-- Logs begin at Sat 2014-07-05 00:53:03 CEST, end at Sat 2014-07-12 00:25:52 CEST. --
Jul 12 00:22:32 manji systemd-journal[1618]: Runtime journal is using 8.0M (max allowed 775.2M, trying to leave 1.1G free of 7.5G available → current limit 775.2M).
Jul 12 00:22:32 manji systemd-journal[1618]: Runtime journal is using 8.0M (max allowed 775.2M, trying to leave 1.1G free of 7.5G available → current limit 775.2M).
Jul 12 00:22:32 manji kernel: Initializing cgroup subsys cpuset
Jul 12 00:22:32 manji kernel: Initializing cgroup subsys cpu
Jul 12 00:22:32 manji kernel: Initializing cgroup subsys cpuacct
Jul 12 00:22:32 manji kernel: Linux version 3.15.4-1-MANJARO (emacs@manji) (gcc version 4.9.0 20140604 (prerelease) (GCC) ) #12 SMP PREEMPT Sat Jul 12 00:18:30 CEST 2014
Jul 12 00:22:32 manji kernel: Command line: BOOT_IMAGE=/vmlinuz-315-x86_64 root=UUID=bfa4ab6e-19a3-4601-ba2b-267c55841c73 rw cryptdevice=/dev/disk/by-uuid/70c08890-417a-497d-b6ab-c0d0357a63e2:cryptManjaro:allow-discards ipv6.disable=1 pnp.debug=1 loglevel=9 log_buf_len=10M printk.always_kmsg_dump=y printk.time=y mminit_loglevel=0 memory_corruption_check=1 fbcon=scrollback:4096k fbcon=font:ProFont6x11 acpi.debug_layer=0xfbff0000 acpi.debug_level=0xFFFFFFFD pnp.debug=1 radeon.dpm=1 radeondrmfb
Jul 12 00:22:32 manji kernel: e820: BIOS-provided physical RAM map:
Jul 12 00:22:32 manji kernel: BIOS-e820: [mem 0x0000000000000000-0x000000000009d7ff] usable
Jul 12 00:22:32 manji kernel: BIOS-e820: [mem 0x000000000009d800-0x000000000009ffff] reserved
Jul 12 00:22:32 manji kernel: BIOS-e820: [mem 0x00000000000e0000-0x00000000000fffff] reserved
Jul 12 00:22:32 manji kernel: BIOS-e820: [mem 0x0000000000100000-0x00000000bed9afff] usable
Jul 12 00:22:32 manji kernel: BIOS-e820: [mem 0x00000000bed9b000-0x00000000bf39afff] reserved
Jul 12 00:22:32 manji kernel: BIOS-e820: [mem 0x00000000bf39b000-0x00000000bf49afff] ACPI NVS
Jul 12 00:22:32 manji kernel: BIOS-e820: [mem 0x00000000bf49b000-0x00000000bf51afff] ACPI data
Jul 12 00:22:32 manji kernel: BIOS-e820: [mem 0x00000000bf51b000-0x00000000bfdfffff] usable
Jul 12 00:22:32 manji kernel: BIOS-e820: [mem 0x00000000bfe00000-0x00000000bfffffff] reserved
Jul 12 00:22:32 manji kernel: BIOS-e820: [mem 0x00000000fec00000-0x00000000fecfffff] reserved
Jul 12 00:22:32 manji kernel: BIOS-e820: [mem 0x00000000fed80000-0x00000000fed80fff] reserved
Jul 12 00:22:32 manji kernel: BIOS-e820: [mem 0x00000000ffe00000-0x00000000ffffffff] reserved
Jul 12 00:22:32 manji kernel: BIOS-e820: [mem 0x0000000100000000-0x000000041effffff] usable
Jul 12 00:22:32 manji kernel: NX (Execute Disable) protection: active
Jul 12 00:22:32 manji kernel: SMBIOS 2.6 present.
Jul 12 00:22:32 manji kernel: DMI: LENOVO Sabine/Torpedo, BIOS 54CN18WW 07/20/2011
Jul 12 00:22:32 manji kernel: e820: update [mem 0x00000000-0x00000fff] usable ==> reserved
Jul 12 00:22:32 manji kernel: e820: remove [mem 0x000a0000-0x000fffff] usable
Jul 12 00:22:32 manji kernel: e820: last_pfn = 0x41f000 max_arch_pfn = 0x400000000
Jul 12 00:22:32 manji kernel: MTRR default type: uncachable
Jul 12 00:22:32 manji kernel: MTRR fixed ranges enabled:
Jul 12 00:22:32 manji kernel:   00000-9FFFF write-back
Jul 12 00:22:32 manji kernel:   A0000-BFFFF uncachable
Jul 12 00:22:32 manji kernel:   C0000-FFFFF write-protect
Jul 12 00:22:32 manji kernel: MTRR variable ranges enabled:
Jul 12 00:22:32 manji kernel:   0 base 0000000000 mask FF80000000 write-back
Jul 12 00:22:32 manji kernel:   1 base 0080000000 mask FFC0000000 write-back
Jul 12 00:22:32 manji kernel:   2 base 00FFF90000 mask FFFFFF0000 uncachable
Jul 12 00:22:32 manji kernel:   3 base 00FED80000 mask 0FFFFFF000 uncachable
Jul 12 00:22:32 manji kernel:   4 disabled
Jul 12 00:22:32 manji kernel:   5 disabled
Jul 12 00:22:32 manji kernel:   6 disabled
Jul 12 00:22:32 manji kernel:   7 base 00FFE00000 mask FFFFE00000 write-protect
Jul 12 00:22:32 manji kernel: TOM2: 000000041f000000 aka 16880M
Jul 12 00:22:32 manji kernel: x86 PAT enabled: cpu 0, old 0x7040600070406, new 0x7010600070106
Jul 12 00:22:32 manji kernel: mtrr: your BIOS has configured an incorrect mask, fixing it.
Jul 12 00:22:32 manji kernel: e820: last_pfn = 0xbfe00 max_arch_pfn = 0x400000000
Jul 12 00:22:32 manji kernel: found SMP MP-table at [mem 0x000fa8b0-0x000fa8bf] mapped at [ffff8800000fa8b0]
Jul 12 00:22:32 manji kernel: Scanning 1 areas for low memory corruption
Jul 12 00:22:32 manji kernel: Base memory trampoline at [ffff880000097000] 97000 size 24576
Jul 12 00:22:32 manji kernel: Using GB pages for direct mapping
Jul 12 00:22:32 manji kernel: init_memory_mapping: [mem 0x00000000-0x000fffff]
Jul 12 00:22:32 manji kernel:  [mem 0x00000000-0x000fffff] page 4k
Jul 12 00:22:32 manji kernel: BRK [0x1e065000, 0x1e065fff] PGTABLE
Jul 12 00:22:32 manji kernel: BRK [0x1e066000, 0x1e066fff] PGTABLE
Jul 12 00:22:32 manji kernel: BRK [0x1e067000, 0x1e067fff] PGTABLE
Jul 12 00:22:32 manji kernel: init_memory_mapping: [mem 0x41ee00000-0x41effffff]
Jul 12 00:22:32 manji kernel:  [mem 0x41ee00000-0x41effffff] page 2M
Jul 12 00:22:32 manji kernel: BRK [0x1e068000, 0x1e068fff] PGTABLE
Jul 12 00:22:32 manji kernel: init_memory_mapping: [mem 0x41c000000-0x41edfffff]
Jul 12 00:22:32 manji kernel:  [mem 0x41c000000-0x41edfffff] page 2M
Jul 12 00:22:32 manji kernel: init_memory_mapping: [mem 0x400000000-0x41bffffff]
Jul 12 00:22:32 manji kernel:  [mem 0x400000000-0x41bffffff] page 2M
Jul 12 00:22:32 manji kernel: init_memory_mapping: [mem 0x00100000-0xbed9afff]
Jul 12 00:22:32 manji kernel:  [mem 0x00100000-0x001fffff] page 4k
Jul 12 00:22:32 manji kernel:  [mem 0x00200000-0x3fffffff] page 2M
Jul 12 00:22:32 manji kernel:  [mem 0x40000000-0x7fffffff] page 1G
Jul 12 00:22:32 manji kernel:  [mem 0x80000000-0xbebfffff] page 2M
Jul 12 00:22:32 manji kernel:  [mem 0xbec00000-0xbed9afff] page 4k
Jul 12 00:22:32 manji kernel: init_memory_mapping: [mem 0xbf51b000-0xbfdfffff]
Jul 12 00:22:32 manji kernel:  [mem 0xbf51b000-0xbf5fffff] page 4k
Jul 12 00:22:32 manji kernel:  [mem 0xbf600000-0xbfdfffff] page 2M
Jul 12 00:22:32 manji kernel: BRK [0x1e069000, 0x1e069fff] PGTABLE
Jul 12 00:22:32 manji kernel: init_memory_mapping: [mem 0x100000000-0x3ffffffff]
Jul 12 00:22:32 manji kernel:  [mem 0x100000000-0x3ffffffff] page 1G
Jul 12 00:22:32 manji kernel: log_buf_len: 16777216
Jul 12 00:22:32 manji kernel: early log buf free: 2092296(99%)
Jul 12 00:22:32 manji kernel: RAMDISK: [mem 0x37880000-0x37c37fff]
Jul 12 00:22:32 manji kernel: ACPI: RSDP 0x00000000000F0110 000024 (v02 LENOVO)
Jul 12 00:22:32 manji kernel: ACPI: XSDT 0x00000000BF51A120 000074 (v01 LENOVO CB-01    00000001 LENO 00000001)
Jul 12 00:22:32 manji kernel: ACPI: FACP 0x00000000BF508000 0000F4 (v04 LENOVO CB-01    00000001 PTL  00000001)
Jul 12 00:22:32 manji kernel: ACPI: DSDT 0x00000000BF50A000 00FD10 (v01 LENOVO CB-01    00001000 LENO 00000001)
Jul 12 00:22:32 manji kernel: ACPI: FACS 0x00000000BF478000 000040
Jul 12 00:22:32 manji kernel: ACPI: HPET 0x00000000BF507000 000038 (v01 LENOVO CB-01    00000001 PTL  00000001)
Jul 12 00:22:32 manji kernel: ACPI: APIC 0x00000000BF506000 00007A (v02 LENOVO CB-01    00000001 PTL  00000001)
Jul 12 00:22:32 manji kernel: ACPI: MCFG 0x00000000BF505000 00003C (v01 LENOVO CB-01    00000001 PTL  00000001)
Jul 12 00:22:32 manji kernel: ACPI: SLIC 0x00000000BF504000 000176 (v01 LENOVO CB-01    00000001 LENO 00000001)
Jul 12 00:22:32 manji kernel: ACPI: UEFI 0x00000000BF503000 00003E (v01 LENOVO CB-01    00000001 PTL  00000001)
Jul 12 00:22:32 manji kernel: ACPI: UEFI 0x00000000BF502000 000042 (v01 PTL    COMBUF   00000001 PTL  00000001)
Jul 12 00:22:32 manji kernel: ACPI: SSDT 0x00000000BF501000 000E34 (v01 AMD    POWERNOW 00000001 AMD  00000001)
Jul 12 00:22:32 manji kernel: ACPI: SSDT 0x00000000BF4FF000 00193D (v02 AMD    ALIB     00000001 MSFT 04000000)
Jul 12 00:22:32 manji kernel: ACPI: UEFI 0x00000000BF4FE000 00021A (v01 LENOVO CB-01    00000001 PTL  00000001)
Jul 12 00:22:32 manji kernel: ACPI: Local APIC address 0xfee00000
Jul 12 00:22:32 manji kernel: No NUMA configuration found
Jul 12 00:22:32 manji kernel: Faking a node at [mem 0x0000000000000000-0x000000041effffff]
Jul 12 00:22:32 manji kernel: Initmem setup node 0 [mem 0x00000000-0x41effffff]
Jul 12 00:22:32 manji kernel:   NODE_DATA [mem 0x41dffa000-0x41dffdfff]
Jul 12 00:22:32 manji kernel:  [ffffea0000000000-ffffea00107fffff] PMD -> [ffff88040de00000-ffff88041d5fffff] on node 0
Jul 12 00:22:32 manji kernel: Zone ranges:
Jul 12 00:22:32 manji kernel:   DMA      [mem 0x00001000-0x00ffffff]
Jul 12 00:22:32 manji kernel:   DMA32    [mem 0x01000000-0xffffffff]
Jul 12 00:22:32 manji kernel:   Normal   [mem 0x100000000-0x41effffff]
Jul 12 00:22:32 manji kernel: Movable zone start for each node
Jul 12 00:22:32 manji kernel: Early memory node ranges
Jul 12 00:22:32 manji kernel:   node   0: [mem 0x00001000-0x0009cfff]
Jul 12 00:22:32 manji kernel:   node   0: [mem 0x00100000-0xbed9afff]
Jul 12 00:22:32 manji kernel:   node   0: [mem 0xbf51b000-0xbfdfffff]
Jul 12 00:22:32 manji kernel:   node   0: [mem 0x100000000-0x41effffff]
Jul 12 00:22:32 manji kernel: On node 0 totalpages: 4056604
Jul 12 00:22:32 manji kernel:   DMA zone: 64 pages used for memmap
Jul 12 00:22:32 manji kernel:   DMA zone: 21 pages reserved
Jul 12 00:22:32 manji kernel:   DMA zone: 3996 pages, LIFO batch:0
Jul 12 00:22:32 manji kernel:   DMA32 zone: 12186 pages used for memmap
Jul 12 00:22:32 manji kernel:   DMA32 zone: 779904 pages, LIFO batch:31
Jul 12 00:22:32 manji kernel:   Normal zone: 51136 pages used for memmap
Jul 12 00:22:32 manji kernel:   Normal zone: 3272704 pages, LIFO batch:31
Jul 12 00:22:32 manji kernel: ACPI: PM-Timer IO Port: 0x808
Jul 12 00:22:32 manji kernel: ACPI: Local APIC address 0xfee00000
Jul 12 00:22:32 manji kernel: ACPI: LAPIC (acpi_id[0x00] lapic_id[0x00] enabled)
Jul 12 00:22:32 manji kernel: ACPI: LAPIC (acpi_id[0x01] lapic_id[0x01] enabled)
Jul 12 00:22:32 manji kernel: ACPI: LAPIC (acpi_id[0x02] lapic_id[0x02] enabled)
Jul 12 00:22:32 manji kernel: ACPI: LAPIC (acpi_id[0x03] lapic_id[0x03] enabled)
Jul 12 00:22:32 manji kernel: ACPI: LAPIC_NMI (acpi_id[0x00] high edge lint[0x1])
Jul 12 00:22:32 manji kernel: ACPI: LAPIC_NMI (acpi_id[0x01] high edge lint[0x1])
Jul 12 00:22:32 manji kernel: ACPI: LAPIC_NMI (acpi_id[0x02] high edge lint[0x1])
Jul 12 00:22:32 manji kernel: ACPI: LAPIC_NMI (acpi_id[0x03] high edge lint[0x1])
Jul 12 00:22:32 manji kernel: ACPI: IOAPIC (id[0x02] address[0xfec00000] gsi_base[0])
Jul 12 00:22:32 manji kernel: IOAPIC[0]: apic_id 2, version 33, address 0xfec00000, GSI 0-23
Jul 12 00:22:32 manji kernel: ACPI: INT_SRC_OVR (bus 0 bus_irq 0 global_irq 2 dfl dfl)
Jul 12 00:22:32 manji kernel: ACPI: IRQ0 used by override.
Jul 12 00:22:32 manji kernel: ACPI: IRQ2 used by override.
Jul 12 00:22:32 manji kernel: ACPI: IRQ9 used by override.
Jul 12 00:22:32 manji kernel: Using ACPI (MADT) for SMP configuration information
Jul 12 00:22:32 manji kernel: ACPI: HPET id: 0x43538210 base: 0xfed00000
Jul 12 00:22:32 manji kernel: smpboot: Allowing 4 CPUs, 0 hotplug CPUs
Jul 12 00:22:32 manji kernel: nr_irqs_gsi: 40
Jul 12 00:22:32 manji kernel: e820: [mem 0xc0000000-0xfebfffff] available for PCI devices
Jul 12 00:22:32 manji kernel: setup_percpu: NR_CPUS:64 nr_cpumask_bits:64 nr_cpu_ids:4 nr_node_ids:1
Jul 12 00:22:32 manji kernel: PERCPU: Embedded 27 pages/cpu @ffff88041dc00000 s80896 r8192 d21504 u524288
Jul 12 00:22:32 manji kernel: pcpu-alloc: s80896 r8192 d21504 u524288 alloc=1*2097152
Jul 12 00:22:32 manji kernel: pcpu-alloc: [0] 0 1 2 3 
Jul 12 00:22:32 manji kernel: Built 1 zonelists in Zone order, mobility grouping on.  Total pages: 3993197
Jul 12 00:22:32 manji kernel: Policy zone: Normal
Jul 12 00:22:32 manji kernel: Kernel command line: BOOT_IMAGE=/vmlinuz-315-x86_64 root=UUID=bfa4ab6e-19a3-4601-ba2b-267c55841c73 rw cryptdevice=/dev/disk/by-uuid/70c08890-417a-497d-b6ab-c0d0357a63e2:cryptManjaro:allow-discards ipv6.disable=1 pnp.debug=1 loglevel=9 log_buf_len=10M printk.always_kmsg_dump=y printk.time=y mminit_loglevel=0 memory_corruption_check=1 fbcon=scrollback:4096k fbcon=font:ProFont6x11 acpi.debug_layer=0xfbff0000 acpi.debug_level=0xFFFFFFFD pnp.debug=1 radeon.dpm=1 radeondrmfb
Jul 12 00:22:32 manji kernel: PID hash table entries: 4096 (order: 3, 32768 bytes)
Jul 12 00:22:32 manji kernel: Memory: 15868708K/16226416K available (6806K kernel code, 824K rwdata, 2404K rodata, 904K init, 2740K bss, 357708K reserved)
Jul 12 00:22:32 manji kernel: SLUB: HWalign=64, Order=0-3, MinObjects=0, CPUs=4, Nodes=1
Jul 12 00:22:32 manji kernel: Preemptible hierarchical RCU implementation.
Jul 12 00:22:32 manji kernel:         RCU dyntick-idle grace-period acceleration is enabled.
Jul 12 00:22:32 manji kernel:         Additional per-CPU info printed with stalls.
Jul 12 00:22:32 manji kernel:         RCU restricting CPUs from NR_CPUS=64 to nr_cpu_ids=4.
Jul 12 00:22:32 manji kernel: RCU: Adjusting geometry for rcu_fanout_leaf=16, nr_cpu_ids=4
Jul 12 00:22:32 manji kernel: NR_IRQS:4352 nr_irqs:712 16
Jul 12 00:22:32 manji kernel: spurious 8259A interrupt: IRQ7.
Jul 12 00:22:32 manji kernel: Console: colour dummy device 80x25
Jul 12 00:22:32 manji kernel: console [tty0] enabled
Jul 12 00:22:32 manji kernel: allocated 65011712 bytes of page_cgroup
Jul 12 00:22:32 manji kernel: please try 'cgroup_disable=memory' option if you don't want memory cgroups
Jul 12 00:22:32 manji kernel: hpet clockevent registered
Jul 12 00:22:32 manji kernel: tsc: Fast TSC calibration using PIT
Jul 12 00:22:32 manji kernel: tsc: Detected 1397.494 MHz processor
Jul 12 00:22:32 manji kernel: Calibrating delay loop (skipped), value calculated using timer frequency.. 2794.98 BogoMIPS (lpj=1397494)
Jul 12 00:22:32 manji kernel: pid_max: default: 32768 minimum: 301
Jul 12 00:22:32 manji kernel: ACPI: Core revision 20140214
Jul 12 00:22:32 manji kernel: ACPI: All ACPI Tables successfully acquired
Jul 12 00:22:32 manji kernel: Security Framework initialized
Jul 12 00:22:32 manji kernel: Yama: becoming mindful.
Jul 12 00:22:32 manji kernel: Dentry cache hash table entries: 2097152 (order: 12, 16777216 bytes)
Jul 12 00:22:32 manji kernel: Inode-cache hash table entries: 1048576 (order: 11, 8388608 bytes)
Jul 12 00:22:32 manji kernel: Mount-cache hash table entries: 32768 (order: 6, 262144 bytes)
Jul 12 00:22:32 manji kernel: Mountpoint-cache hash table entries: 32768 (order: 6, 262144 bytes)
Jul 12 00:22:32 manji kernel: Initializing cgroup subsys memory
Jul 12 00:22:32 manji kernel: Initializing cgroup subsys devices
Jul 12 00:22:32 manji kernel: Initializing cgroup subsys freezer
Jul 12 00:22:32 manji kernel: Initializing cgroup subsys net_cls
Jul 12 00:22:32 manji kernel: Initializing cgroup subsys blkio
Jul 12 00:22:32 manji kernel: tseg: 00bfe00000
Jul 12 00:22:32 manji kernel: CPU: Physical Processor ID: 0
Jul 12 00:22:32 manji kernel: CPU: Processor Core ID: 0
Jul 12 00:22:32 manji kernel: mce: CPU supports 6 MCE banks
Jul 12 00:22:32 manji kernel: Last level iTLB entries: 4KB 512, 2MB 16, 4MB 8
                              Last level dTLB entries: 4KB 1024, 2MB 128, 4MB 64, 1GB 0
                              tlb_flushall_shift: 6
Jul 12 00:22:32 manji kernel: Freeing SMP alternatives memory: 20K (ffffffff9ddb2000 - ffffffff9ddb7000)
Jul 12 00:22:32 manji kernel: ..TIMER: vector=0x30 apic1=0 pin1=2 apic2=-1 pin2=-1
Jul 12 00:22:32 manji kernel: smpboot: CPU0: AMD A6-3400M APU with Radeon(tm) HD Graphics (fam: 12, model: 01, stepping: 00)
Jul 12 00:22:32 manji kernel: Performance Events: AMD PMU driver.
Jul 12 00:22:32 manji kernel: ... version:                0
Jul 12 00:22:32 manji kernel: ... bit width:              48
Jul 12 00:22:32 manji kernel: ... generic registers:      4
Jul 12 00:22:32 manji kernel: ... value mask:             0000ffffffffffff
Jul 12 00:22:32 manji kernel: ... max period:             00007fffffffffff
Jul 12 00:22:32 manji kernel: ... fixed-purpose events:   0
Jul 12 00:22:32 manji kernel: ... event mask:             000000000000000f
Jul 12 00:22:32 manji kernel: MCE: In-kernel MCE decoding enabled.
Jul 12 00:22:32 manji kernel: NMI watchdog: enabled on all CPUs, permanently consumes one hw-PMU counter.
Jul 12 00:22:32 manji kernel: x86: Booting SMP configuration:
Jul 12 00:22:32 manji kernel: .... node  #0, CPUs:      #1
Jul 12 00:22:32 manji kernel: TSC synchronization [CPU#0 -> CPU#1]:
Jul 12 00:22:32 manji kernel: Measured 134544419 cycles TSC warp between CPUs, turning off TSC clock.
Jul 12 00:22:32 manji kernel: tsc: Marking TSC unstable due to check_tsc_sync_source failed
Jul 12 00:22:32 manji kernel:  #2 #3
Jul 12 00:22:32 manji kernel: x86: Booted up 1 node, 4 CPUs
Jul 12 00:22:32 manji kernel: ----------------
Jul 12 00:22:32 manji kernel: | NMI testsuite:
Jul 12 00:22:32 manji kernel: --------------------
Jul 12 00:22:32 manji kernel:   remote IPI:  ok  |
Jul 12 00:22:32 manji kernel:    local IPI:  ok  |
Jul 12 00:22:32 manji kernel: --------------------
Jul 12 00:22:32 manji kernel: Good, all   2 testcases passed! |
Jul 12 00:22:32 manji kernel: ---------------------------------
Jul 12 00:22:32 manji kernel: smpboot: Total of 4 processors activated (11179.95 BogoMIPS)
Jul 12 00:22:32 manji kernel: devtmpfs: initialized
Jul 12 00:22:32 manji kernel: device: 'platform': device_add
Jul 12 00:22:32 manji kernel: bus: 'platform': registered
Jul 12 00:22:32 manji kernel: bus: 'cpu': registered
Jul 12 00:22:32 manji kernel: device: 'cpu': device_add
Jul 12 00:22:32 manji kernel: bus: 'container': registered
Jul 12 00:22:32 manji kernel: device: 'container': device_add
Jul 12 00:22:32 manji kernel: evm: security.SMACK64
Jul 12 00:22:32 manji kernel: evm: security.ima
Jul 12 00:22:32 manji kernel: evm: security.capability
Jul 12 00:22:32 manji kernel: bus: 'workqueue': registered
Jul 12 00:22:32 manji kernel: device: 'workqueue': device_add
Jul 12 00:22:32 manji kernel: kworker/u8:0 (37) used greatest stack depth: 14840 bytes left
Jul 12 00:22:32 manji kernel: prandom: seed boundary self test passed
Jul 12 00:22:32 manji kernel: prandom: 100 self tests passed
Jul 12 00:22:32 manji kernel: atomic64 test passed for x86-64 platform with CX8 and with SSE
Jul 12 00:22:32 manji kernel: device class 'regulator': registering
Jul 12 00:22:32 manji kernel: Registering platform device 'reg-dummy'. Parent at platform
Jul 12 00:22:32 manji kernel: device: 'reg-dummy': device_add
Jul 12 00:22:32 manji kernel: bus: 'platform': add device reg-dummy
Jul 12 00:22:32 manji kernel: bus: 'platform': add driver reg-dummy
Jul 12 00:22:32 manji kernel: bus: 'platform': driver_probe_device: matched device reg-dummy with driver reg-dummy
Jul 12 00:22:32 manji kernel: bus: 'platform': really_probe: probing driver reg-dummy with device reg-dummy
Jul 12 00:22:32 manji kernel: device: 'regulator.0': device_add
Jul 12 00:22:32 manji kernel: regulator-dummy: no parameters
Jul 12 00:22:32 manji kernel: driver: 'reg-dummy': driver_bound: bound to device 'reg-dummy'
Jul 12 00:22:32 manji kernel: bus: 'platform': really_probe: bound device reg-dummy to driver reg-dummy
Jul 12 00:22:32 manji kernel: NET: Registered protocol family 16
Jul 12 00:22:32 manji kernel: device class 'bdi': registering
Jul 12 00:22:32 manji kernel: bus: 'platform': add driver ramoops
Jul 12 00:22:32 manji kernel: device class 'pci_bus': registering
Jul 12 00:22:32 manji kernel: bus: 'pci': registered
Jul 12 00:22:32 manji kernel: device class 'backlight': registering
Jul 12 00:22:32 manji kernel: device class 'tty': registering
Jul 12 00:22:32 manji kernel: device class 'vtconsole': registering
Jul 12 00:22:32 manji kernel: device: 'vtcon0': device_add
Jul 12 00:22:32 manji kernel: bus: 'node': registered
Jul 12 00:22:32 manji kernel: device: 'node': device_add
Jul 12 00:22:32 manji kernel: kworker/u8:0 (47) used greatest stack depth: 14760 bytes left
Jul 12 00:22:32 manji kernel: bus: 'i2c': registered
Jul 12 00:22:32 manji kernel: bus: 'i2c': add driver dummy
Jul 12 00:22:32 manji kernel: i2c-core: driver [dummy] registered
Jul 12 00:22:32 manji kernel: cpuidle: using governor ladder
Jul 12 00:22:32 manji kernel: cpuidle: using governor menu
Jul 12 00:22:32 manji kernel: kworker/u8:0 (48) used greatest stack depth: 14056 bytes left
Jul 12 00:22:32 manji kernel: ACPI FADT declares the system doesn't support PCIe ASPM, so disable it
Jul 12 00:22:32 manji kernel: ACPI: bus type PCI registered
Jul 12 00:22:32 manji kernel: acpiphp: ACPI Hot Plug PCI Controller Driver version: 0.5
Jul 12 00:22:32 manji kernel: device class 'dmi': registering
Jul 12 00:22:32 manji kernel: device: 'id': device_add
Jul 12 00:22:32 manji kernel: PCI: MMCONFIG for domain 0000 [bus 00-3f] at [mem 0xf8000000-0xfbffffff] (base 0xf8000000)
Jul 12 00:22:32 manji kernel: PCI: not using MMCONFIG
Jul 12 00:22:32 manji kernel: PCI: Using configuration type 1 for base access
Jul 12 00:22:32 manji kernel: PCI: Using configuration type 1 for extended access
Jul 12 00:22:32 manji kernel: device: 'node0': device_add
Jul 12 00:22:32 manji kernel: bus: 'node': add device node0
Jul 12 00:22:32 manji kernel: device: 'cpu0': device_add
Jul 12 00:22:32 manji kernel: bus: 'cpu': add device cpu0
Jul 12 00:22:32 manji kernel: device: 'cpu1': device_add
Jul 12 00:22:32 manji kernel: bus: 'cpu': add device cpu1
Jul 12 00:22:32 manji kernel: device: 'cpu2': device_add
Jul 12 00:22:32 manji kernel: bus: 'cpu': add device cpu2
Jul 12 00:22:32 manji kernel: device: 'cpu3': device_add
Jul 12 00:22:32 manji kernel: bus: 'cpu': add device cpu3
Jul 12 00:22:32 manji kernel: mtrr: your CPUs had inconsistent variable MTRR settings
Jul 12 00:22:32 manji kernel: mtrr: probably your BIOS does not setup all CPUs.
Jul 12 00:22:32 manji kernel: mtrr: corrected configuration.
Jul 12 00:22:32 manji kernel: device: 'writeback': device_add
Jul 12 00:22:32 manji kernel: bus: 'workqueue': add device writeback
Jul 12 00:22:32 manji kernel: device: 'default': device_add
Jul 12 00:22:32 manji kernel: device class 'block': registering
Jul 12 00:22:32 manji kernel: device class 'graphics': registering
Jul 12 00:22:32 manji kernel: ACPI: Added _OSI(Module Device)
Jul 12 00:22:32 manji kernel: ACPI: Added _OSI(Processor Device)
Jul 12 00:22:32 manji kernel: ACPI: Added _OSI(3.0 _SCP Extensions)
Jul 12 00:22:32 manji kernel: ACPI: Added _OSI(Processor Aggregator Device)
Jul 12 00:22:32 manji kernel: 
                              **** Context Switch from TID 4294967295 to TID 137592832 ****
Jul 12 00:22:32 manji kernel:     utils-0051 util_eval_error       : Evaluate [\_SB_.PCI0.LPC0.EC0_._GLK]: AE_NOT_FOUND
Jul 12 00:22:32 manji kernel: Executing  Method       \_SB_.PCI0.LPC0.EC0_._REG
Jul 12 00:22:32 manji kernel: Executing  Method       \_SB_.PCI0.LPC0.EC0_._REG
Jul 12 00:22:32 manji kernel: Executing  Method       \_SB_.PCI0.LPC0.EC0_._REG
Jul 12 00:22:32 manji kernel: Executing  Method       \_SB_.PCI0.LPC0.EC0_._REG
Jul 12 00:22:32 manji kernel: Initializing Region       \_SB_.OSTY
Jul 12 00:22:32 manji kernel: Initializing Region       \_SB_.PCI0.NBMS
Jul 12 00:22:32 manji kernel: Initializing Region       \_SB_.PCI0.NBXP
Jul 12 00:22:32 manji kernel: Initializing Region       \_SB_.PCI0.K8ST
Jul 12 00:22:32 manji kernel: Initializing Region       \_SB_.PCI0.BAR1
Jul 12 00:22:32 manji kernel: Initializing Region       \_SB_.PCI0.PB2_.XPEX
Jul 12 00:22:32 manji kernel: Initializing Region       \_SB_.PCI0.PB2_.PCFG
Jul 12 00:22:32 manji kernel: Initializing Region       \_SB_.PCI0.PB2_.XPCB
Jul 12 00:22:32 manji kernel: Initializing Region       \_SB_.PCI0.PB2_.XPRI
Jul 12 00:22:32 manji kernel: Initializing Region       \_SB_.PCI0.PB2_.VGA_.PCFG
Jul 12 00:22:32 manji kernel: Initializing Region       \_SB_.PCI0.PB2_.HDAU.PCFG
Jul 12 00:22:32 manji kernel: Initializing Region       \_SB_.PCI0.PB3_.XPEX
Jul 12 00:22:32 manji kernel: Initializing Region       \_SB_.PCI0.PB3_.PCFG
Jul 12 00:22:32 manji kernel: Initializing Region       \_SB_.PCI0.PB3_.XPCB
Jul 12 00:22:32 manji kernel: Initializing Region       \_SB_.PCI0.PB3_.XPRI
Jul 12 00:22:32 manji kernel: Initializing Region       \_SB_.PCI0.PB3_.VGA_.PCFG
Jul 12 00:22:32 manji kernel: Initializing Region       \_SB_.PCI0.PB3_.HDAU.PCFG
Jul 12 00:22:32 manji kernel: Initializing Region       \_SB_.PCI0.PB4_.XPEX
Jul 12 00:22:32 manji kernel: Initializing Region       \_SB_.PCI0.PB4_.PCFG
Jul 12 00:22:32 manji kernel: Initializing Region       \_SB_.PCI0.PB4_.XPCB
Jul 12 00:22:32 manji kernel: Initializing Region       \_SB_.PCI0.PB4_.XPRI
Jul 12 00:22:32 manji kernel: Initializing Region       \_SB_.PCI0.PB4_.XPDV.PCFG
Jul 12 00:22:32 manji kernel: Initializing Region       \_SB_.PCI0.PB5_.XPEX
Jul 12 00:22:32 manji kernel: Initializing Region       \_SB_.PCI0.PB5_.PCFG
Jul 12 00:22:32 manji kernel: Initializing Region       \_SB_.PCI0.PB5_.XPCB
Jul 12 00:22:32 manji kernel: Initializing Region       \_SB_.PCI0.PB5_.XPRI
Jul 12 00:22:32 manji kernel: Initializing Region       \_SB_.PCI0.PB5_.XPDV.PCFG
Jul 12 00:22:32 manji kernel: Initializing Region       \_SB_.PCI0.PB6_.XPEX
Jul 12 00:22:32 manji kernel: Initializing Region       \_SB_.PCI0.PB6_.PCFG
Jul 12 00:22:32 manji kernel: Initializing Region       \_SB_.PCI0.PB6_.XPCB
Jul 12 00:22:32 manji kernel: Initializing Region       \_SB_.PCI0.PB6_.XPRI
Jul 12 00:22:32 manji kernel: Initializing Region       \_SB_.PCI0.PB6_.XPDV.PCFG
Jul 12 00:22:32 manji kernel: Initializing Region       \_SB_.PCI0.PB7_.XPEX
Jul 12 00:22:32 manji kernel: Initializing Region       \_SB_.PCI0.PB7_.PCFG
Jul 12 00:22:32 manji kernel: Initializing Region       \_SB_.PCI0.PB7_.XPCB
Jul 12 00:22:32 manji kernel: Initializing Region       \_SB_.PCI0.PB7_.XPRI
Jul 12 00:22:32 manji kernel: Initializing Region       \_SB_.PCI0.PB7_.XPDV.PCFG
Jul 12 00:22:32 manji kernel: Initializing Region       \_SB_.PCI0.SATC
Jul 12 00:22:32 manji kernel: Initializing Region       \_SB_.PCI0.RMEM
Jul 12 00:22:32 manji kernel: Initializing Region       \_SB_.PCI0.SATA.SATX
Jul 12 00:22:32 manji kernel: Initializing Region       \_SB_.PCI0.SATA.BAR5
Jul 12 00:22:32 manji kernel: Initializing Region       \_SB_.PCI0.SMB_.SBRV
Jul 12 00:22:32 manji kernel: Initializing Region       \_SB_.PCI0.SMB_.PMIO
Jul 12 00:22:32 manji kernel: Initializing Region       \_SB_.PCI0.SMB_.ERMM
Jul 12 00:22:32 manji kernel: Initializing Region       \_SB_.PCI0.SMB_.P1E0
Jul 12 00:22:32 manji kernel: Initializing Region       \_SB_.PCI0.SMB_.ABIO
Jul 12 00:22:32 manji kernel: Initializing Region       \_SB_.PCI0.SMB_.SMB0
Jul 12 00:22:32 manji kernel: Initializing Region       \_SB_.PCI0.LPC0.PIRQ
Jul 12 00:22:32 manji kernel: Initializing Region       \_SB_.PCI0.LPC0.LPCR
Jul 12 00:22:32 manji kernel: Initializing Region       \_SB_.PCI0.LPC0.LPCS
Jul 12 00:22:32 manji kernel: Initializing Region       \_SB_.PCI0.LPC0.SMI0
Jul 12 00:22:32 manji kernel: Initializing Region       \_SB_.PCI0.LPC0.SMI1
Jul 12 00:22:32 manji kernel: Initializing Region       \_SB_.PCI0.LPC0.EC0_.ECO1
Jul 12 00:22:32 manji kernel: Initializing Region       \_SB_.PCI0.LPC0.EC0_.ECO2
Jul 12 00:22:32 manji kernel: Initializing Region       \_SB_.PCI0.LPC0.EC0_.ECMB
Jul 12 00:22:32 manji kernel: Initializing Region       \_SB_.PCI0.LPC0.EC0_.RAM_
Jul 12 00:22:32 manji kernel: Initializing Region       \_SB_.PCI0.LPC0.EC0_.CMOS
Jul 12 00:22:32 manji kernel: Initializing Region       \_SB_.PCI0.LPC0.EC0_.VPC0.ERAM
Jul 12 00:22:32 manji kernel: Initializing Region       \_SB_.PCI0.SPB0.PCFG
Jul 12 00:22:32 manji kernel: Initializing Region       \_SB_.PCI0.SPB0.XPCB
Jul 12 00:22:32 manji kernel: Initializing Region       \_SB_.PCI0.SPB0.XPDV.PCFG
Jul 12 00:22:32 manji kernel: Initializing Region       \_SB_.PCI0.SPB1.PCFG
Jul 12 00:22:32 manji kernel: Initializing Region       \_SB_.PCI0.SPB1.XPCB
Jul 12 00:22:32 manji kernel: Initializing Region       \_SB_.PCI0.SPB1.XPDV.PCFG
Jul 12 00:22:32 manji kernel: Initializing Region       \_SB_.PCI0.SPB2.PCFG
Jul 12 00:22:32 manji kernel: Initializing Region       \_SB_.PCI0.SPB2.XPCB
Jul 12 00:22:32 manji kernel: Initializing Region       \_SB_.PCI0.SPB2.XPDV.PCFG
Jul 12 00:22:32 manji kernel: Initializing Region       \_SB_.PCI0.SPB3.PCFG
Jul 12 00:22:32 manji kernel: Initializing Region       \_SB_.PCI0.SPB3.XPCB
Jul 12 00:22:32 manji kernel: Initializing Region       \_SB_.PCI0.SPB3.XPDV.PCFG
Jul 12 00:22:32 manji kernel: Initializing Region       \_SB_.PCI0.VGA_.REVD
Jul 12 00:22:32 manji kernel: Initializing BufferField  \_SB_.AMW0.WLID
Jul 12 00:22:32 manji kernel: Initializing Region       \DEB2
Jul 12 00:22:32 manji kernel: Initializing Region       \PMIO
Jul 12 00:22:32 manji kernel: Initializing Region       \P01_
Jul 12 00:22:32 manji kernel: Initializing Region       \CNVS
Jul 12 00:22:32 manji kernel: Initializing Region       \SPRT
Jul 12 00:22:32 manji kernel: Initializing Region       \CMIO
Jul 12 00:22:32 manji kernel: Executing  Method       \_SB_._STA
Jul 12 00:22:32 manji kernel: Executing  Method       \_SB_._INI
Jul 12 00:22:32 manji kernel: Executing  Method       \_SB_.PCI0._STA
Jul 12 00:22:32 manji kernel: Executing  Method       \_SB_.PCI0._INI
Jul 12 00:22:32 manji kernel: [Firmware Bug]: ACPI: BIOS _OSI(Linux) query ignored
Jul 12 00:22:32 manji kernel: Executing  Method       \_SB_.PCI0.SATA._STA
Jul 12 00:22:32 manji kernel: Executing  Method       \_SB_.PCI0.SATA._INI
Jul 12 00:22:32 manji kernel: Executing  Method       \_SB_.PCI0.LPC0.EC0_._REG
Jul 12 00:22:32 manji kernel: ACPI: Interpreter enabled
Jul 12 00:22:32 manji kernel: ACPI: (supports S0 S5)
Jul 12 00:22:32 manji kernel: ACPI: Using IOAPIC for interrupt routing
Jul 12 00:22:32 manji kernel: PCI: MMCONFIG for domain 0000 [bus 00-3f] at [mem 0xf8000000-0xfbffffff] (base 0xf8000000)
Jul 12 00:22:32 manji kernel: PCI: MMCONFIG at [mem 0xf8000000-0xfbffffff] reserved in ACPI motherboard resources
Jul 12 00:22:32 manji kernel: bus: 'acpi': registered
Jul 12 00:22:32 manji kernel: PCI: Using host bridge windows from ACPI; if necessary, use "pci=nocrs" and report a bug
Jul 12 00:22:32 manji kernel:      scan-1133 get_device_data       : No context for object [ffffffffffffffff]
Jul 12 00:22:32 manji kernel:     utils-0051 util_eval_error       : Evaluate [\._STA]: AE_NOT_FOUND
Jul 12 00:22:32 manji kernel: device: 'LNXSYSTM:00': device_add
Jul 12 00:22:32 manji kernel: bus: 'acpi': add device LNXSYSTM:00
Jul 12 00:22:32 manji kernel:     utils-0051 util_eval_error       : Evaluate [\._SUN]: AE_NOT_FOUND
Jul 12 00:22:32 manji kernel:      scan-1916 add_single_object     : Added LNXSYSTM:00 [\] parent (null)
Jul 12 00:22:32 manji kernel:      scan-1133 get_device_data       : No context for object [ffff88040d81d000]
Jul 12 00:22:32 manji kernel:      scan-1133 get_device_data       : No context for object [ffff88040d8377d0]
Jul 12 00:22:32 manji kernel:      scan-1133 get_device_data       : No context for object [ffff88040d8377f8]
Jul 12 00:22:32 manji kernel:      scan-1133 get_device_data       : No context for object [ffff88040d837820]
Jul 12 00:22:32 manji kernel:      scan-1133 get_device_data       : No context for object [ffff88040d837848]
Jul 12 00:22:32 manji kernel:      scan-1133 get_device_data       : No context for object [ffff88040d837870]
Jul 12 00:22:32 manji kernel:      scan-1133 get_device_data       : No context for object [ffff88040d837898]
Jul 12 00:22:32 manji kernel:      scan-1133 get_device_data       : No context for object [ffff88040d8378c0]
Jul 12 00:22:32 manji kernel:      scan-1133 get_device_data       : No context for object [ffff88040d8378e8]
Jul 12 00:22:32 manji kernel:      scan-1133 get_device_data       : No context for object [ffff88040d839398]
Jul 12 00:22:32 manji kernel:      scan-1133 get_device_data       : No context for object [ffff88040d81d028]
Jul 12 00:22:32 manji kernel:      scan-1133 get_device_data       : No context for object [ffff88040d81d168]
Jul 12 00:22:32 manji kernel:     utils-0051 util_eval_error       : Evaluate [\_PR_.C000._STA]: AE_NOT_FOUND
Jul 12 00:22:32 manji kernel:      scan-1133 get_device_data       : No context for object [ffff88040d81d028]
Jul 12 00:22:32 manji kernel: device: 'LNXCPU:00': device_add
Jul 12 00:22:32 manji kernel: bus: 'acpi': add device LNXCPU:00
Jul 12 00:22:32 manji kernel:     utils-0051 util_eval_error       : Evaluate [\_PR_.C000._SUN]: AE_NOT_FOUND
Jul 12 00:22:32 manji kernel:      scan-1916 add_single_object     : Added LNXCPU:00 [\_PR_.C000] parent LNXSYSTM:00
Jul 12 00:22:32 manji kernel:      scan-1133 get_device_data       : No context for object [ffff88040d83c398]
Jul 12 00:22:32 manji kernel:      scan-1133 get_device_data       : No context for object [ffff88040d83c3c0]
Jul 12 00:22:32 manji kernel:      scan-1133 get_device_data       : No context for object [ffff88040d83c3e8]
Jul 12 00:22:32 manji kernel:      scan-1133 get_device_data       : No context for object [ffff88040d83c410]
Jul 12 00:22:32 manji kernel:      scan-1133 get_device_data       : No context for object [ffff88040d83c438]
Jul 12 00:22:32 manji kernel:      scan-1133 get_device_data       : No context for object [ffff88040d83c460]
Jul 12 00:22:32 manji kernel:      scan-1133 get_device_data       : No context for object [ffff88040d81d190]
Jul 12 00:22:32 manji kernel:     utils-0051 util_eval_error       : Evaluate [\_PR_.C001._STA]: AE_NOT_FOUND
Jul 12 00:22:32 manji kernel:      scan-1133 get_device_data       : No context for object [ffff88040d81d028]
Jul 12 00:22:32 manji kernel: device: 'LNXCPU:01': device_add
Jul 12 00:22:32 manji kernel: bus: 'acpi': add device LNXCPU:01
Jul 12 00:22:32 manji kernel:     utils-0051 util_eval_error       : Evaluate [\_PR_.C001._SUN]: AE_NOT_FOUND
Jul 12 00:22:32 manji kernel:      scan-1916 add_single_object     : Added LNXCPU:01 [\_PR_.C001] parent LNXSYSTM:00
Jul 12 00:22:32 manji kernel:      scan-1133 get_device_data       : No context for object [ffff88040d83c488]
Jul 12 00:22:32 manji kernel:      scan-1133 get_device_data       : No context for object [ffff88040d83c4b0]
Jul 12 00:22:32 manji kernel:      scan-1133 get_device_data       : No context for object [ffff88040d83c4d8]
Jul 12 00:22:32 manji kernel:      scan-1133 get_device_data       : No context for object [ffff88040d83c500]
Jul 12 00:22:32 manji kernel:      scan-1133 get_device_data       : No context for object [ffff88040d83c528]
Jul 12 00:22:32 manji kernel:      scan-1133 get_device_data       : No context for object [ffff88040d83c550]
Jul 12 00:22:32 manji kernel:      scan-1133 get_device_data       : No context for object [ffff88040d81d1b8]
Jul 12 00:22:32 manji kernel:     utils-0051 util_eval_error       : Evaluate [\_PR_.C002._STA]: AE_NOT_FOUND
Jul 12 00:22:32 manji kernel:      scan-1133 get_device_data       : No context for object [ffff88040d81d028]
Jul 12 00:22:32 manji kernel: device: 'LNXCPU:02': device_add
Jul 12 00:22:32 manji kernel: bus: 'acpi': add device LNXCPU:02
Jul 12 00:22:32 manji kernel:     utils-0051 util_eval_error       : Evaluate [\_PR_.C002._SUN]: AE_NOT_FOUND
Jul 12 00:22:32 manji kernel:      scan-1916 add_single_object     : Added LNXCPU:02 [\_PR_.C002] parent LNXSYSTM:00
Jul 12 00:22:32 manji kernel:      scan-1133 get_device_data       : No context for object [ffff88040d83c578]
Jul 12 00:22:32 manji kernel:      scan-1133 get_device_data       : No context for object [ffff88040d83c5a0]
Jul 12 00:22:32 manji kernel:      scan-1133 get_device_data       : No context for object [ffff88040d83c5c8]
Jul 12 00:22:32 manji kernel:      scan-1133 get_device_data       : No context for object [ffff88040d83c5f0]
Jul 12 00:22:32 manji kernel:      scan-1133 get_device_data       : No context for object [ffff88040d83c618]
Jul 12 00:22:32 manji kernel:      scan-1133 get_device_data       : No context for object [ffff88040d83c640]
Jul 12 00:22:32 manji kernel:      scan-1133 get_device_data       : No context for object [ffff88040d81d1e0]
Jul 12 00:22:32 manji kernel:     utils-0051 util_eval_error       : Evaluate [\_PR_.C003._STA]: AE_NOT_FOUND
Jul 12 00:22:32 manji kernel:      scan-1133 get_device_data       : No context for object [ffff88040d81d028]
Jul 12 00:22:32 manji kernel: device: 'LNXCPU:03': device_add
Jul 12 00:22:32 manji kernel: bus: 'acpi': add device LNXCPU:03
Jul 12 00:22:32 manji kernel:     utils-0051 util_eval_error       : Evaluate [\_PR_.C003._SUN]: AE_NOT_FOUND
Jul 12 00:22:32 manji kernel:      scan-1916 add_single_object     : Added LNXCPU:03 [\_PR_.C003] parent LNXSYSTM:00
Jul 12 00:22:32 manji kernel:      scan-1133 get_device_data       : No context for object [ffff88040d83c668]
Jul 12 00:22:32 manji kernel:      scan-1133 get_device_data       : No context for object [ffff88040d83c690]
Jul 12 00:22:32 manji kernel:      scan-1133 get_device_data       : No context for object [ffff88040d83c6b8]
Jul 12 00:22:32 manji kernel:      scan-1133 get_device_data       : No context for object [ffff88040d83c6e0]
Jul 12 00:22:32 manji kernel:      scan-1133 get_device_data       : No context for object [ffff88040d83c708]
Jul 12 00:22:32 manji kernel:      scan-1133 get_device_data       : No context for object [ffff88040d83c730]
Jul 12 00:22:32 manji kernel:      scan-1133 get_device_data       : No context for object [ffff88040d81d050]
Jul 12 00:22:32 manji kernel:     utils-0051 util_eval_error       : Evaluate [\_SB_._STA]: AE_NOT_FOUND
Jul 12 00:22:32 manji kernel: device: 'LNXSYBUS:00': device_add
Jul 12 00:22:32 manji kernel: bus: 'acpi': add device LNXSYBUS:00
Jul 12 00:22:32 manji kernel:     utils-0051 util_eval_error       : Evaluate [\_SB_._SUN]: AE_NOT_FOUND
Jul 12 00:22:32 manji kernel:      scan-1916 add_single_object     : Added LNXSYBUS:00 [\_SB_] parent LNXSYSTM:00
Jul 12 00:22:32 manji kernel:      scan-1133 get_device_data       : No context for object [ffff88040d81d3c0]
Jul 12 00:22:32 manji kernel:      scan-1133 get_device_data       : No context for object [ffff88040d81d3e8]
Jul 12 00:22:32 manji kernel:      scan-1133 get_device_data       : No context for object [ffff88040d81d410]
Jul 12 00:22:32 manji kernel:      scan-1133 get_device_data       : No context for object [ffff88040d81d438]
Jul 12 00:22:32 manji kernel:      scan-1133 get_device_data       : No context for object [ffff88040d81d460]
Jul 12 00:22:32 manji kernel:      scan-1133 get_device_data       : No context for object [ffff88040d81d488]
Jul 12 00:22:32 manji kernel:      scan-1133 get_device_data       : No context for object [ffff88040d81d4b0]
Jul 12 00:22:32 manji kernel:      scan-1133 get_device_data       : No context for object [ffff88040d81d5a0]
Jul 12 00:22:32 manji kernel:     utils-0051 util_eval_error       : Evaluate [\_SB_.PWRB._STA]: AE_NOT_FOUND
Jul 12 00:22:32 manji kernel: device: 'PNP0C0C:00': device_add
Jul 12 00:22:32 manji kernel: bus: 'acpi': add device PNP0C0C:00
Jul 12 00:22:32 manji kernel:     utils-0051 util_eval_error       : Evaluate [\_SB_.PWRB._SUN]: AE_NOT_FOUND
Jul 12 00:22:32 manji kernel:      scan-1916 add_single_object     : Added PNP0C0C:00 [\_SB_.PWRB] parent LNXSYBUS:00
Jul 12 00:22:32 manji kernel:      scan-1133 get_device_data       : No context for object [ffff88040d81d5c8]
Jul 12 00:22:32 manji kernel:      scan-1133 get_device_data       : No context for object [ffff88040d81d5f0]
Jul 12 00:22:32 manji kernel:     utils-0051 util_eval_error       : Evaluate [\_SB_.PCI0._STA]: AE_NOT_FOUND
Jul 12 00:22:32 manji kernel: device: 'PNP0A08:00': device_add
Jul 12 00:22:32 manji kernel: bus: 'acpi': add device PNP0A08:00
Jul 12 00:22:32 manji kernel:     utils-0051 util_eval_error       : Evaluate [\_SB_.PCI0._SUN]: AE_NOT_FOUND
Jul 12 00:22:32 manji kernel:      scan-1916 add_single_object     : Added PNP0A08:00 [\_SB_.PCI0] parent LNXSYBUS:00
Jul 12 00:22:32 manji kernel:      scan-1133 get_device_data       : No context for object [ffff88040d81d618]
Jul 12 00:22:32 manji kernel:      scan-1133 get_device_data       : No context for object [ffff88040d81d640]
Jul 12 00:22:32 manji kernel:      scan-1133 get_device_data       : No context for object [ffff88040d81d668]
Jul 12 00:22:32 manji kernel:      scan-1133 get_device_data       : No context for object [ffff88040d81d690]
Jul 12 00:22:32 manji kernel:      scan-1133 get_device_data       : No context for object [ffff88040d81d6b8]
Jul 12 00:22:32 manji kernel:      scan-1133 get_device_data       : No context for object [ffff88040d81d6e0]
Jul 12 00:22:32 manji kernel:      scan-1133 get_device_data       : No context for object [ffff88040d81d708]
Jul 12 00:22:32 manji kernel:      scan-1133 get_device_data       : No context for object [ffff88040d81d730]
Jul 12 00:22:32 manji kernel:      scan-1133 get_device_data       : No context for object [ffff88040d81d758]
Jul 12 00:22:32 manji kernel:      scan-1133 get_device_data       : No context for object [ffff88040d81d780]
Jul 12 00:22:32 manji kernel:      scan-1133 get_device_data       : No context for object [ffff88040d81d7a8]
Jul 12 00:22:32 manji kernel:      scan-1133 get_device_data       : No context for object [ffff88040d81d7d0]
Jul 12 00:22:32 manji kernel:      scan-1133 get_device_data       : No context for object [ffff88040d81d7f8]
Jul 12 00:22:32 manji kernel:      scan-1133 get_device_data       : No context for object [ffff88040d81d820]
Jul 12 00:22:32 manji kernel:      scan-1133 get_device_data       : No context for object [ffff88040d81d848]
Jul 12 00:22:32 manji kernel:      scan-1133 get_device_data       : No context for object [ffff88040d81d870]
Jul 12 00:22:32 manji kernel:      scan-1133 get_device_data       : No context for object [ffff88040d81d898]
Jul 12 00:22:32 manji kernel:      scan-1133 get_device_data       : No context for object [ffff88040d81d8c0]
Jul 12 00:22:32 manji kernel:      scan-1133 get_device_data       : No context for object [ffff88040d81d8e8]
Jul 12 00:22:32 manji kernel:      scan-1133 get_device_data       : No context for object [ffff88040d81d910]
Jul 12 00:22:32 manji kernel:      scan-1133 get_device_data       : No context for object [ffff88040d81d938]
Jul 12 00:22:32 manji kernel:      scan-1133 get_device_data       : No context for object [ffff88040d81d960]
Jul 12 00:22:32 manji kernel:      scan-1133 get_device_data       : No context for object [ffff88040d81d988]
Jul 12 00:22:32 manji kernel:      scan-1133 get_device_data       : No context for object [ffff88040d81d9b0]
Jul 12 00:22:32 manji kernel:      scan-1133 get_device_data       : No context for object [ffff88040d81d9d8]
Jul 12 00:22:32 manji kernel:      scan-1133 get_device_data       : No context for object [ffff88040d81da00]
Jul 12 00:22:32 manji kernel:      scan-1133 get_device_data       : No context for object [ffff88040d81da28]
Jul 12 00:22:32 manji kernel:      scan-1133 get_device_data       : No context for object [ffff88040d81da50]
Jul 12 00:22:32 manji kernel:      scan-1133 get_device_data       : No context for object [ffff88040d81da78]
Jul 12 00:22:32 manji kernel:      scan-1133 get_device_data       : No context for object [ffff88040d81daa0]
Jul 12 00:22:32 manji kernel:      scan-1133 get_device_data       : No context for object [ffff88040d81dac8]
Jul 12 00:22:32 manji kernel:      scan-1133 get_device_data       : No context for object [ffff88040d81daf0]
Jul 12 00:22:32 manji kernel:      scan-1133 get_device_data       : No context for object [ffff88040d81db18]
Jul 12 00:22:32 manji kernel:      scan-1133 get_device_data       : No context for object [ffff88040d81db40]
Jul 12 00:22:32 manji kernel:      scan-1133 get_device_data       : No context for object [ffff88040d81db68]
Jul 12 00:22:32 manji kernel:      scan-1133 get_device_data       : No context for object [ffff88040d81db90]
Jul 12 00:22:32 manji kernel:      scan-1133 get_device_data       : No context for object [ffff88040d81dbb8]
Jul 12 00:22:32 manji kernel:      scan-1133 get_device_data       : No context for object [ffff88040d81dbe0]
Jul 12 00:22:32 manji kernel:      scan-1133 get_device_data       : No context for object [ffff88040d81dc08]
Jul 12 00:22:32 manji kernel:      scan-1133 get_device_data       : No context for object [ffff88040d81dc30]
Jul 12 00:22:32 manji kernel:      scan-1133 get_device_data       : No context for object [ffff88040d81dc58]
Jul 12 00:22:32 manji kernel:      scan-1133 get_device_data       : No context for object [ffff88040d81dc80]
Jul 12 00:22:32 manji kernel:      scan-1133 get_device_data       : No context for object [ffff88040d81dca8]
Jul 12 00:22:32 manji kernel:      scan-1133 get_device_data       : No context for object [ffff88040d81dcd0]
Jul 12 00:22:32 manji kernel:      scan-1133 get_device_data       : No context for object [ffff88040d81dcf8]
Jul 12 00:22:32 manji kernel:      scan-1133 get_device_data       : No context for object [ffff88040d81dd20]
Jul 12 00:22:32 manji kernel:      scan-1133 get_device_data       : No context for object [ffff88040d81dd48]
Jul 12 00:22:32 manji kernel:      scan-1133 get_device_data       : No context for object [ffff88040d81dd70]
Jul 12 00:22:32 manji kernel:      scan-1133 get_device_data       : No context for object [ffff88040d81dd98]
Jul 12 00:22:32 manji kernel:      scan-1133 get_device_data       : No context for object [ffff88040d81ddc0]
Jul 12 00:22:32 manji kernel:      scan-1133 get_device_data       : No context for object [ffff88040d81dde8]
Jul 12 00:22:32 manji kernel:      scan-1133 get_device_data       : No context for object [ffff88040d81de10]
Jul 12 00:22:32 manji kernel:      scan-1133 get_device_data       : No context for object [ffff88040d81de38]
Jul 12 00:22:32 manji kernel:      scan-1133 get_device_data       : No context for object [ffff88040d81de60]
Jul 12 00:22:32 manji kernel:      scan-1133 get_device_data       : No context for object [ffff88040d81de88]
Jul 12 00:22:32 manji kernel:      scan-1133 get_device_data       : No context for object [ffff88040d81deb0]
Jul 12 00:22:32 manji kernel:      scan-1133 get_device_data       : No context for object [ffff88040d81ded8]
Jul 12 00:22:32 manji kernel:      scan-1133 get_device_data       : No context for object [ffff88040d81df00]
Jul 12 00:22:32 manji kernel:      scan-1133 get_device_data       : No context for object [ffff88040d81df28]
Jul 12 00:22:32 manji kernel:      scan-1133 get_device_data       : No context for object [ffff88040d81df50]
Jul 12 00:22:32 manji kernel:      scan-1133 get_device_data       : No context for object [ffff88040d81df78]
Jul 12 00:22:32 manji kernel:      scan-1133 get_device_data       : No context for object [ffff88040d81dfa0]
Jul 12 00:22:32 manji kernel:      scan-1133 get_device_data       : No context for object [ffff88040d81dfc8]
Jul 12 00:22:32 manji kernel:      scan-1133 get_device_data       : No context for object [ffff88040d822000]
Jul 12 00:22:32 manji kernel:      scan-1133 get_device_data       : No context for object [ffff88040d822028]
Jul 12 00:22:32 manji kernel:     utils-0051 util_eval_error       : Evaluate [\_SB_.PCI0.MEMR._STA]: AE_NOT_FOUND
Jul 12 00:22:32 manji kernel: device: 'PNP0C02:00': device_add
Jul 12 00:22:32 manji kernel: bus: 'acpi': add device PNP0C02:00
Jul 12 00:22:32 manji kernel:     utils-0051 util_eval_error       : Evaluate [\_SB_.PCI0.MEMR._SUN]: AE_NOT_FOUND
Jul 12 00:22:32 manji kernel:      scan-1916 add_single_object     : Added PNP0C02:00 [\_SB_.PCI0.MEMR] parent PNP0A08:00
Jul 12 00:22:32 manji kernel:      scan-1133 get_device_data       : No context for object [ffff88040d822050]
Jul 12 00:22:32 manji kernel:      scan-1133 get_device_data       : No context for object [ffff88040d822078]
Jul 12 00:22:32 manji kernel:      scan-1133 get_device_data       : No context for object [ffff88040d8220a0]
Jul 12 00:22:32 manji kernel:      scan-1133 get_device_data       : No context for object [ffff88040d8220c8]
Jul 12 00:22:32 manji kernel:      scan-1133 get_device_data       : No context for object [ffff88040d8220f0]
Jul 12 00:22:32 manji kernel:      scan-1133 get_device_data       : No context for object [ffff88040d822118]
Jul 12 00:22:32 manji kernel:      scan-1133 get_device_data       : No context for object [ffff88040d822140]
Jul 12 00:22:32 manji kernel:      scan-1133 get_device_data       : No context for object [ffff88040d822168]
Jul 12 00:22:32 manji kernel:      scan-1133 get_device_data       : No context for object [ffff88040d822190]
Jul 12 00:22:32 manji kernel:      scan-1133 get_device_data       : No context for object [ffff88040d8221b8]
Jul 12 00:22:32 manji kernel:      scan-1133 get_device_data       : No context for object [ffff88040d8221e0]
Jul 12 00:22:32 manji kernel:      scan-1133 get_device_data       : No context for object [ffff88040d822208]
Jul 12 00:22:32 manji kernel:      scan-1133 get_device_data       : No context for object [ffff88040d822230]
Jul 12 00:22:32 manji kernel:      scan-1133 get_device_data       : No context for object [ffff88040d822258]
Jul 12 00:22:32 manji kernel:      scan-1133 get_device_data       : No context for object [ffff88040d822280]
Jul 12 00:22:32 manji kernel:      scan-1133 get_device_data       : No context for object [ffff88040d8222a8]
Jul 12 00:22:32 manji kernel:     utils-0051 util_eval_error       : Evaluate [\_SB_.PCI0.PB2_._STA]: AE_NOT_FOUND
Jul 12 00:22:32 manji kernel: device: 'device:00': device_add
Jul 12 00:22:32 manji kernel: bus: 'acpi': add device device:00
Jul 12 00:22:32 manji kernel:     utils-0051 util_eval_error       : Evaluate [\_SB_.PCI0.PB2_._SUN]: AE_NOT_FOUND
Jul 12 00:22:32 manji kernel:      scan-1916 add_single_object     : Added device:00 [\_SB_.PCI0.PB2_] parent PNP0A08:00
Jul 12 00:22:32 manji kernel:      scan-1133 get_device_data       : No context for object [ffff88040d8222d0]
Jul 12 00:22:32 manji kernel:      scan-1133 get_device_data       : No context for object [ffff88040d8222f8]
Jul 12 00:22:32 manji kernel:      scan-1133 get_device_data       : No context for object [ffff88040d822320]
Jul 12 00:22:32 manji kernel:      scan-1133 get_device_data       : No context for object [ffff88040d822348]
Jul 12 00:22:32 manji kernel:      scan-1133 get_device_data       : No context for object [ffff88040d822370]
Jul 12 00:22:32 manji kernel:      scan-1133 get_device_data       : No context for object [ffff88040d822398]
Jul 12 00:22:32 manji kernel:      scan-1133 get_device_data       : No context for object [ffff88040d8223c0]
Jul 12 00:22:32 manji kernel:      scan-1133 get_device_data       : No context for object [ffff88040d8223e8]
Jul 12 00:22:32 manji kernel:      scan-1133 get_device_data       : No context for object [ffff88040d822410]
Jul 12 00:22:32 manji kernel:      scan-1133 get_device_data       : No context for object [ffff88040d822438]
Jul 12 00:22:32 manji kernel:      scan-1133 get_device_data       : No context for object [ffff88040d822460]
Jul 12 00:22:32 manji kernel:      scan-1133 get_device_data       : No context for object [ffff88040d822488]
Jul 12 00:22:32 manji kernel:      scan-1133 get_device_data       : No context for object [ffff88040d8224b0]
Jul 12 00:22:32 manji kernel:      scan-1133 get_device_data       : No context for object [ffff88040d8224d8]
Jul 12 00:22:32 manji kernel:      scan-1133 get_device_data       : No context for object [ffff88040d822500]
Jul 12 00:22:32 manji kernel:      scan-1133 get_device_data       : No context for object [ffff88040d822528]
Jul 12 00:22:32 manji kernel:      scan-1133 get_device_data       : No context for object [ffff88040d822550]
Jul 12 00:22:32 manji kernel:      scan-1133 get_device_data       : No context for object [ffff88040d822578]
Jul 12 00:22:32 manji kernel:      scan-1133 get_device_data       : No context for object [ffff88040d8225a0]
Jul 12 00:22:32 manji kernel:      scan-1133 get_device_data       : No context for object [ffff88040d8225c8]
Jul 12 00:22:32 manji kernel:      scan-1133 get_device_data       : No context for object [ffff88040d8225f0]
Jul 12 00:22:32 manji kernel:      scan-1133 get_device_data       : No context for object [ffff88040d822618]
Jul 12 00:22:32 manji kernel:      scan-1133 get_device_data       : No context for object [ffff88040d822640]
Jul 12 00:22:32 manji kernel:      scan-1133 get_device_data       : No context for object [ffff88040d822668]
Jul 12 00:22:32 manji kernel:      scan-1133 get_device_data       : No context for object [ffff88040d822690]
Jul 12 00:22:32 manji kernel:      scan-1133 get_device_data       : No context for object [ffff88040d8226b8]
Jul 12 00:22:32 manji kernel:      scan-1133 get_device_data       : No context for object [ffff88040d8226e0]
Jul 12 00:22:32 manji kernel:      scan-1133 get_device_data       : No context for object [ffff88040d822708]
Jul 12 00:22:32 manji kernel:      scan-1133 get_device_data       : No context for object [ffff88040d822730]
Jul 12 00:22:32 manji kernel:      scan-1133 get_device_data       : No context for object [ffff88040d822758]
Jul 12 00:22:32 manji kernel:      scan-1133 get_device_data       : No context for object [ffff88040d822780]
Jul 12 00:22:32 manji kernel:     utils-0051 util_eval_error       : Evaluate [\_SB_.PCI0.PB2_.VGA_._STA]: AE_NOT_FOUND
Jul 12 00:22:32 manji kernel: device: 'device:01': device_add
Jul 12 00:22:32 manji kernel: bus: 'acpi': add device device:01
Jul 12 00:22:32 manji kernel:     utils-0051 util_eval_error       : Evaluate [\_SB_.PCI0.PB2_.VGA_._SUN]: AE_NOT_FOUND
Jul 12 00:22:32 manji kernel:      scan-1916 add_single_object     : Added device:01 [\_SB_.PCI0.PB2_.VGA_] parent device:00
Jul 12 00:22:32 manji kernel:      scan-1133 get_device_data       : No context for object [ffff88040d8227a8]
Jul 12 00:22:32 manji kernel:      scan-1133 get_device_data       : No context for object [ffff88040d8227d0]
Jul 12 00:22:32 manji kernel:      scan-1133 get_device_data       : No context for object [ffff88040d8227f8]
Jul 12 00:22:32 manji kernel:      scan-1133 get_device_data       : No context for object [ffff88040d822820]
Jul 12 00:22:32 manji kernel:      scan-1133 get_device_data       : No context for object [ffff88040d822848]
Jul 12 00:22:32 manji kernel:      scan-1133 get_device_data       : No context for object [ffff88040d822870]
Jul 12 00:22:32 manji kernel:      scan-1133 get_device_data       : No context for object [ffff88040d822898]
Jul 12 00:22:32 manji kernel:      scan-1133 get_device_data       : No context for object [ffff88040d8228c0]
Jul 12 00:22:32 manji kernel:      scan-1133 get_device_data       : No context for object [ffff88040d8228e8]
Jul 12 00:22:32 manji kernel:      scan-1133 get_device_data       : No context for object [ffff88040d822910]
Jul 12 00:22:32 manji kernel:      scan-1133 get_device_data       : No context for object [ffff88040d822938]
Jul 12 00:22:32 manji kernel:      scan-1133 get_device_data       : No context for object [ffff88040d822960]
Jul 12 00:22:32 manji kernel:      scan-1133 get_device_data       : No context for object [ffff88040d822988]
Jul 12 00:22:32 manji kernel:      scan-1133 get_device_data       : No context for object [ffff88040d8229b0]
Jul 12 00:22:32 manji kernel:      scan-1133 get_device_data       : No context for object [ffff88040d8229d8]
Jul 12 00:22:32 manji kernel:      scan-1133 get_device_data       : No context for object [ffff88040d822a00]
Jul 12 00:22:32 manji kernel:      scan-1133 get_device_data       : No context for object [ffff88040d822a28]
Jul 12 00:22:32 manji kernel:      scan-1133 get_device_data       : No context for object [ffff88040d822a50]
Jul 12 00:22:32 manji kernel:      scan-1133 get_device_data       : No context for object [ffff88040d822a78]
Jul 12 00:22:32 manji kernel:      scan-1133 get_device_data       : No context for object [ffff88040d822aa0]
Jul 12 00:22:32 manji kernel:      scan-1133 get_device_data       : No context for object [ffff88040d822ac8]
Jul 12 00:22:32 manji kernel:      scan-1133 get_device_data       : No context for object [ffff88040d822af0]
Jul 12 00:22:32 manji kernel:      scan-1133 get_device_data       : No context for object [ffff88040d822b18]
Jul 12 00:22:32 manji kernel:      scan-1133 get_device_data       : No context for object [ffff88040d822b40]
Jul 12 00:22:32 manji kernel:      scan-1133 get_device_data       : No context for object [ffff88040d822b68]
Jul 12 00:22:32 manji kernel:      scan-1133 get_device_data       : No context for object [ffff88040d822b90]
Jul 12 00:22:32 manji kernel:      scan-1133 get_device_data       : No context for object [ffff88040d822bb8]
Jul 12 00:22:32 manji kernel:      scan-1133 get_device_data       : No context for object [ffff88040d822be0]
Jul 12 00:22:32 manji kernel:      scan-1133 get_device_data       : No context for object [ffff88040d822c08]
Jul 12 00:22:32 manji kernel:      scan-1133 get_device_data       : No context for object [ffff88040d822c30]
Jul 12 00:22:32 manji kernel:      scan-1133 get_device_data       : No context for object [ffff88040d822c58]
Jul 12 00:22:32 manji kernel:      scan-1133 get_device_data       : No context for object [ffff88040d822c80]
Jul 12 00:22:32 manji kernel:      scan-1133 get_device_data       : No context for object [ffff88040d822ca8]
Jul 12 00:22:32 manji kernel:      scan-1133 get_device_data       : No context for object [ffff88040d822cd0]
Jul 12 00:22:32 manji kernel:      scan-1133 get_device_data       : No context for object [ffff88040d822cf8]
Jul 12 00:22:32 manji kernel:      scan-1133 get_device_data       : No context for object [ffff88040d822d20]
Jul 12 00:22:32 manji kernel:      scan-1133 get_device_data       : No context for object [ffff88040d822d48]
Jul 12 00:22:32 manji kernel:      scan-1133 get_device_data       : No context for object [ffff88040d822d70]
Jul 12 00:22:32 manji kernel:      scan-1133 get_device_data       : No context for object [ffff88040d822d98]
Jul 12 00:22:32 manji kernel:      scan-1133 get_device_data       : No context for object [ffff88040d837438]
Jul 12 00:22:32 manji kernel:      scan-1133 get_device_data       : No context for object [ffff88040d822dc0]
Jul 12 00:22:32 manji kernel:     utils-0051 util_eval_error       : Evaluate [\_SB_.PCI0.PB2_.HDAU._STA]: AE_NOT_FOUND
Jul 12 00:22:32 manji kernel: device: 'device:02': device_add
Jul 12 00:22:32 manji kernel: bus: 'acpi': add device device:02
Jul 12 00:22:32 manji kernel:     utils-0051 util_eval_error       : Evaluate [\_SB_.PCI0.PB2_.HDAU._SUN]: AE_NOT_FOUND
Jul 12 00:22:32 manji kernel:      scan-1916 add_single_object     : Added device:02 [\_SB_.PCI0.PB2_.HDAU] parent device:00
Jul 12 00:22:32 manji kernel:      scan-1133 get_device_data       : No context for object [ffff88040d822de8]
Jul 12 00:22:32 manji kernel:      scan-1133 get_device_data       : No context for object [ffff88040d822e10]
Jul 12 00:22:32 manji kernel:      scan-1133 get_device_data       : No context for object [ffff88040d822e38]
Jul 12 00:22:32 manji kernel:      scan-1133 get_device_data       : No context for object [ffff88040d822e60]
Jul 12 00:22:32 manji kernel:      scan-1133 get_device_data       : No context for object [ffff88040d822e88]
Jul 12 00:22:32 manji kernel:      scan-1133 get_device_data       : No context for object [ffff88040d822eb0]
Jul 12 00:22:32 manji kernel:      scan-1133 get_device_data       : No context for object [ffff88040d822ed8]
Jul 12 00:22:32 manji kernel:     utils-0051 util_eval_error       : Evaluate [\_SB_.PCI0.PB3_._STA]: AE_NOT_FOUND
Jul 12 00:22:32 manji kernel: device: 'device:03': device_add
Jul 12 00:22:32 manji kernel: bus: 'acpi': add device device:03
Jul 12 00:22:32 manji kernel:     utils-0051 util_eval_error       : Evaluate [\_SB_.PCI0.PB3_._SUN]: AE_NOT_FOUND
Jul 12 00:22:32 manji kernel:      scan-1916 add_single_object     : Added device:03 [\_SB_.PCI0.PB3_] parent PNP0A08:00
Jul 12 00:22:32 manji kernel:      scan-1133 get_device_data       : No context for object [ffff88040d822f00]
Jul 12 00:22:32 manji kernel:      scan-1133 get_device_data       : No context for object [ffff88040d822f28]
Jul 12 00:22:32 manji kernel:      scan-1133 get_device_data       : No context for object [ffff88040d822f50]
Jul 12 00:22:32 manji kernel:      scan-1133 get_device_data       : No context for object [ffff88040d822f78]
Jul 12 00:22:32 manji kernel:      scan-1133 get_device_data       : No context for object [ffff88040d822fa0]
Jul 12 00:22:32 manji kernel:      scan-1133 get_device_data       : No context for object [ffff88040d822fc8]
Jul 12 00:22:32 manji kernel:      scan-1133 get_device_data       : No context for object [ffff88040d823000]
Jul 12 00:22:32 manji kernel:      scan-1133 get_device_data       : No context for object [ffff88040d823028]
Jul 12 00:22:32 manji kernel:      scan-1133 get_device_data       : No context for object [ffff88040d823050]
Jul 12 00:22:32 manji kernel:      scan-1133 get_device_data       : No context for object [ffff88040d823078]
Jul 12 00:22:32 manji kernel:      scan-1133 get_device_data       : No context for object [ffff88040d8230a0]
Jul 12 00:22:32 manji kernel:      scan-1133 get_device_data       : No context for object [ffff88040d8230c8]
Jul 12 00:22:32 manji kernel:      scan-1133 get_device_data       : No context for object [ffff88040d8230f0]
Jul 12 00:22:32 manji kernel:      scan-1133 get_device_data       : No context for object [ffff88040d823118]
Jul 12 00:22:32 manji kernel:      scan-1133 get_device_data       : No context for object [ffff88040d823140]
Jul 12 00:22:32 manji kernel:      scan-1133 get_device_data       : No context for object [ffff88040d823168]
Jul 12 00:22:32 manji kernel:      scan-1133 get_device_data       : No context for object [ffff88040d823190]
Jul 12 00:22:32 manji kernel:      scan-1133 get_device_data       : No context for object [ffff88040d8231b8]
Jul 12 00:22:32 manji kernel:      scan-1133 get_device_data       : No context for object [ffff88040d8231e0]
Jul 12 00:22:32 manji kernel:      scan-1133 get_device_data       : No context for object [ffff88040d823208]
Jul 12 00:22:32 manji kernel:      scan-1133 get_device_data       : No context for object [ffff88040d823230]
Jul 12 00:22:32 manji kernel:      scan-1133 get_device_data       : No context for object [ffff88040d823258]
Jul 12 00:22:32 manji kernel:      scan-1133 get_device_data       : No context for object [ffff88040d823280]
Jul 12 00:22:32 manji kernel:      scan-1133 get_device_data       : No context for object [ffff88040d8232a8]
Jul 12 00:22:32 manji kernel:      scan-1133 get_device_data       : No context for object [ffff88040d8232d0]
Jul 12 00:22:32 manji kernel:      scan-1133 get_device_data       : No context for object [ffff88040d8232f8]
Jul 12 00:22:32 manji kernel:      scan-1133 get_device_data       : No context for object [ffff88040d823320]
Jul 12 00:22:32 manji kernel:      scan-1133 get_device_data       : No context for object [ffff88040d823348]
Jul 12 00:22:32 manji kernel:      scan-1133 get_device_data       : No context for object [ffff88040d823370]
Jul 12 00:22:32 manji kernel:      scan-1133 get_device_data       : No context for object [ffff88040d823398]
Jul 12 00:22:32 manji kernel:      scan-1133 get_device_data       : No context for object [ffff88040d8233c0]
Jul 12 00:22:32 manji kernel:     utils-0051 util_eval_error       : Evaluate [\_SB_.PCI0.PB3_.VGA_._STA]: AE_NOT_FOUND
Jul 12 00:22:32 manji kernel:     video-0058 backlight_cap_match   : Found generic backlight support
Jul 12 00:22:32 manji kernel: device: 'LNXVIDEO:00': device_add
Jul 12 00:22:32 manji kernel: bus: 'acpi': add device LNXVIDEO:00
Jul 12 00:22:32 manji kernel:     utils-0051 util_eval_error       : Evaluate [\_SB_.PCI0.PB3_.VGA_._SUN]: AE_NOT_FOUND
Jul 12 00:22:32 manji kernel:      scan-1916 add_single_object     : Added LNXVIDEO:00 [\_SB_.PCI0.PB3_.VGA_] parent device:03
Jul 12 00:22:32 manji kernel:      scan-1133 get_device_data       : No context for object [ffff88040d8233e8]
Jul 12 00:22:32 manji kernel:      scan-1133 get_device_data       : No context for object [ffff88040d823410]
Jul 12 00:22:32 manji kernel:      scan-1133 get_device_data       : No context for object [ffff88040d823438]
Jul 12 00:22:32 manji kernel:      scan-1133 get_device_data       : No context for object [ffff88040d823460]
Jul 12 00:22:32 manji kernel:      scan-1133 get_device_data       : No context for object [ffff88040d823488]
Jul 12 00:22:32 manji kernel:      scan-1133 get_device_data       : No context for object [ffff88040d8234b0]
Jul 12 00:22:32 manji kernel:      scan-1133 get_device_data       : No context for object [ffff88040d8234d8]
Jul 12 00:22:32 manji kernel:      scan-1133 get_device_data       : No context for object [ffff88040d823500]
Jul 12 00:22:32 manji kernel:      scan-1133 get_device_data       : No context for object [ffff88040d823528]
Jul 12 00:22:32 manji kernel:      scan-1133 get_device_data       : No context for object [ffff88040d823550]
Jul 12 00:22:32 manji kernel:      scan-1133 get_device_data       : No context for object [ffff88040d823578]
Jul 12 00:22:32 manji kernel:      scan-1133 get_device_data       : No context for object [ffff88040d8235a0]
Jul 12 00:22:32 manji kernel:      scan-1133 get_device_data       : No context for object [ffff88040d8235c8]
Jul 12 00:22:32 manji kernel:      scan-1133 get_device_data       : No context for object [ffff88040d8235f0]
Jul 12 00:22:32 manji kernel:      scan-1133 get_device_data       : No context for object [ffff88040d823618]
Jul 12 00:22:32 manji kernel:      scan-1133 get_device_data       : No context for object [ffff88040d823640]
Jul 12 00:22:32 manji kernel:      scan-1133 get_device_data       : No context for object [ffff88040d823668]
Jul 12 00:22:32 manji kernel:      scan-1133 get_device_data       : No context for object [ffff88040d823690]
Jul 12 00:22:32 manji kernel:      scan-1133 get_device_data       : No context for object [ffff88040d8236b8]
Jul 12 00:22:32 manji kernel:      scan-1133 get_device_data       : No context for object [ffff88040d8236e0]
Jul 12 00:22:32 manji kernel:      scan-1133 get_device_data       : No context for object [ffff88040d823708]
Jul 12 00:22:32 manji kernel:      scan-1133 get_device_data       : No context for object [ffff88040d823730]
Jul 12 00:22:32 manji kernel:      scan-1133 get_device_data       : No context for object [ffff88040d823758]
Jul 12 00:22:32 manji kernel:      scan-1133 get_device_data       : No context for object [ffff88040d823780]
Jul 12 00:22:32 manji kernel:      scan-1133 get_device_data       : No context for object [ffff88040d8237a8]
Jul 12 00:22:32 manji kernel:      scan-1133 get_device_data       : No context for object [ffff88040d8237d0]
Jul 12 00:22:32 manji kernel:      scan-1133 get_device_data       : No context for object [ffff88040d8237f8]
Jul 12 00:22:32 manji kernel:      scan-1133 get_device_data       : No context for object [ffff88040d823820]
Jul 12 00:22:32 manji kernel:      scan-1133 get_device_data       : No context for object [ffff88040d823848]
Jul 12 00:22:32 manji kernel:      scan-1133 get_device_data       : No context for object [ffff88040d823870]
Jul 12 00:22:32 manji kernel:      scan-1133 get_device_data       : No context for object [ffff88040d823898]
Jul 12 00:22:32 manji kernel:      scan-1133 get_device_data       : No context for object [ffff88040d8238c0]
Jul 12 00:22:32 manji kernel:      scan-1133 get_device_data       : No context for object [ffff88040d8238e8]
Jul 12 00:22:32 manji kernel:      scan-1133 get_device_data       : No context for object [ffff88040d823910]
Jul 12 00:22:32 manji kernel:      scan-1133 get_device_data       : No context for object [ffff88040d823938]
Jul 12 00:22:32 manji kernel:      scan-1133 get_device_data       : No context for object [ffff88040d823960]
Jul 12 00:22:32 manji kernel:      scan-1133 get_device_data       : No context for object [ffff88040d823988]
Jul 12 00:22:32 manji kernel:      scan-1133 get_device_data       : No context for object [ffff88040d8239b0]
Jul 12 00:22:32 manji kernel:      scan-1133 get_device_data       : No context for object [ffff88040d8239d8]
Jul 12 00:22:32 manji kernel:      scan-1133 get_device_data       : No context for object [ffff88040d837460]
Jul 12 00:22:32 manji kernel:      scan-1133 get_device_data       : No context for object [ffff88040d83ac08]
Jul 12 00:22:32 manji kernel:      scan-1133 get_device_data       : No context for object [ffff88040d83ac30]
Jul 12 00:22:32 manji kernel:      scan-1133 get_device_data       : No context for object [ffff88040d83ac58]
Jul 12 00:22:32 manji kernel:     utils-0051 util_eval_error       : Evaluate [\_SB_.PCI0.PB3_.VGA_.CRT_._STA]: AE_NOT_FOUND
Jul 12 00:22:32 manji kernel: device: 'device:04': device_add
Jul 12 00:22:32 manji kernel: bus: 'acpi': add device device:04
Jul 12 00:22:32 manji kernel:     utils-0051 util_eval_error       : Evaluate [\_SB_.PCI0.PB3_.VGA_.CRT_._SUN]: AE_NOT_FOUND
Jul 12 00:22:32 manji kernel:      scan-1916 add_single_object     : Added device:04 [\_SB_.PCI0.PB3_.VGA_.CRT_] parent LNXVIDEO:00
Jul 12 00:22:32 manji kernel:      scan-1133 get_device_data       : No context for object [ffff88040d83ac80]
Jul 12 00:22:32 manji kernel:      scan-1133 get_device_data       : No context for object [ffff88040d83aca8]
Jul 12 00:22:32 manji kernel:      scan-1133 get_device_data       : No context for object [ffff88040d83acd0]
Jul 12 00:22:32 manji kernel:      scan-1133 get_device_data       : No context for object [ffff88040d83acf8]
Jul 12 00:22:32 manji kernel:      scan-1133 get_device_data       : No context for object [ffff88040d83ad20]
Jul 12 00:22:32 manji kernel:     utils-0051 util_eval_error       : Evaluate [\_SB_.PCI0.PB3_.VGA_.LCD_._STA]: AE_NOT_FOUND
Jul 12 00:22:32 manji kernel: device: 'device:05': device_add
Jul 12 00:22:32 manji kernel: bus: 'acpi': add device device:05
Jul 12 00:22:32 manji kernel:     utils-0051 util_eval_error       : Evaluate [\_SB_.PCI0.PB3_.VGA_.LCD_._SUN]: AE_NOT_FOUND
Jul 12 00:22:32 manji kernel:      scan-1916 add_single_object     : Added device:05 [\_SB_.PCI0.PB3_.VGA_.LCD_] parent LNXVIDEO:00
Jul 12 00:22:32 manji kernel:      scan-1133 get_device_data       : No context for object [ffff88040d83ad48]
Jul 12 00:22:32 manji kernel:      scan-1133 get_device_data       : No context for object [ffff88040d83ad70]
Jul 12 00:22:32 manji kernel:      scan-1133 get_device_data       : No context for object [ffff88040d83ad98]
Jul 12 00:22:32 manji kernel:      scan-1133 get_device_data       : No context for object [ffff88040d83adc0]
Jul 12 00:22:32 manji kernel:      scan-1133 get_device_data       : No context for object [ffff88040d83ade8]
Jul 12 00:22:32 manji kernel:      scan-1133 get_device_data       : No context for object [ffff88040d83ae10]
Jul 12 00:22:32 manji kernel:      scan-1133 get_device_data       : No context for object [ffff88040d83ae38]
Jul 12 00:22:32 manji kernel:      scan-1133 get_device_data       : No context for object [ffff88040d83ae60]
Jul 12 00:22:32 manji kernel:     utils-0051 util_eval_error       : Evaluate [\_SB_.PCI0.PB3_.VGA_.TV0_._STA]: AE_NOT_FOUND
Jul 12 00:22:32 manji kernel: device: 'device:06': device_add
Jul 12 00:22:32 manji kernel: bus: 'acpi': add device device:06
Jul 12 00:22:32 manji kernel:     utils-0051 util_eval_error       : Evaluate [\_SB_.PCI0.PB3_.VGA_.TV0_._SUN]: AE_NOT_FOUND
Jul 12 00:22:32 manji kernel:      scan-1916 add_single_object     : Added device:06 [\_SB_.PCI0.PB3_.VGA_.TV0_] parent LNXVIDEO:00
Jul 12 00:22:32 manji kernel:      scan-1133 get_device_data       : No context for object [ffff88040d83ae88]
Jul 12 00:22:32 manji kernel:      scan-1133 get_device_data       : No context for object [ffff88040d83aeb0]
Jul 12 00:22:32 manji kernel:      scan-1133 get_device_data       : No context for object [ffff88040d83aed8]
Jul 12 00:22:32 manji kernel:      scan-1133 get_device_data       : No context for object [ffff88040d83af00]
Jul 12 00:22:32 manji kernel:      scan-1133 get_device_data       : No context for object [ffff88040d83af28]
Jul 12 00:22:32 manji kernel:     utils-0051 util_eval_error       : Evaluate [\_SB_.PCI0.PB3_.VGA_.HDMI._STA]: AE_NOT_FOUND
Jul 12 00:22:32 manji kernel: device: 'device:07': device_add
Jul 12 00:22:32 manji kernel: bus: 'acpi': add device device:07
Jul 12 00:22:32 manji kernel:     utils-0051 util_eval_error       : Evaluate [\_SB_.PCI0.PB3_.VGA_.HDMI._SUN]: AE_NOT_FOUND
Jul 12 00:22:32 manji kernel:      scan-1916 add_single_object     : Added device:07 [\_SB_.PCI0.PB3_.VGA_.HDMI] parent LNXVIDEO:00
Jul 12 00:22:32 manji kernel:      scan-1133 get_device_data       : No context for object [ffff88040d83af50]
Jul 12 00:22:32 manji kernel:      scan-1133 get_device_data       : No context for object [ffff88040d83af78]
Jul 12 00:22:32 manji kernel:      scan-1133 get_device_data       : No context for object [ffff88040d83afa0]
Jul 12 00:22:32 manji kernel:      scan-1133 get_device_data       : No context for object [ffff88040d83afc8]
Jul 12 00:22:32 manji kernel:      scan-1133 get_device_data       : No context for object [ffff88040d823a00]
Jul 12 00:22:32 manji kernel:     utils-0051 util_eval_error       : Evaluate [\_SB_.PCI0.PB3_.HDAU._STA]: AE_NOT_FOUND
Jul 12 00:22:32 manji kernel: device: 'device:08': device_add
Jul 12 00:22:32 manji kernel: bus: 'acpi': add device device:08
Jul 12 00:22:32 manji kernel:     utils-0051 util_eval_error       : Evaluate [\_SB_.PCI0.PB3_.HDAU._SUN]: AE_NOT_FOUND
Jul 12 00:22:32 manji kernel:      scan-1916 add_single_object     : Added device:08 [\_SB_.PCI0.PB3_.HDAU] parent device:03
Jul 12 00:22:32 manji kernel:      scan-1133 get_device_data       : No context for object [ffff88040d823a28]
Jul 12 00:22:32 manji kernel:      scan-1133 get_device_data       : No context for object [ffff88040d823a50]
Jul 12 00:22:32 manji kernel:      scan-1133 get_device_data       : No context for object [ffff88040d823a78]
Jul 12 00:22:32 manji kernel:      scan-1133 get_device_data       : No context for object [ffff88040d823aa0]
Jul 12 00:22:32 manji kernel:      scan-1133 get_device_data       : No context for object [ffff88040d823ac8]
Jul 12 00:22:32 manji kernel:      scan-1133 get_device_data       : No context for object [ffff88040d823af0]
Jul 12 00:22:32 manji kernel:      scan-1133 get_device_data       : No context for object [ffff88040d823b18]
Jul 12 00:22:32 manji kernel:     utils-0051 util_eval_error       : Evaluate [\_SB_.PCI0.PB4_._STA]: AE_NOT_FOUND
Jul 12 00:22:32 manji kernel: device: 'device:09': device_add
Jul 12 00:22:32 manji kernel: bus: 'acpi': add device device:09
Jul 12 00:22:32 manji kernel:     utils-0051 util_eval_error       : Evaluate [\_SB_.PCI0.PB4_._SUN]: AE_NOT_FOUND
Jul 12 00:22:32 manji kernel:      scan-1916 add_single_object     : Added device:09 [\_SB_.PCI0.PB4_] parent PNP0A08:00
Jul 12 00:22:32 manji kernel:      scan-1133 get_device_data       : No context for object [ffff88040d823b40]
Jul 12 00:22:32 manji kernel:      scan-1133 get_device_data       : No context for object [ffff88040d823b68]
Jul 12 00:22:32 manji kernel:      scan-1133 get_device_data       : No context for object [ffff88040d823b90]
Jul 12 00:22:32 manji kernel:      scan-1133 get_device_data       : No context for object [ffff88040d823bb8]
Jul 12 00:22:32 manji kernel:      scan-1133 get_device_data       : No context for object [ffff88040d823be0]
Jul 12 00:22:32 manji kernel:      scan-1133 get_device_data       : No context for object [ffff88040d823c08]
Jul 12 00:22:32 manji kernel:      scan-1133 get_device_data       : No context for object [ffff88040d823c30]
Jul 12 00:22:32 manji kernel:      scan-1133 get_device_data       : No context for object [ffff88040d823c58]
Jul 12 00:22:32 manji kernel:      scan-1133 get_device_data       : No context for object [ffff88040d823c80]
Jul 12 00:22:32 manji kernel:      scan-1133 get_device_data       : No context for object [ffff88040d823ca8]
Jul 12 00:22:32 manji kernel:      scan-1133 get_device_data       : No context for object [ffff88040d823cd0]
Jul 12 00:22:32 manji kernel:      scan-1133 get_device_data       : No context for object [ffff88040d823cf8]
Jul 12 00:22:32 manji kernel:      scan-1133 get_device_data       : No context for object [ffff88040d823d20]
Jul 12 00:22:32 manji kernel:      scan-1133 get_device_data       : No context for object [ffff88040d823d48]
Jul 12 00:22:32 manji kernel:      scan-1133 get_device_data       : No context for object [ffff88040d823d70]
Jul 12 00:22:32 manji kernel:      scan-1133 get_device_data       : No context for object [ffff88040d823d98]
Jul 12 00:22:32 manji kernel:      scan-1133 get_device_data       : No context for object [ffff88040d823dc0]
Jul 12 00:22:32 manji kernel:      scan-1133 get_device_data       : No context for object [ffff88040d823de8]
Jul 12 00:22:32 manji kernel:      scan-1133 get_device_data       : No context for object [ffff88040d823e10]
Jul 12 00:22:32 manji kernel:      scan-1133 get_device_data       : No context for object [ffff88040d823e38]
Jul 12 00:22:32 manji kernel:      scan-1133 get_device_data       : No context for object [ffff88040d823e60]
Jul 12 00:22:32 manji kernel:      scan-1133 get_device_data       : No context for object [ffff88040d823e88]
Jul 12 00:22:32 manji kernel:      scan-1133 get_device_data       : No context for object [ffff88040d823eb0]
Jul 12 00:22:32 manji kernel:      scan-1133 get_device_data       : No context for object [ffff88040d823ed8]
Jul 12 00:22:32 manji kernel:      scan-1133 get_device_data       : No context for object [ffff88040d823f00]
Jul 12 00:22:32 manji kernel:      scan-1133 get_device_data       : No context for object [ffff88040d823f28]
Jul 12 00:22:32 manji kernel:      scan-1133 get_device_data       : No context for object [ffff88040d823f50]
Jul 12 00:22:32 manji kernel:      scan-1133 get_device_data       : No context for object [ffff88040d823f78]
Jul 12 00:22:32 manji kernel:      scan-1133 get_device_data       : No context for object [ffff88040d823fa0]
Jul 12 00:22:32 manji kernel:      scan-1133 get_device_data       : No context for object [ffff88040d823fc8]
Jul 12 00:22:32 manji kernel:      scan-1133 get_device_data       : No context for object [ffff88040d825000]
Jul 12 00:22:32 manji kernel:     utils-0051 util_eval_error       : Evaluate [\_SB_.PCI0.PB4_.XPDV._STA]: AE_NOT_FOUND
Jul 12 00:22:32 manji kernel: device: 'device:0a': device_add
Jul 12 00:22:32 manji kernel: bus: 'acpi': add device device:0a
Jul 12 00:22:32 manji kernel:     utils-0051 util_eval_error       : Evaluate [\_SB_.PCI0.PB4_.XPDV._SUN]: AE_NOT_FOUND
Jul 12 00:22:32 manji kernel:      scan-1916 add_single_object     : Added device:0a [\_SB_.PCI0.PB4_.XPDV] parent device:09
Jul 12 00:22:32 manji kernel:      scan-1133 get_device_data       : No context for object [ffff88040d825028]
Jul 12 00:22:32 manji kernel:      scan-1133 get_device_data       : No context for object [ffff88040d825050]
Jul 12 00:22:32 manji kernel:      scan-1133 get_device_data       : No context for object [ffff88040d825078]
Jul 12 00:22:32 manji kernel:      scan-1133 get_device_data       : No context for object [ffff88040d8250a0]
Jul 12 00:22:32 manji kernel:      scan-1133 get_device_data       : No context for object [ffff88040d8250c8]
Jul 12 00:22:32 manji kernel:      scan-1133 get_device_data       : No context for object [ffff88040d837500]
Jul 12 00:22:32 manji kernel:      scan-1133 get_device_data       : No context for object [ffff88040d8250f0]
Jul 12 00:22:32 manji kernel:      scan-1133 get_device_data       : No context for object [ffff88040d825118]
Jul 12 00:22:32 manji kernel:     utils-0051 util_eval_error       : Evaluate [\_SB_.PCI0.PB5_._STA]: AE_NOT_FOUND
Jul 12 00:22:32 manji kernel: device: 'device:0b': device_add
Jul 12 00:22:32 manji kernel: bus: 'acpi': add device device:0b
Jul 12 00:22:32 manji kernel:     utils-0051 util_eval_error       : Evaluate [\_SB_.PCI0.PB5_._SUN]: AE_NOT_FOUND
Jul 12 00:22:32 manji kernel:      scan-1916 add_single_object     : Added device:0b [\_SB_.PCI0.PB5_] parent PNP0A08:00
Jul 12 00:22:32 manji kernel:      scan-1133 get_device_data       : No context for object [ffff88040d825140]
Jul 12 00:22:32 manji kernel:      scan-1133 get_device_data       : No context for object [ffff88040d825168]
Jul 12 00:22:32 manji kernel:      scan-1133 get_device_data       : No context for object [ffff88040d825190]
Jul 12 00:22:32 manji kernel:      scan-1133 get_device_data       : No context for object [ffff88040d8251b8]
Jul 12 00:22:32 manji kernel:      scan-1133 get_device_data       : No context for object [ffff88040d8251e0]
Jul 12 00:22:32 manji kernel:      scan-1133 get_device_data       : No context for object [ffff88040d825208]
Jul 12 00:22:32 manji kernel:      scan-1133 get_device_data       : No context for object [ffff88040d825230]
Jul 12 00:22:32 manji kernel:      scan-1133 get_device_data       : No context for object [ffff88040d825258]
Jul 12 00:22:32 manji kernel:      scan-1133 get_device_data       : No context for object [ffff88040d825280]
Jul 12 00:22:32 manji kernel:      scan-1133 get_device_data       : No context for object [ffff88040d8252a8]
Jul 12 00:22:32 manji kernel:      scan-1133 get_device_data       : No context for object [ffff88040d8252d0]
Jul 12 00:22:32 manji kernel:      scan-1133 get_device_data       : No context for object [ffff88040d8252f8]
Jul 12 00:22:32 manji kernel:      scan-1133 get_device_data       : No context for object [ffff88040d825320]
Jul 12 00:22:32 manji kernel:      scan-1133 get_device_data       : No context for object [ffff88040d825348]
Jul 12 00:22:32 manji kernel:      scan-1133 get_device_data       : No context for object [ffff88040d825370]
Jul 12 00:22:32 manji kernel:      scan-1133 get_device_data       : No context for object [ffff88040d825398]
Jul 12 00:22:32 manji kernel:      scan-1133 get_device_data       : No context for object [ffff88040d8253c0]
Jul 12 00:22:32 manji kernel:      scan-1133 get_device_data       : No context for object [ffff88040d8253e8]
Jul 12 00:22:32 manji kernel:      scan-1133 get_device_data       : No context for object [ffff88040d825410]
Jul 12 00:22:32 manji kernel:      scan-1133 get_device_data       : No context for object [ffff88040d825438]
Jul 12 00:22:32 manji kernel:      scan-1133 get_device_data       : No context for object [ffff88040d825460]
Jul 12 00:22:32 manji kernel:      scan-1133 get_device_data       : No context for object [ffff88040d825488]
Jul 12 00:22:32 manji kernel:      scan-1133 get_device_data       : No context for object [ffff88040d8254b0]
Jul 12 00:22:32 manji kernel:      scan-1133 get_device_data       : No context for object [ffff88040d8254d8]
Jul 12 00:22:32 manji kernel:      scan-1133 get_device_data       : No context for object [ffff88040d825500]
Jul 12 00:22:32 manji kernel:      scan-1133 get_device_data       : No context for object [ffff88040d825528]
Jul 12 00:22:32 manji kernel:      scan-1133 get_device_data       : No context for object [ffff88040d825550]
Jul 12 00:22:32 manji kernel:      scan-1133 get_device_data       : No context for object [ffff88040d825578]
Jul 12 00:22:32 manji kernel:      scan-1133 get_device_data       : No context for object [ffff88040d8255a0]
Jul 12 00:22:32 manji kernel:      scan-1133 get_device_data       : No context for object [ffff88040d8255c8]
Jul 12 00:22:32 manji kernel:      scan-1133 get_device_data       : No context for object [ffff88040d8255f0]
Jul 12 00:22:32 manji kernel:     utils-0051 util_eval_error       : Evaluate [\_SB_.PCI0.PB5_.XPDV._STA]: AE_NOT_FOUND
Jul 12 00:22:32 manji kernel: device: 'device:0c': device_add
Jul 12 00:22:32 manji kernel: bus: 'acpi': add device device:0c
Jul 12 00:22:32 manji kernel:     utils-0051 util_eval_error       : Evaluate [\_SB_.PCI0.PB5_.XPDV._SUN]: AE_NOT_FOUND
Jul 12 00:22:32 manji kernel:      scan-1916 add_single_object     : Added device:0c [\_SB_.PCI0.PB5_.XPDV] parent device:0b
Jul 12 00:22:32 manji kernel:      scan-1133 get_device_data       : No context for object [ffff88040d825618]
Jul 12 00:22:32 manji kernel:      scan-1133 get_device_data       : No context for object [ffff88040d825640]
Jul 12 00:22:32 manji kernel:      scan-1133 get_device_data       : No context for object [ffff88040d825668]
Jul 12 00:22:32 manji kernel:      scan-1133 get_device_data       : No context for object [ffff88040d825690]
Jul 12 00:22:32 manji kernel:      scan-1133 get_device_data       : No context for object [ffff88040d8256b8]
Jul 12 00:22:32 manji kernel:      scan-1133 get_device_data       : No context for object [ffff88040d837528]
Jul 12 00:22:32 manji kernel:      scan-1133 get_device_data       : No context for object [ffff88040d8256e0]
Jul 12 00:22:32 manji kernel:      scan-1133 get_device_data       : No context for object [ffff88040d825708]
Jul 12 00:22:32 manji kernel:     utils-0051 util_eval_error       : Evaluate [\_SB_.PCI0.PB6_._STA]: AE_NOT_FOUND
Jul 12 00:22:32 manji kernel: device: 'device:0d': device_add
Jul 12 00:22:32 manji kernel: bus: 'acpi': add device device:0d
Jul 12 00:22:32 manji kernel:     utils-0051 util_eval_error       : Evaluate [\_SB_.PCI0.PB6_._SUN]: AE_NOT_FOUND
Jul 12 00:22:32 manji kernel:      scan-1916 add_single_object     : Added device:0d [\_SB_.PCI0.PB6_] parent PNP0A08:00
Jul 12 00:22:32 manji kernel:      scan-1133 get_device_data       : No context for object [ffff88040d825730]
Jul 12 00:22:32 manji kernel:      scan-1133 get_device_data       : No context for object [ffff88040d825758]
Jul 12 00:22:32 manji kernel:      scan-1133 get_device_data       : No context for object [ffff88040d825780]
Jul 12 00:22:32 manji kernel:      scan-1133 get_device_data       : No context for object [ffff88040d8257a8]
Jul 12 00:22:32 manji kernel:      scan-1133 get_device_data       : No context for object [ffff88040d8257d0]
Jul 12 00:22:32 manji kernel:      scan-1133 get_device_data       : No context for object [ffff88040d8257f8]
Jul 12 00:22:32 manji kernel:      scan-1133 get_device_data       : No context for object [ffff88040d825820]
Jul 12 00:22:32 manji kernel:      scan-1133 get_device_data       : No context for object [ffff88040d825848]
Jul 12 00:22:32 manji kernel:      scan-1133 get_device_data       : No context for object [ffff88040d825870]
Jul 12 00:22:32 manji kernel:      scan-1133 get_device_data       : No context for object [ffff88040d825898]
Jul 12 00:22:32 manji kernel:      scan-1133 get_device_data       : No context for object [ffff88040d8258c0]
Jul 12 00:22:32 manji kernel:      scan-1133 get_device_data       : No context for object [ffff88040d8258e8]
Jul 12 00:22:32 manji kernel:      scan-1133 get_device_data       : No context for object [ffff88040d825910]
Jul 12 00:22:32 manji kernel:      scan-1133 get_device_data       : No context for object [ffff88040d825938]
Jul 12 00:22:32 manji kernel:      scan-1133 get_device_data       : No context for object [ffff88040d825960]
Jul 12 00:22:32 manji kernel:      scan-1133 get_device_data       : No context for object [ffff88040d825988]
Jul 12 00:22:32 manji kernel:      scan-1133 get_device_data       : No context for object [ffff88040d8259b0]
Jul 12 00:22:32 manji kernel:      scan-1133 get_device_data       : No context for object [ffff88040d8259d8]
Jul 12 00:22:32 manji kernel:      scan-1133 get_device_data       : No context for object [ffff88040d825a00]
Jul 12 00:22:32 manji kernel:      scan-1133 get_device_data       : No context for object [ffff88040d825a28]
Jul 12 00:22:32 manji kernel:      scan-1133 get_device_data       : No context for object [ffff88040d825a50]
Jul 12 00:22:32 manji kernel:      scan-1133 get_device_data       : No context for object [ffff88040d825a78]
Jul 12 00:22:32 manji kernel:      scan-1133 get_device_data       : No context for object [ffff88040d825aa0]
Jul 12 00:22:32 manji kernel:      scan-1133 get_device_data       : No context for object [ffff88040d825ac8]
Jul 12 00:22:32 manji kernel:      scan-1133 get_device_data       : No context for object [ffff88040d825af0]
Jul 12 00:22:32 manji kernel:      scan-1133 get_device_data       : No context for object [ffff88040d825b18]
Jul 12 00:22:32 manji kernel:      scan-1133 get_device_data       : No context for object [ffff88040d825b40]
Jul 12 00:22:32 manji kernel:      scan-1133 get_device_data       : No context for object [ffff88040d825b68]
Jul 12 00:22:32 manji kernel:      scan-1133 get_device_data       : No context for object [ffff88040d825b90]
Jul 12 00:22:32 manji kernel:      scan-1133 get_device_data       : No context for object [ffff88040d825bb8]
Jul 12 00:22:32 manji kernel:      scan-1133 get_device_data       : No context for object [ffff88040d825be0]
Jul 12 00:22:32 manji kernel:     utils-0051 util_eval_error       : Evaluate [\_SB_.PCI0.PB6_.XPDV._STA]: AE_NOT_FOUND
Jul 12 00:22:32 manji kernel: device: 'device:0e': device_add
Jul 12 00:22:32 manji kernel: bus: 'acpi': add device device:0e
Jul 12 00:22:32 manji kernel:     utils-0051 util_eval_error       : Evaluate [\_SB_.PCI0.PB6_.XPDV._SUN]: AE_NOT_FOUND
Jul 12 00:22:32 manji kernel:      scan-1916 add_single_object     : Added device:0e [\_SB_.PCI0.PB6_.XPDV] parent device:0d
Jul 12 00:22:32 manji kernel:      scan-1133 get_device_data       : No context for object [ffff88040d825c08]
Jul 12 00:22:32 manji kernel:      scan-1133 get_device_data       : No context for object [ffff88040d825c30]
Jul 12 00:22:32 manji kernel:      scan-1133 get_device_data       : No context for object [ffff88040d825c58]
Jul 12 00:22:32 manji kernel:      scan-1133 get_device_data       : No context for object [ffff88040d825c80]
Jul 12 00:22:32 manji kernel:      scan-1133 get_device_data       : No context for object [ffff88040d825ca8]
Jul 12 00:22:32 manji kernel:      scan-1133 get_device_data       : No context for object [ffff88040d837550]
Jul 12 00:22:32 manji kernel:      scan-1133 get_device_data       : No context for object [ffff88040d825cd0]
Jul 12 00:22:32 manji kernel:      scan-1133 get_device_data       : No context for object [ffff88040d825cf8]
Jul 12 00:22:32 manji kernel:     utils-0051 util_eval_error       : Evaluate [\_SB_.PCI0.PB7_._STA]: AE_NOT_FOUND
Jul 12 00:22:32 manji kernel: device: 'device:0f': device_add
Jul 12 00:22:32 manji kernel: bus: 'acpi': add device device:0f
Jul 12 00:22:32 manji kernel:     utils-0051 util_eval_error       : Evaluate [\_SB_.PCI0.PB7_._SUN]: AE_NOT_FOUND
Jul 12 00:22:32 manji kernel:      scan-1916 add_single_object     : Added device:0f [\_SB_.PCI0.PB7_] parent PNP0A08:00
Jul 12 00:22:32 manji kernel:      scan-1133 get_device_data       : No context for object [ffff88040d825d20]
Jul 12 00:22:32 manji kernel:      scan-1133 get_device_data       : No context for object [ffff88040d825d48]
Jul 12 00:22:32 manji kernel:      scan-1133 get_device_data       : No context for object [ffff88040d825d70]
Jul 12 00:22:32 manji kernel:      scan-1133 get_device_data       : No context for object [ffff88040d825d98]
Jul 12 00:22:32 manji kernel:      scan-1133 get_device_data       : No context for object [ffff88040d825dc0]
Jul 12 00:22:32 manji kernel:      scan-1133 get_device_data       : No context for object [ffff88040d825de8]
Jul 12 00:22:32 manji kernel:      scan-1133 get_device_data       : No context for object [ffff88040d825e10]
Jul 12 00:22:32 manji kernel:      scan-1133 get_device_data       : No context for object [ffff88040d825e38]
Jul 12 00:22:32 manji kernel:      scan-1133 get_device_data       : No context for object [ffff88040d825e60]
Jul 12 00:22:32 manji kernel:      scan-1133 get_device_data       : No context for object [ffff88040d825e88]
Jul 12 00:22:32 manji kernel:      scan-1133 get_device_data       : No context for object [ffff88040d825eb0]
Jul 12 00:22:32 manji kernel:      scan-1133 get_device_data       : No context for object [ffff88040d825ed8]
Jul 12 00:22:32 manji kernel:      scan-1133 get_device_data       : No context for object [ffff88040d825f00]
Jul 12 00:22:32 manji kernel:      scan-1133 get_device_data       : No context for object [ffff88040d825f28]
Jul 12 00:22:32 manji kernel:      scan-1133 get_device_data       : No context for object [ffff88040d825f50]
Jul 12 00:22:32 manji kernel:      scan-1133 get_device_data       : No context for object [ffff88040d825f78]
Jul 12 00:22:32 manji kernel:      scan-1133 get_device_data       : No context for object [ffff88040d825fa0]
Jul 12 00:22:32 manji kernel:      scan-1133 get_device_data       : No context for object [ffff88040d825fc8]
Jul 12 00:22:32 manji kernel:      scan-1133 get_device_data       : No context for object [ffff88040d827000]
Jul 12 00:22:32 manji kernel:      scan-1133 get_device_data       : No context for object [ffff88040d827028]
Jul 12 00:22:32 manji kernel:      scan-1133 get_device_data       : No context for object [ffff88040d827050]
Jul 12 00:22:32 manji kernel:      scan-1133 get_device_data       : No context for object [ffff88040d827078]
Jul 12 00:22:32 manji kernel:      scan-1133 get_device_data       : No context for object [ffff88040d8270a0]
Jul 12 00:22:32 manji kernel:      scan-1133 get_device_data       : No context for object [ffff88040d8270c8]
Jul 12 00:22:32 manji kernel:      scan-1133 get_device_data       : No context for object [ffff88040d8270f0]
Jul 12 00:22:32 manji kernel:      scan-1133 get_device_data       : No context for object [ffff88040d827118]
Jul 12 00:22:32 manji kernel:      scan-1133 get_device_data       : No context for object [ffff88040d827140]
Jul 12 00:22:32 manji kernel:      scan-1133 get_device_data       : No context for object [ffff88040d827168]
Jul 12 00:22:32 manji kernel:      scan-1133 get_device_data       : No context for object [ffff88040d827190]
Jul 12 00:22:32 manji kernel:      scan-1133 get_device_data       : No context for object [ffff88040d8271b8]
Jul 12 00:22:32 manji kernel:      scan-1133 get_device_data       : No context for object [ffff88040d8271e0]
Jul 12 00:22:32 manji kernel:     utils-0051 util_eval_error       : Evaluate [\_SB_.PCI0.PB7_.XPDV._STA]: AE_NOT_FOUND
Jul 12 00:22:32 manji kernel: device: 'device:10': device_add
Jul 12 00:22:32 manji kernel: bus: 'acpi': add device device:10
Jul 12 00:22:32 manji kernel:     utils-0051 util_eval_error       : Evaluate [\_SB_.PCI0.PB7_.XPDV._SUN]: AE_NOT_FOUND
Jul 12 00:22:32 manji kernel:      scan-1916 add_single_object     : Added device:10 [\_SB_.PCI0.PB7_.XPDV] parent device:0f
Jul 12 00:22:32 manji kernel:      scan-1133 get_device_data       : No context for object [ffff88040d827208]
Jul 12 00:22:32 manji kernel:      scan-1133 get_device_data       : No context for object [ffff88040d827230]
Jul 12 00:22:32 manji kernel:      scan-1133 get_device_data       : No context for object [ffff88040d827258]
Jul 12 00:22:32 manji kernel:      scan-1133 get_device_data       : No context for object [ffff88040d827280]
Jul 12 00:22:32 manji kernel:      scan-1133 get_device_data       : No context for object [ffff88040d8272a8]
Jul 12 00:22:32 manji kernel:      scan-1133 get_device_data       : No context for object [ffff88040d837488]
Jul 12 00:22:32 manji kernel:      scan-1133 get_device_data       : No context for object [ffff88040d8272d0]
Jul 12 00:22:32 manji kernel:      scan-1133 get_device_data       : No context for object [ffff88040d8272f8]
Jul 12 00:22:32 manji kernel:     utils-0051 util_eval_error       : Evaluate [\_SB_.PCI0.OHC1._STA]: AE_NOT_FOUND
Jul 12 00:22:32 manji kernel: device: 'device:11': device_add
Jul 12 00:22:32 manji kernel: bus: 'acpi': add device device:11
Jul 12 00:22:32 manji kernel:     utils-0051 util_eval_error       : Evaluate [\_SB_.PCI0.OHC1._SUN]: AE_NOT_FOUND
Jul 12 00:22:32 manji kernel:      scan-1916 add_single_object     : Added device:11 [\_SB_.PCI0.OHC1] parent PNP0A08:00
Jul 12 00:22:32 manji kernel:      scan-1133 get_device_data       : No context for object [ffff88040d827320]
Jul 12 00:22:32 manji kernel:      scan-1133 get_device_data       : No context for object [ffff88040d827348]
Jul 12 00:22:32 manji kernel:      scan-1133 get_device_data       : No context for object [ffff88040d83b2f8]
Jul 12 00:22:32 manji kernel:     utils-0051 util_eval_error       : Evaluate [\_SB_.PCI0.OHC1.RHUB._STA]: AE_NOT_FOUND
Jul 12 00:22:32 manji kernel: device: 'device:12': device_add
Jul 12 00:22:32 manji kernel: bus: 'acpi': add device device:12
Jul 12 00:22:32 manji kernel:     utils-0051 util_eval_error       : Evaluate [\_SB_.PCI0.OHC1.RHUB._SUN]: AE_NOT_FOUND
Jul 12 00:22:32 manji kernel:      scan-1916 add_single_object     : Added device:12 [\_SB_.PCI0.OHC1.RHUB] parent device:11
Jul 12 00:22:32 manji kernel:      scan-1133 get_device_data       : No context for object [ffff88040d83b320]
Jul 12 00:22:32 manji kernel:      scan-1133 get_device_data       : No context for object [ffff88040d83b348]
Jul 12 00:22:32 manji kernel:     utils-0051 util_eval_error       : Evaluate [\_SB_.PCI0.OHC1.RHUB.PRT3._STA]: AE_NOT_FOUND
Jul 12 00:22:32 manji kernel: device: 'device:13': device_add
Jul 12 00:22:32 manji kernel: bus: 'acpi': add device device:13
Jul 12 00:22:32 manji kernel:     utils-0051 util_eval_error       : Evaluate [\_SB_.PCI0.OHC1.RHUB.PRT3._SUN]: AE_NOT_FOUND
Jul 12 00:22:32 manji kernel:      scan-1916 add_single_object     : Added device:13 [\_SB_.PCI0.OHC1.RHUB.PRT3] parent device:12
Jul 12 00:22:32 manji kernel:      scan-1133 get_device_data       : No context for object [ffff88040d83b370]
Jul 12 00:22:32 manji kernel:      scan-1133 get_device_data       : No context for object [ffff88040d83b398]
Jul 12 00:22:32 manji kernel:      scan-1133 get_device_data       : No context for object [ffff88040d83b3c0]
Jul 12 00:22:32 manji kernel:      scan-1133 get_device_data       : No context for object [ffff88040d83b3e8]
Jul 12 00:22:32 manji kernel:     utils-0051 util_eval_error       : Evaluate [\_SB_.PCI0.OHC1.RHUB.PRT4._STA]: AE_NOT_FOUND
Jul 12 00:22:32 manji kernel: device: 'device:14': device_add
Jul 12 00:22:32 manji kernel: bus: 'acpi': add device device:14
Jul 12 00:22:32 manji kernel:     utils-0051 util_eval_error       : Evaluate [\_SB_.PCI0.OHC1.RHUB.PRT4._SUN]: AE_NOT_FOUND
Jul 12 00:22:32 manji kernel:      scan-1916 add_single_object     : Added device:14 [\_SB_.PCI0.OHC1.RHUB.PRT4] parent device:12
Jul 12 00:22:32 manji kernel:      scan-1133 get_device_data       : No context for object [ffff88040d83b410]
Jul 12 00:22:32 manji kernel:      scan-1133 get_device_data       : No context for object [ffff88040d83b438]
Jul 12 00:22:32 manji kernel:      scan-1133 get_device_data       : No context for object [ffff88040d83b460]
Jul 12 00:22:32 manji kernel:      scan-1133 get_device_data       : No context for object [ffff88040d827370]
Jul 12 00:22:32 manji kernel:     utils-0051 util_eval_error       : Evaluate [\_SB_.PCI0.EHC1._STA]: AE_NOT_FOUND
Jul 12 00:22:32 manji kernel: device: 'device:15': device_add
Jul 12 00:22:32 manji kernel: bus: 'acpi': add device device:15
Jul 12 00:22:32 manji kernel:     utils-0051 util_eval_error       : Evaluate [\_SB_.PCI0.EHC1._SUN]: AE_NOT_FOUND
Jul 12 00:22:32 manji kernel:      scan-1916 add_single_object     : Added device:15 [\_SB_.PCI0.EHC1] parent PNP0A08:00
Jul 12 00:22:32 manji kernel:      scan-1133 get_device_data       : No context for object [ffff88040d827398]
Jul 12 00:22:32 manji kernel:      scan-1133 get_device_data       : No context for object [ffff88040d8273c0]
Jul 12 00:22:32 manji kernel:      scan-1133 get_device_data       : No context for object [ffff88040d83b028]
Jul 12 00:22:32 manji kernel:     utils-0051 util_eval_error       : Evaluate [\_SB_.PCI0.EHC1.RHUB._STA]: AE_NOT_FOUND
Jul 12 00:22:32 manji kernel: device: 'device:16': device_add
Jul 12 00:22:32 manji kernel: bus: 'acpi': add device device:16
Jul 12 00:22:32 manji kernel:     utils-0051 util_eval_error       : Evaluate [\_SB_.PCI0.EHC1.RHUB._SUN]: AE_NOT_FOUND
