[    0.000000] Initializing cgroup subsys cpuset
[    0.000000] Initializing cgroup subsys cpu
[    0.000000] Initializing cgroup subsys cpuacct
[    0.000000] Linux version 3.12.23-1-MANJARO (emacs@manji) (gcc version 4.9.0 20140604 (prerelease) (GCC) ) #7 SMP PREEMPT Mon Jul 14 00:09:28 CEST 2014
[    0.000000] Command line: BOOT_IMAGE=/vmlinuz-312-x86_64 root=UUID=bfa4ab6e-19a3-4601-ba2b-267c55841c73 rw cryptdevice=/dev/disk/by-uuid/70c08890-417a-497d-b6ab-c0d0357a63e2:cryptManjaro:allow-discards ipv6.disable=1 pnp.debug=1 loglevel=9 log_buf_len=10M printk.always_kmsg_dump=y printk.time=y mminit_loglevel=0 memory_corruption_check=1 fbcon=scrollback:4096k fbcon=font:ProFont6x11 acpi.debug_layer=0xfbff0000 acpi.debug_level=0xFFFFFFFD pnp.debug=1 radeon.dpm=1 radeonfb radeon.audio=0
[    0.000000] e820: BIOS-provided physical RAM map:
[    0.000000] BIOS-e820: [mem 0x0000000000000000-0x000000000009d7ff] usable
[    0.000000] BIOS-e820: [mem 0x000000000009d800-0x000000000009ffff] reserved
[    0.000000] BIOS-e820: [mem 0x00000000000e0000-0x00000000000fffff] reserved
[    0.000000] BIOS-e820: [mem 0x0000000000100000-0x00000000bed9afff] usable
[    0.000000] BIOS-e820: [mem 0x00000000bed9b000-0x00000000bf39afff] reserved
[    0.000000] BIOS-e820: [mem 0x00000000bf39b000-0x00000000bf49afff] ACPI NVS
[    0.000000] BIOS-e820: [mem 0x00000000bf49b000-0x00000000bf51afff] ACPI data
[    0.000000] BIOS-e820: [mem 0x00000000bf51b000-0x00000000bfdfffff] usable
[    0.000000] BIOS-e820: [mem 0x00000000bfe00000-0x00000000bfffffff] reserved
[    0.000000] BIOS-e820: [mem 0x00000000fec00000-0x00000000fecfffff] reserved
[    0.000000] BIOS-e820: [mem 0x00000000fed80000-0x00000000fed80fff] reserved
[    0.000000] BIOS-e820: [mem 0x00000000ffe00000-0x00000000ffffffff] reserved
[    0.000000] BIOS-e820: [mem 0x0000000100000000-0x000000041effffff] usable
[    0.000000] NX (Execute Disable) protection: active
[    0.000000] SMBIOS 2.6 present.
[    0.000000] DMI: LENOVO Sabine/Torpedo, BIOS 54CN18WW 07/20/2011
[    0.000000] e820: update [mem 0x00000000-0x00000fff] usable ==> reserved
[    0.000000] e820: remove [mem 0x000a0000-0x000fffff] usable
[    0.000000] No AGP bridge found
[    0.000000] e820: last_pfn = 0x41f000 max_arch_pfn = 0x400000000
[    0.000000] MTRR default type: uncachable
[    0.000000] MTRR fixed ranges enabled:
[    0.000000]   00000-9FFFF write-back
[    0.000000]   A0000-BFFFF uncachable
[    0.000000]   C0000-FFFFF write-protect
[    0.000000] MTRR variable ranges enabled:
[    0.000000]   0 base 0000000000 mask FF80000000 write-back
[    0.000000]   1 base 0080000000 mask FFC0000000 write-back
[    0.000000]   2 base 00FFF90000 mask FFFFFF0000 uncachable
[    0.000000]   3 base 00FED80000 mask 0FFFFFF000 uncachable
[    0.000000]   4 disabled
[    0.000000]   5 disabled
[    0.000000]   6 disabled
[    0.000000]   7 base 00FFE00000 mask FFFFE00000 write-protect
[    0.000000] TOM2: 000000041f000000 aka 16880M
[    0.000000] x86 PAT enabled: cpu 0, old 0x7040600070406, new 0x7010600070106
[    0.000000] mtrr: your BIOS has configured an incorrect mask, fixing it.
[    0.000000] e820: last_pfn = 0xbfe00 max_arch_pfn = 0x400000000
[    0.000000] found SMP MP-table at [mem 0x000fa8b0-0x000fa8bf] mapped at [ffff8800000fa8b0]
[    0.000000] Scanning 1 areas for low memory corruption
[    0.000000] Base memory trampoline at [ffff880000097000] 97000 size 24576
[    0.000000] Using GB pages for direct mapping
[    0.000000] init_memory_mapping: [mem 0x00000000-0x000fffff]
[    0.000000]  [mem 0x00000000-0x000fffff] page 4k
[    0.000000] BRK [0x0204c000, 0x0204cfff] PGTABLE
[    0.000000] BRK [0x0204d000, 0x0204dfff] PGTABLE
[    0.000000] BRK [0x0204e000, 0x0204efff] PGTABLE
[    0.000000] init_memory_mapping: [mem 0x41ee00000-0x41effffff]
[    0.000000]  [mem 0x41ee00000-0x41effffff] page 2M
[    0.000000] BRK [0x0204f000, 0x0204ffff] PGTABLE
[    0.000000] init_memory_mapping: [mem 0x41c000000-0x41edfffff]
[    0.000000]  [mem 0x41c000000-0x41edfffff] page 2M
[    0.000000] init_memory_mapping: [mem 0x400000000-0x41bffffff]
[    0.000000]  [mem 0x400000000-0x41bffffff] page 2M
[    0.000000] init_memory_mapping: [mem 0x00100000-0xbed9afff]
[    0.000000]  [mem 0x00100000-0x001fffff] page 4k
[    0.000000]  [mem 0x00200000-0x3fffffff] page 2M
[    0.000000]  [mem 0x40000000-0x7fffffff] page 1G
[    0.000000]  [mem 0x80000000-0xbebfffff] page 2M
[    0.000000]  [mem 0xbec00000-0xbed9afff] page 4k
[    0.000000] init_memory_mapping: [mem 0xbf51b000-0xbfdfffff]
[    0.000000]  [mem 0xbf51b000-0xbf5fffff] page 4k
[    0.000000]  [mem 0xbf600000-0xbfdfffff] page 2M
[    0.000000] BRK [0x02050000, 0x02050fff] PGTABLE
[    0.000000] init_memory_mapping: [mem 0x100000000-0x3ffffffff]
[    0.000000]  [mem 0x100000000-0x3ffffffff] page 1G
[    0.000000] log_buf_len: 16777216
[    0.000000] early log buf free: 2092248(99%)
[    0.000000] RAMDISK: [mem 0x37880000-0x37c37fff]
[    0.000000] ACPI: RSDP 00000000000f0110 00024 (v02 LENOVO)
[    0.000000] ACPI: XSDT 00000000bf51a120 00074 (v01 LENOVO CB-01    00000001 LENO 00000001)
[    0.000000] ACPI: FACP 00000000bf508000 000F4 (v04 LENOVO CB-01    00000001 PTL  00000001)
[    0.000000] ACPI: DSDT 00000000bf50a000 0FD10 (v01 LENOVO CB-01    00001000 LENO 00000001)
[    0.000000] ACPI: FACS 00000000bf478000 00040
[    0.000000] ACPI: HPET 00000000bf507000 00038 (v01 LENOVO CB-01    00000001 PTL  00000001)
[    0.000000] ACPI: APIC 00000000bf506000 0007A (v02 LENOVO CB-01    00000001 PTL  00000001)
[    0.000000] ACPI: MCFG 00000000bf505000 0003C (v01 LENOVO CB-01    00000001 PTL  00000001)
[    0.000000] ACPI: SLIC 00000000bf504000 00176 (v01 LENOVO CB-01    00000001 LENO 00000001)
[    0.000000] ACPI: UEFI 00000000bf503000 0003E (v01 LENOVO CB-01    00000001 PTL  00000001)
[    0.000000] ACPI: UEFI 00000000bf502000 00042 (v01 PTL      COMBUF 00000001 PTL  00000001)
[    0.000000] ACPI: SSDT 00000000bf501000 00E34 (v01 AMD    POWERNOW 00000001 AMD  00000001)
[    0.000000] ACPI: SSDT 00000000bf4ff000 0193D (v02    AMD     ALIB 00000001 MSFT 04000000)
[    0.000000] ACPI: UEFI 00000000bf4fe000 0021A (v01 LENOVO CB-01    00000001 PTL  00000001)
[    0.000000] ACPI: Local APIC address 0xfee00000
[    0.000000] No NUMA configuration found
[    0.000000] Faking a node at [mem 0x0000000000000000-0x000000041effffff]
[    0.000000] Initmem setup node 0 [mem 0x00000000-0x41effffff]
[    0.000000]   NODE_DATA [mem 0x41dffa000-0x41dffdfff]
[    0.000000]  [ffffea0000000000-ffffea00107fffff] PMD -> [ffff88040de00000-ffff88041d5fffff] on node 0
[    0.000000] Zone ranges:
[    0.000000]   DMA      [mem 0x00001000-0x00ffffff]
[    0.000000]   DMA32    [mem 0x01000000-0xffffffff]
[    0.000000]   Normal   [mem 0x100000000-0x41effffff]
[    0.000000] Movable zone start for each node
[    0.000000] Early memory node ranges
[    0.000000]   node   0: [mem 0x00001000-0x0009cfff]
[    0.000000]   node   0: [mem 0x00100000-0xbed9afff]
[    0.000000]   node   0: [mem 0xbf51b000-0xbfdfffff]
[    0.000000]   node   0: [mem 0x100000000-0x41effffff]
[    0.000000] On node 0 totalpages: 4056604
[    0.000000]   DMA zone: 64 pages used for memmap
[    0.000000]   DMA zone: 21 pages reserved
[    0.000000]   DMA zone: 3996 pages, LIFO batch:0
[    0.000000]   DMA32 zone: 12186 pages used for memmap
[    0.000000]   DMA32 zone: 779904 pages, LIFO batch:31
[    0.000000]   Normal zone: 51136 pages used for memmap
[    0.000000]   Normal zone: 3272704 pages, LIFO batch:31
[    0.000000] ACPI: PM-Timer IO Port: 0x808
[    0.000000] ACPI: Local APIC address 0xfee00000
[    0.000000] ACPI: LAPIC (acpi_id[0x00] lapic_id[0x00] enabled)
[    0.000000] ACPI: LAPIC (acpi_id[0x01] lapic_id[0x01] enabled)
[    0.000000] ACPI: LAPIC (acpi_id[0x02] lapic_id[0x02] enabled)
[    0.000000] ACPI: LAPIC (acpi_id[0x03] lapic_id[0x03] enabled)
[    0.000000] ACPI: LAPIC_NMI (acpi_id[0x00] high edge lint[0x1])
[    0.000000] ACPI: LAPIC_NMI (acpi_id[0x01] high edge lint[0x1])
[    0.000000] ACPI: LAPIC_NMI (acpi_id[0x02] high edge lint[0x1])
[    0.000000] ACPI: LAPIC_NMI (acpi_id[0x03] high edge lint[0x1])
[    0.000000] ACPI: IOAPIC (id[0x02] address[0xfec00000] gsi_base[0])
[    0.000000] IOAPIC[0]: apic_id 2, version 33, address 0xfec00000, GSI 0-23
[    0.000000] ACPI: INT_SRC_OVR (bus 0 bus_irq 0 global_irq 2 dfl dfl)
[    0.000000] ACPI: IRQ0 used by override.
[    0.000000] ACPI: IRQ2 used by override.
[    0.000000] ACPI: IRQ9 used by override.
[    0.000000] Using ACPI (MADT) for SMP configuration information
[    0.000000] ACPI: HPET id: 0x43538210 base: 0xfed00000
[    0.000000] smpboot: Allowing 4 CPUs, 0 hotplug CPUs
[    0.000000] nr_irqs_gsi: 40
[    0.000000] e820: [mem 0xc0000000-0xfebfffff] available for PCI devices
[    0.000000] setup_percpu: NR_CPUS:128 nr_cpumask_bits:128 nr_cpu_ids:4 nr_node_ids:1
[    0.000000] PERCPU: Embedded 27 pages/cpu @ffff88041dc00000 s80896 r8192 d21504 u524288
[    0.000000] pcpu-alloc: s80896 r8192 d21504 u524288 alloc=1*2097152
[    0.000000] pcpu-alloc: [0] 0 1 2 3 
[    0.000000] Built 1 zonelists in Zone order, mobility grouping on.  Total pages: 3993197
[    0.000000] Policy zone: Normal
[    0.000000] Kernel command line: BOOT_IMAGE=/vmlinuz-312-x86_64 root=UUID=bfa4ab6e-19a3-4601-ba2b-267c55841c73 rw cryptdevice=/dev/disk/by-uuid/70c08890-417a-497d-b6ab-c0d0357a63e2:cryptManjaro:allow-discards ipv6.disable=1 pnp.debug=1 loglevel=9 log_buf_len=10M printk.always_kmsg_dump=y printk.time=y mminit_loglevel=0 memory_corruption_check=1 fbcon=scrollback:4096k fbcon=font:ProFont6x11 acpi.debug_layer=0xfbff0000 acpi.debug_level=0xFFFFFFFD pnp.debug=1 radeon.dpm=1 radeonfb radeon.audio=0
[    0.000000] PID hash table entries: 4096 (order: 3, 32768 bytes)
[    0.000000] Checking aperture...
[    0.000000] No AGP bridge found
[    0.000000] Memory: 15868808K/16226416K available (6371K kernel code, 760K rwdata, 2816K rodata, 880K init, 2728K bss, 357608K reserved)
[    0.000000] SLUB: HWalign=64, Order=0-3, MinObjects=0, CPUs=4, Nodes=1
[    0.000000] Preemptible hierarchical RCU implementation.
[    0.000000] 	RCU dyntick-idle grace-period acceleration is enabled.
[    0.000000] 	Additional per-CPU info printed with stalls.
[    0.000000] 	RCU restricting CPUs from NR_CPUS=128 to nr_cpu_ids=4.
[    0.000000] NR_IRQS:8448 nr_irqs:712 16
[    0.000000] spurious 8259A interrupt: IRQ7.
[    0.000000] Console: colour dummy device 80x25
[    0.000000] console [tty0] enabled
[    0.000000] allocated 65011712 bytes of page_cgroup
[    0.000000] please try 'cgroup_disable=memory' option if you don't want memory cgroups
[    0.000000] hpet clockevent registered
[    0.000000] tsc: Fast TSC calibration using PIT
[    0.001000] tsc: Detected 1397.489 MHz processor
[    0.000004] Calibrating delay loop (skipped), value calculated using timer frequency.. 2794.97 BogoMIPS (lpj=1397489)
[    0.000014] pid_max: default: 32768 minimum: 301
[    0.000053] Security Framework initialized
[    0.001689] Dentry cache hash table entries: 2097152 (order: 12, 16777216 bytes)
[    0.008280] Inode-cache hash table entries: 1048576 (order: 11, 8388608 bytes)
[    0.011210] Mount-cache hash table entries: 256
[    0.011511] Initializing cgroup subsys memory
[    0.011530] Initializing cgroup subsys devices
[    0.011535] Initializing cgroup subsys freezer
[    0.011540] Initializing cgroup subsys blkio
[    0.011571] tseg: 00bfe00000
[    0.011577] CPU: Physical Processor ID: 0
[    0.011581] CPU: Processor Core ID: 0
[    0.011586] mce: CPU supports 6 MCE banks
[    0.011600] Last level iTLB entries: 4KB 512, 2MB 16, 4MB 8
Last level dTLB entries: 4KB 1024, 2MB 128, 4MB 64
tlb_flushall_shift: 5
[    0.011773] Freeing SMP alternatives memory: 20K (ffffffff81d9c000 - ffffffff81da1000)
[    0.011781] ACPI: Core revision 20130725
[    0.024345] ACPI: All ACPI Tables successfully acquired
[    0.026422] ..TIMER: vector=0x30 apic1=0 pin1=2 apic2=-1 pin2=-1
[    0.036435] smpboot: CPU0: AMD A6-3400M APU with Radeon(tm) HD Graphics (fam: 12, model: 01, stepping: 00)
[    0.138324] Performance Events: AMD PMU driver.
[    0.138333] ... version:                0
[    0.138337] ... bit width:              48
[    0.138341] ... generic registers:      4
[    0.138345] ... value mask:             0000ffffffffffff
[    0.138349] ... max period:             00007fffffffffff
[    0.138353] ... fixed-purpose events:   0
[    0.138357] ... event mask:             000000000000000f
[    0.144487] MCE: In-kernel MCE decoding enabled.
[    0.146415] NMI watchdog: enabled on all CPUs, permanently consumes one hw-PMU counter.
[    0.148437] smpboot: Booting Node   0, Processors  #   1
[    0.161660] TSC synchronization [CPU#0 -> CPU#1]:
[    0.161667] Measured 134302064 cycles TSC warp between CPUs, turning off TSC clock.
[    0.002000] tsc: Marking TSC unstable due to check_tsc_sync_source failed
[    0.062114]  #   2 #   3 OK
[    0.086319] Brought up 4 CPUs
[    0.086325] smpboot: Total of 4 processors activated (11179.91 BogoMIPS)
[    0.088003] devtmpfs: initialized
[    0.088038] device: 'platform': device_add
[    0.088065] bus: 'platform': registered
[    0.088076] bus: 'cpu': registered
[    0.088081] device: 'cpu': device_add
[    0.088360] bus: 'workqueue': registered
[    0.088360] device: 'workqueue': device_add
[    0.088366] atomic64 test passed for x86-64 platform with CX8 and with SSE
[    0.088373] device class 'regulator': registering
[    0.088414] Registering platform device 'reg-dummy'. Parent at platform
[    0.088419] device: 'reg-dummy': device_add
[    0.088425] bus: 'platform': add device reg-dummy
[    0.088443] bus: 'platform': add driver reg-dummy
[    0.088451] bus: 'platform': driver_probe_device: matched device reg-dummy with driver reg-dummy
[    0.088459] bus: 'platform': really_probe: probing driver reg-dummy with device reg-dummy
[    0.088471] device: 'regulator.0': device_add
[    0.088491] regulator-dummy: no parameters
[    0.088506] driver: 'reg-dummy': driver_bound: bound to device 'reg-dummy'
[    0.088512] bus: 'platform': really_probe: bound device reg-dummy to driver reg-dummy
[    0.089075] NET: Registered protocol family 16
[    0.089222] device class 'bdi': registering
[    0.089233] bus: 'platform': add driver ramoops
[    0.089246] device class 'pci_bus': registering
[    0.089262] bus: 'pci': registered
[    0.089266] device class 'backlight': registering
[    0.089273] device class 'video_output': registering
[    0.089281] device class 'tty': registering
[    0.089288] device class 'vtconsole': registering
[    0.089300] device: 'vtcon0': device_add
[    0.089326] bus: 'node': registered
[    0.089331] device: 'node': device_add
[    0.089351] bus: 'i2c': registered
[    0.089357] bus: 'i2c': add driver dummy
[    0.089366] i2c-core: driver [dummy] registered
[    0.089372] cpuidle: using governor ladder
[    0.089376] cpuidle: using governor menu
[    0.089673] ACPI FADT declares the system doesn't support PCIe ASPM, so disable it
[    0.089679] ACPI: bus type PCI registered
[    0.089684] acpiphp: ACPI Hot Plug PCI Controller Driver version: 0.5
[    0.089690] device class 'dmi': registering
[    0.089699] device: 'id': device_add
[    0.089761] PCI: MMCONFIG for domain 0000 [bus 00-3f] at [mem 0xf8000000-0xfbffffff] (base 0xf8000000)
[    0.089770] PCI: not using MMCONFIG
[    0.089775] PCI: Using configuration type 1 for base access
[    0.089779] PCI: Using configuration type 1 for extended access
[    0.089921] device: 'node0': device_add
[    0.089926] bus: 'node': add device node0
[    0.089948] device: 'cpu0': device_add
[    0.089953] bus: 'cpu': add device cpu0
[    0.089993] device: 'cpu1': device_add
[    0.090004] bus: 'cpu': add device cpu1
[    0.090043] device: 'cpu2': device_add
[    0.090049] bus: 'cpu': add device cpu2
[    0.090086] device: 'cpu3': device_add
[    0.090091] bus: 'cpu': add device cpu3
[    0.090124] mtrr: your CPUs had inconsistent variable MTRR settings
[    0.090129] mtrr: probably your BIOS does not setup all CPUs.
[    0.090133] mtrr: corrected configuration.
[    0.091751] device: 'writeback': device_add
[    0.091751] bus: 'workqueue': add device writeback
[    0.091751] device: 'default': device_add
[    0.091751] bio: create slab <bio-0> at 0
[    0.092027] device class 'block': registering
[    0.092052] device class 'graphics': registering
[    0.092082] ACPI: Added _OSI(Module Device)
[    0.092087] ACPI: Added _OSI(Processor Device)
[    0.092091] ACPI: Added _OSI(3.0 _SCP Extensions)
[    0.092096] ACPI: Added _OSI(Processor Aggregator Device)
[    0.094638] ACPI: EC: Look up EC in DSDT
[    0.094922] 
**** Context Switch from TID 4294967295 to TID 137068544 ****

[    0.094932]    utils-0288 [137068544] [02] evaluate_integer      : Return value [3]
[    0.094947]    utils-0052 [137068544] [02] util_eval_error       : Evaluate [\_SB_.PCI0.LPC0.EC0_._GLK]: AE_NOT_FOUND
[    0.095315] Executing  Method       \_SB_.PCI0.LPC0.EC0_._REG
[    0.095908] Executing  Method       \_SB_.PCI0.LPC0.EC0_._REG
[    0.095934] Executing  Method       \_SB_.PCI0.LPC0.EC0_._REG
[    0.096011] Executing  Method       \_SB_.PCI0.LPC0.EC0_._REG
[    0.099100] Initializing Region       \_SB_.OSTY
[    0.099134] Initializing Region       \_SB_.PCI0.NBMS
[    0.099156] Initializing Region       \_SB_.PCI0.NBXP
[    0.099181] Initializing Region       \_SB_.PCI0.K8ST
[    0.099243] Initializing Region       \_SB_.PCI0.BAR1
[    0.099282] Initializing Region       \_SB_.PCI0.PB2_.XPEX
[    0.099304] Initializing Region       \_SB_.PCI0.PB2_.PCFG
[    0.099326] Initializing Region       \_SB_.PCI0.PB2_.XPCB
[    0.099349] Initializing Region       \_SB_.PCI0.PB2_.XPRI
[    0.099374] Initializing Region       \_SB_.PCI0.PB2_.VGA_.PCFG
[    0.099459] Initializing Region       \_SB_.PCI0.PB2_.HDAU.PCFG
[    0.099496] Initializing Region       \_SB_.PCI0.PB3_.XPEX
[    0.099517] Initializing Region       \_SB_.PCI0.PB3_.PCFG
[    0.099538] Initializing Region       \_SB_.PCI0.PB3_.XPCB
[    0.099561] Initializing Region       \_SB_.PCI0.PB3_.XPRI
[    0.099587] Initializing Region       \_SB_.PCI0.PB3_.VGA_.PCFG
[    0.099683] Initializing Region       \_SB_.PCI0.PB3_.HDAU.PCFG
[    0.099720] Initializing Region       \_SB_.PCI0.PB4_.XPEX
[    0.099741] Initializing Region       \_SB_.PCI0.PB4_.PCFG
[    0.099763] Initializing Region       \_SB_.PCI0.PB4_.XPCB
[    0.099785] Initializing Region       \_SB_.PCI0.PB4_.XPRI
[    0.099811] Initializing Region       \_SB_.PCI0.PB4_.XPDV.PCFG
[    0.099848] Initializing Region       \_SB_.PCI0.PB5_.XPEX
[    0.099869] Initializing Region       \_SB_.PCI0.PB5_.PCFG
[    0.099890] Initializing Region       \_SB_.PCI0.PB5_.XPCB
[    0.099913] Initializing Region       \_SB_.PCI0.PB5_.XPRI
[    0.099939] Initializing Region       \_SB_.PCI0.PB5_.XPDV.PCFG
[    0.099975] Initializing Region       \_SB_.PCI0.PB6_.XPEX
[    0.099996] Initializing Region       \_SB_.PCI0.PB6_.PCFG
[    0.100022] Initializing Region       \_SB_.PCI0.PB6_.XPCB
[    0.100044] Initializing Region       \_SB_.PCI0.PB6_.XPRI
[    0.100070] Initializing Region       \_SB_.PCI0.PB6_.XPDV.PCFG
[    0.100107] Initializing Region       \_SB_.PCI0.PB7_.XPEX
[    0.100128] Initializing Region       \_SB_.PCI0.PB7_.PCFG
[    0.100149] Initializing Region       \_SB_.PCI0.PB7_.XPCB
[    0.100172] Initializing Region       \_SB_.PCI0.PB7_.XPRI
[    0.100198] Initializing Region       \_SB_.PCI0.PB7_.XPDV.PCFG
[    0.100508] Initializing Region       \_SB_.PCI0.SATC
[    0.100530] Initializing Region       \_SB_.PCI0.RMEM
[    0.100626] Initializing Region       \_SB_.PCI0.SATA.SATX
[    0.100652] Initializing Region       \_SB_.PCI0.SATA.BAR5
[    0.104268] Initializing Region       \_SB_.PCI0.SMB_.SBRV
[    0.104307] Initializing Region       \_SB_.PCI0.SMB_.PMIO
[    0.104330] Initializing Region       \_SB_.PCI0.SMB_.ERMM
[    0.104330] Initializing Region       \_SB_.PCI0.SMB_.P1E0
[    0.104330] Initializing Region       \_SB_.PCI0.SMB_.ABIO
[    0.104330] Initializing Region       \_SB_.PCI0.SMB_.SMB0
[    0.104330] Initializing Region       \_SB_.PCI0.LPC0.PIRQ
[    0.104333] Initializing Region       \_SB_.PCI0.LPC0.LPCR
[    0.104435] Initializing Region       \_SB_.PCI0.LPC0.LPCS
[    0.104470] Initializing Region       \_SB_.PCI0.LPC0.SMI0
[    0.104491] Initializing Region       \_SB_.PCI0.LPC0.SMI1
[    0.104519] Initializing Region       \_SB_.PCI0.LPC0.EC0_.ECO1
[    0.104540] Initializing Region       \_SB_.PCI0.LPC0.EC0_.ECO2
[    0.104560] Initializing Region       \_SB_.PCI0.LPC0.EC0_.ECMB
[    0.104580] Initializing Region       \_SB_.PCI0.LPC0.EC0_.RAM_
[    0.104711] Initializing Region       \_SB_.PCI0.LPC0.EC0_.CMOS
[    0.104757] Initializing Region       \_SB_.PCI0.LPC0.EC0_.VPC0.ERAM
[    0.104832] Initializing Region       \_SB_.PCI0.SPB0.PCFG
[    0.104853] Initializing Region       \_SB_.PCI0.SPB0.XPCB
[    0.104878] Initializing Region       \_SB_.PCI0.SPB0.XPDV.PCFG
[    0.104913] Initializing Region       \_SB_.PCI0.SPB1.PCFG
[    0.104934] Initializing Region       \_SB_.PCI0.SPB1.XPCB
[    0.104959] Initializing Region       \_SB_.PCI0.SPB1.XPDV.PCFG
[    0.105006] Initializing Region       \_SB_.PCI0.SPB2.PCFG
[    0.105027] Initializing Region       \_SB_.PCI0.SPB2.XPCB
[    0.105052] Initializing Region       \_SB_.PCI0.SPB2.XPDV.PCFG
[    0.105086] Initializing Region       \_SB_.PCI0.SPB3.PCFG
[    0.105107] Initializing Region       \_SB_.PCI0.SPB3.XPCB
[    0.105132] Initializing Region       \_SB_.PCI0.SPB3.XPDV.PCFG
[    0.105322] Initializing Region       \_SB_.PCI0.VGA_.REVD
[    0.105553] Initializing BufferField  \_SB_.AMW0.WLID
[    0.106025] Initializing Region       \DEB2
[    0.106047] Initializing Region       \PMIO
[    0.106067] Initializing Region       \P01_
[    0.106115] Initializing Region       \CNVS
[    0.106149] Initializing Region       \SPRT
[    0.106185] Initializing Region       \CMIO
[    0.106349] Executing  Method       \_SB_._STA
[    0.106359] Executing  Method       \_SB_._INI
[    0.106368] Executing  Method       \_SB_.PCI0._STA
[    0.106376] Executing  Method       \_SB_.PCI0._INI
[    0.106650] [Firmware Bug]: ACPI: BIOS _OSI(Linux) query ignored
[    0.107127] Executing  Method       \_SB_.PCI0.SATA._STA
[    0.107138] Executing  Method       \_SB_.PCI0.SATA._INI
[    0.108099] Executing  Method       \_SB_.PCI0.LPC0.EC0_._REG
[    0.134047] ACPI: Interpreter enabled
[    0.134073] ACPI: (supports S0 S5)
[    0.134078] ACPI: Using IOAPIC for interrupt routing
[    0.134432] PCI: MMCONFIG for domain 0000 [bus 00-3f] at [mem 0xf8000000-0xfbffffff] (base 0xf8000000)
[    0.135227] PCI: MMCONFIG at [mem 0xf8000000-0xfbffffff] reserved in ACPI motherboard resources
[    0.139949] bus: 'acpi': registered
[    0.139959] PCI: Using host bridge windows from ACPI; if necessary, use "pci=nocrs" and report a bug
[    0.139976]     scan-0964 [137068544] [4294967295] bus_get_device        : No context for object [ffffffffffffffff]
[    0.139993]    utils-0052 [137068544] [4294967295] util_eval_error       : Evaluate [\._STA]: AE_NOT_FOUND
[    0.140025] device: 'LNXSYSTM:00': device_add
[    0.140033] bus: 'acpi': add device LNXSYSTM:00
[    0.140055]    utils-0052 [137068544] [4294967295] util_eval_error       : Evaluate [\._SUN]: AE_NOT_FOUND
[    0.140073]     scan-1711 [137068544] [4294967295] add_single_object     : Added LNXSYSTM:00 [\] parent (null)
[    0.140085]     scan-0964 [137068544] [01] bus_get_device        : No context for object [ffff88040823c000]
[    0.140096]     scan-0964 [137068544] [01] bus_get_device        : No context for object [ffff88040827e7d0]
[    0.140107]     scan-0964 [137068544] [01] bus_get_device        : No context for object [ffff88040827e7f8]
[    0.140117]     scan-0964 [137068544] [01] bus_get_device        : No context for object [ffff88040827e820]
[    0.140127]     scan-0964 [137068544] [01] bus_get_device        : No context for object [ffff88040827e848]
[    0.140137]     scan-0964 [137068544] [01] bus_get_device        : No context for object [ffff88040827e870]
[    0.140146]     scan-0964 [137068544] [01] bus_get_device        : No context for object [ffff88040827e898]
[    0.140156]     scan-0964 [137068544] [01] bus_get_device        : No context for object [ffff88040827e8c0]
[    0.140166]     scan-0964 [137068544] [01] bus_get_device        : No context for object [ffff88040827e8e8]
[    0.140176]     scan-0964 [137068544] [01] bus_get_device        : No context for object [ffff880408280398]
[    0.140186]     scan-0964 [137068544] [01] bus_get_device        : No context for object [ffff88040823c028]
[    0.140196]     scan-0964 [137068544] [01] bus_get_device        : No context for object [ffff88040823c168]
[    0.140207]    utils-0052 [137068544] [01] util_eval_error       : Evaluate [\_PR_.C000._STA]: AE_NOT_FOUND
[    0.140220]     scan-0964 [137068544] [01] bus_get_device        : No context for object [ffff88040823c028]
[    0.140239] device: 'LNXCPU:00': device_add
[    0.140245] bus: 'acpi': add device LNXCPU:00
[    0.140260]    utils-0052 [137068544] [01] util_eval_error       : Evaluate [\_PR_.C000._SUN]: AE_NOT_FOUND
[    0.140275]     scan-1711 [137068544] [01] add_single_object     : Added LNXCPU:00 [\_PR_.C000] parent LNXSYSTM:00
[    0.140286]     scan-0964 [137068544] [01] bus_get_device        : No context for object [ffff880408283398]
[    0.140296]     scan-0964 [137068544] [01] bus_get_device        : No context for object [ffff8804082833c0]
[    0.140306]     scan-0964 [137068544] [01] bus_get_device        : No context for object [ffff8804082833e8]
[    0.140316]     scan-0964 [137068544] [01] bus_get_device        : No context for object [ffff880408283410]
[    0.140326]     scan-0964 [137068544] [01] bus_get_device        : No context for object [ffff880408283438]
[    0.140335]     scan-0964 [137068544] [01] bus_get_device        : No context for object [ffff880408283460]
[    0.140345]     scan-0964 [137068544] [01] bus_get_device        : No context for object [ffff88040823c190]
[    0.140356]    utils-0052 [137068544] [01] util_eval_error       : Evaluate [\_PR_.C001._STA]: AE_NOT_FOUND
[    0.140369]     scan-0964 [137068544] [01] bus_get_device        : No context for object [ffff88040823c028]
[    0.140387] device: 'LNXCPU:01': device_add
[    0.140395] bus: 'acpi': add device LNXCPU:01
[    0.140409]    utils-0052 [137068544] [01] util_eval_error       : Evaluate [\_PR_.C001._SUN]: AE_NOT_FOUND
[    0.140424]     scan-1711 [137068544] [01] add_single_object     : Added LNXCPU:01 [\_PR_.C001] parent LNXSYSTM:00
[    0.140434]     scan-0964 [137068544] [01] bus_get_device        : No context for object [ffff880408283488]
[    0.140444]     scan-0964 [137068544] [01] bus_get_device        : No context for object [ffff8804082834b0]
[    0.140454]     scan-0964 [137068544] [01] bus_get_device        : No context for object [ffff8804082834d8]
[    0.140464]     scan-0964 [137068544] [01] bus_get_device        : No context for object [ffff880408283500]
[    0.140474]     scan-0964 [137068544] [01] bus_get_device        : No context for object [ffff880408283528]
[    0.140484]     scan-0964 [137068544] [01] bus_get_device        : No context for object [ffff880408283550]
[    0.140494]     scan-0964 [137068544] [01] bus_get_device        : No context for object [ffff88040823c1b8]
[    0.140505]    utils-0052 [137068544] [01] util_eval_error       : Evaluate [\_PR_.C002._STA]: AE_NOT_FOUND
[    0.140516]     scan-0964 [137068544] [01] bus_get_device        : No context for object [ffff88040823c028]
[    0.140535] device: 'LNXCPU:02': device_add
[    0.140540] bus: 'acpi': add device LNXCPU:02
[    0.140554]    utils-0052 [137068544] [01] util_eval_error       : Evaluate [\_PR_.C002._SUN]: AE_NOT_FOUND
[    0.140568]     scan-1711 [137068544] [01] add_single_object     : Added LNXCPU:02 [\_PR_.C002] parent LNXSYSTM:00
[    0.140579]     scan-0964 [137068544] [01] bus_get_device        : No context for object [ffff880408283578]
[    0.140589]     scan-0964 [137068544] [01] bus_get_device        : No context for object [ffff8804082835a0]
[    0.140598]     scan-0964 [137068544] [01] bus_get_device        : No context for object [ffff8804082835c8]
[    0.140608]     scan-0964 [137068544] [01] bus_get_device        : No context for object [ffff8804082835f0]
[    0.140618]     scan-0964 [137068544] [01] bus_get_device        : No context for object [ffff880408283618]
[    0.140628]     scan-0964 [137068544] [01] bus_get_device        : No context for object [ffff880408283640]
[    0.140638]     scan-0964 [137068544] [01] bus_get_device        : No context for object [ffff88040823c1e0]
[    0.140649]    utils-0052 [137068544] [01] util_eval_error       : Evaluate [\_PR_.C003._STA]: AE_NOT_FOUND
[    0.140660]     scan-0964 [137068544] [01] bus_get_device        : No context for object [ffff88040823c028]
[    0.140679] device: 'LNXCPU:03': device_add
[    0.140684] bus: 'acpi': add device LNXCPU:03
[    0.140699]    utils-0052 [137068544] [01] util_eval_error       : Evaluate [\_PR_.C003._SUN]: AE_NOT_FOUND
[    0.140714]     scan-1711 [137068544] [01] add_single_object     : Added LNXCPU:03 [\_PR_.C003] parent LNXSYSTM:00
[    0.140724]     scan-0964 [137068544] [01] bus_get_device        : No context for object [ffff880408283668]
[    0.140734]     scan-0964 [137068544] [01] bus_get_device        : No context for object [ffff880408283690]
[    0.140744]     scan-0964 [137068544] [01] bus_get_device        : No context for object [ffff8804082836b8]
[    0.140754]     scan-0964 [137068544] [01] bus_get_device        : No context for object [ffff8804082836e0]
[    0.140764]     scan-0964 [137068544] [01] bus_get_device        : No context for object [ffff880408283708]
[    0.140774]     scan-0964 [137068544] [01] bus_get_device        : No context for object [ffff880408283730]
[    0.140784]     scan-0964 [137068544] [01] bus_get_device        : No context for object [ffff88040823c050]
[    0.140796]    utils-0052 [137068544] [01] util_eval_error       : Evaluate [\_SB_._STA]: AE_NOT_FOUND
[    0.140881] device: 'device:00': device_add
[    0.140887] bus: 'acpi': add device device:00
[    0.140900]    utils-0052 [137068544] [01] util_eval_error       : Evaluate [\_SB_._SUN]: AE_NOT_FOUND
[    0.140914]     scan-1711 [137068544] [01] add_single_object     : Added device:00 [\_SB_] parent LNXSYSTM:00
[    0.140925]     scan-0964 [137068544] [01] bus_get_device        : No context for object [ffff88040823c3c0]
[    0.140935]     scan-0964 [137068544] [01] bus_get_device        : No context for object [ffff88040823c3e8]
[    0.140945]     scan-0964 [137068544] [01] bus_get_device        : No context for object [ffff88040823c410]
[    0.140955]     scan-0964 [137068544] [01] bus_get_device        : No context for object [ffff88040823c438]
[    0.140964]     scan-0964 [137068544] [01] bus_get_device        : No context for object [ffff88040823c460]
[    0.140974]     scan-0964 [137068544] [01] bus_get_device        : No context for object [ffff88040823c488]
[    0.140984]     scan-0964 [137068544] [01] bus_get_device        : No context for object [ffff88040823c4b0]
[    0.140994]     scan-0964 [137068544] [01] bus_get_device        : No context for object [ffff88040823c5a0]
[    0.141009]    utils-0052 [137068544] [01] util_eval_error       : Evaluate [\_SB_.PWRB._STA]: AE_NOT_FOUND
[    0.141077] device: 'PNP0C0C:00': device_add
[    0.141083] bus: 'acpi': add device PNP0C0C:00
[    0.141097]    utils-0052 [137068544] [01] util_eval_error       : Evaluate [\_SB_.PWRB._SUN]: AE_NOT_FOUND
[    0.141111]     scan-1711 [137068544] [01] add_single_object     : Added PNP0C0C:00 [\_SB_.PWRB] parent device:00
[    0.141122]     scan-0964 [137068544] [01] bus_get_device        : No context for object [ffff88040823c5c8]
[    0.141133]     scan-0964 [137068544] [01] bus_get_device        : No context for object [ffff88040823c5f0]
[    0.141144]    utils-0052 [137068544] [01] util_eval_error       : Evaluate [\_SB_.PCI0._STA]: AE_NOT_FOUND
[    0.141246] device: 'PNP0A08:00': device_add
[    0.141252] bus: 'acpi': add device PNP0A08:00
[    0.141270]    utils-0052 [137068544] [01] util_eval_error       : Evaluate [\_SB_.PCI0._SUN]: AE_NOT_FOUND
[    0.141285]     scan-1711 [137068544] [01] add_single_object     : Added PNP0A08:00 [\_SB_.PCI0] parent device:00
[    0.141296]     scan-0964 [137068544] [01] bus_get_device        : No context for object [ffff88040823c618]
[    0.141306]     scan-0964 [137068544] [01] bus_get_device        : No context for object [ffff88040823c640]
[    0.141316]     scan-0964 [137068544] [01] bus_get_device        : No context for object [ffff88040823c668]
[    0.141326]     scan-0964 [137068544] [01] bus_get_device        : No context for object [ffff88040823c690]
[    0.141336]     scan-0964 [137068544] [01] bus_get_device        : No context for object [ffff88040823c6b8]
[    0.141346]     scan-0964 [137068544] [01] bus_get_device        : No context for object [ffff88040823c6e0]
[    0.141355]     scan-0964 [137068544] [01] bus_get_device        : No context for object [ffff88040823c708]
[    0.141365]     scan-0964 [137068544] [01] bus_get_device        : No context for object [ffff88040823c730]
[    0.141375]     scan-0964 [137068544] [01] bus_get_device        : No context for object [ffff88040823c758]
[    0.141385]     scan-0964 [137068544] [01] bus_get_device        : No context for object [ffff88040823c780]
[    0.141395]     scan-0964 [137068544] [01] bus_get_device        : No context for object [ffff88040823c7a8]
[    0.141405]     scan-0964 [137068544] [01] bus_get_device        : No context for object [ffff88040823c7d0]
[    0.141415]     scan-0964 [137068544] [01] bus_get_device        : No context for object [ffff88040823c7f8]
[    0.141425]     scan-0964 [137068544] [01] bus_get_device        : No context for object [ffff88040823c820]
[    0.141435]     scan-0964 [137068544] [01] bus_get_device        : No context for object [ffff88040823c848]
[    0.141445]     scan-0964 [137068544] [01] bus_get_device        : No context for object [ffff88040823c870]
[    0.141455]     scan-0964 [137068544] [01] bus_get_device        : No context for object [ffff88040823c898]
[    0.141464]     scan-0964 [137068544] [01] bus_get_device        : No context for object [ffff88040823c8c0]
[    0.141474]     scan-0964 [137068544] [01] bus_get_device        : No context for object [ffff88040823c8e8]
[    0.141484]     scan-0964 [137068544] [01] bus_get_device        : No context for object [ffff88040823c910]
[    0.141494]     scan-0964 [137068544] [01] bus_get_device        : No context for object [ffff88040823c938]
[    0.141504]     scan-0964 [137068544] [01] bus_get_device        : No context for object [ffff88040823c960]
[    0.141514]     scan-0964 [137068544] [01] bus_get_device        : No context for object [ffff88040823c988]
[    0.141524]     scan-0964 [137068544] [01] bus_get_device        : No context for object [ffff88040823c9b0]
[    0.141534]     scan-0964 [137068544] [01] bus_get_device        : No context for object [ffff88040823c9d8]
[    0.141543]     scan-0964 [137068544] [01] bus_get_device        : No context for object [ffff88040823ca00]
[    0.141553]     scan-0964 [137068544] [01] bus_get_device        : No context for object [ffff88040823ca28]
[    0.141563]     scan-0964 [137068544] [01] bus_get_device        : No context for object [ffff88040823ca50]
[    0.141573]     scan-0964 [137068544] [01] bus_get_device        : No context for object [ffff88040823ca78]
[    0.141583]     scan-0964 [137068544] [01] bus_get_device        : No context for object [ffff88040823caa0]
[    0.141593]     scan-0964 [137068544] [01] bus_get_device        : No context for object [ffff88040823cac8]
[    0.141603]     scan-0964 [137068544] [01] bus_get_device        : No context for object [ffff88040823caf0]
[    0.141612]     scan-0964 [137068544] [01] bus_get_device        : No context for object [ffff88040823cb18]
[    0.141622]     scan-0964 [137068544] [01] bus_get_device        : No context for object [ffff88040823cb40]
[    0.141632]     scan-0964 [137068544] [01] bus_get_device        : No context for object [ffff88040823cb68]
[    0.141642]     scan-0964 [137068544] [01] bus_get_device        : No context for object [ffff88040823cb90]
[    0.141652]     scan-0964 [137068544] [01] bus_get_device        : No context for object [ffff88040823cbb8]
[    0.141662]     scan-0964 [137068544] [01] bus_get_device        : No context for object [ffff88040823cbe0]
[    0.141672]     scan-0964 [137068544] [01] bus_get_device        : No context for object [ffff88040823cc08]
[    0.141681]     scan-0964 [137068544] [01] bus_get_device        : No context for object [ffff88040823cc30]
[    0.141691]     scan-0964 [137068544] [01] bus_get_device        : No context for object [ffff88040823cc58]
[    0.141701]     scan-0964 [137068544] [01] bus_get_device        : No context for object [ffff88040823cc80]
[    0.141711]     scan-0964 [137068544] [01] bus_get_device        : No context for object [ffff88040823cca8]
[    0.141721]     scan-0964 [137068544] [01] bus_get_device        : No context for object [ffff88040823ccd0]
[    0.141731]     scan-0964 [137068544] [01] bus_get_device        : No context for object [ffff88040823ccf8]
[    0.141741]     scan-0964 [137068544] [01] bus_get_device        : No context for object [ffff88040823cd20]
[    0.141751]     scan-0964 [137068544] [01] bus_get_device        : No context for object [ffff88040823cd48]
[    0.141761]     scan-0964 [137068544] [01] bus_get_device        : No context for object [ffff88040823cd70]
[    0.141770]     scan-0964 [137068544] [01] bus_get_device        : No context for object [ffff88040823cd98]
[    0.141780]     scan-0964 [137068544] [01] bus_get_device        : No context for object [ffff88040823cdc0]
[    0.141790]     scan-0964 [137068544] [01] bus_get_device        : No context for object [ffff88040823cde8]
[    0.141800]     scan-0964 [137068544] [01] bus_get_device        : No context for object [ffff88040823ce10]
[    0.141810]     scan-0964 [137068544] [01] bus_get_device        : No context for object [ffff88040823ce38]
[    0.141820]     scan-0964 [137068544] [01] bus_get_device        : No context for object [ffff88040823ce60]
[    0.141829]     scan-0964 [137068544] [01] bus_get_device        : No context for object [ffff88040823ce88]
[    0.141839]     scan-0964 [137068544] [01] bus_get_device        : No context for object [ffff88040823ceb0]
[    0.141849]     scan-0964 [137068544] [01] bus_get_device        : No context for object [ffff88040823ced8]
[    0.141859]     scan-0964 [137068544] [01] bus_get_device        : No context for object [ffff88040823cf00]
[    0.141869]     scan-0964 [137068544] [01] bus_get_device        : No context for object [ffff88040823cf28]
[    0.141879]     scan-0964 [137068544] [01] bus_get_device        : No context for object [ffff88040823cf50]
[    0.141888]     scan-0964 [137068544] [01] bus_get_device        : No context for object [ffff88040823cf78]
[    0.141898]     scan-0964 [137068544] [01] bus_get_device        : No context for object [ffff88040823cfa0]
[    0.141908]     scan-0964 [137068544] [01] bus_get_device        : No context for object [ffff88040823cfc8]
[    0.141918]     scan-0964 [137068544] [01] bus_get_device        : No context for object [ffff880408241000]
[    0.141928]     scan-0964 [137068544] [01] bus_get_device        : No context for object [ffff880408241028]
[    0.141939]    utils-0052 [137068544] [01] util_eval_error       : Evaluate [\_SB_.PCI0.MEMR._STA]: AE_NOT_FOUND
[    0.142010] device: 'PNP0C02:00': device_add
[    0.142016] bus: 'acpi': add device PNP0C02:00
[    0.142030]    utils-0052 [137068544] [01] util_eval_error       : Evaluate [\_SB_.PCI0.MEMR._SUN]: AE_NOT_FOUND
[    0.142045]     scan-1711 [137068544] [01] add_single_object     : Added PNP0C02:00 [\_SB_.PCI0.MEMR] parent PNP0A08:00
[    0.142056]     scan-0964 [137068544] [01] bus_get_device        : No context for object [ffff880408241050]
[    0.142066]     scan-0964 [137068544] [01] bus_get_device        : No context for object [ffff880408241078]
[    0.142076]     scan-0964 [137068544] [01] bus_get_device        : No context for object [ffff8804082410a0]
[    0.142086]     scan-0964 [137068544] [01] bus_get_device        : No context for object [ffff8804082410c8]
[    0.142096]     scan-0964 [137068544] [01] bus_get_device        : No context for object [ffff8804082410f0]
[    0.142106]     scan-0964 [137068544] [01] bus_get_device        : No context for object [ffff880408241118]
[    0.142116]     scan-0964 [137068544] [01] bus_get_device        : No context for object [ffff880408241140]
[    0.142125]     scan-0964 [137068544] [01] bus_get_device        : No context for object [ffff880408241168]
[    0.142135]     scan-0964 [137068544] [01] bus_get_device        : No context for object [ffff880408241190]
[    0.142145]     scan-0964 [137068544] [01] bus_get_device        : No context for object [ffff8804082411b8]
[    0.142155]     scan-0964 [137068544] [01] bus_get_device        : No context for object [ffff8804082411e0]
[    0.142165]     scan-0964 [137068544] [01] bus_get_device        : No context for object [ffff880408241208]
[    0.142175]     scan-0964 [137068544] [01] bus_get_device        : No context for object [ffff880408241230]
[    0.142185]     scan-0964 [137068544] [01] bus_get_device        : No context for object [ffff880408241258]
[    0.142195]     scan-0964 [137068544] [01] bus_get_device        : No context for object [ffff880408241280]
[    0.142205]     scan-0964 [137068544] [01] bus_get_device        : No context for object [ffff8804082412a8]
[    0.142216]    utils-0052 [137068544] [01] util_eval_error       : Evaluate [\_SB_.PCI0.PB2_._STA]: AE_NOT_FOUND
[    0.142349] device: 'device:01': device_add
[    0.142355] bus: 'acpi': add device device:01
[    0.142369]    utils-0052 [137068544] [01] util_eval_error       : Evaluate [\_SB_.PCI0.PB2_._SUN]: AE_NOT_FOUND
[    0.142384]     scan-1711 [137068544] [01] add_single_object     : Added device:01 [\_SB_.PCI0.PB2_] parent PNP0A08:00
[    0.142395]     scan-0964 [137068544] [01] bus_get_device        : No context for object [ffff8804082412d0]
[    0.142405]     scan-0964 [137068544] [01] bus_get_device        : No context for object [ffff8804082412f8]
[    0.142415]     scan-0964 [137068544] [01] bus_get_device        : No context for object [ffff880408241320]
[    0.142425]     scan-0964 [137068544] [01] bus_get_device        : No context for object [ffff880408241348]
[    0.142435]     scan-0964 [137068544] [01] bus_get_device        : No context for object [ffff880408241370]
[    0.142445]     scan-0964 [137068544] [01] bus_get_device        : No context for object [ffff880408241398]
[    0.142455]     scan-0964 [137068544] [01] bus_get_device        : No context for object [ffff8804082413c0]
[    0.142465]     scan-0964 [137068544] [01] bus_get_device        : No context for object [ffff8804082413e8]
[    0.142475]     scan-0964 [137068544] [01] bus_get_device        : No context for object [ffff880408241410]
[    0.142485]     scan-0964 [137068544] [01] bus_get_device        : No context for object [ffff880408241438]
[    0.142494]     scan-0964 [137068544] [01] bus_get_device        : No context for object [ffff880408241460]
[    0.142504]     scan-0964 [137068544] [01] bus_get_device        : No context for object [ffff880408241488]
[    0.142514]     scan-0964 [137068544] [01] bus_get_device        : No context for object [ffff8804082414b0]
[    0.142524]     scan-0964 [137068544] [01] bus_get_device        : No context for object [ffff8804082414d8]
[    0.142534]     scan-0964 [137068544] [01] bus_get_device        : No context for object [ffff880408241500]
[    0.142544]     scan-0964 [137068544] [01] bus_get_device        : No context for object [ffff880408241528]
[    0.142554]     scan-0964 [137068544] [01] bus_get_device        : No context for object [ffff880408241550]
[    0.142564]     scan-0964 [137068544] [01] bus_get_device        : No context for object [ffff880408241578]
[    0.142573]     scan-0964 [137068544] [01] bus_get_device        : No context for object [ffff8804082415a0]
[    0.142583]     scan-0964 [137068544] [01] bus_get_device        : No context for object [ffff8804082415c8]
[    0.142593]     scan-0964 [137068544] [01] bus_get_device        : No context for object [ffff8804082415f0]
[    0.142603]     scan-0964 [137068544] [01] bus_get_device        : No context for object [ffff880408241618]
[    0.142613]     scan-0964 [137068544] [01] bus_get_device        : No context for object [ffff880408241640]
[    0.142623]     scan-0964 [137068544] [01] bus_get_device        : No context for object [ffff880408241668]
[    0.142633]     scan-0964 [137068544] [01] bus_get_device        : No context for object [ffff880408241690]
[    0.142643]     scan-0964 [137068544] [01] bus_get_device        : No context for object [ffff8804082416b8]
[    0.142652]     scan-0964 [137068544] [01] bus_get_device        : No context for object [ffff8804082416e0]
[    0.142662]     scan-0964 [137068544] [01] bus_get_device        : No context for object [ffff880408241708]
[    0.142672]     scan-0964 [137068544] [01] bus_get_device        : No context for object [ffff880408241730]
[    0.142682]     scan-0964 [137068544] [01] bus_get_device        : No context for object [ffff880408241758]
[    0.142692]     scan-0964 [137068544] [01] bus_get_device        : No context for object [ffff880408241780]
[    0.142703]    utils-0052 [137068544] [01] util_eval_error       : Evaluate [\_SB_.PCI0.PB2_.VGA_._STA]: AE_NOT_FOUND
[    0.142775] device: 'device:02': device_add
[    0.142781] bus: 'acpi': add device device:02
[    0.142798]    utils-0052 [137068544] [01] util_eval_error       : Evaluate [\_SB_.PCI0.PB2_.VGA_._SUN]: AE_NOT_FOUND
[    0.142813]     scan-1711 [137068544] [01] add_single_object     : Added device:02 [\_SB_.PCI0.PB2_.VGA_] parent device:01
[    0.142825]     scan-0964 [137068544] [01] bus_get_device        : No context for object [ffff8804082417a8]
[    0.142835]     scan-0964 [137068544] [01] bus_get_device        : No context for object [ffff8804082417d0]
[    0.142844]     scan-0964 [137068544] [01] bus_get_device        : No context for object [ffff8804082417f8]
[    0.142854]     scan-0964 [137068544] [01] bus_get_device        : No context for object [ffff880408241820]
[    0.142864]     scan-0964 [137068544] [01] bus_get_device        : No context for object [ffff880408241848]
[    0.142874]     scan-0964 [137068544] [01] bus_get_device        : No context for object [ffff880408241870]
[    0.142884]     scan-0964 [137068544] [01] bus_get_device        : No context for object [ffff880408241898]
[    0.142894]     scan-0964 [137068544] [01] bus_get_device        : No context for object [ffff8804082418c0]
[    0.142904]     scan-0964 [137068544] [01] bus_get_device        : No context for object [ffff8804082418e8]
[    0.142914]     scan-0964 [137068544] [01] bus_get_device        : No context for object [ffff880408241910]
[    0.142923]     scan-0964 [137068544] [01] bus_get_device        : No context for object [ffff880408241938]
[    0.142933]     scan-0964 [137068544] [01] bus_get_device        : No context for object [ffff880408241960]
[    0.142943]     scan-0964 [137068544] [01] bus_get_device        : No context for object [ffff880408241988]
[    0.142953]     scan-0964 [137068544] [01] bus_get_device        : No context for object [ffff8804082419b0]
[    0.142963]     scan-0964 [137068544] [01] bus_get_device        : No context for object [ffff8804082419d8]
[    0.142973]     scan-0964 [137068544] [01] bus_get_device        : No context for object [ffff880408241a00]
[    0.142983]     scan-0964 [137068544] [01] bus_get_device        : No context for object [ffff880408241a28]
[    0.142992]     scan-0964 [137068544] [01] bus_get_device        : No context for object [ffff880408241a50]
[    0.143003]     scan-0964 [137068544] [01] bus_get_device        : No context for object [ffff880408241a78]
[    0.143013]     scan-0964 [137068544] [01] bus_get_device        : No context for object [ffff880408241aa0]
[    0.143023]     scan-0964 [137068544] [01] bus_get_device        : No context for object [ffff880408241ac8]
[    0.143033]     scan-0964 [137068544] [01] bus_get_device        : No context for object [ffff880408241af0]
[    0.143043]     scan-0964 [137068544] [01] bus_get_device        : No context for object [ffff880408241b18]
[    0.143053]     scan-0964 [137068544] [01] bus_get_device        : No context for object [ffff880408241b40]
[    0.143062]     scan-0964 [137068544] [01] bus_get_device        : No context for object [ffff880408241b68]
[    0.143072]     scan-0964 [137068544] [01] bus_get_device        : No context for object [ffff880408241b90]
[    0.143082]     scan-0964 [137068544] [01] bus_get_device        : No context for object [ffff880408241bb8]
[    0.143092]     scan-0964 [137068544] [01] bus_get_device        : No context for object [ffff880408241be0]
[    0.143102]     scan-0964 [137068544] [01] bus_get_device        : No context for object [ffff880408241c08]
[    0.143112]     scan-0964 [137068544] [01] bus_get_device        : No context for object [ffff880408241c30]
[    0.143122]     scan-0964 [137068544] [01] bus_get_device        : No context for object [ffff880408241c58]
[    0.143132]     scan-0964 [137068544] [01] bus_get_device        : No context for object [ffff880408241c80]
[    0.143142]     scan-0964 [137068544] [01] bus_get_device        : No context for object [ffff880408241ca8]
[    0.143152]     scan-0964 [137068544] [01] bus_get_device        : No context for object [ffff880408241cd0]
[    0.143161]     scan-0964 [137068544] [01] bus_get_device        : No context for object [ffff880408241cf8]
[    0.143171]     scan-0964 [137068544] [01] bus_get_device        : No context for object [ffff880408241d20]
[    0.143181]     scan-0964 [137068544] [01] bus_get_device        : No context for object [ffff880408241d48]
[    0.143191]     scan-0964 [137068544] [01] bus_get_device        : No context for object [ffff880408241d70]
[    0.143201]     scan-0964 [137068544] [01] bus_get_device        : No context for object [ffff880408241d98]
[    0.143211]     scan-0964 [137068544] [01] bus_get_device        : No context for object [ffff88040827e438]
[    0.143221]     scan-0964 [137068544] [01] bus_get_device        : No context for object [ffff880408241dc0]
[    0.143232]    utils-0052 [137068544] [01] util_eval_error       : Evaluate [\_SB_.PCI0.PB2_.HDAU._STA]: AE_NOT_FOUND
[    0.143296] device: 'device:03': device_add
[    0.143303] bus: 'acpi': add device device:03
[    0.143316]    utils-0052 [137068544] [01] util_eval_error       : Evaluate [\_SB_.PCI0.PB2_.HDAU._SUN]: AE_NOT_FOUND
[    0.143331]     scan-1711 [137068544] [01] add_single_object     : Added device:03 [\_SB_.PCI0.PB2_.HDAU] parent device:01
[    0.143342]     scan-0964 [137068544] [01] bus_get_device        : No context for object [ffff880408241de8]
[    0.143352]     scan-0964 [137068544] [01] bus_get_device        : No context for object [ffff880408241e10]
[    0.143362]     scan-0964 [137068544] [01] bus_get_device        : No context for object [ffff880408241e38]
[    0.143372]     scan-0964 [137068544] [01] bus_get_device        : No context for object [ffff880408241e60]
[    0.143382]     scan-0964 [137068544] [01] bus_get_device        : No context for object [ffff880408241e88]
[    0.143392]     scan-0964 [137068544] [01] bus_get_device        : No context for object [ffff880408241eb0]
[    0.143402]     scan-0964 [137068544] [01] bus_get_device        : No context for object [ffff880408241ed8]
[    0.143413]    utils-0052 [137068544] [01] util_eval_error       : Evaluate [\_SB_.PCI0.PB3_._STA]: AE_NOT_FOUND
[    0.143494] device: 'device:04': device_add
[    0.143500] bus: 'acpi': add device device:04
[    0.143522]    utils-0052 [137068544] [01] util_eval_error       : Evaluate [\_SB_.PCI0.PB3_._SUN]: AE_NOT_FOUND
[    0.143537]     scan-1711 [137068544] [01] add_single_object     : Added device:04 [\_SB_.PCI0.PB3_] parent PNP0A08:00
[    0.143548]     scan-0964 [137068544] [01] bus_get_device        : No context for object [ffff880408241f00]
[    0.143558]     scan-0964 [137068544] [01] bus_get_device        : No context for object [ffff880408241f28]
[    0.143568]     scan-0964 [137068544] [01] bus_get_device        : No context for object [ffff880408241f50]
[    0.143578]     scan-0964 [137068544] [01] bus_get_device        : No context for object [ffff880408241f78]
[    0.143588]     scan-0964 [137068544] [01] bus_get_device        : No context for object [ffff880408241fa0]
[    0.143598]     scan-0964 [137068544] [01] bus_get_device        : No context for object [ffff880408241fc8]
[    0.143608]     scan-0964 [137068544] [01] bus_get_device        : No context for object [ffff880408242000]
[    0.143617]     scan-0964 [137068544] [01] bus_get_device        : No context for object [ffff880408242028]
[    0.143627]     scan-0964 [137068544] [01] bus_get_device        : No context for object [ffff880408242050]
[    0.143637]     scan-0964 [137068544] [01] bus_get_device        : No context for object [ffff880408242078]
[    0.143647]     scan-0964 [137068544] [01] bus_get_device        : No context for object [ffff8804082420a0]
[    0.143657]     scan-0964 [137068544] [01] bus_get_device        : No context for object [ffff8804082420c8]
[    0.143667]     scan-0964 [137068544] [01] bus_get_device        : No context for object [ffff8804082420f0]
[    0.143677]     scan-0964 [137068544] [01] bus_get_device        : No context for object [ffff880408242118]
[    0.143686]     scan-0964 [137068544] [01] bus_get_device        : No context for object [ffff880408242140]
[    0.143696]     scan-0964 [137068544] [01] bus_get_device        : No context for object [ffff880408242168]
[    0.143706]     scan-0964 [137068544] [01] bus_get_device        : No context for object [ffff880408242190]
[    0.143716]     scan-0964 [137068544] [01] bus_get_device        : No context for object [ffff8804082421b8]
[    0.143726]     scan-0964 [137068544] [01] bus_get_device        : No context for object [ffff8804082421e0]
[    0.143736]     scan-0964 [137068544] [01] bus_get_device        : No context for object [ffff880408242208]
[    0.143746]     scan-0964 [137068544] [01] bus_get_device        : No context for object [ffff880408242230]
[    0.143755]     scan-0964 [137068544] [01] bus_get_device        : No context for object [ffff880408242258]
[    0.143765]     scan-0964 [137068544] [01] bus_get_device        : No context for object [ffff880408242280]
[    0.143775]     scan-0964 [137068544] [01] bus_get_device        : No context for object [ffff8804082422a8]
[    0.143785]     scan-0964 [137068544] [01] bus_get_device        : No context for object [ffff8804082422d0]
[    0.143795]     scan-0964 [137068544] [01] bus_get_device        : No context for object [ffff8804082422f8]
[    0.143805]     scan-0964 [137068544] [01] bus_get_device        : No context for object [ffff880408242320]
[    0.143815]     scan-0964 [137068544] [01] bus_get_device        : No context for object [ffff880408242348]
[    0.143825]     scan-0964 [137068544] [01] bus_get_device        : No context for object [ffff880408242370]
[    0.143834]     scan-0964 [137068544] [01] bus_get_device        : No context for object [ffff880408242398]
[    0.143844]     scan-0964 [137068544] [01] bus_get_device        : No context for object [ffff8804082423c0]
[    0.143855]    utils-0052 [137068544] [01] util_eval_error       : Evaluate [\_SB_.PCI0.PB3_.VGA_._STA]: AE_NOT_FOUND
[    0.143894]    video-0060 [137068544] [03] backlight_cap_match   : Found generic backlight support
[    0.143936]    video-0060 [137068544] [03] backlight_cap_match   : Found generic backlight support
[    0.143956] device: 'LNXVIDEO:00': device_add
[    0.143962] bus: 'acpi': add device LNXVIDEO:00
[    0.143980]    utils-0052 [137068544] [01] util_eval_error       : Evaluate [\_SB_.PCI0.PB3_.VGA_._SUN]: AE_NOT_FOUND
[    0.144003]     scan-1711 [137068544] [01] add_single_object     : Added LNXVIDEO:00 [\_SB_.PCI0.PB3_.VGA_] parent device:04
[    0.144014]     scan-0964 [137068544] [01] bus_get_device        : No context for object [ffff8804082423e8]
[    0.144024]     scan-0964 [137068544] [01] bus_get_device        : No context for object [ffff880408242410]
[    0.144034]     scan-0964 [137068544] [01] bus_get_device        : No context for object [ffff880408242438]
[    0.144044]     scan-0964 [137068544] [01] bus_get_device        : No context for object [ffff880408242460]
[    0.144054]     scan-0964 [137068544] [01] bus_get_device        : No context for object [ffff880408242488]
[    0.144064]     scan-0964 [137068544] [01] bus_get_device        : No context for object [ffff8804082424b0]
[    0.144074]     scan-0964 [137068544] [01] bus_get_device        : No context for object [ffff8804082424d8]
[    0.144084]     scan-0964 [137068544] [01] bus_get_device        : No context for object [ffff880408242500]
[    0.144094]     scan-0964 [137068544] [01] bus_get_device        : No context for object [ffff880408242528]
[    0.144103]     scan-0964 [137068544] [01] bus_get_device        : No context for object [ffff880408242550]
[    0.144113]     scan-0964 [137068544] [01] bus_get_device        : No context for object [ffff880408242578]
[    0.144123]     scan-0964 [137068544] [01] bus_get_device        : No context for object [ffff8804082425a0]
[    0.144133]     scan-0964 [137068544] [01] bus_get_device        : No context for object [ffff8804082425c8]
[    0.144143]     scan-0964 [137068544] [01] bus_get_device        : No context for object [ffff8804082425f0]
[    0.144153]     scan-0964 [137068544] [01] bus_get_device        : No context for object [ffff880408242618]
[    0.144163]     scan-0964 [137068544] [01] bus_get_device        : No context for object [ffff880408242640]
[    0.144172]     scan-0964 [137068544] [01] bus_get_device        : No context for object [ffff880408242668]
[    0.144182]     scan-0964 [137068544] [01] bus_get_device        : No context for object [ffff880408242690]
[    0.144192]     scan-0964 [137068544] [01] bus_get_device        : No context for object [ffff8804082426b8]
[    0.144202]     scan-0964 [137068544] [01] bus_get_device        : No context for object [ffff8804082426e0]
[    0.144212]     scan-0964 [137068544] [01] bus_get_device        : No context for object [ffff880408242708]
[    0.144222]     scan-0964 [137068544] [01] bus_get_device        : No context for object [ffff880408242730]
[    0.144232]     scan-0964 [137068544] [01] bus_get_device        : No context for object [ffff880408242758]
[    0.144241]     scan-0964 [137068544] [01] bus_get_device        : No context for object [ffff880408242780]
[    0.144251]     scan-0964 [137068544] [01] bus_get_device        : No context for object [ffff8804082427a8]
[    0.144261]     scan-0964 [137068544] [01] bus_get_device        : No context for object [ffff8804082427d0]
[    0.144271]     scan-0964 [137068544] [01] bus_get_device        : No context for object [ffff8804082427f8]
[    0.144281]     scan-0964 [137068544] [01] bus_get_device        : No context for object [ffff880408242820]
[    0.144291]     scan-0964 [137068544] [01] bus_get_device        : No context for object [ffff880408242848]
[    0.144301]     scan-0964 [137068544] [01] bus_get_device        : No context for object [ffff880408242870]
[    0.144310]     scan-0964 [137068544] [01] bus_get_device        : No context for object [ffff880408242898]
[    0.144320]     scan-0964 [137068544] [01] bus_get_device        : No context for object [ffff8804082428c0]
[    0.144330]     scan-0964 [137068544] [01] bus_get_device        : No context for object [ffff8804082428e8]
[    0.144340]     scan-0964 [137068544] [01] bus_get_device        : No context for object [ffff880408242910]
[    0.144350]     scan-0964 [137068544] [01] bus_get_device        : No context for object [ffff880408242938]
[    0.144360]     scan-0964 [137068544] [01] bus_get_device        : No context for object [ffff880408242960]
[    0.144370]     scan-0964 [137068544] [01] bus_get_device        : No context for object [ffff880408242988]
[    0.144380]     scan-0964 [137068544] [01] bus_get_device        : No context for object [ffff8804082429b0]
[    0.144389]     scan-0964 [137068544] [01] bus_get_device        : No context for object [ffff8804082429d8]
[    0.144399]     scan-0964 [137068544] [01] bus_get_device        : No context for object [ffff88040827e460]
[    0.144409]     scan-0964 [137068544] [01] bus_get_device        : No context for object [ffff880408281c08]
[    0.144419]     scan-0964 [137068544] [01] bus_get_device        : No context for object [ffff880408281c30]
[    0.144429]     scan-0964 [137068544] [01] bus_get_device        : No context for object [ffff880408281c58]
[    0.144440]    utils-0052 [137068544] [01] util_eval_error       : Evaluate [\_SB_.PCI0.PB3_.VGA_.CRT_._STA]: AE_NOT_FOUND
[    0.144523] device: 'device:05': device_add
[    0.144531] bus: 'acpi': add device device:05
[    0.144545]    utils-0052 [137068544] [01] util_eval_error       : Evaluate [\_SB_.PCI0.PB3_.VGA_.CRT_._SUN]: AE_NOT_FOUND
[    0.144562]     scan-1711 [137068544] [01] add_single_object     : Added device:05 [\_SB_.PCI0.PB3_.VGA_.CRT_] parent LNXVIDEO:00
[    0.144573]     scan-0964 [137068544] [01] bus_get_device        : No context for object [ffff880408281c80]
[    0.144584]     scan-0964 [137068544] [01] bus_get_device        : No context for object [ffff880408281ca8]
[    0.144595]     scan-0964 [137068544] [01] bus_get_device        : No context for object [ffff880408281cd0]
[    0.144605]     scan-0964 [137068544] [01] bus_get_device        : No context for object [ffff880408281cf8]
[    0.144616]     scan-0964 [137068544] [01] bus_get_device        : No context for object [ffff880408281d20]
[    0.144627]    utils-0052 [137068544] [01] util_eval_error       : Evaluate [\_SB_.PCI0.PB3_.VGA_.LCD_._STA]: AE_NOT_FOUND
[    0.144712] device: 'device:06': device_add
[    0.144719] bus: 'acpi': add device device:06
[    0.144733]    utils-0052 [137068544] [01] util_eval_error       : Evaluate [\_SB_.PCI0.PB3_.VGA_.LCD_._SUN]: AE_NOT_FOUND
[    0.144750]     scan-1711 [137068544] [01] add_single_object     : Added device:06 [\_SB_.PCI0.PB3_.VGA_.LCD_] parent LNXVIDEO:00
[    0.144762]     scan-0964 [137068544] [01] bus_get_device        : No context for object [ffff880408281d48]
[    0.144772]     scan-0964 [137068544] [01] bus_get_device        : No context for object [ffff880408281d70]
[    0.144783]     scan-0964 [137068544] [01] bus_get_device        : No context for object [ffff880408281d98]
[    0.144793]     scan-0964 [137068544] [01] bus_get_device        : No context for object [ffff880408281dc0]
[    0.144804]     scan-0964 [137068544] [01] bus_get_device        : No context for object [ffff880408281de8]
[    0.144814]     scan-0964 [137068544] [01] bus_get_device        : No context for object [ffff880408281e10]
[    0.144824]     scan-0964 [137068544] [01] bus_get_device        : No context for object [ffff880408281e38]
[    0.144835]     scan-0964 [137068544] [01] bus_get_device        : No context for object [ffff880408281e60]
[    0.144846]    utils-0052 [137068544] [01] util_eval_error       : Evaluate [\_SB_.PCI0.PB3_.VGA_.TV0_._STA]: AE_NOT_FOUND
[    0.144912] device: 'device:07': device_add
[    0.144919] bus: 'acpi': add device device:07
[    0.144935]    utils-0052 [137068544] [01] util_eval_error       : Evaluate [\_SB_.PCI0.PB3_.VGA_.TV0_._SUN]: AE_NOT_FOUND
[    0.144952]     scan-1711 [137068544] [01] add_single_object     : Added device:07 [\_SB_.PCI0.PB3_.VGA_.TV0_] parent LNXVIDEO:00
[    0.144963]     scan-0964 [137068544] [01] bus_get_device        : No context for object [ffff880408281e88]
[    0.144974]     scan-0964 [137068544] [01] bus_get_device        : No context for object [ffff880408281eb0]
[    0.144984]     scan-0964 [137068544] [01] bus_get_device        : No context for object [ffff880408281ed8]
[    0.144995]     scan-0964 [137068544] [01] bus_get_device        : No context for object [ffff880408281f00]
[    0.145009]     scan-0964 [137068544] [01] bus_get_device        : No context for object [ffff880408281f28]
[    0.145021]    utils-0052 [137068544] [01] util_eval_error       : Evaluate [\_SB_.PCI0.PB3_.VGA_.HDMI._STA]: AE_NOT_FOUND
[    0.145103] device: 'device:08': device_add
[    0.145110] bus: 'acpi': add device device:08
[    0.145125]    utils-0052 [137068544] [01] util_eval_error       : Evaluate [\_SB_.PCI0.PB3_.VGA_.HDMI._SUN]: AE_NOT_FOUND
[    0.145141]     scan-1711 [137068544] [01] add_single_object     : Added device:08 [\_SB_.PCI0.PB3_.VGA_.HDMI] parent LNXVIDEO:00
[    0.145153]     scan-0964 [137068544] [01] bus_get_device        : No context for object [ffff880408281f50]
[    0.145163]     scan-0964 [137068544] [01] bus_get_device        : No context for object [ffff880408281f78]
[    0.145174]     scan-0964 [137068544] [01] bus_get_device        : No context for object [ffff880408281fa0]
[    0.145184]     scan-0964 [137068544] [01] bus_get_device        : No context for object [ffff880408281fc8]
[    0.145195]     scan-0964 [137068544] [01] bus_get_device        : No context for object [ffff880408242a00]
[    0.145207]    utils-0052 [137068544] [01] util_eval_error       : Evaluate [\_SB_.PCI0.PB3_.HDAU._STA]: AE_NOT_FOUND
[    0.145272] device: 'device:09': device_add
[    0.145278] bus: 'acpi': add device device:09
[    0.145292]    utils-0052 [137068544] [01] util_eval_error       : Evaluate [\_SB_.PCI0.PB3_.HDAU._SUN]: AE_NOT_FOUND
[    0.145308]     scan-1711 [137068544] [01] add_single_object     : Added device:09 [\_SB_.PCI0.PB3_.HDAU] parent device:04
[    0.145320]     scan-0964 [137068544] [01] bus_get_device        : No context for object [ffff880408242a28]
[    0.145330]     scan-0964 [137068544] [01] bus_get_device        : No context for object [ffff880408242a50]
[    0.145341]     scan-0964 [137068544] [01] bus_get_device        : No context for object [ffff880408242a78]
[    0.145351]     scan-0964 [137068544] [01] bus_get_device        : No context for object [ffff880408242aa0]
[    0.145362]     scan-0964 [137068544] [01] bus_get_device        : No context for object [ffff880408242ac8]
[    0.145372]     scan-0964 [137068544] [01] bus_get_device        : No context for object [ffff880408242af0]
[    0.145383]     scan-0964 [137068544] [01] bus_get_device        : No context for object [ffff880408242b18]
[    0.145395]    utils-0052 [137068544] [01] util_eval_error       : Evaluate [\_SB_.PCI0.PB4_._STA]: AE_NOT_FOUND
[    0.145478] device: 'device:0a': device_add
[    0.145485] bus: 'acpi': add device device:0a
[    0.145502]    utils-0052 [137068544] [01] util_eval_error       : Evaluate [\_SB_.PCI0.PB4_._SUN]: AE_NOT_FOUND
[    0.145518]     scan-1711 [137068544] [01] add_single_object     : Added device:0a [\_SB_.PCI0.PB4_] parent PNP0A08:00
[    0.145529]     scan-0964 [137068544] [01] bus_get_device        : No context for object [ffff880408242b40]
[    0.145540]     scan-0964 [137068544] [01] bus_get_device        : No context for object [ffff880408242b68]
[    0.145550]     scan-0964 [137068544] [01] bus_get_device        : No context for object [ffff880408242b90]
[    0.145561]     scan-0964 [137068544] [01] bus_get_device        : No context for object [ffff880408242bb8]
[    0.145571]     scan-0964 [137068544] [01] bus_get_device        : No context for object [ffff880408242be0]
[    0.145582]     scan-0964 [137068544] [01] bus_get_device        : No context for object [ffff880408242c08]
[    0.145592]     scan-0964 [137068544] [01] bus_get_device        : No context for object [ffff880408242c30]
[    0.145602]     scan-0964 [137068544] [01] bus_get_device        : No context for object [ffff880408242c58]
[    0.145613]     scan-0964 [137068544] [01] bus_get_device        : No context for object [ffff880408242c80]
[    0.145624]     scan-0964 [137068544] [01] bus_get_device        : No context for object [ffff880408242ca8]
[    0.145634]     scan-0964 [137068544] [01] bus_get_device        : No context for object [ffff880408242cd0]
[    0.145645]     scan-0964 [137068544] [01] bus_get_device        : No context for object [ffff880408242cf8]
[    0.145655]     scan-0964 [137068544] [01] bus_get_device        : No context for object [ffff880408242d20]
[    0.145665]     scan-0964 [137068544] [01] bus_get_device        : No context for object [ffff880408242d48]
[    0.145676]     scan-0964 [137068544] [01] bus_get_device        : No context for object [ffff880408242d70]
[    0.145686]     scan-0964 [137068544] [01] bus_get_device        : No context for object [ffff880408242d98]
[    0.145697]     scan-0964 [137068544] [01] bus_get_device        : No context for object [ffff880408242dc0]
[    0.145707]     scan-0964 [137068544] [01] bus_get_device        : No context for object [ffff880408242de8]
[    0.145718]     scan-0964 [137068544] [01] bus_get_device        : No context for object [ffff880408242e10]
[    0.145728]     scan-0964 [137068544] [01] bus_get_device        : No context for object [ffff880408242e38]
[    0.145739]     scan-0964 [137068544] [01] bus_get_device        : No context for object [ffff880408242e60]
[    0.145749]     scan-0964 [137068544] [01] bus_get_device        : No context for object [ffff880408242e88]
[    0.145760]     scan-0964 [137068544] [01] bus_get_device        : No context for object [ffff880408242eb0]
[    0.145770]     scan-0964 [137068544] [01] bus_get_device        : No context for object [ffff880408242ed8]
[    0.145781]     scan-0964 [137068544] [01] bus_get_device        : No context for object [ffff880408242f00]
[    0.145791]     scan-0964 [137068544] [01] bus_get_device        : No context for object [ffff880408242f28]
[    0.145802]     scan-0964 [137068544] [01] bus_get_device        : No context for object [ffff880408242f50]
[    0.145812]     scan-0964 [137068544] [01] bus_get_device        : No context for object [ffff880408242f78]
[    0.145823]     scan-0964 [137068544] [01] bus_get_device        : No context for object [ffff880408242fa0]
[    0.145833]     scan-0964 [137068544] [01] bus_get_device        : No context for object [ffff880408242fc8]
[    0.145843]     scan-0964 [137068544] [01] bus_get_device        : No context for object [ffff880408244000]
[    0.145855]    utils-0052 [137068544] [01] util_eval_error       : Evaluate [\_SB_.PCI0.PB4_.XPDV._STA]: AE_NOT_FOUND
[    0.145921] device: 'device:0b': device_add
[    0.145927] bus: 'acpi': add device device:0b
[    0.145942]    utils-0052 [137068544] [01] util_eval_error       : Evaluate [\_SB_.PCI0.PB4_.XPDV._SUN]: AE_NOT_FOUND
[    0.145957]     scan-1711 [137068544] [01] add_single_object     : Added device:0b [\_SB_.PCI0.PB4_.XPDV] parent device:0a
[    0.145969]     scan-0964 [137068544] [01] bus_get_device        : No context for object [ffff880408244028]
[    0.145979]     scan-0964 [137068544] [01] bus_get_device        : No context for object [ffff880408244050]
[    0.145990]     scan-0964 [137068544] [01] bus_get_device        : No context for object [ffff880408244078]
[    0.146003]     scan-0964 [137068544] [01] bus_get_device        : No context for object [ffff8804082440a0]
[    0.146014]     scan-0964 [137068544] [01] bus_get_device        : No context for object [ffff8804082440c8]
[    0.146024]     scan-0964 [137068544] [01] bus_get_device        : No context for object [ffff88040827e500]
[    0.146035]     scan-0964 [137068544] [01] bus_get_device        : No context for object [ffff8804082440f0]
[    0.146046]     scan-0964 [137068544] [01] bus_get_device        : No context for object [ffff880408244118]
[    0.146058]    utils-0052 [137068544] [01] util_eval_error       : Evaluate [\_SB_.PCI0.PB5_._STA]: AE_NOT_FOUND
[    0.146190] device: 'device:0c': device_add
[    0.146197] bus: 'acpi': add device device:0c
[    0.146211]    utils-0052 [137068544] [01] util_eval_error       : Evaluate [\_SB_.PCI0.PB5_._SUN]: AE_NOT_FOUND
[    0.146227]     scan-1711 [137068544] [01] add_single_object     : Added device:0c [\_SB_.PCI0.PB5_] parent PNP0A08:00
[    0.146238]     scan-0964 [137068544] [01] bus_get_device        : No context for object [ffff880408244140]
[    0.146249]     scan-0964 [137068544] [01] bus_get_device        : No context for object [ffff880408244168]
[    0.146259]     scan-0964 [137068544] [01] bus_get_device        : No context for object [ffff880408244190]
[    0.146270]     scan-0964 [137068544] [01] bus_get_device        : No context for object [ffff8804082441b8]
[    0.146281]     scan-0964 [137068544] [01] bus_get_device        : No context for object [ffff8804082441e0]
[    0.146291]     scan-0964 [137068544] [01] bus_get_device        : No context for object [ffff880408244208]
[    0.146302]     scan-0964 [137068544] [01] bus_get_device        : No context for object [ffff880408244230]
[    0.146312]     scan-0964 [137068544] [01] bus_get_device        : No context for object [ffff880408244258]
[    0.146323]     scan-0964 [137068544] [01] bus_get_device        : No context for object [ffff880408244280]
[    0.146333]     scan-0964 [137068544] [01] bus_get_device        : No context for object [ffff8804082442a8]
[    0.146344]     scan-0964 [137068544] [01] bus_get_device        : No context for object [ffff8804082442d0]
[    0.146354]     scan-0964 [137068544] [01] bus_get_device        : No context for object [ffff8804082442f8]
[    0.146365]     scan-0964 [137068544] [01] bus_get_device        : No context for object [ffff880408244320]
[    0.146375]     scan-0964 [137068544] [01] bus_get_device        : No context for object [ffff880408244348]
[    0.146385]     scan-0964 [137068544] [01] bus_get_device        : No context for object [ffff880408244370]
[    0.146396]     scan-0964 [137068544] [01] bus_get_device        : No context for object [ffff880408244398]
[    0.146407]     scan-0964 [137068544] [01] bus_get_device        : No context for object [ffff8804082443c0]
[    0.146417]     scan-0964 [137068544] [01] bus_get_device        : No context for object [ffff8804082443e8]
[    0.146428]     scan-0964 [137068544] [01] bus_get_device        : No context for object [ffff880408244410]
[    0.146438]     scan-0964 [137068544] [01] bus_get_device        : No context for object [ffff880408244438]
[    0.146449]     scan-0964 [137068544] [01] bus_get_device        : No context for object [ffff880408244460]
[    0.146459]     scan-0964 [137068544] [01] bus_get_device        : No context for object [ffff880408244488]
[    0.146469]     scan-0964 [137068544] [01] bus_get_device        : No context for object [ffff8804082444b0]
[    0.146480]     scan-0964 [137068544] [01] bus_get_device        : No context for object [ffff8804082444d8]
[    0.146490]     scan-0964 [137068544] [01] bus_get_device        : No context for object [ffff880408244500]
[    0.146501]     scan-0964 [137068544] [01] bus_get_device        : No context for object [ffff880408244528]
[    0.146511]     scan-0964 [137068544] [01] bus_get_device        : No context for object [ffff880408244550]
[    0.146522]     scan-0964 [137068544] [01] bus_get_device        : No context for object [ffff880408244578]
[    0.146532]     scan-0964 [137068544] [01] bus_get_device        : No context for object [ffff8804082445a0]
[    0.146542]     scan-0964 [137068544] [01] bus_get_device        : No context for object [ffff8804082445c8]
[    0.146553]     scan-0964 [137068544] [01] bus_get_device        : No context for object [ffff8804082445f0]
[    0.146564]    utils-0052 [137068544] [01] util_eval_error       : Evaluate [\_SB_.PCI0.PB5_.XPDV._STA]: AE_NOT_FOUND
[    0.146630] device: 'device:0d': device_add
[    0.146636] bus: 'acpi': add device device:0d
[    0.146653]    utils-0052 [137068544] [01] util_eval_error       : Evaluate [\_SB_.PCI0.PB5_.XPDV._SUN]: AE_NOT_FOUND
[    0.146668]     scan-1711 [137068544] [01] add_single_object     : Added device:0d [\_SB_.PCI0.PB5_.XPDV] parent device:0c
[    0.146680]     scan-0964 [137068544] [01] bus_get_device        : No context for object [ffff880408244618]
[    0.146691]     scan-0964 [137068544] [01] bus_get_device        : No context for object [ffff880408244640]
[    0.146701]     scan-0964 [137068544] [01] bus_get_device        : No context for object [ffff880408244668]
[    0.146712]     scan-0964 [137068544] [01] bus_get_device        : No context for object [ffff880408244690]
[    0.146722]     scan-0964 [137068544] [01] bus_get_device        : No context for object [ffff8804082446b8]
[    0.146733]     scan-0964 [137068544] [01] bus_get_device        : No context for object [ffff88040827e528]
[    0.146743]     scan-0964 [137068544] [01] bus_get_device        : No context for object [ffff8804082446e0]
[    0.146754]     scan-0964 [137068544] [01] bus_get_device        : No context for object [ffff880408244708]
[    0.146766]    utils-0052 [137068544] [01] util_eval_error       : Evaluate [\_SB_.PCI0.PB6_._STA]: AE_NOT_FOUND
[    0.146894] device: 'device:0e': device_add
[    0.146901] bus: 'acpi': add device device:0e
[    0.146916]    utils-0052 [137068544] [01] util_eval_error       : Evaluate [\_SB_.PCI0.PB6_._SUN]: AE_NOT_FOUND
[    0.146931]     scan-1711 [137068544] [01] add_single_object     : Added device:0e [\_SB_.PCI0.PB6_] parent PNP0A08:00
[    0.146943]     scan-0964 [137068544] [01] bus_get_device        : No context for object [ffff880408244730]
[    0.146953]     scan-0964 [137068544] [01] bus_get_device        : No context for object [ffff880408244758]
[    0.146964]     scan-0964 [137068544] [01] bus_get_device        : No context for object [ffff880408244780]
[    0.146975]     scan-0964 [137068544] [01] bus_get_device        : No context for object [ffff8804082447a8]
[    0.146985]     scan-0964 [137068544] [01] bus_get_device        : No context for object [ffff8804082447d0]
[    0.146996]     scan-0964 [137068544] [01] bus_get_device        : No context for object [ffff8804082447f8]
[    0.147010]     scan-0964 [137068544] [01] bus_get_device        : No context for object [ffff880408244820]
[    0.147021]     scan-0964 [137068544] [01] bus_get_device        : No context for object [ffff880408244848]
[    0.147032]     scan-0964 [137068544] [01] bus_get_device        : No context for object [ffff880408244870]
[    0.147042]     scan-0964 [137068544] [01] bus_get_device        : No context for object [ffff880408244898]
[    0.147053]     scan-0964 [137068544] [01] bus_get_device        : No context for object [ffff8804082448c0]
[    0.147063]     scan-0964 [137068544] [01] bus_get_device        : No context for object [ffff8804082448e8]
[    0.147074]     scan-0964 [137068544] [01] bus_get_device        : No context for object [ffff880408244910]
[    0.147084]     scan-0964 [137068544] [01] bus_get_device        : No context for object [ffff880408244938]
[    0.147095]     scan-0964 [137068544] [01] bus_get_device        : No context for object [ffff880408244960]
[    0.147105]     scan-0964 [137068544] [01] bus_get_device        : No context for object [ffff880408244988]
[    0.147116]     scan-0964 [137068544] [01] bus_get_device        : No context for object [ffff8804082449b0]
[    0.147126]     scan-0964 [137068544] [01] bus_get_device        : No context for object [ffff8804082449d8]
[    0.147137]     scan-0964 [137068544] [01] bus_get_device        : No context for object [ffff880408244a00]
[    0.147147]     scan-0964 [137068544] [01] bus_get_device        : No context for object [ffff880408244a28]
[    0.147158]     scan-0964 [137068544] [01] bus_get_device        : No context for object [ffff880408244a50]
[    0.147168]     scan-0964 [137068544] [01] bus_get_device        : No context for object [ffff880408244a78]
[    0.147179]     scan-0964 [137068544] [01] bus_get_device        : No context for object [ffff880408244aa0]
[    0.147189]     scan-0964 [137068544] [01] bus_get_device        : No context for object [ffff880408244ac8]
[    0.147200]     scan-0964 [137068544] [01] bus_get_device        : No context for object [ffff880408244af0]
[    0.147210]     scan-0964 [137068544] [01] bus_get_device        : No context for object [ffff880408244b18]
[    0.147221]     scan-0964 [137068544] [01] bus_get_device        : No context for object [ffff880408244b40]
[    0.147231]     scan-0964 [137068544] [01] bus_get_device        : No context for object [ffff880408244b68]
[    0.147242]     scan-0964 [137068544] [01] bus_get_device        : No context for object [ffff880408244b90]
[    0.147252]     scan-0964 [137068544] [01] bus_get_device        : No context for object [ffff880408244bb8]
[    0.147262]     scan-0964 [137068544] [01] bus_get_device        : No context for object [ffff880408244be0]
[    0.147274]    utils-0052 [137068544] [01] util_eval_error       : Evaluate [\_SB_.PCI0.PB6_.XPDV._STA]: AE_NOT_FOUND
[    0.147339] device: 'device:0f': device_add
[    0.147346] bus: 'acpi': add device device:0f
[    0.147360]    utils-0052 [137068544] [01] util_eval_error       : Evaluate [\_SB_.PCI0.PB6_.XPDV._SUN]: AE_NOT_FOUND
[    0.147376]     scan-1711 [137068544] [01] add_single_object     : Added device:0f [\_SB_.PCI0.PB6_.XPDV] parent device:0e
[    0.147387]     scan-0964 [137068544] [01] bus_get_device        : No context for object [ffff880408244c08]
[    0.147398]     scan-0964 [137068544] [01] bus_get_device        : No context for object [ffff880408244c30]
[    0.147409]     scan-0964 [137068544] [01] bus_get_device        : No context for object [ffff880408244c58]
[    0.147419]     scan-0964 [137068544] [01] bus_get_device        : No context for object [ffff880408244c80]
[    0.147430]     scan-0964 [137068544] [01] bus_get_device        : No context for object [ffff880408244ca8]
[    0.147440]     scan-0964 [137068544] [01] bus_get_device        : No context for object [ffff88040827e550]
[    0.147451]     scan-0964 [137068544] [01] bus_get_device        : No context for object [ffff880408244cd0]
[    0.147461]     scan-0964 [137068544] [01] bus_get_device        : No context for object [ffff880408244cf8]
[    0.147473]    utils-0052 [137068544] [01] util_eval_error       : Evaluate [\_SB_.PCI0.PB7_._STA]: AE_NOT_FOUND
[    0.147602] device: 'device:10': device_add
[    0.147609] bus: 'acpi': add device device:10
[    0.147625]    utils-0052 [137068544] [01] util_eval_error       : Evaluate [\_SB_.PCI0.PB7_._SUN]: AE_NOT_FOUND
[    0.147641]     scan-1711 [137068544] [01] add_single_object     : Added device:10 [\_SB_.PCI0.PB7_] parent PNP0A08:00
[    0.147652]     scan-0964 [137068544] [01] bus_get_device        : No context for object [ffff880408244d20]
[    0.147663]     scan-0964 [137068544] [01] bus_get_device        : No context for object [ffff880408244d48]
[    0.147673]     scan-0964 [137068544] [01] bus_get_device        : No context for object [ffff880408244d70]
[    0.147684]     scan-0964 [137068544] [01] bus_get_device        : No context for object [ffff880408244d98]
[    0.147694]     scan-0964 [137068544] [01] bus_get_device        : No context for object [ffff880408244dc0]
[    0.147705]     scan-0964 [137068544] [01] bus_get_device        : No context for object [ffff880408244de8]
[    0.147715]     scan-0964 [137068544] [01] bus_get_device        : No context for object [ffff880408244e10]
[    0.147726]     scan-0964 [137068544] [01] bus_get_device        : No context for object [ffff880408244e38]
[    0.147736]     scan-0964 [137068544] [01] bus_get_device        : No context for object [ffff880408244e60]
[    0.147747]     scan-0964 [137068544] [01] bus_get_device        : No context for object [ffff880408244e88]
[    0.147757]     scan-0964 [137068544] [01] bus_get_device        : No context for object [ffff880408244eb0]
[    0.147768]     scan-0964 [137068544] [01] bus_get_device        : No context for object [ffff880408244ed8]
[    0.147778]     scan-0964 [137068544] [01] bus_get_device        : No context for object [ffff880408244f00]
[    0.147789]     scan-0964 [137068544] [01] bus_get_device        : No context for object [ffff880408244f28]
[    0.147799]     scan-0964 [137068544] [01] bus_get_device        : No context for object [ffff880408244f50]
[    0.147810]     scan-0964 [137068544] [01] bus_get_device        : No context for object [ffff880408244f78]
[    0.147820]     scan-0964 [137068544] [01] bus_get_device        : No context for object [ffff880408244fa0]
[    0.147831]     scan-0964 [137068544] [01] bus_get_device        : No context for object [ffff880408244fc8]
[    0.147841]     scan-0964 [137068544] [01] bus_get_device        : No context for object [ffff880408246000]
[    0.147851]     scan-0964 [137068544] [01] bus_get_device        : No context for object [ffff880408246028]
[    0.147862]     scan-0964 [137068544] [01] bus_get_device        : No context for object [ffff880408246050]
[    0.147872]     scan-0964 [137068544] [01] bus_get_device        : No context for object [ffff880408246078]
[    0.147883]     scan-0964 [137068544] [01] bus_get_device        : No context for object [ffff8804082460a0]
[    0.147893]     scan-0964 [137068544] [01] bus_get_device        : No context for object [ffff8804082460c8]
[    0.147904]     scan-0964 [137068544] [01] bus_get_device        : No context for object [ffff8804082460f0]
[    0.147914]     scan-0964 [137068544] [01] bus_get_device        : No context for object [ffff880408246118]
[    0.147925]     scan-0964 [137068544] [01] bus_get_device        : No context for object [ffff880408246140]
[    0.147935]     scan-0964 [137068544] [01] bus_get_device        : No context for object [ffff880408246168]
[    0.147945]     scan-0964 [137068544] [01] bus_get_device        : No context for object [ffff880408246190]
[    0.147956]     scan-0964 [137068544] [01] bus_get_device        : No context for object [ffff8804082461b8]
[    0.147966]     scan-0964 [137068544] [01] bus_get_device        : No context for object [ffff8804082461e0]
[    0.147978]    utils-0052 [137068544] [01] util_eval_error       : Evaluate [\_SB_.PCI0.PB7_.XPDV._STA]: AE_NOT_FOUND
[    0.148048] device: 'device:11': device_add
[    0.148055] bus: 'acpi': add device device:11
[    0.148069]    utils-0052 [137068544] [01] util_eval_error       : Evaluate [\_SB_.PCI0.PB7_.XPDV._SUN]: AE_NOT_FOUND
[    0.148085]     scan-1711 [137068544] [01] add_single_object     : Added device:11 [\_SB_.PCI0.PB7_.XPDV] parent device:10
[    0.148097]     scan-0964 [137068544] [01] bus_get_device        : No context for object [ffff880408246208]
[    0.148107]     scan-0964 [137068544] [01] bus_get_device        : No context for object [ffff880408246230]
[    0.148118]     scan-0964 [137068544] [01] bus_get_device        : No context for object [ffff880408246258]
[    0.148128]     scan-0964 [137068544] [01] bus_get_device        : No context for object [ffff880408246280]
[    0.148139]     scan-0964 [137068544] [01] bus_get_device        : No context for object [ffff8804082462a8]
[    0.148149]     scan-0964 [137068544] [01] bus_get_device        : No context for object [ffff88040827e488]
[    0.148160]     scan-0964 [137068544] [01] bus_get_device        : No context for object [ffff8804082462d0]
[    0.148171]     scan-0964 [137068544] [01] bus_get_device        : No context for object [ffff8804082462f8]
[    0.148182]    utils-0052 [137068544] [01] util_eval_error       : Evaluate [\_SB_.PCI0.OHC1._STA]: AE_NOT_FOUND
[    0.148304] device: 'device:12': device_add
[    0.148311] bus: 'acpi': add device device:12
[    0.148326]    utils-0052 [137068544] [01] util_eval_error       : Evaluate [\_SB_.PCI0.OHC1._SUN]: AE_NOT_FOUND
[    0.148341]     scan-1711 [137068544] [01] add_single_object     : Added device:12 [\_SB_.PCI0.OHC1] parent PNP0A08:00
[    0.148352]     scan-0964 [137068544] [01] bus_get_device        : No context for object [ffff880408246320]
[    0.148363]     scan-0964 [137068544] [01] bus_get_device        : No context for object [ffff880408246348]
[    0.148373]     scan-0964 [137068544] [01] bus_get_device        : No context for object [ffff8804082822f8]
[    0.148385]    utils-0052 [137068544] [01] util_eval_error       : Evaluate [\_SB_.PCI0.OHC1.RHUB._STA]: AE_NOT_FOUND
[    0.148450] device: 'device:13': device_add
[    0.148456] bus: 'acpi': add device device:13
[    0.148472]    utils-0052 [137068544] [01] util_eval_error       : Evaluate [\_SB_.PCI0.OHC1.RHUB._SUN]: AE_NOT_FOUND
[    0.148488]     scan-1711 [137068544] [01] add_single_object     : Added device:13 [\_SB_.PCI0.OHC1.RHUB] parent device:12
[    0.148500]     scan-0964 [137068544] [01] bus_get_device        : No context for object [ffff880408282320]
[    0.148510]     scan-0964 [137068544] [01] bus_get_device        : No context for object [ffff880408282348]
[    0.148522]    utils-0052 [137068544] [01] util_eval_error       : Evaluate [\_SB_.PCI0.OHC1.RHUB.PRT3._STA]: AE_NOT_FOUND
[    0.148587] device: 'device:14': device_add
[    0.148594] bus: 'acpi': add device device:14
[    0.148608]    utils-0052 [137068544] [01] util_eval_error       : Evaluate [\_SB_.PCI0.OHC1.RHUB.PRT3._SUN]: AE_NOT_FOUND
[    0.148624]     scan-1711 [137068544] [01] add_single_object     : Added device:14 [\_SB_.PCI0.OHC1.RHUB.PRT3] parent device:13
[    0.148636]     scan-0964 [137068544] [01] bus_get_device        : No context for object [ffff880408282370]
[    0.148646]     scan-0964 [137068544] [01] bus_get_device        : No context for object [ffff880408282398]
[    0.148657]     scan-0964 [137068544] [01] bus_get_device        : No context for object [ffff8804082823c0]
[    0.148668]     scan-0964 [137068544] [01] bus_get_device        : No context for object [ffff8804082823e8]
[    0.148679]    utils-0052 [137068544] [01] util_eval_error       : Evaluate [\_SB_.PCI0.OHC1.RHUB.PRT4._STA]: AE_NOT_FOUND
[    0.148744] device: 'device:15': device_add
[    0.148751] bus: 'acpi': add device device:15
[    0.148765]    utils-0052 [137068544] [01] util_eval_error       : Evaluate [\_SB_.PCI0.OHC1.RHUB.PRT4._SUN]: AE_NOT_FOUND
[    0.148781]     scan-1711 [137068544] [01] add_single_object     : Added device:15 [\_SB_.PCI0.OHC1.RHUB.PRT4] parent device:13
[    0.148792]     scan-0964 [137068544] [01] bus_get_device        : No context for object [ffff880408282410]
[    0.148803]     scan-0964 [137068544] [01] bus_get_device        : No context for object [ffff880408282438]
[    0.148814]     scan-0964 [137068544] [01] bus_get_device        : No context for object [ffff880408282460]
[    0.148825]     scan-0964 [137068544] [01] bus_get_device        : No context for object [ffff880408246370]
[    0.148836]    utils-0052 [137068544] [01] util_eval_error       : Evaluate [\_SB_.PCI0.EHC1._STA]: AE_NOT_FOUND
[    0.148960] device: 'device:16': device_add
[    0.148967] bus: 'acpi': add device device:16
[    0.148985]    utils-0052 [137068544] [01] util_eval_error       : Evaluate [\_SB_.PCI0.EHC1._SUN]: AE_NOT_FOUND
[    0.149004]     scan-1711 [137068544] [01] add_single_object     : Added device:16 [\_SB_.PCI0.EHC1] parent PNP0A08:00
[    0.149015]     scan-0964 [137068544] [01] bus_get_device        : No context for object [ffff880408246398]
[    0.149026]     scan-0964 [137068544] [01] bus_get_device        : No context for object [ffff8804082463c0]
[    0.149036]     scan-0964 [137068544] [01] bus_get_device        : No context for object [ffff880408282028]
[    0.149048]    utils-0052 [137068544] [01] util_eval_error       : Evaluate [\_SB_.PCI0.EHC1.RHUB._STA]: AE_NOT_FOUND
[    0.149113] device: 'device:17': device_add
[    0.149120] bus: 'acpi': add device device:17
[    0.149134]    utils-0052 [137068544] [01] util_eval_error       : Evaluate [\_SB_.PCI0.EHC1.RHUB._SUN]: AE_NOT_FOUND
[    0.149150]     scan-1711 [137068544] [01] add_single_object     : Added device:17 [\_SB_.PCI0.EHC1.RHUB] parent device:16
[    0.149162]     scan-0964 [137068544] [01] bus_get_device        : No context for object [ffff880408282050]
[    0.149172]     scan-0964 [137068544] [01] bus_get_device        : No context for object [ffff880408282078]
[    0.149184]    utils-0052 [137068544] [01] util_eval_error       : Evaluate [\_SB_.PCI0.EHC1.RHUB.PRT3._STA]: AE_NOT_FOUND
[    0.149250] device: 'device:18': device_add
[    0.149256] bus: 'acpi': add device device:18
[    0.149270]    utils-0052 [137068544] [01] util_eval_error       : Evaluate [\_SB_.PCI0.EHC1.RHUB.PRT3._SUN]: AE_NOT_FOUND
[    0.149286]     scan-1711 [137068544] [01] add_single_object     : Added device:18 [\_SB_.PCI0.EHC1.RHUB.PRT3] parent device:17
[    0.149298]     scan-0964 [137068544] [01] bus_get_device        : No context for object [ffff8804082820a0]
[    0.149309]     scan-0964 [137068544] [01] bus_get_device        : No context for object [ffff8804082820c8]
[    0.149319]     scan-0964 [137068544] [01] bus_get_device        : No context for object [ffff8804082820f0]
[    0.149330]     scan-0964 [137068544] [01] bus_get_device        : No context for object [ffff880408282118]
[    0.149341]    utils-0052 [137068544] [01] util_eval_error       : Evaluate [\_SB_.PCI0.EHC1.RHUB.PRT4._STA]: AE_NOT_FOUND
[    0.149407] device: 'device:19': device_add
[    0.149413] bus: 'acpi': add device device:19
[    0.149430]    utils-0052 [137068544] [01] util_eval_error       : Evaluate [\_SB_.PCI0.EHC1.RHUB.PRT4._SUN]: AE_NOT_FOUND
[    0.149446]     scan-1711 [137068544] [01] add_single_object     : Added device:19 [\_SB_.PCI0.EHC1.RHUB.PRT4] parent device:17
[    0.149458]     scan-0964 [137068544] [01] bus_get_device        : No context for object [ffff880408282140]
[    0.149468]     scan-0964 [137068544] [01] bus_get_device        : No context for object [ffff880408282168]
[    0.149479]     scan-0964 [137068544] [01] bus_get_device        : No context for object [ffff880408282190]
[    0.149490]     scan-0964 [137068544] [01] bus_get_device        : No context for object [ffff8804082463e8]
[    0.149501]    utils-0052 [137068544] [01] util_eval_error       : Evaluate [\_SB_.PCI0.OHC2._STA]: AE_NOT_FOUND
[    0.149624] device: 'device:1a': device_add
[    0.149631] bus: 'acpi': add device device:1a
[    0.149645]    utils-0052 [137068544] [01] util_eval_error       : Evaluate [\_SB_.PCI0.OHC2._SUN]: AE_NOT_FOUND
[    0.149660]     scan-1711 [137068544] [01] add_single_object     : Added device:1a [\_SB_.PCI0.OHC2] parent PNP0A08:00
[    0.149672]     scan-0964 [137068544] [01] bus_get_device        : No context for object [ffff880408246410]
[    0.149682]     scan-0964 [137068544] [01] bus_get_device        : No context for object [ffff880408246438]
[    0.149693]     scan-0964 [137068544] [01] bus_get_device        : No context for object [ffff880408282488]
[    0.149705]    utils-0052 [137068544] [01] util_eval_error       : Evaluate [\_SB_.PCI0.OHC2.RHUB._STA]: AE_NOT_FOUND
[    0.149769] device: 'device:1b': device_add
[    0.149776] bus: 'acpi': add device device:1b
[    0.149790]    utils-0052 [137068544] [01] util_eval_error       : Evaluate [\_SB_.PCI0.OHC2.RHUB._SUN]: AE_NOT_FOUND
[    0.149805]     scan-1711 [137068544] [01] add_single_object     : Added device:1b [\_SB_.PCI0.OHC2.RHUB] parent device:1a
[    0.149817]     scan-0964 [137068544] [01] bus_get_device        : No context for object [ffff8804082824b0]
[    0.149827]     scan-0964 [137068544] [01] bus_get_device        : No context for object [ffff8804082824d8]
[    0.149839]    utils-0052 [137068544] [01] util_eval_error       : Evaluate [\_SB_.PCI0.OHC2.RHUB.PRT4._STA]: AE_NOT_FOUND
[    0.149904] device: 'device:1c': device_add
[    0.149910] bus: 'acpi': add device device:1c
[    0.149927]    utils-0052 [137068544] [01] util_eval_error       : Evaluate [\_SB_.PCI0.OHC2.RHUB.PRT4._SUN]: AE_NOT_FOUND
[    0.149944]     scan-1711 [137068544] [01] add_single_object     : Added device:1c [\_SB_.PCI0.OHC2.RHUB.PRT4] parent device:1b
[    0.149955]     scan-0964 [137068544] [01] bus_get_device        : No context for object [ffff880408282500]
[    0.149966]     scan-0964 [137068544] [01] bus_get_device        : No context for object [ffff880408282528]
[    0.149976]     scan-0964 [137068544] [01] bus_get_device        : No context for object [ffff880408282550]
[    0.149987]     scan-0964 [137068544] [01] bus_get_device        : No context for object [ffff880408246460]
[    0.150003]    utils-0052 [137068544] [01] util_eval_error       : Evaluate [\_SB_.PCI0.EHC2._STA]: AE_NOT_FOUND
[    0.150125] device: 'device:1d': device_add
[    0.150132] bus: 'acpi': add device device:1d
[    0.150146]    utils-0052 [137068544] [01] util_eval_error       : Evaluate [\_SB_.PCI0.EHC2._SUN]: AE_NOT_FOUND
[    0.150162]     scan-1711 [137068544] [01] add_single_object     : Added device:1d [\_SB_.PCI0.EHC2] parent PNP0A08:00
[    0.150173]     scan-0964 [137068544] [01] bus_get_device        : No context for object [ffff880408246488]
[    0.150184]     scan-0964 [137068544] [01] bus_get_device        : No context for object [ffff8804082464b0]
[    0.150194]     scan-0964 [137068544] [01] bus_get_device        : No context for object [ffff8804082821b8]
[    0.150206]    utils-0052 [137068544] [01] util_eval_error       : Evaluate [\_SB_.PCI0.EHC2.RHUB._STA]: AE_NOT_FOUND
[    0.150270] device: 'device:1e': device_add
[    0.150276] bus: 'acpi': add device device:1e
[    0.150290]    utils-0052 [137068544] [01] util_eval_error       : Evaluate [\_SB_.PCI0.EHC2.RHUB._SUN]: AE_NOT_FOUND
[    0.150306]     scan-1711 [137068544] [01] add_single_object     : Added device:1e [\_SB_.PCI0.EHC2.RHUB] parent device:1d
[    0.150318]     scan-0964 [137068544] [01] bus_get_device        : No context for object [ffff8804082821e0]
[    0.150328]     scan-0964 [137068544] [01] bus_get_device        : No context for object [ffff880408282208]
[    0.150340]    utils-0052 [137068544] [01] util_eval_error       : Evaluate [\_SB_.PCI0.EHC2.RHUB.PRT2._STA]: AE_NOT_FOUND
[    0.150405] device: 'device:1f': device_add
[    0.150411] bus: 'acpi': add device device:1f
[    0.150428]    utils-0052 [137068544] [01] util_eval_error       : Evaluate [\_SB_.PCI0.EHC2.RHUB.PRT2._SUN]: AE_NOT_FOUND
[    0.150444]     scan-1711 [137068544] [01] add_single_object     : Added device:1f [\_SB_.PCI0.EHC2.RHUB.PRT2] parent device:1e
[    0.150456]     scan-0964 [137068544] [01] bus_get_device        : No context for object [ffff880408282230]
[    0.150466]     scan-0964 [137068544] [01] bus_get_device        : No context for object [ffff880408282258]
[    0.150477]     scan-0964 [137068544] [01] bus_get_device        : No context for object [ffff880408282280]
[    0.150488]     scan-0964 [137068544] [01] bus_get_device        : No context for object [ffff8804082464d8]
[    0.150499]    utils-0052 [137068544] [01] util_eval_error       : Evaluate [\_SB_.PCI0.OHC3._STA]: AE_NOT_FOUND
[    0.150621] device: 'device:20': device_add
[    0.150628] bus: 'acpi': add device device:20
[    0.150642]    utils-0052 [137068544] [01] util_eval_error       : Evaluate [\_SB_.PCI0.OHC3._SUN]: AE_NOT_FOUND
