[    0.000000] Initializing cgroup subsys cpuset
[    0.000000] Initializing cgroup subsys cpu
[    0.000000] Initializing cgroup subsys cpuacct
[    0.000000] Linux version 3.12.23-1-MANJARO (emacs@manji) (gcc version 4.9.0 20140604 (prerelease) (GCC) ) #7 SMP PREEMPT Mon Jul 14 00:09:28 CEST 2014
[    0.000000] Command line: BOOT_IMAGE=/vmlinuz-312-x86_64 root=UUID=bfa4ab6e-19a3-4601-ba2b-267c55841c73 rw cryptdevice=/dev/disk/by-uuid/70c08890-417a-497d-b6ab-c0d0357a63e2:cryptManjaro:allow-discards ipv6.disable=1 pnp.debug=1 loglevel=9 log_buf_len=10M printk.always_kmsg_dump=y printk.time=y mminit_loglevel=0 memory_corruption_check=1 fbcon=scrollback:4096k fbcon=font:ProFont6x11 acpi.debug_layer=0xfbff0000 acpi.debug_level=0xFFFFFFFD pnp.debug=1 radeon.dpm=1 radeonfb radeon.audio=0
[    0.000000] e820: BIOS-provided physical RAM map:
[    0.000000] BIOS-e820: [mem 0x0000000000000000-0x000000000009d7ff] usable
[    0.000000] BIOS-e820: [mem 0x000000000009d800-0x000000000009ffff] reserved
[    0.000000] BIOS-e820: [mem 0x00000000000e0000-0x00000000000fffff] reserved
[    0.000000] BIOS-e820: [mem 0x0000000000100000-0x00000000aed9afff] usable
[    0.000000] BIOS-e820: [mem 0x00000000aed9b000-0x00000000af39afff] reserved
[    0.000000] BIOS-e820: [mem 0x00000000af39b000-0x00000000af49afff] ACPI NVS
[    0.000000] BIOS-e820: [mem 0x00000000af49b000-0x00000000af51afff] ACPI data
[    0.000000] BIOS-e820: [mem 0x00000000af51b000-0x00000000afdfffff] usable
[    0.000000] BIOS-e820: [mem 0x00000000afe00000-0x00000000afffffff] reserved
[    0.000000] BIOS-e820: [mem 0x00000000fec00000-0x00000000fecfffff] reserved
[    0.000000] BIOS-e820: [mem 0x00000000fed80000-0x00000000fed80fff] reserved
[    0.000000] BIOS-e820: [mem 0x00000000ffe00000-0x00000000ffffffff] reserved
[    0.000000] BIOS-e820: [mem 0x0000000100000000-0x000000042effffff] usable
[    0.000000] NX (Execute Disable) protection: active
[    0.000000] SMBIOS 2.6 present.
[    0.000000] DMI: LENOVO Sabine/Torpedo, BIOS 54CN18WW 07/20/2011
[    0.000000] e820: update [mem 0x00000000-0x00000fff] usable ==> reserved
[    0.000000] e820: remove [mem 0x000a0000-0x000fffff] usable
[    0.000000] No AGP bridge found
[    0.000000] e820: last_pfn = 0x42f000 max_arch_pfn = 0x400000000
[    0.000000] MTRR default type: uncachable
[    0.000000] MTRR fixed ranges enabled:
[    0.000000]   00000-9FFFF write-back
[    0.000000]   A0000-BFFFF uncachable
[    0.000000]   C0000-FFFFF write-protect
[    0.000000] MTRR variable ranges enabled:
[    0.000000]   0 base 0000000000 mask FF80000000 write-back
[    0.000000]   1 base 0080000000 mask FFE0000000 write-back
[    0.000000]   2 base 00A0000000 mask FFF0000000 write-back
[    0.000000]   3 base 00FFF90000 mask FFFFFF0000 uncachable
[    0.000000]   4 base 00FED80000 mask 0FFFFFF000 uncachable
[    0.000000]   5 disabled
[    0.000000]   6 disabled
[    0.000000]   7 base 00FFE00000 mask FFFFE00000 write-protect
[    0.000000] TOM2: 000000042f000000 aka 17136M
[    0.000000] x86 PAT enabled: cpu 0, old 0x7040600070406, new 0x7010600070106
[    0.000000] mtrr: your BIOS has configured an incorrect mask, fixing it.
[    0.000000] e820: last_pfn = 0xafe00 max_arch_pfn = 0x400000000
[    0.000000] found SMP MP-table at [mem 0x000fa8b0-0x000fa8bf] mapped at [ffff8800000fa8b0]
[    0.000000] Scanning 1 areas for low memory corruption
[    0.000000] Base memory trampoline at [ffff880000097000] 97000 size 24576
[    0.000000] Using GB pages for direct mapping
[    0.000000] init_memory_mapping: [mem 0x00000000-0x000fffff]
[    0.000000]  [mem 0x00000000-0x000fffff] page 4k
[    0.000000] BRK [0x0204c000, 0x0204cfff] PGTABLE
[    0.000000] BRK [0x0204d000, 0x0204dfff] PGTABLE
[    0.000000] BRK [0x0204e000, 0x0204efff] PGTABLE
[    0.000000] init_memory_mapping: [mem 0x42ee00000-0x42effffff]
[    0.000000]  [mem 0x42ee00000-0x42effffff] page 2M
[    0.000000] BRK [0x0204f000, 0x0204ffff] PGTABLE
[    0.000000] init_memory_mapping: [mem 0x42c000000-0x42edfffff]
[    0.000000]  [mem 0x42c000000-0x42edfffff] page 2M
[    0.000000] init_memory_mapping: [mem 0x400000000-0x42bffffff]
[    0.000000]  [mem 0x400000000-0x42bffffff] page 2M
[    0.000000] init_memory_mapping: [mem 0x00100000-0xaed9afff]
[    0.000000]  [mem 0x00100000-0x001fffff] page 4k
[    0.000000]  [mem 0x00200000-0x3fffffff] page 2M
[    0.000000]  [mem 0x40000000-0x7fffffff] page 1G
[    0.000000]  [mem 0x80000000-0xaebfffff] page 2M
[    0.000000]  [mem 0xaec00000-0xaed9afff] page 4k
[    0.000000] init_memory_mapping: [mem 0xaf51b000-0xafdfffff]
[    0.000000]  [mem 0xaf51b000-0xaf5fffff] page 4k
[    0.000000]  [mem 0xaf600000-0xafdfffff] page 2M
[    0.000000] BRK [0x02050000, 0x02050fff] PGTABLE
[    0.000000] init_memory_mapping: [mem 0x100000000-0x3ffffffff]
[    0.000000]  [mem 0x100000000-0x3ffffffff] page 1G
[    0.000000] log_buf_len: 16777216
[    0.000000] early log buf free: 2092212(99%)
[    0.000000] RAMDISK: [mem 0x37880000-0x37c37fff]
[    0.000000] ACPI: RSDP 00000000000f0110 00024 (v02 LENOVO)
[    0.000000] ACPI: XSDT 00000000af51a120 00074 (v01 LENOVO CB-01    00000001 LENO 00000001)
[    0.000000] ACPI: FACP 00000000af508000 000F4 (v04 LENOVO CB-01    00000001 PTL  00000001)
[    0.000000] ACPI: DSDT 00000000af50a000 0FD10 (v01 LENOVO CB-01    00001000 LENO 00000001)
[    0.000000] ACPI: FACS 00000000af478000 00040
[    0.000000] ACPI: HPET 00000000af507000 00038 (v01 LENOVO CB-01    00000001 PTL  00000001)
[    0.000000] ACPI: APIC 00000000af506000 0007A (v02 LENOVO CB-01    00000001 PTL  00000001)
[    0.000000] ACPI: MCFG 00000000af505000 0003C (v01 LENOVO CB-01    00000001 PTL  00000001)
[    0.000000] ACPI: SLIC 00000000af504000 00176 (v01 LENOVO CB-01    00000001 LENO 00000001)
[    0.000000] ACPI: UEFI 00000000af503000 0003E (v01 LENOVO CB-01    00000001 PTL  00000001)
[    0.000000] ACPI: UEFI 00000000af502000 00042 (v01 PTL      COMBUF 00000001 PTL  00000001)
[    0.000000] ACPI: SSDT 00000000af501000 00E34 (v01 AMD    POWERNOW 00000001 AMD  00000001)
[    0.000000] ACPI: SSDT 00000000af4ff000 0193D (v02    AMD     ALIB 00000001 MSFT 04000000)
[    0.000000] ACPI: UEFI 00000000af4fe000 0021A (v01 LENOVO CB-01    00000001 PTL  00000001)
[    0.000000] ACPI: Local APIC address 0xfee00000
[    0.000000] No NUMA configuration found
[    0.000000] Faking a node at [mem 0x0000000000000000-0x000000042effffff]
[    0.000000] Initmem setup node 0 [mem 0x00000000-0x42effffff]
[    0.000000]   NODE_DATA [mem 0x42dffa000-0x42dffdfff]
[    0.000000]  [ffffea0000000000-ffffea0010bfffff] PMD -> [ffff88041de00000-ffff88042d5fffff] on node 0
[    0.000000] Zone ranges:
[    0.000000]   DMA      [mem 0x00001000-0x00ffffff]
[    0.000000]   DMA32    [mem 0x01000000-0xffffffff]
[    0.000000]   Normal   [mem 0x100000000-0x42effffff]
[    0.000000] Movable zone start for each node
[    0.000000] Early memory node ranges
[    0.000000]   node   0: [mem 0x00001000-0x0009cfff]
[    0.000000]   node   0: [mem 0x00100000-0xaed9afff]
[    0.000000]   node   0: [mem 0xaf51b000-0xafdfffff]
[    0.000000]   node   0: [mem 0x100000000-0x42effffff]
[    0.000000] On node 0 totalpages: 4056604
[    0.000000]   DMA zone: 64 pages used for memmap
[    0.000000]   DMA zone: 21 pages reserved
[    0.000000]   DMA zone: 3996 pages, LIFO batch:0
[    0.000000]   DMA32 zone: 11162 pages used for memmap
[    0.000000]   DMA32 zone: 714368 pages, LIFO batch:31
[    0.000000]   Normal zone: 52160 pages used for memmap
[    0.000000]   Normal zone: 3338240 pages, LIFO batch:31
[    0.000000] ACPI: PM-Timer IO Port: 0x808
[    0.000000] ACPI: Local APIC address 0xfee00000
[    0.000000] ACPI: LAPIC (acpi_id[0x00] lapic_id[0x00] enabled)
[    0.000000] ACPI: LAPIC (acpi_id[0x01] lapic_id[0x01] enabled)
[    0.000000] ACPI: LAPIC (acpi_id[0x02] lapic_id[0x02] enabled)
[    0.000000] ACPI: LAPIC (acpi_id[0x03] lapic_id[0x03] enabled)
[    0.000000] ACPI: LAPIC_NMI (acpi_id[0x00] high edge lint[0x1])
[    0.000000] ACPI: LAPIC_NMI (acpi_id[0x01] high edge lint[0x1])
[    0.000000] ACPI: LAPIC_NMI (acpi_id[0x02] high edge lint[0x1])
[    0.000000] ACPI: LAPIC_NMI (acpi_id[0x03] high edge lint[0x1])
[    0.000000] ACPI: IOAPIC (id[0x02] address[0xfec00000] gsi_base[0])
[    0.000000] IOAPIC[0]: apic_id 2, version 33, address 0xfec00000, GSI 0-23
[    0.000000] ACPI: INT_SRC_OVR (bus 0 bus_irq 0 global_irq 2 dfl dfl)
[    0.000000] ACPI: IRQ0 used by override.
[    0.000000] ACPI: IRQ2 used by override.
[    0.000000] ACPI: IRQ9 used by override.
[    0.000000] Using ACPI (MADT) for SMP configuration information
[    0.000000] ACPI: HPET id: 0x43538210 base: 0xfed00000
[    0.000000] smpboot: Allowing 4 CPUs, 0 hotplug CPUs
[    0.000000] nr_irqs_gsi: 40
[    0.000000] e820: [mem 0xb0000000-0xfebfffff] available for PCI devices
[    0.000000] setup_percpu: NR_CPUS:128 nr_cpumask_bits:128 nr_cpu_ids:4 nr_node_ids:1
[    0.000000] PERCPU: Embedded 27 pages/cpu @ffff88042dc00000 s80896 r8192 d21504 u524288
[    0.000000] pcpu-alloc: s80896 r8192 d21504 u524288 alloc=1*2097152
[    0.000000] pcpu-alloc: [0] 0 1 2 3 
[    0.000000] Built 1 zonelists in Zone order, mobility grouping on.  Total pages: 3993197
[    0.000000] Policy zone: Normal
[    0.000000] Kernel command line: BOOT_IMAGE=/vmlinuz-312-x86_64 root=UUID=bfa4ab6e-19a3-4601-ba2b-267c55841c73 rw cryptdevice=/dev/disk/by-uuid/70c08890-417a-497d-b6ab-c0d0357a63e2:cryptManjaro:allow-discards ipv6.disable=1 pnp.debug=1 loglevel=9 log_buf_len=10M printk.always_kmsg_dump=y printk.time=y mminit_loglevel=0 memory_corruption_check=1 fbcon=scrollback:4096k fbcon=font:ProFont6x11 acpi.debug_layer=0xfbff0000 acpi.debug_level=0xFFFFFFFD pnp.debug=1 radeon.dpm=1 radeonfb radeon.audio=0
[    0.000000] PID hash table entries: 4096 (order: 3, 32768 bytes)
[    0.000000] Checking aperture...
[    0.000000] No AGP bridge found
[    0.000000] Memory: 15868808K/16226416K available (6371K kernel code, 760K rwdata, 2816K rodata, 880K init, 2728K bss, 357608K reserved)
[    0.000000] SLUB: HWalign=64, Order=0-3, MinObjects=0, CPUs=4, Nodes=1
[    0.000000] Preemptible hierarchical RCU implementation.
[    0.000000] 	RCU dyntick-idle grace-period acceleration is enabled.
[    0.000000] 	Additional per-CPU info printed with stalls.
[    0.000000] 	RCU restricting CPUs from NR_CPUS=128 to nr_cpu_ids=4.
[    0.000000] NR_IRQS:8448 nr_irqs:712 16
[    0.000000] spurious 8259A interrupt: IRQ7.
[    0.000000] Console: colour dummy device 80x25
[    0.000000] console [tty0] enabled
[    0.000000] allocated 65011712 bytes of page_cgroup
[    0.000000] please try 'cgroup_disable=memory' option if you don't want memory cgroups
[    0.000000] hpet clockevent registered
[    0.000000] tsc: Fast TSC calibration using PIT
[    0.001000] tsc: Detected 1397.424 MHz processor
[    0.000004] Calibrating delay loop (skipped), value calculated using timer frequency.. 2794.84 BogoMIPS (lpj=1397424)
[    0.000013] pid_max: default: 32768 minimum: 301
[    0.000053] Security Framework initialized
[    0.001695] Dentry cache hash table entries: 2097152 (order: 12, 16777216 bytes)
[    0.008299] Inode-cache hash table entries: 1048576 (order: 11, 8388608 bytes)
[    0.011240] Mount-cache hash table entries: 256
[    0.011539] Initializing cgroup subsys memory
[    0.011557] Initializing cgroup subsys devices
[    0.011563] Initializing cgroup subsys freezer
[    0.011567] Initializing cgroup subsys blkio
[    0.011598] tseg: 00afe00000
[    0.011604] CPU: Physical Processor ID: 0
[    0.011608] CPU: Processor Core ID: 0
[    0.011612] mce: CPU supports 6 MCE banks
[    0.011626] Last level iTLB entries: 4KB 512, 2MB 16, 4MB 8
Last level dTLB entries: 4KB 1024, 2MB 128, 4MB 64
tlb_flushall_shift: 5
[    0.011801] Freeing SMP alternatives memory: 20K (ffffffff81d9c000 - ffffffff81da1000)
[    0.011809] ACPI: Core revision 20130725
[    0.024370] ACPI: All ACPI Tables successfully acquired
[    0.026460] ..TIMER: vector=0x30 apic1=0 pin1=2 apic2=-1 pin2=-1
[    0.036473] smpboot: CPU0: AMD A6-3400M APU with Radeon(tm) HD Graphics (fam: 12, model: 01, stepping: 00)
[    0.138322] Performance Events: AMD PMU driver.
[    0.138331] ... version:                0
[    0.138335] ... bit width:              48
[    0.138339] ... generic registers:      4
[    0.138343] ... value mask:             0000ffffffffffff
[    0.138347] ... max period:             00007fffffffffff
[    0.138351] ... fixed-purpose events:   0
[    0.138355] ... event mask:             000000000000000f
[    0.144495] MCE: In-kernel MCE decoding enabled.
[    0.146423] NMI watchdog: enabled on all CPUs, permanently consumes one hw-PMU counter.
[    0.148503] smpboot: Booting Node   0, Processors  #   1
[    0.161728] TSC synchronization [CPU#0 -> CPU#1]:
[    0.161737] Measured 405051377 cycles TSC warp between CPUs, turning off TSC clock.
[    0.002000] tsc: Marking TSC unstable due to check_tsc_sync_source failed
[    0.062116]  #   2 #   3 OK
[    0.086317] Brought up 4 CPUs
[    0.086323] smpboot: Total of 4 processors activated (11179.39 BogoMIPS)
[    0.088003] devtmpfs: initialized
[    0.088040] device: 'platform': device_add
[    0.088066] bus: 'platform': registered
[    0.088077] bus: 'cpu': registered
[    0.088083] device: 'cpu': device_add
[    0.088363] bus: 'workqueue': registered
[    0.088363] device: 'workqueue': device_add
[    0.088363] atomic64 test passed for x86-64 platform with CX8 and with SSE
[    0.088363] device class 'regulator': registering
[    0.088369] Registering platform device 'reg-dummy'. Parent at platform
[    0.088374] device: 'reg-dummy': device_add
[    0.088380] bus: 'platform': add device reg-dummy
[    0.088398] bus: 'platform': add driver reg-dummy
[    0.088406] bus: 'platform': driver_probe_device: matched device reg-dummy with driver reg-dummy
[    0.088414] bus: 'platform': really_probe: probing driver reg-dummy with device reg-dummy
[    0.088426] device: 'regulator.0': device_add
[    0.088446] regulator-dummy: no parameters
[    0.088460] driver: 'reg-dummy': driver_bound: bound to device 'reg-dummy'
[    0.088465] bus: 'platform': really_probe: bound device reg-dummy to driver reg-dummy
[    0.088542] NET: Registered protocol family 16
[    0.089144] device class 'bdi': registering
[    0.089156] bus: 'platform': add driver ramoops
[    0.089168] device class 'pci_bus': registering
[    0.089185] bus: 'pci': registered
[    0.089189] device class 'backlight': registering
[    0.089197] device class 'video_output': registering
[    0.089205] device class 'tty': registering
[    0.089212] device class 'vtconsole': registering
[    0.089223] device: 'vtcon0': device_add
[    0.089248] bus: 'node': registered
[    0.089254] device: 'node': device_add
[    0.089274] bus: 'i2c': registered
[    0.089280] bus: 'i2c': add driver dummy
[    0.089289] i2c-core: driver [dummy] registered
[    0.089295] cpuidle: using governor ladder
[    0.089299] cpuidle: using governor menu
[    0.089596] ACPI FADT declares the system doesn't support PCIe ASPM, so disable it
[    0.089603] ACPI: bus type PCI registered
[    0.089608] acpiphp: ACPI Hot Plug PCI Controller Driver version: 0.5
[    0.089614] device class 'dmi': registering
[    0.089623] device: 'id': device_add
[    0.089734] PCI: MMCONFIG for domain 0000 [bus 00-3f] at [mem 0xf8000000-0xfbffffff] (base 0xf8000000)
[    0.089742] PCI: not using MMCONFIG
[    0.089747] PCI: Using configuration type 1 for base access
[    0.089751] PCI: Using configuration type 1 for extended access
[    0.089892] device: 'node0': device_add
[    0.089898] bus: 'node': add device node0
[    0.089919] device: 'cpu0': device_add
[    0.089925] bus: 'cpu': add device cpu0
[    0.089965] device: 'cpu1': device_add
[    0.089971] bus: 'cpu': add device cpu1
[    0.090014] device: 'cpu2': device_add
[    0.090020] bus: 'cpu': add device cpu2
[    0.090058] device: 'cpu3': device_add
[    0.090064] bus: 'cpu': add device cpu3
[    0.090099] mtrr: your CPUs had inconsistent variable MTRR settings
[    0.090104] mtrr: probably your BIOS does not setup all CPUs.
[    0.090108] mtrr: corrected configuration.
[    0.091727] device: 'writeback': device_add
[    0.091727] bus: 'workqueue': add device writeback
[    0.091727] device: 'default': device_add
[    0.091727] bio: create slab <bio-0> at 0
[    0.092010] device class 'block': registering
[    0.092040] device class 'graphics': registering
[    0.092080] ACPI: Added _OSI(Module Device)
[    0.092085] ACPI: Added _OSI(Processor Device)
[    0.092089] ACPI: Added _OSI(3.0 _SCP Extensions)
[    0.092093] ACPI: Added _OSI(Processor Aggregator Device)
[    0.094576] ACPI: EC: Look up EC in DSDT
[    0.094859] 
**** Context Switch from TID 4294967295 to TID 405504000 ****

[    0.094869]    utils-0288 [405504000] [02] evaluate_integer      : Return value [3]
[    0.094885]    utils-0052 [405504000] [02] util_eval_error       : Evaluate [\_SB_.PCI0.LPC0.EC0_._GLK]: AE_NOT_FOUND
[    0.095284] Executing  Method       \_SB_.PCI0.LPC0.EC0_._REG
[    0.095926] Executing  Method       \_SB_.PCI0.LPC0.EC0_._REG
[    0.095953] Executing  Method       \_SB_.PCI0.LPC0.EC0_._REG
[    0.096034] Executing  Method       \_SB_.PCI0.LPC0.EC0_._REG
[    0.099243] Initializing Region       \_SB_.OSTY
[    0.099278] Initializing Region       \_SB_.PCI0.NBMS
[    0.099300] Initializing Region       \_SB_.PCI0.NBXP
[    0.099325] Initializing Region       \_SB_.PCI0.K8ST
[    0.099388] Initializing Region       \_SB_.PCI0.BAR1
[    0.099427] Initializing Region       \_SB_.PCI0.PB2_.XPEX
[    0.099449] Initializing Region       \_SB_.PCI0.PB2_.PCFG
[    0.099471] Initializing Region       \_SB_.PCI0.PB2_.XPCB
[    0.099494] Initializing Region       \_SB_.PCI0.PB2_.XPRI
[    0.099519] Initializing Region       \_SB_.PCI0.PB2_.VGA_.PCFG
[    0.099604] Initializing Region       \_SB_.PCI0.PB2_.HDAU.PCFG
[    0.099641] Initializing Region       \_SB_.PCI0.PB3_.XPEX
[    0.099662] Initializing Region       \_SB_.PCI0.PB3_.PCFG
[    0.099683] Initializing Region       \_SB_.PCI0.PB3_.XPCB
[    0.099706] Initializing Region       \_SB_.PCI0.PB3_.XPRI
[    0.099733] Initializing Region       \_SB_.PCI0.PB3_.VGA_.PCFG
[    0.099830] Initializing Region       \_SB_.PCI0.PB3_.HDAU.PCFG
[    0.099867] Initializing Region       \_SB_.PCI0.PB4_.XPEX
[    0.099888] Initializing Region       \_SB_.PCI0.PB4_.PCFG
[    0.099909] Initializing Region       \_SB_.PCI0.PB4_.XPCB
[    0.099932] Initializing Region       \_SB_.PCI0.PB4_.XPRI
[    0.099958] Initializing Region       \_SB_.PCI0.PB4_.XPDV.PCFG
[    0.099995] Initializing Region       \_SB_.PCI0.PB5_.XPEX
[    0.100019] Initializing Region       \_SB_.PCI0.PB5_.PCFG
[    0.100041] Initializing Region       \_SB_.PCI0.PB5_.XPCB
[    0.100064] Initializing Region       \_SB_.PCI0.PB5_.XPRI
[    0.100090] Initializing Region       \_SB_.PCI0.PB5_.XPDV.PCFG
[    0.100126] Initializing Region       \_SB_.PCI0.PB6_.XPEX
[    0.100147] Initializing Region       \_SB_.PCI0.PB6_.PCFG
[    0.100169] Initializing Region       \_SB_.PCI0.PB6_.XPCB
[    0.100192] Initializing Region       \_SB_.PCI0.PB6_.XPRI
[    0.100218] Initializing Region       \_SB_.PCI0.PB6_.XPDV.PCFG
[    0.100254] Initializing Region       \_SB_.PCI0.PB7_.XPEX
[    0.100275] Initializing Region       \_SB_.PCI0.PB7_.PCFG
[    0.100297] Initializing Region       \_SB_.PCI0.PB7_.XPCB
[    0.100319] Initializing Region       \_SB_.PCI0.PB7_.XPRI
[    0.100346] Initializing Region       \_SB_.PCI0.PB7_.XPDV.PCFG
[    0.100659] Initializing Region       \_SB_.PCI0.SATC
[    0.100681] Initializing Region       \_SB_.PCI0.RMEM
[    0.100745] Initializing Region       \_SB_.PCI0.SATA.SATX
[    0.100771] Initializing Region       \_SB_.PCI0.SATA.BAR5
[    0.105282] Initializing Region       \_SB_.PCI0.SMB_.SBRV
[    0.105321] Initializing Region       \_SB_.PCI0.SMB_.PMIO
[    0.105343] Initializing Region       \_SB_.PCI0.SMB_.ERMM
[    0.105343] Initializing Region       \_SB_.PCI0.SMB_.P1E0
[    0.105343] Initializing Region       \_SB_.PCI0.SMB_.ABIO
[    0.105343] Initializing Region       \_SB_.PCI0.SMB_.SMB0
[    0.105343] Initializing Region       \_SB_.PCI0.LPC0.PIRQ
[    0.105343] Initializing Region       \_SB_.PCI0.LPC0.LPCR
[    0.105384] Initializing Region       \_SB_.PCI0.LPC0.LPCS
[    0.105419] Initializing Region       \_SB_.PCI0.LPC0.SMI0
[    0.105440] Initializing Region       \_SB_.PCI0.LPC0.SMI1
[    0.105469] Initializing Region       \_SB_.PCI0.LPC0.EC0_.ECO1
[    0.105491] Initializing Region       \_SB_.PCI0.LPC0.EC0_.ECO2
[    0.105511] Initializing Region       \_SB_.PCI0.LPC0.EC0_.ECMB
[    0.105531] Initializing Region       \_SB_.PCI0.LPC0.EC0_.RAM_
[    0.105661] Initializing Region       \_SB_.PCI0.LPC0.EC0_.CMOS
[    0.105706] Initializing Region       \_SB_.PCI0.LPC0.EC0_.VPC0.ERAM
[    0.105782] Initializing Region       \_SB_.PCI0.SPB0.PCFG
[    0.105804] Initializing Region       \_SB_.PCI0.SPB0.XPCB
[    0.105828] Initializing Region       \_SB_.PCI0.SPB0.XPDV.PCFG
[    0.105863] Initializing Region       \_SB_.PCI0.SPB1.PCFG
[    0.105884] Initializing Region       \_SB_.PCI0.SPB1.XPCB
[    0.105908] Initializing Region       \_SB_.PCI0.SPB1.XPDV.PCFG
[    0.105943] Initializing Region       \_SB_.PCI0.SPB2.PCFG
[    0.105964] Initializing Region       \_SB_.PCI0.SPB2.XPCB
[    0.105989] Initializing Region       \_SB_.PCI0.SPB2.XPDV.PCFG
[    0.106027] Initializing Region       \_SB_.PCI0.SPB3.PCFG
[    0.106049] Initializing Region       \_SB_.PCI0.SPB3.XPCB
[    0.106074] Initializing Region       \_SB_.PCI0.SPB3.XPDV.PCFG
[    0.106266] Initializing Region       \_SB_.PCI0.VGA_.REVD
[    0.106516] Initializing BufferField  \_SB_.AMW0.WLID
[    0.106982] Initializing Region       \DEB2
[    0.107008] Initializing Region       \PMIO
[    0.107029] Initializing Region       \P01_
[    0.107077] Initializing Region       \CNVS
[    0.107110] Initializing Region       \SPRT
[    0.107146] Initializing Region       \CMIO
[    0.107311] Executing  Method       \_SB_._STA
[    0.107321] Executing  Method       \_SB_._INI
[    0.107329] Executing  Method       \_SB_.PCI0._STA
[    0.107337] Executing  Method       \_SB_.PCI0._INI
[    0.107608] [Firmware Bug]: ACPI: BIOS _OSI(Linux) query ignored
[    0.108087] Executing  Method       \_SB_.PCI0.SATA._STA
[    0.108098] Executing  Method       \_SB_.PCI0.SATA._INI
[    0.109062] Executing  Method       \_SB_.PCI0.LPC0.EC0_._REG
[    0.134332] ACPI: Interpreter enabled
[    0.134358] ACPI: (supports S0 S5)
[    0.134363] ACPI: Using IOAPIC for interrupt routing
[    0.134678] PCI: MMCONFIG for domain 0000 [bus 00-3f] at [mem 0xf8000000-0xfbffffff] (base 0xf8000000)
[    0.135426] PCI: MMCONFIG at [mem 0xf8000000-0xfbffffff] reserved in ACPI motherboard resources
[    0.140200] bus: 'acpi': registered
[    0.140210] PCI: Using host bridge windows from ACPI; if necessary, use "pci=nocrs" and report a bug
[    0.140226]     scan-0964 [405504000] [00] bus_get_device        : No context for object [ffffffffffffffff]
[    0.140243]    utils-0052 [405504000] [00] util_eval_error       : Evaluate [\._STA]: AE_NOT_FOUND
[    0.140272] device: 'LNXSYSTM:00': device_add
[    0.140281] bus: 'acpi': add device LNXSYSTM:00
[    0.140303]    utils-0052 [405504000] [00] util_eval_error       : Evaluate [\._SUN]: AE_NOT_FOUND
[    0.140320]     scan-1711 [405504000] [00] add_single_object     : Added LNXSYSTM:00 [\] parent (null)
[    0.140332]     scan-0964 [405504000] [02] bus_get_device        : No context for object [ffff88041823c000]
[    0.140342]     scan-0964 [405504000] [02] bus_get_device        : No context for object [ffff88041827e7d0]
[    0.140352]     scan-0964 [405504000] [02] bus_get_device        : No context for object [ffff88041827e7f8]
[    0.140362]     scan-0964 [405504000] [02] bus_get_device        : No context for object [ffff88041827e820]
[    0.140372]     scan-0964 [405504000] [02] bus_get_device        : No context for object [ffff88041827e848]
[    0.140382]     scan-0964 [405504000] [02] bus_get_device        : No context for object [ffff88041827e870]
[    0.140392]     scan-0964 [405504000] [02] bus_get_device        : No context for object [ffff88041827e898]
[    0.140402]     scan-0964 [405504000] [02] bus_get_device        : No context for object [ffff88041827e8c0]
[    0.140412]     scan-0964 [405504000] [02] bus_get_device        : No context for object [ffff88041827e8e8]
[    0.140422]     scan-0964 [405504000] [02] bus_get_device        : No context for object [ffff880418280398]
[    0.140432]     scan-0964 [405504000] [02] bus_get_device        : No context for object [ffff88041823c028]
[    0.140442]     scan-0964 [405504000] [02] bus_get_device        : No context for object [ffff88041823c168]
[    0.140453]    utils-0052 [405504000] [02] util_eval_error       : Evaluate [\_PR_.C000._STA]: AE_NOT_FOUND
[    0.140465]     scan-0964 [405504000] [02] bus_get_device        : No context for object [ffff88041823c028]
[    0.140484] device: 'LNXCPU:00': device_add
[    0.140490] bus: 'acpi': add device LNXCPU:00
[    0.140504]    utils-0052 [405504000] [02] util_eval_error       : Evaluate [\_PR_.C000._SUN]: AE_NOT_FOUND
[    0.140519]     scan-1711 [405504000] [02] add_single_object     : Added LNXCPU:00 [\_PR_.C000] parent LNXSYSTM:00
[    0.140530]     scan-0964 [405504000] [02] bus_get_device        : No context for object [ffff880418283398]
[    0.140540]     scan-0964 [405504000] [02] bus_get_device        : No context for object [ffff8804182833c0]
[    0.140550]     scan-0964 [405504000] [02] bus_get_device        : No context for object [ffff8804182833e8]
[    0.140560]     scan-0964 [405504000] [02] bus_get_device        : No context for object [ffff880418283410]
[    0.140570]     scan-0964 [405504000] [02] bus_get_device        : No context for object [ffff880418283438]
[    0.140580]     scan-0964 [405504000] [02] bus_get_device        : No context for object [ffff880418283460]
[    0.140590]     scan-0964 [405504000] [02] bus_get_device        : No context for object [ffff88041823c190]
[    0.140601]    utils-0052 [405504000] [02] util_eval_error       : Evaluate [\_PR_.C001._STA]: AE_NOT_FOUND
[    0.140612]     scan-0964 [405504000] [02] bus_get_device        : No context for object [ffff88041823c028]
[    0.140631] device: 'LNXCPU:01': device_add
[    0.140639] bus: 'acpi': add device LNXCPU:01
[    0.140653]    utils-0052 [405504000] [02] util_eval_error       : Evaluate [\_PR_.C001._SUN]: AE_NOT_FOUND
[    0.140667]     scan-1711 [405504000] [02] add_single_object     : Added LNXCPU:01 [\_PR_.C001] parent LNXSYSTM:00
[    0.140678]     scan-0964 [405504000] [02] bus_get_device        : No context for object [ffff880418283488]
[    0.140688]     scan-0964 [405504000] [02] bus_get_device        : No context for object [ffff8804182834b0]
[    0.140698]     scan-0964 [405504000] [02] bus_get_device        : No context for object [ffff8804182834d8]
[    0.140707]     scan-0964 [405504000] [02] bus_get_device        : No context for object [ffff880418283500]
[    0.140718]     scan-0964 [405504000] [02] bus_get_device        : No context for object [ffff880418283528]
[    0.140727]     scan-0964 [405504000] [02] bus_get_device        : No context for object [ffff880418283550]
[    0.140738]     scan-0964 [405504000] [02] bus_get_device        : No context for object [ffff88041823c1b8]
[    0.140748]    utils-0052 [405504000] [02] util_eval_error       : Evaluate [\_PR_.C002._STA]: AE_NOT_FOUND
[    0.140760]     scan-0964 [405504000] [02] bus_get_device        : No context for object [ffff88041823c028]
[    0.140778] device: 'LNXCPU:02': device_add
[    0.140784] bus: 'acpi': add device LNXCPU:02
[    0.140798]    utils-0052 [405504000] [02] util_eval_error       : Evaluate [\_PR_.C002._SUN]: AE_NOT_FOUND
[    0.140812]     scan-1711 [405504000] [02] add_single_object     : Added LNXCPU:02 [\_PR_.C002] parent LNXSYSTM:00
[    0.140823]     scan-0964 [405504000] [02] bus_get_device        : No context for object [ffff880418283578]
[    0.140833]     scan-0964 [405504000] [02] bus_get_device        : No context for object [ffff8804182835a0]
[    0.140843]     scan-0964 [405504000] [02] bus_get_device        : No context for object [ffff8804182835c8]
[    0.140853]     scan-0964 [405504000] [02] bus_get_device        : No context for object [ffff8804182835f0]
[    0.140862]     scan-0964 [405504000] [02] bus_get_device        : No context for object [ffff880418283618]
[    0.140872]     scan-0964 [405504000] [02] bus_get_device        : No context for object [ffff880418283640]
[    0.140882]     scan-0964 [405504000] [02] bus_get_device        : No context for object [ffff88041823c1e0]
[    0.140893]    utils-0052 [405504000] [02] util_eval_error       : Evaluate [\_PR_.C003._STA]: AE_NOT_FOUND
[    0.140905]     scan-0964 [405504000] [02] bus_get_device        : No context for object [ffff88041823c028]
[    0.140923] device: 'LNXCPU:03': device_add
[    0.140929] bus: 'acpi': add device LNXCPU:03
[    0.140944]    utils-0052 [405504000] [02] util_eval_error       : Evaluate [\_PR_.C003._SUN]: AE_NOT_FOUND
[    0.140959]     scan-1711 [405504000] [02] add_single_object     : Added LNXCPU:03 [\_PR_.C003] parent LNXSYSTM:00
[    0.140969]     scan-0964 [405504000] [02] bus_get_device        : No context for object [ffff880418283668]
[    0.140979]     scan-0964 [405504000] [02] bus_get_device        : No context for object [ffff880418283690]
[    0.140989]     scan-0964 [405504000] [02] bus_get_device        : No context for object [ffff8804182836b8]
[    0.141003]     scan-0964 [405504000] [02] bus_get_device        : No context for object [ffff8804182836e0]
[    0.141013]     scan-0964 [405504000] [02] bus_get_device        : No context for object [ffff880418283708]
[    0.141023]     scan-0964 [405504000] [02] bus_get_device        : No context for object [ffff880418283730]
[    0.141033]     scan-0964 [405504000] [02] bus_get_device        : No context for object [ffff88041823c050]
[    0.141045]    utils-0052 [405504000] [02] util_eval_error       : Evaluate [\_SB_._STA]: AE_NOT_FOUND
[    0.141129] device: 'device:00': device_add
[    0.141135] bus: 'acpi': add device device:00
[    0.141149]    utils-0052 [405504000] [02] util_eval_error       : Evaluate [\_SB_._SUN]: AE_NOT_FOUND
[    0.141163]     scan-1711 [405504000] [02] add_single_object     : Added device:00 [\_SB_] parent LNXSYSTM:00
[    0.141173]     scan-0964 [405504000] [02] bus_get_device        : No context for object [ffff88041823c3c0]
[    0.141183]     scan-0964 [405504000] [02] bus_get_device        : No context for object [ffff88041823c3e8]
[    0.141193]     scan-0964 [405504000] [02] bus_get_device        : No context for object [ffff88041823c410]
[    0.141203]     scan-0964 [405504000] [02] bus_get_device        : No context for object [ffff88041823c438]
[    0.141213]     scan-0964 [405504000] [02] bus_get_device        : No context for object [ffff88041823c460]
[    0.141223]     scan-0964 [405504000] [02] bus_get_device        : No context for object [ffff88041823c488]
[    0.141233]     scan-0964 [405504000] [02] bus_get_device        : No context for object [ffff88041823c4b0]
[    0.141243]     scan-0964 [405504000] [02] bus_get_device        : No context for object [ffff88041823c5a0]
[    0.141254]    utils-0052 [405504000] [02] util_eval_error       : Evaluate [\_SB_.PWRB._STA]: AE_NOT_FOUND
[    0.141320] device: 'PNP0C0C:00': device_add
[    0.141326] bus: 'acpi': add device PNP0C0C:00
[    0.141339]    utils-0052 [405504000] [02] util_eval_error       : Evaluate [\_SB_.PWRB._SUN]: AE_NOT_FOUND
[    0.141354]     scan-1711 [405504000] [02] add_single_object     : Added PNP0C0C:00 [\_SB_.PWRB] parent device:00
[    0.141364]     scan-0964 [405504000] [02] bus_get_device        : No context for object [ffff88041823c5c8]
[    0.141375]     scan-0964 [405504000] [02] bus_get_device        : No context for object [ffff88041823c5f0]
[    0.141386]    utils-0052 [405504000] [02] util_eval_error       : Evaluate [\_SB_.PCI0._STA]: AE_NOT_FOUND
[    0.141487] device: 'PNP0A08:00': device_add
[    0.141493] bus: 'acpi': add device PNP0A08:00
[    0.141511]    utils-0052 [405504000] [02] util_eval_error       : Evaluate [\_SB_.PCI0._SUN]: AE_NOT_FOUND
[    0.141527]     scan-1711 [405504000] [02] add_single_object     : Added PNP0A08:00 [\_SB_.PCI0] parent device:00
[    0.141537]     scan-0964 [405504000] [02] bus_get_device        : No context for object [ffff88041823c618]
[    0.141547]     scan-0964 [405504000] [02] bus_get_device        : No context for object [ffff88041823c640]
[    0.141557]     scan-0964 [405504000] [02] bus_get_device        : No context for object [ffff88041823c668]
[    0.141567]     scan-0964 [405504000] [02] bus_get_device        : No context for object [ffff88041823c690]
[    0.141577]     scan-0964 [405504000] [02] bus_get_device        : No context for object [ffff88041823c6b8]
[    0.141587]     scan-0964 [405504000] [02] bus_get_device        : No context for object [ffff88041823c6e0]
[    0.141596]     scan-0964 [405504000] [02] bus_get_device        : No context for object [ffff88041823c708]
[    0.141606]     scan-0964 [405504000] [02] bus_get_device        : No context for object [ffff88041823c730]
[    0.141616]     scan-0964 [405504000] [02] bus_get_device        : No context for object [ffff88041823c758]
[    0.141626]     scan-0964 [405504000] [02] bus_get_device        : No context for object [ffff88041823c780]
[    0.141636]     scan-0964 [405504000] [02] bus_get_device        : No context for object [ffff88041823c7a8]
[    0.141646]     scan-0964 [405504000] [02] bus_get_device        : No context for object [ffff88041823c7d0]
[    0.141656]     scan-0964 [405504000] [02] bus_get_device        : No context for object [ffff88041823c7f8]
[    0.141666]     scan-0964 [405504000] [02] bus_get_device        : No context for object [ffff88041823c820]
[    0.141676]     scan-0964 [405504000] [02] bus_get_device        : No context for object [ffff88041823c848]
[    0.141685]     scan-0964 [405504000] [02] bus_get_device        : No context for object [ffff88041823c870]
[    0.141695]     scan-0964 [405504000] [02] bus_get_device        : No context for object [ffff88041823c898]
[    0.141705]     scan-0964 [405504000] [02] bus_get_device        : No context for object [ffff88041823c8c0]
[    0.141715]     scan-0964 [405504000] [02] bus_get_device        : No context for object [ffff88041823c8e8]
[    0.141725]     scan-0964 [405504000] [02] bus_get_device        : No context for object [ffff88041823c910]
[    0.141735]     scan-0964 [405504000] [02] bus_get_device        : No context for object [ffff88041823c938]
[    0.141745]     scan-0964 [405504000] [02] bus_get_device        : No context for object [ffff88041823c960]
[    0.141755]     scan-0964 [405504000] [02] bus_get_device        : No context for object [ffff88041823c988]
[    0.141765]     scan-0964 [405504000] [02] bus_get_device        : No context for object [ffff88041823c9b0]
[    0.141774]     scan-0964 [405504000] [02] bus_get_device        : No context for object [ffff88041823c9d8]
[    0.141784]     scan-0964 [405504000] [02] bus_get_device        : No context for object [ffff88041823ca00]
[    0.141794]     scan-0964 [405504000] [02] bus_get_device        : No context for object [ffff88041823ca28]
[    0.141804]     scan-0964 [405504000] [02] bus_get_device        : No context for object [ffff88041823ca50]
[    0.141814]     scan-0964 [405504000] [02] bus_get_device        : No context for object [ffff88041823ca78]
[    0.141824]     scan-0964 [405504000] [02] bus_get_device        : No context for object [ffff88041823caa0]
[    0.141833]     scan-0964 [405504000] [02] bus_get_device        : No context for object [ffff88041823cac8]
[    0.141843]     scan-0964 [405504000] [02] bus_get_device        : No context for object [ffff88041823caf0]
[    0.141853]     scan-0964 [405504000] [02] bus_get_device        : No context for object [ffff88041823cb18]
[    0.141863]     scan-0964 [405504000] [02] bus_get_device        : No context for object [ffff88041823cb40]
[    0.141873]     scan-0964 [405504000] [02] bus_get_device        : No context for object [ffff88041823cb68]
[    0.141883]     scan-0964 [405504000] [02] bus_get_device        : No context for object [ffff88041823cb90]
[    0.141893]     scan-0964 [405504000] [02] bus_get_device        : No context for object [ffff88041823cbb8]
[    0.141902]     scan-0964 [405504000] [02] bus_get_device        : No context for object [ffff88041823cbe0]
[    0.141912]     scan-0964 [405504000] [02] bus_get_device        : No context for object [ffff88041823cc08]
[    0.141922]     scan-0964 [405504000] [02] bus_get_device        : No context for object [ffff88041823cc30]
[    0.141932]     scan-0964 [405504000] [02] bus_get_device        : No context for object [ffff88041823cc58]
[    0.141942]     scan-0964 [405504000] [02] bus_get_device        : No context for object [ffff88041823cc80]
[    0.141952]     scan-0964 [405504000] [02] bus_get_device        : No context for object [ffff88041823cca8]
[    0.141961]     scan-0964 [405504000] [02] bus_get_device        : No context for object [ffff88041823ccd0]
[    0.141971]     scan-0964 [405504000] [02] bus_get_device        : No context for object [ffff88041823ccf8]
[    0.141981]     scan-0964 [405504000] [02] bus_get_device        : No context for object [ffff88041823cd20]
[    0.141991]     scan-0964 [405504000] [02] bus_get_device        : No context for object [ffff88041823cd48]
[    0.142003]     scan-0964 [405504000] [02] bus_get_device        : No context for object [ffff88041823cd70]
[    0.142013]     scan-0964 [405504000] [02] bus_get_device        : No context for object [ffff88041823cd98]
[    0.142023]     scan-0964 [405504000] [02] bus_get_device        : No context for object [ffff88041823cdc0]
[    0.142033]     scan-0964 [405504000] [02] bus_get_device        : No context for object [ffff88041823cde8]
[    0.142043]     scan-0964 [405504000] [02] bus_get_device        : No context for object [ffff88041823ce10]
[    0.142052]     scan-0964 [405504000] [02] bus_get_device        : No context for object [ffff88041823ce38]
[    0.142062]     scan-0964 [405504000] [02] bus_get_device        : No context for object [ffff88041823ce60]
[    0.142072]     scan-0964 [405504000] [02] bus_get_device        : No context for object [ffff88041823ce88]
[    0.142082]     scan-0964 [405504000] [02] bus_get_device        : No context for object [ffff88041823ceb0]
[    0.142092]     scan-0964 [405504000] [02] bus_get_device        : No context for object [ffff88041823ced8]
[    0.142102]     scan-0964 [405504000] [02] bus_get_device        : No context for object [ffff88041823cf00]
[    0.142112]     scan-0964 [405504000] [02] bus_get_device        : No context for object [ffff88041823cf28]
[    0.142122]     scan-0964 [405504000] [02] bus_get_device        : No context for object [ffff88041823cf50]
[    0.142131]     scan-0964 [405504000] [02] bus_get_device        : No context for object [ffff88041823cf78]
[    0.142141]     scan-0964 [405504000] [02] bus_get_device        : No context for object [ffff88041823cfa0]
[    0.142151]     scan-0964 [405504000] [02] bus_get_device        : No context for object [ffff88041823cfc8]
[    0.142161]     scan-0964 [405504000] [02] bus_get_device        : No context for object [ffff880418241000]
[    0.142171]     scan-0964 [405504000] [02] bus_get_device        : No context for object [ffff880418241028]
[    0.142182]    utils-0052 [405504000] [02] util_eval_error       : Evaluate [\_SB_.PCI0.MEMR._STA]: AE_NOT_FOUND
[    0.142249] device: 'PNP0C02:00': device_add
[    0.142256] bus: 'acpi': add device PNP0C02:00
[    0.142269]    utils-0052 [405504000] [02] util_eval_error       : Evaluate [\_SB_.PCI0.MEMR._SUN]: AE_NOT_FOUND
[    0.142285]     scan-1711 [405504000] [02] add_single_object     : Added PNP0C02:00 [\_SB_.PCI0.MEMR] parent PNP0A08:00
[    0.142295]     scan-0964 [405504000] [02] bus_get_device        : No context for object [ffff880418241050]
[    0.142305]     scan-0964 [405504000] [02] bus_get_device        : No context for object [ffff880418241078]
[    0.142316]     scan-0964 [405504000] [02] bus_get_device        : No context for object [ffff8804182410a0]
[    0.142326]     scan-0964 [405504000] [02] bus_get_device        : No context for object [ffff8804182410c8]
[    0.142336]     scan-0964 [405504000] [02] bus_get_device        : No context for object [ffff8804182410f0]
[    0.142346]     scan-0964 [405504000] [02] bus_get_device        : No context for object [ffff880418241118]
[    0.142356]     scan-0964 [405504000] [02] bus_get_device        : No context for object [ffff880418241140]
[    0.142365]     scan-0964 [405504000] [02] bus_get_device        : No context for object [ffff880418241168]
[    0.142375]     scan-0964 [405504000] [02] bus_get_device        : No context for object [ffff880418241190]
[    0.142385]     scan-0964 [405504000] [02] bus_get_device        : No context for object [ffff8804182411b8]
[    0.142395]     scan-0964 [405504000] [02] bus_get_device        : No context for object [ffff8804182411e0]
[    0.142405]     scan-0964 [405504000] [02] bus_get_device        : No context for object [ffff880418241208]
[    0.142415]     scan-0964 [405504000] [02] bus_get_device        : No context for object [ffff880418241230]
[    0.142425]     scan-0964 [405504000] [02] bus_get_device        : No context for object [ffff880418241258]
[    0.142435]     scan-0964 [405504000] [02] bus_get_device        : No context for object [ffff880418241280]
[    0.142445]     scan-0964 [405504000] [02] bus_get_device        : No context for object [ffff8804182412a8]
[    0.142456]    utils-0052 [405504000] [02] util_eval_error       : Evaluate [\_SB_.PCI0.PB2_._STA]: AE_NOT_FOUND
[    0.142588] device: 'device:01': device_add
[    0.142594] bus: 'acpi': add device device:01
[    0.142608]    utils-0052 [405504000] [02] util_eval_error       : Evaluate [\_SB_.PCI0.PB2_._SUN]: AE_NOT_FOUND
[    0.142623]     scan-1711 [405504000] [02] add_single_object     : Added device:01 [\_SB_.PCI0.PB2_] parent PNP0A08:00
[    0.142634]     scan-0964 [405504000] [02] bus_get_device        : No context for object [ffff8804182412d0]
[    0.142644]     scan-0964 [405504000] [02] bus_get_device        : No context for object [ffff8804182412f8]
[    0.142654]     scan-0964 [405504000] [02] bus_get_device        : No context for object [ffff880418241320]
[    0.142664]     scan-0964 [405504000] [02] bus_get_device        : No context for object [ffff880418241348]
[    0.142674]     scan-0964 [405504000] [02] bus_get_device        : No context for object [ffff880418241370]
[    0.142684]     scan-0964 [405504000] [02] bus_get_device        : No context for object [ffff880418241398]
[    0.142694]     scan-0964 [405504000] [02] bus_get_device        : No context for object [ffff8804182413c0]
[    0.142704]     scan-0964 [405504000] [02] bus_get_device        : No context for object [ffff8804182413e8]
[    0.142714]     scan-0964 [405504000] [02] bus_get_device        : No context for object [ffff880418241410]
[    0.142724]     scan-0964 [405504000] [02] bus_get_device        : No context for object [ffff880418241438]
[    0.142734]     scan-0964 [405504000] [02] bus_get_device        : No context for object [ffff880418241460]
[    0.142744]     scan-0964 [405504000] [02] bus_get_device        : No context for object [ffff880418241488]
[    0.142753]     scan-0964 [405504000] [02] bus_get_device        : No context for object [ffff8804182414b0]
[    0.142763]     scan-0964 [405504000] [02] bus_get_device        : No context for object [ffff8804182414d8]
[    0.142773]     scan-0964 [405504000] [02] bus_get_device        : No context for object [ffff880418241500]
[    0.142783]     scan-0964 [405504000] [02] bus_get_device        : No context for object [ffff880418241528]
[    0.142793]     scan-0964 [405504000] [02] bus_get_device        : No context for object [ffff880418241550]
[    0.142803]     scan-0964 [405504000] [02] bus_get_device        : No context for object [ffff880418241578]
[    0.142813]     scan-0964 [405504000] [02] bus_get_device        : No context for object [ffff8804182415a0]
[    0.142823]     scan-0964 [405504000] [02] bus_get_device        : No context for object [ffff8804182415c8]
[    0.142833]     scan-0964 [405504000] [02] bus_get_device        : No context for object [ffff8804182415f0]
[    0.142842]     scan-0964 [405504000] [02] bus_get_device        : No context for object [ffff880418241618]
[    0.142852]     scan-0964 [405504000] [02] bus_get_device        : No context for object [ffff880418241640]
[    0.142863]     scan-0964 [405504000] [02] bus_get_device        : No context for object [ffff880418241668]
[    0.142872]     scan-0964 [405504000] [02] bus_get_device        : No context for object [ffff880418241690]
[    0.142882]     scan-0964 [405504000] [02] bus_get_device        : No context for object [ffff8804182416b8]
[    0.142892]     scan-0964 [405504000] [02] bus_get_device        : No context for object [ffff8804182416e0]
[    0.142902]     scan-0964 [405504000] [02] bus_get_device        : No context for object [ffff880418241708]
[    0.142912]     scan-0964 [405504000] [02] bus_get_device        : No context for object [ffff880418241730]
[    0.142922]     scan-0964 [405504000] [02] bus_get_device        : No context for object [ffff880418241758]
[    0.142932]     scan-0964 [405504000] [02] bus_get_device        : No context for object [ffff880418241780]
[    0.142943]    utils-0052 [405504000] [02] util_eval_error       : Evaluate [\_SB_.PCI0.PB2_.VGA_._STA]: AE_NOT_FOUND
[    0.143021] device: 'device:02': device_add
[    0.143027] bus: 'acpi': add device device:02
[    0.143043]    utils-0052 [405504000] [02] util_eval_error       : Evaluate [\_SB_.PCI0.PB2_.VGA_._SUN]: AE_NOT_FOUND
[    0.143059]     scan-1711 [405504000] [02] add_single_object     : Added device:02 [\_SB_.PCI0.PB2_.VGA_] parent device:01
[    0.143070]     scan-0964 [405504000] [02] bus_get_device        : No context for object [ffff8804182417a8]
[    0.143080]     scan-0964 [405504000] [02] bus_get_device        : No context for object [ffff8804182417d0]
[    0.143090]     scan-0964 [405504000] [02] bus_get_device        : No context for object [ffff8804182417f8]
[    0.143100]     scan-0964 [405504000] [02] bus_get_device        : No context for object [ffff880418241820]
[    0.143109]     scan-0964 [405504000] [02] bus_get_device        : No context for object [ffff880418241848]
[    0.143119]     scan-0964 [405504000] [02] bus_get_device        : No context for object [ffff880418241870]
[    0.143129]     scan-0964 [405504000] [02] bus_get_device        : No context for object [ffff880418241898]
[    0.143139]     scan-0964 [405504000] [02] bus_get_device        : No context for object [ffff8804182418c0]
[    0.143149]     scan-0964 [405504000] [02] bus_get_device        : No context for object [ffff8804182418e8]
[    0.143159]     scan-0964 [405504000] [02] bus_get_device        : No context for object [ffff880418241910]
[    0.143169]     scan-0964 [405504000] [02] bus_get_device        : No context for object [ffff880418241938]
[    0.143179]     scan-0964 [405504000] [02] bus_get_device        : No context for object [ffff880418241960]
[    0.143189]     scan-0964 [405504000] [02] bus_get_device        : No context for object [ffff880418241988]
[    0.143198]     scan-0964 [405504000] [02] bus_get_device        : No context for object [ffff8804182419b0]
[    0.143208]     scan-0964 [405504000] [02] bus_get_device        : No context for object [ffff8804182419d8]
[    0.143218]     scan-0964 [405504000] [02] bus_get_device        : No context for object [ffff880418241a00]
[    0.143228]     scan-0964 [405504000] [02] bus_get_device        : No context for object [ffff880418241a28]
[    0.143238]     scan-0964 [405504000] [02] bus_get_device        : No context for object [ffff880418241a50]
[    0.143248]     scan-0964 [405504000] [02] bus_get_device        : No context for object [ffff880418241a78]
[    0.143258]     scan-0964 [405504000] [02] bus_get_device        : No context for object [ffff880418241aa0]
[    0.143268]     scan-0964 [405504000] [02] bus_get_device        : No context for object [ffff880418241ac8]
[    0.143278]     scan-0964 [405504000] [02] bus_get_device        : No context for object [ffff880418241af0]
[    0.143287]     scan-0964 [405504000] [02] bus_get_device        : No context for object [ffff880418241b18]
[    0.143297]     scan-0964 [405504000] [02] bus_get_device        : No context for object [ffff880418241b40]
[    0.143307]     scan-0964 [405504000] [02] bus_get_device        : No context for object [ffff880418241b68]
[    0.143317]     scan-0964 [405504000] [02] bus_get_device        : No context for object [ffff880418241b90]
[    0.143327]     scan-0964 [405504000] [02] bus_get_device        : No context for object [ffff880418241bb8]
[    0.143337]     scan-0964 [405504000] [02] bus_get_device        : No context for object [ffff880418241be0]
[    0.143347]     scan-0964 [405504000] [02] bus_get_device        : No context for object [ffff880418241c08]
[    0.143357]     scan-0964 [405504000] [02] bus_get_device        : No context for object [ffff880418241c30]
[    0.143367]     scan-0964 [405504000] [02] bus_get_device        : No context for object [ffff880418241c58]
[    0.143376]     scan-0964 [405504000] [02] bus_get_device        : No context for object [ffff880418241c80]
[    0.143386]     scan-0964 [405504000] [02] bus_get_device        : No context for object [ffff880418241ca8]
[    0.143396]     scan-0964 [405504000] [02] bus_get_device        : No context for object [ffff880418241cd0]
[    0.143406]     scan-0964 [405504000] [02] bus_get_device        : No context for object [ffff880418241cf8]
[    0.143416]     scan-0964 [405504000] [02] bus_get_device        : No context for object [ffff880418241d20]
[    0.143426]     scan-0964 [405504000] [02] bus_get_device        : No context for object [ffff880418241d48]
[    0.143436]     scan-0964 [405504000] [02] bus_get_device        : No context for object [ffff880418241d70]
[    0.143446]     scan-0964 [405504000] [02] bus_get_device        : No context for object [ffff880418241d98]
[    0.143456]     scan-0964 [405504000] [02] bus_get_device        : No context for object [ffff88041827e438]
[    0.143466]     scan-0964 [405504000] [02] bus_get_device        : No context for object [ffff880418241dc0]
[    0.143477]    utils-0052 [405504000] [02] util_eval_error       : Evaluate [\_SB_.PCI0.PB2_.HDAU._STA]: AE_NOT_FOUND
[    0.143541] device: 'device:03': device_add
[    0.143547] bus: 'acpi': add device device:03
[    0.143560]    utils-0052 [405504000] [02] util_eval_error       : Evaluate [\_SB_.PCI0.PB2_.HDAU._SUN]: AE_NOT_FOUND
[    0.143575]     scan-1711 [405504000] [02] add_single_object     : Added device:03 [\_SB_.PCI0.PB2_.HDAU] parent device:01
[    0.143586]     scan-0964 [405504000] [02] bus_get_device        : No context for object [ffff880418241de8]
[    0.143596]     scan-0964 [405504000] [02] bus_get_device        : No context for object [ffff880418241e10]
[    0.143606]     scan-0964 [405504000] [02] bus_get_device        : No context for object [ffff880418241e38]
[    0.143616]     scan-0964 [405504000] [02] bus_get_device        : No context for object [ffff880418241e60]
[    0.143626]     scan-0964 [405504000] [02] bus_get_device        : No context for object [ffff880418241e88]
[    0.143636]     scan-0964 [405504000] [02] bus_get_device        : No context for object [ffff880418241eb0]
[    0.143646]     scan-0964 [405504000] [02] bus_get_device        : No context for object [ffff880418241ed8]
[    0.143657]    utils-0052 [405504000] [02] util_eval_error       : Evaluate [\_SB_.PCI0.PB3_._STA]: AE_NOT_FOUND
[    0.143786] device: 'device:04': device_add
[    0.143792] bus: 'acpi': add device device:04
[    0.143814]    utils-0052 [405504000] [02] util_eval_error       : Evaluate [\_SB_.PCI0.PB3_._SUN]: AE_NOT_FOUND
[    0.143829]     scan-1711 [405504000] [02] add_single_object     : Added device:04 [\_SB_.PCI0.PB3_] parent PNP0A08:00
[    0.143840]     scan-0964 [405504000] [02] bus_get_device        : No context for object [ffff880418241f00]
[    0.143850]     scan-0964 [405504000] [02] bus_get_device        : No context for object [ffff880418241f28]
[    0.143860]     scan-0964 [405504000] [02] bus_get_device        : No context for object [ffff880418241f50]
[    0.143870]     scan-0964 [405504000] [02] bus_get_device        : No context for object [ffff880418241f78]
[    0.143879]     scan-0964 [405504000] [02] bus_get_device        : No context for object [ffff880418241fa0]
[    0.143889]     scan-0964 [405504000] [02] bus_get_device        : No context for object [ffff880418241fc8]
[    0.143899]     scan-0964 [405504000] [02] bus_get_device        : No context for object [ffff880418242000]
[    0.143909]     scan-0964 [405504000] [02] bus_get_device        : No context for object [ffff880418242028]
[    0.143919]     scan-0964 [405504000] [02] bus_get_device        : No context for object [ffff880418242050]
[    0.143929]     scan-0964 [405504000] [02] bus_get_device        : No context for object [ffff880418242078]
[    0.143939]     scan-0964 [405504000] [02] bus_get_device        : No context for object [ffff8804182420a0]
[    0.143949]     scan-0964 [405504000] [02] bus_get_device        : No context for object [ffff8804182420c8]
[    0.143959]     scan-0964 [405504000] [02] bus_get_device        : No context for object [ffff8804182420f0]
[    0.143968]     scan-0964 [405504000] [02] bus_get_device        : No context for object [ffff880418242118]
[    0.143978]     scan-0964 [405504000] [02] bus_get_device        : No context for object [ffff880418242140]
[    0.143988]     scan-0964 [405504000] [02] bus_get_device        : No context for object [ffff880418242168]
[    0.144002]     scan-0964 [405504000] [02] bus_get_device        : No context for object [ffff880418242190]
[    0.144012]     scan-0964 [405504000] [02] bus_get_device        : No context for object [ffff8804182421b8]
[    0.144022]     scan-0964 [405504000] [02] bus_get_device        : No context for object [ffff8804182421e0]
[    0.144032]     scan-0964 [405504000] [02] bus_get_device        : No context for object [ffff880418242208]
[    0.144042]     scan-0964 [405504000] [02] bus_get_device        : No context for object [ffff880418242230]
[    0.144052]     scan-0964 [405504000] [02] bus_get_device        : No context for object [ffff880418242258]
[    0.144062]     scan-0964 [405504000] [02] bus_get_device        : No context for object [ffff880418242280]
[    0.144072]     scan-0964 [405504000] [02] bus_get_device        : No context for object [ffff8804182422a8]
[    0.144082]     scan-0964 [405504000] [02] bus_get_device        : No context for object [ffff8804182422d0]
[    0.144091]     scan-0964 [405504000] [02] bus_get_device        : No context for object [ffff8804182422f8]
[    0.144101]     scan-0964 [405504000] [02] bus_get_device        : No context for object [ffff880418242320]
[    0.144111]     scan-0964 [405504000] [02] bus_get_device        : No context for object [ffff880418242348]
[    0.144121]     scan-0964 [405504000] [02] bus_get_device        : No context for object [ffff880418242370]
[    0.144131]     scan-0964 [405504000] [02] bus_get_device        : No context for object [ffff880418242398]
[    0.144141]     scan-0964 [405504000] [02] bus_get_device        : No context for object [ffff8804182423c0]
[    0.144152]    utils-0052 [405504000] [02] util_eval_error       : Evaluate [\_SB_.PCI0.PB3_.VGA_._STA]: AE_NOT_FOUND
[    0.144191]    video-0060 [405504000] [04] backlight_cap_match   : Found generic backlight support
[    0.144232]    video-0060 [405504000] [04] backlight_cap_match   : Found generic backlight support
[    0.144253] device: 'LNXVIDEO:00': device_add
[    0.144259] bus: 'acpi': add device LNXVIDEO:00
[    0.144277]    utils-0052 [405504000] [02] util_eval_error       : Evaluate [\_SB_.PCI0.PB3_.VGA_._SUN]: AE_NOT_FOUND
[    0.144293]     scan-1711 [405504000] [02] add_single_object     : Added LNXVIDEO:00 [\_SB_.PCI0.PB3_.VGA_] parent device:04
[    0.144304]     scan-0964 [405504000] [02] bus_get_device        : No context for object [ffff8804182423e8]
[    0.144314]     scan-0964 [405504000] [02] bus_get_device        : No context for object [ffff880418242410]
[    0.144324]     scan-0964 [405504000] [02] bus_get_device        : No context for object [ffff880418242438]
[    0.144334]     scan-0964 [405504000] [02] bus_get_device        : No context for object [ffff880418242460]
[    0.144344]     scan-0964 [405504000] [02] bus_get_device        : No context for object [ffff880418242488]
[    0.144354]     scan-0964 [405504000] [02] bus_get_device        : No context for object [ffff8804182424b0]
[    0.144364]     scan-0964 [405504000] [02] bus_get_device        : No context for object [ffff8804182424d8]
[    0.144374]     scan-0964 [405504000] [02] bus_get_device        : No context for object [ffff880418242500]
[    0.144384]     scan-0964 [405504000] [02] bus_get_device        : No context for object [ffff880418242528]
[    0.144393]     scan-0964 [405504000] [02] bus_get_device        : No context for object [ffff880418242550]
[    0.144403]     scan-0964 [405504000] [02] bus_get_device        : No context for object [ffff880418242578]
[    0.144413]     scan-0964 [405504000] [02] bus_get_device        : No context for object [ffff8804182425a0]
[    0.144423]     scan-0964 [405504000] [02] bus_get_device        : No context for object [ffff8804182425c8]
[    0.144433]     scan-0964 [405504000] [02] bus_get_device        : No context for object [ffff8804182425f0]
[    0.144443]     scan-0964 [405504000] [02] bus_get_device        : No context for object [ffff880418242618]
[    0.144453]     scan-0964 [405504000] [02] bus_get_device        : No context for object [ffff880418242640]
[    0.144463]     scan-0964 [405504000] [02] bus_get_device        : No context for object [ffff880418242668]
[    0.144472]     scan-0964 [405504000] [02] bus_get_device        : No context for object [ffff880418242690]
[    0.144482]     scan-0964 [405504000] [02] bus_get_device        : No context for object [ffff8804182426b8]
[    0.144492]     scan-0964 [405504000] [02] bus_get_device        : No context for object [ffff8804182426e0]
[    0.144502]     scan-0964 [405504000] [02] bus_get_device        : No context for object [ffff880418242708]
[    0.144512]     scan-0964 [405504000] [02] bus_get_device        : No context for object [ffff880418242730]
[    0.144522]     scan-0964 [405504000] [02] bus_get_device        : No context for object [ffff880418242758]
[    0.144532]     scan-0964 [405504000] [02] bus_get_device        : No context for object [ffff880418242780]
[    0.144542]     scan-0964 [405504000] [02] bus_get_device        : No context for object [ffff8804182427a8]
[    0.144551]     scan-0964 [405504000] [02] bus_get_device        : No context for object [ffff8804182427d0]
[    0.144561]     scan-0964 [405504000] [02] bus_get_device        : No context for object [ffff8804182427f8]
[    0.144571]     scan-0964 [405504000] [02] bus_get_device        : No context for object [ffff880418242820]
[    0.144581]     scan-0964 [405504000] [02] bus_get_device        : No context for object [ffff880418242848]
[    0.144591]     scan-0964 [405504000] [02] bus_get_device        : No context for object [ffff880418242870]
[    0.144601]     scan-0964 [405504000] [02] bus_get_device        : No context for object [ffff880418242898]
[    0.144611]     scan-0964 [405504000] [02] bus_get_device        : No context for object [ffff8804182428c0]
[    0.144621]     scan-0964 [405504000] [02] bus_get_device        : No context for object [ffff8804182428e8]
[    0.144630]     scan-0964 [405504000] [02] bus_get_device        : No context for object [ffff880418242910]
[    0.144641]     scan-0964 [405504000] [02] bus_get_device        : No context for object [ffff880418242938]
[    0.144651]     scan-0964 [405504000] [02] bus_get_device        : No context for object [ffff880418242960]
[    0.144661]     scan-0964 [405504000] [02] bus_get_device        : No context for object [ffff880418242988]
[    0.144670]     scan-0964 [405504000] [02] bus_get_device        : No context for object [ffff8804182429b0]
[    0.144680]     scan-0964 [405504000] [02] bus_get_device        : No context for object [ffff8804182429d8]
[    0.144690]     scan-0964 [405504000] [02] bus_get_device        : No context for object [ffff88041827e460]
[    0.144700]     scan-0964 [405504000] [02] bus_get_device        : No context for object [ffff880418281c08]
[    0.144710]     scan-0964 [405504000] [02] bus_get_device        : No context for object [ffff880418281c30]
[    0.144720]     scan-0964 [405504000] [02] bus_get_device        : No context for object [ffff880418281c58]
[    0.144731]    utils-0052 [405504000] [02] util_eval_error       : Evaluate [\_SB_.PCI0.PB3_.VGA_.CRT_._STA]: AE_NOT_FOUND
[    0.144814] device: 'device:05': device_add
[    0.144821] bus: 'acpi': add device device:05
[    0.144835]    utils-0052 [405504000] [02] util_eval_error       : Evaluate [\_SB_.PCI0.PB3_.VGA_.CRT_._SUN]: AE_NOT_FOUND
[    0.144851]     scan-1711 [405504000] [02] add_single_object     : Added device:05 [\_SB_.PCI0.PB3_.VGA_.CRT_] parent LNXVIDEO:00
[    0.144863]     scan-0964 [405504000] [02] bus_get_device        : No context for object [ffff880418281c80]
[    0.144874]     scan-0964 [405504000] [02] bus_get_device        : No context for object [ffff880418281ca8]
[    0.144884]     scan-0964 [405504000] [02] bus_get_device        : No context for object [ffff880418281cd0]
[    0.144895]     scan-0964 [405504000] [02] bus_get_device        : No context for object [ffff880418281cf8]
[    0.144906]     scan-0964 [405504000] [02] bus_get_device        : No context for object [ffff880418281d20]
[    0.144917]    utils-0052 [405504000] [02] util_eval_error       : Evaluate [\_SB_.PCI0.PB3_.VGA_.LCD_._STA]: AE_NOT_FOUND
[    0.145005] device: 'device:06': device_add
[    0.145013] bus: 'acpi': add device device:06
[    0.145028]    utils-0052 [405504000] [02] util_eval_error       : Evaluate [\_SB_.PCI0.PB3_.VGA_.LCD_._SUN]: AE_NOT_FOUND
[    0.145044]     scan-1711 [405504000] [02] add_single_object     : Added device:06 [\_SB_.PCI0.PB3_.VGA_.LCD_] parent LNXVIDEO:00
[    0.145056]     scan-0964 [405504000] [02] bus_get_device        : No context for object [ffff880418281d48]
[    0.145067]     scan-0964 [405504000] [02] bus_get_device        : No context for object [ffff880418281d70]
[    0.145077]     scan-0964 [405504000] [02] bus_get_device        : No context for object [ffff880418281d98]
[    0.145088]     scan-0964 [405504000] [02] bus_get_device        : No context for object [ffff880418281dc0]
[    0.145098]     scan-0964 [405504000] [02] bus_get_device        : No context for object [ffff880418281de8]
[    0.145109]     scan-0964 [405504000] [02] bus_get_device        : No context for object [ffff880418281e10]
[    0.145119]     scan-0964 [405504000] [02] bus_get_device        : No context for object [ffff880418281e38]
[    0.145130]     scan-0964 [405504000] [02] bus_get_device        : No context for object [ffff880418281e60]
[    0.145141]    utils-0052 [405504000] [02] util_eval_error       : Evaluate [\_SB_.PCI0.PB3_.VGA_.TV0_._STA]: AE_NOT_FOUND
[    0.145207] device: 'device:07': device_add
[    0.145214] bus: 'acpi': add device device:07
[    0.145231]    utils-0052 [405504000] [02] util_eval_error       : Evaluate [\_SB_.PCI0.PB3_.VGA_.TV0_._SUN]: AE_NOT_FOUND
[    0.145247]     scan-1711 [405504000] [02] add_single_object     : Added device:07 [\_SB_.PCI0.PB3_.VGA_.TV0_] parent LNXVIDEO:00
[    0.145259]     scan-0964 [405504000] [02] bus_get_device        : No context for object [ffff880418281e88]
[    0.145270]     scan-0964 [405504000] [02] bus_get_device        : No context for object [ffff880418281eb0]
[    0.145280]     scan-0964 [405504000] [02] bus_get_device        : No context for object [ffff880418281ed8]
[    0.145291]     scan-0964 [405504000] [02] bus_get_device        : No context for object [ffff880418281f00]
[    0.145301]     scan-0964 [405504000] [02] bus_get_device        : No context for object [ffff880418281f28]
[    0.145313]    utils-0052 [405504000] [02] util_eval_error       : Evaluate [\_SB_.PCI0.PB3_.VGA_.HDMI._STA]: AE_NOT_FOUND
[    0.145394] device: 'device:08': device_add
[    0.145401] bus: 'acpi': add device device:08
[    0.145416]    utils-0052 [405504000] [02] util_eval_error       : Evaluate [\_SB_.PCI0.PB3_.VGA_.HDMI._SUN]: AE_NOT_FOUND
[    0.145432]     scan-1711 [405504000] [02] add_single_object     : Added device:08 [\_SB_.PCI0.PB3_.VGA_.HDMI] parent LNXVIDEO:00
[    0.145444]     scan-0964 [405504000] [02] bus_get_device        : No context for object [ffff880418281f50]
[    0.145454]     scan-0964 [405504000] [02] bus_get_device        : No context for object [ffff880418281f78]
[    0.145465]     scan-0964 [405504000] [02] bus_get_device        : No context for object [ffff880418281fa0]
[    0.145475]     scan-0964 [405504000] [02] bus_get_device        : No context for object [ffff880418281fc8]
[    0.145486]     scan-0964 [405504000] [02] bus_get_device        : No context for object [ffff880418242a00]
[    0.145497]    utils-0052 [405504000] [02] util_eval_error       : Evaluate [\_SB_.PCI0.PB3_.HDAU._STA]: AE_NOT_FOUND
[    0.145562] device: 'device:09': device_add
[    0.145569] bus: 'acpi': add device device:09
[    0.145583]    utils-0052 [405504000] [02] util_eval_error       : Evaluate [\_SB_.PCI0.PB3_.HDAU._SUN]: AE_NOT_FOUND
[    0.145598]     scan-1711 [405504000] [02] add_single_object     : Added device:09 [\_SB_.PCI0.PB3_.HDAU] parent device:04
[    0.145610]     scan-0964 [405504000] [02] bus_get_device        : No context for object [ffff880418242a28]
[    0.145621]     scan-0964 [405504000] [02] bus_get_device        : No context for object [ffff880418242a50]
[    0.145631]     scan-0964 [405504000] [02] bus_get_device        : No context for object [ffff880418242a78]
[    0.145641]     scan-0964 [405504000] [02] bus_get_device        : No context for object [ffff880418242aa0]
[    0.145652]     scan-0964 [405504000] [02] bus_get_device        : No context for object [ffff880418242ac8]
[    0.145663]     scan-0964 [405504000] [02] bus_get_device        : No context for object [ffff880418242af0]
[    0.145673]     scan-0964 [405504000] [02] bus_get_device        : No context for object [ffff880418242b18]
[    0.145685]    utils-0052 [405504000] [02] util_eval_error       : Evaluate [\_SB_.PCI0.PB4_._STA]: AE_NOT_FOUND
[    0.145814] device: 'device:0a': device_add
[    0.145821] bus: 'acpi': add device device:0a
[    0.145838]    utils-0052 [405504000] [02] util_eval_error       : Evaluate [\_SB_.PCI0.PB4_._SUN]: AE_NOT_FOUND
[    0.145853]     scan-1711 [405504000] [02] add_single_object     : Added device:0a [\_SB_.PCI0.PB4_] parent PNP0A08:00
[    0.145865]     scan-0964 [405504000] [02] bus_get_device        : No context for object [ffff880418242b40]
[    0.145875]     scan-0964 [405504000] [02] bus_get_device        : No context for object [ffff880418242b68]
[    0.145886]     scan-0964 [405504000] [02] bus_get_device        : No context for object [ffff880418242b90]
[    0.145896]     scan-0964 [405504000] [02] bus_get_device        : No context for object [ffff880418242bb8]
[    0.145907]     scan-0964 [405504000] [02] bus_get_device        : No context for object [ffff880418242be0]
[    0.145917]     scan-0964 [405504000] [02] bus_get_device        : No context for object [ffff880418242c08]
[    0.145928]     scan-0964 [405504000] [02] bus_get_device        : No context for object [ffff880418242c30]
[    0.145938]     scan-0964 [405504000] [02] bus_get_device        : No context for object [ffff880418242c58]
[    0.145949]     scan-0964 [405504000] [02] bus_get_device        : No context for object [ffff880418242c80]
[    0.145959]     scan-0964 [405504000] [02] bus_get_device        : No context for object [ffff880418242ca8]
[    0.145970]     scan-0964 [405504000] [02] bus_get_device        : No context for object [ffff880418242cd0]
[    0.145980]     scan-0964 [405504000] [02] bus_get_device        : No context for object [ffff880418242cf8]
[    0.145991]     scan-0964 [405504000] [02] bus_get_device        : No context for object [ffff880418242d20]
[    0.146003]     scan-0964 [405504000] [02] bus_get_device        : No context for object [ffff880418242d48]
[    0.146014]     scan-0964 [405504000] [02] bus_get_device        : No context for object [ffff880418242d70]
[    0.146024]     scan-0964 [405504000] [02] bus_get_device        : No context for object [ffff880418242d98]
[    0.146035]     scan-0964 [405504000] [02] bus_get_device        : No context for object [ffff880418242dc0]
[    0.146045]     scan-0964 [405504000] [02] bus_get_device        : No context for object [ffff880418242de8]
[    0.146056]     scan-0964 [405504000] [02] bus_get_device        : No context for object [ffff880418242e10]
[    0.146066]     scan-0964 [405504000] [02] bus_get_device        : No context for object [ffff880418242e38]
[    0.146077]     scan-0964 [405504000] [02] bus_get_device        : No context for object [ffff880418242e60]
[    0.146087]     scan-0964 [405504000] [02] bus_get_device        : No context for object [ffff880418242e88]
[    0.146098]     scan-0964 [405504000] [02] bus_get_device        : No context for object [ffff880418242eb0]
[    0.146108]     scan-0964 [405504000] [02] bus_get_device        : No context for object [ffff880418242ed8]
[    0.146119]     scan-0964 [405504000] [02] bus_get_device        : No context for object [ffff880418242f00]
[    0.146129]     scan-0964 [405504000] [02] bus_get_device        : No context for object [ffff880418242f28]
[    0.146140]     scan-0964 [405504000] [02] bus_get_device        : No context for object [ffff880418242f50]
[    0.146150]     scan-0964 [405504000] [02] bus_get_device        : No context for object [ffff880418242f78]
[    0.146161]     scan-0964 [405504000] [02] bus_get_device        : No context for object [ffff880418242fa0]
[    0.146171]     scan-0964 [405504000] [02] bus_get_device        : No context for object [ffff880418242fc8]
[    0.146182]     scan-0964 [405504000] [02] bus_get_device        : No context for object [ffff880418244000]
[    0.146193]    utils-0052 [405504000] [02] util_eval_error       : Evaluate [\_SB_.PCI0.PB4_.XPDV._STA]: AE_NOT_FOUND
[    0.146259] device: 'device:0b': device_add
[    0.146265] bus: 'acpi': add device device:0b
[    0.146280]    utils-0052 [405504000] [02] util_eval_error       : Evaluate [\_SB_.PCI0.PB4_.XPDV._SUN]: AE_NOT_FOUND
[    0.146295]     scan-1711 [405504000] [02] add_single_object     : Added device:0b [\_SB_.PCI0.PB4_.XPDV] parent device:0a
[    0.146307]     scan-0964 [405504000] [02] bus_get_device        : No context for object [ffff880418244028]
[    0.146318]     scan-0964 [405504000] [02] bus_get_device        : No context for object [ffff880418244050]
[    0.146328]     scan-0964 [405504000] [02] bus_get_device        : No context for object [ffff880418244078]
[    0.146339]     scan-0964 [405504000] [02] bus_get_device        : No context for object [ffff8804182440a0]
[    0.146349]     scan-0964 [405504000] [02] bus_get_device        : No context for object [ffff8804182440c8]
[    0.146360]     scan-0964 [405504000] [02] bus_get_device        : No context for object [ffff88041827e500]
[    0.146370]     scan-0964 [405504000] [02] bus_get_device        : No context for object [ffff8804182440f0]
[    0.146381]     scan-0964 [405504000] [02] bus_get_device        : No context for object [ffff880418244118]
[    0.146393]    utils-0052 [405504000] [02] util_eval_error       : Evaluate [\_SB_.PCI0.PB5_._STA]: AE_NOT_FOUND
[    0.146477] device: 'device:0c': device_add
[    0.146484] bus: 'acpi': add device device:0c
[    0.146498]    utils-0052 [405504000] [02] util_eval_error       : Evaluate [\_SB_.PCI0.PB5_._SUN]: AE_NOT_FOUND
[    0.146514]     scan-1711 [405504000] [02] add_single_object     : Added device:0c [\_SB_.PCI0.PB5_] parent PNP0A08:00
[    0.146525]     scan-0964 [405504000] [02] bus_get_device        : No context for object [ffff880418244140]
[    0.146536]     scan-0964 [405504000] [02] bus_get_device        : No context for object [ffff880418244168]
[    0.146546]     scan-0964 [405504000] [02] bus_get_device        : No context for object [ffff880418244190]
[    0.146557]     scan-0964 [405504000] [02] bus_get_device        : No context for object [ffff8804182441b8]
[    0.146568]     scan-0964 [405504000] [02] bus_get_device        : No context for object [ffff8804182441e0]
[    0.146578]     scan-0964 [405504000] [02] bus_get_device        : No context for object [ffff880418244208]
[    0.146589]     scan-0964 [405504000] [02] bus_get_device        : No context for object [ffff880418244230]
[    0.146599]     scan-0964 [405504000] [02] bus_get_device        : No context for object [ffff880418244258]
[    0.146610]     scan-0964 [405504000] [02] bus_get_device        : No context for object [ffff880418244280]
[    0.146620]     scan-0964 [405504000] [02] bus_get_device        : No context for object [ffff8804182442a8]
[    0.146631]     scan-0964 [405504000] [02] bus_get_device        : No context for object [ffff8804182442d0]
[    0.146642]     scan-0964 [405504000] [02] bus_get_device        : No context for object [ffff8804182442f8]
[    0.146652]     scan-0964 [405504000] [02] bus_get_device        : No context for object [ffff880418244320]
[    0.146663]     scan-0964 [405504000] [02] bus_get_device        : No context for object [ffff880418244348]
[    0.146673]     scan-0964 [405504000] [02] bus_get_device        : No context for object [ffff880418244370]
[    0.146683]     scan-0964 [405504000] [02] bus_get_device        : No context for object [ffff880418244398]
[    0.146694]     scan-0964 [405504000] [02] bus_get_device        : No context for object [ffff8804182443c0]
[    0.146705]     scan-0964 [405504000] [02] bus_get_device        : No context for object [ffff8804182443e8]
[    0.146715]     scan-0964 [405504000] [02] bus_get_device        : No context for object [ffff880418244410]
[    0.146725]     scan-0964 [405504000] [02] bus_get_device        : No context for object [ffff880418244438]
[    0.146736]     scan-0964 [405504000] [02] bus_get_device        : No context for object [ffff880418244460]
[    0.146746]     scan-0964 [405504000] [02] bus_get_device        : No context for object [ffff880418244488]
[    0.146757]     scan-0964 [405504000] [02] bus_get_device        : No context for object [ffff8804182444b0]
[    0.146768]     scan-0964 [405504000] [02] bus_get_device        : No context for object [ffff8804182444d8]
[    0.146778]     scan-0964 [405504000] [02] bus_get_device        : No context for object [ffff880418244500]
[    0.146788]     scan-0964 [405504000] [02] bus_get_device        : No context for object [ffff880418244528]
[    0.146799]     scan-0964 [405504000] [02] bus_get_device        : No context for object [ffff880418244550]
[    0.146809]     scan-0964 [405504000] [02] bus_get_device        : No context for object [ffff880418244578]
[    0.146820]     scan-0964 [405504000] [02] bus_get_device        : No context for object [ffff8804182445a0]
[    0.146830]     scan-0964 [405504000] [02] bus_get_device        : No context for object [ffff8804182445c8]
[    0.146841]     scan-0964 [405504000] [02] bus_get_device        : No context for object [ffff8804182445f0]
[    0.146852]    utils-0052 [405504000] [02] util_eval_error       : Evaluate [\_SB_.PCI0.PB5_.XPDV._STA]: AE_NOT_FOUND
[    0.146918] device: 'device:0d': device_add
[    0.146924] bus: 'acpi': add device device:0d
[    0.146941]    utils-0052 [405504000] [02] util_eval_error       : Evaluate [\_SB_.PCI0.PB5_.XPDV._SUN]: AE_NOT_FOUND
[    0.146957]     scan-1711 [405504000] [02] add_single_object     : Added device:0d [\_SB_.PCI0.PB5_.XPDV] parent device:0c
[    0.146968]     scan-0964 [405504000] [02] bus_get_device        : No context for object [ffff880418244618]
[    0.146979]     scan-0964 [405504000] [02] bus_get_device        : No context for object [ffff880418244640]
[    0.146989]     scan-0964 [405504000] [02] bus_get_device        : No context for object [ffff880418244668]
[    0.147003]     scan-0964 [405504000] [02] bus_get_device        : No context for object [ffff880418244690]
[    0.147014]     scan-0964 [405504000] [02] bus_get_device        : No context for object [ffff8804182446b8]
[    0.147024]     scan-0964 [405504000] [02] bus_get_device        : No context for object [ffff88041827e528]
[    0.147035]     scan-0964 [405504000] [02] bus_get_device        : No context for object [ffff8804182446e0]
[    0.147045]     scan-0964 [405504000] [02] bus_get_device        : No context for object [ffff880418244708]
[    0.147057]    utils-0052 [405504000] [02] util_eval_error       : Evaluate [\_SB_.PCI0.PB6_._STA]: AE_NOT_FOUND
[    0.147186] device: 'device:0e': device_add
[    0.147193] bus: 'acpi': add device device:0e
[    0.147207]    utils-0052 [405504000] [02] util_eval_error       : Evaluate [\_SB_.PCI0.PB6_._SUN]: AE_NOT_FOUND
[    0.147223]     scan-1711 [405504000] [02] add_single_object     : Added device:0e [\_SB_.PCI0.PB6_] parent PNP0A08:00
[    0.147234]     scan-0964 [405504000] [02] bus_get_device        : No context for object [ffff880418244730]
[    0.147245]     scan-0964 [405504000] [02] bus_get_device        : No context for object [ffff880418244758]
[    0.147256]     scan-0964 [405504000] [02] bus_get_device        : No context for object [ffff880418244780]
[    0.147266]     scan-0964 [405504000] [02] bus_get_device        : No context for object [ffff8804182447a8]
[    0.147277]     scan-0964 [405504000] [02] bus_get_device        : No context for object [ffff8804182447d0]
[    0.147287]     scan-0964 [405504000] [02] bus_get_device        : No context for object [ffff8804182447f8]
[    0.147298]     scan-0964 [405504000] [02] bus_get_device        : No context for object [ffff880418244820]
[    0.147308]     scan-0964 [405504000] [02] bus_get_device        : No context for object [ffff880418244848]
[    0.147319]     scan-0964 [405504000] [02] bus_get_device        : No context for object [ffff880418244870]
[    0.147329]     scan-0964 [405504000] [02] bus_get_device        : No context for object [ffff880418244898]
[    0.147340]     scan-0964 [405504000] [02] bus_get_device        : No context for object [ffff8804182448c0]
[    0.147351]     scan-0964 [405504000] [02] bus_get_device        : No context for object [ffff8804182448e8]
[    0.147361]     scan-0964 [405504000] [02] bus_get_device        : No context for object [ffff880418244910]
[    0.147371]     scan-0964 [405504000] [02] bus_get_device        : No context for object [ffff880418244938]
[    0.147382]     scan-0964 [405504000] [02] bus_get_device        : No context for object [ffff880418244960]
[    0.147392]     scan-0964 [405504000] [02] bus_get_device        : No context for object [ffff880418244988]
[    0.147403]     scan-0964 [405504000] [02] bus_get_device        : No context for object [ffff8804182449b0]
[    0.147413]     scan-0964 [405504000] [02] bus_get_device        : No context for object [ffff8804182449d8]
[    0.147424]     scan-0964 [405504000] [02] bus_get_device        : No context for object [ffff880418244a00]
[    0.147434]     scan-0964 [405504000] [02] bus_get_device        : No context for object [ffff880418244a28]
[    0.147445]     scan-0964 [405504000] [02] bus_get_device        : No context for object [ffff880418244a50]
[    0.147455]     scan-0964 [405504000] [02] bus_get_device        : No context for object [ffff880418244a78]
[    0.147466]     scan-0964 [405504000] [02] bus_get_device        : No context for object [ffff880418244aa0]
[    0.147476]     scan-0964 [405504000] [02] bus_get_device        : No context for object [ffff880418244ac8]
[    0.147487]     scan-0964 [405504000] [02] bus_get_device        : No context for object [ffff880418244af0]
[    0.147497]     scan-0964 [405504000] [02] bus_get_device        : No context for object [ffff880418244b18]
[    0.147508]     scan-0964 [405504000] [02] bus_get_device        : No context for object [ffff880418244b40]
[    0.147518]     scan-0964 [405504000] [02] bus_get_device        : No context for object [ffff880418244b68]
[    0.147528]     scan-0964 [405504000] [02] bus_get_device        : No context for object [ffff880418244b90]
[    0.147539]     scan-0964 [405504000] [02] bus_get_device        : No context for object [ffff880418244bb8]
[    0.147549]     scan-0964 [405504000] [02] bus_get_device        : No context for object [ffff880418244be0]
[    0.147561]    utils-0052 [405504000] [02] util_eval_error       : Evaluate [\_SB_.PCI0.PB6_.XPDV._STA]: AE_NOT_FOUND
[    0.147626] device: 'device:0f': device_add
[    0.147633] bus: 'acpi': add device device:0f
[    0.147647]    utils-0052 [405504000] [02] util_eval_error       : Evaluate [\_SB_.PCI0.PB6_.XPDV._SUN]: AE_NOT_FOUND
[    0.147663]     scan-1711 [405504000] [02] add_single_object     : Added device:0f [\_SB_.PCI0.PB6_.XPDV] parent device:0e
[    0.147674]     scan-0964 [405504000] [02] bus_get_device        : No context for object [ffff880418244c08]
[    0.147685]     scan-0964 [405504000] [02] bus_get_device        : No context for object [ffff880418244c30]
[    0.147695]     scan-0964 [405504000] [02] bus_get_device        : No context for object [ffff880418244c58]
[    0.147706]     scan-0964 [405504000] [02] bus_get_device        : No context for object [ffff880418244c80]
[    0.147716]     scan-0964 [405504000] [02] bus_get_device        : No context for object [ffff880418244ca8]
[    0.147727]     scan-0964 [405504000] [02] bus_get_device        : No context for object [ffff88041827e550]
[    0.147738]     scan-0964 [405504000] [02] bus_get_device        : No context for object [ffff880418244cd0]
[    0.147748]     scan-0964 [405504000] [02] bus_get_device        : No context for object [ffff880418244cf8]
[    0.147760]    utils-0052 [405504000] [02] util_eval_error       : Evaluate [\_SB_.PCI0.PB7_._STA]: AE_NOT_FOUND
[    0.147889] device: 'device:10': device_add
[    0.147896] bus: 'acpi': add device device:10
[    0.147913]    utils-0052 [405504000] [02] util_eval_error       : Evaluate [\_SB_.PCI0.PB7_._SUN]: AE_NOT_FOUND
[    0.147928]     scan-1711 [405504000] [02] add_single_object     : Added device:10 [\_SB_.PCI0.PB7_] parent PNP0A08:00
[    0.147939]     scan-0964 [405504000] [02] bus_get_device        : No context for object [ffff880418244d20]
[    0.147950]     scan-0964 [405504000] [02] bus_get_device        : No context for object [ffff880418244d48]
[    0.147960]     scan-0964 [405504000] [02] bus_get_device        : No context for object [ffff880418244d70]
[    0.147971]     scan-0964 [405504000] [02] bus_get_device        : No context for object [ffff880418244d98]
[    0.147982]     scan-0964 [405504000] [02] bus_get_device        : No context for object [ffff880418244dc0]
[    0.147992]     scan-0964 [405504000] [02] bus_get_device        : No context for object [ffff880418244de8]
[    0.148009]     scan-0964 [405504000] [02] bus_get_device        : No context for object [ffff880418244e10]
[    0.148020]     scan-0964 [405504000] [02] bus_get_device        : No context for object [ffff880418244e38]
[    0.148030]     scan-0964 [405504000] [02] bus_get_device        : No context for object [ffff880418244e60]
[    0.148041]     scan-0964 [405504000] [02] bus_get_device        : No context for object [ffff880418244e88]
[    0.148052]     scan-0964 [405504000] [02] bus_get_device        : No context for object [ffff880418244eb0]
[    0.148062]     scan-0964 [405504000] [02] bus_get_device        : No context for object [ffff880418244ed8]
[    0.148073]     scan-0964 [405504000] [02] bus_get_device        : No context for object [ffff880418244f00]
[    0.148083]     scan-0964 [405504000] [02] bus_get_device        : No context for object [ffff880418244f28]
[    0.148094]     scan-0964 [405504000] [02] bus_get_device        : No context for object [ffff880418244f50]
[    0.148104]     scan-0964 [405504000] [02] bus_get_device        : No context for object [ffff880418244f78]
[    0.148115]     scan-0964 [405504000] [02] bus_get_device        : No context for object [ffff880418244fa0]
[    0.148125]     scan-0964 [405504000] [02] bus_get_device        : No context for object [ffff880418244fc8]
[    0.148136]     scan-0964 [405504000] [02] bus_get_device        : No context for object [ffff880418246000]
[    0.148146]     scan-0964 [405504000] [02] bus_get_device        : No context for object [ffff880418246028]
[    0.148157]     scan-0964 [405504000] [02] bus_get_device        : No context for object [ffff880418246050]
[    0.148167]     scan-0964 [405504000] [02] bus_get_device        : No context for object [ffff880418246078]
[    0.148177]     scan-0964 [405504000] [02] bus_get_device        : No context for object [ffff8804182460a0]
[    0.148188]     scan-0964 [405504000] [02] bus_get_device        : No context for object [ffff8804182460c8]
[    0.148198]     scan-0964 [405504000] [02] bus_get_device        : No context for object [ffff8804182460f0]
[    0.148209]     scan-0964 [405504000] [02] bus_get_device        : No context for object [ffff880418246118]
[    0.148219]     scan-0964 [405504000] [02] bus_get_device        : No context for object [ffff880418246140]
[    0.148230]     scan-0964 [405504000] [02] bus_get_device        : No context for object [ffff880418246168]
[    0.148240]     scan-0964 [405504000] [02] bus_get_device        : No context for object [ffff880418246190]
[    0.148251]     scan-0964 [405504000] [02] bus_get_device        : No context for object [ffff8804182461b8]
[    0.148261]     scan-0964 [405504000] [02] bus_get_device        : No context for object [ffff8804182461e0]
[    0.148273]    utils-0052 [405504000] [02] util_eval_error       : Evaluate [\_SB_.PCI0.PB7_.XPDV._STA]: AE_NOT_FOUND
[    0.148338] device: 'device:11': device_add
[    0.148345] bus: 'acpi': add device device:11
[    0.148359]    utils-0052 [405504000] [02] util_eval_error       : Evaluate [\_SB_.PCI0.PB7_.XPDV._SUN]: AE_NOT_FOUND
[    0.148375]     scan-1711 [405504000] [02] add_single_object     : Added device:11 [\_SB_.PCI0.PB7_.XPDV] parent device:10
[    0.148387]     scan-0964 [405504000] [02] bus_get_device        : No context for object [ffff880418246208]
[    0.148397]     scan-0964 [405504000] [02] bus_get_device        : No context for object [ffff880418246230]
[    0.148408]     scan-0964 [405504000] [02] bus_get_device        : No context for object [ffff880418246258]
[    0.148418]     scan-0964 [405504000] [02] bus_get_device        : No context for object [ffff880418246280]
[    0.148429]     scan-0964 [405504000] [02] bus_get_device        : No context for object [ffff8804182462a8]
[    0.148439]     scan-0964 [405504000] [02] bus_get_device        : No context for object [ffff88041827e488]
[    0.148450]     scan-0964 [405504000] [02] bus_get_device        : No context for object [ffff8804182462d0]
[    0.148461]     scan-0964 [405504000] [02] bus_get_device        : No context for object [ffff8804182462f8]
[    0.148472]    utils-0052 [405504000] [02] util_eval_error       : Evaluate [\_SB_.PCI0.OHC1._STA]: AE_NOT_FOUND
[    0.148594] device: 'device:12': device_add
[    0.148601] bus: 'acpi': add device device:12
[    0.148615]    utils-0052 [405504000] [02] util_eval_error       : Evaluate [\_SB_.PCI0.OHC1._SUN]: AE_NOT_FOUND
[    0.148630]     scan-1711 [405504000] [02] add_single_object     : Added device:12 [\_SB_.PCI0.OHC1] parent PNP0A08:00
[    0.148642]     scan-0964 [405504000] [02] bus_get_device        : No context for object [ffff880418246320]
[    0.148652]     scan-0964 [405504000] [02] bus_get_device        : No context for object [ffff880418246348]
[    0.148663]     scan-0964 [405504000] [02] bus_get_device        : No context for object [ffff8804182822f8]
[    0.148674]    utils-0052 [405504000] [02] util_eval_error       : Evaluate [\_SB_.PCI0.OHC1.RHUB._STA]: AE_NOT_FOUND
[    0.148739] device: 'device:13': device_add
[    0.148746] bus: 'acpi': add device device:13
[    0.148762]    utils-0052 [405504000] [02] util_eval_error       : Evaluate [\_SB_.PCI0.OHC1.RHUB._SUN]: AE_NOT_FOUND
[    0.148778]     scan-1711 [405504000] [02] add_single_object     : Added device:13 [\_SB_.PCI0.OHC1.RHUB] parent device:12
[    0.148789]     scan-0964 [405504000] [02] bus_get_device        : No context for object [ffff880418282320]
[    0.148800]     scan-0964 [405504000] [02] bus_get_device        : No context for object [ffff880418282348]
[    0.148812]    utils-0052 [405504000] [02] util_eval_error       : Evaluate [\_SB_.PCI0.OHC1.RHUB.PRT3._STA]: AE_NOT_FOUND
[    0.148877] device: 'device:14': device_add
[    0.148884] bus: 'acpi': add device device:14
[    0.148898]    utils-0052 [405504000] [02] util_eval_error       : Evaluate [\_SB_.PCI0.OHC1.RHUB.PRT3._SUN]: AE_NOT_FOUND
[    0.148914]     scan-1711 [405504000] [02] add_single_object     : Added device:14 [\_SB_.PCI0.OHC1.RHUB.PRT3] parent device:13
[    0.148926]     scan-0964 [405504000] [02] bus_get_device        : No context for object [ffff880418282370]
[    0.148936]     scan-0964 [405504000] [02] bus_get_device        : No context for object [ffff880418282398]
[    0.148947]     scan-0964 [405504000] [02] bus_get_device        : No context for object [ffff8804182823c0]
[    0.148958]     scan-0964 [405504000] [02] bus_get_device        : No context for object [ffff8804182823e8]
[    0.148969]    utils-0052 [405504000] [02] util_eval_error       : Evaluate [\_SB_.PCI0.OHC1.RHUB.PRT4._STA]: AE_NOT_FOUND
[    0.149039] device: 'device:15': device_add
[    0.149046] bus: 'acpi': add device device:15
[    0.149060]    utils-0052 [405504000] [02] util_eval_error       : Evaluate [\_SB_.PCI0.OHC1.RHUB.PRT4._SUN]: AE_NOT_FOUND
[    0.149076]     scan-1711 [405504000] [02] add_single_object     : Added device:15 [\_SB_.PCI0.OHC1.RHUB.PRT4] parent device:13
[    0.149088]     scan-0964 [405504000] [02] bus_get_device        : No context for object [ffff880418282410]
[    0.149098]     scan-0964 [405504000] [02] bus_get_device        : No context for object [ffff880418282438]
[    0.149109]     scan-0964 [405504000] [02] bus_get_device        : No context for object [ffff880418282460]
[    0.149120]     scan-0964 [405504000] [02] bus_get_device        : No context for object [ffff880418246370]
[    0.149132]    utils-0052 [405504000] [02] util_eval_error       : Evaluate [\_SB_.PCI0.EHC1._STA]: AE_NOT_FOUND
[    0.149256] device: 'device:16': device_add
[    0.149263] bus: 'acpi': add device device:16
[    0.149280]    utils-0052 [405504000] [02] util_eval_error       : Evaluate [\_SB_.PCI0.EHC1._SUN]: AE_NOT_FOUND
[    0.149296]     scan-1711 [405504000] [02] add_single_object     : Added device:16 [\_SB_.PCI0.EHC1] parent PNP0A08:00
[    0.149307]     scan-0964 [405504000] [02] bus_get_device        : No context for object [ffff880418246398]
[    0.149318]     scan-0964 [405504000] [02] bus_get_device        : No context for object [ffff8804182463c0]
[    0.149328]     scan-0964 [405504000] [02] bus_get_device        : No context for object [ffff880418282028]
[    0.149340]    utils-0052 [405504000] [02] util_eval_error       : Evaluate [\_SB_.PCI0.EHC1.RHUB._STA]: AE_NOT_FOUND
[    0.149404] device: 'device:17': device_add
[    0.149410] bus: 'acpi': add device device:17
[    0.149424]    utils-0052 [405504000] [02] util_eval_error       : Evaluate [\_SB_.PCI0.EHC1.RHUB._SUN]: AE_NOT_FOUND
[    0.149440]     scan-1711 [405504000] [02] add_single_object     : Added device:17 [\_SB_.PCI0.EHC1.RHUB] parent device:16
[    0.149452]     scan-0964 [405504000] [02] bus_get_device        : No context for object [ffff880418282050]
[    0.149462]     scan-0964 [405504000] [02] bus_get_device        : No context for object [ffff880418282078]
[    0.149474]    utils-0052 [405504000] [02] util_eval_error       : Evaluate [\_SB_.PCI0.EHC1.RHUB.PRT3._STA]: AE_NOT_FOUND
[    0.149539] device: 'device:18': device_add
[    0.149545] bus: 'acpi': add device device:18
[    0.149559]    utils-0052 [405504000] [02] util_eval_error       : Evaluate [\_SB_.PCI0.EHC1.RHUB.PRT3._SUN]: AE_NOT_FOUND
[    0.149575]     scan-1711 [405504000] [02] add_single_object     : Added device:18 [\_SB_.PCI0.EHC1.RHUB.PRT3] parent device:17
[    0.149587]     scan-0964 [405504000] [02] bus_get_device        : No context for object [ffff8804182820a0]
[    0.149598]     scan-0964 [405504000] [02] bus_get_device        : No context for object [ffff8804182820c8]
[    0.149608]     scan-0964 [405504000] [02] bus_get_device        : No context for object [ffff8804182820f0]
[    0.149619]     scan-0964 [405504000] [02] bus_get_device        : No context for object [ffff880418282118]
[    0.149630]    utils-0052 [405504000] [02] util_eval_error       : Evaluate [\_SB_.PCI0.EHC1.RHUB.PRT4._STA]: AE_NOT_FOUND
[    0.149696] device: 'device:19': device_add
[    0.149702] bus: 'acpi': add device device:19
[    0.149719]    utils-0052 [405504000] [02] util_eval_error       : Evaluate [\_SB_.PCI0.EHC1.RHUB.PRT4._SUN]: AE_NOT_FOUND
[    0.149735]     scan-1711 [405504000] [02] add_single_object     : Added device:19 [\_SB_.PCI0.EHC1.RHUB.PRT4] parent device:17
[    0.149747]     scan-0964 [405504000] [02] bus_get_device        : No context for object [ffff880418282140]
[    0.149757]     scan-0964 [405504000] [02] bus_get_device        : No context for object [ffff880418282168]
[    0.149768]     scan-0964 [405504000] [02] bus_get_device        : No context for object [ffff880418282190]
[    0.149779]     scan-0964 [405504000] [02] bus_get_device        : No context for object [ffff8804182463e8]
[    0.149790]    utils-0052 [405504000] [02] util_eval_error       : Evaluate [\_SB_.PCI0.OHC2._STA]: AE_NOT_FOUND
[    0.149912] device: 'device:1a': device_add
[    0.149919] bus: 'acpi': add device device:1a
[    0.149933]    utils-0052 [405504000] [02] util_eval_error       : Evaluate [\_SB_.PCI0.OHC2._SUN]: AE_NOT_FOUND
[    0.149949]     scan-1711 [405504000] [02] add_single_object     : Added device:1a [\_SB_.PCI0.OHC2] parent PNP0A08:00
[    0.149960]     scan-0964 [405504000] [02] bus_get_device        : No context for object [ffff880418246410]
[    0.149971]     scan-0964 [405504000] [02] bus_get_device        : No context for object [ffff880418246438]
[    0.149982]     scan-0964 [405504000] [02] bus_get_device        : No context for object [ffff880418282488]
[    0.149993]    utils-0052 [405504000] [02] util_eval_error       : Evaluate [\_SB_.PCI0.OHC2.RHUB._STA]: AE_NOT_FOUND
[    0.150061] device: 'device:1b': device_add
[    0.150068] bus: 'acpi': add device device:1b
[    0.150082]    utils-0052 [405504000] [02] util_eval_error       : Evaluate [\_SB_.PCI0.OHC2.RHUB._SUN]: AE_NOT_FOUND
[    0.150098]     scan-1711 [405504000] [02] add_single_object     : Added device:1b [\_SB_.PCI0.OHC2.RHUB] parent device:1a
[    0.150109]     scan-0964 [405504000] [02] bus_get_device        : No context for object [ffff8804182824b0]
[    0.150120]     scan-0964 [405504000] [02] bus_get_device        : No context for object [ffff8804182824d8]
[    0.150131]    utils-0052 [405504000] [02] util_eval_error       : Evaluate [\_SB_.PCI0.OHC2.RHUB.PRT4._STA]: AE_NOT_FOUND
[    0.150196] device: 'device:1c': device_add
[    0.150203] bus: 'acpi': add device device:1c
[    0.150219]    utils-0052 [405504000] [02] util_eval_error       : Evaluate [\_SB_.PCI0.OHC2.RHUB.PRT4._SUN]: AE_NOT_FOUND
[    0.150235]     scan-1711 [405504000] [02] add_single_object     : Added device:1c [\_SB_.PCI0.OHC2.RHUB.PRT4] parent device:1b
[    0.150247]     scan-0964 [405504000] [02] bus_get_device        : No context for object [ffff880418282500]
[    0.150257]     scan-0964 [405504000] [02] bus_get_device        : No context for object [ffff880418282528]
[    0.150268]     scan-0964 [405504000] [02] bus_get_device        : No context for object [ffff880418282550]
[    0.150279]     scan-0964 [405504000] [02] bus_get_device        : No context for object [ffff880418246460]
[    0.150290]    utils-0052 [405504000] [02] util_eval_error       : Evaluate [\_SB_.PCI0.EHC2._STA]: AE_NOT_FOUND
[    0.150412] device: 'device:1d': device_add
[    0.150419] bus: 'acpi': add device device:1d
[    0.150433]    utils-0052 [405504000] [02] util_eval_error       : Evaluate [\_SB_.PCI0.EHC2._SUN]: AE_NOT_FOUND
[    0.150449]     scan-1711 [405504000] [02] add_single_object     : Added device:1d [\_SB_.PCI0.EHC2] parent PNP0A08:00
[    0.150460]     scan-0964 [405504000] [02] bus_get_device        : No context for object [ffff880418246488]
[    0.150471]     scan-0964 [405504000] [02] bus_get_device        : No context for object [ffff8804182464b0]
[    0.150481]     scan-0964 [405504000] [02] bus_get_device        : No context for object [ffff8804182821b8]
[    0.150493]    utils-0052 [405504000] [02] util_eval_error       : Evaluate [\_SB_.PCI0.EHC2.RHUB._STA]: AE_NOT_FOUND
[    0.150556] device: 'device:1e': device_add
[    0.150563] bus: 'acpi': add device device:1e
[    0.150577]    utils-0052 [405504000] [02] util_eval_error       : Evaluate [\_SB_.PCI0.EHC2.RHUB._SUN]: AE_NOT_FOUND
[    0.150592]     scan-1711 [405504000] [02] add_single_object     : Added device:1e [\_SB_.PCI0.EHC2.RHUB] parent device:1d
[    0.150604]     scan-0964 [405504000] [02] bus_get_device        : No context for object [ffff8804182821e0]
[    0.150614]     scan-0964 [405504000] [02] bus_get_device        : No context for object [ffff880418282208]
[    0.150626]    utils-0052 [405504000] [02] util_eval_error       : Evaluate [\_SB_.PCI0.EHC2.RHUB.PRT2._STA]: AE_NOT_FOUND
[    0.150691] device: 'device:1f': device_add
[    0.150697] bus: 'acpi': add device device:1f
[    0.150714]    utils-0052 [405504000] [02] util_eval_error       : Evaluate [\_SB_.PCI0.EHC2.RHUB.PRT2._SUN]: AE_NOT_FOUND
[    0.150730]     scan-1711 [405504000] [02] add_single_object     : Added device:1f [\_SB_.PCI0.EHC2.RHUB.PRT2] parent device:1e
[    0.150742]     scan-0964 [405504000] [02] bus_get_device        : No context for object [ffff880418282230]
[    0.150753]     scan-0964 [405504000] [02] bus_get_device        : No context for object [ffff880418282258]
[    0.150763]     scan-0964 [405504000] [02] bus_get_device        : No context for object [ffff880418282280]
[    0.150774]     scan-0964 [405504000] [02] bus_get_device        : No context for object [ffff8804182464d8]
[    0.150786]    utils-0052 [405504000] [02] util_eval_error       : Evaluate [\_SB_.PCI0.OHC3._STA]: AE_NOT_FOUND
[    0.150908] device: 'device:20': device_add
[    0.150914] bus: 'acpi': add device device:20
[    0.150929]    utils-0052 [405504000] [02] util_eval_error       : Evaluate [\_SB_.PCI0.OHC3._SUN]: AE_NOT_FOUND
