[    0.000000] Initializing cgroup subsys cpuset
[    0.000000] Initializing cgroup subsys cpu
[    0.000000] Initializing cgroup subsys cpuacct
[    0.000000] Linux version 3.12.23-1-MANJARO (emacs@manji) (gcc version 4.9.0 20140604 (prerelease) (GCC) ) #6 SMP PREEMPT Sun Jul 13 21:47:53 CEST 2014
[    0.000000] Command line: BOOT_IMAGE=/vmlinuz-312-x86_64 root=UUID=bfa4ab6e-19a3-4601-ba2b-267c55841c73 rw cryptdevice=/dev/disk/by-uuid/70c08890-417a-497d-b6ab-c0d0357a63e2:cryptManjaro:allow-discards ipv6.disable=1 pnp.debug=1 loglevel=9 log_buf_len=10M printk.always_kmsg_dump=y printk.time=y mminit_loglevel=0 memory_corruption_check=1 fbcon=scrollback:4096k fbcon=font:ProFont6x11 acpi.debug_layer=0xfbff0000 acpi.debug_level=0xFFFFFFFD pnp.debug=1 radeon.dpm=1 radeonfb radeon.audio=0
[    0.000000] e820: BIOS-provided physical RAM map:
[    0.000000] BIOS-e820: [mem 0x0000000000000000-0x000000000009d7ff] usable
[    0.000000] BIOS-e820: [mem 0x000000000009d800-0x000000000009ffff] reserved
[    0.000000] BIOS-e820: [mem 0x00000000000e0000-0x00000000000fffff] reserved
[    0.000000] BIOS-e820: [mem 0x0000000000100000-0x00000000aed9afff] usable
[    0.000000] BIOS-e820: [mem 0x00000000aed9b000-0x00000000af39afff] reserved
[    0.000000] BIOS-e820: [mem 0x00000000af39b000-0x00000000af49afff] ACPI NVS
[    0.000000] BIOS-e820: [mem 0x00000000af49b000-0x00000000af51afff] ACPI data
[    0.000000] BIOS-e820: [mem 0x00000000af51b000-0x00000000afdfffff] usable
[    0.000000] BIOS-e820: [mem 0x00000000afe00000-0x00000000afffffff] reserved
[    0.000000] BIOS-e820: [mem 0x00000000fec00000-0x00000000fecfffff] reserved
[    0.000000] BIOS-e820: [mem 0x00000000fed80000-0x00000000fed80fff] reserved
[    0.000000] BIOS-e820: [mem 0x00000000ffe00000-0x00000000ffffffff] reserved
[    0.000000] BIOS-e820: [mem 0x0000000100000000-0x000000042effffff] usable
[    0.000000] NX (Execute Disable) protection: active
[    0.000000] SMBIOS 2.6 present.
[    0.000000] DMI: LENOVO Sabine/Torpedo, BIOS 54CN18WW 07/20/2011
[    0.000000] e820: update [mem 0x00000000-0x00000fff] usable ==> reserved
[    0.000000] e820: remove [mem 0x000a0000-0x000fffff] usable
[    0.000000] No AGP bridge found
[    0.000000] e820: last_pfn = 0x42f000 max_arch_pfn = 0x400000000
[    0.000000] MTRR default type: uncachable
[    0.000000] MTRR fixed ranges enabled:
[    0.000000]   00000-9FFFF write-back
[    0.000000]   A0000-BFFFF uncachable
[    0.000000]   C0000-FFFFF write-protect
[    0.000000] MTRR variable ranges enabled:
[    0.000000]   0 base 0000000000 mask FF80000000 write-back
[    0.000000]   1 base 0080000000 mask FFE0000000 write-back
[    0.000000]   2 base 00A0000000 mask FFF0000000 write-back
[    0.000000]   3 base 00FFF90000 mask FFFFFF0000 uncachable
[    0.000000]   4 base 00FED80000 mask 0FFFFFF000 uncachable
[    0.000000]   5 disabled
[    0.000000]   6 disabled
[    0.000000]   7 base 00FFE00000 mask FFFFE00000 write-protect
[    0.000000] TOM2: 000000042f000000 aka 17136M
[    0.000000] x86 PAT enabled: cpu 0, old 0x7040600070406, new 0x7010600070106
[    0.000000] mtrr: your BIOS has configured an incorrect mask, fixing it.
[    0.000000] e820: last_pfn = 0xafe00 max_arch_pfn = 0x400000000
[    0.000000] found SMP MP-table at [mem 0x000fa8b0-0x000fa8bf] mapped at [ffff8800000fa8b0]
[    0.000000] Scanning 1 areas for low memory corruption
[    0.000000] Base memory trampoline at [ffff880000097000] 97000 size 24576
[    0.000000] Using GB pages for direct mapping
[    0.000000] init_memory_mapping: [mem 0x00000000-0x000fffff]
[    0.000000]  [mem 0x00000000-0x000fffff] page 4k
[    0.000000] BRK [0x0204c000, 0x0204cfff] PGTABLE
[    0.000000] BRK [0x0204d000, 0x0204dfff] PGTABLE
[    0.000000] BRK [0x0204e000, 0x0204efff] PGTABLE
[    0.000000] init_memory_mapping: [mem 0x42ee00000-0x42effffff]
[    0.000000]  [mem 0x42ee00000-0x42effffff] page 2M
[    0.000000] BRK [0x0204f000, 0x0204ffff] PGTABLE
[    0.000000] init_memory_mapping: [mem 0x42c000000-0x42edfffff]
[    0.000000]  [mem 0x42c000000-0x42edfffff] page 2M
[    0.000000] init_memory_mapping: [mem 0x400000000-0x42bffffff]
[    0.000000]  [mem 0x400000000-0x42bffffff] page 2M
[    0.000000] init_memory_mapping: [mem 0x00100000-0xaed9afff]
[    0.000000]  [mem 0x00100000-0x001fffff] page 4k
[    0.000000]  [mem 0x00200000-0x3fffffff] page 2M
[    0.000000]  [mem 0x40000000-0x7fffffff] page 1G
[    0.000000]  [mem 0x80000000-0xaebfffff] page 2M
[    0.000000]  [mem 0xaec00000-0xaed9afff] page 4k
[    0.000000] init_memory_mapping: [mem 0xaf51b000-0xafdfffff]
[    0.000000]  [mem 0xaf51b000-0xaf5fffff] page 4k
[    0.000000]  [mem 0xaf600000-0xafdfffff] page 2M
[    0.000000] BRK [0x02050000, 0x02050fff] PGTABLE
[    0.000000] init_memory_mapping: [mem 0x100000000-0x3ffffffff]
[    0.000000]  [mem 0x100000000-0x3ffffffff] page 1G
[    0.000000] log_buf_len: 16777216
[    0.000000] early log buf free: 2092212(99%)
[    0.000000] RAMDISK: [mem 0x37880000-0x37c37fff]
[    0.000000] ACPI: RSDP 00000000000f0110 00024 (v02 LENOVO)
[    0.000000] ACPI: XSDT 00000000af51a120 00074 (v01 LENOVO CB-01    00000001 LENO 00000001)
[    0.000000] ACPI: FACP 00000000af508000 000F4 (v04 LENOVO CB-01    00000001 PTL  00000001)
[    0.000000] ACPI: DSDT 00000000af50a000 0FD10 (v01 LENOVO CB-01    00001000 LENO 00000001)
[    0.000000] ACPI: FACS 00000000af478000 00040
[    0.000000] ACPI: HPET 00000000af507000 00038 (v01 LENOVO CB-01    00000001 PTL  00000001)
[    0.000000] ACPI: APIC 00000000af506000 0007A (v02 LENOVO CB-01    00000001 PTL  00000001)
[    0.000000] ACPI: MCFG 00000000af505000 0003C (v01 LENOVO CB-01    00000001 PTL  00000001)
[    0.000000] ACPI: SLIC 00000000af504000 00176 (v01 LENOVO CB-01    00000001 LENO 00000001)
[    0.000000] ACPI: UEFI 00000000af503000 0003E (v01 LENOVO CB-01    00000001 PTL  00000001)
[    0.000000] ACPI: UEFI 00000000af502000 00042 (v01 PTL      COMBUF 00000001 PTL  00000001)
[    0.000000] ACPI: SSDT 00000000af501000 00E34 (v01 AMD    POWERNOW 00000001 AMD  00000001)
[    0.000000] ACPI: SSDT 00000000af4ff000 0193D (v02    AMD     ALIB 00000001 MSFT 04000000)
[    0.000000] ACPI: UEFI 00000000af4fe000 0021A (v01 LENOVO CB-01    00000001 PTL  00000001)
[    0.000000] ACPI: Local APIC address 0xfee00000
[    0.000000] No NUMA configuration found
[    0.000000] Faking a node at [mem 0x0000000000000000-0x000000042effffff]
[    0.000000] Initmem setup node 0 [mem 0x00000000-0x42effffff]
[    0.000000]   NODE_DATA [mem 0x42dffa000-0x42dffdfff]
[    0.000000]  [ffffea0000000000-ffffea0010bfffff] PMD -> [ffff88041de00000-ffff88042d5fffff] on node 0
[    0.000000] Zone ranges:
[    0.000000]   DMA      [mem 0x00001000-0x00ffffff]
[    0.000000]   DMA32    [mem 0x01000000-0xffffffff]
[    0.000000]   Normal   [mem 0x100000000-0x42effffff]
[    0.000000] Movable zone start for each node
[    0.000000] Early memory node ranges
[    0.000000]   node   0: [mem 0x00001000-0x0009cfff]
[    0.000000]   node   0: [mem 0x00100000-0xaed9afff]
[    0.000000]   node   0: [mem 0xaf51b000-0xafdfffff]
[    0.000000]   node   0: [mem 0x100000000-0x42effffff]
[    0.000000] On node 0 totalpages: 4056604
[    0.000000]   DMA zone: 64 pages used for memmap
[    0.000000]   DMA zone: 21 pages reserved
[    0.000000]   DMA zone: 3996 pages, LIFO batch:0
[    0.000000]   DMA32 zone: 11162 pages used for memmap
[    0.000000]   DMA32 zone: 714368 pages, LIFO batch:31
[    0.000000]   Normal zone: 52160 pages used for memmap
[    0.000000]   Normal zone: 3338240 pages, LIFO batch:31
[    0.000000] ACPI: PM-Timer IO Port: 0x808
[    0.000000] ACPI: Local APIC address 0xfee00000
[    0.000000] ACPI: LAPIC (acpi_id[0x00] lapic_id[0x00] enabled)
[    0.000000] ACPI: LAPIC (acpi_id[0x01] lapic_id[0x01] enabled)
[    0.000000] ACPI: LAPIC (acpi_id[0x02] lapic_id[0x02] enabled)
[    0.000000] ACPI: LAPIC (acpi_id[0x03] lapic_id[0x03] enabled)
[    0.000000] ACPI: LAPIC_NMI (acpi_id[0x00] high edge lint[0x1])
[    0.000000] ACPI: LAPIC_NMI (acpi_id[0x01] high edge lint[0x1])
[    0.000000] ACPI: LAPIC_NMI (acpi_id[0x02] high edge lint[0x1])
[    0.000000] ACPI: LAPIC_NMI (acpi_id[0x03] high edge lint[0x1])
[    0.000000] ACPI: IOAPIC (id[0x02] address[0xfec00000] gsi_base[0])
[    0.000000] IOAPIC[0]: apic_id 2, version 33, address 0xfec00000, GSI 0-23
[    0.000000] ACPI: INT_SRC_OVR (bus 0 bus_irq 0 global_irq 2 dfl dfl)
[    0.000000] ACPI: IRQ0 used by override.
[    0.000000] ACPI: IRQ2 used by override.
[    0.000000] ACPI: IRQ9 used by override.
[    0.000000] Using ACPI (MADT) for SMP configuration information
[    0.000000] ACPI: HPET id: 0x43538210 base: 0xfed00000
[    0.000000] smpboot: Allowing 4 CPUs, 0 hotplug CPUs
[    0.000000] nr_irqs_gsi: 40
[    0.000000] e820: [mem 0xb0000000-0xfebfffff] available for PCI devices
[    0.000000] setup_percpu: NR_CPUS:128 nr_cpumask_bits:128 nr_cpu_ids:4 nr_node_ids:1
[    0.000000] PERCPU: Embedded 27 pages/cpu @ffff88042dc00000 s80896 r8192 d21504 u524288
[    0.000000] pcpu-alloc: s80896 r8192 d21504 u524288 alloc=1*2097152
[    0.000000] pcpu-alloc: [0] 0 1 2 3 
[    0.000000] Built 1 zonelists in Zone order, mobility grouping on.  Total pages: 3993197
[    0.000000] Policy zone: Normal
[    0.000000] Kernel command line: BOOT_IMAGE=/vmlinuz-312-x86_64 root=UUID=bfa4ab6e-19a3-4601-ba2b-267c55841c73 rw cryptdevice=/dev/disk/by-uuid/70c08890-417a-497d-b6ab-c0d0357a63e2:cryptManjaro:allow-discards ipv6.disable=1 pnp.debug=1 loglevel=9 log_buf_len=10M printk.always_kmsg_dump=y printk.time=y mminit_loglevel=0 memory_corruption_check=1 fbcon=scrollback:4096k fbcon=font:ProFont6x11 acpi.debug_layer=0xfbff0000 acpi.debug_level=0xFFFFFFFD pnp.debug=1 radeon.dpm=1 radeonfb radeon.audio=0
[    0.000000] PID hash table entries: 4096 (order: 3, 32768 bytes)
[    0.000000] Checking aperture...
[    0.000000] No AGP bridge found
[    0.000000] Memory: 15868808K/16226416K available (6372K kernel code, 760K rwdata, 2816K rodata, 880K init, 2728K bss, 357608K reserved)
[    0.000000] SLUB: HWalign=64, Order=0-3, MinObjects=0, CPUs=4, Nodes=1
[    0.000000] Preemptible hierarchical RCU implementation.
[    0.000000] 	RCU dyntick-idle grace-period acceleration is enabled.
[    0.000000] 	Additional per-CPU info printed with stalls.
[    0.000000] 	RCU restricting CPUs from NR_CPUS=128 to nr_cpu_ids=4.
[    0.000000] NR_IRQS:8448 nr_irqs:712 16
[    0.000000] spurious 8259A interrupt: IRQ7.
[    0.000000] Console: colour dummy device 80x25
[    0.000000] console [tty0] enabled
[    0.000000] allocated 65011712 bytes of page_cgroup
[    0.000000] please try 'cgroup_disable=memory' option if you don't want memory cgroups
[    0.000000] hpet clockevent registered
[    0.000000] tsc: Fast TSC calibration using PIT
[    0.001000] tsc: Detected 1397.595 MHz processor
[    0.000003] Calibrating delay loop (skipped), value calculated using timer frequency.. 2795.19 BogoMIPS (lpj=1397595)
[    0.000010] pid_max: default: 32768 minimum: 301
[    0.000036] Security Framework initialized
[    0.001035] Dentry cache hash table entries: 2097152 (order: 12, 16777216 bytes)
[    0.005675] Inode-cache hash table entries: 1048576 (order: 11, 8388608 bytes)
[    0.007816] Mount-cache hash table entries: 256
[    0.008028] Initializing cgroup subsys memory
[    0.008042] Initializing cgroup subsys devices
[    0.008045] Initializing cgroup subsys freezer
[    0.008049] Initializing cgroup subsys blkio
[    0.008072] tseg: 00afe00000
[    0.008075] CPU: Physical Processor ID: 0
[    0.008078] CPU: Processor Core ID: 0
[    0.008080] mce: CPU supports 6 MCE banks
[    0.008092] Last level iTLB entries: 4KB 512, 2MB 16, 4MB 8
Last level dTLB entries: 4KB 1024, 2MB 128, 4MB 64
tlb_flushall_shift: 5
[    0.008225] Freeing SMP alternatives memory: 20K (ffffffff81d9c000 - ffffffff81da1000)
[    0.008230] ACPI: Core revision 20130725
[    0.015973] ACPI: All ACPI Tables successfully acquired
[    0.018205] ..TIMER: vector=0x30 apic1=0 pin1=2 apic2=-1 pin2=-1
[    0.028214] smpboot: CPU0: AMD A6-3400M APU with Radeon(tm) HD Graphics (fam: 12, model: 01, stepping: 00)
[    0.129970] Performance Events: AMD PMU driver.
[    0.129978] ... version:                0
[    0.129982] ... bit width:              48
[    0.129986] ... generic registers:      4
[    0.129989] ... value mask:             0000ffffffffffff
[    0.129993] ... max period:             00007fffffffffff
[    0.129997] ... fixed-purpose events:   0
[    0.130001] ... event mask:             000000000000000f
[    0.136134] MCE: In-kernel MCE decoding enabled.
[    0.138060] NMI watchdog: enabled on all CPUs, permanently consumes one hw-PMU counter.
[    0.140083] smpboot: Booting Node   0, Processors  #   1
[    0.153307] TSC synchronization [CPU#0 -> CPU#1]:
[    0.153313] Measured 404941000 cycles TSC warp between CPUs, turning off TSC clock.
[    0.002000] tsc: Marking TSC unstable due to check_tsc_sync_source failed
[    0.053112]  #   2 #   3 OK
[    0.077326] Brought up 4 CPUs
[    0.077332] smpboot: Total of 4 processors activated (11180.76 BogoMIPS)
[    0.079003] devtmpfs: initialized
[    0.079039] device: 'platform': device_add
[    0.079064] bus: 'platform': registered
[    0.079075] bus: 'cpu': registered
[    0.079080] device: 'cpu': device_add
[    0.079360] bus: 'workqueue': registered
[    0.079360] device: 'workqueue': device_add
[    0.079372] atomic64 test passed for x86-64 platform with CX8 and with SSE
[    0.079378] device class 'regulator': registering
[    0.079418] Registering platform device 'reg-dummy'. Parent at platform
[    0.079424] device: 'reg-dummy': device_add
[    0.079429] bus: 'platform': add device reg-dummy
[    0.079446] bus: 'platform': add driver reg-dummy
[    0.079454] bus: 'platform': driver_probe_device: matched device reg-dummy with driver reg-dummy
[    0.079462] bus: 'platform': really_probe: probing driver reg-dummy with device reg-dummy
[    0.079474] device: 'regulator.0': device_add
[    0.079493] regulator-dummy: no parameters
[    0.079507] driver: 'reg-dummy': driver_bound: bound to device 'reg-dummy'
[    0.079512] bus: 'platform': really_probe: bound device reg-dummy to driver reg-dummy
[    0.080043] NET: Registered protocol family 16
[    0.080190] device class 'bdi': registering
[    0.080202] bus: 'platform': add driver ramoops
[    0.080214] device class 'pci_bus': registering
[    0.080231] bus: 'pci': registered
[    0.080234] device class 'backlight': registering
[    0.080242] device class 'video_output': registering
[    0.080250] device class 'tty': registering
[    0.080257] device class 'vtconsole': registering
[    0.080268] device: 'vtcon0': device_add
[    0.080293] bus: 'node': registered
[    0.080298] device: 'node': device_add
[    0.080318] bus: 'i2c': registered
[    0.080324] bus: 'i2c': add driver dummy
[    0.080333] i2c-core: driver [dummy] registered
[    0.080338] cpuidle: using governor ladder
[    0.080343] cpuidle: using governor menu
[    0.080638] ACPI FADT declares the system doesn't support PCIe ASPM, so disable it
[    0.080644] ACPI: bus type PCI registered
[    0.080649] acpiphp: ACPI Hot Plug PCI Controller Driver version: 0.5
[    0.080655] device class 'dmi': registering
[    0.080664] device: 'id': device_add
[    0.080773] PCI: MMCONFIG for domain 0000 [bus 00-3f] at [mem 0xf8000000-0xfbffffff] (base 0xf8000000)
[    0.080781] PCI: not using MMCONFIG
[    0.080785] PCI: Using configuration type 1 for base access
[    0.080789] PCI: Using configuration type 1 for extended access
[    0.080931] device: 'node0': device_add
[    0.080937] bus: 'node': add device node0
[    0.080959] device: 'cpu0': device_add
[    0.080965] bus: 'cpu': add device cpu0
[    0.081010] device: 'cpu1': device_add
[    0.081016] bus: 'cpu': add device cpu1
[    0.081052] device: 'cpu2': device_add
[    0.081057] bus: 'cpu': add device cpu2
[    0.081092] device: 'cpu3': device_add
[    0.081097] bus: 'cpu': add device cpu3
[    0.081129] mtrr: your CPUs had inconsistent variable MTRR settings
[    0.081134] mtrr: probably your BIOS does not setup all CPUs.
[    0.081138] mtrr: corrected configuration.
[    0.082766] device: 'writeback': device_add
[    0.082766] bus: 'workqueue': add device writeback
[    0.082766] device: 'default': device_add
[    0.082766] bio: create slab <bio-0> at 0
[    0.083038] device class 'block': registering
[    0.083039] device class 'graphics': registering
[    0.083079] ACPI: Added _OSI(Module Device)
[    0.083084] ACPI: Added _OSI(Processor Device)
[    0.083088] ACPI: Added _OSI(3.0 _SCP Extensions)
[    0.083093] ACPI: Added _OSI(Processor Aggregator Device)
[    0.085664] ACPI: EC: Look up EC in DSDT
[    0.085950] 
**** Context Switch from TID 4294967295 to TID 405504000 ****

[    0.085961]    utils-0288 [405504000] [02] evaluate_integer      : Return value [3]
[    0.085976]    utils-0052 [405504000] [02] util_eval_error       : Evaluate [\_SB_.PCI0.LPC0.EC0_._GLK]: AE_NOT_FOUND
[    0.086342] Executing  Method       \_SB_.PCI0.LPC0.EC0_._REG
[    0.086931] Executing  Method       \_SB_.PCI0.LPC0.EC0_._REG
[    0.086958] Executing  Method       \_SB_.PCI0.LPC0.EC0_._REG
[    0.087035] Executing  Method       \_SB_.PCI0.LPC0.EC0_._REG
[    0.090088] Initializing Region       \_SB_.OSTY
[    0.090123] Initializing Region       \_SB_.PCI0.NBMS
[    0.090145] Initializing Region       \_SB_.PCI0.NBXP
[    0.090170] Initializing Region       \_SB_.PCI0.K8ST
[    0.090232] Initializing Region       \_SB_.PCI0.BAR1
[    0.090270] Initializing Region       \_SB_.PCI0.PB2_.XPEX
[    0.090293] Initializing Region       \_SB_.PCI0.PB2_.PCFG
[    0.090316] Initializing Region       \_SB_.PCI0.PB2_.XPCB
[    0.090339] Initializing Region       \_SB_.PCI0.PB2_.XPRI
[    0.090365] Initializing Region       \_SB_.PCI0.PB2_.VGA_.PCFG
[    0.090449] Initializing Region       \_SB_.PCI0.PB2_.HDAU.PCFG
[    0.090487] Initializing Region       \_SB_.PCI0.PB3_.XPEX
[    0.090508] Initializing Region       \_SB_.PCI0.PB3_.PCFG
[    0.090530] Initializing Region       \_SB_.PCI0.PB3_.XPCB
[    0.090553] Initializing Region       \_SB_.PCI0.PB3_.XPRI
[    0.090579] Initializing Region       \_SB_.PCI0.PB3_.VGA_.PCFG
[    0.090676] Initializing Region       \_SB_.PCI0.PB3_.HDAU.PCFG
[    0.090712] Initializing Region       \_SB_.PCI0.PB4_.XPEX
[    0.090733] Initializing Region       \_SB_.PCI0.PB4_.PCFG
[    0.090756] Initializing Region       \_SB_.PCI0.PB4_.XPCB
[    0.090779] Initializing Region       \_SB_.PCI0.PB4_.XPRI
[    0.090805] Initializing Region       \_SB_.PCI0.PB4_.XPDV.PCFG
[    0.090842] Initializing Region       \_SB_.PCI0.PB5_.XPEX
[    0.090863] Initializing Region       \_SB_.PCI0.PB5_.PCFG
[    0.090885] Initializing Region       \_SB_.PCI0.PB5_.XPCB
[    0.090908] Initializing Region       \_SB_.PCI0.PB5_.XPRI
[    0.090933] Initializing Region       \_SB_.PCI0.PB5_.XPDV.PCFG
[    0.090970] Initializing Region       \_SB_.PCI0.PB6_.XPEX
[    0.090991] Initializing Region       \_SB_.PCI0.PB6_.PCFG
[    0.091017] Initializing Region       \_SB_.PCI0.PB6_.XPCB
[    0.091040] Initializing Region       \_SB_.PCI0.PB6_.XPRI
[    0.091065] Initializing Region       \_SB_.PCI0.PB6_.XPDV.PCFG
[    0.091102] Initializing Region       \_SB_.PCI0.PB7_.XPEX
[    0.091122] Initializing Region       \_SB_.PCI0.PB7_.PCFG
[    0.091144] Initializing Region       \_SB_.PCI0.PB7_.XPCB
[    0.091167] Initializing Region       \_SB_.PCI0.PB7_.XPRI
[    0.091192] Initializing Region       \_SB_.PCI0.PB7_.XPDV.PCFG
[    0.091496] Initializing Region       \_SB_.PCI0.SATC
[    0.091517] Initializing Region       \_SB_.PCI0.RMEM
[    0.091614] Initializing Region       \_SB_.PCI0.SATA.SATX
[    0.091639] Initializing Region       \_SB_.PCI0.SATA.BAR5
[    0.095269] Initializing Region       \_SB_.PCI0.SMB_.SBRV
[    0.095305] Initializing Region       \_SB_.PCI0.SMB_.PMIO
[    0.095329] Initializing Region       \_SB_.PCI0.SMB_.ERMM
[    0.095329] Initializing Region       \_SB_.PCI0.SMB_.P1E0
[    0.095329] Initializing Region       \_SB_.PCI0.SMB_.ABIO
[    0.095329] Initializing Region       \_SB_.PCI0.SMB_.SMB0
[    0.095329] Initializing Region       \_SB_.PCI0.LPC0.PIRQ
[    0.095336] Initializing Region       \_SB_.PCI0.LPC0.LPCR
[    0.095437] Initializing Region       \_SB_.PCI0.LPC0.LPCS
[    0.095472] Initializing Region       \_SB_.PCI0.LPC0.SMI0
[    0.095493] Initializing Region       \_SB_.PCI0.LPC0.SMI1
[    0.095522] Initializing Region       \_SB_.PCI0.LPC0.EC0_.ECO1
[    0.095543] Initializing Region       \_SB_.PCI0.LPC0.EC0_.ECO2
[    0.095563] Initializing Region       \_SB_.PCI0.LPC0.EC0_.ECMB
[    0.095583] Initializing Region       \_SB_.PCI0.LPC0.EC0_.RAM_
[    0.095714] Initializing Region       \_SB_.PCI0.LPC0.EC0_.CMOS
[    0.095759] Initializing Region       \_SB_.PCI0.LPC0.EC0_.VPC0.ERAM
[    0.095835] Initializing Region       \_SB_.PCI0.SPB0.PCFG
[    0.095857] Initializing Region       \_SB_.PCI0.SPB0.XPCB
[    0.095882] Initializing Region       \_SB_.PCI0.SPB0.XPDV.PCFG
[    0.095916] Initializing Region       \_SB_.PCI0.SPB1.PCFG
[    0.095937] Initializing Region       \_SB_.PCI0.SPB1.XPCB
[    0.095962] Initializing Region       \_SB_.PCI0.SPB1.XPDV.PCFG
[    0.096006] Initializing Region       \_SB_.PCI0.SPB2.PCFG
[    0.096027] Initializing Region       \_SB_.PCI0.SPB2.XPCB
[    0.096052] Initializing Region       \_SB_.PCI0.SPB2.XPDV.PCFG
[    0.096085] Initializing Region       \_SB_.PCI0.SPB3.PCFG
[    0.096107] Initializing Region       \_SB_.PCI0.SPB3.XPCB
[    0.096132] Initializing Region       \_SB_.PCI0.SPB3.XPDV.PCFG
[    0.096324] Initializing Region       \_SB_.PCI0.VGA_.REVD
[    0.096574] Initializing BufferField  \_SB_.AMW0.WLID
[    0.097046] Initializing Region       \DEB2
[    0.097067] Initializing Region       \PMIO
[    0.097088] Initializing Region       \P01_
[    0.097136] Initializing Region       \CNVS
[    0.097168] Initializing Region       \SPRT
[    0.097204] Initializing Region       \CMIO
[    0.097368] Executing  Method       \_SB_._STA
[    0.097378] Executing  Method       \_SB_._INI
[    0.097387] Executing  Method       \_SB_.PCI0._STA
[    0.097395] Executing  Method       \_SB_.PCI0._INI
[    0.097665] [Firmware Bug]: ACPI: BIOS _OSI(Linux) query ignored
[    0.098125] Executing  Method       \_SB_.PCI0.SATA._STA
[    0.098136] Executing  Method       \_SB_.PCI0.SATA._INI
[    0.099091] Executing  Method       \_SB_.PCI0.LPC0.EC0_._REG
[    0.128114] ACPI: Interpreter enabled
[    0.128139] ACPI: (supports S0 S5)
[    0.128145] ACPI: Using IOAPIC for interrupt routing
[    0.129027] PCI: MMCONFIG for domain 0000 [bus 00-3f] at [mem 0xf8000000-0xfbffffff] (base 0xf8000000)
[    0.129748] PCI: MMCONFIG at [mem 0xf8000000-0xfbffffff] reserved in ACPI motherboard resources
[    0.134482] bus: 'acpi': registered
[    0.134491] PCI: Using host bridge windows from ACPI; if necessary, use "pci=nocrs" and report a bug
[    0.134508]     scan-0964 [405504000] [4294967294] bus_get_device        : No context for object [ffffffffffffffff]
[    0.134526]    utils-0052 [405504000] [4294967294] util_eval_error       : Evaluate [\._STA]: AE_NOT_FOUND
[    0.134555] device: 'LNXSYSTM:00': device_add
[    0.134564] bus: 'acpi': add device LNXSYSTM:00
[    0.134586]    utils-0052 [405504000] [4294967294] util_eval_error       : Evaluate [\._SUN]: AE_NOT_FOUND
[    0.134604]     scan-1711 [405504000] [4294967294] add_single_object     : Added LNXSYSTM:00 [\] parent (null)
[    0.134617]     scan-0964 [405504000] [00] bus_get_device        : No context for object [ffff88041823c000]
[    0.134627]     scan-0964 [405504000] [00] bus_get_device        : No context for object [ffff88041827e7d0]
[    0.134638]     scan-0964 [405504000] [00] bus_get_device        : No context for object [ffff88041827e7f8]
[    0.134648]     scan-0964 [405504000] [00] bus_get_device        : No context for object [ffff88041827e820]
[    0.134658]     scan-0964 [405504000] [00] bus_get_device        : No context for object [ffff88041827e848]
[    0.134668]     scan-0964 [405504000] [00] bus_get_device        : No context for object [ffff88041827e870]
[    0.134678]     scan-0964 [405504000] [00] bus_get_device        : No context for object [ffff88041827e898]
[    0.134688]     scan-0964 [405504000] [00] bus_get_device        : No context for object [ffff88041827e8c0]
[    0.134698]     scan-0964 [405504000] [00] bus_get_device        : No context for object [ffff88041827e8e8]
[    0.134707]     scan-0964 [405504000] [00] bus_get_device        : No context for object [ffff880418280398]
[    0.134718]     scan-0964 [405504000] [00] bus_get_device        : No context for object [ffff88041823c028]
[    0.134727]     scan-0964 [405504000] [00] bus_get_device        : No context for object [ffff88041823c168]
[    0.134739]    utils-0052 [405504000] [00] util_eval_error       : Evaluate [\_PR_.C000._STA]: AE_NOT_FOUND
[    0.134751]     scan-0964 [405504000] [00] bus_get_device        : No context for object [ffff88041823c028]
[    0.134770] device: 'LNXCPU:00': device_add
[    0.134777] bus: 'acpi': add device LNXCPU:00
[    0.134791]    utils-0052 [405504000] [00] util_eval_error       : Evaluate [\_PR_.C000._SUN]: AE_NOT_FOUND
[    0.134806]     scan-1711 [405504000] [00] add_single_object     : Added LNXCPU:00 [\_PR_.C000] parent LNXSYSTM:00
[    0.134818]     scan-0964 [405504000] [00] bus_get_device        : No context for object [ffff880418283398]
[    0.134828]     scan-0964 [405504000] [00] bus_get_device        : No context for object [ffff8804182833c0]
[    0.134839]     scan-0964 [405504000] [00] bus_get_device        : No context for object [ffff8804182833e8]
[    0.134849]     scan-0964 [405504000] [00] bus_get_device        : No context for object [ffff880418283410]
[    0.134859]     scan-0964 [405504000] [00] bus_get_device        : No context for object [ffff880418283438]
[    0.134869]     scan-0964 [405504000] [00] bus_get_device        : No context for object [ffff880418283460]
[    0.134879]     scan-0964 [405504000] [00] bus_get_device        : No context for object [ffff88041823c190]
[    0.134890]    utils-0052 [405504000] [00] util_eval_error       : Evaluate [\_PR_.C001._STA]: AE_NOT_FOUND
[    0.134902]     scan-0964 [405504000] [00] bus_get_device        : No context for object [ffff88041823c028]
[    0.134921] device: 'LNXCPU:01': device_add
[    0.134929] bus: 'acpi': add device LNXCPU:01
[    0.134943]    utils-0052 [405504000] [00] util_eval_error       : Evaluate [\_PR_.C001._SUN]: AE_NOT_FOUND
[    0.134958]     scan-1711 [405504000] [00] add_single_object     : Added LNXCPU:01 [\_PR_.C001] parent LNXSYSTM:00
[    0.134969]     scan-0964 [405504000] [00] bus_get_device        : No context for object [ffff880418283488]
[    0.134979]     scan-0964 [405504000] [00] bus_get_device        : No context for object [ffff8804182834b0]
[    0.134989]     scan-0964 [405504000] [00] bus_get_device        : No context for object [ffff8804182834d8]
[    0.135003]     scan-0964 [405504000] [00] bus_get_device        : No context for object [ffff880418283500]
[    0.135013]     scan-0964 [405504000] [00] bus_get_device        : No context for object [ffff880418283528]
[    0.135023]     scan-0964 [405504000] [00] bus_get_device        : No context for object [ffff880418283550]
[    0.135034]     scan-0964 [405504000] [00] bus_get_device        : No context for object [ffff88041823c1b8]
[    0.135045]    utils-0052 [405504000] [00] util_eval_error       : Evaluate [\_PR_.C002._STA]: AE_NOT_FOUND
[    0.135057]     scan-0964 [405504000] [00] bus_get_device        : No context for object [ffff88041823c028]
[    0.135076] device: 'LNXCPU:02': device_add
[    0.135082] bus: 'acpi': add device LNXCPU:02
[    0.135095]    utils-0052 [405504000] [00] util_eval_error       : Evaluate [\_PR_.C002._SUN]: AE_NOT_FOUND
[    0.135110]     scan-1711 [405504000] [00] add_single_object     : Added LNXCPU:02 [\_PR_.C002] parent LNXSYSTM:00
[    0.135121]     scan-0964 [405504000] [00] bus_get_device        : No context for object [ffff880418283578]
[    0.135131]     scan-0964 [405504000] [00] bus_get_device        : No context for object [ffff8804182835a0]
[    0.135141]     scan-0964 [405504000] [00] bus_get_device        : No context for object [ffff8804182835c8]
[    0.135151]     scan-0964 [405504000] [00] bus_get_device        : No context for object [ffff8804182835f0]
[    0.135162]     scan-0964 [405504000] [00] bus_get_device        : No context for object [ffff880418283618]
[    0.135172]     scan-0964 [405504000] [00] bus_get_device        : No context for object [ffff880418283640]
[    0.135182]     scan-0964 [405504000] [00] bus_get_device        : No context for object [ffff88041823c1e0]
[    0.135193]    utils-0052 [405504000] [00] util_eval_error       : Evaluate [\_PR_.C003._STA]: AE_NOT_FOUND
[    0.135205]     scan-0964 [405504000] [00] bus_get_device        : No context for object [ffff88041823c028]
[    0.135223] device: 'LNXCPU:03': device_add
[    0.135229] bus: 'acpi': add device LNXCPU:03
[    0.135244]    utils-0052 [405504000] [00] util_eval_error       : Evaluate [\_PR_.C003._SUN]: AE_NOT_FOUND
[    0.135259]     scan-1711 [405504000] [00] add_single_object     : Added LNXCPU:03 [\_PR_.C003] parent LNXSYSTM:00
[    0.135270]     scan-0964 [405504000] [00] bus_get_device        : No context for object [ffff880418283668]
[    0.135280]     scan-0964 [405504000] [00] bus_get_device        : No context for object [ffff880418283690]
[    0.135290]     scan-0964 [405504000] [00] bus_get_device        : No context for object [ffff8804182836b8]
[    0.135301]     scan-0964 [405504000] [00] bus_get_device        : No context for object [ffff8804182836e0]
[    0.135311]     scan-0964 [405504000] [00] bus_get_device        : No context for object [ffff880418283708]
[    0.135321]     scan-0964 [405504000] [00] bus_get_device        : No context for object [ffff880418283730]
[    0.135331]     scan-0964 [405504000] [00] bus_get_device        : No context for object [ffff88041823c050]
[    0.135343]    utils-0052 [405504000] [00] util_eval_error       : Evaluate [\_SB_._STA]: AE_NOT_FOUND
[    0.135429] device: 'device:00': device_add
[    0.135435] bus: 'acpi': add device device:00
[    0.135449]    utils-0052 [405504000] [00] util_eval_error       : Evaluate [\_SB_._SUN]: AE_NOT_FOUND
[    0.135464]     scan-1711 [405504000] [00] add_single_object     : Added device:00 [\_SB_] parent LNXSYSTM:00
[    0.135475]     scan-0964 [405504000] [00] bus_get_device        : No context for object [ffff88041823c3c0]
[    0.135485]     scan-0964 [405504000] [00] bus_get_device        : No context for object [ffff88041823c3e8]
[    0.135495]     scan-0964 [405504000] [00] bus_get_device        : No context for object [ffff88041823c410]
[    0.135505]     scan-0964 [405504000] [00] bus_get_device        : No context for object [ffff88041823c438]
[    0.135515]     scan-0964 [405504000] [00] bus_get_device        : No context for object [ffff88041823c460]
[    0.135525]     scan-0964 [405504000] [00] bus_get_device        : No context for object [ffff88041823c488]
[    0.135536]     scan-0964 [405504000] [00] bus_get_device        : No context for object [ffff88041823c4b0]
[    0.135546]     scan-0964 [405504000] [00] bus_get_device        : No context for object [ffff88041823c5a0]
[    0.135557]    utils-0052 [405504000] [00] util_eval_error       : Evaluate [\_SB_.PWRB._STA]: AE_NOT_FOUND
[    0.135623] device: 'PNP0C0C:00': device_add
[    0.135629] bus: 'acpi': add device PNP0C0C:00
[    0.135643]    utils-0052 [405504000] [00] util_eval_error       : Evaluate [\_SB_.PWRB._SUN]: AE_NOT_FOUND
[    0.135658]     scan-1711 [405504000] [00] add_single_object     : Added PNP0C0C:00 [\_SB_.PWRB] parent device:00
[    0.135669]     scan-0964 [405504000] [00] bus_get_device        : No context for object [ffff88041823c5c8]
[    0.135680]     scan-0964 [405504000] [00] bus_get_device        : No context for object [ffff88041823c5f0]
[    0.135692]    utils-0052 [405504000] [00] util_eval_error       : Evaluate [\_SB_.PCI0._STA]: AE_NOT_FOUND
[    0.135792] device: 'PNP0A08:00': device_add
[    0.135798] bus: 'acpi': add device PNP0A08:00
[    0.135817]    utils-0052 [405504000] [00] util_eval_error       : Evaluate [\_SB_.PCI0._SUN]: AE_NOT_FOUND
[    0.135834]     scan-1711 [405504000] [00] add_single_object     : Added PNP0A08:00 [\_SB_.PCI0] parent device:00
[    0.135845]     scan-0964 [405504000] [00] bus_get_device        : No context for object [ffff88041823c618]
[    0.135856]     scan-0964 [405504000] [00] bus_get_device        : No context for object [ffff88041823c640]
[    0.135867]     scan-0964 [405504000] [00] bus_get_device        : No context for object [ffff88041823c668]
[    0.135877]     scan-0964 [405504000] [00] bus_get_device        : No context for object [ffff88041823c690]
[    0.135888]     scan-0964 [405504000] [00] bus_get_device        : No context for object [ffff88041823c6b8]
[    0.135899]     scan-0964 [405504000] [00] bus_get_device        : No context for object [ffff88041823c6e0]
[    0.135909]     scan-0964 [405504000] [00] bus_get_device        : No context for object [ffff88041823c708]
[    0.135920]     scan-0964 [405504000] [00] bus_get_device        : No context for object [ffff88041823c730]
[    0.135931]     scan-0964 [405504000] [00] bus_get_device        : No context for object [ffff88041823c758]
[    0.135941]     scan-0964 [405504000] [00] bus_get_device        : No context for object [ffff88041823c780]
[    0.135952]     scan-0964 [405504000] [00] bus_get_device        : No context for object [ffff88041823c7a8]
[    0.135963]     scan-0964 [405504000] [00] bus_get_device        : No context for object [ffff88041823c7d0]
[    0.135974]     scan-0964 [405504000] [00] bus_get_device        : No context for object [ffff88041823c7f8]
[    0.135984]     scan-0964 [405504000] [00] bus_get_device        : No context for object [ffff88041823c820]
[    0.135995]     scan-0964 [405504000] [00] bus_get_device        : No context for object [ffff88041823c848]
[    0.136009]     scan-0964 [405504000] [00] bus_get_device        : No context for object [ffff88041823c870]
[    0.136020]     scan-0964 [405504000] [00] bus_get_device        : No context for object [ffff88041823c898]
[    0.136031]     scan-0964 [405504000] [00] bus_get_device        : No context for object [ffff88041823c8c0]
[    0.136041]     scan-0964 [405504000] [00] bus_get_device        : No context for object [ffff88041823c8e8]
[    0.136052]     scan-0964 [405504000] [00] bus_get_device        : No context for object [ffff88041823c910]
[    0.136063]     scan-0964 [405504000] [00] bus_get_device        : No context for object [ffff88041823c938]
[    0.136073]     scan-0964 [405504000] [00] bus_get_device        : No context for object [ffff88041823c960]
[    0.136084]     scan-0964 [405504000] [00] bus_get_device        : No context for object [ffff88041823c988]
[    0.136095]     scan-0964 [405504000] [00] bus_get_device        : No context for object [ffff88041823c9b0]
[    0.136105]     scan-0964 [405504000] [00] bus_get_device        : No context for object [ffff88041823c9d8]
[    0.136116]     scan-0964 [405504000] [00] bus_get_device        : No context for object [ffff88041823ca00]
[    0.136127]     scan-0964 [405504000] [00] bus_get_device        : No context for object [ffff88041823ca28]
[    0.136137]     scan-0964 [405504000] [00] bus_get_device        : No context for object [ffff88041823ca50]
[    0.136148]     scan-0964 [405504000] [00] bus_get_device        : No context for object [ffff88041823ca78]
[    0.136159]     scan-0964 [405504000] [00] bus_get_device        : No context for object [ffff88041823caa0]
[    0.136169]     scan-0964 [405504000] [00] bus_get_device        : No context for object [ffff88041823cac8]
[    0.136180]     scan-0964 [405504000] [00] bus_get_device        : No context for object [ffff88041823caf0]
[    0.136191]     scan-0964 [405504000] [00] bus_get_device        : No context for object [ffff88041823cb18]
[    0.136202]     scan-0964 [405504000] [00] bus_get_device        : No context for object [ffff88041823cb40]
[    0.136212]     scan-0964 [405504000] [00] bus_get_device        : No context for object [ffff88041823cb68]
[    0.136223]     scan-0964 [405504000] [00] bus_get_device        : No context for object [ffff88041823cb90]
[    0.136234]     scan-0964 [405504000] [00] bus_get_device        : No context for object [ffff88041823cbb8]
[    0.136244]     scan-0964 [405504000] [00] bus_get_device        : No context for object [ffff88041823cbe0]
[    0.136255]     scan-0964 [405504000] [00] bus_get_device        : No context for object [ffff88041823cc08]
[    0.136266]     scan-0964 [405504000] [00] bus_get_device        : No context for object [ffff88041823cc30]
[    0.136276]     scan-0964 [405504000] [00] bus_get_device        : No context for object [ffff88041823cc58]
[    0.136287]     scan-0964 [405504000] [00] bus_get_device        : No context for object [ffff88041823cc80]
[    0.136298]     scan-0964 [405504000] [00] bus_get_device        : No context for object [ffff88041823cca8]
[    0.136308]     scan-0964 [405504000] [00] bus_get_device        : No context for object [ffff88041823ccd0]
[    0.136319]     scan-0964 [405504000] [00] bus_get_device        : No context for object [ffff88041823ccf8]
[    0.136330]     scan-0964 [405504000] [00] bus_get_device        : No context for object [ffff88041823cd20]
[    0.136340]     scan-0964 [405504000] [00] bus_get_device        : No context for object [ffff88041823cd48]
[    0.136351]     scan-0964 [405504000] [00] bus_get_device        : No context for object [ffff88041823cd70]
[    0.136362]     scan-0964 [405504000] [00] bus_get_device        : No context for object [ffff88041823cd98]
[    0.136372]     scan-0964 [405504000] [00] bus_get_device        : No context for object [ffff88041823cdc0]
[    0.136383]     scan-0964 [405504000] [00] bus_get_device        : No context for object [ffff88041823cde8]
[    0.136394]     scan-0964 [405504000] [00] bus_get_device        : No context for object [ffff88041823ce10]
[    0.136404]     scan-0964 [405504000] [00] bus_get_device        : No context for object [ffff88041823ce38]
[    0.136415]     scan-0964 [405504000] [00] bus_get_device        : No context for object [ffff88041823ce60]
[    0.136426]     scan-0964 [405504000] [00] bus_get_device        : No context for object [ffff88041823ce88]
[    0.136436]     scan-0964 [405504000] [00] bus_get_device        : No context for object [ffff88041823ceb0]
[    0.136447]     scan-0964 [405504000] [00] bus_get_device        : No context for object [ffff88041823ced8]
[    0.136458]     scan-0964 [405504000] [00] bus_get_device        : No context for object [ffff88041823cf00]
[    0.136468]     scan-0964 [405504000] [00] bus_get_device        : No context for object [ffff88041823cf28]
[    0.136479]     scan-0964 [405504000] [00] bus_get_device        : No context for object [ffff88041823cf50]
[    0.136490]     scan-0964 [405504000] [00] bus_get_device        : No context for object [ffff88041823cf78]
[    0.136500]     scan-0964 [405504000] [00] bus_get_device        : No context for object [ffff88041823cfa0]
[    0.136511]     scan-0964 [405504000] [00] bus_get_device        : No context for object [ffff88041823cfc8]
[    0.136522]     scan-0964 [405504000] [00] bus_get_device        : No context for object [ffff880418241000]
[    0.136532]     scan-0964 [405504000] [00] bus_get_device        : No context for object [ffff880418241028]
[    0.136544]    utils-0052 [405504000] [00] util_eval_error       : Evaluate [\_SB_.PCI0.MEMR._STA]: AE_NOT_FOUND
[    0.136612] device: 'PNP0C02:00': device_add
[    0.136619] bus: 'acpi': add device PNP0C02:00
[    0.136633]    utils-0052 [405504000] [00] util_eval_error       : Evaluate [\_SB_.PCI0.MEMR._SUN]: AE_NOT_FOUND
[    0.136649]     scan-1711 [405504000] [00] add_single_object     : Added PNP0C02:00 [\_SB_.PCI0.MEMR] parent PNP0A08:00
[    0.136661]     scan-0964 [405504000] [00] bus_get_device        : No context for object [ffff880418241050]
[    0.136672]     scan-0964 [405504000] [00] bus_get_device        : No context for object [ffff880418241078]
[    0.136683]     scan-0964 [405504000] [00] bus_get_device        : No context for object [ffff8804182410a0]
[    0.136694]     scan-0964 [405504000] [00] bus_get_device        : No context for object [ffff8804182410c8]
[    0.136704]     scan-0964 [405504000] [00] bus_get_device        : No context for object [ffff8804182410f0]
[    0.136715]     scan-0964 [405504000] [00] bus_get_device        : No context for object [ffff880418241118]
[    0.136726]     scan-0964 [405504000] [00] bus_get_device        : No context for object [ffff880418241140]
[    0.136737]     scan-0964 [405504000] [00] bus_get_device        : No context for object [ffff880418241168]
[    0.136748]     scan-0964 [405504000] [00] bus_get_device        : No context for object [ffff880418241190]
[    0.136758]     scan-0964 [405504000] [00] bus_get_device        : No context for object [ffff8804182411b8]
[    0.136769]     scan-0964 [405504000] [00] bus_get_device        : No context for object [ffff8804182411e0]
[    0.136780]     scan-0964 [405504000] [00] bus_get_device        : No context for object [ffff880418241208]
[    0.136791]     scan-0964 [405504000] [00] bus_get_device        : No context for object [ffff880418241230]
[    0.136802]     scan-0964 [405504000] [00] bus_get_device        : No context for object [ffff880418241258]
[    0.136812]     scan-0964 [405504000] [00] bus_get_device        : No context for object [ffff880418241280]
[    0.136823]     scan-0964 [405504000] [00] bus_get_device        : No context for object [ffff8804182412a8]
[    0.136835]    utils-0052 [405504000] [00] util_eval_error       : Evaluate [\_SB_.PCI0.PB2_._STA]: AE_NOT_FOUND
[    0.136969] device: 'device:01': device_add
[    0.136976] bus: 'acpi': add device device:01
[    0.136990]    utils-0052 [405504000] [00] util_eval_error       : Evaluate [\_SB_.PCI0.PB2_._SUN]: AE_NOT_FOUND
[    0.137007]     scan-1711 [405504000] [00] add_single_object     : Added device:01 [\_SB_.PCI0.PB2_] parent PNP0A08:00
[    0.137019]     scan-0964 [405504000] [00] bus_get_device        : No context for object [ffff8804182412d0]
[    0.137029]     scan-0964 [405504000] [00] bus_get_device        : No context for object [ffff8804182412f8]
[    0.137039]     scan-0964 [405504000] [00] bus_get_device        : No context for object [ffff880418241320]
[    0.137049]     scan-0964 [405504000] [00] bus_get_device        : No context for object [ffff880418241348]
[    0.137060]     scan-0964 [405504000] [00] bus_get_device        : No context for object [ffff880418241370]
[    0.137070]     scan-0964 [405504000] [00] bus_get_device        : No context for object [ffff880418241398]
[    0.137080]     scan-0964 [405504000] [00] bus_get_device        : No context for object [ffff8804182413c0]
[    0.137090]     scan-0964 [405504000] [00] bus_get_device        : No context for object [ffff8804182413e8]
[    0.137100]     scan-0964 [405504000] [00] bus_get_device        : No context for object [ffff880418241410]
[    0.137111]     scan-0964 [405504000] [00] bus_get_device        : No context for object [ffff880418241438]
[    0.137121]     scan-0964 [405504000] [00] bus_get_device        : No context for object [ffff880418241460]
[    0.137131]     scan-0964 [405504000] [00] bus_get_device        : No context for object [ffff880418241488]
[    0.137141]     scan-0964 [405504000] [00] bus_get_device        : No context for object [ffff8804182414b0]
[    0.137151]     scan-0964 [405504000] [00] bus_get_device        : No context for object [ffff8804182414d8]
[    0.137161]     scan-0964 [405504000] [00] bus_get_device        : No context for object [ffff880418241500]
[    0.137171]     scan-0964 [405504000] [00] bus_get_device        : No context for object [ffff880418241528]
[    0.137182]     scan-0964 [405504000] [00] bus_get_device        : No context for object [ffff880418241550]
[    0.137192]     scan-0964 [405504000] [00] bus_get_device        : No context for object [ffff880418241578]
[    0.137203]     scan-0964 [405504000] [00] bus_get_device        : No context for object [ffff8804182415a0]
[    0.137213]     scan-0964 [405504000] [00] bus_get_device        : No context for object [ffff8804182415c8]
[    0.137223]     scan-0964 [405504000] [00] bus_get_device        : No context for object [ffff8804182415f0]
[    0.137233]     scan-0964 [405504000] [00] bus_get_device        : No context for object [ffff880418241618]
[    0.137243]     scan-0964 [405504000] [00] bus_get_device        : No context for object [ffff880418241640]
[    0.137253]     scan-0964 [405504000] [00] bus_get_device        : No context for object [ffff880418241668]
[    0.137264]     scan-0964 [405504000] [00] bus_get_device        : No context for object [ffff880418241690]
[    0.137274]     scan-0964 [405504000] [00] bus_get_device        : No context for object [ffff8804182416b8]
[    0.137284]     scan-0964 [405504000] [00] bus_get_device        : No context for object [ffff8804182416e0]
[    0.137294]     scan-0964 [405504000] [00] bus_get_device        : No context for object [ffff880418241708]
[    0.137304]     scan-0964 [405504000] [00] bus_get_device        : No context for object [ffff880418241730]
[    0.137314]     scan-0964 [405504000] [00] bus_get_device        : No context for object [ffff880418241758]
[    0.137324]     scan-0964 [405504000] [00] bus_get_device        : No context for object [ffff880418241780]
[    0.137336]    utils-0052 [405504000] [00] util_eval_error       : Evaluate [\_SB_.PCI0.PB2_.VGA_._STA]: AE_NOT_FOUND
[    0.137408] device: 'device:02': device_add
[    0.137414] bus: 'acpi': add device device:02
[    0.137431]    utils-0052 [405504000] [00] util_eval_error       : Evaluate [\_SB_.PCI0.PB2_.VGA_._SUN]: AE_NOT_FOUND
[    0.137447]     scan-1711 [405504000] [00] add_single_object     : Added device:02 [\_SB_.PCI0.PB2_.VGA_] parent device:01
[    0.137458]     scan-0964 [405504000] [00] bus_get_device        : No context for object [ffff8804182417a8]
[    0.137468]     scan-0964 [405504000] [00] bus_get_device        : No context for object [ffff8804182417d0]
[    0.137478]     scan-0964 [405504000] [00] bus_get_device        : No context for object [ffff8804182417f8]
[    0.137489]     scan-0964 [405504000] [00] bus_get_device        : No context for object [ffff880418241820]
[    0.137499]     scan-0964 [405504000] [00] bus_get_device        : No context for object [ffff880418241848]
[    0.137509]     scan-0964 [405504000] [00] bus_get_device        : No context for object [ffff880418241870]
[    0.137519]     scan-0964 [405504000] [00] bus_get_device        : No context for object [ffff880418241898]
[    0.137529]     scan-0964 [405504000] [00] bus_get_device        : No context for object [ffff8804182418c0]
[    0.137539]     scan-0964 [405504000] [00] bus_get_device        : No context for object [ffff8804182418e8]
[    0.137549]     scan-0964 [405504000] [00] bus_get_device        : No context for object [ffff880418241910]
[    0.137559]     scan-0964 [405504000] [00] bus_get_device        : No context for object [ffff880418241938]
[    0.137569]     scan-0964 [405504000] [00] bus_get_device        : No context for object [ffff880418241960]
[    0.137579]     scan-0964 [405504000] [00] bus_get_device        : No context for object [ffff880418241988]
[    0.137589]     scan-0964 [405504000] [00] bus_get_device        : No context for object [ffff8804182419b0]
[    0.137600]     scan-0964 [405504000] [00] bus_get_device        : No context for object [ffff8804182419d8]
[    0.137610]     scan-0964 [405504000] [00] bus_get_device        : No context for object [ffff880418241a00]
[    0.137620]     scan-0964 [405504000] [00] bus_get_device        : No context for object [ffff880418241a28]
[    0.137630]     scan-0964 [405504000] [00] bus_get_device        : No context for object [ffff880418241a50]
[    0.137640]     scan-0964 [405504000] [00] bus_get_device        : No context for object [ffff880418241a78]
[    0.137650]     scan-0964 [405504000] [00] bus_get_device        : No context for object [ffff880418241aa0]
[    0.137660]     scan-0964 [405504000] [00] bus_get_device        : No context for object [ffff880418241ac8]
[    0.137670]     scan-0964 [405504000] [00] bus_get_device        : No context for object [ffff880418241af0]
[    0.137681]     scan-0964 [405504000] [00] bus_get_device        : No context for object [ffff880418241b18]
[    0.137691]     scan-0964 [405504000] [00] bus_get_device        : No context for object [ffff880418241b40]
[    0.137701]     scan-0964 [405504000] [00] bus_get_device        : No context for object [ffff880418241b68]
[    0.137711]     scan-0964 [405504000] [00] bus_get_device        : No context for object [ffff880418241b90]
[    0.137721]     scan-0964 [405504000] [00] bus_get_device        : No context for object [ffff880418241bb8]
[    0.137731]     scan-0964 [405504000] [00] bus_get_device        : No context for object [ffff880418241be0]
[    0.137741]     scan-0964 [405504000] [00] bus_get_device        : No context for object [ffff880418241c08]
[    0.137752]     scan-0964 [405504000] [00] bus_get_device        : No context for object [ffff880418241c30]
[    0.137762]     scan-0964 [405504000] [00] bus_get_device        : No context for object [ffff880418241c58]
[    0.137772]     scan-0964 [405504000] [00] bus_get_device        : No context for object [ffff880418241c80]
[    0.137782]     scan-0964 [405504000] [00] bus_get_device        : No context for object [ffff880418241ca8]
[    0.137792]     scan-0964 [405504000] [00] bus_get_device        : No context for object [ffff880418241cd0]
[    0.137802]     scan-0964 [405504000] [00] bus_get_device        : No context for object [ffff880418241cf8]
[    0.137812]     scan-0964 [405504000] [00] bus_get_device        : No context for object [ffff880418241d20]
[    0.137823]     scan-0964 [405504000] [00] bus_get_device        : No context for object [ffff880418241d48]
[    0.137833]     scan-0964 [405504000] [00] bus_get_device        : No context for object [ffff880418241d70]
[    0.137843]     scan-0964 [405504000] [00] bus_get_device        : No context for object [ffff880418241d98]
[    0.137853]     scan-0964 [405504000] [00] bus_get_device        : No context for object [ffff88041827e438]
[    0.137863]     scan-0964 [405504000] [00] bus_get_device        : No context for object [ffff880418241dc0]
[    0.137874]    utils-0052 [405504000] [00] util_eval_error       : Evaluate [\_SB_.PCI0.PB2_.HDAU._STA]: AE_NOT_FOUND
[    0.137938] device: 'device:03': device_add
[    0.137945] bus: 'acpi': add device device:03
[    0.137958]    utils-0052 [405504000] [00] util_eval_error       : Evaluate [\_SB_.PCI0.PB2_.HDAU._SUN]: AE_NOT_FOUND
[    0.137974]     scan-1711 [405504000] [00] add_single_object     : Added device:03 [\_SB_.PCI0.PB2_.HDAU] parent device:01
[    0.137985]     scan-0964 [405504000] [00] bus_get_device        : No context for object [ffff880418241de8]
[    0.138002]     scan-0964 [405504000] [00] bus_get_device        : No context for object [ffff880418241e10]
[    0.138013]     scan-0964 [405504000] [00] bus_get_device        : No context for object [ffff880418241e38]
[    0.138023]     scan-0964 [405504000] [00] bus_get_device        : No context for object [ffff880418241e60]
[    0.138033]     scan-0964 [405504000] [00] bus_get_device        : No context for object [ffff880418241e88]
[    0.138044]     scan-0964 [405504000] [00] bus_get_device        : No context for object [ffff880418241eb0]
[    0.138054]     scan-0964 [405504000] [00] bus_get_device        : No context for object [ffff880418241ed8]
[    0.138066]    utils-0052 [405504000] [00] util_eval_error       : Evaluate [\_SB_.PCI0.PB3_._STA]: AE_NOT_FOUND
[    0.138194] device: 'device:04': device_add
[    0.138201] bus: 'acpi': add device device:04
[    0.138224]    utils-0052 [405504000] [00] util_eval_error       : Evaluate [\_SB_.PCI0.PB3_._SUN]: AE_NOT_FOUND
[    0.138240]     scan-1711 [405504000] [00] add_single_object     : Added device:04 [\_SB_.PCI0.PB3_] parent PNP0A08:00
[    0.138251]     scan-0964 [405504000] [00] bus_get_device        : No context for object [ffff880418241f00]
[    0.138261]     scan-0964 [405504000] [00] bus_get_device        : No context for object [ffff880418241f28]
[    0.138271]     scan-0964 [405504000] [00] bus_get_device        : No context for object [ffff880418241f50]
[    0.138282]     scan-0964 [405504000] [00] bus_get_device        : No context for object [ffff880418241f78]
[    0.138292]     scan-0964 [405504000] [00] bus_get_device        : No context for object [ffff880418241fa0]
[    0.138302]     scan-0964 [405504000] [00] bus_get_device        : No context for object [ffff880418241fc8]
[    0.138312]     scan-0964 [405504000] [00] bus_get_device        : No context for object [ffff880418242000]
[    0.138322]     scan-0964 [405504000] [00] bus_get_device        : No context for object [ffff880418242028]
[    0.138332]     scan-0964 [405504000] [00] bus_get_device        : No context for object [ffff880418242050]
[    0.138342]     scan-0964 [405504000] [00] bus_get_device        : No context for object [ffff880418242078]
[    0.138353]     scan-0964 [405504000] [00] bus_get_device        : No context for object [ffff8804182420a0]
[    0.138363]     scan-0964 [405504000] [00] bus_get_device        : No context for object [ffff8804182420c8]
[    0.138373]     scan-0964 [405504000] [00] bus_get_device        : No context for object [ffff8804182420f0]
[    0.138383]     scan-0964 [405504000] [00] bus_get_device        : No context for object [ffff880418242118]
[    0.138393]     scan-0964 [405504000] [00] bus_get_device        : No context for object [ffff880418242140]
[    0.138404]     scan-0964 [405504000] [00] bus_get_device        : No context for object [ffff880418242168]
[    0.138414]     scan-0964 [405504000] [00] bus_get_device        : No context for object [ffff880418242190]
[    0.138424]     scan-0964 [405504000] [00] bus_get_device        : No context for object [ffff8804182421b8]
[    0.138434]     scan-0964 [405504000] [00] bus_get_device        : No context for object [ffff8804182421e0]
[    0.138444]     scan-0964 [405504000] [00] bus_get_device        : No context for object [ffff880418242208]
[    0.138454]     scan-0964 [405504000] [00] bus_get_device        : No context for object [ffff880418242230]
[    0.138464]     scan-0964 [405504000] [00] bus_get_device        : No context for object [ffff880418242258]
[    0.138474]     scan-0964 [405504000] [00] bus_get_device        : No context for object [ffff880418242280]
[    0.138485]     scan-0964 [405504000] [00] bus_get_device        : No context for object [ffff8804182422a8]
[    0.138495]     scan-0964 [405504000] [00] bus_get_device        : No context for object [ffff8804182422d0]
[    0.138505]     scan-0964 [405504000] [00] bus_get_device        : No context for object [ffff8804182422f8]
[    0.138515]     scan-0964 [405504000] [00] bus_get_device        : No context for object [ffff880418242320]
[    0.138525]     scan-0964 [405504000] [00] bus_get_device        : No context for object [ffff880418242348]
[    0.138535]     scan-0964 [405504000] [00] bus_get_device        : No context for object [ffff880418242370]
[    0.138545]     scan-0964 [405504000] [00] bus_get_device        : No context for object [ffff880418242398]
[    0.138555]     scan-0964 [405504000] [00] bus_get_device        : No context for object [ffff8804182423c0]
[    0.138567]    utils-0052 [405504000] [00] util_eval_error       : Evaluate [\_SB_.PCI0.PB3_.VGA_._STA]: AE_NOT_FOUND
[    0.138606]    video-0060 [405504000] [02] backlight_cap_match   : Found generic backlight support
[    0.138646]    video-0060 [405504000] [02] backlight_cap_match   : Found generic backlight support
[    0.138667] device: 'LNXVIDEO:00': device_add
[    0.138673] bus: 'acpi': add device LNXVIDEO:00
[    0.138691]    utils-0052 [405504000] [00] util_eval_error       : Evaluate [\_SB_.PCI0.PB3_.VGA_._SUN]: AE_NOT_FOUND
[    0.138708]     scan-1711 [405504000] [00] add_single_object     : Added LNXVIDEO:00 [\_SB_.PCI0.PB3_.VGA_] parent device:04
[    0.138719]     scan-0964 [405504000] [00] bus_get_device        : No context for object [ffff8804182423e8]
[    0.138729]     scan-0964 [405504000] [00] bus_get_device        : No context for object [ffff880418242410]
[    0.138740]     scan-0964 [405504000] [00] bus_get_device        : No context for object [ffff880418242438]
[    0.138750]     scan-0964 [405504000] [00] bus_get_device        : No context for object [ffff880418242460]
[    0.138760]     scan-0964 [405504000] [00] bus_get_device        : No context for object [ffff880418242488]
[    0.138770]     scan-0964 [405504000] [00] bus_get_device        : No context for object [ffff8804182424b0]
[    0.138781]     scan-0964 [405504000] [00] bus_get_device        : No context for object [ffff8804182424d8]
[    0.138791]     scan-0964 [405504000] [00] bus_get_device        : No context for object [ffff880418242500]
[    0.138801]     scan-0964 [405504000] [00] bus_get_device        : No context for object [ffff880418242528]
[    0.138811]     scan-0964 [405504000] [00] bus_get_device        : No context for object [ffff880418242550]
[    0.138821]     scan-0964 [405504000] [00] bus_get_device        : No context for object [ffff880418242578]
[    0.138831]     scan-0964 [405504000] [00] bus_get_device        : No context for object [ffff8804182425a0]
[    0.138841]     scan-0964 [405504000] [00] bus_get_device        : No context for object [ffff8804182425c8]
[    0.138852]     scan-0964 [405504000] [00] bus_get_device        : No context for object [ffff8804182425f0]
[    0.138862]     scan-0964 [405504000] [00] bus_get_device        : No context for object [ffff880418242618]
[    0.138872]     scan-0964 [405504000] [00] bus_get_device        : No context for object [ffff880418242640]
[    0.138882]     scan-0964 [405504000] [00] bus_get_device        : No context for object [ffff880418242668]
[    0.138892]     scan-0964 [405504000] [00] bus_get_device        : No context for object [ffff880418242690]
[    0.138902]     scan-0964 [405504000] [00] bus_get_device        : No context for object [ffff8804182426b8]
[    0.138912]     scan-0964 [405504000] [00] bus_get_device        : No context for object [ffff8804182426e0]
[    0.138923]     scan-0964 [405504000] [00] bus_get_device        : No context for object [ffff880418242708]
[    0.138933]     scan-0964 [405504000] [00] bus_get_device        : No context for object [ffff880418242730]
[    0.138943]     scan-0964 [405504000] [00] bus_get_device        : No context for object [ffff880418242758]
[    0.138953]     scan-0964 [405504000] [00] bus_get_device        : No context for object [ffff880418242780]
[    0.138963]     scan-0964 [405504000] [00] bus_get_device        : No context for object [ffff8804182427a8]
[    0.138973]     scan-0964 [405504000] [00] bus_get_device        : No context for object [ffff8804182427d0]
[    0.138983]     scan-0964 [405504000] [00] bus_get_device        : No context for object [ffff8804182427f8]
[    0.138994]     scan-0964 [405504000] [00] bus_get_device        : No context for object [ffff880418242820]
[    0.139007]     scan-0964 [405504000] [00] bus_get_device        : No context for object [ffff880418242848]
[    0.139017]     scan-0964 [405504000] [00] bus_get_device        : No context for object [ffff880418242870]
[    0.139027]     scan-0964 [405504000] [00] bus_get_device        : No context for object [ffff880418242898]
[    0.139037]     scan-0964 [405504000] [00] bus_get_device        : No context for object [ffff8804182428c0]
[    0.139047]     scan-0964 [405504000] [00] bus_get_device        : No context for object [ffff8804182428e8]
[    0.139058]     scan-0964 [405504000] [00] bus_get_device        : No context for object [ffff880418242910]
[    0.139068]     scan-0964 [405504000] [00] bus_get_device        : No context for object [ffff880418242938]
[    0.139079]     scan-0964 [405504000] [00] bus_get_device        : No context for object [ffff880418242960]
[    0.139089]     scan-0964 [405504000] [00] bus_get_device        : No context for object [ffff880418242988]
[    0.139099]     scan-0964 [405504000] [00] bus_get_device        : No context for object [ffff8804182429b0]
[    0.139109]     scan-0964 [405504000] [00] bus_get_device        : No context for object [ffff8804182429d8]
[    0.139119]     scan-0964 [405504000] [00] bus_get_device        : No context for object [ffff88041827e460]
[    0.139129]     scan-0964 [405504000] [00] bus_get_device        : No context for object [ffff880418281c08]
[    0.139140]     scan-0964 [405504000] [00] bus_get_device        : No context for object [ffff880418281c30]
[    0.139150]     scan-0964 [405504000] [00] bus_get_device        : No context for object [ffff880418281c58]
[    0.139161]    utils-0052 [405504000] [00] util_eval_error       : Evaluate [\_SB_.PCI0.PB3_.VGA_.CRT_._STA]: AE_NOT_FOUND
[    0.139244] device: 'device:05': device_add
[    0.139252] bus: 'acpi': add device device:05
[    0.139266]    utils-0052 [405504000] [00] util_eval_error       : Evaluate [\_SB_.PCI0.PB3_.VGA_.CRT_._SUN]: AE_NOT_FOUND
[    0.139283]     scan-1711 [405504000] [00] add_single_object     : Added device:05 [\_SB_.PCI0.PB3_.VGA_.CRT_] parent LNXVIDEO:00
[    0.139295]     scan-0964 [405504000] [00] bus_get_device        : No context for object [ffff880418281c80]
[    0.139305]     scan-0964 [405504000] [00] bus_get_device        : No context for object [ffff880418281ca8]
[    0.139315]     scan-0964 [405504000] [00] bus_get_device        : No context for object [ffff880418281cd0]
[    0.139325]     scan-0964 [405504000] [00] bus_get_device        : No context for object [ffff880418281cf8]
[    0.139336]     scan-0964 [405504000] [00] bus_get_device        : No context for object [ffff880418281d20]
[    0.139347]    utils-0052 [405504000] [00] util_eval_error       : Evaluate [\_SB_.PCI0.PB3_.VGA_.LCD_._STA]: AE_NOT_FOUND
[    0.139430] device: 'device:06': device_add
[    0.139438] bus: 'acpi': add device device:06
[    0.139452]    utils-0052 [405504000] [00] util_eval_error       : Evaluate [\_SB_.PCI0.PB3_.VGA_.LCD_._SUN]: AE_NOT_FOUND
[    0.139468]     scan-1711 [405504000] [00] add_single_object     : Added device:06 [\_SB_.PCI0.PB3_.VGA_.LCD_] parent LNXVIDEO:00
[    0.139480]     scan-0964 [405504000] [00] bus_get_device        : No context for object [ffff880418281d48]
[    0.139491]     scan-0964 [405504000] [00] bus_get_device        : No context for object [ffff880418281d70]
[    0.139501]     scan-0964 [405504000] [00] bus_get_device        : No context for object [ffff880418281d98]
[    0.139511]     scan-0964 [405504000] [00] bus_get_device        : No context for object [ffff880418281dc0]
[    0.139521]     scan-0964 [405504000] [00] bus_get_device        : No context for object [ffff880418281de8]
[    0.139531]     scan-0964 [405504000] [00] bus_get_device        : No context for object [ffff880418281e10]
[    0.139541]     scan-0964 [405504000] [00] bus_get_device        : No context for object [ffff880418281e38]
[    0.139552]     scan-0964 [405504000] [00] bus_get_device        : No context for object [ffff880418281e60]
[    0.139563]    utils-0052 [405504000] [00] util_eval_error       : Evaluate [\_SB_.PCI0.PB3_.VGA_.TV0_._STA]: AE_NOT_FOUND
[    0.139628] device: 'device:07': device_add
[    0.139635] bus: 'acpi': add device device:07
[    0.139652]    utils-0052 [405504000] [00] util_eval_error       : Evaluate [\_SB_.PCI0.PB3_.VGA_.TV0_._SUN]: AE_NOT_FOUND
[    0.139668]     scan-1711 [405504000] [00] add_single_object     : Added device:07 [\_SB_.PCI0.PB3_.VGA_.TV0_] parent LNXVIDEO:00
[    0.139679]     scan-0964 [405504000] [00] bus_get_device        : No context for object [ffff880418281e88]
[    0.139690]     scan-0964 [405504000] [00] bus_get_device        : No context for object [ffff880418281eb0]
[    0.139700]     scan-0964 [405504000] [00] bus_get_device        : No context for object [ffff880418281ed8]
[    0.139710]     scan-0964 [405504000] [00] bus_get_device        : No context for object [ffff880418281f00]
[    0.139721]     scan-0964 [405504000] [00] bus_get_device        : No context for object [ffff880418281f28]
[    0.139732]    utils-0052 [405504000] [00] util_eval_error       : Evaluate [\_SB_.PCI0.PB3_.VGA_.HDMI._STA]: AE_NOT_FOUND
[    0.139811] device: 'device:08': device_add
[    0.139818] bus: 'acpi': add device device:08
[    0.139833]    utils-0052 [405504000] [00] util_eval_error       : Evaluate [\_SB_.PCI0.PB3_.VGA_.HDMI._SUN]: AE_NOT_FOUND
[    0.139850]     scan-1711 [405504000] [00] add_single_object     : Added device:08 [\_SB_.PCI0.PB3_.VGA_.HDMI] parent LNXVIDEO:00
[    0.139862]     scan-0964 [405504000] [00] bus_get_device        : No context for object [ffff880418281f50]
[    0.139872]     scan-0964 [405504000] [00] bus_get_device        : No context for object [ffff880418281f78]
[    0.139882]     scan-0964 [405504000] [00] bus_get_device        : No context for object [ffff880418281fa0]
[    0.139892]     scan-0964 [405504000] [00] bus_get_device        : No context for object [ffff880418281fc8]
[    0.139903]     scan-0964 [405504000] [00] bus_get_device        : No context for object [ffff880418242a00]
[    0.139914]    utils-0052 [405504000] [00] util_eval_error       : Evaluate [\_SB_.PCI0.PB3_.HDAU._STA]: AE_NOT_FOUND
[    0.139979] device: 'device:09': device_add
[    0.139985] bus: 'acpi': add device device:09
[    0.140005]    utils-0052 [405504000] [00] util_eval_error       : Evaluate [\_SB_.PCI0.PB3_.HDAU._SUN]: AE_NOT_FOUND
[    0.140021]     scan-1711 [405504000] [00] add_single_object     : Added device:09 [\_SB_.PCI0.PB3_.HDAU] parent device:04
[    0.140032]     scan-0964 [405504000] [00] bus_get_device        : No context for object [ffff880418242a28]
[    0.140043]     scan-0964 [405504000] [00] bus_get_device        : No context for object [ffff880418242a50]
[    0.140053]     scan-0964 [405504000] [00] bus_get_device        : No context for object [ffff880418242a78]
[    0.140063]     scan-0964 [405504000] [00] bus_get_device        : No context for object [ffff880418242aa0]
[    0.140073]     scan-0964 [405504000] [00] bus_get_device        : No context for object [ffff880418242ac8]
[    0.140083]     scan-0964 [405504000] [00] bus_get_device        : No context for object [ffff880418242af0]
[    0.140094]     scan-0964 [405504000] [00] bus_get_device        : No context for object [ffff880418242b18]
[    0.140105]    utils-0052 [405504000] [00] util_eval_error       : Evaluate [\_SB_.PCI0.PB4_._STA]: AE_NOT_FOUND
[    0.140234] device: 'device:0a': device_add
[    0.140241] bus: 'acpi': add device device:0a
[    0.140260]    utils-0052 [405504000] [00] util_eval_error       : Evaluate [\_SB_.PCI0.PB4_._SUN]: AE_NOT_FOUND
[    0.140275]     scan-1711 [405504000] [00] add_single_object     : Added device:0a [\_SB_.PCI0.PB4_] parent PNP0A08:00
[    0.140286]     scan-0964 [405504000] [00] bus_get_device        : No context for object [ffff880418242b40]
[    0.140296]     scan-0964 [405504000] [00] bus_get_device        : No context for object [ffff880418242b68]
[    0.140306]     scan-0964 [405504000] [00] bus_get_device        : No context for object [ffff880418242b90]
[    0.140317]     scan-0964 [405504000] [00] bus_get_device        : No context for object [ffff880418242bb8]
[    0.140327]     scan-0964 [405504000] [00] bus_get_device        : No context for object [ffff880418242be0]
[    0.140337]     scan-0964 [405504000] [00] bus_get_device        : No context for object [ffff880418242c08]
[    0.140347]     scan-0964 [405504000] [00] bus_get_device        : No context for object [ffff880418242c30]
[    0.140357]     scan-0964 [405504000] [00] bus_get_device        : No context for object [ffff880418242c58]
[    0.140368]     scan-0964 [405504000] [00] bus_get_device        : No context for object [ffff880418242c80]
[    0.140378]     scan-0964 [405504000] [00] bus_get_device        : No context for object [ffff880418242ca8]
[    0.140388]     scan-0964 [405504000] [00] bus_get_device        : No context for object [ffff880418242cd0]
[    0.140398]     scan-0964 [405504000] [00] bus_get_device        : No context for object [ffff880418242cf8]
[    0.140409]     scan-0964 [405504000] [00] bus_get_device        : No context for object [ffff880418242d20]
[    0.140419]     scan-0964 [405504000] [00] bus_get_device        : No context for object [ffff880418242d48]
[    0.140429]     scan-0964 [405504000] [00] bus_get_device        : No context for object [ffff880418242d70]
[    0.140439]     scan-0964 [405504000] [00] bus_get_device        : No context for object [ffff880418242d98]
[    0.140449]     scan-0964 [405504000] [00] bus_get_device        : No context for object [ffff880418242dc0]
[    0.140460]     scan-0964 [405504000] [00] bus_get_device        : No context for object [ffff880418242de8]
[    0.140470]     scan-0964 [405504000] [00] bus_get_device        : No context for object [ffff880418242e10]
[    0.140480]     scan-0964 [405504000] [00] bus_get_device        : No context for object [ffff880418242e38]
[    0.140490]     scan-0964 [405504000] [00] bus_get_device        : No context for object [ffff880418242e60]
[    0.140500]     scan-0964 [405504000] [00] bus_get_device        : No context for object [ffff880418242e88]
[    0.140510]     scan-0964 [405504000] [00] bus_get_device        : No context for object [ffff880418242eb0]
[    0.140520]     scan-0964 [405504000] [00] bus_get_device        : No context for object [ffff880418242ed8]
[    0.140531]     scan-0964 [405504000] [00] bus_get_device        : No context for object [ffff880418242f00]
[    0.140541]     scan-0964 [405504000] [00] bus_get_device        : No context for object [ffff880418242f28]
[    0.140551]     scan-0964 [405504000] [00] bus_get_device        : No context for object [ffff880418242f50]
[    0.140561]     scan-0964 [405504000] [00] bus_get_device        : No context for object [ffff880418242f78]
[    0.140571]     scan-0964 [405504000] [00] bus_get_device        : No context for object [ffff880418242fa0]
[    0.140582]     scan-0964 [405504000] [00] bus_get_device        : No context for object [ffff880418242fc8]
[    0.140592]     scan-0964 [405504000] [00] bus_get_device        : No context for object [ffff880418244000]
[    0.140603]    utils-0052 [405504000] [00] util_eval_error       : Evaluate [\_SB_.PCI0.PB4_.XPDV._STA]: AE_NOT_FOUND
[    0.140668] device: 'device:0b': device_add
[    0.140674] bus: 'acpi': add device device:0b
[    0.140689]    utils-0052 [405504000] [00] util_eval_error       : Evaluate [\_SB_.PCI0.PB4_.XPDV._SUN]: AE_NOT_FOUND
[    0.140704]     scan-1711 [405504000] [00] add_single_object     : Added device:0b [\_SB_.PCI0.PB4_.XPDV] parent device:0a
[    0.140715]     scan-0964 [405504000] [00] bus_get_device        : No context for object [ffff880418244028]
[    0.140726]     scan-0964 [405504000] [00] bus_get_device        : No context for object [ffff880418244050]
[    0.140736]     scan-0964 [405504000] [00] bus_get_device        : No context for object [ffff880418244078]
[    0.140746]     scan-0964 [405504000] [00] bus_get_device        : No context for object [ffff8804182440a0]
[    0.140756]     scan-0964 [405504000] [00] bus_get_device        : No context for object [ffff8804182440c8]
[    0.140766]     scan-0964 [405504000] [00] bus_get_device        : No context for object [ffff88041827e500]
[    0.140777]     scan-0964 [405504000] [00] bus_get_device        : No context for object [ffff8804182440f0]
[    0.140787]     scan-0964 [405504000] [00] bus_get_device        : No context for object [ffff880418244118]
[    0.140799]    utils-0052 [405504000] [00] util_eval_error       : Evaluate [\_SB_.PCI0.PB5_._STA]: AE_NOT_FOUND
[    0.140929] device: 'device:0c': device_add
[    0.140937] bus: 'acpi': add device device:0c
[    0.140952]    utils-0052 [405504000] [00] util_eval_error       : Evaluate [\_SB_.PCI0.PB5_._SUN]: AE_NOT_FOUND
[    0.140967]     scan-1711 [405504000] [00] add_single_object     : Added device:0c [\_SB_.PCI0.PB5_] parent PNP0A08:00
[    0.140978]     scan-0964 [405504000] [00] bus_get_device        : No context for object [ffff880418244140]
[    0.140989]     scan-0964 [405504000] [00] bus_get_device        : No context for object [ffff880418244168]
[    0.141002]     scan-0964 [405504000] [00] bus_get_device        : No context for object [ffff880418244190]
[    0.141013]     scan-0964 [405504000] [00] bus_get_device        : No context for object [ffff8804182441b8]
[    0.141023]     scan-0964 [405504000] [00] bus_get_device        : No context for object [ffff8804182441e0]
[    0.141034]     scan-0964 [405504000] [00] bus_get_device        : No context for object [ffff880418244208]
[    0.141044]     scan-0964 [405504000] [00] bus_get_device        : No context for object [ffff880418244230]
[    0.141054]     scan-0964 [405504000] [00] bus_get_device        : No context for object [ffff880418244258]
[    0.141065]     scan-0964 [405504000] [00] bus_get_device        : No context for object [ffff880418244280]
[    0.141075]     scan-0964 [405504000] [00] bus_get_device        : No context for object [ffff8804182442a8]
[    0.141085]     scan-0964 [405504000] [00] bus_get_device        : No context for object [ffff8804182442d0]
[    0.141095]     scan-0964 [405504000] [00] bus_get_device        : No context for object [ffff8804182442f8]
[    0.141106]     scan-0964 [405504000] [00] bus_get_device        : No context for object [ffff880418244320]
[    0.141116]     scan-0964 [405504000] [00] bus_get_device        : No context for object [ffff880418244348]
[    0.141126]     scan-0964 [405504000] [00] bus_get_device        : No context for object [ffff880418244370]
[    0.141136]     scan-0964 [405504000] [00] bus_get_device        : No context for object [ffff880418244398]
[    0.141147]     scan-0964 [405504000] [00] bus_get_device        : No context for object [ffff8804182443c0]
[    0.141157]     scan-0964 [405504000] [00] bus_get_device        : No context for object [ffff8804182443e8]
[    0.141168]     scan-0964 [405504000] [00] bus_get_device        : No context for object [ffff880418244410]
[    0.141178]     scan-0964 [405504000] [00] bus_get_device        : No context for object [ffff880418244438]
[    0.141188]     scan-0964 [405504000] [00] bus_get_device        : No context for object [ffff880418244460]
[    0.141198]     scan-0964 [405504000] [00] bus_get_device        : No context for object [ffff880418244488]
[    0.141208]     scan-0964 [405504000] [00] bus_get_device        : No context for object [ffff8804182444b0]
[    0.141219]     scan-0964 [405504000] [00] bus_get_device        : No context for object [ffff8804182444d8]
[    0.141229]     scan-0964 [405504000] [00] bus_get_device        : No context for object [ffff880418244500]
[    0.141239]     scan-0964 [405504000] [00] bus_get_device        : No context for object [ffff880418244528]
[    0.141249]     scan-0964 [405504000] [00] bus_get_device        : No context for object [ffff880418244550]
[    0.141259]     scan-0964 [405504000] [00] bus_get_device        : No context for object [ffff880418244578]
[    0.141269]     scan-0964 [405504000] [00] bus_get_device        : No context for object [ffff8804182445a0]
[    0.141280]     scan-0964 [405504000] [00] bus_get_device        : No context for object [ffff8804182445c8]
[    0.141290]     scan-0964 [405504000] [00] bus_get_device        : No context for object [ffff8804182445f0]
[    0.141301]    utils-0052 [405504000] [00] util_eval_error       : Evaluate [\_SB_.PCI0.PB5_.XPDV._STA]: AE_NOT_FOUND
[    0.141366] device: 'device:0d': device_add
[    0.141373] bus: 'acpi': add device device:0d
[    0.141389]    utils-0052 [405504000] [00] util_eval_error       : Evaluate [\_SB_.PCI0.PB5_.XPDV._SUN]: AE_NOT_FOUND
[    0.141405]     scan-1711 [405504000] [00] add_single_object     : Added device:0d [\_SB_.PCI0.PB5_.XPDV] parent device:0c
[    0.141416]     scan-0964 [405504000] [00] bus_get_device        : No context for object [ffff880418244618]
[    0.141427]     scan-0964 [405504000] [00] bus_get_device        : No context for object [ffff880418244640]
[    0.141437]     scan-0964 [405504000] [00] bus_get_device        : No context for object [ffff880418244668]
[    0.141447]     scan-0964 [405504000] [00] bus_get_device        : No context for object [ffff880418244690]
[    0.141457]     scan-0964 [405504000] [00] bus_get_device        : No context for object [ffff8804182446b8]
[    0.141468]     scan-0964 [405504000] [00] bus_get_device        : No context for object [ffff88041827e528]
[    0.141478]     scan-0964 [405504000] [00] bus_get_device        : No context for object [ffff8804182446e0]
[    0.141488]     scan-0964 [405504000] [00] bus_get_device        : No context for object [ffff880418244708]
[    0.141500]    utils-0052 [405504000] [00] util_eval_error       : Evaluate [\_SB_.PCI0.PB6_._STA]: AE_NOT_FOUND
[    0.141581] device: 'device:0e': device_add
[    0.141588] bus: 'acpi': add device device:0e
[    0.141603]    utils-0052 [405504000] [00] util_eval_error       : Evaluate [\_SB_.PCI0.PB6_._SUN]: AE_NOT_FOUND
[    0.141618]     scan-1711 [405504000] [00] add_single_object     : Added device:0e [\_SB_.PCI0.PB6_] parent PNP0A08:00
[    0.141630]     scan-0964 [405504000] [00] bus_get_device        : No context for object [ffff880418244730]
[    0.141640]     scan-0964 [405504000] [00] bus_get_device        : No context for object [ffff880418244758]
[    0.141650]     scan-0964 [405504000] [00] bus_get_device        : No context for object [ffff880418244780]
[    0.141660]     scan-0964 [405504000] [00] bus_get_device        : No context for object [ffff8804182447a8]
[    0.141670]     scan-0964 [405504000] [00] bus_get_device        : No context for object [ffff8804182447d0]
[    0.141681]     scan-0964 [405504000] [00] bus_get_device        : No context for object [ffff8804182447f8]
[    0.141691]     scan-0964 [405504000] [00] bus_get_device        : No context for object [ffff880418244820]
[    0.141701]     scan-0964 [405504000] [00] bus_get_device        : No context for object [ffff880418244848]
[    0.141711]     scan-0964 [405504000] [00] bus_get_device        : No context for object [ffff880418244870]
[    0.141722]     scan-0964 [405504000] [00] bus_get_device        : No context for object [ffff880418244898]
[    0.141732]     scan-0964 [405504000] [00] bus_get_device        : No context for object [ffff8804182448c0]
[    0.141742]     scan-0964 [405504000] [00] bus_get_device        : No context for object [ffff8804182448e8]
[    0.141752]     scan-0964 [405504000] [00] bus_get_device        : No context for object [ffff880418244910]
[    0.141762]     scan-0964 [405504000] [00] bus_get_device        : No context for object [ffff880418244938]
[    0.141772]     scan-0964 [405504000] [00] bus_get_device        : No context for object [ffff880418244960]
[    0.141783]     scan-0964 [405504000] [00] bus_get_device        : No context for object [ffff880418244988]
[    0.141793]     scan-0964 [405504000] [00] bus_get_device        : No context for object [ffff8804182449b0]
[    0.141803]     scan-0964 [405504000] [00] bus_get_device        : No context for object [ffff8804182449d8]
[    0.141813]     scan-0964 [405504000] [00] bus_get_device        : No context for object [ffff880418244a00]
[    0.141823]     scan-0964 [405504000] [00] bus_get_device        : No context for object [ffff880418244a28]
[    0.141833]     scan-0964 [405504000] [00] bus_get_device        : No context for object [ffff880418244a50]
[    0.141844]     scan-0964 [405504000] [00] bus_get_device        : No context for object [ffff880418244a78]
[    0.141854]     scan-0964 [405504000] [00] bus_get_device        : No context for object [ffff880418244aa0]
[    0.141864]     scan-0964 [405504000] [00] bus_get_device        : No context for object [ffff880418244ac8]
[    0.141874]     scan-0964 [405504000] [00] bus_get_device        : No context for object [ffff880418244af0]
[    0.141884]     scan-0964 [405504000] [00] bus_get_device        : No context for object [ffff880418244b18]
[    0.141894]     scan-0964 [405504000] [00] bus_get_device        : No context for object [ffff880418244b40]
[    0.141904]     scan-0964 [405504000] [00] bus_get_device        : No context for object [ffff880418244b68]
[    0.141915]     scan-0964 [405504000] [00] bus_get_device        : No context for object [ffff880418244b90]
[    0.141925]     scan-0964 [405504000] [00] bus_get_device        : No context for object [ffff880418244bb8]
[    0.141935]     scan-0964 [405504000] [00] bus_get_device        : No context for object [ffff880418244be0]
[    0.141946]    utils-0052 [405504000] [00] util_eval_error       : Evaluate [\_SB_.PCI0.PB6_.XPDV._STA]: AE_NOT_FOUND
[    0.142015] device: 'device:0f': device_add
[    0.142022] bus: 'acpi': add device device:0f
[    0.142037]    utils-0052 [405504000] [00] util_eval_error       : Evaluate [\_SB_.PCI0.PB6_.XPDV._SUN]: AE_NOT_FOUND
[    0.142052]     scan-1711 [405504000] [00] add_single_object     : Added device:0f [\_SB_.PCI0.PB6_.XPDV] parent device:0e
[    0.142064]     scan-0964 [405504000] [00] bus_get_device        : No context for object [ffff880418244c08]
[    0.142074]     scan-0964 [405504000] [00] bus_get_device        : No context for object [ffff880418244c30]
[    0.142084]     scan-0964 [405504000] [00] bus_get_device        : No context for object [ffff880418244c58]
[    0.142094]     scan-0964 [405504000] [00] bus_get_device        : No context for object [ffff880418244c80]
[    0.142105]     scan-0964 [405504000] [00] bus_get_device        : No context for object [ffff880418244ca8]
[    0.142115]     scan-0964 [405504000] [00] bus_get_device        : No context for object [ffff88041827e550]
[    0.142125]     scan-0964 [405504000] [00] bus_get_device        : No context for object [ffff880418244cd0]
[    0.142136]     scan-0964 [405504000] [00] bus_get_device        : No context for object [ffff880418244cf8]
[    0.142147]    utils-0052 [405504000] [00] util_eval_error       : Evaluate [\_SB_.PCI0.PB7_._STA]: AE_NOT_FOUND
[    0.142276] device: 'device:10': device_add
[    0.142283] bus: 'acpi': add device device:10
[    0.142301]    utils-0052 [405504000] [00] util_eval_error       : Evaluate [\_SB_.PCI0.PB7_._SUN]: AE_NOT_FOUND
[    0.142316]     scan-1711 [405504000] [00] add_single_object     : Added device:10 [\_SB_.PCI0.PB7_] parent PNP0A08:00
[    0.142327]     scan-0964 [405504000] [00] bus_get_device        : No context for object [ffff880418244d20]
[    0.142337]     scan-0964 [405504000] [00] bus_get_device        : No context for object [ffff880418244d48]
[    0.142348]     scan-0964 [405504000] [00] bus_get_device        : No context for object [ffff880418244d70]
[    0.142358]     scan-0964 [405504000] [00] bus_get_device        : No context for object [ffff880418244d98]
[    0.142368]     scan-0964 [405504000] [00] bus_get_device        : No context for object [ffff880418244dc0]
[    0.142378]     scan-0964 [405504000] [00] bus_get_device        : No context for object [ffff880418244de8]
[    0.142388]     scan-0964 [405504000] [00] bus_get_device        : No context for object [ffff880418244e10]
[    0.142398]     scan-0964 [405504000] [00] bus_get_device        : No context for object [ffff880418244e38]
[    0.142409]     scan-0964 [405504000] [00] bus_get_device        : No context for object [ffff880418244e60]
[    0.142419]     scan-0964 [405504000] [00] bus_get_device        : No context for object [ffff880418244e88]
[    0.142429]     scan-0964 [405504000] [00] bus_get_device        : No context for object [ffff880418244eb0]
[    0.142439]     scan-0964 [405504000] [00] bus_get_device        : No context for object [ffff880418244ed8]
[    0.142449]     scan-0964 [405504000] [00] bus_get_device        : No context for object [ffff880418244f00]
[    0.142460]     scan-0964 [405504000] [00] bus_get_device        : No context for object [ffff880418244f28]
[    0.142470]     scan-0964 [405504000] [00] bus_get_device        : No context for object [ffff880418244f50]
[    0.142481]     scan-0964 [405504000] [00] bus_get_device        : No context for object [ffff880418244f78]
[    0.142491]     scan-0964 [405504000] [00] bus_get_device        : No context for object [ffff880418244fa0]
[    0.142501]     scan-0964 [405504000] [00] bus_get_device        : No context for object [ffff880418244fc8]
[    0.142511]     scan-0964 [405504000] [00] bus_get_device        : No context for object [ffff880418246000]
[    0.142521]     scan-0964 [405504000] [00] bus_get_device        : No context for object [ffff880418246028]
[    0.142532]     scan-0964 [405504000] [00] bus_get_device        : No context for object [ffff880418246050]
[    0.142542]     scan-0964 [405504000] [00] bus_get_device        : No context for object [ffff880418246078]
[    0.142552]     scan-0964 [405504000] [00] bus_get_device        : No context for object [ffff8804182460a0]
[    0.142562]     scan-0964 [405504000] [00] bus_get_device        : No context for object [ffff8804182460c8]
[    0.142572]     scan-0964 [405504000] [00] bus_get_device        : No context for object [ffff8804182460f0]
[    0.142582]     scan-0964 [405504000] [00] bus_get_device        : No context for object [ffff880418246118]
[    0.142592]     scan-0964 [405504000] [00] bus_get_device        : No context for object [ffff880418246140]
[    0.142603]     scan-0964 [405504000] [00] bus_get_device        : No context for object [ffff880418246168]
[    0.142613]     scan-0964 [405504000] [00] bus_get_device        : No context for object [ffff880418246190]
[    0.142623]     scan-0964 [405504000] [00] bus_get_device        : No context for object [ffff8804182461b8]
[    0.142633]     scan-0964 [405504000] [00] bus_get_device        : No context for object [ffff8804182461e0]
[    0.142644]    utils-0052 [405504000] [00] util_eval_error       : Evaluate [\_SB_.PCI0.PB7_.XPDV._STA]: AE_NOT_FOUND
[    0.142709] device: 'device:11': device_add
[    0.142716] bus: 'acpi': add device device:11
[    0.142730]    utils-0052 [405504000] [00] util_eval_error       : Evaluate [\_SB_.PCI0.PB7_.XPDV._SUN]: AE_NOT_FOUND
[    0.142745]     scan-1711 [405504000] [00] add_single_object     : Added device:11 [\_SB_.PCI0.PB7_.XPDV] parent device:10
[    0.142757]     scan-0964 [405504000] [00] bus_get_device        : No context for object [ffff880418246208]
[    0.142767]     scan-0964 [405504000] [00] bus_get_device        : No context for object [ffff880418246230]
[    0.142777]     scan-0964 [405504000] [00] bus_get_device        : No context for object [ffff880418246258]
[    0.142788]     scan-0964 [405504000] [00] bus_get_device        : No context for object [ffff880418246280]
[    0.142798]     scan-0964 [405504000] [00] bus_get_device        : No context for object [ffff8804182462a8]
[    0.142808]     scan-0964 [405504000] [00] bus_get_device        : No context for object [ffff88041827e488]
[    0.142819]     scan-0964 [405504000] [00] bus_get_device        : No context for object [ffff8804182462d0]
[    0.142829]     scan-0964 [405504000] [00] bus_get_device        : No context for object [ffff8804182462f8]
[    0.142840]    utils-0052 [405504000] [00] util_eval_error       : Evaluate [\_SB_.PCI0.OHC1._STA]: AE_NOT_FOUND
[    0.142962] device: 'device:12': device_add
[    0.142969] bus: 'acpi': add device device:12
[    0.142984]    utils-0052 [405504000] [00] util_eval_error       : Evaluate [\_SB_.PCI0.OHC1._SUN]: AE_NOT_FOUND
[    0.143003]     scan-1711 [405504000] [00] add_single_object     : Added device:12 [\_SB_.PCI0.OHC1] parent PNP0A08:00
[    0.143014]     scan-0964 [405504000] [00] bus_get_device        : No context for object [ffff880418246320]
[    0.143025]     scan-0964 [405504000] [00] bus_get_device        : No context for object [ffff880418246348]
[    0.143035]     scan-0964 [405504000] [00] bus_get_device        : No context for object [ffff8804182822f8]
[    0.143046]    utils-0052 [405504000] [00] util_eval_error       : Evaluate [\_SB_.PCI0.OHC1.RHUB._STA]: AE_NOT_FOUND
[    0.143111] device: 'device:13': device_add
[    0.143118] bus: 'acpi': add device device:13
[    0.143134]    utils-0052 [405504000] [00] util_eval_error       : Evaluate [\_SB_.PCI0.OHC1.RHUB._SUN]: AE_NOT_FOUND
[    0.143150]     scan-1711 [405504000] [00] add_single_object     : Added device:13 [\_SB_.PCI0.OHC1.RHUB] parent device:12
[    0.143161]     scan-0964 [405504000] [00] bus_get_device        : No context for object [ffff880418282320]
[    0.143172]     scan-0964 [405504000] [00] bus_get_device        : No context for object [ffff880418282348]
[    0.143183]    utils-0052 [405504000] [00] util_eval_error       : Evaluate [\_SB_.PCI0.OHC1.RHUB.PRT3._STA]: AE_NOT_FOUND
[    0.143248] device: 'device:14': device_add
[    0.143254] bus: 'acpi': add device device:14
[    0.143269]    utils-0052 [405504000] [00] util_eval_error       : Evaluate [\_SB_.PCI0.OHC1.RHUB.PRT3._SUN]: AE_NOT_FOUND
[    0.143285]     scan-1711 [405504000] [00] add_single_object     : Added device:14 [\_SB_.PCI0.OHC1.RHUB.PRT3] parent device:13
[    0.143296]     scan-0964 [405504000] [00] bus_get_device        : No context for object [ffff880418282370]
[    0.143307]     scan-0964 [405504000] [00] bus_get_device        : No context for object [ffff880418282398]
[    0.143317]     scan-0964 [405504000] [00] bus_get_device        : No context for object [ffff8804182823c0]
[    0.143327]     scan-0964 [405504000] [00] bus_get_device        : No context for object [ffff8804182823e8]
[    0.143338]    utils-0052 [405504000] [00] util_eval_error       : Evaluate [\_SB_.PCI0.OHC1.RHUB.PRT4._STA]: AE_NOT_FOUND
[    0.143403] device: 'device:15': device_add
[    0.143410] bus: 'acpi': add device device:15
[    0.143424]    utils-0052 [405504000] [00] util_eval_error       : Evaluate [\_SB_.PCI0.OHC1.RHUB.PRT4._SUN]: AE_NOT_FOUND
[    0.143440]     scan-1711 [405504000] [00] add_single_object     : Added device:15 [\_SB_.PCI0.OHC1.RHUB.PRT4] parent device:13
[    0.143452]     scan-0964 [405504000] [00] bus_get_device        : No context for object [ffff880418282410]
[    0.143462]     scan-0964 [405504000] [00] bus_get_device        : No context for object [ffff880418282438]
[    0.143472]     scan-0964 [405504000] [00] bus_get_device        : No context for object [ffff880418282460]
[    0.143483]     scan-0964 [405504000] [00] bus_get_device        : No context for object [ffff880418246370]
[    0.143494]    utils-0052 [405504000] [00] util_eval_error       : Evaluate [\_SB_.PCI0.EHC1._STA]: AE_NOT_FOUND
[    0.143571] device: 'device:16': device_add
[    0.143579] bus: 'acpi': add device device:16
[    0.143596]    utils-0052 [405504000] [00] util_eval_error       : Evaluate [\_SB_.PCI0.EHC1._SUN]: AE_NOT_FOUND
[    0.143611]     scan-1711 [405504000] [00] add_single_object     : Added device:16 [\_SB_.PCI0.EHC1] parent PNP0A08:00
[    0.143622]     scan-0964 [405504000] [00] bus_get_device        : No context for object [ffff880418246398]
[    0.143633]     scan-0964 [405504000] [00] bus_get_device        : No context for object [ffff8804182463c0]
[    0.143643]     scan-0964 [405504000] [00] bus_get_device        : No context for object [ffff880418282028]
[    0.143654]    utils-0052 [405504000] [00] util_eval_error       : Evaluate [\_SB_.PCI0.EHC1.RHUB._STA]: AE_NOT_FOUND
[    0.143718] device: 'device:17': device_add
[    0.143725] bus: 'acpi': add device device:17
[    0.143739]    utils-0052 [405504000] [00] util_eval_error       : Evaluate [\_SB_.PCI0.EHC1.RHUB._SUN]: AE_NOT_FOUND
[    0.143755]     scan-1711 [405504000] [00] add_single_object     : Added device:17 [\_SB_.PCI0.EHC1.RHUB] parent device:16
[    0.143766]     scan-0964 [405504000] [00] bus_get_device        : No context for object [ffff880418282050]
[    0.143776]     scan-0964 [405504000] [00] bus_get_device        : No context for object [ffff880418282078]
[    0.143788]    utils-0052 [405504000] [00] util_eval_error       : Evaluate [\_SB_.PCI0.EHC1.RHUB.PRT3._STA]: AE_NOT_FOUND
[    0.143853] device: 'device:18': device_add
[    0.143859] bus: 'acpi': add device device:18
[    0.143874]    utils-0052 [405504000] [00] util_eval_error       : Evaluate [\_SB_.PCI0.EHC1.RHUB.PRT3._SUN]: AE_NOT_FOUND
[    0.143889]     scan-1711 [405504000] [00] add_single_object     : Added device:18 [\_SB_.PCI0.EHC1.RHUB.PRT3] parent device:17
[    0.143901]     scan-0964 [405504000] [00] bus_get_device        : No context for object [ffff8804182820a0]
[    0.143911]     scan-0964 [405504000] [00] bus_get_device        : No context for object [ffff8804182820c8]
[    0.143922]     scan-0964 [405504000] [00] bus_get_device        : No context for object [ffff8804182820f0]
[    0.143932]     scan-0964 [405504000] [00] bus_get_device        : No context for object [ffff880418282118]
[    0.143943]    utils-0052 [405504000] [00] util_eval_error       : Evaluate [\_SB_.PCI0.EHC1.RHUB.PRT4._STA]: AE_NOT_FOUND
[    0.144013] device: 'device:19': device_add
[    0.144020] bus: 'acpi': add device device:19
[    0.144037]    utils-0052 [405504000] [00] util_eval_error       : Evaluate [\_SB_.PCI0.EHC1.RHUB.PRT4._SUN]: AE_NOT_FOUND
[    0.144053]     scan-1711 [405504000] [00] add_single_object     : Added device:19 [\_SB_.PCI0.EHC1.RHUB.PRT4] parent device:17
[    0.144065]     scan-0964 [405504000] [00] bus_get_device        : No context for object [ffff880418282140]
[    0.144075]     scan-0964 [405504000] [00] bus_get_device        : No context for object [ffff880418282168]
[    0.144085]     scan-0964 [405504000] [00] bus_get_device        : No context for object [ffff880418282190]
[    0.144096]     scan-0964 [405504000] [00] bus_get_device        : No context for object [ffff8804182463e8]
[    0.144107]    utils-0052 [405504000] [00] util_eval_error       : Evaluate [\_SB_.PCI0.OHC2._STA]: AE_NOT_FOUND
[    0.144230] device: 'device:1a': device_add
[    0.144237] bus: 'acpi': add device device:1a
[    0.144251]    utils-0052 [405504000] [00] util_eval_error       : Evaluate [\_SB_.PCI0.OHC2._SUN]: AE_NOT_FOUND
[    0.144266]     scan-1711 [405504000] [00] add_single_object     : Added device:1a [\_SB_.PCI0.OHC2] parent PNP0A08:00
[    0.144278]     scan-0964 [405504000] [00] bus_get_device        : No context for object [ffff880418246410]
[    0.144288]     scan-0964 [405504000] [00] bus_get_device        : No context for object [ffff880418246438]
[    0.144298]     scan-0964 [405504000] [00] bus_get_device        : No context for object [ffff880418282488]
[    0.144310]    utils-0052 [405504000] [00] util_eval_error       : Evaluate [\_SB_.PCI0.OHC2.RHUB._STA]: AE_NOT_FOUND
[    0.144374] device: 'device:1b': device_add
[    0.144380] bus: 'acpi': add device device:1b
[    0.144395]    utils-0052 [405504000] [00] util_eval_error       : Evaluate [\_SB_.PCI0.OHC2.RHUB._SUN]: AE_NOT_FOUND
[    0.144410]     scan-1711 [405504000] [00] add_single_object     : Added device:1b [\_SB_.PCI0.OHC2.RHUB] parent device:1a
[    0.144421]     scan-0964 [405504000] [00] bus_get_device        : No context for object [ffff8804182824b0]
[    0.144432]     scan-0964 [405504000] [00] bus_get_device        : No context for object [ffff8804182824d8]
[    0.144443]    utils-0052 [405504000] [00] util_eval_error       : Evaluate [\_SB_.PCI0.OHC2.RHUB.PRT4._STA]: AE_NOT_FOUND
[    0.144508] device: 'device:1c': device_add
[    0.144514] bus: 'acpi': add device device:1c
[    0.144531]    utils-0052 [405504000] [00] util_eval_error       : Evaluate [\_SB_.PCI0.OHC2.RHUB.PRT4._SUN]: AE_NOT_FOUND
[    0.144547]     scan-1711 [405504000] [00] add_single_object     : Added device:1c [\_SB_.PCI0.OHC2.RHUB.PRT4] parent device:1b
[    0.144559]     scan-0964 [405504000] [00] bus_get_device        : No context for object [ffff880418282500]
[    0.144569]     scan-0964 [405504000] [00] bus_get_device        : No context for object [ffff880418282528]
[    0.144579]     scan-0964 [405504000] [00] bus_get_device        : No context for object [ffff880418282550]
[    0.144590]     scan-0964 [405504000] [00] bus_get_device        : No context for object [ffff880418246460]
[    0.144601]    utils-0052 [405504000] [00] util_eval_error       : Evaluate [\_SB_.PCI0.EHC2._STA]: AE_NOT_FOUND
[    0.144723] device: 'device:1d': device_add
[    0.144730] bus: 'acpi': add device device:1d
[    0.144745]    utils-0052 [405504000] [00] util_eval_error       : Evaluate [\_SB_.PCI0.EHC2._SUN]: AE_NOT_FOUND
[    0.144760]     scan-1711 [405504000] [00] add_single_object     : Added device:1d [\_SB_.PCI0.EHC2] parent PNP0A08:00
[    0.144771]     scan-0964 [405504000] [00] bus_get_device        : No context for object [ffff880418246488]
[    0.144782]     scan-0964 [405504000] [00] bus_get_device        : No context for object [ffff8804182464b0]
[    0.144792]     scan-0964 [405504000] [00] bus_get_device        : No context for object [ffff8804182821b8]
[    0.144803]    utils-0052 [405504000] [00] util_eval_error       : Evaluate [\_SB_.PCI0.EHC2.RHUB._STA]: AE_NOT_FOUND
[    0.144867] device: 'device:1e': device_add
[    0.144874] bus: 'acpi': add device device:1e
[    0.144888]    utils-0052 [405504000] [00] util_eval_error       : Evaluate [\_SB_.PCI0.EHC2.RHUB._SUN]: AE_NOT_FOUND
[    0.144904]     scan-1711 [405504000] [00] add_single_object     : Added device:1e [\_SB_.PCI0.EHC2.RHUB] parent device:1d
[    0.144915]     scan-0964 [405504000] [00] bus_get_device        : No context for object [ffff8804182821e0]
[    0.144925]     scan-0964 [405504000] [00] bus_get_device        : No context for object [ffff880418282208]
[    0.144937]    utils-0052 [405504000] [00] util_eval_error       : Evaluate [\_SB_.PCI0.EHC2.RHUB.PRT2._STA]: AE_NOT_FOUND
[    0.145006] device: 'device:1f': device_add
[    0.145012] bus: 'acpi': add device device:1f
[    0.145030]    utils-0052 [405504000] [00] util_eval_error       : Evaluate [\_SB_.PCI0.EHC2.RHUB.PRT2._SUN]: AE_NOT_FOUND
[    0.145046]     scan-1711 [405504000] [00] add_single_object     : Added device:1f [\_SB_.PCI0.EHC2.RHUB.PRT2] parent device:1e
[    0.145058]     scan-0964 [405504000] [00] bus_get_device        : No context for object [ffff880418282230]
[    0.145068]     scan-0964 [405504000] [00] bus_get_device        : No context for object [ffff880418282258]
[    0.145078]     scan-0964 [405504000] [00] bus_get_device        : No context for object [ffff880418282280]
[    0.145089]     scan-0964 [405504000] [00] bus_get_device        : No context for object [ffff8804182464d8]
[    0.145100]    utils-0052 [405504000] [00] util_eval_error       : Evaluate [\_SB_.PCI0.OHC3._STA]: AE_NOT_FOUND
[    0.145222] device: 'device:20': device_add
[    0.145229] bus: 'acpi': add device device:20
[    0.145244]    utils-0052 [405504000] [00] util_eval_error       : Evaluate [\_SB_.PCI0.OHC3._SUN]: AE_NOT_FOUND
