[    0.000000] Initializing cgroup subsys cpuset
[    0.000000] Initializing cgroup subsys cpu
[    0.000000] Initializing cgroup subsys cpuacct
[    0.000000] Linux version 3.15.4-1-MANJARO (emacs@manji) (gcc version 4.9.0 20140604 (prerelease) (GCC) ) #32 SMP PREEMPT Sun Jul 13 22:25:19 CEST 2014
[    0.000000] Command line: BOOT_IMAGE=/vmlinuz-315-x86_64 root=UUID=bfa4ab6e-19a3-4601-ba2b-267c55841c73 rw cryptdevice=/dev/disk/by-uuid/70c08890-417a-497d-b6ab-c0d0357a63e2:cryptManjaro:allow-discards ipv6.disable=1 pnp.debug=1 loglevel=9 log_buf_len=10M printk.always_kmsg_dump=y printk.time=y mminit_loglevel=0 memory_corruption_check=1 fbcon=scrollback:4096k fbcon=font:ProFont6x11 acpi.debug_layer=0xfbff0000 acpi.debug_level=0xFFFFFFFD pnp.debug=1 radeon.dpm=1 radeonfb radeon.audio=0
[    0.000000] e820: BIOS-provided physical RAM map:
[    0.000000] BIOS-e820: [mem 0x0000000000000000-0x000000000009d7ff] usable
[    0.000000] BIOS-e820: [mem 0x000000000009d800-0x000000000009ffff] reserved
[    0.000000] BIOS-e820: [mem 0x00000000000e0000-0x00000000000fffff] reserved
[    0.000000] BIOS-e820: [mem 0x0000000000100000-0x00000000bed9afff] usable
[    0.000000] BIOS-e820: [mem 0x00000000bed9b000-0x00000000bf39afff] reserved
[    0.000000] BIOS-e820: [mem 0x00000000bf39b000-0x00000000bf49afff] ACPI NVS
[    0.000000] BIOS-e820: [mem 0x00000000bf49b000-0x00000000bf51afff] ACPI data
[    0.000000] BIOS-e820: [mem 0x00000000bf51b000-0x00000000bfdfffff] usable
[    0.000000] BIOS-e820: [mem 0x00000000bfe00000-0x00000000bfffffff] reserved
[    0.000000] BIOS-e820: [mem 0x00000000fec00000-0x00000000fecfffff] reserved
[    0.000000] BIOS-e820: [mem 0x00000000fed80000-0x00000000fed80fff] reserved
[    0.000000] BIOS-e820: [mem 0x00000000ffe00000-0x00000000ffffffff] reserved
[    0.000000] BIOS-e820: [mem 0x0000000100000000-0x000000041effffff] usable
[    0.000000] NX (Execute Disable) protection: active
[    0.000000] SMBIOS 2.6 present.
[    0.000000] DMI: LENOVO Sabine/Torpedo, BIOS 54CN18WW 07/20/2011
[    0.000000] e820: update [mem 0x00000000-0x00000fff] usable ==> reserved
[    0.000000] e820: remove [mem 0x000a0000-0x000fffff] usable
[    0.000000] e820: last_pfn = 0x41f000 max_arch_pfn = 0x400000000
[    0.000000] MTRR default type: uncachable
[    0.000000] MTRR fixed ranges enabled:
[    0.000000]   00000-9FFFF write-back
[    0.000000]   A0000-BFFFF uncachable
[    0.000000]   C0000-FFFFF write-protect
[    0.000000] MTRR variable ranges enabled:
[    0.000000]   0 base 0000000000 mask FF80000000 write-back
[    0.000000]   1 base 0080000000 mask FFC0000000 write-back
[    0.000000]   2 base 00FFF90000 mask FFFFFF0000 uncachable
[    0.000000]   3 base 00FED80000 mask 0FFFFFF000 uncachable
[    0.000000]   4 disabled
[    0.000000]   5 disabled
[    0.000000]   6 disabled
[    0.000000]   7 base 00FFE00000 mask FFFFE00000 write-protect
[    0.000000] TOM2: 000000041f000000 aka 16880M
[    0.000000] x86 PAT enabled: cpu 0, old 0x7040600070406, new 0x7010600070106
[    0.000000] mtrr: your BIOS has configured an incorrect mask, fixing it.
[    0.000000] e820: last_pfn = 0xbfe00 max_arch_pfn = 0x400000000
[    0.000000] found SMP MP-table at [mem 0x000fa8b0-0x000fa8bf] mapped at [ffff8800000fa8b0]
[    0.000000] Scanning 1 areas for low memory corruption
[    0.000000] Base memory trampoline at [ffff880000097000] 97000 size 24576
[    0.000000] Using GB pages for direct mapping
[    0.000000] init_memory_mapping: [mem 0x00000000-0x000fffff]
[    0.000000]  [mem 0x00000000-0x000fffff] page 4k
[    0.000000] BRK [0x0205a000, 0x0205afff] PGTABLE
[    0.000000] BRK [0x0205b000, 0x0205bfff] PGTABLE
[    0.000000] BRK [0x0205c000, 0x0205cfff] PGTABLE
[    0.000000] init_memory_mapping: [mem 0x41ee00000-0x41effffff]
[    0.000000]  [mem 0x41ee00000-0x41effffff] page 2M
[    0.000000] BRK [0x0205d000, 0x0205dfff] PGTABLE
[    0.000000] init_memory_mapping: [mem 0x41c000000-0x41edfffff]
[    0.000000]  [mem 0x41c000000-0x41edfffff] page 2M
[    0.000000] init_memory_mapping: [mem 0x400000000-0x41bffffff]
[    0.000000]  [mem 0x400000000-0x41bffffff] page 2M
[    0.000000] init_memory_mapping: [mem 0x00100000-0xbed9afff]
[    0.000000]  [mem 0x00100000-0x001fffff] page 4k
[    0.000000]  [mem 0x00200000-0x3fffffff] page 2M
[    0.000000]  [mem 0x40000000-0x7fffffff] page 1G
[    0.000000]  [mem 0x80000000-0xbebfffff] page 2M
[    0.000000]  [mem 0xbec00000-0xbed9afff] page 4k
[    0.000000] init_memory_mapping: [mem 0xbf51b000-0xbfdfffff]
[    0.000000]  [mem 0xbf51b000-0xbf5fffff] page 4k
[    0.000000]  [mem 0xbf600000-0xbfdfffff] page 2M
[    0.000000] BRK [0x0205e000, 0x0205efff] PGTABLE
[    0.000000] init_memory_mapping: [mem 0x100000000-0x3ffffffff]
[    0.000000]  [mem 0x100000000-0x3ffffffff] page 1G
[    0.000000] log_buf_len: 16777216
[    0.000000] early log buf free: 2092284(99%)
[    0.000000] RAMDISK: [mem 0x3787a000-0x37c34fff]
[    0.000000] ACPI: RSDP 0x00000000000F0110 000024 (v02 LENOVO)
[    0.000000] ACPI: XSDT 0x00000000BF51A120 000074 (v01 LENOVO CB-01    00000001 LENO 00000001)
[    0.000000] ACPI: FACP 0x00000000BF508000 0000F4 (v04 LENOVO CB-01    00000001 PTL  00000001)
[    0.000000] ACPI: DSDT 0x00000000BF50A000 00FD10 (v01 LENOVO CB-01    00001000 LENO 00000001)
[    0.000000] ACPI: FACS 0x00000000BF478000 000040
[    0.000000] ACPI: HPET 0x00000000BF507000 000038 (v01 LENOVO CB-01    00000001 PTL  00000001)
[    0.000000] ACPI: APIC 0x00000000BF506000 00007A (v02 LENOVO CB-01    00000001 PTL  00000001)
[    0.000000] ACPI: MCFG 0x00000000BF505000 00003C (v01 LENOVO CB-01    00000001 PTL  00000001)
[    0.000000] ACPI: SLIC 0x00000000BF504000 000176 (v01 LENOVO CB-01    00000001 LENO 00000001)
[    0.000000] ACPI: UEFI 0x00000000BF503000 00003E (v01 LENOVO CB-01    00000001 PTL  00000001)
[    0.000000] ACPI: UEFI 0x00000000BF502000 000042 (v01 PTL    COMBUF   00000001 PTL  00000001)
[    0.000000] ACPI: SSDT 0x00000000BF501000 000E34 (v01 AMD    POWERNOW 00000001 AMD  00000001)
[    0.000000] ACPI: SSDT 0x00000000BF4FF000 00193D (v02 AMD    ALIB     00000001 MSFT 04000000)
[    0.000000] ACPI: UEFI 0x00000000BF4FE000 00021A (v01 LENOVO CB-01    00000001 PTL  00000001)
[    0.000000] ACPI: Local APIC address 0xfee00000
[    0.000000] No NUMA configuration found
[    0.000000] Faking a node at [mem 0x0000000000000000-0x000000041effffff]
[    0.000000] Initmem setup node 0 [mem 0x00000000-0x41effffff]
[    0.000000]   NODE_DATA [mem 0x41dffa000-0x41dffdfff]
[    0.000000]  [ffffea0000000000-ffffea00107fffff] PMD -> [ffff88040de00000-ffff88041d5fffff] on node 0
[    0.000000] Zone ranges:
[    0.000000]   DMA      [mem 0x00001000-0x00ffffff]
[    0.000000]   DMA32    [mem 0x01000000-0xffffffff]
[    0.000000]   Normal   [mem 0x100000000-0x41effffff]
[    0.000000] Movable zone start for each node
[    0.000000] Early memory node ranges
[    0.000000]   node   0: [mem 0x00001000-0x0009cfff]
[    0.000000]   node   0: [mem 0x00100000-0xbed9afff]
[    0.000000]   node   0: [mem 0xbf51b000-0xbfdfffff]
[    0.000000]   node   0: [mem 0x100000000-0x41effffff]
[    0.000000] On node 0 totalpages: 4056604
[    0.000000]   DMA zone: 64 pages used for memmap
[    0.000000]   DMA zone: 21 pages reserved
[    0.000000]   DMA zone: 3996 pages, LIFO batch:0
[    0.000000]   DMA32 zone: 12186 pages used for memmap
[    0.000000]   DMA32 zone: 779904 pages, LIFO batch:31
[    0.000000]   Normal zone: 51136 pages used for memmap
[    0.000000]   Normal zone: 3272704 pages, LIFO batch:31
[    0.000000] ACPI: PM-Timer IO Port: 0x808
[    0.000000] ACPI: Local APIC address 0xfee00000
[    0.000000] ACPI: LAPIC (acpi_id[0x00] lapic_id[0x00] enabled)
[    0.000000] ACPI: LAPIC (acpi_id[0x01] lapic_id[0x01] enabled)
[    0.000000] ACPI: LAPIC (acpi_id[0x02] lapic_id[0x02] enabled)
[    0.000000] ACPI: LAPIC (acpi_id[0x03] lapic_id[0x03] enabled)
[    0.000000] ACPI: LAPIC_NMI (acpi_id[0x00] high edge lint[0x1])
[    0.000000] ACPI: LAPIC_NMI (acpi_id[0x01] high edge lint[0x1])
[    0.000000] ACPI: LAPIC_NMI (acpi_id[0x02] high edge lint[0x1])
[    0.000000] ACPI: LAPIC_NMI (acpi_id[0x03] high edge lint[0x1])
[    0.000000] ACPI: IOAPIC (id[0x02] address[0xfec00000] gsi_base[0])
[    0.000000] IOAPIC[0]: apic_id 2, version 33, address 0xfec00000, GSI 0-23
[    0.000000] ACPI: INT_SRC_OVR (bus 0 bus_irq 0 global_irq 2 dfl dfl)
[    0.000000] ACPI: IRQ0 used by override.
[    0.000000] ACPI: IRQ2 used by override.
[    0.000000] ACPI: IRQ9 used by override.
[    0.000000] Using ACPI (MADT) for SMP configuration information
[    0.000000] ACPI: HPET id: 0x43538210 base: 0xfed00000
[    0.000000] smpboot: Allowing 4 CPUs, 0 hotplug CPUs
[    0.000000] nr_irqs_gsi: 40
[    0.000000] e820: [mem 0xc0000000-0xfebfffff] available for PCI devices
[    0.000000] setup_percpu: NR_CPUS:64 nr_cpumask_bits:64 nr_cpu_ids:4 nr_node_ids:1
[    0.000000] PERCPU: Embedded 27 pages/cpu @ffff88041dc00000 s80768 r8192 d21632 u524288
[    0.000000] pcpu-alloc: s80768 r8192 d21632 u524288 alloc=1*2097152
[    0.000000] pcpu-alloc: [0] 0 1 2 3 
[    0.000000] Built 1 zonelists in Zone order, mobility grouping on.  Total pages: 3993197
[    0.000000] Policy zone: Normal
[    0.000000] Kernel command line: BOOT_IMAGE=/vmlinuz-315-x86_64 root=UUID=bfa4ab6e-19a3-4601-ba2b-267c55841c73 rw cryptdevice=/dev/disk/by-uuid/70c08890-417a-497d-b6ab-c0d0357a63e2:cryptManjaro:allow-discards ipv6.disable=1 pnp.debug=1 loglevel=9 log_buf_len=10M printk.always_kmsg_dump=y printk.time=y mminit_loglevel=0 memory_corruption_check=1 fbcon=scrollback:4096k fbcon=font:ProFont6x11 acpi.debug_layer=0xfbff0000 acpi.debug_level=0xFFFFFFFD pnp.debug=1 radeon.dpm=1 radeonfb radeon.audio=0
[    0.000000] PID hash table entries: 4096 (order: 3, 32768 bytes)
[    0.000000] Memory: 15868740K/16226416K available (6486K kernel code, 812K rwdata, 2856K rodata, 892K init, 2720K bss, 357676K reserved)
[    0.000000] SLUB: HWalign=64, Order=0-3, MinObjects=0, CPUs=4, Nodes=1
[    0.000000] Preemptible hierarchical RCU implementation.
[    0.000000] 	RCU dyntick-idle grace-period acceleration is enabled.
[    0.000000] 	Additional per-CPU info printed with stalls.
[    0.000000] 	RCU restricting CPUs from NR_CPUS=64 to nr_cpu_ids=4.
[    0.000000] RCU: Adjusting geometry for rcu_fanout_leaf=16, nr_cpu_ids=4
[    0.000000] NR_IRQS:4352 nr_irqs:712 16
[    0.000000] spurious 8259A interrupt: IRQ7.
[    0.000000] Console: colour dummy device 80x25
[    0.000000] console [tty0] enabled
[    0.000000] allocated 65011712 bytes of page_cgroup
[    0.000000] please try 'cgroup_disable=memory' option if you don't want memory cgroups
[    0.000000] hpet clockevent registered
[    0.000000] tsc: Fast TSC calibration using PIT
[    0.000000] tsc: Detected 1397.330 MHz processor
[    0.000055] Calibrating delay loop (skipped), value calculated using timer frequency.. 2794.66 BogoMIPS (lpj=1397330)
[    0.000065] pid_max: default: 32768 minimum: 301
[    0.000078] ACPI: Core revision 20140214
[    0.026738] ACPI: All ACPI Tables successfully acquired
[    0.029023] Security Framework initialized
[    0.030661] Dentry cache hash table entries: 2097152 (order: 12, 16777216 bytes)
[    0.037217] Inode-cache hash table entries: 1048576 (order: 11, 8388608 bytes)
[    0.040190] Mount-cache hash table entries: 32768 (order: 6, 262144 bytes)
[    0.040225] Mountpoint-cache hash table entries: 32768 (order: 6, 262144 bytes)
[    0.040683] Initializing cgroup subsys memory
[    0.040694] Initializing cgroup subsys devices
[    0.040699] Initializing cgroup subsys freezer
[    0.040704] Initializing cgroup subsys net_cls
[    0.040709] Initializing cgroup subsys blkio
[    0.040738] tseg: 00bfe00000
[    0.040743] CPU: Physical Processor ID: 0
[    0.040746] CPU: Processor Core ID: 0
[    0.040751] mce: CPU supports 6 MCE banks
[    0.040765] Last level iTLB entries: 4KB 512, 2MB 16, 4MB 8
Last level dTLB entries: 4KB 1024, 2MB 128, 4MB 64, 1GB 0
tlb_flushall_shift: 6
[    0.040972] Freeing SMP alternatives memory: 20K (ffffffff81dac000 - ffffffff81db1000)
[    0.041530] ..TIMER: vector=0x30 apic1=0 pin1=2 apic2=-1 pin2=-1
[    0.051541] smpboot: CPU0: AMD A6-3400M APU with Radeon(tm) HD Graphics (fam: 12, model: 01, stepping: 00)
[    0.153327] Performance Events: AMD PMU driver.
[    0.153335] ... version:                0
[    0.153339] ... bit width:              48
[    0.153343] ... generic registers:      4
[    0.153346] ... value mask:             0000ffffffffffff
[    0.153350] ... max period:             00007fffffffffff
[    0.153354] ... fixed-purpose events:   0
[    0.153358] ... event mask:             000000000000000f
[    0.159502] MCE: In-kernel MCE decoding enabled.
[    0.161436] NMI watchdog: enabled on all CPUs, permanently consumes one hw-PMU counter.
[    0.163475] x86: Booting SMP configuration:
[    0.163481] .... node  #0, CPUs:      #1
[    0.176705] TSC synchronization [CPU#0 -> CPU#1]:
[    0.176711] Measured 134090992 cycles TSC warp between CPUs, turning off TSC clock.
[    0.176721] tsc: Marking TSC unstable due to check_tsc_sync_source failed
[    0.076146]  #2 #3
[    0.100352] x86: Booted up 1 node, 4 CPUs
[    0.100360] smpboot: Total of 4 processors activated (11178.64 BogoMIPS)
[    0.101143] devtmpfs: initialized
[    0.102026] device: 'platform': device_add
[    0.102064] bus: 'platform': registered
[    0.102079] bus: 'cpu': registered
[    0.102084] device: 'cpu': device_add
[    0.102115] bus: 'container': registered
[    0.102121] device: 'container': device_add
[    0.102395] bus: 'workqueue': registered
[    0.102395] device: 'workqueue': device_add
[    0.102395] kworker/u8:0 (37) used greatest stack depth: 14128 bytes left
[    0.102395] prandom: seed boundary self test passed
[    0.103882] prandom: 100 self tests passed
[    0.103889] atomic64 test passed for x86-64 platform with CX8 and with SSE
[    0.103894] device class 'regulator': registering
[    0.103929] Registering platform device 'reg-dummy'. Parent at platform
[    0.103934] device: 'reg-dummy': device_add
[    0.103941] bus: 'platform': add device reg-dummy
[    0.103967] bus: 'platform': add driver reg-dummy
[    0.103976] bus: 'platform': driver_probe_device: matched device reg-dummy with driver reg-dummy
[    0.103983] bus: 'platform': really_probe: probing driver reg-dummy with device reg-dummy
[    0.103995] device: 'regulator.0': device_add
[    0.104036] regulator-dummy: no parameters
[    0.104052] driver: 'reg-dummy': driver_bound: bound to device 'reg-dummy'
[    0.104058] bus: 'platform': really_probe: bound device reg-dummy to driver reg-dummy
[    0.104126] NET: Registered protocol family 16
[    0.104270] device class 'bdi': registering
[    0.104289] bus: 'platform': add driver ramoops
[    0.104309] device class 'pci_bus': registering
[    0.104337] bus: 'pci': registered
[    0.104342] device class 'backlight': registering
[    0.104360] device class 'tty': registering
[    0.104373] device class 'vtconsole': registering
[    0.104387] device: 'vtcon0': device_add
[    0.104431] bus: 'node': registered
[    0.104438] device: 'node': device_add
[    0.104477] bus: 'i2c': registered
[    0.104484] bus: 'i2c': add driver dummy
[    0.104500] i2c-core: driver [dummy] registered
[    0.104506] cpuidle: using governor ladder
[    0.104511] cpuidle: using governor menu
[    0.104812] ACPI FADT declares the system doesn't support PCIe ASPM, so disable it
[    0.104819] ACPI: bus type PCI registered
[    0.104824] acpiphp: ACPI Hot Plug PCI Controller Driver version: 0.5
[    0.104830] device class 'dmi': registering
[    0.104845] device: 'id': device_add
[    0.104973] PCI: MMCONFIG for domain 0000 [bus 00-3f] at [mem 0xf8000000-0xfbffffff] (base 0xf8000000)
[    0.104982] PCI: not using MMCONFIG
[    0.104986] PCI: Using configuration type 1 for base access
[    0.104990] PCI: Using configuration type 1 for extended access
[    0.105138] device: 'node0': device_add
[    0.105145] bus: 'node': add device node0
[    0.105176] device: 'cpu0': device_add
[    0.105183] bus: 'cpu': add device cpu0
[    0.105228] device: 'cpu1': device_add
[    0.105238] bus: 'cpu': add device cpu1
[    0.105283] device: 'cpu2': device_add
[    0.105291] bus: 'cpu': add device cpu2
[    0.105333] device: 'cpu3': device_add
[    0.105341] bus: 'cpu': add device cpu3
[    0.105383] mtrr: your CPUs had inconsistent variable MTRR settings
[    0.105388] mtrr: probably your BIOS does not setup all CPUs.
[    0.105392] mtrr: corrected configuration.
[    0.108852] device: 'writeback': device_add
[    0.108852] bus: 'workqueue': add device writeback
[    0.109009] device: 'default': device_add
[    0.109139] device class 'block': registering
[    0.109139] device class 'graphics': registering
[    0.109139] ACPI: Added _OSI(Module Device)
[    0.109139] ACPI: Added _OSI(Processor Device)
[    0.109139] ACPI: Added _OSI(3.0 _SCP Extensions)
[    0.109139] ACPI: Added _OSI(Processor Aggregator Device)
[    0.112214] 
**** Context Switch from TID 4294967295 to TID 137592832 ****

[    0.112225]     utils-0051 util_eval_error       : Evaluate [\_SB_.PCI0.LPC0.EC0_._GLK]: AE_NOT_FOUND
[    0.112633] Executing  Method       \_SB_.PCI0.LPC0.EC0_._REG
[    0.113317] Executing  Method       \_SB_.PCI0.LPC0.EC0_._REG
[    0.113344] Executing  Method       \_SB_.PCI0.LPC0.EC0_._REG
[    0.113423] Executing  Method       \_SB_.PCI0.LPC0.EC0_._REG
[    0.116783] Initializing Region       \_SB_.OSTY
[    0.116816] Initializing Region       \_SB_.PCI0.NBMS
[    0.116838] Initializing Region       \_SB_.PCI0.NBXP
[    0.116861] Initializing Region       \_SB_.PCI0.K8ST
[    0.116923] Initializing Region       \_SB_.PCI0.BAR1
[    0.116957] Initializing Region       \_SB_.PCI0.PB2_.XPEX
[    0.116978] Initializing Region       \_SB_.PCI0.PB2_.PCFG
[    0.117006] Initializing Region       \_SB_.PCI0.PB2_.XPCB
[    0.117029] Initializing Region       \_SB_.PCI0.PB2_.XPRI
[    0.117055] Initializing Region       \_SB_.PCI0.PB2_.VGA_.PCFG
[    0.117137] Initializing Region       \_SB_.PCI0.PB2_.HDAU.PCFG
[    0.117173] Initializing Region       \_SB_.PCI0.PB3_.XPEX
[    0.117194] Initializing Region       \_SB_.PCI0.PB3_.PCFG
[    0.117214] Initializing Region       \_SB_.PCI0.PB3_.XPCB
[    0.117235] Initializing Region       \_SB_.PCI0.PB3_.XPRI
[    0.117260] Initializing Region       \_SB_.PCI0.PB3_.VGA_.PCFG
[    0.117352] Initializing Region       \_SB_.PCI0.PB3_.HDAU.PCFG
[    0.117388] Initializing Region       \_SB_.PCI0.PB4_.XPEX
[    0.117408] Initializing Region       \_SB_.PCI0.PB4_.PCFG
[    0.117428] Initializing Region       \_SB_.PCI0.PB4_.XPCB
[    0.117450] Initializing Region       \_SB_.PCI0.PB4_.XPRI
[    0.117475] Initializing Region       \_SB_.PCI0.PB4_.XPDV.PCFG
[    0.117510] Initializing Region       \_SB_.PCI0.PB5_.XPEX
[    0.117531] Initializing Region       \_SB_.PCI0.PB5_.PCFG
[    0.117551] Initializing Region       \_SB_.PCI0.PB5_.XPCB
[    0.117573] Initializing Region       \_SB_.PCI0.PB5_.XPRI
[    0.117598] Initializing Region       \_SB_.PCI0.PB5_.XPDV.PCFG
[    0.117633] Initializing Region       \_SB_.PCI0.PB6_.XPEX
[    0.117653] Initializing Region       \_SB_.PCI0.PB6_.PCFG
[    0.117674] Initializing Region       \_SB_.PCI0.PB6_.XPCB
[    0.117696] Initializing Region       \_SB_.PCI0.PB6_.XPRI
[    0.117721] Initializing Region       \_SB_.PCI0.PB6_.XPDV.PCFG
[    0.117756] Initializing Region       \_SB_.PCI0.PB7_.XPEX
[    0.117777] Initializing Region       \_SB_.PCI0.PB7_.PCFG
[    0.117797] Initializing Region       \_SB_.PCI0.PB7_.XPCB
[    0.117819] Initializing Region       \_SB_.PCI0.PB7_.XPRI
[    0.117844] Initializing Region       \_SB_.PCI0.PB7_.XPDV.PCFG
[    0.118155] Initializing Region       \_SB_.PCI0.SATC
[    0.118177] Initializing Region       \_SB_.PCI0.RMEM
[    0.118233] Initializing Region       \_SB_.PCI0.SATA.SATX
[    0.118260] Initializing Region       \_SB_.PCI0.SATA.BAR5
[    0.124258] Initializing Region       \_SB_.PCI0.SMB_.SBRV
[    0.124291] Initializing Region       \_SB_.PCI0.SMB_.PMIO
[    0.124313] Initializing Region       \_SB_.PCI0.SMB_.ERMM
[    0.124524] Initializing Region       \_SB_.PCI0.SMB_.P1E0
[    0.124606] Initializing Region       \_SB_.PCI0.SMB_.ABIO
[    0.124629] Initializing Region       \_SB_.PCI0.SMB_.SMB0
[    0.124656] Initializing Region       \_SB_.PCI0.LPC0.PIRQ
[    0.124739] Initializing Region       \_SB_.PCI0.LPC0.LPCR
[    0.125022] Initializing Region       \_SB_.PCI0.LPC0.LPCS
[    0.125055] Initializing Region       \_SB_.PCI0.LPC0.SMI0
[    0.125075] Initializing Region       \_SB_.PCI0.LPC0.SMI1
[    0.125104] Initializing Region       \_SB_.PCI0.LPC0.EC0_.ECO1
[    0.125124] Initializing Region       \_SB_.PCI0.LPC0.EC0_.ECO2
[    0.125144] Initializing Region       \_SB_.PCI0.LPC0.EC0_.ECMB
[    0.125164] Initializing Region       \_SB_.PCI0.LPC0.EC0_.RAM_
[    0.125307] Initializing Region       \_SB_.PCI0.LPC0.EC0_.CMOS
[    0.125356] Initializing Region       \_SB_.PCI0.LPC0.EC0_.VPC0.ERAM
[    0.125433] Initializing Region       \_SB_.PCI0.SPB0.PCFG
[    0.125454] Initializing Region       \_SB_.PCI0.SPB0.XPCB
[    0.125480] Initializing Region       \_SB_.PCI0.SPB0.XPDV.PCFG
[    0.125515] Initializing Region       \_SB_.PCI0.SPB1.PCFG
[    0.125535] Initializing Region       \_SB_.PCI0.SPB1.XPCB
[    0.125560] Initializing Region       \_SB_.PCI0.SPB1.XPDV.PCFG
[    0.125594] Initializing Region       \_SB_.PCI0.SPB2.PCFG
[    0.125615] Initializing Region       \_SB_.PCI0.SPB2.XPCB
[    0.125640] Initializing Region       \_SB_.PCI0.SPB2.XPDV.PCFG
[    0.125674] Initializing Region       \_SB_.PCI0.SPB3.PCFG
[    0.125695] Initializing Region       \_SB_.PCI0.SPB3.XPCB
[    0.125719] Initializing Region       \_SB_.PCI0.SPB3.XPDV.PCFG
[    0.125913] Initializing Region       \_SB_.PCI0.VGA_.REVD
[    0.126156] Initializing BufferField  \_SB_.AMW0.WLID
[    0.126633] Initializing Region       \DEB2
[    0.126654] Initializing Region       \PMIO
[    0.126674] Initializing Region       \P01_
[    0.126722] Initializing Region       \CNVS
[    0.126756] Initializing Region       \SPRT
[    0.126793] Initializing Region       \CMIO
[    0.126997] Executing  Method       \_SB_._STA
[    0.127009] Executing  Method       \_SB_._INI
[    0.127018] Executing  Method       \_SB_.PCI0._STA
[    0.127026] Executing  Method       \_SB_.PCI0._INI
[    0.127302] [Firmware Bug]: ACPI: BIOS _OSI(Linux) query ignored
[    0.127735] Executing  Method       \_SB_.PCI0.SATA._STA
[    0.127746] Executing  Method       \_SB_.PCI0.SATA._INI
[    0.128766] Executing  Method       \_SB_.PCI0.LPC0.EC0_._REG
[    0.153189] ACPI: Interpreter enabled
[    0.153214] ACPI: (supports S0 S5)
[    0.153219] ACPI: Using IOAPIC for interrupt routing
[    0.153705] PCI: MMCONFIG for domain 0000 [bus 00-3f] at [mem 0xf8000000-0xfbffffff] (base 0xf8000000)
[    0.154495] PCI: MMCONFIG at [mem 0xf8000000-0xfbffffff] reserved in ACPI motherboard resources
[    0.159261] bus: 'acpi': registered
[    0.159271] PCI: Using host bridge windows from ACPI; if necessary, use "pci=nocrs" and report a bug
[    0.159291]      scan-1133 get_device_data       : No context for object [ffffffffffffffff]
[    0.159307]     utils-0051 util_eval_error       : Evaluate [\._STA]: AE_NOT_FOUND
[    0.159331] device: 'LNXSYSTM:00': device_add
[    0.159341] bus: 'acpi': add device LNXSYSTM:00
[    0.159369]     utils-0051 util_eval_error       : Evaluate [\._SUN]: AE_NOT_FOUND
[    0.159390]      scan-1916 add_single_object     : Added LNXSYSTM:00 [\] parent (null)
[    0.159405]      scan-1133 get_device_data       : No context for object [ffff88040d81d000]
[    0.159414]      scan-1133 get_device_data       : No context for object [ffff88040d8377d0]
[    0.159423]      scan-1133 get_device_data       : No context for object [ffff88040d8377f8]
[    0.159432]      scan-1133 get_device_data       : No context for object [ffff88040d837820]
[    0.159440]      scan-1133 get_device_data       : No context for object [ffff88040d837848]
[    0.159449]      scan-1133 get_device_data       : No context for object [ffff88040d837870]
[    0.159457]      scan-1133 get_device_data       : No context for object [ffff88040d837898]
[    0.159465]      scan-1133 get_device_data       : No context for object [ffff88040d8378c0]
[    0.159474]      scan-1133 get_device_data       : No context for object [ffff88040d8378e8]
[    0.159482]      scan-1133 get_device_data       : No context for object [ffff88040d839398]
[    0.159491]      scan-1133 get_device_data       : No context for object [ffff88040d81d028]
[    0.159499]      scan-1133 get_device_data       : No context for object [ffff88040d81d168]
[    0.159509]     utils-0051 util_eval_error       : Evaluate [\_PR_.C000._STA]: AE_NOT_FOUND
[    0.159518]      scan-1133 get_device_data       : No context for object [ffff88040d81d028]
[    0.159535] device: 'LNXCPU:00': device_add
[    0.159542] bus: 'acpi': add device LNXCPU:00
[    0.159565]     utils-0051 util_eval_error       : Evaluate [\_PR_.C000._SUN]: AE_NOT_FOUND
[    0.159583]      scan-1916 add_single_object     : Added LNXCPU:00 [\_PR_.C000] parent LNXSYSTM:00
[    0.159596]      scan-1133 get_device_data       : No context for object [ffff88040d83c398]
[    0.159605]      scan-1133 get_device_data       : No context for object [ffff88040d83c3c0]
[    0.159613]      scan-1133 get_device_data       : No context for object [ffff88040d83c3e8]
[    0.159622]      scan-1133 get_device_data       : No context for object [ffff88040d83c410]
[    0.159630]      scan-1133 get_device_data       : No context for object [ffff88040d83c438]
[    0.159638]      scan-1133 get_device_data       : No context for object [ffff88040d83c460]
[    0.159647]      scan-1133 get_device_data       : No context for object [ffff88040d81d190]
[    0.159656]     utils-0051 util_eval_error       : Evaluate [\_PR_.C001._STA]: AE_NOT_FOUND
[    0.159665]      scan-1133 get_device_data       : No context for object [ffff88040d81d028]
[    0.159681] device: 'LNXCPU:01': device_add
[    0.159688] bus: 'acpi': add device LNXCPU:01
[    0.159707]     utils-0051 util_eval_error       : Evaluate [\_PR_.C001._SUN]: AE_NOT_FOUND
[    0.160001]      scan-1916 add_single_object     : Added LNXCPU:01 [\_PR_.C001] parent LNXSYSTM:00
[    0.160001]      scan-1133 get_device_data       : No context for object [ffff88040d83c488]
[    0.160001]      scan-1133 get_device_data       : No context for object [ffff88040d83c4b0]
[    0.160001]      scan-1133 get_device_data       : No context for object [ffff88040d83c4d8]
[    0.160001]      scan-1133 get_device_data       : No context for object [ffff88040d83c500]
[    0.160001]      scan-1133 get_device_data       : No context for object [ffff88040d83c528]
[    0.160001]      scan-1133 get_device_data       : No context for object [ffff88040d83c550]
[    0.160001]      scan-1133 get_device_data       : No context for object [ffff88040d81d1b8]
[    0.160001]     utils-0051 util_eval_error       : Evaluate [\_PR_.C002._STA]: AE_NOT_FOUND
[    0.160001]      scan-1133 get_device_data       : No context for object [ffff88040d81d028]
[    0.160001] device: 'LNXCPU:02': device_add
[    0.160001] bus: 'acpi': add device LNXCPU:02
[    0.160001]     utils-0051 util_eval_error       : Evaluate [\_PR_.C002._SUN]: AE_NOT_FOUND
[    0.160017]      scan-1916 add_single_object     : Added LNXCPU:02 [\_PR_.C002] parent LNXSYSTM:00
[    0.160017]      scan-1133 get_device_data       : No context for object [ffff88040d83c578]
[    0.160017]      scan-1133 get_device_data       : No context for object [ffff88040d83c5a0]
[    0.160017]      scan-1133 get_device_data       : No context for object [ffff88040d83c5c8]
[    0.160017]      scan-1133 get_device_data       : No context for object [ffff88040d83c5f0]
[    0.160017]      scan-1133 get_device_data       : No context for object [ffff88040d83c618]
[    0.160017]      scan-1133 get_device_data       : No context for object [ffff88040d83c640]
[    0.160017]      scan-1133 get_device_data       : No context for object [ffff88040d81d1e0]
[    0.160017]     utils-0051 util_eval_error       : Evaluate [\_PR_.C003._STA]: AE_NOT_FOUND
[    0.160017]      scan-1133 get_device_data       : No context for object [ffff88040d81d028]
[    0.160017] device: 'LNXCPU:03': device_add
[    0.160017] bus: 'acpi': add device LNXCPU:03
[    0.160017]     utils-0051 util_eval_error       : Evaluate [\_PR_.C003._SUN]: AE_NOT_FOUND
[    0.160024]      scan-1916 add_single_object     : Added LNXCPU:03 [\_PR_.C003] parent LNXSYSTM:00
[    0.160024]      scan-1133 get_device_data       : No context for object [ffff88040d83c668]
[    0.160032]      scan-1133 get_device_data       : No context for object [ffff88040d83c690]
[    0.160041]      scan-1133 get_device_data       : No context for object [ffff88040d83c6b8]
[    0.160049]      scan-1133 get_device_data       : No context for object [ffff88040d83c6e0]
[    0.160058]      scan-1133 get_device_data       : No context for object [ffff88040d83c708]
[    0.160066]      scan-1133 get_device_data       : No context for object [ffff88040d83c730]
[    0.160075]      scan-1133 get_device_data       : No context for object [ffff88040d81d050]
[    0.160085]     utils-0051 util_eval_error       : Evaluate [\_SB_._STA]: AE_NOT_FOUND
[    0.160136] device: 'LNXSYBUS:00': device_add
[    0.160143] bus: 'acpi': add device LNXSYBUS:00
[    0.160163]     utils-0051 util_eval_error       : Evaluate [\_SB_._SUN]: AE_NOT_FOUND
[    0.160181]      scan-1916 add_single_object     : Added LNXSYBUS:00 [\_SB_] parent LNXSYSTM:00
[    0.160195]      scan-1133 get_device_data       : No context for object [ffff88040d81d3c0]
[    0.160204]      scan-1133 get_device_data       : No context for object [ffff88040d81d3e8]
[    0.160212]      scan-1133 get_device_data       : No context for object [ffff88040d81d410]
[    0.160221]      scan-1133 get_device_data       : No context for object [ffff88040d81d438]
[    0.160229]      scan-1133 get_device_data       : No context for object [ffff88040d81d460]
[    0.160237]      scan-1133 get_device_data       : No context for object [ffff88040d81d488]
[    0.160246]      scan-1133 get_device_data       : No context for object [ffff88040d81d4b0]
[    0.160254]      scan-1133 get_device_data       : No context for object [ffff88040d81d5a0]
[    0.160264]     utils-0051 util_eval_error       : Evaluate [\_SB_.PWRB._STA]: AE_NOT_FOUND
[    0.160305] device: 'PNP0C0C:00': device_add
[    0.160312] bus: 'acpi': add device PNP0C0C:00
[    0.160331]     utils-0051 util_eval_error       : Evaluate [\_SB_.PWRB._SUN]: AE_NOT_FOUND
[    0.160349]      scan-1916 add_single_object     : Added PNP0C0C:00 [\_SB_.PWRB] parent LNXSYBUS:00
[    0.160361]      scan-1133 get_device_data       : No context for object [ffff88040d81d5c8]
[    0.160370]      scan-1133 get_device_data       : No context for object [ffff88040d81d5f0]
[    0.160381]     utils-0051 util_eval_error       : Evaluate [\_SB_.PCI0._STA]: AE_NOT_FOUND
[    0.160437] device: 'PNP0A08:00': device_add
[    0.160444] bus: 'acpi': add device PNP0A08:00
[    0.160468]     utils-0051 util_eval_error       : Evaluate [\_SB_.PCI0._SUN]: AE_NOT_FOUND
[    0.160488]      scan-1916 add_single_object     : Added PNP0A08:00 [\_SB_.PCI0] parent LNXSYBUS:00
[    0.160502]      scan-1133 get_device_data       : No context for object [ffff88040d81d618]
[    0.160511]      scan-1133 get_device_data       : No context for object [ffff88040d81d640]
[    0.160519]      scan-1133 get_device_data       : No context for object [ffff88040d81d668]
[    0.160527]      scan-1133 get_device_data       : No context for object [ffff88040d81d690]
[    0.160536]      scan-1133 get_device_data       : No context for object [ffff88040d81d6b8]
[    0.160544]      scan-1133 get_device_data       : No context for object [ffff88040d81d6e0]
[    0.160552]      scan-1133 get_device_data       : No context for object [ffff88040d81d708]
[    0.160561]      scan-1133 get_device_data       : No context for object [ffff88040d81d730]
[    0.160569]      scan-1133 get_device_data       : No context for object [ffff88040d81d758]
[    0.160577]      scan-1133 get_device_data       : No context for object [ffff88040d81d780]
[    0.160586]      scan-1133 get_device_data       : No context for object [ffff88040d81d7a8]
[    0.160594]      scan-1133 get_device_data       : No context for object [ffff88040d81d7d0]
[    0.160602]      scan-1133 get_device_data       : No context for object [ffff88040d81d7f8]
[    0.160611]      scan-1133 get_device_data       : No context for object [ffff88040d81d820]
[    0.160619]      scan-1133 get_device_data       : No context for object [ffff88040d81d848]
[    0.160627]      scan-1133 get_device_data       : No context for object [ffff88040d81d870]
[    0.160636]      scan-1133 get_device_data       : No context for object [ffff88040d81d898]
[    0.160644]      scan-1133 get_device_data       : No context for object [ffff88040d81d8c0]
[    0.160652]      scan-1133 get_device_data       : No context for object [ffff88040d81d8e8]
[    0.160661]      scan-1133 get_device_data       : No context for object [ffff88040d81d910]
[    0.160669]      scan-1133 get_device_data       : No context for object [ffff88040d81d938]
[    0.160677]      scan-1133 get_device_data       : No context for object [ffff88040d81d960]
[    0.160685]      scan-1133 get_device_data       : No context for object [ffff88040d81d988]
[    0.160694]      scan-1133 get_device_data       : No context for object [ffff88040d81d9b0]
[    0.160702]      scan-1133 get_device_data       : No context for object [ffff88040d81d9d8]
[    0.160711]      scan-1133 get_device_data       : No context for object [ffff88040d81da00]
[    0.160719]      scan-1133 get_device_data       : No context for object [ffff88040d81da28]
[    0.160727]      scan-1133 get_device_data       : No context for object [ffff88040d81da50]
[    0.160736]      scan-1133 get_device_data       : No context for object [ffff88040d81da78]
[    0.160744]      scan-1133 get_device_data       : No context for object [ffff88040d81daa0]
[    0.160752]      scan-1133 get_device_data       : No context for object [ffff88040d81dac8]
[    0.160761]      scan-1133 get_device_data       : No context for object [ffff88040d81daf0]
[    0.160769]      scan-1133 get_device_data       : No context for object [ffff88040d81db18]
[    0.160777]      scan-1133 get_device_data       : No context for object [ffff88040d81db40]
[    0.160785]      scan-1133 get_device_data       : No context for object [ffff88040d81db68]
[    0.160794]      scan-1133 get_device_data       : No context for object [ffff88040d81db90]
[    0.160802]      scan-1133 get_device_data       : No context for object [ffff88040d81dbb8]
[    0.160810]      scan-1133 get_device_data       : No context for object [ffff88040d81dbe0]
[    0.160819]      scan-1133 get_device_data       : No context for object [ffff88040d81dc08]
[    0.160827]      scan-1133 get_device_data       : No context for object [ffff88040d81dc30]
[    0.160835]      scan-1133 get_device_data       : No context for object [ffff88040d81dc58]
[    0.160844]      scan-1133 get_device_data       : No context for object [ffff88040d81dc80]
[    0.160852]      scan-1133 get_device_data       : No context for object [ffff88040d81dca8]
[    0.160860]      scan-1133 get_device_data       : No context for object [ffff88040d81dcd0]
[    0.160868]      scan-1133 get_device_data       : No context for object [ffff88040d81dcf8]
[    0.160877]      scan-1133 get_device_data       : No context for object [ffff88040d81dd20]
[    0.160885]      scan-1133 get_device_data       : No context for object [ffff88040d81dd48]
[    0.160893]      scan-1133 get_device_data       : No context for object [ffff88040d81dd70]
[    0.160902]      scan-1133 get_device_data       : No context for object [ffff88040d81dd98]
[    0.160910]      scan-1133 get_device_data       : No context for object [ffff88040d81ddc0]
[    0.160918]      scan-1133 get_device_data       : No context for object [ffff88040d81dde8]
[    0.160926]      scan-1133 get_device_data       : No context for object [ffff88040d81de10]
[    0.160935]      scan-1133 get_device_data       : No context for object [ffff88040d81de38]
[    0.160943]      scan-1133 get_device_data       : No context for object [ffff88040d81de60]
[    0.160951]      scan-1133 get_device_data       : No context for object [ffff88040d81de88]
[    0.160960]      scan-1133 get_device_data       : No context for object [ffff88040d81deb0]
[    0.160968]      scan-1133 get_device_data       : No context for object [ffff88040d81ded8]
[    0.160976]      scan-1133 get_device_data       : No context for object [ffff88040d81df00]
[    0.160985]      scan-1133 get_device_data       : No context for object [ffff88040d81df28]
[    0.160993]      scan-1133 get_device_data       : No context for object [ffff88040d81df50]
[    0.161004]      scan-1133 get_device_data       : No context for object [ffff88040d81df78]
[    0.161013]      scan-1133 get_device_data       : No context for object [ffff88040d81dfa0]
[    0.161021]      scan-1133 get_device_data       : No context for object [ffff88040d81dfc8]
[    0.161030]      scan-1133 get_device_data       : No context for object [ffff88040d822000]
[    0.161038]      scan-1133 get_device_data       : No context for object [ffff88040d822028]
[    0.161048]     utils-0051 util_eval_error       : Evaluate [\_SB_.PCI0.MEMR._STA]: AE_NOT_FOUND
[    0.161090] device: 'PNP0C02:00': device_add
[    0.161097] bus: 'acpi': add device PNP0C02:00
[    0.161116]     utils-0051 util_eval_error       : Evaluate [\_SB_.PCI0.MEMR._SUN]: AE_NOT_FOUND
[    0.161134]      scan-1916 add_single_object     : Added PNP0C02:00 [\_SB_.PCI0.MEMR] parent PNP0A08:00
[    0.161147]      scan-1133 get_device_data       : No context for object [ffff88040d822050]
[    0.161156]      scan-1133 get_device_data       : No context for object [ffff88040d822078]
[    0.161164]      scan-1133 get_device_data       : No context for object [ffff88040d8220a0]
[    0.161173]      scan-1133 get_device_data       : No context for object [ffff88040d8220c8]
[    0.161182]      scan-1133 get_device_data       : No context for object [ffff88040d8220f0]
[    0.161190]      scan-1133 get_device_data       : No context for object [ffff88040d822118]
[    0.161198]      scan-1133 get_device_data       : No context for object [ffff88040d822140]
[    0.161207]      scan-1133 get_device_data       : No context for object [ffff88040d822168]
[    0.161215]      scan-1133 get_device_data       : No context for object [ffff88040d822190]
[    0.161223]      scan-1133 get_device_data       : No context for object [ffff88040d8221b8]
[    0.161232]      scan-1133 get_device_data       : No context for object [ffff88040d8221e0]
[    0.161240]      scan-1133 get_device_data       : No context for object [ffff88040d822208]
[    0.161248]      scan-1133 get_device_data       : No context for object [ffff88040d822230]
[    0.161257]      scan-1133 get_device_data       : No context for object [ffff88040d822258]
[    0.161265]      scan-1133 get_device_data       : No context for object [ffff88040d822280]
[    0.161273]      scan-1133 get_device_data       : No context for object [ffff88040d8222a8]
[    0.161283]     utils-0051 util_eval_error       : Evaluate [\_SB_.PCI0.PB2_._STA]: AE_NOT_FOUND
[    0.161359] device: 'device:00': device_add
[    0.161367] bus: 'acpi': add device device:00
[    0.161385]     utils-0051 util_eval_error       : Evaluate [\_SB_.PCI0.PB2_._SUN]: AE_NOT_FOUND
[    0.161404]      scan-1916 add_single_object     : Added device:00 [\_SB_.PCI0.PB2_] parent PNP0A08:00
[    0.161416]      scan-1133 get_device_data       : No context for object [ffff88040d8222d0]
[    0.161425]      scan-1133 get_device_data       : No context for object [ffff88040d8222f8]
[    0.161434]      scan-1133 get_device_data       : No context for object [ffff88040d822320]
[    0.161442]      scan-1133 get_device_data       : No context for object [ffff88040d822348]
[    0.161450]      scan-1133 get_device_data       : No context for object [ffff88040d822370]
[    0.161459]      scan-1133 get_device_data       : No context for object [ffff88040d822398]
[    0.161467]      scan-1133 get_device_data       : No context for object [ffff88040d8223c0]
[    0.161476]      scan-1133 get_device_data       : No context for object [ffff88040d8223e8]
[    0.161484]      scan-1133 get_device_data       : No context for object [ffff88040d822410]
[    0.161493]      scan-1133 get_device_data       : No context for object [ffff88040d822438]
[    0.161501]      scan-1133 get_device_data       : No context for object [ffff88040d822460]
[    0.161510]      scan-1133 get_device_data       : No context for object [ffff88040d822488]
[    0.161518]      scan-1133 get_device_data       : No context for object [ffff88040d8224b0]
[    0.161526]      scan-1133 get_device_data       : No context for object [ffff88040d8224d8]
[    0.161535]      scan-1133 get_device_data       : No context for object [ffff88040d822500]
[    0.161543]      scan-1133 get_device_data       : No context for object [ffff88040d822528]
[    0.161552]      scan-1133 get_device_data       : No context for object [ffff88040d822550]
[    0.161560]      scan-1133 get_device_data       : No context for object [ffff88040d822578]
[    0.161568]      scan-1133 get_device_data       : No context for object [ffff88040d8225a0]
[    0.161576]      scan-1133 get_device_data       : No context for object [ffff88040d8225c8]
[    0.161585]      scan-1133 get_device_data       : No context for object [ffff88040d8225f0]
[    0.161593]      scan-1133 get_device_data       : No context for object [ffff88040d822618]
[    0.161601]      scan-1133 get_device_data       : No context for object [ffff88040d822640]
[    0.161610]      scan-1133 get_device_data       : No context for object [ffff88040d822668]
[    0.161618]      scan-1133 get_device_data       : No context for object [ffff88040d822690]
[    0.161626]      scan-1133 get_device_data       : No context for object [ffff88040d8226b8]
[    0.161635]      scan-1133 get_device_data       : No context for object [ffff88040d8226e0]
[    0.161643]      scan-1133 get_device_data       : No context for object [ffff88040d822708]
[    0.161651]      scan-1133 get_device_data       : No context for object [ffff88040d822730]
[    0.161660]      scan-1133 get_device_data       : No context for object [ffff88040d822758]
[    0.161668]      scan-1133 get_device_data       : No context for object [ffff88040d822780]
[    0.161678]     utils-0051 util_eval_error       : Evaluate [\_SB_.PCI0.PB2_.VGA_._STA]: AE_NOT_FOUND
[    0.161724] device: 'device:01': device_add
[    0.161734] bus: 'acpi': add device device:01
[    0.161754]     utils-0051 util_eval_error       : Evaluate [\_SB_.PCI0.PB2_.VGA_._SUN]: AE_NOT_FOUND
[    0.162001]      scan-1916 add_single_object     : Added device:01 [\_SB_.PCI0.PB2_.VGA_] parent device:00
[    0.162001]      scan-1133 get_device_data       : No context for object [ffff88040d8227a8]
[    0.162001]      scan-1133 get_device_data       : No context for object [ffff88040d8227d0]
[    0.162001]      scan-1133 get_device_data       : No context for object [ffff88040d8227f8]
[    0.162001]      scan-1133 get_device_data       : No context for object [ffff88040d822820]
[    0.162001]      scan-1133 get_device_data       : No context for object [ffff88040d822848]
[    0.162001]      scan-1133 get_device_data       : No context for object [ffff88040d822870]
[    0.162001]      scan-1133 get_device_data       : No context for object [ffff88040d822898]
[    0.162001]      scan-1133 get_device_data       : No context for object [ffff88040d8228c0]
[    0.162001]      scan-1133 get_device_data       : No context for object [ffff88040d8228e8]
[    0.162001]      scan-1133 get_device_data       : No context for object [ffff88040d822910]
[    0.162001]      scan-1133 get_device_data       : No context for object [ffff88040d822938]
[    0.162001]      scan-1133 get_device_data       : No context for object [ffff88040d822960]
[    0.162001]      scan-1133 get_device_data       : No context for object [ffff88040d822988]
[    0.162001]      scan-1133 get_device_data       : No context for object [ffff88040d8229b0]
[    0.162001]      scan-1133 get_device_data       : No context for object [ffff88040d8229d8]
[    0.162001]      scan-1133 get_device_data       : No context for object [ffff88040d822a00]
[    0.162001]      scan-1133 get_device_data       : No context for object [ffff88040d822a28]
[    0.162001]      scan-1133 get_device_data       : No context for object [ffff88040d822a50]
[    0.162001]      scan-1133 get_device_data       : No context for object [ffff88040d822a78]
[    0.162001]      scan-1133 get_device_data       : No context for object [ffff88040d822aa0]
[    0.162001]      scan-1133 get_device_data       : No context for object [ffff88040d822ac8]
[    0.162001]      scan-1133 get_device_data       : No context for object [ffff88040d822af0]
[    0.162001]      scan-1133 get_device_data       : No context for object [ffff88040d822b18]
[    0.162001]      scan-1133 get_device_data       : No context for object [ffff88040d822b40]
[    0.162001]      scan-1133 get_device_data       : No context for object [ffff88040d822b68]
[    0.162001]      scan-1133 get_device_data       : No context for object [ffff88040d822b90]
[    0.162024]      scan-1133 get_device_data       : No context for object [ffff88040d822bb8]
[    0.162024]      scan-1133 get_device_data       : No context for object [ffff88040d822be0]
[    0.162029]      scan-1133 get_device_data       : No context for object [ffff88040d822c08]
[    0.162038]      scan-1133 get_device_data       : No context for object [ffff88040d822c30]
[    0.162046]      scan-1133 get_device_data       : No context for object [ffff88040d822c58]
[    0.162055]      scan-1133 get_device_data       : No context for object [ffff88040d822c80]
[    0.162063]      scan-1133 get_device_data       : No context for object [ffff88040d822ca8]
[    0.162071]      scan-1133 get_device_data       : No context for object [ffff88040d822cd0]
[    0.162080]      scan-1133 get_device_data       : No context for object [ffff88040d822cf8]
[    0.162088]      scan-1133 get_device_data       : No context for object [ffff88040d822d20]
[    0.162097]      scan-1133 get_device_data       : No context for object [ffff88040d822d48]
[    0.162105]      scan-1133 get_device_data       : No context for object [ffff88040d822d70]
[    0.162113]      scan-1133 get_device_data       : No context for object [ffff88040d822d98]
[    0.162122]      scan-1133 get_device_data       : No context for object [ffff88040d837438]
[    0.162130]      scan-1133 get_device_data       : No context for object [ffff88040d822dc0]
[    0.162140]     utils-0051 util_eval_error       : Evaluate [\_SB_.PCI0.PB2_.HDAU._STA]: AE_NOT_FOUND
[    0.162182] device: 'device:02': device_add
[    0.162190] bus: 'acpi': add device device:02
[    0.162209]     utils-0051 util_eval_error       : Evaluate [\_SB_.PCI0.PB2_.HDAU._SUN]: AE_NOT_FOUND
[    0.162226]      scan-1916 add_single_object     : Added device:02 [\_SB_.PCI0.PB2_.HDAU] parent device:00
[    0.162239]      scan-1133 get_device_data       : No context for object [ffff88040d822de8]
[    0.162247]      scan-1133 get_device_data       : No context for object [ffff88040d822e10]
[    0.162256]      scan-1133 get_device_data       : No context for object [ffff88040d822e38]
[    0.162264]      scan-1133 get_device_data       : No context for object [ffff88040d822e60]
[    0.162273]      scan-1133 get_device_data       : No context for object [ffff88040d822e88]
[    0.162281]      scan-1133 get_device_data       : No context for object [ffff88040d822eb0]
[    0.162290]      scan-1133 get_device_data       : No context for object [ffff88040d822ed8]
[    0.162300]     utils-0051 util_eval_error       : Evaluate [\_SB_.PCI0.PB3_._STA]: AE_NOT_FOUND
[    0.162357] device: 'device:03': device_add
[    0.162364] bus: 'acpi': add device device:03
[    0.162383]     utils-0051 util_eval_error       : Evaluate [\_SB_.PCI0.PB3_._SUN]: AE_NOT_FOUND
[    0.162401]      scan-1916 add_single_object     : Added device:03 [\_SB_.PCI0.PB3_] parent PNP0A08:00
[    0.162414]      scan-1133 get_device_data       : No context for object [ffff88040d822f00]
[    0.162423]      scan-1133 get_device_data       : No context for object [ffff88040d822f28]
[    0.162431]      scan-1133 get_device_data       : No context for object [ffff88040d822f50]
[    0.162440]      scan-1133 get_device_data       : No context for object [ffff88040d822f78]
[    0.162448]      scan-1133 get_device_data       : No context for object [ffff88040d822fa0]
[    0.162456]      scan-1133 get_device_data       : No context for object [ffff88040d822fc8]
[    0.162465]      scan-1133 get_device_data       : No context for object [ffff88040d823000]
[    0.162473]      scan-1133 get_device_data       : No context for object [ffff88040d823028]
[    0.162481]      scan-1133 get_device_data       : No context for object [ffff88040d823050]
[    0.162489]      scan-1133 get_device_data       : No context for object [ffff88040d823078]
[    0.162498]      scan-1133 get_device_data       : No context for object [ffff88040d8230a0]
[    0.162506]      scan-1133 get_device_data       : No context for object [ffff88040d8230c8]
[    0.162514]      scan-1133 get_device_data       : No context for object [ffff88040d8230f0]
[    0.162523]      scan-1133 get_device_data       : No context for object [ffff88040d823118]
[    0.162531]      scan-1133 get_device_data       : No context for object [ffff88040d823140]
[    0.162539]      scan-1133 get_device_data       : No context for object [ffff88040d823168]
[    0.162548]      scan-1133 get_device_data       : No context for object [ffff88040d823190]
[    0.162556]      scan-1133 get_device_data       : No context for object [ffff88040d8231b8]
[    0.162564]      scan-1133 get_device_data       : No context for object [ffff88040d8231e0]
[    0.162572]      scan-1133 get_device_data       : No context for object [ffff88040d823208]
[    0.162581]      scan-1133 get_device_data       : No context for object [ffff88040d823230]
[    0.162589]      scan-1133 get_device_data       : No context for object [ffff88040d823258]
[    0.162597]      scan-1133 get_device_data       : No context for object [ffff88040d823280]
[    0.162605]      scan-1133 get_device_data       : No context for object [ffff88040d8232a8]
[    0.162614]      scan-1133 get_device_data       : No context for object [ffff88040d8232d0]
[    0.162622]      scan-1133 get_device_data       : No context for object [ffff88040d8232f8]
[    0.162630]      scan-1133 get_device_data       : No context for object [ffff88040d823320]
[    0.162639]      scan-1133 get_device_data       : No context for object [ffff88040d823348]
[    0.162647]      scan-1133 get_device_data       : No context for object [ffff88040d823370]
[    0.162655]      scan-1133 get_device_data       : No context for object [ffff88040d823398]
[    0.162663]      scan-1133 get_device_data       : No context for object [ffff88040d8233c0]
[    0.162673]     utils-0051 util_eval_error       : Evaluate [\_SB_.PCI0.PB3_.VGA_._STA]: AE_NOT_FOUND
[    0.162711]     video-0058 backlight_cap_match   : Found generic backlight support
[    0.162730] device: 'LNXVIDEO:00': device_add
[    0.162740] bus: 'acpi': add device LNXVIDEO:00
[    0.162761]     utils-0051 util_eval_error       : Evaluate [\_SB_.PCI0.PB3_.VGA_._SUN]: AE_NOT_FOUND
[    0.163003]      scan-1916 add_single_object     : Added LNXVIDEO:00 [\_SB_.PCI0.PB3_.VGA_] parent device:03
[    0.163003]      scan-1133 get_device_data       : No context for object [ffff88040d8233e8]
[    0.163003]      scan-1133 get_device_data       : No context for object [ffff88040d823410]
[    0.163003]      scan-1133 get_device_data       : No context for object [ffff88040d823438]
[    0.163003]      scan-1133 get_device_data       : No context for object [ffff88040d823460]
[    0.163003]      scan-1133 get_device_data       : No context for object [ffff88040d823488]
[    0.163003]      scan-1133 get_device_data       : No context for object [ffff88040d8234b0]
[    0.163003]      scan-1133 get_device_data       : No context for object [ffff88040d8234d8]
[    0.163003]      scan-1133 get_device_data       : No context for object [ffff88040d823500]
[    0.163003]      scan-1133 get_device_data       : No context for object [ffff88040d823528]
[    0.163003]      scan-1133 get_device_data       : No context for object [ffff88040d823550]
[    0.163003]      scan-1133 get_device_data       : No context for object [ffff88040d823578]
[    0.163003]      scan-1133 get_device_data       : No context for object [ffff88040d8235a0]
[    0.163003]      scan-1133 get_device_data       : No context for object [ffff88040d8235c8]
[    0.163003]      scan-1133 get_device_data       : No context for object [ffff88040d8235f0]
[    0.163003]      scan-1133 get_device_data       : No context for object [ffff88040d823618]
[    0.163003]      scan-1133 get_device_data       : No context for object [ffff88040d823640]
[    0.163003]      scan-1133 get_device_data       : No context for object [ffff88040d823668]
[    0.163003]      scan-1133 get_device_data       : No context for object [ffff88040d823690]
[    0.163003]      scan-1133 get_device_data       : No context for object [ffff88040d8236b8]
[    0.163003]      scan-1133 get_device_data       : No context for object [ffff88040d8236e0]
[    0.163003]      scan-1133 get_device_data       : No context for object [ffff88040d823708]
[    0.163003]      scan-1133 get_device_data       : No context for object [ffff88040d823730]
[    0.163003]      scan-1133 get_device_data       : No context for object [ffff88040d823758]
[    0.163003]      scan-1133 get_device_data       : No context for object [ffff88040d823780]
[    0.163003]      scan-1133 get_device_data       : No context for object [ffff88040d8237a8]
[    0.163007]      scan-1133 get_device_data       : No context for object [ffff88040d8237d0]
[    0.163016]      scan-1133 get_device_data       : No context for object [ffff88040d8237f8]
[    0.163024]      scan-1133 get_device_data       : No context for object [ffff88040d823820]
[    0.163032]      scan-1133 get_device_data       : No context for object [ffff88040d823848]
[    0.163040]      scan-1133 get_device_data       : No context for object [ffff88040d823870]
[    0.163049]      scan-1133 get_device_data       : No context for object [ffff88040d823898]
[    0.163057]      scan-1133 get_device_data       : No context for object [ffff88040d8238c0]
[    0.163065]      scan-1133 get_device_data       : No context for object [ffff88040d8238e8]
[    0.163074]      scan-1133 get_device_data       : No context for object [ffff88040d823910]
[    0.163082]      scan-1133 get_device_data       : No context for object [ffff88040d823938]
[    0.163090]      scan-1133 get_device_data       : No context for object [ffff88040d823960]
[    0.163099]      scan-1133 get_device_data       : No context for object [ffff88040d823988]
[    0.163107]      scan-1133 get_device_data       : No context for object [ffff88040d8239b0]
[    0.163115]      scan-1133 get_device_data       : No context for object [ffff88040d8239d8]
[    0.163123]      scan-1133 get_device_data       : No context for object [ffff88040d837460]
[    0.163132]      scan-1133 get_device_data       : No context for object [ffff88040d83ac08]
[    0.163140]      scan-1133 get_device_data       : No context for object [ffff88040d83ac30]
[    0.163148]      scan-1133 get_device_data       : No context for object [ffff88040d83ac58]
[    0.163158]     utils-0051 util_eval_error       : Evaluate [\_SB_.PCI0.PB3_.VGA_.CRT_._STA]: AE_NOT_FOUND
[    0.163212] device: 'device:04': device_add
[    0.163219] bus: 'acpi': add device device:04
[    0.163238]     utils-0051 util_eval_error       : Evaluate [\_SB_.PCI0.PB3_.VGA_.CRT_._SUN]: AE_NOT_FOUND
[    0.163257]      scan-1916 add_single_object     : Added device:04 [\_SB_.PCI0.PB3_.VGA_.CRT_] parent LNXVIDEO:00
[    0.163270]      scan-1133 get_device_data       : No context for object [ffff88040d83ac80]
[    0.163279]      scan-1133 get_device_data       : No context for object [ffff88040d83aca8]
[    0.163287]      scan-1133 get_device_data       : No context for object [ffff88040d83acd0]
[    0.163296]      scan-1133 get_device_data       : No context for object [ffff88040d83acf8]
[    0.163304]      scan-1133 get_device_data       : No context for object [ffff88040d83ad20]
[    0.163314]     utils-0051 util_eval_error       : Evaluate [\_SB_.PCI0.PB3_.VGA_.LCD_._STA]: AE_NOT_FOUND
[    0.163369] device: 'device:05': device_add
[    0.163377] bus: 'acpi': add device device:05
[    0.163401]     utils-0051 util_eval_error       : Evaluate [\_SB_.PCI0.PB3_.VGA_.LCD_._SUN]: AE_NOT_FOUND
[    0.163420]      scan-1916 add_single_object     : Added device:05 [\_SB_.PCI0.PB3_.VGA_.LCD_] parent LNXVIDEO:00
[    0.163433]      scan-1133 get_device_data       : No context for object [ffff88040d83ad48]
[    0.163442]      scan-1133 get_device_data       : No context for object [ffff88040d83ad70]
[    0.163451]      scan-1133 get_device_data       : No context for object [ffff88040d83ad98]
[    0.163459]      scan-1133 get_device_data       : No context for object [ffff88040d83adc0]
[    0.163467]      scan-1133 get_device_data       : No context for object [ffff88040d83ade8]
[    0.163476]      scan-1133 get_device_data       : No context for object [ffff88040d83ae10]
[    0.163484]      scan-1133 get_device_data       : No context for object [ffff88040d83ae38]
[    0.163493]      scan-1133 get_device_data       : No context for object [ffff88040d83ae60]
[    0.163502]     utils-0051 util_eval_error       : Evaluate [\_SB_.PCI0.PB3_.VGA_.TV0_._STA]: AE_NOT_FOUND
[    0.163544] device: 'device:06': device_add
[    0.163551] bus: 'acpi': add device device:06
[    0.163570]     utils-0051 util_eval_error       : Evaluate [\_SB_.PCI0.PB3_.VGA_.TV0_._SUN]: AE_NOT_FOUND
[    0.163590]      scan-1916 add_single_object     : Added device:06 [\_SB_.PCI0.PB3_.VGA_.TV0_] parent LNXVIDEO:00
[    0.163602]      scan-1133 get_device_data       : No context for object [ffff88040d83ae88]
[    0.163611]      scan-1133 get_device_data       : No context for object [ffff88040d83aeb0]
[    0.163619]      scan-1133 get_device_data       : No context for object [ffff88040d83aed8]
[    0.163628]      scan-1133 get_device_data       : No context for object [ffff88040d83af00]
[    0.163636]      scan-1133 get_device_data       : No context for object [ffff88040d83af28]
[    0.163646]     utils-0051 util_eval_error       : Evaluate [\_SB_.PCI0.PB3_.VGA_.HDMI._STA]: AE_NOT_FOUND
[    0.163696] device: 'device:07': device_add
[    0.163704] bus: 'acpi': add device device:07
[    0.163723]     utils-0051 util_eval_error       : Evaluate [\_SB_.PCI0.PB3_.VGA_.HDMI._SUN]: AE_NOT_FOUND
[    0.164001]      scan-1916 add_single_object     : Added device:07 [\_SB_.PCI0.PB3_.VGA_.HDMI] parent LNXVIDEO:00
[    0.164001]      scan-1133 get_device_data       : No context for object [ffff88040d83af50]
[    0.164001]      scan-1133 get_device_data       : No context for object [ffff88040d83af78]
[    0.164001]      scan-1133 get_device_data       : No context for object [ffff88040d83afa0]
[    0.164001]      scan-1133 get_device_data       : No context for object [ffff88040d83afc8]
[    0.164001]      scan-1133 get_device_data       : No context for object [ffff88040d823a00]
[    0.164001]     utils-0051 util_eval_error       : Evaluate [\_SB_.PCI0.PB3_.HDAU._STA]: AE_NOT_FOUND
[    0.164001] device: 'device:08': device_add
[    0.164001] bus: 'acpi': add device device:08
[    0.164001]     utils-0051 util_eval_error       : Evaluate [\_SB_.PCI0.PB3_.HDAU._SUN]: AE_NOT_FOUND
[    0.164016]      scan-1916 add_single_object     : Added device:08 [\_SB_.PCI0.PB3_.HDAU] parent device:03
[    0.164016]      scan-1133 get_device_data       : No context for object [ffff88040d823a28]
[    0.164016]      scan-1133 get_device_data       : No context for object [ffff88040d823a50]
[    0.164016]      scan-1133 get_device_data       : No context for object [ffff88040d823a78]
[    0.164016]      scan-1133 get_device_data       : No context for object [ffff88040d823aa0]
[    0.164016]      scan-1133 get_device_data       : No context for object [ffff88040d823ac8]
[    0.164016]      scan-1133 get_device_data       : No context for object [ffff88040d823af0]
[    0.164016]      scan-1133 get_device_data       : No context for object [ffff88040d823b18]
[    0.164016]     utils-0051 util_eval_error       : Evaluate [\_SB_.PCI0.PB4_._STA]: AE_NOT_FOUND
[    0.164071] device: 'device:09': device_add
[    0.164079] bus: 'acpi': add device device:09
[    0.164098]     utils-0051 util_eval_error       : Evaluate [\_SB_.PCI0.PB4_._SUN]: AE_NOT_FOUND
[    0.164116]      scan-1916 add_single_object     : Added device:09 [\_SB_.PCI0.PB4_] parent PNP0A08:00
[    0.164128]      scan-1133 get_device_data       : No context for object [ffff88040d823b40]
[    0.164137]      scan-1133 get_device_data       : No context for object [ffff88040d823b68]
[    0.164146]      scan-1133 get_device_data       : No context for object [ffff88040d823b90]
[    0.164154]      scan-1133 get_device_data       : No context for object [ffff88040d823bb8]
[    0.164163]      scan-1133 get_device_data       : No context for object [ffff88040d823be0]
[    0.164171]      scan-1133 get_device_data       : No context for object [ffff88040d823c08]
[    0.164179]      scan-1133 get_device_data       : No context for object [ffff88040d823c30]
[    0.164188]      scan-1133 get_device_data       : No context for object [ffff88040d823c58]
[    0.164196]      scan-1133 get_device_data       : No context for object [ffff88040d823c80]
[    0.164204]      scan-1133 get_device_data       : No context for object [ffff88040d823ca8]
[    0.164212]      scan-1133 get_device_data       : No context for object [ffff88040d823cd0]
[    0.164221]      scan-1133 get_device_data       : No context for object [ffff88040d823cf8]
[    0.164229]      scan-1133 get_device_data       : No context for object [ffff88040d823d20]
[    0.164238]      scan-1133 get_device_data       : No context for object [ffff88040d823d48]
[    0.164246]      scan-1133 get_device_data       : No context for object [ffff88040d823d70]
[    0.164254]      scan-1133 get_device_data       : No context for object [ffff88040d823d98]
[    0.164263]      scan-1133 get_device_data       : No context for object [ffff88040d823dc0]
[    0.164271]      scan-1133 get_device_data       : No context for object [ffff88040d823de8]
[    0.164279]      scan-1133 get_device_data       : No context for object [ffff88040d823e10]
[    0.164287]      scan-1133 get_device_data       : No context for object [ffff88040d823e38]
[    0.164296]      scan-1133 get_device_data       : No context for object [ffff88040d823e60]
[    0.164304]      scan-1133 get_device_data       : No context for object [ffff88040d823e88]
[    0.164312]      scan-1133 get_device_data       : No context for object [ffff88040d823eb0]
[    0.164320]      scan-1133 get_device_data       : No context for object [ffff88040d823ed8]
[    0.164329]      scan-1133 get_device_data       : No context for object [ffff88040d823f00]
[    0.164337]      scan-1133 get_device_data       : No context for object [ffff88040d823f28]
[    0.164345]      scan-1133 get_device_data       : No context for object [ffff88040d823f50]
[    0.164353]      scan-1133 get_device_data       : No context for object [ffff88040d823f78]
[    0.164362]      scan-1133 get_device_data       : No context for object [ffff88040d823fa0]
[    0.164370]      scan-1133 get_device_data       : No context for object [ffff88040d823fc8]
[    0.164378]      scan-1133 get_device_data       : No context for object [ffff88040d825000]
[    0.164388]     utils-0051 util_eval_error       : Evaluate [\_SB_.PCI0.PB4_.XPDV._STA]: AE_NOT_FOUND
[    0.164430] device: 'device:0a': device_add
[    0.164437] bus: 'acpi': add device device:0a
[    0.164456]     utils-0051 util_eval_error       : Evaluate [\_SB_.PCI0.PB4_.XPDV._SUN]: AE_NOT_FOUND
[    0.164474]      scan-1916 add_single_object     : Added device:0a [\_SB_.PCI0.PB4_.XPDV] parent device:09
[    0.164486]      scan-1133 get_device_data       : No context for object [ffff88040d825028]
[    0.164495]      scan-1133 get_device_data       : No context for object [ffff88040d825050]
[    0.164503]      scan-1133 get_device_data       : No context for object [ffff88040d825078]
[    0.164512]      scan-1133 get_device_data       : No context for object [ffff88040d8250a0]
[    0.164520]      scan-1133 get_device_data       : No context for object [ffff88040d8250c8]
[    0.164529]      scan-1133 get_device_data       : No context for object [ffff88040d837500]
[    0.164537]      scan-1133 get_device_data       : No context for object [ffff88040d8250f0]
[    0.164546]      scan-1133 get_device_data       : No context for object [ffff88040d825118]
[    0.164555]     utils-0051 util_eval_error       : Evaluate [\_SB_.PCI0.PB5_._STA]: AE_NOT_FOUND
[    0.164658] device: 'device:0b': device_add
[    0.164665] bus: 'acpi': add device device:0b
[    0.164687]     utils-0051 util_eval_error       : Evaluate [\_SB_.PCI0.PB5_._SUN]: AE_NOT_FOUND
[    0.165001]      scan-1916 add_single_object     : Added device:0b [\_SB_.PCI0.PB5_] parent PNP0A08:00
[    0.165001]      scan-1133 get_device_data       : No context for object [ffff88040d825140]
[    0.165001]      scan-1133 get_device_data       : No context for object [ffff88040d825168]
[    0.165001]      scan-1133 get_device_data       : No context for object [ffff88040d825190]
[    0.165001]      scan-1133 get_device_data       : No context for object [ffff88040d8251b8]
[    0.165001]      scan-1133 get_device_data       : No context for object [ffff88040d8251e0]
[    0.165001]      scan-1133 get_device_data       : No context for object [ffff88040d825208]
[    0.165001]      scan-1133 get_device_data       : No context for object [ffff88040d825230]
[    0.165001]      scan-1133 get_device_data       : No context for object [ffff88040d825258]
[    0.165001]      scan-1133 get_device_data       : No context for object [ffff88040d825280]
[    0.165001]      scan-1133 get_device_data       : No context for object [ffff88040d8252a8]
[    0.165001]      scan-1133 get_device_data       : No context for object [ffff88040d8252d0]
[    0.165001]      scan-1133 get_device_data       : No context for object [ffff88040d8252f8]
[    0.165001]      scan-1133 get_device_data       : No context for object [ffff88040d825320]
[    0.165001]      scan-1133 get_device_data       : No context for object [ffff88040d825348]
[    0.165001]      scan-1133 get_device_data       : No context for object [ffff88040d825370]
[    0.165001]      scan-1133 get_device_data       : No context for object [ffff88040d825398]
[    0.165001]      scan-1133 get_device_data       : No context for object [ffff88040d8253c0]
[    0.165001]      scan-1133 get_device_data       : No context for object [ffff88040d8253e8]
[    0.165001]      scan-1133 get_device_data       : No context for object [ffff88040d825410]
[    0.165001]      scan-1133 get_device_data       : No context for object [ffff88040d825438]
[    0.165001]      scan-1133 get_device_data       : No context for object [ffff88040d825460]
[    0.165001]      scan-1133 get_device_data       : No context for object [ffff88040d825488]
[    0.165001]      scan-1133 get_device_data       : No context for object [ffff88040d8254b0]
[    0.165001]      scan-1133 get_device_data       : No context for object [ffff88040d8254d8]
[    0.165001]      scan-1133 get_device_data       : No context for object [ffff88040d825500]
[    0.165001]      scan-1133 get_device_data       : No context for object [ffff88040d825528]
[    0.165001]      scan-1133 get_device_data       : No context for object [ffff88040d825550]
[    0.165001]      scan-1133 get_device_data       : No context for object [ffff88040d825578]
[    0.165001]      scan-1133 get_device_data       : No context for object [ffff88040d8255a0]
[    0.165001]      scan-1133 get_device_data       : No context for object [ffff88040d8255c8]
[    0.165001]      scan-1133 get_device_data       : No context for object [ffff88040d8255f0]
[    0.165001]     utils-0051 util_eval_error       : Evaluate [\_SB_.PCI0.PB5_.XPDV._STA]: AE_NOT_FOUND
[    0.165024] device: 'device:0c': device_add
[    0.165032] bus: 'acpi': add device device:0c
[    0.165051]     utils-0051 util_eval_error       : Evaluate [\_SB_.PCI0.PB5_.XPDV._SUN]: AE_NOT_FOUND
[    0.165069]      scan-1916 add_single_object     : Added device:0c [\_SB_.PCI0.PB5_.XPDV] parent device:0b
[    0.165082]      scan-1133 get_device_data       : No context for object [ffff88040d825618]
[    0.165090]      scan-1133 get_device_data       : No context for object [ffff88040d825640]
[    0.165099]      scan-1133 get_device_data       : No context for object [ffff88040d825668]
[    0.165107]      scan-1133 get_device_data       : No context for object [ffff88040d825690]
[    0.165115]      scan-1133 get_device_data       : No context for object [ffff88040d8256b8]
[    0.165124]      scan-1133 get_device_data       : No context for object [ffff88040d837528]
[    0.165132]      scan-1133 get_device_data       : No context for object [ffff88040d8256e0]
[    0.165141]      scan-1133 get_device_data       : No context for object [ffff88040d825708]
[    0.165151]     utils-0051 util_eval_error       : Evaluate [\_SB_.PCI0.PB6_._STA]: AE_NOT_FOUND
[    0.165252] device: 'device:0d': device_add
[    0.165260] bus: 'acpi': add device device:0d
[    0.165279]     utils-0051 util_eval_error       : Evaluate [\_SB_.PCI0.PB6_._SUN]: AE_NOT_FOUND
[    0.165297]      scan-1916 add_single_object     : Added device:0d [\_SB_.PCI0.PB6_] parent PNP0A08:00
[    0.165310]      scan-1133 get_device_data       : No context for object [ffff88040d825730]
[    0.165318]      scan-1133 get_device_data       : No context for object [ffff88040d825758]
[    0.165327]      scan-1133 get_device_data       : No context for object [ffff88040d825780]
[    0.165336]      scan-1133 get_device_data       : No context for object [ffff88040d8257a8]
[    0.165344]      scan-1133 get_device_data       : No context for object [ffff88040d8257d0]
[    0.165352]      scan-1133 get_device_data       : No context for object [ffff88040d8257f8]
[    0.165361]      scan-1133 get_device_data       : No context for object [ffff88040d825820]
[    0.165369]      scan-1133 get_device_data       : No context for object [ffff88040d825848]
[    0.165378]      scan-1133 get_device_data       : No context for object [ffff88040d825870]
[    0.165386]      scan-1133 get_device_data       : No context for object [ffff88040d825898]
[    0.165394]      scan-1133 get_device_data       : No context for object [ffff88040d8258c0]
[    0.165402]      scan-1133 get_device_data       : No context for object [ffff88040d8258e8]
[    0.165411]      scan-1133 get_device_data       : No context for object [ffff88040d825910]
[    0.165419]      scan-1133 get_device_data       : No context for object [ffff88040d825938]
[    0.165427]      scan-1133 get_device_data       : No context for object [ffff88040d825960]
[    0.165436]      scan-1133 get_device_data       : No context for object [ffff88040d825988]
[    0.165444]      scan-1133 get_device_data       : No context for object [ffff88040d8259b0]
[    0.165452]      scan-1133 get_device_data       : No context for object [ffff88040d8259d8]
[    0.165461]      scan-1133 get_device_data       : No context for object [ffff88040d825a00]
[    0.165469]      scan-1133 get_device_data       : No context for object [ffff88040d825a28]
[    0.165477]      scan-1133 get_device_data       : No context for object [ffff88040d825a50]
[    0.165485]      scan-1133 get_device_data       : No context for object [ffff88040d825a78]
[    0.165494]      scan-1133 get_device_data       : No context for object [ffff88040d825aa0]
[    0.165502]      scan-1133 get_device_data       : No context for object [ffff88040d825ac8]
[    0.165510]      scan-1133 get_device_data       : No context for object [ffff88040d825af0]
[    0.165519]      scan-1133 get_device_data       : No context for object [ffff88040d825b18]
[    0.165527]      scan-1133 get_device_data       : No context for object [ffff88040d825b40]
[    0.165536]      scan-1133 get_device_data       : No context for object [ffff88040d825b68]
[    0.165544]      scan-1133 get_device_data       : No context for object [ffff88040d825b90]
[    0.165553]      scan-1133 get_device_data       : No context for object [ffff88040d825bb8]
[    0.165561]      scan-1133 get_device_data       : No context for object [ffff88040d825be0]
[    0.165570]     utils-0051 util_eval_error       : Evaluate [\_SB_.PCI0.PB6_.XPDV._STA]: AE_NOT_FOUND
[    0.165613] device: 'device:0e': device_add
[    0.165620] bus: 'acpi': add device device:0e
[    0.165642]     utils-0051 util_eval_error       : Evaluate [\_SB_.PCI0.PB6_.XPDV._SUN]: AE_NOT_FOUND
[    0.165660]      scan-1916 add_single_object     : Added device:0e [\_SB_.PCI0.PB6_.XPDV] parent device:0d
[    0.165673]      scan-1133 get_device_data       : No context for object [ffff88040d825c08]
[    0.165682]      scan-1133 get_device_data       : No context for object [ffff88040d825c30]
[    0.165690]      scan-1133 get_device_data       : No context for object [ffff88040d825c58]
[    0.165699]      scan-1133 get_device_data       : No context for object [ffff88040d825c80]
[    0.165707]      scan-1133 get_device_data       : No context for object [ffff88040d825ca8]
[    0.165715]      scan-1133 get_device_data       : No context for object [ffff88040d837550]
[    0.165724]      scan-1133 get_device_data       : No context for object [ffff88040d825cd0]
[    0.165732]      scan-1133 get_device_data       : No context for object [ffff88040d825cf8]
[    0.165742]     utils-0051 util_eval_error       : Evaluate [\_SB_.PCI0.PB7_._STA]: AE_NOT_FOUND
[    0.165845] device: 'device:0f': device_add
[    0.165852] bus: 'acpi': add device device:0f
[    0.165871]     utils-0051 util_eval_error       : Evaluate [\_SB_.PCI0.PB7_._SUN]: AE_NOT_FOUND
[    0.166008]      scan-1916 add_single_object     : Added device:0f [\_SB_.PCI0.PB7_] parent PNP0A08:00
[    0.166008]      scan-1133 get_device_data       : No context for object [ffff88040d825d20]
[    0.166008]      scan-1133 get_device_data       : No context for object [ffff88040d825d48]
[    0.166008]      scan-1133 get_device_data       : No context for object [ffff88040d825d70]
[    0.166008]      scan-1133 get_device_data       : No context for object [ffff88040d825d98]
[    0.166008]      scan-1133 get_device_data       : No context for object [ffff88040d825dc0]
[    0.166008]      scan-1133 get_device_data       : No context for object [ffff88040d825de8]
[    0.166008]      scan-1133 get_device_data       : No context for object [ffff88040d825e10]
[    0.166008]      scan-1133 get_device_data       : No context for object [ffff88040d825e38]
[    0.166008]      scan-1133 get_device_data       : No context for object [ffff88040d825e60]
[    0.166008]      scan-1133 get_device_data       : No context for object [ffff88040d825e88]
[    0.166008]      scan-1133 get_device_data       : No context for object [ffff88040d825eb0]
[    0.166008]      scan-1133 get_device_data       : No context for object [ffff88040d825ed8]
[    0.166022]      scan-1133 get_device_data       : No context for object [ffff88040d825f00]
[    0.166022]      scan-1133 get_device_data       : No context for object [ffff88040d825f28]
[    0.166026]      scan-1133 get_device_data       : No context for object [ffff88040d825f50]
[    0.166035]      scan-1133 get_device_data       : No context for object [ffff88040d825f78]
[    0.166043]      scan-1133 get_device_data       : No context for object [ffff88040d825fa0]
[    0.166051]      scan-1133 get_device_data       : No context for object [ffff88040d825fc8]
[    0.166059]      scan-1133 get_device_data       : No context for object [ffff88040d827000]
[    0.166068]      scan-1133 get_device_data       : No context for object [ffff88040d827028]
[    0.166076]      scan-1133 get_device_data       : No context for object [ffff88040d827050]
[    0.166084]      scan-1133 get_device_data       : No context for object [ffff88040d827078]
[    0.166092]      scan-1133 get_device_data       : No context for object [ffff88040d8270a0]
[    0.166101]      scan-1133 get_device_data       : No context for object [ffff88040d8270c8]
[    0.166109]      scan-1133 get_device_data       : No context for object [ffff88040d8270f0]
[    0.166117]      scan-1133 get_device_data       : No context for object [ffff88040d827118]
[    0.166125]      scan-1133 get_device_data       : No context for object [ffff88040d827140]
[    0.166134]      scan-1133 get_device_data       : No context for object [ffff88040d827168]
[    0.166142]      scan-1133 get_device_data       : No context for object [ffff88040d827190]
[    0.166150]      scan-1133 get_device_data       : No context for object [ffff88040d8271b8]
[    0.166159]      scan-1133 get_device_data       : No context for object [ffff88040d8271e0]
[    0.166168]     utils-0051 util_eval_error       : Evaluate [\_SB_.PCI0.PB7_.XPDV._STA]: AE_NOT_FOUND
[    0.166211] device: 'device:10': device_add
[    0.166218] bus: 'acpi': add device device:10
[    0.166237]     utils-0051 util_eval_error       : Evaluate [\_SB_.PCI0.PB7_.XPDV._SUN]: AE_NOT_FOUND
[    0.166254]      scan-1916 add_single_object     : Added device:10 [\_SB_.PCI0.PB7_.XPDV] parent device:0f
[    0.166267]      scan-1133 get_device_data       : No context for object [ffff88040d827208]
[    0.166276]      scan-1133 get_device_data       : No context for object [ffff88040d827230]
[    0.166284]      scan-1133 get_device_data       : No context for object [ffff88040d827258]
[    0.166293]      scan-1133 get_device_data       : No context for object [ffff88040d827280]
[    0.166301]      scan-1133 get_device_data       : No context for object [ffff88040d8272a8]
[    0.166309]      scan-1133 get_device_data       : No context for object [ffff88040d837488]
[    0.166318]      scan-1133 get_device_data       : No context for object [ffff88040d8272d0]
[    0.166326]      scan-1133 get_device_data       : No context for object [ffff88040d8272f8]
[    0.166336]     utils-0051 util_eval_error       : Evaluate [\_SB_.PCI0.OHC1._STA]: AE_NOT_FOUND
[    0.166389] device: 'device:11': device_add
[    0.166397] bus: 'acpi': add device device:11
[    0.166418]     utils-0051 util_eval_error       : Evaluate [\_SB_.PCI0.OHC1._SUN]: AE_NOT_FOUND
[    0.166436]      scan-1916 add_single_object     : Added device:11 [\_SB_.PCI0.OHC1] parent PNP0A08:00
[    0.166448]      scan-1133 get_device_data       : No context for object [ffff88040d827320]
[    0.166456]      scan-1133 get_device_data       : No context for object [ffff88040d827348]
[    0.166465]      scan-1133 get_device_data       : No context for object [ffff88040d83b2f8]
[    0.166474]     utils-0051 util_eval_error       : Evaluate [\_SB_.PCI0.OHC1.RHUB._STA]: AE_NOT_FOUND
[    0.166517] device: 'device:12': device_add
[    0.166524] bus: 'acpi': add device device:12
[    0.166543]     utils-0051 util_eval_error       : Evaluate [\_SB_.PCI0.OHC1.RHUB._SUN]: AE_NOT_FOUND
[    0.166561]      scan-1916 add_single_object     : Added device:12 [\_SB_.PCI0.OHC1.RHUB] parent device:11
[    0.166573]      scan-1133 get_device_data       : No context for object [ffff88040d83b320]
[    0.166581]      scan-1133 get_device_data       : No context for object [ffff88040d83b348]
[    0.166591]     utils-0051 util_eval_error       : Evaluate [\_SB_.PCI0.OHC1.RHUB.PRT3._STA]: AE_NOT_FOUND
[    0.166633] device: 'device:13': device_add
[    0.166641] bus: 'acpi': add device device:13
[    0.166660]     utils-0051 util_eval_error       : Evaluate [\_SB_.PCI0.OHC1.RHUB.PRT3._SUN]: AE_NOT_FOUND
[    0.166678]      scan-1916 add_single_object     : Added device:13 [\_SB_.PCI0.OHC1.RHUB.PRT3] parent device:12
[    0.166690]      scan-1133 get_device_data       : No context for object [ffff88040d83b370]
[    0.166699]      scan-1133 get_device_data       : No context for object [ffff88040d83b398]
[    0.166708]      scan-1133 get_device_data       : No context for object [ffff88040d83b3c0]
[    0.166716]      scan-1133 get_device_data       : No context for object [ffff88040d83b3e8]
[    0.166726]     utils-0051 util_eval_error       : Evaluate [\_SB_.PCI0.OHC1.RHUB.PRT4._STA]: AE_NOT_FOUND
[    0.166769] device: 'device:14': device_add
[    0.166776] bus: 'acpi': add device device:14
[    0.166799]     utils-0051 util_eval_error       : Evaluate [\_SB_.PCI0.OHC1.RHUB.PRT4._SUN]: AE_NOT_FOUND
[    0.167019]      scan-1916 add_single_object     : Added device:14 [\_SB_.PCI0.OHC1.RHUB.PRT4] parent device:12
[    0.167019]      scan-1133 get_device_data       : No context for object [ffff88040d83b410]
[    0.167019]      scan-1133 get_device_data       : No context for object [ffff88040d83b438]
[    0.167019]      scan-1133 get_device_data       : No context for object [ffff88040d83b460]
[    0.167019]      scan-1133 get_device_data       : No context for object [ffff88040d827370]
[    0.167019]     utils-0051 util_eval_error       : Evaluate [\_SB_.PCI0.EHC1._STA]: AE_NOT_FOUND
[    0.167019] device: 'device:15': device_add
[    0.167019] bus: 'acpi': add device device:15
[    0.167019]     utils-0051 util_eval_error       : Evaluate [\_SB_.PCI0.EHC1._SUN]: AE_NOT_FOUND
[    0.167022]      scan-1916 add_single_object     : Added device:15 [\_SB_.PCI0.EHC1] parent PNP0A08:00
[    0.167030]      scan-1133 get_device_data       : No context for object [ffff88040d827398]
[    0.167039]      scan-1133 get_device_data       : No context for object [ffff88040d8273c0]
[    0.167047]      scan-1133 get_device_data       : No context for object [ffff88040d83b028]
[    0.167057]     utils-0051 util_eval_error       : Evaluate [\_SB_.PCI0.EHC1.RHUB._STA]: AE_NOT_FOUND
[    0.167099] device: 'device:16': device_add
[    0.167107] bus: 'acpi': add device device:16
[    0.167126]     utils-0051 util_eval_error       : Evaluate [\_SB_.PCI0.EHC1.RHUB._SUN]: AE_NOT_FOUND
[    0.167143]      scan-1916 add_single_object     : Added device:16 [\_SB_.PCI0.EHC1.RHUB] parent device:15
[    0.167156]      scan-1133 get_device_data       : No context for object [ffff88040d83b050]
[    0.167164]      scan-1133 get_device_data       : No context for object [ffff88040d83b078]
[    0.167174]     utils-0051 util_eval_error       : Evaluate [\_SB_.PCI0.EHC1.RHUB.PRT3._STA]: AE_NOT_FOUND
[    0.167216] device: 'device:17': device_add
[    0.167223] bus: 'acpi': add device device:17
[    0.167245]     utils-0051 util_eval_error       : Evaluate [\_SB_.PCI0.EHC1.RHUB.PRT3._SUN]: AE_NOT_FOUND
[    0.167263]      scan-1916 add_single_object     : Added device:17 [\_SB_.PCI0.EHC1.RHUB.PRT3] parent device:16
[    0.167275]      scan-1133 get_device_data       : No context for object [ffff88040d83b0a0]
[    0.167284]      scan-1133 get_device_data       : No context for object [ffff88040d83b0c8]
[    0.167293]      scan-1133 get_device_data       : No context for object [ffff88040d83b0f0]
[    0.167301]      scan-1133 get_device_data       : No context for object [ffff88040d83b118]
[    0.167311]     utils-0051 util_eval_error       : Evaluate [\_SB_.PCI0.EHC1.RHUB.PRT4._STA]: AE_NOT_FOUND
[    0.167354] device: 'device:18': device_add
[    0.167361] bus: 'acpi': add device device:18
[    0.167380]     utils-0051 util_eval_error       : Evaluate [\_SB_.PCI0.EHC1.RHUB.PRT4._SUN]: AE_NOT_FOUND
[    0.167398]      scan-1916 add_single_object     : Added device:18 [\_SB_.PCI0.EHC1.RHUB.PRT4] parent device:16
[    0.167411]      scan-1133 get_device_data       : No context for object [ffff88040d83b140]
[    0.167419]      scan-1133 get_device_data       : No context for object [ffff88040d83b168]
[    0.167428]      scan-1133 get_device_data       : No context for object [ffff88040d83b190]
[    0.167437]      scan-1133 get_device_data       : No context for object [ffff88040d8273e8]
[    0.167447]     utils-0051 util_eval_error       : Evaluate [\_SB_.PCI0.OHC2._STA]: AE_NOT_FOUND
[    0.167547] device: 'device:19': device_add
[    0.167554] bus: 'acpi': add device device:19
[    0.167573]     utils-0051 util_eval_error       : Evaluate [\_SB_.PCI0.OHC2._SUN]: AE_NOT_FOUND
[    0.167590]      scan-1916 add_single_object     : Added device:19 [\_SB_.PCI0.OHC2] parent PNP0A08:00
[    0.167602]      scan-1133 get_device_data       : No context for object [ffff88040d827410]
[    0.167611]      scan-1133 get_device_data       : No context for object [ffff88040d827438]
[    0.167620]      scan-1133 get_device_data       : No context for object [ffff88040d83b488]
[    0.167629]     utils-0051 util_eval_error       : Evaluate [\_SB_.PCI0.OHC2.RHUB._STA]: AE_NOT_FOUND
[    0.167672] device: 'device:1a': device_add
[    0.167679] bus: 'acpi': add device device:1a
[    0.167701]     utils-0051 util_eval_error       : Evaluate [\_SB_.PCI0.OHC2.RHUB._SUN]: AE_NOT_FOUND
[    0.168001]      scan-1916 add_single_object     : Added device:1a [\_SB_.PCI0.OHC2.RHUB] parent device:19
[    0.168001]      scan-1133 get_device_data       : No context for object [ffff88040d83b4b0]
[    0.168001]      scan-1133 get_device_data       : No context for object [ffff88040d83b4d8]
[    0.168001]     utils-0051 util_eval_error       : Evaluate [\_SB_.PCI0.OHC2.RHUB.PRT4._STA]: AE_NOT_FOUND
[    0.168001] device: 'device:1b': device_add
[    0.168001] bus: 'acpi': add device device:1b
[    0.168001]     utils-0051 util_eval_error       : Evaluate [\_SB_.PCI0.OHC2.RHUB.PRT4._SUN]: AE_NOT_FOUND
[    0.168015]      scan-1916 add_single_object     : Added device:1b [\_SB_.PCI0.OHC2.RHUB.PRT4] parent device:1a
[    0.168015]      scan-1133 get_device_data       : No context for object [ffff88040d83b500]
[    0.168015]      scan-1133 get_device_data       : No context for object [ffff88040d83b528]
[    0.168015]      scan-1133 get_device_data       : No context for object [ffff88040d83b550]
[    0.168015]      scan-1133 get_device_data       : No context for object [ffff88040d827460]
[    0.168015]     utils-0051 util_eval_error       : Evaluate [\_SB_.PCI0.EHC2._STA]: AE_NOT_FOUND
[    0.168015] device: 'device:1c': device_add
[    0.168015] bus: 'acpi': add device device:1c
[    0.168021]     utils-0051 util_eval_error       : Evaluate [\_SB_.PCI0.EHC2._SUN]: AE_NOT_FOUND
[    0.168037]      scan-1916 add_single_object     : Added device:1c [\_SB_.PCI0.EHC2] parent PNP0A08:00
[    0.168050]      scan-1133 get_device_data       : No context for object [ffff88040d827488]
[    0.168058]      scan-1133 get_device_data       : No context for object [ffff88040d8274b0]
[    0.168067]      scan-1133 get_device_data       : No context for object [ffff88040d83b1b8]
[    0.168076]     utils-0051 util_eval_error       : Evaluate [\_SB_.PCI0.EHC2.RHUB._STA]: AE_NOT_FOUND
[    0.168118] device: 'device:1d': device_add
[    0.168126] bus: 'acpi': add device device:1d
[    0.168148]     utils-0051 util_eval_error       : Evaluate [\_SB_.PCI0.EHC2.RHUB._SUN]: AE_NOT_FOUND
[    0.168166]      scan-1916 add_single_object     : Added device:1d [\_SB_.PCI0.EHC2.RHUB] parent device:1c
[    0.168178]      scan-1133 get_device_data       : No context for object [ffff88040d83b1e0]
[    0.168187]      scan-1133 get_device_data       : No context for object [ffff88040d83b208]
[    0.168197]     utils-0051 util_eval_error       : Evaluate [\_SB_.PCI0.EHC2.RHUB.PRT2._STA]: AE_NOT_FOUND
[    0.168239] device: 'device:1e': device_add
[    0.168247] bus: 'acpi': add device device:1e
[    0.168266]     utils-0051 util_eval_error       : Evaluate [\_SB_.PCI0.EHC2.RHUB.PRT2._SUN]: AE_NOT_FOUND
[    0.168283]      scan-1916 add_single_object     : Added device:1e [\_SB_.PCI0.EHC2.RHUB.PRT2] parent device:1d
[    0.168296]      scan-1133 get_device_data       : No context for object [ffff88040d83b230]
[    0.168305]      scan-1133 get_device_data       : No context for object [ffff88040d83b258]
[    0.168313]      scan-1133 get_device_data       : No context for object [ffff88040d83b280]
[    0.168322]      scan-1133 get_device_data       : No context for object [ffff88040d8274d8]
[    0.168331]     utils-0051 util_eval_error       : Evaluate [\_SB_.PCI0.OHC3._STA]: AE_NOT_FOUND
[    0.168386] device: 'device:1f': device_add
[    0.168393] bus: 'acpi': add device device:1f
[    0.168412]     utils-0051 util_eval_error       : Evaluate [\_SB_.PCI0.OHC3._SUN]: AE_NOT_FOUND
[    0.168429]      scan-1916 add_single_object     : Added device:1f [\_SB_.PCI0.OHC3] parent PNP0A08:00
[    0.168441]      scan-1133 get_device_data       : No context for object [ffff88040d827500]
[    0.168450]      scan-1133 get_device_data       : No context for object [ffff88040d827528]
[    0.168458]      scan-1133 get_device_data       : No context for object [ffff88040d83b578]
[    0.168468]     utils-0051 util_eval_error       : Evaluate [\_SB_.PCI0.OHC3.RHUB._STA]: AE_NOT_FOUND
[    0.168511] device: 'device:20': device_add
[    0.168518] bus: 'acpi': add device device:20
[    0.168539]     utils-0051 util_eval_error       : Evaluate [\_SB_.PCI0.OHC3.RHUB._SUN]: AE_NOT_FOUND
[    0.168557]      scan-1916 add_single_object     : Added device:20 [\_SB_.PCI0.OHC3.RHUB] parent device:1f
[    0.168570]      scan-1133 get_device_data       : No context for object [ffff88040d83b5a0]
[    0.168579]      scan-1133 get_device_data       : No context for object [ffff88040d827550]
[    0.168588]     utils-0051 util_eval_error       : Evaluate [\_SB_.PCI0.EHC3._STA]: AE_NOT_FOUND
[    0.168688] device: 'device:21': device_add
[    0.168695] bus: 'acpi': add device device:21
[    0.168714]     utils-0051 util_eval_error       : Evaluate [\_SB_.PCI0.EHC3._SUN]: AE_NOT_FOUND
[    0.169001]      scan-1916 add_single_object     : Added device:21 [\_SB_.PCI0.EHC3] parent PNP0A08:00
[    0.169001]      scan-1133 get_device_data       : No context for object [ffff88040d827578]
[    0.169001]      scan-1133 get_device_data       : No context for object [ffff88040d8275a0]
[    0.169001]      scan-1133 get_device_data       : No context for object [ffff88040d83b2a8]
[    0.169001]     utils-0051 util_eval_error       : Evaluate [\_SB_.PCI0.EHC3.RHUB._STA]: AE_NOT_FOUND
[    0.169001] device: 'device:22': device_add
[    0.169001] bus: 'acpi': add device device:22
[    0.169001]     utils-0051 util_eval_error       : Evaluate [\_SB_.PCI0.EHC3.RHUB._SUN]: AE_NOT_FOUND
[    0.169016]      scan-1916 add_single_object     : Added device:22 [\_SB_.PCI0.EHC3.RHUB] parent device:21
[    0.169016]      scan-1133 get_device_data       : No context for object [ffff88040d83b2d0]
[    0.169016]      scan-1133 get_device_data       : No context for object [ffff88040d8275c8]
[    0.169016]     utils-0051 util_eval_error       : Evaluate [\_SB_.PCI0.OHC4._STA]: AE_NOT_FOUND
[    0.169016] device: 'device:23': device_add
[    0.169016] bus: 'acpi': add device device:23
[    0.169020]     utils-0051 util_eval_error       : Evaluate [\_SB_.PCI0.OHC4._SUN]: AE_NOT_FOUND
[    0.169038]      scan-1916 add_single_object     : Added device:23 [\_SB_.PCI0.OHC4] parent PNP0A08:00
[    0.169050]      scan-1133 get_device_data       : No context for object [ffff88040d8275f0]
[    0.169059]      scan-1133 get_device_data       : No context for object [ffff88040d827618]
[    0.169067]      scan-1133 get_device_data       : No context for object [ffff88040d827640]
[    0.169077]     utils-0051 util_eval_error       : Evaluate [\_SB_.PCI0.SBAZ._STA]: AE_NOT_FOUND
[    0.169177] device: 'device:24': device_add
[    0.169185] bus: 'acpi': add device device:24
[    0.169204]     utils-0051 util_eval_error       : Evaluate [\_SB_.PCI0.SBAZ._SUN]: AE_NOT_FOUND
[    0.169221]      scan-1916 add_single_object     : Added device:24 [\_SB_.PCI0.SBAZ] parent PNP0A08:00
[    0.169233]      scan-1133 get_device_data       : No context for object [ffff88040d827668]
[    0.169242]      scan-1133 get_device_data       : No context for object [ffff88040d827690]
[    0.169251]      scan-1133 get_device_data       : No context for object [ffff88040d8276b8]
[    0.169260]     utils-0051 util_eval_error       : Evaluate [\_SB_.PCI0.GEC_._STA]: AE_NOT_FOUND
[    0.169362] device: 'device:25': device_add
[    0.169371] bus: 'acpi': add device device:25
[    0.169391]     utils-0051 util_eval_error       : Evaluate [\_SB_.PCI0.GEC_._SUN]: AE_NOT_FOUND
[    0.169409]      scan-1916 add_single_object     : Added device:25 [\_SB_.PCI0.GEC_] parent PNP0A08:00
[    0.169421]      scan-1133 get_device_data       : No context for object [ffff88040d8276e0]
[    0.169430]      scan-1133 get_device_data       : No context for object [ffff88040d827708]
[    0.169438]      scan-1133 get_device_data       : No context for object [ffff88040d827730]
[    0.169447]      scan-1133 get_device_data       : No context for object [ffff88040d827758]
[    0.169455]      scan-1133 get_device_data       : No context for object [ffff88040d827780]
[    0.169464]      scan-1133 get_device_data       : No context for object [ffff88040d8277a8]
[    0.169472]      scan-1133 get_device_data       : No context for object [ffff88040d8277d0]
[    0.169481]      scan-1133 get_device_data       : No context for object [ffff88040d8277f8]
[    0.169489]      scan-1133 get_device_data       : No context for object [ffff88040d827820]
[    0.169499]     utils-0051 util_eval_error       : Evaluate [\_SB_.PCI0.SATA._STA]: AE_NOT_FOUND
[    0.169545] device: 'device:26': device_add
[    0.169552] bus: 'acpi': add device device:26
[    0.169575]     utils-0051 util_eval_error       : Evaluate [\_SB_.PCI0.SATA._SUN]: AE_NOT_FOUND
[    0.169593]      scan-1916 add_single_object     : Added device:26 [\_SB_.PCI0.SATA] parent PNP0A08:00
[    0.169606]      scan-1133 get_device_data       : No context for object [ffff88040d827848]
[    0.169614]      scan-1133 get_device_data       : No context for object [ffff88040d827870]
[    0.169623]      scan-1133 get_device_data       : No context for object [ffff88040d827898]
[    0.169631]      scan-1133 get_device_data       : No context for object [ffff88040d8278c0]
[    0.169640]      scan-1133 get_device_data       : No context for object [ffff88040d8278e8]
[    0.169648]      scan-1133 get_device_data       : No context for object [ffff88040d827910]
[    0.169656]      scan-1133 get_device_data       : No context for object [ffff88040d827938]
[    0.169665]      scan-1133 get_device_data       : No context for object [ffff88040d827960]
[    0.169673]      scan-1133 get_device_data       : No context for object [ffff88040d827988]
[    0.169681]      scan-1133 get_device_data       : No context for object [ffff88040d8279b0]
[    0.169690]      scan-1133 get_device_data       : No context for object [ffff88040d8279d8]
[    0.169698]      scan-1133 get_device_data       : No context for object [ffff88040d827a00]
[    0.169706]      scan-1133 get_device_data       : No context for object [ffff88040d827a28]
[    0.169715]      scan-1133 get_device_data       : No context for object [ffff88040d827a50]
[    0.169723]      scan-1133 get_device_data       : No context for object [ffff88040d827a78]
[    0.169731]      scan-1133 get_device_data       : No context for object [ffff88040d827aa0]
[    0.169740]      scan-1133 get_device_data       : No context for object [ffff88040d827ac8]
[    0.169748]      scan-1133 get_device_data       : No context for object [ffff88040d827af0]
[    0.169757]      scan-1133 get_device_data       : No context for object [ffff88040d827b18]
[    0.169765]      scan-1133 get_device_data       : No context for object [ffff88040d827b40]
[    0.169773]      scan-1133 get_device_data       : No context for object [ffff88040d827b68]
[    0.169782]      scan-1133 get_device_data       : No context for object [ffff88040d827b90]
[    0.169790]      scan-1133 get_device_data       : No context for object [ffff88040d827bb8]
[    0.169798]      scan-1133 get_device_data       : No context for object [ffff88040d827be0]
[    0.169807]      scan-1133 get_device_data       : No context for object [ffff88040d827c08]
[    0.169815]      scan-1133 get_device_data       : No context for object [ffff88040d827c30]
[    0.169823]      scan-1133 get_device_data       : No context for object [ffff88040d827c58]
[    0.169832]      scan-1133 get_device_data       : No context for object [ffff88040d827c80]
[    0.169840]      scan-1133 get_device_data       : No context for object [ffff88040d827ca8]
[    0.169848]      scan-1133 get_device_data       : No context for object [ffff88040d827cd0]
[    0.169857]      scan-1133 get_device_data       : No context for object [ffff88040d827cf8]
[    0.169865]      scan-1133 get_device_data       : No context for object [ffff88040d827d20]
[    0.169873]      scan-1133 get_device_data       : No context for object [ffff88040d827d48]
[    0.169882]      scan-1133 get_device_data       : No context for object [ffff88040d827d70]
[    0.169890]      scan-1133 get_device_data       : No context for object [ffff88040d827d98]
[    0.169898]      scan-1133 get_device_data       : No context for object [ffff88040d827dc0]
[    0.169907]      scan-1133 get_device_data       : No context for object [ffff88040d827de8]
[    0.169915]      scan-1133 get_device_data       : No context for object [ffff88040d827e10]
[    0.169923]      scan-1133 get_device_data       : No context for object [ffff88040d827e38]
[    0.169932]      scan-1133 get_device_data       : No context for object [ffff88040d827e60]
[    0.169940]      scan-1133 get_device_data       : No context for object [ffff88040d827e88]
[    0.169948]      scan-1133 get_device_data       : No context for object [ffff88040d827eb0]
[    0.169957]      scan-1133 get_device_data       : No context for object [ffff88040d827ed8]
[    0.169965]      scan-1133 get_device_data       : No context for object [ffff88040d827f00]
[    0.169973]      scan-1133 get_device_data       : No context for object [ffff88040d827f28]
[    0.169983]     utils-0051 util_eval_error       : Evaluate [\_SB_.PCI0.SATA.PRID._STA]: AE_NOT_FOUND
[    0.170042] device_pm-0128 device_get_power      : Device [PRID] power state is (unknown)
[    0.170054] device: 'device:27': device_add
[    0.170061] bus: 'acpi': add device device:27
[    0.170080]     utils-0051 util_eval_error       : Evaluate [\_SB_.PCI0.SATA.PRID._SUN]: AE_NOT_FOUND
[    0.170100]      scan-1916 add_single_object     : Added device:27 [\_SB_.PCI0.SATA.PRID] parent device:26
[    0.170113]      scan-1133 get_device_data       : No context for object [ffff88040d827f50]
