[    0.000000] Initializing cgroup subsys cpuset
[    0.000000] Initializing cgroup subsys cpu
[    0.000000] Initializing cgroup subsys cpuacct
[    0.000000] Linux version 3.16.0-1-MANJARO (emacs@manji) (gcc version 4.9.0 20140604 (prerelease) (GCC) ) #5 SMP PREEMPT Mon Jul 14 07:45:51 CEST 2014
[    0.000000] Command line: BOOT_IMAGE=/vmlinuz-316-x86_64 root=UUID=bfa4ab6e-19a3-4601-ba2b-267c55841c73 rw cryptdevice=/dev/disk/by-uuid/70c08890-417a-497d-b6ab-c0d0357a63e2:cryptManjaro:allow-discards ipv6.disable=1 pnp.debug=1 loglevel=9 log_buf_len=10M printk.always_kmsg_dump=y printk.time=y mminit_loglevel=0 memory_corruption_check=1 fbcon=scrollback:4096k fbcon=font:ProFont6x11 acpi.debug_layer=0xfbff0000 acpi.debug_level=0xFFFFFFFD pnp.debug=1 radeon.dpm=1 radeonfb radeon.audio=0
[    0.000000] KERNEL supported cpus:
[    0.000000]   AMD AuthenticAMD
[    0.000000] e820: BIOS-provided physical RAM map:
[    0.000000] BIOS-e820: [mem 0x0000000000000000-0x000000000009d7ff] usable
[    0.000000] BIOS-e820: [mem 0x000000000009d800-0x000000000009ffff] reserved
[    0.000000] BIOS-e820: [mem 0x00000000000e0000-0x00000000000fffff] reserved
[    0.000000] BIOS-e820: [mem 0x0000000000100000-0x00000000bed9afff] usable
[    0.000000] BIOS-e820: [mem 0x00000000bed9b000-0x00000000bf39afff] reserved
[    0.000000] BIOS-e820: [mem 0x00000000bf39b000-0x00000000bf49afff] ACPI NVS
[    0.000000] BIOS-e820: [mem 0x00000000bf49b000-0x00000000bf51afff] ACPI data
[    0.000000] BIOS-e820: [mem 0x00000000bf51b000-0x00000000bfdfffff] usable
[    0.000000] BIOS-e820: [mem 0x00000000bfe00000-0x00000000bfffffff] reserved
[    0.000000] BIOS-e820: [mem 0x00000000fec00000-0x00000000fecfffff] reserved
[    0.000000] BIOS-e820: [mem 0x00000000fed80000-0x00000000fed80fff] reserved
[    0.000000] BIOS-e820: [mem 0x00000000ffe00000-0x00000000ffffffff] reserved
[    0.000000] BIOS-e820: [mem 0x0000000100000000-0x000000041effffff] usable
[    0.000000] NX (Execute Disable) protection: active
[    0.000000] SMBIOS 2.6 present.
[    0.000000] DMI: LENOVO Sabine/Torpedo, BIOS 54CN18WW 07/20/2011
[    0.000000] e820: update [mem 0x00000000-0x00000fff] usable ==> reserved
[    0.000000] e820: remove [mem 0x000a0000-0x000fffff] usable
[    0.000000] AGP: No AGP bridge found
[    0.000000] e820: last_pfn = 0x41f000 max_arch_pfn = 0x400000000
[    0.000000] MTRR default type: uncachable
[    0.000000] MTRR fixed ranges enabled:
[    0.000000]   00000-9FFFF write-back
[    0.000000]   A0000-BFFFF uncachable
[    0.000000]   C0000-FFFFF write-protect
[    0.000000] MTRR variable ranges enabled:
[    0.000000]   0 base 0000000000 mask FF80000000 write-back
[    0.000000]   1 base 0080000000 mask FFC0000000 write-back
[    0.000000]   2 base 00FFF90000 mask FFFFFF0000 uncachable
[    0.000000]   3 base 00FED80000 mask 0FFFFFF000 uncachable
[    0.000000]   4 disabled
[    0.000000]   5 disabled
[    0.000000]   6 disabled
[    0.000000]   7 base 00FFE00000 mask FFFFE00000 write-protect
[    0.000000] TOM2: 000000041f000000 aka 16880M
[    0.000000] x86 PAT enabled: cpu 0, old 0x7040600070406, new 0x7010600070106
[    0.000000] mtrr: your BIOS has configured an incorrect mask, fixing it.
[    0.000000] e820: last_pfn = 0xbfe00 max_arch_pfn = 0x400000000
[    0.000000] found SMP MP-table at [mem 0x000fa8b0-0x000fa8bf] mapped at [ffff8800000fa8b0]
[    0.000000] Scanning 1 areas for low memory corruption
[    0.000000] Base memory trampoline at [ffff880000097000] 97000 size 24576
[    0.000000] Using GB pages for direct mapping
[    0.000000] init_memory_mapping: [mem 0x00000000-0x000fffff]
[    0.000000]  [mem 0x00000000-0x000fffff] page 4k
[    0.000000] BRK [0x0202d000, 0x0202dfff] PGTABLE
[    0.000000] BRK [0x0202e000, 0x0202efff] PGTABLE
[    0.000000] BRK [0x0202f000, 0x0202ffff] PGTABLE
[    0.000000] init_memory_mapping: [mem 0x41ee00000-0x41effffff]
[    0.000000]  [mem 0x41ee00000-0x41effffff] page 2M
[    0.000000] BRK [0x02030000, 0x02030fff] PGTABLE
[    0.000000] init_memory_mapping: [mem 0x41c000000-0x41edfffff]
[    0.000000]  [mem 0x41c000000-0x41edfffff] page 2M
[    0.000000] init_memory_mapping: [mem 0x400000000-0x41bffffff]
[    0.000000]  [mem 0x400000000-0x41bffffff] page 2M
[    0.000000] init_memory_mapping: [mem 0x00100000-0xbed9afff]
[    0.000000]  [mem 0x00100000-0x001fffff] page 4k
[    0.000000]  [mem 0x00200000-0x3fffffff] page 2M
[    0.000000]  [mem 0x40000000-0x7fffffff] page 1G
[    0.000000]  [mem 0x80000000-0xbebfffff] page 2M
[    0.000000]  [mem 0xbec00000-0xbed9afff] page 4k
[    0.000000] init_memory_mapping: [mem 0xbf51b000-0xbfdfffff]
[    0.000000]  [mem 0xbf51b000-0xbf5fffff] page 4k
[    0.000000]  [mem 0xbf600000-0xbfdfffff] page 2M
[    0.000000] BRK [0x02031000, 0x02031fff] PGTABLE
[    0.000000] init_memory_mapping: [mem 0x100000000-0x3ffffffff]
[    0.000000]  [mem 0x100000000-0x3ffffffff] page 1G
[    0.000000] log_buf_len: 16777216
[    0.000000] early log buf free: 2092168(99%)
[    0.000000] RAMDISK: [mem 0x37856000-0x37c22fff]
[    0.000000] ACPI: Early table checksum verification disabled
[    0.000000] ACPI: RSDP 0x00000000000F0110 000024 (v02 LENOVO)
[    0.000000] ACPI: XSDT 0x00000000BF51A120 000074 (v01 LENOVO CB-01    00000001 LENO 00000001)
[    0.000000] ACPI: FACP 0x00000000BF508000 0000F4 (v04 LENOVO CB-01    00000001 PTL  00000001)
[    0.000000] ACPI: DSDT 0x00000000BF50A000 00FD10 (v01 LENOVO CB-01    00001000 LENO 00000001)
[    0.000000] ACPI: FACS 0x00000000BF478000 000040
[    0.000000] ACPI: HPET 0x00000000BF507000 000038 (v01 LENOVO CB-01    00000001 PTL  00000001)
[    0.000000] ACPI: APIC 0x00000000BF506000 00007A (v02 LENOVO CB-01    00000001 PTL  00000001)
[    0.000000] ACPI: MCFG 0x00000000BF505000 00003C (v01 LENOVO CB-01    00000001 PTL  00000001)
[    0.000000] ACPI: SLIC 0x00000000BF504000 000176 (v01 LENOVO CB-01    00000001 LENO 00000001)
[    0.000000] ACPI: UEFI 0x00000000BF503000 00003E (v01 LENOVO CB-01    00000001 PTL  00000001)
[    0.000000] ACPI: UEFI 0x00000000BF502000 000042 (v01 PTL    COMBUF   00000001 PTL  00000001)
[    0.000000] ACPI: SSDT 0x00000000BF501000 000E34 (v01 AMD    POWERNOW 00000001 AMD  00000001)
[    0.000000] ACPI: SSDT 0x00000000BF4FF000 00193D (v02 AMD    ALIB     00000001 MSFT 04000000)
[    0.000000] ACPI: UEFI 0x00000000BF4FE000 00021A (v01 LENOVO CB-01    00000001 PTL  00000001)
[    0.000000] ACPI: Local APIC address 0xfee00000
[    0.000000] No NUMA configuration found
[    0.000000] Faking a node at [mem 0x0000000000000000-0x000000041effffff]
[    0.000000] Initmem setup node 0 [mem 0x00000000-0x41effffff]
[    0.000000]   NODE_DATA [mem 0x41dffa000-0x41dffdfff]
[    0.000000]  [ffffea0000000000-ffffea00107fffff] PMD -> [ffff88040de00000-ffff88041d5fffff] on node 0
[    0.000000] Zone ranges:
[    0.000000]   DMA      [mem 0x00001000-0x00ffffff]
[    0.000000]   DMA32    [mem 0x01000000-0xffffffff]
[    0.000000]   Normal   [mem 0x100000000-0x41effffff]
[    0.000000] Movable zone start for each node
[    0.000000] Early memory node ranges
[    0.000000]   node   0: [mem 0x00001000-0x0009cfff]
[    0.000000]   node   0: [mem 0x00100000-0xbed9afff]
[    0.000000]   node   0: [mem 0xbf51b000-0xbfdfffff]
[    0.000000]   node   0: [mem 0x100000000-0x41effffff]
[    0.000000] On node 0 totalpages: 4056604
[    0.000000]   DMA zone: 64 pages used for memmap
[    0.000000]   DMA zone: 21 pages reserved
[    0.000000]   DMA zone: 3996 pages, LIFO batch:0
[    0.000000]   DMA32 zone: 12186 pages used for memmap
[    0.000000]   DMA32 zone: 779904 pages, LIFO batch:31
[    0.000000]   Normal zone: 51136 pages used for memmap
[    0.000000]   Normal zone: 3272704 pages, LIFO batch:31
[    0.000000] ACPI: PM-Timer IO Port: 0x808
[    0.000000] ACPI: Local APIC address 0xfee00000
[    0.000000] ACPI: LAPIC (acpi_id[0x00] lapic_id[0x00] enabled)
[    0.000000] ACPI: LAPIC (acpi_id[0x01] lapic_id[0x01] enabled)
[    0.000000] ACPI: LAPIC (acpi_id[0x02] lapic_id[0x02] enabled)
[    0.000000] ACPI: LAPIC (acpi_id[0x03] lapic_id[0x03] enabled)
[    0.000000] ACPI: LAPIC_NMI (acpi_id[0x00] high edge lint[0x1])
[    0.000000] ACPI: LAPIC_NMI (acpi_id[0x01] high edge lint[0x1])
[    0.000000] ACPI: LAPIC_NMI (acpi_id[0x02] high edge lint[0x1])
[    0.000000] ACPI: LAPIC_NMI (acpi_id[0x03] high edge lint[0x1])
[    0.000000] ACPI: IOAPIC (id[0x02] address[0xfec00000] gsi_base[0])
[    0.000000] IOAPIC[0]: apic_id 2, version 33, address 0xfec00000, GSI 0-23
[    0.000000] ACPI: INT_SRC_OVR (bus 0 bus_irq 0 global_irq 2 dfl dfl)
[    0.000000] ACPI: IRQ0 used by override.
[    0.000000] ACPI: IRQ2 used by override.
[    0.000000] ACPI: IRQ9 used by override.
[    0.000000] Using ACPI (MADT) for SMP configuration information
[    0.000000] ACPI: HPET id: 0x43538210 base: 0xfed00000
[    0.000000] smpboot: Allowing 4 CPUs, 0 hotplug CPUs
[    0.000000] nr_irqs_gsi: 40
[    0.000000] e820: [mem 0xc0000000-0xfebfffff] available for PCI devices
[    0.000000] setup_percpu: NR_CPUS:64 nr_cpumask_bits:64 nr_cpu_ids:4 nr_node_ids:1
[    0.000000] PERCPU: Embedded 27 pages/cpu @ffff88041dc00000 s80320 r8192 d22080 u524288
[    0.000000] pcpu-alloc: s80320 r8192 d22080 u524288 alloc=1*2097152
[    0.000000] pcpu-alloc: [0] 0 1 2 3 
[    0.000000] Built 1 zonelists in Zone order, mobility grouping on.  Total pages: 3993197
[    0.000000] Policy zone: Normal
[    0.000000] Kernel command line: BOOT_IMAGE=/vmlinuz-316-x86_64 root=UUID=bfa4ab6e-19a3-4601-ba2b-267c55841c73 rw cryptdevice=/dev/disk/by-uuid/70c08890-417a-497d-b6ab-c0d0357a63e2:cryptManjaro:allow-discards ipv6.disable=1 pnp.debug=1 loglevel=9 log_buf_len=10M printk.always_kmsg_dump=y printk.time=y mminit_loglevel=0 memory_corruption_check=1 fbcon=scrollback:4096k fbcon=font:ProFont6x11 acpi.debug_layer=0xfbff0000 acpi.debug_level=0xFFFFFFFD pnp.debug=1 radeon.dpm=1 radeonfb radeon.audio=0
[    0.000000] PID hash table entries: 4096 (order: 3, 32768 bytes)
[    0.000000] AGP: Checking aperture...
[    0.000000] AGP: No AGP bridge found
[    0.000000] Memory: 15868848K/16226416K available (6485K kernel code, 772K rwdata, 2844K rodata, 880K init, 2592K bss, 357568K reserved)
[    0.000000] SLUB: HWalign=64, Order=0-3, MinObjects=0, CPUs=4, Nodes=1
[    0.000000] Preemptible hierarchical RCU implementation.
[    0.000000] 	RCU dyntick-idle grace-period acceleration is enabled.
[    0.000000] 	Additional per-CPU info printed with stalls.
[    0.000000] 	RCU restricting CPUs from NR_CPUS=64 to nr_cpu_ids=4.
[    0.000000] RCU: Adjusting geometry for rcu_fanout_leaf=16, nr_cpu_ids=4
[    0.000000] NR_IRQS:4352 nr_irqs:712 16
[    0.000000] spurious 8259A interrupt: IRQ7.
[    0.000000] Console: colour dummy device 80x25
[    0.000000] console [tty0] enabled
[    0.000000] allocated 65011712 bytes of page_cgroup
[    0.000000] please try 'cgroup_disable=memory' option if you don't want memory cgroups
[    0.000000] hpet clockevent registered
[    0.000000] tsc: Fast TSC calibration using PIT
[    0.000000] tsc: Detected 1397.452 MHz processor
[    0.000055] Calibrating delay loop (skipped), value calculated using timer frequency.. 2794.90 BogoMIPS (lpj=1397452)
[    0.000066] pid_max: default: 32768 minimum: 301
[    0.000079] ACPI: Core revision 20140424
[    0.025750] ACPI: All ACPI Tables successfully acquired
[    0.027117] Security Framework initialized
[    0.028762] Dentry cache hash table entries: 2097152 (order: 12, 16777216 bytes)
[    0.035363] Inode-cache hash table entries: 1048576 (order: 11, 8388608 bytes)
[    0.038399] Mount-cache hash table entries: 32768 (order: 6, 262144 bytes)
[    0.038434] Mountpoint-cache hash table entries: 32768 (order: 6, 262144 bytes)
[    0.038913] Initializing cgroup subsys memory
[    0.038955] Initializing cgroup subsys devices
[    0.038968] Initializing cgroup subsys freezer
[    0.038976] Initializing cgroup subsys blkio
[    0.039014] tseg: 00bfe00000
[    0.039020] CPU: Physical Processor ID: 0
[    0.039024] CPU: Processor Core ID: 0
[    0.039028] mce: CPU supports 6 MCE banks
[    0.039043] Last level iTLB entries: 4KB 512, 2MB 16, 4MB 8
Last level dTLB entries: 4KB 1024, 2MB 128, 4MB 64, 1GB 0
tlb_flushall_shift: 6
[    0.039254] Freeing SMP alternatives memory: 20K (ffffffff81d9f000 - ffffffff81da4000)
[    0.039785] ..TIMER: vector=0x30 apic1=0 pin1=2 apic2=-1 pin2=-1
[    0.049798] smpboot: CPU0: AMD A6-3400M APU with Radeon(tm) HD Graphics (fam: 12, model: 01, stepping: 00)
[    0.151344] Performance Events: AMD PMU driver.
[    0.151352] ... version:                0
[    0.151357] ... bit width:              48
[    0.151361] ... generic registers:      4
[    0.151365] ... value mask:             0000ffffffffffff
[    0.151370] ... max period:             00007fffffffffff
[    0.151374] ... fixed-purpose events:   0
[    0.151378] ... event mask:             000000000000000f
[    0.157491] MCE: In-kernel MCE decoding enabled.
[    0.159425] NMI watchdog: enabled on all CPUs, permanently consumes one hw-PMU counter.
[    0.161478] x86: Booting SMP configuration:
[    0.161484] .... node  #0, CPUs:      #1
[    0.174661] TSC synchronization [CPU#0 -> CPU#1]:
[    0.174667] Measured 136026075 cycles TSC warp between CPUs, turning off TSC clock.
[    0.174677] tsc: Marking TSC unstable due to check_tsc_sync_source failed
[    0.176486]  #2 #3
[    0.099297] x86: Booted up 1 node, 4 CPUs
[    0.099305] smpboot: Total of 4 processors activated (11179.61 BogoMIPS)
[    0.100176] devtmpfs: initialized
[    0.100176] device: 'platform': device_add
[    0.101026] bus: 'platform': registered
[    0.101041] bus: 'cpu': registered
[    0.101046] device: 'cpu': device_add
[    0.101076] bus: 'container': registered
[    0.101081] device: 'container': device_add
[    0.101367] bus: 'workqueue': registered
[    0.101367] device: 'workqueue': device_add
[    0.101367] kworker/u8:0 (37) used greatest stack depth: 14912 bytes left
[    0.101478] atomic64_test: passed for x86-64 platform with CX8 and with SSE
[    0.101489] device class 'regulator': registering
[    0.101526] Registering platform device 'reg-dummy'. Parent at platform
[    0.101531] device: 'reg-dummy': device_add
[    0.101541] bus: 'platform': add device reg-dummy
[    0.101568] bus: 'platform': add driver reg-dummy
[    0.101579] bus: 'platform': driver_probe_device: matched device reg-dummy with driver reg-dummy
[    0.101587] bus: 'platform': really_probe: probing driver reg-dummy with device reg-dummy
[    0.101500] kworker/u8:0 (38) used greatest stack depth: 14128 bytes left
[    0.102004] device: 'regulator.0': device_add
[    0.102036] regulator-dummy: no parameters
[    0.102053] driver: 'reg-dummy': driver_bound: bound to device 'reg-dummy'
[    0.102059] bus: 'platform': really_probe: bound device reg-dummy to driver reg-dummy
[    0.102148] NET: Registered protocol family 16
[    0.102294] device class 'bdi': registering
[    0.102315] bus: 'platform': add driver ramoops
[    0.102341] device class 'pci_bus': registering
[    0.102373] bus: 'pci': registered
[    0.102382] device class 'backlight': registering
[    0.102396] device class 'tty': registering
[    0.102411] device class 'vtconsole': registering
[    0.102428] device: 'vtcon0': device_add
[    0.102475] bus: 'node': registered
[    0.102483] device: 'node': device_add
[    0.102524] bus: 'i2c': registered
[    0.102532] bus: 'i2c': add driver dummy
[    0.102547] i2c-core: driver [dummy] registered
[    0.102555] cpuidle: using governor ladder
[    0.102561] cpuidle: using governor menu
[    0.102876] ACPI FADT declares the system doesn't support PCIe ASPM, so disable it
[    0.102883] ACPI: bus type PCI registered
[    0.102888] acpiphp: ACPI Hot Plug PCI Controller Driver version: 0.5
[    0.102896] device class 'dmi': registering
[    0.102909] device: 'id': device_add
[    0.103027] PCI: MMCONFIG for domain 0000 [bus 00-3f] at [mem 0xf8000000-0xfbffffff] (base 0xf8000000)
[    0.103037] PCI: not using MMCONFIG
[    0.103042] PCI: Using configuration type 1 for base access
[    0.103046] PCI: Using configuration type 1 for extended access
[    0.103186] device: 'node0': device_add
[    0.103193] bus: 'node': add device node0
[    0.103228] device: 'cpu0': device_add
[    0.103235] bus: 'cpu': add device cpu0
[    0.103279] device: 'cpu1': device_add
[    0.103286] bus: 'cpu': add device cpu1
[    0.103334] device: 'cpu2': device_add
[    0.103342] bus: 'cpu': add device cpu2
[    0.103383] device: 'cpu3': device_add
[    0.103390] bus: 'cpu': add device cpu3
[    0.103433] mtrr: your CPUs had inconsistent variable MTRR settings
[    0.103438] mtrr: probably your BIOS does not setup all CPUs.
[    0.103443] mtrr: corrected configuration.
[    0.110113] device: 'writeback': device_add
[    0.110113] bus: 'workqueue': add device writeback
[    0.110113] device: 'default': device_add
[    0.110204] device class 'block': registering
[    0.110204] device class 'graphics': registering
[    0.110204] ACPI: Added _OSI(Module Device)
[    0.110204] ACPI: Added _OSI(Processor Device)
[    0.110204] ACPI: Added _OSI(3.0 _SCP Extensions)
[    0.110204] ACPI: Added _OSI(Processor Aggregator Device)
[    0.113799] 
**** Context Switch from TID 4294967295 to TID 137625600 ****

[    0.113811]     utils-0051 util_eval_error       : Evaluate [\_SB_.PCI0.LPC0.EC0_._GLK]: AE_NOT_FOUND
[    0.114334] Executing  Method       \_SB_.PCI0.LPC0.EC0_._REG
[    0.115035] Executing  Method       \_SB_.PCI0.LPC0.EC0_._REG
[    0.115063] Executing  Method       \_SB_.PCI0.LPC0.EC0_._REG
[    0.115140] Executing  Method       \_SB_.PCI0.LPC0.EC0_._REG
[    0.118315] Initializing Region       \_SB_.OSTY
[    0.118349] Initializing Region       \_SB_.PCI0.NBMS
[    0.118371] Initializing Region       \_SB_.PCI0.NBXP
[    0.118395] Initializing Region       \_SB_.PCI0.K8ST
[    0.118456] Initializing Region       \_SB_.PCI0.BAR1
[    0.118490] Initializing Region       \_SB_.PCI0.PB2_.XPEX
[    0.118510] Initializing Region       \_SB_.PCI0.PB2_.PCFG
[    0.118530] Initializing Region       \_SB_.PCI0.PB2_.XPCB
[    0.118551] Initializing Region       \_SB_.PCI0.PB2_.XPRI
[    0.118576] Initializing Region       \_SB_.PCI0.PB2_.VGA_.PCFG
[    0.118656] Initializing Region       \_SB_.PCI0.PB2_.HDAU.PCFG
[    0.118691] Initializing Region       \_SB_.PCI0.PB3_.XPEX
[    0.118711] Initializing Region       \_SB_.PCI0.PB3_.PCFG
[    0.118731] Initializing Region       \_SB_.PCI0.PB3_.XPCB
[    0.118753] Initializing Region       \_SB_.PCI0.PB3_.XPRI
[    0.118777] Initializing Region       \_SB_.PCI0.PB3_.VGA_.PCFG
[    0.118867] Initializing Region       \_SB_.PCI0.PB3_.HDAU.PCFG
[    0.118902] Initializing Region       \_SB_.PCI0.PB4_.XPEX
[    0.118921] Initializing Region       \_SB_.PCI0.PB4_.PCFG
[    0.118942] Initializing Region       \_SB_.PCI0.PB4_.XPCB
[    0.118963] Initializing Region       \_SB_.PCI0.PB4_.XPRI
[    0.118988] Initializing Region       \_SB_.PCI0.PB4_.XPDV.PCFG
[    0.119032] Initializing Region       \_SB_.PCI0.PB5_.XPEX
[    0.119052] Initializing Region       \_SB_.PCI0.PB5_.PCFG
[    0.119072] Initializing Region       \_SB_.PCI0.PB5_.XPCB
[    0.119093] Initializing Region       \_SB_.PCI0.PB5_.XPRI
[    0.119118] Initializing Region       \_SB_.PCI0.PB5_.XPDV.PCFG
[    0.119152] Initializing Region       \_SB_.PCI0.PB6_.XPEX
[    0.119172] Initializing Region       \_SB_.PCI0.PB6_.PCFG
[    0.119192] Initializing Region       \_SB_.PCI0.PB6_.XPCB
[    0.119214] Initializing Region       \_SB_.PCI0.PB6_.XPRI
[    0.119238] Initializing Region       \_SB_.PCI0.PB6_.XPDV.PCFG
[    0.119272] Initializing Region       \_SB_.PCI0.PB7_.XPEX
[    0.119292] Initializing Region       \_SB_.PCI0.PB7_.PCFG
[    0.119312] Initializing Region       \_SB_.PCI0.PB7_.XPCB
[    0.119334] Initializing Region       \_SB_.PCI0.PB7_.XPRI
[    0.119358] Initializing Region       \_SB_.PCI0.PB7_.XPDV.PCFG
[    0.119646] Initializing Region       \_SB_.PCI0.SATC
[    0.119666] Initializing Region       \_SB_.PCI0.RMEM
[    0.119769] Initializing Region       \_SB_.PCI0.SATA.SATX
[    0.119797] Initializing Region       \_SB_.PCI0.SATA.BAR5
[    0.125261] Initializing Region       \_SB_.PCI0.SMB_.SBRV
[    0.125299] Initializing Region       \_SB_.PCI0.SMB_.PMIO
[    0.125322] Initializing Region       \_SB_.PCI0.SMB_.ERMM
[    0.125322] Initializing Region       \_SB_.PCI0.SMB_.P1E0
[    0.125322] Initializing Region       \_SB_.PCI0.SMB_.ABIO
[    0.125322] Initializing Region       \_SB_.PCI0.SMB_.SMB0
[    0.125322] Initializing Region       \_SB_.PCI0.LPC0.PIRQ
[    0.125329] Initializing Region       \_SB_.PCI0.LPC0.LPCR
[    0.125426] Initializing Region       \_SB_.PCI0.LPC0.LPCS
[    0.125458] Initializing Region       \_SB_.PCI0.LPC0.SMI0
[    0.125477] Initializing Region       \_SB_.PCI0.LPC0.SMI1
[    0.125505] Initializing Region       \_SB_.PCI0.LPC0.EC0_.ECO1
[    0.125525] Initializing Region       \_SB_.PCI0.LPC0.EC0_.ECO2
[    0.125545] Initializing Region       \_SB_.PCI0.LPC0.EC0_.ECMB
[    0.125564] Initializing Region       \_SB_.PCI0.LPC0.EC0_.RAM_
[    0.125696] Initializing Region       \_SB_.PCI0.LPC0.EC0_.CMOS
[    0.125741] Initializing Region       \_SB_.PCI0.LPC0.EC0_.VPC0.ERAM
[    0.125815] Initializing Region       \_SB_.PCI0.SPB0.PCFG
[    0.125836] Initializing Region       \_SB_.PCI0.SPB0.XPCB
[    0.125860] Initializing Region       \_SB_.PCI0.SPB0.XPDV.PCFG
[    0.125893] Initializing Region       \_SB_.PCI0.SPB1.PCFG
[    0.125913] Initializing Region       \_SB_.PCI0.SPB1.XPCB
[    0.125938] Initializing Region       \_SB_.PCI0.SPB1.XPDV.PCFG
[    0.125971] Initializing Region       \_SB_.PCI0.SPB2.PCFG
[    0.125991] Initializing Region       \_SB_.PCI0.SPB2.XPCB
[    0.126021] Initializing Region       \_SB_.PCI0.SPB2.XPDV.PCFG
[    0.126054] Initializing Region       \_SB_.PCI0.SPB3.PCFG
[    0.126075] Initializing Region       \_SB_.PCI0.SPB3.XPCB
[    0.126100] Initializing Region       \_SB_.PCI0.SPB3.XPDV.PCFG
[    0.126281] Initializing Region       \_SB_.PCI0.VGA_.REVD
[    0.126502] Initializing BufferField  \_SB_.AMW0.WLID
[    0.126945] Initializing Region       \DEB2
[    0.126965] Initializing Region       \PMIO
[    0.126985] Initializing Region       \P01_
[    0.127035] Initializing Region       \CNVS
[    0.127068] Initializing Region       \SPRT
[    0.127104] Initializing Region       \CMIO
[    0.127274] Executing  Method       \_SB_._STA
[    0.127284] Executing  Method       \_SB_._INI
[    0.127292] Executing  Method       \_SB_.PCI0._STA
[    0.127300] Executing  Method       \_SB_.PCI0._INI
[    0.127561] [Firmware Bug]: ACPI: BIOS _OSI(Linux) query ignored
[    0.128012] Executing  Method       \_SB_.PCI0.SATA._STA
[    0.128022] Executing  Method       \_SB_.PCI0.SATA._INI
[    0.128948] Executing  Method       \_SB_.PCI0.LPC0.EC0_._REG
[    0.156145] ACPI: Interpreter enabled
[    0.156170] ACPI: (supports S0 S5)
[    0.156175] ACPI: Using IOAPIC for interrupt routing
[    0.157323] PCI: MMCONFIG for domain 0000 [bus 00-3f] at [mem 0xf8000000-0xfbffffff] (base 0xf8000000)
[    0.158091] PCI: MMCONFIG at [mem 0xf8000000-0xfbffffff] reserved in ACPI motherboard resources
[    0.158261] bus: 'acpi': registered
[    0.158271] PCI: Using host bridge windows from ACPI; if necessary, use "pci=nocrs" and report a bug
[    0.158289]      scan-1133 get_device_data       : No context for object [ffffffffffffffff]
[    0.158305]     utils-0051 util_eval_error       : Evaluate [\._STA]: AE_NOT_FOUND
[    0.158332] device: 'LNXSYSTM:00': device_add
[    0.158342] bus: 'acpi': add device LNXSYSTM:00
[    0.158371]     utils-0051 util_eval_error       : Evaluate [\._SUN]: AE_NOT_FOUND
[    0.158392]      scan-1922 add_single_object     : Added LNXSYSTM:00 [\] parent (null)
[    0.158412]      scan-1133 get_device_data       : No context for object [ffff88040d81d000]
[    0.158421]      scan-1133 get_device_data       : No context for object [ffff88040d8377d0]
[    0.158430]      scan-1133 get_device_data       : No context for object [ffff88040d8377f8]
[    0.158439]      scan-1133 get_device_data       : No context for object [ffff88040d837820]
[    0.158448]      scan-1133 get_device_data       : No context for object [ffff88040d837848]
[    0.158456]      scan-1133 get_device_data       : No context for object [ffff88040d837870]
[    0.158465]      scan-1133 get_device_data       : No context for object [ffff88040d837898]
[    0.158473]      scan-1133 get_device_data       : No context for object [ffff88040d8378c0]
[    0.158482]      scan-1133 get_device_data       : No context for object [ffff88040d8378e8]
[    0.158491]      scan-1133 get_device_data       : No context for object [ffff88040d839398]
[    0.158500]      scan-1133 get_device_data       : No context for object [ffff88040d81d028]
[    0.158508]      scan-1133 get_device_data       : No context for object [ffff88040d81d168]
[    0.158518]     utils-0051 util_eval_error       : Evaluate [\_PR_.C000._STA]: AE_NOT_FOUND
[    0.158528]      scan-1133 get_device_data       : No context for object [ffff88040d81d028]
[    0.158546] device: 'LNXCPU:00': device_add
[    0.158553] bus: 'acpi': add device LNXCPU:00
[    0.158577]     utils-0051 util_eval_error       : Evaluate [\_PR_.C000._SUN]: AE_NOT_FOUND
[    0.158596]      scan-1922 add_single_object     : Added LNXCPU:00 [\_PR_.C000] parent LNXSYSTM:00
[    0.158609]      scan-1133 get_device_data       : No context for object [ffff88040d83c398]
[    0.158618]      scan-1133 get_device_data       : No context for object [ffff88040d83c3c0]
[    0.158627]      scan-1133 get_device_data       : No context for object [ffff88040d83c3e8]
[    0.158636]      scan-1133 get_device_data       : No context for object [ffff88040d83c410]
[    0.158644]      scan-1133 get_device_data       : No context for object [ffff88040d83c438]
[    0.158654]      scan-1133 get_device_data       : No context for object [ffff88040d83c460]
[    0.158662]      scan-1133 get_device_data       : No context for object [ffff88040d81d190]
[    0.158673]     utils-0051 util_eval_error       : Evaluate [\_PR_.C001._STA]: AE_NOT_FOUND
[    0.158683]      scan-1133 get_device_data       : No context for object [ffff88040d81d028]
[    0.158700] device: 'LNXCPU:01': device_add
[    0.158707] bus: 'acpi': add device LNXCPU:01
[    0.158727]     utils-0051 util_eval_error       : Evaluate [\_PR_.C001._SUN]: AE_NOT_FOUND
[    0.159000]      scan-1922 add_single_object     : Added LNXCPU:01 [\_PR_.C001] parent LNXSYSTM:00
[    0.159000]      scan-1133 get_device_data       : No context for object [ffff88040d83c488]
[    0.159000]      scan-1133 get_device_data       : No context for object [ffff88040d83c4b0]
[    0.159000]      scan-1133 get_device_data       : No context for object [ffff88040d83c4d8]
[    0.159000]      scan-1133 get_device_data       : No context for object [ffff88040d83c500]
[    0.159000]      scan-1133 get_device_data       : No context for object [ffff88040d83c528]
[    0.159000]      scan-1133 get_device_data       : No context for object [ffff88040d83c550]
[    0.159000]      scan-1133 get_device_data       : No context for object [ffff88040d81d1b8]
[    0.159000]     utils-0051 util_eval_error       : Evaluate [\_PR_.C002._STA]: AE_NOT_FOUND
[    0.159000]      scan-1133 get_device_data       : No context for object [ffff88040d81d028]
[    0.159000] device: 'LNXCPU:02': device_add
[    0.159000] bus: 'acpi': add device LNXCPU:02
[    0.159000]     utils-0051 util_eval_error       : Evaluate [\_PR_.C002._SUN]: AE_NOT_FOUND
[    0.159018]      scan-1922 add_single_object     : Added LNXCPU:02 [\_PR_.C002] parent LNXSYSTM:00
[    0.159018]      scan-1133 get_device_data       : No context for object [ffff88040d83c578]
[    0.159018]      scan-1133 get_device_data       : No context for object [ffff88040d83c5a0]
[    0.159018]      scan-1133 get_device_data       : No context for object [ffff88040d83c5c8]
[    0.159018]      scan-1133 get_device_data       : No context for object [ffff88040d83c5f0]
[    0.159018]      scan-1133 get_device_data       : No context for object [ffff88040d83c618]
[    0.159018]      scan-1133 get_device_data       : No context for object [ffff88040d83c640]
[    0.159018]      scan-1133 get_device_data       : No context for object [ffff88040d81d1e0]
[    0.159018]     utils-0051 util_eval_error       : Evaluate [\_PR_.C003._STA]: AE_NOT_FOUND
[    0.159018]      scan-1133 get_device_data       : No context for object [ffff88040d81d028]
[    0.159018] device: 'LNXCPU:03': device_add
[    0.159018] bus: 'acpi': add device LNXCPU:03
[    0.159028]     utils-0051 util_eval_error       : Evaluate [\_PR_.C003._SUN]: AE_NOT_FOUND
[    0.159046]      scan-1922 add_single_object     : Added LNXCPU:03 [\_PR_.C003] parent LNXSYSTM:00
[    0.159059]      scan-1133 get_device_data       : No context for object [ffff88040d83c668]
[    0.159068]      scan-1133 get_device_data       : No context for object [ffff88040d83c690]
[    0.159077]      scan-1133 get_device_data       : No context for object [ffff88040d83c6b8]
[    0.159085]      scan-1133 get_device_data       : No context for object [ffff88040d83c6e0]
[    0.159094]      scan-1133 get_device_data       : No context for object [ffff88040d83c708]
[    0.159103]      scan-1133 get_device_data       : No context for object [ffff88040d83c730]
[    0.159112]      scan-1133 get_device_data       : No context for object [ffff88040d81d050]
[    0.159122]     utils-0051 util_eval_error       : Evaluate [\_SB_._STA]: AE_NOT_FOUND
[    0.159182] device: 'LNXSYBUS:00': device_add
[    0.159189] bus: 'acpi': add device LNXSYBUS:00
[    0.159210]     utils-0051 util_eval_error       : Evaluate [\_SB_._SUN]: AE_NOT_FOUND
[    0.159228]      scan-1922 add_single_object     : Added LNXSYBUS:00 [\_SB_] parent LNXSYSTM:00
[    0.159245]      scan-1133 get_device_data       : No context for object [ffff88040d81d3c0]
[    0.159255]      scan-1133 get_device_data       : No context for object [ffff88040d81d3e8]
[    0.159263]      scan-1133 get_device_data       : No context for object [ffff88040d81d410]
[    0.159272]      scan-1133 get_device_data       : No context for object [ffff88040d81d438]
[    0.159281]      scan-1133 get_device_data       : No context for object [ffff88040d81d460]
[    0.159289]      scan-1133 get_device_data       : No context for object [ffff88040d81d488]
[    0.159298]      scan-1133 get_device_data       : No context for object [ffff88040d81d4b0]
[    0.159307]      scan-1133 get_device_data       : No context for object [ffff88040d81d5a0]
[    0.159317]     utils-0051 util_eval_error       : Evaluate [\_SB_.PWRB._STA]: AE_NOT_FOUND
[    0.159360] device: 'PNP0C0C:00': device_add
[    0.159368] bus: 'acpi': add device PNP0C0C:00
[    0.159387]     utils-0051 util_eval_error       : Evaluate [\_SB_.PWRB._SUN]: AE_NOT_FOUND
[    0.159405]      scan-1922 add_single_object     : Added PNP0C0C:00 [\_SB_.PWRB] parent LNXSYBUS:00
[    0.159423]      scan-1133 get_device_data       : No context for object [ffff88040d81d5c8]
[    0.159432]      scan-1133 get_device_data       : No context for object [ffff88040d81d5f0]
[    0.159444]     utils-0051 util_eval_error       : Evaluate [\_SB_.PCI0._STA]: AE_NOT_FOUND
[    0.159507] device: 'PNP0A08:00': device_add
[    0.159517] bus: 'acpi': add device PNP0A08:00
[    0.159539]     utils-0051 util_eval_error       : Evaluate [\_SB_.PCI0._SUN]: AE_NOT_FOUND
[    0.159559]      scan-1922 add_single_object     : Added PNP0A08:00 [\_SB_.PCI0] parent LNXSYBUS:00
[    0.159578]      scan-1133 get_device_data       : No context for object [ffff88040d81d618]
[    0.159587]      scan-1133 get_device_data       : No context for object [ffff88040d81d640]
[    0.159596]      scan-1133 get_device_data       : No context for object [ffff88040d81d668]
[    0.159604]      scan-1133 get_device_data       : No context for object [ffff88040d81d690]
[    0.159613]      scan-1133 get_device_data       : No context for object [ffff88040d81d6b8]
[    0.159621]      scan-1133 get_device_data       : No context for object [ffff88040d81d6e0]
[    0.159630]      scan-1133 get_device_data       : No context for object [ffff88040d81d708]
[    0.159639]      scan-1133 get_device_data       : No context for object [ffff88040d81d730]
[    0.159647]      scan-1133 get_device_data       : No context for object [ffff88040d81d758]
[    0.159656]      scan-1133 get_device_data       : No context for object [ffff88040d81d780]
[    0.159665]      scan-1133 get_device_data       : No context for object [ffff88040d81d7a8]
[    0.159674]      scan-1133 get_device_data       : No context for object [ffff88040d81d7d0]
[    0.159682]      scan-1133 get_device_data       : No context for object [ffff88040d81d7f8]
[    0.159691]      scan-1133 get_device_data       : No context for object [ffff88040d81d820]
[    0.159700]      scan-1133 get_device_data       : No context for object [ffff88040d81d848]
[    0.159709]      scan-1133 get_device_data       : No context for object [ffff88040d81d870]
[    0.159717]      scan-1133 get_device_data       : No context for object [ffff88040d81d898]
[    0.159726]      scan-1133 get_device_data       : No context for object [ffff88040d81d8c0]
[    0.159735]      scan-1133 get_device_data       : No context for object [ffff88040d81d8e8]
[    0.159743]      scan-1133 get_device_data       : No context for object [ffff88040d81d910]
[    0.159752]      scan-1133 get_device_data       : No context for object [ffff88040d81d938]
[    0.159761]      scan-1133 get_device_data       : No context for object [ffff88040d81d960]
[    0.159770]      scan-1133 get_device_data       : No context for object [ffff88040d81d988]
[    0.159778]      scan-1133 get_device_data       : No context for object [ffff88040d81d9b0]
[    0.159787]      scan-1133 get_device_data       : No context for object [ffff88040d81d9d8]
[    0.159796]      scan-1133 get_device_data       : No context for object [ffff88040d81da00]
[    0.159804]      scan-1133 get_device_data       : No context for object [ffff88040d81da28]
[    0.159813]      scan-1133 get_device_data       : No context for object [ffff88040d81da50]
[    0.159822]      scan-1133 get_device_data       : No context for object [ffff88040d81da78]
[    0.159830]      scan-1133 get_device_data       : No context for object [ffff88040d81daa0]
[    0.159839]      scan-1133 get_device_data       : No context for object [ffff88040d81dac8]
[    0.159848]      scan-1133 get_device_data       : No context for object [ffff88040d81daf0]
[    0.159856]      scan-1133 get_device_data       : No context for object [ffff88040d81db18]
[    0.159865]      scan-1133 get_device_data       : No context for object [ffff88040d81db40]
[    0.159874]      scan-1133 get_device_data       : No context for object [ffff88040d81db68]
[    0.159882]      scan-1133 get_device_data       : No context for object [ffff88040d81db90]
[    0.159891]      scan-1133 get_device_data       : No context for object [ffff88040d81dbb8]
[    0.159900]      scan-1133 get_device_data       : No context for object [ffff88040d81dbe0]
[    0.159908]      scan-1133 get_device_data       : No context for object [ffff88040d81dc08]
[    0.159917]      scan-1133 get_device_data       : No context for object [ffff88040d81dc30]
[    0.159926]      scan-1133 get_device_data       : No context for object [ffff88040d81dc58]
[    0.159934]      scan-1133 get_device_data       : No context for object [ffff88040d81dc80]
[    0.159943]      scan-1133 get_device_data       : No context for object [ffff88040d81dca8]
[    0.159952]      scan-1133 get_device_data       : No context for object [ffff88040d81dcd0]
[    0.159960]      scan-1133 get_device_data       : No context for object [ffff88040d81dcf8]
[    0.159969]      scan-1133 get_device_data       : No context for object [ffff88040d81dd20]
[    0.159977]      scan-1133 get_device_data       : No context for object [ffff88040d81dd48]
[    0.159986]      scan-1133 get_device_data       : No context for object [ffff88040d81dd70]
[    0.159995]      scan-1133 get_device_data       : No context for object [ffff88040d81dd98]
[    0.160008]      scan-1133 get_device_data       : No context for object [ffff88040d81ddc0]
[    0.160017]      scan-1133 get_device_data       : No context for object [ffff88040d81dde8]
[    0.160026]      scan-1133 get_device_data       : No context for object [ffff88040d81de10]
[    0.160034]      scan-1133 get_device_data       : No context for object [ffff88040d81de38]
[    0.160043]      scan-1133 get_device_data       : No context for object [ffff88040d81de60]
[    0.160052]      scan-1133 get_device_data       : No context for object [ffff88040d81de88]
[    0.160060]      scan-1133 get_device_data       : No context for object [ffff88040d81deb0]
[    0.160069]      scan-1133 get_device_data       : No context for object [ffff88040d81ded8]
[    0.160078]      scan-1133 get_device_data       : No context for object [ffff88040d81df00]
[    0.160086]      scan-1133 get_device_data       : No context for object [ffff88040d81df28]
[    0.160095]      scan-1133 get_device_data       : No context for object [ffff88040d81df50]
[    0.160103]      scan-1133 get_device_data       : No context for object [ffff88040d81df78]
[    0.160112]      scan-1133 get_device_data       : No context for object [ffff88040d81dfa0]
[    0.160121]      scan-1133 get_device_data       : No context for object [ffff88040d81dfc8]
[    0.160129]      scan-1133 get_device_data       : No context for object [ffff88040d822000]
[    0.160138]      scan-1133 get_device_data       : No context for object [ffff88040d822028]
[    0.160148]     utils-0051 util_eval_error       : Evaluate [\_SB_.PCI0.MEMR._STA]: AE_NOT_FOUND
[    0.160191] device: 'PNP0C02:00': device_add
[    0.160198] bus: 'acpi': add device PNP0C02:00
[    0.160218]     utils-0051 util_eval_error       : Evaluate [\_SB_.PCI0.MEMR._SUN]: AE_NOT_FOUND
[    0.160236]      scan-1922 add_single_object     : Added PNP0C02:00 [\_SB_.PCI0.MEMR] parent PNP0A08:00
[    0.160251]      scan-1133 get_device_data       : No context for object [ffff88040d822050]
[    0.160260]      scan-1133 get_device_data       : No context for object [ffff88040d822078]
[    0.160269]      scan-1133 get_device_data       : No context for object [ffff88040d8220a0]
[    0.160278]      scan-1133 get_device_data       : No context for object [ffff88040d8220c8]
[    0.160287]      scan-1133 get_device_data       : No context for object [ffff88040d8220f0]
[    0.160296]      scan-1133 get_device_data       : No context for object [ffff88040d822118]
[    0.160304]      scan-1133 get_device_data       : No context for object [ffff88040d822140]
[    0.160313]      scan-1133 get_device_data       : No context for object [ffff88040d822168]
[    0.160322]      scan-1133 get_device_data       : No context for object [ffff88040d822190]
[    0.160330]      scan-1133 get_device_data       : No context for object [ffff88040d8221b8]
[    0.160339]      scan-1133 get_device_data       : No context for object [ffff88040d8221e0]
[    0.160347]      scan-1133 get_device_data       : No context for object [ffff88040d822208]
[    0.160356]      scan-1133 get_device_data       : No context for object [ffff88040d822230]
[    0.160365]      scan-1133 get_device_data       : No context for object [ffff88040d822258]
[    0.160373]      scan-1133 get_device_data       : No context for object [ffff88040d822280]
[    0.160382]      scan-1133 get_device_data       : No context for object [ffff88040d8222a8]
[    0.160392]     utils-0051 util_eval_error       : Evaluate [\_SB_.PCI0.PB2_._STA]: AE_NOT_FOUND
[    0.160504] device: 'device:00': device_add
[    0.160512] bus: 'acpi': add device device:00
[    0.160537]     utils-0051 util_eval_error       : Evaluate [\_SB_.PCI0.PB2_._SUN]: AE_NOT_FOUND
[    0.160555]      scan-1922 add_single_object     : Added device:00 [\_SB_.PCI0.PB2_] parent PNP0A08:00
[    0.160568]      scan-1133 get_device_data       : No context for object [ffff88040d8222d0]
[    0.160577]      scan-1133 get_device_data       : No context for object [ffff88040d8222f8]
[    0.160586]      scan-1133 get_device_data       : No context for object [ffff88040d822320]
[    0.160595]      scan-1133 get_device_data       : No context for object [ffff88040d822348]
[    0.160603]      scan-1133 get_device_data       : No context for object [ffff88040d822370]
[    0.160612]      scan-1133 get_device_data       : No context for object [ffff88040d822398]
[    0.160621]      scan-1133 get_device_data       : No context for object [ffff88040d8223c0]
[    0.160629]      scan-1133 get_device_data       : No context for object [ffff88040d8223e8]
[    0.160638]      scan-1133 get_device_data       : No context for object [ffff88040d822410]
[    0.160647]      scan-1133 get_device_data       : No context for object [ffff88040d822438]
[    0.160655]      scan-1133 get_device_data       : No context for object [ffff88040d822460]
[    0.160664]      scan-1133 get_device_data       : No context for object [ffff88040d822488]
[    0.160672]      scan-1133 get_device_data       : No context for object [ffff88040d8224b0]
[    0.160681]      scan-1133 get_device_data       : No context for object [ffff88040d8224d8]
[    0.160690]      scan-1133 get_device_data       : No context for object [ffff88040d822500]
[    0.160698]      scan-1133 get_device_data       : No context for object [ffff88040d822528]
[    0.160707]      scan-1133 get_device_data       : No context for object [ffff88040d822550]
[    0.160716]      scan-1133 get_device_data       : No context for object [ffff88040d822578]
[    0.160724]      scan-1133 get_device_data       : No context for object [ffff88040d8225a0]
[    0.160733]      scan-1133 get_device_data       : No context for object [ffff88040d8225c8]
[    0.160741]      scan-1133 get_device_data       : No context for object [ffff88040d8225f0]
[    0.160750]      scan-1133 get_device_data       : No context for object [ffff88040d822618]
[    0.160759]      scan-1133 get_device_data       : No context for object [ffff88040d822640]
[    0.160767]      scan-1133 get_device_data       : No context for object [ffff88040d822668]
[    0.160776]      scan-1133 get_device_data       : No context for object [ffff88040d822690]
[    0.160784]      scan-1133 get_device_data       : No context for object [ffff88040d8226b8]
[    0.160793]      scan-1133 get_device_data       : No context for object [ffff88040d8226e0]
[    0.160802]      scan-1133 get_device_data       : No context for object [ffff88040d822708]
[    0.160810]      scan-1133 get_device_data       : No context for object [ffff88040d822730]
[    0.160819]      scan-1133 get_device_data       : No context for object [ffff88040d822758]
[    0.160827]      scan-1133 get_device_data       : No context for object [ffff88040d822780]
[    0.160838]     utils-0051 util_eval_error       : Evaluate [\_SB_.PCI0.PB2_.VGA_._STA]: AE_NOT_FOUND
[    0.160887] device: 'device:01': device_add
[    0.160895] bus: 'acpi': add device device:01
[    0.160915]     utils-0051 util_eval_error       : Evaluate [\_SB_.PCI0.PB2_.VGA_._SUN]: AE_NOT_FOUND
[    0.161002]      scan-1922 add_single_object     : Added device:01 [\_SB_.PCI0.PB2_.VGA_] parent device:00
[    0.161002]      scan-1133 get_device_data       : No context for object [ffff88040d8227a8]
[    0.161002]      scan-1133 get_device_data       : No context for object [ffff88040d8227d0]
[    0.161002]      scan-1133 get_device_data       : No context for object [ffff88040d8227f8]
[    0.161002]      scan-1133 get_device_data       : No context for object [ffff88040d822820]
[    0.161002]      scan-1133 get_device_data       : No context for object [ffff88040d822848]
[    0.161002]      scan-1133 get_device_data       : No context for object [ffff88040d822870]
[    0.161023]      scan-1133 get_device_data       : No context for object [ffff88040d822898]
[    0.161023]      scan-1133 get_device_data       : No context for object [ffff88040d8228c0]
[    0.161027]      scan-1133 get_device_data       : No context for object [ffff88040d8228e8]
[    0.161035]      scan-1133 get_device_data       : No context for object [ffff88040d822910]
[    0.161044]      scan-1133 get_device_data       : No context for object [ffff88040d822938]
[    0.161052]      scan-1133 get_device_data       : No context for object [ffff88040d822960]
[    0.161061]      scan-1133 get_device_data       : No context for object [ffff88040d822988]
[    0.161070]      scan-1133 get_device_data       : No context for object [ffff88040d8229b0]
[    0.161078]      scan-1133 get_device_data       : No context for object [ffff88040d8229d8]
[    0.161087]      scan-1133 get_device_data       : No context for object [ffff88040d822a00]
[    0.161096]      scan-1133 get_device_data       : No context for object [ffff88040d822a28]
[    0.161104]      scan-1133 get_device_data       : No context for object [ffff88040d822a50]
[    0.161113]      scan-1133 get_device_data       : No context for object [ffff88040d822a78]
[    0.161122]      scan-1133 get_device_data       : No context for object [ffff88040d822aa0]
[    0.161130]      scan-1133 get_device_data       : No context for object [ffff88040d822ac8]
[    0.161139]      scan-1133 get_device_data       : No context for object [ffff88040d822af0]
[    0.161147]      scan-1133 get_device_data       : No context for object [ffff88040d822b18]
[    0.161156]      scan-1133 get_device_data       : No context for object [ffff88040d822b40]
[    0.161165]      scan-1133 get_device_data       : No context for object [ffff88040d822b68]
[    0.161173]      scan-1133 get_device_data       : No context for object [ffff88040d822b90]
[    0.161182]      scan-1133 get_device_data       : No context for object [ffff88040d822bb8]
[    0.161191]      scan-1133 get_device_data       : No context for object [ffff88040d822be0]
[    0.161199]      scan-1133 get_device_data       : No context for object [ffff88040d822c08]
[    0.161208]      scan-1133 get_device_data       : No context for object [ffff88040d822c30]
[    0.161217]      scan-1133 get_device_data       : No context for object [ffff88040d822c58]
[    0.161225]      scan-1133 get_device_data       : No context for object [ffff88040d822c80]
[    0.161234]      scan-1133 get_device_data       : No context for object [ffff88040d822ca8]
[    0.161242]      scan-1133 get_device_data       : No context for object [ffff88040d822cd0]
[    0.161251]      scan-1133 get_device_data       : No context for object [ffff88040d822cf8]
[    0.161260]      scan-1133 get_device_data       : No context for object [ffff88040d822d20]
[    0.161268]      scan-1133 get_device_data       : No context for object [ffff88040d822d48]
[    0.161277]      scan-1133 get_device_data       : No context for object [ffff88040d822d70]
[    0.161286]      scan-1133 get_device_data       : No context for object [ffff88040d822d98]
[    0.161294]      scan-1133 get_device_data       : No context for object [ffff88040d837438]
[    0.161303]      scan-1133 get_device_data       : No context for object [ffff88040d822dc0]
[    0.161313]     utils-0051 util_eval_error       : Evaluate [\_SB_.PCI0.PB2_.HDAU._STA]: AE_NOT_FOUND
[    0.161359] device: 'device:02': device_add
[    0.161367] bus: 'acpi': add device device:02
[    0.161387]     utils-0051 util_eval_error       : Evaluate [\_SB_.PCI0.PB2_.HDAU._SUN]: AE_NOT_FOUND
[    0.161406]      scan-1922 add_single_object     : Added device:02 [\_SB_.PCI0.PB2_.HDAU] parent device:00
[    0.161418]      scan-1133 get_device_data       : No context for object [ffff88040d822de8]
[    0.161428]      scan-1133 get_device_data       : No context for object [ffff88040d822e10]
[    0.161436]      scan-1133 get_device_data       : No context for object [ffff88040d822e38]
[    0.161445]      scan-1133 get_device_data       : No context for object [ffff88040d822e60]
[    0.161454]      scan-1133 get_device_data       : No context for object [ffff88040d822e88]
[    0.161463]      scan-1133 get_device_data       : No context for object [ffff88040d822eb0]
[    0.161472]      scan-1133 get_device_data       : No context for object [ffff88040d822ed8]
[    0.161482]     utils-0051 util_eval_error       : Evaluate [\_SB_.PCI0.PB3_._STA]: AE_NOT_FOUND
[    0.161590] device: 'device:03': device_add
[    0.161598] bus: 'acpi': add device device:03
[    0.161621]     utils-0051 util_eval_error       : Evaluate [\_SB_.PCI0.PB3_._SUN]: AE_NOT_FOUND
[    0.161640]      scan-1922 add_single_object     : Added device:03 [\_SB_.PCI0.PB3_] parent PNP0A08:00
[    0.161653]      scan-1133 get_device_data       : No context for object [ffff88040d822f00]
[    0.161661]      scan-1133 get_device_data       : No context for object [ffff88040d822f28]
[    0.161670]      scan-1133 get_device_data       : No context for object [ffff88040d822f50]
[    0.161679]      scan-1133 get_device_data       : No context for object [ffff88040d822f78]
[    0.161688]      scan-1133 get_device_data       : No context for object [ffff88040d822fa0]
[    0.161696]      scan-1133 get_device_data       : No context for object [ffff88040d822fc8]
[    0.161705]      scan-1133 get_device_data       : No context for object [ffff88040d823000]
[    0.161714]      scan-1133 get_device_data       : No context for object [ffff88040d823028]
[    0.161722]      scan-1133 get_device_data       : No context for object [ffff88040d823050]
[    0.161731]      scan-1133 get_device_data       : No context for object [ffff88040d823078]
[    0.161740]      scan-1133 get_device_data       : No context for object [ffff88040d8230a0]
[    0.161748]      scan-1133 get_device_data       : No context for object [ffff88040d8230c8]
[    0.161757]      scan-1133 get_device_data       : No context for object [ffff88040d8230f0]
[    0.161766]      scan-1133 get_device_data       : No context for object [ffff88040d823118]
[    0.161774]      scan-1133 get_device_data       : No context for object [ffff88040d823140]
[    0.161783]      scan-1133 get_device_data       : No context for object [ffff88040d823168]
[    0.161792]      scan-1133 get_device_data       : No context for object [ffff88040d823190]
[    0.161800]      scan-1133 get_device_data       : No context for object [ffff88040d8231b8]
[    0.161809]      scan-1133 get_device_data       : No context for object [ffff88040d8231e0]
[    0.161817]      scan-1133 get_device_data       : No context for object [ffff88040d823208]
[    0.161826]      scan-1133 get_device_data       : No context for object [ffff88040d823230]
[    0.161835]      scan-1133 get_device_data       : No context for object [ffff88040d823258]
[    0.161843]      scan-1133 get_device_data       : No context for object [ffff88040d823280]
[    0.161852]      scan-1133 get_device_data       : No context for object [ffff88040d8232a8]
[    0.161860]      scan-1133 get_device_data       : No context for object [ffff88040d8232d0]
[    0.161869]      scan-1133 get_device_data       : No context for object [ffff88040d8232f8]
[    0.161878]      scan-1133 get_device_data       : No context for object [ffff88040d823320]
[    0.161886]      scan-1133 get_device_data       : No context for object [ffff88040d823348]
[    0.161895]      scan-1133 get_device_data       : No context for object [ffff88040d823370]
[    0.161903]      scan-1133 get_device_data       : No context for object [ffff88040d823398]
[    0.161912]      scan-1133 get_device_data       : No context for object [ffff88040d8233c0]
[    0.161922]     utils-0051 util_eval_error       : Evaluate [\_SB_.PCI0.PB3_.VGA_._STA]: AE_NOT_FOUND
[    0.161962]     video-0058 backlight_cap_match   : Found generic backlight support
[    0.161982] device: 'LNXVIDEO:00': device_add
[    0.161990] bus: 'acpi': add device LNXVIDEO:00
[    0.162018]     utils-0051 util_eval_error       : Evaluate [\_SB_.PCI0.PB3_.VGA_._SUN]: AE_NOT_FOUND
[    0.162038]      scan-1922 add_single_object     : Added LNXVIDEO:00 [\_SB_.PCI0.PB3_.VGA_] parent device:03
[    0.162054]      scan-1133 get_device_data       : No context for object [ffff88040d8233e8]
[    0.162063]      scan-1133 get_device_data       : No context for object [ffff88040d823410]
[    0.162072]      scan-1133 get_device_data       : No context for object [ffff88040d823438]
[    0.162081]      scan-1133 get_device_data       : No context for object [ffff88040d823460]
[    0.162090]      scan-1133 get_device_data       : No context for object [ffff88040d823488]
[    0.162098]      scan-1133 get_device_data       : No context for object [ffff88040d8234b0]
[    0.162107]      scan-1133 get_device_data       : No context for object [ffff88040d8234d8]
[    0.162116]      scan-1133 get_device_data       : No context for object [ffff88040d823500]
[    0.162124]      scan-1133 get_device_data       : No context for object [ffff88040d823528]
[    0.162133]      scan-1133 get_device_data       : No context for object [ffff88040d823550]
[    0.162141]      scan-1133 get_device_data       : No context for object [ffff88040d823578]
[    0.162150]      scan-1133 get_device_data       : No context for object [ffff88040d8235a0]
[    0.162158]      scan-1133 get_device_data       : No context for object [ffff88040d8235c8]
[    0.162167]      scan-1133 get_device_data       : No context for object [ffff88040d8235f0]
[    0.162176]      scan-1133 get_device_data       : No context for object [ffff88040d823618]
[    0.162184]      scan-1133 get_device_data       : No context for object [ffff88040d823640]
[    0.162193]      scan-1133 get_device_data       : No context for object [ffff88040d823668]
[    0.162202]      scan-1133 get_device_data       : No context for object [ffff88040d823690]
[    0.162210]      scan-1133 get_device_data       : No context for object [ffff88040d8236b8]
[    0.162219]      scan-1133 get_device_data       : No context for object [ffff88040d8236e0]
[    0.162227]      scan-1133 get_device_data       : No context for object [ffff88040d823708]
[    0.162236]      scan-1133 get_device_data       : No context for object [ffff88040d823730]
[    0.162245]      scan-1133 get_device_data       : No context for object [ffff88040d823758]
[    0.162253]      scan-1133 get_device_data       : No context for object [ffff88040d823780]
[    0.162262]      scan-1133 get_device_data       : No context for object [ffff88040d8237a8]
[    0.162270]      scan-1133 get_device_data       : No context for object [ffff88040d8237d0]
[    0.162279]      scan-1133 get_device_data       : No context for object [ffff88040d8237f8]
[    0.162288]      scan-1133 get_device_data       : No context for object [ffff88040d823820]
[    0.162296]      scan-1133 get_device_data       : No context for object [ffff88040d823848]
[    0.162305]      scan-1133 get_device_data       : No context for object [ffff88040d823870]
[    0.162313]      scan-1133 get_device_data       : No context for object [ffff88040d823898]
[    0.162322]      scan-1133 get_device_data       : No context for object [ffff88040d8238c0]
[    0.162330]      scan-1133 get_device_data       : No context for object [ffff88040d8238e8]
[    0.162339]      scan-1133 get_device_data       : No context for object [ffff88040d823910]
[    0.162348]      scan-1133 get_device_data       : No context for object [ffff88040d823938]
[    0.162356]      scan-1133 get_device_data       : No context for object [ffff88040d823960]
[    0.162365]      scan-1133 get_device_data       : No context for object [ffff88040d823988]
[    0.162373]      scan-1133 get_device_data       : No context for object [ffff88040d8239b0]
[    0.162382]      scan-1133 get_device_data       : No context for object [ffff88040d8239d8]
[    0.162390]      scan-1133 get_device_data       : No context for object [ffff88040d837460]
[    0.162399]      scan-1133 get_device_data       : No context for object [ffff88040d83ac08]
[    0.162408]      scan-1133 get_device_data       : No context for object [ffff88040d83ac30]
[    0.162416]      scan-1133 get_device_data       : No context for object [ffff88040d83ac58]
[    0.162426]     utils-0051 util_eval_error       : Evaluate [\_SB_.PCI0.PB3_.VGA_.CRT_._STA]: AE_NOT_FOUND
[    0.162481] device: 'device:04': device_add
[    0.162489] bus: 'acpi': add device device:04
[    0.162508]     utils-0051 util_eval_error       : Evaluate [\_SB_.PCI0.PB3_.VGA_.CRT_._SUN]: AE_NOT_FOUND
[    0.162527]      scan-1922 add_single_object     : Added device:04 [\_SB_.PCI0.PB3_.VGA_.CRT_] parent LNXVIDEO:00
[    0.162540]      scan-1133 get_device_data       : No context for object [ffff88040d83ac80]
[    0.162549]      scan-1133 get_device_data       : No context for object [ffff88040d83aca8]
[    0.162558]      scan-1133 get_device_data       : No context for object [ffff88040d83acd0]
[    0.162567]      scan-1133 get_device_data       : No context for object [ffff88040d83acf8]
[    0.162576]      scan-1133 get_device_data       : No context for object [ffff88040d83ad20]
[    0.162586]     utils-0051 util_eval_error       : Evaluate [\_SB_.PCI0.PB3_.VGA_.LCD_._STA]: AE_NOT_FOUND
[    0.162642] device: 'device:05': device_add
[    0.162653] bus: 'acpi': add device device:05
[    0.162673]     utils-0051 util_eval_error       : Evaluate [\_SB_.PCI0.PB3_.VGA_.LCD_._SUN]: AE_NOT_FOUND
[    0.162693]      scan-1922 add_single_object     : Added device:05 [\_SB_.PCI0.PB3_.VGA_.LCD_] parent LNXVIDEO:00
[    0.162706]      scan-1133 get_device_data       : No context for object [ffff88040d83ad48]
[    0.162715]      scan-1133 get_device_data       : No context for object [ffff88040d83ad70]
[    0.162724]      scan-1133 get_device_data       : No context for object [ffff88040d83ad98]
[    0.162732]      scan-1133 get_device_data       : No context for object [ffff88040d83adc0]
[    0.162741]      scan-1133 get_device_data       : No context for object [ffff88040d83ade8]
[    0.162750]      scan-1133 get_device_data       : No context for object [ffff88040d83ae10]
[    0.162758]      scan-1133 get_device_data       : No context for object [ffff88040d83ae38]
[    0.162767]      scan-1133 get_device_data       : No context for object [ffff88040d83ae60]
[    0.162777]     utils-0051 util_eval_error       : Evaluate [\_SB_.PCI0.PB3_.VGA_.TV0_._STA]: AE_NOT_FOUND
[    0.162822] device: 'device:06': device_add
[    0.162829] bus: 'acpi': add device device:06
[    0.162849]     utils-0051 util_eval_error       : Evaluate [\_SB_.PCI0.PB3_.VGA_.TV0_._SUN]: AE_NOT_FOUND
[    0.163006]      scan-1922 add_single_object     : Added device:06 [\_SB_.PCI0.PB3_.VGA_.TV0_] parent LNXVIDEO:00
[    0.163006]      scan-1133 get_device_data       : No context for object [ffff88040d83ae88]
[    0.163006]      scan-1133 get_device_data       : No context for object [ffff88040d83aeb0]
[    0.163006]      scan-1133 get_device_data       : No context for object [ffff88040d83aed8]
[    0.163006]      scan-1133 get_device_data       : No context for object [ffff88040d83af00]
[    0.163006]      scan-1133 get_device_data       : No context for object [ffff88040d83af28]
[    0.163006]     utils-0051 util_eval_error       : Evaluate [\_SB_.PCI0.PB3_.VGA_.HDMI._STA]: AE_NOT_FOUND
[    0.163006] device: 'device:07': device_add
[    0.163006] bus: 'acpi': add device device:07
[    0.163016]     utils-0051 util_eval_error       : Evaluate [\_SB_.PCI0.PB3_.VGA_.HDMI._SUN]: AE_NOT_FOUND
[    0.163035]      scan-1922 add_single_object     : Added device:07 [\_SB_.PCI0.PB3_.VGA_.HDMI] parent LNXVIDEO:00
[    0.163048]      scan-1133 get_device_data       : No context for object [ffff88040d83af50]
[    0.163057]      scan-1133 get_device_data       : No context for object [ffff88040d83af78]
[    0.163066]      scan-1133 get_device_data       : No context for object [ffff88040d83afa0]
[    0.163075]      scan-1133 get_device_data       : No context for object [ffff88040d83afc8]
[    0.163084]      scan-1133 get_device_data       : No context for object [ffff88040d823a00]
[    0.163094]     utils-0051 util_eval_error       : Evaluate [\_SB_.PCI0.PB3_.HDAU._STA]: AE_NOT_FOUND
[    0.163138] device: 'device:08': device_add
[    0.163145] bus: 'acpi': add device device:08
[    0.163165]     utils-0051 util_eval_error       : Evaluate [\_SB_.PCI0.PB3_.HDAU._SUN]: AE_NOT_FOUND
[    0.163183]      scan-1922 add_single_object     : Added device:08 [\_SB_.PCI0.PB3_.HDAU] parent device:03
[    0.163195]      scan-1133 get_device_data       : No context for object [ffff88040d823a28]
[    0.163204]      scan-1133 get_device_data       : No context for object [ffff88040d823a50]
[    0.163213]      scan-1133 get_device_data       : No context for object [ffff88040d823a78]
[    0.163222]      scan-1133 get_device_data       : No context for object [ffff88040d823aa0]
[    0.163230]      scan-1133 get_device_data       : No context for object [ffff88040d823ac8]
[    0.163239]      scan-1133 get_device_data       : No context for object [ffff88040d823af0]
[    0.163248]      scan-1133 get_device_data       : No context for object [ffff88040d823b18]
[    0.163258]     utils-0051 util_eval_error       : Evaluate [\_SB_.PCI0.PB4_._STA]: AE_NOT_FOUND
[    0.163364] device: 'device:09': device_add
[    0.163372] bus: 'acpi': add device device:09
[    0.163392]     utils-0051 util_eval_error       : Evaluate [\_SB_.PCI0.PB4_._SUN]: AE_NOT_FOUND
[    0.163410]      scan-1922 add_single_object     : Added device:09 [\_SB_.PCI0.PB4_] parent PNP0A08:00
[    0.163423]      scan-1133 get_device_data       : No context for object [ffff88040d823b40]
[    0.163432]      scan-1133 get_device_data       : No context for object [ffff88040d823b68]
[    0.163441]      scan-1133 get_device_data       : No context for object [ffff88040d823b90]
[    0.163450]      scan-1133 get_device_data       : No context for object [ffff88040d823bb8]
[    0.163458]      scan-1133 get_device_data       : No context for object [ffff88040d823be0]
[    0.163467]      scan-1133 get_device_data       : No context for object [ffff88040d823c08]
[    0.163476]      scan-1133 get_device_data       : No context for object [ffff88040d823c30]
[    0.163484]      scan-1133 get_device_data       : No context for object [ffff88040d823c58]
[    0.163493]      scan-1133 get_device_data       : No context for object [ffff88040d823c80]
[    0.163501]      scan-1133 get_device_data       : No context for object [ffff88040d823ca8]
[    0.163510]      scan-1133 get_device_data       : No context for object [ffff88040d823cd0]
[    0.163519]      scan-1133 get_device_data       : No context for object [ffff88040d823cf8]
[    0.163527]      scan-1133 get_device_data       : No context for object [ffff88040d823d20]
[    0.163536]      scan-1133 get_device_data       : No context for object [ffff88040d823d48]
[    0.163544]      scan-1133 get_device_data       : No context for object [ffff88040d823d70]
[    0.163553]      scan-1133 get_device_data       : No context for object [ffff88040d823d98]
[    0.163562]      scan-1133 get_device_data       : No context for object [ffff88040d823dc0]
[    0.163570]      scan-1133 get_device_data       : No context for object [ffff88040d823de8]
[    0.163579]      scan-1133 get_device_data       : No context for object [ffff88040d823e10]
[    0.163588]      scan-1133 get_device_data       : No context for object [ffff88040d823e38]
[    0.163596]      scan-1133 get_device_data       : No context for object [ffff88040d823e60]
[    0.163605]      scan-1133 get_device_data       : No context for object [ffff88040d823e88]
[    0.163613]      scan-1133 get_device_data       : No context for object [ffff88040d823eb0]
[    0.163622]      scan-1133 get_device_data       : No context for object [ffff88040d823ed8]
[    0.163630]      scan-1133 get_device_data       : No context for object [ffff88040d823f00]
[    0.163639]      scan-1133 get_device_data       : No context for object [ffff88040d823f28]
[    0.163648]      scan-1133 get_device_data       : No context for object [ffff88040d823f50]
[    0.163656]      scan-1133 get_device_data       : No context for object [ffff88040d823f78]
[    0.163665]      scan-1133 get_device_data       : No context for object [ffff88040d823fa0]
[    0.163674]      scan-1133 get_device_data       : No context for object [ffff88040d823fc8]
[    0.163682]      scan-1133 get_device_data       : No context for object [ffff88040d825000]
[    0.163692]     utils-0051 util_eval_error       : Evaluate [\_SB_.PCI0.PB4_.XPDV._STA]: AE_NOT_FOUND
[    0.163737] device: 'device:0a': device_add
[    0.163744] bus: 'acpi': add device device:0a
[    0.163766]     utils-0051 util_eval_error       : Evaluate [\_SB_.PCI0.PB4_.XPDV._SUN]: AE_NOT_FOUND
[    0.164004]      scan-1922 add_single_object     : Added device:0a [\_SB_.PCI0.PB4_.XPDV] parent device:09
[    0.164004]      scan-1133 get_device_data       : No context for object [ffff88040d825028]
[    0.164004]      scan-1133 get_device_data       : No context for object [ffff88040d825050]
[    0.164004]      scan-1133 get_device_data       : No context for object [ffff88040d825078]
[    0.164004]      scan-1133 get_device_data       : No context for object [ffff88040d8250a0]
[    0.164004]      scan-1133 get_device_data       : No context for object [ffff88040d8250c8]
[    0.164004]      scan-1133 get_device_data       : No context for object [ffff88040d837500]
[    0.164004]      scan-1133 get_device_data       : No context for object [ffff88040d8250f0]
[    0.164004]      scan-1133 get_device_data       : No context for object [ffff88040d825118]
[    0.164004]     utils-0051 util_eval_error       : Evaluate [\_SB_.PCI0.PB5_._STA]: AE_NOT_FOUND
[    0.164004] device: 'device:0b': device_add
[    0.164004] bus: 'acpi': add device device:0b
[    0.164004]     utils-0051 util_eval_error       : Evaluate [\_SB_.PCI0.PB5_._SUN]: AE_NOT_FOUND
[    0.164017]      scan-1922 add_single_object     : Added device:0b [\_SB_.PCI0.PB5_] parent PNP0A08:00
[    0.164017]      scan-1133 get_device_data       : No context for object [ffff88040d825140]
[    0.164017]      scan-1133 get_device_data       : No context for object [ffff88040d825168]
[    0.164017]      scan-1133 get_device_data       : No context for object [ffff88040d825190]
[    0.164017]      scan-1133 get_device_data       : No context for object [ffff88040d8251b8]
[    0.164025]      scan-1133 get_device_data       : No context for object [ffff88040d8251e0]
[    0.164034]      scan-1133 get_device_data       : No context for object [ffff88040d825208]
[    0.164043]      scan-1133 get_device_data       : No context for object [ffff88040d825230]
[    0.164052]      scan-1133 get_device_data       : No context for object [ffff88040d825258]
[    0.164060]      scan-1133 get_device_data       : No context for object [ffff88040d825280]
[    0.164069]      scan-1133 get_device_data       : No context for object [ffff88040d8252a8]
[    0.164078]      scan-1133 get_device_data       : No context for object [ffff88040d8252d0]
[    0.164087]      scan-1133 get_device_data       : No context for object [ffff88040d8252f8]
[    0.164095]      scan-1133 get_device_data       : No context for object [ffff88040d825320]
[    0.164104]      scan-1133 get_device_data       : No context for object [ffff88040d825348]
[    0.164112]      scan-1133 get_device_data       : No context for object [ffff88040d825370]
[    0.164121]      scan-1133 get_device_data       : No context for object [ffff88040d825398]
[    0.164130]      scan-1133 get_device_data       : No context for object [ffff88040d8253c0]
[    0.164139]      scan-1133 get_device_data       : No context for object [ffff88040d8253e8]
[    0.164147]      scan-1133 get_device_data       : No context for object [ffff88040d825410]
[    0.164156]      scan-1133 get_device_data       : No context for object [ffff88040d825438]
[    0.164164]      scan-1133 get_device_data       : No context for object [ffff88040d825460]
[    0.164173]      scan-1133 get_device_data       : No context for object [ffff88040d825488]
[    0.164182]      scan-1133 get_device_data       : No context for object [ffff88040d8254b0]
[    0.164191]      scan-1133 get_device_data       : No context for object [ffff88040d8254d8]
[    0.164199]      scan-1133 get_device_data       : No context for object [ffff88040d825500]
[    0.164208]      scan-1133 get_device_data       : No context for object [ffff88040d825528]
[    0.164217]      scan-1133 get_device_data       : No context for object [ffff88040d825550]
[    0.164225]      scan-1133 get_device_data       : No context for object [ffff88040d825578]
[    0.164234]      scan-1133 get_device_data       : No context for object [ffff88040d8255a0]
[    0.164243]      scan-1133 get_device_data       : No context for object [ffff88040d8255c8]
[    0.164251]      scan-1133 get_device_data       : No context for object [ffff88040d8255f0]
[    0.164261]     utils-0051 util_eval_error       : Evaluate [\_SB_.PCI0.PB5_.XPDV._STA]: AE_NOT_FOUND
[    0.164306] device: 'device:0c': device_add
[    0.164313] bus: 'acpi': add device device:0c
[    0.164333]     utils-0051 util_eval_error       : Evaluate [\_SB_.PCI0.PB5_.XPDV._SUN]: AE_NOT_FOUND
[    0.164352]      scan-1922 add_single_object     : Added device:0c [\_SB_.PCI0.PB5_.XPDV] parent device:0b
[    0.164365]      scan-1133 get_device_data       : No context for object [ffff88040d825618]
[    0.164373]      scan-1133 get_device_data       : No context for object [ffff88040d825640]
[    0.164382]      scan-1133 get_device_data       : No context for object [ffff88040d825668]
[    0.164391]      scan-1133 get_device_data       : No context for object [ffff88040d825690]
[    0.164399]      scan-1133 get_device_data       : No context for object [ffff88040d8256b8]
[    0.164408]      scan-1133 get_device_data       : No context for object [ffff88040d837528]
[    0.164417]      scan-1133 get_device_data       : No context for object [ffff88040d8256e0]
[    0.164426]      scan-1133 get_device_data       : No context for object [ffff88040d825708]
[    0.164436]     utils-0051 util_eval_error       : Evaluate [\_SB_.PCI0.PB6_._STA]: AE_NOT_FOUND
[    0.164542] device: 'device:0d': device_add
[    0.164550] bus: 'acpi': add device device:0d
[    0.164572]     utils-0051 util_eval_error       : Evaluate [\_SB_.PCI0.PB6_._SUN]: AE_NOT_FOUND
[    0.164591]      scan-1922 add_single_object     : Added device:0d [\_SB_.PCI0.PB6_] parent PNP0A08:00
[    0.164604]      scan-1133 get_device_data       : No context for object [ffff88040d825730]
[    0.164613]      scan-1133 get_device_data       : No context for object [ffff88040d825758]
[    0.164622]      scan-1133 get_device_data       : No context for object [ffff88040d825780]
[    0.164630]      scan-1133 get_device_data       : No context for object [ffff88040d8257a8]
[    0.164639]      scan-1133 get_device_data       : No context for object [ffff88040d8257d0]
[    0.164648]      scan-1133 get_device_data       : No context for object [ffff88040d8257f8]
[    0.164656]      scan-1133 get_device_data       : No context for object [ffff88040d825820]
[    0.164665]      scan-1133 get_device_data       : No context for object [ffff88040d825848]
[    0.164674]      scan-1133 get_device_data       : No context for object [ffff88040d825870]
[    0.164682]      scan-1133 get_device_data       : No context for object [ffff88040d825898]
[    0.164691]      scan-1133 get_device_data       : No context for object [ffff88040d8258c0]
[    0.164700]      scan-1133 get_device_data       : No context for object [ffff88040d8258e8]
[    0.164708]      scan-1133 get_device_data       : No context for object [ffff88040d825910]
[    0.164717]      scan-1133 get_device_data       : No context for object [ffff88040d825938]
[    0.164725]      scan-1133 get_device_data       : No context for object [ffff88040d825960]
[    0.164734]      scan-1133 get_device_data       : No context for object [ffff88040d825988]
[    0.164743]      scan-1133 get_device_data       : No context for object [ffff88040d8259b0]
[    0.164751]      scan-1133 get_device_data       : No context for object [ffff88040d8259d8]
[    0.164760]      scan-1133 get_device_data       : No context for object [ffff88040d825a00]
[    0.164769]      scan-1133 get_device_data       : No context for object [ffff88040d825a28]
[    0.164777]      scan-1133 get_device_data       : No context for object [ffff88040d825a50]
[    0.164786]      scan-1133 get_device_data       : No context for object [ffff88040d825a78]
[    0.164795]      scan-1133 get_device_data       : No context for object [ffff88040d825aa0]
[    0.164803]      scan-1133 get_device_data       : No context for object [ffff88040d825ac8]
[    0.164812]      scan-1133 get_device_data       : No context for object [ffff88040d825af0]
[    0.164820]      scan-1133 get_device_data       : No context for object [ffff88040d825b18]
[    0.164829]      scan-1133 get_device_data       : No context for object [ffff88040d825b40]
[    0.164838]      scan-1133 get_device_data       : No context for object [ffff88040d825b68]
[    0.164846]      scan-1133 get_device_data       : No context for object [ffff88040d825b90]
[    0.164855]      scan-1133 get_device_data       : No context for object [ffff88040d825bb8]
[    0.164864]      scan-1133 get_device_data       : No context for object [ffff88040d825be0]
[    0.164874]     utils-0051 util_eval_error       : Evaluate [\_SB_.PCI0.PB6_.XPDV._STA]: AE_NOT_FOUND
[    0.164918] device: 'device:0e': device_add
[    0.164925] bus: 'acpi': add device device:0e
[    0.164944]     utils-0051 util_eval_error       : Evaluate [\_SB_.PCI0.PB6_.XPDV._SUN]: AE_NOT_FOUND
[    0.165001]      scan-1922 add_single_object     : Added device:0e [\_SB_.PCI0.PB6_.XPDV] parent device:0d
[    0.165001]      scan-1133 get_device_data       : No context for object [ffff88040d825c08]
[    0.165001]      scan-1133 get_device_data       : No context for object [ffff88040d825c30]
[    0.165001]      scan-1133 get_device_data       : No context for object [ffff88040d825c58]
[    0.165007]      scan-1133 get_device_data       : No context for object [ffff88040d825c80]
[    0.165016]      scan-1133 get_device_data       : No context for object [ffff88040d825ca8]
[    0.165025]      scan-1133 get_device_data       : No context for object [ffff88040d837550]
[    0.165033]      scan-1133 get_device_data       : No context for object [ffff88040d825cd0]
[    0.165042]      scan-1133 get_device_data       : No context for object [ffff88040d825cf8]
[    0.165052]     utils-0051 util_eval_error       : Evaluate [\_SB_.PCI0.PB7_._STA]: AE_NOT_FOUND
[    0.165159] device: 'device:0f': device_add
[    0.165167] bus: 'acpi': add device device:0f
[    0.165186]     utils-0051 util_eval_error       : Evaluate [\_SB_.PCI0.PB7_._SUN]: AE_NOT_FOUND
[    0.165204]      scan-1922 add_single_object     : Added device:0f [\_SB_.PCI0.PB7_] parent PNP0A08:00
[    0.165217]      scan-1133 get_device_data       : No context for object [ffff88040d825d20]
[    0.165226]      scan-1133 get_device_data       : No context for object [ffff88040d825d48]
[    0.165235]      scan-1133 get_device_data       : No context for object [ffff88040d825d70]
[    0.165244]      scan-1133 get_device_data       : No context for object [ffff88040d825d98]
[    0.165252]      scan-1133 get_device_data       : No context for object [ffff88040d825dc0]
[    0.165261]      scan-1133 get_device_data       : No context for object [ffff88040d825de8]
[    0.165270]      scan-1133 get_device_data       : No context for object [ffff88040d825e10]
[    0.165278]      scan-1133 get_device_data       : No context for object [ffff88040d825e38]
[    0.165287]      scan-1133 get_device_data       : No context for object [ffff88040d825e60]
[    0.165295]      scan-1133 get_device_data       : No context for object [ffff88040d825e88]
[    0.165304]      scan-1133 get_device_data       : No context for object [ffff88040d825eb0]
[    0.165313]      scan-1133 get_device_data       : No context for object [ffff88040d825ed8]
[    0.165321]      scan-1133 get_device_data       : No context for object [ffff88040d825f00]
[    0.165330]      scan-1133 get_device_data       : No context for object [ffff88040d825f28]
[    0.165339]      scan-1133 get_device_data       : No context for object [ffff88040d825f50]
[    0.165347]      scan-1133 get_device_data       : No context for object [ffff88040d825f78]
[    0.165356]      scan-1133 get_device_data       : No context for object [ffff88040d825fa0]
[    0.165365]      scan-1133 get_device_data       : No context for object [ffff88040d825fc8]
[    0.165373]      scan-1133 get_device_data       : No context for object [ffff88040d827000]
[    0.165382]      scan-1133 get_device_data       : No context for object [ffff88040d827028]
[    0.165391]      scan-1133 get_device_data       : No context for object [ffff88040d827050]
[    0.165399]      scan-1133 get_device_data       : No context for object [ffff88040d827078]
[    0.165408]      scan-1133 get_device_data       : No context for object [ffff88040d8270a0]
[    0.165417]      scan-1133 get_device_data       : No context for object [ffff88040d8270c8]
[    0.165425]      scan-1133 get_device_data       : No context for object [ffff88040d8270f0]
[    0.165434]      scan-1133 get_device_data       : No context for object [ffff88040d827118]
[    0.165443]      scan-1133 get_device_data       : No context for object [ffff88040d827140]
[    0.165451]      scan-1133 get_device_data       : No context for object [ffff88040d827168]
[    0.165460]      scan-1133 get_device_data       : No context for object [ffff88040d827190]
[    0.165468]      scan-1133 get_device_data       : No context for object [ffff88040d8271b8]
[    0.165477]      scan-1133 get_device_data       : No context for object [ffff88040d8271e0]
[    0.165487]     utils-0051 util_eval_error       : Evaluate [\_SB_.PCI0.PB7_.XPDV._STA]: AE_NOT_FOUND
[    0.165531] device: 'device:10': device_add
[    0.165539] bus: 'acpi': add device device:10
[    0.165560]     utils-0051 util_eval_error       : Evaluate [\_SB_.PCI0.PB7_.XPDV._SUN]: AE_NOT_FOUND
[    0.165578]      scan-1922 add_single_object     : Added device:10 [\_SB_.PCI0.PB7_.XPDV] parent device:0f
[    0.165591]      scan-1133 get_device_data       : No context for object [ffff88040d827208]
[    0.165600]      scan-1133 get_device_data       : No context for object [ffff88040d827230]
[    0.165609]      scan-1133 get_device_data       : No context for object [ffff88040d827258]
[    0.165617]      scan-1133 get_device_data       : No context for object [ffff88040d827280]
[    0.165626]      scan-1133 get_device_data       : No context for object [ffff88040d8272a8]
[    0.165635]      scan-1133 get_device_data       : No context for object [ffff88040d837488]
[    0.165643]      scan-1133 get_device_data       : No context for object [ffff88040d8272d0]
[    0.165652]      scan-1133 get_device_data       : No context for object [ffff88040d8272f8]
[    0.165662]     utils-0051 util_eval_error       : Evaluate [\_SB_.PCI0.OHC1._STA]: AE_NOT_FOUND
[    0.165764] device: 'device:11': device_add
[    0.165772] bus: 'acpi': add device device:11
[    0.165791]     utils-0051 util_eval_error       : Evaluate [\_SB_.PCI0.OHC1._SUN]: AE_NOT_FOUND
[    0.166001]      scan-1922 add_single_object     : Added device:11 [\_SB_.PCI0.OHC1] parent PNP0A08:00
[    0.166001]      scan-1133 get_device_data       : No context for object [ffff88040d827320]
[    0.166001]      scan-1133 get_device_data       : No context for object [ffff88040d827348]
[    0.166001]      scan-1133 get_device_data       : No context for object [ffff88040d83b2f8]
[    0.166001]     utils-0051 util_eval_error       : Evaluate [\_SB_.PCI0.OHC1.RHUB._STA]: AE_NOT_FOUND
[    0.166001] device: 'device:12': device_add
[    0.166001] bus: 'acpi': add device device:12
[    0.166001]     utils-0051 util_eval_error       : Evaluate [\_SB_.PCI0.OHC1.RHUB._SUN]: AE_NOT_FOUND
[    0.166015]      scan-1922 add_single_object     : Added device:12 [\_SB_.PCI0.OHC1.RHUB] parent device:11
[    0.166015]      scan-1133 get_device_data       : No context for object [ffff88040d83b320]
[    0.166015]      scan-1133 get_device_data       : No context for object [ffff88040d83b348]
[    0.166015]     utils-0051 util_eval_error       : Evaluate [\_SB_.PCI0.OHC1.RHUB.PRT3._STA]: AE_NOT_FOUND
[    0.166020] device: 'device:13': device_add
[    0.166028] bus: 'acpi': add device device:13
[    0.166050]     utils-0051 util_eval_error       : Evaluate [\_SB_.PCI0.OHC1.RHUB.PRT3._SUN]: AE_NOT_FOUND
[    0.166068]      scan-1922 add_single_object     : Added device:13 [\_SB_.PCI0.OHC1.RHUB.PRT3] parent device:12
[    0.166081]      scan-1133 get_device_data       : No context for object [ffff88040d83b370]
[    0.166090]      scan-1133 get_device_data       : No context for object [ffff88040d83b398]
[    0.166099]      scan-1133 get_device_data       : No context for object [ffff88040d83b3c0]
[    0.166108]      scan-1133 get_device_data       : No context for object [ffff88040d83b3e8]
[    0.166118]     utils-0051 util_eval_error       : Evaluate [\_SB_.PCI0.OHC1.RHUB.PRT4._STA]: AE_NOT_FOUND
[    0.166163] device: 'device:14': device_add
[    0.166170] bus: 'acpi': add device device:14
[    0.166189]     utils-0051 util_eval_error       : Evaluate [\_SB_.PCI0.OHC1.RHUB.PRT4._SUN]: AE_NOT_FOUND
[    0.166208]      scan-1922 add_single_object     : Added device:14 [\_SB_.PCI0.OHC1.RHUB.PRT4] parent device:12
[    0.166221]      scan-1133 get_device_data       : No context for object [ffff88040d83b410]
[    0.166230]      scan-1133 get_device_data       : No context for object [ffff88040d83b438]
[    0.166238]      scan-1133 get_device_data       : No context for object [ffff88040d83b460]
[    0.166248]      scan-1133 get_device_data       : No context for object [ffff88040d827370]
[    0.166258]     utils-0051 util_eval_error       : Evaluate [\_SB_.PCI0.EHC1._STA]: AE_NOT_FOUND
[    0.166363] device: 'device:15': device_add
[    0.166371] bus: 'acpi': add device device:15
[    0.166390]     utils-0051 util_eval_error       : Evaluate [\_SB_.PCI0.EHC1._SUN]: AE_NOT_FOUND
[    0.166408]      scan-1922 add_single_object     : Added device:15 [\_SB_.PCI0.EHC1] parent PNP0A08:00
[    0.166421]      scan-1133 get_device_data       : No context for object [ffff88040d827398]
[    0.166430]      scan-1133 get_device_data       : No context for object [ffff88040d8273c0]
[    0.166439]      scan-1133 get_device_data       : No context for object [ffff88040d83b028]
[    0.166448]     utils-0051 util_eval_error       : Evaluate [\_SB_.PCI0.EHC1.RHUB._STA]: AE_NOT_FOUND
[    0.166492] device: 'device:16': device_add
[    0.166502] bus: 'acpi': add device device:16
[    0.166522]     utils-0051 util_eval_error       : Evaluate [\_SB_.PCI0.EHC1.RHUB._SUN]: AE_NOT_FOUND
[    0.166539]      scan-1922 add_single_object     : Added device:16 [\_SB_.PCI0.EHC1.RHUB] parent device:15
[    0.166552]      scan-1133 get_device_data       : No context for object [ffff88040d83b050]
[    0.166561]      scan-1133 get_device_data       : No context for object [ffff88040d83b078]
[    0.166571]     utils-0051 util_eval_error       : Evaluate [\_SB_.PCI0.EHC1.RHUB.PRT3._STA]: AE_NOT_FOUND
[    0.166614] device: 'device:17': device_add
[    0.166622] bus: 'acpi': add device device:17
[    0.166641]     utils-0051 util_eval_error       : Evaluate [\_SB_.PCI0.EHC1.RHUB.PRT3._SUN]: AE_NOT_FOUND
[    0.166660]      scan-1922 add_single_object     : Added device:17 [\_SB_.PCI0.EHC1.RHUB.PRT3] parent device:16
[    0.166673]      scan-1133 get_device_data       : No context for object [ffff88040d83b0a0]
[    0.166681]      scan-1133 get_device_data       : No context for object [ffff88040d83b0c8]
[    0.166690]      scan-1133 get_device_data       : No context for object [ffff88040d83b0f0]
[    0.166699]      scan-1133 get_device_data       : No context for object [ffff88040d83b118]
[    0.166709]     utils-0051 util_eval_error       : Evaluate [\_SB_.PCI0.EHC1.RHUB.PRT4._STA]: AE_NOT_FOUND
[    0.166753] device: 'device:18': device_add
[    0.166761] bus: 'acpi': add device device:18
[    0.166783]     utils-0051 util_eval_error       : Evaluate [\_SB_.PCI0.EHC1.RHUB.PRT4._SUN]: AE_NOT_FOUND
[    0.167001]      scan-1922 add_single_object     : Added device:18 [\_SB_.PCI0.EHC1.RHUB.PRT4] parent device:16
[    0.167001]      scan-1133 get_device_data       : No context for object [ffff88040d83b140]
[    0.167001]      scan-1133 get_device_data       : No context for object [ffff88040d83b168]
[    0.167001]      scan-1133 get_device_data       : No context for object [ffff88040d83b190]
[    0.167001]      scan-1133 get_device_data       : No context for object [ffff88040d8273e8]
[    0.167001]     utils-0051 util_eval_error       : Evaluate [\_SB_.PCI0.OHC2._STA]: AE_NOT_FOUND
[    0.167001] device: 'device:19': device_add
[    0.167001] bus: 'acpi': add device device:19
[    0.167001]     utils-0051 util_eval_error       : Evaluate [\_SB_.PCI0.OHC2._SUN]: AE_NOT_FOUND
[    0.167016]      scan-1922 add_single_object     : Added device:19 [\_SB_.PCI0.OHC2] parent PNP0A08:00
[    0.167016]      scan-1133 get_device_data       : No context for object [ffff88040d827410]
[    0.167016]      scan-1133 get_device_data       : No context for object [ffff88040d827438]
[    0.167016]      scan-1133 get_device_data       : No context for object [ffff88040d83b488]
[    0.167016]     utils-0051 util_eval_error       : Evaluate [\_SB_.PCI0.OHC2.RHUB._STA]: AE_NOT_FOUND
[    0.167041] device: 'device:1a': device_add
[    0.167049] bus: 'acpi': add device device:1a
[    0.167068]     utils-0051 util_eval_error       : Evaluate [\_SB_.PCI0.OHC2.RHUB._SUN]: AE_NOT_FOUND
[    0.167086]      scan-1922 add_single_object     : Added device:1a [\_SB_.PCI0.OHC2.RHUB] parent device:19
[    0.167099]      scan-1133 get_device_data       : No context for object [ffff88040d83b4b0]
[    0.167107]      scan-1133 get_device_data       : No context for object [ffff88040d83b4d8]
[    0.167118]     utils-0051 util_eval_error       : Evaluate [\_SB_.PCI0.OHC2.RHUB.PRT4._STA]: AE_NOT_FOUND
[    0.167163] device: 'device:1b': device_add
[    0.167170] bus: 'acpi': add device device:1b
[    0.167193]     utils-0051 util_eval_error       : Evaluate [\_SB_.PCI0.OHC2.RHUB.PRT4._SUN]: AE_NOT_FOUND
[    0.167213]      scan-1922 add_single_object     : Added device:1b [\_SB_.PCI0.OHC2.RHUB.PRT4] parent device:1a
[    0.167225]      scan-1133 get_device_data       : No context for object [ffff88040d83b500]
[    0.167234]      scan-1133 get_device_data       : No context for object [ffff88040d83b528]
[    0.167243]      scan-1133 get_device_data       : No context for object [ffff88040d83b550]
[    0.167252]      scan-1133 get_device_data       : No context for object [ffff88040d827460]
[    0.167262]     utils-0051 util_eval_error       : Evaluate [\_SB_.PCI0.EHC2._STA]: AE_NOT_FOUND
[    0.167364] device: 'device:1c': device_add
[    0.167372] bus: 'acpi': add device device:1c
[    0.167391]     utils-0051 util_eval_error       : Evaluate [\_SB_.PCI0.EHC2._SUN]: AE_NOT_FOUND
[    0.167409]      scan-1922 add_single_object     : Added device:1c [\_SB_.PCI0.EHC2] parent PNP0A08:00
[    0.167422]      scan-1133 get_device_data       : No context for object [ffff88040d827488]
[    0.167431]      scan-1133 get_device_data       : No context for object [ffff88040d8274b0]
[    0.167439]      scan-1133 get_device_data       : No context for object [ffff88040d83b1b8]
[    0.167449]     utils-0051 util_eval_error       : Evaluate [\_SB_.PCI0.EHC2.RHUB._STA]: AE_NOT_FOUND
[    0.167492] device: 'device:1d': device_add
[    0.167500] bus: 'acpi': add device device:1d
[    0.167519]     utils-0051 util_eval_error       : Evaluate [\_SB_.PCI0.EHC2.RHUB._SUN]: AE_NOT_FOUND
[    0.167537]      scan-1922 add_single_object     : Added device:1d [\_SB_.PCI0.EHC2.RHUB] parent device:1c
[    0.167549]      scan-1133 get_device_data       : No context for object [ffff88040d83b1e0]
[    0.167558]      scan-1133 get_device_data       : No context for object [ffff88040d83b208]
[    0.167569]     utils-0051 util_eval_error       : Evaluate [\_SB_.PCI0.EHC2.RHUB.PRT2._STA]: AE_NOT_FOUND
[    0.167612] device: 'device:1e': device_add
[    0.167620] bus: 'acpi': add device device:1e
[    0.167641]     utils-0051 util_eval_error       : Evaluate [\_SB_.PCI0.EHC2.RHUB.PRT2._SUN]: AE_NOT_FOUND
[    0.167660]      scan-1922 add_single_object     : Added device:1e [\_SB_.PCI0.EHC2.RHUB.PRT2] parent device:1d
[    0.167672]      scan-1133 get_device_data       : No context for object [ffff88040d83b230]
[    0.167682]      scan-1133 get_device_data       : No context for object [ffff88040d83b258]
[    0.167690]      scan-1133 get_device_data       : No context for object [ffff88040d83b280]
[    0.167699]      scan-1133 get_device_data       : No context for object [ffff88040d8274d8]
[    0.167709]     utils-0051 util_eval_error       : Evaluate [\_SB_.PCI0.OHC3._STA]: AE_NOT_FOUND
[    0.167811] device: 'device:1f': device_add
[    0.167819] bus: 'acpi': add device device:1f
[    0.167838]     utils-0051 util_eval_error       : Evaluate [\_SB_.PCI0.OHC3._SUN]: AE_NOT_FOUND
[    0.168001]      scan-1922 add_single_object     : Added device:1f [\_SB_.PCI0.OHC3] parent PNP0A08:00
[    0.168001]      scan-1133 get_device_data       : No context for object [ffff88040d827500]
[    0.168001]      scan-1133 get_device_data       : No context for object [ffff88040d827528]
[    0.168001]      scan-1133 get_device_data       : No context for object [ffff88040d83b578]
[    0.168001]     utils-0051 util_eval_error       : Evaluate [\_SB_.PCI0.OHC3.RHUB._STA]: AE_NOT_FOUND
[    0.168001] device: 'device:20': device_add
[    0.168001] bus: 'acpi': add device device:20
[    0.168001]     utils-0051 util_eval_error       : Evaluate [\_SB_.PCI0.OHC3.RHUB._SUN]: AE_NOT_FOUND
[    0.168017]      scan-1922 add_single_object     : Added device:20 [\_SB_.PCI0.OHC3.RHUB] parent device:1f
[    0.168017]      scan-1133 get_device_data       : No context for object [ffff88040d83b5a0]
[    0.168017]      scan-1133 get_device_data       : No context for object [ffff88040d827550]
[    0.168026]     utils-0051 util_eval_error       : Evaluate [\_SB_.PCI0.EHC3._STA]: AE_NOT_FOUND
[    0.168128] device: 'device:21': device_add
[    0.168136] bus: 'acpi': add device device:21
[    0.168158]     utils-0051 util_eval_error       : Evaluate [\_SB_.PCI0.EHC3._SUN]: AE_NOT_FOUND
[    0.168176]      scan-1922 add_single_object     : Added device:21 [\_SB_.PCI0.EHC3] parent PNP0A08:00
[    0.168188]      scan-1133 get_device_data       : No context for object [ffff88040d827578]
[    0.168197]      scan-1133 get_device_data       : No context for object [ffff88040d8275a0]
[    0.168206]      scan-1133 get_device_data       : No context for object [ffff88040d83b2a8]
[    0.168216]     utils-0051 util_eval_error       : Evaluate [\_SB_.PCI0.EHC3.RHUB._STA]: AE_NOT_FOUND
[    0.168259] device: 'device:22': device_add
[    0.168267] bus: 'acpi': add device device:22
[    0.168286]     utils-0051 util_eval_error       : Evaluate [\_SB_.PCI0.EHC3.RHUB._SUN]: AE_NOT_FOUND
[    0.168304]      scan-1922 add_single_object     : Added device:22 [\_SB_.PCI0.EHC3.RHUB] parent device:21
[    0.168316]      scan-1133 get_device_data       : No context for object [ffff88040d83b2d0]
[    0.168325]      scan-1133 get_device_data       : No context for object [ffff88040d8275c8]
[    0.168335]     utils-0051 util_eval_error       : Evaluate [\_SB_.PCI0.OHC4._STA]: AE_NOT_FOUND
[    0.168436] device: 'device:23': device_add
[    0.168444] bus: 'acpi': add device device:23
[    0.168464]     utils-0051 util_eval_error       : Evaluate [\_SB_.PCI0.OHC4._SUN]: AE_NOT_FOUND
[    0.168481]      scan-1922 add_single_object     : Added device:23 [\_SB_.PCI0.OHC4] parent PNP0A08:00
[    0.168494]      scan-1133 get_device_data       : No context for object [ffff88040d8275f0]
[    0.168502]      scan-1133 get_device_data       : No context for object [ffff88040d827618]
[    0.168511]      scan-1133 get_device_data       : No context for object [ffff88040d827640]
[    0.168521]     utils-0051 util_eval_error       : Evaluate [\_SB_.PCI0.SBAZ._STA]: AE_NOT_FOUND
[    0.168623] device: 'device:24': device_add
[    0.168631] bus: 'acpi': add device device:24
[    0.168653]     utils-0051 util_eval_error       : Evaluate [\_SB_.PCI0.SBAZ._SUN]: AE_NOT_FOUND
[    0.168671]      scan-1922 add_single_object     : Added device:24 [\_SB_.PCI0.SBAZ] parent PNP0A08:00
[    0.168684]      scan-1133 get_device_data       : No context for object [ffff88040d827668]
[    0.168692]      scan-1133 get_device_data       : No context for object [ffff88040d827690]
[    0.168701]      scan-1133 get_device_data       : No context for object [ffff88040d8276b8]
[    0.168711]     utils-0051 util_eval_error       : Evaluate [\_SB_.PCI0.GEC_._STA]: AE_NOT_FOUND
[    0.168831] device: 'device:25': device_add
[    0.168839] bus: 'acpi': add device device:25
[    0.168859]     utils-0051 util_eval_error       : Evaluate [\_SB_.PCI0.GEC_._SUN]: AE_NOT_FOUND
[    0.169001]      scan-1922 add_single_object     : Added device:25 [\_SB_.PCI0.GEC_] parent PNP0A08:00
[    0.169001]      scan-1133 get_device_data       : No context for object [ffff88040d8276e0]
[    0.169001]      scan-1133 get_device_data       : No context for object [ffff88040d827708]
[    0.169001]      scan-1133 get_device_data       : No context for object [ffff88040d827730]
[    0.169001]      scan-1133 get_device_data       : No context for object [ffff88040d827758]
[    0.169001]      scan-1133 get_device_data       : No context for object [ffff88040d827780]
[    0.169001]      scan-1133 get_device_data       : No context for object [ffff88040d8277a8]
[    0.169001]      scan-1133 get_device_data       : No context for object [ffff88040d8277d0]
[    0.169001]      scan-1133 get_device_data       : No context for object [ffff88040d8277f8]
[    0.169001]      scan-1133 get_device_data       : No context for object [ffff88040d827820]
[    0.169001]     utils-0051 util_eval_error       : Evaluate [\_SB_.PCI0.SATA._STA]: AE_NOT_FOUND
[    0.169029] device: 'device:26': device_add
[    0.169037] bus: 'acpi': add device device:26
[    0.169057]     utils-0051 util_eval_error       : Evaluate [\_SB_.PCI0.SATA._SUN]: AE_NOT_FOUND
[    0.169076]      scan-1922 add_single_object     : Added device:26 [\_SB_.PCI0.SATA] parent PNP0A08:00
[    0.169089]      scan-1133 get_device_data       : No context for object [ffff88040d827848]
[    0.169098]      scan-1133 get_device_data       : No context for object [ffff88040d827870]
[    0.169107]      scan-1133 get_device_data       : No context for object [ffff88040d827898]
[    0.169116]      scan-1133 get_device_data       : No context for object [ffff88040d8278c0]
[    0.169125]      scan-1133 get_device_data       : No context for object [ffff88040d8278e8]
[    0.169133]      scan-1133 get_device_data       : No context for object [ffff88040d827910]
[    0.169142]      scan-1133 get_device_data       : No context for object [ffff88040d827938]
[    0.169151]      scan-1133 get_device_data       : No context for object [ffff88040d827960]
[    0.169159]      scan-1133 get_device_data       : No context for object [ffff88040d827988]
[    0.169168]      scan-1133 get_device_data       : No context for object [ffff88040d8279b0]
[    0.169177]      scan-1133 get_device_data       : No context for object [ffff88040d8279d8]
[    0.169186]      scan-1133 get_device_data       : No context for object [ffff88040d827a00]
[    0.169194]      scan-1133 get_device_data       : No context for object [ffff88040d827a28]
[    0.169203]      scan-1133 get_device_data       : No context for object [ffff88040d827a50]
[    0.169212]      scan-1133 get_device_data       : No context for object [ffff88040d827a78]
[    0.169220]      scan-1133 get_device_data       : No context for object [ffff88040d827aa0]
[    0.169229]      scan-1133 get_device_data       : No context for object [ffff88040d827ac8]
[    0.169238]      scan-1133 get_device_data       : No context for object [ffff88040d827af0]
[    0.169247]      scan-1133 get_device_data       : No context for object [ffff88040d827b18]
[    0.169255]      scan-1133 get_device_data       : No context for object [ffff88040d827b40]
[    0.169264]      scan-1133 get_device_data       : No context for object [ffff88040d827b68]
[    0.169273]      scan-1133 get_device_data       : No context for object [ffff88040d827b90]
[    0.169282]      scan-1133 get_device_data       : No context for object [ffff88040d827bb8]
[    0.169290]      scan-1133 get_device_data       : No context for object [ffff88040d827be0]
[    0.169299]      scan-1133 get_device_data       : No context for object [ffff88040d827c08]
[    0.169308]      scan-1133 get_device_data       : No context for object [ffff88040d827c30]
[    0.169316]      scan-1133 get_device_data       : No context for object [ffff88040d827c58]
[    0.169325]      scan-1133 get_device_data       : No context for object [ffff88040d827c80]
[    0.169334]      scan-1133 get_device_data       : No context for object [ffff88040d827ca8]
[    0.169342]      scan-1133 get_device_data       : No context for object [ffff88040d827cd0]
[    0.169351]      scan-1133 get_device_data       : No context for object [ffff88040d827cf8]
[    0.169360]      scan-1133 get_device_data       : No context for object [ffff88040d827d20]
[    0.169368]      scan-1133 get_device_data       : No context for object [ffff88040d827d48]
[    0.169377]      scan-1133 get_device_data       : No context for object [ffff88040d827d70]
[    0.169386]      scan-1133 get_device_data       : No context for object [ffff88040d827d98]
[    0.169395]      scan-1133 get_device_data       : No context for object [ffff88040d827dc0]
[    0.169403]      scan-1133 get_device_data       : No context for object [ffff88040d827de8]
[    0.169412]      scan-1133 get_device_data       : No context for object [ffff88040d827e10]
[    0.169421]      scan-1133 get_device_data       : No context for object [ffff88040d827e38]
[    0.169429]      scan-1133 get_device_data       : No context for object [ffff88040d827e60]
[    0.169438]      scan-1133 get_device_data       : No context for object [ffff88040d827e88]
[    0.169447]      scan-1133 get_device_data       : No context for object [ffff88040d827eb0]
[    0.169455]      scan-1133 get_device_data       : No context for object [ffff88040d827ed8]
[    0.169464]      scan-1133 get_device_data       : No context for object [ffff88040d827f00]
[    0.169473]      scan-1133 get_device_data       : No context for object [ffff88040d827f28]
[    0.169483]     utils-0051 util_eval_error       : Evaluate [\_SB_.PCI0.SATA.PRID._STA]: AE_NOT_FOUND
[    0.169537] device_pm-0128 device_get_power      : Device [PRID] power state is (unknown)
[    0.169548] device: 'device:27': device_add
[    0.169558] bus: 'acpi': add device device:27
[    0.169578]     utils-0051 util_eval_error       : Evaluate [\_SB_.PCI0.SATA.PRID._SUN]: AE_NOT_FOUND
