[    0.000000] Initializing cgroup subsys cpuset
[    0.000000] Initializing cgroup subsys cpu
[    0.000000] Initializing cgroup subsys cpuacct
[    0.000000] Linux version 3.15.4-1-MANJARO (emacs@manji) (gcc version 4.9.0 20140604 (prerelease) (GCC) ) #9 SMP PREEMPT Tue Jul 8 21:01:13 CEST 2014
[    0.000000] Command line: BOOT_IMAGE=/vmlinuz-315-x86_64 root=UUID=bfa4ab6e-19a3-4601-ba2b-267c55841c73 rw cryptdevice=/dev/disk/by-uuid/70c08890-417a-497d-b6ab-c0d0357a63e2:cryptManjaro:allow-discards ipv6.disable=1 pnp.debug=1 loglevel=9 log_buf_len=10M printk.always_kmsg_dump=y printk.time=y mminit_loglevel=0 memory_corruption_check=1 fbcon=scrollback:4096k radeonfb fbcon=font:ProFont6x11 acpi.debug_layer=0xfbff0000 acpi.debug_level=0x4 pnp.debug=1
[    0.000000] e820: BIOS-provided physical RAM map:
[    0.000000] BIOS-e820: [mem 0x0000000000000000-0x000000000009d7ff] usable
[    0.000000] BIOS-e820: [mem 0x000000000009d800-0x000000000009ffff] reserved
[    0.000000] BIOS-e820: [mem 0x00000000000e0000-0x00000000000fffff] reserved
[    0.000000] BIOS-e820: [mem 0x0000000000100000-0x00000000bed9afff] usable
[    0.000000] BIOS-e820: [mem 0x00000000bed9b000-0x00000000bf39afff] reserved
[    0.000000] BIOS-e820: [mem 0x00000000bf39b000-0x00000000bf49afff] ACPI NVS
[    0.000000] BIOS-e820: [mem 0x00000000bf49b000-0x00000000bf51afff] ACPI data
[    0.000000] BIOS-e820: [mem 0x00000000bf51b000-0x00000000bfdfffff] usable
[    0.000000] BIOS-e820: [mem 0x00000000bfe00000-0x00000000bfffffff] reserved
[    0.000000] BIOS-e820: [mem 0x00000000fec00000-0x00000000fecfffff] reserved
[    0.000000] BIOS-e820: [mem 0x00000000fed80000-0x00000000fed80fff] reserved
[    0.000000] BIOS-e820: [mem 0x00000000ffe00000-0x00000000ffffffff] reserved
[    0.000000] BIOS-e820: [mem 0x0000000100000000-0x000000041effffff] usable
[    0.000000] NX (Execute Disable) protection: active
[    0.000000] SMBIOS 2.6 present.
[    0.000000] DMI: LENOVO Sabine/Torpedo, BIOS 54CN18WW 07/20/2011
[    0.000000] e820: update [mem 0x00000000-0x00000fff] usable ==> reserved
[    0.000000] e820: remove [mem 0x000a0000-0x000fffff] usable
[    0.000000] e820: last_pfn = 0x41f000 max_arch_pfn = 0x400000000
[    0.000000] MTRR default type: uncachable
[    0.000000] MTRR fixed ranges enabled:
[    0.000000]   00000-9FFFF write-back
[    0.000000]   A0000-BFFFF uncachable
[    0.000000]   C0000-FFFFF write-protect
[    0.000000] MTRR variable ranges enabled:
[    0.000000]   0 base 0000000000 mask FF80000000 write-back
[    0.000000]   1 base 0080000000 mask FFC0000000 write-back
[    0.000000]   2 base 00FFF90000 mask FFFFFF0000 uncachable
[    0.000000]   3 base 00FED80000 mask 0FFFFFF000 uncachable
[    0.000000]   4 disabled
[    0.000000]   5 disabled
[    0.000000]   6 disabled
[    0.000000]   7 base 00FFE00000 mask FFFFE00000 write-protect
[    0.000000] TOM2: 000000041f000000 aka 16880M
[    0.000000] x86 PAT enabled: cpu 0, old 0x7040600070406, new 0x7010600070106
[    0.000000] mtrr: your BIOS has configured an incorrect mask, fixing it.
[    0.000000] e820: last_pfn = 0xbfe00 max_arch_pfn = 0x400000000
[    0.000000] found SMP MP-table at [mem 0x000fa8b0-0x000fa8bf] mapped at [ffff8800000fa8b0]
[    0.000000] Scanning 1 areas for low memory corruption
[    0.000000] Base memory trampoline at [ffff880000097000] 97000 size 24576
[    0.000000] Using GB pages for direct mapping
[    0.000000] init_memory_mapping: [mem 0x00000000-0x000fffff]
[    0.000000]  [mem 0x00000000-0x000fffff] page 4k
[    0.000000] BRK [0x10057000, 0x10057fff] PGTABLE
[    0.000000] BRK [0x10058000, 0x10058fff] PGTABLE
[    0.000000] BRK [0x10059000, 0x10059fff] PGTABLE
[    0.000000] init_memory_mapping: [mem 0x41ee00000-0x41effffff]
[    0.000000]  [mem 0x41ee00000-0x41effffff] page 2M
[    0.000000] BRK [0x1005a000, 0x1005afff] PGTABLE
[    0.000000] init_memory_mapping: [mem 0x41c000000-0x41edfffff]
[    0.000000]  [mem 0x41c000000-0x41edfffff] page 2M
[    0.000000] init_memory_mapping: [mem 0x400000000-0x41bffffff]
[    0.000000]  [mem 0x400000000-0x41bffffff] page 2M
[    0.000000] init_memory_mapping: [mem 0x00100000-0xbed9afff]
[    0.000000]  [mem 0x00100000-0x001fffff] page 4k
[    0.000000]  [mem 0x00200000-0x3fffffff] page 2M
[    0.000000]  [mem 0x40000000-0x7fffffff] page 1G
[    0.000000]  [mem 0x80000000-0xbebfffff] page 2M
[    0.000000]  [mem 0xbec00000-0xbed9afff] page 4k
[    0.000000] init_memory_mapping: [mem 0xbf51b000-0xbfdfffff]
[    0.000000]  [mem 0xbf51b000-0xbf5fffff] page 4k
[    0.000000]  [mem 0xbf600000-0xbfdfffff] page 2M
[    0.000000] BRK [0x1005b000, 0x1005bfff] PGTABLE
[    0.000000] init_memory_mapping: [mem 0x100000000-0x3ffffffff]
[    0.000000]  [mem 0x100000000-0x3ffffffff] page 1G
[    0.000000] log_buf_len: 16777216
[    0.000000] early log buf free: 2092320(99%)
[    0.000000] RAMDISK: [mem 0x37882000-0x37c38fff]
[    0.000000] ACPI: RSDP 0x00000000000F0110 000024 (v02 LENOVO)
[    0.000000] ACPI: XSDT 0x00000000BF51A120 000074 (v01 LENOVO CB-01    00000001 LENO 00000001)
[    0.000000] ACPI: FACP 0x00000000BF508000 0000F4 (v04 LENOVO CB-01    00000001 PTL  00000001)
[    0.000000] ACPI: DSDT 0x00000000BF50A000 00FD10 (v01 LENOVO CB-01    00001000 LENO 00000001)
[    0.000000] ACPI: FACS 0x00000000BF478000 000040
[    0.000000] ACPI: HPET 0x00000000BF507000 000038 (v01 LENOVO CB-01    00000001 PTL  00000001)
[    0.000000] ACPI: APIC 0x00000000BF506000 00007A (v02 LENOVO CB-01    00000001 PTL  00000001)
[    0.000000] ACPI: MCFG 0x00000000BF505000 00003C (v01 LENOVO CB-01    00000001 PTL  00000001)
[    0.000000] ACPI: SLIC 0x00000000BF504000 000176 (v01 LENOVO CB-01    00000001 LENO 00000001)
[    0.000000] ACPI: UEFI 0x00000000BF503000 00003E (v01 LENOVO CB-01    00000001 PTL  00000001)
[    0.000000] ACPI: UEFI 0x00000000BF502000 000042 (v01 PTL    COMBUF   00000001 PTL  00000001)
[    0.000000] ACPI: SSDT 0x00000000BF501000 000E34 (v01 AMD    POWERNOW 00000001 AMD  00000001)
[    0.000000] ACPI: SSDT 0x00000000BF4FF000 00193D (v02 AMD    ALIB     00000001 MSFT 04000000)
[    0.000000] ACPI: UEFI 0x00000000BF4FE000 00021A (v01 LENOVO CB-01    00000001 PTL  00000001)
[    0.000000] ACPI: Local APIC address 0xfee00000
[    0.000000] No NUMA configuration found
[    0.000000] Faking a node at [mem 0x0000000000000000-0x000000041effffff]
[    0.000000] Initmem setup node 0 [mem 0x00000000-0x41effffff]
[    0.000000]   NODE_DATA [mem 0x41dffa000-0x41dffdfff]
[    0.000000]  [ffffea0000000000-ffffea00107fffff] PMD -> [ffff88040de00000-ffff88041d5fffff] on node 0
[    0.000000] Zone ranges:
[    0.000000]   DMA      [mem 0x00001000-0x00ffffff]
[    0.000000]   DMA32    [mem 0x01000000-0xffffffff]
[    0.000000]   Normal   [mem 0x100000000-0x41effffff]
[    0.000000] Movable zone start for each node
[    0.000000] Early memory node ranges
[    0.000000]   node   0: [mem 0x00001000-0x0009cfff]
[    0.000000]   node   0: [mem 0x00100000-0xbed9afff]
[    0.000000]   node   0: [mem 0xbf51b000-0xbfdfffff]
[    0.000000]   node   0: [mem 0x100000000-0x41effffff]
[    0.000000] On node 0 totalpages: 4056604
[    0.000000]   DMA zone: 64 pages used for memmap
[    0.000000]   DMA zone: 21 pages reserved
[    0.000000]   DMA zone: 3996 pages, LIFO batch:0
[    0.000000]   DMA32 zone: 12186 pages used for memmap
[    0.000000]   DMA32 zone: 779904 pages, LIFO batch:31
[    0.000000]   Normal zone: 51136 pages used for memmap
[    0.000000]   Normal zone: 3272704 pages, LIFO batch:31
[    0.000000] ACPI: PM-Timer IO Port: 0x808
[    0.000000] ACPI: Local APIC address 0xfee00000
[    0.000000] ACPI: LAPIC (acpi_id[0x00] lapic_id[0x00] enabled)
[    0.000000] ACPI: LAPIC (acpi_id[0x01] lapic_id[0x01] enabled)
[    0.000000] ACPI: LAPIC (acpi_id[0x02] lapic_id[0x02] enabled)
[    0.000000] ACPI: LAPIC (acpi_id[0x03] lapic_id[0x03] enabled)
[    0.000000] ACPI: LAPIC_NMI (acpi_id[0x00] high edge lint[0x1])
[    0.000000] ACPI: LAPIC_NMI (acpi_id[0x01] high edge lint[0x1])
[    0.000000] ACPI: LAPIC_NMI (acpi_id[0x02] high edge lint[0x1])
[    0.000000] ACPI: LAPIC_NMI (acpi_id[0x03] high edge lint[0x1])
[    0.000000] ACPI: IOAPIC (id[0x02] address[0xfec00000] gsi_base[0])
[    0.000000] IOAPIC[0]: apic_id 2, version 33, address 0xfec00000, GSI 0-23
[    0.000000] ACPI: INT_SRC_OVR (bus 0 bus_irq 0 global_irq 2 dfl dfl)
[    0.000000] ACPI: IRQ0 used by override.
[    0.000000] ACPI: IRQ2 used by override.
[    0.000000] ACPI: IRQ9 used by override.
[    0.000000] Using ACPI (MADT) for SMP configuration information
[    0.000000] ACPI: HPET id: 0x43538210 base: 0xfed00000
[    0.000000] smpboot: Allowing 4 CPUs, 0 hotplug CPUs
[    0.000000] nr_irqs_gsi: 40
[    0.000000] e820: [mem 0xc0000000-0xfebfffff] available for PCI devices
[    0.000000] setup_percpu: NR_CPUS:64 nr_cpumask_bits:64 nr_cpu_ids:4 nr_node_ids:1
[    0.000000] PERCPU: Embedded 27 pages/cpu @ffff88041dc00000 s80896 r8192 d21504 u524288
[    0.000000] pcpu-alloc: s80896 r8192 d21504 u524288 alloc=1*2097152
[    0.000000] pcpu-alloc: [0] 0 1 2 3 
[    0.000000] Built 1 zonelists in Zone order, mobility grouping on.  Total pages: 3993197
[    0.000000] Policy zone: Normal
[    0.000000] Kernel command line: BOOT_IMAGE=/vmlinuz-315-x86_64 root=UUID=bfa4ab6e-19a3-4601-ba2b-267c55841c73 rw cryptdevice=/dev/disk/by-uuid/70c08890-417a-497d-b6ab-c0d0357a63e2:cryptManjaro:allow-discards ipv6.disable=1 pnp.debug=1 loglevel=9 log_buf_len=10M printk.always_kmsg_dump=y printk.time=y mminit_loglevel=0 memory_corruption_check=1 fbcon=scrollback:4096k radeonfb fbcon=font:ProFont6x11 acpi.debug_layer=0xfbff0000 acpi.debug_level=0x4 pnp.debug=1
[    0.000000] PID hash table entries: 4096 (order: 3, 32768 bytes)
[    0.000000] Memory: 15870816K/16226416K available (5913K kernel code, 775K rwdata, 2100K rodata, 900K init, 2740K bss, 355600K reserved)
[    0.000000] SLUB: HWalign=64, Order=0-3, MinObjects=0, CPUs=4, Nodes=1
[    0.000000] Preemptible hierarchical RCU implementation.
[    0.000000] 	RCU dyntick-idle grace-period acceleration is enabled.
[    0.000000] 	Additional per-CPU info printed with stalls.
[    0.000000] 	RCU restricting CPUs from NR_CPUS=64 to nr_cpu_ids=4.
[    0.000000] RCU: Adjusting geometry for rcu_fanout_leaf=16, nr_cpu_ids=4
[    0.000000] NR_IRQS:4352 nr_irqs:712 16
[    0.000000] spurious 8259A interrupt: IRQ7.
[    0.000000] Console: colour dummy device 80x25
[    0.000000] console [tty0] enabled
[    0.000000] allocated 65011712 bytes of page_cgroup
[    0.000000] please try 'cgroup_disable=memory' option if you don't want memory cgroups
[    0.000000] hpet clockevent registered
[    0.000000] tsc: Fast TSC calibration using PIT
[    0.000000] tsc: Detected 1397.567 MHz processor
[    0.000041] Calibrating delay loop (skipped), value calculated using timer frequency.. 2795.13 BogoMIPS (lpj=1397567)
[    0.000047] pid_max: default: 32768 minimum: 301
[    0.000057] ACPI: Core revision 20140214
[    0.014323] ACPI: All ACPI Tables successfully acquired
[    0.015942] Security Framework initialized
[    0.015947] Yama: becoming mindful.
[    0.017067] Dentry cache hash table entries: 2097152 (order: 12, 16777216 bytes)
[    0.022234] Inode-cache hash table entries: 1048576 (order: 11, 8388608 bytes)
[    0.024882] Mount-cache hash table entries: 32768 (order: 6, 262144 bytes)
[    0.024930] Mountpoint-cache hash table entries: 32768 (order: 6, 262144 bytes)
[    0.025338] Initializing cgroup subsys memory
[    0.025346] Initializing cgroup subsys devices
[    0.025350] Initializing cgroup subsys freezer
[    0.025353] Initializing cgroup subsys net_cls
[    0.025356] Initializing cgroup subsys blkio
[    0.025377] tseg: 00bfe00000
[    0.025380] CPU: Physical Processor ID: 0
[    0.025383] CPU: Processor Core ID: 0
[    0.025386] mce: CPU supports 6 MCE banks
[    0.025396] Last level iTLB entries: 4KB 512, 2MB 16, 4MB 8
Last level dTLB entries: 4KB 1024, 2MB 128, 4MB 64, 1GB 0
tlb_flushall_shift: 6
[    0.025560] Freeing SMP alternatives memory: 20K (ffffffff8fda4000 - ffffffff8fda9000)
[    0.026096] ..TIMER: vector=0x30 apic1=0 pin1=2 apic2=-1 pin2=-1
[    0.036106] smpboot: CPU0: AMD A6-3400M APU with Radeon(tm) HD Graphics (fam: 12, model: 01, stepping: 00)
[    0.137973] Performance Events: AMD PMU driver.
[    0.137982] ... version:                0
[    0.137986] ... bit width:              48
[    0.137990] ... generic registers:      4
[    0.137993] ... value mask:             0000ffffffffffff
[    0.137998] ... max period:             00007fffffffffff
[    0.138002] ... fixed-purpose events:   0
[    0.138005] ... event mask:             000000000000000f
[    0.144114] MCE: In-kernel MCE decoding enabled.
[    0.146078] NMI watchdog: enabled on all CPUs, permanently consumes one hw-PMU counter.
[    0.148116] x86: Booting SMP configuration:
[    0.148122] .... node  #0, CPUs:      #1
[    0.161344] TSC synchronization [CPU#0 -> CPU#1]:
[    0.161348] Measured 135057588 cycles TSC warp between CPUs, turning off TSC clock.
[    0.161354] tsc: Marking TSC unstable due to check_tsc_sync_source failed
[    0.060147]  #2 #3
[    0.084351] x86: Booted up 1 node, 4 CPUs
[    0.084357] ----------------
[    0.084361] | NMI testsuite:
[    0.084364] --------------------
[    0.084368]   remote IPI:  ok  |
[    0.087043]    local IPI:  ok  |
[    0.093011] --------------------
[    0.093021] Good, all   2 testcases passed! |
[    0.093028] ---------------------------------
[    0.093037] smpboot: Total of 4 processors activated (11180.53 BogoMIPS)
[    0.094141] devtmpfs: initialized
[    0.094141] device: 'platform': device_add
[    0.094141] bus: 'platform': registered
[    0.094141] bus: 'cpu': registered
[    0.094141] device: 'cpu': device_add
[    0.094141] bus: 'container': registered
[    0.094141] device: 'container': device_add
[    0.095045] evm: security.SMACK64
[    0.095049] evm: security.ima
[    0.095053] evm: security.capability
[    0.095177] bus: 'workqueue': registered
[    0.095188] device: 'workqueue': device_add
[    0.095270] kworker/u8:0 (37) used greatest stack depth: 14056 bytes left
[    0.095403] prandom: seed boundary self test passed
[    0.096620] prandom: 100 self tests passed
[    0.096628] atomic64 test passed for x86-64 platform with CX8 and with SSE
[    0.096634] device class 'regulator': registering
[    0.096669] Registering platform device 'reg-dummy'. Parent at platform
[    0.096675] device: 'reg-dummy': device_add
[    0.096682] bus: 'platform': add device reg-dummy
[    0.096708] bus: 'platform': add driver reg-dummy
[    0.096717] bus: 'platform': driver_probe_device: matched device reg-dummy with driver reg-dummy
[    0.096725] bus: 'platform': really_probe: probing driver reg-dummy with device reg-dummy
[    0.096738] device: 'regulator.0': device_add
[    0.096772] regulator-dummy: no parameters
[    0.096787] driver: 'reg-dummy': driver_bound: bound to device 'reg-dummy'
[    0.096794] bus: 'platform': really_probe: bound device reg-dummy to driver reg-dummy
[    0.096861] NET: Registered protocol family 16
[    0.097009] device class 'bdi': registering
[    0.097029] bus: 'platform': add driver ramoops
[    0.097051] device class 'pci_bus': registering
[    0.097079] bus: 'pci': registered
[    0.097086] device class 'backlight': registering
[    0.097098] device class 'tty': registering
[    0.097113] device class 'vtconsole': registering
[    0.097130] device: 'vtcon0': device_add
[    0.097171] bus: 'node': registered
[    0.097177] device: 'node': device_add
[    0.097210] bus: 'i2c': registered
[    0.097218] bus: 'i2c': add driver dummy
[    0.097233] i2c-core: driver [dummy] registered
[    0.097239] cpuidle: using governor ladder
[    0.097244] cpuidle: using governor menu
[    0.097545] ACPI FADT declares the system doesn't support PCIe ASPM, so disable it
[    0.097552] ACPI: bus type PCI registered
[    0.097558] acpiphp: ACPI Hot Plug PCI Controller Driver version: 0.5
[    0.097563] device class 'dmi': registering
[    0.097577] device: 'id': device_add
[    0.097702] PCI: MMCONFIG for domain 0000 [bus 00-3f] at [mem 0xf8000000-0xfbffffff] (base 0xf8000000)
[    0.097713] PCI: not using MMCONFIG
[    0.097718] PCI: Using configuration type 1 for base access
[    0.097722] PCI: Using configuration type 1 for extended access
[    0.097863] device: 'node0': device_add
[    0.097870] bus: 'node': add device node0
[    0.097900] device: 'cpu0': device_add
[    0.097907] bus: 'cpu': add device cpu0
[    0.097949] device: 'cpu1': device_add
[    0.097959] bus: 'cpu': add device cpu1
[    0.098009] device: 'cpu2': device_add
[    0.098017] bus: 'cpu': add device cpu2
[    0.098057] device: 'cpu3': device_add
[    0.098064] bus: 'cpu': add device cpu3
[    0.098106] mtrr: your CPUs had inconsistent variable MTRR settings
[    0.098111] mtrr: probably your BIOS does not setup all CPUs.
[    0.098115] mtrr: corrected configuration.
[    0.100928] device: 'writeback': device_add
[    0.101006] bus: 'workqueue': add device writeback
[    0.101044] device: 'default': device_add
[    0.101149] device class 'block': registering
[    0.101149] device class 'graphics': registering
[    0.101149] ACPI: Added _OSI(Module Device)
[    0.101149] ACPI: Added _OSI(Processor Device)
[    0.101149] ACPI: Added _OSI(3.0 _SCP Extensions)
[    0.101149] ACPI: Added _OSI(Processor Aggregator Device)
[    0.104105]     utils-0291 evaluate_integer      : Return value [3]
[    0.104119]     utils-0051 util_eval_error       : Evaluate [\_SB_.PCI0.LPC0.EC0_._GLK]: AE_NOT_FOUND
[    0.117792] [Firmware Bug]: ACPI: BIOS _OSI(Linux) query ignored
[    0.145140] ACPI: Interpreter enabled
[    0.145167] ACPI: (supports S0 S5)
[    0.145172] ACPI: Using IOAPIC for interrupt routing
[    0.146231] PCI: MMCONFIG for domain 0000 [bus 00-3f] at [mem 0xf8000000-0xfbffffff] (base 0xf8000000)
[    0.146959] PCI: MMCONFIG at [mem 0xf8000000-0xfbffffff] reserved in ACPI motherboard resources
[    0.151674] bus: 'acpi': registered
[    0.151684] PCI: Using host bridge windows from ACPI; if necessary, use "pci=nocrs" and report a bug
[    0.151704]      scan-1133 get_device_data       : No context for object [ffffffffffffffff]
[    0.151719]     utils-0051 util_eval_error       : Evaluate [\._STA]: AE_NOT_FOUND
[    0.151744] device: 'LNXSYSTM:00': device_add
[    0.151754] bus: 'acpi': add device LNXSYSTM:00
[    0.151780]     utils-0051 util_eval_error       : Evaluate [\._SUN]: AE_NOT_FOUND
[    0.152058]      scan-1916 add_single_object     : Added LNXSYSTM:00 [\] parent (null)
[    0.152058]      scan-1133 get_device_data       : No context for object [ffff88040d81d000]
[    0.152058]      scan-1133 get_device_data       : No context for object [ffff88040d8377d0]
[    0.152058]      scan-1133 get_device_data       : No context for object [ffff88040d8377f8]
[    0.152058]      scan-1133 get_device_data       : No context for object [ffff88040d837820]
[    0.152058]      scan-1133 get_device_data       : No context for object [ffff88040d837848]
[    0.152058]      scan-1133 get_device_data       : No context for object [ffff88040d837870]
[    0.152058]      scan-1133 get_device_data       : No context for object [ffff88040d837898]
[    0.152058]      scan-1133 get_device_data       : No context for object [ffff88040d8378c0]
[    0.152058]      scan-1133 get_device_data       : No context for object [ffff88040d8378e8]
[    0.152058]      scan-1133 get_device_data       : No context for object [ffff88040d839398]
[    0.152058]      scan-1133 get_device_data       : No context for object [ffff88040d81d028]
[    0.152058]      scan-1133 get_device_data       : No context for object [ffff88040d81d168]
[    0.152058]     utils-0051 util_eval_error       : Evaluate [\_PR_.C000._STA]: AE_NOT_FOUND
[    0.152058]      scan-1133 get_device_data       : No context for object [ffff88040d81d028]
[    0.152058] device: 'LNXCPU:00': device_add
[    0.152058] bus: 'acpi': add device LNXCPU:00
[    0.152058]     utils-0051 util_eval_error       : Evaluate [\_PR_.C000._SUN]: AE_NOT_FOUND
[    0.152088]      scan-1916 add_single_object     : Added LNXCPU:00 [\_PR_.C000] parent LNXSYSTM:00
[    0.152088]      scan-1133 get_device_data       : No context for object [ffff88040d83c398]
[    0.152088]      scan-1133 get_device_data       : No context for object [ffff88040d83c3c0]
[    0.152088]      scan-1133 get_device_data       : No context for object [ffff88040d83c3e8]
[    0.152088]      scan-1133 get_device_data       : No context for object [ffff88040d83c410]
[    0.152088]      scan-1133 get_device_data       : No context for object [ffff88040d83c438]
[    0.152088]      scan-1133 get_device_data       : No context for object [ffff88040d83c460]
[    0.152088]      scan-1133 get_device_data       : No context for object [ffff88040d81d190]
[    0.152088]     utils-0051 util_eval_error       : Evaluate [\_PR_.C001._STA]: AE_NOT_FOUND
[    0.152088]      scan-1133 get_device_data       : No context for object [ffff88040d81d028]
[    0.152092] device: 'LNXCPU:01': device_add
[    0.152099] bus: 'acpi': add device LNXCPU:01
[    0.152117]     utils-0051 util_eval_error       : Evaluate [\_PR_.C001._SUN]: AE_NOT_FOUND
[    0.152135]      scan-1916 add_single_object     : Added LNXCPU:01 [\_PR_.C001] parent LNXSYSTM:00
[    0.152147]      scan-1133 get_device_data       : No context for object [ffff88040d83c488]
[    0.152156]      scan-1133 get_device_data       : No context for object [ffff88040d83c4b0]
[    0.152164]      scan-1133 get_device_data       : No context for object [ffff88040d83c4d8]
[    0.152172]      scan-1133 get_device_data       : No context for object [ffff88040d83c500]
[    0.152181]      scan-1133 get_device_data       : No context for object [ffff88040d83c528]
[    0.152189]      scan-1133 get_device_data       : No context for object [ffff88040d83c550]
[    0.152197]      scan-1133 get_device_data       : No context for object [ffff88040d81d1b8]
[    0.152207]     utils-0051 util_eval_error       : Evaluate [\_PR_.C002._STA]: AE_NOT_FOUND
[    0.152217]      scan-1133 get_device_data       : No context for object [ffff88040d81d028]
[    0.152233] device: 'LNXCPU:02': device_add
[    0.152239] bus: 'acpi': add device LNXCPU:02
[    0.152257]     utils-0051 util_eval_error       : Evaluate [\_PR_.C002._SUN]: AE_NOT_FOUND
[    0.152274]      scan-1916 add_single_object     : Added LNXCPU:02 [\_PR_.C002] parent LNXSYSTM:00
[    0.152285]      scan-1133 get_device_data       : No context for object [ffff88040d83c578]
[    0.152294]      scan-1133 get_device_data       : No context for object [ffff88040d83c5a0]
[    0.152302]      scan-1133 get_device_data       : No context for object [ffff88040d83c5c8]
[    0.152311]      scan-1133 get_device_data       : No context for object [ffff88040d83c5f0]
[    0.152319]      scan-1133 get_device_data       : No context for object [ffff88040d83c618]
[    0.152327]      scan-1133 get_device_data       : No context for object [ffff88040d83c640]
[    0.152336]      scan-1133 get_device_data       : No context for object [ffff88040d81d1e0]
[    0.152345]     utils-0051 util_eval_error       : Evaluate [\_PR_.C003._STA]: AE_NOT_FOUND
[    0.152355]      scan-1133 get_device_data       : No context for object [ffff88040d81d028]
[    0.152370] device: 'LNXCPU:03': device_add
[    0.152377] bus: 'acpi': add device LNXCPU:03
[    0.152397]     utils-0051 util_eval_error       : Evaluate [\_PR_.C003._SUN]: AE_NOT_FOUND
[    0.152414]      scan-1916 add_single_object     : Added LNXCPU:03 [\_PR_.C003] parent LNXSYSTM:00
[    0.152426]      scan-1133 get_device_data       : No context for object [ffff88040d83c668]
[    0.152435]      scan-1133 get_device_data       : No context for object [ffff88040d83c690]
[    0.152443]      scan-1133 get_device_data       : No context for object [ffff88040d83c6b8]
[    0.152451]      scan-1133 get_device_data       : No context for object [ffff88040d83c6e0]
[    0.152459]      scan-1133 get_device_data       : No context for object [ffff88040d83c708]
[    0.152468]      scan-1133 get_device_data       : No context for object [ffff88040d83c730]
[    0.152476]      scan-1133 get_device_data       : No context for object [ffff88040d81d050]
[    0.152486]     utils-0051 util_eval_error       : Evaluate [\_SB_._STA]: AE_NOT_FOUND
[    0.152536] device: 'LNXSYBUS:00': device_add
[    0.152543] bus: 'acpi': add device LNXSYBUS:00
[    0.152561]     utils-0051 util_eval_error       : Evaluate [\_SB_._SUN]: AE_NOT_FOUND
[    0.152579]      scan-1916 add_single_object     : Added LNXSYBUS:00 [\_SB_] parent LNXSYSTM:00
[    0.152593]      scan-1133 get_device_data       : No context for object [ffff88040d81d3c0]
[    0.152602]      scan-1133 get_device_data       : No context for object [ffff88040d81d3e8]
[    0.152610]      scan-1133 get_device_data       : No context for object [ffff88040d81d410]
[    0.152618]      scan-1133 get_device_data       : No context for object [ffff88040d81d438]
[    0.152627]      scan-1133 get_device_data       : No context for object [ffff88040d81d460]
[    0.152635]      scan-1133 get_device_data       : No context for object [ffff88040d81d488]
[    0.152643]      scan-1133 get_device_data       : No context for object [ffff88040d81d4b0]
[    0.152651]      scan-1133 get_device_data       : No context for object [ffff88040d81d5a0]
[    0.152660]     utils-0051 util_eval_error       : Evaluate [\_SB_.PWRB._STA]: AE_NOT_FOUND
[    0.152700] device: 'PNP0C0C:00': device_add
[    0.152707] bus: 'acpi': add device PNP0C0C:00
[    0.152724]     utils-0051 util_eval_error       : Evaluate [\_SB_.PWRB._SUN]: AE_NOT_FOUND
[    0.153002]      scan-1916 add_single_object     : Added PNP0C0C:00 [\_SB_.PWRB] parent LNXSYBUS:00
[    0.153002]      scan-1133 get_device_data       : No context for object [ffff88040d81d5c8]
[    0.153002]      scan-1133 get_device_data       : No context for object [ffff88040d81d5f0]
[    0.153002]     utils-0051 util_eval_error       : Evaluate [\_SB_.PCI0._STA]: AE_NOT_FOUND
[    0.153002] device: 'PNP0A08:00': device_add
[    0.153002] bus: 'acpi': add device PNP0A08:00
[    0.153002]     utils-0051 util_eval_error       : Evaluate [\_SB_.PCI0._SUN]: AE_NOT_FOUND
[    0.153016]      scan-1916 add_single_object     : Added PNP0A08:00 [\_SB_.PCI0] parent LNXSYBUS:00
[    0.153016]      scan-1133 get_device_data       : No context for object [ffff88040d81d618]
[    0.153016]      scan-1133 get_device_data       : No context for object [ffff88040d81d640]
[    0.153016]      scan-1133 get_device_data       : No context for object [ffff88040d81d668]
[    0.153016]      scan-1133 get_device_data       : No context for object [ffff88040d81d690]
[    0.153016]      scan-1133 get_device_data       : No context for object [ffff88040d81d6b8]
[    0.153016]      scan-1133 get_device_data       : No context for object [ffff88040d81d6e0]
[    0.153016]      scan-1133 get_device_data       : No context for object [ffff88040d81d708]
[    0.153016]      scan-1133 get_device_data       : No context for object [ffff88040d81d730]
[    0.153016]      scan-1133 get_device_data       : No context for object [ffff88040d81d758]
[    0.153016]      scan-1133 get_device_data       : No context for object [ffff88040d81d780]
[    0.153016]      scan-1133 get_device_data       : No context for object [ffff88040d81d7a8]
[    0.153016]      scan-1133 get_device_data       : No context for object [ffff88040d81d7d0]
[    0.153016]      scan-1133 get_device_data       : No context for object [ffff88040d81d7f8]
[    0.153016]      scan-1133 get_device_data       : No context for object [ffff88040d81d820]
[    0.153017]      scan-1133 get_device_data       : No context for object [ffff88040d81d848]
[    0.153025]      scan-1133 get_device_data       : No context for object [ffff88040d81d870]
[    0.153033]      scan-1133 get_device_data       : No context for object [ffff88040d81d898]
[    0.153042]      scan-1133 get_device_data       : No context for object [ffff88040d81d8c0]
[    0.153050]      scan-1133 get_device_data       : No context for object [ffff88040d81d8e8]
[    0.153058]      scan-1133 get_device_data       : No context for object [ffff88040d81d910]
[    0.153067]      scan-1133 get_device_data       : No context for object [ffff88040d81d938]
[    0.153075]      scan-1133 get_device_data       : No context for object [ffff88040d81d960]
[    0.153083]      scan-1133 get_device_data       : No context for object [ffff88040d81d988]
[    0.153091]      scan-1133 get_device_data       : No context for object [ffff88040d81d9b0]
[    0.153100]      scan-1133 get_device_data       : No context for object [ffff88040d81d9d8]
[    0.153108]      scan-1133 get_device_data       : No context for object [ffff88040d81da00]
[    0.153116]      scan-1133 get_device_data       : No context for object [ffff88040d81da28]
[    0.153124]      scan-1133 get_device_data       : No context for object [ffff88040d81da50]
[    0.153133]      scan-1133 get_device_data       : No context for object [ffff88040d81da78]
[    0.153141]      scan-1133 get_device_data       : No context for object [ffff88040d81daa0]
[    0.153149]      scan-1133 get_device_data       : No context for object [ffff88040d81dac8]
[    0.153157]      scan-1133 get_device_data       : No context for object [ffff88040d81daf0]
[    0.153166]      scan-1133 get_device_data       : No context for object [ffff88040d81db18]
[    0.153174]      scan-1133 get_device_data       : No context for object [ffff88040d81db40]
[    0.153182]      scan-1133 get_device_data       : No context for object [ffff88040d81db68]
[    0.153190]      scan-1133 get_device_data       : No context for object [ffff88040d81db90]
[    0.153199]      scan-1133 get_device_data       : No context for object [ffff88040d81dbb8]
[    0.153207]      scan-1133 get_device_data       : No context for object [ffff88040d81dbe0]
[    0.153215]      scan-1133 get_device_data       : No context for object [ffff88040d81dc08]
[    0.153224]      scan-1133 get_device_data       : No context for object [ffff88040d81dc30]
[    0.153232]      scan-1133 get_device_data       : No context for object [ffff88040d81dc58]
[    0.153240]      scan-1133 get_device_data       : No context for object [ffff88040d81dc80]
[    0.153248]      scan-1133 get_device_data       : No context for object [ffff88040d81dca8]
[    0.153257]      scan-1133 get_device_data       : No context for object [ffff88040d81dcd0]
[    0.153265]      scan-1133 get_device_data       : No context for object [ffff88040d81dcf8]
[    0.153273]      scan-1133 get_device_data       : No context for object [ffff88040d81dd20]
[    0.153282]      scan-1133 get_device_data       : No context for object [ffff88040d81dd48]
[    0.153290]      scan-1133 get_device_data       : No context for object [ffff88040d81dd70]
[    0.153298]      scan-1133 get_device_data       : No context for object [ffff88040d81dd98]
[    0.153306]      scan-1133 get_device_data       : No context for object [ffff88040d81ddc0]
[    0.153315]      scan-1133 get_device_data       : No context for object [ffff88040d81dde8]
[    0.153323]      scan-1133 get_device_data       : No context for object [ffff88040d81de10]
[    0.153331]      scan-1133 get_device_data       : No context for object [ffff88040d81de38]
[    0.153340]      scan-1133 get_device_data       : No context for object [ffff88040d81de60]
[    0.153348]      scan-1133 get_device_data       : No context for object [ffff88040d81de88]
[    0.153356]      scan-1133 get_device_data       : No context for object [ffff88040d81deb0]
[    0.153364]      scan-1133 get_device_data       : No context for object [ffff88040d81ded8]
[    0.153373]      scan-1133 get_device_data       : No context for object [ffff88040d81df00]
[    0.153381]      scan-1133 get_device_data       : No context for object [ffff88040d81df28]
[    0.153389]      scan-1133 get_device_data       : No context for object [ffff88040d81df50]
[    0.153397]      scan-1133 get_device_data       : No context for object [ffff88040d81df78]
[    0.153406]      scan-1133 get_device_data       : No context for object [ffff88040d81dfa0]
[    0.153414]      scan-1133 get_device_data       : No context for object [ffff88040d81dfc8]
[    0.153422]      scan-1133 get_device_data       : No context for object [ffff88040d822000]
[    0.153431]      scan-1133 get_device_data       : No context for object [ffff88040d822028]
[    0.153440]     utils-0051 util_eval_error       : Evaluate [\_SB_.PCI0.MEMR._STA]: AE_NOT_FOUND
[    0.153479] device: 'PNP0C02:00': device_add
[    0.153487] bus: 'acpi': add device PNP0C02:00
[    0.153504]     utils-0051 util_eval_error       : Evaluate [\_SB_.PCI0.MEMR._SUN]: AE_NOT_FOUND
[    0.153522]      scan-1916 add_single_object     : Added PNP0C02:00 [\_SB_.PCI0.MEMR] parent PNP0A08:00
[    0.153535]      scan-1133 get_device_data       : No context for object [ffff88040d822050]
[    0.153544]      scan-1133 get_device_data       : No context for object [ffff88040d822078]
[    0.153552]      scan-1133 get_device_data       : No context for object [ffff88040d8220a0]
[    0.153561]      scan-1133 get_device_data       : No context for object [ffff88040d8220c8]
[    0.153569]      scan-1133 get_device_data       : No context for object [ffff88040d8220f0]
[    0.153577]      scan-1133 get_device_data       : No context for object [ffff88040d822118]
[    0.153585]      scan-1133 get_device_data       : No context for object [ffff88040d822140]
[    0.153594]      scan-1133 get_device_data       : No context for object [ffff88040d822168]
[    0.153602]      scan-1133 get_device_data       : No context for object [ffff88040d822190]
[    0.153610]      scan-1133 get_device_data       : No context for object [ffff88040d8221b8]
[    0.153618]      scan-1133 get_device_data       : No context for object [ffff88040d8221e0]
[    0.153626]      scan-1133 get_device_data       : No context for object [ffff88040d822208]
[    0.153635]      scan-1133 get_device_data       : No context for object [ffff88040d822230]
[    0.153643]      scan-1133 get_device_data       : No context for object [ffff88040d822258]
[    0.153651]      scan-1133 get_device_data       : No context for object [ffff88040d822280]
[    0.153659]      scan-1133 get_device_data       : No context for object [ffff88040d8222a8]
[    0.153669]     utils-0051 util_eval_error       : Evaluate [\_SB_.PCI0.PB2_._STA]: AE_NOT_FOUND
[    0.153776] device: 'device:00': device_add
[    0.153783] bus: 'acpi': add device device:00
[    0.153800]     utils-0051 util_eval_error       : Evaluate [\_SB_.PCI0.PB2_._SUN]: AE_NOT_FOUND
[    0.154001]      scan-1916 add_single_object     : Added device:00 [\_SB_.PCI0.PB2_] parent PNP0A08:00
[    0.154001]      scan-1133 get_device_data       : No context for object [ffff88040d8222d0]
[    0.154001]      scan-1133 get_device_data       : No context for object [ffff88040d8222f8]
[    0.154001]      scan-1133 get_device_data       : No context for object [ffff88040d822320]
[    0.154001]      scan-1133 get_device_data       : No context for object [ffff88040d822348]
[    0.154001]      scan-1133 get_device_data       : No context for object [ffff88040d822370]
[    0.154001]      scan-1133 get_device_data       : No context for object [ffff88040d822398]
[    0.154001]      scan-1133 get_device_data       : No context for object [ffff88040d8223c0]
[    0.154001]      scan-1133 get_device_data       : No context for object [ffff88040d8223e8]
[    0.154001]      scan-1133 get_device_data       : No context for object [ffff88040d822410]
[    0.154001]      scan-1133 get_device_data       : No context for object [ffff88040d822438]
[    0.154001]      scan-1133 get_device_data       : No context for object [ffff88040d822460]
[    0.154001]      scan-1133 get_device_data       : No context for object [ffff88040d822488]
[    0.154001]      scan-1133 get_device_data       : No context for object [ffff88040d8224b0]
[    0.154001]      scan-1133 get_device_data       : No context for object [ffff88040d8224d8]
[    0.154001]      scan-1133 get_device_data       : No context for object [ffff88040d822500]
[    0.154001]      scan-1133 get_device_data       : No context for object [ffff88040d822528]
[    0.154001]      scan-1133 get_device_data       : No context for object [ffff88040d822550]
[    0.154001]      scan-1133 get_device_data       : No context for object [ffff88040d822578]
[    0.154001]      scan-1133 get_device_data       : No context for object [ffff88040d8225a0]
[    0.154001]      scan-1133 get_device_data       : No context for object [ffff88040d8225c8]
[    0.154001]      scan-1133 get_device_data       : No context for object [ffff88040d8225f0]
[    0.154022]      scan-1133 get_device_data       : No context for object [ffff88040d822618]
[    0.154022]      scan-1133 get_device_data       : No context for object [ffff88040d822640]
[    0.154029]      scan-1133 get_device_data       : No context for object [ffff88040d822668]
[    0.154037]      scan-1133 get_device_data       : No context for object [ffff88040d822690]
[    0.154045]      scan-1133 get_device_data       : No context for object [ffff88040d8226b8]
[    0.154054]      scan-1133 get_device_data       : No context for object [ffff88040d8226e0]
[    0.154062]      scan-1133 get_device_data       : No context for object [ffff88040d822708]
[    0.154070]      scan-1133 get_device_data       : No context for object [ffff88040d822730]
[    0.154078]      scan-1133 get_device_data       : No context for object [ffff88040d822758]
[    0.154087]      scan-1133 get_device_data       : No context for object [ffff88040d822780]
[    0.154096]     utils-0051 util_eval_error       : Evaluate [\_SB_.PCI0.PB2_.VGA_._STA]: AE_NOT_FOUND
[    0.154140] device: 'device:01': device_add
[    0.154151] bus: 'acpi': add device device:01
[    0.154168]     utils-0051 util_eval_error       : Evaluate [\_SB_.PCI0.PB2_.VGA_._SUN]: AE_NOT_FOUND
[    0.154187]      scan-1916 add_single_object     : Added device:01 [\_SB_.PCI0.PB2_.VGA_] parent device:00
[    0.154199]      scan-1133 get_device_data       : No context for object [ffff88040d8227a8]
[    0.154208]      scan-1133 get_device_data       : No context for object [ffff88040d8227d0]
[    0.154216]      scan-1133 get_device_data       : No context for object [ffff88040d8227f8]
[    0.154225]      scan-1133 get_device_data       : No context for object [ffff88040d822820]
[    0.154233]      scan-1133 get_device_data       : No context for object [ffff88040d822848]
[    0.154241]      scan-1133 get_device_data       : No context for object [ffff88040d822870]
[    0.154249]      scan-1133 get_device_data       : No context for object [ffff88040d822898]
[    0.154258]      scan-1133 get_device_data       : No context for object [ffff88040d8228c0]
[    0.154266]      scan-1133 get_device_data       : No context for object [ffff88040d8228e8]
[    0.154274]      scan-1133 get_device_data       : No context for object [ffff88040d822910]
[    0.154282]      scan-1133 get_device_data       : No context for object [ffff88040d822938]
[    0.154291]      scan-1133 get_device_data       : No context for object [ffff88040d822960]
[    0.154299]      scan-1133 get_device_data       : No context for object [ffff88040d822988]
[    0.154307]      scan-1133 get_device_data       : No context for object [ffff88040d8229b0]
[    0.154315]      scan-1133 get_device_data       : No context for object [ffff88040d8229d8]
[    0.154324]      scan-1133 get_device_data       : No context for object [ffff88040d822a00]
[    0.154332]      scan-1133 get_device_data       : No context for object [ffff88040d822a28]
[    0.154340]      scan-1133 get_device_data       : No context for object [ffff88040d822a50]
[    0.154348]      scan-1133 get_device_data       : No context for object [ffff88040d822a78]
[    0.154357]      scan-1133 get_device_data       : No context for object [ffff88040d822aa0]
[    0.154365]      scan-1133 get_device_data       : No context for object [ffff88040d822ac8]
[    0.154373]      scan-1133 get_device_data       : No context for object [ffff88040d822af0]
[    0.154382]      scan-1133 get_device_data       : No context for object [ffff88040d822b18]
[    0.154390]      scan-1133 get_device_data       : No context for object [ffff88040d822b40]
[    0.154398]      scan-1133 get_device_data       : No context for object [ffff88040d822b68]
[    0.154407]      scan-1133 get_device_data       : No context for object [ffff88040d822b90]
[    0.154415]      scan-1133 get_device_data       : No context for object [ffff88040d822bb8]
[    0.154424]      scan-1133 get_device_data       : No context for object [ffff88040d822be0]
[    0.154432]      scan-1133 get_device_data       : No context for object [ffff88040d822c08]
[    0.154440]      scan-1133 get_device_data       : No context for object [ffff88040d822c30]
[    0.154449]      scan-1133 get_device_data       : No context for object [ffff88040d822c58]
[    0.154457]      scan-1133 get_device_data       : No context for object [ffff88040d822c80]
[    0.154466]      scan-1133 get_device_data       : No context for object [ffff88040d822ca8]
[    0.154474]      scan-1133 get_device_data       : No context for object [ffff88040d822cd0]
[    0.154482]      scan-1133 get_device_data       : No context for object [ffff88040d822cf8]
[    0.154490]      scan-1133 get_device_data       : No context for object [ffff88040d822d20]
[    0.154499]      scan-1133 get_device_data       : No context for object [ffff88040d822d48]
[    0.154507]      scan-1133 get_device_data       : No context for object [ffff88040d822d70]
[    0.154515]      scan-1133 get_device_data       : No context for object [ffff88040d822d98]
[    0.154524]      scan-1133 get_device_data       : No context for object [ffff88040d837438]
[    0.154532]      scan-1133 get_device_data       : No context for object [ffff88040d822dc0]
[    0.154541]     utils-0051 util_eval_error       : Evaluate [\_SB_.PCI0.PB2_.HDAU._STA]: AE_NOT_FOUND
[    0.154582] device: 'device:02': device_add
[    0.154589] bus: 'acpi': add device device:02
[    0.154607]     utils-0051 util_eval_error       : Evaluate [\_SB_.PCI0.PB2_.HDAU._SUN]: AE_NOT_FOUND
[    0.154625]      scan-1916 add_single_object     : Added device:02 [\_SB_.PCI0.PB2_.HDAU] parent device:00
[    0.154637]      scan-1133 get_device_data       : No context for object [ffff88040d822de8]
[    0.154646]      scan-1133 get_device_data       : No context for object [ffff88040d822e10]
[    0.154654]      scan-1133 get_device_data       : No context for object [ffff88040d822e38]
[    0.154663]      scan-1133 get_device_data       : No context for object [ffff88040d822e60]
[    0.154671]      scan-1133 get_device_data       : No context for object [ffff88040d822e88]
[    0.154679]      scan-1133 get_device_data       : No context for object [ffff88040d822eb0]
[    0.154688]      scan-1133 get_device_data       : No context for object [ffff88040d822ed8]
[    0.154697]     utils-0051 util_eval_error       : Evaluate [\_SB_.PCI0.PB3_._STA]: AE_NOT_FOUND
[    0.154799] device: 'device:03': device_add
[    0.154807] bus: 'acpi': add device device:03
[    0.154824]     utils-0051 util_eval_error       : Evaluate [\_SB_.PCI0.PB3_._SUN]: AE_NOT_FOUND
[    0.155001]      scan-1916 add_single_object     : Added device:03 [\_SB_.PCI0.PB3_] parent PNP0A08:00
[    0.155001]      scan-1133 get_device_data       : No context for object [ffff88040d822f00]
[    0.155001]      scan-1133 get_device_data       : No context for object [ffff88040d822f28]
[    0.155001]      scan-1133 get_device_data       : No context for object [ffff88040d822f50]
[    0.155001]      scan-1133 get_device_data       : No context for object [ffff88040d822f78]
[    0.155001]      scan-1133 get_device_data       : No context for object [ffff88040d822fa0]
[    0.155001]      scan-1133 get_device_data       : No context for object [ffff88040d822fc8]
[    0.155001]      scan-1133 get_device_data       : No context for object [ffff88040d823000]
[    0.155001]      scan-1133 get_device_data       : No context for object [ffff88040d823028]
[    0.155001]      scan-1133 get_device_data       : No context for object [ffff88040d823050]
[    0.155001]      scan-1133 get_device_data       : No context for object [ffff88040d823078]
[    0.155001]      scan-1133 get_device_data       : No context for object [ffff88040d8230a0]
[    0.155001]      scan-1133 get_device_data       : No context for object [ffff88040d8230c8]
[    0.155001]      scan-1133 get_device_data       : No context for object [ffff88040d8230f0]
[    0.155001]      scan-1133 get_device_data       : No context for object [ffff88040d823118]
[    0.155001]      scan-1133 get_device_data       : No context for object [ffff88040d823140]
[    0.155001]      scan-1133 get_device_data       : No context for object [ffff88040d823168]
[    0.155001]      scan-1133 get_device_data       : No context for object [ffff88040d823190]
[    0.155001]      scan-1133 get_device_data       : No context for object [ffff88040d8231b8]
[    0.155009]      scan-1133 get_device_data       : No context for object [ffff88040d8231e0]
[    0.155017]      scan-1133 get_device_data       : No context for object [ffff88040d823208]
[    0.155026]      scan-1133 get_device_data       : No context for object [ffff88040d823230]
[    0.155034]      scan-1133 get_device_data       : No context for object [ffff88040d823258]
[    0.155042]      scan-1133 get_device_data       : No context for object [ffff88040d823280]
[    0.155050]      scan-1133 get_device_data       : No context for object [ffff88040d8232a8]
[    0.155059]      scan-1133 get_device_data       : No context for object [ffff88040d8232d0]
[    0.155067]      scan-1133 get_device_data       : No context for object [ffff88040d8232f8]
[    0.155075]      scan-1133 get_device_data       : No context for object [ffff88040d823320]
[    0.155084]      scan-1133 get_device_data       : No context for object [ffff88040d823348]
[    0.155092]      scan-1133 get_device_data       : No context for object [ffff88040d823370]
[    0.155100]      scan-1133 get_device_data       : No context for object [ffff88040d823398]
[    0.155108]      scan-1133 get_device_data       : No context for object [ffff88040d8233c0]
[    0.155118]     utils-0051 util_eval_error       : Evaluate [\_SB_.PCI0.PB3_.VGA_._STA]: AE_NOT_FOUND
[    0.155155]     video-0058 backlight_cap_match   : Found generic backlight support
[    0.155173] device: 'LNXVIDEO:00': device_add
[    0.155183] bus: 'acpi': add device LNXVIDEO:00
[    0.155203]     utils-0051 util_eval_error       : Evaluate [\_SB_.PCI0.PB3_.VGA_._SUN]: AE_NOT_FOUND
[    0.155222]      scan-1916 add_single_object     : Added LNXVIDEO:00 [\_SB_.PCI0.PB3_.VGA_] parent device:03
[    0.155235]      scan-1133 get_device_data       : No context for object [ffff88040d8233e8]
[    0.155244]      scan-1133 get_device_data       : No context for object [ffff88040d823410]
[    0.155253]      scan-1133 get_device_data       : No context for object [ffff88040d823438]
[    0.155261]      scan-1133 get_device_data       : No context for object [ffff88040d823460]
[    0.155269]      scan-1133 get_device_data       : No context for object [ffff88040d823488]
[    0.155278]      scan-1133 get_device_data       : No context for object [ffff88040d8234b0]
[    0.155286]      scan-1133 get_device_data       : No context for object [ffff88040d8234d8]
[    0.155294]      scan-1133 get_device_data       : No context for object [ffff88040d823500]
[    0.155302]      scan-1133 get_device_data       : No context for object [ffff88040d823528]
[    0.155311]      scan-1133 get_device_data       : No context for object [ffff88040d823550]
[    0.155319]      scan-1133 get_device_data       : No context for object [ffff88040d823578]
[    0.155327]      scan-1133 get_device_data       : No context for object [ffff88040d8235a0]
[    0.155336]      scan-1133 get_device_data       : No context for object [ffff88040d8235c8]
[    0.155344]      scan-1133 get_device_data       : No context for object [ffff88040d8235f0]
[    0.155352]      scan-1133 get_device_data       : No context for object [ffff88040d823618]
[    0.155361]      scan-1133 get_device_data       : No context for object [ffff88040d823640]
[    0.155369]      scan-1133 get_device_data       : No context for object [ffff88040d823668]
[    0.155377]      scan-1133 get_device_data       : No context for object [ffff88040d823690]
[    0.155385]      scan-1133 get_device_data       : No context for object [ffff88040d8236b8]
[    0.155394]      scan-1133 get_device_data       : No context for object [ffff88040d8236e0]
[    0.155402]      scan-1133 get_device_data       : No context for object [ffff88040d823708]
[    0.155410]      scan-1133 get_device_data       : No context for object [ffff88040d823730]
[    0.155418]      scan-1133 get_device_data       : No context for object [ffff88040d823758]
[    0.155427]      scan-1133 get_device_data       : No context for object [ffff88040d823780]
[    0.155435]      scan-1133 get_device_data       : No context for object [ffff88040d8237a8]
[    0.155443]      scan-1133 get_device_data       : No context for object [ffff88040d8237d0]
[    0.155452]      scan-1133 get_device_data       : No context for object [ffff88040d8237f8]
[    0.155460]      scan-1133 get_device_data       : No context for object [ffff88040d823820]
[    0.155468]      scan-1133 get_device_data       : No context for object [ffff88040d823848]
[    0.155476]      scan-1133 get_device_data       : No context for object [ffff88040d823870]
[    0.155485]      scan-1133 get_device_data       : No context for object [ffff88040d823898]
[    0.155493]      scan-1133 get_device_data       : No context for object [ffff88040d8238c0]
[    0.155501]      scan-1133 get_device_data       : No context for object [ffff88040d8238e8]
[    0.155509]      scan-1133 get_device_data       : No context for object [ffff88040d823910]
[    0.155518]      scan-1133 get_device_data       : No context for object [ffff88040d823938]
[    0.155526]      scan-1133 get_device_data       : No context for object [ffff88040d823960]
[    0.155534]      scan-1133 get_device_data       : No context for object [ffff88040d823988]
[    0.155542]      scan-1133 get_device_data       : No context for object [ffff88040d8239b0]
[    0.155551]      scan-1133 get_device_data       : No context for object [ffff88040d8239d8]
[    0.155559]      scan-1133 get_device_data       : No context for object [ffff88040d837460]
[    0.155567]      scan-1133 get_device_data       : No context for object [ffff88040d83ac08]
[    0.155576]      scan-1133 get_device_data       : No context for object [ffff88040d83ac30]
[    0.155584]      scan-1133 get_device_data       : No context for object [ffff88040d83ac58]
[    0.155593]     utils-0051 util_eval_error       : Evaluate [\_SB_.PCI0.PB3_.VGA_.CRT_._STA]: AE_NOT_FOUND
[    0.155643] device: 'device:04': device_add
[    0.155651] bus: 'acpi': add device device:04
[    0.155668]     utils-0051 util_eval_error       : Evaluate [\_SB_.PCI0.PB3_.VGA_.CRT_._SUN]: AE_NOT_FOUND
[    0.156001]      scan-1916 add_single_object     : Added device:04 [\_SB_.PCI0.PB3_.VGA_.CRT_] parent LNXVIDEO:00
[    0.156001]      scan-1133 get_device_data       : No context for object [ffff88040d83ac80]
[    0.156001]      scan-1133 get_device_data       : No context for object [ffff88040d83aca8]
[    0.156001]      scan-1133 get_device_data       : No context for object [ffff88040d83acd0]
[    0.156001]      scan-1133 get_device_data       : No context for object [ffff88040d83acf8]
[    0.156001]      scan-1133 get_device_data       : No context for object [ffff88040d83ad20]
[    0.156001]     utils-0051 util_eval_error       : Evaluate [\_SB_.PCI0.PB3_.VGA_.LCD_._STA]: AE_NOT_FOUND
[    0.156001] device: 'device:05': device_add
[    0.156001] bus: 'acpi': add device device:05
[    0.156001]     utils-0051 util_eval_error       : Evaluate [\_SB_.PCI0.PB3_.VGA_.LCD_._SUN]: AE_NOT_FOUND
[    0.156017]      scan-1916 add_single_object     : Added device:05 [\_SB_.PCI0.PB3_.VGA_.LCD_] parent LNXVIDEO:00
[    0.156017]      scan-1133 get_device_data       : No context for object [ffff88040d83ad48]
[    0.156017]      scan-1133 get_device_data       : No context for object [ffff88040d83ad70]
[    0.156017]      scan-1133 get_device_data       : No context for object [ffff88040d83ad98]
[    0.156017]      scan-1133 get_device_data       : No context for object [ffff88040d83adc0]
[    0.156017]      scan-1133 get_device_data       : No context for object [ffff88040d83ade8]
[    0.156017]      scan-1133 get_device_data       : No context for object [ffff88040d83ae10]
[    0.156017]      scan-1133 get_device_data       : No context for object [ffff88040d83ae38]
[    0.156017]      scan-1133 get_device_data       : No context for object [ffff88040d83ae60]
[    0.156017]     utils-0051 util_eval_error       : Evaluate [\_SB_.PCI0.PB3_.VGA_.TV0_._STA]: AE_NOT_FOUND
[    0.156017] device: 'device:06': device_add
[    0.156017] bus: 'acpi': add device device:06
[    0.156017]     utils-0051 util_eval_error       : Evaluate [\_SB_.PCI0.PB3_.VGA_.TV0_._SUN]: AE_NOT_FOUND
[    0.156021]      scan-1916 add_single_object     : Added device:06 [\_SB_.PCI0.PB3_.VGA_.TV0_] parent LNXVIDEO:00
[    0.156026]      scan-1133 get_device_data       : No context for object [ffff88040d83ae88]
[    0.156035]      scan-1133 get_device_data       : No context for object [ffff88040d83aeb0]
[    0.156044]      scan-1133 get_device_data       : No context for object [ffff88040d83aed8]
[    0.156052]      scan-1133 get_device_data       : No context for object [ffff88040d83af00]
[    0.156061]      scan-1133 get_device_data       : No context for object [ffff88040d83af28]
[    0.156070]     utils-0051 util_eval_error       : Evaluate [\_SB_.PCI0.PB3_.VGA_.HDMI._STA]: AE_NOT_FOUND
[    0.156119] device: 'device:07': device_add
[    0.156127] bus: 'acpi': add device device:07
[    0.156144]     utils-0051 util_eval_error       : Evaluate [\_SB_.PCI0.PB3_.VGA_.HDMI._SUN]: AE_NOT_FOUND
[    0.156163]      scan-1916 add_single_object     : Added device:07 [\_SB_.PCI0.PB3_.VGA_.HDMI] parent LNXVIDEO:00
[    0.156175]      scan-1133 get_device_data       : No context for object [ffff88040d83af50]
[    0.156184]      scan-1133 get_device_data       : No context for object [ffff88040d83af78]
[    0.156192]      scan-1133 get_device_data       : No context for object [ffff88040d83afa0]
[    0.156200]      scan-1133 get_device_data       : No context for object [ffff88040d83afc8]
[    0.156209]      scan-1133 get_device_data       : No context for object [ffff88040d823a00]
[    0.156218]     utils-0051 util_eval_error       : Evaluate [\_SB_.PCI0.PB3_.HDAU._STA]: AE_NOT_FOUND
[    0.156258] device: 'device:08': device_add
[    0.156265] bus: 'acpi': add device device:08
[    0.156285]     utils-0051 util_eval_error       : Evaluate [\_SB_.PCI0.PB3_.HDAU._SUN]: AE_NOT_FOUND
[    0.156303]      scan-1916 add_single_object     : Added device:08 [\_SB_.PCI0.PB3_.HDAU] parent device:03
[    0.156315]      scan-1133 get_device_data       : No context for object [ffff88040d823a28]
[    0.156323]      scan-1133 get_device_data       : No context for object [ffff88040d823a50]
[    0.156332]      scan-1133 get_device_data       : No context for object [ffff88040d823a78]
[    0.156340]      scan-1133 get_device_data       : No context for object [ffff88040d823aa0]
[    0.156349]      scan-1133 get_device_data       : No context for object [ffff88040d823ac8]
[    0.156357]      scan-1133 get_device_data       : No context for object [ffff88040d823af0]
[    0.156366]      scan-1133 get_device_data       : No context for object [ffff88040d823b18]
[    0.156375]     utils-0051 util_eval_error       : Evaluate [\_SB_.PCI0.PB4_._STA]: AE_NOT_FOUND
[    0.156477] device: 'device:09': device_add
[    0.156484] bus: 'acpi': add device device:09
[    0.156501]     utils-0051 util_eval_error       : Evaluate [\_SB_.PCI0.PB4_._SUN]: AE_NOT_FOUND
[    0.156520]      scan-1916 add_single_object     : Added device:09 [\_SB_.PCI0.PB4_] parent PNP0A08:00
[    0.156532]      scan-1133 get_device_data       : No context for object [ffff88040d823b40]
[    0.156541]      scan-1133 get_device_data       : No context for object [ffff88040d823b68]
[    0.156549]      scan-1133 get_device_data       : No context for object [ffff88040d823b90]
[    0.156558]      scan-1133 get_device_data       : No context for object [ffff88040d823bb8]
[    0.156566]      scan-1133 get_device_data       : No context for object [ffff88040d823be0]
[    0.156575]      scan-1133 get_device_data       : No context for object [ffff88040d823c08]
[    0.156583]      scan-1133 get_device_data       : No context for object [ffff88040d823c30]
[    0.156591]      scan-1133 get_device_data       : No context for object [ffff88040d823c58]
[    0.156600]      scan-1133 get_device_data       : No context for object [ffff88040d823c80]
[    0.156608]      scan-1133 get_device_data       : No context for object [ffff88040d823ca8]
[    0.156616]      scan-1133 get_device_data       : No context for object [ffff88040d823cd0]
[    0.156625]      scan-1133 get_device_data       : No context for object [ffff88040d823cf8]
[    0.156633]      scan-1133 get_device_data       : No context for object [ffff88040d823d20]
[    0.156641]      scan-1133 get_device_data       : No context for object [ffff88040d823d48]
[    0.156650]      scan-1133 get_device_data       : No context for object [ffff88040d823d70]
[    0.156658]      scan-1133 get_device_data       : No context for object [ffff88040d823d98]
[    0.156667]      scan-1133 get_device_data       : No context for object [ffff88040d823dc0]
[    0.156675]      scan-1133 get_device_data       : No context for object [ffff88040d823de8]
[    0.156684]      scan-1133 get_device_data       : No context for object [ffff88040d823e10]
[    0.156692]      scan-1133 get_device_data       : No context for object [ffff88040d823e38]
[    0.156700]      scan-1133 get_device_data       : No context for object [ffff88040d823e60]
[    0.156708]      scan-1133 get_device_data       : No context for object [ffff88040d823e88]
[    0.156717]      scan-1133 get_device_data       : No context for object [ffff88040d823eb0]
[    0.156725]      scan-1133 get_device_data       : No context for object [ffff88040d823ed8]
[    0.156733]      scan-1133 get_device_data       : No context for object [ffff88040d823f00]
[    0.156742]      scan-1133 get_device_data       : No context for object [ffff88040d823f28]
[    0.156750]      scan-1133 get_device_data       : No context for object [ffff88040d823f50]
[    0.156758]      scan-1133 get_device_data       : No context for object [ffff88040d823f78]
[    0.156767]      scan-1133 get_device_data       : No context for object [ffff88040d823fa0]
[    0.156775]      scan-1133 get_device_data       : No context for object [ffff88040d823fc8]
[    0.156783]      scan-1133 get_device_data       : No context for object [ffff88040d825000]
[    0.156792]     utils-0051 util_eval_error       : Evaluate [\_SB_.PCI0.PB4_.XPDV._STA]: AE_NOT_FOUND
[    0.156833] device: 'device:0a': device_add
[    0.156840] bus: 'acpi': add device device:0a
[    0.156857]     utils-0051 util_eval_error       : Evaluate [\_SB_.PCI0.PB4_.XPDV._SUN]: AE_NOT_FOUND
[    0.157001]      scan-1916 add_single_object     : Added device:0a [\_SB_.PCI0.PB4_.XPDV] parent device:09
[    0.157001]      scan-1133 get_device_data       : No context for object [ffff88040d825028]
[    0.157001]      scan-1133 get_device_data       : No context for object [ffff88040d825050]
[    0.157001]      scan-1133 get_device_data       : No context for object [ffff88040d825078]
[    0.157001]      scan-1133 get_device_data       : No context for object [ffff88040d8250a0]
[    0.157001]      scan-1133 get_device_data       : No context for object [ffff88040d8250c8]
[    0.157001]      scan-1133 get_device_data       : No context for object [ffff88040d837500]
[    0.157001]      scan-1133 get_device_data       : No context for object [ffff88040d8250f0]
[    0.157001]      scan-1133 get_device_data       : No context for object [ffff88040d825118]
[    0.157001]     utils-0051 util_eval_error       : Evaluate [\_SB_.PCI0.PB5_._STA]: AE_NOT_FOUND
[    0.157064] device: 'device:0b': device_add
[    0.157072] bus: 'acpi': add device device:0b
[    0.157091]     utils-0051 util_eval_error       : Evaluate [\_SB_.PCI0.PB5_._SUN]: AE_NOT_FOUND
[    0.157110]      scan-1916 add_single_object     : Added device:0b [\_SB_.PCI0.PB5_] parent PNP0A08:00
[    0.157122]      scan-1133 get_device_data       : No context for object [ffff88040d825140]
[    0.157131]      scan-1133 get_device_data       : No context for object [ffff88040d825168]
[    0.157140]      scan-1133 get_device_data       : No context for object [ffff88040d825190]
[    0.157148]      scan-1133 get_device_data       : No context for object [ffff88040d8251b8]
[    0.157157]      scan-1133 get_device_data       : No context for object [ffff88040d8251e0]
[    0.157165]      scan-1133 get_device_data       : No context for object [ffff88040d825208]
[    0.157173]      scan-1133 get_device_data       : No context for object [ffff88040d825230]
[    0.157182]      scan-1133 get_device_data       : No context for object [ffff88040d825258]
[    0.157190]      scan-1133 get_device_data       : No context for object [ffff88040d825280]
[    0.157199]      scan-1133 get_device_data       : No context for object [ffff88040d8252a8]
[    0.157207]      scan-1133 get_device_data       : No context for object [ffff88040d8252d0]
[    0.157215]      scan-1133 get_device_data       : No context for object [ffff88040d8252f8]
[    0.157224]      scan-1133 get_device_data       : No context for object [ffff88040d825320]
[    0.157232]      scan-1133 get_device_data       : No context for object [ffff88040d825348]
[    0.157240]      scan-1133 get_device_data       : No context for object [ffff88040d825370]
[    0.157249]      scan-1133 get_device_data       : No context for object [ffff88040d825398]
[    0.157257]      scan-1133 get_device_data       : No context for object [ffff88040d8253c0]
[    0.157266]      scan-1133 get_device_data       : No context for object [ffff88040d8253e8]
[    0.157274]      scan-1133 get_device_data       : No context for object [ffff88040d825410]
[    0.157282]      scan-1133 get_device_data       : No context for object [ffff88040d825438]
[    0.157291]      scan-1133 get_device_data       : No context for object [ffff88040d825460]
[    0.157299]      scan-1133 get_device_data       : No context for object [ffff88040d825488]
[    0.157307]      scan-1133 get_device_data       : No context for object [ffff88040d8254b0]
[    0.157316]      scan-1133 get_device_data       : No context for object [ffff88040d8254d8]
[    0.157324]      scan-1133 get_device_data       : No context for object [ffff88040d825500]
[    0.157332]      scan-1133 get_device_data       : No context for object [ffff88040d825528]
[    0.157341]      scan-1133 get_device_data       : No context for object [ffff88040d825550]
[    0.157349]      scan-1133 get_device_data       : No context for object [ffff88040d825578]
[    0.157357]      scan-1133 get_device_data       : No context for object [ffff88040d8255a0]
[    0.157365]      scan-1133 get_device_data       : No context for object [ffff88040d8255c8]
[    0.157374]      scan-1133 get_device_data       : No context for object [ffff88040d8255f0]
[    0.157383]     utils-0051 util_eval_error       : Evaluate [\_SB_.PCI0.PB5_.XPDV._STA]: AE_NOT_FOUND
[    0.157423] device: 'device:0c': device_add
[    0.157430] bus: 'acpi': add device device:0c
[    0.157447]     utils-0051 util_eval_error       : Evaluate [\_SB_.PCI0.PB5_.XPDV._SUN]: AE_NOT_FOUND
[    0.157465]      scan-1916 add_single_object     : Added device:0c [\_SB_.PCI0.PB5_.XPDV] parent device:0b
[    0.157478]      scan-1133 get_device_data       : No context for object [ffff88040d825618]
[    0.157487]      scan-1133 get_device_data       : No context for object [ffff88040d825640]
[    0.157495]      scan-1133 get_device_data       : No context for object [ffff88040d825668]
[    0.157503]      scan-1133 get_device_data       : No context for object [ffff88040d825690]
[    0.157512]      scan-1133 get_device_data       : No context for object [ffff88040d8256b8]
[    0.157520]      scan-1133 get_device_data       : No context for object [ffff88040d837528]
[    0.157529]      scan-1133 get_device_data       : No context for object [ffff88040d8256e0]
[    0.157537]      scan-1133 get_device_data       : No context for object [ffff88040d825708]
[    0.157547]     utils-0051 util_eval_error       : Evaluate [\_SB_.PCI0.PB6_._STA]: AE_NOT_FOUND
[    0.157648] device: 'device:0d': device_add
[    0.157656] bus: 'acpi': add device device:0d
[    0.157673]     utils-0051 util_eval_error       : Evaluate [\_SB_.PCI0.PB6_._SUN]: AE_NOT_FOUND
[    0.158001]      scan-1916 add_single_object     : Added device:0d [\_SB_.PCI0.PB6_] parent PNP0A08:00
[    0.158001]      scan-1133 get_device_data       : No context for object [ffff88040d825730]
[    0.158001]      scan-1133 get_device_data       : No context for object [ffff88040d825758]
[    0.158001]      scan-1133 get_device_data       : No context for object [ffff88040d825780]
[    0.158001]      scan-1133 get_device_data       : No context for object [ffff88040d8257a8]
[    0.158001]      scan-1133 get_device_data       : No context for object [ffff88040d8257d0]
[    0.158001]      scan-1133 get_device_data       : No context for object [ffff88040d8257f8]
[    0.158001]      scan-1133 get_device_data       : No context for object [ffff88040d825820]
[    0.158001]      scan-1133 get_device_data       : No context for object [ffff88040d825848]
[    0.158001]      scan-1133 get_device_data       : No context for object [ffff88040d825870]
[    0.158001]      scan-1133 get_device_data       : No context for object [ffff88040d825898]
[    0.158001]      scan-1133 get_device_data       : No context for object [ffff88040d8258c0]
[    0.158001]      scan-1133 get_device_data       : No context for object [ffff88040d8258e8]
[    0.158001]      scan-1133 get_device_data       : No context for object [ffff88040d825910]
[    0.158001]      scan-1133 get_device_data       : No context for object [ffff88040d825938]
[    0.158001]      scan-1133 get_device_data       : No context for object [ffff88040d825960]
[    0.158001]      scan-1133 get_device_data       : No context for object [ffff88040d825988]
[    0.158001]      scan-1133 get_device_data       : No context for object [ffff88040d8259b0]
[    0.158001]      scan-1133 get_device_data       : No context for object [ffff88040d8259d8]
[    0.158001]      scan-1133 get_device_data       : No context for object [ffff88040d825a00]
[    0.158001]      scan-1133 get_device_data       : No context for object [ffff88040d825a28]
[    0.158001]      scan-1133 get_device_data       : No context for object [ffff88040d825a50]
[    0.158001]      scan-1133 get_device_data       : No context for object [ffff88040d825a78]
[    0.158001]      scan-1133 get_device_data       : No context for object [ffff88040d825aa0]
[    0.158001]      scan-1133 get_device_data       : No context for object [ffff88040d825ac8]
[    0.158001]      scan-1133 get_device_data       : No context for object [ffff88040d825af0]
[    0.158001]      scan-1133 get_device_data       : No context for object [ffff88040d825b18]
[    0.158001]      scan-1133 get_device_data       : No context for object [ffff88040d825b40]
[    0.158001]      scan-1133 get_device_data       : No context for object [ffff88040d825b68]
[    0.158001]      scan-1133 get_device_data       : No context for object [ffff88040d825b90]
[    0.158001]      scan-1133 get_device_data       : No context for object [ffff88040d825bb8]
[    0.158001]      scan-1133 get_device_data       : No context for object [ffff88040d825be0]
[    0.158001]     utils-0051 util_eval_error       : Evaluate [\_SB_.PCI0.PB6_.XPDV._STA]: AE_NOT_FOUND
[    0.158021] device: 'device:0e': device_add
[    0.158021] bus: 'acpi': add device device:0e
[    0.158039]     utils-0051 util_eval_error       : Evaluate [\_SB_.PCI0.PB6_.XPDV._SUN]: AE_NOT_FOUND
[    0.158057]      scan-1916 add_single_object     : Added device:0e [\_SB_.PCI0.PB6_.XPDV] parent device:0d
[    0.158069]      scan-1133 get_device_data       : No context for object [ffff88040d825c08]
[    0.158078]      scan-1133 get_device_data       : No context for object [ffff88040d825c30]
[    0.158086]      scan-1133 get_device_data       : No context for object [ffff88040d825c58]
[    0.158095]      scan-1133 get_device_data       : No context for object [ffff88040d825c80]
[    0.158103]      scan-1133 get_device_data       : No context for object [ffff88040d825ca8]
[    0.158111]      scan-1133 get_device_data       : No context for object [ffff88040d837550]
[    0.158120]      scan-1133 get_device_data       : No context for object [ffff88040d825cd0]
[    0.158128]      scan-1133 get_device_data       : No context for object [ffff88040d825cf8]
[    0.158138]     utils-0051 util_eval_error       : Evaluate [\_SB_.PCI0.PB7_._STA]: AE_NOT_FOUND
[    0.158239] device: 'device:0f': device_add
[    0.158247] bus: 'acpi': add device device:0f
[    0.158264]     utils-0051 util_eval_error       : Evaluate [\_SB_.PCI0.PB7_._SUN]: AE_NOT_FOUND
[    0.158282]      scan-1916 add_single_object     : Added device:0f [\_SB_.PCI0.PB7_] parent PNP0A08:00
[    0.158295]      scan-1133 get_device_data       : No context for object [ffff88040d825d20]
[    0.158304]      scan-1133 get_device_data       : No context for object [ffff88040d825d48]
[    0.158312]      scan-1133 get_device_data       : No context for object [ffff88040d825d70]
[    0.158321]      scan-1133 get_device_data       : No context for object [ffff88040d825d98]
[    0.158329]      scan-1133 get_device_data       : No context for object [ffff88040d825dc0]
[    0.158337]      scan-1133 get_device_data       : No context for object [ffff88040d825de8]
[    0.158346]      scan-1133 get_device_data       : No context for object [ffff88040d825e10]
[    0.158354]      scan-1133 get_device_data       : No context for object [ffff88040d825e38]
[    0.158362]      scan-1133 get_device_data       : No context for object [ffff88040d825e60]
[    0.158371]      scan-1133 get_device_data       : No context for object [ffff88040d825e88]
[    0.158379]      scan-1133 get_device_data       : No context for object [ffff88040d825eb0]
[    0.158387]      scan-1133 get_device_data       : No context for object [ffff88040d825ed8]
[    0.158396]      scan-1133 get_device_data       : No context for object [ffff88040d825f00]
[    0.158404]      scan-1133 get_device_data       : No context for object [ffff88040d825f28]
[    0.158412]      scan-1133 get_device_data       : No context for object [ffff88040d825f50]
[    0.158421]      scan-1133 get_device_data       : No context for object [ffff88040d825f78]
[    0.158429]      scan-1133 get_device_data       : No context for object [ffff88040d825fa0]
[    0.158437]      scan-1133 get_device_data       : No context for object [ffff88040d825fc8]
[    0.158445]      scan-1133 get_device_data       : No context for object [ffff88040d827000]
[    0.158454]      scan-1133 get_device_data       : No context for object [ffff88040d827028]
[    0.158462]      scan-1133 get_device_data       : No context for object [ffff88040d827050]
[    0.158471]      scan-1133 get_device_data       : No context for object [ffff88040d827078]
[    0.158479]      scan-1133 get_device_data       : No context for object [ffff88040d8270a0]
[    0.158487]      scan-1133 get_device_data       : No context for object [ffff88040d8270c8]
[    0.158496]      scan-1133 get_device_data       : No context for object [ffff88040d8270f0]
[    0.158504]      scan-1133 get_device_data       : No context for object [ffff88040d827118]
[    0.158513]      scan-1133 get_device_data       : No context for object [ffff88040d827140]
[    0.158521]      scan-1133 get_device_data       : No context for object [ffff88040d827168]
[    0.158530]      scan-1133 get_device_data       : No context for object [ffff88040d827190]
[    0.158538]      scan-1133 get_device_data       : No context for object [ffff88040d8271b8]
[    0.158546]      scan-1133 get_device_data       : No context for object [ffff88040d8271e0]
[    0.158556]     utils-0051 util_eval_error       : Evaluate [\_SB_.PCI0.PB7_.XPDV._STA]: AE_NOT_FOUND
[    0.158596] device: 'device:10': device_add
[    0.158603] bus: 'acpi': add device device:10
[    0.158620]     utils-0051 util_eval_error       : Evaluate [\_SB_.PCI0.PB7_.XPDV._SUN]: AE_NOT_FOUND
[    0.158638]      scan-1916 add_single_object     : Added device:10 [\_SB_.PCI0.PB7_.XPDV] parent device:0f
[    0.158650]      scan-1133 get_device_data       : No context for object [ffff88040d827208]
[    0.158659]      scan-1133 get_device_data       : No context for object [ffff88040d827230]
[    0.158667]      scan-1133 get_device_data       : No context for object [ffff88040d827258]
[    0.158676]      scan-1133 get_device_data       : No context for object [ffff88040d827280]
[    0.158684]      scan-1133 get_device_data       : No context for object [ffff88040d8272a8]
[    0.158693]      scan-1133 get_device_data       : No context for object [ffff88040d837488]
[    0.158701]      scan-1133 get_device_data       : No context for object [ffff88040d8272d0]
[    0.158710]      scan-1133 get_device_data       : No context for object [ffff88040d8272f8]
[    0.158719]     utils-0051 util_eval_error       : Evaluate [\_SB_.PCI0.OHC1._STA]: AE_NOT_FOUND
[    0.158818] device: 'device:11': device_add
[    0.158825] bus: 'acpi': add device device:11
[    0.158845]     utils-0051 util_eval_error       : Evaluate [\_SB_.PCI0.OHC1._SUN]: AE_NOT_FOUND
[    0.159004]      scan-1916 add_single_object     : Added device:11 [\_SB_.PCI0.OHC1] parent PNP0A08:00
[    0.159004]      scan-1133 get_device_data       : No context for object [ffff88040d827320]
[    0.159004]      scan-1133 get_device_data       : No context for object [ffff88040d827348]
[    0.159004]      scan-1133 get_device_data       : No context for object [ffff88040d83b2f8]
[    0.159004]     utils-0051 util_eval_error       : Evaluate [\_SB_.PCI0.OHC1.RHUB._STA]: AE_NOT_FOUND
[    0.159004] device: 'device:12': device_add
[    0.159004] bus: 'acpi': add device device:12
[    0.159004]     utils-0051 util_eval_error       : Evaluate [\_SB_.PCI0.OHC1.RHUB._SUN]: AE_NOT_FOUND
[    0.159016]      scan-1916 add_single_object     : Added device:12 [\_SB_.PCI0.OHC1.RHUB] parent device:11
[    0.159016]      scan-1133 get_device_data       : No context for object [ffff88040d83b320]
[    0.159016]      scan-1133 get_device_data       : No context for object [ffff88040d83b348]
[    0.159017]     utils-0051 util_eval_error       : Evaluate [\_SB_.PCI0.OHC1.RHUB.PRT3._STA]: AE_NOT_FOUND
[    0.159056] device: 'device:13': device_add
[    0.159064] bus: 'acpi': add device device:13
[    0.159081]     utils-0051 util_eval_error       : Evaluate [\_SB_.PCI0.OHC1.RHUB.PRT3._SUN]: AE_NOT_FOUND
[    0.159099]      scan-1916 add_single_object     : Added device:13 [\_SB_.PCI0.OHC1.RHUB.PRT3] parent device:12
[    0.159111]      scan-1133 get_device_data       : No context for object [ffff88040d83b370]
[    0.159120]      scan-1133 get_device_data       : No context for object [ffff88040d83b398]
[    0.159129]      scan-1133 get_device_data       : No context for object [ffff88040d83b3c0]
[    0.159137]      scan-1133 get_device_data       : No context for object [ffff88040d83b3e8]
[    0.159147]     utils-0051 util_eval_error       : Evaluate [\_SB_.PCI0.OHC1.RHUB.PRT4._STA]: AE_NOT_FOUND
[    0.159186] device: 'device:14': device_add
[    0.159194] bus: 'acpi': add device device:14
[    0.159213]     utils-0051 util_eval_error       : Evaluate [\_SB_.PCI0.OHC1.RHUB.PRT4._SUN]: AE_NOT_FOUND
[    0.159232]      scan-1916 add_single_object     : Added device:14 [\_SB_.PCI0.OHC1.RHUB.PRT4] parent device:12
[    0.159244]      scan-1133 get_device_data       : No context for object [ffff88040d83b410]
[    0.159253]      scan-1133 get_device_data       : No context for object [ffff88040d83b438]
[    0.159262]      scan-1133 get_device_data       : No context for object [ffff88040d83b460]
[    0.159271]      scan-1133 get_device_data       : No context for object [ffff88040d827370]
[    0.159281]     utils-0051 util_eval_error       : Evaluate [\_SB_.PCI0.EHC1._STA]: AE_NOT_FOUND
[    0.159382] device: 'device:15': device_add
[    0.159390] bus: 'acpi': add device device:15
[    0.159407]     utils-0051 util_eval_error       : Evaluate [\_SB_.PCI0.EHC1._SUN]: AE_NOT_FOUND
[    0.159425]      scan-1916 add_single_object     : Added device:15 [\_SB_.PCI0.EHC1] parent PNP0A08:00
[    0.159438]      scan-1133 get_device_data       : No context for object [ffff88040d827398]
[    0.159447]      scan-1133 get_device_data       : No context for object [ffff88040d8273c0]
[    0.159455]      scan-1133 get_device_data       : No context for object [ffff88040d83b028]
[    0.159465]     utils-0051 util_eval_error       : Evaluate [\_SB_.PCI0.EHC1.RHUB._STA]: AE_NOT_FOUND
[    0.159504] device: 'device:16': device_add
[    0.159511] bus: 'acpi': add device device:16
[    0.159528]     utils-0051 util_eval_error       : Evaluate [\_SB_.PCI0.EHC1.RHUB._SUN]: AE_NOT_FOUND
[    0.159547]      scan-1916 add_single_object     : Added device:16 [\_SB_.PCI0.EHC1.RHUB] parent device:15
[    0.159559]      scan-1133 get_device_data       : No context for object [ffff88040d83b050]
[    0.159568]      scan-1133 get_device_data       : No context for object [ffff88040d83b078]
[    0.159577]     utils-0051 util_eval_error       : Evaluate [\_SB_.PCI0.EHC1.RHUB.PRT3._STA]: AE_NOT_FOUND
[    0.159616] device: 'device:17': device_add
[    0.159623] bus: 'acpi': add device device:17
[    0.159642]     utils-0051 util_eval_error       : Evaluate [\_SB_.PCI0.EHC1.RHUB.PRT3._SUN]: AE_NOT_FOUND
[    0.159661]      scan-1916 add_single_object     : Added device:17 [\_SB_.PCI0.EHC1.RHUB.PRT3] parent device:16
[    0.159674]      scan-1133 get_device_data       : No context for object [ffff88040d83b0a0]
[    0.159682]      scan-1133 get_device_data       : No context for object [ffff88040d83b0c8]
[    0.159691]      scan-1133 get_device_data       : No context for object [ffff88040d83b0f0]
[    0.159700]      scan-1133 get_device_data       : No context for object [ffff88040d83b118]
[    0.159709]     utils-0051 util_eval_error       : Evaluate [\_SB_.PCI0.EHC1.RHUB.PRT4._STA]: AE_NOT_FOUND
[    0.159749] device: 'device:18': device_add
[    0.159756] bus: 'acpi': add device device:18
[    0.159773]     utils-0051 util_eval_error       : Evaluate [\_SB_.PCI0.EHC1.RHUB.PRT4._SUN]: AE_NOT_FOUND
[    0.160014]      scan-1916 add_single_object     : Added device:18 [\_SB_.PCI0.EHC1.RHUB.PRT4] parent device:16
[    0.160014]      scan-1133 get_device_data       : No context for object [ffff88040d83b140]
[    0.160014]      scan-1133 get_device_data       : No context for object [ffff88040d83b168]
[    0.160014]      scan-1133 get_device_data       : No context for object [ffff88040d83b190]
[    0.160014]      scan-1133 get_device_data       : No context for object [ffff88040d8273e8]
[    0.160014]     utils-0051 util_eval_error       : Evaluate [\_SB_.PCI0.OHC2._STA]: AE_NOT_FOUND
[    0.160014] device: 'device:19': device_add
[    0.160014] bus: 'acpi': add device device:19
[    0.160014]     utils-0051 util_eval_error       : Evaluate [\_SB_.PCI0.OHC2._SUN]: AE_NOT_FOUND
[    0.160021]      scan-1916 add_single_object     : Added device:19 [\_SB_.PCI0.OHC2] parent PNP0A08:00
[    0.160021]      scan-1133 get_device_data       : No context for object [ffff88040d827410]
[    0.160021]      scan-1133 get_device_data       : No context for object [ffff88040d827438]
[    0.160021]      scan-1133 get_device_data       : No context for object [ffff88040d83b488]
[    0.160030]     utils-0051 util_eval_error       : Evaluate [\_SB_.PCI0.OHC2.RHUB._STA]: AE_NOT_FOUND
[    0.160071] device: 'device:1a': device_add
[    0.160079] bus: 'acpi': add device device:1a
[    0.160098]     utils-0051 util_eval_error       : Evaluate [\_SB_.PCI0.OHC2.RHUB._SUN]: AE_NOT_FOUND
[    0.160118]      scan-1916 add_single_object     : Added device:1a [\_SB_.PCI0.OHC2.RHUB] parent device:19
[    0.160130]      scan-1133 get_device_data       : No context for object [ffff88040d83b4b0]
[    0.160138]      scan-1133 get_device_data       : No context for object [ffff88040d83b4d8]
[    0.160148]     utils-0051 util_eval_error       : Evaluate [\_SB_.PCI0.OHC2.RHUB.PRT4._STA]: AE_NOT_FOUND
[    0.160187] device: 'device:1b': device_add
[    0.160194] bus: 'acpi': add device device:1b
[    0.160211]     utils-0051 util_eval_error       : Evaluate [\_SB_.PCI0.OHC2.RHUB.PRT4._SUN]: AE_NOT_FOUND
[    0.160231]      scan-1916 add_single_object     : Added device:1b [\_SB_.PCI0.OHC2.RHUB.PRT4] parent device:1a
[    0.160243]      scan-1133 get_device_data       : No context for object [ffff88040d83b500]
[    0.160252]      scan-1133 get_device_data       : No context for object [ffff88040d83b528]
[    0.160260]      scan-1133 get_device_data       : No context for object [ffff88040d83b550]
[    0.160269]      scan-1133 get_device_data       : No context for object [ffff88040d827460]
[    0.160279]     utils-0051 util_eval_error       : Evaluate [\_SB_.PCI0.EHC2._STA]: AE_NOT_FOUND
[    0.160377] device: 'device:1c': device_add
[    0.160385] bus: 'acpi': add device device:1c
[    0.160402]     utils-0051 util_eval_error       : Evaluate [\_SB_.PCI0.EHC2._SUN]: AE_NOT_FOUND
[    0.160420]      scan-1916 add_single_object     : Added device:1c [\_SB_.PCI0.EHC2] parent PNP0A08:00
[    0.160432]      scan-1133 get_device_data       : No context for object [ffff88040d827488]
[    0.160440]      scan-1133 get_device_data       : No context for object [ffff88040d8274b0]
[    0.160449]      scan-1133 get_device_data       : No context for object [ffff88040d83b1b8]
[    0.160458]     utils-0051 util_eval_error       : Evaluate [\_SB_.PCI0.EHC2.RHUB._STA]: AE_NOT_FOUND
[    0.160498] device: 'device:1d': device_add
[    0.160505] bus: 'acpi': add device device:1d
[    0.160525]     utils-0051 util_eval_error       : Evaluate [\_SB_.PCI0.EHC2.RHUB._SUN]: AE_NOT_FOUND
[    0.160543]      scan-1916 add_single_object     : Added device:1d [\_SB_.PCI0.EHC2.RHUB] parent device:1c
[    0.160555]      scan-1133 get_device_data       : No context for object [ffff88040d83b1e0]
[    0.160564]      scan-1133 get_device_data       : No context for object [ffff88040d83b208]
[    0.160573]     utils-0051 util_eval_error       : Evaluate [\_SB_.PCI0.EHC2.RHUB.PRT2._STA]: AE_NOT_FOUND
[    0.160612] device: 'device:1e': device_add
[    0.160620] bus: 'acpi': add device device:1e
[    0.160637]     utils-0051 util_eval_error       : Evaluate [\_SB_.PCI0.EHC2.RHUB.PRT2._SUN]: AE_NOT_FOUND
[    0.160655]      scan-1916 add_single_object     : Added device:1e [\_SB_.PCI0.EHC2.RHUB.PRT2] parent device:1d
[    0.160667]      scan-1133 get_device_data       : No context for object [ffff88040d83b230]
[    0.160676]      scan-1133 get_device_data       : No context for object [ffff88040d83b258]
[    0.160684]      scan-1133 get_device_data       : No context for object [ffff88040d83b280]
[    0.160693]      scan-1133 get_device_data       : No context for object [ffff88040d8274d8]
[    0.160702]     utils-0051 util_eval_error       : Evaluate [\_SB_.PCI0.OHC3._STA]: AE_NOT_FOUND
[    0.160801] device: 'device:1f': device_add
[    0.160808] bus: 'acpi': add device device:1f
[    0.160825]     utils-0051 util_eval_error       : Evaluate [\_SB_.PCI0.OHC3._SUN]: AE_NOT_FOUND
[    0.161009]      scan-1916 add_single_object     : Added device:1f [\_SB_.PCI0.OHC3] parent PNP0A08:00
[    0.161009]      scan-1133 get_device_data       : No context for object [ffff88040d827500]
[    0.161009]      scan-1133 get_device_data       : No context for object [ffff88040d827528]
[    0.161009]      scan-1133 get_device_data       : No context for object [ffff88040d83b578]
[    0.161009]     utils-0051 util_eval_error       : Evaluate [\_SB_.PCI0.OHC3.RHUB._STA]: AE_NOT_FOUND
[    0.161009] device: 'device:20': device_add
[    0.161009] bus: 'acpi': add device device:20
[    0.161009]     utils-0051 util_eval_error       : Evaluate [\_SB_.PCI0.OHC3.RHUB._SUN]: AE_NOT_FOUND
[    0.161023]      scan-1916 add_single_object     : Added device:20 [\_SB_.PCI0.OHC3.RHUB] parent device:1f
[    0.161023]      scan-1133 get_device_data       : No context for object [ffff88040d83b5a0]
[    0.161023]      scan-1133 get_device_data       : No context for object [ffff88040d827550]
[    0.161023]     utils-0051 util_eval_error       : Evaluate [\_SB_.PCI0.EHC3._STA]: AE_NOT_FOUND
[    0.161103] device: 'device:21': device_add
[    0.161111] bus: 'acpi': add device device:21
[    0.161128]     utils-0051 util_eval_error       : Evaluate [\_SB_.PCI0.EHC3._SUN]: AE_NOT_FOUND
[    0.161146]      scan-1916 add_single_object     : Added device:21 [\_SB_.PCI0.EHC3] parent PNP0A08:00
[    0.161158]      scan-1133 get_device_data       : No context for object [ffff88040d827578]
[    0.161167]      scan-1133 get_device_data       : No context for object [ffff88040d8275a0]
[    0.161175]      scan-1133 get_device_data       : No context for object [ffff88040d83b2a8]
[    0.161185]     utils-0051 util_eval_error       : Evaluate [\_SB_.PCI0.EHC3.RHUB._STA]: AE_NOT_FOUND
[    0.161224] device: 'device:22': device_add
[    0.161231] bus: 'acpi': add device device:22
[    0.161248]     utils-0051 util_eval_error       : Evaluate [\_SB_.PCI0.EHC3.RHUB._SUN]: AE_NOT_FOUND
[    0.161266]      scan-1916 add_single_object     : Added device:22 [\_SB_.PCI0.EHC3.RHUB] parent device:21
[    0.161278]      scan-1133 get_device_data       : No context for object [ffff88040d83b2d0]
[    0.161287]      scan-1133 get_device_data       : No context for object [ffff88040d8275c8]
[    0.161296]     utils-0051 util_eval_error       : Evaluate [\_SB_.PCI0.OHC4._STA]: AE_NOT_FOUND
[    0.161394] device: 'device:23': device_add
[    0.161402] bus: 'acpi': add device device:23
[    0.161422]     utils-0051 util_eval_error       : Evaluate [\_SB_.PCI0.OHC4._SUN]: AE_NOT_FOUND
[    0.161440]      scan-1916 add_single_object     : Added device:23 [\_SB_.PCI0.OHC4] parent PNP0A08:00
[    0.161452]      scan-1133 get_device_data       : No context for object [ffff88040d8275f0]
[    0.161461]      scan-1133 get_device_data       : No context for object [ffff88040d827618]
[    0.161469]      scan-1133 get_device_data       : No context for object [ffff88040d827640]
[    0.161479]     utils-0051 util_eval_error       : Evaluate [\_SB_.PCI0.SBAZ._STA]: AE_NOT_FOUND
[    0.161531] device: 'device:24': device_add
[    0.161538] bus: 'acpi': add device device:24
[    0.161556]     utils-0051 util_eval_error       : Evaluate [\_SB_.PCI0.SBAZ._SUN]: AE_NOT_FOUND
[    0.161574]      scan-1916 add_single_object     : Added device:24 [\_SB_.PCI0.SBAZ] parent PNP0A08:00
[    0.161586]      scan-1133 get_device_data       : No context for object [ffff88040d827668]
[    0.161595]      scan-1133 get_device_data       : No context for object [ffff88040d827690]
[    0.161604]      scan-1133 get_device_data       : No context for object [ffff88040d8276b8]
[    0.161613]     utils-0051 util_eval_error       : Evaluate [\_SB_.PCI0.GEC_._STA]: AE_NOT_FOUND
[    0.161729] device: 'device:25': device_add
[    0.161737] bus: 'acpi': add device device:25
[    0.161755]     utils-0051 util_eval_error       : Evaluate [\_SB_.PCI0.GEC_._SUN]: AE_NOT_FOUND
[    0.162001]      scan-1916 add_single_object     : Added device:25 [\_SB_.PCI0.GEC_] parent PNP0A08:00
[    0.162001]      scan-1133 get_device_data       : No context for object [ffff88040d8276e0]
[    0.162001]      scan-1133 get_device_data       : No context for object [ffff88040d827708]
[    0.162001]      scan-1133 get_device_data       : No context for object [ffff88040d827730]
[    0.162001]      scan-1133 get_device_data       : No context for object [ffff88040d827758]
[    0.162001]      scan-1133 get_device_data       : No context for object [ffff88040d827780]
[    0.162001]      scan-1133 get_device_data       : No context for object [ffff88040d8277a8]
[    0.162001]      scan-1133 get_device_data       : No context for object [ffff88040d8277d0]
[    0.162001]      scan-1133 get_device_data       : No context for object [ffff88040d8277f8]
[    0.162001]      scan-1133 get_device_data       : No context for object [ffff88040d827820]
[    0.162001]     utils-0051 util_eval_error       : Evaluate [\_SB_.PCI0.SATA._STA]: AE_NOT_FOUND
[    0.162001] device: 'device:26': device_add
[    0.162001] bus: 'acpi': add device device:26
[    0.162001]     utils-0051 util_eval_error       : Evaluate [\_SB_.PCI0.SATA._SUN]: AE_NOT_FOUND
[    0.162016]      scan-1916 add_single_object     : Added device:26 [\_SB_.PCI0.SATA] parent PNP0A08:00
[    0.162016]      scan-1133 get_device_data       : No context for object [ffff88040d827848]
[    0.162016]      scan-1133 get_device_data       : No context for object [ffff88040d827870]
[    0.162016]      scan-1133 get_device_data       : No context for object [ffff88040d827898]
[    0.162016]      scan-1133 get_device_data       : No context for object [ffff88040d8278c0]
[    0.162022]      scan-1133 get_device_data       : No context for object [ffff88040d8278e8]
[    0.162022]      scan-1133 get_device_data       : No context for object [ffff88040d827910]
[    0.162024]      scan-1133 get_device_data       : No context for object [ffff88040d827938]
[    0.162032]      scan-1133 get_device_data       : No context for object [ffff88040d827960]
[    0.162041]      scan-1133 get_device_data       : No context for object [ffff88040d827988]
[    0.162049]      scan-1133 get_device_data       : No context for object [ffff88040d8279b0]
[    0.162057]      scan-1133 get_device_data       : No context for object [ffff88040d8279d8]
[    0.162066]      scan-1133 get_device_data       : No context for object [ffff88040d827a00]
[    0.162074]      scan-1133 get_device_data       : No context for object [ffff88040d827a28]
[    0.162082]      scan-1133 get_device_data       : No context for object [ffff88040d827a50]
[    0.162091]      scan-1133 get_device_data       : No context for object [ffff88040d827a78]
[    0.162099]      scan-1133 get_device_data       : No context for object [ffff88040d827aa0]
[    0.162108]      scan-1133 get_device_data       : No context for object [ffff88040d827ac8]
[    0.162116]      scan-1133 get_device_data       : No context for object [ffff88040d827af0]
[    0.162124]      scan-1133 get_device_data       : No context for object [ffff88040d827b18]
[    0.162133]      scan-1133 get_device_data       : No context for object [ffff88040d827b40]
[    0.162141]      scan-1133 get_device_data       : No context for object [ffff88040d827b68]
[    0.162150]      scan-1133 get_device_data       : No context for object [ffff88040d827b90]
[    0.162158]      scan-1133 get_device_data       : No context for object [ffff88040d827bb8]
[    0.162166]      scan-1133 get_device_data       : No context for object [ffff88040d827be0]
[    0.162175]      scan-1133 get_device_data       : No context for object [ffff88040d827c08]
[    0.162183]      scan-1133 get_device_data       : No context for object [ffff88040d827c30]
[    0.162191]      scan-1133 get_device_data       : No context for object [ffff88040d827c58]
[    0.162200]      scan-1133 get_device_data       : No context for object [ffff88040d827c80]
[    0.162208]      scan-1133 get_device_data       : No context for object [ffff88040d827ca8]
[    0.162217]      scan-1133 get_device_data       : No context for object [ffff88040d827cd0]
[    0.162225]      scan-1133 get_device_data       : No context for object [ffff88040d827cf8]
[    0.162233]      scan-1133 get_device_data       : No context for object [ffff88040d827d20]
[    0.162242]      scan-1133 get_device_data       : No context for object [ffff88040d827d48]
[    0.162250]      scan-1133 get_device_data       : No context for object [ffff88040d827d70]
[    0.162258]      scan-1133 get_device_data       : No context for object [ffff88040d827d98]
[    0.162267]      scan-1133 get_device_data       : No context for object [ffff88040d827dc0]
[    0.162275]      scan-1133 get_device_data       : No context for object [ffff88040d827de8]
[    0.162283]      scan-1133 get_device_data       : No context for object [ffff88040d827e10]
[    0.162292]      scan-1133 get_device_data       : No context for object [ffff88040d827e38]
[    0.162300]      scan-1133 get_device_data       : No context for object [ffff88040d827e60]
[    0.162309]      scan-1133 get_device_data       : No context for object [ffff88040d827e88]
[    0.162317]      scan-1133 get_device_data       : No context for object [ffff88040d827eb0]
[    0.162325]      scan-1133 get_device_data       : No context for object [ffff88040d827ed8]
[    0.162334]      scan-1133 get_device_data       : No context for object [ffff88040d827f00]
[    0.162342]      scan-1133 get_device_data       : No context for object [ffff88040d827f28]
[    0.162352]     utils-0051 util_eval_error       : Evaluate [\_SB_.PCI0.SATA.PRID._STA]: AE_NOT_FOUND
[    0.162399] device_pm-0128 device_get_power      : Device [PRID] power state is (unknown)
[    0.162410] device: 'device:27': device_add
[    0.162418] bus: 'acpi': add device device:27
[    0.162435]     utils-0051 util_eval_error       : Evaluate [\_SB_.PCI0.SATA.PRID._SUN]: AE_NOT_FOUND
[    0.162454]      scan-1916 add_single_object     : Added device:27 [\_SB_.PCI0.SATA.PRID] parent device:26
[    0.162467]      scan-1133 get_device_data       : No context for object [ffff88040d827f50]
[    0.162475]      scan-1133 get_device_data       : No context for object [ffff88040d827f78]
[    0.162484]      scan-1133 get_device_data       : No context for object [ffff88040d827fa0]
[    0.162493]      scan-1133 get_device_data       : No context for object [ffff88040d827fc8]
[    0.162501]      scan-1133 get_device_data       : No context for object [ffff88040d829000]
[    0.162509]      scan-1133 get_device_data       : No context for object [ffff88040d829028]
[    0.162518]      scan-1133 get_device_data       : No context for object [ffff88040d829050]
[    0.162628]     utils-0291 evaluate_integer      : Return value [0]
[    0.162809] device: 'device:28': device_add
[    0.162818] bus: 'acpi': add device device:28
[    0.162836]     utils-0051 util_eval_error       : Evaluate [\_SB_.PCI0.SATA.PRID.P_D0._SUN]: AE_NOT_FOUND
[    0.163001]      scan-1916 add_single_object     : Added device:28 [\_SB_.PCI0.SATA.PRID.P_D0] parent device:27
[    0.163001]      scan-1133 get_device_data       : No context for object [ffff88040d829078]
[    0.163001]      scan-1133 get_device_data       : No context for object [ffff88040d8290a0]
[    0.163001]      scan-1133 get_device_data       : No context for object [ffff88040d8290c8]
[    0.163001]      scan-1133 get_device_data       : No context for object [ffff88040d8290f0]
[    0.163001]      scan-1133 get_device_data       : No context for object [ffff88040d829118]
[    0.163001]      scan-1133 get_device_data       : No context for object [ffff88040d829140]
[    0.163001]      scan-1133 get_device_data       : No context for object [ffff88040d837370]
[    0.163001]      scan-1133 get_device_data       : No context for object [ffff88040d829168]
[    0.163076]     utils-0291 evaluate_integer      : Return value [0]
[    0.163255] device: 'device:29': device_add
[    0.163264] bus: 'acpi': add device device:29
[    0.163285]     utils-0051 util_eval_error       : Evaluate [\_SB_.PCI0.SATA.PRID.P_D1._SUN]: AE_NOT_FOUND
[    0.163307]      scan-1916 add_single_object     : Added device:29 [\_SB_.PCI0.SATA.PRID.P_D1] parent device:27
[    0.163320]      scan-1133 get_device_data       : No context for object [ffff88040d829190]
[    0.163329]      scan-1133 get_device_data       : No context for object [ffff88040d8291b8]
[    0.163337]      scan-1133 get_device_data       : No context for object [ffff88040d8291e0]
[    0.163346]      scan-1133 get_device_data       : No context for object [ffff88040d829208]
[    0.163354]      scan-1133 get_device_data       : No context for object [ffff88040d829230]
[    0.163363]      scan-1133 get_device_data       : No context for object [ffff88040d829258]
[    0.163371]      scan-1133 get_device_data       : No context for object [ffff88040d837410]
[    0.163380]      scan-1133 get_device_data       : No context for object [ffff88040d837348]
[    0.163388]      scan-1133 get_device_data       : No context for object [ffff88040d829280]
[    0.163397]     utils-0051 util_eval_error       : Evaluate [\_SB_.PCI0.SATA.SECD._STA]: AE_NOT_FOUND
[    0.163443] device_pm-0128 device_get_power      : Device [SECD] power state is (unknown)
[    0.163454] device: 'device:2a': device_add
[    0.163461] bus: 'acpi': add device device:2a
[    0.163479]     utils-0051 util_eval_error       : Evaluate [\_SB_.PCI0.SATA.SECD._SUN]: AE_NOT_FOUND
[    0.163498]      scan-1916 add_single_object     : Added device:2a [\_SB_.PCI0.SATA.SECD] parent device:26
[    0.163511]      scan-1133 get_device_data       : No context for object [ffff88040d8292a8]
[    0.163519]      scan-1133 get_device_data       : No context for object [ffff88040d8292d0]
[    0.163528]      scan-1133 get_device_data       : No context for object [ffff88040d8292f8]
[    0.163536]      scan-1133 get_device_data       : No context for object [ffff88040d829320]
[    0.163544]      scan-1133 get_device_data       : No context for object [ffff88040d829348]
[    0.163553]      scan-1133 get_device_data       : No context for object [ffff88040d829370]
[    0.163561]      scan-1133 get_device_data       : No context for object [ffff88040d829398]
[    0.163706]     utils-0291 evaluate_integer      : Return value [0]
[    0.163883] device: 'device:2b': device_add
[    0.163892] bus: 'acpi': add device device:2b
[    0.163909]     utils-0051 util_eval_error       : Evaluate [\_SB_.PCI0.SATA.SECD.S_D0._SUN]: AE_NOT_FOUND
[    0.164001]      scan-1916 add_single_object     : Added device:2b [\_SB_.PCI0.SATA.SECD.S_D0] parent device:2a
[    0.164001]      scan-1133 get_device_data       : No context for object [ffff88040d8293c0]
[    0.164001]      scan-1133 get_device_data       : No context for object [ffff88040d8293e8]
[    0.164001]      scan-1133 get_device_data       : No context for object [ffff88040d829410]
[    0.164001]      scan-1133 get_device_data       : No context for object [ffff88040d829438]
[    0.164001]      scan-1133 get_device_data       : No context for object [ffff88040d829460]
[    0.164001]      scan-1133 get_device_data       : No context for object [ffff88040d829488]
