[    0.000000] Initializing cgroup subsys cpuset
[    0.000000] Initializing cgroup subsys cpu
[    0.000000] Initializing cgroup subsys cpuacct
[    0.000000] Linux version 3.16.0-1-MANJARO (emacs@manji) (gcc version 4.9.0 20140604 (prerelease) (GCC) ) #6 SMP PREEMPT Mon Jul 14 08:06:38 CEST 2014
[    0.000000] Command line: BOOT_IMAGE=/vmlinuz-316-x86_64 root=UUID=bfa4ab6e-19a3-4601-ba2b-267c55841c73 rw cryptdevice=/dev/disk/by-uuid/70c08890-417a-497d-b6ab-c0d0357a63e2:cryptManjaro:allow-discards ipv6.disable=1 pnp.debug=1 loglevel=9 log_buf_len=10M printk.always_kmsg_dump=y printk.time=y mminit_loglevel=0 memory_corruption_check=1 fbcon=scrollback:4096k fbcon=font:ProFont6x11 acpi.debug_layer=0xfbff0000 acpi.debug_level=0xFFFFFFFD pnp.debug=1 radeon.dpm=1 radeonfb radeon.audio=0
[    0.000000] KERNEL supported cpus:
[    0.000000]   AMD AuthenticAMD
[    0.000000] e820: BIOS-provided physical RAM map:
[    0.000000] BIOS-e820: [mem 0x0000000000000000-0x000000000009d7ff] usable
[    0.000000] BIOS-e820: [mem 0x000000000009d800-0x000000000009ffff] reserved
[    0.000000] BIOS-e820: [mem 0x00000000000e0000-0x00000000000fffff] reserved
[    0.000000] BIOS-e820: [mem 0x0000000000100000-0x00000000bed9afff] usable
[    0.000000] BIOS-e820: [mem 0x00000000bed9b000-0x00000000bf39afff] reserved
[    0.000000] BIOS-e820: [mem 0x00000000bf39b000-0x00000000bf49afff] ACPI NVS
[    0.000000] BIOS-e820: [mem 0x00000000bf49b000-0x00000000bf51afff] ACPI data
[    0.000000] BIOS-e820: [mem 0x00000000bf51b000-0x00000000bfdfffff] usable
[    0.000000] BIOS-e820: [mem 0x00000000bfe00000-0x00000000bfffffff] reserved
[    0.000000] BIOS-e820: [mem 0x00000000fec00000-0x00000000fecfffff] reserved
[    0.000000] BIOS-e820: [mem 0x00000000fed80000-0x00000000fed80fff] reserved
[    0.000000] BIOS-e820: [mem 0x00000000ffe00000-0x00000000ffffffff] reserved
[    0.000000] BIOS-e820: [mem 0x0000000100000000-0x000000041effffff] usable
[    0.000000] NX (Execute Disable) protection: active
[    0.000000] SMBIOS 2.6 present.
[    0.000000] DMI: LENOVO Sabine/Torpedo, BIOS 54CN18WW 07/20/2011
[    0.000000] e820: update [mem 0x00000000-0x00000fff] usable ==> reserved
[    0.000000] e820: remove [mem 0x000a0000-0x000fffff] usable
[    0.000000] AGP: No AGP bridge found
[    0.000000] e820: last_pfn = 0x41f000 max_arch_pfn = 0x400000000
[    0.000000] MTRR default type: uncachable
[    0.000000] MTRR fixed ranges enabled:
[    0.000000]   00000-9FFFF write-back
[    0.000000]   A0000-BFFFF uncachable
[    0.000000]   C0000-FFFFF write-protect
[    0.000000] MTRR variable ranges enabled:
[    0.000000]   0 base 0000000000 mask FF80000000 write-back
[    0.000000]   1 base 0080000000 mask FFC0000000 write-back
[    0.000000]   2 base 00FFF90000 mask FFFFFF0000 uncachable
[    0.000000]   3 base 00FED80000 mask 0FFFFFF000 uncachable
[    0.000000]   4 disabled
[    0.000000]   5 disabled
[    0.000000]   6 disabled
[    0.000000]   7 base 00FFE00000 mask FFFFE00000 write-protect
[    0.000000] TOM2: 000000041f000000 aka 16880M
[    0.000000] mtrr: your BIOS has configured an incorrect mask, fixing it.
[    0.000000] e820: last_pfn = 0xbfe00 max_arch_pfn = 0x400000000
[    0.000000] found SMP MP-table at [mem 0x000fa8b0-0x000fa8bf] mapped at [ffff8800000fa8b0]
[    0.000000] Scanning 1 areas for low memory corruption
[    0.000000] Base memory trampoline at [ffff880000097000] 97000 size 24576
[    0.000000] Using GB pages for direct mapping
[    0.000000] init_memory_mapping: [mem 0x00000000-0x000fffff]
[    0.000000]  [mem 0x00000000-0x000fffff] page 4k
[    0.000000] BRK [0x0202d000, 0x0202dfff] PGTABLE
[    0.000000] BRK [0x0202e000, 0x0202efff] PGTABLE
[    0.000000] BRK [0x0202f000, 0x0202ffff] PGTABLE
[    0.000000] init_memory_mapping: [mem 0x41ee00000-0x41effffff]
[    0.000000]  [mem 0x41ee00000-0x41effffff] page 2M
[    0.000000] BRK [0x02030000, 0x02030fff] PGTABLE
[    0.000000] init_memory_mapping: [mem 0x41c000000-0x41edfffff]
[    0.000000]  [mem 0x41c000000-0x41edfffff] page 2M
[    0.000000] init_memory_mapping: [mem 0x400000000-0x41bffffff]
[    0.000000]  [mem 0x400000000-0x41bffffff] page 2M
[    0.000000] init_memory_mapping: [mem 0x00100000-0xbed9afff]
[    0.000000]  [mem 0x00100000-0x001fffff] page 4k
[    0.000000]  [mem 0x00200000-0x3fffffff] page 2M
[    0.000000]  [mem 0x40000000-0x7fffffff] page 1G
[    0.000000]  [mem 0x80000000-0xbebfffff] page 2M
[    0.000000]  [mem 0xbec00000-0xbed9afff] page 4k
[    0.000000] init_memory_mapping: [mem 0xbf51b000-0xbfdfffff]
[    0.000000]  [mem 0xbf51b000-0xbf5fffff] page 4k
[    0.000000]  [mem 0xbf600000-0xbfdfffff] page 2M
[    0.000000] BRK [0x02031000, 0x02031fff] PGTABLE
[    0.000000] init_memory_mapping: [mem 0x100000000-0x3ffffffff]
[    0.000000]  [mem 0x100000000-0x3ffffffff] page 1G
[    0.000000] log_buf_len: 16777216
[    0.000000] early log buf free: 2092248(99%)
[    0.000000] RAMDISK: [mem 0x37856000-0x37c22fff]
[    0.000000] ACPI: Early table checksum verification disabled
[    0.000000] ACPI: RSDP 0x00000000000F0110 000024 (v02 LENOVO)
[    0.000000] ACPI: XSDT 0x00000000BF51A120 000074 (v01 LENOVO CB-01    00000001 LENO 00000001)
[    0.000000] ACPI: FACP 0x00000000BF508000 0000F4 (v04 LENOVO CB-01    00000001 PTL  00000001)
[    0.000000] ACPI: DSDT 0x00000000BF50A000 00FD10 (v01 LENOVO CB-01    00001000 LENO 00000001)
[    0.000000] ACPI: FACS 0x00000000BF478000 000040
[    0.000000] ACPI: HPET 0x00000000BF507000 000038 (v01 LENOVO CB-01    00000001 PTL  00000001)
[    0.000000] ACPI: APIC 0x00000000BF506000 00007A (v02 LENOVO CB-01    00000001 PTL  00000001)
[    0.000000] ACPI: MCFG 0x00000000BF505000 00003C (v01 LENOVO CB-01    00000001 PTL  00000001)
[    0.000000] ACPI: SLIC 0x00000000BF504000 000176 (v01 LENOVO CB-01    00000001 LENO 00000001)
[    0.000000] ACPI: UEFI 0x00000000BF503000 00003E (v01 LENOVO CB-01    00000001 PTL  00000001)
[    0.000000] ACPI: UEFI 0x00000000BF502000 000042 (v01 PTL    COMBUF   00000001 PTL  00000001)
[    0.000000] ACPI: SSDT 0x00000000BF501000 000E34 (v01 AMD    POWERNOW 00000001 AMD  00000001)
[    0.000000] ACPI: SSDT 0x00000000BF4FF000 00193D (v02 AMD    ALIB     00000001 MSFT 04000000)
[    0.000000] ACPI: UEFI 0x00000000BF4FE000 00021A (v01 LENOVO CB-01    00000001 PTL  00000001)
[    0.000000] ACPI: Local APIC address 0xfee00000
[    0.000000] No NUMA configuration found
[    0.000000] Faking a node at [mem 0x0000000000000000-0x000000041effffff]
[    0.000000] Initmem setup node 0 [mem 0x00000000-0x41effffff]
[    0.000000]   NODE_DATA [mem 0x41dffa000-0x41dffdfff]
[    0.000000]  [ffffea0000000000-ffffea00107fffff] PMD -> [ffff88040de00000-ffff88041d5fffff] on node 0
[    0.000000] Zone ranges:
[    0.000000]   DMA      [mem 0x00001000-0x00ffffff]
[    0.000000]   DMA32    [mem 0x01000000-0xffffffff]
[    0.000000]   Normal   [mem 0x100000000-0x41effffff]
[    0.000000] Movable zone start for each node
[    0.000000] Early memory node ranges
[    0.000000]   node   0: [mem 0x00001000-0x0009cfff]
[    0.000000]   node   0: [mem 0x00100000-0xbed9afff]
[    0.000000]   node   0: [mem 0xbf51b000-0xbfdfffff]
[    0.000000]   node   0: [mem 0x100000000-0x41effffff]
[    0.000000] On node 0 totalpages: 4056604
[    0.000000]   DMA zone: 64 pages used for memmap
[    0.000000]   DMA zone: 21 pages reserved
[    0.000000]   DMA zone: 3996 pages, LIFO batch:0
[    0.000000]   DMA32 zone: 12186 pages used for memmap
[    0.000000]   DMA32 zone: 779904 pages, LIFO batch:31
[    0.000000]   Normal zone: 51136 pages used for memmap
[    0.000000]   Normal zone: 3272704 pages, LIFO batch:31
[    0.000000] ACPI: PM-Timer IO Port: 0x808
[    0.000000] ACPI: Local APIC address 0xfee00000
[    0.000000] ACPI: LAPIC (acpi_id[0x00] lapic_id[0x00] enabled)
[    0.000000] ACPI: LAPIC (acpi_id[0x01] lapic_id[0x01] enabled)
[    0.000000] ACPI: LAPIC (acpi_id[0x02] lapic_id[0x02] enabled)
[    0.000000] ACPI: LAPIC (acpi_id[0x03] lapic_id[0x03] enabled)
[    0.000000] ACPI: LAPIC_NMI (acpi_id[0x00] high edge lint[0x1])
[    0.000000] ACPI: LAPIC_NMI (acpi_id[0x01] high edge lint[0x1])
[    0.000000] ACPI: LAPIC_NMI (acpi_id[0x02] high edge lint[0x1])
[    0.000000] ACPI: LAPIC_NMI (acpi_id[0x03] high edge lint[0x1])
[    0.000000] ACPI: IOAPIC (id[0x02] address[0xfec00000] gsi_base[0])
[    0.000000] IOAPIC[0]: apic_id 2, version 33, address 0xfec00000, GSI 0-23
[    0.000000] ACPI: INT_SRC_OVR (bus 0 bus_irq 0 global_irq 2 dfl dfl)
[    0.000000] ACPI: IRQ0 used by override.
[    0.000000] ACPI: IRQ2 used by override.
[    0.000000] ACPI: IRQ9 used by override.
[    0.000000] Using ACPI (MADT) for SMP configuration information
[    0.000000] ACPI: HPET id: 0x43538210 base: 0xfed00000
[    0.000000] smpboot: Allowing 4 CPUs, 0 hotplug CPUs
[    0.000000] nr_irqs_gsi: 40
[    0.000000] e820: [mem 0xc0000000-0xfebfffff] available for PCI devices
[    0.000000] setup_percpu: NR_CPUS:64 nr_cpumask_bits:64 nr_cpu_ids:4 nr_node_ids:1
[    0.000000] PERCPU: Embedded 27 pages/cpu @ffff88041dc00000 s80320 r8192 d22080 u524288
[    0.000000] pcpu-alloc: s80320 r8192 d22080 u524288 alloc=1*2097152
[    0.000000] pcpu-alloc: [0] 0 1 2 3 
[    0.000000] Built 1 zonelists in Zone order, mobility grouping on.  Total pages: 3993197
[    0.000000] Policy zone: Normal
[    0.000000] Kernel command line: BOOT_IMAGE=/vmlinuz-316-x86_64 root=UUID=bfa4ab6e-19a3-4601-ba2b-267c55841c73 rw cryptdevice=/dev/disk/by-uuid/70c08890-417a-497d-b6ab-c0d0357a63e2:cryptManjaro:allow-discards ipv6.disable=1 pnp.debug=1 loglevel=9 log_buf_len=10M printk.always_kmsg_dump=y printk.time=y mminit_loglevel=0 memory_corruption_check=1 fbcon=scrollback:4096k fbcon=font:ProFont6x11 acpi.debug_layer=0xfbff0000 acpi.debug_level=0xFFFFFFFD pnp.debug=1 radeon.dpm=1 radeonfb radeon.audio=0
[    0.000000] PID hash table entries: 4096 (order: 3, 32768 bytes)
[    0.000000] AGP: Checking aperture...
[    0.000000] AGP: No AGP bridge found
[    0.000000] Memory: 15868848K/16226416K available (6481K kernel code, 772K rwdata, 2840K rodata, 880K init, 2592K bss, 357568K reserved)
[    0.000000] SLUB: HWalign=64, Order=0-3, MinObjects=0, CPUs=4, Nodes=1
[    0.000000] Preemptible hierarchical RCU implementation.
[    0.000000] 	RCU dyntick-idle grace-period acceleration is enabled.
[    0.000000] 	Additional per-CPU info printed with stalls.
[    0.000000] 	RCU restricting CPUs from NR_CPUS=64 to nr_cpu_ids=4.
[    0.000000] RCU: Adjusting geometry for rcu_fanout_leaf=16, nr_cpu_ids=4
[    0.000000] NR_IRQS:4352 nr_irqs:712 16
[    0.000000] spurious 8259A interrupt: IRQ7.
[    0.000000] Console: colour dummy device 80x25
[    0.000000] console [tty0] enabled
[    0.000000] allocated 65011712 bytes of page_cgroup
[    0.000000] please try 'cgroup_disable=memory' option if you don't want memory cgroups
[    0.000000] hpet clockevent registered
[    0.000000] tsc: Fast TSC calibration using PIT
[    0.000000] tsc: Detected 1397.471 MHz processor
[    0.000040] Calibrating delay loop (skipped), value calculated using timer frequency.. 2794.94 BogoMIPS (lpj=1397471)
[    0.000047] pid_max: default: 32768 minimum: 301
[    0.000056] ACPI: Core revision 20140424
[    0.016110] ACPI: All ACPI Tables successfully acquired
[    0.017512] Security Framework initialized
[    0.018592] Dentry cache hash table entries: 2097152 (order: 12, 16777216 bytes)
[    0.023761] Inode-cache hash table entries: 1048576 (order: 11, 8388608 bytes)
[    0.026391] Mount-cache hash table entries: 32768 (order: 6, 262144 bytes)
[    0.026415] Mountpoint-cache hash table entries: 32768 (order: 6, 262144 bytes)
[    0.026901] Initializing cgroup subsys memory
[    0.026943] Initializing cgroup subsys devices
[    0.026956] Initializing cgroup subsys freezer
[    0.026966] Initializing cgroup subsys blkio
[    0.026993] tseg: 00bfe00000
[    0.026998] CPU: Physical Processor ID: 0
[    0.027000] CPU: Processor Core ID: 0
[    0.027003] mce: CPU supports 6 MCE banks
[    0.027014] Last level iTLB entries: 4KB 512, 2MB 16, 4MB 8
Last level dTLB entries: 4KB 1024, 2MB 128, 4MB 64, 1GB 0
tlb_flushall_shift: 6
[    0.027179] Freeing SMP alternatives memory: 20K (ffffffff81d9f000 - ffffffff81da4000)
[    0.027654] ..TIMER: vector=0x30 apic1=0 pin1=2 apic2=-1 pin2=-1
[    0.037672] smpboot: CPU0: AMD A6-3400M APU with Radeon(tm) HD Graphics (fam: 12, model: 01, stepping: 00)
[    0.138776] Performance Events: AMD PMU driver.
[    0.138785] ... version:                0
[    0.138789] ... bit width:              48
[    0.138793] ... generic registers:      4
[    0.138797] ... value mask:             0000ffffffffffff
[    0.138801] ... max period:             00007fffffffffff
[    0.138805] ... fixed-purpose events:   0
[    0.138809] ... event mask:             000000000000000f
[    0.144936] MCE: In-kernel MCE decoding enabled.
[    0.146859] NMI watchdog: enabled on all CPUs, permanently consumes one hw-PMU counter.
[    0.148911] x86: Booting SMP configuration:
[    0.148917] .... node  #0, CPUs:      #1
[    0.162141] TSC synchronization [CPU#0 -> CPU#1]:
[    0.162148] Measured 136990640 cycles TSC warp between CPUs, turning off TSC clock.
[    0.162158] tsc: Marking TSC unstable due to check_tsc_sync_source failed
[    0.163917]  #2 #3
[    0.086347] x86: Booted up 1 node, 4 CPUs
[    0.086356] smpboot: Total of 4 processors activated (11179.76 BogoMIPS)
[    0.088003] devtmpfs: initialized
[    0.088038] device: 'platform': device_add
[    0.088077] bus: 'platform': registered
[    0.088092] bus: 'cpu': registered
[    0.088097] device: 'cpu': device_add
[    0.088126] bus: 'container': registered
[    0.088132] device: 'container': device_add
[    0.088419] bus: 'workqueue': registered
[    0.088419] device: 'workqueue': device_add
[    0.088419] kworker/u8:0 (37) used greatest stack depth: 14128 bytes left
[    0.088485] atomic64_test: passed for x86-64 platform with CX8 and with SSE
[    0.088496] device class 'regulator': registering
[    0.089015] Registering platform device 'reg-dummy'. Parent at platform
[    0.089022] device: 'reg-dummy': device_add
[    0.089031] bus: 'platform': add device reg-dummy
[    0.089059] bus: 'platform': add driver reg-dummy
[    0.089069] bus: 'platform': driver_probe_device: matched device reg-dummy with driver reg-dummy
[    0.089077] bus: 'platform': really_probe: probing driver reg-dummy with device reg-dummy
[    0.089091] device: 'regulator.0': device_add
[    0.089123] regulator-dummy: no parameters
[    0.089139] driver: 'reg-dummy': driver_bound: bound to device 'reg-dummy'
[    0.089146] bus: 'platform': really_probe: bound device reg-dummy to driver reg-dummy
[    0.089232] NET: Registered protocol family 16
[    0.089382] device class 'bdi': registering
[    0.089404] bus: 'platform': add driver ramoops
[    0.089431] device class 'pci_bus': registering
[    0.089461] bus: 'pci': registered
[    0.089472] device class 'backlight': registering
[    0.089489] device class 'tty': registering
[    0.089504] device class 'vtconsole': registering
[    0.089518] device: 'vtcon0': device_add
[    0.089566] bus: 'node': registered
[    0.089574] device: 'node': device_add
[    0.089614] bus: 'i2c': registered
[    0.089621] bus: 'i2c': add driver dummy
[    0.089635] i2c-core: driver [dummy] registered
[    0.089644] cpuidle: using governor ladder
[    0.089650] cpuidle: using governor menu
[    0.089969] ACPI FADT declares the system doesn't support PCIe ASPM, so disable it
[    0.089977] ACPI: bus type PCI registered
[    0.089982] acpiphp: ACPI Hot Plug PCI Controller Driver version: 0.5
[    0.089990] device class 'dmi': registering
[    0.090012] device: 'id': device_add
[    0.090139] PCI: MMCONFIG for domain 0000 [bus 00-3f] at [mem 0xf8000000-0xfbffffff] (base 0xf8000000)
[    0.090149] PCI: not using MMCONFIG
[    0.090154] PCI: Using configuration type 1 for base access
[    0.090158] PCI: Using configuration type 1 for extended access
[    0.090301] device: 'node0': device_add
[    0.090308] bus: 'node': add device node0
[    0.090343] device: 'cpu0': device_add
[    0.090350] bus: 'cpu': add device cpu0
[    0.090394] device: 'cpu1': device_add
[    0.090402] bus: 'cpu': add device cpu1
[    0.090451] device: 'cpu2': device_add
[    0.090458] bus: 'cpu': add device cpu2
[    0.090501] device: 'cpu3': device_add
[    0.090508] bus: 'cpu': add device cpu3
[    0.090552] mtrr: your CPUs had inconsistent variable MTRR settings
[    0.090557] mtrr: probably your BIOS does not setup all CPUs.
[    0.090561] mtrr: corrected configuration.
[    0.097092] device: 'writeback': device_add
[    0.097092] bus: 'workqueue': add device writeback
[    0.097106] device: 'default': device_add
[    0.097144] device class 'block': registering
[    0.097144] device class 'graphics': registering
[    0.097144] ACPI: Added _OSI(Module Device)
[    0.097144] ACPI: Added _OSI(Processor Device)
[    0.097144] ACPI: Added _OSI(3.0 _SCP Extensions)
[    0.097144] ACPI: Added _OSI(Processor Aggregator Device)
[    0.100153] 
**** Context Switch from TID 4294967295 to TID 137625600 ****

[    0.100164]     utils-0051 util_eval_error       : Evaluate [\_SB_.PCI0.LPC0.EC0_._GLK]: AE_NOT_FOUND
[    0.100584] Executing  Method       \_SB_.PCI0.LPC0.EC0_._REG
[    0.101289] Executing  Method       \_SB_.PCI0.LPC0.EC0_._REG
[    0.101318] Executing  Method       \_SB_.PCI0.LPC0.EC0_._REG
[    0.101399] Executing  Method       \_SB_.PCI0.LPC0.EC0_._REG
[    0.104623] Initializing Region       \_SB_.OSTY
[    0.104657] Initializing Region       \_SB_.PCI0.NBMS
[    0.104679] Initializing Region       \_SB_.PCI0.NBXP
[    0.104703] Initializing Region       \_SB_.PCI0.K8ST
[    0.104765] Initializing Region       \_SB_.PCI0.BAR1
[    0.104799] Initializing Region       \_SB_.PCI0.PB2_.XPEX
[    0.104820] Initializing Region       \_SB_.PCI0.PB2_.PCFG
[    0.104841] Initializing Region       \_SB_.PCI0.PB2_.XPCB
[    0.104863] Initializing Region       \_SB_.PCI0.PB2_.XPRI
[    0.104888] Initializing Region       \_SB_.PCI0.PB2_.VGA_.PCFG
[    0.104969] Initializing Region       \_SB_.PCI0.PB2_.HDAU.PCFG
[    0.105016] Initializing Region       \_SB_.PCI0.PB3_.XPEX
[    0.105037] Initializing Region       \_SB_.PCI0.PB3_.PCFG
[    0.105058] Initializing Region       \_SB_.PCI0.PB3_.XPCB
[    0.105080] Initializing Region       \_SB_.PCI0.PB3_.XPRI
[    0.105106] Initializing Region       \_SB_.PCI0.PB3_.VGA_.PCFG
[    0.105198] Initializing Region       \_SB_.PCI0.PB3_.HDAU.PCFG
[    0.105233] Initializing Region       \_SB_.PCI0.PB4_.XPEX
[    0.105253] Initializing Region       \_SB_.PCI0.PB4_.PCFG
[    0.105274] Initializing Region       \_SB_.PCI0.PB4_.XPCB
[    0.105297] Initializing Region       \_SB_.PCI0.PB4_.XPRI
[    0.105322] Initializing Region       \_SB_.PCI0.PB4_.XPDV.PCFG
[    0.105357] Initializing Region       \_SB_.PCI0.PB5_.XPEX
[    0.105378] Initializing Region       \_SB_.PCI0.PB5_.PCFG
[    0.105399] Initializing Region       \_SB_.PCI0.PB5_.XPCB
[    0.105421] Initializing Region       \_SB_.PCI0.PB5_.XPRI
[    0.105446] Initializing Region       \_SB_.PCI0.PB5_.XPDV.PCFG
[    0.105481] Initializing Region       \_SB_.PCI0.PB6_.XPEX
[    0.105502] Initializing Region       \_SB_.PCI0.PB6_.PCFG
[    0.105523] Initializing Region       \_SB_.PCI0.PB6_.XPCB
[    0.105544] Initializing Region       \_SB_.PCI0.PB6_.XPRI
[    0.105570] Initializing Region       \_SB_.PCI0.PB6_.XPDV.PCFG
[    0.105605] Initializing Region       \_SB_.PCI0.PB7_.XPEX
[    0.105626] Initializing Region       \_SB_.PCI0.PB7_.PCFG
[    0.105646] Initializing Region       \_SB_.PCI0.PB7_.XPCB
[    0.105668] Initializing Region       \_SB_.PCI0.PB7_.XPRI
[    0.105694] Initializing Region       \_SB_.PCI0.PB7_.XPDV.PCFG
[    0.105988] Initializing Region       \_SB_.PCI0.SATC
[    0.106019] Initializing Region       \_SB_.PCI0.RMEM
[    0.106118] Initializing Region       \_SB_.PCI0.SATA.SATX
[    0.106146] Initializing Region       \_SB_.PCI0.SATA.BAR5
[    0.110259] Initializing Region       \_SB_.PCI0.SMB_.SBRV
[    0.110298] Initializing Region       \_SB_.PCI0.SMB_.PMIO
[    0.110322] Initializing Region       \_SB_.PCI0.SMB_.ERMM
[    0.110478] Initializing Region       \_SB_.PCI0.SMB_.P1E0
[    0.110559] Initializing Region       \_SB_.PCI0.SMB_.ABIO
[    0.110582] Initializing Region       \_SB_.PCI0.SMB_.SMB0
[    0.110608] Initializing Region       \_SB_.PCI0.LPC0.PIRQ
[    0.110684] Initializing Region       \_SB_.PCI0.LPC0.LPCR
[    0.110784] Initializing Region       \_SB_.PCI0.LPC0.LPCS
[    0.110817] Initializing Region       \_SB_.PCI0.LPC0.SMI0
[    0.110838] Initializing Region       \_SB_.PCI0.LPC0.SMI1
[    0.111031] Initializing Region       \_SB_.PCI0.LPC0.EC0_.ECO1
[    0.111052] Initializing Region       \_SB_.PCI0.LPC0.EC0_.ECO2
[    0.111073] Initializing Region       \_SB_.PCI0.LPC0.EC0_.ECMB
[    0.111093] Initializing Region       \_SB_.PCI0.LPC0.EC0_.RAM_
[    0.111227] Initializing Region       \_SB_.PCI0.LPC0.EC0_.CMOS
[    0.111274] Initializing Region       \_SB_.PCI0.LPC0.EC0_.VPC0.ERAM
[    0.111350] Initializing Region       \_SB_.PCI0.SPB0.PCFG
[    0.111372] Initializing Region       \_SB_.PCI0.SPB0.XPCB
[    0.111397] Initializing Region       \_SB_.PCI0.SPB0.XPDV.PCFG
[    0.111431] Initializing Region       \_SB_.PCI0.SPB1.PCFG
[    0.111452] Initializing Region       \_SB_.PCI0.SPB1.XPCB
[    0.111477] Initializing Region       \_SB_.PCI0.SPB1.XPDV.PCFG
[    0.111510] Initializing Region       \_SB_.PCI0.SPB2.PCFG
[    0.111531] Initializing Region       \_SB_.PCI0.SPB2.XPCB
[    0.111556] Initializing Region       \_SB_.PCI0.SPB2.XPDV.PCFG
[    0.111589] Initializing Region       \_SB_.PCI0.SPB3.PCFG
[    0.111611] Initializing Region       \_SB_.PCI0.SPB3.XPCB
[    0.111636] Initializing Region       \_SB_.PCI0.SPB3.XPDV.PCFG
[    0.111824] Initializing Region       \_SB_.PCI0.VGA_.REVD
[    0.112063] Initializing BufferField  \_SB_.AMW0.WLID
[    0.112529] Initializing Region       \DEB2
[    0.112551] Initializing Region       \PMIO
[    0.112572] Initializing Region       \P01_
[    0.112619] Initializing Region       \CNVS
[    0.112653] Initializing Region       \SPRT
[    0.112689] Initializing Region       \CMIO
[    0.112860] Executing  Method       \_SB_._STA
[    0.112870] Executing  Method       \_SB_._INI
[    0.112879] Executing  Method       \_SB_.PCI0._STA
[    0.112887] Executing  Method       \_SB_.PCI0._INI
[    0.113164] [Firmware Bug]: ACPI: BIOS _OSI(Linux) query ignored
[    0.113617] Executing  Method       \_SB_.PCI0.SATA._STA
[    0.113628] Executing  Method       \_SB_.PCI0.SATA._INI
[    0.114538] Executing  Method       \_SB_.PCI0.LPC0.EC0_._REG
[    0.141145] ACPI: Interpreter enabled
[    0.141171] ACPI: (supports S0 S5)
[    0.141176] ACPI: Using IOAPIC for interrupt routing
[    0.141535] PCI: MMCONFIG for domain 0000 [bus 00-3f] at [mem 0xf8000000-0xfbffffff] (base 0xf8000000)
[    0.142378] PCI: MMCONFIG at [mem 0xf8000000-0xfbffffff] reserved in ACPI motherboard resources
[    0.142549] bus: 'acpi': registered
[    0.142559] PCI: Using host bridge windows from ACPI; if necessary, use "pci=nocrs" and report a bug
[    0.142578]      scan-1133 get_device_data       : No context for object [ffffffffffffffff]
[    0.142593]     utils-0051 util_eval_error       : Evaluate [\._STA]: AE_NOT_FOUND
[    0.142621] device: 'LNXSYSTM:00': device_add
[    0.142632] bus: 'acpi': add device LNXSYSTM:00
[    0.142660]     utils-0051 util_eval_error       : Evaluate [\._SUN]: AE_NOT_FOUND
[    0.143004]      scan-1922 add_single_object     : Added LNXSYSTM:00 [\] parent (null)
[    0.143004]      scan-1133 get_device_data       : No context for object [ffff88040d81d000]
[    0.143004]      scan-1133 get_device_data       : No context for object [ffff88040d8377d0]
[    0.143004]      scan-1133 get_device_data       : No context for object [ffff88040d8377f8]
[    0.143004]      scan-1133 get_device_data       : No context for object [ffff88040d837820]
[    0.143004]      scan-1133 get_device_data       : No context for object [ffff88040d837848]
[    0.143004]      scan-1133 get_device_data       : No context for object [ffff88040d837870]
[    0.143004]      scan-1133 get_device_data       : No context for object [ffff88040d837898]
[    0.143004]      scan-1133 get_device_data       : No context for object [ffff88040d8378c0]
[    0.143004]      scan-1133 get_device_data       : No context for object [ffff88040d8378e8]
[    0.143004]      scan-1133 get_device_data       : No context for object [ffff88040d839398]
[    0.143004]      scan-1133 get_device_data       : No context for object [ffff88040d81d028]
[    0.143004]      scan-1133 get_device_data       : No context for object [ffff88040d81d168]
[    0.143004]     utils-0051 util_eval_error       : Evaluate [\_PR_.C000._STA]: AE_NOT_FOUND
[    0.143004]      scan-1133 get_device_data       : No context for object [ffff88040d81d028]
[    0.143004] device: 'LNXCPU:00': device_add
[    0.143004] bus: 'acpi': add device LNXCPU:00
[    0.143004]     utils-0051 util_eval_error       : Evaluate [\_PR_.C000._SUN]: AE_NOT_FOUND
[    0.143019]      scan-1922 add_single_object     : Added LNXCPU:00 [\_PR_.C000] parent LNXSYSTM:00
[    0.143019]      scan-1133 get_device_data       : No context for object [ffff88040d83c398]
[    0.143019]      scan-1133 get_device_data       : No context for object [ffff88040d83c3c0]
[    0.143019]      scan-1133 get_device_data       : No context for object [ffff88040d83c3e8]
[    0.143019]      scan-1133 get_device_data       : No context for object [ffff88040d83c410]
[    0.143019]      scan-1133 get_device_data       : No context for object [ffff88040d83c438]
[    0.143019]      scan-1133 get_device_data       : No context for object [ffff88040d83c460]
[    0.143019]      scan-1133 get_device_data       : No context for object [ffff88040d81d190]
[    0.143019]     utils-0051 util_eval_error       : Evaluate [\_PR_.C001._STA]: AE_NOT_FOUND
[    0.143019]      scan-1133 get_device_data       : No context for object [ffff88040d81d028]
[    0.143019] device: 'LNXCPU:01': device_add
[    0.143019] bus: 'acpi': add device LNXCPU:01
[    0.143019]     utils-0051 util_eval_error       : Evaluate [\_PR_.C001._SUN]: AE_NOT_FOUND
[    0.143026]      scan-1922 add_single_object     : Added LNXCPU:01 [\_PR_.C001] parent LNXSYSTM:00
[    0.143038]      scan-1133 get_device_data       : No context for object [ffff88040d83c488]
[    0.143047]      scan-1133 get_device_data       : No context for object [ffff88040d83c4b0]
[    0.143055]      scan-1133 get_device_data       : No context for object [ffff88040d83c4d8]
[    0.143064]      scan-1133 get_device_data       : No context for object [ffff88040d83c500]
[    0.143072]      scan-1133 get_device_data       : No context for object [ffff88040d83c528]
[    0.143081]      scan-1133 get_device_data       : No context for object [ffff88040d83c550]
[    0.143089]      scan-1133 get_device_data       : No context for object [ffff88040d81d1b8]
[    0.143099]     utils-0051 util_eval_error       : Evaluate [\_PR_.C002._STA]: AE_NOT_FOUND
[    0.143109]      scan-1133 get_device_data       : No context for object [ffff88040d81d028]
[    0.143125] device: 'LNXCPU:02': device_add
[    0.143132] bus: 'acpi': add device LNXCPU:02
[    0.143151]     utils-0051 util_eval_error       : Evaluate [\_PR_.C002._SUN]: AE_NOT_FOUND
[    0.143169]      scan-1922 add_single_object     : Added LNXCPU:02 [\_PR_.C002] parent LNXSYSTM:00
[    0.143181]      scan-1133 get_device_data       : No context for object [ffff88040d83c578]
[    0.143189]      scan-1133 get_device_data       : No context for object [ffff88040d83c5a0]
[    0.143198]      scan-1133 get_device_data       : No context for object [ffff88040d83c5c8]
[    0.143206]      scan-1133 get_device_data       : No context for object [ffff88040d83c5f0]
[    0.143214]      scan-1133 get_device_data       : No context for object [ffff88040d83c618]
[    0.143223]      scan-1133 get_device_data       : No context for object [ffff88040d83c640]
[    0.143231]      scan-1133 get_device_data       : No context for object [ffff88040d81d1e0]
[    0.143241]     utils-0051 util_eval_error       : Evaluate [\_PR_.C003._STA]: AE_NOT_FOUND
[    0.143250]      scan-1133 get_device_data       : No context for object [ffff88040d81d028]
[    0.143266] device: 'LNXCPU:03': device_add
[    0.143273] bus: 'acpi': add device LNXCPU:03
[    0.143295]     utils-0051 util_eval_error       : Evaluate [\_PR_.C003._SUN]: AE_NOT_FOUND
[    0.143313]      scan-1922 add_single_object     : Added LNXCPU:03 [\_PR_.C003] parent LNXSYSTM:00
[    0.143326]      scan-1133 get_device_data       : No context for object [ffff88040d83c668]
[    0.143334]      scan-1133 get_device_data       : No context for object [ffff88040d83c690]
[    0.143342]      scan-1133 get_device_data       : No context for object [ffff88040d83c6b8]
[    0.143351]      scan-1133 get_device_data       : No context for object [ffff88040d83c6e0]
[    0.143359]      scan-1133 get_device_data       : No context for object [ffff88040d83c708]
[    0.143367]      scan-1133 get_device_data       : No context for object [ffff88040d83c730]
[    0.143376]      scan-1133 get_device_data       : No context for object [ffff88040d81d050]
[    0.143387]     utils-0051 util_eval_error       : Evaluate [\_SB_._STA]: AE_NOT_FOUND
[    0.143451] device: 'LNXSYBUS:00': device_add
[    0.143459] bus: 'acpi': add device LNXSYBUS:00
[    0.143479]     utils-0051 util_eval_error       : Evaluate [\_SB_._SUN]: AE_NOT_FOUND
[    0.143497]      scan-1922 add_single_object     : Added LNXSYBUS:00 [\_SB_] parent LNXSYSTM:00
[    0.143515]      scan-1133 get_device_data       : No context for object [ffff88040d81d3c0]
[    0.143523]      scan-1133 get_device_data       : No context for object [ffff88040d81d3e8]
[    0.143532]      scan-1133 get_device_data       : No context for object [ffff88040d81d410]
[    0.143540]      scan-1133 get_device_data       : No context for object [ffff88040d81d438]
[    0.143548]      scan-1133 get_device_data       : No context for object [ffff88040d81d460]
[    0.143557]      scan-1133 get_device_data       : No context for object [ffff88040d81d488]
[    0.143565]      scan-1133 get_device_data       : No context for object [ffff88040d81d4b0]
[    0.143573]      scan-1133 get_device_data       : No context for object [ffff88040d81d5a0]
[    0.143583]     utils-0051 util_eval_error       : Evaluate [\_SB_.PWRB._STA]: AE_NOT_FOUND
[    0.143624] device: 'PNP0C0C:00': device_add
[    0.143631] bus: 'acpi': add device PNP0C0C:00
[    0.143651]     utils-0051 util_eval_error       : Evaluate [\_SB_.PWRB._SUN]: AE_NOT_FOUND
[    0.143669]      scan-1922 add_single_object     : Added PNP0C0C:00 [\_SB_.PWRB] parent LNXSYBUS:00
[    0.143687]      scan-1133 get_device_data       : No context for object [ffff88040d81d5c8]
[    0.143696]      scan-1133 get_device_data       : No context for object [ffff88040d81d5f0]
[    0.143707]     utils-0051 util_eval_error       : Evaluate [\_SB_.PCI0._STA]: AE_NOT_FOUND
[    0.143775] device: 'PNP0A08:00': device_add
[    0.143785] bus: 'acpi': add device PNP0A08:00
[    0.143808]     utils-0051 util_eval_error       : Evaluate [\_SB_.PCI0._SUN]: AE_NOT_FOUND
[    0.144019]      scan-1922 add_single_object     : Added PNP0A08:00 [\_SB_.PCI0] parent LNXSYBUS:00
[    0.144019]      scan-1133 get_device_data       : No context for object [ffff88040d81d618]
[    0.144019]      scan-1133 get_device_data       : No context for object [ffff88040d81d640]
[    0.144019]      scan-1133 get_device_data       : No context for object [ffff88040d81d668]
[    0.144019]      scan-1133 get_device_data       : No context for object [ffff88040d81d690]
[    0.144019]      scan-1133 get_device_data       : No context for object [ffff88040d81d6b8]
[    0.144019]      scan-1133 get_device_data       : No context for object [ffff88040d81d6e0]
[    0.144019]      scan-1133 get_device_data       : No context for object [ffff88040d81d708]
[    0.144019]      scan-1133 get_device_data       : No context for object [ffff88040d81d730]
[    0.144019]      scan-1133 get_device_data       : No context for object [ffff88040d81d758]
[    0.144019]      scan-1133 get_device_data       : No context for object [ffff88040d81d780]
[    0.144019]      scan-1133 get_device_data       : No context for object [ffff88040d81d7a8]
[    0.144019]      scan-1133 get_device_data       : No context for object [ffff88040d81d7d0]
[    0.144019]      scan-1133 get_device_data       : No context for object [ffff88040d81d7f8]
[    0.144019]      scan-1133 get_device_data       : No context for object [ffff88040d81d820]
[    0.144019]      scan-1133 get_device_data       : No context for object [ffff88040d81d848]
[    0.144019]      scan-1133 get_device_data       : No context for object [ffff88040d81d870]
[    0.144019]      scan-1133 get_device_data       : No context for object [ffff88040d81d898]
[    0.144019]      scan-1133 get_device_data       : No context for object [ffff88040d81d8c0]
[    0.144019]      scan-1133 get_device_data       : No context for object [ffff88040d81d8e8]
[    0.144019]      scan-1133 get_device_data       : No context for object [ffff88040d81d910]
[    0.144023]      scan-1133 get_device_data       : No context for object [ffff88040d81d938]
[    0.144031]      scan-1133 get_device_data       : No context for object [ffff88040d81d960]
[    0.144040]      scan-1133 get_device_data       : No context for object [ffff88040d81d988]
[    0.144048]      scan-1133 get_device_data       : No context for object [ffff88040d81d9b0]
[    0.144057]      scan-1133 get_device_data       : No context for object [ffff88040d81d9d8]
[    0.144065]      scan-1133 get_device_data       : No context for object [ffff88040d81da00]
[    0.144074]      scan-1133 get_device_data       : No context for object [ffff88040d81da28]
[    0.144082]      scan-1133 get_device_data       : No context for object [ffff88040d81da50]
[    0.144091]      scan-1133 get_device_data       : No context for object [ffff88040d81da78]
[    0.144099]      scan-1133 get_device_data       : No context for object [ffff88040d81daa0]
[    0.144108]      scan-1133 get_device_data       : No context for object [ffff88040d81dac8]
[    0.144116]      scan-1133 get_device_data       : No context for object [ffff88040d81daf0]
[    0.144124]      scan-1133 get_device_data       : No context for object [ffff88040d81db18]
[    0.144133]      scan-1133 get_device_data       : No context for object [ffff88040d81db40]
[    0.144141]      scan-1133 get_device_data       : No context for object [ffff88040d81db68]
[    0.144150]      scan-1133 get_device_data       : No context for object [ffff88040d81db90]
[    0.144158]      scan-1133 get_device_data       : No context for object [ffff88040d81dbb8]
[    0.144167]      scan-1133 get_device_data       : No context for object [ffff88040d81dbe0]
[    0.144175]      scan-1133 get_device_data       : No context for object [ffff88040d81dc08]
[    0.144184]      scan-1133 get_device_data       : No context for object [ffff88040d81dc30]
[    0.144192]      scan-1133 get_device_data       : No context for object [ffff88040d81dc58]
[    0.144201]      scan-1133 get_device_data       : No context for object [ffff88040d81dc80]
[    0.144209]      scan-1133 get_device_data       : No context for object [ffff88040d81dca8]
[    0.144218]      scan-1133 get_device_data       : No context for object [ffff88040d81dcd0]
[    0.144226]      scan-1133 get_device_data       : No context for object [ffff88040d81dcf8]
[    0.144234]      scan-1133 get_device_data       : No context for object [ffff88040d81dd20]
[    0.144243]      scan-1133 get_device_data       : No context for object [ffff88040d81dd48]
[    0.144251]      scan-1133 get_device_data       : No context for object [ffff88040d81dd70]
[    0.144260]      scan-1133 get_device_data       : No context for object [ffff88040d81dd98]
[    0.144268]      scan-1133 get_device_data       : No context for object [ffff88040d81ddc0]
[    0.144277]      scan-1133 get_device_data       : No context for object [ffff88040d81dde8]
[    0.144285]      scan-1133 get_device_data       : No context for object [ffff88040d81de10]
[    0.144294]      scan-1133 get_device_data       : No context for object [ffff88040d81de38]
[    0.144302]      scan-1133 get_device_data       : No context for object [ffff88040d81de60]
[    0.144311]      scan-1133 get_device_data       : No context for object [ffff88040d81de88]
[    0.144319]      scan-1133 get_device_data       : No context for object [ffff88040d81deb0]
[    0.144328]      scan-1133 get_device_data       : No context for object [ffff88040d81ded8]
[    0.144336]      scan-1133 get_device_data       : No context for object [ffff88040d81df00]
[    0.144345]      scan-1133 get_device_data       : No context for object [ffff88040d81df28]
[    0.144353]      scan-1133 get_device_data       : No context for object [ffff88040d81df50]
[    0.144362]      scan-1133 get_device_data       : No context for object [ffff88040d81df78]
[    0.144370]      scan-1133 get_device_data       : No context for object [ffff88040d81dfa0]
[    0.144378]      scan-1133 get_device_data       : No context for object [ffff88040d81dfc8]
[    0.144387]      scan-1133 get_device_data       : No context for object [ffff88040d822000]
[    0.144395]      scan-1133 get_device_data       : No context for object [ffff88040d822028]
[    0.144405]     utils-0051 util_eval_error       : Evaluate [\_SB_.PCI0.MEMR._STA]: AE_NOT_FOUND
[    0.144447] device: 'PNP0C02:00': device_add
[    0.144455] bus: 'acpi': add device PNP0C02:00
[    0.144474]     utils-0051 util_eval_error       : Evaluate [\_SB_.PCI0.MEMR._SUN]: AE_NOT_FOUND
[    0.144492]      scan-1922 add_single_object     : Added PNP0C02:00 [\_SB_.PCI0.MEMR] parent PNP0A08:00
[    0.144507]      scan-1133 get_device_data       : No context for object [ffff88040d822050]
[    0.144516]      scan-1133 get_device_data       : No context for object [ffff88040d822078]
[    0.144524]      scan-1133 get_device_data       : No context for object [ffff88040d8220a0]
[    0.144533]      scan-1133 get_device_data       : No context for object [ffff88040d8220c8]
[    0.144541]      scan-1133 get_device_data       : No context for object [ffff88040d8220f0]
[    0.144550]      scan-1133 get_device_data       : No context for object [ffff88040d822118]
[    0.144558]      scan-1133 get_device_data       : No context for object [ffff88040d822140]
[    0.144566]      scan-1133 get_device_data       : No context for object [ffff88040d822168]
[    0.144575]      scan-1133 get_device_data       : No context for object [ffff88040d822190]
[    0.144583]      scan-1133 get_device_data       : No context for object [ffff88040d8221b8]
[    0.144591]      scan-1133 get_device_data       : No context for object [ffff88040d8221e0]
[    0.144599]      scan-1133 get_device_data       : No context for object [ffff88040d822208]
[    0.144608]      scan-1133 get_device_data       : No context for object [ffff88040d822230]
[    0.144616]      scan-1133 get_device_data       : No context for object [ffff88040d822258]
[    0.144624]      scan-1133 get_device_data       : No context for object [ffff88040d822280]
[    0.144633]      scan-1133 get_device_data       : No context for object [ffff88040d8222a8]
[    0.144642]     utils-0051 util_eval_error       : Evaluate [\_SB_.PCI0.PB2_._STA]: AE_NOT_FOUND
[    0.144754] device: 'device:00': device_add
[    0.144762] bus: 'acpi': add device device:00
[    0.144784]     utils-0051 util_eval_error       : Evaluate [\_SB_.PCI0.PB2_._SUN]: AE_NOT_FOUND
[    0.145001]      scan-1922 add_single_object     : Added device:00 [\_SB_.PCI0.PB2_] parent PNP0A08:00
[    0.145001]      scan-1133 get_device_data       : No context for object [ffff88040d8222d0]
[    0.145001]      scan-1133 get_device_data       : No context for object [ffff88040d8222f8]
[    0.145001]      scan-1133 get_device_data       : No context for object [ffff88040d822320]
[    0.145001]      scan-1133 get_device_data       : No context for object [ffff88040d822348]
[    0.145001]      scan-1133 get_device_data       : No context for object [ffff88040d822370]
[    0.145001]      scan-1133 get_device_data       : No context for object [ffff88040d822398]
[    0.145001]      scan-1133 get_device_data       : No context for object [ffff88040d8223c0]
[    0.145001]      scan-1133 get_device_data       : No context for object [ffff88040d8223e8]
[    0.145001]      scan-1133 get_device_data       : No context for object [ffff88040d822410]
[    0.145001]      scan-1133 get_device_data       : No context for object [ffff88040d822438]
[    0.145001]      scan-1133 get_device_data       : No context for object [ffff88040d822460]
[    0.145001]      scan-1133 get_device_data       : No context for object [ffff88040d822488]
[    0.145001]      scan-1133 get_device_data       : No context for object [ffff88040d8224b0]
[    0.145001]      scan-1133 get_device_data       : No context for object [ffff88040d8224d8]
[    0.145001]      scan-1133 get_device_data       : No context for object [ffff88040d822500]
[    0.145001]      scan-1133 get_device_data       : No context for object [ffff88040d822528]
[    0.145001]      scan-1133 get_device_data       : No context for object [ffff88040d822550]
[    0.145001]      scan-1133 get_device_data       : No context for object [ffff88040d822578]
[    0.145001]      scan-1133 get_device_data       : No context for object [ffff88040d8225a0]
[    0.145001]      scan-1133 get_device_data       : No context for object [ffff88040d8225c8]
[    0.145001]      scan-1133 get_device_data       : No context for object [ffff88040d8225f0]
[    0.145001]      scan-1133 get_device_data       : No context for object [ffff88040d822618]
[    0.145021]      scan-1133 get_device_data       : No context for object [ffff88040d822640]
[    0.145021]      scan-1133 get_device_data       : No context for object [ffff88040d822668]
[    0.145024]      scan-1133 get_device_data       : No context for object [ffff88040d822690]
[    0.145032]      scan-1133 get_device_data       : No context for object [ffff88040d8226b8]
[    0.145040]      scan-1133 get_device_data       : No context for object [ffff88040d8226e0]
[    0.145048]      scan-1133 get_device_data       : No context for object [ffff88040d822708]
[    0.145057]      scan-1133 get_device_data       : No context for object [ffff88040d822730]
[    0.145065]      scan-1133 get_device_data       : No context for object [ffff88040d822758]
[    0.145073]      scan-1133 get_device_data       : No context for object [ffff88040d822780]
[    0.145083]     utils-0051 util_eval_error       : Evaluate [\_SB_.PCI0.PB2_.VGA_._STA]: AE_NOT_FOUND
[    0.145133] device: 'device:01': device_add
[    0.145142] bus: 'acpi': add device device:01
[    0.145162]     utils-0051 util_eval_error       : Evaluate [\_SB_.PCI0.PB2_.VGA_._SUN]: AE_NOT_FOUND
[    0.145180]      scan-1922 add_single_object     : Added device:01 [\_SB_.PCI0.PB2_.VGA_] parent device:00
[    0.145193]      scan-1133 get_device_data       : No context for object [ffff88040d8227a8]
[    0.145201]      scan-1133 get_device_data       : No context for object [ffff88040d8227d0]
[    0.145210]      scan-1133 get_device_data       : No context for object [ffff88040d8227f8]
[    0.145218]      scan-1133 get_device_data       : No context for object [ffff88040d822820]
[    0.145227]      scan-1133 get_device_data       : No context for object [ffff88040d822848]
[    0.145235]      scan-1133 get_device_data       : No context for object [ffff88040d822870]
[    0.145243]      scan-1133 get_device_data       : No context for object [ffff88040d822898]
[    0.145251]      scan-1133 get_device_data       : No context for object [ffff88040d8228c0]
[    0.145260]      scan-1133 get_device_data       : No context for object [ffff88040d8228e8]
[    0.145268]      scan-1133 get_device_data       : No context for object [ffff88040d822910]
[    0.145276]      scan-1133 get_device_data       : No context for object [ffff88040d822938]
[    0.145285]      scan-1133 get_device_data       : No context for object [ffff88040d822960]
[    0.145293]      scan-1133 get_device_data       : No context for object [ffff88040d822988]
[    0.145301]      scan-1133 get_device_data       : No context for object [ffff88040d8229b0]
[    0.145309]      scan-1133 get_device_data       : No context for object [ffff88040d8229d8]
[    0.145318]      scan-1133 get_device_data       : No context for object [ffff88040d822a00]
[    0.145326]      scan-1133 get_device_data       : No context for object [ffff88040d822a28]
[    0.145334]      scan-1133 get_device_data       : No context for object [ffff88040d822a50]
[    0.145343]      scan-1133 get_device_data       : No context for object [ffff88040d822a78]
[    0.145351]      scan-1133 get_device_data       : No context for object [ffff88040d822aa0]
[    0.145359]      scan-1133 get_device_data       : No context for object [ffff88040d822ac8]
[    0.145367]      scan-1133 get_device_data       : No context for object [ffff88040d822af0]
[    0.145376]      scan-1133 get_device_data       : No context for object [ffff88040d822b18]
[    0.145384]      scan-1133 get_device_data       : No context for object [ffff88040d822b40]
[    0.145392]      scan-1133 get_device_data       : No context for object [ffff88040d822b68]
[    0.145400]      scan-1133 get_device_data       : No context for object [ffff88040d822b90]
[    0.145409]      scan-1133 get_device_data       : No context for object [ffff88040d822bb8]
[    0.145417]      scan-1133 get_device_data       : No context for object [ffff88040d822be0]
[    0.145425]      scan-1133 get_device_data       : No context for object [ffff88040d822c08]
[    0.145433]      scan-1133 get_device_data       : No context for object [ffff88040d822c30]
[    0.145442]      scan-1133 get_device_data       : No context for object [ffff88040d822c58]
[    0.145450]      scan-1133 get_device_data       : No context for object [ffff88040d822c80]
[    0.145458]      scan-1133 get_device_data       : No context for object [ffff88040d822ca8]
[    0.145466]      scan-1133 get_device_data       : No context for object [ffff88040d822cd0]
[    0.145475]      scan-1133 get_device_data       : No context for object [ffff88040d822cf8]
[    0.145483]      scan-1133 get_device_data       : No context for object [ffff88040d822d20]
[    0.145491]      scan-1133 get_device_data       : No context for object [ffff88040d822d48]
[    0.145500]      scan-1133 get_device_data       : No context for object [ffff88040d822d70]
[    0.145508]      scan-1133 get_device_data       : No context for object [ffff88040d822d98]
[    0.145516]      scan-1133 get_device_data       : No context for object [ffff88040d837438]
[    0.145525]      scan-1133 get_device_data       : No context for object [ffff88040d822dc0]
[    0.145534]     utils-0051 util_eval_error       : Evaluate [\_SB_.PCI0.PB2_.HDAU._STA]: AE_NOT_FOUND
[    0.145577] device: 'device:02': device_add
[    0.145584] bus: 'acpi': add device device:02
[    0.145603]     utils-0051 util_eval_error       : Evaluate [\_SB_.PCI0.PB2_.HDAU._SUN]: AE_NOT_FOUND
[    0.145620]      scan-1922 add_single_object     : Added device:02 [\_SB_.PCI0.PB2_.HDAU] parent device:00
[    0.145633]      scan-1133 get_device_data       : No context for object [ffff88040d822de8]
[    0.145641]      scan-1133 get_device_data       : No context for object [ffff88040d822e10]
[    0.145649]      scan-1133 get_device_data       : No context for object [ffff88040d822e38]
[    0.145658]      scan-1133 get_device_data       : No context for object [ffff88040d822e60]
[    0.145666]      scan-1133 get_device_data       : No context for object [ffff88040d822e88]
[    0.145675]      scan-1133 get_device_data       : No context for object [ffff88040d822eb0]
[    0.145683]      scan-1133 get_device_data       : No context for object [ffff88040d822ed8]
[    0.145693]     utils-0051 util_eval_error       : Evaluate [\_SB_.PCI0.PB3_._STA]: AE_NOT_FOUND
[    0.145800] device: 'device:03': device_add
[    0.145807] bus: 'acpi': add device device:03
[    0.145829]     utils-0051 util_eval_error       : Evaluate [\_SB_.PCI0.PB3_._SUN]: AE_NOT_FOUND
[    0.146001]      scan-1922 add_single_object     : Added device:03 [\_SB_.PCI0.PB3_] parent PNP0A08:00
[    0.146001]      scan-1133 get_device_data       : No context for object [ffff88040d822f00]
[    0.146001]      scan-1133 get_device_data       : No context for object [ffff88040d822f28]
[    0.146001]      scan-1133 get_device_data       : No context for object [ffff88040d822f50]
[    0.146001]      scan-1133 get_device_data       : No context for object [ffff88040d822f78]
[    0.146001]      scan-1133 get_device_data       : No context for object [ffff88040d822fa0]
[    0.146001]      scan-1133 get_device_data       : No context for object [ffff88040d822fc8]
[    0.146001]      scan-1133 get_device_data       : No context for object [ffff88040d823000]
[    0.146001]      scan-1133 get_device_data       : No context for object [ffff88040d823028]
[    0.146001]      scan-1133 get_device_data       : No context for object [ffff88040d823050]
[    0.146001]      scan-1133 get_device_data       : No context for object [ffff88040d823078]
[    0.146001]      scan-1133 get_device_data       : No context for object [ffff88040d8230a0]
[    0.146001]      scan-1133 get_device_data       : No context for object [ffff88040d8230c8]
[    0.146001]      scan-1133 get_device_data       : No context for object [ffff88040d8230f0]
[    0.146001]      scan-1133 get_device_data       : No context for object [ffff88040d823118]
[    0.146001]      scan-1133 get_device_data       : No context for object [ffff88040d823140]
[    0.146001]      scan-1133 get_device_data       : No context for object [ffff88040d823168]
[    0.146001]      scan-1133 get_device_data       : No context for object [ffff88040d823190]
[    0.146009]      scan-1133 get_device_data       : No context for object [ffff88040d8231b8]
[    0.146018]      scan-1133 get_device_data       : No context for object [ffff88040d8231e0]
[    0.146026]      scan-1133 get_device_data       : No context for object [ffff88040d823208]
[    0.146035]      scan-1133 get_device_data       : No context for object [ffff88040d823230]
[    0.146043]      scan-1133 get_device_data       : No context for object [ffff88040d823258]
[    0.146052]      scan-1133 get_device_data       : No context for object [ffff88040d823280]
[    0.146060]      scan-1133 get_device_data       : No context for object [ffff88040d8232a8]
[    0.146069]      scan-1133 get_device_data       : No context for object [ffff88040d8232d0]
[    0.146077]      scan-1133 get_device_data       : No context for object [ffff88040d8232f8]
[    0.146085]      scan-1133 get_device_data       : No context for object [ffff88040d823320]
[    0.146094]      scan-1133 get_device_data       : No context for object [ffff88040d823348]
[    0.146102]      scan-1133 get_device_data       : No context for object [ffff88040d823370]
[    0.146111]      scan-1133 get_device_data       : No context for object [ffff88040d823398]
[    0.146119]      scan-1133 get_device_data       : No context for object [ffff88040d8233c0]
[    0.146129]     utils-0051 util_eval_error       : Evaluate [\_SB_.PCI0.PB3_.VGA_._STA]: AE_NOT_FOUND
[    0.146171]     video-0058 backlight_cap_match   : Found generic backlight support
[    0.146191] device: 'LNXVIDEO:00': device_add
[    0.146198] bus: 'acpi': add device LNXVIDEO:00
[    0.146220]     utils-0051 util_eval_error       : Evaluate [\_SB_.PCI0.PB3_.VGA_._SUN]: AE_NOT_FOUND
[    0.146238]      scan-1922 add_single_object     : Added LNXVIDEO:00 [\_SB_.PCI0.PB3_.VGA_] parent device:03
[    0.146255]      scan-1133 get_device_data       : No context for object [ffff88040d8233e8]
[    0.146263]      scan-1133 get_device_data       : No context for object [ffff88040d823410]
[    0.146272]      scan-1133 get_device_data       : No context for object [ffff88040d823438]
[    0.146280]      scan-1133 get_device_data       : No context for object [ffff88040d823460]
[    0.146289]      scan-1133 get_device_data       : No context for object [ffff88040d823488]
[    0.146297]      scan-1133 get_device_data       : No context for object [ffff88040d8234b0]
[    0.146305]      scan-1133 get_device_data       : No context for object [ffff88040d8234d8]
[    0.146313]      scan-1133 get_device_data       : No context for object [ffff88040d823500]
[    0.146322]      scan-1133 get_device_data       : No context for object [ffff88040d823528]
[    0.146330]      scan-1133 get_device_data       : No context for object [ffff88040d823550]
[    0.146338]      scan-1133 get_device_data       : No context for object [ffff88040d823578]
[    0.146346]      scan-1133 get_device_data       : No context for object [ffff88040d8235a0]
[    0.146355]      scan-1133 get_device_data       : No context for object [ffff88040d8235c8]
[    0.146363]      scan-1133 get_device_data       : No context for object [ffff88040d8235f0]
[    0.146371]      scan-1133 get_device_data       : No context for object [ffff88040d823618]
[    0.146379]      scan-1133 get_device_data       : No context for object [ffff88040d823640]
[    0.146388]      scan-1133 get_device_data       : No context for object [ffff88040d823668]
[    0.146396]      scan-1133 get_device_data       : No context for object [ffff88040d823690]
[    0.146404]      scan-1133 get_device_data       : No context for object [ffff88040d8236b8]
[    0.146413]      scan-1133 get_device_data       : No context for object [ffff88040d8236e0]
[    0.146421]      scan-1133 get_device_data       : No context for object [ffff88040d823708]
[    0.146429]      scan-1133 get_device_data       : No context for object [ffff88040d823730]
[    0.146437]      scan-1133 get_device_data       : No context for object [ffff88040d823758]
[    0.146446]      scan-1133 get_device_data       : No context for object [ffff88040d823780]
[    0.146454]      scan-1133 get_device_data       : No context for object [ffff88040d8237a8]
[    0.146462]      scan-1133 get_device_data       : No context for object [ffff88040d8237d0]
[    0.146471]      scan-1133 get_device_data       : No context for object [ffff88040d8237f8]
[    0.146479]      scan-1133 get_device_data       : No context for object [ffff88040d823820]
[    0.146487]      scan-1133 get_device_data       : No context for object [ffff88040d823848]
[    0.146495]      scan-1133 get_device_data       : No context for object [ffff88040d823870]
[    0.146504]      scan-1133 get_device_data       : No context for object [ffff88040d823898]
[    0.146512]      scan-1133 get_device_data       : No context for object [ffff88040d8238c0]
[    0.146520]      scan-1133 get_device_data       : No context for object [ffff88040d8238e8]
[    0.146528]      scan-1133 get_device_data       : No context for object [ffff88040d823910]
[    0.146537]      scan-1133 get_device_data       : No context for object [ffff88040d823938]
[    0.146545]      scan-1133 get_device_data       : No context for object [ffff88040d823960]
[    0.146553]      scan-1133 get_device_data       : No context for object [ffff88040d823988]
[    0.146561]      scan-1133 get_device_data       : No context for object [ffff88040d8239b0]
[    0.146570]      scan-1133 get_device_data       : No context for object [ffff88040d8239d8]
[    0.146578]      scan-1133 get_device_data       : No context for object [ffff88040d837460]
[    0.146586]      scan-1133 get_device_data       : No context for object [ffff88040d83ac08]
[    0.146595]      scan-1133 get_device_data       : No context for object [ffff88040d83ac30]
[    0.146603]      scan-1133 get_device_data       : No context for object [ffff88040d83ac58]
[    0.146613]     utils-0051 util_eval_error       : Evaluate [\_SB_.PCI0.PB3_.VGA_.CRT_._STA]: AE_NOT_FOUND
[    0.146666] device: 'device:04': device_add
[    0.146674] bus: 'acpi': add device device:04
[    0.146693]     utils-0051 util_eval_error       : Evaluate [\_SB_.PCI0.PB3_.VGA_.CRT_._SUN]: AE_NOT_FOUND
[    0.147001]      scan-1922 add_single_object     : Added device:04 [\_SB_.PCI0.PB3_.VGA_.CRT_] parent LNXVIDEO:00
[    0.147001]      scan-1133 get_device_data       : No context for object [ffff88040d83ac80]
[    0.147001]      scan-1133 get_device_data       : No context for object [ffff88040d83aca8]
[    0.147001]      scan-1133 get_device_data       : No context for object [ffff88040d83acd0]
[    0.147001]      scan-1133 get_device_data       : No context for object [ffff88040d83acf8]
[    0.147001]      scan-1133 get_device_data       : No context for object [ffff88040d83ad20]
[    0.147001]     utils-0051 util_eval_error       : Evaluate [\_SB_.PCI0.PB3_.VGA_.LCD_._STA]: AE_NOT_FOUND
[    0.147001] device: 'device:05': device_add
[    0.147001] bus: 'acpi': add device device:05
[    0.147001]     utils-0051 util_eval_error       : Evaluate [\_SB_.PCI0.PB3_.VGA_.LCD_._SUN]: AE_NOT_FOUND
[    0.147016]      scan-1922 add_single_object     : Added device:05 [\_SB_.PCI0.PB3_.VGA_.LCD_] parent LNXVIDEO:00
[    0.147016]      scan-1133 get_device_data       : No context for object [ffff88040d83ad48]
[    0.147016]      scan-1133 get_device_data       : No context for object [ffff88040d83ad70]
[    0.147016]      scan-1133 get_device_data       : No context for object [ffff88040d83ad98]
[    0.147016]      scan-1133 get_device_data       : No context for object [ffff88040d83adc0]
[    0.147016]      scan-1133 get_device_data       : No context for object [ffff88040d83ade8]
[    0.147016]      scan-1133 get_device_data       : No context for object [ffff88040d83ae10]
[    0.147016]      scan-1133 get_device_data       : No context for object [ffff88040d83ae38]
[    0.147016]      scan-1133 get_device_data       : No context for object [ffff88040d83ae60]
[    0.147016]     utils-0051 util_eval_error       : Evaluate [\_SB_.PCI0.PB3_.VGA_.TV0_._STA]: AE_NOT_FOUND
[    0.147016] device: 'device:06': device_add
[    0.147016] bus: 'acpi': add device device:06
[    0.147032]     utils-0051 util_eval_error       : Evaluate [\_SB_.PCI0.PB3_.VGA_.TV0_._SUN]: AE_NOT_FOUND
[    0.147051]      scan-1922 add_single_object     : Added device:06 [\_SB_.PCI0.PB3_.VGA_.TV0_] parent LNXVIDEO:00
[    0.147064]      scan-1133 get_device_data       : No context for object [ffff88040d83ae88]
[    0.147072]      scan-1133 get_device_data       : No context for object [ffff88040d83aeb0]
[    0.147081]      scan-1133 get_device_data       : No context for object [ffff88040d83aed8]
[    0.147090]      scan-1133 get_device_data       : No context for object [ffff88040d83af00]
[    0.147098]      scan-1133 get_device_data       : No context for object [ffff88040d83af28]
[    0.147108]     utils-0051 util_eval_error       : Evaluate [\_SB_.PCI0.PB3_.VGA_.HDMI._STA]: AE_NOT_FOUND
[    0.147159] device: 'device:07': device_add
[    0.147167] bus: 'acpi': add device device:07
[    0.147189]     utils-0051 util_eval_error       : Evaluate [\_SB_.PCI0.PB3_.VGA_.HDMI._SUN]: AE_NOT_FOUND
[    0.147207]      scan-1922 add_single_object     : Added device:07 [\_SB_.PCI0.PB3_.VGA_.HDMI] parent LNXVIDEO:00
[    0.147219]      scan-1133 get_device_data       : No context for object [ffff88040d83af50]
[    0.147228]      scan-1133 get_device_data       : No context for object [ffff88040d83af78]
[    0.147236]      scan-1133 get_device_data       : No context for object [ffff88040d83afa0]
[    0.147244]      scan-1133 get_device_data       : No context for object [ffff88040d83afc8]
[    0.147253]      scan-1133 get_device_data       : No context for object [ffff88040d823a00]
[    0.147262]     utils-0051 util_eval_error       : Evaluate [\_SB_.PCI0.PB3_.HDAU._STA]: AE_NOT_FOUND
[    0.147304] device: 'device:08': device_add
[    0.147312] bus: 'acpi': add device device:08
[    0.147331]     utils-0051 util_eval_error       : Evaluate [\_SB_.PCI0.PB3_.HDAU._SUN]: AE_NOT_FOUND
[    0.147349]      scan-1922 add_single_object     : Added device:08 [\_SB_.PCI0.PB3_.HDAU] parent device:03
[    0.147361]      scan-1133 get_device_data       : No context for object [ffff88040d823a28]
[    0.147370]      scan-1133 get_device_data       : No context for object [ffff88040d823a50]
[    0.147378]      scan-1133 get_device_data       : No context for object [ffff88040d823a78]
[    0.147386]      scan-1133 get_device_data       : No context for object [ffff88040d823aa0]
[    0.147395]      scan-1133 get_device_data       : No context for object [ffff88040d823ac8]
[    0.147403]      scan-1133 get_device_data       : No context for object [ffff88040d823af0]
[    0.147412]      scan-1133 get_device_data       : No context for object [ffff88040d823b18]
[    0.147421]     utils-0051 util_eval_error       : Evaluate [\_SB_.PCI0.PB4_._STA]: AE_NOT_FOUND
[    0.147482] device: 'device:09': device_add
[    0.147490] bus: 'acpi': add device device:09
[    0.147509]     utils-0051 util_eval_error       : Evaluate [\_SB_.PCI0.PB4_._SUN]: AE_NOT_FOUND
[    0.147527]      scan-1922 add_single_object     : Added device:09 [\_SB_.PCI0.PB4_] parent PNP0A08:00
[    0.147540]      scan-1133 get_device_data       : No context for object [ffff88040d823b40]
[    0.147548]      scan-1133 get_device_data       : No context for object [ffff88040d823b68]
[    0.147556]      scan-1133 get_device_data       : No context for object [ffff88040d823b90]
[    0.147565]      scan-1133 get_device_data       : No context for object [ffff88040d823bb8]
[    0.147573]      scan-1133 get_device_data       : No context for object [ffff88040d823be0]
[    0.147581]      scan-1133 get_device_data       : No context for object [ffff88040d823c08]
[    0.147589]      scan-1133 get_device_data       : No context for object [ffff88040d823c30]
[    0.147597]      scan-1133 get_device_data       : No context for object [ffff88040d823c58]
[    0.147605]      scan-1133 get_device_data       : No context for object [ffff88040d823c80]
[    0.147614]      scan-1133 get_device_data       : No context for object [ffff88040d823ca8]
[    0.147622]      scan-1133 get_device_data       : No context for object [ffff88040d823cd0]
[    0.147630]      scan-1133 get_device_data       : No context for object [ffff88040d823cf8]
[    0.147638]      scan-1133 get_device_data       : No context for object [ffff88040d823d20]
[    0.147646]      scan-1133 get_device_data       : No context for object [ffff88040d823d48]
[    0.147654]      scan-1133 get_device_data       : No context for object [ffff88040d823d70]
[    0.147663]      scan-1133 get_device_data       : No context for object [ffff88040d823d98]
[    0.147671]      scan-1133 get_device_data       : No context for object [ffff88040d823dc0]
[    0.147679]      scan-1133 get_device_data       : No context for object [ffff88040d823de8]
[    0.147687]      scan-1133 get_device_data       : No context for object [ffff88040d823e10]
[    0.147695]      scan-1133 get_device_data       : No context for object [ffff88040d823e38]
[    0.147704]      scan-1133 get_device_data       : No context for object [ffff88040d823e60]
[    0.147712]      scan-1133 get_device_data       : No context for object [ffff88040d823e88]
[    0.147720]      scan-1133 get_device_data       : No context for object [ffff88040d823eb0]
[    0.147728]      scan-1133 get_device_data       : No context for object [ffff88040d823ed8]
[    0.147736]      scan-1133 get_device_data       : No context for object [ffff88040d823f00]
[    0.147744]      scan-1133 get_device_data       : No context for object [ffff88040d823f28]
[    0.147753]      scan-1133 get_device_data       : No context for object [ffff88040d823f50]
[    0.147761]      scan-1133 get_device_data       : No context for object [ffff88040d823f78]
[    0.147769]      scan-1133 get_device_data       : No context for object [ffff88040d823fa0]
[    0.147777]      scan-1133 get_device_data       : No context for object [ffff88040d823fc8]
[    0.147785]      scan-1133 get_device_data       : No context for object [ffff88040d825000]
[    0.147795]     utils-0051 util_eval_error       : Evaluate [\_SB_.PCI0.PB4_.XPDV._STA]: AE_NOT_FOUND
[    0.147837] device: 'device:0a': device_add
[    0.147845] bus: 'acpi': add device device:0a
[    0.147867]     utils-0051 util_eval_error       : Evaluate [\_SB_.PCI0.PB4_.XPDV._SUN]: AE_NOT_FOUND
[    0.148001]      scan-1922 add_single_object     : Added device:0a [\_SB_.PCI0.PB4_.XPDV] parent device:09
[    0.148001]      scan-1133 get_device_data       : No context for object [ffff88040d825028]
[    0.148001]      scan-1133 get_device_data       : No context for object [ffff88040d825050]
[    0.148001]      scan-1133 get_device_data       : No context for object [ffff88040d825078]
[    0.148001]      scan-1133 get_device_data       : No context for object [ffff88040d8250a0]
[    0.148001]      scan-1133 get_device_data       : No context for object [ffff88040d8250c8]
[    0.148001]      scan-1133 get_device_data       : No context for object [ffff88040d837500]
[    0.148001]      scan-1133 get_device_data       : No context for object [ffff88040d8250f0]
[    0.148001]      scan-1133 get_device_data       : No context for object [ffff88040d825118]
[    0.148001]     utils-0051 util_eval_error       : Evaluate [\_SB_.PCI0.PB5_._STA]: AE_NOT_FOUND
[    0.148078] device: 'device:0b': device_add
[    0.148086] bus: 'acpi': add device device:0b
[    0.148105]     utils-0051 util_eval_error       : Evaluate [\_SB_.PCI0.PB5_._SUN]: AE_NOT_FOUND
[    0.148124]      scan-1922 add_single_object     : Added device:0b [\_SB_.PCI0.PB5_] parent PNP0A08:00
[    0.148136]      scan-1133 get_device_data       : No context for object [ffff88040d825140]
[    0.148145]      scan-1133 get_device_data       : No context for object [ffff88040d825168]
[    0.148153]      scan-1133 get_device_data       : No context for object [ffff88040d825190]
[    0.148162]      scan-1133 get_device_data       : No context for object [ffff88040d8251b8]
[    0.148171]      scan-1133 get_device_data       : No context for object [ffff88040d8251e0]
[    0.148179]      scan-1133 get_device_data       : No context for object [ffff88040d825208]
[    0.148187]      scan-1133 get_device_data       : No context for object [ffff88040d825230]
[    0.148196]      scan-1133 get_device_data       : No context for object [ffff88040d825258]
[    0.148204]      scan-1133 get_device_data       : No context for object [ffff88040d825280]
[    0.148212]      scan-1133 get_device_data       : No context for object [ffff88040d8252a8]
[    0.148221]      scan-1133 get_device_data       : No context for object [ffff88040d8252d0]
[    0.148229]      scan-1133 get_device_data       : No context for object [ffff88040d8252f8]
[    0.148237]      scan-1133 get_device_data       : No context for object [ffff88040d825320]
[    0.148246]      scan-1133 get_device_data       : No context for object [ffff88040d825348]
[    0.148254]      scan-1133 get_device_data       : No context for object [ffff88040d825370]
[    0.148262]      scan-1133 get_device_data       : No context for object [ffff88040d825398]
[    0.148271]      scan-1133 get_device_data       : No context for object [ffff88040d8253c0]
[    0.148279]      scan-1133 get_device_data       : No context for object [ffff88040d8253e8]
[    0.148287]      scan-1133 get_device_data       : No context for object [ffff88040d825410]
[    0.148296]      scan-1133 get_device_data       : No context for object [ffff88040d825438]
[    0.148304]      scan-1133 get_device_data       : No context for object [ffff88040d825460]
[    0.148312]      scan-1133 get_device_data       : No context for object [ffff88040d825488]
[    0.148321]      scan-1133 get_device_data       : No context for object [ffff88040d8254b0]
[    0.148329]      scan-1133 get_device_data       : No context for object [ffff88040d8254d8]
[    0.148337]      scan-1133 get_device_data       : No context for object [ffff88040d825500]
[    0.148346]      scan-1133 get_device_data       : No context for object [ffff88040d825528]
[    0.148354]      scan-1133 get_device_data       : No context for object [ffff88040d825550]
[    0.148362]      scan-1133 get_device_data       : No context for object [ffff88040d825578]
[    0.148371]      scan-1133 get_device_data       : No context for object [ffff88040d8255a0]
[    0.148379]      scan-1133 get_device_data       : No context for object [ffff88040d8255c8]
[    0.148387]      scan-1133 get_device_data       : No context for object [ffff88040d8255f0]
[    0.148397]     utils-0051 util_eval_error       : Evaluate [\_SB_.PCI0.PB5_.XPDV._STA]: AE_NOT_FOUND
[    0.148440] device: 'device:0c': device_add
[    0.148447] bus: 'acpi': add device device:0c
[    0.148466]     utils-0051 util_eval_error       : Evaluate [\_SB_.PCI0.PB5_.XPDV._SUN]: AE_NOT_FOUND
[    0.148484]      scan-1922 add_single_object     : Added device:0c [\_SB_.PCI0.PB5_.XPDV] parent device:0b
[    0.148496]      scan-1133 get_device_data       : No context for object [ffff88040d825618]
[    0.148505]      scan-1133 get_device_data       : No context for object [ffff88040d825640]
[    0.148513]      scan-1133 get_device_data       : No context for object [ffff88040d825668]
[    0.148521]      scan-1133 get_device_data       : No context for object [ffff88040d825690]
[    0.148530]      scan-1133 get_device_data       : No context for object [ffff88040d8256b8]
[    0.148538]      scan-1133 get_device_data       : No context for object [ffff88040d837528]
[    0.148547]      scan-1133 get_device_data       : No context for object [ffff88040d8256e0]
[    0.148555]      scan-1133 get_device_data       : No context for object [ffff88040d825708]
[    0.148565]     utils-0051 util_eval_error       : Evaluate [\_SB_.PCI0.PB6_._STA]: AE_NOT_FOUND
[    0.148672] device: 'device:0d': device_add
[    0.148680] bus: 'acpi': add device device:0d
[    0.148702]     utils-0051 util_eval_error       : Evaluate [\_SB_.PCI0.PB6_._SUN]: AE_NOT_FOUND
[    0.149001]      scan-1922 add_single_object     : Added device:0d [\_SB_.PCI0.PB6_] parent PNP0A08:00
[    0.149001]      scan-1133 get_device_data       : No context for object [ffff88040d825730]
[    0.149001]      scan-1133 get_device_data       : No context for object [ffff88040d825758]
[    0.149001]      scan-1133 get_device_data       : No context for object [ffff88040d825780]
[    0.149001]      scan-1133 get_device_data       : No context for object [ffff88040d8257a8]
[    0.149001]      scan-1133 get_device_data       : No context for object [ffff88040d8257d0]
[    0.149001]      scan-1133 get_device_data       : No context for object [ffff88040d8257f8]
[    0.149001]      scan-1133 get_device_data       : No context for object [ffff88040d825820]
[    0.149001]      scan-1133 get_device_data       : No context for object [ffff88040d825848]
[    0.149001]      scan-1133 get_device_data       : No context for object [ffff88040d825870]
[    0.149001]      scan-1133 get_device_data       : No context for object [ffff88040d825898]
[    0.149001]      scan-1133 get_device_data       : No context for object [ffff88040d8258c0]
[    0.149001]      scan-1133 get_device_data       : No context for object [ffff88040d8258e8]
[    0.149001]      scan-1133 get_device_data       : No context for object [ffff88040d825910]
[    0.149001]      scan-1133 get_device_data       : No context for object [ffff88040d825938]
[    0.149001]      scan-1133 get_device_data       : No context for object [ffff88040d825960]
[    0.149001]      scan-1133 get_device_data       : No context for object [ffff88040d825988]
[    0.149001]      scan-1133 get_device_data       : No context for object [ffff88040d8259b0]
[    0.149001]      scan-1133 get_device_data       : No context for object [ffff88040d8259d8]
[    0.149001]      scan-1133 get_device_data       : No context for object [ffff88040d825a00]
[    0.149001]      scan-1133 get_device_data       : No context for object [ffff88040d825a28]
[    0.149001]      scan-1133 get_device_data       : No context for object [ffff88040d825a50]
[    0.149001]      scan-1133 get_device_data       : No context for object [ffff88040d825a78]
[    0.149001]      scan-1133 get_device_data       : No context for object [ffff88040d825aa0]
[    0.149001]      scan-1133 get_device_data       : No context for object [ffff88040d825ac8]
[    0.149001]      scan-1133 get_device_data       : No context for object [ffff88040d825af0]
[    0.149001]      scan-1133 get_device_data       : No context for object [ffff88040d825b18]
[    0.149001]      scan-1133 get_device_data       : No context for object [ffff88040d825b40]
[    0.149001]      scan-1133 get_device_data       : No context for object [ffff88040d825b68]
[    0.149001]      scan-1133 get_device_data       : No context for object [ffff88040d825b90]
[    0.149001]      scan-1133 get_device_data       : No context for object [ffff88040d825bb8]
[    0.149001]      scan-1133 get_device_data       : No context for object [ffff88040d825be0]
[    0.149001]     utils-0051 util_eval_error       : Evaluate [\_SB_.PCI0.PB6_.XPDV._STA]: AE_NOT_FOUND
[    0.149039] device: 'device:0e': device_add
[    0.149047] bus: 'acpi': add device device:0e
[    0.149066]     utils-0051 util_eval_error       : Evaluate [\_SB_.PCI0.PB6_.XPDV._SUN]: AE_NOT_FOUND
[    0.149084]      scan-1922 add_single_object     : Added device:0e [\_SB_.PCI0.PB6_.XPDV] parent device:0d
[    0.149096]      scan-1133 get_device_data       : No context for object [ffff88040d825c08]
[    0.149105]      scan-1133 get_device_data       : No context for object [ffff88040d825c30]
[    0.149113]      scan-1133 get_device_data       : No context for object [ffff88040d825c58]
[    0.149121]      scan-1133 get_device_data       : No context for object [ffff88040d825c80]
[    0.149129]      scan-1133 get_device_data       : No context for object [ffff88040d825ca8]
[    0.149138]      scan-1133 get_device_data       : No context for object [ffff88040d837550]
[    0.149146]      scan-1133 get_device_data       : No context for object [ffff88040d825cd0]
[    0.149154]      scan-1133 get_device_data       : No context for object [ffff88040d825cf8]
[    0.149164]     utils-0051 util_eval_error       : Evaluate [\_SB_.PCI0.PB7_._STA]: AE_NOT_FOUND
[    0.149270] device: 'device:0f': device_add
[    0.149278] bus: 'acpi': add device device:0f
[    0.149297]     utils-0051 util_eval_error       : Evaluate [\_SB_.PCI0.PB7_._SUN]: AE_NOT_FOUND
[    0.149314]      scan-1922 add_single_object     : Added device:0f [\_SB_.PCI0.PB7_] parent PNP0A08:00
[    0.149327]      scan-1133 get_device_data       : No context for object [ffff88040d825d20]
[    0.149335]      scan-1133 get_device_data       : No context for object [ffff88040d825d48]
[    0.149344]      scan-1133 get_device_data       : No context for object [ffff88040d825d70]
[    0.149352]      scan-1133 get_device_data       : No context for object [ffff88040d825d98]
[    0.149361]      scan-1133 get_device_data       : No context for object [ffff88040d825dc0]
[    0.149369]      scan-1133 get_device_data       : No context for object [ffff88040d825de8]
[    0.149378]      scan-1133 get_device_data       : No context for object [ffff88040d825e10]
[    0.149386]      scan-1133 get_device_data       : No context for object [ffff88040d825e38]
[    0.149394]      scan-1133 get_device_data       : No context for object [ffff88040d825e60]
[    0.149403]      scan-1133 get_device_data       : No context for object [ffff88040d825e88]
[    0.149411]      scan-1133 get_device_data       : No context for object [ffff88040d825eb0]
[    0.149420]      scan-1133 get_device_data       : No context for object [ffff88040d825ed8]
[    0.149428]      scan-1133 get_device_data       : No context for object [ffff88040d825f00]
[    0.149436]      scan-1133 get_device_data       : No context for object [ffff88040d825f28]
[    0.149445]      scan-1133 get_device_data       : No context for object [ffff88040d825f50]
[    0.149453]      scan-1133 get_device_data       : No context for object [ffff88040d825f78]
[    0.149461]      scan-1133 get_device_data       : No context for object [ffff88040d825fa0]
[    0.149470]      scan-1133 get_device_data       : No context for object [ffff88040d825fc8]
[    0.149478]      scan-1133 get_device_data       : No context for object [ffff88040d827000]
[    0.149486]      scan-1133 get_device_data       : No context for object [ffff88040d827028]
[    0.149495]      scan-1133 get_device_data       : No context for object [ffff88040d827050]
[    0.149503]      scan-1133 get_device_data       : No context for object [ffff88040d827078]
[    0.149511]      scan-1133 get_device_data       : No context for object [ffff88040d8270a0]
[    0.149520]      scan-1133 get_device_data       : No context for object [ffff88040d8270c8]
[    0.149528]      scan-1133 get_device_data       : No context for object [ffff88040d8270f0]
[    0.149536]      scan-1133 get_device_data       : No context for object [ffff88040d827118]
[    0.149545]      scan-1133 get_device_data       : No context for object [ffff88040d827140]
[    0.149553]      scan-1133 get_device_data       : No context for object [ffff88040d827168]
[    0.149561]      scan-1133 get_device_data       : No context for object [ffff88040d827190]
[    0.149570]      scan-1133 get_device_data       : No context for object [ffff88040d8271b8]
[    0.149578]      scan-1133 get_device_data       : No context for object [ffff88040d8271e0]
[    0.149588]     utils-0051 util_eval_error       : Evaluate [\_SB_.PCI0.PB7_.XPDV._STA]: AE_NOT_FOUND
[    0.149631] device: 'device:10': device_add
[    0.149639] bus: 'acpi': add device device:10
[    0.149660]     utils-0051 util_eval_error       : Evaluate [\_SB_.PCI0.PB7_.XPDV._SUN]: AE_NOT_FOUND
[    0.150001]      scan-1922 add_single_object     : Added device:10 [\_SB_.PCI0.PB7_.XPDV] parent device:0f
[    0.150001]      scan-1133 get_device_data       : No context for object [ffff88040d827208]
[    0.150001]      scan-1133 get_device_data       : No context for object [ffff88040d827230]
[    0.150001]      scan-1133 get_device_data       : No context for object [ffff88040d827258]
[    0.150001]      scan-1133 get_device_data       : No context for object [ffff88040d827280]
[    0.150001]      scan-1133 get_device_data       : No context for object [ffff88040d8272a8]
[    0.150001]      scan-1133 get_device_data       : No context for object [ffff88040d837488]
[    0.150001]      scan-1133 get_device_data       : No context for object [ffff88040d8272d0]
[    0.150001]      scan-1133 get_device_data       : No context for object [ffff88040d8272f8]
[    0.150001]     utils-0051 util_eval_error       : Evaluate [\_SB_.PCI0.OHC1._STA]: AE_NOT_FOUND
[    0.150001] device: 'device:11': device_add
[    0.150001] bus: 'acpi': add device device:11
[    0.150001]     utils-0051 util_eval_error       : Evaluate [\_SB_.PCI0.OHC1._SUN]: AE_NOT_FOUND
[    0.150015]      scan-1922 add_single_object     : Added device:11 [\_SB_.PCI0.OHC1] parent PNP0A08:00
[    0.150015]      scan-1133 get_device_data       : No context for object [ffff88040d827320]
[    0.150015]      scan-1133 get_device_data       : No context for object [ffff88040d827348]
[    0.150015]      scan-1133 get_device_data       : No context for object [ffff88040d83b2f8]
[    0.150015]     utils-0051 util_eval_error       : Evaluate [\_SB_.PCI0.OHC1.RHUB._STA]: AE_NOT_FOUND
[    0.150015] device: 'device:12': device_add
[    0.150015] bus: 'acpi': add device device:12
[    0.150015]     utils-0051 util_eval_error       : Evaluate [\_SB_.PCI0.OHC1.RHUB._SUN]: AE_NOT_FOUND
[    0.150029]      scan-1922 add_single_object     : Added device:12 [\_SB_.PCI0.OHC1.RHUB] parent device:11
[    0.150041]      scan-1133 get_device_data       : No context for object [ffff88040d83b320]
[    0.150050]      scan-1133 get_device_data       : No context for object [ffff88040d83b348]
[    0.150060]     utils-0051 util_eval_error       : Evaluate [\_SB_.PCI0.OHC1.RHUB.PRT3._STA]: AE_NOT_FOUND
[    0.150102] device: 'device:13': device_add
[    0.150109] bus: 'acpi': add device device:13
[    0.150131]     utils-0051 util_eval_error       : Evaluate [\_SB_.PCI0.OHC1.RHUB.PRT3._SUN]: AE_NOT_FOUND
[    0.150149]      scan-1922 add_single_object     : Added device:13 [\_SB_.PCI0.OHC1.RHUB.PRT3] parent device:12
[    0.150161]      scan-1133 get_device_data       : No context for object [ffff88040d83b370]
[    0.150170]      scan-1133 get_device_data       : No context for object [ffff88040d83b398]
[    0.150178]      scan-1133 get_device_data       : No context for object [ffff88040d83b3c0]
[    0.150186]      scan-1133 get_device_data       : No context for object [ffff88040d83b3e8]
[    0.150196]     utils-0051 util_eval_error       : Evaluate [\_SB_.PCI0.OHC1.RHUB.PRT4._STA]: AE_NOT_FOUND
[    0.150239] device: 'device:14': device_add
[    0.150246] bus: 'acpi': add device device:14
[    0.150265]     utils-0051 util_eval_error       : Evaluate [\_SB_.PCI0.OHC1.RHUB.PRT4._SUN]: AE_NOT_FOUND
[    0.150283]      scan-1922 add_single_object     : Added device:14 [\_SB_.PCI0.OHC1.RHUB.PRT4] parent device:12
[    0.150295]      scan-1133 get_device_data       : No context for object [ffff88040d83b410]
[    0.150304]      scan-1133 get_device_data       : No context for object [ffff88040d83b438]
[    0.150312]      scan-1133 get_device_data       : No context for object [ffff88040d83b460]
[    0.150321]      scan-1133 get_device_data       : No context for object [ffff88040d827370]
[    0.150331]     utils-0051 util_eval_error       : Evaluate [\_SB_.PCI0.EHC1._STA]: AE_NOT_FOUND
[    0.150434] device: 'device:15': device_add
[    0.150442] bus: 'acpi': add device device:15
[    0.150461]     utils-0051 util_eval_error       : Evaluate [\_SB_.PCI0.EHC1._SUN]: AE_NOT_FOUND
[    0.150479]      scan-1922 add_single_object     : Added device:15 [\_SB_.PCI0.EHC1] parent PNP0A08:00
[    0.150491]      scan-1133 get_device_data       : No context for object [ffff88040d827398]
[    0.150499]      scan-1133 get_device_data       : No context for object [ffff88040d8273c0]
[    0.150508]      scan-1133 get_device_data       : No context for object [ffff88040d83b028]
[    0.150517]     utils-0051 util_eval_error       : Evaluate [\_SB_.PCI0.EHC1.RHUB._STA]: AE_NOT_FOUND
[    0.150559] device: 'device:16': device_add
[    0.150569] bus: 'acpi': add device device:16
[    0.150588]     utils-0051 util_eval_error       : Evaluate [\_SB_.PCI0.EHC1.RHUB._SUN]: AE_NOT_FOUND
[    0.150605]      scan-1922 add_single_object     : Added device:16 [\_SB_.PCI0.EHC1.RHUB] parent device:15
[    0.150617]      scan-1133 get_device_data       : No context for object [ffff88040d83b050]
[    0.150626]      scan-1133 get_device_data       : No context for object [ffff88040d83b078]
[    0.150635]     utils-0051 util_eval_error       : Evaluate [\_SB_.PCI0.EHC1.RHUB.PRT3._STA]: AE_NOT_FOUND
[    0.150678] device: 'device:17': device_add
[    0.150685] bus: 'acpi': add device device:17
[    0.150704]     utils-0051 util_eval_error       : Evaluate [\_SB_.PCI0.EHC1.RHUB.PRT3._SUN]: AE_NOT_FOUND
[    0.151003]      scan-1922 add_single_object     : Added device:17 [\_SB_.PCI0.EHC1.RHUB.PRT3] parent device:16
[    0.151003]      scan-1133 get_device_data       : No context for object [ffff88040d83b0a0]
[    0.151003]      scan-1133 get_device_data       : No context for object [ffff88040d83b0c8]
[    0.151003]      scan-1133 get_device_data       : No context for object [ffff88040d83b0f0]
[    0.151003]      scan-1133 get_device_data       : No context for object [ffff88040d83b118]
[    0.151003]     utils-0051 util_eval_error       : Evaluate [\_SB_.PCI0.EHC1.RHUB.PRT4._STA]: AE_NOT_FOUND
[    0.151003] device: 'device:18': device_add
[    0.151003] bus: 'acpi': add device device:18
[    0.151003]     utils-0051 util_eval_error       : Evaluate [\_SB_.PCI0.EHC1.RHUB.PRT4._SUN]: AE_NOT_FOUND
[    0.151015]      scan-1922 add_single_object     : Added device:18 [\_SB_.PCI0.EHC1.RHUB.PRT4] parent device:16
[    0.151015]      scan-1133 get_device_data       : No context for object [ffff88040d83b140]
[    0.151015]      scan-1133 get_device_data       : No context for object [ffff88040d83b168]
[    0.151015]      scan-1133 get_device_data       : No context for object [ffff88040d83b190]
[    0.151015]      scan-1133 get_device_data       : No context for object [ffff88040d8273e8]
[    0.151015]     utils-0051 util_eval_error       : Evaluate [\_SB_.PCI0.OHC2._STA]: AE_NOT_FOUND
[    0.151015] device: 'device:19': device_add
[    0.151020] bus: 'acpi': add device device:19
[    0.151039]     utils-0051 util_eval_error       : Evaluate [\_SB_.PCI0.OHC2._SUN]: AE_NOT_FOUND
[    0.151057]      scan-1922 add_single_object     : Added device:19 [\_SB_.PCI0.OHC2] parent PNP0A08:00
[    0.151069]      scan-1133 get_device_data       : No context for object [ffff88040d827410]
[    0.151077]      scan-1133 get_device_data       : No context for object [ffff88040d827438]
[    0.151086]      scan-1133 get_device_data       : No context for object [ffff88040d83b488]
[    0.151095]     utils-0051 util_eval_error       : Evaluate [\_SB_.PCI0.OHC2.RHUB._STA]: AE_NOT_FOUND
[    0.151137] device: 'device:1a': device_add
[    0.151144] bus: 'acpi': add device device:1a
[    0.151163]     utils-0051 util_eval_error       : Evaluate [\_SB_.PCI0.OHC2.RHUB._SUN]: AE_NOT_FOUND
[    0.151180]      scan-1922 add_single_object     : Added device:1a [\_SB_.PCI0.OHC2.RHUB] parent device:19
[    0.151192]      scan-1133 get_device_data       : No context for object [ffff88040d83b4b0]
[    0.151201]      scan-1133 get_device_data       : No context for object [ffff88040d83b4d8]
[    0.151210]     utils-0051 util_eval_error       : Evaluate [\_SB_.PCI0.OHC2.RHUB.PRT4._STA]: AE_NOT_FOUND
[    0.151254] device: 'device:1b': device_add
[    0.151261] bus: 'acpi': add device device:1b
[    0.151283]     utils-0051 util_eval_error       : Evaluate [\_SB_.PCI0.OHC2.RHUB.PRT4._SUN]: AE_NOT_FOUND
[    0.151302]      scan-1922 add_single_object     : Added device:1b [\_SB_.PCI0.OHC2.RHUB.PRT4] parent device:1a
[    0.151315]      scan-1133 get_device_data       : No context for object [ffff88040d83b500]
[    0.151324]      scan-1133 get_device_data       : No context for object [ffff88040d83b528]
[    0.151332]      scan-1133 get_device_data       : No context for object [ffff88040d83b550]
[    0.151341]      scan-1133 get_device_data       : No context for object [ffff88040d827460]
[    0.151350]     utils-0051 util_eval_error       : Evaluate [\_SB_.PCI0.EHC2._STA]: AE_NOT_FOUND
[    0.151451] device: 'device:1c': device_add
[    0.151459] bus: 'acpi': add device device:1c
[    0.151478]     utils-0051 util_eval_error       : Evaluate [\_SB_.PCI0.EHC2._SUN]: AE_NOT_FOUND
[    0.151495]      scan-1922 add_single_object     : Added device:1c [\_SB_.PCI0.EHC2] parent PNP0A08:00
[    0.151507]      scan-1133 get_device_data       : No context for object [ffff88040d827488]
[    0.151516]      scan-1133 get_device_data       : No context for object [ffff88040d8274b0]
[    0.151524]      scan-1133 get_device_data       : No context for object [ffff88040d83b1b8]
[    0.151534]     utils-0051 util_eval_error       : Evaluate [\_SB_.PCI0.EHC2.RHUB._STA]: AE_NOT_FOUND
[    0.151575] device: 'device:1d': device_add
[    0.151583] bus: 'acpi': add device device:1d
[    0.151602]     utils-0051 util_eval_error       : Evaluate [\_SB_.PCI0.EHC2.RHUB._SUN]: AE_NOT_FOUND
[    0.151620]      scan-1922 add_single_object     : Added device:1d [\_SB_.PCI0.EHC2.RHUB] parent device:1c
[    0.151632]      scan-1133 get_device_data       : No context for object [ffff88040d83b1e0]
[    0.151641]      scan-1133 get_device_data       : No context for object [ffff88040d83b208]
[    0.151650]     utils-0051 util_eval_error       : Evaluate [\_SB_.PCI0.EHC2.RHUB.PRT2._STA]: AE_NOT_FOUND
[    0.151693] device: 'device:1e': device_add
[    0.151700] bus: 'acpi': add device device:1e
[    0.151722]     utils-0051 util_eval_error       : Evaluate [\_SB_.PCI0.EHC2.RHUB.PRT2._SUN]: AE_NOT_FOUND
[    0.152001]      scan-1922 add_single_object     : Added device:1e [\_SB_.PCI0.EHC2.RHUB.PRT2] parent device:1d
[    0.152001]      scan-1133 get_device_data       : No context for object [ffff88040d83b230]
[    0.152001]      scan-1133 get_device_data       : No context for object [ffff88040d83b258]
[    0.152001]      scan-1133 get_device_data       : No context for object [ffff88040d83b280]
[    0.152001]      scan-1133 get_device_data       : No context for object [ffff88040d8274d8]
[    0.152001]     utils-0051 util_eval_error       : Evaluate [\_SB_.PCI0.OHC3._STA]: AE_NOT_FOUND
[    0.152001] device: 'device:1f': device_add
[    0.152001] bus: 'acpi': add device device:1f
[    0.152001]     utils-0051 util_eval_error       : Evaluate [\_SB_.PCI0.OHC3._SUN]: AE_NOT_FOUND
[    0.152017]      scan-1922 add_single_object     : Added device:1f [\_SB_.PCI0.OHC3] parent PNP0A08:00
[    0.152017]      scan-1133 get_device_data       : No context for object [ffff88040d827500]
[    0.152017]      scan-1133 get_device_data       : No context for object [ffff88040d827528]
[    0.152017]      scan-1133 get_device_data       : No context for object [ffff88040d83b578]
[    0.152017]     utils-0051 util_eval_error       : Evaluate [\_SB_.PCI0.OHC3.RHUB._STA]: AE_NOT_FOUND
[    0.152017] device: 'device:20': device_add
[    0.152024] bus: 'acpi': add device device:20
[    0.152044]     utils-0051 util_eval_error       : Evaluate [\_SB_.PCI0.OHC3.RHUB._SUN]: AE_NOT_FOUND
[    0.152061]      scan-1922 add_single_object     : Added device:20 [\_SB_.PCI0.OHC3.RHUB] parent device:1f
[    0.152074]      scan-1133 get_device_data       : No context for object [ffff88040d83b5a0]
[    0.152082]      scan-1133 get_device_data       : No context for object [ffff88040d827550]
[    0.152092]     utils-0051 util_eval_error       : Evaluate [\_SB_.PCI0.EHC3._STA]: AE_NOT_FOUND
[    0.152192] device: 'device:21': device_add
[    0.152200] bus: 'acpi': add device device:21
[    0.152221]     utils-0051 util_eval_error       : Evaluate [\_SB_.PCI0.EHC3._SUN]: AE_NOT_FOUND
[    0.152239]      scan-1922 add_single_object     : Added device:21 [\_SB_.PCI0.EHC3] parent PNP0A08:00
[    0.152251]      scan-1133 get_device_data       : No context for object [ffff88040d827578]
[    0.152259]      scan-1133 get_device_data       : No context for object [ffff88040d8275a0]
[    0.152268]      scan-1133 get_device_data       : No context for object [ffff88040d83b2a8]
[    0.152277]     utils-0051 util_eval_error       : Evaluate [\_SB_.PCI0.EHC3.RHUB._STA]: AE_NOT_FOUND
[    0.152319] device: 'device:22': device_add
[    0.152327] bus: 'acpi': add device device:22
[    0.152346]     utils-0051 util_eval_error       : Evaluate [\_SB_.PCI0.EHC3.RHUB._SUN]: AE_NOT_FOUND
[    0.152363]      scan-1922 add_single_object     : Added device:22 [\_SB_.PCI0.EHC3.RHUB] parent device:21
[    0.152375]      scan-1133 get_device_data       : No context for object [ffff88040d83b2d0]
[    0.152384]      scan-1133 get_device_data       : No context for object [ffff88040d8275c8]
[    0.152393]     utils-0051 util_eval_error       : Evaluate [\_SB_.PCI0.OHC4._STA]: AE_NOT_FOUND
[    0.152461] device: 'device:23': device_add
[    0.152469] bus: 'acpi': add device device:23
[    0.152488]     utils-0051 util_eval_error       : Evaluate [\_SB_.PCI0.OHC4._SUN]: AE_NOT_FOUND
[    0.152505]      scan-1922 add_single_object     : Added device:23 [\_SB_.PCI0.OHC4] parent PNP0A08:00
[    0.152517]      scan-1133 get_device_data       : No context for object [ffff88040d8275f0]
[    0.152525]      scan-1133 get_device_data       : No context for object [ffff88040d827618]
[    0.152534]      scan-1133 get_device_data       : No context for object [ffff88040d827640]
[    0.152543]     utils-0051 util_eval_error       : Evaluate [\_SB_.PCI0.SBAZ._STA]: AE_NOT_FOUND
[    0.152643] device: 'device:24': device_add
[    0.152651] bus: 'acpi': add device device:24
[    0.152673]     utils-0051 util_eval_error       : Evaluate [\_SB_.PCI0.SBAZ._SUN]: AE_NOT_FOUND
[    0.153001]      scan-1922 add_single_object     : Added device:24 [\_SB_.PCI0.SBAZ] parent PNP0A08:00
[    0.153001]      scan-1133 get_device_data       : No context for object [ffff88040d827668]
[    0.153001]      scan-1133 get_device_data       : No context for object [ffff88040d827690]
[    0.153001]      scan-1133 get_device_data       : No context for object [ffff88040d8276b8]
[    0.153001]     utils-0051 util_eval_error       : Evaluate [\_SB_.PCI0.GEC_._STA]: AE_NOT_FOUND
[    0.153001] device: 'device:25': device_add
[    0.153001] bus: 'acpi': add device device:25
[    0.153001]     utils-0051 util_eval_error       : Evaluate [\_SB_.PCI0.GEC_._SUN]: AE_NOT_FOUND
[    0.153017]      scan-1922 add_single_object     : Added device:25 [\_SB_.PCI0.GEC_] parent PNP0A08:00
[    0.153017]      scan-1133 get_device_data       : No context for object [ffff88040d8276e0]
[    0.153017]      scan-1133 get_device_data       : No context for object [ffff88040d827708]
[    0.153017]      scan-1133 get_device_data       : No context for object [ffff88040d827730]
[    0.153017]      scan-1133 get_device_data       : No context for object [ffff88040d827758]
[    0.153017]      scan-1133 get_device_data       : No context for object [ffff88040d827780]
[    0.153017]      scan-1133 get_device_data       : No context for object [ffff88040d8277a8]
[    0.153017]      scan-1133 get_device_data       : No context for object [ffff88040d8277d0]
[    0.153017]      scan-1133 get_device_data       : No context for object [ffff88040d8277f8]
[    0.153017]      scan-1133 get_device_data       : No context for object [ffff88040d827820]
[    0.153017]     utils-0051 util_eval_error       : Evaluate [\_SB_.PCI0.SATA._STA]: AE_NOT_FOUND
[    0.153041] device: 'device:26': device_add
[    0.153049] bus: 'acpi': add device device:26
[    0.153069]     utils-0051 util_eval_error       : Evaluate [\_SB_.PCI0.SATA._SUN]: AE_NOT_FOUND
[    0.153087]      scan-1922 add_single_object     : Added device:26 [\_SB_.PCI0.SATA] parent PNP0A08:00
[    0.153100]      scan-1133 get_device_data       : No context for object [ffff88040d827848]
[    0.153109]      scan-1133 get_device_data       : No context for object [ffff88040d827870]
[    0.153118]      scan-1133 get_device_data       : No context for object [ffff88040d827898]
[    0.153126]      scan-1133 get_device_data       : No context for object [ffff88040d8278c0]
[    0.153134]      scan-1133 get_device_data       : No context for object [ffff88040d8278e8]
[    0.153143]      scan-1133 get_device_data       : No context for object [ffff88040d827910]
[    0.153151]      scan-1133 get_device_data       : No context for object [ffff88040d827938]
[    0.153159]      scan-1133 get_device_data       : No context for object [ffff88040d827960]
[    0.153168]      scan-1133 get_device_data       : No context for object [ffff88040d827988]
[    0.153176]      scan-1133 get_device_data       : No context for object [ffff88040d8279b0]
[    0.153185]      scan-1133 get_device_data       : No context for object [ffff88040d8279d8]
[    0.153193]      scan-1133 get_device_data       : No context for object [ffff88040d827a00]
[    0.153201]      scan-1133 get_device_data       : No context for object [ffff88040d827a28]
[    0.153210]      scan-1133 get_device_data       : No context for object [ffff88040d827a50]
[    0.153218]      scan-1133 get_device_data       : No context for object [ffff88040d827a78]
[    0.153226]      scan-1133 get_device_data       : No context for object [ffff88040d827aa0]
[    0.153235]      scan-1133 get_device_data       : No context for object [ffff88040d827ac8]
[    0.153243]      scan-1133 get_device_data       : No context for object [ffff88040d827af0]
[    0.153251]      scan-1133 get_device_data       : No context for object [ffff88040d827b18]
[    0.153260]      scan-1133 get_device_data       : No context for object [ffff88040d827b40]
[    0.153268]      scan-1133 get_device_data       : No context for object [ffff88040d827b68]
[    0.153276]      scan-1133 get_device_data       : No context for object [ffff88040d827b90]
[    0.153285]      scan-1133 get_device_data       : No context for object [ffff88040d827bb8]
[    0.153293]      scan-1133 get_device_data       : No context for object [ffff88040d827be0]
[    0.153301]      scan-1133 get_device_data       : No context for object [ffff88040d827c08]
[    0.153309]      scan-1133 get_device_data       : No context for object [ffff88040d827c30]
[    0.153318]      scan-1133 get_device_data       : No context for object [ffff88040d827c58]
[    0.153326]      scan-1133 get_device_data       : No context for object [ffff88040d827c80]
[    0.153335]      scan-1133 get_device_data       : No context for object [ffff88040d827ca8]
[    0.153343]      scan-1133 get_device_data       : No context for object [ffff88040d827cd0]
[    0.153351]      scan-1133 get_device_data       : No context for object [ffff88040d827cf8]
[    0.153360]      scan-1133 get_device_data       : No context for object [ffff88040d827d20]
[    0.153368]      scan-1133 get_device_data       : No context for object [ffff88040d827d48]
[    0.153376]      scan-1133 get_device_data       : No context for object [ffff88040d827d70]
[    0.153385]      scan-1133 get_device_data       : No context for object [ffff88040d827d98]
[    0.153393]      scan-1133 get_device_data       : No context for object [ffff88040d827dc0]
[    0.153401]      scan-1133 get_device_data       : No context for object [ffff88040d827de8]
[    0.153410]      scan-1133 get_device_data       : No context for object [ffff88040d827e10]
[    0.153418]      scan-1133 get_device_data       : No context for object [ffff88040d827e38]
[    0.153426]      scan-1133 get_device_data       : No context for object [ffff88040d827e60]
[    0.153435]      scan-1133 get_device_data       : No context for object [ffff88040d827e88]
[    0.153443]      scan-1133 get_device_data       : No context for object [ffff88040d827eb0]
[    0.153451]      scan-1133 get_device_data       : No context for object [ffff88040d827ed8]
[    0.153459]      scan-1133 get_device_data       : No context for object [ffff88040d827f00]
[    0.153468]      scan-1133 get_device_data       : No context for object [ffff88040d827f28]
[    0.153477]     utils-0051 util_eval_error       : Evaluate [\_SB_.PCI0.SATA.PRID._STA]: AE_NOT_FOUND
[    0.153529] device_pm-0128 device_get_power      : Device [PRID] power state is (unknown)
[    0.153540] device: 'device:27': device_add
[    0.153550] bus: 'acpi': add device device:27
[    0.153570]     utils-0051 util_eval_error       : Evaluate [\_SB_.PCI0.SATA.PRID._SUN]: AE_NOT_FOUND
[    0.153588]      scan-1922 add_single_object     : Added device:27 [\_SB_.PCI0.SATA.PRID] parent device:26
[    0.153601]      scan-1133 get_device_data       : No context for object [ffff88040d827f50]
