[    0.027940] mce: CPU supports 6 MCE banks
[    0.146117] MCE: In-kernel MCE decoding enabled.
[    1.661866] device: 'mcelog': device_add
[    0.000000] Initializing cgroup subsys cpuset
[    0.000000] Initializing cgroup subsys cpu
[    0.000000] Initializing cgroup subsys cpuacct
[    0.000000] Linux version 3.15.4-1-MANJARO (emacs@manji) (gcc version 4.9.0 20140604 (prerelease) (GCC) ) #15 SMP PREEMPT Sat Jul 12 04:33:40 CEST 2014
[    0.000000] Command line: BOOT_IMAGE=/vmlinuz-315-x86_64 root=UUID=bfa4ab6e-19a3-4601-ba2b-267c55841c73 rw cryptdevice=/dev/disk/by-uuid/70c08890-417a-497d-b6ab-c0d0357a63e2:cryptManjaro:allow-discards ipv6.disable=1 pnp.debug=1 loglevel=9 log_buf_len=10M printk.always_kmsg_dump=y printk.time=y mminit_loglevel=0 memory_corruption_check=1 fbcon=scrollback:4096k fbcon=font:ProFont6x11 acpi.debug_layer=0xfbff0000 acpi.debug_level=0xFFFFFFFD pnp.debug=1 radeon.dpm=1 radeonfb
[    0.000000] e820: BIOS-provided physical RAM map:
[    0.000000] BIOS-e820: [mem 0x0000000000000000-0x000000000009d7ff] usable
[    0.000000] BIOS-e820: [mem 0x000000000009d800-0x000000000009ffff] reserved
[    0.000000] BIOS-e820: [mem 0x00000000000e0000-0x00000000000fffff] reserved
[    0.000000] BIOS-e820: [mem 0x0000000000100000-0x00000000bed9afff] usable
[    0.000000] BIOS-e820: [mem 0x00000000bed9b000-0x00000000bf39afff] reserved
[    0.000000] BIOS-e820: [mem 0x00000000bf39b000-0x00000000bf49afff] ACPI NVS
[    0.000000] BIOS-e820: [mem 0x00000000bf49b000-0x00000000bf51afff] ACPI data
[    0.000000] BIOS-e820: [mem 0x00000000bf51b000-0x00000000bfdfffff] usable
[    0.000000] BIOS-e820: [mem 0x00000000bfe00000-0x00000000bfffffff] reserved
[    0.000000] BIOS-e820: [mem 0x00000000fec00000-0x00000000fecfffff] reserved
[    0.000000] BIOS-e820: [mem 0x00000000fed80000-0x00000000fed80fff] reserved
[    0.000000] BIOS-e820: [mem 0x00000000ffe00000-0x00000000ffffffff] reserved
[    0.000000] BIOS-e820: [mem 0x0000000100000000-0x000000041effffff] usable
[    0.000000] NX (Execute Disable) protection: active
[    0.000000] SMBIOS 2.6 present.
[    0.000000] DMI: LENOVO Sabine/Torpedo, BIOS 54CN18WW 07/20/2011
[    0.000000] e820: update [mem 0x00000000-0x00000fff] usable ==> reserved
[    0.000000] e820: remove [mem 0x000a0000-0x000fffff] usable
[    0.000000] e820: last_pfn = 0x41f000 max_arch_pfn = 0x400000000
[    0.000000] MTRR default type: uncachable
[    0.000000] MTRR fixed ranges enabled:
[    0.000000]   00000-9FFFF write-back
[    0.000000]   A0000-BFFFF uncachable
[    0.000000]   C0000-FFFFF write-protect
[    0.000000] MTRR variable ranges enabled:
[    0.000000]   0 base 0000000000 mask FF80000000 write-back
[    0.000000]   1 base 0080000000 mask FFC0000000 write-back
[    0.000000]   2 base 00FFF90000 mask FFFFFF0000 uncachable
[    0.000000]   3 base 00FED80000 mask 0FFFFFF000 uncachable
[    0.000000]   4 disabled
[    0.000000]   5 disabled
[    0.000000]   6 disabled
[    0.000000]   7 base 00FFE00000 mask FFFFE00000 write-protect
[    0.000000] TOM2: 000000041f000000 aka 16880M
[    0.000000] x86 PAT enabled: cpu 0, old 0x7040600070406, new 0x7010600070106
[    0.000000] mtrr: your BIOS has configured an incorrect mask, fixing it.
[    0.000000] e820: last_pfn = 0xbfe00 max_arch_pfn = 0x400000000
[    0.000000] found SMP MP-table at [mem 0x000fa8b0-0x000fa8bf] mapped at [ffff8800000fa8b0]
[    0.000000] Scanning 1 areas for low memory corruption
[    0.000000] Base memory trampoline at [ffff880000097000] 97000 size 24576
[    0.000000] Using GB pages for direct mapping
[    0.000000] init_memory_mapping: [mem 0x00000000-0x000fffff]
[    0.000000]  [mem 0x00000000-0x000fffff] page 4k
[    0.000000] BRK [0x23464000, 0x23464fff] PGTABLE
[    0.000000] BRK [0x23465000, 0x23465fff] PGTABLE
[    0.000000] BRK [0x23466000, 0x23466fff] PGTABLE
[    0.000000] init_memory_mapping: [mem 0x41ee00000-0x41effffff]
[    0.000000]  [mem 0x41ee00000-0x41effffff] page 2M
[    0.000000] BRK [0x23467000, 0x23467fff] PGTABLE
[    0.000000] init_memory_mapping: [mem 0x41c000000-0x41edfffff]
[    0.000000]  [mem 0x41c000000-0x41edfffff] page 2M
[    0.000000] init_memory_mapping: [mem 0x400000000-0x41bffffff]
[    0.000000]  [mem 0x400000000-0x41bffffff] page 2M
[    0.000000] init_memory_mapping: [mem 0x00100000-0xbed9afff]
[    0.000000]  [mem 0x00100000-0x001fffff] page 4k
[    0.000000]  [mem 0x00200000-0x3fffffff] page 2M
[    0.000000]  [mem 0x40000000-0x7fffffff] page 1G
[    0.000000]  [mem 0x80000000-0xbebfffff] page 2M
[    0.000000]  [mem 0xbec00000-0xbed9afff] page 4k
[    0.000000] init_memory_mapping: [mem 0xbf51b000-0xbfdfffff]
[    0.000000]  [mem 0xbf51b000-0xbf5fffff] page 4k
[    0.000000]  [mem 0xbf600000-0xbfdfffff] page 2M
[    0.000000] BRK [0x23468000, 0x23468fff] PGTABLE
[    0.000000] init_memory_mapping: [mem 0x100000000-0x3ffffffff]
[    0.000000]  [mem 0x100000000-0x3ffffffff] page 1G
[    0.000000] log_buf_len: 16777216
[    0.000000] early log buf free: 2092300(99%)
[    0.000000] RAMDISK: [mem 0x37880000-0x37c37fff]
[    0.000000] ACPI: RSDP 0x00000000000F0110 000024 (v02 LENOVO)
[    0.000000] ACPI: XSDT 0x00000000BF51A120 000074 (v01 LENOVO CB-01    00000001 LENO 00000001)
[    0.000000] ACPI: FACP 0x00000000BF508000 0000F4 (v04 LENOVO CB-01    00000001 PTL  00000001)
[    0.000000] ACPI: DSDT 0x00000000BF50A000 00FD10 (v01 LENOVO CB-01    00001000 LENO 00000001)
[    0.000000] ACPI: FACS 0x00000000BF478000 000040
[    0.000000] ACPI: HPET 0x00000000BF507000 000038 (v01 LENOVO CB-01    00000001 PTL  00000001)
[    0.000000] ACPI: APIC 0x00000000BF506000 00007A (v02 LENOVO CB-01    00000001 PTL  00000001)
[    0.000000] ACPI: MCFG 0x00000000BF505000 00003C (v01 LENOVO CB-01    00000001 PTL  00000001)
[    0.000000] ACPI: SLIC 0x00000000BF504000 000176 (v01 LENOVO CB-01    00000001 LENO 00000001)
[    0.000000] ACPI: UEFI 0x00000000BF503000 00003E (v01 LENOVO CB-01    00000001 PTL  00000001)
[    0.000000] ACPI: UEFI 0x00000000BF502000 000042 (v01 PTL    COMBUF   00000001 PTL  00000001)
[    0.000000] ACPI: SSDT 0x00000000BF501000 000E34 (v01 AMD    POWERNOW 00000001 AMD  00000001)
[    0.000000] ACPI: SSDT 0x00000000BF4FF000 00193D (v02 AMD    ALIB     00000001 MSFT 04000000)
[    0.000000] ACPI: UEFI 0x00000000BF4FE000 00021A (v01 LENOVO CB-01    00000001 PTL  00000001)
[    0.000000] ACPI: Local APIC address 0xfee00000
[    0.000000] No NUMA configuration found
[    0.000000] Faking a node at [mem 0x0000000000000000-0x000000041effffff]
[    0.000000] Initmem setup node 0 [mem 0x00000000-0x41effffff]
[    0.000000]   NODE_DATA [mem 0x41dffa000-0x41dffdfff]
[    0.000000]  [ffffea0000000000-ffffea00107fffff] PMD -> [ffff88040de00000-ffff88041d5fffff] on node 0
[    0.000000] Zone ranges:
[    0.000000]   DMA      [mem 0x00001000-0x00ffffff]
[    0.000000]   DMA32    [mem 0x01000000-0xffffffff]
[    0.000000]   Normal   [mem 0x100000000-0x41effffff]
[    0.000000] Movable zone start for each node
[    0.000000] Early memory node ranges
[    0.000000]   node   0: [mem 0x00001000-0x0009cfff]
[    0.000000]   node   0: [mem 0x00100000-0xbed9afff]
[    0.000000]   node   0: [mem 0xbf51b000-0xbfdfffff]
[    0.000000]   node   0: [mem 0x100000000-0x41effffff]
[    0.000000] On node 0 totalpages: 4056604
[    0.000000]   DMA zone: 64 pages used for memmap
[    0.000000]   DMA zone: 21 pages reserved
[    0.000000]   DMA zone: 3996 pages, LIFO batch:0
[    0.000000]   DMA32 zone: 12186 pages used for memmap
[    0.000000]   DMA32 zone: 779904 pages, LIFO batch:31
[    0.000000]   Normal zone: 51136 pages used for memmap
[    0.000000]   Normal zone: 3272704 pages, LIFO batch:31
[    0.000000] ACPI: PM-Timer IO Port: 0x808
[    0.000000] ACPI: Local APIC address 0xfee00000
[    0.000000] ACPI: LAPIC (acpi_id[0x00] lapic_id[0x00] enabled)
[    0.000000] ACPI: LAPIC (acpi_id[0x01] lapic_id[0x01] enabled)
[    0.000000] ACPI: LAPIC (acpi_id[0x02] lapic_id[0x02] enabled)
[    0.000000] ACPI: LAPIC (acpi_id[0x03] lapic_id[0x03] enabled)
[    0.000000] ACPI: LAPIC_NMI (acpi_id[0x00] high edge lint[0x1])
[    0.000000] ACPI: LAPIC_NMI (acpi_id[0x01] high edge lint[0x1])
[    0.000000] ACPI: LAPIC_NMI (acpi_id[0x02] high edge lint[0x1])
[    0.000000] ACPI: LAPIC_NMI (acpi_id[0x03] high edge lint[0x1])
[    0.000000] ACPI: IOAPIC (id[0x02] address[0xfec00000] gsi_base[0])
[    0.000000] IOAPIC[0]: apic_id 2, version 33, address 0xfec00000, GSI 0-23
[    0.000000] ACPI: INT_SRC_OVR (bus 0 bus_irq 0 global_irq 2 dfl dfl)
[    0.000000] ACPI: IRQ0 used by override.
[    0.000000] ACPI: IRQ2 used by override.
[    0.000000] ACPI: IRQ9 used by override.
[    0.000000] Using ACPI (MADT) for SMP configuration information
[    0.000000] ACPI: HPET id: 0x43538210 base: 0xfed00000
[    0.000000] smpboot: Allowing 4 CPUs, 0 hotplug CPUs
[    0.000000] nr_irqs_gsi: 40
[    0.000000] e820: [mem 0xc0000000-0xfebfffff] available for PCI devices
[    0.000000] setup_percpu: NR_CPUS:64 nr_cpumask_bits:64 nr_cpu_ids:4 nr_node_ids:1
[    0.000000] PERCPU: Embedded 27 pages/cpu @ffff88041dc00000 s80512 r8192 d21888 u524288
[    0.000000] pcpu-alloc: s80512 r8192 d21888 u524288 alloc=1*2097152
[    0.000000] pcpu-alloc: [0] 0 1 2 3 
[    0.000000] Built 1 zonelists in Zone order, mobility grouping on.  Total pages: 3993197
[    0.000000] Policy zone: Normal
[    0.000000] Kernel command line: BOOT_IMAGE=/vmlinuz-315-x86_64 root=UUID=bfa4ab6e-19a3-4601-ba2b-267c55841c73 rw cryptdevice=/dev/disk/by-uuid/70c08890-417a-497d-b6ab-c0d0357a63e2:cryptManjaro:allow-discards ipv6.disable=1 pnp.debug=1 loglevel=9 log_buf_len=10M printk.always_kmsg_dump=y printk.time=y mminit_loglevel=0 memory_corruption_check=1 fbcon=scrollback:4096k fbcon=font:ProFont6x11 acpi.debug_layer=0xfbff0000 acpi.debug_level=0xFFFFFFFD pnp.debug=1 radeon.dpm=1 radeonfb
[    0.000000] PID hash table entries: 4096 (order: 3, 32768 bytes)
[    0.000000] Memory: 15868712K/16226416K available (6801K kernel code, 823K rwdata, 2840K rodata, 904K init, 2740K bss, 357704K reserved)
[    0.000000] SLUB: HWalign=64, Order=0-3, MinObjects=0, CPUs=4, Nodes=1
[    0.000000] Preemptible hierarchical RCU implementation.
[    0.000000] 	RCU dyntick-idle grace-period acceleration is enabled.
[    0.000000] 	Additional per-CPU info printed with stalls.
[    0.000000] 	RCU restricting CPUs from NR_CPUS=64 to nr_cpu_ids=4.
[    0.000000] RCU: Adjusting geometry for rcu_fanout_leaf=16, nr_cpu_ids=4
[    0.000000] NR_IRQS:4352 nr_irqs:712 16
[    0.000000] spurious 8259A interrupt: IRQ7.
[    0.000000] Console: colour dummy device 80x25
[    0.000000] console [tty0] enabled
[    0.000000] allocated 65011712 bytes of page_cgroup
[    0.000000] please try 'cgroup_disable=memory' option if you don't want memory cgroups
[    0.000000] hpet clockevent registered
[    0.000000] tsc: Fast TSC calibration using PIT
[    0.000000] tsc: Detected 1397.458 MHz processor
[    0.000039] Calibrating delay loop (skipped), value calculated using timer frequency.. 2794.91 BogoMIPS (lpj=1397458)
[    0.000045] pid_max: default: 32768 minimum: 301
[    0.000054] ACPI: Core revision 20140214
[    0.015393] ACPI: All ACPI Tables successfully acquired
[    0.017666] Security Framework initialized
[    0.017671] Yama: becoming mindful.
[    0.018784] Dentry cache hash table entries: 2097152 (order: 12, 16777216 bytes)
[    0.024827] Inode-cache hash table entries: 1048576 (order: 11, 8388608 bytes)
[    0.027444] Mount-cache hash table entries: 32768 (order: 6, 262144 bytes)
[    0.027468] Mountpoint-cache hash table entries: 32768 (order: 6, 262144 bytes)
[    0.027860] Initializing cgroup subsys memory
[    0.027871] Initializing cgroup subsys devices
[    0.027876] Initializing cgroup subsys freezer
[    0.027880] Initializing cgroup subsys net_cls
[    0.027885] Initializing cgroup subsys blkio
[    0.027913] tseg: 00bfe00000
[    0.027918] CPU: Physical Processor ID: 0
[    0.027935] CPU: Processor Core ID: 0
[    0.027940] mce: CPU supports 6 MCE banks
[    0.027955] Last level iTLB entries: 4KB 512, 2MB 16, 4MB 8
Last level dTLB entries: 4KB 1024, 2MB 128, 4MB 64, 1GB 0
tlb_flushall_shift: 6
[    0.028138] Freeing SMP alternatives memory: 20K (ffffffffa31b1000 - ffffffffa31b6000)
[    0.028631] ..TIMER: vector=0x30 apic1=0 pin1=2 apic2=-1 pin2=-1
[    0.038641] smpboot: CPU0: AMD A6-3400M APU with Radeon(tm) HD Graphics (fam: 12, model: 01, stepping: 00)
[    0.139977] Performance Events: AMD PMU driver.
[    0.139985] ... version:                0
[    0.139989] ... bit width:              48
[    0.139993] ... generic registers:      4
[    0.139997] ... value mask:             0000ffffffffffff
[    0.140001] ... max period:             00007fffffffffff
[    0.140005] ... fixed-purpose events:   0
[    0.140009] ... event mask:             000000000000000f
[    0.146117] MCE: In-kernel MCE decoding enabled.
[    0.148080] NMI watchdog: enabled on all CPUs, permanently consumes one hw-PMU counter.
[    0.150120] x86: Booting SMP configuration:
[    0.150126] .... node  #0, CPUs:      #1
[    0.163350] TSC synchronization [CPU#0 -> CPU#1]:
[    0.163353] Measured 131623769 cycles TSC warp between CPUs, turning off TSC clock.
[    0.163360] tsc: Marking TSC unstable due to check_tsc_sync_source failed
[    0.062206]  #2 #3
[    0.086355] x86: Booted up 1 node, 4 CPUs
[    0.086364] ----------------
[    0.086368] | NMI testsuite:
[    0.086371] --------------------
[    0.086375]   remote IPI:  ok  |
[    0.089048]    local IPI:  ok  |
[    0.095011] --------------------
[    0.095021] Good, all   2 testcases passed! |
[    0.095028] ---------------------------------
[    0.095039] smpboot: Total of 4 processors activated (11179.66 BogoMIPS)
[    0.096140] devtmpfs: initialized
[    0.096140] device: 'platform': device_add
[    0.096140] bus: 'platform': registered
[    0.096140] bus: 'cpu': registered
[    0.096140] device: 'cpu': device_add
[    0.096140] bus: 'container': registered
[    0.096140] device: 'container': device_add
[    0.097054] evm: security.SMACK64
[    0.097058] evm: security.ima
[    0.097061] evm: security.capability
[    0.097176] bus: 'workqueue': registered
[    0.097182] device: 'workqueue': device_add
[    0.097245] kworker/u8:0 (37) used greatest stack depth: 14056 bytes left
[    0.097389] prandom: seed boundary self test passed
[    0.098643] prandom: 100 self tests passed
[    0.098653] atomic64 test passed for x86-64 platform with CX8 and with SSE
[    0.098659] device class 'regulator': registering
[    0.098695] Registering platform device 'reg-dummy'. Parent at platform
[    0.098701] device: 'reg-dummy': device_add
[    0.098708] bus: 'platform': add device reg-dummy
[    0.098733] bus: 'platform': add driver reg-dummy
[    0.098742] bus: 'platform': driver_probe_device: matched device reg-dummy with driver reg-dummy
[    0.098750] bus: 'platform': really_probe: probing driver reg-dummy with device reg-dummy
[    0.098763] device: 'regulator.0': device_add
[    0.098796] regulator-dummy: no parameters
[    0.098812] driver: 'reg-dummy': driver_bound: bound to device 'reg-dummy'
[    0.098818] bus: 'platform': really_probe: bound device reg-dummy to driver reg-dummy
[    0.098886] NET: Registered protocol family 16
[    0.099032] device class 'bdi': registering
[    0.099051] bus: 'platform': add driver ramoops
[    0.099074] device class 'pci_bus': registering
[    0.099102] bus: 'pci': registered
[    0.099110] device class 'backlight': registering
[    0.099122] device class 'tty': registering
[    0.099136] device class 'vtconsole': registering
[    0.099154] device: 'vtcon0': device_add
[    0.099194] bus: 'node': registered
[    0.099200] device: 'node': device_add
[    0.099234] bus: 'i2c': registered
[    0.099241] bus: 'i2c': add driver dummy
[    0.099257] i2c-core: driver [dummy] registered
[    0.099263] cpuidle: using governor ladder
[    0.099268] cpuidle: using governor menu
[    0.099564] ACPI FADT declares the system doesn't support PCIe ASPM, so disable it
[    0.099571] ACPI: bus type PCI registered
[    0.099576] acpiphp: ACPI Hot Plug PCI Controller Driver version: 0.5
[    0.099582] device class 'dmi': registering
[    0.099596] device: 'id': device_add
[    0.099676] PCI: MMCONFIG for domain 0000 [bus 00-3f] at [mem 0xf8000000-0xfbffffff] (base 0xf8000000)
[    0.099686] PCI: not using MMCONFIG
[    0.099691] PCI: Using configuration type 1 for base access
[    0.099695] PCI: Using configuration type 1 for extended access
[    0.099830] device: 'node0': device_add
[    0.099837] bus: 'node': add device node0
[    0.099867] device: 'cpu0': device_add
[    0.099873] bus: 'cpu': add device cpu0
[    0.099915] device: 'cpu1': device_add
[    0.099925] bus: 'cpu': add device cpu1
[    0.099969] device: 'cpu2': device_add
[    0.099977] bus: 'cpu': add device cpu2
[    0.100024] device: 'cpu3': device_add
[    0.100031] bus: 'cpu': add device cpu3
[    0.100073] mtrr: your CPUs had inconsistent variable MTRR settings
[    0.100078] mtrr: probably your BIOS does not setup all CPUs.
[    0.100082] mtrr: corrected configuration.
[    0.103191] device: 'writeback': device_add
[    0.103191] bus: 'workqueue': add device writeback
[    0.103191] device: 'default': device_add
[    0.103191] device class 'block': registering
[    0.103191] device class 'graphics': registering
[    0.103191] ACPI: Added _OSI(Module Device)
[    0.103191] ACPI: Added _OSI(Processor Device)
[    0.103191] ACPI: Added _OSI(3.0 _SCP Extensions)
[    0.103191] ACPI: Added _OSI(Processor Aggregator Device)
[    0.106445] 
**** Context Switch from TID 4294967295 to TID 137592832 ****

[    0.106456]     utils-0051 util_eval_error       : Evaluate [\_SB_.PCI0.LPC0.EC0_._GLK]: AE_NOT_FOUND
[    0.106881] Executing  Method       \_SB_.PCI0.LPC0.EC0_._REG
[    0.107617] Executing  Method       \_SB_.PCI0.LPC0.EC0_._REG
[    0.107644] Executing  Method       \_SB_.PCI0.LPC0.EC0_._REG
[    0.107724] Executing  Method       \_SB_.PCI0.LPC0.EC0_._REG
[    0.110965] Initializing Region       \_SB_.OSTY
[    0.111006] Initializing Region       \_SB_.PCI0.NBMS
[    0.111030] Initializing Region       \_SB_.PCI0.NBXP
[    0.111053] Initializing Region       \_SB_.PCI0.K8ST
[    0.111113] Initializing Region       \_SB_.PCI0.BAR1
[    0.111146] Initializing Region       \_SB_.PCI0.PB2_.XPEX
[    0.111167] Initializing Region       \_SB_.PCI0.PB2_.PCFG
[    0.111187] Initializing Region       \_SB_.PCI0.PB2_.XPCB
[    0.111209] Initializing Region       \_SB_.PCI0.PB2_.XPRI
[    0.111234] Initializing Region       \_SB_.PCI0.PB2_.VGA_.PCFG
[    0.111315] Initializing Region       \_SB_.PCI0.PB2_.HDAU.PCFG
[    0.111349] Initializing Region       \_SB_.PCI0.PB3_.XPEX
[    0.111369] Initializing Region       \_SB_.PCI0.PB3_.PCFG
[    0.111389] Initializing Region       \_SB_.PCI0.PB3_.XPCB
[    0.111411] Initializing Region       \_SB_.PCI0.PB3_.XPRI
[    0.111437] Initializing Region       \_SB_.PCI0.PB3_.VGA_.PCFG
[    0.111525] Initializing Region       \_SB_.PCI0.PB3_.HDAU.PCFG
[    0.111560] Initializing Region       \_SB_.PCI0.PB4_.XPEX
[    0.111580] Initializing Region       \_SB_.PCI0.PB4_.PCFG
[    0.111600] Initializing Region       \_SB_.PCI0.PB4_.XPCB
[    0.111622] Initializing Region       \_SB_.PCI0.PB4_.XPRI
[    0.111648] Initializing Region       \_SB_.PCI0.PB4_.XPDV.PCFG
[    0.111683] Initializing Region       \_SB_.PCI0.PB5_.XPEX
[    0.111703] Initializing Region       \_SB_.PCI0.PB5_.PCFG
[    0.111723] Initializing Region       \_SB_.PCI0.PB5_.XPCB
[    0.111745] Initializing Region       \_SB_.PCI0.PB5_.XPRI
[    0.111771] Initializing Region       \_SB_.PCI0.PB5_.XPDV.PCFG
[    0.111805] Initializing Region       \_SB_.PCI0.PB6_.XPEX
[    0.111825] Initializing Region       \_SB_.PCI0.PB6_.PCFG
[    0.111846] Initializing Region       \_SB_.PCI0.PB6_.XPCB
[    0.111867] Initializing Region       \_SB_.PCI0.PB6_.XPRI
[    0.111893] Initializing Region       \_SB_.PCI0.PB6_.XPDV.PCFG
[    0.111928] Initializing Region       \_SB_.PCI0.PB7_.XPEX
[    0.111948] Initializing Region       \_SB_.PCI0.PB7_.PCFG
[    0.111969] Initializing Region       \_SB_.PCI0.PB7_.XPCB
[    0.111991] Initializing Region       \_SB_.PCI0.PB7_.XPRI
[    0.112021] Initializing Region       \_SB_.PCI0.PB7_.XPDV.PCFG
[    0.112319] Initializing Region       \_SB_.PCI0.SATC
[    0.112340] Initializing Region       \_SB_.PCI0.RMEM
[    0.112442] Initializing Region       \_SB_.PCI0.SATA.SATX
[    0.112470] Initializing Region       \_SB_.PCI0.SATA.BAR5
[    0.118259] Initializing Region       \_SB_.PCI0.SMB_.SBRV
[    0.118295] Initializing Region       \_SB_.PCI0.SMB_.PMIO
[    0.118318] Initializing Region       \_SB_.PCI0.SMB_.ERMM
[    0.118521] Initializing Region       \_SB_.PCI0.SMB_.P1E0
[    0.118601] Initializing Region       \_SB_.PCI0.SMB_.ABIO
[    0.118624] Initializing Region       \_SB_.PCI0.SMB_.SMB0
[    0.118649] Initializing Region       \_SB_.PCI0.LPC0.PIRQ
[    0.118723] Initializing Region       \_SB_.PCI0.LPC0.LPCR
[    0.118822] Initializing Region       \_SB_.PCI0.LPC0.LPCS
[    0.118855] Initializing Region       \_SB_.PCI0.LPC0.SMI0
[    0.118874] Initializing Region       \_SB_.PCI0.LPC0.SMI1
[    0.119017] Initializing Region       \_SB_.PCI0.LPC0.EC0_.ECO1
[    0.119038] Initializing Region       \_SB_.PCI0.LPC0.EC0_.ECO2
[    0.119058] Initializing Region       \_SB_.PCI0.LPC0.EC0_.ECMB
[    0.119076] Initializing Region       \_SB_.PCI0.LPC0.EC0_.RAM_
[    0.119208] Initializing Region       \_SB_.PCI0.LPC0.EC0_.CMOS
[    0.119254] Initializing Region       \_SB_.PCI0.LPC0.EC0_.VPC0.ERAM
[    0.119327] Initializing Region       \_SB_.PCI0.SPB0.PCFG
[    0.119348] Initializing Region       \_SB_.PCI0.SPB0.XPCB
[    0.119372] Initializing Region       \_SB_.PCI0.SPB0.XPDV.PCFG
[    0.119405] Initializing Region       \_SB_.PCI0.SPB1.PCFG
[    0.119426] Initializing Region       \_SB_.PCI0.SPB1.XPCB
[    0.119449] Initializing Region       \_SB_.PCI0.SPB1.XPDV.PCFG
[    0.119482] Initializing Region       \_SB_.PCI0.SPB2.PCFG
[    0.119502] Initializing Region       \_SB_.PCI0.SPB2.XPCB
[    0.119527] Initializing Region       \_SB_.PCI0.SPB2.XPDV.PCFG
[    0.119560] Initializing Region       \_SB_.PCI0.SPB3.PCFG
[    0.119580] Initializing Region       \_SB_.PCI0.SPB3.XPCB
[    0.119604] Initializing Region       \_SB_.PCI0.SPB3.XPDV.PCFG
[    0.119786] Initializing Region       \_SB_.PCI0.VGA_.REVD
[    0.120011] Initializing BufferField  \_SB_.AMW0.WLID
[    0.120465] Initializing Region       \DEB2
[    0.120486] Initializing Region       \PMIO
[    0.120506] Initializing Region       \P01_
[    0.120551] Initializing Region       \CNVS
[    0.120584] Initializing Region       \SPRT
[    0.120619] Initializing Region       \CMIO
[    0.120784] Executing  Method       \_SB_._STA
[    0.120794] Executing  Method       \_SB_._INI
[    0.120802] Executing  Method       \_SB_.PCI0._STA
[    0.120810] Executing  Method       \_SB_.PCI0._INI
[    0.121083] [Firmware Bug]: ACPI: BIOS _OSI(Linux) query ignored
[    0.121534] Executing  Method       \_SB_.PCI0.SATA._STA
[    0.121545] Executing  Method       \_SB_.PCI0.SATA._INI
[    0.122503] Executing  Method       \_SB_.PCI0.LPC0.EC0_._REG
[    0.151403] ACPI: Interpreter enabled
[    0.151428] ACPI: (supports S0 S5)
[    0.151434] ACPI: Using IOAPIC for interrupt routing
[    0.151791] PCI: MMCONFIG for domain 0000 [bus 00-3f] at [mem 0xf8000000-0xfbffffff] (base 0xf8000000)
[    0.152604] PCI: MMCONFIG at [mem 0xf8000000-0xfbffffff] reserved in ACPI motherboard resources
[    0.157329] bus: 'acpi': registered
[    0.157339] PCI: Using host bridge windows from ACPI; if necessary, use "pci=nocrs" and report a bug
[    0.157359]      scan-1133 get_device_data       : No context for object [ffffffffffffffff]
[    0.157375]     utils-0051 util_eval_error       : Evaluate [\._STA]: AE_NOT_FOUND
[    0.157400] device: 'LNXSYSTM:00': device_add
[    0.157410] bus: 'acpi': add device LNXSYSTM:00
[    0.157437]     utils-0051 util_eval_error       : Evaluate [\._SUN]: AE_NOT_FOUND
[    0.157458]      scan-1916 add_single_object     : Added LNXSYSTM:00 [\] parent (null)
[    0.157474]      scan-1133 get_device_data       : No context for object [ffff88040d81d000]
[    0.157482]      scan-1133 get_device_data       : No context for object [ffff88040d8377d0]
[    0.157491]      scan-1133 get_device_data       : No context for object [ffff88040d8377f8]
[    0.157500]      scan-1133 get_device_data       : No context for object [ffff88040d837820]
[    0.157508]      scan-1133 get_device_data       : No context for object [ffff88040d837848]
[    0.157516]      scan-1133 get_device_data       : No context for object [ffff88040d837870]
[    0.157525]      scan-1133 get_device_data       : No context for object [ffff88040d837898]
[    0.157533]      scan-1133 get_device_data       : No context for object [ffff88040d8378c0]
[    0.157541]      scan-1133 get_device_data       : No context for object [ffff88040d8378e8]
[    0.157549]      scan-1133 get_device_data       : No context for object [ffff88040d839398]
[    0.157558]      scan-1133 get_device_data       : No context for object [ffff88040d81d028]
[    0.157566]      scan-1133 get_device_data       : No context for object [ffff88040d81d168]
[    0.157576]     utils-0051 util_eval_error       : Evaluate [\_PR_.C000._STA]: AE_NOT_FOUND
[    0.157585]      scan-1133 get_device_data       : No context for object [ffff88040d81d028]
[    0.157602] device: 'LNXCPU:00': device_add
[    0.157609] bus: 'acpi': add device LNXCPU:00
[    0.157628]     utils-0051 util_eval_error       : Evaluate [\_PR_.C000._SUN]: AE_NOT_FOUND
[    0.157647]      scan-1916 add_single_object     : Added LNXCPU:00 [\_PR_.C000] parent LNXSYSTM:00
[    0.157660]      scan-1133 get_device_data       : No context for object [ffff88040d83c398]
[    0.157668]      scan-1133 get_device_data       : No context for object [ffff88040d83c3c0]
[    0.157676]      scan-1133 get_device_data       : No context for object [ffff88040d83c3e8]
[    0.157684]      scan-1133 get_device_data       : No context for object [ffff88040d83c410]
[    0.157693]      scan-1133 get_device_data       : No context for object [ffff88040d83c438]
[    0.157701]      scan-1133 get_device_data       : No context for object [ffff88040d83c460]
[    0.157709]      scan-1133 get_device_data       : No context for object [ffff88040d81d190]
[    0.157719]     utils-0051 util_eval_error       : Evaluate [\_PR_.C001._STA]: AE_NOT_FOUND
[    0.157728]      scan-1133 get_device_data       : No context for object [ffff88040d81d028]
[    0.157746] device: 'LNXCPU:01': device_add
[    0.157753] bus: 'acpi': add device LNXCPU:01
[    0.157771]     utils-0051 util_eval_error       : Evaluate [\_PR_.C001._SUN]: AE_NOT_FOUND
[    0.158006]      scan-1916 add_single_object     : Added LNXCPU:01 [\_PR_.C001] parent LNXSYSTM:00
[    0.158006]      scan-1133 get_device_data       : No context for object [ffff88040d83c488]
[    0.158006]      scan-1133 get_device_data       : No context for object [ffff88040d83c4b0]
[    0.158006]      scan-1133 get_device_data       : No context for object [ffff88040d83c4d8]
[    0.158006]      scan-1133 get_device_data       : No context for object [ffff88040d83c500]
[    0.158006]      scan-1133 get_device_data       : No context for object [ffff88040d83c528]
[    0.158006]      scan-1133 get_device_data       : No context for object [ffff88040d83c550]
[    0.158006]      scan-1133 get_device_data       : No context for object [ffff88040d81d1b8]
[    0.158006]     utils-0051 util_eval_error       : Evaluate [\_PR_.C002._STA]: AE_NOT_FOUND
[    0.158006]      scan-1133 get_device_data       : No context for object [ffff88040d81d028]
[    0.158006] device: 'LNXCPU:02': device_add
[    0.158006] bus: 'acpi': add device LNXCPU:02
[    0.158006]     utils-0051 util_eval_error       : Evaluate [\_PR_.C002._SUN]: AE_NOT_FOUND
[    0.158015]      scan-1916 add_single_object     : Added LNXCPU:02 [\_PR_.C002] parent LNXSYSTM:00
[    0.158015]      scan-1133 get_device_data       : No context for object [ffff88040d83c578]
[    0.158015]      scan-1133 get_device_data       : No context for object [ffff88040d83c5a0]
[    0.158015]      scan-1133 get_device_data       : No context for object [ffff88040d83c5c8]
[    0.158015]      scan-1133 get_device_data       : No context for object [ffff88040d83c5f0]
[    0.158015]      scan-1133 get_device_data       : No context for object [ffff88040d83c618]
[    0.158015]      scan-1133 get_device_data       : No context for object [ffff88040d83c640]
[    0.158015]      scan-1133 get_device_data       : No context for object [ffff88040d81d1e0]
[    0.158015]     utils-0051 util_eval_error       : Evaluate [\_PR_.C003._STA]: AE_NOT_FOUND
[    0.158015]      scan-1133 get_device_data       : No context for object [ffff88040d81d028]
[    0.158030] device: 'LNXCPU:03': device_add
[    0.158038] bus: 'acpi': add device LNXCPU:03
[    0.158055]     utils-0051 util_eval_error       : Evaluate [\_PR_.C003._SUN]: AE_NOT_FOUND
[    0.158074]      scan-1916 add_single_object     : Added LNXCPU:03 [\_PR_.C003] parent LNXSYSTM:00
[    0.158086]      scan-1133 get_device_data       : No context for object [ffff88040d83c668]
[    0.158094]      scan-1133 get_device_data       : No context for object [ffff88040d83c690]
[    0.158103]      scan-1133 get_device_data       : No context for object [ffff88040d83c6b8]
[    0.158111]      scan-1133 get_device_data       : No context for object [ffff88040d83c6e0]
[    0.158119]      scan-1133 get_device_data       : No context for object [ffff88040d83c708]
[    0.158127]      scan-1133 get_device_data       : No context for object [ffff88040d83c730]
[    0.158136]      scan-1133 get_device_data       : No context for object [ffff88040d81d050]
[    0.158146]     utils-0051 util_eval_error       : Evaluate [\_SB_._STA]: AE_NOT_FOUND
[    0.158198] device: 'LNXSYBUS:00': device_add
[    0.158205] bus: 'acpi': add device LNXSYBUS:00
[    0.158224]     utils-0051 util_eval_error       : Evaluate [\_SB_._SUN]: AE_NOT_FOUND
[    0.158242]      scan-1916 add_single_object     : Added LNXSYBUS:00 [\_SB_] parent LNXSYSTM:00
[    0.158255]      scan-1133 get_device_data       : No context for object [ffff88040d81d3c0]
[    0.158264]      scan-1133 get_device_data       : No context for object [ffff88040d81d3e8]
[    0.158272]      scan-1133 get_device_data       : No context for object [ffff88040d81d410]
[    0.158280]      scan-1133 get_device_data       : No context for object [ffff88040d81d438]
[    0.158289]      scan-1133 get_device_data       : No context for object [ffff88040d81d460]
[    0.158297]      scan-1133 get_device_data       : No context for object [ffff88040d81d488]
[    0.158305]      scan-1133 get_device_data       : No context for object [ffff88040d81d4b0]
[    0.158313]      scan-1133 get_device_data       : No context for object [ffff88040d81d5a0]
[    0.158323]     utils-0051 util_eval_error       : Evaluate [\_SB_.PWRB._STA]: AE_NOT_FOUND
[    0.158364] device: 'PNP0C0C:00': device_add
[    0.158372] bus: 'acpi': add device PNP0C0C:00
[    0.158393]     utils-0051 util_eval_error       : Evaluate [\_SB_.PWRB._SUN]: AE_NOT_FOUND
[    0.158411]      scan-1916 add_single_object     : Added PNP0C0C:00 [\_SB_.PWRB] parent LNXSYBUS:00
[    0.158425]      scan-1133 get_device_data       : No context for object [ffff88040d81d5c8]
[    0.158433]      scan-1133 get_device_data       : No context for object [ffff88040d81d5f0]
[    0.158444]     utils-0051 util_eval_error       : Evaluate [\_SB_.PCI0._STA]: AE_NOT_FOUND
[    0.158507] device: 'PNP0A08:00': device_add
[    0.158514] bus: 'acpi': add device PNP0A08:00
[    0.158534]     utils-0051 util_eval_error       : Evaluate [\_SB_.PCI0._SUN]: AE_NOT_FOUND
[    0.158554]      scan-1916 add_single_object     : Added PNP0A08:00 [\_SB_.PCI0] parent LNXSYBUS:00
[    0.158569]      scan-1133 get_device_data       : No context for object [ffff88040d81d618]
[    0.158577]      scan-1133 get_device_data       : No context for object [ffff88040d81d640]
[    0.158586]      scan-1133 get_device_data       : No context for object [ffff88040d81d668]
[    0.158594]      scan-1133 get_device_data       : No context for object [ffff88040d81d690]
[    0.158602]      scan-1133 get_device_data       : No context for object [ffff88040d81d6b8]
[    0.158610]      scan-1133 get_device_data       : No context for object [ffff88040d81d6e0]
[    0.158618]      scan-1133 get_device_data       : No context for object [ffff88040d81d708]
[    0.158626]      scan-1133 get_device_data       : No context for object [ffff88040d81d730]
[    0.158635]      scan-1133 get_device_data       : No context for object [ffff88040d81d758]
[    0.158643]      scan-1133 get_device_data       : No context for object [ffff88040d81d780]
[    0.158651]      scan-1133 get_device_data       : No context for object [ffff88040d81d7a8]
[    0.158659]      scan-1133 get_device_data       : No context for object [ffff88040d81d7d0]
[    0.158668]      scan-1133 get_device_data       : No context for object [ffff88040d81d7f8]
[    0.158676]      scan-1133 get_device_data       : No context for object [ffff88040d81d820]
[    0.158685]      scan-1133 get_device_data       : No context for object [ffff88040d81d848]
[    0.158693]      scan-1133 get_device_data       : No context for object [ffff88040d81d870]
[    0.158701]      scan-1133 get_device_data       : No context for object [ffff88040d81d898]
[    0.158709]      scan-1133 get_device_data       : No context for object [ffff88040d81d8c0]
[    0.158717]      scan-1133 get_device_data       : No context for object [ffff88040d81d8e8]
[    0.158726]      scan-1133 get_device_data       : No context for object [ffff88040d81d910]
[    0.158734]      scan-1133 get_device_data       : No context for object [ffff88040d81d938]
[    0.158742]      scan-1133 get_device_data       : No context for object [ffff88040d81d960]
[    0.158750]      scan-1133 get_device_data       : No context for object [ffff88040d81d988]
[    0.158758]      scan-1133 get_device_data       : No context for object [ffff88040d81d9b0]
[    0.158766]      scan-1133 get_device_data       : No context for object [ffff88040d81d9d8]
[    0.158775]      scan-1133 get_device_data       : No context for object [ffff88040d81da00]
[    0.158783]      scan-1133 get_device_data       : No context for object [ffff88040d81da28]
[    0.158791]      scan-1133 get_device_data       : No context for object [ffff88040d81da50]
[    0.158799]      scan-1133 get_device_data       : No context for object [ffff88040d81da78]
[    0.158807]      scan-1133 get_device_data       : No context for object [ffff88040d81daa0]
[    0.158815]      scan-1133 get_device_data       : No context for object [ffff88040d81dac8]
[    0.158824]      scan-1133 get_device_data       : No context for object [ffff88040d81daf0]
[    0.158832]      scan-1133 get_device_data       : No context for object [ffff88040d81db18]
[    0.158840]      scan-1133 get_device_data       : No context for object [ffff88040d81db40]
[    0.158848]      scan-1133 get_device_data       : No context for object [ffff88040d81db68]
[    0.158856]      scan-1133 get_device_data       : No context for object [ffff88040d81db90]
[    0.158864]      scan-1133 get_device_data       : No context for object [ffff88040d81dbb8]
[    0.158873]      scan-1133 get_device_data       : No context for object [ffff88040d81dbe0]
[    0.158881]      scan-1133 get_device_data       : No context for object [ffff88040d81dc08]
[    0.158889]      scan-1133 get_device_data       : No context for object [ffff88040d81dc30]
[    0.158897]      scan-1133 get_device_data       : No context for object [ffff88040d81dc58]
[    0.158905]      scan-1133 get_device_data       : No context for object [ffff88040d81dc80]
[    0.158913]      scan-1133 get_device_data       : No context for object [ffff88040d81dca8]
[    0.158921]      scan-1133 get_device_data       : No context for object [ffff88040d81dcd0]
[    0.158930]      scan-1133 get_device_data       : No context for object [ffff88040d81dcf8]
[    0.158938]      scan-1133 get_device_data       : No context for object [ffff88040d81dd20]
[    0.158946]      scan-1133 get_device_data       : No context for object [ffff88040d81dd48]
[    0.158954]      scan-1133 get_device_data       : No context for object [ffff88040d81dd70]
[    0.158962]      scan-1133 get_device_data       : No context for object [ffff88040d81dd98]
[    0.158970]      scan-1133 get_device_data       : No context for object [ffff88040d81ddc0]
[    0.158979]      scan-1133 get_device_data       : No context for object [ffff88040d81dde8]
[    0.158987]      scan-1133 get_device_data       : No context for object [ffff88040d81de10]
[    0.158995]      scan-1133 get_device_data       : No context for object [ffff88040d81de38]
[    0.159010]      scan-1133 get_device_data       : No context for object [ffff88040d81de60]
[    0.159018]      scan-1133 get_device_data       : No context for object [ffff88040d81de88]
[    0.159026]      scan-1133 get_device_data       : No context for object [ffff88040d81deb0]
[    0.159035]      scan-1133 get_device_data       : No context for object [ffff88040d81ded8]
[    0.159043]      scan-1133 get_device_data       : No context for object [ffff88040d81df00]
[    0.159051]      scan-1133 get_device_data       : No context for object [ffff88040d81df28]
[    0.159059]      scan-1133 get_device_data       : No context for object [ffff88040d81df50]
[    0.159068]      scan-1133 get_device_data       : No context for object [ffff88040d81df78]
[    0.159076]      scan-1133 get_device_data       : No context for object [ffff88040d81dfa0]
[    0.159084]      scan-1133 get_device_data       : No context for object [ffff88040d81dfc8]
[    0.159092]      scan-1133 get_device_data       : No context for object [ffff88040d822000]
[    0.159100]      scan-1133 get_device_data       : No context for object [ffff88040d822028]
[    0.159110]     utils-0051 util_eval_error       : Evaluate [\_SB_.PCI0.MEMR._STA]: AE_NOT_FOUND
[    0.159153] device: 'PNP0C02:00': device_add
[    0.159161] bus: 'acpi': add device PNP0C02:00
[    0.159181]     utils-0051 util_eval_error       : Evaluate [\_SB_.PCI0.MEMR._SUN]: AE_NOT_FOUND
[    0.159200]      scan-1916 add_single_object     : Added PNP0C02:00 [\_SB_.PCI0.MEMR] parent PNP0A08:00
[    0.159212]      scan-1133 get_device_data       : No context for object [ffff88040d822050]
[    0.159221]      scan-1133 get_device_data       : No context for object [ffff88040d822078]
[    0.159229]      scan-1133 get_device_data       : No context for object [ffff88040d8220a0]
[    0.159238]      scan-1133 get_device_data       : No context for object [ffff88040d8220c8]
[    0.159246]      scan-1133 get_device_data       : No context for object [ffff88040d8220f0]
[    0.159254]      scan-1133 get_device_data       : No context for object [ffff88040d822118]
[    0.159262]      scan-1133 get_device_data       : No context for object [ffff88040d822140]
[    0.159271]      scan-1133 get_device_data       : No context for object [ffff88040d822168]
[    0.159279]      scan-1133 get_device_data       : No context for object [ffff88040d822190]
[    0.159287]      scan-1133 get_device_data       : No context for object [ffff88040d8221b8]
[    0.159295]      scan-1133 get_device_data       : No context for object [ffff88040d8221e0]
[    0.159303]      scan-1133 get_device_data       : No context for object [ffff88040d822208]
[    0.159311]      scan-1133 get_device_data       : No context for object [ffff88040d822230]
[    0.159319]      scan-1133 get_device_data       : No context for object [ffff88040d822258]
[    0.159328]      scan-1133 get_device_data       : No context for object [ffff88040d822280]
[    0.159336]      scan-1133 get_device_data       : No context for object [ffff88040d8222a8]
[    0.159346]     utils-0051 util_eval_error       : Evaluate [\_SB_.PCI0.PB2_._STA]: AE_NOT_FOUND
[    0.159457] device: 'device:00': device_add
[    0.159465] bus: 'acpi': add device device:00
[    0.159482]     utils-0051 util_eval_error       : Evaluate [\_SB_.PCI0.PB2_._SUN]: AE_NOT_FOUND
[    0.159501]      scan-1916 add_single_object     : Added device:00 [\_SB_.PCI0.PB2_] parent PNP0A08:00
[    0.159514]      scan-1133 get_device_data       : No context for object [ffff88040d8222d0]
[    0.159522]      scan-1133 get_device_data       : No context for object [ffff88040d8222f8]
[    0.159530]      scan-1133 get_device_data       : No context for object [ffff88040d822320]
[    0.159539]      scan-1133 get_device_data       : No context for object [ffff88040d822348]
[    0.159547]      scan-1133 get_device_data       : No context for object [ffff88040d822370]
[    0.159555]      scan-1133 get_device_data       : No context for object [ffff88040d822398]
[    0.159563]      scan-1133 get_device_data       : No context for object [ffff88040d8223c0]
[    0.159572]      scan-1133 get_device_data       : No context for object [ffff88040d8223e8]
[    0.159580]      scan-1133 get_device_data       : No context for object [ffff88040d822410]
[    0.159588]      scan-1133 get_device_data       : No context for object [ffff88040d822438]
[    0.159596]      scan-1133 get_device_data       : No context for object [ffff88040d822460]
[    0.159604]      scan-1133 get_device_data       : No context for object [ffff88040d822488]
[    0.159613]      scan-1133 get_device_data       : No context for object [ffff88040d8224b0]
[    0.159621]      scan-1133 get_device_data       : No context for object [ffff88040d8224d8]
[    0.159629]      scan-1133 get_device_data       : No context for object [ffff88040d822500]
[    0.159637]      scan-1133 get_device_data       : No context for object [ffff88040d822528]
[    0.159645]      scan-1133 get_device_data       : No context for object [ffff88040d822550]
[    0.159653]      scan-1133 get_device_data       : No context for object [ffff88040d822578]
[    0.159661]      scan-1133 get_device_data       : No context for object [ffff88040d8225a0]
[    0.159670]      scan-1133 get_device_data       : No context for object [ffff88040d8225c8]
[    0.159678]      scan-1133 get_device_data       : No context for object [ffff88040d8225f0]
[    0.159686]      scan-1133 get_device_data       : No context for object [ffff88040d822618]
[    0.159694]      scan-1133 get_device_data       : No context for object [ffff88040d822640]
[    0.159702]      scan-1133 get_device_data       : No context for object [ffff88040d822668]
[    0.159710]      scan-1133 get_device_data       : No context for object [ffff88040d822690]
[    0.159718]      scan-1133 get_device_data       : No context for object [ffff88040d8226b8]
[    0.159727]      scan-1133 get_device_data       : No context for object [ffff88040d8226e0]
[    0.159735]      scan-1133 get_device_data       : No context for object [ffff88040d822708]
[    0.159743]      scan-1133 get_device_data       : No context for object [ffff88040d822730]
[    0.159751]      scan-1133 get_device_data       : No context for object [ffff88040d822758]
[    0.159759]      scan-1133 get_device_data       : No context for object [ffff88040d822780]
[    0.159769]     utils-0051 util_eval_error       : Evaluate [\_SB_.PCI0.PB2_.VGA_._STA]: AE_NOT_FOUND
[    0.159818] device: 'device:01': device_add
[    0.159825] bus: 'acpi': add device device:01
[    0.159844]     utils-0051 util_eval_error       : Evaluate [\_SB_.PCI0.PB2_.VGA_._SUN]: AE_NOT_FOUND
[    0.159863]      scan-1916 add_single_object     : Added device:01 [\_SB_.PCI0.PB2_.VGA_] parent device:00
[    0.159876]      scan-1133 get_device_data       : No context for object [ffff88040d8227a8]
[    0.159884]      scan-1133 get_device_data       : No context for object [ffff88040d8227d0]
[    0.159892]      scan-1133 get_device_data       : No context for object [ffff88040d8227f8]
[    0.159901]      scan-1133 get_device_data       : No context for object [ffff88040d822820]
[    0.159909]      scan-1133 get_device_data       : No context for object [ffff88040d822848]
[    0.159917]      scan-1133 get_device_data       : No context for object [ffff88040d822870]
[    0.159925]      scan-1133 get_device_data       : No context for object [ffff88040d822898]
[    0.159933]      scan-1133 get_device_data       : No context for object [ffff88040d8228c0]
[    0.159941]      scan-1133 get_device_data       : No context for object [ffff88040d8228e8]
[    0.159949]      scan-1133 get_device_data       : No context for object [ffff88040d822910]
[    0.159958]      scan-1133 get_device_data       : No context for object [ffff88040d822938]
[    0.159966]      scan-1133 get_device_data       : No context for object [ffff88040d822960]
[    0.159974]      scan-1133 get_device_data       : No context for object [ffff88040d822988]
[    0.159982]      scan-1133 get_device_data       : No context for object [ffff88040d8229b0]
[    0.159990]      scan-1133 get_device_data       : No context for object [ffff88040d8229d8]
[    0.160021]      scan-1133 get_device_data       : No context for object [ffff88040d822a00]
[    0.160021]      scan-1133 get_device_data       : No context for object [ffff88040d822a28]
[    0.160023]      scan-1133 get_device_data       : No context for object [ffff88040d822a50]
[    0.160032]      scan-1133 get_device_data       : No context for object [ffff88040d822a78]
[    0.160040]      scan-1133 get_device_data       : No context for object [ffff88040d822aa0]
[    0.160048]      scan-1133 get_device_data       : No context for object [ffff88040d822ac8]
[    0.160056]      scan-1133 get_device_data       : No context for object [ffff88040d822af0]
[    0.160064]      scan-1133 get_device_data       : No context for object [ffff88040d822b18]
[    0.160072]      scan-1133 get_device_data       : No context for object [ffff88040d822b40]
[    0.160080]      scan-1133 get_device_data       : No context for object [ffff88040d822b68]
[    0.160089]      scan-1133 get_device_data       : No context for object [ffff88040d822b90]
[    0.160097]      scan-1133 get_device_data       : No context for object [ffff88040d822bb8]
[    0.160106]      scan-1133 get_device_data       : No context for object [ffff88040d822be0]
[    0.160114]      scan-1133 get_device_data       : No context for object [ffff88040d822c08]
[    0.160122]      scan-1133 get_device_data       : No context for object [ffff88040d822c30]
[    0.160130]      scan-1133 get_device_data       : No context for object [ffff88040d822c58]
[    0.160138]      scan-1133 get_device_data       : No context for object [ffff88040d822c80]
[    0.160146]      scan-1133 get_device_data       : No context for object [ffff88040d822ca8]
[    0.160155]      scan-1133 get_device_data       : No context for object [ffff88040d822cd0]
[    0.160163]      scan-1133 get_device_data       : No context for object [ffff88040d822cf8]
[    0.160171]      scan-1133 get_device_data       : No context for object [ffff88040d822d20]
[    0.160179]      scan-1133 get_device_data       : No context for object [ffff88040d822d48]
[    0.160187]      scan-1133 get_device_data       : No context for object [ffff88040d822d70]
[    0.160195]      scan-1133 get_device_data       : No context for object [ffff88040d822d98]
[    0.160204]      scan-1133 get_device_data       : No context for object [ffff88040d837438]
[    0.160212]      scan-1133 get_device_data       : No context for object [ffff88040d822dc0]
[    0.160222]     utils-0051 util_eval_error       : Evaluate [\_SB_.PCI0.PB2_.HDAU._STA]: AE_NOT_FOUND
[    0.160267] device: 'device:02': device_add
[    0.160274] bus: 'acpi': add device device:02
[    0.160295]     utils-0051 util_eval_error       : Evaluate [\_SB_.PCI0.PB2_.HDAU._SUN]: AE_NOT_FOUND
[    0.160313]      scan-1916 add_single_object     : Added device:02 [\_SB_.PCI0.PB2_.HDAU] parent device:00
[    0.160326]      scan-1133 get_device_data       : No context for object [ffff88040d822de8]
[    0.160334]      scan-1133 get_device_data       : No context for object [ffff88040d822e10]
[    0.160343]      scan-1133 get_device_data       : No context for object [ffff88040d822e38]
[    0.160351]      scan-1133 get_device_data       : No context for object [ffff88040d822e60]
[    0.160359]      scan-1133 get_device_data       : No context for object [ffff88040d822e88]
[    0.160367]      scan-1133 get_device_data       : No context for object [ffff88040d822eb0]
[    0.160376]      scan-1133 get_device_data       : No context for object [ffff88040d822ed8]
[    0.160386]     utils-0051 util_eval_error       : Evaluate [\_SB_.PCI0.PB3_._STA]: AE_NOT_FOUND
[    0.160492] device: 'device:03': device_add
[    0.160499] bus: 'acpi': add device device:03
[    0.160517]     utils-0051 util_eval_error       : Evaluate [\_SB_.PCI0.PB3_._SUN]: AE_NOT_FOUND
[    0.160536]      scan-1916 add_single_object     : Added device:03 [\_SB_.PCI0.PB3_] parent PNP0A08:00
[    0.160548]      scan-1133 get_device_data       : No context for object [ffff88040d822f00]
[    0.160557]      scan-1133 get_device_data       : No context for object [ffff88040d822f28]
[    0.160565]      scan-1133 get_device_data       : No context for object [ffff88040d822f50]
[    0.160574]      scan-1133 get_device_data       : No context for object [ffff88040d822f78]
[    0.160582]      scan-1133 get_device_data       : No context for object [ffff88040d822fa0]
[    0.160590]      scan-1133 get_device_data       : No context for object [ffff88040d822fc8]
[    0.160598]      scan-1133 get_device_data       : No context for object [ffff88040d823000]
[    0.160607]      scan-1133 get_device_data       : No context for object [ffff88040d823028]
[    0.160615]      scan-1133 get_device_data       : No context for object [ffff88040d823050]
[    0.160623]      scan-1133 get_device_data       : No context for object [ffff88040d823078]
[    0.160631]      scan-1133 get_device_data       : No context for object [ffff88040d8230a0]
[    0.160639]      scan-1133 get_device_data       : No context for object [ffff88040d8230c8]
[    0.160647]      scan-1133 get_device_data       : No context for object [ffff88040d8230f0]
[    0.160655]      scan-1133 get_device_data       : No context for object [ffff88040d823118]
[    0.160664]      scan-1133 get_device_data       : No context for object [ffff88040d823140]
[    0.160672]      scan-1133 get_device_data       : No context for object [ffff88040d823168]
[    0.160680]      scan-1133 get_device_data       : No context for object [ffff88040d823190]
[    0.160688]      scan-1133 get_device_data       : No context for object [ffff88040d8231b8]
[    0.160696]      scan-1133 get_device_data       : No context for object [ffff88040d8231e0]
[    0.160704]      scan-1133 get_device_data       : No context for object [ffff88040d823208]
[    0.160713]      scan-1133 get_device_data       : No context for object [ffff88040d823230]
[    0.160721]      scan-1133 get_device_data       : No context for object [ffff88040d823258]
[    0.160729]      scan-1133 get_device_data       : No context for object [ffff88040d823280]
[    0.160737]      scan-1133 get_device_data       : No context for object [ffff88040d8232a8]
[    0.160745]      scan-1133 get_device_data       : No context for object [ffff88040d8232d0]
[    0.160753]      scan-1133 get_device_data       : No context for object [ffff88040d8232f8]
[    0.160761]      scan-1133 get_device_data       : No context for object [ffff88040d823320]
[    0.160769]      scan-1133 get_device_data       : No context for object [ffff88040d823348]
[    0.160778]      scan-1133 get_device_data       : No context for object [ffff88040d823370]
[    0.160786]      scan-1133 get_device_data       : No context for object [ffff88040d823398]
[    0.160794]      scan-1133 get_device_data       : No context for object [ffff88040d8233c0]
[    0.160804]     utils-0051 util_eval_error       : Evaluate [\_SB_.PCI0.PB3_.VGA_._STA]: AE_NOT_FOUND
[    0.160844]     video-0058 backlight_cap_match   : Found generic backlight support
[    0.160864] device: 'LNXVIDEO:00': device_add
[    0.160871] bus: 'acpi': add device LNXVIDEO:00
[    0.160891]     utils-0051 util_eval_error       : Evaluate [\_SB_.PCI0.PB3_.VGA_._SUN]: AE_NOT_FOUND
[    0.160910]      scan-1916 add_single_object     : Added LNXVIDEO:00 [\_SB_.PCI0.PB3_.VGA_] parent device:03
[    0.160924]      scan-1133 get_device_data       : No context for object [ffff88040d8233e8]
[    0.160932]      scan-1133 get_device_data       : No context for object [ffff88040d823410]
[    0.160941]      scan-1133 get_device_data       : No context for object [ffff88040d823438]
[    0.160949]      scan-1133 get_device_data       : No context for object [ffff88040d823460]
[    0.160957]      scan-1133 get_device_data       : No context for object [ffff88040d823488]
[    0.160965]      scan-1133 get_device_data       : No context for object [ffff88040d8234b0]
[    0.160974]      scan-1133 get_device_data       : No context for object [ffff88040d8234d8]
[    0.160982]      scan-1133 get_device_data       : No context for object [ffff88040d823500]
[    0.160990]      scan-1133 get_device_data       : No context for object [ffff88040d823528]
[    0.161003]      scan-1133 get_device_data       : No context for object [ffff88040d823550]
[    0.161011]      scan-1133 get_device_data       : No context for object [ffff88040d823578]
[    0.161019]      scan-1133 get_device_data       : No context for object [ffff88040d8235a0]
[    0.161027]      scan-1133 get_device_data       : No context for object [ffff88040d8235c8]
[    0.161036]      scan-1133 get_device_data       : No context for object [ffff88040d8235f0]
[    0.161044]      scan-1133 get_device_data       : No context for object [ffff88040d823618]
[    0.161052]      scan-1133 get_device_data       : No context for object [ffff88040d823640]
[    0.161060]      scan-1133 get_device_data       : No context for object [ffff88040d823668]
[    0.161068]      scan-1133 get_device_data       : No context for object [ffff88040d823690]
[    0.161076]      scan-1133 get_device_data       : No context for object [ffff88040d8236b8]
[    0.161084]      scan-1133 get_device_data       : No context for object [ffff88040d8236e0]
[    0.161093]      scan-1133 get_device_data       : No context for object [ffff88040d823708]
[    0.161101]      scan-1133 get_device_data       : No context for object [ffff88040d823730]
[    0.161109]      scan-1133 get_device_data       : No context for object [ffff88040d823758]
[    0.161117]      scan-1133 get_device_data       : No context for object [ffff88040d823780]
[    0.161125]      scan-1133 get_device_data       : No context for object [ffff88040d8237a8]
[    0.161133]      scan-1133 get_device_data       : No context for object [ffff88040d8237d0]
[    0.161141]      scan-1133 get_device_data       : No context for object [ffff88040d8237f8]
[    0.161150]      scan-1133 get_device_data       : No context for object [ffff88040d823820]
[    0.161158]      scan-1133 get_device_data       : No context for object [ffff88040d823848]
[    0.161166]      scan-1133 get_device_data       : No context for object [ffff88040d823870]
[    0.161174]      scan-1133 get_device_data       : No context for object [ffff88040d823898]
[    0.161182]      scan-1133 get_device_data       : No context for object [ffff88040d8238c0]
[    0.161190]      scan-1133 get_device_data       : No context for object [ffff88040d8238e8]
[    0.161198]      scan-1133 get_device_data       : No context for object [ffff88040d823910]
[    0.161207]      scan-1133 get_device_data       : No context for object [ffff88040d823938]
[    0.161215]      scan-1133 get_device_data       : No context for object [ffff88040d823960]
[    0.161223]      scan-1133 get_device_data       : No context for object [ffff88040d823988]
[    0.161231]      scan-1133 get_device_data       : No context for object [ffff88040d8239b0]
[    0.161239]      scan-1133 get_device_data       : No context for object [ffff88040d8239d8]
[    0.161247]      scan-1133 get_device_data       : No context for object [ffff88040d837460]
[    0.161255]      scan-1133 get_device_data       : No context for object [ffff88040d83ac08]
[    0.161264]      scan-1133 get_device_data       : No context for object [ffff88040d83ac30]
[    0.161272]      scan-1133 get_device_data       : No context for object [ffff88040d83ac58]
[    0.161282]     utils-0051 util_eval_error       : Evaluate [\_SB_.PCI0.PB3_.VGA_.CRT_._STA]: AE_NOT_FOUND
[    0.161339] device: 'device:04': device_add
[    0.161347] bus: 'acpi': add device device:04
[    0.161367]     utils-0051 util_eval_error       : Evaluate [\_SB_.PCI0.PB3_.VGA_.CRT_._SUN]: AE_NOT_FOUND
[    0.161387]      scan-1916 add_single_object     : Added device:04 [\_SB_.PCI0.PB3_.VGA_.CRT_] parent LNXVIDEO:00
[    0.161400]      scan-1133 get_device_data       : No context for object [ffff88040d83ac80]
[    0.161408]      scan-1133 get_device_data       : No context for object [ffff88040d83aca8]
[    0.161417]      scan-1133 get_device_data       : No context for object [ffff88040d83acd0]
[    0.161425]      scan-1133 get_device_data       : No context for object [ffff88040d83acf8]
[    0.161433]      scan-1133 get_device_data       : No context for object [ffff88040d83ad20]
[    0.161443]     utils-0051 util_eval_error       : Evaluate [\_SB_.PCI0.PB3_.VGA_.LCD_._STA]: AE_NOT_FOUND
[    0.161497] device: 'device:05': device_add
[    0.161505] bus: 'acpi': add device device:05
[    0.161523]     utils-0051 util_eval_error       : Evaluate [\_SB_.PCI0.PB3_.VGA_.LCD_._SUN]: AE_NOT_FOUND
[    0.161543]      scan-1916 add_single_object     : Added device:05 [\_SB_.PCI0.PB3_.VGA_.LCD_] parent LNXVIDEO:00
[    0.161556]      scan-1133 get_device_data       : No context for object [ffff88040d83ad48]
[    0.161565]      scan-1133 get_device_data       : No context for object [ffff88040d83ad70]
[    0.161573]      scan-1133 get_device_data       : No context for object [ffff88040d83ad98]
[    0.161581]      scan-1133 get_device_data       : No context for object [ffff88040d83adc0]
[    0.161589]      scan-1133 get_device_data       : No context for object [ffff88040d83ade8]
[    0.161597]      scan-1133 get_device_data       : No context for object [ffff88040d83ae10]
[    0.161606]      scan-1133 get_device_data       : No context for object [ffff88040d83ae38]
[    0.161614]      scan-1133 get_device_data       : No context for object [ffff88040d83ae60]
[    0.161624]     utils-0051 util_eval_error       : Evaluate [\_SB_.PCI0.PB3_.VGA_.TV0_._STA]: AE_NOT_FOUND
[    0.161669] device: 'device:06': device_add
[    0.161676] bus: 'acpi': add device device:06
[    0.161694]     utils-0051 util_eval_error       : Evaluate [\_SB_.PCI0.PB3_.VGA_.TV0_._SUN]: AE_NOT_FOUND
[    0.161712]      scan-1916 add_single_object     : Added device:06 [\_SB_.PCI0.PB3_.VGA_.TV0_] parent LNXVIDEO:00
[    0.161725]      scan-1133 get_device_data       : No context for object [ffff88040d83ae88]
[    0.161733]      scan-1133 get_device_data       : No context for object [ffff88040d83aeb0]
[    0.161742]      scan-1133 get_device_data       : No context for object [ffff88040d83aed8]
[    0.161750]      scan-1133 get_device_data       : No context for object [ffff88040d83af00]
[    0.161758]      scan-1133 get_device_data       : No context for object [ffff88040d83af28]
[    0.161768]     utils-0051 util_eval_error       : Evaluate [\_SB_.PCI0.PB3_.VGA_.HDMI._STA]: AE_NOT_FOUND
[    0.161820] device: 'device:07': device_add
[    0.161828] bus: 'acpi': add device device:07
[    0.161848]     utils-0051 util_eval_error       : Evaluate [\_SB_.PCI0.PB3_.VGA_.HDMI._SUN]: AE_NOT_FOUND
[    0.162016]      scan-1916 add_single_object     : Added device:07 [\_SB_.PCI0.PB3_.VGA_.HDMI] parent LNXVIDEO:00
[    0.162016]      scan-1133 get_device_data       : No context for object [ffff88040d83af50]
[    0.162016]      scan-1133 get_device_data       : No context for object [ffff88040d83af78]
[    0.162016]      scan-1133 get_device_data       : No context for object [ffff88040d83afa0]
[    0.162016]      scan-1133 get_device_data       : No context for object [ffff88040d83afc8]
[    0.162016]      scan-1133 get_device_data       : No context for object [ffff88040d823a00]
[    0.162016]     utils-0051 util_eval_error       : Evaluate [\_SB_.PCI0.PB3_.HDAU._STA]: AE_NOT_FOUND
[    0.162016] device: 'device:08': device_add
[    0.162016] bus: 'acpi': add device device:08
[    0.162016]     utils-0051 util_eval_error       : Evaluate [\_SB_.PCI0.PB3_.HDAU._SUN]: AE_NOT_FOUND
[    0.162029]      scan-1916 add_single_object     : Added device:08 [\_SB_.PCI0.PB3_.HDAU] parent device:03
[    0.162029]      scan-1133 get_device_data       : No context for object [ffff88040d823a28]
[    0.162035]      scan-1133 get_device_data       : No context for object [ffff88040d823a50]
[    0.162044]      scan-1133 get_device_data       : No context for object [ffff88040d823a78]
[    0.162052]      scan-1133 get_device_data       : No context for object [ffff88040d823aa0]
[    0.162060]      scan-1133 get_device_data       : No context for object [ffff88040d823ac8]
[    0.162068]      scan-1133 get_device_data       : No context for object [ffff88040d823af0]
[    0.162077]      scan-1133 get_device_data       : No context for object [ffff88040d823b18]
[    0.162087]     utils-0051 util_eval_error       : Evaluate [\_SB_.PCI0.PB4_._STA]: AE_NOT_FOUND
[    0.162192] device: 'device:09': device_add
[    0.162200] bus: 'acpi': add device device:09
[    0.162218]     utils-0051 util_eval_error       : Evaluate [\_SB_.PCI0.PB4_._SUN]: AE_NOT_FOUND
[    0.162237]      scan-1916 add_single_object     : Added device:09 [\_SB_.PCI0.PB4_] parent PNP0A08:00
[    0.162250]      scan-1133 get_device_data       : No context for object [ffff88040d823b40]
[    0.162258]      scan-1133 get_device_data       : No context for object [ffff88040d823b68]
[    0.162266]      scan-1133 get_device_data       : No context for object [ffff88040d823b90]
[    0.162275]      scan-1133 get_device_data       : No context for object [ffff88040d823bb8]
[    0.162283]      scan-1133 get_device_data       : No context for object [ffff88040d823be0]
[    0.162291]      scan-1133 get_device_data       : No context for object [ffff88040d823c08]
[    0.162299]      scan-1133 get_device_data       : No context for object [ffff88040d823c30]
[    0.162307]      scan-1133 get_device_data       : No context for object [ffff88040d823c58]
[    0.162316]      scan-1133 get_device_data       : No context for object [ffff88040d823c80]
[    0.162324]      scan-1133 get_device_data       : No context for object [ffff88040d823ca8]
[    0.162332]      scan-1133 get_device_data       : No context for object [ffff88040d823cd0]
[    0.162340]      scan-1133 get_device_data       : No context for object [ffff88040d823cf8]
[    0.162348]      scan-1133 get_device_data       : No context for object [ffff88040d823d20]
[    0.162357]      scan-1133 get_device_data       : No context for object [ffff88040d823d48]
[    0.162365]      scan-1133 get_device_data       : No context for object [ffff88040d823d70]
[    0.162373]      scan-1133 get_device_data       : No context for object [ffff88040d823d98]
[    0.162381]      scan-1133 get_device_data       : No context for object [ffff88040d823dc0]
[    0.162389]      scan-1133 get_device_data       : No context for object [ffff88040d823de8]
[    0.162398]      scan-1133 get_device_data       : No context for object [ffff88040d823e10]
[    0.162406]      scan-1133 get_device_data       : No context for object [ffff88040d823e38]
[    0.162414]      scan-1133 get_device_data       : No context for object [ffff88040d823e60]
[    0.162422]      scan-1133 get_device_data       : No context for object [ffff88040d823e88]
[    0.162430]      scan-1133 get_device_data       : No context for object [ffff88040d823eb0]
[    0.162438]      scan-1133 get_device_data       : No context for object [ffff88040d823ed8]
[    0.162446]      scan-1133 get_device_data       : No context for object [ffff88040d823f00]
[    0.162455]      scan-1133 get_device_data       : No context for object [ffff88040d823f28]
[    0.162463]      scan-1133 get_device_data       : No context for object [ffff88040d823f50]
[    0.162471]      scan-1133 get_device_data       : No context for object [ffff88040d823f78]
[    0.162479]      scan-1133 get_device_data       : No context for object [ffff88040d823fa0]
[    0.162487]      scan-1133 get_device_data       : No context for object [ffff88040d823fc8]
[    0.162495]      scan-1133 get_device_data       : No context for object [ffff88040d825000]
[    0.162505]     utils-0051 util_eval_error       : Evaluate [\_SB_.PCI0.PB4_.XPDV._STA]: AE_NOT_FOUND
[    0.162550] device: 'device:0a': device_add
[    0.162557] bus: 'acpi': add device device:0a
[    0.162577]     utils-0051 util_eval_error       : Evaluate [\_SB_.PCI0.PB4_.XPDV._SUN]: AE_NOT_FOUND
[    0.162595]      scan-1916 add_single_object     : Added device:0a [\_SB_.PCI0.PB4_.XPDV] parent device:09
[    0.162608]      scan-1133 get_device_data       : No context for object [ffff88040d825028]
[    0.162616]      scan-1133 get_device_data       : No context for object [ffff88040d825050]
[    0.162625]      scan-1133 get_device_data       : No context for object [ffff88040d825078]
[    0.162633]      scan-1133 get_device_data       : No context for object [ffff88040d8250a0]
[    0.162641]      scan-1133 get_device_data       : No context for object [ffff88040d8250c8]
[    0.162649]      scan-1133 get_device_data       : No context for object [ffff88040d837500]
[    0.162658]      scan-1133 get_device_data       : No context for object [ffff88040d8250f0]
[    0.162666]      scan-1133 get_device_data       : No context for object [ffff88040d825118]
[    0.162676]     utils-0051 util_eval_error       : Evaluate [\_SB_.PCI0.PB5_._STA]: AE_NOT_FOUND
[    0.162782] device: 'device:0b': device_add
[    0.162789] bus: 'acpi': add device device:0b
[    0.162807]     utils-0051 util_eval_error       : Evaluate [\_SB_.PCI0.PB5_._SUN]: AE_NOT_FOUND
[    0.162825]      scan-1916 add_single_object     : Added device:0b [\_SB_.PCI0.PB5_] parent PNP0A08:00
[    0.162838]      scan-1133 get_device_data       : No context for object [ffff88040d825140]
[    0.162846]      scan-1133 get_device_data       : No context for object [ffff88040d825168]
[    0.162854]      scan-1133 get_device_data       : No context for object [ffff88040d825190]
[    0.162863]      scan-1133 get_device_data       : No context for object [ffff88040d8251b8]
[    0.162871]      scan-1133 get_device_data       : No context for object [ffff88040d8251e0]
[    0.162879]      scan-1133 get_device_data       : No context for object [ffff88040d825208]
[    0.162887]      scan-1133 get_device_data       : No context for object [ffff88040d825230]
[    0.162896]      scan-1133 get_device_data       : No context for object [ffff88040d825258]
[    0.162904]      scan-1133 get_device_data       : No context for object [ffff88040d825280]
[    0.162912]      scan-1133 get_device_data       : No context for object [ffff88040d8252a8]
[    0.162920]      scan-1133 get_device_data       : No context for object [ffff88040d8252d0]
[    0.162928]      scan-1133 get_device_data       : No context for object [ffff88040d8252f8]
[    0.162936]      scan-1133 get_device_data       : No context for object [ffff88040d825320]
[    0.162945]      scan-1133 get_device_data       : No context for object [ffff88040d825348]
[    0.162953]      scan-1133 get_device_data       : No context for object [ffff88040d825370]
[    0.162961]      scan-1133 get_device_data       : No context for object [ffff88040d825398]
[    0.162969]      scan-1133 get_device_data       : No context for object [ffff88040d8253c0]
[    0.162977]      scan-1133 get_device_data       : No context for object [ffff88040d8253e8]
[    0.162985]      scan-1133 get_device_data       : No context for object [ffff88040d825410]
[    0.162994]      scan-1133 get_device_data       : No context for object [ffff88040d825438]
[    0.163009]      scan-1133 get_device_data       : No context for object [ffff88040d825460]
[    0.163017]      scan-1133 get_device_data       : No context for object [ffff88040d825488]
[    0.163025]      scan-1133 get_device_data       : No context for object [ffff88040d8254b0]
[    0.163034]      scan-1133 get_device_data       : No context for object [ffff88040d8254d8]
[    0.163042]      scan-1133 get_device_data       : No context for object [ffff88040d825500]
[    0.163050]      scan-1133 get_device_data       : No context for object [ffff88040d825528]
[    0.163058]      scan-1133 get_device_data       : No context for object [ffff88040d825550]
[    0.163066]      scan-1133 get_device_data       : No context for object [ffff88040d825578]
[    0.163075]      scan-1133 get_device_data       : No context for object [ffff88040d8255a0]
[    0.163083]      scan-1133 get_device_data       : No context for object [ffff88040d8255c8]
[    0.163091]      scan-1133 get_device_data       : No context for object [ffff88040d8255f0]
[    0.163101]     utils-0051 util_eval_error       : Evaluate [\_SB_.PCI0.PB5_.XPDV._STA]: AE_NOT_FOUND
[    0.163146] device: 'device:0c': device_add
[    0.163154] bus: 'acpi': add device device:0c
[    0.163171]     utils-0051 util_eval_error       : Evaluate [\_SB_.PCI0.PB5_.XPDV._SUN]: AE_NOT_FOUND
[    0.163190]      scan-1916 add_single_object     : Added device:0c [\_SB_.PCI0.PB5_.XPDV] parent device:0b
[    0.163202]      scan-1133 get_device_data       : No context for object [ffff88040d825618]
[    0.163211]      scan-1133 get_device_data       : No context for object [ffff88040d825640]
[    0.163219]      scan-1133 get_device_data       : No context for object [ffff88040d825668]
[    0.163227]      scan-1133 get_device_data       : No context for object [ffff88040d825690]
[    0.163236]      scan-1133 get_device_data       : No context for object [ffff88040d8256b8]
[    0.163244]      scan-1133 get_device_data       : No context for object [ffff88040d837528]
[    0.163252]      scan-1133 get_device_data       : No context for object [ffff88040d8256e0]
[    0.163261]      scan-1133 get_device_data       : No context for object [ffff88040d825708]
[    0.163271]     utils-0051 util_eval_error       : Evaluate [\_SB_.PCI0.PB6_._STA]: AE_NOT_FOUND
[    0.163332] device: 'device:0d': device_add
[    0.163340] bus: 'acpi': add device device:0d
[    0.163360]     utils-0051 util_eval_error       : Evaluate [\_SB_.PCI0.PB6_._SUN]: AE_NOT_FOUND
[    0.163379]      scan-1916 add_single_object     : Added device:0d [\_SB_.PCI0.PB6_] parent PNP0A08:00
[    0.163392]      scan-1133 get_device_data       : No context for object [ffff88040d825730]
[    0.163400]      scan-1133 get_device_data       : No context for object [ffff88040d825758]
[    0.163409]      scan-1133 get_device_data       : No context for object [ffff88040d825780]
[    0.163417]      scan-1133 get_device_data       : No context for object [ffff88040d8257a8]
[    0.163425]      scan-1133 get_device_data       : No context for object [ffff88040d8257d0]
[    0.163434]      scan-1133 get_device_data       : No context for object [ffff88040d8257f8]
[    0.163442]      scan-1133 get_device_data       : No context for object [ffff88040d825820]
[    0.163450]      scan-1133 get_device_data       : No context for object [ffff88040d825848]
[    0.163458]      scan-1133 get_device_data       : No context for object [ffff88040d825870]
[    0.163466]      scan-1133 get_device_data       : No context for object [ffff88040d825898]
[    0.163475]      scan-1133 get_device_data       : No context for object [ffff88040d8258c0]
[    0.163483]      scan-1133 get_device_data       : No context for object [ffff88040d8258e8]
[    0.163491]      scan-1133 get_device_data       : No context for object [ffff88040d825910]
[    0.163499]      scan-1133 get_device_data       : No context for object [ffff88040d825938]
[    0.163507]      scan-1133 get_device_data       : No context for object [ffff88040d825960]
[    0.163515]      scan-1133 get_device_data       : No context for object [ffff88040d825988]
[    0.163524]      scan-1133 get_device_data       : No context for object [ffff88040d8259b0]
[    0.163532]      scan-1133 get_device_data       : No context for object [ffff88040d8259d8]
[    0.163540]      scan-1133 get_device_data       : No context for object [ffff88040d825a00]
[    0.163549]      scan-1133 get_device_data       : No context for object [ffff88040d825a28]
[    0.163557]      scan-1133 get_device_data       : No context for object [ffff88040d825a50]
[    0.163565]      scan-1133 get_device_data       : No context for object [ffff88040d825a78]
[    0.163573]      scan-1133 get_device_data       : No context for object [ffff88040d825aa0]
[    0.163581]      scan-1133 get_device_data       : No context for object [ffff88040d825ac8]
[    0.163590]      scan-1133 get_device_data       : No context for object [ffff88040d825af0]
[    0.163598]      scan-1133 get_device_data       : No context for object [ffff88040d825b18]
[    0.163606]      scan-1133 get_device_data       : No context for object [ffff88040d825b40]
[    0.163614]      scan-1133 get_device_data       : No context for object [ffff88040d825b68]
[    0.163622]      scan-1133 get_device_data       : No context for object [ffff88040d825b90]
[    0.163630]      scan-1133 get_device_data       : No context for object [ffff88040d825bb8]
[    0.163639]      scan-1133 get_device_data       : No context for object [ffff88040d825be0]
[    0.163648]     utils-0051 util_eval_error       : Evaluate [\_SB_.PCI0.PB6_.XPDV._STA]: AE_NOT_FOUND
[    0.163692] device: 'device:0e': device_add
[    0.163699] bus: 'acpi': add device device:0e
[    0.163716]     utils-0051 util_eval_error       : Evaluate [\_SB_.PCI0.PB6_.XPDV._SUN]: AE_NOT_FOUND
[    0.163735]      scan-1916 add_single_object     : Added device:0e [\_SB_.PCI0.PB6_.XPDV] parent device:0d
[    0.163747]      scan-1133 get_device_data       : No context for object [ffff88040d825c08]
[    0.163755]      scan-1133 get_device_data       : No context for object [ffff88040d825c30]
[    0.163764]      scan-1133 get_device_data       : No context for object [ffff88040d825c58]
[    0.163772]      scan-1133 get_device_data       : No context for object [ffff88040d825c80]
[    0.163780]      scan-1133 get_device_data       : No context for object [ffff88040d825ca8]
[    0.163789]      scan-1133 get_device_data       : No context for object [ffff88040d837550]
[    0.163797]      scan-1133 get_device_data       : No context for object [ffff88040d825cd0]
[    0.163805]      scan-1133 get_device_data       : No context for object [ffff88040d825cf8]
[    0.163815]     utils-0051 util_eval_error       : Evaluate [\_SB_.PCI0.PB7_._STA]: AE_NOT_FOUND
[    0.163920] device: 'device:0f': device_add
[    0.163928] bus: 'acpi': add device device:0f
[    0.163946]     utils-0051 util_eval_error       : Evaluate [\_SB_.PCI0.PB7_._SUN]: AE_NOT_FOUND
[    0.164016]      scan-1916 add_single_object     : Added device:0f [\_SB_.PCI0.PB7_] parent PNP0A08:00
[    0.164016]      scan-1133 get_device_data       : No context for object [ffff88040d825d20]
[    0.164016]      scan-1133 get_device_data       : No context for object [ffff88040d825d48]
[    0.164016]      scan-1133 get_device_data       : No context for object [ffff88040d825d70]
[    0.164016]      scan-1133 get_device_data       : No context for object [ffff88040d825d98]
[    0.164021]      scan-1133 get_device_data       : No context for object [ffff88040d825dc0]
[    0.164030]      scan-1133 get_device_data       : No context for object [ffff88040d825de8]
[    0.164038]      scan-1133 get_device_data       : No context for object [ffff88040d825e10]
[    0.164047]      scan-1133 get_device_data       : No context for object [ffff88040d825e38]
[    0.164055]      scan-1133 get_device_data       : No context for object [ffff88040d825e60]
[    0.164063]      scan-1133 get_device_data       : No context for object [ffff88040d825e88]
[    0.164072]      scan-1133 get_device_data       : No context for object [ffff88040d825eb0]
[    0.164080]      scan-1133 get_device_data       : No context for object [ffff88040d825ed8]
[    0.164088]      scan-1133 get_device_data       : No context for object [ffff88040d825f00]
[    0.164097]      scan-1133 get_device_data       : No context for object [ffff88040d825f28]
[    0.164105]      scan-1133 get_device_data       : No context for object [ffff88040d825f50]
[    0.164113]      scan-1133 get_device_data       : No context for object [ffff88040d825f78]
[    0.164121]      scan-1133 get_device_data       : No context for object [ffff88040d825fa0]
[    0.164130]      scan-1133 get_device_data       : No context for object [ffff88040d825fc8]
[    0.164138]      scan-1133 get_device_data       : No context for object [ffff88040d827000]
[    0.164146]      scan-1133 get_device_data       : No context for object [ffff88040d827028]
[    0.164155]      scan-1133 get_device_data       : No context for object [ffff88040d827050]
[    0.164163]      scan-1133 get_device_data       : No context for object [ffff88040d827078]
[    0.164171]      scan-1133 get_device_data       : No context for object [ffff88040d8270a0]
[    0.164179]      scan-1133 get_device_data       : No context for object [ffff88040d8270c8]
[    0.164188]      scan-1133 get_device_data       : No context for object [ffff88040d8270f0]
[    0.164196]      scan-1133 get_device_data       : No context for object [ffff88040d827118]
[    0.164204]      scan-1133 get_device_data       : No context for object [ffff88040d827140]
[    0.164213]      scan-1133 get_device_data       : No context for object [ffff88040d827168]
[    0.164221]      scan-1133 get_device_data       : No context for object [ffff88040d827190]
[    0.164229]      scan-1133 get_device_data       : No context for object [ffff88040d8271b8]
[    0.164237]      scan-1133 get_device_data       : No context for object [ffff88040d8271e0]
[    0.164247]     utils-0051 util_eval_error       : Evaluate [\_SB_.PCI0.PB7_.XPDV._STA]: AE_NOT_FOUND
[    0.164292] device: 'device:10': device_add
[    0.164299] bus: 'acpi': add device device:10
[    0.164320]     utils-0051 util_eval_error       : Evaluate [\_SB_.PCI0.PB7_.XPDV._SUN]: AE_NOT_FOUND
[    0.164338]      scan-1916 add_single_object     : Added device:10 [\_SB_.PCI0.PB7_.XPDV] parent device:0f
[    0.164351]      scan-1133 get_device_data       : No context for object [ffff88040d827208]
[    0.164359]      scan-1133 get_device_data       : No context for object [ffff88040d827230]
[    0.164368]      scan-1133 get_device_data       : No context for object [ffff88040d827258]
[    0.164376]      scan-1133 get_device_data       : No context for object [ffff88040d827280]
[    0.164384]      scan-1133 get_device_data       : No context for object [ffff88040d8272a8]
[    0.164392]      scan-1133 get_device_data       : No context for object [ffff88040d837488]
[    0.164401]      scan-1133 get_device_data       : No context for object [ffff88040d8272d0]
[    0.164409]      scan-1133 get_device_data       : No context for object [ffff88040d8272f8]
[    0.164419]     utils-0051 util_eval_error       : Evaluate [\_SB_.PCI0.OHC1._STA]: AE_NOT_FOUND
[    0.164521] device: 'device:11': device_add
[    0.164528] bus: 'acpi': add device device:11
[    0.164545]     utils-0051 util_eval_error       : Evaluate [\_SB_.PCI0.OHC1._SUN]: AE_NOT_FOUND
[    0.164564]      scan-1916 add_single_object     : Added device:11 [\_SB_.PCI0.OHC1] parent PNP0A08:00
[    0.164576]      scan-1133 get_device_data       : No context for object [ffff88040d827320]
[    0.164584]      scan-1133 get_device_data       : No context for object [ffff88040d827348]
[    0.164592]      scan-1133 get_device_data       : No context for object [ffff88040d83b2f8]
[    0.164602]     utils-0051 util_eval_error       : Evaluate [\_SB_.PCI0.OHC1.RHUB._STA]: AE_NOT_FOUND
[    0.164646] device: 'device:12': device_add
[    0.164653] bus: 'acpi': add device device:12
[    0.164670]     utils-0051 util_eval_error       : Evaluate [\_SB_.PCI0.OHC1.RHUB._SUN]: AE_NOT_FOUND
[    0.164689]      scan-1916 add_single_object     : Added device:12 [\_SB_.PCI0.OHC1.RHUB] parent device:11
[    0.164701]      scan-1133 get_device_data       : No context for object [ffff88040d83b320]
[    0.164710]      scan-1133 get_device_data       : No context for object [ffff88040d83b348]
[    0.164719]     utils-0051 util_eval_error       : Evaluate [\_SB_.PCI0.OHC1.RHUB.PRT3._STA]: AE_NOT_FOUND
[    0.164763] device: 'device:13': device_add
[    0.164771] bus: 'acpi': add device device:13
[    0.164791]     utils-0051 util_eval_error       : Evaluate [\_SB_.PCI0.OHC1.RHUB.PRT3._SUN]: AE_NOT_FOUND
[    0.165016]      scan-1916 add_single_object     : Added device:13 [\_SB_.PCI0.OHC1.RHUB.PRT3] parent device:12
[    0.165016]      scan-1133 get_device_data       : No context for object [ffff88040d83b370]
[    0.165016]      scan-1133 get_device_data       : No context for object [ffff88040d83b398]
[    0.165016]      scan-1133 get_device_data       : No context for object [ffff88040d83b3c0]
[    0.165016]      scan-1133 get_device_data       : No context for object [ffff88040d83b3e8]
[    0.165016]     utils-0051 util_eval_error       : Evaluate [\_SB_.PCI0.OHC1.RHUB.PRT4._STA]: AE_NOT_FOUND
[    0.165016] device: 'device:14': device_add
[    0.165016] bus: 'acpi': add device device:14
[    0.165016]     utils-0051 util_eval_error       : Evaluate [\_SB_.PCI0.OHC1.RHUB.PRT4._SUN]: AE_NOT_FOUND
[    0.165022]      scan-1916 add_single_object     : Added device:14 [\_SB_.PCI0.OHC1.RHUB.PRT4] parent device:12
[    0.165022]      scan-1133 get_device_data       : No context for object [ffff88040d83b410]
[    0.165022]      scan-1133 get_device_data       : No context for object [ffff88040d83b438]
[    0.165022]      scan-1133 get_device_data       : No context for object [ffff88040d83b460]
[    0.165022]      scan-1133 get_device_data       : No context for object [ffff88040d827370]
[    0.165022]     utils-0051 util_eval_error       : Evaluate [\_SB_.PCI0.EHC1._STA]: AE_NOT_FOUND
[    0.165101] device: 'device:15': device_add
[    0.165109] bus: 'acpi': add device device:15
[    0.165127]     utils-0051 util_eval_error       : Evaluate [\_SB_.PCI0.EHC1._SUN]: AE_NOT_FOUND
[    0.165145]      scan-1916 add_single_object     : Added device:15 [\_SB_.PCI0.EHC1] parent PNP0A08:00
[    0.165157]      scan-1133 get_device_data       : No context for object [ffff88040d827398]
[    0.165165]      scan-1133 get_device_data       : No context for object [ffff88040d8273c0]
[    0.165173]      scan-1133 get_device_data       : No context for object [ffff88040d83b028]
[    0.165183]     utils-0051 util_eval_error       : Evaluate [\_SB_.PCI0.EHC1.RHUB._STA]: AE_NOT_FOUND
[    0.165226] device: 'device:16': device_add
[    0.165234] bus: 'acpi': add device device:16
[    0.165254]     utils-0051 util_eval_error       : Evaluate [\_SB_.PCI0.EHC1.RHUB._SUN]: AE_NOT_FOUND
[    0.165273]      scan-1916 add_single_object     : Added device:16 [\_SB_.PCI0.EHC1.RHUB] parent device:15
[    0.165285]      scan-1133 get_device_data       : No context for object [ffff88040d83b050]
[    0.165294]      scan-1133 get_device_data       : No context for object [ffff88040d83b078]
[    0.165303]     utils-0051 util_eval_error       : Evaluate [\_SB_.PCI0.EHC1.RHUB.PRT3._STA]: AE_NOT_FOUND
[    0.165347] device: 'device:17': device_add
[    0.165355] bus: 'acpi': add device device:17
[    0.165372]     utils-0051 util_eval_error       : Evaluate [\_SB_.PCI0.EHC1.RHUB.PRT3._SUN]: AE_NOT_FOUND
[    0.165391]      scan-1916 add_single_object     : Added device:17 [\_SB_.PCI0.EHC1.RHUB.PRT3] parent device:16
[    0.165403]      scan-1133 get_device_data       : No context for object [ffff88040d83b0a0]
[    0.165412]      scan-1133 get_device_data       : No context for object [ffff88040d83b0c8]
[    0.165420]      scan-1133 get_device_data       : No context for object [ffff88040d83b0f0]
[    0.165429]      scan-1133 get_device_data       : No context for object [ffff88040d83b118]
[    0.165439]     utils-0051 util_eval_error       : Evaluate [\_SB_.PCI0.EHC1.RHUB.PRT4._STA]: AE_NOT_FOUND
[    0.165483] device: 'device:18': device_add
[    0.165490] bus: 'acpi': add device device:18
[    0.165507]     utils-0051 util_eval_error       : Evaluate [\_SB_.PCI0.EHC1.RHUB.PRT4._SUN]: AE_NOT_FOUND
[    0.165527]      scan-1916 add_single_object     : Added device:18 [\_SB_.PCI0.EHC1.RHUB.PRT4] parent device:16
[    0.165539]      scan-1133 get_device_data       : No context for object [ffff88040d83b140]
[    0.165547]      scan-1133 get_device_data       : No context for object [ffff88040d83b168]
[    0.165556]      scan-1133 get_device_data       : No context for object [ffff88040d83b190]
[    0.165565]      scan-1133 get_device_data       : No context for object [ffff88040d8273e8]
[    0.165574]     utils-0051 util_eval_error       : Evaluate [\_SB_.PCI0.OHC2._STA]: AE_NOT_FOUND
[    0.165677] device: 'device:19': device_add
[    0.165685] bus: 'acpi': add device device:19
[    0.165706]     utils-0051 util_eval_error       : Evaluate [\_SB_.PCI0.OHC2._SUN]: AE_NOT_FOUND
[    0.165724]      scan-1916 add_single_object     : Added device:19 [\_SB_.PCI0.OHC2] parent PNP0A08:00
[    0.165736]      scan-1133 get_device_data       : No context for object [ffff88040d827410]
[    0.165745]      scan-1133 get_device_data       : No context for object [ffff88040d827438]
[    0.165753]      scan-1133 get_device_data       : No context for object [ffff88040d83b488]
[    0.165763]     utils-0051 util_eval_error       : Evaluate [\_SB_.PCI0.OHC2.RHUB._STA]: AE_NOT_FOUND
[    0.165806] device: 'device:1a': device_add
[    0.165813] bus: 'acpi': add device device:1a
[    0.165831]     utils-0051 util_eval_error       : Evaluate [\_SB_.PCI0.OHC2.RHUB._SUN]: AE_NOT_FOUND
[    0.166017]      scan-1916 add_single_object     : Added device:1a [\_SB_.PCI0.OHC2.RHUB] parent device:19
[    0.166017]      scan-1133 get_device_data       : No context for object [ffff88040d83b4b0]
[    0.166017]      scan-1133 get_device_data       : No context for object [ffff88040d83b4d8]
[    0.166017]     utils-0051 util_eval_error       : Evaluate [\_SB_.PCI0.OHC2.RHUB.PRT4._STA]: AE_NOT_FOUND
[    0.166017] device: 'device:1b': device_add
[    0.166017] bus: 'acpi': add device device:1b
[    0.166017]     utils-0051 util_eval_error       : Evaluate [\_SB_.PCI0.OHC2.RHUB.PRT4._SUN]: AE_NOT_FOUND
[    0.166022]      scan-1916 add_single_object     : Added device:1b [\_SB_.PCI0.OHC2.RHUB.PRT4] parent device:1a
[    0.166022]      scan-1133 get_device_data       : No context for object [ffff88040d83b500]
[    0.166022]      scan-1133 get_device_data       : No context for object [ffff88040d83b528]
[    0.166022]      scan-1133 get_device_data       : No context for object [ffff88040d83b550]
[    0.166022]      scan-1133 get_device_data       : No context for object [ffff88040d827460]
[    0.166025]     utils-0051 util_eval_error       : Evaluate [\_SB_.PCI0.EHC2._STA]: AE_NOT_FOUND
[    0.166127] device: 'device:1c': device_add
[    0.166134] bus: 'acpi': add device device:1c
[    0.166155]     utils-0051 util_eval_error       : Evaluate [\_SB_.PCI0.EHC2._SUN]: AE_NOT_FOUND
[    0.166174]      scan-1916 add_single_object     : Added device:1c [\_SB_.PCI0.EHC2] parent PNP0A08:00
[    0.166186]      scan-1133 get_device_data       : No context for object [ffff88040d827488]
[    0.166195]      scan-1133 get_device_data       : No context for object [ffff88040d8274b0]
[    0.166203]      scan-1133 get_device_data       : No context for object [ffff88040d83b1b8]
[    0.166212]     utils-0051 util_eval_error       : Evaluate [\_SB_.PCI0.EHC2.RHUB._STA]: AE_NOT_FOUND
[    0.166255] device: 'device:1d': device_add
[    0.166263] bus: 'acpi': add device device:1d
[    0.166280]     utils-0051 util_eval_error       : Evaluate [\_SB_.PCI0.EHC2.RHUB._SUN]: AE_NOT_FOUND
[    0.166299]      scan-1916 add_single_object     : Added device:1d [\_SB_.PCI0.EHC2.RHUB] parent device:1c
[    0.166311]      scan-1133 get_device_data       : No context for object [ffff88040d83b1e0]
[    0.166319]      scan-1133 get_device_data       : No context for object [ffff88040d83b208]
[    0.166329]     utils-0051 util_eval_error       : Evaluate [\_SB_.PCI0.EHC2.RHUB.PRT2._STA]: AE_NOT_FOUND
[    0.166373] device: 'device:1e': device_add
[    0.166380] bus: 'acpi': add device device:1e
[    0.166398]     utils-0051 util_eval_error       : Evaluate [\_SB_.PCI0.EHC2.RHUB.PRT2._SUN]: AE_NOT_FOUND
[    0.166416]      scan-1916 add_single_object     : Added device:1e [\_SB_.PCI0.EHC2.RHUB.PRT2] parent device:1d
[    0.166429]      scan-1133 get_device_data       : No context for object [ffff88040d83b230]
[    0.166437]      scan-1133 get_device_data       : No context for object [ffff88040d83b258]
[    0.166445]      scan-1133 get_device_data       : No context for object [ffff88040d83b280]
[    0.166454]      scan-1133 get_device_data       : No context for object [ffff88040d8274d8]
[    0.166464]     utils-0051 util_eval_error       : Evaluate [\_SB_.PCI0.OHC3._STA]: AE_NOT_FOUND
[    0.166566] device: 'device:1f': device_add
[    0.166574] bus: 'acpi': add device device:1f
[    0.166594]     utils-0051 util_eval_error       : Evaluate [\_SB_.PCI0.OHC3._SUN]: AE_NOT_FOUND
[    0.166613]      scan-1916 add_single_object     : Added device:1f [\_SB_.PCI0.OHC3] parent PNP0A08:00
[    0.166625]      scan-1133 get_device_data       : No context for object [ffff88040d827500]
[    0.166633]      scan-1133 get_device_data       : No context for object [ffff88040d827528]
[    0.166641]      scan-1133 get_device_data       : No context for object [ffff88040d83b578]
[    0.166651]     utils-0051 util_eval_error       : Evaluate [\_SB_.PCI0.OHC3.RHUB._STA]: AE_NOT_FOUND
[    0.166695] device: 'device:20': device_add
[    0.166702] bus: 'acpi': add device device:20
[    0.166720]     utils-0051 util_eval_error       : Evaluate [\_SB_.PCI0.OHC3.RHUB._SUN]: AE_NOT_FOUND
[    0.166738]      scan-1916 add_single_object     : Added device:20 [\_SB_.PCI0.OHC3.RHUB] parent device:1f
[    0.166750]      scan-1133 get_device_data       : No context for object [ffff88040d83b5a0]
[    0.166759]      scan-1133 get_device_data       : No context for object [ffff88040d827550]
[    0.166769]     utils-0051 util_eval_error       : Evaluate [\_SB_.PCI0.EHC3._STA]: AE_NOT_FOUND
[    0.166872] device: 'device:21': device_add
[    0.166880] bus: 'acpi': add device device:21
[    0.166898]     utils-0051 util_eval_error       : Evaluate [\_SB_.PCI0.EHC3._SUN]: AE_NOT_FOUND
[    0.167016]      scan-1916 add_single_object     : Added device:21 [\_SB_.PCI0.EHC3] parent PNP0A08:00
[    0.167016]      scan-1133 get_device_data       : No context for object [ffff88040d827578]
[    0.167016]      scan-1133 get_device_data       : No context for object [ffff88040d8275a0]
[    0.167016]      scan-1133 get_device_data       : No context for object [ffff88040d83b2a8]
[    0.167016]     utils-0051 util_eval_error       : Evaluate [\_SB_.PCI0.EHC3.RHUB._STA]: AE_NOT_FOUND
[    0.167016] device: 'device:22': device_add
[    0.167016] bus: 'acpi': add device device:22
[    0.167027]     utils-0051 util_eval_error       : Evaluate [\_SB_.PCI0.EHC3.RHUB._SUN]: AE_NOT_FOUND
[    0.167045]      scan-1916 add_single_object     : Added device:22 [\_SB_.PCI0.EHC3.RHUB] parent device:21
[    0.167058]      scan-1133 get_device_data       : No context for object [ffff88040d83b2d0]
[    0.167066]      scan-1133 get_device_data       : No context for object [ffff88040d8275c8]
[    0.167076]     utils-0051 util_eval_error       : Evaluate [\_SB_.PCI0.OHC4._STA]: AE_NOT_FOUND
[    0.167178] device: 'device:23': device_add
[    0.167186] bus: 'acpi': add device device:23
[    0.167203]     utils-0051 util_eval_error       : Evaluate [\_SB_.PCI0.OHC4._SUN]: AE_NOT_FOUND
[    0.167221]      scan-1916 add_single_object     : Added device:23 [\_SB_.PCI0.OHC4] parent PNP0A08:00
[    0.167233]      scan-1133 get_device_data       : No context for object [ffff88040d8275f0]
[    0.167242]      scan-1133 get_device_data       : No context for object [ffff88040d827618]
[    0.167250]      scan-1133 get_device_data       : No context for object [ffff88040d827640]
[    0.167259]     utils-0051 util_eval_error       : Evaluate [\_SB_.PCI0.SBAZ._STA]: AE_NOT_FOUND
[    0.167317] device: 'device:24': device_add
[    0.167325] bus: 'acpi': add device device:24
[    0.167343]     utils-0051 util_eval_error       : Evaluate [\_SB_.PCI0.SBAZ._SUN]: AE_NOT_FOUND
[    0.167362]      scan-1916 add_single_object     : Added device:24 [\_SB_.PCI0.SBAZ] parent PNP0A08:00
[    0.167374]      scan-1133 get_device_data       : No context for object [ffff88040d827668]
[    0.167382]      scan-1133 get_device_data       : No context for object [ffff88040d827690]
[    0.167391]      scan-1133 get_device_data       : No context for object [ffff88040d8276b8]
[    0.167400]     utils-0051 util_eval_error       : Evaluate [\_SB_.PCI0.GEC_._STA]: AE_NOT_FOUND
[    0.167518] device: 'device:25': device_add
[    0.167526] bus: 'acpi': add device device:25
[    0.167547]     utils-0051 util_eval_error       : Evaluate [\_SB_.PCI0.GEC_._SUN]: AE_NOT_FOUND
[    0.167566]      scan-1916 add_single_object     : Added device:25 [\_SB_.PCI0.GEC_] parent PNP0A08:00
[    0.167578]      scan-1133 get_device_data       : No context for object [ffff88040d8276e0]
[    0.167587]      scan-1133 get_device_data       : No context for object [ffff88040d827708]
[    0.167595]      scan-1133 get_device_data       : No context for object [ffff88040d827730]
[    0.167603]      scan-1133 get_device_data       : No context for object [ffff88040d827758]
[    0.167612]      scan-1133 get_device_data       : No context for object [ffff88040d827780]
[    0.167620]      scan-1133 get_device_data       : No context for object [ffff88040d8277a8]
[    0.167628]      scan-1133 get_device_data       : No context for object [ffff88040d8277d0]
[    0.167636]      scan-1133 get_device_data       : No context for object [ffff88040d8277f8]
[    0.167645]      scan-1133 get_device_data       : No context for object [ffff88040d827820]
[    0.167654]     utils-0051 util_eval_error       : Evaluate [\_SB_.PCI0.SATA._STA]: AE_NOT_FOUND
[    0.167702] device: 'device:26': device_add
[    0.167710] bus: 'acpi': add device device:26
[    0.167728]     utils-0051 util_eval_error       : Evaluate [\_SB_.PCI0.SATA._SUN]: AE_NOT_FOUND
[    0.167747]      scan-1916 add_single_object     : Added device:26 [\_SB_.PCI0.SATA] parent PNP0A08:00
[    0.167759]      scan-1133 get_device_data       : No context for object [ffff88040d827848]
[    0.167768]      scan-1133 get_device_data       : No context for object [ffff88040d827870]
[    0.167776]      scan-1133 get_device_data       : No context for object [ffff88040d827898]
[    0.167784]      scan-1133 get_device_data       : No context for object [ffff88040d8278c0]
[    0.167792]      scan-1133 get_device_data       : No context for object [ffff88040d8278e8]
[    0.167801]      scan-1133 get_device_data       : No context for object [ffff88040d827910]
[    0.167809]      scan-1133 get_device_data       : No context for object [ffff88040d827938]
[    0.167817]      scan-1133 get_device_data       : No context for object [ffff88040d827960]
[    0.167825]      scan-1133 get_device_data       : No context for object [ffff88040d827988]
[    0.167833]      scan-1133 get_device_data       : No context for object [ffff88040d8279b0]
[    0.167841]      scan-1133 get_device_data       : No context for object [ffff88040d8279d8]
[    0.167849]      scan-1133 get_device_data       : No context for object [ffff88040d827a00]
[    0.167858]      scan-1133 get_device_data       : No context for object [ffff88040d827a28]
[    0.167866]      scan-1133 get_device_data       : No context for object [ffff88040d827a50]
[    0.167874]      scan-1133 get_device_data       : No context for object [ffff88040d827a78]
[    0.167882]      scan-1133 get_device_data       : No context for object [ffff88040d827aa0]
[    0.167890]      scan-1133 get_device_data       : No context for object [ffff88040d827ac8]
[    0.167899]      scan-1133 get_device_data       : No context for object [ffff88040d827af0]
[    0.167907]      scan-1133 get_device_data       : No context for object [ffff88040d827b18]
[    0.167915]      scan-1133 get_device_data       : No context for object [ffff88040d827b40]
[    0.167923]      scan-1133 get_device_data       : No context for object [ffff88040d827b68]
[    0.167931]      scan-1133 get_device_data       : No context for object [ffff88040d827b90]
[    0.167939]      scan-1133 get_device_data       : No context for object [ffff88040d827bb8]
[    0.167947]      scan-1133 get_device_data       : No context for object [ffff88040d827be0]
[    0.167955]      scan-1133 get_device_data       : No context for object [ffff88040d827c08]
[    0.167964]      scan-1133 get_device_data       : No context for object [ffff88040d827c30]
[    0.167972]      scan-1133 get_device_data       : No context for object [ffff88040d827c58]
[    0.167980]      scan-1133 get_device_data       : No context for object [ffff88040d827c80]
[    0.167988]      scan-1133 get_device_data       : No context for object [ffff88040d827ca8]
[    0.168021]      scan-1133 get_device_data       : No context for object [ffff88040d827cd0]
[    0.168021]      scan-1133 get_device_data       : No context for object [ffff88040d827cf8]
[    0.168022]      scan-1133 get_device_data       : No context for object [ffff88040d827d20]
[    0.168031]      scan-1133 get_device_data       : No context for object [ffff88040d827d48]
[    0.168039]      scan-1133 get_device_data       : No context for object [ffff88040d827d70]
[    0.168047]      scan-1133 get_device_data       : No context for object [ffff88040d827d98]
[    0.168055]      scan-1133 get_device_data       : No context for object [ffff88040d827dc0]
[    0.168063]      scan-1133 get_device_data       : No context for object [ffff88040d827de8]
[    0.168072]      scan-1133 get_device_data       : No context for object [ffff88040d827e10]
[    0.168080]      scan-1133 get_device_data       : No context for object [ffff88040d827e38]
[    0.168088]      scan-1133 get_device_data       : No context for object [ffff88040d827e60]
[    0.168096]      scan-1133 get_device_data       : No context for object [ffff88040d827e88]
[    0.168104]      scan-1133 get_device_data       : No context for object [ffff88040d827eb0]
[    0.168113]      scan-1133 get_device_data       : No context for object [ffff88040d827ed8]
[    0.168121]      scan-1133 get_device_data       : No context for object [ffff88040d827f00]
[    0.168129]      scan-1133 get_device_data       : No context for object [ffff88040d827f28]
[    0.168139]     utils-0051 util_eval_error       : Evaluate [\_SB_.PCI0.SATA.PRID._STA]: AE_NOT_FOUND
