[    0.000000] Initializing cgroup subsys cpuset
[    0.000000] Initializing cgroup subsys cpu
[    0.000000] Initializing cgroup subsys cpuacct
[    0.000000] Linux version 3.12.23-1-MANJARO (emacs@manji) (gcc version 4.9.0 20140604 (prerelease) (GCC) ) #5 SMP PREEMPT Sun Jul 13 20:11:03 CEST 2014
[    0.000000] Command line: BOOT_IMAGE=/vmlinuz-312-x86_64 root=UUID=bfa4ab6e-19a3-4601-ba2b-267c55841c73 rw cryptdevice=/dev/disk/by-uuid/70c08890-417a-497d-b6ab-c0d0357a63e2:cryptManjaro:allow-discards ipv6.disable=1 pnp.debug=1 loglevel=9 log_buf_len=10M printk.always_kmsg_dump=y printk.time=y mminit_loglevel=0 memory_corruption_check=1 fbcon=scrollback:4096k fbcon=font:ProFont6x11 acpi.debug_layer=0xfbff0000 acpi.debug_level=0xFFFFFFFD pnp.debug=1 radeon.dpm=1 radeonfb radeon.audio=0
[    0.000000] e820: BIOS-provided physical RAM map:
[    0.000000] BIOS-e820: [mem 0x0000000000000000-0x000000000009d7ff] usable
[    0.000000] BIOS-e820: [mem 0x000000000009d800-0x000000000009ffff] reserved
[    0.000000] BIOS-e820: [mem 0x00000000000e0000-0x00000000000fffff] reserved
[    0.000000] BIOS-e820: [mem 0x0000000000100000-0x00000000aed9afff] usable
[    0.000000] BIOS-e820: [mem 0x00000000aed9b000-0x00000000af39afff] reserved
[    0.000000] BIOS-e820: [mem 0x00000000af39b000-0x00000000af49afff] ACPI NVS
[    0.000000] BIOS-e820: [mem 0x00000000af49b000-0x00000000af51afff] ACPI data
[    0.000000] BIOS-e820: [mem 0x00000000af51b000-0x00000000afdfffff] usable
[    0.000000] BIOS-e820: [mem 0x00000000afe00000-0x00000000afffffff] reserved
[    0.000000] BIOS-e820: [mem 0x00000000fec00000-0x00000000fecfffff] reserved
[    0.000000] BIOS-e820: [mem 0x00000000fed80000-0x00000000fed80fff] reserved
[    0.000000] BIOS-e820: [mem 0x00000000ffe00000-0x00000000ffffffff] reserved
[    0.000000] BIOS-e820: [mem 0x0000000100000000-0x000000042effffff] usable
[    0.000000] NX (Execute Disable) protection: active
[    0.000000] SMBIOS 2.6 present.
[    0.000000] DMI: LENOVO Sabine/Torpedo, BIOS 54CN18WW 07/20/2011
[    0.000000] e820: update [mem 0x00000000-0x00000fff] usable ==> reserved
[    0.000000] e820: remove [mem 0x000a0000-0x000fffff] usable
[    0.000000] No AGP bridge found
[    0.000000] e820: last_pfn = 0x42f000 max_arch_pfn = 0x400000000
[    0.000000] MTRR default type: uncachable
[    0.000000] MTRR fixed ranges enabled:
[    0.000000]   00000-9FFFF write-back
[    0.000000]   A0000-BFFFF uncachable
[    0.000000]   C0000-FFFFF write-protect
[    0.000000] MTRR variable ranges enabled:
[    0.000000]   0 base 0000000000 mask FF80000000 write-back
[    0.000000]   1 base 0080000000 mask FFE0000000 write-back
[    0.000000]   2 base 00A0000000 mask FFF0000000 write-back
[    0.000000]   3 base 00FFF90000 mask FFFFFF0000 uncachable
[    0.000000]   4 base 00FED80000 mask 0FFFFFF000 uncachable
[    0.000000]   5 disabled
[    0.000000]   6 disabled
[    0.000000]   7 base 00FFE00000 mask FFFFE00000 write-protect
[    0.000000] TOM2: 000000042f000000 aka 17136M
[    0.000000] x86 PAT enabled: cpu 0, old 0x7040600070406, new 0x7010600070106
[    0.000000] mtrr: your BIOS has configured an incorrect mask, fixing it.
[    0.000000] e820: last_pfn = 0xafe00 max_arch_pfn = 0x400000000
[    0.000000] found SMP MP-table at [mem 0x000fa8b0-0x000fa8bf] mapped at [ffff8800000fa8b0]
[    0.000000] Scanning 1 areas for low memory corruption
[    0.000000] Base memory trampoline at [ffff880000097000] 97000 size 24576
[    0.000000] Using GB pages for direct mapping
[    0.000000] init_memory_mapping: [mem 0x00000000-0x000fffff]
[    0.000000]  [mem 0x00000000-0x000fffff] page 4k
[    0.000000] BRK [0x02058000, 0x02058fff] PGTABLE
[    0.000000] BRK [0x02059000, 0x02059fff] PGTABLE
[    0.000000] BRK [0x0205a000, 0x0205afff] PGTABLE
[    0.000000] init_memory_mapping: [mem 0x42ee00000-0x42effffff]
[    0.000000]  [mem 0x42ee00000-0x42effffff] page 2M
[    0.000000] BRK [0x0205b000, 0x0205bfff] PGTABLE
[    0.000000] init_memory_mapping: [mem 0x42c000000-0x42edfffff]
[    0.000000]  [mem 0x42c000000-0x42edfffff] page 2M
[    0.000000] init_memory_mapping: [mem 0x400000000-0x42bffffff]
[    0.000000]  [mem 0x400000000-0x42bffffff] page 2M
[    0.000000] init_memory_mapping: [mem 0x00100000-0xaed9afff]
[    0.000000]  [mem 0x00100000-0x001fffff] page 4k
[    0.000000]  [mem 0x00200000-0x3fffffff] page 2M
[    0.000000]  [mem 0x40000000-0x7fffffff] page 1G
[    0.000000]  [mem 0x80000000-0xaebfffff] page 2M
[    0.000000]  [mem 0xaec00000-0xaed9afff] page 4k
[    0.000000] init_memory_mapping: [mem 0xaf51b000-0xafdfffff]
[    0.000000]  [mem 0xaf51b000-0xaf5fffff] page 4k
[    0.000000]  [mem 0xaf600000-0xafdfffff] page 2M
[    0.000000] BRK [0x0205c000, 0x0205cfff] PGTABLE
[    0.000000] init_memory_mapping: [mem 0x100000000-0x3ffffffff]
[    0.000000]  [mem 0x100000000-0x3ffffffff] page 1G
[    0.000000] log_buf_len: 16777216
[    0.000000] early log buf free: 2092212(99%)
[    0.000000] RAMDISK: [mem 0x37850000-0x37c1ffff]
[    0.000000] ACPI: RSDP 00000000000f0110 00024 (v02 LENOVO)
[    0.000000] ACPI: XSDT 00000000af51a120 00074 (v01 LENOVO CB-01    00000001 LENO 00000001)
[    0.000000] ACPI: FACP 00000000af508000 000F4 (v04 LENOVO CB-01    00000001 PTL  00000001)
[    0.000000] ACPI: DSDT 00000000af50a000 0FD10 (v01 LENOVO CB-01    00001000 LENO 00000001)
[    0.000000] ACPI: FACS 00000000af478000 00040
[    0.000000] ACPI: HPET 00000000af507000 00038 (v01 LENOVO CB-01    00000001 PTL  00000001)
[    0.000000] ACPI: APIC 00000000af506000 0007A (v02 LENOVO CB-01    00000001 PTL  00000001)
[    0.000000] ACPI: MCFG 00000000af505000 0003C (v01 LENOVO CB-01    00000001 PTL  00000001)
[    0.000000] ACPI: SLIC 00000000af504000 00176 (v01 LENOVO CB-01    00000001 LENO 00000001)
[    0.000000] ACPI: UEFI 00000000af503000 0003E (v01 LENOVO CB-01    00000001 PTL  00000001)
[    0.000000] ACPI: UEFI 00000000af502000 00042 (v01 PTL      COMBUF 00000001 PTL  00000001)
[    0.000000] ACPI: SSDT 00000000af501000 00E34 (v01 AMD    POWERNOW 00000001 AMD  00000001)
[    0.000000] ACPI: SSDT 00000000af4ff000 0193D (v02    AMD     ALIB 00000001 MSFT 04000000)
[    0.000000] ACPI: UEFI 00000000af4fe000 0021A (v01 LENOVO CB-01    00000001 PTL  00000001)
[    0.000000] ACPI: Local APIC address 0xfee00000
[    0.000000] No NUMA configuration found
[    0.000000] Faking a node at [mem 0x0000000000000000-0x000000042effffff]
[    0.000000] Initmem setup node 0 [mem 0x00000000-0x42effffff]
[    0.000000]   NODE_DATA [mem 0x42dffa000-0x42dffdfff]
[    0.000000]  [ffffea0000000000-ffffea0010bfffff] PMD -> [ffff88041de00000-ffff88042d5fffff] on node 0
[    0.000000] Zone ranges:
[    0.000000]   DMA      [mem 0x00001000-0x00ffffff]
[    0.000000]   DMA32    [mem 0x01000000-0xffffffff]
[    0.000000]   Normal   [mem 0x100000000-0x42effffff]
[    0.000000] Movable zone start for each node
[    0.000000] Early memory node ranges
[    0.000000]   node   0: [mem 0x00001000-0x0009cfff]
[    0.000000]   node   0: [mem 0x00100000-0xaed9afff]
[    0.000000]   node   0: [mem 0xaf51b000-0xafdfffff]
[    0.000000]   node   0: [mem 0x100000000-0x42effffff]
[    0.000000] On node 0 totalpages: 4056604
[    0.000000]   DMA zone: 64 pages used for memmap
[    0.000000]   DMA zone: 21 pages reserved
[    0.000000]   DMA zone: 3996 pages, LIFO batch:0
[    0.000000]   DMA32 zone: 11162 pages used for memmap
[    0.000000]   DMA32 zone: 714368 pages, LIFO batch:31
[    0.000000]   Normal zone: 52160 pages used for memmap
[    0.000000]   Normal zone: 3338240 pages, LIFO batch:31
[    0.000000] ACPI: PM-Timer IO Port: 0x808
[    0.000000] ACPI: Local APIC address 0xfee00000
[    0.000000] ACPI: LAPIC (acpi_id[0x00] lapic_id[0x00] enabled)
[    0.000000] ACPI: LAPIC (acpi_id[0x01] lapic_id[0x01] enabled)
[    0.000000] ACPI: LAPIC (acpi_id[0x02] lapic_id[0x02] enabled)
[    0.000000] ACPI: LAPIC (acpi_id[0x03] lapic_id[0x03] enabled)
[    0.000000] ACPI: LAPIC_NMI (acpi_id[0x00] high edge lint[0x1])
[    0.000000] ACPI: LAPIC_NMI (acpi_id[0x01] high edge lint[0x1])
[    0.000000] ACPI: LAPIC_NMI (acpi_id[0x02] high edge lint[0x1])
[    0.000000] ACPI: LAPIC_NMI (acpi_id[0x03] high edge lint[0x1])
[    0.000000] ACPI: IOAPIC (id[0x02] address[0xfec00000] gsi_base[0])
[    0.000000] IOAPIC[0]: apic_id 2, version 33, address 0xfec00000, GSI 0-23
[    0.000000] ACPI: INT_SRC_OVR (bus 0 bus_irq 0 global_irq 2 dfl dfl)
[    0.000000] ACPI: IRQ0 used by override.
[    0.000000] ACPI: IRQ2 used by override.
[    0.000000] ACPI: IRQ9 used by override.
[    0.000000] Using ACPI (MADT) for SMP configuration information
[    0.000000] ACPI: HPET id: 0x43538210 base: 0xfed00000
[    0.000000] smpboot: Allowing 4 CPUs, 0 hotplug CPUs
[    0.000000] nr_irqs_gsi: 40
[    0.000000] e820: [mem 0xb0000000-0xfebfffff] available for PCI devices
[    0.000000] setup_percpu: NR_CPUS:128 nr_cpumask_bits:128 nr_cpu_ids:4 nr_node_ids:1
[    0.000000] PERCPU: Embedded 27 pages/cpu @ffff88042dc00000 s80896 r8192 d21504 u524288
[    0.000000] pcpu-alloc: s80896 r8192 d21504 u524288 alloc=1*2097152
[    0.000000] pcpu-alloc: [0] 0 1 2 3 
[    0.000000] Built 1 zonelists in Zone order, mobility grouping on.  Total pages: 3993197
[    0.000000] Policy zone: Normal
[    0.000000] Kernel command line: BOOT_IMAGE=/vmlinuz-312-x86_64 root=UUID=bfa4ab6e-19a3-4601-ba2b-267c55841c73 rw cryptdevice=/dev/disk/by-uuid/70c08890-417a-497d-b6ab-c0d0357a63e2:cryptManjaro:allow-discards ipv6.disable=1 pnp.debug=1 loglevel=9 log_buf_len=10M printk.always_kmsg_dump=y printk.time=y mminit_loglevel=0 memory_corruption_check=1 fbcon=scrollback:4096k fbcon=font:ProFont6x11 acpi.debug_layer=0xfbff0000 acpi.debug_level=0xFFFFFFFD pnp.debug=1 radeon.dpm=1 radeonfb radeon.audio=0
[    0.000000] PID hash table entries: 4096 (order: 3, 32768 bytes)
[    0.000000] Checking aperture...
[    0.000000] No AGP bridge found
[    0.000000] Memory: 15868664K/16226416K available (6417K kernel code, 786K rwdata, 2828K rodata, 880K init, 2752K bss, 357752K reserved)
[    0.000000] SLUB: HWalign=64, Order=0-3, MinObjects=0, CPUs=4, Nodes=1
[    0.000000] Preemptible hierarchical RCU implementation.
[    0.000000] 	RCU dyntick-idle grace-period acceleration is enabled.
[    0.000000] 	Additional per-CPU info printed with stalls.
[    0.000000] 	RCU restricting CPUs from NR_CPUS=128 to nr_cpu_ids=4.
[    0.000000] NR_IRQS:8448 nr_irqs:712 16
[    0.000000] spurious 8259A interrupt: IRQ7.
[    0.000000] Console: colour dummy device 80x25
[    0.000000] console [tty0] enabled
[    0.000000] allocated 65011712 bytes of page_cgroup
[    0.000000] please try 'cgroup_disable=memory' option if you don't want memory cgroups
[    0.000000] hpet clockevent registered
[    0.000000] tsc: Fast TSC calibration using PIT
[    0.001000] tsc: Detected 1397.515 MHz processor
[    0.000004] Calibrating delay loop (skipped), value calculated using timer frequency.. 2795.03 BogoMIPS (lpj=1397515)
[    0.000013] pid_max: default: 32768 minimum: 301
[    0.000054] Security Framework initialized
[    0.000060] Yama: becoming mindful.
[    0.001752] Dentry cache hash table entries: 2097152 (order: 12, 16777216 bytes)
[    0.009177] Inode-cache hash table entries: 1048576 (order: 11, 8388608 bytes)
[    0.012038] Mount-cache hash table entries: 256
[    0.012339] Initializing cgroup subsys memory
[    0.012358] Initializing cgroup subsys devices
[    0.012363] Initializing cgroup subsys freezer
[    0.012368] Initializing cgroup subsys blkio
[    0.012400] tseg: 00afe00000
[    0.012405] CPU: Physical Processor ID: 0
[    0.012409] CPU: Processor Core ID: 0
[    0.012413] mce: CPU supports 6 MCE banks
[    0.012428] Last level iTLB entries: 4KB 512, 2MB 16, 4MB 8
Last level dTLB entries: 4KB 1024, 2MB 128, 4MB 64
tlb_flushall_shift: 5
[    0.012603] Freeing SMP alternatives memory: 20K (ffffffff81da2000 - ffffffff81da7000)
[    0.012611] ACPI: Core revision 20130725
[    0.025202] ACPI: All ACPI Tables successfully acquired
[    0.027581] ..TIMER: vector=0x30 apic1=0 pin1=2 apic2=-1 pin2=-1
[    0.037593] smpboot: CPU0: AMD A6-3400M APU with Radeon(tm) HD Graphics (fam: 12, model: 01, stepping: 00)
[    0.139324] Performance Events: AMD PMU driver.
[    0.139332] ... version:                0
[    0.139336] ... bit width:              48
[    0.139340] ... generic registers:      4
[    0.139344] ... value mask:             0000ffffffffffff
[    0.139348] ... max period:             00007fffffffffff
[    0.139352] ... fixed-purpose events:   0
[    0.139355] ... event mask:             000000000000000f
[    0.145486] MCE: In-kernel MCE decoding enabled.
[    0.147414] NMI watchdog: enabled on all CPUs, permanently consumes one hw-PMU counter.
[    0.149435] smpboot: Booting Node   0, Processors  #   1
[    0.162661] TSC synchronization [CPU#0 -> CPU#1]:
[    0.162667] Measured 403516054 cycles TSC warp between CPUs, turning off TSC clock.
[    0.002000] tsc: Marking TSC unstable due to check_tsc_sync_source failed
[    0.063111]  #   2 #   3 OK
[    0.087318] Brought up 4 CPUs
[    0.087323] smpboot: Total of 4 processors activated (11180.12 BogoMIPS)
[    0.089002] devtmpfs: initialized
[    0.089038] device: 'platform': device_add
[    0.089066] bus: 'platform': registered
[    0.089077] bus: 'cpu': registered
[    0.089082] device: 'cpu': device_add
[    0.089362] bus: 'workqueue': registered
[    0.089362] device: 'workqueue': device_add
[    0.089362] atomic64 test passed for x86-64 platform with CX8 and with SSE
[    0.089362] device class 'regulator': registering
[    0.089382] Registering platform device 'reg-dummy'. Parent at platform
[    0.089388] device: 'reg-dummy': device_add
[    0.089394] bus: 'platform': add device reg-dummy
[    0.089413] bus: 'platform': add driver reg-dummy
[    0.089420] bus: 'platform': driver_probe_device: matched device reg-dummy with driver reg-dummy
[    0.089428] bus: 'platform': really_probe: probing driver reg-dummy with device reg-dummy
[    0.089440] device: 'regulator.0': device_add
[    0.089464] regulator-dummy: no parameters
[    0.089478] driver: 'reg-dummy': driver_bound: bound to device 'reg-dummy'
[    0.089485] bus: 'platform': really_probe: bound device reg-dummy to driver reg-dummy
[    0.090027] NET: Registered protocol family 16
[    0.090170] device class 'bdi': registering
[    0.090182] bus: 'platform': add driver ramoops
[    0.090195] device class 'gpio': registering
[    0.090205] device class 'pci_bus': registering
[    0.090220] bus: 'pci': registered
[    0.090224] device class 'backlight': registering
[    0.090232] device class 'tty': registering
[    0.090239] device class 'vtconsole': registering
[    0.090253] device: 'vtcon0': device_add
[    0.090277] bus: 'node': registered
[    0.090282] device: 'node': device_add
[    0.090306] bus: 'i2c': registered
[    0.090313] bus: 'i2c': add driver dummy
[    0.090321] i2c-core: driver [dummy] registered
[    0.090327] cpuidle: using governor ladder
[    0.090331] cpuidle: using governor menu
[    0.090625] ACPI FADT declares the system doesn't support PCIe ASPM, so disable it
[    0.090632] ACPI: bus type PCI registered
[    0.090637] acpiphp: ACPI Hot Plug PCI Controller Driver version: 0.5
[    0.090643] device class 'dmi': registering
[    0.090652] device: 'id': device_add
[    0.090762] PCI: MMCONFIG for domain 0000 [bus 00-3f] at [mem 0xf8000000-0xfbffffff] (base 0xf8000000)
[    0.090772] PCI: not using MMCONFIG
[    0.090776] PCI: Using configuration type 1 for base access
[    0.090781] PCI: Using configuration type 1 for extended access
[    0.090919] device: 'node0': device_add
[    0.090925] bus: 'node': add device node0
[    0.090947] device: 'cpu0': device_add
[    0.090952] bus: 'cpu': add device cpu0
[    0.090994] device: 'cpu1': device_add
[    0.091004] bus: 'cpu': add device cpu1
[    0.091042] device: 'cpu2': device_add
[    0.091048] bus: 'cpu': add device cpu2
[    0.091085] device: 'cpu3': device_add
[    0.091091] bus: 'cpu': add device cpu3
[    0.091124] mtrr: your CPUs had inconsistent variable MTRR settings
[    0.091129] mtrr: probably your BIOS does not setup all CPUs.
[    0.091133] mtrr: corrected configuration.
[    0.092775] device: 'writeback': device_add
[    0.092775] bus: 'workqueue': add device writeback
[    0.092775] device: 'default': device_add
[    0.092775] bio: create slab <bio-0> at 0
[    0.093010] device class 'block': registering
[    0.093039] device class 'graphics': registering
[    0.093080] ACPI: Added _OSI(Module Device)
[    0.093085] ACPI: Added _OSI(Processor Device)
[    0.093089] ACPI: Added _OSI(3.0 _SCP Extensions)
[    0.093094] ACPI: Added _OSI(Processor Aggregator Device)
[    0.095627] ACPI: EC: Look up EC in DSDT
[    0.095911] 
**** Context Switch from TID 4294967295 to TID 405504000 ****

[    0.095923]    utils-0288 [405504000] [02] evaluate_integer      : Return value [3]
[    0.095939]    utils-0052 [405504000] [02] util_eval_error       : Evaluate [\_SB_.PCI0.LPC0.EC0_._GLK]: AE_NOT_FOUND
[    0.096307] Executing  Method       \_SB_.PCI0.LPC0.EC0_._REG
[    0.096898] Executing  Method       \_SB_.PCI0.LPC0.EC0_._REG
[    0.096923] Executing  Method       \_SB_.PCI0.LPC0.EC0_._REG
[    0.096995] Executing  Method       \_SB_.PCI0.LPC0.EC0_._REG
[    0.100042] Initializing Region       \_SB_.OSTY
[    0.100074] Initializing Region       \_SB_.PCI0.NBMS
[    0.100095] Initializing Region       \_SB_.PCI0.NBXP
[    0.100118] Initializing Region       \_SB_.PCI0.K8ST
[    0.100176] Initializing Region       \_SB_.PCI0.BAR1
[    0.100210] Initializing Region       \_SB_.PCI0.PB2_.XPEX
[    0.100234] Initializing Region       \_SB_.PCI0.PB2_.PCFG
[    0.100255] Initializing Region       \_SB_.PCI0.PB2_.XPCB
[    0.100276] Initializing Region       \_SB_.PCI0.PB2_.XPRI
[    0.100301] Initializing Region       \_SB_.PCI0.PB2_.VGA_.PCFG
[    0.100381] Initializing Region       \_SB_.PCI0.PB2_.HDAU.PCFG
[    0.100416] Initializing Region       \_SB_.PCI0.PB3_.XPEX
[    0.100436] Initializing Region       \_SB_.PCI0.PB3_.PCFG
[    0.100457] Initializing Region       \_SB_.PCI0.PB3_.XPCB
[    0.100478] Initializing Region       \_SB_.PCI0.PB3_.XPRI
[    0.100503] Initializing Region       \_SB_.PCI0.PB3_.VGA_.PCFG
[    0.100593] Initializing Region       \_SB_.PCI0.PB3_.HDAU.PCFG
[    0.100628] Initializing Region       \_SB_.PCI0.PB4_.XPEX
[    0.100648] Initializing Region       \_SB_.PCI0.PB4_.PCFG
[    0.100669] Initializing Region       \_SB_.PCI0.PB4_.XPCB
[    0.100690] Initializing Region       \_SB_.PCI0.PB4_.XPRI
[    0.100715] Initializing Region       \_SB_.PCI0.PB4_.XPDV.PCFG
[    0.100749] Initializing Region       \_SB_.PCI0.PB5_.XPEX
[    0.100769] Initializing Region       \_SB_.PCI0.PB5_.PCFG
[    0.100790] Initializing Region       \_SB_.PCI0.PB5_.XPCB
[    0.100811] Initializing Region       \_SB_.PCI0.PB5_.XPRI
[    0.100835] Initializing Region       \_SB_.PCI0.PB5_.XPDV.PCFG
[    0.100870] Initializing Region       \_SB_.PCI0.PB6_.XPEX
[    0.100889] Initializing Region       \_SB_.PCI0.PB6_.PCFG
[    0.100910] Initializing Region       \_SB_.PCI0.PB6_.XPCB
[    0.100931] Initializing Region       \_SB_.PCI0.PB6_.XPRI
[    0.100955] Initializing Region       \_SB_.PCI0.PB6_.XPDV.PCFG
[    0.100989] Initializing Region       \_SB_.PCI0.PB7_.XPEX
[    0.101014] Initializing Region       \_SB_.PCI0.PB7_.PCFG
[    0.101035] Initializing Region       \_SB_.PCI0.PB7_.XPCB
[    0.101057] Initializing Region       \_SB_.PCI0.PB7_.XPRI
[    0.101082] Initializing Region       \_SB_.PCI0.PB7_.XPDV.PCFG
[    0.101379] Initializing Region       \_SB_.PCI0.SATC
[    0.101400] Initializing Region       \_SB_.PCI0.RMEM
[    0.101495] Initializing Region       \_SB_.PCI0.SATA.SATX
[    0.101519] Initializing Region       \_SB_.PCI0.SATA.BAR5
[    0.105279] Initializing Region       \_SB_.PCI0.SMB_.SBRV
[    0.105319] Initializing Region       \_SB_.PCI0.SMB_.PMIO
[    0.105341] Initializing Region       \_SB_.PCI0.SMB_.ERMM
[    0.105341] Initializing Region       \_SB_.PCI0.SMB_.P1E0
[    0.105341] Initializing Region       \_SB_.PCI0.SMB_.ABIO
[    0.105341] Initializing Region       \_SB_.PCI0.SMB_.SMB0
[    0.105341] Initializing Region       \_SB_.PCI0.LPC0.PIRQ
[    0.105341] Initializing Region       \_SB_.PCI0.LPC0.LPCR
[    0.105435] Initializing Region       \_SB_.PCI0.LPC0.LPCS
[    0.105471] Initializing Region       \_SB_.PCI0.LPC0.SMI0
[    0.105492] Initializing Region       \_SB_.PCI0.LPC0.SMI1
[    0.105521] Initializing Region       \_SB_.PCI0.LPC0.EC0_.ECO1
[    0.105541] Initializing Region       \_SB_.PCI0.LPC0.EC0_.ECO2
[    0.105562] Initializing Region       \_SB_.PCI0.LPC0.EC0_.ECMB
[    0.105581] Initializing Region       \_SB_.PCI0.LPC0.EC0_.RAM_
[    0.105712] Initializing Region       \_SB_.PCI0.LPC0.EC0_.CMOS
[    0.105757] Initializing Region       \_SB_.PCI0.LPC0.EC0_.VPC0.ERAM
[    0.105833] Initializing Region       \_SB_.PCI0.SPB0.PCFG
[    0.105854] Initializing Region       \_SB_.PCI0.SPB0.XPCB
[    0.105879] Initializing Region       \_SB_.PCI0.SPB0.XPDV.PCFG
[    0.105914] Initializing Region       \_SB_.PCI0.SPB1.PCFG
[    0.105934] Initializing Region       \_SB_.PCI0.SPB1.XPCB
[    0.105959] Initializing Region       \_SB_.PCI0.SPB1.XPDV.PCFG
[    0.106013] Initializing Region       \_SB_.PCI0.SPB2.PCFG
[    0.106035] Initializing Region       \_SB_.PCI0.SPB2.XPCB
[    0.106059] Initializing Region       \_SB_.PCI0.SPB2.XPDV.PCFG
[    0.106093] Initializing Region       \_SB_.PCI0.SPB3.PCFG
[    0.106115] Initializing Region       \_SB_.PCI0.SPB3.XPCB
[    0.106139] Initializing Region       \_SB_.PCI0.SPB3.XPDV.PCFG
[    0.106335] Initializing Region       \_SB_.PCI0.VGA_.REVD
[    0.106586] Initializing BufferField  \_SB_.AMW0.WLID
[    0.107063] Initializing Region       \DEB2
[    0.107085] Initializing Region       \PMIO
[    0.107105] Initializing Region       \P01_
[    0.107153] Initializing Region       \CNVS
[    0.107186] Initializing Region       \SPRT
[    0.107222] Initializing Region       \CMIO
[    0.107388] Executing  Method       \_SB_._STA
[    0.107397] Executing  Method       \_SB_._INI
[    0.107405] Executing  Method       \_SB_.PCI0._STA
[    0.107413] Executing  Method       \_SB_.PCI0._INI
[    0.107685] [Firmware Bug]: ACPI: BIOS _OSI(Linux) query ignored
[    0.108126] Executing  Method       \_SB_.PCI0.SATA._STA
[    0.108137] Executing  Method       \_SB_.PCI0.SATA._INI
[    0.109093] Executing  Method       \_SB_.PCI0.LPC0.EC0_._REG
[    0.134202] ACPI: Interpreter enabled
[    0.134228] ACPI: (supports S0 S5)
[    0.134416] ACPI: Using IOAPIC for interrupt routing
[    0.134772] PCI: MMCONFIG for domain 0000 [bus 00-3f] at [mem 0xf8000000-0xfbffffff] (base 0xf8000000)
[    0.135586] PCI: MMCONFIG at [mem 0xf8000000-0xfbffffff] reserved in ACPI motherboard resources
[    0.140336] bus: 'acpi': registered
[    0.140346] PCI: Using host bridge windows from ACPI; if necessary, use "pci=nocrs" and report a bug
[    0.140362]     scan-0964 [405504000] [00] bus_get_device        : No context for object [ffffffffffffffff]
[    0.140380]    utils-0052 [405504000] [00] util_eval_error       : Evaluate [\._STA]: AE_NOT_FOUND
[    0.140409] device: 'LNXSYSTM:00': device_add
[    0.140418] bus: 'acpi': add device LNXSYSTM:00
[    0.140442]    utils-0052 [405504000] [00] util_eval_error       : Evaluate [\._SUN]: AE_NOT_FOUND
[    0.140459]     scan-1711 [405504000] [00] add_single_object     : Added LNXSYSTM:00 [\] parent (null)
[    0.140471]     scan-0964 [405504000] [02] bus_get_device        : No context for object [ffff88041823c000]
[    0.140482]     scan-0964 [405504000] [02] bus_get_device        : No context for object [ffff88041827e7d0]
[    0.140493]     scan-0964 [405504000] [02] bus_get_device        : No context for object [ffff88041827e7f8]
[    0.140503]     scan-0964 [405504000] [02] bus_get_device        : No context for object [ffff88041827e820]
[    0.140513]     scan-0964 [405504000] [02] bus_get_device        : No context for object [ffff88041827e848]
[    0.140524]     scan-0964 [405504000] [02] bus_get_device        : No context for object [ffff88041827e870]
[    0.140534]     scan-0964 [405504000] [02] bus_get_device        : No context for object [ffff88041827e898]
[    0.140544]     scan-0964 [405504000] [02] bus_get_device        : No context for object [ffff88041827e8c0]
[    0.140554]     scan-0964 [405504000] [02] bus_get_device        : No context for object [ffff88041827e8e8]
[    0.140564]     scan-0964 [405504000] [02] bus_get_device        : No context for object [ffff880418280398]
[    0.140575]     scan-0964 [405504000] [02] bus_get_device        : No context for object [ffff88041823c028]
[    0.140585]     scan-0964 [405504000] [02] bus_get_device        : No context for object [ffff88041823c168]
[    0.140596]    utils-0052 [405504000] [02] util_eval_error       : Evaluate [\_PR_.C000._STA]: AE_NOT_FOUND
[    0.140609]     scan-0964 [405504000] [02] bus_get_device        : No context for object [ffff88041823c028]
[    0.140629] device: 'LNXCPU:00': device_add
[    0.140635] bus: 'acpi': add device LNXCPU:00
[    0.140654]    utils-0052 [405504000] [02] util_eval_error       : Evaluate [\_PR_.C000._SUN]: AE_NOT_FOUND
[    0.140669]     scan-1711 [405504000] [02] add_single_object     : Added LNXCPU:00 [\_PR_.C000] parent LNXSYSTM:00
[    0.140680]     scan-0964 [405504000] [02] bus_get_device        : No context for object [ffff880418283398]
[    0.140691]     scan-0964 [405504000] [02] bus_get_device        : No context for object [ffff8804182833c0]
[    0.140701]     scan-0964 [405504000] [02] bus_get_device        : No context for object [ffff8804182833e8]
[    0.140711]     scan-0964 [405504000] [02] bus_get_device        : No context for object [ffff880418283410]
[    0.140722]     scan-0964 [405504000] [02] bus_get_device        : No context for object [ffff880418283438]
[    0.140732]     scan-0964 [405504000] [02] bus_get_device        : No context for object [ffff880418283460]
[    0.140742]     scan-0964 [405504000] [02] bus_get_device        : No context for object [ffff88041823c190]
[    0.140753]    utils-0052 [405504000] [02] util_eval_error       : Evaluate [\_PR_.C001._STA]: AE_NOT_FOUND
[    0.140766]     scan-0964 [405504000] [02] bus_get_device        : No context for object [ffff88041823c028]
[    0.140785] device: 'LNXCPU:01': device_add
[    0.140791] bus: 'acpi': add device LNXCPU:01
[    0.140807]    utils-0052 [405504000] [02] util_eval_error       : Evaluate [\_PR_.C001._SUN]: AE_NOT_FOUND
[    0.140822]     scan-1711 [405504000] [02] add_single_object     : Added LNXCPU:01 [\_PR_.C001] parent LNXSYSTM:00
[    0.140832]     scan-0964 [405504000] [02] bus_get_device        : No context for object [ffff880418283488]
[    0.140843]     scan-0964 [405504000] [02] bus_get_device        : No context for object [ffff8804182834b0]
[    0.140853]     scan-0964 [405504000] [02] bus_get_device        : No context for object [ffff8804182834d8]
[    0.140863]     scan-0964 [405504000] [02] bus_get_device        : No context for object [ffff880418283500]
[    0.140873]     scan-0964 [405504000] [02] bus_get_device        : No context for object [ffff880418283528]
[    0.140883]     scan-0964 [405504000] [02] bus_get_device        : No context for object [ffff880418283550]
[    0.140894]     scan-0964 [405504000] [02] bus_get_device        : No context for object [ffff88041823c1b8]
[    0.140905]    utils-0052 [405504000] [02] util_eval_error       : Evaluate [\_PR_.C002._STA]: AE_NOT_FOUND
[    0.140917]     scan-0964 [405504000] [02] bus_get_device        : No context for object [ffff88041823c028]
[    0.140936] device: 'LNXCPU:02': device_add
[    0.140942] bus: 'acpi': add device LNXCPU:02
[    0.140959]    utils-0052 [405504000] [02] util_eval_error       : Evaluate [\_PR_.C002._SUN]: AE_NOT_FOUND
[    0.140974]     scan-1711 [405504000] [02] add_single_object     : Added LNXCPU:02 [\_PR_.C002] parent LNXSYSTM:00
[    0.140985]     scan-0964 [405504000] [02] bus_get_device        : No context for object [ffff880418283578]
[    0.140995]     scan-0964 [405504000] [02] bus_get_device        : No context for object [ffff8804182835a0]
[    0.141009]     scan-0964 [405504000] [02] bus_get_device        : No context for object [ffff8804182835c8]
[    0.141020]     scan-0964 [405504000] [02] bus_get_device        : No context for object [ffff8804182835f0]
[    0.141030]     scan-0964 [405504000] [02] bus_get_device        : No context for object [ffff880418283618]
[    0.141040]     scan-0964 [405504000] [02] bus_get_device        : No context for object [ffff880418283640]
[    0.141050]     scan-0964 [405504000] [02] bus_get_device        : No context for object [ffff88041823c1e0]
[    0.141062]    utils-0052 [405504000] [02] util_eval_error       : Evaluate [\_PR_.C003._STA]: AE_NOT_FOUND
[    0.141074]     scan-0964 [405504000] [02] bus_get_device        : No context for object [ffff88041823c028]
[    0.141092] device: 'LNXCPU:03': device_add
[    0.141099] bus: 'acpi': add device LNXCPU:03
[    0.141114]    utils-0052 [405504000] [02] util_eval_error       : Evaluate [\_PR_.C003._SUN]: AE_NOT_FOUND
[    0.141129]     scan-1711 [405504000] [02] add_single_object     : Added LNXCPU:03 [\_PR_.C003] parent LNXSYSTM:00
[    0.141140]     scan-0964 [405504000] [02] bus_get_device        : No context for object [ffff880418283668]
[    0.141150]     scan-0964 [405504000] [02] bus_get_device        : No context for object [ffff880418283690]
[    0.141160]     scan-0964 [405504000] [02] bus_get_device        : No context for object [ffff8804182836b8]
[    0.141170]     scan-0964 [405504000] [02] bus_get_device        : No context for object [ffff8804182836e0]
[    0.141181]     scan-0964 [405504000] [02] bus_get_device        : No context for object [ffff880418283708]
[    0.141191]     scan-0964 [405504000] [02] bus_get_device        : No context for object [ffff880418283730]
[    0.141201]     scan-0964 [405504000] [02] bus_get_device        : No context for object [ffff88041823c050]
[    0.141213]    utils-0052 [405504000] [02] util_eval_error       : Evaluate [\_SB_._STA]: AE_NOT_FOUND
[    0.141298] device: 'device:00': device_add
[    0.141304] bus: 'acpi': add device device:00
[    0.141320]    utils-0052 [405504000] [02] util_eval_error       : Evaluate [\_SB_._SUN]: AE_NOT_FOUND
[    0.141334]     scan-1711 [405504000] [02] add_single_object     : Added device:00 [\_SB_] parent LNXSYSTM:00
[    0.141344]     scan-0964 [405504000] [02] bus_get_device        : No context for object [ffff88041823c3c0]
[    0.141354]     scan-0964 [405504000] [02] bus_get_device        : No context for object [ffff88041823c3e8]
[    0.141364]     scan-0964 [405504000] [02] bus_get_device        : No context for object [ffff88041823c410]
[    0.141373]     scan-0964 [405504000] [02] bus_get_device        : No context for object [ffff88041823c438]
[    0.141383]     scan-0964 [405504000] [02] bus_get_device        : No context for object [ffff88041823c460]
[    0.141392]     scan-0964 [405504000] [02] bus_get_device        : No context for object [ffff88041823c488]
[    0.141402]     scan-0964 [405504000] [02] bus_get_device        : No context for object [ffff88041823c4b0]
[    0.141412]     scan-0964 [405504000] [02] bus_get_device        : No context for object [ffff88041823c5a0]
[    0.141422]    utils-0052 [405504000] [02] util_eval_error       : Evaluate [\_SB_.PWRB._STA]: AE_NOT_FOUND
[    0.141488] device: 'PNP0C0C:00': device_add
[    0.141493] bus: 'acpi': add device PNP0C0C:00
[    0.141519]    utils-0052 [405504000] [02] util_eval_error       : Evaluate [\_SB_.PWRB._SUN]: AE_NOT_FOUND
[    0.141533]     scan-1711 [405504000] [02] add_single_object     : Added PNP0C0C:00 [\_SB_.PWRB] parent device:00
[    0.141544]     scan-0964 [405504000] [02] bus_get_device        : No context for object [ffff88041823c5c8]
[    0.141554]     scan-0964 [405504000] [02] bus_get_device        : No context for object [ffff88041823c5f0]
[    0.141566]    utils-0052 [405504000] [02] util_eval_error       : Evaluate [\_SB_.PCI0._STA]: AE_NOT_FOUND
[    0.141664] device: 'PNP0A08:00': device_add
[    0.141671] bus: 'acpi': add device PNP0A08:00
[    0.141691]    utils-0052 [405504000] [02] util_eval_error       : Evaluate [\_SB_.PCI0._SUN]: AE_NOT_FOUND
[    0.141706]     scan-1711 [405504000] [02] add_single_object     : Added PNP0A08:00 [\_SB_.PCI0] parent device:00
[    0.141716]     scan-0964 [405504000] [02] bus_get_device        : No context for object [ffff88041823c618]
[    0.141726]     scan-0964 [405504000] [02] bus_get_device        : No context for object [ffff88041823c640]
[    0.141735]     scan-0964 [405504000] [02] bus_get_device        : No context for object [ffff88041823c668]
[    0.141745]     scan-0964 [405504000] [02] bus_get_device        : No context for object [ffff88041823c690]
[    0.141754]     scan-0964 [405504000] [02] bus_get_device        : No context for object [ffff88041823c6b8]
[    0.141764]     scan-0964 [405504000] [02] bus_get_device        : No context for object [ffff88041823c6e0]
[    0.141774]     scan-0964 [405504000] [02] bus_get_device        : No context for object [ffff88041823c708]
[    0.141783]     scan-0964 [405504000] [02] bus_get_device        : No context for object [ffff88041823c730]
[    0.141793]     scan-0964 [405504000] [02] bus_get_device        : No context for object [ffff88041823c758]
[    0.141802]     scan-0964 [405504000] [02] bus_get_device        : No context for object [ffff88041823c780]
[    0.141812]     scan-0964 [405504000] [02] bus_get_device        : No context for object [ffff88041823c7a8]
[    0.141822]     scan-0964 [405504000] [02] bus_get_device        : No context for object [ffff88041823c7d0]
[    0.141831]     scan-0964 [405504000] [02] bus_get_device        : No context for object [ffff88041823c7f8]
[    0.141841]     scan-0964 [405504000] [02] bus_get_device        : No context for object [ffff88041823c820]
[    0.141851]     scan-0964 [405504000] [02] bus_get_device        : No context for object [ffff88041823c848]
[    0.141860]     scan-0964 [405504000] [02] bus_get_device        : No context for object [ffff88041823c870]
[    0.141870]     scan-0964 [405504000] [02] bus_get_device        : No context for object [ffff88041823c898]
[    0.141880]     scan-0964 [405504000] [02] bus_get_device        : No context for object [ffff88041823c8c0]
[    0.141889]     scan-0964 [405504000] [02] bus_get_device        : No context for object [ffff88041823c8e8]
[    0.141899]     scan-0964 [405504000] [02] bus_get_device        : No context for object [ffff88041823c910]
[    0.141908]     scan-0964 [405504000] [02] bus_get_device        : No context for object [ffff88041823c938]
[    0.141918]     scan-0964 [405504000] [02] bus_get_device        : No context for object [ffff88041823c960]
[    0.141927]     scan-0964 [405504000] [02] bus_get_device        : No context for object [ffff88041823c988]
[    0.141937]     scan-0964 [405504000] [02] bus_get_device        : No context for object [ffff88041823c9b0]
[    0.141947]     scan-0964 [405504000] [02] bus_get_device        : No context for object [ffff88041823c9d8]
[    0.141956]     scan-0964 [405504000] [02] bus_get_device        : No context for object [ffff88041823ca00]
[    0.141966]     scan-0964 [405504000] [02] bus_get_device        : No context for object [ffff88041823ca28]
[    0.141976]     scan-0964 [405504000] [02] bus_get_device        : No context for object [ffff88041823ca50]
[    0.141985]     scan-0964 [405504000] [02] bus_get_device        : No context for object [ffff88041823ca78]
[    0.141995]     scan-0964 [405504000] [02] bus_get_device        : No context for object [ffff88041823caa0]
[    0.142008]     scan-0964 [405504000] [02] bus_get_device        : No context for object [ffff88041823cac8]
[    0.142018]     scan-0964 [405504000] [02] bus_get_device        : No context for object [ffff88041823caf0]
[    0.142028]     scan-0964 [405504000] [02] bus_get_device        : No context for object [ffff88041823cb18]
[    0.142037]     scan-0964 [405504000] [02] bus_get_device        : No context for object [ffff88041823cb40]
[    0.142047]     scan-0964 [405504000] [02] bus_get_device        : No context for object [ffff88041823cb68]
[    0.142057]     scan-0964 [405504000] [02] bus_get_device        : No context for object [ffff88041823cb90]
[    0.142067]     scan-0964 [405504000] [02] bus_get_device        : No context for object [ffff88041823cbb8]
[    0.142076]     scan-0964 [405504000] [02] bus_get_device        : No context for object [ffff88041823cbe0]
[    0.142086]     scan-0964 [405504000] [02] bus_get_device        : No context for object [ffff88041823cc08]
[    0.142095]     scan-0964 [405504000] [02] bus_get_device        : No context for object [ffff88041823cc30]
[    0.142105]     scan-0964 [405504000] [02] bus_get_device        : No context for object [ffff88041823cc58]
[    0.142114]     scan-0964 [405504000] [02] bus_get_device        : No context for object [ffff88041823cc80]
[    0.142124]     scan-0964 [405504000] [02] bus_get_device        : No context for object [ffff88041823cca8]
[    0.142134]     scan-0964 [405504000] [02] bus_get_device        : No context for object [ffff88041823ccd0]
[    0.142143]     scan-0964 [405504000] [02] bus_get_device        : No context for object [ffff88041823ccf8]
[    0.142153]     scan-0964 [405504000] [02] bus_get_device        : No context for object [ffff88041823cd20]
[    0.142163]     scan-0964 [405504000] [02] bus_get_device        : No context for object [ffff88041823cd48]
[    0.142172]     scan-0964 [405504000] [02] bus_get_device        : No context for object [ffff88041823cd70]
[    0.142182]     scan-0964 [405504000] [02] bus_get_device        : No context for object [ffff88041823cd98]
[    0.142191]     scan-0964 [405504000] [02] bus_get_device        : No context for object [ffff88041823cdc0]
[    0.142201]     scan-0964 [405504000] [02] bus_get_device        : No context for object [ffff88041823cde8]
[    0.142210]     scan-0964 [405504000] [02] bus_get_device        : No context for object [ffff88041823ce10]
[    0.142220]     scan-0964 [405504000] [02] bus_get_device        : No context for object [ffff88041823ce38]
[    0.142230]     scan-0964 [405504000] [02] bus_get_device        : No context for object [ffff88041823ce60]
[    0.142239]     scan-0964 [405504000] [02] bus_get_device        : No context for object [ffff88041823ce88]
[    0.142249]     scan-0964 [405504000] [02] bus_get_device        : No context for object [ffff88041823ceb0]
[    0.142258]     scan-0964 [405504000] [02] bus_get_device        : No context for object [ffff88041823ced8]
[    0.142268]     scan-0964 [405504000] [02] bus_get_device        : No context for object [ffff88041823cf00]
[    0.142277]     scan-0964 [405504000] [02] bus_get_device        : No context for object [ffff88041823cf28]
[    0.142287]     scan-0964 [405504000] [02] bus_get_device        : No context for object [ffff88041823cf50]
[    0.142297]     scan-0964 [405504000] [02] bus_get_device        : No context for object [ffff88041823cf78]
[    0.142306]     scan-0964 [405504000] [02] bus_get_device        : No context for object [ffff88041823cfa0]
[    0.142316]     scan-0964 [405504000] [02] bus_get_device        : No context for object [ffff88041823cfc8]
[    0.142325]     scan-0964 [405504000] [02] bus_get_device        : No context for object [ffff880418241000]
[    0.142335]     scan-0964 [405504000] [02] bus_get_device        : No context for object [ffff880418241028]
[    0.142346]    utils-0052 [405504000] [02] util_eval_error       : Evaluate [\_SB_.PCI0.MEMR._STA]: AE_NOT_FOUND
[    0.142412] device: 'PNP0C02:00': device_add
[    0.142418] bus: 'acpi': add device PNP0C02:00
[    0.142437]    utils-0052 [405504000] [02] util_eval_error       : Evaluate [\_SB_.PCI0.MEMR._SUN]: AE_NOT_FOUND
[    0.142452]     scan-1711 [405504000] [02] add_single_object     : Added PNP0C02:00 [\_SB_.PCI0.MEMR] parent PNP0A08:00
[    0.142462]     scan-0964 [405504000] [02] bus_get_device        : No context for object [ffff880418241050]
[    0.142472]     scan-0964 [405504000] [02] bus_get_device        : No context for object [ffff880418241078]
[    0.142482]     scan-0964 [405504000] [02] bus_get_device        : No context for object [ffff8804182410a0]
[    0.142492]     scan-0964 [405504000] [02] bus_get_device        : No context for object [ffff8804182410c8]
[    0.142502]     scan-0964 [405504000] [02] bus_get_device        : No context for object [ffff8804182410f0]
[    0.142512]     scan-0964 [405504000] [02] bus_get_device        : No context for object [ffff880418241118]
[    0.142521]     scan-0964 [405504000] [02] bus_get_device        : No context for object [ffff880418241140]
[    0.142531]     scan-0964 [405504000] [02] bus_get_device        : No context for object [ffff880418241168]
[    0.142541]     scan-0964 [405504000] [02] bus_get_device        : No context for object [ffff880418241190]
[    0.142550]     scan-0964 [405504000] [02] bus_get_device        : No context for object [ffff8804182411b8]
[    0.142560]     scan-0964 [405504000] [02] bus_get_device        : No context for object [ffff8804182411e0]
[    0.142569]     scan-0964 [405504000] [02] bus_get_device        : No context for object [ffff880418241208]
[    0.142579]     scan-0964 [405504000] [02] bus_get_device        : No context for object [ffff880418241230]
[    0.142589]     scan-0964 [405504000] [02] bus_get_device        : No context for object [ffff880418241258]
[    0.142598]     scan-0964 [405504000] [02] bus_get_device        : No context for object [ffff880418241280]
[    0.142608]     scan-0964 [405504000] [02] bus_get_device        : No context for object [ffff8804182412a8]
[    0.142619]    utils-0052 [405504000] [02] util_eval_error       : Evaluate [\_SB_.PCI0.PB2_._STA]: AE_NOT_FOUND
[    0.142752] device: 'device:01': device_add
[    0.142758] bus: 'acpi': add device device:01
[    0.142774]    utils-0052 [405504000] [02] util_eval_error       : Evaluate [\_SB_.PCI0.PB2_._SUN]: AE_NOT_FOUND
[    0.142789]     scan-1711 [405504000] [02] add_single_object     : Added device:01 [\_SB_.PCI0.PB2_] parent PNP0A08:00
[    0.142800]     scan-0964 [405504000] [02] bus_get_device        : No context for object [ffff8804182412d0]
[    0.142809]     scan-0964 [405504000] [02] bus_get_device        : No context for object [ffff8804182412f8]
[    0.142819]     scan-0964 [405504000] [02] bus_get_device        : No context for object [ffff880418241320]
[    0.142829]     scan-0964 [405504000] [02] bus_get_device        : No context for object [ffff880418241348]
[    0.142839]     scan-0964 [405504000] [02] bus_get_device        : No context for object [ffff880418241370]
[    0.142848]     scan-0964 [405504000] [02] bus_get_device        : No context for object [ffff880418241398]
[    0.142858]     scan-0964 [405504000] [02] bus_get_device        : No context for object [ffff8804182413c0]
[    0.142868]     scan-0964 [405504000] [02] bus_get_device        : No context for object [ffff8804182413e8]
[    0.142877]     scan-0964 [405504000] [02] bus_get_device        : No context for object [ffff880418241410]
[    0.142887]     scan-0964 [405504000] [02] bus_get_device        : No context for object [ffff880418241438]
[    0.142896]     scan-0964 [405504000] [02] bus_get_device        : No context for object [ffff880418241460]
[    0.142906]     scan-0964 [405504000] [02] bus_get_device        : No context for object [ffff880418241488]
[    0.142916]     scan-0964 [405504000] [02] bus_get_device        : No context for object [ffff8804182414b0]
[    0.142925]     scan-0964 [405504000] [02] bus_get_device        : No context for object [ffff8804182414d8]
[    0.142935]     scan-0964 [405504000] [02] bus_get_device        : No context for object [ffff880418241500]
[    0.142944]     scan-0964 [405504000] [02] bus_get_device        : No context for object [ffff880418241528]
[    0.142954]     scan-0964 [405504000] [02] bus_get_device        : No context for object [ffff880418241550]
[    0.142964]     scan-0964 [405504000] [02] bus_get_device        : No context for object [ffff880418241578]
[    0.142973]     scan-0964 [405504000] [02] bus_get_device        : No context for object [ffff8804182415a0]
[    0.142983]     scan-0964 [405504000] [02] bus_get_device        : No context for object [ffff8804182415c8]
[    0.142993]     scan-0964 [405504000] [02] bus_get_device        : No context for object [ffff8804182415f0]
[    0.143006]     scan-0964 [405504000] [02] bus_get_device        : No context for object [ffff880418241618]
[    0.143016]     scan-0964 [405504000] [02] bus_get_device        : No context for object [ffff880418241640]
[    0.143025]     scan-0964 [405504000] [02] bus_get_device        : No context for object [ffff880418241668]
[    0.143035]     scan-0964 [405504000] [02] bus_get_device        : No context for object [ffff880418241690]
[    0.143045]     scan-0964 [405504000] [02] bus_get_device        : No context for object [ffff8804182416b8]
[    0.143054]     scan-0964 [405504000] [02] bus_get_device        : No context for object [ffff8804182416e0]
[    0.143064]     scan-0964 [405504000] [02] bus_get_device        : No context for object [ffff880418241708]
[    0.143073]     scan-0964 [405504000] [02] bus_get_device        : No context for object [ffff880418241730]
[    0.143083]     scan-0964 [405504000] [02] bus_get_device        : No context for object [ffff880418241758]
[    0.143092]     scan-0964 [405504000] [02] bus_get_device        : No context for object [ffff880418241780]
[    0.143104]    utils-0052 [405504000] [02] util_eval_error       : Evaluate [\_SB_.PCI0.PB2_.VGA_._STA]: AE_NOT_FOUND
[    0.143174] device: 'device:02': device_add
[    0.143181] bus: 'acpi': add device device:02
[    0.143199]    utils-0052 [405504000] [02] util_eval_error       : Evaluate [\_SB_.PCI0.PB2_.VGA_._SUN]: AE_NOT_FOUND
[    0.143214]     scan-1711 [405504000] [02] add_single_object     : Added device:02 [\_SB_.PCI0.PB2_.VGA_] parent device:01
[    0.143225]     scan-0964 [405504000] [02] bus_get_device        : No context for object [ffff8804182417a8]
[    0.143234]     scan-0964 [405504000] [02] bus_get_device        : No context for object [ffff8804182417d0]
[    0.143244]     scan-0964 [405504000] [02] bus_get_device        : No context for object [ffff8804182417f8]
[    0.143254]     scan-0964 [405504000] [02] bus_get_device        : No context for object [ffff880418241820]
[    0.143263]     scan-0964 [405504000] [02] bus_get_device        : No context for object [ffff880418241848]
[    0.143273]     scan-0964 [405504000] [02] bus_get_device        : No context for object [ffff880418241870]
[    0.143282]     scan-0964 [405504000] [02] bus_get_device        : No context for object [ffff880418241898]
[    0.143292]     scan-0964 [405504000] [02] bus_get_device        : No context for object [ffff8804182418c0]
[    0.143301]     scan-0964 [405504000] [02] bus_get_device        : No context for object [ffff8804182418e8]
[    0.143311]     scan-0964 [405504000] [02] bus_get_device        : No context for object [ffff880418241910]
[    0.143321]     scan-0964 [405504000] [02] bus_get_device        : No context for object [ffff880418241938]
[    0.143330]     scan-0964 [405504000] [02] bus_get_device        : No context for object [ffff880418241960]
[    0.143340]     scan-0964 [405504000] [02] bus_get_device        : No context for object [ffff880418241988]
[    0.143349]     scan-0964 [405504000] [02] bus_get_device        : No context for object [ffff8804182419b0]
[    0.143359]     scan-0964 [405504000] [02] bus_get_device        : No context for object [ffff8804182419d8]
[    0.143368]     scan-0964 [405504000] [02] bus_get_device        : No context for object [ffff880418241a00]
[    0.143378]     scan-0964 [405504000] [02] bus_get_device        : No context for object [ffff880418241a28]
[    0.143387]     scan-0964 [405504000] [02] bus_get_device        : No context for object [ffff880418241a50]
[    0.143397]     scan-0964 [405504000] [02] bus_get_device        : No context for object [ffff880418241a78]
[    0.143407]     scan-0964 [405504000] [02] bus_get_device        : No context for object [ffff880418241aa0]
[    0.143416]     scan-0964 [405504000] [02] bus_get_device        : No context for object [ffff880418241ac8]
[    0.143426]     scan-0964 [405504000] [02] bus_get_device        : No context for object [ffff880418241af0]
[    0.143435]     scan-0964 [405504000] [02] bus_get_device        : No context for object [ffff880418241b18]
[    0.143445]     scan-0964 [405504000] [02] bus_get_device        : No context for object [ffff880418241b40]
[    0.143454]     scan-0964 [405504000] [02] bus_get_device        : No context for object [ffff880418241b68]
[    0.143464]     scan-0964 [405504000] [02] bus_get_device        : No context for object [ffff880418241b90]
[    0.143473]     scan-0964 [405504000] [02] bus_get_device        : No context for object [ffff880418241bb8]
[    0.143483]     scan-0964 [405504000] [02] bus_get_device        : No context for object [ffff880418241be0]
[    0.143492]     scan-0964 [405504000] [02] bus_get_device        : No context for object [ffff880418241c08]
[    0.143502]     scan-0964 [405504000] [02] bus_get_device        : No context for object [ffff880418241c30]
[    0.143512]     scan-0964 [405504000] [02] bus_get_device        : No context for object [ffff880418241c58]
[    0.143521]     scan-0964 [405504000] [02] bus_get_device        : No context for object [ffff880418241c80]
[    0.143531]     scan-0964 [405504000] [02] bus_get_device        : No context for object [ffff880418241ca8]
[    0.143540]     scan-0964 [405504000] [02] bus_get_device        : No context for object [ffff880418241cd0]
[    0.143550]     scan-0964 [405504000] [02] bus_get_device        : No context for object [ffff880418241cf8]
[    0.143559]     scan-0964 [405504000] [02] bus_get_device        : No context for object [ffff880418241d20]
[    0.143569]     scan-0964 [405504000] [02] bus_get_device        : No context for object [ffff880418241d48]
[    0.143579]     scan-0964 [405504000] [02] bus_get_device        : No context for object [ffff880418241d70]
[    0.143588]     scan-0964 [405504000] [02] bus_get_device        : No context for object [ffff880418241d98]
[    0.143598]     scan-0964 [405504000] [02] bus_get_device        : No context for object [ffff88041827e438]
[    0.143608]     scan-0964 [405504000] [02] bus_get_device        : No context for object [ffff880418241dc0]
[    0.143618]    utils-0052 [405504000] [02] util_eval_error       : Evaluate [\_SB_.PCI0.PB2_.HDAU._STA]: AE_NOT_FOUND
[    0.143681] device: 'device:03': device_add
[    0.143687] bus: 'acpi': add device device:03
[    0.143703]    utils-0052 [405504000] [02] util_eval_error       : Evaluate [\_SB_.PCI0.PB2_.HDAU._SUN]: AE_NOT_FOUND
[    0.143718]     scan-1711 [405504000] [02] add_single_object     : Added device:03 [\_SB_.PCI0.PB2_.HDAU] parent device:01
[    0.143728]     scan-0964 [405504000] [02] bus_get_device        : No context for object [ffff880418241de8]
[    0.143738]     scan-0964 [405504000] [02] bus_get_device        : No context for object [ffff880418241e10]
[    0.143748]     scan-0964 [405504000] [02] bus_get_device        : No context for object [ffff880418241e38]
[    0.143758]     scan-0964 [405504000] [02] bus_get_device        : No context for object [ffff880418241e60]
[    0.143767]     scan-0964 [405504000] [02] bus_get_device        : No context for object [ffff880418241e88]
[    0.143777]     scan-0964 [405504000] [02] bus_get_device        : No context for object [ffff880418241eb0]
[    0.143787]     scan-0964 [405504000] [02] bus_get_device        : No context for object [ffff880418241ed8]
[    0.143798]    utils-0052 [405504000] [02] util_eval_error       : Evaluate [\_SB_.PCI0.PB3_._STA]: AE_NOT_FOUND
[    0.143925] device: 'device:04': device_add
[    0.143931] bus: 'acpi': add device device:04
[    0.143947]    utils-0052 [405504000] [02] util_eval_error       : Evaluate [\_SB_.PCI0.PB3_._SUN]: AE_NOT_FOUND
[    0.143961]     scan-1711 [405504000] [02] add_single_object     : Added device:04 [\_SB_.PCI0.PB3_] parent PNP0A08:00
[    0.143972]     scan-0964 [405504000] [02] bus_get_device        : No context for object [ffff880418241f00]
[    0.143982]     scan-0964 [405504000] [02] bus_get_device        : No context for object [ffff880418241f28]
[    0.143991]     scan-0964 [405504000] [02] bus_get_device        : No context for object [ffff880418241f50]
[    0.144003]     scan-0964 [405504000] [02] bus_get_device        : No context for object [ffff880418241f78]
[    0.144013]     scan-0964 [405504000] [02] bus_get_device        : No context for object [ffff880418241fa0]
[    0.144022]     scan-0964 [405504000] [02] bus_get_device        : No context for object [ffff880418241fc8]
[    0.144032]     scan-0964 [405504000] [02] bus_get_device        : No context for object [ffff880418242000]
[    0.144042]     scan-0964 [405504000] [02] bus_get_device        : No context for object [ffff880418242028]
[    0.144051]     scan-0964 [405504000] [02] bus_get_device        : No context for object [ffff880418242050]
[    0.144061]     scan-0964 [405504000] [02] bus_get_device        : No context for object [ffff880418242078]
[    0.144071]     scan-0964 [405504000] [02] bus_get_device        : No context for object [ffff8804182420a0]
[    0.144080]     scan-0964 [405504000] [02] bus_get_device        : No context for object [ffff8804182420c8]
[    0.144090]     scan-0964 [405504000] [02] bus_get_device        : No context for object [ffff8804182420f0]
[    0.144099]     scan-0964 [405504000] [02] bus_get_device        : No context for object [ffff880418242118]
[    0.144109]     scan-0964 [405504000] [02] bus_get_device        : No context for object [ffff880418242140]
[    0.144119]     scan-0964 [405504000] [02] bus_get_device        : No context for object [ffff880418242168]
[    0.144128]     scan-0964 [405504000] [02] bus_get_device        : No context for object [ffff880418242190]
[    0.144138]     scan-0964 [405504000] [02] bus_get_device        : No context for object [ffff8804182421b8]
[    0.144147]     scan-0964 [405504000] [02] bus_get_device        : No context for object [ffff8804182421e0]
[    0.144157]     scan-0964 [405504000] [02] bus_get_device        : No context for object [ffff880418242208]
[    0.144167]     scan-0964 [405504000] [02] bus_get_device        : No context for object [ffff880418242230]
[    0.144176]     scan-0964 [405504000] [02] bus_get_device        : No context for object [ffff880418242258]
[    0.144186]     scan-0964 [405504000] [02] bus_get_device        : No context for object [ffff880418242280]
[    0.144195]     scan-0964 [405504000] [02] bus_get_device        : No context for object [ffff8804182422a8]
[    0.144205]     scan-0964 [405504000] [02] bus_get_device        : No context for object [ffff8804182422d0]
[    0.144214]     scan-0964 [405504000] [02] bus_get_device        : No context for object [ffff8804182422f8]
[    0.144224]     scan-0964 [405504000] [02] bus_get_device        : No context for object [ffff880418242320]
[    0.144233]     scan-0964 [405504000] [02] bus_get_device        : No context for object [ffff880418242348]
[    0.144243]     scan-0964 [405504000] [02] bus_get_device        : No context for object [ffff880418242370]
[    0.144253]     scan-0964 [405504000] [02] bus_get_device        : No context for object [ffff880418242398]
[    0.144262]     scan-0964 [405504000] [02] bus_get_device        : No context for object [ffff8804182423c0]
[    0.144273]    utils-0052 [405504000] [02] util_eval_error       : Evaluate [\_SB_.PCI0.PB3_.VGA_._STA]: AE_NOT_FOUND
[    0.144312]    video-0060 [405504000] [04] backlight_cap_match   : Found generic backlight support
[    0.144352]    video-0060 [405504000] [04] backlight_cap_match   : Found generic backlight support
[    0.144372] device: 'LNXVIDEO:00': device_add
[    0.144378] bus: 'acpi': add device LNXVIDEO:00
[    0.144399]    utils-0052 [405504000] [02] util_eval_error       : Evaluate [\_SB_.PCI0.PB3_.VGA_._SUN]: AE_NOT_FOUND
[    0.144415]     scan-1711 [405504000] [02] add_single_object     : Added LNXVIDEO:00 [\_SB_.PCI0.PB3_.VGA_] parent device:04
[    0.144425]     scan-0964 [405504000] [02] bus_get_device        : No context for object [ffff8804182423e8]
[    0.144435]     scan-0964 [405504000] [02] bus_get_device        : No context for object [ffff880418242410]
[    0.144445]     scan-0964 [405504000] [02] bus_get_device        : No context for object [ffff880418242438]
[    0.144455]     scan-0964 [405504000] [02] bus_get_device        : No context for object [ffff880418242460]
[    0.144465]     scan-0964 [405504000] [02] bus_get_device        : No context for object [ffff880418242488]
[    0.144474]     scan-0964 [405504000] [02] bus_get_device        : No context for object [ffff8804182424b0]
[    0.144484]     scan-0964 [405504000] [02] bus_get_device        : No context for object [ffff8804182424d8]
[    0.144493]     scan-0964 [405504000] [02] bus_get_device        : No context for object [ffff880418242500]
[    0.144503]     scan-0964 [405504000] [02] bus_get_device        : No context for object [ffff880418242528]
[    0.144512]     scan-0964 [405504000] [02] bus_get_device        : No context for object [ffff880418242550]
[    0.144522]     scan-0964 [405504000] [02] bus_get_device        : No context for object [ffff880418242578]
[    0.144532]     scan-0964 [405504000] [02] bus_get_device        : No context for object [ffff8804182425a0]
[    0.144541]     scan-0964 [405504000] [02] bus_get_device        : No context for object [ffff8804182425c8]
[    0.144551]     scan-0964 [405504000] [02] bus_get_device        : No context for object [ffff8804182425f0]
[    0.144560]     scan-0964 [405504000] [02] bus_get_device        : No context for object [ffff880418242618]
[    0.144570]     scan-0964 [405504000] [02] bus_get_device        : No context for object [ffff880418242640]
[    0.144579]     scan-0964 [405504000] [02] bus_get_device        : No context for object [ffff880418242668]
[    0.144589]     scan-0964 [405504000] [02] bus_get_device        : No context for object [ffff880418242690]
[    0.144599]     scan-0964 [405504000] [02] bus_get_device        : No context for object [ffff8804182426b8]
[    0.144608]     scan-0964 [405504000] [02] bus_get_device        : No context for object [ffff8804182426e0]
[    0.144618]     scan-0964 [405504000] [02] bus_get_device        : No context for object [ffff880418242708]
[    0.144627]     scan-0964 [405504000] [02] bus_get_device        : No context for object [ffff880418242730]
[    0.144637]     scan-0964 [405504000] [02] bus_get_device        : No context for object [ffff880418242758]
[    0.144647]     scan-0964 [405504000] [02] bus_get_device        : No context for object [ffff880418242780]
[    0.144656]     scan-0964 [405504000] [02] bus_get_device        : No context for object [ffff8804182427a8]
[    0.144666]     scan-0964 [405504000] [02] bus_get_device        : No context for object [ffff8804182427d0]
[    0.144675]     scan-0964 [405504000] [02] bus_get_device        : No context for object [ffff8804182427f8]
[    0.144685]     scan-0964 [405504000] [02] bus_get_device        : No context for object [ffff880418242820]
[    0.144694]     scan-0964 [405504000] [02] bus_get_device        : No context for object [ffff880418242848]
[    0.144704]     scan-0964 [405504000] [02] bus_get_device        : No context for object [ffff880418242870]
[    0.144714]     scan-0964 [405504000] [02] bus_get_device        : No context for object [ffff880418242898]
[    0.144723]     scan-0964 [405504000] [02] bus_get_device        : No context for object [ffff8804182428c0]
[    0.144733]     scan-0964 [405504000] [02] bus_get_device        : No context for object [ffff8804182428e8]
[    0.144742]     scan-0964 [405504000] [02] bus_get_device        : No context for object [ffff880418242910]
[    0.144752]     scan-0964 [405504000] [02] bus_get_device        : No context for object [ffff880418242938]
[    0.144762]     scan-0964 [405504000] [02] bus_get_device        : No context for object [ffff880418242960]
[    0.144771]     scan-0964 [405504000] [02] bus_get_device        : No context for object [ffff880418242988]
[    0.144781]     scan-0964 [405504000] [02] bus_get_device        : No context for object [ffff8804182429b0]
[    0.144791]     scan-0964 [405504000] [02] bus_get_device        : No context for object [ffff8804182429d8]
[    0.144800]     scan-0964 [405504000] [02] bus_get_device        : No context for object [ffff88041827e460]
[    0.144810]     scan-0964 [405504000] [02] bus_get_device        : No context for object [ffff880418281c08]
[    0.144819]     scan-0964 [405504000] [02] bus_get_device        : No context for object [ffff880418281c30]
[    0.144829]     scan-0964 [405504000] [02] bus_get_device        : No context for object [ffff880418281c58]
[    0.144840]    utils-0052 [405504000] [02] util_eval_error       : Evaluate [\_SB_.PCI0.PB3_.VGA_.CRT_._STA]: AE_NOT_FOUND
[    0.144921] device: 'device:05': device_add
[    0.144928] bus: 'acpi': add device device:05
[    0.144944]    utils-0052 [405504000] [02] util_eval_error       : Evaluate [\_SB_.PCI0.PB3_.VGA_.CRT_._SUN]: AE_NOT_FOUND
[    0.144959]     scan-1711 [405504000] [02] add_single_object     : Added device:05 [\_SB_.PCI0.PB3_.VGA_.CRT_] parent LNXVIDEO:00
[    0.144970]     scan-0964 [405504000] [02] bus_get_device        : No context for object [ffff880418281c80]
[    0.144980]     scan-0964 [405504000] [02] bus_get_device        : No context for object [ffff880418281ca8]
[    0.144989]     scan-0964 [405504000] [02] bus_get_device        : No context for object [ffff880418281cd0]
[    0.145003]     scan-0964 [405504000] [02] bus_get_device        : No context for object [ffff880418281cf8]
[    0.145013]     scan-0964 [405504000] [02] bus_get_device        : No context for object [ffff880418281d20]
[    0.145024]    utils-0052 [405504000] [02] util_eval_error       : Evaluate [\_SB_.PCI0.PB3_.VGA_.LCD_._STA]: AE_NOT_FOUND
[    0.145107] device: 'device:06': device_add
[    0.145114] bus: 'acpi': add device device:06
[    0.145133]    utils-0052 [405504000] [02] util_eval_error       : Evaluate [\_SB_.PCI0.PB3_.VGA_.LCD_._SUN]: AE_NOT_FOUND
[    0.145148]     scan-1711 [405504000] [02] add_single_object     : Added device:06 [\_SB_.PCI0.PB3_.VGA_.LCD_] parent LNXVIDEO:00
[    0.145159]     scan-0964 [405504000] [02] bus_get_device        : No context for object [ffff880418281d48]
[    0.145169]     scan-0964 [405504000] [02] bus_get_device        : No context for object [ffff880418281d70]
[    0.145179]     scan-0964 [405504000] [02] bus_get_device        : No context for object [ffff880418281d98]
[    0.145189]     scan-0964 [405504000] [02] bus_get_device        : No context for object [ffff880418281dc0]
[    0.145198]     scan-0964 [405504000] [02] bus_get_device        : No context for object [ffff880418281de8]
[    0.145208]     scan-0964 [405504000] [02] bus_get_device        : No context for object [ffff880418281e10]
[    0.145218]     scan-0964 [405504000] [02] bus_get_device        : No context for object [ffff880418281e38]
[    0.145227]     scan-0964 [405504000] [02] bus_get_device        : No context for object [ffff880418281e60]
[    0.145238]    utils-0052 [405504000] [02] util_eval_error       : Evaluate [\_SB_.PCI0.PB3_.VGA_.TV0_._STA]: AE_NOT_FOUND
[    0.145303] device: 'device:07': device_add
[    0.145309] bus: 'acpi': add device device:07
[    0.145324]    utils-0052 [405504000] [02] util_eval_error       : Evaluate [\_SB_.PCI0.PB3_.VGA_.TV0_._SUN]: AE_NOT_FOUND
[    0.145339]     scan-1711 [405504000] [02] add_single_object     : Added device:07 [\_SB_.PCI0.PB3_.VGA_.TV0_] parent LNXVIDEO:00
[    0.145350]     scan-0964 [405504000] [02] bus_get_device        : No context for object [ffff880418281e88]
[    0.145360]     scan-0964 [405504000] [02] bus_get_device        : No context for object [ffff880418281eb0]
[    0.145369]     scan-0964 [405504000] [02] bus_get_device        : No context for object [ffff880418281ed8]
[    0.145379]     scan-0964 [405504000] [02] bus_get_device        : No context for object [ffff880418281f00]
[    0.145389]     scan-0964 [405504000] [02] bus_get_device        : No context for object [ffff880418281f28]
[    0.145400]    utils-0052 [405504000] [02] util_eval_error       : Evaluate [\_SB_.PCI0.PB3_.VGA_.HDMI._STA]: AE_NOT_FOUND
[    0.145479] device: 'device:08': device_add
[    0.145485] bus: 'acpi': add device device:08
[    0.145504]    utils-0052 [405504000] [02] util_eval_error       : Evaluate [\_SB_.PCI0.PB3_.VGA_.HDMI._SUN]: AE_NOT_FOUND
[    0.145519]     scan-1711 [405504000] [02] add_single_object     : Added device:08 [\_SB_.PCI0.PB3_.VGA_.HDMI] parent LNXVIDEO:00
[    0.145530]     scan-0964 [405504000] [02] bus_get_device        : No context for object [ffff880418281f50]
[    0.145540]     scan-0964 [405504000] [02] bus_get_device        : No context for object [ffff880418281f78]
[    0.145549]     scan-0964 [405504000] [02] bus_get_device        : No context for object [ffff880418281fa0]
[    0.145559]     scan-0964 [405504000] [02] bus_get_device        : No context for object [ffff880418281fc8]
[    0.145569]     scan-0964 [405504000] [02] bus_get_device        : No context for object [ffff880418242a00]
[    0.145580]    utils-0052 [405504000] [02] util_eval_error       : Evaluate [\_SB_.PCI0.PB3_.HDAU._STA]: AE_NOT_FOUND
[    0.145643] device: 'device:09': device_add
[    0.145649] bus: 'acpi': add device device:09
[    0.145665]    utils-0052 [405504000] [02] util_eval_error       : Evaluate [\_SB_.PCI0.PB3_.HDAU._SUN]: AE_NOT_FOUND
[    0.145679]     scan-1711 [405504000] [02] add_single_object     : Added device:09 [\_SB_.PCI0.PB3_.HDAU] parent device:04
[    0.145690]     scan-0964 [405504000] [02] bus_get_device        : No context for object [ffff880418242a28]
[    0.145700]     scan-0964 [405504000] [02] bus_get_device        : No context for object [ffff880418242a50]
[    0.145709]     scan-0964 [405504000] [02] bus_get_device        : No context for object [ffff880418242a78]
[    0.145719]     scan-0964 [405504000] [02] bus_get_device        : No context for object [ffff880418242aa0]
[    0.145729]     scan-0964 [405504000] [02] bus_get_device        : No context for object [ffff880418242ac8]
[    0.145738]     scan-0964 [405504000] [02] bus_get_device        : No context for object [ffff880418242af0]
[    0.145748]     scan-0964 [405504000] [02] bus_get_device        : No context for object [ffff880418242b18]
[    0.145759]    utils-0052 [405504000] [02] util_eval_error       : Evaluate [\_SB_.PCI0.PB4_._STA]: AE_NOT_FOUND
[    0.145887] device: 'device:0a': device_add
[    0.145893] bus: 'acpi': add device device:0a
[    0.145910]    utils-0052 [405504000] [02] util_eval_error       : Evaluate [\_SB_.PCI0.PB4_._SUN]: AE_NOT_FOUND
[    0.145924]     scan-1711 [405504000] [02] add_single_object     : Added device:0a [\_SB_.PCI0.PB4_] parent PNP0A08:00
[    0.145935]     scan-0964 [405504000] [02] bus_get_device        : No context for object [ffff880418242b40]
[    0.145944]     scan-0964 [405504000] [02] bus_get_device        : No context for object [ffff880418242b68]
[    0.145954]     scan-0964 [405504000] [02] bus_get_device        : No context for object [ffff880418242b90]
[    0.145964]     scan-0964 [405504000] [02] bus_get_device        : No context for object [ffff880418242bb8]
[    0.145973]     scan-0964 [405504000] [02] bus_get_device        : No context for object [ffff880418242be0]
[    0.145983]     scan-0964 [405504000] [02] bus_get_device        : No context for object [ffff880418242c08]
[    0.145992]     scan-0964 [405504000] [02] bus_get_device        : No context for object [ffff880418242c30]
[    0.146008]     scan-0964 [405504000] [02] bus_get_device        : No context for object [ffff880418242c58]
[    0.146018]     scan-0964 [405504000] [02] bus_get_device        : No context for object [ffff880418242c80]
[    0.146028]     scan-0964 [405504000] [02] bus_get_device        : No context for object [ffff880418242ca8]
[    0.146038]     scan-0964 [405504000] [02] bus_get_device        : No context for object [ffff880418242cd0]
[    0.146047]     scan-0964 [405504000] [02] bus_get_device        : No context for object [ffff880418242cf8]
[    0.146057]     scan-0964 [405504000] [02] bus_get_device        : No context for object [ffff880418242d20]
[    0.146066]     scan-0964 [405504000] [02] bus_get_device        : No context for object [ffff880418242d48]
[    0.146076]     scan-0964 [405504000] [02] bus_get_device        : No context for object [ffff880418242d70]
[    0.146086]     scan-0964 [405504000] [02] bus_get_device        : No context for object [ffff880418242d98]
[    0.146095]     scan-0964 [405504000] [02] bus_get_device        : No context for object [ffff880418242dc0]
[    0.146105]     scan-0964 [405504000] [02] bus_get_device        : No context for object [ffff880418242de8]
[    0.146115]     scan-0964 [405504000] [02] bus_get_device        : No context for object [ffff880418242e10]
[    0.146124]     scan-0964 [405504000] [02] bus_get_device        : No context for object [ffff880418242e38]
[    0.146134]     scan-0964 [405504000] [02] bus_get_device        : No context for object [ffff880418242e60]
[    0.146143]     scan-0964 [405504000] [02] bus_get_device        : No context for object [ffff880418242e88]
[    0.146153]     scan-0964 [405504000] [02] bus_get_device        : No context for object [ffff880418242eb0]
[    0.146163]     scan-0964 [405504000] [02] bus_get_device        : No context for object [ffff880418242ed8]
[    0.146172]     scan-0964 [405504000] [02] bus_get_device        : No context for object [ffff880418242f00]
[    0.146182]     scan-0964 [405504000] [02] bus_get_device        : No context for object [ffff880418242f28]
[    0.146191]     scan-0964 [405504000] [02] bus_get_device        : No context for object [ffff880418242f50]
[    0.146201]     scan-0964 [405504000] [02] bus_get_device        : No context for object [ffff880418242f78]
[    0.146210]     scan-0964 [405504000] [02] bus_get_device        : No context for object [ffff880418242fa0]
[    0.146220]     scan-0964 [405504000] [02] bus_get_device        : No context for object [ffff880418242fc8]
[    0.146230]     scan-0964 [405504000] [02] bus_get_device        : No context for object [ffff880418244000]
[    0.146241]    utils-0052 [405504000] [02] util_eval_error       : Evaluate [\_SB_.PCI0.PB4_.XPDV._STA]: AE_NOT_FOUND
[    0.146306] device: 'device:0b': device_add
[    0.146313] bus: 'acpi': add device device:0b
[    0.146331]    utils-0052 [405504000] [02] util_eval_error       : Evaluate [\_SB_.PCI0.PB4_.XPDV._SUN]: AE_NOT_FOUND
[    0.146346]     scan-1711 [405504000] [02] add_single_object     : Added device:0b [\_SB_.PCI0.PB4_.XPDV] parent device:0a
[    0.146356]     scan-0964 [405504000] [02] bus_get_device        : No context for object [ffff880418244028]
[    0.146366]     scan-0964 [405504000] [02] bus_get_device        : No context for object [ffff880418244050]
[    0.146376]     scan-0964 [405504000] [02] bus_get_device        : No context for object [ffff880418244078]
[    0.146385]     scan-0964 [405504000] [02] bus_get_device        : No context for object [ffff8804182440a0]
[    0.146395]     scan-0964 [405504000] [02] bus_get_device        : No context for object [ffff8804182440c8]
[    0.146405]     scan-0964 [405504000] [02] bus_get_device        : No context for object [ffff88041827e500]
[    0.146415]     scan-0964 [405504000] [02] bus_get_device        : No context for object [ffff8804182440f0]
[    0.146424]     scan-0964 [405504000] [02] bus_get_device        : No context for object [ffff880418244118]
[    0.146435]    utils-0052 [405504000] [02] util_eval_error       : Evaluate [\_SB_.PCI0.PB5_._STA]: AE_NOT_FOUND
[    0.146547] device: 'device:0c': device_add
[    0.146554] bus: 'acpi': add device device:0c
[    0.146570]    utils-0052 [405504000] [02] util_eval_error       : Evaluate [\_SB_.PCI0.PB5_._SUN]: AE_NOT_FOUND
[    0.146584]     scan-1711 [405504000] [02] add_single_object     : Added device:0c [\_SB_.PCI0.PB5_] parent PNP0A08:00
[    0.146596]     scan-0964 [405504000] [02] bus_get_device        : No context for object [ffff880418244140]
[    0.146606]     scan-0964 [405504000] [02] bus_get_device        : No context for object [ffff880418244168]
[    0.146616]     scan-0964 [405504000] [02] bus_get_device        : No context for object [ffff880418244190]
[    0.146627]     scan-0964 [405504000] [02] bus_get_device        : No context for object [ffff8804182441b8]
[    0.146637]     scan-0964 [405504000] [02] bus_get_device        : No context for object [ffff8804182441e0]
[    0.146647]     scan-0964 [405504000] [02] bus_get_device        : No context for object [ffff880418244208]
[    0.146658]     scan-0964 [405504000] [02] bus_get_device        : No context for object [ffff880418244230]
[    0.146668]     scan-0964 [405504000] [02] bus_get_device        : No context for object [ffff880418244258]
[    0.146678]     scan-0964 [405504000] [02] bus_get_device        : No context for object [ffff880418244280]
[    0.146688]     scan-0964 [405504000] [02] bus_get_device        : No context for object [ffff8804182442a8]
[    0.146699]     scan-0964 [405504000] [02] bus_get_device        : No context for object [ffff8804182442d0]
[    0.146709]     scan-0964 [405504000] [02] bus_get_device        : No context for object [ffff8804182442f8]
[    0.146720]     scan-0964 [405504000] [02] bus_get_device        : No context for object [ffff880418244320]
[    0.146730]     scan-0964 [405504000] [02] bus_get_device        : No context for object [ffff880418244348]
[    0.146740]     scan-0964 [405504000] [02] bus_get_device        : No context for object [ffff880418244370]
[    0.146751]     scan-0964 [405504000] [02] bus_get_device        : No context for object [ffff880418244398]
[    0.146761]     scan-0964 [405504000] [02] bus_get_device        : No context for object [ffff8804182443c0]
[    0.146771]     scan-0964 [405504000] [02] bus_get_device        : No context for object [ffff8804182443e8]
[    0.146781]     scan-0964 [405504000] [02] bus_get_device        : No context for object [ffff880418244410]
[    0.146792]     scan-0964 [405504000] [02] bus_get_device        : No context for object [ffff880418244438]
[    0.146802]     scan-0964 [405504000] [02] bus_get_device        : No context for object [ffff880418244460]
[    0.146812]     scan-0964 [405504000] [02] bus_get_device        : No context for object [ffff880418244488]
[    0.146822]     scan-0964 [405504000] [02] bus_get_device        : No context for object [ffff8804182444b0]
[    0.146832]     scan-0964 [405504000] [02] bus_get_device        : No context for object [ffff8804182444d8]
[    0.146843]     scan-0964 [405504000] [02] bus_get_device        : No context for object [ffff880418244500]
[    0.146853]     scan-0964 [405504000] [02] bus_get_device        : No context for object [ffff880418244528]
[    0.146863]     scan-0964 [405504000] [02] bus_get_device        : No context for object [ffff880418244550]
[    0.146873]     scan-0964 [405504000] [02] bus_get_device        : No context for object [ffff880418244578]
[    0.146883]     scan-0964 [405504000] [02] bus_get_device        : No context for object [ffff8804182445a0]
[    0.146893]     scan-0964 [405504000] [02] bus_get_device        : No context for object [ffff8804182445c8]
[    0.146904]     scan-0964 [405504000] [02] bus_get_device        : No context for object [ffff8804182445f0]
[    0.146915]    utils-0052 [405504000] [02] util_eval_error       : Evaluate [\_SB_.PCI0.PB5_.XPDV._STA]: AE_NOT_FOUND
[    0.146979] device: 'device:0d': device_add
[    0.146986] bus: 'acpi': add device device:0d
[    0.147008]    utils-0052 [405504000] [02] util_eval_error       : Evaluate [\_SB_.PCI0.PB5_.XPDV._SUN]: AE_NOT_FOUND
[    0.147024]     scan-1711 [405504000] [02] add_single_object     : Added device:0d [\_SB_.PCI0.PB5_.XPDV] parent device:0c
[    0.147035]     scan-0964 [405504000] [02] bus_get_device        : No context for object [ffff880418244618]
[    0.147046]     scan-0964 [405504000] [02] bus_get_device        : No context for object [ffff880418244640]
[    0.147056]     scan-0964 [405504000] [02] bus_get_device        : No context for object [ffff880418244668]
[    0.147066]     scan-0964 [405504000] [02] bus_get_device        : No context for object [ffff880418244690]
[    0.147076]     scan-0964 [405504000] [02] bus_get_device        : No context for object [ffff8804182446b8]
[    0.147087]     scan-0964 [405504000] [02] bus_get_device        : No context for object [ffff88041827e528]
[    0.147097]     scan-0964 [405504000] [02] bus_get_device        : No context for object [ffff8804182446e0]
[    0.147107]     scan-0964 [405504000] [02] bus_get_device        : No context for object [ffff880418244708]
[    0.147119]    utils-0052 [405504000] [02] util_eval_error       : Evaluate [\_SB_.PCI0.PB6_._STA]: AE_NOT_FOUND
[    0.147246] device: 'device:0e': device_add
[    0.147253] bus: 'acpi': add device device:0e
[    0.147270]    utils-0052 [405504000] [02] util_eval_error       : Evaluate [\_SB_.PCI0.PB6_._SUN]: AE_NOT_FOUND
[    0.147285]     scan-1711 [405504000] [02] add_single_object     : Added device:0e [\_SB_.PCI0.PB6_] parent PNP0A08:00
[    0.147296]     scan-0964 [405504000] [02] bus_get_device        : No context for object [ffff880418244730]
[    0.147306]     scan-0964 [405504000] [02] bus_get_device        : No context for object [ffff880418244758]
[    0.147316]     scan-0964 [405504000] [02] bus_get_device        : No context for object [ffff880418244780]
[    0.147327]     scan-0964 [405504000] [02] bus_get_device        : No context for object [ffff8804182447a8]
[    0.147337]     scan-0964 [405504000] [02] bus_get_device        : No context for object [ffff8804182447d0]
[    0.147347]     scan-0964 [405504000] [02] bus_get_device        : No context for object [ffff8804182447f8]
[    0.147357]     scan-0964 [405504000] [02] bus_get_device        : No context for object [ffff880418244820]
[    0.147367]     scan-0964 [405504000] [02] bus_get_device        : No context for object [ffff880418244848]
[    0.147378]     scan-0964 [405504000] [02] bus_get_device        : No context for object [ffff880418244870]
[    0.147388]     scan-0964 [405504000] [02] bus_get_device        : No context for object [ffff880418244898]
[    0.147398]     scan-0964 [405504000] [02] bus_get_device        : No context for object [ffff8804182448c0]
[    0.147408]     scan-0964 [405504000] [02] bus_get_device        : No context for object [ffff8804182448e8]
[    0.147418]     scan-0964 [405504000] [02] bus_get_device        : No context for object [ffff880418244910]
[    0.147428]     scan-0964 [405504000] [02] bus_get_device        : No context for object [ffff880418244938]
[    0.147439]     scan-0964 [405504000] [02] bus_get_device        : No context for object [ffff880418244960]
[    0.147449]     scan-0964 [405504000] [02] bus_get_device        : No context for object [ffff880418244988]
[    0.147459]     scan-0964 [405504000] [02] bus_get_device        : No context for object [ffff8804182449b0]
[    0.147469]     scan-0964 [405504000] [02] bus_get_device        : No context for object [ffff8804182449d8]
[    0.147479]     scan-0964 [405504000] [02] bus_get_device        : No context for object [ffff880418244a00]
[    0.147490]     scan-0964 [405504000] [02] bus_get_device        : No context for object [ffff880418244a28]
[    0.147500]     scan-0964 [405504000] [02] bus_get_device        : No context for object [ffff880418244a50]
[    0.147510]     scan-0964 [405504000] [02] bus_get_device        : No context for object [ffff880418244a78]
[    0.147520]     scan-0964 [405504000] [02] bus_get_device        : No context for object [ffff880418244aa0]
[    0.147530]     scan-0964 [405504000] [02] bus_get_device        : No context for object [ffff880418244ac8]
[    0.147540]     scan-0964 [405504000] [02] bus_get_device        : No context for object [ffff880418244af0]
[    0.147551]     scan-0964 [405504000] [02] bus_get_device        : No context for object [ffff880418244b18]
[    0.147561]     scan-0964 [405504000] [02] bus_get_device        : No context for object [ffff880418244b40]
[    0.147571]     scan-0964 [405504000] [02] bus_get_device        : No context for object [ffff880418244b68]
[    0.147581]     scan-0964 [405504000] [02] bus_get_device        : No context for object [ffff880418244b90]
[    0.147591]     scan-0964 [405504000] [02] bus_get_device        : No context for object [ffff880418244bb8]
[    0.147601]     scan-0964 [405504000] [02] bus_get_device        : No context for object [ffff880418244be0]
[    0.147613]    utils-0052 [405504000] [02] util_eval_error       : Evaluate [\_SB_.PCI0.PB6_.XPDV._STA]: AE_NOT_FOUND
[    0.147676] device: 'device:0f': device_add
[    0.147683] bus: 'acpi': add device device:0f
[    0.147699]    utils-0052 [405504000] [02] util_eval_error       : Evaluate [\_SB_.PCI0.PB6_.XPDV._SUN]: AE_NOT_FOUND
[    0.147714]     scan-1711 [405504000] [02] add_single_object     : Added device:0f [\_SB_.PCI0.PB6_.XPDV] parent device:0e
[    0.147725]     scan-0964 [405504000] [02] bus_get_device        : No context for object [ffff880418244c08]
[    0.147736]     scan-0964 [405504000] [02] bus_get_device        : No context for object [ffff880418244c30]
[    0.147746]     scan-0964 [405504000] [02] bus_get_device        : No context for object [ffff880418244c58]
[    0.147756]     scan-0964 [405504000] [02] bus_get_device        : No context for object [ffff880418244c80]
[    0.147766]     scan-0964 [405504000] [02] bus_get_device        : No context for object [ffff880418244ca8]
[    0.147776]     scan-0964 [405504000] [02] bus_get_device        : No context for object [ffff88041827e550]
[    0.147787]     scan-0964 [405504000] [02] bus_get_device        : No context for object [ffff880418244cd0]
[    0.147797]     scan-0964 [405504000] [02] bus_get_device        : No context for object [ffff880418244cf8]
[    0.147809]    utils-0052 [405504000] [02] util_eval_error       : Evaluate [\_SB_.PCI0.PB7_._STA]: AE_NOT_FOUND
[    0.147935] device: 'device:10': device_add
[    0.147944] bus: 'acpi': add device device:10
[    0.147961]    utils-0052 [405504000] [02] util_eval_error       : Evaluate [\_SB_.PCI0.PB7_._SUN]: AE_NOT_FOUND
[    0.147977]     scan-1711 [405504000] [02] add_single_object     : Added device:10 [\_SB_.PCI0.PB7_] parent PNP0A08:00
[    0.147988]     scan-0964 [405504000] [02] bus_get_device        : No context for object [ffff880418244d20]
[    0.147998]     scan-0964 [405504000] [02] bus_get_device        : No context for object [ffff880418244d48]
[    0.148011]     scan-0964 [405504000] [02] bus_get_device        : No context for object [ffff880418244d70]
[    0.148021]     scan-0964 [405504000] [02] bus_get_device        : No context for object [ffff880418244d98]
[    0.148031]     scan-0964 [405504000] [02] bus_get_device        : No context for object [ffff880418244dc0]
[    0.148041]     scan-0964 [405504000] [02] bus_get_device        : No context for object [ffff880418244de8]
[    0.148052]     scan-0964 [405504000] [02] bus_get_device        : No context for object [ffff880418244e10]
[    0.148062]     scan-0964 [405504000] [02] bus_get_device        : No context for object [ffff880418244e38]
[    0.148072]     scan-0964 [405504000] [02] bus_get_device        : No context for object [ffff880418244e60]
[    0.148082]     scan-0964 [405504000] [02] bus_get_device        : No context for object [ffff880418244e88]
[    0.148092]     scan-0964 [405504000] [02] bus_get_device        : No context for object [ffff880418244eb0]
[    0.148103]     scan-0964 [405504000] [02] bus_get_device        : No context for object [ffff880418244ed8]
[    0.148113]     scan-0964 [405504000] [02] bus_get_device        : No context for object [ffff880418244f00]
[    0.148123]     scan-0964 [405504000] [02] bus_get_device        : No context for object [ffff880418244f28]
[    0.148133]     scan-0964 [405504000] [02] bus_get_device        : No context for object [ffff880418244f50]
[    0.148144]     scan-0964 [405504000] [02] bus_get_device        : No context for object [ffff880418244f78]
[    0.148154]     scan-0964 [405504000] [02] bus_get_device        : No context for object [ffff880418244fa0]
[    0.148164]     scan-0964 [405504000] [02] bus_get_device        : No context for object [ffff880418244fc8]
[    0.148174]     scan-0964 [405504000] [02] bus_get_device        : No context for object [ffff880418246000]
[    0.148184]     scan-0964 [405504000] [02] bus_get_device        : No context for object [ffff880418246028]
[    0.148195]     scan-0964 [405504000] [02] bus_get_device        : No context for object [ffff880418246050]
[    0.148205]     scan-0964 [405504000] [02] bus_get_device        : No context for object [ffff880418246078]
[    0.148215]     scan-0964 [405504000] [02] bus_get_device        : No context for object [ffff8804182460a0]
[    0.148225]     scan-0964 [405504000] [02] bus_get_device        : No context for object [ffff8804182460c8]
[    0.148236]     scan-0964 [405504000] [02] bus_get_device        : No context for object [ffff8804182460f0]
[    0.148246]     scan-0964 [405504000] [02] bus_get_device        : No context for object [ffff880418246118]
[    0.148256]     scan-0964 [405504000] [02] bus_get_device        : No context for object [ffff880418246140]
[    0.148266]     scan-0964 [405504000] [02] bus_get_device        : No context for object [ffff880418246168]
[    0.148276]     scan-0964 [405504000] [02] bus_get_device        : No context for object [ffff880418246190]
[    0.148287]     scan-0964 [405504000] [02] bus_get_device        : No context for object [ffff8804182461b8]
[    0.148297]     scan-0964 [405504000] [02] bus_get_device        : No context for object [ffff8804182461e0]
[    0.148308]    utils-0052 [405504000] [02] util_eval_error       : Evaluate [\_SB_.PCI0.PB7_.XPDV._STA]: AE_NOT_FOUND
[    0.148373] device: 'device:11': device_add
[    0.148380] bus: 'acpi': add device device:11
[    0.148396]    utils-0052 [405504000] [02] util_eval_error       : Evaluate [\_SB_.PCI0.PB7_.XPDV._SUN]: AE_NOT_FOUND
[    0.148411]     scan-1711 [405504000] [02] add_single_object     : Added device:11 [\_SB_.PCI0.PB7_.XPDV] parent device:10
[    0.148422]     scan-0964 [405504000] [02] bus_get_device        : No context for object [ffff880418246208]
[    0.148432]     scan-0964 [405504000] [02] bus_get_device        : No context for object [ffff880418246230]
[    0.148442]     scan-0964 [405504000] [02] bus_get_device        : No context for object [ffff880418246258]
[    0.148453]     scan-0964 [405504000] [02] bus_get_device        : No context for object [ffff880418246280]
[    0.148463]     scan-0964 [405504000] [02] bus_get_device        : No context for object [ffff8804182462a8]
[    0.148473]     scan-0964 [405504000] [02] bus_get_device        : No context for object [ffff88041827e488]
[    0.148483]     scan-0964 [405504000] [02] bus_get_device        : No context for object [ffff8804182462d0]
[    0.148493]     scan-0964 [405504000] [02] bus_get_device        : No context for object [ffff8804182462f8]
[    0.148505]    utils-0052 [405504000] [02] util_eval_error       : Evaluate [\_SB_.PCI0.OHC1._STA]: AE_NOT_FOUND
[    0.148579] device: 'device:12': device_add
[    0.148586] bus: 'acpi': add device device:12
[    0.148604]    utils-0052 [405504000] [02] util_eval_error       : Evaluate [\_SB_.PCI0.OHC1._SUN]: AE_NOT_FOUND
[    0.148619]     scan-1711 [405504000] [02] add_single_object     : Added device:12 [\_SB_.PCI0.OHC1] parent PNP0A08:00
[    0.148630]     scan-0964 [405504000] [02] bus_get_device        : No context for object [ffff880418246320]
[    0.148641]     scan-0964 [405504000] [02] bus_get_device        : No context for object [ffff880418246348]
[    0.148651]     scan-0964 [405504000] [02] bus_get_device        : No context for object [ffff8804182822f8]
[    0.148663]    utils-0052 [405504000] [02] util_eval_error       : Evaluate [\_SB_.PCI0.OHC1.RHUB._STA]: AE_NOT_FOUND
[    0.148726] device: 'device:13': device_add
[    0.148733] bus: 'acpi': add device device:13
[    0.148749]    utils-0052 [405504000] [02] util_eval_error       : Evaluate [\_SB_.PCI0.OHC1.RHUB._SUN]: AE_NOT_FOUND
[    0.148764]     scan-1711 [405504000] [02] add_single_object     : Added device:13 [\_SB_.PCI0.OHC1.RHUB] parent device:12
[    0.148775]     scan-0964 [405504000] [02] bus_get_device        : No context for object [ffff880418282320]
[    0.148785]     scan-0964 [405504000] [02] bus_get_device        : No context for object [ffff880418282348]
[    0.148797]    utils-0052 [405504000] [02] util_eval_error       : Evaluate [\_SB_.PCI0.OHC1.RHUB.PRT3._STA]: AE_NOT_FOUND
[    0.148861] device: 'device:14': device_add
[    0.148867] bus: 'acpi': add device device:14
[    0.148886]    utils-0052 [405504000] [02] util_eval_error       : Evaluate [\_SB_.PCI0.OHC1.RHUB.PRT3._SUN]: AE_NOT_FOUND
[    0.148901]     scan-1711 [405504000] [02] add_single_object     : Added device:14 [\_SB_.PCI0.OHC1.RHUB.PRT3] parent device:13
[    0.148913]     scan-0964 [405504000] [02] bus_get_device        : No context for object [ffff880418282370]
[    0.148923]     scan-0964 [405504000] [02] bus_get_device        : No context for object [ffff880418282398]
[    0.148933]     scan-0964 [405504000] [02] bus_get_device        : No context for object [ffff8804182823c0]
[    0.148944]     scan-0964 [405504000] [02] bus_get_device        : No context for object [ffff8804182823e8]
[    0.148955]    utils-0052 [405504000] [02] util_eval_error       : Evaluate [\_SB_.PCI0.OHC1.RHUB.PRT4._STA]: AE_NOT_FOUND
[    0.149026] device: 'device:15': device_add
[    0.149032] bus: 'acpi': add device device:15
[    0.149049]    utils-0052 [405504000] [02] util_eval_error       : Evaluate [\_SB_.PCI0.OHC1.RHUB.PRT4._SUN]: AE_NOT_FOUND
[    0.149064]     scan-1711 [405504000] [02] add_single_object     : Added device:15 [\_SB_.PCI0.OHC1.RHUB.PRT4] parent device:13
[    0.149075]     scan-0964 [405504000] [02] bus_get_device        : No context for object [ffff880418282410]
[    0.149086]     scan-0964 [405504000] [02] bus_get_device        : No context for object [ffff880418282438]
[    0.149096]     scan-0964 [405504000] [02] bus_get_device        : No context for object [ffff880418282460]
[    0.149107]     scan-0964 [405504000] [02] bus_get_device        : No context for object [ffff880418246370]
[    0.149118]    utils-0052 [405504000] [02] util_eval_error       : Evaluate [\_SB_.PCI0.EHC1._STA]: AE_NOT_FOUND
[    0.149242] device: 'device:16': device_add
[    0.149249] bus: 'acpi': add device device:16
[    0.149265]    utils-0052 [405504000] [02] util_eval_error       : Evaluate [\_SB_.PCI0.EHC1._SUN]: AE_NOT_FOUND
[    0.149280]     scan-1711 [405504000] [02] add_single_object     : Added device:16 [\_SB_.PCI0.EHC1] parent PNP0A08:00
[    0.149291]     scan-0964 [405504000] [02] bus_get_device        : No context for object [ffff880418246398]
[    0.149302]     scan-0964 [405504000] [02] bus_get_device        : No context for object [ffff8804182463c0]
[    0.149312]     scan-0964 [405504000] [02] bus_get_device        : No context for object [ffff880418282028]
[    0.149323]    utils-0052 [405504000] [02] util_eval_error       : Evaluate [\_SB_.PCI0.EHC1.RHUB._STA]: AE_NOT_FOUND
[    0.149386] device: 'device:17': device_add
[    0.149392] bus: 'acpi': add device device:17
[    0.149411]    utils-0052 [405504000] [02] util_eval_error       : Evaluate [\_SB_.PCI0.EHC1.RHUB._SUN]: AE_NOT_FOUND
[    0.149426]     scan-1711 [405504000] [02] add_single_object     : Added device:17 [\_SB_.PCI0.EHC1.RHUB] parent device:16
[    0.149437]     scan-0964 [405504000] [02] bus_get_device        : No context for object [ffff880418282050]
[    0.149448]     scan-0964 [405504000] [02] bus_get_device        : No context for object [ffff880418282078]
[    0.149459]    utils-0052 [405504000] [02] util_eval_error       : Evaluate [\_SB_.PCI0.EHC1.RHUB.PRT3._STA]: AE_NOT_FOUND
[    0.149523] device: 'device:18': device_add
[    0.149529] bus: 'acpi': add device device:18
[    0.149546]    utils-0052 [405504000] [02] util_eval_error       : Evaluate [\_SB_.PCI0.EHC1.RHUB.PRT3._SUN]: AE_NOT_FOUND
[    0.149561]     scan-1711 [405504000] [02] add_single_object     : Added device:18 [\_SB_.PCI0.EHC1.RHUB.PRT3] parent device:17
[    0.149573]     scan-0964 [405504000] [02] bus_get_device        : No context for object [ffff8804182820a0]
[    0.149583]     scan-0964 [405504000] [02] bus_get_device        : No context for object [ffff8804182820c8]
[    0.149593]     scan-0964 [405504000] [02] bus_get_device        : No context for object [ffff8804182820f0]
[    0.149604]     scan-0964 [405504000] [02] bus_get_device        : No context for object [ffff880418282118]
[    0.149615]    utils-0052 [405504000] [02] util_eval_error       : Evaluate [\_SB_.PCI0.EHC1.RHUB.PRT4._STA]: AE_NOT_FOUND
[    0.149679] device: 'device:19': device_add
[    0.149685] bus: 'acpi': add device device:19
[    0.149703]    utils-0052 [405504000] [02] util_eval_error       : Evaluate [\_SB_.PCI0.EHC1.RHUB.PRT4._SUN]: AE_NOT_FOUND
[    0.149719]     scan-1711 [405504000] [02] add_single_object     : Added device:19 [\_SB_.PCI0.EHC1.RHUB.PRT4] parent device:17
[    0.149730]     scan-0964 [405504000] [02] bus_get_device        : No context for object [ffff880418282140]
[    0.149741]     scan-0964 [405504000] [02] bus_get_device        : No context for object [ffff880418282168]
[    0.149751]     scan-0964 [405504000] [02] bus_get_device        : No context for object [ffff880418282190]
[    0.149762]     scan-0964 [405504000] [02] bus_get_device        : No context for object [ffff8804182463e8]
[    0.149773]    utils-0052 [405504000] [02] util_eval_error       : Evaluate [\_SB_.PCI0.OHC2._STA]: AE_NOT_FOUND
[    0.149894] device: 'device:1a': device_add
[    0.149900] bus: 'acpi': add device device:1a
[    0.149917]    utils-0052 [405504000] [02] util_eval_error       : Evaluate [\_SB_.PCI0.OHC2._SUN]: AE_NOT_FOUND
[    0.149932]     scan-1711 [405504000] [02] add_single_object     : Added device:1a [\_SB_.PCI0.OHC2] parent PNP0A08:00
[    0.149943]     scan-0964 [405504000] [02] bus_get_device        : No context for object [ffff880418246410]
[    0.149953]     scan-0964 [405504000] [02] bus_get_device        : No context for object [ffff880418246438]
[    0.149963]     scan-0964 [405504000] [02] bus_get_device        : No context for object [ffff880418282488]
[    0.149975]    utils-0052 [405504000] [02] util_eval_error       : Evaluate [\_SB_.PCI0.OHC2.RHUB._STA]: AE_NOT_FOUND
[    0.150042] device: 'device:1b': device_add
[    0.150049] bus: 'acpi': add device device:1b
[    0.150065]    utils-0052 [405504000] [02] util_eval_error       : Evaluate [\_SB_.PCI0.OHC2.RHUB._SUN]: AE_NOT_FOUND
[    0.150081]     scan-1711 [405504000] [02] add_single_object     : Added device:1b [\_SB_.PCI0.OHC2.RHUB] parent device:1a
[    0.150092]     scan-0964 [405504000] [02] bus_get_device        : No context for object [ffff8804182824b0]
[    0.150102]     scan-0964 [405504000] [02] bus_get_device        : No context for object [ffff8804182824d8]
[    0.150113]    utils-0052 [405504000] [02] util_eval_error       : Evaluate [\_SB_.PCI0.OHC2.RHUB.PRT4._STA]: AE_NOT_FOUND
[    0.150177] device: 'device:1c': device_add
[    0.150188] bus: 'acpi': add device device:1c
[    0.150204]    utils-0052 [405504000] [02] util_eval_error       : Evaluate [\_SB_.PCI0.OHC2.RHUB.PRT4._SUN]: AE_NOT_FOUND
[    0.150220]     scan-1711 [405504000] [02] add_single_object     : Added device:1c [\_SB_.PCI0.OHC2.RHUB.PRT4] parent device:1b
[    0.150231]     scan-0964 [405504000] [02] bus_get_device        : No context for object [ffff880418282500]
[    0.150242]     scan-0964 [405504000] [02] bus_get_device        : No context for object [ffff880418282528]
[    0.150252]     scan-0964 [405504000] [02] bus_get_device        : No context for object [ffff880418282550]
[    0.150263]     scan-0964 [405504000] [02] bus_get_device        : No context for object [ffff880418246460]
[    0.150274]    utils-0052 [405504000] [02] util_eval_error       : Evaluate [\_SB_.PCI0.EHC2._STA]: AE_NOT_FOUND
[    0.150395] device: 'device:1d': device_add
[    0.150401] bus: 'acpi': add device device:1d
[    0.150418]    utils-0052 [405504000] [02] util_eval_error       : Evaluate [\_SB_.PCI0.EHC2._SUN]: AE_NOT_FOUND
[    0.150433]     scan-1711 [405504000] [02] add_single_object     : Added device:1d [\_SB_.PCI0.EHC2] parent PNP0A08:00
[    0.150444]     scan-0964 [405504000] [02] bus_get_device        : No context for object [ffff880418246488]
[    0.150454]     scan-0964 [405504000] [02] bus_get_device        : No context for object [ffff8804182464b0]
[    0.150464]     scan-0964 [405504000] [02] bus_get_device        : No context for object [ffff8804182821b8]
[    0.150476]    utils-0052 [405504000] [02] util_eval_error       : Evaluate [\_SB_.PCI0.EHC2.RHUB._STA]: AE_NOT_FOUND
[    0.150538] device: 'device:1e': device_add
[    0.150545] bus: 'acpi': add device device:1e
[    0.150564]    utils-0052 [405504000] [02] util_eval_error       : Evaluate [\_SB_.PCI0.EHC2.RHUB._SUN]: AE_NOT_FOUND
[    0.150579]     scan-1711 [405504000] [02] add_single_object     : Added device:1e [\_SB_.PCI0.EHC2.RHUB] parent device:1d
[    0.150591]     scan-0964 [405504000] [02] bus_get_device        : No context for object [ffff8804182821e0]
[    0.150601]     scan-0964 [405504000] [02] bus_get_device        : No context for object [ffff880418282208]
[    0.150612]    utils-0052 [405504000] [02] util_eval_error       : Evaluate [\_SB_.PCI0.EHC2.RHUB.PRT2._STA]: AE_NOT_FOUND
[    0.150676] device: 'device:1f': device_add
[    0.150682] bus: 'acpi': add device device:1f
[    0.150699]    utils-0052 [405504000] [02] util_eval_error       : Evaluate [\_SB_.PCI0.EHC2.RHUB.PRT2._SUN]: AE_NOT_FOUND
[    0.150714]     scan-1711 [405504000] [02] add_single_object     : Added device:1f [\_SB_.PCI0.EHC2.RHUB.PRT2] parent device:1e
[    0.150725]     scan-0964 [405504000] [02] bus_get_device        : No context for object [ffff880418282230]
[    0.150735]     scan-0964 [405504000] [02] bus_get_device        : No context for object [ffff880418282258]
[    0.150746]     scan-0964 [405504000] [02] bus_get_device        : No context for object [ffff880418282280]
[    0.150756]     scan-0964 [405504000] [02] bus_get_device        : No context for object [ffff8804182464d8]
[    0.150768]    utils-0052 [405504000] [02] util_eval_error       : Evaluate [\_SB_.PCI0.OHC3._STA]: AE_NOT_FOUND
[    0.150888] device: 'device:20': device_add
[    0.150895] bus: 'acpi': add device device:20
[    0.150914]    utils-0052 [405504000] [02] util_eval_error       : Evaluate [\_SB_.PCI0.OHC3._SUN]: AE_NOT_FOUND
