[    0.000000] Initializing cgroup subsys cpuset
[    0.000000] Initializing cgroup subsys cpu
[    0.000000] Initializing cgroup subsys cpuacct
[    0.000000] Linux version 3.12.23-1-MANJARO (emacs@manji) (gcc version 4.9.0 20140604 (prerelease) (GCC) ) #6 SMP PREEMPT Sun Jul 13 21:47:53 CEST 2014
[    0.000000] Command line: BOOT_IMAGE=/vmlinuz-312-x86_64 root=UUID=bfa4ab6e-19a3-4601-ba2b-267c55841c73 rw cryptdevice=/dev/disk/by-uuid/70c08890-417a-497d-b6ab-c0d0357a63e2:cryptManjaro:allow-discards ipv6.disable=1 pnp.debug=1 loglevel=9 log_buf_len=10M printk.always_kmsg_dump=y printk.time=y mminit_loglevel=0 memory_corruption_check=1 fbcon=scrollback:4096k fbcon=font:ProFont6x11 acpi.debug_layer=0xfbff0000 acpi.debug_level=0xFFFFFFFD pnp.debug=1 radeon.dpm=1 radeonfb radeon.audio=0
[    0.000000] e820: BIOS-provided physical RAM map:
[    0.000000] BIOS-e820: [mem 0x0000000000000000-0x000000000009d7ff] usable
[    0.000000] BIOS-e820: [mem 0x000000000009d800-0x000000000009ffff] reserved
[    0.000000] BIOS-e820: [mem 0x00000000000e0000-0x00000000000fffff] reserved
[    0.000000] BIOS-e820: [mem 0x0000000000100000-0x00000000aed9afff] usable
[    0.000000] BIOS-e820: [mem 0x00000000aed9b000-0x00000000af39afff] reserved
[    0.000000] BIOS-e820: [mem 0x00000000af39b000-0x00000000af49afff] ACPI NVS
[    0.000000] BIOS-e820: [mem 0x00000000af49b000-0x00000000af51afff] ACPI data
[    0.000000] BIOS-e820: [mem 0x00000000af51b000-0x00000000afdfffff] usable
[    0.000000] BIOS-e820: [mem 0x00000000afe00000-0x00000000afffffff] reserved
[    0.000000] BIOS-e820: [mem 0x00000000fec00000-0x00000000fecfffff] reserved
[    0.000000] BIOS-e820: [mem 0x00000000fed80000-0x00000000fed80fff] reserved
[    0.000000] BIOS-e820: [mem 0x00000000ffe00000-0x00000000ffffffff] reserved
[    0.000000] BIOS-e820: [mem 0x0000000100000000-0x000000042effffff] usable
[    0.000000] NX (Execute Disable) protection: active
[    0.000000] SMBIOS 2.6 present.
[    0.000000] DMI: LENOVO Sabine/Torpedo, BIOS 54CN18WW 07/20/2011
[    0.000000] e820: update [mem 0x00000000-0x00000fff] usable ==> reserved
[    0.000000] e820: remove [mem 0x000a0000-0x000fffff] usable
[    0.000000] No AGP bridge found
[    0.000000] e820: last_pfn = 0x42f000 max_arch_pfn = 0x400000000
[    0.000000] MTRR default type: uncachable
[    0.000000] MTRR fixed ranges enabled:
[    0.000000]   00000-9FFFF write-back
[    0.000000]   A0000-BFFFF uncachable
[    0.000000]   C0000-FFFFF write-protect
[    0.000000] MTRR variable ranges enabled:
[    0.000000]   0 base 0000000000 mask FF80000000 write-back
[    0.000000]   1 base 0080000000 mask FFE0000000 write-back
[    0.000000]   2 base 00A0000000 mask FFF0000000 write-back
[    0.000000]   3 base 00FFF90000 mask FFFFFF0000 uncachable
[    0.000000]   4 base 00FED80000 mask 0FFFFFF000 uncachable
[    0.000000]   5 disabled
[    0.000000]   6 disabled
[    0.000000]   7 base 00FFE00000 mask FFFFE00000 write-protect
[    0.000000] TOM2: 000000042f000000 aka 17136M
[    0.000000] x86 PAT enabled: cpu 0, old 0x7040600070406, new 0x7010600070106
[    0.000000] mtrr: your BIOS has configured an incorrect mask, fixing it.
[    0.000000] e820: last_pfn = 0xafe00 max_arch_pfn = 0x400000000
[    0.000000] found SMP MP-table at [mem 0x000fa8b0-0x000fa8bf] mapped at [ffff8800000fa8b0]
[    0.000000] Scanning 1 areas for low memory corruption
[    0.000000] Base memory trampoline at [ffff880000097000] 97000 size 24576
[    0.000000] Using GB pages for direct mapping
[    0.000000] init_memory_mapping: [mem 0x00000000-0x000fffff]
[    0.000000]  [mem 0x00000000-0x000fffff] page 4k
[    0.000000] BRK [0x0204c000, 0x0204cfff] PGTABLE
[    0.000000] BRK [0x0204d000, 0x0204dfff] PGTABLE
[    0.000000] BRK [0x0204e000, 0x0204efff] PGTABLE
[    0.000000] init_memory_mapping: [mem 0x42ee00000-0x42effffff]
[    0.000000]  [mem 0x42ee00000-0x42effffff] page 2M
[    0.000000] BRK [0x0204f000, 0x0204ffff] PGTABLE
[    0.000000] init_memory_mapping: [mem 0x42c000000-0x42edfffff]
[    0.000000]  [mem 0x42c000000-0x42edfffff] page 2M
[    0.000000] init_memory_mapping: [mem 0x400000000-0x42bffffff]
[    0.000000]  [mem 0x400000000-0x42bffffff] page 2M
[    0.000000] init_memory_mapping: [mem 0x00100000-0xaed9afff]
[    0.000000]  [mem 0x00100000-0x001fffff] page 4k
[    0.000000]  [mem 0x00200000-0x3fffffff] page 2M
[    0.000000]  [mem 0x40000000-0x7fffffff] page 1G
[    0.000000]  [mem 0x80000000-0xaebfffff] page 2M
[    0.000000]  [mem 0xaec00000-0xaed9afff] page 4k
[    0.000000] init_memory_mapping: [mem 0xaf51b000-0xafdfffff]
[    0.000000]  [mem 0xaf51b000-0xaf5fffff] page 4k
[    0.000000]  [mem 0xaf600000-0xafdfffff] page 2M
[    0.000000] BRK [0x02050000, 0x02050fff] PGTABLE
[    0.000000] init_memory_mapping: [mem 0x100000000-0x3ffffffff]
[    0.000000]  [mem 0x100000000-0x3ffffffff] page 1G
[    0.000000] log_buf_len: 16777216
[    0.000000] early log buf free: 2092212(99%)
[    0.000000] RAMDISK: [mem 0x37880000-0x37c37fff]
[    0.000000] ACPI: RSDP 00000000000f0110 00024 (v02 LENOVO)
[    0.000000] ACPI: XSDT 00000000af51a120 00074 (v01 LENOVO CB-01    00000001 LENO 00000001)
[    0.000000] ACPI: FACP 00000000af508000 000F4 (v04 LENOVO CB-01    00000001 PTL  00000001)
[    0.000000] ACPI: DSDT 00000000af50a000 0FD10 (v01 LENOVO CB-01    00001000 LENO 00000001)
[    0.000000] ACPI: FACS 00000000af478000 00040
[    0.000000] ACPI: HPET 00000000af507000 00038 (v01 LENOVO CB-01    00000001 PTL  00000001)
[    0.000000] ACPI: APIC 00000000af506000 0007A (v02 LENOVO CB-01    00000001 PTL  00000001)
[    0.000000] ACPI: MCFG 00000000af505000 0003C (v01 LENOVO CB-01    00000001 PTL  00000001)
[    0.000000] ACPI: SLIC 00000000af504000 00176 (v01 LENOVO CB-01    00000001 LENO 00000001)
[    0.000000] ACPI: UEFI 00000000af503000 0003E (v01 LENOVO CB-01    00000001 PTL  00000001)
[    0.000000] ACPI: UEFI 00000000af502000 00042 (v01 PTL      COMBUF 00000001 PTL  00000001)
[    0.000000] ACPI: SSDT 00000000af501000 00E34 (v01 AMD    POWERNOW 00000001 AMD  00000001)
[    0.000000] ACPI: SSDT 00000000af4ff000 0193D (v02    AMD     ALIB 00000001 MSFT 04000000)
[    0.000000] ACPI: UEFI 00000000af4fe000 0021A (v01 LENOVO CB-01    00000001 PTL  00000001)
[    0.000000] ACPI: Local APIC address 0xfee00000
[    0.000000] No NUMA configuration found
[    0.000000] Faking a node at [mem 0x0000000000000000-0x000000042effffff]
[    0.000000] Initmem setup node 0 [mem 0x00000000-0x42effffff]
[    0.000000]   NODE_DATA [mem 0x42dffa000-0x42dffdfff]
[    0.000000]  [ffffea0000000000-ffffea0010bfffff] PMD -> [ffff88041de00000-ffff88042d5fffff] on node 0
[    0.000000] Zone ranges:
[    0.000000]   DMA      [mem 0x00001000-0x00ffffff]
[    0.000000]   DMA32    [mem 0x01000000-0xffffffff]
[    0.000000]   Normal   [mem 0x100000000-0x42effffff]
[    0.000000] Movable zone start for each node
[    0.000000] Early memory node ranges
[    0.000000]   node   0: [mem 0x00001000-0x0009cfff]
[    0.000000]   node   0: [mem 0x00100000-0xaed9afff]
[    0.000000]   node   0: [mem 0xaf51b000-0xafdfffff]
[    0.000000]   node   0: [mem 0x100000000-0x42effffff]
[    0.000000] On node 0 totalpages: 4056604
[    0.000000]   DMA zone: 64 pages used for memmap
[    0.000000]   DMA zone: 21 pages reserved
[    0.000000]   DMA zone: 3996 pages, LIFO batch:0
[    0.000000]   DMA32 zone: 11162 pages used for memmap
[    0.000000]   DMA32 zone: 714368 pages, LIFO batch:31
[    0.000000]   Normal zone: 52160 pages used for memmap
[    0.000000]   Normal zone: 3338240 pages, LIFO batch:31
[    0.000000] ACPI: PM-Timer IO Port: 0x808
[    0.000000] ACPI: Local APIC address 0xfee00000
[    0.000000] ACPI: LAPIC (acpi_id[0x00] lapic_id[0x00] enabled)
[    0.000000] ACPI: LAPIC (acpi_id[0x01] lapic_id[0x01] enabled)
[    0.000000] ACPI: LAPIC (acpi_id[0x02] lapic_id[0x02] enabled)
[    0.000000] ACPI: LAPIC (acpi_id[0x03] lapic_id[0x03] enabled)
[    0.000000] ACPI: LAPIC_NMI (acpi_id[0x00] high edge lint[0x1])
[    0.000000] ACPI: LAPIC_NMI (acpi_id[0x01] high edge lint[0x1])
[    0.000000] ACPI: LAPIC_NMI (acpi_id[0x02] high edge lint[0x1])
[    0.000000] ACPI: LAPIC_NMI (acpi_id[0x03] high edge lint[0x1])
[    0.000000] ACPI: IOAPIC (id[0x02] address[0xfec00000] gsi_base[0])
[    0.000000] IOAPIC[0]: apic_id 2, version 33, address 0xfec00000, GSI 0-23
[    0.000000] ACPI: INT_SRC_OVR (bus 0 bus_irq 0 global_irq 2 dfl dfl)
[    0.000000] ACPI: IRQ0 used by override.
[    0.000000] ACPI: IRQ2 used by override.
[    0.000000] ACPI: IRQ9 used by override.
[    0.000000] Using ACPI (MADT) for SMP configuration information
[    0.000000] ACPI: HPET id: 0x43538210 base: 0xfed00000
[    0.000000] smpboot: Allowing 4 CPUs, 0 hotplug CPUs
[    0.000000] nr_irqs_gsi: 40
[    0.000000] e820: [mem 0xb0000000-0xfebfffff] available for PCI devices
[    0.000000] setup_percpu: NR_CPUS:128 nr_cpumask_bits:128 nr_cpu_ids:4 nr_node_ids:1
[    0.000000] PERCPU: Embedded 27 pages/cpu @ffff88042dc00000 s80896 r8192 d21504 u524288
[    0.000000] pcpu-alloc: s80896 r8192 d21504 u524288 alloc=1*2097152
[    0.000000] pcpu-alloc: [0] 0 1 2 3 
[    0.000000] Built 1 zonelists in Zone order, mobility grouping on.  Total pages: 3993197
[    0.000000] Policy zone: Normal
[    0.000000] Kernel command line: BOOT_IMAGE=/vmlinuz-312-x86_64 root=UUID=bfa4ab6e-19a3-4601-ba2b-267c55841c73 rw cryptdevice=/dev/disk/by-uuid/70c08890-417a-497d-b6ab-c0d0357a63e2:cryptManjaro:allow-discards ipv6.disable=1 pnp.debug=1 loglevel=9 log_buf_len=10M printk.always_kmsg_dump=y printk.time=y mminit_loglevel=0 memory_corruption_check=1 fbcon=scrollback:4096k fbcon=font:ProFont6x11 acpi.debug_layer=0xfbff0000 acpi.debug_level=0xFFFFFFFD pnp.debug=1 radeon.dpm=1 radeonfb radeon.audio=0
[    0.000000] PID hash table entries: 4096 (order: 3, 32768 bytes)
[    0.000000] Checking aperture...
[    0.000000] No AGP bridge found
[    0.000000] Memory: 15868808K/16226416K available (6372K kernel code, 760K rwdata, 2816K rodata, 880K init, 2728K bss, 357608K reserved)
[    0.000000] SLUB: HWalign=64, Order=0-3, MinObjects=0, CPUs=4, Nodes=1
[    0.000000] Preemptible hierarchical RCU implementation.
[    0.000000] 	RCU dyntick-idle grace-period acceleration is enabled.
[    0.000000] 	Additional per-CPU info printed with stalls.
[    0.000000] 	RCU restricting CPUs from NR_CPUS=128 to nr_cpu_ids=4.
[    0.000000] NR_IRQS:8448 nr_irqs:712 16
[    0.000000] spurious 8259A interrupt: IRQ7.
[    0.000000] Console: colour dummy device 80x25
[    0.000000] console [tty0] enabled
[    0.000000] allocated 65011712 bytes of page_cgroup
[    0.000000] please try 'cgroup_disable=memory' option if you don't want memory cgroups
[    0.000000] hpet clockevent registered
[    0.000000] tsc: Fast TSC calibration using PIT
[    0.001000] tsc: Detected 1397.499 MHz processor
[    0.000003] Calibrating delay loop (skipped), value calculated using timer frequency.. 2794.99 BogoMIPS (lpj=1397499)
[    0.000010] pid_max: default: 32768 minimum: 301
[    0.000036] Security Framework initialized
[    0.001031] Dentry cache hash table entries: 2097152 (order: 12, 16777216 bytes)
[    0.005680] Inode-cache hash table entries: 1048576 (order: 11, 8388608 bytes)
[    0.007824] Mount-cache hash table entries: 256
[    0.008038] Initializing cgroup subsys memory
[    0.008053] Initializing cgroup subsys devices
[    0.008056] Initializing cgroup subsys freezer
[    0.008060] Initializing cgroup subsys blkio
[    0.008083] tseg: 00afe00000
[    0.008088] CPU: Physical Processor ID: 0
[    0.008090] CPU: Processor Core ID: 0
[    0.008093] mce: CPU supports 6 MCE banks
[    0.008104] Last level iTLB entries: 4KB 512, 2MB 16, 4MB 8
Last level dTLB entries: 4KB 1024, 2MB 128, 4MB 64
tlb_flushall_shift: 5
[    0.008239] Freeing SMP alternatives memory: 20K (ffffffff81d9c000 - ffffffff81da1000)
[    0.008244] ACPI: Core revision 20130725
[    0.015976] ACPI: All ACPI Tables successfully acquired
[    0.018628] ..TIMER: vector=0x30 apic1=0 pin1=2 apic2=-1 pin2=-1
[    0.028638] smpboot: CPU0: AMD A6-3400M APU with Radeon(tm) HD Graphics (fam: 12, model: 01, stepping: 00)
[    0.129972] Performance Events: AMD PMU driver.
[    0.129981] ... version:                0
[    0.129985] ... bit width:              48
[    0.129988] ... generic registers:      4
[    0.129992] ... value mask:             0000ffffffffffff
[    0.129996] ... max period:             00007fffffffffff
[    0.130000] ... fixed-purpose events:   0
[    0.130004] ... event mask:             000000000000000f
[    0.136184] MCE: In-kernel MCE decoding enabled.
[    0.138075] NMI watchdog: enabled on all CPUs, permanently consumes one hw-PMU counter.
[    0.140092] smpboot: Booting Node   0, Processors  #   1
[    0.153314] TSC synchronization [CPU#0 -> CPU#1]:
[    0.153320] Measured 406157686 cycles TSC warp between CPUs, turning off TSC clock.
[    0.002000] tsc: Marking TSC unstable due to check_tsc_sync_source failed
[    0.052112]  #   2 #   3 OK
[    0.076316] Brought up 4 CPUs
[    0.076322] smpboot: Total of 4 processors activated (11179.99 BogoMIPS)
[    0.078003] devtmpfs: initialized
[    0.078038] device: 'platform': device_add
[    0.078064] bus: 'platform': registered
[    0.078075] bus: 'cpu': registered
[    0.078080] device: 'cpu': device_add
[    0.078359] bus: 'workqueue': registered
[    0.078359] device: 'workqueue': device_add
[    0.078359] atomic64 test passed for x86-64 platform with CX8 and with SSE
[    0.078359] device class 'regulator': registering
[    0.078389] Registering platform device 'reg-dummy'. Parent at platform
[    0.078394] device: 'reg-dummy': device_add
[    0.078400] bus: 'platform': add device reg-dummy
[    0.078417] bus: 'platform': add driver reg-dummy
[    0.078424] bus: 'platform': driver_probe_device: matched device reg-dummy with driver reg-dummy
[    0.078432] bus: 'platform': really_probe: probing driver reg-dummy with device reg-dummy
[    0.078444] device: 'regulator.0': device_add
[    0.078464] regulator-dummy: no parameters
[    0.078478] driver: 'reg-dummy': driver_bound: bound to device 'reg-dummy'
[    0.078483] bus: 'platform': really_probe: bound device reg-dummy to driver reg-dummy
[    0.078559] NET: Registered protocol family 16
[    0.079122] device class 'bdi': registering
[    0.079134] bus: 'platform': add driver ramoops
[    0.079146] device class 'pci_bus': registering
[    0.079162] bus: 'pci': registered
[    0.079166] device class 'backlight': registering
[    0.079174] device class 'video_output': registering
[    0.079181] device class 'tty': registering
[    0.079189] device class 'vtconsole': registering
[    0.079200] device: 'vtcon0': device_add
[    0.079225] bus: 'node': registered
[    0.079230] device: 'node': device_add
[    0.079250] bus: 'i2c': registered
[    0.079256] bus: 'i2c': add driver dummy
[    0.079265] i2c-core: driver [dummy] registered
[    0.079270] cpuidle: using governor ladder
[    0.079275] cpuidle: using governor menu
[    0.079524] ACPI FADT declares the system doesn't support PCIe ASPM, so disable it
[    0.079530] ACPI: bus type PCI registered
[    0.079535] acpiphp: ACPI Hot Plug PCI Controller Driver version: 0.5
[    0.079541] device class 'dmi': registering
[    0.079550] device: 'id': device_add
[    0.079659] PCI: MMCONFIG for domain 0000 [bus 00-3f] at [mem 0xf8000000-0xfbffffff] (base 0xf8000000)
[    0.079667] PCI: not using MMCONFIG
[    0.079671] PCI: Using configuration type 1 for base access
[    0.079675] PCI: Using configuration type 1 for extended access
[    0.079816] device: 'node0': device_add
[    0.079822] bus: 'node': add device node0
[    0.079844] device: 'cpu0': device_add
[    0.079849] bus: 'cpu': add device cpu0
[    0.079887] device: 'cpu1': device_add
[    0.079893] bus: 'cpu': add device cpu1
[    0.079929] device: 'cpu2': device_add
[    0.079935] bus: 'cpu': add device cpu2
[    0.079971] device: 'cpu3': device_add
[    0.079977] bus: 'cpu': add device cpu3
[    0.080016] mtrr: your CPUs had inconsistent variable MTRR settings
[    0.080020] mtrr: probably your BIOS does not setup all CPUs.
[    0.080024] mtrr: corrected configuration.
[    0.081635] device: 'writeback': device_add
[    0.081635] bus: 'workqueue': add device writeback
[    0.081635] device: 'default': device_add
[    0.081635] bio: create slab <bio-0> at 0
[    0.081635] device class 'block': registering
[    0.082009] device class 'graphics': registering
[    0.082064] ACPI: Added _OSI(Module Device)
[    0.082069] ACPI: Added _OSI(Processor Device)
[    0.082073] ACPI: Added _OSI(3.0 _SCP Extensions)
[    0.082077] ACPI: Added _OSI(Processor Aggregator Device)
[    0.084500] ACPI: EC: Look up EC in DSDT
[    0.084786] 
**** Context Switch from TID 4294967295 to TID 405504000 ****

[    0.084797]    utils-0288 [405504000] [02] evaluate_integer      : Return value [3]
[    0.084813]    utils-0052 [405504000] [02] util_eval_error       : Evaluate [\_SB_.PCI0.LPC0.EC0_._GLK]: AE_NOT_FOUND
[    0.085181] Executing  Method       \_SB_.PCI0.LPC0.EC0_._REG
[    0.085770] Executing  Method       \_SB_.PCI0.LPC0.EC0_._REG
[    0.085796] Executing  Method       \_SB_.PCI0.LPC0.EC0_._REG
[    0.085868] Executing  Method       \_SB_.PCI0.LPC0.EC0_._REG
[    0.088950] Initializing Region       \_SB_.OSTY
[    0.088985] Initializing Region       \_SB_.PCI0.NBMS
[    0.089011] Initializing Region       \_SB_.PCI0.NBXP
[    0.089036] Initializing Region       \_SB_.PCI0.K8ST
[    0.089099] Initializing Region       \_SB_.PCI0.BAR1
[    0.089138] Initializing Region       \_SB_.PCI0.PB2_.XPEX
[    0.089161] Initializing Region       \_SB_.PCI0.PB2_.PCFG
[    0.089183] Initializing Region       \_SB_.PCI0.PB2_.XPCB
[    0.089206] Initializing Region       \_SB_.PCI0.PB2_.XPRI
[    0.089232] Initializing Region       \_SB_.PCI0.PB2_.VGA_.PCFG
[    0.089316] Initializing Region       \_SB_.PCI0.PB2_.HDAU.PCFG
[    0.089353] Initializing Region       \_SB_.PCI0.PB3_.XPEX
[    0.089374] Initializing Region       \_SB_.PCI0.PB3_.PCFG
[    0.089396] Initializing Region       \_SB_.PCI0.PB3_.XPCB
[    0.089419] Initializing Region       \_SB_.PCI0.PB3_.XPRI
[    0.089445] Initializing Region       \_SB_.PCI0.PB3_.VGA_.PCFG
[    0.089541] Initializing Region       \_SB_.PCI0.PB3_.HDAU.PCFG
[    0.089577] Initializing Region       \_SB_.PCI0.PB4_.XPEX
[    0.089598] Initializing Region       \_SB_.PCI0.PB4_.PCFG
[    0.089620] Initializing Region       \_SB_.PCI0.PB4_.XPCB
[    0.089643] Initializing Region       \_SB_.PCI0.PB4_.XPRI
[    0.089668] Initializing Region       \_SB_.PCI0.PB4_.XPDV.PCFG
[    0.089706] Initializing Region       \_SB_.PCI0.PB5_.XPEX
[    0.089727] Initializing Region       \_SB_.PCI0.PB5_.PCFG
[    0.089748] Initializing Region       \_SB_.PCI0.PB5_.XPCB
[    0.089771] Initializing Region       \_SB_.PCI0.PB5_.XPRI
[    0.089796] Initializing Region       \_SB_.PCI0.PB5_.XPDV.PCFG
[    0.089833] Initializing Region       \_SB_.PCI0.PB6_.XPEX
[    0.089854] Initializing Region       \_SB_.PCI0.PB6_.PCFG
[    0.089876] Initializing Region       \_SB_.PCI0.PB6_.XPCB
[    0.089898] Initializing Region       \_SB_.PCI0.PB6_.XPRI
[    0.089924] Initializing Region       \_SB_.PCI0.PB6_.XPDV.PCFG
[    0.089960] Initializing Region       \_SB_.PCI0.PB7_.XPEX
[    0.089981] Initializing Region       \_SB_.PCI0.PB7_.PCFG
[    0.090007] Initializing Region       \_SB_.PCI0.PB7_.XPCB
[    0.090030] Initializing Region       \_SB_.PCI0.PB7_.XPRI
[    0.090056] Initializing Region       \_SB_.PCI0.PB7_.XPDV.PCFG
[    0.090361] Initializing Region       \_SB_.PCI0.SATC
[    0.090383] Initializing Region       \_SB_.PCI0.RMEM
[    0.090480] Initializing Region       \_SB_.PCI0.SATA.SATX
[    0.090506] Initializing Region       \_SB_.PCI0.SATA.BAR5
[    0.094268] Initializing Region       \_SB_.PCI0.SMB_.SBRV
[    0.094304] Initializing Region       \_SB_.PCI0.SMB_.PMIO
[    0.094327] Initializing Region       \_SB_.PCI0.SMB_.ERMM
[    0.094327] Initializing Region       \_SB_.PCI0.SMB_.P1E0
[    0.094327] Initializing Region       \_SB_.PCI0.SMB_.ABIO
[    0.094327] Initializing Region       \_SB_.PCI0.SMB_.SMB0
[    0.094327] Initializing Region       \_SB_.PCI0.LPC0.PIRQ
[    0.094338] Initializing Region       \_SB_.PCI0.LPC0.LPCR
[    0.094440] Initializing Region       \_SB_.PCI0.LPC0.LPCS
[    0.094475] Initializing Region       \_SB_.PCI0.LPC0.SMI0
[    0.094497] Initializing Region       \_SB_.PCI0.LPC0.SMI1
[    0.094526] Initializing Region       \_SB_.PCI0.LPC0.EC0_.ECO1
[    0.094547] Initializing Region       \_SB_.PCI0.LPC0.EC0_.ECO2
[    0.094568] Initializing Region       \_SB_.PCI0.LPC0.EC0_.ECMB
[    0.094588] Initializing Region       \_SB_.PCI0.LPC0.EC0_.RAM_
[    0.094720] Initializing Region       \_SB_.PCI0.LPC0.EC0_.CMOS
[    0.094765] Initializing Region       \_SB_.PCI0.LPC0.EC0_.VPC0.ERAM
[    0.094841] Initializing Region       \_SB_.PCI0.SPB0.PCFG
[    0.094863] Initializing Region       \_SB_.PCI0.SPB0.XPCB
[    0.094888] Initializing Region       \_SB_.PCI0.SPB0.XPDV.PCFG
[    0.094923] Initializing Region       \_SB_.PCI0.SPB1.PCFG
[    0.094944] Initializing Region       \_SB_.PCI0.SPB1.XPCB
[    0.094969] Initializing Region       \_SB_.PCI0.SPB1.XPDV.PCFG
[    0.095010] Initializing Region       \_SB_.PCI0.SPB2.PCFG
[    0.095031] Initializing Region       \_SB_.PCI0.SPB2.XPCB
[    0.095056] Initializing Region       \_SB_.PCI0.SPB2.XPDV.PCFG
[    0.095090] Initializing Region       \_SB_.PCI0.SPB3.PCFG
[    0.095111] Initializing Region       \_SB_.PCI0.SPB3.XPCB
[    0.095136] Initializing Region       \_SB_.PCI0.SPB3.XPDV.PCFG
[    0.095328] Initializing Region       \_SB_.PCI0.VGA_.REVD
[    0.095579] Initializing BufferField  \_SB_.AMW0.WLID
[    0.096050] Initializing Region       \DEB2
[    0.096072] Initializing Region       \PMIO
[    0.096092] Initializing Region       \P01_
[    0.096140] Initializing Region       \CNVS
[    0.096173] Initializing Region       \SPRT
[    0.096209] Initializing Region       \CMIO
[    0.096373] Executing  Method       \_SB_._STA
[    0.096383] Executing  Method       \_SB_._INI
[    0.096392] Executing  Method       \_SB_.PCI0._STA
[    0.096400] Executing  Method       \_SB_.PCI0._INI
[    0.096670] [Firmware Bug]: ACPI: BIOS _OSI(Linux) query ignored
[    0.097125] Executing  Method       \_SB_.PCI0.SATA._STA
[    0.097136] Executing  Method       \_SB_.PCI0.SATA._INI
[    0.098060] Executing  Method       \_SB_.PCI0.LPC0.EC0_._REG
[    0.122116] ACPI: Interpreter enabled
[    0.122141] ACPI: (supports S0 S5)
[    0.122147] ACPI: Using IOAPIC for interrupt routing
[    0.122492] PCI: MMCONFIG for domain 0000 [bus 00-3f] at [mem 0xf8000000-0xfbffffff] (base 0xf8000000)
[    0.123371] PCI: MMCONFIG at [mem 0xf8000000-0xfbffffff] reserved in ACPI motherboard resources
[    0.128100] bus: 'acpi': registered
[    0.128110] PCI: Using host bridge windows from ACPI; if necessary, use "pci=nocrs" and report a bug
[    0.128127]     scan-0964 [405504000] [4294967295] bus_get_device        : No context for object [ffffffffffffffff]
[    0.128145]    utils-0052 [405504000] [4294967295] util_eval_error       : Evaluate [\._STA]: AE_NOT_FOUND
[    0.128175] device: 'LNXSYSTM:00': device_add
[    0.128184] bus: 'acpi': add device LNXSYSTM:00
[    0.128205]    utils-0052 [405504000] [4294967295] util_eval_error       : Evaluate [\._SUN]: AE_NOT_FOUND
[    0.128222]     scan-1711 [405504000] [4294967295] add_single_object     : Added LNXSYSTM:00 [\] parent (null)
[    0.128235]     scan-0964 [405504000] [01] bus_get_device        : No context for object [ffff88041823c000]
[    0.128245]     scan-0964 [405504000] [01] bus_get_device        : No context for object [ffff88041827e7d0]
[    0.128256]     scan-0964 [405504000] [01] bus_get_device        : No context for object [ffff88041827e7f8]
[    0.128266]     scan-0964 [405504000] [01] bus_get_device        : No context for object [ffff88041827e820]
[    0.128276]     scan-0964 [405504000] [01] bus_get_device        : No context for object [ffff88041827e848]
[    0.128286]     scan-0964 [405504000] [01] bus_get_device        : No context for object [ffff88041827e870]
[    0.128296]     scan-0964 [405504000] [01] bus_get_device        : No context for object [ffff88041827e898]
[    0.128306]     scan-0964 [405504000] [01] bus_get_device        : No context for object [ffff88041827e8c0]
[    0.128316]     scan-0964 [405504000] [01] bus_get_device        : No context for object [ffff88041827e8e8]
[    0.128325]     scan-0964 [405504000] [01] bus_get_device        : No context for object [ffff880418280398]
[    0.128336]     scan-0964 [405504000] [01] bus_get_device        : No context for object [ffff88041823c028]
[    0.128346]     scan-0964 [405504000] [01] bus_get_device        : No context for object [ffff88041823c168]
[    0.128357]    utils-0052 [405504000] [01] util_eval_error       : Evaluate [\_PR_.C000._STA]: AE_NOT_FOUND
[    0.128369]     scan-0964 [405504000] [01] bus_get_device        : No context for object [ffff88041823c028]
[    0.128389] device: 'LNXCPU:00': device_add
[    0.128395] bus: 'acpi': add device LNXCPU:00
[    0.128410]    utils-0052 [405504000] [01] util_eval_error       : Evaluate [\_PR_.C000._SUN]: AE_NOT_FOUND
[    0.128425]     scan-1711 [405504000] [01] add_single_object     : Added LNXCPU:00 [\_PR_.C000] parent LNXSYSTM:00
[    0.128436]     scan-0964 [405504000] [01] bus_get_device        : No context for object [ffff880418283398]
[    0.128447]     scan-0964 [405504000] [01] bus_get_device        : No context for object [ffff8804182833c0]
[    0.128457]     scan-0964 [405504000] [01] bus_get_device        : No context for object [ffff8804182833e8]
[    0.128467]     scan-0964 [405504000] [01] bus_get_device        : No context for object [ffff880418283410]
[    0.128477]     scan-0964 [405504000] [01] bus_get_device        : No context for object [ffff880418283438]
[    0.128487]     scan-0964 [405504000] [01] bus_get_device        : No context for object [ffff880418283460]
[    0.128498]     scan-0964 [405504000] [01] bus_get_device        : No context for object [ffff88041823c190]
[    0.128509]    utils-0052 [405504000] [01] util_eval_error       : Evaluate [\_PR_.C001._STA]: AE_NOT_FOUND
[    0.128521]     scan-0964 [405504000] [01] bus_get_device        : No context for object [ffff88041823c028]
[    0.128540] device: 'LNXCPU:01': device_add
[    0.128548] bus: 'acpi': add device LNXCPU:01
[    0.128562]    utils-0052 [405504000] [01] util_eval_error       : Evaluate [\_PR_.C001._SUN]: AE_NOT_FOUND
[    0.128577]     scan-1711 [405504000] [01] add_single_object     : Added LNXCPU:01 [\_PR_.C001] parent LNXSYSTM:00
[    0.128588]     scan-0964 [405504000] [01] bus_get_device        : No context for object [ffff880418283488]
[    0.128598]     scan-0964 [405504000] [01] bus_get_device        : No context for object [ffff8804182834b0]
[    0.128609]     scan-0964 [405504000] [01] bus_get_device        : No context for object [ffff8804182834d8]
[    0.128619]     scan-0964 [405504000] [01] bus_get_device        : No context for object [ffff880418283500]
[    0.128629]     scan-0964 [405504000] [01] bus_get_device        : No context for object [ffff880418283528]
[    0.128639]     scan-0964 [405504000] [01] bus_get_device        : No context for object [ffff880418283550]
[    0.128649]     scan-0964 [405504000] [01] bus_get_device        : No context for object [ffff88041823c1b8]
[    0.128660]    utils-0052 [405504000] [01] util_eval_error       : Evaluate [\_PR_.C002._STA]: AE_NOT_FOUND
[    0.128672]     scan-0964 [405504000] [01] bus_get_device        : No context for object [ffff88041823c028]
[    0.128691] device: 'LNXCPU:02': device_add
[    0.128697] bus: 'acpi': add device LNXCPU:02
[    0.128710]    utils-0052 [405504000] [01] util_eval_error       : Evaluate [\_PR_.C002._SUN]: AE_NOT_FOUND
[    0.128724]     scan-1711 [405504000] [01] add_single_object     : Added LNXCPU:02 [\_PR_.C002] parent LNXSYSTM:00
[    0.128735]     scan-0964 [405504000] [01] bus_get_device        : No context for object [ffff880418283578]
[    0.128746]     scan-0964 [405504000] [01] bus_get_device        : No context for object [ffff8804182835a0]
[    0.128756]     scan-0964 [405504000] [01] bus_get_device        : No context for object [ffff8804182835c8]
[    0.128766]     scan-0964 [405504000] [01] bus_get_device        : No context for object [ffff8804182835f0]
[    0.128776]     scan-0964 [405504000] [01] bus_get_device        : No context for object [ffff880418283618]
[    0.128786]     scan-0964 [405504000] [01] bus_get_device        : No context for object [ffff880418283640]
[    0.128797]     scan-0964 [405504000] [01] bus_get_device        : No context for object [ffff88041823c1e0]
[    0.128808]    utils-0052 [405504000] [01] util_eval_error       : Evaluate [\_PR_.C003._STA]: AE_NOT_FOUND
[    0.128820]     scan-0964 [405504000] [01] bus_get_device        : No context for object [ffff88041823c028]
[    0.128838] device: 'LNXCPU:03': device_add
[    0.128844] bus: 'acpi': add device LNXCPU:03
[    0.128859]    utils-0052 [405504000] [01] util_eval_error       : Evaluate [\_PR_.C003._SUN]: AE_NOT_FOUND
[    0.128873]     scan-1711 [405504000] [01] add_single_object     : Added LNXCPU:03 [\_PR_.C003] parent LNXSYSTM:00
[    0.128885]     scan-0964 [405504000] [01] bus_get_device        : No context for object [ffff880418283668]
[    0.128895]     scan-0964 [405504000] [01] bus_get_device        : No context for object [ffff880418283690]
[    0.128905]     scan-0964 [405504000] [01] bus_get_device        : No context for object [ffff8804182836b8]
[    0.128915]     scan-0964 [405504000] [01] bus_get_device        : No context for object [ffff8804182836e0]
[    0.128925]     scan-0964 [405504000] [01] bus_get_device        : No context for object [ffff880418283708]
[    0.128936]     scan-0964 [405504000] [01] bus_get_device        : No context for object [ffff880418283730]
[    0.128946]     scan-0964 [405504000] [01] bus_get_device        : No context for object [ffff88041823c050]
[    0.128958]    utils-0052 [405504000] [01] util_eval_error       : Evaluate [\_SB_._STA]: AE_NOT_FOUND
[    0.129048] device: 'device:00': device_add
[    0.129055] bus: 'acpi': add device device:00
[    0.129069]    utils-0052 [405504000] [01] util_eval_error       : Evaluate [\_SB_._SUN]: AE_NOT_FOUND
[    0.129083]     scan-1711 [405504000] [01] add_single_object     : Added device:00 [\_SB_] parent LNXSYSTM:00
[    0.129094]     scan-0964 [405504000] [01] bus_get_device        : No context for object [ffff88041823c3c0]
[    0.129105]     scan-0964 [405504000] [01] bus_get_device        : No context for object [ffff88041823c3e8]
[    0.129115]     scan-0964 [405504000] [01] bus_get_device        : No context for object [ffff88041823c410]
[    0.129125]     scan-0964 [405504000] [01] bus_get_device        : No context for object [ffff88041823c438]
[    0.129135]     scan-0964 [405504000] [01] bus_get_device        : No context for object [ffff88041823c460]
[    0.129145]     scan-0964 [405504000] [01] bus_get_device        : No context for object [ffff88041823c488]
[    0.129155]     scan-0964 [405504000] [01] bus_get_device        : No context for object [ffff88041823c4b0]
[    0.129165]     scan-0964 [405504000] [01] bus_get_device        : No context for object [ffff88041823c5a0]
[    0.129176]    utils-0052 [405504000] [01] util_eval_error       : Evaluate [\_SB_.PWRB._STA]: AE_NOT_FOUND
[    0.129244] device: 'PNP0C0C:00': device_add
[    0.129251] bus: 'acpi': add device PNP0C0C:00
[    0.129265]    utils-0052 [405504000] [01] util_eval_error       : Evaluate [\_SB_.PWRB._SUN]: AE_NOT_FOUND
[    0.129281]     scan-1711 [405504000] [01] add_single_object     : Added PNP0C0C:00 [\_SB_.PWRB] parent device:00
[    0.129293]     scan-0964 [405504000] [01] bus_get_device        : No context for object [ffff88041823c5c8]
[    0.129304]     scan-0964 [405504000] [01] bus_get_device        : No context for object [ffff88041823c5f0]
[    0.129316]    utils-0052 [405504000] [01] util_eval_error       : Evaluate [\_SB_.PCI0._STA]: AE_NOT_FOUND
[    0.129418] device: 'PNP0A08:00': device_add
[    0.129424] bus: 'acpi': add device PNP0A08:00
[    0.129443]    utils-0052 [405504000] [01] util_eval_error       : Evaluate [\_SB_.PCI0._SUN]: AE_NOT_FOUND
[    0.129459]     scan-1711 [405504000] [01] add_single_object     : Added PNP0A08:00 [\_SB_.PCI0] parent device:00
[    0.129471]     scan-0964 [405504000] [01] bus_get_device        : No context for object [ffff88041823c618]
[    0.129481]     scan-0964 [405504000] [01] bus_get_device        : No context for object [ffff88041823c640]
[    0.129492]     scan-0964 [405504000] [01] bus_get_device        : No context for object [ffff88041823c668]
[    0.129503]     scan-0964 [405504000] [01] bus_get_device        : No context for object [ffff88041823c690]
[    0.129513]     scan-0964 [405504000] [01] bus_get_device        : No context for object [ffff88041823c6b8]
[    0.129524]     scan-0964 [405504000] [01] bus_get_device        : No context for object [ffff88041823c6e0]
[    0.129534]     scan-0964 [405504000] [01] bus_get_device        : No context for object [ffff88041823c708]
[    0.129545]     scan-0964 [405504000] [01] bus_get_device        : No context for object [ffff88041823c730]
[    0.129556]     scan-0964 [405504000] [01] bus_get_device        : No context for object [ffff88041823c758]
[    0.129566]     scan-0964 [405504000] [01] bus_get_device        : No context for object [ffff88041823c780]
[    0.129577]     scan-0964 [405504000] [01] bus_get_device        : No context for object [ffff88041823c7a8]
[    0.129588]     scan-0964 [405504000] [01] bus_get_device        : No context for object [ffff88041823c7d0]
[    0.129598]     scan-0964 [405504000] [01] bus_get_device        : No context for object [ffff88041823c7f8]
[    0.129609]     scan-0964 [405504000] [01] bus_get_device        : No context for object [ffff88041823c820]
[    0.129620]     scan-0964 [405504000] [01] bus_get_device        : No context for object [ffff88041823c848]
[    0.129630]     scan-0964 [405504000] [01] bus_get_device        : No context for object [ffff88041823c870]
[    0.129641]     scan-0964 [405504000] [01] bus_get_device        : No context for object [ffff88041823c898]
[    0.129652]     scan-0964 [405504000] [01] bus_get_device        : No context for object [ffff88041823c8c0]
[    0.129662]     scan-0964 [405504000] [01] bus_get_device        : No context for object [ffff88041823c8e8]
[    0.129673]     scan-0964 [405504000] [01] bus_get_device        : No context for object [ffff88041823c910]
[    0.129683]     scan-0964 [405504000] [01] bus_get_device        : No context for object [ffff88041823c938]
[    0.129694]     scan-0964 [405504000] [01] bus_get_device        : No context for object [ffff88041823c960]
[    0.129705]     scan-0964 [405504000] [01] bus_get_device        : No context for object [ffff88041823c988]
[    0.129715]     scan-0964 [405504000] [01] bus_get_device        : No context for object [ffff88041823c9b0]
[    0.129726]     scan-0964 [405504000] [01] bus_get_device        : No context for object [ffff88041823c9d8]
[    0.129737]     scan-0964 [405504000] [01] bus_get_device        : No context for object [ffff88041823ca00]
[    0.129747]     scan-0964 [405504000] [01] bus_get_device        : No context for object [ffff88041823ca28]
[    0.129758]     scan-0964 [405504000] [01] bus_get_device        : No context for object [ffff88041823ca50]
[    0.129769]     scan-0964 [405504000] [01] bus_get_device        : No context for object [ffff88041823ca78]
[    0.129779]     scan-0964 [405504000] [01] bus_get_device        : No context for object [ffff88041823caa0]
[    0.129790]     scan-0964 [405504000] [01] bus_get_device        : No context for object [ffff88041823cac8]
[    0.129800]     scan-0964 [405504000] [01] bus_get_device        : No context for object [ffff88041823caf0]
[    0.129811]     scan-0964 [405504000] [01] bus_get_device        : No context for object [ffff88041823cb18]
[    0.129822]     scan-0964 [405504000] [01] bus_get_device        : No context for object [ffff88041823cb40]
[    0.129832]     scan-0964 [405504000] [01] bus_get_device        : No context for object [ffff88041823cb68]
[    0.129843]     scan-0964 [405504000] [01] bus_get_device        : No context for object [ffff88041823cb90]
[    0.129854]     scan-0964 [405504000] [01] bus_get_device        : No context for object [ffff88041823cbb8]
[    0.129864]     scan-0964 [405504000] [01] bus_get_device        : No context for object [ffff88041823cbe0]
[    0.129875]     scan-0964 [405504000] [01] bus_get_device        : No context for object [ffff88041823cc08]
[    0.129885]     scan-0964 [405504000] [01] bus_get_device        : No context for object [ffff88041823cc30]
[    0.129896]     scan-0964 [405504000] [01] bus_get_device        : No context for object [ffff88041823cc58]
[    0.129907]     scan-0964 [405504000] [01] bus_get_device        : No context for object [ffff88041823cc80]
[    0.129917]     scan-0964 [405504000] [01] bus_get_device        : No context for object [ffff88041823cca8]
[    0.129928]     scan-0964 [405504000] [01] bus_get_device        : No context for object [ffff88041823ccd0]
[    0.129939]     scan-0964 [405504000] [01] bus_get_device        : No context for object [ffff88041823ccf8]
[    0.129949]     scan-0964 [405504000] [01] bus_get_device        : No context for object [ffff88041823cd20]
[    0.129960]     scan-0964 [405504000] [01] bus_get_device        : No context for object [ffff88041823cd48]
[    0.129970]     scan-0964 [405504000] [01] bus_get_device        : No context for object [ffff88041823cd70]
[    0.129981]     scan-0964 [405504000] [01] bus_get_device        : No context for object [ffff88041823cd98]
[    0.129991]     scan-0964 [405504000] [01] bus_get_device        : No context for object [ffff88041823cdc0]
[    0.130003]     scan-0964 [405504000] [01] bus_get_device        : No context for object [ffff88041823cde8]
[    0.130014]     scan-0964 [405504000] [01] bus_get_device        : No context for object [ffff88041823ce10]
[    0.130024]     scan-0964 [405504000] [01] bus_get_device        : No context for object [ffff88041823ce38]
[    0.130035]     scan-0964 [405504000] [01] bus_get_device        : No context for object [ffff88041823ce60]
[    0.130045]     scan-0964 [405504000] [01] bus_get_device        : No context for object [ffff88041823ce88]
[    0.130056]     scan-0964 [405504000] [01] bus_get_device        : No context for object [ffff88041823ceb0]
[    0.130067]     scan-0964 [405504000] [01] bus_get_device        : No context for object [ffff88041823ced8]
[    0.130077]     scan-0964 [405504000] [01] bus_get_device        : No context for object [ffff88041823cf00]
[    0.130088]     scan-0964 [405504000] [01] bus_get_device        : No context for object [ffff88041823cf28]
[    0.130098]     scan-0964 [405504000] [01] bus_get_device        : No context for object [ffff88041823cf50]
[    0.130109]     scan-0964 [405504000] [01] bus_get_device        : No context for object [ffff88041823cf78]
[    0.130120]     scan-0964 [405504000] [01] bus_get_device        : No context for object [ffff88041823cfa0]
[    0.130130]     scan-0964 [405504000] [01] bus_get_device        : No context for object [ffff88041823cfc8]
[    0.130141]     scan-0964 [405504000] [01] bus_get_device        : No context for object [ffff880418241000]
[    0.130152]     scan-0964 [405504000] [01] bus_get_device        : No context for object [ffff880418241028]
[    0.130163]    utils-0052 [405504000] [01] util_eval_error       : Evaluate [\_SB_.PCI0.MEMR._STA]: AE_NOT_FOUND
[    0.130231] device: 'PNP0C02:00': device_add
[    0.130238] bus: 'acpi': add device PNP0C02:00
[    0.130252]    utils-0052 [405504000] [01] util_eval_error       : Evaluate [\_SB_.PCI0.MEMR._SUN]: AE_NOT_FOUND
[    0.130267]     scan-1711 [405504000] [01] add_single_object     : Added PNP0C02:00 [\_SB_.PCI0.MEMR] parent PNP0A08:00
[    0.130278]     scan-0964 [405504000] [01] bus_get_device        : No context for object [ffff880418241050]
[    0.130289]     scan-0964 [405504000] [01] bus_get_device        : No context for object [ffff880418241078]
[    0.130299]     scan-0964 [405504000] [01] bus_get_device        : No context for object [ffff8804182410a0]
[    0.130309]     scan-0964 [405504000] [01] bus_get_device        : No context for object [ffff8804182410c8]
[    0.130319]     scan-0964 [405504000] [01] bus_get_device        : No context for object [ffff8804182410f0]
[    0.130330]     scan-0964 [405504000] [01] bus_get_device        : No context for object [ffff880418241118]
[    0.130340]     scan-0964 [405504000] [01] bus_get_device        : No context for object [ffff880418241140]
[    0.130350]     scan-0964 [405504000] [01] bus_get_device        : No context for object [ffff880418241168]
[    0.130360]     scan-0964 [405504000] [01] bus_get_device        : No context for object [ffff880418241190]
[    0.130370]     scan-0964 [405504000] [01] bus_get_device        : No context for object [ffff8804182411b8]
[    0.130380]     scan-0964 [405504000] [01] bus_get_device        : No context for object [ffff8804182411e0]
[    0.130391]     scan-0964 [405504000] [01] bus_get_device        : No context for object [ffff880418241208]
[    0.130401]     scan-0964 [405504000] [01] bus_get_device        : No context for object [ffff880418241230]
[    0.130411]     scan-0964 [405504000] [01] bus_get_device        : No context for object [ffff880418241258]
[    0.130421]     scan-0964 [405504000] [01] bus_get_device        : No context for object [ffff880418241280]
[    0.130431]     scan-0964 [405504000] [01] bus_get_device        : No context for object [ffff8804182412a8]
[    0.130443]    utils-0052 [405504000] [01] util_eval_error       : Evaluate [\_SB_.PCI0.PB2_._STA]: AE_NOT_FOUND
[    0.130577] device: 'device:01': device_add
[    0.130584] bus: 'acpi': add device device:01
[    0.130598]    utils-0052 [405504000] [01] util_eval_error       : Evaluate [\_SB_.PCI0.PB2_._SUN]: AE_NOT_FOUND
[    0.130614]     scan-1711 [405504000] [01] add_single_object     : Added device:01 [\_SB_.PCI0.PB2_] parent PNP0A08:00
[    0.130625]     scan-0964 [405504000] [01] bus_get_device        : No context for object [ffff8804182412d0]
[    0.130635]     scan-0964 [405504000] [01] bus_get_device        : No context for object [ffff8804182412f8]
[    0.130645]     scan-0964 [405504000] [01] bus_get_device        : No context for object [ffff880418241320]
[    0.130656]     scan-0964 [405504000] [01] bus_get_device        : No context for object [ffff880418241348]
[    0.130666]     scan-0964 [405504000] [01] bus_get_device        : No context for object [ffff880418241370]
[    0.130676]     scan-0964 [405504000] [01] bus_get_device        : No context for object [ffff880418241398]
[    0.130686]     scan-0964 [405504000] [01] bus_get_device        : No context for object [ffff8804182413c0]
[    0.130696]     scan-0964 [405504000] [01] bus_get_device        : No context for object [ffff8804182413e8]
[    0.130706]     scan-0964 [405504000] [01] bus_get_device        : No context for object [ffff880418241410]
[    0.130717]     scan-0964 [405504000] [01] bus_get_device        : No context for object [ffff880418241438]
[    0.130727]     scan-0964 [405504000] [01] bus_get_device        : No context for object [ffff880418241460]
[    0.130737]     scan-0964 [405504000] [01] bus_get_device        : No context for object [ffff880418241488]
[    0.130747]     scan-0964 [405504000] [01] bus_get_device        : No context for object [ffff8804182414b0]
[    0.130757]     scan-0964 [405504000] [01] bus_get_device        : No context for object [ffff8804182414d8]
[    0.130767]     scan-0964 [405504000] [01] bus_get_device        : No context for object [ffff880418241500]
[    0.130777]     scan-0964 [405504000] [01] bus_get_device        : No context for object [ffff880418241528]
[    0.130788]     scan-0964 [405504000] [01] bus_get_device        : No context for object [ffff880418241550]
[    0.130798]     scan-0964 [405504000] [01] bus_get_device        : No context for object [ffff880418241578]
[    0.130808]     scan-0964 [405504000] [01] bus_get_device        : No context for object [ffff8804182415a0]
[    0.130818]     scan-0964 [405504000] [01] bus_get_device        : No context for object [ffff8804182415c8]
[    0.130829]     scan-0964 [405504000] [01] bus_get_device        : No context for object [ffff8804182415f0]
[    0.130839]     scan-0964 [405504000] [01] bus_get_device        : No context for object [ffff880418241618]
[    0.130849]     scan-0964 [405504000] [01] bus_get_device        : No context for object [ffff880418241640]
[    0.130859]     scan-0964 [405504000] [01] bus_get_device        : No context for object [ffff880418241668]
[    0.130869]     scan-0964 [405504000] [01] bus_get_device        : No context for object [ffff880418241690]
[    0.130879]     scan-0964 [405504000] [01] bus_get_device        : No context for object [ffff8804182416b8]
[    0.130889]     scan-0964 [405504000] [01] bus_get_device        : No context for object [ffff8804182416e0]
[    0.130899]     scan-0964 [405504000] [01] bus_get_device        : No context for object [ffff880418241708]
[    0.130909]     scan-0964 [405504000] [01] bus_get_device        : No context for object [ffff880418241730]
[    0.130919]     scan-0964 [405504000] [01] bus_get_device        : No context for object [ffff880418241758]
[    0.130930]     scan-0964 [405504000] [01] bus_get_device        : No context for object [ffff880418241780]
[    0.130941]    utils-0052 [405504000] [01] util_eval_error       : Evaluate [\_SB_.PCI0.PB2_.VGA_._STA]: AE_NOT_FOUND
[    0.131022] device: 'device:02': device_add
[    0.131028] bus: 'acpi': add device device:02
[    0.131045]    utils-0052 [405504000] [01] util_eval_error       : Evaluate [\_SB_.PCI0.PB2_.VGA_._SUN]: AE_NOT_FOUND
[    0.131060]     scan-1711 [405504000] [01] add_single_object     : Added device:02 [\_SB_.PCI0.PB2_.VGA_] parent device:01
[    0.131072]     scan-0964 [405504000] [01] bus_get_device        : No context for object [ffff8804182417a8]
[    0.131082]     scan-0964 [405504000] [01] bus_get_device        : No context for object [ffff8804182417d0]
[    0.131092]     scan-0964 [405504000] [01] bus_get_device        : No context for object [ffff8804182417f8]
[    0.131102]     scan-0964 [405504000] [01] bus_get_device        : No context for object [ffff880418241820]
[    0.131112]     scan-0964 [405504000] [01] bus_get_device        : No context for object [ffff880418241848]
[    0.131122]     scan-0964 [405504000] [01] bus_get_device        : No context for object [ffff880418241870]
[    0.131133]     scan-0964 [405504000] [01] bus_get_device        : No context for object [ffff880418241898]
[    0.131143]     scan-0964 [405504000] [01] bus_get_device        : No context for object [ffff8804182418c0]
[    0.131153]     scan-0964 [405504000] [01] bus_get_device        : No context for object [ffff8804182418e8]
[    0.131163]     scan-0964 [405504000] [01] bus_get_device        : No context for object [ffff880418241910]
[    0.131173]     scan-0964 [405504000] [01] bus_get_device        : No context for object [ffff880418241938]
[    0.131183]     scan-0964 [405504000] [01] bus_get_device        : No context for object [ffff880418241960]
[    0.131193]     scan-0964 [405504000] [01] bus_get_device        : No context for object [ffff880418241988]
[    0.131203]     scan-0964 [405504000] [01] bus_get_device        : No context for object [ffff8804182419b0]
[    0.131213]     scan-0964 [405504000] [01] bus_get_device        : No context for object [ffff8804182419d8]
[    0.131223]     scan-0964 [405504000] [01] bus_get_device        : No context for object [ffff880418241a00]
[    0.131233]     scan-0964 [405504000] [01] bus_get_device        : No context for object [ffff880418241a28]
[    0.131243]     scan-0964 [405504000] [01] bus_get_device        : No context for object [ffff880418241a50]
[    0.131253]     scan-0964 [405504000] [01] bus_get_device        : No context for object [ffff880418241a78]
[    0.131263]     scan-0964 [405504000] [01] bus_get_device        : No context for object [ffff880418241aa0]
[    0.131273]     scan-0964 [405504000] [01] bus_get_device        : No context for object [ffff880418241ac8]
[    0.131284]     scan-0964 [405504000] [01] bus_get_device        : No context for object [ffff880418241af0]
[    0.131294]     scan-0964 [405504000] [01] bus_get_device        : No context for object [ffff880418241b18]
[    0.131304]     scan-0964 [405504000] [01] bus_get_device        : No context for object [ffff880418241b40]
[    0.131314]     scan-0964 [405504000] [01] bus_get_device        : No context for object [ffff880418241b68]
[    0.131324]     scan-0964 [405504000] [01] bus_get_device        : No context for object [ffff880418241b90]
[    0.131334]     scan-0964 [405504000] [01] bus_get_device        : No context for object [ffff880418241bb8]
[    0.131344]     scan-0964 [405504000] [01] bus_get_device        : No context for object [ffff880418241be0]
[    0.131354]     scan-0964 [405504000] [01] bus_get_device        : No context for object [ffff880418241c08]
[    0.131364]     scan-0964 [405504000] [01] bus_get_device        : No context for object [ffff880418241c30]
[    0.131374]     scan-0964 [405504000] [01] bus_get_device        : No context for object [ffff880418241c58]
[    0.131384]     scan-0964 [405504000] [01] bus_get_device        : No context for object [ffff880418241c80]
[    0.131394]     scan-0964 [405504000] [01] bus_get_device        : No context for object [ffff880418241ca8]
[    0.131405]     scan-0964 [405504000] [01] bus_get_device        : No context for object [ffff880418241cd0]
[    0.131415]     scan-0964 [405504000] [01] bus_get_device        : No context for object [ffff880418241cf8]
[    0.131425]     scan-0964 [405504000] [01] bus_get_device        : No context for object [ffff880418241d20]
[    0.131435]     scan-0964 [405504000] [01] bus_get_device        : No context for object [ffff880418241d48]
[    0.131445]     scan-0964 [405504000] [01] bus_get_device        : No context for object [ffff880418241d70]
[    0.131455]     scan-0964 [405504000] [01] bus_get_device        : No context for object [ffff880418241d98]
[    0.131465]     scan-0964 [405504000] [01] bus_get_device        : No context for object [ffff88041827e438]
[    0.131475]     scan-0964 [405504000] [01] bus_get_device        : No context for object [ffff880418241dc0]
[    0.131486]    utils-0052 [405504000] [01] util_eval_error       : Evaluate [\_SB_.PCI0.PB2_.HDAU._STA]: AE_NOT_FOUND
[    0.131552] device: 'device:03': device_add
[    0.131558] bus: 'acpi': add device device:03
[    0.131571]    utils-0052 [405504000] [01] util_eval_error       : Evaluate [\_SB_.PCI0.PB2_.HDAU._SUN]: AE_NOT_FOUND
[    0.131586]     scan-1711 [405504000] [01] add_single_object     : Added device:03 [\_SB_.PCI0.PB2_.HDAU] parent device:01
[    0.131597]     scan-0964 [405504000] [01] bus_get_device        : No context for object [ffff880418241de8]
[    0.131608]     scan-0964 [405504000] [01] bus_get_device        : No context for object [ffff880418241e10]
[    0.131618]     scan-0964 [405504000] [01] bus_get_device        : No context for object [ffff880418241e38]
[    0.131628]     scan-0964 [405504000] [01] bus_get_device        : No context for object [ffff880418241e60]
[    0.131639]     scan-0964 [405504000] [01] bus_get_device        : No context for object [ffff880418241e88]
[    0.131649]     scan-0964 [405504000] [01] bus_get_device        : No context for object [ffff880418241eb0]
[    0.131659]     scan-0964 [405504000] [01] bus_get_device        : No context for object [ffff880418241ed8]
[    0.131670]    utils-0052 [405504000] [01] util_eval_error       : Evaluate [\_SB_.PCI0.PB3_._STA]: AE_NOT_FOUND
[    0.131800] device: 'device:04': device_add
[    0.131807] bus: 'acpi': add device device:04
[    0.131829]    utils-0052 [405504000] [01] util_eval_error       : Evaluate [\_SB_.PCI0.PB3_._SUN]: AE_NOT_FOUND
[    0.131845]     scan-1711 [405504000] [01] add_single_object     : Added device:04 [\_SB_.PCI0.PB3_] parent PNP0A08:00
[    0.131856]     scan-0964 [405504000] [01] bus_get_device        : No context for object [ffff880418241f00]
[    0.131866]     scan-0964 [405504000] [01] bus_get_device        : No context for object [ffff880418241f28]
[    0.131876]     scan-0964 [405504000] [01] bus_get_device        : No context for object [ffff880418241f50]
[    0.131886]     scan-0964 [405504000] [01] bus_get_device        : No context for object [ffff880418241f78]
[    0.131897]     scan-0964 [405504000] [01] bus_get_device        : No context for object [ffff880418241fa0]
[    0.131907]     scan-0964 [405504000] [01] bus_get_device        : No context for object [ffff880418241fc8]
[    0.131917]     scan-0964 [405504000] [01] bus_get_device        : No context for object [ffff880418242000]
[    0.131927]     scan-0964 [405504000] [01] bus_get_device        : No context for object [ffff880418242028]
[    0.131937]     scan-0964 [405504000] [01] bus_get_device        : No context for object [ffff880418242050]
[    0.131947]     scan-0964 [405504000] [01] bus_get_device        : No context for object [ffff880418242078]
[    0.131957]     scan-0964 [405504000] [01] bus_get_device        : No context for object [ffff8804182420a0]
[    0.131967]     scan-0964 [405504000] [01] bus_get_device        : No context for object [ffff8804182420c8]
[    0.131977]     scan-0964 [405504000] [01] bus_get_device        : No context for object [ffff8804182420f0]
[    0.131987]     scan-0964 [405504000] [01] bus_get_device        : No context for object [ffff880418242118]
[    0.131997]     scan-0964 [405504000] [01] bus_get_device        : No context for object [ffff880418242140]
[    0.132010]     scan-0964 [405504000] [01] bus_get_device        : No context for object [ffff880418242168]
[    0.132020]     scan-0964 [405504000] [01] bus_get_device        : No context for object [ffff880418242190]
[    0.132030]     scan-0964 [405504000] [01] bus_get_device        : No context for object [ffff8804182421b8]
[    0.132041]     scan-0964 [405504000] [01] bus_get_device        : No context for object [ffff8804182421e0]
[    0.132051]     scan-0964 [405504000] [01] bus_get_device        : No context for object [ffff880418242208]
[    0.132061]     scan-0964 [405504000] [01] bus_get_device        : No context for object [ffff880418242230]
[    0.132071]     scan-0964 [405504000] [01] bus_get_device        : No context for object [ffff880418242258]
[    0.132081]     scan-0964 [405504000] [01] bus_get_device        : No context for object [ffff880418242280]
[    0.132091]     scan-0964 [405504000] [01] bus_get_device        : No context for object [ffff8804182422a8]
[    0.132101]     scan-0964 [405504000] [01] bus_get_device        : No context for object [ffff8804182422d0]
[    0.132111]     scan-0964 [405504000] [01] bus_get_device        : No context for object [ffff8804182422f8]
[    0.132121]     scan-0964 [405504000] [01] bus_get_device        : No context for object [ffff880418242320]
[    0.132131]     scan-0964 [405504000] [01] bus_get_device        : No context for object [ffff880418242348]
[    0.132141]     scan-0964 [405504000] [01] bus_get_device        : No context for object [ffff880418242370]
[    0.132151]     scan-0964 [405504000] [01] bus_get_device        : No context for object [ffff880418242398]
[    0.132161]     scan-0964 [405504000] [01] bus_get_device        : No context for object [ffff8804182423c0]
[    0.132173]    utils-0052 [405504000] [01] util_eval_error       : Evaluate [\_SB_.PCI0.PB3_.VGA_._STA]: AE_NOT_FOUND
[    0.132212]    video-0060 [405504000] [03] backlight_cap_match   : Found generic backlight support
[    0.132253]    video-0060 [405504000] [03] backlight_cap_match   : Found generic backlight support
[    0.132274] device: 'LNXVIDEO:00': device_add
[    0.132280] bus: 'acpi': add device LNXVIDEO:00
[    0.132299]    utils-0052 [405504000] [01] util_eval_error       : Evaluate [\_SB_.PCI0.PB3_.VGA_._SUN]: AE_NOT_FOUND
[    0.132316]     scan-1711 [405504000] [01] add_single_object     : Added LNXVIDEO:00 [\_SB_.PCI0.PB3_.VGA_] parent device:04
[    0.132327]     scan-0964 [405504000] [01] bus_get_device        : No context for object [ffff8804182423e8]
[    0.132337]     scan-0964 [405504000] [01] bus_get_device        : No context for object [ffff880418242410]
[    0.132348]     scan-0964 [405504000] [01] bus_get_device        : No context for object [ffff880418242438]
[    0.132358]     scan-0964 [405504000] [01] bus_get_device        : No context for object [ffff880418242460]
[    0.132368]     scan-0964 [405504000] [01] bus_get_device        : No context for object [ffff880418242488]
[    0.132378]     scan-0964 [405504000] [01] bus_get_device        : No context for object [ffff8804182424b0]
[    0.132388]     scan-0964 [405504000] [01] bus_get_device        : No context for object [ffff8804182424d8]
[    0.132398]     scan-0964 [405504000] [01] bus_get_device        : No context for object [ffff880418242500]
[    0.132408]     scan-0964 [405504000] [01] bus_get_device        : No context for object [ffff880418242528]
[    0.132418]     scan-0964 [405504000] [01] bus_get_device        : No context for object [ffff880418242550]
[    0.132428]     scan-0964 [405504000] [01] bus_get_device        : No context for object [ffff880418242578]
[    0.132439]     scan-0964 [405504000] [01] bus_get_device        : No context for object [ffff8804182425a0]
[    0.132449]     scan-0964 [405504000] [01] bus_get_device        : No context for object [ffff8804182425c8]
[    0.132459]     scan-0964 [405504000] [01] bus_get_device        : No context for object [ffff8804182425f0]
[    0.132469]     scan-0964 [405504000] [01] bus_get_device        : No context for object [ffff880418242618]
[    0.132479]     scan-0964 [405504000] [01] bus_get_device        : No context for object [ffff880418242640]
[    0.132489]     scan-0964 [405504000] [01] bus_get_device        : No context for object [ffff880418242668]
[    0.132499]     scan-0964 [405504000] [01] bus_get_device        : No context for object [ffff880418242690]
[    0.132509]     scan-0964 [405504000] [01] bus_get_device        : No context for object [ffff8804182426b8]
[    0.132519]     scan-0964 [405504000] [01] bus_get_device        : No context for object [ffff8804182426e0]
[    0.132529]     scan-0964 [405504000] [01] bus_get_device        : No context for object [ffff880418242708]
[    0.132539]     scan-0964 [405504000] [01] bus_get_device        : No context for object [ffff880418242730]
[    0.132549]     scan-0964 [405504000] [01] bus_get_device        : No context for object [ffff880418242758]
[    0.132559]     scan-0964 [405504000] [01] bus_get_device        : No context for object [ffff880418242780]
[    0.132569]     scan-0964 [405504000] [01] bus_get_device        : No context for object [ffff8804182427a8]
[    0.132579]     scan-0964 [405504000] [01] bus_get_device        : No context for object [ffff8804182427d0]
[    0.132590]     scan-0964 [405504000] [01] bus_get_device        : No context for object [ffff8804182427f8]
[    0.132600]     scan-0964 [405504000] [01] bus_get_device        : No context for object [ffff880418242820]
[    0.132610]     scan-0964 [405504000] [01] bus_get_device        : No context for object [ffff880418242848]
[    0.132620]     scan-0964 [405504000] [01] bus_get_device        : No context for object [ffff880418242870]
[    0.132630]     scan-0964 [405504000] [01] bus_get_device        : No context for object [ffff880418242898]
[    0.132640]     scan-0964 [405504000] [01] bus_get_device        : No context for object [ffff8804182428c0]
[    0.132650]     scan-0964 [405504000] [01] bus_get_device        : No context for object [ffff8804182428e8]
[    0.132660]     scan-0964 [405504000] [01] bus_get_device        : No context for object [ffff880418242910]
[    0.132670]     scan-0964 [405504000] [01] bus_get_device        : No context for object [ffff880418242938]
[    0.132680]     scan-0964 [405504000] [01] bus_get_device        : No context for object [ffff880418242960]
[    0.132691]     scan-0964 [405504000] [01] bus_get_device        : No context for object [ffff880418242988]
[    0.132701]     scan-0964 [405504000] [01] bus_get_device        : No context for object [ffff8804182429b0]
[    0.132711]     scan-0964 [405504000] [01] bus_get_device        : No context for object [ffff8804182429d8]
[    0.132721]     scan-0964 [405504000] [01] bus_get_device        : No context for object [ffff88041827e460]
[    0.132731]     scan-0964 [405504000] [01] bus_get_device        : No context for object [ffff880418281c08]
[    0.132741]     scan-0964 [405504000] [01] bus_get_device        : No context for object [ffff880418281c30]
[    0.132751]     scan-0964 [405504000] [01] bus_get_device        : No context for object [ffff880418281c58]
[    0.132762]    utils-0052 [405504000] [01] util_eval_error       : Evaluate [\_SB_.PCI0.PB3_.VGA_.CRT_._STA]: AE_NOT_FOUND
[    0.132845] device: 'device:05': device_add
[    0.132853] bus: 'acpi': add device device:05
[    0.132867]    utils-0052 [405504000] [01] util_eval_error       : Evaluate [\_SB_.PCI0.PB3_.VGA_.CRT_._SUN]: AE_NOT_FOUND
[    0.132883]     scan-1711 [405504000] [01] add_single_object     : Added device:05 [\_SB_.PCI0.PB3_.VGA_.CRT_] parent LNXVIDEO:00
[    0.132895]     scan-0964 [405504000] [01] bus_get_device        : No context for object [ffff880418281c80]
[    0.132905]     scan-0964 [405504000] [01] bus_get_device        : No context for object [ffff880418281ca8]
[    0.132916]     scan-0964 [405504000] [01] bus_get_device        : No context for object [ffff880418281cd0]
[    0.132926]     scan-0964 [405504000] [01] bus_get_device        : No context for object [ffff880418281cf8]
[    0.132936]     scan-0964 [405504000] [01] bus_get_device        : No context for object [ffff880418281d20]
[    0.132947]    utils-0052 [405504000] [01] util_eval_error       : Evaluate [\_SB_.PCI0.PB3_.VGA_.LCD_._STA]: AE_NOT_FOUND
[    0.133037] device: 'device:06': device_add
[    0.133045] bus: 'acpi': add device device:06
[    0.133059]    utils-0052 [405504000] [01] util_eval_error       : Evaluate [\_SB_.PCI0.PB3_.VGA_.LCD_._SUN]: AE_NOT_FOUND
[    0.133075]     scan-1711 [405504000] [01] add_single_object     : Added device:06 [\_SB_.PCI0.PB3_.VGA_.LCD_] parent LNXVIDEO:00
[    0.133087]     scan-0964 [405504000] [01] bus_get_device        : No context for object [ffff880418281d48]
[    0.133098]     scan-0964 [405504000] [01] bus_get_device        : No context for object [ffff880418281d70]
[    0.133108]     scan-0964 [405504000] [01] bus_get_device        : No context for object [ffff880418281d98]
[    0.133118]     scan-0964 [405504000] [01] bus_get_device        : No context for object [ffff880418281dc0]
[    0.133128]     scan-0964 [405504000] [01] bus_get_device        : No context for object [ffff880418281de8]
[    0.133138]     scan-0964 [405504000] [01] bus_get_device        : No context for object [ffff880418281e10]
[    0.133148]     scan-0964 [405504000] [01] bus_get_device        : No context for object [ffff880418281e38]
[    0.133158]     scan-0964 [405504000] [01] bus_get_device        : No context for object [ffff880418281e60]
[    0.133170]    utils-0052 [405504000] [01] util_eval_error       : Evaluate [\_SB_.PCI0.PB3_.VGA_.TV0_._STA]: AE_NOT_FOUND
[    0.133235] device: 'device:07': device_add
[    0.133242] bus: 'acpi': add device device:07
[    0.133258]    utils-0052 [405504000] [01] util_eval_error       : Evaluate [\_SB_.PCI0.PB3_.VGA_.TV0_._SUN]: AE_NOT_FOUND
[    0.133274]     scan-1711 [405504000] [01] add_single_object     : Added device:07 [\_SB_.PCI0.PB3_.VGA_.TV0_] parent LNXVIDEO:00
[    0.133286]     scan-0964 [405504000] [01] bus_get_device        : No context for object [ffff880418281e88]
[    0.133296]     scan-0964 [405504000] [01] bus_get_device        : No context for object [ffff880418281eb0]
[    0.133306]     scan-0964 [405504000] [01] bus_get_device        : No context for object [ffff880418281ed8]
[    0.133317]     scan-0964 [405504000] [01] bus_get_device        : No context for object [ffff880418281f00]
[    0.133327]     scan-0964 [405504000] [01] bus_get_device        : No context for object [ffff880418281f28]
[    0.133338]    utils-0052 [405504000] [01] util_eval_error       : Evaluate [\_SB_.PCI0.PB3_.VGA_.HDMI._STA]: AE_NOT_FOUND
[    0.133419] device: 'device:08': device_add
[    0.133426] bus: 'acpi': add device device:08
[    0.133441]    utils-0052 [405504000] [01] util_eval_error       : Evaluate [\_SB_.PCI0.PB3_.VGA_.HDMI._SUN]: AE_NOT_FOUND
[    0.133457]     scan-1711 [405504000] [01] add_single_object     : Added device:08 [\_SB_.PCI0.PB3_.VGA_.HDMI] parent LNXVIDEO:00
[    0.133468]     scan-0964 [405504000] [01] bus_get_device        : No context for object [ffff880418281f50]
[    0.133479]     scan-0964 [405504000] [01] bus_get_device        : No context for object [ffff880418281f78]
[    0.133489]     scan-0964 [405504000] [01] bus_get_device        : No context for object [ffff880418281fa0]
[    0.133499]     scan-0964 [405504000] [01] bus_get_device        : No context for object [ffff880418281fc8]
[    0.133509]     scan-0964 [405504000] [01] bus_get_device        : No context for object [ffff880418242a00]
[    0.133520]    utils-0052 [405504000] [01] util_eval_error       : Evaluate [\_SB_.PCI0.PB3_.HDAU._STA]: AE_NOT_FOUND
[    0.133586] device: 'device:09': device_add
[    0.133592] bus: 'acpi': add device device:09
[    0.133606]    utils-0052 [405504000] [01] util_eval_error       : Evaluate [\_SB_.PCI0.PB3_.HDAU._SUN]: AE_NOT_FOUND
[    0.133621]     scan-1711 [405504000] [01] add_single_object     : Added device:09 [\_SB_.PCI0.PB3_.HDAU] parent device:04
[    0.133633]     scan-0964 [405504000] [01] bus_get_device        : No context for object [ffff880418242a28]
[    0.133643]     scan-0964 [405504000] [01] bus_get_device        : No context for object [ffff880418242a50]
[    0.133653]     scan-0964 [405504000] [01] bus_get_device        : No context for object [ffff880418242a78]
[    0.133663]     scan-0964 [405504000] [01] bus_get_device        : No context for object [ffff880418242aa0]
[    0.133673]     scan-0964 [405504000] [01] bus_get_device        : No context for object [ffff880418242ac8]
[    0.133683]     scan-0964 [405504000] [01] bus_get_device        : No context for object [ffff880418242af0]
[    0.133694]     scan-0964 [405504000] [01] bus_get_device        : No context for object [ffff880418242b18]
[    0.133705]    utils-0052 [405504000] [01] util_eval_error       : Evaluate [\_SB_.PCI0.PB4_._STA]: AE_NOT_FOUND
[    0.133835] device: 'device:0a': device_add
[    0.133842] bus: 'acpi': add device device:0a
[    0.133860]    utils-0052 [405504000] [01] util_eval_error       : Evaluate [\_SB_.PCI0.PB4_._SUN]: AE_NOT_FOUND
[    0.133875]     scan-1711 [405504000] [01] add_single_object     : Added device:0a [\_SB_.PCI0.PB4_] parent PNP0A08:00
[    0.133886]     scan-0964 [405504000] [01] bus_get_device        : No context for object [ffff880418242b40]
[    0.133896]     scan-0964 [405504000] [01] bus_get_device        : No context for object [ffff880418242b68]
[    0.133906]     scan-0964 [405504000] [01] bus_get_device        : No context for object [ffff880418242b90]
[    0.133917]     scan-0964 [405504000] [01] bus_get_device        : No context for object [ffff880418242bb8]
[    0.133927]     scan-0964 [405504000] [01] bus_get_device        : No context for object [ffff880418242be0]
[    0.133937]     scan-0964 [405504000] [01] bus_get_device        : No context for object [ffff880418242c08]
[    0.133947]     scan-0964 [405504000] [01] bus_get_device        : No context for object [ffff880418242c30]
[    0.133957]     scan-0964 [405504000] [01] bus_get_device        : No context for object [ffff880418242c58]
[    0.133968]     scan-0964 [405504000] [01] bus_get_device        : No context for object [ffff880418242c80]
[    0.133978]     scan-0964 [405504000] [01] bus_get_device        : No context for object [ffff880418242ca8]
[    0.133989]     scan-0964 [405504000] [01] bus_get_device        : No context for object [ffff880418242cd0]
[    0.134002]     scan-0964 [405504000] [01] bus_get_device        : No context for object [ffff880418242cf8]
[    0.134013]     scan-0964 [405504000] [01] bus_get_device        : No context for object [ffff880418242d20]
[    0.134023]     scan-0964 [405504000] [01] bus_get_device        : No context for object [ffff880418242d48]
[    0.134033]     scan-0964 [405504000] [01] bus_get_device        : No context for object [ffff880418242d70]
[    0.134043]     scan-0964 [405504000] [01] bus_get_device        : No context for object [ffff880418242d98]
[    0.134053]     scan-0964 [405504000] [01] bus_get_device        : No context for object [ffff880418242dc0]
[    0.134064]     scan-0964 [405504000] [01] bus_get_device        : No context for object [ffff880418242de8]
[    0.134074]     scan-0964 [405504000] [01] bus_get_device        : No context for object [ffff880418242e10]
[    0.134084]     scan-0964 [405504000] [01] bus_get_device        : No context for object [ffff880418242e38]
[    0.134094]     scan-0964 [405504000] [01] bus_get_device        : No context for object [ffff880418242e60]
[    0.134104]     scan-0964 [405504000] [01] bus_get_device        : No context for object [ffff880418242e88]
[    0.134114]     scan-0964 [405504000] [01] bus_get_device        : No context for object [ffff880418242eb0]
[    0.134124]     scan-0964 [405504000] [01] bus_get_device        : No context for object [ffff880418242ed8]
[    0.134134]     scan-0964 [405504000] [01] bus_get_device        : No context for object [ffff880418242f00]
[    0.134144]     scan-0964 [405504000] [01] bus_get_device        : No context for object [ffff880418242f28]
[    0.134155]     scan-0964 [405504000] [01] bus_get_device        : No context for object [ffff880418242f50]
[    0.134165]     scan-0964 [405504000] [01] bus_get_device        : No context for object [ffff880418242f78]
[    0.134175]     scan-0964 [405504000] [01] bus_get_device        : No context for object [ffff880418242fa0]
[    0.134185]     scan-0964 [405504000] [01] bus_get_device        : No context for object [ffff880418242fc8]
[    0.134196]     scan-0964 [405504000] [01] bus_get_device        : No context for object [ffff880418244000]
[    0.134207]    utils-0052 [405504000] [01] util_eval_error       : Evaluate [\_SB_.PCI0.PB4_.XPDV._STA]: AE_NOT_FOUND
[    0.134272] device: 'device:0b': device_add
[    0.134279] bus: 'acpi': add device device:0b
[    0.134293]    utils-0052 [405504000] [01] util_eval_error       : Evaluate [\_SB_.PCI0.PB4_.XPDV._SUN]: AE_NOT_FOUND
[    0.134308]     scan-1711 [405504000] [01] add_single_object     : Added device:0b [\_SB_.PCI0.PB4_.XPDV] parent device:0a
[    0.134320]     scan-0964 [405504000] [01] bus_get_device        : No context for object [ffff880418244028]
[    0.134330]     scan-0964 [405504000] [01] bus_get_device        : No context for object [ffff880418244050]
[    0.134340]     scan-0964 [405504000] [01] bus_get_device        : No context for object [ffff880418244078]
[    0.134350]     scan-0964 [405504000] [01] bus_get_device        : No context for object [ffff8804182440a0]
[    0.134361]     scan-0964 [405504000] [01] bus_get_device        : No context for object [ffff8804182440c8]
[    0.134371]     scan-0964 [405504000] [01] bus_get_device        : No context for object [ffff88041827e500]
[    0.134381]     scan-0964 [405504000] [01] bus_get_device        : No context for object [ffff8804182440f0]
[    0.134391]     scan-0964 [405504000] [01] bus_get_device        : No context for object [ffff880418244118]
[    0.134403]    utils-0052 [405504000] [01] util_eval_error       : Evaluate [\_SB_.PCI0.PB5_._STA]: AE_NOT_FOUND
[    0.134533] device: 'device:0c': device_add
[    0.134541] bus: 'acpi': add device device:0c
[    0.134555]    utils-0052 [405504000] [01] util_eval_error       : Evaluate [\_SB_.PCI0.PB5_._SUN]: AE_NOT_FOUND
[    0.134570]     scan-1711 [405504000] [01] add_single_object     : Added device:0c [\_SB_.PCI0.PB5_] parent PNP0A08:00
[    0.134582]     scan-0964 [405504000] [01] bus_get_device        : No context for object [ffff880418244140]
[    0.134592]     scan-0964 [405504000] [01] bus_get_device        : No context for object [ffff880418244168]
[    0.134602]     scan-0964 [405504000] [01] bus_get_device        : No context for object [ffff880418244190]
[    0.134613]     scan-0964 [405504000] [01] bus_get_device        : No context for object [ffff8804182441b8]
[    0.134623]     scan-0964 [405504000] [01] bus_get_device        : No context for object [ffff8804182441e0]
[    0.134633]     scan-0964 [405504000] [01] bus_get_device        : No context for object [ffff880418244208]
[    0.134643]     scan-0964 [405504000] [01] bus_get_device        : No context for object [ffff880418244230]
[    0.134654]     scan-0964 [405504000] [01] bus_get_device        : No context for object [ffff880418244258]
[    0.134664]     scan-0964 [405504000] [01] bus_get_device        : No context for object [ffff880418244280]
[    0.134674]     scan-0964 [405504000] [01] bus_get_device        : No context for object [ffff8804182442a8]
[    0.134684]     scan-0964 [405504000] [01] bus_get_device        : No context for object [ffff8804182442d0]
[    0.134695]     scan-0964 [405504000] [01] bus_get_device        : No context for object [ffff8804182442f8]
[    0.134705]     scan-0964 [405504000] [01] bus_get_device        : No context for object [ffff880418244320]
[    0.134715]     scan-0964 [405504000] [01] bus_get_device        : No context for object [ffff880418244348]
[    0.134725]     scan-0964 [405504000] [01] bus_get_device        : No context for object [ffff880418244370]
[    0.134735]     scan-0964 [405504000] [01] bus_get_device        : No context for object [ffff880418244398]
[    0.134746]     scan-0964 [405504000] [01] bus_get_device        : No context for object [ffff8804182443c0]
[    0.134756]     scan-0964 [405504000] [01] bus_get_device        : No context for object [ffff8804182443e8]
[    0.134766]     scan-0964 [405504000] [01] bus_get_device        : No context for object [ffff880418244410]
[    0.134776]     scan-0964 [405504000] [01] bus_get_device        : No context for object [ffff880418244438]
[    0.134787]     scan-0964 [405504000] [01] bus_get_device        : No context for object [ffff880418244460]
[    0.134797]     scan-0964 [405504000] [01] bus_get_device        : No context for object [ffff880418244488]
[    0.134807]     scan-0964 [405504000] [01] bus_get_device        : No context for object [ffff8804182444b0]
[    0.134817]     scan-0964 [405504000] [01] bus_get_device        : No context for object [ffff8804182444d8]
[    0.134827]     scan-0964 [405504000] [01] bus_get_device        : No context for object [ffff880418244500]
[    0.134837]     scan-0964 [405504000] [01] bus_get_device        : No context for object [ffff880418244528]
[    0.134847]     scan-0964 [405504000] [01] bus_get_device        : No context for object [ffff880418244550]
[    0.134858]     scan-0964 [405504000] [01] bus_get_device        : No context for object [ffff880418244578]
[    0.134868]     scan-0964 [405504000] [01] bus_get_device        : No context for object [ffff8804182445a0]
[    0.134878]     scan-0964 [405504000] [01] bus_get_device        : No context for object [ffff8804182445c8]
[    0.134888]     scan-0964 [405504000] [01] bus_get_device        : No context for object [ffff8804182445f0]
[    0.134899]    utils-0052 [405504000] [01] util_eval_error       : Evaluate [\_SB_.PCI0.PB5_.XPDV._STA]: AE_NOT_FOUND
[    0.134964] device: 'device:0d': device_add
[    0.134971] bus: 'acpi': add device device:0d
[    0.134987]    utils-0052 [405504000] [01] util_eval_error       : Evaluate [\_SB_.PCI0.PB5_.XPDV._SUN]: AE_NOT_FOUND
[    0.135007]     scan-1711 [405504000] [01] add_single_object     : Added device:0d [\_SB_.PCI0.PB5_.XPDV] parent device:0c
[    0.135018]     scan-0964 [405504000] [01] bus_get_device        : No context for object [ffff880418244618]
[    0.135029]     scan-0964 [405504000] [01] bus_get_device        : No context for object [ffff880418244640]
[    0.135039]     scan-0964 [405504000] [01] bus_get_device        : No context for object [ffff880418244668]
[    0.135049]     scan-0964 [405504000] [01] bus_get_device        : No context for object [ffff880418244690]
[    0.135059]     scan-0964 [405504000] [01] bus_get_device        : No context for object [ffff8804182446b8]
[    0.135070]     scan-0964 [405504000] [01] bus_get_device        : No context for object [ffff88041827e528]
[    0.135080]     scan-0964 [405504000] [01] bus_get_device        : No context for object [ffff8804182446e0]
[    0.135090]     scan-0964 [405504000] [01] bus_get_device        : No context for object [ffff880418244708]
[    0.135101]    utils-0052 [405504000] [01] util_eval_error       : Evaluate [\_SB_.PCI0.PB6_._STA]: AE_NOT_FOUND
[    0.135230] device: 'device:0e': device_add
[    0.135237] bus: 'acpi': add device device:0e
[    0.135252]    utils-0052 [405504000] [01] util_eval_error       : Evaluate [\_SB_.PCI0.PB6_._SUN]: AE_NOT_FOUND
[    0.135267]     scan-1711 [405504000] [01] add_single_object     : Added device:0e [\_SB_.PCI0.PB6_] parent PNP0A08:00
[    0.135279]     scan-0964 [405504000] [01] bus_get_device        : No context for object [ffff880418244730]
[    0.135289]     scan-0964 [405504000] [01] bus_get_device        : No context for object [ffff880418244758]
[    0.135299]     scan-0964 [405504000] [01] bus_get_device        : No context for object [ffff880418244780]
[    0.135309]     scan-0964 [405504000] [01] bus_get_device        : No context for object [ffff8804182447a8]
[    0.135319]     scan-0964 [405504000] [01] bus_get_device        : No context for object [ffff8804182447d0]
[    0.135330]     scan-0964 [405504000] [01] bus_get_device        : No context for object [ffff8804182447f8]
[    0.135340]     scan-0964 [405504000] [01] bus_get_device        : No context for object [ffff880418244820]
[    0.135350]     scan-0964 [405504000] [01] bus_get_device        : No context for object [ffff880418244848]
[    0.135360]     scan-0964 [405504000] [01] bus_get_device        : No context for object [ffff880418244870]
[    0.135370]     scan-0964 [405504000] [01] bus_get_device        : No context for object [ffff880418244898]
[    0.135381]     scan-0964 [405504000] [01] bus_get_device        : No context for object [ffff8804182448c0]
[    0.135391]     scan-0964 [405504000] [01] bus_get_device        : No context for object [ffff8804182448e8]
[    0.135401]     scan-0964 [405504000] [01] bus_get_device        : No context for object [ffff880418244910]
[    0.135411]     scan-0964 [405504000] [01] bus_get_device        : No context for object [ffff880418244938]
[    0.135421]     scan-0964 [405504000] [01] bus_get_device        : No context for object [ffff880418244960]
[    0.135431]     scan-0964 [405504000] [01] bus_get_device        : No context for object [ffff880418244988]
[    0.135441]     scan-0964 [405504000] [01] bus_get_device        : No context for object [ffff8804182449b0]
[    0.135451]     scan-0964 [405504000] [01] bus_get_device        : No context for object [ffff8804182449d8]
[    0.135462]     scan-0964 [405504000] [01] bus_get_device        : No context for object [ffff880418244a00]
[    0.135472]     scan-0964 [405504000] [01] bus_get_device        : No context for object [ffff880418244a28]
[    0.135482]     scan-0964 [405504000] [01] bus_get_device        : No context for object [ffff880418244a50]
[    0.135492]     scan-0964 [405504000] [01] bus_get_device        : No context for object [ffff880418244a78]
[    0.135502]     scan-0964 [405504000] [01] bus_get_device        : No context for object [ffff880418244aa0]
[    0.135512]     scan-0964 [405504000] [01] bus_get_device        : No context for object [ffff880418244ac8]
[    0.135522]     scan-0964 [405504000] [01] bus_get_device        : No context for object [ffff880418244af0]
[    0.135532]     scan-0964 [405504000] [01] bus_get_device        : No context for object [ffff880418244b18]
[    0.135542]     scan-0964 [405504000] [01] bus_get_device        : No context for object [ffff880418244b40]
[    0.135552]     scan-0964 [405504000] [01] bus_get_device        : No context for object [ffff880418244b68]
[    0.135563]     scan-0964 [405504000] [01] bus_get_device        : No context for object [ffff880418244b90]
[    0.135573]     scan-0964 [405504000] [01] bus_get_device        : No context for object [ffff880418244bb8]
[    0.135583]     scan-0964 [405504000] [01] bus_get_device        : No context for object [ffff880418244be0]
[    0.135594]    utils-0052 [405504000] [01] util_eval_error       : Evaluate [\_SB_.PCI0.PB6_.XPDV._STA]: AE_NOT_FOUND
[    0.135659] device: 'device:0f': device_add
[    0.135665] bus: 'acpi': add device device:0f
[    0.135679]    utils-0052 [405504000] [01] util_eval_error       : Evaluate [\_SB_.PCI0.PB6_.XPDV._SUN]: AE_NOT_FOUND
[    0.135694]     scan-1711 [405504000] [01] add_single_object     : Added device:0f [\_SB_.PCI0.PB6_.XPDV] parent device:0e
[    0.135706]     scan-0964 [405504000] [01] bus_get_device        : No context for object [ffff880418244c08]
[    0.135716]     scan-0964 [405504000] [01] bus_get_device        : No context for object [ffff880418244c30]
[    0.135726]     scan-0964 [405504000] [01] bus_get_device        : No context for object [ffff880418244c58]
[    0.135736]     scan-0964 [405504000] [01] bus_get_device        : No context for object [ffff880418244c80]
[    0.135747]     scan-0964 [405504000] [01] bus_get_device        : No context for object [ffff880418244ca8]
[    0.135757]     scan-0964 [405504000] [01] bus_get_device        : No context for object [ffff88041827e550]
[    0.135767]     scan-0964 [405504000] [01] bus_get_device        : No context for object [ffff880418244cd0]
[    0.135777]     scan-0964 [405504000] [01] bus_get_device        : No context for object [ffff880418244cf8]
[    0.135789]    utils-0052 [405504000] [01] util_eval_error       : Evaluate [\_SB_.PCI0.PB7_._STA]: AE_NOT_FOUND
[    0.135917] device: 'device:10': device_add
[    0.135924] bus: 'acpi': add device device:10
[    0.135942]    utils-0052 [405504000] [01] util_eval_error       : Evaluate [\_SB_.PCI0.PB7_._SUN]: AE_NOT_FOUND
[    0.135957]     scan-1711 [405504000] [01] add_single_object     : Added device:10 [\_SB_.PCI0.PB7_] parent PNP0A08:00
[    0.135968]     scan-0964 [405504000] [01] bus_get_device        : No context for object [ffff880418244d20]
[    0.135979]     scan-0964 [405504000] [01] bus_get_device        : No context for object [ffff880418244d48]
[    0.135989]     scan-0964 [405504000] [01] bus_get_device        : No context for object [ffff880418244d70]
[    0.136002]     scan-0964 [405504000] [01] bus_get_device        : No context for object [ffff880418244d98]
[    0.136013]     scan-0964 [405504000] [01] bus_get_device        : No context for object [ffff880418244dc0]
[    0.136023]     scan-0964 [405504000] [01] bus_get_device        : No context for object [ffff880418244de8]
[    0.136033]     scan-0964 [405504000] [01] bus_get_device        : No context for object [ffff880418244e10]
[    0.136044]     scan-0964 [405504000] [01] bus_get_device        : No context for object [ffff880418244e38]
[    0.136054]     scan-0964 [405504000] [01] bus_get_device        : No context for object [ffff880418244e60]
[    0.136064]     scan-0964 [405504000] [01] bus_get_device        : No context for object [ffff880418244e88]
[    0.136074]     scan-0964 [405504000] [01] bus_get_device        : No context for object [ffff880418244eb0]
[    0.136084]     scan-0964 [405504000] [01] bus_get_device        : No context for object [ffff880418244ed8]
[    0.136094]     scan-0964 [405504000] [01] bus_get_device        : No context for object [ffff880418244f00]
[    0.136105]     scan-0964 [405504000] [01] bus_get_device        : No context for object [ffff880418244f28]
[    0.136115]     scan-0964 [405504000] [01] bus_get_device        : No context for object [ffff880418244f50]
[    0.136125]     scan-0964 [405504000] [01] bus_get_device        : No context for object [ffff880418244f78]
[    0.136135]     scan-0964 [405504000] [01] bus_get_device        : No context for object [ffff880418244fa0]
[    0.136146]     scan-0964 [405504000] [01] bus_get_device        : No context for object [ffff880418244fc8]
[    0.136156]     scan-0964 [405504000] [01] bus_get_device        : No context for object [ffff880418246000]
[    0.136166]     scan-0964 [405504000] [01] bus_get_device        : No context for object [ffff880418246028]
[    0.136176]     scan-0964 [405504000] [01] bus_get_device        : No context for object [ffff880418246050]
[    0.136186]     scan-0964 [405504000] [01] bus_get_device        : No context for object [ffff880418246078]
[    0.136196]     scan-0964 [405504000] [01] bus_get_device        : No context for object [ffff8804182460a0]
[    0.136206]     scan-0964 [405504000] [01] bus_get_device        : No context for object [ffff8804182460c8]
[    0.136217]     scan-0964 [405504000] [01] bus_get_device        : No context for object [ffff8804182460f0]
[    0.136227]     scan-0964 [405504000] [01] bus_get_device        : No context for object [ffff880418246118]
[    0.136237]     scan-0964 [405504000] [01] bus_get_device        : No context for object [ffff880418246140]
[    0.136247]     scan-0964 [405504000] [01] bus_get_device        : No context for object [ffff880418246168]
[    0.136257]     scan-0964 [405504000] [01] bus_get_device        : No context for object [ffff880418246190]
[    0.136267]     scan-0964 [405504000] [01] bus_get_device        : No context for object [ffff8804182461b8]
[    0.136277]     scan-0964 [405504000] [01] bus_get_device        : No context for object [ffff8804182461e0]
[    0.136289]    utils-0052 [405504000] [01] util_eval_error       : Evaluate [\_SB_.PCI0.PB7_.XPDV._STA]: AE_NOT_FOUND
[    0.136354] device: 'device:11': device_add
[    0.136361] bus: 'acpi': add device device:11
[    0.136375]    utils-0052 [405504000] [01] util_eval_error       : Evaluate [\_SB_.PCI0.PB7_.XPDV._SUN]: AE_NOT_FOUND
[    0.136390]     scan-1711 [405504000] [01] add_single_object     : Added device:11 [\_SB_.PCI0.PB7_.XPDV] parent device:10
[    0.136402]     scan-0964 [405504000] [01] bus_get_device        : No context for object [ffff880418246208]
[    0.136412]     scan-0964 [405504000] [01] bus_get_device        : No context for object [ffff880418246230]
[    0.136422]     scan-0964 [405504000] [01] bus_get_device        : No context for object [ffff880418246258]
[    0.136432]     scan-0964 [405504000] [01] bus_get_device        : No context for object [ffff880418246280]
[    0.136443]     scan-0964 [405504000] [01] bus_get_device        : No context for object [ffff8804182462a8]
[    0.136453]     scan-0964 [405504000] [01] bus_get_device        : No context for object [ffff88041827e488]
[    0.136463]     scan-0964 [405504000] [01] bus_get_device        : No context for object [ffff8804182462d0]
[    0.136473]     scan-0964 [405504000] [01] bus_get_device        : No context for object [ffff8804182462f8]
[    0.136484]    utils-0052 [405504000] [01] util_eval_error       : Evaluate [\_SB_.PCI0.OHC1._STA]: AE_NOT_FOUND
[    0.136607] device: 'device:12': device_add
[    0.136614] bus: 'acpi': add device device:12
[    0.136628]    utils-0052 [405504000] [01] util_eval_error       : Evaluate [\_SB_.PCI0.OHC1._SUN]: AE_NOT_FOUND
[    0.136643]     scan-1711 [405504000] [01] add_single_object     : Added device:12 [\_SB_.PCI0.OHC1] parent PNP0A08:00
[    0.136654]     scan-0964 [405504000] [01] bus_get_device        : No context for object [ffff880418246320]
[    0.136665]     scan-0964 [405504000] [01] bus_get_device        : No context for object [ffff880418246348]
[    0.136675]     scan-0964 [405504000] [01] bus_get_device        : No context for object [ffff8804182822f8]
[    0.136686]    utils-0052 [405504000] [01] util_eval_error       : Evaluate [\_SB_.PCI0.OHC1.RHUB._STA]: AE_NOT_FOUND
[    0.136751] device: 'device:13': device_add
[    0.136757] bus: 'acpi': add device device:13
[    0.136774]    utils-0052 [405504000] [01] util_eval_error       : Evaluate [\_SB_.PCI0.OHC1.RHUB._SUN]: AE_NOT_FOUND
[    0.136789]     scan-1711 [405504000] [01] add_single_object     : Added device:13 [\_SB_.PCI0.OHC1.RHUB] parent device:12
[    0.136801]     scan-0964 [405504000] [01] bus_get_device        : No context for object [ffff880418282320]
[    0.136811]     scan-0964 [405504000] [01] bus_get_device        : No context for object [ffff880418282348]
[    0.136822]    utils-0052 [405504000] [01] util_eval_error       : Evaluate [\_SB_.PCI0.OHC1.RHUB.PRT3._STA]: AE_NOT_FOUND
[    0.136888] device: 'device:14': device_add
[    0.136895] bus: 'acpi': add device device:14
[    0.136909]    utils-0052 [405504000] [01] util_eval_error       : Evaluate [\_SB_.PCI0.OHC1.RHUB.PRT3._SUN]: AE_NOT_FOUND
[    0.136925]     scan-1711 [405504000] [01] add_single_object     : Added device:14 [\_SB_.PCI0.OHC1.RHUB.PRT3] parent device:13
[    0.136937]     scan-0964 [405504000] [01] bus_get_device        : No context for object [ffff880418282370]
[    0.136947]     scan-0964 [405504000] [01] bus_get_device        : No context for object [ffff880418282398]
[    0.136957]     scan-0964 [405504000] [01] bus_get_device        : No context for object [ffff8804182823c0]
[    0.136968]     scan-0964 [405504000] [01] bus_get_device        : No context for object [ffff8804182823e8]
[    0.136979]    utils-0052 [405504000] [01] util_eval_error       : Evaluate [\_SB_.PCI0.OHC1.RHUB.PRT4._STA]: AE_NOT_FOUND
[    0.137048] device: 'device:15': device_add
[    0.137055] bus: 'acpi': add device device:15
[    0.137069]    utils-0052 [405504000] [01] util_eval_error       : Evaluate [\_SB_.PCI0.OHC1.RHUB.PRT4._SUN]: AE_NOT_FOUND
[    0.137085]     scan-1711 [405504000] [01] add_single_object     : Added device:15 [\_SB_.PCI0.OHC1.RHUB.PRT4] parent device:13
[    0.137096]     scan-0964 [405504000] [01] bus_get_device        : No context for object [ffff880418282410]
[    0.137107]     scan-0964 [405504000] [01] bus_get_device        : No context for object [ffff880418282438]
[    0.137117]     scan-0964 [405504000] [01] bus_get_device        : No context for object [ffff880418282460]
[    0.137127]     scan-0964 [405504000] [01] bus_get_device        : No context for object [ffff880418246370]
[    0.137138]    utils-0052 [405504000] [01] util_eval_error       : Evaluate [\_SB_.PCI0.EHC1._STA]: AE_NOT_FOUND
[    0.137264] device: 'device:16': device_add
[    0.137271] bus: 'acpi': add device device:16
[    0.137289]    utils-0052 [405504000] [01] util_eval_error       : Evaluate [\_SB_.PCI0.EHC1._SUN]: AE_NOT_FOUND
[    0.137304]     scan-1711 [405504000] [01] add_single_object     : Added device:16 [\_SB_.PCI0.EHC1] parent PNP0A08:00
[    0.137315]     scan-0964 [405504000] [01] bus_get_device        : No context for object [ffff880418246398]
[    0.137326]     scan-0964 [405504000] [01] bus_get_device        : No context for object [ffff8804182463c0]
[    0.137336]     scan-0964 [405504000] [01] bus_get_device        : No context for object [ffff880418282028]
[    0.137347]    utils-0052 [405504000] [01] util_eval_error       : Evaluate [\_SB_.PCI0.EHC1.RHUB._STA]: AE_NOT_FOUND
[    0.137412] device: 'device:17': device_add
[    0.137418] bus: 'acpi': add device device:17
[    0.137433]    utils-0052 [405504000] [01] util_eval_error       : Evaluate [\_SB_.PCI0.EHC1.RHUB._SUN]: AE_NOT_FOUND
[    0.137448]     scan-1711 [405504000] [01] add_single_object     : Added device:17 [\_SB_.PCI0.EHC1.RHUB] parent device:16
[    0.137459]     scan-0964 [405504000] [01] bus_get_device        : No context for object [ffff880418282050]
[    0.137470]     scan-0964 [405504000] [01] bus_get_device        : No context for object [ffff880418282078]
[    0.137481]    utils-0052 [405504000] [01] util_eval_error       : Evaluate [\_SB_.PCI0.EHC1.RHUB.PRT3._STA]: AE_NOT_FOUND
[    0.137546] device: 'device:18': device_add
[    0.137552] bus: 'acpi': add device device:18
[    0.137566]    utils-0052 [405504000] [01] util_eval_error       : Evaluate [\_SB_.PCI0.EHC1.RHUB.PRT3._SUN]: AE_NOT_FOUND
[    0.137582]     scan-1711 [405504000] [01] add_single_object     : Added device:18 [\_SB_.PCI0.EHC1.RHUB.PRT3] parent device:17
[    0.137594]     scan-0964 [405504000] [01] bus_get_device        : No context for object [ffff8804182820a0]
[    0.137604]     scan-0964 [405504000] [01] bus_get_device        : No context for object [ffff8804182820c8]
[    0.137614]     scan-0964 [405504000] [01] bus_get_device        : No context for object [ffff8804182820f0]
[    0.137625]     scan-0964 [405504000] [01] bus_get_device        : No context for object [ffff880418282118]
[    0.137636]    utils-0052 [405504000] [01] util_eval_error       : Evaluate [\_SB_.PCI0.EHC1.RHUB.PRT4._STA]: AE_NOT_FOUND
[    0.137701] device: 'device:19': device_add
[    0.137707] bus: 'acpi': add device device:19
[    0.137724]    utils-0052 [405504000] [01] util_eval_error       : Evaluate [\_SB_.PCI0.EHC1.RHUB.PRT4._SUN]: AE_NOT_FOUND
[    0.137739]     scan-1711 [405504000] [01] add_single_object     : Added device:19 [\_SB_.PCI0.EHC1.RHUB.PRT4] parent device:17
[    0.137751]     scan-0964 [405504000] [01] bus_get_device        : No context for object [ffff880418282140]
[    0.137762]     scan-0964 [405504000] [01] bus_get_device        : No context for object [ffff880418282168]
[    0.137772]     scan-0964 [405504000] [01] bus_get_device        : No context for object [ffff880418282190]
[    0.137782]     scan-0964 [405504000] [01] bus_get_device        : No context for object [ffff8804182463e8]
[    0.137794]    utils-0052 [405504000] [01] util_eval_error       : Evaluate [\_SB_.PCI0.OHC2._STA]: AE_NOT_FOUND
[    0.137916] device: 'device:1a': device_add
[    0.137923] bus: 'acpi': add device device:1a
[    0.137938]    utils-0052 [405504000] [01] util_eval_error       : Evaluate [\_SB_.PCI0.OHC2._SUN]: AE_NOT_FOUND
[    0.137953]     scan-1711 [405504000] [01] add_single_object     : Added device:1a [\_SB_.PCI0.OHC2] parent PNP0A08:00
[    0.137964]     scan-0964 [405504000] [01] bus_get_device        : No context for object [ffff880418246410]
[    0.137974]     scan-0964 [405504000] [01] bus_get_device        : No context for object [ffff880418246438]
[    0.137985]     scan-0964 [405504000] [01] bus_get_device        : No context for object [ffff880418282488]
[    0.137996]    utils-0052 [405504000] [01] util_eval_error       : Evaluate [\_SB_.PCI0.OHC2.RHUB._STA]: AE_NOT_FOUND
[    0.138064] device: 'device:1b': device_add
[    0.138071] bus: 'acpi': add device device:1b
[    0.138085]    utils-0052 [405504000] [01] util_eval_error       : Evaluate [\_SB_.PCI0.OHC2.RHUB._SUN]: AE_NOT_FOUND
[    0.138101]     scan-1711 [405504000] [01] add_single_object     : Added device:1b [\_SB_.PCI0.OHC2.RHUB] parent device:1a
[    0.138112]     scan-0964 [405504000] [01] bus_get_device        : No context for object [ffff8804182824b0]
[    0.138122]     scan-0964 [405504000] [01] bus_get_device        : No context for object [ffff8804182824d8]
[    0.138133]    utils-0052 [405504000] [01] util_eval_error       : Evaluate [\_SB_.PCI0.OHC2.RHUB.PRT4._STA]: AE_NOT_FOUND
[    0.138198] device: 'device:1c': device_add
[    0.138204] bus: 'acpi': add device device:1c
[    0.138221]    utils-0052 [405504000] [01] util_eval_error       : Evaluate [\_SB_.PCI0.OHC2.RHUB.PRT4._SUN]: AE_NOT_FOUND
[    0.138236]     scan-1711 [405504000] [01] add_single_object     : Added device:1c [\_SB_.PCI0.OHC2.RHUB.PRT4] parent device:1b
[    0.138248]     scan-0964 [405504000] [01] bus_get_device        : No context for object [ffff880418282500]
[    0.138258]     scan-0964 [405504000] [01] bus_get_device        : No context for object [ffff880418282528]
[    0.138269]     scan-0964 [405504000] [01] bus_get_device        : No context for object [ffff880418282550]
[    0.138279]     scan-0964 [405504000] [01] bus_get_device        : No context for object [ffff880418246460]
[    0.138290]    utils-0052 [405504000] [01] util_eval_error       : Evaluate [\_SB_.PCI0.EHC2._STA]: AE_NOT_FOUND
[    0.138412] device: 'device:1d': device_add
[    0.138419] bus: 'acpi': add device device:1d
[    0.138433]    utils-0052 [405504000] [01] util_eval_error       : Evaluate [\_SB_.PCI0.EHC2._SUN]: AE_NOT_FOUND
[    0.138448]     scan-1711 [405504000] [01] add_single_object     : Added device:1d [\_SB_.PCI0.EHC2] parent PNP0A08:00
[    0.138460]     scan-0964 [405504000] [01] bus_get_device        : No context for object [ffff880418246488]
[    0.138470]     scan-0964 [405504000] [01] bus_get_device        : No context for object [ffff8804182464b0]
[    0.138480]     scan-0964 [405504000] [01] bus_get_device        : No context for object [ffff8804182821b8]
[    0.138491]    utils-0052 [405504000] [01] util_eval_error       : Evaluate [\_SB_.PCI0.EHC2.RHUB._STA]: AE_NOT_FOUND
[    0.138555] device: 'device:1e': device_add
[    0.138561] bus: 'acpi': add device device:1e
[    0.138576]    utils-0052 [405504000] [01] util_eval_error       : Evaluate [\_SB_.PCI0.EHC2.RHUB._SUN]: AE_NOT_FOUND
[    0.138591]     scan-1711 [405504000] [01] add_single_object     : Added device:1e [\_SB_.PCI0.EHC2.RHUB] parent device:1d
[    0.138602]     scan-0964 [405504000] [01] bus_get_device        : No context for object [ffff8804182821e0]
[    0.138612]     scan-0964 [405504000] [01] bus_get_device        : No context for object [ffff880418282208]
[    0.138624]    utils-0052 [405504000] [01] util_eval_error       : Evaluate [\_SB_.PCI0.EHC2.RHUB.PRT2._STA]: AE_NOT_FOUND
[    0.138688] device: 'device:1f': device_add
[    0.138694] bus: 'acpi': add device device:1f
[    0.138711]    utils-0052 [405504000] [01] util_eval_error       : Evaluate [\_SB_.PCI0.EHC2.RHUB.PRT2._SUN]: AE_NOT_FOUND
[    0.138726]     scan-1711 [405504000] [01] add_single_object     : Added device:1f [\_SB_.PCI0.EHC2.RHUB.PRT2] parent device:1e
[    0.138738]     scan-0964 [405504000] [01] bus_get_device        : No context for object [ffff880418282230]
[    0.138748]     scan-0964 [405504000] [01] bus_get_device        : No context for object [ffff880418282258]
[    0.138758]     scan-0964 [405504000] [01] bus_get_device        : No context for object [ffff880418282280]
[    0.138769]     scan-0964 [405504000] [01] bus_get_device        : No context for object [ffff8804182464d8]
[    0.138780]    utils-0052 [405504000] [01] util_eval_error       : Evaluate [\_SB_.PCI0.OHC3._STA]: AE_NOT_FOUND
[    0.138902] device: 'device:20': device_add
[    0.138909] bus: 'acpi': add device device:20
[    0.138923]    utils-0052 [405504000] [01] util_eval_error       : Evaluate [\_SB_.PCI0.OHC3._SUN]: AE_NOT_FOUND
