[    0.000000] Initializing cgroup subsys cpuset
[    0.000000] Initializing cgroup subsys cpu
[    0.000000] Initializing cgroup subsys cpuacct
[    0.000000] Linux version 3.16.0-1-MANJARO (emacs@manji) (gcc version 4.9.0 20140604 (prerelease) (GCC) ) #14 SMP Mon Jul 14 12:13:41 CEST 2014
[    0.000000] Command line: BOOT_IMAGE=/vmlinuz-316-x86_64 root=UUID=bfa4ab6e-19a3-4601-ba2b-267c55841c73 rw cryptdevice=/dev/disk/by-uuid/70c08890-417a-497d-b6ab-c0d0357a63e2:cryptManjaro:allow-discards ipv6.disable=1 pnp.debug=1 loglevel=9 log_buf_len=10M printk.always_kmsg_dump=y printk.time=y mminit_loglevel=0 memory_corruption_check=1 fbcon=scrollback:4096k fbcon=font:ProFont6x11 acpi.debug_layer=0xfbff0000 acpi.debug_level=0xFFFFFFFD pnp.debug=1 radeonfb radeon.audio=0 radeon.lockup_timeout=0 radeon.test=3 radeon.agpmode=0 radeon.benchmark=0 radeon.tv=0 radeon.fastfb=1 radeon.hard_reset=1 radeon.aspm=1 radeon.dpm=1 radeon.msi=1 radeon.pcie_gen2=-1 radeon.no_wb=1 radeon.modeset=1 radeon.dynclks=1 radeon.r4xx_atom=0 radeon.runpm=0
[    0.000000] KERNEL supported cpus:
[    0.000000]   AMD AuthenticAMD
[    0.000000] e820: BIOS-provided physical RAM map:
[    0.000000] BIOS-e820: [mem 0x0000000000000000-0x000000000009d7ff] usable
[    0.000000] BIOS-e820: [mem 0x000000000009d800-0x000000000009ffff] reserved
[    0.000000] BIOS-e820: [mem 0x00000000000e0000-0x00000000000fffff] reserved
[    0.000000] BIOS-e820: [mem 0x0000000000100000-0x00000000aed9afff] usable
[    0.000000] BIOS-e820: [mem 0x00000000aed9b000-0x00000000af39afff] reserved
[    0.000000] BIOS-e820: [mem 0x00000000af39b000-0x00000000af49afff] ACPI NVS
[    0.000000] BIOS-e820: [mem 0x00000000af49b000-0x00000000af51afff] ACPI data
[    0.000000] BIOS-e820: [mem 0x00000000af51b000-0x00000000afdfffff] usable
[    0.000000] BIOS-e820: [mem 0x00000000afe00000-0x00000000afffffff] reserved
[    0.000000] BIOS-e820: [mem 0x00000000fec00000-0x00000000fecfffff] reserved
[    0.000000] BIOS-e820: [mem 0x00000000fed80000-0x00000000fed80fff] reserved
[    0.000000] BIOS-e820: [mem 0x00000000ffe00000-0x00000000ffffffff] reserved
[    0.000000] BIOS-e820: [mem 0x0000000100000000-0x000000042effffff] usable
[    0.000000] NX (Execute Disable) protection: active
[    0.000000] SMBIOS 2.6 present.
[    0.000000] DMI: LENOVO Sabine/Torpedo, BIOS 54CN18WW 07/20/2011
[    0.000000] e820: update [mem 0x00000000-0x00000fff] usable ==> reserved
[    0.000000] e820: remove [mem 0x000a0000-0x000fffff] usable
[    0.000000] e820: last_pfn = 0x42f000 max_arch_pfn = 0x400000000
[    0.000000] MTRR default type: uncachable
[    0.000000] MTRR fixed ranges enabled:
[    0.000000]   00000-9FFFF write-back
[    0.000000]   A0000-BFFFF uncachable
[    0.000000]   C0000-FFFFF write-protect
[    0.000000] MTRR variable ranges enabled:
[    0.000000]   0 base 0000000000 mask FF80000000 write-back
[    0.000000]   1 base 0080000000 mask FFE0000000 write-back
[    0.000000]   2 base 00A0000000 mask FFF0000000 write-back
[    0.000000]   3 base 00FFF90000 mask FFFFFF0000 uncachable
[    0.000000]   4 base 00FED80000 mask 0FFFFFF000 uncachable
[    0.000000]   5 disabled
[    0.000000]   6 disabled
[    0.000000]   7 base 00FFE00000 mask FFFFE00000 write-protect
[    0.000000] TOM2: 000000042f000000 aka 17136M
[    0.000000] mtrr: your BIOS has configured an incorrect mask, fixing it.
[    0.000000] e820: last_pfn = 0xafe00 max_arch_pfn = 0x400000000
[    0.000000] found SMP MP-table at [mem 0x000fa8b0-0x000fa8bf] mapped at [ffff8800000fa8b0]
[    0.000000] Base memory trampoline at [ffff880000097000] 97000 size 24576
[    0.000000] Using GB pages for direct mapping
[    0.000000] init_memory_mapping: [mem 0x00000000-0x000fffff]
[    0.000000]  [mem 0x00000000-0x000fffff] page 4k
[    0.000000] BRK [0x02024000, 0x02024fff] PGTABLE
[    0.000000] BRK [0x02025000, 0x02025fff] PGTABLE
[    0.000000] BRK [0x02026000, 0x02026fff] PGTABLE
[    0.000000] init_memory_mapping: [mem 0x42ee00000-0x42effffff]
[    0.000000]  [mem 0x42ee00000-0x42effffff] page 2M
[    0.000000] BRK [0x02027000, 0x02027fff] PGTABLE
[    0.000000] init_memory_mapping: [mem 0x42c000000-0x42edfffff]
[    0.000000]  [mem 0x42c000000-0x42edfffff] page 2M
[    0.000000] init_memory_mapping: [mem 0x400000000-0x42bffffff]
[    0.000000]  [mem 0x400000000-0x42bffffff] page 2M
[    0.000000] init_memory_mapping: [mem 0x00100000-0xaed9afff]
[    0.000000]  [mem 0x00100000-0x001fffff] page 4k
[    0.000000]  [mem 0x00200000-0x3fffffff] page 2M
[    0.000000]  [mem 0x40000000-0x7fffffff] page 1G
[    0.000000]  [mem 0x80000000-0xaebfffff] page 2M
[    0.000000]  [mem 0xaec00000-0xaed9afff] page 4k
[    0.000000] init_memory_mapping: [mem 0xaf51b000-0xafdfffff]
[    0.000000]  [mem 0xaf51b000-0xaf5fffff] page 4k
[    0.000000]  [mem 0xaf600000-0xafdfffff] page 2M
[    0.000000] BRK [0x02028000, 0x02028fff] PGTABLE
[    0.000000] init_memory_mapping: [mem 0x100000000-0x3ffffffff]
[    0.000000]  [mem 0x100000000-0x3ffffffff] page 1G
[    0.000000] log_buf_len: 16777216
[    0.000000] early log buf free: 2092068(99%)
[    0.000000] RAMDISK: [mem 0x37858000-0x37c23fff]
[    0.000000] ACPI: Early table checksum verification disabled
[    0.000000] ACPI: RSDP 0x00000000000F0110 000024 (v02 LENOVO)
[    0.000000] ACPI: XSDT 0x00000000AF51A120 000074 (v01 LENOVO CB-01    00000001 LENO 00000001)
[    0.000000] ACPI: FACP 0x00000000AF508000 0000F4 (v04 LENOVO CB-01    00000001 PTL  00000001)
[    0.000000] ACPI: DSDT 0x00000000AF50A000 00FD10 (v01 LENOVO CB-01    00001000 LENO 00000001)
[    0.000000] ACPI: FACS 0x00000000AF478000 000040
[    0.000000] ACPI: HPET 0x00000000AF507000 000038 (v01 LENOVO CB-01    00000001 PTL  00000001)
[    0.000000] ACPI: APIC 0x00000000AF506000 00007A (v02 LENOVO CB-01    00000001 PTL  00000001)
[    0.000000] ACPI: MCFG 0x00000000AF505000 00003C (v01 LENOVO CB-01    00000001 PTL  00000001)
[    0.000000] ACPI: SLIC 0x00000000AF504000 000176 (v01 LENOVO CB-01    00000001 LENO 00000001)
[    0.000000] ACPI: UEFI 0x00000000AF503000 00003E (v01 LENOVO CB-01    00000001 PTL  00000001)
[    0.000000] ACPI: UEFI 0x00000000AF502000 000042 (v01 PTL    COMBUF   00000001 PTL  00000001)
[    0.000000] ACPI: SSDT 0x00000000AF501000 000E34 (v01 AMD    POWERNOW 00000001 AMD  00000001)
[    0.000000] ACPI: SSDT 0x00000000AF4FF000 00193D (v02 AMD    ALIB     00000001 MSFT 04000000)
[    0.000000] ACPI: UEFI 0x00000000AF4FE000 00021A (v01 LENOVO CB-01    00000001 PTL  00000001)
[    0.000000] ACPI: Local APIC address 0xfee00000
[    0.000000] No NUMA configuration found
[    0.000000] Faking a node at [mem 0x0000000000000000-0x000000042effffff]
[    0.000000] Initmem setup node 0 [mem 0x00000000-0x42effffff]
[    0.000000]   NODE_DATA [mem 0x42dffa000-0x42dffdfff]
[    0.000000]  [ffffea0000000000-ffffea0010bfffff] PMD -> [ffff88041de00000-ffff88042d5fffff] on node 0
[    0.000000] Zone ranges:
[    0.000000]   DMA      [mem 0x00001000-0x00ffffff]
[    0.000000]   DMA32    [mem 0x01000000-0xffffffff]
[    0.000000]   Normal   [mem 0x100000000-0x42effffff]
[    0.000000] Movable zone start for each node
[    0.000000] Early memory node ranges
[    0.000000]   node   0: [mem 0x00001000-0x0009cfff]
[    0.000000]   node   0: [mem 0x00100000-0xaed9afff]
[    0.000000]   node   0: [mem 0xaf51b000-0xafdfffff]
[    0.000000]   node   0: [mem 0x100000000-0x42effffff]
[    0.000000] On node 0 totalpages: 4056604
[    0.000000]   DMA zone: 64 pages used for memmap
[    0.000000]   DMA zone: 21 pages reserved
[    0.000000]   DMA zone: 3996 pages, LIFO batch:0
[    0.000000]   DMA32 zone: 11162 pages used for memmap
[    0.000000]   DMA32 zone: 714368 pages, LIFO batch:31
[    0.000000]   Normal zone: 52160 pages used for memmap
[    0.000000]   Normal zone: 3338240 pages, LIFO batch:31
[    0.000000] ACPI: PM-Timer IO Port: 0x808
[    0.000000] ACPI: Local APIC address 0xfee00000
[    0.000000] ACPI: LAPIC (acpi_id[0x00] lapic_id[0x00] enabled)
[    0.000000] ACPI: LAPIC (acpi_id[0x01] lapic_id[0x01] enabled)
[    0.000000] ACPI: LAPIC (acpi_id[0x02] lapic_id[0x02] enabled)
[    0.000000] ACPI: LAPIC (acpi_id[0x03] lapic_id[0x03] enabled)
[    0.000000] ACPI: LAPIC_NMI (acpi_id[0x00] high edge lint[0x1])
[    0.000000] ACPI: LAPIC_NMI (acpi_id[0x01] high edge lint[0x1])
[    0.000000] ACPI: LAPIC_NMI (acpi_id[0x02] high edge lint[0x1])
[    0.000000] ACPI: LAPIC_NMI (acpi_id[0x03] high edge lint[0x1])
[    0.000000] ACPI: IOAPIC (id[0x02] address[0xfec00000] gsi_base[0])
[    0.000000] IOAPIC[0]: apic_id 2, version 33, address 0xfec00000, GSI 0-23
[    0.000000] ACPI: INT_SRC_OVR (bus 0 bus_irq 0 global_irq 2 dfl dfl)
[    0.000000] ACPI: IRQ0 used by override.
[    0.000000] ACPI: IRQ2 used by override.
[    0.000000] ACPI: IRQ9 used by override.
[    0.000000] Using ACPI (MADT) for SMP configuration information
[    0.000000] ACPI: HPET id: 0x43538210 base: 0xfed00000
[    0.000000] smpboot: Allowing 4 CPUs, 0 hotplug CPUs
[    0.000000] nr_irqs_gsi: 40
[    0.000000] e820: [mem 0xb0000000-0xfebfffff] available for PCI devices
[    0.000000] setup_percpu: NR_CPUS:64 nr_cpumask_bits:64 nr_cpu_ids:4 nr_node_ids:1
[    0.000000] PERCPU: Embedded 27 pages/cpu @ffff88042dc00000 s79872 r8192 d22528 u524288
[    0.000000] pcpu-alloc: s79872 r8192 d22528 u524288 alloc=1*2097152
[    0.000000] pcpu-alloc: [0] 0 1 2 3 
[    0.000000] Built 1 zonelists in Zone order, mobility grouping on.  Total pages: 3993197
[    0.000000] Policy zone: Normal
[    0.000000] Kernel command line: BOOT_IMAGE=/vmlinuz-316-x86_64 root=UUID=bfa4ab6e-19a3-4601-ba2b-267c55841c73 rw cryptdevice=/dev/disk/by-uuid/70c08890-417a-497d-b6ab-c0d0357a63e2:cryptManjaro:allow-discards ipv6.disable=1 pnp.debug=1 loglevel=9 log_buf_len=10M printk.always_kmsg_dump=y printk.time=y mminit_loglevel=0 memory_corruption_check=1 fbcon=scrollback:4096k fbcon=font:ProFont6x11 acpi.debug_layer=0xfbff0000 acpi.debug_level=0xFFFFFFFD pnp.debug=1 radeonfb radeon.audio=0 radeon.lockup_timeout=0 radeon.test=3 radeon.agpmode=0 radeon.benchmark=0 radeon.tv=0 radeon.fastfb=1 radeon.hard_reset=1 radeon.aspm=1 radeon.dpm=1 radeon.msi=1 radeon.pcie_gen2=-1 radeon.no_wb=1 radeon.modeset=1 radeon.dynclks=1 radeon.r4xx_atom=0 radeon.runpm=0
[    0.000000] PID hash table entries: 4096 (order: 3, 32768 bytes)
[    0.000000] Memory: 15868888K/16226416K available (6405K kernel code, 768K rwdata, 2836K rodata, 848K init, 2592K bss, 357528K reserved)
[    0.000000] SLUB: HWalign=64, Order=0-3, MinObjects=0, CPUs=4, Nodes=1
[    0.000000] Hierarchical RCU implementation.
[    0.000000] 	RCU dyntick-idle grace-period acceleration is enabled.
[    0.000000] 	Additional per-CPU info printed with stalls.
[    0.000000] 	RCU restricting CPUs from NR_CPUS=64 to nr_cpu_ids=4.
[    0.000000] RCU: Adjusting geometry for rcu_fanout_leaf=16, nr_cpu_ids=4
[    0.000000] NR_IRQS:4352 nr_irqs:712 16
[    0.000000] spurious 8259A interrupt: IRQ7.
[    0.000000] Console: colour dummy device 80x25
[    0.000000] console [tty0] enabled
[    0.000000] allocated 65011712 bytes of page_cgroup
[    0.000000] please try 'cgroup_disable=memory' option if you don't want memory cgroups
[    0.000000] hpet clockevent registered
[    0.000000] tsc: Fast TSC calibration using PIT
[    0.000000] tsc: Detected 1397.547 MHz processor
[    0.000054] Calibrating delay loop (skipped), value calculated using timer frequency.. 2795.09 BogoMIPS (lpj=1397547)
[    0.000062] pid_max: default: 32768 minimum: 301
[    0.000075] ACPI: Core revision 20140424
[    0.024908] ACPI: All ACPI Tables successfully acquired
[    0.027051] Security Framework initialized
[    0.028706] Dentry cache hash table entries: 2097152 (order: 12, 16777216 bytes)
[    0.035308] Inode-cache hash table entries: 1048576 (order: 11, 8388608 bytes)
[    0.038188] Mount-cache hash table entries: 32768 (order: 6, 262144 bytes)
[    0.038221] Mountpoint-cache hash table entries: 32768 (order: 6, 262144 bytes)
[    0.038701] Initializing cgroup subsys memory
[    0.038744] Initializing cgroup subsys devices
[    0.038755] Initializing cgroup subsys freezer
[    0.038763] Initializing cgroup subsys blkio
[    0.038798] tseg: 00afe00000
[    0.038803] CPU: Physical Processor ID: 0
[    0.038806] CPU: Processor Core ID: 0
[    0.038810] mce: CPU supports 6 MCE banks
[    0.038824] Last level iTLB entries: 4KB 512, 2MB 16, 4MB 8
Last level dTLB entries: 4KB 1024, 2MB 128, 4MB 64, 1GB 0
tlb_flushall_shift: 6
[    0.039012] Freeing SMP alternatives memory: 20K (ffffffff81d96000 - ffffffff81d9b000)
[    0.039519] ..TIMER: vector=0x30 apic1=0 pin1=2 apic2=-1 pin2=-1
[    0.049530] smpboot: CPU0: AMD A6-3400M APU with Radeon(tm) HD Graphics (fam: 12, model: 01, stepping: 00)
[    0.151345] Performance Events: AMD PMU driver.
[    0.151353] ... version:                0
[    0.151356] ... bit width:              48
[    0.151360] ... generic registers:      4
[    0.151363] ... value mask:             0000ffffffffffff
[    0.151367] ... max period:             00007fffffffffff
[    0.151370] ... fixed-purpose events:   0
[    0.151373] ... event mask:             000000000000000f
[    0.151727] MCE: In-kernel MCE decoding enabled.
[    0.151817] NMI watchdog: enabled on all CPUs, permanently consumes one hw-PMU counter.
[    0.151946] x86: Booting SMP configuration:
[    0.151951] .... node  #0, CPUs:      #1
[    0.165172] TSC synchronization [CPU#0 -> CPU#1]:
[    0.165177] Measured 403360600 cycles TSC warp between CPUs, turning off TSC clock.
[    0.165185] tsc: Marking TSC unstable due to check_tsc_sync_source failed
[    0.165354]  #2 #3
[    0.187850] x86: Booted up 1 node, 4 CPUs
[    0.187857] smpboot: Total of 4 processors activated (11180.37 BogoMIPS)
[    0.087175] devtmpfs: initialized
[    0.087175] device: 'platform': device_add
[    0.087175] bus: 'platform': registered
[    0.087175] bus: 'cpu': registered
[    0.087175] device: 'cpu': device_add
[    0.087175] bus: 'container': registered
[    0.087175] device: 'container': device_add
[    0.088177] bus: 'workqueue': registered
[    0.088183] device: 'workqueue': device_add
[    0.088260] kworker/u8:0 (31) used greatest stack depth: 14912 bytes left
[    0.088427] atomic64_test: passed for x86-64 platform with CX8 and with SSE
[    0.088437] device class 'regulator': registering
[    0.088471] Registering platform device 'reg-dummy'. Parent at platform
[    0.088475] device: 'reg-dummy': device_add
[    0.088484] bus: 'platform': add device reg-dummy
[    0.088509] bus: 'platform': add driver reg-dummy
[    0.088517] bus: 'platform': driver_probe_device: matched device reg-dummy with driver reg-dummy
[    0.088523] bus: 'platform': really_probe: probing driver reg-dummy with device reg-dummy
[    0.088534] device: 'regulator.0': device_add
[    0.088565] regulator-dummy: no parameters
[    0.088580] driver: 'reg-dummy': driver_bound: bound to device 'reg-dummy'
[    0.088585] bus: 'platform': really_probe: bound device reg-dummy to driver reg-dummy
[    0.088667] NET: Registered protocol family 16
[    0.088919] device class 'bdi': registering
[    0.088939] bus: 'platform': add driver ramoops
[    0.088964] device class 'pci_bus': registering
[    0.088994] bus: 'pci': registered
[    0.089008] device class 'backlight': registering
[    0.089021] device class 'tty': registering
[    0.089035] device class 'vtconsole': registering
[    0.089050] device: 'vtcon0': device_add
[    0.089097] bus: 'node': registered
[    0.089106] device: 'node': device_add
[    0.089024] kworker/u8:0 (41) used greatest stack depth: 14832 bytes left
[    0.089146] bus: 'i2c': registered
[    0.089154] bus: 'i2c': add driver dummy
[    0.089168] i2c-core: driver [dummy] registered
[    0.089174] cpuidle: using governor ladder
[    0.089179] cpuidle: using governor menu
[    0.089087] kworker/u8:0 (42) used greatest stack depth: 14144 bytes left
[    0.089615] ACPI FADT declares the system doesn't support PCIe ASPM, so disable it
[    0.089621] ACPI: bus type PCI registered
[    0.089626] acpiphp: ACPI Hot Plug PCI Controller Driver version: 0.5
[    0.089631] device class 'dmi': registering
[    0.089644] device: 'id': device_add
[    0.089769] PCI: MMCONFIG for domain 0000 [bus 00-3f] at [mem 0xf8000000-0xfbffffff] (base 0xf8000000)
[    0.089776] PCI: not using MMCONFIG
[    0.089780] PCI: Using configuration type 1 for base access
[    0.089783] PCI: Using configuration type 1 for extended access
[    0.090034] device: 'node0': device_add
[    0.090041] bus: 'node': add device node0
[    0.090075] device: 'cpu0': device_add
[    0.090082] bus: 'cpu': add device cpu0
[    0.090125] device: 'cpu1': device_add
[    0.090132] bus: 'cpu': add device cpu1
[    0.090175] device: 'cpu2': device_add
[    0.090182] bus: 'cpu': add device cpu2
[    0.090223] device: 'cpu3': device_add
[    0.090229] bus: 'cpu': add device cpu3
[    0.090271] mtrr: your CPUs had inconsistent variable MTRR settings
[    0.090275] mtrr: probably your BIOS does not setup all CPUs.
[    0.090278] mtrr: corrected configuration.
[    0.096072] device: 'writeback': device_add
[    0.096072] bus: 'workqueue': add device writeback
[    0.096100] device: 'default': device_add
[    0.096217] device class 'block': registering
[    0.096217] device class 'graphics': registering
[    0.096217] ACPI: Added _OSI(Module Device)
[    0.096217] ACPI: Added _OSI(Processor Device)
[    0.096217] ACPI: Added _OSI(3.0 _SCP Extensions)
[    0.096217] ACPI: Added _OSI(Processor Aggregator Device)
[    0.099567] 
**** Context Switch from TID 4294967295 to TID 406061056 ****

[    0.099578]     utils-0051 util_eval_error       : Evaluate [\_SB_.PCI0.LPC0.EC0_._GLK]: AE_NOT_FOUND
[    0.099997] Executing  Method       \_SB_.PCI0.LPC0.EC0_._REG
[    0.100693] Executing  Method       \_SB_.PCI0.LPC0.EC0_._REG
[    0.100718] Executing  Method       \_SB_.PCI0.LPC0.EC0_._REG
[    0.100798] Executing  Method       \_SB_.PCI0.LPC0.EC0_._REG
[    0.104075] Initializing Region       \_SB_.OSTY
[    0.104108] Initializing Region       \_SB_.PCI0.NBMS
[    0.104128] Initializing Region       \_SB_.PCI0.NBXP
[    0.104151] Initializing Region       \_SB_.PCI0.K8ST
[    0.104211] Initializing Region       \_SB_.PCI0.BAR1
[    0.104244] Initializing Region       \_SB_.PCI0.PB2_.XPEX
[    0.104264] Initializing Region       \_SB_.PCI0.PB2_.PCFG
[    0.104283] Initializing Region       \_SB_.PCI0.PB2_.XPCB
[    0.104303] Initializing Region       \_SB_.PCI0.PB2_.XPRI
[    0.104327] Initializing Region       \_SB_.PCI0.PB2_.VGA_.PCFG
[    0.104409] Initializing Region       \_SB_.PCI0.PB2_.HDAU.PCFG
[    0.104444] Initializing Region       \_SB_.PCI0.PB3_.XPEX
[    0.104462] Initializing Region       \_SB_.PCI0.PB3_.PCFG
[    0.104481] Initializing Region       \_SB_.PCI0.PB3_.XPCB
[    0.104502] Initializing Region       \_SB_.PCI0.PB3_.XPRI
[    0.104526] Initializing Region       \_SB_.PCI0.PB3_.VGA_.PCFG
[    0.104617] Initializing Region       \_SB_.PCI0.PB3_.HDAU.PCFG
[    0.104650] Initializing Region       \_SB_.PCI0.PB4_.XPEX
[    0.104669] Initializing Region       \_SB_.PCI0.PB4_.PCFG
[    0.104689] Initializing Region       \_SB_.PCI0.PB4_.XPCB
[    0.104709] Initializing Region       \_SB_.PCI0.PB4_.XPRI
[    0.104733] Initializing Region       \_SB_.PCI0.PB4_.XPDV.PCFG
[    0.104766] Initializing Region       \_SB_.PCI0.PB5_.XPEX
[    0.104785] Initializing Region       \_SB_.PCI0.PB5_.PCFG
[    0.104804] Initializing Region       \_SB_.PCI0.PB5_.XPCB
[    0.104824] Initializing Region       \_SB_.PCI0.PB5_.XPRI
[    0.104848] Initializing Region       \_SB_.PCI0.PB5_.XPDV.PCFG
[    0.104882] Initializing Region       \_SB_.PCI0.PB6_.XPEX
[    0.104900] Initializing Region       \_SB_.PCI0.PB6_.PCFG
[    0.104920] Initializing Region       \_SB_.PCI0.PB6_.XPCB
[    0.104940] Initializing Region       \_SB_.PCI0.PB6_.XPRI
[    0.104963] Initializing Region       \_SB_.PCI0.PB6_.XPDV.PCFG
[    0.104997] Initializing Region       \_SB_.PCI0.PB7_.XPEX
[    0.105019] Initializing Region       \_SB_.PCI0.PB7_.PCFG
[    0.105039] Initializing Region       \_SB_.PCI0.PB7_.XPCB
[    0.105059] Initializing Region       \_SB_.PCI0.PB7_.XPRI
[    0.105083] Initializing Region       \_SB_.PCI0.PB7_.XPDV.PCFG
[    0.105380] Initializing Region       \_SB_.PCI0.SATC
[    0.105399] Initializing Region       \_SB_.PCI0.RMEM
[    0.105496] Initializing Region       \_SB_.PCI0.SATA.SATX
[    0.105523] Initializing Region       \_SB_.PCI0.SATA.BAR5
[    0.109237] Initializing Region       \_SB_.PCI0.SMB_.SBRV
[    0.109271] Initializing Region       \_SB_.PCI0.SMB_.PMIO
[    0.109292] Initializing Region       \_SB_.PCI0.SMB_.ERMM
[    0.109493] Initializing Region       \_SB_.PCI0.SMB_.P1E0
[    0.109572] Initializing Region       \_SB_.PCI0.SMB_.ABIO
[    0.109594] Initializing Region       \_SB_.PCI0.SMB_.SMB0
[    0.109617] Initializing Region       \_SB_.PCI0.LPC0.PIRQ
[    0.109692] Initializing Region       \_SB_.PCI0.LPC0.LPCR
[    0.109794] Initializing Region       \_SB_.PCI0.LPC0.LPCS
[    0.109825] Initializing Region       \_SB_.PCI0.LPC0.SMI0
[    0.109844] Initializing Region       \_SB_.PCI0.LPC0.SMI1
[    0.109871] Initializing Region       \_SB_.PCI0.LPC0.EC0_.ECO1
[    0.109889] Initializing Region       \_SB_.PCI0.LPC0.EC0_.ECO2
[    0.109889] Initializing Region       \_SB_.PCI0.LPC0.EC0_.ECMB
[    0.109889] Initializing Region       \_SB_.PCI0.LPC0.EC0_.RAM_
[    0.109889] Initializing Region       \_SB_.PCI0.LPC0.EC0_.CMOS
[    0.109889] Initializing Region       \_SB_.PCI0.LPC0.EC0_.VPC0.ERAM
[    0.109889] Initializing Region       \_SB_.PCI0.SPB0.PCFG
[    0.109889] Initializing Region       \_SB_.PCI0.SPB0.XPCB
[    0.109889] Initializing Region       \_SB_.PCI0.SPB0.XPDV.PCFG
[    0.109889] Initializing Region       \_SB_.PCI0.SPB1.PCFG
[    0.109889] Initializing Region       \_SB_.PCI0.SPB1.XPCB
[    0.109889] Initializing Region       \_SB_.PCI0.SPB1.XPDV.PCFG
[    0.109889] Initializing Region       \_SB_.PCI0.SPB2.PCFG
[    0.109889] Initializing Region       \_SB_.PCI0.SPB2.XPCB
[    0.109889] Initializing Region       \_SB_.PCI0.SPB2.XPDV.PCFG
[    0.109889] Initializing Region       \_SB_.PCI0.SPB3.PCFG
[    0.109889] Initializing Region       \_SB_.PCI0.SPB3.XPCB
[    0.109889] Initializing Region       \_SB_.PCI0.SPB3.XPDV.PCFG
[    0.109889] Initializing Region       \_SB_.PCI0.VGA_.REVD
[    0.110007] Initializing BufferField  \_SB_.AMW0.WLID
[    0.110470] Initializing Region       \DEB2
[    0.110490] Initializing Region       \PMIO
[    0.110509] Initializing Region       \P01_
[    0.110554] Initializing Region       \CNVS
[    0.110585] Initializing Region       \SPRT
[    0.110620] Initializing Region       \CMIO
[    0.110784] Executing  Method       \_SB_._STA
[    0.110793] Executing  Method       \_SB_._INI
[    0.110800] Executing  Method       \_SB_.PCI0._STA
[    0.110807] Executing  Method       \_SB_.PCI0._INI
[    0.111078] [Firmware Bug]: ACPI: BIOS _OSI(Linux) query ignored
[    0.111492] Executing  Method       \_SB_.PCI0.SATA._STA
[    0.111502] Executing  Method       \_SB_.PCI0.SATA._INI
[    0.112407] Executing  Method       \_SB_.PCI0.LPC0.EC0_._REG
[    0.144203] ACPI: Interpreter enabled
[    0.144411] ACPI: (supports S0 S5)
[    0.144415] ACPI: Using IOAPIC for interrupt routing
[    0.144771] PCI: MMCONFIG for domain 0000 [bus 00-3f] at [mem 0xf8000000-0xfbffffff] (base 0xf8000000)
[    0.145560] PCI: MMCONFIG at [mem 0xf8000000-0xfbffffff] reserved in ACPI motherboard resources
[    0.146000] bus: 'acpi': registered
[    0.146000] PCI: Using host bridge windows from ACPI; if necessary, use "pci=nocrs" and report a bug
[    0.146000]      scan-1133 get_device_data       : No context for object [ffffffffffffffff]
[    0.146000]     utils-0051 util_eval_error       : Evaluate [\._STA]: AE_NOT_FOUND
[    0.146000] device: 'LNXSYSTM:00': device_add
[    0.146000] bus: 'acpi': add device LNXSYSTM:00
[    0.146000]     utils-0051 util_eval_error       : Evaluate [\._SUN]: AE_NOT_FOUND
[    0.146055]      scan-1922 add_single_object     : Added LNXSYSTM:00 [\] parent (null)
[    0.146055]      scan-1133 get_device_data       : No context for object [ffff88041d81d000]
[    0.146055]      scan-1133 get_device_data       : No context for object [ffff88041d8377d0]
[    0.146055]      scan-1133 get_device_data       : No context for object [ffff88041d8377f8]
[    0.146055]      scan-1133 get_device_data       : No context for object [ffff88041d837820]
[    0.146055]      scan-1133 get_device_data       : No context for object [ffff88041d837848]
[    0.146055]      scan-1133 get_device_data       : No context for object [ffff88041d837870]
[    0.146055]      scan-1133 get_device_data       : No context for object [ffff88041d837898]
[    0.146055]      scan-1133 get_device_data       : No context for object [ffff88041d8378c0]
[    0.146055]      scan-1133 get_device_data       : No context for object [ffff88041d8378e8]
[    0.146055]      scan-1133 get_device_data       : No context for object [ffff88041d839398]
[    0.146055]      scan-1133 get_device_data       : No context for object [ffff88041d81d028]
[    0.146055]      scan-1133 get_device_data       : No context for object [ffff88041d81d168]
[    0.146055]     utils-0051 util_eval_error       : Evaluate [\_PR_.C000._STA]: AE_NOT_FOUND
[    0.146055]      scan-1133 get_device_data       : No context for object [ffff88041d81d028]
[    0.146055] device: 'LNXCPU:00': device_add
[    0.146055] bus: 'acpi': add device LNXCPU:00
[    0.146055]     utils-0051 util_eval_error       : Evaluate [\_PR_.C000._SUN]: AE_NOT_FOUND
[    0.146079]      scan-1922 add_single_object     : Added LNXCPU:00 [\_PR_.C000] parent LNXSYSTM:00
[    0.146079]      scan-1133 get_device_data       : No context for object [ffff88041d83c398]
[    0.146079]      scan-1133 get_device_data       : No context for object [ffff88041d83c3c0]
[    0.146079]      scan-1133 get_device_data       : No context for object [ffff88041d83c3e8]
[    0.146079]      scan-1133 get_device_data       : No context for object [ffff88041d83c410]
[    0.146079]      scan-1133 get_device_data       : No context for object [ffff88041d83c438]
[    0.146079]      scan-1133 get_device_data       : No context for object [ffff88041d83c460]
[    0.146079]      scan-1133 get_device_data       : No context for object [ffff88041d81d190]
[    0.146086]     utils-0051 util_eval_error       : Evaluate [\_PR_.C001._STA]: AE_NOT_FOUND
[    0.146093]      scan-1133 get_device_data       : No context for object [ffff88041d81d028]
[    0.146109] device: 'LNXCPU:01': device_add
[    0.146116] bus: 'acpi': add device LNXCPU:01
[    0.146134]     utils-0051 util_eval_error       : Evaluate [\_PR_.C001._SUN]: AE_NOT_FOUND
[    0.146151]      scan-1922 add_single_object     : Added LNXCPU:01 [\_PR_.C001] parent LNXSYSTM:00
[    0.146162]      scan-1133 get_device_data       : No context for object [ffff88041d83c488]
[    0.146170]      scan-1133 get_device_data       : No context for object [ffff88041d83c4b0]
[    0.146177]      scan-1133 get_device_data       : No context for object [ffff88041d83c4d8]
[    0.146184]      scan-1133 get_device_data       : No context for object [ffff88041d83c500]
[    0.146191]      scan-1133 get_device_data       : No context for object [ffff88041d83c528]
[    0.146198]      scan-1133 get_device_data       : No context for object [ffff88041d83c550]
[    0.146205]      scan-1133 get_device_data       : No context for object [ffff88041d81d1b8]
[    0.146213]     utils-0051 util_eval_error       : Evaluate [\_PR_.C002._STA]: AE_NOT_FOUND
[    0.146220]      scan-1133 get_device_data       : No context for object [ffff88041d81d028]
[    0.146236] device: 'LNXCPU:02': device_add
[    0.146242] bus: 'acpi': add device LNXCPU:02
[    0.146260]     utils-0051 util_eval_error       : Evaluate [\_PR_.C002._SUN]: AE_NOT_FOUND
[    0.146277]      scan-1922 add_single_object     : Added LNXCPU:02 [\_PR_.C002] parent LNXSYSTM:00
[    0.146288]      scan-1133 get_device_data       : No context for object [ffff88041d83c578]
[    0.146295]      scan-1133 get_device_data       : No context for object [ffff88041d83c5a0]
[    0.146302]      scan-1133 get_device_data       : No context for object [ffff88041d83c5c8]
[    0.146309]      scan-1133 get_device_data       : No context for object [ffff88041d83c5f0]
[    0.146316]      scan-1133 get_device_data       : No context for object [ffff88041d83c618]
[    0.146323]      scan-1133 get_device_data       : No context for object [ffff88041d83c640]
[    0.146330]      scan-1133 get_device_data       : No context for object [ffff88041d81d1e0]
[    0.146338]     utils-0051 util_eval_error       : Evaluate [\_PR_.C003._STA]: AE_NOT_FOUND
[    0.146345]      scan-1133 get_device_data       : No context for object [ffff88041d81d028]
[    0.146361] device: 'LNXCPU:03': device_add
[    0.146367] bus: 'acpi': add device LNXCPU:03
[    0.146388]     utils-0051 util_eval_error       : Evaluate [\_PR_.C003._SUN]: AE_NOT_FOUND
[    0.146405]      scan-1922 add_single_object     : Added LNXCPU:03 [\_PR_.C003] parent LNXSYSTM:00
[    0.146415]      scan-1133 get_device_data       : No context for object [ffff88041d83c668]
[    0.146422]      scan-1133 get_device_data       : No context for object [ffff88041d83c690]
[    0.146429]      scan-1133 get_device_data       : No context for object [ffff88041d83c6b8]
[    0.146436]      scan-1133 get_device_data       : No context for object [ffff88041d83c6e0]
[    0.146443]      scan-1133 get_device_data       : No context for object [ffff88041d83c708]
[    0.146450]      scan-1133 get_device_data       : No context for object [ffff88041d83c730]
[    0.146457]      scan-1133 get_device_data       : No context for object [ffff88041d81d050]
[    0.146467]     utils-0051 util_eval_error       : Evaluate [\_SB_._STA]: AE_NOT_FOUND
[    0.146518] device: 'LNXSYBUS:00': device_add
[    0.146524] bus: 'acpi': add device LNXSYBUS:00
[    0.146543]     utils-0051 util_eval_error       : Evaluate [\_SB_._SUN]: AE_NOT_FOUND
[    0.146560]      scan-1922 add_single_object     : Added LNXSYBUS:00 [\_SB_] parent LNXSYSTM:00
[    0.146574]      scan-1133 get_device_data       : No context for object [ffff88041d81d3c0]
[    0.146582]      scan-1133 get_device_data       : No context for object [ffff88041d81d3e8]
[    0.146589]      scan-1133 get_device_data       : No context for object [ffff88041d81d410]
[    0.146596]      scan-1133 get_device_data       : No context for object [ffff88041d81d438]
[    0.146602]      scan-1133 get_device_data       : No context for object [ffff88041d81d460]
[    0.146609]      scan-1133 get_device_data       : No context for object [ffff88041d81d488]
[    0.146616]      scan-1133 get_device_data       : No context for object [ffff88041d81d4b0]
[    0.146623]      scan-1133 get_device_data       : No context for object [ffff88041d81d5a0]
[    0.146631]     utils-0051 util_eval_error       : Evaluate [\_SB_.PWRB._STA]: AE_NOT_FOUND
[    0.146673] device: 'PNP0C0C:00': device_add
[    0.146679] bus: 'acpi': add device PNP0C0C:00
[    0.146697]     utils-0051 util_eval_error       : Evaluate [\_SB_.PWRB._SUN]: AE_NOT_FOUND
[    0.147015]      scan-1922 add_single_object     : Added PNP0C0C:00 [\_SB_.PWRB] parent LNXSYBUS:00
[    0.147015]      scan-1133 get_device_data       : No context for object [ffff88041d81d5c8]
[    0.147015]      scan-1133 get_device_data       : No context for object [ffff88041d81d5f0]
[    0.147015]     utils-0051 util_eval_error       : Evaluate [\_SB_.PCI0._STA]: AE_NOT_FOUND
[    0.147015] device: 'PNP0A08:00': device_add
[    0.147015] bus: 'acpi': add device PNP0A08:00
[    0.147015]     utils-0051 util_eval_error       : Evaluate [\_SB_.PCI0._SUN]: AE_NOT_FOUND
[    0.147023]      scan-1922 add_single_object     : Added PNP0A08:00 [\_SB_.PCI0] parent LNXSYBUS:00
[    0.147023]      scan-1133 get_device_data       : No context for object [ffff88041d81d618]
[    0.147023]      scan-1133 get_device_data       : No context for object [ffff88041d81d640]
[    0.147023]      scan-1133 get_device_data       : No context for object [ffff88041d81d668]
[    0.147023]      scan-1133 get_device_data       : No context for object [ffff88041d81d690]
[    0.147023]      scan-1133 get_device_data       : No context for object [ffff88041d81d6b8]
[    0.147023]      scan-1133 get_device_data       : No context for object [ffff88041d81d6e0]
[    0.147023]      scan-1133 get_device_data       : No context for object [ffff88041d81d708]
[    0.147023]      scan-1133 get_device_data       : No context for object [ffff88041d81d730]
[    0.147023]      scan-1133 get_device_data       : No context for object [ffff88041d81d758]
[    0.147023]      scan-1133 get_device_data       : No context for object [ffff88041d81d780]
[    0.147023]      scan-1133 get_device_data       : No context for object [ffff88041d81d7a8]
[    0.147023]      scan-1133 get_device_data       : No context for object [ffff88041d81d7d0]
[    0.147023]      scan-1133 get_device_data       : No context for object [ffff88041d81d7f8]
[    0.147023]      scan-1133 get_device_data       : No context for object [ffff88041d81d820]
[    0.147023]      scan-1133 get_device_data       : No context for object [ffff88041d81d848]
[    0.147023]      scan-1133 get_device_data       : No context for object [ffff88041d81d870]
[    0.147023]      scan-1133 get_device_data       : No context for object [ffff88041d81d898]
[    0.147023]      scan-1133 get_device_data       : No context for object [ffff88041d81d8c0]
[    0.147023]      scan-1133 get_device_data       : No context for object [ffff88041d81d8e8]
[    0.147023]      scan-1133 get_device_data       : No context for object [ffff88041d81d910]
[    0.147023]      scan-1133 get_device_data       : No context for object [ffff88041d81d938]
[    0.147023]      scan-1133 get_device_data       : No context for object [ffff88041d81d960]
[    0.147025]      scan-1133 get_device_data       : No context for object [ffff88041d81d988]
[    0.147032]      scan-1133 get_device_data       : No context for object [ffff88041d81d9b0]
[    0.147038]      scan-1133 get_device_data       : No context for object [ffff88041d81d9d8]
[    0.147045]      scan-1133 get_device_data       : No context for object [ffff88041d81da00]
[    0.147052]      scan-1133 get_device_data       : No context for object [ffff88041d81da28]
[    0.147059]      scan-1133 get_device_data       : No context for object [ffff88041d81da50]
[    0.147065]      scan-1133 get_device_data       : No context for object [ffff88041d81da78]
[    0.147072]      scan-1133 get_device_data       : No context for object [ffff88041d81daa0]
[    0.147079]      scan-1133 get_device_data       : No context for object [ffff88041d81dac8]
[    0.147086]      scan-1133 get_device_data       : No context for object [ffff88041d81daf0]
[    0.147093]      scan-1133 get_device_data       : No context for object [ffff88041d81db18]
[    0.147099]      scan-1133 get_device_data       : No context for object [ffff88041d81db40]
[    0.147106]      scan-1133 get_device_data       : No context for object [ffff88041d81db68]
[    0.147113]      scan-1133 get_device_data       : No context for object [ffff88041d81db90]
[    0.147120]      scan-1133 get_device_data       : No context for object [ffff88041d81dbb8]
[    0.147127]      scan-1133 get_device_data       : No context for object [ffff88041d81dbe0]
[    0.147133]      scan-1133 get_device_data       : No context for object [ffff88041d81dc08]
[    0.147140]      scan-1133 get_device_data       : No context for object [ffff88041d81dc30]
[    0.147147]      scan-1133 get_device_data       : No context for object [ffff88041d81dc58]
[    0.147154]      scan-1133 get_device_data       : No context for object [ffff88041d81dc80]
[    0.147160]      scan-1133 get_device_data       : No context for object [ffff88041d81dca8]
[    0.147167]      scan-1133 get_device_data       : No context for object [ffff88041d81dcd0]
[    0.147174]      scan-1133 get_device_data       : No context for object [ffff88041d81dcf8]
[    0.147181]      scan-1133 get_device_data       : No context for object [ffff88041d81dd20]
[    0.147188]      scan-1133 get_device_data       : No context for object [ffff88041d81dd48]
[    0.147194]      scan-1133 get_device_data       : No context for object [ffff88041d81dd70]
[    0.147201]      scan-1133 get_device_data       : No context for object [ffff88041d81dd98]
[    0.147208]      scan-1133 get_device_data       : No context for object [ffff88041d81ddc0]
[    0.147215]      scan-1133 get_device_data       : No context for object [ffff88041d81dde8]
[    0.147222]      scan-1133 get_device_data       : No context for object [ffff88041d81de10]
[    0.147228]      scan-1133 get_device_data       : No context for object [ffff88041d81de38]
[    0.147235]      scan-1133 get_device_data       : No context for object [ffff88041d81de60]
[    0.147242]      scan-1133 get_device_data       : No context for object [ffff88041d81de88]
[    0.147249]      scan-1133 get_device_data       : No context for object [ffff88041d81deb0]
[    0.147255]      scan-1133 get_device_data       : No context for object [ffff88041d81ded8]
[    0.147262]      scan-1133 get_device_data       : No context for object [ffff88041d81df00]
[    0.147269]      scan-1133 get_device_data       : No context for object [ffff88041d81df28]
[    0.147276]      scan-1133 get_device_data       : No context for object [ffff88041d81df50]
[    0.147283]      scan-1133 get_device_data       : No context for object [ffff88041d81df78]
[    0.147289]      scan-1133 get_device_data       : No context for object [ffff88041d81dfa0]
[    0.147296]      scan-1133 get_device_data       : No context for object [ffff88041d81dfc8]
[    0.147303]      scan-1133 get_device_data       : No context for object [ffff88041d822000]
[    0.147310]      scan-1133 get_device_data       : No context for object [ffff88041d822028]
[    0.147319]     utils-0051 util_eval_error       : Evaluate [\_SB_.PCI0.MEMR._STA]: AE_NOT_FOUND
[    0.147360] device: 'PNP0C02:00': device_add
[    0.147367] bus: 'acpi': add device PNP0C02:00
[    0.147386]     utils-0051 util_eval_error       : Evaluate [\_SB_.PCI0.MEMR._SUN]: AE_NOT_FOUND
[    0.147402]      scan-1922 add_single_object     : Added PNP0C02:00 [\_SB_.PCI0.MEMR] parent PNP0A08:00
[    0.147416]      scan-1133 get_device_data       : No context for object [ffff88041d822050]
[    0.147423]      scan-1133 get_device_data       : No context for object [ffff88041d822078]
[    0.147430]      scan-1133 get_device_data       : No context for object [ffff88041d8220a0]
[    0.147438]      scan-1133 get_device_data       : No context for object [ffff88041d8220c8]
[    0.147445]      scan-1133 get_device_data       : No context for object [ffff88041d8220f0]
[    0.147452]      scan-1133 get_device_data       : No context for object [ffff88041d822118]
[    0.147458]      scan-1133 get_device_data       : No context for object [ffff88041d822140]
[    0.147465]      scan-1133 get_device_data       : No context for object [ffff88041d822168]
[    0.147472]      scan-1133 get_device_data       : No context for object [ffff88041d822190]
[    0.147479]      scan-1133 get_device_data       : No context for object [ffff88041d8221b8]
[    0.147486]      scan-1133 get_device_data       : No context for object [ffff88041d8221e0]
[    0.147492]      scan-1133 get_device_data       : No context for object [ffff88041d822208]
[    0.147499]      scan-1133 get_device_data       : No context for object [ffff88041d822230]
[    0.147506]      scan-1133 get_device_data       : No context for object [ffff88041d822258]
[    0.147513]      scan-1133 get_device_data       : No context for object [ffff88041d822280]
[    0.147519]      scan-1133 get_device_data       : No context for object [ffff88041d8222a8]
[    0.147528]     utils-0051 util_eval_error       : Evaluate [\_SB_.PCI0.PB2_._STA]: AE_NOT_FOUND
[    0.147591] device: 'device:00': device_add
[    0.147597] bus: 'acpi': add device device:00
[    0.147619]     utils-0051 util_eval_error       : Evaluate [\_SB_.PCI0.PB2_._SUN]: AE_NOT_FOUND
[    0.148001]      scan-1922 add_single_object     : Added device:00 [\_SB_.PCI0.PB2_] parent PNP0A08:00
[    0.148001]      scan-1133 get_device_data       : No context for object [ffff88041d8222d0]
[    0.148001]      scan-1133 get_device_data       : No context for object [ffff88041d8222f8]
[    0.148001]      scan-1133 get_device_data       : No context for object [ffff88041d822320]
[    0.148001]      scan-1133 get_device_data       : No context for object [ffff88041d822348]
[    0.148001]      scan-1133 get_device_data       : No context for object [ffff88041d822370]
[    0.148001]      scan-1133 get_device_data       : No context for object [ffff88041d822398]
[    0.148001]      scan-1133 get_device_data       : No context for object [ffff88041d8223c0]
[    0.148001]      scan-1133 get_device_data       : No context for object [ffff88041d8223e8]
[    0.148001]      scan-1133 get_device_data       : No context for object [ffff88041d822410]
[    0.148001]      scan-1133 get_device_data       : No context for object [ffff88041d822438]
[    0.148001]      scan-1133 get_device_data       : No context for object [ffff88041d822460]
[    0.148001]      scan-1133 get_device_data       : No context for object [ffff88041d822488]
[    0.148001]      scan-1133 get_device_data       : No context for object [ffff88041d8224b0]
[    0.148001]      scan-1133 get_device_data       : No context for object [ffff88041d8224d8]
[    0.148001]      scan-1133 get_device_data       : No context for object [ffff88041d822500]
[    0.148001]      scan-1133 get_device_data       : No context for object [ffff88041d822528]
[    0.148001]      scan-1133 get_device_data       : No context for object [ffff88041d822550]
[    0.148001]      scan-1133 get_device_data       : No context for object [ffff88041d822578]
[    0.148001]      scan-1133 get_device_data       : No context for object [ffff88041d8225a0]
[    0.148001]      scan-1133 get_device_data       : No context for object [ffff88041d8225c8]
[    0.148001]      scan-1133 get_device_data       : No context for object [ffff88041d8225f0]
[    0.148001]      scan-1133 get_device_data       : No context for object [ffff88041d822618]
[    0.148001]      scan-1133 get_device_data       : No context for object [ffff88041d822640]
[    0.148001]      scan-1133 get_device_data       : No context for object [ffff88041d822668]
[    0.148001]      scan-1133 get_device_data       : No context for object [ffff88041d822690]
[    0.148001]      scan-1133 get_device_data       : No context for object [ffff88041d8226b8]
[    0.148001]      scan-1133 get_device_data       : No context for object [ffff88041d8226e0]
[    0.148001]      scan-1133 get_device_data       : No context for object [ffff88041d822708]
[    0.148001]      scan-1133 get_device_data       : No context for object [ffff88041d822730]
[    0.148001]      scan-1133 get_device_data       : No context for object [ffff88041d822758]
[    0.148001]      scan-1133 get_device_data       : No context for object [ffff88041d822780]
[    0.148001]     utils-0051 util_eval_error       : Evaluate [\_SB_.PCI0.PB2_.VGA_._STA]: AE_NOT_FOUND
[    0.148001] device: 'device:01': device_add
[    0.148001] bus: 'acpi': add device device:01
[    0.148001]     utils-0051 util_eval_error       : Evaluate [\_SB_.PCI0.PB2_.VGA_._SUN]: AE_NOT_FOUND
[    0.148016]      scan-1922 add_single_object     : Added device:01 [\_SB_.PCI0.PB2_.VGA_] parent device:00
[    0.148016]      scan-1133 get_device_data       : No context for object [ffff88041d8227a8]
[    0.148016]      scan-1133 get_device_data       : No context for object [ffff88041d8227d0]
[    0.148016]      scan-1133 get_device_data       : No context for object [ffff88041d8227f8]
[    0.148016]      scan-1133 get_device_data       : No context for object [ffff88041d822820]
[    0.148016]      scan-1133 get_device_data       : No context for object [ffff88041d822848]
[    0.148016]      scan-1133 get_device_data       : No context for object [ffff88041d822870]
[    0.148016]      scan-1133 get_device_data       : No context for object [ffff88041d822898]
[    0.148016]      scan-1133 get_device_data       : No context for object [ffff88041d8228c0]
[    0.148021]      scan-1133 get_device_data       : No context for object [ffff88041d8228e8]
[    0.148028]      scan-1133 get_device_data       : No context for object [ffff88041d822910]
[    0.148034]      scan-1133 get_device_data       : No context for object [ffff88041d822938]
[    0.148041]      scan-1133 get_device_data       : No context for object [ffff88041d822960]
[    0.148048]      scan-1133 get_device_data       : No context for object [ffff88041d822988]
[    0.148055]      scan-1133 get_device_data       : No context for object [ffff88041d8229b0]
[    0.148062]      scan-1133 get_device_data       : No context for object [ffff88041d8229d8]
[    0.148068]      scan-1133 get_device_data       : No context for object [ffff88041d822a00]
[    0.148075]      scan-1133 get_device_data       : No context for object [ffff88041d822a28]
[    0.148082]      scan-1133 get_device_data       : No context for object [ffff88041d822a50]
[    0.148089]      scan-1133 get_device_data       : No context for object [ffff88041d822a78]
[    0.148095]      scan-1133 get_device_data       : No context for object [ffff88041d822aa0]
[    0.148102]      scan-1133 get_device_data       : No context for object [ffff88041d822ac8]
[    0.148109]      scan-1133 get_device_data       : No context for object [ffff88041d822af0]
[    0.148116]      scan-1133 get_device_data       : No context for object [ffff88041d822b18]
[    0.148123]      scan-1133 get_device_data       : No context for object [ffff88041d822b40]
[    0.148129]      scan-1133 get_device_data       : No context for object [ffff88041d822b68]
[    0.148136]      scan-1133 get_device_data       : No context for object [ffff88041d822b90]
[    0.148143]      scan-1133 get_device_data       : No context for object [ffff88041d822bb8]
[    0.148150]      scan-1133 get_device_data       : No context for object [ffff88041d822be0]
[    0.148156]      scan-1133 get_device_data       : No context for object [ffff88041d822c08]
[    0.148163]      scan-1133 get_device_data       : No context for object [ffff88041d822c30]
[    0.148170]      scan-1133 get_device_data       : No context for object [ffff88041d822c58]
[    0.148177]      scan-1133 get_device_data       : No context for object [ffff88041d822c80]
[    0.148184]      scan-1133 get_device_data       : No context for object [ffff88041d822ca8]
[    0.148190]      scan-1133 get_device_data       : No context for object [ffff88041d822cd0]
[    0.148197]      scan-1133 get_device_data       : No context for object [ffff88041d822cf8]
[    0.148204]      scan-1133 get_device_data       : No context for object [ffff88041d822d20]
[    0.148211]      scan-1133 get_device_data       : No context for object [ffff88041d822d48]
[    0.148218]      scan-1133 get_device_data       : No context for object [ffff88041d822d70]
[    0.148224]      scan-1133 get_device_data       : No context for object [ffff88041d822d98]
[    0.148231]      scan-1133 get_device_data       : No context for object [ffff88041d837438]
[    0.148238]      scan-1133 get_device_data       : No context for object [ffff88041d822dc0]
[    0.148247]     utils-0051 util_eval_error       : Evaluate [\_SB_.PCI0.PB2_.HDAU._STA]: AE_NOT_FOUND
[    0.148288] device: 'device:02': device_add
[    0.148295] bus: 'acpi': add device device:02
[    0.148313]     utils-0051 util_eval_error       : Evaluate [\_SB_.PCI0.PB2_.HDAU._SUN]: AE_NOT_FOUND
[    0.148329]      scan-1922 add_single_object     : Added device:02 [\_SB_.PCI0.PB2_.HDAU] parent device:00
[    0.148340]      scan-1133 get_device_data       : No context for object [ffff88041d822de8]
[    0.148347]      scan-1133 get_device_data       : No context for object [ffff88041d822e10]
[    0.148354]      scan-1133 get_device_data       : No context for object [ffff88041d822e38]
[    0.148361]      scan-1133 get_device_data       : No context for object [ffff88041d822e60]
[    0.148368]      scan-1133 get_device_data       : No context for object [ffff88041d822e88]
[    0.148375]      scan-1133 get_device_data       : No context for object [ffff88041d822eb0]
[    0.148382]      scan-1133 get_device_data       : No context for object [ffff88041d822ed8]
[    0.148391]     utils-0051 util_eval_error       : Evaluate [\_SB_.PCI0.PB3_._STA]: AE_NOT_FOUND
[    0.148494] device: 'device:03': device_add
[    0.148501] bus: 'acpi': add device device:03
[    0.148522]     utils-0051 util_eval_error       : Evaluate [\_SB_.PCI0.PB3_._SUN]: AE_NOT_FOUND
[    0.148539]      scan-1922 add_single_object     : Added device:03 [\_SB_.PCI0.PB3_] parent PNP0A08:00
[    0.148551]      scan-1133 get_device_data       : No context for object [ffff88041d822f00]
[    0.148558]      scan-1133 get_device_data       : No context for object [ffff88041d822f28]
[    0.148565]      scan-1133 get_device_data       : No context for object [ffff88041d822f50]
[    0.148572]      scan-1133 get_device_data       : No context for object [ffff88041d822f78]
[    0.148579]      scan-1133 get_device_data       : No context for object [ffff88041d822fa0]
[    0.148586]      scan-1133 get_device_data       : No context for object [ffff88041d822fc8]
[    0.148593]      scan-1133 get_device_data       : No context for object [ffff88041d823000]
[    0.148600]      scan-1133 get_device_data       : No context for object [ffff88041d823028]
[    0.148606]      scan-1133 get_device_data       : No context for object [ffff88041d823050]
[    0.148613]      scan-1133 get_device_data       : No context for object [ffff88041d823078]
[    0.148620]      scan-1133 get_device_data       : No context for object [ffff88041d8230a0]
[    0.148627]      scan-1133 get_device_data       : No context for object [ffff88041d8230c8]
[    0.148634]      scan-1133 get_device_data       : No context for object [ffff88041d8230f0]
[    0.148641]      scan-1133 get_device_data       : No context for object [ffff88041d823118]
[    0.148648]      scan-1133 get_device_data       : No context for object [ffff88041d823140]
[    0.148654]      scan-1133 get_device_data       : No context for object [ffff88041d823168]
[    0.148661]      scan-1133 get_device_data       : No context for object [ffff88041d823190]
[    0.148668]      scan-1133 get_device_data       : No context for object [ffff88041d8231b8]
[    0.148675]      scan-1133 get_device_data       : No context for object [ffff88041d8231e0]
[    0.148682]      scan-1133 get_device_data       : No context for object [ffff88041d823208]
[    0.148688]      scan-1133 get_device_data       : No context for object [ffff88041d823230]
[    0.148695]      scan-1133 get_device_data       : No context for object [ffff88041d823258]
[    0.148702]      scan-1133 get_device_data       : No context for object [ffff88041d823280]
[    0.148709]      scan-1133 get_device_data       : No context for object [ffff88041d8232a8]
[    0.148715]      scan-1133 get_device_data       : No context for object [ffff88041d8232d0]
[    0.148722]      scan-1133 get_device_data       : No context for object [ffff88041d8232f8]
[    0.148729]      scan-1133 get_device_data       : No context for object [ffff88041d823320]
[    0.148736]      scan-1133 get_device_data       : No context for object [ffff88041d823348]
[    0.148743]      scan-1133 get_device_data       : No context for object [ffff88041d823370]
[    0.148749]      scan-1133 get_device_data       : No context for object [ffff88041d823398]
[    0.148756]      scan-1133 get_device_data       : No context for object [ffff88041d8233c0]
[    0.148765]     utils-0051 util_eval_error       : Evaluate [\_SB_.PCI0.PB3_.VGA_._STA]: AE_NOT_FOUND
[    0.148803]     video-0058 backlight_cap_match   : Found generic backlight support
[    0.148820] device: 'LNXVIDEO:00': device_add
[    0.148827] bus: 'acpi': add device LNXVIDEO:00
[    0.148847]     utils-0051 util_eval_error       : Evaluate [\_SB_.PCI0.PB3_.VGA_._SUN]: AE_NOT_FOUND
[    0.149016]      scan-1922 add_single_object     : Added LNXVIDEO:00 [\_SB_.PCI0.PB3_.VGA_] parent device:03
[    0.149016]      scan-1133 get_device_data       : No context for object [ffff88041d8233e8]
[    0.149016]      scan-1133 get_device_data       : No context for object [ffff88041d823410]
[    0.149016]      scan-1133 get_device_data       : No context for object [ffff88041d823438]
[    0.149016]      scan-1133 get_device_data       : No context for object [ffff88041d823460]
[    0.149016]      scan-1133 get_device_data       : No context for object [ffff88041d823488]
[    0.149016]      scan-1133 get_device_data       : No context for object [ffff88041d8234b0]
[    0.149016]      scan-1133 get_device_data       : No context for object [ffff88041d8234d8]
[    0.149016]      scan-1133 get_device_data       : No context for object [ffff88041d823500]
[    0.149016]      scan-1133 get_device_data       : No context for object [ffff88041d823528]
[    0.149016]      scan-1133 get_device_data       : No context for object [ffff88041d823550]
[    0.149016]      scan-1133 get_device_data       : No context for object [ffff88041d823578]
[    0.149016]      scan-1133 get_device_data       : No context for object [ffff88041d8235a0]
[    0.149016]      scan-1133 get_device_data       : No context for object [ffff88041d8235c8]
[    0.149016]      scan-1133 get_device_data       : No context for object [ffff88041d8235f0]
[    0.149016]      scan-1133 get_device_data       : No context for object [ffff88041d823618]
[    0.149016]      scan-1133 get_device_data       : No context for object [ffff88041d823640]
[    0.149016]      scan-1133 get_device_data       : No context for object [ffff88041d823668]
[    0.149016]      scan-1133 get_device_data       : No context for object [ffff88041d823690]
[    0.149016]      scan-1133 get_device_data       : No context for object [ffff88041d8236b8]
[    0.149016]      scan-1133 get_device_data       : No context for object [ffff88041d8236e0]
[    0.149016]      scan-1133 get_device_data       : No context for object [ffff88041d823708]
[    0.149023]      scan-1133 get_device_data       : No context for object [ffff88041d823730]
[    0.149030]      scan-1133 get_device_data       : No context for object [ffff88041d823758]
[    0.149037]      scan-1133 get_device_data       : No context for object [ffff88041d823780]
[    0.149043]      scan-1133 get_device_data       : No context for object [ffff88041d8237a8]
[    0.149050]      scan-1133 get_device_data       : No context for object [ffff88041d8237d0]
[    0.149057]      scan-1133 get_device_data       : No context for object [ffff88041d8237f8]
[    0.149063]      scan-1133 get_device_data       : No context for object [ffff88041d823820]
[    0.149070]      scan-1133 get_device_data       : No context for object [ffff88041d823848]
[    0.149077]      scan-1133 get_device_data       : No context for object [ffff88041d823870]
[    0.149083]      scan-1133 get_device_data       : No context for object [ffff88041d823898]
[    0.149090]      scan-1133 get_device_data       : No context for object [ffff88041d8238c0]
[    0.149097]      scan-1133 get_device_data       : No context for object [ffff88041d8238e8]
[    0.149104]      scan-1133 get_device_data       : No context for object [ffff88041d823910]
[    0.149110]      scan-1133 get_device_data       : No context for object [ffff88041d823938]
[    0.149117]      scan-1133 get_device_data       : No context for object [ffff88041d823960]
[    0.149124]      scan-1133 get_device_data       : No context for object [ffff88041d823988]
[    0.149131]      scan-1133 get_device_data       : No context for object [ffff88041d8239b0]
[    0.149138]      scan-1133 get_device_data       : No context for object [ffff88041d8239d8]
[    0.149144]      scan-1133 get_device_data       : No context for object [ffff88041d837460]
[    0.149151]      scan-1133 get_device_data       : No context for object [ffff88041d83ac08]
[    0.149158]      scan-1133 get_device_data       : No context for object [ffff88041d83ac30]
[    0.149165]      scan-1133 get_device_data       : No context for object [ffff88041d83ac58]
[    0.149173]     utils-0051 util_eval_error       : Evaluate [\_SB_.PCI0.PB3_.VGA_.CRT_._STA]: AE_NOT_FOUND
[    0.149226] device: 'device:04': device_add
[    0.149233] bus: 'acpi': add device device:04
[    0.149252]     utils-0051 util_eval_error       : Evaluate [\_SB_.PCI0.PB3_.VGA_.CRT_._SUN]: AE_NOT_FOUND
[    0.149269]      scan-1922 add_single_object     : Added device:04 [\_SB_.PCI0.PB3_.VGA_.CRT_] parent LNXVIDEO:00
[    0.149280]      scan-1133 get_device_data       : No context for object [ffff88041d83ac80]
[    0.149287]      scan-1133 get_device_data       : No context for object [ffff88041d83aca8]
[    0.149294]      scan-1133 get_device_data       : No context for object [ffff88041d83acd0]
[    0.149301]      scan-1133 get_device_data       : No context for object [ffff88041d83acf8]
[    0.149308]      scan-1133 get_device_data       : No context for object [ffff88041d83ad20]
[    0.149316]     utils-0051 util_eval_error       : Evaluate [\_SB_.PCI0.PB3_.VGA_.LCD_._STA]: AE_NOT_FOUND
[    0.149371] device: 'device:05': device_add
[    0.149381] bus: 'acpi': add device device:05
[    0.149399]     utils-0051 util_eval_error       : Evaluate [\_SB_.PCI0.PB3_.VGA_.LCD_._SUN]: AE_NOT_FOUND
[    0.149417]      scan-1922 add_single_object     : Added device:05 [\_SB_.PCI0.PB3_.VGA_.LCD_] parent LNXVIDEO:00
[    0.149428]      scan-1133 get_device_data       : No context for object [ffff88041d83ad48]
[    0.149436]      scan-1133 get_device_data       : No context for object [ffff88041d83ad70]
[    0.149442]      scan-1133 get_device_data       : No context for object [ffff88041d83ad98]
[    0.149449]      scan-1133 get_device_data       : No context for object [ffff88041d83adc0]
[    0.149456]      scan-1133 get_device_data       : No context for object [ffff88041d83ade8]
[    0.149463]      scan-1133 get_device_data       : No context for object [ffff88041d83ae10]
[    0.149470]      scan-1133 get_device_data       : No context for object [ffff88041d83ae38]
[    0.149477]      scan-1133 get_device_data       : No context for object [ffff88041d83ae60]
[    0.149485]     utils-0051 util_eval_error       : Evaluate [\_SB_.PCI0.PB3_.VGA_.TV0_._STA]: AE_NOT_FOUND
[    0.149529] device: 'device:06': device_add
[    0.149535] bus: 'acpi': add device device:06
[    0.149554]     utils-0051 util_eval_error       : Evaluate [\_SB_.PCI0.PB3_.VGA_.TV0_._SUN]: AE_NOT_FOUND
[    0.149570]      scan-1922 add_single_object     : Added device:06 [\_SB_.PCI0.PB3_.VGA_.TV0_] parent LNXVIDEO:00
[    0.149581]      scan-1133 get_device_data       : No context for object [ffff88041d83ae88]
[    0.149588]      scan-1133 get_device_data       : No context for object [ffff88041d83aeb0]
[    0.149595]      scan-1133 get_device_data       : No context for object [ffff88041d83aed8]
[    0.149602]      scan-1133 get_device_data       : No context for object [ffff88041d83af00]
[    0.149609]      scan-1133 get_device_data       : No context for object [ffff88041d83af28]
[    0.149617]     utils-0051 util_eval_error       : Evaluate [\_SB_.PCI0.PB3_.VGA_.HDMI._STA]: AE_NOT_FOUND
[    0.149667] device: 'device:07': device_add
[    0.149674] bus: 'acpi': add device device:07
[    0.149696]     utils-0051 util_eval_error       : Evaluate [\_SB_.PCI0.PB3_.VGA_.HDMI._SUN]: AE_NOT_FOUND
[    0.150015]      scan-1922 add_single_object     : Added device:07 [\_SB_.PCI0.PB3_.VGA_.HDMI] parent LNXVIDEO:00
[    0.150015]      scan-1133 get_device_data       : No context for object [ffff88041d83af50]
[    0.150015]      scan-1133 get_device_data       : No context for object [ffff88041d83af78]
[    0.150015]      scan-1133 get_device_data       : No context for object [ffff88041d83afa0]
[    0.150015]      scan-1133 get_device_data       : No context for object [ffff88041d83afc8]
[    0.150015]      scan-1133 get_device_data       : No context for object [ffff88041d823a00]
[    0.150015]     utils-0051 util_eval_error       : Evaluate [\_SB_.PCI0.PB3_.HDAU._STA]: AE_NOT_FOUND
[    0.150015] device: 'device:08': device_add
[    0.150015] bus: 'acpi': add device device:08
[    0.150015]     utils-0051 util_eval_error       : Evaluate [\_SB_.PCI0.PB3_.HDAU._SUN]: AE_NOT_FOUND
[    0.150023]      scan-1922 add_single_object     : Added device:08 [\_SB_.PCI0.PB3_.HDAU] parent device:03
[    0.150023]      scan-1133 get_device_data       : No context for object [ffff88041d823a28]
[    0.150023]      scan-1133 get_device_data       : No context for object [ffff88041d823a50]
[    0.150023]      scan-1133 get_device_data       : No context for object [ffff88041d823a78]
[    0.150023]      scan-1133 get_device_data       : No context for object [ffff88041d823aa0]
[    0.150023]      scan-1133 get_device_data       : No context for object [ffff88041d823ac8]
[    0.150023]      scan-1133 get_device_data       : No context for object [ffff88041d823af0]
[    0.150023]      scan-1133 get_device_data       : No context for object [ffff88041d823b18]
[    0.150023]     utils-0051 util_eval_error       : Evaluate [\_SB_.PCI0.PB4_._STA]: AE_NOT_FOUND
[    0.150023] device: 'device:09': device_add
[    0.150023] bus: 'acpi': add device device:09
[    0.150035]     utils-0051 util_eval_error       : Evaluate [\_SB_.PCI0.PB4_._SUN]: AE_NOT_FOUND
[    0.150051]      scan-1922 add_single_object     : Added device:09 [\_SB_.PCI0.PB4_] parent PNP0A08:00
[    0.150062]      scan-1133 get_device_data       : No context for object [ffff88041d823b40]
[    0.150069]      scan-1133 get_device_data       : No context for object [ffff88041d823b68]
[    0.150076]      scan-1133 get_device_data       : No context for object [ffff88041d823b90]
[    0.150084]      scan-1133 get_device_data       : No context for object [ffff88041d823bb8]
[    0.150090]      scan-1133 get_device_data       : No context for object [ffff88041d823be0]
[    0.150097]      scan-1133 get_device_data       : No context for object [ffff88041d823c08]
[    0.150104]      scan-1133 get_device_data       : No context for object [ffff88041d823c30]
[    0.150111]      scan-1133 get_device_data       : No context for object [ffff88041d823c58]
[    0.150118]      scan-1133 get_device_data       : No context for object [ffff88041d823c80]
[    0.150125]      scan-1133 get_device_data       : No context for object [ffff88041d823ca8]
[    0.150131]      scan-1133 get_device_data       : No context for object [ffff88041d823cd0]
[    0.150138]      scan-1133 get_device_data       : No context for object [ffff88041d823cf8]
[    0.150145]      scan-1133 get_device_data       : No context for object [ffff88041d823d20]
[    0.150152]      scan-1133 get_device_data       : No context for object [ffff88041d823d48]
[    0.150158]      scan-1133 get_device_data       : No context for object [ffff88041d823d70]
[    0.150165]      scan-1133 get_device_data       : No context for object [ffff88041d823d98]
[    0.150172]      scan-1133 get_device_data       : No context for object [ffff88041d823dc0]
[    0.150179]      scan-1133 get_device_data       : No context for object [ffff88041d823de8]
[    0.150185]      scan-1133 get_device_data       : No context for object [ffff88041d823e10]
[    0.150192]      scan-1133 get_device_data       : No context for object [ffff88041d823e38]
[    0.150199]      scan-1133 get_device_data       : No context for object [ffff88041d823e60]
[    0.150206]      scan-1133 get_device_data       : No context for object [ffff88041d823e88]
[    0.150213]      scan-1133 get_device_data       : No context for object [ffff88041d823eb0]
[    0.150219]      scan-1133 get_device_data       : No context for object [ffff88041d823ed8]
[    0.150226]      scan-1133 get_device_data       : No context for object [ffff88041d823f00]
[    0.150233]      scan-1133 get_device_data       : No context for object [ffff88041d823f28]
[    0.150239]      scan-1133 get_device_data       : No context for object [ffff88041d823f50]
[    0.150246]      scan-1133 get_device_data       : No context for object [ffff88041d823f78]
[    0.150253]      scan-1133 get_device_data       : No context for object [ffff88041d823fa0]
[    0.150260]      scan-1133 get_device_data       : No context for object [ffff88041d823fc8]
[    0.150266]      scan-1133 get_device_data       : No context for object [ffff88041d825000]
[    0.150274]     utils-0051 util_eval_error       : Evaluate [\_SB_.PCI0.PB4_.XPDV._STA]: AE_NOT_FOUND
[    0.150318] device: 'device:0a': device_add
[    0.150324] bus: 'acpi': add device device:0a
[    0.150346]     utils-0051 util_eval_error       : Evaluate [\_SB_.PCI0.PB4_.XPDV._SUN]: AE_NOT_FOUND
[    0.150362]      scan-1922 add_single_object     : Added device:0a [\_SB_.PCI0.PB4_.XPDV] parent device:09
[    0.150373]      scan-1133 get_device_data       : No context for object [ffff88041d825028]
[    0.150381]      scan-1133 get_device_data       : No context for object [ffff88041d825050]
[    0.150388]      scan-1133 get_device_data       : No context for object [ffff88041d825078]
[    0.150395]      scan-1133 get_device_data       : No context for object [ffff88041d8250a0]
[    0.150402]      scan-1133 get_device_data       : No context for object [ffff88041d8250c8]
[    0.150409]      scan-1133 get_device_data       : No context for object [ffff88041d837500]
[    0.150416]      scan-1133 get_device_data       : No context for object [ffff88041d8250f0]
[    0.150423]      scan-1133 get_device_data       : No context for object [ffff88041d825118]
[    0.150431]     utils-0051 util_eval_error       : Evaluate [\_SB_.PCI0.PB5_._STA]: AE_NOT_FOUND
[    0.150535] device: 'device:0b': device_add
[    0.150542] bus: 'acpi': add device device:0b
[    0.150561]     utils-0051 util_eval_error       : Evaluate [\_SB_.PCI0.PB5_._SUN]: AE_NOT_FOUND
[    0.150577]      scan-1922 add_single_object     : Added device:0b [\_SB_.PCI0.PB5_] parent PNP0A08:00
[    0.150588]      scan-1133 get_device_data       : No context for object [ffff88041d825140]
[    0.150596]      scan-1133 get_device_data       : No context for object [ffff88041d825168]
[    0.150603]      scan-1133 get_device_data       : No context for object [ffff88041d825190]
[    0.150610]      scan-1133 get_device_data       : No context for object [ffff88041d8251b8]
[    0.150616]      scan-1133 get_device_data       : No context for object [ffff88041d8251e0]
[    0.150623]      scan-1133 get_device_data       : No context for object [ffff88041d825208]
[    0.150630]      scan-1133 get_device_data       : No context for object [ffff88041d825230]
[    0.150637]      scan-1133 get_device_data       : No context for object [ffff88041d825258]
[    0.150644]      scan-1133 get_device_data       : No context for object [ffff88041d825280]
[    0.150650]      scan-1133 get_device_data       : No context for object [ffff88041d8252a8]
[    0.150657]      scan-1133 get_device_data       : No context for object [ffff88041d8252d0]
[    0.150664]      scan-1133 get_device_data       : No context for object [ffff88041d8252f8]
[    0.150671]      scan-1133 get_device_data       : No context for object [ffff88041d825320]
[    0.150678]      scan-1133 get_device_data       : No context for object [ffff88041d825348]
[    0.150685]      scan-1133 get_device_data       : No context for object [ffff88041d825370]
[    0.150691]      scan-1133 get_device_data       : No context for object [ffff88041d825398]
[    0.150698]      scan-1133 get_device_data       : No context for object [ffff88041d8253c0]
[    0.150705]      scan-1133 get_device_data       : No context for object [ffff88041d8253e8]
[    0.150712]      scan-1133 get_device_data       : No context for object [ffff88041d825410]
[    0.150719]      scan-1133 get_device_data       : No context for object [ffff88041d825438]
[    0.150726]      scan-1133 get_device_data       : No context for object [ffff88041d825460]
[    0.150732]      scan-1133 get_device_data       : No context for object [ffff88041d825488]
[    0.150739]      scan-1133 get_device_data       : No context for object [ffff88041d8254b0]
[    0.150746]      scan-1133 get_device_data       : No context for object [ffff88041d8254d8]
[    0.150753]      scan-1133 get_device_data       : No context for object [ffff88041d825500]
[    0.150759]      scan-1133 get_device_data       : No context for object [ffff88041d825528]
[    0.150766]      scan-1133 get_device_data       : No context for object [ffff88041d825550]
[    0.150773]      scan-1133 get_device_data       : No context for object [ffff88041d825578]
[    0.150780]      scan-1133 get_device_data       : No context for object [ffff88041d8255a0]
[    0.150787]      scan-1133 get_device_data       : No context for object [ffff88041d8255c8]
[    0.150793]      scan-1133 get_device_data       : No context for object [ffff88041d8255f0]
[    0.150801]     utils-0051 util_eval_error       : Evaluate [\_SB_.PCI0.PB5_.XPDV._STA]: AE_NOT_FOUND
[    0.150844] device: 'device:0c': device_add
[    0.150850] bus: 'acpi': add device device:0c
[    0.150869]     utils-0051 util_eval_error       : Evaluate [\_SB_.PCI0.PB5_.XPDV._SUN]: AE_NOT_FOUND
[    0.151015]      scan-1922 add_single_object     : Added device:0c [\_SB_.PCI0.PB5_.XPDV] parent device:0b
[    0.151015]      scan-1133 get_device_data       : No context for object [ffff88041d825618]
[    0.151015]      scan-1133 get_device_data       : No context for object [ffff88041d825640]
[    0.151015]      scan-1133 get_device_data       : No context for object [ffff88041d825668]
[    0.151015]      scan-1133 get_device_data       : No context for object [ffff88041d825690]
[    0.151015]      scan-1133 get_device_data       : No context for object [ffff88041d8256b8]
[    0.151015]      scan-1133 get_device_data       : No context for object [ffff88041d837528]
[    0.151015]      scan-1133 get_device_data       : No context for object [ffff88041d8256e0]
[    0.151015]      scan-1133 get_device_data       : No context for object [ffff88041d825708]
[    0.151015]     utils-0051 util_eval_error       : Evaluate [\_SB_.PCI0.PB6_._STA]: AE_NOT_FOUND
[    0.151063] device: 'device:0d': device_add
[    0.151070] bus: 'acpi': add device device:0d
[    0.151092]     utils-0051 util_eval_error       : Evaluate [\_SB_.PCI0.PB6_._SUN]: AE_NOT_FOUND
[    0.151108]      scan-1922 add_single_object     : Added device:0d [\_SB_.PCI0.PB6_] parent PNP0A08:00
[    0.151119]      scan-1133 get_device_data       : No context for object [ffff88041d825730]
[    0.151127]      scan-1133 get_device_data       : No context for object [ffff88041d825758]
[    0.151134]      scan-1133 get_device_data       : No context for object [ffff88041d825780]
[    0.151141]      scan-1133 get_device_data       : No context for object [ffff88041d8257a8]
[    0.151148]      scan-1133 get_device_data       : No context for object [ffff88041d8257d0]
[    0.151154]      scan-1133 get_device_data       : No context for object [ffff88041d8257f8]
[    0.151161]      scan-1133 get_device_data       : No context for object [ffff88041d825820]
[    0.151168]      scan-1133 get_device_data       : No context for object [ffff88041d825848]
[    0.151175]      scan-1133 get_device_data       : No context for object [ffff88041d825870]
[    0.151182]      scan-1133 get_device_data       : No context for object [ffff88041d825898]
[    0.151189]      scan-1133 get_device_data       : No context for object [ffff88041d8258c0]
[    0.151195]      scan-1133 get_device_data       : No context for object [ffff88041d8258e8]
[    0.151202]      scan-1133 get_device_data       : No context for object [ffff88041d825910]
[    0.151209]      scan-1133 get_device_data       : No context for object [ffff88041d825938]
[    0.151216]      scan-1133 get_device_data       : No context for object [ffff88041d825960]
[    0.151223]      scan-1133 get_device_data       : No context for object [ffff88041d825988]
[    0.151230]      scan-1133 get_device_data       : No context for object [ffff88041d8259b0]
[    0.151237]      scan-1133 get_device_data       : No context for object [ffff88041d8259d8]
[    0.151244]      scan-1133 get_device_data       : No context for object [ffff88041d825a00]
[    0.151251]      scan-1133 get_device_data       : No context for object [ffff88041d825a28]
[    0.151258]      scan-1133 get_device_data       : No context for object [ffff88041d825a50]
[    0.151264]      scan-1133 get_device_data       : No context for object [ffff88041d825a78]
[    0.151271]      scan-1133 get_device_data       : No context for object [ffff88041d825aa0]
[    0.151278]      scan-1133 get_device_data       : No context for object [ffff88041d825ac8]
[    0.151285]      scan-1133 get_device_data       : No context for object [ffff88041d825af0]
[    0.151291]      scan-1133 get_device_data       : No context for object [ffff88041d825b18]
[    0.151298]      scan-1133 get_device_data       : No context for object [ffff88041d825b40]
[    0.151305]      scan-1133 get_device_data       : No context for object [ffff88041d825b68]
[    0.151312]      scan-1133 get_device_data       : No context for object [ffff88041d825b90]
[    0.151318]      scan-1133 get_device_data       : No context for object [ffff88041d825bb8]
[    0.151325]      scan-1133 get_device_data       : No context for object [ffff88041d825be0]
[    0.151333]     utils-0051 util_eval_error       : Evaluate [\_SB_.PCI0.PB6_.XPDV._STA]: AE_NOT_FOUND
[    0.151377] device: 'device:0e': device_add
[    0.151384] bus: 'acpi': add device device:0e
[    0.151402]     utils-0051 util_eval_error       : Evaluate [\_SB_.PCI0.PB6_.XPDV._SUN]: AE_NOT_FOUND
[    0.151418]      scan-1922 add_single_object     : Added device:0e [\_SB_.PCI0.PB6_.XPDV] parent device:0d
[    0.151429]      scan-1133 get_device_data       : No context for object [ffff88041d825c08]
[    0.151437]      scan-1133 get_device_data       : No context for object [ffff88041d825c30]
[    0.151444]      scan-1133 get_device_data       : No context for object [ffff88041d825c58]
[    0.151451]      scan-1133 get_device_data       : No context for object [ffff88041d825c80]
[    0.151458]      scan-1133 get_device_data       : No context for object [ffff88041d825ca8]
[    0.151465]      scan-1133 get_device_data       : No context for object [ffff88041d837550]
[    0.151472]      scan-1133 get_device_data       : No context for object [ffff88041d825cd0]
[    0.151479]      scan-1133 get_device_data       : No context for object [ffff88041d825cf8]
[    0.151488]     utils-0051 util_eval_error       : Evaluate [\_SB_.PCI0.PB7_._STA]: AE_NOT_FOUND
[    0.151558] device: 'device:0f': device_add
[    0.151565] bus: 'acpi': add device device:0f
[    0.151584]     utils-0051 util_eval_error       : Evaluate [\_SB_.PCI0.PB7_._SUN]: AE_NOT_FOUND
[    0.151600]      scan-1922 add_single_object     : Added device:0f [\_SB_.PCI0.PB7_] parent PNP0A08:00
[    0.151611]      scan-1133 get_device_data       : No context for object [ffff88041d825d20]
[    0.151618]      scan-1133 get_device_data       : No context for object [ffff88041d825d48]
[    0.151625]      scan-1133 get_device_data       : No context for object [ffff88041d825d70]
[    0.151632]      scan-1133 get_device_data       : No context for object [ffff88041d825d98]
[    0.151639]      scan-1133 get_device_data       : No context for object [ffff88041d825dc0]
[    0.151646]      scan-1133 get_device_data       : No context for object [ffff88041d825de8]
[    0.151653]      scan-1133 get_device_data       : No context for object [ffff88041d825e10]
[    0.151660]      scan-1133 get_device_data       : No context for object [ffff88041d825e38]
[    0.151667]      scan-1133 get_device_data       : No context for object [ffff88041d825e60]
[    0.151674]      scan-1133 get_device_data       : No context for object [ffff88041d825e88]
[    0.151681]      scan-1133 get_device_data       : No context for object [ffff88041d825eb0]
[    0.151688]      scan-1133 get_device_data       : No context for object [ffff88041d825ed8]
[    0.151694]      scan-1133 get_device_data       : No context for object [ffff88041d825f00]
[    0.151701]      scan-1133 get_device_data       : No context for object [ffff88041d825f28]
[    0.151708]      scan-1133 get_device_data       : No context for object [ffff88041d825f50]
[    0.151715]      scan-1133 get_device_data       : No context for object [ffff88041d825f78]
[    0.151722]      scan-1133 get_device_data       : No context for object [ffff88041d825fa0]
[    0.151729]      scan-1133 get_device_data       : No context for object [ffff88041d825fc8]
[    0.151736]      scan-1133 get_device_data       : No context for object [ffff88041d827000]
[    0.151742]      scan-1133 get_device_data       : No context for object [ffff88041d827028]
[    0.151749]      scan-1133 get_device_data       : No context for object [ffff88041d827050]
[    0.151756]      scan-1133 get_device_data       : No context for object [ffff88041d827078]
[    0.151763]      scan-1133 get_device_data       : No context for object [ffff88041d8270a0]
[    0.151770]      scan-1133 get_device_data       : No context for object [ffff88041d8270c8]
[    0.151777]      scan-1133 get_device_data       : No context for object [ffff88041d8270f0]
[    0.151783]      scan-1133 get_device_data       : No context for object [ffff88041d827118]
[    0.151790]      scan-1133 get_device_data       : No context for object [ffff88041d827140]
[    0.151797]      scan-1133 get_device_data       : No context for object [ffff88041d827168]
[    0.151804]      scan-1133 get_device_data       : No context for object [ffff88041d827190]
[    0.151811]      scan-1133 get_device_data       : No context for object [ffff88041d8271b8]
[    0.151817]      scan-1133 get_device_data       : No context for object [ffff88041d8271e0]
[    0.151825]     utils-0051 util_eval_error       : Evaluate [\_SB_.PCI0.PB7_.XPDV._STA]: AE_NOT_FOUND
[    0.151868] device: 'device:10': device_add
[    0.151875] bus: 'acpi': add device device:10
[    0.151895]     utils-0051 util_eval_error       : Evaluate [\_SB_.PCI0.PB7_.XPDV._SUN]: AE_NOT_FOUND
[    0.152011]      scan-1922 add_single_object     : Added device:10 [\_SB_.PCI0.PB7_.XPDV] parent device:0f
[    0.152011]      scan-1133 get_device_data       : No context for object [ffff88041d827208]
[    0.152011]      scan-1133 get_device_data       : No context for object [ffff88041d827230]
[    0.152011]      scan-1133 get_device_data       : No context for object [ffff88041d827258]
[    0.152011]      scan-1133 get_device_data       : No context for object [ffff88041d827280]
[    0.152011]      scan-1133 get_device_data       : No context for object [ffff88041d8272a8]
[    0.152011]      scan-1133 get_device_data       : No context for object [ffff88041d837488]
[    0.152011]      scan-1133 get_device_data       : No context for object [ffff88041d8272d0]
[    0.152011]      scan-1133 get_device_data       : No context for object [ffff88041d8272f8]
[    0.152011]     utils-0051 util_eval_error       : Evaluate [\_SB_.PCI0.OHC1._STA]: AE_NOT_FOUND
[    0.152085] device: 'device:11': device_add
[    0.152092] bus: 'acpi': add device device:11
[    0.152111]     utils-0051 util_eval_error       : Evaluate [\_SB_.PCI0.OHC1._SUN]: AE_NOT_FOUND
[    0.152128]      scan-1922 add_single_object     : Added device:11 [\_SB_.PCI0.OHC1] parent PNP0A08:00
[    0.152138]      scan-1133 get_device_data       : No context for object [ffff88041d827320]
[    0.152146]      scan-1133 get_device_data       : No context for object [ffff88041d827348]
[    0.152153]      scan-1133 get_device_data       : No context for object [ffff88041d83b2f8]
[    0.152161]     utils-0051 util_eval_error       : Evaluate [\_SB_.PCI0.OHC1.RHUB._STA]: AE_NOT_FOUND
[    0.152203] device: 'device:12': device_add
[    0.152209] bus: 'acpi': add device device:12
[    0.152227]     utils-0051 util_eval_error       : Evaluate [\_SB_.PCI0.OHC1.RHUB._SUN]: AE_NOT_FOUND
[    0.152244]      scan-1922 add_single_object     : Added device:12 [\_SB_.PCI0.OHC1.RHUB] parent device:11
[    0.152255]      scan-1133 get_device_data       : No context for object [ffff88041d83b320]
[    0.152262]      scan-1133 get_device_data       : No context for object [ffff88041d83b348]
[    0.152270]     utils-0051 util_eval_error       : Evaluate [\_SB_.PCI0.OHC1.RHUB.PRT3._STA]: AE_NOT_FOUND
[    0.152312] device: 'device:13': device_add
[    0.152319] bus: 'acpi': add device device:13
[    0.152340]     utils-0051 util_eval_error       : Evaluate [\_SB_.PCI0.OHC1.RHUB.PRT3._SUN]: AE_NOT_FOUND
[    0.152356]      scan-1922 add_single_object     : Added device:13 [\_SB_.PCI0.OHC1.RHUB.PRT3] parent device:12
[    0.152367]      scan-1133 get_device_data       : No context for object [ffff88041d83b370]
[    0.152374]      scan-1133 get_device_data       : No context for object [ffff88041d83b398]
[    0.152381]      scan-1133 get_device_data       : No context for object [ffff88041d83b3c0]
[    0.152388]      scan-1133 get_device_data       : No context for object [ffff88041d83b3e8]
[    0.152397]     utils-0051 util_eval_error       : Evaluate [\_SB_.PCI0.OHC1.RHUB.PRT4._STA]: AE_NOT_FOUND
[    0.152439] device: 'device:14': device_add
[    0.152445] bus: 'acpi': add device device:14
[    0.152464]     utils-0051 util_eval_error       : Evaluate [\_SB_.PCI0.OHC1.RHUB.PRT4._SUN]: AE_NOT_FOUND
[    0.152480]      scan-1922 add_single_object     : Added device:14 [\_SB_.PCI0.OHC1.RHUB.PRT4] parent device:12
[    0.152491]      scan-1133 get_device_data       : No context for object [ffff88041d83b410]
[    0.152498]      scan-1133 get_device_data       : No context for object [ffff88041d83b438]
[    0.152505]      scan-1133 get_device_data       : No context for object [ffff88041d83b460]
[    0.152512]      scan-1133 get_device_data       : No context for object [ffff88041d827370]
[    0.152521]     utils-0051 util_eval_error       : Evaluate [\_SB_.PCI0.EHC1._STA]: AE_NOT_FOUND
[    0.152578] device: 'device:15': device_add
[    0.152585] bus: 'acpi': add device device:15
[    0.152604]     utils-0051 util_eval_error       : Evaluate [\_SB_.PCI0.EHC1._SUN]: AE_NOT_FOUND
[    0.153008]      scan-1922 add_single_object     : Added device:15 [\_SB_.PCI0.EHC1] parent PNP0A08:00
[    0.153008]      scan-1133 get_device_data       : No context for object [ffff88041d827398]
[    0.153008]      scan-1133 get_device_data       : No context for object [ffff88041d8273c0]
[    0.153008]      scan-1133 get_device_data       : No context for object [ffff88041d83b028]
[    0.153008]     utils-0051 util_eval_error       : Evaluate [\_SB_.PCI0.EHC1.RHUB._STA]: AE_NOT_FOUND
[    0.153008] device: 'device:16': device_add
[    0.153008] bus: 'acpi': add device device:16
[    0.153008]     utils-0051 util_eval_error       : Evaluate [\_SB_.PCI0.EHC1.RHUB._SUN]: AE_NOT_FOUND
[    0.153023]      scan-1922 add_single_object     : Added device:16 [\_SB_.PCI0.EHC1.RHUB] parent device:15
[    0.153023]      scan-1133 get_device_data       : No context for object [ffff88041d83b050]
[    0.153023]      scan-1133 get_device_data       : No context for object [ffff88041d83b078]
[    0.153023]     utils-0051 util_eval_error       : Evaluate [\_SB_.PCI0.EHC1.RHUB.PRT3._STA]: AE_NOT_FOUND
[    0.153023] device: 'device:17': device_add
[    0.153023] bus: 'acpi': add device device:17
[    0.153023]     utils-0051 util_eval_error       : Evaluate [\_SB_.PCI0.EHC1.RHUB.PRT3._SUN]: AE_NOT_FOUND
[    0.153023]      scan-1922 add_single_object     : Added device:17 [\_SB_.PCI0.EHC1.RHUB.PRT3] parent device:16
[    0.153023]      scan-1133 get_device_data       : No context for object [ffff88041d83b0a0]
[    0.153023]      scan-1133 get_device_data       : No context for object [ffff88041d83b0c8]
[    0.153023]      scan-1133 get_device_data       : No context for object [ffff88041d83b0f0]
[    0.153023]      scan-1133 get_device_data       : No context for object [ffff88041d83b118]
[    0.153023]     utils-0051 util_eval_error       : Evaluate [\_SB_.PCI0.EHC1.RHUB.PRT4._STA]: AE_NOT_FOUND
[    0.153023] device: 'device:18': device_add
[    0.153023] bus: 'acpi': add device device:18
[    0.153023]     utils-0051 util_eval_error       : Evaluate [\_SB_.PCI0.EHC1.RHUB.PRT4._SUN]: AE_NOT_FOUND
[    0.153023]      scan-1922 add_single_object     : Added device:18 [\_SB_.PCI0.EHC1.RHUB.PRT4] parent device:16
[    0.153023]      scan-1133 get_device_data       : No context for object [ffff88041d83b140]
[    0.153023]      scan-1133 get_device_data       : No context for object [ffff88041d83b168]
[    0.153023]      scan-1133 get_device_data       : No context for object [ffff88041d83b190]
[    0.153023]      scan-1133 get_device_data       : No context for object [ffff88041d8273e8]
[    0.153023]     utils-0051 util_eval_error       : Evaluate [\_SB_.PCI0.OHC2._STA]: AE_NOT_FOUND
[    0.153123] device: 'device:19': device_add
[    0.153130] bus: 'acpi': add device device:19
[    0.153149]     utils-0051 util_eval_error       : Evaluate [\_SB_.PCI0.OHC2._SUN]: AE_NOT_FOUND
[    0.153166]      scan-1922 add_single_object     : Added device:19 [\_SB_.PCI0.OHC2] parent PNP0A08:00
[    0.153176]      scan-1133 get_device_data       : No context for object [ffff88041d827410]
[    0.153184]      scan-1133 get_device_data       : No context for object [ffff88041d827438]
[    0.153190]      scan-1133 get_device_data       : No context for object [ffff88041d83b488]
[    0.153199]     utils-0051 util_eval_error       : Evaluate [\_SB_.PCI0.OHC2.RHUB._STA]: AE_NOT_FOUND
[    0.153241] device: 'device:1a': device_add
[    0.153248] bus: 'acpi': add device device:1a
[    0.153266]     utils-0051 util_eval_error       : Evaluate [\_SB_.PCI0.OHC2.RHUB._SUN]: AE_NOT_FOUND
[    0.153282]      scan-1922 add_single_object     : Added device:1a [\_SB_.PCI0.OHC2.RHUB] parent device:19
[    0.153293]      scan-1133 get_device_data       : No context for object [ffff88041d83b4b0]
[    0.153300]      scan-1133 get_device_data       : No context for object [ffff88041d83b4d8]
[    0.153308]     utils-0051 util_eval_error       : Evaluate [\_SB_.PCI0.OHC2.RHUB.PRT4._STA]: AE_NOT_FOUND
[    0.153350] device: 'device:1b': device_add
[    0.153357] bus: 'acpi': add device device:1b
[    0.153379]     utils-0051 util_eval_error       : Evaluate [\_SB_.PCI0.OHC2.RHUB.PRT4._SUN]: AE_NOT_FOUND
[    0.153396]      scan-1922 add_single_object     : Added device:1b [\_SB_.PCI0.OHC2.RHUB.PRT4] parent device:1a
[    0.153408]      scan-1133 get_device_data       : No context for object [ffff88041d83b500]
[    0.153415]      scan-1133 get_device_data       : No context for object [ffff88041d83b528]
[    0.153422]      scan-1133 get_device_data       : No context for object [ffff88041d83b550]
[    0.153429]      scan-1133 get_device_data       : No context for object [ffff88041d827460]
[    0.153438]     utils-0051 util_eval_error       : Evaluate [\_SB_.PCI0.EHC2._STA]: AE_NOT_FOUND
[    0.153538] device: 'device:1c': device_add
[    0.153545] bus: 'acpi': add device device:1c
[    0.153564]     utils-0051 util_eval_error       : Evaluate [\_SB_.PCI0.EHC2._SUN]: AE_NOT_FOUND
[    0.153580]      scan-1922 add_single_object     : Added device:1c [\_SB_.PCI0.EHC2] parent PNP0A08:00
[    0.153591]      scan-1133 get_device_data       : No context for object [ffff88041d827488]
[    0.153598]      scan-1133 get_device_data       : No context for object [ffff88041d8274b0]
[    0.153605]      scan-1133 get_device_data       : No context for object [ffff88041d83b1b8]
[    0.153614]     utils-0051 util_eval_error       : Evaluate [\_SB_.PCI0.EHC2.RHUB._STA]: AE_NOT_FOUND
[    0.153656] device: 'device:1d': device_add
[    0.153662] bus: 'acpi': add device device:1d
[    0.153680]     utils-0051 util_eval_error       : Evaluate [\_SB_.PCI0.EHC2.RHUB._SUN]: AE_NOT_FOUND
[    0.154014]      scan-1922 add_single_object     : Added device:1d [\_SB_.PCI0.EHC2.RHUB] parent device:1c
[    0.154014]      scan-1133 get_device_data       : No context for object [ffff88041d83b1e0]
[    0.154014]      scan-1133 get_device_data       : No context for object [ffff88041d83b208]
[    0.154014]     utils-0051 util_eval_error       : Evaluate [\_SB_.PCI0.EHC2.RHUB.PRT2._STA]: AE_NOT_FOUND
[    0.154014] device: 'device:1e': device_add
[    0.154014] bus: 'acpi': add device device:1e
[    0.154014]     utils-0051 util_eval_error       : Evaluate [\_SB_.PCI0.EHC2.RHUB.PRT2._SUN]: AE_NOT_FOUND
[    0.154014]      scan-1922 add_single_object     : Added device:1e [\_SB_.PCI0.EHC2.RHUB.PRT2] parent device:1d
[    0.154014]      scan-1133 get_device_data       : No context for object [ffff88041d83b230]
[    0.154014]      scan-1133 get_device_data       : No context for object [ffff88041d83b258]
[    0.154014]      scan-1133 get_device_data       : No context for object [ffff88041d83b280]
[    0.154014]      scan-1133 get_device_data       : No context for object [ffff88041d8274d8]
[    0.154014]     utils-0051 util_eval_error       : Evaluate [\_SB_.PCI0.OHC3._STA]: AE_NOT_FOUND
[    0.154014] device: 'device:1f': device_add
[    0.154014] bus: 'acpi': add device device:1f
[    0.154014]     utils-0051 util_eval_error       : Evaluate [\_SB_.PCI0.OHC3._SUN]: AE_NOT_FOUND
[    0.154050]      scan-1922 add_single_object     : Added device:1f [\_SB_.PCI0.OHC3] parent PNP0A08:00
[    0.154050]      scan-1133 get_device_data       : No context for object [ffff88041d827500]
[    0.154050]      scan-1133 get_device_data       : No context for object [ffff88041d827528]
[    0.154050]      scan-1133 get_device_data       : No context for object [ffff88041d83b578]
[    0.154050]     utils-0051 util_eval_error       : Evaluate [\_SB_.PCI0.OHC3.RHUB._STA]: AE_NOT_FOUND
[    0.154075] device: 'device:20': device_add
[    0.154082] bus: 'acpi': add device device:20
[    0.154101]     utils-0051 util_eval_error       : Evaluate [\_SB_.PCI0.OHC3.RHUB._SUN]: AE_NOT_FOUND
[    0.154117]      scan-1922 add_single_object     : Added device:20 [\_SB_.PCI0.OHC3.RHUB] parent device:1f
[    0.154128]      scan-1133 get_device_data       : No context for object [ffff88041d83b5a0]
[    0.154135]      scan-1133 get_device_data       : No context for object [ffff88041d827550]
[    0.154144]     utils-0051 util_eval_error       : Evaluate [\_SB_.PCI0.EHC3._STA]: AE_NOT_FOUND
[    0.154244] device: 'device:21': device_add
[    0.154251] bus: 'acpi': add device device:21
[    0.154273]     utils-0051 util_eval_error       : Evaluate [\_SB_.PCI0.EHC3._SUN]: AE_NOT_FOUND
[    0.154289]      scan-1922 add_single_object     : Added device:21 [\_SB_.PCI0.EHC3] parent PNP0A08:00
[    0.154300]      scan-1133 get_device_data       : No context for object [ffff88041d827578]
[    0.154307]      scan-1133 get_device_data       : No context for object [ffff88041d8275a0]
[    0.154314]      scan-1133 get_device_data       : No context for object [ffff88041d83b2a8]
[    0.154322]     utils-0051 util_eval_error       : Evaluate [\_SB_.PCI0.EHC3.RHUB._STA]: AE_NOT_FOUND
[    0.154364] device: 'device:22': device_add
[    0.154370] bus: 'acpi': add device device:22
[    0.154389]     utils-0051 util_eval_error       : Evaluate [\_SB_.PCI0.EHC3.RHUB._SUN]: AE_NOT_FOUND
[    0.154405]      scan-1922 add_single_object     : Added device:22 [\_SB_.PCI0.EHC3.RHUB] parent device:21
[    0.154416]      scan-1133 get_device_data       : No context for object [ffff88041d83b2d0]
[    0.154423]      scan-1133 get_device_data       : No context for object [ffff88041d8275c8]
[    0.154431]     utils-0051 util_eval_error       : Evaluate [\_SB_.PCI0.OHC4._STA]: AE_NOT_FOUND
[    0.154531] device: 'device:23': device_add
[    0.154538] bus: 'acpi': add device device:23
[    0.154557]     utils-0051 util_eval_error       : Evaluate [\_SB_.PCI0.OHC4._SUN]: AE_NOT_FOUND
[    0.154573]      scan-1922 add_single_object     : Added device:23 [\_SB_.PCI0.OHC4] parent PNP0A08:00
[    0.154583]      scan-1133 get_device_data       : No context for object [ffff88041d8275f0]
[    0.154591]      scan-1133 get_device_data       : No context for object [ffff88041d827618]
[    0.154598]      scan-1133 get_device_data       : No context for object [ffff88041d827640]
[    0.154606]     utils-0051 util_eval_error       : Evaluate [\_SB_.PCI0.SBAZ._STA]: AE_NOT_FOUND
[    0.154659] device: 'device:24': device_add
[    0.154666] bus: 'acpi': add device device:24
[    0.154688]     utils-0051 util_eval_error       : Evaluate [\_SB_.PCI0.SBAZ._SUN]: AE_NOT_FOUND
[    0.155016]      scan-1922 add_single_object     : Added device:24 [\_SB_.PCI0.SBAZ] parent PNP0A08:00
[    0.155016]      scan-1133 get_device_data       : No context for object [ffff88041d827668]
[    0.155016]      scan-1133 get_device_data       : No context for object [ffff88041d827690]
[    0.155016]      scan-1133 get_device_data       : No context for object [ffff88041d8276b8]
[    0.155016]     utils-0051 util_eval_error       : Evaluate [\_SB_.PCI0.GEC_._STA]: AE_NOT_FOUND
[    0.155016] device: 'device:25': device_add
[    0.155016] bus: 'acpi': add device device:25
[    0.155016]     utils-0051 util_eval_error       : Evaluate [\_SB_.PCI0.GEC_._SUN]: AE_NOT_FOUND
[    0.155023]      scan-1922 add_single_object     : Added device:25 [\_SB_.PCI0.GEC_] parent PNP0A08:00
[    0.155023]      scan-1133 get_device_data       : No context for object [ffff88041d8276e0]
[    0.155023]      scan-1133 get_device_data       : No context for object [ffff88041d827708]
[    0.155023]      scan-1133 get_device_data       : No context for object [ffff88041d827730]
[    0.155023]      scan-1133 get_device_data       : No context for object [ffff88041d827758]
[    0.155023]      scan-1133 get_device_data       : No context for object [ffff88041d827780]
[    0.155023]      scan-1133 get_device_data       : No context for object [ffff88041d8277a8]
[    0.155023]      scan-1133 get_device_data       : No context for object [ffff88041d8277d0]
[    0.155023]      scan-1133 get_device_data       : No context for object [ffff88041d8277f8]
[    0.155023]      scan-1133 get_device_data       : No context for object [ffff88041d827820]
[    0.155023]     utils-0051 util_eval_error       : Evaluate [\_SB_.PCI0.SATA._STA]: AE_NOT_FOUND
[    0.155023] device: 'device:26': device_add
[    0.155030] bus: 'acpi': add device device:26
[    0.155049]     utils-0051 util_eval_error       : Evaluate [\_SB_.PCI0.SATA._SUN]: AE_NOT_FOUND
[    0.155066]      scan-1922 add_single_object     : Added device:26 [\_SB_.PCI0.SATA] parent PNP0A08:00
[    0.155077]      scan-1133 get_device_data       : No context for object [ffff88041d827848]
[    0.155085]      scan-1133 get_device_data       : No context for object [ffff88041d827870]
[    0.155092]      scan-1133 get_device_data       : No context for object [ffff88041d827898]
[    0.155099]      scan-1133 get_device_data       : No context for object [ffff88041d8278c0]
[    0.155106]      scan-1133 get_device_data       : No context for object [ffff88041d8278e8]
[    0.155113]      scan-1133 get_device_data       : No context for object [ffff88041d827910]
[    0.155119]      scan-1133 get_device_data       : No context for object [ffff88041d827938]
[    0.155126]      scan-1133 get_device_data       : No context for object [ffff88041d827960]
[    0.155133]      scan-1133 get_device_data       : No context for object [ffff88041d827988]
[    0.155140]      scan-1133 get_device_data       : No context for object [ffff88041d8279b0]
[    0.155147]      scan-1133 get_device_data       : No context for object [ffff88041d8279d8]
[    0.155154]      scan-1133 get_device_data       : No context for object [ffff88041d827a00]
[    0.155160]      scan-1133 get_device_data       : No context for object [ffff88041d827a28]
[    0.155167]      scan-1133 get_device_data       : No context for object [ffff88041d827a50]
[    0.155174]      scan-1133 get_device_data       : No context for object [ffff88041d827a78]
[    0.155181]      scan-1133 get_device_data       : No context for object [ffff88041d827aa0]
[    0.155188]      scan-1133 get_device_data       : No context for object [ffff88041d827ac8]
[    0.155195]      scan-1133 get_device_data       : No context for object [ffff88041d827af0]
[    0.155201]      scan-1133 get_device_data       : No context for object [ffff88041d827b18]
[    0.155208]      scan-1133 get_device_data       : No context for object [ffff88041d827b40]
[    0.155215]      scan-1133 get_device_data       : No context for object [ffff88041d827b68]
[    0.155222]      scan-1133 get_device_data       : No context for object [ffff88041d827b90]
[    0.155229]      scan-1133 get_device_data       : No context for object [ffff88041d827bb8]
[    0.155235]      scan-1133 get_device_data       : No context for object [ffff88041d827be0]
[    0.155242]      scan-1133 get_device_data       : No context for object [ffff88041d827c08]
[    0.155249]      scan-1133 get_device_data       : No context for object [ffff88041d827c30]
[    0.155256]      scan-1133 get_device_data       : No context for object [ffff88041d827c58]
[    0.155263]      scan-1133 get_device_data       : No context for object [ffff88041d827c80]
[    0.155269]      scan-1133 get_device_data       : No context for object [ffff88041d827ca8]
[    0.155276]      scan-1133 get_device_data       : No context for object [ffff88041d827cd0]
[    0.155283]      scan-1133 get_device_data       : No context for object [ffff88041d827cf8]
[    0.155290]      scan-1133 get_device_data       : No context for object [ffff88041d827d20]
[    0.155296]      scan-1133 get_device_data       : No context for object [ffff88041d827d48]
[    0.155303]      scan-1133 get_device_data       : No context for object [ffff88041d827d70]
[    0.155310]      scan-1133 get_device_data       : No context for object [ffff88041d827d98]
[    0.155317]      scan-1133 get_device_data       : No context for object [ffff88041d827dc0]
[    0.155324]      scan-1133 get_device_data       : No context for object [ffff88041d827de8]
[    0.155331]      scan-1133 get_device_data       : No context for object [ffff88041d827e10]
[    0.155337]      scan-1133 get_device_data       : No context for object [ffff88041d827e38]
[    0.155344]      scan-1133 get_device_data       : No context for object [ffff88041d827e60]
[    0.155351]      scan-1133 get_device_data       : No context for object [ffff88041d827e88]
[    0.155358]      scan-1133 get_device_data       : No context for object [ffff88041d827eb0]
[    0.155364]      scan-1133 get_device_data       : No context for object [ffff88041d827ed8]
[    0.155371]      scan-1133 get_device_data       : No context for object [ffff88041d827f00]
[    0.155378]      scan-1133 get_device_data       : No context for object [ffff88041d827f28]
[    0.155387]     utils-0051 util_eval_error       : Evaluate [\_SB_.PCI0.SATA.PRID._STA]: AE_NOT_FOUND
