[    0.000000] Initializing cgroup subsys cpuset
[    0.000000] Initializing cgroup subsys cpu
[    0.000000] Initializing cgroup subsys cpuacct
[    0.000000] Linux version 3.15.4-1-MANJARO (emacs@manji) (gcc version 4.9.0 20140604 (prerelease) (GCC) ) #10 SMP PREEMPT Wed Jul 9 02:01:35 CEST 2014
[    0.000000] Command line: BOOT_IMAGE=/vmlinuz-315-x86_64 root=UUID=bfa4ab6e-19a3-4601-ba2b-267c55841c73 rw cryptdevice=/dev/disk/by-uuid/70c08890-417a-497d-b6ab-c0d0357a63e2:cryptManjaro:allow-discards ipv6.disable=1 pnp.debug=1 loglevel=9 log_buf_len=10M printk.always_kmsg_dump=y printk.time=y mminit_loglevel=0 memory_corruption_check=1 fbcon=scrollback:4096k radeonfb fbcon=font:ProFont6x11 acpi.debug_layer=0xfbff0000 acpi.debug_level=0xFFFFFFFD pnp.debug=1
[    0.000000] e820: BIOS-provided physical RAM map:
[    0.000000] BIOS-e820: [mem 0x0000000000000000-0x000000000009d7ff] usable
[    0.000000] BIOS-e820: [mem 0x000000000009d800-0x000000000009ffff] reserved
[    0.000000] BIOS-e820: [mem 0x00000000000e0000-0x00000000000fffff] reserved
[    0.000000] BIOS-e820: [mem 0x0000000000100000-0x00000000bed9afff] usable
[    0.000000] BIOS-e820: [mem 0x00000000bed9b000-0x00000000bf39afff] reserved
[    0.000000] BIOS-e820: [mem 0x00000000bf39b000-0x00000000bf49afff] ACPI NVS
[    0.000000] BIOS-e820: [mem 0x00000000bf49b000-0x00000000bf51afff] ACPI data
[    0.000000] BIOS-e820: [mem 0x00000000bf51b000-0x00000000bfdfffff] usable
[    0.000000] BIOS-e820: [mem 0x00000000bfe00000-0x00000000bfffffff] reserved
[    0.000000] BIOS-e820: [mem 0x00000000fec00000-0x00000000fecfffff] reserved
[    0.000000] BIOS-e820: [mem 0x00000000fed80000-0x00000000fed80fff] reserved
[    0.000000] BIOS-e820: [mem 0x00000000ffe00000-0x00000000ffffffff] reserved
[    0.000000] BIOS-e820: [mem 0x0000000100000000-0x000000041effffff] usable
[    0.000000] NX (Execute Disable) protection: active
[    0.000000] SMBIOS 2.6 present.
[    0.000000] DMI: LENOVO Sabine/Torpedo, BIOS 54CN18WW 07/20/2011
[    0.000000] e820: update [mem 0x00000000-0x00000fff] usable ==> reserved
[    0.000000] e820: remove [mem 0x000a0000-0x000fffff] usable
[    0.000000] e820: last_pfn = 0x41f000 max_arch_pfn = 0x400000000
[    0.000000] MTRR default type: uncachable
[    0.000000] MTRR fixed ranges enabled:
[    0.000000]   00000-9FFFF write-back
[    0.000000]   A0000-BFFFF uncachable
[    0.000000]   C0000-FFFFF write-protect
[    0.000000] MTRR variable ranges enabled:
[    0.000000]   0 base 0000000000 mask FF80000000 write-back
[    0.000000]   1 base 0080000000 mask FFC0000000 write-back
[    0.000000]   2 base 00FFF90000 mask FFFFFF0000 uncachable
[    0.000000]   3 base 00FED80000 mask 0FFFFFF000 uncachable
[    0.000000]   4 disabled
[    0.000000]   5 disabled
[    0.000000]   6 disabled
[    0.000000]   7 base 00FFE00000 mask FFFFE00000 write-protect
[    0.000000] TOM2: 000000041f000000 aka 16880M
[    0.000000] x86 PAT enabled: cpu 0, old 0x7040600070406, new 0x7010600070106
[    0.000000] mtrr: your BIOS has configured an incorrect mask, fixing it.
[    0.000000] e820: last_pfn = 0xbfe00 max_arch_pfn = 0x400000000
[    0.000000] found SMP MP-table at [mem 0x000fa8b0-0x000fa8bf] mapped at [ffff8800000fa8b0]
[    0.000000] Scanning 1 areas for low memory corruption
[    0.000000] Base memory trampoline at [ffff880000097000] 97000 size 24576
[    0.000000] Using GB pages for direct mapping
[    0.000000] init_memory_mapping: [mem 0x00000000-0x000fffff]
[    0.000000]  [mem 0x00000000-0x000fffff] page 4k
[    0.000000] BRK [0x33a57000, 0x33a57fff] PGTABLE
[    0.000000] BRK [0x33a58000, 0x33a58fff] PGTABLE
[    0.000000] BRK [0x33a59000, 0x33a59fff] PGTABLE
[    0.000000] init_memory_mapping: [mem 0x41ee00000-0x41effffff]
[    0.000000]  [mem 0x41ee00000-0x41effffff] page 2M
[    0.000000] BRK [0x33a5a000, 0x33a5afff] PGTABLE
[    0.000000] init_memory_mapping: [mem 0x41c000000-0x41edfffff]
[    0.000000]  [mem 0x41c000000-0x41edfffff] page 2M
[    0.000000] init_memory_mapping: [mem 0x400000000-0x41bffffff]
[    0.000000]  [mem 0x400000000-0x41bffffff] page 2M
[    0.000000] init_memory_mapping: [mem 0x00100000-0xbed9afff]
[    0.000000]  [mem 0x00100000-0x001fffff] page 4k
[    0.000000]  [mem 0x00200000-0x3fffffff] page 2M
[    0.000000]  [mem 0x40000000-0x7fffffff] page 1G
[    0.000000]  [mem 0x80000000-0xbebfffff] page 2M
[    0.000000]  [mem 0xbec00000-0xbed9afff] page 4k
[    0.000000] init_memory_mapping: [mem 0xbf51b000-0xbfdfffff]
[    0.000000]  [mem 0xbf51b000-0xbf5fffff] page 4k
[    0.000000]  [mem 0xbf600000-0xbfdfffff] page 2M
[    0.000000] BRK [0x33a5b000, 0x33a5bfff] PGTABLE
[    0.000000] init_memory_mapping: [mem 0x100000000-0x3ffffffff]
[    0.000000]  [mem 0x100000000-0x3ffffffff] page 1G
[    0.000000] log_buf_len: 16777216
[    0.000000] early log buf free: 2092312(99%)
[    0.000000] RAMDISK: [mem 0x37882000-0x37c38fff]
[    0.000000] ACPI: RSDP 0x00000000000F0110 000024 (v02 LENOVO)
[    0.000000] ACPI: XSDT 0x00000000BF51A120 000074 (v01 LENOVO CB-01    00000001 LENO 00000001)
[    0.000000] ACPI: FACP 0x00000000BF508000 0000F4 (v04 LENOVO CB-01    00000001 PTL  00000001)
[    0.000000] ACPI: DSDT 0x00000000BF50A000 00FD10 (v01 LENOVO CB-01    00001000 LENO 00000001)
[    0.000000] ACPI: FACS 0x00000000BF478000 000040
[    0.000000] ACPI: HPET 0x00000000BF507000 000038 (v01 LENOVO CB-01    00000001 PTL  00000001)
[    0.000000] ACPI: APIC 0x00000000BF506000 00007A (v02 LENOVO CB-01    00000001 PTL  00000001)
[    0.000000] ACPI: MCFG 0x00000000BF505000 00003C (v01 LENOVO CB-01    00000001 PTL  00000001)
[    0.000000] ACPI: SLIC 0x00000000BF504000 000176 (v01 LENOVO CB-01    00000001 LENO 00000001)
[    0.000000] ACPI: UEFI 0x00000000BF503000 00003E (v01 LENOVO CB-01    00000001 PTL  00000001)
[    0.000000] ACPI: UEFI 0x00000000BF502000 000042 (v01 PTL    COMBUF   00000001 PTL  00000001)
[    0.000000] ACPI: SSDT 0x00000000BF501000 000E34 (v01 AMD    POWERNOW 00000001 AMD  00000001)
[    0.000000] ACPI: SSDT 0x00000000BF4FF000 00193D (v02 AMD    ALIB     00000001 MSFT 04000000)
[    0.000000] ACPI: UEFI 0x00000000BF4FE000 00021A (v01 LENOVO CB-01    00000001 PTL  00000001)
[    0.000000] ACPI: Local APIC address 0xfee00000
[    0.000000] No NUMA configuration found
[    0.000000] Faking a node at [mem 0x0000000000000000-0x000000041effffff]
[    0.000000] Initmem setup node 0 [mem 0x00000000-0x41effffff]
[    0.000000]   NODE_DATA [mem 0x41dffa000-0x41dffdfff]
[    0.000000]  [ffffea0000000000-ffffea00107fffff] PMD -> [ffff88040de00000-ffff88041d5fffff] on node 0
[    0.000000] Zone ranges:
[    0.000000]   DMA      [mem 0x00001000-0x00ffffff]
[    0.000000]   DMA32    [mem 0x01000000-0xffffffff]
[    0.000000]   Normal   [mem 0x100000000-0x41effffff]
[    0.000000] Movable zone start for each node
[    0.000000] Early memory node ranges
[    0.000000]   node   0: [mem 0x00001000-0x0009cfff]
[    0.000000]   node   0: [mem 0x00100000-0xbed9afff]
[    0.000000]   node   0: [mem 0xbf51b000-0xbfdfffff]
[    0.000000]   node   0: [mem 0x100000000-0x41effffff]
[    0.000000] On node 0 totalpages: 4056604
[    0.000000]   DMA zone: 64 pages used for memmap
[    0.000000]   DMA zone: 21 pages reserved
[    0.000000]   DMA zone: 3996 pages, LIFO batch:0
[    0.000000]   DMA32 zone: 12186 pages used for memmap
[    0.000000]   DMA32 zone: 779904 pages, LIFO batch:31
[    0.000000]   Normal zone: 51136 pages used for memmap
[    0.000000]   Normal zone: 3272704 pages, LIFO batch:31
[    0.000000] ACPI: PM-Timer IO Port: 0x808
[    0.000000] ACPI: Local APIC address 0xfee00000
[    0.000000] ACPI: LAPIC (acpi_id[0x00] lapic_id[0x00] enabled)
[    0.000000] ACPI: LAPIC (acpi_id[0x01] lapic_id[0x01] enabled)
[    0.000000] ACPI: LAPIC (acpi_id[0x02] lapic_id[0x02] enabled)
[    0.000000] ACPI: LAPIC (acpi_id[0x03] lapic_id[0x03] enabled)
[    0.000000] ACPI: LAPIC_NMI (acpi_id[0x00] high edge lint[0x1])
[    0.000000] ACPI: LAPIC_NMI (acpi_id[0x01] high edge lint[0x1])
[    0.000000] ACPI: LAPIC_NMI (acpi_id[0x02] high edge lint[0x1])
[    0.000000] ACPI: LAPIC_NMI (acpi_id[0x03] high edge lint[0x1])
[    0.000000] ACPI: IOAPIC (id[0x02] address[0xfec00000] gsi_base[0])
[    0.000000] IOAPIC[0]: apic_id 2, version 33, address 0xfec00000, GSI 0-23
[    0.000000] ACPI: INT_SRC_OVR (bus 0 bus_irq 0 global_irq 2 dfl dfl)
[    0.000000] ACPI: IRQ0 used by override.
[    0.000000] ACPI: IRQ2 used by override.
[    0.000000] ACPI: IRQ9 used by override.
[    0.000000] Using ACPI (MADT) for SMP configuration information
[    0.000000] ACPI: HPET id: 0x43538210 base: 0xfed00000
[    0.000000] smpboot: Allowing 4 CPUs, 0 hotplug CPUs
[    0.000000] nr_irqs_gsi: 40
[    0.000000] e820: [mem 0xc0000000-0xfebfffff] available for PCI devices
[    0.000000] setup_percpu: NR_CPUS:64 nr_cpumask_bits:64 nr_cpu_ids:4 nr_node_ids:1
[    0.000000] PERCPU: Embedded 27 pages/cpu @ffff88041dc00000 s80896 r8192 d21504 u524288
[    0.000000] pcpu-alloc: s80896 r8192 d21504 u524288 alloc=1*2097152
[    0.000000] pcpu-alloc: [0] 0 1 2 3 
[    0.000000] Built 1 zonelists in Zone order, mobility grouping on.  Total pages: 3993197
[    0.000000] Policy zone: Normal
[    0.000000] Kernel command line: BOOT_IMAGE=/vmlinuz-315-x86_64 root=UUID=bfa4ab6e-19a3-4601-ba2b-267c55841c73 rw cryptdevice=/dev/disk/by-uuid/70c08890-417a-497d-b6ab-c0d0357a63e2:cryptManjaro:allow-discards ipv6.disable=1 pnp.debug=1 loglevel=9 log_buf_len=10M printk.always_kmsg_dump=y printk.time=y mminit_loglevel=0 memory_corruption_check=1 fbcon=scrollback:4096k radeonfb fbcon=font:ProFont6x11 acpi.debug_layer=0xfbff0000 acpi.debug_level=0xFFFFFFFD pnp.debug=1
[    0.000000] PID hash table entries: 4096 (order: 3, 32768 bytes)
[    0.000000] Memory: 15870816K/16226416K available (5913K kernel code, 775K rwdata, 2100K rodata, 900K init, 2740K bss, 355600K reserved)
[    0.000000] SLUB: HWalign=64, Order=0-3, MinObjects=0, CPUs=4, Nodes=1
[    0.000000] Preemptible hierarchical RCU implementation.
[    0.000000] 	RCU dyntick-idle grace-period acceleration is enabled.
[    0.000000] 	Additional per-CPU info printed with stalls.
[    0.000000] 	RCU restricting CPUs from NR_CPUS=64 to nr_cpu_ids=4.
[    0.000000] RCU: Adjusting geometry for rcu_fanout_leaf=16, nr_cpu_ids=4
[    0.000000] NR_IRQS:4352 nr_irqs:712 16
[    0.000000] spurious 8259A interrupt: IRQ7.
[    0.000000] Console: colour dummy device 80x25
[    0.000000] console [tty0] enabled
[    0.000000] allocated 65011712 bytes of page_cgroup
[    0.000000] please try 'cgroup_disable=memory' option if you don't want memory cgroups
[    0.000000] hpet clockevent registered
[    0.000000] tsc: Fast TSC calibration using PIT
[    0.000000] tsc: Detected 1397.454 MHz processor
[    0.000040] Calibrating delay loop (skipped), value calculated using timer frequency.. 2794.90 BogoMIPS (lpj=1397454)
[    0.000047] pid_max: default: 32768 minimum: 301
[    0.000056] ACPI: Core revision 20140214
[    0.015951] ACPI: All ACPI Tables successfully acquired
[    0.017945] Security Framework initialized
[    0.017950] Yama: becoming mindful.
[    0.019071] Dentry cache hash table entries: 2097152 (order: 12, 16777216 bytes)
[    0.510284] Inode-cache hash table entries: 1048576 (order: 11, 8388608 bytes)
[    0.513194] Mount-cache hash table entries: 32768 (order: 6, 262144 bytes)
[    0.513235] Mountpoint-cache hash table entries: 32768 (order: 6, 262144 bytes)
[    0.513685] Initializing cgroup subsys memory
[    0.513696] Initializing cgroup subsys devices
[    0.513701] Initializing cgroup subsys freezer
[    0.513706] Initializing cgroup subsys net_cls
[    0.513711] Initializing cgroup subsys blkio
[    0.513740] tseg: 00bfe00000
[    0.513745] CPU: Physical Processor ID: 0
[    0.513749] CPU: Processor Core ID: 0
[    0.513753] mce: CPU supports 6 MCE banks
[    0.513768] Last level iTLB entries: 4KB 512, 2MB 16, 4MB 8
Last level dTLB entries: 4KB 1024, 2MB 128, 4MB 64, 1GB 0
tlb_flushall_shift: 6
[    0.513980] Freeing SMP alternatives memory: 20K (ffffffffb37a4000 - ffffffffb37a9000)
[    0.514497] ..TIMER: vector=0x30 apic1=0 pin1=2 apic2=-1 pin2=-1
[    0.524509] smpboot: CPU0: AMD A6-3400M APU with Radeon(tm) HD Graphics (fam: 12, model: 01, stepping: 00)
[    0.626129] Performance Events: AMD PMU driver.
[    0.626137] ... version:                0
[    0.626141] ... bit width:              48
[    0.626145] ... generic registers:      4
[    0.626149] ... value mask:             0000ffffffffffff
[    0.626153] ... max period:             00007fffffffffff
[    0.626157] ... fixed-purpose events:   0
[    0.626161] ... event mask:             000000000000000f
[    0.632270] MCE: In-kernel MCE decoding enabled.
[    0.634233] NMI watchdog: enabled on all CPUs, permanently consumes one hw-PMU counter.
[    0.636273] x86: Booting SMP configuration:
[    0.636279] .... node  #0, CPUs:      #1
[    0.649504] TSC synchronization [CPU#0 -> CPU#1]:
[    0.649510] Measured 132423570 cycles TSC warp between CPUs, turning off TSC clock.
[    0.649521] tsc: Marking TSC unstable due to check_tsc_sync_source failed
[    0.064146]  #2 #3
[    0.088351] x86: Booted up 1 node, 4 CPUs
[    0.088357] ----------------
[    0.088361] | NMI testsuite:
[    0.088364] --------------------
[    0.088368]   remote IPI:  ok  |
[    0.091044]    local IPI:  ok  |
[    0.097011] --------------------
[    0.097021] Good, all   2 testcases passed! |
[    0.097028] ---------------------------------
[    0.097038] smpboot: Total of 4 processors activated (11179.63 BogoMIPS)
[    0.098142] devtmpfs: initialized
[    0.098142] device: 'platform': device_add
[    0.098142] bus: 'platform': registered
[    0.098142] bus: 'cpu': registered
[    0.098142] device: 'cpu': device_add
[    0.098142] bus: 'container': registered
[    0.098142] device: 'container': device_add
[    0.099062] evm: security.SMACK64
[    0.099067] evm: security.ima
[    0.099070] evm: security.capability
[    0.099165] bus: 'workqueue': registered
[    0.099171] device: 'workqueue': device_add
[    0.099249] kworker/u8:0 (37) used greatest stack depth: 14840 bytes left
[    0.099377] prandom: seed boundary self test passed
[    0.100605] prandom: 100 self tests passed
[    0.100613] atomic64 test passed for x86-64 platform with CX8 and with SSE
[    0.100619] device class 'regulator': registering
[    0.100654] Registering platform device 'reg-dummy'. Parent at platform
[    0.100660] device: 'reg-dummy': device_add
[    0.100667] bus: 'platform': add device reg-dummy
[    0.100693] bus: 'platform': add driver reg-dummy
[    0.100701] bus: 'platform': driver_probe_device: matched device reg-dummy with driver reg-dummy
[    0.100710] bus: 'platform': really_probe: probing driver reg-dummy with device reg-dummy
[    0.100723] device: 'regulator.0': device_add
[    0.100755] regulator-dummy: no parameters
[    0.100771] driver: 'reg-dummy': driver_bound: bound to device 'reg-dummy'
[    0.100777] bus: 'platform': really_probe: bound device reg-dummy to driver reg-dummy
[    0.100842] NET: Registered protocol family 16
[    0.100980] device class 'bdi': registering
[    0.101004] bus: 'platform': add driver ramoops
[    0.101027] device class 'pci_bus': registering
[    0.101056] bus: 'pci': registered
[    0.101063] device class 'backlight': registering
[    0.101075] device class 'tty': registering
[    0.101090] device class 'vtconsole': registering
[    0.101107] device: 'vtcon0': device_add
[    0.101148] bus: 'node': registered
[    0.101153] device: 'node': device_add
[    0.101026] kworker/u8:0 (47) used greatest stack depth: 14760 bytes left
[    0.101189] bus: 'i2c': registered
[    0.101192] bus: 'i2c': add driver dummy
[    0.101205] i2c-core: driver [dummy] registered
[    0.101214] cpuidle: using governor ladder
[    0.101219] cpuidle: using governor menu
[    0.101203] kworker/u8:0 (48) used greatest stack depth: 14056 bytes left
[    0.101520] ACPI FADT declares the system doesn't support PCIe ASPM, so disable it
[    0.101529] ACPI: bus type PCI registered
[    0.101535] acpiphp: ACPI Hot Plug PCI Controller Driver version: 0.5
[    0.101541] device class 'dmi': registering
[    0.101555] device: 'id': device_add
[    0.101680] PCI: MMCONFIG for domain 0000 [bus 00-3f] at [mem 0xf8000000-0xfbffffff] (base 0xf8000000)
[    0.101691] PCI: not using MMCONFIG
[    0.101696] PCI: Using configuration type 1 for base access
[    0.101700] PCI: Using configuration type 1 for extended access
[    0.101841] device: 'node0': device_add
[    0.101848] bus: 'node': add device node0
[    0.101877] device: 'cpu0': device_add
[    0.101884] bus: 'cpu': add device cpu0
[    0.101926] device: 'cpu1': device_add
[    0.101936] bus: 'cpu': add device cpu1
[    0.101979] device: 'cpu2': device_add
[    0.101986] bus: 'cpu': add device cpu2
[    0.102033] device: 'cpu3': device_add
[    0.102040] bus: 'cpu': add device cpu3
[    0.102082] mtrr: your CPUs had inconsistent variable MTRR settings
[    0.102087] mtrr: probably your BIOS does not setup all CPUs.
[    0.102091] mtrr: corrected configuration.
[    0.104868] device: 'writeback': device_add
[    0.104868] bus: 'workqueue': add device writeback
[    0.105002] device: 'default': device_add
[    0.105080] device class 'block': registering
[    0.105080] device class 'graphics': registering
[    0.105080] ACPI: Added _OSI(Module Device)
[    0.105086] ACPI: Added _OSI(Processor Device)
[    0.105091] ACPI: Added _OSI(3.0 _SCP Extensions)
[    0.105095] ACPI: Added _OSI(Processor Aggregator Device)
[    0.108246] 
**** Context Switch from TID 4294967295 to TID 137592832 ****

[    0.108258]     utils-0051 util_eval_error       : Evaluate [\_SB_.PCI0.LPC0.EC0_._GLK]: AE_NOT_FOUND
[    0.108677] Executing  Method       \_SB_.PCI0.LPC0.EC0_._REG
[    0.109377] Executing  Method       \_SB_.PCI0.LPC0.EC0_._REG
[    0.109404] Executing  Method       \_SB_.PCI0.LPC0.EC0_._REG
[    0.109487] Executing  Method       \_SB_.PCI0.LPC0.EC0_._REG
[    0.112834] Initializing Region       \_SB_.OSTY
[    0.112869] Initializing Region       \_SB_.PCI0.NBMS
[    0.112892] Initializing Region       \_SB_.PCI0.NBXP
[    0.112916] Initializing Region       \_SB_.PCI0.K8ST
[    0.112979] Initializing Region       \_SB_.PCI0.BAR1
[    0.113023] Initializing Region       \_SB_.PCI0.PB2_.XPEX
[    0.113045] Initializing Region       \_SB_.PCI0.PB2_.PCFG
[    0.113066] Initializing Region       \_SB_.PCI0.PB2_.XPCB
[    0.113088] Initializing Region       \_SB_.PCI0.PB2_.XPRI
[    0.113114] Initializing Region       \_SB_.PCI0.PB2_.VGA_.PCFG
[    0.113196] Initializing Region       \_SB_.PCI0.PB2_.HDAU.PCFG
[    0.113232] Initializing Region       \_SB_.PCI0.PB3_.XPEX
[    0.113253] Initializing Region       \_SB_.PCI0.PB3_.PCFG
[    0.113274] Initializing Region       \_SB_.PCI0.PB3_.XPCB
[    0.113296] Initializing Region       \_SB_.PCI0.PB3_.XPRI
[    0.113322] Initializing Region       \_SB_.PCI0.PB3_.VGA_.PCFG
[    0.113414] Initializing Region       \_SB_.PCI0.PB3_.HDAU.PCFG
[    0.113449] Initializing Region       \_SB_.PCI0.PB4_.XPEX
[    0.113470] Initializing Region       \_SB_.PCI0.PB4_.PCFG
[    0.113491] Initializing Region       \_SB_.PCI0.PB4_.XPCB
[    0.113513] Initializing Region       \_SB_.PCI0.PB4_.XPRI
[    0.113539] Initializing Region       \_SB_.PCI0.PB4_.XPDV.PCFG
[    0.113575] Initializing Region       \_SB_.PCI0.PB5_.XPEX
[    0.113596] Initializing Region       \_SB_.PCI0.PB5_.PCFG
[    0.113617] Initializing Region       \_SB_.PCI0.PB5_.XPCB
[    0.113639] Initializing Region       \_SB_.PCI0.PB5_.XPRI
[    0.113665] Initializing Region       \_SB_.PCI0.PB5_.XPDV.PCFG
[    0.113700] Initializing Region       \_SB_.PCI0.PB6_.XPEX
[    0.113721] Initializing Region       \_SB_.PCI0.PB6_.PCFG
[    0.113742] Initializing Region       \_SB_.PCI0.PB6_.XPCB
[    0.113764] Initializing Region       \_SB_.PCI0.PB6_.XPRI
[    0.113789] Initializing Region       \_SB_.PCI0.PB6_.XPDV.PCFG
[    0.113825] Initializing Region       \_SB_.PCI0.PB7_.XPEX
[    0.113845] Initializing Region       \_SB_.PCI0.PB7_.PCFG
[    0.113866] Initializing Region       \_SB_.PCI0.PB7_.XPCB
[    0.113888] Initializing Region       \_SB_.PCI0.PB7_.XPRI
[    0.113914] Initializing Region       \_SB_.PCI0.PB7_.XPDV.PCFG
[    0.114223] Initializing Region       \_SB_.PCI0.SATC
[    0.114244] Initializing Region       \_SB_.PCI0.RMEM
[    0.114347] Initializing Region       \_SB_.PCI0.SATA.SATX
[    0.114375] Initializing Region       \_SB_.PCI0.SATA.BAR5
[    0.119256] Initializing Region       \_SB_.PCI0.SMB_.SBRV
[    0.119293] Initializing Region       \_SB_.PCI0.SMB_.PMIO
[    0.119316] Initializing Region       \_SB_.PCI0.SMB_.ERMM
[    0.119496] Initializing Region       \_SB_.PCI0.SMB_.P1E0
[    0.119577] Initializing Region       \_SB_.PCI0.SMB_.ABIO
[    0.119600] Initializing Region       \_SB_.PCI0.SMB_.SMB0
[    0.119626] Initializing Region       \_SB_.PCI0.LPC0.PIRQ
[    0.119707] Initializing Region       \_SB_.PCI0.LPC0.LPCR
[    0.119804] Initializing Region       \_SB_.PCI0.LPC0.LPCS
[    0.120010] Initializing Region       \_SB_.PCI0.LPC0.SMI0
[    0.120031] Initializing Region       \_SB_.PCI0.LPC0.SMI1
[    0.120061] Initializing Region       \_SB_.PCI0.LPC0.EC0_.ECO1
[    0.120081] Initializing Region       \_SB_.PCI0.LPC0.EC0_.ECO2
[    0.120101] Initializing Region       \_SB_.PCI0.LPC0.EC0_.ECMB
[    0.120121] Initializing Region       \_SB_.PCI0.LPC0.EC0_.RAM_
[    0.120263] Initializing Region       \_SB_.PCI0.LPC0.EC0_.CMOS
[    0.120312] Initializing Region       \_SB_.PCI0.LPC0.EC0_.VPC0.ERAM
[    0.120388] Initializing Region       \_SB_.PCI0.SPB0.PCFG
[    0.120410] Initializing Region       \_SB_.PCI0.SPB0.XPCB
[    0.120435] Initializing Region       \_SB_.PCI0.SPB0.XPDV.PCFG
[    0.120469] Initializing Region       \_SB_.PCI0.SPB1.PCFG
[    0.120489] Initializing Region       \_SB_.PCI0.SPB1.XPCB
[    0.120514] Initializing Region       \_SB_.PCI0.SPB1.XPDV.PCFG
[    0.120548] Initializing Region       \_SB_.PCI0.SPB2.PCFG
[    0.120568] Initializing Region       \_SB_.PCI0.SPB2.XPCB
[    0.120593] Initializing Region       \_SB_.PCI0.SPB2.XPDV.PCFG
[    0.120627] Initializing Region       \_SB_.PCI0.SPB3.PCFG
[    0.120648] Initializing Region       \_SB_.PCI0.SPB3.XPCB
[    0.120673] Initializing Region       \_SB_.PCI0.SPB3.XPDV.PCFG
[    0.120858] Initializing Region       \_SB_.PCI0.VGA_.REVD
[    0.121094] Initializing BufferField  \_SB_.AMW0.WLID
[    0.121554] Initializing Region       \DEB2
[    0.121575] Initializing Region       \PMIO
[    0.121595] Initializing Region       \P01_
[    0.121643] Initializing Region       \CNVS
[    0.121678] Initializing Region       \SPRT
[    0.121714] Initializing Region       \CMIO
[    0.121914] Executing  Method       \_SB_._STA
[    0.121925] Executing  Method       \_SB_._INI
[    0.121934] Executing  Method       \_SB_.PCI0._STA
[    0.121942] Executing  Method       \_SB_.PCI0._INI
[    0.122210] [Firmware Bug]: ACPI: BIOS _OSI(Linux) query ignored
[    0.122663] Executing  Method       \_SB_.PCI0.SATA._STA
[    0.122674] Executing  Method       \_SB_.PCI0.SATA._INI
[    0.123621] Executing  Method       \_SB_.PCI0.LPC0.EC0_._REG
[    0.165117] ACPI: Interpreter enabled
[    0.165141] ACPI: (supports S0 S5)
[    0.165146] ACPI: Using IOAPIC for interrupt routing
[    0.165511] PCI: MMCONFIG for domain 0000 [bus 00-3f] at [mem 0xf8000000-0xfbffffff] (base 0xf8000000)
[    0.166365] PCI: MMCONFIG at [mem 0xf8000000-0xfbffffff] reserved in ACPI motherboard resources
[    0.171074] bus: 'acpi': registered
[    0.171085] PCI: Using host bridge windows from ACPI; if necessary, use "pci=nocrs" and report a bug
[    0.171106]      scan-1133 get_device_data       : No context for object [ffffffffffffffff]
[    0.171122]     utils-0051 util_eval_error       : Evaluate [\._STA]: AE_NOT_FOUND
[    0.171149] device: 'LNXSYSTM:00': device_add
[    0.171160] bus: 'acpi': add device LNXSYSTM:00
[    0.171185]     utils-0051 util_eval_error       : Evaluate [\._SUN]: AE_NOT_FOUND
[    0.171207]      scan-1916 add_single_object     : Added LNXSYSTM:00 [\] parent (null)
[    0.171223]      scan-1133 get_device_data       : No context for object [ffff88040d81d000]
[    0.171233]      scan-1133 get_device_data       : No context for object [ffff88040d8377d0]
[    0.171242]      scan-1133 get_device_data       : No context for object [ffff88040d8377f8]
[    0.171251]      scan-1133 get_device_data       : No context for object [ffff88040d837820]
[    0.171259]      scan-1133 get_device_data       : No context for object [ffff88040d837848]
[    0.171268]      scan-1133 get_device_data       : No context for object [ffff88040d837870]
[    0.171276]      scan-1133 get_device_data       : No context for object [ffff88040d837898]
[    0.171285]      scan-1133 get_device_data       : No context for object [ffff88040d8378c0]
[    0.171293]      scan-1133 get_device_data       : No context for object [ffff88040d8378e8]
[    0.171301]      scan-1133 get_device_data       : No context for object [ffff88040d839398]
[    0.171310]      scan-1133 get_device_data       : No context for object [ffff88040d81d028]
[    0.171318]      scan-1133 get_device_data       : No context for object [ffff88040d81d168]
[    0.171328]     utils-0051 util_eval_error       : Evaluate [\_PR_.C000._STA]: AE_NOT_FOUND
[    0.171338]      scan-1133 get_device_data       : No context for object [ffff88040d81d028]
[    0.171357] device: 'LNXCPU:00': device_add
[    0.171364] bus: 'acpi': add device LNXCPU:00
[    0.171383]     utils-0051 util_eval_error       : Evaluate [\_PR_.C000._SUN]: AE_NOT_FOUND
[    0.171403]      scan-1916 add_single_object     : Added LNXCPU:00 [\_PR_.C000] parent LNXSYSTM:00
[    0.171416]      scan-1133 get_device_data       : No context for object [ffff88040d83c398]
[    0.171425]      scan-1133 get_device_data       : No context for object [ffff88040d83c3c0]
[    0.171433]      scan-1133 get_device_data       : No context for object [ffff88040d83c3e8]
[    0.171442]      scan-1133 get_device_data       : No context for object [ffff88040d83c410]
[    0.171450]      scan-1133 get_device_data       : No context for object [ffff88040d83c438]
[    0.171458]      scan-1133 get_device_data       : No context for object [ffff88040d83c460]
[    0.171467]      scan-1133 get_device_data       : No context for object [ffff88040d81d190]
[    0.171477]     utils-0051 util_eval_error       : Evaluate [\_PR_.C001._STA]: AE_NOT_FOUND
[    0.171486]      scan-1133 get_device_data       : No context for object [ffff88040d81d028]
[    0.171504] device: 'LNXCPU:01': device_add
[    0.171511] bus: 'acpi': add device LNXCPU:01
[    0.171529]     utils-0051 util_eval_error       : Evaluate [\_PR_.C001._SUN]: AE_NOT_FOUND
[    0.171548]      scan-1916 add_single_object     : Added LNXCPU:01 [\_PR_.C001] parent LNXSYSTM:00
[    0.171560]      scan-1133 get_device_data       : No context for object [ffff88040d83c488]
[    0.171569]      scan-1133 get_device_data       : No context for object [ffff88040d83c4b0]
[    0.171577]      scan-1133 get_device_data       : No context for object [ffff88040d83c4d8]
[    0.171586]      scan-1133 get_device_data       : No context for object [ffff88040d83c500]
[    0.171594]      scan-1133 get_device_data       : No context for object [ffff88040d83c528]
[    0.171602]      scan-1133 get_device_data       : No context for object [ffff88040d83c550]
[    0.171611]      scan-1133 get_device_data       : No context for object [ffff88040d81d1b8]
[    0.171620]     utils-0051 util_eval_error       : Evaluate [\_PR_.C002._STA]: AE_NOT_FOUND
[    0.171629]      scan-1133 get_device_data       : No context for object [ffff88040d81d028]
[    0.171647] device: 'LNXCPU:02': device_add
[    0.171654] bus: 'acpi': add device LNXCPU:02
[    0.171671]     utils-0051 util_eval_error       : Evaluate [\_PR_.C002._SUN]: AE_NOT_FOUND
[    0.171689]      scan-1916 add_single_object     : Added LNXCPU:02 [\_PR_.C002] parent LNXSYSTM:00
[    0.171702]      scan-1133 get_device_data       : No context for object [ffff88040d83c578]
[    0.171711]      scan-1133 get_device_data       : No context for object [ffff88040d83c5a0]
[    0.171719]      scan-1133 get_device_data       : No context for object [ffff88040d83c5c8]
[    0.171728]      scan-1133 get_device_data       : No context for object [ffff88040d83c5f0]
[    0.171736]      scan-1133 get_device_data       : No context for object [ffff88040d83c618]
[    0.171744]      scan-1133 get_device_data       : No context for object [ffff88040d83c640]
[    0.171752]      scan-1133 get_device_data       : No context for object [ffff88040d81d1e0]
[    0.171762]     utils-0051 util_eval_error       : Evaluate [\_PR_.C003._STA]: AE_NOT_FOUND
[    0.171771]      scan-1133 get_device_data       : No context for object [ffff88040d81d028]
[    0.171789] device: 'LNXCPU:03': device_add
[    0.171796] bus: 'acpi': add device LNXCPU:03
[    0.171814]     utils-0051 util_eval_error       : Evaluate [\_PR_.C003._SUN]: AE_NOT_FOUND
[    0.172017]      scan-1916 add_single_object     : Added LNXCPU:03 [\_PR_.C003] parent LNXSYSTM:00
[    0.172017]      scan-1133 get_device_data       : No context for object [ffff88040d83c668]
[    0.172017]      scan-1133 get_device_data       : No context for object [ffff88040d83c690]
[    0.172017]      scan-1133 get_device_data       : No context for object [ffff88040d83c6b8]
[    0.172017]      scan-1133 get_device_data       : No context for object [ffff88040d83c6e0]
[    0.172017]      scan-1133 get_device_data       : No context for object [ffff88040d83c708]
[    0.172017]      scan-1133 get_device_data       : No context for object [ffff88040d83c730]
[    0.172017]      scan-1133 get_device_data       : No context for object [ffff88040d81d050]
[    0.172017]     utils-0051 util_eval_error       : Evaluate [\_SB_._STA]: AE_NOT_FOUND
[    0.172017] device: 'LNXSYBUS:00': device_add
[    0.172017] bus: 'acpi': add device LNXSYBUS:00
[    0.172017]     utils-0051 util_eval_error       : Evaluate [\_SB_._SUN]: AE_NOT_FOUND
[    0.172025]      scan-1916 add_single_object     : Added LNXSYBUS:00 [\_SB_] parent LNXSYSTM:00
[    0.172027]      scan-1133 get_device_data       : No context for object [ffff88040d81d3c0]
[    0.172036]      scan-1133 get_device_data       : No context for object [ffff88040d81d3e8]
[    0.172044]      scan-1133 get_device_data       : No context for object [ffff88040d81d410]
[    0.172053]      scan-1133 get_device_data       : No context for object [ffff88040d81d438]
[    0.172061]      scan-1133 get_device_data       : No context for object [ffff88040d81d460]
[    0.172070]      scan-1133 get_device_data       : No context for object [ffff88040d81d488]
[    0.172078]      scan-1133 get_device_data       : No context for object [ffff88040d81d4b0]
[    0.172086]      scan-1133 get_device_data       : No context for object [ffff88040d81d5a0]
[    0.172096]     utils-0051 util_eval_error       : Evaluate [\_SB_.PWRB._STA]: AE_NOT_FOUND
[    0.172142] device: 'PNP0C0C:00': device_add
[    0.172149] bus: 'acpi': add device PNP0C0C:00
[    0.172168]     utils-0051 util_eval_error       : Evaluate [\_SB_.PWRB._SUN]: AE_NOT_FOUND
[    0.172186]      scan-1916 add_single_object     : Added PNP0C0C:00 [\_SB_.PWRB] parent LNXSYBUS:00
[    0.172200]      scan-1133 get_device_data       : No context for object [ffff88040d81d5c8]
[    0.172209]      scan-1133 get_device_data       : No context for object [ffff88040d81d5f0]
[    0.172220]     utils-0051 util_eval_error       : Evaluate [\_SB_.PCI0._STA]: AE_NOT_FOUND
[    0.172283] device: 'PNP0A08:00': device_add
[    0.172291] bus: 'acpi': add device PNP0A08:00
[    0.172315]     utils-0051 util_eval_error       : Evaluate [\_SB_.PCI0._SUN]: AE_NOT_FOUND
[    0.172335]      scan-1916 add_single_object     : Added PNP0A08:00 [\_SB_.PCI0] parent LNXSYBUS:00
[    0.172350]      scan-1133 get_device_data       : No context for object [ffff88040d81d618]
[    0.172359]      scan-1133 get_device_data       : No context for object [ffff88040d81d640]
[    0.172367]      scan-1133 get_device_data       : No context for object [ffff88040d81d668]
[    0.172376]      scan-1133 get_device_data       : No context for object [ffff88040d81d690]
[    0.172384]      scan-1133 get_device_data       : No context for object [ffff88040d81d6b8]
[    0.172392]      scan-1133 get_device_data       : No context for object [ffff88040d81d6e0]
[    0.172400]      scan-1133 get_device_data       : No context for object [ffff88040d81d708]
[    0.172409]      scan-1133 get_device_data       : No context for object [ffff88040d81d730]
[    0.172417]      scan-1133 get_device_data       : No context for object [ffff88040d81d758]
[    0.172425]      scan-1133 get_device_data       : No context for object [ffff88040d81d780]
[    0.172434]      scan-1133 get_device_data       : No context for object [ffff88040d81d7a8]
[    0.172442]      scan-1133 get_device_data       : No context for object [ffff88040d81d7d0]
[    0.172450]      scan-1133 get_device_data       : No context for object [ffff88040d81d7f8]
[    0.172458]      scan-1133 get_device_data       : No context for object [ffff88040d81d820]
[    0.172467]      scan-1133 get_device_data       : No context for object [ffff88040d81d848]
[    0.172475]      scan-1133 get_device_data       : No context for object [ffff88040d81d870]
[    0.172483]      scan-1133 get_device_data       : No context for object [ffff88040d81d898]
[    0.172492]      scan-1133 get_device_data       : No context for object [ffff88040d81d8c0]
[    0.172500]      scan-1133 get_device_data       : No context for object [ffff88040d81d8e8]
[    0.172508]      scan-1133 get_device_data       : No context for object [ffff88040d81d910]
[    0.172516]      scan-1133 get_device_data       : No context for object [ffff88040d81d938]
[    0.172525]      scan-1133 get_device_data       : No context for object [ffff88040d81d960]
[    0.172533]      scan-1133 get_device_data       : No context for object [ffff88040d81d988]
[    0.172541]      scan-1133 get_device_data       : No context for object [ffff88040d81d9b0]
[    0.172550]      scan-1133 get_device_data       : No context for object [ffff88040d81d9d8]
[    0.172558]      scan-1133 get_device_data       : No context for object [ffff88040d81da00]
[    0.172566]      scan-1133 get_device_data       : No context for object [ffff88040d81da28]
[    0.172574]      scan-1133 get_device_data       : No context for object [ffff88040d81da50]
[    0.172583]      scan-1133 get_device_data       : No context for object [ffff88040d81da78]
[    0.172591]      scan-1133 get_device_data       : No context for object [ffff88040d81daa0]
[    0.172599]      scan-1133 get_device_data       : No context for object [ffff88040d81dac8]
[    0.172607]      scan-1133 get_device_data       : No context for object [ffff88040d81daf0]
[    0.172616]      scan-1133 get_device_data       : No context for object [ffff88040d81db18]
[    0.172624]      scan-1133 get_device_data       : No context for object [ffff88040d81db40]
[    0.172632]      scan-1133 get_device_data       : No context for object [ffff88040d81db68]
[    0.172640]      scan-1133 get_device_data       : No context for object [ffff88040d81db90]
[    0.172649]      scan-1133 get_device_data       : No context for object [ffff88040d81dbb8]
[    0.172657]      scan-1133 get_device_data       : No context for object [ffff88040d81dbe0]
[    0.172665]      scan-1133 get_device_data       : No context for object [ffff88040d81dc08]
[    0.172673]      scan-1133 get_device_data       : No context for object [ffff88040d81dc30]
[    0.172682]      scan-1133 get_device_data       : No context for object [ffff88040d81dc58]
[    0.172690]      scan-1133 get_device_data       : No context for object [ffff88040d81dc80]
[    0.172698]      scan-1133 get_device_data       : No context for object [ffff88040d81dca8]
[    0.172706]      scan-1133 get_device_data       : No context for object [ffff88040d81dcd0]
[    0.172715]      scan-1133 get_device_data       : No context for object [ffff88040d81dcf8]
[    0.172723]      scan-1133 get_device_data       : No context for object [ffff88040d81dd20]
[    0.172731]      scan-1133 get_device_data       : No context for object [ffff88040d81dd48]
[    0.172740]      scan-1133 get_device_data       : No context for object [ffff88040d81dd70]
[    0.172748]      scan-1133 get_device_data       : No context for object [ffff88040d81dd98]
[    0.172756]      scan-1133 get_device_data       : No context for object [ffff88040d81ddc0]
[    0.172764]      scan-1133 get_device_data       : No context for object [ffff88040d81dde8]
[    0.172773]      scan-1133 get_device_data       : No context for object [ffff88040d81de10]
[    0.172781]      scan-1133 get_device_data       : No context for object [ffff88040d81de38]
[    0.172789]      scan-1133 get_device_data       : No context for object [ffff88040d81de60]
[    0.172797]      scan-1133 get_device_data       : No context for object [ffff88040d81de88]
[    0.172806]      scan-1133 get_device_data       : No context for object [ffff88040d81deb0]
[    0.172814]      scan-1133 get_device_data       : No context for object [ffff88040d81ded8]
[    0.172822]      scan-1133 get_device_data       : No context for object [ffff88040d81df00]
[    0.172830]      scan-1133 get_device_data       : No context for object [ffff88040d81df28]
[    0.172839]      scan-1133 get_device_data       : No context for object [ffff88040d81df50]
[    0.172847]      scan-1133 get_device_data       : No context for object [ffff88040d81df78]
[    0.172855]      scan-1133 get_device_data       : No context for object [ffff88040d81dfa0]
[    0.172863]      scan-1133 get_device_data       : No context for object [ffff88040d81dfc8]
[    0.172872]      scan-1133 get_device_data       : No context for object [ffff88040d822000]
[    0.172880]      scan-1133 get_device_data       : No context for object [ffff88040d822028]
[    0.172890]     utils-0051 util_eval_error       : Evaluate [\_SB_.PCI0.MEMR._STA]: AE_NOT_FOUND
[    0.172936] device: 'PNP0C02:00': device_add
[    0.172944] bus: 'acpi': add device PNP0C02:00
[    0.172961]     utils-0051 util_eval_error       : Evaluate [\_SB_.PCI0.MEMR._SUN]: AE_NOT_FOUND
[    0.172980]      scan-1916 add_single_object     : Added PNP0C02:00 [\_SB_.PCI0.MEMR] parent PNP0A08:00
[    0.172993]      scan-1133 get_device_data       : No context for object [ffff88040d822050]
[    0.173008]      scan-1133 get_device_data       : No context for object [ffff88040d822078]
[    0.173017]      scan-1133 get_device_data       : No context for object [ffff88040d8220a0]
[    0.173026]      scan-1133 get_device_data       : No context for object [ffff88040d8220c8]
[    0.173035]      scan-1133 get_device_data       : No context for object [ffff88040d8220f0]
[    0.173043]      scan-1133 get_device_data       : No context for object [ffff88040d822118]
[    0.173051]      scan-1133 get_device_data       : No context for object [ffff88040d822140]
[    0.173060]      scan-1133 get_device_data       : No context for object [ffff88040d822168]
[    0.173068]      scan-1133 get_device_data       : No context for object [ffff88040d822190]
[    0.173076]      scan-1133 get_device_data       : No context for object [ffff88040d8221b8]
[    0.173085]      scan-1133 get_device_data       : No context for object [ffff88040d8221e0]
[    0.173093]      scan-1133 get_device_data       : No context for object [ffff88040d822208]
[    0.173101]      scan-1133 get_device_data       : No context for object [ffff88040d822230]
[    0.173109]      scan-1133 get_device_data       : No context for object [ffff88040d822258]
[    0.173118]      scan-1133 get_device_data       : No context for object [ffff88040d822280]
[    0.173126]      scan-1133 get_device_data       : No context for object [ffff88040d8222a8]
[    0.173136]     utils-0051 util_eval_error       : Evaluate [\_SB_.PCI0.PB2_._STA]: AE_NOT_FOUND
[    0.173252] device: 'device:00': device_add
[    0.173260] bus: 'acpi': add device device:00
[    0.173278]     utils-0051 util_eval_error       : Evaluate [\_SB_.PCI0.PB2_._SUN]: AE_NOT_FOUND
[    0.173298]      scan-1916 add_single_object     : Added device:00 [\_SB_.PCI0.PB2_] parent PNP0A08:00
[    0.173311]      scan-1133 get_device_data       : No context for object [ffff88040d8222d0]
[    0.173320]      scan-1133 get_device_data       : No context for object [ffff88040d8222f8]
[    0.173328]      scan-1133 get_device_data       : No context for object [ffff88040d822320]
[    0.173337]      scan-1133 get_device_data       : No context for object [ffff88040d822348]
[    0.173346]      scan-1133 get_device_data       : No context for object [ffff88040d822370]
[    0.173354]      scan-1133 get_device_data       : No context for object [ffff88040d822398]
[    0.173363]      scan-1133 get_device_data       : No context for object [ffff88040d8223c0]
[    0.173371]      scan-1133 get_device_data       : No context for object [ffff88040d8223e8]
[    0.173379]      scan-1133 get_device_data       : No context for object [ffff88040d822410]
[    0.173388]      scan-1133 get_device_data       : No context for object [ffff88040d822438]
[    0.173396]      scan-1133 get_device_data       : No context for object [ffff88040d822460]
[    0.173404]      scan-1133 get_device_data       : No context for object [ffff88040d822488]
[    0.173413]      scan-1133 get_device_data       : No context for object [ffff88040d8224b0]
[    0.173421]      scan-1133 get_device_data       : No context for object [ffff88040d8224d8]
[    0.173429]      scan-1133 get_device_data       : No context for object [ffff88040d822500]
[    0.173438]      scan-1133 get_device_data       : No context for object [ffff88040d822528]
[    0.173446]      scan-1133 get_device_data       : No context for object [ffff88040d822550]
[    0.173455]      scan-1133 get_device_data       : No context for object [ffff88040d822578]
[    0.173463]      scan-1133 get_device_data       : No context for object [ffff88040d8225a0]
[    0.173471]      scan-1133 get_device_data       : No context for object [ffff88040d8225c8]
[    0.173480]      scan-1133 get_device_data       : No context for object [ffff88040d8225f0]
[    0.173488]      scan-1133 get_device_data       : No context for object [ffff88040d822618]
[    0.173497]      scan-1133 get_device_data       : No context for object [ffff88040d822640]
[    0.173505]      scan-1133 get_device_data       : No context for object [ffff88040d822668]
[    0.173513]      scan-1133 get_device_data       : No context for object [ffff88040d822690]
[    0.173522]      scan-1133 get_device_data       : No context for object [ffff88040d8226b8]
[    0.173530]      scan-1133 get_device_data       : No context for object [ffff88040d8226e0]
[    0.173538]      scan-1133 get_device_data       : No context for object [ffff88040d822708]
[    0.173547]      scan-1133 get_device_data       : No context for object [ffff88040d822730]
[    0.173555]      scan-1133 get_device_data       : No context for object [ffff88040d822758]
[    0.173563]      scan-1133 get_device_data       : No context for object [ffff88040d822780]
[    0.173573]     utils-0051 util_eval_error       : Evaluate [\_SB_.PCI0.PB2_.VGA_._STA]: AE_NOT_FOUND
[    0.173625] device: 'device:01': device_add
[    0.173632] bus: 'acpi': add device device:01
[    0.173652]     utils-0051 util_eval_error       : Evaluate [\_SB_.PCI0.PB2_.VGA_._SUN]: AE_NOT_FOUND
[    0.173672]      scan-1916 add_single_object     : Added device:01 [\_SB_.PCI0.PB2_.VGA_] parent device:00
[    0.173685]      scan-1133 get_device_data       : No context for object [ffff88040d8227a8]
[    0.173694]      scan-1133 get_device_data       : No context for object [ffff88040d8227d0]
[    0.173702]      scan-1133 get_device_data       : No context for object [ffff88040d8227f8]
[    0.173711]      scan-1133 get_device_data       : No context for object [ffff88040d822820]
[    0.173719]      scan-1133 get_device_data       : No context for object [ffff88040d822848]
[    0.173727]      scan-1133 get_device_data       : No context for object [ffff88040d822870]
[    0.173736]      scan-1133 get_device_data       : No context for object [ffff88040d822898]
[    0.173744]      scan-1133 get_device_data       : No context for object [ffff88040d8228c0]
[    0.173753]      scan-1133 get_device_data       : No context for object [ffff88040d8228e8]
[    0.173761]      scan-1133 get_device_data       : No context for object [ffff88040d822910]
[    0.173769]      scan-1133 get_device_data       : No context for object [ffff88040d822938]
[    0.173777]      scan-1133 get_device_data       : No context for object [ffff88040d822960]
[    0.173786]      scan-1133 get_device_data       : No context for object [ffff88040d822988]
[    0.173794]      scan-1133 get_device_data       : No context for object [ffff88040d8229b0]
[    0.173802]      scan-1133 get_device_data       : No context for object [ffff88040d8229d8]
[    0.173811]      scan-1133 get_device_data       : No context for object [ffff88040d822a00]
[    0.173819]      scan-1133 get_device_data       : No context for object [ffff88040d822a28]
[    0.173827]      scan-1133 get_device_data       : No context for object [ffff88040d822a50]
[    0.173836]      scan-1133 get_device_data       : No context for object [ffff88040d822a78]
[    0.173844]      scan-1133 get_device_data       : No context for object [ffff88040d822aa0]
[    0.173852]      scan-1133 get_device_data       : No context for object [ffff88040d822ac8]
[    0.173860]      scan-1133 get_device_data       : No context for object [ffff88040d822af0]
[    0.173869]      scan-1133 get_device_data       : No context for object [ffff88040d822b18]
[    0.173877]      scan-1133 get_device_data       : No context for object [ffff88040d822b40]
[    0.173885]      scan-1133 get_device_data       : No context for object [ffff88040d822b68]
[    0.173894]      scan-1133 get_device_data       : No context for object [ffff88040d822b90]
[    0.173902]      scan-1133 get_device_data       : No context for object [ffff88040d822bb8]
[    0.173910]      scan-1133 get_device_data       : No context for object [ffff88040d822be0]
[    0.173919]      scan-1133 get_device_data       : No context for object [ffff88040d822c08]
[    0.173927]      scan-1133 get_device_data       : No context for object [ffff88040d822c30]
[    0.173935]      scan-1133 get_device_data       : No context for object [ffff88040d822c58]
[    0.173943]      scan-1133 get_device_data       : No context for object [ffff88040d822c80]
[    0.173952]      scan-1133 get_device_data       : No context for object [ffff88040d822ca8]
[    0.173960]      scan-1133 get_device_data       : No context for object [ffff88040d822cd0]
[    0.173968]      scan-1133 get_device_data       : No context for object [ffff88040d822cf8]
[    0.173977]      scan-1133 get_device_data       : No context for object [ffff88040d822d20]
[    0.173985]      scan-1133 get_device_data       : No context for object [ffff88040d822d48]
[    0.173993]      scan-1133 get_device_data       : No context for object [ffff88040d822d70]
[    0.174004]      scan-1133 get_device_data       : No context for object [ffff88040d822d98]
[    0.174012]      scan-1133 get_device_data       : No context for object [ffff88040d837438]
[    0.174021]      scan-1133 get_device_data       : No context for object [ffff88040d822dc0]
[    0.174031]     utils-0051 util_eval_error       : Evaluate [\_SB_.PCI0.PB2_.HDAU._STA]: AE_NOT_FOUND
[    0.174078] device: 'device:02': device_add
[    0.174086] bus: 'acpi': add device device:02
[    0.174105]     utils-0051 util_eval_error       : Evaluate [\_SB_.PCI0.PB2_.HDAU._SUN]: AE_NOT_FOUND
[    0.174124]      scan-1916 add_single_object     : Added device:02 [\_SB_.PCI0.PB2_.HDAU] parent device:00
[    0.174137]      scan-1133 get_device_data       : No context for object [ffff88040d822de8]
[    0.174146]      scan-1133 get_device_data       : No context for object [ffff88040d822e10]
[    0.174154]      scan-1133 get_device_data       : No context for object [ffff88040d822e38]
[    0.174163]      scan-1133 get_device_data       : No context for object [ffff88040d822e60]
[    0.174171]      scan-1133 get_device_data       : No context for object [ffff88040d822e88]
[    0.174180]      scan-1133 get_device_data       : No context for object [ffff88040d822eb0]
[    0.174188]      scan-1133 get_device_data       : No context for object [ffff88040d822ed8]
[    0.174198]     utils-0051 util_eval_error       : Evaluate [\_SB_.PCI0.PB3_._STA]: AE_NOT_FOUND
[    0.174308] device: 'device:03': device_add
[    0.174316] bus: 'acpi': add device device:03
[    0.174334]     utils-0051 util_eval_error       : Evaluate [\_SB_.PCI0.PB3_._SUN]: AE_NOT_FOUND
[    0.174353]      scan-1916 add_single_object     : Added device:03 [\_SB_.PCI0.PB3_] parent PNP0A08:00
[    0.174366]      scan-1133 get_device_data       : No context for object [ffff88040d822f00]
[    0.174375]      scan-1133 get_device_data       : No context for object [ffff88040d822f28]
[    0.174383]      scan-1133 get_device_data       : No context for object [ffff88040d822f50]
[    0.174392]      scan-1133 get_device_data       : No context for object [ffff88040d822f78]
[    0.174400]      scan-1133 get_device_data       : No context for object [ffff88040d822fa0]
[    0.174409]      scan-1133 get_device_data       : No context for object [ffff88040d822fc8]
[    0.174417]      scan-1133 get_device_data       : No context for object [ffff88040d823000]
[    0.174425]      scan-1133 get_device_data       : No context for object [ffff88040d823028]
[    0.174434]      scan-1133 get_device_data       : No context for object [ffff88040d823050]
[    0.174442]      scan-1133 get_device_data       : No context for object [ffff88040d823078]
[    0.174451]      scan-1133 get_device_data       : No context for object [ffff88040d8230a0]
[    0.174459]      scan-1133 get_device_data       : No context for object [ffff88040d8230c8]
[    0.174468]      scan-1133 get_device_data       : No context for object [ffff88040d8230f0]
[    0.174476]      scan-1133 get_device_data       : No context for object [ffff88040d823118]
[    0.174484]      scan-1133 get_device_data       : No context for object [ffff88040d823140]
[    0.174493]      scan-1133 get_device_data       : No context for object [ffff88040d823168]
[    0.174501]      scan-1133 get_device_data       : No context for object [ffff88040d823190]
[    0.174510]      scan-1133 get_device_data       : No context for object [ffff88040d8231b8]
[    0.174518]      scan-1133 get_device_data       : No context for object [ffff88040d8231e0]
[    0.174526]      scan-1133 get_device_data       : No context for object [ffff88040d823208]
[    0.174535]      scan-1133 get_device_data       : No context for object [ffff88040d823230]
[    0.174543]      scan-1133 get_device_data       : No context for object [ffff88040d823258]
[    0.174552]      scan-1133 get_device_data       : No context for object [ffff88040d823280]
[    0.174560]      scan-1133 get_device_data       : No context for object [ffff88040d8232a8]
[    0.174568]      scan-1133 get_device_data       : No context for object [ffff88040d8232d0]
[    0.174577]      scan-1133 get_device_data       : No context for object [ffff88040d8232f8]
[    0.174585]      scan-1133 get_device_data       : No context for object [ffff88040d823320]
[    0.174594]      scan-1133 get_device_data       : No context for object [ffff88040d823348]
[    0.174602]      scan-1133 get_device_data       : No context for object [ffff88040d823370]
[    0.174610]      scan-1133 get_device_data       : No context for object [ffff88040d823398]
[    0.174619]      scan-1133 get_device_data       : No context for object [ffff88040d8233c0]
[    0.174629]     utils-0051 util_eval_error       : Evaluate [\_SB_.PCI0.PB3_.VGA_._STA]: AE_NOT_FOUND
[    0.174671]     video-0058 backlight_cap_match   : Found generic backlight support
[    0.174692] device: 'LNXVIDEO:00': device_add
[    0.174699] bus: 'acpi': add device LNXVIDEO:00
[    0.174721]     utils-0051 util_eval_error       : Evaluate [\_SB_.PCI0.PB3_.VGA_._SUN]: AE_NOT_FOUND
[    0.174741]      scan-1916 add_single_object     : Added LNXVIDEO:00 [\_SB_.PCI0.PB3_.VGA_] parent device:03
[    0.174755]      scan-1133 get_device_data       : No context for object [ffff88040d8233e8]
[    0.174764]      scan-1133 get_device_data       : No context for object [ffff88040d823410]
[    0.174772]      scan-1133 get_device_data       : No context for object [ffff88040d823438]
[    0.174781]      scan-1133 get_device_data       : No context for object [ffff88040d823460]
[    0.174789]      scan-1133 get_device_data       : No context for object [ffff88040d823488]
[    0.174798]      scan-1133 get_device_data       : No context for object [ffff88040d8234b0]
[    0.174806]      scan-1133 get_device_data       : No context for object [ffff88040d8234d8]
[    0.174815]      scan-1133 get_device_data       : No context for object [ffff88040d823500]
[    0.174823]      scan-1133 get_device_data       : No context for object [ffff88040d823528]
[    0.174831]      scan-1133 get_device_data       : No context for object [ffff88040d823550]
[    0.174840]      scan-1133 get_device_data       : No context for object [ffff88040d823578]
[    0.174848]      scan-1133 get_device_data       : No context for object [ffff88040d8235a0]
[    0.174856]      scan-1133 get_device_data       : No context for object [ffff88040d8235c8]
[    0.174865]      scan-1133 get_device_data       : No context for object [ffff88040d8235f0]
[    0.174873]      scan-1133 get_device_data       : No context for object [ffff88040d823618]
[    0.174881]      scan-1133 get_device_data       : No context for object [ffff88040d823640]
[    0.174890]      scan-1133 get_device_data       : No context for object [ffff88040d823668]
[    0.174898]      scan-1133 get_device_data       : No context for object [ffff88040d823690]
[    0.174906]      scan-1133 get_device_data       : No context for object [ffff88040d8236b8]
[    0.174914]      scan-1133 get_device_data       : No context for object [ffff88040d8236e0]
[    0.174923]      scan-1133 get_device_data       : No context for object [ffff88040d823708]
[    0.174931]      scan-1133 get_device_data       : No context for object [ffff88040d823730]
[    0.174939]      scan-1133 get_device_data       : No context for object [ffff88040d823758]
[    0.174948]      scan-1133 get_device_data       : No context for object [ffff88040d823780]
[    0.174956]      scan-1133 get_device_data       : No context for object [ffff88040d8237a8]
[    0.174964]      scan-1133 get_device_data       : No context for object [ffff88040d8237d0]
[    0.174973]      scan-1133 get_device_data       : No context for object [ffff88040d8237f8]
[    0.174981]      scan-1133 get_device_data       : No context for object [ffff88040d823820]
[    0.174989]      scan-1133 get_device_data       : No context for object [ffff88040d823848]
[    0.175004]      scan-1133 get_device_data       : No context for object [ffff88040d823870]
[    0.175012]      scan-1133 get_device_data       : No context for object [ffff88040d823898]
[    0.175021]      scan-1133 get_device_data       : No context for object [ffff88040d8238c0]
[    0.175029]      scan-1133 get_device_data       : No context for object [ffff88040d8238e8]
[    0.175037]      scan-1133 get_device_data       : No context for object [ffff88040d823910]
[    0.175046]      scan-1133 get_device_data       : No context for object [ffff88040d823938]
[    0.175054]      scan-1133 get_device_data       : No context for object [ffff88040d823960]
[    0.175062]      scan-1133 get_device_data       : No context for object [ffff88040d823988]
[    0.175071]      scan-1133 get_device_data       : No context for object [ffff88040d8239b0]
[    0.175079]      scan-1133 get_device_data       : No context for object [ffff88040d8239d8]
[    0.175087]      scan-1133 get_device_data       : No context for object [ffff88040d837460]
[    0.175096]      scan-1133 get_device_data       : No context for object [ffff88040d83ac08]
[    0.175104]      scan-1133 get_device_data       : No context for object [ffff88040d83ac30]
[    0.175112]      scan-1133 get_device_data       : No context for object [ffff88040d83ac58]
[    0.175123]     utils-0051 util_eval_error       : Evaluate [\_SB_.PCI0.PB3_.VGA_.CRT_._STA]: AE_NOT_FOUND
[    0.175180] device: 'device:04': device_add
[    0.175188] bus: 'acpi': add device device:04
[    0.175206]     utils-0051 util_eval_error       : Evaluate [\_SB_.PCI0.PB3_.VGA_.CRT_._SUN]: AE_NOT_FOUND
[    0.175226]      scan-1916 add_single_object     : Added device:04 [\_SB_.PCI0.PB3_.VGA_.CRT_] parent LNXVIDEO:00
[    0.175239]      scan-1133 get_device_data       : No context for object [ffff88040d83ac80]
[    0.175248]      scan-1133 get_device_data       : No context for object [ffff88040d83aca8]
[    0.175257]      scan-1133 get_device_data       : No context for object [ffff88040d83acd0]
[    0.175266]      scan-1133 get_device_data       : No context for object [ffff88040d83acf8]
[    0.175274]      scan-1133 get_device_data       : No context for object [ffff88040d83ad20]
[    0.175284]     utils-0051 util_eval_error       : Evaluate [\_SB_.PCI0.PB3_.VGA_.LCD_._STA]: AE_NOT_FOUND
[    0.175345] device: 'device:05': device_add
[    0.175353] bus: 'acpi': add device device:05
[    0.175370]     utils-0051 util_eval_error       : Evaluate [\_SB_.PCI0.PB3_.VGA_.LCD_._SUN]: AE_NOT_FOUND
[    0.175390]      scan-1916 add_single_object     : Added device:05 [\_SB_.PCI0.PB3_.VGA_.LCD_] parent LNXVIDEO:00
[    0.175403]      scan-1133 get_device_data       : No context for object [ffff88040d83ad48]
[    0.175412]      scan-1133 get_device_data       : No context for object [ffff88040d83ad70]
[    0.175421]      scan-1133 get_device_data       : No context for object [ffff88040d83ad98]
[    0.175429]      scan-1133 get_device_data       : No context for object [ffff88040d83adc0]
[    0.175438]      scan-1133 get_device_data       : No context for object [ffff88040d83ade8]
[    0.175446]      scan-1133 get_device_data       : No context for object [ffff88040d83ae10]
[    0.175455]      scan-1133 get_device_data       : No context for object [ffff88040d83ae38]
[    0.175463]      scan-1133 get_device_data       : No context for object [ffff88040d83ae60]
[    0.175473]     utils-0051 util_eval_error       : Evaluate [\_SB_.PCI0.PB3_.VGA_.TV0_._STA]: AE_NOT_FOUND
[    0.175520] device: 'device:06': device_add
[    0.175528] bus: 'acpi': add device device:06
[    0.175549]     utils-0051 util_eval_error       : Evaluate [\_SB_.PCI0.PB3_.VGA_.TV0_._SUN]: AE_NOT_FOUND
[    0.175569]      scan-1916 add_single_object     : Added device:06 [\_SB_.PCI0.PB3_.VGA_.TV0_] parent LNXVIDEO:00
[    0.175582]      scan-1133 get_device_data       : No context for object [ffff88040d83ae88]
[    0.175591]      scan-1133 get_device_data       : No context for object [ffff88040d83aeb0]
[    0.175599]      scan-1133 get_device_data       : No context for object [ffff88040d83aed8]
[    0.175608]      scan-1133 get_device_data       : No context for object [ffff88040d83af00]
[    0.175617]      scan-1133 get_device_data       : No context for object [ffff88040d83af28]
[    0.175626]     utils-0051 util_eval_error       : Evaluate [\_SB_.PCI0.PB3_.VGA_.HDMI._STA]: AE_NOT_FOUND
[    0.175683] device: 'device:07': device_add
[    0.175690] bus: 'acpi': add device device:07
[    0.175708]     utils-0051 util_eval_error       : Evaluate [\_SB_.PCI0.PB3_.VGA_.HDMI._SUN]: AE_NOT_FOUND
[    0.175728]      scan-1916 add_single_object     : Added device:07 [\_SB_.PCI0.PB3_.VGA_.HDMI] parent LNXVIDEO:00
[    0.175742]      scan-1133 get_device_data       : No context for object [ffff88040d83af50]
[    0.175750]      scan-1133 get_device_data       : No context for object [ffff88040d83af78]
[    0.175759]      scan-1133 get_device_data       : No context for object [ffff88040d83afa0]
[    0.175767]      scan-1133 get_device_data       : No context for object [ffff88040d83afc8]
[    0.175776]      scan-1133 get_device_data       : No context for object [ffff88040d823a00]
[    0.175786]     utils-0051 util_eval_error       : Evaluate [\_SB_.PCI0.PB3_.HDAU._STA]: AE_NOT_FOUND
[    0.175832] device: 'device:08': device_add
[    0.175840] bus: 'acpi': add device device:08
[    0.175857]     utils-0051 util_eval_error       : Evaluate [\_SB_.PCI0.PB3_.HDAU._SUN]: AE_NOT_FOUND
[    0.176033]      scan-1916 add_single_object     : Added device:08 [\_SB_.PCI0.PB3_.HDAU] parent device:03
[    0.176033]      scan-1133 get_device_data       : No context for object [ffff88040d823a28]
[    0.176033]      scan-1133 get_device_data       : No context for object [ffff88040d823a50]
[    0.176033]      scan-1133 get_device_data       : No context for object [ffff88040d823a78]
[    0.176033]      scan-1133 get_device_data       : No context for object [ffff88040d823aa0]
[    0.176033]      scan-1133 get_device_data       : No context for object [ffff88040d823ac8]
[    0.176033]      scan-1133 get_device_data       : No context for object [ffff88040d823af0]
[    0.176033]      scan-1133 get_device_data       : No context for object [ffff88040d823b18]
[    0.176033]     utils-0051 util_eval_error       : Evaluate [\_SB_.PCI0.PB4_._STA]: AE_NOT_FOUND
[    0.176065] device: 'device:09': device_add
[    0.176073] bus: 'acpi': add device device:09
[    0.176093]     utils-0051 util_eval_error       : Evaluate [\_SB_.PCI0.PB4_._SUN]: AE_NOT_FOUND
[    0.176112]      scan-1916 add_single_object     : Added device:09 [\_SB_.PCI0.PB4_] parent PNP0A08:00
[    0.176125]      scan-1133 get_device_data       : No context for object [ffff88040d823b40]
[    0.176134]      scan-1133 get_device_data       : No context for object [ffff88040d823b68]
[    0.176142]      scan-1133 get_device_data       : No context for object [ffff88040d823b90]
[    0.176151]      scan-1133 get_device_data       : No context for object [ffff88040d823bb8]
[    0.176159]      scan-1133 get_device_data       : No context for object [ffff88040d823be0]
[    0.176168]      scan-1133 get_device_data       : No context for object [ffff88040d823c08]
[    0.176176]      scan-1133 get_device_data       : No context for object [ffff88040d823c30]
[    0.176185]      scan-1133 get_device_data       : No context for object [ffff88040d823c58]
[    0.176193]      scan-1133 get_device_data       : No context for object [ffff88040d823c80]
[    0.176202]      scan-1133 get_device_data       : No context for object [ffff88040d823ca8]
[    0.176210]      scan-1133 get_device_data       : No context for object [ffff88040d823cd0]
[    0.176219]      scan-1133 get_device_data       : No context for object [ffff88040d823cf8]
[    0.176227]      scan-1133 get_device_data       : No context for object [ffff88040d823d20]
[    0.176236]      scan-1133 get_device_data       : No context for object [ffff88040d823d48]
[    0.176244]      scan-1133 get_device_data       : No context for object [ffff88040d823d70]
[    0.176253]      scan-1133 get_device_data       : No context for object [ffff88040d823d98]
[    0.176262]      scan-1133 get_device_data       : No context for object [ffff88040d823dc0]
[    0.176270]      scan-1133 get_device_data       : No context for object [ffff88040d823de8]
[    0.176279]      scan-1133 get_device_data       : No context for object [ffff88040d823e10]
[    0.176287]      scan-1133 get_device_data       : No context for object [ffff88040d823e38]
[    0.176295]      scan-1133 get_device_data       : No context for object [ffff88040d823e60]
[    0.176304]      scan-1133 get_device_data       : No context for object [ffff88040d823e88]
[    0.176312]      scan-1133 get_device_data       : No context for object [ffff88040d823eb0]
[    0.176321]      scan-1133 get_device_data       : No context for object [ffff88040d823ed8]
[    0.176329]      scan-1133 get_device_data       : No context for object [ffff88040d823f00]
[    0.176338]      scan-1133 get_device_data       : No context for object [ffff88040d823f28]
[    0.176346]      scan-1133 get_device_data       : No context for object [ffff88040d823f50]
[    0.176354]      scan-1133 get_device_data       : No context for object [ffff88040d823f78]
[    0.176363]      scan-1133 get_device_data       : No context for object [ffff88040d823fa0]
[    0.176371]      scan-1133 get_device_data       : No context for object [ffff88040d823fc8]
[    0.176380]      scan-1133 get_device_data       : No context for object [ffff88040d825000]
[    0.176389]     utils-0051 util_eval_error       : Evaluate [\_SB_.PCI0.PB4_.XPDV._STA]: AE_NOT_FOUND
[    0.176437] device: 'device:0a': device_add
[    0.176445] bus: 'acpi': add device device:0a
[    0.176462]     utils-0051 util_eval_error       : Evaluate [\_SB_.PCI0.PB4_.XPDV._SUN]: AE_NOT_FOUND
[    0.176481]      scan-1916 add_single_object     : Added device:0a [\_SB_.PCI0.PB4_.XPDV] parent device:09
[    0.176494]      scan-1133 get_device_data       : No context for object [ffff88040d825028]
[    0.176502]      scan-1133 get_device_data       : No context for object [ffff88040d825050]
[    0.176511]      scan-1133 get_device_data       : No context for object [ffff88040d825078]
[    0.176519]      scan-1133 get_device_data       : No context for object [ffff88040d8250a0]
[    0.176528]      scan-1133 get_device_data       : No context for object [ffff88040d8250c8]
[    0.176536]      scan-1133 get_device_data       : No context for object [ffff88040d837500]
[    0.176545]      scan-1133 get_device_data       : No context for object [ffff88040d8250f0]
[    0.176553]      scan-1133 get_device_data       : No context for object [ffff88040d825118]
[    0.176563]     utils-0051 util_eval_error       : Evaluate [\_SB_.PCI0.PB5_._STA]: AE_NOT_FOUND
[    0.176672] device: 'device:0b': device_add
[    0.176680] bus: 'acpi': add device device:0b
[    0.176698]     utils-0051 util_eval_error       : Evaluate [\_SB_.PCI0.PB5_._SUN]: AE_NOT_FOUND
[    0.176717]      scan-1916 add_single_object     : Added device:0b [\_SB_.PCI0.PB5_] parent PNP0A08:00
[    0.176730]      scan-1133 get_device_data       : No context for object [ffff88040d825140]
[    0.176738]      scan-1133 get_device_data       : No context for object [ffff88040d825168]
[    0.176747]      scan-1133 get_device_data       : No context for object [ffff88040d825190]
[    0.176755]      scan-1133 get_device_data       : No context for object [ffff88040d8251b8]
[    0.176764]      scan-1133 get_device_data       : No context for object [ffff88040d8251e0]
[    0.176772]      scan-1133 get_device_data       : No context for object [ffff88040d825208]
[    0.176780]      scan-1133 get_device_data       : No context for object [ffff88040d825230]
[    0.176789]      scan-1133 get_device_data       : No context for object [ffff88040d825258]
[    0.176798]      scan-1133 get_device_data       : No context for object [ffff88040d825280]
[    0.176806]      scan-1133 get_device_data       : No context for object [ffff88040d8252a8]
[    0.176815]      scan-1133 get_device_data       : No context for object [ffff88040d8252d0]
[    0.176823]      scan-1133 get_device_data       : No context for object [ffff88040d8252f8]
[    0.176831]      scan-1133 get_device_data       : No context for object [ffff88040d825320]
[    0.176839]      scan-1133 get_device_data       : No context for object [ffff88040d825348]
[    0.176848]      scan-1133 get_device_data       : No context for object [ffff88040d825370]
[    0.176856]      scan-1133 get_device_data       : No context for object [ffff88040d825398]
[    0.176865]      scan-1133 get_device_data       : No context for object [ffff88040d8253c0]
[    0.176873]      scan-1133 get_device_data       : No context for object [ffff88040d8253e8]
[    0.176881]      scan-1133 get_device_data       : No context for object [ffff88040d825410]
[    0.176890]      scan-1133 get_device_data       : No context for object [ffff88040d825438]
[    0.176898]      scan-1133 get_device_data       : No context for object [ffff88040d825460]
[    0.176907]      scan-1133 get_device_data       : No context for object [ffff88040d825488]
[    0.176915]      scan-1133 get_device_data       : No context for object [ffff88040d8254b0]
[    0.176923]      scan-1133 get_device_data       : No context for object [ffff88040d8254d8]
[    0.176932]      scan-1133 get_device_data       : No context for object [ffff88040d825500]
[    0.176940]      scan-1133 get_device_data       : No context for object [ffff88040d825528]
[    0.176948]      scan-1133 get_device_data       : No context for object [ffff88040d825550]
[    0.176957]      scan-1133 get_device_data       : No context for object [ffff88040d825578]
[    0.176965]      scan-1133 get_device_data       : No context for object [ffff88040d8255a0]
[    0.176973]      scan-1133 get_device_data       : No context for object [ffff88040d8255c8]
[    0.176982]      scan-1133 get_device_data       : No context for object [ffff88040d8255f0]
[    0.176991]     utils-0051 util_eval_error       : Evaluate [\_SB_.PCI0.PB5_.XPDV._STA]: AE_NOT_FOUND
[    0.177045] device: 'device:0c': device_add
[    0.177053] bus: 'acpi': add device device:0c
[    0.177074]     utils-0051 util_eval_error       : Evaluate [\_SB_.PCI0.PB5_.XPDV._SUN]: AE_NOT_FOUND
[    0.177093]      scan-1916 add_single_object     : Added device:0c [\_SB_.PCI0.PB5_.XPDV] parent device:0b
[    0.177106]      scan-1133 get_device_data       : No context for object [ffff88040d825618]
[    0.177115]      scan-1133 get_device_data       : No context for object [ffff88040d825640]
[    0.177123]      scan-1133 get_device_data       : No context for object [ffff88040d825668]
[    0.177132]      scan-1133 get_device_data       : No context for object [ffff88040d825690]
[    0.177140]      scan-1133 get_device_data       : No context for object [ffff88040d8256b8]
[    0.177148]      scan-1133 get_device_data       : No context for object [ffff88040d837528]
[    0.177157]      scan-1133 get_device_data       : No context for object [ffff88040d8256e0]
[    0.177166]      scan-1133 get_device_data       : No context for object [ffff88040d825708]
[    0.177175]     utils-0051 util_eval_error       : Evaluate [\_SB_.PCI0.PB6_._STA]: AE_NOT_FOUND
[    0.177284] device: 'device:0d': device_add
[    0.177292] bus: 'acpi': add device device:0d
[    0.177310]     utils-0051 util_eval_error       : Evaluate [\_SB_.PCI0.PB6_._SUN]: AE_NOT_FOUND
[    0.177329]      scan-1916 add_single_object     : Added device:0d [\_SB_.PCI0.PB6_] parent PNP0A08:00
[    0.177342]      scan-1133 get_device_data       : No context for object [ffff88040d825730]
[    0.177351]      scan-1133 get_device_data       : No context for object [ffff88040d825758]
[    0.177360]      scan-1133 get_device_data       : No context for object [ffff88040d825780]
[    0.177368]      scan-1133 get_device_data       : No context for object [ffff88040d8257a8]
[    0.177377]      scan-1133 get_device_data       : No context for object [ffff88040d8257d0]
[    0.177385]      scan-1133 get_device_data       : No context for object [ffff88040d8257f8]
[    0.177394]      scan-1133 get_device_data       : No context for object [ffff88040d825820]
[    0.177402]      scan-1133 get_device_data       : No context for object [ffff88040d825848]
[    0.177411]      scan-1133 get_device_data       : No context for object [ffff88040d825870]
[    0.177419]      scan-1133 get_device_data       : No context for object [ffff88040d825898]
[    0.177428]      scan-1133 get_device_data       : No context for object [ffff88040d8258c0]
[    0.177436]      scan-1133 get_device_data       : No context for object [ffff88040d8258e8]
[    0.177444]      scan-1133 get_device_data       : No context for object [ffff88040d825910]
[    0.177453]      scan-1133 get_device_data       : No context for object [ffff88040d825938]
[    0.177461]      scan-1133 get_device_data       : No context for object [ffff88040d825960]
[    0.177470]      scan-1133 get_device_data       : No context for object [ffff88040d825988]
[    0.177478]      scan-1133 get_device_data       : No context for object [ffff88040d8259b0]
[    0.177487]      scan-1133 get_device_data       : No context for object [ffff88040d8259d8]
[    0.177495]      scan-1133 get_device_data       : No context for object [ffff88040d825a00]
[    0.177504]      scan-1133 get_device_data       : No context for object [ffff88040d825a28]
[    0.177512]      scan-1133 get_device_data       : No context for object [ffff88040d825a50]
[    0.177521]      scan-1133 get_device_data       : No context for object [ffff88040d825a78]
[    0.177529]      scan-1133 get_device_data       : No context for object [ffff88040d825aa0]
[    0.177538]      scan-1133 get_device_data       : No context for object [ffff88040d825ac8]
[    0.177546]      scan-1133 get_device_data       : No context for object [ffff88040d825af0]
[    0.177555]      scan-1133 get_device_data       : No context for object [ffff88040d825b18]
[    0.177563]      scan-1133 get_device_data       : No context for object [ffff88040d825b40]
[    0.177571]      scan-1133 get_device_data       : No context for object [ffff88040d825b68]
[    0.177580]      scan-1133 get_device_data       : No context for object [ffff88040d825b90]
[    0.177588]      scan-1133 get_device_data       : No context for object [ffff88040d825bb8]
[    0.177597]      scan-1133 get_device_data       : No context for object [ffff88040d825be0]
[    0.177606]     utils-0051 util_eval_error       : Evaluate [\_SB_.PCI0.PB6_.XPDV._STA]: AE_NOT_FOUND
[    0.177653] device: 'device:0e': device_add
[    0.177661] bus: 'acpi': add device device:0e
[    0.177678]     utils-0051 util_eval_error       : Evaluate [\_SB_.PCI0.PB6_.XPDV._SUN]: AE_NOT_FOUND
[    0.177697]      scan-1916 add_single_object     : Added device:0e [\_SB_.PCI0.PB6_.XPDV] parent device:0d
[    0.177710]      scan-1133 get_device_data       : No context for object [ffff88040d825c08]
[    0.177718]      scan-1133 get_device_data       : No context for object [ffff88040d825c30]
[    0.177727]      scan-1133 get_device_data       : No context for object [ffff88040d825c58]
[    0.177736]      scan-1133 get_device_data       : No context for object [ffff88040d825c80]
[    0.177744]      scan-1133 get_device_data       : No context for object [ffff88040d825ca8]
[    0.177752]      scan-1133 get_device_data       : No context for object [ffff88040d837550]
[    0.177761]      scan-1133 get_device_data       : No context for object [ffff88040d825cd0]
[    0.177770]      scan-1133 get_device_data       : No context for object [ffff88040d825cf8]
[    0.177779]     utils-0051 util_eval_error       : Evaluate [\_SB_.PCI0.PB7_._STA]: AE_NOT_FOUND
[    0.177888] device: 'device:0f': device_add
[    0.177896] bus: 'acpi': add device device:0f
[    0.177917]     utils-0051 util_eval_error       : Evaluate [\_SB_.PCI0.PB7_._SUN]: AE_NOT_FOUND
[    0.178037]      scan-1916 add_single_object     : Added device:0f [\_SB_.PCI0.PB7_] parent PNP0A08:00
[    0.178037]      scan-1133 get_device_data       : No context for object [ffff88040d825d20]
[    0.178037]      scan-1133 get_device_data       : No context for object [ffff88040d825d48]
[    0.178037]      scan-1133 get_device_data       : No context for object [ffff88040d825d70]
[    0.178037]      scan-1133 get_device_data       : No context for object [ffff88040d825d98]
[    0.178037]      scan-1133 get_device_data       : No context for object [ffff88040d825dc0]
[    0.178037]      scan-1133 get_device_data       : No context for object [ffff88040d825de8]
[    0.178037]      scan-1133 get_device_data       : No context for object [ffff88040d825e10]
[    0.178037]      scan-1133 get_device_data       : No context for object [ffff88040d825e38]
[    0.178037]      scan-1133 get_device_data       : No context for object [ffff88040d825e60]
[    0.178037]      scan-1133 get_device_data       : No context for object [ffff88040d825e88]
[    0.178038]      scan-1133 get_device_data       : No context for object [ffff88040d825eb0]
[    0.178046]      scan-1133 get_device_data       : No context for object [ffff88040d825ed8]
[    0.178055]      scan-1133 get_device_data       : No context for object [ffff88040d825f00]
[    0.178063]      scan-1133 get_device_data       : No context for object [ffff88040d825f28]
[    0.178071]      scan-1133 get_device_data       : No context for object [ffff88040d825f50]
[    0.178080]      scan-1133 get_device_data       : No context for object [ffff88040d825f78]
[    0.178088]      scan-1133 get_device_data       : No context for object [ffff88040d825fa0]
[    0.178096]      scan-1133 get_device_data       : No context for object [ffff88040d825fc8]
[    0.178105]      scan-1133 get_device_data       : No context for object [ffff88040d827000]
[    0.178113]      scan-1133 get_device_data       : No context for object [ffff88040d827028]
[    0.178122]      scan-1133 get_device_data       : No context for object [ffff88040d827050]
[    0.178130]      scan-1133 get_device_data       : No context for object [ffff88040d827078]
[    0.178138]      scan-1133 get_device_data       : No context for object [ffff88040d8270a0]
[    0.178147]      scan-1133 get_device_data       : No context for object [ffff88040d8270c8]
[    0.178155]      scan-1133 get_device_data       : No context for object [ffff88040d8270f0]
[    0.178164]      scan-1133 get_device_data       : No context for object [ffff88040d827118]
[    0.178172]      scan-1133 get_device_data       : No context for object [ffff88040d827140]
[    0.178181]      scan-1133 get_device_data       : No context for object [ffff88040d827168]
[    0.178189]      scan-1133 get_device_data       : No context for object [ffff88040d827190]
[    0.178197]      scan-1133 get_device_data       : No context for object [ffff88040d8271b8]
[    0.178206]      scan-1133 get_device_data       : No context for object [ffff88040d8271e0]
[    0.178215]     utils-0051 util_eval_error       : Evaluate [\_SB_.PCI0.PB7_.XPDV._STA]: AE_NOT_FOUND
[    0.178262] device: 'device:10': device_add
[    0.178270] bus: 'acpi': add device device:10
[    0.178287]     utils-0051 util_eval_error       : Evaluate [\_SB_.PCI0.PB7_.XPDV._SUN]: AE_NOT_FOUND
[    0.178306]      scan-1916 add_single_object     : Added device:10 [\_SB_.PCI0.PB7_.XPDV] parent device:0f
[    0.178319]      scan-1133 get_device_data       : No context for object [ffff88040d827208]
[    0.178328]      scan-1133 get_device_data       : No context for object [ffff88040d827230]
[    0.178337]      scan-1133 get_device_data       : No context for object [ffff88040d827258]
[    0.178346]      scan-1133 get_device_data       : No context for object [ffff88040d827280]
[    0.178354]      scan-1133 get_device_data       : No context for object [ffff88040d8272a8]
[    0.178362]      scan-1133 get_device_data       : No context for object [ffff88040d837488]
[    0.178371]      scan-1133 get_device_data       : No context for object [ffff88040d8272d0]
[    0.178379]      scan-1133 get_device_data       : No context for object [ffff88040d8272f8]
[    0.178389]     utils-0051 util_eval_error       : Evaluate [\_SB_.PCI0.OHC1._STA]: AE_NOT_FOUND
[    0.178495] device: 'device:11': device_add
[    0.178503] bus: 'acpi': add device device:11
[    0.178521]     utils-0051 util_eval_error       : Evaluate [\_SB_.PCI0.OHC1._SUN]: AE_NOT_FOUND
[    0.178539]      scan-1916 add_single_object     : Added device:11 [\_SB_.PCI0.OHC1] parent PNP0A08:00
[    0.178552]      scan-1133 get_device_data       : No context for object [ffff88040d827320]
[    0.178561]      scan-1133 get_device_data       : No context for object [ffff88040d827348]
[    0.178569]      scan-1133 get_device_data       : No context for object [ffff88040d83b2f8]
[    0.178579]     utils-0051 util_eval_error       : Evaluate [\_SB_.PCI0.OHC1.RHUB._STA]: AE_NOT_FOUND
[    0.178626] device: 'device:12': device_add
[    0.178633] bus: 'acpi': add device device:12
[    0.178654]     utils-0051 util_eval_error       : Evaluate [\_SB_.PCI0.OHC1.RHUB._SUN]: AE_NOT_FOUND
[    0.178673]      scan-1916 add_single_object     : Added device:12 [\_SB_.PCI0.OHC1.RHUB] parent device:11
[    0.178686]      scan-1133 get_device_data       : No context for object [ffff88040d83b320]
[    0.178695]      scan-1133 get_device_data       : No context for object [ffff88040d83b348]
[    0.178705]     utils-0051 util_eval_error       : Evaluate [\_SB_.PCI0.OHC1.RHUB.PRT3._STA]: AE_NOT_FOUND
[    0.178752] device: 'device:13': device_add
[    0.178759] bus: 'acpi': add device device:13
[    0.178777]     utils-0051 util_eval_error       : Evaluate [\_SB_.PCI0.OHC1.RHUB.PRT3._SUN]: AE_NOT_FOUND
[    0.179016]      scan-1916 add_single_object     : Added device:13 [\_SB_.PCI0.OHC1.RHUB.PRT3] parent device:12
[    0.179016]      scan-1133 get_device_data       : No context for object [ffff88040d83b370]
[    0.179016]      scan-1133 get_device_data       : No context for object [ffff88040d83b398]
[    0.179016]      scan-1133 get_device_data       : No context for object [ffff88040d83b3c0]
[    0.179016]      scan-1133 get_device_data       : No context for object [ffff88040d83b3e8]
[    0.179016]     utils-0051 util_eval_error       : Evaluate [\_SB_.PCI0.OHC1.RHUB.PRT4._STA]: AE_NOT_FOUND
[    0.179016] device: 'device:14': device_add
[    0.179016] bus: 'acpi': add device device:14
[    0.179016]     utils-0051 util_eval_error       : Evaluate [\_SB_.PCI0.OHC1.RHUB.PRT4._SUN]: AE_NOT_FOUND
[    0.179026]      scan-1916 add_single_object     : Added device:14 [\_SB_.PCI0.OHC1.RHUB.PRT4] parent device:12
[    0.179026]      scan-1133 get_device_data       : No context for object [ffff88040d83b410]
[    0.179026]      scan-1133 get_device_data       : No context for object [ffff88040d83b438]
[    0.179026]      scan-1133 get_device_data       : No context for object [ffff88040d83b460]
[    0.179026]      scan-1133 get_device_data       : No context for object [ffff88040d827370]
[    0.179026]     utils-0051 util_eval_error       : Evaluate [\_SB_.PCI0.EHC1._STA]: AE_NOT_FOUND
[    0.179101] device: 'device:15': device_add
[    0.179109] bus: 'acpi': add device device:15
[    0.179130]     utils-0051 util_eval_error       : Evaluate [\_SB_.PCI0.EHC1._SUN]: AE_NOT_FOUND
[    0.179149]      scan-1916 add_single_object     : Added device:15 [\_SB_.PCI0.EHC1] parent PNP0A08:00
[    0.179162]      scan-1133 get_device_data       : No context for object [ffff88040d827398]
[    0.179171]      scan-1133 get_device_data       : No context for object [ffff88040d8273c0]
[    0.179179]      scan-1133 get_device_data       : No context for object [ffff88040d83b028]
[    0.179189]     utils-0051 util_eval_error       : Evaluate [\_SB_.PCI0.EHC1.RHUB._STA]: AE_NOT_FOUND
[    0.179235] device: 'device:16': device_add
[    0.179242] bus: 'acpi': add device device:16
[    0.179260]     utils-0051 util_eval_error       : Evaluate [\_SB_.PCI0.EHC1.RHUB._SUN]: AE_NOT_FOUND
[    0.179278]      scan-1916 add_single_object     : Added device:16 [\_SB_.PCI0.EHC1.RHUB] parent device:15
[    0.179291]      scan-1133 get_device_data       : No context for object [ffff88040d83b050]
[    0.179299]      scan-1133 get_device_data       : No context for object [ffff88040d83b078]
[    0.179309]     utils-0051 util_eval_error       : Evaluate [\_SB_.PCI0.EHC1.RHUB.PRT3._STA]: AE_NOT_FOUND
[    0.179356] device: 'device:17': device_add
[    0.179363] bus: 'acpi': add device device:17
[    0.179380]     utils-0051 util_eval_error       : Evaluate [\_SB_.PCI0.EHC1.RHUB.PRT3._SUN]: AE_NOT_FOUND
[    0.179399]      scan-1916 add_single_object     : Added device:17 [\_SB_.PCI0.EHC1.RHUB.PRT3] parent device:16
[    0.179412]      scan-1133 get_device_data       : No context for object [ffff88040d83b0a0]
[    0.179421]      scan-1133 get_device_data       : No context for object [ffff88040d83b0c8]
[    0.179430]      scan-1133 get_device_data       : No context for object [ffff88040d83b0f0]
[    0.179439]      scan-1133 get_device_data       : No context for object [ffff88040d83b118]
[    0.179448]     utils-0051 util_eval_error       : Evaluate [\_SB_.PCI0.EHC1.RHUB.PRT4._STA]: AE_NOT_FOUND
[    0.179495] device: 'device:18': device_add
[    0.179503] bus: 'acpi': add device device:18
[    0.179523]     utils-0051 util_eval_error       : Evaluate [\_SB_.PCI0.EHC1.RHUB.PRT4._SUN]: AE_NOT_FOUND
[    0.179543]      scan-1916 add_single_object     : Added device:18 [\_SB_.PCI0.EHC1.RHUB.PRT4] parent device:16
[    0.179556]      scan-1133 get_device_data       : No context for object [ffff88040d83b140]
[    0.179565]      scan-1133 get_device_data       : No context for object [ffff88040d83b168]
[    0.179573]      scan-1133 get_device_data       : No context for object [ffff88040d83b190]
[    0.179583]      scan-1133 get_device_data       : No context for object [ffff88040d8273e8]
[    0.179592]     utils-0051 util_eval_error       : Evaluate [\_SB_.PCI0.OHC2._STA]: AE_NOT_FOUND
[    0.179699] device: 'device:19': device_add
[    0.179707] bus: 'acpi': add device device:19
[    0.179725]     utils-0051 util_eval_error       : Evaluate [\_SB_.PCI0.OHC2._SUN]: AE_NOT_FOUND
[    0.179743]      scan-1916 add_single_object     : Added device:19 [\_SB_.PCI0.OHC2] parent PNP0A08:00
[    0.179756]      scan-1133 get_device_data       : No context for object [ffff88040d827410]
[    0.179765]      scan-1133 get_device_data       : No context for object [ffff88040d827438]
[    0.179773]      scan-1133 get_device_data       : No context for object [ffff88040d83b488]
[    0.179783]     utils-0051 util_eval_error       : Evaluate [\_SB_.PCI0.OHC2.RHUB._STA]: AE_NOT_FOUND
[    0.179831] device: 'device:1a': device_add
[    0.179838] bus: 'acpi': add device device:1a
[    0.179856]     utils-0051 util_eval_error       : Evaluate [\_SB_.PCI0.OHC2.RHUB._SUN]: AE_NOT_FOUND
[    0.180032]      scan-1916 add_single_object     : Added device:1a [\_SB_.PCI0.OHC2.RHUB] parent device:19
[    0.180032]      scan-1133 get_device_data       : No context for object [ffff88040d83b4b0]
[    0.180032]      scan-1133 get_device_data       : No context for object [ffff88040d83b4d8]
[    0.180032]     utils-0051 util_eval_error       : Evaluate [\_SB_.PCI0.OHC2.RHUB.PRT4._STA]: AE_NOT_FOUND
[    0.180032] device: 'device:1b': device_add
[    0.180032] bus: 'acpi': add device device:1b
[    0.180032]     utils-0051 util_eval_error       : Evaluate [\_SB_.PCI0.OHC2.RHUB.PRT4._SUN]: AE_NOT_FOUND
[    0.180032]      scan-1916 add_single_object     : Added device:1b [\_SB_.PCI0.OHC2.RHUB.PRT4] parent device:1a
[    0.180032]      scan-1133 get_device_data       : No context for object [ffff88040d83b500]
[    0.180032]      scan-1133 get_device_data       : No context for object [ffff88040d83b528]
[    0.180034]      scan-1133 get_device_data       : No context for object [ffff88040d83b550]
[    0.180043]      scan-1133 get_device_data       : No context for object [ffff88040d827460]
[    0.180053]     utils-0051 util_eval_error       : Evaluate [\_SB_.PCI0.EHC2._STA]: AE_NOT_FOUND
[    0.180159] device: 'device:1c': device_add
[    0.180166] bus: 'acpi': add device device:1c
[    0.180184]     utils-0051 util_eval_error       : Evaluate [\_SB_.PCI0.EHC2._SUN]: AE_NOT_FOUND
[    0.180203]      scan-1916 add_single_object     : Added device:1c [\_SB_.PCI0.EHC2] parent PNP0A08:00
[    0.180216]      scan-1133 get_device_data       : No context for object [ffff88040d827488]
[    0.180225]      scan-1133 get_device_data       : No context for object [ffff88040d8274b0]
[    0.180233]      scan-1133 get_device_data       : No context for object [ffff88040d83b1b8]
[    0.180243]     utils-0051 util_eval_error       : Evaluate [\_SB_.PCI0.EHC2.RHUB._STA]: AE_NOT_FOUND
[    0.180290] device: 'device:1d': device_add
[    0.180297] bus: 'acpi': add device device:1d
[    0.180315]     utils-0051 util_eval_error       : Evaluate [\_SB_.PCI0.EHC2.RHUB._SUN]: AE_NOT_FOUND
[    0.180334]      scan-1916 add_single_object     : Added device:1d [\_SB_.PCI0.EHC2.RHUB] parent device:1c
[    0.180346]      scan-1133 get_device_data       : No context for object [ffff88040d83b1e0]
[    0.180355]      scan-1133 get_device_data       : No context for object [ffff88040d83b208]
[    0.180365]     utils-0051 util_eval_error       : Evaluate [\_SB_.PCI0.EHC2.RHUB.PRT2._STA]: AE_NOT_FOUND
[    0.180411] device: 'device:1e': device_add
[    0.180419] bus: 'acpi': add device device:1e
[    0.180440]     utils-0051 util_eval_error       : Evaluate [\_SB_.PCI0.EHC2.RHUB.PRT2._SUN]: AE_NOT_FOUND
[    0.180460]      scan-1916 add_single_object     : Added device:1e [\_SB_.PCI0.EHC2.RHUB.PRT2] parent device:1d
[    0.180473]      scan-1133 get_device_data       : No context for object [ffff88040d83b230]
[    0.180482]      scan-1133 get_device_data       : No context for object [ffff88040d83b258]
[    0.180490]      scan-1133 get_device_data       : No context for object [ffff88040d83b280]
[    0.180499]      scan-1133 get_device_data       : No context for object [ffff88040d8274d8]
[    0.180509]     utils-0051 util_eval_error       : Evaluate [\_SB_.PCI0.OHC3._STA]: AE_NOT_FOUND
[    0.180568] device: 'device:1f': device_add
[    0.180576] bus: 'acpi': add device device:1f
[    0.180594]     utils-0051 util_eval_error       : Evaluate [\_SB_.PCI0.OHC3._SUN]: AE_NOT_FOUND
[    0.180612]      scan-1916 add_single_object     : Added device:1f [\_SB_.PCI0.OHC3] parent PNP0A08:00
[    0.180625]      scan-1133 get_device_data       : No context for object [ffff88040d827500]
[    0.180634]      scan-1133 get_device_data       : No context for object [ffff88040d827528]
[    0.180642]      scan-1133 get_device_data       : No context for object [ffff88040d83b578]
[    0.180652]     utils-0051 util_eval_error       : Evaluate [\_SB_.PCI0.OHC3.RHUB._STA]: AE_NOT_FOUND
[    0.180699] device: 'device:20': device_add
[    0.180706] bus: 'acpi': add device device:20
[    0.180724]     utils-0051 util_eval_error       : Evaluate [\_SB_.PCI0.OHC3.RHUB._SUN]: AE_NOT_FOUND
[    0.180743]      scan-1916 add_single_object     : Added device:20 [\_SB_.PCI0.OHC3.RHUB] parent device:1f
[    0.180755]      scan-1133 get_device_data       : No context for object [ffff88040d83b5a0]
[    0.180765]      scan-1133 get_device_data       : No context for object [ffff88040d827550]
[    0.180774]     utils-0051 util_eval_error       : Evaluate [\_SB_.PCI0.EHC3._STA]: AE_NOT_FOUND
[    0.180879] device: 'device:21': device_add
[    0.180888] bus: 'acpi': add device device:21
[    0.180908]     utils-0051 util_eval_error       : Evaluate [\_SB_.PCI0.EHC3._SUN]: AE_NOT_FOUND
[    0.181016]      scan-1916 add_single_object     : Added device:21 [\_SB_.PCI0.EHC3] parent PNP0A08:00
[    0.181016]      scan-1133 get_device_data       : No context for object [ffff88040d827578]
[    0.181016]      scan-1133 get_device_data       : No context for object [ffff88040d8275a0]
[    0.181016]      scan-1133 get_device_data       : No context for object [ffff88040d83b2a8]
[    0.181016]     utils-0051 util_eval_error       : Evaluate [\_SB_.PCI0.EHC3.RHUB._STA]: AE_NOT_FOUND
[    0.181022] device: 'device:22': device_add
[    0.181030] bus: 'acpi': add device device:22
[    0.181047]     utils-0051 util_eval_error       : Evaluate [\_SB_.PCI0.EHC3.RHUB._SUN]: AE_NOT_FOUND
[    0.181066]      scan-1916 add_single_object     : Added device:22 [\_SB_.PCI0.EHC3.RHUB] parent device:21
[    0.181079]      scan-1133 get_device_data       : No context for object [ffff88040d83b2d0]
[    0.181088]      scan-1133 get_device_data       : No context for object [ffff88040d8275c8]
[    0.181098]     utils-0051 util_eval_error       : Evaluate [\_SB_.PCI0.OHC4._STA]: AE_NOT_FOUND
[    0.181204] device: 'device:23': device_add
[    0.181211] bus: 'acpi': add device device:23
[    0.181229]     utils-0051 util_eval_error       : Evaluate [\_SB_.PCI0.OHC4._SUN]: AE_NOT_FOUND
[    0.181248]      scan-1916 add_single_object     : Added device:23 [\_SB_.PCI0.OHC4] parent PNP0A08:00
[    0.181260]      scan-1133 get_device_data       : No context for object [ffff88040d8275f0]
[    0.181269]      scan-1133 get_device_data       : No context for object [ffff88040d827618]
[    0.181278]      scan-1133 get_device_data       : No context for object [ffff88040d827640]
[    0.181287]     utils-0051 util_eval_error       : Evaluate [\_SB_.PCI0.SBAZ._STA]: AE_NOT_FOUND
[    0.181392] device: 'device:24': device_add
[    0.181400] bus: 'acpi': add device device:24
[    0.181420]     utils-0051 util_eval_error       : Evaluate [\_SB_.PCI0.SBAZ._SUN]: AE_NOT_FOUND
[    0.181439]      scan-1916 add_single_object     : Added device:24 [\_SB_.PCI0.SBAZ] parent PNP0A08:00
[    0.181452]      scan-1133 get_device_data       : No context for object [ffff88040d827668]
[    0.181461]      scan-1133 get_device_data       : No context for object [ffff88040d827690]
[    0.181470]      scan-1133 get_device_data       : No context for object [ffff88040d8276b8]
[    0.181480]     utils-0051 util_eval_error       : Evaluate [\_SB_.PCI0.GEC_._STA]: AE_NOT_FOUND
[    0.181557] device: 'device:25': device_add
[    0.181566] bus: 'acpi': add device device:25
[    0.181584]     utils-0051 util_eval_error       : Evaluate [\_SB_.PCI0.GEC_._SUN]: AE_NOT_FOUND
[    0.181602]      scan-1916 add_single_object     : Added device:25 [\_SB_.PCI0.GEC_] parent PNP0A08:00
[    0.181615]      scan-1133 get_device_data       : No context for object [ffff88040d8276e0]
[    0.181624]      scan-1133 get_device_data       : No context for object [ffff88040d827708]
[    0.181633]      scan-1133 get_device_data       : No context for object [ffff88040d827730]
[    0.181642]      scan-1133 get_device_data       : No context for object [ffff88040d827758]
[    0.181650]      scan-1133 get_device_data       : No context for object [ffff88040d827780]
[    0.181659]      scan-1133 get_device_data       : No context for object [ffff88040d8277a8]
[    0.181667]      scan-1133 get_device_data       : No context for object [ffff88040d8277d0]
[    0.181676]      scan-1133 get_device_data       : No context for object [ffff88040d8277f8]
[    0.181684]      scan-1133 get_device_data       : No context for object [ffff88040d827820]
[    0.181694]     utils-0051 util_eval_error       : Evaluate [\_SB_.PCI0.SATA._STA]: AE_NOT_FOUND
[    0.181744] device: 'device:26': device_add
[    0.181752] bus: 'acpi': add device device:26
[    0.181770]     utils-0051 util_eval_error       : Evaluate [\_SB_.PCI0.SATA._SUN]: AE_NOT_FOUND
[    0.181788]      scan-1916 add_single_object     : Added device:26 [\_SB_.PCI0.SATA] parent PNP0A08:00
[    0.181802]      scan-1133 get_device_data       : No context for object [ffff88040d827848]
[    0.181810]      scan-1133 get_device_data       : No context for object [ffff88040d827870]
[    0.181819]      scan-1133 get_device_data       : No context for object [ffff88040d827898]
[    0.181827]      scan-1133 get_device_data       : No context for object [ffff88040d8278c0]
[    0.181836]      scan-1133 get_device_data       : No context for object [ffff88040d8278e8]
[    0.181844]      scan-1133 get_device_data       : No context for object [ffff88040d827910]
[    0.181853]      scan-1133 get_device_data       : No context for object [ffff88040d827938]
[    0.181861]      scan-1133 get_device_data       : No context for object [ffff88040d827960]
[    0.181870]      scan-1133 get_device_data       : No context for object [ffff88040d827988]
[    0.181878]      scan-1133 get_device_data       : No context for object [ffff88040d8279b0]
[    0.181887]      scan-1133 get_device_data       : No context for object [ffff88040d8279d8]
[    0.181895]      scan-1133 get_device_data       : No context for object [ffff88040d827a00]
[    0.181904]      scan-1133 get_device_data       : No context for object [ffff88040d827a28]
[    0.181912]      scan-1133 get_device_data       : No context for object [ffff88040d827a50]
[    0.181920]      scan-1133 get_device_data       : No context for object [ffff88040d827a78]
[    0.181929]      scan-1133 get_device_data       : No context for object [ffff88040d827aa0]
[    0.181937]      scan-1133 get_device_data       : No context for object [ffff88040d827ac8]
[    0.181946]      scan-1133 get_device_data       : No context for object [ffff88040d827af0]
[    0.181954]      scan-1133 get_device_data       : No context for object [ffff88040d827b18]
[    0.181963]      scan-1133 get_device_data       : No context for object [ffff88040d827b40]
[    0.181971]      scan-1133 get_device_data       : No context for object [ffff88040d827b68]
[    0.181979]      scan-1133 get_device_data       : No context for object [ffff88040d827b90]
[    0.181988]      scan-1133 get_device_data       : No context for object [ffff88040d827bb8]
[    0.181996]      scan-1133 get_device_data       : No context for object [ffff88040d827be0]
[    0.182009]      scan-1133 get_device_data       : No context for object [ffff88040d827c08]
[    0.182017]      scan-1133 get_device_data       : No context for object [ffff88040d827c30]
[    0.182026]      scan-1133 get_device_data       : No context for object [ffff88040d827c58]
[    0.182034]      scan-1133 get_device_data       : No context for object [ffff88040d827c80]
[    0.182043]      scan-1133 get_device_data       : No context for object [ffff88040d827ca8]
[    0.182051]      scan-1133 get_device_data       : No context for object [ffff88040d827cd0]
[    0.182059]      scan-1133 get_device_data       : No context for object [ffff88040d827cf8]
[    0.182068]      scan-1133 get_device_data       : No context for object [ffff88040d827d20]
[    0.182076]      scan-1133 get_device_data       : No context for object [ffff88040d827d48]
[    0.182085]      scan-1133 get_device_data       : No context for object [ffff88040d827d70]
[    0.182093]      scan-1133 get_device_data       : No context for object [ffff88040d827d98]
[    0.182101]      scan-1133 get_device_data       : No context for object [ffff88040d827dc0]
[    0.182110]      scan-1133 get_device_data       : No context for object [ffff88040d827de8]
[    0.182118]      scan-1133 get_device_data       : No context for object [ffff88040d827e10]
[    0.182127]      scan-1133 get_device_data       : No context for object [ffff88040d827e38]
[    0.182135]      scan-1133 get_device_data       : No context for object [ffff88040d827e60]
[    0.182144]      scan-1133 get_device_data       : No context for object [ffff88040d827e88]
[    0.182152]      scan-1133 get_device_data       : No context for object [ffff88040d827eb0]
[    0.182160]      scan-1133 get_device_data       : No context for object [ffff88040d827ed8]
[    0.182169]      scan-1133 get_device_data       : No context for object [ffff88040d827f00]
[    0.182177]      scan-1133 get_device_data       : No context for object [ffff88040d827f28]
[    0.182187]     utils-0051 util_eval_error       : Evaluate [\_SB_.PCI0.SATA.PRID._STA]: AE_NOT_FOUND
