[    0.000000] Initializing cgroup subsys cpuset
[    0.000000] Initializing cgroup subsys cpu
[    0.000000] Initializing cgroup subsys cpuacct
[    0.000000] Linux version 3.16.0-1-MANJARO (emacs@manji) (gcc version 4.9.0 20140604 (prerelease) (GCC) ) #14 SMP Mon Jul 14 12:13:41 CEST 2014
[    0.000000] Command line: BOOT_IMAGE=/vmlinuz-316-x86_64 root=UUID=bfa4ab6e-19a3-4601-ba2b-267c55841c73 rw cryptdevice=/dev/disk/by-uuid/70c08890-417a-497d-b6ab-c0d0357a63e2:cryptManjaro:allow-discards ipv6.disable=1 pnp.debug=1 loglevel=9 log_buf_len=10M printk.always_kmsg_dump=y printk.time=y mminit_loglevel=0 memory_corruption_check=1 fbcon=scrollback:4096k fbcon=font:ProFont6x11 acpi.debug_layer=0xfbff0000 acpi.debug_level=0xFFFFFFFD pnp.debug=1 radeonfb radeon.audio=0 radeon.lockup_timeout=0 radeon.test=0 radeon.agpmode=0 radeon.benchmark=0 radeon.tv=0 radeon.fastfb=1 radeon.hard_reset=1 radeon.aspm=1 radeon.dpm=1 radeon.msi=1 radeon.pcie_gen2=-1 radeon.no_wb=1 radeon.modeset=1 radeon.dynclks=1 radeon.r4xx_atom=0 radeon.runpm=0
[    0.000000] KERNEL supported cpus:
[    0.000000]   AMD AuthenticAMD
[    0.000000] e820: BIOS-provided physical RAM map:
[    0.000000] BIOS-e820: [mem 0x0000000000000000-0x000000000009d7ff] usable
[    0.000000] BIOS-e820: [mem 0x000000000009d800-0x000000000009ffff] reserved
[    0.000000] BIOS-e820: [mem 0x00000000000e0000-0x00000000000fffff] reserved
[    0.000000] BIOS-e820: [mem 0x0000000000100000-0x00000000aed9afff] usable
[    0.000000] BIOS-e820: [mem 0x00000000aed9b000-0x00000000af39afff] reserved
[    0.000000] BIOS-e820: [mem 0x00000000af39b000-0x00000000af49afff] ACPI NVS
[    0.000000] BIOS-e820: [mem 0x00000000af49b000-0x00000000af51afff] ACPI data
[    0.000000] BIOS-e820: [mem 0x00000000af51b000-0x00000000afdfffff] usable
[    0.000000] BIOS-e820: [mem 0x00000000afe00000-0x00000000afffffff] reserved
[    0.000000] BIOS-e820: [mem 0x00000000fec00000-0x00000000fecfffff] reserved
[    0.000000] BIOS-e820: [mem 0x00000000fed80000-0x00000000fed80fff] reserved
[    0.000000] BIOS-e820: [mem 0x00000000ffe00000-0x00000000ffffffff] reserved
[    0.000000] BIOS-e820: [mem 0x0000000100000000-0x000000042effffff] usable
[    0.000000] NX (Execute Disable) protection: active
[    0.000000] SMBIOS 2.6 present.
[    0.000000] DMI: LENOVO Sabine/Torpedo, BIOS 54CN18WW 07/20/2011
[    0.000000] e820: update [mem 0x00000000-0x00000fff] usable ==> reserved
[    0.000000] e820: remove [mem 0x000a0000-0x000fffff] usable
[    0.000000] e820: last_pfn = 0x42f000 max_arch_pfn = 0x400000000
[    0.000000] MTRR default type: uncachable
[    0.000000] MTRR fixed ranges enabled:
[    0.000000]   00000-9FFFF write-back
[    0.000000]   A0000-BFFFF uncachable
[    0.000000]   C0000-FFFFF write-protect
[    0.000000] MTRR variable ranges enabled:
[    0.000000]   0 base 0000000000 mask FF80000000 write-back
[    0.000000]   1 base 0080000000 mask FFE0000000 write-back
[    0.000000]   2 base 00A0000000 mask FFF0000000 write-back
[    0.000000]   3 base 00FFF90000 mask FFFFFF0000 uncachable
[    0.000000]   4 base 00FED80000 mask 0FFFFFF000 uncachable
[    0.000000]   5 disabled
[    0.000000]   6 disabled
[    0.000000]   7 base 00FFE00000 mask FFFFE00000 write-protect
[    0.000000] TOM2: 000000042f000000 aka 17136M
[    0.000000] mtrr: your BIOS has configured an incorrect mask, fixing it.
[    0.000000] e820: last_pfn = 0xafe00 max_arch_pfn = 0x400000000
[    0.000000] found SMP MP-table at [mem 0x000fa8b0-0x000fa8bf] mapped at [ffff8800000fa8b0]
[    0.000000] Base memory trampoline at [ffff880000097000] 97000 size 24576
[    0.000000] Using GB pages for direct mapping
[    0.000000] init_memory_mapping: [mem 0x00000000-0x000fffff]
[    0.000000]  [mem 0x00000000-0x000fffff] page 4k
[    0.000000] BRK [0x02024000, 0x02024fff] PGTABLE
[    0.000000] BRK [0x02025000, 0x02025fff] PGTABLE
[    0.000000] BRK [0x02026000, 0x02026fff] PGTABLE
[    0.000000] init_memory_mapping: [mem 0x42ee00000-0x42effffff]
[    0.000000]  [mem 0x42ee00000-0x42effffff] page 2M
[    0.000000] BRK [0x02027000, 0x02027fff] PGTABLE
[    0.000000] init_memory_mapping: [mem 0x42c000000-0x42edfffff]
[    0.000000]  [mem 0x42c000000-0x42edfffff] page 2M
[    0.000000] init_memory_mapping: [mem 0x400000000-0x42bffffff]
[    0.000000]  [mem 0x400000000-0x42bffffff] page 2M
[    0.000000] init_memory_mapping: [mem 0x00100000-0xaed9afff]
[    0.000000]  [mem 0x00100000-0x001fffff] page 4k
[    0.000000]  [mem 0x00200000-0x3fffffff] page 2M
[    0.000000]  [mem 0x40000000-0x7fffffff] page 1G
[    0.000000]  [mem 0x80000000-0xaebfffff] page 2M
[    0.000000]  [mem 0xaec00000-0xaed9afff] page 4k
[    0.000000] init_memory_mapping: [mem 0xaf51b000-0xafdfffff]
[    0.000000]  [mem 0xaf51b000-0xaf5fffff] page 4k
[    0.000000]  [mem 0xaf600000-0xafdfffff] page 2M
[    0.000000] BRK [0x02028000, 0x02028fff] PGTABLE
[    0.000000] init_memory_mapping: [mem 0x100000000-0x3ffffffff]
[    0.000000]  [mem 0x100000000-0x3ffffffff] page 1G
[    0.000000] log_buf_len: 16777216
[    0.000000] early log buf free: 2092068(99%)
[    0.000000] RAMDISK: [mem 0x37858000-0x37c23fff]
[    0.000000] ACPI: Early table checksum verification disabled
[    0.000000] ACPI: RSDP 0x00000000000F0110 000024 (v02 LENOVO)
[    0.000000] ACPI: XSDT 0x00000000AF51A120 000074 (v01 LENOVO CB-01    00000001 LENO 00000001)
[    0.000000] ACPI: FACP 0x00000000AF508000 0000F4 (v04 LENOVO CB-01    00000001 PTL  00000001)
[    0.000000] ACPI: DSDT 0x00000000AF50A000 00FD10 (v01 LENOVO CB-01    00001000 LENO 00000001)
[    0.000000] ACPI: FACS 0x00000000AF478000 000040
[    0.000000] ACPI: HPET 0x00000000AF507000 000038 (v01 LENOVO CB-01    00000001 PTL  00000001)
[    0.000000] ACPI: APIC 0x00000000AF506000 00007A (v02 LENOVO CB-01    00000001 PTL  00000001)
[    0.000000] ACPI: MCFG 0x00000000AF505000 00003C (v01 LENOVO CB-01    00000001 PTL  00000001)
[    0.000000] ACPI: SLIC 0x00000000AF504000 000176 (v01 LENOVO CB-01    00000001 LENO 00000001)
[    0.000000] ACPI: UEFI 0x00000000AF503000 00003E (v01 LENOVO CB-01    00000001 PTL  00000001)
[    0.000000] ACPI: UEFI 0x00000000AF502000 000042 (v01 PTL    COMBUF   00000001 PTL  00000001)
[    0.000000] ACPI: SSDT 0x00000000AF501000 000E34 (v01 AMD    POWERNOW 00000001 AMD  00000001)
[    0.000000] ACPI: SSDT 0x00000000AF4FF000 00193D (v02 AMD    ALIB     00000001 MSFT 04000000)
[    0.000000] ACPI: UEFI 0x00000000AF4FE000 00021A (v01 LENOVO CB-01    00000001 PTL  00000001)
[    0.000000] ACPI: Local APIC address 0xfee00000
[    0.000000] No NUMA configuration found
[    0.000000] Faking a node at [mem 0x0000000000000000-0x000000042effffff]
[    0.000000] Initmem setup node 0 [mem 0x00000000-0x42effffff]
[    0.000000]   NODE_DATA [mem 0x42dffa000-0x42dffdfff]
[    0.000000]  [ffffea0000000000-ffffea0010bfffff] PMD -> [ffff88041de00000-ffff88042d5fffff] on node 0
[    0.000000] Zone ranges:
[    0.000000]   DMA      [mem 0x00001000-0x00ffffff]
[    0.000000]   DMA32    [mem 0x01000000-0xffffffff]
[    0.000000]   Normal   [mem 0x100000000-0x42effffff]
[    0.000000] Movable zone start for each node
[    0.000000] Early memory node ranges
[    0.000000]   node   0: [mem 0x00001000-0x0009cfff]
[    0.000000]   node   0: [mem 0x00100000-0xaed9afff]
[    0.000000]   node   0: [mem 0xaf51b000-0xafdfffff]
[    0.000000]   node   0: [mem 0x100000000-0x42effffff]
[    0.000000] On node 0 totalpages: 4056604
[    0.000000]   DMA zone: 64 pages used for memmap
[    0.000000]   DMA zone: 21 pages reserved
[    0.000000]   DMA zone: 3996 pages, LIFO batch:0
[    0.000000]   DMA32 zone: 11162 pages used for memmap
[    0.000000]   DMA32 zone: 714368 pages, LIFO batch:31
[    0.000000]   Normal zone: 52160 pages used for memmap
[    0.000000]   Normal zone: 3338240 pages, LIFO batch:31
[    0.000000] ACPI: PM-Timer IO Port: 0x808
[    0.000000] ACPI: Local APIC address 0xfee00000
[    0.000000] ACPI: LAPIC (acpi_id[0x00] lapic_id[0x00] enabled)
[    0.000000] ACPI: LAPIC (acpi_id[0x01] lapic_id[0x01] enabled)
[    0.000000] ACPI: LAPIC (acpi_id[0x02] lapic_id[0x02] enabled)
[    0.000000] ACPI: LAPIC (acpi_id[0x03] lapic_id[0x03] enabled)
[    0.000000] ACPI: LAPIC_NMI (acpi_id[0x00] high edge lint[0x1])
[    0.000000] ACPI: LAPIC_NMI (acpi_id[0x01] high edge lint[0x1])
[    0.000000] ACPI: LAPIC_NMI (acpi_id[0x02] high edge lint[0x1])
[    0.000000] ACPI: LAPIC_NMI (acpi_id[0x03] high edge lint[0x1])
[    0.000000] ACPI: IOAPIC (id[0x02] address[0xfec00000] gsi_base[0])
[    0.000000] IOAPIC[0]: apic_id 2, version 33, address 0xfec00000, GSI 0-23
[    0.000000] ACPI: INT_SRC_OVR (bus 0 bus_irq 0 global_irq 2 dfl dfl)
[    0.000000] ACPI: IRQ0 used by override.
[    0.000000] ACPI: IRQ2 used by override.
[    0.000000] ACPI: IRQ9 used by override.
[    0.000000] Using ACPI (MADT) for SMP configuration information
[    0.000000] ACPI: HPET id: 0x43538210 base: 0xfed00000
[    0.000000] smpboot: Allowing 4 CPUs, 0 hotplug CPUs
[    0.000000] nr_irqs_gsi: 40
[    0.000000] e820: [mem 0xb0000000-0xfebfffff] available for PCI devices
[    0.000000] setup_percpu: NR_CPUS:64 nr_cpumask_bits:64 nr_cpu_ids:4 nr_node_ids:1
[    0.000000] PERCPU: Embedded 27 pages/cpu @ffff88042dc00000 s79872 r8192 d22528 u524288
[    0.000000] pcpu-alloc: s79872 r8192 d22528 u524288 alloc=1*2097152
[    0.000000] pcpu-alloc: [0] 0 1 2 3 
[    0.000000] Built 1 zonelists in Zone order, mobility grouping on.  Total pages: 3993197
[    0.000000] Policy zone: Normal
[    0.000000] Kernel command line: BOOT_IMAGE=/vmlinuz-316-x86_64 root=UUID=bfa4ab6e-19a3-4601-ba2b-267c55841c73 rw cryptdevice=/dev/disk/by-uuid/70c08890-417a-497d-b6ab-c0d0357a63e2:cryptManjaro:allow-discards ipv6.disable=1 pnp.debug=1 loglevel=9 log_buf_len=10M printk.always_kmsg_dump=y printk.time=y mminit_loglevel=0 memory_corruption_check=1 fbcon=scrollback:4096k fbcon=font:ProFont6x11 acpi.debug_layer=0xfbff0000 acpi.debug_level=0xFFFFFFFD pnp.debug=1 radeonfb radeon.audio=0 radeon.lockup_timeout=0 radeon.test=0 radeon.agpmode=0 radeon.benchmark=0 radeon.tv=0 radeon.fastfb=1 radeon.hard_reset=1 radeon.aspm=1 radeon.dpm=1 radeon.msi=1 radeon.pcie_gen2=-1 radeon.no_wb=1 radeon.modeset=1 radeon.dynclks=1 radeon.r4xx_atom=0 radeon.runpm=0
[    0.000000] PID hash table entries: 4096 (order: 3, 32768 bytes)
[    0.000000] Memory: 15868888K/16226416K available (6405K kernel code, 768K rwdata, 2836K rodata, 848K init, 2592K bss, 357528K reserved)
[    0.000000] SLUB: HWalign=64, Order=0-3, MinObjects=0, CPUs=4, Nodes=1
[    0.000000] Hierarchical RCU implementation.
[    0.000000] 	RCU dyntick-idle grace-period acceleration is enabled.
[    0.000000] 	Additional per-CPU info printed with stalls.
[    0.000000] 	RCU restricting CPUs from NR_CPUS=64 to nr_cpu_ids=4.
[    0.000000] RCU: Adjusting geometry for rcu_fanout_leaf=16, nr_cpu_ids=4
[    0.000000] NR_IRQS:4352 nr_irqs:712 16
[    0.000000] spurious 8259A interrupt: IRQ7.
[    0.000000] Console: colour dummy device 80x25
[    0.000000] console [tty0] enabled
[    0.000000] allocated 65011712 bytes of page_cgroup
[    0.000000] please try 'cgroup_disable=memory' option if you don't want memory cgroups
[    0.000000] hpet clockevent registered
[    0.000000] tsc: Fast TSC calibration using PIT
[    0.000000] tsc: Detected 1397.420 MHz processor
[    0.000041] Calibrating delay loop (skipped), value calculated using timer frequency.. 2794.84 BogoMIPS (lpj=1397420)
[    0.000046] pid_max: default: 32768 minimum: 301
[    0.000056] ACPI: Core revision 20140424
[    0.015594] ACPI: All ACPI Tables successfully acquired
[    0.017506] Security Framework initialized
[    0.018606] Dentry cache hash table entries: 2097152 (order: 12, 16777216 bytes)
[    0.023882] Inode-cache hash table entries: 1048576 (order: 11, 8388608 bytes)
[    0.026515] Mount-cache hash table entries: 32768 (order: 6, 262144 bytes)
[    0.026548] Mountpoint-cache hash table entries: 32768 (order: 6, 262144 bytes)
[    0.026925] Initializing cgroup subsys memory
[    0.026968] Initializing cgroup subsys devices
[    0.026979] Initializing cgroup subsys freezer
[    0.026987] Initializing cgroup subsys blkio
[    0.027022] tseg: 00afe00000
[    0.027027] CPU: Physical Processor ID: 0
[    0.027030] CPU: Processor Core ID: 0
[    0.027034] mce: CPU supports 6 MCE banks
[    0.027048] Last level iTLB entries: 4KB 512, 2MB 16, 4MB 8
Last level dTLB entries: 4KB 1024, 2MB 128, 4MB 64, 1GB 0
tlb_flushall_shift: 6
[    0.027239] Freeing SMP alternatives memory: 20K (ffffffff81d96000 - ffffffff81d9b000)
[    0.027721] ..TIMER: vector=0x30 apic1=0 pin1=2 apic2=-1 pin2=-1
[    0.037734] smpboot: CPU0: AMD A6-3400M APU with Radeon(tm) HD Graphics (fam: 12, model: 01, stepping: 00)
[    0.139771] Performance Events: AMD PMU driver.
[    0.139780] ... version:                0
[    0.139784] ... bit width:              48
[    0.139787] ... generic registers:      4
[    0.139790] ... value mask:             0000ffffffffffff
[    0.139794] ... max period:             00007fffffffffff
[    0.139797] ... fixed-purpose events:   0
[    0.139800] ... event mask:             000000000000000f
[    0.140159] MCE: In-kernel MCE decoding enabled.
[    0.140248] NMI watchdog: enabled on all CPUs, permanently consumes one hw-PMU counter.
[    0.140374] x86: Booting SMP configuration:
[    0.140379] .... node  #0, CPUs:      #1
[    0.153551] TSC synchronization [CPU#0 -> CPU#1]:
[    0.153556] Measured 403452945 cycles TSC warp between CPUs, turning off TSC clock.
[    0.153563] tsc: Marking TSC unstable due to check_tsc_sync_source failed
[    0.153690]  #2 #3
[    0.176178] x86: Booted up 1 node, 4 CPUs
[    0.176184] smpboot: Total of 4 processors activated (11179.36 BogoMIPS)
[    0.075174] devtmpfs: initialized
[    0.075174] device: 'platform': device_add
[    0.075174] bus: 'platform': registered
[    0.075174] bus: 'cpu': registered
[    0.075174] device: 'cpu': device_add
[    0.075174] bus: 'container': registered
[    0.075174] device: 'container': device_add
[    0.076057] bus: 'workqueue': registered
[    0.076066] device: 'workqueue': device_add
[    0.076140] kworker/u8:0 (31) used greatest stack depth: 14144 bytes left
[    0.076312] atomic64_test: passed for x86-64 platform with CX8 and with SSE
[    0.076321] device class 'regulator': registering
[    0.076356] Registering platform device 'reg-dummy'. Parent at platform
[    0.076360] device: 'reg-dummy': device_add
[    0.076369] bus: 'platform': add device reg-dummy
[    0.076395] bus: 'platform': add driver reg-dummy
[    0.076403] bus: 'platform': driver_probe_device: matched device reg-dummy with driver reg-dummy
[    0.076409] bus: 'platform': really_probe: probing driver reg-dummy with device reg-dummy
[    0.076420] device: 'regulator.0': device_add
[    0.076451] regulator-dummy: no parameters
[    0.076466] driver: 'reg-dummy': driver_bound: bound to device 'reg-dummy'
[    0.076471] bus: 'platform': really_probe: bound device reg-dummy to driver reg-dummy
[    0.076553] NET: Registered protocol family 16
[    0.076805] device class 'bdi': registering
[    0.076825] bus: 'platform': add driver ramoops
[    0.076849] device class 'pci_bus': registering
[    0.076879] bus: 'pci': registered
[    0.076887] device class 'backlight': registering
[    0.076901] device class 'tty': registering
[    0.076919] device class 'vtconsole': registering
[    0.076930] device: 'vtcon0': device_add
[    0.076977] bus: 'node': registered
[    0.076986] device: 'node': device_add
[    0.077030] bus: 'i2c': registered
[    0.077037] bus: 'i2c': add driver dummy
[    0.077051] i2c-core: driver [dummy] registered
[    0.077058] cpuidle: using governor ladder
[    0.077063] cpuidle: using governor menu
[    0.077486] ACPI FADT declares the system doesn't support PCIe ASPM, so disable it
[    0.077491] ACPI: bus type PCI registered
[    0.077496] acpiphp: ACPI Hot Plug PCI Controller Driver version: 0.5
[    0.077501] device class 'dmi': registering
[    0.077514] device: 'id': device_add
[    0.077641] PCI: MMCONFIG for domain 0000 [bus 00-3f] at [mem 0xf8000000-0xfbffffff] (base 0xf8000000)
[    0.077648] PCI: not using MMCONFIG
[    0.077652] PCI: Using configuration type 1 for base access
[    0.077655] PCI: Using configuration type 1 for extended access
[    0.077902] device: 'node0': device_add
[    0.077909] bus: 'node': add device node0
[    0.077942] device: 'cpu0': device_add
[    0.077948] bus: 'cpu': add device cpu0
[    0.077991] device: 'cpu1': device_add
[    0.077998] bus: 'cpu': add device cpu1
[    0.078045] device: 'cpu2': device_add
[    0.078052] bus: 'cpu': add device cpu2
[    0.078091] device: 'cpu3': device_add
[    0.078098] bus: 'cpu': add device cpu3
[    0.078140] mtrr: your CPUs had inconsistent variable MTRR settings
[    0.078144] mtrr: probably your BIOS does not setup all CPUs.
[    0.078147] mtrr: corrected configuration.
[    0.084048] device: 'writeback': device_add
[    0.084073] bus: 'workqueue': add device writeback
[    0.084114] device: 'default': device_add
[    0.084227] device class 'block': registering
[    0.084227] device class 'graphics': registering
[    0.084227] ACPI: Added _OSI(Module Device)
[    0.084227] ACPI: Added _OSI(Processor Device)
[    0.084227] ACPI: Added _OSI(3.0 _SCP Extensions)
[    0.084227] ACPI: Added _OSI(Processor Aggregator Device)
[    0.086953] 
**** Context Switch from TID 4294967295 to TID 406061056 ****

[    0.086962]     utils-0051 util_eval_error       : Evaluate [\_SB_.PCI0.LPC0.EC0_._GLK]: AE_NOT_FOUND
[    0.087387] Executing  Method       \_SB_.PCI0.LPC0.EC0_._REG
[    0.088083] Executing  Method       \_SB_.PCI0.LPC0.EC0_._REG
[    0.088109] Executing  Method       \_SB_.PCI0.LPC0.EC0_._REG
[    0.088188] Executing  Method       \_SB_.PCI0.LPC0.EC0_._REG
[    0.091448] Initializing Region       \_SB_.OSTY
[    0.091481] Initializing Region       \_SB_.PCI0.NBMS
[    0.091501] Initializing Region       \_SB_.PCI0.NBXP
[    0.091524] Initializing Region       \_SB_.PCI0.K8ST
[    0.091585] Initializing Region       \_SB_.PCI0.BAR1
[    0.091618] Initializing Region       \_SB_.PCI0.PB2_.XPEX
[    0.091637] Initializing Region       \_SB_.PCI0.PB2_.PCFG
[    0.091656] Initializing Region       \_SB_.PCI0.PB2_.XPCB
[    0.091676] Initializing Region       \_SB_.PCI0.PB2_.XPRI
[    0.091700] Initializing Region       \_SB_.PCI0.PB2_.VGA_.PCFG
[    0.091782] Initializing Region       \_SB_.PCI0.PB2_.HDAU.PCFG
[    0.091815] Initializing Region       \_SB_.PCI0.PB3_.XPEX
[    0.091834] Initializing Region       \_SB_.PCI0.PB3_.PCFG
[    0.091853] Initializing Region       \_SB_.PCI0.PB3_.XPCB
[    0.091873] Initializing Region       \_SB_.PCI0.PB3_.XPRI
[    0.091897] Initializing Region       \_SB_.PCI0.PB3_.VGA_.PCFG
[    0.091989] Initializing Region       \_SB_.PCI0.PB3_.HDAU.PCFG
[    0.092025] Initializing Region       \_SB_.PCI0.PB4_.XPEX
[    0.092044] Initializing Region       \_SB_.PCI0.PB4_.PCFG
[    0.092063] Initializing Region       \_SB_.PCI0.PB4_.XPCB
[    0.092083] Initializing Region       \_SB_.PCI0.PB4_.XPRI
[    0.092107] Initializing Region       \_SB_.PCI0.PB4_.XPDV.PCFG
[    0.092140] Initializing Region       \_SB_.PCI0.PB5_.XPEX
[    0.092159] Initializing Region       \_SB_.PCI0.PB5_.PCFG
[    0.092178] Initializing Region       \_SB_.PCI0.PB5_.XPCB
[    0.092198] Initializing Region       \_SB_.PCI0.PB5_.XPRI
[    0.092222] Initializing Region       \_SB_.PCI0.PB5_.XPDV.PCFG
[    0.092255] Initializing Region       \_SB_.PCI0.PB6_.XPEX
[    0.092273] Initializing Region       \_SB_.PCI0.PB6_.PCFG
[    0.092292] Initializing Region       \_SB_.PCI0.PB6_.XPCB
[    0.092313] Initializing Region       \_SB_.PCI0.PB6_.XPRI
[    0.092336] Initializing Region       \_SB_.PCI0.PB6_.XPDV.PCFG
[    0.092369] Initializing Region       \_SB_.PCI0.PB7_.XPEX
[    0.092388] Initializing Region       \_SB_.PCI0.PB7_.PCFG
[    0.092407] Initializing Region       \_SB_.PCI0.PB7_.XPCB
[    0.092427] Initializing Region       \_SB_.PCI0.PB7_.XPRI
[    0.092451] Initializing Region       \_SB_.PCI0.PB7_.XPDV.PCFG
[    0.092748] Initializing Region       \_SB_.PCI0.SATC
[    0.092768] Initializing Region       \_SB_.PCI0.RMEM
[    0.092865] Initializing Region       \_SB_.PCI0.SATA.SATX
[    0.092892] Initializing Region       \_SB_.PCI0.SATA.BAR5
[    0.098092] Initializing Region       \_SB_.PCI0.SMB_.SBRV
[    0.098126] Initializing Region       \_SB_.PCI0.SMB_.PMIO
[    0.098147] Initializing Region       \_SB_.PCI0.SMB_.ERMM
[    0.098345] Initializing Region       \_SB_.PCI0.SMB_.P1E0
[    0.098425] Initializing Region       \_SB_.PCI0.SMB_.ABIO
[    0.098446] Initializing Region       \_SB_.PCI0.SMB_.SMB0
[    0.098470] Initializing Region       \_SB_.PCI0.LPC0.PIRQ
[    0.098544] Initializing Region       \_SB_.PCI0.LPC0.LPCR
[    0.098642] Initializing Region       \_SB_.PCI0.LPC0.LPCS
[    0.098673] Initializing Region       \_SB_.PCI0.LPC0.SMI0
[    0.098691] Initializing Region       \_SB_.PCI0.LPC0.SMI1
[    0.098717] Initializing Region       \_SB_.PCI0.LPC0.EC0_.ECO1
[    0.098736] Initializing Region       \_SB_.PCI0.LPC0.EC0_.ECO2
[    0.098754] Initializing Region       \_SB_.PCI0.LPC0.EC0_.ECMB
[    0.098772] Initializing Region       \_SB_.PCI0.LPC0.EC0_.RAM_
[    0.098902] Initializing Region       \_SB_.PCI0.LPC0.EC0_.CMOS
[    0.098946] Initializing Region       \_SB_.PCI0.LPC0.EC0_.VPC0.ERAM
[    0.099031] Initializing Region       \_SB_.PCI0.SPB0.PCFG
[    0.099051] Initializing Region       \_SB_.PCI0.SPB0.XPCB
[    0.099074] Initializing Region       \_SB_.PCI0.SPB0.XPDV.PCFG
[    0.099106] Initializing Region       \_SB_.PCI0.SPB1.PCFG
[    0.099125] Initializing Region       \_SB_.PCI0.SPB1.XPCB
[    0.099148] Initializing Region       \_SB_.PCI0.SPB1.XPDV.PCFG
[    0.099180] Initializing Region       \_SB_.PCI0.SPB2.PCFG
[    0.099199] Initializing Region       \_SB_.PCI0.SPB2.XPCB
[    0.099221] Initializing Region       \_SB_.PCI0.SPB2.XPDV.PCFG
[    0.099253] Initializing Region       \_SB_.PCI0.SPB3.PCFG
[    0.099273] Initializing Region       \_SB_.PCI0.SPB3.XPCB
[    0.099296] Initializing Region       \_SB_.PCI0.SPB3.XPDV.PCFG
[    0.099487] Initializing Region       \_SB_.PCI0.VGA_.REVD
[    0.099737] Initializing BufferField  \_SB_.AMW0.WLID
[    0.100209] Initializing Region       \DEB2
[    0.100228] Initializing Region       \PMIO
[    0.100247] Initializing Region       \P01_
[    0.100292] Initializing Region       \CNVS
[    0.100323] Initializing Region       \SPRT
[    0.100358] Initializing Region       \CMIO
[    0.100521] Executing  Method       \_SB_._STA
[    0.100530] Executing  Method       \_SB_._INI
[    0.100537] Executing  Method       \_SB_.PCI0._STA
[    0.100544] Executing  Method       \_SB_.PCI0._INI
[    0.100808] [Firmware Bug]: ACPI: BIOS _OSI(Linux) query ignored
[    0.101225] Executing  Method       \_SB_.PCI0.SATA._STA
[    0.101235] Executing  Method       \_SB_.PCI0.SATA._INI
[    0.102224] Executing  Method       \_SB_.PCI0.LPC0.EC0_._REG
[    0.129366] ACPI: Interpreter enabled
[    0.129409] ACPI: (supports S0 S5)
[    0.129413] ACPI: Using IOAPIC for interrupt routing
[    0.129750] PCI: MMCONFIG for domain 0000 [bus 00-3f] at [mem 0xf8000000-0xfbffffff] (base 0xf8000000)
[    0.130543] PCI: MMCONFIG at [mem 0xf8000000-0xfbffffff] reserved in ACPI motherboard resources
[    0.131000] bus: 'acpi': registered
[    0.131000] PCI: Using host bridge windows from ACPI; if necessary, use "pci=nocrs" and report a bug
[    0.131000]      scan-1133 get_device_data       : No context for object [ffffffffffffffff]
[    0.131000]     utils-0051 util_eval_error       : Evaluate [\._STA]: AE_NOT_FOUND
[    0.131000] device: 'LNXSYSTM:00': device_add
[    0.131000] bus: 'acpi': add device LNXSYSTM:00
[    0.131000]     utils-0051 util_eval_error       : Evaluate [\._SUN]: AE_NOT_FOUND
[    0.131055]      scan-1922 add_single_object     : Added LNXSYSTM:00 [\] parent (null)
[    0.131055]      scan-1133 get_device_data       : No context for object [ffff88041d81d000]
[    0.131055]      scan-1133 get_device_data       : No context for object [ffff88041d8377d0]
[    0.131055]      scan-1133 get_device_data       : No context for object [ffff88041d8377f8]
[    0.131055]      scan-1133 get_device_data       : No context for object [ffff88041d837820]
[    0.131055]      scan-1133 get_device_data       : No context for object [ffff88041d837848]
[    0.131055]      scan-1133 get_device_data       : No context for object [ffff88041d837870]
[    0.131055]      scan-1133 get_device_data       : No context for object [ffff88041d837898]
[    0.131055]      scan-1133 get_device_data       : No context for object [ffff88041d8378c0]
[    0.131055]      scan-1133 get_device_data       : No context for object [ffff88041d8378e8]
[    0.131055]      scan-1133 get_device_data       : No context for object [ffff88041d839398]
[    0.131055]      scan-1133 get_device_data       : No context for object [ffff88041d81d028]
[    0.131055]      scan-1133 get_device_data       : No context for object [ffff88041d81d168]
[    0.131055]     utils-0051 util_eval_error       : Evaluate [\_PR_.C000._STA]: AE_NOT_FOUND
[    0.131055]      scan-1133 get_device_data       : No context for object [ffff88041d81d028]
[    0.131055] device: 'LNXCPU:00': device_add
[    0.131055] bus: 'acpi': add device LNXCPU:00
[    0.131055]     utils-0051 util_eval_error       : Evaluate [\_PR_.C000._SUN]: AE_NOT_FOUND
[    0.131081]      scan-1922 add_single_object     : Added LNXCPU:00 [\_PR_.C000] parent LNXSYSTM:00
[    0.131081]      scan-1133 get_device_data       : No context for object [ffff88041d83c398]
[    0.131081]      scan-1133 get_device_data       : No context for object [ffff88041d83c3c0]
[    0.131081]      scan-1133 get_device_data       : No context for object [ffff88041d83c3e8]
[    0.131081]      scan-1133 get_device_data       : No context for object [ffff88041d83c410]
[    0.131081]      scan-1133 get_device_data       : No context for object [ffff88041d83c438]
[    0.131081]      scan-1133 get_device_data       : No context for object [ffff88041d83c460]
[    0.131081]      scan-1133 get_device_data       : No context for object [ffff88041d81d190]
[    0.131081]     utils-0051 util_eval_error       : Evaluate [\_PR_.C001._STA]: AE_NOT_FOUND
[    0.131081]      scan-1133 get_device_data       : No context for object [ffff88041d81d028]
[    0.131090] device: 'LNXCPU:01': device_add
[    0.131096] bus: 'acpi': add device LNXCPU:01
[    0.131115]     utils-0051 util_eval_error       : Evaluate [\_PR_.C001._SUN]: AE_NOT_FOUND
[    0.131132]      scan-1922 add_single_object     : Added LNXCPU:01 [\_PR_.C001] parent LNXSYSTM:00
[    0.131143]      scan-1133 get_device_data       : No context for object [ffff88041d83c488]
[    0.131150]      scan-1133 get_device_data       : No context for object [ffff88041d83c4b0]
[    0.131157]      scan-1133 get_device_data       : No context for object [ffff88041d83c4d8]
[    0.131164]      scan-1133 get_device_data       : No context for object [ffff88041d83c500]
[    0.131171]      scan-1133 get_device_data       : No context for object [ffff88041d83c528]
[    0.131178]      scan-1133 get_device_data       : No context for object [ffff88041d83c550]
[    0.131185]      scan-1133 get_device_data       : No context for object [ffff88041d81d1b8]
[    0.131193]     utils-0051 util_eval_error       : Evaluate [\_PR_.C002._STA]: AE_NOT_FOUND
[    0.131201]      scan-1133 get_device_data       : No context for object [ffff88041d81d028]
[    0.131217] device: 'LNXCPU:02': device_add
[    0.131223] bus: 'acpi': add device LNXCPU:02
[    0.131241]     utils-0051 util_eval_error       : Evaluate [\_PR_.C002._SUN]: AE_NOT_FOUND
[    0.131258]      scan-1922 add_single_object     : Added LNXCPU:02 [\_PR_.C002] parent LNXSYSTM:00
[    0.131269]      scan-1133 get_device_data       : No context for object [ffff88041d83c578]
[    0.131276]      scan-1133 get_device_data       : No context for object [ffff88041d83c5a0]
[    0.131283]      scan-1133 get_device_data       : No context for object [ffff88041d83c5c8]
[    0.131290]      scan-1133 get_device_data       : No context for object [ffff88041d83c5f0]
[    0.131297]      scan-1133 get_device_data       : No context for object [ffff88041d83c618]
[    0.131304]      scan-1133 get_device_data       : No context for object [ffff88041d83c640]
[    0.131311]      scan-1133 get_device_data       : No context for object [ffff88041d81d1e0]
[    0.131319]     utils-0051 util_eval_error       : Evaluate [\_PR_.C003._STA]: AE_NOT_FOUND
[    0.131326]      scan-1133 get_device_data       : No context for object [ffff88041d81d028]
[    0.131342] device: 'LNXCPU:03': device_add
[    0.131348] bus: 'acpi': add device LNXCPU:03
[    0.131369]     utils-0051 util_eval_error       : Evaluate [\_PR_.C003._SUN]: AE_NOT_FOUND
[    0.131384]      scan-1922 add_single_object     : Added LNXCPU:03 [\_PR_.C003] parent LNXSYSTM:00
[    0.131395]      scan-1133 get_device_data       : No context for object [ffff88041d83c668]
[    0.131402]      scan-1133 get_device_data       : No context for object [ffff88041d83c690]
[    0.131409]      scan-1133 get_device_data       : No context for object [ffff88041d83c6b8]
[    0.131416]      scan-1133 get_device_data       : No context for object [ffff88041d83c6e0]
[    0.131423]      scan-1133 get_device_data       : No context for object [ffff88041d83c708]
[    0.131430]      scan-1133 get_device_data       : No context for object [ffff88041d83c730]
[    0.131437]      scan-1133 get_device_data       : No context for object [ffff88041d81d050]
[    0.131446]     utils-0051 util_eval_error       : Evaluate [\_SB_._STA]: AE_NOT_FOUND
[    0.131496] device: 'LNXSYBUS:00': device_add
[    0.131503] bus: 'acpi': add device LNXSYBUS:00
[    0.131522]     utils-0051 util_eval_error       : Evaluate [\_SB_._SUN]: AE_NOT_FOUND
[    0.131538]      scan-1922 add_single_object     : Added LNXSYBUS:00 [\_SB_] parent LNXSYSTM:00
[    0.131553]      scan-1133 get_device_data       : No context for object [ffff88041d81d3c0]
[    0.131560]      scan-1133 get_device_data       : No context for object [ffff88041d81d3e8]
[    0.131567]      scan-1133 get_device_data       : No context for object [ffff88041d81d410]
[    0.131574]      scan-1133 get_device_data       : No context for object [ffff88041d81d438]
[    0.131581]      scan-1133 get_device_data       : No context for object [ffff88041d81d460]
[    0.131588]      scan-1133 get_device_data       : No context for object [ffff88041d81d488]
[    0.131595]      scan-1133 get_device_data       : No context for object [ffff88041d81d4b0]
[    0.131601]      scan-1133 get_device_data       : No context for object [ffff88041d81d5a0]
[    0.131610]     utils-0051 util_eval_error       : Evaluate [\_SB_.PWRB._STA]: AE_NOT_FOUND
[    0.131651] device: 'PNP0C0C:00': device_add
[    0.131658] bus: 'acpi': add device PNP0C0C:00
[    0.131676]     utils-0051 util_eval_error       : Evaluate [\_SB_.PWRB._SUN]: AE_NOT_FOUND
[    0.132002]      scan-1922 add_single_object     : Added PNP0C0C:00 [\_SB_.PWRB] parent LNXSYBUS:00
[    0.132002]      scan-1133 get_device_data       : No context for object [ffff88041d81d5c8]
[    0.132002]      scan-1133 get_device_data       : No context for object [ffff88041d81d5f0]
[    0.132002]     utils-0051 util_eval_error       : Evaluate [\_SB_.PCI0._STA]: AE_NOT_FOUND
[    0.132002] device: 'PNP0A08:00': device_add
[    0.132002] bus: 'acpi': add device PNP0A08:00
[    0.132002]     utils-0051 util_eval_error       : Evaluate [\_SB_.PCI0._SUN]: AE_NOT_FOUND
[    0.132016]      scan-1922 add_single_object     : Added PNP0A08:00 [\_SB_.PCI0] parent LNXSYBUS:00
[    0.132016]      scan-1133 get_device_data       : No context for object [ffff88041d81d618]
[    0.132016]      scan-1133 get_device_data       : No context for object [ffff88041d81d640]
[    0.132016]      scan-1133 get_device_data       : No context for object [ffff88041d81d668]
[    0.132016]      scan-1133 get_device_data       : No context for object [ffff88041d81d690]
[    0.132016]      scan-1133 get_device_data       : No context for object [ffff88041d81d6b8]
[    0.132016]      scan-1133 get_device_data       : No context for object [ffff88041d81d6e0]
[    0.132016]      scan-1133 get_device_data       : No context for object [ffff88041d81d708]
[    0.132016]      scan-1133 get_device_data       : No context for object [ffff88041d81d730]
[    0.132016]      scan-1133 get_device_data       : No context for object [ffff88041d81d758]
[    0.132016]      scan-1133 get_device_data       : No context for object [ffff88041d81d780]
[    0.132016]      scan-1133 get_device_data       : No context for object [ffff88041d81d7a8]
[    0.132016]      scan-1133 get_device_data       : No context for object [ffff88041d81d7d0]
[    0.132016]      scan-1133 get_device_data       : No context for object [ffff88041d81d7f8]
[    0.132016]      scan-1133 get_device_data       : No context for object [ffff88041d81d820]
[    0.132016]      scan-1133 get_device_data       : No context for object [ffff88041d81d848]
[    0.132016]      scan-1133 get_device_data       : No context for object [ffff88041d81d870]
[    0.132016]      scan-1133 get_device_data       : No context for object [ffff88041d81d898]
[    0.132016]      scan-1133 get_device_data       : No context for object [ffff88041d81d8c0]
[    0.132016]      scan-1133 get_device_data       : No context for object [ffff88041d81d8e8]
[    0.132016]      scan-1133 get_device_data       : No context for object [ffff88041d81d910]
[    0.132016]      scan-1133 get_device_data       : No context for object [ffff88041d81d938]
[    0.132016]      scan-1133 get_device_data       : No context for object [ffff88041d81d960]
[    0.132016]      scan-1133 get_device_data       : No context for object [ffff88041d81d988]
[    0.132016]      scan-1133 get_device_data       : No context for object [ffff88041d81d9b0]
[    0.132021]      scan-1133 get_device_data       : No context for object [ffff88041d81d9d8]
[    0.132028]      scan-1133 get_device_data       : No context for object [ffff88041d81da00]
[    0.132035]      scan-1133 get_device_data       : No context for object [ffff88041d81da28]
[    0.132041]      scan-1133 get_device_data       : No context for object [ffff88041d81da50]
[    0.132048]      scan-1133 get_device_data       : No context for object [ffff88041d81da78]
[    0.132055]      scan-1133 get_device_data       : No context for object [ffff88041d81daa0]
[    0.132062]      scan-1133 get_device_data       : No context for object [ffff88041d81dac8]
[    0.132069]      scan-1133 get_device_data       : No context for object [ffff88041d81daf0]
[    0.132076]      scan-1133 get_device_data       : No context for object [ffff88041d81db18]
[    0.132082]      scan-1133 get_device_data       : No context for object [ffff88041d81db40]
[    0.132089]      scan-1133 get_device_data       : No context for object [ffff88041d81db68]
[    0.132096]      scan-1133 get_device_data       : No context for object [ffff88041d81db90]
[    0.132103]      scan-1133 get_device_data       : No context for object [ffff88041d81dbb8]
[    0.132110]      scan-1133 get_device_data       : No context for object [ffff88041d81dbe0]
[    0.132116]      scan-1133 get_device_data       : No context for object [ffff88041d81dc08]
[    0.132123]      scan-1133 get_device_data       : No context for object [ffff88041d81dc30]
[    0.132130]      scan-1133 get_device_data       : No context for object [ffff88041d81dc58]
[    0.132137]      scan-1133 get_device_data       : No context for object [ffff88041d81dc80]
[    0.132144]      scan-1133 get_device_data       : No context for object [ffff88041d81dca8]
[    0.132150]      scan-1133 get_device_data       : No context for object [ffff88041d81dcd0]
[    0.132157]      scan-1133 get_device_data       : No context for object [ffff88041d81dcf8]
[    0.132164]      scan-1133 get_device_data       : No context for object [ffff88041d81dd20]
[    0.132171]      scan-1133 get_device_data       : No context for object [ffff88041d81dd48]
[    0.132178]      scan-1133 get_device_data       : No context for object [ffff88041d81dd70]
[    0.132184]      scan-1133 get_device_data       : No context for object [ffff88041d81dd98]
[    0.132191]      scan-1133 get_device_data       : No context for object [ffff88041d81ddc0]
[    0.132198]      scan-1133 get_device_data       : No context for object [ffff88041d81dde8]
[    0.132205]      scan-1133 get_device_data       : No context for object [ffff88041d81de10]
[    0.132212]      scan-1133 get_device_data       : No context for object [ffff88041d81de38]
[    0.132218]      scan-1133 get_device_data       : No context for object [ffff88041d81de60]
[    0.132225]      scan-1133 get_device_data       : No context for object [ffff88041d81de88]
[    0.132232]      scan-1133 get_device_data       : No context for object [ffff88041d81deb0]
[    0.132239]      scan-1133 get_device_data       : No context for object [ffff88041d81ded8]
[    0.132245]      scan-1133 get_device_data       : No context for object [ffff88041d81df00]
[    0.132252]      scan-1133 get_device_data       : No context for object [ffff88041d81df28]
[    0.132259]      scan-1133 get_device_data       : No context for object [ffff88041d81df50]
[    0.132266]      scan-1133 get_device_data       : No context for object [ffff88041d81df78]
[    0.132273]      scan-1133 get_device_data       : No context for object [ffff88041d81dfa0]
[    0.132279]      scan-1133 get_device_data       : No context for object [ffff88041d81dfc8]
[    0.132286]      scan-1133 get_device_data       : No context for object [ffff88041d822000]
[    0.132293]      scan-1133 get_device_data       : No context for object [ffff88041d822028]
[    0.132302]     utils-0051 util_eval_error       : Evaluate [\_SB_.PCI0.MEMR._STA]: AE_NOT_FOUND
[    0.132343] device: 'PNP0C02:00': device_add
[    0.132350] bus: 'acpi': add device PNP0C02:00
[    0.132369]     utils-0051 util_eval_error       : Evaluate [\_SB_.PCI0.MEMR._SUN]: AE_NOT_FOUND
[    0.132385]      scan-1922 add_single_object     : Added PNP0C02:00 [\_SB_.PCI0.MEMR] parent PNP0A08:00
[    0.132399]      scan-1133 get_device_data       : No context for object [ffff88041d822050]
[    0.132406]      scan-1133 get_device_data       : No context for object [ffff88041d822078]
[    0.132413]      scan-1133 get_device_data       : No context for object [ffff88041d8220a0]
[    0.132420]      scan-1133 get_device_data       : No context for object [ffff88041d8220c8]
[    0.132427]      scan-1133 get_device_data       : No context for object [ffff88041d8220f0]
[    0.132434]      scan-1133 get_device_data       : No context for object [ffff88041d822118]
[    0.132441]      scan-1133 get_device_data       : No context for object [ffff88041d822140]
[    0.132448]      scan-1133 get_device_data       : No context for object [ffff88041d822168]
[    0.132455]      scan-1133 get_device_data       : No context for object [ffff88041d822190]
[    0.132461]      scan-1133 get_device_data       : No context for object [ffff88041d8221b8]
[    0.132468]      scan-1133 get_device_data       : No context for object [ffff88041d8221e0]
[    0.132475]      scan-1133 get_device_data       : No context for object [ffff88041d822208]
[    0.132482]      scan-1133 get_device_data       : No context for object [ffff88041d822230]
[    0.132488]      scan-1133 get_device_data       : No context for object [ffff88041d822258]
[    0.132495]      scan-1133 get_device_data       : No context for object [ffff88041d822280]
[    0.132502]      scan-1133 get_device_data       : No context for object [ffff88041d8222a8]
[    0.132511]     utils-0051 util_eval_error       : Evaluate [\_SB_.PCI0.PB2_._STA]: AE_NOT_FOUND
[    0.132620] device: 'device:00': device_add
[    0.132627] bus: 'acpi': add device device:00
[    0.132648]     utils-0051 util_eval_error       : Evaluate [\_SB_.PCI0.PB2_._SUN]: AE_NOT_FOUND
[    0.133001]      scan-1922 add_single_object     : Added device:00 [\_SB_.PCI0.PB2_] parent PNP0A08:00
[    0.133001]      scan-1133 get_device_data       : No context for object [ffff88041d8222d0]
[    0.133001]      scan-1133 get_device_data       : No context for object [ffff88041d8222f8]
[    0.133001]      scan-1133 get_device_data       : No context for object [ffff88041d822320]
[    0.133001]      scan-1133 get_device_data       : No context for object [ffff88041d822348]
[    0.133001]      scan-1133 get_device_data       : No context for object [ffff88041d822370]
[    0.133001]      scan-1133 get_device_data       : No context for object [ffff88041d822398]
[    0.133001]      scan-1133 get_device_data       : No context for object [ffff88041d8223c0]
[    0.133001]      scan-1133 get_device_data       : No context for object [ffff88041d8223e8]
[    0.133001]      scan-1133 get_device_data       : No context for object [ffff88041d822410]
[    0.133001]      scan-1133 get_device_data       : No context for object [ffff88041d822438]
[    0.133001]      scan-1133 get_device_data       : No context for object [ffff88041d822460]
[    0.133001]      scan-1133 get_device_data       : No context for object [ffff88041d822488]
[    0.133001]      scan-1133 get_device_data       : No context for object [ffff88041d8224b0]
[    0.133001]      scan-1133 get_device_data       : No context for object [ffff88041d8224d8]
[    0.133001]      scan-1133 get_device_data       : No context for object [ffff88041d822500]
[    0.133001]      scan-1133 get_device_data       : No context for object [ffff88041d822528]
[    0.133001]      scan-1133 get_device_data       : No context for object [ffff88041d822550]
[    0.133001]      scan-1133 get_device_data       : No context for object [ffff88041d822578]
[    0.133001]      scan-1133 get_device_data       : No context for object [ffff88041d8225a0]
[    0.133001]      scan-1133 get_device_data       : No context for object [ffff88041d8225c8]
[    0.133001]      scan-1133 get_device_data       : No context for object [ffff88041d8225f0]
[    0.133001]      scan-1133 get_device_data       : No context for object [ffff88041d822618]
[    0.133001]      scan-1133 get_device_data       : No context for object [ffff88041d822640]
[    0.133001]      scan-1133 get_device_data       : No context for object [ffff88041d822668]
[    0.133001]      scan-1133 get_device_data       : No context for object [ffff88041d822690]
[    0.133001]      scan-1133 get_device_data       : No context for object [ffff88041d8226b8]
[    0.133001]      scan-1133 get_device_data       : No context for object [ffff88041d8226e0]
[    0.133001]      scan-1133 get_device_data       : No context for object [ffff88041d822708]
[    0.133001]      scan-1133 get_device_data       : No context for object [ffff88041d822730]
[    0.133001]      scan-1133 get_device_data       : No context for object [ffff88041d822758]
[    0.133001]      scan-1133 get_device_data       : No context for object [ffff88041d822780]
[    0.133001]     utils-0051 util_eval_error       : Evaluate [\_SB_.PCI0.PB2_.VGA_._STA]: AE_NOT_FOUND
[    0.133001] device: 'device:01': device_add
[    0.133001] bus: 'acpi': add device device:01
[    0.133001]     utils-0051 util_eval_error       : Evaluate [\_SB_.PCI0.PB2_.VGA_._SUN]: AE_NOT_FOUND
[    0.133016]      scan-1922 add_single_object     : Added device:01 [\_SB_.PCI0.PB2_.VGA_] parent device:00
[    0.133016]      scan-1133 get_device_data       : No context for object [ffff88041d8227a8]
[    0.133016]      scan-1133 get_device_data       : No context for object [ffff88041d8227d0]
[    0.133016]      scan-1133 get_device_data       : No context for object [ffff88041d8227f8]
[    0.133016]      scan-1133 get_device_data       : No context for object [ffff88041d822820]
[    0.133021]      scan-1133 get_device_data       : No context for object [ffff88041d822848]
[    0.133028]      scan-1133 get_device_data       : No context for object [ffff88041d822870]
[    0.133035]      scan-1133 get_device_data       : No context for object [ffff88041d822898]
[    0.133042]      scan-1133 get_device_data       : No context for object [ffff88041d8228c0]
[    0.133049]      scan-1133 get_device_data       : No context for object [ffff88041d8228e8]
[    0.133055]      scan-1133 get_device_data       : No context for object [ffff88041d822910]
[    0.133062]      scan-1133 get_device_data       : No context for object [ffff88041d822938]
[    0.133069]      scan-1133 get_device_data       : No context for object [ffff88041d822960]
[    0.133075]      scan-1133 get_device_data       : No context for object [ffff88041d822988]
[    0.133082]      scan-1133 get_device_data       : No context for object [ffff88041d8229b0]
[    0.133089]      scan-1133 get_device_data       : No context for object [ffff88041d8229d8]
[    0.133095]      scan-1133 get_device_data       : No context for object [ffff88041d822a00]
[    0.133102]      scan-1133 get_device_data       : No context for object [ffff88041d822a28]
[    0.133109]      scan-1133 get_device_data       : No context for object [ffff88041d822a50]
[    0.133115]      scan-1133 get_device_data       : No context for object [ffff88041d822a78]
[    0.133122]      scan-1133 get_device_data       : No context for object [ffff88041d822aa0]
[    0.133129]      scan-1133 get_device_data       : No context for object [ffff88041d822ac8]
[    0.133136]      scan-1133 get_device_data       : No context for object [ffff88041d822af0]
[    0.133142]      scan-1133 get_device_data       : No context for object [ffff88041d822b18]
[    0.133149]      scan-1133 get_device_data       : No context for object [ffff88041d822b40]
[    0.133156]      scan-1133 get_device_data       : No context for object [ffff88041d822b68]
[    0.133162]      scan-1133 get_device_data       : No context for object [ffff88041d822b90]
[    0.133169]      scan-1133 get_device_data       : No context for object [ffff88041d822bb8]
[    0.133176]      scan-1133 get_device_data       : No context for object [ffff88041d822be0]
[    0.133182]      scan-1133 get_device_data       : No context for object [ffff88041d822c08]
[    0.133189]      scan-1133 get_device_data       : No context for object [ffff88041d822c30]
[    0.133196]      scan-1133 get_device_data       : No context for object [ffff88041d822c58]
[    0.133203]      scan-1133 get_device_data       : No context for object [ffff88041d822c80]
[    0.133209]      scan-1133 get_device_data       : No context for object [ffff88041d822ca8]
[    0.133216]      scan-1133 get_device_data       : No context for object [ffff88041d822cd0]
[    0.133223]      scan-1133 get_device_data       : No context for object [ffff88041d822cf8]
[    0.133229]      scan-1133 get_device_data       : No context for object [ffff88041d822d20]
[    0.133236]      scan-1133 get_device_data       : No context for object [ffff88041d822d48]
[    0.133243]      scan-1133 get_device_data       : No context for object [ffff88041d822d70]
[    0.133250]      scan-1133 get_device_data       : No context for object [ffff88041d822d98]
[    0.133256]      scan-1133 get_device_data       : No context for object [ffff88041d837438]
[    0.133263]      scan-1133 get_device_data       : No context for object [ffff88041d822dc0]
[    0.133272]     utils-0051 util_eval_error       : Evaluate [\_SB_.PCI0.PB2_.HDAU._STA]: AE_NOT_FOUND
[    0.133313] device: 'device:02': device_add
[    0.133320] bus: 'acpi': add device device:02
[    0.133339]     utils-0051 util_eval_error       : Evaluate [\_SB_.PCI0.PB2_.HDAU._SUN]: AE_NOT_FOUND
[    0.133354]      scan-1922 add_single_object     : Added device:02 [\_SB_.PCI0.PB2_.HDAU] parent device:00
[    0.133365]      scan-1133 get_device_data       : No context for object [ffff88041d822de8]
[    0.133372]      scan-1133 get_device_data       : No context for object [ffff88041d822e10]
[    0.133379]      scan-1133 get_device_data       : No context for object [ffff88041d822e38]
[    0.133386]      scan-1133 get_device_data       : No context for object [ffff88041d822e60]
[    0.133393]      scan-1133 get_device_data       : No context for object [ffff88041d822e88]
[    0.133400]      scan-1133 get_device_data       : No context for object [ffff88041d822eb0]
[    0.133407]      scan-1133 get_device_data       : No context for object [ffff88041d822ed8]
[    0.133415]     utils-0051 util_eval_error       : Evaluate [\_SB_.PCI0.PB3_._STA]: AE_NOT_FOUND
[    0.133472] device: 'device:03': device_add
[    0.133479] bus: 'acpi': add device device:03
[    0.133503]     utils-0051 util_eval_error       : Evaluate [\_SB_.PCI0.PB3_._SUN]: AE_NOT_FOUND
[    0.133522]      scan-1922 add_single_object     : Added device:03 [\_SB_.PCI0.PB3_] parent PNP0A08:00
[    0.133534]      scan-1133 get_device_data       : No context for object [ffff88041d822f00]
[    0.133541]      scan-1133 get_device_data       : No context for object [ffff88041d822f28]
[    0.133548]      scan-1133 get_device_data       : No context for object [ffff88041d822f50]
[    0.133555]      scan-1133 get_device_data       : No context for object [ffff88041d822f78]
[    0.133562]      scan-1133 get_device_data       : No context for object [ffff88041d822fa0]
[    0.133569]      scan-1133 get_device_data       : No context for object [ffff88041d822fc8]
[    0.133576]      scan-1133 get_device_data       : No context for object [ffff88041d823000]
[    0.133583]      scan-1133 get_device_data       : No context for object [ffff88041d823028]
[    0.133590]      scan-1133 get_device_data       : No context for object [ffff88041d823050]
[    0.133597]      scan-1133 get_device_data       : No context for object [ffff88041d823078]
[    0.133604]      scan-1133 get_device_data       : No context for object [ffff88041d8230a0]
[    0.133611]      scan-1133 get_device_data       : No context for object [ffff88041d8230c8]
[    0.133617]      scan-1133 get_device_data       : No context for object [ffff88041d8230f0]
[    0.133624]      scan-1133 get_device_data       : No context for object [ffff88041d823118]
[    0.133631]      scan-1133 get_device_data       : No context for object [ffff88041d823140]
[    0.133638]      scan-1133 get_device_data       : No context for object [ffff88041d823168]
[    0.133645]      scan-1133 get_device_data       : No context for object [ffff88041d823190]
[    0.133652]      scan-1133 get_device_data       : No context for object [ffff88041d8231b8]
[    0.133658]      scan-1133 get_device_data       : No context for object [ffff88041d8231e0]
[    0.133665]      scan-1133 get_device_data       : No context for object [ffff88041d823208]
[    0.133672]      scan-1133 get_device_data       : No context for object [ffff88041d823230]
[    0.133679]      scan-1133 get_device_data       : No context for object [ffff88041d823258]
[    0.133686]      scan-1133 get_device_data       : No context for object [ffff88041d823280]
[    0.133692]      scan-1133 get_device_data       : No context for object [ffff88041d8232a8]
[    0.133699]      scan-1133 get_device_data       : No context for object [ffff88041d8232d0]
[    0.133706]      scan-1133 get_device_data       : No context for object [ffff88041d8232f8]
[    0.133713]      scan-1133 get_device_data       : No context for object [ffff88041d823320]
[    0.133720]      scan-1133 get_device_data       : No context for object [ffff88041d823348]
[    0.133726]      scan-1133 get_device_data       : No context for object [ffff88041d823370]
[    0.133733]      scan-1133 get_device_data       : No context for object [ffff88041d823398]
[    0.133740]      scan-1133 get_device_data       : No context for object [ffff88041d8233c0]
[    0.133748]     utils-0051 util_eval_error       : Evaluate [\_SB_.PCI0.PB3_.VGA_._STA]: AE_NOT_FOUND
[    0.133785]     video-0058 backlight_cap_match   : Found generic backlight support
[    0.133802] device: 'LNXVIDEO:00': device_add
[    0.133809] bus: 'acpi': add device LNXVIDEO:00
[    0.133830]     utils-0051 util_eval_error       : Evaluate [\_SB_.PCI0.PB3_.VGA_._SUN]: AE_NOT_FOUND
[    0.134010]      scan-1922 add_single_object     : Added LNXVIDEO:00 [\_SB_.PCI0.PB3_.VGA_] parent device:03
[    0.134010]      scan-1133 get_device_data       : No context for object [ffff88041d8233e8]
[    0.134010]      scan-1133 get_device_data       : No context for object [ffff88041d823410]
[    0.134010]      scan-1133 get_device_data       : No context for object [ffff88041d823438]
[    0.134010]      scan-1133 get_device_data       : No context for object [ffff88041d823460]
[    0.134010]      scan-1133 get_device_data       : No context for object [ffff88041d823488]
[    0.134010]      scan-1133 get_device_data       : No context for object [ffff88041d8234b0]
[    0.134010]      scan-1133 get_device_data       : No context for object [ffff88041d8234d8]
[    0.134010]      scan-1133 get_device_data       : No context for object [ffff88041d823500]
[    0.134010]      scan-1133 get_device_data       : No context for object [ffff88041d823528]
[    0.134010]      scan-1133 get_device_data       : No context for object [ffff88041d823550]
[    0.134010]      scan-1133 get_device_data       : No context for object [ffff88041d823578]
[    0.134010]      scan-1133 get_device_data       : No context for object [ffff88041d8235a0]
[    0.134010]      scan-1133 get_device_data       : No context for object [ffff88041d8235c8]
[    0.134010]      scan-1133 get_device_data       : No context for object [ffff88041d8235f0]
[    0.134010]      scan-1133 get_device_data       : No context for object [ffff88041d823618]
[    0.134010]      scan-1133 get_device_data       : No context for object [ffff88041d823640]
[    0.134010]      scan-1133 get_device_data       : No context for object [ffff88041d823668]
[    0.134010]      scan-1133 get_device_data       : No context for object [ffff88041d823690]
[    0.134010]      scan-1133 get_device_data       : No context for object [ffff88041d8236b8]
[    0.134010]      scan-1133 get_device_data       : No context for object [ffff88041d8236e0]
[    0.134010]      scan-1133 get_device_data       : No context for object [ffff88041d823708]
[    0.134010]      scan-1133 get_device_data       : No context for object [ffff88041d823730]
[    0.134014]      scan-1133 get_device_data       : No context for object [ffff88041d823758]
[    0.134021]      scan-1133 get_device_data       : No context for object [ffff88041d823780]
[    0.134027]      scan-1133 get_device_data       : No context for object [ffff88041d8237a8]
[    0.134034]      scan-1133 get_device_data       : No context for object [ffff88041d8237d0]
[    0.134041]      scan-1133 get_device_data       : No context for object [ffff88041d8237f8]
[    0.134047]      scan-1133 get_device_data       : No context for object [ffff88041d823820]
[    0.134054]      scan-1133 get_device_data       : No context for object [ffff88041d823848]
[    0.134061]      scan-1133 get_device_data       : No context for object [ffff88041d823870]
[    0.134068]      scan-1133 get_device_data       : No context for object [ffff88041d823898]
[    0.134074]      scan-1133 get_device_data       : No context for object [ffff88041d8238c0]
[    0.134081]      scan-1133 get_device_data       : No context for object [ffff88041d8238e8]
[    0.134088]      scan-1133 get_device_data       : No context for object [ffff88041d823910]
[    0.134095]      scan-1133 get_device_data       : No context for object [ffff88041d823938]
[    0.134101]      scan-1133 get_device_data       : No context for object [ffff88041d823960]
[    0.134108]      scan-1133 get_device_data       : No context for object [ffff88041d823988]
[    0.134115]      scan-1133 get_device_data       : No context for object [ffff88041d8239b0]
[    0.134121]      scan-1133 get_device_data       : No context for object [ffff88041d8239d8]
[    0.134128]      scan-1133 get_device_data       : No context for object [ffff88041d837460]
[    0.134135]      scan-1133 get_device_data       : No context for object [ffff88041d83ac08]
[    0.134142]      scan-1133 get_device_data       : No context for object [ffff88041d83ac30]
[    0.134149]      scan-1133 get_device_data       : No context for object [ffff88041d83ac58]
[    0.134157]     utils-0051 util_eval_error       : Evaluate [\_SB_.PCI0.PB3_.VGA_.CRT_._STA]: AE_NOT_FOUND
[    0.134209] device: 'device:04': device_add
[    0.134217] bus: 'acpi': add device device:04
[    0.134236]     utils-0051 util_eval_error       : Evaluate [\_SB_.PCI0.PB3_.VGA_.CRT_._SUN]: AE_NOT_FOUND
[    0.134253]      scan-1922 add_single_object     : Added device:04 [\_SB_.PCI0.PB3_.VGA_.CRT_] parent LNXVIDEO:00
[    0.134264]      scan-1133 get_device_data       : No context for object [ffff88041d83ac80]
[    0.134271]      scan-1133 get_device_data       : No context for object [ffff88041d83aca8]
[    0.134278]      scan-1133 get_device_data       : No context for object [ffff88041d83acd0]
[    0.134285]      scan-1133 get_device_data       : No context for object [ffff88041d83acf8]
[    0.134292]      scan-1133 get_device_data       : No context for object [ffff88041d83ad20]
[    0.134300]     utils-0051 util_eval_error       : Evaluate [\_SB_.PCI0.PB3_.VGA_.LCD_._STA]: AE_NOT_FOUND
[    0.134354] device: 'device:05': device_add
[    0.134363] bus: 'acpi': add device device:05
[    0.134382]     utils-0051 util_eval_error       : Evaluate [\_SB_.PCI0.PB3_.VGA_.LCD_._SUN]: AE_NOT_FOUND
[    0.134400]      scan-1922 add_single_object     : Added device:05 [\_SB_.PCI0.PB3_.VGA_.LCD_] parent LNXVIDEO:00
[    0.134411]      scan-1133 get_device_data       : No context for object [ffff88041d83ad48]
[    0.134418]      scan-1133 get_device_data       : No context for object [ffff88041d83ad70]
[    0.134426]      scan-1133 get_device_data       : No context for object [ffff88041d83ad98]
[    0.134433]      scan-1133 get_device_data       : No context for object [ffff88041d83adc0]
[    0.134440]      scan-1133 get_device_data       : No context for object [ffff88041d83ade8]
[    0.134446]      scan-1133 get_device_data       : No context for object [ffff88041d83ae10]
[    0.134453]      scan-1133 get_device_data       : No context for object [ffff88041d83ae38]
[    0.134460]      scan-1133 get_device_data       : No context for object [ffff88041d83ae60]
[    0.134468]     utils-0051 util_eval_error       : Evaluate [\_SB_.PCI0.PB3_.VGA_.TV0_._STA]: AE_NOT_FOUND
[    0.134511] device: 'device:06': device_add
[    0.134518] bus: 'acpi': add device device:06
[    0.134536]     utils-0051 util_eval_error       : Evaluate [\_SB_.PCI0.PB3_.VGA_.TV0_._SUN]: AE_NOT_FOUND
[    0.134553]      scan-1922 add_single_object     : Added device:06 [\_SB_.PCI0.PB3_.VGA_.TV0_] parent LNXVIDEO:00
[    0.134564]      scan-1133 get_device_data       : No context for object [ffff88041d83ae88]
[    0.134572]      scan-1133 get_device_data       : No context for object [ffff88041d83aeb0]
[    0.134579]      scan-1133 get_device_data       : No context for object [ffff88041d83aed8]
[    0.134586]      scan-1133 get_device_data       : No context for object [ffff88041d83af00]
[    0.134593]      scan-1133 get_device_data       : No context for object [ffff88041d83af28]
[    0.134601]     utils-0051 util_eval_error       : Evaluate [\_SB_.PCI0.PB3_.VGA_.HDMI._STA]: AE_NOT_FOUND
[    0.134652] device: 'device:07': device_add
[    0.134659] bus: 'acpi': add device device:07
[    0.134680]     utils-0051 util_eval_error       : Evaluate [\_SB_.PCI0.PB3_.VGA_.HDMI._SUN]: AE_NOT_FOUND
[    0.135000]      scan-1922 add_single_object     : Added device:07 [\_SB_.PCI0.PB3_.VGA_.HDMI] parent LNXVIDEO:00
[    0.135000]      scan-1133 get_device_data       : No context for object [ffff88041d83af50]
[    0.135000]      scan-1133 get_device_data       : No context for object [ffff88041d83af78]
[    0.135000]      scan-1133 get_device_data       : No context for object [ffff88041d83afa0]
[    0.135000]      scan-1133 get_device_data       : No context for object [ffff88041d83afc8]
[    0.135000]      scan-1133 get_device_data       : No context for object [ffff88041d823a00]
[    0.135000]     utils-0051 util_eval_error       : Evaluate [\_SB_.PCI0.PB3_.HDAU._STA]: AE_NOT_FOUND
[    0.135000] device: 'device:08': device_add
[    0.135000] bus: 'acpi': add device device:08
[    0.135000]     utils-0051 util_eval_error       : Evaluate [\_SB_.PCI0.PB3_.HDAU._SUN]: AE_NOT_FOUND
[    0.135015]      scan-1922 add_single_object     : Added device:08 [\_SB_.PCI0.PB3_.HDAU] parent device:03
[    0.135015]      scan-1133 get_device_data       : No context for object [ffff88041d823a28]
[    0.135015]      scan-1133 get_device_data       : No context for object [ffff88041d823a50]
[    0.135015]      scan-1133 get_device_data       : No context for object [ffff88041d823a78]
[    0.135015]      scan-1133 get_device_data       : No context for object [ffff88041d823aa0]
[    0.135015]      scan-1133 get_device_data       : No context for object [ffff88041d823ac8]
[    0.135015]      scan-1133 get_device_data       : No context for object [ffff88041d823af0]
[    0.135015]      scan-1133 get_device_data       : No context for object [ffff88041d823b18]
[    0.135015]     utils-0051 util_eval_error       : Evaluate [\_SB_.PCI0.PB4_._STA]: AE_NOT_FOUND
[    0.135015] device: 'device:09': device_add
[    0.135015] bus: 'acpi': add device device:09
[    0.135023]     utils-0051 util_eval_error       : Evaluate [\_SB_.PCI0.PB4_._SUN]: AE_NOT_FOUND
[    0.135039]      scan-1922 add_single_object     : Added device:09 [\_SB_.PCI0.PB4_] parent PNP0A08:00
[    0.135050]      scan-1133 get_device_data       : No context for object [ffff88041d823b40]
[    0.135058]      scan-1133 get_device_data       : No context for object [ffff88041d823b68]
[    0.135064]      scan-1133 get_device_data       : No context for object [ffff88041d823b90]
[    0.135071]      scan-1133 get_device_data       : No context for object [ffff88041d823bb8]
[    0.135078]      scan-1133 get_device_data       : No context for object [ffff88041d823be0]
[    0.135085]      scan-1133 get_device_data       : No context for object [ffff88041d823c08]
[    0.135092]      scan-1133 get_device_data       : No context for object [ffff88041d823c30]
[    0.135099]      scan-1133 get_device_data       : No context for object [ffff88041d823c58]
[    0.135106]      scan-1133 get_device_data       : No context for object [ffff88041d823c80]
[    0.135113]      scan-1133 get_device_data       : No context for object [ffff88041d823ca8]
[    0.135120]      scan-1133 get_device_data       : No context for object [ffff88041d823cd0]
[    0.135126]      scan-1133 get_device_data       : No context for object [ffff88041d823cf8]
[    0.135133]      scan-1133 get_device_data       : No context for object [ffff88041d823d20]
[    0.135140]      scan-1133 get_device_data       : No context for object [ffff88041d823d48]
[    0.135146]      scan-1133 get_device_data       : No context for object [ffff88041d823d70]
[    0.135153]      scan-1133 get_device_data       : No context for object [ffff88041d823d98]
[    0.135160]      scan-1133 get_device_data       : No context for object [ffff88041d823dc0]
[    0.135167]      scan-1133 get_device_data       : No context for object [ffff88041d823de8]
[    0.135174]      scan-1133 get_device_data       : No context for object [ffff88041d823e10]
[    0.135180]      scan-1133 get_device_data       : No context for object [ffff88041d823e38]
[    0.135187]      scan-1133 get_device_data       : No context for object [ffff88041d823e60]
[    0.135194]      scan-1133 get_device_data       : No context for object [ffff88041d823e88]
[    0.135201]      scan-1133 get_device_data       : No context for object [ffff88041d823eb0]
[    0.135207]      scan-1133 get_device_data       : No context for object [ffff88041d823ed8]
[    0.135214]      scan-1133 get_device_data       : No context for object [ffff88041d823f00]
[    0.135221]      scan-1133 get_device_data       : No context for object [ffff88041d823f28]
[    0.135227]      scan-1133 get_device_data       : No context for object [ffff88041d823f50]
[    0.135234]      scan-1133 get_device_data       : No context for object [ffff88041d823f78]
[    0.135241]      scan-1133 get_device_data       : No context for object [ffff88041d823fa0]
[    0.135248]      scan-1133 get_device_data       : No context for object [ffff88041d823fc8]
[    0.135254]      scan-1133 get_device_data       : No context for object [ffff88041d825000]
[    0.135262]     utils-0051 util_eval_error       : Evaluate [\_SB_.PCI0.PB4_.XPDV._STA]: AE_NOT_FOUND
[    0.135305] device: 'device:0a': device_add
[    0.135311] bus: 'acpi': add device device:0a
[    0.135333]     utils-0051 util_eval_error       : Evaluate [\_SB_.PCI0.PB4_.XPDV._SUN]: AE_NOT_FOUND
[    0.135349]      scan-1922 add_single_object     : Added device:0a [\_SB_.PCI0.PB4_.XPDV] parent device:09
[    0.135361]      scan-1133 get_device_data       : No context for object [ffff88041d825028]
[    0.135368]      scan-1133 get_device_data       : No context for object [ffff88041d825050]
[    0.135375]      scan-1133 get_device_data       : No context for object [ffff88041d825078]
[    0.135382]      scan-1133 get_device_data       : No context for object [ffff88041d8250a0]
[    0.135389]      scan-1133 get_device_data       : No context for object [ffff88041d8250c8]
[    0.135396]      scan-1133 get_device_data       : No context for object [ffff88041d837500]
[    0.135403]      scan-1133 get_device_data       : No context for object [ffff88041d8250f0]
[    0.135410]      scan-1133 get_device_data       : No context for object [ffff88041d825118]
[    0.135418]     utils-0051 util_eval_error       : Evaluate [\_SB_.PCI0.PB5_._STA]: AE_NOT_FOUND
[    0.135476] device: 'device:0b': device_add
[    0.135483] bus: 'acpi': add device device:0b
[    0.135501]     utils-0051 util_eval_error       : Evaluate [\_SB_.PCI0.PB5_._SUN]: AE_NOT_FOUND
[    0.135518]      scan-1922 add_single_object     : Added device:0b [\_SB_.PCI0.PB5_] parent PNP0A08:00
[    0.135530]      scan-1133 get_device_data       : No context for object [ffff88041d825140]
[    0.135537]      scan-1133 get_device_data       : No context for object [ffff88041d825168]
[    0.135544]      scan-1133 get_device_data       : No context for object [ffff88041d825190]
[    0.135551]      scan-1133 get_device_data       : No context for object [ffff88041d8251b8]
[    0.135557]      scan-1133 get_device_data       : No context for object [ffff88041d8251e0]
[    0.135564]      scan-1133 get_device_data       : No context for object [ffff88041d825208]
[    0.135571]      scan-1133 get_device_data       : No context for object [ffff88041d825230]
[    0.135578]      scan-1133 get_device_data       : No context for object [ffff88041d825258]
[    0.135585]      scan-1133 get_device_data       : No context for object [ffff88041d825280]
[    0.135592]      scan-1133 get_device_data       : No context for object [ffff88041d8252a8]
[    0.135599]      scan-1133 get_device_data       : No context for object [ffff88041d8252d0]
[    0.135606]      scan-1133 get_device_data       : No context for object [ffff88041d8252f8]
[    0.135613]      scan-1133 get_device_data       : No context for object [ffff88041d825320]
[    0.135620]      scan-1133 get_device_data       : No context for object [ffff88041d825348]
[    0.135627]      scan-1133 get_device_data       : No context for object [ffff88041d825370]
[    0.135633]      scan-1133 get_device_data       : No context for object [ffff88041d825398]
[    0.135640]      scan-1133 get_device_data       : No context for object [ffff88041d8253c0]
[    0.135647]      scan-1133 get_device_data       : No context for object [ffff88041d8253e8]
[    0.135654]      scan-1133 get_device_data       : No context for object [ffff88041d825410]
[    0.135661]      scan-1133 get_device_data       : No context for object [ffff88041d825438]
[    0.135667]      scan-1133 get_device_data       : No context for object [ffff88041d825460]
[    0.135674]      scan-1133 get_device_data       : No context for object [ffff88041d825488]
[    0.135681]      scan-1133 get_device_data       : No context for object [ffff88041d8254b0]
[    0.135688]      scan-1133 get_device_data       : No context for object [ffff88041d8254d8]
[    0.135695]      scan-1133 get_device_data       : No context for object [ffff88041d825500]
[    0.135701]      scan-1133 get_device_data       : No context for object [ffff88041d825528]
[    0.135708]      scan-1133 get_device_data       : No context for object [ffff88041d825550]
[    0.135715]      scan-1133 get_device_data       : No context for object [ffff88041d825578]
[    0.135722]      scan-1133 get_device_data       : No context for object [ffff88041d8255a0]
[    0.135728]      scan-1133 get_device_data       : No context for object [ffff88041d8255c8]
[    0.135735]      scan-1133 get_device_data       : No context for object [ffff88041d8255f0]
[    0.135743]     utils-0051 util_eval_error       : Evaluate [\_SB_.PCI0.PB5_.XPDV._STA]: AE_NOT_FOUND
[    0.135786] device: 'device:0c': device_add
[    0.135793] bus: 'acpi': add device device:0c
[    0.135811]     utils-0051 util_eval_error       : Evaluate [\_SB_.PCI0.PB5_.XPDV._SUN]: AE_NOT_FOUND
[    0.136000]      scan-1922 add_single_object     : Added device:0c [\_SB_.PCI0.PB5_.XPDV] parent device:0b
[    0.136000]      scan-1133 get_device_data       : No context for object [ffff88041d825618]
[    0.136000]      scan-1133 get_device_data       : No context for object [ffff88041d825640]
[    0.136000]      scan-1133 get_device_data       : No context for object [ffff88041d825668]
[    0.136000]      scan-1133 get_device_data       : No context for object [ffff88041d825690]
[    0.136000]      scan-1133 get_device_data       : No context for object [ffff88041d8256b8]
[    0.136000]      scan-1133 get_device_data       : No context for object [ffff88041d837528]
[    0.136000]      scan-1133 get_device_data       : No context for object [ffff88041d8256e0]
[    0.136000]      scan-1133 get_device_data       : No context for object [ffff88041d825708]
[    0.136000]     utils-0051 util_eval_error       : Evaluate [\_SB_.PCI0.PB6_._STA]: AE_NOT_FOUND
[    0.136000] device: 'device:0d': device_add
[    0.136005] bus: 'acpi': add device device:0d
[    0.136027]     utils-0051 util_eval_error       : Evaluate [\_SB_.PCI0.PB6_._SUN]: AE_NOT_FOUND
[    0.136044]      scan-1922 add_single_object     : Added device:0d [\_SB_.PCI0.PB6_] parent PNP0A08:00
[    0.136055]      scan-1133 get_device_data       : No context for object [ffff88041d825730]
[    0.136063]      scan-1133 get_device_data       : No context for object [ffff88041d825758]
[    0.136070]      scan-1133 get_device_data       : No context for object [ffff88041d825780]
[    0.136076]      scan-1133 get_device_data       : No context for object [ffff88041d8257a8]
[    0.136083]      scan-1133 get_device_data       : No context for object [ffff88041d8257d0]
[    0.136090]      scan-1133 get_device_data       : No context for object [ffff88041d8257f8]
[    0.136097]      scan-1133 get_device_data       : No context for object [ffff88041d825820]
[    0.136104]      scan-1133 get_device_data       : No context for object [ffff88041d825848]
[    0.136111]      scan-1133 get_device_data       : No context for object [ffff88041d825870]
[    0.136118]      scan-1133 get_device_data       : No context for object [ffff88041d825898]
[    0.136125]      scan-1133 get_device_data       : No context for object [ffff88041d8258c0]
[    0.136131]      scan-1133 get_device_data       : No context for object [ffff88041d8258e8]
[    0.136138]      scan-1133 get_device_data       : No context for object [ffff88041d825910]
[    0.136145]      scan-1133 get_device_data       : No context for object [ffff88041d825938]
[    0.136152]      scan-1133 get_device_data       : No context for object [ffff88041d825960]
[    0.136159]      scan-1133 get_device_data       : No context for object [ffff88041d825988]
[    0.136166]      scan-1133 get_device_data       : No context for object [ffff88041d8259b0]
[    0.136173]      scan-1133 get_device_data       : No context for object [ffff88041d8259d8]
[    0.136180]      scan-1133 get_device_data       : No context for object [ffff88041d825a00]
[    0.136187]      scan-1133 get_device_data       : No context for object [ffff88041d825a28]
[    0.136194]      scan-1133 get_device_data       : No context for object [ffff88041d825a50]
[    0.136200]      scan-1133 get_device_data       : No context for object [ffff88041d825a78]
[    0.136207]      scan-1133 get_device_data       : No context for object [ffff88041d825aa0]
[    0.136214]      scan-1133 get_device_data       : No context for object [ffff88041d825ac8]
[    0.136221]      scan-1133 get_device_data       : No context for object [ffff88041d825af0]
[    0.136228]      scan-1133 get_device_data       : No context for object [ffff88041d825b18]
[    0.136234]      scan-1133 get_device_data       : No context for object [ffff88041d825b40]
[    0.136241]      scan-1133 get_device_data       : No context for object [ffff88041d825b68]
[    0.136248]      scan-1133 get_device_data       : No context for object [ffff88041d825b90]
[    0.136255]      scan-1133 get_device_data       : No context for object [ffff88041d825bb8]
[    0.136261]      scan-1133 get_device_data       : No context for object [ffff88041d825be0]
[    0.136270]     utils-0051 util_eval_error       : Evaluate [\_SB_.PCI0.PB6_.XPDV._STA]: AE_NOT_FOUND
[    0.136312] device: 'device:0e': device_add
[    0.136319] bus: 'acpi': add device device:0e
[    0.136337]     utils-0051 util_eval_error       : Evaluate [\_SB_.PCI0.PB6_.XPDV._SUN]: AE_NOT_FOUND
[    0.136353]      scan-1922 add_single_object     : Added device:0e [\_SB_.PCI0.PB6_.XPDV] parent device:0d
[    0.136364]      scan-1133 get_device_data       : No context for object [ffff88041d825c08]
[    0.136371]      scan-1133 get_device_data       : No context for object [ffff88041d825c30]
[    0.136379]      scan-1133 get_device_data       : No context for object [ffff88041d825c58]
[    0.136386]      scan-1133 get_device_data       : No context for object [ffff88041d825c80]
[    0.136393]      scan-1133 get_device_data       : No context for object [ffff88041d825ca8]
[    0.136400]      scan-1133 get_device_data       : No context for object [ffff88041d837550]
[    0.136407]      scan-1133 get_device_data       : No context for object [ffff88041d825cd0]
[    0.136414]      scan-1133 get_device_data       : No context for object [ffff88041d825cf8]
[    0.136422]     utils-0051 util_eval_error       : Evaluate [\_SB_.PCI0.PB7_._STA]: AE_NOT_FOUND
[    0.136479] device: 'device:0f': device_add
[    0.136486] bus: 'acpi': add device device:0f
[    0.136505]     utils-0051 util_eval_error       : Evaluate [\_SB_.PCI0.PB7_._SUN]: AE_NOT_FOUND
[    0.136521]      scan-1922 add_single_object     : Added device:0f [\_SB_.PCI0.PB7_] parent PNP0A08:00
[    0.136532]      scan-1133 get_device_data       : No context for object [ffff88041d825d20]
[    0.136539]      scan-1133 get_device_data       : No context for object [ffff88041d825d48]
[    0.136546]      scan-1133 get_device_data       : No context for object [ffff88041d825d70]
[    0.136553]      scan-1133 get_device_data       : No context for object [ffff88041d825d98]
[    0.136560]      scan-1133 get_device_data       : No context for object [ffff88041d825dc0]
[    0.136567]      scan-1133 get_device_data       : No context for object [ffff88041d825de8]
[    0.136574]      scan-1133 get_device_data       : No context for object [ffff88041d825e10]
[    0.136581]      scan-1133 get_device_data       : No context for object [ffff88041d825e38]
[    0.136587]      scan-1133 get_device_data       : No context for object [ffff88041d825e60]
[    0.136594]      scan-1133 get_device_data       : No context for object [ffff88041d825e88]
[    0.136601]      scan-1133 get_device_data       : No context for object [ffff88041d825eb0]
[    0.136608]      scan-1133 get_device_data       : No context for object [ffff88041d825ed8]
[    0.136615]      scan-1133 get_device_data       : No context for object [ffff88041d825f00]
[    0.136621]      scan-1133 get_device_data       : No context for object [ffff88041d825f28]
[    0.136628]      scan-1133 get_device_data       : No context for object [ffff88041d825f50]
[    0.136635]      scan-1133 get_device_data       : No context for object [ffff88041d825f78]
[    0.136642]      scan-1133 get_device_data       : No context for object [ffff88041d825fa0]
[    0.136648]      scan-1133 get_device_data       : No context for object [ffff88041d825fc8]
[    0.136655]      scan-1133 get_device_data       : No context for object [ffff88041d827000]
[    0.136662]      scan-1133 get_device_data       : No context for object [ffff88041d827028]
[    0.136669]      scan-1133 get_device_data       : No context for object [ffff88041d827050]
[    0.136675]      scan-1133 get_device_data       : No context for object [ffff88041d827078]
[    0.136682]      scan-1133 get_device_data       : No context for object [ffff88041d8270a0]
[    0.136689]      scan-1133 get_device_data       : No context for object [ffff88041d8270c8]
[    0.136696]      scan-1133 get_device_data       : No context for object [ffff88041d8270f0]
[    0.136702]      scan-1133 get_device_data       : No context for object [ffff88041d827118]
[    0.136709]      scan-1133 get_device_data       : No context for object [ffff88041d827140]
[    0.136716]      scan-1133 get_device_data       : No context for object [ffff88041d827168]
[    0.136723]      scan-1133 get_device_data       : No context for object [ffff88041d827190]
[    0.136729]      scan-1133 get_device_data       : No context for object [ffff88041d8271b8]
[    0.136736]      scan-1133 get_device_data       : No context for object [ffff88041d8271e0]
[    0.136744]     utils-0051 util_eval_error       : Evaluate [\_SB_.PCI0.PB7_.XPDV._STA]: AE_NOT_FOUND
[    0.136786] device: 'device:10': device_add
[    0.136793] bus: 'acpi': add device device:10
[    0.136814]     utils-0051 util_eval_error       : Evaluate [\_SB_.PCI0.PB7_.XPDV._SUN]: AE_NOT_FOUND
[    0.137000]      scan-1922 add_single_object     : Added device:10 [\_SB_.PCI0.PB7_.XPDV] parent device:0f
[    0.137000]      scan-1133 get_device_data       : No context for object [ffff88041d827208]
[    0.137000]      scan-1133 get_device_data       : No context for object [ffff88041d827230]
[    0.137000]      scan-1133 get_device_data       : No context for object [ffff88041d827258]
[    0.137000]      scan-1133 get_device_data       : No context for object [ffff88041d827280]
[    0.137000]      scan-1133 get_device_data       : No context for object [ffff88041d8272a8]
[    0.137000]      scan-1133 get_device_data       : No context for object [ffff88041d837488]
[    0.137000]      scan-1133 get_device_data       : No context for object [ffff88041d8272d0]
[    0.137000]      scan-1133 get_device_data       : No context for object [ffff88041d8272f8]
[    0.137000]     utils-0051 util_eval_error       : Evaluate [\_SB_.PCI0.OHC1._STA]: AE_NOT_FOUND
[    0.137007] device: 'device:11': device_add
[    0.137014] bus: 'acpi': add device device:11
[    0.137032]     utils-0051 util_eval_error       : Evaluate [\_SB_.PCI0.OHC1._SUN]: AE_NOT_FOUND
[    0.137048]      scan-1922 add_single_object     : Added device:11 [\_SB_.PCI0.OHC1] parent PNP0A08:00
[    0.137059]      scan-1133 get_device_data       : No context for object [ffff88041d827320]
[    0.137066]      scan-1133 get_device_data       : No context for object [ffff88041d827348]
[    0.137073]      scan-1133 get_device_data       : No context for object [ffff88041d83b2f8]
[    0.137081]     utils-0051 util_eval_error       : Evaluate [\_SB_.PCI0.OHC1.RHUB._STA]: AE_NOT_FOUND
[    0.137124] device: 'device:12': device_add
[    0.137131] bus: 'acpi': add device device:12
[    0.137149]     utils-0051 util_eval_error       : Evaluate [\_SB_.PCI0.OHC1.RHUB._SUN]: AE_NOT_FOUND
[    0.137165]      scan-1922 add_single_object     : Added device:12 [\_SB_.PCI0.OHC1.RHUB] parent device:11
[    0.137176]      scan-1133 get_device_data       : No context for object [ffff88041d83b320]
[    0.137183]      scan-1133 get_device_data       : No context for object [ffff88041d83b348]
[    0.137191]     utils-0051 util_eval_error       : Evaluate [\_SB_.PCI0.OHC1.RHUB.PRT3._STA]: AE_NOT_FOUND
[    0.137234] device: 'device:13': device_add
[    0.137240] bus: 'acpi': add device device:13
[    0.137262]     utils-0051 util_eval_error       : Evaluate [\_SB_.PCI0.OHC1.RHUB.PRT3._SUN]: AE_NOT_FOUND
[    0.137278]      scan-1922 add_single_object     : Added device:13 [\_SB_.PCI0.OHC1.RHUB.PRT3] parent device:12
[    0.137289]      scan-1133 get_device_data       : No context for object [ffff88041d83b370]
[    0.137296]      scan-1133 get_device_data       : No context for object [ffff88041d83b398]
[    0.137303]      scan-1133 get_device_data       : No context for object [ffff88041d83b3c0]
[    0.137311]      scan-1133 get_device_data       : No context for object [ffff88041d83b3e8]
[    0.137319]     utils-0051 util_eval_error       : Evaluate [\_SB_.PCI0.OHC1.RHUB.PRT4._STA]: AE_NOT_FOUND
[    0.137361] device: 'device:14': device_add
[    0.137368] bus: 'acpi': add device device:14
[    0.137386]     utils-0051 util_eval_error       : Evaluate [\_SB_.PCI0.OHC1.RHUB.PRT4._SUN]: AE_NOT_FOUND
[    0.137403]      scan-1922 add_single_object     : Added device:14 [\_SB_.PCI0.OHC1.RHUB.PRT4] parent device:12
[    0.137414]      scan-1133 get_device_data       : No context for object [ffff88041d83b410]
[    0.137421]      scan-1133 get_device_data       : No context for object [ffff88041d83b438]
[    0.137428]      scan-1133 get_device_data       : No context for object [ffff88041d83b460]
[    0.137436]      scan-1133 get_device_data       : No context for object [ffff88041d827370]
[    0.137444]     utils-0051 util_eval_error       : Evaluate [\_SB_.PCI0.EHC1._STA]: AE_NOT_FOUND
[    0.137547] device: 'device:15': device_add
[    0.137554] bus: 'acpi': add device device:15
[    0.137573]     utils-0051 util_eval_error       : Evaluate [\_SB_.PCI0.EHC1._SUN]: AE_NOT_FOUND
[    0.137589]      scan-1922 add_single_object     : Added device:15 [\_SB_.PCI0.EHC1] parent PNP0A08:00
[    0.137600]      scan-1133 get_device_data       : No context for object [ffff88041d827398]
[    0.137607]      scan-1133 get_device_data       : No context for object [ffff88041d8273c0]
[    0.137614]      scan-1133 get_device_data       : No context for object [ffff88041d83b028]
[    0.137622]     utils-0051 util_eval_error       : Evaluate [\_SB_.PCI0.EHC1.RHUB._STA]: AE_NOT_FOUND
[    0.137664] device: 'device:16': device_add
[    0.137673] bus: 'acpi': add device device:16
[    0.137692]     utils-0051 util_eval_error       : Evaluate [\_SB_.PCI0.EHC1.RHUB._SUN]: AE_NOT_FOUND
[    0.138013]      scan-1922 add_single_object     : Added device:16 [\_SB_.PCI0.EHC1.RHUB] parent device:15
[    0.138013]      scan-1133 get_device_data       : No context for object [ffff88041d83b050]
[    0.138013]      scan-1133 get_device_data       : No context for object [ffff88041d83b078]
[    0.138013]     utils-0051 util_eval_error       : Evaluate [\_SB_.PCI0.EHC1.RHUB.PRT3._STA]: AE_NOT_FOUND
[    0.138013] device: 'device:17': device_add
[    0.138013] bus: 'acpi': add device device:17
[    0.138013]     utils-0051 util_eval_error       : Evaluate [\_SB_.PCI0.EHC1.RHUB.PRT3._SUN]: AE_NOT_FOUND
[    0.138022]      scan-1922 add_single_object     : Added device:17 [\_SB_.PCI0.EHC1.RHUB.PRT3] parent device:16
[    0.138022]      scan-1133 get_device_data       : No context for object [ffff88041d83b0a0]
[    0.138022]      scan-1133 get_device_data       : No context for object [ffff88041d83b0c8]
[    0.138022]      scan-1133 get_device_data       : No context for object [ffff88041d83b0f0]
[    0.138022]      scan-1133 get_device_data       : No context for object [ffff88041d83b118]
[    0.138022]     utils-0051 util_eval_error       : Evaluate [\_SB_.PCI0.EHC1.RHUB.PRT4._STA]: AE_NOT_FOUND
[    0.138022] device: 'device:18': device_add
[    0.138022] bus: 'acpi': add device device:18
[    0.138022]     utils-0051 util_eval_error       : Evaluate [\_SB_.PCI0.EHC1.RHUB.PRT4._SUN]: AE_NOT_FOUND
[    0.138022]      scan-1922 add_single_object     : Added device:18 [\_SB_.PCI0.EHC1.RHUB.PRT4] parent device:16
[    0.138022]      scan-1133 get_device_data       : No context for object [ffff88041d83b140]
[    0.138022]      scan-1133 get_device_data       : No context for object [ffff88041d83b168]
[    0.138022]      scan-1133 get_device_data       : No context for object [ffff88041d83b190]
[    0.138022]      scan-1133 get_device_data       : No context for object [ffff88041d8273e8]
[    0.138022]     utils-0051 util_eval_error       : Evaluate [\_SB_.PCI0.OHC2._STA]: AE_NOT_FOUND
[    0.138091] device: 'device:19': device_add
[    0.138099] bus: 'acpi': add device device:19
[    0.138117]     utils-0051 util_eval_error       : Evaluate [\_SB_.PCI0.OHC2._SUN]: AE_NOT_FOUND
[    0.138134]      scan-1922 add_single_object     : Added device:19 [\_SB_.PCI0.OHC2] parent PNP0A08:00
[    0.138145]      scan-1133 get_device_data       : No context for object [ffff88041d827410]
[    0.138152]      scan-1133 get_device_data       : No context for object [ffff88041d827438]
[    0.138159]      scan-1133 get_device_data       : No context for object [ffff88041d83b488]
[    0.138167]     utils-0051 util_eval_error       : Evaluate [\_SB_.PCI0.OHC2.RHUB._STA]: AE_NOT_FOUND
[    0.138209] device: 'device:1a': device_add
[    0.138215] bus: 'acpi': add device device:1a
[    0.138234]     utils-0051 util_eval_error       : Evaluate [\_SB_.PCI0.OHC2.RHUB._SUN]: AE_NOT_FOUND
[    0.138250]      scan-1922 add_single_object     : Added device:1a [\_SB_.PCI0.OHC2.RHUB] parent device:19
[    0.138261]      scan-1133 get_device_data       : No context for object [ffff88041d83b4b0]
[    0.138268]      scan-1133 get_device_data       : No context for object [ffff88041d83b4d8]
[    0.138276]     utils-0051 util_eval_error       : Evaluate [\_SB_.PCI0.OHC2.RHUB.PRT4._STA]: AE_NOT_FOUND
[    0.138320] device: 'device:1b': device_add
[    0.138326] bus: 'acpi': add device device:1b
[    0.138348]     utils-0051 util_eval_error       : Evaluate [\_SB_.PCI0.OHC2.RHUB.PRT4._SUN]: AE_NOT_FOUND
[    0.138366]      scan-1922 add_single_object     : Added device:1b [\_SB_.PCI0.OHC2.RHUB.PRT4] parent device:1a
[    0.138377]      scan-1133 get_device_data       : No context for object [ffff88041d83b500]
[    0.138384]      scan-1133 get_device_data       : No context for object [ffff88041d83b528]
[    0.138391]      scan-1133 get_device_data       : No context for object [ffff88041d83b550]
[    0.138398]      scan-1133 get_device_data       : No context for object [ffff88041d827460]
[    0.138407]     utils-0051 util_eval_error       : Evaluate [\_SB_.PCI0.EHC2._STA]: AE_NOT_FOUND
[    0.138460] device: 'device:1c': device_add
[    0.138467] bus: 'acpi': add device device:1c
[    0.138486]     utils-0051 util_eval_error       : Evaluate [\_SB_.PCI0.EHC2._SUN]: AE_NOT_FOUND
[    0.138503]      scan-1922 add_single_object     : Added device:1c [\_SB_.PCI0.EHC2] parent PNP0A08:00
[    0.138513]      scan-1133 get_device_data       : No context for object [ffff88041d827488]
[    0.138520]      scan-1133 get_device_data       : No context for object [ffff88041d8274b0]
[    0.138527]      scan-1133 get_device_data       : No context for object [ffff88041d83b1b8]
[    0.138536]     utils-0051 util_eval_error       : Evaluate [\_SB_.PCI0.EHC2.RHUB._STA]: AE_NOT_FOUND
[    0.138577] device: 'device:1d': device_add
[    0.138584] bus: 'acpi': add device device:1d
[    0.138602]     utils-0051 util_eval_error       : Evaluate [\_SB_.PCI0.EHC2.RHUB._SUN]: AE_NOT_FOUND
[    0.139000]      scan-1922 add_single_object     : Added device:1d [\_SB_.PCI0.EHC2.RHUB] parent device:1c
[    0.139000]      scan-1133 get_device_data       : No context for object [ffff88041d83b1e0]
[    0.139000]      scan-1133 get_device_data       : No context for object [ffff88041d83b208]
[    0.139000]     utils-0051 util_eval_error       : Evaluate [\_SB_.PCI0.EHC2.RHUB.PRT2._STA]: AE_NOT_FOUND
[    0.139000] device: 'device:1e': device_add
[    0.139000] bus: 'acpi': add device device:1e
[    0.139000]     utils-0051 util_eval_error       : Evaluate [\_SB_.PCI0.EHC2.RHUB.PRT2._SUN]: AE_NOT_FOUND
[    0.139015]      scan-1922 add_single_object     : Added device:1e [\_SB_.PCI0.EHC2.RHUB.PRT2] parent device:1d
[    0.139015]      scan-1133 get_device_data       : No context for object [ffff88041d83b230]
[    0.139015]      scan-1133 get_device_data       : No context for object [ffff88041d83b258]
[    0.139015]      scan-1133 get_device_data       : No context for object [ffff88041d83b280]
[    0.139015]      scan-1133 get_device_data       : No context for object [ffff88041d8274d8]
[    0.139015]     utils-0051 util_eval_error       : Evaluate [\_SB_.PCI0.OHC3._STA]: AE_NOT_FOUND
[    0.139015] device: 'device:1f': device_add
[    0.139015] bus: 'acpi': add device device:1f
[    0.139015]     utils-0051 util_eval_error       : Evaluate [\_SB_.PCI0.OHC3._SUN]: AE_NOT_FOUND
[    0.139025]      scan-1922 add_single_object     : Added device:1f [\_SB_.PCI0.OHC3] parent PNP0A08:00
[    0.139025]      scan-1133 get_device_data       : No context for object [ffff88041d827500]
[    0.139025]      scan-1133 get_device_data       : No context for object [ffff88041d827528]
[    0.139025]      scan-1133 get_device_data       : No context for object [ffff88041d83b578]
[    0.139025]     utils-0051 util_eval_error       : Evaluate [\_SB_.PCI0.OHC3.RHUB._STA]: AE_NOT_FOUND
[    0.139025] device: 'device:20': device_add
[    0.139025] bus: 'acpi': add device device:20
[    0.139025]     utils-0051 util_eval_error       : Evaluate [\_SB_.PCI0.OHC3.RHUB._SUN]: AE_NOT_FOUND
[    0.139034]      scan-1922 add_single_object     : Added device:20 [\_SB_.PCI0.OHC3.RHUB] parent device:1f
[    0.139045]      scan-1133 get_device_data       : No context for object [ffff88041d83b5a0]
[    0.139052]      scan-1133 get_device_data       : No context for object [ffff88041d827550]
[    0.139061]     utils-0051 util_eval_error       : Evaluate [\_SB_.PCI0.EHC3._STA]: AE_NOT_FOUND
[    0.139161] device: 'device:21': device_add
[    0.139168] bus: 'acpi': add device device:21
[    0.139190]     utils-0051 util_eval_error       : Evaluate [\_SB_.PCI0.EHC3._SUN]: AE_NOT_FOUND
[    0.139206]      scan-1922 add_single_object     : Added device:21 [\_SB_.PCI0.EHC3] parent PNP0A08:00
[    0.139216]      scan-1133 get_device_data       : No context for object [ffff88041d827578]
[    0.139224]      scan-1133 get_device_data       : No context for object [ffff88041d8275a0]
[    0.139231]      scan-1133 get_device_data       : No context for object [ffff88041d83b2a8]
[    0.139239]     utils-0051 util_eval_error       : Evaluate [\_SB_.PCI0.EHC3.RHUB._STA]: AE_NOT_FOUND
[    0.139282] device: 'device:22': device_add
[    0.139288] bus: 'acpi': add device device:22
[    0.139307]     utils-0051 util_eval_error       : Evaluate [\_SB_.PCI0.EHC3.RHUB._SUN]: AE_NOT_FOUND
[    0.139323]      scan-1922 add_single_object     : Added device:22 [\_SB_.PCI0.EHC3.RHUB] parent device:21
[    0.139334]      scan-1133 get_device_data       : No context for object [ffff88041d83b2d0]
[    0.139341]      scan-1133 get_device_data       : No context for object [ffff88041d8275c8]
[    0.139349]     utils-0051 util_eval_error       : Evaluate [\_SB_.PCI0.OHC4._STA]: AE_NOT_FOUND
[    0.139404] device: 'device:23': device_add
[    0.139411] bus: 'acpi': add device device:23
[    0.139430]     utils-0051 util_eval_error       : Evaluate [\_SB_.PCI0.OHC4._SUN]: AE_NOT_FOUND
[    0.139446]      scan-1922 add_single_object     : Added device:23 [\_SB_.PCI0.OHC4] parent PNP0A08:00
[    0.139457]      scan-1133 get_device_data       : No context for object [ffff88041d8275f0]
[    0.139464]      scan-1133 get_device_data       : No context for object [ffff88041d827618]
[    0.139471]      scan-1133 get_device_data       : No context for object [ffff88041d827640]
[    0.139479]     utils-0051 util_eval_error       : Evaluate [\_SB_.PCI0.SBAZ._STA]: AE_NOT_FOUND
[    0.139580] device: 'device:24': device_add
[    0.139587] bus: 'acpi': add device device:24
[    0.139608]     utils-0051 util_eval_error       : Evaluate [\_SB_.PCI0.SBAZ._SUN]: AE_NOT_FOUND
[    0.140000]      scan-1922 add_single_object     : Added device:24 [\_SB_.PCI0.SBAZ] parent PNP0A08:00
[    0.140000]      scan-1133 get_device_data       : No context for object [ffff88041d827668]
[    0.140000]      scan-1133 get_device_data       : No context for object [ffff88041d827690]
[    0.140000]      scan-1133 get_device_data       : No context for object [ffff88041d8276b8]
[    0.140000]     utils-0051 util_eval_error       : Evaluate [\_SB_.PCI0.GEC_._STA]: AE_NOT_FOUND
[    0.140000] device: 'device:25': device_add
[    0.140000] bus: 'acpi': add device device:25
[    0.140000]     utils-0051 util_eval_error       : Evaluate [\_SB_.PCI0.GEC_._SUN]: AE_NOT_FOUND
[    0.140016]      scan-1922 add_single_object     : Added device:25 [\_SB_.PCI0.GEC_] parent PNP0A08:00
[    0.140016]      scan-1133 get_device_data       : No context for object [ffff88041d8276e0]
[    0.140016]      scan-1133 get_device_data       : No context for object [ffff88041d827708]
[    0.140016]      scan-1133 get_device_data       : No context for object [ffff88041d827730]
[    0.140016]      scan-1133 get_device_data       : No context for object [ffff88041d827758]
[    0.140016]      scan-1133 get_device_data       : No context for object [ffff88041d827780]
[    0.140016]      scan-1133 get_device_data       : No context for object [ffff88041d8277a8]
[    0.140016]      scan-1133 get_device_data       : No context for object [ffff88041d8277d0]
[    0.140016]      scan-1133 get_device_data       : No context for object [ffff88041d8277f8]
[    0.140016]      scan-1133 get_device_data       : No context for object [ffff88041d827820]
[    0.140016]     utils-0051 util_eval_error       : Evaluate [\_SB_.PCI0.SATA._STA]: AE_NOT_FOUND
[    0.140016] device: 'device:26': device_add
[    0.140016] bus: 'acpi': add device device:26
[    0.140016]     utils-0051 util_eval_error       : Evaluate [\_SB_.PCI0.SATA._SUN]: AE_NOT_FOUND
[    0.140022]      scan-1922 add_single_object     : Added device:26 [\_SB_.PCI0.SATA] parent PNP0A08:00
[    0.140022]      scan-1133 get_device_data       : No context for object [ffff88041d827848]
[    0.140022]      scan-1133 get_device_data       : No context for object [ffff88041d827870]
[    0.140022]      scan-1133 get_device_data       : No context for object [ffff88041d827898]
[    0.140022]      scan-1133 get_device_data       : No context for object [ffff88041d8278c0]
[    0.140028]      scan-1133 get_device_data       : No context for object [ffff88041d8278e8]
[    0.140035]      scan-1133 get_device_data       : No context for object [ffff88041d827910]
[    0.140042]      scan-1133 get_device_data       : No context for object [ffff88041d827938]
[    0.140049]      scan-1133 get_device_data       : No context for object [ffff88041d827960]
[    0.140056]      scan-1133 get_device_data       : No context for object [ffff88041d827988]
[    0.140063]      scan-1133 get_device_data       : No context for object [ffff88041d8279b0]
[    0.140069]      scan-1133 get_device_data       : No context for object [ffff88041d8279d8]
[    0.140076]      scan-1133 get_device_data       : No context for object [ffff88041d827a00]
[    0.140083]      scan-1133 get_device_data       : No context for object [ffff88041d827a28]
[    0.140090]      scan-1133 get_device_data       : No context for object [ffff88041d827a50]
[    0.140097]      scan-1133 get_device_data       : No context for object [ffff88041d827a78]
[    0.140104]      scan-1133 get_device_data       : No context for object [ffff88041d827aa0]
[    0.140110]      scan-1133 get_device_data       : No context for object [ffff88041d827ac8]
[    0.140117]      scan-1133 get_device_data       : No context for object [ffff88041d827af0]
[    0.140124]      scan-1133 get_device_data       : No context for object [ffff88041d827b18]
[    0.140131]      scan-1133 get_device_data       : No context for object [ffff88041d827b40]
[    0.140138]      scan-1133 get_device_data       : No context for object [ffff88041d827b68]
[    0.140145]      scan-1133 get_device_data       : No context for object [ffff88041d827b90]
[    0.140151]      scan-1133 get_device_data       : No context for object [ffff88041d827bb8]
[    0.140158]      scan-1133 get_device_data       : No context for object [ffff88041d827be0]
[    0.140165]      scan-1133 get_device_data       : No context for object [ffff88041d827c08]
[    0.140172]      scan-1133 get_device_data       : No context for object [ffff88041d827c30]
[    0.140179]      scan-1133 get_device_data       : No context for object [ffff88041d827c58]
[    0.140186]      scan-1133 get_device_data       : No context for object [ffff88041d827c80]
[    0.140192]      scan-1133 get_device_data       : No context for object [ffff88041d827ca8]
[    0.140199]      scan-1133 get_device_data       : No context for object [ffff88041d827cd0]
[    0.140206]      scan-1133 get_device_data       : No context for object [ffff88041d827cf8]
[    0.140213]      scan-1133 get_device_data       : No context for object [ffff88041d827d20]
[    0.140220]      scan-1133 get_device_data       : No context for object [ffff88041d827d48]
[    0.140226]      scan-1133 get_device_data       : No context for object [ffff88041d827d70]
[    0.140233]      scan-1133 get_device_data       : No context for object [ffff88041d827d98]
[    0.140240]      scan-1133 get_device_data       : No context for object [ffff88041d827dc0]
[    0.140247]      scan-1133 get_device_data       : No context for object [ffff88041d827de8]
[    0.140254]      scan-1133 get_device_data       : No context for object [ffff88041d827e10]
[    0.140261]      scan-1133 get_device_data       : No context for object [ffff88041d827e38]
[    0.140267]      scan-1133 get_device_data       : No context for object [ffff88041d827e60]
[    0.140274]      scan-1133 get_device_data       : No context for object [ffff88041d827e88]
[    0.140281]      scan-1133 get_device_data       : No context for object [ffff88041d827eb0]
[    0.140288]      scan-1133 get_device_data       : No context for object [ffff88041d827ed8]
[    0.140295]      scan-1133 get_device_data       : No context for object [ffff88041d827f00]
[    0.140302]      scan-1133 get_device_data       : No context for object [ffff88041d827f28]
[    0.140310]     utils-0051 util_eval_error       : Evaluate [\_SB_.PCI0.SATA.PRID._STA]: AE_NOT_FOUND
[    0.140362] device_pm-0128 device_get_power      : Device [PRID] power state is (unknown)
[    0.140372] device: 'device:27': device_add
[    0.140382] bus: 'acpi': add device device:27
