[    0.000000] Initializing cgroup subsys cpuset
[    0.000000] Initializing cgroup subsys cpu
[    0.000000] Initializing cgroup subsys cpuacct
[    0.000000] Linux version 4.3.0-rc1-g00ade1f (emacs@ded) (gcc version 5.2.0 (GCC) ) #121 SMP Sun Sep 20 00:12:33 CEST 2015
[    0.000000] Command line: BOOT_IMAGE=/vmlinuz-linux-git root=UUID=bfa4ab6e-19a3-4601-ba2b-267c55841c73 rw cryptdevice=/dev/disk/by-uuid/70c08890-417a-497d-b6ab-c0d0357a63e2:cryptManjaro:allow-discards ipv6.disable=1 pnp.debug=1 loglevel=9 log_buf_len=10M printk.always_kmsg_dump=y printk.time=y mminit_loglevel=0 memory_corruption_check=1 fbcon=scrollback:4096k fbcon=font:ProFont6x11 apic=debug earlyprintk=vga dynamic_debug.verbose=1 "dyndbg=file arch/x86/kernel/apic/* +pflmt ; file drivers/video/* +pflmt ; file drivers/input/* -pflmt ; file drivers/acpi/* -pflmt ; file net/netfilter/* +pflmt" i8042.debug acpi_backlight=vendor nohz=on rcu_nocbs=1-3 pcie_aspm=force radeon.audio=0 radeon.lockup_timeout=120000 radeon.test=0 radeon.agpmode=-1 radeon.benchmark=0 radeon.tv=0 radeon.hard_reset=1 radeon.aspm=1 radeon.msi=1 radeon.pcie_gen2=-1 radeon.no_wb=1 radeon.r4xx_atom=0 radeonfb radeon.fastfb=1 radeon.modeset=1 radeon.dpm=1 radeon.runpm=1 radeon.dynclks=0 slub_debug=U noefi CPUunderclocking
[    0.000000] KERNEL supported cpus:
[    0.000000]   AMD AuthenticAMD
[    0.000000] tseg: 00bfe00000
[    0.000000] x86/fpu: Legacy x87 FPU detected.
[    0.000000] x86/fpu: Using 'lazy' FPU context switches.
[    0.000000] e820: BIOS-provided physical RAM map:
[    0.000000] BIOS-e820: [mem 0x0000000000000000-0x000000000009d7ff] usable
[    0.000000] BIOS-e820: [mem 0x000000000009d800-0x000000000009ffff] reserved
[    0.000000] BIOS-e820: [mem 0x00000000000e0000-0x00000000000fffff] reserved
[    0.000000] BIOS-e820: [mem 0x0000000000100000-0x00000000bed9afff] usable
[    0.000000] BIOS-e820: [mem 0x00000000bed9b000-0x00000000bf39afff] reserved
[    0.000000] BIOS-e820: [mem 0x00000000bf39b000-0x00000000bf49afff] ACPI NVS
[    0.000000] BIOS-e820: [mem 0x00000000bf49b000-0x00000000bf51afff] ACPI data
[    0.000000] BIOS-e820: [mem 0x00000000bf51b000-0x00000000bfdfffff] usable
[    0.000000] BIOS-e820: [mem 0x00000000bfe00000-0x00000000bfffffff] reserved
[    0.000000] BIOS-e820: [mem 0x00000000fec00000-0x00000000fecfffff] reserved
[    0.000000] BIOS-e820: [mem 0x00000000fed80000-0x00000000fed80fff] reserved
[    0.000000] BIOS-e820: [mem 0x00000000ffe00000-0x00000000ffffffff] reserved
[    0.000000] BIOS-e820: [mem 0x0000000100000000-0x000000041effffff] usable
[    0.000000] bootconsole [earlyvga0] enabled
[    0.000000] NX (Execute Disable) protection: active
[    0.000000] SMBIOS 2.6 present.
[    0.000000] DMI: LENOVO Sabine/Torpedo, BIOS 54CN18WW 07/20/2011
[    0.000000] e820: update [mem 0x00000000-0x00000fff] usable ==> reserved
[    0.000000] e820: remove [mem 0x000a0000-0x000fffff] usable
[    0.000000] e820: last_pfn = 0x41f000 max_arch_pfn = 0x400000000
[    0.000000] MTRR default type: uncachable
[    0.000000] MTRR fixed ranges enabled:
[    0.000000]   00000-9FFFF write-back
[    0.000000]   A0000-BFFFF uncachable
[    0.000000]   C0000-FFFFF write-protect
[    0.000000] MTRR variable ranges enabled:
[    0.000000]   0 base 0000000000 mask FF80000000 write-back
[    0.000000]   1 base 0080000000 mask FFC0000000 write-back
[    0.000000]   2 base 00FFF90000 mask FFFFFF0000 uncachable
[    0.000000]   3 base 00FED80000 mask 0FFFFFF000 uncachable
[    0.000000]   4 disabled
[    0.000000]   5 disabled
[    0.000000]   6 disabled
[    0.000000]   7 base 00FFE00000 mask FFFFE00000 write-protect
[    0.000000] TOM2: 000000041f000000 aka 16880M
[    0.000000] x86/PAT: Configuration [0-7]: WB  WT  UC- UC  WB  WT  UC- UC  
[    0.000000] mtrr: your BIOS has configured an incorrect mask, fixing it.
[    0.000000] e820: last_pfn = 0xbfe00 max_arch_pfn = 0x400000000
[    0.000000] Scan for SMP in [mem 0x00000000-0x000003ff]
[    0.000000] Scan for SMP in [mem 0x0009fc00-0x0009ffff]
[    0.000000] Scan for SMP in [mem 0x000f0000-0x000fffff]
[    0.000000] found SMP MP-table at [mem 0x000fa8b0-0x000fa8bf] mapped at [ffff8800000fa8b0]
[    0.000000]   mpc: fa8c0-faa24
[    0.000000] Base memory trampoline at [ffff880000097000] 97000 size 24576
[    0.000000] Using GB pages for direct mapping
[    0.000000] init_memory_mapping: [mem 0x00000000-0x000fffff]
[    0.000000]  [mem 0x00000000-0x000fffff] page 4k
[    0.000000] BRK [0x3ce4d000, 0x3ce4dfff] PGTABLE
[    0.000000] BRK [0x3ce4e000, 0x3ce4efff] PGTABLE
[    0.000000] BRK [0x3ce4f000, 0x3ce4ffff] PGTABLE
[    0.000000] init_memory_mapping: [mem 0x41ee00000-0x41effffff]
[    0.000000]  [mem 0x41ee00000-0x41effffff] page 2M
[    0.000000] BRK [0x3ce50000, 0x3ce50fff] PGTABLE
[    0.000000] init_memory_mapping: [mem 0x400000000-0x41edfffff]
[    0.000000]  [mem 0x400000000-0x41edfffff] page 2M
[    0.000000] init_memory_mapping: [mem 0x3e0000000-0x3ffffffff]
[    0.000000]  [mem 0x3e0000000-0x3ffffffff] page 1G
[    0.000000] init_memory_mapping: [mem 0x00100000-0xbed9afff]
[    0.000000]  [mem 0x00100000-0x001fffff] page 4k
[    0.000000]  [mem 0x00200000-0x3fffffff] page 2M
[    0.000000]  [mem 0x40000000-0x7fffffff] page 1G
[    0.000000]  [mem 0x80000000-0xbebfffff] page 2M
[    0.000000]  [mem 0xbec00000-0xbed9afff] page 4k
[    0.000000] init_memory_mapping: [mem 0xbf51b000-0xbfdfffff]
[    0.000000]  [mem 0xbf51b000-0xbf5fffff] page 4k
[    0.000000]  [mem 0xbf600000-0xbfdfffff] page 2M
[    0.000000] BRK [0x3ce51000, 0x3ce51fff] PGTABLE
[    0.000000] init_memory_mapping: [mem 0x100000000-0x3dfffffff]
[    0.000000]  [mem 0x100000000-0x3dfffffff] page 1G
[    0.000000] log_buf_len: 16777216 bytes
[    0.000000] early log buf free: 2091376(99%)
[    0.000000] RAMDISK: [mem 0x366e0000-0x37367fff]
[    0.000000] ACPI: Early table checksum verification disabled
[    0.000000] ACPI: RSDP 0x00000000000F0110 000024 (v02 LENOVO)
[    0.000000] ACPI: XSDT 0x00000000BF51A120 000074 (v01 LENOVO CB-01    00000001 LENO 00000001)
[    0.000000] ACPI: FACP 0x00000000BF508000 0000F4 (v04 LENOVO CB-01    00000001 PTL  00000001)
[    0.000000] ACPI: DSDT 0x00000000BF50A000 00FD10 (v01 LENOVO CB-01    00001000 LENO 00000001)
[    0.000000] ACPI: FACS 0x00000000BF478000 000040
[    0.000000] ACPI: FACS 0x00000000BF478000 000040
[    0.000000] ACPI: HPET 0x00000000BF507000 000038 (v01 LENOVO CB-01    00000001 PTL  00000001)
[    0.000000] ACPI: APIC 0x00000000BF506000 00007A (v02 LENOVO CB-01    00000001 PTL  00000001)
[    0.000000] ACPI: MCFG 0x00000000BF505000 00003C (v01 LENOVO CB-01    00000001 PTL  00000001)
[    0.000000] ACPI: SLIC 0x00000000BF504000 000176 (v01 LENOVO CB-01    00000001 LENO 00000001)
[    0.000000] ACPI: UEFI 0x00000000BF503000 00003E (v01 LENOVO CB-01    00000001 PTL  00000001)
[    0.000000] ACPI: UEFI 0x00000000BF502000 000042 (v01 PTL    COMBUF   00000001 PTL  00000001)
[    0.000000] ACPI: SSDT 0x00000000BF501000 000E34 (v01 AMD    POWERNOW 00000001 AMD  00000001)
[    0.000000] ACPI: SSDT 0x00000000BF4FF000 00193D (v02 AMD    ALIB     00000001 MSFT 04000000)
[    0.000000] ACPI: UEFI 0x00000000BF4FE000 00021A (v01 LENOVO CB-01    00000001 PTL  00000001)
[    0.000000] ACPI: Local APIC address 0xfee00000
[    0.000000] mapped APIC to ffffffffff7fc000 (        fee00000)
[    0.000000] No NUMA configuration found
[    0.000000] Faking a node at [mem 0x0000000000000000-0x000000041effffff]
[    0.000000] NODE_DATA(0) allocated [mem 0x41dff9000-0x41dffcfff]
[    0.000000]  [ffffea0000000000-ffffea00107fffff] PMD -> [ffff88040de00000-ffff88041d5fffff] on node 0
[    0.000000] Zone ranges:
[    0.000000]   DMA      [mem 0x0000000000001000-0x0000000000ffffff]
[    0.000000]   DMA32    [mem 0x0000000001000000-0x00000000ffffffff]
[    0.000000]   Normal   [mem 0x0000000100000000-0x000000041effffff]
[    0.000000] Movable zone start for each node
[    0.000000] Early memory node ranges
[    0.000000]   node   0: [mem 0x0000000000001000-0x000000000009cfff]
[    0.000000]   node   0: [mem 0x0000000000100000-0x00000000bed9afff]
[    0.000000]   node   0: [mem 0x00000000bf51b000-0x00000000bfdfffff]
[    0.000000]   node   0: [mem 0x0000000100000000-0x000000041effffff]
[    0.000000] Initmem setup node 0 [mem 0x0000000000001000-0x000000041effffff]
[    0.000000] On node 0 totalpages: 4056604
[    0.000000]   DMA zone: 64 pages used for memmap
[    0.000000]   DMA zone: 21 pages reserved
[    0.000000]   DMA zone: 3996 pages, LIFO batch:0
[    0.000000]   DMA32 zone: 12186 pages used for memmap
[    0.000000]   DMA32 zone: 779904 pages, LIFO batch:31
[    0.000000]   Normal zone: 51136 pages used for memmap
[    0.000000]   Normal zone: 3272704 pages, LIFO batch:31
[    0.000000] ACPI: PM-Timer IO Port: 0x808
[    0.000000] ACPI: Local APIC address 0xfee00000
[    0.000000] mapped APIC to ffffffffff7fc000 (        fee00000)
[    0.000000] ACPI: LAPIC (acpi_id[0x00] lapic_id[0x00] enabled)
[    0.000000] ACPI: LAPIC (acpi_id[0x01] lapic_id[0x01] enabled)
[    0.000000] ACPI: LAPIC (acpi_id[0x02] lapic_id[0x02] enabled)
[    0.000000] ACPI: LAPIC (acpi_id[0x03] lapic_id[0x03] enabled)
[    0.000000] ACPI: LAPIC_NMI (acpi_id[0x00] high edge lint[0x1])
[    0.000000] ACPI: LAPIC_NMI (acpi_id[0x01] high edge lint[0x1])
[    0.000000] ACPI: LAPIC_NMI (acpi_id[0x02] high edge lint[0x1])
[    0.000000] ACPI: LAPIC_NMI (acpi_id[0x03] high edge lint[0x1])
[    0.000000] ACPI: IOAPIC (id[0x02] address[0xfec00000] gsi_base[0])
[    0.000000] IOAPIC[0]: apic_id 2, version 33, address 0xfec00000, GSI 0-23
[    0.000000] ACPI: INT_SRC_OVR (bus 0 bus_irq 0 global_irq 2 dfl dfl)
[    0.000000] Int: type 0, pol 0, trig 0, bus 00, IRQ 00, APIC ID 2, APIC INT 02
[    0.000000] Int: type 0, pol 3, trig 3, bus 00, IRQ 09, APIC ID 2, APIC INT 09
[    0.000000] ACPI: IRQ0 used by override.
[    0.000000] Int: type 0, pol 0, trig 0, bus 00, IRQ 01, APIC ID 2, APIC INT 01
[    0.000000] Int: type 0, pol 0, trig 0, bus 00, IRQ 03, APIC ID 2, APIC INT 03
[    0.000000] Int: type 0, pol 0, trig 0, bus 00, IRQ 04, APIC ID 2, APIC INT 04
[    0.000000] Int: type 0, pol 0, trig 0, bus 00, IRQ 05, APIC ID 2, APIC INT 05
[    0.000000] Int: type 0, pol 0, trig 0, bus 00, IRQ 06, APIC ID 2, APIC INT 06
[    0.000000] Int: type 0, pol 0, trig 0, bus 00, IRQ 07, APIC ID 2, APIC INT 07
[    0.000000] Int: type 0, pol 0, trig 0, bus 00, IRQ 08, APIC ID 2, APIC INT 08
[    0.000000] ACPI: IRQ9 used by override.
[    0.000000] Int: type 0, pol 0, trig 0, bus 00, IRQ 0a, APIC ID 2, APIC INT 0a
[    0.000000] Int: type 0, pol 0, trig 0, bus 00, IRQ 0b, APIC ID 2, APIC INT 0b
[    0.000000] Int: type 0, pol 0, trig 0, bus 00, IRQ 0c, APIC ID 2, APIC INT 0c
[    0.000000] Int: type 0, pol 0, trig 0, bus 00, IRQ 0d, APIC ID 2, APIC INT 0d
[    0.000000] Int: type 0, pol 0, trig 0, bus 00, IRQ 0e, APIC ID 2, APIC INT 0e
[    0.000000] Int: type 0, pol 0, trig 0, bus 00, IRQ 0f, APIC ID 2, APIC INT 0f
[    0.000000] Using ACPI (MADT) for SMP configuration information
[    0.000000] ACPI: HPET id: 0x43538210 base: 0xfed00000
[    0.000000] smpboot: Allowing 4 CPUs, 0 hotplug CPUs
[    0.000000] mapped IOAPIC to ffffffffff7fb000 (fec00000)
[    0.000000] e820: [mem 0xc0000000-0xfebfffff] available for PCI devices
[    0.000000] clocksource: refined-jiffies: mask: 0xffffffff max_cycles: 0xffffffff, max_idle_ns: 6370452778343963 ns
[    0.000000] setup_percpu: NR_CPUS:64 nr_cpumask_bits:64 nr_cpu_ids:4 nr_node_ids:1
[    0.000000] PERCPU: Embedded 31 pages/cpu @ffff88041dc00000 s89624 r8192 d29160 u524288
[    0.000000] pcpu-alloc: s89624 r8192 d29160 u524288 alloc=1*2097152
[    0.000000] pcpu-alloc: [0] 0 1 2 3 
[    0.000000] Built 1 zonelists in Node order, mobility grouping on.  Total pages: 3993197
[    0.000000] Policy zone: Normal
[    0.000000] Kernel command line: BOOT_IMAGE=/vmlinuz-linux-git root=UUID=bfa4ab6e-19a3-4601-ba2b-267c55841c73 rw cryptdevice=/dev/disk/by-uuid/70c08890-417a-497d-b6ab-c0d0357a63e2:cryptManjaro:allow-discards ipv6.disable=1 pnp.debug=1 loglevel=9 log_buf_len=10M printk.always_kmsg_dump=y printk.time=y mminit_loglevel=0 memory_corruption_check=1 fbcon=scrollback:4096k fbcon=font:ProFont6x11 apic=debug earlyprintk=vga dynamic_debug.verbose=1 "dyndbg=file arch/x86/kernel/apic/* +pflmt ; file drivers/video/* +pflmt ; file drivers/input/* -pflmt ; file drivers/acpi/* -pflmt ; file net/netfilter/* +pflmt" i8042.debug acpi_backlight=vendor nohz=on rcu_nocbs=1-3 pcie_aspm=force radeon.audio=0 radeon.lockup_timeout=120000 radeon.test=0 radeon.agpmode=-1 radeon.benchmark=0 radeon.tv=0 radeon.hard_reset=1 radeon.aspm=1 radeon.msi=1 radeon.pcie_gen2=-1 radeon.no_wb=1 radeon.r4xx_atom=0 radeonfb radeon.fastfb=1 radeon.modeset=1 radeon.dpm=1 radeon.runpm=1 radeon.dynclks=0 slub_debug=U noefi CPUunderc
[    0.000000] PCIe ASPM is forcibly enabled
[    0.000000] PID hash table entries: 4096 (order: 3, 32768 bytes)
[    0.000000] Memory: 15859720K/16226416K available (6792K kernel code, 899K rwdata, 2940K rodata, 872K init, 2600K bss, 366696K reserved, 0K cma-reserved)
[    0.000000] SLUB: HWalign=64, Order=0-3, MinObjects=0, CPUs=4, Nodes=1
[    0.000000] Hierarchical RCU implementation.
[    0.000000] 	Build-time adjustment of leaf fanout to 64.
[    0.000000] 	RCU restricting CPUs from NR_CPUS=64 to nr_cpu_ids=4.
[    0.000000] RCU: Adjusting geometry for rcu_fanout_leaf=64, nr_cpu_ids=4
[    0.000000] NR_IRQS:4352 nr_irqs:456 16
[    0.000000] spurious 8259A interrupt: IRQ7.
[    0.000000] vgacon: allocated 4194304 bytes of memory for scrollback. CONFIG_VGACON_SOFT_SCROLLBACK_SIZE=4096
[    0.000000] Console: colour VGA+ 80x25
[    0.000000] console [tty0] enabled
[    0.000000] bootconsole [earlyvga0] disabled
[    0.000000] clocksource: hpet: mask: 0xffffffff max_cycles: 0xffffffff, max_idle_ns: 133484873504 ns
[    0.000000] hpet clockevent registered
[    0.000000] tsc: Fast TSC calibration using PIT
[    0.000000] tsc: Detected 1397.496 MHz processor
[    0.000040] Calibrating delay loop (skipped), value calculated using timer frequency.. 2796.45 BogoMIPS (lpj=4658320)
[    0.000145] pid_max: default: 32768 minimum: 301
[    0.000219] ACPI: Core revision 20150818
[    0.000305] ACPI: acpi_os_initialize: map reset_reg status 0
[    0.372060] ACPI: 3 ACPI AML tables successfully acquired and loaded
[    0.372401] Security Framework initialized
[    0.373549] Dentry cache hash table entries: 2097152 (order: 12, 16777216 bytes)
[    0.378418] Inode-cache hash table entries: 1048576 (order: 11, 8388608 bytes)
[    0.380910] Mount-cache hash table entries: 32768 (order: 6, 262144 bytes)
[    0.381079] Mountpoint-cache hash table entries: 32768 (order: 6, 262144 bytes)
[    0.382398] Initializing cgroup subsys io
[    0.382594] Initializing cgroup subsys memory
[    0.382756] Initializing cgroup subsys devices
[    0.382844] Initializing cgroup subsys freezer
[    0.382963] Initializing cgroup subsys net_cls
[    0.383163] CPU: Physical Processor ID: 0
[    0.383334] CPU: Processor Core ID: 0
[    0.383459] mce: CPU supports 6 MCE banks
[    0.383589] Last level iTLB entries: 4KB 512, 2MB 16, 4MB 8
[    0.383714] Last level dTLB entries: 4KB 1024, 2MB 128, 4MB 64, 1GB 0
[    0.383964] Freeing SMP alternatives memory: 24K (ffffffffbcbbc000 - ffffffffbcbc2000)
[    1.354684] enabled ExtINT on CPU#0
[    1.355032] ENABLING IO-APIC IRQs
[    1.355152] init IO_APIC IRQs
[    1.355279]  apic 2 pin 0 not connected
[    1.355440] IOAPIC[0]: Set routing entry (2-1 -> 0x31 -> IRQ 1 Mode:0 Active:0 Dest:1)
[    1.355651] IOAPIC[0]: Set routing entry (2-2 -> 0x30 -> IRQ 0 Mode:0 Active:0 Dest:1)
[    1.355851] IOAPIC[0]: Set routing entry (2-3 -> 0x33 -> IRQ 3 Mode:0 Active:0 Dest:1)
[    1.356052] IOAPIC[0]: Set routing entry (2-4 -> 0x34 -> IRQ 4 Mode:0 Active:0 Dest:1)
[    1.356217] IOAPIC[0]: Set routing entry (2-5 -> 0x35 -> IRQ 5 Mode:0 Active:0 Dest:1)
[    1.356418] IOAPIC[0]: Set routing entry (2-6 -> 0x36 -> IRQ 6 Mode:0 Active:0 Dest:1)
[    1.356606] IOAPIC[0]: Set routing entry (2-7 -> 0x37 -> IRQ 7 Mode:0 Active:0 Dest:1)
[    1.356795] IOAPIC[0]: Set routing entry (2-8 -> 0x38 -> IRQ 8 Mode:0 Active:0 Dest:1)
[    1.356983] IOAPIC[0]: Set routing entry (2-9 -> 0x39 -> IRQ 9 Mode:1 Active:1 Dest:1)
[    1.357133] IOAPIC[0]: Set routing entry (2-10 -> 0x3a -> IRQ 10 Mode:0 Active:0 Dest:1)
[    1.357321] IOAPIC[0]: Set routing entry (2-11 -> 0x3b -> IRQ 11 Mode:0 Active:0 Dest:1)
[    1.357508] IOAPIC[0]: Set routing entry (2-12 -> 0x3c -> IRQ 12 Mode:0 Active:0 Dest:1)
[    1.357696] IOAPIC[0]: Set routing entry (2-13 -> 0x3d -> IRQ 13 Mode:0 Active:0 Dest:1)
[    1.357883] IOAPIC[0]: Set routing entry (2-14 -> 0x3e -> IRQ 14 Mode:0 Active:0 Dest:1)
[    1.358069] IOAPIC[0]: Set routing entry (2-15 -> 0x3f -> IRQ 15 Mode:0 Active:0 Dest:1)
[    1.358185]  apic 2 pin 16 not connected
[    1.358293]  apic 2 pin 17 not connected
[    1.358413]  apic 2 pin 18 not connected
[    1.358533]  apic 2 pin 19 not connected
[    1.358653]  apic 2 pin 20 not connected
[    1.358773]  apic 2 pin 21 not connected
[    1.358893]  apic 2 pin 22 not connected
[    1.359013]  apic 2 pin 23 not connected
[    1.359301] ..TIMER: vector=0x30 apic1=0 pin1=2 apic2=-1 pin2=-1
[    1.392442] Using local APIC timer interrupts.
               calibrating APIC timer ...
[    1.496145] ... lapic delta = 1247733
[    1.496226] ... PM-Timer delta = 357955
[    1.496353] ... PM-Timer result ok
[    1.496481] ..... delta 1247733
[    1.496607] ..... mult: 53589729
[    1.496734] ..... calibration result: 665457
[    1.496862] ..... CPU clock speed is 1397.2007 MHz.
[    1.496990] ..... host bus clock speed is 199.2190 MHz.
[    1.497125] smpboot: CPU0: AMD A6-3400M APU with Radeon(tm) HD Graphics (family: 0x12, model: 0x1, stepping: 0x0)
[    1.497541] Performance Events: AMD PMU driver.
[    1.497753] ... version:                0
[    1.497878] ... bit width:              48
[    1.498004] ... generic registers:      4
[    1.498130] ... value mask:             0000ffffffffffff
[    1.498212] ... max period:             00007fffffffffff
[    1.498338] ... fixed-purpose events:   0
[    1.498464] ... event mask:             000000000000000f
[    1.499907] dynamic_debug:ddebug_add_module: 2 debug prints in module main
[    1.500097] dynamic_debug:ddebug_add_module: 1 debug prints in module initramfs
[    1.500236] dynamic_debug:ddebug_add_module: 1 debug prints in module common
[    1.500379] dynamic_debug:ddebug_add_module: 2 debug prints in module main
[    1.500528] dynamic_debug:ddebug_add_module: 7 debug prints in module generic
[    1.500672] dynamic_debug:ddebug_add_module: 8 debug prints in module microcode
[    1.500857] dynamic_debug:ddebug_add_module: 1 debug prints in module boot
[    1.501003] dynamic_debug:ddebug_add_module: 22 debug prints in module smpboot
[    1.501157] dynamic_debug:ddebug_add_module: 1 debug prints in module tsc_sync
[    1.501344] dynamic_debug:ddebug_add_module: 2 debug prints in module setup_percpu
[    1.501530] dynamic_debug:ddebug_add_module: 30 debug prints in module vector
[    1.501665] dynamic_debug:ddebug_add_module: 4 debug prints in module init_64
[    1.501799] dynamic_debug:ddebug_add_module: 1 debug prints in module numa
[    1.501935] dynamic_debug:ddebug_add_module: 4 debug prints in module params
[    1.502071] dynamic_debug:ddebug_add_module: 4 debug prints in module async
[    1.502192] dynamic_debug:ddebug_add_module: 1 debug prints in module manage
[    1.502336] dynamic_debug:ddebug_add_module: 14 debug prints in module irqdomain
[    1.502510] dynamic_debug:ddebug_add_module: 2 debug prints in module msi
[    1.502644] dynamic_debug:ddebug_add_module: 2 debug prints in module freezer
[    1.502783] dynamic_debug:ddebug_add_module: 18 debug prints in module module
[    1.502919] dynamic_debug:ddebug_add_module: 6 debug prints in module mempolicy
[    1.503094] dynamic_debug:ddebug_add_module: 1 debug prints in module vmpressure
[    1.503233] dynamic_debug:ddebug_add_module: 1 debug prints in module fsnotify
[    1.503408] dynamic_debug:ddebug_add_module: 2 debug prints in module notification
[    1.503582] dynamic_debug:ddebug_add_module: 1 debug prints in module inotify_fsnotify
[    1.503759] dynamic_debug:ddebug_add_module: 5 debug prints in module inotify_user
[    1.503938] dynamic_debug:ddebug_add_module: 6 debug prints in module fanotify
[    1.504115] dynamic_debug:ddebug_add_module: 13 debug prints in module fanotify_user
[    1.504253] dynamic_debug:ddebug_add_module: 20 debug prints in module aio
[    1.504378] dynamic_debug:ddebug_add_module: 13 debug prints in module binfmt_misc
[    1.504553] dynamic_debug:ddebug_add_module: 2 debug prints in module mount
[    1.504689] dynamic_debug:ddebug_add_module: 1 debug prints in module dir
[    1.504826] dynamic_debug:ddebug_add_module: 8 debug prints in module configfs
[    1.505000] dynamic_debug:ddebug_add_module: 1 debug prints in module debugfs
[    1.505135] dynamic_debug:ddebug_add_module: 1 debug prints in module tracefs
[    1.505225] dynamic_debug:ddebug_add_module: 2 debug prints in module ramoops
[    1.505360] dynamic_debug:ddebug_add_module: 1 debug prints in module inode
[    1.505495] dynamic_debug:ddebug_add_module: 2 debug prints in module asymmetric_keys
[    1.505669] dynamic_debug:ddebug_add_module: 1 debug prints in module public_key
[    1.505848] dynamic_debug:ddebug_add_module: 18 debug prints in module x509_key_parser
[    1.506025] dynamic_debug:ddebug_add_module: 13 debug prints in module efi
[    1.506156] dynamic_debug:ddebug_add_module: 1 debug prints in module decompress
[    1.506333] dynamic_debug:ddebug_add_module: 10 debug prints in module kobject
[    1.506508] dynamic_debug:ddebug_add_module: 6 debug prints in module kobject_uevent
[    1.506686] dynamic_debug:ddebug_add_module: 1 debug prints in module list_sort
[    1.506861] dynamic_debug:ddebug_add_module: 1 debug prints in module percpu_refcount
[    1.507038] dynamic_debug:ddebug_add_module: 11 debug prints in module asn1_decoder
[    1.507176] dynamic_debug:ddebug_add_module: 5 debug prints in module probe
[    1.507312] dynamic_debug:ddebug_add_module: 4 debug prints in module pci
[    1.507448] dynamic_debug:ddebug_add_module: 3 debug prints in module slot
[    1.507585] dynamic_debug:ddebug_add_module: 3 debug prints in module quirks
[    1.507720] dynamic_debug:ddebug_add_module: 2 debug prints in module pme
[    1.507854] dynamic_debug:ddebug_add_module: 1 debug prints in module pci_hotplug
[    1.508031] dynamic_debug:ddebug_add_module: 12 debug prints in module acpiphp
[    1.508168] dynamic_debug:ddebug_add_module: 1 debug prints in module htirq
[    1.508303] dynamic_debug:ddebug_add_module: 1 debug prints in module pci_acpi
[    1.508477] dynamic_debug:ddebug_add_module: 3 debug prints in module backlight
[    1.508652] dynamic_debug:ddebug_add_module: 4 debug prints in module fb
[    1.508799] dynamic_debug:ddebug_add_module: 44 debug prints in module radeonfb
[    1.508975] dynamic_debug:ddebug_add_module: 7 debug prints in module tables
[    1.509120] dynamic_debug:ddebug_add_module: 40 debug prints in module acpi
[    1.509208] dynamic_debug:ddebug_add_module: 3 debug prints in module fan
[    1.509329] dynamic_debug:ddebug_add_module: 1 debug prints in module video
[    1.509463] dynamic_debug:ddebug_add_module: 4 debug prints in module pci_slot
[    1.509638] dynamic_debug:ddebug_add_module: 2 debug prints in module processor
[    1.511750] dynamic_debug:ddebug_add_module: 4 debug prints in module pnp
[    1.511889] dynamic_debug:ddebug_add_module: 2 debug prints in module acpi_dma
[    1.512066] dynamic_debug:ddebug_add_module: 10 debug prints in module core
[    1.512187] dynamic_debug:ddebug_add_module: 1 debug prints in module fixed
[    1.512323] dynamic_debug:ddebug_add_module: 6 debug prints in module virtual
[    1.512458] dynamic_debug:ddebug_add_module: 3 debug prints in module lp3971
[    1.512599] dynamic_debug:ddebug_add_module: 3 debug prints in module lp3972
[    1.512735] dynamic_debug:ddebug_add_module: 1 debug prints in module tty_io
[    1.512875] dynamic_debug:ddebug_add_module: 1 debug prints in module vt_ioctl
[    1.513050] dynamic_debug:ddebug_add_module: 1 debug prints in module tpm
[    1.513174] dynamic_debug:ddebug_add_module: 10 debug prints in module tpm_tis
[    1.513349] dynamic_debug:ddebug_add_module: 2 debug prints in module dmar
[    1.513485] dynamic_debug:ddebug_add_module: 3 debug prints in module drm
[    1.513619] dynamic_debug:ddebug_add_module: 3 debug prints in module ttm
[    1.513753] dynamic_debug:ddebug_add_module: 2 debug prints in module radeon
[    1.513893] dynamic_debug:ddebug_add_module: 17 debug prints in module vgaarb
[    1.514027] dynamic_debug:ddebug_add_module: 2 debug prints in module component
[    1.514169] dynamic_debug:ddebug_add_module: 11 debug prints in module core
[    1.514305] dynamic_debug:ddebug_add_module: 9 debug prints in module bus
[    1.514441] dynamic_debug:ddebug_add_module: 12 debug prints in module dd
[    1.514576] dynamic_debug:ddebug_add_module: 5 debug prints in module class
[    1.514709] dynamic_debug:ddebug_add_module: 1 debug prints in module platform
[    1.514882] dynamic_debug:ddebug_add_module: 6 debug prints in module firmware_class
[    1.515058] dynamic_debug:ddebug_add_module: 1 debug prints in module regmap
[    1.515182] dynamic_debug:ddebug_add_module: 7 debug prints in module regcache
[    1.515355] dynamic_debug:ddebug_add_module: 1 debug prints in module regcache_lzo
[    1.515527] dynamic_debug:ddebug_add_module: 1 debug prints in module dma_buf
[    1.515662] dynamic_debug:ddebug_add_module: 3 debug prints in module scsi_mod
[    1.515834] dynamic_debug:ddebug_add_module: 2 debug prints in module libphy
[    1.515968] dynamic_debug:ddebug_add_module: 1 debug prints in module r8169
[    1.516121] dynamic_debug:ddebug_add_module: 98 debug prints in module cdrom
[    1.516242] dynamic_debug:ddebug_add_module: 145 debug prints in module usbcore
[    1.516442] dynamic_debug:ddebug_add_module: 5 debug prints in module phy
[    1.516578] dynamic_debug:ddebug_add_module: 10 debug prints in module pci_quirks
[    1.516749] dynamic_debug:ddebug_add_module: 3 debug prints in module xhci_pci
[    1.516934] dynamic_debug:ddebug_add_module: 58 debug prints in module ehci_hcd
[    1.517105] dynamic_debug:ddebug_add_module: 2 debug prints in module ehci_pci
[    1.517253] dynamic_debug:ddebug_add_module: 46 debug prints in module ohci_hcd
[    1.517492] dynamic_debug:ddebug_add_module: 255 debug prints in module xhci_hcd
[    1.517711] dynamic_debug:ddebug_add_module: 10 debug prints in module usb_storage
[    1.517884] dynamic_debug:ddebug_add_module: 1 debug prints in module ums_realtek
[    1.518060] dynamic_debug:ddebug_add_module: 6 debug prints in module input_core
[    1.518194] dynamic_debug:ddebug_add_module: 4 debug prints in module atkbd
[    1.518332] dynamic_debug:ddebug_add_module: 12 debug prints in module psmouse
[    1.518506] dynamic_debug:ddebug_add_module: 7 debug prints in module rtc_core
[    1.518686] dynamic_debug:ddebug_add_module: 5 debug prints in module rtc_cmos
[    1.518861] dynamic_debug:ddebug_add_module: 1 debug prints in module i2c_boardinfo
[    1.519040] dynamic_debug:ddebug_add_module: 20 debug prints in module i2c_core
[    1.519174] dynamic_debug:ddebug_add_module: 2 debug prints in module i2c_smbus
[    1.519352] dynamic_debug:ddebug_add_module: 17 debug prints in module i2c_algo_bit
[    1.519528] dynamic_debug:ddebug_add_module: 11 debug prints in module power_supply
[    1.519702] dynamic_debug:ddebug_add_module: 1 debug prints in module hwmon
[    1.519838] dynamic_debug:ddebug_add_module: 8 debug prints in module thermal_sys
[    1.520021] dynamic_debug:ddebug_add_module: 41 debug prints in module cpufreq
[    1.520165] dynamic_debug:ddebug_add_module: 6 debug prints in module freq_table
[    1.520345] dynamic_debug:ddebug_add_module: 2 debug prints in module cpufreq_stats
[    1.520522] dynamic_debug:ddebug_add_module: 1 debug prints in module cpufreq_performance
[    1.520702] dynamic_debug:ddebug_add_module: 22 debug prints in module acpi_cpufreq
[    1.520876] dynamic_debug:ddebug_add_module: 1 debug prints in module led_core
[    1.521051] dynamic_debug:ddebug_add_module: 3 debug prints in module dmi_scan
[    1.521184] dynamic_debug:ddebug_add_module: 1 debug prints in module hid
[    1.521319] dynamic_debug:ddebug_add_module: 8 debug prints in module usbhid
[    1.521460] dynamic_debug:ddebug_add_module: 2 debug prints in module i386
[    1.521596] dynamic_debug:ddebug_add_module: 2 debug prints in module fixup
[    1.521731] dynamic_debug:ddebug_add_module: 1 debug prints in module acpi
[    1.521867] dynamic_debug:ddebug_add_module: 7 debug prints in module irq
[    1.522002] dynamic_debug:ddebug_add_module: 1 debug prints in module sock
[    1.522145] dynamic_debug:ddebug_add_module: 14 debug prints in module dev
[    1.522235] dynamic_debug:ddebug_add_module: 2 debug prints in module sch_api
[    1.522371] dynamic_debug:ddebug_add_module: 2 debug prints in module act_api
[    1.522506] dynamic_debug:ddebug_add_module: 1 debug prints in module route
[    1.522642] dynamic_debug:ddebug_add_module: 4 debug prints in module tcp_input
[    1.522817] dynamic_debug:ddebug_add_module: 2 debug prints in module tcp_output
[    1.522991] dynamic_debug:ddebug_add_module: 1 debug prints in module tcp_timer
[    1.523162] dynamic_debug:ddebug_add_module: 1 debug prints in module tcp_ipv4
[    1.523336] dynamic_debug:ddebug_add_module: 1 debug prints in module tcp_cong
[    1.523510] dynamic_debug:ddebug_add_module: 1 debug prints in module arp
[    1.523645] dynamic_debug:ddebug_add_module: 1 debug prints in module devinet
[    1.523782] dynamic_debug:ddebug_add_module: 8 debug prints in module fib_trie
[    1.523963] dynamic_debug:ddebug_add_module: 27 debug prints in module ping
[    1.524097] dynamic_debug:ddebug_add_module: 1 debug prints in module sysctl_net_ipv4
[    1.524220] dynamic_debug:dynamic_debug_init: 145 modules, 1437 entries and 5800 bytes in ddebug tables, 114646 bytes in (readonly) verbose section
[    1.524395] dynamic_debug:ddebug_dyndbg_boot_param_cb: BOOT_IMAGE="/vmlinuz-linux-git"
[    1.524558] dynamic_debug:ddebug_dyndbg_boot_param_cb: root="UUID=bfa4ab6e-19a3-4601-ba2b-267c55841c73"
[    1.524721] dynamic_debug:ddebug_dyndbg_boot_param_cb: rw="(null)"
[    1.524844] dynamic_debug:ddebug_dyndbg_boot_param_cb: cryptdevice="/dev/disk/by-uuid/70c08890-417a-497d-b6ab-c0d0357a63e2:cryptManjaro:allow-discards"
[    1.525010] dynamic_debug:ddebug_dyndbg_boot_param_cb: ipv6.disable="1"
[    1.525132] dynamic_debug:ddebug_dyndbg_boot_param_cb: pnp.debug="1"
[    1.525208] dynamic_debug:ddebug_dyndbg_boot_param_cb: loglevel="9"
[    1.525330] dynamic_debug:ddebug_dyndbg_boot_param_cb: log_buf_len="10M"
[    1.525452] dynamic_debug:ddebug_dyndbg_boot_param_cb: printk.always_kmsg_dump="y"
[    1.525614] dynamic_debug:ddebug_dyndbg_boot_param_cb: printk.time="y"
[    1.525735] dynamic_debug:ddebug_dyndbg_boot_param_cb: mminit_loglevel="0"
[    1.525858] dynamic_debug:ddebug_dyndbg_boot_param_cb: memory_corruption_check="1"
[    1.526019] dynamic_debug:ddebug_dyndbg_boot_param_cb: fbcon="scrollback:4096k"
[    1.526150] dynamic_debug:ddebug_dyndbg_boot_param_cb: fbcon="font:ProFont6x11"
[    1.526312] dynamic_debug:ddebug_dyndbg_boot_param_cb: apic="debug"
[    1.526434] dynamic_debug:ddebug_dyndbg_boot_param_cb: earlyprintk="vga"
[    1.526556] dynamic_debug:ddebug_dyndbg_boot_param_cb: dynamic_debug.verbose="1"
[    1.526719] dynamic_debug:ddebug_dyndbg_boot_param_cb: dyndbg="file arch/x86/kernel/apic/* +pflmt ; file drivers/video/* +pflmt ; file drivers/input/* -pflmt ; file drivers/acpi/* -pflmt ; file net/netfilter/* +pflmt"
[    1.526929] dynamic_debug:ddebug_exec_queries: query 0: "file arch/x86/kernel/apic/* +pflmt "
[    1.527092] dynamic_debug:ddebug_tokenize: split into words: "file" "arch/x86/kernel/apic/*" "+pflmt"
[    1.527333] dynamic_debug:ddebug_parse_flags: op='+'
[    1.527442] dynamic_debug:ddebug_parse_flags: flags=0x1f
[    1.527563] dynamic_debug:ddebug_parse_flags: *flagsp=0x1f *maskp=0xffffffff
[    1.527688] dynamic_debug:vpr_info_dq: parsed: func="" file="arch/x86/kernel/apic/*" module="" format="" lineno=0-0
[    1.527866] dynamic_debug:ddebug_change: changed arch/x86/kernel/apic/vector.c:791 [vector]print_PIC =pmflt
[    1.528030] dynamic_debug:ddebug_change: changed arch/x86/kernel/apic/vector.c:788 [vector]print_PIC =pmflt
[    1.528163] dynamic_debug:ddebug_change: changed arch/x86/kernel/apic/vector.c:778 [vector]print_PIC =pmflt
[    1.528327] dynamic_debug:ddebug_change: changed arch/x86/kernel/apic/vector.c:775 [vector]print_PIC =pmflt
[    1.528490] dynamic_debug:ddebug_change: changed arch/x86/kernel/apic/vector.c:770 [vector]print_PIC =pmflt
[    1.528654] dynamic_debug:ddebug_change: changed arch/x86/kernel/apic/vector.c:740 [vector]print_local_APIC =pmflt
[    1.528818] dynamic_debug:ddebug_change: changed arch/x86/kernel/apic/vector.c:737 [vector]print_local_APIC =pmflt
[    1.528982] dynamic_debug:ddebug_change: changed arch/x86/kernel/apic/vector.c:735 [vector]print_local_APIC =pmflt
[    1.529146] dynamic_debug:ddebug_change: changed arch/x86/kernel/apic/vector.c:730 [vector]print_local_APIC =pmflt
[    1.531155] dynamic_debug:ddebug_change: changed arch/x86/kernel/apic/vector.c:728 [vector]print_local_APIC =pmflt
[    1.531316] dynamic_debug:ddebug_change: changed arch/x86/kernel/apic/vector.c:726 [vector]print_local_APIC =pmflt
[    1.531477] dynamic_debug:ddebug_change: changed arch/x86/kernel/apic/vector.c:722 [vector]print_local_APIC =pmflt
[    1.531637] dynamic_debug:ddebug_change: changed arch/x86/kernel/apic/vector.c:717 [vector]print_local_APIC =pmflt
[    1.531798] dynamic_debug:ddebug_change: changed arch/x86/kernel/apic/vector.c:715 [vector]print_local_APIC =pmflt
[    1.531959] dynamic_debug:ddebug_change: changed arch/x86/kernel/apic/vector.c:712 [vector]print_local_APIC =pmflt
[    1.532122] dynamic_debug:ddebug_change: changed arch/x86/kernel/apic/vector.c:707 [vector]print_local_APIC =pmflt
[    1.532237] dynamic_debug:ddebug_change: changed arch/x86/kernel/apic/vector.c:704 [vector]print_local_APIC =pmflt
[    1.532398] dynamic_debug:ddebug_change: changed arch/x86/kernel/apic/vector.c:703 [vector]print_local_APIC =pmflt
[    1.532558] dynamic_debug:ddebug_change: changed arch/x86/kernel/apic/vector.c:699 [vector]print_local_APIC =pmflt
[    1.532720] dynamic_debug:ddebug_change: changed arch/x86/kernel/apic/vector.c:689 [vector]print_local_APIC =pmflt
[    1.532882] dynamic_debug:ddebug_change: changed arch/x86/kernel/apic/vector.c:687 [vector]print_local_APIC =pmflt
[    1.533043] dynamic_debug:ddebug_change: changed arch/x86/kernel/apic/vector.c:685 [vector]print_local_APIC =pmflt
[    1.533165] dynamic_debug:ddebug_change: changed arch/x86/kernel/apic/vector.c:683 [vector]print_local_APIC =pmflt
[    1.533326] dynamic_debug:ddebug_change: changed arch/x86/kernel/apic/vector.c:680 [vector]print_local_APIC =pmflt
[    1.533487] dynamic_debug:ddebug_change: changed arch/x86/kernel/apic/vector.c:677 [vector]print_local_APIC =pmflt
[    1.533649] dynamic_debug:ddebug_change: changed arch/x86/kernel/apic/vector.c:673 [vector]print_local_APIC =pmflt
[    1.533812] dynamic_debug:ddebug_change: changed arch/x86/kernel/apic/vector.c:664 [vector]print_local_APIC =pmflt
[    1.533973] dynamic_debug:ddebug_change: changed arch/x86/kernel/apic/vector.c:661 [vector]print_local_APIC =pmflt
[    1.534134] dynamic_debug:ddebug_change: changed arch/x86/kernel/apic/vector.c:654 [vector]print_local_APIC =pmflt
[    1.534297] dynamic_debug:ddebug_change: changed arch/x86/kernel/apic/vector.c:645 [vector]print_local_APIC =pmflt
[    1.534574] dynamic_debug:vpr_info_dq: applied: func="" file="arch/x86/kernel/apic/*" module="" format="" lineno=0-0
[    1.534784] dynamic_debug:ddebug_exec_queries: query 1: "file drivers/video/* +pflmt "
[    1.534946] dynamic_debug:ddebug_tokenize: split into words: "file" "drivers/video/*" "+pflmt"
[    1.535232] dynamic_debug:ddebug_parse_flags: op='+'
[    1.535353] dynamic_debug:ddebug_parse_flags: flags=0x1f
[    1.535474] dynamic_debug:ddebug_parse_flags: *flagsp=0x1f *maskp=0xffffffff
[    1.535597] dynamic_debug:vpr_info_dq: parsed: func="" file="drivers/video/*" module="" format="" lineno=0-0
[    1.535790] dynamic_debug:ddebug_change: changed drivers/video/backlight/backlight.c:324 [backlight]backlight_device_register =pmflt
[    1.535955] dynamic_debug:ddebug_change: changed drivers/video/backlight/backlight.c:185 [backlight]brightness_store =pmflt
[    1.536120] dynamic_debug:ddebug_change: changed drivers/video/backlight/backlight.c:146 [backlight]bl_power_store =pmflt
[    1.536242] dynamic_debug:ddebug_change: changed drivers/video/fbdev/core/fbmon.c:1082 [fb]fb_edid_add_monspecs =pmflt
[    1.536406] dynamic_debug:ddebug_change: changed drivers/video/fbdev/core/fbmon.c:1070 [fb]fb_edid_add_monspecs =pmflt
[    1.536571] dynamic_debug:ddebug_change: changed drivers/video/fbdev/core/fbmon.c:1033 [fb]fb_edid_add_monspecs =pmflt
[    1.536735] dynamic_debug:ddebug_change: changed drivers/video/fbdev/core/fbmon.c:1027 [fb]fb_edid_add_monspecs =pmflt
[    1.536899] dynamic_debug:ddebug_change: changed drivers/video/fbdev/aty/radeon_base.c:2367 [radeonfb]radeonfb_pci_register =pmflt
[    1.537065] dynamic_debug:ddebug_change: changed drivers/video/fbdev/aty/radeon_base.c:2270 [radeonfb]radeonfb_pci_register =pmflt
[    1.537190] dynamic_debug:ddebug_change: changed drivers/video/fbdev/aty/radeon_base.c:2144 [radeonfb]radeonfb_pci_register =pmflt
[    1.537356] dynamic_debug:ddebug_change: changed drivers/video/fbdev/aty/radeon_base.c:2078 [radeonfb]radeon_identify_vram =pmflt
[    1.537521] dynamic_debug:ddebug_change: changed drivers/video/fbdev/aty/radeon_base.c:1712 [radeonfb]radeonfb_set_par =pmflt
[    1.537686] dynamic_debug:ddebug_change: changed drivers/video/fbdev/aty/radeon_base.c:1711 [radeonfb]radeonfb_set_par =pmflt
[    1.537851] dynamic_debug:ddebug_change: changed drivers/video/fbdev/aty/radeon_base.c:1706 [radeonfb]radeonfb_set_par =pmflt
[    1.538015] dynamic_debug:ddebug_change: changed drivers/video/fbdev/aty/radeon_base.c:1704 [radeonfb]radeonfb_set_par =pmflt
[    1.538155] dynamic_debug:ddebug_change: changed drivers/video/fbdev/aty/radeon_base.c:1595 [radeonfb]radeonfb_set_par =pmflt
[    1.538319] dynamic_debug:ddebug_change: changed drivers/video/fbdev/aty/radeon_base.c:1593 [radeonfb]radeonfb_set_par =pmflt
[    1.538484] dynamic_debug:ddebug_change: changed drivers/video/fbdev/aty/radeon_base.c:1520 [radeonfb]radeon_calc_pll_regs =pmflt
[    1.538649] dynamic_debug:ddebug_change: changed drivers/video/fbdev/aty/radeon_base.c:1519 [radeonfb]radeon_calc_pll_regs =pmflt
[    1.538814] dynamic_debug:ddebug_change: changed drivers/video/fbdev/aty/radeon_base.c:1518 [radeonfb]radeon_calc_pll_regs =pmflt
[    1.538979] dynamic_debug:ddebug_change: changed drivers/video/fbdev/aty/radeon_base.c:1511 [radeonfb]radeon_calc_pll_regs =pmflt
[    1.539144] dynamic_debug:ddebug_change: changed drivers/video/fbdev/aty/radeon_base.c:1501 [radeonfb]radeon_calc_pll_regs =pmflt
[    1.539309] dynamic_debug:ddebug_change: changed drivers/video/fbdev/aty/radeon_base.c:1479 [radeonfb]radeon_calc_pll_regs =pmflt
[    1.539474] dynamic_debug:ddebug_change: changed drivers/video/fbdev/aty/radeon_monitor.c:849 [radeonfb]radeon_check_modes =pmflt
[    1.539639] dynamic_debug:ddebug_change: changed drivers/video/fbdev/aty/radeon_monitor.c:801 [radeonfb]radeon_check_modes =pmflt
[    1.539804] dynamic_debug:ddebug_change: changed drivers/video/fbdev/aty/radeon_monitor.c:781 [radeonfb]radeon_check_modes =pmflt
[    1.539969] dynamic_debug:ddebug_change: changed drivers/video/fbdev/aty/radeon_monitor.c:485 [radeonfb]radeon_probe_screens =pmflt
[    1.540134] dynamic_debug:ddebug_change: changed drivers/video/fbdev/aty/radeon_monitor.c:455 [radeonfb]radeon_probe_screens =pmflt
[    1.540299] dynamic_debug:ddebug_change: changed drivers/video/fbdev/aty/radeon_monitor.c:289 [radeonfb]radeon_parse_connector_info =pmflt
[    1.540466] dynamic_debug:ddebug_change: changed drivers/video/fbdev/aty/radeon_monitor.c:281 [radeonfb]radeon_parse_connector_info =pmflt
[    1.540633] dynamic_debug:ddebug_change: changed drivers/video/fbdev/aty/radeon_monitor.c:277 [radeonfb]radeon_parse_connector_info =pmflt
[    1.540800] dynamic_debug:ddebug_change: changed drivers/video/fbdev/aty/radeon_monitor.c:245 [radeonfb]radeon_get_panel_info_BIOS =pmflt
[    1.540966] dynamic_debug:ddebug_change: changed drivers/video/fbdev/aty/radeon_monitor.c:240 [radeonfb]radeon_get_panel_info_BIOS =pmflt
[    1.541132] dynamic_debug:ddebug_change: changed drivers/video/fbdev/aty/radeon_monitor.c:239 [radeonfb]radeon_get_panel_info_BIOS =pmflt
[    1.541300] dynamic_debug:ddebug_change: changed drivers/video/fbdev/aty/radeon_monitor.c:238 [radeonfb]radeon_get_panel_info_BIOS =pmflt
[    1.541465] dynamic_debug:ddebug_change: changed drivers/video/fbdev/aty/radeon_monitor.c:237 [radeonfb]radeon_get_panel_info_BIOS =pmflt
[    1.541631] dynamic_debug:ddebug_change: changed drivers/video/fbdev/aty/radeon_monitor.c:236 [radeonfb]radeon_get_panel_info_BIOS =pmflt
[    1.541797] dynamic_debug:ddebug_change: changed drivers/video/fbdev/aty/radeon_monitor.c:235 [radeonfb]radeon_get_panel_info_BIOS =pmflt
[    1.541962] dynamic_debug:ddebug_change: changed drivers/video/fbdev/aty/radeon_monitor.c:234 [radeonfb]radeon_get_panel_info_BIOS =pmflt
[    1.542129] dynamic_debug:ddebug_change: changed drivers/video/fbdev/aty/radeon_monitor.c:233 [radeonfb]radeon_get_panel_info_BIOS =pmflt
[    1.542248] dynamic_debug:ddebug_change: changed drivers/video/fbdev/aty/radeon_monitor.c:214 [radeonfb]radeon_get_panel_info_BIOS =pmflt
[    1.542413] dynamic_debug:ddebug_change: changed drivers/video/fbdev/aty/radeon_monitor.c:209 [radeonfb]radeon_get_panel_info_BIOS =pmflt
[    1.542579] dynamic_debug:ddebug_change: changed drivers/video/fbdev/aty/radeon_monitor.c:207 [radeonfb]radeon_get_panel_info_BIOS =pmflt
[    1.542745] dynamic_debug:ddebug_change: changed drivers/video/fbdev/aty/radeon_monitor.c:206 [radeonfb]radeon_get_panel_info_BIOS =pmflt
[    1.542911] dynamic_debug:ddebug_change: changed drivers/video/fbdev/aty/radeon_monitor.c:205 [radeonfb]radeon_get_panel_info_BIOS =pmflt
[    1.543077] dynamic_debug:ddebug_change: changed drivers/video/fbdev/aty/radeon_monitor.c:191 [radeonfb]radeon_get_panel_info_BIOS =pmflt
[    1.543199] dynamic_debug:ddebug_change: changed drivers/video/fbdev/aty/radeon_i2c.c:164 [radeonfb]radeon_probe_i2c_connector =pmflt
[    1.543365] dynamic_debug:ddebug_change: changed drivers/video/fbdev/aty/radeon_i2c.c:160 [radeonfb]radeon_probe_i2c_connector =pmflt
[    1.543530] dynamic_debug:ddebug_change: changed drivers/video/fbdev/aty/radeon_i2c.c:157 [radeonfb]radeon_probe_i2c_connector =pmflt
[    1.543696] dynamic_debug:ddebug_change: changed drivers/video/fbdev/aty/radeon_i2c.c:150 [radeonfb]radeon_probe_i2c_connector =pmflt
[    1.543863] dynamic_debug:ddebug_change: changed drivers/video/fbdev/aty/radeon_i2c.c:93 [radeonfb]radeon_setup_i2c_bus =pmflt
[    1.544199] dynamic_debug:vpr_info_dq: applied: func="" file="drivers/video/*" module="" format="" lineno=0-0
[    1.544362] dynamic_debug:ddebug_exec_queries: query 2: "file drivers/input/* -pflmt "
[    1.544523] dynamic_debug:ddebug_tokenize: split into words: "file" "drivers/input/*" "-pflmt"
[    1.544809] dynamic_debug:ddebug_parse_flags: op='-'
[    1.544929] dynamic_debug:ddebug_parse_flags: flags=0x1f
[    1.545050] dynamic_debug:ddebug_parse_flags: *flagsp=0x0 *maskp=0xffffffe0
[    1.545160] dynamic_debug:vpr_info_dq: parsed: func="" file="drivers/input/*" module="" format="" lineno=0-0
[    1.545531] dynamic_debug:vpr_info_dq: applied: func="" file="drivers/input/*" module="" format="" lineno=0-0
[    1.545740] dynamic_debug:ddebug_exec_queries: query 3: "file drivers/acpi/* -pflmt "
[    1.545902] dynamic_debug:ddebug_tokenize: split into words: "file" "drivers/acpi/*" "-pflmt"
[    1.546186] dynamic_debug:ddebug_parse_flags: op='-'
[    1.546295] dynamic_debug:ddebug_parse_flags: flags=0x1f
[    1.546416] dynamic_debug:ddebug_parse_flags: *flagsp=0x0 *maskp=0xffffffe0
[    1.546539] dynamic_debug:vpr_info_dq: parsed: func="" file="drivers/acpi/*" module="" format="" lineno=0-0
[    1.546740] dynamic_debug:ddebug_change: changed drivers/acpi/tables.c:202 [tables]acpi_table_print_madt_entry =_
[    1.548725] dynamic_debug:ddebug_change: changed drivers/acpi/tables.c:191 [tables]acpi_table_print_madt_entry =_
[    1.548887] dynamic_debug:ddebug_change: changed drivers/acpi/tables.c:168 [tables]acpi_table_print_madt_entry =_
[    1.549048] dynamic_debug:ddebug_change: changed drivers/acpi/tables.c:158 [tables]acpi_table_print_madt_entry =_
[    1.549172] dynamic_debug:ddebug_change: changed drivers/acpi/tables.c:83 [tables]acpi_table_print_madt_entry =_
[    1.549334] dynamic_debug:ddebug_change: changed drivers/acpi/tables.c:74 [tables]acpi_table_print_madt_entry =_
[    1.549494] dynamic_debug:ddebug_change: changed drivers/acpi/tables.c:64 [tables]acpi_table_print_madt_entry =_
[    1.549655] dynamic_debug:ddebug_change: changed drivers/acpi/osl.c:1840 [acpi]acpi_os_initialize =_
[    1.549815] dynamic_debug:ddebug_change: changed drivers/acpi/device_pm.c:732 [acpi]acpi_pm_device_run_wake =_
[    1.549977] dynamic_debug:ddebug_change: changed drivers/acpi/device_pm.c:631 [acpi]acpi_pm_device_sleep_state =_
[    1.550139] dynamic_debug:ddebug_change: changed drivers/acpi/scan.c:1560 [acpi]acpi_device_dep_initialize =_
[    1.550302] dynamic_debug:ddebug_change: changed drivers/acpi/scan.c:1550 [acpi]acpi_device_dep_initialize =_
[    1.550462] dynamic_debug:ddebug_change: changed drivers/acpi/resource.c:215 [acpi]acpi_decode_space =_
[    1.550626] dynamic_debug:ddebug_change: changed drivers/acpi/resource.c:202 [acpi]acpi_decode_space =_
[    1.550787] dynamic_debug:ddebug_change: changed drivers/acpi/resource.c:48 [acpi]acpi_dev_resource_len_valid =_
[    1.550948] dynamic_debug:ddebug_change: changed drivers/acpi/ec.c:1539 [acpi]acpi_ec_ecdt_probe =_
[    1.551108] dynamic_debug:ddebug_change: changed drivers/acpi/ec.c:1465 [acpi]ec_clear_on_resume =_
[    1.551230] dynamic_debug:ddebug_change: changed drivers/acpi/ec.c:1117 [acpi]acpi_ec_event_handler =_
[    1.551391] dynamic_debug:ddebug_change: changed drivers/acpi/ec.c:1095 [acpi]acpi_ec_event_handler =_
[    1.551555] dynamic_debug:ddebug_change: changed drivers/acpi/ec.c:1051 [acpi]acpi_ec_query =_
[    1.551717] dynamic_debug:ddebug_change: changed drivers/acpi/ec.c:1020 [acpi]acpi_ec_event_processor =_
[    1.551880] dynamic_debug:ddebug_change: changed drivers/acpi/ec.c:1015 [acpi]acpi_ec_event_processor =_
[    1.552043] dynamic_debug:ddebug_change: changed drivers/acpi/ec.c:875 [acpi]acpi_ec_stop =_
[    1.552174] dynamic_debug:ddebug_change: changed drivers/acpi/ec.c:867 [acpi]acpi_ec_stop =_
[    1.552336] dynamic_debug:ddebug_change: changed drivers/acpi/ec.c:843 [acpi]acpi_ec_start =_
[    1.552498] dynamic_debug:ddebug_change: changed drivers/acpi/ec.c:839 [acpi]acpi_ec_start =_
[    1.552661] dynamic_debug:ddebug_change: changed drivers/acpi/ec.c:680 [acpi]acpi_ec_transaction_unlocked =_
[    1.552824] dynamic_debug:ddebug_change: changed drivers/acpi/ec.c:676 [acpi]acpi_ec_transaction_unlocked =_
[    1.552988] dynamic_debug:ddebug_change: changed drivers/acpi/ec.c:667 [acpi]acpi_ec_transaction_unlocked =_
[    1.553151] dynamic_debug:ddebug_change: changed drivers/acpi/ec.c:664 [acpi]acpi_ec_transaction_unlocked =_
[    1.553314] dynamic_debug:ddebug_change: changed drivers/acpi/ec.c:643 [acpi]ec_poll =_
[    1.553475] dynamic_debug:ddebug_change: changed drivers/acpi/ec.c:540 [acpi]advance_transaction =_
[    1.553638] dynamic_debug:ddebug_change: changed drivers/acpi/ec.c:504 [acpi]advance_transaction =_
[    1.553802] dynamic_debug:ddebug_change: changed drivers/acpi/ec.c:438 [acpi]acpi_ec_complete_query =_
[    1.553967] dynamic_debug:ddebug_change: changed drivers/acpi/ec.c:427 [acpi]acpi_ec_submit_query =_
[    1.554130] dynamic_debug:ddebug_change: changed drivers/acpi/ec.c:400 [acpi]acpi_ec_clear_storm =_
[    1.554247] dynamic_debug:ddebug_change: changed drivers/acpi/ec.c:390 [acpi]acpi_ec_set_storm =_
[    1.554409] dynamic_debug:ddebug_change: changed drivers/acpi/ec.c:331 [acpi]acpi_ec_enable_gpe =_
[    1.554572] dynamic_debug:ddebug_change: changed drivers/acpi/ec.c:279 [acpi]acpi_ec_write_data =_
[    1.554735] dynamic_debug:ddebug_change: changed drivers/acpi/ec.c:272 [acpi]acpi_ec_write_cmd =_
[    1.554897] dynamic_debug:ddebug_change: changed drivers/acpi/ec.c:266 [acpi]acpi_ec_read_data =_
[    1.555060] dynamic_debug:ddebug_change: changed drivers/acpi/ec.c:257 [acpi]acpi_ec_read_status =_
[    1.555181] dynamic_debug:ddebug_change: changed drivers/acpi/pci_root.c:339 [acpi]acpi_get_pci_dev =_
[    1.555344] dynamic_debug:ddebug_change: changed drivers/acpi/pci_irq.c:498 [acpi]acpi_pci_irq_disable =_
[    1.555507] dynamic_debug:ddebug_change: changed drivers/acpi/pci_irq.c:466 [acpi]acpi_pci_irq_enable =_
[    1.555670] dynamic_debug:ddebug_change: changed drivers/acpi/acpi_platform.c:113 [acpi]acpi_create_platform_device =_
[    1.555834] dynamic_debug:ddebug_change: changed drivers/acpi/property.c:167 [acpi]acpi_init_properties =_
[    1.555998] dynamic_debug:ddebug_change: changed drivers/acpi/fan.c:359 [fan]acpi_fan_probe =_
[    1.556160] dynamic_debug:ddebug_change: changed drivers/acpi/fan.c:195 [fan]fan_set_state_acpi4 =_
[    1.556323] dynamic_debug:ddebug_change: changed drivers/acpi/fan.c:136 [fan]fan_get_state_acpi4 =_
[    1.556487] dynamic_debug:ddebug_change: changed drivers/acpi/acpi_video.c:1576 [video]acpi_video_dev_register_backlight =_
[    1.556651] dynamic_debug:ddebug_change: changed drivers/acpi/pci_slot.c:154 [pci_slot]register_slot =_
[    1.556814] dynamic_debug:ddebug_change: changed drivers/acpi/pci_slot.c:97 [pci_slot]check_slot =_
[    1.556977] dynamic_debug:ddebug_change: changed drivers/acpi/pci_slot.c:90 [pci_slot]check_slot =_
[    1.557140] dynamic_debug:ddebug_change: changed drivers/acpi/pci_slot.c:79 [pci_slot]check_slot =_
[    1.557307] dynamic_debug:ddebug_change: changed drivers/acpi/processor_driver.c:183 [processor]acpi_pss_perf_init =_
[    1.557472] dynamic_debug:ddebug_change: changed drivers/acpi/processor_perflib.c:138 [processor]acpi_processor_get_platform_limit =_
[    1.557798] dynamic_debug:vpr_info_dq: applied: func="" file="drivers/acpi/*" module="" format="" lineno=0-0
[    1.558008] dynamic_debug:ddebug_exec_queries: query 4: "file net/netfilter/* +pflmt"
[    1.558160] dynamic_debug:ddebug_tokenize: split into words: "file" "net/netfilter/*" "+pflmt"
[    1.558446] dynamic_debug:ddebug_parse_flags: op='+'
[    1.558566] dynamic_debug:ddebug_parse_flags: flags=0x1f
[    1.558687] dynamic_debug:ddebug_parse_flags: *flagsp=0x1f *maskp=0xffffffff
[    1.558810] dynamic_debug:vpr_info_dq: parsed: func="" file="net/netfilter/*" module="" format="" lineno=0-0
[    1.559095] dynamic_debug:ddebug_change: no matches for query
[    1.559218] dynamic_debug:vpr_info_dq: no-match: func="" file="net/netfilter/*" module="" format="" lineno=0-0
[    1.559381] dynamic_debug:ddebug_exec_queries: processed 5 queries, with 160 matches, 0 errs
[    1.559543] dynamic_debug:ddebug_dyndbg_boot_param_cb: i8042.debug="(null)"
[    1.559666] dynamic_debug:ddebug_dyndbg_boot_param_cb: acpi_backlight="vendor"
[    1.559828] dynamic_debug:ddebug_dyndbg_boot_param_cb: nohz="on"
[    1.559949] dynamic_debug:ddebug_dyndbg_boot_param_cb: rcu_nocbs="1-3"
[    1.560071] dynamic_debug:ddebug_dyndbg_boot_param_cb: pcie_aspm="force"
[    1.560181] dynamic_debug:ddebug_dyndbg_boot_param_cb: radeon.audio="0"
[    1.560305] dynamic_debug:ddebug_dyndbg_boot_param_cb: radeon.lockup_timeout="120000"
[    1.560466] dynamic_debug:ddebug_dyndbg_boot_param_cb: radeon.test="0"
[    1.560591] dynamic_debug:ddebug_dyndbg_boot_param_cb: radeon.agpmode="-1"
[    1.560714] dynamic_debug:ddebug_dyndbg_boot_param_cb: radeon.benchmark="0"
[    1.560836] dynamic_debug:ddebug_dyndbg_boot_param_cb: radeon.tv="0"
[    1.560958] dynamic_debug:ddebug_dyndbg_boot_param_cb: radeon.hard_reset="1"
[    1.561081] dynamic_debug:ddebug_dyndbg_boot_param_cb: radeon.aspm="1"
[    1.561189] dynamic_debug:ddebug_dyndbg_boot_param_cb: radeon.msi="1"
[    1.561311] dynamic_debug:ddebug_dyndbg_boot_param_cb: radeon.pcie_gen2="-1"
[    1.561433] dynamic_debug:ddebug_dyndbg_boot_param_cb: radeon.no_wb="1"
[    1.561555] dynamic_debug:ddebug_dyndbg_boot_param_cb: radeon.r4xx_atom="0"
[    1.561677] dynamic_debug:ddebug_dyndbg_boot_param_cb: radeonfb="(null)"
[    1.561799] dynamic_debug:ddebug_dyndbg_boot_param_cb: radeon.fastfb="1"
[    1.561921] dynamic_debug:ddebug_dyndbg_boot_param_cb: radeon.modeset="1"
[    1.562043] dynamic_debug:ddebug_dyndbg_boot_param_cb: radeon.dpm="1"
[    1.562162] dynamic_debug:ddebug_dyndbg_boot_param_cb: radeon.runpm="1"
[    1.562237] dynamic_debug:ddebug_dyndbg_boot_param_cb: radeon.dynclks="0"
[    1.562359] dynamic_debug:ddebug_dyndbg_boot_param_cb: slub_debug="U"
[    1.562481] dynamic_debug:ddebug_dyndbg_boot_param_cb: noefi="(null)"
[    1.562603] dynamic_debug:ddebug_dyndbg_boot_param_cb: CPUunderclocking="(null)"
[    1.562840] MCE: In-kernel MCE decoding enabled.
[    1.563301] started {early_reset_EHCIs kernel/smp.c:1310}
[    1.563470] early_pci_allowed {early_reset_EHCIs kernel/smp.c:1316}
[    1.563751] Found EHCI on 00:12.2 {kline kernel/smp.c:1236}
[    1.563876] bar_val: f014a900 {kline kernel/smp.c:1239}
[    1.564000] ehci_bar: ffffffffff7fe900 {kline kernel/smp.c:1261}
[    1.564122] n_ports:    5 {kline kernel/smp.c:1268}
[    1.564232] BIOS USB Legacy is likely Enabled. {kline kernel/smp.c:1283}
[    1.564353] before setting FLAG_CF {ehci_status kernel/smp.c:1052}
[    1.564475]   ehci cmd     : 00080B00 {ehci_status kernel/smp.c:1054}
[    1.564597]   ehci conf flg: 00000000 {ehci_status kernel/smp.c:1055}
[    1.564718]   ehci status  : 00001000 {ehci_status kernel/smp.c:1056}
[    1.564840] port 1 status 00003002 {ehci_status kernel/smp.c:1059}
[    1.564962] port 2 status 00003000 {ehci_status kernel/smp.c:1059}
[    1.565084] port 3 status 00003000 {ehci_status kernel/smp.c:1059}
[    1.565193] port 4 status 00003000 {ehci_status kernel/smp.c:1059}
[    1.565315] port 5 status 00003000 {ehci_status kernel/smp.c:1059}
[    1.565435] after setting FLAG_CF {ehci_status kernel/smp.c:1052}
[    1.570539]   ehci cmd     : 00080B00 {ehci_status kernel/smp.c:1054}
[    1.570661]   ehci conf flg: 00000001 {ehci_status kernel/smp.c:1055}
[    1.570784]   ehci status  : 00001000 {ehci_status kernel/smp.c:1056}
[    1.570907] port 1 status 00001803 {ehci_status kernel/smp.c:1059}
[    1.571030] port 2 status 00001000 {ehci_status kernel/smp.c:1059}
[    1.573089] port 3 status 00001803 {ehci_status kernel/smp.c:1059}
[    1.573200] port 4 status 00001000 {ehci_status kernel/smp.c:1059}
[    1.573323] port 5 status 00001000 {ehci_status kernel/smp.c:1059}
[    1.573444] ended {kline kernel/smp.c:1301}
[    1.573575] Found EHCI on 00:13.2 {kline kernel/smp.c:1236}
[    1.573698] bar_val: f014a800 {kline kernel/smp.c:1239}
[    1.573823] ehci_bar: ffffffffff7fe800 {kline kernel/smp.c:1261}
[    1.573947] n_ports:    5 {kline kernel/smp.c:1268}
[    1.574069] BIOS USB Legacy is likely Enabled. {kline kernel/smp.c:1283}
[    1.574178] before setting FLAG_CF {ehci_status kernel/smp.c:1052}
[    1.574254]   ehci cmd     : 00080B00 {ehci_status kernel/smp.c:1054}
[    1.574377]   ehci conf flg: 00000000 {ehci_status kernel/smp.c:1055}
[    1.574499]   ehci status  : 00001000 {ehci_status kernel/smp.c:1056}
[    1.574622] port 1 status 00003000 {ehci_status kernel/smp.c:1059}
[    1.574744] port 2 status 00003000 {ehci_status kernel/smp.c:1059}
[    1.574867] port 3 status 00003000 {ehci_status kernel/smp.c:1059}
[    1.574990] port 4 status 00003000 {ehci_status kernel/smp.c:1059}
[    1.575112] port 5 status 00003000 {ehci_status kernel/smp.c:1059}
[    1.575221] after setting FLAG_CF {ehci_status kernel/smp.c:1052}
[    1.575538]   ehci cmd     : 00080B00 {ehci_status kernel/smp.c:1054}
[    1.575661]   ehci conf flg: 00000001 {ehci_status kernel/smp.c:1055}
[    1.575783]   ehci status  : 00001000 {ehci_status kernel/smp.c:1056}
[    1.575906] port 1 status 00001803 {ehci_status kernel/smp.c:1059}
[    1.576029] port 2 status 00001000 {ehci_status kernel/smp.c:1059}
[    1.576151] port 3 status 00001803 {ehci_status kernel/smp.c:1059}
[    1.576228] port 4 status 00001000 {ehci_status kernel/smp.c:1059}
[    1.576350] port 5 status 00001000 {ehci_status kernel/smp.c:1059}
[    1.576472] ended {kline kernel/smp.c:1301}
[    1.648307] ended, failed 0 times {early_reset_EHCIs kernel/smp.c:1329}
[    1.648415] All EHCI controllers were reset. {smp_init kernel/smp.c:1348}
[    1.648604] NMI watchdog: enabled on all CPUs, permanently consumes one hw-PMU counter.
[    1.649360] smpboot: ++++++++++++++++++++=_---CPU UP  1
[    1.649530] x86: Booting SMP configuration:
[    1.649648] .... node  #0, CPUs:      #1
[    1.649742] smpboot: Setting warm reset code and vector.
[    1.649928] smpboot: 1.
[    1.650049] smpboot: 2.
[    1.650169] smpboot: 3.
[    1.650241] smpboot: Asserting INIT
[    1.650362] smpboot: Waiting for send to finish...
[    1.650483] smpboot: Deasserting INIT
[    1.650605] smpboot: Waiting for send to finish...
[    1.650724] smpboot: #startup loops: 2
[    1.650842] smpboot: Sending STARTUP #1
[    1.650912] smpboot: After apic_write
[    1.651031] smpboot: Startup point 1
[    1.651151] smpboot: Waiting for send to finish...
[    1.651260] smpboot: Sending STARTUP #2
[    1.651380] smpboot: After apic_write
[    1.651500] smpboot: Startup point 1
[    1.651619] smpboot: Waiting for send to finish...
[    1.651738] smpboot: After Startup
[    1.556541] masked ExtINT on CPU#1
[    1.556568] smpboot: Stack at about ffff88040bb9ff38
[    1.653917] TSC synchronization [CPU#0 -> CPU#1]:
[    1.654282] Measured 133114132 cycles TSC warp between CPUs, turning off TSC clock.
[    1.654460] tsc: Marking TSC unstable due to check_tsc_sync_source failed
[    1.655254] smpboot: ++++++++++++++++++++=_---CPU UP  2
[    1.655385]  #2
[    1.655421] smpboot: Setting warm reset code and vector.
[    1.655674] smpboot: 1.
[    1.655797] smpboot: 2.
[    1.655920] smpboot: 3.
[    1.656044] smpboot: Asserting INIT
[    1.656173] smpboot: Waiting for send to finish...
[    1.656255] smpboot: Deasserting INIT
[    1.656382] smpboot: Waiting for send to finish...
[    1.656510] smpboot: #startup loops: 2
[    1.656638] smpboot: Sending STARTUP #1
[    1.656762] smpboot: After apic_write
[    1.656887] smpboot: Startup point 1
[    1.657011] smpboot: Waiting for send to finish...
[    1.657138] smpboot: Sending STARTUP #2
[    1.657253] smpboot: After apic_write
[    1.657380] smpboot: Startup point 1
[    1.657507] smpboot: Waiting for send to finish...
[    1.657635] smpboot: After Startup
[    1.528377] masked ExtINT on CPU#2
[    1.528403] smpboot: Stack at about ffff88040bba3f38
[    1.658455] smpboot: ++++++++++++++++++++=_---CPU UP  3
[    1.658863]  #3
[    1.658895] smpboot: Setting warm reset code and vector.
[    1.659079] smpboot: 1.
[    1.659148] smpboot: 2.
[    1.659216] smpboot: 3.
[    1.659326] smpboot: Asserting INIT
[    1.659446] smpboot: Waiting for send to finish...
[    1.659567] smpboot: Deasserting INIT
[    1.659687] smpboot: Waiting for send to finish...
[    1.659807] smpboot: #startup loops: 2
[    1.659927] smpboot: Sending STARTUP #1
[    1.660044] smpboot: After apic_write
[    1.660114] smpboot: Startup point 1
[    1.660183] smpboot: Waiting for send to finish...
[    1.660256] smpboot: Sending STARTUP #2
[    1.660365] smpboot: After apic_write
[    1.660485] smpboot: Startup point 1
[    1.660610] smpboot: Waiting for send to finish...
[    1.660730] smpboot: After Startup
[    1.497755] masked ExtINT on CPU#3
[    1.497781] smpboot: Stack at about ffff88040bba7f38
[    1.660969] x86: Booted up 1 node, 4 CPUs
[    1.661280] CPUunderclocking: activating(?)=1 {apply_underclocking_if_needed kernel/smp.c:962}
[    1.661443] CPUunderclocking: activating... {apply_underclocking_if_needed kernel/smp.c:964}
[    1.661606] CPUunderclocking:   !! Rdmsr(1of2): core:0 idx:c0010064 ... {Rdmsr kernel/smp.c:712}
[    1.661770] CPUunderclocking:     !! Rdmsr(2of2): core:0 idx:c0010064 done. (resultx==8000017d000025e2 hi:8000017d lo:000025e2) {Rdmsr kernel/smp.c:728}
[    1.661934] CPUunderclocking:   !! Rdmsr(1of2): core:1 idx:c0010064 ... {Rdmsr kernel/smp.c:712}
[    1.662123] CPUunderclocking:     !! Rdmsr(2of2): core:1 idx:c0010064 done. (resultx==8000017d000025e2 hi:8000017d lo:000025e2) {Rdmsr kernel/smp.c:728}
[    1.662244] CPUunderclocking:   !! Rdmsr(1of2): core:2 idx:c0010064 ... {Rdmsr kernel/smp.c:712}
[    1.662437] CPUunderclocking:     !! Rdmsr(2of2): core:2 idx:c0010064 done. (resultx==8000017d000025e2 hi:8000017d lo:000025e2) {Rdmsr kernel/smp.c:728}
[    1.662604] CPUunderclocking:   !! Rdmsr(1of2): core:3 idx:c0010064 ... {Rdmsr kernel/smp.c:712}
[    1.662772] CPUunderclocking:     !! Rdmsr(2of2): core:3 idx:c0010064 done. (resultx==8000017d000025e2 hi:8000017d lo:000025e2) {Rdmsr kernel/smp.c:728}
[    1.662934] CPUunderclocking: !! Write(1of3) PState0 read : fid:30 did:2 vid:18 Multi:N/A {WritePState kernel/smp.c:870}
[    1.663092] CPUunderclocking: !! Write(2of3) PState0 write:6 did:0 vid:37 (multi:22) ... {WritePState kernel/smp.c:898}
[    1.663214] CPUunderclocking:   !! Wrmsr(before write): core:0/64 idx:c0010064 valx:8000017d00004a60 ...  {Wrmsr kernel/smp.c:653}
[    1.663381] CPUunderclocking:     !! Wrmsr(after write): done. {Wrmsr kernel/smp.c:692}
[    1.663543] CPUunderclocking:   !! Wrmsr(before write): core:1/64 idx:c0010064 valx:8000017d00004a60 ...  {Wrmsr kernel/smp.c:653}
[    1.663740] CPUunderclocking:     !! Wrmsr(after write): done. {Wrmsr kernel/smp.c:692}
[    1.663900] CPUunderclocking:   !! Wrmsr(before write): core:2/64 idx:c0010064 valx:8000017d00004a60 ...  {Wrmsr kernel/smp.c:653}
[    1.664089] CPUunderclocking:     !! Wrmsr(after write): done. {Wrmsr kernel/smp.c:692}
[    1.664212] CPUunderclocking:   !! Wrmsr(before write): core:3/64 idx:c0010064 valx:8000017d00004a60 ...  {Wrmsr kernel/smp.c:653}
[    1.664383] CPUunderclocking:     !! Wrmsr(after write): done. {Wrmsr kernel/smp.c:692}
[    1.664543] CPUunderclocking: !! Write(3of3) PState0 done. status:0 (0=success) {WritePState kernel/smp.c:900}
[    1.664704] CPUunderclocking:   !! Rdmsr(1of2): core:0 idx:c0010065 ... {Rdmsr kernel/smp.c:712}
[    1.664859] CPUunderclocking:     !! Rdmsr(2of2): core:0 idx:c0010065 done. (resultx==8000014000004fa3 hi:80000140 lo:00004fa3) {Rdmsr kernel/smp.c:728}
[    1.665019] CPUunderclocking:   !! Rdmsr(1of2): core:1 idx:c0010065 ... {Rdmsr kernel/smp.c:712}
[    1.665208] CPUunderclocking:     !! Rdmsr(2of2): core:1 idx:c0010065 done. (resultx==8000014000004fa3 hi:80000140 lo:00004fa3) {Rdmsr kernel/smp.c:728}
[    1.665370] CPUunderclocking:   !! Rdmsr(1of2): core:2 idx:c0010065 ... {Rdmsr kernel/smp.c:712}
[    1.665560] CPUunderclocking:     !! Rdmsr(2of2): core:2 idx:c0010065 done. (resultx==8000014000004fa3 hi:80000140 lo:00004fa3) {Rdmsr kernel/smp.c:728}
[    1.665724] CPUunderclocking:   !! Rdmsr(1of2): core:3 idx:c0010065 ... {Rdmsr kernel/smp.c:712}
[    1.665910] CPUunderclocking:     !! Rdmsr(2of2): core:3 idx:c0010065 done. (resultx==8000014000004fa3 hi:80000140 lo:00004fa3) {Rdmsr kernel/smp.c:728}
[    1.666071] CPUunderclocking: !! Write(1of3) PState1 read : fid:26 did:3 vid:39 Multi:N/A {WritePState kernel/smp.c:870}
[    1.666201] CPUunderclocking: !! Write(2of3) PState1 write:4 did:0 vid:42 (multi:20) ... {WritePState kernel/smp.c:898}
[    1.666363] CPUunderclocking:   !! Wrmsr(before write): core:0/64 idx:c0010065 valx:8000014000005440 ...  {Wrmsr kernel/smp.c:653}
[    1.666528] CPUunderclocking:     !! Wrmsr(after write): done. {Wrmsr kernel/smp.c:692}
[    1.666684] CPUunderclocking:   !! Wrmsr(before write): core:1/64 idx:c0010065 valx:8000014000005440 ...  {Wrmsr kernel/smp.c:653}
[    1.666872] CPUunderclocking:     !! Wrmsr(after write): done. {Wrmsr kernel/smp.c:692}
[    1.667030] CPUunderclocking:   !! Wrmsr(before write): core:2/64 idx:c0010065 valx:8000014000005440 ...  {Wrmsr kernel/smp.c:653}
[    1.667219] CPUunderclocking:     !! Wrmsr(after write): done. {Wrmsr kernel/smp.c:692}
[    1.667373] CPUunderclocking:   !! Wrmsr(before write): core:3/64 idx:c0010065 valx:8000014000005440 ...  {Wrmsr kernel/smp.c:653}
[    1.669420] CPUunderclocking:     !! Wrmsr(after write): done. {Wrmsr kernel/smp.c:692}
[    1.669577] CPUunderclocking: !! Write(3of3) PState1 done. status:0 (0=success) {WritePState kernel/smp.c:900}
[    1.669737] CPUunderclocking:   !! Rdmsr(1of2): core:0 idx:c0010066 ... {Rdmsr kernel/smp.c:712}
[    1.669895] CPUunderclocking:     !! Rdmsr(2of2): core:0 idx:c0010066 done. (resultx==8000013700005573 hi:80000137 lo:00005573) {Rdmsr kernel/smp.c:728}
[    1.670056] CPUunderclocking:   !! Rdmsr(1of2): core:1 idx:c0010066 ... {Rdmsr kernel/smp.c:712}
[    1.670226] CPUunderclocking:     !! Rdmsr(2of2): core:1 idx:c0010066 done. (resultx==8000013700005573 hi:80000137 lo:00005573) {Rdmsr kernel/smp.c:728}
[    1.670390] CPUunderclocking:   !! Rdmsr(1of2): core:2 idx:c0010066 ... {Rdmsr kernel/smp.c:712}
[    1.670576] CPUunderclocking:     !! Rdmsr(2of2): core:2 idx:c0010066 done. (resultx==8000013700005573 hi:80000137 lo:00005573) {Rdmsr kernel/smp.c:728}
[    1.670739] CPUunderclocking:   !! Rdmsr(1of2): core:3 idx:c0010066 ... {Rdmsr kernel/smp.c:712}
[    1.670923] CPUunderclocking:     !! Rdmsr(2of2): core:3 idx:c0010066 done. (resultx==8000013700005573 hi:80000137 lo:00005573) {Rdmsr kernel/smp.c:728}
[    1.671086] CPUunderclocking: !! Write(1of3) PState2 read : fid:23 did:3 vid:42 Multi:N/A {WritePState kernel/smp.c:870}
[    1.671209] CPUunderclocking: !! Write(2of3) PState2 write:2 did:0 vid:47 (multi:18) ... {WritePState kernel/smp.c:898}
[    1.671369] CPUunderclocking:   !! Wrmsr(before write): core:0/64 idx:c0010066 valx:8000013700005e20 ...  {Wrmsr kernel/smp.c:653}
[    1.671529] CPUunderclocking:     !! Wrmsr(after write): done. {Wrmsr kernel/smp.c:692}
[    1.671688] CPUunderclocking:   !! Wrmsr(before write): core:1/64 idx:c0010066 valx:8000013700005e20 ...  {Wrmsr kernel/smp.c:653}
[    1.671874] CPUunderclocking:     !! Wrmsr(after write): done. {Wrmsr kernel/smp.c:692}
[    1.672033] CPUunderclocking:   !! Wrmsr(before write): core:2/64 idx:c0010066 valx:8000013700005e20 ...  {Wrmsr kernel/smp.c:653}
[    1.672223] CPUunderclocking:     !! Wrmsr(after write): done. {Wrmsr kernel/smp.c:692}
[    1.672380] CPUunderclocking:   !! Wrmsr(before write): core:3/64 idx:c0010066 valx:8000013700005e20 ...  {Wrmsr kernel/smp.c:653}
[    1.672568] CPUunderclocking:     !! Wrmsr(after write): done. {Wrmsr kernel/smp.c:692}
[    1.672726] CPUunderclocking: !! Write(3of3) PState2 done. status:0 (0=success) {WritePState kernel/smp.c:900}
[    1.672885] CPUunderclocking:   !! Rdmsr(1of2): core:0 idx:c0010067 ... {Rdmsr kernel/smp.c:712}
[    1.673044] CPUunderclocking:     !! Rdmsr(2of2): core:0 idx:c0010067 done. (resultx==8000013200005b43 hi:80000132 lo:00005b43) {Rdmsr kernel/smp.c:728}
[    1.673198] CPUunderclocking:   !! Rdmsr(1of2): core:1 idx:c0010067 ... {Rdmsr kernel/smp.c:712}
[    1.673385] CPUunderclocking:     !! Rdmsr(2of2): core:1 idx:c0010067 done. (resultx==8000013200005b43 hi:80000132 lo:00005b43) {Rdmsr kernel/smp.c:728}
[    1.673545] CPUunderclocking:   !! Rdmsr(1of2): core:2 idx:c0010067 ... {Rdmsr kernel/smp.c:712}
[    1.673730] CPUunderclocking:     !! Rdmsr(2of2): core:2 idx:c0010067 done. (resultx==8000013200005b43 hi:80000132 lo:00005b43) {Rdmsr kernel/smp.c:728}
[    1.673894] CPUunderclocking:   !! Rdmsr(1of2): core:3 idx:c0010067 ... {Rdmsr kernel/smp.c:712}
[    1.674077] CPUunderclocking:     !! Rdmsr(2of2): core:3 idx:c0010067 done. (resultx==8000013200005b43 hi:80000132 lo:00005b43) {Rdmsr kernel/smp.c:728}
[    1.674209] CPUunderclocking: !! Write(1of3) PState3 read : fid:20 did:3 vid:45 Multi:N/A {WritePState kernel/smp.c:870}
[    1.674370] CPUunderclocking: !! Write(2of3) PState3 write:1 did:0 vid:49 (multi:17) ... {WritePState kernel/smp.c:898}
[    1.674529] CPUunderclocking:   !! Wrmsr(before write): core:0/64 idx:c0010067 valx:8000013200006210 ...  {Wrmsr kernel/smp.c:653}
[    1.674689] CPUunderclocking:     !! Wrmsr(after write): done. {Wrmsr kernel/smp.c:692}
[    1.674847] CPUunderclocking:   !! Wrmsr(before write): core:1/64 idx:c0010067 valx:8000013200006210 ...  {Wrmsr kernel/smp.c:653}
[    1.675034] CPUunderclocking:     !! Wrmsr(after write): done. {Wrmsr kernel/smp.c:692}
[    1.675192] CPUunderclocking:   !! Wrmsr(before write): core:2/64 idx:c0010067 valx:8000013200006210 ...  {Wrmsr kernel/smp.c:653}
[    1.675383] CPUunderclocking:     !! Wrmsr(after write): done. {Wrmsr kernel/smp.c:692}
[    1.675540] CPUunderclocking:   !! Wrmsr(before write): core:3/64 idx:c0010067 valx:8000013200006210 ...  {Wrmsr kernel/smp.c:653}
[    1.675727] CPUunderclocking:     !! Wrmsr(after write): done. {Wrmsr kernel/smp.c:692}
[    1.675885] CPUunderclocking: !! Write(3of3) PState3 done. status:0 (0=success) {WritePState kernel/smp.c:900}
[    1.676044] CPUunderclocking:   !! Rdmsr(1of2): core:0 idx:c0010068 ... {Rdmsr kernel/smp.c:712}
[    1.676200] CPUunderclocking:     !! Rdmsr(2of2): core:0 idx:c0010068 done. (resultx==8000012e00005d13 hi:8000012e lo:00005d13) {Rdmsr kernel/smp.c:728}
[    1.676362] CPUunderclocking:   !! Rdmsr(1of2): core:1 idx:c0010068 ... {Rdmsr kernel/smp.c:712}
[    1.676551] CPUunderclocking:     !! Rdmsr(2of2): core:1 idx:c0010068 done. (resultx==8000012e00005d13 hi:8000012e lo:00005d13) {Rdmsr kernel/smp.c:728}
[    1.676711] CPUunderclocking:   !! Rdmsr(1of2): core:2 idx:c0010068 ... {Rdmsr kernel/smp.c:712}
[    1.676896] CPUunderclocking:     !! Rdmsr(2of2): core:2 idx:c0010068 done. (resultx==8000012e00005d13 hi:8000012e lo:00005d13) {Rdmsr kernel/smp.c:728}
[    1.677058] CPUunderclocking:   !! Rdmsr(1of2): core:3 idx:c0010068 ... {Rdmsr kernel/smp.c:712}
[    1.677228] CPUunderclocking:     !! Rdmsr(2of2): core:3 idx:c0010068 done. (resultx==8000012e00005d13 hi:8000012e lo:00005d13) {Rdmsr kernel/smp.c:728}
[    1.677390] CPUunderclocking: !! Write(1of3) PState4 read : fid:17 did:3 vid:46 Multi:N/A {WritePState kernel/smp.c:870}
[    1.677550] CPUunderclocking: !! Write(2of3) PState4 write:0 did:0 vid:52 (multi:16) ... {WritePState kernel/smp.c:898}
[    1.677709] CPUunderclocking:   !! Wrmsr(before write): core:0/64 idx:c0010068 valx:8000012e00006800 ...  {Wrmsr kernel/smp.c:653}
[    1.677869] CPUunderclocking:     !! Wrmsr(after write): done. {Wrmsr kernel/smp.c:692}
[    1.678029] CPUunderclocking:   !! Wrmsr(before write): core:1/64 idx:c0010068 valx:8000012e00006800 ...  {Wrmsr kernel/smp.c:653}
[    1.678215] CPUunderclocking:     !! Wrmsr(after write): done. {Wrmsr kernel/smp.c:692}
[    1.678373] CPUunderclocking:   !! Wrmsr(before write): core:2/64 idx:c0010068 valx:8000012e00006800 ...  {Wrmsr kernel/smp.c:653}
[    1.678559] CPUunderclocking:     !! Wrmsr(after write): done. {Wrmsr kernel/smp.c:692}
[    1.678719] CPUunderclocking:   !! Wrmsr(before write): core:3/64 idx:c0010068 valx:8000012e00006800 ...  {Wrmsr kernel/smp.c:653}
[    1.678907] CPUunderclocking:     !! Wrmsr(after write): done. {Wrmsr kernel/smp.c:692}
[    1.679063] CPUunderclocking: !! Write(3of3) PState4 done. status:0 (0=success) {WritePState kernel/smp.c:900}
[    1.679200] CPUunderclocking:   !! Rdmsr(1of2): core:0 idx:c0010069 ... {Rdmsr kernel/smp.c:712}
[    1.679359] CPUunderclocking:     !! Rdmsr(2of2): core:0 idx:c0010069 done. (resultx==8000012b00005ee3 hi:8000012b lo:00005ee3) {Rdmsr kernel/smp.c:728}
[    1.679521] CPUunderclocking:   !! Rdmsr(1of2): core:1 idx:c0010069 ... {Rdmsr kernel/smp.c:712}
[    1.679705] CPUunderclocking:     !! Rdmsr(2of2): core:1 idx:c0010069 done. (resultx==8000012b00005ee3 hi:8000012b lo:00005ee3) {Rdmsr kernel/smp.c:728}
[    1.679868] CPUunderclocking:   !! Rdmsr(1of2): core:2 idx:c0010069 ... {Rdmsr kernel/smp.c:712}
[    1.680054] CPUunderclocking:     !! Rdmsr(2of2): core:2 idx:c0010069 done. (resultx==8000012b00005ee3 hi:8000012b lo:00005ee3) {Rdmsr kernel/smp.c:728}
[    1.680201] CPUunderclocking:   !! Rdmsr(1of2): core:3 idx:c0010069 ... {Rdmsr kernel/smp.c:712}
[    1.680385] CPUunderclocking:     !! Rdmsr(2of2): core:3 idx:c0010069 done. (resultx==8000012b00005ee3 hi:8000012b lo:00005ee3) {Rdmsr kernel/smp.c:728}
[    1.680549] CPUunderclocking: !! Write(1of3) PState5 read : fid:14 did:3 vid:47 Multi:N/A {WritePState kernel/smp.c:870}
[    1.680707] CPUunderclocking: !! Write(2of3) PState5 write:5 did:1 vid:55 (multi:14) ... {WritePState kernel/smp.c:898}
[    1.680864] CPUunderclocking:   !! Wrmsr(before write): core:0/64 idx:c0010069 valx:8000012b00006e51 ...  {Wrmsr kernel/smp.c:653}
[    1.681021] CPUunderclocking:     !! Wrmsr(after write): done. {Wrmsr kernel/smp.c:692}
[    1.681176] CPUunderclocking:   !! Wrmsr(before write): core:1/64 idx:c0010069 valx:8000012b00006e51 ...  {Wrmsr kernel/smp.c:653}
[    1.681314] CPUunderclocking:     !! Wrmsr(after write): done. {Wrmsr kernel/smp.c:692}
[    1.681471] CPUunderclocking:   !! Wrmsr(before write): core:2/64 idx:c0010069 valx:8000012b00006e51 ...  {Wrmsr kernel/smp.c:653}
[    1.681655] CPUunderclocking:     !! Wrmsr(after write): done. {Wrmsr kernel/smp.c:692}
[    1.681810] CPUunderclocking:   !! Wrmsr(before write): core:3/64 idx:c0010069 valx:8000012b00006e51 ...  {Wrmsr kernel/smp.c:653}
[    1.681998] CPUunderclocking:     !! Wrmsr(after write): done. {Wrmsr kernel/smp.c:692}
[    1.682154] CPUunderclocking: !! Write(3of3) PState5 done. status:0 (0=success) {WritePState kernel/smp.c:900}
[    1.682274] CPUunderclocking:   !! Rdmsr(1of2): core:0 idx:c001006a ... {Rdmsr kernel/smp.c:712}
[    1.682434] CPUunderclocking:     !! Rdmsr(2of2): core:0 idx:c001006a done. (resultx==80000127000060b3 hi:80000127 lo:000060b3) {Rdmsr kernel/smp.c:728}
[    1.682593] CPUunderclocking:   !! Rdmsr(1of2): core:1 idx:c001006a ... {Rdmsr kernel/smp.c:712}
[    1.682775] CPUunderclocking:     !! Rdmsr(2of2): core:1 idx:c001006a done. (resultx==80000127000060b3 hi:80000127 lo:000060b3) {Rdmsr kernel/smp.c:728}
[    1.682933] CPUunderclocking:   !! Rdmsr(1of2): core:2 idx:c001006a ... {Rdmsr kernel/smp.c:712}
[    1.683117] CPUunderclocking:     !! Rdmsr(2of2): core:2 idx:c001006a done. (resultx==80000127000060b3 hi:80000127 lo:000060b3) {Rdmsr kernel/smp.c:728}
[    1.683236] CPUunderclocking:   !! Rdmsr(1of2): core:3 idx:c001006a ... {Rdmsr kernel/smp.c:712}
[    1.683417] CPUunderclocking:     !! Rdmsr(2of2): core:3 idx:c001006a done. (resultx==80000127000060b3 hi:80000127 lo:000060b3) {Rdmsr kernel/smp.c:728}
[    1.683576] CPUunderclocking: !! Write(1of3) PState6 read : fid:11 did:3 vid:48 Multi:N/A {WritePState kernel/smp.c:870}
[    1.683733] CPUunderclocking: !! Write(2of3) PState6 write:2 did:1 vid:59 (multi:12) ... {WritePState kernel/smp.c:898}
[    1.683891] CPUunderclocking:   !! Wrmsr(before write): core:0/64 idx:c001006a valx:8000012700007621 ...  {Wrmsr kernel/smp.c:653}
[    1.684049] CPUunderclocking:     !! Wrmsr(after write): done. {Wrmsr kernel/smp.c:692}
[    1.686071] CPUunderclocking:   !! Wrmsr(before write): core:1/64 idx:c001006a valx:8000012700007621 ...  {Wrmsr kernel/smp.c:653}
[    1.686228] CPUunderclocking:     !! Wrmsr(after write): done. {Wrmsr kernel/smp.c:692}
[    1.686386] CPUunderclocking:   !! Wrmsr(before write): core:2/64 idx:c001006a valx:8000012700007621 ...  {Wrmsr kernel/smp.c:653}
[    1.686573] CPUunderclocking:     !! Wrmsr(after write): done. {Wrmsr kernel/smp.c:692}
[    1.686731] CPUunderclocking:   !! Wrmsr(before write): core:3/64 idx:c001006a valx:8000012700007621 ...  {Wrmsr kernel/smp.c:653}
[    1.686917] CPUunderclocking:     !! Wrmsr(after write): done. {Wrmsr kernel/smp.c:692}
[    1.687075] CPUunderclocking: !! Write(3of3) PState6 done. status:0 (0=success) {WritePState kernel/smp.c:900}
[    1.687205] CPUunderclocking:   !! Rdmsr(1of2): core:0 idx:c001006b ... {Rdmsr kernel/smp.c:712}
[    1.687364] CPUunderclocking:     !! Rdmsr(2of2): core:0 idx:c001006b done. (resultx==8000012500006504 hi:80000125 lo:00006504) {Rdmsr kernel/smp.c:728}
[    1.687529] CPUunderclocking:   !! Rdmsr(1of2): core:1 idx:c001006b ... {Rdmsr kernel/smp.c:712}
[    1.687715] CPUunderclocking:     !! Rdmsr(2of2): core:1 idx:c001006b done. (resultx==8000012500006504 hi:80000125 lo:00006504) {Rdmsr kernel/smp.c:728}
[    1.687878] CPUunderclocking:   !! Rdmsr(1of2): core:2 idx:c001006b ... {Rdmsr kernel/smp.c:712}
[    1.688062] CPUunderclocking:     !! Rdmsr(2of2): core:2 idx:c001006b done. (resultx==8000012500006504 hi:80000125 lo:00006504) {Rdmsr kernel/smp.c:728}
[    1.688203] CPUunderclocking:   !! Rdmsr(1of2): core:3 idx:c001006b ... {Rdmsr kernel/smp.c:712}
[    1.688388] CPUunderclocking:     !! Rdmsr(2of2): core:3 idx:c001006b done. (resultx==8000012500006504 hi:80000125 lo:00006504) {Rdmsr kernel/smp.c:728}
[    1.688550] CPUunderclocking: !! Write(1of3) PState7 read : fid:16 did:4 vid:50 Multi:N/A {WritePState kernel/smp.c:870}
[    1.688709] CPUunderclocking: !! Write(2of3) PState7 write:0 did:2 vid:67 (multi:8) ... {WritePState kernel/smp.c:898}
[    1.688869] CPUunderclocking:   !! Wrmsr(before write): core:0/64 idx:c001006b valx:8000012500008602 ...  {Wrmsr kernel/smp.c:653}
[    1.689030] CPUunderclocking:     !! Wrmsr(after write): done. {Wrmsr kernel/smp.c:692}
[    1.689188] CPUunderclocking:   !! Wrmsr(before write): core:1/64 idx:c001006b valx:8000012500008602 ...  {Wrmsr kernel/smp.c:653}
[    1.689374] CPUunderclocking:     !! Wrmsr(after write): done. {Wrmsr kernel/smp.c:692}
[    1.689532] CPUunderclocking:   !! Wrmsr(before write): core:2/64 idx:c001006b valx:8000012500008602 ...  {Wrmsr kernel/smp.c:653}
[    1.689722] CPUunderclocking:     !! Wrmsr(after write): done. {Wrmsr kernel/smp.c:692}
[    1.689879] CPUunderclocking:   !! Wrmsr(before write): core:3/64 idx:c001006b valx:8000012500008602 ...  {Wrmsr kernel/smp.c:653}
[    1.690064] CPUunderclocking:     !! Wrmsr(after write): done. {Wrmsr kernel/smp.c:692}
[    1.690204] CPUunderclocking: !! Write(3of3) PState7 done. status:0 (0=success) {WritePState kernel/smp.c:900}
[    1.690363] CPUunderclocking: Switching to another p-state temporarily so to ensure that the current one uses newly applied values {apply_underclocking_if_needed kernel/smp.c:970}
[    1.690566] CPUunderclocking:   !! Rdmsr(1of2): core:0 idx:c0010071 ... {Rdmsr kernel/smp.c:712}
[    1.690727] CPUunderclocking:     !! Rdmsr(2of2): core:0 idx:c0010071 done. (resultx==003160975a004a60 hi:00316097 lo:5a004a60) {Rdmsr kernel/smp.c:728}
[    1.690888] CPUunderclocking:   !! Rdmsr(1of2): core:1 idx:c0010071 ... {Rdmsr kernel/smp.c:712}
[    1.691076] CPUunderclocking:     !! Rdmsr(2of2): core:1 idx:c0010071 done. (resultx==003160975a004a60 hi:00316097 lo:5a004a60) {Rdmsr kernel/smp.c:728}
[    1.691208] CPUunderclocking:   !! Rdmsr(1of2): core:2 idx:c0010071 ... {Rdmsr kernel/smp.c:712}
[    1.691393] CPUunderclocking:     !! Rdmsr(2of2): core:2 idx:c0010071 done. (resultx==003160975a015440 hi:00316097 lo:5a015440) {Rdmsr kernel/smp.c:728}
[    1.691555] CPUunderclocking:     !! Rdmsr(3of2): different results for cores(this is expected to be so, depending on load) core[1] != core[2] (see above KERN_DEBUG msgs) {Rdmsr kernel/smp.c:733}
[    1.691758] CPUunderclocking:   !! Rdmsr(1of2): core:3 idx:c0010071 ... {Rdmsr kernel/smp.c:712}
[    1.691946] CPUunderclocking:     !! Rdmsr(2of2): core:3 idx:c0010071 done. (resultx==003160975a004a60 hi:00316097 lo:5a004a60) {Rdmsr kernel/smp.c:728}
[    1.692107] CPUunderclocking:     !! Rdmsr(3of2): different results for cores(this is expected to be so, depending on load) core[2] != core[3] (see above KERN_DEBUG msgs) {Rdmsr kernel/smp.c:733}
[    1.692264] CPUunderclocking: !! currentpstate:0 temppstate:7 {apply_underclocking_if_needed kernel/smp.c:978}
[    1.692424] CPUunderclocking:   !! Rdmsr(1of2): core:0 idx:c0010062 ... {Rdmsr kernel/smp.c:712}
[    1.692583] CPUunderclocking:     !! Rdmsr(2of2): core:0 idx:c0010062 done. (resultx==0000000000000000 hi:00000000 lo:00000000) {Rdmsr kernel/smp.c:728}
[    1.692745] CPUunderclocking:   !! Rdmsr(1of2): core:1 idx:c0010062 ... {Rdmsr kernel/smp.c:712}
[    1.692931] CPUunderclocking:     !! Rdmsr(2of2): core:1 idx:c0010062 done. (resultx==0000000000000000 hi:00000000 lo:00000000) {Rdmsr kernel/smp.c:728}
[    1.693092] CPUunderclocking:   !! Rdmsr(1of2): core:2 idx:c0010062 ... {Rdmsr kernel/smp.c:712}
[    1.693244] CPUunderclocking:     !! Rdmsr(2of2): core:2 idx:c0010062 done. (resultx==0000000000000000 hi:00000000 lo:00000000) {Rdmsr kernel/smp.c:728}
[    1.693406] CPUunderclocking:   !! Rdmsr(1of2): core:3 idx:c0010062 ... {Rdmsr kernel/smp.c:712}
[    1.693591] CPUunderclocking:     !! Rdmsr(2of2): core:3 idx:c0010062 done. (resultx==0000000000000000 hi:00000000 lo:00000000) {Rdmsr kernel/smp.c:728}
[    1.693753] CPUunderclocking:   !! Wrmsr(before write): core:0/64 idx:c0010062 valx:0000000000000006 ...  {Wrmsr kernel/smp.c:653}
[    1.693919] CPUunderclocking:     !! Wrmsr(after write): done. {Wrmsr kernel/smp.c:692}
[    1.694092] CPUunderclocking:   !! Wrmsr(before write): core:1/64 idx:c0010062 valx:0000000000000006 ...  {Wrmsr kernel/smp.c:653}
[    1.694247] CPUunderclocking:     !! Wrmsr(after write): done. {Wrmsr kernel/smp.c:692}
[    1.694420] CPUunderclocking:   !! Wrmsr(before write): core:2/64 idx:c0010062 valx:0000000000000006 ...  {Wrmsr kernel/smp.c:653}
[    1.694609] CPUunderclocking:     !! Wrmsr(after write): done. {Wrmsr kernel/smp.c:692}
[    1.694783] CPUunderclocking:   !! Wrmsr(before write): core:3/64 idx:c0010062 valx:0000000000000006 ...  {Wrmsr kernel/smp.c:653}
[    1.694985] CPUunderclocking:     !! Wrmsr(after write): done. {Wrmsr kernel/smp.c:692}
[    1.695157] CPUunderclocking:   !! Rdmsr(1of2): core:0 idx:c0010063 ... {Rdmsr kernel/smp.c:712}
[    1.695286] CPUunderclocking:     !! Rdmsr(2of2): core:0 idx:c0010063 done. (resultx==0000000000000006 hi:00000000 lo:00000006) {Rdmsr kernel/smp.c:728}
[    1.695463] CPUunderclocking:   !! Rdmsr(1of2): core:1 idx:c0010063 ... {Rdmsr kernel/smp.c:712}
[    1.695676] CPUunderclocking:     !! Rdmsr(2of2): core:1 idx:c0010063 done. (resultx==0000000000000006 hi:00000000 lo:00000006) {Rdmsr kernel/smp.c:728}
[    1.695901] CPUunderclocking:   !! Rdmsr(1of2): core:2 idx:c0010063 ... {Rdmsr kernel/smp.c:712}
[    1.696113] CPUunderclocking:     !! Rdmsr(2of2): core:2 idx:c0010063 done. (resultx==0000000000000006 hi:00000000 lo:00000006) {Rdmsr kernel/smp.c:728}
[    1.696294] CPUunderclocking:   !! Rdmsr(1of2): core:3 idx:c0010063 ... {Rdmsr kernel/smp.c:712}
[    1.696506] CPUunderclocking:     !! Rdmsr(2of2): core:3 idx:c0010063 done. (resultx==0000000000000006 hi:00000000 lo:00000006) {Rdmsr kernel/smp.c:728}
[    1.696731] CPUunderclocking: Waiting for PState to settle at wanted. Current: i(16bits)=6 j(64bits)=6 wantedpstate=6 tries left:9 {SetCurrentPState kernel/smp.c:942}
[    1.696952] CPUunderclocking:   !! Rdmsr(1of2): core:0 idx:c0010071 ... {Rdmsr kernel/smp.c:712}
[    1.697126] CPUunderclocking:     !! Rdmsr(2of2): core:0 idx:c0010071 done. (resultx==003160975a078602 hi:00316097 lo:5a078602) {Rdmsr kernel/smp.c:728}
[    1.697262] CPUunderclocking:   !! Rdmsr(1of2): core:1 idx:c0010071 ... {Rdmsr kernel/smp.c:712}
[    1.697472] CPUunderclocking:     !! Rdmsr(2of2): core:1 idx:c0010071 done. (resultx==003160975a078602 hi:00316097 lo:5a078602) {Rdmsr kernel/smp.c:728}
[    1.697695] CPUunderclocking:   !! Rdmsr(1of2): core:2 idx:c0010071 ... {Rdmsr kernel/smp.c:712}
[    1.697906] CPUunderclocking:     !! Rdmsr(2of2): core:2 idx:c0010071 done. (resultx==003160975a078602 hi:00316097 lo:5a078602) {Rdmsr kernel/smp.c:728}
[    1.698129] CPUunderclocking:   !! Rdmsr(1of2): core:3 idx:c0010071 ... {Rdmsr kernel/smp.c:712}
[    1.698295] CPUunderclocking:     !! Rdmsr(2of2): core:3 idx:c0010071 done. (resultx==003160975a078602 hi:00316097 lo:5a078602) {Rdmsr kernel/smp.c:728}
[    1.698518] CPUunderclocking: !! currentpstate:7 {apply_underclocking_if_needed kernel/smp.c:980}
[    1.698690] CPUunderclocking:   !! Rdmsr(1of2): core:0 idx:c0010062 ... {Rdmsr kernel/smp.c:712}
[    1.698862] CPUunderclocking:     !! Rdmsr(2of2): core:0 idx:c0010062 done. (resultx==0000000000000006 hi:00000000 lo:00000006) {Rdmsr kernel/smp.c:728}
[    1.699036] CPUunderclocking:   !! Rdmsr(1of2): core:1 idx:c0010062 ... {Rdmsr kernel/smp.c:712}
[    1.699246] CPUunderclocking:     !! Rdmsr(2of2): core:1 idx:c0010062 done. (resultx==0000000000000006 hi:00000000 lo:00000006) {Rdmsr kernel/smp.c:728}
[    1.699422] CPUunderclocking:   !! Rdmsr(1of2): core:2 idx:c0010062 ... {Rdmsr kernel/smp.c:712}
[    1.699631] CPUunderclocking:     !! Rdmsr(2of2): core:2 idx:c0010062 done. (resultx==0000000000000006 hi:00000000 lo:00000006) {Rdmsr kernel/smp.c:728}
[    1.699853] CPUunderclocking:   !! Rdmsr(1of2): core:3 idx:c0010062 ... {Rdmsr kernel/smp.c:712}
[    1.700062] CPUunderclocking:     !! Rdmsr(2of2): core:3 idx:c0010062 done. (resultx==0000000000000006 hi:00000000 lo:00000006) {Rdmsr kernel/smp.c:728}
[    1.700241] CPUunderclocking:   !! Wrmsr(before write): core:0/64 idx:c0010062 valx:0000000000000000 ...  {Wrmsr kernel/smp.c:653}
[    1.700415] CPUunderclocking:     !! Wrmsr(after write): done. {Wrmsr kernel/smp.c:692}
[    1.700584] CPUunderclocking:   !! Wrmsr(before write): core:1/64 idx:c0010062 valx:0000000000000000 ...  {Wrmsr kernel/smp.c:653}
[    1.700779] CPUunderclocking:     !! Wrmsr(after write): done. {Wrmsr kernel/smp.c:692}
[    1.700981] CPUunderclocking:   !! Wrmsr(before write): core:2/64 idx:c0010062 valx:0000000000000000 ...  {Wrmsr kernel/smp.c:653}
[    1.701177] CPUunderclocking:     !! Wrmsr(after write): done. {Wrmsr kernel/smp.c:692}
[    1.701367] CPUunderclocking:   !! Wrmsr(before write): core:3/64 idx:c0010062 valx:0000000000000000 ...  {Wrmsr kernel/smp.c:653}
[    1.701562] CPUunderclocking:     !! Wrmsr(after write): done. {Wrmsr kernel/smp.c:692}
[    1.703681] CPUunderclocking:   !! Rdmsr(1of2): core:0 idx:c0010063 ... {Rdmsr kernel/smp.c:712}
[    1.703841] CPUunderclocking:     !! Rdmsr(2of2): core:0 idx:c0010063 done. (resultx==0000000000000000 hi:00000000 lo:00000000) {Rdmsr kernel/smp.c:728}
[    1.704004] CPUunderclocking:   !! Rdmsr(1of2): core:1 idx:c0010063 ... {Rdmsr kernel/smp.c:712}
[    1.704191] CPUunderclocking:     !! Rdmsr(2of2): core:1 idx:c0010063 done. (resultx==0000000000000000 hi:00000000 lo:00000000) {Rdmsr kernel/smp.c:728}
[    1.704341] CPUunderclocking:   !! Rdmsr(1of2): core:2 idx:c0010063 ... {Rdmsr kernel/smp.c:712}
[    1.704528] CPUunderclocking:     !! Rdmsr(2of2): core:2 idx:c0010063 done. (resultx==0000000000000000 hi:00000000 lo:00000000) {Rdmsr kernel/smp.c:728}
[    1.704689] CPUunderclocking:   !! Rdmsr(1of2): core:3 idx:c0010063 ... {Rdmsr kernel/smp.c:712}
[    1.704875] CPUunderclocking:     !! Rdmsr(2of2): core:3 idx:c0010063 done. (resultx==0000000000000000 hi:00000000 lo:00000000) {Rdmsr kernel/smp.c:728}
[    1.705037] CPUunderclocking: Waiting for PState to settle at wanted. Current: i(16bits)=0 j(64bits)=0 wantedpstate=0 tries left:9 {SetCurrentPState kernel/smp.c:942}
[    1.705208] CPUunderclocking:   !! Rdmsr(1of2): core:0 idx:c0010071 ... {Rdmsr kernel/smp.c:712}
[    1.705367] CPUunderclocking:     !! Rdmsr(2of2): core:0 idx:c0010071 done. (resultx==003160975a004a60 hi:00316097 lo:5a004a60) {Rdmsr kernel/smp.c:728}
[    1.705527] CPUunderclocking:   !! Rdmsr(1of2): core:1 idx:c0010071 ... {Rdmsr kernel/smp.c:712}
[    1.705714] CPUunderclocking:     !! Rdmsr(2of2): core:1 idx:c0010071 done. (resultx==003160975a004a60 hi:00316097 lo:5a004a60) {Rdmsr kernel/smp.c:728}
[    1.705875] CPUunderclocking:   !! Rdmsr(1of2): core:2 idx:c0010071 ... {Rdmsr kernel/smp.c:712}
[    1.706059] CPUunderclocking:     !! Rdmsr(2of2): core:2 idx:c0010071 done. (resultx==003160975a015440 hi:00316097 lo:5a015440) {Rdmsr kernel/smp.c:728}
[    1.706209] CPUunderclocking:     !! Rdmsr(3of2): different results for cores(this is expected to be so, depending on load) core[1] != core[2] (see above KERN_DEBUG msgs) {Rdmsr kernel/smp.c:733}
[    1.706411] CPUunderclocking:   !! Rdmsr(1of2): core:3 idx:c0010071 ... {Rdmsr kernel/smp.c:712}
[    1.706597] CPUunderclocking:     !! Rdmsr(2of2): core:3 idx:c0010071 done. (resultx==003160975a004a60 hi:00316097 lo:5a004a60) {Rdmsr kernel/smp.c:728}
[    1.706758] CPUunderclocking:     !! Rdmsr(3of2): different results for cores(this is expected to be so, depending on load) core[2] != core[3] (see above KERN_DEBUG msgs) {Rdmsr kernel/smp.c:733}
[    1.706960] CPUunderclocking: !! currentpstate:0 {apply_underclocking_if_needed kernel/smp.c:982}
[    1.707117] CPUunderclocking: done. {apply_underclocking_if_needed kernel/smp.c:985}
[    1.707238] smpboot: Boot done
[    1.707359] ----------------
[    1.707428] | NMI testsuite:
[    1.707547] --------------------
[    1.707666]   remote IPI:  ok  |
[    0.636917]    local IPI:  ok  |
[    0.656701] --------------------
[    0.656891] Good, all   2 testcases passed! |
[    0.657016] ---------------------------------
[    0.657142] smpboot: Before bogomips
[    0.657268] smpboot: Total of 4 processors activated (11184.80 BogoMIPS)
[    0.657395] smpboot: Before bogocount - setting activated=1
[    0.658312] devtmpfs: initialized
[    0.658312] device: 'platform': device_add
[    0.660265] bus: 'platform': registered
[    0.660564] bus: 'cpu': registered
[    0.660732] device: 'cpu': device_add
[    0.661207] bus: 'container': registered
[    0.661389] device: 'container': device_add
[    0.663917] bus: 'workqueue': registered
[    0.664112] device: 'workqueue': device_add
[    0.663789] kworker/u8:0 (30) used greatest stack depth: 14272 bytes left
[    0.664625] clocksource: jiffies: mask: 0xffffffff max_cycles: 0xffffffff, max_idle_ns: 6370867519511994 ns
[    0.664943] atomic64_test: passed for x86-64 platform with CX8 and with SSE
[    0.664943] device class 'regulator': registering
[    0.664943] Registering platform device 'reg-dummy'. Parent at platform
[    0.664943] device: 'reg-dummy': device_add
[    0.664943] bus: 'platform': add device reg-dummy
[    0.664943] bus: 'platform': add driver reg-dummy
[    0.666708] bus: 'platform': driver_probe_device: matched device reg-dummy with driver reg-dummy
[    0.666884] bus: 'platform': really_probe: probing driver reg-dummy with device reg-dummy
[    0.667089] devices_kset: Moving reg-dummy to end of list
[    0.667287] device: 'regulator.0': device_add
[    0.667905] regulator-dummy: no parameters
[    0.668145] driver: 'reg-dummy': driver_bound: bound to device 'reg-dummy'
[    0.668318] bus: 'platform': really_probe: bound device reg-dummy to driver reg-dummy
[    0.669205] NET: Registered protocol family 16
[    0.669676] device class 'bdi': registering
[    0.669919] bus: 'platform': add driver ramoops
[    0.670144] device class 'pci_bus': registering
[    0.670552] bus: 'pci': registered
[    0.670643] device class 'backlight': registering
[    0.670842] device class 'tty': registering
[    0.671076] device class 'vtconsole': registering
[    0.671318] device: 'vtcon0': device_add
[    0.671956] bus: 'node': registered
[    0.672142] device: 'node': device_add
[    0.672656] bus: 'i2c': registered
[    0.672870] bus: 'i2c': add driver dummy
[    0.673137] i2c-core: driver [dummy] registered
[    0.690036] cpuidle: using governor ladder
[    0.703371] cpuidle: using governor menu
[    0.704184] ACPI FADT declares the system doesn't support PCIe ASPM, so disable it
[    0.704398] ACPI: bus type PCI registered
[    0.704524] acpiphp: ACPI Hot Plug PCI Controller Driver version: 0.5
[    0.704644] device class 'dmi': registering
[    0.704850] device: 'id': device_add
[    0.705674] PCI: MMCONFIG for domain 0000 [bus 00-3f] at [mem 0xf8000000-0xfbffffff] (base 0xf8000000)
[    0.705847] PCI: not using MMCONFIG
[    0.705976] PCI: Using configuration type 1 for base access
[    0.706101] PCI: Using configuration type 1 for extended access
[    0.706538] device: 'node0': device_add
[    0.706800] bus: 'node': add device node0
[    0.707142] device: 'cpu0': device_add
[    0.707354] bus: 'cpu': add device cpu0
[    0.707749] device: 'cpu1': device_add
[    0.707976] bus: 'cpu': add device cpu1
[    0.708364] device: 'cpu2': device_add
[    0.708592] bus: 'cpu': add device cpu2
[    0.708919] device: 'cpu3': device_add
[    0.709144] bus: 'cpu': add device cpu3
[    0.711364] kworker/u8:0 (71) used greatest stack depth: 13976 bytes left
[    0.760129] device: 'writeback': device_add
[    0.760289] bus: 'workqueue': add device writeback
[    0.760959] device class 'block': registering
[    0.760959] device class 'graphics': registering
[    0.763353] ACPI: Added _OSI(Module Device)
[    0.763525] ACPI: Added _OSI(Processor Device)
[    0.763650] ACPI: Added _OSI(3.0 _SCP Extensions)
[    0.763760] ACPI: Added _OSI(Processor Aggregator Device)
[    0.875075] [Firmware Bug]: ACPI: BIOS _OSI(Linux) query ignored
[    0.884565] ACPI : EC: +++++ EC started +++++
[    0.910181] ACPI: Interpreter enabled
[    0.910393] ACPI: (supports S0 S5)
[    0.910474] ACPI: Using IOAPIC for interrupt routing
[    0.916580] bus: 'acpi': registered
[    0.916680] PCI: MMCONFIG for domain 0000 [bus 00-3f] at [mem 0xf8000000-0xfbffffff] (base 0xf8000000)
[    0.925965] PCI: MMCONFIG at [mem 0xf8000000-0xfbffffff] reserved in ACPI motherboard resources
[    0.926209] PCI: Using host bridge windows from ACPI; if necessary, use "pci=nocrs" and report a bug
[    0.926669] device: 'LNXSYSTM:00': device_add
[    0.926815] bus: 'acpi': add device LNXSYSTM:00
[    0.927592] device: 'LNXCPU:00': device_add
[    0.927803] bus: 'acpi': add device LNXCPU:00
[    0.928591] device: 'LNXCPU:01': device_add
[    0.928802] bus: 'acpi': add device LNXCPU:01
[    0.929594] device: 'LNXCPU:02': device_add
[    0.929801] bus: 'acpi': add device LNXCPU:02
[    0.930597] device: 'LNXCPU:03': device_add
[    0.930804] bus: 'acpi': add device LNXCPU:03
[    0.932189] device: 'LNXSYBUS:00': device_add
[    0.932422] bus: 'acpi': add device LNXSYBUS:00
[    0.933814] device: 'PNP0C0C:00': device_add
[    0.934039] bus: 'acpi': add device PNP0C0C:00
[    0.935470] device: 'PNP0A08:00': device_add
[    0.935693] bus: 'acpi': add device PNP0A08:00
[    0.937089] device: 'PNP0C02:00': device_add
[    0.937315] bus: 'acpi': add device PNP0C02:00
[    0.939033] device: 'device:00': device_add
[    0.939266] bus: 'acpi': add device device:00
[    0.940711] device: 'device:01': device_add
[    0.940894] bus: 'acpi': add device device:01
[    0.942251] device: 'device:02': device_add
[    0.942479] bus: 'acpi': add device device:02
[    0.944087] device: 'device:03': device_add
[    0.944314] bus: 'acpi': add device device:03
[    0.945742] device: 'LNXVIDEO:00': device_add
[    0.945924] bus: 'acpi': add device LNXVIDEO:00
[    0.947524] device: 'device:04': device_add
[    0.947746] bus: 'acpi': add device device:04
[    0.949192] device: 'device:05': device_add
[    0.949418] bus: 'acpi': add device device:05
[    0.950771] device: 'device:06': device_add
[    0.950951] bus: 'acpi': add device device:06
[    0.952482] device: 'device:07': device_add
[    0.952705] bus: 'acpi': add device device:07
[    0.954039] device: 'device:08': device_add
[    0.956192] bus: 'acpi': add device device:08
[    0.957776] device: 'device:09': device_add
[    0.958001] bus: 'acpi': add device device:09
[    0.959328] device: 'device:0a': device_add
[    0.959552] bus: 'acpi': add device device:0a
[    0.961156] device: 'device:0b': device_add
[    0.961377] bus: 'acpi': add device device:0b
[    0.962820] device: 'device:0c': device_add
[    0.963049] bus: 'acpi': add device device:0c
[    0.964667] device: 'device:0d': device_add
[    0.964815] bus: 'acpi': add device device:0d
[    0.966243] device: 'device:0e': device_add
[    0.966473] bus: 'acpi': add device device:0e
[    0.968081] device: 'device:0f': device_add
[    0.968311] bus: 'acpi': add device device:0f
[    0.969735] device: 'device:10': device_add
[    0.969915] bus: 'acpi': add device device:10
[    0.971433] device: 'device:11': device_add
[    0.971659] bus: 'acpi': add device device:11
[    0.973016] device: 'device:12': device_add
[    0.973335] bus: 'acpi': add device device:12
[    0.974676] device: 'device:13': device_add
[    0.974822] bus: 'acpi': add device device:13
[    0.976186] device: 'device:14': device_add
[    0.976406] bus: 'acpi': add device device:14
[    0.977996] device: 'device:15': device_add
[    0.978220] bus: 'acpi': add device device:15
[    0.979635] device: 'device:16': device_add
[    0.979819] bus: 'acpi': add device device:16
[    0.981154] device: 'device:17': device_add
[    0.981380] bus: 'acpi': add device device:17
[    0.982712] device: 'device:18': device_add
[    0.982888] bus: 'acpi': add device device:18
[    0.984499] device: 'device:19': device_add
[    0.984722] bus: 'acpi': add device device:19
[    0.986111] device: 'device:1a': device_add
[    0.986342] bus: 'acpi': add device device:1a
[    0.987680] device: 'device:1b': device_add
[    0.987818] bus: 'acpi': add device device:1b
[    0.989430] device: 'device:1c': device_add
[    0.989649] bus: 'acpi': add device device:1c
[    0.990913] device: 'device:1d': device_add
[    0.991140] bus: 'acpi': add device device:1d
[    0.992481] device: 'device:1e': device_add
[    0.992707] bus: 'acpi': add device device:1e
[    0.994275] device: 'device:1f': device_add
[    0.994502] bus: 'acpi': add device device:1f
[    0.995912] device: 'device:20': device_add
[    0.996141] bus: 'acpi': add device device:20
[    0.997749] device: 'device:21': device_add
[    0.997928] bus: 'acpi': add device device:21
[    0.999245] device: 'device:22': device_add
[    0.999478] bus: 'acpi': add device device:22
[    1.001093] device: 'device:23': device_add
[    1.001312] bus: 'acpi': add device device:23
[    1.003003] device: 'device:24': device_add
[    1.003229] bus: 'acpi': add device device:24
[    1.005025] device: 'device:25': device_add
[    1.005254] bus: 'acpi': add device device:25
[    1.006752] device: 'device:26': device_add
[    1.006939] bus: 'acpi': add device device:26
[    1.008560] device: 'device:27': device_add
[    1.008774] bus: 'acpi': add device device:27
[    1.013196] device: 'device:28': device_add
[    1.013389] bus: 'acpi': add device device:28
[    1.017801] device: 'device:29': device_add
[    1.018024] bus: 'acpi': add device device:29
[    1.019538] device: 'device:2a': device_add
[    1.019752] bus: 'acpi': add device device:2a
[    1.024108] device: 'device:2b': device_add
[    1.024333] bus: 'acpi': add device device:2b
[    1.028715] device: 'device:2c': device_add
[    1.028895] bus: 'acpi': add device device:2c
[    1.031097] device: 'device:2d': device_add
[    1.031317] bus: 'acpi': add device device:2d
[    1.032670] device: 'device:2e': device_add
