[    0.037642] mce: CPU supports 6 MCE banks
[    0.155678] MCE: In-kernel MCE decoding enabled.
[    1.683515] device: 'mcelog': device_add
[    0.000000] Initializing cgroup subsys cpuset
[    0.000000] Initializing cgroup subsys cpu
[    0.000000] Initializing cgroup subsys cpuacct
[    0.000000] Linux version 3.15.4-1-MANJARO (emacs@manji) (gcc version 4.9.0 20140604 (prerelease) (GCC) ) #14 SMP PREEMPT Sat Jul 12 03:05:29 CEST 2014
[    0.000000] Command line: BOOT_IMAGE=/vmlinuz-315-x86_64 root=UUID=bfa4ab6e-19a3-4601-ba2b-267c55841c73 rw cryptdevice=/dev/disk/by-uuid/70c08890-417a-497d-b6ab-c0d0357a63e2:cryptManjaro:allow-discards ipv6.disable=1 pnp.debug=1 loglevel=9 log_buf_len=10M printk.always_kmsg_dump=y printk.time=y mminit_loglevel=0 memory_corruption_check=1 fbcon=scrollback:4096k fbcon=font:ProFont6x11 acpi.debug_layer=0xfbff0000 acpi.debug_level=0xFFFFFFFD pnp.debug=1 radeon.dpm=1 radeonfb
[    0.000000] e820: BIOS-provided physical RAM map:
[    0.000000] BIOS-e820: [mem 0x0000000000000000-0x000000000009d7ff] usable
[    0.000000] BIOS-e820: [mem 0x000000000009d800-0x000000000009ffff] reserved
[    0.000000] BIOS-e820: [mem 0x00000000000e0000-0x00000000000fffff] reserved
[    0.000000] BIOS-e820: [mem 0x0000000000100000-0x00000000bed9afff] usable
[    0.000000] BIOS-e820: [mem 0x00000000bed9b000-0x00000000bf39afff] reserved
[    0.000000] BIOS-e820: [mem 0x00000000bf39b000-0x00000000bf49afff] ACPI NVS
[    0.000000] BIOS-e820: [mem 0x00000000bf49b000-0x00000000bf51afff] ACPI data
[    0.000000] BIOS-e820: [mem 0x00000000bf51b000-0x00000000bfdfffff] usable
[    0.000000] BIOS-e820: [mem 0x00000000bfe00000-0x00000000bfffffff] reserved
[    0.000000] BIOS-e820: [mem 0x00000000fec00000-0x00000000fecfffff] reserved
[    0.000000] BIOS-e820: [mem 0x00000000fed80000-0x00000000fed80fff] reserved
[    0.000000] BIOS-e820: [mem 0x00000000ffe00000-0x00000000ffffffff] reserved
[    0.000000] BIOS-e820: [mem 0x0000000100000000-0x000000041effffff] usable
[    0.000000] NX (Execute Disable) protection: active
[    0.000000] SMBIOS 2.6 present.
[    0.000000] DMI: LENOVO Sabine/Torpedo, BIOS 54CN18WW 07/20/2011
[    0.000000] e820: update [mem 0x00000000-0x00000fff] usable ==> reserved
[    0.000000] e820: remove [mem 0x000a0000-0x000fffff] usable
[    0.000000] e820: last_pfn = 0x41f000 max_arch_pfn = 0x400000000
[    0.000000] MTRR default type: uncachable
[    0.000000] MTRR fixed ranges enabled:
[    0.000000]   00000-9FFFF write-back
[    0.000000]   A0000-BFFFF uncachable
[    0.000000]   C0000-FFFFF write-protect
[    0.000000] MTRR variable ranges enabled:
[    0.000000]   0 base 0000000000 mask FF80000000 write-back
[    0.000000]   1 base 0080000000 mask FFC0000000 write-back
[    0.000000]   2 base 00FFF90000 mask FFFFFF0000 uncachable
[    0.000000]   3 base 00FED80000 mask 0FFFFFF000 uncachable
[    0.000000]   4 disabled
[    0.000000]   5 disabled
[    0.000000]   6 disabled
[    0.000000]   7 base 00FFE00000 mask FFFFE00000 write-protect
[    0.000000] TOM2: 000000041f000000 aka 16880M
[    0.000000] x86 PAT enabled: cpu 0, old 0x7040600070406, new 0x7010600070106
[    0.000000] mtrr: your BIOS has configured an incorrect mask, fixing it.
[    0.000000] e820: last_pfn = 0xbfe00 max_arch_pfn = 0x400000000
[    0.000000] found SMP MP-table at [mem 0x000fa8b0-0x000fa8bf] mapped at [ffff8800000fa8b0]
[    0.000000] Scanning 1 areas for low memory corruption
[    0.000000] Base memory trampoline at [ffff880000097000] 97000 size 24576
[    0.000000] Using GB pages for direct mapping
[    0.000000] init_memory_mapping: [mem 0x00000000-0x000fffff]
[    0.000000]  [mem 0x00000000-0x000fffff] page 4k
[    0.000000] BRK [0x3c065000, 0x3c065fff] PGTABLE
[    0.000000] BRK [0x3c066000, 0x3c066fff] PGTABLE
[    0.000000] BRK [0x3c067000, 0x3c067fff] PGTABLE
[    0.000000] init_memory_mapping: [mem 0x41ee00000-0x41effffff]
[    0.000000]  [mem 0x41ee00000-0x41effffff] page 2M
[    0.000000] BRK [0x3c068000, 0x3c068fff] PGTABLE
[    0.000000] init_memory_mapping: [mem 0x41c000000-0x41edfffff]
[    0.000000]  [mem 0x41c000000-0x41edfffff] page 2M
[    0.000000] init_memory_mapping: [mem 0x400000000-0x41bffffff]
[    0.000000]  [mem 0x400000000-0x41bffffff] page 2M
[    0.000000] init_memory_mapping: [mem 0x00100000-0xbed9afff]
[    0.000000]  [mem 0x00100000-0x001fffff] page 4k
[    0.000000]  [mem 0x00200000-0x3fffffff] page 2M
[    0.000000]  [mem 0x40000000-0x7fffffff] page 1G
[    0.000000]  [mem 0x80000000-0xbebfffff] page 2M
[    0.000000]  [mem 0xbec00000-0xbed9afff] page 4k
[    0.000000] init_memory_mapping: [mem 0xbf51b000-0xbfdfffff]
[    0.000000]  [mem 0xbf51b000-0xbf5fffff] page 4k
[    0.000000]  [mem 0xbf600000-0xbfdfffff] page 2M
[    0.000000] BRK [0x3c069000, 0x3c069fff] PGTABLE
[    0.000000] init_memory_mapping: [mem 0x100000000-0x3ffffffff]
[    0.000000]  [mem 0x100000000-0x3ffffffff] page 1G
[    0.000000] log_buf_len: 16777216
[    0.000000] early log buf free: 2092300(99%)
[    0.000000] RAMDISK: [mem 0x37880000-0x37c37fff]
[    0.000000] ACPI: RSDP 0x00000000000F0110 000024 (v02 LENOVO)
[    0.000000] ACPI: XSDT 0x00000000BF51A120 000074 (v01 LENOVO CB-01    00000001 LENO 00000001)
[    0.000000] ACPI: FACP 0x00000000BF508000 0000F4 (v04 LENOVO CB-01    00000001 PTL  00000001)
[    0.000000] ACPI: DSDT 0x00000000BF50A000 00FD10 (v01 LENOVO CB-01    00001000 LENO 00000001)
[    0.000000] ACPI: FACS 0x00000000BF478000 000040
[    0.000000] ACPI: HPET 0x00000000BF507000 000038 (v01 LENOVO CB-01    00000001 PTL  00000001)
[    0.000000] ACPI: APIC 0x00000000BF506000 00007A (v02 LENOVO CB-01    00000001 PTL  00000001)
[    0.000000] ACPI: MCFG 0x00000000BF505000 00003C (v01 LENOVO CB-01    00000001 PTL  00000001)
[    0.000000] ACPI: SLIC 0x00000000BF504000 000176 (v01 LENOVO CB-01    00000001 LENO 00000001)
[    0.000000] ACPI: UEFI 0x00000000BF503000 00003E (v01 LENOVO CB-01    00000001 PTL  00000001)
[    0.000000] ACPI: UEFI 0x00000000BF502000 000042 (v01 PTL    COMBUF   00000001 PTL  00000001)
[    0.000000] ACPI: SSDT 0x00000000BF501000 000E34 (v01 AMD    POWERNOW 00000001 AMD  00000001)
[    0.000000] ACPI: SSDT 0x00000000BF4FF000 00193D (v02 AMD    ALIB     00000001 MSFT 04000000)
[    0.000000] ACPI: UEFI 0x00000000BF4FE000 00021A (v01 LENOVO CB-01    00000001 PTL  00000001)
[    0.000000] ACPI: Local APIC address 0xfee00000
[    0.000000] No NUMA configuration found
[    0.000000] Faking a node at [mem 0x0000000000000000-0x000000041effffff]
[    0.000000] Initmem setup node 0 [mem 0x00000000-0x41effffff]
[    0.000000]   NODE_DATA [mem 0x41dffa000-0x41dffdfff]
[    0.000000]  [ffffea0000000000-ffffea00107fffff] PMD -> [ffff88040de00000-ffff88041d5fffff] on node 0
[    0.000000] Zone ranges:
[    0.000000]   DMA      [mem 0x00001000-0x00ffffff]
[    0.000000]   DMA32    [mem 0x01000000-0xffffffff]
[    0.000000]   Normal   [mem 0x100000000-0x41effffff]
[    0.000000] Movable zone start for each node
[    0.000000] Early memory node ranges
[    0.000000]   node   0: [mem 0x00001000-0x0009cfff]
[    0.000000]   node   0: [mem 0x00100000-0xbed9afff]
[    0.000000]   node   0: [mem 0xbf51b000-0xbfdfffff]
[    0.000000]   node   0: [mem 0x100000000-0x41effffff]
[    0.000000] On node 0 totalpages: 4056604
[    0.000000]   DMA zone: 64 pages used for memmap
[    0.000000]   DMA zone: 21 pages reserved
[    0.000000]   DMA zone: 3996 pages, LIFO batch:0
[    0.000000]   DMA32 zone: 12186 pages used for memmap
[    0.000000]   DMA32 zone: 779904 pages, LIFO batch:31
[    0.000000]   Normal zone: 51136 pages used for memmap
[    0.000000]   Normal zone: 3272704 pages, LIFO batch:31
[    0.000000] ACPI: PM-Timer IO Port: 0x808
[    0.000000] ACPI: Local APIC address 0xfee00000
[    0.000000] ACPI: LAPIC (acpi_id[0x00] lapic_id[0x00] enabled)
[    0.000000] ACPI: LAPIC (acpi_id[0x01] lapic_id[0x01] enabled)
[    0.000000] ACPI: LAPIC (acpi_id[0x02] lapic_id[0x02] enabled)
[    0.000000] ACPI: LAPIC (acpi_id[0x03] lapic_id[0x03] enabled)
[    0.000000] ACPI: LAPIC_NMI (acpi_id[0x00] high edge lint[0x1])
[    0.000000] ACPI: LAPIC_NMI (acpi_id[0x01] high edge lint[0x1])
[    0.000000] ACPI: LAPIC_NMI (acpi_id[0x02] high edge lint[0x1])
[    0.000000] ACPI: LAPIC_NMI (acpi_id[0x03] high edge lint[0x1])
[    0.000000] ACPI: IOAPIC (id[0x02] address[0xfec00000] gsi_base[0])
[    0.000000] IOAPIC[0]: apic_id 2, version 33, address 0xfec00000, GSI 0-23
[    0.000000] ACPI: INT_SRC_OVR (bus 0 bus_irq 0 global_irq 2 dfl dfl)
[    0.000000] ACPI: IRQ0 used by override.
[    0.000000] ACPI: IRQ2 used by override.
[    0.000000] ACPI: IRQ9 used by override.
[    0.000000] Using ACPI (MADT) for SMP configuration information
[    0.000000] ACPI: HPET id: 0x43538210 base: 0xfed00000
[    0.000000] smpboot: Allowing 4 CPUs, 0 hotplug CPUs
[    0.000000] nr_irqs_gsi: 40
[    0.000000] e820: [mem 0xc0000000-0xfebfffff] available for PCI devices
[    0.000000] setup_percpu: NR_CPUS:64 nr_cpumask_bits:64 nr_cpu_ids:4 nr_node_ids:1
[    0.000000] PERCPU: Embedded 27 pages/cpu @ffff88041dc00000 s80896 r8192 d21504 u524288
[    0.000000] pcpu-alloc: s80896 r8192 d21504 u524288 alloc=1*2097152
[    0.000000] pcpu-alloc: [0] 0 1 2 3 
[    0.000000] Built 1 zonelists in Zone order, mobility grouping on.  Total pages: 3993197
[    0.000000] Policy zone: Normal
[    0.000000] Kernel command line: BOOT_IMAGE=/vmlinuz-315-x86_64 root=UUID=bfa4ab6e-19a3-4601-ba2b-267c55841c73 rw cryptdevice=/dev/disk/by-uuid/70c08890-417a-497d-b6ab-c0d0357a63e2:cryptManjaro:allow-discards ipv6.disable=1 pnp.debug=1 loglevel=9 log_buf_len=10M printk.always_kmsg_dump=y printk.time=y mminit_loglevel=0 memory_corruption_check=1 fbcon=scrollback:4096k fbcon=font:ProFont6x11 acpi.debug_layer=0xfbff0000 acpi.debug_level=0xFFFFFFFD pnp.debug=1 radeon.dpm=1 radeonfb
[    0.000000] PID hash table entries: 4096 (order: 3, 32768 bytes)
[    0.000000] Memory: 15868708K/16226416K available (6806K kernel code, 824K rwdata, 2820K rodata, 904K init, 2740K bss, 357708K reserved)
[    0.000000] SLUB: HWalign=64, Order=0-3, MinObjects=0, CPUs=4, Nodes=1
[    0.000000] Preemptible hierarchical RCU implementation.
[    0.000000] 	RCU dyntick-idle grace-period acceleration is enabled.
[    0.000000] 	Additional per-CPU info printed with stalls.
[    0.000000] 	RCU restricting CPUs from NR_CPUS=64 to nr_cpu_ids=4.
[    0.000000] RCU: Adjusting geometry for rcu_fanout_leaf=16, nr_cpu_ids=4
[    0.000000] NR_IRQS:4352 nr_irqs:712 16
[    0.000000] spurious 8259A interrupt: IRQ7.
[    0.000000] Console: colour dummy device 80x25
[    0.000000] console [tty0] enabled
[    0.000000] allocated 65011712 bytes of page_cgroup
[    0.000000] please try 'cgroup_disable=memory' option if you don't want memory cgroups
[    0.000000] hpet clockevent registered
[    0.000000] tsc: Fast TSC calibration using PIT
[    0.000000] tsc: Detected 1397.458 MHz processor
[    0.000053] Calibrating delay loop (skipped), value calculated using timer frequency.. 2794.91 BogoMIPS (lpj=1397458)
[    0.000063] pid_max: default: 32768 minimum: 301
[    0.000076] ACPI: Core revision 20140214
[    0.024359] ACPI: All ACPI Tables successfully acquired
[    0.025851] Security Framework initialized
[    0.025859] Yama: becoming mindful.
[    0.027588] Dentry cache hash table entries: 2097152 (order: 12, 16777216 bytes)
[    0.034179] Inode-cache hash table entries: 1048576 (order: 11, 8388608 bytes)
[    0.037080] Mount-cache hash table entries: 32768 (order: 6, 262144 bytes)
[    0.037115] Mountpoint-cache hash table entries: 32768 (order: 6, 262144 bytes)
[    0.037574] Initializing cgroup subsys memory
[    0.037586] Initializing cgroup subsys devices
[    0.037591] Initializing cgroup subsys freezer
[    0.037595] Initializing cgroup subsys net_cls
[    0.037600] Initializing cgroup subsys blkio
[    0.037629] tseg: 00bfe00000
[    0.037634] CPU: Physical Processor ID: 0
[    0.037638] CPU: Processor Core ID: 0
[    0.037642] mce: CPU supports 6 MCE banks
[    0.037657] Last level iTLB entries: 4KB 512, 2MB 16, 4MB 8
Last level dTLB entries: 4KB 1024, 2MB 128, 4MB 64, 1GB 0
tlb_flushall_shift: 6
[    0.037871] Freeing SMP alternatives memory: 20K (ffffffffbbdb2000 - ffffffffbbdb7000)
[    0.038416] ..TIMER: vector=0x30 apic1=0 pin1=2 apic2=-1 pin2=-1
[    0.048429] smpboot: CPU0: AMD A6-3400M APU with Radeon(tm) HD Graphics (fam: 12, model: 01, stepping: 00)
[    0.149538] Performance Events: AMD PMU driver.
[    0.149547] ... version:                0
[    0.149551] ... bit width:              48
[    0.149554] ... generic registers:      4
[    0.149558] ... value mask:             0000ffffffffffff
[    0.149563] ... max period:             00007fffffffffff
[    0.149567] ... fixed-purpose events:   0
[    0.149570] ... event mask:             000000000000000f
[    0.155678] MCE: In-kernel MCE decoding enabled.
[    0.157642] NMI watchdog: enabled on all CPUs, permanently consumes one hw-PMU counter.
[    0.159681] x86: Booting SMP configuration:
[    0.159687] .... node  #0, CPUs:      #1
[    0.172867] TSC synchronization [CPU#0 -> CPU#1]:
[    0.172873] Measured 131268839 cycles TSC warp between CPUs, turning off TSC clock.
[    0.172882] tsc: Marking TSC unstable due to check_tsc_sync_source failed
[    0.072203]  #2 #3
[    0.096365] x86: Booted up 1 node, 4 CPUs
[    0.096375] ----------------
[    0.096378] | NMI testsuite:
[    0.096381] --------------------
[    0.096385]   remote IPI:  ok  |
[    0.099028]    local IPI:  ok  |
[    0.105011] --------------------
[    0.105019] Good, all   2 testcases passed! |
[    0.105025] ---------------------------------
[    0.105035] smpboot: Total of 4 processors activated (11179.66 BogoMIPS)
[    0.106142] devtmpfs: initialized
[    0.106142] device: 'platform': device_add
[    0.106142] bus: 'platform': registered
[    0.106142] bus: 'cpu': registered
[    0.106142] device: 'cpu': device_add
[    0.106142] bus: 'container': registered
[    0.106142] device: 'container': device_add
[    0.107043] evm: security.SMACK64
[    0.107048] evm: security.ima
[    0.107051] evm: security.capability
[    0.107176] bus: 'workqueue': registered
[    0.107182] device: 'workqueue': device_add
[    0.107248] kworker/u8:0 (37) used greatest stack depth: 14056 bytes left
[    0.107388] prandom: seed boundary self test passed
[    0.108633] prandom: 100 self tests passed
[    0.108643] atomic64 test passed for x86-64 platform with CX8 and with SSE
[    0.108648] device class 'regulator': registering
[    0.108682] Registering platform device 'reg-dummy'. Parent at platform
[    0.108688] device: 'reg-dummy': device_add
[    0.108694] bus: 'platform': add device reg-dummy
[    0.108721] bus: 'platform': add driver reg-dummy
[    0.108729] bus: 'platform': driver_probe_device: matched device reg-dummy with driver reg-dummy
[    0.108737] bus: 'platform': really_probe: probing driver reg-dummy with device reg-dummy
[    0.108749] device: 'regulator.0': device_add
[    0.108782] regulator-dummy: no parameters
[    0.108798] driver: 'reg-dummy': driver_bound: bound to device 'reg-dummy'
[    0.108805] bus: 'platform': really_probe: bound device reg-dummy to driver reg-dummy
[    0.108871] NET: Registered protocol family 16
[    0.109017] device class 'bdi': registering
[    0.109036] bus: 'platform': add driver ramoops
[    0.109059] device class 'pci_bus': registering
[    0.109086] bus: 'pci': registered
[    0.109094] device class 'backlight': registering
[    0.109109] device class 'tty': registering
[    0.109119] device class 'vtconsole': registering
[    0.109145] device: 'vtcon0': device_add
[    0.109185] bus: 'node': registered
[    0.109190] device: 'node': device_add
[    0.109224] bus: 'i2c': registered
[    0.109231] bus: 'i2c': add driver dummy
[    0.109246] i2c-core: driver [dummy] registered
[    0.109252] cpuidle: using governor ladder
[    0.109256] cpuidle: using governor menu
[    0.109552] ACPI FADT declares the system doesn't support PCIe ASPM, so disable it
[    0.109559] ACPI: bus type PCI registered
[    0.109564] acpiphp: ACPI Hot Plug PCI Controller Driver version: 0.5
[    0.109569] device class 'dmi': registering
[    0.109583] device: 'id': device_add
[    0.109709] PCI: MMCONFIG for domain 0000 [bus 00-3f] at [mem 0xf8000000-0xfbffffff] (base 0xf8000000)
[    0.109719] PCI: not using MMCONFIG
[    0.109723] PCI: Using configuration type 1 for base access
[    0.109727] PCI: Using configuration type 1 for extended access
[    0.109890] device: 'node0': device_add
[    0.109896] bus: 'node': add device node0
[    0.109926] device: 'cpu0': device_add
[    0.109933] bus: 'cpu': add device cpu0
[    0.109975] device: 'cpu1': device_add
[    0.109985] bus: 'cpu': add device cpu1
[    0.110035] device: 'cpu2': device_add
[    0.110043] bus: 'cpu': add device cpu2
[    0.110084] device: 'cpu3': device_add
[    0.110091] bus: 'cpu': add device cpu3
[    0.110132] mtrr: your CPUs had inconsistent variable MTRR settings
[    0.110137] mtrr: probably your BIOS does not setup all CPUs.
[    0.110141] mtrr: corrected configuration.
[    0.113322] device: 'writeback': device_add
[    0.113322] bus: 'workqueue': add device writeback
[    0.113322] device: 'default': device_add
[    0.113322] device class 'block': registering
[    0.113322] device class 'graphics': registering
[    0.113322] ACPI: Added _OSI(Module Device)
[    0.113322] ACPI: Added _OSI(Processor Device)
[    0.113322] ACPI: Added _OSI(3.0 _SCP Extensions)
[    0.113322] ACPI: Added _OSI(Processor Aggregator Device)
[    0.116605] 
**** Context Switch from TID 4294967295 to TID 137592832 ****

[    0.116617]     utils-0051 util_eval_error       : Evaluate [\_SB_.PCI0.LPC0.EC0_._GLK]: AE_NOT_FOUND
[    0.117051] Executing  Method       \_SB_.PCI0.LPC0.EC0_._REG
[    0.117746] Executing  Method       \_SB_.PCI0.LPC0.EC0_._REG
[    0.117772] Executing  Method       \_SB_.PCI0.LPC0.EC0_._REG
[    0.117853] Executing  Method       \_SB_.PCI0.LPC0.EC0_._REG
[    0.121082] Initializing Region       \_SB_.OSTY
[    0.121116] Initializing Region       \_SB_.PCI0.NBMS
[    0.121137] Initializing Region       \_SB_.PCI0.NBXP
[    0.121160] Initializing Region       \_SB_.PCI0.K8ST
[    0.121219] Initializing Region       \_SB_.PCI0.BAR1
[    0.121252] Initializing Region       \_SB_.PCI0.PB2_.XPEX
[    0.121272] Initializing Region       \_SB_.PCI0.PB2_.PCFG
[    0.121292] Initializing Region       \_SB_.PCI0.PB2_.XPCB
[    0.121313] Initializing Region       \_SB_.PCI0.PB2_.XPRI
[    0.121337] Initializing Region       \_SB_.PCI0.PB2_.VGA_.PCFG
[    0.121416] Initializing Region       \_SB_.PCI0.PB2_.HDAU.PCFG
[    0.121450] Initializing Region       \_SB_.PCI0.PB3_.XPEX
[    0.121470] Initializing Region       \_SB_.PCI0.PB3_.PCFG
[    0.121490] Initializing Region       \_SB_.PCI0.PB3_.XPCB
[    0.121511] Initializing Region       \_SB_.PCI0.PB3_.XPRI
[    0.121535] Initializing Region       \_SB_.PCI0.PB3_.VGA_.PCFG
[    0.121622] Initializing Region       \_SB_.PCI0.PB3_.HDAU.PCFG
[    0.121656] Initializing Region       \_SB_.PCI0.PB4_.XPEX
[    0.121676] Initializing Region       \_SB_.PCI0.PB4_.PCFG
[    0.121696] Initializing Region       \_SB_.PCI0.PB4_.XPCB
[    0.121717] Initializing Region       \_SB_.PCI0.PB4_.XPRI
[    0.121741] Initializing Region       \_SB_.PCI0.PB4_.XPDV.PCFG
[    0.121775] Initializing Region       \_SB_.PCI0.PB5_.XPEX
[    0.121795] Initializing Region       \_SB_.PCI0.PB5_.PCFG
[    0.121815] Initializing Region       \_SB_.PCI0.PB5_.XPCB
[    0.121836] Initializing Region       \_SB_.PCI0.PB5_.XPRI
[    0.121860] Initializing Region       \_SB_.PCI0.PB5_.XPDV.PCFG
[    0.121894] Initializing Region       \_SB_.PCI0.PB6_.XPEX
[    0.121914] Initializing Region       \_SB_.PCI0.PB6_.PCFG
[    0.121933] Initializing Region       \_SB_.PCI0.PB6_.XPCB
[    0.121955] Initializing Region       \_SB_.PCI0.PB6_.XPRI
[    0.121979] Initializing Region       \_SB_.PCI0.PB6_.XPDV.PCFG
[    0.122018] Initializing Region       \_SB_.PCI0.PB7_.XPEX
[    0.122038] Initializing Region       \_SB_.PCI0.PB7_.PCFG
[    0.122058] Initializing Region       \_SB_.PCI0.PB7_.XPCB
[    0.122080] Initializing Region       \_SB_.PCI0.PB7_.XPRI
[    0.122104] Initializing Region       \_SB_.PCI0.PB7_.XPDV.PCFG
[    0.122394] Initializing Region       \_SB_.PCI0.SATC
[    0.122415] Initializing Region       \_SB_.PCI0.RMEM
[    0.122517] Initializing Region       \_SB_.PCI0.SATA.SATX
[    0.122544] Initializing Region       \_SB_.PCI0.SATA.BAR5
[    0.127255] Initializing Region       \_SB_.PCI0.SMB_.SBRV
[    0.127290] Initializing Region       \_SB_.PCI0.SMB_.PMIO
[    0.127312] Initializing Region       \_SB_.PCI0.SMB_.ERMM
[    0.127514] Initializing Region       \_SB_.PCI0.SMB_.P1E0
[    0.127595] Initializing Region       \_SB_.PCI0.SMB_.ABIO
[    0.127617] Initializing Region       \_SB_.PCI0.SMB_.SMB0
[    0.127642] Initializing Region       \_SB_.PCI0.LPC0.PIRQ
[    0.127716] Initializing Region       \_SB_.PCI0.LPC0.LPCR
[    0.127811] Initializing Region       \_SB_.PCI0.LPC0.LPCS
[    0.127842] Initializing Region       \_SB_.PCI0.LPC0.SMI0
[    0.127861] Initializing Region       \_SB_.PCI0.LPC0.SMI1
[    0.127889] Initializing Region       \_SB_.PCI0.LPC0.EC0_.ECO1
[    0.128035] Initializing Region       \_SB_.PCI0.LPC0.EC0_.ECO2
[    0.128054] Initializing Region       \_SB_.PCI0.LPC0.EC0_.ECMB
[    0.128073] Initializing Region       \_SB_.PCI0.LPC0.EC0_.RAM_
[    0.128205] Initializing Region       \_SB_.PCI0.LPC0.EC0_.CMOS
[    0.128250] Initializing Region       \_SB_.PCI0.LPC0.EC0_.VPC0.ERAM
[    0.128324] Initializing Region       \_SB_.PCI0.SPB0.PCFG
[    0.128345] Initializing Region       \_SB_.PCI0.SPB0.XPCB
[    0.128368] Initializing Region       \_SB_.PCI0.SPB0.XPDV.PCFG
[    0.128402] Initializing Region       \_SB_.PCI0.SPB1.PCFG
[    0.128422] Initializing Region       \_SB_.PCI0.SPB1.XPCB
[    0.128446] Initializing Region       \_SB_.PCI0.SPB1.XPDV.PCFG
[    0.128479] Initializing Region       \_SB_.PCI0.SPB2.PCFG
[    0.128499] Initializing Region       \_SB_.PCI0.SPB2.XPCB
[    0.128523] Initializing Region       \_SB_.PCI0.SPB2.XPDV.PCFG
[    0.128555] Initializing Region       \_SB_.PCI0.SPB3.PCFG
[    0.128575] Initializing Region       \_SB_.PCI0.SPB3.XPCB
[    0.128599] Initializing Region       \_SB_.PCI0.SPB3.XPDV.PCFG
[    0.128781] Initializing Region       \_SB_.PCI0.VGA_.REVD
[    0.129011] Initializing BufferField  \_SB_.AMW0.WLID
[    0.129457] Initializing Region       \DEB2
[    0.129478] Initializing Region       \PMIO
[    0.129497] Initializing Region       \P01_
[    0.129541] Initializing Region       \CNVS
[    0.129573] Initializing Region       \SPRT
[    0.129608] Initializing Region       \CMIO
[    0.129774] Executing  Method       \_SB_._STA
[    0.129783] Executing  Method       \_SB_._INI
[    0.129792] Executing  Method       \_SB_.PCI0._STA
[    0.129800] Executing  Method       \_SB_.PCI0._INI
[    0.130074] [Firmware Bug]: ACPI: BIOS _OSI(Linux) query ignored
[    0.130544] Executing  Method       \_SB_.PCI0.SATA._STA
[    0.130555] Executing  Method       \_SB_.PCI0.SATA._INI
[    0.131531] Executing  Method       \_SB_.PCI0.LPC0.EC0_._REG
[    0.158111] ACPI: Interpreter enabled
[    0.158136] ACPI: (supports S0 S5)
[    0.158142] ACPI: Using IOAPIC for interrupt routing
[    0.158485] PCI: MMCONFIG for domain 0000 [bus 00-3f] at [mem 0xf8000000-0xfbffffff] (base 0xf8000000)
[    0.159407] PCI: MMCONFIG at [mem 0xf8000000-0xfbffffff] reserved in ACPI motherboard resources
[    0.164129] bus: 'acpi': registered
[    0.164139] PCI: Using host bridge windows from ACPI; if necessary, use "pci=nocrs" and report a bug
[    0.164160]      scan-1133 get_device_data       : No context for object [ffffffffffffffff]
[    0.164175]     utils-0051 util_eval_error       : Evaluate [\._STA]: AE_NOT_FOUND
[    0.164200] device: 'LNXSYSTM:00': device_add
[    0.164210] bus: 'acpi': add device LNXSYSTM:00
[    0.164238]     utils-0051 util_eval_error       : Evaluate [\._SUN]: AE_NOT_FOUND
[    0.164264]      scan-1916 add_single_object     : Added LNXSYSTM:00 [\] parent (null)
[    0.164280]      scan-1133 get_device_data       : No context for object [ffff88040d81d000]
[    0.164288]      scan-1133 get_device_data       : No context for object [ffff88040d8377d0]
[    0.164297]      scan-1133 get_device_data       : No context for object [ffff88040d8377f8]
[    0.164305]      scan-1133 get_device_data       : No context for object [ffff88040d837820]
[    0.164313]      scan-1133 get_device_data       : No context for object [ffff88040d837848]
[    0.164321]      scan-1133 get_device_data       : No context for object [ffff88040d837870]
[    0.164329]      scan-1133 get_device_data       : No context for object [ffff88040d837898]
[    0.164337]      scan-1133 get_device_data       : No context for object [ffff88040d8378c0]
[    0.164345]      scan-1133 get_device_data       : No context for object [ffff88040d8378e8]
[    0.164353]      scan-1133 get_device_data       : No context for object [ffff88040d839398]
[    0.164362]      scan-1133 get_device_data       : No context for object [ffff88040d81d028]
[    0.164370]      scan-1133 get_device_data       : No context for object [ffff88040d81d168]
[    0.164379]     utils-0051 util_eval_error       : Evaluate [\_PR_.C000._STA]: AE_NOT_FOUND
[    0.164389]      scan-1133 get_device_data       : No context for object [ffff88040d81d028]
[    0.164407] device: 'LNXCPU:00': device_add
[    0.164413] bus: 'acpi': add device LNXCPU:00
[    0.164433]     utils-0051 util_eval_error       : Evaluate [\_PR_.C000._SUN]: AE_NOT_FOUND
[    0.164452]      scan-1916 add_single_object     : Added LNXCPU:00 [\_PR_.C000] parent LNXSYSTM:00
[    0.164464]      scan-1133 get_device_data       : No context for object [ffff88040d83c398]
[    0.164473]      scan-1133 get_device_data       : No context for object [ffff88040d83c3c0]
[    0.164481]      scan-1133 get_device_data       : No context for object [ffff88040d83c3e8]
[    0.164489]      scan-1133 get_device_data       : No context for object [ffff88040d83c410]
[    0.164497]      scan-1133 get_device_data       : No context for object [ffff88040d83c438]
[    0.164505]      scan-1133 get_device_data       : No context for object [ffff88040d83c460]
[    0.164514]      scan-1133 get_device_data       : No context for object [ffff88040d81d190]
[    0.164523]     utils-0051 util_eval_error       : Evaluate [\_PR_.C001._STA]: AE_NOT_FOUND
[    0.164532]      scan-1133 get_device_data       : No context for object [ffff88040d81d028]
[    0.164549] device: 'LNXCPU:01': device_add
[    0.164556] bus: 'acpi': add device LNXCPU:01
[    0.164574]     utils-0051 util_eval_error       : Evaluate [\_PR_.C001._SUN]: AE_NOT_FOUND
[    0.164592]      scan-1916 add_single_object     : Added LNXCPU:01 [\_PR_.C001] parent LNXSYSTM:00
[    0.164604]      scan-1133 get_device_data       : No context for object [ffff88040d83c488]
[    0.164613]      scan-1133 get_device_data       : No context for object [ffff88040d83c4b0]
[    0.164621]      scan-1133 get_device_data       : No context for object [ffff88040d83c4d8]
[    0.164629]      scan-1133 get_device_data       : No context for object [ffff88040d83c500]
[    0.164637]      scan-1133 get_device_data       : No context for object [ffff88040d83c528]
[    0.164645]      scan-1133 get_device_data       : No context for object [ffff88040d83c550]
[    0.164653]      scan-1133 get_device_data       : No context for object [ffff88040d81d1b8]
[    0.164663]     utils-0051 util_eval_error       : Evaluate [\_PR_.C002._STA]: AE_NOT_FOUND
[    0.164672]      scan-1133 get_device_data       : No context for object [ffff88040d81d028]
[    0.164689] device: 'LNXCPU:02': device_add
[    0.164695] bus: 'acpi': add device LNXCPU:02
[    0.164713]     utils-0051 util_eval_error       : Evaluate [\_PR_.C002._SUN]: AE_NOT_FOUND
[    0.164732]      scan-1916 add_single_object     : Added LNXCPU:02 [\_PR_.C002] parent LNXSYSTM:00
[    0.164745]      scan-1133 get_device_data       : No context for object [ffff88040d83c578]
[    0.164753]      scan-1133 get_device_data       : No context for object [ffff88040d83c5a0]
[    0.164761]      scan-1133 get_device_data       : No context for object [ffff88040d83c5c8]
[    0.164769]      scan-1133 get_device_data       : No context for object [ffff88040d83c5f0]
[    0.164778]      scan-1133 get_device_data       : No context for object [ffff88040d83c618]
[    0.164786]      scan-1133 get_device_data       : No context for object [ffff88040d83c640]
[    0.164794]      scan-1133 get_device_data       : No context for object [ffff88040d81d1e0]
[    0.164803]     utils-0051 util_eval_error       : Evaluate [\_PR_.C003._STA]: AE_NOT_FOUND
[    0.164812]      scan-1133 get_device_data       : No context for object [ffff88040d81d028]
[    0.164828] device: 'LNXCPU:03': device_add
[    0.164835] bus: 'acpi': add device LNXCPU:03
[    0.164854]     utils-0051 util_eval_error       : Evaluate [\_PR_.C003._SUN]: AE_NOT_FOUND
[    0.165008]      scan-1916 add_single_object     : Added LNXCPU:03 [\_PR_.C003] parent LNXSYSTM:00
[    0.165008]      scan-1133 get_device_data       : No context for object [ffff88040d83c668]
[    0.165008]      scan-1133 get_device_data       : No context for object [ffff88040d83c690]
[    0.165008]      scan-1133 get_device_data       : No context for object [ffff88040d83c6b8]
[    0.165008]      scan-1133 get_device_data       : No context for object [ffff88040d83c6e0]
[    0.165008]      scan-1133 get_device_data       : No context for object [ffff88040d83c708]
[    0.165008]      scan-1133 get_device_data       : No context for object [ffff88040d83c730]
[    0.165008]      scan-1133 get_device_data       : No context for object [ffff88040d81d050]
[    0.165008]     utils-0051 util_eval_error       : Evaluate [\_SB_._STA]: AE_NOT_FOUND
[    0.165008] device: 'LNXSYBUS:00': device_add
[    0.165008] bus: 'acpi': add device LNXSYBUS:00
[    0.165024]     utils-0051 util_eval_error       : Evaluate [\_SB_._SUN]: AE_NOT_FOUND
[    0.165043]      scan-1916 add_single_object     : Added LNXSYBUS:00 [\_SB_] parent LNXSYSTM:00
[    0.165057]      scan-1133 get_device_data       : No context for object [ffff88040d81d3c0]
[    0.165066]      scan-1133 get_device_data       : No context for object [ffff88040d81d3e8]
[    0.165074]      scan-1133 get_device_data       : No context for object [ffff88040d81d410]
[    0.165082]      scan-1133 get_device_data       : No context for object [ffff88040d81d438]
[    0.165090]      scan-1133 get_device_data       : No context for object [ffff88040d81d460]
[    0.165098]      scan-1133 get_device_data       : No context for object [ffff88040d81d488]
[    0.165106]      scan-1133 get_device_data       : No context for object [ffff88040d81d4b0]
[    0.165114]      scan-1133 get_device_data       : No context for object [ffff88040d81d5a0]
[    0.165124]     utils-0051 util_eval_error       : Evaluate [\_SB_.PWRB._STA]: AE_NOT_FOUND
[    0.165167] device: 'PNP0C0C:00': device_add
[    0.165174] bus: 'acpi': add device PNP0C0C:00
[    0.165193]     utils-0051 util_eval_error       : Evaluate [\_SB_.PWRB._SUN]: AE_NOT_FOUND
[    0.165211]      scan-1916 add_single_object     : Added PNP0C0C:00 [\_SB_.PWRB] parent LNXSYBUS:00
[    0.165224]      scan-1133 get_device_data       : No context for object [ffff88040d81d5c8]
[    0.165233]      scan-1133 get_device_data       : No context for object [ffff88040d81d5f0]
[    0.165244]     utils-0051 util_eval_error       : Evaluate [\_SB_.PCI0._STA]: AE_NOT_FOUND
[    0.165307] device: 'PNP0A08:00': device_add
[    0.165314] bus: 'acpi': add device PNP0A08:00
[    0.165335]     utils-0051 util_eval_error       : Evaluate [\_SB_.PCI0._SUN]: AE_NOT_FOUND
[    0.165355]      scan-1916 add_single_object     : Added PNP0A08:00 [\_SB_.PCI0] parent LNXSYBUS:00
[    0.165370]      scan-1133 get_device_data       : No context for object [ffff88040d81d618]
[    0.165378]      scan-1133 get_device_data       : No context for object [ffff88040d81d640]
[    0.165387]      scan-1133 get_device_data       : No context for object [ffff88040d81d668]
[    0.165395]      scan-1133 get_device_data       : No context for object [ffff88040d81d690]
[    0.165403]      scan-1133 get_device_data       : No context for object [ffff88040d81d6b8]
[    0.165411]      scan-1133 get_device_data       : No context for object [ffff88040d81d6e0]
[    0.165419]      scan-1133 get_device_data       : No context for object [ffff88040d81d708]
[    0.165427]      scan-1133 get_device_data       : No context for object [ffff88040d81d730]
[    0.165435]      scan-1133 get_device_data       : No context for object [ffff88040d81d758]
[    0.165443]      scan-1133 get_device_data       : No context for object [ffff88040d81d780]
[    0.165451]      scan-1133 get_device_data       : No context for object [ffff88040d81d7a8]
[    0.165459]      scan-1133 get_device_data       : No context for object [ffff88040d81d7d0]
[    0.165467]      scan-1133 get_device_data       : No context for object [ffff88040d81d7f8]
[    0.165476]      scan-1133 get_device_data       : No context for object [ffff88040d81d820]
[    0.165484]      scan-1133 get_device_data       : No context for object [ffff88040d81d848]
[    0.165492]      scan-1133 get_device_data       : No context for object [ffff88040d81d870]
[    0.165500]      scan-1133 get_device_data       : No context for object [ffff88040d81d898]
[    0.165508]      scan-1133 get_device_data       : No context for object [ffff88040d81d8c0]
[    0.165516]      scan-1133 get_device_data       : No context for object [ffff88040d81d8e8]
[    0.165524]      scan-1133 get_device_data       : No context for object [ffff88040d81d910]
[    0.165532]      scan-1133 get_device_data       : No context for object [ffff88040d81d938]
[    0.165540]      scan-1133 get_device_data       : No context for object [ffff88040d81d960]
[    0.165548]      scan-1133 get_device_data       : No context for object [ffff88040d81d988]
[    0.165556]      scan-1133 get_device_data       : No context for object [ffff88040d81d9b0]
[    0.165564]      scan-1133 get_device_data       : No context for object [ffff88040d81d9d8]
[    0.165572]      scan-1133 get_device_data       : No context for object [ffff88040d81da00]
[    0.165580]      scan-1133 get_device_data       : No context for object [ffff88040d81da28]
[    0.165588]      scan-1133 get_device_data       : No context for object [ffff88040d81da50]
[    0.165596]      scan-1133 get_device_data       : No context for object [ffff88040d81da78]
[    0.165604]      scan-1133 get_device_data       : No context for object [ffff88040d81daa0]
[    0.165612]      scan-1133 get_device_data       : No context for object [ffff88040d81dac8]
[    0.165620]      scan-1133 get_device_data       : No context for object [ffff88040d81daf0]
[    0.165629]      scan-1133 get_device_data       : No context for object [ffff88040d81db18]
[    0.165637]      scan-1133 get_device_data       : No context for object [ffff88040d81db40]
[    0.165645]      scan-1133 get_device_data       : No context for object [ffff88040d81db68]
[    0.165653]      scan-1133 get_device_data       : No context for object [ffff88040d81db90]
[    0.165661]      scan-1133 get_device_data       : No context for object [ffff88040d81dbb8]
[    0.165669]      scan-1133 get_device_data       : No context for object [ffff88040d81dbe0]
[    0.165677]      scan-1133 get_device_data       : No context for object [ffff88040d81dc08]
[    0.165685]      scan-1133 get_device_data       : No context for object [ffff88040d81dc30]
[    0.165693]      scan-1133 get_device_data       : No context for object [ffff88040d81dc58]
[    0.165701]      scan-1133 get_device_data       : No context for object [ffff88040d81dc80]
[    0.165709]      scan-1133 get_device_data       : No context for object [ffff88040d81dca8]
[    0.165717]      scan-1133 get_device_data       : No context for object [ffff88040d81dcd0]
[    0.165725]      scan-1133 get_device_data       : No context for object [ffff88040d81dcf8]
[    0.165733]      scan-1133 get_device_data       : No context for object [ffff88040d81dd20]
[    0.165741]      scan-1133 get_device_data       : No context for object [ffff88040d81dd48]
[    0.165749]      scan-1133 get_device_data       : No context for object [ffff88040d81dd70]
[    0.165757]      scan-1133 get_device_data       : No context for object [ffff88040d81dd98]
[    0.165765]      scan-1133 get_device_data       : No context for object [ffff88040d81ddc0]
[    0.165773]      scan-1133 get_device_data       : No context for object [ffff88040d81dde8]
[    0.165781]      scan-1133 get_device_data       : No context for object [ffff88040d81de10]
[    0.165789]      scan-1133 get_device_data       : No context for object [ffff88040d81de38]
[    0.165797]      scan-1133 get_device_data       : No context for object [ffff88040d81de60]
[    0.165805]      scan-1133 get_device_data       : No context for object [ffff88040d81de88]
[    0.165813]      scan-1133 get_device_data       : No context for object [ffff88040d81deb0]
[    0.165821]      scan-1133 get_device_data       : No context for object [ffff88040d81ded8]
[    0.165829]      scan-1133 get_device_data       : No context for object [ffff88040d81df00]
[    0.165837]      scan-1133 get_device_data       : No context for object [ffff88040d81df28]
[    0.165845]      scan-1133 get_device_data       : No context for object [ffff88040d81df50]
[    0.165854]      scan-1133 get_device_data       : No context for object [ffff88040d81df78]
[    0.165862]      scan-1133 get_device_data       : No context for object [ffff88040d81dfa0]
[    0.165870]      scan-1133 get_device_data       : No context for object [ffff88040d81dfc8]
[    0.165878]      scan-1133 get_device_data       : No context for object [ffff88040d822000]
[    0.165886]      scan-1133 get_device_data       : No context for object [ffff88040d822028]
[    0.165895]     utils-0051 util_eval_error       : Evaluate [\_SB_.PCI0.MEMR._STA]: AE_NOT_FOUND
[    0.165939] device: 'PNP0C02:00': device_add
[    0.165946] bus: 'acpi': add device PNP0C02:00
[    0.165967]     utils-0051 util_eval_error       : Evaluate [\_SB_.PCI0.MEMR._SUN]: AE_NOT_FOUND
[    0.166002]      scan-1916 add_single_object     : Added PNP0C02:00 [\_SB_.PCI0.MEMR] parent PNP0A08:00
[    0.166006]      scan-1133 get_device_data       : No context for object [ffff88040d822050]
[    0.166014]      scan-1133 get_device_data       : No context for object [ffff88040d822078]
[    0.166023]      scan-1133 get_device_data       : No context for object [ffff88040d8220a0]
[    0.166031]      scan-1133 get_device_data       : No context for object [ffff88040d8220c8]
[    0.166039]      scan-1133 get_device_data       : No context for object [ffff88040d8220f0]
[    0.166047]      scan-1133 get_device_data       : No context for object [ffff88040d822118]
[    0.166055]      scan-1133 get_device_data       : No context for object [ffff88040d822140]
[    0.166063]      scan-1133 get_device_data       : No context for object [ffff88040d822168]
[    0.166071]      scan-1133 get_device_data       : No context for object [ffff88040d822190]
[    0.166079]      scan-1133 get_device_data       : No context for object [ffff88040d8221b8]
[    0.166087]      scan-1133 get_device_data       : No context for object [ffff88040d8221e0]
[    0.166095]      scan-1133 get_device_data       : No context for object [ffff88040d822208]
[    0.166103]      scan-1133 get_device_data       : No context for object [ffff88040d822230]
[    0.166111]      scan-1133 get_device_data       : No context for object [ffff88040d822258]
[    0.166119]      scan-1133 get_device_data       : No context for object [ffff88040d822280]
[    0.166127]      scan-1133 get_device_data       : No context for object [ffff88040d8222a8]
[    0.166137]     utils-0051 util_eval_error       : Evaluate [\_SB_.PCI0.PB2_._STA]: AE_NOT_FOUND
[    0.166250] device: 'device:00': device_add
[    0.166257] bus: 'acpi': add device device:00
[    0.166275]     utils-0051 util_eval_error       : Evaluate [\_SB_.PCI0.PB2_._SUN]: AE_NOT_FOUND
[    0.166294]      scan-1916 add_single_object     : Added device:00 [\_SB_.PCI0.PB2_] parent PNP0A08:00
[    0.166307]      scan-1133 get_device_data       : No context for object [ffff88040d8222d0]
[    0.166315]      scan-1133 get_device_data       : No context for object [ffff88040d8222f8]
[    0.166323]      scan-1133 get_device_data       : No context for object [ffff88040d822320]
[    0.166332]      scan-1133 get_device_data       : No context for object [ffff88040d822348]
[    0.166340]      scan-1133 get_device_data       : No context for object [ffff88040d822370]
[    0.166348]      scan-1133 get_device_data       : No context for object [ffff88040d822398]
[    0.166356]      scan-1133 get_device_data       : No context for object [ffff88040d8223c0]
[    0.166365]      scan-1133 get_device_data       : No context for object [ffff88040d8223e8]
[    0.166373]      scan-1133 get_device_data       : No context for object [ffff88040d822410]
[    0.166381]      scan-1133 get_device_data       : No context for object [ffff88040d822438]
[    0.166390]      scan-1133 get_device_data       : No context for object [ffff88040d822460]
[    0.166398]      scan-1133 get_device_data       : No context for object [ffff88040d822488]
[    0.166406]      scan-1133 get_device_data       : No context for object [ffff88040d8224b0]
[    0.166414]      scan-1133 get_device_data       : No context for object [ffff88040d8224d8]
[    0.166422]      scan-1133 get_device_data       : No context for object [ffff88040d822500]
[    0.166430]      scan-1133 get_device_data       : No context for object [ffff88040d822528]
[    0.166438]      scan-1133 get_device_data       : No context for object [ffff88040d822550]
[    0.166446]      scan-1133 get_device_data       : No context for object [ffff88040d822578]
[    0.166454]      scan-1133 get_device_data       : No context for object [ffff88040d8225a0]
[    0.166462]      scan-1133 get_device_data       : No context for object [ffff88040d8225c8]
[    0.166470]      scan-1133 get_device_data       : No context for object [ffff88040d8225f0]
[    0.166478]      scan-1133 get_device_data       : No context for object [ffff88040d822618]
[    0.166486]      scan-1133 get_device_data       : No context for object [ffff88040d822640]
[    0.166494]      scan-1133 get_device_data       : No context for object [ffff88040d822668]
[    0.166502]      scan-1133 get_device_data       : No context for object [ffff88040d822690]
[    0.166510]      scan-1133 get_device_data       : No context for object [ffff88040d8226b8]
[    0.166518]      scan-1133 get_device_data       : No context for object [ffff88040d8226e0]
[    0.166526]      scan-1133 get_device_data       : No context for object [ffff88040d822708]
[    0.166535]      scan-1133 get_device_data       : No context for object [ffff88040d822730]
[    0.166543]      scan-1133 get_device_data       : No context for object [ffff88040d822758]
[    0.166551]      scan-1133 get_device_data       : No context for object [ffff88040d822780]
[    0.166560]     utils-0051 util_eval_error       : Evaluate [\_SB_.PCI0.PB2_.VGA_._STA]: AE_NOT_FOUND
[    0.166610] device: 'device:01': device_add
[    0.166617] bus: 'acpi': add device device:01
[    0.166636]     utils-0051 util_eval_error       : Evaluate [\_SB_.PCI0.PB2_.VGA_._SUN]: AE_NOT_FOUND
[    0.166655]      scan-1916 add_single_object     : Added device:01 [\_SB_.PCI0.PB2_.VGA_] parent device:00
[    0.166668]      scan-1133 get_device_data       : No context for object [ffff88040d8227a8]
[    0.166676]      scan-1133 get_device_data       : No context for object [ffff88040d8227d0]
[    0.166684]      scan-1133 get_device_data       : No context for object [ffff88040d8227f8]
[    0.166692]      scan-1133 get_device_data       : No context for object [ffff88040d822820]
[    0.166700]      scan-1133 get_device_data       : No context for object [ffff88040d822848]
[    0.166708]      scan-1133 get_device_data       : No context for object [ffff88040d822870]
[    0.166717]      scan-1133 get_device_data       : No context for object [ffff88040d822898]
[    0.166725]      scan-1133 get_device_data       : No context for object [ffff88040d8228c0]
[    0.166733]      scan-1133 get_device_data       : No context for object [ffff88040d8228e8]
[    0.166741]      scan-1133 get_device_data       : No context for object [ffff88040d822910]
[    0.166749]      scan-1133 get_device_data       : No context for object [ffff88040d822938]
[    0.166757]      scan-1133 get_device_data       : No context for object [ffff88040d822960]
[    0.166765]      scan-1133 get_device_data       : No context for object [ffff88040d822988]
[    0.166773]      scan-1133 get_device_data       : No context for object [ffff88040d8229b0]
[    0.166781]      scan-1133 get_device_data       : No context for object [ffff88040d8229d8]
[    0.166789]      scan-1133 get_device_data       : No context for object [ffff88040d822a00]
[    0.166797]      scan-1133 get_device_data       : No context for object [ffff88040d822a28]
[    0.166805]      scan-1133 get_device_data       : No context for object [ffff88040d822a50]
[    0.166813]      scan-1133 get_device_data       : No context for object [ffff88040d822a78]
[    0.166821]      scan-1133 get_device_data       : No context for object [ffff88040d822aa0]
[    0.166829]      scan-1133 get_device_data       : No context for object [ffff88040d822ac8]
[    0.166837]      scan-1133 get_device_data       : No context for object [ffff88040d822af0]
[    0.166845]      scan-1133 get_device_data       : No context for object [ffff88040d822b18]
[    0.166853]      scan-1133 get_device_data       : No context for object [ffff88040d822b40]
[    0.166861]      scan-1133 get_device_data       : No context for object [ffff88040d822b68]
[    0.166869]      scan-1133 get_device_data       : No context for object [ffff88040d822b90]
[    0.166877]      scan-1133 get_device_data       : No context for object [ffff88040d822bb8]
[    0.166885]      scan-1133 get_device_data       : No context for object [ffff88040d822be0]
[    0.166893]      scan-1133 get_device_data       : No context for object [ffff88040d822c08]
[    0.166901]      scan-1133 get_device_data       : No context for object [ffff88040d822c30]
[    0.166909]      scan-1133 get_device_data       : No context for object [ffff88040d822c58]
[    0.166917]      scan-1133 get_device_data       : No context for object [ffff88040d822c80]
[    0.166925]      scan-1133 get_device_data       : No context for object [ffff88040d822ca8]
[    0.166933]      scan-1133 get_device_data       : No context for object [ffff88040d822cd0]
[    0.166941]      scan-1133 get_device_data       : No context for object [ffff88040d822cf8]
[    0.166949]      scan-1133 get_device_data       : No context for object [ffff88040d822d20]
[    0.166957]      scan-1133 get_device_data       : No context for object [ffff88040d822d48]
[    0.166965]      scan-1133 get_device_data       : No context for object [ffff88040d822d70]
[    0.166973]      scan-1133 get_device_data       : No context for object [ffff88040d822d98]
[    0.166981]      scan-1133 get_device_data       : No context for object [ffff88040d837438]
[    0.166989]      scan-1133 get_device_data       : No context for object [ffff88040d822dc0]
[    0.167003]     utils-0051 util_eval_error       : Evaluate [\_SB_.PCI0.PB2_.HDAU._STA]: AE_NOT_FOUND
[    0.167048] device: 'device:02': device_add
[    0.167056] bus: 'acpi': add device device:02
[    0.167076]     utils-0051 util_eval_error       : Evaluate [\_SB_.PCI0.PB2_.HDAU._SUN]: AE_NOT_FOUND
[    0.167096]      scan-1916 add_single_object     : Added device:02 [\_SB_.PCI0.PB2_.HDAU] parent device:00
[    0.167108]      scan-1133 get_device_data       : No context for object [ffff88040d822de8]
[    0.167116]      scan-1133 get_device_data       : No context for object [ffff88040d822e10]
[    0.167125]      scan-1133 get_device_data       : No context for object [ffff88040d822e38]
[    0.167133]      scan-1133 get_device_data       : No context for object [ffff88040d822e60]
[    0.167141]      scan-1133 get_device_data       : No context for object [ffff88040d822e88]
[    0.167149]      scan-1133 get_device_data       : No context for object [ffff88040d822eb0]
[    0.167157]      scan-1133 get_device_data       : No context for object [ffff88040d822ed8]
[    0.167167]     utils-0051 util_eval_error       : Evaluate [\_SB_.PCI0.PB3_._STA]: AE_NOT_FOUND
[    0.167274] device: 'device:03': device_add
[    0.167281] bus: 'acpi': add device device:03
[    0.167299]     utils-0051 util_eval_error       : Evaluate [\_SB_.PCI0.PB3_._SUN]: AE_NOT_FOUND
[    0.167318]      scan-1916 add_single_object     : Added device:03 [\_SB_.PCI0.PB3_] parent PNP0A08:00
[    0.167330]      scan-1133 get_device_data       : No context for object [ffff88040d822f00]
[    0.167339]      scan-1133 get_device_data       : No context for object [ffff88040d822f28]
[    0.167347]      scan-1133 get_device_data       : No context for object [ffff88040d822f50]
[    0.167355]      scan-1133 get_device_data       : No context for object [ffff88040d822f78]
[    0.167363]      scan-1133 get_device_data       : No context for object [ffff88040d822fa0]
[    0.167371]      scan-1133 get_device_data       : No context for object [ffff88040d822fc8]
[    0.167379]      scan-1133 get_device_data       : No context for object [ffff88040d823000]
[    0.167387]      scan-1133 get_device_data       : No context for object [ffff88040d823028]
[    0.167395]      scan-1133 get_device_data       : No context for object [ffff88040d823050]
[    0.167403]      scan-1133 get_device_data       : No context for object [ffff88040d823078]
[    0.167411]      scan-1133 get_device_data       : No context for object [ffff88040d8230a0]
[    0.167419]      scan-1133 get_device_data       : No context for object [ffff88040d8230c8]
[    0.167427]      scan-1133 get_device_data       : No context for object [ffff88040d8230f0]
[    0.167435]      scan-1133 get_device_data       : No context for object [ffff88040d823118]
[    0.167443]      scan-1133 get_device_data       : No context for object [ffff88040d823140]
[    0.167451]      scan-1133 get_device_data       : No context for object [ffff88040d823168]
[    0.167460]      scan-1133 get_device_data       : No context for object [ffff88040d823190]
[    0.167468]      scan-1133 get_device_data       : No context for object [ffff88040d8231b8]
[    0.167476]      scan-1133 get_device_data       : No context for object [ffff88040d8231e0]
[    0.167484]      scan-1133 get_device_data       : No context for object [ffff88040d823208]
[    0.167492]      scan-1133 get_device_data       : No context for object [ffff88040d823230]
[    0.167500]      scan-1133 get_device_data       : No context for object [ffff88040d823258]
[    0.167508]      scan-1133 get_device_data       : No context for object [ffff88040d823280]
[    0.167516]      scan-1133 get_device_data       : No context for object [ffff88040d8232a8]
[    0.167524]      scan-1133 get_device_data       : No context for object [ffff88040d8232d0]
[    0.167532]      scan-1133 get_device_data       : No context for object [ffff88040d8232f8]
[    0.167540]      scan-1133 get_device_data       : No context for object [ffff88040d823320]
[    0.167548]      scan-1133 get_device_data       : No context for object [ffff88040d823348]
[    0.167556]      scan-1133 get_device_data       : No context for object [ffff88040d823370]
[    0.167564]      scan-1133 get_device_data       : No context for object [ffff88040d823398]
[    0.167572]      scan-1133 get_device_data       : No context for object [ffff88040d8233c0]
[    0.167582]     utils-0051 util_eval_error       : Evaluate [\_SB_.PCI0.PB3_.VGA_._STA]: AE_NOT_FOUND
[    0.167622]     video-0058 backlight_cap_match   : Found generic backlight support
[    0.167642] device: 'LNXVIDEO:00': device_add
[    0.167649] bus: 'acpi': add device LNXVIDEO:00
[    0.167669]     utils-0051 util_eval_error       : Evaluate [\_SB_.PCI0.PB3_.VGA_._SUN]: AE_NOT_FOUND
[    0.167688]      scan-1916 add_single_object     : Added LNXVIDEO:00 [\_SB_.PCI0.PB3_.VGA_] parent device:03
[    0.167702]      scan-1133 get_device_data       : No context for object [ffff88040d8233e8]
[    0.167711]      scan-1133 get_device_data       : No context for object [ffff88040d823410]
[    0.167719]      scan-1133 get_device_data       : No context for object [ffff88040d823438]
[    0.167727]      scan-1133 get_device_data       : No context for object [ffff88040d823460]
[    0.167735]      scan-1133 get_device_data       : No context for object [ffff88040d823488]
[    0.167743]      scan-1133 get_device_data       : No context for object [ffff88040d8234b0]
[    0.167751]      scan-1133 get_device_data       : No context for object [ffff88040d8234d8]
[    0.167759]      scan-1133 get_device_data       : No context for object [ffff88040d823500]
[    0.167767]      scan-1133 get_device_data       : No context for object [ffff88040d823528]
[    0.167775]      scan-1133 get_device_data       : No context for object [ffff88040d823550]
[    0.167783]      scan-1133 get_device_data       : No context for object [ffff88040d823578]
[    0.167791]      scan-1133 get_device_data       : No context for object [ffff88040d8235a0]
[    0.167799]      scan-1133 get_device_data       : No context for object [ffff88040d8235c8]
[    0.167807]      scan-1133 get_device_data       : No context for object [ffff88040d8235f0]
[    0.167815]      scan-1133 get_device_data       : No context for object [ffff88040d823618]
[    0.167823]      scan-1133 get_device_data       : No context for object [ffff88040d823640]
[    0.167831]      scan-1133 get_device_data       : No context for object [ffff88040d823668]
[    0.167839]      scan-1133 get_device_data       : No context for object [ffff88040d823690]
[    0.167847]      scan-1133 get_device_data       : No context for object [ffff88040d8236b8]
[    0.167855]      scan-1133 get_device_data       : No context for object [ffff88040d8236e0]
[    0.167863]      scan-1133 get_device_data       : No context for object [ffff88040d823708]
[    0.167871]      scan-1133 get_device_data       : No context for object [ffff88040d823730]
[    0.167879]      scan-1133 get_device_data       : No context for object [ffff88040d823758]
[    0.167887]      scan-1133 get_device_data       : No context for object [ffff88040d823780]
[    0.167895]      scan-1133 get_device_data       : No context for object [ffff88040d8237a8]
[    0.167903]      scan-1133 get_device_data       : No context for object [ffff88040d8237d0]
[    0.167911]      scan-1133 get_device_data       : No context for object [ffff88040d8237f8]
[    0.167919]      scan-1133 get_device_data       : No context for object [ffff88040d823820]
[    0.167927]      scan-1133 get_device_data       : No context for object [ffff88040d823848]
[    0.167935]      scan-1133 get_device_data       : No context for object [ffff88040d823870]
[    0.167943]      scan-1133 get_device_data       : No context for object [ffff88040d823898]
[    0.167951]      scan-1133 get_device_data       : No context for object [ffff88040d8238c0]
[    0.167959]      scan-1133 get_device_data       : No context for object [ffff88040d8238e8]
[    0.167967]      scan-1133 get_device_data       : No context for object [ffff88040d823910]
[    0.167975]      scan-1133 get_device_data       : No context for object [ffff88040d823938]
[    0.167983]      scan-1133 get_device_data       : No context for object [ffff88040d823960]
[    0.167991]      scan-1133 get_device_data       : No context for object [ffff88040d823988]
[    0.168004]      scan-1133 get_device_data       : No context for object [ffff88040d8239b0]
[    0.168012]      scan-1133 get_device_data       : No context for object [ffff88040d8239d8]
[    0.168020]      scan-1133 get_device_data       : No context for object [ffff88040d837460]
[    0.168028]      scan-1133 get_device_data       : No context for object [ffff88040d83ac08]
[    0.168036]      scan-1133 get_device_data       : No context for object [ffff88040d83ac30]
[    0.168044]      scan-1133 get_device_data       : No context for object [ffff88040d83ac58]
[    0.168054]     utils-0051 util_eval_error       : Evaluate [\_SB_.PCI0.PB3_.VGA_.CRT_._STA]: AE_NOT_FOUND
[    0.168108] device: 'device:04': device_add
[    0.168116] bus: 'acpi': add device device:04
[    0.168137]     utils-0051 util_eval_error       : Evaluate [\_SB_.PCI0.PB3_.VGA_.CRT_._SUN]: AE_NOT_FOUND
[    0.168156]      scan-1916 add_single_object     : Added device:04 [\_SB_.PCI0.PB3_.VGA_.CRT_] parent LNXVIDEO:00
[    0.168168]      scan-1133 get_device_data       : No context for object [ffff88040d83ac80]
[    0.168177]      scan-1133 get_device_data       : No context for object [ffff88040d83aca8]
[    0.168185]      scan-1133 get_device_data       : No context for object [ffff88040d83acd0]
[    0.168193]      scan-1133 get_device_data       : No context for object [ffff88040d83acf8]
[    0.168202]      scan-1133 get_device_data       : No context for object [ffff88040d83ad20]
[    0.168211]     utils-0051 util_eval_error       : Evaluate [\_SB_.PCI0.PB3_.VGA_.LCD_._STA]: AE_NOT_FOUND
[    0.168269] device: 'device:05': device_add
[    0.168277] bus: 'acpi': add device device:05
[    0.168295]     utils-0051 util_eval_error       : Evaluate [\_SB_.PCI0.PB3_.VGA_.LCD_._SUN]: AE_NOT_FOUND
[    0.168315]      scan-1916 add_single_object     : Added device:05 [\_SB_.PCI0.PB3_.VGA_.LCD_] parent LNXVIDEO:00
[    0.168327]      scan-1133 get_device_data       : No context for object [ffff88040d83ad48]
[    0.168336]      scan-1133 get_device_data       : No context for object [ffff88040d83ad70]
[    0.168344]      scan-1133 get_device_data       : No context for object [ffff88040d83ad98]
[    0.168352]      scan-1133 get_device_data       : No context for object [ffff88040d83adc0]
[    0.168360]      scan-1133 get_device_data       : No context for object [ffff88040d83ade8]
[    0.168368]      scan-1133 get_device_data       : No context for object [ffff88040d83ae10]
[    0.168376]      scan-1133 get_device_data       : No context for object [ffff88040d83ae38]
[    0.168385]      scan-1133 get_device_data       : No context for object [ffff88040d83ae60]
[    0.168394]     utils-0051 util_eval_error       : Evaluate [\_SB_.PCI0.PB3_.VGA_.TV0_._STA]: AE_NOT_FOUND
[    0.168439] device: 'device:06': device_add
[    0.168446] bus: 'acpi': add device device:06
[    0.168464]     utils-0051 util_eval_error       : Evaluate [\_SB_.PCI0.PB3_.VGA_.TV0_._SUN]: AE_NOT_FOUND
[    0.168483]      scan-1916 add_single_object     : Added device:06 [\_SB_.PCI0.PB3_.VGA_.TV0_] parent LNXVIDEO:00
[    0.168495]      scan-1133 get_device_data       : No context for object [ffff88040d83ae88]
[    0.168504]      scan-1133 get_device_data       : No context for object [ffff88040d83aeb0]
[    0.168512]      scan-1133 get_device_data       : No context for object [ffff88040d83aed8]
[    0.168520]      scan-1133 get_device_data       : No context for object [ffff88040d83af00]
[    0.168528]      scan-1133 get_device_data       : No context for object [ffff88040d83af28]
[    0.168538]     utils-0051 util_eval_error       : Evaluate [\_SB_.PCI0.PB3_.VGA_.HDMI._STA]: AE_NOT_FOUND
[    0.168591] device: 'device:07': device_add
[    0.168599] bus: 'acpi': add device device:07
[    0.168620]     utils-0051 util_eval_error       : Evaluate [\_SB_.PCI0.PB3_.VGA_.HDMI._SUN]: AE_NOT_FOUND
[    0.168638]      scan-1916 add_single_object     : Added device:07 [\_SB_.PCI0.PB3_.VGA_.HDMI] parent LNXVIDEO:00
[    0.168651]      scan-1133 get_device_data       : No context for object [ffff88040d83af50]
[    0.168659]      scan-1133 get_device_data       : No context for object [ffff88040d83af78]
[    0.168668]      scan-1133 get_device_data       : No context for object [ffff88040d83afa0]
[    0.168676]      scan-1133 get_device_data       : No context for object [ffff88040d83afc8]
[    0.168684]      scan-1133 get_device_data       : No context for object [ffff88040d823a00]
[    0.168694]     utils-0051 util_eval_error       : Evaluate [\_SB_.PCI0.PB3_.HDAU._STA]: AE_NOT_FOUND
[    0.168738] device: 'device:08': device_add
[    0.168745] bus: 'acpi': add device device:08
[    0.168763]     utils-0051 util_eval_error       : Evaluate [\_SB_.PCI0.PB3_.HDAU._SUN]: AE_NOT_FOUND
[    0.169006]      scan-1916 add_single_object     : Added device:08 [\_SB_.PCI0.PB3_.HDAU] parent device:03
[    0.169006]      scan-1133 get_device_data       : No context for object [ffff88040d823a28]
[    0.169006]      scan-1133 get_device_data       : No context for object [ffff88040d823a50]
[    0.169006]      scan-1133 get_device_data       : No context for object [ffff88040d823a78]
[    0.169006]      scan-1133 get_device_data       : No context for object [ffff88040d823aa0]
[    0.169006]      scan-1133 get_device_data       : No context for object [ffff88040d823ac8]
[    0.169006]      scan-1133 get_device_data       : No context for object [ffff88040d823af0]
[    0.169006]      scan-1133 get_device_data       : No context for object [ffff88040d823b18]
[    0.169006]     utils-0051 util_eval_error       : Evaluate [\_SB_.PCI0.PB4_._STA]: AE_NOT_FOUND
[    0.169006] device: 'device:09': device_add
[    0.169006] bus: 'acpi': add device device:09
[    0.169006]     utils-0051 util_eval_error       : Evaluate [\_SB_.PCI0.PB4_._SUN]: AE_NOT_FOUND
[    0.169017]      scan-1916 add_single_object     : Added device:09 [\_SB_.PCI0.PB4_] parent PNP0A08:00
[    0.169017]      scan-1133 get_device_data       : No context for object [ffff88040d823b40]
[    0.169017]      scan-1133 get_device_data       : No context for object [ffff88040d823b68]
[    0.169017]      scan-1133 get_device_data       : No context for object [ffff88040d823b90]
[    0.169017]      scan-1133 get_device_data       : No context for object [ffff88040d823bb8]
[    0.169020]      scan-1133 get_device_data       : No context for object [ffff88040d823be0]
[    0.169028]      scan-1133 get_device_data       : No context for object [ffff88040d823c08]
[    0.169036]      scan-1133 get_device_data       : No context for object [ffff88040d823c30]
[    0.169044]      scan-1133 get_device_data       : No context for object [ffff88040d823c58]
[    0.169052]      scan-1133 get_device_data       : No context for object [ffff88040d823c80]
[    0.169061]      scan-1133 get_device_data       : No context for object [ffff88040d823ca8]
[    0.169069]      scan-1133 get_device_data       : No context for object [ffff88040d823cd0]
[    0.169077]      scan-1133 get_device_data       : No context for object [ffff88040d823cf8]
[    0.169085]      scan-1133 get_device_data       : No context for object [ffff88040d823d20]
[    0.169093]      scan-1133 get_device_data       : No context for object [ffff88040d823d48]
[    0.169101]      scan-1133 get_device_data       : No context for object [ffff88040d823d70]
[    0.169109]      scan-1133 get_device_data       : No context for object [ffff88040d823d98]
[    0.169117]      scan-1133 get_device_data       : No context for object [ffff88040d823dc0]
[    0.169125]      scan-1133 get_device_data       : No context for object [ffff88040d823de8]
[    0.169133]      scan-1133 get_device_data       : No context for object [ffff88040d823e10]
[    0.169141]      scan-1133 get_device_data       : No context for object [ffff88040d823e38]
[    0.169149]      scan-1133 get_device_data       : No context for object [ffff88040d823e60]
[    0.169158]      scan-1133 get_device_data       : No context for object [ffff88040d823e88]
[    0.169166]      scan-1133 get_device_data       : No context for object [ffff88040d823eb0]
[    0.169174]      scan-1133 get_device_data       : No context for object [ffff88040d823ed8]
[    0.169182]      scan-1133 get_device_data       : No context for object [ffff88040d823f00]
[    0.169190]      scan-1133 get_device_data       : No context for object [ffff88040d823f28]
[    0.169198]      scan-1133 get_device_data       : No context for object [ffff88040d823f50]
[    0.169206]      scan-1133 get_device_data       : No context for object [ffff88040d823f78]
[    0.169214]      scan-1133 get_device_data       : No context for object [ffff88040d823fa0]
[    0.169222]      scan-1133 get_device_data       : No context for object [ffff88040d823fc8]
[    0.169230]      scan-1133 get_device_data       : No context for object [ffff88040d825000]
[    0.169239]     utils-0051 util_eval_error       : Evaluate [\_SB_.PCI0.PB4_.XPDV._STA]: AE_NOT_FOUND
[    0.169284] device: 'device:0a': device_add
[    0.169292] bus: 'acpi': add device device:0a
[    0.169315]     utils-0051 util_eval_error       : Evaluate [\_SB_.PCI0.PB4_.XPDV._SUN]: AE_NOT_FOUND
[    0.169333]      scan-1916 add_single_object     : Added device:0a [\_SB_.PCI0.PB4_.XPDV] parent device:09
[    0.169345]      scan-1133 get_device_data       : No context for object [ffff88040d825028]
[    0.169354]      scan-1133 get_device_data       : No context for object [ffff88040d825050]
[    0.169362]      scan-1133 get_device_data       : No context for object [ffff88040d825078]
[    0.169370]      scan-1133 get_device_data       : No context for object [ffff88040d8250a0]
[    0.169379]      scan-1133 get_device_data       : No context for object [ffff88040d8250c8]
[    0.169387]      scan-1133 get_device_data       : No context for object [ffff88040d837500]
[    0.169395]      scan-1133 get_device_data       : No context for object [ffff88040d8250f0]
[    0.169403]      scan-1133 get_device_data       : No context for object [ffff88040d825118]
[    0.169413]     utils-0051 util_eval_error       : Evaluate [\_SB_.PCI0.PB5_._STA]: AE_NOT_FOUND
[    0.169520] device: 'device:0b': device_add
[    0.169527] bus: 'acpi': add device device:0b
[    0.169545]     utils-0051 util_eval_error       : Evaluate [\_SB_.PCI0.PB5_._SUN]: AE_NOT_FOUND
[    0.169564]      scan-1916 add_single_object     : Added device:0b [\_SB_.PCI0.PB5_] parent PNP0A08:00
[    0.169576]      scan-1133 get_device_data       : No context for object [ffff88040d825140]
[    0.169585]      scan-1133 get_device_data       : No context for object [ffff88040d825168]
[    0.169593]      scan-1133 get_device_data       : No context for object [ffff88040d825190]
[    0.169601]      scan-1133 get_device_data       : No context for object [ffff88040d8251b8]
[    0.169609]      scan-1133 get_device_data       : No context for object [ffff88040d8251e0]
[    0.169617]      scan-1133 get_device_data       : No context for object [ffff88040d825208]
[    0.169625]      scan-1133 get_device_data       : No context for object [ffff88040d825230]
[    0.169633]      scan-1133 get_device_data       : No context for object [ffff88040d825258]
[    0.169641]      scan-1133 get_device_data       : No context for object [ffff88040d825280]
[    0.169649]      scan-1133 get_device_data       : No context for object [ffff88040d8252a8]
[    0.169657]      scan-1133 get_device_data       : No context for object [ffff88040d8252d0]
[    0.169666]      scan-1133 get_device_data       : No context for object [ffff88040d8252f8]
[    0.169673]      scan-1133 get_device_data       : No context for object [ffff88040d825320]
[    0.169681]      scan-1133 get_device_data       : No context for object [ffff88040d825348]
[    0.169689]      scan-1133 get_device_data       : No context for object [ffff88040d825370]
[    0.169697]      scan-1133 get_device_data       : No context for object [ffff88040d825398]
[    0.169706]      scan-1133 get_device_data       : No context for object [ffff88040d8253c0]
[    0.169714]      scan-1133 get_device_data       : No context for object [ffff88040d8253e8]
[    0.169722]      scan-1133 get_device_data       : No context for object [ffff88040d825410]
[    0.169730]      scan-1133 get_device_data       : No context for object [ffff88040d825438]
[    0.169738]      scan-1133 get_device_data       : No context for object [ffff88040d825460]
[    0.169746]      scan-1133 get_device_data       : No context for object [ffff88040d825488]
[    0.169754]      scan-1133 get_device_data       : No context for object [ffff88040d8254b0]
[    0.169762]      scan-1133 get_device_data       : No context for object [ffff88040d8254d8]
[    0.169770]      scan-1133 get_device_data       : No context for object [ffff88040d825500]
[    0.169778]      scan-1133 get_device_data       : No context for object [ffff88040d825528]
[    0.169786]      scan-1133 get_device_data       : No context for object [ffff88040d825550]
[    0.169794]      scan-1133 get_device_data       : No context for object [ffff88040d825578]
[    0.169802]      scan-1133 get_device_data       : No context for object [ffff88040d8255a0]
[    0.169810]      scan-1133 get_device_data       : No context for object [ffff88040d8255c8]
[    0.169818]      scan-1133 get_device_data       : No context for object [ffff88040d8255f0]
[    0.169827]     utils-0051 util_eval_error       : Evaluate [\_SB_.PCI0.PB5_.XPDV._STA]: AE_NOT_FOUND
[    0.169871] device: 'device:0c': device_add
[    0.169879] bus: 'acpi': add device device:0c
[    0.169896]     utils-0051 util_eval_error       : Evaluate [\_SB_.PCI0.PB5_.XPDV._SUN]: AE_NOT_FOUND
[    0.170001]      scan-1916 add_single_object     : Added device:0c [\_SB_.PCI0.PB5_.XPDV] parent device:0b
[    0.170001]      scan-1133 get_device_data       : No context for object [ffff88040d825618]
[    0.170001]      scan-1133 get_device_data       : No context for object [ffff88040d825640]
[    0.170001]      scan-1133 get_device_data       : No context for object [ffff88040d825668]
[    0.170001]      scan-1133 get_device_data       : No context for object [ffff88040d825690]
[    0.170001]      scan-1133 get_device_data       : No context for object [ffff88040d8256b8]
[    0.170001]      scan-1133 get_device_data       : No context for object [ffff88040d837528]
[    0.170001]      scan-1133 get_device_data       : No context for object [ffff88040d8256e0]
[    0.170001]      scan-1133 get_device_data       : No context for object [ffff88040d825708]
[    0.170001]     utils-0051 util_eval_error       : Evaluate [\_SB_.PCI0.PB6_._STA]: AE_NOT_FOUND
[    0.170107] device: 'device:0d': device_add
[    0.170115] bus: 'acpi': add device device:0d
[    0.170136]     utils-0051 util_eval_error       : Evaluate [\_SB_.PCI0.PB6_._SUN]: AE_NOT_FOUND
[    0.170155]      scan-1916 add_single_object     : Added device:0d [\_SB_.PCI0.PB6_] parent PNP0A08:00
[    0.170168]      scan-1133 get_device_data       : No context for object [ffff88040d825730]
[    0.170176]      scan-1133 get_device_data       : No context for object [ffff88040d825758]
[    0.170185]      scan-1133 get_device_data       : No context for object [ffff88040d825780]
[    0.170193]      scan-1133 get_device_data       : No context for object [ffff88040d8257a8]
[    0.170201]      scan-1133 get_device_data       : No context for object [ffff88040d8257d0]
[    0.170209]      scan-1133 get_device_data       : No context for object [ffff88040d8257f8]
[    0.170217]      scan-1133 get_device_data       : No context for object [ffff88040d825820]
[    0.170225]      scan-1133 get_device_data       : No context for object [ffff88040d825848]
[    0.170233]      scan-1133 get_device_data       : No context for object [ffff88040d825870]
[    0.170241]      scan-1133 get_device_data       : No context for object [ffff88040d825898]
[    0.170249]      scan-1133 get_device_data       : No context for object [ffff88040d8258c0]
[    0.170257]      scan-1133 get_device_data       : No context for object [ffff88040d8258e8]
[    0.170265]      scan-1133 get_device_data       : No context for object [ffff88040d825910]
[    0.170273]      scan-1133 get_device_data       : No context for object [ffff88040d825938]
[    0.170281]      scan-1133 get_device_data       : No context for object [ffff88040d825960]
[    0.170289]      scan-1133 get_device_data       : No context for object [ffff88040d825988]
[    0.170298]      scan-1133 get_device_data       : No context for object [ffff88040d8259b0]
[    0.170306]      scan-1133 get_device_data       : No context for object [ffff88040d8259d8]
[    0.170314]      scan-1133 get_device_data       : No context for object [ffff88040d825a00]
[    0.170322]      scan-1133 get_device_data       : No context for object [ffff88040d825a28]
[    0.170330]      scan-1133 get_device_data       : No context for object [ffff88040d825a50]
[    0.170338]      scan-1133 get_device_data       : No context for object [ffff88040d825a78]
[    0.170346]      scan-1133 get_device_data       : No context for object [ffff88040d825aa0]
[    0.170354]      scan-1133 get_device_data       : No context for object [ffff88040d825ac8]
[    0.170362]      scan-1133 get_device_data       : No context for object [ffff88040d825af0]
[    0.170371]      scan-1133 get_device_data       : No context for object [ffff88040d825b18]
[    0.170379]      scan-1133 get_device_data       : No context for object [ffff88040d825b40]
[    0.170387]      scan-1133 get_device_data       : No context for object [ffff88040d825b68]
[    0.170395]      scan-1133 get_device_data       : No context for object [ffff88040d825b90]
[    0.170403]      scan-1133 get_device_data       : No context for object [ffff88040d825bb8]
[    0.170411]      scan-1133 get_device_data       : No context for object [ffff88040d825be0]
[    0.170421]     utils-0051 util_eval_error       : Evaluate [\_SB_.PCI0.PB6_.XPDV._STA]: AE_NOT_FOUND
[    0.170465] device: 'device:0e': device_add
[    0.170472] bus: 'acpi': add device device:0e
[    0.170490]     utils-0051 util_eval_error       : Evaluate [\_SB_.PCI0.PB6_.XPDV._SUN]: AE_NOT_FOUND
[    0.170509]      scan-1916 add_single_object     : Added device:0e [\_SB_.PCI0.PB6_.XPDV] parent device:0d
[    0.170521]      scan-1133 get_device_data       : No context for object [ffff88040d825c08]
[    0.170530]      scan-1133 get_device_data       : No context for object [ffff88040d825c30]
[    0.170538]      scan-1133 get_device_data       : No context for object [ffff88040d825c58]
[    0.170546]      scan-1133 get_device_data       : No context for object [ffff88040d825c80]
[    0.170554]      scan-1133 get_device_data       : No context for object [ffff88040d825ca8]
[    0.170562]      scan-1133 get_device_data       : No context for object [ffff88040d837550]
[    0.170570]      scan-1133 get_device_data       : No context for object [ffff88040d825cd0]
[    0.170578]      scan-1133 get_device_data       : No context for object [ffff88040d825cf8]
[    0.170589]     utils-0051 util_eval_error       : Evaluate [\_SB_.PCI0.PB7_._STA]: AE_NOT_FOUND
[    0.170695] device: 'device:0f': device_add
[    0.170702] bus: 'acpi': add device device:0f
[    0.170720]     utils-0051 util_eval_error       : Evaluate [\_SB_.PCI0.PB7_._SUN]: AE_NOT_FOUND
[    0.170738]      scan-1916 add_single_object     : Added device:0f [\_SB_.PCI0.PB7_] parent PNP0A08:00
[    0.170751]      scan-1133 get_device_data       : No context for object [ffff88040d825d20]
[    0.170759]      scan-1133 get_device_data       : No context for object [ffff88040d825d48]
[    0.170768]      scan-1133 get_device_data       : No context for object [ffff88040d825d70]
[    0.170776]      scan-1133 get_device_data       : No context for object [ffff88040d825d98]
[    0.170784]      scan-1133 get_device_data       : No context for object [ffff88040d825dc0]
[    0.170792]      scan-1133 get_device_data       : No context for object [ffff88040d825de8]
[    0.170800]      scan-1133 get_device_data       : No context for object [ffff88040d825e10]
[    0.170808]      scan-1133 get_device_data       : No context for object [ffff88040d825e38]
[    0.170816]      scan-1133 get_device_data       : No context for object [ffff88040d825e60]
[    0.170824]      scan-1133 get_device_data       : No context for object [ffff88040d825e88]
[    0.170832]      scan-1133 get_device_data       : No context for object [ffff88040d825eb0]
[    0.170840]      scan-1133 get_device_data       : No context for object [ffff88040d825ed8]
[    0.170848]      scan-1133 get_device_data       : No context for object [ffff88040d825f00]
[    0.170856]      scan-1133 get_device_data       : No context for object [ffff88040d825f28]
[    0.170864]      scan-1133 get_device_data       : No context for object [ffff88040d825f50]
[    0.170872]      scan-1133 get_device_data       : No context for object [ffff88040d825f78]
[    0.170880]      scan-1133 get_device_data       : No context for object [ffff88040d825fa0]
[    0.170888]      scan-1133 get_device_data       : No context for object [ffff88040d825fc8]
[    0.170896]      scan-1133 get_device_data       : No context for object [ffff88040d827000]
[    0.170904]      scan-1133 get_device_data       : No context for object [ffff88040d827028]
[    0.170912]      scan-1133 get_device_data       : No context for object [ffff88040d827050]
[    0.170920]      scan-1133 get_device_data       : No context for object [ffff88040d827078]
[    0.170928]      scan-1133 get_device_data       : No context for object [ffff88040d8270a0]
[    0.170937]      scan-1133 get_device_data       : No context for object [ffff88040d8270c8]
[    0.170945]      scan-1133 get_device_data       : No context for object [ffff88040d8270f0]
[    0.170953]      scan-1133 get_device_data       : No context for object [ffff88040d827118]
[    0.170961]      scan-1133 get_device_data       : No context for object [ffff88040d827140]
[    0.170969]      scan-1133 get_device_data       : No context for object [ffff88040d827168]
[    0.170977]      scan-1133 get_device_data       : No context for object [ffff88040d827190]
[    0.170985]      scan-1133 get_device_data       : No context for object [ffff88040d8271b8]
[    0.170993]      scan-1133 get_device_data       : No context for object [ffff88040d8271e0]
[    0.171005]     utils-0051 util_eval_error       : Evaluate [\_SB_.PCI0.PB7_.XPDV._STA]: AE_NOT_FOUND
[    0.171050] device: 'device:10': device_add
[    0.171058] bus: 'acpi': add device device:10
[    0.171078]     utils-0051 util_eval_error       : Evaluate [\_SB_.PCI0.PB7_.XPDV._SUN]: AE_NOT_FOUND
[    0.171097]      scan-1916 add_single_object     : Added device:10 [\_SB_.PCI0.PB7_.XPDV] parent device:0f
[    0.171109]      scan-1133 get_device_data       : No context for object [ffff88040d827208]
[    0.171117]      scan-1133 get_device_data       : No context for object [ffff88040d827230]
[    0.171126]      scan-1133 get_device_data       : No context for object [ffff88040d827258]
[    0.171134]      scan-1133 get_device_data       : No context for object [ffff88040d827280]
[    0.171142]      scan-1133 get_device_data       : No context for object [ffff88040d8272a8]
[    0.171150]      scan-1133 get_device_data       : No context for object [ffff88040d837488]
[    0.171158]      scan-1133 get_device_data       : No context for object [ffff88040d8272d0]
[    0.171166]      scan-1133 get_device_data       : No context for object [ffff88040d8272f8]
[    0.171176]     utils-0051 util_eval_error       : Evaluate [\_SB_.PCI0.OHC1._STA]: AE_NOT_FOUND
[    0.171278] device: 'device:11': device_add
[    0.171285] bus: 'acpi': add device device:11
[    0.171303]     utils-0051 util_eval_error       : Evaluate [\_SB_.PCI0.OHC1._SUN]: AE_NOT_FOUND
[    0.171321]      scan-1916 add_single_object     : Added device:11 [\_SB_.PCI0.OHC1] parent PNP0A08:00
[    0.171334]      scan-1133 get_device_data       : No context for object [ffff88040d827320]
[    0.171342]      scan-1133 get_device_data       : No context for object [ffff88040d827348]
[    0.171350]      scan-1133 get_device_data       : No context for object [ffff88040d83b2f8]
[    0.171360]     utils-0051 util_eval_error       : Evaluate [\_SB_.PCI0.OHC1.RHUB._STA]: AE_NOT_FOUND
[    0.171404] device: 'device:12': device_add
[    0.171411] bus: 'acpi': add device device:12
[    0.171429]     utils-0051 util_eval_error       : Evaluate [\_SB_.PCI0.OHC1.RHUB._SUN]: AE_NOT_FOUND
[    0.171447]      scan-1916 add_single_object     : Added device:12 [\_SB_.PCI0.OHC1.RHUB] parent device:11
[    0.171459]      scan-1133 get_device_data       : No context for object [ffff88040d83b320]
[    0.171468]      scan-1133 get_device_data       : No context for object [ffff88040d83b348]
[    0.171477]     utils-0051 util_eval_error       : Evaluate [\_SB_.PCI0.OHC1.RHUB.PRT3._STA]: AE_NOT_FOUND
[    0.171522] device: 'device:13': device_add
[    0.171529] bus: 'acpi': add device device:13
[    0.171549]     utils-0051 util_eval_error       : Evaluate [\_SB_.PCI0.OHC1.RHUB.PRT3._SUN]: AE_NOT_FOUND
[    0.171570]      scan-1916 add_single_object     : Added device:13 [\_SB_.PCI0.OHC1.RHUB.PRT3] parent device:12
[    0.171583]      scan-1133 get_device_data       : No context for object [ffff88040d83b370]
[    0.171591]      scan-1133 get_device_data       : No context for object [ffff88040d83b398]
[    0.171600]      scan-1133 get_device_data       : No context for object [ffff88040d83b3c0]
[    0.171608]      scan-1133 get_device_data       : No context for object [ffff88040d83b3e8]
[    0.171618]     utils-0051 util_eval_error       : Evaluate [\_SB_.PCI0.OHC1.RHUB.PRT4._STA]: AE_NOT_FOUND
[    0.171662] device: 'device:14': device_add
[    0.171669] bus: 'acpi': add device device:14
[    0.171687]     utils-0051 util_eval_error       : Evaluate [\_SB_.PCI0.OHC1.RHUB.PRT4._SUN]: AE_NOT_FOUND
[    0.171706]      scan-1916 add_single_object     : Added device:14 [\_SB_.PCI0.OHC1.RHUB.PRT4] parent device:12
[    0.171719]      scan-1133 get_device_data       : No context for object [ffff88040d83b410]
[    0.171727]      scan-1133 get_device_data       : No context for object [ffff88040d83b438]
[    0.171735]      scan-1133 get_device_data       : No context for object [ffff88040d83b460]
[    0.171744]      scan-1133 get_device_data       : No context for object [ffff88040d827370]
[    0.171754]     utils-0051 util_eval_error       : Evaluate [\_SB_.PCI0.EHC1._STA]: AE_NOT_FOUND
[    0.171859] device: 'device:15': device_add
[    0.171867] bus: 'acpi': add device device:15
[    0.171885]     utils-0051 util_eval_error       : Evaluate [\_SB_.PCI0.EHC1._SUN]: AE_NOT_FOUND
[    0.172006]      scan-1916 add_single_object     : Added device:15 [\_SB_.PCI0.EHC1] parent PNP0A08:00
[    0.172006]      scan-1133 get_device_data       : No context for object [ffff88040d827398]
[    0.172006]      scan-1133 get_device_data       : No context for object [ffff88040d8273c0]
[    0.172006]      scan-1133 get_device_data       : No context for object [ffff88040d83b028]
[    0.172006]     utils-0051 util_eval_error       : Evaluate [\_SB_.PCI0.EHC1.RHUB._STA]: AE_NOT_FOUND
[    0.172006] device: 'device:16': device_add
[    0.172006] bus: 'acpi': add device device:16
[    0.172020]     utils-0051 util_eval_error       : Evaluate [\_SB_.PCI0.EHC1.RHUB._SUN]: AE_NOT_FOUND
[    0.172039]      scan-1916 add_single_object     : Added device:16 [\_SB_.PCI0.EHC1.RHUB] parent device:15
[    0.172051]      scan-1133 get_device_data       : No context for object [ffff88040d83b050]
[    0.172060]      scan-1133 get_device_data       : No context for object [ffff88040d83b078]
[    0.172069]     utils-0051 util_eval_error       : Evaluate [\_SB_.PCI0.EHC1.RHUB.PRT3._STA]: AE_NOT_FOUND
[    0.172113] device: 'device:17': device_add
[    0.172121] bus: 'acpi': add device device:17
[    0.172139]     utils-0051 util_eval_error       : Evaluate [\_SB_.PCI0.EHC1.RHUB.PRT3._SUN]: AE_NOT_FOUND
[    0.172158]      scan-1916 add_single_object     : Added device:17 [\_SB_.PCI0.EHC1.RHUB.PRT3] parent device:16
[    0.172170]      scan-1133 get_device_data       : No context for object [ffff88040d83b0a0]
[    0.172179]      scan-1133 get_device_data       : No context for object [ffff88040d83b0c8]
[    0.172187]      scan-1133 get_device_data       : No context for object [ffff88040d83b0f0]
[    0.172196]      scan-1133 get_device_data       : No context for object [ffff88040d83b118]
[    0.172205]     utils-0051 util_eval_error       : Evaluate [\_SB_.PCI0.EHC1.RHUB.PRT4._STA]: AE_NOT_FOUND
[    0.172249] device: 'device:18': device_add
[    0.172256] bus: 'acpi': add device device:18
[    0.172274]     utils-0051 util_eval_error       : Evaluate [\_SB_.PCI0.EHC1.RHUB.PRT4._SUN]: AE_NOT_FOUND
[    0.172293]      scan-1916 add_single_object     : Added device:18 [\_SB_.PCI0.EHC1.RHUB.PRT4] parent device:16
[    0.172306]      scan-1133 get_device_data       : No context for object [ffff88040d83b140]
[    0.172314]      scan-1133 get_device_data       : No context for object [ffff88040d83b168]
[    0.172322]      scan-1133 get_device_data       : No context for object [ffff88040d83b190]
[    0.172331]      scan-1133 get_device_data       : No context for object [ffff88040d8273e8]
[    0.172341]     utils-0051 util_eval_error       : Evaluate [\_SB_.PCI0.OHC2._STA]: AE_NOT_FOUND
[    0.172443] device: 'device:19': device_add
[    0.172451] bus: 'acpi': add device device:19
[    0.172471]     utils-0051 util_eval_error       : Evaluate [\_SB_.PCI0.OHC2._SUN]: AE_NOT_FOUND
[    0.172490]      scan-1916 add_single_object     : Added device:19 [\_SB_.PCI0.OHC2] parent PNP0A08:00
[    0.172502]      scan-1133 get_device_data       : No context for object [ffff88040d827410]
[    0.172510]      scan-1133 get_device_data       : No context for object [ffff88040d827438]
[    0.172519]      scan-1133 get_device_data       : No context for object [ffff88040d83b488]
[    0.172528]     utils-0051 util_eval_error       : Evaluate [\_SB_.PCI0.OHC2.RHUB._STA]: AE_NOT_FOUND
[    0.172574] device: 'device:1a': device_add
[    0.172581] bus: 'acpi': add device device:1a
[    0.172599]     utils-0051 util_eval_error       : Evaluate [\_SB_.PCI0.OHC2.RHUB._SUN]: AE_NOT_FOUND
[    0.172618]      scan-1916 add_single_object     : Added device:1a [\_SB_.PCI0.OHC2.RHUB] parent device:19
[    0.172630]      scan-1133 get_device_data       : No context for object [ffff88040d83b4b0]
[    0.172638]      scan-1133 get_device_data       : No context for object [ffff88040d83b4d8]
[    0.172648]     utils-0051 util_eval_error       : Evaluate [\_SB_.PCI0.OHC2.RHUB.PRT4._STA]: AE_NOT_FOUND
[    0.172693] device: 'device:1b': device_add
[    0.172700] bus: 'acpi': add device device:1b
[    0.172718]     utils-0051 util_eval_error       : Evaluate [\_SB_.PCI0.OHC2.RHUB.PRT4._SUN]: AE_NOT_FOUND
[    0.172736]      scan-1916 add_single_object     : Added device:1b [\_SB_.PCI0.OHC2.RHUB.PRT4] parent device:1a
[    0.172749]      scan-1133 get_device_data       : No context for object [ffff88040d83b500]
[    0.172757]      scan-1133 get_device_data       : No context for object [ffff88040d83b528]
[    0.172765]      scan-1133 get_device_data       : No context for object [ffff88040d83b550]
[    0.172774]      scan-1133 get_device_data       : No context for object [ffff88040d827460]
[    0.172783]     utils-0051 util_eval_error       : Evaluate [\_SB_.PCI0.EHC2._STA]: AE_NOT_FOUND
[    0.172886] device: 'device:1c': device_add
[    0.172894] bus: 'acpi': add device device:1c
[    0.172914]     utils-0051 util_eval_error       : Evaluate [\_SB_.PCI0.EHC2._SUN]: AE_NOT_FOUND
[    0.173003]      scan-1916 add_single_object     : Added device:1c [\_SB_.PCI0.EHC2] parent PNP0A08:00
[    0.173003]      scan-1133 get_device_data       : No context for object [ffff88040d827488]
[    0.173003]      scan-1133 get_device_data       : No context for object [ffff88040d8274b0]
[    0.173003]      scan-1133 get_device_data       : No context for object [ffff88040d83b1b8]
[    0.173003]     utils-0051 util_eval_error       : Evaluate [\_SB_.PCI0.EHC2.RHUB._STA]: AE_NOT_FOUND
[    0.173021] device: 'device:1d': device_add
[    0.173028] bus: 'acpi': add device device:1d
[    0.173046]     utils-0051 util_eval_error       : Evaluate [\_SB_.PCI0.EHC2.RHUB._SUN]: AE_NOT_FOUND
[    0.173065]      scan-1916 add_single_object     : Added device:1d [\_SB_.PCI0.EHC2.RHUB] parent device:1c
[    0.173077]      scan-1133 get_device_data       : No context for object [ffff88040d83b1e0]
[    0.173085]      scan-1133 get_device_data       : No context for object [ffff88040d83b208]
[    0.173095]     utils-0051 util_eval_error       : Evaluate [\_SB_.PCI0.EHC2.RHUB.PRT2._STA]: AE_NOT_FOUND
[    0.173139] device: 'device:1e': device_add
[    0.173146] bus: 'acpi': add device device:1e
[    0.173164]     utils-0051 util_eval_error       : Evaluate [\_SB_.PCI0.EHC2.RHUB.PRT2._SUN]: AE_NOT_FOUND
[    0.173183]      scan-1916 add_single_object     : Added device:1e [\_SB_.PCI0.EHC2.RHUB.PRT2] parent device:1d
[    0.173195]      scan-1133 get_device_data       : No context for object [ffff88040d83b230]
[    0.173204]      scan-1133 get_device_data       : No context for object [ffff88040d83b258]
[    0.173212]      scan-1133 get_device_data       : No context for object [ffff88040d83b280]
[    0.173221]      scan-1133 get_device_data       : No context for object [ffff88040d8274d8]
[    0.173230]     utils-0051 util_eval_error       : Evaluate [\_SB_.PCI0.OHC3._STA]: AE_NOT_FOUND
[    0.173332] device: 'device:1f': device_add
[    0.173340] bus: 'acpi': add device device:1f
[    0.173360]     utils-0051 util_eval_error       : Evaluate [\_SB_.PCI0.OHC3._SUN]: AE_NOT_FOUND
[    0.173378]      scan-1916 add_single_object     : Added device:1f [\_SB_.PCI0.OHC3] parent PNP0A08:00
[    0.173391]      scan-1133 get_device_data       : No context for object [ffff88040d827500]
[    0.173399]      scan-1133 get_device_data       : No context for object [ffff88040d827528]
[    0.173407]      scan-1133 get_device_data       : No context for object [ffff88040d83b578]
[    0.173417]     utils-0051 util_eval_error       : Evaluate [\_SB_.PCI0.OHC3.RHUB._STA]: AE_NOT_FOUND
[    0.173461] device: 'device:20': device_add
[    0.173468] bus: 'acpi': add device device:20
[    0.173486]     utils-0051 util_eval_error       : Evaluate [\_SB_.PCI0.OHC3.RHUB._SUN]: AE_NOT_FOUND
[    0.173504]      scan-1916 add_single_object     : Added device:20 [\_SB_.PCI0.OHC3.RHUB] parent device:1f
[    0.173517]      scan-1133 get_device_data       : No context for object [ffff88040d83b5a0]
[    0.173525]      scan-1133 get_device_data       : No context for object [ffff88040d827550]
[    0.173535]     utils-0051 util_eval_error       : Evaluate [\_SB_.PCI0.EHC3._STA]: AE_NOT_FOUND
[    0.173636] device: 'device:21': device_add
[    0.173644] bus: 'acpi': add device device:21
[    0.173662]     utils-0051 util_eval_error       : Evaluate [\_SB_.PCI0.EHC3._SUN]: AE_NOT_FOUND
[    0.173680]      scan-1916 add_single_object     : Added device:21 [\_SB_.PCI0.EHC3] parent PNP0A08:00
[    0.173692]      scan-1133 get_device_data       : No context for object [ffff88040d827578]
[    0.173701]      scan-1133 get_device_data       : No context for object [ffff88040d8275a0]
[    0.173709]      scan-1133 get_device_data       : No context for object [ffff88040d83b2a8]
[    0.173718]     utils-0051 util_eval_error       : Evaluate [\_SB_.PCI0.EHC3.RHUB._STA]: AE_NOT_FOUND
[    0.173762] device: 'device:22': device_add
[    0.173769] bus: 'acpi': add device device:22
[    0.173790]     utils-0051 util_eval_error       : Evaluate [\_SB_.PCI0.EHC3.RHUB._SUN]: AE_NOT_FOUND
[    0.174001]      scan-1916 add_single_object     : Added device:22 [\_SB_.PCI0.EHC3.RHUB] parent device:21
[    0.174001]      scan-1133 get_device_data       : No context for object [ffff88040d83b2d0]
[    0.174001]      scan-1133 get_device_data       : No context for object [ffff88040d8275c8]
[    0.174001]     utils-0051 util_eval_error       : Evaluate [\_SB_.PCI0.OHC4._STA]: AE_NOT_FOUND
[    0.174001] device: 'device:23': device_add
[    0.174001] bus: 'acpi': add device device:23
[    0.174001]     utils-0051 util_eval_error       : Evaluate [\_SB_.PCI0.OHC4._SUN]: AE_NOT_FOUND
[    0.174048]      scan-1916 add_single_object     : Added device:23 [\_SB_.PCI0.OHC4] parent PNP0A08:00
[    0.174048]      scan-1133 get_device_data       : No context for object [ffff88040d8275f0]
[    0.174048]      scan-1133 get_device_data       : No context for object [ffff88040d827618]
[    0.174048]      scan-1133 get_device_data       : No context for object [ffff88040d827640]
[    0.174048]     utils-0051 util_eval_error       : Evaluate [\_SB_.PCI0.SBAZ._STA]: AE_NOT_FOUND
[    0.174107] device: 'device:24': device_add
[    0.174115] bus: 'acpi': add device device:24
[    0.174134]     utils-0051 util_eval_error       : Evaluate [\_SB_.PCI0.SBAZ._SUN]: AE_NOT_FOUND
[    0.174152]      scan-1916 add_single_object     : Added device:24 [\_SB_.PCI0.SBAZ] parent PNP0A08:00
[    0.174164]      scan-1133 get_device_data       : No context for object [ffff88040d827668]
[    0.174173]      scan-1133 get_device_data       : No context for object [ffff88040d827690]
[    0.174181]      scan-1133 get_device_data       : No context for object [ffff88040d8276b8]
[    0.174190]     utils-0051 util_eval_error       : Evaluate [\_SB_.PCI0.GEC_._STA]: AE_NOT_FOUND
[    0.174310] device: 'device:25': device_add
[    0.174319] bus: 'acpi': add device device:25
[    0.174339]     utils-0051 util_eval_error       : Evaluate [\_SB_.PCI0.GEC_._SUN]: AE_NOT_FOUND
[    0.174358]      scan-1916 add_single_object     : Added device:25 [\_SB_.PCI0.GEC_] parent PNP0A08:00
[    0.174370]      scan-1133 get_device_data       : No context for object [ffff88040d8276e0]
[    0.174379]      scan-1133 get_device_data       : No context for object [ffff88040d827708]
[    0.174387]      scan-1133 get_device_data       : No context for object [ffff88040d827730]
[    0.174396]      scan-1133 get_device_data       : No context for object [ffff88040d827758]
[    0.174404]      scan-1133 get_device_data       : No context for object [ffff88040d827780]
[    0.174412]      scan-1133 get_device_data       : No context for object [ffff88040d8277a8]
[    0.174420]      scan-1133 get_device_data       : No context for object [ffff88040d8277d0]
[    0.174428]      scan-1133 get_device_data       : No context for object [ffff88040d8277f8]
[    0.174436]      scan-1133 get_device_data       : No context for object [ffff88040d827820]
[    0.174446]     utils-0051 util_eval_error       : Evaluate [\_SB_.PCI0.SATA._STA]: AE_NOT_FOUND
[    0.174494] device: 'device:26': device_add
[    0.174502] bus: 'acpi': add device device:26
[    0.174520]     utils-0051 util_eval_error       : Evaluate [\_SB_.PCI0.SATA._SUN]: AE_NOT_FOUND
[    0.174539]      scan-1916 add_single_object     : Added device:26 [\_SB_.PCI0.SATA] parent PNP0A08:00
[    0.174551]      scan-1133 get_device_data       : No context for object [ffff88040d827848]
[    0.174560]      scan-1133 get_device_data       : No context for object [ffff88040d827870]
[    0.174568]      scan-1133 get_device_data       : No context for object [ffff88040d827898]
[    0.174576]      scan-1133 get_device_data       : No context for object [ffff88040d8278c0]
[    0.174584]      scan-1133 get_device_data       : No context for object [ffff88040d8278e8]
[    0.174592]      scan-1133 get_device_data       : No context for object [ffff88040d827910]
[    0.174600]      scan-1133 get_device_data       : No context for object [ffff88040d827938]
[    0.174608]      scan-1133 get_device_data       : No context for object [ffff88040d827960]
[    0.174616]      scan-1133 get_device_data       : No context for object [ffff88040d827988]
[    0.174624]      scan-1133 get_device_data       : No context for object [ffff88040d8279b0]
[    0.174632]      scan-1133 get_device_data       : No context for object [ffff88040d8279d8]
[    0.174640]      scan-1133 get_device_data       : No context for object [ffff88040d827a00]
[    0.174648]      scan-1133 get_device_data       : No context for object [ffff88040d827a28]
[    0.174656]      scan-1133 get_device_data       : No context for object [ffff88040d827a50]
[    0.174664]      scan-1133 get_device_data       : No context for object [ffff88040d827a78]
[    0.174672]      scan-1133 get_device_data       : No context for object [ffff88040d827aa0]
[    0.174681]      scan-1133 get_device_data       : No context for object [ffff88040d827ac8]
[    0.174689]      scan-1133 get_device_data       : No context for object [ffff88040d827af0]
[    0.174697]      scan-1133 get_device_data       : No context for object [ffff88040d827b18]
[    0.174705]      scan-1133 get_device_data       : No context for object [ffff88040d827b40]
[    0.174713]      scan-1133 get_device_data       : No context for object [ffff88040d827b68]
[    0.174721]      scan-1133 get_device_data       : No context for object [ffff88040d827b90]
[    0.174729]      scan-1133 get_device_data       : No context for object [ffff88040d827bb8]
[    0.174737]      scan-1133 get_device_data       : No context for object [ffff88040d827be0]
[    0.174745]      scan-1133 get_device_data       : No context for object [ffff88040d827c08]
[    0.174753]      scan-1133 get_device_data       : No context for object [ffff88040d827c30]
[    0.174761]      scan-1133 get_device_data       : No context for object [ffff88040d827c58]
[    0.174769]      scan-1133 get_device_data       : No context for object [ffff88040d827c80]
[    0.174777]      scan-1133 get_device_data       : No context for object [ffff88040d827ca8]
[    0.174785]      scan-1133 get_device_data       : No context for object [ffff88040d827cd0]
[    0.174793]      scan-1133 get_device_data       : No context for object [ffff88040d827cf8]
[    0.174801]      scan-1133 get_device_data       : No context for object [ffff88040d827d20]
[    0.174809]      scan-1133 get_device_data       : No context for object [ffff88040d827d48]
[    0.174817]      scan-1133 get_device_data       : No context for object [ffff88040d827d70]
[    0.174825]      scan-1133 get_device_data       : No context for object [ffff88040d827d98]
[    0.174833]      scan-1133 get_device_data       : No context for object [ffff88040d827dc0]
[    0.174841]      scan-1133 get_device_data       : No context for object [ffff88040d827de8]
[    0.174849]      scan-1133 get_device_data       : No context for object [ffff88040d827e10]
[    0.174857]      scan-1133 get_device_data       : No context for object [ffff88040d827e38]
[    0.174865]      scan-1133 get_device_data       : No context for object [ffff88040d827e60]
[    0.174873]      scan-1133 get_device_data       : No context for object [ffff88040d827e88]
[    0.174881]      scan-1133 get_device_data       : No context for object [ffff88040d827eb0]
[    0.174889]      scan-1133 get_device_data       : No context for object [ffff88040d827ed8]
[    0.174897]      scan-1133 get_device_data       : No context for object [ffff88040d827f00]
[    0.174905]      scan-1133 get_device_data       : No context for object [ffff88040d827f28]
[    0.174915]     utils-0051 util_eval_error       : Evaluate [\_SB_.PCI0.SATA.PRID._STA]: AE_NOT_FOUND
