[    0.000000] Initializing cgroup subsys cpuset
[    0.000000] Initializing cgroup subsys cpu
[    0.000000] Initializing cgroup subsys cpuacct
[    0.000000] Linux version 3.16.0-1rc6-MANJARO (emacs@manji) (gcc version 4.9.0 20140604 (prerelease) (GCC) ) #2 SMP Fri Jul 25 07:54:24 CEST 2014
[    0.000000] Command line: BOOT_IMAGE=/vmlinuz-316-x86_64 root=UUID=bfa4ab6e-19a3-4601-ba2b-267c55841c73 rw cryptdevice=/dev/disk/by-uuid/70c08890-417a-497d-b6ab-c0d0357a63e2:cryptManjaro:allow-discards ipv6.disable=1 pnp.debug=1 loglevel=9 log_buf_len=10M printk.always_kmsg_dump=y printk.time=y mminit_loglevel=0 memory_corruption_check=1 fbcon=scrollback:4096k fbcon=font:ProFont6x11 acpi.debug_layer=0xfbff0000 acpi.debug_level=0xFFFFFFFD pnp.debug=1 radeonfb radeon.audio=0 radeon.lockup_timeout=0 radeon.test=0 radeon.agpmode=0 radeon.benchmark=0 radeon.tv=0 radeon.fastfb=1 radeon.hard_reset=1 radeon.aspm=1 radeon.dpm=1 radeon.msi=1 radeon.pcie_gen2=-1 radeon.no_wb=1 radeon.modeset=1 radeon.dynclks=1 radeon.r4xx_atom=0 radeon.runpm=0 nohz=on
[    0.000000] KERNEL supported cpus:
[    0.000000]   AMD AuthenticAMD
[    0.000000] e820: BIOS-provided physical RAM map:
[    0.000000] BIOS-e820: [mem 0x0000000000000000-0x000000000009d7ff] usable
[    0.000000] BIOS-e820: [mem 0x000000000009d800-0x000000000009ffff] reserved
[    0.000000] BIOS-e820: [mem 0x00000000000e0000-0x00000000000fffff] reserved
[    0.000000] BIOS-e820: [mem 0x0000000000100000-0x00000000bed9afff] usable
[    0.000000] BIOS-e820: [mem 0x00000000bed9b000-0x00000000bf39afff] reserved
[    0.000000] BIOS-e820: [mem 0x00000000bf39b000-0x00000000bf49afff] ACPI NVS
[    0.000000] BIOS-e820: [mem 0x00000000bf49b000-0x00000000bf51afff] ACPI data
[    0.000000] BIOS-e820: [mem 0x00000000bf51b000-0x00000000bfdfffff] usable
[    0.000000] BIOS-e820: [mem 0x00000000bfe00000-0x00000000bfffffff] reserved
[    0.000000] BIOS-e820: [mem 0x00000000fec00000-0x00000000fecfffff] reserved
[    0.000000] BIOS-e820: [mem 0x00000000fed80000-0x00000000fed80fff] reserved
[    0.000000] BIOS-e820: [mem 0x00000000ffe00000-0x00000000ffffffff] reserved
[    0.000000] BIOS-e820: [mem 0x0000000100000000-0x000000041effffff] usable
[    0.000000] NX (Execute Disable) protection: active
[    0.000000] SMBIOS 2.6 present.
[    0.000000] DMI: LENOVO Sabine/Torpedo, BIOS 54CN18WW 07/20/2011
[    0.000000] e820: update [mem 0x00000000-0x00000fff] usable ==> reserved
[    0.000000] e820: remove [mem 0x000a0000-0x000fffff] usable
[    0.000000] e820: last_pfn = 0x41f000 max_arch_pfn = 0x400000000
[    0.000000] MTRR default type: uncachable
[    0.000000] MTRR fixed ranges enabled:
[    0.000000]   00000-9FFFF write-back
[    0.000000]   A0000-BFFFF uncachable
[    0.000000]   C0000-FFFFF write-protect
[    0.000000] MTRR variable ranges enabled:
[    0.000000]   0 base 0000000000 mask FF80000000 write-back
[    0.000000]   1 base 0080000000 mask FFC0000000 write-back
[    0.000000]   2 base 00FFF90000 mask FFFFFF0000 uncachable
[    0.000000]   3 base 00FED80000 mask 0FFFFFF000 uncachable
[    0.000000]   4 disabled
[    0.000000]   5 disabled
[    0.000000]   6 disabled
[    0.000000]   7 base 00FFE00000 mask FFFFE00000 write-protect
[    0.000000] TOM2: 000000041f000000 aka 16880M
[    0.000000] mtrr: your BIOS has configured an incorrect mask, fixing it.
[    0.000000] e820: last_pfn = 0xbfe00 max_arch_pfn = 0x400000000
[    0.000000] found SMP MP-table at [mem 0x000fa8b0-0x000fa8bf] mapped at [ffff8800000fa8b0]
[    0.000000] Base memory trampoline at [ffff880000097000] 97000 size 24576
[    0.000000] Using GB pages for direct mapping
[    0.000000] init_memory_mapping: [mem 0x00000000-0x000fffff]
[    0.000000]  [mem 0x00000000-0x000fffff] page 4k
[    0.000000] BRK [0x02024000, 0x02024fff] PGTABLE
[    0.000000] BRK [0x02025000, 0x02025fff] PGTABLE
[    0.000000] BRK [0x02026000, 0x02026fff] PGTABLE
[    0.000000] init_memory_mapping: [mem 0x41ee00000-0x41effffff]
[    0.000000]  [mem 0x41ee00000-0x41effffff] page 2M
[    0.000000] BRK [0x02027000, 0x02027fff] PGTABLE
[    0.000000] init_memory_mapping: [mem 0x41c000000-0x41edfffff]
[    0.000000]  [mem 0x41c000000-0x41edfffff] page 2M
[    0.000000] init_memory_mapping: [mem 0x400000000-0x41bffffff]
[    0.000000]  [mem 0x400000000-0x41bffffff] page 2M
[    0.000000] init_memory_mapping: [mem 0x00100000-0xbed9afff]
[    0.000000]  [mem 0x00100000-0x001fffff] page 4k
[    0.000000]  [mem 0x00200000-0x3fffffff] page 2M
[    0.000000]  [mem 0x40000000-0x7fffffff] page 1G
[    0.000000]  [mem 0x80000000-0xbebfffff] page 2M
[    0.000000]  [mem 0xbec00000-0xbed9afff] page 4k
[    0.000000] init_memory_mapping: [mem 0xbf51b000-0xbfdfffff]
[    0.000000]  [mem 0xbf51b000-0xbf5fffff] page 4k
[    0.000000]  [mem 0xbf600000-0xbfdfffff] page 2M
[    0.000000] BRK [0x02028000, 0x02028fff] PGTABLE
[    0.000000] init_memory_mapping: [mem 0x100000000-0x3ffffffff]
[    0.000000]  [mem 0x100000000-0x3ffffffff] page 1G
[    0.000000] log_buf_len: 16777216
[    0.000000] early log buf free: 2092092(99%)
[    0.000000] RAMDISK: [mem 0x37856000-0x37c22fff]
[    0.000000] ACPI: Early table checksum verification disabled
[    0.000000] ACPI: RSDP 0x00000000000F0110 000024 (v02 LENOVO)
[    0.000000] ACPI: XSDT 0x00000000BF51A120 000074 (v01 LENOVO CB-01    00000001 LENO 00000001)
[    0.000000] ACPI: FACP 0x00000000BF508000 0000F4 (v04 LENOVO CB-01    00000001 PTL  00000001)
[    0.000000] ACPI: DSDT 0x00000000BF50A000 00FD10 (v01 LENOVO CB-01    00001000 LENO 00000001)
[    0.000000] ACPI: FACS 0x00000000BF478000 000040
[    0.000000] ACPI: HPET 0x00000000BF507000 000038 (v01 LENOVO CB-01    00000001 PTL  00000001)
[    0.000000] ACPI: APIC 0x00000000BF506000 00007A (v02 LENOVO CB-01    00000001 PTL  00000001)
[    0.000000] ACPI: MCFG 0x00000000BF505000 00003C (v01 LENOVO CB-01    00000001 PTL  00000001)
[    0.000000] ACPI: SLIC 0x00000000BF504000 000176 (v01 LENOVO CB-01    00000001 LENO 00000001)
[    0.000000] ACPI: UEFI 0x00000000BF503000 00003E (v01 LENOVO CB-01    00000001 PTL  00000001)
[    0.000000] ACPI: UEFI 0x00000000BF502000 000042 (v01 PTL    COMBUF   00000001 PTL  00000001)
[    0.000000] ACPI: SSDT 0x00000000BF501000 000E34 (v01 AMD    POWERNOW 00000001 AMD  00000001)
[    0.000000] ACPI: SSDT 0x00000000BF4FF000 00193D (v02 AMD    ALIB     00000001 MSFT 04000000)
[    0.000000] ACPI: UEFI 0x00000000BF4FE000 00021A (v01 LENOVO CB-01    00000001 PTL  00000001)
[    0.000000] ACPI: Local APIC address 0xfee00000
[    0.000000] No NUMA configuration found
[    0.000000] Faking a node at [mem 0x0000000000000000-0x000000041effffff]
[    0.000000] Initmem setup node 0 [mem 0x00000000-0x41effffff]
[    0.000000]   NODE_DATA [mem 0x41dffa000-0x41dffdfff]
[    0.000000]  [ffffea0000000000-ffffea00107fffff] PMD -> [ffff88040de00000-ffff88041d5fffff] on node 0
[    0.000000] Zone ranges:
[    0.000000]   DMA      [mem 0x00001000-0x00ffffff]
[    0.000000]   DMA32    [mem 0x01000000-0xffffffff]
[    0.000000]   Normal   [mem 0x100000000-0x41effffff]
[    0.000000] Movable zone start for each node
[    0.000000] Early memory node ranges
[    0.000000]   node   0: [mem 0x00001000-0x0009cfff]
[    0.000000]   node   0: [mem 0x00100000-0xbed9afff]
[    0.000000]   node   0: [mem 0xbf51b000-0xbfdfffff]
[    0.000000]   node   0: [mem 0x100000000-0x41effffff]
[    0.000000] On node 0 totalpages: 4056604
[    0.000000]   DMA zone: 64 pages used for memmap
[    0.000000]   DMA zone: 21 pages reserved
[    0.000000]   DMA zone: 3996 pages, LIFO batch:0
[    0.000000]   DMA32 zone: 12186 pages used for memmap
[    0.000000]   DMA32 zone: 779904 pages, LIFO batch:31
[    0.000000]   Normal zone: 51136 pages used for memmap
[    0.000000]   Normal zone: 3272704 pages, LIFO batch:31
[    0.000000] ACPI: PM-Timer IO Port: 0x808
[    0.000000] ACPI: Local APIC address 0xfee00000
[    0.000000] ACPI: LAPIC (acpi_id[0x00] lapic_id[0x00] enabled)
[    0.000000] ACPI: LAPIC (acpi_id[0x01] lapic_id[0x01] enabled)
[    0.000000] ACPI: LAPIC (acpi_id[0x02] lapic_id[0x02] enabled)
[    0.000000] ACPI: LAPIC (acpi_id[0x03] lapic_id[0x03] enabled)
[    0.000000] ACPI: LAPIC_NMI (acpi_id[0x00] high edge lint[0x1])
[    0.000000] ACPI: LAPIC_NMI (acpi_id[0x01] high edge lint[0x1])
[    0.000000] ACPI: LAPIC_NMI (acpi_id[0x02] high edge lint[0x1])
[    0.000000] ACPI: LAPIC_NMI (acpi_id[0x03] high edge lint[0x1])
[    0.000000] ACPI: IOAPIC (id[0x02] address[0xfec00000] gsi_base[0])
[    0.000000] IOAPIC[0]: apic_id 2, version 33, address 0xfec00000, GSI 0-23
[    0.000000] ACPI: INT_SRC_OVR (bus 0 bus_irq 0 global_irq 2 dfl dfl)
[    0.000000] ACPI: IRQ0 used by override.
[    0.000000] ACPI: IRQ2 used by override.
[    0.000000] ACPI: IRQ9 used by override.
[    0.000000] Using ACPI (MADT) for SMP configuration information
[    0.000000] ACPI: HPET id: 0x43538210 base: 0xfed00000
[    0.000000] smpboot: Allowing 4 CPUs, 0 hotplug CPUs
[    0.000000] nr_irqs_gsi: 40
[    0.000000] e820: [mem 0xc0000000-0xfebfffff] available for PCI devices
[    0.000000] setup_percpu: NR_CPUS:64 nr_cpumask_bits:64 nr_cpu_ids:4 nr_node_ids:1
[    0.000000] PERCPU: Embedded 27 pages/cpu @ffff88041dc00000 s80128 r8192 d22272 u524288
[    0.000000] pcpu-alloc: s80128 r8192 d22272 u524288 alloc=1*2097152
[    0.000000] pcpu-alloc: [0] 0 1 2 3 
[    0.000000] Built 1 zonelists in Zone order, mobility grouping on.  Total pages: 3993197
[    0.000000] Policy zone: Normal
[    0.000000] Kernel command line: BOOT_IMAGE=/vmlinuz-316-x86_64 root=UUID=bfa4ab6e-19a3-4601-ba2b-267c55841c73 rw cryptdevice=/dev/disk/by-uuid/70c08890-417a-497d-b6ab-c0d0357a63e2:cryptManjaro:allow-discards ipv6.disable=1 pnp.debug=1 loglevel=9 log_buf_len=10M printk.always_kmsg_dump=y printk.time=y mminit_loglevel=0 memory_corruption_check=1 fbcon=scrollback:4096k fbcon=font:ProFont6x11 acpi.debug_layer=0xfbff0000 acpi.debug_level=0xFFFFFFFD pnp.debug=1 radeonfb radeon.audio=0 radeon.lockup_timeout=0 radeon.test=0 radeon.agpmode=0 radeon.benchmark=0 radeon.tv=0 radeon.fastfb=1 radeon.hard_reset=1 radeon.aspm=1 radeon.dpm=1 radeon.msi=1 radeon.pcie_gen2=-1 radeon.no_wb=1 radeon.modeset=1 radeon.dynclks=1 radeon.r4xx_atom=0 radeon.runpm=0 nohz=on
[    0.000000] PID hash table entries: 4096 (order: 3, 32768 bytes)
[    0.000000] Memory: 15868884K/16226416K available (6414K kernel code, 771K rwdata, 2840K rodata, 848K init, 2592K bss, 357532K reserved)
[    0.000000] SLUB: HWalign=64, Order=0-3, MinObjects=0, CPUs=4, Nodes=1
[    0.000000] Hierarchical RCU implementation.
[    0.000000] 	RCU dyntick-idle grace-period acceleration is enabled.
[    0.000000] 	Additional per-CPU info printed with stalls.
[    0.000000] 	RCU restricting CPUs from NR_CPUS=64 to nr_cpu_ids=4.
[    0.000000] 	Offload RCU callbacks from all CPUs
[    0.000000] 	Offload RCU callbacks from CPUs: 0-3.
[    0.000000] RCU: Adjusting geometry for rcu_fanout_leaf=16, nr_cpu_ids=4
[    0.000000] NO_HZ: Full dynticks CPUs: 1-63.
[    0.000000] NR_IRQS:4352 nr_irqs:712 16
[    0.000000] spurious 8259A interrupt: IRQ7.
[    0.000000] Console: colour dummy device 80x25
[    0.000000] console [tty0] enabled
[    0.000000] allocated 65011712 bytes of page_cgroup
[    0.000000] please try 'cgroup_disable=memory' option if you don't want memory cgroups
[    0.000000] hpet clockevent registered
[    0.000000] tsc: Fast TSC calibration using PIT
[    0.000000] tsc: Detected 1397.422 MHz processor
[    0.000041] Calibrating delay loop (skipped), value calculated using timer frequency.. 2795.29 BogoMIPS (lpj=4658073)
[    0.000046] pid_max: default: 32768 minimum: 301
[    0.000057] ACPI: Core revision 20140424
[    0.022326] ACPI: All ACPI Tables successfully acquired
[    0.024474] Security Framework initialized
[    0.025919] Dentry cache hash table entries: 2097152 (order: 12, 16777216 bytes)
[    0.032015] Inode-cache hash table entries: 1048576 (order: 11, 8388608 bytes)
[    0.034719] Mount-cache hash table entries: 32768 (order: 6, 262144 bytes)
[    0.034754] Mountpoint-cache hash table entries: 32768 (order: 6, 262144 bytes)
[    0.035343] Initializing cgroup subsys memory
[    0.035385] Initializing cgroup subsys devices
[    0.035397] Initializing cgroup subsys freezer
[    0.035404] Initializing cgroup subsys blkio
[    0.035441] tseg: 00bfe00000
[    0.035446] CPU: Physical Processor ID: 0
[    0.035449] CPU: Processor Core ID: 0
[    0.035453] mce: CPU supports 6 MCE banks
[    0.035467] Last level iTLB entries: 4KB 512, 2MB 16, 4MB 8
Last level dTLB entries: 4KB 1024, 2MB 128, 4MB 64, 1GB 0
tlb_flushall_shift: 6
[    0.035652] Freeing SMP alternatives memory: 20K (ffffffff81d96000 - ffffffff81d9b000)
[    0.036129] ..TIMER: vector=0x30 apic1=0 pin1=2 apic2=-1 pin2=-1
[    0.069206] smpboot: CPU0: AMD A6-3400M APU with Radeon(tm) HD Graphics (fam: 12, model: 01, stepping: 00)
[    0.174076] Performance Events: AMD PMU driver.
[    0.174084] ... version:                0
[    0.174088] ... bit width:              48
[    0.174092] ... generic registers:      4
[    0.174095] ... value mask:             0000ffffffffffff
[    0.174099] ... max period:             00007fffffffffff
[    0.174103] ... fixed-purpose events:   0
[    0.174106] ... event mask:             000000000000000f
[    0.174559] MCE: In-kernel MCE decoding enabled.
[    0.174624] NMI watchdog: enabled on all CPUs, permanently consumes one hw-PMU counter.
[    0.174715] x86: Booting SMP configuration:
[    0.174719] .... node  #0, CPUs:      #1
[    5.518201] smpboot: CPU1: Not responding
[    5.518253] smpboot: do_boot_cpu failed(1) to wakeup CPU#1
[    5.518356]  #2
[    5.531572] TSC synchronization [CPU#0 -> CPU#2]:
[    5.531578] Measured 180907384 cycles TSC warp between CPUs, turning off TSC clock.
[    5.531586] tsc: Marking TSC unstable due to check_tsc_sync_source failed
[    5.531752]  #3
[    5.542950] x86: Booted up 1 node, 3 CPUs
[    5.542956] smpboot: Total of 3 processors activated (8387.88 BogoMIPS)
[    5.160117] devtmpfs: initialized
[    5.160117] device: 'platform': device_add
[    5.160117] bus: 'platform': registered
[    5.160117] bus: 'cpu': registered
[    5.160122] device: 'cpu': device_add
[    5.160152] bus: 'container': registered
[    5.160157] device: 'container': device_add
[    5.160489] bus: 'workqueue': registered
[    5.160489] device: 'workqueue': device_add
[    5.160489] kworker/u8:0 (39) used greatest stack depth: 14968 bytes left
[    5.160637] atomic64_test: passed for x86-64 platform with CX8 and with SSE
[    5.160648] device class 'regulator': registering
[    5.163350] Registering platform device 'reg-dummy'. Parent at platform
[    5.163350] device: 'reg-dummy': device_add
[    5.163350] bus: 'platform': add device reg-dummy
[    5.163394] bus: 'platform': add driver reg-dummy
[    5.163394] bus: 'platform': driver_probe_device: matched device reg-dummy with driver reg-dummy
[    5.163394] bus: 'platform': really_probe: probing driver reg-dummy with device reg-dummy
[    5.163394] device: 'regulator.0': device_add
[    5.163394] regulator-dummy: no parameters
[    5.163394] driver: 'reg-dummy': driver_bound: bound to device 'reg-dummy'
[    5.163394] bus: 'platform': really_probe: bound device reg-dummy to driver reg-dummy
[    5.163394] NET: Registered protocol family 16
[    5.163394] device class 'bdi': registering
[    5.163394] bus: 'platform': add driver ramoops
[    5.163394] device class 'pci_bus': registering
[    5.163424] bus: 'pci': registered
[    5.163430] device class 'backlight': registering
[    5.163443] device class 'tty': registering
[    5.163456] device class 'vtconsole': registering
[    5.163468] device: 'vtcon0': device_add
[    5.163489] kworker/u8:0 (46) used greatest stack depth: 14832 bytes left
[    5.163513] bus: 'node': registered
[    5.163515] device: 'node': device_add
[    5.163552] bus: 'i2c': registered
[    5.163561] bus: 'i2c': add driver dummy
[    5.163575] i2c-core: driver [dummy] registered
[    5.163583] cpuidle: using governor ladder
[    5.163588] cpuidle: using governor menu
[    5.164056] ACPI FADT declares the system doesn't support PCIe ASPM, so disable it
[    5.164062] ACPI: bus type PCI registered
[    5.164066] acpiphp: ACPI Hot Plug PCI Controller Driver version: 0.5
[    5.164072] device class 'dmi': registering
[    5.164085] device: 'id': device_add
[    5.164211] PCI: MMCONFIG for domain 0000 [bus 00-3f] at [mem 0xf8000000-0xfbffffff] (base 0xf8000000)
[    5.164218] PCI: not using MMCONFIG
[    5.164222] PCI: Using configuration type 1 for base access
[    5.164225] PCI: Using configuration type 1 for extended access
[    5.164478] device: 'node0': device_add
[    5.164482] bus: 'node': add device node0
[    5.164506] device: 'cpu0': device_add
[    5.164510] bus: 'cpu': add device cpu0
[    5.164541] device: 'cpu1': device_add
[    5.164546] bus: 'cpu': add device cpu1
[    5.164573] device: 'cpu2': device_add
[    5.164578] bus: 'cpu': add device cpu2
[    5.164607] device: 'cpu3': device_add
[    5.164614] bus: 'cpu': add device cpu3
[    5.164656] mtrr: your CPUs had inconsistent variable MTRR settings
[    5.164659] mtrr: probably your BIOS does not setup all CPUs.
[    5.164663] mtrr: corrected configuration.
[    5.164701] kworker/u8:0 (63) used greatest stack depth: 14160 bytes left
[    5.180061] device: 'writeback': device_add
[    5.180061] bus: 'workqueue': add device writeback
[    5.180106] device: 'default': device_add
[    5.180227] device class 'block': registering
[    5.180227] device class 'graphics': registering
[    5.180227] ACPI: Added _OSI(Module Device)
[    5.180227] ACPI: Added _OSI(Processor Device)
[    5.180227] ACPI: Added _OSI(3.0 _SCP Extensions)
[    5.180227] ACPI: Added _OSI(Processor Aggregator Device)
[    5.183340] 
**** Context Switch from TID 4294967295 to TID 137625600 ****

[    5.183340]     utils-0051 util_eval_error       : Evaluate [\_SB_.PCI0.LPC0.EC0_._GLK]: AE_NOT_FOUND
[    5.183340] Executing  Method       \_SB_.PCI0.LPC0.EC0_._REG
[    5.183340] Executing  Method       \_SB_.PCI0.LPC0.EC0_._REG
[    5.183340] Executing  Method       \_SB_.PCI0.LPC0.EC0_._REG
[    5.183340] Executing  Method       \_SB_.PCI0.LPC0.EC0_._REG
[    5.185059] Initializing Region       \_SB_.OSTY
[    5.185092] Initializing Region       \_SB_.PCI0.NBMS
[    5.185112] Initializing Region       \_SB_.PCI0.NBXP
[    5.185135] Initializing Region       \_SB_.PCI0.K8ST
[    5.185196] Initializing Region       \_SB_.PCI0.BAR1
[    5.185229] Initializing Region       \_SB_.PCI0.PB2_.XPEX
[    5.185248] Initializing Region       \_SB_.PCI0.PB2_.PCFG
[    5.185268] Initializing Region       \_SB_.PCI0.PB2_.XPCB
[    5.185288] Initializing Region       \_SB_.PCI0.PB2_.XPRI
[    5.185312] Initializing Region       \_SB_.PCI0.PB2_.VGA_.PCFG
[    5.185395] Initializing Region       \_SB_.PCI0.PB2_.HDAU.PCFG
[    5.185429] Initializing Region       \_SB_.PCI0.PB3_.XPEX
[    5.185448] Initializing Region       \_SB_.PCI0.PB3_.PCFG
[    5.185467] Initializing Region       \_SB_.PCI0.PB3_.XPCB
[    5.185488] Initializing Region       \_SB_.PCI0.PB3_.XPRI
[    5.185512] Initializing Region       \_SB_.PCI0.PB3_.VGA_.PCFG
[    5.185591] Initializing Region       \_SB_.PCI0.PB3_.HDAU.PCFG
[    5.185611] Initializing Region       \_SB_.PCI0.PB4_.XPEX
[    5.185623] Initializing Region       \_SB_.PCI0.PB4_.PCFG
[    5.185635] Initializing Region       \_SB_.PCI0.PB4_.XPCB
[    5.185647] Initializing Region       \_SB_.PCI0.PB4_.XPRI
[    5.185662] Initializing Region       \_SB_.PCI0.PB4_.XPDV.PCFG
[    5.185683] Initializing Region       \_SB_.PCI0.PB5_.XPEX
[    5.185695] Initializing Region       \_SB_.PCI0.PB5_.PCFG
[    5.185706] Initializing Region       \_SB_.PCI0.PB5_.XPCB
[    5.185719] Initializing Region       \_SB_.PCI0.PB5_.XPRI
[    5.185733] Initializing Region       \_SB_.PCI0.PB5_.XPDV.PCFG
[    5.185754] Initializing Region       \_SB_.PCI0.PB6_.XPEX
[    5.185771] Initializing Region       \_SB_.PCI0.PB6_.PCFG
[    5.185790] Initializing Region       \_SB_.PCI0.PB6_.XPCB
[    5.185811] Initializing Region       \_SB_.PCI0.PB6_.XPRI
[    5.185834] Initializing Region       \_SB_.PCI0.PB6_.XPDV.PCFG
[    5.185869] Initializing Region       \_SB_.PCI0.PB7_.XPEX
[    5.185888] Initializing Region       \_SB_.PCI0.PB7_.PCFG
[    5.185907] Initializing Region       \_SB_.PCI0.PB7_.XPCB
[    5.185927] Initializing Region       \_SB_.PCI0.PB7_.XPRI
[    5.185951] Initializing Region       \_SB_.PCI0.PB7_.XPDV.PCFG
[    5.186253] Initializing Region       \_SB_.PCI0.SATC
[    5.186273] Initializing Region       \_SB_.PCI0.RMEM
[    5.186368] Initializing Region       \_SB_.PCI0.SATA.SATX
[    5.186394] Initializing Region       \_SB_.PCI0.SATA.BAR5
[    5.206907] Initializing Region       \_SB_.PCI0.SMB_.SBRV
[    5.206943] Initializing Region       \_SB_.PCI0.SMB_.PMIO
[    5.206964] Initializing Region       \_SB_.PCI0.SMB_.ERMM
[    5.206983] Initializing Region       \_SB_.PCI0.SMB_.P1E0
[    5.206983] Initializing Region       \_SB_.PCI0.SMB_.ABIO
[    5.206983] Initializing Region       \_SB_.PCI0.SMB_.SMB0
[    5.206983] Initializing Region       \_SB_.PCI0.LPC0.PIRQ
[    5.207057] Initializing Region       \_SB_.PCI0.LPC0.LPCR
[    5.207161] Initializing Region       \_SB_.PCI0.LPC0.LPCS
[    5.207192] Initializing Region       \_SB_.PCI0.LPC0.SMI0
[    5.207211] Initializing Region       \_SB_.PCI0.LPC0.SMI1
[    5.207238] Initializing Region       \_SB_.PCI0.LPC0.EC0_.ECO1
[    5.207258] Initializing Region       \_SB_.PCI0.LPC0.EC0_.ECO2
[    5.207277] Initializing Region       \_SB_.PCI0.LPC0.EC0_.ECMB
[    5.207296] Initializing Region       \_SB_.PCI0.LPC0.EC0_.RAM_
[    5.207398] Initializing Region       \_SB_.PCI0.LPC0.EC0_.CMOS
[    5.207426] Initializing Region       \_SB_.PCI0.LPC0.EC0_.VPC0.ERAM
[    5.207474] Initializing Region       \_SB_.PCI0.SPB0.PCFG
[    5.207487] Initializing Region       \_SB_.PCI0.SPB0.XPCB
[    5.207501] Initializing Region       \_SB_.PCI0.SPB0.XPDV.PCFG
[    5.207522] Initializing Region       \_SB_.PCI0.SPB1.PCFG
[    5.207534] Initializing Region       \_SB_.PCI0.SPB1.XPCB
[    5.207557] Initializing Region       \_SB_.PCI0.SPB1.XPDV.PCFG
[    5.207590] Initializing Region       \_SB_.PCI0.SPB2.PCFG
[    5.207610] Initializing Region       \_SB_.PCI0.SPB2.XPCB
[    5.207634] Initializing Region       \_SB_.PCI0.SPB2.XPDV.PCFG
[    5.207667] Initializing Region       \_SB_.PCI0.SPB3.PCFG
[    5.207687] Initializing Region       \_SB_.PCI0.SPB3.XPCB
[    5.207711] Initializing Region       \_SB_.PCI0.SPB3.XPDV.PCFG
[    5.207915] Initializing Region       \_SB_.PCI0.VGA_.REVD
[    5.208160] Initializing BufferField  \_SB_.AMW0.WLID
[    5.208614] Initializing Region       \DEB2
[    5.208626] Initializing Region       \PMIO
[    5.208638] Initializing Region       \P01_
[    5.208666] Initializing Region       \CNVS
[    5.208686] Initializing Region       \SPRT
[    5.208708] Initializing Region       \CMIO
[    5.208842] Executing  Method       \_SB_._STA
[    5.208850] Executing  Method       \_SB_._INI
[    5.208858] Executing  Method       \_SB_.PCI0._STA
[    5.208865] Executing  Method       \_SB_.PCI0._INI
[    5.209139] [Firmware Bug]: ACPI: BIOS _OSI(Linux) query ignored
[    5.209606] Executing  Method       \_SB_.PCI0.SATA._STA
[    5.209615] Executing  Method       \_SB_.PCI0.SATA._INI
[    5.210549] Executing  Method       \_SB_.PCI0.LPC0.EC0_._REG
[    5.236878] ACPI: Interpreter enabled
[    5.236878] ACPI: (supports S0 S5)
[    5.236878] ACPI: Using IOAPIC for interrupt routing
[    5.237099] PCI: MMCONFIG for domain 0000 [bus 00-3f] at [mem 0xf8000000-0xfbffffff] (base 0xf8000000)
[    5.237843] PCI: MMCONFIG at [mem 0xf8000000-0xfbffffff] reserved in ACPI motherboard resources
[    5.237951] bus: 'acpi': registered
[    5.237958] PCI: Using host bridge windows from ACPI; if necessary, use "pci=nocrs" and report a bug
[    5.237969]      scan-1133 get_device_data       : No context for object [ffffffffffffffff]
[    5.237981]     utils-0051 util_eval_error       : Evaluate [\._STA]: AE_NOT_FOUND
[    5.238005] device: 'LNXSYSTM:00': device_add
[    5.238015] bus: 'acpi': add device LNXSYSTM:00
[    5.238042]     utils-0051 util_eval_error       : Evaluate [\._SUN]: AE_NOT_FOUND
[    5.238062]      scan-1922 add_single_object     : Added LNXSYSTM:00 [\] parent (null)
[    5.238080]      scan-1133 get_device_data       : No context for object [ffff88040d81d000]
[    5.238087]      scan-1133 get_device_data       : No context for object [ffff88040d8377d0]
[    5.238094]      scan-1133 get_device_data       : No context for object [ffff88040d8377f8]
[    5.238101]      scan-1133 get_device_data       : No context for object [ffff88040d837820]
[    5.238108]      scan-1133 get_device_data       : No context for object [ffff88040d837848]
[    5.238114]      scan-1133 get_device_data       : No context for object [ffff88040d837870]
[    5.238121]      scan-1133 get_device_data       : No context for object [ffff88040d837898]
[    5.238128]      scan-1133 get_device_data       : No context for object [ffff88040d8378c0]
[    5.238134]      scan-1133 get_device_data       : No context for object [ffff88040d8378e8]
[    5.238141]      scan-1133 get_device_data       : No context for object [ffff88040d839398]
[    5.238148]      scan-1133 get_device_data       : No context for object [ffff88040d81d028]
[    5.238154]      scan-1133 get_device_data       : No context for object [ffff88040d81d168]
[    5.238162]     utils-0051 util_eval_error       : Evaluate [\_PR_.C000._STA]: AE_NOT_FOUND
[    5.238170]      scan-1133 get_device_data       : No context for object [ffff88040d81d028]
[    5.238186] device: 'LNXCPU:00': device_add
[    5.238192] bus: 'acpi': add device LNXCPU:00
[    5.238215]     utils-0051 util_eval_error       : Evaluate [\_PR_.C000._SUN]: AE_NOT_FOUND
[    5.238231]      scan-1922 add_single_object     : Added LNXCPU:00 [\_PR_.C000] parent LNXSYSTM:00
[    5.238242]      scan-1133 get_device_data       : No context for object [ffff88040d83c398]
[    5.238249]      scan-1133 get_device_data       : No context for object [ffff88040d83c3c0]
[    5.238255]      scan-1133 get_device_data       : No context for object [ffff88040d83c3e8]
[    5.238262]      scan-1133 get_device_data       : No context for object [ffff88040d83c410]
[    5.238268]      scan-1133 get_device_data       : No context for object [ffff88040d83c438]
[    5.238275]      scan-1133 get_device_data       : No context for object [ffff88040d83c460]
[    5.238282]      scan-1133 get_device_data       : No context for object [ffff88040d81d190]
[    5.238290]     utils-0051 util_eval_error       : Evaluate [\_PR_.C001._STA]: AE_NOT_FOUND
[    5.238297]      scan-1133 get_device_data       : No context for object [ffff88040d81d028]
[    5.238312] device: 'LNXCPU:01': device_add
[    5.238318] bus: 'acpi': add device LNXCPU:01
[    5.238336]     utils-0051 util_eval_error       : Evaluate [\_PR_.C001._SUN]: AE_NOT_FOUND
[    5.238352]      scan-1922 add_single_object     : Added LNXCPU:01 [\_PR_.C001] parent LNXSYSTM:00
[    5.238362]      scan-1133 get_device_data       : No context for object [ffff88040d83c488]
[    5.238369]      scan-1133 get_device_data       : No context for object [ffff88040d83c4b0]
[    5.238376]      scan-1133 get_device_data       : No context for object [ffff88040d83c4d8]
[    5.238383]      scan-1133 get_device_data       : No context for object [ffff88040d83c500]
[    5.238390]      scan-1133 get_device_data       : No context for object [ffff88040d83c528]
[    5.238396]      scan-1133 get_device_data       : No context for object [ffff88040d83c550]
[    5.238403]      scan-1133 get_device_data       : No context for object [ffff88040d81d1b8]
[    5.238411]     utils-0051 util_eval_error       : Evaluate [\_PR_.C002._STA]: AE_NOT_FOUND
[    5.238419]      scan-1133 get_device_data       : No context for object [ffff88040d81d028]
[    5.238434] device: 'LNXCPU:02': device_add
[    5.238440] bus: 'acpi': add device LNXCPU:02
[    5.238457]     utils-0051 util_eval_error       : Evaluate [\_PR_.C002._SUN]: AE_NOT_FOUND
[    5.240009]      scan-1922 add_single_object     : Added LNXCPU:02 [\_PR_.C002] parent LNXSYSTM:00
[    5.240009]      scan-1133 get_device_data       : No context for object [ffff88040d83c578]
[    5.240009]      scan-1133 get_device_data       : No context for object [ffff88040d83c5a0]
[    5.240009]      scan-1133 get_device_data       : No context for object [ffff88040d83c5c8]
[    5.240009]      scan-1133 get_device_data       : No context for object [ffff88040d83c5f0]
[    5.240009]      scan-1133 get_device_data       : No context for object [ffff88040d83c618]
[    5.240009]      scan-1133 get_device_data       : No context for object [ffff88040d83c640]
[    5.240009]      scan-1133 get_device_data       : No context for object [ffff88040d81d1e0]
[    5.240009]     utils-0051 util_eval_error       : Evaluate [\_PR_.C003._STA]: AE_NOT_FOUND
[    5.240009]      scan-1133 get_device_data       : No context for object [ffff88040d81d028]
[    5.240009] device: 'LNXCPU:03': device_add
[    5.240009] bus: 'acpi': add device LNXCPU:03
[    5.240009]     utils-0051 util_eval_error       : Evaluate [\_PR_.C003._SUN]: AE_NOT_FOUND
[    5.240025]      scan-1922 add_single_object     : Added LNXCPU:03 [\_PR_.C003] parent LNXSYSTM:00
[    5.240025]      scan-1133 get_device_data       : No context for object [ffff88040d83c668]
[    5.240025]      scan-1133 get_device_data       : No context for object [ffff88040d83c690]
[    5.240025]      scan-1133 get_device_data       : No context for object [ffff88040d83c6b8]
[    5.240025]      scan-1133 get_device_data       : No context for object [ffff88040d83c6e0]
[    5.240025]      scan-1133 get_device_data       : No context for object [ffff88040d83c708]
[    5.240025]      scan-1133 get_device_data       : No context for object [ffff88040d83c730]
[    5.240025]      scan-1133 get_device_data       : No context for object [ffff88040d81d050]
[    5.240025]     utils-0051 util_eval_error       : Evaluate [\_SB_._STA]: AE_NOT_FOUND
[    5.240025] device: 'LNXSYBUS:00': device_add
[    5.240025] bus: 'acpi': add device LNXSYBUS:00
[    5.240025]     utils-0051 util_eval_error       : Evaluate [\_SB_._SUN]: AE_NOT_FOUND
[    5.240025]      scan-1922 add_single_object     : Added LNXSYBUS:00 [\_SB_] parent LNXSYSTM:00
[    5.240025]      scan-1133 get_device_data       : No context for object [ffff88040d81d3c0]
[    5.240025]      scan-1133 get_device_data       : No context for object [ffff88040d81d3e8]
[    5.240025]      scan-1133 get_device_data       : No context for object [ffff88040d81d410]
[    5.240025]      scan-1133 get_device_data       : No context for object [ffff88040d81d438]
[    5.240025]      scan-1133 get_device_data       : No context for object [ffff88040d81d460]
[    5.240025]      scan-1133 get_device_data       : No context for object [ffff88040d81d488]
[    5.240025]      scan-1133 get_device_data       : No context for object [ffff88040d81d4b0]
[    5.240025]      scan-1133 get_device_data       : No context for object [ffff88040d81d5a0]
[    5.240025]     utils-0051 util_eval_error       : Evaluate [\_SB_.PWRB._STA]: AE_NOT_FOUND
[    5.240029] device: 'PNP0C0C:00': device_add
[    5.240036] bus: 'acpi': add device PNP0C0C:00
[    5.240057]     utils-0051 util_eval_error       : Evaluate [\_SB_.PWRB._SUN]: AE_NOT_FOUND
[    5.240073]      scan-1922 add_single_object     : Added PNP0C0C:00 [\_SB_.PWRB] parent LNXSYBUS:00
[    5.240089]      scan-1133 get_device_data       : No context for object [ffff88040d81d5c8]
[    5.240097]      scan-1133 get_device_data       : No context for object [ffff88040d81d5f0]
[    5.240106]     utils-0051 util_eval_error       : Evaluate [\_SB_.PCI0._STA]: AE_NOT_FOUND
[    5.240166] device: 'PNP0A08:00': device_add
[    5.240170] bus: 'acpi': add device PNP0A08:00
[    5.240184]     utils-0051 util_eval_error       : Evaluate [\_SB_.PCI0._SUN]: AE_NOT_FOUND
[    5.240195]      scan-1922 add_single_object     : Added PNP0A08:00 [\_SB_.PCI0] parent LNXSYBUS:00
[    5.240206]      scan-1133 get_device_data       : No context for object [ffff88040d81d618]
[    5.240210]      scan-1133 get_device_data       : No context for object [ffff88040d81d640]
[    5.240214]      scan-1133 get_device_data       : No context for object [ffff88040d81d668]
[    5.240218]      scan-1133 get_device_data       : No context for object [ffff88040d81d690]
[    5.240222]      scan-1133 get_device_data       : No context for object [ffff88040d81d6b8]
[    5.240226]      scan-1133 get_device_data       : No context for object [ffff88040d81d6e0]
[    5.240230]      scan-1133 get_device_data       : No context for object [ffff88040d81d708]
[    5.240234]      scan-1133 get_device_data       : No context for object [ffff88040d81d730]
[    5.240238]      scan-1133 get_device_data       : No context for object [ffff88040d81d758]
[    5.240242]      scan-1133 get_device_data       : No context for object [ffff88040d81d780]
[    5.240246]      scan-1133 get_device_data       : No context for object [ffff88040d81d7a8]
[    5.240250]      scan-1133 get_device_data       : No context for object [ffff88040d81d7d0]
[    5.240254]      scan-1133 get_device_data       : No context for object [ffff88040d81d7f8]
[    5.240258]      scan-1133 get_device_data       : No context for object [ffff88040d81d820]
[    5.240262]      scan-1133 get_device_data       : No context for object [ffff88040d81d848]
[    5.240266]      scan-1133 get_device_data       : No context for object [ffff88040d81d870]
[    5.240270]      scan-1133 get_device_data       : No context for object [ffff88040d81d898]
[    5.240274]      scan-1133 get_device_data       : No context for object [ffff88040d81d8c0]
[    5.240278]      scan-1133 get_device_data       : No context for object [ffff88040d81d8e8]
[    5.240282]      scan-1133 get_device_data       : No context for object [ffff88040d81d910]
[    5.240286]      scan-1133 get_device_data       : No context for object [ffff88040d81d938]
[    5.240290]      scan-1133 get_device_data       : No context for object [ffff88040d81d960]
[    5.240294]      scan-1133 get_device_data       : No context for object [ffff88040d81d988]
[    5.240298]      scan-1133 get_device_data       : No context for object [ffff88040d81d9b0]
[    5.240302]      scan-1133 get_device_data       : No context for object [ffff88040d81d9d8]
[    5.240306]      scan-1133 get_device_data       : No context for object [ffff88040d81da00]
[    5.240310]      scan-1133 get_device_data       : No context for object [ffff88040d81da28]
[    5.240314]      scan-1133 get_device_data       : No context for object [ffff88040d81da50]
[    5.240318]      scan-1133 get_device_data       : No context for object [ffff88040d81da78]
[    5.240322]      scan-1133 get_device_data       : No context for object [ffff88040d81daa0]
[    5.240325]      scan-1133 get_device_data       : No context for object [ffff88040d81dac8]
[    5.240329]      scan-1133 get_device_data       : No context for object [ffff88040d81daf0]
[    5.240333]      scan-1133 get_device_data       : No context for object [ffff88040d81db18]
[    5.240337]      scan-1133 get_device_data       : No context for object [ffff88040d81db40]
[    5.240341]      scan-1133 get_device_data       : No context for object [ffff88040d81db68]
[    5.240345]      scan-1133 get_device_data       : No context for object [ffff88040d81db90]
[    5.240349]      scan-1133 get_device_data       : No context for object [ffff88040d81dbb8]
[    5.240353]      scan-1133 get_device_data       : No context for object [ffff88040d81dbe0]
[    5.240357]      scan-1133 get_device_data       : No context for object [ffff88040d81dc08]
[    5.240363]      scan-1133 get_device_data       : No context for object [ffff88040d81dc30]
[    5.240370]      scan-1133 get_device_data       : No context for object [ffff88040d81dc58]
[    5.240376]      scan-1133 get_device_data       : No context for object [ffff88040d81dc80]
[    5.240383]      scan-1133 get_device_data       : No context for object [ffff88040d81dca8]
[    5.240389]      scan-1133 get_device_data       : No context for object [ffff88040d81dcd0]
[    5.240396]      scan-1133 get_device_data       : No context for object [ffff88040d81dcf8]
[    5.240402]      scan-1133 get_device_data       : No context for object [ffff88040d81dd20]
[    5.240409]      scan-1133 get_device_data       : No context for object [ffff88040d81dd48]
[    5.240415]      scan-1133 get_device_data       : No context for object [ffff88040d81dd70]
[    5.240422]      scan-1133 get_device_data       : No context for object [ffff88040d81dd98]
[    5.240428]      scan-1133 get_device_data       : No context for object [ffff88040d81ddc0]
[    5.240435]      scan-1133 get_device_data       : No context for object [ffff88040d81dde8]
[    5.240441]      scan-1133 get_device_data       : No context for object [ffff88040d81de10]
[    5.240447]      scan-1133 get_device_data       : No context for object [ffff88040d81de38]
[    5.240454]      scan-1133 get_device_data       : No context for object [ffff88040d81de60]
[    5.240460]      scan-1133 get_device_data       : No context for object [ffff88040d81de88]
[    5.240467]      scan-1133 get_device_data       : No context for object [ffff88040d81deb0]
[    5.240473]      scan-1133 get_device_data       : No context for object [ffff88040d81ded8]
[    5.240480]      scan-1133 get_device_data       : No context for object [ffff88040d81df00]
[    5.240486]      scan-1133 get_device_data       : No context for object [ffff88040d81df28]
[    5.240493]      scan-1133 get_device_data       : No context for object [ffff88040d81df50]
[    5.240499]      scan-1133 get_device_data       : No context for object [ffff88040d81df78]
[    5.240506]      scan-1133 get_device_data       : No context for object [ffff88040d81dfa0]
[    5.240512]      scan-1133 get_device_data       : No context for object [ffff88040d81dfc8]
[    5.240518]      scan-1133 get_device_data       : No context for object [ffff88040d822000]
[    5.240525]      scan-1133 get_device_data       : No context for object [ffff88040d822028]
[    5.240533]     utils-0051 util_eval_error       : Evaluate [\_SB_.PCI0.MEMR._STA]: AE_NOT_FOUND
[    5.240576] device: 'PNP0C02:00': device_add
[    5.240583] bus: 'acpi': add device PNP0C02:00
[    5.240601]     utils-0051 util_eval_error       : Evaluate [\_SB_.PCI0.MEMR._SUN]: AE_NOT_FOUND
[    5.240617]      scan-1922 add_single_object     : Added PNP0C02:00 [\_SB_.PCI0.MEMR] parent PNP0A08:00
[    5.240631]      scan-1133 get_device_data       : No context for object [ffff88040d822050]
[    5.240638]      scan-1133 get_device_data       : No context for object [ffff88040d822078]
[    5.240645]      scan-1133 get_device_data       : No context for object [ffff88040d8220a0]
[    5.240652]      scan-1133 get_device_data       : No context for object [ffff88040d8220c8]
[    5.240658]      scan-1133 get_device_data       : No context for object [ffff88040d8220f0]
[    5.240665]      scan-1133 get_device_data       : No context for object [ffff88040d822118]
[    5.240671]      scan-1133 get_device_data       : No context for object [ffff88040d822140]
[    5.240678]      scan-1133 get_device_data       : No context for object [ffff88040d822168]
[    5.240684]      scan-1133 get_device_data       : No context for object [ffff88040d822190]
[    5.240691]      scan-1133 get_device_data       : No context for object [ffff88040d8221b8]
[    5.240697]      scan-1133 get_device_data       : No context for object [ffff88040d8221e0]
[    5.240704]      scan-1133 get_device_data       : No context for object [ffff88040d822208]
[    5.240710]      scan-1133 get_device_data       : No context for object [ffff88040d822230]
[    5.240717]      scan-1133 get_device_data       : No context for object [ffff88040d822258]
[    5.240723]      scan-1133 get_device_data       : No context for object [ffff88040d822280]
[    5.240730]      scan-1133 get_device_data       : No context for object [ffff88040d8222a8]
[    5.240738]     utils-0051 util_eval_error       : Evaluate [\_SB_.PCI0.PB2_._STA]: AE_NOT_FOUND
[    5.240846] device: 'device:00': device_add
[    5.240853] bus: 'acpi': add device device:00
[    5.240874]     utils-0051 util_eval_error       : Evaluate [\_SB_.PCI0.PB2_._SUN]: AE_NOT_FOUND
[    5.240890]      scan-1922 add_single_object     : Added device:00 [\_SB_.PCI0.PB2_] parent PNP0A08:00
[    5.240901]      scan-1133 get_device_data       : No context for object [ffff88040d8222d0]
[    5.240908]      scan-1133 get_device_data       : No context for object [ffff88040d8222f8]
[    5.240915]      scan-1133 get_device_data       : No context for object [ffff88040d822320]
[    5.240921]      scan-1133 get_device_data       : No context for object [ffff88040d822348]
[    5.240928]      scan-1133 get_device_data       : No context for object [ffff88040d822370]
[    5.240934]      scan-1133 get_device_data       : No context for object [ffff88040d822398]
[    5.240941]      scan-1133 get_device_data       : No context for object [ffff88040d8223c0]
[    5.240947]      scan-1133 get_device_data       : No context for object [ffff88040d8223e8]
[    5.240954]      scan-1133 get_device_data       : No context for object [ffff88040d822410]
[    5.240960]      scan-1133 get_device_data       : No context for object [ffff88040d822438]
[    5.240967]      scan-1133 get_device_data       : No context for object [ffff88040d822460]
[    5.240973]      scan-1133 get_device_data       : No context for object [ffff88040d822488]
[    5.240980]      scan-1133 get_device_data       : No context for object [ffff88040d8224b0]
[    5.240986]      scan-1133 get_device_data       : No context for object [ffff88040d8224d8]
[    5.240993]      scan-1133 get_device_data       : No context for object [ffff88040d822500]
[    5.240999]      scan-1133 get_device_data       : No context for object [ffff88040d822528]
[    5.241006]      scan-1133 get_device_data       : No context for object [ffff88040d822550]
[    5.241013]      scan-1133 get_device_data       : No context for object [ffff88040d822578]
[    5.241019]      scan-1133 get_device_data       : No context for object [ffff88040d8225a0]
[    5.241026]      scan-1133 get_device_data       : No context for object [ffff88040d8225c8]
[    5.241032]      scan-1133 get_device_data       : No context for object [ffff88040d8225f0]
[    5.241039]      scan-1133 get_device_data       : No context for object [ffff88040d822618]
[    5.241045]      scan-1133 get_device_data       : No context for object [ffff88040d822640]
[    5.241052]      scan-1133 get_device_data       : No context for object [ffff88040d822668]
[    5.241058]      scan-1133 get_device_data       : No context for object [ffff88040d822690]
[    5.241064]      scan-1133 get_device_data       : No context for object [ffff88040d8226b8]
[    5.241071]      scan-1133 get_device_data       : No context for object [ffff88040d8226e0]
[    5.241077]      scan-1133 get_device_data       : No context for object [ffff88040d822708]
[    5.241084]      scan-1133 get_device_data       : No context for object [ffff88040d822730]
[    5.241090]      scan-1133 get_device_data       : No context for object [ffff88040d822758]
[    5.241097]      scan-1133 get_device_data       : No context for object [ffff88040d822780]
[    5.241105]     utils-0051 util_eval_error       : Evaluate [\_SB_.PCI0.PB2_.VGA_._STA]: AE_NOT_FOUND
[    5.241151] device: 'device:01': device_add
[    5.241158] bus: 'acpi': add device device:01
[    5.241176]     utils-0051 util_eval_error       : Evaluate [\_SB_.PCI0.PB2_.VGA_._SUN]: AE_NOT_FOUND
[    5.241192]      scan-1922 add_single_object     : Added device:01 [\_SB_.PCI0.PB2_.VGA_] parent device:00
[    5.241203]      scan-1133 get_device_data       : No context for object [ffff88040d8227a8]
[    5.241210]      scan-1133 get_device_data       : No context for object [ffff88040d8227d0]
[    5.241217]      scan-1133 get_device_data       : No context for object [ffff88040d8227f8]
[    5.241224]      scan-1133 get_device_data       : No context for object [ffff88040d822820]
[    5.241230]      scan-1133 get_device_data       : No context for object [ffff88040d822848]
[    5.241237]      scan-1133 get_device_data       : No context for object [ffff88040d822870]
[    5.241243]      scan-1133 get_device_data       : No context for object [ffff88040d822898]
[    5.241250]      scan-1133 get_device_data       : No context for object [ffff88040d8228c0]
[    5.241256]      scan-1133 get_device_data       : No context for object [ffff88040d8228e8]
[    5.241263]      scan-1133 get_device_data       : No context for object [ffff88040d822910]
[    5.241269]      scan-1133 get_device_data       : No context for object [ffff88040d822938]
[    5.241276]      scan-1133 get_device_data       : No context for object [ffff88040d822960]
[    5.241282]      scan-1133 get_device_data       : No context for object [ffff88040d822988]
[    5.241289]      scan-1133 get_device_data       : No context for object [ffff88040d8229b0]
[    5.241295]      scan-1133 get_device_data       : No context for object [ffff88040d8229d8]
[    5.241302]      scan-1133 get_device_data       : No context for object [ffff88040d822a00]
[    5.241308]      scan-1133 get_device_data       : No context for object [ffff88040d822a28]
[    5.241315]      scan-1133 get_device_data       : No context for object [ffff88040d822a50]
[    5.241321]      scan-1133 get_device_data       : No context for object [ffff88040d822a78]
[    5.241327]      scan-1133 get_device_data       : No context for object [ffff88040d822aa0]
[    5.241334]      scan-1133 get_device_data       : No context for object [ffff88040d822ac8]
[    5.241340]      scan-1133 get_device_data       : No context for object [ffff88040d822af0]
[    5.241347]      scan-1133 get_device_data       : No context for object [ffff88040d822b18]
[    5.241353]      scan-1133 get_device_data       : No context for object [ffff88040d822b40]
[    5.241360]      scan-1133 get_device_data       : No context for object [ffff88040d822b68]
[    5.241366]      scan-1133 get_device_data       : No context for object [ffff88040d822b90]
[    5.241373]      scan-1133 get_device_data       : No context for object [ffff88040d822bb8]
[    5.241379]      scan-1133 get_device_data       : No context for object [ffff88040d822be0]
[    5.241388]      scan-1133 get_device_data       : No context for object [ffff88040d822c08]
[    5.241392]      scan-1133 get_device_data       : No context for object [ffff88040d822c30]
[    5.241396]      scan-1133 get_device_data       : No context for object [ffff88040d822c58]
[    5.241400]      scan-1133 get_device_data       : No context for object [ffff88040d822c80]
[    5.241404]      scan-1133 get_device_data       : No context for object [ffff88040d822ca8]
[    5.241408]      scan-1133 get_device_data       : No context for object [ffff88040d822cd0]
[    5.241412]      scan-1133 get_device_data       : No context for object [ffff88040d822cf8]
[    5.241416]      scan-1133 get_device_data       : No context for object [ffff88040d822d20]
[    5.241420]      scan-1133 get_device_data       : No context for object [ffff88040d822d48]
[    5.241424]      scan-1133 get_device_data       : No context for object [ffff88040d822d70]
[    5.241428]      scan-1133 get_device_data       : No context for object [ffff88040d822d98]
[    5.241432]      scan-1133 get_device_data       : No context for object [ffff88040d837438]
[    5.241436]      scan-1133 get_device_data       : No context for object [ffff88040d822dc0]
[    5.241441]     utils-0051 util_eval_error       : Evaluate [\_SB_.PCI0.PB2_.HDAU._STA]: AE_NOT_FOUND
[    5.241466] device: 'device:02': device_add
[    5.241470] bus: 'acpi': add device device:02
[    5.241481]     utils-0051 util_eval_error       : Evaluate [\_SB_.PCI0.PB2_.HDAU._SUN]: AE_NOT_FOUND
[    5.241491]      scan-1922 add_single_object     : Added device:02 [\_SB_.PCI0.PB2_.HDAU] parent device:00
[    5.241497]      scan-1133 get_device_data       : No context for object [ffff88040d822de8]
[    5.241501]      scan-1133 get_device_data       : No context for object [ffff88040d822e10]
[    5.241506]      scan-1133 get_device_data       : No context for object [ffff88040d822e38]
[    5.241512]      scan-1133 get_device_data       : No context for object [ffff88040d822e60]
[    5.241516]      scan-1133 get_device_data       : No context for object [ffff88040d822e88]
[    5.241520]      scan-1133 get_device_data       : No context for object [ffff88040d822eb0]
[    5.241524]      scan-1133 get_device_data       : No context for object [ffff88040d822ed8]
[    5.241530]     utils-0051 util_eval_error       : Evaluate [\_SB_.PCI0.PB3_._STA]: AE_NOT_FOUND
[    5.241624] device: 'device:03': device_add
[    5.241631] bus: 'acpi': add device device:03
[    5.241652]     utils-0051 util_eval_error       : Evaluate [\_SB_.PCI0.PB3_._SUN]: AE_NOT_FOUND
[    5.241668]      scan-1922 add_single_object     : Added device:03 [\_SB_.PCI0.PB3_] parent PNP0A08:00
[    5.241679]      scan-1133 get_device_data       : No context for object [ffff88040d822f00]
[    5.241686]      scan-1133 get_device_data       : No context for object [ffff88040d822f28]
[    5.241693]      scan-1133 get_device_data       : No context for object [ffff88040d822f50]
[    5.241700]      scan-1133 get_device_data       : No context for object [ffff88040d822f78]
[    5.241707]      scan-1133 get_device_data       : No context for object [ffff88040d822fa0]
[    5.241713]      scan-1133 get_device_data       : No context for object [ffff88040d822fc8]
[    5.241720]      scan-1133 get_device_data       : No context for object [ffff88040d823000]
[    5.241726]      scan-1133 get_device_data       : No context for object [ffff88040d823028]
[    5.241733]      scan-1133 get_device_data       : No context for object [ffff88040d823050]
[    5.241739]      scan-1133 get_device_data       : No context for object [ffff88040d823078]
[    5.241746]      scan-1133 get_device_data       : No context for object [ffff88040d8230a0]
[    5.241753]      scan-1133 get_device_data       : No context for object [ffff88040d8230c8]
[    5.241759]      scan-1133 get_device_data       : No context for object [ffff88040d8230f0]
[    5.241766]      scan-1133 get_device_data       : No context for object [ffff88040d823118]
[    5.241772]      scan-1133 get_device_data       : No context for object [ffff88040d823140]
[    5.241778]      scan-1133 get_device_data       : No context for object [ffff88040d823168]
[    5.241785]      scan-1133 get_device_data       : No context for object [ffff88040d823190]
[    5.241792]      scan-1133 get_device_data       : No context for object [ffff88040d8231b8]
[    5.241798]      scan-1133 get_device_data       : No context for object [ffff88040d8231e0]
[    5.241804]      scan-1133 get_device_data       : No context for object [ffff88040d823208]
[    5.241811]      scan-1133 get_device_data       : No context for object [ffff88040d823230]
[    5.241817]      scan-1133 get_device_data       : No context for object [ffff88040d823258]
[    5.241824]      scan-1133 get_device_data       : No context for object [ffff88040d823280]
[    5.241830]      scan-1133 get_device_data       : No context for object [ffff88040d8232a8]
[    5.241837]      scan-1133 get_device_data       : No context for object [ffff88040d8232d0]
[    5.241843]      scan-1133 get_device_data       : No context for object [ffff88040d8232f8]
[    5.241850]      scan-1133 get_device_data       : No context for object [ffff88040d823320]
[    5.241856]      scan-1133 get_device_data       : No context for object [ffff88040d823348]
[    5.241863]      scan-1133 get_device_data       : No context for object [ffff88040d823370]
[    5.241869]      scan-1133 get_device_data       : No context for object [ffff88040d823398]
[    5.241876]      scan-1133 get_device_data       : No context for object [ffff88040d8233c0]
[    5.241884]     utils-0051 util_eval_error       : Evaluate [\_SB_.PCI0.PB3_.VGA_._STA]: AE_NOT_FOUND
[    5.241922]     video-0058 backlight_cap_match   : Found generic backlight support
[    5.241940] device: 'LNXVIDEO:00': device_add
[    5.241946] bus: 'acpi': add device LNXVIDEO:00
[    5.241966]     utils-0051 util_eval_error       : Evaluate [\_SB_.PCI0.PB3_.VGA_._SUN]: AE_NOT_FOUND
[    5.241983]      scan-1922 add_single_object     : Added LNXVIDEO:00 [\_SB_.PCI0.PB3_.VGA_] parent device:03
[    5.241998]      scan-1133 get_device_data       : No context for object [ffff88040d8233e8]
[    5.242005]      scan-1133 get_device_data       : No context for object [ffff88040d823410]
[    5.242012]      scan-1133 get_device_data       : No context for object [ffff88040d823438]
[    5.242019]      scan-1133 get_device_data       : No context for object [ffff88040d823460]
[    5.242025]      scan-1133 get_device_data       : No context for object [ffff88040d823488]
[    5.242032]      scan-1133 get_device_data       : No context for object [ffff88040d8234b0]
[    5.242038]      scan-1133 get_device_data       : No context for object [ffff88040d8234d8]
[    5.242045]      scan-1133 get_device_data       : No context for object [ffff88040d823500]
[    5.242051]      scan-1133 get_device_data       : No context for object [ffff88040d823528]
[    5.242058]      scan-1133 get_device_data       : No context for object [ffff88040d823550]
[    5.242064]      scan-1133 get_device_data       : No context for object [ffff88040d823578]
[    5.242071]      scan-1133 get_device_data       : No context for object [ffff88040d8235a0]
[    5.242077]      scan-1133 get_device_data       : No context for object [ffff88040d8235c8]
[    5.242084]      scan-1133 get_device_data       : No context for object [ffff88040d8235f0]
[    5.242090]      scan-1133 get_device_data       : No context for object [ffff88040d823618]
[    5.242097]      scan-1133 get_device_data       : No context for object [ffff88040d823640]
[    5.242103]      scan-1133 get_device_data       : No context for object [ffff88040d823668]
[    5.242110]      scan-1133 get_device_data       : No context for object [ffff88040d823690]
[    5.242116]      scan-1133 get_device_data       : No context for object [ffff88040d8236b8]
[    5.242123]      scan-1133 get_device_data       : No context for object [ffff88040d8236e0]
[    5.242129]      scan-1133 get_device_data       : No context for object [ffff88040d823708]
[    5.242136]      scan-1133 get_device_data       : No context for object [ffff88040d823730]
[    5.242142]      scan-1133 get_device_data       : No context for object [ffff88040d823758]
[    5.242149]      scan-1133 get_device_data       : No context for object [ffff88040d823780]
[    5.242155]      scan-1133 get_device_data       : No context for object [ffff88040d8237a8]
[    5.242162]      scan-1133 get_device_data       : No context for object [ffff88040d8237d0]
[    5.242168]      scan-1133 get_device_data       : No context for object [ffff88040d8237f8]
[    5.242175]      scan-1133 get_device_data       : No context for object [ffff88040d823820]
[    5.242181]      scan-1133 get_device_data       : No context for object [ffff88040d823848]
[    5.242187]      scan-1133 get_device_data       : No context for object [ffff88040d823870]
[    5.242194]      scan-1133 get_device_data       : No context for object [ffff88040d823898]
[    5.242200]      scan-1133 get_device_data       : No context for object [ffff88040d8238c0]
[    5.242207]      scan-1133 get_device_data       : No context for object [ffff88040d8238e8]
[    5.242213]      scan-1133 get_device_data       : No context for object [ffff88040d823910]
[    5.242220]      scan-1133 get_device_data       : No context for object [ffff88040d823938]
[    5.242226]      scan-1133 get_device_data       : No context for object [ffff88040d823960]
[    5.242233]      scan-1133 get_device_data       : No context for object [ffff88040d823988]
[    5.242240]      scan-1133 get_device_data       : No context for object [ffff88040d8239b0]
[    5.242246]      scan-1133 get_device_data       : No context for object [ffff88040d8239d8]
[    5.242253]      scan-1133 get_device_data       : No context for object [ffff88040d837460]
[    5.242259]      scan-1133 get_device_data       : No context for object [ffff88040d83ac08]
[    5.242266]      scan-1133 get_device_data       : No context for object [ffff88040d83ac30]
[    5.242272]      scan-1133 get_device_data       : No context for object [ffff88040d83ac58]
[    5.242280]     utils-0051 util_eval_error       : Evaluate [\_SB_.PCI0.PB3_.VGA_.CRT_._STA]: AE_NOT_FOUND
[    5.242332] device: 'device:04': device_add
[    5.242339] bus: 'acpi': add device device:04
[    5.242360]     utils-0051 util_eval_error       : Evaluate [\_SB_.PCI0.PB3_.VGA_.CRT_._SUN]: AE_NOT_FOUND
[    5.242377]      scan-1922 add_single_object     : Added device:04 [\_SB_.PCI0.PB3_.VGA_.CRT_] parent LNXVIDEO:00
[    5.242388]      scan-1133 get_device_data       : No context for object [ffff88040d83ac80]
[    5.242396]      scan-1133 get_device_data       : No context for object [ffff88040d83aca8]
[    5.242402]      scan-1133 get_device_data       : No context for object [ffff88040d83acd0]
[    5.242409]      scan-1133 get_device_data       : No context for object [ffff88040d83acf8]
[    5.242416]      scan-1133 get_device_data       : No context for object [ffff88040d83ad20]
[    5.242423]     utils-0051 util_eval_error       : Evaluate [\_SB_.PCI0.PB3_.VGA_.LCD_._STA]: AE_NOT_FOUND
[    5.242475] device: 'device:05': device_add
[    5.242482] bus: 'acpi': add device device:05
[    5.242500]     utils-0051 util_eval_error       : Evaluate [\_SB_.PCI0.PB3_.VGA_.LCD_._SUN]: AE_NOT_FOUND
[    5.242517]      scan-1922 add_single_object     : Added device:05 [\_SB_.PCI0.PB3_.VGA_.LCD_] parent LNXVIDEO:00
[    5.242528]      scan-1133 get_device_data       : No context for object [ffff88040d83ad48]
[    5.242535]      scan-1133 get_device_data       : No context for object [ffff88040d83ad70]
[    5.242542]      scan-1133 get_device_data       : No context for object [ffff88040d83ad98]
[    5.242548]      scan-1133 get_device_data       : No context for object [ffff88040d83adc0]
[    5.242555]      scan-1133 get_device_data       : No context for object [ffff88040d83ade8]
[    5.242562]      scan-1133 get_device_data       : No context for object [ffff88040d83ae10]
[    5.242568]      scan-1133 get_device_data       : No context for object [ffff88040d83ae38]
[    5.242575]      scan-1133 get_device_data       : No context for object [ffff88040d83ae60]
[    5.242583]     utils-0051 util_eval_error       : Evaluate [\_SB_.PCI0.PB3_.VGA_.TV0_._STA]: AE_NOT_FOUND
[    5.242622] device: 'device:06': device_add
[    5.242626] bus: 'acpi': add device device:06
[    5.242637]     utils-0051 util_eval_error       : Evaluate [\_SB_.PCI0.PB3_.VGA_.TV0_._SUN]: AE_NOT_FOUND
[    5.242647]      scan-1922 add_single_object     : Added device:06 [\_SB_.PCI0.PB3_.VGA_.TV0_] parent LNXVIDEO:00
[    5.242654]      scan-1133 get_device_data       : No context for object [ffff88040d83ae88]
[    5.242658]      scan-1133 get_device_data       : No context for object [ffff88040d83aeb0]
[    5.242662]      scan-1133 get_device_data       : No context for object [ffff88040d83aed8]
[    5.242666]      scan-1133 get_device_data       : No context for object [ffff88040d83af00]
[    5.242670]      scan-1133 get_device_data       : No context for object [ffff88040d83af28]
[    5.242675]     utils-0051 util_eval_error       : Evaluate [\_SB_.PCI0.PB3_.VGA_.HDMI._STA]: AE_NOT_FOUND
[    5.242707] device: 'device:07': device_add
[    5.242711] bus: 'acpi': add device device:07
[    5.242724]     utils-0051 util_eval_error       : Evaluate [\_SB_.PCI0.PB3_.VGA_.HDMI._SUN]: AE_NOT_FOUND
[    5.242734]      scan-1922 add_single_object     : Added device:07 [\_SB_.PCI0.PB3_.VGA_.HDMI] parent LNXVIDEO:00
[    5.242741]      scan-1133 get_device_data       : No context for object [ffff88040d83af50]
[    5.242745]      scan-1133 get_device_data       : No context for object [ffff88040d83af78]
[    5.242749]      scan-1133 get_device_data       : No context for object [ffff88040d83afa0]
[    5.242753]      scan-1133 get_device_data       : No context for object [ffff88040d83afc8]
[    5.242758]      scan-1133 get_device_data       : No context for object [ffff88040d823a00]
[    5.242763]     utils-0051 util_eval_error       : Evaluate [\_SB_.PCI0.PB3_.HDAU._STA]: AE_NOT_FOUND
[    5.242791] device: 'device:08': device_add
[    5.242795] bus: 'acpi': add device device:08
[    5.242807]     utils-0051 util_eval_error       : Evaluate [\_SB_.PCI0.PB3_.HDAU._SUN]: AE_NOT_FOUND
[    5.242821]      scan-1922 add_single_object     : Added device:08 [\_SB_.PCI0.PB3_.HDAU] parent device:03
[    5.242831]      scan-1133 get_device_data       : No context for object [ffff88040d823a28]
[    5.242838]      scan-1133 get_device_data       : No context for object [ffff88040d823a50]
[    5.242845]      scan-1133 get_device_data       : No context for object [ffff88040d823a78]
[    5.242852]      scan-1133 get_device_data       : No context for object [ffff88040d823aa0]
[    5.242858]      scan-1133 get_device_data       : No context for object [ffff88040d823ac8]
[    5.242865]      scan-1133 get_device_data       : No context for object [ffff88040d823af0]
[    5.242872]      scan-1133 get_device_data       : No context for object [ffff88040d823b18]
[    5.242881]     utils-0051 util_eval_error       : Evaluate [\_SB_.PCI0.PB4_._STA]: AE_NOT_FOUND
[    5.242954] device: 'device:09': device_add
[    5.242961] bus: 'acpi': add device device:09
[    5.242979]     utils-0051 util_eval_error       : Evaluate [\_SB_.PCI0.PB4_._SUN]: AE_NOT_FOUND
[    5.243337]      scan-1922 add_single_object     : Added device:09 [\_SB_.PCI0.PB4_] parent PNP0A08:00
[    5.243337]      scan-1133 get_device_data       : No context for object [ffff88040d823b40]
[    5.243337]      scan-1133 get_device_data       : No context for object [ffff88040d823b68]
[    5.243337]      scan-1133 get_device_data       : No context for object [ffff88040d823b90]
[    5.243337]      scan-1133 get_device_data       : No context for object [ffff88040d823bb8]
[    5.243337]      scan-1133 get_device_data       : No context for object [ffff88040d823be0]
[    5.243337]      scan-1133 get_device_data       : No context for object [ffff88040d823c08]
[    5.243337]      scan-1133 get_device_data       : No context for object [ffff88040d823c30]
[    5.243337]      scan-1133 get_device_data       : No context for object [ffff88040d823c58]
[    5.243337]      scan-1133 get_device_data       : No context for object [ffff88040d823c80]
[    5.243337]      scan-1133 get_device_data       : No context for object [ffff88040d823ca8]
[    5.243337]      scan-1133 get_device_data       : No context for object [ffff88040d823cd0]
[    5.243337]      scan-1133 get_device_data       : No context for object [ffff88040d823cf8]
[    5.243337]      scan-1133 get_device_data       : No context for object [ffff88040d823d20]
[    5.243337]      scan-1133 get_device_data       : No context for object [ffff88040d823d48]
[    5.243337]      scan-1133 get_device_data       : No context for object [ffff88040d823d70]
[    5.243337]      scan-1133 get_device_data       : No context for object [ffff88040d823d98]
[    5.243337]      scan-1133 get_device_data       : No context for object [ffff88040d823dc0]
[    5.243337]      scan-1133 get_device_data       : No context for object [ffff88040d823de8]
[    5.243337]      scan-1133 get_device_data       : No context for object [ffff88040d823e10]
[    5.243337]      scan-1133 get_device_data       : No context for object [ffff88040d823e38]
[    5.243337]      scan-1133 get_device_data       : No context for object [ffff88040d823e60]
[    5.243337]      scan-1133 get_device_data       : No context for object [ffff88040d823e88]
[    5.243337]      scan-1133 get_device_data       : No context for object [ffff88040d823eb0]
[    5.243337]      scan-1133 get_device_data       : No context for object [ffff88040d823ed8]
[    5.243337]      scan-1133 get_device_data       : No context for object [ffff88040d823f00]
[    5.243337]      scan-1133 get_device_data       : No context for object [ffff88040d823f28]
[    5.243337]      scan-1133 get_device_data       : No context for object [ffff88040d823f50]
[    5.243337]      scan-1133 get_device_data       : No context for object [ffff88040d823f78]
[    5.243337]      scan-1133 get_device_data       : No context for object [ffff88040d823fa0]
[    5.243337]      scan-1133 get_device_data       : No context for object [ffff88040d823fc8]
[    5.243337]      scan-1133 get_device_data       : No context for object [ffff88040d825000]
[    5.243337]     utils-0051 util_eval_error       : Evaluate [\_SB_.PCI0.PB4_.XPDV._STA]: AE_NOT_FOUND
[    5.243337] device: 'device:0a': device_add
[    5.243337] bus: 'acpi': add device device:0a
[    5.243337]     utils-0051 util_eval_error       : Evaluate [\_SB_.PCI0.PB4_.XPDV._SUN]: AE_NOT_FOUND
[    5.243354]      scan-1922 add_single_object     : Added device:0a [\_SB_.PCI0.PB4_.XPDV] parent device:09
[    5.243354]      scan-1133 get_device_data       : No context for object [ffff88040d825028]
[    5.243354]      scan-1133 get_device_data       : No context for object [ffff88040d825050]
[    5.243354]      scan-1133 get_device_data       : No context for object [ffff88040d825078]
[    5.243354]      scan-1133 get_device_data       : No context for object [ffff88040d8250a0]
[    5.243354]      scan-1133 get_device_data       : No context for object [ffff88040d8250c8]
[    5.243354]      scan-1133 get_device_data       : No context for object [ffff88040d837500]
[    5.243354]      scan-1133 get_device_data       : No context for object [ffff88040d8250f0]
[    5.243358]      scan-1133 get_device_data       : No context for object [ffff88040d825118]
[    5.243366]     utils-0051 util_eval_error       : Evaluate [\_SB_.PCI0.PB5_._STA]: AE_NOT_FOUND
[    5.243469] device: 'device:0b': device_add
[    5.243476] bus: 'acpi': add device device:0b
[    5.243495]     utils-0051 util_eval_error       : Evaluate [\_SB_.PCI0.PB5_._SUN]: AE_NOT_FOUND
[    5.243511]      scan-1922 add_single_object     : Added device:0b [\_SB_.PCI0.PB5_] parent PNP0A08:00
[    5.243522]      scan-1133 get_device_data       : No context for object [ffff88040d825140]
[    5.243529]      scan-1133 get_device_data       : No context for object [ffff88040d825168]
[    5.243535]      scan-1133 get_device_data       : No context for object [ffff88040d825190]
[    5.243542]      scan-1133 get_device_data       : No context for object [ffff88040d8251b8]
[    5.243549]      scan-1133 get_device_data       : No context for object [ffff88040d8251e0]
[    5.243556]      scan-1133 get_device_data       : No context for object [ffff88040d825208]
[    5.243562]      scan-1133 get_device_data       : No context for object [ffff88040d825230]
[    5.243569]      scan-1133 get_device_data       : No context for object [ffff88040d825258]
[    5.243575]      scan-1133 get_device_data       : No context for object [ffff88040d825280]
[    5.243582]      scan-1133 get_device_data       : No context for object [ffff88040d8252a8]
[    5.243588]      scan-1133 get_device_data       : No context for object [ffff88040d8252d0]
[    5.243595]      scan-1133 get_device_data       : No context for object [ffff88040d8252f8]
[    5.243602]      scan-1133 get_device_data       : No context for object [ffff88040d825320]
[    5.243608]      scan-1133 get_device_data       : No context for object [ffff88040d825348]
[    5.243615]      scan-1133 get_device_data       : No context for object [ffff88040d825370]
[    5.243621]      scan-1133 get_device_data       : No context for object [ffff88040d825398]
[    5.243628]      scan-1133 get_device_data       : No context for object [ffff88040d8253c0]
[    5.243634]      scan-1133 get_device_data       : No context for object [ffff88040d8253e8]
[    5.243641]      scan-1133 get_device_data       : No context for object [ffff88040d825410]
[    5.243647]      scan-1133 get_device_data       : No context for object [ffff88040d825438]
[    5.243654]      scan-1133 get_device_data       : No context for object [ffff88040d825460]
[    5.243660]      scan-1133 get_device_data       : No context for object [ffff88040d825488]
[    5.243667]      scan-1133 get_device_data       : No context for object [ffff88040d8254b0]
[    5.243673]      scan-1133 get_device_data       : No context for object [ffff88040d8254d8]
[    5.243680]      scan-1133 get_device_data       : No context for object [ffff88040d825500]
[    5.243686]      scan-1133 get_device_data       : No context for object [ffff88040d825528]
[    5.243693]      scan-1133 get_device_data       : No context for object [ffff88040d825550]
[    5.243699]      scan-1133 get_device_data       : No context for object [ffff88040d825578]
[    5.243706]      scan-1133 get_device_data       : No context for object [ffff88040d8255a0]
[    5.243712]      scan-1133 get_device_data       : No context for object [ffff88040d8255c8]
[    5.243719]      scan-1133 get_device_data       : No context for object [ffff88040d8255f0]
[    5.243727]     utils-0051 util_eval_error       : Evaluate [\_SB_.PCI0.PB5_.XPDV._STA]: AE_NOT_FOUND
[    5.243768] device: 'device:0c': device_add
[    5.243775] bus: 'acpi': add device device:0c
[    5.243793]     utils-0051 util_eval_error       : Evaluate [\_SB_.PCI0.PB5_.XPDV._SUN]: AE_NOT_FOUND
[    5.243809]      scan-1922 add_single_object     : Added device:0c [\_SB_.PCI0.PB5_.XPDV] parent device:0b
[    5.243820]      scan-1133 get_device_data       : No context for object [ffff88040d825618]
[    5.243827]      scan-1133 get_device_data       : No context for object [ffff88040d825640]
[    5.243833]      scan-1133 get_device_data       : No context for object [ffff88040d825668]
[    5.243840]      scan-1133 get_device_data       : No context for object [ffff88040d825690]
[    5.243846]      scan-1133 get_device_data       : No context for object [ffff88040d8256b8]
[    5.243853]      scan-1133 get_device_data       : No context for object [ffff88040d837528]
[    5.243860]      scan-1133 get_device_data       : No context for object [ffff88040d8256e0]
[    5.243866]      scan-1133 get_device_data       : No context for object [ffff88040d825708]
[    5.243875]     utils-0051 util_eval_error       : Evaluate [\_SB_.PCI0.PB6_._STA]: AE_NOT_FOUND
[    5.243947] device: 'device:0d': device_add
[    5.243954] bus: 'acpi': add device device:0d
[    5.243975]     utils-0051 util_eval_error       : Evaluate [\_SB_.PCI0.PB6_._SUN]: AE_NOT_FOUND
[    5.243991]      scan-1922 add_single_object     : Added device:0d [\_SB_.PCI0.PB6_] parent PNP0A08:00
[    5.244002]      scan-1133 get_device_data       : No context for object [ffff88040d825730]
[    5.244009]      scan-1133 get_device_data       : No context for object [ffff88040d825758]
[    5.244015]      scan-1133 get_device_data       : No context for object [ffff88040d825780]
[    5.244022]      scan-1133 get_device_data       : No context for object [ffff88040d8257a8]
[    5.244029]      scan-1133 get_device_data       : No context for object [ffff88040d8257d0]
[    5.244035]      scan-1133 get_device_data       : No context for object [ffff88040d8257f8]
[    5.244042]      scan-1133 get_device_data       : No context for object [ffff88040d825820]
[    5.244048]      scan-1133 get_device_data       : No context for object [ffff88040d825848]
[    5.244055]      scan-1133 get_device_data       : No context for object [ffff88040d825870]
[    5.244061]      scan-1133 get_device_data       : No context for object [ffff88040d825898]
[    5.244068]      scan-1133 get_device_data       : No context for object [ffff88040d8258c0]
[    5.244075]      scan-1133 get_device_data       : No context for object [ffff88040d8258e8]
[    5.244079]      scan-1133 get_device_data       : No context for object [ffff88040d825910]
[    5.244084]      scan-1133 get_device_data       : No context for object [ffff88040d825938]
[    5.244088]      scan-1133 get_device_data       : No context for object [ffff88040d825960]
[    5.244092]      scan-1133 get_device_data       : No context for object [ffff88040d825988]
[    5.244096]      scan-1133 get_device_data       : No context for object [ffff88040d8259b0]
[    5.244100]      scan-1133 get_device_data       : No context for object [ffff88040d8259d8]
[    5.244104]      scan-1133 get_device_data       : No context for object [ffff88040d825a00]
[    5.244108]      scan-1133 get_device_data       : No context for object [ffff88040d825a28]
[    5.244112]      scan-1133 get_device_data       : No context for object [ffff88040d825a50]
[    5.244116]      scan-1133 get_device_data       : No context for object [ffff88040d825a78]
[    5.244120]      scan-1133 get_device_data       : No context for object [ffff88040d825aa0]
[    5.244124]      scan-1133 get_device_data       : No context for object [ffff88040d825ac8]
[    5.244128]      scan-1133 get_device_data       : No context for object [ffff88040d825af0]
[    5.244132]      scan-1133 get_device_data       : No context for object [ffff88040d825b18]
[    5.244136]      scan-1133 get_device_data       : No context for object [ffff88040d825b40]
[    5.244140]      scan-1133 get_device_data       : No context for object [ffff88040d825b68]
[    5.244144]      scan-1133 get_device_data       : No context for object [ffff88040d825b90]
[    5.244148]      scan-1133 get_device_data       : No context for object [ffff88040d825bb8]
[    5.244152]      scan-1133 get_device_data       : No context for object [ffff88040d825be0]
[    5.244157]     utils-0051 util_eval_error       : Evaluate [\_SB_.PCI0.PB6_.XPDV._STA]: AE_NOT_FOUND
[    5.244184] device: 'device:0e': device_add
[    5.244188] bus: 'acpi': add device device:0e
[    5.244199]     utils-0051 util_eval_error       : Evaluate [\_SB_.PCI0.PB6_.XPDV._SUN]: AE_NOT_FOUND
[    5.244209]      scan-1922 add_single_object     : Added device:0e [\_SB_.PCI0.PB6_.XPDV] parent device:0d
[    5.244216]      scan-1133 get_device_data       : No context for object [ffff88040d825c08]
[    5.244220]      scan-1133 get_device_data       : No context for object [ffff88040d825c30]
[    5.244225]      scan-1133 get_device_data       : No context for object [ffff88040d825c58]
[    5.244229]      scan-1133 get_device_data       : No context for object [ffff88040d825c80]
[    5.244233]      scan-1133 get_device_data       : No context for object [ffff88040d825ca8]
[    5.244237]      scan-1133 get_device_data       : No context for object [ffff88040d837550]
[    5.244241]      scan-1133 get_device_data       : No context for object [ffff88040d825cd0]
[    5.244250]      scan-1133 get_device_data       : No context for object [ffff88040d825cf8]
[    5.244258]     utils-0051 util_eval_error       : Evaluate [\_SB_.PCI0.PB7_._STA]: AE_NOT_FOUND
[    5.244364] device: 'device:0f': device_add
[    5.244371] bus: 'acpi': add device device:0f
[    5.244389]     utils-0051 util_eval_error       : Evaluate [\_SB_.PCI0.PB7_._SUN]: AE_NOT_FOUND
[    5.244404]      scan-1922 add_single_object     : Added device:0f [\_SB_.PCI0.PB7_] parent PNP0A08:00
[    5.244415]      scan-1133 get_device_data       : No context for object [ffff88040d825d20]
[    5.244423]      scan-1133 get_device_data       : No context for object [ffff88040d825d48]
[    5.244429]      scan-1133 get_device_data       : No context for object [ffff88040d825d70]
[    5.244436]      scan-1133 get_device_data       : No context for object [ffff88040d825d98]
[    5.244442]      scan-1133 get_device_data       : No context for object [ffff88040d825dc0]
[    5.244449]      scan-1133 get_device_data       : No context for object [ffff88040d825de8]
[    5.244456]      scan-1133 get_device_data       : No context for object [ffff88040d825e10]
[    5.244462]      scan-1133 get_device_data       : No context for object [ffff88040d825e38]
[    5.244469]      scan-1133 get_device_data       : No context for object [ffff88040d825e60]
[    5.244475]      scan-1133 get_device_data       : No context for object [ffff88040d825e88]
[    5.244482]      scan-1133 get_device_data       : No context for object [ffff88040d825eb0]
[    5.244488]      scan-1133 get_device_data       : No context for object [ffff88040d825ed8]
[    5.244495]      scan-1133 get_device_data       : No context for object [ffff88040d825f00]
[    5.244501]      scan-1133 get_device_data       : No context for object [ffff88040d825f28]
[    5.244508]      scan-1133 get_device_data       : No context for object [ffff88040d825f50]
[    5.244514]      scan-1133 get_device_data       : No context for object [ffff88040d825f78]
[    5.244521]      scan-1133 get_device_data       : No context for object [ffff88040d825fa0]
[    5.244527]      scan-1133 get_device_data       : No context for object [ffff88040d825fc8]
[    5.244534]      scan-1133 get_device_data       : No context for object [ffff88040d827000]
[    5.244540]      scan-1133 get_device_data       : No context for object [ffff88040d827028]
[    5.244547]      scan-1133 get_device_data       : No context for object [ffff88040d827050]
[    5.244553]      scan-1133 get_device_data       : No context for object [ffff88040d827078]
[    5.244560]      scan-1133 get_device_data       : No context for object [ffff88040d8270a0]
[    5.244566]      scan-1133 get_device_data       : No context for object [ffff88040d8270c8]
[    5.244573]      scan-1133 get_device_data       : No context for object [ffff88040d8270f0]
[    5.244580]      scan-1133 get_device_data       : No context for object [ffff88040d827118]
[    5.244587]      scan-1133 get_device_data       : No context for object [ffff88040d827140]
[    5.244593]      scan-1133 get_device_data       : No context for object [ffff88040d827168]
[    5.244600]      scan-1133 get_device_data       : No context for object [ffff88040d827190]
[    5.244606]      scan-1133 get_device_data       : No context for object [ffff88040d8271b8]
[    5.244613]      scan-1133 get_device_data       : No context for object [ffff88040d8271e0]
[    5.244620]     utils-0051 util_eval_error       : Evaluate [\_SB_.PCI0.PB7_.XPDV._STA]: AE_NOT_FOUND
[    5.244662] device: 'device:10': device_add
[    5.244668] bus: 'acpi': add device device:10
[    5.244689]     utils-0051 util_eval_error       : Evaluate [\_SB_.PCI0.PB7_.XPDV._SUN]: AE_NOT_FOUND
[    5.244705]      scan-1922 add_single_object     : Added device:10 [\_SB_.PCI0.PB7_.XPDV] parent device:0f
[    5.244715]      scan-1133 get_device_data       : No context for object [ffff88040d827208]
[    5.244723]      scan-1133 get_device_data       : No context for object [ffff88040d827230]
[    5.244729]      scan-1133 get_device_data       : No context for object [ffff88040d827258]
[    5.244736]      scan-1133 get_device_data       : No context for object [ffff88040d827280]
[    5.244742]      scan-1133 get_device_data       : No context for object [ffff88040d8272a8]
[    5.244749]      scan-1133 get_device_data       : No context for object [ffff88040d837488]
[    5.244755]      scan-1133 get_device_data       : No context for object [ffff88040d8272d0]
[    5.244762]      scan-1133 get_device_data       : No context for object [ffff88040d8272f8]
[    5.244770]     utils-0051 util_eval_error       : Evaluate [\_SB_.PCI0.OHC1._STA]: AE_NOT_FOUND
[    5.244870] device: 'device:11': device_add
[    5.244876] bus: 'acpi': add device device:11
[    5.244894]     utils-0051 util_eval_error       : Evaluate [\_SB_.PCI0.OHC1._SUN]: AE_NOT_FOUND
[    5.244910]      scan-1922 add_single_object     : Added device:11 [\_SB_.PCI0.OHC1] parent PNP0A08:00
[    5.244920]      scan-1133 get_device_data       : No context for object [ffff88040d827320]
[    5.244927]      scan-1133 get_device_data       : No context for object [ffff88040d827348]
[    5.244934]      scan-1133 get_device_data       : No context for object [ffff88040d83b2f8]
[    5.244942]     utils-0051 util_eval_error       : Evaluate [\_SB_.PCI0.OHC1.RHUB._STA]: AE_NOT_FOUND
[    5.244983] device: 'device:12': device_add
[    5.244989] bus: 'acpi': add device device:12
[    5.245007]     utils-0051 util_eval_error       : Evaluate [\_SB_.PCI0.OHC1.RHUB._SUN]: AE_NOT_FOUND
[    5.245023]      scan-1922 add_single_object     : Added device:12 [\_SB_.PCI0.OHC1.RHUB] parent device:11
[    5.245034]      scan-1133 get_device_data       : No context for object [ffff88040d83b320]
[    5.245041]      scan-1133 get_device_data       : No context for object [ffff88040d83b348]
[    5.245048]     utils-0051 util_eval_error       : Evaluate [\_SB_.PCI0.OHC1.RHUB.PRT3._STA]: AE_NOT_FOUND
[    5.245091] device: 'device:13': device_add
[    5.245099] bus: 'acpi': add device device:13
[    5.245117]     utils-0051 util_eval_error       : Evaluate [\_SB_.PCI0.OHC1.RHUB.PRT3._SUN]: AE_NOT_FOUND
[    5.245133]      scan-1922 add_single_object     : Added device:13 [\_SB_.PCI0.OHC1.RHUB.PRT3] parent device:12
[    5.245144]      scan-1133 get_device_data       : No context for object [ffff88040d83b370]
[    5.245151]      scan-1133 get_device_data       : No context for object [ffff88040d83b398]
[    5.245158]      scan-1133 get_device_data       : No context for object [ffff88040d83b3c0]
[    5.245165]      scan-1133 get_device_data       : No context for object [ffff88040d83b3e8]
[    5.245172]     utils-0051 util_eval_error       : Evaluate [\_SB_.PCI0.OHC1.RHUB.PRT4._STA]: AE_NOT_FOUND
[    5.245214] device: 'device:14': device_add
[    5.245220] bus: 'acpi': add device device:14
[    5.245238]     utils-0051 util_eval_error       : Evaluate [\_SB_.PCI0.OHC1.RHUB.PRT4._SUN]: AE_NOT_FOUND
[    5.245254]      scan-1922 add_single_object     : Added device:14 [\_SB_.PCI0.OHC1.RHUB.PRT4] parent device:12
[    5.245265]      scan-1133 get_device_data       : No context for object [ffff88040d83b410]
[    5.245272]      scan-1133 get_device_data       : No context for object [ffff88040d83b438]
[    5.245278]      scan-1133 get_device_data       : No context for object [ffff88040d83b460]
[    5.245286]      scan-1133 get_device_data       : No context for object [ffff88040d827370]
[    5.245294]     utils-0051 util_eval_error       : Evaluate [\_SB_.PCI0.EHC1._STA]: AE_NOT_FOUND
[    5.245395] device: 'device:15': device_add
[    5.245402] bus: 'acpi': add device device:15
[    5.245423]     utils-0051 util_eval_error       : Evaluate [\_SB_.PCI0.EHC1._SUN]: AE_NOT_FOUND
[    5.245439]      scan-1922 add_single_object     : Added device:15 [\_SB_.PCI0.EHC1] parent PNP0A08:00
[    5.245448]      scan-1133 get_device_data       : No context for object [ffff88040d827398]
[    5.245453]      scan-1133 get_device_data       : No context for object [ffff88040d8273c0]
[    5.245457]      scan-1133 get_device_data       : No context for object [ffff88040d83b028]
[    5.245463]     utils-0051 util_eval_error       : Evaluate [\_SB_.PCI0.EHC1.RHUB._STA]: AE_NOT_FOUND
[    5.245488] device: 'device:16': device_add
[    5.245493] bus: 'acpi': add device device:16
[    5.245504]     utils-0051 util_eval_error       : Evaluate [\_SB_.PCI0.EHC1.RHUB._SUN]: AE_NOT_FOUND
[    5.245514]      scan-1922 add_single_object     : Added device:16 [\_SB_.PCI0.EHC1.RHUB] parent device:15
[    5.245521]      scan-1133 get_device_data       : No context for object [ffff88040d83b050]
[    5.245526]      scan-1133 get_device_data       : No context for object [ffff88040d83b078]
[    5.245531]     utils-0051 util_eval_error       : Evaluate [\_SB_.PCI0.EHC1.RHUB.PRT3._STA]: AE_NOT_FOUND
[    5.245556] device: 'device:17': device_add
[    5.245560] bus: 'acpi': add device device:17
[    5.245571]     utils-0051 util_eval_error       : Evaluate [\_SB_.PCI0.EHC1.RHUB.PRT3._SUN]: AE_NOT_FOUND
[    5.245581]      scan-1922 add_single_object     : Added device:17 [\_SB_.PCI0.EHC1.RHUB.PRT3] parent device:16
[    5.245588]      scan-1133 get_device_data       : No context for object [ffff88040d83b0a0]
[    5.245592]      scan-1133 get_device_data       : No context for object [ffff88040d83b0c8]
[    5.245596]      scan-1133 get_device_data       : No context for object [ffff88040d83b0f0]
[    5.245600]      scan-1133 get_device_data       : No context for object [ffff88040d83b118]
[    5.245605]     utils-0051 util_eval_error       : Evaluate [\_SB_.PCI0.EHC1.RHUB.PRT4._STA]: AE_NOT_FOUND
[    5.245638] device: 'device:18': device_add
[    5.245645] bus: 'acpi': add device device:18
[    5.245666]     utils-0051 util_eval_error       : Evaluate [\_SB_.PCI0.EHC1.RHUB.PRT4._SUN]: AE_NOT_FOUND
[    5.245683]      scan-1922 add_single_object     : Added device:18 [\_SB_.PCI0.EHC1.RHUB.PRT4] parent device:16
[    5.245693]      scan-1133 get_device_data       : No context for object [ffff88040d83b140]
[    5.245700]      scan-1133 get_device_data       : No context for object [ffff88040d83b168]
[    5.245707]      scan-1133 get_device_data       : No context for object [ffff88040d83b190]
[    5.245714]      scan-1133 get_device_data       : No context for object [ffff88040d8273e8]
[    5.245722]     utils-0051 util_eval_error       : Evaluate [\_SB_.PCI0.OHC2._STA]: AE_NOT_FOUND
[    5.245821] device: 'device:19': device_add
[    5.245828] bus: 'acpi': add device device:19
[    5.245846]     utils-0051 util_eval_error       : Evaluate [\_SB_.PCI0.OHC2._SUN]: AE_NOT_FOUND
[    5.245862]      scan-1922 add_single_object     : Added device:19 [\_SB_.PCI0.OHC2] parent PNP0A08:00
[    5.245873]      scan-1133 get_device_data       : No context for object [ffff88040d827410]
[    5.245880]      scan-1133 get_device_data       : No context for object [ffff88040d827438]
[    5.245886]      scan-1133 get_device_data       : No context for object [ffff88040d83b488]
[    5.245894]     utils-0051 util_eval_error       : Evaluate [\_SB_.PCI0.OHC2.RHUB._STA]: AE_NOT_FOUND
[    5.245935] device: 'device:1a': device_add
[    5.245942] bus: 'acpi': add device device:1a
[    5.245960]     utils-0051 util_eval_error       : Evaluate [\_SB_.PCI0.OHC2.RHUB._SUN]: AE_NOT_FOUND
[    5.245977]      scan-1922 add_single_object     : Added device:1a [\_SB_.PCI0.OHC2.RHUB] parent device:19
[    5.245988]      scan-1133 get_device_data       : No context for object [ffff88040d83b4b0]
[    5.245995]      scan-1133 get_device_data       : No context for object [ffff88040d83b4d8]
[    5.246003]     utils-0051 util_eval_error       : Evaluate [\_SB_.PCI0.OHC2.RHUB.PRT4._STA]: AE_NOT_FOUND
[    5.246046] device: 'device:1b': device_add
[    5.246053] bus: 'acpi': add device device:1b
[    5.246074]     utils-0051 util_eval_error       : Evaluate [\_SB_.PCI0.OHC2.RHUB.PRT4._SUN]: AE_NOT_FOUND
[    5.246091]      scan-1922 add_single_object     : Added device:1b [\_SB_.PCI0.OHC2.RHUB.PRT4] parent device:1a
[    5.246102]      scan-1133 get_device_data       : No context for object [ffff88040d83b500]
[    5.246109]      scan-1133 get_device_data       : No context for object [ffff88040d83b528]
[    5.246115]      scan-1133 get_device_data       : No context for object [ffff88040d83b550]
[    5.246123]      scan-1133 get_device_data       : No context for object [ffff88040d827460]
[    5.246131]     utils-0051 util_eval_error       : Evaluate [\_SB_.PCI0.EHC2._STA]: AE_NOT_FOUND
[    5.246230] device: 'device:1c': device_add
[    5.246237] bus: 'acpi': add device device:1c
[    5.246254]     utils-0051 util_eval_error       : Evaluate [\_SB_.PCI0.EHC2._SUN]: AE_NOT_FOUND
[    5.246271]      scan-1922 add_single_object     : Added device:1c [\_SB_.PCI0.EHC2] parent PNP0A08:00
[    5.246281]      scan-1133 get_device_data       : No context for object [ffff88040d827488]
[    5.246288]      scan-1133 get_device_data       : No context for object [ffff88040d8274b0]
[    5.246295]      scan-1133 get_device_data       : No context for object [ffff88040d83b1b8]
[    5.246303]     utils-0051 util_eval_error       : Evaluate [\_SB_.PCI0.EHC2.RHUB._STA]: AE_NOT_FOUND
[    5.246344] device: 'device:1d': device_add
[    5.246351] bus: 'acpi': add device device:1d
[    5.246368]     utils-0051 util_eval_error       : Evaluate [\_SB_.PCI0.EHC2.RHUB._SUN]: AE_NOT_FOUND
[    5.246683]      scan-1922 add_single_object     : Added device:1d [\_SB_.PCI0.EHC2.RHUB] parent device:1c
[    5.246683]      scan-1133 get_device_data       : No context for object [ffff88040d83b1e0]
[    5.246683]      scan-1133 get_device_data       : No context for object [ffff88040d83b208]
[    5.246683]     utils-0051 util_eval_error       : Evaluate [\_SB_.PCI0.EHC2.RHUB.PRT2._STA]: AE_NOT_FOUND
[    5.246683] device: 'device:1e': device_add
[    5.246683] bus: 'acpi': add device device:1e
[    5.246683]     utils-0051 util_eval_error       : Evaluate [\_SB_.PCI0.EHC2.RHUB.PRT2._SUN]: AE_NOT_FOUND
[    5.246690]      scan-1922 add_single_object     : Added device:1e [\_SB_.PCI0.EHC2.RHUB.PRT2] parent device:1d
[    5.246690]      scan-1133 get_device_data       : No context for object [ffff88040d83b230]
[    5.246690]      scan-1133 get_device_data       : No context for object [ffff88040d83b258]
[    5.246690]      scan-1133 get_device_data       : No context for object [ffff88040d83b280]
[    5.246690]      scan-1133 get_device_data       : No context for object [ffff88040d8274d8]
[    5.246690]     utils-0051 util_eval_error       : Evaluate [\_SB_.PCI0.OHC3._STA]: AE_NOT_FOUND
[    5.246690] device: 'device:1f': device_add
[    5.246690] bus: 'acpi': add device device:1f
[    5.246690]     utils-0051 util_eval_error       : Evaluate [\_SB_.PCI0.OHC3._SUN]: AE_NOT_FOUND
[    5.246690]      scan-1922 add_single_object     : Added device:1f [\_SB_.PCI0.OHC3] parent PNP0A08:00
[    5.246694]      scan-1133 get_device_data       : No context for object [ffff88040d827500]
[    5.246701]      scan-1133 get_device_data       : No context for object [ffff88040d827528]
[    5.246708]      scan-1133 get_device_data       : No context for object [ffff88040d83b578]
[    5.246716]     utils-0051 util_eval_error       : Evaluate [\_SB_.PCI0.OHC3.RHUB._STA]: AE_NOT_FOUND
[    5.246757] device: 'device:20': device_add
[    5.246763] bus: 'acpi': add device device:20
[    5.246781]     utils-0051 util_eval_error       : Evaluate [\_SB_.PCI0.OHC3.RHUB._SUN]: AE_NOT_FOUND
[    5.246796]      scan-1922 add_single_object     : Added device:20 [\_SB_.PCI0.OHC3.RHUB] parent device:1f
[    5.246807]      scan-1133 get_device_data       : No context for object [ffff88040d83b5a0]
[    5.246814]      scan-1133 get_device_data       : No context for object [ffff88040d827550]
[    5.246824]     utils-0051 util_eval_error       : Evaluate [\_SB_.PCI0.EHC3._STA]: AE_NOT_FOUND
[    5.246906] device: 'device:21': device_add
[    5.246911] bus: 'acpi': add device device:21
[    5.246923]     utils-0051 util_eval_error       : Evaluate [\_SB_.PCI0.EHC3._SUN]: AE_NOT_FOUND
[    5.246933]      scan-1922 add_single_object     : Added device:21 [\_SB_.PCI0.EHC3] parent PNP0A08:00
[    5.246940]      scan-1133 get_device_data       : No context for object [ffff88040d827578]
[    5.246944]      scan-1133 get_device_data       : No context for object [ffff88040d8275a0]
[    5.246948]      scan-1133 get_device_data       : No context for object [ffff88040d83b2a8]
[    5.246954]     utils-0051 util_eval_error       : Evaluate [\_SB_.PCI0.EHC3.RHUB._STA]: AE_NOT_FOUND
[    5.246979] device: 'device:22': device_add
[    5.246983] bus: 'acpi': add device device:22
[    5.246994]     utils-0051 util_eval_error       : Evaluate [\_SB_.PCI0.EHC3.RHUB._SUN]: AE_NOT_FOUND
[    5.247004]      scan-1922 add_single_object     : Added device:22 [\_SB_.PCI0.EHC3.RHUB] parent device:21
[    5.247011]      scan-1133 get_device_data       : No context for object [ffff88040d83b2d0]
[    5.247015]      scan-1133 get_device_data       : No context for object [ffff88040d8275c8]
[    5.247024]     utils-0051 util_eval_error       : Evaluate [\_SB_.PCI0.OHC4._STA]: AE_NOT_FOUND
[    5.247124] device: 'device:23': device_add
[    5.247131] bus: 'acpi': add device device:23
[    5.247149]     utils-0051 util_eval_error       : Evaluate [\_SB_.PCI0.OHC4._SUN]: AE_NOT_FOUND
[    5.247165]      scan-1922 add_single_object     : Added device:23 [\_SB_.PCI0.OHC4] parent PNP0A08:00
[    5.247175]      scan-1133 get_device_data       : No context for object [ffff88040d8275f0]
[    5.247182]      scan-1133 get_device_data       : No context for object [ffff88040d827618]
[    5.247189]      scan-1133 get_device_data       : No context for object [ffff88040d827640]
[    5.247197]     utils-0051 util_eval_error       : Evaluate [\_SB_.PCI0.SBAZ._STA]: AE_NOT_FOUND
[    5.247296] device: 'device:24': device_add
[    5.247305] bus: 'acpi': add device device:24
[    5.247323]     utils-0051 util_eval_error       : Evaluate [\_SB_.PCI0.SBAZ._SUN]: AE_NOT_FOUND
[    5.247339]      scan-1922 add_single_object     : Added device:24 [\_SB_.PCI0.SBAZ] parent PNP0A08:00
[    5.247350]      scan-1133 get_device_data       : No context for object [ffff88040d827668]
[    5.247357]      scan-1133 get_device_data       : No context for object [ffff88040d827690]
[    5.247364]      scan-1133 get_device_data       : No context for object [ffff88040d8276b8]
[    5.247372]     utils-0051 util_eval_error       : Evaluate [\_SB_.PCI0.GEC_._STA]: AE_NOT_FOUND
[    5.247485] device: 'device:25': device_add
[    5.247493] bus: 'acpi': add device device:25
[    5.247511]     utils-0051 util_eval_error       : Evaluate [\_SB_.PCI0.GEC_._SUN]: AE_NOT_FOUND
[    5.247527]      scan-1922 add_single_object     : Added device:25 [\_SB_.PCI0.GEC_] parent PNP0A08:00
[    5.247538]      scan-1133 get_device_data       : No context for object [ffff88040d8276e0]
[    5.247545]      scan-1133 get_device_data       : No context for object [ffff88040d827708]
[    5.247552]      scan-1133 get_device_data       : No context for object [ffff88040d827730]
[    5.247559]      scan-1133 get_device_data       : No context for object [ffff88040d827758]
[    5.247566]      scan-1133 get_device_data       : No context for object [ffff88040d827780]
[    5.247572]      scan-1133 get_device_data       : No context for object [ffff88040d8277a8]
[    5.247579]      scan-1133 get_device_data       : No context for object [ffff88040d8277d0]
[    5.247585]      scan-1133 get_device_data       : No context for object [ffff88040d8277f8]
[    5.247592]      scan-1133 get_device_data       : No context for object [ffff88040d827820]
[    5.247600]     utils-0051 util_eval_error       : Evaluate [\_SB_.PCI0.SATA._STA]: AE_NOT_FOUND
[    5.247648] device: 'device:26': device_add
[    5.247654] bus: 'acpi': add device device:26
[    5.247676]     utils-0051 util_eval_error       : Evaluate [\_SB_.PCI0.SATA._SUN]: AE_NOT_FOUND
[    5.247692]      scan-1922 add_single_object     : Added device:26 [\_SB_.PCI0.SATA] parent PNP0A08:00
[    5.247704]      scan-1133 get_device_data       : No context for object [ffff88040d827848]
[    5.247711]      scan-1133 get_device_data       : No context for object [ffff88040d827870]
[    5.247717]      scan-1133 get_device_data       : No context for object [ffff88040d827898]
[    5.247724]      scan-1133 get_device_data       : No context for object [ffff88040d8278c0]
[    5.247730]      scan-1133 get_device_data       : No context for object [ffff88040d8278e8]
[    5.247737]      scan-1133 get_device_data       : No context for object [ffff88040d827910]
[    5.247743]      scan-1133 get_device_data       : No context for object [ffff88040d827938]
[    5.247750]      scan-1133 get_device_data       : No context for object [ffff88040d827960]
[    5.247756]      scan-1133 get_device_data       : No context for object [ffff88040d827988]
[    5.247763]      scan-1133 get_device_data       : No context for object [ffff88040d8279b0]
[    5.247770]      scan-1133 get_device_data       : No context for object [ffff88040d8279d8]
[    5.247776]      scan-1133 get_device_data       : No context for object [ffff88040d827a00]
[    5.247782]      scan-1133 get_device_data       : No context for object [ffff88040d827a28]
[    5.247789]      scan-1133 get_device_data       : No context for object [ffff88040d827a50]
[    5.247795]      scan-1133 get_device_data       : No context for object [ffff88040d827a78]
[    5.247802]      scan-1133 get_device_data       : No context for object [ffff88040d827aa0]
[    5.247808]      scan-1133 get_device_data       : No context for object [ffff88040d827ac8]
[    5.247815]      scan-1133 get_device_data       : No context for object [ffff88040d827af0]
[    5.247822]      scan-1133 get_device_data       : No context for object [ffff88040d827b18]
[    5.247828]      scan-1133 get_device_data       : No context for object [ffff88040d827b40]
[    5.247834]      scan-1133 get_device_data       : No context for object [ffff88040d827b68]
[    5.247841]      scan-1133 get_device_data       : No context for object [ffff88040d827b90]
[    5.247847]      scan-1133 get_device_data       : No context for object [ffff88040d827bb8]
[    5.247854]      scan-1133 get_device_data       : No context for object [ffff88040d827be0]
[    5.247860]      scan-1133 get_device_data       : No context for object [ffff88040d827c08]
[    5.247867]      scan-1133 get_device_data       : No context for object [ffff88040d827c30]
[    5.247873]      scan-1133 get_device_data       : No context for object [ffff88040d827c58]
[    5.247880]      scan-1133 get_device_data       : No context for object [ffff88040d827c80]
[    5.247886]      scan-1133 get_device_data       : No context for object [ffff88040d827ca8]
[    5.247892]      scan-1133 get_device_data       : No context for object [ffff88040d827cd0]
[    5.247899]      scan-1133 get_device_data       : No context for object [ffff88040d827cf8]
[    5.247905]      scan-1133 get_device_data       : No context for object [ffff88040d827d20]
[    5.247912]      scan-1133 get_device_data       : No context for object [ffff88040d827d48]
[    5.247918]      scan-1133 get_device_data       : No context for object [ffff88040d827d70]
[    5.247925]      scan-1133 get_device_data       : No context for object [ffff88040d827d98]
[    5.247931]      scan-1133 get_device_data       : No context for object [ffff88040d827dc0]
[    5.247938]      scan-1133 get_device_data       : No context for object [ffff88040d827de8]
[    5.247944]      scan-1133 get_device_data       : No context for object [ffff88040d827e10]
[    5.247951]      scan-1133 get_device_data       : No context for object [ffff88040d827e38]
[    5.247957]      scan-1133 get_device_data       : No context for object [ffff88040d827e60]
[    5.247964]      scan-1133 get_device_data       : No context for object [ffff88040d827e88]
[    5.247970]      scan-1133 get_device_data       : No context for object [ffff88040d827eb0]
[    5.247977]      scan-1133 get_device_data       : No context for object [ffff88040d827ed8]
[    5.247983]      scan-1133 get_device_data       : No context for object [ffff88040d827f00]
