[    0.000000] Initializing cgroup subsys cpuset
[    0.000000] Initializing cgroup subsys cpu
[    0.000000] Initializing cgroup subsys cpuacct
[    0.000000] Linux version 3.17.0-rc5-g2324067 (emacs@manji) (gcc version 4.9.1 (GCC) ) #119 SMP Tue Sep 16 04:19:56 CEST 2014
[    0.000000] Command line: BOOT_IMAGE=/vmlinuz-linux-git root=UUID=bfa4ab6e-19a3-4601-ba2b-267c55841c73 rw cryptdevice=/dev/disk/by-uuid/70c08890-417a-497d-b6ab-c0d0357a63e2:cryptManjaro:allow-discards ipv6.disable=1 pnp.debug=1 loglevel=9 log_buf_len=10M printk.always_kmsg_dump=y printk.time=y mminit_loglevel=0 memory_corruption_check=1 acpi.debug_layer=0xfbff0000 acpi.debug_level=0xFFFFFFFD nohz=on rcu_nocbs=1-3 pcie_aspm=force fbcon=scrollback:4096k fbcon=font:ProFont6x11 radeon.audio=0 radeon.lockup_timeout=0 radeon.test=0 radeon.agpmode=-1 radeon.benchmark=0 radeon.tv=0 radeon.hard_reset=1 radeon.aspm=1 radeon.dpm=1 radeon.msi=1 radeon.pcie_gen2=-1 radeon.no_wb=1 radeon.modeset=1 radeon.dynclks=1 radeon.r4xx_atom=0 radeon.runpm=0 radeonfb radeon.fastfb=1 nomodeset apic=debug earlyprintk=vga,cookies
[    0.000000] KERNEL supported cpus:
[    0.000000]   AMD AuthenticAMD
[    0.000000] tseg: 00bfe00000
[    0.000000] e820: BIOS-provided physical RAM map:
[    0.000000] BIOS-e820: [mem 0x0000000000000000-0x000000000009d7ff] usable
[    0.000000] BIOS-e820: [mem 0x000000000009d800-0x000000000009ffff] reserved
[    0.000000] BIOS-e820: [mem 0x00000000000e0000-0x00000000000fffff] reserved
[    0.000000] BIOS-e820: [mem 0x0000000000100000-0x00000000bed9afff] usable
[    0.000000] BIOS-e820: [mem 0x00000000bed9b000-0x00000000bf39afff] reserved
[    0.000000] BIOS-e820: [mem 0x00000000bf39b000-0x00000000bf49afff] ACPI NVS
[    0.000000] BIOS-e820: [mem 0x00000000bf49b000-0x00000000bf51afff] ACPI data
[    0.000000] BIOS-e820: [mem 0x00000000bf51b000-0x00000000bfdfffff] usable
[    0.000000] BIOS-e820: [mem 0x00000000bfe00000-0x00000000bfffffff] reserved
[    0.000000] BIOS-e820: [mem 0x00000000fec00000-0x00000000fecfffff] reserved
[    0.000000] BIOS-e820: [mem 0x00000000fed80000-0x00000000fed80fff] reserved
[    0.000000] BIOS-e820: [mem 0x00000000ffe00000-0x00000000ffffffff] reserved
[    0.000000] BIOS-e820: [mem 0x0000000100000000-0x000000041effffff] usable
[    0.000000] bootconsole [earlyvga0] enabled
[    0.000000] epic started
[    0.000000] early_pci_allowed
[    0.000000] bus: 00 slot: 12 func: 02 is EHCI
[    0.000000] Found EHCI on 00:12.2
[    0.000000] bar_val: f014a900
[    0.000000] ehci_bar: ffffffffff5ff900
[    0.000000] early_ehci_bios_handoff:
[    0.000000] dbgp: ehci BIOS state 00010001
[    0.000000] dbgp: ehci BIOS state 10001
[    0.000000] dbgp: ehci BIOS state 00000000000000000000000000010001
[    0.000000] dbgp: ehci BIOS state 65537
[    0.000000] dbgp: BIOS handoff
[    0.000000] dbgp: ehci BIOS state while: 01000001
[    0.000000] dbgp: ehci BIOS state 1000001
[    0.000000] dbgp: ehci BIOS state 00000000000000000000000001000001
[    0.000000] dbgp: ehci BIOS state 16777217
[    0.000000] disabled EHCI SMI via usb
[    0.000000] n_ports:    5
[    0.000000] dbgp: 
[    0.000000]   ehci cmd     : 00080b00  ehci conf flg: 00000000
[    0.000000]   ehci status  : 00001000portstatus1: 00003000
[    0.000000] portstatus2: 00003000
[    0.000000] portstatus3: 00003000
[    0.000000] portstatus4: 00003000
[    0.000000] portstatus5: 00003000
[    0.000000] controller reset is skipped
[    0.000000] ehci started
[    0.000000] portstatus1: 00001000
[    0.000000] portstatus2: 00001000
[    0.000000] portstatus3: 00001803
[    0.000000] portstatus4: 00001000
[    0.000000] portstatus5: 00001000
[    0.000000] was here2, end, returning -1
[    0.000000] ehci_setup222 failed
[    0.000000] dbgp: 
[    0.000000]   ehci cmd     : 00080b01  ehci conf flg: 00000001
[    0.000000]   ehci status  : 00000000bus: 00 slot: 13 func: 02 is EHCI
[    0.000000] Found EHCI on 00:13.2
[    0.000000] bar_val: f014a800
[    0.000000] ehci_bar: ffffffffff5ff800
[    0.000000] early_ehci_bios_handoff:
[    0.000000] dbgp: ehci BIOS state 00010001
[    0.000000] dbgp: ehci BIOS state 10001
[    0.000000] dbgp: ehci BIOS state 00000000000000000000000000010001
[    0.000000] dbgp: ehci BIOS state 65537
[    0.000000] dbgp: BIOS handoff
[    0.000000] dbgp: ehci BIOS state while: 01000001
[    0.000000] dbgp: ehci BIOS state 1000001
[    0.000000] dbgp: ehci BIOS state 00000000000000000000000001000001
[    0.000000] dbgp: ehci BIOS state 16777217
[    0.000000] disabled EHCI SMI via usb
[    0.000000] n_ports:    5
[    0.000000] dbgp: 
[    0.000000]   ehci cmd     : 00080b00  ehci conf flg: 00000000
[    0.000000]   ehci status  : 00001004portstatus1: 00003000
[    0.000000] portstatus2: 00003000
[    0.000000] portstatus3: 00003000
[    0.000000] portstatus4: 00003000
[    0.000000] portstatus5: 00003000
[    0.000000] controller reset is skipped
[    0.000000] ehci started
[    0.000000] portstatus1: 00001803
[    0.000000] portstatus2: 00001000
[    0.000000] portstatus3: 00001803
[    0.000000] portstatus4: 00001000
[    0.000000] portstatus5: 00001000
[    0.000000] was here2, end, returning -1
[    0.000000] ehci_setup222 failed
[    0.000000] dbgp: 
[    0.000000]   ehci cmd     : 00080b01  ehci conf flg: 00000001
[    0.000000]   ehci status  : 00000000no more EHCIs
[    0.000000] epic ended
[    0.000000] NX (Execute Disable) protection: active
[    0.000000] SMBIOS 2.6 present.
[    0.000000] DMI: LENOVO Sabine/Torpedo, BIOS 54CN18WW 07/20/2011
[    0.000000] e820: update [mem 0x00000000-0x00000fff] usable ==> reserved
[    0.000000] e820: remove [mem 0x000a0000-0x000fffff] usable
[    0.000000] e820: last_pfn = 0x41f000 max_arch_pfn = 0x400000000
[    0.000000] MTRR default type: uncachable
[    0.000000] MTRR fixed ranges enabled:
[    0.000000]   00000-9FFFF write-back
[    0.000000]   A0000-BFFFF uncachable
[    0.000000]   C0000-FFFFF write-protect
[    0.000000] MTRR variable ranges enabled:
[    0.000000]   0 base 0000000000 mask FF80000000 write-back
[    0.000000]   1 base 0080000000 mask FFC0000000 write-back
[    0.000000]   2 base 00FFF90000 mask FFFFFF0000 uncachable
[    0.000000]   3 base 00FED80000 mask 0FFFFFF000 uncachable
[    0.000000]   4 disabled
[    0.000000]   5 disabled
[    0.000000]   6 disabled
[    0.000000]   7 base 00FFE00000 mask FFFFE00000 write-protect
[    0.000000] TOM2: 000000041f000000 aka 16880M
[    0.000000] mtrr: your BIOS has configured an incorrect mask, fixing it.
[    0.000000] e820: last_pfn = 0xbfe00 max_arch_pfn = 0x400000000
[    0.000000] Scan for SMP in [mem 0x00000000-0x000003ff]
[    0.000000] Scan for SMP in [mem 0x0009fc00-0x0009ffff]
[    0.000000] Scan for SMP in [mem 0x000f0000-0x000fffff]
[    0.000000] found SMP MP-table at [mem 0x000fa8b0-0x000fa8bf] mapped at [ffff8800000fa8b0]
[    0.000000]   mpc: fa8c0-faa24
[    0.000000] Base memory trampoline at [ffff880000097000] 97000 size 24576
[    0.000000] Using GB pages for direct mapping
[    0.000000] init_memory_mapping: [mem 0x00000000-0x000fffff]
[    0.000000]  [mem 0x00000000-0x000fffff] page 4k
[    0.000000] BRK [0x01e1f000, 0x01e1ffff] PGTABLE
[    0.000000] BRK [0x01e20000, 0x01e20fff] PGTABLE
[    0.000000] BRK [0x01e21000, 0x01e21fff] PGTABLE
[    0.000000] init_memory_mapping: [mem 0x41ee00000-0x41effffff]
[    0.000000]  [mem 0x41ee00000-0x41effffff] page 2M
[    0.000000] BRK [0x01e22000, 0x01e22fff] PGTABLE
[    0.000000] init_memory_mapping: [mem 0x41c000000-0x41edfffff]
[    0.000000]  [mem 0x41c000000-0x41edfffff] page 2M
[    0.000000] init_memory_mapping: [mem 0x400000000-0x41bffffff]
[    0.000000]  [mem 0x400000000-0x41bffffff] page 2M
[    0.000000] init_memory_mapping: [mem 0x00100000-0xbed9afff]
[    0.000000]  [mem 0x00100000-0x001fffff] page 4k
[    0.000000]  [mem 0x00200000-0x3fffffff] page 2M
[    0.000000]  [mem 0x40000000-0x7fffffff] page 1G
[    0.000000]  [mem 0x80000000-0xbebfffff] page 2M
[    0.000000]  [mem 0xbec00000-0xbed9afff] page 4k
[    0.000000] init_memory_mapping: [mem 0xbf51b000-0xbfdfffff]
[    0.000000]  [mem 0xbf51b000-0xbf5fffff] page 4k
[    0.000000]  [mem 0xbf600000-0xbfdfffff] page 2M
[    0.000000] BRK [0x01e23000, 0x01e23fff] PGTABLE
[    0.000000] init_memory_mapping: [mem 0x100000000-0x3ffffffff]
[    0.000000]  [mem 0x100000000-0x3ffffffff] page 1G
[    0.000000] log_buf_len: 16777216 bytes
[    0.000000] early log buf free: 2088548(99%)
[    0.000000] RAMDISK: [mem 0x3781c000-0x37c05fff]
[    0.000000] ACPI: Early table checksum verification disabled
[    0.000000] ACPI: RSDP 0x00000000000F0110 000024 (v02 LENOVO)
[    0.000000] ACPI: XSDT 0x00000000BF51A120 000074 (v01 LENOVO CB-01    00000001 LENO 00000001)
[    0.000000] ACPI: FACP 0x00000000BF508000 0000F4 (v04 LENOVO CB-01    00000001 PTL  00000001)
[    0.000000] ACPI: DSDT 0x00000000BF50A000 00FD10 (v01 LENOVO CB-01    00001000 LENO 00000001)
[    0.000000] ACPI: FACS 0x00000000BF478000 000040
[    0.000000] ACPI: HPET 0x00000000BF507000 000038 (v01 LENOVO CB-01    00000001 PTL  00000001)
[    0.000000] ACPI: APIC 0x00000000BF506000 00007A (v02 LENOVO CB-01    00000001 PTL  00000001)
[    0.000000] ACPI: MCFG 0x00000000BF505000 00003C (v01 LENOVO CB-01    00000001 PTL  00000001)
[    0.000000] ACPI: SLIC 0x00000000BF504000 000176 (v01 LENOVO CB-01    00000001 LENO 00000001)
[    0.000000] ACPI: UEFI 0x00000000BF503000 00003E (v01 LENOVO CB-01    00000001 PTL  00000001)
[    0.000000] ACPI: UEFI 0x00000000BF502000 000042 (v01 PTL    COMBUF   00000001 PTL  00000001)
[    0.000000] ACPI: SSDT 0x00000000BF501000 000E34 (v01 AMD    POWERNOW 00000001 AMD  00000001)
[    0.000000] ACPI: SSDT 0x00000000BF4FF000 00193D (v02 AMD    ALIB     00000001 MSFT 04000000)
[    0.000000] ACPI: UEFI 0x00000000BF4FE000 00021A (v01 LENOVO CB-01    00000001 PTL  00000001)
[    0.000000] ACPI: Local APIC address 0xfee00000
[    0.000000] mapped APIC to ffffffffff5fd000 (        fee00000)
[    0.000000] No NUMA configuration found
[    0.000000] Faking a node at [mem 0x0000000000000000-0x000000041effffff]
[    0.000000] Initmem setup node 0 [mem 0x00000000-0x41effffff]
[    0.000000]   NODE_DATA [mem 0x41dffa000-0x41dffdfff]
[    0.000000]  [ffffea0000000000-ffffea00107fffff] PMD -> [ffff88040de00000-ffff88041d5fffff] on node 0
[    0.000000] Zone ranges:
[    0.000000]   DMA      [mem 0x00001000-0x00ffffff]
[    0.000000]   DMA32    [mem 0x01000000-0xffffffff]
[    0.000000]   Normal   [mem 0x100000000-0x41effffff]
[    0.000000] Movable zone start for each node
[    0.000000] Early memory node ranges
[    0.000000]   node   0: [mem 0x00001000-0x0009cfff]
[    0.000000]   node   0: [mem 0x00100000-0xbed9afff]
[    0.000000]   node   0: [mem 0xbf51b000-0xbfdfffff]
[    0.000000]   node   0: [mem 0x100000000-0x41effffff]
[    0.000000] On node 0 totalpages: 4056604
[    0.000000]   DMA zone: 64 pages used for memmap
[    0.000000]   DMA zone: 21 pages reserved
[    0.000000]   DMA zone: 3996 pages, LIFO batch:0
[    0.000000]   DMA32 zone: 12186 pages used for memmap
[    0.000000]   DMA32 zone: 779904 pages, LIFO batch:31
[    0.000000]   Normal zone: 51136 pages used for memmap
[    0.000000]   Normal zone: 3272704 pages, LIFO batch:31
[    0.000000] ACPI: PM-Timer IO Port: 0x808
[    0.000000] ACPI: Local APIC address 0xfee00000
[    0.000000] mapped APIC to ffffffffff5fd000 (        fee00000)
[    0.000000] ACPI: LAPIC (acpi_id[0x00] lapic_id[0x00] enabled)
[    0.000000] ACPI: LAPIC (acpi_id[0x01] lapic_id[0x01] enabled)
[    0.000000] ACPI: LAPIC (acpi_id[0x02] lapic_id[0x02] enabled)
[    0.000000] ACPI: LAPIC (acpi_id[0x03] lapic_id[0x03] enabled)
[    0.000000] ACPI: LAPIC_NMI (acpi_id[0x00] high edge lint[0x1])
[    0.000000] ACPI: LAPIC_NMI (acpi_id[0x01] high edge lint[0x1])
[    0.000000] ACPI: LAPIC_NMI (acpi_id[0x02] high edge lint[0x1])
[    0.000000] ACPI: LAPIC_NMI (acpi_id[0x03] high edge lint[0x1])
[    0.000000] ACPI: IOAPIC (id[0x02] address[0xfec00000] gsi_base[0])
[    0.000000] IOAPIC[0]: apic_id 2, version 33, address 0xfec00000, GSI 0-23
[    0.000000] ACPI: INT_SRC_OVR (bus 0 bus_irq 0 global_irq 2 dfl dfl)
[    0.000000] Int: type 0, pol 0, trig 0, bus 00, IRQ 00, APIC ID 2, APIC INT 02
[    0.000000] Int: type 0, pol 3, trig 3, bus 00, IRQ 09, APIC ID 2, APIC INT 09
[    0.000000] ACPI: IRQ0 used by override.
[    0.000000] Int: type 0, pol 0, trig 0, bus 00, IRQ 01, APIC ID 2, APIC INT 01
[    0.000000] Int: type 0, pol 0, trig 0, bus 00, IRQ 03, APIC ID 2, APIC INT 03
[    0.000000] Int: type 0, pol 0, trig 0, bus 00, IRQ 04, APIC ID 2, APIC INT 04
[    0.000000] Int: type 0, pol 0, trig 0, bus 00, IRQ 05, APIC ID 2, APIC INT 05
[    0.000000] Int: type 0, pol 0, trig 0, bus 00, IRQ 06, APIC ID 2, APIC INT 06
[    0.000000] Int: type 0, pol 0, trig 0, bus 00, IRQ 07, APIC ID 2, APIC INT 07
[    0.000000] Int: type 0, pol 0, trig 0, bus 00, IRQ 08, APIC ID 2, APIC INT 08
[    0.000000] ACPI: IRQ9 used by override.
[    0.000000] Int: type 0, pol 0, trig 0, bus 00, IRQ 0a, APIC ID 2, APIC INT 0a
[    0.000000] Int: type 0, pol 0, trig 0, bus 00, IRQ 0b, APIC ID 2, APIC INT 0b
[    0.000000] Int: type 0, pol 0, trig 0, bus 00, IRQ 0c, APIC ID 2, APIC INT 0c
[    0.000000] Int: type 0, pol 0, trig 0, bus 00, IRQ 0d, APIC ID 2, APIC INT 0d
[    0.000000] Int: type 0, pol 0, trig 0, bus 00, IRQ 0e, APIC ID 2, APIC INT 0e
[    0.000000] Int: type 0, pol 0, trig 0, bus 00, IRQ 0f, APIC ID 2, APIC INT 0f
[    0.000000] Using ACPI (MADT) for SMP configuration information
[    0.000000] ACPI: HPET id: 0x43538210 base: 0xfed00000
[    0.000000] smpboot: Allowing 4 CPUs, 0 hotplug CPUs
[    0.000000] mapped IOAPIC to ffffffffff5fc000 (fec00000)
[    0.000000] e820: [mem 0xc0000000-0xfebfffff] available for PCI devices
[    0.000000] setup_percpu: NR_CPUS:64 nr_cpumask_bits:64 nr_cpu_ids:4 nr_node_ids:1
[    0.000000] PERCPU: Embedded 27 pages/cpu @ffff88041dc00000 s80256 r8192 d22144 u524288
[    0.000000] pcpu-alloc: s80256 r8192 d22144 u524288 alloc=1*2097152
[    0.000000] pcpu-alloc: [0] 0 1 2 3 
[    0.000000] Built 1 zonelists in Zone order, mobility grouping on.  Total pages: 3993197
[    0.000000] Policy zone: Normal
[    0.000000] Kernel command line: BOOT_IMAGE=/vmlinuz-linux-git root=UUID=bfa4ab6e-19a3-4601-ba2b-267c55841c73 rw cryptdevice=/dev/disk/by-uuid/70c08890-417a-497d-b6ab-c0d0357a63e2:cryptManjaro:allow-discards ipv6.disable=1 pnp.debug=1 loglevel=9 log_buf_len=10M printk.always_kmsg_dump=y printk.time=y mminit_loglevel=0 memory_corruption_check=1 acpi.debug_layer=0xfbff0000 acpi.debug_level=0xFFFFFFFD nohz=on rcu_nocbs=1-3 pcie_aspm=force fbcon=scrollback:4096k fbcon=font:ProFont6x11 radeon.audio=0 radeon.lockup_timeout=0 radeon.test=0 radeon.agpmode=-1 radeon.benchmark=0 radeon.tv=0 radeon.hard_reset=1 radeon.aspm=1 radeon.dpm=1 radeon.msi=1 radeon.pcie_gen2=-1 radeon.no_wb=1 radeon.modeset=1 radeon.dynclks=1 radeon.r4xx_atom=0 radeon.runpm=0 radeonfb radeon.fastfb=1 nomodeset apic=debug earlyprintk=vga,cookies
[    0.000000] PCIe ASPM is forcibly enabled
[    0.000000] PID hash table entries: 4096 (order: 3, 32768 bytes)
[    0.000000] Memory: 15870836K/16226416K available (5261K kernel code, 722K rwdata, 2208K rodata, 852K init, 2616K bss, 355580K reserved)
[    0.000000] SLUB: HWalign=64, Order=0-3, MinObjects=0, CPUs=4, Nodes=1
[    0.000000] Hierarchical RCU implementation.
[    0.000000] 	RCU dyntick-idle grace-period acceleration is enabled.
[    0.000000] 	Additional per-CPU info printed with stalls.
[    0.000000] 	RCU restricting CPUs from NR_CPUS=64 to nr_cpu_ids=4.
[    0.000000] 	Offload RCU callbacks from all CPUs
[    0.000000] 	Offload RCU callbacks from CPUs: 0-3.
[    0.000000] RCU: Adjusting geometry for rcu_fanout_leaf=16, nr_cpu_ids=4
[    0.000000] NR_IRQS:4352 nr_irqs:456 0
[    0.000000] spurious 8259A interrupt: IRQ7.
[    0.000000] vgacon: allocated 4194304 bytes of memory for scrollback. CONFIG_VGACON_SOFT_SCROLLBACK_SIZE=4096
[    0.000000] Console: colour VGA+ 80x25
[    0.000000] console [tty0] enabled
[    0.000000] bootconsole [earlyvga0] disabled
[    0.000000] allocated 65011712 bytes of page_cgroup
[    0.000000] please try 'cgroup_disable=memory' option if you don't want memory cgroups
[    0.000000] hpet clockevent registered
[    0.000000] tsc: Fast TSC calibration using PIT
[    0.000000] tsc: Detected 1397.364 MHz processor
[    0.000040] Calibrating delay loop (skipped), value calculated using timer frequency.. 2795.17 BogoMIPS (lpj=4657880)
[    0.000151] pid_max: default: 32768 minimum: 301
[    0.000195] ACPI: Core revision 20140724
[    0.016092] ACPI: All ACPI Tables successfully acquired
[    0.016504] Security Framework initialized
[    0.017512] Dentry cache hash table entries: 2097152 (order: 12, 16777216 bytes)
[    0.022447] Inode-cache hash table entries: 1048576 (order: 11, 8388608 bytes)
[    0.024926] Mount-cache hash table entries: 32768 (order: 6, 262144 bytes)
[    0.025054] Mountpoint-cache hash table entries: 32768 (order: 6, 262144 bytes)
[    0.025507] Initializing cgroup subsys memory
[    0.025582] Initializing cgroup subsys devices
[    0.025646] Initializing cgroup subsys freezer
[    0.025709] Initializing cgroup subsys net_cls
[    0.025772] Initializing cgroup subsys blkio
[    0.025855] CPU: Physical Processor ID: 0
[    0.025917] CPU: Processor Core ID: 0
[    0.025978] mce: CPU supports 6 MCE banks
[    0.026048] Last level iTLB entries: 4KB 512, 2MB 16, 4MB 8
Last level dTLB entries: 4KB 1024, 2MB 128, 4MB 64, 1GB 0
[    0.026322] Freeing SMP alternatives memory: 20K (ffffffff81b8b000 - ffffffff81b90000)
[    0.026576] Getting VERSION: 80050010
[    0.026638] Getting VERSION: 80050010
[    0.026699] Getting ID: 0
[    0.026759] Getting ID: ff000000
[    0.026820] Getting LVT0: 700
[    0.026880] Getting LVT1: 400
[    0.026946] enabled ExtINT on CPU#0
[    0.027175] ENABLING IO-APIC IRQs
[    0.027238] init IO_APIC IRQs
[    0.027295]  apic 2 pin 0 not connected
[    0.027357] IOAPIC[0]: Set routing entry (2-1 -> 0x31 -> IRQ 1 Mode:0 Active:0 Dest:1)
[    0.027501] IOAPIC[0]: Set routing entry (2-2 -> 0x30 -> IRQ 0 Mode:0 Active:0 Dest:1)
[    0.027586] IOAPIC[0]: Set routing entry (2-2 -> 0x30 -> IRQ 0 Mode:0 Active:0 Dest:1)
[    0.027696] IOAPIC[0]: Set routing entry (2-3 -> 0x33 -> IRQ 3 Mode:0 Active:0 Dest:1)
[    0.027827] IOAPIC[0]: Set routing entry (2-4 -> 0x34 -> IRQ 4 Mode:0 Active:0 Dest:1)
[    0.027959] IOAPIC[0]: Set routing entry (2-5 -> 0x35 -> IRQ 5 Mode:0 Active:0 Dest:1)
[    0.028090] IOAPIC[0]: Set routing entry (2-6 -> 0x36 -> IRQ 6 Mode:0 Active:0 Dest:1)
[    0.028221] IOAPIC[0]: Set routing entry (2-7 -> 0x37 -> IRQ 7 Mode:0 Active:0 Dest:1)
[    0.028353] IOAPIC[0]: Set routing entry (2-8 -> 0x38 -> IRQ 8 Mode:0 Active:0 Dest:1)
[    0.028484] IOAPIC[0]: Set routing entry (2-9 -> 0x39 -> IRQ 9 Mode:1 Active:1 Dest:1)
[    0.028594] IOAPIC[0]: Set routing entry (2-10 -> 0x3a -> IRQ 10 Mode:0 Active:0 Dest:1)
[    0.028726] IOAPIC[0]: Set routing entry (2-11 -> 0x3b -> IRQ 11 Mode:0 Active:0 Dest:1)
[    0.028857] IOAPIC[0]: Set routing entry (2-12 -> 0x3c -> IRQ 12 Mode:0 Active:0 Dest:1)
[    0.028989] IOAPIC[0]: Set routing entry (2-13 -> 0x3d -> IRQ 13 Mode:0 Active:0 Dest:1)
[    0.029120] IOAPIC[0]: Set routing entry (2-14 -> 0x3e -> IRQ 14 Mode:0 Active:0 Dest:1)
[    0.029251] IOAPIC[0]: Set routing entry (2-15 -> 0x3f -> IRQ 15 Mode:0 Active:0 Dest:1)
[    0.029381]  apic 2 pin 16 not connected
[    0.029437]  apic 2 pin 17 not connected
[    0.029494]  apic 2 pin 18 not connected
[    0.029551]  apic 2 pin 19 not connected
[    0.029607]  apic 2 pin 20 not connected
[    0.029664]  apic 2 pin 21 not connected
[    0.029721]  apic 2 pin 22 not connected
[    0.029778]  apic 2 pin 23 not connected
[    0.029966] ..TIMER: vector=0x30 apic1=0 pin1=2 apic2=-1 pin2=-1
[    0.063037] smpboot: CPU0: AMD A6-3400M APU with Radeon(tm) HD Graphics (fam: 12, model: 01, stepping: 00)
[    0.063276] Using local APIC timer interrupts.
calibrating APIC timer ...
[    0.167533] ... lapic delta = 1247723
[    0.167595] ... PM-Timer delta = 357952
[    0.167656] ... PM-Timer result ok
[    0.167717] ..... delta 1247723
[    0.167778] ..... mult: 53589300
[    0.167838] ..... calibration result: 665452
[    0.167900] ..... CPU clock speed is 1397.1959 MHz.
[    0.167962] ..... host bus clock speed is 199.2185 MHz.
[    0.168051] Performance Events: AMD PMU driver.
[    0.168150] ... version:                0
[    0.168211] ... bit width:              48
[    0.168273] ... generic registers:      4
[    0.168334] ... value mask:             0000ffffffffffff
[    0.168396] ... max period:             00007fffffffffff
[    0.168458] ... fixed-purpose events:   0
[    0.168519] ... event mask:             000000000000000f
[    0.168921] MCE: In-kernel MCE decoding enabled.
[    0.169093] NMI watchdog: enabled on all CPUs, permanently consumes one hw-PMU counter.
[    0.169358] smpboot: ++++++++++++++++++++=_---CPU UP  1
[    0.169468] x86: Booting SMP configuration:
[    0.169530] .... node  #0, CPUs:      #1
[    0.169634] smpboot: Setting warm reset code and vector.
[    0.169752] smpboot: 1.
[    0.169812] smpboot: 2.
[    0.169871] smpboot: 3.
[    0.169930] smpboot: Asserting INIT
[    0.169990] smpboot: Waiting for send to finish...
[    0.180056] smpboot: Deasserting INIT
[    0.180163] smpboot: Waiting for send to finish...
[    0.180225] smpboot: #startup loops: 2
[    0.180287] smpboot: Sending STARTUP #1
[    0.180348] smpboot: After apic_write
[    0.083992] smpboot: CPU#1 (phys ID: 1) waiting for CALLOUT
[    0.180709] smpboot: Startup point 1
[    0.180879] smpboot: Waiting for send to finish...
[    0.181141] smpboot: Sending STARTUP #2
[    0.181248] smpboot: After apic_write
[    0.181609] smpboot: Startup point 1
[    0.181670] smpboot: Waiting for send to finish...
[    0.181932] smpboot: After Startup
[    0.182040] smpboot: Before Callout 1
[    0.182101] smpboot: After Callout 1
[    0.085595] masked ExtINT on CPU#1
[    0.085623] smpboot: Stack at about ffff880407807f44
[    0.182285] smpboot: CPU1: has booted.
[    0.184355] TSC synchronization [CPU#0 -> CPU#1]:
[    0.184464] Measured 134822363 cycles TSC warp between CPUs, turning off TSC clock.
[    0.184576] tsc: Marking TSC unstable due to check_tsc_sync_source failed
[    0.184765] smpboot: ++++++++++++++++++++=_---CPU UP  2
[    0.184876]  #2
[    0.184911] smpboot: Setting warm reset code and vector.
[    0.185032] smpboot: 1.
[    0.185092] smpboot: 2.
[    0.185152] smpboot: 3.
[    0.185213] smpboot: Asserting INIT
[    0.185274] smpboot: Waiting for send to finish...
[    0.195340] smpboot: Deasserting INIT
[    0.195447] smpboot: Waiting for send to finish...
[    0.195509] smpboot: #startup loops: 2
[    0.195570] smpboot: Sending STARTUP #1
[    0.195632] smpboot: After apic_write
[    0.065124] smpboot: CPU#2 (phys ID: 2) waiting for CALLOUT
[    0.195994] smpboot: Startup point 1
[    0.196164] smpboot: Waiting for send to finish...
[    0.196427] smpboot: Sending STARTUP #2
[    0.196534] smpboot: After apic_write
[    0.196895] smpboot: Startup point 1
[    0.197005] smpboot: Waiting for send to finish...
[    0.197269] smpboot: After Startup
[    0.197377] smpboot: Before Callout 2
[    0.197438] smpboot: After Callout 2
[    0.066727] masked ExtINT on CPU#2
[    0.066755] smpboot: Stack at about ffff88040780bf44
[    0.197623] smpboot: CPU2: has booted.
[    0.197785] smpboot: ++++++++++++++++++++=_---CPU UP  3
[    0.197849]  #3
[    0.197884] smpboot: Setting warm reset code and vector.
[    0.198005] smpboot: 1.
[    0.198069] smpboot: 2.
[    0.198129] smpboot: 3.
[    0.198189] smpboot: Asserting INIT
[    0.198250] smpboot: Waiting for send to finish...
[    0.208316] smpboot: Deasserting INIT
[    0.208424] smpboot: Waiting for send to finish...
[    0.208486] smpboot: #startup loops: 2
[    0.208549] smpboot: Sending STARTUP #1
[    0.208613] smpboot: After apic_write
[    0.044162] smpboot: CPU#3 (phys ID: 3) waiting for CALLOUT
[    0.208976] smpboot: Startup point 1
[    0.209146] smpboot: Waiting for send to finish...
[    0.209408] smpboot: Sending STARTUP #2
[    0.209515] smpboot: After apic_write
[    0.209876] smpboot: Startup point 1
[    0.209985] smpboot: Waiting for send to finish...
[    0.210249] smpboot: After Startup
[    0.210357] smpboot: Before Callout 3
[    0.210417] smpboot: After Callout 3
[    0.045762] masked ExtINT on CPU#3
[    0.045787] smpboot: Stack at about ffff88040780ff44
[    0.210604] smpboot: CPU3: has booted.
[    0.210686] x86: Booted up 1 node, 4 CPUs
[    0.210748] smpboot: Boot done
[    0.210808] smpboot: Before bogomips
[    0.210870] smpboot: Total of 4 processors activated (11183.70 BogoMIPS)
[    0.210933] smpboot: Before bogocount - setting activated=1
[    0.110107] devtmpfs: initialized
[    0.110136] device: 'platform': device_add
[    0.110219] bus: 'platform': registered
[    0.111386] bus: 'cpu': registered
[    0.111451] device: 'cpu': device_add
[    0.111531] bus: 'container': registered
[    0.111594] device: 'container': device_add
[    0.113694] bus: 'workqueue': registered
[    0.113806] device: 'workqueue': device_add
[    0.113895] kworker/u8:0 (39) used greatest stack depth: 14176 bytes left
[    0.114050] atomic64_test: passed for x86-64 platform with CX8 and with SSE
[    0.114052] device class 'regulator': registering
[    0.114078] Registering platform device 'reg-dummy'. Parent at platform
[    0.114078] device: 'reg-dummy': device_add
[    0.114081] bus: 'platform': add device reg-dummy
[    0.114104] bus: 'platform': add driver reg-dummy
[    0.114109] bus: 'platform': driver_probe_device: matched device reg-dummy with driver reg-dummy
[    0.114112] bus: 'platform': really_probe: probing driver reg-dummy with device reg-dummy
[    0.114118] device: 'regulator.0': device_add
[    0.114139] regulator-dummy: no parameters
[    0.114150] driver: 'reg-dummy': driver_bound: bound to device 'reg-dummy'
[    0.114151] bus: 'platform': really_probe: bound device reg-dummy to driver reg-dummy
[    0.114258] NET: Registered protocol family 16
[    0.114576] device class 'bdi': registering
[    0.114594] bus: 'platform': add driver ramoops
[    0.114614] device class 'pci_bus': registering
[    0.114636] bus: 'pci': registered
[    0.114642] device class 'backlight': registering
[    0.114649] device class 'tty': registering
[    0.114656] device class 'vtconsole': registering
[    0.114665] device: 'vtcon0': device_add
[    0.114699] bus: 'node': registered
[    0.114702] device: 'node': device_add
[    0.114733] bus: 'i2c': registered
[    0.114735] bus: 'i2c': add driver dummy
[    0.114741] i2c-core: driver [dummy] registered
[    0.114744] cpuidle: using governor ladder
[    0.114747] cpuidle: using governor menu
[    0.115166] ACPI FADT declares the system doesn't support PCIe ASPM, so disable it
[    0.115168] ACPI: bus type PCI registered
[    0.115170] acpiphp: ACPI Hot Plug PCI Controller Driver version: 0.5
[    0.115175] device class 'dmi': registering
[    0.115182] device: 'id': device_add
[    0.115258] PCI: MMCONFIG for domain 0000 [bus 00-3f] at [mem 0xf8000000-0xfbffffff] (base 0xf8000000)
[    0.115260] PCI: not using MMCONFIG
[    0.115262] PCI: Using configuration type 1 for base access
[    0.115262] PCI: Using configuration type 1 for extended access
[    0.115572] device: 'node0': device_add
[    0.115576] bus: 'node': add device node0
[    0.115604] device: 'cpu0': device_add
[    0.115606] bus: 'cpu': add device cpu0
[    0.115631] device: 'cpu1': device_add
[    0.115633] bus: 'cpu': add device cpu1
[    0.115656] device: 'cpu2': device_add
[    0.115658] bus: 'cpu': add device cpu2
[    0.115685] device: 'cpu3': device_add
[    0.115688] bus: 'cpu': add device cpu3
[    0.140146] device: 'writeback': device_add
[    0.140163] bus: 'workqueue': add device writeback
[    0.140262] device: 'default': device_add
[    0.140497] device class 'block': registering
[    0.140497] ACPI: Added _OSI(Module Device)
[    0.140497] ACPI: Added _OSI(Processor Device)
[    0.140497] ACPI: Added _OSI(3.0 _SCP Extensions)
[    0.140497] ACPI: Added _OSI(Processor Aggregator Device)
[    0.141070] IOAPIC[0]: Set routing entry (2-9 -> 0x39 -> IRQ 9 Mode:1 Active:1 Dest:15)
[    0.141468] 
**** Context Switch from TID 4294967295 to TID 133431296 ****

[    0.141678]     utils-0051 util_eval_error       : Evaluate [\_SB_.PCI0.LPC0.EC0_._GLK]: AE_NOT_FOUND
[    0.142072] Executing  Method       \_SB_.PCI0.LPC0.EC0_._REG
[    0.142810] Executing  Method       \_SB_.PCI0.LPC0.EC0_._REG
[    0.142950] Executing  Method       \_SB_.PCI0.LPC0.EC0_._REG
[    0.143122] Executing  Method       \_SB_.PCI0.LPC0.EC0_._REG
[    0.145888] Initializing Region       \_SB_.OSTY
[    0.146093] Initializing Region       \_SB_.PCI0.NBMS
[    0.146233] Initializing Region       \_SB_.PCI0.NBXP
[    0.146372] Initializing Region       \_SB_.PCI0.K8ST
[    0.146533] Initializing Region       \_SB_.PCI0.BAR1
[    0.146681] Initializing Region       \_SB_.PCI0.PB2_.XPEX
[    0.146818] Initializing Region       \_SB_.PCI0.PB2_.PCFG
[    0.146960] Initializing Region       \_SB_.PCI0.PB2_.XPCB
[    0.147109] Initializing Region       \_SB_.PCI0.PB2_.XPRI
[    0.147260] Initializing Region       \_SB_.PCI0.PB2_.VGA_.PCFG
[    0.147439] Initializing Region       \_SB_.PCI0.PB2_.HDAU.PCFG
[    0.147616] Initializing Region       \_SB_.PCI0.PB3_.XPEX
[    0.147752] Initializing Region       \_SB_.PCI0.PB3_.PCFG
[    0.147889] Initializing Region       \_SB_.PCI0.PB3_.XPCB
[    0.148026] Initializing Region       \_SB_.PCI0.PB3_.XPRI
[    0.148172] Initializing Region       \_SB_.PCI0.PB3_.VGA_.PCFG
[    0.148389] Initializing Region       \_SB_.PCI0.PB3_.HDAU.PCFG
[    0.148554] Initializing Region       \_SB_.PCI0.PB4_.XPEX
[    0.148690] Initializing Region       \_SB_.PCI0.PB4_.PCFG
[    0.148826] Initializing Region       \_SB_.PCI0.PB4_.XPCB
[    0.148962] Initializing Region       \_SB_.PCI0.PB4_.XPRI
[    0.149100] Initializing Region       \_SB_.PCI0.PB4_.XPDV.PCFG
[    0.149245] Initializing Region       \_SB_.PCI0.PB5_.XPEX
[    0.149382] Initializing Region       \_SB_.PCI0.PB5_.PCFG
[    0.149528] Initializing Region       \_SB_.PCI0.PB5_.XPCB
[    0.149676] Initializing Region       \_SB_.PCI0.PB5_.XPRI
[    0.149820] Initializing Region       \_SB_.PCI0.PB5_.XPDV.PCFG
[    0.149964] Initializing Region       \_SB_.PCI0.PB6_.XPEX
[    0.150101] Initializing Region       \_SB_.PCI0.PB6_.PCFG
[    0.150239] Initializing Region       \_SB_.PCI0.PB6_.XPCB
[    0.150376] Initializing Region       \_SB_.PCI0.PB6_.XPRI
[    0.150514] Initializing Region       \_SB_.PCI0.PB6_.XPDV.PCFG
[    0.150660] Initializing Region       \_SB_.PCI0.PB7_.XPEX
[    0.150806] Initializing Region       \_SB_.PCI0.PB7_.PCFG
[    0.150953] Initializing Region       \_SB_.PCI0.PB7_.XPCB
[    0.151096] Initializing Region       \_SB_.PCI0.PB7_.XPRI
[    0.151234] Initializing Region       \_SB_.PCI0.PB7_.XPDV.PCFG
[    0.151544] Initializing Region       \_SB_.PCI0.SATC
[    0.151737] Initializing Region       \_SB_.PCI0.RMEM
[    0.151910] Initializing Region       \_SB_.PCI0.SATA.SATX
[    0.152051] Initializing Region       \_SB_.PCI0.SATA.BAR5
[    0.166868] Initializing Region       \_SB_.PCI0.SMB_.SBRV
[    0.167018] Initializing Region       \_SB_.PCI0.SMB_.PMIO
[    0.167157] Initializing Region       \_SB_.PCI0.SMB_.ERMM
[    0.167383] Initializing Region       \_SB_.PCI0.SMB_.P1E0
[    0.167576] Initializing Region       \_SB_.PCI0.SMB_.ABIO
[    0.167713] Initializing Region       \_SB_.PCI0.SMB_.SMB0
[    0.167852] Initializing Region       \_SB_.PCI0.LPC0.PIRQ
[    0.168023] Initializing Region       \_SB_.PCI0.LPC0.LPCR
[    0.168237] Initializing Region       \_SB_.PCI0.LPC0.LPCS
[    0.168426] Initializing Region       \_SB_.PCI0.LPC0.SMI0
[    0.168561] Initializing Region       \_SB_.PCI0.LPC0.SMI1
[    0.168702] Initializing Region       \_SB_.PCI0.LPC0.EC0_.ECO1
[    0.168702] Initializing Region       \_SB_.PCI0.LPC0.EC0_.ECO2
[    0.168702] Initializing Region       \_SB_.PCI0.LPC0.EC0_.ECMB
[    0.168702] Initializing Region       \_SB_.PCI0.LPC0.EC0_.RAM_
[    0.168702] Initializing Region       \_SB_.PCI0.LPC0.EC0_.CMOS
[    0.168702] Initializing Region       \_SB_.PCI0.LPC0.EC0_.VPC0.ERAM
[    0.168702] Initializing Region       \_SB_.PCI0.SPB0.PCFG
[    0.168702] Initializing Region       \_SB_.PCI0.SPB0.XPCB
[    0.168702] Initializing Region       \_SB_.PCI0.SPB0.XPDV.PCFG
[    0.168702] Initializing Region       \_SB_.PCI0.SPB1.PCFG
[    0.168702] Initializing Region       \_SB_.PCI0.SPB1.XPCB
[    0.168702] Initializing Region       \_SB_.PCI0.SPB1.XPDV.PCFG
[    0.168702] Initializing Region       \_SB_.PCI0.SPB2.PCFG
[    0.168702] Initializing Region       \_SB_.PCI0.SPB2.XPCB
[    0.168702] Initializing Region       \_SB_.PCI0.SPB2.XPDV.PCFG
[    0.168844] Initializing Region       \_SB_.PCI0.SPB3.PCFG
[    0.168979] Initializing Region       \_SB_.PCI0.SPB3.XPCB
[    0.169118] Initializing Region       \_SB_.PCI0.SPB3.XPDV.PCFG
[    0.169355] Initializing Region       \_SB_.PCI0.VGA_.REVD
[    0.169606] Initializing BufferField  \_SB_.AMW0.WLID
[    0.170225] Initializing Region       \DEB2
[    0.170399] Initializing Region       \PMIO
[    0.170525] Initializing Region       \P01_
[    0.170667] Initializing Region       \CNVS
[    0.170814] Initializing Region       \SPRT
[    0.170967] Initializing Region       \CMIO
[    0.171208] Executing  Method       \_SB_._STA
[    0.171359] Executing  Method       \_SB_._INI
[    0.171509] Executing  Method       \_SB_.PCI0._STA
[    0.171659] Executing  Method       \_SB_.PCI0._INI
[    0.172043] [Firmware Bug]: ACPI: BIOS _OSI(Linux) query ignored
[    0.172463] Executing  Method       \_SB_.PCI0.SATA._STA
[    0.172614] Executing  Method       \_SB_.PCI0.SATA._INI
[    0.173525] Executing  Method       \_SB_.PCI0.LPC0.EC0_._REG
[    0.200204] ACPI: Interpreter enabled
[    0.200208] ACPI: (supports S0 S5)
[    0.200270] ACPI: Using IOAPIC for interrupt routing
[    0.200529] PCI: MMCONFIG for domain 0000 [bus 00-3f] at [mem 0xf8000000-0xfbffffff] (base 0xf8000000)
[    0.201173] PCI: MMCONFIG at [mem 0xf8000000-0xfbffffff] reserved in ACPI motherboard resources
[    0.201412] bus: 'acpi': registered
[    0.201524] PCI: Using host bridge windows from ACPI; if necessary, use "pci=nocrs" and report a bug
[    0.201672]      scan-1142 get_device_data       : No context for object [ffffffffffffffff]
[    0.201882]     utils-0051 util_eval_error       : Evaluate [\._STA]: AE_NOT_FOUND
[    0.202098] device: 'LNXSYSTM:00': device_add
[    0.202164] bus: 'acpi': add device LNXSYSTM:00
[    0.203384]      scan-1934 add_single_object     : Added LNXSYSTM:00 [\] parent (null)
[    0.203590]      scan-1142 get_device_data       : No context for object [ffff88040d81d000]
[    0.203794]      scan-1142 get_device_data       : No context for object [ffff88040d8377d0]
[    0.203998]      scan-1142 get_device_data       : No context for object [ffff88040d8377f8]
[    0.204201]      scan-1142 get_device_data       : No context for object [ffff88040d837820]
[    0.204358]      scan-1142 get_device_data       : No context for object [ffff88040d837848]
[    0.204540]      scan-1142 get_device_data       : No context for object [ffff88040d837870]
[    0.204749]      scan-1142 get_device_data       : No context for object [ffff88040d837898]
[    0.204959]      scan-1142 get_device_data       : No context for object [ffff88040d8378c0]
[    0.205157]      scan-1142 get_device_data       : No context for object [ffff88040d8378e8]
[    0.205330]      scan-1142 get_device_data       : No context for object [ffff88040d839398]
[    0.205522]      scan-1142 get_device_data       : No context for object [ffff88040d81d028]
[    0.205714]      scan-1142 get_device_data       : No context for object [ffff88040d81d168]
[    0.205907]     utils-0051 util_eval_error       : Evaluate [\_PR_.C000._STA]: AE_NOT_FOUND
[    0.206103]      scan-1142 get_device_data       : No context for object [ffff88040d81d028]
[    0.206679] device: 'LNXCPU:00': device_add
[    0.206742] bus: 'acpi': add device LNXCPU:00
[    0.206815]      scan-1934 add_single_object     : Added LNXCPU:00 [\_PR_.C000] parent LNXSYSTM:00
[    0.207010]      scan-1142 get_device_data       : No context for object [ffff88040d83c398]
[    0.207202]      scan-1142 get_device_data       : No context for object [ffff88040d83c3c0]
[    0.207393]      scan-1142 get_device_data       : No context for object [ffff88040d83c3e8]
[    0.207586]      scan-1142 get_device_data       : No context for object [ffff88040d83c410]
[    0.207732]      scan-1142 get_device_data       : No context for object [ffff88040d83c438]
[    0.207909]      scan-1142 get_device_data       : No context for object [ffff88040d83c460]
[    0.208107]      scan-1142 get_device_data       : No context for object [ffff88040d81d190]
[    0.208302]     utils-0051 util_eval_error       : Evaluate [\_PR_.C001._STA]: AE_NOT_FOUND
[    0.208494]      scan-1142 get_device_data       : No context for object [ffff88040d81d028]
[    0.208672] device: 'LNXCPU:01': device_add
[    0.208731] bus: 'acpi': add device LNXCPU:01
[    0.210012]      scan-1934 add_single_object     : Added LNXCPU:01 [\_PR_.C001] parent LNXSYSTM:00
[    0.210012]      scan-1142 get_device_data       : No context for object [ffff88040d83c488]
[    0.210012]      scan-1142 get_device_data       : No context for object [ffff88040d83c4b0]
[    0.210012]      scan-1142 get_device_data       : No context for object [ffff88040d83c4d8]
[    0.210012]      scan-1142 get_device_data       : No context for object [ffff88040d83c500]
[    0.210012]      scan-1142 get_device_data       : No context for object [ffff88040d83c528]
[    0.210012]      scan-1142 get_device_data       : No context for object [ffff88040d83c550]
[    0.210194]      scan-1142 get_device_data       : No context for object [ffff88040d81d1b8]
[    0.210387]     utils-0051 util_eval_error       : Evaluate [\_PR_.C002._STA]: AE_NOT_FOUND
[    0.210580]      scan-1142 get_device_data       : No context for object [ffff88040d81d028]
[    0.210760] device: 'LNXCPU:02': device_add
[    0.210818] bus: 'acpi': add device LNXCPU:02
[    0.213333]      scan-1934 add_single_object     : Added LNXCPU:02 [\_PR_.C002] parent LNXSYSTM:00
[    0.213333]      scan-1142 get_device_data       : No context for object [ffff88040d83c578]
[    0.213333]      scan-1142 get_device_data       : No context for object [ffff88040d83c5a0]
[    0.213333]      scan-1142 get_device_data       : No context for object [ffff88040d83c5c8]
[    0.213333]      scan-1142 get_device_data       : No context for object [ffff88040d83c5f0]
[    0.213333]      scan-1142 get_device_data       : No context for object [ffff88040d83c618]
[    0.213333]      scan-1142 get_device_data       : No context for object [ffff88040d83c640]
[    0.213333]      scan-1142 get_device_data       : No context for object [ffff88040d81d1e0]
[    0.213333]     utils-0051 util_eval_error       : Evaluate [\_PR_.C003._STA]: AE_NOT_FOUND
[    0.213333]      scan-1142 get_device_data       : No context for object [ffff88040d81d028]
[    0.213333] device: 'LNXCPU:03': device_add
[    0.213333] bus: 'acpi': add device LNXCPU:03
[    0.213378]      scan-1934 add_single_object     : Added LNXCPU:03 [\_PR_.C003] parent LNXSYSTM:00
[    0.213378]      scan-1142 get_device_data       : No context for object [ffff88040d83c668]
[    0.213378]      scan-1142 get_device_data       : No context for object [ffff88040d83c690]
[    0.213493]      scan-1142 get_device_data       : No context for object [ffff88040d83c6b8]
[    0.213685]      scan-1142 get_device_data       : No context for object [ffff88040d83c6e0]
[    0.213834]      scan-1142 get_device_data       : No context for object [ffff88040d83c708]
[    0.214009]      scan-1142 get_device_data       : No context for object [ffff88040d83c730]
[    0.214211]      scan-1142 get_device_data       : No context for object [ffff88040d81d050]
[    0.214404]     utils-0051 util_eval_error       : Evaluate [\_SB_._STA]: AE_NOT_FOUND
[    0.214634] device: 'LNXSYBUS:00': device_add
[    0.214693] bus: 'acpi': add device LNXSYBUS:00
[    0.216670]      scan-1934 add_single_object     : Added LNXSYBUS:00 [\_SB_] parent LNXSYSTM:00
[    0.216670]      scan-1142 get_device_data       : No context for object [ffff88040d81d3c0]
[    0.216670]      scan-1142 get_device_data       : No context for object [ffff88040d81d3e8]
[    0.216670]      scan-1142 get_device_data       : No context for object [ffff88040d81d410]
[    0.216670]      scan-1142 get_device_data       : No context for object [ffff88040d81d438]
[    0.216670]      scan-1142 get_device_data       : No context for object [ffff88040d81d460]
[    0.216670]      scan-1142 get_device_data       : No context for object [ffff88040d81d488]
[    0.216670]      scan-1142 get_device_data       : No context for object [ffff88040d81d4b0]
[    0.216670]      scan-1142 get_device_data       : No context for object [ffff88040d81d5a0]
[    0.216670]     utils-0051 util_eval_error       : Evaluate [\_SB_.PWRB._STA]: AE_NOT_FOUND
[    0.216693] device: 'PNP0C0C:00': device_add
[    0.216755] bus: 'acpi': add device PNP0C0C:00
[    0.216837]      scan-1934 add_single_object     : Added PNP0C0C:00 [\_SB_.PWRB] parent LNXSYBUS:00
[    0.217023]      scan-1142 get_device_data       : No context for object [ffff88040d81d5c8]
[    0.217216]      scan-1142 get_device_data       : No context for object [ffff88040d81d5f0]
[    0.217407]     utils-0051 util_eval_error       : Evaluate [\_SB_.PCI0._STA]: AE_NOT_FOUND
[    0.217630] device: 'PNP0A08:00': device_add
[    0.217687] bus: 'acpi': add device PNP0A08:00
[    0.220009]      scan-1934 add_single_object     : Added PNP0A08:00 [\_SB_.PCI0] parent LNXSYBUS:00
[    0.220009]      scan-1142 get_device_data       : No context for object [ffff88040d81d618]
[    0.220009]      scan-1142 get_device_data       : No context for object [ffff88040d81d640]
[    0.220009]      scan-1142 get_device_data       : No context for object [ffff88040d81d668]
[    0.220009]      scan-1142 get_device_data       : No context for object [ffff88040d81d690]
[    0.220009]      scan-1142 get_device_data       : No context for object [ffff88040d81d6b8]
[    0.220009]      scan-1142 get_device_data       : No context for object [ffff88040d81d6e0]
[    0.220009]      scan-1142 get_device_data       : No context for object [ffff88040d81d708]
[    0.220009]      scan-1142 get_device_data       : No context for object [ffff88040d81d730]
[    0.220009]      scan-1142 get_device_data       : No context for object [ffff88040d81d758]
[    0.220009]      scan-1142 get_device_data       : No context for object [ffff88040d81d780]
[    0.220009]      scan-1142 get_device_data       : No context for object [ffff88040d81d7a8]
[    0.220009]      scan-1142 get_device_data       : No context for object [ffff88040d81d7d0]
[    0.220161]      scan-1142 get_device_data       : No context for object [ffff88040d81d7f8]
[    0.220353]      scan-1142 get_device_data       : No context for object [ffff88040d81d820]
[    0.221553]      scan-1142 get_device_data       : No context for object [ffff88040d81d848]
[    0.221745]      scan-1142 get_device_data       : No context for object [ffff88040d81d870]
[    0.221938]      scan-1142 get_device_data       : No context for object [ffff88040d81d898]
[    0.222130]      scan-1142 get_device_data       : No context for object [ffff88040d81d8c0]
[    0.222322]      scan-1142 get_device_data       : No context for object [ffff88040d81d8e8]
[    0.222520]      scan-1142 get_device_data       : No context for object [ffff88040d81d910]
[    0.222717]      scan-1142 get_device_data       : No context for object [ffff88040d81d938]
[    0.222896]      scan-1142 get_device_data       : No context for object [ffff88040d81d960]
[    0.223088]      scan-1142 get_device_data       : No context for object [ffff88040d81d988]
[    0.223280]      scan-1142 get_device_data       : No context for object [ffff88040d81d9b0]
[    0.223493]      scan-1142 get_device_data       : No context for object [ffff88040d81d9d8]
[    0.223684]      scan-1142 get_device_data       : No context for object [ffff88040d81da00]
[    0.223858]      scan-1142 get_device_data       : No context for object [ffff88040d81da28]
[    0.224055]      scan-1142 get_device_data       : No context for object [ffff88040d81da50]
[    0.224252]      scan-1142 get_device_data       : No context for object [ffff88040d81da78]
[    0.224444]      scan-1142 get_device_data       : No context for object [ffff88040d81daa0]
[    0.224636]      scan-1142 get_device_data       : No context for object [ffff88040d81dac8]
[    0.224809]      scan-1142 get_device_data       : No context for object [ffff88040d81daf0]
[    0.225002]      scan-1142 get_device_data       : No context for object [ffff88040d81db18]
[    0.225193]      scan-1142 get_device_data       : No context for object [ffff88040d81db40]
[    0.225386]      scan-1142 get_device_data       : No context for object [ffff88040d81db68]
[    0.225583]      scan-1142 get_device_data       : No context for object [ffff88040d81db90]
[    0.225780]      scan-1142 get_device_data       : No context for object [ffff88040d81dbb8]
[    0.225971]      scan-1142 get_device_data       : No context for object [ffff88040d81dbe0]
[    0.226164]      scan-1142 get_device_data       : No context for object [ffff88040d81dc08]
[    0.226356]      scan-1142 get_device_data       : No context for object [ffff88040d81dc30]
[    0.226548]      scan-1142 get_device_data       : No context for object [ffff88040d81dc58]
[    0.226668]      scan-1142 get_device_data       : No context for object [ffff88040d81dc80]
[    0.226843]      scan-1142 get_device_data       : No context for object [ffff88040d81dca8]
[    0.227038]      scan-1142 get_device_data       : No context for object [ffff88040d81dcd0]
[    0.227235]      scan-1142 get_device_data       : No context for object [ffff88040d81dcf8]
[    0.227432]      scan-1142 get_device_data       : No context for object [ffff88040d81dd20]
[    0.227625]      scan-1142 get_device_data       : No context for object [ffff88040d81dd48]
[    0.227770]      scan-1142 get_device_data       : No context for object [ffff88040d81dd70]
[    0.227943]      scan-1142 get_device_data       : No context for object [ffff88040d81dd98]
[    0.228134]      scan-1142 get_device_data       : No context for object [ffff88040d81ddc0]
[    0.228326]      scan-1142 get_device_data       : No context for object [ffff88040d81dde8]
[    0.228520]      scan-1142 get_device_data       : No context for object [ffff88040d81de10]
[    0.228711]      scan-1142 get_device_data       : No context for object [ffff88040d81de38]
[    0.228908]      scan-1142 get_device_data       : No context for object [ffff88040d81de60]
[    0.229100]      scan-1142 get_device_data       : No context for object [ffff88040d81de88]
[    0.229292]      scan-1142 get_device_data       : No context for object [ffff88040d81deb0]
[    0.229484]      scan-1142 get_device_data       : No context for object [ffff88040d81ded8]
[    0.229677]      scan-1142 get_device_data       : No context for object [ffff88040d81df00]
[    0.229850]      scan-1142 get_device_data       : No context for object [ffff88040d81df28]
[    0.230001]      scan-1142 get_device_data       : No context for object [ffff88040d81df50]
[    0.230196]      scan-1142 get_device_data       : No context for object [ffff88040d81df78]
[    0.230393]      scan-1142 get_device_data       : No context for object [ffff88040d81dfa0]
[    0.230590]      scan-1142 get_device_data       : No context for object [ffff88040d81dfc8]
[    0.230736]      scan-1142 get_device_data       : No context for object [ffff88040d822000]
[    0.230908]      scan-1142 get_device_data       : No context for object [ffff88040d822028]
[    0.231101]     utils-0051 util_eval_error       : Evaluate [\_SB_.PCI0.MEMR._STA]: AE_NOT_FOUND
[    0.231314] device: 'PNP0C02:00': device_add
[    0.231373] bus: 'acpi': add device PNP0C02:00
[    0.233337]      scan-1934 add_single_object     : Added PNP0C02:00 [\_SB_.PCI0.MEMR] parent PNP0A08:00
[    0.233337]      scan-1142 get_device_data       : No context for object [ffff88040d822050]
[    0.233337]      scan-1142 get_device_data       : No context for object [ffff88040d822078]
[    0.233337]      scan-1142 get_device_data       : No context for object [ffff88040d8220a0]
[    0.233337]      scan-1142 get_device_data       : No context for object [ffff88040d8220c8]
[    0.233337]      scan-1142 get_device_data       : No context for object [ffff88040d8220f0]
[    0.233337]      scan-1142 get_device_data       : No context for object [ffff88040d822118]
[    0.233337]      scan-1142 get_device_data       : No context for object [ffff88040d822140]
[    0.233337]      scan-1142 get_device_data       : No context for object [ffff88040d822168]
[    0.233337]      scan-1142 get_device_data       : No context for object [ffff88040d822190]
[    0.233337]      scan-1142 get_device_data       : No context for object [ffff88040d8221b8]
[    0.233523]      scan-1142 get_device_data       : No context for object [ffff88040d8221e0]
[    0.233698]      scan-1142 get_device_data       : No context for object [ffff88040d822208]
[    0.233894]      scan-1142 get_device_data       : No context for object [ffff88040d822230]
[    0.234086]      scan-1142 get_device_data       : No context for object [ffff88040d822258]
[    0.234275]      scan-1142 get_device_data       : No context for object [ffff88040d822280]
[    0.234472]      scan-1142 get_device_data       : No context for object [ffff88040d8222a8]
[    0.234669]     utils-0051 util_eval_error       : Evaluate [\_SB_.PCI0.PB2_._STA]: AE_NOT_FOUND
[    0.234896] device: 'device:00': device_add
[    0.234952] bus: 'acpi': add device device:00
[    0.236672]      scan-1934 add_single_object     : Added device:00 [\_SB_.PCI0.PB2_] parent PNP0A08:00
[    0.236672]      scan-1142 get_device_data       : No context for object [ffff88040d8222d0]
[    0.236672]      scan-1142 get_device_data       : No context for object [ffff88040d8222f8]
[    0.236672]      scan-1142 get_device_data       : No context for object [ffff88040d822320]
[    0.236672]      scan-1142 get_device_data       : No context for object [ffff88040d822348]
[    0.236672]      scan-1142 get_device_data       : No context for object [ffff88040d822370]
[    0.236672]      scan-1142 get_device_data       : No context for object [ffff88040d822398]
[    0.236672]      scan-1142 get_device_data       : No context for object [ffff88040d8223c0]
[    0.236672]      scan-1142 get_device_data       : No context for object [ffff88040d8223e8]
[    0.236672]      scan-1142 get_device_data       : No context for object [ffff88040d822410]
[    0.236860]      scan-1142 get_device_data       : No context for object [ffff88040d822438]
[    0.237052]      scan-1142 get_device_data       : No context for object [ffff88040d822460]
[    0.237244]      scan-1142 get_device_data       : No context for object [ffff88040d822488]
[    0.237439]      scan-1142 get_device_data       : No context for object [ffff88040d8224b0]
[    0.237637]      scan-1142 get_device_data       : No context for object [ffff88040d8224d8]
[    0.237832]      scan-1142 get_device_data       : No context for object [ffff88040d822500]
[    0.238023]      scan-1142 get_device_data       : No context for object [ffff88040d822528]
[    0.238215]      scan-1142 get_device_data       : No context for object [ffff88040d822550]
[    0.239416]      scan-1142 get_device_data       : No context for object [ffff88040d822578]
[    0.239613]      scan-1142 get_device_data       : No context for object [ffff88040d8225a0]
[    0.239799]      scan-1142 get_device_data       : No context for object [ffff88040d8225c8]
[    0.240001]      scan-1142 get_device_data       : No context for object [ffff88040d8225f0]
[    0.240194]      scan-1142 get_device_data       : No context for object [ffff88040d822618]
[    0.240386]      scan-1142 get_device_data       : No context for object [ffff88040d822640]
[    0.240578]      scan-1142 get_device_data       : No context for object [ffff88040d822668]
[    0.240750]      scan-1142 get_device_data       : No context for object [ffff88040d822690]
[    0.240947]      scan-1142 get_device_data       : No context for object [ffff88040d8226b8]
[    0.241145]      scan-1142 get_device_data       : No context for object [ffff88040d8226e0]
[    0.241338]      scan-1142 get_device_data       : No context for object [ffff88040d822708]
[    0.241531]      scan-1142 get_device_data       : No context for object [ffff88040d822730]
[    0.241703]      scan-1142 get_device_data       : No context for object [ffff88040d822758]
[    0.241895]      scan-1142 get_device_data       : No context for object [ffff88040d822780]
[    0.242089]     utils-0051 util_eval_error       : Evaluate [\_SB_.PCI0.PB2_.VGA_._STA]: AE_NOT_FOUND
[    0.242322] device: 'device:01': device_add
[    0.242430] bus: 'acpi': add device device:01
[    0.243339]      scan-1934 add_single_object     : Added device:01 [\_SB_.PCI0.PB2_.VGA_] parent device:00
[    0.243339]      scan-1142 get_device_data       : No context for object [ffff88040d8227a8]
[    0.243339]      scan-1142 get_device_data       : No context for object [ffff88040d8227d0]
[    0.243339]      scan-1142 get_device_data       : No context for object [ffff88040d8227f8]
[    0.243339]      scan-1142 get_device_data       : No context for object [ffff88040d822820]
[    0.243527]      scan-1142 get_device_data       : No context for object [ffff88040d822848]
[    0.243719]      scan-1142 get_device_data       : No context for object [ffff88040d822870]
[    0.243912]      scan-1142 get_device_data       : No context for object [ffff88040d822898]
[    0.244104]      scan-1142 get_device_data       : No context for object [ffff88040d8228c0]
[    0.244297]      scan-1142 get_device_data       : No context for object [ffff88040d8228e8]
[    0.244495]      scan-1142 get_device_data       : No context for object [ffff88040d822910]
[    0.244691]      scan-1142 get_device_data       : No context for object [ffff88040d822938]
[    0.244865]      scan-1142 get_device_data       : No context for object [ffff88040d822960]
[    0.245056]      scan-1142 get_device_data       : No context for object [ffff88040d822988]
[    0.245249]      scan-1142 get_device_data       : No context for object [ffff88040d8229b0]
[    0.245441]      scan-1142 get_device_data       : No context for object [ffff88040d8229d8]
[    0.245633]      scan-1142 get_device_data       : No context for object [ffff88040d822a00]
[    0.245809]      scan-1142 get_device_data       : No context for object [ffff88040d822a28]
[    0.246007]      scan-1142 get_device_data       : No context for object [ffff88040d822a50]
[    0.246204]      scan-1142 get_device_data       : No context for object [ffff88040d822a78]
[    0.246396]      scan-1142 get_device_data       : No context for object [ffff88040d822aa0]
[    0.246588]      scan-1142 get_device_data       : No context for object [ffff88040d822ac8]
[    0.246807]      scan-1142 get_device_data       : No context for object [ffff88040d822af0]
[    0.246999]      scan-1142 get_device_data       : No context for object [ffff88040d822b18]
[    0.247191]      scan-1142 get_device_data       : No context for object [ffff88040d822b40]
[    0.247389]      scan-1142 get_device_data       : No context for object [ffff88040d822b68]
[    0.247586]      scan-1142 get_device_data       : No context for object [ffff88040d822b90]
[    0.247778]      scan-1142 get_device_data       : No context for object [ffff88040d822bb8]
[    0.247970]      scan-1142 get_device_data       : No context for object [ffff88040d822be0]
[    0.248162]      scan-1142 get_device_data       : No context for object [ffff88040d822c08]
[    0.248354]      scan-1142 get_device_data       : No context for object [ffff88040d822c30]
[    0.248546]      scan-1142 get_device_data       : No context for object [ffff88040d822c58]
[    0.248738]      scan-1142 get_device_data       : No context for object [ffff88040d822c80]
[    0.248914]      scan-1142 get_device_data       : No context for object [ffff88040d822ca8]
[    0.249109]      scan-1142 get_device_data       : No context for object [ffff88040d822cd0]
[    0.249299]      scan-1142 get_device_data       : No context for object [ffff88040d822cf8]
[    0.249493]      scan-1142 get_device_data       : No context for object [ffff88040d822d20]
[    0.249687]      scan-1142 get_device_data       : No context for object [ffff88040d822d48]
[    0.249830]      scan-1142 get_device_data       : No context for object [ffff88040d822d70]
[    0.250001]      scan-1142 get_device_data       : No context for object [ffff88040d822d98]
[    0.250190]      scan-1142 get_device_data       : No context for object [ffff88040d837438]
[    0.250379]      scan-1142 get_device_data       : No context for object [ffff88040d822dc0]
[    0.250570]     utils-0051 util_eval_error       : Evaluate [\_SB_.PCI0.PB2_.HDAU._STA]: AE_NOT_FOUND
[    0.250797] device: 'device:02': device_add
[    0.250858] bus: 'acpi': add device device:02
[    0.253333]      scan-1934 add_single_object     : Added device:02 [\_SB_.PCI0.PB2_.HDAU] parent device:00
[    0.253333]      scan-1142 get_device_data       : No context for object [ffff88040d822de8]
[    0.253333]      scan-1142 get_device_data       : No context for object [ffff88040d822e10]
[    0.253333]      scan-1142 get_device_data       : No context for object [ffff88040d822e38]
[    0.253333]      scan-1142 get_device_data       : No context for object [ffff88040d822e60]
[    0.253333]      scan-1142 get_device_data       : No context for object [ffff88040d822e88]
[    0.253333]      scan-1142 get_device_data       : No context for object [ffff88040d822eb0]
[    0.253333]      scan-1142 get_device_data       : No context for object [ffff88040d822ed8]
[    0.253333]     utils-0051 util_eval_error       : Evaluate [\_SB_.PCI0.PB3_._STA]: AE_NOT_FOUND
[    0.253333] device: 'device:03': device_add
[    0.253333] bus: 'acpi': add device device:03
[    0.253400]      scan-1934 add_single_object     : Added device:03 [\_SB_.PCI0.PB3_] parent PNP0A08:00
[    0.253400]      scan-1142 get_device_data       : No context for object [ffff88040d822f00]
[    0.253400]      scan-1142 get_device_data       : No context for object [ffff88040d822f28]
[    0.253400]      scan-1142 get_device_data       : No context for object [ffff88040d822f50]
[    0.253527]      scan-1142 get_device_data       : No context for object [ffff88040d822f78]
[    0.253719]      scan-1142 get_device_data       : No context for object [ffff88040d822fa0]
[    0.253891]      scan-1142 get_device_data       : No context for object [ffff88040d822fc8]
[    0.254083]      scan-1142 get_device_data       : No context for object [ffff88040d823000]
[    0.254282]      scan-1142 get_device_data       : No context for object [ffff88040d823028]
[    0.254478]      scan-1142 get_device_data       : No context for object [ffff88040d823050]
[    0.254671]      scan-1142 get_device_data       : No context for object [ffff88040d823078]
[    0.254817]      scan-1142 get_device_data       : No context for object [ffff88040d8230a0]
[    0.254990]      scan-1142 get_device_data       : No context for object [ffff88040d8230c8]
[    0.255182]      scan-1142 get_device_data       : No context for object [ffff88040d8230f0]
[    0.255373]      scan-1142 get_device_data       : No context for object [ffff88040d823118]
[    0.255567]      scan-1142 get_device_data       : No context for object [ffff88040d823140]
[    0.255756]      scan-1142 get_device_data       : No context for object [ffff88040d823168]
[    0.255952]      scan-1142 get_device_data       : No context for object [ffff88040d823190]
[    0.256147]      scan-1142 get_device_data       : No context for object [ffff88040d8231b8]
[    0.256339]      scan-1142 get_device_data       : No context for object [ffff88040d8231e0]
[    0.256668]      scan-1142 get_device_data       : No context for object [ffff88040d823208]
[    0.256859]      scan-1142 get_device_data       : No context for object [ffff88040d823230]
[    0.257055]      scan-1142 get_device_data       : No context for object [ffff88040d823258]
[    0.257252]      scan-1142 get_device_data       : No context for object [ffff88040d823280]
[    0.257450]      scan-1142 get_device_data       : No context for object [ffff88040d8232a8]
[    0.257641]      scan-1142 get_device_data       : No context for object [ffff88040d8232d0]
[    0.257833]      scan-1142 get_device_data       : No context for object [ffff88040d8232f8]
[    0.258015]      scan-1142 get_device_data       : No context for object [ffff88040d823320]
[    0.258206]      scan-1142 get_device_data       : No context for object [ffff88040d823348]
[    0.258398]      scan-1142 get_device_data       : No context for object [ffff88040d823370]
[    0.258594]      scan-1142 get_device_data       : No context for object [ffff88040d823398]
[    0.258789]      scan-1142 get_device_data       : No context for object [ffff88040d8233c0]
[    0.258942]     utils-0051 util_eval_error       : Evaluate [\_SB_.PCI0.PB3_.VGA_._STA]: AE_NOT_FOUND
[    0.260023]     video-0058 backlight_cap_match   : Found generic backlight support
[    0.260223] device: 'LNXVIDEO:00': device_add
[    0.260282] bus: 'acpi': add device LNXVIDEO:00
[    0.260355]      scan-1934 add_single_object     : Added LNXVIDEO:00 [\_SB_.PCI0.PB3_.VGA_] parent device:03
[    0.260554]      scan-1142 get_device_data       : No context for object [ffff88040d8233e8]
[    0.260746]      scan-1142 get_device_data       : No context for object [ffff88040d823410]
[    0.260941]      scan-1142 get_device_data       : No context for object [ffff88040d823438]
[    0.261138]      scan-1142 get_device_data       : No context for object [ffff88040d823460]
[    0.261334]      scan-1142 get_device_data       : No context for object [ffff88040d823488]
[    0.261526]      scan-1142 get_device_data       : No context for object [ffff88040d8234b0]
[    0.261718]      scan-1142 get_device_data       : No context for object [ffff88040d8234d8]
[    0.261896]      scan-1142 get_device_data       : No context for object [ffff88040d823500]
[    0.262089]      scan-1142 get_device_data       : No context for object [ffff88040d823528]
[    0.262281]      scan-1142 get_device_data       : No context for object [ffff88040d823550]
[    0.262475]      scan-1142 get_device_data       : No context for object [ffff88040d823578]
[    0.262668]      scan-1142 get_device_data       : No context for object [ffff88040d8235a0]
[    0.262815]      scan-1142 get_device_data       : No context for object [ffff88040d8235c8]
[    0.262988]      scan-1142 get_device_data       : No context for object [ffff88040d8235f0]
[    0.263185]      scan-1142 get_device_data       : No context for object [ffff88040d823618]
[    0.263335]      scan-1142 get_device_data       : No context for object [ffff88040d823640]
[    0.263527]      scan-1142 get_device_data       : No context for object [ffff88040d823668]
[    0.263716]      scan-1142 get_device_data       : No context for object [ffff88040d823690]
[    0.263908]      scan-1142 get_device_data       : No context for object [ffff88040d8236b8]
[    0.264100]      scan-1142 get_device_data       : No context for object [ffff88040d8236e0]
[    0.264292]      scan-1142 get_device_data       : No context for object [ffff88040d823708]
[    0.264489]      scan-1142 get_device_data       : No context for object [ffff88040d823730]
[    0.264683]      scan-1142 get_device_data       : No context for object [ffff88040d823758]
[    0.264859]      scan-1142 get_device_data       : No context for object [ffff88040d823780]
[    0.265051]      scan-1142 get_device_data       : No context for object [ffff88040d8237a8]
[    0.265245]      scan-1142 get_device_data       : No context for object [ffff88040d8237d0]
[    0.265441]      scan-1142 get_device_data       : No context for object [ffff88040d8237f8]
[    0.265635]      scan-1142 get_device_data       : No context for object [ffff88040d823820]
[    0.265777]      scan-1142 get_device_data       : No context for object [ffff88040d823848]
[    0.265948]      scan-1142 get_device_data       : No context for object [ffff88040d823870]
[    0.266138]      scan-1142 get_device_data       : No context for object [ffff88040d823898]
[    0.266326]      scan-1142 get_device_data       : No context for object [ffff88040d8238c0]
[    0.266515]      scan-1142 get_device_data       : No context for object [ffff88040d8238e8]
[    0.266669]      scan-1142 get_device_data       : No context for object [ffff88040d823910]
[    0.266863]      scan-1142 get_device_data       : No context for object [ffff88040d823938]
[    0.267055]      scan-1142 get_device_data       : No context for object [ffff88040d823960]
[    0.267246]      scan-1142 get_device_data       : No context for object [ffff88040d823988]
[    0.267435]      scan-1142 get_device_data       : No context for object [ffff88040d8239b0]
[    0.267623]      scan-1142 get_device_data       : No context for object [ffff88040d8239d8]
[    0.267766]      scan-1142 get_device_data       : No context for object [ffff88040d837460]
[    0.267938]      scan-1142 get_device_data       : No context for object [ffff88040d83ac08]
[    0.268130]      scan-1142 get_device_data       : No context for object [ffff88040d83ac30]
[    0.268324]      scan-1142 get_device_data       : No context for object [ffff88040d83ac58]
[    0.268517]     utils-0051 util_eval_error       : Evaluate [\_SB_.PCI0.PB3_.VGA_.CRT_._STA]: AE_NOT_FOUND
[    0.268720] device: 'device:04': device_add
[    0.268778] bus: 'acpi': add device device:04
[    0.270011]      scan-1934 add_single_object     : Added device:04 [\_SB_.PCI0.PB3_.VGA_.CRT_] parent LNXVIDEO:00
[    0.270011]      scan-1142 get_device_data       : No context for object [ffff88040d83ac80]
[    0.270011]      scan-1142 get_device_data       : No context for object [ffff88040d83aca8]
[    0.270011]      scan-1142 get_device_data       : No context for object [ffff88040d83acd0]
[    0.270011]      scan-1142 get_device_data       : No context for object [ffff88040d83acf8]
[    0.270011]      scan-1142 get_device_data       : No context for object [ffff88040d83ad20]
[    0.270011]     utils-0051 util_eval_error       : Evaluate [\_SB_.PCI0.PB3_.VGA_.LCD_._STA]: AE_NOT_FOUND
[    0.270248] device: 'device:05': device_add
[    0.270356] bus: 'acpi': add device device:05
[    0.270429]      scan-1934 add_single_object     : Added device:05 [\_SB_.PCI0.PB3_.VGA_.LCD_] parent LNXVIDEO:00
[    0.270625]      scan-1142 get_device_data       : No context for object [ffff88040d83ad48]
[    0.270798]      scan-1142 get_device_data       : No context for object [ffff88040d83ad70]
[    0.270989]      scan-1142 get_device_data       : No context for object [ffff88040d83ad98]
[    0.271181]      scan-1142 get_device_data       : No context for object [ffff88040d83adc0]
[    0.271376]      scan-1142 get_device_data       : No context for object [ffff88040d83ade8]
[    0.271573]      scan-1142 get_device_data       : No context for object [ffff88040d83ae10]
[    0.271749]      scan-1142 get_device_data       : No context for object [ffff88040d83ae38]
[    0.271941]      scan-1142 get_device_data       : No context for object [ffff88040d83ae60]
[    0.272134]     utils-0051 util_eval_error       : Evaluate [\_SB_.PCI0.PB3_.VGA_.TV0_._STA]: AE_NOT_FOUND
[    0.272349] device: 'device:06': device_add
[    0.272408] bus: 'acpi': add device device:06
[    0.273338]      scan-1934 add_single_object     : Added device:06 [\_SB_.PCI0.PB3_.VGA_.TV0_] parent LNXVIDEO:00
[    0.273338]      scan-1142 get_device_data       : No context for object [ffff88040d83ae88]
[    0.273338]      scan-1142 get_device_data       : No context for object [ffff88040d83aeb0]
[    0.273338]      scan-1142 get_device_data       : No context for object [ffff88040d83aed8]
[    0.273338]      scan-1142 get_device_data       : No context for object [ffff88040d83af00]
[    0.273338]      scan-1142 get_device_data       : No context for object [ffff88040d83af28]
[    0.273535]     utils-0051 util_eval_error       : Evaluate [\_SB_.PCI0.PB3_.VGA_.HDMI._STA]: AE_NOT_FOUND
[    0.273734] device: 'device:07': device_add
[    0.273793] bus: 'acpi': add device device:07
[    0.273864]      scan-1934 add_single_object     : Added device:07 [\_SB_.PCI0.PB3_.VGA_.HDMI] parent LNXVIDEO:00
[    0.274060]      scan-1142 get_device_data       : No context for object [ffff88040d83af50]
[    0.275266]      scan-1142 get_device_data       : No context for object [ffff88040d83af78]
[    0.275462]      scan-1142 get_device_data       : No context for object [ffff88040d83afa0]
[    0.275654]      scan-1142 get_device_data       : No context for object [ffff88040d83afc8]
[    0.275846]      scan-1142 get_device_data       : No context for object [ffff88040d823a00]
[    0.276039]     utils-0051 util_eval_error       : Evaluate [\_SB_.PCI0.PB3_.HDAU._STA]: AE_NOT_FOUND
[    0.276252] device: 'device:08': device_add
[    0.276311] bus: 'acpi': add device device:08
[    0.276670]      scan-1934 add_single_object     : Added device:08 [\_SB_.PCI0.PB3_.HDAU] parent device:03
[    0.276672]      scan-1142 get_device_data       : No context for object [ffff88040d823a28]
[    0.276823]      scan-1142 get_device_data       : No context for object [ffff88040d823a50]
[    0.276996]      scan-1142 get_device_data       : No context for object [ffff88040d823a78]
[    0.277188]      scan-1142 get_device_data       : No context for object [ffff88040d823aa0]
[    0.277380]      scan-1142 get_device_data       : No context for object [ffff88040d823ac8]
[    0.277572]      scan-1142 get_device_data       : No context for object [ffff88040d823af0]
[    0.277754]      scan-1142 get_device_data       : No context for object [ffff88040d823b18]
[    0.277951]     utils-0051 util_eval_error       : Evaluate [\_SB_.PCI0.PB4_._STA]: AE_NOT_FOUND
[    0.278245] device: 'device:09': device_add
[    0.278305] bus: 'acpi': add device device:09
[    0.280008]      scan-1934 add_single_object     : Added device:09 [\_SB_.PCI0.PB4_] parent PNP0A08:00
[    0.280008]      scan-1142 get_device_data       : No context for object [ffff88040d823b40]
[    0.280008]      scan-1142 get_device_data       : No context for object [ffff88040d823b68]
[    0.280008]      scan-1142 get_device_data       : No context for object [ffff88040d823b90]
[    0.280008]      scan-1142 get_device_data       : No context for object [ffff88040d823bb8]
[    0.280008]      scan-1142 get_device_data       : No context for object [ffff88040d823be0]
[    0.280008]      scan-1142 get_device_data       : No context for object [ffff88040d823c08]
[    0.280008]      scan-1142 get_device_data       : No context for object [ffff88040d823c30]
[    0.280008]      scan-1142 get_device_data       : No context for object [ffff88040d823c58]
[    0.280008]      scan-1142 get_device_data       : No context for object [ffff88040d823c80]
[    0.280197]      scan-1142 get_device_data       : No context for object [ffff88040d823ca8]
[    0.280390]      scan-1142 get_device_data       : No context for object [ffff88040d823cd0]
[    0.280582]      scan-1142 get_device_data       : No context for object [ffff88040d823cf8]
[    0.280728]      scan-1142 get_device_data       : No context for object [ffff88040d823d20]
[    0.280901]      scan-1142 get_device_data       : No context for object [ffff88040d823d48]
[    0.281092]      scan-1142 get_device_data       : No context for object [ffff88040d823d70]
[    0.281290]      scan-1142 get_device_data       : No context for object [ffff88040d823d98]
[    0.281489]      scan-1142 get_device_data       : No context for object [ffff88040d823dc0]
[    0.281661]      scan-1142 get_device_data       : No context for object [ffff88040d823de8]
[    0.281853]      scan-1142 get_device_data       : No context for object [ffff88040d823e10]
[    0.282042]      scan-1142 get_device_data       : No context for object [ffff88040d823e38]
[    0.282230]      scan-1142 get_device_data       : No context for object [ffff88040d823e60]
[    0.282419]      scan-1142 get_device_data       : No context for object [ffff88040d823e88]
[    0.282611]      scan-1142 get_device_data       : No context for object [ffff88040d823eb0]
[    0.282790]      scan-1142 get_device_data       : No context for object [ffff88040d823ed8]
[    0.282979]      scan-1142 get_device_data       : No context for object [ffff88040d823f00]
[    0.283169]      scan-1142 get_device_data       : No context for object [ffff88040d823f28]
[    0.283462]      scan-1142 get_device_data       : No context for object [ffff88040d823f50]
[    0.283652]      scan-1142 get_device_data       : No context for object [ffff88040d823f78]
[    0.283825]      scan-1142 get_device_data       : No context for object [ffff88040d823fa0]
[    0.284019]      scan-1142 get_device_data       : No context for object [ffff88040d823fc8]
[    0.284213]      scan-1142 get_device_data       : No context for object [ffff88040d825000]
[    0.284410]     utils-0051 util_eval_error       : Evaluate [\_SB_.PCI0.PB4_.XPDV._STA]: AE_NOT_FOUND
[    0.284623] device: 'device:0a': device_add
[    0.284682] bus: 'acpi': add device device:0a
[    0.286672]      scan-1934 add_single_object     : Added device:0a [\_SB_.PCI0.PB4_.XPDV] parent device:09
[    0.286672]      scan-1142 get_device_data       : No context for object [ffff88040d825028]
[    0.286672]      scan-1142 get_device_data       : No context for object [ffff88040d825050]
[    0.286672]      scan-1142 get_device_data       : No context for object [ffff88040d825078]
[    0.286672]      scan-1142 get_device_data       : No context for object [ffff88040d8250a0]
[    0.286672]      scan-1142 get_device_data       : No context for object [ffff88040d8250c8]
[    0.286672]      scan-1142 get_device_data       : No context for object [ffff88040d837500]
[    0.286672]      scan-1142 get_device_data       : No context for object [ffff88040d8250f0]
[    0.286672]      scan-1142 get_device_data       : No context for object [ffff88040d825118]
[    0.286672]     utils-0051 util_eval_error       : Evaluate [\_SB_.PCI0.PB5_._STA]: AE_NOT_FOUND
[    0.286672] device: 'device:0b': device_add
[    0.286672] bus: 'acpi': add device device:0b
[    0.286754]      scan-1934 add_single_object     : Added device:0b [\_SB_.PCI0.PB5_] parent PNP0A08:00
[    0.286935]      scan-1142 get_device_data       : No context for object [ffff88040d825140]
[    0.287132]      scan-1142 get_device_data       : No context for object [ffff88040d825168]
[    0.287326]      scan-1142 get_device_data       : No context for object [ffff88040d825190]
[    0.287521]      scan-1142 get_device_data       : No context for object [ffff88040d8251b8]
[    0.287713]      scan-1142 get_device_data       : No context for object [ffff88040d8251e0]
[    0.287910]      scan-1142 get_device_data       : No context for object [ffff88040d825208]
[    0.288103]      scan-1142 get_device_data       : No context for object [ffff88040d825230]
[    0.288295]      scan-1142 get_device_data       : No context for object [ffff88040d825258]
[    0.288491]      scan-1142 get_device_data       : No context for object [ffff88040d825280]
[    0.288685]      scan-1142 get_device_data       : No context for object [ffff88040d8252a8]
[    0.288836]      scan-1142 get_device_data       : No context for object [ffff88040d8252d0]
[    0.289013]      scan-1142 get_device_data       : No context for object [ffff88040d8252f8]
[    0.289205]      scan-1142 get_device_data       : No context for object [ffff88040d825320]
[    0.289397]      scan-1142 get_device_data       : No context for object [ffff88040d825348]
[    0.289589]      scan-1142 get_device_data       : No context for object [ffff88040d825370]
[    0.289762]      scan-1142 get_device_data       : No context for object [ffff88040d825398]
[    0.289954]      scan-1142 get_device_data       : No context for object [ffff88040d8253c0]
[    0.290195]      scan-1142 get_device_data       : No context for object [ffff88040d8253e8]
[    0.290392]      scan-1142 get_device_data       : No context for object [ffff88040d825410]
[    0.290590]      scan-1142 get_device_data       : No context for object [ffff88040d825438]
[    0.290782]      scan-1142 get_device_data       : No context for object [ffff88040d825460]
[    0.290973]      scan-1142 get_device_data       : No context for object [ffff88040d825488]
[    0.291165]      scan-1142 get_device_data       : No context for object [ffff88040d8254b0]
[    0.291357]      scan-1142 get_device_data       : No context for object [ffff88040d8254d8]
[    0.291549]      scan-1142 get_device_data       : No context for object [ffff88040d825500]
[    0.291745]      scan-1142 get_device_data       : No context for object [ffff88040d825528]
[    0.291918]      scan-1142 get_device_data       : No context for object [ffff88040d825550]
[    0.292115]      scan-1142 get_device_data       : No context for object [ffff88040d825578]
[    0.293314]      scan-1142 get_device_data       : No context for object [ffff88040d8255a0]
[    0.293497]      scan-1142 get_device_data       : No context for object [ffff88040d8255c8]
[    0.293691]      scan-1142 get_device_data       : No context for object [ffff88040d8255f0]
[    0.293844]     utils-0051 util_eval_error       : Evaluate [\_SB_.PCI0.PB5_.XPDV._STA]: AE_NOT_FOUND
[    0.294042] device: 'device:0c': device_add
[    0.294102] bus: 'acpi': add device device:0c
[    0.294173]      scan-1934 add_single_object     : Added device:0c [\_SB_.PCI0.PB5_.XPDV] parent device:0b
[    0.294368]      scan-1142 get_device_data       : No context for object [ffff88040d825618]
[    0.294561]      scan-1142 get_device_data       : No context for object [ffff88040d825640]
[    0.294753]      scan-1142 get_device_data       : No context for object [ffff88040d825668]
[    0.294946]      scan-1142 get_device_data       : No context for object [ffff88040d825690]
[    0.295144]      scan-1142 get_device_data       : No context for object [ffff88040d8256b8]
[    0.295341]      scan-1142 get_device_data       : No context for object [ffff88040d837528]
[    0.295533]      scan-1142 get_device_data       : No context for object [ffff88040d8256e0]
[    0.295725]      scan-1142 get_device_data       : No context for object [ffff88040d825708]
[    0.295903]     utils-0051 util_eval_error       : Evaluate [\_SB_.PCI0.PB6_._STA]: AE_NOT_FOUND
[    0.296127] device: 'device:0d': device_add
[    0.296186] bus: 'acpi': add device device:0d
[    0.296704]      scan-1934 add_single_object     : Added device:0d [\_SB_.PCI0.PB6_] parent PNP0A08:00
[    0.296704]      scan-1142 get_device_data       : No context for object [ffff88040d825730]
[    0.296704]      scan-1142 get_device_data       : No context for object [ffff88040d825758]
[    0.296841]      scan-1142 get_device_data       : No context for object [ffff88040d825780]
[    0.297033]      scan-1142 get_device_data       : No context for object [ffff88040d8257a8]
[    0.297225]      scan-1142 get_device_data       : No context for object [ffff88040d8257d0]
[    0.297418]      scan-1142 get_device_data       : No context for object [ffff88040d8257f8]
[    0.297610]      scan-1142 get_device_data       : No context for object [ffff88040d825820]
[    0.297784]      scan-1142 get_device_data       : No context for object [ffff88040d825848]
[    0.297983]      scan-1142 get_device_data       : No context for object [ffff88040d825870]
[    0.298174]      scan-1142 get_device_data       : No context for object [ffff88040d825898]
[    0.298368]      scan-1142 get_device_data       : No context for object [ffff88040d8258c0]
[    0.298564]      scan-1142 get_device_data       : No context for object [ffff88040d8258e8]
[    0.298756]      scan-1142 get_device_data       : No context for object [ffff88040d825910]
[    0.298951]      scan-1142 get_device_data       : No context for object [ffff88040d825938]
[    0.299143]      scan-1142 get_device_data       : No context for object [ffff88040d825960]
[    0.299334]      scan-1142 get_device_data       : No context for object [ffff88040d825988]
[    0.299529]      scan-1142 get_device_data       : No context for object [ffff88040d8259b0]
[    0.299724]      scan-1142 get_device_data       : No context for object [ffff88040d8259d8]
[    0.299868]      scan-1142 get_device_data       : No context for object [ffff88040d825a00]
[    0.300001]      scan-1142 get_device_data       : No context for object [ffff88040d825a28]
[    0.300189]      scan-1142 get_device_data       : No context for object [ffff88040d825a50]
[    0.300378]      scan-1142 get_device_data       : No context for object [ffff88040d825a78]
[    0.300566]      scan-1142 get_device_data       : No context for object [ffff88040d825aa0]
[    0.300738]      scan-1142 get_device_data       : No context for object [ffff88040d825ac8]
[    0.300931]      scan-1142 get_device_data       : No context for object [ffff88040d825af0]
[    0.301128]      scan-1142 get_device_data       : No context for object [ffff88040d825b18]
[    0.301320]      scan-1142 get_device_data       : No context for object [ffff88040d825b40]
[    0.301510]      scan-1142 get_device_data       : No context for object [ffff88040d825b68]
[    0.301699]      scan-1142 get_device_data       : No context for object [ffff88040d825b90]
[    0.301871]      scan-1142 get_device_data       : No context for object [ffff88040d825bb8]
[    0.302061]      scan-1142 get_device_data       : No context for object [ffff88040d825be0]
[    0.302252]     utils-0051 util_eval_error       : Evaluate [\_SB_.PCI0.PB6_.XPDV._STA]: AE_NOT_FOUND
[    0.302471] device: 'device:0e': device_add
[    0.302532] bus: 'acpi': add device device:0e
[    0.303339]      scan-1934 add_single_object     : Added device:0e [\_SB_.PCI0.PB6_.XPDV] parent device:0d
[    0.303339]      scan-1142 get_device_data       : No context for object [ffff88040d825c08]
[    0.303339]      scan-1142 get_device_data       : No context for object [ffff88040d825c30]
[    0.303339]      scan-1142 get_device_data       : No context for object [ffff88040d825c58]
[    0.303339]      scan-1142 get_device_data       : No context for object [ffff88040d825c80]
[    0.303529]      scan-1142 get_device_data       : No context for object [ffff88040d825ca8]
[    0.303709]      scan-1142 get_device_data       : No context for object [ffff88040d837550]
[    0.303906]      scan-1142 get_device_data       : No context for object [ffff88040d825cd0]
[    0.304099]      scan-1142 get_device_data       : No context for object [ffff88040d825cf8]
[    0.304292]     utils-0051 util_eval_error       : Evaluate [\_SB_.PCI0.PB7_._STA]: AE_NOT_FOUND
[    0.304516] device: 'device:0f': device_add
[    0.304575] bus: 'acpi': add device device:0f
[    0.306671]      scan-1934 add_single_object     : Added device:0f [\_SB_.PCI0.PB7_] parent PNP0A08:00
[    0.306671]      scan-1142 get_device_data       : No context for object [ffff88040d825d20]
[    0.306671]      scan-1142 get_device_data       : No context for object [ffff88040d825d48]
[    0.306671]      scan-1142 get_device_data       : No context for object [ffff88040d825d70]
[    0.306671]      scan-1142 get_device_data       : No context for object [ffff88040d825d98]
[    0.306671]      scan-1142 get_device_data       : No context for object [ffff88040d825dc0]
[    0.306671]      scan-1142 get_device_data       : No context for object [ffff88040d825de8]
[    0.306671]      scan-1142 get_device_data       : No context for object [ffff88040d825e10]
[    0.306671]      scan-1142 get_device_data       : No context for object [ffff88040d825e38]
[    0.306671]      scan-1142 get_device_data       : No context for object [ffff88040d825e60]
[    0.306671]      scan-1142 get_device_data       : No context for object [ffff88040d825e88]
[    0.306671]      scan-1142 get_device_data       : No context for object [ffff88040d825eb0]
[    0.306865]      scan-1142 get_device_data       : No context for object [ffff88040d825ed8]
[    0.307062]      scan-1142 get_device_data       : No context for object [ffff88040d825f00]
[    0.307256]      scan-1142 get_device_data       : No context for object [ffff88040d825f28]
[    0.307449]      scan-1142 get_device_data       : No context for object [ffff88040d825f50]
[    0.307641]      scan-1142 get_device_data       : No context for object [ffff88040d825f78]
[    0.307814]      scan-1142 get_device_data       : No context for object [ffff88040d825fa0]
[    0.308006]      scan-1142 get_device_data       : No context for object [ffff88040d825fc8]
[    0.308198]      scan-1142 get_device_data       : No context for object [ffff88040d827000]
[    0.308399]      scan-1142 get_device_data       : No context for object [ffff88040d827028]
[    0.308591]      scan-1142 get_device_data       : No context for object [ffff88040d827050]
[    0.308737]      scan-1142 get_device_data       : No context for object [ffff88040d827078]
[    0.308916]      scan-1142 get_device_data       : No context for object [ffff88040d8270a0]
[    0.309114]      scan-1142 get_device_data       : No context for object [ffff88040d8270c8]
[    0.309306]      scan-1142 get_device_data       : No context for object [ffff88040d8270f0]
[    0.309499]      scan-1142 get_device_data       : No context for object [ffff88040d827118]
[    0.309674]      scan-1142 get_device_data       : No context for object [ffff88040d827140]
[    0.309866]      scan-1142 get_device_data       : No context for object [ffff88040d827168]
[    0.311171]      scan-1142 get_device_data       : No context for object [ffff88040d827190]
[    0.311363]      scan-1142 get_device_data       : No context for object [ffff88040d8271b8]
[    0.311556]      scan-1142 get_device_data       : No context for object [ffff88040d8271e0]
[    0.311749]     utils-0051 util_eval_error       : Evaluate [\_SB_.PCI0.PB7_.XPDV._STA]: AE_NOT_FOUND
[    0.311962] device: 'device:10': device_add
[    0.312026] bus: 'acpi': add device device:10
[    0.313339]      scan-1934 add_single_object     : Added device:10 [\_SB_.PCI0.PB7_.XPDV] parent device:0f
[    0.313339]      scan-1142 get_device_data       : No context for object [ffff88040d827208]
[    0.313339]      scan-1142 get_device_data       : No context for object [ffff88040d827230]
[    0.313339]      scan-1142 get_device_data       : No context for object [ffff88040d827258]
[    0.313339]      scan-1142 get_device_data       : No context for object [ffff88040d827280]
[    0.313339]      scan-1142 get_device_data       : No context for object [ffff88040d8272a8]
[    0.313339]      scan-1142 get_device_data       : No context for object [ffff88040d837488]
[    0.313339]      scan-1142 get_device_data       : No context for object [ffff88040d8272d0]
[    0.313534]      scan-1142 get_device_data       : No context for object [ffff88040d8272f8]
[    0.313714]     utils-0051 util_eval_error       : Evaluate [\_SB_.PCI0.OHC1._STA]: AE_NOT_FOUND
[    0.313936] device: 'device:11': device_add
[    0.313995] bus: 'acpi': add device device:11
[    0.314067]      scan-1934 add_single_object     : Added device:11 [\_SB_.PCI0.OHC1] parent PNP0A08:00
[    0.314261]      scan-1142 get_device_data       : No context for object [ffff88040d827320]
[    0.314454]      scan-1142 get_device_data       : No context for object [ffff88040d827348]
[    0.314645]      scan-1142 get_device_data       : No context for object [ffff88040d83b2f8]
[    0.314800]     utils-0051 util_eval_error       : Evaluate [\_SB_.PCI0.OHC1.RHUB._STA]: AE_NOT_FOUND
[    0.315011] device: 'device:12': device_add
[    0.315072] bus: 'acpi': add device device:12
[    0.316682]      scan-1934 add_single_object     : Added device:12 [\_SB_.PCI0.OHC1.RHUB] parent device:11
[    0.316682]      scan-1142 get_device_data       : No context for object [ffff88040d83b320]
[    0.316682]      scan-1142 get_device_data       : No context for object [ffff88040d83b348]
[    0.316682]     utils-0051 util_eval_error       : Evaluate [\_SB_.PCI0.OHC1.RHUB.PRT3._STA]: AE_NOT_FOUND
[    0.316682] device: 'device:13': device_add
[    0.316682] bus: 'acpi': add device device:13
[    0.316711]      scan-1934 add_single_object     : Added device:13 [\_SB_.PCI0.OHC1.RHUB.PRT3] parent device:12
[    0.316711]      scan-1142 get_device_data       : No context for object [ffff88040d83b370]
[    0.316711]      scan-1142 get_device_data       : No context for object [ffff88040d83b398]
[    0.316711]      scan-1142 get_device_data       : No context for object [ffff88040d83b3c0]
[    0.316817]      scan-1142 get_device_data       : No context for object [ffff88040d83b3e8]
[    0.316990]     utils-0051 util_eval_error       : Evaluate [\_SB_.PCI0.OHC1.RHUB.PRT4._STA]: AE_NOT_FOUND
[    0.317223] device: 'device:14': device_add
[    0.317285] bus: 'acpi': add device device:14
[    0.317367]      scan-1934 add_single_object     : Added device:14 [\_SB_.PCI0.OHC1.RHUB.PRT4] parent device:12
[    0.317563]      scan-1142 get_device_data       : No context for object [ffff88040d83b410]
[    0.317734]      scan-1142 get_device_data       : No context for object [ffff88040d83b438]
[    0.317923]      scan-1142 get_device_data       : No context for object [ffff88040d83b460]
[    0.318112]      scan-1142 get_device_data       : No context for object [ffff88040d827370]
[    0.318302]     utils-0051 util_eval_error       : Evaluate [\_SB_.PCI0.EHC1._STA]: AE_NOT_FOUND
[    0.318536] device: 'device:15': device_add
[    0.318596] bus: 'acpi': add device device:15
[    0.320011]      scan-1934 add_single_object     : Added device:15 [\_SB_.PCI0.EHC1] parent PNP0A08:00
[    0.320011]      scan-1142 get_device_data       : No context for object [ffff88040d827398]
[    0.320011]      scan-1142 get_device_data       : No context for object [ffff88040d8273c0]
[    0.320011]      scan-1142 get_device_data       : No context for object [ffff88040d83b028]
[    0.320011]     utils-0051 util_eval_error       : Evaluate [\_SB_.PCI0.EHC1.RHUB._STA]: AE_NOT_FOUND
[    0.320011] device: 'device:16': device_add
[    0.320011] bus: 'acpi': add device device:16
[    0.320036]      scan-1934 add_single_object     : Added device:16 [\_SB_.PCI0.EHC1.RHUB] parent device:15
[    0.320036]      scan-1142 get_device_data       : No context for object [ffff88040d83b050]
[    0.320196]      scan-1142 get_device_data       : No context for object [ffff88040d83b078]
[    0.320394]     utils-0051 util_eval_error       : Evaluate [\_SB_.PCI0.EHC1.RHUB.PRT3._STA]: AE_NOT_FOUND
[    0.320624] device: 'device:17': device_add
[    0.320687] bus: 'acpi': add device device:17
[    0.320770]      scan-1934 add_single_object     : Added device:17 [\_SB_.PCI0.EHC1.RHUB.PRT3] parent device:16
[    0.320948]      scan-1142 get_device_data       : No context for object [ffff88040d83b0a0]
[    0.321141]      scan-1142 get_device_data       : No context for object [ffff88040d83b0c8]
[    0.321332]      scan-1142 get_device_data       : No context for object [ffff88040d83b0f0]
[    0.321525]      scan-1142 get_device_data       : No context for object [ffff88040d83b118]
[    0.321717]     utils-0051 util_eval_error       : Evaluate [\_SB_.PCI0.EHC1.RHUB.PRT4._STA]: AE_NOT_FOUND
[    0.321923] device: 'device:18': device_add
[    0.321985] bus: 'acpi': add device device:18
[    0.323333]      scan-1934 add_single_object     : Added device:18 [\_SB_.PCI0.EHC1.RHUB.PRT4] parent device:16
[    0.323333]      scan-1142 get_device_data       : No context for object [ffff88040d83b140]
[    0.323333]      scan-1142 get_device_data       : No context for object [ffff88040d83b168]
[    0.323333]      scan-1142 get_device_data       : No context for object [ffff88040d83b190]
[    0.323333]      scan-1142 get_device_data       : No context for object [ffff88040d8273e8]
[    0.323333]     utils-0051 util_eval_error       : Evaluate [\_SB_.PCI0.OHC2._STA]: AE_NOT_FOUND
[    0.323333] device: 'device:19': device_add
[    0.323333] bus: 'acpi': add device device:19
[    0.323375]      scan-1934 add_single_object     : Added device:19 [\_SB_.PCI0.OHC2] parent PNP0A08:00
[    0.323566]      scan-1142 get_device_data       : No context for object [ffff88040d827410]
[    0.323743]      scan-1142 get_device_data       : No context for object [ffff88040d827438]
[    0.323935]      scan-1142 get_device_data       : No context for object [ffff88040d83b488]
[    0.324129]     utils-0051 util_eval_error       : Evaluate [\_SB_.PCI0.OHC2.RHUB._STA]: AE_NOT_FOUND
[    0.324343] device: 'device:1a': device_add
[    0.324402] bus: 'acpi': add device device:1a
[    0.326669]      scan-1934 add_single_object     : Added device:1a [\_SB_.PCI0.OHC2.RHUB] parent device:19
[    0.326669]      scan-1142 get_device_data       : No context for object [ffff88040d83b4b0]
[    0.326669]      scan-1142 get_device_data       : No context for object [ffff88040d83b4d8]
[    0.326669]     utils-0051 util_eval_error       : Evaluate [\_SB_.PCI0.OHC2.RHUB.PRT4._STA]: AE_NOT_FOUND
[    0.326669] device: 'device:1b': device_add
[    0.326669] bus: 'acpi': add device device:1b
[    0.326701]      scan-1934 add_single_object     : Added device:1b [\_SB_.PCI0.OHC2.RHUB.PRT4] parent device:1a
[    0.326701]      scan-1142 get_device_data       : No context for object [ffff88040d83b500]
[    0.326701]      scan-1142 get_device_data       : No context for object [ffff88040d83b528]
[    0.326701]      scan-1142 get_device_data       : No context for object [ffff88040d83b550]
[    0.326701]      scan-1142 get_device_data       : No context for object [ffff88040d827460]
[    0.326701]     utils-0051 util_eval_error       : Evaluate [\_SB_.PCI0.EHC2._STA]: AE_NOT_FOUND
[    0.326701] device: 'device:1c': device_add
[    0.326701] bus: 'acpi': add device device:1c
[    0.326736]      scan-1934 add_single_object     : Added device:1c [\_SB_.PCI0.EHC2] parent PNP0A08:00
[    0.326833]      scan-1142 get_device_data       : No context for object [ffff88040d827488]
[    0.327006]      scan-1142 get_device_data       : No context for object [ffff88040d8274b0]
[    0.327198]      scan-1142 get_device_data       : No context for object [ffff88040d83b1b8]
[    0.327397]     utils-0051 util_eval_error       : Evaluate [\_SB_.PCI0.EHC2.RHUB._STA]: AE_NOT_FOUND
[    0.327616] device: 'device:1d': device_add
[    0.327675] bus: 'acpi': add device device:1d
[    0.330002]      scan-1934 add_single_object     : Added device:1d [\_SB_.PCI0.EHC2.RHUB] parent device:1c
[    0.330002]      scan-1142 get_device_data       : No context for object [ffff88040d83b1e0]
[    0.330002]      scan-1142 get_device_data       : No context for object [ffff88040d83b208]
[    0.330002]     utils-0051 util_eval_error       : Evaluate [\_SB_.PCI0.EHC2.RHUB.PRT2._STA]: AE_NOT_FOUND
[    0.330002] device: 'device:1e': device_add
[    0.330002] bus: 'acpi': add device device:1e
[    0.330041]      scan-1934 add_single_object     : Added device:1e [\_SB_.PCI0.EHC2.RHUB.PRT2] parent device:1d
[    0.330041]      scan-1142 get_device_data       : No context for object [ffff88040d83b230]
[    0.330041]      scan-1142 get_device_data       : No context for object [ffff88040d83b258]
[    0.330194]      scan-1142 get_device_data       : No context for object [ffff88040d83b280]
[    0.330389]      scan-1142 get_device_data       : No context for object [ffff88040d8274d8]
[    0.330588]     utils-0051 util_eval_error       : Evaluate [\_SB_.PCI0.OHC3._STA]: AE_NOT_FOUND
[    0.330767] device: 'device:1f': device_add
[    0.330828] bus: 'acpi': add device device:1f
[    0.333337]      scan-1934 add_single_object     : Added device:1f [\_SB_.PCI0.OHC3] parent PNP0A08:00
[    0.333337]      scan-1142 get_device_data       : No context for object [ffff88040d827500]
[    0.333337]      scan-1142 get_device_data       : No context for object [ffff88040d827528]
[    0.333337]      scan-1142 get_device_data       : No context for object [ffff88040d83b578]
[    0.333337]     utils-0051 util_eval_error       : Evaluate [\_SB_.PCI0.OHC3.RHUB._STA]: AE_NOT_FOUND
[    0.333337] device: 'device:20': device_add
[    0.333337] bus: 'acpi': add device device:20
[    0.333380]      scan-1934 add_single_object     : Added device:20 [\_SB_.PCI0.OHC3.RHUB] parent device:1f
[    0.333380]      scan-1142 get_device_data       : No context for object [ffff88040d83b5a0]
[    0.333380]      scan-1142 get_device_data       : No context for object [ffff88040d827550]
[    0.333380]     utils-0051 util_eval_error       : Evaluate [\_SB_.PCI0.EHC3._STA]: AE_NOT_FOUND
[    0.333380] device: 'device:21': device_add
[    0.333380] bus: 'acpi': add device device:21
[    0.333401]      scan-1934 add_single_object     : Added device:21 [\_SB_.PCI0.EHC3] parent PNP0A08:00
[    0.333401]      scan-1142 get_device_data       : No context for object [ffff88040d827578]
[    0.333401]      scan-1142 get_device_data       : No context for object [ffff88040d8275a0]
[    0.333525]      scan-1142 get_device_data       : No context for object [ffff88040d83b2a8]
[    0.333714]     utils-0051 util_eval_error       : Evaluate [\_SB_.PCI0.EHC3.RHUB._STA]: AE_NOT_FOUND
[    0.333926] device: 'device:22': device_add
[    0.333984] bus: 'acpi': add device device:22
[    0.334054]      scan-1934 add_single_object     : Added device:22 [\_SB_.PCI0.EHC3.RHUB] parent device:21
[    0.334245]      scan-1142 get_device_data       : No context for object [ffff88040d83b2d0]
[    0.334441]      scan-1142 get_device_data       : No context for object [ffff88040d8275c8]
[    0.334633]     utils-0051 util_eval_error       : Evaluate [\_SB_.PCI0.OHC4._STA]: AE_NOT_FOUND
[    0.334867] device: 'device:23': device_add
[    0.334929] bus: 'acpi': add device device:23
[    0.336672]      scan-1934 add_single_object     : Added device:23 [\_SB_.PCI0.OHC4] parent PNP0A08:00
[    0.336672]      scan-1142 get_device_data       : No context for object [ffff88040d8275f0]
[    0.336672]      scan-1142 get_device_data       : No context for object [ffff88040d827618]
[    0.336672]      scan-1142 get_device_data       : No context for object [ffff88040d827640]
[    0.336672]     utils-0051 util_eval_error       : Evaluate [\_SB_.PCI0.SBAZ._STA]: AE_NOT_FOUND
[    0.336672] device: 'device:24': device_add
[    0.336672] bus: 'acpi': add device device:24
[    0.336703]      scan-1934 add_single_object     : Added device:24 [\_SB_.PCI0.SBAZ] parent PNP0A08:00
[    0.336703]      scan-1142 get_device_data       : No context for object [ffff88040d827668]
[    0.336703]      scan-1142 get_device_data       : No context for object [ffff88040d827690]
[    0.336703]      scan-1142 get_device_data       : No context for object [ffff88040d8276b8]
