[    0.000000] Initializing cgroup subsys cpuset
[    0.000000] Initializing cgroup subsys cpu
[    0.000000] Initializing cgroup subsys cpuacct
[    0.000000] Linux version 3.17.0-rc5-g9e82bf0 (emacs@manji) (gcc version 4.9.1 (GCC) ) #94 SMP Mon Sep 15 21:15:56 CEST 2014
[    0.000000] Command line: BOOT_IMAGE=/vmlinuz-linux-git root=UUID=bfa4ab6e-19a3-4601-ba2b-267c55841c73 rw cryptdevice=/dev/disk/by-uuid/70c08890-417a-497d-b6ab-c0d0357a63e2:cryptManjaro:allow-discards ipv6.disable=1 pnp.debug=1 loglevel=9 log_buf_len=10M printk.always_kmsg_dump=y printk.time=y mminit_loglevel=0 memory_corruption_check=1 acpi.debug_layer=0xfbff0000 acpi.debug_level=0xFFFFFFFD nohz=on rcu_nocbs=1-3 pcie_aspm=force fbcon=scrollback:4096k fbcon=font:ProFont6x11 radeon.audio=0 radeon.lockup_timeout=0 radeon.test=0 radeon.agpmode=-1 radeon.benchmark=0 radeon.tv=0 radeon.hard_reset=1 radeon.aspm=1 radeon.dpm=1 radeon.msi=1 radeon.pcie_gen2=-1 radeon.no_wb=1 radeon.modeset=1 radeon.dynclks=1 radeon.r4xx_atom=0 radeon.runpm=0 radeonfb radeon.fastfb=1 nomodeset apic=debug earlyprintk=vga,dbgp,keep
[    0.000000] KERNEL supported cpus:
[    0.000000]   AMD AuthenticAMD
[    0.000000] tseg: 00bfe00000
[    0.000000] e820: BIOS-provided physical RAM map:
[    0.000000] BIOS-e820: [mem 0x0000000000000000-0x000000000009d7ff] usable
[    0.000000] BIOS-e820: [mem 0x000000000009d800-0x000000000009ffff] reserved
[    0.000000] BIOS-e820: [mem 0x00000000000e0000-0x00000000000fffff] reserved
[    0.000000] BIOS-e820: [mem 0x0000000000100000-0x00000000bed9afff] usable
[    0.000000] BIOS-e820: [mem 0x00000000bed9b000-0x00000000bf39afff] reserved
[    0.000000] BIOS-e820: [mem 0x00000000bf39b000-0x00000000bf49afff] ACPI NVS
[    0.000000] BIOS-e820: [mem 0x00000000bf49b000-0x00000000bf51afff] ACPI data
[    0.000000] BIOS-e820: [mem 0x00000000bf51b000-0x00000000bfdfffff] usable
[    0.000000] BIOS-e820: [mem 0x00000000bfe00000-0x00000000bfffffff] reserved
[    0.000000] BIOS-e820: [mem 0x00000000fec00000-0x00000000fecfffff] reserved
[    0.000000] BIOS-e820: [mem 0x00000000fed80000-0x00000000fed80fff] reserved
[    0.000000] BIOS-e820: [mem 0x00000000ffe00000-0x00000000ffffffff] reserved
[    0.000000] BIOS-e820: [mem 0x0000000100000000-0x000000041effffff] usable
[    0.000000] console [earlyvga0] enabled
[    0.000000] early_pci_allowed
[    0.000000] dbgp_num: 0
[    0.000000] Found EHCI debug port on 00:12.2
[    0.000000] bar: 10 offset: 0e0
[    0.000000] bar_val: f014a900 offset: 0e0
[    0.000000] ehci_bar: ffffffffff5ff900
[    0.000000] dbgp: ehci BIOS state 00010001
[    0.000000] dbgp: BIOS handoff
[    0.000000] disabled EHCI SMI via usb
[    0.000000] debug_port: 1
[    0.000000] n_ports:    5
[    0.000000] dbgp: 
[    0.000000]   Debug control: 00000000  ehci cmd     : 00080b00  ehci conf flg: 00000000
[    0.000000]   ehci status  : 00001000  ehci portsc  : 00003000
[    0.000000] portstatus1: 00003000
[    0.000000] portstatus2: 00003000
[    0.000000] portstatus3: 00003000
[    0.000000] portstatus4: 00003000
[    0.000000] portstatus5: 00003000
[    0.000000] dbgp: ehci reset done
[    0.000000]   Debug control: 00000000  ehci cmd     : 00080b00  ehci conf flg: 00000000
[    0.000000]   ehci status  : 00001000  ehci portsc  : 00003000
[    0.000000] dbgp: EHCI startup
[    0.000000]   Debug control: 40000000  ehci cmd     : 00080b00  ehci conf flg: 00000000
[    0.000000]   ehci status  : 00001000  ehci portsc  : 00003000
[    0.000000] ehci started
[    0.000000] dbgp: reset port
[    0.000000]   Debug control: 40000000  ehci cmd     : 00080b01  ehci conf flg: 00000001
[    0.000000]   ehci status  : 00000000  ehci portsc  : 00001000
[    0.000000] dbgp: Trying to force debug port online
[    0.000000]   Debug control: 40000000  ehci cmd     : 00080b00  ehci conf flg: 00000001
[    0.000000]   ehci status  : 00001008  ehci portsc  : 00041480
[    0.000000] dbgp: ehci reset done
[    0.000000]   Debug control: 00000000  ehci cmd     : 00080b00  ehci conf flg: 00000000
[    0.000000]   ehci status  : 00001000  ehci portsc  : 00003000
[    0.000000] dbgp: EHCI startup
[    0.000000]   Debug control: 40000000  ehci cmd     : 00080b00  ehci conf flg: 00000000
[    0.000000]   ehci status  : 00001000  ehci portsc  : 00003000
[    0.000000] ehci started
[    0.000000] dbgp: reset port
[    0.000000]   Debug control: 40000000  ehci cmd     : 00080b01  ehci conf flg: 00000001
[    0.000000]   ehci status  : 00000000  ehci portsc  : 00001000
[    0.000000] dbgp: EHCI startup
[    0.000000]   Debug control: 40000000  ehci cmd     : 00080b01  ehci conf flg: 00000001
[    0.000000]   ehci status  : 00000008  ehci portsc  : 00001000
[    0.000000] ehci started
[    0.000000] dbgp: reset port
[    0.000000]   Debug control: 40000000  ehci cmd     : 00080b01  ehci conf flg: 00000001
[    0.000000]   ehci status  : 00000008  ehci portsc  : 00001000
[    0.000000] No device found in debug port
[    0.000000] debug_port: 1
[    0.000000] n_ports:    5
[    0.000000] dbgp: 
[    0.000000]   Debug control: 40000000  ehci cmd     : 00080b01  ehci conf flg: 00000001
[    0.000000]   ehci status  : 00000008  ehci portsc  : 00001000
[    0.000000] portstatus1: 00001000
[    0.000000] portstatus2: 00001000
[    0.000000] portstatus3: 00001803
[    0.000000] portstatus4: 00001000
[    0.000000] portstatus5: 00001000
[    0.000000] debug_port: 1
[    0.000000] n_ports:    5
[    0.000000] dbgp: 
[    0.000000]   Debug control: 40000000  ehci cmd     : 00080b01  ehci conf flg: 00000001
[    0.000000]   ehci status  : 00000008  ehci portsc  : 00001000
[    0.000000] portstatus1: 00001000
[    0.000000] portstatus2: 00001000
[    0.000000] portstatus3: 00001803
[    0.000000] portstatus4: 00001000
[    0.000000] portstatus5: 00001000
[    0.000000] dbgp: ehci skip - already configured
[    0.000000]   Debug control: 40000000  ehci cmd     : 00080b01  ehci conf flg: 00000001
[    0.000000]   ehci status  : 00000008  ehci portsc  : 00001000
[    0.000000] dbgp: EHCI startup
[    0.000000]   Debug control: 40000000  ehci cmd     : 00080b01  ehci conf flg: 00000001
[    0.000000]   ehci status  : 00000008  ehci portsc  : 00001000
[    0.000000] ehci started
[    0.000000] dbgp: reset port
[    0.000000]   Debug control: 40000000  ehci cmd     : 00080b01  ehci conf flg: 00000001
[    0.000000]   ehci status  : 00000008  ehci portsc  : 00001000
[    0.000000] dbgp: Trying to force debug port online
[    0.000000]   Debug control: 40000000  ehci cmd     : 00080b00  ehci conf flg: 00000001
[    0.000000]   ehci status  : 00001008  ehci portsc  : 00041480
[    0.000000] dbgp: ehci reset done
[    0.000000]   Debug control: 00000000  ehci cmd     : 00080b00  ehci conf flg: 00000000
[    0.000000]   ehci status  : 00001000  ehci portsc  : 00003000
[    0.000000] dbgp: EHCI startup
[    0.000000]   Debug control: 40000000  ehci cmd     : 00080b00  ehci conf flg: 00000000
[    0.000000]   ehci status  : 00001000  ehci portsc  : 00003000
[    0.000000] ehci started
[    0.000000] dbgp: reset port
[    0.000000]   Debug control: 40000000  ehci cmd     : 00080b01  ehci conf flg: 00000001
[    0.000000]   ehci status  : 00000000  ehci portsc  : 00001000
[    0.000000] dbgp: EHCI startup
[    0.000000]   Debug control: 40000000  ehci cmd     : 00080b01  ehci conf flg: 00000001
[    0.000000]   ehci status  : 00000008  ehci portsc  : 00001000
[    0.000000] ehci started
[    0.000000] dbgp: reset port
[    0.000000]   Debug control: 40000000  ehci cmd     : 00080b01  ehci conf flg: 00000001
[    0.000000]   ehci status  : 00000008  ehci portsc  : 00001000
[    0.000000] No device found in debug port
[    0.000000] debug_port: 1
[    0.000000] n_ports:    5
[    0.000000] dbgp: 
[    0.000000]   Debug control: 40000000  ehci cmd     : 00080b01  ehci conf flg: 00000001
[    0.000000]   ehci status  : 00000008  ehci portsc  : 00001000
[    0.000000] portstatus1: 00001000
[    0.000000] portstatus2: 00001000
[    0.000000] portstatus3: 00001803
[    0.000000] portstatus4: 00001000
[    0.000000] portstatus5: 00001000
[    0.000000] debug_port: 1
[    0.000000] n_ports:    5
[    0.000000] dbgp: 
[    0.000000]   Debug control: 40000000  ehci cmd     : 00080b01  ehci conf flg: 00000001
[    0.000000]   ehci status  : 00000008  ehci portsc  : 00001000
[    0.000000] portstatus1: 00001000
[    0.000000] portstatus2: 00001000
[    0.000000] portstatus3: 00001803
[    0.000000] portstatus4: 00001000
[    0.000000] portstatus5: 00001000
[    0.000000] dbgp: ehci skip - already configured
[    0.000000]   Debug control: 40000000  ehci cmd     : 00080b01  ehci conf flg: 00000001
[    0.000000]   ehci status  : 00000008  ehci portsc  : 00001000
[    0.000000] dbgp: EHCI startup
[    0.000000]   Debug control: 40000000  ehci cmd     : 00080b01  ehci conf flg: 00000001
[    0.000000]   ehci status  : 00000008  ehci portsc  : 00001000
[    0.000000] ehci started
[    0.000000] dbgp: reset port
[    0.000000]   Debug control: 40000000  ehci cmd     : 00080b01  ehci conf flg: 00000001
[    0.000000]   ehci status  : 00000008  ehci portsc  : 00001000
[    0.000000] dbgp: Trying to force debug port online
[    0.000000]   Debug control: 40000000  ehci cmd     : 00080b00  ehci conf flg: 00000001
[    0.000000]   ehci status  : 00001008  ehci portsc  : 00041480
[    0.000000] dbgp: ehci reset done
[    0.000000]   Debug control: 00000000  ehci cmd     : 00080b00  ehci conf flg: 00000000
[    0.000000]   ehci status  : 00001000  ehci portsc  : 00003000
[    0.000000] dbgp: EHCI startup
[    0.000000]   Debug control: 40000000  ehci cmd     : 00080b00  ehci conf flg: 00000000
[    0.000000]   ehci status  : 00001000  ehci portsc  : 00003000
[    0.000000] ehci started
[    0.000000] dbgp: reset port
[    0.000000]   Debug control: 40000000  ehci cmd     : 00080b01  ehci conf flg: 00000001
[    0.000000]   ehci status  : 00000000  ehci portsc  : 00001000
[    0.000000] dbgp: EHCI startup
[    0.000000]   Debug control: 40000000  ehci cmd     : 00080b01  ehci conf flg: 00000001
[    0.000000]   ehci status  : 00000008  ehci portsc  : 00001000
[    0.000000] ehci started
[    0.000000] dbgp: reset port
[    0.000000]   Debug control: 40000000  ehci cmd     : 00080b01  ehci conf flg: 00000001
[    0.000000]   ehci status  : 00000008  ehci portsc  : 00001000
[    0.000000] No device found in debug port
[    0.000000] debug_port: 1
[    0.000000] n_ports:    5
[    0.000000] dbgp: 
[    0.000000]   Debug control: 40000000  ehci cmd     : 00080b01  ehci conf flg: 00000001
[    0.000000]   ehci status  : 00000008  ehci portsc  : 00001000
[    0.000000] portstatus1: 00001000
[    0.000000] portstatus2: 00001000
[    0.000000] portstatus3: 00001803
[    0.000000] portstatus4: 00001000
[    0.000000] portstatus5: 00001000
[    0.000000] ehci_setup failed
[    0.000000] NX (Execute Disable) protection: active
[    0.000000] SMBIOS 2.6 present.
[    0.000000] DMI: LENOVO Sabine/Torpedo, BIOS 54CN18WW 07/20/2011
[    0.000000] e820: update [mem 0x00000000-0x00000fff] usable ==> reserved
[    0.000000] e820: remove [mem 0x000a0000-0x000fffff] usable
[    0.000000] e820: last_pfn = 0x41f000 max_arch_pfn = 0x400000000
[    0.000000] MTRR default type: uncachable
[    0.000000] MTRR fixed ranges enabled:
[    0.000000]   00000-9FFFF write-back
[    0.000000]   A0000-BFFFF uncachable
[    0.000000]   C0000-FFFFF write-protect
[    0.000000] MTRR variable ranges enabled:
[    0.000000]   0 base 0000000000 mask FF80000000 write-back
[    0.000000]   1 base 0080000000 mask FFC0000000 write-back
[    0.000000]   2 base 00FFF90000 mask FFFFFF0000 uncachable
[    0.000000]   3 base 00FED80000 mask 0FFFFFF000 uncachable
[    0.000000]   4 disabled
[    0.000000]   5 disabled
[    0.000000]   6 disabled
[    0.000000]   7 base 00FFE00000 mask FFFFE00000 write-protect
[    0.000000] TOM2: 000000041f000000 aka 16880M
[    0.000000] mtrr: your BIOS has configured an incorrect mask, fixing it.
[    0.000000] e820: last_pfn = 0xbfe00 max_arch_pfn = 0x400000000
[    0.000000] Scan for SMP in [mem 0x00000000-0x000003ff]
[    0.000000] Scan for SMP in [mem 0x0009fc00-0x0009ffff]
[    0.000000] Scan for SMP in [mem 0x000f0000-0x000fffff]
[    0.000000] found SMP MP-table at [mem 0x000fa8b0-0x000fa8bf] mapped at [ffff8800000fa8b0]
[    0.000000]   mpc: fa8c0-faa24
[    0.000000] Base memory trampoline at [ffff880000097000] 97000 size 24576
[    0.000000] Using GB pages for direct mapping
[    0.000000] init_memory_mapping: [mem 0x00000000-0x000fffff]
[    0.000000]  [mem 0x00000000-0x000fffff] page 4k
[    0.000000] BRK [0x01e1e000, 0x01e1efff] PGTABLE
[    0.000000] BRK [0x01e1f000, 0x01e1ffff] PGTABLE
[    0.000000] BRK [0x01e20000, 0x01e20fff] PGTABLE
[    0.000000] init_memory_mapping: [mem 0x41ee00000-0x41effffff]
[    0.000000]  [mem 0x41ee00000-0x41effffff] page 2M
[    0.000000] BRK [0x01e21000, 0x01e21fff] PGTABLE
[    0.000000] init_memory_mapping: [mem 0x41c000000-0x41edfffff]
[    0.000000]  [mem 0x41c000000-0x41edfffff] page 2M
[    0.000000] init_memory_mapping: [mem 0x400000000-0x41bffffff]
[    0.000000]  [mem 0x400000000-0x41bffffff] page 2M
[    0.000000] init_memory_mapping: [mem 0x00100000-0xbed9afff]
[    0.000000]  [mem 0x00100000-0x001fffff] page 4k
[    0.000000]  [mem 0x00200000-0x3fffffff] page 2M
[    0.000000]  [mem 0x40000000-0x7fffffff] page 1G
[    0.000000]  [mem 0x80000000-0xbebfffff] page 2M
[    0.000000]  [mem 0xbec00000-0xbed9afff] page 4k
[    0.000000] init_memory_mapping: [mem 0xbf51b000-0xbfdfffff]
[    0.000000]  [mem 0xbf51b000-0xbf5fffff] page 4k
[    0.000000]  [mem 0xbf600000-0xbfdfffff] page 2M
[    0.000000] BRK [0x01e22000, 0x01e22fff] PGTABLE
[    0.000000] init_memory_mapping: [mem 0x100000000-0x3ffffffff]
[    0.000000]  [mem 0x100000000-0x3ffffffff] page 1G
[    0.000000] log_buf_len: 16777216 bytes
[    0.000000] early log buf free: 2082908(99%)
[    0.000000] RAMDISK: [mem 0x3781c000-0x37c05fff]
[    0.000000] ACPI: Early table checksum verification disabled
[    0.000000] ACPI: RSDP 0x00000000000F0110 000024 (v02 LENOVO)
[    0.000000] ACPI: XSDT 0x00000000BF51A120 000074 (v01 LENOVO CB-01    00000001 LENO 00000001)
[    0.000000] ACPI: FACP 0x00000000BF508000 0000F4 (v04 LENOVO CB-01    00000001 PTL  00000001)
[    0.000000] ACPI: DSDT 0x00000000BF50A000 00FD10 (v01 LENOVO CB-01    00001000 LENO 00000001)
[    0.000000] ACPI: FACS 0x00000000BF478000 000040
[    0.000000] ACPI: HPET 0x00000000BF507000 000038 (v01 LENOVO CB-01    00000001 PTL  00000001)
[    0.000000] ACPI: APIC 0x00000000BF506000 00007A (v02 LENOVO CB-01    00000001 PTL  00000001)
[    0.000000] ACPI: MCFG 0x00000000BF505000 00003C (v01 LENOVO CB-01    00000001 PTL  00000001)
[    0.000000] ACPI: SLIC 0x00000000BF504000 000176 (v01 LENOVO CB-01    00000001 LENO 00000001)
[    0.000000] ACPI: UEFI 0x00000000BF503000 00003E (v01 LENOVO CB-01    00000001 PTL  00000001)
[    0.000000] ACPI: UEFI 0x00000000BF502000 000042 (v01 PTL    COMBUF   00000001 PTL  00000001)
[    0.000000] ACPI: SSDT 0x00000000BF501000 000E34 (v01 AMD    POWERNOW 00000001 AMD  00000001)
[    0.000000] ACPI: SSDT 0x00000000BF4FF000 00193D (v02 AMD    ALIB     00000001 MSFT 04000000)
[    0.000000] ACPI: UEFI 0x00000000BF4FE000 00021A (v01 LENOVO CB-01    00000001 PTL  00000001)
[    0.000000] ACPI: Local APIC address 0xfee00000
[    0.000000] mapped APIC to ffffffffff5fd000 (        fee00000)
[    0.000000] No NUMA configuration found
[    0.000000] Faking a node at [mem 0x0000000000000000-0x000000041effffff]
[    0.000000] Initmem setup node 0 [mem 0x00000000-0x41effffff]
[    0.000000]   NODE_DATA [mem 0x41dffa000-0x41dffdfff]
[    0.000000]  [ffffea0000000000-ffffea00107fffff] PMD -> [ffff88040de00000-ffff88041d5fffff] on node 0
[    0.000000] Zone ranges:
[    0.000000]   DMA      [mem 0x00001000-0x00ffffff]
[    0.000000]   DMA32    [mem 0x01000000-0xffffffff]
[    0.000000]   Normal   [mem 0x100000000-0x41effffff]
[    0.000000] Movable zone start for each node
[    0.000000] Early memory node ranges
[    0.000000]   node   0: [mem 0x00001000-0x0009cfff]
[    0.000000]   node   0: [mem 0x00100000-0xbed9afff]
[    0.000000]   node   0: [mem 0xbf51b000-0xbfdfffff]
[    0.000000]   node   0: [mem 0x100000000-0x41effffff]
[    0.000000] On node 0 totalpages: 4056604
[    0.000000]   DMA zone: 64 pages used for memmap
[    0.000000]   DMA zone: 21 pages reserved
[    0.000000]   DMA zone: 3996 pages, LIFO batch:0
[    0.000000]   DMA32 zone: 12186 pages used for memmap
[    0.000000]   DMA32 zone: 779904 pages, LIFO batch:31
[    0.000000]   Normal zone: 51136 pages used for memmap
[    0.000000]   Normal zone: 3272704 pages, LIFO batch:31
[    0.000000] ACPI: PM-Timer IO Port: 0x808
[    0.000000] ACPI: Local APIC address 0xfee00000
[    0.000000] mapped APIC to ffffffffff5fd000 (        fee00000)
[    0.000000] ACPI: LAPIC (acpi_id[0x00] lapic_id[0x00] enabled)
[    0.000000] ACPI: LAPIC (acpi_id[0x01] lapic_id[0x01] enabled)
[    0.000000] ACPI: LAPIC (acpi_id[0x02] lapic_id[0x02] enabled)
[    0.000000] ACPI: LAPIC (acpi_id[0x03] lapic_id[0x03] enabled)
[    0.000000] ACPI: LAPIC_NMI (acpi_id[0x00] high edge lint[0x1])
[    0.000000] ACPI: LAPIC_NMI (acpi_id[0x01] high edge lint[0x1])
[    0.000000] ACPI: LAPIC_NMI (acpi_id[0x02] high edge lint[0x1])
[    0.000000] ACPI: LAPIC_NMI (acpi_id[0x03] high edge lint[0x1])
[    0.000000] ACPI: IOAPIC (id[0x02] address[0xfec00000] gsi_base[0])
[    0.000000] IOAPIC[0]: apic_id 2, version 33, address 0xfec00000, GSI 0-23
[    0.000000] ACPI: INT_SRC_OVR (bus 0 bus_irq 0 global_irq 2 dfl dfl)
[    0.000000] Int: type 0, pol 0, trig 0, bus 00, IRQ 00, APIC ID 2, APIC INT 02
[    0.000000] Int: type 0, pol 3, trig 3, bus 00, IRQ 09, APIC ID 2, APIC INT 09
[    0.000000] ACPI: IRQ0 used by override.
[    0.000000] Int: type 0, pol 0, trig 0, bus 00, IRQ 01, APIC ID 2, APIC INT 01
[    0.000000] Int: type 0, pol 0, trig 0, bus 00, IRQ 03, APIC ID 2, APIC INT 03
[    0.000000] Int: type 0, pol 0, trig 0, bus 00, IRQ 04, APIC ID 2, APIC INT 04
[    0.000000] Int: type 0, pol 0, trig 0, bus 00, IRQ 05, APIC ID 2, APIC INT 05
[    0.000000] Int: type 0, pol 0, trig 0, bus 00, IRQ 06, APIC ID 2, APIC INT 06
[    0.000000] Int: type 0, pol 0, trig 0, bus 00, IRQ 07, APIC ID 2, APIC INT 07
[    0.000000] Int: type 0, pol 0, trig 0, bus 00, IRQ 08, APIC ID 2, APIC INT 08
[    0.000000] ACPI: IRQ9 used by override.
[    0.000000] Int: type 0, pol 0, trig 0, bus 00, IRQ 0a, APIC ID 2, APIC INT 0a
[    0.000000] Int: type 0, pol 0, trig 0, bus 00, IRQ 0b, APIC ID 2, APIC INT 0b
[    0.000000] Int: type 0, pol 0, trig 0, bus 00, IRQ 0c, APIC ID 2, APIC INT 0c
[    0.000000] Int: type 0, pol 0, trig 0, bus 00, IRQ 0d, APIC ID 2, APIC INT 0d
[    0.000000] Int: type 0, pol 0, trig 0, bus 00, IRQ 0e, APIC ID 2, APIC INT 0e
[    0.000000] Int: type 0, pol 0, trig 0, bus 00, IRQ 0f, APIC ID 2, APIC INT 0f
[    0.000000] Using ACPI (MADT) for SMP configuration information
[    0.000000] ACPI: HPET id: 0x43538210 base: 0xfed00000
[    0.000000] smpboot: Allowing 4 CPUs, 0 hotplug CPUs
[    0.000000] mapped IOAPIC to ffffffffff5fc000 (fec00000)
[    0.000000] e820: [mem 0xc0000000-0xfebfffff] available for PCI devices
[    0.000000] setup_percpu: NR_CPUS:64 nr_cpumask_bits:64 nr_cpu_ids:4 nr_node_ids:1
[    0.000000] PERCPU: Embedded 27 pages/cpu @ffff88041dc00000 s80256 r8192 d22144 u524288
[    0.000000] pcpu-alloc: s80256 r8192 d22144 u524288 alloc=1*2097152
[    0.000000] pcpu-alloc: [0] 0 1 2 3 
[    0.000000] Built 1 zonelists in Zone order, mobility grouping on.  Total pages: 3993197
[    0.000000] Policy zone: Normal
[    0.000000] Kernel command line: BOOT_IMAGE=/vmlinuz-linux-git root=UUID=bfa4ab6e-19a3-4601-ba2b-267c55841c73 rw cryptdevice=/dev/disk/by-uuid/70c08890-417a-497d-b6ab-c0d0357a63e2:cryptManjaro:allow-discards ipv6.disable=1 pnp.debug=1 loglevel=9 log_buf_len=10M printk.always_kmsg_dump=y printk.time=y mminit_loglevel=0 memory_corruption_check=1 acpi.debug_layer=0xfbff0000 acpi.debug_level=0xFFFFFFFD nohz=on rcu_nocbs=1-3 pcie_aspm=force fbcon=scrollback:4096k fbcon=font:ProFont6x11 radeon.audio=0 radeon.lockup_timeout=0 radeon.test=0 radeon.agpmode=-1 radeon.benchmark=0 radeon.tv=0 radeon.hard_reset=1 radeon.aspm=1 radeon.dpm=1 radeon.msi=1 radeon.pcie_gen2=-1 radeon.no_wb=1 radeon.modeset=1 radeon.dynclks=1 radeon.r4xx_atom=0 radeon.runpm=0 radeonfb radeon.fastfb=1 nomodeset apic=debug earlyprintk=vga,dbgp,keep
[    0.000000] PCIe ASPM is forcibly enabled
[    0.000000] PID hash table entries: 4096 (order: 3, 32768 bytes)
[    0.000000] Memory: 15870840K/16226416K available (5261K kernel code, 722K rwdata, 2208K rodata, 848K init, 2616K bss, 355576K reserved)
[    0.000000] SLUB: HWalign=64, Order=0-3, MinObjects=0, CPUs=4, Nodes=1
[    0.000000] Hierarchical RCU implementation.
[    0.000000] 	RCU dyntick-idle grace-period acceleration is enabled.
[    0.000000] 	Additional per-CPU info printed with stalls.
[    0.000000] 	RCU restricting CPUs from NR_CPUS=64 to nr_cpu_ids=4.
[    0.000000] 	Offload RCU callbacks from all CPUs
[    0.000000] 	Offload RCU callbacks from CPUs: 0-3.
[    0.000000] RCU: Adjusting geometry for rcu_fanout_leaf=16, nr_cpu_ids=4
[    0.000000] NR_IRQS:4352 nr_irqs:456 0
[    0.000000] spurious 8259A interrupt: IRQ7.
[    0.000000] vgacon: allocated 4194304 bytes of memory for scrollback. CONFIG_VGACON_SOFT_SCROLLBACK_SIZE=4096
[    0.000000] Console: colour VGA+ 80x25
[    0.000000] console [tty0] enabled
[    0.000000] allocated 65011712 bytes of page_cgroup
[    0.000000] please try 'cgroup_disable=memory' option if you don't want memory cgroups
[    0.000000] hpet clockevent registered
[    0.000000] tsc: Fast TSC calibration using PIT
[    0.000000] tsc: Detected 1397.473 MHz processor
[    0.000054] Calibrating delay loop (skipped), value calculated using timer frequency.. 2796.40 BogoMIPS (lpj=4658243)
[    0.004072] pid_max: default: 32768 minimum: 301
[    0.005968] ACPI: Core revision 20140724
[    0.032519] ACPI: All ACPI Tables successfully acquired
[    0.035541] Security Framework initialized
[    0.039276] Dentry cache hash table entries: 2097152 (order: 12, 16777216 bytes)
[    0.049887] Inode-cache hash table entries: 1048576 (order: 11, 8388608 bytes)
[    0.057257] Mount-cache hash table entries: 32768 (order: 6, 262144 bytes)
[    0.059473] Mountpoint-cache hash table entries: 32768 (order: 6, 262144 bytes)
[    0.064272] Initializing cgroup subsys memory
[    0.066520] Initializing cgroup subsys devices
[    0.068662] Initializing cgroup subsys freezer
[    0.070843] Initializing cgroup subsys net_cls
[    0.072747] Initializing cgroup subsys blkio
[    0.074613] CPU: Physical Processor ID: 0
[    0.076706] CPU: Processor Core ID: 0
[    0.078700] mce: CPU supports 6 MCE banks
[    0.080802] Last level iTLB entries: 4KB 512, 2MB 16, 4MB 8
Last level dTLB entries: 4KB 1024, 2MB 128, 4MB 64, 1GB 0
[    0.085035] Freeing SMP alternatives memory: 20K (ffffffff81b8a000 - ffffffff81b8f000)
[    0.089034] Getting VERSION: 80050010
[    0.090909] Getting VERSION: 80050010
[    0.092982] Getting ID: 0
[    0.094972] Getting ID: ff000000
[    0.097064] Getting LVT0: 700
[    0.099109] Getting LVT1: 400
[    0.101107] enabled ExtINT on CPU#0
[    0.103359] ENABLING IO-APIC IRQs
[    0.105200] init IO_APIC IRQs
[    0.107129]  apic 2 pin 0 not connected
[    0.109067] IOAPIC[0]: Set routing entry (2-1 -> 0x31 -> IRQ 1 Mode:0 Active:0 Dest:1)
[    0.113128] IOAPIC[0]: Set routing entry (2-2 -> 0x30 -> IRQ 0 Mode:0 Active:0 Dest:1)
[    0.117187] IOAPIC[0]: Set routing entry (2-2 -> 0x30 -> IRQ 0 Mode:0 Active:0 Dest:1)
[    0.121155] IOAPIC[0]: Set routing entry (2-3 -> 0x33 -> IRQ 3 Mode:0 Active:0 Dest:1)
[    0.124908] IOAPIC[0]: Set routing entry (2-4 -> 0x34 -> IRQ 4 Mode:0 Active:0 Dest:1)
[    0.128964] IOAPIC[0]: Set routing entry (2-5 -> 0x35 -> IRQ 5 Mode:0 Active:0 Dest:1)
[    0.133022] IOAPIC[0]: Set routing entry (2-6 -> 0x36 -> IRQ 6 Mode:0 Active:0 Dest:1)
[    0.137056] IOAPIC[0]: Set routing entry (2-7 -> 0x37 -> IRQ 7 Mode:0 Active:0 Dest:1)
[    0.140791] IOAPIC[0]: Set routing entry (2-8 -> 0x38 -> IRQ 8 Mode:0 Active:0 Dest:1)
[    0.144805] IOAPIC[0]: Set routing entry (2-9 -> 0x39 -> IRQ 9 Mode:1 Active:1 Dest:1)
[    0.148860] IOAPIC[0]: Set routing entry (2-10 -> 0x3a -> IRQ 10 Mode:0 Active:0 Dest:1)
[    0.152915] IOAPIC[0]: Set routing entry (2-11 -> 0x3b -> IRQ 11 Mode:0 Active:0 Dest:1)
[    0.156681] IOAPIC[0]: Set routing entry (2-12 -> 0x3c -> IRQ 12 Mode:0 Active:0 Dest:1)
[    0.160623] IOAPIC[0]: Set routing entry (2-13 -> 0x3d -> IRQ 13 Mode:0 Active:0 Dest:1)
[    0.164677] IOAPIC[0]: Set routing entry (2-14 -> 0x3e -> IRQ 14 Mode:0 Active:0 Dest:1)
[    0.168731] IOAPIC[0]: Set routing entry (2-15 -> 0x3f -> IRQ 15 Mode:0 Active:0 Dest:1)
[    0.172579]  apic 2 pin 16 not connected
[    0.174413]  apic 2 pin 17 not connected
[    0.176381]  apic 2 pin 18 not connected
[    0.178390]  apic 2 pin 19 not connected
[    0.180400]  apic 2 pin 20 not connected
[    0.182402]  apic 2 pin 21 not connected
[    0.184394]  apic 2 pin 22 not connected
[    0.186403]  apic 2 pin 23 not connected
[    0.188454] ..TIMER: vector=0x30 apic1=0 pin1=2 apic2=-1 pin2=-1
[    0.223307] smpboot: CPU0: AMD A6-3400M APU with Radeon(tm) HD Graphics (fam: 12, model: 01, stepping: 00)
[    0.227618] Using local APIC timer interrupts.
calibrating APIC timer ...
[    0.335762] ... lapic delta = 1247729
[    0.337850] ... PM-Timer delta = 357954
[    0.339738] ... PM-Timer result ok
[    0.341626] ..... delta 1247729
[    0.343659] ..... mult: 53589557
[    0.345698] ..... calibration result: 665455
[    0.347739] ..... CPU clock speed is 1397.1984 MHz.
[    0.349781] ..... host bus clock speed is 199.2188 MHz.
[    0.351906] Performance Events: AMD PMU driver.
[    0.353982] ... version:                0
[    0.355817] ... bit width:              48
[    0.357694] ... generic registers:      4
[    0.359669] ... value mask:             0000ffffffffffff
[    0.361710] ... max period:             00007fffffffffff
[    0.363752] ... fixed-purpose events:   0
[    0.365793] ... event mask:             000000000000000f
[    0.368306] MCE: In-kernel MCE decoding enabled.
[    0.370443] NMI watchdog: enabled on all CPUs, permanently consumes one hw-PMU counter.
[    0.374222] smpboot: ++++++++++++++++++++=_---CPU UP  1
[    0.376193] x86: Booting SMP configuration:
[    0.378233] .... node  #0, CPUs:      #1
[    0.380361] smpboot: Setting warm reset code and vector.
[    0.382459] smpboot: 1.
[    0.384451] smpboot: 2.
[    0.386458] smpboot: 3.
[    0.388369] smpboot: Asserting INIT
[    0.390252] smpboot: Waiting for send to finish...
[    0.402153] smpboot: Deasserting INIT
[    0.404323] smpboot: Waiting for send to finish...
[    0.406244] smpboot: #startup loops: 2
[    0.408120] smpboot: Sending STARTUP #1
[    0.410126] smpboot: After apic_write
[    0.317389] smpboot: CPU#1 (phys ID: 1) waiting for CALLOUT
[    0.412467] smpboot: Startup point 1
[    0.416478] smpboot: Waiting for send to finish...
[    0.418680] smpboot: Sending STARTUP #2
[    0.420720] smpboot: After apic_write
[    0.422894] smpboot: Startup point 1
[    0.424770] smpboot: Waiting for send to finish...
[    0.426975] smpboot: After Startup
[    0.429015] smpboot: Before Callout 1
[    0.432124] smpboot: After Callout 1
[    0.337206] masked ExtINT on CPU#1
[    0.337274] smpboot: Stack at about ffff880407807f44
[    0.438178] smpboot: CPU1: has booted.
[    0.442110] TSC synchronization [CPU#0 -> CPU#1]:
[    0.444153] Measured 132605248 cycles TSC warp between CPUs, turning off TSC clock.
[    0.448208] tsc: Marking TSC unstable due to check_tsc_sync_source failed
[    0.450427] smpboot: ++++++++++++++++++++=_---CPU UP  2
[    0.452475]  #2
[    0.454433] smpboot: Setting warm reset code and vector.
[    0.456410] smpboot: 1.
[    0.458242] smpboot: 2.
[    0.460250] smpboot: 3.
[    0.462290] smpboot: Asserting INIT
[    0.464330] smpboot: Waiting for send to finish...
[    0.476378] smpboot: Deasserting INIT
[    0.478563] smpboot: Waiting for send to finish...
[    0.480572] smpboot: #startup loops: 2
[    0.482566] smpboot: Sending STARTUP #1
[    0.484560] smpboot: After apic_write
[    0.357691] smpboot: CPU#2 (phys ID: 2) waiting for CALLOUT
[    0.486854] smpboot: Startup point 1
[    0.490652] smpboot: Waiting for send to finish...
[    0.492768] smpboot: Sending STARTUP #2
[    0.494806] smpboot: After apic_write
[    0.497148] smpboot: Startup point 1
[    0.499188] smpboot: Waiting for send to finish...
[    0.501430] smpboot: After Startup
[    0.503471] smpboot: Before Callout 2
[    0.505393] smpboot: After Callout 2
[    0.376389] masked ExtINT on CPU#2
[    0.376457] smpboot: Stack at about ffff88040780bf44
[    0.511229] smpboot: CPU2: has booted.
[    0.513453] smpboot: ++++++++++++++++++++=_---CPU UP  3
[    0.515501]  #3
[    0.517481] smpboot: Setting warm reset code and vector.
[    0.519555] smpboot: 1.
[    0.521498] smpboot: 2.
[    0.523344] smpboot: 3.
[    0.525222] smpboot: Asserting INIT
[    0.527244] smpboot: Waiting for send to finish...
[    0.539292] smpboot: Deasserting INIT
[    0.541308] smpboot: Waiting for send to finish...
[    0.543290] smpboot: #startup loops: 2
[    0.545329] smpboot: Sending STARTUP #1
[    0.547370] smpboot: After apic_write
[    0.386622] smpboot: CPU#3 (phys ID: 3) waiting for CALLOUT
[    0.549712] smpboot: Startup point 1
[    0.553792] smpboot: Waiting for send to finish...
[    0.555905] smpboot: Sending STARTUP #2
[    0.557779] smpboot: After apic_write
[    0.560022] smpboot: Startup point 1
[    0.562063] smpboot: Waiting for send to finish...
[    0.564305] smpboot: After Startup
[    0.566346] smpboot: Before Callout 3
[    0.568385] smpboot: After Callout 3
[    0.405454] masked ExtINT on CPU#3
[    0.405522] smpboot: Stack at about ffff88040780ff44
[    0.574218] smpboot: CPU3: has booted.
[    0.576210] x86: Booted up 1 node, 4 CPUs
[    0.578204] smpboot: Boot done
[    0.580244] smpboot: Before bogomips
[    0.582285] smpboot: Total of 4 processors activated (11184.60 BogoMIPS)
[    0.584327] smpboot: Before bogocount - setting activated=1
[    0.456778] devtmpfs: initialized
[    0.460032] device: 'platform': device_add
[    0.463364] bus: 'platform': registered
[    0.465416] bus: 'cpu': registered
[    0.466669] device: 'cpu': device_add
[    0.468736] bus: 'container': registered
[    0.470002] device: 'container': device_add
[    0.473766] bus: 'workqueue': registered
[    0.473766] kworker/u8:0 (39) used greatest stack depth: 14160 bytes left
[    0.478559] device: 'workqueue': device_add
[    0.480227] atomic64_test: passed for x86-64 platform with CX8 and with SSE
[    0.482274] device class 'regulator': registering
[    0.483371] Registering platform device 'reg-dummy'. Parent at platform
[    0.486668] device: 'reg-dummy': device_add
[    0.488666] bus: 'platform': add device reg-dummy
[    0.490027] bus: 'platform': add driver reg-dummy
[    0.491993] bus: 'platform': driver_probe_device: matched device reg-dummy with driver reg-dummy
[    0.493336] bus: 'platform': really_probe: probing driver reg-dummy with device reg-dummy
[    0.496675] device: 'regulator.0': device_add
[    0.498743] regulator-dummy: no parameters
[    0.500013] driver: 'reg-dummy': driver_bound: bound to device 'reg-dummy'
[    0.503335] bus: 'platform': really_probe: bound device reg-dummy to driver reg-dummy
[    0.506801] NET: Registered protocol family 16
[    0.509005] device class 'bdi': registering
[    0.510020] bus: 'platform': add driver ramoops
[    0.513355] device class 'pci_bus': registering
[    0.515371] bus: 'pci': registered
[    0.516674] device class 'backlight': registering
[    0.518672] device class 'tty': registering
[    0.520011] device class 'vtconsole': registering
[    0.523346] device: 'vtcon0': device_add
[    0.525242] bus: 'node': registered
[    0.526670] device: 'node': device_add
[    0.528740] bus: 'i2c': registered
[    0.530005] bus: 'i2c': add driver dummy
[    0.533345] i2c-core: driver [dummy] registered
[    0.535385] cpuidle: using governor ladder
[    0.536671] cpuidle: using governor menu
[    0.540065] ACPI FADT declares the system doesn't support PCIe ASPM, so disable it
[    0.543335] ACPI: bus type PCI registered
[    0.545371] acpiphp: ACPI Hot Plug PCI Controller Driver version: 0.5
[    0.546672] device class 'dmi': registering
[    0.548717] device: 'id': device_add
[    0.550100] PCI: MMCONFIG for domain 0000 [bus 00-3f] at [mem 0xf8000000-0xfbffffff] (base 0xf8000000)
[    0.553336] PCI: not using MMCONFIG
[    0.556668] PCI: Using configuration type 1 for base access
[    0.558543] PCI: Using configuration type 1 for extended access
[    0.560272] device: 'node0': device_add
[    0.563336] bus: 'node': add device node0
[    0.565390] device: 'cpu0': device_add
[    0.566669] bus: 'cpu': add device cpu0
[    0.570025] device: 'cpu1': device_add
[    0.572066] bus: 'cpu': add device cpu1
[    0.573372] device: 'cpu2': device_add
[    0.575254] bus: 'cpu': add device cpu2
[    0.576692] device: 'cpu3': device_add
[    0.580003] bus: 'cpu': add device cpu3
[    0.593404] device: 'writeback': device_add
[    0.595535] bus: 'workqueue': add device writeback
[    0.596717] device: 'default': device_add
[    0.600086] device class 'block': registering
[    0.602187] ACPI: Added _OSI(Module Device)
[    0.603342] ACPI: Added _OSI(Processor Device)
[    0.605412] ACPI: Added _OSI(3.0 _SCP Extensions)
[    0.606669] ACPI: Added _OSI(Processor Aggregator Device)
[    0.611592] IOAPIC[0]: Set routing entry (2-9 -> 0x39 -> IRQ 9 Mode:1 Active:1 Dest:15)
[    0.616979] 
**** Context Switch from TID 4294967295 to TID 133431296 ****

[    0.623336]     utils-0051 util_eval_error       : Evaluate [\_SB_.PCI0.LPC0.EC0_._GLK]: AE_NOT_FOUND
[    0.626766] Executing  Method       \_SB_.PCI0.LPC0.EC0_._REG
[    0.629489] Executing  Method       \_SB_.PCI0.LPC0.EC0_._REG
[    0.630158] Executing  Method       \_SB_.PCI0.LPC0.EC0_._REG
[    0.633546] Executing  Method       \_SB_.PCI0.LPC0.EC0_._REG
[    0.638894] Initializing Region       \_SB_.OSTY
[    0.640147] Initializing Region       \_SB_.PCI0.NBMS
[    0.642137] Initializing Region       \_SB_.PCI0.NBXP
[    0.643436] Initializing Region       \_SB_.PCI0.K8ST
[    0.646833] Initializing Region       \_SB_.PCI0.BAR1
[    0.648947] Initializing Region       \_SB_.PCI0.PB2_.XPEX
[    0.650151] Initializing Region       \_SB_.PCI0.PB2_.PCFG
[    0.653485] Initializing Region       \_SB_.PCI0.PB2_.XPCB
[    0.655519] Initializing Region       \_SB_.PCI0.PB2_.XPRI
[    0.656822] Initializing Region       \_SB_.PCI0.PB2_.VGA_.PCFG
[    0.658868] Initializing Region       \_SB_.PCI0.PB2_.HDAU.PCFG
[    0.660167] Initializing Region       \_SB_.PCI0.PB3_.XPEX
[    0.663481] Initializing Region       \_SB_.PCI0.PB3_.PCFG
[    0.665588] Initializing Region       \_SB_.PCI0.PB3_.XPCB
[    0.666764] Initializing Region       \_SB_.PCI0.PB3_.XPRI
[    0.670065] Initializing Region       \_SB_.PCI0.PB3_.VGA_.PCFG
[    0.672159] Initializing Region       \_SB_.PCI0.PB3_.HDAU.PCFG
[    0.673496] Initializing Region       \_SB_.PCI0.PB4_.XPEX
[    0.675470] Initializing Region       \_SB_.PCI0.PB4_.PCFG
[    0.676818] Initializing Region       \_SB_.PCI0.PB4_.XPCB
[    0.680153] Initializing Region       \_SB_.PCI0.PB4_.XPRI
[    0.682274] Initializing Region       \_SB_.PCI0.PB4_.XPDV.PCFG
[    0.683501] Initializing Region       \_SB_.PCI0.PB5_.XPEX
[    0.686728] Initializing Region       \_SB_.PCI0.PB5_.PCFG
[    0.688759] Initializing Region       \_SB_.PCI0.PB5_.XPCB
[    0.690147] Initializing Region       \_SB_.PCI0.PB5_.XPRI
[    0.692112] Initializing Region       \_SB_.PCI0.PB5_.XPDV.PCFG
[    0.693485] Initializing Region       \_SB_.PCI0.PB6_.XPEX
[    0.696803] Initializing Region       \_SB_.PCI0.PB6_.PCFG
[    0.698865] Initializing Region       \_SB_.PCI0.PB6_.XPCB
[    0.700151] Initializing Region       \_SB_.PCI0.PB6_.XPRI
[    0.702270] Initializing Region       \_SB_.PCI0.PB6_.XPDV.PCFG
[    0.706833] Initializing Region       \_SB_.PCI0.PB7_.XPEX
[    0.706833] Initializing Region       \_SB_.PCI0.PB7_.PCFG
[    0.710016] Initializing Region       \_SB_.PCI0.PB7_.XPCB
[    0.712130] Initializing Region       \_SB_.PCI0.PB7_.XPRI
[    0.713491] Initializing Region       \_SB_.PCI0.PB7_.XPDV.PCFG
[    0.716839] Initializing Region       \_SB_.PCI0.SATC
[    0.718956] Initializing Region       \_SB_.PCI0.RMEM
[    0.720136] Initializing Region       \_SB_.PCI0.SATA.SATX
[    0.722069] Initializing Region       \_SB_.PCI0.SATA.BAR5
[    0.746871] Initializing Region       \_SB_.PCI0.SMB_.SBRV
[    0.746871] Initializing Region       \_SB_.PCI0.SMB_.PMIO
[    0.749086] Initializing Region       \_SB_.PCI0.SMB_.ERMM
[    0.753615] Initializing Region       \_SB_.PCI0.SMB_.P1E0
[    0.753615] Initializing Region       \_SB_.PCI0.SMB_.ABIO
[    0.755547] Initializing Region       \_SB_.PCI0.SMB_.SMB0
[    0.760155] Initializing Region       \_SB_.PCI0.LPC0.PIRQ
[    0.760206] Initializing Region       \_SB_.PCI0.LPC0.LPCR
[    0.762403] Initializing Region       \_SB_.PCI0.LPC0.LPCS
[    0.763437] Initializing Region       \_SB_.PCI0.LPC0.SMI0
[    0.766763] Initializing Region       \_SB_.PCI0.LPC0.SMI1
[    0.768888] Initializing Region       \_SB_.PCI0.LPC0.EC0_.ECO1
[    0.770153] Initializing Region       \_SB_.PCI0.LPC0.EC0_.ECO2
[    0.772109] Initializing Region       \_SB_.PCI0.LPC0.EC0_.ECMB
[    0.776817] Initializing Region       \_SB_.PCI0.LPC0.EC0_.RAM_
[    0.776930] Initializing Region       \_SB_.PCI0.LPC0.EC0_.CMOS
[    0.779116] Initializing Region       \_SB_.PCI0.LPC0.EC0_.VPC0.ERAM
[    0.780179] Initializing Region       \_SB_.PCI0.SPB0.PCFG
[    0.783477] Initializing Region       \_SB_.PCI0.SPB0.XPCB
[    0.785546] Initializing Region       \_SB_.PCI0.SPB0.XPDV.PCFG
[    0.786786] Initializing Region       \_SB_.PCI0.SPB1.PCFG
[    0.788699] Initializing Region       \_SB_.PCI0.SPB1.XPCB
[    0.793477] Initializing Region       \_SB_.PCI0.SPB1.XPDV.PCFG
[    0.793480] Initializing Region       \_SB_.PCI0.SPB2.PCFG
[    0.795551] Initializing Region       \_SB_.PCI0.SPB2.XPCB
[    0.796823] Initializing Region       \_SB_.PCI0.SPB2.XPDV.PCFG
[    0.800165] Initializing Region       \_SB_.PCI0.SPB3.PCFG
[    0.802281] Initializing Region       \_SB_.PCI0.SPB3.XPCB
[    0.803482] Initializing Region       \_SB_.PCI0.SPB3.XPDV.PCFG
[    0.805549] Initializing Region       \_SB_.PCI0.VGA_.REVD
[    0.810293] Initializing BufferField  \_SB_.AMW0.WLID
[    0.810585] Initializing Region       \DEB2
[    0.813405] Initializing Region       \PMIO
[    0.815508] Initializing Region       \P01_
[    0.816824] Initializing Region       \CNVS
[    0.818935] Initializing Region       \SPRT
[    0.823493] Initializing Region       \CMIO
[    0.823609] Executing  Method       \_SB_._STA
[    0.825624] Executing  Method       \_SB_._INI
[    0.826792] Executing  Method       \_SB_.PCI0._STA
[    0.830172] Executing  Method       \_SB_.PCI0._INI
[    0.832503] [Firmware Bug]: ACPI: BIOS _OSI(Linux) query ignored
[    0.833772] Executing  Method       \_SB_.PCI0.SATA._STA
[    0.836840] Executing  Method       \_SB_.PCI0.SATA._INI
[    0.840091] Executing  Method       \_SB_.PCI0.LPC0.EC0_._REG
[    0.873409] ACPI: Interpreter enabled
[    0.876683] ACPI: (supports S0 S5)
[    0.880002] ACPI: Using IOAPIC for interrupt routing
[    0.882505] PCI: MMCONFIG for domain 0000 [bus 00-3f] at [mem 0xf8000000-0xfbffffff] (base 0xf8000000)
[    0.887392] PCI: MMCONFIG at [mem 0xf8000000-0xfbffffff] reserved in ACPI motherboard resources
[    0.890167] bus: 'acpi': registered
[    0.893342] PCI: Using host bridge windows from ACPI; if necessary, use "pci=nocrs" and report a bug
[    0.896680]      scan-1142 get_device_data       : No context for object [ffffffffffffffff]
[    0.900006]     utils-0051 util_eval_error       : Evaluate [\._STA]: AE_NOT_FOUND
[    0.905493] device: 'LNXSYSTM:00': device_add
[    0.906674] bus: 'acpi': add device LNXSYSTM:00
[    0.908583]      scan-1934 add_single_object     : Added LNXSYSTM:00 [\] parent (null)
[    0.913345]      scan-1142 get_device_data       : No context for object [ffff88040d81d000]
[    0.916668]      scan-1142 get_device_data       : No context for object [ffff88040d8377d0]
[    0.918807]      scan-1142 get_device_data       : No context for object [ffff88040d8377f8]
[    0.925311]      scan-1142 get_device_data       : No context for object [ffff88040d837820]
[    0.926668]      scan-1142 get_device_data       : No context for object [ffff88040d837848]
[    0.933335]      scan-1142 get_device_data       : No context for object [ffff88040d837870]
[    0.936669]      scan-1142 get_device_data       : No context for object [ffff88040d837898]
[    0.941979]      scan-1142 get_device_data       : No context for object [ffff88040d8378c0]
[    0.945442]      scan-1142 get_device_data       : No context for object [ffff88040d8378e8]
[    0.950002]      scan-1142 get_device_data       : No context for object [ffff88040d839398]
[    0.953335]      scan-1142 get_device_data       : No context for object [ffff88040d81d028]
[    0.955199]      scan-1142 get_device_data       : No context for object [ffff88040d81d168]
[    0.962070]     utils-0051 util_eval_error       : Evaluate [\_PR_.C000._STA]: AE_NOT_FOUND
[    0.963335]      scan-1142 get_device_data       : No context for object [ffff88040d81d028]
[    0.970007] device: 'LNXCPU:00': device_add
[    0.972045] bus: 'acpi': add device LNXCPU:00
[    0.973352]      scan-1934 add_single_object     : Added LNXCPU:00 [\_PR_.C000] parent LNXSYSTM:00
[    0.975259]      scan-1142 get_device_data       : No context for object [ffff88040d83c398]
[    0.982123]      scan-1142 get_device_data       : No context for object [ffff88040d83c3c0]
[    0.986668]      scan-1142 get_device_data       : No context for object [ffff88040d83c3e8]
[    0.990001]      scan-1142 get_device_data       : No context for object [ffff88040d83c410]
[    0.993335]      scan-1142 get_device_data       : No context for object [ffff88040d83c438]
[    0.995476]      scan-1142 get_device_data       : No context for object [ffff88040d83c460]
[    1.002096]      scan-1142 get_device_data       : No context for object [ffff88040d81d190]
[    1.006669]     utils-0051 util_eval_error       : Evaluate [\_PR_.C001._STA]: AE_NOT_FOUND
[    1.010001]      scan-1142 get_device_data       : No context for object [ffff88040d81d028]
[    1.013340] device: 'LNXCPU:01': device_add
[    1.016669] bus: 'acpi': add device LNXCPU:01
[    1.018719]      scan-1934 add_single_object     : Added LNXCPU:01 [\_PR_.C001] parent LNXSYSTM:00
[    1.022144]      scan-1142 get_device_data       : No context for object [ffff88040d83c488]
[    1.026669]      scan-1142 get_device_data       : No context for object [ffff88040d83c4b0]
[    1.030002]      scan-1142 get_device_data       : No context for object [ffff88040d83c4d8]
[    1.033335]      scan-1142 get_device_data       : No context for object [ffff88040d83c500]
[    1.038810]      scan-1142 get_device_data       : No context for object [ffff88040d83c528]
[    1.041982]      scan-1142 get_device_data       : No context for object [ffff88040d83c550]
[    1.046669]      scan-1142 get_device_data       : No context for object [ffff88040d81d1b8]
[    1.050002]     utils-0051 util_eval_error       : Evaluate [\_PR_.C002._STA]: AE_NOT_FOUND
[    1.055473]      scan-1142 get_device_data       : No context for object [ffff88040d81d028]
[    1.058640] device: 'LNXCPU:02': device_add
[    1.060002] bus: 'acpi': add device LNXCPU:02
[    1.060016]      scan-1934 add_single_object     : Added LNXCPU:02 [\_PR_.C002] parent LNXSYSTM:00
[    1.066670]      scan-1142 get_device_data       : No context for object [ffff88040d83c578]
[    1.070002]      scan-1142 get_device_data       : No context for object [ffff88040d83c5a0]
[    1.075297]      scan-1142 get_device_data       : No context for object [ffff88040d83c5c8]
[    1.078749]      scan-1142 get_device_data       : No context for object [ffff88040d83c5f0]
[    1.083335]      scan-1142 get_device_data       : No context for object [ffff88040d83c618]
[    1.086669]      scan-1142 get_device_data       : No context for object [ffff88040d83c640]
[    1.090002]      scan-1142 get_device_data       : No context for object [ffff88040d81d1e0]
[    1.095338]     utils-0051 util_eval_error       : Evaluate [\_PR_.C003._STA]: AE_NOT_FOUND
[    1.098797]      scan-1142 get_device_data       : No context for object [ffff88040d81d028]
[    1.103340] device: 'LNXCPU:03': device_add
[    1.105377] bus: 'acpi': add device LNXCPU:03
[    1.106686]      scan-1934 add_single_object     : Added LNXCPU:03 [\_PR_.C003] parent LNXSYSTM:00
[    1.110006]      scan-1142 get_device_data       : No context for object [ffff88040d83c668]
[    1.115473]      scan-1142 get_device_data       : No context for object [ffff88040d83c690]
[    1.120001]      scan-1142 get_device_data       : No context for object [ffff88040d83c6b8]
[    1.123337]      scan-1142 get_device_data       : No context for object [ffff88040d83c6e0]
[    1.126668]      scan-1142 get_device_data       : No context for object [ffff88040d83c708]
[    1.128805]      scan-1142 get_device_data       : No context for object [ffff88040d83c730]
[    1.136669]      scan-1142 get_device_data       : No context for object [ffff88040d81d050]
[    1.140005]     utils-0051 util_eval_error       : Evaluate [\_SB_._STA]: AE_NOT_FOUND
[    1.142052] device: 'LNXSYBUS:00': device_add
[    1.146671] bus: 'acpi': add device LNXSYBUS:00
[    1.148733]      scan-1934 add_single_object     : Added LNXSYBUS:00 [\_SB_] parent LNXSYSTM:00
[    1.153344]      scan-1142 get_device_data       : No context for object [ffff88040d81d3c0]
[    1.156669]      scan-1142 get_device_data       : No context for object [ffff88040d81d3e8]
[    1.160002]      scan-1142 get_device_data       : No context for object [ffff88040d81d410]
[    1.165477]      scan-1142 get_device_data       : No context for object [ffff88040d81d438]
[    1.168759]      scan-1142 get_device_data       : No context for object [ffff88040d81d460]
[    1.173334]      scan-1142 get_device_data       : No context for object [ffff88040d81d488]
[    1.176669]      scan-1142 get_device_data       : No context for object [ffff88040d81d4b0]
[    1.180001]      scan-1142 get_device_data       : No context for object [ffff88040d81d5a0]
[    1.185454]     utils-0051 util_eval_error       : Evaluate [\_SB_.PWRB._STA]: AE_NOT_FOUND
[    1.188780] device: 'PNP0C0C:00': device_add
[    1.190003] bus: 'acpi': add device PNP0C0C:00
[    1.193350]      scan-1934 add_single_object     : Added PNP0C0C:00 [\_SB_.PWRB] parent LNXSYBUS:00
[    1.196673]      scan-1142 get_device_data       : No context for object [ffff88040d81d5c8]
[    1.200002]      scan-1142 get_device_data       : No context for object [ffff88040d81d5f0]
[    1.205474]     utils-0051 util_eval_error       : Evaluate [\_SB_.PCI0._STA]: AE_NOT_FOUND
[    1.208681] device: 'PNP0A08:00': device_add
[    1.210004] bus: 'acpi': add device PNP0A08:00
[    1.213352]      scan-1934 add_single_object     : Added PNP0A08:00 [\_SB_.PCI0] parent LNXSYBUS:00
[    1.216678]      scan-1142 get_device_data       : No context for object [ffff88040d81d618]
[    1.218810]      scan-1142 get_device_data       : No context for object [ffff88040d81d640]
[    1.225318]      scan-1142 get_device_data       : No context for object [ffff88040d81d668]
[    1.230002]      scan-1142 get_device_data       : No context for object [ffff88040d81d690]
[    1.233335]      scan-1142 get_device_data       : No context for object [ffff88040d81d6b8]
[    1.236668]      scan-1142 get_device_data       : No context for object [ffff88040d81d6e0]
[    1.241989]      scan-1142 get_device_data       : No context for object [ffff88040d81d708]
[    1.245399]      scan-1142 get_device_data       : No context for object [ffff88040d81d730]
[    1.250001]      scan-1142 get_device_data       : No context for object [ffff88040d81d758]
[    1.253334]      scan-1142 get_device_data       : No context for object [ffff88040d81d780]
[    1.255362]      scan-1142 get_device_data       : No context for object [ffff88040d81d7a8]
[    1.262020]      scan-1142 get_device_data       : No context for object [ffff88040d81d7d0]
[    1.263335]      scan-1142 get_device_data       : No context for object [ffff88040d81d7f8]
[    1.270002]      scan-1142 get_device_data       : No context for object [ffff88040d81d820]
[    1.273335]      scan-1142 get_device_data       : No context for object [ffff88040d81d848]
[    1.275268]      scan-1142 get_device_data       : No context for object [ffff88040d81d870]
[    1.282135]      scan-1142 get_device_data       : No context for object [ffff88040d81d898]
[    1.286668]      scan-1142 get_device_data       : No context for object [ffff88040d81d8c0]
[    1.290001]      scan-1142 get_device_data       : No context for object [ffff88040d81d8e8]
[    1.293335]      scan-1142 get_device_data       : No context for object [ffff88040d81d910]
[    1.298805]      scan-1142 get_device_data       : No context for object [ffff88040d81d938]
[    1.302139]      scan-1142 get_device_data       : No context for object [ffff88040d81d960]
[    1.306669]      scan-1142 get_device_data       : No context for object [ffff88040d81d988]
[    1.310002]      scan-1142 get_device_data       : No context for object [ffff88040d81d9b0]
[    1.313335]      scan-1142 get_device_data       : No context for object [ffff88040d81d9d8]
[    1.318812]      scan-1142 get_device_data       : No context for object [ffff88040d81da00]
[    1.323335]      scan-1142 get_device_data       : No context for object [ffff88040d81da28]
[    1.326669]      scan-1142 get_device_data       : No context for object [ffff88040d81da50]
[    1.330002]      scan-1142 get_device_data       : No context for object [ffff88040d81da78]
[    1.335475]      scan-1142 get_device_data       : No context for object [ffff88040d81daa0]
[    1.338802]      scan-1142 get_device_data       : No context for object [ffff88040d81dac8]
[    1.343334]      scan-1142 get_device_data       : No context for object [ffff88040d81daf0]
[    1.346668]      scan-1142 get_device_data       : No context for object [ffff88040d81db18]
[    1.350001]      scan-1142 get_device_data       : No context for object [ffff88040d81db40]
[    1.355442]      scan-1142 get_device_data       : No context for object [ffff88040d81db68]
[    1.358651]      scan-1142 get_device_data       : No context for object [ffff88040d81db90]
[    1.363334]      scan-1142 get_device_data       : No context for object [ffff88040d81dbb8]
[    1.366668]      scan-1142 get_device_data       : No context for object [ffff88040d81dbe0]
[    1.370001]      scan-1142 get_device_data       : No context for object [ffff88040d81dc08]
[    1.375334]      scan-1142 get_device_data       : No context for object [ffff88040d81dc30]
[    1.378724]      scan-1142 get_device_data       : No context for object [ffff88040d81dc58]
[    1.383335]      scan-1142 get_device_data       : No context for object [ffff88040d81dc80]
[    1.386669]      scan-1142 get_device_data       : No context for object [ffff88040d81dca8]
[    1.392038]      scan-1142 get_device_data       : No context for object [ffff88040d81dcd0]
[    1.395362]      scan-1142 get_device_data       : No context for object [ffff88040d81dcf8]
[    1.400002]      scan-1142 get_device_data       : No context for object [ffff88040d81dd20]
[    1.403334]      scan-1142 get_device_data       : No context for object [ffff88040d81dd48]
[    1.406668]      scan-1142 get_device_data       : No context for object [ffff88040d81dd70]
[    1.411979]      scan-1142 get_device_data       : No context for object [ffff88040d81dd98]
[    1.415477]      scan-1142 get_device_data       : No context for object [ffff88040d81ddc0]
[    1.420001]      scan-1142 get_device_data       : No context for object [ffff88040d81dde8]
[    1.423334]      scan-1142 get_device_data       : No context for object [ffff88040d81de10]
[    1.426668]      scan-1142 get_device_data       : No context for object [ffff88040d81de38]
[    1.432141]      scan-1142 get_device_data       : No context for object [ffff88040d81de60]
[    1.433334]      scan-1142 get_device_data       : No context for object [ffff88040d81de88]
[    1.440002]      scan-1142 get_device_data       : No context for object [ffff88040d81deb0]
[    1.443336]      scan-1142 get_device_data       : No context for object [ffff88040d81ded8]
[    1.445377]      scan-1142 get_device_data       : No context for object [ffff88040d81df00]
[    1.452129]      scan-1142 get_device_data       : No context for object [ffff88040d81df28]
[    1.456669]      scan-1142 get_device_data       : No context for object [ffff88040d81df50]
[    1.460002]      scan-1142 get_device_data       : No context for object [ffff88040d81df78]
[    1.463335]      scan-1142 get_device_data       : No context for object [ffff88040d81dfa0]
[    1.468810]      scan-1142 get_device_data       : No context for object [ffff88040d81dfc8]
[    1.472140]      scan-1142 get_device_data       : No context for object [ffff88040d822000]
[    1.476668]      scan-1142 get_device_data       : No context for object [ffff88040d822028]
[    1.480002]     utils-0051 util_eval_error       : Evaluate [\_SB_.PCI0.MEMR._STA]: AE_NOT_FOUND
[    1.483356] device: 'PNP0C02:00': device_add
[    1.486669] bus: 'acpi': add device PNP0C02:00
[    1.488720]      scan-1934 add_single_object     : Added PNP0C02:00 [\_SB_.PCI0.MEMR] parent PNP0A08:00
[    1.490008]      scan-1142 get_device_data       : No context for object [ffff88040d822050]
[    1.496669]      scan-1142 get_device_data       : No context for object [ffff88040d822078]
[    1.500002]      scan-1142 get_device_data       : No context for object [ffff88040d8220a0]
[    1.505477]      scan-1142 get_device_data       : No context for object [ffff88040d8220c8]
[    1.510002]      scan-1142 get_device_data       : No context for object [ffff88040d8220f0]
[    1.513335]      scan-1142 get_device_data       : No context for object [ffff88040d822118]
[    1.515375]      scan-1142 get_device_data       : No context for object [ffff88040d822140]
[    1.522133]      scan-1142 get_device_data       : No context for object [ffff88040d822168]
[    1.523334]      scan-1142 get_device_data       : No context for object [ffff88040d822190]
[    1.530002]      scan-1142 get_device_data       : No context for object [ffff88040d8221b8]
[    1.533335]      scan-1142 get_device_data       : No context for object [ffff88040d8221e0]
[    1.535451]      scan-1142 get_device_data       : No context for object [ffff88040d822208]
[    1.542007]      scan-1142 get_device_data       : No context for object [ffff88040d822230]
[    1.543334]      scan-1142 get_device_data       : No context for object [ffff88040d822258]
[    1.550001]      scan-1142 get_device_data       : No context for object [ffff88040d822280]
[    1.553334]      scan-1142 get_device_data       : No context for object [ffff88040d8222a8]
[    1.558730]     utils-0051 util_eval_error       : Evaluate [\_SB_.PCI0.PB2_._STA]: AE_NOT_FOUND
[    1.561980] device: 'device:00': device_add
[    1.563336] bus: 'acpi': add device device:00
[    1.563351]      scan-1934 add_single_object     : Added device:00 [\_SB_.PCI0.PB2_] parent PNP0A08:00
[    1.570004]      scan-1142 get_device_data       : No context for object [ffff88040d8222d0]
[    1.573334]      scan-1142 get_device_data       : No context for object [ffff88040d8222f8]
[    1.578641]      scan-1142 get_device_data       : No context for object [ffff88040d822320]
[    1.582108]      scan-1142 get_device_data       : No context for object [ffff88040d822348]
[    1.586668]      scan-1142 get_device_data       : No context for object [ffff88040d822370]
[    1.590002]      scan-1142 get_device_data       : No context for object [ffff88040d822398]
[    1.593335]      scan-1142 get_device_data       : No context for object [ffff88040d8223c0]
[    1.598808]      scan-1142 get_device_data       : No context for object [ffff88040d8223e8]
[    1.602144]      scan-1142 get_device_data       : No context for object [ffff88040d822410]
[    1.606669]      scan-1142 get_device_data       : No context for object [ffff88040d822438]
[    1.610002]      scan-1142 get_device_data       : No context for object [ffff88040d822460]
[    1.613335]      scan-1142 get_device_data       : No context for object [ffff88040d822488]
[    1.618805]      scan-1142 get_device_data       : No context for object [ffff88040d8224b0]
[    1.623334]      scan-1142 get_device_data       : No context for object [ffff88040d8224d8]
[    1.626668]      scan-1142 get_device_data       : No context for object [ffff88040d822500]
[    1.630001]      scan-1142 get_device_data       : No context for object [ffff88040d822528]
[    1.635473]      scan-1142 get_device_data       : No context for object [ffff88040d822550]
[    1.638763]      scan-1142 get_device_data       : No context for object [ffff88040d822578]
[    1.643334]      scan-1142 get_device_data       : No context for object [ffff88040d8225a0]
[    1.646668]      scan-1142 get_device_data       : No context for object [ffff88040d8225c8]
[    1.650002]      scan-1142 get_device_data       : No context for object [ffff88040d8225f0]
[    1.655445]      scan-1142 get_device_data       : No context for object [ffff88040d822618]
[    1.658669]      scan-1142 get_device_data       : No context for object [ffff88040d822640]
[    1.663335]      scan-1142 get_device_data       : No context for object [ffff88040d822668]
[    1.666669]      scan-1142 get_device_data       : No context for object [ffff88040d822690]
[    1.670001]      scan-1142 get_device_data       : No context for object [ffff88040d8226b8]
[    1.675375]      scan-1142 get_device_data       : No context for object [ffff88040d8226e0]
[    1.678680]      scan-1142 get_device_data       : No context for object [ffff88040d822708]
[    1.683334]      scan-1142 get_device_data       : No context for object [ffff88040d822730]
[    1.686668]      scan-1142 get_device_data       : No context for object [ffff88040d822758]
[    1.692079]      scan-1142 get_device_data       : No context for object [ffff88040d822780]
[    1.695311]     utils-0051 util_eval_error       : Evaluate [\_SB_.PCI0.PB2_.VGA_._STA]: AE_NOT_FOUND
[    1.700026] device: 'device:01': device_add
[    1.702063] bus: 'acpi': add device device:01
[    1.703361]      scan-1934 add_single_object     : Added device:01 [\_SB_.PCI0.PB2_.VGA_] parent device:00
[    1.706673]      scan-1142 get_device_data       : No context for object [ffff88040d8227a8]
[    1.711984]      scan-1142 get_device_data       : No context for object [ffff88040d8227d0]
[    1.715479]      scan-1142 get_device_data       : No context for object [ffff88040d8227f8]
[    1.720002]      scan-1142 get_device_data       : No context for object [ffff88040d822820]
[    1.723334]      scan-1142 get_device_data       : No context for object [ffff88040d822848]
[    1.725215]      scan-1142 get_device_data       : No context for object [ffff88040d822870]
[    1.732144]      scan-1142 get_device_data       : No context for object [ffff88040d822898]
[    1.733334]      scan-1142 get_device_data       : No context for object [ffff88040d8228c0]
[    1.740001]      scan-1142 get_device_data       : No context for object [ffff88040d8228e8]
[    1.743334]      scan-1142 get_device_data       : No context for object [ffff88040d822910]
[    1.745379]      scan-1142 get_device_data       : No context for object [ffff88040d822938]
[    1.752137]      scan-1142 get_device_data       : No context for object [ffff88040d822960]
[    1.756668]      scan-1142 get_device_data       : No context for object [ffff88040d822988]
[    1.760001]      scan-1142 get_device_data       : No context for object [ffff88040d8229b0]
[    1.763334]      scan-1142 get_device_data       : No context for object [ffff88040d8229d8]
[    1.765427]      scan-1142 get_device_data       : No context for object [ffff88040d822a00]
[    1.772142]      scan-1142 get_device_data       : No context for object [ffff88040d822a28]
[    1.776669]      scan-1142 get_device_data       : No context for object [ffff88040d822a50]
[    1.780002]      scan-1142 get_device_data       : No context for object [ffff88040d822a78]
[    1.783335]      scan-1142 get_device_data       : No context for object [ffff88040d822aa0]
[    1.788813]      scan-1142 get_device_data       : No context for object [ffff88040d822ac8]
[    1.792017]      scan-1142 get_device_data       : No context for object [ffff88040d822af0]
[    1.796669]      scan-1142 get_device_data       : No context for object [ffff88040d822b18]
[    1.800001]      scan-1142 get_device_data       : No context for object [ffff88040d822b40]
[    1.802139]      scan-1142 get_device_data       : No context for object [ffff88040d822b68]
[    1.808711]      scan-1142 get_device_data       : No context for object [ffff88040d822b90]
[    1.810001]      scan-1142 get_device_data       : No context for object [ffff88040d822bb8]
[    1.816668]      scan-1142 get_device_data       : No context for object [ffff88040d822be0]
[    1.820002]      scan-1142 get_device_data       : No context for object [ffff88040d822c08]
[    1.825415]      scan-1142 get_device_data       : No context for object [ffff88040d822c30]
[    1.828633]      scan-1142 get_device_data       : No context for object [ffff88040d822c58]
[    1.833335]      scan-1142 get_device_data       : No context for object [ffff88040d822c80]
[    1.836669]      scan-1142 get_device_data       : No context for object [ffff88040d822ca8]
[    1.840002]      scan-1142 get_device_data       : No context for object [ffff88040d822cd0]
[    1.845312]      scan-1142 get_device_data       : No context for object [ffff88040d822cf8]
[    1.848781]      scan-1142 get_device_data       : No context for object [ffff88040d822d20]
[    1.853334]      scan-1142 get_device_data       : No context for object [ffff88040d822d48]
[    1.856668]      scan-1142 get_device_data       : No context for object [ffff88040d822d70]
[    1.858643]      scan-1142 get_device_data       : No context for object [ffff88040d822d98]
[    1.866668]      scan-1142 get_device_data       : No context for object [ffff88040d837438]
[    1.870001]      scan-1142 get_device_data       : No context for object [ffff88040d822dc0]
[    1.872059]     utils-0051 util_eval_error       : Evaluate [\_SB_.PCI0.PB2_.HDAU._STA]: AE_NOT_FOUND
[    1.878668] device: 'device:02': device_add
[    1.880003] bus: 'acpi': add device device:02
[    1.882052]      scan-1934 add_single_object     : Added device:02 [\_SB_.PCI0.PB2_.HDAU] parent device:00
[    1.886670]      scan-1142 get_device_data       : No context for object [ffff88040d822de8]
[    1.890002]      scan-1142 get_device_data       : No context for object [ffff88040d822e10]
[    1.891984]      scan-1142 get_device_data       : No context for object [ffff88040d822e38]
[    1.898814]      scan-1142 get_device_data       : No context for object [ffff88040d822e60]
[    1.903335]      scan-1142 get_device_data       : No context for object [ffff88040d822e88]
[    1.906668]      scan-1142 get_device_data       : No context for object [ffff88040d822eb0]
[    1.910002]      scan-1142 get_device_data       : No context for object [ffff88040d822ed8]
[    1.915480]     utils-0051 util_eval_error       : Evaluate [\_SB_.PCI0.PB3_._STA]: AE_NOT_FOUND
[    1.918820] device: 'device:03': device_add
[    1.920003] bus: 'acpi': add device device:03
[    1.923352]      scan-1934 add_single_object     : Added device:03 [\_SB_.PCI0.PB3_] parent PNP0A08:00
[    1.926670]      scan-1142 get_device_data       : No context for object [ffff88040d822f00]
[    1.930001]      scan-1142 get_device_data       : No context for object [ffff88040d822f28]
[    1.935427]      scan-1142 get_device_data       : No context for object [ffff88040d822f50]
[    1.938783]      scan-1142 get_device_data       : No context for object [ffff88040d822f78]
[    1.943334]      scan-1142 get_device_data       : No context for object [ffff88040d822fa0]
[    1.946669]      scan-1142 get_device_data       : No context for object [ffff88040d822fc8]
[    1.950001]      scan-1142 get_device_data       : No context for object [ffff88040d823000]
[    1.955447]      scan-1142 get_device_data       : No context for object [ffff88040d823028]
[    1.958677]      scan-1142 get_device_data       : No context for object [ffff88040d823050]
[    1.963335]      scan-1142 get_device_data       : No context for object [ffff88040d823078]
[    1.966668]      scan-1142 get_device_data       : No context for object [ffff88040d8230a0]
[    1.970001]      scan-1142 get_device_data       : No context for object [ffff88040d8230c8]
[    1.975397]      scan-1142 get_device_data       : No context for object [ffff88040d8230f0]
[    1.978616]      scan-1142 get_device_data       : No context for object [ffff88040d823118]
[    1.983334]      scan-1142 get_device_data       : No context for object [ffff88040d823140]
[    1.986668]      scan-1142 get_device_data       : No context for object [ffff88040d823168]
[    1.990001]      scan-1142 get_device_data       : No context for object [ffff88040d823190]
[    1.995313]      scan-1142 get_device_data       : No context for object [ffff88040d8231b8]
[    1.998791]      scan-1142 get_device_data       : No context for object [ffff88040d8231e0]
[    2.003334]      scan-1142 get_device_data       : No context for object [ffff88040d823208]
[    2.006668]      scan-1142 get_device_data       : No context for object [ffff88040d823230]
[    2.008562]      scan-1142 get_device_data       : No context for object [ffff88040d823258]
[    2.015426]      scan-1142 get_device_data       : No context for object [ffff88040d823280]
[    2.016668]      scan-1142 get_device_data       : No context for object [ffff88040d8232a8]
[    2.023335]      scan-1142 get_device_data       : No context for object [ffff88040d8232d0]
[    2.026669]      scan-1142 get_device_data       : No context for object [ffff88040d8232f8]
[    2.028807]      scan-1142 get_device_data       : No context for object [ffff88040d823320]
[    2.035478]      scan-1142 get_device_data       : No context for object [ffff88040d823348]
[    2.040001]      scan-1142 get_device_data       : No context for object [ffff88040d823370]
[    2.043335]      scan-1142 get_device_data       : No context for object [ffff88040d823398]
[    2.046669]      scan-1142 get_device_data       : No context for object [ffff88040d8233c0]
[    2.052143]     utils-0051 util_eval_error       : Evaluate [\_SB_.PCI0.PB3_.VGA_._STA]: AE_NOT_FOUND
[    2.053353]     video-0058 backlight_cap_match   : Found generic backlight support
[    2.060008] device: 'LNXVIDEO:00': device_add
[    2.061887] bus: 'acpi': add device LNXVIDEO:00
[    2.063351]      scan-1934 add_single_object     : Added LNXVIDEO:00 [\_SB_.PCI0.PB3_.VGA_] parent device:03
[    2.065401]      scan-1142 get_device_data       : No context for object [ffff88040d8233e8]
[    2.072134]      scan-1142 get_device_data       : No context for object [ffff88040d823410]
[    2.076669]      scan-1142 get_device_data       : No context for object [ffff88040d823438]
[    2.080002]      scan-1142 get_device_data       : No context for object [ffff88040d823460]
[    2.083335]      scan-1142 get_device_data       : No context for object [ffff88040d823488]
[    2.088812]      scan-1142 get_device_data       : No context for object [ffff88040d8234b0]
[    2.092078]      scan-1142 get_device_data       : No context for object [ffff88040d8234d8]
[    2.096669]      scan-1142 get_device_data       : No context for object [ffff88040d823500]
[    2.100001]      scan-1142 get_device_data       : No context for object [ffff88040d823528]
[    2.103334]      scan-1142 get_device_data       : No context for object [ffff88040d823550]
[    2.108787]      scan-1142 get_device_data       : No context for object [ffff88040d823578]
[    2.111978]      scan-1142 get_device_data       : No context for object [ffff88040d8235a0]
[    2.116668]      scan-1142 get_device_data       : No context for object [ffff88040d8235c8]
[    2.120001]      scan-1142 get_device_data       : No context for object [ffff88040d8235f0]
[    2.125478]      scan-1142 get_device_data       : No context for object [ffff88040d823618]
[    2.128650]      scan-1142 get_device_data       : No context for object [ffff88040d823640]
[    2.133335]      scan-1142 get_device_data       : No context for object [ffff88040d823668]
[    2.136669]      scan-1142 get_device_data       : No context for object [ffff88040d823690]
[    2.140002]      scan-1142 get_device_data       : No context for object [ffff88040d8236b8]
[    2.145287]      scan-1142 get_device_data       : No context for object [ffff88040d8236e0]
[    2.148793]      scan-1142 get_device_data       : No context for object [ffff88040d823708]
[    2.153336]      scan-1142 get_device_data       : No context for object [ffff88040d823730]
[    2.156668]      scan-1142 get_device_data       : No context for object [ffff88040d823758]
[    2.158561]      scan-1142 get_device_data       : No context for object [ffff88040d823780]
[    2.165435]      scan-1142 get_device_data       : No context for object [ffff88040d8237a8]
[    2.166668]      scan-1142 get_device_data       : No context for object [ffff88040d8237d0]
[    2.173334]      scan-1142 get_device_data       : No context for object [ffff88040d8237f8]
[    2.176668]      scan-1142 get_device_data       : No context for object [ffff88040d823820]
[    2.178782]      scan-1142 get_device_data       : No context for object [ffff88040d823848]
[    2.185478]      scan-1142 get_device_data       : No context for object [ffff88040d823870]
[    2.190002]      scan-1142 get_device_data       : No context for object [ffff88040d823898]
[    2.193335]      scan-1142 get_device_data       : No context for object [ffff88040d8238c0]
[    2.196669]      scan-1142 get_device_data       : No context for object [ffff88040d8238e8]
[    2.202143]      scan-1142 get_device_data       : No context for object [ffff88040d823910]
[    2.203334]      scan-1142 get_device_data       : No context for object [ffff88040d823938]
[    2.210001]      scan-1142 get_device_data       : No context for object [ffff88040d823960]
[    2.213335]      scan-1142 get_device_data       : No context for object [ffff88040d823988]
[    2.215394]      scan-1142 get_device_data       : No context for object [ffff88040d8239b0]
[    2.222139]      scan-1142 get_device_data       : No context for object [ffff88040d8239d8]
[    2.226668]      scan-1142 get_device_data       : No context for object [ffff88040d837460]
[    2.230001]      scan-1142 get_device_data       : No context for object [ffff88040d83ac08]
[    2.235457]      scan-1142 get_device_data       : No context for object [ffff88040d83ac30]
[    2.238779]      scan-1142 get_device_data       : No context for object [ffff88040d83ac58]
[    2.243336]     utils-0051 util_eval_error       : Evaluate [\_SB_.PCI0.PB3_.VGA_.CRT_._STA]: AE_NOT_FOUND
[    2.246708] device: 'device:04': device_add
[    2.248742] bus: 'acpi': add device device:04
[    2.250016]      scan-1934 add_single_object     : Added device:04 [\_SB_.PCI0.PB3_.VGA_.CRT_] parent LNXVIDEO:00
[    2.255471]      scan-1142 get_device_data       : No context for object [ffff88040d83ac80]
[    2.258755]      scan-1142 get_device_data       : No context for object [ffff88040d83aca8]
[    2.263334]      scan-1142 get_device_data       : No context for object [ffff88040d83acd0]
[    2.266668]      scan-1142 get_device_data       : No context for object [ffff88040d83acf8]
[    2.270001]      scan-1142 get_device_data       : No context for object [ffff88040d83ad20]
[    2.275476]     utils-0051 util_eval_error       : Evaluate [\_SB_.PCI0.PB3_.VGA_.LCD_._STA]: AE_NOT_FOUND
[    2.278680] device: 'device:05': device_add
[    2.280008] bus: 'acpi': add device device:05
[    2.283359]      scan-1934 add_single_object     : Added device:05 [\_SB_.PCI0.PB3_.VGA_.LCD_] parent LNXVIDEO:00
[    2.286672]      scan-1142 get_device_data       : No context for object [ffff88040d83ad48]
[    2.288809]      scan-1142 get_device_data       : No context for object [ffff88040d83ad70]
[    2.295318]      scan-1142 get_device_data       : No context for object [ffff88040d83ad98]
[    2.300002]      scan-1142 get_device_data       : No context for object [ffff88040d83adc0]
[    2.303334]      scan-1142 get_device_data       : No context for object [ffff88040d83ade8]
[    2.306668]      scan-1142 get_device_data       : No context for object [ffff88040d83ae10]
[    2.311983]      scan-1142 get_device_data       : No context for object [ffff88040d83ae38]
[    2.315477]      scan-1142 get_device_data       : No context for object [ffff88040d83ae60]
[    2.320002]     utils-0051 util_eval_error       : Evaluate [\_SB_.PCI0.PB3_.VGA_.TV0_._STA]: AE_NOT_FOUND
[    2.323371] device: 'device:06': device_add
[    2.323371] bus: 'acpi': add device device:06
[    2.326672]      scan-1934 add_single_object     : Added device:06 [\_SB_.PCI0.PB3_.VGA_.TV0_] parent LNXVIDEO:00
[    2.332138]      scan-1142 get_device_data       : No context for object [ffff88040d83ae88]
[    2.333335]      scan-1142 get_device_data       : No context for object [ffff88040d83aeb0]
[    2.340002]      scan-1142 get_device_data       : No context for object [ffff88040d83aed8]
[    2.343335]      scan-1142 get_device_data       : No context for object [ffff88040d83af00]
[    2.345404]      scan-1142 get_device_data       : No context for object [ffff88040d83af28]
[    2.352135]     utils-0051 util_eval_error       : Evaluate [\_SB_.PCI0.PB3_.VGA_.HDMI._STA]: AE_NOT_FOUND
[    2.356695] device: 'device:07': device_add
[    2.358734] bus: 'acpi': add device device:07
[    2.360018]      scan-1934 add_single_object     : Added device:07 [\_SB_.PCI0.PB3_.VGA_.HDMI] parent LNXVIDEO:00
[    2.363339]      scan-1142 get_device_data       : No context for object [ffff88040d83af50]
[    2.368765]      scan-1142 get_device_data       : No context for object [ffff88040d83af78]
[    2.372141]      scan-1142 get_device_data       : No context for object [ffff88040d83afa0]
[    2.376668]      scan-1142 get_device_data       : No context for object [ffff88040d83afc8]
[    2.380001]      scan-1142 get_device_data       : No context for object [ffff88040d823a00]
[    2.383336]     utils-0051 util_eval_error       : Evaluate [\_SB_.PCI0.PB3_.HDAU._STA]: AE_NOT_FOUND
[    2.388830] device: 'device:08': device_add
[    2.390005] bus: 'acpi': add device device:08
[    2.390025]      scan-1934 add_single_object     : Added device:08 [\_SB_.PCI0.PB3_.HDAU] parent device:03
[    2.396670]      scan-1142 get_device_data       : No context for object [ffff88040d823a28]
[    2.400002]      scan-1142 get_device_data       : No context for object [ffff88040d823a50]
[    2.402144]      scan-1142 get_device_data       : No context for object [ffff88040d823a78]
[    2.408812]      scan-1142 get_device_data       : No context for object [ffff88040d823aa0]
[    2.413335]      scan-1142 get_device_data       : No context for object [ffff88040d823ac8]
[    2.416669]      scan-1142 get_device_data       : No context for object [ffff88040d823af0]
[    2.420001]      scan-1142 get_device_data       : No context for object [ffff88040d823b18]
[    2.425470]     utils-0051 util_eval_error       : Evaluate [\_SB_.PCI0.PB4_._STA]: AE_NOT_FOUND
[    2.428686] device: 'device:09': device_add
[    2.430003] bus: 'acpi': add device device:09
[    2.433349]      scan-1934 add_single_object     : Added device:09 [\_SB_.PCI0.PB4_] parent PNP0A08:00
[    2.436670]      scan-1142 get_device_data       : No context for object [ffff88040d823b40]
[    2.440002]      scan-1142 get_device_data       : No context for object [ffff88040d823b68]
[    2.445312]      scan-1142 get_device_data       : No context for object [ffff88040d823b90]
[    2.448763]      scan-1142 get_device_data       : No context for object [ffff88040d823bb8]
[    2.453335]      scan-1142 get_device_data       : No context for object [ffff88040d823be0]
[    2.456669]      scan-1142 get_device_data       : No context for object [ffff88040d823c08]
[    2.461977]      scan-1142 get_device_data       : No context for object [ffff88040d823c30]
[    2.465466]      scan-1142 get_device_data       : No context for object [ffff88040d823c58]
[    2.470001]      scan-1142 get_device_data       : No context for object [ffff88040d823c80]
[    2.473334]      scan-1142 get_device_data       : No context for object [ffff88040d823ca8]
[    2.476668]      scan-1142 get_device_data       : No context for object [ffff88040d823cd0]
[    2.482082]      scan-1142 get_device_data       : No context for object [ffff88040d823cf8]
[    2.485475]      scan-1142 get_device_data       : No context for object [ffff88040d823d20]
[    2.490001]      scan-1142 get_device_data       : No context for object [ffff88040d823d48]
[    2.493335]      scan-1142 get_device_data       : No context for object [ffff88040d823d70]
[    2.496669]      scan-1142 get_device_data       : No context for object [ffff88040d823d98]
[    2.502146]      scan-1142 get_device_data       : No context for object [ffff88040d823dc0]
[    2.506669]      scan-1142 get_device_data       : No context for object [ffff88040d823de8]
[    2.510002]      scan-1142 get_device_data       : No context for object [ffff88040d823e10]
[    2.513335]      scan-1142 get_device_data       : No context for object [ffff88040d823e38]
[    2.515465]      scan-1142 get_device_data       : No context for object [ffff88040d823e60]
[    2.522143]      scan-1142 get_device_data       : No context for object [ffff88040d823e88]
[    2.526668]      scan-1142 get_device_data       : No context for object [ffff88040d823eb0]
[    2.530002]      scan-1142 get_device_data       : No context for object [ffff88040d823ed8]
[    2.533334]      scan-1142 get_device_data       : No context for object [ffff88040d823f00]
[    2.538807]      scan-1142 get_device_data       : No context for object [ffff88040d823f28]
[    2.540002]      scan-1142 get_device_data       : No context for object [ffff88040d823f50]
[    2.546668]      scan-1142 get_device_data       : No context for object [ffff88040d823f78]
[    2.550001]      scan-1142 get_device_data       : No context for object [ffff88040d823fa0]
[    2.552144]      scan-1142 get_device_data       : No context for object [ffff88040d823fc8]
[    2.558810]      scan-1142 get_device_data       : No context for object [ffff88040d825000]
[    2.563337]     utils-0051 util_eval_error       : Evaluate [\_SB_.PCI0.PB4_.XPDV._STA]: AE_NOT_FOUND
[    2.566704] device: 'device:0a': device_add
[    2.568743] bus: 'acpi': add device device:0a
[    2.570028]      scan-1934 add_single_object     : Added device:0a [\_SB_.PCI0.PB4_.XPDV] parent device:09
[    2.575434]      scan-1142 get_device_data       : No context for object [ffff88040d825028]
[    2.578628]      scan-1142 get_device_data       : No context for object [ffff88040d825050]
[    2.583335]      scan-1142 get_device_data       : No context for object [ffff88040d825078]
[    2.586668]      scan-1142 get_device_data       : No context for object [ffff88040d8250a0]
[    2.590001]      scan-1142 get_device_data       : No context for object [ffff88040d8250c8]
[    2.596145]      scan-1142 get_device_data       : No context for object [ffff88040d837500]
[    2.600001]      scan-1142 get_device_data       : No context for object [ffff88040d8250f0]
[    2.603334]      scan-1142 get_device_data       : No context for object [ffff88040d825118]
[    2.605454]     utils-0051 util_eval_error       : Evaluate [\_SB_.PCI0.PB5_._STA]: AE_NOT_FOUND
[    2.611977] device: 'device:0b': device_add
[    2.613336] bus: 'acpi': add device device:0b
[    2.613349]      scan-1934 add_single_object     : Added device:0b [\_SB_.PCI0.PB5_] parent PNP0A08:00
[    2.620003]      scan-1142 get_device_data       : No context for object [ffff88040d825140]
[    2.623334]      scan-1142 get_device_data       : No context for object [ffff88040d825168]
[    2.628658]      scan-1142 get_device_data       : No context for object [ffff88040d825190]
[    2.632076]      scan-1142 get_device_data       : No context for object [ffff88040d8251b8]
[    2.636668]      scan-1142 get_device_data       : No context for object [ffff88040d8251e0]
[    2.640001]      scan-1142 get_device_data       : No context for object [ffff88040d825208]
[    2.643335]      scan-1142 get_device_data       : No context for object [ffff88040d825230]
[    2.648659]      scan-1142 get_device_data       : No context for object [ffff88040d825258]
[    2.652121]      scan-1142 get_device_data       : No context for object [ffff88040d825280]
[    2.656669]      scan-1142 get_device_data       : No context for object [ffff88040d8252a8]
[    2.660002]      scan-1142 get_device_data       : No context for object [ffff88040d8252d0]
[    2.663335]      scan-1142 get_device_data       : No context for object [ffff88040d8252f8]
[    2.668812]      scan-1142 get_device_data       : No context for object [ffff88040d825320]
[    2.672140]      scan-1142 get_device_data       : No context for object [ffff88040d825348]
[    2.676668]      scan-1142 get_device_data       : No context for object [ffff88040d825370]
[    2.680002]      scan-1142 get_device_data       : No context for object [ffff88040d825398]
[    2.683335]      scan-1142 get_device_data       : No context for object [ffff88040d8253c0]
[    2.688805]      scan-1142 get_device_data       : No context for object [ffff88040d8253e8]
[    2.693335]      scan-1142 get_device_data       : No context for object [ffff88040d825410]
[    2.696668]      scan-1142 get_device_data       : No context for object [ffff88040d825438]
[    2.700002]      scan-1142 get_device_data       : No context for object [ffff88040d825460]
[    2.705479]      scan-1142 get_device_data       : No context for object [ffff88040d825488]
[    2.708811]      scan-1142 get_device_data       : No context for object [ffff88040d8254b0]
[    2.713335]      scan-1142 get_device_data       : No context for object [ffff88040d8254d8]
[    2.716669]      scan-1142 get_device_data       : No context for object [ffff88040d825500]
[    2.720002]      scan-1142 get_device_data       : No context for object [ffff88040d825528]
[    2.725446]      scan-1142 get_device_data       : No context for object [ffff88040d825550]
[    2.728599]      scan-1142 get_device_data       : No context for object [ffff88040d825578]
[    2.733335]      scan-1142 get_device_data       : No context for object [ffff88040d8255a0]
[    2.736668]      scan-1142 get_device_data       : No context for object [ffff88040d8255c8]
[    2.738725]      scan-1142 get_device_data       : No context for object [ffff88040d8255f0]
[    2.745309]     utils-0051 util_eval_error       : Evaluate [\_SB_.PCI0.PB5_.XPDV._STA]: AE_NOT_FOUND
[    2.748761] device: 'device:0c': device_add
[    2.750003] bus: 'acpi': add device device:0c
[    2.753349]      scan-1934 add_single_object     : Added device:0c [\_SB_.PCI0.PB5_.XPDV] parent device:0b
[    2.756672]      scan-1142 get_device_data       : No context for object [ffff88040d825618]
[    2.761989]      scan-1142 get_device_data       : No context for object [ffff88040d825640]
[    2.765409]      scan-1142 get_device_data       : No context for object [ffff88040d825668]
[    2.770002]      scan-1142 get_device_data       : No context for object [ffff88040d825690]
[    2.773335]      scan-1142 get_device_data       : No context for object [ffff88040d8256b8]
[    2.776669]      scan-1142 get_device_data       : No context for object [ffff88040d837528]
[    2.782037]      scan-1142 get_device_data       : No context for object [ffff88040d8256e0]
[    2.785477]      scan-1142 get_device_data       : No context for object [ffff88040d825708]
[    2.790002]     utils-0051 util_eval_error       : Evaluate [\_SB_.PCI0.PB6_._STA]: AE_NOT_FOUND
[    2.793413] device: 'device:0d': device_add
[    2.795241] bus: 'acpi': add device device:0d
[    2.796685]      scan-1934 add_single_object     : Added device:0d [\_SB_.PCI0.PB6_] parent PNP0A08:00
[    2.802145]      scan-1142 get_device_data       : No context for object [ffff88040d825730]
[    2.803337]      scan-1142 get_device_data       : No context for object [ffff88040d825758]
[    2.810002]      scan-1142 get_device_data       : No context for object [ffff88040d825780]
[    2.813334]      scan-1142 get_device_data       : No context for object [ffff88040d8257a8]
[    2.815384]      scan-1142 get_device_data       : No context for object [ffff88040d8257d0]
[    2.822134]      scan-1142 get_device_data       : No context for object [ffff88040d8257f8]
[    2.826669]      scan-1142 get_device_data       : No context for object [ffff88040d825820]
[    2.830002]      scan-1142 get_device_data       : No context for object [ffff88040d825848]
[    2.833335]      scan-1142 get_device_data       : No context for object [ffff88040d825870]
[    2.835452]      scan-1142 get_device_data       : No context for object [ffff88040d825898]
[    2.842097]      scan-1142 get_device_data       : No context for object [ffff88040d8258c0]
[    2.846669]      scan-1142 get_device_data       : No context for object [ffff88040d8258e8]
[    2.850002]      scan-1142 get_device_data       : No context for object [ffff88040d825910]
[    2.853334]      scan-1142 get_device_data       : No context for object [ffff88040d825938]
[    2.858808]      scan-1142 get_device_data       : No context for object [ffff88040d825960]
[    2.861984]      scan-1142 get_device_data       : No context for object [ffff88040d825988]
[    2.866668]      scan-1142 get_device_data       : No context for object [ffff88040d8259b0]
[    2.870001]      scan-1142 get_device_data       : No context for object [ffff88040d8259d8]
[    2.873334]      scan-1142 get_device_data       : No context for object [ffff88040d825a00]
[    2.878650]      scan-1142 get_device_data       : No context for object [ffff88040d825a28]
[    2.882090]      scan-1142 get_device_data       : No context for object [ffff88040d825a50]
[    2.886669]      scan-1142 get_device_data       : No context for object [ffff88040d825a78]
[    2.890002]      scan-1142 get_device_data       : No context for object [ffff88040d825aa0]
[    2.895339]      scan-1142 get_device_data       : No context for object [ffff88040d825ac8]
[    2.898731]      scan-1142 get_device_data       : No context for object [ffff88040d825af0]
[    2.903335]      scan-1142 get_device_data       : No context for object [ffff88040d825b18]
[    2.906668]      scan-1142 get_device_data       : No context for object [ffff88040d825b40]
[    2.910001]      scan-1142 get_device_data       : No context for object [ffff88040d825b68]
[    2.915343]      scan-1142 get_device_data       : No context for object [ffff88040d825b90]
[    2.918791]      scan-1142 get_device_data       : No context for object [ffff88040d825bb8]
[    2.923336]      scan-1142 get_device_data       : No context for object [ffff88040d825be0]
[    2.926669]     utils-0051 util_eval_error       : Evaluate [\_SB_.PCI0.PB6_.XPDV._STA]: AE_NOT_FOUND
[    2.930036] device: 'device:0e': device_add
[    2.933336] bus: 'acpi': add device device:0e
[    2.935352]      scan-1934 add_single_object     : Added device:0e [\_SB_.PCI0.PB6_.XPDV] parent device:0d
[    2.938790]      scan-1142 get_device_data       : No context for object [ffff88040d825c08]
[    2.943334]      scan-1142 get_device_data       : No context for object [ffff88040d825c30]
[    2.946668]      scan-1142 get_device_data       : No context for object [ffff88040d825c58]
[    2.950001]      scan-1142 get_device_data       : No context for object [ffff88040d825c80]
[    2.955474]      scan-1142 get_device_data       : No context for object [ffff88040d825ca8]
[    2.960002]      scan-1142 get_device_data       : No context for object [ffff88040d837550]
[    2.963334]      scan-1142 get_device_data       : No context for object [ffff88040d825cd0]
[    2.968809]      scan-1142 get_device_data       : No context for object [ffff88040d825cf8]
[    2.972145]     utils-0051 util_eval_error       : Evaluate [\_SB_.PCI0.PB7_._STA]: AE_NOT_FOUND
[    2.976767] device: 'device:0f': device_add
[    2.978602] bus: 'acpi': add device device:0f
[    2.980026]      scan-1934 add_single_object     : Added device:0f [\_SB_.PCI0.PB7_] parent PNP0A08:00
[    2.982068]      scan-1142 get_device_data       : No context for object [ffff88040d825d20]
[    2.988812]      scan-1142 get_device_data       : No context for object [ffff88040d825d48]
[    2.993334]      scan-1142 get_device_data       : No context for object [ffff88040d825d70]
[    2.996668]      scan-1142 get_device_data       : No context for object [ffff88040d825d98]
[    3.000001]      scan-1142 get_device_data       : No context for object [ffff88040d825dc0]
[    3.005453]      scan-1142 get_device_data       : No context for object [ffff88040d825de8]
[    3.008802]      scan-1142 get_device_data       : No context for object [ffff88040d825e10]
[    3.013334]      scan-1142 get_device_data       : No context for object [ffff88040d825e38]
[    3.016668]      scan-1142 get_device_data       : No context for object [ffff88040d825e60]
[    3.020001]      scan-1142 get_device_data       : No context for object [ffff88040d825e88]
[    3.025476]      scan-1142 get_device_data       : No context for object [ffff88040d825eb0]
[    3.026669]      scan-1142 get_device_data       : No context for object [ffff88040d825ed8]
[    3.033335]      scan-1142 get_device_data       : No context for object [ffff88040d825f00]
[    3.036669]      scan-1142 get_device_data       : No context for object [ffff88040d825f28]
[    3.038812]      scan-1142 get_device_data       : No context for object [ffff88040d825f50]
[    3.045316]      scan-1142 get_device_data       : No context for object [ffff88040d825f78]
[    3.050002]      scan-1142 get_device_data       : No context for object [ffff88040d825fa0]
[    3.053334]      scan-1142 get_device_data       : No context for object [ffff88040d825fc8]
[    3.056668]      scan-1142 get_device_data       : No context for object [ffff88040d827000]
[    3.062002]      scan-1142 get_device_data       : No context for object [ffff88040d827028]
[    3.065387]      scan-1142 get_device_data       : No context for object [ffff88040d827050]
[    3.070001]      scan-1142 get_device_data       : No context for object [ffff88040d827078]
[    3.073334]      scan-1142 get_device_data       : No context for object [ffff88040d8270a0]
[    3.075330]      scan-1142 get_device_data       : No context for object [ffff88040d8270c8]
[    3.082017]      scan-1142 get_device_data       : No context for object [ffff88040d8270f0]
[    3.083335]      scan-1142 get_device_data       : No context for object [ffff88040d827118]
[    3.090002]      scan-1142 get_device_data       : No context for object [ffff88040d827140]
[    3.093335]      scan-1142 get_device_data       : No context for object [ffff88040d827168]
[    3.098607]      scan-1142 get_device_data       : No context for object [ffff88040d827190]
[    3.102137]      scan-1142 get_device_data       : No context for object [ffff88040d8271b8]
[    3.106668]      scan-1142 get_device_data       : No context for object [ffff88040d8271e0]
[    3.110002]     utils-0051 util_eval_error       : Evaluate [\_SB_.PCI0.PB7_.XPDV._STA]: AE_NOT_FOUND
[    3.113364] device: 'device:10': device_add
[    3.116669] bus: 'acpi': add device device:10
[    3.118722]      scan-1934 add_single_object     : Added device:10 [\_SB_.PCI0.PB7_.XPDV] parent device:0f
[    3.122145]      scan-1142 get_device_data       : No context for object [ffff88040d827208]
[    3.126668]      scan-1142 get_device_data       : No context for object [ffff88040d827230]
[    3.130001]      scan-1142 get_device_data       : No context for object [ffff88040d827258]
[    3.133334]      scan-1142 get_device_data       : No context for object [ffff88040d827280]
[    3.138810]      scan-1142 get_device_data       : No context for object [ffff88040d8272a8]
[    3.143335]      scan-1142 get_device_data       : No context for object [ffff88040d837488]
[    3.146669]      scan-1142 get_device_data       : No context for object [ffff88040d8272d0]
[    3.150002]      scan-1142 get_device_data       : No context for object [ffff88040d8272f8]
[    3.155479]     utils-0051 util_eval_error       : Evaluate [\_SB_.PCI0.OHC1._STA]: AE_NOT_FOUND
[    3.158791] device: 'device:11': device_add
[    3.160003] bus: 'acpi': add device device:11
[    3.163349]      scan-1934 add_single_object     : Added device:11 [\_SB_.PCI0.OHC1] parent PNP0A08:00
[    3.166670]      scan-1142 get_device_data       : No context for object [ffff88040d827320]
[    3.170001]      scan-1142 get_device_data       : No context for object [ffff88040d827348]
[    3.175463]      scan-1142 get_device_data       : No context for object [ffff88040d83b2f8]
[    3.178594]     utils-0051 util_eval_error       : Evaluate [\_SB_.PCI0.OHC1.RHUB._STA]: AE_NOT_FOUND
[    3.183356] device: 'device:12': device_add
[    3.185391] bus: 'acpi': add device device:12
[    3.186683]      scan-1934 add_single_object     : Added device:12 [\_SB_.PCI0.OHC1.RHUB] parent device:11
[    3.190005]      scan-1142 get_device_data       : No context for object [ffff88040d83b320]
[    3.195357]      scan-1142 get_device_data       : No context for object [ffff88040d83b348]
[    3.198684]     utils-0051 util_eval_error       : Evaluate [\_SB_.PCI0.OHC1.RHUB.PRT3._STA]: AE_NOT_FOUND
[    3.203371] device: 'device:13': device_add
[    3.205411] bus: 'acpi': add device device:13
[    3.206694]      scan-1934 add_single_object     : Added device:13 [\_SB_.PCI0.OHC1.RHUB.PRT3] parent device:12
[    3.208738]      scan-1142 get_device_data       : No context for object [ffff88040d83b370]
[    3.215343]      scan-1142 get_device_data       : No context for object [ffff88040d83b398]
[    3.220001]      scan-1142 get_device_data       : No context for object [ffff88040d83b3c0]
[    3.223334]      scan-1142 get_device_data       : No context for object [ffff88040d83b3e8]
[    3.226669]     utils-0051 util_eval_error       : Evaluate [\_SB_.PCI0.OHC1.RHUB.PRT4._STA]: AE_NOT_FOUND
[    3.232000] device: 'device:14': device_add
[    3.233336] bus: 'acpi': add device device:14
[    3.235386]      scan-1934 add_single_object     : Added device:14 [\_SB_.PCI0.OHC1.RHUB.PRT4] parent device:12
[    3.240003]      scan-1142 get_device_data       : No context for object [ffff88040d83b410]
[    3.243335]      scan-1142 get_device_data       : No context for object [ffff88040d83b438]
[    3.246669]      scan-1142 get_device_data       : No context for object [ffff88040d83b460]
[    3.252146]      scan-1142 get_device_data       : No context for object [ffff88040d827370]
[    3.253337]     utils-0051 util_eval_error       : Evaluate [\_SB_.PCI0.EHC1._STA]: AE_NOT_FOUND
[    3.260047] device: 'device:15': device_add
[    3.261910] bus: 'acpi': add device device:15
[    3.263359]      scan-1934 add_single_object     : Added device:15 [\_SB_.PCI0.EHC1] parent PNP0A08:00
[    3.265400]      scan-1142 get_device_data       : No context for object [ffff88040d827398]
[    3.272099]      scan-1142 get_device_data       : No context for object [ffff88040d8273c0]
[    3.276668]      scan-1142 get_device_data       : No context for object [ffff88040d83b028]
[    3.280004]     utils-0051 util_eval_error       : Evaluate [\_SB_.PCI0.EHC1.RHUB._STA]: AE_NOT_FOUND
[    3.283363] device: 'device:16': device_add
[    3.286671] bus: 'acpi': add device device:16
[    3.288687]      scan-1934 add_single_object     : Added device:16 [\_SB_.PCI0.EHC1.RHUB] parent device:15
[    3.292122]      scan-1142 get_device_data       : No context for object [ffff88040d83b050]
[    3.296668]      scan-1142 get_device_data       : No context for object [ffff88040d83b078]
[    3.300002]     utils-0051 util_eval_error       : Evaluate [\_SB_.PCI0.EHC1.RHUB.PRT3._STA]: AE_NOT_FOUND
[    3.303356] device: 'device:17': device_add
[    3.306669] bus: 'acpi': add device device:17
[    3.308719]      scan-1934 add_single_object     : Added device:17 [\_SB_.PCI0.EHC1.RHUB.PRT3] parent device:16
[    3.312004]      scan-1142 get_device_data       : No context for object [ffff88040d83b0a0]
[    3.316668]      scan-1142 get_device_data       : No context for object [ffff88040d83b0c8]
[    3.320002]      scan-1142 get_device_data       : No context for object [ffff88040d83b0f0]
[    3.323335]      scan-1142 get_device_data       : No context for object [ffff88040d83b118]
[    3.326670]     utils-0051 util_eval_error       : Evaluate [\_SB_.PCI0.EHC1.RHUB.PRT4._STA]: AE_NOT_FOUND
[    3.333371] device: 'device:18': device_add
[    3.335410] bus: 'acpi': add device device:18
[    3.336694]      scan-1934 add_single_object     : Added device:18 [\_SB_.PCI0.EHC1.RHUB.PRT4] parent device:16
[    3.342149]      scan-1142 get_device_data       : No context for object [ffff88040d83b140]
[    3.345336]      scan-1142 get_device_data       : No context for object [ffff88040d83b168]
[    3.350002]      scan-1142 get_device_data       : No context for object [ffff88040d83b190]
[    3.353335]      scan-1142 get_device_data       : No context for object [ffff88040d8273e8]
[    3.356669]     utils-0051 util_eval_error       : Evaluate [\_SB_.PCI0.OHC2._STA]: AE_NOT_FOUND
[    3.362118] device: 'device:19': device_add
[    3.363336] bus: 'acpi': add device device:19
[    3.365254]      scan-1934 add_single_object     : Added device:19 [\_SB_.PCI0.OHC2] parent PNP0A08:00
[    3.370003]      scan-1142 get_device_data       : No context for object [ffff88040d827410]
[    3.373335]      scan-1142 get_device_data       : No context for object [ffff88040d827438]
[    3.375414]      scan-1142 get_device_data       : No context for object [ffff88040d83b488]
[    3.381968]     utils-0051 util_eval_error       : Evaluate [\_SB_.PCI0.OHC2.RHUB._STA]: AE_NOT_FOUND
[    3.383371] device: 'device:1a': device_add
[    3.385380] bus: 'acpi': add device device:1a
[    3.390025]      scan-1934 add_single_object     : Added device:1a [\_SB_.PCI0.OHC2.RHUB] parent device:19
[    3.393339]      scan-1142 get_device_data       : No context for object [ffff88040d83b4b0]
[    3.395297]      scan-1142 get_device_data       : No context for object [ffff88040d83b4d8]
[    3.402124]     utils-0051 util_eval_error       : Evaluate [\_SB_.PCI0.OHC2.RHUB.PRT4._STA]: AE_NOT_FOUND
[    3.406690] device: 'device:1b': device_add
[    3.408727] bus: 'acpi': add device device:1b
[    3.410017]      scan-1934 add_single_object     : Added device:1b [\_SB_.PCI0.OHC2.RHUB.PRT4] parent device:1a
[    3.413337]      scan-1142 get_device_data       : No context for object [ffff88040d83b500]
