[    0.000000] Initializing cgroup subsys cpuset
[    0.000000] Initializing cgroup subsys cpu
[    0.000000] Initializing cgroup subsys cpuacct
[    0.000000] Linux version 3.17.0-rc5-g9e82bf0 (emacs@manji) (gcc version 4.9.1 (GCC) ) #94 SMP Mon Sep 15 21:15:56 CEST 2014
[    0.000000] Command line: BOOT_IMAGE=/vmlinuz-linux-git root=UUID=bfa4ab6e-19a3-4601-ba2b-267c55841c73 rw cryptdevice=/dev/disk/by-uuid/70c08890-417a-497d-b6ab-c0d0357a63e2:cryptManjaro:allow-discards ipv6.disable=1 pnp.debug=1 loglevel=9 log_buf_len=10M printk.always_kmsg_dump=y printk.time=y mminit_loglevel=0 memory_corruption_check=1 acpi.debug_layer=0xfbff0000 acpi.debug_level=0xFFFFFFFD nohz=on rcu_nocbs=1-3 pcie_aspm=force fbcon=scrollback:4096k fbcon=font:ProFont6x11 radeon.audio=0 radeon.lockup_timeout=0 radeon.test=0 radeon.agpmode=-1 radeon.benchmark=0 radeon.tv=0 radeon.hard_reset=1 radeon.aspm=1 radeon.dpm=1 radeon.msi=1 radeon.pcie_gen2=-1 radeon.no_wb=1 radeon.modeset=1 radeon.dynclks=1 radeon.r4xx_atom=0 radeon.runpm=0 radeonfb radeon.fastfb=1 nomodeset apic=debug earlyprintk=vga,dbgp,keep
[    0.000000] KERNEL supported cpus:
[    0.000000]   AMD AuthenticAMD
[    0.000000] tseg: 00bfe00000
[    0.000000] e820: BIOS-provided physical RAM map:
[    0.000000] BIOS-e820: [mem 0x0000000000000000-0x000000000009d7ff] usable
[    0.000000] BIOS-e820: [mem 0x000000000009d800-0x000000000009ffff] reserved
[    0.000000] BIOS-e820: [mem 0x00000000000e0000-0x00000000000fffff] reserved
[    0.000000] BIOS-e820: [mem 0x0000000000100000-0x00000000bed9afff] usable
[    0.000000] BIOS-e820: [mem 0x00000000bed9b000-0x00000000bf39afff] reserved
[    0.000000] BIOS-e820: [mem 0x00000000bf39b000-0x00000000bf49afff] ACPI NVS
[    0.000000] BIOS-e820: [mem 0x00000000bf49b000-0x00000000bf51afff] ACPI data
[    0.000000] BIOS-e820: [mem 0x00000000bf51b000-0x00000000bfdfffff] usable
[    0.000000] BIOS-e820: [mem 0x00000000bfe00000-0x00000000bfffffff] reserved
[    0.000000] BIOS-e820: [mem 0x00000000fec00000-0x00000000fecfffff] reserved
[    0.000000] BIOS-e820: [mem 0x00000000fed80000-0x00000000fed80fff] reserved
[    0.000000] BIOS-e820: [mem 0x00000000ffe00000-0x00000000ffffffff] reserved
[    0.000000] BIOS-e820: [mem 0x0000000100000000-0x000000041effffff] usable
[    0.000000] console [earlyvga0] enabled
[    0.000000] early_pci_allowed
[    0.000000] dbgp_num: 0
[    0.000000] Found EHCI debug port on 00:12.2
[    0.000000] bar: 10 offset: 0e0
[    0.000000] bar_val: f014a900 offset: 0e0
[    0.000000] ehci_bar: ffffffffff5ff900
[    0.000000] dbgp: ehci BIOS state 00010001
[    0.000000] dbgp: BIOS handoff
[    0.000000] disabled EHCI SMI via usb
[    0.000000] debug_port: 1
[    0.000000] n_ports:    5
[    0.000000] dbgp: 
[    0.000000]   Debug control: 00000000  ehci cmd     : 00080b00  ehci conf flg: 00000000
[    0.000000]   ehci status  : 00001000  ehci portsc  : 00003000
[    0.000000] portstatus1: 00003000
[    0.000000] portstatus2: 00003000
[    0.000000] portstatus3: 00003000
[    0.000000] portstatus4: 00003000
[    0.000000] portstatus5: 00003000
[    0.000000] dbgp: ehci reset done
[    0.000000]   Debug control: 00000000  ehci cmd     : 00080b00  ehci conf flg: 00000000
[    0.000000]   ehci status  : 00001000  ehci portsc  : 00003000
[    0.000000] dbgp: EHCI startup
[    0.000000]   Debug control: 40000000  ehci cmd     : 00080b00  ehci conf flg: 00000000
[    0.000000]   ehci status  : 00001000  ehci portsc  : 00003000
[    0.000000] ehci started
[    0.000000] dbgp: reset port
[    0.000000]   Debug control: 40000000  ehci cmd     : 00080b01  ehci conf flg: 00000001
[    0.000000]   ehci status  : 00000000  ehci portsc  : 00001000
[    0.000000] dbgp: Trying to force debug port online
[    0.000000]   Debug control: 40000000  ehci cmd     : 00080b00  ehci conf flg: 00000001
[    0.000000]   ehci status  : 00001008  ehci portsc  : 00041480
[    0.000000] dbgp: ehci reset done
[    0.000000]   Debug control: 00000000  ehci cmd     : 00080b00  ehci conf flg: 00000000
[    0.000000]   ehci status  : 00001000  ehci portsc  : 00003000
[    0.000000] dbgp: EHCI startup
[    0.000000]   Debug control: 40000000  ehci cmd     : 00080b00  ehci conf flg: 00000000
[    0.000000]   ehci status  : 00001000  ehci portsc  : 00003000
[    0.000000] ehci started
[    0.000000] dbgp: reset port
[    0.000000]   Debug control: 40000000  ehci cmd     : 00080b01  ehci conf flg: 00000001
[    0.000000]   ehci status  : 00000000  ehci portsc  : 00001000
[    0.000000] dbgp: EHCI startup
[    0.000000]   Debug control: 40000000  ehci cmd     : 00080b01  ehci conf flg: 00000001
[    0.000000]   ehci status  : 00000008  ehci portsc  : 00001000
[    0.000000] ehci started
[    0.000000] dbgp: reset port
[    0.000000]   Debug control: 40000000  ehci cmd     : 00080b01  ehci conf flg: 00000001
[    0.000000]   ehci status  : 00000008  ehci portsc  : 00001000
[    0.000000] No device found in debug port
[    0.000000] debug_port: 1
[    0.000000] n_ports:    5
[    0.000000] dbgp: 
[    0.000000]   Debug control: 40000000  ehci cmd     : 00080b01  ehci conf flg: 00000001
[    0.000000]   ehci status  : 00000008  ehci portsc  : 00001000
[    0.000000] portstatus1: 00001000
[    0.000000] portstatus2: 00001000
[    0.000000] portstatus3: 00001803
[    0.000000] portstatus4: 00001000
[    0.000000] portstatus5: 00001000
[    0.000000] debug_port: 1
[    0.000000] n_ports:    5
[    0.000000] dbgp: 
[    0.000000]   Debug control: 40000000  ehci cmd     : 00080b01  ehci conf flg: 00000001
[    0.000000]   ehci status  : 00000008  ehci portsc  : 00001000
[    0.000000] portstatus1: 00001000
[    0.000000] portstatus2: 00001000
[    0.000000] portstatus3: 00001803
[    0.000000] portstatus4: 00001000
[    0.000000] portstatus5: 00001000
[    0.000000] dbgp: ehci skip - already configured
[    0.000000]   Debug control: 40000000  ehci cmd     : 00080b01  ehci conf flg: 00000001
[    0.000000]   ehci status  : 00000008  ehci portsc  : 00001000
[    0.000000] dbgp: EHCI startup
[    0.000000]   Debug control: 40000000  ehci cmd     : 00080b01  ehci conf flg: 00000001
[    0.000000]   ehci status  : 00000008  ehci portsc  : 00001000
[    0.000000] ehci started
[    0.000000] dbgp: reset port
[    0.000000]   Debug control: 40000000  ehci cmd     : 00080b01  ehci conf flg: 00000001
[    0.000000]   ehci status  : 00000008  ehci portsc  : 00001000
[    0.000000] dbgp: Trying to force debug port online
[    0.000000]   Debug control: 40000000  ehci cmd     : 00080b00  ehci conf flg: 00000001
[    0.000000]   ehci status  : 00001008  ehci portsc  : 00041080
[    0.000000] dbgp: ehci reset done
[    0.000000]   Debug control: 00000000  ehci cmd     : 00080b00  ehci conf flg: 00000000
[    0.000000]   ehci status  : 00001000  ehci portsc  : 00003000
[    0.000000] dbgp: EHCI startup
[    0.000000]   Debug control: 40000000  ehci cmd     : 00080b00  ehci conf flg: 00000000
[    0.000000]   ehci status  : 00001000  ehci portsc  : 00003000
[    0.000000] ehci started
[    0.000000] dbgp: reset port
[    0.000000]   Debug control: 40000000  ehci cmd     : 00080b01  ehci conf flg: 00000001
[    0.000000]   ehci status  : 00000000  ehci portsc  : 00001000
[    0.000000] dbgp: EHCI startup
[    0.000000]   Debug control: 40000000  ehci cmd     : 00080b01  ehci conf flg: 00000001
[    0.000000]   ehci status  : 00000008  ehci portsc  : 00001000
[    0.000000] ehci started
[    0.000000] dbgp: reset port
[    0.000000]   Debug control: 40000000  ehci cmd     : 00080b01  ehci conf flg: 00000001
[    0.000000]   ehci status  : 00000008  ehci portsc  : 00001000
[    0.000000] No device found in debug port
[    0.000000] debug_port: 1
[    0.000000] n_ports:    5
[    0.000000] dbgp: 
[    0.000000]   Debug control: 40000000  ehci cmd     : 00080b01  ehci conf flg: 00000001
[    0.000000]   ehci status  : 00000008  ehci portsc  : 00001000
[    0.000000] portstatus1: 00001000
[    0.000000] portstatus2: 00001000
[    0.000000] portstatus3: 00001803
[    0.000000] portstatus4: 00001000
[    0.000000] portstatus5: 00001000
[    0.000000] debug_port: 1
[    0.000000] n_ports:    5
[    0.000000] dbgp: 
[    0.000000]   Debug control: 40000000  ehci cmd     : 00080b01  ehci conf flg: 00000001
[    0.000000]   ehci status  : 00000008  ehci portsc  : 00001000
[    0.000000] portstatus1: 00001000
[    0.000000] portstatus2: 00001000
[    0.000000] portstatus3: 00001803
[    0.000000] portstatus4: 00001000
[    0.000000] portstatus5: 00001000
[    0.000000] dbgp: ehci skip - already configured
[    0.000000]   Debug control: 40000000  ehci cmd     : 00080b01  ehci conf flg: 00000001
[    0.000000]   ehci status  : 00000008  ehci portsc  : 00001000
[    0.000000] dbgp: EHCI startup
[    0.000000]   Debug control: 40000000  ehci cmd     : 00080b01  ehci conf flg: 00000001
[    0.000000]   ehci status  : 00000008  ehci portsc  : 00001000
[    0.000000] ehci started
[    0.000000] dbgp: reset port
[    0.000000]   Debug control: 40000000  ehci cmd     : 00080b01  ehci conf flg: 00000001
[    0.000000]   ehci status  : 00000008  ehci portsc  : 00001000
[    0.000000] dbgp: Trying to force debug port online
[    0.000000]   Debug control: 40000000  ehci cmd     : 00080b00  ehci conf flg: 00000001
[    0.000000]   ehci status  : 00001008  ehci portsc  : 00041480
[    0.000000] dbgp: ehci reset done
[    0.000000]   Debug control: 00000000  ehci cmd     : 00080b00  ehci conf flg: 00000000
[    0.000000]   ehci status  : 00001000  ehci portsc  : 00003000
[    0.000000] dbgp: EHCI startup
[    0.000000]   Debug control: 40000000  ehci cmd     : 00080b00  ehci conf flg: 00000000
[    0.000000]   ehci status  : 00001000  ehci portsc  : 00003000
[    0.000000] ehci started
[    0.000000] dbgp: reset port
[    0.000000]   Debug control: 40000000  ehci cmd     : 00080b01  ehci conf flg: 00000001
[    0.000000]   ehci status  : 00000000  ehci portsc  : 00001000
[    0.000000] dbgp: EHCI startup
[    0.000000]   Debug control: 40000000  ehci cmd     : 00080b01  ehci conf flg: 00000001
[    0.000000]   ehci status  : 00000008  ehci portsc  : 00001000
[    0.000000] ehci started
[    0.000000] dbgp: reset port
[    0.000000]   Debug control: 40000000  ehci cmd     : 00080b01  ehci conf flg: 00000001
[    0.000000]   ehci status  : 00000008  ehci portsc  : 00001000
[    0.000000] No device found in debug port
[    0.000000] debug_port: 1
[    0.000000] n_ports:    5
[    0.000000] dbgp: 
[    0.000000]   Debug control: 40000000  ehci cmd     : 00080b01  ehci conf flg: 00000001
[    0.000000]   ehci status  : 00000008  ehci portsc  : 00001000
[    0.000000] portstatus1: 00001000
[    0.000000] portstatus2: 00001000
[    0.000000] portstatus3: 00001803
[    0.000000] portstatus4: 00001000
[    0.000000] portstatus5: 00001000
[    0.000000] ehci_setup failed
[    0.000000] NX (Execute Disable) protection: active
[    0.000000] SMBIOS 2.6 present.
[    0.000000] DMI: LENOVO Sabine/Torpedo, BIOS 54CN18WW 07/20/2011
[    0.000000] e820: update [mem 0x00000000-0x00000fff] usable ==> reserved
[    0.000000] e820: remove [mem 0x000a0000-0x000fffff] usable
[    0.000000] e820: last_pfn = 0x41f000 max_arch_pfn = 0x400000000
[    0.000000] MTRR default type: uncachable
[    0.000000] MTRR fixed ranges enabled:
[    0.000000]   00000-9FFFF write-back
[    0.000000]   A0000-BFFFF uncachable
[    0.000000]   C0000-FFFFF write-protect
[    0.000000] MTRR variable ranges enabled:
[    0.000000]   0 base 0000000000 mask FF80000000 write-back
[    0.000000]   1 base 0080000000 mask FFC0000000 write-back
[    0.000000]   2 base 00FFF90000 mask FFFFFF0000 uncachable
[    0.000000]   3 base 00FED80000 mask 0FFFFFF000 uncachable
[    0.000000]   4 disabled
[    0.000000]   5 disabled
[    0.000000]   6 disabled
[    0.000000]   7 base 00FFE00000 mask FFFFE00000 write-protect
[    0.000000] TOM2: 000000041f000000 aka 16880M
[    0.000000] mtrr: your BIOS has configured an incorrect mask, fixing it.
[    0.000000] e820: last_pfn = 0xbfe00 max_arch_pfn = 0x400000000
[    0.000000] Scan for SMP in [mem 0x00000000-0x000003ff]
[    0.000000] Scan for SMP in [mem 0x0009fc00-0x0009ffff]
[    0.000000] Scan for SMP in [mem 0x000f0000-0x000fffff]
[    0.000000] found SMP MP-table at [mem 0x000fa8b0-0x000fa8bf] mapped at [ffff8800000fa8b0]
[    0.000000]   mpc: fa8c0-faa24
[    0.000000] Base memory trampoline at [ffff880000097000] 97000 size 24576
[    0.000000] Using GB pages for direct mapping
[    0.000000] init_memory_mapping: [mem 0x00000000-0x000fffff]
[    0.000000]  [mem 0x00000000-0x000fffff] page 4k
[    0.000000] BRK [0x01e1e000, 0x01e1efff] PGTABLE
[    0.000000] BRK [0x01e1f000, 0x01e1ffff] PGTABLE
[    0.000000] BRK [0x01e20000, 0x01e20fff] PGTABLE
[    0.000000] init_memory_mapping: [mem 0x41ee00000-0x41effffff]
[    0.000000]  [mem 0x41ee00000-0x41effffff] page 2M
[    0.000000] BRK [0x01e21000, 0x01e21fff] PGTABLE
[    0.000000] init_memory_mapping: [mem 0x41c000000-0x41edfffff]
[    0.000000]  [mem 0x41c000000-0x41edfffff] page 2M
[    0.000000] init_memory_mapping: [mem 0x400000000-0x41bffffff]
[    0.000000]  [mem 0x400000000-0x41bffffff] page 2M
[    0.000000] init_memory_mapping: [mem 0x00100000-0xbed9afff]
[    0.000000]  [mem 0x00100000-0x001fffff] page 4k
[    0.000000]  [mem 0x00200000-0x3fffffff] page 2M
[    0.000000]  [mem 0x40000000-0x7fffffff] page 1G
[    0.000000]  [mem 0x80000000-0xbebfffff] page 2M
[    0.000000]  [mem 0xbec00000-0xbed9afff] page 4k
[    0.000000] init_memory_mapping: [mem 0xbf51b000-0xbfdfffff]
[    0.000000]  [mem 0xbf51b000-0xbf5fffff] page 4k
[    0.000000]  [mem 0xbf600000-0xbfdfffff] page 2M
[    0.000000] BRK [0x01e22000, 0x01e22fff] PGTABLE
[    0.000000] init_memory_mapping: [mem 0x100000000-0x3ffffffff]
[    0.000000]  [mem 0x100000000-0x3ffffffff] page 1G
[    0.000000] log_buf_len: 16777216 bytes
[    0.000000] early log buf free: 2082908(99%)
[    0.000000] RAMDISK: [mem 0x3781c000-0x37c05fff]
[    0.000000] ACPI: Early table checksum verification disabled
[    0.000000] ACPI: RSDP 0x00000000000F0110 000024 (v02 LENOVO)
[    0.000000] ACPI: XSDT 0x00000000BF51A120 000074 (v01 LENOVO CB-01    00000001 LENO 00000001)
[    0.000000] ACPI: FACP 0x00000000BF508000 0000F4 (v04 LENOVO CB-01    00000001 PTL  00000001)
[    0.000000] ACPI: DSDT 0x00000000BF50A000 00FD10 (v01 LENOVO CB-01    00001000 LENO 00000001)
[    0.000000] ACPI: FACS 0x00000000BF478000 000040
[    0.000000] ACPI: HPET 0x00000000BF507000 000038 (v01 LENOVO CB-01    00000001 PTL  00000001)
[    0.000000] ACPI: APIC 0x00000000BF506000 00007A (v02 LENOVO CB-01    00000001 PTL  00000001)
[    0.000000] ACPI: MCFG 0x00000000BF505000 00003C (v01 LENOVO CB-01    00000001 PTL  00000001)
[    0.000000] ACPI: SLIC 0x00000000BF504000 000176 (v01 LENOVO CB-01    00000001 LENO 00000001)
[    0.000000] ACPI: UEFI 0x00000000BF503000 00003E (v01 LENOVO CB-01    00000001 PTL  00000001)
[    0.000000] ACPI: UEFI 0x00000000BF502000 000042 (v01 PTL    COMBUF   00000001 PTL  00000001)
[    0.000000] ACPI: SSDT 0x00000000BF501000 000E34 (v01 AMD    POWERNOW 00000001 AMD  00000001)
[    0.000000] ACPI: SSDT 0x00000000BF4FF000 00193D (v02 AMD    ALIB     00000001 MSFT 04000000)
[    0.000000] ACPI: UEFI 0x00000000BF4FE000 00021A (v01 LENOVO CB-01    00000001 PTL  00000001)
[    0.000000] ACPI: Local APIC address 0xfee00000
[    0.000000] mapped APIC to ffffffffff5fd000 (        fee00000)
[    0.000000] No NUMA configuration found
[    0.000000] Faking a node at [mem 0x0000000000000000-0x000000041effffff]
[    0.000000] Initmem setup node 0 [mem 0x00000000-0x41effffff]
[    0.000000]   NODE_DATA [mem 0x41dffa000-0x41dffdfff]
[    0.000000]  [ffffea0000000000-ffffea00107fffff] PMD -> [ffff88040de00000-ffff88041d5fffff] on node 0
[    0.000000] Zone ranges:
[    0.000000]   DMA      [mem 0x00001000-0x00ffffff]
[    0.000000]   DMA32    [mem 0x01000000-0xffffffff]
[    0.000000]   Normal   [mem 0x100000000-0x41effffff]
[    0.000000] Movable zone start for each node
[    0.000000] Early memory node ranges
[    0.000000]   node   0: [mem 0x00001000-0x0009cfff]
[    0.000000]   node   0: [mem 0x00100000-0xbed9afff]
[    0.000000]   node   0: [mem 0xbf51b000-0xbfdfffff]
[    0.000000]   node   0: [mem 0x100000000-0x41effffff]
[    0.000000] On node 0 totalpages: 4056604
[    0.000000]   DMA zone: 64 pages used for memmap
[    0.000000]   DMA zone: 21 pages reserved
[    0.000000]   DMA zone: 3996 pages, LIFO batch:0
[    0.000000]   DMA32 zone: 12186 pages used for memmap
[    0.000000]   DMA32 zone: 779904 pages, LIFO batch:31
[    0.000000]   Normal zone: 51136 pages used for memmap
[    0.000000]   Normal zone: 3272704 pages, LIFO batch:31
[    0.000000] ACPI: PM-Timer IO Port: 0x808
[    0.000000] ACPI: Local APIC address 0xfee00000
[    0.000000] mapped APIC to ffffffffff5fd000 (        fee00000)
[    0.000000] ACPI: LAPIC (acpi_id[0x00] lapic_id[0x00] enabled)
[    0.000000] ACPI: LAPIC (acpi_id[0x01] lapic_id[0x01] enabled)
[    0.000000] ACPI: LAPIC (acpi_id[0x02] lapic_id[0x02] enabled)
[    0.000000] ACPI: LAPIC (acpi_id[0x03] lapic_id[0x03] enabled)
[    0.000000] ACPI: LAPIC_NMI (acpi_id[0x00] high edge lint[0x1])
[    0.000000] ACPI: LAPIC_NMI (acpi_id[0x01] high edge lint[0x1])
[    0.000000] ACPI: LAPIC_NMI (acpi_id[0x02] high edge lint[0x1])
[    0.000000] ACPI: LAPIC_NMI (acpi_id[0x03] high edge lint[0x1])
[    0.000000] ACPI: IOAPIC (id[0x02] address[0xfec00000] gsi_base[0])
[    0.000000] IOAPIC[0]: apic_id 2, version 33, address 0xfec00000, GSI 0-23
[    0.000000] ACPI: INT_SRC_OVR (bus 0 bus_irq 0 global_irq 2 dfl dfl)
[    0.000000] Int: type 0, pol 0, trig 0, bus 00, IRQ 00, APIC ID 2, APIC INT 02
[    0.000000] Int: type 0, pol 3, trig 3, bus 00, IRQ 09, APIC ID 2, APIC INT 09
[    0.000000] ACPI: IRQ0 used by override.
[    0.000000] Int: type 0, pol 0, trig 0, bus 00, IRQ 01, APIC ID 2, APIC INT 01
[    0.000000] Int: type 0, pol 0, trig 0, bus 00, IRQ 03, APIC ID 2, APIC INT 03
[    0.000000] Int: type 0, pol 0, trig 0, bus 00, IRQ 04, APIC ID 2, APIC INT 04
[    0.000000] Int: type 0, pol 0, trig 0, bus 00, IRQ 05, APIC ID 2, APIC INT 05
[    0.000000] Int: type 0, pol 0, trig 0, bus 00, IRQ 06, APIC ID 2, APIC INT 06
[    0.000000] Int: type 0, pol 0, trig 0, bus 00, IRQ 07, APIC ID 2, APIC INT 07
[    0.000000] Int: type 0, pol 0, trig 0, bus 00, IRQ 08, APIC ID 2, APIC INT 08
[    0.000000] ACPI: IRQ9 used by override.
[    0.000000] Int: type 0, pol 0, trig 0, bus 00, IRQ 0a, APIC ID 2, APIC INT 0a
[    0.000000] Int: type 0, pol 0, trig 0, bus 00, IRQ 0b, APIC ID 2, APIC INT 0b
[    0.000000] Int: type 0, pol 0, trig 0, bus 00, IRQ 0c, APIC ID 2, APIC INT 0c
[    0.000000] Int: type 0, pol 0, trig 0, bus 00, IRQ 0d, APIC ID 2, APIC INT 0d
[    0.000000] Int: type 0, pol 0, trig 0, bus 00, IRQ 0e, APIC ID 2, APIC INT 0e
[    0.000000] Int: type 0, pol 0, trig 0, bus 00, IRQ 0f, APIC ID 2, APIC INT 0f
[    0.000000] Using ACPI (MADT) for SMP configuration information
[    0.000000] ACPI: HPET id: 0x43538210 base: 0xfed00000
[    0.000000] smpboot: Allowing 4 CPUs, 0 hotplug CPUs
[    0.000000] mapped IOAPIC to ffffffffff5fc000 (fec00000)
[    0.000000] e820: [mem 0xc0000000-0xfebfffff] available for PCI devices
[    0.000000] setup_percpu: NR_CPUS:64 nr_cpumask_bits:64 nr_cpu_ids:4 nr_node_ids:1
[    0.000000] PERCPU: Embedded 27 pages/cpu @ffff88041dc00000 s80256 r8192 d22144 u524288
[    0.000000] pcpu-alloc: s80256 r8192 d22144 u524288 alloc=1*2097152
[    0.000000] pcpu-alloc: [0] 0 1 2 3 
[    0.000000] Built 1 zonelists in Zone order, mobility grouping on.  Total pages: 3993197
[    0.000000] Policy zone: Normal
[    0.000000] Kernel command line: BOOT_IMAGE=/vmlinuz-linux-git root=UUID=bfa4ab6e-19a3-4601-ba2b-267c55841c73 rw cryptdevice=/dev/disk/by-uuid/70c08890-417a-497d-b6ab-c0d0357a63e2:cryptManjaro:allow-discards ipv6.disable=1 pnp.debug=1 loglevel=9 log_buf_len=10M printk.always_kmsg_dump=y printk.time=y mminit_loglevel=0 memory_corruption_check=1 acpi.debug_layer=0xfbff0000 acpi.debug_level=0xFFFFFFFD nohz=on rcu_nocbs=1-3 pcie_aspm=force fbcon=scrollback:4096k fbcon=font:ProFont6x11 radeon.audio=0 radeon.lockup_timeout=0 radeon.test=0 radeon.agpmode=-1 radeon.benchmark=0 radeon.tv=0 radeon.hard_reset=1 radeon.aspm=1 radeon.dpm=1 radeon.msi=1 radeon.pcie_gen2=-1 radeon.no_wb=1 radeon.modeset=1 radeon.dynclks=1 radeon.r4xx_atom=0 radeon.runpm=0 radeonfb radeon.fastfb=1 nomodeset apic=debug earlyprintk=vga,dbgp,keep
[    0.000000] PCIe ASPM is forcibly enabled
[    0.000000] PID hash table entries: 4096 (order: 3, 32768 bytes)
[    0.000000] Memory: 15870840K/16226416K available (5261K kernel code, 722K rwdata, 2208K rodata, 848K init, 2616K bss, 355576K reserved)
[    0.000000] SLUB: HWalign=64, Order=0-3, MinObjects=0, CPUs=4, Nodes=1
[    0.000000] Hierarchical RCU implementation.
[    0.000000] 	RCU dyntick-idle grace-period acceleration is enabled.
[    0.000000] 	Additional per-CPU info printed with stalls.
[    0.000000] 	RCU restricting CPUs from NR_CPUS=64 to nr_cpu_ids=4.
[    0.000000] 	Offload RCU callbacks from all CPUs
[    0.000000] 	Offload RCU callbacks from CPUs: 0-3.
[    0.000000] RCU: Adjusting geometry for rcu_fanout_leaf=16, nr_cpu_ids=4
[    0.000000] NR_IRQS:4352 nr_irqs:456 0
[    0.000000] spurious 8259A interrupt: IRQ7.
[    0.000000] vgacon: allocated 4194304 bytes of memory for scrollback. CONFIG_VGACON_SOFT_SCROLLBACK_SIZE=4096
[    0.000000] Console: colour VGA+ 80x25
[    0.000000] console [tty0] enabled
[    0.000000] allocated 65011712 bytes of page_cgroup
[    0.000000] please try 'cgroup_disable=memory' option if you don't want memory cgroups
[    0.000000] hpet clockevent registered
[    0.000000] tsc: Fast TSC calibration using PIT
[    0.000000] tsc: Detected 1397.393 MHz processor
[    0.000053] Calibrating delay loop (skipped), value calculated using timer frequency.. 2795.23 BogoMIPS (lpj=4657976)
[    0.004391] pid_max: default: 32768 minimum: 301
[    0.006547] ACPI: Core revision 20140724
[    0.033485] ACPI: All ACPI Tables successfully acquired
[    0.037253] Security Framework initialized
[    0.041005] Dentry cache hash table entries: 2097152 (order: 12, 16777216 bytes)
[    0.052135] Inode-cache hash table entries: 1048576 (order: 11, 8388608 bytes)
[    0.059499] Mount-cache hash table entries: 32768 (order: 6, 262144 bytes)
[    0.061774] Mountpoint-cache hash table entries: 32768 (order: 6, 262144 bytes)
[    0.066120] Initializing cgroup subsys memory
[    0.068152] Initializing cgroup subsys devices
[    0.070149] Initializing cgroup subsys freezer
[    0.072243] Initializing cgroup subsys net_cls
[    0.074291] Initializing cgroup subsys blkio
[    0.076315] CPU: Physical Processor ID: 0
[    0.078409] CPU: Processor Core ID: 0
[    0.080295] mce: CPU supports 6 MCE banks
[    0.082233] Last level iTLB entries: 4KB 512, 2MB 16, 4MB 8
Last level dTLB entries: 4KB 1024, 2MB 128, 4MB 64, 1GB 0
[    0.086333] Freeing SMP alternatives memory: 20K (ffffffff81b8a000 - ffffffff81b8f000)
[    0.090533] Getting VERSION: 80050010
[    0.092573] Getting VERSION: 80050010
[    0.094666] Getting ID: 0
[    0.096588] Getting ID: ff000000
[    0.098517] Getting LVT0: 700
[    0.100338] Getting LVT1: 400
[    0.102435] enabled ExtINT on CPU#0
[    0.104639] ENABLING IO-APIC IRQs
[    0.106633] init IO_APIC IRQs
[    0.108725]  apic 2 pin 0 not connected
[    0.110775] IOAPIC[0]: Set routing entry (2-1 -> 0x31 -> IRQ 1 Mode:0 Active:0 Dest:1)
[    0.114625] IOAPIC[0]: Set routing entry (2-2 -> 0x30 -> IRQ 0 Mode:0 Active:0 Dest:1)
[    0.118472] IOAPIC[0]: Set routing entry (2-2 -> 0x30 -> IRQ 0 Mode:0 Active:0 Dest:1)
[    0.122526] IOAPIC[0]: Set routing entry (2-3 -> 0x33 -> IRQ 3 Mode:0 Active:0 Dest:1)
[    0.126580] IOAPIC[0]: Set routing entry (2-4 -> 0x34 -> IRQ 4 Mode:0 Active:0 Dest:1)
[    0.130518] IOAPIC[0]: Set routing entry (2-5 -> 0x35 -> IRQ 5 Mode:0 Active:0 Dest:1)
[    0.134277] IOAPIC[0]: Set routing entry (2-6 -> 0x36 -> IRQ 6 Mode:0 Active:0 Dest:1)
[    0.138331] IOAPIC[0]: Set routing entry (2-7 -> 0x37 -> IRQ 7 Mode:0 Active:0 Dest:1)
[    0.142384] IOAPIC[0]: Set routing entry (2-8 -> 0x38 -> IRQ 8 Mode:0 Active:0 Dest:1)
[    0.146404] IOAPIC[0]: Set routing entry (2-9 -> 0x39 -> IRQ 9 Mode:1 Active:1 Dest:1)
[    0.150138] IOAPIC[0]: Set routing entry (2-10 -> 0x3a -> IRQ 10 Mode:0 Active:0 Dest:1)
[    0.154166] IOAPIC[0]: Set routing entry (2-11 -> 0x3b -> IRQ 11 Mode:0 Active:0 Dest:1)
[    0.158219] IOAPIC[0]: Set routing entry (2-12 -> 0x3c -> IRQ 12 Mode:0 Active:0 Dest:1)
[    0.162273] IOAPIC[0]: Set routing entry (2-13 -> 0x3d -> IRQ 13 Mode:0 Active:0 Dest:1)
[    0.165975] IOAPIC[0]: Set routing entry (2-14 -> 0x3e -> IRQ 14 Mode:0 Active:0 Dest:1)
[    0.169894] IOAPIC[0]: Set routing entry (2-15 -> 0x3f -> IRQ 15 Mode:0 Active:0 Dest:1)
[    0.173871]  apic 2 pin 16 not connected
[    0.175864]  apic 2 pin 17 not connected
[    0.177883]  apic 2 pin 18 not connected
[    0.179846]  apic 2 pin 19 not connected
[    0.181720]  apic 2 pin 20 not connected
[    0.183593]  apic 2 pin 21 not connected
[    0.185612]  apic 2 pin 22 not connected
[    0.187652]  apic 2 pin 23 not connected
[    0.189898] ..TIMER: vector=0x30 apic1=0 pin1=2 apic2=-1 pin2=-1
[    0.224914] smpboot: CPU0: AMD A6-3400M APU with Radeon(tm) HD Graphics (fam: 12, model: 01, stepping: 00)
[    0.229372] Using local APIC timer interrupts.
calibrating APIC timer ...
[    0.337263] ... lapic delta = 1247723
[    0.339405] ... PM-Timer delta = 357953
[    0.341591] ... PM-Timer result ok
[    0.343780] ..... delta 1247723
[    0.345968] ..... mult: 53589300
[    0.347897] ..... calibration result: 665452
[    0.349771] ..... CPU clock speed is 1397.1963 MHz.
[    0.351709] ..... host bus clock speed is 199.2185 MHz.
[    0.353833] Performance Events: AMD PMU driver.
[    0.355911] ... version:                0
[    0.357908] ... bit width:              48
[    0.359942] ... generic registers:      4
[    0.361951] ... value mask:             0000ffffffffffff
[    0.363889] ... max period:             00007fffffffffff
[    0.365767] ... fixed-purpose events:   0
[    0.367642] ... event mask:             000000000000000f
[    0.370153] MCE: In-kernel MCE decoding enabled.
[    0.372291] NMI watchdog: enabled on all CPUs, permanently consumes one hw-PMU counter.
[    0.376465] smpboot: ++++++++++++++++++++=_---CPU UP  1
[    0.378517] x86: Booting SMP configuration:
[    0.380499] .... node  #0, CPUs:      #1
[    0.382468] smpboot: Setting warm reset code and vector.
[    0.384403] smpboot: 1.
[    0.386399] smpboot: 2.
[    0.388439] smpboot: 3.
[    0.390479] smpboot: Asserting INIT
[    0.392520] smpboot: Waiting for send to finish...
[    0.404569] smpboot: Deasserting INIT
[    0.406755] smpboot: Waiting for send to finish...
[    0.408945] smpboot: #startup loops: 2
[    0.411109] smpboot: Sending STARTUP #1
[    0.413286] smpboot: After apic_write
[    0.320486] smpboot: CPU#1 (phys ID: 1) waiting for CALLOUT
[    0.415522] smpboot: Startup point 1
[    0.419416] smpboot: Waiting for send to finish...
[    0.421660] smpboot: Sending STARTUP #2
[    0.423699] smpboot: After apic_write
[    0.426040] smpboot: Startup point 1
[    0.428035] smpboot: Waiting for send to finish...
[    0.430221] smpboot: After Startup
[    0.432099] smpboot: Before Callout 1
[    0.434980] smpboot: After Callout 1
[    0.340102] masked ExtINT on CPU#1
[    0.340137] smpboot: Stack at about ffff880407807f44
[    0.440988] smpboot: CPU1: has booted.
[    0.445003] TSC synchronization [CPU#0 -> CPU#1]:
[    0.446963] Measured 132548225 cycles TSC warp between CPUs, turning off TSC clock.
[    0.450614] tsc: Marking TSC unstable due to check_tsc_sync_source failed
[    0.452783] smpboot: ++++++++++++++++++++=_---CPU UP  2
[    0.454832]  #2
[    0.456848] smpboot: Setting warm reset code and vector.
[    0.458986] smpboot: 1.
[    0.460981] smpboot: 2.
[    0.462988] smpboot: 3.
[    0.464850] smpboot: Asserting INIT
[    0.466724] smpboot: Waiting for send to finish...
[    0.478677] smpboot: Deasserting INIT
[    0.480800] smpboot: Waiting for send to finish...
[    0.482694] smpboot: #startup loops: 2
[    0.484571] smpboot: Sending STARTUP #1
[    0.486609] smpboot: After apic_write
[    0.359785] smpboot: CPU#2 (phys ID: 2) waiting for CALLOUT
[    0.488951] smpboot: Startup point 1
[    0.492995] smpboot: Waiting for send to finish...
[    0.495202] smpboot: Sending STARTUP #2
[    0.497202] smpboot: After apic_write
[    0.499372] smpboot: Startup point 1
[    0.501256] smpboot: Waiting for send to finish...
[    0.503498] smpboot: After Startup
[    0.505539] smpboot: Before Callout 2
[    0.507579] smpboot: After Callout 2
[    0.378573] masked ExtINT on CPU#2
[    0.378640] smpboot: Stack at about ffff88040780bf44
[    0.513679] smpboot: CPU2: has booted.
[    0.515745] smpboot: ++++++++++++++++++++=_---CPU UP  3
[    0.517633]  #3
[    0.519622] smpboot: Setting warm reset code and vector.
[    0.521767] smpboot: 1.
[    0.523758] smpboot: 2.
[    0.525797] smpboot: 3.
[    0.527835] smpboot: Asserting INIT
[    0.529874] smpboot: Waiting for send to finish...
[    0.541770] smpboot: Deasserting INIT
[    0.543954] smpboot: Waiting for send to finish...
[    0.546138] smpboot: #startup loops: 2
[    0.548154] smpboot: Sending STARTUP #1
[    0.550025] smpboot: After apic_write
[    0.388884] smpboot: CPU#3 (phys ID: 3) waiting for CALLOUT
[    0.552196] smpboot: Startup point 1
[    0.556280] smpboot: Waiting for send to finish...
[    0.558524] smpboot: Sending STARTUP #2
[    0.560565] smpboot: After apic_write
[    0.562905] smpboot: Startup point 1
[    0.564829] smpboot: Waiting for send to finish...
[    0.566901] smpboot: After Startup
[    0.568837] smpboot: Before Callout 3
[    0.570878] smpboot: After Callout 3
[    0.407726] masked ExtINT on CPU#3
[    0.407793] smpboot: Stack at about ffff88040780ff44
[    0.576996] smpboot: CPU3: has booted.
[    0.579053] x86: Booted up 1 node, 4 CPUs
[    0.580983] smpboot: Boot done
[    0.582851] smpboot: Before bogomips
[    0.584731] smpboot: Total of 4 processors activated (11183.94 BogoMIPS)
[    0.586774] smpboot: Before bogocount - setting activated=1
[    0.463450] devtmpfs: initialized
[    0.465413] device: 'platform': device_add
[    0.466703] bus: 'platform': registered
[    0.468709] bus: 'cpu': registered
[    0.470003] device: 'cpu': device_add
[    0.473360] bus: 'container': registered
[    0.475347] device: 'container': device_add
[    0.477109] bus: 'workqueue': registered
[    0.477109] kworker/u8:0 (39) used greatest stack depth: 14160 bytes left
[    0.482046] device: 'workqueue': device_add
[    0.483547] atomic64_test: passed for x86-64 platform with CX8 and with SSE
[    0.486671] device class 'regulator': registering
[    0.488537] Registering platform device 'reg-dummy'. Parent at platform
[    0.490002] device: 'reg-dummy': device_add
[    0.492015] bus: 'platform': add device reg-dummy
[    0.493360] bus: 'platform': add driver reg-dummy
[    0.496672] bus: 'platform': driver_probe_device: matched device reg-dummy with driver reg-dummy
[    0.500002] bus: 'platform': really_probe: probing driver reg-dummy with device reg-dummy
[    0.503341] device: 'regulator.0': device_add
[    0.505244] regulator-dummy: no parameters
[    0.506680] driver: 'reg-dummy': driver_bound: bound to device 'reg-dummy'
[    0.510002] bus: 'platform': really_probe: bound device reg-dummy to driver reg-dummy
[    0.513463] NET: Registered protocol family 16
[    0.516942] device class 'bdi': registering
[    0.518986] bus: 'platform': add driver ramoops
[    0.520021] device class 'pci_bus': registering
[    0.521929] bus: 'pci': registered
[    0.523340] device class 'backlight': registering
[    0.526677] device class 'tty': registering
[    0.528676] device class 'vtconsole': registering
[    0.530013] device: 'vtcon0': device_add
[    0.532041] bus: 'node': registered
[    0.533338] device: 'node': device_add
[    0.536705] bus: 'i2c': registered
[    0.538533] bus: 'i2c': add driver dummy
[    0.540012] i2c-core: driver [dummy] registered
[    0.542016] cpuidle: using governor ladder
[    0.543338] cpuidle: using governor menu
[    0.547091] ACPI FADT declares the system doesn't support PCIe ASPM, so disable it
[    0.550003] ACPI: bus type PCI registered
[    0.552040] acpiphp: ACPI Hot Plug PCI Controller Driver version: 0.5
[    0.553338] device class 'dmi': registering
[    0.556679] device: 'id': device_add
[    0.558768] PCI: MMCONFIG for domain 0000 [bus 00-3f] at [mem 0xf8000000-0xfbffffff] (base 0xf8000000)
[    0.560004] PCI: not using MMCONFIG
[    0.563335] PCI: Using configuration type 1 for base access
[    0.566668] PCI: Using configuration type 1 for extended access
[    0.569010] device: 'node0': device_add
[    0.570004] bus: 'node': add device node0
[    0.571905] device: 'cpu0': device_add
[    0.573337] bus: 'cpu': add device cpu0
[    0.576707] device: 'cpu1': device_add
[    0.578747] bus: 'cpu': add device cpu1
[    0.580039] device: 'cpu2': device_add
[    0.583338] bus: 'cpu': add device cpu2
[    0.585412] device: 'cpu3': device_add
[    0.586671] bus: 'cpu': add device cpu3
[    0.610092] device: 'writeback': device_add
[    0.610092] bus: 'workqueue': add device writeback
[    0.613383] device: 'default': device_add
[    0.616739] device class 'block': registering
[    0.620150] ACPI: Added _OSI(Module Device)
[    0.620150] ACPI: Added _OSI(Processor Device)
[    0.621885] ACPI: Added _OSI(3.0 _SCP Extensions)
[    0.623335] ACPI: Added _OSI(Processor Aggregator Device)
[    0.628355] IOAPIC[0]: Set routing entry (2-9 -> 0x39 -> IRQ 9 Mode:1 Active:1 Dest:15)
[    0.633664] 
**** Context Switch from TID 4294967295 to TID 133431296 ****

[    0.640003]     utils-0051 util_eval_error       : Evaluate [\_SB_.PCI0.LPC0.EC0_._GLK]: AE_NOT_FOUND
[    0.643346] Executing  Method       \_SB_.PCI0.LPC0.EC0_._REG
[    0.646058] Executing  Method       \_SB_.PCI0.LPC0.EC0_._REG
[    0.650158] Executing  Method       \_SB_.PCI0.LPC0.EC0_._REG
[    0.650212] Executing  Method       \_SB_.PCI0.LPC0.EC0_._REG
[    0.655370] Initializing Region       \_SB_.OSTY
[    0.656825] Initializing Region       \_SB_.PCI0.NBMS
[    0.659082] Initializing Region       \_SB_.PCI0.NBXP
[    0.663496] Initializing Region       \_SB_.PCI0.K8ST
[    0.663512] Initializing Region       \_SB_.PCI0.BAR1
[    0.666684] Initializing Region       \_SB_.PCI0.PB2_.XPEX
[    0.668868] Initializing Region       \_SB_.PCI0.PB2_.PCFG
[    0.670106] Initializing Region       \_SB_.PCI0.PB2_.XPCB
[    0.672041] Initializing Region       \_SB_.PCI0.PB2_.XPRI
[    0.676778] Initializing Region       \_SB_.PCI0.PB2_.VGA_.PCFG
[    0.676878] Initializing Region       \_SB_.PCI0.PB2_.HDAU.PCFG
[    0.679053] Initializing Region       \_SB_.PCI0.PB3_.XPEX
[    0.680146] Initializing Region       \_SB_.PCI0.PB3_.PCFG
[    0.683395] Initializing Region       \_SB_.PCI0.PB3_.XPCB
[    0.685437] Initializing Region       \_SB_.PCI0.PB3_.XPRI
[    0.686811] Initializing Region       \_SB_.PCI0.PB3_.VGA_.PCFG
[    0.688802] Initializing Region       \_SB_.PCI0.PB3_.HDAU.PCFG
[    0.693485] Initializing Region       \_SB_.PCI0.PB4_.XPEX
[    0.693485] Initializing Region       \_SB_.PCI0.PB4_.PCFG
[    0.695569] Initializing Region       \_SB_.PCI0.PB4_.XPCB
[    0.696773] Initializing Region       \_SB_.PCI0.PB4_.XPRI
[    0.698892] Initializing Region       \_SB_.PCI0.PB4_.XPDV.PCFG
[    0.703499] Initializing Region       \_SB_.PCI0.PB5_.XPEX
[    0.703499] Initializing Region       \_SB_.PCI0.PB5_.PCFG
[    0.705432] Initializing Region       \_SB_.PCI0.PB5_.XPCB
[    0.710154] Initializing Region       \_SB_.PCI0.PB5_.XPRI
[    0.710154] Initializing Region       \_SB_.PCI0.PB5_.XPDV.PCFG
[    0.712259] Initializing Region       \_SB_.PCI0.PB6_.XPEX
[    0.713476] Initializing Region       \_SB_.PCI0.PB6_.PCFG
[    0.715589] Initializing Region       \_SB_.PCI0.PB6_.XPCB
[    0.720152] Initializing Region       \_SB_.PCI0.PB6_.XPRI
[    0.720157] Initializing Region       \_SB_.PCI0.PB6_.XPDV.PCFG
[    0.722133] Initializing Region       \_SB_.PCI0.PB7_.XPEX
[    0.723485] Initializing Region       \_SB_.PCI0.PB7_.PCFG
[    0.727749] Initializing Region       \_SB_.PCI0.PB7_.XPCB
[    0.729817] Initializing Region       \_SB_.PCI0.PB7_.XPRI
[    0.733486] Initializing Region       \_SB_.PCI0.PB7_.XPDV.PCFG
[    0.733687] Initializing Region       \_SB_.PCI0.SATC
[    0.735723] Initializing Region       \_SB_.PCI0.RMEM
[    0.740181] Initializing Region       \_SB_.PCI0.SATA.SATX
[    0.740181] Initializing Region       \_SB_.PCI0.SATA.BAR5
[    0.760183] Initializing Region       \_SB_.PCI0.SMB_.SBRV
[    0.760183] Initializing Region       \_SB_.PCI0.SMB_.PMIO
[    0.763344] Initializing Region       \_SB_.PCI0.SMB_.ERMM
[    0.765714] Initializing Region       \_SB_.PCI0.SMB_.P1E0
[    0.766842] Initializing Region       \_SB_.PCI0.SMB_.ABIO
[    0.770072] Initializing Region       \_SB_.PCI0.SMB_.SMB0
[    0.772036] Initializing Region       \_SB_.PCI0.LPC0.PIRQ
[    0.773540] Initializing Region       \_SB_.PCI0.LPC0.LPCR
[    0.775741] Initializing Region       \_SB_.PCI0.LPC0.LPCS
[    0.780150] Initializing Region       \_SB_.PCI0.LPC0.SMI0
[    0.780151] Initializing Region       \_SB_.PCI0.LPC0.SMI1
[    0.782274] Initializing Region       \_SB_.PCI0.LPC0.EC0_.ECO1
[    0.786773] Initializing Region       \_SB_.PCI0.LPC0.EC0_.ECO2
[    0.786773] Initializing Region       \_SB_.PCI0.LPC0.EC0_.ECMB
[    0.788691] Initializing Region       \_SB_.PCI0.LPC0.EC0_.RAM_
[    0.790248] Initializing Region       \_SB_.PCI0.LPC0.EC0_.CMOS
[    0.792433] Initializing Region       \_SB_.PCI0.LPC0.EC0_.VPC0.ERAM
[    0.796847] Initializing Region       \_SB_.PCI0.SPB0.PCFG
[    0.796847] Initializing Region       \_SB_.PCI0.SPB0.XPCB
[    0.798927] Initializing Region       \_SB_.PCI0.SPB0.XPDV.PCFG
[    0.803498] Initializing Region       \_SB_.PCI0.SPB1.PCFG
[    0.803498] Initializing Region       \_SB_.PCI0.SPB1.XPCB
[    0.805436] Initializing Region       \_SB_.PCI0.SPB1.XPDV.PCFG
[    0.806832] Initializing Region       \_SB_.PCI0.SPB2.PCFG
[    0.808945] Initializing Region       \_SB_.PCI0.SPB2.XPCB
[    0.813444] Initializing Region       \_SB_.PCI0.SPB2.XPDV.PCFG
[    0.813492] Initializing Region       \_SB_.PCI0.SPB3.PCFG
[    0.815597] Initializing Region       \_SB_.PCI0.SPB3.XPCB
[    0.820146] Initializing Region       \_SB_.PCI0.SPB3.XPDV.PCFG
[    0.820166] Initializing Region       \_SB_.PCI0.VGA_.REVD
[    0.822376] Initializing BufferField  \_SB_.AMW0.WLID
[    0.823921] Initializing Region       \DEB2
[    0.826814] Initializing Region       \PMIO
[    0.828917] Initializing Region       \P01_
[    0.833490] Initializing Region       \CNVS
[    0.833490] Initializing Region       \SPRT
[    0.835575] Initializing Region       \CMIO
[    0.836960] Executing  Method       \_SB_._STA
[    0.838941] Executing  Method       \_SB_._INI
[    0.843491] Executing  Method       \_SB_.PCI0._STA
[    0.843491] Executing  Method       \_SB_.PCI0._INI
[    0.845780] [Firmware Bug]: ACPI: BIOS _OSI(Linux) query ignored
[    0.850459] Executing  Method       \_SB_.PCI0.SATA._STA
[    0.850459] Executing  Method       \_SB_.PCI0.SATA._INI
[    0.853659] Executing  Method       \_SB_.PCI0.LPC0.EC0_._REG
[    0.883410] ACPI: Interpreter enabled
[    0.883410] ACPI: (supports S0 S5)
[    0.886668] ACPI: Using IOAPIC for interrupt routing
[    0.888778] PCI: MMCONFIG for domain 0000 [bus 00-3f] at [mem 0xf8000000-0xfbffffff] (base 0xf8000000)
[    0.894076] PCI: MMCONFIG at [mem 0xf8000000-0xfbffffff] reserved in ACPI motherboard resources
[    0.896829] bus: 'acpi': registered
[    0.900008] PCI: Using host bridge windows from ACPI; if necessary, use "pci=nocrs" and report a bug
[    0.903347]      scan-1142 get_device_data       : No context for object [ffffffffffffffff]
[    0.906673]     utils-0051 util_eval_error       : Evaluate [\._STA]: AE_NOT_FOUND
[    0.912144] device: 'LNXSYSTM:00': device_add
[    0.913338] bus: 'acpi': add device LNXSYSTM:00
[    0.916680]      scan-1934 add_single_object     : Added LNXSYSTM:00 [\] parent (null)
[    0.920009]      scan-1142 get_device_data       : No context for object [ffff88040d81d000]
[    0.923336]      scan-1142 get_device_data       : No context for object [ffff88040d8377d0]
[    0.926668]      scan-1142 get_device_data       : No context for object [ffff88040d8377f8]
[    0.932128]      scan-1142 get_device_data       : No context for object [ffff88040d837820]
[    0.935427]      scan-1142 get_device_data       : No context for object [ffff88040d837848]
[    0.940001]      scan-1142 get_device_data       : No context for object [ffff88040d837870]
[    0.943334]      scan-1142 get_device_data       : No context for object [ffff88040d837898]
[    0.946668]      scan-1142 get_device_data       : No context for object [ffff88040d8378c0]
[    0.952094]      scan-1142 get_device_data       : No context for object [ffff88040d8378e8]
[    0.955273]      scan-1142 get_device_data       : No context for object [ffff88040d839398]
[    0.960002]      scan-1142 get_device_data       : No context for object [ffff88040d81d028]
[    0.963334]      scan-1142 get_device_data       : No context for object [ffff88040d81d168]
[    0.966669]     utils-0051 util_eval_error       : Evaluate [\_PR_.C000._STA]: AE_NOT_FOUND
[    0.971979]      scan-1142 get_device_data       : No context for object [ffff88040d81d028]
[    0.975416] device: 'LNXCPU:00': device_add
[    0.976669] bus: 'acpi': add device LNXCPU:00
[    0.980020]      scan-1934 add_single_object     : Added LNXCPU:00 [\_PR_.C000] parent LNXSYSTM:00
[    0.983339]      scan-1142 get_device_data       : No context for object [ffff88040d83c398]
[    0.988650]      scan-1142 get_device_data       : No context for object [ffff88040d83c3c0]
[    0.992079]      scan-1142 get_device_data       : No context for object [ffff88040d83c3e8]
[    0.996669]      scan-1142 get_device_data       : No context for object [ffff88040d83c410]
[    1.000002]      scan-1142 get_device_data       : No context for object [ffff88040d83c438]
[    1.003335]      scan-1142 get_device_data       : No context for object [ffff88040d83c460]
[    1.008704]      scan-1142 get_device_data       : No context for object [ffff88040d81d190]
[    1.012145]     utils-0051 util_eval_error       : Evaluate [\_PR_.C001._STA]: AE_NOT_FOUND
[    1.016668]      scan-1142 get_device_data       : No context for object [ffff88040d81d028]
[    1.020007] device: 'LNXCPU:01': device_add
[    1.021879] bus: 'acpi': add device LNXCPU:01
[    1.023359]      scan-1934 add_single_object     : Added LNXCPU:01 [\_PR_.C001] parent LNXSYSTM:00
[    1.028811]      scan-1142 get_device_data       : No context for object [ffff88040d83c488]
[    1.033334]      scan-1142 get_device_data       : No context for object [ffff88040d83c4b0]
[    1.036668]      scan-1142 get_device_data       : No context for object [ffff88040d83c4d8]
[    1.040001]      scan-1142 get_device_data       : No context for object [ffff88040d83c500]
[    1.043334]      scan-1142 get_device_data       : No context for object [ffff88040d83c528]
[    1.048806]      scan-1142 get_device_data       : No context for object [ffff88040d83c550]
[    1.053335]      scan-1142 get_device_data       : No context for object [ffff88040d81d1b8]
[    1.056669]     utils-0051 util_eval_error       : Evaluate [\_PR_.C002._STA]: AE_NOT_FOUND
[    1.060001]      scan-1142 get_device_data       : No context for object [ffff88040d81d028]
[    1.065455] device: 'LNXCPU:02': device_add
[    1.066671] bus: 'acpi': add device LNXCPU:02
[    1.070005]      scan-1934 add_single_object     : Added LNXCPU:02 [\_PR_.C002] parent LNXSYSTM:00
[    1.073339]      scan-1142 get_device_data       : No context for object [ffff88040d83c578]
[    1.076669]      scan-1142 get_device_data       : No context for object [ffff88040d83c5a0]
[    1.080002]      scan-1142 get_device_data       : No context for object [ffff88040d83c5c8]
[    1.085474]      scan-1142 get_device_data       : No context for object [ffff88040d83c5f0]
[    1.088647]      scan-1142 get_device_data       : No context for object [ffff88040d83c618]
[    1.093336]      scan-1142 get_device_data       : No context for object [ffff88040d83c640]
[    1.096668]      scan-1142 get_device_data       : No context for object [ffff88040d81d1e0]
[    1.100002]     utils-0051 util_eval_error       : Evaluate [\_PR_.C003._STA]: AE_NOT_FOUND
[    1.105311]      scan-1142 get_device_data       : No context for object [ffff88040d81d028]
[    1.108783] device: 'LNXCPU:03': device_add
[    1.110002] bus: 'acpi': add device LNXCPU:03
[    1.113350]      scan-1934 add_single_object     : Added LNXCPU:03 [\_PR_.C003] parent LNXSYSTM:00
[    1.116670]      scan-1142 get_device_data       : No context for object [ffff88040d83c668]
[    1.121977]      scan-1142 get_device_data       : No context for object [ffff88040d83c690]
[    1.125391]      scan-1142 get_device_data       : No context for object [ffff88040d83c6b8]
[    1.130002]      scan-1142 get_device_data       : No context for object [ffff88040d83c6e0]
[    1.133336]      scan-1142 get_device_data       : No context for object [ffff88040d83c708]
[    1.136672]      scan-1142 get_device_data       : No context for object [ffff88040d83c730]
[    1.143023]      scan-1142 get_device_data       : No context for object [ffff88040d81d050]
[    1.146672]     utils-0051 util_eval_error       : Evaluate [\_SB_._STA]: AE_NOT_FOUND
[    1.150036] device: 'LNXSYBUS:00': device_add
[    1.153336] bus: 'acpi': add device LNXSYBUS:00
[    1.155256]      scan-1934 add_single_object     : Added LNXSYBUS:00 [\_SB_] parent LNXSYSTM:00
[    1.158707]      scan-1142 get_device_data       : No context for object [ffff88040d81d3c0]
[    1.163334]      scan-1142 get_device_data       : No context for object [ffff88040d81d3e8]
[    1.166668]      scan-1142 get_device_data       : No context for object [ffff88040d81d410]
[    1.170001]      scan-1142 get_device_data       : No context for object [ffff88040d81d438]
[    1.175280]      scan-1142 get_device_data       : No context for object [ffff88040d81d460]
[    1.178799]      scan-1142 get_device_data       : No context for object [ffff88040d81d488]
[    1.183335]      scan-1142 get_device_data       : No context for object [ffff88040d81d4b0]
[    1.186668]      scan-1142 get_device_data       : No context for object [ffff88040d81d5a0]
[    1.190002]     utils-0051 util_eval_error       : Evaluate [\_SB_.PWRB._STA]: AE_NOT_FOUND
[    1.195495] device: 'PNP0C0C:00': device_add
[    1.196669] bus: 'acpi': add device PNP0C0C:00
[    1.200004]      scan-1934 add_single_object     : Added PNP0C0C:00 [\_SB_.PWRB] parent LNXSYBUS:00
[    1.203344]      scan-1142 get_device_data       : No context for object [ffff88040d81d5c8]
[    1.206668]      scan-1142 get_device_data       : No context for object [ffff88040d81d5f0]
[    1.210005]     utils-0051 util_eval_error       : Evaluate [\_SB_.PCI0._STA]: AE_NOT_FOUND
[    1.215534] device: 'PNP0A08:00': device_add
[    1.216674] bus: 'acpi': add device PNP0A08:00
[    1.220030]      scan-1934 add_single_object     : Added PNP0A08:00 [\_SB_.PCI0] parent LNXSYBUS:00
[    1.223345]      scan-1142 get_device_data       : No context for object [ffff88040d81d618]
[    1.226669]      scan-1142 get_device_data       : No context for object [ffff88040d81d640]
[    1.232142]      scan-1142 get_device_data       : No context for object [ffff88040d81d668]
[    1.235454]      scan-1142 get_device_data       : No context for object [ffff88040d81d690]
[    1.240001]      scan-1142 get_device_data       : No context for object [ffff88040d81d6b8]
[    1.243334]      scan-1142 get_device_data       : No context for object [ffff88040d81d6e0]
[    1.246668]      scan-1142 get_device_data       : No context for object [ffff88040d81d708]
[    1.252130]      scan-1142 get_device_data       : No context for object [ffff88040d81d730]
[    1.255262]      scan-1142 get_device_data       : No context for object [ffff88040d81d758]
[    1.260001]      scan-1142 get_device_data       : No context for object [ffff88040d81d780]
[    1.263334]      scan-1142 get_device_data       : No context for object [ffff88040d81d7a8]
[    1.266668]      scan-1142 get_device_data       : No context for object [ffff88040d81d7d0]
[    1.271953]      scan-1142 get_device_data       : No context for object [ffff88040d81d7f8]
[    1.275374]      scan-1142 get_device_data       : No context for object [ffff88040d81d820]
[    1.280002]      scan-1142 get_device_data       : No context for object [ffff88040d81d848]
[    1.283334]      scan-1142 get_device_data       : No context for object [ffff88040d81d870]
[    1.286668]      scan-1142 get_device_data       : No context for object [ffff88040d81d898]
[    1.291975]      scan-1142 get_device_data       : No context for object [ffff88040d81d8c0]
[    1.295454]      scan-1142 get_device_data       : No context for object [ffff88040d81d8e8]
[    1.300001]      scan-1142 get_device_data       : No context for object [ffff88040d81d910]
[    1.303335]      scan-1142 get_device_data       : No context for object [ffff88040d81d938]
[    1.306668]      scan-1142 get_device_data       : No context for object [ffff88040d81d960]
[    1.312093]      scan-1142 get_device_data       : No context for object [ffff88040d81d988]
[    1.315438]      scan-1142 get_device_data       : No context for object [ffff88040d81d9b0]
[    1.320002]      scan-1142 get_device_data       : No context for object [ffff88040d81d9d8]
[    1.323335]      scan-1142 get_device_data       : No context for object [ffff88040d81da00]
[    1.326669]      scan-1142 get_device_data       : No context for object [ffff88040d81da28]
[    1.332144]      scan-1142 get_device_data       : No context for object [ffff88040d81da50]
[    1.336668]      scan-1142 get_device_data       : No context for object [ffff88040d81da78]
[    1.340002]      scan-1142 get_device_data       : No context for object [ffff88040d81daa0]
[    1.343336]      scan-1142 get_device_data       : No context for object [ffff88040d81dac8]
[    1.348808]      scan-1142 get_device_data       : No context for object [ffff88040d81daf0]
[    1.352141]      scan-1142 get_device_data       : No context for object [ffff88040d81db18]
[    1.356668]      scan-1142 get_device_data       : No context for object [ffff88040d81db40]
[    1.360001]      scan-1142 get_device_data       : No context for object [ffff88040d81db68]
[    1.363334]      scan-1142 get_device_data       : No context for object [ffff88040d81db90]
[    1.368811]      scan-1142 get_device_data       : No context for object [ffff88040d81dbb8]
[    1.371962]      scan-1142 get_device_data       : No context for object [ffff88040d81dbe0]
[    1.376669]      scan-1142 get_device_data       : No context for object [ffff88040d81dc08]
[    1.380002]      scan-1142 get_device_data       : No context for object [ffff88040d81dc30]
[    1.385469]      scan-1142 get_device_data       : No context for object [ffff88040d81dc58]
[    1.388650]      scan-1142 get_device_data       : No context for object [ffff88040d81dc80]
[    1.393338]      scan-1142 get_device_data       : No context for object [ffff88040d81dca8]
[    1.396669]      scan-1142 get_device_data       : No context for object [ffff88040d81dcd0]
[    1.400001]      scan-1142 get_device_data       : No context for object [ffff88040d81dcf8]
[    1.405359]      scan-1142 get_device_data       : No context for object [ffff88040d81dd20]
[    1.408698]      scan-1142 get_device_data       : No context for object [ffff88040d81dd48]
[    1.413334]      scan-1142 get_device_data       : No context for object [ffff88040d81dd70]
[    1.416668]      scan-1142 get_device_data       : No context for object [ffff88040d81dd98]
[    1.420001]      scan-1142 get_device_data       : No context for object [ffff88040d81ddc0]
[    1.425321]      scan-1142 get_device_data       : No context for object [ffff88040d81dde8]
[    1.428806]      scan-1142 get_device_data       : No context for object [ffff88040d81de10]
[    1.433335]      scan-1142 get_device_data       : No context for object [ffff88040d81de38]
[    1.436669]      scan-1142 get_device_data       : No context for object [ffff88040d81de60]
[    1.441982]      scan-1142 get_device_data       : No context for object [ffff88040d81de88]
[    1.445480]      scan-1142 get_device_data       : No context for object [ffff88040d81deb0]
[    1.450001]      scan-1142 get_device_data       : No context for object [ffff88040d81ded8]
[    1.453335]      scan-1142 get_device_data       : No context for object [ffff88040d81df00]
[    1.456669]      scan-1142 get_device_data       : No context for object [ffff88040d81df28]
[    1.462145]      scan-1142 get_device_data       : No context for object [ffff88040d81df50]
[    1.465428]      scan-1142 get_device_data       : No context for object [ffff88040d81df78]
[    1.470001]      scan-1142 get_device_data       : No context for object [ffff88040d81dfa0]
[    1.473335]      scan-1142 get_device_data       : No context for object [ffff88040d81dfc8]
[    1.476670]      scan-1142 get_device_data       : No context for object [ffff88040d822000]
[    1.482095]      scan-1142 get_device_data       : No context for object [ffff88040d822028]
[    1.485445]     utils-0051 util_eval_error       : Evaluate [\_SB_.PCI0.MEMR._STA]: AE_NOT_FOUND
[    1.490022] device: 'PNP0C02:00': device_add
[    1.491886] bus: 'acpi': add device PNP0C02:00
[    1.493360]      scan-1934 add_single_object     : Added PNP0C02:00 [\_SB_.PCI0.MEMR] parent PNP0A08:00
[    1.496672]      scan-1142 get_device_data       : No context for object [ffff88040d822050]
[    1.502109]      scan-1142 get_device_data       : No context for object [ffff88040d822078]
[    1.506668]      scan-1142 get_device_data       : No context for object [ffff88040d8220a0]
[    1.510001]      scan-1142 get_device_data       : No context for object [ffff88040d8220c8]
[    1.515375]      scan-1142 get_device_data       : No context for object [ffff88040d8220f0]
[    1.518782]      scan-1142 get_device_data       : No context for object [ffff88040d822118]
[    1.523334]      scan-1142 get_device_data       : No context for object [ffff88040d822140]
[    1.526668]      scan-1142 get_device_data       : No context for object [ffff88040d822168]
[    1.530001]      scan-1142 get_device_data       : No context for object [ffff88040d822190]
[    1.535444]      scan-1142 get_device_data       : No context for object [ffff88040d8221b8]
[    1.538630]      scan-1142 get_device_data       : No context for object [ffff88040d8221e0]
[    1.542020]      scan-1142 get_device_data       : No context for object [ffff88040d822208]
[    1.546668]      scan-1142 get_device_data       : No context for object [ffff88040d822230]
[    1.550001]      scan-1142 get_device_data       : No context for object [ffff88040d822258]
[    1.555358]      scan-1142 get_device_data       : No context for object [ffff88040d822280]
[    1.558630]      scan-1142 get_device_data       : No context for object [ffff88040d8222a8]
[    1.563336]     utils-0051 util_eval_error       : Evaluate [\_SB_.PCI0.PB2_._STA]: AE_NOT_FOUND
[    1.566750] device: 'device:00': device_add
[    1.568738] bus: 'acpi': add device device:00
[    1.570018]      scan-1934 add_single_object     : Added device:00 [\_SB_.PCI0.PB2_] parent PNP0A08:00
[    1.575263]      scan-1142 get_device_data       : No context for object [ffff88040d8222d0]
[    1.578759]      scan-1142 get_device_data       : No context for object [ffff88040d8222f8]
[    1.583334]      scan-1142 get_device_data       : No context for object [ffff88040d822320]
[    1.586668]      scan-1142 get_device_data       : No context for object [ffff88040d822348]
[    1.590001]      scan-1142 get_device_data       : No context for object [ffff88040d822370]
[    1.595373]      scan-1142 get_device_data       : No context for object [ffff88040d822398]
[    1.598798]      scan-1142 get_device_data       : No context for object [ffff88040d8223c0]
[    1.603335]      scan-1142 get_device_data       : No context for object [ffff88040d8223e8]
[    1.606669]      scan-1142 get_device_data       : No context for object [ffff88040d822410]
[    1.610002]      scan-1142 get_device_data       : No context for object [ffff88040d822438]
[    1.615453]      scan-1142 get_device_data       : No context for object [ffff88040d822460]
[    1.618812]      scan-1142 get_device_data       : No context for object [ffff88040d822488]
[    1.623335]      scan-1142 get_device_data       : No context for object [ffff88040d8224b0]
[    1.626669]      scan-1142 get_device_data       : No context for object [ffff88040d8224d8]
[    1.630002]      scan-1142 get_device_data       : No context for object [ffff88040d822500]
[    1.635473]      scan-1142 get_device_data       : No context for object [ffff88040d822528]
[    1.638654]      scan-1142 get_device_data       : No context for object [ffff88040d822550]
[    1.643334]      scan-1142 get_device_data       : No context for object [ffff88040d822578]
[    1.646668]      scan-1142 get_device_data       : No context for object [ffff88040d8225a0]
[    1.652063]      scan-1142 get_device_data       : No context for object [ffff88040d8225c8]
[    1.655368]      scan-1142 get_device_data       : No context for object [ffff88040d8225f0]
[    1.658682]      scan-1142 get_device_data       : No context for object [ffff88040d822618]
[    1.663335]      scan-1142 get_device_data       : No context for object [ffff88040d822640]
[    1.666669]      scan-1142 get_device_data       : No context for object [ffff88040d822668]
[    1.672060]      scan-1142 get_device_data       : No context for object [ffff88040d822690]
[    1.675317]      scan-1142 get_device_data       : No context for object [ffff88040d8226b8]
[    1.680002]      scan-1142 get_device_data       : No context for object [ffff88040d8226e0]
[    1.683334]      scan-1142 get_device_data       : No context for object [ffff88040d822708]
[    1.686668]      scan-1142 get_device_data       : No context for object [ffff88040d822730]
[    1.691960]      scan-1142 get_device_data       : No context for object [ffff88040d822758]
[    1.695460]      scan-1142 get_device_data       : No context for object [ffff88040d822780]
[    1.700002]     utils-0051 util_eval_error       : Evaluate [\_SB_.PCI0.PB2_.VGA_._STA]: AE_NOT_FOUND
[    1.703359] device: 'device:01': device_add
[    1.705256] bus: 'acpi': add device device:01
[    1.706693]      scan-1934 add_single_object     : Added device:01 [\_SB_.PCI0.PB2_.VGA_] parent device:00
[    1.712128]      scan-1142 get_device_data       : No context for object [ffff88040d8227a8]
[    1.715462]      scan-1142 get_device_data       : No context for object [ffff88040d8227d0]
[    1.720001]      scan-1142 get_device_data       : No context for object [ffff88040d8227f8]
[    1.723334]      scan-1142 get_device_data       : No context for object [ffff88040d822820]
[    1.726668]      scan-1142 get_device_data       : No context for object [ffff88040d822848]
[    1.732135]      scan-1142 get_device_data       : No context for object [ffff88040d822870]
[    1.735429]      scan-1142 get_device_data       : No context for object [ffff88040d822898]
[    1.740001]      scan-1142 get_device_data       : No context for object [ffff88040d8228c0]
[    1.743334]      scan-1142 get_device_data       : No context for object [ffff88040d8228e8]
[    1.746668]      scan-1142 get_device_data       : No context for object [ffff88040d822910]
[    1.752140]      scan-1142 get_device_data       : No context for object [ffff88040d822938]
[    1.756668]      scan-1142 get_device_data       : No context for object [ffff88040d822960]
[    1.760001]      scan-1142 get_device_data       : No context for object [ffff88040d822988]
[    1.763338]      scan-1142 get_device_data       : No context for object [ffff88040d8229b0]
[    1.768815]      scan-1142 get_device_data       : No context for object [ffff88040d8229d8]
[    1.772044]      scan-1142 get_device_data       : No context for object [ffff88040d822a00]
[    1.776669]      scan-1142 get_device_data       : No context for object [ffff88040d822a28]
[    1.780002]      scan-1142 get_device_data       : No context for object [ffff88040d822a50]
[    1.783334]      scan-1142 get_device_data       : No context for object [ffff88040d822a78]
[    1.788742]      scan-1142 get_device_data       : No context for object [ffff88040d822aa0]
[    1.791982]      scan-1142 get_device_data       : No context for object [ffff88040d822ac8]
[    1.796668]      scan-1142 get_device_data       : No context for object [ffff88040d822af0]
[    1.800001]      scan-1142 get_device_data       : No context for object [ffff88040d822b18]
[    1.805404]      scan-1142 get_device_data       : No context for object [ffff88040d822b40]
[    1.808637]      scan-1142 get_device_data       : No context for object [ffff88040d822b68]
[    1.813334]      scan-1142 get_device_data       : No context for object [ffff88040d822b90]
[    1.816668]      scan-1142 get_device_data       : No context for object [ffff88040d822bb8]
[    1.820002]      scan-1142 get_device_data       : No context for object [ffff88040d822be0]
[    1.825293]      scan-1142 get_device_data       : No context for object [ffff88040d822c08]
[    1.828788]      scan-1142 get_device_data       : No context for object [ffff88040d822c30]
[    1.833335]      scan-1142 get_device_data       : No context for object [ffff88040d822c58]
[    1.836669]      scan-1142 get_device_data       : No context for object [ffff88040d822c80]
[    1.840002]      scan-1142 get_device_data       : No context for object [ffff88040d822ca8]
[    1.845432]      scan-1142 get_device_data       : No context for object [ffff88040d822cd0]
[    1.848807]      scan-1142 get_device_data       : No context for object [ffff88040d822cf8]
[    1.853334]      scan-1142 get_device_data       : No context for object [ffff88040d822d20]
[    1.856668]      scan-1142 get_device_data       : No context for object [ffff88040d822d48]
[    1.860001]      scan-1142 get_device_data       : No context for object [ffff88040d822d70]
[    1.865475]      scan-1142 get_device_data       : No context for object [ffff88040d822d98]
[    1.870001]      scan-1142 get_device_data       : No context for object [ffff88040d837438]
[    1.873334]      scan-1142 get_device_data       : No context for object [ffff88040d822dc0]
[    1.878811]     utils-0051 util_eval_error       : Evaluate [\_SB_.PCI0.PB2_.HDAU._STA]: AE_NOT_FOUND
[    1.882160] device: 'device:02': device_add
[    1.883336] bus: 'acpi': add device device:02
[    1.886691]      scan-1934 add_single_object     : Added device:02 [\_SB_.PCI0.PB2_.HDAU] parent device:00
[    1.890005]      scan-1142 get_device_data       : No context for object [ffff88040d822de8]
[    1.893336]      scan-1142 get_device_data       : No context for object [ffff88040d822e10]
[    1.898808]      scan-1142 get_device_data       : No context for object [ffff88040d822e38]
[    1.903335]      scan-1142 get_device_data       : No context for object [ffff88040d822e60]
[    1.906671]      scan-1142 get_device_data       : No context for object [ffff88040d822e88]
[    1.910002]      scan-1142 get_device_data       : No context for object [ffff88040d822eb0]
[    1.915464]      scan-1142 get_device_data       : No context for object [ffff88040d822ed8]
[    1.918760]     utils-0051 util_eval_error       : Evaluate [\_SB_.PCI0.PB3_._STA]: AE_NOT_FOUND
[    1.923413] device: 'device:03': device_add
[    1.925244] bus: 'acpi': add device device:03
[    1.926696]      scan-1934 add_single_object     : Added device:03 [\_SB_.PCI0.PB3_] parent PNP0A08:00
[    1.930003]      scan-1142 get_device_data       : No context for object [ffff88040d822f00]
[    1.935473]      scan-1142 get_device_data       : No context for object [ffff88040d822f28]
[    1.938717]      scan-1142 get_device_data       : No context for object [ffff88040d822f50]
[    1.943335]      scan-1142 get_device_data       : No context for object [ffff88040d822f78]
[    1.946668]      scan-1142 get_device_data       : No context for object [ffff88040d822fa0]
[    1.950001]      scan-1142 get_device_data       : No context for object [ffff88040d822fc8]
[    1.955435]      scan-1142 get_device_data       : No context for object [ffff88040d823000]
[    1.958650]      scan-1142 get_device_data       : No context for object [ffff88040d823028]
[    1.963335]      scan-1142 get_device_data       : No context for object [ffff88040d823050]
[    1.966669]      scan-1142 get_device_data       : No context for object [ffff88040d823078]
[    1.972135]      scan-1142 get_device_data       : No context for object [ffff88040d8230a0]
[    1.975317]      scan-1142 get_device_data       : No context for object [ffff88040d8230c8]
[    1.980001]      scan-1142 get_device_data       : No context for object [ffff88040d8230f0]
[    1.983334]      scan-1142 get_device_data       : No context for object [ffff88040d823118]
[    1.986668]      scan-1142 get_device_data       : No context for object [ffff88040d823140]
[    1.991960]      scan-1142 get_device_data       : No context for object [ffff88040d823168]
[    1.995476]      scan-1142 get_device_data       : No context for object [ffff88040d823190]
[    2.000001]      scan-1142 get_device_data       : No context for object [ffff88040d8231b8]
[    2.003334]      scan-1142 get_device_data       : No context for object [ffff88040d8231e0]
[    2.006668]      scan-1142 get_device_data       : No context for object [ffff88040d823208]
[    2.012129]      scan-1142 get_device_data       : No context for object [ffff88040d823230]
[    2.015472]      scan-1142 get_device_data       : No context for object [ffff88040d823258]
[    2.020002]      scan-1142 get_device_data       : No context for object [ffff88040d823280]
[    2.023335]      scan-1142 get_device_data       : No context for object [ffff88040d8232a8]
[    2.026669]      scan-1142 get_device_data       : No context for object [ffff88040d8232d0]
[    2.032144]      scan-1142 get_device_data       : No context for object [ffff88040d8232f8]
[    2.036669]      scan-1142 get_device_data       : No context for object [ffff88040d823320]
[    2.040002]      scan-1142 get_device_data       : No context for object [ffff88040d823348]
[    2.043335]      scan-1142 get_device_data       : No context for object [ffff88040d823370]
[    2.048811]      scan-1142 get_device_data       : No context for object [ffff88040d823398]
[    2.052140]      scan-1142 get_device_data       : No context for object [ffff88040d8233c0]
[    2.056669]     utils-0051 util_eval_error       : Evaluate [\_SB_.PCI0.PB3_.VGA_._STA]: AE_NOT_FOUND
[    2.060020]     video-0058 backlight_cap_match   : Found generic backlight support
[    2.063342] device: 'LNXVIDEO:00': device_add
[    2.066669] bus: 'acpi': add device LNXVIDEO:00
[    2.068718]      scan-1934 add_single_object     : Added LNXVIDEO:00 [\_SB_.PCI0.PB3_.VGA_] parent device:03
[    2.073342]      scan-1142 get_device_data       : No context for object [ffff88040d8233e8]
[    2.076668]      scan-1142 get_device_data       : No context for object [ffff88040d823410]
[    2.080002]      scan-1142 get_device_data       : No context for object [ffff88040d823438]
[    2.085472]      scan-1142 get_device_data       : No context for object [ffff88040d823460]
[    2.088759]      scan-1142 get_device_data       : No context for object [ffff88040d823488]
[    2.093335]      scan-1142 get_device_data       : No context for object [ffff88040d8234b0]
[    2.096669]      scan-1142 get_device_data       : No context for object [ffff88040d8234d8]
[    2.100001]      scan-1142 get_device_data       : No context for object [ffff88040d823500]
[    2.105469]      scan-1142 get_device_data       : No context for object [ffff88040d823528]
[    2.108644]      scan-1142 get_device_data       : No context for object [ffff88040d823550]
[    2.113334]      scan-1142 get_device_data       : No context for object [ffff88040d823578]
[    2.116668]      scan-1142 get_device_data       : No context for object [ffff88040d8235a0]
[    2.122059]      scan-1142 get_device_data       : No context for object [ffff88040d8235c8]
[    2.125312]      scan-1142 get_device_data       : No context for object [ffff88040d8235f0]
[    2.130001]      scan-1142 get_device_data       : No context for object [ffff88040d823618]
[    2.133334]      scan-1142 get_device_data       : No context for object [ffff88040d823640]
[    2.136669]      scan-1142 get_device_data       : No context for object [ffff88040d823668]
[    2.141986]      scan-1142 get_device_data       : No context for object [ffff88040d823690]
[    2.145483]      scan-1142 get_device_data       : No context for object [ffff88040d8236b8]
[    2.150002]      scan-1142 get_device_data       : No context for object [ffff88040d8236e0]
[    2.153335]      scan-1142 get_device_data       : No context for object [ffff88040d823708]
[    2.156669]      scan-1142 get_device_data       : No context for object [ffff88040d823730]
[    2.162143]      scan-1142 get_device_data       : No context for object [ffff88040d823758]
[    2.165480]      scan-1142 get_device_data       : No context for object [ffff88040d823780]
[    2.170001]      scan-1142 get_device_data       : No context for object [ffff88040d8237a8]
[    2.173334]      scan-1142 get_device_data       : No context for object [ffff88040d8237d0]
[    2.176669]      scan-1142 get_device_data       : No context for object [ffff88040d8237f8]
[    2.182094]      scan-1142 get_device_data       : No context for object [ffff88040d823820]
[    2.186668]      scan-1142 get_device_data       : No context for object [ffff88040d823848]
[    2.190001]      scan-1142 get_device_data       : No context for object [ffff88040d823870]
[    2.193334]      scan-1142 get_device_data       : No context for object [ffff88040d823898]
[    2.198729]      scan-1142 get_device_data       : No context for object [ffff88040d8238c0]
[    2.202139]      scan-1142 get_device_data       : No context for object [ffff88040d8238e8]
[    2.206669]      scan-1142 get_device_data       : No context for object [ffff88040d823910]
[    2.210001]      scan-1142 get_device_data       : No context for object [ffff88040d823938]
[    2.213335]      scan-1142 get_device_data       : No context for object [ffff88040d823960]
[    2.218813]      scan-1142 get_device_data       : No context for object [ffff88040d823988]
[    2.222086]      scan-1142 get_device_data       : No context for object [ffff88040d8239b0]
[    2.226669]      scan-1142 get_device_data       : No context for object [ffff88040d8239d8]
[    2.230002]      scan-1142 get_device_data       : No context for object [ffff88040d837460]
[    2.236394]      scan-1142 get_device_data       : No context for object [ffff88040d83ac08]
[    2.240001]      scan-1142 get_device_data       : No context for object [ffff88040d83ac30]
[    2.243335]      scan-1142 get_device_data       : No context for object [ffff88040d83ac58]
[    2.246669]     utils-0051 util_eval_error       : Evaluate [\_SB_.PCI0.PB3_.VGA_.CRT_._STA]: AE_NOT_FOUND
[    2.252158] device: 'device:04': device_add
[    2.253336] bus: 'acpi': add device device:04
[    2.256680]      scan-1934 add_single_object     : Added device:04 [\_SB_.PCI0.PB3_.VGA_.CRT_] parent LNXVIDEO:00
[    2.260003]      scan-1142 get_device_data       : No context for object [ffff88040d83ac80]
[    2.263334]      scan-1142 get_device_data       : No context for object [ffff88040d83aca8]
[    2.266668]      scan-1142 get_device_data       : No context for object [ffff88040d83acd0]
[    2.272141]      scan-1142 get_device_data       : No context for object [ffff88040d83acf8]
[    2.275312]      scan-1142 get_device_data       : No context for object [ffff88040d83ad20]
[    2.280002]     utils-0051 util_eval_error       : Evaluate [\_SB_.PCI0.PB3_.VGA_.LCD_._STA]: AE_NOT_FOUND
[    2.283384] device: 'device:05': device_add
[    2.286674] bus: 'acpi': add device device:05
[    2.288734]      scan-1934 add_single_object     : Added device:05 [\_SB_.PCI0.PB3_.VGA_.LCD_] parent LNXVIDEO:00
[    2.291987]      scan-1142 get_device_data       : No context for object [ffff88040d83ad48]
[    2.296669]      scan-1142 get_device_data       : No context for object [ffff88040d83ad70]
[    2.300002]      scan-1142 get_device_data       : No context for object [ffff88040d83ad98]
[    2.303334]      scan-1142 get_device_data       : No context for object [ffff88040d83adc0]
[    2.308650]      scan-1142 get_device_data       : No context for object [ffff88040d83ade8]
[    2.312144]      scan-1142 get_device_data       : No context for object [ffff88040d83ae10]
[    2.316668]      scan-1142 get_device_data       : No context for object [ffff88040d83ae38]
[    2.320001]      scan-1142 get_device_data       : No context for object [ffff88040d83ae60]
[    2.325218]     utils-0051 util_eval_error       : Evaluate [\_SB_.PCI0.PB3_.VGA_.TV0_._STA]: AE_NOT_FOUND
[    2.328814] device: 'device:06': device_add
[    2.330003] bus: 'acpi': add device device:06
[    2.333349]      scan-1934 add_single_object     : Added device:06 [\_SB_.PCI0.PB3_.VGA_.TV0_] parent LNXVIDEO:00
[    2.336672]      scan-1142 get_device_data       : No context for object [ffff88040d83ae88]
[    2.340002]      scan-1142 get_device_data       : No context for object [ffff88040d83aeb0]
[    2.345333]      scan-1142 get_device_data       : No context for object [ffff88040d83aed8]
[    2.348792]      scan-1142 get_device_data       : No context for object [ffff88040d83af00]
[    2.353335]      scan-1142 get_device_data       : No context for object [ffff88040d83af28]
[    2.356670]     utils-0051 util_eval_error       : Evaluate [\_SB_.PCI0.PB3_.VGA_.HDMI._STA]: AE_NOT_FOUND
[    2.360046] device: 'device:07': device_add
[    2.363338] bus: 'acpi': add device device:07
[    2.365356]      scan-1934 add_single_object     : Added device:07 [\_SB_.PCI0.PB3_.VGA_.HDMI] parent LNXVIDEO:00
[    2.368768]      scan-1142 get_device_data       : No context for object [ffff88040d83af50]
[    2.373334]      scan-1142 get_device_data       : No context for object [ffff88040d83af78]
[    2.376669]      scan-1142 get_device_data       : No context for object [ffff88040d83afa0]
[    2.380002]      scan-1142 get_device_data       : No context for object [ffff88040d83afc8]
[    2.385474]      scan-1142 get_device_data       : No context for object [ffff88040d823a00]
[    2.388791]     utils-0051 util_eval_error       : Evaluate [\_SB_.PCI0.PB3_.HDAU._STA]: AE_NOT_FOUND
[    2.393356] device: 'device:08': device_add
[    2.395357] bus: 'acpi': add device device:08
[    2.396682]      scan-1934 add_single_object     : Added device:08 [\_SB_.PCI0.PB3_.HDAU] parent device:03
[    2.400003]      scan-1142 get_device_data       : No context for object [ffff88040d823a28]
[    2.405477]      scan-1142 get_device_data       : No context for object [ffff88040d823a50]
[    2.408646]      scan-1142 get_device_data       : No context for object [ffff88040d823a78]
[    2.413335]      scan-1142 get_device_data       : No context for object [ffff88040d823aa0]
[    2.416669]      scan-1142 get_device_data       : No context for object [ffff88040d823ac8]
[    2.422144]      scan-1142 get_device_data       : No context for object [ffff88040d823af0]
[    2.425315]      scan-1142 get_device_data       : No context for object [ffff88040d823b18]
[    2.430004]     utils-0051 util_eval_error       : Evaluate [\_SB_.PCI0.PB4_._STA]: AE_NOT_FOUND
[    2.433415] device: 'device:09': device_add
[    2.435405] bus: 'acpi': add device device:09
[    2.436683]      scan-1934 add_single_object     : Added device:09 [\_SB_.PCI0.PB4_] parent PNP0A08:00
[    2.441943]      scan-1142 get_device_data       : No context for object [ffff88040d823b40]
[    2.445471]      scan-1142 get_device_data       : No context for object [ffff88040d823b68]
[    2.450001]      scan-1142 get_device_data       : No context for object [ffff88040d823b90]
[    2.453335]      scan-1142 get_device_data       : No context for object [ffff88040d823bb8]
[    2.456668]      scan-1142 get_device_data       : No context for object [ffff88040d823be0]
[    2.462092]      scan-1142 get_device_data       : No context for object [ffff88040d823c08]
[    2.465428]      scan-1142 get_device_data       : No context for object [ffff88040d823c30]
[    2.470001]      scan-1142 get_device_data       : No context for object [ffff88040d823c58]
[    2.473334]      scan-1142 get_device_data       : No context for object [ffff88040d823c80]
[    2.476668]      scan-1142 get_device_data       : No context for object [ffff88040d823ca8]
[    2.482121]      scan-1142 get_device_data       : No context for object [ffff88040d823cd0]
[    2.485465]      scan-1142 get_device_data       : No context for object [ffff88040d823cf8]
[    2.490001]      scan-1142 get_device_data       : No context for object [ffff88040d823d20]
[    2.493334]      scan-1142 get_device_data       : No context for object [ffff88040d823d48]
[    2.496668]      scan-1142 get_device_data       : No context for object [ffff88040d823d70]
[    2.502120]      scan-1142 get_device_data       : No context for object [ffff88040d823d98]
[    2.505424]      scan-1142 get_device_data       : No context for object [ffff88040d823dc0]
[    2.510001]      scan-1142 get_device_data       : No context for object [ffff88040d823de8]
[    2.513334]      scan-1142 get_device_data       : No context for object [ffff88040d823e10]
[    2.516668]      scan-1142 get_device_data       : No context for object [ffff88040d823e38]
[    2.522146]      scan-1142 get_device_data       : No context for object [ffff88040d823e60]
[    2.525326]      scan-1142 get_device_data       : No context for object [ffff88040d823e88]
[    2.530002]      scan-1142 get_device_data       : No context for object [ffff88040d823eb0]
[    2.533335]      scan-1142 get_device_data       : No context for object [ffff88040d823ed8]
[    2.538811]      scan-1142 get_device_data       : No context for object [ffff88040d823f00]
[    2.541986]      scan-1142 get_device_data       : No context for object [ffff88040d823f28]
[    2.546669]      scan-1142 get_device_data       : No context for object [ffff88040d823f50]
[    2.550001]      scan-1142 get_device_data       : No context for object [ffff88040d823f78]
[    2.553334]      scan-1142 get_device_data       : No context for object [ffff88040d823fa0]
[    2.558649]      scan-1142 get_device_data       : No context for object [ffff88040d823fc8]
[    2.562133]      scan-1142 get_device_data       : No context for object [ffff88040d825000]
[    2.566669]     utils-0051 util_eval_error       : Evaluate [\_SB_.PCI0.PB4_.XPDV._STA]: AE_NOT_FOUND
[    2.570037] device: 'device:0a': device_add
[    2.573338] bus: 'acpi': add device device:0a
[    2.575210]      scan-1934 add_single_object     : Added device:0a [\_SB_.PCI0.PB4_.XPDV] parent device:09
[    2.578770]      scan-1142 get_device_data       : No context for object [ffff88040d825028]
[    2.583335]      scan-1142 get_device_data       : No context for object [ffff88040d825050]
[    2.586669]      scan-1142 get_device_data       : No context for object [ffff88040d825078]
[    2.590002]      scan-1142 get_device_data       : No context for object [ffff88040d8250a0]
[    2.595372]      scan-1142 get_device_data       : No context for object [ffff88040d8250c8]
[    2.600002]      scan-1142 get_device_data       : No context for object [ffff88040d837500]
[    2.603335]      scan-1142 get_device_data       : No context for object [ffff88040d8250f0]
[    2.608646]      scan-1142 get_device_data       : No context for object [ffff88040d825118]
[    2.612101]     utils-0051 util_eval_error       : Evaluate [\_SB_.PCI0.PB5_._STA]: AE_NOT_FOUND
[    2.616746] device: 'device:0b': device_add
[    2.618736] bus: 'acpi': add device device:0b
[    2.620019]      scan-1934 add_single_object     : Added device:0b [\_SB_.PCI0.PB5_] parent PNP0A08:00
[    2.623339]      scan-1142 get_device_data       : No context for object [ffff88040d825140]
[    2.628724]      scan-1142 get_device_data       : No context for object [ffff88040d825168]
[    2.632143]      scan-1142 get_device_data       : No context for object [ffff88040d825190]
[    2.636669]      scan-1142 get_device_data       : No context for object [ffff88040d8251b8]
[    2.640002]      scan-1142 get_device_data       : No context for object [ffff88040d8251e0]
[    2.643335]      scan-1142 get_device_data       : No context for object [ffff88040d825208]
[    2.648809]      scan-1142 get_device_data       : No context for object [ffff88040d825230]
[    2.653334]      scan-1142 get_device_data       : No context for object [ffff88040d825258]
[    2.656668]      scan-1142 get_device_data       : No context for object [ffff88040d825280]
[    2.660002]      scan-1142 get_device_data       : No context for object [ffff88040d8252a8]
[    2.665394]      scan-1142 get_device_data       : No context for object [ffff88040d8252d0]
[    2.668760]      scan-1142 get_device_data       : No context for object [ffff88040d8252f8]
[    2.673334]      scan-1142 get_device_data       : No context for object [ffff88040d825320]
[    2.676669]      scan-1142 get_device_data       : No context for object [ffff88040d825348]
[    2.680001]      scan-1142 get_device_data       : No context for object [ffff88040d825370]
[    2.685449]      scan-1142 get_device_data       : No context for object [ffff88040d825398]
[    2.688760]      scan-1142 get_device_data       : No context for object [ffff88040d8253c0]
[    2.693334]      scan-1142 get_device_data       : No context for object [ffff88040d8253e8]
[    2.696668]      scan-1142 get_device_data       : No context for object [ffff88040d825410]
[    2.700001]      scan-1142 get_device_data       : No context for object [ffff88040d825438]
[    2.705425]      scan-1142 get_device_data       : No context for object [ffff88040d825460]
[    2.708646]      scan-1142 get_device_data       : No context for object [ffff88040d825488]
[    2.713334]      scan-1142 get_device_data       : No context for object [ffff88040d8254b0]
[    2.716668]      scan-1142 get_device_data       : No context for object [ffff88040d8254d8]
[    2.720001]      scan-1142 get_device_data       : No context for object [ffff88040d825500]
[    2.725313]      scan-1142 get_device_data       : No context for object [ffff88040d825528]
[    2.728725]      scan-1142 get_device_data       : No context for object [ffff88040d825550]
[    2.733334]      scan-1142 get_device_data       : No context for object [ffff88040d825578]
[    2.736669]      scan-1142 get_device_data       : No context for object [ffff88040d8255a0]
[    2.740002]      scan-1142 get_device_data       : No context for object [ffff88040d8255c8]
[    2.745383]      scan-1142 get_device_data       : No context for object [ffff88040d8255f0]
[    2.748814]     utils-0051 util_eval_error       : Evaluate [\_SB_.PCI0.PB5_.XPDV._STA]: AE_NOT_FOUND
[    2.753363] device: 'device:0c': device_add
[    2.755400] bus: 'acpi': add device device:0c
[    2.756683]      scan-1934 add_single_object     : Added device:0c [\_SB_.PCI0.PB5_.XPDV] parent device:0b
[    2.760005]      scan-1142 get_device_data       : No context for object [ffff88040d825618]
[    2.765479]      scan-1142 get_device_data       : No context for object [ffff88040d825640]
[    2.770001]      scan-1142 get_device_data       : No context for object [ffff88040d825668]
[    2.773335]      scan-1142 get_device_data       : No context for object [ffff88040d825690]
[    2.776668]      scan-1142 get_device_data       : No context for object [ffff88040d8256b8]
[    2.782140]      scan-1142 get_device_data       : No context for object [ffff88040d837528]
[    2.785477]      scan-1142 get_device_data       : No context for object [ffff88040d8256e0]
[    2.790002]      scan-1142 get_device_data       : No context for object [ffff88040d825708]
[    2.793336]     utils-0051 util_eval_error       : Evaluate [\_SB_.PCI0.PB6_._STA]: AE_NOT_FOUND
[    2.796753] device: 'device:0d': device_add
[    2.800005] bus: 'acpi': add device device:0d
[    2.802043]      scan-1934 add_single_object     : Added device:0d [\_SB_.PCI0.PB6_] parent PNP0A08:00
[    2.805453]      scan-1142 get_device_data       : No context for object [ffff88040d825730]
[    2.810002]      scan-1142 get_device_data       : No context for object [ffff88040d825758]
[    2.813335]      scan-1142 get_device_data       : No context for object [ffff88040d825780]
[    2.816669]      scan-1142 get_device_data       : No context for object [ffff88040d8257a8]
[    2.822144]      scan-1142 get_device_data       : No context for object [ffff88040d8257d0]
[    2.825318]      scan-1142 get_device_data       : No context for object [ffff88040d8257f8]
[    2.830002]      scan-1142 get_device_data       : No context for object [ffff88040d825820]
[    2.833334]      scan-1142 get_device_data       : No context for object [ffff88040d825848]
[    2.838808]      scan-1142 get_device_data       : No context for object [ffff88040d825870]
[    2.841974]      scan-1142 get_device_data       : No context for object [ffff88040d825898]
[    2.846668]      scan-1142 get_device_data       : No context for object [ffff88040d8258c0]
[    2.850001]      scan-1142 get_device_data       : No context for object [ffff88040d8258e8]
[    2.853335]      scan-1142 get_device_data       : No context for object [ffff88040d825910]
[    2.858647]      scan-1142 get_device_data       : No context for object [ffff88040d825938]
[    2.862090]      scan-1142 get_device_data       : No context for object [ffff88040d825960]
[    2.866669]      scan-1142 get_device_data       : No context for object [ffff88040d825988]
[    2.870002]      scan-1142 get_device_data       : No context for object [ffff88040d8259b0]
[    2.875302]      scan-1142 get_device_data       : No context for object [ffff88040d8259d8]
[    2.878713]      scan-1142 get_device_data       : No context for object [ffff88040d825a00]
[    2.883334]      scan-1142 get_device_data       : No context for object [ffff88040d825a28]
[    2.886668]      scan-1142 get_device_data       : No context for object [ffff88040d825a50]
[    2.890001]      scan-1142 get_device_data       : No context for object [ffff88040d825a78]
[    2.895222]      scan-1142 get_device_data       : No context for object [ffff88040d825aa0]
[    2.898806]      scan-1142 get_device_data       : No context for object [ffff88040d825ac8]
[    2.903334]      scan-1142 get_device_data       : No context for object [ffff88040d825af0]
[    2.906668]      scan-1142 get_device_data       : No context for object [ffff88040d825b18]
[    2.910001]      scan-1142 get_device_data       : No context for object [ffff88040d825b40]
[    2.915426]      scan-1142 get_device_data       : No context for object [ffff88040d825b68]
[    2.918781]      scan-1142 get_device_data       : No context for object [ffff88040d825b90]
[    2.923334]      scan-1142 get_device_data       : No context for object [ffff88040d825bb8]
[    2.926668]      scan-1142 get_device_data       : No context for object [ffff88040d825be0]
[    2.930003]     utils-0051 util_eval_error       : Evaluate [\_SB_.PCI0.PB6_.XPDV._STA]: AE_NOT_FOUND
[    2.935479] device: 'device:0e': device_add
[    2.936669] bus: 'acpi': add device device:0e
[    2.940004]      scan-1934 add_single_object     : Added device:0e [\_SB_.PCI0.PB6_.XPDV] parent device:0d
[    2.943336]      scan-1142 get_device_data       : No context for object [ffff88040d825c08]
[    2.946668]      scan-1142 get_device_data       : No context for object [ffff88040d825c30]
[    2.950002]      scan-1142 get_device_data       : No context for object [ffff88040d825c58]
[    2.955479]      scan-1142 get_device_data       : No context for object [ffff88040d825c80]
[    2.958647]      scan-1142 get_device_data       : No context for object [ffff88040d825ca8]
[    2.963335]      scan-1142 get_device_data       : No context for object [ffff88040d837550]
[    2.968811]      scan-1142 get_device_data       : No context for object [ffff88040d825cd0]
[    2.972138]      scan-1142 get_device_data       : No context for object [ffff88040d825cf8]
[    2.976669]     utils-0051 util_eval_error       : Evaluate [\_SB_.PCI0.PB7_._STA]: AE_NOT_FOUND
[    2.980079] device: 'device:0f': device_add
[    2.982066] bus: 'acpi': add device device:0f
[    2.983350]      scan-1934 add_single_object     : Added device:0f [\_SB_.PCI0.PB7_] parent PNP0A08:00
[    2.988812]      scan-1142 get_device_data       : No context for object [ffff88040d825d20]
[    2.991969]      scan-1142 get_device_data       : No context for object [ffff88040d825d48]
[    2.996669]      scan-1142 get_device_data       : No context for object [ffff88040d825d70]
[    3.000002]      scan-1142 get_device_data       : No context for object [ffff88040d825d98]
[    3.005475]      scan-1142 get_device_data       : No context for object [ffff88040d825dc0]
[    3.008652]      scan-1142 get_device_data       : No context for object [ffff88040d825de8]
[    3.013335]      scan-1142 get_device_data       : No context for object [ffff88040d825e10]
[    3.016668]      scan-1142 get_device_data       : No context for object [ffff88040d825e38]
[    3.020001]      scan-1142 get_device_data       : No context for object [ffff88040d825e60]
[    3.025345]      scan-1142 get_device_data       : No context for object [ffff88040d825e88]
[    3.028711]      scan-1142 get_device_data       : No context for object [ffff88040d825eb0]
[    3.033334]      scan-1142 get_device_data       : No context for object [ffff88040d825ed8]
[    3.036668]      scan-1142 get_device_data       : No context for object [ffff88040d825f00]
[    3.041965]      scan-1142 get_device_data       : No context for object [ffff88040d825f28]
[    3.045343]      scan-1142 get_device_data       : No context for object [ffff88040d825f50]
[    3.050001]      scan-1142 get_device_data       : No context for object [ffff88040d825f78]
[    3.053335]      scan-1142 get_device_data       : No context for object [ffff88040d825fa0]
[    3.056669]      scan-1142 get_device_data       : No context for object [ffff88040d825fc8]
[    3.061985]      scan-1142 get_device_data       : No context for object [ffff88040d827000]
[    3.065480]      scan-1142 get_device_data       : No context for object [ffff88040d827028]
[    3.070002]      scan-1142 get_device_data       : No context for object [ffff88040d827050]
[    3.073334]      scan-1142 get_device_data       : No context for object [ffff88040d827078]
[    3.076669]      scan-1142 get_device_data       : No context for object [ffff88040d8270a0]
[    3.082143]      scan-1142 get_device_data       : No context for object [ffff88040d8270c8]
[    3.085425]      scan-1142 get_device_data       : No context for object [ffff88040d8270f0]
[    3.090001]      scan-1142 get_device_data       : No context for object [ffff88040d827118]
[    3.093335]      scan-1142 get_device_data       : No context for object [ffff88040d827140]
[    3.096668]      scan-1142 get_device_data       : No context for object [ffff88040d827168]
[    3.102095]      scan-1142 get_device_data       : No context for object [ffff88040d827190]
[    3.105450]      scan-1142 get_device_data       : No context for object [ffff88040d8271b8]
[    3.110001]      scan-1142 get_device_data       : No context for object [ffff88040d8271e0]
[    3.113336]     utils-0051 util_eval_error       : Evaluate [\_SB_.PCI0.PB7_.XPDV._STA]: AE_NOT_FOUND
[    3.116690] device: 'device:10': device_add
[    3.120003] bus: 'acpi': add device device:10
[    3.122011]      scan-1934 add_single_object     : Added device:10 [\_SB_.PCI0.PB7_.XPDV] parent device:0f
[    3.125271]      scan-1142 get_device_data       : No context for object [ffff88040d827208]
[    3.130001]      scan-1142 get_device_data       : No context for object [ffff88040d827230]
[    3.133334]      scan-1142 get_device_data       : No context for object [ffff88040d827258]
[    3.136668]      scan-1142 get_device_data       : No context for object [ffff88040d827280]
[    3.141968]      scan-1142 get_device_data       : No context for object [ffff88040d8272a8]
[    3.145355]      scan-1142 get_device_data       : No context for object [ffff88040d837488]
[    3.150001]      scan-1142 get_device_data       : No context for object [ffff88040d8272d0]
[    3.153334]      scan-1142 get_device_data       : No context for object [ffff88040d8272f8]
[    3.156669]     utils-0051 util_eval_error       : Evaluate [\_SB_.PCI0.OHC1._STA]: AE_NOT_FOUND
[    3.162042] device: 'device:11': device_add
[    3.163336] bus: 'acpi': add device device:11
[    3.166677]      scan-1934 add_single_object     : Added device:11 [\_SB_.PCI0.OHC1] parent PNP0A08:00
[    3.170005]      scan-1142 get_device_data       : No context for object [ffff88040d827320]
[    3.173335]      scan-1142 get_device_data       : No context for object [ffff88040d827348]
[    3.176669]      scan-1142 get_device_data       : No context for object [ffff88040d83b2f8]
[    3.182102]     utils-0051 util_eval_error       : Evaluate [\_SB_.PCI0.OHC1.RHUB._STA]: AE_NOT_FOUND
[    3.185471] device: 'device:12': device_add
[    3.186671] bus: 'acpi': add device device:12
[    3.190028]      scan-1934 add_single_object     : Added device:12 [\_SB_.PCI0.OHC1.RHUB] parent device:11
[    3.193339]      scan-1142 get_device_data       : No context for object [ffff88040d83b320]
[    3.196669]      scan-1142 get_device_data       : No context for object [ffff88040d83b348]
[    3.202145]     utils-0051 util_eval_error       : Evaluate [\_SB_.PCI0.OHC1.RHUB.PRT3._STA]: AE_NOT_FOUND
[    3.206689] device: 'device:13': device_add
[    3.208635] bus: 'acpi': add device device:13
[    3.210028]      scan-1934 add_single_object     : Added device:13 [\_SB_.PCI0.OHC1.RHUB.PRT3] parent device:12
[    3.213336]      scan-1142 get_device_data       : No context for object [ffff88040d83b370]
[    3.218806]      scan-1142 get_device_data       : No context for object [ffff88040d83b398]
[    3.222140]      scan-1142 get_device_data       : No context for object [ffff88040d83b3c0]
[    3.226668]      scan-1142 get_device_data       : No context for object [ffff88040d83b3e8]
[    3.230002]     utils-0051 util_eval_error       : Evaluate [\_SB_.PCI0.OHC1.RHUB.PRT4._STA]: AE_NOT_FOUND
[    3.233370] device: 'device:14': device_add
[    3.236671] bus: 'acpi': add device device:14
[    3.238731]      scan-1934 add_single_object     : Added device:14 [\_SB_.PCI0.OHC1.RHUB.PRT4] parent device:12
[    3.243338]      scan-1142 get_device_data       : No context for object [ffff88040d83b410]
[    3.246669]      scan-1142 get_device_data       : No context for object [ffff88040d83b438]
[    3.250002]      scan-1142 get_device_data       : No context for object [ffff88040d83b460]
[    3.255476]      scan-1142 get_device_data       : No context for object [ffff88040d827370]
[    3.258631]     utils-0051 util_eval_error       : Evaluate [\_SB_.PCI0.EHC1._STA]: AE_NOT_FOUND
[    3.263431] device: 'device:15': device_add
[    3.265426] bus: 'acpi': add device device:15
[    3.266692]      scan-1934 add_single_object     : Added device:15 [\_SB_.PCI0.EHC1] parent PNP0A08:00
[    3.270003]      scan-1142 get_device_data       : No context for object [ffff88040d827398]
[    3.275390]      scan-1142 get_device_data       : No context for object [ffff88040d8273c0]
[    3.278614]      scan-1142 get_device_data       : No context for object [ffff88040d83b028]
[    3.283336]     utils-0051 util_eval_error       : Evaluate [\_SB_.PCI0.EHC1.RHUB._STA]: AE_NOT_FOUND
[    3.286689] device: 'device:16': device_add
[    3.288727] bus: 'acpi': add device device:16
[    3.290016]      scan-1934 add_single_object     : Added device:16 [\_SB_.PCI0.EHC1.RHUB] parent device:15
[    3.295324]      scan-1142 get_device_data       : No context for object [ffff88040d83b050]
[    3.298806]      scan-1142 get_device_data       : No context for object [ffff88040d83b078]
[    3.303337]     utils-0051 util_eval_error       : Evaluate [\_SB_.PCI0.EHC1.RHUB.PRT3._STA]: AE_NOT_FOUND
[    3.306704] device: 'device:17': device_add
[    3.310005] bus: 'acpi': add device device:17
[    3.311900]      scan-1934 add_single_object     : Added device:17 [\_SB_.PCI0.EHC1.RHUB.PRT3] parent device:16
[    3.315483]      scan-1142 get_device_data       : No context for object [ffff88040d83b0a0]
[    3.320002]      scan-1142 get_device_data       : No context for object [ffff88040d83b0c8]
[    3.323334]      scan-1142 get_device_data       : No context for object [ffff88040d83b0f0]
[    3.326669]      scan-1142 get_device_data       : No context for object [ffff88040d83b118]
[    3.332144]     utils-0051 util_eval_error       : Evaluate [\_SB_.PCI0.EHC1.RHUB.PRT4._STA]: AE_NOT_FOUND
[    3.336689] device: 'device:18': device_add
[    3.338725] bus: 'acpi': add device device:18
[    3.340017]      scan-1934 add_single_object     : Added device:18 [\_SB_.PCI0.EHC1.RHUB.PRT4] parent device:16
[    3.345225]      scan-1142 get_device_data       : No context for object [ffff88040d83b140]
[    3.348806]      scan-1142 get_device_data       : No context for object [ffff88040d83b168]
[    3.353335]      scan-1142 get_device_data       : No context for object [ffff88040d83b190]
[    3.356668]      scan-1142 get_device_data       : No context for object [ffff88040d8273e8]
[    3.360002]     utils-0051 util_eval_error       : Evaluate [\_SB_.PCI0.OHC2._STA]: AE_NOT_FOUND
[    3.365472] device: 'device:19': device_add
[    3.366670] bus: 'acpi': add device device:19
[    3.368687]      scan-1934 add_single_object     : Added device:19 [\_SB_.PCI0.OHC2] parent PNP0A08:00
[    3.373338]      scan-1142 get_device_data       : No context for object [ffff88040d827410]
[    3.376668]      scan-1142 get_device_data       : No context for object [ffff88040d827438]
[    3.380001]      scan-1142 get_device_data       : No context for object [ffff88040d83b488]
[    3.385478]     utils-0051 util_eval_error       : Evaluate [\_SB_.PCI0.OHC2.RHUB._STA]: AE_NOT_FOUND
[    3.388849] device: 'device:1a': device_add
[    3.390005] bus: 'acpi': add device device:1a
[    3.393358]      scan-1934 add_single_object     : Added device:1a [\_SB_.PCI0.OHC2.RHUB] parent device:19
[    3.396672]      scan-1142 get_device_data       : No context for object [ffff88040d83b4b0]
[    3.400002]      scan-1142 get_device_data       : No context for object [ffff88040d83b4d8]
[    3.405478]     utils-0051 util_eval_error       : Evaluate [\_SB_.PCI0.OHC2.RHUB.PRT4._STA]: AE_NOT_FOUND
[    3.408688] device: 'device:1b': device_add
[    3.410004] bus: 'acpi': add device device:1b
[    3.413361]      scan-1934 add_single_object     : Added device:1b [\_SB_.PCI0.OHC2.RHUB.PRT4] parent device:1a
[    3.416670]      scan-1142 get_device_data       : No context for object [ffff88040d83b500]
