[    0.000000] Initializing cgroup subsys cpuset
[    0.000000] Initializing cgroup subsys cpu
[    0.000000] Initializing cgroup subsys cpuacct
[    0.000000] Linux version 3.19.0-gbfa76d49 (emacs@manji) (gcc version 4.9.2 20141224 (prerelease) (GCC) ) #28 SMP Mon Feb 9 14:29:14 CET 2015
[    0.000000] Command line: BOOT_IMAGE=/vmlinuz-linux-git root=UUID=bfa4ab6e-19a3-4601-ba2b-267c55841c73 rw cryptdevice=/dev/disk/by-uuid/70c08890-417a-497d-b6ab-c0d0357a63e2:cryptManjaro:allow-discards ipv6.disable=1 pnp.debug=1 loglevel=9 log_buf_len=10M printk.always_kmsg_dump=y printk.time=y mminit_loglevel=0 memory_corruption_check=1 fbcon=scrollback:4096k fbcon=font:ProFont6x11 apic=debug earlyprintk=vga dynamic_debug.verbose=1 "dyndbg=file arch/x86/kernel/apic/* +pflmt ; file drivers/video/* +pflmt ; file drivers/acpi/* +pflmt"
[    0.000000] KERNEL supported cpus:
[    0.000000]   AMD AuthenticAMD
[    0.000000] tseg: 00bfe00000
[    0.000000] e820: BIOS-provided physical RAM map:
[    0.000000] BIOS-e820: [mem 0x0000000000000000-0x000000000009d7ff] usable
[    0.000000] BIOS-e820: [mem 0x000000000009d800-0x000000000009ffff] reserved
[    0.000000] BIOS-e820: [mem 0x00000000000e0000-0x00000000000fffff] reserved
[    0.000000] BIOS-e820: [mem 0x0000000000100000-0x00000000bed9afff] usable
[    0.000000] BIOS-e820: [mem 0x00000000bed9b000-0x00000000bf39afff] reserved
[    0.000000] BIOS-e820: [mem 0x00000000bf39b000-0x00000000bf49afff] ACPI NVS
[    0.000000] BIOS-e820: [mem 0x00000000bf49b000-0x00000000bf51afff] ACPI data
[    0.000000] BIOS-e820: [mem 0x00000000bf51b000-0x00000000bfdfffff] usable
[    0.000000] BIOS-e820: [mem 0x00000000bfe00000-0x00000000bfffffff] reserved
[    0.000000] BIOS-e820: [mem 0x00000000fec00000-0x00000000fecfffff] reserved
[    0.000000] BIOS-e820: [mem 0x00000000fed80000-0x00000000fed80fff] reserved
[    0.000000] BIOS-e820: [mem 0x00000000ffe00000-0x00000000ffffffff] reserved
[    0.000000] BIOS-e820: [mem 0x0000000100000000-0x000000041effffff] usable
[    0.000000] bootconsole [earlyvga0] enabled
[    0.000000] NX (Execute Disable) protection: active
[    0.000000] SMBIOS 2.6 present.
[    0.000000] DMI: LENOVO Sabine/Torpedo, BIOS 54CN18WW 07/20/2011
[    0.000000] e820: update [mem 0x00000000-0x00000fff] usable ==> reserved
[    0.000000] e820: remove [mem 0x000a0000-0x000fffff] usable
[    0.000000] e820: last_pfn = 0x41f000 max_arch_pfn = 0x400000000
[    0.000000] MTRR default type: uncachable
[    0.000000] MTRR fixed ranges enabled:
[    0.000000]   00000-9FFFF write-back
[    0.000000]   A0000-BFFFF uncachable
[    0.000000]   C0000-FFFFF write-protect
[    0.000000] MTRR variable ranges enabled:
[    0.000000]   0 base 0000000000 mask FF80000000 write-back
[    0.000000]   1 base 0080000000 mask FFC0000000 write-back
[    0.000000]   2 base 00FFF90000 mask FFFFFF0000 uncachable
[    0.000000]   3 base 00FED80000 mask 0FFFFFF000 uncachable
[    0.000000]   4 disabled
[    0.000000]   5 disabled
[    0.000000]   6 disabled
[    0.000000]   7 base 00FFE00000 mask FFFFE00000 write-protect
[    0.000000] TOM2: 000000041f000000 aka 16880M
[    0.000000] mtrr: your BIOS has configured an incorrect mask, fixing it.
[    0.000000] e820: last_pfn = 0xbfe00 max_arch_pfn = 0x400000000
[    0.000000] Scan for SMP in [mem 0x00000000-0x000003ff]
[    0.000000] Scan for SMP in [mem 0x0009fc00-0x0009ffff]
[    0.000000] Scan for SMP in [mem 0x000f0000-0x000fffff]
[    0.000000] found SMP MP-table at [mem 0x000fa8b0-0x000fa8bf] mapped at [ffff8800000fa8b0]
[    0.000000]   mpc: fa8c0-faa24
[    0.000000] Base memory trampoline at [ffff880000097000] 97000 size 24576
[    0.000000] Using GB pages for direct mapping
[    0.000000] init_memory_mapping: [mem 0x00000000-0x000fffff]
[    0.000000]  [mem 0x00000000-0x000fffff] page 4k
[    0.000000] BRK [0x14641000, 0x14641fff] PGTABLE
[    0.000000] BRK [0x14642000, 0x14642fff] PGTABLE
[    0.000000] BRK [0x14643000, 0x14643fff] PGTABLE
[    0.000000] init_memory_mapping: [mem 0x41ee00000-0x41effffff]
[    0.000000]  [mem 0x41ee00000-0x41effffff] page 2M
[    0.000000] BRK [0x14644000, 0x14644fff] PGTABLE
[    0.000000] init_memory_mapping: [mem 0x400000000-0x41edfffff]
[    0.000000]  [mem 0x400000000-0x41edfffff] page 2M
[    0.000000] init_memory_mapping: [mem 0x3e0000000-0x3ffffffff]
[    0.000000]  [mem 0x3e0000000-0x3ffffffff] page 1G
[    0.000000] init_memory_mapping: [mem 0x00100000-0xbed9afff]
[    0.000000]  [mem 0x00100000-0x001fffff] page 4k
[    0.000000]  [mem 0x00200000-0x3fffffff] page 2M
[    0.000000]  [mem 0x40000000-0x7fffffff] page 1G
[    0.000000]  [mem 0x80000000-0xbebfffff] page 2M
[    0.000000]  [mem 0xbec00000-0xbed9afff] page 4k
[    0.000000] init_memory_mapping: [mem 0xbf51b000-0xbfdfffff]
[    0.000000]  [mem 0xbf51b000-0xbf5fffff] page 4k
[    0.000000]  [mem 0xbf600000-0xbfdfffff] page 2M
[    0.000000] BRK [0x14645000, 0x14645fff] PGTABLE
[    0.000000] init_memory_mapping: [mem 0x100000000-0x3dfffffff]
[    0.000000]  [mem 0x100000000-0x3dfffffff] page 1G
[    0.000000] log_buf_len: 16777216 bytes
[    0.000000] early log buf free: 2092012(99%)
[    0.000000] RAMDISK: [mem 0x370d6000-0x37862fff]
[    0.000000] ACPI: Early table checksum verification disabled
[    0.000000] ACPI: RSDP 0x00000000000F0110 000024 (v02 LENOVO)
[    0.000000] ACPI: XSDT 0x00000000BF51A120 000074 (v01 LENOVO CB-01    00000001 LENO 00000001)
[    0.000000] ACPI: FACP 0x00000000BF508000 0000F4 (v04 LENOVO CB-01    00000001 PTL  00000001)
[    0.000000] ACPI: DSDT 0x00000000BF50A000 00FD10 (v01 LENOVO CB-01    00001000 LENO 00000001)
[    0.000000] ACPI: FACS 0x00000000BF478000 000040
[    0.000000] ACPI: HPET 0x00000000BF507000 000038 (v01 LENOVO CB-01    00000001 PTL  00000001)
[    0.000000] ACPI: APIC 0x00000000BF506000 00007A (v02 LENOVO CB-01    00000001 PTL  00000001)
[    0.000000] ACPI: MCFG 0x00000000BF505000 00003C (v01 LENOVO CB-01    00000001 PTL  00000001)
[    0.000000] ACPI: SLIC 0x00000000BF504000 000176 (v01 LENOVO CB-01    00000001 LENO 00000001)
[    0.000000] ACPI: UEFI 0x00000000BF503000 00003E (v01 LENOVO CB-01    00000001 PTL  00000001)
[    0.000000] ACPI: UEFI 0x00000000BF502000 000042 (v01 PTL    COMBUF   00000001 PTL  00000001)
[    0.000000] ACPI: SSDT 0x00000000BF501000 000E34 (v01 AMD    POWERNOW 00000001 AMD  00000001)
[    0.000000] ACPI: SSDT 0x00000000BF4FF000 00193D (v02 AMD    ALIB     00000001 MSFT 04000000)
[    0.000000] ACPI: UEFI 0x00000000BF4FE000 0001DE (v01 LENOVO CB-01    00000001 PTL  00000001)
[    0.000000] ACPI: Local APIC address 0xfee00000
[    0.000000] mapped APIC to ffffffffff7fc000 (        fee00000)
[    0.000000] No NUMA configuration found
[    0.000000] Faking a node at [mem 0x0000000000000000-0x000000041effffff]
[    0.000000] NODE_DATA(0) allocated [mem 0x41dff9000-0x41dffcfff]
[    0.000000]  [ffffea0000000000-ffffea00107fffff] PMD -> [ffff88040de00000-ffff88041d5fffff] on node 0
[    0.000000] Zone ranges:
[    0.000000]   DMA      [mem 0x00001000-0x00ffffff]
[    0.000000]   DMA32    [mem 0x01000000-0xffffffff]
[    0.000000]   Normal   [mem 0x100000000-0x41effffff]
[    0.000000] Movable zone start for each node
[    0.000000] Early memory node ranges
[    0.000000]   node   0: [mem 0x00001000-0x0009cfff]
[    0.000000]   node   0: [mem 0x00100000-0xbed9afff]
[    0.000000]   node   0: [mem 0xbf51b000-0xbfdfffff]
[    0.000000]   node   0: [mem 0x100000000-0x41effffff]
[    0.000000] Initmem setup node 0 [mem 0x00001000-0x41effffff]
[    0.000000] On node 0 totalpages: 4056604
[    0.000000]   DMA zone: 64 pages used for memmap
[    0.000000]   DMA zone: 21 pages reserved
[    0.000000]   DMA zone: 3996 pages, LIFO batch:0
[    0.000000]   DMA32 zone: 12186 pages used for memmap
[    0.000000]   DMA32 zone: 779904 pages, LIFO batch:31
[    0.000000]   Normal zone: 51136 pages used for memmap
[    0.000000]   Normal zone: 3272704 pages, LIFO batch:31
[    0.000000] ACPI: PM-Timer IO Port: 0x808
[    0.000000] ACPI: Local APIC address 0xfee00000
[    0.000000] mapped APIC to ffffffffff7fc000 (        fee00000)
[    0.000000] ACPI: LAPIC (acpi_id[0x00] lapic_id[0x00] enabled)
[    0.000000] ACPI: LAPIC (acpi_id[0x01] lapic_id[0x01] enabled)
[    0.000000] ACPI: LAPIC (acpi_id[0x02] lapic_id[0x02] enabled)
[    0.000000] ACPI: LAPIC (acpi_id[0x03] lapic_id[0x03] enabled)
[    0.000000] ACPI: LAPIC_NMI (acpi_id[0x00] high edge lint[0x1])
[    0.000000] ACPI: LAPIC_NMI (acpi_id[0x01] high edge lint[0x1])
[    0.000000] ACPI: LAPIC_NMI (acpi_id[0x02] high edge lint[0x1])
[    0.000000] ACPI: LAPIC_NMI (acpi_id[0x03] high edge lint[0x1])
[    0.000000] ACPI: IOAPIC (id[0x02] address[0xfec00000] gsi_base[0])
[    0.000000] IOAPIC[0]: apic_id 2, version 33, address 0xfec00000, GSI 0-23
[    0.000000] ACPI: INT_SRC_OVR (bus 0 bus_irq 0 global_irq 2 dfl dfl)
[    0.000000] Int: type 0, pol 0, trig 0, bus 00, IRQ 00, APIC ID 2, APIC INT 02
[    0.000000] Int: type 0, pol 3, trig 3, bus 00, IRQ 09, APIC ID 2, APIC INT 09
[    0.000000] ACPI: IRQ0 used by override.
[    0.000000] Int: type 0, pol 0, trig 0, bus 00, IRQ 01, APIC ID 2, APIC INT 01
[    0.000000] Int: type 0, pol 0, trig 0, bus 00, IRQ 03, APIC ID 2, APIC INT 03
[    0.000000] Int: type 0, pol 0, trig 0, bus 00, IRQ 04, APIC ID 2, APIC INT 04
[    0.000000] Int: type 0, pol 0, trig 0, bus 00, IRQ 05, APIC ID 2, APIC INT 05
[    0.000000] Int: type 0, pol 0, trig 0, bus 00, IRQ 06, APIC ID 2, APIC INT 06
[    0.000000] Int: type 0, pol 0, trig 0, bus 00, IRQ 07, APIC ID 2, APIC INT 07
[    0.000000] Int: type 0, pol 0, trig 0, bus 00, IRQ 08, APIC ID 2, APIC INT 08
[    0.000000] ACPI: IRQ9 used by override.
[    0.000000] Int: type 0, pol 0, trig 0, bus 00, IRQ 0a, APIC ID 2, APIC INT 0a
[    0.000000] Int: type 0, pol 0, trig 0, bus 00, IRQ 0b, APIC ID 2, APIC INT 0b
[    0.000000] Int: type 0, pol 0, trig 0, bus 00, IRQ 0c, APIC ID 2, APIC INT 0c
[    0.000000] Int: type 0, pol 0, trig 0, bus 00, IRQ 0d, APIC ID 2, APIC INT 0d
[    0.000000] Int: type 0, pol 0, trig 0, bus 00, IRQ 0e, APIC ID 2, APIC INT 0e
[    0.000000] Int: type 0, pol 0, trig 0, bus 00, IRQ 0f, APIC ID 2, APIC INT 0f
[    0.000000] Using ACPI (MADT) for SMP configuration information
[    0.000000] ACPI: HPET id: 0x43538210 base: 0xfed00000
[    0.000000] smpboot: Allowing 4 CPUs, 0 hotplug CPUs
[    0.000000] mapped IOAPIC to ffffffffff7fb000 (fec00000)
[    0.000000] e820: [mem 0xc0000000-0xfebfffff] available for PCI devices
[    0.000000] setup_percpu: NR_CPUS:64 nr_cpumask_bits:64 nr_cpu_ids:4 nr_node_ids:1
[    0.000000] PERCPU: Embedded 29 pages/cpu @ffff88041dc00000 s79744 r8192 d30848 u524288
[    0.000000] pcpu-alloc: s79744 r8192 d30848 u524288 alloc=1*2097152
[    0.000000] pcpu-alloc: [0] 0 1 2 3 
[    0.000000] Built 1 zonelists in Node order, mobility grouping on.  Total pages: 3993197
[    0.000000] Policy zone: Normal
[    0.000000] Kernel command line: BOOT_IMAGE=/vmlinuz-linux-git root=UUID=bfa4ab6e-19a3-4601-ba2b-267c55841c73 rw cryptdevice=/dev/disk/by-uuid/70c08890-417a-497d-b6ab-c0d0357a63e2:cryptManjaro:allow-discards ipv6.disable=1 pnp.debug=1 loglevel=9 log_buf_len=10M printk.always_kmsg_dump=y printk.time=y mminit_loglevel=0 memory_corruption_check=1 fbcon=scrollback:4096k fbcon=font:ProFont6x11 apic=debug earlyprintk=vga dynamic_debug.verbose=1 "dyndbg=file arch/x86/kernel/apic/* +pflmt ; file drivers/video/* +pflmt ; file drivers/acpi/* +pflmt"
[    0.000000] PID hash table entries: 4096 (order: 3, 32768 bytes)
[    0.000000] Memory: 15864900K/16226416K available (7006K kernel code, 853K rwdata, 2960K rodata, 884K init, 2588K bss, 361516K reserved, 0K cma-reserved)
[    0.000000] SLUB: HWalign=64, Order=0-3, MinObjects=0, CPUs=4, Nodes=1
[    0.000000] Hierarchical RCU implementation.
[    0.000000] 	RCU dyntick-idle grace-period acceleration is enabled.
[    0.000000] 	Additional per-CPU info printed with stalls.
[    0.000000] 	RCU restricting CPUs from NR_CPUS=64 to nr_cpu_ids=4.
[    0.000000] RCU: Adjusting geometry for rcu_fanout_leaf=16, nr_cpu_ids=4
[    0.000000] NR_IRQS:4352 nr_irqs:456 16
[    0.000000] 	Offload RCU callbacks from all CPUs
[    0.000000] 	Offload RCU callbacks from CPUs: 0-3.
[    0.000000] spurious 8259A interrupt: IRQ7.
[    0.000000] vgacon: allocated 4194304 bytes of memory for scrollback. CONFIG_VGACON_SOFT_SCROLLBACK_SIZE=4096
[    0.000000] Console: colour VGA+ 80x25
[    0.000000] console [tty0] enabled
[    0.000000] bootconsole [earlyvga0] disabled
[    0.000000] hpet clockevent registered
[    0.000000] tsc: Fast TSC calibration using PIT
[    0.000000] tsc: Detected 1397.450 MHz processor
[    0.000055] Calibrating delay loop (skipped), value calculated using timer frequency.. 2796.35 BogoMIPS (lpj=4658166)
[    0.000177] pid_max: default: 32768 minimum: 301
[    0.000220] ACPI: Core revision 20141107
[    0.000261] ACPI: acpi_os_initialize: map reset_reg status 0
[    0.024829] ACPI: All ACPI Tables successfully acquired
[    0.025262] Security Framework initialized
[    0.026886] Dentry cache hash table entries: 2097152 (order: 12, 16777216 bytes)
[    0.033647] Inode-cache hash table entries: 1048576 (order: 11, 8388608 bytes)
[    0.036618] Mount-cache hash table entries: 32768 (order: 6, 262144 bytes)
[    0.036733] Mountpoint-cache hash table entries: 32768 (order: 6, 262144 bytes)
[    0.037337] Initializing cgroup subsys memory
[    0.037455] Initializing cgroup subsys devices
[    0.037521] Initializing cgroup subsys freezer
[    0.037588] Initializing cgroup subsys net_cls
[    0.037656] Initializing cgroup subsys blkio
[    0.037748] CPU: Physical Processor ID: 0
[    0.037812] CPU: Processor Core ID: 0
[    0.037875] mce: CPU supports 6 MCE banks
[    0.037949] Last level iTLB entries: 4KB 512, 2MB 16, 4MB 8
Last level dTLB entries: 4KB 1024, 2MB 128, 4MB 64, 1GB 0
[    0.038256] Freeing SMP alternatives memory: 20K (ffffffff943b4000 - ffffffff943b9000)
[    0.038552] Getting VERSION: 80050010
[    0.038663] Getting VERSION: 80050010
[    0.038726] Getting ID: 0
[    0.038788] Getting ID: ff000000
[    0.038851] Getting LVT0: 700
[    0.038914] Getting LVT1: 400
[    0.038983] enabled ExtINT on CPU#0
[    0.039219] ENABLING IO-APIC IRQs
[    0.039283] init IO_APIC IRQs
[    0.039346]  apic 2 pin 0 not connected
[    0.039415] IOAPIC[0]: Set routing entry (2-1 -> 0x31 -> IRQ 1 Mode:0 Active:0 Dest:1)
[    0.039557] IOAPIC[0]: Set routing entry (2-2 -> 0x30 -> IRQ 0 Mode:0 Active:0 Dest:1)
[    0.039697] IOAPIC[0]: Set routing entry (2-2 -> 0x30 -> IRQ 0 Mode:0 Active:0 Dest:1)
[    0.039837] IOAPIC[0]: Set routing entry (2-3 -> 0x33 -> IRQ 3 Mode:0 Active:0 Dest:1)
[    0.039973] IOAPIC[0]: Set routing entry (2-4 -> 0x34 -> IRQ 4 Mode:0 Active:0 Dest:1)
[    0.040106] IOAPIC[0]: Set routing entry (2-5 -> 0x35 -> IRQ 5 Mode:0 Active:0 Dest:1)
[    0.040239] IOAPIC[0]: Set routing entry (2-6 -> 0x36 -> IRQ 6 Mode:0 Active:0 Dest:1)
[    0.040371] IOAPIC[0]: Set routing entry (2-7 -> 0x37 -> IRQ 7 Mode:0 Active:0 Dest:1)
[    0.040503] IOAPIC[0]: Set routing entry (2-8 -> 0x38 -> IRQ 8 Mode:0 Active:0 Dest:1)
[    0.040636] IOAPIC[0]: Set routing entry (2-9 -> 0x39 -> IRQ 9 Mode:1 Active:1 Dest:1)
[    0.040769] IOAPIC[0]: Set routing entry (2-10 -> 0x3a -> IRQ 10 Mode:0 Active:0 Dest:1)
[    0.040902] IOAPIC[0]: Set routing entry (2-11 -> 0x3b -> IRQ 11 Mode:0 Active:0 Dest:1)
[    0.041035] IOAPIC[0]: Set routing entry (2-12 -> 0x3c -> IRQ 12 Mode:0 Active:0 Dest:1)
[    0.041169] IOAPIC[0]: Set routing entry (2-13 -> 0x3d -> IRQ 13 Mode:0 Active:0 Dest:1)
[    0.041302] IOAPIC[0]: Set routing entry (2-14 -> 0x3e -> IRQ 14 Mode:0 Active:0 Dest:1)
[    0.041436] IOAPIC[0]: Set routing entry (2-15 -> 0x3f -> IRQ 15 Mode:0 Active:0 Dest:1)
[    0.041569]  apic 2 pin 16 not connected
[    0.041627]  apic 2 pin 17 not connected
[    0.041691]  apic 2 pin 18 not connected
[    0.041750]  apic 2 pin 19 not connected
[    0.041808]  apic 2 pin 20 not connected
[    0.041866]  apic 2 pin 21 not connected
[    0.041924]  apic 2 pin 22 not connected
[    0.041981]  apic 2 pin 23 not connected
[    0.042218] ..TIMER: vector=0x30 apic1=0 pin1=2 apic2=-1 pin2=-1
[    0.075295] smpboot: CPU0: AMD A6-3400M APU with Radeon(tm) HD Graphics (fam: 12, model: 01, stepping: 00)
[    0.075541] Using local APIC timer interrupts.
calibrating APIC timer ...
[    0.181727] ... lapic delta = 1247708
[    0.181788] ... PM-Timer delta = 357948
[    0.181850] ... PM-Timer result ok
[    0.181911] ..... delta 1247708
[    0.181974] ..... mult: 53588655
[    0.182037] ..... calibration result: 665444
[    0.182101] ..... CPU clock speed is 1397.1898 MHz.
[    0.182166] ..... host bus clock speed is 199.2177 MHz.
[    0.182266] Performance Events: AMD PMU driver.
[    0.182369] ... version:                0
[    0.182430] ... bit width:              48
[    0.182491] ... generic registers:      4
[    0.182553] ... value mask:             0000ffffffffffff
[    0.182616] ... max period:             00007fffffffffff
[    0.182678] ... fixed-purpose events:   0
[    0.182739] ... event mask:             000000000000000f
[    0.183036] dynamic_debug:ddebug_add_module: 2 debug prints in module main
[    0.183150] dynamic_debug:ddebug_add_module: 1 debug prints in module initramfs
[    0.183289] dynamic_debug:ddebug_add_module: 1 debug prints in module common
[    0.183354] dynamic_debug:ddebug_add_module: 2 debug prints in module main
[    0.183415] dynamic_debug:ddebug_add_module: 7 debug prints in module generic
[    0.183475] dynamic_debug:ddebug_add_module: 8 debug prints in module microcode
[    0.183605] dynamic_debug:ddebug_add_module: 1 debug prints in module boot
[    0.183667] dynamic_debug:ddebug_add_module: 22 debug prints in module smpboot
[    0.183797] dynamic_debug:ddebug_add_module: 1 debug prints in module tsc_sync
[    0.183927] dynamic_debug:ddebug_add_module: 2 debug prints in module setup_percpu
[    0.184056] dynamic_debug:ddebug_add_module: 1 debug prints in module apic
[    0.184119] dynamic_debug:ddebug_add_module: 30 debug prints in module vector
[    0.184179] dynamic_debug:ddebug_add_module: 4 debug prints in module io_apic
[    0.184238] dynamic_debug:ddebug_add_module: 1 debug prints in module msi
[    0.184297] dynamic_debug:ddebug_add_module: 1 debug prints in module htirq
[    0.184360] dynamic_debug:ddebug_add_module: 4 debug prints in module init_64
[    0.184423] dynamic_debug:ddebug_add_module: 1 debug prints in module numa
[    0.184486] dynamic_debug:ddebug_add_module: 4 debug prints in module params
[    0.184549] dynamic_debug:ddebug_add_module: 4 debug prints in module async
[    0.184612] dynamic_debug:ddebug_add_module: 1 debug prints in module manage
[    0.184677] dynamic_debug:ddebug_add_module: 11 debug prints in module irqdomain
[    0.184810] dynamic_debug:ddebug_add_module: 2 debug prints in module freezer
[    0.184871] dynamic_debug:ddebug_add_module: 18 debug prints in module module
[    0.184931] dynamic_debug:ddebug_add_module: 6 debug prints in module mempolicy
[    0.185061] dynamic_debug:ddebug_add_module: 1 debug prints in module vmpressure
[    0.185191] dynamic_debug:ddebug_add_module: 1 debug prints in module fsnotify
[    0.185321] dynamic_debug:ddebug_add_module: 2 debug prints in module notification
[    0.185451] dynamic_debug:ddebug_add_module: 1 debug prints in module inotify_fsnotify
[    0.185586] dynamic_debug:ddebug_add_module: 5 debug prints in module inotify_user
[    0.185717] dynamic_debug:ddebug_add_module: 6 debug prints in module fanotify
[    0.185852] dynamic_debug:ddebug_add_module: 13 debug prints in module fanotify_user
[    0.185989] dynamic_debug:ddebug_add_module: 20 debug prints in module aio
[    0.186054] dynamic_debug:ddebug_add_module: 13 debug prints in module binfmt_misc
[    0.186186] dynamic_debug:ddebug_add_module: 2 debug prints in module mount
[    0.186245] dynamic_debug:ddebug_add_module: 1 debug prints in module dir
[    0.186306] dynamic_debug:ddebug_add_module: 8 debug prints in module configfs
[    0.186436] dynamic_debug:ddebug_add_module: 1 debug prints in module debugfs
[    0.186496] dynamic_debug:ddebug_add_module: 2 debug prints in module ramoops
[    0.186588] dynamic_debug:ddebug_add_module: 179 debug prints in module capability
[    0.186718] dynamic_debug:ddebug_add_module: 1 debug prints in module inode
[    0.186777] dynamic_debug:ddebug_add_module: 2 debug prints in module asymmetric_keys
[    0.186907] dynamic_debug:ddebug_add_module: 1 debug prints in module public_key
[    0.187038] dynamic_debug:ddebug_add_module: 11 debug prints in module x509_key_parser
[    0.187173] dynamic_debug:ddebug_add_module: 13 debug prints in module efi
[    0.187235] dynamic_debug:ddebug_add_module: 1 debug prints in module decompress
[    0.187371] dynamic_debug:ddebug_add_module: 10 debug prints in module kobject
[    0.187505] dynamic_debug:ddebug_add_module: 6 debug prints in module kobject_uevent
[    0.187634] dynamic_debug:ddebug_add_module: 1 debug prints in module list_sort
[    0.187764] dynamic_debug:ddebug_add_module: 1 debug prints in module percpu_refcount
[    0.187895] dynamic_debug:ddebug_add_module: 11 debug prints in module asn1_decoder
[    0.188025] dynamic_debug:ddebug_add_module: 5 debug prints in module probe
[    0.188085] dynamic_debug:ddebug_add_module: 4 debug prints in module pci
[    0.188145] dynamic_debug:ddebug_add_module: 3 debug prints in module slot
[    0.188204] dynamic_debug:ddebug_add_module: 3 debug prints in module quirks
[    0.188264] dynamic_debug:ddebug_add_module: 2 debug prints in module pme
[    0.188323] dynamic_debug:ddebug_add_module: 1 debug prints in module pci_hotplug
[    0.188454] dynamic_debug:ddebug_add_module: 12 debug prints in module acpiphp
[    0.188588] dynamic_debug:ddebug_add_module: 1 debug prints in module pci_acpi
[    0.188722] dynamic_debug:ddebug_add_module: 3 debug prints in module backlight
[    0.188855] dynamic_debug:ddebug_add_module: 4 debug prints in module fb
[    0.188924] dynamic_debug:ddebug_add_module: 44 debug prints in module radeonfb
[    0.189060] dynamic_debug:ddebug_add_module: 29 debug prints in module acpi
[    0.189120] dynamic_debug:ddebug_add_module: 3 debug prints in module fan
[    0.189181] dynamic_debug:ddebug_add_module: 1 debug prints in module video
[    0.190251] dynamic_debug:ddebug_add_module: 4 debug prints in module pci_slot
[    0.190378] dynamic_debug:ddebug_add_module: 2 debug prints in module processor
[    0.190507] dynamic_debug:ddebug_add_module: 4 debug prints in module pnp
[    0.190564] dynamic_debug:ddebug_add_module: 2 debug prints in module acpi_dma
[    0.190693] dynamic_debug:ddebug_add_module: 7 debug prints in module core
[    0.190751] dynamic_debug:ddebug_add_module: 1 debug prints in module fixed
[    0.190811] dynamic_debug:ddebug_add_module: 6 debug prints in module virtual
[    0.190869] dynamic_debug:ddebug_add_module: 3 debug prints in module lp3971
[    0.190927] dynamic_debug:ddebug_add_module: 3 debug prints in module lp3972
[    0.190985] dynamic_debug:ddebug_add_module: 1 debug prints in module tty_io
[    0.191044] dynamic_debug:ddebug_add_module: 1 debug prints in module vt_ioctl
[    0.191171] dynamic_debug:ddebug_add_module: 1 debug prints in module tpm
[    0.191231] dynamic_debug:ddebug_add_module: 10 debug prints in module tpm_tis
[    0.191362] dynamic_debug:ddebug_add_module: 2 debug prints in module dmar
[    0.191424] dynamic_debug:ddebug_add_module: 3 debug prints in module ttm
[    0.191485] dynamic_debug:ddebug_add_module: 1 debug prints in module radeon
[    0.191549] dynamic_debug:ddebug_add_module: 17 debug prints in module vgaarb
[    0.191611] dynamic_debug:ddebug_add_module: 2 debug prints in module component
[    0.191741] dynamic_debug:ddebug_add_module: 8 debug prints in module core
[    0.191798] dynamic_debug:ddebug_add_module: 7 debug prints in module bus
[    0.191857] dynamic_debug:ddebug_add_module: 9 debug prints in module dd
[    0.191916] dynamic_debug:ddebug_add_module: 5 debug prints in module class
[    0.191975] dynamic_debug:ddebug_add_module: 1 debug prints in module platform
[    0.192102] dynamic_debug:ddebug_add_module: 6 debug prints in module firmware_class
[    0.192229] dynamic_debug:ddebug_add_module: 1 debug prints in module regmap
[    0.192291] dynamic_debug:ddebug_add_module: 7 debug prints in module regcache
[    0.192418] dynamic_debug:ddebug_add_module: 1 debug prints in module regcache_lzo
[    0.192546] dynamic_debug:ddebug_add_module: 1 debug prints in module dma_buf
[    0.192607] dynamic_debug:ddebug_add_module: 3 debug prints in module scsi_mod
[    0.192740] dynamic_debug:ddebug_add_module: 1 debug prints in module libphy
[    0.192801] dynamic_debug:ddebug_add_module: 1 debug prints in module r8169
[    0.192870] dynamic_debug:ddebug_add_module: 98 debug prints in module cdrom
[    0.192951] dynamic_debug:ddebug_add_module: 144 debug prints in module usbcore
[    0.193081] dynamic_debug:ddebug_add_module: 10 debug prints in module pci_quirks
[    0.193213] dynamic_debug:ddebug_add_module: 3 debug prints in module xhci_pci
[    0.193355] dynamic_debug:ddebug_add_module: 58 debug prints in module ehci_hcd
[    0.193484] dynamic_debug:ddebug_add_module: 2 debug prints in module ehci_pci
[    0.193623] dynamic_debug:ddebug_add_module: 46 debug prints in module ohci_hcd
[    0.193795] dynamic_debug:ddebug_add_module: 248 debug prints in module xhci_hcd
[    0.193974] dynamic_debug:ddebug_add_module: 10 debug prints in module usb_storage
[    0.194105] dynamic_debug:ddebug_add_module: 1 debug prints in module ums_realtek
[    0.194238] dynamic_debug:ddebug_add_module: 4 debug prints in module phy
[    0.194298] dynamic_debug:ddebug_add_module: 6 debug prints in module input_core
[    0.194428] dynamic_debug:ddebug_add_module: 3 debug prints in module atkbd
[    0.194490] dynamic_debug:ddebug_add_module: 12 debug prints in module psmouse
[    0.194620] dynamic_debug:ddebug_add_module: 5 debug prints in module rtc_core
[    0.194750] dynamic_debug:ddebug_add_module: 5 debug prints in module rtc_cmos
[    0.194881] dynamic_debug:ddebug_add_module: 1 debug prints in module i2c_boardinfo
[    0.195013] dynamic_debug:ddebug_add_module: 20 debug prints in module i2c_core
[    0.195143] dynamic_debug:ddebug_add_module: 2 debug prints in module i2c_smbus
[    0.195279] dynamic_debug:ddebug_add_module: 17 debug prints in module i2c_algo_bit
[    0.195414] dynamic_debug:ddebug_add_module: 11 debug prints in module power_supply
[    0.195548] dynamic_debug:ddebug_add_module: 1 debug prints in module hwmon
[    0.195612] dynamic_debug:ddebug_add_module: 8 debug prints in module thermal_sys
[    0.195747] dynamic_debug:ddebug_add_module: 38 debug prints in module cpufreq
[    0.195878] dynamic_debug:ddebug_add_module: 6 debug prints in module freq_table
[    0.196007] dynamic_debug:ddebug_add_module: 2 debug prints in module cpufreq_stats
[    0.196137] dynamic_debug:ddebug_add_module: 1 debug prints in module cpufreq_performance
[    0.196270] dynamic_debug:ddebug_add_module: 22 debug prints in module acpi_cpufreq
[    0.196400] dynamic_debug:ddebug_add_module: 1 debug prints in module led_core
[    0.196530] dynamic_debug:ddebug_add_module: 3 debug prints in module dmi_scan
[    0.196661] dynamic_debug:ddebug_add_module: 1 debug prints in module hid
[    0.196725] dynamic_debug:ddebug_add_module: 8 debug prints in module usbhid
[    0.196789] dynamic_debug:ddebug_add_module: 2 debug prints in module i386
[    0.196852] dynamic_debug:ddebug_add_module: 2 debug prints in module fixup
[    0.196916] dynamic_debug:ddebug_add_module: 7 debug prints in module irq
[    0.196978] dynamic_debug:ddebug_add_module: 1 debug prints in module sock
[    0.197040] dynamic_debug:ddebug_add_module: 14 debug prints in module dev
[    0.197100] dynamic_debug:ddebug_add_module: 1 debug prints in module neighbour
[    0.197229] dynamic_debug:ddebug_add_module: 1 debug prints in module eth
[    0.197288] dynamic_debug:ddebug_add_module: 2 debug prints in module sch_api
[    0.197348] dynamic_debug:ddebug_add_module: 2 debug prints in module act_api
[    0.197407] dynamic_debug:ddebug_add_module: 1 debug prints in module route
[    0.197466] dynamic_debug:ddebug_add_module: 1 debug prints in module ip_fragment
[    0.197596] dynamic_debug:ddebug_add_module: 1 debug prints in module ip_output
[    0.197726] dynamic_debug:ddebug_add_module: 1 debug prints in module tcp
[    0.197786] dynamic_debug:ddebug_add_module: 5 debug prints in module tcp_input
[    0.197916] dynamic_debug:ddebug_add_module: 3 debug prints in module tcp_output
[    0.198048] dynamic_debug:ddebug_add_module: 2 debug prints in module tcp_timer
[    0.198181] dynamic_debug:ddebug_add_module: 1 debug prints in module tcp_ipv4
[    0.198314] dynamic_debug:ddebug_add_module: 8 debug prints in module udp
[    0.198373] dynamic_debug:ddebug_add_module: 3 debug prints in module arp
[    0.198432] dynamic_debug:ddebug_add_module: 2 debug prints in module icmp
[    0.198492] dynamic_debug:ddebug_add_module: 1 debug prints in module devinet
[    0.198553] dynamic_debug:ddebug_add_module: 9 debug prints in module fib_trie
[    0.198683] dynamic_debug:ddebug_add_module: 1 debug prints in module inet_fragment
[    0.198816] dynamic_debug:ddebug_add_module: 24 debug prints in module ping
[    0.198875] dynamic_debug:ddebug_add_module: 1 debug prints in module sysctl_net_ipv4
[    0.199006] dynamic_debug:ddebug_add_module: 2 debug prints in module ip6_checksum
[    0.199136] dynamic_debug:dynamic_debug_init: 152 modules, 1579 entries and 6080 bytes in ddebug tables, 133262 bytes in (readonly) verbose section
[    0.199270] dynamic_debug:ddebug_dyndbg_boot_param_cb: BOOT_IMAGE="/vmlinuz-linux-git"
[    0.199402] dynamic_debug:ddebug_dyndbg_boot_param_cb: root="UUID=bfa4ab6e-19a3-4601-ba2b-267c55841c73"
[    0.199536] dynamic_debug:ddebug_dyndbg_boot_param_cb: rw="(null)"
[    0.199598] dynamic_debug:ddebug_dyndbg_boot_param_cb: cryptdevice="/dev/disk/by-uuid/70c08890-417a-497d-b6ab-c0d0357a63e2:cryptManjaro:allow-discards"
[    0.199734] dynamic_debug:ddebug_dyndbg_boot_param_cb: ipv6.disable="1"
[    0.199792] dynamic_debug:ddebug_dyndbg_boot_param_cb: pnp.debug="1"
[    0.199851] dynamic_debug:ddebug_dyndbg_boot_param_cb: loglevel="9"
[    0.199909] dynamic_debug:ddebug_dyndbg_boot_param_cb: log_buf_len="10M"
[    0.199968] dynamic_debug:ddebug_dyndbg_boot_param_cb: printk.always_kmsg_dump="y"
[    0.200097] dynamic_debug:ddebug_dyndbg_boot_param_cb: printk.time="y"
[    0.200156] dynamic_debug:ddebug_dyndbg_boot_param_cb: mminit_loglevel="0"
[    0.200215] dynamic_debug:ddebug_dyndbg_boot_param_cb: memory_corruption_check="1"
[    0.200344] dynamic_debug:ddebug_dyndbg_boot_param_cb: fbcon="scrollback:4096k"
[    0.200474] dynamic_debug:ddebug_dyndbg_boot_param_cb: fbcon="font:ProFont6x11"
[    0.200603] dynamic_debug:ddebug_dyndbg_boot_param_cb: apic="debug"
[    0.200661] dynamic_debug:ddebug_dyndbg_boot_param_cb: earlyprintk="vga"
[    0.200722] dynamic_debug:ddebug_dyndbg_boot_param_cb: dynamic_debug.verbose="1"
[    0.200855] dynamic_debug:ddebug_dyndbg_boot_param_cb: dyndbg="file arch/x86/kernel/apic/* +pflmt ; file drivers/video/* +pflmt ; file drivers/acpi/* +pflmt"
[    0.200993] dynamic_debug:ddebug_exec_queries: query 0: "file arch/x86/kernel/apic/* +pflmt "
[    0.201126] dynamic_debug:ddebug_tokenize: split into words: "file" "arch/x86/kernel/apic/*" "+pflmt"
[    0.201332] dynamic_debug:ddebug_parse_flags: op='+'
[    0.201391] dynamic_debug:ddebug_parse_flags: flags=0x1f
[    0.201449] dynamic_debug:ddebug_parse_flags: *flagsp=0x1f *maskp=0xffffffff
[    0.201509] dynamic_debug:vpr_info_dq: parsed: func="" file="arch/x86/kernel/apic/*" module="" format="" lineno=0-0
[    0.201649] dynamic_debug:ddebug_change: changed arch/x86/kernel/apic/apic.c:1579 [apic]enable_IR =pmflt
[    0.201780] dynamic_debug:ddebug_change: changed arch/x86/kernel/apic/vector.c:631 [vector]print_local_APIC =pmflt
[    0.201911] dynamic_debug:ddebug_change: changed arch/x86/kernel/apic/vector.c:628 [vector]print_local_APIC =pmflt
[    0.203053] dynamic_debug:ddebug_change: changed arch/x86/kernel/apic/vector.c:626 [vector]print_local_APIC =pmflt
[    0.203184] dynamic_debug:ddebug_change: changed arch/x86/kernel/apic/vector.c:621 [vector]print_local_APIC =pmflt
[    0.203316] dynamic_debug:ddebug_change: changed arch/x86/kernel/apic/vector.c:619 [vector]print_local_APIC =pmflt
[    0.203446] dynamic_debug:ddebug_change: changed arch/x86/kernel/apic/vector.c:617 [vector]print_local_APIC =pmflt
[    0.203580] dynamic_debug:ddebug_change: changed arch/x86/kernel/apic/vector.c:613 [vector]print_local_APIC =pmflt
[    0.203714] dynamic_debug:ddebug_change: changed arch/x86/kernel/apic/vector.c:608 [vector]print_local_APIC =pmflt
[    0.203845] dynamic_debug:ddebug_change: changed arch/x86/kernel/apic/vector.c:606 [vector]print_local_APIC =pmflt
[    0.203976] dynamic_debug:ddebug_change: changed arch/x86/kernel/apic/vector.c:603 [vector]print_local_APIC =pmflt
[    0.204110] dynamic_debug:ddebug_change: changed arch/x86/kernel/apic/vector.c:598 [vector]print_local_APIC =pmflt
[    0.204244] dynamic_debug:ddebug_change: changed arch/x86/kernel/apic/vector.c:595 [vector]print_local_APIC =pmflt
[    0.204380] dynamic_debug:ddebug_change: changed arch/x86/kernel/apic/vector.c:594 [vector]print_local_APIC =pmflt
[    0.204511] dynamic_debug:ddebug_change: changed arch/x86/kernel/apic/vector.c:590 [vector]print_local_APIC =pmflt
[    0.204642] dynamic_debug:ddebug_change: changed arch/x86/kernel/apic/vector.c:580 [vector]print_local_APIC =pmflt
[    0.204773] dynamic_debug:ddebug_change: changed arch/x86/kernel/apic/vector.c:578 [vector]print_local_APIC =pmflt
[    0.204904] dynamic_debug:ddebug_change: changed arch/x86/kernel/apic/vector.c:576 [vector]print_local_APIC =pmflt
[    0.205035] dynamic_debug:ddebug_change: changed arch/x86/kernel/apic/vector.c:574 [vector]print_local_APIC =pmflt
[    0.205166] dynamic_debug:ddebug_change: changed arch/x86/kernel/apic/vector.c:571 [vector]print_local_APIC =pmflt
[    0.205296] dynamic_debug:ddebug_change: changed arch/x86/kernel/apic/vector.c:568 [vector]print_local_APIC =pmflt
[    0.205427] dynamic_debug:ddebug_change: changed arch/x86/kernel/apic/vector.c:564 [vector]print_local_APIC =pmflt
[    0.205563] dynamic_debug:ddebug_change: changed arch/x86/kernel/apic/vector.c:555 [vector]print_local_APIC =pmflt
[    0.205699] dynamic_debug:ddebug_change: changed arch/x86/kernel/apic/vector.c:552 [vector]print_local_APIC =pmflt
[    0.205834] dynamic_debug:ddebug_change: changed arch/x86/kernel/apic/vector.c:545 [vector]print_local_APIC =pmflt
[    0.205965] dynamic_debug:ddebug_change: changed arch/x86/kernel/apic/vector.c:536 [vector]print_local_APIC =pmflt
[    0.206096] dynamic_debug:ddebug_change: changed arch/x86/kernel/apic/vector.c:682 [vector]print_PIC =pmflt
[    0.206227] dynamic_debug:ddebug_change: changed arch/x86/kernel/apic/vector.c:679 [vector]print_PIC =pmflt
[    0.206357] dynamic_debug:ddebug_change: changed arch/x86/kernel/apic/vector.c:669 [vector]print_PIC =pmflt
[    0.206488] dynamic_debug:ddebug_change: changed arch/x86/kernel/apic/vector.c:666 [vector]print_PIC =pmflt
[    0.206616] dynamic_debug:ddebug_change: changed arch/x86/kernel/apic/vector.c:661 [vector]print_PIC =pmflt
[    0.206744] dynamic_debug:ddebug_change: changed arch/x86/kernel/apic/io_apic.c:1381 [io_apic]intel_ir_io_apic_print_entries =pmflt
[    0.206875] dynamic_debug:ddebug_change: changed arch/x86/kernel/apic/io_apic.c:1371 [io_apic]intel_ir_io_apic_print_entries =pmflt
[    0.207007] dynamic_debug:ddebug_change: changed arch/x86/kernel/apic/io_apic.c:1352 [io_apic]native_io_apic_print_entries =pmflt
[    0.207137] dynamic_debug:ddebug_change: changed arch/x86/kernel/apic/io_apic.c:1345 [io_apic]native_io_apic_print_entries =pmflt
[    0.207271] dynamic_debug:ddebug_change: changed arch/x86/kernel/apic/msi.c:141 [msi]setup_msi_irq =pmflt
[    0.207399] dynamic_debug:ddebug_change: changed arch/x86/kernel/apic/htirq.c:104 [htirq]arch_setup_ht_irq =pmflt
[    0.207687] dynamic_debug:vpr_info_dq: applied: func="" file="arch/x86/kernel/apic/*" module="" format="" lineno=0-0
[    0.207865] dynamic_debug:ddebug_exec_queries: query 1: "file drivers/video/* +pflmt "
[    0.207994] dynamic_debug:ddebug_tokenize: split into words: "file" "drivers/video/*" "+pflmt"
[    0.208197] dynamic_debug:ddebug_parse_flags: op='+'
[    0.208253] dynamic_debug:ddebug_parse_flags: flags=0x1f
[    0.208310] dynamic_debug:ddebug_parse_flags: *flagsp=0x1f *maskp=0xffffffff
[    0.208368] dynamic_debug:vpr_info_dq: parsed: func="" file="drivers/video/*" module="" format="" lineno=0-0
[    0.208532] dynamic_debug:ddebug_change: changed drivers/video/backlight/backlight.c:146 [backlight]bl_power_store =pmflt
[    0.208661] dynamic_debug:ddebug_change: changed drivers/video/backlight/backlight.c:185 [backlight]brightness_store =pmflt
[    0.208791] dynamic_debug:ddebug_change: changed drivers/video/backlight/backlight.c:324 [backlight]backlight_device_register =pmflt
[    0.208923] dynamic_debug:ddebug_change: changed drivers/video/fbdev/core/fbmon.c:1069 [fb]fb_edid_add_monspecs =pmflt
[    0.209055] dynamic_debug:ddebug_change: changed drivers/video/fbdev/core/fbmon.c:1057 [fb]fb_edid_add_monspecs =pmflt
[    0.209185] dynamic_debug:ddebug_change: changed drivers/video/fbdev/core/fbmon.c:1020 [fb]fb_edid_add_monspecs =pmflt
[    0.209316] dynamic_debug:ddebug_change: changed drivers/video/fbdev/core/fbmon.c:1014 [fb]fb_edid_add_monspecs =pmflt
[    0.209446] dynamic_debug:ddebug_change: changed drivers/video/fbdev/aty/radeon_base.c:1526 [radeonfb]radeon_calc_pll_regs =pmflt
[    0.209578] dynamic_debug:ddebug_change: changed drivers/video/fbdev/aty/radeon_base.c:1525 [radeonfb]radeon_calc_pll_regs =pmflt
[    0.209709] dynamic_debug:ddebug_change: changed drivers/video/fbdev/aty/radeon_base.c:1524 [radeonfb]radeon_calc_pll_regs =pmflt
[    0.209842] dynamic_debug:ddebug_change: changed drivers/video/fbdev/aty/radeon_base.c:1517 [radeonfb]radeon_calc_pll_regs =pmflt
[    0.209976] dynamic_debug:ddebug_change: changed drivers/video/fbdev/aty/radeon_base.c:1507 [radeonfb]radeon_calc_pll_regs =pmflt
[    0.210110] dynamic_debug:ddebug_change: changed drivers/video/fbdev/aty/radeon_base.c:1485 [radeonfb]radeon_calc_pll_regs =pmflt
[    0.210239] dynamic_debug:ddebug_change: changed drivers/video/fbdev/aty/radeon_base.c:1718 [radeonfb]radeonfb_set_par =pmflt
[    0.210369] dynamic_debug:ddebug_change: changed drivers/video/fbdev/aty/radeon_base.c:1717 [radeonfb]radeonfb_set_par =pmflt
[    0.210498] dynamic_debug:ddebug_change: changed drivers/video/fbdev/aty/radeon_base.c:1712 [radeonfb]radeonfb_set_par =pmflt
[    0.210626] dynamic_debug:ddebug_change: changed drivers/video/fbdev/aty/radeon_base.c:1710 [radeonfb]radeonfb_set_par =pmflt
[    0.210758] dynamic_debug:ddebug_change: changed drivers/video/fbdev/aty/radeon_base.c:1601 [radeonfb]radeonfb_set_par =pmflt
[    0.210889] dynamic_debug:ddebug_change: changed drivers/video/fbdev/aty/radeon_base.c:1599 [radeonfb]radeonfb_set_par =pmflt
[    0.211020] dynamic_debug:ddebug_change: changed drivers/video/fbdev/aty/radeon_base.c:2084 [radeonfb]radeon_identify_vram =pmflt
[    0.211155] dynamic_debug:ddebug_change: changed drivers/video/fbdev/aty/radeon_base.c:2375 [radeonfb]radeonfb_pci_register =pmflt
[    0.211290] dynamic_debug:ddebug_change: changed drivers/video/fbdev/aty/radeon_base.c:2276 [radeonfb]radeonfb_pci_register =pmflt
[    0.211426] dynamic_debug:ddebug_change: changed drivers/video/fbdev/aty/radeon_base.c:2150 [radeonfb]radeonfb_pci_register =pmflt
[    0.211558] dynamic_debug:ddebug_change: changed drivers/video/fbdev/aty/radeon_monitor.c:245 [radeonfb]radeon_get_panel_info_BIOS =pmflt
[    0.211690] dynamic_debug:ddebug_change: changed drivers/video/fbdev/aty/radeon_monitor.c:240 [radeonfb]radeon_get_panel_info_BIOS =pmflt
[    0.211822] dynamic_debug:ddebug_change: changed drivers/video/fbdev/aty/radeon_monitor.c:239 [radeonfb]radeon_get_panel_info_BIOS =pmflt
[    0.211954] dynamic_debug:ddebug_change: changed drivers/video/fbdev/aty/radeon_monitor.c:238 [radeonfb]radeon_get_panel_info_BIOS =pmflt
[    0.212086] dynamic_debug:ddebug_change: changed drivers/video/fbdev/aty/radeon_monitor.c:237 [radeonfb]radeon_get_panel_info_BIOS =pmflt
[    0.212218] dynamic_debug:ddebug_change: changed drivers/video/fbdev/aty/radeon_monitor.c:236 [radeonfb]radeon_get_panel_info_BIOS =pmflt
[    0.212351] dynamic_debug:ddebug_change: changed drivers/video/fbdev/aty/radeon_monitor.c:235 [radeonfb]radeon_get_panel_info_BIOS =pmflt
[    0.212483] dynamic_debug:ddebug_change: changed drivers/video/fbdev/aty/radeon_monitor.c:234 [radeonfb]radeon_get_panel_info_BIOS =pmflt
[    0.212618] dynamic_debug:ddebug_change: changed drivers/video/fbdev/aty/radeon_monitor.c:233 [radeonfb]radeon_get_panel_info_BIOS =pmflt
[    0.212751] dynamic_debug:ddebug_change: changed drivers/video/fbdev/aty/radeon_monitor.c:214 [radeonfb]radeon_get_panel_info_BIOS =pmflt
[    0.212887] dynamic_debug:ddebug_change: changed drivers/video/fbdev/aty/radeon_monitor.c:209 [radeonfb]radeon_get_panel_info_BIOS =pmflt
[    0.213022] dynamic_debug:ddebug_change: changed drivers/video/fbdev/aty/radeon_monitor.c:207 [radeonfb]radeon_get_panel_info_BIOS =pmflt
[    0.213158] dynamic_debug:ddebug_change: changed drivers/video/fbdev/aty/radeon_monitor.c:206 [radeonfb]radeon_get_panel_info_BIOS =pmflt
[    0.213289] dynamic_debug:ddebug_change: changed drivers/video/fbdev/aty/radeon_monitor.c:205 [radeonfb]radeon_get_panel_info_BIOS =pmflt
[    0.213421] dynamic_debug:ddebug_change: changed drivers/video/fbdev/aty/radeon_monitor.c:191 [radeonfb]radeon_get_panel_info_BIOS =pmflt
[    0.213553] dynamic_debug:ddebug_change: changed drivers/video/fbdev/aty/radeon_monitor.c:849 [radeonfb]radeon_check_modes =pmflt
[    0.213685] dynamic_debug:ddebug_change: changed drivers/video/fbdev/aty/radeon_monitor.c:801 [radeonfb]radeon_check_modes =pmflt
[    0.213816] dynamic_debug:ddebug_change: changed drivers/video/fbdev/aty/radeon_monitor.c:781 [radeonfb]radeon_check_modes =pmflt
[    0.213948] dynamic_debug:ddebug_change: changed drivers/video/fbdev/aty/radeon_monitor.c:289 [radeonfb]radeon_parse_connector_info =pmflt
[    0.214080] dynamic_debug:ddebug_change: changed drivers/video/fbdev/aty/radeon_monitor.c:281 [radeonfb]radeon_parse_connector_info =pmflt
[    0.214215] dynamic_debug:ddebug_change: changed drivers/video/fbdev/aty/radeon_monitor.c:277 [radeonfb]radeon_parse_connector_info =pmflt
[    0.214351] dynamic_debug:ddebug_change: changed drivers/video/fbdev/aty/radeon_monitor.c:485 [radeonfb]radeon_probe_screens =pmflt
[    0.214486] dynamic_debug:ddebug_change: changed drivers/video/fbdev/aty/radeon_monitor.c:455 [radeonfb]radeon_probe_screens =pmflt
[    0.214617] dynamic_debug:ddebug_change: changed drivers/video/fbdev/aty/radeon_i2c.c:164 [radeonfb]radeon_probe_i2c_connector =pmflt
[    0.214749] dynamic_debug:ddebug_change: changed drivers/video/fbdev/aty/radeon_i2c.c:160 [radeonfb]radeon_probe_i2c_connector =pmflt
[    0.214881] dynamic_debug:ddebug_change: changed drivers/video/fbdev/aty/radeon_i2c.c:157 [radeonfb]radeon_probe_i2c_connector =pmflt
[    0.215013] dynamic_debug:ddebug_change: changed drivers/video/fbdev/aty/radeon_i2c.c:150 [radeonfb]radeon_probe_i2c_connector =pmflt
[    0.216154] dynamic_debug:ddebug_change: changed drivers/video/fbdev/aty/radeon_i2c.c:93 [radeonfb]radeon_setup_i2c_bus =pmflt
[    0.216418] dynamic_debug:vpr_info_dq: applied: func="" file="drivers/video/*" module="" format="" lineno=0-0
[    0.216597] dynamic_debug:ddebug_exec_queries: query 2: "file drivers/acpi/* +pflmt"
[    0.216731] dynamic_debug:ddebug_tokenize: split into words: "file" "drivers/acpi/*" "+pflmt"
[    0.216938] dynamic_debug:ddebug_parse_flags: op='+'
[    0.216996] dynamic_debug:ddebug_parse_flags: flags=0x1f
[    0.217054] dynamic_debug:ddebug_parse_flags: *flagsp=0x1f *maskp=0xffffffff
[    0.217116] dynamic_debug:vpr_info_dq: parsed: func="" file="drivers/acpi/*" module="" format="" lineno=0-0
[    0.217322] dynamic_debug:ddebug_change: changed drivers/acpi/osl.c:1840 [acpi]acpi_os_initialize =pmflt
[    0.217503] dynamic_debug:ddebug_change: changed drivers/acpi/device_pm.c:717 [acpi]acpi_pm_device_run_wake =pmflt
[    0.217634] dynamic_debug:ddebug_change: changed drivers/acpi/device_pm.c:616 [acpi]acpi_pm_device_sleep_state =pmflt
[    0.217765] dynamic_debug:ddebug_change: changed drivers/acpi/scan.c:2225 [acpi]acpi_device_dep_initialize =pmflt
[    0.217896] dynamic_debug:ddebug_change: changed drivers/acpi/scan.c:2215 [acpi]acpi_device_dep_initialize =pmflt
[    0.218026] dynamic_debug:ddebug_change: changed drivers/acpi/ec.c:995 [acpi]ec_flag_msi =pmflt
[    0.218157] dynamic_debug:ddebug_change: changed drivers/acpi/ec.c:1007 [acpi]ec_enlarge_storm_threshold =pmflt
[    0.218287] dynamic_debug:ddebug_change: changed drivers/acpi/ec.c:1043 [acpi]ec_clear_on_resume =pmflt
[    0.218418] dynamic_debug:ddebug_change: changed drivers/acpi/ec.c:1019 [acpi]ec_flag_query_handshake =pmflt
[    0.218549] dynamic_debug:ddebug_change: changed drivers/acpi/ec.c:1143 [acpi]acpi_ec_ecdt_probe =pmflt
[    0.218683] dynamic_debug:ddebug_change: changed drivers/acpi/ec.c:676 [acpi]ec_check_sci =pmflt
[    0.218817] dynamic_debug:ddebug_change: changed drivers/acpi/ec.c:628 [acpi]acpi_ec_run =pmflt
[    0.218951] dynamic_debug:ddebug_change: changed drivers/acpi/ec.c:623 [acpi]acpi_ec_run =pmflt
[    0.219080] dynamic_debug:ddebug_change: changed drivers/acpi/ec.c:652 [acpi]acpi_ec_sync_query =pmflt
[    0.219211] dynamic_debug:ddebug_change: changed drivers/acpi/ec.c:146 [acpi]acpi_ec_read_status =pmflt
[    0.219341] dynamic_debug:ddebug_change: changed drivers/acpi/ec.c:310 [acpi]ec_poll =pmflt
[    0.219471] dynamic_debug:ddebug_change: changed drivers/acpi/ec.c:160 [acpi]acpi_ec_write_cmd =pmflt
[    0.219601] dynamic_debug:ddebug_change: changed drivers/acpi/ec.c:154 [acpi]acpi_ec_read_data =pmflt
[    0.219731] dynamic_debug:ddebug_change: changed drivers/acpi/ec.c:166 [acpi]acpi_ec_write_data =pmflt
[    0.219861] dynamic_debug:ddebug_change: changed drivers/acpi/ec.c:247 [acpi]advance_transaction =pmflt
[    0.219992] dynamic_debug:ddebug_change: changed drivers/acpi/ec.c:228 [acpi]advance_transaction =pmflt
[    0.220126] dynamic_debug:ddebug_change: changed drivers/acpi/ec.c:210 [acpi]advance_transaction =pmflt
[    0.220257] dynamic_debug:ddebug_change: changed drivers/acpi/ec.c:341 [acpi]acpi_ec_transaction_unlocked =pmflt
[    0.220391] dynamic_debug:ddebug_change: changed drivers/acpi/ec.c:335 [acpi]acpi_ec_transaction_unlocked =pmflt
[    0.220523] dynamic_debug:ddebug_change: changed drivers/acpi/ec.c:331 [acpi]acpi_ec_transaction_unlocked =pmflt
[    0.220657] dynamic_debug:ddebug_change: changed drivers/acpi/pci_root.c:343 [acpi]acpi_get_pci_dev =pmflt
[    0.220791] dynamic_debug:ddebug_change: changed drivers/acpi/pci_irq.c:512 [acpi]acpi_pci_irq_disable =pmflt
[    0.220924] dynamic_debug:ddebug_change: changed drivers/acpi/pci_irq.c:472 [acpi]acpi_pci_irq_enable =pmflt
[    0.221054] dynamic_debug:ddebug_change: changed drivers/acpi/acpi_platform.c:113 [acpi]acpi_create_platform_device =pmflt
[    0.221186] dynamic_debug:ddebug_change: changed drivers/acpi/fan.c:140 [fan]fan_get_state_acpi4 =pmflt
[    0.221316] dynamic_debug:ddebug_change: changed drivers/acpi/fan.c:198 [fan]fan_set_state_acpi4 =pmflt
[    0.221446] dynamic_debug:ddebug_change: changed drivers/acpi/fan.c:362 [fan]acpi_fan_probe =pmflt
[    0.221576] dynamic_debug:ddebug_change: changed drivers/acpi/video.c:1652 [video]acpi_video_dev_register_backlight =pmflt
[    0.221707] dynamic_debug:ddebug_change: changed drivers/acpi/pci_slot.c:101 [pci_slot]check_slot =pmflt
[    0.221837] dynamic_debug:ddebug_change: changed drivers/acpi/pci_slot.c:94 [pci_slot]check_slot =pmflt
[    0.221969] dynamic_debug:ddebug_change: changed drivers/acpi/pci_slot.c:83 [pci_slot]check_slot =pmflt
[    0.222103] dynamic_debug:ddebug_change: changed drivers/acpi/pci_slot.c:158 [pci_slot]register_slot =pmflt
[    0.222237] dynamic_debug:ddebug_change: changed drivers/acpi/processor_driver.c:197 [processor]__acpi_processor_start =pmflt
[    0.222371] dynamic_debug:ddebug_change: changed drivers/acpi/processor_perflib.c:142 [processor]acpi_processor_get_platform_limit =pmflt
[    0.222631] dynamic_debug:vpr_info_dq: applied: func="" file="drivers/acpi/*" module="" format="" lineno=0-0
[    0.222807] dynamic_debug:ddebug_exec_queries: processed 3 queries, with 127 matches, 0 errs
[    0.222975] MCE: In-kernel MCE decoding enabled.
[    0.223150] started {early_reset_EHCIs kernel/smp.c:838}
[    0.223257] early_pci_allowed {early_reset_EHCIs kernel/smp.c:844}
[    0.223471] Found EHCI on 00:12.2 {kline kernel/smp.c:764}
[    0.223529] bar_val: f014a900 {kline kernel/smp.c:767}
[    0.223588] ehci_bar: ffffffffff7fe900 {kline kernel/smp.c:789}
[    0.223648] n_ports:    5 {kline kernel/smp.c:796}
[    0.223705] FLAG_CF was already set which likely means BIOS USB Legacy is Disabled. {ehci_status kernel/smp.c:580}
[    0.223834]   ehci cmd     : 00080B00 {ehci_status kernel/smp.c:582}
[    0.223893]   ehci conf flg: 00000001 {ehci_status kernel/smp.c:583}
[    0.223952]   ehci status  : 0000100C {ehci_status kernel/smp.c:584}
[    0.224012] port 1 status 00001000 {ehci_status kernel/smp.c:587}
[    0.224069] port 2 status 00001000 {ehci_status kernel/smp.c:587}
[    0.224128] port 3 status 00003000 {ehci_status kernel/smp.c:587}
[    0.224186] port 4 status 00001000 {ehci_status kernel/smp.c:587}
[    0.224244] port 5 status 00001000 {ehci_status kernel/smp.c:587}
[    0.224304] ended {kline kernel/smp.c:829}
[    0.224372] Found EHCI on 00:13.2 {kline kernel/smp.c:764}
[    0.224433] bar_val: f014a800 {kline kernel/smp.c:767}
[    0.224493] ehci_bar: ffffffffff7fe800 {kline kernel/smp.c:789}
[    0.224555] n_ports:    5 {kline kernel/smp.c:796}
[    0.224615] FLAG_CF was already set which likely means BIOS USB Legacy is Disabled. {ehci_status kernel/smp.c:580}
[    0.224747]   ehci cmd     : 00080B00 {ehci_status kernel/smp.c:582}
[    0.224805]   ehci conf flg: 00000001 {ehci_status kernel/smp.c:583}
[    0.224863]   ehci status  : 0000100C {ehci_status kernel/smp.c:584}
[    0.224921] port 1 status 00001803 {ehci_status kernel/smp.c:587}
[    0.224979] port 2 status 00001000 {ehci_status kernel/smp.c:587}
[    0.225037] port 3 status 00001803 {ehci_status kernel/smp.c:587}
[    0.225095] port 4 status 00001000 {ehci_status kernel/smp.c:587}
[    0.225153] port 5 status 00001000 {ehci_status kernel/smp.c:587}
[    0.225211] ended {kline kernel/smp.c:829}
[    0.295429] ended, failed 0 times {early_reset_EHCIs kernel/smp.c:857}
[    0.295488] All EHCI controllers were reset. {smp_init kernel/smp.c:876}
[    0.295574] NMI watchdog: enabled on all CPUs, permanently consumes one hw-PMU counter.
[    0.295821] smpboot: ++++++++++++++++++++=_---CPU UP  1
[    0.295929] x86: Booting SMP configuration:
[    0.295986] .... node  #0, CPUs:      #1
[    0.296089] smpboot: Setting warm reset code and vector.
[    0.296200] smpboot: 1.
[    0.296258] smpboot: 2.
[    0.296316] smpboot: 3.
[    0.296374] smpboot: Asserting INIT
[    0.296434] smpboot: Waiting for send to finish...
[    0.306499] smpboot: Deasserting INIT
[    0.306608] smpboot: Waiting for send to finish...
[    0.306675] smpboot: #startup loops: 2
[    0.306735] smpboot: Sending STARTUP #1
[    0.306795] smpboot: After apic_write
[    0.307157] smpboot: Startup point 1
[    0.307265] smpboot: Waiting for send to finish...
[    0.307529] smpboot: Sending STARTUP #2
[    0.307636] smpboot: After apic_write
[    0.307995] smpboot: Startup point 1
[    0.308103] smpboot: Waiting for send to finish...
[    0.308367] smpboot: After Startup
[    0.214442] masked ExtINT on CPU#1
[    0.214474] smpboot: Stack at about ffff88040b9eff38
[    0.310629] TSC synchronization [CPU#0 -> CPU#1]:
[    0.310861] Measured 131404946 cycles TSC warp between CPUs, turning off TSC clock.
[    0.311002] tsc: Marking TSC unstable due to check_tsc_sync_source failed
[    0.311232] smpboot: ++++++++++++++++++++=_---CPU UP  2
[    0.311343]  #2
[    0.311378] smpboot: Setting warm reset code and vector.
[    0.311499] smpboot: 1.
[    0.311559] smpboot: 2.
[    0.311620] smpboot: 3.
[    0.311680] smpboot: Asserting INIT
[    0.311742] smpboot: Waiting for send to finish...
[    0.321809] smpboot: Deasserting INIT
[    0.321918] smpboot: Waiting for send to finish...
[    0.321983] smpboot: #startup loops: 2
[    0.322047] smpboot: Sending STARTUP #1
[    0.322108] smpboot: After apic_write
[    0.322470] smpboot: Startup point 1
[    0.322578] smpboot: Waiting for send to finish...
[    0.322841] smpboot: Sending STARTUP #2
[    0.322951] smpboot: After apic_write
[    0.323314] smpboot: Startup point 1
[    0.323421] smpboot: Waiting for send to finish...
[    0.323683] smpboot: After Startup
[    0.195716] masked ExtINT on CPU#2
[    0.195751] smpboot: Stack at about ffff88040b9f3f38
[    0.324074] smpboot: ++++++++++++++++++++=_---CPU UP  3
[    0.325310]  #3
[    0.325345] smpboot: Setting warm reset code and vector.
[    0.325463] smpboot: 1.
[    0.325522] smpboot: 2.
[    0.325581] smpboot: 3.
[    0.325644] smpboot: Asserting INIT
[    0.325709] smpboot: Waiting for send to finish...
[    0.335776] smpboot: Deasserting INIT
[    0.335886] smpboot: Waiting for send to finish...
[    0.335951] smpboot: #startup loops: 2
[    0.336013] smpboot: Sending STARTUP #1
[    0.336074] smpboot: After apic_write
[    0.336437] smpboot: Startup point 1
[    0.336545] smpboot: Waiting for send to finish...
[    0.336808] smpboot: Sending STARTUP #2
[    0.336918] smpboot: After apic_write
[    0.337281] smpboot: Startup point 1
[    0.337389] smpboot: Waiting for send to finish...
[    0.337652] smpboot: After Startup
[    0.175921] masked ExtINT on CPU#3
[    0.175956] smpboot: Stack at about ffff88040b9f7f38
[    0.337904] x86: Booted up 1 node, 4 CPUs
[    0.338095] smpboot: Boot done
[    0.338156] smpboot: Before bogomips
[    0.338218] smpboot: Total of 4 processors activated (11184.41 BogoMIPS)
[    0.338281] smpboot: Before bogocount - setting activated=1
[    0.236778] devtmpfs: initialized
[    0.236814] device: 'platform': device_add
[    0.236899] bus: 'platform': registered
[    0.236972] bus: 'cpu': registered
[    0.237034] device: 'cpu': device_add
[    0.237111] bus: 'container': registered
[    0.237172] device: 'container': device_add
[    0.237454] bus: 'workqueue': registered
[    0.237454] device: 'workqueue': device_add
[    0.237454] kworker/u8:0 (39) used greatest stack depth: 13856 bytes left
[    0.237454] atomic64_test: passed for x86-64 platform with CX8 and with SSE
[    0.237454] device class 'regulator': registering
[    0.237454] Registering platform device 'reg-dummy'. Parent at platform
[    0.237454] device: 'reg-dummy': device_add
[    0.237454] bus: 'platform': add device reg-dummy
[    0.237454] bus: 'platform': add driver reg-dummy
[    0.237454] bus: 'platform': driver_probe_device: matched device reg-dummy with driver reg-dummy
[    0.237454] bus: 'platform': really_probe: probing driver reg-dummy with device reg-dummy
[    0.240019] device: 'regulator.0': device_add
[    0.240105] regulator-dummy: no parameters
[    0.240174] driver: 'reg-dummy': driver_bound: bound to device 'reg-dummy'
[    0.240237] bus: 'platform': really_probe: bound device reg-dummy to driver reg-dummy
[    0.240469] NET: Registered protocol family 16
[    0.240703] device class 'bdi': registering
[    0.240831] bus: 'platform': add driver ramoops
[    0.240918] device class 'pci_bus': registering
[    0.241011] bus: 'pci': registered
[    0.241078] device class 'backlight': registering
[    0.241146] device class 'tty': registering
[    0.241217] device class 'vtconsole': registering
[    0.241285] device: 'vtcon0': device_add
[    0.241373] bus: 'node': registered
[    0.241436] device: 'node': device_add
[    0.241520] bus: 'i2c': registered
[    0.241583] bus: 'i2c': add driver dummy
[    0.241651] i2c-core: driver [dummy] registered
[    0.250033] cpuidle: using governor ladder
[    0.263376] cpuidle: using governor menu
[    0.263810] ACPI FADT declares the system doesn't support PCIe ASPM, so disable it
[    0.263993] ACPI: bus type PCI registered
[    0.264056] acpiphp: ACPI Hot Plug PCI Controller Driver version: 0.5
[    0.264122] device class 'dmi': registering
[    0.264205] device: 'id': device_add
[    0.266793] PCI: MMCONFIG for domain 0000 [bus 00-3f] at [mem 0xf8000000-0xfbffffff] (base 0xf8000000)
[    0.266931] PCI: not using MMCONFIG
[    0.266993] PCI: Using configuration type 1 for base access
[    0.267056] PCI: Using configuration type 1 for extended access
[    0.267212] device: 'node0': device_add
[    0.267323] bus: 'node': add device node0
[    0.267407] device: 'cpu0': device_add
[    0.267471] bus: 'cpu': add device cpu0
[    0.267558] device: 'cpu1': device_add
[    0.267622] bus: 'cpu': add device cpu1
[    0.267707] device: 'cpu2': device_add
[    0.267771] bus: 'cpu': add device cpu2
[    0.267859] device: 'cpu3': device_add
[    0.267919] bus: 'cpu': add device cpu3
[    0.283423] device: 'writeback': device_add
[    0.283503] bus: 'workqueue': add device writeback
[    0.283602] device: 'default': device_add
[    0.286754] device class 'block': registering
[    0.286878] device class 'graphics': registering
[    0.286878] ACPI: Added _OSI(Module Device)
[    0.286969] ACPI: Added _OSI(Processor Device)
[    0.287031] ACPI: Added _OSI(3.0 _SCP Extensions)
[    0.287094] ACPI: Added _OSI(Processor Aggregator Device)
[    0.287094] IOAPIC[0]: Set routing entry (2-9 -> 0x39 -> IRQ 9 Mode:1 Active:1 Dest:15)
[    0.287094] [1] acpi:acpi_ec_ecdt_probe:1143: ACPI : EC: Look up EC in DSDT
[    0.294708] [Firmware Bug]: ACPI: BIOS _OSI(Linux) query ignored
[    0.295903] [1] acpi:acpi_ec_transaction_unlocked:331: ACPI : EC: ***** Command(WR_EC) started *****
[    0.296087] [1] acpi:advance_transaction:210: ACPI : EC: ===== TASK (3) =====
[    0.296153] [1] acpi:acpi_ec_read_status:146: ACPI : EC: EC_SC(R) = 0x00 SCI_EVT=0 BURST=0 CMD=0 IBF=0 OBF=0
[    0.296291] [1] acpi:acpi_ec_write_cmd:160: ACPI : EC: EC_SC(W) = 0x81
[    0.296696] <intr> acpi:advance_transaction:210: ACPI : EC: ===== IRQ (3) =====
[    0.296841] <intr> acpi:acpi_ec_read_status:146: ACPI : EC: EC_SC(R) = 0x08 SCI_EVT=0 BURST=0 CMD=1 IBF=0 OBF=0
[    0.296979] <intr> acpi:acpi_ec_write_data:166: ACPI : EC: EC_DATA(W) = 0x92
[    0.297046] <intr> acpi:acpi_ec_read_status:146: ACPI : EC: EC_SC(R) = 0x02 SCI_EVT=0 BURST=0 CMD=0 IBF=1 OBF=0
[    0.300024] <intr> acpi:advance_transaction:210: ACPI : EC: ===== IRQ (3) =====
[    0.300170] <intr> acpi:acpi_ec_read_status:146: ACPI : EC: EC_SC(R) = 0x00 SCI_EVT=0 BURST=0 CMD=0 IBF=0 OBF=0
[    0.300308] <intr> acpi:acpi_ec_write_data:166: ACPI : EC: EC_DATA(W) = 0x00
[    0.300376] <intr> acpi:acpi_ec_read_status:146: ACPI : EC: EC_SC(R) = 0x02 SCI_EVT=0 BURST=0 CMD=0 IBF=1 OBF=0
[    0.300517] <intr> acpi:advance_transaction:210: ACPI : EC: ===== IRQ (3) =====
[    0.300517] <intr> acpi:acpi_ec_read_status:146: ACPI : EC: EC_SC(R) = 0x00 SCI_EVT=0 BURST=0 CMD=0 IBF=0 OBF=0
[    0.300517] <intr> acpi:acpi_ec_read_status:146: ACPI : EC: EC_SC(R) = 0x00 SCI_EVT=0 BURST=0 CMD=0 IBF=0 OBF=0
[    0.300517] [1] acpi:acpi_ec_transaction_unlocked:341: ACPI : EC: ***** Command(WR_EC) stopped *****
[    0.300517] [1] acpi:acpi_ec_read_status:146: ACPI : EC: EC_SC(R) = 0x00 SCI_EVT=0 BURST=0 CMD=0 IBF=0 OBF=0
[    0.300517] [1] acpi:acpi_ec_transaction_unlocked:331: ACPI : EC: ***** Command(RD_EC) started *****
[    0.300517] [1] acpi:advance_transaction:210: ACPI : EC: ===== TASK (3) =====
[    0.300530] [1] acpi:acpi_ec_read_status:146: ACPI : EC: EC_SC(R) = 0x00 SCI_EVT=0 BURST=0 CMD=0 IBF=0 OBF=0
[    0.300667] [1] acpi:acpi_ec_write_cmd:160: ACPI : EC: EC_SC(W) = 0x80
[    0.303363] <intr> acpi:advance_transaction:210: ACPI : EC: ===== IRQ (3) =====
[    0.303507] <intr> acpi:acpi_ec_read_status:146: ACPI : EC: EC_SC(R) = 0x08 SCI_EVT=0 BURST=0 CMD=1 IBF=0 OBF=0
[    0.303645] <intr> acpi:acpi_ec_write_data:166: ACPI : EC: EC_DATA(W) = 0x10
[    0.303712] <intr> acpi:acpi_ec_read_status:146: ACPI : EC: EC_SC(R) = 0x02 SCI_EVT=0 BURST=0 CMD=0 IBF=1 OBF=0
[    0.303850] <intr> acpi:advance_transaction:210: ACPI : EC: ===== IRQ (3) =====
[    0.303850] <intr> acpi:acpi_ec_read_status:146: ACPI : EC: EC_SC(R) = 0x01 SCI_EVT=0 BURST=0 CMD=0 IBF=0 OBF=1
[    0.303850] <intr> acpi:acpi_ec_read_data:154: ACPI : EC: EC_DATA(R) = 0x11
[    0.303850] <intr> acpi:acpi_ec_read_status:146: ACPI : EC: EC_SC(R) = 0x00 SCI_EVT=0 BURST=0 CMD=0 IBF=0 OBF=0
[    0.303850] [1] acpi:acpi_ec_transaction_unlocked:341: ACPI : EC: ***** Command(RD_EC) stopped *****
[    0.303850] [1] acpi:acpi_ec_read_status:146: ACPI : EC: EC_SC(R) = 0x00 SCI_EVT=0 BURST=0 CMD=0 IBF=0 OBF=0
[    0.303850] [1] acpi:acpi_ec_transaction_unlocked:331: ACPI : EC: ***** Command(WR_EC) started *****
[    0.303850] [1] acpi:advance_transaction:210: ACPI : EC: ===== TASK (3) =====
[    0.303850] [1] acpi:acpi_ec_read_status:146: ACPI : EC: EC_SC(R) = 0x00 SCI_EVT=0 BURST=0 CMD=0 IBF=0 OBF=0
[    0.303960] [1] acpi:acpi_ec_write_cmd:160: ACPI : EC: EC_SC(W) = 0x81
[    0.306691] <intr> acpi:advance_transaction:210: ACPI : EC: ===== IRQ (3) =====
[    0.306834] <intr> acpi:acpi_ec_read_status:146: ACPI : EC: EC_SC(R) = 0x08 SCI_EVT=0 BURST=0 CMD=1 IBF=0 OBF=0
[    0.306970] <intr> acpi:acpi_ec_write_data:166: ACPI : EC: EC_DATA(W) = 0x10
[    0.307036] <intr> acpi:acpi_ec_read_status:146: ACPI : EC: EC_SC(R) = 0x02 SCI_EVT=0 BURST=0 CMD=0 IBF=1 OBF=0
[    0.307174] <intr> acpi:advance_transaction:210: ACPI : EC: ===== IRQ (3) =====
[    0.307174] <intr> acpi:acpi_ec_read_status:146: ACPI : EC: EC_SC(R) = 0x00 SCI_EVT=0 BURST=0 CMD=0 IBF=0 OBF=0
[    0.307174] <intr> acpi:acpi_ec_write_data:166: ACPI : EC: EC_DATA(W) = 0x13
[    0.307174] <intr> acpi:acpi_ec_read_status:146: ACPI : EC: EC_SC(R) = 0x02 SCI_EVT=0 BURST=0 CMD=0 IBF=1 OBF=0
[    0.307179] [1] acpi:advance_transaction:210: ACPI : EC: ===== TASK (3) =====
[    0.307179] [1] acpi:acpi_ec_read_status:146: ACPI : EC: EC_SC(R) = 0x00 SCI_EVT=0 BURST=0 CMD=0 IBF=0 OBF=0
[    0.308198] <intr> acpi:advance_transaction:210: ACPI : EC: ===== IRQ (3) =====
[    0.308336] <intr> acpi:acpi_ec_read_status:146: ACPI : EC: EC_SC(R) = 0x00 SCI_EVT=0 BURST=0 CMD=0 IBF=0 OBF=0
[    0.308475] <intr> acpi:acpi_ec_read_status:146: ACPI : EC: EC_SC(R) = 0x00 SCI_EVT=0 BURST=0 CMD=0 IBF=0 OBF=0
[    0.308615] [1] acpi:acpi_ec_transaction_unlocked:341: ACPI : EC: ***** Command(WR_EC) stopped *****
[    0.308754] [1] acpi:acpi_ec_read_status:146: ACPI : EC: EC_SC(R) = 0x00 SCI_EVT=0 BURST=0 CMD=0 IBF=0 OBF=0
[    0.308935] [1] acpi:acpi_ec_transaction_unlocked:331: ACPI : EC: ***** Command(RD_EC) started *****
[    0.309119] [1] acpi:advance_transaction:210: ACPI : EC: ===== TASK (3) =====
[    0.309184] [1] acpi:acpi_ec_read_status:146: ACPI : EC: EC_SC(R) = 0x00 SCI_EVT=0 BURST=0 CMD=0 IBF=0 OBF=0
[    0.309321] [1] acpi:acpi_ec_write_cmd:160: ACPI : EC: EC_SC(W) = 0x80
[    0.310032] <intr> acpi:advance_transaction:210: ACPI : EC: ===== IRQ (3) =====
[    0.310177] <intr> acpi:acpi_ec_read_status:146: ACPI : EC: EC_SC(R) = 0x08 SCI_EVT=0 BURST=0 CMD=1 IBF=0 OBF=0
[    0.310315] <intr> acpi:acpi_ec_write_data:166: ACPI : EC: EC_DATA(W) = 0x76
[    0.310382] <intr> acpi:acpi_ec_read_status:146: ACPI : EC: EC_SC(R) = 0x02 SCI_EVT=0 BURST=0 CMD=0 IBF=1 OBF=0
[    0.310523] <intr> acpi:advance_transaction:210: ACPI : EC: ===== IRQ (3) =====
[    0.310523] <intr> acpi:acpi_ec_read_status:146: ACPI : EC: EC_SC(R) = 0x01 SCI_EVT=0 BURST=0 CMD=0 IBF=0 OBF=1
[    0.310523] <intr> acpi:acpi_ec_read_data:154: ACPI : EC: EC_DATA(R) = 0x00
[    0.310523] <intr> acpi:acpi_ec_read_status:146: ACPI : EC: EC_SC(R) = 0x00 SCI_EVT=0 BURST=0 CMD=0 IBF=0 OBF=0
[    0.310523] [1] acpi:acpi_ec_transaction_unlocked:341: ACPI : EC: ***** Command(RD_EC) stopped *****
[    0.310648] [1] acpi:acpi_ec_read_status:146: ACPI : EC: EC_SC(R) = 0x00 SCI_EVT=0 BURST=0 CMD=0 IBF=0 OBF=0
[    0.310792] [1] acpi:acpi_ec_transaction_unlocked:331: ACPI : EC: ***** Command(WR_EC) started *****
[    0.310929] [1] acpi:advance_transaction:210: ACPI : EC: ===== TASK (3) =====
[    0.310995] [1] acpi:acpi_ec_read_status:146: ACPI : EC: EC_SC(R) = 0x00 SCI_EVT=0 BURST=0 CMD=0 IBF=0 OBF=0
[    0.311132] [1] acpi:acpi_ec_write_cmd:160: ACPI : EC: EC_SC(W) = 0x81
[    0.313364] <intr> acpi:advance_transaction:210: ACPI : EC: ===== IRQ (3) =====
[    0.313509] <intr> acpi:acpi_ec_read_status:146: ACPI : EC: EC_SC(R) = 0x08 SCI_EVT=0 BURST=0 CMD=1 IBF=0 OBF=0
[    0.313646] <intr> acpi:acpi_ec_write_data:166: ACPI : EC: EC_DATA(W) = 0x76
[    0.313714] <intr> acpi:acpi_ec_read_status:146: ACPI : EC: EC_SC(R) = 0x02 SCI_EVT=0 BURST=0 CMD=0 IBF=1 OBF=0
[    0.316691] <intr> acpi:advance_transaction:210: ACPI : EC: ===== IRQ (3) =====
[    0.316836] <intr> acpi:acpi_ec_read_status:146: ACPI : EC: EC_SC(R) = 0x00 SCI_EVT=0 BURST=0 CMD=0 IBF=0 OBF=0
[    0.316974] <intr> acpi:acpi_ec_write_data:166: ACPI : EC: EC_DATA(W) = 0x50
[    0.317042] <intr> acpi:acpi_ec_read_status:146: ACPI : EC: EC_SC(R) = 0x02 SCI_EVT=0 BURST=0 CMD=0 IBF=1 OBF=0
[    0.317182] <intr> acpi:advance_transaction:210: ACPI : EC: ===== IRQ (3) =====
[    0.317182] <intr> acpi:acpi_ec_read_status:146: ACPI : EC: EC_SC(R) = 0x00 SCI_EVT=0 BURST=0 CMD=0 IBF=0 OBF=0
[    0.317182] <intr> acpi:acpi_ec_read_status:146: ACPI : EC: EC_SC(R) = 0x00 SCI_EVT=0 BURST=0 CMD=0 IBF=0 OBF=0
[    0.317182] [1] acpi:acpi_ec_transaction_unlocked:341: ACPI : EC: ***** Command(WR_EC) stopped *****
[    0.317286] [1] acpi:acpi_ec_read_status:146: ACPI : EC: EC_SC(R) = 0x00 SCI_EVT=0 BURST=0 CMD=0 IBF=0 OBF=0
[    0.317481] [1] acpi:acpi_ec_transaction_unlocked:331: ACPI : EC: ***** Command(RD_EC) started *****
[    0.317664] [1] acpi:advance_transaction:210: ACPI : EC: ===== TASK (3) =====
[    0.317729] [1] acpi:acpi_ec_read_status:146: ACPI : EC: EC_SC(R) = 0x00 SCI_EVT=0 BURST=0 CMD=0 IBF=0 OBF=0
[    0.317868] [1] acpi:acpi_ec_write_cmd:160: ACPI : EC: EC_SC(W) = 0x80
[    0.320030] <intr> acpi:advance_transaction:210: ACPI : EC: ===== IRQ (3) =====
[    0.320172] <intr> acpi:acpi_ec_read_status:146: ACPI : EC: EC_SC(R) = 0x08 SCI_EVT=0 BURST=0 CMD=1 IBF=0 OBF=0
[    0.320308] <intr> acpi:acpi_ec_write_data:166: ACPI : EC: EC_DATA(W) = 0x7f
[    0.320375] <intr> acpi:acpi_ec_read_status:146: ACPI : EC: EC_SC(R) = 0x02 SCI_EVT=0 BURST=0 CMD=0 IBF=1 OBF=0
[    0.320029] <intr> acpi:advance_transaction:210: ACPI : EC: ===== IRQ (2) =====
[    0.320173] <intr> acpi:acpi_ec_read_status:146: ACPI : EC: EC_SC(R) = 0x01 SCI_EVT=0 BURST=0 CMD=0 IBF=0 OBF=1
[    0.320311] <intr> acpi:acpi_ec_read_data:154: ACPI : EC: EC_DATA(R) = 0x09
[    0.320385] <intr> acpi:acpi_ec_read_status:146: ACPI : EC: EC_SC(R) = 0x00 SCI_EVT=0 BURST=0 CMD=0 IBF=0 OBF=0
[    0.320536] [1] acpi:acpi_ec_transaction_unlocked:341: ACPI : EC: ***** Command(RD_EC) stopped *****
[    0.320673] [1] acpi:acpi_ec_read_status:146: ACPI : EC: EC_SC(R) = 0x00 SCI_EVT=0 BURST=0 CMD=0 IBF=0 OBF=0
[    0.320815] [1] acpi:acpi_ec_transaction_unlocked:331: ACPI : EC: ***** Command(WR_EC) started *****
[    0.320950] [1] acpi:advance_transaction:210: ACPI : EC: ===== TASK (2) =====
[    0.321015] [1] acpi:acpi_ec_read_status:146: ACPI : EC: EC_SC(R) = 0x00 SCI_EVT=0 BURST=0 CMD=0 IBF=0 OBF=0
[    0.321150] [1] acpi:acpi_ec_write_cmd:160: ACPI : EC: EC_SC(W) = 0x81
[    0.323346] <intr> acpi:advance_transaction:210: ACPI : EC: ===== IRQ (3) =====
[    0.323482] <intr> acpi:acpi_ec_read_status:146: ACPI : EC: EC_SC(R) = 0x08 SCI_EVT=0 BURST=0 CMD=1 IBF=0 OBF=0
[    0.323616] <intr> acpi:acpi_ec_write_data:166: ACPI : EC: EC_DATA(W) = 0x7f
[    0.323683] <intr> acpi:acpi_ec_read_status:146: ACPI : EC: EC_SC(R) = 0x02 SCI_EVT=0 BURST=0 CMD=0 IBF=1 OBF=0
[    0.323819] <intr> acpi:advance_transaction:210: ACPI : EC: ===== IRQ (3) =====
[    0.323819] <intr> acpi:acpi_ec_read_status:146: ACPI : EC: EC_SC(R) = 0x00 SCI_EVT=0 BURST=0 CMD=0 IBF=0 OBF=0
[    0.323819] <intr> acpi:acpi_ec_write_data:166: ACPI : EC: EC_DATA(W) = 0x08
[    0.323819] <intr> acpi:acpi_ec_read_status:146: ACPI : EC: EC_SC(R) = 0x02 SCI_EVT=0 BURST=0 CMD=0 IBF=1 OBF=0
[    0.323837] <intr> acpi:advance_transaction:210: ACPI : EC: ===== IRQ (3) =====
[    0.323837] <intr> acpi:acpi_ec_read_status:146: ACPI : EC: EC_SC(R) = 0x00 SCI_EVT=0 BURST=0 CMD=0 IBF=0 OBF=0
[    0.323837] <intr> acpi:acpi_ec_read_status:146: ACPI : EC: EC_SC(R) = 0x00 SCI_EVT=0 BURST=0 CMD=0 IBF=0 OBF=0
[    0.323837] [1] acpi:acpi_ec_transaction_unlocked:341: ACPI : EC: ***** Command(WR_EC) stopped *****
[    0.323917] [1] acpi:acpi_ec_read_status:146: ACPI : EC: EC_SC(R) = 0x00 SCI_EVT=0 BURST=0 CMD=0 IBF=0 OBF=0
[    0.324090] [1] acpi:acpi_ec_transaction_unlocked:331: ACPI : EC: ***** Command(RD_EC) started *****
[    0.324227] [1] acpi:advance_transaction:210: ACPI : EC: ===== TASK (3) =====
[    0.324293] [1] acpi:acpi_ec_read_status:146: ACPI : EC: EC_SC(R) = 0x00 SCI_EVT=0 BURST=0 CMD=0 IBF=0 OBF=0
[    0.324430] [1] acpi:acpi_ec_write_cmd:160: ACPI : EC: EC_SC(W) = 0x80
[    0.326697] <intr> acpi:advance_transaction:210: ACPI : EC: ===== IRQ (3) =====
[    0.326843] <intr> acpi:acpi_ec_read_status:146: ACPI : EC: EC_SC(R) = 0x08 SCI_EVT=0 BURST=0 CMD=1 IBF=0 OBF=0
[    0.326981] <intr> acpi:acpi_ec_write_data:166: ACPI : EC: EC_DATA(W) = 0x7f
[    0.327049] <intr> acpi:acpi_ec_read_status:146: ACPI : EC: EC_SC(R) = 0x02 SCI_EVT=0 BURST=0 CMD=0 IBF=1 OBF=0
[    0.327190] <intr> acpi:advance_transaction:210: ACPI : EC: ===== IRQ (3) =====
[    0.327190] <intr> acpi:acpi_ec_read_status:146: ACPI : EC: EC_SC(R) = 0x01 SCI_EVT=0 BURST=0 CMD=0 IBF=0 OBF=1
[    0.327190] <intr> acpi:acpi_ec_read_data:154: ACPI : EC: EC_DATA(R) = 0x08
[    0.327190] <intr> acpi:acpi_ec_read_status:146: ACPI : EC: EC_SC(R) = 0x00 SCI_EVT=0 BURST=0 CMD=0 IBF=0 OBF=0
[    0.327190] [1] acpi:acpi_ec_transaction_unlocked:341: ACPI : EC: ***** Command(RD_EC) stopped *****
[    0.327313] [1] acpi:acpi_ec_read_status:146: ACPI : EC: EC_SC(R) = 0x00 SCI_EVT=0 BURST=0 CMD=0 IBF=0 OBF=0
[    0.327500] [1] acpi:acpi_ec_transaction_unlocked:331: ACPI : EC: ***** Command(RD_EC) started *****
[    0.327683] [1] acpi:advance_transaction:210: ACPI : EC: ===== TASK (3) =====
[    0.327749] [1] acpi:acpi_ec_read_status:146: ACPI : EC: EC_SC(R) = 0x00 SCI_EVT=0 BURST=0 CMD=0 IBF=0 OBF=0
[    0.327887] [1] acpi:acpi_ec_write_cmd:160: ACPI : EC: EC_SC(W) = 0x80
[    0.330030] <intr> acpi:advance_transaction:210: ACPI : EC: ===== IRQ (3) =====
[    0.330174] <intr> acpi:acpi_ec_read_status:146: ACPI : EC: EC_SC(R) = 0x08 SCI_EVT=0 BURST=0 CMD=1 IBF=0 OBF=0
[    0.330312] <intr> acpi:acpi_ec_write_data:166: ACPI : EC: EC_DATA(W) = 0x7f
[    0.330380] <intr> acpi:acpi_ec_read_status:146: ACPI : EC: EC_SC(R) = 0x02 SCI_EVT=0 BURST=0 CMD=0 IBF=1 OBF=0
[    0.330520] <intr> acpi:advance_transaction:210: ACPI : EC: ===== IRQ (3) =====
[    0.330520] <intr> acpi:acpi_ec_read_status:146: ACPI : EC: EC_SC(R) = 0x01 SCI_EVT=0 BURST=0 CMD=0 IBF=0 OBF=1
[    0.330520] <intr> acpi:acpi_ec_read_data:154: ACPI : EC: EC_DATA(R) = 0x08
[    0.330520] <intr> acpi:acpi_ec_read_status:146: ACPI : EC: EC_SC(R) = 0x00 SCI_EVT=0 BURST=0 CMD=0 IBF=0 OBF=0
[    0.330537] [1] acpi:acpi_ec_transaction_unlocked:341: ACPI : EC: ***** Command(RD_EC) stopped *****
[    0.330676] [1] acpi:acpi_ec_read_status:146: ACPI : EC: EC_SC(R) = 0x00 SCI_EVT=0 BURST=0 CMD=0 IBF=0 OBF=0
[    0.330929] [1] acpi:acpi_ec_transaction_unlocked:331: ACPI : EC: ***** Command(WR_EC) started *****
[    0.331112] [1] acpi:advance_transaction:210: ACPI : EC: ===== TASK (3) =====
[    0.331178] [1] acpi:acpi_ec_read_status:146: ACPI : EC: EC_SC(R) = 0x00 SCI_EVT=0 BURST=0 CMD=0 IBF=0 OBF=0
[    0.331315] [1] acpi:acpi_ec_write_cmd:160: ACPI : EC: EC_SC(W) = 0x81
[    0.333365] <intr> acpi:advance_transaction:210: ACPI : EC: ===== IRQ (3) =====
[    0.333510] <intr> acpi:acpi_ec_read_status:146: ACPI : EC: EC_SC(R) = 0x08 SCI_EVT=0 BURST=0 CMD=1 IBF=0 OBF=0
[    0.333649] <intr> acpi:acpi_ec_write_data:166: ACPI : EC: EC_DATA(W) = 0x5c
[    0.333717] <intr> acpi:acpi_ec_read_status:146: ACPI : EC: EC_SC(R) = 0x02 SCI_EVT=0 BURST=0 CMD=0 IBF=1 OBF=0
[    0.333857] <intr> acpi:advance_transaction:210: ACPI : EC: ===== IRQ (3) =====
[    0.334543] <intr> acpi:acpi_ec_read_status:146: ACPI : EC: EC_SC(R) = 0x00 SCI_EVT=0 BURST=0 CMD=0 IBF=0 OBF=0
[    0.334681] <intr> acpi:acpi_ec_write_data:166: ACPI : EC: EC_DATA(W) = 0x03
[    0.334748] <intr> acpi:acpi_ec_read_status:146: ACPI : EC: EC_SC(R) = 0x02 SCI_EVT=0 BURST=0 CMD=0 IBF=1 OBF=0
[    0.336698] <intr> acpi:advance_transaction:210: ACPI : EC: ===== IRQ (3) =====
[    0.336840] <intr> acpi:acpi_ec_read_status:146: ACPI : EC: EC_SC(R) = 0x00 SCI_EVT=0 BURST=0 CMD=0 IBF=0 OBF=0
[    0.336985] <intr> acpi:acpi_ec_read_status:146: ACPI : EC: EC_SC(R) = 0x00 SCI_EVT=0 BURST=0 CMD=0 IBF=0 OBF=0
[    0.337136] [1] acpi:acpi_ec_transaction_unlocked:341: ACPI : EC: ***** Command(WR_EC) stopped *****
[    0.337272] [1] acpi:acpi_ec_read_status:146: ACPI : EC: EC_SC(R) = 0x00 SCI_EVT=0 BURST=0 CMD=0 IBF=0 OBF=0
[    0.337272] ACPI: Interpreter enabled
[    0.337272] ACPI: (supports S0 S5)
[    0.337272] ACPI: Using IOAPIC for interrupt routing
[    0.337272] PCI: MMCONFIG for domain 0000 [bus 00-3f] at [mem 0xf8000000-0xfbffffff] (base 0xf8000000)
[    0.338008] PCI: MMCONFIG at [mem 0xf8000000-0xfbffffff] reserved in ACPI motherboard resources
[    0.338298] bus: 'acpi': registered
[    0.338410] PCI: Using host bridge windows from ACPI; if necessary, use "pci=nocrs" and report a bug
[    0.338568] device: 'LNXSYSTM:00': device_add
[    0.338634] bus: 'acpi': add device LNXSYSTM:00
[    0.340058] device: 'LNXCPU:00': device_add
[    0.340058] bus: 'acpi': add device LNXCPU:00
[    0.340085] device: 'LNXCPU:01': device_add
[    0.340085] bus: 'acpi': add device LNXCPU:01
[    0.340085] device: 'LNXCPU:02': device_add
[    0.340085] bus: 'acpi': add device LNXCPU:02
[    0.340085] device: 'LNXCPU:03': device_add
[    0.340085] bus: 'acpi': add device LNXCPU:03
[    0.340085] device: 'LNXSYBUS:00': device_add
[    0.340085] bus: 'acpi': add device LNXSYBUS:00
[    0.340085] device: 'PNP0C0C:00': device_add
[    0.340085] bus: 'acpi': add device PNP0C0C:00
[    0.340085] device: 'PNP0A08:00': device_add
[    0.340173] bus: 'acpi': add device PNP0A08:00
[    0.340322] device: 'PNP0C02:00': device_add
[    0.340433] bus: 'acpi': add device PNP0C02:00
[    0.340605] device: 'device:00': device_add
[    0.340669] bus: 'acpi': add device device:00
[    0.340790] device: 'device:01': device_add
[    0.340903] bus: 'acpi': add device device:01
[    0.341058] device: 'device:02': device_add
[    0.341172] bus: 'acpi': add device device:02
[    0.341339] device: 'device:03': device_add
[    0.341403] bus: 'acpi': add device device:03
[    0.343349] device: 'LNXVIDEO:00': device_add
[    0.343349] bus: 'acpi': add device LNXVIDEO:00
[    0.343352] device: 'device:04': device_add
[    0.343352] bus: 'acpi': add device device:04
[    0.343352] device: 'device:05': device_add
[    0.343352] bus: 'acpi': add device device:05
[    0.343356] device: 'device:06': device_add
[    0.343356] bus: 'acpi': add device device:06
[    0.343356] device: 'device:07': device_add
[    0.343356] bus: 'acpi': add device device:07
[    0.343356] device: 'device:08': device_add
[    0.343356] bus: 'acpi': add device device:08
[    0.343356] device: 'device:09': device_add
[    0.343356] bus: 'acpi': add device device:09
[    0.343356] device: 'device:0a': device_add
[    0.343356] bus: 'acpi': add device device:0a
[    0.343434] device: 'device:0b': device_add
[    0.343500] bus: 'acpi': add device device:0b
[    0.343612] device: 'device:0c': device_add
[    0.343723] bus: 'acpi': add device device:0c
[    0.343904] device: 'device:0d': device_add
[    0.343972] bus: 'acpi': add device device:0d
[    0.344121] device: 'device:0e': device_add
[    0.344235] bus: 'acpi': add device device:0e
[    0.344395] device: 'device:0f': device_add
[    0.344460] bus: 'acpi': add device device:0f
[    0.344574] device: 'device:10': device_add
[    0.344684] bus: 'acpi': add device device:10
[    0.346683] device: 'device:11': device_add
[    0.346683] bus: 'acpi': add device device:11
[    0.346686] device: 'device:12': device_add
[    0.346686] bus: 'acpi': add device device:12
[    0.346686] device: 'device:13': device_add
[    0.346686] bus: 'acpi': add device device:13
[    0.346686] device: 'device:14': device_add
[    0.346686] bus: 'acpi': add device device:14
[    0.346686] device: 'device:15': device_add
[    0.346686] bus: 'acpi': add device device:15
[    0.346686] device: 'device:16': device_add
[    0.346686] bus: 'acpi': add device device:16
[    0.346686] device: 'device:17': device_add
[    0.346686] bus: 'acpi': add device device:17
[    0.346686] device: 'device:18': device_add
[    0.346686] bus: 'acpi': add device device:18
[    0.346686] device: 'device:19': device_add
[    0.346736] bus: 'acpi': add device device:19
[    0.346839] device: 'device:1a': device_add
[    0.346952] bus: 'acpi': add device device:1a
[    0.347077] device: 'device:1b': device_add
[    0.347192] bus: 'acpi': add device device:1b
[    0.347370] device: 'device:1c': device_add
[    0.347436] bus: 'acpi': add device device:1c
[    0.347536] device: 'device:1d': device_add
[    0.347649] bus: 'acpi': add device device:1d
[    0.347749] device: 'device:1e': device_add
[    0.347862] bus: 'acpi': add device device:1e
[    0.350016] device: 'device:1f': device_add
[    0.350016] bus: 'acpi': add device device:1f
[    0.350020] device: 'device:20': device_add
[    0.350020] bus: 'acpi': add device device:20
[    0.350020] device: 'device:21': device_add
[    0.350020] bus: 'acpi': add device device:21
[    0.350020] device: 'device:22': device_add
[    0.350020] bus: 'acpi': add device device:22
[    0.350020] device: 'device:23': device_add
[    0.350020] bus: 'acpi': add device device:23
[    0.350020] device: 'device:24': device_add
[    0.350020] bus: 'acpi': add device device:24
[    0.350020] device: 'device:25': device_add
[    0.350020] bus: 'acpi': add device device:25
[    0.350020] device: 'device:26': device_add
[    0.350020] bus: 'acpi': add device device:26
[    0.350020] device: 'device:27': device_add
[    0.350020] bus: 'acpi': add device device:27
[    0.350344] device: 'device:28': device_add
[    0.350455] bus: 'acpi': add device device:28
[    0.350676] device: 'device:29': device_add
[    0.350791] bus: 'acpi': add device device:29
[    0.350937] device: 'device:2a': device_add
[    0.351049] bus: 'acpi': add device device:2a
[    0.351392] device: 'device:2b': device_add
[    0.351507] bus: 'acpi': add device device:2b
[    0.353351] device: 'device:2c': device_add
[    0.353351] bus: 'acpi': add device device:2c
[    0.353412] device: 'device:2d': device_add
[    0.353412] bus: 'acpi': add device device:2d
[    0.353412] device: 'device:2e': device_add
[    0.353412] bus: 'acpi': add device device:2e
[    0.353412] device: 'device:2f': device_add
[    0.353412] bus: 'acpi': add device device:2f
[    0.353412] device: 'device:30': device_add
[    0.353412] bus: 'acpi': add device device:30
[    0.353412] device: 'device:31': device_add
[    0.353412] bus: 'acpi': add device device:31
[    0.353466] device: 'device:32': device_add
[    0.353579] bus: 'acpi': add device device:32
[    0.353777] device: 'PNP0C0F:00': device_add
[    0.353840] bus: 'acpi': add device PNP0C0F:00
[    0.354064] device: 'PNP0C0F:01': device_add
[    0.354132] bus: 'acpi': add device PNP0C0F:01
[    0.354352] device: 'PNP0C0F:02': device_add
[    0.354416] bus: 'acpi': add device PNP0C0F:02
[    0.354552] device: 'PNP0C0F:03': device_add
[    0.354616] bus: 'acpi': add device PNP0C0F:03
[    0.356679] device: 'PNP0C0F:04': device_add
[    0.356679] bus: 'acpi': add device PNP0C0F:04
[    0.356683] device: 'PNP0C0F:05': device_add
[    0.356683] bus: 'acpi': add device PNP0C0F:05
[    0.356683] device: 'PNP0C0F:06': device_add
[    0.356683] bus: 'acpi': add device PNP0C0F:06
[    0.356685] device: 'PNP0C0F:07': device_add
[    0.356685] bus: 'acpi': add device PNP0C0F:07
[    0.356687] device: 'PNP0200:00': device_add
[    0.356687] bus: 'acpi': add device PNP0200:00
[    0.356687] device: 'PNP0C04:00': device_add
[    0.356687] bus: 'acpi': add device PNP0C04:00
[    0.356687] device: 'PNP0000:00': device_add
[    0.356687] bus: 'acpi': add device PNP0000:00
[    0.356687] device: 'PNP0B00:00': device_add
[    0.356687] bus: 'acpi': add device PNP0B00:00
[    0.356687] device: 'PNP0800:00': device_add
[    0.356687] bus: 'acpi': add device PNP0800:00
[    0.356801] device: 'PNP0100:00': device_add
[    0.356916] bus: 'acpi': add device PNP0100:00
[    0.357054] device: 'PNP0C02:01': device_add
[    0.357168] bus: 'acpi': add device PNP0C02:01
[    0.357289] device: 'PNP0C01:00': device_add
[    0.357400] bus: 'acpi': add device PNP0C01:00
[    0.358689] device: 'PNP0C09:00': device_add
[    0.358801] bus: 'acpi': add device PNP0C09:00
[    0.360016] device: 'ACPI0003:00': device_add
[    0.360016] bus: 'acpi': add device ACPI0003:00
[    0.360019] device: 'PNP0C0A:00': device_add
[    0.360019] bus: 'acpi': add device PNP0C0A:00
[    0.360019] device: 'VPC2004:00': device_add
[    0.360019] bus: 'acpi': add device VPC2004:00
[    0.360019] device: 'PNP0303:00': device_add
[    0.360019] bus: 'acpi': add device PNP0303:00
[    0.360193] device: 'SYN0326:00': device_add
[    0.360308] bus: 'acpi': add device SYN0326:00
[    0.360513] device: 'device:33': device_add
[    0.360581] bus: 'acpi': add device device:33
[    0.360741] device: 'device:34': device_add
[    0.360806] bus: 'acpi': add device device:34
[    0.360917] device: 'device:35': device_add
[    0.361027] bus: 'acpi': add device device:35
[    0.361193] device: 'device:36': device_add
[    0.361262] bus: 'acpi': add device device:36
[    0.363349] device: 'device:37': device_add
[    0.363349] bus: 'acpi': add device device:37
[    0.363355] device: 'device:38': device_add
[    0.363355] bus: 'acpi': add device device:38
[    0.363355] device: 'device:39': device_add
[    0.363355] bus: 'acpi': add device device:39
[    0.363355] device: 'device:3a': device_add
[    0.363355] bus: 'acpi': add device device:3a
[    0.363355] device: 'device:3b': device_add
[    0.363355] bus: 'acpi': add device device:3b
[    0.363355] device: 'LNXVIDEO:01': device_add
[    0.363355] bus: 'acpi': add device LNXVIDEO:01
[    0.363360] device: 'device:3c': device_add
[    0.363360] bus: 'acpi': add device device:3c
[    0.363360] device: 'device:3d': device_add
[    0.363360] bus: 'acpi': add device device:3d
[    0.363403] device: 'device:3e': device_add
[    0.363517] bus: 'acpi': add device device:3e
[    0.363659] device: 'device:3f': device_add
[    0.363774] bus: 'acpi': add device device:3f
[    0.363911] device: 'AFD0001:00': device_add
[    0.364021] bus: 'acpi': add device AFD0001:00
[    0.364192] [1] acpi:acpi_ec_transaction_unlocked:331: ACPI : EC: ***** Command(RD_EC) started *****
[    0.364380] [1] acpi:advance_transaction:210: ACPI : EC: ===== TASK (3) =====
[    0.364450] [1] acpi:acpi_ec_read_status:146: ACPI : EC: EC_SC(R) = 0x00 SCI_EVT=0 BURST=0 CMD=0 IBF=0 OBF=0
[    0.364591] [1] acpi:acpi_ec_write_cmd:160: ACPI : EC: EC_SC(W) = 0x80
[    0.366696] <intr> acpi:advance_transaction:210: ACPI : EC: ===== IRQ (3) =====
[    0.366842] <intr> acpi:acpi_ec_read_status:146: ACPI : EC: EC_SC(R) = 0x08 SCI_EVT=0 BURST=0 CMD=1 IBF=0 OBF=0
[    0.366980] <intr> acpi:acpi_ec_write_data:166: ACPI : EC: EC_DATA(W) = 0x72
[    0.367048] <intr> acpi:acpi_ec_read_status:146: ACPI : EC: EC_SC(R) = 0x02 SCI_EVT=0 BURST=0 CMD=0 IBF=1 OBF=0
[    0.367188] <intr> acpi:advance_transaction:210: ACPI : EC: ===== IRQ (3) =====
[    0.367188] <intr> acpi:acpi_ec_read_status:146: ACPI : EC: EC_SC(R) = 0x01 SCI_EVT=0 BURST=0 CMD=0 IBF=0 OBF=1
[    0.367188] <intr> acpi:acpi_ec_read_data:154: ACPI : EC: EC_DATA(R) = 0x04
[    0.367188] <intr> acpi:acpi_ec_read_status:146: ACPI : EC: EC_SC(R) = 0x00 SCI_EVT=0 BURST=0 CMD=0 IBF=0 OBF=0
[    0.367188] [1] acpi:acpi_ec_transaction_unlocked:341: ACPI : EC: ***** Command(RD_EC) stopped *****
[    0.367188] [1] acpi:acpi_ec_read_status:146: ACPI : EC: EC_SC(R) = 0x00 SCI_EVT=0 BURST=0 CMD=0 IBF=0 OBF=0
[    0.367188] [1] acpi:acpi_ec_transaction_unlocked:331: ACPI : EC: ***** Command(WR_EC) started *****
[    0.367188] [1] acpi:advance_transaction:210: ACPI : EC: ===== TASK (3) =====
[    0.367188] [1] acpi:acpi_ec_read_status:146: ACPI : EC: EC_SC(R) = 0x00 SCI_EVT=0 BURST=0 CMD=0 IBF=0 OBF=0
[    0.367320] [1] acpi:acpi_ec_write_cmd:160: ACPI : EC: EC_SC(W) = 0x81
[    0.370033] <intr> acpi:advance_transaction:210: ACPI : EC: ===== IRQ (3) =====
[    0.370181] <intr> acpi:acpi_ec_read_status:146: ACPI : EC: EC_SC(R) = 0x08 SCI_EVT=0 BURST=0 CMD=1 IBF=0 OBF=0
[    0.370320] <intr> acpi:acpi_ec_write_data:166: ACPI : EC: EC_DATA(W) = 0x72
[    0.370387] <intr> acpi:acpi_ec_read_status:146: ACPI : EC: EC_SC(R) = 0x02 SCI_EVT=0 BURST=0 CMD=0 IBF=1 OBF=0
[    0.370528] <intr> acpi:advance_transaction:210: ACPI : EC: ===== IRQ (3) =====
[    0.370528] <intr> acpi:acpi_ec_read_status:146: ACPI : EC: EC_SC(R) = 0x00 SCI_EVT=0 BURST=0 CMD=0 IBF=0 OBF=0
[    0.370528] <intr> acpi:acpi_ec_write_data:166: ACPI : EC: EC_DATA(W) = 0x04
[    0.370528] <intr> acpi:acpi_ec_read_status:146: ACPI : EC: EC_SC(R) = 0x02 SCI_EVT=0 BURST=0 CMD=0 IBF=1 OBF=0
[    0.370528] [1] acpi:advance_transaction:210: ACPI : EC: ===== TASK (3) =====
[    0.370528] [1] acpi:acpi_ec_read_status:146: ACPI : EC: EC_SC(R) = 0x00 SCI_EVT=0 BURST=0 CMD=0 IBF=0 OBF=0
[    0.370528] <intr> acpi:advance_transaction:210: ACPI : EC: ===== IRQ (3) =====
[    0.370658] <intr> acpi:acpi_ec_read_status:146: ACPI : EC: EC_SC(R) = 0x00 SCI_EVT=0 BURST=0 CMD=0 IBF=0 OBF=0
[    0.370795] <intr> acpi:acpi_ec_read_status:146: ACPI : EC: EC_SC(R) = 0x00 SCI_EVT=0 BURST=0 CMD=0 IBF=0 OBF=0
[    0.370935] [1] acpi:acpi_ec_transaction_unlocked:341: ACPI : EC: ***** Command(WR_EC) stopped *****
[    0.371074] [1] acpi:acpi_ec_read_status:146: ACPI : EC: EC_SC(R) = 0x00 SCI_EVT=0 BURST=0 CMD=0 IBF=0 OBF=0
[    0.371257] device: 'PNP0C0D:00': device_add
[    0.371381] bus: 'acpi': add device PNP0C0D:00
[    0.371581] device: 'PNP0C0E:00': device_add
[    0.371690] bus: 'acpi': add device PNP0C0E:00
[    0.373395] device: 'PNP0C14:00': device_add
[    0.373395] bus: 'acpi': add device PNP0C14:00
[    0.373406] device: 'LNXSYBUS:01': device_add
[    0.373406] bus: 'acpi': add device LNXSYBUS:01
[    0.373406] device: 'LNXTHERM:00': device_add
[    0.373406] bus: 'acpi': add device LNXTHERM:00
[    0.373406] device: 'LNXTHERM:01': device_add
[    0.373406] bus: 'acpi': add device LNXTHERM:01
[    0.373406] Registering platform device 'PNP0C0C:00'. Parent at platform
[    0.373406] device: 'PNP0C0C:00': device_add
[    0.373406] bus: 'platform': add device PNP0C0C:00
[    0.373540] [1] acpi:acpi_create_platform_device:113: acpi PNP0C0C:00: created platform device PNP0C0C:00
[    0.374459] ACPI: PCI Root Bridge [PCI0] (domain 0000 [bus 00-ff])
[    0.374581] acpi PNP0A08:00: _OSC: OS supports [ExtendedConfig ASPM ClockPM Segments MSI]
[    0.375426] acpi PNP0A08:00: _OSC: OS now controls [PCIeHotplug PME AER PCIeCapability]
[    0.377891] acpi PNP0A08:00: host bridge window expanded to [mem 0xe0000000-0xffffffff]; [mem 0xe0000000-0xf7ffffff] ignored
[    0.378082] acpi PNP0A08:00: ignoring host bridge window [mem 0x000ce000-0x000cffff] (conflicts with Video ROM [mem 0x000c0000-0x000cefff])
[    0.378224] acpi PNP0A08:00: [Firmware Info]: MMCONFIG for domain 0000 [bus 00-3f] only partially covers this bridge
[    0.378364] device: 'pci0000:00': device_add
[    0.378444] device: '0000:00': device_add
[    0.378905] PCI host bridge to bus 0000:00
[    0.378972] pci_bus 0000:00: root bus resource [bus 00-ff]
[    0.379039] pci_bus 0000:00: root bus resource [mem 0x000a0000-0x000bffff]
[    0.379107] pci_bus 0000:00: root bus resource [mem 0x000c0000-0x000c1fff]
[    0.379174] pci_bus 0000:00: root bus resource [mem 0x000c2000-0x000c3fff]
[    0.379242] pci_bus 0000:00: root bus resource [mem 0x000c4000-0x000c5fff]
[    0.379306] pci_bus 0000:00: root bus resource [mem 0x000c6000-0x000c7fff]
[    0.379369] pci_bus 0000:00: root bus resource [mem 0x000c8000-0x000c9fff]
[    0.379433] pci_bus 0000:00: root bus resource [mem 0x000ca000-0x000cbfff]
[    0.379497] pci_bus 0000:00: root bus resource [mem 0x000cc000-0x000cdfff]
[    0.379561] pci_bus 0000:00: root bus resource [mem 0x000d0000-0x000d1fff]
[    0.379625] pci_bus 0000:00: root bus resource [mem 0x000d2000-0x000d3fff]
[    0.379692] pci_bus 0000:00: root bus resource [mem 0x000d4000-0x000d5fff]
[    0.379756] pci_bus 0000:00: root bus resource [mem 0x000d6000-0x000d7fff]
[    0.379819] pci_bus 0000:00: root bus resource [mem 0x000d8000-0x000d9fff]
[    0.379882] pci_bus 0000:00: root bus resource [mem 0x000da000-0x000dbfff]
[    0.379944] pci_bus 0000:00: root bus resource [mem 0x000dc000-0x000ddfff]
[    0.380004] pci_bus 0000:00: root bus resource [mem 0x000de000-0x000dffff]
[    0.380067] pci_bus 0000:00: root bus resource [mem 0x000e0000-0x000e1fff]
[    0.380130] pci_bus 0000:00: root bus resource [mem 0x000e2000-0x000e3fff]
[    0.380192] pci_bus 0000:00: root bus resource [mem 0x000e4000-0x000e5fff]
[    0.380254] pci_bus 0000:00: root bus resource [mem 0x000e6000-0x000e7fff]
[    0.380314] pci_bus 0000:00: root bus resource [mem 0x000e8000-0x000e9fff]
[    0.380373] pci_bus 0000:00: root bus resource [mem 0x000ea000-0x000ebfff]
[    0.380433] pci_bus 0000:00: root bus resource [mem 0x000ec000-0x000edfff]
[    0.380492] pci_bus 0000:00: root bus resource [mem 0x000ee000-0x000effff]
[    0.380552] pci_bus 0000:00: root bus resource [mem 0xe0000000-0xffffffff]
[    0.380611] pci_bus 0000:00: root bus resource [io  0x0000-0x0cf7]
[    0.380672] pci_bus 0000:00: root bus resource [io  0x0d00-0xffff]
[    0.380735] pci_bus 0000:00: scanning bus
[    0.380803] pci 0000:00:00.0: [1022:1705] type 00 class 0x060000
[    0.380872] pci 0000:00:00.0: calling quirk_mmio_always_on+0x0/0x10
[    0.380971] device: '0000:00:00.0': device_add
[    0.381149] bus: 'pci': add device 0000:00:00.0
[    0.381304] pci 0000:00:01.0: [1002:9647] type 00 class 0x030000
[    0.381418] pci 0000:00:01.0: reg 0x10: [mem 0xe0000000-0xefffffff pref]
[    0.381481] pci 0000:00:01.0: reg 0x14: [io  0x2000-0x20ff]
[    0.381544] pci 0000:00:01.0: reg 0x18: [mem 0xf0100000-0xf013ffff]
[    0.381648] pci 0000:00:01.0: supports D1 D2
[    0.381760] device: '0000:00:01.0': device_add
[    0.381897] bus: 'pci': add device 0000:00:01.0
[    0.383383] pci 0000:00:01.1: [1002:1714] type 00 class 0x040300
[    0.383383] pci 0000:00:01.1: reg 0x10: [mem 0xf0144000-0xf0147fff]
[    0.383383] pci 0000:00:01.1: supports D1 D2
[    0.383383] device: '0000:00:01.1': device_add
[    0.383383] bus: 'pci': add device 0000:00:01.1
[    0.383397] pci 0000:00:04.0: [1022:1709] type 01 class 0x060400
[    0.383397] pci 0000:00:04.0: PME# supported from D0 D3hot D3cold
[    0.383397] pci 0000:00:04.0: PME# disabled
[    0.383397] device: '0000:00:04.0': device_add
[    0.383397] bus: 'pci': add device 0000:00:04.0
[    0.383452] pci 0000:00:11.0: [1022:7804] type 00 class 0x010601
[    0.383530] pci 0000:00:11.0: reg 0x10: [io  0x2118-0x211f]
[    0.383597] pci 0000:00:11.0: reg 0x14: [io  0x2124-0x2127]
[    0.383663] pci 0000:00:11.0: reg 0x18: [io  0x2110-0x2117]
[    0.383730] pci 0000:00:11.0: reg 0x1c: [io  0x2120-0x2123]
[    0.383800] pci 0000:00:11.0: reg 0x20: [io  0x2100-0x210f]
[    0.383870] pci 0000:00:11.0: reg 0x24: [mem 0xf014a000-0xf014a7ff]
[    0.383993] device: '0000:00:11.0': device_add
[    0.384127] bus: 'pci': add device 0000:00:11.0
[    0.384333] pci 0000:00:12.0: [1022:7807] type 00 class 0x0c0310
[    0.384409] pci 0000:00:12.0: reg 0x10: [mem 0xf0149000-0xf0149fff]
[    0.384531] device: '0000:00:12.0': device_add
[    0.384634] bus: 'pci': add device 0000:00:12.0
[    0.386736] pci 0000:00:12.2: [1022:7808] type 00 class 0x0c0320
[    0.386736] pci 0000:00:12.2: reg 0x10: [mem 0xf014a900-0xf014a9ff]
[    0.386736] pci 0000:00:12.2: supports D1 D2
[    0.386736] pci 0000:00:12.2: PME# supported from D0 D1 D2 D3hot
[    0.386736] pci 0000:00:12.2: PME# disabled
[    0.386736] device: '0000:00:12.2': device_add
[    0.386736] bus: 'pci': add device 0000:00:12.2
[    0.386739] pci 0000:00:13.0: [1022:7807] type 00 class 0x0c0310
[    0.386739] pci 0000:00:13.0: reg 0x10: [mem 0xf0148000-0xf0148fff]
[    0.386739] device: '0000:00:13.0': device_add
[    0.386739] bus: 'pci': add device 0000:00:13.0
[    0.386938] pci 0000:00:13.2: [1022:7808] type 00 class 0x0c0320
[    0.387018] pci 0000:00:13.2: reg 0x10: [mem 0xf014a800-0xf014a8ff]
[    0.387175] pci 0000:00:13.2: supports D1 D2
[    0.387235] pci 0000:00:13.2: PME# supported from D0 D1 D2 D3hot
[    0.387298] pci 0000:00:13.2: PME# disabled
[    0.387367] device: '0000:00:13.2': device_add
[    0.387471] bus: 'pci': add device 0000:00:13.2
[    0.387613] pci 0000:00:14.0: [1022:780b] type 00 class 0x0c0500
[    0.387734] device: '0000:00:14.0': device_add
[    0.387869] bus: 'pci': add device 0000:00:14.0
[    0.388076] pci 0000:00:14.2: [1022:780d] type 00 class 0x040300
[    0.388160] pci 0000:00:14.2: reg 0x10: [mem 0xf0140000-0xf0143fff 64bit]
[    0.388300] pci 0000:00:14.2: PME# supported from D0 D3hot D3cold
[    0.388363] pci 0000:00:14.2: PME# disabled
[    0.388424] device: '0000:00:14.2': device_add
[    0.388527] bus: 'pci': add device 0000:00:14.2
[    0.390017] pci 0000:00:14.3: [1022:780e] type 00 class 0x060100
[    0.390017] device: '0000:00:14.3': device_add
[    0.390017] bus: 'pci': add device 0000:00:14.3
[    0.390021] pci 0000:00:14.4: [1022:780f] type 01 class 0x060401
[    0.390021] device: '0000:00:14.4': device_add
[    0.390021] bus: 'pci': add device 0000:00:14.4
[    0.390023] pci 0000:00:18.0: [1022:1700] type 00 class 0x060000
[    0.390023] pci 0000:00:18.0: calling quirk_mmio_always_on+0x0/0x10
[    0.390023] device: '0000:00:18.0': device_add
[    0.390023] bus: 'pci': add device 0000:00:18.0
[    0.390023] pci 0000:00:18.1: [1022:1701] type 00 class 0x060000
[    0.390023] pci 0000:00:18.1: calling quirk_mmio_always_on+0x0/0x10
[    0.390104] device: '0000:00:18.1': device_add
[    0.390233] bus: 'pci': add device 0000:00:18.1
[    0.390374] pci 0000:00:18.2: [1022:1702] type 00 class 0x060000
[    0.390436] pci 0000:00:18.2: calling quirk_mmio_always_on+0x0/0x10
[    0.390523] device: '0000:00:18.2': device_add
[    0.390624] bus: 'pci': add device 0000:00:18.2
[    0.390784] pci 0000:00:18.3: [1022:1703] type 00 class 0x060000
[    0.390896] pci 0000:00:18.3: calling quirk_mmio_always_on+0x0/0x10
[    0.391006] device: '0000:00:18.3': device_add
[    0.391183] bus: 'pci': add device 0000:00:18.3
[    0.391330] pci 0000:00:18.4: [1022:1704] type 00 class 0x060000
[    0.391438] pci 0000:00:18.4: calling quirk_mmio_always_on+0x0/0x10
[    0.391526] device: '0000:00:18.4': device_add
[    0.391625] bus: 'pci': add device 0000:00:18.4
[    0.393348] pci 0000:00:18.5: [1022:1718] type 00 class 0x060000
[    0.393348] pci 0000:00:18.5: calling quirk_mmio_always_on+0x0/0x10
[    0.393348] device: '0000:00:18.5': device_add
[    0.393348] bus: 'pci': add device 0000:00:18.5
[    0.393351] pci 0000:00:18.6: [1022:1716] type 00 class 0x060000
[    0.393351] pci 0000:00:18.6: calling quirk_mmio_always_on+0x0/0x10
[    0.393351] device: '0000:00:18.6': device_add
[    0.393351] bus: 'pci': add device 0000:00:18.6
[    0.393362] pci 0000:00:18.7: [1022:1719] type 00 class 0x060000
[    0.393362] pci 0000:00:18.7: calling quirk_mmio_always_on+0x0/0x10
[    0.393362] device: '0000:00:18.7': device_add
[    0.393362] bus: 'pci': add device 0000:00:18.7
[    0.393362] pci_bus 0000:00: fixups for bus
[    0.393408] pci 0000:00:04.0: scanning [bus 01-01] behind bridge, pass 0
[    0.393496] device: '0000:01': device_add
[    0.393589] pci_bus 0000:01: scanning bus
[    0.393664] pci 0000:01:00.0: [10ec:8136] type 00 class 0x020000
[    0.393740] pci 0000:01:00.0: reg 0x10: [io  0x1000-0x10ff]
[    0.393825] pci 0000:01:00.0: reg 0x18: [mem 0xf0004000-0xf0004fff 64bit pref]
[    0.393973] pci 0000:01:00.0: reg 0x20: [mem 0xf0000000-0xf0003fff 64bit pref]
[    0.394191] pci 0000:01:00.0: supports D1 D2
[    0.394299] pci 0000:01:00.0: PME# supported from D0 D1 D2 D3hot D3cold
[    0.394363] pci 0000:01:00.0: PME# disabled
[    0.394437] device: '0000:01:00.0': device_add
[    0.394504] bus: 'pci': add device 0000:01:00.0
[    0.403404] pci_bus 0000:01: fixups for bus
[    0.403527] pci 0000:00:04.0: PCI bridge to [bus 01]
[    0.403595] pci 0000:00:04.0:   bridge window [io  0x1000-0x1fff]
[    0.403663] pci 0000:00:04.0:   bridge window [mem 0xf0000000-0xf00fffff 64bit pref]
[    0.403797] pci_bus 0000:01: bus scan returning with max=01
[    0.403864] pci 0000:00:14.4: scanning [bus 02-02] behind bridge, pass 0
[    0.403940] device: '0000:02': device_add
[    0.404047] pci_bus 0000:02: scanning bus
[    0.404206] pci_bus 0000:02: fixups for bus
[    0.404267] pci 0000:00:14.4: PCI bridge to [bus 02] (subtractive decode)
[    0.404338] pci 0000:00:14.4:   bridge window [mem 0x000a0000-0x000bffff] (subtractive decode)
[    0.404472] pci 0000:00:14.4:   bridge window [mem 0x000c0000-0x000c1fff] (subtractive decode)
[    0.404606] pci 0000:00:14.4:   bridge window [mem 0x000c2000-0x000c3fff] (subtractive decode)
[    0.404740] pci 0000:00:14.4:   bridge window [mem 0x000c4000-0x000c5fff] (subtractive decode)
[    0.404873] pci 0000:00:14.4:   bridge window [mem 0x000c6000-0x000c7fff] (subtractive decode)
[    0.405007] pci 0000:00:14.4:   bridge window [mem 0x000c8000-0x000c9fff] (subtractive decode)
[    0.405135] pci 0000:00:14.4:   bridge window [mem 0x000ca000-0x000cbfff] (subtractive decode)
[    0.405263] pci 0000:00:14.4:   bridge window [mem 0x000cc000-0x000cdfff] (subtractive decode)
[    0.405391] pci 0000:00:14.4:   bridge window [mem 0x000d0000-0x000d1fff] (subtractive decode)
[    0.405518] pci 0000:00:14.4:   bridge window [mem 0x000d2000-0x000d3fff] (subtractive decode)
[    0.405645] pci 0000:00:14.4:   bridge window [mem 0x000d4000-0x000d5fff] (subtractive decode)
[    0.405773] pci 0000:00:14.4:   bridge window [mem 0x000d6000-0x000d7fff] (subtractive decode)
[    0.405900] pci 0000:00:14.4:   bridge window [mem 0x000d8000-0x000d9fff] (subtractive decode)
[    0.406027] pci 0000:00:14.4:   bridge window [mem 0x000da000-0x000dbfff] (subtractive decode)
[    0.406154] pci 0000:00:14.4:   bridge window [mem 0x000dc000-0x000ddfff] (subtractive decode)
[    0.406283] pci 0000:00:14.4:   bridge window [mem 0x000de000-0x000dffff] (subtractive decode)
[    0.406410] pci 0000:00:14.4:   bridge window [mem 0x000e0000-0x000e1fff] (subtractive decode)
[    0.406537] pci 0000:00:14.4:   bridge window [mem 0x000e2000-0x000e3fff] (subtractive decode)
[    0.406672] pci 0000:00:14.4:   bridge window [mem 0x000e4000-0x000e5fff] (subtractive decode)
