[    0.000000] Initializing cgroup subsys cpuset
[    0.000000] Initializing cgroup subsys cpu
[    0.000000] Initializing cgroup subsys cpuacct
[    0.000000] Linux version 3.19.0-gbfa76d49 (emacs@manji) (gcc version 4.9.2 20141224 (prerelease) (GCC) ) #28 SMP Mon Feb 9 14:29:14 CET 2015
[    0.000000] Command line: BOOT_IMAGE=/vmlinuz-linux-git root=UUID=bfa4ab6e-19a3-4601-ba2b-267c55841c73 rw cryptdevice=/dev/disk/by-uuid/70c08890-417a-497d-b6ab-c0d0357a63e2:cryptManjaro:allow-discards ipv6.disable=1 pnp.debug=1 loglevel=9 log_buf_len=10M printk.always_kmsg_dump=y printk.time=y mminit_loglevel=0 memory_corruption_check=1 fbcon=scrollback:4096k fbcon=font:ProFont6x11 apic=debug earlyprintk=vga dynamic_debug.verbose=1 "dyndbg=file arch/x86/kernel/apic/* +pflmt ; file drivers/video/* +pflmt ; file drivers/acpi/* +pflmt"
[    0.000000] KERNEL supported cpus:
[    0.000000]   AMD AuthenticAMD
[    0.000000] tseg: 00bfe00000
[    0.000000] e820: BIOS-provided physical RAM map:
[    0.000000] BIOS-e820: [mem 0x0000000000000000-0x000000000009d7ff] usable
[    0.000000] BIOS-e820: [mem 0x000000000009d800-0x000000000009ffff] reserved
[    0.000000] BIOS-e820: [mem 0x00000000000e0000-0x00000000000fffff] reserved
[    0.000000] BIOS-e820: [mem 0x0000000000100000-0x00000000bed9afff] usable
[    0.000000] BIOS-e820: [mem 0x00000000bed9b000-0x00000000bf39afff] reserved
[    0.000000] BIOS-e820: [mem 0x00000000bf39b000-0x00000000bf49afff] ACPI NVS
[    0.000000] BIOS-e820: [mem 0x00000000bf49b000-0x00000000bf51afff] ACPI data
[    0.000000] BIOS-e820: [mem 0x00000000bf51b000-0x00000000bfdfffff] usable
[    0.000000] BIOS-e820: [mem 0x00000000bfe00000-0x00000000bfffffff] reserved
[    0.000000] BIOS-e820: [mem 0x00000000fec00000-0x00000000fecfffff] reserved
[    0.000000] BIOS-e820: [mem 0x00000000fed80000-0x00000000fed80fff] reserved
[    0.000000] BIOS-e820: [mem 0x00000000ffe00000-0x00000000ffffffff] reserved
[    0.000000] BIOS-e820: [mem 0x0000000100000000-0x000000041effffff] usable
[    0.000000] bootconsole [earlyvga0] enabled
[    0.000000] NX (Execute Disable) protection: active
[    0.000000] SMBIOS 2.6 present.
[    0.000000] DMI: LENOVO Sabine/Torpedo, BIOS 54CN18WW 07/20/2011
[    0.000000] e820: update [mem 0x00000000-0x00000fff] usable ==> reserved
[    0.000000] e820: remove [mem 0x000a0000-0x000fffff] usable
[    0.000000] e820: last_pfn = 0x41f000 max_arch_pfn = 0x400000000
[    0.000000] MTRR default type: uncachable
[    0.000000] MTRR fixed ranges enabled:
[    0.000000]   00000-9FFFF write-back
[    0.000000]   A0000-BFFFF uncachable
[    0.000000]   C0000-FFFFF write-protect
[    0.000000] MTRR variable ranges enabled:
[    0.000000]   0 base 0000000000 mask FF80000000 write-back
[    0.000000]   1 base 0080000000 mask FFC0000000 write-back
[    0.000000]   2 base 00FFF90000 mask FFFFFF0000 uncachable
[    0.000000]   3 base 00FED80000 mask 0FFFFFF000 uncachable
[    0.000000]   4 disabled
[    0.000000]   5 disabled
[    0.000000]   6 disabled
[    0.000000]   7 base 00FFE00000 mask FFFFE00000 write-protect
[    0.000000] TOM2: 000000041f000000 aka 16880M
[    0.000000] mtrr: your BIOS has configured an incorrect mask, fixing it.
[    0.000000] e820: last_pfn = 0xbfe00 max_arch_pfn = 0x400000000
[    0.000000] Scan for SMP in [mem 0x00000000-0x000003ff]
[    0.000000] Scan for SMP in [mem 0x0009fc00-0x0009ffff]
[    0.000000] Scan for SMP in [mem 0x000f0000-0x000fffff]
[    0.000000] found SMP MP-table at [mem 0x000fa8b0-0x000fa8bf] mapped at [ffff8800000fa8b0]
[    0.000000]   mpc: fa8c0-faa24
[    0.000000] Base memory trampoline at [ffff880000097000] 97000 size 24576
[    0.000000] Using GB pages for direct mapping
[    0.000000] init_memory_mapping: [mem 0x00000000-0x000fffff]
[    0.000000]  [mem 0x00000000-0x000fffff] page 4k
[    0.000000] BRK [0x0a241000, 0x0a241fff] PGTABLE
[    0.000000] BRK [0x0a242000, 0x0a242fff] PGTABLE
[    0.000000] BRK [0x0a243000, 0x0a243fff] PGTABLE
[    0.000000] init_memory_mapping: [mem 0x41ee00000-0x41effffff]
[    0.000000]  [mem 0x41ee00000-0x41effffff] page 2M
[    0.000000] BRK [0x0a244000, 0x0a244fff] PGTABLE
[    0.000000] init_memory_mapping: [mem 0x400000000-0x41edfffff]
[    0.000000]  [mem 0x400000000-0x41edfffff] page 2M
[    0.000000] init_memory_mapping: [mem 0x3e0000000-0x3ffffffff]
[    0.000000]  [mem 0x3e0000000-0x3ffffffff] page 1G
[    0.000000] init_memory_mapping: [mem 0x00100000-0xbed9afff]
[    0.000000]  [mem 0x00100000-0x001fffff] page 4k
[    0.000000]  [mem 0x00200000-0x3fffffff] page 2M
[    0.000000]  [mem 0x40000000-0x7fffffff] page 1G
[    0.000000]  [mem 0x80000000-0xbebfffff] page 2M
[    0.000000]  [mem 0xbec00000-0xbed9afff] page 4k
[    0.000000] init_memory_mapping: [mem 0xbf51b000-0xbfdfffff]
[    0.000000]  [mem 0xbf51b000-0xbf5fffff] page 4k
[    0.000000]  [mem 0xbf600000-0xbfdfffff] page 2M
[    0.000000] BRK [0x0a245000, 0x0a245fff] PGTABLE
[    0.000000] init_memory_mapping: [mem 0x100000000-0x3dfffffff]
[    0.000000]  [mem 0x100000000-0x3dfffffff] page 1G
[    0.000000] log_buf_len: 16777216 bytes
[    0.000000] early log buf free: 2092012(99%)
[    0.000000] RAMDISK: [mem 0x370d6000-0x37862fff]
[    0.000000] ACPI: Early table checksum verification disabled
[    0.000000] ACPI: RSDP 0x00000000000F0110 000024 (v02 LENOVO)
[    0.000000] ACPI: XSDT 0x00000000BF51A120 000074 (v01 LENOVO CB-01    00000001 LENO 00000001)
[    0.000000] ACPI: FACP 0x00000000BF508000 0000F4 (v04 LENOVO CB-01    00000001 PTL  00000001)
[    0.000000] ACPI: DSDT 0x00000000BF50A000 00FD10 (v01 LENOVO CB-01    00001000 LENO 00000001)
[    0.000000] ACPI: FACS 0x00000000BF478000 000040
[    0.000000] ACPI: HPET 0x00000000BF507000 000038 (v01 LENOVO CB-01    00000001 PTL  00000001)
[    0.000000] ACPI: APIC 0x00000000BF506000 00007A (v02 LENOVO CB-01    00000001 PTL  00000001)
[    0.000000] ACPI: MCFG 0x00000000BF505000 00003C (v01 LENOVO CB-01    00000001 PTL  00000001)
[    0.000000] ACPI: SLIC 0x00000000BF504000 000176 (v01 LENOVO CB-01    00000001 LENO 00000001)
[    0.000000] ACPI: UEFI 0x00000000BF503000 00003E (v01 LENOVO CB-01    00000001 PTL  00000001)
[    0.000000] ACPI: UEFI 0x00000000BF502000 000042 (v01 PTL    COMBUF   00000001 PTL  00000001)
[    0.000000] ACPI: SSDT 0x00000000BF501000 000E34 (v01 AMD    POWERNOW 00000001 AMD  00000001)
[    0.000000] ACPI: SSDT 0x00000000BF4FF000 00193D (v02 AMD    ALIB     00000001 MSFT 04000000)
[    0.000000] ACPI: UEFI 0x00000000BF4FE000 0001DE (v01 LENOVO CB-01    00000001 PTL  00000001)
[    0.000000] ACPI: Local APIC address 0xfee00000
[    0.000000] mapped APIC to ffffffffff7fc000 (        fee00000)
[    0.000000] No NUMA configuration found
[    0.000000] Faking a node at [mem 0x0000000000000000-0x000000041effffff]
[    0.000000] NODE_DATA(0) allocated [mem 0x41dff9000-0x41dffcfff]
[    0.000000]  [ffffea0000000000-ffffea00107fffff] PMD -> [ffff88040de00000-ffff88041d5fffff] on node 0
[    0.000000] Zone ranges:
[    0.000000]   DMA      [mem 0x00001000-0x00ffffff]
[    0.000000]   DMA32    [mem 0x01000000-0xffffffff]
[    0.000000]   Normal   [mem 0x100000000-0x41effffff]
[    0.000000] Movable zone start for each node
[    0.000000] Early memory node ranges
[    0.000000]   node   0: [mem 0x00001000-0x0009cfff]
[    0.000000]   node   0: [mem 0x00100000-0xbed9afff]
[    0.000000]   node   0: [mem 0xbf51b000-0xbfdfffff]
[    0.000000]   node   0: [mem 0x100000000-0x41effffff]
[    0.000000] Initmem setup node 0 [mem 0x00001000-0x41effffff]
[    0.000000] On node 0 totalpages: 4056604
[    0.000000]   DMA zone: 64 pages used for memmap
[    0.000000]   DMA zone: 21 pages reserved
[    0.000000]   DMA zone: 3996 pages, LIFO batch:0
[    0.000000]   DMA32 zone: 12186 pages used for memmap
[    0.000000]   DMA32 zone: 779904 pages, LIFO batch:31
[    0.000000]   Normal zone: 51136 pages used for memmap
[    0.000000]   Normal zone: 3272704 pages, LIFO batch:31
[    0.000000] ACPI: PM-Timer IO Port: 0x808
[    0.000000] ACPI: Local APIC address 0xfee00000
[    0.000000] mapped APIC to ffffffffff7fc000 (        fee00000)
[    0.000000] ACPI: LAPIC (acpi_id[0x00] lapic_id[0x00] enabled)
[    0.000000] ACPI: LAPIC (acpi_id[0x01] lapic_id[0x01] enabled)
[    0.000000] ACPI: LAPIC (acpi_id[0x02] lapic_id[0x02] enabled)
[    0.000000] ACPI: LAPIC (acpi_id[0x03] lapic_id[0x03] enabled)
[    0.000000] ACPI: LAPIC_NMI (acpi_id[0x00] high edge lint[0x1])
[    0.000000] ACPI: LAPIC_NMI (acpi_id[0x01] high edge lint[0x1])
[    0.000000] ACPI: LAPIC_NMI (acpi_id[0x02] high edge lint[0x1])
[    0.000000] ACPI: LAPIC_NMI (acpi_id[0x03] high edge lint[0x1])
[    0.000000] ACPI: IOAPIC (id[0x02] address[0xfec00000] gsi_base[0])
[    0.000000] IOAPIC[0]: apic_id 2, version 33, address 0xfec00000, GSI 0-23
[    0.000000] ACPI: INT_SRC_OVR (bus 0 bus_irq 0 global_irq 2 dfl dfl)
[    0.000000] Int: type 0, pol 0, trig 0, bus 00, IRQ 00, APIC ID 2, APIC INT 02
[    0.000000] Int: type 0, pol 3, trig 3, bus 00, IRQ 09, APIC ID 2, APIC INT 09
[    0.000000] ACPI: IRQ0 used by override.
[    0.000000] Int: type 0, pol 0, trig 0, bus 00, IRQ 01, APIC ID 2, APIC INT 01
[    0.000000] Int: type 0, pol 0, trig 0, bus 00, IRQ 03, APIC ID 2, APIC INT 03
[    0.000000] Int: type 0, pol 0, trig 0, bus 00, IRQ 04, APIC ID 2, APIC INT 04
[    0.000000] Int: type 0, pol 0, trig 0, bus 00, IRQ 05, APIC ID 2, APIC INT 05
[    0.000000] Int: type 0, pol 0, trig 0, bus 00, IRQ 06, APIC ID 2, APIC INT 06
[    0.000000] Int: type 0, pol 0, trig 0, bus 00, IRQ 07, APIC ID 2, APIC INT 07
[    0.000000] Int: type 0, pol 0, trig 0, bus 00, IRQ 08, APIC ID 2, APIC INT 08
[    0.000000] ACPI: IRQ9 used by override.
[    0.000000] Int: type 0, pol 0, trig 0, bus 00, IRQ 0a, APIC ID 2, APIC INT 0a
[    0.000000] Int: type 0, pol 0, trig 0, bus 00, IRQ 0b, APIC ID 2, APIC INT 0b
[    0.000000] Int: type 0, pol 0, trig 0, bus 00, IRQ 0c, APIC ID 2, APIC INT 0c
[    0.000000] Int: type 0, pol 0, trig 0, bus 00, IRQ 0d, APIC ID 2, APIC INT 0d
[    0.000000] Int: type 0, pol 0, trig 0, bus 00, IRQ 0e, APIC ID 2, APIC INT 0e
[    0.000000] Int: type 0, pol 0, trig 0, bus 00, IRQ 0f, APIC ID 2, APIC INT 0f
[    0.000000] Using ACPI (MADT) for SMP configuration information
[    0.000000] ACPI: HPET id: 0x43538210 base: 0xfed00000
[    0.000000] smpboot: Allowing 4 CPUs, 0 hotplug CPUs
[    0.000000] mapped IOAPIC to ffffffffff7fb000 (fec00000)
[    0.000000] e820: [mem 0xc0000000-0xfebfffff] available for PCI devices
[    0.000000] setup_percpu: NR_CPUS:64 nr_cpumask_bits:64 nr_cpu_ids:4 nr_node_ids:1
[    0.000000] PERCPU: Embedded 29 pages/cpu @ffff88041dc00000 s79744 r8192 d30848 u524288
[    0.000000] pcpu-alloc: s79744 r8192 d30848 u524288 alloc=1*2097152
[    0.000000] pcpu-alloc: [0] 0 1 2 3 
[    0.000000] Built 1 zonelists in Node order, mobility grouping on.  Total pages: 3993197
[    0.000000] Policy zone: Normal
[    0.000000] Kernel command line: BOOT_IMAGE=/vmlinuz-linux-git root=UUID=bfa4ab6e-19a3-4601-ba2b-267c55841c73 rw cryptdevice=/dev/disk/by-uuid/70c08890-417a-497d-b6ab-c0d0357a63e2:cryptManjaro:allow-discards ipv6.disable=1 pnp.debug=1 loglevel=9 log_buf_len=10M printk.always_kmsg_dump=y printk.time=y mminit_loglevel=0 memory_corruption_check=1 fbcon=scrollback:4096k fbcon=font:ProFont6x11 apic=debug earlyprintk=vga dynamic_debug.verbose=1 "dyndbg=file arch/x86/kernel/apic/* +pflmt ; file drivers/video/* +pflmt ; file drivers/acpi/* +pflmt"
[    0.000000] PID hash table entries: 4096 (order: 3, 32768 bytes)
[    0.000000] Memory: 15864900K/16226416K available (7006K kernel code, 853K rwdata, 2960K rodata, 884K init, 2588K bss, 361516K reserved, 0K cma-reserved)
[    0.000000] SLUB: HWalign=64, Order=0-3, MinObjects=0, CPUs=4, Nodes=1
[    0.000000] Hierarchical RCU implementation.
[    0.000000] 	RCU dyntick-idle grace-period acceleration is enabled.
[    0.000000] 	Additional per-CPU info printed with stalls.
[    0.000000] 	RCU restricting CPUs from NR_CPUS=64 to nr_cpu_ids=4.
[    0.000000] RCU: Adjusting geometry for rcu_fanout_leaf=16, nr_cpu_ids=4
[    0.000000] NR_IRQS:4352 nr_irqs:456 16
[    0.000000] 	Offload RCU callbacks from all CPUs
[    0.000000] 	Offload RCU callbacks from CPUs: 0-3.
[    0.000000] spurious 8259A interrupt: IRQ7.
[    0.000000] vgacon: allocated 4194304 bytes of memory for scrollback. CONFIG_VGACON_SOFT_SCROLLBACK_SIZE=4096
[    0.000000] Console: colour VGA+ 80x25
[    0.000000] console [tty0] enabled
[    0.000000] bootconsole [earlyvga0] disabled
[    0.000000] hpet clockevent registered
[    0.000000] tsc: Fast TSC calibration using PIT
[    0.000000] tsc: Detected 1397.502 MHz processor
[    0.000056] Calibrating delay loop (skipped), value calculated using timer frequency.. 2796.46 BogoMIPS (lpj=4658340)
[    0.000178] pid_max: default: 32768 minimum: 301
[    0.000222] ACPI: Core revision 20141107
[    0.000263] ACPI: acpi_os_initialize: map reset_reg status 0
[    0.024788] ACPI: All ACPI Tables successfully acquired
[    0.025222] Security Framework initialized
[    0.026856] Dentry cache hash table entries: 2097152 (order: 12, 16777216 bytes)
[    0.033619] Inode-cache hash table entries: 1048576 (order: 11, 8388608 bytes)
[    0.036701] Mount-cache hash table entries: 32768 (order: 6, 262144 bytes)
[    0.036816] Mountpoint-cache hash table entries: 32768 (order: 6, 262144 bytes)
[    0.037430] Initializing cgroup subsys memory
[    0.037548] Initializing cgroup subsys devices
[    0.037613] Initializing cgroup subsys freezer
[    0.037679] Initializing cgroup subsys net_cls
[    0.037746] Initializing cgroup subsys blkio
[    0.037837] CPU: Physical Processor ID: 0
[    0.037900] CPU: Processor Core ID: 0
[    0.037963] mce: CPU supports 6 MCE banks
[    0.038035] Last level iTLB entries: 4KB 512, 2MB 16, 4MB 8
Last level dTLB entries: 4KB 1024, 2MB 128, 4MB 64, 1GB 0
[    0.038342] Freeing SMP alternatives memory: 20K (ffffffff89fb4000 - ffffffff89fb9000)
[    0.038594] Getting VERSION: 80050010
[    0.038705] Getting VERSION: 80050010
[    0.038769] Getting ID: 0
[    0.038832] Getting ID: ff000000
[    0.038895] Getting LVT0: 700
[    0.038957] Getting LVT1: 400
[    0.039026] enabled ExtINT on CPU#0
[    0.039262] ENABLING IO-APIC IRQs
[    0.039326] init IO_APIC IRQs
[    0.039389]  apic 2 pin 0 not connected
[    0.039459] IOAPIC[0]: Set routing entry (2-1 -> 0x31 -> IRQ 1 Mode:0 Active:0 Dest:1)
[    0.039603] IOAPIC[0]: Set routing entry (2-2 -> 0x30 -> IRQ 0 Mode:0 Active:0 Dest:1)
[    0.039744] IOAPIC[0]: Set routing entry (2-2 -> 0x30 -> IRQ 0 Mode:0 Active:0 Dest:1)
[    0.039884] IOAPIC[0]: Set routing entry (2-3 -> 0x33 -> IRQ 3 Mode:0 Active:0 Dest:1)
[    0.040019] IOAPIC[0]: Set routing entry (2-4 -> 0x34 -> IRQ 4 Mode:0 Active:0 Dest:1)
[    0.040154] IOAPIC[0]: Set routing entry (2-5 -> 0x35 -> IRQ 5 Mode:0 Active:0 Dest:1)
[    0.040290] IOAPIC[0]: Set routing entry (2-6 -> 0x36 -> IRQ 6 Mode:0 Active:0 Dest:1)
[    0.040425] IOAPIC[0]: Set routing entry (2-7 -> 0x37 -> IRQ 7 Mode:0 Active:0 Dest:1)
[    0.040560] IOAPIC[0]: Set routing entry (2-8 -> 0x38 -> IRQ 8 Mode:0 Active:0 Dest:1)
[    0.040696] IOAPIC[0]: Set routing entry (2-9 -> 0x39 -> IRQ 9 Mode:1 Active:1 Dest:1)
[    0.040832] IOAPIC[0]: Set routing entry (2-10 -> 0x3a -> IRQ 10 Mode:0 Active:0 Dest:1)
[    0.040967] IOAPIC[0]: Set routing entry (2-11 -> 0x3b -> IRQ 11 Mode:0 Active:0 Dest:1)
[    0.041103] IOAPIC[0]: Set routing entry (2-12 -> 0x3c -> IRQ 12 Mode:0 Active:0 Dest:1)
[    0.041238] IOAPIC[0]: Set routing entry (2-13 -> 0x3d -> IRQ 13 Mode:0 Active:0 Dest:1)
[    0.041374] IOAPIC[0]: Set routing entry (2-14 -> 0x3e -> IRQ 14 Mode:0 Active:0 Dest:1)
[    0.041510] IOAPIC[0]: Set routing entry (2-15 -> 0x3f -> IRQ 15 Mode:0 Active:0 Dest:1)
[    0.041650]  apic 2 pin 16 not connected
[    0.041709]  apic 2 pin 17 not connected
[    0.041769]  apic 2 pin 18 not connected
[    0.041828]  apic 2 pin 19 not connected
[    0.041887]  apic 2 pin 20 not connected
[    0.041946]  apic 2 pin 21 not connected
[    0.042005]  apic 2 pin 22 not connected
[    0.042064]  apic 2 pin 23 not connected
[    0.042302] ..TIMER: vector=0x30 apic1=0 pin1=2 apic2=-1 pin2=-1
[    0.075381] smpboot: CPU0: AMD A6-3400M APU with Radeon(tm) HD Graphics (fam: 12, model: 01, stepping: 00)
[    0.075628] Using local APIC timer interrupts.
calibrating APIC timer ...
[    0.181727] ... lapic delta = 1247717
[    0.181790] ... PM-Timer delta = 357951
[    0.181854] ... PM-Timer result ok
[    0.181917] ..... delta 1247717
[    0.181980] ..... mult: 53589042
[    0.182043] ..... calibration result: 665449
[    0.182107] ..... CPU clock speed is 1397.1937 MHz.
[    0.182169] ..... host bus clock speed is 199.2182 MHz.
[    0.182257] Performance Events: AMD PMU driver.
[    0.182356] ... version:                0
[    0.182417] ... bit width:              48
[    0.182479] ... generic registers:      4
[    0.182540] ... value mask:             0000ffffffffffff
[    0.182602] ... max period:             00007fffffffffff
[    0.182664] ... fixed-purpose events:   0
[    0.182725] ... event mask:             000000000000000f
[    0.183059] dynamic_debug:ddebug_add_module: 2 debug prints in module main
[    0.183173] dynamic_debug:ddebug_add_module: 1 debug prints in module initramfs
[    0.183311] dynamic_debug:ddebug_add_module: 1 debug prints in module common
[    0.183371] dynamic_debug:ddebug_add_module: 2 debug prints in module main
[    0.183432] dynamic_debug:ddebug_add_module: 7 debug prints in module generic
[    0.183493] dynamic_debug:ddebug_add_module: 8 debug prints in module microcode
[    0.183622] dynamic_debug:ddebug_add_module: 1 debug prints in module boot
[    0.183684] dynamic_debug:ddebug_add_module: 22 debug prints in module smpboot
[    0.183814] dynamic_debug:ddebug_add_module: 1 debug prints in module tsc_sync
[    0.183944] dynamic_debug:ddebug_add_module: 2 debug prints in module setup_percpu
[    0.184073] dynamic_debug:ddebug_add_module: 1 debug prints in module apic
[    0.184137] dynamic_debug:ddebug_add_module: 30 debug prints in module vector
[    0.184197] dynamic_debug:ddebug_add_module: 4 debug prints in module io_apic
[    0.184256] dynamic_debug:ddebug_add_module: 1 debug prints in module msi
[    0.184317] dynamic_debug:ddebug_add_module: 1 debug prints in module htirq
[    0.184380] dynamic_debug:ddebug_add_module: 4 debug prints in module init_64
[    0.184443] dynamic_debug:ddebug_add_module: 1 debug prints in module numa
[    0.184506] dynamic_debug:ddebug_add_module: 4 debug prints in module params
[    0.184569] dynamic_debug:ddebug_add_module: 4 debug prints in module async
[    0.184631] dynamic_debug:ddebug_add_module: 1 debug prints in module manage
[    0.184695] dynamic_debug:ddebug_add_module: 11 debug prints in module irqdomain
[    0.184822] dynamic_debug:ddebug_add_module: 2 debug prints in module freezer
[    0.184883] dynamic_debug:ddebug_add_module: 18 debug prints in module module
[    0.184942] dynamic_debug:ddebug_add_module: 6 debug prints in module mempolicy
[    0.185069] dynamic_debug:ddebug_add_module: 1 debug prints in module vmpressure
[    0.185196] dynamic_debug:ddebug_add_module: 1 debug prints in module fsnotify
[    0.185323] dynamic_debug:ddebug_add_module: 2 debug prints in module notification
[    0.185451] dynamic_debug:ddebug_add_module: 1 debug prints in module inotify_fsnotify
[    0.185583] dynamic_debug:ddebug_add_module: 5 debug prints in module inotify_user
[    0.185713] dynamic_debug:ddebug_add_module: 6 debug prints in module fanotify
[    0.185845] dynamic_debug:ddebug_add_module: 13 debug prints in module fanotify_user
[    0.185980] dynamic_debug:ddebug_add_module: 20 debug prints in module aio
[    0.186040] dynamic_debug:ddebug_add_module: 13 debug prints in module binfmt_misc
[    0.186167] dynamic_debug:ddebug_add_module: 2 debug prints in module mount
[    0.186230] dynamic_debug:ddebug_add_module: 1 debug prints in module dir
[    0.186293] dynamic_debug:ddebug_add_module: 8 debug prints in module configfs
[    0.186424] dynamic_debug:ddebug_add_module: 1 debug prints in module debugfs
[    0.186484] dynamic_debug:ddebug_add_module: 2 debug prints in module ramoops
[    0.186579] dynamic_debug:ddebug_add_module: 179 debug prints in module capability
[    0.186706] dynamic_debug:ddebug_add_module: 1 debug prints in module inode
[    0.186765] dynamic_debug:ddebug_add_module: 2 debug prints in module asymmetric_keys
[    0.186893] dynamic_debug:ddebug_add_module: 1 debug prints in module public_key
[    0.187022] dynamic_debug:ddebug_add_module: 11 debug prints in module x509_key_parser
[    0.187150] dynamic_debug:ddebug_add_module: 13 debug prints in module efi
[    0.187208] dynamic_debug:ddebug_add_module: 1 debug prints in module decompress
[    0.187336] dynamic_debug:ddebug_add_module: 10 debug prints in module kobject
[    0.187464] dynamic_debug:ddebug_add_module: 6 debug prints in module kobject_uevent
[    0.187593] dynamic_debug:ddebug_add_module: 1 debug prints in module list_sort
[    0.187724] dynamic_debug:ddebug_add_module: 1 debug prints in module percpu_refcount
[    0.187857] dynamic_debug:ddebug_add_module: 11 debug prints in module asn1_decoder
[    0.187988] dynamic_debug:ddebug_add_module: 5 debug prints in module probe
[    0.188047] dynamic_debug:ddebug_add_module: 4 debug prints in module pci
[    0.188105] dynamic_debug:ddebug_add_module: 3 debug prints in module slot
[    0.188164] dynamic_debug:ddebug_add_module: 3 debug prints in module quirks
[    0.188222] dynamic_debug:ddebug_add_module: 2 debug prints in module pme
[    0.188280] dynamic_debug:ddebug_add_module: 1 debug prints in module pci_hotplug
[    0.188409] dynamic_debug:ddebug_add_module: 12 debug prints in module acpiphp
[    0.188535] dynamic_debug:ddebug_add_module: 1 debug prints in module pci_acpi
[    0.188662] dynamic_debug:ddebug_add_module: 3 debug prints in module backlight
[    0.188790] dynamic_debug:ddebug_add_module: 4 debug prints in module fb
[    0.188856] dynamic_debug:ddebug_add_module: 44 debug prints in module radeonfb
[    0.188997] dynamic_debug:ddebug_add_module: 29 debug prints in module acpi
[    0.189060] dynamic_debug:ddebug_add_module: 3 debug prints in module fan
[    0.189124] dynamic_debug:ddebug_add_module: 1 debug prints in module video
[    0.190237] dynamic_debug:ddebug_add_module: 4 debug prints in module pci_slot
[    0.190368] dynamic_debug:ddebug_add_module: 2 debug prints in module processor
[    0.190501] dynamic_debug:ddebug_add_module: 4 debug prints in module pnp
[    0.190561] dynamic_debug:ddebug_add_module: 2 debug prints in module acpi_dma
[    0.190694] dynamic_debug:ddebug_add_module: 7 debug prints in module core
[    0.190756] dynamic_debug:ddebug_add_module: 1 debug prints in module fixed
[    0.190819] dynamic_debug:ddebug_add_module: 6 debug prints in module virtual
[    0.190882] dynamic_debug:ddebug_add_module: 3 debug prints in module lp3971
[    0.190945] dynamic_debug:ddebug_add_module: 3 debug prints in module lp3972
[    0.191006] dynamic_debug:ddebug_add_module: 1 debug prints in module tty_io
[    0.191065] dynamic_debug:ddebug_add_module: 1 debug prints in module vt_ioctl
[    0.191195] dynamic_debug:ddebug_add_module: 1 debug prints in module tpm
[    0.191255] dynamic_debug:ddebug_add_module: 10 debug prints in module tpm_tis
[    0.191385] dynamic_debug:ddebug_add_module: 2 debug prints in module dmar
[    0.191445] dynamic_debug:ddebug_add_module: 3 debug prints in module ttm
[    0.191504] dynamic_debug:ddebug_add_module: 1 debug prints in module radeon
[    0.191565] dynamic_debug:ddebug_add_module: 17 debug prints in module vgaarb
[    0.191624] dynamic_debug:ddebug_add_module: 2 debug prints in module component
[    0.191756] dynamic_debug:ddebug_add_module: 8 debug prints in module core
[    0.191816] dynamic_debug:ddebug_add_module: 7 debug prints in module bus
[    0.191876] dynamic_debug:ddebug_add_module: 9 debug prints in module dd
[    0.191940] dynamic_debug:ddebug_add_module: 5 debug prints in module class
[    0.192004] dynamic_debug:ddebug_add_module: 1 debug prints in module platform
[    0.192135] dynamic_debug:ddebug_add_module: 6 debug prints in module firmware_class
[    0.192269] dynamic_debug:ddebug_add_module: 1 debug prints in module regmap
[    0.192333] dynamic_debug:ddebug_add_module: 7 debug prints in module regcache
[    0.192467] dynamic_debug:ddebug_add_module: 1 debug prints in module regcache_lzo
[    0.192601] dynamic_debug:ddebug_add_module: 1 debug prints in module dma_buf
[    0.192661] dynamic_debug:ddebug_add_module: 3 debug prints in module scsi_mod
[    0.192791] dynamic_debug:ddebug_add_module: 1 debug prints in module libphy
[    0.192851] dynamic_debug:ddebug_add_module: 1 debug prints in module r8169
[    0.192922] dynamic_debug:ddebug_add_module: 98 debug prints in module cdrom
[    0.193004] dynamic_debug:ddebug_add_module: 144 debug prints in module usbcore
[    0.193135] dynamic_debug:ddebug_add_module: 10 debug prints in module pci_quirks
[    0.193265] dynamic_debug:ddebug_add_module: 3 debug prints in module xhci_pci
[    0.193402] dynamic_debug:ddebug_add_module: 58 debug prints in module ehci_hcd
[    0.193534] dynamic_debug:ddebug_add_module: 2 debug prints in module ehci_pci
[    0.193677] dynamic_debug:ddebug_add_module: 46 debug prints in module ohci_hcd
[    0.193874] dynamic_debug:ddebug_add_module: 248 debug prints in module xhci_hcd
[    0.194052] dynamic_debug:ddebug_add_module: 10 debug prints in module usb_storage
[    0.194182] dynamic_debug:ddebug_add_module: 1 debug prints in module ums_realtek
[    0.194311] dynamic_debug:ddebug_add_module: 4 debug prints in module phy
[    0.194372] dynamic_debug:ddebug_add_module: 6 debug prints in module input_core
[    0.194502] dynamic_debug:ddebug_add_module: 3 debug prints in module atkbd
[    0.194564] dynamic_debug:ddebug_add_module: 12 debug prints in module psmouse
[    0.194694] dynamic_debug:ddebug_add_module: 5 debug prints in module rtc_core
[    0.194825] dynamic_debug:ddebug_add_module: 5 debug prints in module rtc_cmos
[    0.194956] dynamic_debug:ddebug_add_module: 1 debug prints in module i2c_boardinfo
[    0.195092] dynamic_debug:ddebug_add_module: 20 debug prints in module i2c_core
[    0.195224] dynamic_debug:ddebug_add_module: 2 debug prints in module i2c_smbus
[    0.195361] dynamic_debug:ddebug_add_module: 17 debug prints in module i2c_algo_bit
[    0.195497] dynamic_debug:ddebug_add_module: 11 debug prints in module power_supply
[    0.195633] dynamic_debug:ddebug_add_module: 1 debug prints in module hwmon
[    0.195694] dynamic_debug:ddebug_add_module: 8 debug prints in module thermal_sys
[    0.195829] dynamic_debug:ddebug_add_module: 38 debug prints in module cpufreq
[    0.195960] dynamic_debug:ddebug_add_module: 6 debug prints in module freq_table
[    0.196089] dynamic_debug:ddebug_add_module: 2 debug prints in module cpufreq_stats
[    0.196219] dynamic_debug:ddebug_add_module: 1 debug prints in module cpufreq_performance
[    0.196352] dynamic_debug:ddebug_add_module: 22 debug prints in module acpi_cpufreq
[    0.196483] dynamic_debug:ddebug_add_module: 1 debug prints in module led_core
[    0.196614] dynamic_debug:ddebug_add_module: 3 debug prints in module dmi_scan
[    0.196747] dynamic_debug:ddebug_add_module: 1 debug prints in module hid
[    0.196811] dynamic_debug:ddebug_add_module: 8 debug prints in module usbhid
[    0.196877] dynamic_debug:ddebug_add_module: 2 debug prints in module i386
[    0.196941] dynamic_debug:ddebug_add_module: 2 debug prints in module fixup
[    0.197001] dynamic_debug:ddebug_add_module: 7 debug prints in module irq
[    0.197060] dynamic_debug:ddebug_add_module: 1 debug prints in module sock
[    0.197122] dynamic_debug:ddebug_add_module: 14 debug prints in module dev
[    0.197181] dynamic_debug:ddebug_add_module: 1 debug prints in module neighbour
[    0.197310] dynamic_debug:ddebug_add_module: 1 debug prints in module eth
[    0.197370] dynamic_debug:ddebug_add_module: 2 debug prints in module sch_api
[    0.197429] dynamic_debug:ddebug_add_module: 2 debug prints in module act_api
[    0.197489] dynamic_debug:ddebug_add_module: 1 debug prints in module route
[    0.197548] dynamic_debug:ddebug_add_module: 1 debug prints in module ip_fragment
[    0.197678] dynamic_debug:ddebug_add_module: 1 debug prints in module ip_output
[    0.197807] dynamic_debug:ddebug_add_module: 1 debug prints in module tcp
[    0.197867] dynamic_debug:ddebug_add_module: 5 debug prints in module tcp_input
[    0.198001] dynamic_debug:ddebug_add_module: 3 debug prints in module tcp_output
[    0.198134] dynamic_debug:ddebug_add_module: 2 debug prints in module tcp_timer
[    0.198267] dynamic_debug:ddebug_add_module: 1 debug prints in module tcp_ipv4
[    0.198397] dynamic_debug:ddebug_add_module: 8 debug prints in module udp
[    0.198457] dynamic_debug:ddebug_add_module: 3 debug prints in module arp
[    0.198516] dynamic_debug:ddebug_add_module: 2 debug prints in module icmp
[    0.198575] dynamic_debug:ddebug_add_module: 1 debug prints in module devinet
[    0.198636] dynamic_debug:ddebug_add_module: 9 debug prints in module fib_trie
[    0.198765] dynamic_debug:ddebug_add_module: 1 debug prints in module inet_fragment
[    0.198897] dynamic_debug:ddebug_add_module: 24 debug prints in module ping
[    0.198959] dynamic_debug:ddebug_add_module: 1 debug prints in module sysctl_net_ipv4
[    0.199088] dynamic_debug:ddebug_add_module: 2 debug prints in module ip6_checksum
[    0.199219] dynamic_debug:dynamic_debug_init: 152 modules, 1579 entries and 6080 bytes in ddebug tables, 133262 bytes in (readonly) verbose section
[    0.199355] dynamic_debug:ddebug_dyndbg_boot_param_cb: BOOT_IMAGE="/vmlinuz-linux-git"
[    0.199488] dynamic_debug:ddebug_dyndbg_boot_param_cb: root="UUID=bfa4ab6e-19a3-4601-ba2b-267c55841c73"
[    0.199618] dynamic_debug:ddebug_dyndbg_boot_param_cb: rw="(null)"
[    0.199677] dynamic_debug:ddebug_dyndbg_boot_param_cb: cryptdevice="/dev/disk/by-uuid/70c08890-417a-497d-b6ab-c0d0357a63e2:cryptManjaro:allow-discards"
[    0.199810] dynamic_debug:ddebug_dyndbg_boot_param_cb: ipv6.disable="1"
[    0.199871] dynamic_debug:ddebug_dyndbg_boot_param_cb: pnp.debug="1"
[    0.199930] dynamic_debug:ddebug_dyndbg_boot_param_cb: loglevel="9"
[    0.199988] dynamic_debug:ddebug_dyndbg_boot_param_cb: log_buf_len="10M"
[    0.200049] dynamic_debug:ddebug_dyndbg_boot_param_cb: printk.always_kmsg_dump="y"
[    0.200183] dynamic_debug:ddebug_dyndbg_boot_param_cb: printk.time="y"
[    0.200242] dynamic_debug:ddebug_dyndbg_boot_param_cb: mminit_loglevel="0"
[    0.200301] dynamic_debug:ddebug_dyndbg_boot_param_cb: memory_corruption_check="1"
[    0.200431] dynamic_debug:ddebug_dyndbg_boot_param_cb: fbcon="scrollback:4096k"
[    0.200561] dynamic_debug:ddebug_dyndbg_boot_param_cb: fbcon="font:ProFont6x11"
[    0.200693] dynamic_debug:ddebug_dyndbg_boot_param_cb: apic="debug"
[    0.200752] dynamic_debug:ddebug_dyndbg_boot_param_cb: earlyprintk="vga"
[    0.200813] dynamic_debug:ddebug_dyndbg_boot_param_cb: dynamic_debug.verbose="1"
[    0.200946] dynamic_debug:ddebug_dyndbg_boot_param_cb: dyndbg="file arch/x86/kernel/apic/* +pflmt ; file drivers/video/* +pflmt ; file drivers/acpi/* +pflmt"
[    0.201084] dynamic_debug:ddebug_exec_queries: query 0: "file arch/x86/kernel/apic/* +pflmt "
[    0.201216] dynamic_debug:ddebug_tokenize: split into words: "file" "arch/x86/kernel/apic/*" "+pflmt"
[    0.201422] dynamic_debug:ddebug_parse_flags: op='+'
[    0.201479] dynamic_debug:ddebug_parse_flags: flags=0x1f
[    0.201536] dynamic_debug:ddebug_parse_flags: *flagsp=0x1f *maskp=0xffffffff
[    0.201595] dynamic_debug:vpr_info_dq: parsed: func="" file="arch/x86/kernel/apic/*" module="" format="" lineno=0-0
[    0.201733] dynamic_debug:ddebug_change: changed arch/x86/kernel/apic/apic.c:1579 [apic]enable_IR =pmflt
[    0.201861] dynamic_debug:ddebug_change: changed arch/x86/kernel/apic/vector.c:631 [vector]print_local_APIC =pmflt
[    0.201988] dynamic_debug:ddebug_change: changed arch/x86/kernel/apic/vector.c:628 [vector]print_local_APIC =pmflt
[    0.203042] dynamic_debug:ddebug_change: changed arch/x86/kernel/apic/vector.c:626 [vector]print_local_APIC =pmflt
[    0.203170] dynamic_debug:ddebug_change: changed arch/x86/kernel/apic/vector.c:621 [vector]print_local_APIC =pmflt
[    0.203298] dynamic_debug:ddebug_change: changed arch/x86/kernel/apic/vector.c:619 [vector]print_local_APIC =pmflt
[    0.203426] dynamic_debug:ddebug_change: changed arch/x86/kernel/apic/vector.c:617 [vector]print_local_APIC =pmflt
[    0.203554] dynamic_debug:ddebug_change: changed arch/x86/kernel/apic/vector.c:613 [vector]print_local_APIC =pmflt
[    0.203683] dynamic_debug:ddebug_change: changed arch/x86/kernel/apic/vector.c:608 [vector]print_local_APIC =pmflt
[    0.203810] dynamic_debug:ddebug_change: changed arch/x86/kernel/apic/vector.c:606 [vector]print_local_APIC =pmflt
[    0.203940] dynamic_debug:ddebug_change: changed arch/x86/kernel/apic/vector.c:603 [vector]print_local_APIC =pmflt
[    0.204072] dynamic_debug:ddebug_change: changed arch/x86/kernel/apic/vector.c:598 [vector]print_local_APIC =pmflt
[    0.204205] dynamic_debug:ddebug_change: changed arch/x86/kernel/apic/vector.c:595 [vector]print_local_APIC =pmflt
[    0.204333] dynamic_debug:ddebug_change: changed arch/x86/kernel/apic/vector.c:594 [vector]print_local_APIC =pmflt
[    0.204462] dynamic_debug:ddebug_change: changed arch/x86/kernel/apic/vector.c:590 [vector]print_local_APIC =pmflt
[    0.204591] dynamic_debug:ddebug_change: changed arch/x86/kernel/apic/vector.c:580 [vector]print_local_APIC =pmflt
[    0.204719] dynamic_debug:ddebug_change: changed arch/x86/kernel/apic/vector.c:578 [vector]print_local_APIC =pmflt
[    0.204848] dynamic_debug:ddebug_change: changed arch/x86/kernel/apic/vector.c:576 [vector]print_local_APIC =pmflt
[    0.204976] dynamic_debug:ddebug_change: changed arch/x86/kernel/apic/vector.c:574 [vector]print_local_APIC =pmflt
[    0.205104] dynamic_debug:ddebug_change: changed arch/x86/kernel/apic/vector.c:571 [vector]print_local_APIC =pmflt
[    0.205233] dynamic_debug:ddebug_change: changed arch/x86/kernel/apic/vector.c:568 [vector]print_local_APIC =pmflt
[    0.205364] dynamic_debug:ddebug_change: changed arch/x86/kernel/apic/vector.c:564 [vector]print_local_APIC =pmflt
[    0.205496] dynamic_debug:ddebug_change: changed arch/x86/kernel/apic/vector.c:555 [vector]print_local_APIC =pmflt
[    0.205632] dynamic_debug:ddebug_change: changed arch/x86/kernel/apic/vector.c:552 [vector]print_local_APIC =pmflt
[    0.205762] dynamic_debug:ddebug_change: changed arch/x86/kernel/apic/vector.c:545 [vector]print_local_APIC =pmflt
[    0.205893] dynamic_debug:ddebug_change: changed arch/x86/kernel/apic/vector.c:536 [vector]print_local_APIC =pmflt
[    0.206023] dynamic_debug:ddebug_change: changed arch/x86/kernel/apic/vector.c:682 [vector]print_PIC =pmflt
[    0.206154] dynamic_debug:ddebug_change: changed arch/x86/kernel/apic/vector.c:679 [vector]print_PIC =pmflt
[    0.206284] dynamic_debug:ddebug_change: changed arch/x86/kernel/apic/vector.c:669 [vector]print_PIC =pmflt
[    0.206414] dynamic_debug:ddebug_change: changed arch/x86/kernel/apic/vector.c:666 [vector]print_PIC =pmflt
[    0.206545] dynamic_debug:ddebug_change: changed arch/x86/kernel/apic/vector.c:661 [vector]print_PIC =pmflt
[    0.206676] dynamic_debug:ddebug_change: changed arch/x86/kernel/apic/io_apic.c:1381 [io_apic]intel_ir_io_apic_print_entries =pmflt
[    0.206811] dynamic_debug:ddebug_change: changed arch/x86/kernel/apic/io_apic.c:1371 [io_apic]intel_ir_io_apic_print_entries =pmflt
[    0.206943] dynamic_debug:ddebug_change: changed arch/x86/kernel/apic/io_apic.c:1352 [io_apic]native_io_apic_print_entries =pmflt
[    0.207079] dynamic_debug:ddebug_change: changed arch/x86/kernel/apic/io_apic.c:1345 [io_apic]native_io_apic_print_entries =pmflt
[    0.207215] dynamic_debug:ddebug_change: changed arch/x86/kernel/apic/msi.c:141 [msi]setup_msi_irq =pmflt
[    0.207348] dynamic_debug:ddebug_change: changed arch/x86/kernel/apic/htirq.c:104 [htirq]arch_setup_ht_irq =pmflt
[    0.207583] dynamic_debug:vpr_info_dq: applied: func="" file="arch/x86/kernel/apic/*" module="" format="" lineno=0-0
[    0.207760] dynamic_debug:ddebug_exec_queries: query 1: "file drivers/video/* +pflmt "
[    0.207889] dynamic_debug:ddebug_tokenize: split into words: "file" "drivers/video/*" "+pflmt"
[    0.208096] dynamic_debug:ddebug_parse_flags: op='+'
[    0.208156] dynamic_debug:ddebug_parse_flags: flags=0x1f
[    0.208219] dynamic_debug:ddebug_parse_flags: *flagsp=0x1f *maskp=0xffffffff
[    0.208281] dynamic_debug:vpr_info_dq: parsed: func="" file="drivers/video/*" module="" format="" lineno=0-0
[    0.208447] dynamic_debug:ddebug_change: changed drivers/video/backlight/backlight.c:146 [backlight]bl_power_store =pmflt
[    0.208582] dynamic_debug:ddebug_change: changed drivers/video/backlight/backlight.c:185 [backlight]brightness_store =pmflt
[    0.208718] dynamic_debug:ddebug_change: changed drivers/video/backlight/backlight.c:324 [backlight]backlight_device_register =pmflt
[    0.208854] dynamic_debug:ddebug_change: changed drivers/video/fbdev/core/fbmon.c:1069 [fb]fb_edid_add_monspecs =pmflt
[    0.208987] dynamic_debug:ddebug_change: changed drivers/video/fbdev/core/fbmon.c:1057 [fb]fb_edid_add_monspecs =pmflt
[    0.209118] dynamic_debug:ddebug_change: changed drivers/video/fbdev/core/fbmon.c:1020 [fb]fb_edid_add_monspecs =pmflt
[    0.209249] dynamic_debug:ddebug_change: changed drivers/video/fbdev/core/fbmon.c:1014 [fb]fb_edid_add_monspecs =pmflt
[    0.209381] dynamic_debug:ddebug_change: changed drivers/video/fbdev/aty/radeon_base.c:1526 [radeonfb]radeon_calc_pll_regs =pmflt
[    0.209512] dynamic_debug:ddebug_change: changed drivers/video/fbdev/aty/radeon_base.c:1525 [radeonfb]radeon_calc_pll_regs =pmflt
[    0.209644] dynamic_debug:ddebug_change: changed drivers/video/fbdev/aty/radeon_base.c:1524 [radeonfb]radeon_calc_pll_regs =pmflt
[    0.209776] dynamic_debug:ddebug_change: changed drivers/video/fbdev/aty/radeon_base.c:1517 [radeonfb]radeon_calc_pll_regs =pmflt
[    0.209909] dynamic_debug:ddebug_change: changed drivers/video/fbdev/aty/radeon_base.c:1507 [radeonfb]radeon_calc_pll_regs =pmflt
[    0.210043] dynamic_debug:ddebug_change: changed drivers/video/fbdev/aty/radeon_base.c:1485 [radeonfb]radeon_calc_pll_regs =pmflt
[    0.210176] dynamic_debug:ddebug_change: changed drivers/video/fbdev/aty/radeon_base.c:1718 [radeonfb]radeonfb_set_par =pmflt
[    0.210312] dynamic_debug:ddebug_change: changed drivers/video/fbdev/aty/radeon_base.c:1717 [radeonfb]radeonfb_set_par =pmflt
[    0.210444] dynamic_debug:ddebug_change: changed drivers/video/fbdev/aty/radeon_base.c:1712 [radeonfb]radeonfb_set_par =pmflt
[    0.210578] dynamic_debug:ddebug_change: changed drivers/video/fbdev/aty/radeon_base.c:1710 [radeonfb]radeonfb_set_par =pmflt
[    0.210711] dynamic_debug:ddebug_change: changed drivers/video/fbdev/aty/radeon_base.c:1601 [radeonfb]radeonfb_set_par =pmflt
[    0.210846] dynamic_debug:ddebug_change: changed drivers/video/fbdev/aty/radeon_base.c:1599 [radeonfb]radeonfb_set_par =pmflt
[    0.210980] dynamic_debug:ddebug_change: changed drivers/video/fbdev/aty/radeon_base.c:2084 [radeonfb]radeon_identify_vram =pmflt
[    0.211115] dynamic_debug:ddebug_change: changed drivers/video/fbdev/aty/radeon_base.c:2375 [radeonfb]radeonfb_pci_register =pmflt
[    0.211251] dynamic_debug:ddebug_change: changed drivers/video/fbdev/aty/radeon_base.c:2276 [radeonfb]radeonfb_pci_register =pmflt
[    0.211386] dynamic_debug:ddebug_change: changed drivers/video/fbdev/aty/radeon_base.c:2150 [radeonfb]radeonfb_pci_register =pmflt
[    0.211518] dynamic_debug:ddebug_change: changed drivers/video/fbdev/aty/radeon_monitor.c:245 [radeonfb]radeon_get_panel_info_BIOS =pmflt
[    0.211651] dynamic_debug:ddebug_change: changed drivers/video/fbdev/aty/radeon_monitor.c:240 [radeonfb]radeon_get_panel_info_BIOS =pmflt
[    0.211782] dynamic_debug:ddebug_change: changed drivers/video/fbdev/aty/radeon_monitor.c:239 [radeonfb]radeon_get_panel_info_BIOS =pmflt
[    0.211914] dynamic_debug:ddebug_change: changed drivers/video/fbdev/aty/radeon_monitor.c:238 [radeonfb]radeon_get_panel_info_BIOS =pmflt
[    0.212046] dynamic_debug:ddebug_change: changed drivers/video/fbdev/aty/radeon_monitor.c:237 [radeonfb]radeon_get_panel_info_BIOS =pmflt
[    0.212178] dynamic_debug:ddebug_change: changed drivers/video/fbdev/aty/radeon_monitor.c:236 [radeonfb]radeon_get_panel_info_BIOS =pmflt
[    0.212313] dynamic_debug:ddebug_change: changed drivers/video/fbdev/aty/radeon_monitor.c:235 [radeonfb]radeon_get_panel_info_BIOS =pmflt
[    0.212449] dynamic_debug:ddebug_change: changed drivers/video/fbdev/aty/radeon_monitor.c:234 [radeonfb]radeon_get_panel_info_BIOS =pmflt
[    0.212585] dynamic_debug:ddebug_change: changed drivers/video/fbdev/aty/radeon_monitor.c:233 [radeonfb]radeon_get_panel_info_BIOS =pmflt
[    0.212722] dynamic_debug:ddebug_change: changed drivers/video/fbdev/aty/radeon_monitor.c:214 [radeonfb]radeon_get_panel_info_BIOS =pmflt
[    0.212854] dynamic_debug:ddebug_change: changed drivers/video/fbdev/aty/radeon_monitor.c:209 [radeonfb]radeon_get_panel_info_BIOS =pmflt
[    0.212986] dynamic_debug:ddebug_change: changed drivers/video/fbdev/aty/radeon_monitor.c:207 [radeonfb]radeon_get_panel_info_BIOS =pmflt
[    0.213118] dynamic_debug:ddebug_change: changed drivers/video/fbdev/aty/radeon_monitor.c:206 [radeonfb]radeon_get_panel_info_BIOS =pmflt
[    0.213250] dynamic_debug:ddebug_change: changed drivers/video/fbdev/aty/radeon_monitor.c:205 [radeonfb]radeon_get_panel_info_BIOS =pmflt
[    0.213382] dynamic_debug:ddebug_change: changed drivers/video/fbdev/aty/radeon_monitor.c:191 [radeonfb]radeon_get_panel_info_BIOS =pmflt
[    0.213514] dynamic_debug:ddebug_change: changed drivers/video/fbdev/aty/radeon_monitor.c:849 [radeonfb]radeon_check_modes =pmflt
[    0.213646] dynamic_debug:ddebug_change: changed drivers/video/fbdev/aty/radeon_monitor.c:801 [radeonfb]radeon_check_modes =pmflt
[    0.213780] dynamic_debug:ddebug_change: changed drivers/video/fbdev/aty/radeon_monitor.c:781 [radeonfb]radeon_check_modes =pmflt
[    0.213916] dynamic_debug:ddebug_change: changed drivers/video/fbdev/aty/radeon_monitor.c:289 [radeonfb]radeon_parse_connector_info =pmflt
[    0.214052] dynamic_debug:ddebug_change: changed drivers/video/fbdev/aty/radeon_monitor.c:281 [radeonfb]radeon_parse_connector_info =pmflt
[    0.214186] dynamic_debug:ddebug_change: changed drivers/video/fbdev/aty/radeon_monitor.c:277 [radeonfb]radeon_parse_connector_info =pmflt
[    0.214318] dynamic_debug:ddebug_change: changed drivers/video/fbdev/aty/radeon_monitor.c:485 [radeonfb]radeon_probe_screens =pmflt
[    0.214449] dynamic_debug:ddebug_change: changed drivers/video/fbdev/aty/radeon_monitor.c:455 [radeonfb]radeon_probe_screens =pmflt
[    0.214580] dynamic_debug:ddebug_change: changed drivers/video/fbdev/aty/radeon_i2c.c:164 [radeonfb]radeon_probe_i2c_connector =pmflt
[    0.214712] dynamic_debug:ddebug_change: changed drivers/video/fbdev/aty/radeon_i2c.c:160 [radeonfb]radeon_probe_i2c_connector =pmflt
[    0.214844] dynamic_debug:ddebug_change: changed drivers/video/fbdev/aty/radeon_i2c.c:157 [radeonfb]radeon_probe_i2c_connector =pmflt
[    0.214976] dynamic_debug:ddebug_change: changed drivers/video/fbdev/aty/radeon_i2c.c:150 [radeonfb]radeon_probe_i2c_connector =pmflt
[    0.216120] dynamic_debug:ddebug_change: changed drivers/video/fbdev/aty/radeon_i2c.c:93 [radeonfb]radeon_setup_i2c_bus =pmflt
[    0.216385] dynamic_debug:vpr_info_dq: applied: func="" file="drivers/video/*" module="" format="" lineno=0-0
[    0.216566] dynamic_debug:ddebug_exec_queries: query 2: "file drivers/acpi/* +pflmt"
[    0.216695] dynamic_debug:ddebug_tokenize: split into words: "file" "drivers/acpi/*" "+pflmt"
[    0.216908] dynamic_debug:ddebug_parse_flags: op='+'
[    0.216968] dynamic_debug:ddebug_parse_flags: flags=0x1f
[    0.217028] dynamic_debug:ddebug_parse_flags: *flagsp=0x1f *maskp=0xffffffff
[    0.217091] dynamic_debug:vpr_info_dq: parsed: func="" file="drivers/acpi/*" module="" format="" lineno=0-0
[    0.217265] dynamic_debug:ddebug_change: changed drivers/acpi/osl.c:1840 [acpi]acpi_os_initialize =pmflt
[    0.217442] dynamic_debug:ddebug_change: changed drivers/acpi/device_pm.c:717 [acpi]acpi_pm_device_run_wake =pmflt
[    0.217572] dynamic_debug:ddebug_change: changed drivers/acpi/device_pm.c:616 [acpi]acpi_pm_device_sleep_state =pmflt
[    0.217703] dynamic_debug:ddebug_change: changed drivers/acpi/scan.c:2225 [acpi]acpi_device_dep_initialize =pmflt
[    0.217834] dynamic_debug:ddebug_change: changed drivers/acpi/scan.c:2215 [acpi]acpi_device_dep_initialize =pmflt
[    0.217965] dynamic_debug:ddebug_change: changed drivers/acpi/ec.c:995 [acpi]ec_flag_msi =pmflt
[    0.218098] dynamic_debug:ddebug_change: changed drivers/acpi/ec.c:1007 [acpi]ec_enlarge_storm_threshold =pmflt
[    0.218229] dynamic_debug:ddebug_change: changed drivers/acpi/ec.c:1043 [acpi]ec_clear_on_resume =pmflt
[    0.218361] dynamic_debug:ddebug_change: changed drivers/acpi/ec.c:1019 [acpi]ec_flag_query_handshake =pmflt
[    0.218491] dynamic_debug:ddebug_change: changed drivers/acpi/ec.c:1143 [acpi]acpi_ec_ecdt_probe =pmflt
[    0.218620] dynamic_debug:ddebug_change: changed drivers/acpi/ec.c:676 [acpi]ec_check_sci =pmflt
[    0.218748] dynamic_debug:ddebug_change: changed drivers/acpi/ec.c:628 [acpi]acpi_ec_run =pmflt
[    0.218875] dynamic_debug:ddebug_change: changed drivers/acpi/ec.c:623 [acpi]acpi_ec_run =pmflt
[    0.219003] dynamic_debug:ddebug_change: changed drivers/acpi/ec.c:652 [acpi]acpi_ec_sync_query =pmflt
[    0.219130] dynamic_debug:ddebug_change: changed drivers/acpi/ec.c:146 [acpi]acpi_ec_read_status =pmflt
[    0.219258] dynamic_debug:ddebug_change: changed drivers/acpi/ec.c:310 [acpi]ec_poll =pmflt
[    0.219385] dynamic_debug:ddebug_change: changed drivers/acpi/ec.c:160 [acpi]acpi_ec_write_cmd =pmflt
[    0.219515] dynamic_debug:ddebug_change: changed drivers/acpi/ec.c:154 [acpi]acpi_ec_read_data =pmflt
[    0.219645] dynamic_debug:ddebug_change: changed drivers/acpi/ec.c:166 [acpi]acpi_ec_write_data =pmflt
[    0.219778] dynamic_debug:ddebug_change: changed drivers/acpi/ec.c:247 [acpi]advance_transaction =pmflt
[    0.219907] dynamic_debug:ddebug_change: changed drivers/acpi/ec.c:228 [acpi]advance_transaction =pmflt
[    0.220034] dynamic_debug:ddebug_change: changed drivers/acpi/ec.c:210 [acpi]advance_transaction =pmflt
[    0.220162] dynamic_debug:ddebug_change: changed drivers/acpi/ec.c:341 [acpi]acpi_ec_transaction_unlocked =pmflt
[    0.220289] dynamic_debug:ddebug_change: changed drivers/acpi/ec.c:335 [acpi]acpi_ec_transaction_unlocked =pmflt
[    0.220417] dynamic_debug:ddebug_change: changed drivers/acpi/ec.c:331 [acpi]acpi_ec_transaction_unlocked =pmflt
[    0.220545] dynamic_debug:ddebug_change: changed drivers/acpi/pci_root.c:343 [acpi]acpi_get_pci_dev =pmflt
[    0.220674] dynamic_debug:ddebug_change: changed drivers/acpi/pci_irq.c:512 [acpi]acpi_pci_irq_disable =pmflt
[    0.220801] dynamic_debug:ddebug_change: changed drivers/acpi/pci_irq.c:472 [acpi]acpi_pci_irq_enable =pmflt
[    0.220932] dynamic_debug:ddebug_change: changed drivers/acpi/acpi_platform.c:113 [acpi]acpi_create_platform_device =pmflt
[    0.221064] dynamic_debug:ddebug_change: changed drivers/acpi/fan.c:140 [fan]fan_get_state_acpi4 =pmflt
[    0.221195] dynamic_debug:ddebug_change: changed drivers/acpi/fan.c:198 [fan]fan_set_state_acpi4 =pmflt
[    0.221324] dynamic_debug:ddebug_change: changed drivers/acpi/fan.c:362 [fan]acpi_fan_probe =pmflt
[    0.221454] dynamic_debug:ddebug_change: changed drivers/acpi/video.c:1652 [video]acpi_video_dev_register_backlight =pmflt
[    0.221582] dynamic_debug:ddebug_change: changed drivers/acpi/pci_slot.c:101 [pci_slot]check_slot =pmflt
[    0.221711] dynamic_debug:ddebug_change: changed drivers/acpi/pci_slot.c:94 [pci_slot]check_slot =pmflt
[    0.221838] dynamic_debug:ddebug_change: changed drivers/acpi/pci_slot.c:83 [pci_slot]check_slot =pmflt
[    0.221966] dynamic_debug:ddebug_change: changed drivers/acpi/pci_slot.c:158 [pci_slot]register_slot =pmflt
[    0.222094] dynamic_debug:ddebug_change: changed drivers/acpi/processor_driver.c:197 [processor]__acpi_processor_start =pmflt
[    0.222223] dynamic_debug:ddebug_change: changed drivers/acpi/processor_perflib.c:142 [processor]acpi_processor_get_platform_limit =pmflt
[    0.222568] dynamic_debug:vpr_info_dq: applied: func="" file="drivers/acpi/*" module="" format="" lineno=0-0
[    0.222748] dynamic_debug:ddebug_exec_queries: processed 3 queries, with 127 matches, 0 errs
[    0.222903] MCE: In-kernel MCE decoding enabled.
[    0.223007] started {early_reset_EHCIs kernel/smp.c:838}
[    0.223113] early_pci_allowed {early_reset_EHCIs kernel/smp.c:844}
[    0.223322] Found EHCI on 00:12.2 {kline kernel/smp.c:764}
[    0.223381] bar_val: f014a900 {kline kernel/smp.c:767}
[    0.223442] ehci_bar: ffffffffff7fe900 {kline kernel/smp.c:789}
[    0.223502] n_ports:    5 {kline kernel/smp.c:796}
[    0.223563] FLAG_CF was already set which likely means BIOS USB Legacy is Disabled. {ehci_status kernel/smp.c:580}
[    0.223698]   ehci cmd     : 00080B00 {ehci_status kernel/smp.c:582}
[    0.223760]   ehci conf flg: 00000001 {ehci_status kernel/smp.c:583}
[    0.223823]   ehci status  : 0000100C {ehci_status kernel/smp.c:584}
[    0.223885] port 1 status 00001000 {ehci_status kernel/smp.c:587}
[    0.223946] port 2 status 00001000 {ehci_status kernel/smp.c:587}
[    0.224005] port 3 status 00003000 {ehci_status kernel/smp.c:587}
[    0.224065] port 4 status 00001000 {ehci_status kernel/smp.c:587}
[    0.224124] port 5 status 00001000 {ehci_status kernel/smp.c:587}
[    0.224182] ended {kline kernel/smp.c:829}
[    0.224249] Found EHCI on 00:13.2 {kline kernel/smp.c:764}
[    0.224308] bar_val: f014a800 {kline kernel/smp.c:767}
[    0.224368] ehci_bar: ffffffffff7fe800 {kline kernel/smp.c:789}
[    0.224428] n_ports:    5 {kline kernel/smp.c:796}
[    0.224487] FLAG_CF was already set which likely means BIOS USB Legacy is Disabled. {ehci_status kernel/smp.c:580}
[    0.224618]   ehci cmd     : 00080B00 {ehci_status kernel/smp.c:582}
[    0.224678]   ehci conf flg: 00000001 {ehci_status kernel/smp.c:583}
[    0.224737]   ehci status  : 0000100C {ehci_status kernel/smp.c:584}
[    0.224796] port 1 status 00001803 {ehci_status kernel/smp.c:587}
[    0.224855] port 2 status 00001000 {ehci_status kernel/smp.c:587}
[    0.224916] port 3 status 00001803 {ehci_status kernel/smp.c:587}
[    0.224978] port 4 status 00001000 {ehci_status kernel/smp.c:587}
[    0.225040] port 5 status 00001000 {ehci_status kernel/smp.c:587}
[    0.225101] ended {kline kernel/smp.c:829}
[    0.295347] ended, failed 0 times {early_reset_EHCIs kernel/smp.c:857}
[    0.295409] All EHCI controllers were reset. {smp_init kernel/smp.c:876}
[    0.295495] NMI watchdog: enabled on all CPUs, permanently consumes one hw-PMU counter.
[    0.295744] smpboot: ++++++++++++++++++++=_---CPU UP  1
[    0.295851] x86: Booting SMP configuration:
[    0.295908] .... node  #0, CPUs:      #1
[    0.296005] smpboot: Setting warm reset code and vector.
[    0.296116] smpboot: 1.
[    0.296173] smpboot: 2.
[    0.296232] smpboot: 3.
[    0.296292] smpboot: Asserting INIT
[    0.296351] smpboot: Waiting for send to finish...
[    0.306416] smpboot: Deasserting INIT
[    0.306523] smpboot: Waiting for send to finish...
[    0.306585] smpboot: #startup loops: 2
[    0.306647] smpboot: Sending STARTUP #1
[    0.306708] smpboot: After apic_write
[    0.307070] smpboot: Startup point 1
[    0.307179] smpboot: Waiting for send to finish...
[    0.307443] smpboot: Sending STARTUP #2
[    0.307551] smpboot: After apic_write
[    0.307912] smpboot: Startup point 1
[    0.308022] smpboot: Waiting for send to finish...
[    0.308286] smpboot: After Startup
[    0.211676] masked ExtINT on CPU#1
[    0.211704] smpboot: Stack at about ffff88040b9eff38
[    0.310553] TSC synchronization [CPU#0 -> CPU#1]:
[    0.310790] Measured 135145570 cycles TSC warp between CPUs, turning off TSC clock.
[    0.310932] tsc: Marking TSC unstable due to check_tsc_sync_source failed
[    0.311138] smpboot: ++++++++++++++++++++=_---CPU UP  2
[    0.311248]  #2
[    0.311283] smpboot: Setting warm reset code and vector.
[    0.311404] smpboot: 1.
[    0.311465] smpboot: 2.
[    0.311525] smpboot: 3.
[    0.311586] smpboot: Asserting INIT
[    0.311648] smpboot: Waiting for send to finish...
[    0.321715] smpboot: Deasserting INIT
[    0.321821] smpboot: Waiting for send to finish...
[    0.321882] smpboot: #startup loops: 2
[    0.321942] smpboot: Sending STARTUP #1
[    0.322002] smpboot: After apic_write
[    0.322362] smpboot: Startup point 1
[    0.322468] smpboot: Waiting for send to finish...
[    0.322731] smpboot: Sending STARTUP #2
[    0.322841] smpboot: After apic_write
[    0.323204] smpboot: Startup point 1
[    0.323312] smpboot: Waiting for send to finish...
[    0.323574] smpboot: After Startup
[    0.192965] masked ExtINT on CPU#2
[    0.192999] smpboot: Stack at about ffff88040b9f3f38
[    0.323941] smpboot: ++++++++++++++++++++=_---CPU UP  3
[    0.325259]  #3
[    0.325295] smpboot: Setting warm reset code and vector.
[    0.325416] smpboot: 1.
[    0.325478] smpboot: 2.
[    0.325541] smpboot: 3.
[    0.325605] smpboot: Asserting INIT
[    0.325669] smpboot: Waiting for send to finish...
[    0.335736] smpboot: Deasserting INIT
[    0.335845] smpboot: Waiting for send to finish...
[    0.335908] smpboot: #startup loops: 2
[    0.335970] smpboot: Sending STARTUP #1
[    0.336033] smpboot: After apic_write
[    0.336395] smpboot: Startup point 1
[    0.336501] smpboot: Waiting for send to finish...
[    0.336762] smpboot: Sending STARTUP #2
[    0.336871] smpboot: After apic_write
[    0.337233] smpboot: Startup point 1
[    0.337340] smpboot: Waiting for send to finish...
[    0.337600] smpboot: After Startup
[    0.173181] masked ExtINT on CPU#3
[    0.173216] smpboot: Stack at about ffff88040b9f7f38
[    0.337853] x86: Booted up 1 node, 4 CPUs
[    0.338040] smpboot: Boot done
[    0.338100] smpboot: Before bogomips
[    0.338161] smpboot: Total of 4 processors activated (11184.85 BogoMIPS)
[    0.338223] smpboot: Before bogocount - setting activated=1
[    0.236755] devtmpfs: initialized
[    0.236815] device: 'platform': device_add
[    0.236900] bus: 'platform': registered
[    0.236975] bus: 'cpu': registered
[    0.237039] device: 'cpu': device_add
[    0.237116] bus: 'container': registered
[    0.237179] device: 'container': device_add
[    0.237518] bus: 'workqueue': registered
[    0.237518] device: 'workqueue': device_add
[    0.237518] kworker/u8:0 (39) used greatest stack depth: 13856 bytes left
[    0.237518] atomic64_test: passed for x86-64 platform with CX8 and with SSE
[    0.237518] device class 'regulator': registering
[    0.237518] Registering platform device 'reg-dummy'. Parent at platform
[    0.237518] device: 'reg-dummy': device_add
[    0.237518] bus: 'platform': add device reg-dummy
[    0.237518] bus: 'platform': add driver reg-dummy
[    0.237518] bus: 'platform': driver_probe_device: matched device reg-dummy with driver reg-dummy
[    0.237518] bus: 'platform': really_probe: probing driver reg-dummy with device reg-dummy
[    0.237599] device: 'regulator.0': device_add
[    0.237680] regulator-dummy: no parameters
[    0.237753] driver: 'reg-dummy': driver_bound: bound to device 'reg-dummy'
[    0.237818] bus: 'platform': really_probe: bound device reg-dummy to driver reg-dummy
[    0.240015] NET: Registered protocol family 16
[    0.240015] device class 'bdi': registering
[    0.240019] bus: 'platform': add driver ramoops
[    0.240020] device class 'pci_bus': registering
[    0.240020] bus: 'pci': registered
[    0.240020] device class 'backlight': registering
[    0.240033] device class 'tty': registering
[    0.240033] device class 'vtconsole': registering
[    0.240033] device: 'vtcon0': device_add
[    0.240033] bus: 'node': registered
[    0.240033] device: 'node': device_add
[    0.240065] bus: 'i2c': registered
[    0.240065] bus: 'i2c': add driver dummy
[    0.240065] i2c-core: driver [dummy] registered
[    0.263377] cpuidle: using governor ladder
[    0.276700] cpuidle: using governor menu
[    0.277143] ACPI FADT declares the system doesn't support PCIe ASPM, so disable it
[    0.277326] ACPI: bus type PCI registered
[    0.277390] acpiphp: ACPI Hot Plug PCI Controller Driver version: 0.5
[    0.277456] device class 'dmi': registering
[    0.277537] device: 'id': device_add
[    0.277709] PCI: MMCONFIG for domain 0000 [bus 00-3f] at [mem 0xf8000000-0xfbffffff] (base 0xf8000000)
[    0.280038] PCI: not using MMCONFIG
[    0.280038] PCI: Using configuration type 1 for base access
[    0.280038] PCI: Using configuration type 1 for extended access
[    0.280038] device: 'node0': device_add
[    0.280038] bus: 'node': add device node0
[    0.280119] device: 'cpu0': device_add
[    0.280119] bus: 'cpu': add device cpu0
[    0.280119] device: 'cpu1': device_add
[    0.280119] bus: 'cpu': add device cpu1
[    0.280119] device: 'cpu2': device_add
[    0.280119] bus: 'cpu': add device cpu2
[    0.280119] device: 'cpu3': device_add
[    0.280119] bus: 'cpu': add device cpu3
[    0.300359] device: 'writeback': device_add
[    0.300359] bus: 'workqueue': add device writeback
[    0.300359] device: 'default': device_add
[    0.300407] device class 'block': registering
[    0.300407] device class 'graphics': registering
[    0.303389] ACPI: Added _OSI(Module Device)
[    0.303498] ACPI: Added _OSI(Processor Device)
[    0.303560] ACPI: Added _OSI(3.0 _SCP Extensions)
[    0.303622] ACPI: Added _OSI(Processor Aggregator Device)
[    0.305219] IOAPIC[0]: Set routing entry (2-9 -> 0x39 -> IRQ 9 Mode:1 Active:1 Dest:15)
[    0.305428] [1] acpi:acpi_ec_ecdt_probe:1143: ACPI : EC: Look up EC in DSDT
[    0.313104] [Firmware Bug]: ACPI: BIOS _OSI(Linux) query ignored
[    0.314272] [1] acpi:acpi_ec_transaction_unlocked:331: ACPI : EC: ***** Command(WR_EC) started *****
[    0.314457] [1] acpi:advance_transaction:210: ACPI : EC: ===== TASK (0) =====
[    0.314523] [1] acpi:acpi_ec_read_status:146: ACPI : EC: EC_SC(R) = 0x00 SCI_EVT=0 BURST=0 CMD=0 IBF=0 OBF=0
[    0.314661] [1] acpi:acpi_ec_write_cmd:160: ACPI : EC: EC_SC(W) = 0x81
[    0.313358] <intr> acpi:advance_transaction:210: ACPI : EC: ===== IRQ (3) =====
[    0.313501] <intr> acpi:acpi_ec_read_status:146: ACPI : EC: EC_SC(R) = 0x08 SCI_EVT=0 BURST=0 CMD=1 IBF=0 OBF=0
[    0.313637] <intr> acpi:acpi_ec_write_data:166: ACPI : EC: EC_DATA(W) = 0x92
[    0.313704] <intr> acpi:acpi_ec_read_status:146: ACPI : EC: EC_SC(R) = 0x02 SCI_EVT=0 BURST=0 CMD=0 IBF=1 OBF=0
[    0.317036] [1] acpi:advance_transaction:210: ACPI : EC: ===== TASK (0) =====
[    0.317041] [1] acpi:acpi_ec_read_status:146: ACPI : EC: EC_SC(R) = 0x02 SCI_EVT=0 BURST=0 CMD=0 IBF=1 OBF=0
[    0.316690] <intr> acpi:advance_transaction:210: ACPI : EC: ===== IRQ (3) =====
[    0.316833] <intr> acpi:acpi_ec_read_status:146: ACPI : EC: EC_SC(R) = 0x00 SCI_EVT=0 BURST=0 CMD=0 IBF=0 OBF=0
[    0.316969] <intr> acpi:acpi_ec_write_data:166: ACPI : EC: EC_DATA(W) = 0x00
[    0.317035] <intr> acpi:acpi_ec_read_status:146: ACPI : EC: EC_SC(R) = 0x02 SCI_EVT=0 BURST=0 CMD=0 IBF=1 OBF=0
[    0.316695] <intr> acpi:advance_transaction:210: ACPI : EC: ===== IRQ (2) =====
[    0.316838] <intr> acpi:acpi_ec_read_status:146: ACPI : EC: EC_SC(R) = 0x00 SCI_EVT=0 BURST=0 CMD=0 IBF=0 OBF=0
[    0.316985] <intr> acpi:acpi_ec_read_status:146: ACPI : EC: EC_SC(R) = 0x00 SCI_EVT=0 BURST=0 CMD=0 IBF=0 OBF=0
[    0.317137] [1] acpi:acpi_ec_transaction_unlocked:341: ACPI : EC: ***** Command(WR_EC) stopped *****
[    0.317275] [1] acpi:acpi_ec_read_status:146: ACPI : EC: EC_SC(R) = 0x00 SCI_EVT=0 BURST=0 CMD=0 IBF=0 OBF=0
[    0.317463] [1] acpi:acpi_ec_transaction_unlocked:331: ACPI : EC: ***** Command(RD_EC) started *****
[    0.317643] [1] acpi:advance_transaction:210: ACPI : EC: ===== TASK (2) =====
[    0.317707] [1] acpi:acpi_ec_read_status:146: ACPI : EC: EC_SC(R) = 0x00 SCI_EVT=0 BURST=0 CMD=0 IBF=0 OBF=0
[    0.317842] [1] acpi:acpi_ec_write_cmd:160: ACPI : EC: EC_SC(W) = 0x80
[    0.320027] <intr> acpi:advance_transaction:210: ACPI : EC: ===== IRQ (3) =====
[    0.320171] <intr> acpi:acpi_ec_read_status:146: ACPI : EC: EC_SC(R) = 0x08 SCI_EVT=0 BURST=0 CMD=1 IBF=0 OBF=0
[    0.320310] <intr> acpi:acpi_ec_write_data:166: ACPI : EC: EC_DATA(W) = 0x10
[    0.320377] <intr> acpi:acpi_ec_read_status:146: ACPI : EC: EC_SC(R) = 0x02 SCI_EVT=0 BURST=0 CMD=0 IBF=1 OBF=0
[    0.320517] <intr> acpi:advance_transaction:210: ACPI : EC: ===== IRQ (3) =====
[    0.320517] <intr> acpi:acpi_ec_read_status:146: ACPI : EC: EC_SC(R) = 0x01 SCI_EVT=0 BURST=0 CMD=0 IBF=0 OBF=1
[    0.320517] <intr> acpi:acpi_ec_read_data:154: ACPI : EC: EC_DATA(R) = 0x11
[    0.320517] <intr> acpi:acpi_ec_read_status:146: ACPI : EC: EC_SC(R) = 0x00 SCI_EVT=0 BURST=0 CMD=0 IBF=0 OBF=0
[    0.320517] [1] acpi:acpi_ec_transaction_unlocked:341: ACPI : EC: ***** Command(RD_EC) stopped *****
[    0.320517] [1] acpi:acpi_ec_read_status:146: ACPI : EC: EC_SC(R) = 0x00 SCI_EVT=0 BURST=0 CMD=0 IBF=0 OBF=0
[    0.320517] [1] acpi:acpi_ec_transaction_unlocked:331: ACPI : EC: ***** Command(WR_EC) started *****
[    0.320517] [1] acpi:advance_transaction:210: ACPI : EC: ===== TASK (3) =====
[    0.320517] [1] acpi:acpi_ec_read_status:146: ACPI : EC: EC_SC(R) = 0x00 SCI_EVT=0 BURST=0 CMD=0 IBF=0 OBF=0
[    0.320629] [1] acpi:acpi_ec_write_cmd:160: ACPI : EC: EC_SC(W) = 0x81
[    0.323344] <intr> acpi:advance_transaction:210: ACPI : EC: ===== IRQ (3) =====
[    0.323483] <intr> acpi:acpi_ec_read_status:146: ACPI : EC: EC_SC(R) = 0x08 SCI_EVT=0 BURST=0 CMD=1 IBF=0 OBF=0
[    0.323620] <intr> acpi:acpi_ec_write_data:166: ACPI : EC: EC_DATA(W) = 0x10
[    0.323686] <intr> acpi:acpi_ec_read_status:146: ACPI : EC: EC_SC(R) = 0x02 SCI_EVT=0 BURST=0 CMD=0 IBF=1 OBF=0
[    0.323824] <intr> acpi:advance_transaction:210: ACPI : EC: ===== IRQ (3) =====
[    0.323824] <intr> acpi:acpi_ec_read_status:146: ACPI : EC: EC_SC(R) = 0x00 SCI_EVT=0 BURST=0 CMD=0 IBF=0 OBF=0
[    0.323824] <intr> acpi:acpi_ec_write_data:166: ACPI : EC: EC_DATA(W) = 0x13
[    0.323824] <intr> acpi:acpi_ec_read_status:146: ACPI : EC: EC_SC(R) = 0x02 SCI_EVT=0 BURST=0 CMD=0 IBF=1 OBF=0
[    0.325017] <intr> acpi:advance_transaction:210: ACPI : EC: ===== IRQ (3) =====
[    0.325017] <intr> acpi:acpi_ec_read_status:146: ACPI : EC: EC_SC(R) = 0x00 SCI_EVT=0 BURST=0 CMD=0 IBF=0 OBF=0
[    0.325017] <intr> acpi:acpi_ec_read_status:146: ACPI : EC: EC_SC(R) = 0x00 SCI_EVT=0 BURST=0 CMD=0 IBF=0 OBF=0
[    0.325017] [1] acpi:acpi_ec_transaction_unlocked:341: ACPI : EC: ***** Command(WR_EC) stopped *****
[    0.325017] [1] acpi:acpi_ec_read_status:146: ACPI : EC: EC_SC(R) = 0x00 SCI_EVT=0 BURST=0 CMD=0 IBF=0 OBF=0
[    0.325017] [1] acpi:acpi_ec_transaction_unlocked:331: ACPI : EC: ***** Command(RD_EC) started *****
[    0.325017] [1] acpi:advance_transaction:210: ACPI : EC: ===== TASK (3) =====
[    0.325017] [1] acpi:acpi_ec_read_status:146: ACPI : EC: EC_SC(R) = 0x00 SCI_EVT=0 BURST=0 CMD=0 IBF=0 OBF=0
[    0.325017] [1] acpi:acpi_ec_write_cmd:160: ACPI : EC: EC_SC(W) = 0x80
[    0.326703] <intr> acpi:advance_transaction:210: ACPI : EC: ===== IRQ (2) =====
[    0.326839] <intr> acpi:acpi_ec_read_status:146: ACPI : EC: EC_SC(R) = 0x08 SCI_EVT=0 BURST=0 CMD=1 IBF=0 OBF=0
[    0.326978] <intr> acpi:acpi_ec_write_data:166: ACPI : EC: EC_DATA(W) = 0x76
[    0.327046] <intr> acpi:acpi_ec_read_status:146: ACPI : EC: EC_SC(R) = 0x02 SCI_EVT=0 BURST=0 CMD=0 IBF=1 OBF=0
[    0.326692] <intr> acpi:advance_transaction:210: ACPI : EC: ===== IRQ (3) =====
[    0.326839] <intr> acpi:acpi_ec_read_status:146: ACPI : EC: EC_SC(R) = 0x01 SCI_EVT=0 BURST=0 CMD=0 IBF=0 OBF=1
[    0.326978] <intr> acpi:acpi_ec_read_data:154: ACPI : EC: EC_DATA(R) = 0x00
[    0.327050] <intr> acpi:acpi_ec_read_status:146: ACPI : EC: EC_SC(R) = 0x00 SCI_EVT=0 BURST=0 CMD=0 IBF=0 OBF=0
[    0.327199] [1] acpi:acpi_ec_transaction_unlocked:341: ACPI : EC: ***** Command(RD_EC) stopped *****
[    0.327338] [1] acpi:acpi_ec_read_status:146: ACPI : EC: EC_SC(R) = 0x00 SCI_EVT=0 BURST=0 CMD=0 IBF=0 OBF=0
[    0.327483] [1] acpi:acpi_ec_transaction_unlocked:331: ACPI : EC: ***** Command(WR_EC) started *****
[    0.327620] [1] acpi:advance_transaction:210: ACPI : EC: ===== TASK (3) =====
[    0.327685] [1] acpi:acpi_ec_read_status:146: ACPI : EC: EC_SC(R) = 0x00 SCI_EVT=0 BURST=0 CMD=0 IBF=0 OBF=0
[    0.327823] [1] acpi:acpi_ec_write_cmd:160: ACPI : EC: EC_SC(W) = 0x81
[    0.330031] <intr> acpi:advance_transaction:210: ACPI : EC: ===== IRQ (3) =====
[    0.330176] <intr> acpi:acpi_ec_read_status:146: ACPI : EC: EC_SC(R) = 0x08 SCI_EVT=0 BURST=0 CMD=1 IBF=0 OBF=0
[    0.330314] <intr> acpi:acpi_ec_write_data:166: ACPI : EC: EC_DATA(W) = 0x76
[    0.330381] <intr> acpi:acpi_ec_read_status:146: ACPI : EC: EC_SC(R) = 0x02 SCI_EVT=0 BURST=0 CMD=0 IBF=1 OBF=0
[    0.330522] <intr> acpi:advance_transaction:210: ACPI : EC: ===== IRQ (3) =====
[    0.330522] <intr> acpi:acpi_ec_read_status:146: ACPI : EC: EC_SC(R) = 0x00 SCI_EVT=0 BURST=0 CMD=0 IBF=0 OBF=0
[    0.330522] <intr> acpi:acpi_ec_write_data:166: ACPI : EC: EC_DATA(W) = 0x50
[    0.330522] <intr> acpi:acpi_ec_read_status:146: ACPI : EC: EC_SC(R) = 0x02 SCI_EVT=0 BURST=0 CMD=0 IBF=1 OBF=0
[    0.333364] <intr> acpi:advance_transaction:210: ACPI : EC: ===== IRQ (3) =====
[    0.333507] <intr> acpi:acpi_ec_read_status:146: ACPI : EC: EC_SC(R) = 0x00 SCI_EVT=0 BURST=0 CMD=0 IBF=0 OBF=0
[    0.333652] <intr> acpi:acpi_ec_read_status:146: ACPI : EC: EC_SC(R) = 0x00 SCI_EVT=0 BURST=0 CMD=0 IBF=0 OBF=0
[    0.333803] [1] acpi:acpi_ec_transaction_unlocked:341: ACPI : EC: ***** Command(WR_EC) stopped *****
[    0.333938] [1] acpi:acpi_ec_read_status:146: ACPI : EC: EC_SC(R) = 0x00 SCI_EVT=0 BURST=0 CMD=0 IBF=0 OBF=0
[    0.334134] [1] acpi:acpi_ec_transaction_unlocked:331: ACPI : EC: ***** Command(RD_EC) started *****
[    0.334315] [1] acpi:advance_transaction:210: ACPI : EC: ===== TASK (3) =====
[    0.334379] [1] acpi:acpi_ec_read_status:146: ACPI : EC: EC_SC(R) = 0x00 SCI_EVT=0 BURST=0 CMD=0 IBF=0 OBF=0
[    0.334516] [1] acpi:acpi_ec_write_cmd:160: ACPI : EC: EC_SC(W) = 0x80
[    0.336678] <intr> acpi:advance_transaction:210: ACPI : EC: ===== IRQ (3) =====
[    0.336816] <intr> acpi:acpi_ec_read_status:146: ACPI : EC: EC_SC(R) = 0x08 SCI_EVT=0 BURST=0 CMD=1 IBF=0 OBF=0
[    0.336953] <intr> acpi:acpi_ec_write_data:166: ACPI : EC: EC_DATA(W) = 0x7f
[    0.337020] <intr> acpi:acpi_ec_read_status:146: ACPI : EC: EC_SC(R) = 0x02 SCI_EVT=0 BURST=0 CMD=0 IBF=1 OBF=0
[    0.337159] <intr> acpi:advance_transaction:210: ACPI : EC: ===== IRQ (3) =====
[    0.337159] <intr> acpi:acpi_ec_read_status:146: ACPI : EC: EC_SC(R) = 0x01 SCI_EVT=0 BURST=0 CMD=0 IBF=0 OBF=1
[    0.337190] <intr> acpi:acpi_ec_read_data:154: ACPI : EC: EC_DATA(R) = 0x09
[    0.337257] <intr> acpi:acpi_ec_read_status:146: ACPI : EC: EC_SC(R) = 0x00 SCI_EVT=0 BURST=0 CMD=0 IBF=0 OBF=0
[    0.337408] [1] acpi:acpi_ec_transaction_unlocked:341: ACPI : EC: ***** Command(RD_EC) stopped *****
[    0.337547] [1] acpi:acpi_ec_read_status:146: ACPI : EC: EC_SC(R) = 0x00 SCI_EVT=0 BURST=0 CMD=0 IBF=0 OBF=0
[    0.337690] [1] acpi:acpi_ec_transaction_unlocked:331: ACPI : EC: ***** Command(WR_EC) started *****
[    0.337827] [1] acpi:advance_transaction:210: ACPI : EC: ===== TASK (3) =====
[    0.337893] [1] acpi:acpi_ec_read_status:146: ACPI : EC: EC_SC(R) = 0x00 SCI_EVT=0 BURST=0 CMD=0 IBF=0 OBF=0
[    0.338030] [1] acpi:acpi_ec_write_cmd:160: ACPI : EC: EC_SC(W) = 0x81
[    0.340025] <intr> acpi:advance_transaction:210: ACPI : EC: ===== IRQ (3) =====
[    0.340170] <intr> acpi:acpi_ec_read_status:146: ACPI : EC: EC_SC(R) = 0x08 SCI_EVT=0 BURST=0 CMD=1 IBF=0 OBF=0
[    0.340309] <intr> acpi:acpi_ec_write_data:166: ACPI : EC: EC_DATA(W) = 0x7f
[    0.340376] <intr> acpi:acpi_ec_read_status:146: ACPI : EC: EC_SC(R) = 0x02 SCI_EVT=0 BURST=0 CMD=0 IBF=1 OBF=0
[    0.340559] <intr> acpi:advance_transaction:210: ACPI : EC: ===== IRQ (3) =====
[    0.340559] <intr> acpi:acpi_ec_read_status:146: ACPI : EC: EC_SC(R) = 0x00 SCI_EVT=0 BURST=0 CMD=0 IBF=0 OBF=0
[    0.340559] <intr> acpi:acpi_ec_write_data:166: ACPI : EC: EC_DATA(W) = 0x08
[    0.340559] <intr> acpi:acpi_ec_read_status:146: ACPI : EC: EC_SC(R) = 0x02 SCI_EVT=0 BURST=0 CMD=0 IBF=1 OBF=0
[    0.340559] <intr> acpi:advance_transaction:210: ACPI : EC: ===== IRQ (3) =====
[    0.340559] <intr> acpi:acpi_ec_read_status:146: ACPI : EC: EC_SC(R) = 0x00 SCI_EVT=0 BURST=0 CMD=0 IBF=0 OBF=0
[    0.340559] <intr> acpi:acpi_ec_read_status:146: ACPI : EC: EC_SC(R) = 0x00 SCI_EVT=0 BURST=0 CMD=0 IBF=0 OBF=0
[    0.340559] [1] acpi:acpi_ec_transaction_unlocked:341: ACPI : EC: ***** Command(WR_EC) stopped *****
[    0.340574] [1] acpi:acpi_ec_read_status:146: ACPI : EC: EC_SC(R) = 0x00 SCI_EVT=0 BURST=0 CMD=0 IBF=0 OBF=0
[    0.340746] [1] acpi:acpi_ec_transaction_unlocked:331: ACPI : EC: ***** Command(RD_EC) started *****
[    0.340882] [1] acpi:advance_transaction:210: ACPI : EC: ===== TASK (3) =====
[    0.340948] [1] acpi:acpi_ec_read_status:146: ACPI : EC: EC_SC(R) = 0x00 SCI_EVT=0 BURST=0 CMD=0 IBF=0 OBF=0
[    0.341085] [1] acpi:acpi_ec_write_cmd:160: ACPI : EC: EC_SC(W) = 0x80
[    0.343363] <intr> acpi:advance_transaction:210: ACPI : EC: ===== IRQ (3) =====
[    0.343508] <intr> acpi:acpi_ec_read_status:146: ACPI : EC: EC_SC(R) = 0x08 SCI_EVT=0 BURST=0 CMD=1 IBF=0 OBF=0
[    0.343645] <intr> acpi:acpi_ec_write_data:166: ACPI : EC: EC_DATA(W) = 0x7f
[    0.343713] <intr> acpi:acpi_ec_read_status:146: ACPI : EC: EC_SC(R) = 0x02 SCI_EVT=0 BURST=0 CMD=0 IBF=1 OBF=0
[    0.343854] <intr> acpi:advance_transaction:210: ACPI : EC: ===== IRQ (3) =====
[    0.343854] <intr> acpi:acpi_ec_read_status:146: ACPI : EC: EC_SC(R) = 0x01 SCI_EVT=0 BURST=0 CMD=0 IBF=0 OBF=1
[    0.343854] <intr> acpi:acpi_ec_read_data:154: ACPI : EC: EC_DATA(R) = 0x08
[    0.343854] <intr> acpi:acpi_ec_read_status:146: ACPI : EC: EC_SC(R) = 0x00 SCI_EVT=0 BURST=0 CMD=0 IBF=0 OBF=0
[    0.343854] [1] acpi:acpi_ec_transaction_unlocked:341: ACPI : EC: ***** Command(RD_EC) stopped *****
[    0.343980] [1] acpi:acpi_ec_read_status:146: ACPI : EC: EC_SC(R) = 0x00 SCI_EVT=0 BURST=0 CMD=0 IBF=0 OBF=0
[    0.344166] [1] acpi:acpi_ec_transaction_unlocked:331: ACPI : EC: ***** Command(RD_EC) started *****
[    0.344349] [1] acpi:advance_transaction:210: ACPI : EC: ===== TASK (3) =====
[    0.344415] [1] acpi:acpi_ec_read_status:146: ACPI : EC: EC_SC(R) = 0x00 SCI_EVT=0 BURST=0 CMD=0 IBF=0 OBF=0
[    0.344552] [1] acpi:acpi_ec_write_cmd:160: ACPI : EC: EC_SC(W) = 0x80
[    0.346690] <intr> acpi:advance_transaction:210: ACPI : EC: ===== IRQ (3) =====
[    0.346836] <intr> acpi:acpi_ec_read_status:146: ACPI : EC: EC_SC(R) = 0x08 SCI_EVT=0 BURST=0 CMD=1 IBF=0 OBF=0
[    0.346974] <intr> acpi:acpi_ec_write_data:166: ACPI : EC: EC_DATA(W) = 0x7f
[    0.347042] <intr> acpi:acpi_ec_read_status:146: ACPI : EC: EC_SC(R) = 0x02 SCI_EVT=0 BURST=0 CMD=0 IBF=1 OBF=0
[    0.347209] <intr> acpi:advance_transaction:210: ACPI : EC: ===== IRQ (3) =====
[    0.347209] <intr> acpi:acpi_ec_read_status:146: ACPI : EC: EC_SC(R) = 0x01 SCI_EVT=0 BURST=0 CMD=0 IBF=0 OBF=1
[    0.347209] <intr> acpi:acpi_ec_read_data:154: ACPI : EC: EC_DATA(R) = 0x08
[    0.347209] <intr> acpi:acpi_ec_read_status:146: ACPI : EC: EC_SC(R) = 0x00 SCI_EVT=0 BURST=0 CMD=0 IBF=0 OBF=0
[    0.347209] [1] acpi:acpi_ec_transaction_unlocked:341: ACPI : EC: ***** Command(RD_EC) stopped *****
[    0.347295] [1] acpi:acpi_ec_read_status:146: ACPI : EC: EC_SC(R) = 0x00 SCI_EVT=0 BURST=0 CMD=0 IBF=0 OBF=0
[    0.347548] [1] acpi:acpi_ec_transaction_unlocked:331: ACPI : EC: ***** Command(WR_EC) started *****
[    0.347729] [1] acpi:advance_transaction:210: ACPI : EC: ===== TASK (3) =====
[    0.347794] [1] acpi:acpi_ec_read_status:146: ACPI : EC: EC_SC(R) = 0x00 SCI_EVT=0 BURST=0 CMD=0 IBF=0 OBF=0
[    0.347931] [1] acpi:acpi_ec_write_cmd:160: ACPI : EC: EC_SC(W) = 0x81
[    0.350025] <intr> acpi:advance_transaction:210: ACPI : EC: ===== IRQ (3) =====
[    0.350167] <intr> acpi:acpi_ec_read_status:146: ACPI : EC: EC_SC(R) = 0x08 SCI_EVT=0 BURST=0 CMD=1 IBF=0 OBF=0
[    0.350303] <intr> acpi:acpi_ec_write_data:166: ACPI : EC: EC_DATA(W) = 0x5c
[    0.350368] <intr> acpi:acpi_ec_read_status:146: ACPI : EC: EC_SC(R) = 0x02 SCI_EVT=0 BURST=0 CMD=0 IBF=1 OBF=0
[    0.350507] <intr> acpi:advance_transaction:210: ACPI : EC: ===== IRQ (3) =====
[    0.351106] <intr> acpi:acpi_ec_read_status:146: ACPI : EC: EC_SC(R) = 0x00 SCI_EVT=0 BURST=0 CMD=0 IBF=0 OBF=0
[    0.351242] <intr> acpi:acpi_ec_write_data:166: ACPI : EC: EC_DATA(W) = 0x03
[    0.351309] <intr> acpi:acpi_ec_read_status:146: ACPI : EC: EC_SC(R) = 0x02 SCI_EVT=0 BURST=0 CMD=0 IBF=1 OBF=0
[    0.353362] <intr> acpi:advance_transaction:210: ACPI : EC: ===== IRQ (3) =====
[    0.353507] <intr> acpi:acpi_ec_read_status:146: ACPI : EC: EC_SC(R) = 0x00 SCI_EVT=0 BURST=0 CMD=0 IBF=0 OBF=0
[    0.353655] <intr> acpi:acpi_ec_read_status:146: ACPI : EC: EC_SC(R) = 0x00 SCI_EVT=0 BURST=0 CMD=0 IBF=0 OBF=0
[    0.353655] [1] acpi:acpi_ec_transaction_unlocked:341: ACPI : EC: ***** Command(WR_EC) stopped *****
[    0.353655] [1] acpi:acpi_ec_read_status:146: ACPI : EC: EC_SC(R) = 0x00 SCI_EVT=0 BURST=0 CMD=0 IBF=0 OBF=0
[    0.353705] ACPI: Interpreter enabled
[    0.353822] ACPI: (supports S0 S5)
[    0.353885] ACPI: Using IOAPIC for interrupt routing
[    0.354204] PCI: MMCONFIG for domain 0000 [bus 00-3f] at [mem 0xf8000000-0xfbffffff] (base 0xf8000000)
[    0.354937] PCI: MMCONFIG at [mem 0xf8000000-0xfbffffff] reserved in ACPI motherboard resources
[    0.356676] bus: 'acpi': registered
[    0.356676] PCI: Using host bridge windows from ACPI; if necessary, use "pci=nocrs" and report a bug
[    0.356676] device: 'LNXSYSTM:00': device_add
[    0.356676] bus: 'acpi': add device LNXSYSTM:00
[    0.356711] device: 'LNXCPU:00': device_add
[    0.356711] bus: 'acpi': add device LNXCPU:00
[    0.356734] device: 'LNXCPU:01': device_add
[    0.356734] bus: 'acpi': add device LNXCPU:01
[    0.356734] device: 'LNXCPU:02': device_add
[    0.356734] bus: 'acpi': add device LNXCPU:02
[    0.356740] device: 'LNXCPU:03': device_add
[    0.356740] bus: 'acpi': add device LNXCPU:03
[    0.356740] device: 'LNXSYBUS:00': device_add
[    0.356740] bus: 'acpi': add device LNXSYBUS:00
[    0.356783] device: 'PNP0C0C:00': device_add
[    0.356893] bus: 'acpi': add device PNP0C0C:00
[    0.357036] device: 'PNP0A08:00': device_add
[    0.357153] bus: 'acpi': add device PNP0A08:00
[    0.357331] device: 'PNP0C02:00': device_add
[    0.357446] bus: 'acpi': add device PNP0C02:00
[    0.357618] device: 'device:00': device_add
[    0.357682] bus: 'acpi': add device device:00
[    0.360001] device: 'device:01': device_add
[    0.360001] bus: 'acpi': add device device:01
[    0.360015] device: 'device:02': device_add
[    0.360015] bus: 'acpi': add device device:02
[    0.360019] device: 'device:03': device_add
[    0.360019] bus: 'acpi': add device device:03
[    0.360022] device: 'LNXVIDEO:00': device_add
[    0.360022] bus: 'acpi': add device LNXVIDEO:00
[    0.360022] device: 'device:04': device_add
[    0.360022] bus: 'acpi': add device device:04
[    0.360022] device: 'device:05': device_add
[    0.360022] bus: 'acpi': add device device:05
[    0.360022] device: 'device:06': device_add
[    0.360022] bus: 'acpi': add device device:06
[    0.360036] device: 'device:07': device_add
[    0.360036] bus: 'acpi': add device device:07
[    0.360036] device: 'device:08': device_add
[    0.360036] bus: 'acpi': add device device:08
[    0.360036] device: 'device:09': device_add
[    0.360074] bus: 'acpi': add device device:09
[    0.360221] device: 'device:0a': device_add
[    0.360336] bus: 'acpi': add device device:0a
[    0.360516] device: 'device:0b': device_add
[    0.360580] bus: 'acpi': add device device:0b
[    0.360693] device: 'device:0c': device_add
[    0.360803] bus: 'acpi': add device device:0c
[    0.360965] device: 'device:0d': device_add
[    0.361031] bus: 'acpi': add device device:0d
[    0.363334] device: 'device:0e': device_add
[    0.363334] bus: 'acpi': add device device:0e
[    0.363349] device: 'device:0f': device_add
[    0.363349] bus: 'acpi': add device device:0f
[    0.363352] device: 'device:10': device_add
[    0.363352] bus: 'acpi': add device device:10
[    0.363357] device: 'device:11': device_add
[    0.363357] bus: 'acpi': add device device:11
[    0.363357] device: 'device:12': device_add
[    0.363357] bus: 'acpi': add device device:12
[    0.363392] device: 'device:13': device_add
[    0.363392] bus: 'acpi': add device device:13
[    0.363392] device: 'device:14': device_add
[    0.363392] bus: 'acpi': add device device:14
[    0.363392] device: 'device:15': device_add
[    0.363392] bus: 'acpi': add device device:15
[    0.363392] device: 'device:16': device_add
[    0.363392] bus: 'acpi': add device device:16
[    0.363392] device: 'device:17': device_add
[    0.363392] bus: 'acpi': add device device:17
[    0.363468] device: 'device:18': device_add
[    0.363582] bus: 'acpi': add device device:18
[    0.363743] device: 'device:19': device_add
[    0.363807] bus: 'acpi': add device device:19
[    0.363907] device: 'device:1a': device_add
[    0.364019] bus: 'acpi': add device device:1a
[    0.364119] device: 'device:1b': device_add
[    0.364229] bus: 'acpi': add device device:1b
[    0.364419] device: 'device:1c': device_add
[    0.364486] bus: 'acpi': add device device:1c
[    0.366679] device: 'device:1d': device_add
[    0.366679] bus: 'acpi': add device device:1d
[    0.366683] device: 'device:1e': device_add
[    0.366683] bus: 'acpi': add device device:1e
[    0.366686] device: 'device:1f': device_add
[    0.366686] bus: 'acpi': add device device:1f
[    0.366686] device: 'device:20': device_add
[    0.366686] bus: 'acpi': add device device:20
[    0.366686] device: 'device:21': device_add
[    0.366686] bus: 'acpi': add device device:21
[    0.366686] device: 'device:22': device_add
[    0.366686] bus: 'acpi': add device device:22
[    0.366686] device: 'device:23': device_add
[    0.366686] bus: 'acpi': add device device:23
[    0.366687] device: 'device:24': device_add
[    0.366687] bus: 'acpi': add device device:24
[    0.366687] device: 'device:25': device_add
[    0.366687] bus: 'acpi': add device device:25
[    0.366737] device: 'device:26': device_add
[    0.366848] bus: 'acpi': add device device:26
[    0.366974] device: 'device:27': device_add
[    0.367085] bus: 'acpi': add device device:27
[    0.367390] device: 'device:28': device_add
[    0.367503] bus: 'acpi': add device device:28
[    0.367864] device: 'device:29': device_add
[    0.367975] bus: 'acpi': add device device:29
[    0.370000] device: 'device:2a': device_add
[    0.370000] bus: 'acpi': add device device:2a
[    0.370015] device: 'device:2b': device_add
[    0.370015] bus: 'acpi': add device device:2b
[    0.370018] device: 'device:2c': device_add
[    0.370018] bus: 'acpi': add device device:2c
[    0.370018] device: 'device:2d': device_add
[    0.370018] bus: 'acpi': add device device:2d
[    0.370018] device: 'device:2e': device_add
[    0.370018] bus: 'acpi': add device device:2e
[    0.370019] device: 'device:2f': device_add
[    0.370019] bus: 'acpi': add device device:2f
[    0.370019] device: 'device:30': device_add
[    0.370019] bus: 'acpi': add device device:30
[    0.370157] device: 'device:31': device_add
[    0.370271] bus: 'acpi': add device device:31
[    0.370607] device: 'device:32': device_add
[    0.370717] bus: 'acpi': add device device:32
[    0.370914] device: 'PNP0C0F:00': device_add
[    0.370979] bus: 'acpi': add device PNP0C0F:00
[    0.371207] device: 'PNP0C0F:01': device_add
[    0.371276] bus: 'acpi': add device PNP0C0F:01
[    0.373347] device: 'PNP0C0F:02': device_add
[    0.373347] bus: 'acpi': add device PNP0C0F:02
[    0.373352] device: 'PNP0C0F:03': device_add
[    0.373352] bus: 'acpi': add device PNP0C0F:03
[    0.373352] device: 'PNP0C0F:04': device_add
[    0.373352] bus: 'acpi': add device PNP0C0F:04
[    0.373353] device: 'PNP0C0F:05': device_add
[    0.373353] bus: 'acpi': add device PNP0C0F:05
[    0.373353] device: 'PNP0C0F:06': device_add
[    0.373353] bus: 'acpi': add device PNP0C0F:06
[    0.373353] device: 'PNP0C0F:07': device_add
[    0.373353] bus: 'acpi': add device PNP0C0F:07
[    0.373353] device: 'PNP0200:00': device_add
[    0.373353] bus: 'acpi': add device PNP0200:00
[    0.373353] device: 'PNP0C04:00': device_add
[    0.373353] bus: 'acpi': add device PNP0C04:00
[    0.373353] device: 'PNP0000:00': device_add
[    0.373353] bus: 'acpi': add device PNP0000:00
[    0.373444] device: 'PNP0B00:00': device_add
[    0.373555] bus: 'acpi': add device PNP0B00:00
[    0.373656] device: 'PNP0800:00': device_add
[    0.373767] bus: 'acpi': add device PNP0800:00
[    0.373899] device: 'PNP0100:00': device_add
[    0.374013] bus: 'acpi': add device PNP0100:00
[    0.374151] device: 'PNP0C02:01': device_add
[    0.374264] bus: 'acpi': add device PNP0C02:01
[    0.374383] device: 'PNP0C01:00': device_add
[    0.374494] bus: 'acpi': add device PNP0C01:00
[    0.376673] device: 'PNP0C09:00': device_add
[    0.376673] bus: 'acpi': add device PNP0C09:00
[    0.376684] device: 'ACPI0003:00': device_add
[    0.376684] bus: 'acpi': add device ACPI0003:00
[    0.376685] device: 'PNP0C0A:00': device_add
[    0.376685] bus: 'acpi': add device PNP0C0A:00
[    0.376771] device: 'VPC2004:00': device_add
[    0.376882] bus: 'acpi': add device VPC2004:00
[    0.377035] device: 'PNP0303:00': device_add
[    0.377149] bus: 'acpi': add device PNP0303:00
[    0.377398] device: 'SYN0326:00': device_add
[    0.377509] bus: 'acpi': add device SYN0326:00
[    0.377675] device: 'device:33': device_add
[    0.377739] bus: 'acpi': add device device:33
[    0.380008] device: 'device:34': device_add
[    0.380008] bus: 'acpi': add device device:34
[    0.380015] device: 'device:35': device_add
[    0.380015] bus: 'acpi': add device device:35
[    0.380018] device: 'device:36': device_add
[    0.380018] bus: 'acpi': add device device:36
[    0.380019] device: 'device:37': device_add
[    0.380019] bus: 'acpi': add device device:37
[    0.380019] device: 'device:38': device_add
[    0.380019] bus: 'acpi': add device device:38
[    0.380020] device: 'device:39': device_add
[    0.380020] bus: 'acpi': add device device:39
[    0.380020] device: 'device:3a': device_add
[    0.380020] bus: 'acpi': add device device:3a
[    0.380020] device: 'device:3b': device_add
[    0.380020] bus: 'acpi': add device device:3b
[    0.380020] device: 'LNXVIDEO:01': device_add
[    0.380020] bus: 'acpi': add device LNXVIDEO:01
[    0.380096] device: 'device:3c': device_add
[    0.380210] bus: 'acpi': add device device:3c
[    0.380348] device: 'device:3d': device_add
[    0.380461] bus: 'acpi': add device device:3d
[    0.380566] device: 'device:3e': device_add
[    0.380677] bus: 'acpi': add device device:3e
[    0.380786] device: 'device:3f': device_add
[    0.380895] bus: 'acpi': add device device:3f
[    0.381031] device: 'AFD0001:00': device_add
[    0.381145] bus: 'acpi': add device AFD0001:00
[    0.383334] [1] acpi:acpi_ec_transaction_unlocked:331: ACPI : EC: ***** Command(RD_EC) started *****
[    0.383334] [1] acpi:advance_transaction:210: ACPI : EC: ===== TASK (3) =====
[    0.383334] [1] acpi:acpi_ec_read_status:146: ACPI : EC: EC_SC(R) = 0x00 SCI_EVT=0 BURST=0 CMD=0 IBF=0 OBF=0
[    0.383334] [1] acpi:acpi_ec_write_cmd:160: ACPI : EC: EC_SC(W) = 0x80
[    0.383357] <intr> acpi:advance_transaction:210: ACPI : EC: ===== IRQ (3) =====
[    0.383500] <intr> acpi:acpi_ec_read_status:146: ACPI : EC: EC_SC(R) = 0x08 SCI_EVT=0 BURST=0 CMD=1 IBF=0 OBF=0
[    0.383635] <intr> acpi:acpi_ec_write_data:166: ACPI : EC: EC_DATA(W) = 0x72
[    0.383702] <intr> acpi:acpi_ec_read_status:146: ACPI : EC: EC_SC(R) = 0x02 SCI_EVT=0 BURST=0 CMD=0 IBF=1 OBF=0
[    0.383839] <intr> acpi:advance_transaction:210: ACPI : EC: ===== IRQ (3) =====
[    0.383839] <intr> acpi:acpi_ec_read_status:146: ACPI : EC: EC_SC(R) = 0x01 SCI_EVT=0 BURST=0 CMD=0 IBF=0 OBF=1
[    0.383839] <intr> acpi:acpi_ec_read_data:154: ACPI : EC: EC_DATA(R) = 0x04
[    0.383839] <intr> acpi:acpi_ec_read_status:146: ACPI : EC: EC_SC(R) = 0x00 SCI_EVT=0 BURST=0 CMD=0 IBF=0 OBF=0
[    0.383866] [1] acpi:acpi_ec_transaction_unlocked:341: ACPI : EC: ***** Command(RD_EC) stopped *****
[    0.384002] [1] acpi:acpi_ec_read_status:146: ACPI : EC: EC_SC(R) = 0x00 SCI_EVT=0 BURST=0 CMD=0 IBF=0 OBF=0
[    0.384146] [1] acpi:acpi_ec_transaction_unlocked:331: ACPI : EC: ***** Command(WR_EC) started *****
[    0.384282] [1] acpi:advance_transaction:210: ACPI : EC: ===== TASK (3) =====
[    0.384348] [1] acpi:acpi_ec_read_status:146: ACPI : EC: EC_SC(R) = 0x00 SCI_EVT=0 BURST=0 CMD=0 IBF=0 OBF=0
[    0.384485] [1] acpi:acpi_ec_write_cmd:160: ACPI : EC: EC_SC(W) = 0x81
[    0.386697] <intr> acpi:advance_transaction:210: ACPI : EC: ===== IRQ (3) =====
[    0.386845] <intr> acpi:acpi_ec_read_status:146: ACPI : EC: EC_SC(R) = 0x08 SCI_EVT=0 BURST=0 CMD=1 IBF=0 OBF=0
[    0.386983] <intr> acpi:acpi_ec_write_data:166: ACPI : EC: EC_DATA(W) = 0x72
[    0.387051] <intr> acpi:acpi_ec_read_status:146: ACPI : EC: EC_SC(R) = 0x02 SCI_EVT=0 BURST=0 CMD=0 IBF=1 OBF=0
[    0.387191] <intr> acpi:advance_transaction:210: ACPI : EC: ===== IRQ (3) =====
[    0.387191] <intr> acpi:acpi_ec_read_status:146: ACPI : EC: EC_SC(R) = 0x00 SCI_EVT=0 BURST=0 CMD=0 IBF=0 OBF=0
[    0.387191] <intr> acpi:acpi_ec_write_data:166: ACPI : EC: EC_DATA(W) = 0x04
[    0.387191] <intr> acpi:acpi_ec_read_status:146: ACPI : EC: EC_SC(R) = 0x02 SCI_EVT=0 BURST=0 CMD=0 IBF=1 OBF=0
[    0.390011] <intr> acpi:advance_transaction:210: ACPI : EC: ===== IRQ (3) =====
[    0.390149] <intr> acpi:acpi_ec_read_status:146: ACPI : EC: EC_SC(R) = 0x00 SCI_EVT=0 BURST=0 CMD=0 IBF=0 OBF=0
[    0.390295] <intr> acpi:acpi_ec_read_status:146: ACPI : EC: EC_SC(R) = 0x00 SCI_EVT=0 BURST=0 CMD=0 IBF=0 OBF=0
[    0.390443] [1] acpi:acpi_ec_transaction_unlocked:341: ACPI : EC: ***** Command(WR_EC) stopped *****
[    0.390585] [1] acpi:acpi_ec_read_status:146: ACPI : EC: EC_SC(R) = 0x00 SCI_EVT=0 BURST=0 CMD=0 IBF=0 OBF=0
[    0.390767] device: 'PNP0C0D:00': device_add
[    0.390900] bus: 'acpi': add device PNP0C0D:00
[    0.391095] device: 'PNP0C0E:00': device_add
[    0.391207] bus: 'acpi': add device PNP0C0E:00
[    0.391318] device: 'PNP0C14:00': device_add
[    0.391429] bus: 'acpi': add device PNP0C14:00
[    0.391636] device: 'LNXSYBUS:01': device_add
[    0.391636] bus: 'acpi': add device LNXSYBUS:01
[    0.391636] device: 'LNXTHERM:00': device_add
[    0.391636] bus: 'acpi': add device LNXTHERM:00
[    0.391636] device: 'LNXTHERM:01': device_add
[    0.391636] bus: 'acpi': add device LNXTHERM:01
[    0.391636] Registering platform device 'PNP0C0C:00'. Parent at platform
[    0.391636] device: 'PNP0C0C:00': device_add
[    0.391636] bus: 'platform': add device PNP0C0C:00
[    0.391636] [1] acpi:acpi_create_platform_device:113: acpi PNP0C0C:00: created platform device PNP0C0C:00
[    0.392200] ACPI: PCI Root Bridge [PCI0] (domain 0000 [bus 00-ff])
[    0.392321] acpi PNP0A08:00: _OSC: OS supports [ExtendedConfig ASPM ClockPM Segments MSI]
[    0.393167] acpi PNP0A08:00: _OSC: OS now controls [PCIeHotplug PME AER PCIeCapability]
[    0.395612] acpi PNP0A08:00: host bridge window expanded to [mem 0xe0000000-0xffffffff]; [mem 0xe0000000-0xf7ffffff] ignored
[    0.395804] acpi PNP0A08:00: ignoring host bridge window [mem 0x000ce000-0x000cffff] (conflicts with Video ROM [mem 0x000c0000-0x000cefff])
[    0.395946] acpi PNP0A08:00: [Firmware Info]: MMCONFIG for domain 0000 [bus 00-3f] only partially covers this bridge
[    0.396087] device: 'pci0000:00': device_add
[    0.396161] device: '0000:00': device_add
[    0.396721] PCI host bridge to bus 0000:00
[    0.396789] pci_bus 0000:00: root bus resource [bus 00-ff]
[    0.396855] pci_bus 0000:00: root bus resource [mem 0x000a0000-0x000bffff]
[    0.396923] pci_bus 0000:00: root bus resource [mem 0x000c0000-0x000c1fff]
[    0.396990] pci_bus 0000:00: root bus resource [mem 0x000c2000-0x000c3fff]
[    0.397057] pci_bus 0000:00: root bus resource [mem 0x000c4000-0x000c5fff]
[    0.397122] pci_bus 0000:00: root bus resource [mem 0x000c6000-0x000c7fff]
[    0.397185] pci_bus 0000:00: root bus resource [mem 0x000c8000-0x000c9fff]
[    0.397249] pci_bus 0000:00: root bus resource [mem 0x000ca000-0x000cbfff]
[    0.397313] pci_bus 0000:00: root bus resource [mem 0x000cc000-0x000cdfff]
[    0.397374] pci_bus 0000:00: root bus resource [mem 0x000d0000-0x000d1fff]
[    0.397434] pci_bus 0000:00: root bus resource [mem 0x000d2000-0x000d3fff]
[    0.397498] pci_bus 0000:00: root bus resource [mem 0x000d4000-0x000d5fff]
[    0.397560] pci_bus 0000:00: root bus resource [mem 0x000d6000-0x000d7fff]
[    0.397622] pci_bus 0000:00: root bus resource [mem 0x000d8000-0x000d9fff]
[    0.397683] pci_bus 0000:00: root bus resource [mem 0x000da000-0x000dbfff]
[    0.397745] pci_bus 0000:00: root bus resource [mem 0x000dc000-0x000ddfff]
[    0.397806] pci_bus 0000:00: root bus resource [mem 0x000de000-0x000dffff]
[    0.397867] pci_bus 0000:00: root bus resource [mem 0x000e0000-0x000e1fff]
[    0.397929] pci_bus 0000:00: root bus resource [mem 0x000e2000-0x000e3fff]
[    0.397990] pci_bus 0000:00: root bus resource [mem 0x000e4000-0x000e5fff]
[    0.398052] pci_bus 0000:00: root bus resource [mem 0x000e6000-0x000e7fff]
[    0.398110] pci_bus 0000:00: root bus resource [mem 0x000e8000-0x000e9fff]
[    0.398169] pci_bus 0000:00: root bus resource [mem 0x000ea000-0x000ebfff]
[    0.398226] pci_bus 0000:00: root bus resource [mem 0x000ec000-0x000edfff]
[    0.398284] pci_bus 0000:00: root bus resource [mem 0x000ee000-0x000effff]
[    0.398342] pci_bus 0000:00: root bus resource [mem 0xe0000000-0xffffffff]
[    0.398401] pci_bus 0000:00: root bus resource [io  0x0000-0x0cf7]
[    0.398462] pci_bus 0000:00: root bus resource [io  0x0d00-0xffff]
[    0.398524] pci_bus 0000:00: scanning bus
[    0.398592] pci 0000:00:00.0: [1022:1705] type 00 class 0x060000
[    0.398660] pci 0000:00:00.0: calling quirk_mmio_always_on+0x0/0x10
[    0.398756] device: '0000:00:00.0': device_add
[    0.398888] bus: 'pci': add device 0000:00:00.0
[    0.400016] pci 0000:00:01.0: [1002:9647] type 00 class 0x030000
[    0.400016] pci 0000:00:01.0: reg 0x10: [mem 0xe0000000-0xefffffff pref]
[    0.400016] pci 0000:00:01.0: reg 0x14: [io  0x2000-0x20ff]
[    0.400016] pci 0000:00:01.0: reg 0x18: [mem 0xf0100000-0xf013ffff]
[    0.400016] pci 0000:00:01.0: supports D1 D2
[    0.400016] device: '0000:00:01.0': device_add
[    0.400016] bus: 'pci': add device 0000:00:01.0
[    0.400062] pci 0000:00:01.1: [1002:1714] type 00 class 0x040300
[    0.400062] pci 0000:00:01.1: reg 0x10: [mem 0xf0144000-0xf0147fff]
[    0.400062] pci 0000:00:01.1: supports D1 D2
[    0.400152] device: '0000:00:01.1': device_add
[    0.400254] bus: 'pci': add device 0000:00:01.1
[    0.400399] pci 0000:00:04.0: [1022:1709] type 01 class 0x060400
[    0.400513] pci 0000:00:04.0: PME# supported from D0 D3hot D3cold
[    0.400622] pci 0000:00:04.0: PME# disabled
[    0.400688] device: '0000:00:04.0': device_add
[    0.400820] bus: 'pci': add device 0000:00:04.0
[    0.401046] pci 0000:00:11.0: [1022:7804] type 00 class 0x010601
[    0.401126] pci 0000:00:11.0: reg 0x10: [io  0x2118-0x211f]
[    0.401195] pci 0000:00:11.0: reg 0x14: [io  0x2124-0x2127]
[    0.402265] pci 0000:00:11.0: reg 0x18: [io  0x2110-0x2117]
[    0.402332] pci 0000:00:11.0: reg 0x1c: [io  0x2120-0x2123]
[    0.402399] pci 0000:00:11.0: reg 0x20: [io  0x2100-0x210f]
[    0.402466] pci 0000:00:11.0: reg 0x24: [mem 0xf014a000-0xf014a7ff]
[    0.402581] device: '0000:00:11.0': device_add
[    0.402715] bus: 'pci': add device 0000:00:11.0
[    0.403338] pci 0000:00:12.0: [1022:7807] type 00 class 0x0c0310
[    0.403338] pci 0000:00:12.0: reg 0x10: [mem 0xf0149000-0xf0149fff]
[    0.403338] device: '0000:00:12.0': device_add
[    0.403338] bus: 'pci': add device 0000:00:12.0
[    0.403376] pci 0000:00:12.2: [1022:7808] type 00 class 0x0c0320
[    0.403454] pci 0000:00:12.2: reg 0x10: [mem 0xf014a900-0xf014a9ff]
[    0.403606] pci 0000:00:12.2: supports D1 D2
[    0.403668] pci 0000:00:12.2: PME# supported from D0 D1 D2 D3hot
[    0.403732] pci 0000:00:12.2: PME# disabled
[    0.403800] device: '0000:00:12.2': device_add
[    0.403934] bus: 'pci': add device 0000:00:12.2
[    0.404147] pci 0000:00:13.0: [1022:7807] type 00 class 0x0c0310
[    0.404223] pci 0000:00:13.0: reg 0x10: [mem 0xf0148000-0xf0148fff]
[    0.404346] device: '0000:00:13.0': device_add
[    0.404448] bus: 'pci': add device 0000:00:13.0
[    0.406670] pci 0000:00:13.2: [1022:7808] type 00 class 0x0c0320
[    0.406670] pci 0000:00:13.2: reg 0x10: [mem 0xf014a800-0xf014a8ff]
[    0.406670] pci 0000:00:13.2: supports D1 D2
[    0.406670] pci 0000:00:13.2: PME# supported from D0 D1 D2 D3hot
[    0.406670] pci 0000:00:13.2: PME# disabled
[    0.406670] device: '0000:00:13.2': device_add
[    0.406670] bus: 'pci': add device 0000:00:13.2
[    0.406684] pci 0000:00:14.0: [1022:780b] type 00 class 0x0c0500
[    0.406684] device: '0000:00:14.0': device_add
[    0.406684] bus: 'pci': add device 0000:00:14.0
[    0.406688] pci 0000:00:14.2: [1022:780d] type 00 class 0x040300
[    0.406688] pci 0000:00:14.2: reg 0x10: [mem 0xf0140000-0xf0143fff 64bit]
[    0.406688] pci 0000:00:14.2: PME# supported from D0 D3hot D3cold
[    0.406688] pci 0000:00:14.2: PME# disabled
[    0.406688] device: '0000:00:14.2': device_add
[    0.406688] bus: 'pci': add device 0000:00:14.2
[    0.406688] pci 0000:00:14.3: [1022:780e] type 00 class 0x060100
[    0.406688] device: '0000:00:14.3': device_add
[    0.406688] bus: 'pci': add device 0000:00:14.3
[    0.406766] pci 0000:00:14.4: [1022:780f] type 01 class 0x060401
[    0.406873] device: '0000:00:14.4': device_add
[    0.407010] bus: 'pci': add device 0000:00:14.4
[    0.407164] pci 0000:00:18.0: [1022:1700] type 00 class 0x060000
[    0.407225] pci 0000:00:18.0: calling quirk_mmio_always_on+0x0/0x10
[    0.407316] device: '0000:00:18.0': device_add
[    0.407416] bus: 'pci': add device 0000:00:18.0
[    0.407573] pci 0000:00:18.1: [1022:1701] type 00 class 0x060000
[    0.407685] pci 0000:00:18.1: calling quirk_mmio_always_on+0x0/0x10
[    0.407782] device: '0000:00:18.1': device_add
[    0.407911] bus: 'pci': add device 0000:00:18.1
[    0.410006] pci 0000:00:18.2: [1022:1702] type 00 class 0x060000
[    0.410006] pci 0000:00:18.2: calling quirk_mmio_always_on+0x0/0x10
[    0.410006] device: '0000:00:18.2': device_add
[    0.410006] bus: 'pci': add device 0000:00:18.2
[    0.410017] pci 0000:00:18.3: [1022:1703] type 00 class 0x060000
[    0.410017] pci 0000:00:18.3: calling quirk_mmio_always_on+0x0/0x10
[    0.410017] device: '0000:00:18.3': device_add
[    0.410017] bus: 'pci': add device 0000:00:18.3
[    0.410019] pci 0000:00:18.4: [1022:1704] type 00 class 0x060000
[    0.410019] pci 0000:00:18.4: calling quirk_mmio_always_on+0x0/0x10
[    0.410019] device: '0000:00:18.4': device_add
[    0.410019] bus: 'pci': add device 0000:00:18.4
[    0.410019] pci 0000:00:18.5: [1022:1718] type 00 class 0x060000
[    0.410019] pci 0000:00:18.5: calling quirk_mmio_always_on+0x0/0x10
[    0.410019] device: '0000:00:18.5': device_add
[    0.410019] bus: 'pci': add device 0000:00:18.5
[    0.410055] pci 0000:00:18.6: [1022:1716] type 00 class 0x060000
[    0.410167] pci 0000:00:18.6: calling quirk_mmio_always_on+0x0/0x10
[    0.410257] device: '0000:00:18.6': device_add
[    0.410359] bus: 'pci': add device 0000:00:18.6
[    0.410493] pci 0000:00:18.7: [1022:1719] type 00 class 0x060000
[    0.410558] pci 0000:00:18.7: calling quirk_mmio_always_on+0x0/0x10
[    0.410656] device: '0000:00:18.7': device_add
[    0.410788] bus: 'pci': add device 0000:00:18.7
[    0.410995] pci_bus 0000:00: fixups for bus
[    0.411058] pci 0000:00:04.0: scanning [bus 01-01] behind bridge, pass 0
[    0.411152] device: '0000:01': device_add
[    0.413334] pci_bus 0000:01: scanning bus
[    0.413334] pci 0000:01:00.0: [10ec:8136] type 00 class 0x020000
[    0.413334] pci 0000:01:00.0: reg 0x10: [io  0x1000-0x10ff]
[    0.413334] pci 0000:01:00.0: reg 0x18: [mem 0xf0004000-0xf0004fff 64bit pref]
[    0.413334] pci 0000:01:00.0: reg 0x20: [mem 0xf0000000-0xf0003fff 64bit pref]
[    0.413334] pci 0000:01:00.0: supports D1 D2
[    0.413334] pci 0000:01:00.0: PME# supported from D0 D1 D2 D3hot D3cold
[    0.413334] pci 0000:01:00.0: PME# disabled
[    0.413334] device: '0000:01:00.0': device_add
[    0.413334] bus: 'pci': add device 0000:01:00.0
[    0.420070] pci_bus 0000:01: fixups for bus
[    0.420194] pci 0000:00:04.0: PCI bridge to [bus 01]
[    0.420262] pci 0000:00:04.0:   bridge window [io  0x1000-0x1fff]
[    0.420330] pci 0000:00:04.0:   bridge window [mem 0xf0000000-0xf00fffff 64bit pref]
[    0.420467] pci_bus 0000:01: bus scan returning with max=01
[    0.420534] pci 0000:00:14.4: scanning [bus 02-02] behind bridge, pass 0
[    0.420612] device: '0000:02': device_add
[    0.420719] pci_bus 0000:02: scanning bus
[    0.420880] pci_bus 0000:02: fixups for bus
[    0.420942] pci 0000:00:14.4: PCI bridge to [bus 02] (subtractive decode)
[    0.421014] pci 0000:00:14.4:   bridge window [mem 0x000a0000-0x000bffff] (subtractive decode)
[    0.421151] pci 0000:00:14.4:   bridge window [mem 0x000c0000-0x000c1fff] (subtractive decode)
[    0.421288] pci 0000:00:14.4:   bridge window [mem 0x000c2000-0x000c3fff] (subtractive decode)
[    0.421424] pci 0000:00:14.4:   bridge window [mem 0x000c4000-0x000c5fff] (subtractive decode)
[    0.421560] pci 0000:00:14.4:   bridge window [mem 0x000c6000-0x000c7fff] (subtractive decode)
[    0.421692] pci 0000:00:14.4:   bridge window [mem 0x000c8000-0x000c9fff] (subtractive decode)
[    0.421823] pci 0000:00:14.4:   bridge window [mem 0x000ca000-0x000cbfff] (subtractive decode)
[    0.421953] pci 0000:00:14.4:   bridge window [mem 0x000cc000-0x000cdfff] (subtractive decode)
[    0.422084] pci 0000:00:14.4:   bridge window [mem 0x000d0000-0x000d1fff] (subtractive decode)
[    0.422215] pci 0000:00:14.4:   bridge window [mem 0x000d2000-0x000d3fff] (subtractive decode)
[    0.422345] pci 0000:00:14.4:   bridge window [mem 0x000d4000-0x000d5fff] (subtractive decode)
[    0.422477] pci 0000:00:14.4:   bridge window [mem 0x000d6000-0x000d7fff] (subtractive decode)
[    0.422607] pci 0000:00:14.4:   bridge window [mem 0x000d8000-0x000d9fff] (subtractive decode)
[    0.422738] pci 0000:00:14.4:   bridge window [mem 0x000da000-0x000dbfff] (subtractive decode)
[    0.422868] pci 0000:00:14.4:   bridge window [mem 0x000dc000-0x000ddfff] (subtractive decode)
[    0.422999] pci 0000:00:14.4:   bridge window [mem 0x000de000-0x000dffff] (subtractive decode)
[    0.423129] pci 0000:00:14.4:   bridge window [mem 0x000e0000-0x000e1fff] (subtractive decode)
[    0.423339] pci 0000:00:14.4:   bridge window [mem 0x000e2000-0x000e3fff] (subtractive decode)
[    0.423470] pci 0000:00:14.4:   bridge window [mem 0x000e4000-0x000e5fff] (subtractive decode)
[    0.423604] pci 0000:00:14.4:   bridge window [mem 0x000e6000-0x000e7fff] (subtractive decode)
