[    0.000000] Initializing cgroup subsys cpuset
[    0.000000] Initializing cgroup subsys cpu
[    0.000000] Initializing cgroup subsys cpuacct
[    0.000000] Linux version 3.15.4-1-MANJARO (emacs@manji) (gcc version 4.9.0 20140604 (prerelease) (GCC) ) #33 SMP PREEMPT Mon Jul 14 04:34:02 CEST 2014
[    0.000000] Command line: BOOT_IMAGE=/vmlinuz-315-x86_64 root=UUID=bfa4ab6e-19a3-4601-ba2b-267c55841c73 rw cryptdevice=/dev/disk/by-uuid/70c08890-417a-497d-b6ab-c0d0357a63e2:cryptManjaro:allow-discards ipv6.disable=1 pnp.debug=1 loglevel=9 log_buf_len=10M printk.always_kmsg_dump=y printk.time=y mminit_loglevel=0 memory_corruption_check=1 fbcon=scrollback:4096k fbcon=font:ProFont6x11 acpi.debug_layer=0xfbff0000 acpi.debug_level=0xFFFFFFFD pnp.debug=1 radeon.dpm=1 radeonfb radeon.audio=0
[    0.000000] KERNEL supported cpus:
[    0.000000]   AMD AuthenticAMD
[    0.000000] e820: BIOS-provided physical RAM map:
[    0.000000] BIOS-e820: [mem 0x0000000000000000-0x000000000009d7ff] usable
[    0.000000] BIOS-e820: [mem 0x000000000009d800-0x000000000009ffff] reserved
[    0.000000] BIOS-e820: [mem 0x00000000000e0000-0x00000000000fffff] reserved
[    0.000000] BIOS-e820: [mem 0x0000000000100000-0x00000000bed9afff] usable
[    0.000000] BIOS-e820: [mem 0x00000000bed9b000-0x00000000bf39afff] reserved
[    0.000000] BIOS-e820: [mem 0x00000000bf39b000-0x00000000bf49afff] ACPI NVS
[    0.000000] BIOS-e820: [mem 0x00000000bf49b000-0x00000000bf51afff] ACPI data
[    0.000000] BIOS-e820: [mem 0x00000000bf51b000-0x00000000bfdfffff] usable
[    0.000000] BIOS-e820: [mem 0x00000000bfe00000-0x00000000bfffffff] reserved
[    0.000000] BIOS-e820: [mem 0x00000000fec00000-0x00000000fecfffff] reserved
[    0.000000] BIOS-e820: [mem 0x00000000fed80000-0x00000000fed80fff] reserved
[    0.000000] BIOS-e820: [mem 0x00000000ffe00000-0x00000000ffffffff] reserved
[    0.000000] BIOS-e820: [mem 0x0000000100000000-0x000000041effffff] usable
[    0.000000] NX (Execute Disable) protection: active
[    0.000000] SMBIOS 2.6 present.
[    0.000000] DMI: LENOVO Sabine/Torpedo, BIOS 54CN18WW 07/20/2011
[    0.000000] e820: update [mem 0x00000000-0x00000fff] usable ==> reserved
[    0.000000] e820: remove [mem 0x000a0000-0x000fffff] usable
[    0.000000] No AGP bridge found
[    0.000000] e820: last_pfn = 0x41f000 max_arch_pfn = 0x400000000
[    0.000000] MTRR default type: uncachable
[    0.000000] MTRR fixed ranges enabled:
[    0.000000]   00000-9FFFF write-back
[    0.000000]   A0000-BFFFF uncachable
[    0.000000]   C0000-FFFFF write-protect
[    0.000000] MTRR variable ranges enabled:
[    0.000000]   0 base 0000000000 mask FF80000000 write-back
[    0.000000]   1 base 0080000000 mask FFC0000000 write-back
[    0.000000]   2 base 00FFF90000 mask FFFFFF0000 uncachable
[    0.000000]   3 base 00FED80000 mask 0FFFFFF000 uncachable
[    0.000000]   4 disabled
[    0.000000]   5 disabled
[    0.000000]   6 disabled
[    0.000000]   7 base 00FFE00000 mask FFFFE00000 write-protect
[    0.000000] TOM2: 000000041f000000 aka 16880M
[    0.000000] x86 PAT enabled: cpu 0, old 0x7040600070406, new 0x7010600070106
[    0.000000] mtrr: your BIOS has configured an incorrect mask, fixing it.
[    0.000000] e820: last_pfn = 0xbfe00 max_arch_pfn = 0x400000000
[    0.000000] found SMP MP-table at [mem 0x000fa8b0-0x000fa8bf] mapped at [ffff8800000fa8b0]
[    0.000000] Scanning 1 areas for low memory corruption
[    0.000000] Base memory trampoline at [ffff880000097000] 97000 size 24576
[    0.000000] Using GB pages for direct mapping
[    0.000000] init_memory_mapping: [mem 0x00000000-0x000fffff]
[    0.000000]  [mem 0x00000000-0x000fffff] page 4k
[    0.000000] BRK [0x0204b000, 0x0204bfff] PGTABLE
[    0.000000] BRK [0x0204c000, 0x0204cfff] PGTABLE
[    0.000000] BRK [0x0204d000, 0x0204dfff] PGTABLE
[    0.000000] init_memory_mapping: [mem 0x41ee00000-0x41effffff]
[    0.000000]  [mem 0x41ee00000-0x41effffff] page 2M
[    0.000000] BRK [0x0204e000, 0x0204efff] PGTABLE
[    0.000000] init_memory_mapping: [mem 0x41c000000-0x41edfffff]
[    0.000000]  [mem 0x41c000000-0x41edfffff] page 2M
[    0.000000] init_memory_mapping: [mem 0x400000000-0x41bffffff]
[    0.000000]  [mem 0x400000000-0x41bffffff] page 2M
[    0.000000] init_memory_mapping: [mem 0x00100000-0xbed9afff]
[    0.000000]  [mem 0x00100000-0x001fffff] page 4k
[    0.000000]  [mem 0x00200000-0x3fffffff] page 2M
[    0.000000]  [mem 0x40000000-0x7fffffff] page 1G
[    0.000000]  [mem 0x80000000-0xbebfffff] page 2M
[    0.000000]  [mem 0xbec00000-0xbed9afff] page 4k
[    0.000000] init_memory_mapping: [mem 0xbf51b000-0xbfdfffff]
[    0.000000]  [mem 0xbf51b000-0xbf5fffff] page 4k
[    0.000000]  [mem 0xbf600000-0xbfdfffff] page 2M
[    0.000000] BRK [0x0204f000, 0x0204ffff] PGTABLE
[    0.000000] init_memory_mapping: [mem 0x100000000-0x3ffffffff]
[    0.000000]  [mem 0x100000000-0x3ffffffff] page 1G
[    0.000000] log_buf_len: 16777216
[    0.000000] early log buf free: 2092172(99%)
[    0.000000] RAMDISK: [mem 0x3787a000-0x37c34fff]
[    0.000000] ACPI: RSDP 0x00000000000F0110 000024 (v02 LENOVO)
[    0.000000] ACPI: XSDT 0x00000000BF51A120 000074 (v01 LENOVO CB-01    00000001 LENO 00000001)
[    0.000000] ACPI: FACP 0x00000000BF508000 0000F4 (v04 LENOVO CB-01    00000001 PTL  00000001)
[    0.000000] ACPI: DSDT 0x00000000BF50A000 00FD10 (v01 LENOVO CB-01    00001000 LENO 00000001)
[    0.000000] ACPI: FACS 0x00000000BF478000 000040
[    0.000000] ACPI: HPET 0x00000000BF507000 000038 (v01 LENOVO CB-01    00000001 PTL  00000001)
[    0.000000] ACPI: APIC 0x00000000BF506000 00007A (v02 LENOVO CB-01    00000001 PTL  00000001)
[    0.000000] ACPI: MCFG 0x00000000BF505000 00003C (v01 LENOVO CB-01    00000001 PTL  00000001)
[    0.000000] ACPI: SLIC 0x00000000BF504000 000176 (v01 LENOVO CB-01    00000001 LENO 00000001)
[    0.000000] ACPI: UEFI 0x00000000BF503000 00003E (v01 LENOVO CB-01    00000001 PTL  00000001)
[    0.000000] ACPI: UEFI 0x00000000BF502000 000042 (v01 PTL    COMBUF   00000001 PTL  00000001)
[    0.000000] ACPI: SSDT 0x00000000BF501000 000E34 (v01 AMD    POWERNOW 00000001 AMD  00000001)
[    0.000000] ACPI: SSDT 0x00000000BF4FF000 00193D (v02 AMD    ALIB     00000001 MSFT 04000000)
[    0.000000] ACPI: UEFI 0x00000000BF4FE000 00021A (v01 LENOVO CB-01    00000001 PTL  00000001)
[    0.000000] ACPI: Local APIC address 0xfee00000
[    0.000000] No NUMA configuration found
[    0.000000] Faking a node at [mem 0x0000000000000000-0x000000041effffff]
[    0.000000] Initmem setup node 0 [mem 0x00000000-0x41effffff]
[    0.000000]   NODE_DATA [mem 0x41dffa000-0x41dffdfff]
[    0.000000]  [ffffea0000000000-ffffea00107fffff] PMD -> [ffff88040de00000-ffff88041d5fffff] on node 0
[    0.000000] Zone ranges:
[    0.000000]   DMA      [mem 0x00001000-0x00ffffff]
[    0.000000]   DMA32    [mem 0x01000000-0xffffffff]
[    0.000000]   Normal   [mem 0x100000000-0x41effffff]
[    0.000000] Movable zone start for each node
[    0.000000] Early memory node ranges
[    0.000000]   node   0: [mem 0x00001000-0x0009cfff]
[    0.000000]   node   0: [mem 0x00100000-0xbed9afff]
[    0.000000]   node   0: [mem 0xbf51b000-0xbfdfffff]
[    0.000000]   node   0: [mem 0x100000000-0x41effffff]
[    0.000000] On node 0 totalpages: 4056604
[    0.000000]   DMA zone: 64 pages used for memmap
[    0.000000]   DMA zone: 21 pages reserved
[    0.000000]   DMA zone: 3996 pages, LIFO batch:0
[    0.000000]   DMA32 zone: 12186 pages used for memmap
[    0.000000]   DMA32 zone: 779904 pages, LIFO batch:31
[    0.000000]   Normal zone: 51136 pages used for memmap
[    0.000000]   Normal zone: 3272704 pages, LIFO batch:31
[    0.000000] ACPI: PM-Timer IO Port: 0x808
[    0.000000] ACPI: Local APIC address 0xfee00000
[    0.000000] ACPI: LAPIC (acpi_id[0x00] lapic_id[0x00] enabled)
[    0.000000] ACPI: LAPIC (acpi_id[0x01] lapic_id[0x01] enabled)
[    0.000000] ACPI: LAPIC (acpi_id[0x02] lapic_id[0x02] enabled)
[    0.000000] ACPI: LAPIC (acpi_id[0x03] lapic_id[0x03] enabled)
[    0.000000] ACPI: LAPIC_NMI (acpi_id[0x00] high edge lint[0x1])
[    0.000000] ACPI: LAPIC_NMI (acpi_id[0x01] high edge lint[0x1])
[    0.000000] ACPI: LAPIC_NMI (acpi_id[0x02] high edge lint[0x1])
[    0.000000] ACPI: LAPIC_NMI (acpi_id[0x03] high edge lint[0x1])
[    0.000000] ACPI: IOAPIC (id[0x02] address[0xfec00000] gsi_base[0])
[    0.000000] IOAPIC[0]: apic_id 2, version 33, address 0xfec00000, GSI 0-23
[    0.000000] ACPI: INT_SRC_OVR (bus 0 bus_irq 0 global_irq 2 dfl dfl)
[    0.000000] ACPI: IRQ0 used by override.
[    0.000000] ACPI: IRQ2 used by override.
[    0.000000] ACPI: IRQ9 used by override.
[    0.000000] Using ACPI (MADT) for SMP configuration information
[    0.000000] ACPI: HPET id: 0x43538210 base: 0xfed00000
[    0.000000] smpboot: Allowing 4 CPUs, 0 hotplug CPUs
[    0.000000] nr_irqs_gsi: 40
[    0.000000] e820: [mem 0xc0000000-0xfebfffff] available for PCI devices
[    0.000000] setup_percpu: NR_CPUS:128 nr_cpumask_bits:128 nr_cpu_ids:4 nr_node_ids:1
[    0.000000] PERCPU: Embedded 27 pages/cpu @ffff88041dc00000 s80832 r8192 d21568 u524288
[    0.000000] pcpu-alloc: s80832 r8192 d21568 u524288 alloc=1*2097152
[    0.000000] pcpu-alloc: [0] 0 1 2 3 
[    0.000000] Built 1 zonelists in Zone order, mobility grouping on.  Total pages: 3993197
[    0.000000] Policy zone: Normal
[    0.000000] Kernel command line: BOOT_IMAGE=/vmlinuz-315-x86_64 root=UUID=bfa4ab6e-19a3-4601-ba2b-267c55841c73 rw cryptdevice=/dev/disk/by-uuid/70c08890-417a-497d-b6ab-c0d0357a63e2:cryptManjaro:allow-discards ipv6.disable=1 pnp.debug=1 loglevel=9 log_buf_len=10M printk.always_kmsg_dump=y printk.time=y mminit_loglevel=0 memory_corruption_check=1 fbcon=scrollback:4096k fbcon=font:ProFont6x11 acpi.debug_layer=0xfbff0000 acpi.debug_level=0xFFFFFFFD pnp.debug=1 radeon.dpm=1 radeonfb radeon.audio=0
[    0.000000] PID hash table entries: 4096 (order: 3, 32768 bytes)
[    0.000000] Checking aperture...
[    0.000000] No AGP bridge found
[    0.000000] Memory: 15868800K/16226416K available (6420K kernel code, 770K rwdata, 2812K rodata, 872K init, 2724K bss, 357616K reserved)
[    0.000000] SLUB: HWalign=64, Order=0-3, MinObjects=0, CPUs=4, Nodes=1
[    0.000000] Preemptible hierarchical RCU implementation.
[    0.000000] 	RCU dyntick-idle grace-period acceleration is enabled.
[    0.000000] 	Additional per-CPU info printed with stalls.
[    0.000000] 	RCU restricting CPUs from NR_CPUS=128 to nr_cpu_ids=4.
[    0.000000] RCU: Adjusting geometry for rcu_fanout_leaf=16, nr_cpu_ids=4
[    0.000000] NR_IRQS:8448 nr_irqs:712 16
[    0.000000] spurious 8259A interrupt: IRQ7.
[    0.000000] Console: colour dummy device 80x25
[    0.000000] console [tty0] enabled
[    0.000000] allocated 65011712 bytes of page_cgroup
[    0.000000] please try 'cgroup_disable=memory' option if you don't want memory cgroups
[    0.000000] hpet clockevent registered
[    0.000000] tsc: Fast TSC calibration using PIT
[    0.000000] tsc: Detected 1397.427 MHz processor
[    0.000041] Calibrating delay loop (skipped), value calculated using timer frequency.. 2794.85 BogoMIPS (lpj=1397427)
[    0.000047] pid_max: default: 32768 minimum: 301
[    0.000056] ACPI: Core revision 20140214
[    0.015167] ACPI: All ACPI Tables successfully acquired
[    0.016562] Security Framework initialized
[    0.017650] Dentry cache hash table entries: 2097152 (order: 12, 16777216 bytes)
[    0.022926] Inode-cache hash table entries: 1048576 (order: 11, 8388608 bytes)
[    0.025536] Mount-cache hash table entries: 32768 (order: 6, 262144 bytes)
[    0.025561] Mountpoint-cache hash table entries: 32768 (order: 6, 262144 bytes)
[    0.025985] Initializing cgroup subsys memory
[    0.025997] Initializing cgroup subsys devices
[    0.026002] Initializing cgroup subsys freezer
[    0.026007] Initializing cgroup subsys blkio
[    0.026036] tseg: 00bfe00000
[    0.026042] CPU: Physical Processor ID: 0
[    0.026045] CPU: Processor Core ID: 0
[    0.026049] mce: CPU supports 6 MCE banks
[    0.026063] Last level iTLB entries: 4KB 512, 2MB 16, 4MB 8
Last level dTLB entries: 4KB 1024, 2MB 128, 4MB 64, 1GB 0
tlb_flushall_shift: 6
[    0.026205] Freeing SMP alternatives memory: 20K (ffffffff81d9c000 - ffffffff81da1000)
[    0.026693] ..TIMER: vector=0x30 apic1=0 pin1=2 apic2=-1 pin2=-1
[    0.036707] smpboot: CPU0: AMD A6-3400M APU with Radeon(tm) HD Graphics (fam: 12, model: 01, stepping: 00)
[    0.138762] Performance Events: AMD PMU driver.
[    0.138771] ... version:                0
[    0.138774] ... bit width:              48
[    0.138778] ... generic registers:      4
[    0.138782] ... value mask:             0000ffffffffffff
[    0.138786] ... max period:             00007fffffffffff
[    0.138790] ... fixed-purpose events:   0
[    0.138793] ... event mask:             000000000000000f
[    0.144902] MCE: In-kernel MCE decoding enabled.
[    0.146866] NMI watchdog: enabled on all CPUs, permanently consumes one hw-PMU counter.
[    0.148905] x86: Booting SMP configuration:
[    0.148911] .... node  #0, CPUs:      #1
[    0.162137] TSC synchronization [CPU#0 -> CPU#1]:
[    0.162143] Measured 135619283 cycles TSC warp between CPUs, turning off TSC clock.
[    0.162153] tsc: Marking TSC unstable due to check_tsc_sync_source failed
[    0.062199]  #2 #3
[    0.086360] x86: Booted up 1 node, 4 CPUs
[    0.086370] smpboot: Total of 4 processors activated (11179.41 BogoMIPS)
[    0.087145] devtmpfs: initialized
[    0.088026] device: 'platform': device_add
[    0.088063] bus: 'platform': registered
[    0.088080] bus: 'cpu': registered
[    0.088086] device: 'cpu': device_add
[    0.088120] bus: 'container': registered
[    0.088125] device: 'container': device_add
[    0.088395] bus: 'workqueue': registered
[    0.088395] device: 'workqueue': device_add
[    0.088395] kworker/u8:0 (37) used greatest stack depth: 14128 bytes left
[    0.088418] atomic64 test passed for x86-64 platform with CX8 and with SSE
[    0.088427] device class 'regulator': registering
[    0.088462] Registering platform device 'reg-dummy'. Parent at platform
[    0.088468] device: 'reg-dummy': device_add
[    0.088475] bus: 'platform': add device reg-dummy
[    0.088502] bus: 'platform': add driver reg-dummy
[    0.088511] bus: 'platform': driver_probe_device: matched device reg-dummy with driver reg-dummy
[    0.088519] bus: 'platform': really_probe: probing driver reg-dummy with device reg-dummy
[    0.088533] device: 'regulator.0': device_add
[    0.088569] regulator-dummy: no parameters
[    0.089015] driver: 'reg-dummy': driver_bound: bound to device 'reg-dummy'
[    0.089021] bus: 'platform': really_probe: bound device reg-dummy to driver reg-dummy
[    0.089093] NET: Registered protocol family 16
[    0.089236] device class 'bdi': registering
[    0.089255] bus: 'platform': add driver ramoops
[    0.089275] device class 'pci_bus': registering
[    0.089308] bus: 'pci': registered
[    0.089312] device class 'backlight': registering
[    0.089327] device class 'tty': registering
[    0.089341] device class 'vtconsole': registering
[    0.089357] device: 'vtcon0': device_add
[    0.089399] bus: 'node': registered
[    0.089407] device: 'node': device_add
[    0.089447] bus: 'i2c': registered
[    0.089454] bus: 'i2c': add driver dummy
[    0.089470] i2c-core: driver [dummy] registered
[    0.089476] cpuidle: using governor ladder
[    0.089481] cpuidle: using governor menu
[    0.089781] ACPI FADT declares the system doesn't support PCIe ASPM, so disable it
[    0.089788] ACPI: bus type PCI registered
[    0.089793] acpiphp: ACPI Hot Plug PCI Controller Driver version: 0.5
[    0.089799] device class 'dmi': registering
[    0.089813] device: 'id': device_add
[    0.089943] PCI: MMCONFIG for domain 0000 [bus 00-3f] at [mem 0xf8000000-0xfbffffff] (base 0xf8000000)
[    0.089954] PCI: not using MMCONFIG
[    0.089958] PCI: Using configuration type 1 for base access
[    0.089963] PCI: Using configuration type 1 for extended access
[    0.090109] device: 'node0': device_add
[    0.090116] bus: 'node': add device node0
[    0.090148] device: 'cpu0': device_add
[    0.090156] bus: 'cpu': add device cpu0
[    0.090201] device: 'cpu1': device_add
[    0.090212] bus: 'cpu': add device cpu1
[    0.090256] device: 'cpu2': device_add
[    0.090264] bus: 'cpu': add device cpu2
[    0.090310] device: 'cpu3': device_add
[    0.090318] bus: 'cpu': add device cpu3
[    0.090362] mtrr: your CPUs had inconsistent variable MTRR settings
[    0.090367] mtrr: probably your BIOS does not setup all CPUs.
[    0.090372] mtrr: corrected configuration.
[    0.093732] device: 'writeback': device_add
[    0.093732] bus: 'workqueue': add device writeback
[    0.093732] device: 'default': device_add
[    0.094143] device class 'block': registering
[    0.094143] device class 'graphics': registering
[    0.094143] ACPI: Added _OSI(Module Device)
[    0.094143] ACPI: Added _OSI(Processor Device)
[    0.094143] ACPI: Added _OSI(3.0 _SCP Extensions)
[    0.094143] ACPI: Added _OSI(Processor Aggregator Device)
[    0.097059] 
**** Context Switch from TID 4294967295 to TID 137592832 ****

[    0.097071]     utils-0051 util_eval_error       : Evaluate [\_SB_.PCI0.LPC0.EC0_._GLK]: AE_NOT_FOUND
[    0.097484] Executing  Method       \_SB_.PCI0.LPC0.EC0_._REG
[    0.098163] Executing  Method       \_SB_.PCI0.LPC0.EC0_._REG
[    0.098188] Executing  Method       \_SB_.PCI0.LPC0.EC0_._REG
[    0.098265] Executing  Method       \_SB_.PCI0.LPC0.EC0_._REG
[    0.101444] Initializing Region       \_SB_.OSTY
[    0.101477] Initializing Region       \_SB_.PCI0.NBMS
[    0.101497] Initializing Region       \_SB_.PCI0.NBXP
[    0.101519] Initializing Region       \_SB_.PCI0.K8ST
[    0.101578] Initializing Region       \_SB_.PCI0.BAR1
[    0.101611] Initializing Region       \_SB_.PCI0.PB2_.XPEX
[    0.101630] Initializing Region       \_SB_.PCI0.PB2_.PCFG
[    0.101650] Initializing Region       \_SB_.PCI0.PB2_.XPCB
[    0.101670] Initializing Region       \_SB_.PCI0.PB2_.XPRI
[    0.101694] Initializing Region       \_SB_.PCI0.PB2_.VGA_.PCFG
[    0.101772] Initializing Region       \_SB_.PCI0.PB2_.HDAU.PCFG
[    0.101806] Initializing Region       \_SB_.PCI0.PB3_.XPEX
[    0.101825] Initializing Region       \_SB_.PCI0.PB3_.PCFG
[    0.101844] Initializing Region       \_SB_.PCI0.PB3_.XPCB
[    0.101864] Initializing Region       \_SB_.PCI0.PB3_.XPRI
[    0.101888] Initializing Region       \_SB_.PCI0.PB3_.VGA_.PCFG
[    0.101976] Initializing Region       \_SB_.PCI0.PB3_.HDAU.PCFG
[    0.102014] Initializing Region       \_SB_.PCI0.PB4_.XPEX
[    0.102033] Initializing Region       \_SB_.PCI0.PB4_.PCFG
[    0.102053] Initializing Region       \_SB_.PCI0.PB4_.XPCB
[    0.102073] Initializing Region       \_SB_.PCI0.PB4_.XPRI
[    0.102097] Initializing Region       \_SB_.PCI0.PB4_.XPDV.PCFG
[    0.102130] Initializing Region       \_SB_.PCI0.PB5_.XPEX
[    0.102149] Initializing Region       \_SB_.PCI0.PB5_.PCFG
[    0.102168] Initializing Region       \_SB_.PCI0.PB5_.XPCB
[    0.102188] Initializing Region       \_SB_.PCI0.PB5_.XPRI
[    0.102212] Initializing Region       \_SB_.PCI0.PB5_.XPDV.PCFG
[    0.102245] Initializing Region       \_SB_.PCI0.PB6_.XPEX
[    0.102264] Initializing Region       \_SB_.PCI0.PB6_.PCFG
[    0.102283] Initializing Region       \_SB_.PCI0.PB6_.XPCB
[    0.102304] Initializing Region       \_SB_.PCI0.PB6_.XPRI
[    0.102327] Initializing Region       \_SB_.PCI0.PB6_.XPDV.PCFG
[    0.102360] Initializing Region       \_SB_.PCI0.PB7_.XPEX
[    0.102379] Initializing Region       \_SB_.PCI0.PB7_.PCFG
[    0.102399] Initializing Region       \_SB_.PCI0.PB7_.XPCB
[    0.102419] Initializing Region       \_SB_.PCI0.PB7_.XPRI
[    0.102443] Initializing Region       \_SB_.PCI0.PB7_.XPDV.PCFG
[    0.102731] Initializing Region       \_SB_.PCI0.SATC
[    0.102751] Initializing Region       \_SB_.PCI0.RMEM
[    0.102850] Initializing Region       \_SB_.PCI0.SATA.SATX
[    0.102874] Initializing Region       \_SB_.PCI0.SATA.BAR5
[    0.107247] Initializing Region       \_SB_.PCI0.SMB_.SBRV
[    0.107283] Initializing Region       \_SB_.PCI0.SMB_.PMIO
[    0.107304] Initializing Region       \_SB_.PCI0.SMB_.ERMM
[    0.107499] Initializing Region       \_SB_.PCI0.SMB_.P1E0
[    0.107578] Initializing Region       \_SB_.PCI0.SMB_.ABIO
[    0.107599] Initializing Region       \_SB_.PCI0.SMB_.SMB0
[    0.107622] Initializing Region       \_SB_.PCI0.LPC0.PIRQ
[    0.107694] Initializing Region       \_SB_.PCI0.LPC0.LPCR
[    0.107790] Initializing Region       \_SB_.PCI0.LPC0.LPCS
[    0.107820] Initializing Region       \_SB_.PCI0.LPC0.SMI0
[    0.107839] Initializing Region       \_SB_.PCI0.LPC0.SMI1
[    0.107865] Initializing Region       \_SB_.PCI0.LPC0.EC0_.ECO1
[    0.107884] Initializing Region       \_SB_.PCI0.LPC0.EC0_.ECO2
[    0.107903] Initializing Region       \_SB_.PCI0.LPC0.EC0_.ECMB
[    0.107921] Initializing Region       \_SB_.PCI0.LPC0.EC0_.RAM_
[    0.108055] Initializing Region       \_SB_.PCI0.LPC0.EC0_.CMOS
[    0.108100] Initializing Region       \_SB_.PCI0.LPC0.EC0_.VPC0.ERAM
[    0.108175] Initializing Region       \_SB_.PCI0.SPB0.PCFG
[    0.108195] Initializing Region       \_SB_.PCI0.SPB0.XPCB
[    0.108218] Initializing Region       \_SB_.PCI0.SPB0.XPDV.PCFG
[    0.108252] Initializing Region       \_SB_.PCI0.SPB1.PCFG
[    0.108271] Initializing Region       \_SB_.PCI0.SPB1.XPCB
[    0.108294] Initializing Region       \_SB_.PCI0.SPB1.XPDV.PCFG
[    0.108326] Initializing Region       \_SB_.PCI0.SPB2.PCFG
[    0.108346] Initializing Region       \_SB_.PCI0.SPB2.XPCB
[    0.108370] Initializing Region       \_SB_.PCI0.SPB2.XPDV.PCFG
[    0.108402] Initializing Region       \_SB_.PCI0.SPB3.PCFG
[    0.108422] Initializing Region       \_SB_.PCI0.SPB3.XPCB
[    0.108445] Initializing Region       \_SB_.PCI0.SPB3.XPDV.PCFG
[    0.108631] Initializing Region       \_SB_.PCI0.VGA_.REVD
[    0.108860] Initializing BufferField  \_SB_.AMW0.WLID
[    0.109327] Initializing Region       \DEB2
[    0.109347] Initializing Region       \PMIO
[    0.109367] Initializing Region       \P01_
[    0.109413] Initializing Region       \CNVS
[    0.109446] Initializing Region       \SPRT
[    0.109481] Initializing Region       \CMIO
[    0.109650] Executing  Method       \_SB_._STA
[    0.109659] Executing  Method       \_SB_._INI
[    0.109667] Executing  Method       \_SB_.PCI0._STA
[    0.109675] Executing  Method       \_SB_.PCI0._INI
[    0.109944] [Firmware Bug]: ACPI: BIOS _OSI(Linux) query ignored
[    0.110194] Executing  Method       \_SB_.PCI0.SATA._STA
[    0.110204] Executing  Method       \_SB_.PCI0.SATA._INI
[    0.111321] Executing  Method       \_SB_.PCI0.LPC0.EC0_._REG
[    0.135115] ACPI: Interpreter enabled
[    0.135139] ACPI: (supports S0 S5)
[    0.135144] ACPI: Using IOAPIC for interrupt routing
[    0.136331] PCI: MMCONFIG for domain 0000 [bus 00-3f] at [mem 0xf8000000-0xfbffffff] (base 0xf8000000)
[    0.137100] PCI: MMCONFIG at [mem 0xf8000000-0xfbffffff] reserved in ACPI motherboard resources
[    0.141822] bus: 'acpi': registered
[    0.141833] PCI: Using host bridge windows from ACPI; if necessary, use "pci=nocrs" and report a bug
[    0.141855]      scan-1133 get_device_data       : No context for object [ffffffffffffffff]
[    0.141870]     utils-0051 util_eval_error       : Evaluate [\._STA]: AE_NOT_FOUND
[    0.141895] device: 'LNXSYSTM:00': device_add
[    0.141906] bus: 'acpi': add device LNXSYSTM:00
[    0.141934]     utils-0051 util_eval_error       : Evaluate [\._SUN]: AE_NOT_FOUND
[    0.142061]      scan-1916 add_single_object     : Added LNXSYSTM:00 [\] parent (null)
[    0.142061]      scan-1133 get_device_data       : No context for object [ffff88040d81e000]
[    0.142061]      scan-1133 get_device_data       : No context for object [ffff88040d8387d0]
[    0.142061]      scan-1133 get_device_data       : No context for object [ffff88040d8387f8]
[    0.142061]      scan-1133 get_device_data       : No context for object [ffff88040d838820]
[    0.142061]      scan-1133 get_device_data       : No context for object [ffff88040d838848]
[    0.142061]      scan-1133 get_device_data       : No context for object [ffff88040d838870]
[    0.142061]      scan-1133 get_device_data       : No context for object [ffff88040d838898]
[    0.142061]      scan-1133 get_device_data       : No context for object [ffff88040d8388c0]
[    0.142061]      scan-1133 get_device_data       : No context for object [ffff88040d8388e8]
[    0.142061]      scan-1133 get_device_data       : No context for object [ffff88040d83a398]
[    0.142064]      scan-1133 get_device_data       : No context for object [ffff88040d81e028]
[    0.142072]      scan-1133 get_device_data       : No context for object [ffff88040d81e168]
[    0.142083]     utils-0051 util_eval_error       : Evaluate [\_PR_.C000._STA]: AE_NOT_FOUND
[    0.142093]      scan-1133 get_device_data       : No context for object [ffff88040d81e028]
[    0.142111] device: 'LNXCPU:00': device_add
[    0.142119] bus: 'acpi': add device LNXCPU:00
[    0.142143]     utils-0051 util_eval_error       : Evaluate [\_PR_.C000._SUN]: AE_NOT_FOUND
[    0.142162]      scan-1916 add_single_object     : Added LNXCPU:00 [\_PR_.C000] parent LNXSYSTM:00
[    0.142175]      scan-1133 get_device_data       : No context for object [ffff88040d83d398]
[    0.142185]      scan-1133 get_device_data       : No context for object [ffff88040d83d3c0]
[    0.142193]      scan-1133 get_device_data       : No context for object [ffff88040d83d3e8]
[    0.142203]      scan-1133 get_device_data       : No context for object [ffff88040d83d410]
[    0.142212]      scan-1133 get_device_data       : No context for object [ffff88040d83d438]
[    0.142220]      scan-1133 get_device_data       : No context for object [ffff88040d83d460]
[    0.142229]      scan-1133 get_device_data       : No context for object [ffff88040d81e190]
[    0.142239]     utils-0051 util_eval_error       : Evaluate [\_PR_.C001._STA]: AE_NOT_FOUND
[    0.142249]      scan-1133 get_device_data       : No context for object [ffff88040d81e028]
[    0.142267] device: 'LNXCPU:01': device_add
[    0.142274] bus: 'acpi': add device LNXCPU:01
[    0.142294]     utils-0051 util_eval_error       : Evaluate [\_PR_.C001._SUN]: AE_NOT_FOUND
[    0.142311]      scan-1916 add_single_object     : Added LNXCPU:01 [\_PR_.C001] parent LNXSYSTM:00
[    0.142324]      scan-1133 get_device_data       : No context for object [ffff88040d83d488]
[    0.142333]      scan-1133 get_device_data       : No context for object [ffff88040d83d4b0]
[    0.142342]      scan-1133 get_device_data       : No context for object [ffff88040d83d4d8]
[    0.142352]      scan-1133 get_device_data       : No context for object [ffff88040d83d500]
[    0.142361]      scan-1133 get_device_data       : No context for object [ffff88040d83d528]
[    0.142369]      scan-1133 get_device_data       : No context for object [ffff88040d83d550]
[    0.142379]      scan-1133 get_device_data       : No context for object [ffff88040d81e1b8]
[    0.142389]     utils-0051 util_eval_error       : Evaluate [\_PR_.C002._STA]: AE_NOT_FOUND
[    0.142399]      scan-1133 get_device_data       : No context for object [ffff88040d81e028]
[    0.142416] device: 'LNXCPU:02': device_add
[    0.142424] bus: 'acpi': add device LNXCPU:02
[    0.142443]     utils-0051 util_eval_error       : Evaluate [\_PR_.C002._SUN]: AE_NOT_FOUND
[    0.142461]      scan-1916 add_single_object     : Added LNXCPU:02 [\_PR_.C002] parent LNXSYSTM:00
[    0.142473]      scan-1133 get_device_data       : No context for object [ffff88040d83d578]
[    0.142483]      scan-1133 get_device_data       : No context for object [ffff88040d83d5a0]
[    0.142492]      scan-1133 get_device_data       : No context for object [ffff88040d83d5c8]
[    0.142501]      scan-1133 get_device_data       : No context for object [ffff88040d83d5f0]
[    0.142510]      scan-1133 get_device_data       : No context for object [ffff88040d83d618]
[    0.142519]      scan-1133 get_device_data       : No context for object [ffff88040d83d640]
[    0.142528]      scan-1133 get_device_data       : No context for object [ffff88040d81e1e0]
[    0.142537]     utils-0051 util_eval_error       : Evaluate [\_PR_.C003._STA]: AE_NOT_FOUND
[    0.142548]      scan-1133 get_device_data       : No context for object [ffff88040d81e028]
[    0.142564] device: 'LNXCPU:03': device_add
[    0.142572] bus: 'acpi': add device LNXCPU:03
[    0.142594]     utils-0051 util_eval_error       : Evaluate [\_PR_.C003._SUN]: AE_NOT_FOUND
[    0.142612]      scan-1916 add_single_object     : Added LNXCPU:03 [\_PR_.C003] parent LNXSYSTM:00
[    0.142625]      scan-1133 get_device_data       : No context for object [ffff88040d83d668]
[    0.142634]      scan-1133 get_device_data       : No context for object [ffff88040d83d690]
[    0.142643]      scan-1133 get_device_data       : No context for object [ffff88040d83d6b8]
[    0.142652]      scan-1133 get_device_data       : No context for object [ffff88040d83d6e0]
[    0.142661]      scan-1133 get_device_data       : No context for object [ffff88040d83d708]
[    0.142670]      scan-1133 get_device_data       : No context for object [ffff88040d83d730]
[    0.142679]      scan-1133 get_device_data       : No context for object [ffff88040d81e050]
[    0.142689]     utils-0051 util_eval_error       : Evaluate [\_SB_._STA]: AE_NOT_FOUND
[    0.142737] device: 'LNXSYBUS:00': device_add
[    0.142744] bus: 'acpi': add device LNXSYBUS:00
[    0.142765]     utils-0051 util_eval_error       : Evaluate [\_SB_._SUN]: AE_NOT_FOUND
[    0.142783]      scan-1916 add_single_object     : Added LNXSYBUS:00 [\_SB_] parent LNXSYSTM:00
[    0.142798]      scan-1133 get_device_data       : No context for object [ffff88040d81e3c0]
[    0.142808]      scan-1133 get_device_data       : No context for object [ffff88040d81e3e8]
[    0.142817]      scan-1133 get_device_data       : No context for object [ffff88040d81e410]
[    0.142827]      scan-1133 get_device_data       : No context for object [ffff88040d81e438]
[    0.142836]      scan-1133 get_device_data       : No context for object [ffff88040d81e460]
[    0.142845]      scan-1133 get_device_data       : No context for object [ffff88040d81e488]
[    0.142854]      scan-1133 get_device_data       : No context for object [ffff88040d81e4b0]
[    0.142863]      scan-1133 get_device_data       : No context for object [ffff88040d81e5a0]
[    0.142874]     utils-0051 util_eval_error       : Evaluate [\_SB_.PWRB._STA]: AE_NOT_FOUND
[    0.142913] device: 'PNP0C0C:00': device_add
[    0.142920] bus: 'acpi': add device PNP0C0C:00
[    0.142939]     utils-0051 util_eval_error       : Evaluate [\_SB_.PWRB._SUN]: AE_NOT_FOUND
[    0.143016]      scan-1916 add_single_object     : Added PNP0C0C:00 [\_SB_.PWRB] parent LNXSYBUS:00
[    0.143016]      scan-1133 get_device_data       : No context for object [ffff88040d81e5c8]
[    0.143016]      scan-1133 get_device_data       : No context for object [ffff88040d81e5f0]
[    0.143016]     utils-0051 util_eval_error       : Evaluate [\_SB_.PCI0._STA]: AE_NOT_FOUND
[    0.143049] device: 'PNP0A08:00': device_add
[    0.143060] bus: 'acpi': add device PNP0A08:00
[    0.143083]     utils-0051 util_eval_error       : Evaluate [\_SB_.PCI0._SUN]: AE_NOT_FOUND
[    0.143102]      scan-1916 add_single_object     : Added PNP0A08:00 [\_SB_.PCI0] parent LNXSYBUS:00
[    0.143117]      scan-1133 get_device_data       : No context for object [ffff88040d81e618]
[    0.143127]      scan-1133 get_device_data       : No context for object [ffff88040d81e640]
[    0.143136]      scan-1133 get_device_data       : No context for object [ffff88040d81e668]
[    0.143144]      scan-1133 get_device_data       : No context for object [ffff88040d81e690]
[    0.143153]      scan-1133 get_device_data       : No context for object [ffff88040d81e6b8]
[    0.143162]      scan-1133 get_device_data       : No context for object [ffff88040d81e6e0]
[    0.143171]      scan-1133 get_device_data       : No context for object [ffff88040d81e708]
[    0.143180]      scan-1133 get_device_data       : No context for object [ffff88040d81e730]
[    0.143188]      scan-1133 get_device_data       : No context for object [ffff88040d81e758]
[    0.143197]      scan-1133 get_device_data       : No context for object [ffff88040d81e780]
[    0.143206]      scan-1133 get_device_data       : No context for object [ffff88040d81e7a8]
[    0.143215]      scan-1133 get_device_data       : No context for object [ffff88040d81e7d0]
[    0.143224]      scan-1133 get_device_data       : No context for object [ffff88040d81e7f8]
[    0.143233]      scan-1133 get_device_data       : No context for object [ffff88040d81e820]
[    0.143241]      scan-1133 get_device_data       : No context for object [ffff88040d81e848]
[    0.143250]      scan-1133 get_device_data       : No context for object [ffff88040d81e870]
[    0.143259]      scan-1133 get_device_data       : No context for object [ffff88040d81e898]
[    0.143268]      scan-1133 get_device_data       : No context for object [ffff88040d81e8c0]
[    0.143277]      scan-1133 get_device_data       : No context for object [ffff88040d81e8e8]
[    0.143285]      scan-1133 get_device_data       : No context for object [ffff88040d81e910]
[    0.143294]      scan-1133 get_device_data       : No context for object [ffff88040d81e938]
[    0.143303]      scan-1133 get_device_data       : No context for object [ffff88040d81e960]
[    0.143312]      scan-1133 get_device_data       : No context for object [ffff88040d81e988]
[    0.143321]      scan-1133 get_device_data       : No context for object [ffff88040d81e9b0]
[    0.143329]      scan-1133 get_device_data       : No context for object [ffff88040d81e9d8]
[    0.143338]      scan-1133 get_device_data       : No context for object [ffff88040d81ea00]
[    0.143347]      scan-1133 get_device_data       : No context for object [ffff88040d81ea28]
[    0.143356]      scan-1133 get_device_data       : No context for object [ffff88040d81ea50]
[    0.143365]      scan-1133 get_device_data       : No context for object [ffff88040d81ea78]
[    0.143373]      scan-1133 get_device_data       : No context for object [ffff88040d81eaa0]
[    0.143382]      scan-1133 get_device_data       : No context for object [ffff88040d81eac8]
[    0.143391]      scan-1133 get_device_data       : No context for object [ffff88040d81eaf0]
[    0.143400]      scan-1133 get_device_data       : No context for object [ffff88040d81eb18]
[    0.143408]      scan-1133 get_device_data       : No context for object [ffff88040d81eb40]
[    0.143417]      scan-1133 get_device_data       : No context for object [ffff88040d81eb68]
[    0.143426]      scan-1133 get_device_data       : No context for object [ffff88040d81eb90]
[    0.143435]      scan-1133 get_device_data       : No context for object [ffff88040d81ebb8]
[    0.143444]      scan-1133 get_device_data       : No context for object [ffff88040d81ebe0]
[    0.143452]      scan-1133 get_device_data       : No context for object [ffff88040d81ec08]
[    0.143461]      scan-1133 get_device_data       : No context for object [ffff88040d81ec30]
[    0.143470]      scan-1133 get_device_data       : No context for object [ffff88040d81ec58]
[    0.143479]      scan-1133 get_device_data       : No context for object [ffff88040d81ec80]
[    0.143488]      scan-1133 get_device_data       : No context for object [ffff88040d81eca8]
[    0.143496]      scan-1133 get_device_data       : No context for object [ffff88040d81ecd0]
[    0.143505]      scan-1133 get_device_data       : No context for object [ffff88040d81ecf8]
[    0.143514]      scan-1133 get_device_data       : No context for object [ffff88040d81ed20]
[    0.143523]      scan-1133 get_device_data       : No context for object [ffff88040d81ed48]
[    0.143532]      scan-1133 get_device_data       : No context for object [ffff88040d81ed70]
[    0.143541]      scan-1133 get_device_data       : No context for object [ffff88040d81ed98]
[    0.143549]      scan-1133 get_device_data       : No context for object [ffff88040d81edc0]
[    0.143558]      scan-1133 get_device_data       : No context for object [ffff88040d81ede8]
[    0.143567]      scan-1133 get_device_data       : No context for object [ffff88040d81ee10]
[    0.143576]      scan-1133 get_device_data       : No context for object [ffff88040d81ee38]
[    0.143585]      scan-1133 get_device_data       : No context for object [ffff88040d81ee60]
[    0.143593]      scan-1133 get_device_data       : No context for object [ffff88040d81ee88]
[    0.143602]      scan-1133 get_device_data       : No context for object [ffff88040d81eeb0]
[    0.143611]      scan-1133 get_device_data       : No context for object [ffff88040d81eed8]
[    0.143620]      scan-1133 get_device_data       : No context for object [ffff88040d81ef00]
[    0.143629]      scan-1133 get_device_data       : No context for object [ffff88040d81ef28]
[    0.143637]      scan-1133 get_device_data       : No context for object [ffff88040d81ef50]
[    0.143646]      scan-1133 get_device_data       : No context for object [ffff88040d81ef78]
[    0.143655]      scan-1133 get_device_data       : No context for object [ffff88040d81efa0]
[    0.143664]      scan-1133 get_device_data       : No context for object [ffff88040d81efc8]
[    0.143672]      scan-1133 get_device_data       : No context for object [ffff88040d823000]
[    0.143681]      scan-1133 get_device_data       : No context for object [ffff88040d823028]
[    0.143691]     utils-0051 util_eval_error       : Evaluate [\_SB_.PCI0.MEMR._STA]: AE_NOT_FOUND
[    0.143729] device: 'PNP0C02:00': device_add
[    0.143737] bus: 'acpi': add device PNP0C02:00
[    0.143756]     utils-0051 util_eval_error       : Evaluate [\_SB_.PCI0.MEMR._SUN]: AE_NOT_FOUND
[    0.143775]      scan-1916 add_single_object     : Added PNP0C02:00 [\_SB_.PCI0.MEMR] parent PNP0A08:00
[    0.143789]      scan-1133 get_device_data       : No context for object [ffff88040d823050]
[    0.143799]      scan-1133 get_device_data       : No context for object [ffff88040d823078]
[    0.143808]      scan-1133 get_device_data       : No context for object [ffff88040d8230a0]
[    0.143818]      scan-1133 get_device_data       : No context for object [ffff88040d8230c8]
[    0.143827]      scan-1133 get_device_data       : No context for object [ffff88040d8230f0]
[    0.143836]      scan-1133 get_device_data       : No context for object [ffff88040d823118]
[    0.143846]      scan-1133 get_device_data       : No context for object [ffff88040d823140]
[    0.143855]      scan-1133 get_device_data       : No context for object [ffff88040d823168]
[    0.143864]      scan-1133 get_device_data       : No context for object [ffff88040d823190]
[    0.143873]      scan-1133 get_device_data       : No context for object [ffff88040d8231b8]
[    0.143883]      scan-1133 get_device_data       : No context for object [ffff88040d8231e0]
[    0.143892]      scan-1133 get_device_data       : No context for object [ffff88040d823208]
[    0.143901]      scan-1133 get_device_data       : No context for object [ffff88040d823230]
[    0.143910]      scan-1133 get_device_data       : No context for object [ffff88040d823258]
[    0.143919]      scan-1133 get_device_data       : No context for object [ffff88040d823280]
[    0.143929]      scan-1133 get_device_data       : No context for object [ffff88040d8232a8]
[    0.143939]     utils-0051 util_eval_error       : Evaluate [\_SB_.PCI0.PB2_._STA]: AE_NOT_FOUND
[    0.144011] device: 'device:00': device_add
[    0.144019] bus: 'acpi': add device device:00
[    0.144043]     utils-0051 util_eval_error       : Evaluate [\_SB_.PCI0.PB2_._SUN]: AE_NOT_FOUND
[    0.144063]      scan-1916 add_single_object     : Added device:00 [\_SB_.PCI0.PB2_] parent PNP0A08:00
[    0.144077]      scan-1133 get_device_data       : No context for object [ffff88040d8232d0]
[    0.144086]      scan-1133 get_device_data       : No context for object [ffff88040d8232f8]
[    0.144095]      scan-1133 get_device_data       : No context for object [ffff88040d823320]
[    0.144104]      scan-1133 get_device_data       : No context for object [ffff88040d823348]
[    0.144113]      scan-1133 get_device_data       : No context for object [ffff88040d823370]
[    0.144122]      scan-1133 get_device_data       : No context for object [ffff88040d823398]
[    0.144131]      scan-1133 get_device_data       : No context for object [ffff88040d8233c0]
[    0.144140]      scan-1133 get_device_data       : No context for object [ffff88040d8233e8]
[    0.144149]      scan-1133 get_device_data       : No context for object [ffff88040d823410]
[    0.144158]      scan-1133 get_device_data       : No context for object [ffff88040d823438]
[    0.144167]      scan-1133 get_device_data       : No context for object [ffff88040d823460]
[    0.144175]      scan-1133 get_device_data       : No context for object [ffff88040d823488]
[    0.144184]      scan-1133 get_device_data       : No context for object [ffff88040d8234b0]
[    0.144193]      scan-1133 get_device_data       : No context for object [ffff88040d8234d8]
[    0.144202]      scan-1133 get_device_data       : No context for object [ffff88040d823500]
[    0.144211]      scan-1133 get_device_data       : No context for object [ffff88040d823528]
[    0.144220]      scan-1133 get_device_data       : No context for object [ffff88040d823550]
[    0.144229]      scan-1133 get_device_data       : No context for object [ffff88040d823578]
[    0.144237]      scan-1133 get_device_data       : No context for object [ffff88040d8235a0]
[    0.144246]      scan-1133 get_device_data       : No context for object [ffff88040d8235c8]
[    0.144255]      scan-1133 get_device_data       : No context for object [ffff88040d8235f0]
[    0.144264]      scan-1133 get_device_data       : No context for object [ffff88040d823618]
[    0.144273]      scan-1133 get_device_data       : No context for object [ffff88040d823640]
[    0.144282]      scan-1133 get_device_data       : No context for object [ffff88040d823668]
[    0.144290]      scan-1133 get_device_data       : No context for object [ffff88040d823690]
[    0.144299]      scan-1133 get_device_data       : No context for object [ffff88040d8236b8]
[    0.144308]      scan-1133 get_device_data       : No context for object [ffff88040d8236e0]
[    0.144317]      scan-1133 get_device_data       : No context for object [ffff88040d823708]
[    0.144325]      scan-1133 get_device_data       : No context for object [ffff88040d823730]
[    0.144334]      scan-1133 get_device_data       : No context for object [ffff88040d823758]
[    0.144343]      scan-1133 get_device_data       : No context for object [ffff88040d823780]
[    0.144353]     utils-0051 util_eval_error       : Evaluate [\_SB_.PCI0.PB2_.VGA_._STA]: AE_NOT_FOUND
[    0.144396] device: 'device:01': device_add
[    0.144404] bus: 'acpi': add device device:01
[    0.144422]     utils-0051 util_eval_error       : Evaluate [\_SB_.PCI0.PB2_.VGA_._SUN]: AE_NOT_FOUND
[    0.144442]      scan-1916 add_single_object     : Added device:01 [\_SB_.PCI0.PB2_.VGA_] parent device:00
[    0.144456]      scan-1133 get_device_data       : No context for object [ffff88040d8237a8]
[    0.144466]      scan-1133 get_device_data       : No context for object [ffff88040d8237d0]
[    0.144475]      scan-1133 get_device_data       : No context for object [ffff88040d8237f8]
[    0.144484]      scan-1133 get_device_data       : No context for object [ffff88040d823820]
[    0.144494]      scan-1133 get_device_data       : No context for object [ffff88040d823848]
[    0.144503]      scan-1133 get_device_data       : No context for object [ffff88040d823870]
[    0.144512]      scan-1133 get_device_data       : No context for object [ffff88040d823898]
[    0.144522]      scan-1133 get_device_data       : No context for object [ffff88040d8238c0]
[    0.144531]      scan-1133 get_device_data       : No context for object [ffff88040d8238e8]
[    0.144540]      scan-1133 get_device_data       : No context for object [ffff88040d823910]
[    0.144549]      scan-1133 get_device_data       : No context for object [ffff88040d823938]
[    0.144559]      scan-1133 get_device_data       : No context for object [ffff88040d823960]
[    0.144568]      scan-1133 get_device_data       : No context for object [ffff88040d823988]
[    0.144577]      scan-1133 get_device_data       : No context for object [ffff88040d8239b0]
[    0.144586]      scan-1133 get_device_data       : No context for object [ffff88040d8239d8]
[    0.144596]      scan-1133 get_device_data       : No context for object [ffff88040d823a00]
[    0.144605]      scan-1133 get_device_data       : No context for object [ffff88040d823a28]
[    0.144614]      scan-1133 get_device_data       : No context for object [ffff88040d823a50]
[    0.144623]      scan-1133 get_device_data       : No context for object [ffff88040d823a78]
[    0.144633]      scan-1133 get_device_data       : No context for object [ffff88040d823aa0]
[    0.144642]      scan-1133 get_device_data       : No context for object [ffff88040d823ac8]
[    0.144651]      scan-1133 get_device_data       : No context for object [ffff88040d823af0]
[    0.144661]      scan-1133 get_device_data       : No context for object [ffff88040d823b18]
[    0.144670]      scan-1133 get_device_data       : No context for object [ffff88040d823b40]
[    0.144679]      scan-1133 get_device_data       : No context for object [ffff88040d823b68]
[    0.144688]      scan-1133 get_device_data       : No context for object [ffff88040d823b90]
[    0.144698]      scan-1133 get_device_data       : No context for object [ffff88040d823bb8]
[    0.144707]      scan-1133 get_device_data       : No context for object [ffff88040d823be0]
[    0.144716]      scan-1133 get_device_data       : No context for object [ffff88040d823c08]
[    0.144726]      scan-1133 get_device_data       : No context for object [ffff88040d823c30]
[    0.144735]      scan-1133 get_device_data       : No context for object [ffff88040d823c58]
[    0.144744]      scan-1133 get_device_data       : No context for object [ffff88040d823c80]
[    0.144753]      scan-1133 get_device_data       : No context for object [ffff88040d823ca8]
[    0.144763]      scan-1133 get_device_data       : No context for object [ffff88040d823cd0]
[    0.144772]      scan-1133 get_device_data       : No context for object [ffff88040d823cf8]
[    0.144781]      scan-1133 get_device_data       : No context for object [ffff88040d823d20]
[    0.144791]      scan-1133 get_device_data       : No context for object [ffff88040d823d48]
[    0.144800]      scan-1133 get_device_data       : No context for object [ffff88040d823d70]
[    0.144809]      scan-1133 get_device_data       : No context for object [ffff88040d823d98]
[    0.144819]      scan-1133 get_device_data       : No context for object [ffff88040d838438]
[    0.144828]      scan-1133 get_device_data       : No context for object [ffff88040d823dc0]
[    0.144839]     utils-0051 util_eval_error       : Evaluate [\_SB_.PCI0.PB2_.HDAU._STA]: AE_NOT_FOUND
[    0.144878] device: 'device:02': device_add
[    0.144886] bus: 'acpi': add device device:02
[    0.144904]     utils-0051 util_eval_error       : Evaluate [\_SB_.PCI0.PB2_.HDAU._SUN]: AE_NOT_FOUND
[    0.144923]      scan-1916 add_single_object     : Added device:02 [\_SB_.PCI0.PB2_.HDAU] parent device:00
[    0.144937]      scan-1133 get_device_data       : No context for object [ffff88040d823de8]
[    0.144946]      scan-1133 get_device_data       : No context for object [ffff88040d823e10]
[    0.144956]      scan-1133 get_device_data       : No context for object [ffff88040d823e38]
[    0.145008]      scan-1133 get_device_data       : No context for object [ffff88040d823e60]
[    0.145018]      scan-1133 get_device_data       : No context for object [ffff88040d823e88]
[    0.145027]      scan-1133 get_device_data       : No context for object [ffff88040d823eb0]
[    0.145037]      scan-1133 get_device_data       : No context for object [ffff88040d823ed8]
[    0.145048]     utils-0051 util_eval_error       : Evaluate [\_SB_.PCI0.PB3_._STA]: AE_NOT_FOUND
[    0.145149] device: 'device:03': device_add
[    0.145158] bus: 'acpi': add device device:03
[    0.145181]     utils-0051 util_eval_error       : Evaluate [\_SB_.PCI0.PB3_._SUN]: AE_NOT_FOUND
[    0.145201]      scan-1916 add_single_object     : Added device:03 [\_SB_.PCI0.PB3_] parent PNP0A08:00
[    0.145214]      scan-1133 get_device_data       : No context for object [ffff88040d823f00]
[    0.145224]      scan-1133 get_device_data       : No context for object [ffff88040d823f28]
[    0.145233]      scan-1133 get_device_data       : No context for object [ffff88040d823f50]
[    0.145243]      scan-1133 get_device_data       : No context for object [ffff88040d823f78]
[    0.145252]      scan-1133 get_device_data       : No context for object [ffff88040d823fa0]
[    0.145262]      scan-1133 get_device_data       : No context for object [ffff88040d823fc8]
[    0.145271]      scan-1133 get_device_data       : No context for object [ffff88040d824000]
[    0.145280]      scan-1133 get_device_data       : No context for object [ffff88040d824028]
[    0.145289]      scan-1133 get_device_data       : No context for object [ffff88040d824050]
[    0.145299]      scan-1133 get_device_data       : No context for object [ffff88040d824078]
[    0.145308]      scan-1133 get_device_data       : No context for object [ffff88040d8240a0]
[    0.145317]      scan-1133 get_device_data       : No context for object [ffff88040d8240c8]
[    0.145326]      scan-1133 get_device_data       : No context for object [ffff88040d8240f0]
[    0.145336]      scan-1133 get_device_data       : No context for object [ffff88040d824118]
[    0.145345]      scan-1133 get_device_data       : No context for object [ffff88040d824140]
[    0.145354]      scan-1133 get_device_data       : No context for object [ffff88040d824168]
[    0.145363]      scan-1133 get_device_data       : No context for object [ffff88040d824190]
[    0.145372]      scan-1133 get_device_data       : No context for object [ffff88040d8241b8]
[    0.145382]      scan-1133 get_device_data       : No context for object [ffff88040d8241e0]
[    0.145391]      scan-1133 get_device_data       : No context for object [ffff88040d824208]
[    0.145400]      scan-1133 get_device_data       : No context for object [ffff88040d824230]
[    0.145409]      scan-1133 get_device_data       : No context for object [ffff88040d824258]
[    0.145419]      scan-1133 get_device_data       : No context for object [ffff88040d824280]
[    0.145428]      scan-1133 get_device_data       : No context for object [ffff88040d8242a8]
[    0.145437]      scan-1133 get_device_data       : No context for object [ffff88040d8242d0]
[    0.145446]      scan-1133 get_device_data       : No context for object [ffff88040d8242f8]
[    0.145455]      scan-1133 get_device_data       : No context for object [ffff88040d824320]
[    0.145465]      scan-1133 get_device_data       : No context for object [ffff88040d824348]
[    0.145474]      scan-1133 get_device_data       : No context for object [ffff88040d824370]
[    0.145483]      scan-1133 get_device_data       : No context for object [ffff88040d824398]
[    0.145492]      scan-1133 get_device_data       : No context for object [ffff88040d8243c0]
[    0.145503]     utils-0051 util_eval_error       : Evaluate [\_SB_.PCI0.PB3_.VGA_._STA]: AE_NOT_FOUND
[    0.145546] device: 'device:04': device_add
[    0.145554] bus: 'acpi': add device device:04
[    0.145573]     utils-0051 util_eval_error       : Evaluate [\_SB_.PCI0.PB3_.VGA_._SUN]: AE_NOT_FOUND
[    0.145592]      scan-1916 add_single_object     : Added device:04 [\_SB_.PCI0.PB3_.VGA_] parent device:03
[    0.145606]      scan-1133 get_device_data       : No context for object [ffff88040d8243e8]
[    0.145616]      scan-1133 get_device_data       : No context for object [ffff88040d824410]
[    0.145625]      scan-1133 get_device_data       : No context for object [ffff88040d824438]
[    0.145634]      scan-1133 get_device_data       : No context for object [ffff88040d824460]
[    0.145644]      scan-1133 get_device_data       : No context for object [ffff88040d824488]
[    0.145653]      scan-1133 get_device_data       : No context for object [ffff88040d8244b0]
[    0.145662]      scan-1133 get_device_data       : No context for object [ffff88040d8244d8]
[    0.145671]      scan-1133 get_device_data       : No context for object [ffff88040d824500]
[    0.145681]      scan-1133 get_device_data       : No context for object [ffff88040d824528]
[    0.145690]      scan-1133 get_device_data       : No context for object [ffff88040d824550]
[    0.145699]      scan-1133 get_device_data       : No context for object [ffff88040d824578]
[    0.145708]      scan-1133 get_device_data       : No context for object [ffff88040d8245a0]
[    0.145717]      scan-1133 get_device_data       : No context for object [ffff88040d8245c8]
[    0.145727]      scan-1133 get_device_data       : No context for object [ffff88040d8245f0]
[    0.145736]      scan-1133 get_device_data       : No context for object [ffff88040d824618]
[    0.145745]      scan-1133 get_device_data       : No context for object [ffff88040d824640]
[    0.145754]      scan-1133 get_device_data       : No context for object [ffff88040d824668]
[    0.145764]      scan-1133 get_device_data       : No context for object [ffff88040d824690]
[    0.145773]      scan-1133 get_device_data       : No context for object [ffff88040d8246b8]
[    0.145782]      scan-1133 get_device_data       : No context for object [ffff88040d8246e0]
[    0.145791]      scan-1133 get_device_data       : No context for object [ffff88040d824708]
[    0.145800]      scan-1133 get_device_data       : No context for object [ffff88040d824730]
[    0.145810]      scan-1133 get_device_data       : No context for object [ffff88040d824758]
[    0.145819]      scan-1133 get_device_data       : No context for object [ffff88040d824780]
[    0.145828]      scan-1133 get_device_data       : No context for object [ffff88040d8247a8]
[    0.145837]      scan-1133 get_device_data       : No context for object [ffff88040d8247d0]
[    0.145847]      scan-1133 get_device_data       : No context for object [ffff88040d8247f8]
[    0.145856]      scan-1133 get_device_data       : No context for object [ffff88040d824820]
[    0.145865]      scan-1133 get_device_data       : No context for object [ffff88040d824848]
[    0.145874]      scan-1133 get_device_data       : No context for object [ffff88040d824870]
[    0.145883]      scan-1133 get_device_data       : No context for object [ffff88040d824898]
[    0.145892]      scan-1133 get_device_data       : No context for object [ffff88040d8248c0]
[    0.145902]      scan-1133 get_device_data       : No context for object [ffff88040d8248e8]
[    0.145911]      scan-1133 get_device_data       : No context for object [ffff88040d824910]
[    0.145920]      scan-1133 get_device_data       : No context for object [ffff88040d824938]
[    0.145929]      scan-1133 get_device_data       : No context for object [ffff88040d824960]
[    0.145939]      scan-1133 get_device_data       : No context for object [ffff88040d824988]
[    0.145948]      scan-1133 get_device_data       : No context for object [ffff88040d8249b0]
[    0.145957]      scan-1133 get_device_data       : No context for object [ffff88040d8249d8]
[    0.145966]      scan-1133 get_device_data       : No context for object [ffff88040d838460]
[    0.145976]      scan-1133 get_device_data       : No context for object [ffff88040d83bc08]
[    0.145985]      scan-1133 get_device_data       : No context for object [ffff88040d83bc30]
[    0.145994]      scan-1133 get_device_data       : No context for object [ffff88040d83bc58]
[    0.146009]     utils-0051 util_eval_error       : Evaluate [\_SB_.PCI0.PB3_.VGA_.CRT_._STA]: AE_NOT_FOUND
[    0.146059] device: 'device:05': device_add
[    0.146067] bus: 'acpi': add device device:05
[    0.146087]     utils-0051 util_eval_error       : Evaluate [\_SB_.PCI0.PB3_.VGA_.CRT_._SUN]: AE_NOT_FOUND
[    0.146106]      scan-1916 add_single_object     : Added device:05 [\_SB_.PCI0.PB3_.VGA_.CRT_] parent device:04
[    0.146119]      scan-1133 get_device_data       : No context for object [ffff88040d83bc80]
[    0.146128]      scan-1133 get_device_data       : No context for object [ffff88040d83bca8]
[    0.146137]      scan-1133 get_device_data       : No context for object [ffff88040d83bcd0]
[    0.146146]      scan-1133 get_device_data       : No context for object [ffff88040d83bcf8]
[    0.146155]      scan-1133 get_device_data       : No context for object [ffff88040d83bd20]
[    0.146165]     utils-0051 util_eval_error       : Evaluate [\_SB_.PCI0.PB3_.VGA_.LCD_._STA]: AE_NOT_FOUND
[    0.146217] device: 'device:06': device_add
[    0.146225] bus: 'acpi': add device device:06
[    0.146247]     utils-0051 util_eval_error       : Evaluate [\_SB_.PCI0.PB3_.VGA_.LCD_._SUN]: AE_NOT_FOUND
[    0.146268]      scan-1916 add_single_object     : Added device:06 [\_SB_.PCI0.PB3_.VGA_.LCD_] parent device:04
[    0.146281]      scan-1133 get_device_data       : No context for object [ffff88040d83bd48]
[    0.146290]      scan-1133 get_device_data       : No context for object [ffff88040d83bd70]
[    0.146299]      scan-1133 get_device_data       : No context for object [ffff88040d83bd98]
[    0.146308]      scan-1133 get_device_data       : No context for object [ffff88040d83bdc0]
[    0.146317]      scan-1133 get_device_data       : No context for object [ffff88040d83bde8]
[    0.146326]      scan-1133 get_device_data       : No context for object [ffff88040d83be10]
[    0.146335]      scan-1133 get_device_data       : No context for object [ffff88040d83be38]
[    0.146344]      scan-1133 get_device_data       : No context for object [ffff88040d83be60]
[    0.146354]     utils-0051 util_eval_error       : Evaluate [\_SB_.PCI0.PB3_.VGA_.TV0_._STA]: AE_NOT_FOUND
[    0.146394] device: 'device:07': device_add
[    0.146401] bus: 'acpi': add device device:07
[    0.146420]     utils-0051 util_eval_error       : Evaluate [\_SB_.PCI0.PB3_.VGA_.TV0_._SUN]: AE_NOT_FOUND
[    0.146440]      scan-1916 add_single_object     : Added device:07 [\_SB_.PCI0.PB3_.VGA_.TV0_] parent device:04
[    0.146453]      scan-1133 get_device_data       : No context for object [ffff88040d83be88]
[    0.146462]      scan-1133 get_device_data       : No context for object [ffff88040d83beb0]
[    0.146471]      scan-1133 get_device_data       : No context for object [ffff88040d83bed8]
[    0.146480]      scan-1133 get_device_data       : No context for object [ffff88040d83bf00]
[    0.146489]      scan-1133 get_device_data       : No context for object [ffff88040d83bf28]
[    0.146499]     utils-0051 util_eval_error       : Evaluate [\_SB_.PCI0.PB3_.VGA_.HDMI._STA]: AE_NOT_FOUND
[    0.146546] device: 'device:08': device_add
[    0.146554] bus: 'acpi': add device device:08
[    0.146573]     utils-0051 util_eval_error       : Evaluate [\_SB_.PCI0.PB3_.VGA_.HDMI._SUN]: AE_NOT_FOUND
[    0.146592]      scan-1916 add_single_object     : Added device:08 [\_SB_.PCI0.PB3_.VGA_.HDMI] parent device:04
[    0.146605]      scan-1133 get_device_data       : No context for object [ffff88040d83bf50]
[    0.146613]      scan-1133 get_device_data       : No context for object [ffff88040d83bf78]
[    0.146621]      scan-1133 get_device_data       : No context for object [ffff88040d83bfa0]
[    0.146630]      scan-1133 get_device_data       : No context for object [ffff88040d83bfc8]
[    0.146638]      scan-1133 get_device_data       : No context for object [ffff88040d824a00]
[    0.146647]     utils-0051 util_eval_error       : Evaluate [\_SB_.PCI0.PB3_.HDAU._STA]: AE_NOT_FOUND
[    0.146686] device: 'device:09': device_add
[    0.146693] bus: 'acpi': add device device:09
[    0.146715]     utils-0051 util_eval_error       : Evaluate [\_SB_.PCI0.PB3_.HDAU._SUN]: AE_NOT_FOUND
[    0.146734]      scan-1916 add_single_object     : Added device:09 [\_SB_.PCI0.PB3_.HDAU] parent device:03
[    0.146747]      scan-1133 get_device_data       : No context for object [ffff88040d824a28]
[    0.146756]      scan-1133 get_device_data       : No context for object [ffff88040d824a50]
[    0.146765]      scan-1133 get_device_data       : No context for object [ffff88040d824a78]
[    0.146774]      scan-1133 get_device_data       : No context for object [ffff88040d824aa0]
[    0.146783]      scan-1133 get_device_data       : No context for object [ffff88040d824ac8]
[    0.146792]      scan-1133 get_device_data       : No context for object [ffff88040d824af0]
[    0.146801]      scan-1133 get_device_data       : No context for object [ffff88040d824b18]
[    0.146811]     utils-0051 util_eval_error       : Evaluate [\_SB_.PCI0.PB4_._STA]: AE_NOT_FOUND
[    0.146911] device: 'device:0a': device_add
[    0.146919] bus: 'acpi': add device device:0a
[    0.146938]     utils-0051 util_eval_error       : Evaluate [\_SB_.PCI0.PB4_._SUN]: AE_NOT_FOUND
[    0.147055]      scan-1916 add_single_object     : Added device:0a [\_SB_.PCI0.PB4_] parent PNP0A08:00
[    0.147055]      scan-1133 get_device_data       : No context for object [ffff88040d824b40]
[    0.147055]      scan-1133 get_device_data       : No context for object [ffff88040d824b68]
[    0.147055]      scan-1133 get_device_data       : No context for object [ffff88040d824b90]
[    0.147055]      scan-1133 get_device_data       : No context for object [ffff88040d824bb8]
[    0.147055]      scan-1133 get_device_data       : No context for object [ffff88040d824be0]
[    0.147055]      scan-1133 get_device_data       : No context for object [ffff88040d824c08]
[    0.147055]      scan-1133 get_device_data       : No context for object [ffff88040d824c30]
[    0.147055]      scan-1133 get_device_data       : No context for object [ffff88040d824c58]
[    0.147055]      scan-1133 get_device_data       : No context for object [ffff88040d824c80]
[    0.147055]      scan-1133 get_device_data       : No context for object [ffff88040d824ca8]
[    0.147058]      scan-1133 get_device_data       : No context for object [ffff88040d824cd0]
[    0.147067]      scan-1133 get_device_data       : No context for object [ffff88040d824cf8]
[    0.147075]      scan-1133 get_device_data       : No context for object [ffff88040d824d20]
[    0.147083]      scan-1133 get_device_data       : No context for object [ffff88040d824d48]
[    0.147092]      scan-1133 get_device_data       : No context for object [ffff88040d824d70]
[    0.147100]      scan-1133 get_device_data       : No context for object [ffff88040d824d98]
[    0.147109]      scan-1133 get_device_data       : No context for object [ffff88040d824dc0]
[    0.147117]      scan-1133 get_device_data       : No context for object [ffff88040d824de8]
[    0.147125]      scan-1133 get_device_data       : No context for object [ffff88040d824e10]
[    0.147134]      scan-1133 get_device_data       : No context for object [ffff88040d824e38]
[    0.147142]      scan-1133 get_device_data       : No context for object [ffff88040d824e60]
[    0.147151]      scan-1133 get_device_data       : No context for object [ffff88040d824e88]
[    0.147159]      scan-1133 get_device_data       : No context for object [ffff88040d824eb0]
[    0.147167]      scan-1133 get_device_data       : No context for object [ffff88040d824ed8]
[    0.147176]      scan-1133 get_device_data       : No context for object [ffff88040d824f00]
[    0.147184]      scan-1133 get_device_data       : No context for object [ffff88040d824f28]
[    0.147192]      scan-1133 get_device_data       : No context for object [ffff88040d824f50]
[    0.147201]      scan-1133 get_device_data       : No context for object [ffff88040d824f78]
[    0.147209]      scan-1133 get_device_data       : No context for object [ffff88040d824fa0]
[    0.147218]      scan-1133 get_device_data       : No context for object [ffff88040d824fc8]
[    0.147226]      scan-1133 get_device_data       : No context for object [ffff88040d826000]
[    0.147236]     utils-0051 util_eval_error       : Evaluate [\_SB_.PCI0.PB4_.XPDV._STA]: AE_NOT_FOUND
[    0.147275] device: 'device:0b': device_add
[    0.147282] bus: 'acpi': add device device:0b
[    0.147301]     utils-0051 util_eval_error       : Evaluate [\_SB_.PCI0.PB4_.XPDV._SUN]: AE_NOT_FOUND
[    0.147320]      scan-1916 add_single_object     : Added device:0b [\_SB_.PCI0.PB4_.XPDV] parent device:0a
[    0.147333]      scan-1133 get_device_data       : No context for object [ffff88040d826028]
[    0.147342]      scan-1133 get_device_data       : No context for object [ffff88040d826050]
[    0.147351]      scan-1133 get_device_data       : No context for object [ffff88040d826078]
[    0.147360]      scan-1133 get_device_data       : No context for object [ffff88040d8260a0]
[    0.147369]      scan-1133 get_device_data       : No context for object [ffff88040d8260c8]
[    0.147378]      scan-1133 get_device_data       : No context for object [ffff88040d838500]
[    0.147387]      scan-1133 get_device_data       : No context for object [ffff88040d8260f0]
[    0.147396]      scan-1133 get_device_data       : No context for object [ffff88040d826118]
[    0.147406]     utils-0051 util_eval_error       : Evaluate [\_SB_.PCI0.PB5_._STA]: AE_NOT_FOUND
[    0.147505] device: 'device:0c': device_add
[    0.147513] bus: 'acpi': add device device:0c
[    0.147535]     utils-0051 util_eval_error       : Evaluate [\_SB_.PCI0.PB5_._SUN]: AE_NOT_FOUND
[    0.147554]      scan-1916 add_single_object     : Added device:0c [\_SB_.PCI0.PB5_] parent PNP0A08:00
[    0.147567]      scan-1133 get_device_data       : No context for object [ffff88040d826140]
[    0.147575]      scan-1133 get_device_data       : No context for object [ffff88040d826168]
[    0.147584]      scan-1133 get_device_data       : No context for object [ffff88040d826190]
[    0.147594]      scan-1133 get_device_data       : No context for object [ffff88040d8261b8]
[    0.147602]      scan-1133 get_device_data       : No context for object [ffff88040d8261e0]
[    0.147611]      scan-1133 get_device_data       : No context for object [ffff88040d826208]
[    0.147620]      scan-1133 get_device_data       : No context for object [ffff88040d826230]
[    0.147629]      scan-1133 get_device_data       : No context for object [ffff88040d826258]
[    0.147638]      scan-1133 get_device_data       : No context for object [ffff88040d826280]
[    0.147647]      scan-1133 get_device_data       : No context for object [ffff88040d8262a8]
[    0.147656]      scan-1133 get_device_data       : No context for object [ffff88040d8262d0]
[    0.147665]      scan-1133 get_device_data       : No context for object [ffff88040d8262f8]
[    0.147674]      scan-1133 get_device_data       : No context for object [ffff88040d826320]
[    0.147683]      scan-1133 get_device_data       : No context for object [ffff88040d826348]
[    0.147691]      scan-1133 get_device_data       : No context for object [ffff88040d826370]
[    0.147700]      scan-1133 get_device_data       : No context for object [ffff88040d826398]
[    0.147709]      scan-1133 get_device_data       : No context for object [ffff88040d8263c0]
[    0.147718]      scan-1133 get_device_data       : No context for object [ffff88040d8263e8]
[    0.147727]      scan-1133 get_device_data       : No context for object [ffff88040d826410]
[    0.147736]      scan-1133 get_device_data       : No context for object [ffff88040d826438]
[    0.147745]      scan-1133 get_device_data       : No context for object [ffff88040d826460]
[    0.147754]      scan-1133 get_device_data       : No context for object [ffff88040d826488]
[    0.147763]      scan-1133 get_device_data       : No context for object [ffff88040d8264b0]
[    0.147772]      scan-1133 get_device_data       : No context for object [ffff88040d8264d8]
[    0.147780]      scan-1133 get_device_data       : No context for object [ffff88040d826500]
[    0.147789]      scan-1133 get_device_data       : No context for object [ffff88040d826528]
[    0.147798]      scan-1133 get_device_data       : No context for object [ffff88040d826550]
[    0.147807]      scan-1133 get_device_data       : No context for object [ffff88040d826578]
[    0.147816]      scan-1133 get_device_data       : No context for object [ffff88040d8265a0]
[    0.147825]      scan-1133 get_device_data       : No context for object [ffff88040d8265c8]
[    0.147834]      scan-1133 get_device_data       : No context for object [ffff88040d8265f0]
[    0.147844]     utils-0051 util_eval_error       : Evaluate [\_SB_.PCI0.PB5_.XPDV._STA]: AE_NOT_FOUND
[    0.147883] device: 'device:0d': device_add
[    0.147890] bus: 'acpi': add device device:0d
[    0.147909]     utils-0051 util_eval_error       : Evaluate [\_SB_.PCI0.PB5_.XPDV._SUN]: AE_NOT_FOUND
[    0.147928]      scan-1916 add_single_object     : Added device:0d [\_SB_.PCI0.PB5_.XPDV] parent device:0c
[    0.147940]      scan-1133 get_device_data       : No context for object [ffff88040d826618]
[    0.147949]      scan-1133 get_device_data       : No context for object [ffff88040d826640]
[    0.147958]      scan-1133 get_device_data       : No context for object [ffff88040d826668]
[    0.147966]      scan-1133 get_device_data       : No context for object [ffff88040d826690]
[    0.147975]      scan-1133 get_device_data       : No context for object [ffff88040d8266b8]
[    0.147983]      scan-1133 get_device_data       : No context for object [ffff88040d838528]
[    0.147992]      scan-1133 get_device_data       : No context for object [ffff88040d8266e0]
[    0.148003]      scan-1133 get_device_data       : No context for object [ffff88040d826708]
[    0.148014]     utils-0051 util_eval_error       : Evaluate [\_SB_.PCI0.PB6_._STA]: AE_NOT_FOUND
[    0.148113] device: 'device:0e': device_add
[    0.148121] bus: 'acpi': add device device:0e
[    0.148140]     utils-0051 util_eval_error       : Evaluate [\_SB_.PCI0.PB6_._SUN]: AE_NOT_FOUND
[    0.148158]      scan-1916 add_single_object     : Added device:0e [\_SB_.PCI0.PB6_] parent PNP0A08:00
[    0.148171]      scan-1133 get_device_data       : No context for object [ffff88040d826730]
[    0.148179]      scan-1133 get_device_data       : No context for object [ffff88040d826758]
[    0.148188]      scan-1133 get_device_data       : No context for object [ffff88040d826780]
[    0.148196]      scan-1133 get_device_data       : No context for object [ffff88040d8267a8]
[    0.148205]      scan-1133 get_device_data       : No context for object [ffff88040d8267d0]
[    0.148213]      scan-1133 get_device_data       : No context for object [ffff88040d8267f8]
[    0.148222]      scan-1133 get_device_data       : No context for object [ffff88040d826820]
[    0.148230]      scan-1133 get_device_data       : No context for object [ffff88040d826848]
[    0.148239]      scan-1133 get_device_data       : No context for object [ffff88040d826870]
[    0.148247]      scan-1133 get_device_data       : No context for object [ffff88040d826898]
[    0.148256]      scan-1133 get_device_data       : No context for object [ffff88040d8268c0]
[    0.148264]      scan-1133 get_device_data       : No context for object [ffff88040d8268e8]
[    0.148273]      scan-1133 get_device_data       : No context for object [ffff88040d826910]
[    0.148281]      scan-1133 get_device_data       : No context for object [ffff88040d826938]
[    0.148289]      scan-1133 get_device_data       : No context for object [ffff88040d826960]
[    0.148298]      scan-1133 get_device_data       : No context for object [ffff88040d826988]
[    0.148306]      scan-1133 get_device_data       : No context for object [ffff88040d8269b0]
[    0.148315]      scan-1133 get_device_data       : No context for object [ffff88040d8269d8]
[    0.148323]      scan-1133 get_device_data       : No context for object [ffff88040d826a00]
[    0.148331]      scan-1133 get_device_data       : No context for object [ffff88040d826a28]
[    0.148340]      scan-1133 get_device_data       : No context for object [ffff88040d826a50]
[    0.148348]      scan-1133 get_device_data       : No context for object [ffff88040d826a78]
[    0.148357]      scan-1133 get_device_data       : No context for object [ffff88040d826aa0]
[    0.148365]      scan-1133 get_device_data       : No context for object [ffff88040d826ac8]
[    0.148373]      scan-1133 get_device_data       : No context for object [ffff88040d826af0]
[    0.148382]      scan-1133 get_device_data       : No context for object [ffff88040d826b18]
[    0.148390]      scan-1133 get_device_data       : No context for object [ffff88040d826b40]
[    0.148399]      scan-1133 get_device_data       : No context for object [ffff88040d826b68]
[    0.148407]      scan-1133 get_device_data       : No context for object [ffff88040d826b90]
[    0.148416]      scan-1133 get_device_data       : No context for object [ffff88040d826bb8]
[    0.148424]      scan-1133 get_device_data       : No context for object [ffff88040d826be0]
[    0.148434]     utils-0051 util_eval_error       : Evaluate [\_SB_.PCI0.PB6_.XPDV._STA]: AE_NOT_FOUND
[    0.148472] device: 'device:0f': device_add
[    0.148479] bus: 'acpi': add device device:0f
[    0.148501]     utils-0051 util_eval_error       : Evaluate [\_SB_.PCI0.PB6_.XPDV._SUN]: AE_NOT_FOUND
[    0.148520]      scan-1916 add_single_object     : Added device:0f [\_SB_.PCI0.PB6_.XPDV] parent device:0e
[    0.148533]      scan-1133 get_device_data       : No context for object [ffff88040d826c08]
[    0.148542]      scan-1133 get_device_data       : No context for object [ffff88040d826c30]
[    0.148551]      scan-1133 get_device_data       : No context for object [ffff88040d826c58]
[    0.148560]      scan-1133 get_device_data       : No context for object [ffff88040d826c80]
[    0.148569]      scan-1133 get_device_data       : No context for object [ffff88040d826ca8]
[    0.148578]      scan-1133 get_device_data       : No context for object [ffff88040d838550]
[    0.148587]      scan-1133 get_device_data       : No context for object [ffff88040d826cd0]
[    0.148596]      scan-1133 get_device_data       : No context for object [ffff88040d826cf8]
[    0.148606]     utils-0051 util_eval_error       : Evaluate [\_SB_.PCI0.PB7_._STA]: AE_NOT_FOUND
[    0.148706] device: 'device:10': device_add
[    0.148714] bus: 'acpi': add device device:10
[    0.148733]     utils-0051 util_eval_error       : Evaluate [\_SB_.PCI0.PB7_._SUN]: AE_NOT_FOUND
[    0.148752]      scan-1916 add_single_object     : Added device:10 [\_SB_.PCI0.PB7_] parent PNP0A08:00
[    0.148765]      scan-1133 get_device_data       : No context for object [ffff88040d826d20]
[    0.148773]      scan-1133 get_device_data       : No context for object [ffff88040d826d48]
[    0.148782]      scan-1133 get_device_data       : No context for object [ffff88040d826d70]
[    0.148791]      scan-1133 get_device_data       : No context for object [ffff88040d826d98]
[    0.148799]      scan-1133 get_device_data       : No context for object [ffff88040d826dc0]
[    0.148807]      scan-1133 get_device_data       : No context for object [ffff88040d826de8]
[    0.148816]      scan-1133 get_device_data       : No context for object [ffff88040d826e10]
[    0.148824]      scan-1133 get_device_data       : No context for object [ffff88040d826e38]
[    0.148833]      scan-1133 get_device_data       : No context for object [ffff88040d826e60]
[    0.148841]      scan-1133 get_device_data       : No context for object [ffff88040d826e88]
[    0.148850]      scan-1133 get_device_data       : No context for object [ffff88040d826eb0]
[    0.148858]      scan-1133 get_device_data       : No context for object [ffff88040d826ed8]
[    0.148867]      scan-1133 get_device_data       : No context for object [ffff88040d826f00]
[    0.148875]      scan-1133 get_device_data       : No context for object [ffff88040d826f28]
[    0.148883]      scan-1133 get_device_data       : No context for object [ffff88040d826f50]
[    0.148892]      scan-1133 get_device_data       : No context for object [ffff88040d826f78]
[    0.148901]      scan-1133 get_device_data       : No context for object [ffff88040d826fa0]
[    0.148909]      scan-1133 get_device_data       : No context for object [ffff88040d826fc8]
[    0.148917]      scan-1133 get_device_data       : No context for object [ffff88040d828000]
[    0.148926]      scan-1133 get_device_data       : No context for object [ffff88040d828028]
[    0.148934]      scan-1133 get_device_data       : No context for object [ffff88040d828050]
[    0.148942]      scan-1133 get_device_data       : No context for object [ffff88040d828078]
[    0.148951]      scan-1133 get_device_data       : No context for object [ffff88040d8280a0]
[    0.148959]      scan-1133 get_device_data       : No context for object [ffff88040d8280c8]
[    0.148968]      scan-1133 get_device_data       : No context for object [ffff88040d8280f0]
[    0.148976]      scan-1133 get_device_data       : No context for object [ffff88040d828118]
[    0.148984]      scan-1133 get_device_data       : No context for object [ffff88040d828140]
[    0.148993]      scan-1133 get_device_data       : No context for object [ffff88040d828168]
[    0.149007]      scan-1133 get_device_data       : No context for object [ffff88040d828190]
[    0.149016]      scan-1133 get_device_data       : No context for object [ffff88040d8281b8]
[    0.149024]      scan-1133 get_device_data       : No context for object [ffff88040d8281e0]
[    0.149034]     utils-0051 util_eval_error       : Evaluate [\_SB_.PCI0.PB7_.XPDV._STA]: AE_NOT_FOUND
[    0.149073] device: 'device:11': device_add
[    0.149081] bus: 'acpi': add device device:11
[    0.149100]     utils-0051 util_eval_error       : Evaluate [\_SB_.PCI0.PB7_.XPDV._SUN]: AE_NOT_FOUND
[    0.149118]      scan-1916 add_single_object     : Added device:11 [\_SB_.PCI0.PB7_.XPDV] parent device:10
[    0.149131]      scan-1133 get_device_data       : No context for object [ffff88040d828208]
[    0.149140]      scan-1133 get_device_data       : No context for object [ffff88040d828230]
[    0.149149]      scan-1133 get_device_data       : No context for object [ffff88040d828258]
[    0.149158]      scan-1133 get_device_data       : No context for object [ffff88040d828280]
[    0.149167]      scan-1133 get_device_data       : No context for object [ffff88040d8282a8]
[    0.149176]      scan-1133 get_device_data       : No context for object [ffff88040d838488]
[    0.149185]      scan-1133 get_device_data       : No context for object [ffff88040d8282d0]
[    0.149194]      scan-1133 get_device_data       : No context for object [ffff88040d8282f8]
[    0.149204]     utils-0051 util_eval_error       : Evaluate [\_SB_.PCI0.OHC1._STA]: AE_NOT_FOUND
[    0.149294] device: 'device:12': device_add
[    0.149301] bus: 'acpi': add device device:12
[    0.149324]     utils-0051 util_eval_error       : Evaluate [\_SB_.PCI0.OHC1._SUN]: AE_NOT_FOUND
[    0.149342]      scan-1916 add_single_object     : Added device:12 [\_SB_.PCI0.OHC1] parent PNP0A08:00
[    0.149355]      scan-1133 get_device_data       : No context for object [ffff88040d828320]
[    0.149364]      scan-1133 get_device_data       : No context for object [ffff88040d828348]
[    0.149373]      scan-1133 get_device_data       : No context for object [ffff88040d83c2f8]
[    0.149383]     utils-0051 util_eval_error       : Evaluate [\_SB_.PCI0.OHC1.RHUB._STA]: AE_NOT_FOUND
[    0.149422] device: 'device:13': device_add
[    0.149429] bus: 'acpi': add device device:13
[    0.149448]     utils-0051 util_eval_error       : Evaluate [\_SB_.PCI0.OHC1.RHUB._SUN]: AE_NOT_FOUND
[    0.149467]      scan-1916 add_single_object     : Added device:13 [\_SB_.PCI0.OHC1.RHUB] parent device:12
[    0.149479]      scan-1133 get_device_data       : No context for object [ffff88040d83c320]
[    0.149488]      scan-1133 get_device_data       : No context for object [ffff88040d83c348]
[    0.149499]     utils-0051 util_eval_error       : Evaluate [\_SB_.PCI0.OHC1.RHUB.PRT3._STA]: AE_NOT_FOUND
[    0.149537] device: 'device:14': device_add
[    0.149544] bus: 'acpi': add device device:14
[    0.149563]     utils-0051 util_eval_error       : Evaluate [\_SB_.PCI0.OHC1.RHUB.PRT3._SUN]: AE_NOT_FOUND
[    0.149582]      scan-1916 add_single_object     : Added device:14 [\_SB_.PCI0.OHC1.RHUB.PRT3] parent device:13
[    0.149595]      scan-1133 get_device_data       : No context for object [ffff88040d83c370]
[    0.149604]      scan-1133 get_device_data       : No context for object [ffff88040d83c398]
[    0.149613]      scan-1133 get_device_data       : No context for object [ffff88040d83c3c0]
[    0.149622]      scan-1133 get_device_data       : No context for object [ffff88040d83c3e8]
[    0.149632]     utils-0051 util_eval_error       : Evaluate [\_SB_.PCI0.OHC1.RHUB.PRT4._STA]: AE_NOT_FOUND
[    0.149670] device: 'device:15': device_add
[    0.149678] bus: 'acpi': add device device:15
[    0.149699]     utils-0051 util_eval_error       : Evaluate [\_SB_.PCI0.OHC1.RHUB.PRT4._SUN]: AE_NOT_FOUND
[    0.149718]      scan-1916 add_single_object     : Added device:15 [\_SB_.PCI0.OHC1.RHUB.PRT4] parent device:13
[    0.149731]      scan-1133 get_device_data       : No context for object [ffff88040d83c410]
[    0.149740]      scan-1133 get_device_data       : No context for object [ffff88040d83c438]
[    0.149749]      scan-1133 get_device_data       : No context for object [ffff88040d83c460]
[    0.149758]      scan-1133 get_device_data       : No context for object [ffff88040d828370]
[    0.149768]     utils-0051 util_eval_error       : Evaluate [\_SB_.PCI0.EHC1._STA]: AE_NOT_FOUND
[    0.149870] device: 'device:16': device_add
[    0.149878] bus: 'acpi': add device device:16
[    0.149897]     utils-0051 util_eval_error       : Evaluate [\_SB_.PCI0.EHC1._SUN]: AE_NOT_FOUND
[    0.150016]      scan-1916 add_single_object     : Added device:16 [\_SB_.PCI0.EHC1] parent PNP0A08:00
[    0.150016]      scan-1133 get_device_data       : No context for object [ffff88040d828398]
[    0.150016]      scan-1133 get_device_data       : No context for object [ffff88040d8283c0]
[    0.150016]      scan-1133 get_device_data       : No context for object [ffff88040d83c028]
[    0.150016]     utils-0051 util_eval_error       : Evaluate [\_SB_.PCI0.EHC1.RHUB._STA]: AE_NOT_FOUND
[    0.150016] device: 'device:17': device_add
[    0.150016] bus: 'acpi': add device device:17
[    0.150023]     utils-0051 util_eval_error       : Evaluate [\_SB_.PCI0.EHC1.RHUB._SUN]: AE_NOT_FOUND
[    0.150041]      scan-1916 add_single_object     : Added device:17 [\_SB_.PCI0.EHC1.RHUB] parent device:16
[    0.150054]      scan-1133 get_device_data       : No context for object [ffff88040d83c050]
[    0.150063]      scan-1133 get_device_data       : No context for object [ffff88040d83c078]
[    0.150073]     utils-0051 util_eval_error       : Evaluate [\_SB_.PCI0.EHC1.RHUB.PRT3._STA]: AE_NOT_FOUND
[    0.150114] device: 'device:18': device_add
[    0.150121] bus: 'acpi': add device device:18
[    0.150143]     utils-0051 util_eval_error       : Evaluate [\_SB_.PCI0.EHC1.RHUB.PRT3._SUN]: AE_NOT_FOUND
[    0.150163]      scan-1916 add_single_object     : Added device:18 [\_SB_.PCI0.EHC1.RHUB.PRT3] parent device:17
[    0.150176]      scan-1133 get_device_data       : No context for object [ffff88040d83c0a0]
[    0.150185]      scan-1133 get_device_data       : No context for object [ffff88040d83c0c8]
[    0.150194]      scan-1133 get_device_data       : No context for object [ffff88040d83c0f0]
[    0.150204]      scan-1133 get_device_data       : No context for object [ffff88040d83c118]
[    0.150214]     utils-0051 util_eval_error       : Evaluate [\_SB_.PCI0.EHC1.RHUB.PRT4._STA]: AE_NOT_FOUND
[    0.150254] device: 'device:19': device_add
[    0.150261] bus: 'acpi': add device device:19
[    0.150280]     utils-0051 util_eval_error       : Evaluate [\_SB_.PCI0.EHC1.RHUB.PRT4._SUN]: AE_NOT_FOUND
[    0.150300]      scan-1916 add_single_object     : Added device:19 [\_SB_.PCI0.EHC1.RHUB.PRT4] parent device:17
[    0.150313]      scan-1133 get_device_data       : No context for object [ffff88040d83c140]
[    0.150321]      scan-1133 get_device_data       : No context for object [ffff88040d83c168]
[    0.150330]      scan-1133 get_device_data       : No context for object [ffff88040d83c190]
[    0.150340]      scan-1133 get_device_data       : No context for object [ffff88040d8283e8]
[    0.150350]     utils-0051 util_eval_error       : Evaluate [\_SB_.PCI0.OHC2._STA]: AE_NOT_FOUND
[    0.150449] device: 'device:1a': device_add
[    0.150457] bus: 'acpi': add device device:1a
[    0.150475]     utils-0051 util_eval_error       : Evaluate [\_SB_.PCI0.OHC2._SUN]: AE_NOT_FOUND
[    0.150494]      scan-1916 add_single_object     : Added device:1a [\_SB_.PCI0.OHC2] parent PNP0A08:00
[    0.150506]      scan-1133 get_device_data       : No context for object [ffff88040d828410]
[    0.150515]      scan-1133 get_device_data       : No context for object [ffff88040d828438]
[    0.150524]      scan-1133 get_device_data       : No context for object [ffff88040d83c488]
[    0.150534]     utils-0051 util_eval_error       : Evaluate [\_SB_.PCI0.OHC2.RHUB._STA]: AE_NOT_FOUND
[    0.150572] device: 'device:1b': device_add
[    0.150580] bus: 'acpi': add device device:1b
[    0.150601]     utils-0051 util_eval_error       : Evaluate [\_SB_.PCI0.OHC2.RHUB._SUN]: AE_NOT_FOUND
[    0.150620]      scan-1916 add_single_object     : Added device:1b [\_SB_.PCI0.OHC2.RHUB] parent device:1a
[    0.150632]      scan-1133 get_device_data       : No context for object [ffff88040d83c4b0]
[    0.150641]      scan-1133 get_device_data       : No context for object [ffff88040d83c4d8]
[    0.150652]     utils-0051 util_eval_error       : Evaluate [\_SB_.PCI0.OHC2.RHUB.PRT4._STA]: AE_NOT_FOUND
[    0.150690] device: 'device:1c': device_add
[    0.150698] bus: 'acpi': add device device:1c
[    0.150716]     utils-0051 util_eval_error       : Evaluate [\_SB_.PCI0.OHC2.RHUB.PRT4._SUN]: AE_NOT_FOUND
[    0.150736]      scan-1916 add_single_object     : Added device:1c [\_SB_.PCI0.OHC2.RHUB.PRT4] parent device:1b
[    0.150749]      scan-1133 get_device_data       : No context for object [ffff88040d83c500]
[    0.150758]      scan-1133 get_device_data       : No context for object [ffff88040d83c528]
[    0.150767]      scan-1133 get_device_data       : No context for object [ffff88040d83c550]
[    0.150777]      scan-1133 get_device_data       : No context for object [ffff88040d828460]
[    0.150787]     utils-0051 util_eval_error       : Evaluate [\_SB_.PCI0.EHC2._STA]: AE_NOT_FOUND
[    0.150883] device: 'device:1d': device_add
[    0.150891] bus: 'acpi': add device device:1d
[    0.150910]     utils-0051 util_eval_error       : Evaluate [\_SB_.PCI0.EHC2._SUN]: AE_NOT_FOUND
[    0.151028]      scan-1916 add_single_object     : Added device:1d [\_SB_.PCI0.EHC2] parent PNP0A08:00
[    0.151028]      scan-1133 get_device_data       : No context for object [ffff88040d828488]
[    0.151028]      scan-1133 get_device_data       : No context for object [ffff88040d8284b0]
[    0.151028]      scan-1133 get_device_data       : No context for object [ffff88040d83c1b8]
[    0.151028]     utils-0051 util_eval_error       : Evaluate [\_SB_.PCI0.EHC2.RHUB._STA]: AE_NOT_FOUND
[    0.151028] device: 'device:1e': device_add
[    0.151028] bus: 'acpi': add device device:1e
[    0.151041]     utils-0051 util_eval_error       : Evaluate [\_SB_.PCI0.EHC2.RHUB._SUN]: AE_NOT_FOUND
[    0.151059]      scan-1916 add_single_object     : Added device:1e [\_SB_.PCI0.EHC2.RHUB] parent device:1d
[    0.151072]      scan-1133 get_device_data       : No context for object [ffff88040d83c1e0]
[    0.151081]      scan-1133 get_device_data       : No context for object [ffff88040d83c208]
[    0.151091]     utils-0051 util_eval_error       : Evaluate [\_SB_.PCI0.EHC2.RHUB.PRT2._STA]: AE_NOT_FOUND
[    0.151130] device: 'device:1f': device_add
[    0.151138] bus: 'acpi': add device device:1f
[    0.151156]     utils-0051 util_eval_error       : Evaluate [\_SB_.PCI0.EHC2.RHUB.PRT2._SUN]: AE_NOT_FOUND
[    0.151176]      scan-1916 add_single_object     : Added device:1f [\_SB_.PCI0.EHC2.RHUB.PRT2] parent device:1e
[    0.151189]      scan-1133 get_device_data       : No context for object [ffff88040d83c230]
[    0.151198]      scan-1133 get_device_data       : No context for object [ffff88040d83c258]
[    0.151207]      scan-1133 get_device_data       : No context for object [ffff88040d83c280]
[    0.151216]      scan-1133 get_device_data       : No context for object [ffff88040d8284d8]
[    0.151226]     utils-0051 util_eval_error       : Evaluate [\_SB_.PCI0.OHC3._STA]: AE_NOT_FOUND
[    0.151293] device: 'device:20': device_add
[    0.151301] bus: 'acpi': add device device:20
[    0.151320]     utils-0051 util_eval_error       : Evaluate [\_SB_.PCI0.OHC3._SUN]: AE_NOT_FOUND
[    0.151338]      scan-1916 add_single_object     : Added device:20 [\_SB_.PCI0.OHC3] parent PNP0A08:00
[    0.151351]      scan-1133 get_device_data       : No context for object [ffff88040d828500]
[    0.151360]      scan-1133 get_device_data       : No context for object [ffff88040d828528]
[    0.151369]      scan-1133 get_device_data       : No context for object [ffff88040d83c578]
[    0.151379]     utils-0051 util_eval_error       : Evaluate [\_SB_.PCI0.OHC3.RHUB._STA]: AE_NOT_FOUND
[    0.151418] device: 'device:21': device_add
[    0.151425] bus: 'acpi': add device device:21
[    0.151447]     utils-0051 util_eval_error       : Evaluate [\_SB_.PCI0.OHC3.RHUB._SUN]: AE_NOT_FOUND
[    0.151465]      scan-1916 add_single_object     : Added device:21 [\_SB_.PCI0.OHC3.RHUB] parent device:20
[    0.151478]      scan-1133 get_device_data       : No context for object [ffff88040d83c5a0]
[    0.151487]      scan-1133 get_device_data       : No context for object [ffff88040d828550]
[    0.151497]     utils-0051 util_eval_error       : Evaluate [\_SB_.PCI0.EHC3._STA]: AE_NOT_FOUND
[    0.151593] device: 'device:22': device_add
[    0.151601] bus: 'acpi': add device device:22
[    0.151621]     utils-0051 util_eval_error       : Evaluate [\_SB_.PCI0.EHC3._SUN]: AE_NOT_FOUND
[    0.151639]      scan-1916 add_single_object     : Added device:22 [\_SB_.PCI0.EHC3] parent PNP0A08:00
[    0.151651]      scan-1133 get_device_data       : No context for object [ffff88040d828578]
[    0.151660]      scan-1133 get_device_data       : No context for object [ffff88040d8285a0]
[    0.151669]      scan-1133 get_device_data       : No context for object [ffff88040d83c2a8]
[    0.151679]     utils-0051 util_eval_error       : Evaluate [\_SB_.PCI0.EHC3.RHUB._STA]: AE_NOT_FOUND
[    0.151717] device: 'device:23': device_add
[    0.151724] bus: 'acpi': add device device:23
[    0.151743]     utils-0051 util_eval_error       : Evaluate [\_SB_.PCI0.EHC3.RHUB._SUN]: AE_NOT_FOUND
[    0.151762]      scan-1916 add_single_object     : Added device:23 [\_SB_.PCI0.EHC3.RHUB] parent device:22
[    0.151774]      scan-1133 get_device_data       : No context for object [ffff88040d83c2d0]
[    0.151783]      scan-1133 get_device_data       : No context for object [ffff88040d8285c8]
[    0.151793]     utils-0051 util_eval_error       : Evaluate [\_SB_.PCI0.OHC4._STA]: AE_NOT_FOUND
[    0.151889] device: 'device:24': device_add
[    0.151897] bus: 'acpi': add device device:24
[    0.151920]     utils-0051 util_eval_error       : Evaluate [\_SB_.PCI0.OHC4._SUN]: AE_NOT_FOUND
[    0.152058]      scan-1916 add_single_object     : Added device:24 [\_SB_.PCI0.OHC4] parent PNP0A08:00
[    0.152058]      scan-1133 get_device_data       : No context for object [ffff88040d8285f0]
[    0.152058]      scan-1133 get_device_data       : No context for object [ffff88040d828618]
[    0.152058]      scan-1133 get_device_data       : No context for object [ffff88040d828640]
[    0.152058]     utils-0051 util_eval_error       : Evaluate [\_SB_.PCI0.SBAZ._STA]: AE_NOT_FOUND
[    0.152080] device: 'device:25': device_add
[    0.152088] bus: 'acpi': add device device:25
[    0.152107]     utils-0051 util_eval_error       : Evaluate [\_SB_.PCI0.SBAZ._SUN]: AE_NOT_FOUND
[    0.152127]      scan-1916 add_single_object     : Added device:25 [\_SB_.PCI0.SBAZ] parent PNP0A08:00
[    0.152139]      scan-1133 get_device_data       : No context for object [ffff88040d828668]
[    0.152148]      scan-1133 get_device_data       : No context for object [ffff88040d828690]
[    0.152157]      scan-1133 get_device_data       : No context for object [ffff88040d8286b8]
[    0.152167]     utils-0051 util_eval_error       : Evaluate [\_SB_.PCI0.GEC_._STA]: AE_NOT_FOUND
[    0.152282] device: 'device:26': device_add
[    0.152290] bus: 'acpi': add device device:26
[    0.152310]     utils-0051 util_eval_error       : Evaluate [\_SB_.PCI0.GEC_._SUN]: AE_NOT_FOUND
[    0.152329]      scan-1916 add_single_object     : Added device:26 [\_SB_.PCI0.GEC_] parent PNP0A08:00
[    0.152341]      scan-1133 get_device_data       : No context for object [ffff88040d8286e0]
[    0.152350]      scan-1133 get_device_data       : No context for object [ffff88040d828708]
[    0.152359]      scan-1133 get_device_data       : No context for object [ffff88040d828730]
[    0.152369]      scan-1133 get_device_data       : No context for object [ffff88040d828758]
[    0.152378]      scan-1133 get_device_data       : No context for object [ffff88040d828780]
[    0.152387]      scan-1133 get_device_data       : No context for object [ffff88040d8287a8]
[    0.152396]      scan-1133 get_device_data       : No context for object [ffff88040d8287d0]
[    0.152405]      scan-1133 get_device_data       : No context for object [ffff88040d8287f8]
[    0.152414]      scan-1133 get_device_data       : No context for object [ffff88040d828820]
[    0.152424]     utils-0051 util_eval_error       : Evaluate [\_SB_.PCI0.SATA._STA]: AE_NOT_FOUND
[    0.152466] device: 'device:27': device_add
[    0.152474] bus: 'acpi': add device device:27
[    0.152496]     utils-0051 util_eval_error       : Evaluate [\_SB_.PCI0.SATA._SUN]: AE_NOT_FOUND
[    0.152515]      scan-1916 add_single_object     : Added device:27 [\_SB_.PCI0.SATA] parent PNP0A08:00
[    0.152528]      scan-1133 get_device_data       : No context for object [ffff88040d828848]
[    0.152537]      scan-1133 get_device_data       : No context for object [ffff88040d828870]
[    0.152546]      scan-1133 get_device_data       : No context for object [ffff88040d828898]
[    0.152554]      scan-1133 get_device_data       : No context for object [ffff88040d8288c0]
[    0.152563]      scan-1133 get_device_data       : No context for object [ffff88040d8288e8]
[    0.152571]      scan-1133 get_device_data       : No context for object [ffff88040d828910]
[    0.152579]      scan-1133 get_device_data       : No context for object [ffff88040d828938]
[    0.152588]      scan-1133 get_device_data       : No context for object [ffff88040d828960]
[    0.152596]      scan-1133 get_device_data       : No context for object [ffff88040d828988]
[    0.152605]      scan-1133 get_device_data       : No context for object [ffff88040d8289b0]
[    0.152613]      scan-1133 get_device_data       : No context for object [ffff88040d8289d8]
[    0.152622]      scan-1133 get_device_data       : No context for object [ffff88040d828a00]
[    0.152630]      scan-1133 get_device_data       : No context for object [ffff88040d828a28]
[    0.152638]      scan-1133 get_device_data       : No context for object [ffff88040d828a50]
[    0.152647]      scan-1133 get_device_data       : No context for object [ffff88040d828a78]
[    0.152655]      scan-1133 get_device_data       : No context for object [ffff88040d828aa0]
[    0.152664]      scan-1133 get_device_data       : No context for object [ffff88040d828ac8]
[    0.152672]      scan-1133 get_device_data       : No context for object [ffff88040d828af0]
[    0.152681]      scan-1133 get_device_data       : No context for object [ffff88040d828b18]
[    0.152689]      scan-1133 get_device_data       : No context for object [ffff88040d828b40]
[    0.152698]      scan-1133 get_device_data       : No context for object [ffff88040d828b68]
[    0.152706]      scan-1133 get_device_data       : No context for object [ffff88040d828b90]
[    0.152714]      scan-1133 get_device_data       : No context for object [ffff88040d828bb8]
[    0.152723]      scan-1133 get_device_data       : No context for object [ffff88040d828be0]
[    0.152731]      scan-1133 get_device_data       : No context for object [ffff88040d828c08]
[    0.152740]      scan-1133 get_device_data       : No context for object [ffff88040d828c30]
[    0.152748]      scan-1133 get_device_data       : No context for object [ffff88040d828c58]
[    0.152757]      scan-1133 get_device_data       : No context for object [ffff88040d828c80]
[    0.152765]      scan-1133 get_device_data       : No context for object [ffff88040d828ca8]
[    0.152773]      scan-1133 get_device_data       : No context for object [ffff88040d828cd0]
[    0.152782]      scan-1133 get_device_data       : No context for object [ffff88040d828cf8]
[    0.152790]      scan-1133 get_device_data       : No context for object [ffff88040d828d20]
[    0.152798]      scan-1133 get_device_data       : No context for object [ffff88040d828d48]
[    0.152807]      scan-1133 get_device_data       : No context for object [ffff88040d828d70]
[    0.152815]      scan-1133 get_device_data       : No context for object [ffff88040d828d98]
[    0.152824]      scan-1133 get_device_data       : No context for object [ffff88040d828dc0]
[    0.152832]      scan-1133 get_device_data       : No context for object [ffff88040d828de8]
[    0.152840]      scan-1133 get_device_data       : No context for object [ffff88040d828e10]
[    0.152849]      scan-1133 get_device_data       : No context for object [ffff88040d828e38]
[    0.152857]      scan-1133 get_device_data       : No context for object [ffff88040d828e60]
[    0.152866]      scan-1133 get_device_data       : No context for object [ffff88040d828e88]
[    0.152874]      scan-1133 get_device_data       : No context for object [ffff88040d828eb0]
[    0.152882]      scan-1133 get_device_data       : No context for object [ffff88040d828ed8]
[    0.152891]      scan-1133 get_device_data       : No context for object [ffff88040d828f00]
[    0.152899]      scan-1133 get_device_data       : No context for object [ffff88040d828f28]
[    0.152909]     utils-0051 util_eval_error       : Evaluate [\_SB_.PCI0.SATA.PRID._STA]: AE_NOT_FOUND
[    0.152955] device_pm-0128 device_get_power      : Device [PRID] power state is (unknown)
[    0.152966] device: 'device:28': device_add
[    0.152973] bus: 'acpi': add device device:28
[    0.152993]     utils-0051 util_eval_error       : Evaluate [\_SB_.PCI0.SATA.PRID._SUN]: AE_NOT_FOUND
[    0.153015]      scan-1916 add_single_object     : Added device:28 [\_SB_.PCI0.SATA.PRID] parent device:27
[    0.153028]      scan-1133 get_device_data       : No context for object [ffff88040d828f50]
[    0.153037]      scan-1133 get_device_data       : No context for object [ffff88040d828f78]
