-- Logs begin at Sat 2014-07-05 00:53:58 CEST, end at Mon 2014-07-14 04:50:15 CEST. --
Jul 14 04:42:11 manji systemd-journal[1756]: Runtime journal is using 8.0M (max allowed 775.2M, trying to leave 1.1G free of 7.5G available → current limit 775.2M).
Jul 14 04:42:11 manji systemd-journal[1756]: Runtime journal is using 8.0M (max allowed 775.2M, trying to leave 1.1G free of 7.5G available → current limit 775.2M).
Jul 14 04:42:11 manji kernel: Initializing cgroup subsys cpuset
Jul 14 04:42:11 manji kernel: Initializing cgroup subsys cpu
Jul 14 04:42:11 manji kernel: Initializing cgroup subsys cpuacct
Jul 14 04:42:11 manji kernel: Linux version 3.15.4-1-MANJARO (emacs@manji) (gcc version 4.9.0 20140604 (prerelease) (GCC) ) #33 SMP PREEMPT Mon Jul 14 04:34:02 CEST 2014
Jul 14 04:42:11 manji kernel: Command line: BOOT_IMAGE=/vmlinuz-315-x86_64 root=UUID=bfa4ab6e-19a3-4601-ba2b-267c55841c73 rw cryptdevice=/dev/disk/by-uuid/70c08890-417a-497d-b6ab-c0d0357a63e2:cryptManjaro:allow-discards ipv6.disable=1 pnp.debug=1 loglevel=9 log_buf_len=10M printk.always_kmsg_dump=y printk.time=y mminit_loglevel=0 memory_corruption_check=1 fbcon=scrollback:4096k fbcon=font:ProFont6x11 acpi.debug_layer=0xfbff0000 acpi.debug_level=0xFFFFFFFD pnp.debug=1 radeon.dpm=1 radeonfb radeon.audio=0
Jul 14 04:42:11 manji kernel: KERNEL supported cpus:
Jul 14 04:42:11 manji kernel:   AMD AuthenticAMD
Jul 14 04:42:11 manji kernel: e820: BIOS-provided physical RAM map:
Jul 14 04:42:11 manji kernel: BIOS-e820: [mem 0x0000000000000000-0x000000000009d7ff] usable
Jul 14 04:42:11 manji kernel: BIOS-e820: [mem 0x000000000009d800-0x000000000009ffff] reserved
Jul 14 04:42:11 manji kernel: BIOS-e820: [mem 0x00000000000e0000-0x00000000000fffff] reserved
Jul 14 04:42:11 manji kernel: BIOS-e820: [mem 0x0000000000100000-0x00000000bed9afff] usable
Jul 14 04:42:11 manji kernel: BIOS-e820: [mem 0x00000000bed9b000-0x00000000bf39afff] reserved
Jul 14 04:42:11 manji kernel: BIOS-e820: [mem 0x00000000bf39b000-0x00000000bf49afff] ACPI NVS
Jul 14 04:42:11 manji kernel: BIOS-e820: [mem 0x00000000bf49b000-0x00000000bf51afff] ACPI data
Jul 14 04:42:11 manji kernel: BIOS-e820: [mem 0x00000000bf51b000-0x00000000bfdfffff] usable
Jul 14 04:42:11 manji kernel: BIOS-e820: [mem 0x00000000bfe00000-0x00000000bfffffff] reserved
Jul 14 04:42:11 manji kernel: BIOS-e820: [mem 0x00000000fec00000-0x00000000fecfffff] reserved
Jul 14 04:42:11 manji kernel: BIOS-e820: [mem 0x00000000fed80000-0x00000000fed80fff] reserved
Jul 14 04:42:11 manji kernel: BIOS-e820: [mem 0x00000000ffe00000-0x00000000ffffffff] reserved
Jul 14 04:42:11 manji kernel: BIOS-e820: [mem 0x0000000100000000-0x000000041effffff] usable
Jul 14 04:42:11 manji kernel: NX (Execute Disable) protection: active
Jul 14 04:42:11 manji kernel: SMBIOS 2.6 present.
Jul 14 04:42:11 manji kernel: DMI: LENOVO Sabine/Torpedo, BIOS 54CN18WW 07/20/2011
Jul 14 04:42:11 manji kernel: e820: update [mem 0x00000000-0x00000fff] usable ==> reserved
Jul 14 04:42:11 manji kernel: e820: remove [mem 0x000a0000-0x000fffff] usable
Jul 14 04:42:11 manji kernel: No AGP bridge found
Jul 14 04:42:11 manji kernel: e820: last_pfn = 0x41f000 max_arch_pfn = 0x400000000
Jul 14 04:42:11 manji kernel: MTRR default type: uncachable
Jul 14 04:42:11 manji kernel: MTRR fixed ranges enabled:
Jul 14 04:42:11 manji kernel:   00000-9FFFF write-back
Jul 14 04:42:11 manji kernel:   A0000-BFFFF uncachable
Jul 14 04:42:11 manji kernel:   C0000-FFFFF write-protect
Jul 14 04:42:11 manji kernel: MTRR variable ranges enabled:
Jul 14 04:42:11 manji kernel:   0 base 0000000000 mask FF80000000 write-back
Jul 14 04:42:11 manji kernel:   1 base 0080000000 mask FFC0000000 write-back
Jul 14 04:42:11 manji kernel:   2 base 00FFF90000 mask FFFFFF0000 uncachable
Jul 14 04:42:11 manji kernel:   3 base 00FED80000 mask 0FFFFFF000 uncachable
Jul 14 04:42:11 manji kernel:   4 disabled
Jul 14 04:42:11 manji kernel:   5 disabled
Jul 14 04:42:11 manji kernel:   6 disabled
Jul 14 04:42:11 manji kernel:   7 base 00FFE00000 mask FFFFE00000 write-protect
Jul 14 04:42:11 manji kernel: TOM2: 000000041f000000 aka 16880M
Jul 14 04:42:11 manji kernel: x86 PAT enabled: cpu 0, old 0x7040600070406, new 0x7010600070106
Jul 14 04:42:11 manji kernel: mtrr: your BIOS has configured an incorrect mask, fixing it.
Jul 14 04:42:11 manji kernel: e820: last_pfn = 0xbfe00 max_arch_pfn = 0x400000000
Jul 14 04:42:11 manji kernel: found SMP MP-table at [mem 0x000fa8b0-0x000fa8bf] mapped at [ffff8800000fa8b0]
Jul 14 04:42:11 manji kernel: Scanning 1 areas for low memory corruption
Jul 14 04:42:11 manji kernel: Base memory trampoline at [ffff880000097000] 97000 size 24576
Jul 14 04:42:11 manji kernel: Using GB pages for direct mapping
Jul 14 04:42:11 manji kernel: init_memory_mapping: [mem 0x00000000-0x000fffff]
Jul 14 04:42:11 manji kernel:  [mem 0x00000000-0x000fffff] page 4k
Jul 14 04:42:11 manji kernel: BRK [0x0204b000, 0x0204bfff] PGTABLE
Jul 14 04:42:11 manji kernel: BRK [0x0204c000, 0x0204cfff] PGTABLE
Jul 14 04:42:11 manji kernel: BRK [0x0204d000, 0x0204dfff] PGTABLE
Jul 14 04:42:11 manji kernel: init_memory_mapping: [mem 0x41ee00000-0x41effffff]
Jul 14 04:42:11 manji kernel:  [mem 0x41ee00000-0x41effffff] page 2M
Jul 14 04:42:11 manji kernel: BRK [0x0204e000, 0x0204efff] PGTABLE
Jul 14 04:42:11 manji kernel: init_memory_mapping: [mem 0x41c000000-0x41edfffff]
Jul 14 04:42:11 manji kernel:  [mem 0x41c000000-0x41edfffff] page 2M
Jul 14 04:42:11 manji kernel: init_memory_mapping: [mem 0x400000000-0x41bffffff]
Jul 14 04:42:11 manji kernel:  [mem 0x400000000-0x41bffffff] page 2M
Jul 14 04:42:11 manji kernel: init_memory_mapping: [mem 0x00100000-0xbed9afff]
Jul 14 04:42:11 manji kernel:  [mem 0x00100000-0x001fffff] page 4k
Jul 14 04:42:11 manji kernel:  [mem 0x00200000-0x3fffffff] page 2M
Jul 14 04:42:11 manji kernel:  [mem 0x40000000-0x7fffffff] page 1G
Jul 14 04:42:11 manji kernel:  [mem 0x80000000-0xbebfffff] page 2M
Jul 14 04:42:11 manji kernel:  [mem 0xbec00000-0xbed9afff] page 4k
Jul 14 04:42:11 manji kernel: init_memory_mapping: [mem 0xbf51b000-0xbfdfffff]
Jul 14 04:42:11 manji kernel:  [mem 0xbf51b000-0xbf5fffff] page 4k
Jul 14 04:42:11 manji kernel:  [mem 0xbf600000-0xbfdfffff] page 2M
Jul 14 04:42:11 manji kernel: BRK [0x0204f000, 0x0204ffff] PGTABLE
Jul 14 04:42:11 manji kernel: init_memory_mapping: [mem 0x100000000-0x3ffffffff]
Jul 14 04:42:11 manji kernel:  [mem 0x100000000-0x3ffffffff] page 1G
Jul 14 04:42:11 manji kernel: log_buf_len: 16777216
Jul 14 04:42:11 manji kernel: early log buf free: 2092172(99%)
Jul 14 04:42:11 manji kernel: RAMDISK: [mem 0x3787a000-0x37c34fff]
Jul 14 04:42:11 manji kernel: ACPI: RSDP 0x00000000000F0110 000024 (v02 LENOVO)
Jul 14 04:42:11 manji kernel: ACPI: XSDT 0x00000000BF51A120 000074 (v01 LENOVO CB-01    00000001 LENO 00000001)
Jul 14 04:42:11 manji kernel: ACPI: FACP 0x00000000BF508000 0000F4 (v04 LENOVO CB-01    00000001 PTL  00000001)
Jul 14 04:42:11 manji kernel: ACPI: DSDT 0x00000000BF50A000 00FD10 (v01 LENOVO CB-01    00001000 LENO 00000001)
Jul 14 04:42:11 manji kernel: ACPI: FACS 0x00000000BF478000 000040
Jul 14 04:42:11 manji kernel: ACPI: HPET 0x00000000BF507000 000038 (v01 LENOVO CB-01    00000001 PTL  00000001)
Jul 14 04:42:11 manji kernel: ACPI: APIC 0x00000000BF506000 00007A (v02 LENOVO CB-01    00000001 PTL  00000001)
Jul 14 04:42:11 manji kernel: ACPI: MCFG 0x00000000BF505000 00003C (v01 LENOVO CB-01    00000001 PTL  00000001)
Jul 14 04:42:11 manji kernel: ACPI: SLIC 0x00000000BF504000 000176 (v01 LENOVO CB-01    00000001 LENO 00000001)
Jul 14 04:42:11 manji kernel: ACPI: UEFI 0x00000000BF503000 00003E (v01 LENOVO CB-01    00000001 PTL  00000001)
Jul 14 04:42:11 manji kernel: ACPI: UEFI 0x00000000BF502000 000042 (v01 PTL    COMBUF   00000001 PTL  00000001)
Jul 14 04:42:11 manji kernel: ACPI: SSDT 0x00000000BF501000 000E34 (v01 AMD    POWERNOW 00000001 AMD  00000001)
Jul 14 04:42:11 manji kernel: ACPI: SSDT 0x00000000BF4FF000 00193D (v02 AMD    ALIB     00000001 MSFT 04000000)
Jul 14 04:42:11 manji kernel: ACPI: UEFI 0x00000000BF4FE000 00021A (v01 LENOVO CB-01    00000001 PTL  00000001)
Jul 14 04:42:11 manji kernel: ACPI: Local APIC address 0xfee00000
Jul 14 04:42:11 manji kernel: No NUMA configuration found
Jul 14 04:42:11 manji kernel: Faking a node at [mem 0x0000000000000000-0x000000041effffff]
Jul 14 04:42:11 manji kernel: Initmem setup node 0 [mem 0x00000000-0x41effffff]
Jul 14 04:42:11 manji kernel:   NODE_DATA [mem 0x41dffa000-0x41dffdfff]
Jul 14 04:42:11 manji kernel:  [ffffea0000000000-ffffea00107fffff] PMD -> [ffff88040de00000-ffff88041d5fffff] on node 0
Jul 14 04:42:11 manji kernel: Zone ranges:
Jul 14 04:42:11 manji kernel:   DMA      [mem 0x00001000-0x00ffffff]
Jul 14 04:42:11 manji kernel:   DMA32    [mem 0x01000000-0xffffffff]
Jul 14 04:42:11 manji kernel:   Normal   [mem 0x100000000-0x41effffff]
Jul 14 04:42:11 manji kernel: Movable zone start for each node
Jul 14 04:42:11 manji kernel: Early memory node ranges
Jul 14 04:42:11 manji kernel:   node   0: [mem 0x00001000-0x0009cfff]
Jul 14 04:42:11 manji kernel:   node   0: [mem 0x00100000-0xbed9afff]
Jul 14 04:42:11 manji kernel:   node   0: [mem 0xbf51b000-0xbfdfffff]
Jul 14 04:42:11 manji kernel:   node   0: [mem 0x100000000-0x41effffff]
Jul 14 04:42:11 manji kernel: On node 0 totalpages: 4056604
Jul 14 04:42:11 manji kernel:   DMA zone: 64 pages used for memmap
Jul 14 04:42:11 manji kernel:   DMA zone: 21 pages reserved
Jul 14 04:42:11 manji kernel:   DMA zone: 3996 pages, LIFO batch:0
Jul 14 04:42:11 manji kernel:   DMA32 zone: 12186 pages used for memmap
Jul 14 04:42:11 manji kernel:   DMA32 zone: 779904 pages, LIFO batch:31
Jul 14 04:42:11 manji kernel:   Normal zone: 51136 pages used for memmap
Jul 14 04:42:11 manji kernel:   Normal zone: 3272704 pages, LIFO batch:31
Jul 14 04:42:11 manji kernel: ACPI: PM-Timer IO Port: 0x808
Jul 14 04:42:11 manji kernel: ACPI: Local APIC address 0xfee00000
Jul 14 04:42:11 manji kernel: ACPI: LAPIC (acpi_id[0x00] lapic_id[0x00] enabled)
Jul 14 04:42:11 manji kernel: ACPI: LAPIC (acpi_id[0x01] lapic_id[0x01] enabled)
Jul 14 04:42:11 manji kernel: ACPI: LAPIC (acpi_id[0x02] lapic_id[0x02] enabled)
Jul 14 04:42:11 manji kernel: ACPI: LAPIC (acpi_id[0x03] lapic_id[0x03] enabled)
Jul 14 04:42:11 manji kernel: ACPI: LAPIC_NMI (acpi_id[0x00] high edge lint[0x1])
Jul 14 04:42:11 manji kernel: ACPI: LAPIC_NMI (acpi_id[0x01] high edge lint[0x1])
Jul 14 04:42:11 manji kernel: ACPI: LAPIC_NMI (acpi_id[0x02] high edge lint[0x1])
Jul 14 04:42:11 manji kernel: ACPI: LAPIC_NMI (acpi_id[0x03] high edge lint[0x1])
Jul 14 04:42:11 manji kernel: ACPI: IOAPIC (id[0x02] address[0xfec00000] gsi_base[0])
Jul 14 04:42:11 manji kernel: IOAPIC[0]: apic_id 2, version 33, address 0xfec00000, GSI 0-23
Jul 14 04:42:11 manji kernel: ACPI: INT_SRC_OVR (bus 0 bus_irq 0 global_irq 2 dfl dfl)
Jul 14 04:42:11 manji kernel: ACPI: IRQ0 used by override.
Jul 14 04:42:11 manji kernel: ACPI: IRQ2 used by override.
Jul 14 04:42:11 manji kernel: ACPI: IRQ9 used by override.
Jul 14 04:42:11 manji kernel: Using ACPI (MADT) for SMP configuration information
Jul 14 04:42:11 manji kernel: ACPI: HPET id: 0x43538210 base: 0xfed00000
Jul 14 04:42:11 manji kernel: smpboot: Allowing 4 CPUs, 0 hotplug CPUs
Jul 14 04:42:11 manji kernel: nr_irqs_gsi: 40
Jul 14 04:42:11 manji kernel: e820: [mem 0xc0000000-0xfebfffff] available for PCI devices
Jul 14 04:42:11 manji kernel: setup_percpu: NR_CPUS:128 nr_cpumask_bits:128 nr_cpu_ids:4 nr_node_ids:1
Jul 14 04:42:11 manji kernel: PERCPU: Embedded 27 pages/cpu @ffff88041dc00000 s80832 r8192 d21568 u524288
Jul 14 04:42:11 manji kernel: pcpu-alloc: s80832 r8192 d21568 u524288 alloc=1*2097152
Jul 14 04:42:11 manji kernel: pcpu-alloc: [0] 0 1 2 3 
Jul 14 04:42:11 manji kernel: Built 1 zonelists in Zone order, mobility grouping on.  Total pages: 3993197
Jul 14 04:42:11 manji kernel: Policy zone: Normal
Jul 14 04:42:11 manji kernel: Kernel command line: BOOT_IMAGE=/vmlinuz-315-x86_64 root=UUID=bfa4ab6e-19a3-4601-ba2b-267c55841c73 rw cryptdevice=/dev/disk/by-uuid/70c08890-417a-497d-b6ab-c0d0357a63e2:cryptManjaro:allow-discards ipv6.disable=1 pnp.debug=1 loglevel=9 log_buf_len=10M printk.always_kmsg_dump=y printk.time=y mminit_loglevel=0 memory_corruption_check=1 fbcon=scrollback:4096k fbcon=font:ProFont6x11 acpi.debug_layer=0xfbff0000 acpi.debug_level=0xFFFFFFFD pnp.debug=1 radeon.dpm=1 radeonfb radeon.audio=0
Jul 14 04:42:11 manji kernel: PID hash table entries: 4096 (order: 3, 32768 bytes)
Jul 14 04:42:11 manji kernel: Checking aperture...
Jul 14 04:42:11 manji kernel: No AGP bridge found
Jul 14 04:42:11 manji kernel: Memory: 15868800K/16226416K available (6420K kernel code, 770K rwdata, 2812K rodata, 872K init, 2724K bss, 357616K reserved)
Jul 14 04:42:11 manji kernel: SLUB: HWalign=64, Order=0-3, MinObjects=0, CPUs=4, Nodes=1
Jul 14 04:42:11 manji kernel: Preemptible hierarchical RCU implementation.
Jul 14 04:42:11 manji kernel:         RCU dyntick-idle grace-period acceleration is enabled.
Jul 14 04:42:11 manji kernel:         Additional per-CPU info printed with stalls.
Jul 14 04:42:11 manji kernel:         RCU restricting CPUs from NR_CPUS=128 to nr_cpu_ids=4.
Jul 14 04:42:11 manji kernel: RCU: Adjusting geometry for rcu_fanout_leaf=16, nr_cpu_ids=4
Jul 14 04:42:11 manji kernel: NR_IRQS:8448 nr_irqs:712 16
Jul 14 04:42:11 manji kernel: spurious 8259A interrupt: IRQ7.
Jul 14 04:42:11 manji kernel: Console: colour dummy device 80x25
Jul 14 04:42:11 manji kernel: console [tty0] enabled
Jul 14 04:42:11 manji kernel: allocated 65011712 bytes of page_cgroup
Jul 14 04:42:11 manji kernel: please try 'cgroup_disable=memory' option if you don't want memory cgroups
Jul 14 04:42:11 manji kernel: hpet clockevent registered
Jul 14 04:42:11 manji kernel: tsc: Fast TSC calibration using PIT
Jul 14 04:42:11 manji kernel: tsc: Detected 1397.427 MHz processor
Jul 14 04:42:11 manji kernel: Calibrating delay loop (skipped), value calculated using timer frequency.. 2794.85 BogoMIPS (lpj=1397427)
Jul 14 04:42:11 manji kernel: pid_max: default: 32768 minimum: 301
Jul 14 04:42:11 manji kernel: ACPI: Core revision 20140214
Jul 14 04:42:11 manji kernel: ACPI: All ACPI Tables successfully acquired
Jul 14 04:42:11 manji kernel: Security Framework initialized
Jul 14 04:42:11 manji kernel: Dentry cache hash table entries: 2097152 (order: 12, 16777216 bytes)
Jul 14 04:42:11 manji kernel: Inode-cache hash table entries: 1048576 (order: 11, 8388608 bytes)
Jul 14 04:42:11 manji kernel: Mount-cache hash table entries: 32768 (order: 6, 262144 bytes)
Jul 14 04:42:11 manji kernel: Mountpoint-cache hash table entries: 32768 (order: 6, 262144 bytes)
Jul 14 04:42:11 manji kernel: Initializing cgroup subsys memory
Jul 14 04:42:11 manji kernel: Initializing cgroup subsys devices
Jul 14 04:42:11 manji kernel: Initializing cgroup subsys freezer
Jul 14 04:42:11 manji kernel: Initializing cgroup subsys blkio
Jul 14 04:42:11 manji kernel: tseg: 00bfe00000
Jul 14 04:42:11 manji kernel: CPU: Physical Processor ID: 0
Jul 14 04:42:11 manji kernel: CPU: Processor Core ID: 0
Jul 14 04:42:11 manji kernel: mce: CPU supports 6 MCE banks
Jul 14 04:42:11 manji kernel: Last level iTLB entries: 4KB 512, 2MB 16, 4MB 8
                              Last level dTLB entries: 4KB 1024, 2MB 128, 4MB 64, 1GB 0
                              tlb_flushall_shift: 6
Jul 14 04:42:11 manji kernel: Freeing SMP alternatives memory: 20K (ffffffff81d9c000 - ffffffff81da1000)
Jul 14 04:42:11 manji kernel: ..TIMER: vector=0x30 apic1=0 pin1=2 apic2=-1 pin2=-1
Jul 14 04:42:11 manji kernel: smpboot: CPU0: AMD A6-3400M APU with Radeon(tm) HD Graphics (fam: 12, model: 01, stepping: 00)
Jul 14 04:42:11 manji kernel: Performance Events: AMD PMU driver.
Jul 14 04:42:11 manji kernel: ... version:                0
Jul 14 04:42:11 manji kernel: ... bit width:              48
Jul 14 04:42:11 manji kernel: ... generic registers:      4
Jul 14 04:42:11 manji kernel: ... value mask:             0000ffffffffffff
Jul 14 04:42:11 manji kernel: ... max period:             00007fffffffffff
Jul 14 04:42:11 manji kernel: ... fixed-purpose events:   0
Jul 14 04:42:11 manji kernel: ... event mask:             000000000000000f
Jul 14 04:42:11 manji kernel: MCE: In-kernel MCE decoding enabled.
Jul 14 04:42:11 manji kernel: NMI watchdog: enabled on all CPUs, permanently consumes one hw-PMU counter.
Jul 14 04:42:11 manji kernel: x86: Booting SMP configuration:
Jul 14 04:42:11 manji kernel: .... node  #0, CPUs:      #1
Jul 14 04:42:11 manji kernel: TSC synchronization [CPU#0 -> CPU#1]:
Jul 14 04:42:11 manji kernel: Measured 135619283 cycles TSC warp between CPUs, turning off TSC clock.
Jul 14 04:42:11 manji kernel: tsc: Marking TSC unstable due to check_tsc_sync_source failed
Jul 14 04:42:11 manji kernel:  #2 #3
Jul 14 04:42:11 manji kernel: x86: Booted up 1 node, 4 CPUs
Jul 14 04:42:11 manji kernel: smpboot: Total of 4 processors activated (11179.41 BogoMIPS)
Jul 14 04:42:11 manji kernel: devtmpfs: initialized
Jul 14 04:42:11 manji kernel: device: 'platform': device_add
Jul 14 04:42:11 manji kernel: bus: 'platform': registered
Jul 14 04:42:11 manji kernel: bus: 'cpu': registered
Jul 14 04:42:11 manji kernel: device: 'cpu': device_add
Jul 14 04:42:11 manji kernel: bus: 'container': registered
Jul 14 04:42:11 manji kernel: device: 'container': device_add
Jul 14 04:42:11 manji kernel: bus: 'workqueue': registered
Jul 14 04:42:11 manji kernel: device: 'workqueue': device_add
Jul 14 04:42:11 manji kernel: kworker/u8:0 (37) used greatest stack depth: 14128 bytes left
Jul 14 04:42:11 manji kernel: atomic64 test passed for x86-64 platform with CX8 and with SSE
Jul 14 04:42:11 manji kernel: device class 'regulator': registering
Jul 14 04:42:11 manji kernel: Registering platform device 'reg-dummy'. Parent at platform
Jul 14 04:42:11 manji kernel: device: 'reg-dummy': device_add
Jul 14 04:42:11 manji kernel: bus: 'platform': add device reg-dummy
Jul 14 04:42:11 manji kernel: bus: 'platform': add driver reg-dummy
Jul 14 04:42:11 manji kernel: bus: 'platform': driver_probe_device: matched device reg-dummy with driver reg-dummy
Jul 14 04:42:11 manji kernel: bus: 'platform': really_probe: probing driver reg-dummy with device reg-dummy
Jul 14 04:42:11 manji kernel: device: 'regulator.0': device_add
Jul 14 04:42:11 manji kernel: regulator-dummy: no parameters
Jul 14 04:42:11 manji kernel: driver: 'reg-dummy': driver_bound: bound to device 'reg-dummy'
Jul 14 04:42:11 manji kernel: bus: 'platform': really_probe: bound device reg-dummy to driver reg-dummy
Jul 14 04:42:11 manji kernel: NET: Registered protocol family 16
Jul 14 04:42:11 manji kernel: device class 'bdi': registering
Jul 14 04:42:11 manji kernel: bus: 'platform': add driver ramoops
Jul 14 04:42:11 manji kernel: device class 'pci_bus': registering
Jul 14 04:42:11 manji kernel: bus: 'pci': registered
Jul 14 04:42:11 manji kernel: device class 'backlight': registering
Jul 14 04:42:11 manji kernel: device class 'tty': registering
Jul 14 04:42:11 manji kernel: device class 'vtconsole': registering
Jul 14 04:42:11 manji kernel: device: 'vtcon0': device_add
Jul 14 04:42:11 manji kernel: bus: 'node': registered
Jul 14 04:42:11 manji kernel: device: 'node': device_add
Jul 14 04:42:11 manji kernel: bus: 'i2c': registered
Jul 14 04:42:11 manji kernel: bus: 'i2c': add driver dummy
Jul 14 04:42:11 manji kernel: i2c-core: driver [dummy] registered
Jul 14 04:42:11 manji kernel: cpuidle: using governor ladder
Jul 14 04:42:11 manji kernel: cpuidle: using governor menu
Jul 14 04:42:11 manji kernel: ACPI FADT declares the system doesn't support PCIe ASPM, so disable it
Jul 14 04:42:11 manji kernel: ACPI: bus type PCI registered
Jul 14 04:42:11 manji kernel: acpiphp: ACPI Hot Plug PCI Controller Driver version: 0.5
Jul 14 04:42:11 manji kernel: device class 'dmi': registering
Jul 14 04:42:11 manji kernel: device: 'id': device_add
Jul 14 04:42:11 manji kernel: PCI: MMCONFIG for domain 0000 [bus 00-3f] at [mem 0xf8000000-0xfbffffff] (base 0xf8000000)
Jul 14 04:42:11 manji kernel: PCI: not using MMCONFIG
Jul 14 04:42:11 manji kernel: PCI: Using configuration type 1 for base access
Jul 14 04:42:11 manji kernel: PCI: Using configuration type 1 for extended access
Jul 14 04:42:11 manji kernel: device: 'node0': device_add
Jul 14 04:42:11 manji kernel: bus: 'node': add device node0
Jul 14 04:42:11 manji kernel: device: 'cpu0': device_add
Jul 14 04:42:11 manji kernel: bus: 'cpu': add device cpu0
Jul 14 04:42:11 manji kernel: device: 'cpu1': device_add
Jul 14 04:42:11 manji kernel: bus: 'cpu': add device cpu1
Jul 14 04:42:11 manji kernel: device: 'cpu2': device_add
Jul 14 04:42:11 manji kernel: bus: 'cpu': add device cpu2
Jul 14 04:42:11 manji kernel: device: 'cpu3': device_add
Jul 14 04:42:11 manji kernel: bus: 'cpu': add device cpu3
Jul 14 04:42:11 manji kernel: mtrr: your CPUs had inconsistent variable MTRR settings
Jul 14 04:42:11 manji kernel: mtrr: probably your BIOS does not setup all CPUs.
Jul 14 04:42:11 manji kernel: mtrr: corrected configuration.
Jul 14 04:42:11 manji kernel: device: 'writeback': device_add
Jul 14 04:42:11 manji kernel: bus: 'workqueue': add device writeback
Jul 14 04:42:11 manji kernel: device: 'default': device_add
Jul 14 04:42:11 manji kernel: device class 'block': registering
Jul 14 04:42:11 manji kernel: device class 'graphics': registering
Jul 14 04:42:11 manji kernel: ACPI: Added _OSI(Module Device)
Jul 14 04:42:11 manji kernel: ACPI: Added _OSI(Processor Device)
Jul 14 04:42:11 manji kernel: ACPI: Added _OSI(3.0 _SCP Extensions)
Jul 14 04:42:11 manji kernel: ACPI: Added _OSI(Processor Aggregator Device)
Jul 14 04:42:11 manji kernel: 
                              **** Context Switch from TID 4294967295 to TID 137592832 ****
Jul 14 04:42:11 manji kernel:     utils-0051 util_eval_error       : Evaluate [\_SB_.PCI0.LPC0.EC0_._GLK]: AE_NOT_FOUND
Jul 14 04:42:11 manji kernel: Executing  Method       \_SB_.PCI0.LPC0.EC0_._REG
Jul 14 04:42:11 manji kernel: Executing  Method       \_SB_.PCI0.LPC0.EC0_._REG
Jul 14 04:42:11 manji kernel: Executing  Method       \_SB_.PCI0.LPC0.EC0_._REG
Jul 14 04:42:11 manji kernel: Executing  Method       \_SB_.PCI0.LPC0.EC0_._REG
Jul 14 04:42:11 manji kernel: Initializing Region       \_SB_.OSTY
Jul 14 04:42:11 manji kernel: Initializing Region       \_SB_.PCI0.NBMS
Jul 14 04:42:11 manji kernel: Initializing Region       \_SB_.PCI0.NBXP
Jul 14 04:42:11 manji kernel: Initializing Region       \_SB_.PCI0.K8ST
Jul 14 04:42:11 manji kernel: Initializing Region       \_SB_.PCI0.BAR1
Jul 14 04:42:11 manji kernel: Initializing Region       \_SB_.PCI0.PB2_.XPEX
Jul 14 04:42:11 manji kernel: Initializing Region       \_SB_.PCI0.PB2_.PCFG
Jul 14 04:42:11 manji kernel: Initializing Region       \_SB_.PCI0.PB2_.XPCB
Jul 14 04:42:11 manji kernel: Initializing Region       \_SB_.PCI0.PB2_.XPRI
Jul 14 04:42:11 manji kernel: Initializing Region       \_SB_.PCI0.PB2_.VGA_.PCFG
Jul 14 04:42:11 manji kernel: Initializing Region       \_SB_.PCI0.PB2_.HDAU.PCFG
Jul 14 04:42:11 manji kernel: Initializing Region       \_SB_.PCI0.PB3_.XPEX
Jul 14 04:42:11 manji kernel: Initializing Region       \_SB_.PCI0.PB3_.PCFG
Jul 14 04:42:11 manji kernel: Initializing Region       \_SB_.PCI0.PB3_.XPCB
Jul 14 04:42:11 manji kernel: Initializing Region       \_SB_.PCI0.PB3_.XPRI
Jul 14 04:42:11 manji kernel: Initializing Region       \_SB_.PCI0.PB3_.VGA_.PCFG
Jul 14 04:42:11 manji kernel: Initializing Region       \_SB_.PCI0.PB3_.HDAU.PCFG
Jul 14 04:42:11 manji kernel: Initializing Region       \_SB_.PCI0.PB4_.XPEX
Jul 14 04:42:11 manji kernel: Initializing Region       \_SB_.PCI0.PB4_.PCFG
Jul 14 04:42:11 manji kernel: Initializing Region       \_SB_.PCI0.PB4_.XPCB
Jul 14 04:42:11 manji kernel: Initializing Region       \_SB_.PCI0.PB4_.XPRI
Jul 14 04:42:11 manji kernel: Initializing Region       \_SB_.PCI0.PB4_.XPDV.PCFG
Jul 14 04:42:11 manji kernel: Initializing Region       \_SB_.PCI0.PB5_.XPEX
Jul 14 04:42:11 manji kernel: Initializing Region       \_SB_.PCI0.PB5_.PCFG
Jul 14 04:42:11 manji kernel: Initializing Region       \_SB_.PCI0.PB5_.XPCB
Jul 14 04:42:11 manji kernel: Initializing Region       \_SB_.PCI0.PB5_.XPRI
Jul 14 04:42:11 manji kernel: Initializing Region       \_SB_.PCI0.PB5_.XPDV.PCFG
Jul 14 04:42:11 manji kernel: Initializing Region       \_SB_.PCI0.PB6_.XPEX
Jul 14 04:42:11 manji kernel: Initializing Region       \_SB_.PCI0.PB6_.PCFG
Jul 14 04:42:11 manji kernel: Initializing Region       \_SB_.PCI0.PB6_.XPCB
Jul 14 04:42:11 manji kernel: Initializing Region       \_SB_.PCI0.PB6_.XPRI
Jul 14 04:42:11 manji kernel: Initializing Region       \_SB_.PCI0.PB6_.XPDV.PCFG
Jul 14 04:42:11 manji kernel: Initializing Region       \_SB_.PCI0.PB7_.XPEX
Jul 14 04:42:11 manji kernel: Initializing Region       \_SB_.PCI0.PB7_.PCFG
Jul 14 04:42:11 manji kernel: Initializing Region       \_SB_.PCI0.PB7_.XPCB
Jul 14 04:42:11 manji kernel: Initializing Region       \_SB_.PCI0.PB7_.XPRI
Jul 14 04:42:11 manji kernel: Initializing Region       \_SB_.PCI0.PB7_.XPDV.PCFG
Jul 14 04:42:11 manji kernel: Initializing Region       \_SB_.PCI0.SATC
Jul 14 04:42:11 manji kernel: Initializing Region       \_SB_.PCI0.RMEM
Jul 14 04:42:11 manji kernel: Initializing Region       \_SB_.PCI0.SATA.SATX
Jul 14 04:42:11 manji kernel: Initializing Region       \_SB_.PCI0.SATA.BAR5
Jul 14 04:42:11 manji kernel: Initializing Region       \_SB_.PCI0.SMB_.SBRV
Jul 14 04:42:11 manji kernel: Initializing Region       \_SB_.PCI0.SMB_.PMIO
Jul 14 04:42:11 manji kernel: Initializing Region       \_SB_.PCI0.SMB_.ERMM
Jul 14 04:42:11 manji kernel: Initializing Region       \_SB_.PCI0.SMB_.P1E0
Jul 14 04:42:11 manji kernel: Initializing Region       \_SB_.PCI0.SMB_.ABIO
Jul 14 04:42:11 manji kernel: Initializing Region       \_SB_.PCI0.SMB_.SMB0
Jul 14 04:42:11 manji kernel: Initializing Region       \_SB_.PCI0.LPC0.PIRQ
Jul 14 04:42:11 manji kernel: Initializing Region       \_SB_.PCI0.LPC0.LPCR
Jul 14 04:42:11 manji kernel: Initializing Region       \_SB_.PCI0.LPC0.LPCS
Jul 14 04:42:11 manji kernel: Initializing Region       \_SB_.PCI0.LPC0.SMI0
Jul 14 04:42:11 manji kernel: Initializing Region       \_SB_.PCI0.LPC0.SMI1
Jul 14 04:42:11 manji kernel: Initializing Region       \_SB_.PCI0.LPC0.EC0_.ECO1
Jul 14 04:42:11 manji kernel: Initializing Region       \_SB_.PCI0.LPC0.EC0_.ECO2
Jul 14 04:42:11 manji kernel: Initializing Region       \_SB_.PCI0.LPC0.EC0_.ECMB
Jul 14 04:42:11 manji kernel: Initializing Region       \_SB_.PCI0.LPC0.EC0_.RAM_
Jul 14 04:42:11 manji kernel: Initializing Region       \_SB_.PCI0.LPC0.EC0_.CMOS
Jul 14 04:42:11 manji kernel: Initializing Region       \_SB_.PCI0.LPC0.EC0_.VPC0.ERAM
Jul 14 04:42:11 manji kernel: Initializing Region       \_SB_.PCI0.SPB0.PCFG
Jul 14 04:42:11 manji kernel: Initializing Region       \_SB_.PCI0.SPB0.XPCB
Jul 14 04:42:11 manji kernel: Initializing Region       \_SB_.PCI0.SPB0.XPDV.PCFG
Jul 14 04:42:11 manji kernel: Initializing Region       \_SB_.PCI0.SPB1.PCFG
Jul 14 04:42:11 manji kernel: Initializing Region       \_SB_.PCI0.SPB1.XPCB
Jul 14 04:42:11 manji kernel: Initializing Region       \_SB_.PCI0.SPB1.XPDV.PCFG
Jul 14 04:42:11 manji kernel: Initializing Region       \_SB_.PCI0.SPB2.PCFG
Jul 14 04:42:11 manji kernel: Initializing Region       \_SB_.PCI0.SPB2.XPCB
Jul 14 04:42:11 manji kernel: Initializing Region       \_SB_.PCI0.SPB2.XPDV.PCFG
Jul 14 04:42:11 manji kernel: Initializing Region       \_SB_.PCI0.SPB3.PCFG
Jul 14 04:42:11 manji kernel: Initializing Region       \_SB_.PCI0.SPB3.XPCB
Jul 14 04:42:11 manji kernel: Initializing Region       \_SB_.PCI0.SPB3.XPDV.PCFG
Jul 14 04:42:11 manji kernel: Initializing Region       \_SB_.PCI0.VGA_.REVD
Jul 14 04:42:11 manji kernel: Initializing BufferField  \_SB_.AMW0.WLID
Jul 14 04:42:11 manji kernel: Initializing Region       \DEB2
Jul 14 04:42:11 manji kernel: Initializing Region       \PMIO
Jul 14 04:42:11 manji kernel: Initializing Region       \P01_
Jul 14 04:42:11 manji kernel: Initializing Region       \CNVS
Jul 14 04:42:11 manji kernel: Initializing Region       \SPRT
Jul 14 04:42:11 manji kernel: Initializing Region       \CMIO
Jul 14 04:42:11 manji kernel: Executing  Method       \_SB_._STA
Jul 14 04:42:11 manji kernel: Executing  Method       \_SB_._INI
Jul 14 04:42:11 manji kernel: Executing  Method       \_SB_.PCI0._STA
Jul 14 04:42:11 manji kernel: Executing  Method       \_SB_.PCI0._INI
Jul 14 04:42:11 manji kernel: [Firmware Bug]: ACPI: BIOS _OSI(Linux) query ignored
Jul 14 04:42:11 manji kernel: Executing  Method       \_SB_.PCI0.SATA._STA
Jul 14 04:42:11 manji kernel: Executing  Method       \_SB_.PCI0.SATA._INI
Jul 14 04:42:11 manji kernel: Executing  Method       \_SB_.PCI0.LPC0.EC0_._REG
Jul 14 04:42:11 manji kernel: ACPI: Interpreter enabled
Jul 14 04:42:11 manji kernel: ACPI: (supports S0 S5)
Jul 14 04:42:11 manji kernel: ACPI: Using IOAPIC for interrupt routing
Jul 14 04:42:11 manji kernel: PCI: MMCONFIG for domain 0000 [bus 00-3f] at [mem 0xf8000000-0xfbffffff] (base 0xf8000000)
Jul 14 04:42:11 manji kernel: PCI: MMCONFIG at [mem 0xf8000000-0xfbffffff] reserved in ACPI motherboard resources
Jul 14 04:42:11 manji kernel: bus: 'acpi': registered
Jul 14 04:42:11 manji kernel: PCI: Using host bridge windows from ACPI; if necessary, use "pci=nocrs" and report a bug
Jul 14 04:42:11 manji kernel:      scan-1133 get_device_data       : No context for object [ffffffffffffffff]
Jul 14 04:42:11 manji kernel:     utils-0051 util_eval_error       : Evaluate [\._STA]: AE_NOT_FOUND
Jul 14 04:42:11 manji kernel: device: 'LNXSYSTM:00': device_add
Jul 14 04:42:11 manji kernel: bus: 'acpi': add device LNXSYSTM:00
Jul 14 04:42:11 manji kernel:     utils-0051 util_eval_error       : Evaluate [\._SUN]: AE_NOT_FOUND
Jul 14 04:42:11 manji kernel:      scan-1916 add_single_object     : Added LNXSYSTM:00 [\] parent (null)
Jul 14 04:42:11 manji kernel:      scan-1133 get_device_data       : No context for object [ffff88040d81e000]
Jul 14 04:42:11 manji kernel:      scan-1133 get_device_data       : No context for object [ffff88040d8387d0]
Jul 14 04:42:11 manji kernel:      scan-1133 get_device_data       : No context for object [ffff88040d8387f8]
Jul 14 04:42:11 manji kernel:      scan-1133 get_device_data       : No context for object [ffff88040d838820]
Jul 14 04:42:11 manji kernel:      scan-1133 get_device_data       : No context for object [ffff88040d838848]
Jul 14 04:42:11 manji kernel:      scan-1133 get_device_data       : No context for object [ffff88040d838870]
Jul 14 04:42:11 manji kernel:      scan-1133 get_device_data       : No context for object [ffff88040d838898]
Jul 14 04:42:11 manji kernel:      scan-1133 get_device_data       : No context for object [ffff88040d8388c0]
Jul 14 04:42:11 manji kernel:      scan-1133 get_device_data       : No context for object [ffff88040d8388e8]
Jul 14 04:42:11 manji kernel:      scan-1133 get_device_data       : No context for object [ffff88040d83a398]
Jul 14 04:42:11 manji kernel:      scan-1133 get_device_data       : No context for object [ffff88040d81e028]
Jul 14 04:42:11 manji kernel:      scan-1133 get_device_data       : No context for object [ffff88040d81e168]
Jul 14 04:42:11 manji kernel:     utils-0051 util_eval_error       : Evaluate [\_PR_.C000._STA]: AE_NOT_FOUND
Jul 14 04:42:11 manji kernel:      scan-1133 get_device_data       : No context for object [ffff88040d81e028]
Jul 14 04:42:11 manji kernel: device: 'LNXCPU:00': device_add
Jul 14 04:42:11 manji kernel: bus: 'acpi': add device LNXCPU:00
Jul 14 04:42:11 manji kernel:     utils-0051 util_eval_error       : Evaluate [\_PR_.C000._SUN]: AE_NOT_FOUND
Jul 14 04:42:11 manji kernel:      scan-1916 add_single_object     : Added LNXCPU:00 [\_PR_.C000] parent LNXSYSTM:00
Jul 14 04:42:11 manji kernel:      scan-1133 get_device_data       : No context for object [ffff88040d83d398]
Jul 14 04:42:11 manji kernel:      scan-1133 get_device_data       : No context for object [ffff88040d83d3c0]
Jul 14 04:42:11 manji kernel:      scan-1133 get_device_data       : No context for object [ffff88040d83d3e8]
Jul 14 04:42:11 manji kernel:      scan-1133 get_device_data       : No context for object [ffff88040d83d410]
Jul 14 04:42:11 manji kernel:      scan-1133 get_device_data       : No context for object [ffff88040d83d438]
Jul 14 04:42:11 manji kernel:      scan-1133 get_device_data       : No context for object [ffff88040d83d460]
Jul 14 04:42:11 manji kernel:      scan-1133 get_device_data       : No context for object [ffff88040d81e190]
Jul 14 04:42:11 manji kernel:     utils-0051 util_eval_error       : Evaluate [\_PR_.C001._STA]: AE_NOT_FOUND
Jul 14 04:42:11 manji kernel:      scan-1133 get_device_data       : No context for object [ffff88040d81e028]
Jul 14 04:42:11 manji kernel: device: 'LNXCPU:01': device_add
Jul 14 04:42:11 manji kernel: bus: 'acpi': add device LNXCPU:01
Jul 14 04:42:11 manji kernel:     utils-0051 util_eval_error       : Evaluate [\_PR_.C001._SUN]: AE_NOT_FOUND
Jul 14 04:42:11 manji kernel:      scan-1916 add_single_object     : Added LNXCPU:01 [\_PR_.C001] parent LNXSYSTM:00
Jul 14 04:42:11 manji kernel:      scan-1133 get_device_data       : No context for object [ffff88040d83d488]
Jul 14 04:42:11 manji kernel:      scan-1133 get_device_data       : No context for object [ffff88040d83d4b0]
Jul 14 04:42:11 manji kernel:      scan-1133 get_device_data       : No context for object [ffff88040d83d4d8]
Jul 14 04:42:11 manji kernel:      scan-1133 get_device_data       : No context for object [ffff88040d83d500]
Jul 14 04:42:11 manji kernel:      scan-1133 get_device_data       : No context for object [ffff88040d83d528]
Jul 14 04:42:11 manji kernel:      scan-1133 get_device_data       : No context for object [ffff88040d83d550]
Jul 14 04:42:11 manji kernel:      scan-1133 get_device_data       : No context for object [ffff88040d81e1b8]
Jul 14 04:42:11 manji kernel:     utils-0051 util_eval_error       : Evaluate [\_PR_.C002._STA]: AE_NOT_FOUND
Jul 14 04:42:11 manji kernel:      scan-1133 get_device_data       : No context for object [ffff88040d81e028]
Jul 14 04:42:11 manji kernel: device: 'LNXCPU:02': device_add
Jul 14 04:42:11 manji kernel: bus: 'acpi': add device LNXCPU:02
Jul 14 04:42:11 manji kernel:     utils-0051 util_eval_error       : Evaluate [\_PR_.C002._SUN]: AE_NOT_FOUND
Jul 14 04:42:11 manji kernel:      scan-1916 add_single_object     : Added LNXCPU:02 [\_PR_.C002] parent LNXSYSTM:00
Jul 14 04:42:11 manji kernel:      scan-1133 get_device_data       : No context for object [ffff88040d83d578]
Jul 14 04:42:11 manji kernel:      scan-1133 get_device_data       : No context for object [ffff88040d83d5a0]
Jul 14 04:42:11 manji kernel:      scan-1133 get_device_data       : No context for object [ffff88040d83d5c8]
Jul 14 04:42:11 manji kernel:      scan-1133 get_device_data       : No context for object [ffff88040d83d5f0]
Jul 14 04:42:11 manji kernel:      scan-1133 get_device_data       : No context for object [ffff88040d83d618]
Jul 14 04:42:11 manji kernel:      scan-1133 get_device_data       : No context for object [ffff88040d83d640]
Jul 14 04:42:11 manji kernel:      scan-1133 get_device_data       : No context for object [ffff88040d81e1e0]
Jul 14 04:42:11 manji kernel:     utils-0051 util_eval_error       : Evaluate [\_PR_.C003._STA]: AE_NOT_FOUND
Jul 14 04:42:11 manji kernel:      scan-1133 get_device_data       : No context for object [ffff88040d81e028]
Jul 14 04:42:11 manji kernel: device: 'LNXCPU:03': device_add
Jul 14 04:42:11 manji kernel: bus: 'acpi': add device LNXCPU:03
Jul 14 04:42:11 manji kernel:     utils-0051 util_eval_error       : Evaluate [\_PR_.C003._SUN]: AE_NOT_FOUND
Jul 14 04:42:11 manji kernel:      scan-1916 add_single_object     : Added LNXCPU:03 [\_PR_.C003] parent LNXSYSTM:00
Jul 14 04:42:11 manji kernel:      scan-1133 get_device_data       : No context for object [ffff88040d83d668]
Jul 14 04:42:11 manji kernel:      scan-1133 get_device_data       : No context for object [ffff88040d83d690]
Jul 14 04:42:11 manji kernel:      scan-1133 get_device_data       : No context for object [ffff88040d83d6b8]
Jul 14 04:42:11 manji kernel:      scan-1133 get_device_data       : No context for object [ffff88040d83d6e0]
Jul 14 04:42:11 manji kernel:      scan-1133 get_device_data       : No context for object [ffff88040d83d708]
Jul 14 04:42:11 manji kernel:      scan-1133 get_device_data       : No context for object [ffff88040d83d730]
Jul 14 04:42:11 manji kernel:      scan-1133 get_device_data       : No context for object [ffff88040d81e050]
Jul 14 04:42:11 manji kernel:     utils-0051 util_eval_error       : Evaluate [\_SB_._STA]: AE_NOT_FOUND
Jul 14 04:42:11 manji kernel: device: 'LNXSYBUS:00': device_add
Jul 14 04:42:11 manji kernel: bus: 'acpi': add device LNXSYBUS:00
Jul 14 04:42:11 manji kernel:     utils-0051 util_eval_error       : Evaluate [\_SB_._SUN]: AE_NOT_FOUND
Jul 14 04:42:11 manji kernel:      scan-1916 add_single_object     : Added LNXSYBUS:00 [\_SB_] parent LNXSYSTM:00
Jul 14 04:42:11 manji kernel:      scan-1133 get_device_data       : No context for object [ffff88040d81e3c0]
Jul 14 04:42:11 manji kernel:      scan-1133 get_device_data       : No context for object [ffff88040d81e3e8]
Jul 14 04:42:11 manji kernel:      scan-1133 get_device_data       : No context for object [ffff88040d81e410]
Jul 14 04:42:11 manji kernel:      scan-1133 get_device_data       : No context for object [ffff88040d81e438]
Jul 14 04:42:11 manji kernel:      scan-1133 get_device_data       : No context for object [ffff88040d81e460]
Jul 14 04:42:11 manji kernel:      scan-1133 get_device_data       : No context for object [ffff88040d81e488]
Jul 14 04:42:11 manji kernel:      scan-1133 get_device_data       : No context for object [ffff88040d81e4b0]
Jul 14 04:42:11 manji kernel:      scan-1133 get_device_data       : No context for object [ffff88040d81e5a0]
Jul 14 04:42:11 manji kernel:     utils-0051 util_eval_error       : Evaluate [\_SB_.PWRB._STA]: AE_NOT_FOUND
Jul 14 04:42:11 manji kernel: device: 'PNP0C0C:00': device_add
Jul 14 04:42:11 manji kernel: bus: 'acpi': add device PNP0C0C:00
Jul 14 04:42:11 manji kernel:     utils-0051 util_eval_error       : Evaluate [\_SB_.PWRB._SUN]: AE_NOT_FOUND
Jul 14 04:42:11 manji kernel:      scan-1916 add_single_object     : Added PNP0C0C:00 [\_SB_.PWRB] parent LNXSYBUS:00
Jul 14 04:42:11 manji kernel:      scan-1133 get_device_data       : No context for object [ffff88040d81e5c8]
Jul 14 04:42:11 manji kernel:      scan-1133 get_device_data       : No context for object [ffff88040d81e5f0]
Jul 14 04:42:11 manji kernel:     utils-0051 util_eval_error       : Evaluate [\_SB_.PCI0._STA]: AE_NOT_FOUND
Jul 14 04:42:11 manji kernel: device: 'PNP0A08:00': device_add
Jul 14 04:42:11 manji kernel: bus: 'acpi': add device PNP0A08:00
Jul 14 04:42:11 manji kernel:     utils-0051 util_eval_error       : Evaluate [\_SB_.PCI0._SUN]: AE_NOT_FOUND
Jul 14 04:42:11 manji kernel:      scan-1916 add_single_object     : Added PNP0A08:00 [\_SB_.PCI0] parent LNXSYBUS:00
Jul 14 04:42:11 manji kernel:      scan-1133 get_device_data       : No context for object [ffff88040d81e618]
Jul 14 04:42:11 manji kernel:      scan-1133 get_device_data       : No context for object [ffff88040d81e640]
Jul 14 04:42:11 manji kernel:      scan-1133 get_device_data       : No context for object [ffff88040d81e668]
Jul 14 04:42:11 manji kernel:      scan-1133 get_device_data       : No context for object [ffff88040d81e690]
Jul 14 04:42:11 manji kernel:      scan-1133 get_device_data       : No context for object [ffff88040d81e6b8]
Jul 14 04:42:11 manji kernel:      scan-1133 get_device_data       : No context for object [ffff88040d81e6e0]
Jul 14 04:42:11 manji kernel:      scan-1133 get_device_data       : No context for object [ffff88040d81e708]
Jul 14 04:42:11 manji kernel:      scan-1133 get_device_data       : No context for object [ffff88040d81e730]
Jul 14 04:42:11 manji kernel:      scan-1133 get_device_data       : No context for object [ffff88040d81e758]
Jul 14 04:42:11 manji kernel:      scan-1133 get_device_data       : No context for object [ffff88040d81e780]
Jul 14 04:42:11 manji kernel:      scan-1133 get_device_data       : No context for object [ffff88040d81e7a8]
Jul 14 04:42:11 manji kernel:      scan-1133 get_device_data       : No context for object [ffff88040d81e7d0]
Jul 14 04:42:11 manji kernel:      scan-1133 get_device_data       : No context for object [ffff88040d81e7f8]
Jul 14 04:42:11 manji kernel:      scan-1133 get_device_data       : No context for object [ffff88040d81e820]
Jul 14 04:42:11 manji kernel:      scan-1133 get_device_data       : No context for object [ffff88040d81e848]
Jul 14 04:42:11 manji kernel:      scan-1133 get_device_data       : No context for object [ffff88040d81e870]
Jul 14 04:42:11 manji kernel:      scan-1133 get_device_data       : No context for object [ffff88040d81e898]
Jul 14 04:42:11 manji kernel:      scan-1133 get_device_data       : No context for object [ffff88040d81e8c0]
Jul 14 04:42:11 manji kernel:      scan-1133 get_device_data       : No context for object [ffff88040d81e8e8]
Jul 14 04:42:11 manji kernel:      scan-1133 get_device_data       : No context for object [ffff88040d81e910]
Jul 14 04:42:11 manji kernel:      scan-1133 get_device_data       : No context for object [ffff88040d81e938]
Jul 14 04:42:11 manji kernel:      scan-1133 get_device_data       : No context for object [ffff88040d81e960]
Jul 14 04:42:11 manji kernel:      scan-1133 get_device_data       : No context for object [ffff88040d81e988]
Jul 14 04:42:11 manji kernel:      scan-1133 get_device_data       : No context for object [ffff88040d81e9b0]
Jul 14 04:42:11 manji kernel:      scan-1133 get_device_data       : No context for object [ffff88040d81e9d8]
Jul 14 04:42:11 manji kernel:      scan-1133 get_device_data       : No context for object [ffff88040d81ea00]
Jul 14 04:42:11 manji kernel:      scan-1133 get_device_data       : No context for object [ffff88040d81ea28]
Jul 14 04:42:11 manji kernel:      scan-1133 get_device_data       : No context for object [ffff88040d81ea50]
Jul 14 04:42:11 manji kernel:      scan-1133 get_device_data       : No context for object [ffff88040d81ea78]
Jul 14 04:42:11 manji kernel:      scan-1133 get_device_data       : No context for object [ffff88040d81eaa0]
Jul 14 04:42:11 manji kernel:      scan-1133 get_device_data       : No context for object [ffff88040d81eac8]
Jul 14 04:42:11 manji kernel:      scan-1133 get_device_data       : No context for object [ffff88040d81eaf0]
Jul 14 04:42:11 manji kernel:      scan-1133 get_device_data       : No context for object [ffff88040d81eb18]
Jul 14 04:42:11 manji kernel:      scan-1133 get_device_data       : No context for object [ffff88040d81eb40]
Jul 14 04:42:11 manji kernel:      scan-1133 get_device_data       : No context for object [ffff88040d81eb68]
Jul 14 04:42:11 manji kernel:      scan-1133 get_device_data       : No context for object [ffff88040d81eb90]
Jul 14 04:42:11 manji kernel:      scan-1133 get_device_data       : No context for object [ffff88040d81ebb8]
Jul 14 04:42:11 manji kernel:      scan-1133 get_device_data       : No context for object [ffff88040d81ebe0]
Jul 14 04:42:11 manji kernel:      scan-1133 get_device_data       : No context for object [ffff88040d81ec08]
Jul 14 04:42:11 manji kernel:      scan-1133 get_device_data       : No context for object [ffff88040d81ec30]
Jul 14 04:42:11 manji kernel:      scan-1133 get_device_data       : No context for object [ffff88040d81ec58]
Jul 14 04:42:11 manji kernel:      scan-1133 get_device_data       : No context for object [ffff88040d81ec80]
Jul 14 04:42:11 manji kernel:      scan-1133 get_device_data       : No context for object [ffff88040d81eca8]
Jul 14 04:42:11 manji kernel:      scan-1133 get_device_data       : No context for object [ffff88040d81ecd0]
Jul 14 04:42:11 manji kernel:      scan-1133 get_device_data       : No context for object [ffff88040d81ecf8]
Jul 14 04:42:11 manji kernel:      scan-1133 get_device_data       : No context for object [ffff88040d81ed20]
Jul 14 04:42:11 manji kernel:      scan-1133 get_device_data       : No context for object [ffff88040d81ed48]
Jul 14 04:42:11 manji kernel:      scan-1133 get_device_data       : No context for object [ffff88040d81ed70]
Jul 14 04:42:11 manji kernel:      scan-1133 get_device_data       : No context for object [ffff88040d81ed98]
Jul 14 04:42:11 manji kernel:      scan-1133 get_device_data       : No context for object [ffff88040d81edc0]
Jul 14 04:42:11 manji kernel:      scan-1133 get_device_data       : No context for object [ffff88040d81ede8]
Jul 14 04:42:11 manji kernel:      scan-1133 get_device_data       : No context for object [ffff88040d81ee10]
Jul 14 04:42:11 manji kernel:      scan-1133 get_device_data       : No context for object [ffff88040d81ee38]
Jul 14 04:42:11 manji kernel:      scan-1133 get_device_data       : No context for object [ffff88040d81ee60]
Jul 14 04:42:11 manji kernel:      scan-1133 get_device_data       : No context for object [ffff88040d81ee88]
Jul 14 04:42:11 manji kernel:      scan-1133 get_device_data       : No context for object [ffff88040d81eeb0]
Jul 14 04:42:11 manji kernel:      scan-1133 get_device_data       : No context for object [ffff88040d81eed8]
Jul 14 04:42:11 manji kernel:      scan-1133 get_device_data       : No context for object [ffff88040d81ef00]
Jul 14 04:42:11 manji kernel:      scan-1133 get_device_data       : No context for object [ffff88040d81ef28]
Jul 14 04:42:11 manji kernel:      scan-1133 get_device_data       : No context for object [ffff88040d81ef50]
Jul 14 04:42:11 manji kernel:      scan-1133 get_device_data       : No context for object [ffff88040d81ef78]
Jul 14 04:42:11 manji kernel:      scan-1133 get_device_data       : No context for object [ffff88040d81efa0]
Jul 14 04:42:11 manji kernel:      scan-1133 get_device_data       : No context for object [ffff88040d81efc8]
Jul 14 04:42:11 manji kernel:      scan-1133 get_device_data       : No context for object [ffff88040d823000]
Jul 14 04:42:11 manji kernel:      scan-1133 get_device_data       : No context for object [ffff88040d823028]
Jul 14 04:42:11 manji kernel:     utils-0051 util_eval_error       : Evaluate [\_SB_.PCI0.MEMR._STA]: AE_NOT_FOUND
Jul 14 04:42:11 manji kernel: device: 'PNP0C02:00': device_add
Jul 14 04:42:11 manji kernel: bus: 'acpi': add device PNP0C02:00
Jul 14 04:42:11 manji kernel:     utils-0051 util_eval_error       : Evaluate [\_SB_.PCI0.MEMR._SUN]: AE_NOT_FOUND
Jul 14 04:42:11 manji kernel:      scan-1916 add_single_object     : Added PNP0C02:00 [\_SB_.PCI0.MEMR] parent PNP0A08:00
Jul 14 04:42:11 manji kernel:      scan-1133 get_device_data       : No context for object [ffff88040d823050]
Jul 14 04:42:11 manji kernel:      scan-1133 get_device_data       : No context for object [ffff88040d823078]
Jul 14 04:42:11 manji kernel:      scan-1133 get_device_data       : No context for object [ffff88040d8230a0]
Jul 14 04:42:11 manji kernel:      scan-1133 get_device_data       : No context for object [ffff88040d8230c8]
Jul 14 04:42:11 manji kernel:      scan-1133 get_device_data       : No context for object [ffff88040d8230f0]
Jul 14 04:42:11 manji kernel:      scan-1133 get_device_data       : No context for object [ffff88040d823118]
Jul 14 04:42:11 manji kernel:      scan-1133 get_device_data       : No context for object [ffff88040d823140]
Jul 14 04:42:11 manji kernel:      scan-1133 get_device_data       : No context for object [ffff88040d823168]
Jul 14 04:42:11 manji kernel:      scan-1133 get_device_data       : No context for object [ffff88040d823190]
Jul 14 04:42:11 manji kernel:      scan-1133 get_device_data       : No context for object [ffff88040d8231b8]
Jul 14 04:42:11 manji kernel:      scan-1133 get_device_data       : No context for object [ffff88040d8231e0]
Jul 14 04:42:11 manji kernel:      scan-1133 get_device_data       : No context for object [ffff88040d823208]
Jul 14 04:42:11 manji kernel:      scan-1133 get_device_data       : No context for object [ffff88040d823230]
Jul 14 04:42:11 manji kernel:      scan-1133 get_device_data       : No context for object [ffff88040d823258]
Jul 14 04:42:11 manji kernel:      scan-1133 get_device_data       : No context for object [ffff88040d823280]
Jul 14 04:42:11 manji kernel:      scan-1133 get_device_data       : No context for object [ffff88040d8232a8]
Jul 14 04:42:11 manji kernel:     utils-0051 util_eval_error       : Evaluate [\_SB_.PCI0.PB2_._STA]: AE_NOT_FOUND
Jul 14 04:42:11 manji kernel: device: 'device:00': device_add
Jul 14 04:42:11 manji kernel: bus: 'acpi': add device device:00
Jul 14 04:42:11 manji kernel:     utils-0051 util_eval_error       : Evaluate [\_SB_.PCI0.PB2_._SUN]: AE_NOT_FOUND
Jul 14 04:42:11 manji kernel:      scan-1916 add_single_object     : Added device:00 [\_SB_.PCI0.PB2_] parent PNP0A08:00
Jul 14 04:42:11 manji kernel:      scan-1133 get_device_data       : No context for object [ffff88040d8232d0]
Jul 14 04:42:11 manji kernel:      scan-1133 get_device_data       : No context for object [ffff88040d8232f8]
Jul 14 04:42:11 manji kernel:      scan-1133 get_device_data       : No context for object [ffff88040d823320]
Jul 14 04:42:11 manji kernel:      scan-1133 get_device_data       : No context for object [ffff88040d823348]
Jul 14 04:42:11 manji kernel:      scan-1133 get_device_data       : No context for object [ffff88040d823370]
Jul 14 04:42:11 manji kernel:      scan-1133 get_device_data       : No context for object [ffff88040d823398]
Jul 14 04:42:11 manji kernel:      scan-1133 get_device_data       : No context for object [ffff88040d8233c0]
Jul 14 04:42:11 manji kernel:      scan-1133 get_device_data       : No context for object [ffff88040d8233e8]
Jul 14 04:42:11 manji kernel:      scan-1133 get_device_data       : No context for object [ffff88040d823410]
Jul 14 04:42:11 manji kernel:      scan-1133 get_device_data       : No context for object [ffff88040d823438]
Jul 14 04:42:11 manji kernel:      scan-1133 get_device_data       : No context for object [ffff88040d823460]
Jul 14 04:42:11 manji kernel:      scan-1133 get_device_data       : No context for object [ffff88040d823488]
Jul 14 04:42:11 manji kernel:      scan-1133 get_device_data       : No context for object [ffff88040d8234b0]
Jul 14 04:42:11 manji kernel:      scan-1133 get_device_data       : No context for object [ffff88040d8234d8]
Jul 14 04:42:11 manji kernel:      scan-1133 get_device_data       : No context for object [ffff88040d823500]
Jul 14 04:42:11 manji kernel:      scan-1133 get_device_data       : No context for object [ffff88040d823528]
Jul 14 04:42:11 manji kernel:      scan-1133 get_device_data       : No context for object [ffff88040d823550]
Jul 14 04:42:11 manji kernel:      scan-1133 get_device_data       : No context for object [ffff88040d823578]
Jul 14 04:42:11 manji kernel:      scan-1133 get_device_data       : No context for object [ffff88040d8235a0]
Jul 14 04:42:11 manji kernel:      scan-1133 get_device_data       : No context for object [ffff88040d8235c8]
Jul 14 04:42:11 manji kernel:      scan-1133 get_device_data       : No context for object [ffff88040d8235f0]
Jul 14 04:42:11 manji kernel:      scan-1133 get_device_data       : No context for object [ffff88040d823618]
Jul 14 04:42:11 manji kernel:      scan-1133 get_device_data       : No context for object [ffff88040d823640]
Jul 14 04:42:11 manji kernel:      scan-1133 get_device_data       : No context for object [ffff88040d823668]
Jul 14 04:42:11 manji kernel:      scan-1133 get_device_data       : No context for object [ffff88040d823690]
Jul 14 04:42:11 manji kernel:      scan-1133 get_device_data       : No context for object [ffff88040d8236b8]
Jul 14 04:42:11 manji kernel:      scan-1133 get_device_data       : No context for object [ffff88040d8236e0]
Jul 14 04:42:11 manji kernel:      scan-1133 get_device_data       : No context for object [ffff88040d823708]
Jul 14 04:42:11 manji kernel:      scan-1133 get_device_data       : No context for object [ffff88040d823730]
Jul 14 04:42:11 manji kernel:      scan-1133 get_device_data       : No context for object [ffff88040d823758]
Jul 14 04:42:11 manji kernel:      scan-1133 get_device_data       : No context for object [ffff88040d823780]
Jul 14 04:42:11 manji kernel:     utils-0051 util_eval_error       : Evaluate [\_SB_.PCI0.PB2_.VGA_._STA]: AE_NOT_FOUND
Jul 14 04:42:11 manji kernel: device: 'device:01': device_add
Jul 14 04:42:11 manji kernel: bus: 'acpi': add device device:01
Jul 14 04:42:11 manji kernel:     utils-0051 util_eval_error       : Evaluate [\_SB_.PCI0.PB2_.VGA_._SUN]: AE_NOT_FOUND
Jul 14 04:42:11 manji kernel:      scan-1916 add_single_object     : Added device:01 [\_SB_.PCI0.PB2_.VGA_] parent device:00
Jul 14 04:42:11 manji kernel:      scan-1133 get_device_data       : No context for object [ffff88040d8237a8]
Jul 14 04:42:11 manji kernel:      scan-1133 get_device_data       : No context for object [ffff88040d8237d0]
Jul 14 04:42:11 manji kernel:      scan-1133 get_device_data       : No context for object [ffff88040d8237f8]
Jul 14 04:42:11 manji kernel:      scan-1133 get_device_data       : No context for object [ffff88040d823820]
Jul 14 04:42:11 manji kernel:      scan-1133 get_device_data       : No context for object [ffff88040d823848]
Jul 14 04:42:11 manji kernel:      scan-1133 get_device_data       : No context for object [ffff88040d823870]
Jul 14 04:42:11 manji kernel:      scan-1133 get_device_data       : No context for object [ffff88040d823898]
Jul 14 04:42:11 manji kernel:      scan-1133 get_device_data       : No context for object [ffff88040d8238c0]
Jul 14 04:42:11 manji kernel:      scan-1133 get_device_data       : No context for object [ffff88040d8238e8]
Jul 14 04:42:11 manji kernel:      scan-1133 get_device_data       : No context for object [ffff88040d823910]
Jul 14 04:42:11 manji kernel:      scan-1133 get_device_data       : No context for object [ffff88040d823938]
Jul 14 04:42:11 manji kernel:      scan-1133 get_device_data       : No context for object [ffff88040d823960]
Jul 14 04:42:11 manji kernel:      scan-1133 get_device_data       : No context for object [ffff88040d823988]
Jul 14 04:42:11 manji kernel:      scan-1133 get_device_data       : No context for object [ffff88040d8239b0]
Jul 14 04:42:11 manji kernel:      scan-1133 get_device_data       : No context for object [ffff88040d8239d8]
Jul 14 04:42:11 manji kernel:      scan-1133 get_device_data       : No context for object [ffff88040d823a00]
Jul 14 04:42:11 manji kernel:      scan-1133 get_device_data       : No context for object [ffff88040d823a28]
Jul 14 04:42:11 manji kernel:      scan-1133 get_device_data       : No context for object [ffff88040d823a50]
Jul 14 04:42:11 manji kernel:      scan-1133 get_device_data       : No context for object [ffff88040d823a78]
Jul 14 04:42:11 manji kernel:      scan-1133 get_device_data       : No context for object [ffff88040d823aa0]
Jul 14 04:42:11 manji kernel:      scan-1133 get_device_data       : No context for object [ffff88040d823ac8]
Jul 14 04:42:11 manji kernel:      scan-1133 get_device_data       : No context for object [ffff88040d823af0]
Jul 14 04:42:11 manji kernel:      scan-1133 get_device_data       : No context for object [ffff88040d823b18]
Jul 14 04:42:11 manji kernel:      scan-1133 get_device_data       : No context for object [ffff88040d823b40]
Jul 14 04:42:11 manji kernel:      scan-1133 get_device_data       : No context for object [ffff88040d823b68]
Jul 14 04:42:11 manji kernel:      scan-1133 get_device_data       : No context for object [ffff88040d823b90]
Jul 14 04:42:11 manji kernel:      scan-1133 get_device_data       : No context for object [ffff88040d823bb8]
Jul 14 04:42:11 manji kernel:      scan-1133 get_device_data       : No context for object [ffff88040d823be0]
Jul 14 04:42:11 manji kernel:      scan-1133 get_device_data       : No context for object [ffff88040d823c08]
Jul 14 04:42:11 manji kernel:      scan-1133 get_device_data       : No context for object [ffff88040d823c30]
Jul 14 04:42:11 manji kernel:      scan-1133 get_device_data       : No context for object [ffff88040d823c58]
Jul 14 04:42:11 manji kernel:      scan-1133 get_device_data       : No context for object [ffff88040d823c80]
Jul 14 04:42:11 manji kernel:      scan-1133 get_device_data       : No context for object [ffff88040d823ca8]
Jul 14 04:42:11 manji kernel:      scan-1133 get_device_data       : No context for object [ffff88040d823cd0]
Jul 14 04:42:11 manji kernel:      scan-1133 get_device_data       : No context for object [ffff88040d823cf8]
Jul 14 04:42:11 manji kernel:      scan-1133 get_device_data       : No context for object [ffff88040d823d20]
Jul 14 04:42:11 manji kernel:      scan-1133 get_device_data       : No context for object [ffff88040d823d48]
Jul 14 04:42:11 manji kernel:      scan-1133 get_device_data       : No context for object [ffff88040d823d70]
Jul 14 04:42:11 manji kernel:      scan-1133 get_device_data       : No context for object [ffff88040d823d98]
Jul 14 04:42:11 manji kernel:      scan-1133 get_device_data       : No context for object [ffff88040d838438]
Jul 14 04:42:11 manji kernel:      scan-1133 get_device_data       : No context for object [ffff88040d823dc0]
Jul 14 04:42:11 manji kernel:     utils-0051 util_eval_error       : Evaluate [\_SB_.PCI0.PB2_.HDAU._STA]: AE_NOT_FOUND
Jul 14 04:42:11 manji kernel: device: 'device:02': device_add
Jul 14 04:42:11 manji kernel: bus: 'acpi': add device device:02
Jul 14 04:42:11 manji kernel:     utils-0051 util_eval_error       : Evaluate [\_SB_.PCI0.PB2_.HDAU._SUN]: AE_NOT_FOUND
Jul 14 04:42:11 manji kernel:      scan-1916 add_single_object     : Added device:02 [\_SB_.PCI0.PB2_.HDAU] parent device:00
Jul 14 04:42:11 manji kernel:      scan-1133 get_device_data       : No context for object [ffff88040d823de8]
Jul 14 04:42:11 manji kernel:      scan-1133 get_device_data       : No context for object [ffff88040d823e10]
Jul 14 04:42:11 manji kernel:      scan-1133 get_device_data       : No context for object [ffff88040d823e38]
Jul 14 04:42:11 manji kernel:      scan-1133 get_device_data       : No context for object [ffff88040d823e60]
Jul 14 04:42:11 manji kernel:      scan-1133 get_device_data       : No context for object [ffff88040d823e88]
Jul 14 04:42:11 manji kernel:      scan-1133 get_device_data       : No context for object [ffff88040d823eb0]
Jul 14 04:42:11 manji kernel:      scan-1133 get_device_data       : No context for object [ffff88040d823ed8]
Jul 14 04:42:11 manji kernel:     utils-0051 util_eval_error       : Evaluate [\_SB_.PCI0.PB3_._STA]: AE_NOT_FOUND
Jul 14 04:42:11 manji kernel: device: 'device:03': device_add
Jul 14 04:42:11 manji kernel: bus: 'acpi': add device device:03
Jul 14 04:42:11 manji kernel:     utils-0051 util_eval_error       : Evaluate [\_SB_.PCI0.PB3_._SUN]: AE_NOT_FOUND
Jul 14 04:42:11 manji kernel:      scan-1916 add_single_object     : Added device:03 [\_SB_.PCI0.PB3_] parent PNP0A08:00
Jul 14 04:42:11 manji kernel:      scan-1133 get_device_data       : No context for object [ffff88040d823f00]
Jul 14 04:42:11 manji kernel:      scan-1133 get_device_data       : No context for object [ffff88040d823f28]
Jul 14 04:42:11 manji kernel:      scan-1133 get_device_data       : No context for object [ffff88040d823f50]
Jul 14 04:42:11 manji kernel:      scan-1133 get_device_data       : No context for object [ffff88040d823f78]
Jul 14 04:42:11 manji kernel:      scan-1133 get_device_data       : No context for object [ffff88040d823fa0]
Jul 14 04:42:11 manji kernel:      scan-1133 get_device_data       : No context for object [ffff88040d823fc8]
Jul 14 04:42:11 manji kernel:      scan-1133 get_device_data       : No context for object [ffff88040d824000]
Jul 14 04:42:11 manji kernel:      scan-1133 get_device_data       : No context for object [ffff88040d824028]
Jul 14 04:42:11 manji kernel:      scan-1133 get_device_data       : No context for object [ffff88040d824050]
Jul 14 04:42:11 manji kernel:      scan-1133 get_device_data       : No context for object [ffff88040d824078]
Jul 14 04:42:11 manji kernel:      scan-1133 get_device_data       : No context for object [ffff88040d8240a0]
Jul 14 04:42:11 manji kernel:      scan-1133 get_device_data       : No context for object [ffff88040d8240c8]
Jul 14 04:42:11 manji kernel:      scan-1133 get_device_data       : No context for object [ffff88040d8240f0]
Jul 14 04:42:11 manji kernel:      scan-1133 get_device_data       : No context for object [ffff88040d824118]
Jul 14 04:42:11 manji kernel:      scan-1133 get_device_data       : No context for object [ffff88040d824140]
Jul 14 04:42:11 manji kernel:      scan-1133 get_device_data       : No context for object [ffff88040d824168]
Jul 14 04:42:11 manji kernel:      scan-1133 get_device_data       : No context for object [ffff88040d824190]
Jul 14 04:42:11 manji kernel:      scan-1133 get_device_data       : No context for object [ffff88040d8241b8]
Jul 14 04:42:11 manji kernel:      scan-1133 get_device_data       : No context for object [ffff88040d8241e0]
Jul 14 04:42:11 manji kernel:      scan-1133 get_device_data       : No context for object [ffff88040d824208]
Jul 14 04:42:11 manji kernel:      scan-1133 get_device_data       : No context for object [ffff88040d824230]
Jul 14 04:42:11 manji kernel:      scan-1133 get_device_data       : No context for object [ffff88040d824258]
Jul 14 04:42:11 manji kernel:      scan-1133 get_device_data       : No context for object [ffff88040d824280]
Jul 14 04:42:11 manji kernel:      scan-1133 get_device_data       : No context for object [ffff88040d8242a8]
Jul 14 04:42:11 manji kernel:      scan-1133 get_device_data       : No context for object [ffff88040d8242d0]
Jul 14 04:42:11 manji kernel:      scan-1133 get_device_data       : No context for object [ffff88040d8242f8]
Jul 14 04:42:11 manji kernel:      scan-1133 get_device_data       : No context for object [ffff88040d824320]
Jul 14 04:42:11 manji kernel:      scan-1133 get_device_data       : No context for object [ffff88040d824348]
Jul 14 04:42:11 manji kernel:      scan-1133 get_device_data       : No context for object [ffff88040d824370]
Jul 14 04:42:11 manji kernel:      scan-1133 get_device_data       : No context for object [ffff88040d824398]
Jul 14 04:42:11 manji kernel:      scan-1133 get_device_data       : No context for object [ffff88040d8243c0]
Jul 14 04:42:11 manji kernel:     utils-0051 util_eval_error       : Evaluate [\_SB_.PCI0.PB3_.VGA_._STA]: AE_NOT_FOUND
Jul 14 04:42:11 manji kernel: device: 'device:04': device_add
Jul 14 04:42:11 manji kernel: bus: 'acpi': add device device:04
Jul 14 04:42:11 manji kernel:     utils-0051 util_eval_error       : Evaluate [\_SB_.PCI0.PB3_.VGA_._SUN]: AE_NOT_FOUND
Jul 14 04:42:11 manji kernel:      scan-1916 add_single_object     : Added device:04 [\_SB_.PCI0.PB3_.VGA_] parent device:03
Jul 14 04:42:11 manji kernel:      scan-1133 get_device_data       : No context for object [ffff88040d8243e8]
Jul 14 04:42:11 manji kernel:      scan-1133 get_device_data       : No context for object [ffff88040d824410]
Jul 14 04:42:11 manji kernel:      scan-1133 get_device_data       : No context for object [ffff88040d824438]
Jul 14 04:42:11 manji kernel:      scan-1133 get_device_data       : No context for object [ffff88040d824460]
Jul 14 04:42:11 manji kernel:      scan-1133 get_device_data       : No context for object [ffff88040d824488]
Jul 14 04:42:11 manji kernel:      scan-1133 get_device_data       : No context for object [ffff88040d8244b0]
Jul 14 04:42:11 manji kernel:      scan-1133 get_device_data       : No context for object [ffff88040d8244d8]
Jul 14 04:42:11 manji kernel:      scan-1133 get_device_data       : No context for object [ffff88040d824500]
Jul 14 04:42:11 manji kernel:      scan-1133 get_device_data       : No context for object [ffff88040d824528]
Jul 14 04:42:11 manji kernel:      scan-1133 get_device_data       : No context for object [ffff88040d824550]
Jul 14 04:42:11 manji kernel:      scan-1133 get_device_data       : No context for object [ffff88040d824578]
Jul 14 04:42:11 manji kernel:      scan-1133 get_device_data       : No context for object [ffff88040d8245a0]
Jul 14 04:42:11 manji kernel:      scan-1133 get_device_data       : No context for object [ffff88040d8245c8]
Jul 14 04:42:11 manji kernel:      scan-1133 get_device_data       : No context for object [ffff88040d8245f0]
Jul 14 04:42:11 manji kernel:      scan-1133 get_device_data       : No context for object [ffff88040d824618]
Jul 14 04:42:11 manji kernel:      scan-1133 get_device_data       : No context for object [ffff88040d824640]
Jul 14 04:42:11 manji kernel:      scan-1133 get_device_data       : No context for object [ffff88040d824668]
Jul 14 04:42:11 manji kernel:      scan-1133 get_device_data       : No context for object [ffff88040d824690]
Jul 14 04:42:11 manji kernel:      scan-1133 get_device_data       : No context for object [ffff88040d8246b8]
Jul 14 04:42:11 manji kernel:      scan-1133 get_device_data       : No context for object [ffff88040d8246e0]
Jul 14 04:42:11 manji kernel:      scan-1133 get_device_data       : No context for object [ffff88040d824708]
Jul 14 04:42:11 manji kernel:      scan-1133 get_device_data       : No context for object [ffff88040d824730]
Jul 14 04:42:11 manji kernel:      scan-1133 get_device_data       : No context for object [ffff88040d824758]
Jul 14 04:42:11 manji kernel:      scan-1133 get_device_data       : No context for object [ffff88040d824780]
Jul 14 04:42:11 manji kernel:      scan-1133 get_device_data       : No context for object [ffff88040d8247a8]
Jul 14 04:42:11 manji kernel:      scan-1133 get_device_data       : No context for object [ffff88040d8247d0]
Jul 14 04:42:11 manji kernel:      scan-1133 get_device_data       : No context for object [ffff88040d8247f8]
Jul 14 04:42:11 manji kernel:      scan-1133 get_device_data       : No context for object [ffff88040d824820]
Jul 14 04:42:11 manji kernel:      scan-1133 get_device_data       : No context for object [ffff88040d824848]
Jul 14 04:42:11 manji kernel:      scan-1133 get_device_data       : No context for object [ffff88040d824870]
Jul 14 04:42:11 manji kernel:      scan-1133 get_device_data       : No context for object [ffff88040d824898]
Jul 14 04:42:11 manji kernel:      scan-1133 get_device_data       : No context for object [ffff88040d8248c0]
Jul 14 04:42:11 manji kernel:      scan-1133 get_device_data       : No context for object [ffff88040d8248e8]
Jul 14 04:42:11 manji kernel:      scan-1133 get_device_data       : No context for object [ffff88040d824910]
Jul 14 04:42:11 manji kernel:      scan-1133 get_device_data       : No context for object [ffff88040d824938]
Jul 14 04:42:11 manji kernel:      scan-1133 get_device_data       : No context for object [ffff88040d824960]
Jul 14 04:42:11 manji kernel:      scan-1133 get_device_data       : No context for object [ffff88040d824988]
Jul 14 04:42:11 manji kernel:      scan-1133 get_device_data       : No context for object [ffff88040d8249b0]
Jul 14 04:42:11 manji kernel:      scan-1133 get_device_data       : No context for object [ffff88040d8249d8]
Jul 14 04:42:11 manji kernel:      scan-1133 get_device_data       : No context for object [ffff88040d838460]
Jul 14 04:42:11 manji kernel:      scan-1133 get_device_data       : No context for object [ffff88040d83bc08]
Jul 14 04:42:11 manji kernel:      scan-1133 get_device_data       : No context for object [ffff88040d83bc30]
Jul 14 04:42:11 manji kernel:      scan-1133 get_device_data       : No context for object [ffff88040d83bc58]
Jul 14 04:42:11 manji kernel:     utils-0051 util_eval_error       : Evaluate [\_SB_.PCI0.PB3_.VGA_.CRT_._STA]: AE_NOT_FOUND
Jul 14 04:42:11 manji kernel: device: 'device:05': device_add
Jul 14 04:42:11 manji kernel: bus: 'acpi': add device device:05
Jul 14 04:42:11 manji kernel:     utils-0051 util_eval_error       : Evaluate [\_SB_.PCI0.PB3_.VGA_.CRT_._SUN]: AE_NOT_FOUND
Jul 14 04:42:11 manji kernel:      scan-1916 add_single_object     : Added device:05 [\_SB_.PCI0.PB3_.VGA_.CRT_] parent device:04
Jul 14 04:42:11 manji kernel:      scan-1133 get_device_data       : No context for object [ffff88040d83bc80]
Jul 14 04:42:11 manji kernel:      scan-1133 get_device_data       : No context for object [ffff88040d83bca8]
Jul 14 04:42:11 manji kernel:      scan-1133 get_device_data       : No context for object [ffff88040d83bcd0]
Jul 14 04:42:11 manji kernel:      scan-1133 get_device_data       : No context for object [ffff88040d83bcf8]
Jul 14 04:42:11 manji kernel:      scan-1133 get_device_data       : No context for object [ffff88040d83bd20]
Jul 14 04:42:11 manji kernel:     utils-0051 util_eval_error       : Evaluate [\_SB_.PCI0.PB3_.VGA_.LCD_._STA]: AE_NOT_FOUND
Jul 14 04:42:11 manji kernel: device: 'device:06': device_add
Jul 14 04:42:11 manji kernel: bus: 'acpi': add device device:06
Jul 14 04:42:11 manji kernel:     utils-0051 util_eval_error       : Evaluate [\_SB_.PCI0.PB3_.VGA_.LCD_._SUN]: AE_NOT_FOUND
Jul 14 04:42:11 manji kernel:      scan-1916 add_single_object     : Added device:06 [\_SB_.PCI0.PB3_.VGA_.LCD_] parent device:04
Jul 14 04:42:11 manji kernel:      scan-1133 get_device_data       : No context for object [ffff88040d83bd48]
Jul 14 04:42:11 manji kernel:      scan-1133 get_device_data       : No context for object [ffff88040d83bd70]
Jul 14 04:42:11 manji kernel:      scan-1133 get_device_data       : No context for object [ffff88040d83bd98]
Jul 14 04:42:11 manji kernel:      scan-1133 get_device_data       : No context for object [ffff88040d83bdc0]
Jul 14 04:42:11 manji kernel:      scan-1133 get_device_data       : No context for object [ffff88040d83bde8]
Jul 14 04:42:11 manji kernel:      scan-1133 get_device_data       : No context for object [ffff88040d83be10]
Jul 14 04:42:11 manji kernel:      scan-1133 get_device_data       : No context for object [ffff88040d83be38]
Jul 14 04:42:11 manji kernel:      scan-1133 get_device_data       : No context for object [ffff88040d83be60]
Jul 14 04:42:11 manji kernel:     utils-0051 util_eval_error       : Evaluate [\_SB_.PCI0.PB3_.VGA_.TV0_._STA]: AE_NOT_FOUND
Jul 14 04:42:11 manji kernel: device: 'device:07': device_add
Jul 14 04:42:11 manji kernel: bus: 'acpi': add device device:07
Jul 14 04:42:11 manji kernel:     utils-0051 util_eval_error       : Evaluate [\_SB_.PCI0.PB3_.VGA_.TV0_._SUN]: AE_NOT_FOUND
Jul 14 04:42:11 manji kernel:      scan-1916 add_single_object     : Added device:07 [\_SB_.PCI0.PB3_.VGA_.TV0_] parent device:04
Jul 14 04:42:11 manji kernel:      scan-1133 get_device_data       : No context for object [ffff88040d83be88]
Jul 14 04:42:11 manji kernel:      scan-1133 get_device_data       : No context for object [ffff88040d83beb0]
Jul 14 04:42:11 manji kernel:      scan-1133 get_device_data       : No context for object [ffff88040d83bed8]
Jul 14 04:42:11 manji kernel:      scan-1133 get_device_data       : No context for object [ffff88040d83bf00]
Jul 14 04:42:11 manji kernel:      scan-1133 get_device_data       : No context for object [ffff88040d83bf28]
Jul 14 04:42:11 manji kernel:     utils-0051 util_eval_error       : Evaluate [\_SB_.PCI0.PB3_.VGA_.HDMI._STA]: AE_NOT_FOUND
Jul 14 04:42:11 manji kernel: device: 'device:08': device_add
Jul 14 04:42:11 manji kernel: bus: 'acpi': add device device:08
Jul 14 04:42:11 manji kernel:     utils-0051 util_eval_error       : Evaluate [\_SB_.PCI0.PB3_.VGA_.HDMI._SUN]: AE_NOT_FOUND
Jul 14 04:42:11 manji kernel:      scan-1916 add_single_object     : Added device:08 [\_SB_.PCI0.PB3_.VGA_.HDMI] parent device:04
Jul 14 04:42:11 manji kernel:      scan-1133 get_device_data       : No context for object [ffff88040d83bf50]
Jul 14 04:42:11 manji kernel:      scan-1133 get_device_data       : No context for object [ffff88040d83bf78]
Jul 14 04:42:11 manji kernel:      scan-1133 get_device_data       : No context for object [ffff88040d83bfa0]
Jul 14 04:42:11 manji kernel:      scan-1133 get_device_data       : No context for object [ffff88040d83bfc8]
Jul 14 04:42:11 manji kernel:      scan-1133 get_device_data       : No context for object [ffff88040d824a00]
Jul 14 04:42:11 manji kernel:     utils-0051 util_eval_error       : Evaluate [\_SB_.PCI0.PB3_.HDAU._STA]: AE_NOT_FOUND
Jul 14 04:42:11 manji kernel: device: 'device:09': device_add
Jul 14 04:42:11 manji kernel: bus: 'acpi': add device device:09
Jul 14 04:42:11 manji kernel:     utils-0051 util_eval_error       : Evaluate [\_SB_.PCI0.PB3_.HDAU._SUN]: AE_NOT_FOUND
Jul 14 04:42:11 manji kernel:      scan-1916 add_single_object     : Added device:09 [\_SB_.PCI0.PB3_.HDAU] parent device:03
Jul 14 04:42:11 manji kernel:      scan-1133 get_device_data       : No context for object [ffff88040d824a28]
Jul 14 04:42:11 manji kernel:      scan-1133 get_device_data       : No context for object [ffff88040d824a50]
Jul 14 04:42:11 manji kernel:      scan-1133 get_device_data       : No context for object [ffff88040d824a78]
Jul 14 04:42:11 manji kernel:      scan-1133 get_device_data       : No context for object [ffff88040d824aa0]
Jul 14 04:42:11 manji kernel:      scan-1133 get_device_data       : No context for object [ffff88040d824ac8]
Jul 14 04:42:11 manji kernel:      scan-1133 get_device_data       : No context for object [ffff88040d824af0]
Jul 14 04:42:11 manji kernel:      scan-1133 get_device_data       : No context for object [ffff88040d824b18]
Jul 14 04:42:11 manji kernel:     utils-0051 util_eval_error       : Evaluate [\_SB_.PCI0.PB4_._STA]: AE_NOT_FOUND
Jul 14 04:42:11 manji kernel: device: 'device:0a': device_add
Jul 14 04:42:11 manji kernel: bus: 'acpi': add device device:0a
Jul 14 04:42:11 manji kernel:     utils-0051 util_eval_error       : Evaluate [\_SB_.PCI0.PB4_._SUN]: AE_NOT_FOUND
Jul 14 04:42:11 manji kernel:      scan-1916 add_single_object     : Added device:0a [\_SB_.PCI0.PB4_] parent PNP0A08:00
Jul 14 04:42:11 manji kernel:      scan-1133 get_device_data       : No context for object [ffff88040d824b40]
Jul 14 04:42:11 manji kernel:      scan-1133 get_device_data       : No context for object [ffff88040d824b68]
Jul 14 04:42:11 manji kernel:      scan-1133 get_device_data       : No context for object [ffff88040d824b90]
Jul 14 04:42:11 manji kernel:      scan-1133 get_device_data       : No context for object [ffff88040d824bb8]
Jul 14 04:42:11 manji kernel:      scan-1133 get_device_data       : No context for object [ffff88040d824be0]
Jul 14 04:42:11 manji kernel:      scan-1133 get_device_data       : No context for object [ffff88040d824c08]
Jul 14 04:42:11 manji kernel:      scan-1133 get_device_data       : No context for object [ffff88040d824c30]
Jul 14 04:42:11 manji kernel:      scan-1133 get_device_data       : No context for object [ffff88040d824c58]
Jul 14 04:42:11 manji kernel:      scan-1133 get_device_data       : No context for object [ffff88040d824c80]
Jul 14 04:42:11 manji kernel:      scan-1133 get_device_data       : No context for object [ffff88040d824ca8]
Jul 14 04:42:11 manji kernel:      scan-1133 get_device_data       : No context for object [ffff88040d824cd0]
Jul 14 04:42:11 manji kernel:      scan-1133 get_device_data       : No context for object [ffff88040d824cf8]
Jul 14 04:42:11 manji kernel:      scan-1133 get_device_data       : No context for object [ffff88040d824d20]
Jul 14 04:42:11 manji kernel:      scan-1133 get_device_data       : No context for object [ffff88040d824d48]
Jul 14 04:42:11 manji kernel:      scan-1133 get_device_data       : No context for object [ffff88040d824d70]
Jul 14 04:42:11 manji kernel:      scan-1133 get_device_data       : No context for object [ffff88040d824d98]
Jul 14 04:42:11 manji kernel:      scan-1133 get_device_data       : No context for object [ffff88040d824dc0]
Jul 14 04:42:11 manji kernel:      scan-1133 get_device_data       : No context for object [ffff88040d824de8]
Jul 14 04:42:11 manji kernel:      scan-1133 get_device_data       : No context for object [ffff88040d824e10]
Jul 14 04:42:11 manji kernel:      scan-1133 get_device_data       : No context for object [ffff88040d824e38]
Jul 14 04:42:11 manji kernel:      scan-1133 get_device_data       : No context for object [ffff88040d824e60]
Jul 14 04:42:11 manji kernel:      scan-1133 get_device_data       : No context for object [ffff88040d824e88]
Jul 14 04:42:11 manji kernel:      scan-1133 get_device_data       : No context for object [ffff88040d824eb0]
Jul 14 04:42:11 manji kernel:      scan-1133 get_device_data       : No context for object [ffff88040d824ed8]
Jul 14 04:42:11 manji kernel:      scan-1133 get_device_data       : No context for object [ffff88040d824f00]
Jul 14 04:42:11 manji kernel:      scan-1133 get_device_data       : No context for object [ffff88040d824f28]
Jul 14 04:42:11 manji kernel:      scan-1133 get_device_data       : No context for object [ffff88040d824f50]
Jul 14 04:42:11 manji kernel:      scan-1133 get_device_data       : No context for object [ffff88040d824f78]
Jul 14 04:42:11 manji kernel:      scan-1133 get_device_data       : No context for object [ffff88040d824fa0]
Jul 14 04:42:11 manji kernel:      scan-1133 get_device_data       : No context for object [ffff88040d824fc8]
Jul 14 04:42:11 manji kernel:      scan-1133 get_device_data       : No context for object [ffff88040d826000]
Jul 14 04:42:11 manji kernel:     utils-0051 util_eval_error       : Evaluate [\_SB_.PCI0.PB4_.XPDV._STA]: AE_NOT_FOUND
Jul 14 04:42:11 manji kernel: device: 'device:0b': device_add
Jul 14 04:42:11 manji kernel: bus: 'acpi': add device device:0b
Jul 14 04:42:11 manji kernel:     utils-0051 util_eval_error       : Evaluate [\_SB_.PCI0.PB4_.XPDV._SUN]: AE_NOT_FOUND
Jul 14 04:42:11 manji kernel:      scan-1916 add_single_object     : Added device:0b [\_SB_.PCI0.PB4_.XPDV] parent device:0a
Jul 14 04:42:11 manji kernel:      scan-1133 get_device_data       : No context for object [ffff88040d826028]
Jul 14 04:42:11 manji kernel:      scan-1133 get_device_data       : No context for object [ffff88040d826050]
Jul 14 04:42:11 manji kernel:      scan-1133 get_device_data       : No context for object [ffff88040d826078]
Jul 14 04:42:11 manji kernel:      scan-1133 get_device_data       : No context for object [ffff88040d8260a0]
Jul 14 04:42:11 manji kernel:      scan-1133 get_device_data       : No context for object [ffff88040d8260c8]
Jul 14 04:42:11 manji kernel:      scan-1133 get_device_data       : No context for object [ffff88040d838500]
Jul 14 04:42:11 manji kernel:      scan-1133 get_device_data       : No context for object [ffff88040d8260f0]
Jul 14 04:42:11 manji kernel:      scan-1133 get_device_data       : No context for object [ffff88040d826118]
Jul 14 04:42:11 manji kernel:     utils-0051 util_eval_error       : Evaluate [\_SB_.PCI0.PB5_._STA]: AE_NOT_FOUND
Jul 14 04:42:11 manji kernel: device: 'device:0c': device_add
Jul 14 04:42:11 manji kernel: bus: 'acpi': add device device:0c
Jul 14 04:42:11 manji kernel:     utils-0051 util_eval_error       : Evaluate [\_SB_.PCI0.PB5_._SUN]: AE_NOT_FOUND
Jul 14 04:42:11 manji kernel:      scan-1916 add_single_object     : Added device:0c [\_SB_.PCI0.PB5_] parent PNP0A08:00
Jul 14 04:42:11 manji kernel:      scan-1133 get_device_data       : No context for object [ffff88040d826140]
Jul 14 04:42:11 manji kernel:      scan-1133 get_device_data       : No context for object [ffff88040d826168]
Jul 14 04:42:11 manji kernel:      scan-1133 get_device_data       : No context for object [ffff88040d826190]
Jul 14 04:42:11 manji kernel:      scan-1133 get_device_data       : No context for object [ffff88040d8261b8]
Jul 14 04:42:11 manji kernel:      scan-1133 get_device_data       : No context for object [ffff88040d8261e0]
Jul 14 04:42:11 manji kernel:      scan-1133 get_device_data       : No context for object [ffff88040d826208]
Jul 14 04:42:11 manji kernel:      scan-1133 get_device_data       : No context for object [ffff88040d826230]
Jul 14 04:42:11 manji kernel:      scan-1133 get_device_data       : No context for object [ffff88040d826258]
Jul 14 04:42:11 manji kernel:      scan-1133 get_device_data       : No context for object [ffff88040d826280]
Jul 14 04:42:11 manji kernel:      scan-1133 get_device_data       : No context for object [ffff88040d8262a8]
Jul 14 04:42:11 manji kernel:      scan-1133 get_device_data       : No context for object [ffff88040d8262d0]
Jul 14 04:42:11 manji kernel:      scan-1133 get_device_data       : No context for object [ffff88040d8262f8]
Jul 14 04:42:11 manji kernel:      scan-1133 get_device_data       : No context for object [ffff88040d826320]
Jul 14 04:42:11 manji kernel:      scan-1133 get_device_data       : No context for object [ffff88040d826348]
Jul 14 04:42:11 manji kernel:      scan-1133 get_device_data       : No context for object [ffff88040d826370]
Jul 14 04:42:11 manji kernel:      scan-1133 get_device_data       : No context for object [ffff88040d826398]
Jul 14 04:42:11 manji kernel:      scan-1133 get_device_data       : No context for object [ffff88040d8263c0]
Jul 14 04:42:11 manji kernel:      scan-1133 get_device_data       : No context for object [ffff88040d8263e8]
Jul 14 04:42:11 manji kernel:      scan-1133 get_device_data       : No context for object [ffff88040d826410]
Jul 14 04:42:11 manji kernel:      scan-1133 get_device_data       : No context for object [ffff88040d826438]
Jul 14 04:42:11 manji kernel:      scan-1133 get_device_data       : No context for object [ffff88040d826460]
Jul 14 04:42:11 manji kernel:      scan-1133 get_device_data       : No context for object [ffff88040d826488]
Jul 14 04:42:11 manji kernel:      scan-1133 get_device_data       : No context for object [ffff88040d8264b0]
Jul 14 04:42:11 manji kernel:      scan-1133 get_device_data       : No context for object [ffff88040d8264d8]
Jul 14 04:42:11 manji kernel:      scan-1133 get_device_data       : No context for object [ffff88040d826500]
Jul 14 04:42:11 manji kernel:      scan-1133 get_device_data       : No context for object [ffff88040d826528]
Jul 14 04:42:11 manji kernel:      scan-1133 get_device_data       : No context for object [ffff88040d826550]
Jul 14 04:42:11 manji kernel:      scan-1133 get_device_data       : No context for object [ffff88040d826578]
Jul 14 04:42:11 manji kernel:      scan-1133 get_device_data       : No context for object [ffff88040d8265a0]
Jul 14 04:42:11 manji kernel:      scan-1133 get_device_data       : No context for object [ffff88040d8265c8]
Jul 14 04:42:11 manji kernel:      scan-1133 get_device_data       : No context for object [ffff88040d8265f0]
Jul 14 04:42:11 manji kernel:     utils-0051 util_eval_error       : Evaluate [\_SB_.PCI0.PB5_.XPDV._STA]: AE_NOT_FOUND
Jul 14 04:42:11 manji kernel: device: 'device:0d': device_add
Jul 14 04:42:11 manji kernel: bus: 'acpi': add device device:0d
Jul 14 04:42:11 manji kernel:     utils-0051 util_eval_error       : Evaluate [\_SB_.PCI0.PB5_.XPDV._SUN]: AE_NOT_FOUND
Jul 14 04:42:11 manji kernel:      scan-1916 add_single_object     : Added device:0d [\_SB_.PCI0.PB5_.XPDV] parent device:0c
Jul 14 04:42:11 manji kernel:      scan-1133 get_device_data       : No context for object [ffff88040d826618]
Jul 14 04:42:11 manji kernel:      scan-1133 get_device_data       : No context for object [ffff88040d826640]
Jul 14 04:42:11 manji kernel:      scan-1133 get_device_data       : No context for object [ffff88040d826668]
Jul 14 04:42:11 manji kernel:      scan-1133 get_device_data       : No context for object [ffff88040d826690]
Jul 14 04:42:11 manji kernel:      scan-1133 get_device_data       : No context for object [ffff88040d8266b8]
Jul 14 04:42:11 manji kernel:      scan-1133 get_device_data       : No context for object [ffff88040d838528]
Jul 14 04:42:11 manji kernel:      scan-1133 get_device_data       : No context for object [ffff88040d8266e0]
Jul 14 04:42:11 manji kernel:      scan-1133 get_device_data       : No context for object [ffff88040d826708]
Jul 14 04:42:11 manji kernel:     utils-0051 util_eval_error       : Evaluate [\_SB_.PCI0.PB6_._STA]: AE_NOT_FOUND
Jul 14 04:42:11 manji kernel: device: 'device:0e': device_add
Jul 14 04:42:11 manji kernel: bus: 'acpi': add device device:0e
Jul 14 04:42:11 manji kernel:     utils-0051 util_eval_error       : Evaluate [\_SB_.PCI0.PB6_._SUN]: AE_NOT_FOUND
Jul 14 04:42:11 manji kernel:      scan-1916 add_single_object     : Added device:0e [\_SB_.PCI0.PB6_] parent PNP0A08:00
Jul 14 04:42:11 manji kernel:      scan-1133 get_device_data       : No context for object [ffff88040d826730]
Jul 14 04:42:11 manji kernel:      scan-1133 get_device_data       : No context for object [ffff88040d826758]
Jul 14 04:42:11 manji kernel:      scan-1133 get_device_data       : No context for object [ffff88040d826780]
Jul 14 04:42:11 manji kernel:      scan-1133 get_device_data       : No context for object [ffff88040d8267a8]
Jul 14 04:42:11 manji kernel:      scan-1133 get_device_data       : No context for object [ffff88040d8267d0]
Jul 14 04:42:11 manji kernel:      scan-1133 get_device_data       : No context for object [ffff88040d8267f8]
Jul 14 04:42:11 manji kernel:      scan-1133 get_device_data       : No context for object [ffff88040d826820]
Jul 14 04:42:11 manji kernel:      scan-1133 get_device_data       : No context for object [ffff88040d826848]
Jul 14 04:42:11 manji kernel:      scan-1133 get_device_data       : No context for object [ffff88040d826870]
Jul 14 04:42:11 manji kernel:      scan-1133 get_device_data       : No context for object [ffff88040d826898]
Jul 14 04:42:11 manji kernel:      scan-1133 get_device_data       : No context for object [ffff88040d8268c0]
Jul 14 04:42:11 manji kernel:      scan-1133 get_device_data       : No context for object [ffff88040d8268e8]
Jul 14 04:42:11 manji kernel:      scan-1133 get_device_data       : No context for object [ffff88040d826910]
Jul 14 04:42:11 manji kernel:      scan-1133 get_device_data       : No context for object [ffff88040d826938]
Jul 14 04:42:11 manji kernel:      scan-1133 get_device_data       : No context for object [ffff88040d826960]
Jul 14 04:42:11 manji kernel:      scan-1133 get_device_data       : No context for object [ffff88040d826988]
Jul 14 04:42:11 manji kernel:      scan-1133 get_device_data       : No context for object [ffff88040d8269b0]
Jul 14 04:42:11 manji kernel:      scan-1133 get_device_data       : No context for object [ffff88040d8269d8]
Jul 14 04:42:11 manji kernel:      scan-1133 get_device_data       : No context for object [ffff88040d826a00]
Jul 14 04:42:11 manji kernel:      scan-1133 get_device_data       : No context for object [ffff88040d826a28]
Jul 14 04:42:11 manji kernel:      scan-1133 get_device_data       : No context for object [ffff88040d826a50]
Jul 14 04:42:11 manji kernel:      scan-1133 get_device_data       : No context for object [ffff88040d826a78]
Jul 14 04:42:11 manji kernel:      scan-1133 get_device_data       : No context for object [ffff88040d826aa0]
Jul 14 04:42:11 manji kernel:      scan-1133 get_device_data       : No context for object [ffff88040d826ac8]
Jul 14 04:42:11 manji kernel:      scan-1133 get_device_data       : No context for object [ffff88040d826af0]
Jul 14 04:42:11 manji kernel:      scan-1133 get_device_data       : No context for object [ffff88040d826b18]
Jul 14 04:42:11 manji kernel:      scan-1133 get_device_data       : No context for object [ffff88040d826b40]
Jul 14 04:42:11 manji kernel:      scan-1133 get_device_data       : No context for object [ffff88040d826b68]
Jul 14 04:42:11 manji kernel:      scan-1133 get_device_data       : No context for object [ffff88040d826b90]
Jul 14 04:42:11 manji kernel:      scan-1133 get_device_data       : No context for object [ffff88040d826bb8]
Jul 14 04:42:11 manji kernel:      scan-1133 get_device_data       : No context for object [ffff88040d826be0]
Jul 14 04:42:11 manji kernel:     utils-0051 util_eval_error       : Evaluate [\_SB_.PCI0.PB6_.XPDV._STA]: AE_NOT_FOUND
Jul 14 04:42:11 manji kernel: device: 'device:0f': device_add
Jul 14 04:42:11 manji kernel: bus: 'acpi': add device device:0f
Jul 14 04:42:11 manji kernel:     utils-0051 util_eval_error       : Evaluate [\_SB_.PCI0.PB6_.XPDV._SUN]: AE_NOT_FOUND
Jul 14 04:42:11 manji kernel:      scan-1916 add_single_object     : Added device:0f [\_SB_.PCI0.PB6_.XPDV] parent device:0e
Jul 14 04:42:11 manji kernel:      scan-1133 get_device_data       : No context for object [ffff88040d826c08]
Jul 14 04:42:11 manji kernel:      scan-1133 get_device_data       : No context for object [ffff88040d826c30]
Jul 14 04:42:11 manji kernel:      scan-1133 get_device_data       : No context for object [ffff88040d826c58]
Jul 14 04:42:11 manji kernel:      scan-1133 get_device_data       : No context for object [ffff88040d826c80]
Jul 14 04:42:11 manji kernel:      scan-1133 get_device_data       : No context for object [ffff88040d826ca8]
Jul 14 04:42:11 manji kernel:      scan-1133 get_device_data       : No context for object [ffff88040d838550]
Jul 14 04:42:11 manji kernel:      scan-1133 get_device_data       : No context for object [ffff88040d826cd0]
Jul 14 04:42:11 manji kernel:      scan-1133 get_device_data       : No context for object [ffff88040d826cf8]
Jul 14 04:42:11 manji kernel:     utils-0051 util_eval_error       : Evaluate [\_SB_.PCI0.PB7_._STA]: AE_NOT_FOUND
Jul 14 04:42:11 manji kernel: device: 'device:10': device_add
Jul 14 04:42:11 manji kernel: bus: 'acpi': add device device:10
Jul 14 04:42:11 manji kernel:     utils-0051 util_eval_error       : Evaluate [\_SB_.PCI0.PB7_._SUN]: AE_NOT_FOUND
Jul 14 04:42:11 manji kernel:      scan-1916 add_single_object     : Added device:10 [\_SB_.PCI0.PB7_] parent PNP0A08:00
Jul 14 04:42:11 manji kernel:      scan-1133 get_device_data       : No context for object [ffff88040d826d20]
Jul 14 04:42:11 manji kernel:      scan-1133 get_device_data       : No context for object [ffff88040d826d48]
Jul 14 04:42:11 manji kernel:      scan-1133 get_device_data       : No context for object [ffff88040d826d70]
Jul 14 04:42:11 manji kernel:      scan-1133 get_device_data       : No context for object [ffff88040d826d98]
Jul 14 04:42:11 manji kernel:      scan-1133 get_device_data       : No context for object [ffff88040d826dc0]
Jul 14 04:42:11 manji kernel:      scan-1133 get_device_data       : No context for object [ffff88040d826de8]
Jul 14 04:42:11 manji kernel:      scan-1133 get_device_data       : No context for object [ffff88040d826e10]
Jul 14 04:42:11 manji kernel:      scan-1133 get_device_data       : No context for object [ffff88040d826e38]
Jul 14 04:42:11 manji kernel:      scan-1133 get_device_data       : No context for object [ffff88040d826e60]
Jul 14 04:42:11 manji kernel:      scan-1133 get_device_data       : No context for object [ffff88040d826e88]
Jul 14 04:42:11 manji kernel:      scan-1133 get_device_data       : No context for object [ffff88040d826eb0]
Jul 14 04:42:11 manji kernel:      scan-1133 get_device_data       : No context for object [ffff88040d826ed8]
Jul 14 04:42:11 manji kernel:      scan-1133 get_device_data       : No context for object [ffff88040d826f00]
Jul 14 04:42:11 manji kernel:      scan-1133 get_device_data       : No context for object [ffff88040d826f28]
Jul 14 04:42:11 manji kernel:      scan-1133 get_device_data       : No context for object [ffff88040d826f50]
Jul 14 04:42:11 manji kernel:      scan-1133 get_device_data       : No context for object [ffff88040d826f78]
Jul 14 04:42:11 manji kernel:      scan-1133 get_device_data       : No context for object [ffff88040d826fa0]
Jul 14 04:42:11 manji kernel:      scan-1133 get_device_data       : No context for object [ffff88040d826fc8]
Jul 14 04:42:11 manji kernel:      scan-1133 get_device_data       : No context for object [ffff88040d828000]
Jul 14 04:42:11 manji kernel:      scan-1133 get_device_data       : No context for object [ffff88040d828028]
Jul 14 04:42:11 manji kernel:      scan-1133 get_device_data       : No context for object [ffff88040d828050]
Jul 14 04:42:11 manji kernel:      scan-1133 get_device_data       : No context for object [ffff88040d828078]
Jul 14 04:42:11 manji kernel:      scan-1133 get_device_data       : No context for object [ffff88040d8280a0]
Jul 14 04:42:11 manji kernel:      scan-1133 get_device_data       : No context for object [ffff88040d8280c8]
Jul 14 04:42:11 manji kernel:      scan-1133 get_device_data       : No context for object [ffff88040d8280f0]
Jul 14 04:42:11 manji kernel:      scan-1133 get_device_data       : No context for object [ffff88040d828118]
Jul 14 04:42:11 manji kernel:      scan-1133 get_device_data       : No context for object [ffff88040d828140]
Jul 14 04:42:11 manji kernel:      scan-1133 get_device_data       : No context for object [ffff88040d828168]
Jul 14 04:42:11 manji kernel:      scan-1133 get_device_data       : No context for object [ffff88040d828190]
Jul 14 04:42:11 manji kernel:      scan-1133 get_device_data       : No context for object [ffff88040d8281b8]
Jul 14 04:42:11 manji kernel:      scan-1133 get_device_data       : No context for object [ffff88040d8281e0]
Jul 14 04:42:11 manji kernel:     utils-0051 util_eval_error       : Evaluate [\_SB_.PCI0.PB7_.XPDV._STA]: AE_NOT_FOUND
Jul 14 04:42:11 manji kernel: device: 'device:11': device_add
Jul 14 04:42:11 manji kernel: bus: 'acpi': add device device:11
Jul 14 04:42:11 manji kernel:     utils-0051 util_eval_error       : Evaluate [\_SB_.PCI0.PB7_.XPDV._SUN]: AE_NOT_FOUND
Jul 14 04:42:11 manji kernel:      scan-1916 add_single_object     : Added device:11 [\_SB_.PCI0.PB7_.XPDV] parent device:10
Jul 14 04:42:11 manji kernel:      scan-1133 get_device_data       : No context for object [ffff88040d828208]
Jul 14 04:42:11 manji kernel:      scan-1133 get_device_data       : No context for object [ffff88040d828230]
Jul 14 04:42:11 manji kernel:      scan-1133 get_device_data       : No context for object [ffff88040d828258]
Jul 14 04:42:11 manji kernel:      scan-1133 get_device_data       : No context for object [ffff88040d828280]
Jul 14 04:42:11 manji kernel:      scan-1133 get_device_data       : No context for object [ffff88040d8282a8]
Jul 14 04:42:11 manji kernel:      scan-1133 get_device_data       : No context for object [ffff88040d838488]
Jul 14 04:42:11 manji kernel:      scan-1133 get_device_data       : No context for object [ffff88040d8282d0]
Jul 14 04:42:11 manji kernel:      scan-1133 get_device_data       : No context for object [ffff88040d8282f8]
Jul 14 04:42:11 manji kernel:     utils-0051 util_eval_error       : Evaluate [\_SB_.PCI0.OHC1._STA]: AE_NOT_FOUND
Jul 14 04:42:11 manji kernel: device: 'device:12': device_add
Jul 14 04:42:11 manji kernel: bus: 'acpi': add device device:12
Jul 14 04:42:11 manji kernel:     utils-0051 util_eval_error       : Evaluate [\_SB_.PCI0.OHC1._SUN]: AE_NOT_FOUND
Jul 14 04:42:11 manji kernel:      scan-1916 add_single_object     : Added device:12 [\_SB_.PCI0.OHC1] parent PNP0A08:00
Jul 14 04:42:11 manji kernel:      scan-1133 get_device_data       : No context for object [ffff88040d828320]
Jul 14 04:42:11 manji kernel:      scan-1133 get_device_data       : No context for object [ffff88040d828348]
Jul 14 04:42:11 manji kernel:      scan-1133 get_device_data       : No context for object [ffff88040d83c2f8]
Jul 14 04:42:11 manji kernel:     utils-0051 util_eval_error       : Evaluate [\_SB_.PCI0.OHC1.RHUB._STA]: AE_NOT_FOUND
Jul 14 04:42:11 manji kernel: device: 'device:13': device_add
Jul 14 04:42:11 manji kernel: bus: 'acpi': add device device:13
Jul 14 04:42:11 manji kernel:     utils-0051 util_eval_error       : Evaluate [\_SB_.PCI0.OHC1.RHUB._SUN]: AE_NOT_FOUND
Jul 14 04:42:11 manji kernel:      scan-1916 add_single_object     : Added device:13 [\_SB_.PCI0.OHC1.RHUB] parent device:12
Jul 14 04:42:11 manji kernel:      scan-1133 get_device_data       : No context for object [ffff88040d83c320]
Jul 14 04:42:11 manji kernel:      scan-1133 get_device_data       : No context for object [ffff88040d83c348]
Jul 14 04:42:11 manji kernel:     utils-0051 util_eval_error       : Evaluate [\_SB_.PCI0.OHC1.RHUB.PRT3._STA]: AE_NOT_FOUND
Jul 14 04:42:11 manji kernel: device: 'device:14': device_add
Jul 14 04:42:11 manji kernel: bus: 'acpi': add device device:14
Jul 14 04:42:11 manji kernel:     utils-0051 util_eval_error       : Evaluate [\_SB_.PCI0.OHC1.RHUB.PRT3._SUN]: AE_NOT_FOUND
Jul 14 04:42:11 manji kernel:      scan-1916 add_single_object     : Added device:14 [\_SB_.PCI0.OHC1.RHUB.PRT3] parent device:13
Jul 14 04:42:11 manji kernel:      scan-1133 get_device_data       : No context for object [ffff88040d83c370]
Jul 14 04:42:11 manji kernel:      scan-1133 get_device_data       : No context for object [ffff88040d83c398]
Jul 14 04:42:11 manji kernel:      scan-1133 get_device_data       : No context for object [ffff88040d83c3c0]
Jul 14 04:42:11 manji kernel:      scan-1133 get_device_data       : No context for object [ffff88040d83c3e8]
Jul 14 04:42:11 manji kernel:     utils-0051 util_eval_error       : Evaluate [\_SB_.PCI0.OHC1.RHUB.PRT4._STA]: AE_NOT_FOUND
Jul 14 04:42:11 manji kernel: device: 'device:15': device_add
Jul 14 04:42:11 manji kernel: bus: 'acpi': add device device:15
Jul 14 04:42:11 manji kernel:     utils-0051 util_eval_error       : Evaluate [\_SB_.PCI0.OHC1.RHUB.PRT4._SUN]: AE_NOT_FOUND
Jul 14 04:42:11 manji kernel:      scan-1916 add_single_object     : Added device:15 [\_SB_.PCI0.OHC1.RHUB.PRT4] parent device:13
Jul 14 04:42:11 manji kernel:      scan-1133 get_device_data       : No context for object [ffff88040d83c410]
Jul 14 04:42:11 manji kernel:      scan-1133 get_device_data       : No context for object [ffff88040d83c438]
Jul 14 04:42:11 manji kernel:      scan-1133 get_device_data       : No context for object [ffff88040d83c460]
Jul 14 04:42:11 manji kernel:      scan-1133 get_device_data       : No context for object [ffff88040d828370]
Jul 14 04:42:11 manji kernel:     utils-0051 util_eval_error       : Evaluate [\_SB_.PCI0.EHC1._STA]: AE_NOT_FOUND
Jul 14 04:42:11 manji kernel: device: 'device:16': device_add
Jul 14 04:42:11 manji kernel: bus: 'acpi': add device device:16
Jul 14 04:42:11 manji kernel:     utils-0051 util_eval_error       : Evaluate [\_SB_.PCI0.EHC1._SUN]: AE_NOT_FOUND
Jul 14 04:42:11 manji kernel:      scan-1916 add_single_object     : Added device:16 [\_SB_.PCI0.EHC1] parent PNP0A08:00
Jul 14 04:42:11 manji kernel:      scan-1133 get_device_data       : No context for object [ffff88040d828398]
Jul 14 04:42:11 manji kernel:      scan-1133 get_device_data       : No context for object [ffff88040d8283c0]
Jul 14 04:42:11 manji kernel:      scan-1133 get_device_data       : No context for object [ffff88040d83c028]
Jul 14 04:42:11 manji kernel:     utils-0051 util_eval_error       : Evaluate [\_SB_.PCI0.EHC1.RHUB._STA]: AE_NOT_FOUND
Jul 14 04:42:11 manji kernel: device: 'device:17': device_add
Jul 14 04:42:11 manji kernel: bus: 'acpi': add device device:17
Jul 14 04:42:11 manji kernel:     utils-0051 util_eval_error       : Evaluate [\_SB_.PCI0.EHC1.RHUB._SUN]: AE_NOT_FOUND
Jul 14 04:42:11 manji kernel:      scan-1916 add_single_object     : Added device:17 [\_SB_.PCI0.EHC1.RHUB] parent device:16
Jul 14 04:42:11 manji kernel:      scan-1133 get_device_data       : No context for object [ffff88040d83c050]
Jul 14 04:42:11 manji kernel:      scan-1133 get_device_data       : No context for object [ffff88040d83c078]
Jul 14 04:42:11 manji kernel:     utils-0051 util_eval_error       : Evaluate [\_SB_.PCI0.EHC1.RHUB.PRT3._STA]: AE_NOT_FOUND
Jul 14 04:42:11 manji kernel: device: 'device:18': device_add
Jul 14 04:42:11 manji kernel: bus: 'acpi': add device device:18
Jul 14 04:42:11 manji kernel:     utils-0051 util_eval_error       : Evaluate [\_SB_.PCI0.EHC1.RHUB.PRT3._SUN]: AE_NOT_FOUND
Jul 14 04:42:11 manji kernel:      scan-1916 add_single_object     : Added device:18 [\_SB_.PCI0.EHC1.RHUB.PRT3] parent device:17
