[    0.000000] Initializing cgroup subsys cpuset
[    0.000000] Initializing cgroup subsys cpu
[    0.000000] Initializing cgroup subsys cpuacct
[    0.000000] Linux version 3.17.0-rc5-g9e82bf0 (emacs@manji) (gcc version 4.9.1 (GCC) ) #95 SMP Mon Sep 15 22:22:30 CEST 2014
[    0.000000] Command line: BOOT_IMAGE=/vmlinuz-linux-git root=UUID=bfa4ab6e-19a3-4601-ba2b-267c55841c73 rw cryptdevice=/dev/disk/by-uuid/70c08890-417a-497d-b6ab-c0d0357a63e2:cryptManjaro:allow-discards ipv6.disable=1 pnp.debug=1 loglevel=9 log_buf_len=10M printk.always_kmsg_dump=y printk.time=y mminit_loglevel=0 memory_corruption_check=1 acpi.debug_layer=0xfbff0000 acpi.debug_level=0xFFFFFFFD nohz=on rcu_nocbs=1-3 pcie_aspm=force fbcon=scrollback:4096k fbcon=font:ProFont6x11 radeon.audio=0 radeon.lockup_timeout=0 radeon.test=0 radeon.agpmode=-1 radeon.benchmark=0 radeon.tv=0 radeon.hard_reset=1 radeon.aspm=1 radeon.dpm=1 radeon.msi=1 radeon.pcie_gen2=-1 radeon.no_wb=1 radeon.modeset=1 radeon.dynclks=1 radeon.r4xx_atom=0 radeon.runpm=0 radeonfb radeon.fastfb=1 nomodeset apic=debug earlyprintk=dbgp
[    0.000000] KERNEL supported cpus:
[    0.000000]   AMD AuthenticAMD
[    0.000000] tseg: 00bfe00000
[    0.000000] e820: BIOS-provided physical RAM map:
[    0.000000] BIOS-e820: [mem 0x0000000000000000-0x000000000009d7ff] usable
[    0.000000] BIOS-e820: [mem 0x000000000009d800-0x000000000009ffff] reserved
[    0.000000] BIOS-e820: [mem 0x00000000000e0000-0x00000000000fffff] reserved
[    0.000000] BIOS-e820: [mem 0x0000000000100000-0x00000000bed9afff] usable
[    0.000000] BIOS-e820: [mem 0x00000000bed9b000-0x00000000bf39afff] reserved
[    0.000000] BIOS-e820: [mem 0x00000000bf39b000-0x00000000bf49afff] ACPI NVS
[    0.000000] BIOS-e820: [mem 0x00000000bf49b000-0x00000000bf51afff] ACPI data
[    0.000000] BIOS-e820: [mem 0x00000000bf51b000-0x00000000bfdfffff] usable
[    0.000000] BIOS-e820: [mem 0x00000000bfe00000-0x00000000bfffffff] reserved
[    0.000000] BIOS-e820: [mem 0x00000000fec00000-0x00000000fecfffff] reserved
[    0.000000] BIOS-e820: [mem 0x00000000fed80000-0x00000000fed80fff] reserved
[    0.000000] BIOS-e820: [mem 0x00000000ffe00000-0x00000000ffffffff] reserved
[    0.000000] BIOS-e820: [mem 0x0000000100000000-0x000000041effffff] usable
[    0.000000] early_pci_allowed
[    0.000000] dbgp_num: 0
[    0.000000] Found EHCI debug port on 00:12.2
[    0.000000] bar: 10 offset: 0e0
[    0.000000] bar_val: f014a900 offset: 0e0
[    0.000000] ehci_bar: ffffffffff5ff900
[    0.000000] dbgp: ehci BIOS state 00010001
[    0.000000] dbgp: BIOS handoff
[    0.000000] disabled EHCI SMI via usb
[    0.000000] debug_port: 1
[    0.000000] n_ports:    5
[    0.000000] dbgp: 
[    0.000000]   Debug control: 00000000  ehci cmd     : 00080b00  ehci conf flg: 00000000
[    0.000000]   ehci status  : 00001000  ehci portsc  : 00003000
[    0.000000] portstatus1: 00003000
[    0.000000] portstatus2: 00003000
[    0.000000] portstatus3: 00003000
[    0.000000] portstatus4: 00003000
[    0.000000] portstatus5: 00003000
[    0.000000] dbgp: ehci reset done
[    0.000000]   Debug control: 00000000  ehci cmd     : 00080b00  ehci conf flg: 00000000
[    0.000000]   ehci status  : 00001000  ehci portsc  : 00003000
[    0.000000] dbgp: EHCI startup
[    0.000000]   Debug control: 40000000  ehci cmd     : 00080b00  ehci conf flg: 00000000
[    0.000000]   ehci status  : 00001000  ehci portsc  : 00003000
[    0.000000] ehci started
[    0.000000] dbgp: reset port
[    0.000000]   Debug control: 40000000  ehci cmd     : 00080b01  ehci conf flg: 00000001
[    0.000000]   ehci status  : 00000000  ehci portsc  : 00001000
[    0.000000] dbgp: Trying to force debug port online
[    0.000000]   Debug control: 40000000  ehci cmd     : 00080b00  ehci conf flg: 00000001
[    0.000000]   ehci status  : 00000008  ehci portsc  : 00041880
[    0.000000] dbgp: ehci reset done
[    0.000000]   Debug control: 00000000  ehci cmd     : 00080b00  ehci conf flg: 00000000
[    0.000000]   ehci status  : 00001000  ehci portsc  : 00003000
[    0.000000] dbgp: EHCI startup
[    0.000000]   Debug control: 40000000  ehci cmd     : 00080b00  ehci conf flg: 00000000
[    0.000000]   ehci status  : 00001000  ehci portsc  : 00003000
[    0.000000] ehci started
[    0.000000] dbgp: reset port
[    0.000000]   Debug control: 40000000  ehci cmd     : 00080b01  ehci conf flg: 00000001
[    0.000000]   ehci status  : 00000000  ehci portsc  : 00001000
[    0.000000] dbgp: EHCI startup
[    0.000000]   Debug control: 40000000  ehci cmd     : 00080b01  ehci conf flg: 00000001
[    0.000000]   ehci status  : 00000008  ehci portsc  : 00001000
[    0.000000] ehci started
[    0.000000] dbgp: reset port
[    0.000000]   Debug control: 40000000  ehci cmd     : 00080b01  ehci conf flg: 00000001
[    0.000000]   ehci status  : 00000008  ehci portsc  : 00001000
[    0.000000] No device found in debug port
[    0.000000] debug_port: 1
[    0.000000] n_ports:    5
[    0.000000] dbgp: 
[    0.000000]   Debug control: 40000000  ehci cmd     : 00080b01  ehci conf flg: 00000001
[    0.000000]   ehci status  : 00000008  ehci portsc  : 00001000
[    0.000000] portstatus1: 00001000
[    0.000000] portstatus2: 00001000
[    0.000000] portstatus3: 00001803
[    0.000000] portstatus4: 00001000
[    0.000000] portstatus5: 00001000
[    0.000000] debug_port: 1
[    0.000000] n_ports:    5
[    0.000000] dbgp: 
[    0.000000]   Debug control: 40000000  ehci cmd     : 00080b01  ehci conf flg: 00000001
[    0.000000]   ehci status  : 00000008  ehci portsc  : 00001000
[    0.000000] portstatus1: 00001000
[    0.000000] portstatus2: 00001000
[    0.000000] portstatus3: 00001803
[    0.000000] portstatus4: 00001000
[    0.000000] portstatus5: 00001000
[    0.000000] dbgp: ehci skip - already configured
[    0.000000]   Debug control: 40000000  ehci cmd     : 00080b01  ehci conf flg: 00000001
[    0.000000]   ehci status  : 00000008  ehci portsc  : 00001000
[    0.000000] dbgp: EHCI startup
[    0.000000]   Debug control: 40000000  ehci cmd     : 00080b01  ehci conf flg: 00000001
[    0.000000]   ehci status  : 00000008  ehci portsc  : 00001000
[    0.000000] ehci started
[    0.000000] dbgp: reset port
[    0.000000]   Debug control: 40000000  ehci cmd     : 00080b01  ehci conf flg: 00000001
[    0.000000]   ehci status  : 00000008  ehci portsc  : 00001000
[    0.000000] dbgp: Trying to force debug port online
[    0.000000]   Debug control: 40000000  ehci cmd     : 00080b00  ehci conf flg: 00000001
[    0.000000]   ehci status  : 00000008  ehci portsc  : 00041880
[    0.000000] dbgp: ehci reset done
[    0.000000]   Debug control: 00000000  ehci cmd     : 00080b00  ehci conf flg: 00000000
[    0.000000]   ehci status  : 00001000  ehci portsc  : 00003000
[    0.000000] dbgp: EHCI startup
[    0.000000]   Debug control: 40000000  ehci cmd     : 00080b00  ehci conf flg: 00000000
[    0.000000]   ehci status  : 00001000  ehci portsc  : 00003000
[    0.000000] ehci started
[    0.000000] dbgp: reset port
[    0.000000]   Debug control: 40000000  ehci cmd     : 00080b01  ehci conf flg: 00000001
[    0.000000]   ehci status  : 00000000  ehci portsc  : 00001000
[    0.000000] dbgp: EHCI startup
[    0.000000]   Debug control: 40000000  ehci cmd     : 00080b01  ehci conf flg: 00000001
[    0.000000]   ehci status  : 00000008  ehci portsc  : 00001000
[    0.000000] ehci started
[    0.000000] dbgp: reset port
[    0.000000]   Debug control: 40000000  ehci cmd     : 00080b01  ehci conf flg: 00000001
[    0.000000]   ehci status  : 00000008  ehci portsc  : 00001000
[    0.000000] No device found in debug port
[    0.000000] debug_port: 1
[    0.000000] n_ports:    5
[    0.000000] dbgp: 
[    0.000000]   Debug control: 40000000  ehci cmd     : 00080b01  ehci conf flg: 00000001
[    0.000000]   ehci status  : 00000008  ehci portsc  : 00001000
[    0.000000] portstatus1: 00001000
[    0.000000] portstatus2: 00001000
[    0.000000] portstatus3: 00001803
[    0.000000] portstatus4: 00001000
[    0.000000] portstatus5: 00001000
[    0.000000] debug_port: 1
[    0.000000] n_ports:    5
[    0.000000] dbgp: 
[    0.000000]   Debug control: 40000000  ehci cmd     : 00080b01  ehci conf flg: 00000001
[    0.000000]   ehci status  : 00000008  ehci portsc  : 00001000
[    0.000000] portstatus1: 00001000
[    0.000000] portstatus2: 00001000
[    0.000000] portstatus3: 00001803
[    0.000000] portstatus4: 00001000
[    0.000000] portstatus5: 00001000
[    0.000000] dbgp: ehci skip - already configured
[    0.000000]   Debug control: 40000000  ehci cmd     : 00080b01  ehci conf flg: 00000001
[    0.000000]   ehci status  : 00000008  ehci portsc  : 00001000
[    0.000000] dbgp: EHCI startup
[    0.000000]   Debug control: 40000000  ehci cmd     : 00080b01  ehci conf flg: 00000001
[    0.000000]   ehci status  : 00000008  ehci portsc  : 00001000
[    0.000000] ehci started
[    0.000000] dbgp: reset port
[    0.000000]   Debug control: 40000000  ehci cmd     : 00080b01  ehci conf flg: 00000001
[    0.000000]   ehci status  : 00000008  ehci portsc  : 00001000
[    0.000000] dbgp: Trying to force debug port online
[    0.000000]   Debug control: 40000000  ehci cmd     : 00080b00  ehci conf flg: 00000001
[    0.000000]   ehci status  : 00000008  ehci portsc  : 00041480
[    0.000000] dbgp: ehci reset done
[    0.000000]   Debug control: 00000000  ehci cmd     : 00080b00  ehci conf flg: 00000000
[    0.000000]   ehci status  : 00001000  ehci portsc  : 00003000
[    0.000000] dbgp: EHCI startup
[    0.000000]   Debug control: 40000000  ehci cmd     : 00080b00  ehci conf flg: 00000000
[    0.000000]   ehci status  : 00001000  ehci portsc  : 00003000
[    0.000000] ehci started
[    0.000000] dbgp: reset port
[    0.000000]   Debug control: 40000000  ehci cmd     : 00080b01  ehci conf flg: 00000001
[    0.000000]   ehci status  : 00000000  ehci portsc  : 00001000
[    0.000000] dbgp: EHCI startup
[    0.000000]   Debug control: 40000000  ehci cmd     : 00080b01  ehci conf flg: 00000001
[    0.000000]   ehci status  : 00000008  ehci portsc  : 00001000
[    0.000000] ehci started
[    0.000000] dbgp: reset port
[    0.000000]   Debug control: 40000000  ehci cmd     : 00080b01  ehci conf flg: 00000001
[    0.000000]   ehci status  : 00000008  ehci portsc  : 00001000
[    0.000000] No device found in debug port
[    0.000000] debug_port: 1
[    0.000000] n_ports:    5
[    0.000000] dbgp: 
[    0.000000]   Debug control: 40000000  ehci cmd     : 00080b01  ehci conf flg: 00000001
[    0.000000]   ehci status  : 00000008  ehci portsc  : 00001000
[    0.000000] portstatus1: 00001000
[    0.000000] portstatus2: 00001000
[    0.000000] portstatus3: 00001803
[    0.000000] portstatus4: 00001000
[    0.000000] portstatus5: 00001000
[    0.000000] ehci_setup failed
[    0.000000] NX (Execute Disable) protection: active
[    0.000000] SMBIOS 2.6 present.
[    0.000000] DMI: LENOVO Sabine/Torpedo, BIOS 54CN18WW 07/20/2011
[    0.000000] e820: update [mem 0x00000000-0x00000fff] usable ==> reserved
[    0.000000] e820: remove [mem 0x000a0000-0x000fffff] usable
[    0.000000] e820: last_pfn = 0x41f000 max_arch_pfn = 0x400000000
[    0.000000] MTRR default type: uncachable
[    0.000000] MTRR fixed ranges enabled:
[    0.000000]   00000-9FFFF write-back
[    0.000000]   A0000-BFFFF uncachable
[    0.000000]   C0000-FFFFF write-protect
[    0.000000] MTRR variable ranges enabled:
[    0.000000]   0 base 0000000000 mask FF80000000 write-back
[    0.000000]   1 base 0080000000 mask FFC0000000 write-back
[    0.000000]   2 base 00FFF90000 mask FFFFFF0000 uncachable
[    0.000000]   3 base 00FED80000 mask 0FFFFFF000 uncachable
[    0.000000]   4 disabled
[    0.000000]   5 disabled
[    0.000000]   6 disabled
[    0.000000]   7 base 00FFE00000 mask FFFFE00000 write-protect
[    0.000000] TOM2: 000000041f000000 aka 16880M
[    0.000000] mtrr: your BIOS has configured an incorrect mask, fixing it.
[    0.000000] e820: last_pfn = 0xbfe00 max_arch_pfn = 0x400000000
[    0.000000] Scan for SMP in [mem 0x00000000-0x000003ff]
[    0.000000] Scan for SMP in [mem 0x0009fc00-0x0009ffff]
[    0.000000] Scan for SMP in [mem 0x000f0000-0x000fffff]
[    0.000000] found SMP MP-table at [mem 0x000fa8b0-0x000fa8bf] mapped at [ffff8800000fa8b0]
[    0.000000]   mpc: fa8c0-faa24
[    0.000000] Base memory trampoline at [ffff880000097000] 97000 size 24576
[    0.000000] Using GB pages for direct mapping
[    0.000000] init_memory_mapping: [mem 0x00000000-0x000fffff]
[    0.000000]  [mem 0x00000000-0x000fffff] page 4k
[    0.000000] BRK [0x01e1e000, 0x01e1efff] PGTABLE
[    0.000000] BRK [0x01e1f000, 0x01e1ffff] PGTABLE
[    0.000000] BRK [0x01e20000, 0x01e20fff] PGTABLE
[    0.000000] init_memory_mapping: [mem 0x41ee00000-0x41effffff]
[    0.000000]  [mem 0x41ee00000-0x41effffff] page 2M
[    0.000000] BRK [0x01e21000, 0x01e21fff] PGTABLE
[    0.000000] init_memory_mapping: [mem 0x41c000000-0x41edfffff]
[    0.000000]  [mem 0x41c000000-0x41edfffff] page 2M
[    0.000000] init_memory_mapping: [mem 0x400000000-0x41bffffff]
[    0.000000]  [mem 0x400000000-0x41bffffff] page 2M
[    0.000000] init_memory_mapping: [mem 0x00100000-0xbed9afff]
[    0.000000]  [mem 0x00100000-0x001fffff] page 4k
[    0.000000]  [mem 0x00200000-0x3fffffff] page 2M
[    0.000000]  [mem 0x40000000-0x7fffffff] page 1G
[    0.000000]  [mem 0x80000000-0xbebfffff] page 2M
[    0.000000]  [mem 0xbec00000-0xbed9afff] page 4k
[    0.000000] init_memory_mapping: [mem 0xbf51b000-0xbfdfffff]
[    0.000000]  [mem 0xbf51b000-0xbf5fffff] page 4k
[    0.000000]  [mem 0xbf600000-0xbfdfffff] page 2M
[    0.000000] BRK [0x01e22000, 0x01e22fff] PGTABLE
[    0.000000] init_memory_mapping: [mem 0x100000000-0x3ffffffff]
[    0.000000]  [mem 0x100000000-0x3ffffffff] page 1G
[    0.000000] log_buf_len: 16777216 bytes
[    0.000000] early log buf free: 2082960(99%)
[    0.000000] RAMDISK: [mem 0x3781c000-0x37c05fff]
[    0.000000] ACPI: Early table checksum verification disabled
[    0.000000] ACPI: RSDP 0x00000000000F0110 000024 (v02 LENOVO)
[    0.000000] ACPI: XSDT 0x00000000BF51A120 000074 (v01 LENOVO CB-01    00000001 LENO 00000001)
[    0.000000] ACPI: FACP 0x00000000BF508000 0000F4 (v04 LENOVO CB-01    00000001 PTL  00000001)
[    0.000000] ACPI: DSDT 0x00000000BF50A000 00FD10 (v01 LENOVO CB-01    00001000 LENO 00000001)
[    0.000000] ACPI: FACS 0x00000000BF478000 000040
[    0.000000] ACPI: HPET 0x00000000BF507000 000038 (v01 LENOVO CB-01    00000001 PTL  00000001)
[    0.000000] ACPI: APIC 0x00000000BF506000 00007A (v02 LENOVO CB-01    00000001 PTL  00000001)
[    0.000000] ACPI: MCFG 0x00000000BF505000 00003C (v01 LENOVO CB-01    00000001 PTL  00000001)
[    0.000000] ACPI: SLIC 0x00000000BF504000 000176 (v01 LENOVO CB-01    00000001 LENO 00000001)
[    0.000000] ACPI: UEFI 0x00000000BF503000 00003E (v01 LENOVO CB-01    00000001 PTL  00000001)
[    0.000000] ACPI: UEFI 0x00000000BF502000 000042 (v01 PTL    COMBUF   00000001 PTL  00000001)
[    0.000000] ACPI: SSDT 0x00000000BF501000 000E34 (v01 AMD    POWERNOW 00000001 AMD  00000001)
[    0.000000] ACPI: SSDT 0x00000000BF4FF000 00193D (v02 AMD    ALIB     00000001 MSFT 04000000)
[    0.000000] ACPI: UEFI 0x00000000BF4FE000 00021A (v01 LENOVO CB-01    00000001 PTL  00000001)
[    0.000000] ACPI: Local APIC address 0xfee00000
[    0.000000] mapped APIC to ffffffffff5fd000 (        fee00000)
[    0.000000] No NUMA configuration found
[    0.000000] Faking a node at [mem 0x0000000000000000-0x000000041effffff]
[    0.000000] Initmem setup node 0 [mem 0x00000000-0x41effffff]
[    0.000000]   NODE_DATA [mem 0x41dffa000-0x41dffdfff]
[    0.000000]  [ffffea0000000000-ffffea00107fffff] PMD -> [ffff88040de00000-ffff88041d5fffff] on node 0
[    0.000000] Zone ranges:
[    0.000000]   DMA      [mem 0x00001000-0x00ffffff]
[    0.000000]   DMA32    [mem 0x01000000-0xffffffff]
[    0.000000]   Normal   [mem 0x100000000-0x41effffff]
[    0.000000] Movable zone start for each node
[    0.000000] Early memory node ranges
[    0.000000]   node   0: [mem 0x00001000-0x0009cfff]
[    0.000000]   node   0: [mem 0x00100000-0xbed9afff]
[    0.000000]   node   0: [mem 0xbf51b000-0xbfdfffff]
[    0.000000]   node   0: [mem 0x100000000-0x41effffff]
[    0.000000] On node 0 totalpages: 4056604
[    0.000000]   DMA zone: 64 pages used for memmap
[    0.000000]   DMA zone: 21 pages reserved
[    0.000000]   DMA zone: 3996 pages, LIFO batch:0
[    0.000000]   DMA32 zone: 12186 pages used for memmap
[    0.000000]   DMA32 zone: 779904 pages, LIFO batch:31
[    0.000000]   Normal zone: 51136 pages used for memmap
[    0.000000]   Normal zone: 3272704 pages, LIFO batch:31
[    0.000000] ACPI: PM-Timer IO Port: 0x808
[    0.000000] ACPI: Local APIC address 0xfee00000
[    0.000000] mapped APIC to ffffffffff5fd000 (        fee00000)
[    0.000000] ACPI: LAPIC (acpi_id[0x00] lapic_id[0x00] enabled)
[    0.000000] ACPI: LAPIC (acpi_id[0x01] lapic_id[0x01] enabled)
[    0.000000] ACPI: LAPIC (acpi_id[0x02] lapic_id[0x02] enabled)
[    0.000000] ACPI: LAPIC (acpi_id[0x03] lapic_id[0x03] enabled)
[    0.000000] ACPI: LAPIC_NMI (acpi_id[0x00] high edge lint[0x1])
[    0.000000] ACPI: LAPIC_NMI (acpi_id[0x01] high edge lint[0x1])
[    0.000000] ACPI: LAPIC_NMI (acpi_id[0x02] high edge lint[0x1])
[    0.000000] ACPI: LAPIC_NMI (acpi_id[0x03] high edge lint[0x1])
[    0.000000] ACPI: IOAPIC (id[0x02] address[0xfec00000] gsi_base[0])
[    0.000000] IOAPIC[0]: apic_id 2, version 33, address 0xfec00000, GSI 0-23
[    0.000000] ACPI: INT_SRC_OVR (bus 0 bus_irq 0 global_irq 2 dfl dfl)
[    0.000000] Int: type 0, pol 0, trig 0, bus 00, IRQ 00, APIC ID 2, APIC INT 02
[    0.000000] Int: type 0, pol 3, trig 3, bus 00, IRQ 09, APIC ID 2, APIC INT 09
[    0.000000] ACPI: IRQ0 used by override.
[    0.000000] Int: type 0, pol 0, trig 0, bus 00, IRQ 01, APIC ID 2, APIC INT 01
[    0.000000] Int: type 0, pol 0, trig 0, bus 00, IRQ 03, APIC ID 2, APIC INT 03
[    0.000000] Int: type 0, pol 0, trig 0, bus 00, IRQ 04, APIC ID 2, APIC INT 04
[    0.000000] Int: type 0, pol 0, trig 0, bus 00, IRQ 05, APIC ID 2, APIC INT 05
[    0.000000] Int: type 0, pol 0, trig 0, bus 00, IRQ 06, APIC ID 2, APIC INT 06
[    0.000000] Int: type 0, pol 0, trig 0, bus 00, IRQ 07, APIC ID 2, APIC INT 07
[    0.000000] Int: type 0, pol 0, trig 0, bus 00, IRQ 08, APIC ID 2, APIC INT 08
[    0.000000] ACPI: IRQ9 used by override.
[    0.000000] Int: type 0, pol 0, trig 0, bus 00, IRQ 0a, APIC ID 2, APIC INT 0a
[    0.000000] Int: type 0, pol 0, trig 0, bus 00, IRQ 0b, APIC ID 2, APIC INT 0b
[    0.000000] Int: type 0, pol 0, trig 0, bus 00, IRQ 0c, APIC ID 2, APIC INT 0c
[    0.000000] Int: type 0, pol 0, trig 0, bus 00, IRQ 0d, APIC ID 2, APIC INT 0d
[    0.000000] Int: type 0, pol 0, trig 0, bus 00, IRQ 0e, APIC ID 2, APIC INT 0e
[    0.000000] Int: type 0, pol 0, trig 0, bus 00, IRQ 0f, APIC ID 2, APIC INT 0f
[    0.000000] Using ACPI (MADT) for SMP configuration information
[    0.000000] ACPI: HPET id: 0x43538210 base: 0xfed00000
[    0.000000] smpboot: Allowing 4 CPUs, 0 hotplug CPUs
[    0.000000] mapped IOAPIC to ffffffffff5fc000 (fec00000)
[    0.000000] e820: [mem 0xc0000000-0xfebfffff] available for PCI devices
[    0.000000] setup_percpu: NR_CPUS:64 nr_cpumask_bits:64 nr_cpu_ids:4 nr_node_ids:1
[    0.000000] PERCPU: Embedded 27 pages/cpu @ffff88041dc00000 s80256 r8192 d22144 u524288
[    0.000000] pcpu-alloc: s80256 r8192 d22144 u524288 alloc=1*2097152
[    0.000000] pcpu-alloc: [0] 0 1 2 3 
[    0.000000] Built 1 zonelists in Zone order, mobility grouping on.  Total pages: 3993197
[    0.000000] Policy zone: Normal
[    0.000000] Kernel command line: BOOT_IMAGE=/vmlinuz-linux-git root=UUID=bfa4ab6e-19a3-4601-ba2b-267c55841c73 rw cryptdevice=/dev/disk/by-uuid/70c08890-417a-497d-b6ab-c0d0357a63e2:cryptManjaro:allow-discards ipv6.disable=1 pnp.debug=1 loglevel=9 log_buf_len=10M printk.always_kmsg_dump=y printk.time=y mminit_loglevel=0 memory_corruption_check=1 acpi.debug_layer=0xfbff0000 acpi.debug_level=0xFFFFFFFD nohz=on rcu_nocbs=1-3 pcie_aspm=force fbcon=scrollback:4096k fbcon=font:ProFont6x11 radeon.audio=0 radeon.lockup_timeout=0 radeon.test=0 radeon.agpmode=-1 radeon.benchmark=0 radeon.tv=0 radeon.hard_reset=1 radeon.aspm=1 radeon.dpm=1 radeon.msi=1 radeon.pcie_gen2=-1 radeon.no_wb=1 radeon.modeset=1 radeon.dynclks=1 radeon.r4xx_atom=0 radeon.runpm=0 radeonfb radeon.fastfb=1 nomodeset apic=debug earlyprintk=dbgp
[    0.000000] PCIe ASPM is forcibly enabled
[    0.000000] PID hash table entries: 4096 (order: 3, 32768 bytes)
[    0.000000] Memory: 15870840K/16226416K available (5261K kernel code, 722K rwdata, 2208K rodata, 848K init, 2616K bss, 355576K reserved)
[    0.000000] SLUB: HWalign=64, Order=0-3, MinObjects=0, CPUs=4, Nodes=1
[    0.000000] Hierarchical RCU implementation.
[    0.000000] 	RCU dyntick-idle grace-period acceleration is enabled.
[    0.000000] 	Additional per-CPU info printed with stalls.
[    0.000000] 	RCU restricting CPUs from NR_CPUS=64 to nr_cpu_ids=4.
[    0.000000] 	Offload RCU callbacks from all CPUs
[    0.000000] 	Offload RCU callbacks from CPUs: 0-3.
[    0.000000] RCU: Adjusting geometry for rcu_fanout_leaf=16, nr_cpu_ids=4
[    0.000000] NR_IRQS:4352 nr_irqs:456 0
[    0.000000] spurious 8259A interrupt: IRQ7.
[    0.000000] vgacon: allocated 4194304 bytes of memory for scrollback. CONFIG_VGACON_SOFT_SCROLLBACK_SIZE=4096
[    0.000000] Console: colour VGA+ 80x25
[    0.000000] console [tty0] enabled
[    0.000000] allocated 65011712 bytes of page_cgroup
[    0.000000] please try 'cgroup_disable=memory' option if you don't want memory cgroups
[    0.000000] hpet clockevent registered
[    0.000000] tsc: Fast TSC calibration using PIT
[    0.000000] tsc: Detected 1397.344 MHz processor
[    0.000063] Calibrating delay loop (skipped), value calculated using timer frequency.. 2795.13 BogoMIPS (lpj=4657813)
[    0.000195] pid_max: default: 32768 minimum: 301
[    0.000270] ACPI: Core revision 20140724
[    0.025054] ACPI: All ACPI Tables successfully acquired
[    0.026337] Security Framework initialized
[    0.028018] Dentry cache hash table entries: 2097152 (order: 12, 16777216 bytes)
[    0.034763] Inode-cache hash table entries: 1048576 (order: 11, 8388608 bytes)
[    0.037894] Mount-cache hash table entries: 32768 (order: 6, 262144 bytes)
[    0.037990] Mountpoint-cache hash table entries: 32768 (order: 6, 262144 bytes)
[    0.038582] Initializing cgroup subsys memory
[    0.038701] Initializing cgroup subsys devices
[    0.038769] Initializing cgroup subsys freezer
[    0.038836] Initializing cgroup subsys net_cls
[    0.038902] Initializing cgroup subsys blkio
[    0.038995] CPU: Physical Processor ID: 0
[    0.039059] CPU: Processor Core ID: 0
[    0.039123] mce: CPU supports 6 MCE banks
[    0.039197] Last level iTLB entries: 4KB 512, 2MB 16, 4MB 8
Last level dTLB entries: 4KB 1024, 2MB 128, 4MB 64, 1GB 0
[    0.039480] Freeing SMP alternatives memory: 20K (ffffffff81b8a000 - ffffffff81b8f000)
[    0.039756] Getting VERSION: 80050010
[    0.039866] Getting VERSION: 80050010
[    0.039928] Getting ID: 0
[    0.039989] Getting ID: ff000000
[    0.040067] Getting LVT0: 700
[    0.040129] Getting LVT1: 400
[    0.040197] enabled ExtINT on CPU#0
[    0.040432] ENABLING IO-APIC IRQs
[    0.040497] init IO_APIC IRQs
[    0.040560]  apic 2 pin 0 not connected
[    0.040628] IOAPIC[0]: Set routing entry (2-1 -> 0x31 -> IRQ 1 Mode:0 Active:0 Dest:1)
[    0.040746] IOAPIC[0]: Set routing entry (2-2 -> 0x30 -> IRQ 0 Mode:0 Active:0 Dest:1)
[    0.040887] IOAPIC[0]: Set routing entry (2-2 -> 0x30 -> IRQ 0 Mode:0 Active:0 Dest:1)
[    0.040981] IOAPIC[0]: Set routing entry (2-3 -> 0x33 -> IRQ 3 Mode:0 Active:0 Dest:1)
[    0.041121] IOAPIC[0]: Set routing entry (2-4 -> 0x34 -> IRQ 4 Mode:0 Active:0 Dest:1)
[    0.041255] IOAPIC[0]: Set routing entry (2-5 -> 0x35 -> IRQ 5 Mode:0 Active:0 Dest:1)
[    0.041388] IOAPIC[0]: Set routing entry (2-6 -> 0x36 -> IRQ 6 Mode:0 Active:0 Dest:1)
[    0.041521] IOAPIC[0]: Set routing entry (2-7 -> 0x37 -> IRQ 7 Mode:0 Active:0 Dest:1)
[    0.041653] IOAPIC[0]: Set routing entry (2-8 -> 0x38 -> IRQ 8 Mode:0 Active:0 Dest:1)
[    0.041785] IOAPIC[0]: Set routing entry (2-9 -> 0x39 -> IRQ 9 Mode:1 Active:1 Dest:1)
[    0.041898] IOAPIC[0]: Set routing entry (2-10 -> 0x3a -> IRQ 10 Mode:0 Active:0 Dest:1)
[    0.041984] IOAPIC[0]: Set routing entry (2-11 -> 0x3b -> IRQ 11 Mode:0 Active:0 Dest:1)
[    0.042116] IOAPIC[0]: Set routing entry (2-12 -> 0x3c -> IRQ 12 Mode:0 Active:0 Dest:1)
[    0.042249] IOAPIC[0]: Set routing entry (2-13 -> 0x3d -> IRQ 13 Mode:0 Active:0 Dest:1)
[    0.042382] IOAPIC[0]: Set routing entry (2-14 -> 0x3e -> IRQ 14 Mode:0 Active:0 Dest:1)
[    0.042515] IOAPIC[0]: Set routing entry (2-15 -> 0x3f -> IRQ 15 Mode:0 Active:0 Dest:1)
[    0.042647]  apic 2 pin 16 not connected
[    0.042705]  apic 2 pin 17 not connected
[    0.042764]  apic 2 pin 18 not connected
[    0.042821]  apic 2 pin 19 not connected
[    0.042879]  apic 2 pin 20 not connected
[    0.042937]  apic 2 pin 21 not connected
[    0.042995]  apic 2 pin 22 not connected
[    0.043052]  apic 2 pin 23 not connected
[    0.043242] ..TIMER: vector=0x30 apic1=0 pin1=2 apic2=-1 pin2=-1
[    0.076317] smpboot: CPU0: AMD A6-3400M APU with Radeon(tm) HD Graphics (fam: 12, model: 01, stepping: 00)
[    0.076565] Using local APIC timer interrupts.
calibrating APIC timer ...
[    0.180140] ... lapic delta = 1247724
[    0.180204] ... PM-Timer delta = 357953
[    0.180267] ... PM-Timer result ok
[    0.180331] ..... delta 1247724
[    0.180394] ..... mult: 53589343
[    0.180457] ..... calibration result: 665452
[    0.180522] ..... CPU clock speed is 1397.1977 MHz.
[    0.180586] ..... host bus clock speed is 199.2185 MHz.
[    0.180687] Performance Events: AMD PMU driver.
[    0.180791] ... version:                0
[    0.180855] ... bit width:              48
[    0.180918] ... generic registers:      4
[    0.180982] ... value mask:             0000ffffffffffff
[    0.181046] ... max period:             00007fffffffffff
[    0.181110] ... fixed-purpose events:   0
[    0.181174] ... event mask:             000000000000000f
[    0.181711] MCE: In-kernel MCE decoding enabled.
[    0.181904] NMI watchdog: enabled on all CPUs, permanently consumes one hw-PMU counter.
[    0.182131] smpboot: ++++++++++++++++++++=_---CPU UP  1
[    0.182246] x86: Booting SMP configuration:
[    0.182311] .... node  #0, CPUs:      #1
[    0.182421] smpboot: Setting warm reset code and vector.
[    0.182546] smpboot: 1.
[    0.182609] smpboot: 2.
[    0.182671] smpboot: 3.
[    0.182734] smpboot: Asserting INIT
[    0.182797] smpboot: Waiting for send to finish...
[    0.192866] smpboot: Deasserting INIT
[    0.192974] smpboot: Waiting for send to finish...
[    0.193037] smpboot: #startup loops: 2
[    0.193099] smpboot: Sending STARTUP #1
[    0.193162] smpboot: After apic_write
[    0.098153] smpboot: CPU#1 (phys ID: 1) waiting for CALLOUT
[    0.193524] smpboot: Startup point 1
[    0.193696] smpboot: Waiting for send to finish...
[    0.193960] smpboot: Sending STARTUP #2
[    0.194025] smpboot: After apic_write
[    0.194389] smpboot: Startup point 1
[    0.194499] smpboot: Waiting for send to finish...
[    0.194763] smpboot: After Startup
[    0.194872] smpboot: Before Callout 1
[    0.194935] smpboot: After Callout 1
[    0.099724] masked ExtINT on CPU#1
[    0.099757] smpboot: Stack at about ffff880407807f44
[    0.196226] smpboot: CPU1: has booted.
[    0.198297] TSC synchronization [CPU#0 -> CPU#1]:
[    0.198407] Measured 133015684 cycles TSC warp between CPUs, turning off TSC clock.
[    0.198549] tsc: Marking TSC unstable due to check_tsc_sync_source failed
[    0.198793] smpboot: ++++++++++++++++++++=_---CPU UP  2
[    0.198906]  #2
[    0.198943] smpboot: Setting warm reset code and vector.
[    0.199067] smpboot: 1.
[    0.199129] smpboot: 2.
[    0.199191] smpboot: 3.
[    0.199254] smpboot: Asserting INIT
[    0.199317] smpboot: Waiting for send to finish...
[    0.209385] smpboot: Deasserting INIT
[    0.209493] smpboot: Waiting for send to finish...
[    0.209556] smpboot: #startup loops: 2
[    0.209618] smpboot: Sending STARTUP #1
[    0.209680] smpboot: After apic_write
[    0.080596] smpboot: CPU#2 (phys ID: 2) waiting for CALLOUT
[    0.210043] smpboot: Startup point 1
[    0.210167] smpboot: Waiting for send to finish...
[    0.210429] smpboot: Sending STARTUP #2
[    0.210538] smpboot: After apic_write
[    0.210900] smpboot: Startup point 1
[    0.210994] smpboot: Waiting for send to finish...
[    0.211259] smpboot: After Startup
[    0.211368] smpboot: Before Callout 2
[    0.211431] smpboot: After Callout 2
[    0.082143] masked ExtINT on CPU#2
[    0.082176] smpboot: Stack at about ffff88040780bf44
[    0.211624] smpboot: CPU2: has booted.
[    0.211829] smpboot: ++++++++++++++++++++=_---CPU UP  3
[    0.211943]  #3
[    0.211980] smpboot: Setting warm reset code and vector.
[    0.212103] smpboot: 1.
[    0.212166] smpboot: 2.
[    0.212228] smpboot: 3.
[    0.212290] smpboot: Asserting INIT
[    0.212353] smpboot: Waiting for send to finish...
[    0.222421] smpboot: Deasserting INIT
[    0.222531] smpboot: Waiting for send to finish...
[    0.222595] smpboot: #startup loops: 2
[    0.222659] smpboot: Sending STARTUP #1
[    0.222722] smpboot: After apic_write
[    0.059784] smpboot: CPU#3 (phys ID: 3) waiting for CALLOUT
[    0.223085] smpboot: Startup point 1
[    0.223256] smpboot: Waiting for send to finish...
[    0.223520] smpboot: Sending STARTUP #2
[    0.223628] smpboot: After apic_write
[    0.223990] smpboot: Startup point 1
[    0.224055] smpboot: Waiting for send to finish...
[    0.224317] smpboot: After Startup
[    0.224426] smpboot: Before Callout 3
[    0.224488] smpboot: After Callout 3
[    0.061346] masked ExtINT on CPU#3
[    0.061380] smpboot: Stack at about ffff88040780ff44
[    0.224676] smpboot: CPU3: has booted.
[    0.224768] x86: Booted up 1 node, 4 CPUs
[    0.224831] smpboot: Boot done
[    0.224892] smpboot: Before bogomips
[    0.224955] smpboot: Total of 4 processors activated (11183.53 BogoMIPS)
[    0.225019] smpboot: Before bogocount - setting activated=1
[    0.123444] devtmpfs: initialized
[    0.123447] device: 'platform': device_add
[    0.123540] bus: 'platform': registered
[    0.123621] bus: 'cpu': registered
[    0.126677] device: 'cpu': device_add
[    0.126767] bus: 'container': registered
[    0.126832] device: 'container': device_add
[    0.127346] bus: 'workqueue': registered
[    0.127346] device: 'workqueue': device_add
[    0.127346] kworker/u8:0 (39) used greatest stack depth: 14160 bytes left
[    0.127516] atomic64_test: passed for x86-64 platform with CX8 and with SSE
[    0.127600] device class 'regulator': registering
[    0.127701] Registering platform device 'reg-dummy'. Parent at platform
[    0.127768] device: 'reg-dummy': device_add
[    0.127834] bus: 'platform': add device reg-dummy
[    0.127924] bus: 'platform': add driver reg-dummy
[    0.127993] bus: 'platform': driver_probe_device: matched device reg-dummy with driver reg-dummy
[    0.128132] bus: 'platform': really_probe: probing driver reg-dummy with device reg-dummy
[    0.128277] device: 'regulator.0': device_add
[    0.128368] regulator-dummy: no parameters
[    0.128445] driver: 'reg-dummy': driver_bound: bound to device 'reg-dummy'
[    0.128512] bus: 'platform': really_probe: bound device reg-dummy to driver reg-dummy
[    0.128753] NET: Registered protocol family 16
[    0.129171] device class 'bdi': registering
[    0.130025] bus: 'platform': add driver ramoops
[    0.130105] device class 'pci_bus': registering
[    0.130193] bus: 'pci': registered
[    0.130258] device class 'backlight': registering
[    0.130327] device class 'tty': registering
[    0.130396] device class 'vtconsole': registering
[    0.130468] device: 'vtcon0': device_add
[    0.130565] bus: 'node': registered
[    0.130676] device: 'node': device_add
[    0.130771] bus: 'i2c': registered
[    0.130833] bus: 'i2c': add driver dummy
[    0.130901] i2c-core: driver [dummy] registered
[    0.130966] cpuidle: using governor ladder
[    0.131028] cpuidle: using governor menu
[    0.131513] ACPI FADT declares the system doesn't support PCIe ASPM, so disable it
[    0.131693] ACPI: bus type PCI registered
[    0.131753] acpiphp: ACPI Hot Plug PCI Controller Driver version: 0.5
[    0.131818] device class 'dmi': registering
[    0.131886] device: 'id': device_add
[    0.132070] PCI: MMCONFIG for domain 0000 [bus 00-3f] at [mem 0xf8000000-0xfbffffff] (base 0xf8000000)
[    0.132206] PCI: not using MMCONFIG
[    0.132265] PCI: Using configuration type 1 for base access
[    0.132325] PCI: Using configuration type 1 for extended access
[    0.132690] device: 'node0': device_add
[    0.132799] bus: 'node': add device node0
[    0.132886] device: 'cpu0': device_add
[    0.132948] bus: 'cpu': add device cpu0
[    0.133046] device: 'cpu1': device_add
[    0.133156] bus: 'cpu': add device cpu1
[    0.133253] device: 'cpu2': device_add
[    0.133339] bus: 'cpu': add device cpu2
[    0.133438] device: 'cpu3': device_add
[    0.133547] bus: 'cpu': add device cpu3
[    0.153740] device: 'writeback': device_add
[    0.153740] bus: 'workqueue': add device writeback
[    0.153740] device: 'default': device_add
[    0.153836] device class 'block': registering
[    0.153836] ACPI: Added _OSI(Module Device)
[    0.153836] ACPI: Added _OSI(Processor Device)
[    0.153836] ACPI: Added _OSI(3.0 _SCP Extensions)
[    0.153836] ACPI: Added _OSI(Processor Aggregator Device)
[    0.157854] IOAPIC[0]: Set routing entry (2-9 -> 0x39 -> IRQ 9 Mode:1 Active:1 Dest:15)
[    0.158365] 
**** Context Switch from TID 4294967295 to TID 133431296 ****

[    0.158576]     utils-0051 util_eval_error       : Evaluate [\_SB_.PCI0.LPC0.EC0_._GLK]: AE_NOT_FOUND
[    0.159175] Executing  Method       \_SB_.PCI0.LPC0.EC0_._REG
[    0.160036] Executing  Method       \_SB_.PCI0.LPC0.EC0_._REG
[    0.160236] Executing  Method       \_SB_.PCI0.LPC0.EC0_._REG
[    0.160442] Executing  Method       \_SB_.PCI0.LPC0.EC0_._REG
[    0.163755] Initializing Region       \_SB_.OSTY
[    0.163915] Initializing Region       \_SB_.PCI0.NBMS
[    0.164061] Initializing Region       \_SB_.PCI0.NBXP
[    0.164211] Initializing Region       \_SB_.PCI0.K8ST
[    0.164397] Initializing Region       \_SB_.PCI0.BAR1
[    0.164603] Initializing Region       \_SB_.PCI0.PB2_.XPEX
[    0.164749] Initializing Region       \_SB_.PCI0.PB2_.PCFG
[    0.164897] Initializing Region       \_SB_.PCI0.PB2_.XPCB
[    0.165045] Initializing Region       \_SB_.PCI0.PB2_.XPRI
[    0.165196] Initializing Region       \_SB_.PCI0.PB2_.VGA_.PCFG
[    0.165402] Initializing Region       \_SB_.PCI0.PB2_.HDAU.PCFG
[    0.165577] Initializing Region       \_SB_.PCI0.PB3_.XPEX
[    0.165724] Initializing Region       \_SB_.PCI0.PB3_.PCFG
[    0.165870] Initializing Region       \_SB_.PCI0.PB3_.XPCB
[    0.166018] Initializing Region       \_SB_.PCI0.PB3_.XPRI
[    0.166171] Initializing Region       \_SB_.PCI0.PB3_.VGA_.PCFG
[    0.166386] Initializing Region       \_SB_.PCI0.PB3_.HDAU.PCFG
[    0.166552] Initializing Region       \_SB_.PCI0.PB4_.XPEX
[    0.166682] Initializing Region       \_SB_.PCI0.PB4_.PCFG
[    0.166830] Initializing Region       \_SB_.PCI0.PB4_.XPCB
[    0.166979] Initializing Region       \_SB_.PCI0.PB4_.XPRI
[    0.167131] Initializing Region       \_SB_.PCI0.PB4_.XPDV.PCFG
[    0.167292] Initializing Region       \_SB_.PCI0.PB5_.XPEX
[    0.167439] Initializing Region       \_SB_.PCI0.PB5_.PCFG
[    0.167586] Initializing Region       \_SB_.PCI0.PB5_.XPCB
[    0.167734] Initializing Region       \_SB_.PCI0.PB5_.XPRI
[    0.167885] Initializing Region       \_SB_.PCI0.PB5_.XPDV.PCFG
[    0.168047] Initializing Region       \_SB_.PCI0.PB6_.XPEX
[    0.168194] Initializing Region       \_SB_.PCI0.PB6_.PCFG
[    0.168342] Initializing Region       \_SB_.PCI0.PB6_.XPCB
[    0.168490] Initializing Region       \_SB_.PCI0.PB6_.XPRI
[    0.168641] Initializing Region       \_SB_.PCI0.PB6_.XPDV.PCFG
[    0.168802] Initializing Region       \_SB_.PCI0.PB7_.XPEX
[    0.168949] Initializing Region       \_SB_.PCI0.PB7_.PCFG
[    0.169096] Initializing Region       \_SB_.PCI0.PB7_.XPCB
[    0.170017] Initializing Region       \_SB_.PCI0.PB7_.XPRI
[    0.170169] Initializing Region       \_SB_.PCI0.PB7_.XPDV.PCFG
[    0.170581] Initializing Region       \_SB_.PCI0.SATC
[    0.170774] Initializing Region       \_SB_.PCI0.RMEM
[    0.170951] Initializing Region       \_SB_.PCI0.SATA.SATX
[    0.171105] Initializing Region       \_SB_.PCI0.SATA.BAR5
[    0.186898] Initializing Region       \_SB_.PCI0.SMB_.SBRV
[    0.187106] Initializing Region       \_SB_.PCI0.SMB_.PMIO
[    0.187255] Initializing Region       \_SB_.PCI0.SMB_.ERMM
[    0.187530] Initializing Region       \_SB_.PCI0.SMB_.P1E0
[    0.187692] Initializing Region       \_SB_.PCI0.SMB_.ABIO
[    0.187842] Initializing Region       \_SB_.PCI0.SMB_.SMB0
[    0.187993] Initializing Region       \_SB_.PCI0.LPC0.PIRQ
[    0.188195] Initializing Region       \_SB_.PCI0.LPC0.LPCR
[    0.188462] Initializing Region       \_SB_.PCI0.LPC0.LPCS
[    0.188629] Initializing Region       \_SB_.PCI0.LPC0.SMI0
[    0.188774] Initializing Region       \_SB_.PCI0.LPC0.SMI1
[    0.188927] Initializing Region       \_SB_.PCI0.LPC0.EC0_.ECO1
[    0.189072] Initializing Region       \_SB_.PCI0.LPC0.EC0_.ECO2
[    0.189217] Initializing Region       \_SB_.PCI0.LPC0.EC0_.ECMB
[    0.189362] Initializing Region       \_SB_.PCI0.LPC0.EC0_.RAM_
[    0.190021] Initializing Region       \_SB_.PCI0.LPC0.EC0_.CMOS
[    0.190240] Initializing Region       \_SB_.PCI0.LPC0.EC0_.VPC0.ERAM
[    0.190487] Initializing Region       \_SB_.PCI0.SPB0.PCFG
[    0.190680] Initializing Region       \_SB_.PCI0.SPB0.XPCB
[    0.190829] Initializing Region       \_SB_.PCI0.SPB0.XPDV.PCFG
[    0.190988] Initializing Region       \_SB_.PCI0.SPB1.PCFG
[    0.191134] Initializing Region       \_SB_.PCI0.SPB1.XPCB
[    0.191283] Initializing Region       \_SB_.PCI0.SPB1.XPDV.PCFG
[    0.191442] Initializing Region       \_SB_.PCI0.SPB2.PCFG
[    0.191588] Initializing Region       \_SB_.PCI0.SPB2.XPCB
[    0.191738] Initializing Region       \_SB_.PCI0.SPB2.XPDV.PCFG
[    0.191896] Initializing Region       \_SB_.PCI0.SPB3.PCFG
[    0.192042] Initializing Region       \_SB_.PCI0.SPB3.XPCB
[    0.192191] Initializing Region       \_SB_.PCI0.SPB3.XPDV.PCFG
[    0.192499] Initializing Region       \_SB_.PCI0.VGA_.REVD
[    0.192891] Initializing BufferField  \_SB_.AMW0.WLID
[    0.193533] Initializing Region       \DEB2
[    0.193727] Initializing Region       \PMIO
[    0.193873] Initializing Region       \P01_
[    0.194044] Initializing Region       \CNVS
[    0.194238] Initializing Region       \SPRT
[    0.194399] Initializing Region       \CMIO
[    0.194685] Executing  Method       \_SB_._STA
[    0.194890] Executing  Method       \_SB_._INI
[    0.195060] Executing  Method       \_SB_.PCI0._STA
[    0.195230] Executing  Method       \_SB_.PCI0._INI
[    0.195657] [Firmware Bug]: ACPI: BIOS _OSI(Linux) query ignored
[    0.196199] Executing  Method       \_SB_.PCI0.SATA._STA
[    0.196418] Executing  Method       \_SB_.PCI0.SATA._INI
[    0.197515] Executing  Method       \_SB_.PCI0.LPC0.EC0_._REG
[    0.223443] ACPI: Interpreter enabled
[    0.223535] ACPI: (supports S0 S5)
[    0.223600] ACPI: Using IOAPIC for interrupt routing
[    0.224008] PCI: MMCONFIG for domain 0000 [bus 00-3f] at [mem 0xf8000000-0xfbffffff] (base 0xf8000000)
[    0.224902] PCI: MMCONFIG at [mem 0xf8000000-0xfbffffff] reserved in ACPI motherboard resources
[    0.225245] bus: 'acpi': registered
[    0.225360] PCI: Using host bridge windows from ACPI; if necessary, use "pci=nocrs" and report a bug
[    0.226686]      scan-1142 get_device_data       : No context for object [ffffffffffffffff]
[    0.226904]     utils-0051 util_eval_error       : Evaluate [\._STA]: AE_NOT_FOUND
[    0.227133] device: 'LNXSYSTM:00': device_add
[    0.227203] bus: 'acpi': add device LNXSYSTM:00
[    0.227304]      scan-1934 add_single_object     : Added LNXSYSTM:00 [\] parent (null)
[    0.227525]      scan-1142 get_device_data       : No context for object [ffff88040d81d000]
[    0.227711]      scan-1142 get_device_data       : No context for object [ffff88040d8377d0]
[    0.227921]      scan-1142 get_device_data       : No context for object [ffff88040d8377f8]
[    0.228130]      scan-1142 get_device_data       : No context for object [ffff88040d837820]
[    0.228340]      scan-1142 get_device_data       : No context for object [ffff88040d837848]
[    0.228549]      scan-1142 get_device_data       : No context for object [ffff88040d837870]
[    0.228735]      scan-1142 get_device_data       : No context for object [ffff88040d837898]
[    0.228944]      scan-1142 get_device_data       : No context for object [ffff88040d8378c0]
[    0.229153]      scan-1142 get_device_data       : No context for object [ffff88040d8378e8]
[    0.229353]      scan-1142 get_device_data       : No context for object [ffff88040d839398]
[    0.229551]      scan-1142 get_device_data       : No context for object [ffff88040d81d028]
[    0.229728]      scan-1142 get_device_data       : No context for object [ffff88040d81d168]
[    0.230005]     utils-0051 util_eval_error       : Evaluate [\_PR_.C000._STA]: AE_NOT_FOUND
[    0.230204]      scan-1142 get_device_data       : No context for object [ffff88040d81d028]
[    0.230411] device: 'LNXCPU:00': device_add
[    0.230474] bus: 'acpi': add device LNXCPU:00
[    0.230560]      scan-1934 add_single_object     : Added LNXCPU:00 [\_PR_.C000] parent LNXSYSTM:00
[    0.230742]      scan-1142 get_device_data       : No context for object [ffff88040d83c398]
[    0.230940]      scan-1142 get_device_data       : No context for object [ffff88040d83c3c0]
[    0.231137]      scan-1142 get_device_data       : No context for object [ffff88040d83c3e8]
[    0.231335]      scan-1142 get_device_data       : No context for object [ffff88040d83c410]
[    0.231532]      scan-1142 get_device_data       : No context for object [ffff88040d83c438]
[    0.231729]      scan-1142 get_device_data       : No context for object [ffff88040d83c460]
[    0.231928]      scan-1142 get_device_data       : No context for object [ffff88040d81d190]
[    0.232127]     utils-0051 util_eval_error       : Evaluate [\_PR_.C001._STA]: AE_NOT_FOUND
[    0.232324]      scan-1142 get_device_data       : No context for object [ffff88040d81d028]
[    0.232530] device: 'LNXCPU:01': device_add
[    0.232592] bus: 'acpi': add device LNXCPU:01
[    0.232678]      scan-1934 add_single_object     : Added LNXCPU:01 [\_PR_.C001] parent LNXSYSTM:00
[    0.232868]      scan-1142 get_device_data       : No context for object [ffff88040d83c488]
[    0.233066]      scan-1142 get_device_data       : No context for object [ffff88040d83c4b0]
[    0.233263]      scan-1142 get_device_data       : No context for object [ffff88040d83c4d8]
[    0.233464]      scan-1142 get_device_data       : No context for object [ffff88040d83c500]
[    0.233661]      scan-1142 get_device_data       : No context for object [ffff88040d83c528]
[    0.233812]      scan-1142 get_device_data       : No context for object [ffff88040d83c550]
[    0.233990]      scan-1142 get_device_data       : No context for object [ffff88040d81d1b8]
[    0.234189]     utils-0051 util_eval_error       : Evaluate [\_PR_.C002._STA]: AE_NOT_FOUND
[    0.234388]      scan-1142 get_device_data       : No context for object [ffff88040d81d028]
[    0.234594] device: 'LNXCPU:02': device_add
[    0.234657] bus: 'acpi': add device LNXCPU:02
[    0.234739]      scan-1934 add_single_object     : Added LNXCPU:02 [\_PR_.C002] parent LNXSYSTM:00
[    0.234920]      scan-1142 get_device_data       : No context for object [ffff88040d83c578]
[    0.235117]      scan-1142 get_device_data       : No context for object [ffff88040d83c5a0]
[    0.235315]      scan-1142 get_device_data       : No context for object [ffff88040d83c5c8]
[    0.235512]      scan-1142 get_device_data       : No context for object [ffff88040d83c5f0]
[    0.235709]      scan-1142 get_device_data       : No context for object [ffff88040d83c618]
[    0.235907]      scan-1142 get_device_data       : No context for object [ffff88040d83c640]
[    0.236105]      scan-1142 get_device_data       : No context for object [ffff88040d81d1e0]
[    0.236304]     utils-0051 util_eval_error       : Evaluate [\_PR_.C003._STA]: AE_NOT_FOUND
[    0.236503]      scan-1142 get_device_data       : No context for object [ffff88040d81d028]
[    0.236678] device: 'LNXCPU:03': device_add
[    0.236740] bus: 'acpi': add device LNXCPU:03
[    0.236823]      scan-1934 add_single_object     : Added LNXCPU:03 [\_PR_.C003] parent LNXSYSTM:00
[    0.237004]      scan-1142 get_device_data       : No context for object [ffff88040d83c668]
[    0.237201]      scan-1142 get_device_data       : No context for object [ffff88040d83c690]
[    0.237399]      scan-1142 get_device_data       : No context for object [ffff88040d83c6b8]
[    0.237597]      scan-1142 get_device_data       : No context for object [ffff88040d83c6e0]
[    0.237773]      scan-1142 get_device_data       : No context for object [ffff88040d83c708]
[    0.237970]      scan-1142 get_device_data       : No context for object [ffff88040d83c730]
[    0.238167]      scan-1142 get_device_data       : No context for object [ffff88040d81d050]
[    0.239337]     utils-0051 util_eval_error       : Evaluate [\_SB_._STA]: AE_NOT_FOUND
[    0.239589] device: 'LNXSYBUS:00': device_add
[    0.239699] bus: 'acpi': add device LNXSYBUS:00
[    0.239785]      scan-1934 add_single_object     : Added LNXSYBUS:00 [\_SB_] parent LNXSYSTM:00
[    0.240011]      scan-1142 get_device_data       : No context for object [ffff88040d81d3c0]
[    0.240206]      scan-1142 get_device_data       : No context for object [ffff88040d81d3e8]
[    0.240400]      scan-1142 get_device_data       : No context for object [ffff88040d81d410]
[    0.240594]      scan-1142 get_device_data       : No context for object [ffff88040d81d438]
[    0.240770]      scan-1142 get_device_data       : No context for object [ffff88040d81d460]
[    0.240965]      scan-1142 get_device_data       : No context for object [ffff88040d81d488]
[    0.241160]      scan-1142 get_device_data       : No context for object [ffff88040d81d4b0]
[    0.241355]      scan-1142 get_device_data       : No context for object [ffff88040d81d5a0]
[    0.241552]     utils-0051 util_eval_error       : Evaluate [\_SB_.PWRB._STA]: AE_NOT_FOUND
[    0.241773] device: 'PNP0C0C:00': device_add
[    0.241835] bus: 'acpi': add device PNP0C0C:00
[    0.241918]      scan-1934 add_single_object     : Added PNP0C0C:00 [\_SB_.PWRB] parent LNXSYBUS:00
[    0.242121]      scan-1142 get_device_data       : No context for object [ffff88040d81d5c8]
[    0.242316]      scan-1142 get_device_data       : No context for object [ffff88040d81d5f0]
[    0.242514]     utils-0051 util_eval_error       : Evaluate [\_SB_.PCI0._STA]: AE_NOT_FOUND
[    0.242771] device: 'PNP0A08:00': device_add
[    0.242856] bus: 'acpi': add device PNP0A08:00
[    0.242948]      scan-1934 add_single_object     : Added PNP0A08:00 [\_SB_.PCI0] parent LNXSYBUS:00
[    0.243153]      scan-1142 get_device_data       : No context for object [ffff88040d81d618]
[    0.243336]      scan-1142 get_device_data       : No context for object [ffff88040d81d640]
[    0.243533]      scan-1142 get_device_data       : No context for object [ffff88040d81d668]
[    0.243720]      scan-1142 get_device_data       : No context for object [ffff88040d81d690]
[    0.243917]      scan-1142 get_device_data       : No context for object [ffff88040d81d6b8]
[    0.244115]      scan-1142 get_device_data       : No context for object [ffff88040d81d6e0]
[    0.244312]      scan-1142 get_device_data       : No context for object [ffff88040d81d708]
[    0.244509]      scan-1142 get_device_data       : No context for object [ffff88040d81d730]
[    0.244706]      scan-1142 get_device_data       : No context for object [ffff88040d81d758]
[    0.244904]      scan-1142 get_device_data       : No context for object [ffff88040d81d780]
[    0.245102]      scan-1142 get_device_data       : No context for object [ffff88040d81d7a8]
[    0.245299]      scan-1142 get_device_data       : No context for object [ffff88040d81d7d0]
[    0.245497]      scan-1142 get_device_data       : No context for object [ffff88040d81d7f8]
[    0.245694]      scan-1142 get_device_data       : No context for object [ffff88040d81d820]
[    0.245892]      scan-1142 get_device_data       : No context for object [ffff88040d81d848]
[    0.246089]      scan-1142 get_device_data       : No context for object [ffff88040d81d870]
[    0.246286]      scan-1142 get_device_data       : No context for object [ffff88040d81d898]
[    0.246483]      scan-1142 get_device_data       : No context for object [ffff88040d81d8c0]
[    0.246669]      scan-1142 get_device_data       : No context for object [ffff88040d81d8e8]
[    0.246846]      scan-1142 get_device_data       : No context for object [ffff88040d81d910]
[    0.247043]      scan-1142 get_device_data       : No context for object [ffff88040d81d938]
[    0.247240]      scan-1142 get_device_data       : No context for object [ffff88040d81d960]
[    0.247437]      scan-1142 get_device_data       : No context for object [ffff88040d81d988]
[    0.247634]      scan-1142 get_device_data       : No context for object [ffff88040d81d9b0]
[    0.247786]      scan-1142 get_device_data       : No context for object [ffff88040d81d9d8]
[    0.247963]      scan-1142 get_device_data       : No context for object [ffff88040d81da00]
[    0.248160]      scan-1142 get_device_data       : No context for object [ffff88040d81da28]
[    0.248357]      scan-1142 get_device_data       : No context for object [ffff88040d81da50]
[    0.248554]      scan-1142 get_device_data       : No context for object [ffff88040d81da78]
[    0.248731]      scan-1142 get_device_data       : No context for object [ffff88040d81daa0]
[    0.248928]      scan-1142 get_device_data       : No context for object [ffff88040d81dac8]
[    0.249125]      scan-1142 get_device_data       : No context for object [ffff88040d81daf0]
[    0.249322]      scan-1142 get_device_data       : No context for object [ffff88040d81db18]
[    0.249519]      scan-1142 get_device_data       : No context for object [ffff88040d81db40]
[    0.249707]      scan-1142 get_device_data       : No context for object [ffff88040d81db68]
[    0.249905]      scan-1142 get_device_data       : No context for object [ffff88040d81db90]
[    0.250130]      scan-1142 get_device_data       : No context for object [ffff88040d81dbb8]
[    0.250328]      scan-1142 get_device_data       : No context for object [ffff88040d81dbe0]
[    0.250526]      scan-1142 get_device_data       : No context for object [ffff88040d81dc08]
[    0.250723]      scan-1142 get_device_data       : No context for object [ffff88040d81dc30]
[    0.250921]      scan-1142 get_device_data       : No context for object [ffff88040d81dc58]
[    0.251118]      scan-1142 get_device_data       : No context for object [ffff88040d81dc80]
[    0.251316]      scan-1142 get_device_data       : No context for object [ffff88040d81dca8]
[    0.251513]      scan-1142 get_device_data       : No context for object [ffff88040d81dcd0]
[    0.251711]      scan-1142 get_device_data       : No context for object [ffff88040d81dcf8]
[    0.251909]      scan-1142 get_device_data       : No context for object [ffff88040d81dd20]
[    0.252106]      scan-1142 get_device_data       : No context for object [ffff88040d81dd48]
[    0.252304]      scan-1142 get_device_data       : No context for object [ffff88040d81dd70]
[    0.252501]      scan-1142 get_device_data       : No context for object [ffff88040d81dd98]
[    0.252699]      scan-1142 get_device_data       : No context for object [ffff88040d81ddc0]
[    0.252876]      scan-1142 get_device_data       : No context for object [ffff88040d81dde8]
[    0.253073]      scan-1142 get_device_data       : No context for object [ffff88040d81de10]
[    0.253271]      scan-1142 get_device_data       : No context for object [ffff88040d81de38]
[    0.253464]      scan-1142 get_device_data       : No context for object [ffff88040d81de60]
[    0.253661]      scan-1142 get_device_data       : No context for object [ffff88040d81de88]
[    0.253812]      scan-1142 get_device_data       : No context for object [ffff88040d81deb0]
[    0.253989]      scan-1142 get_device_data       : No context for object [ffff88040d81ded8]
[    0.254186]      scan-1142 get_device_data       : No context for object [ffff88040d81df00]
[    0.254384]      scan-1142 get_device_data       : No context for object [ffff88040d81df28]
[    0.254581]      scan-1142 get_device_data       : No context for object [ffff88040d81df50]
[    0.254758]      scan-1142 get_device_data       : No context for object [ffff88040d81df78]
[    0.254956]      scan-1142 get_device_data       : No context for object [ffff88040d81dfa0]
[    0.255153]      scan-1142 get_device_data       : No context for object [ffff88040d81dfc8]
[    0.255350]      scan-1142 get_device_data       : No context for object [ffff88040d822000]
[    0.255547]      scan-1142 get_device_data       : No context for object [ffff88040d822028]
[    0.255730]     utils-0051 util_eval_error       : Evaluate [\_SB_.PCI0.MEMR._STA]: AE_NOT_FOUND
[    0.255961] device: 'PNP0C02:00': device_add
[    0.256022] bus: 'acpi': add device PNP0C02:00
[    0.256104]      scan-1934 add_single_object     : Added PNP0C02:00 [\_SB_.PCI0.MEMR] parent PNP0A08:00
[    0.256306]      scan-1142 get_device_data       : No context for object [ffff88040d822050]
[    0.256501]      scan-1142 get_device_data       : No context for object [ffff88040d822078]
[    0.256669]      scan-1142 get_device_data       : No context for object [ffff88040d8220a0]
[    0.257743]      scan-1142 get_device_data       : No context for object [ffff88040d8220c8]
[    0.257937]      scan-1142 get_device_data       : No context for object [ffff88040d8220f0]
[    0.258131]      scan-1142 get_device_data       : No context for object [ffff88040d822118]
[    0.258327]      scan-1142 get_device_data       : No context for object [ffff88040d822140]
[    0.258521]      scan-1142 get_device_data       : No context for object [ffff88040d822168]
[    0.258700]      scan-1142 get_device_data       : No context for object [ffff88040d822190]
[    0.258894]      scan-1142 get_device_data       : No context for object [ffff88040d8221b8]
[    0.259088]      scan-1142 get_device_data       : No context for object [ffff88040d8221e0]
[    0.259284]      scan-1142 get_device_data       : No context for object [ffff88040d822208]
[    0.259478]      scan-1142 get_device_data       : No context for object [ffff88040d822230]
[    0.259673]      scan-1142 get_device_data       : No context for object [ffff88040d822258]
[    0.259867]      scan-1142 get_device_data       : No context for object [ffff88040d822280]
[    0.260002]      scan-1142 get_device_data       : No context for object [ffff88040d8222a8]
[    0.260202]     utils-0051 util_eval_error       : Evaluate [\_SB_.PCI0.PB2_._STA]: AE_NOT_FOUND
[    0.260505] device: 'device:00': device_add
[    0.260568] bus: 'acpi': add device device:00
[    0.260651]      scan-1934 add_single_object     : Added device:00 [\_SB_.PCI0.PB2_] parent PNP0A08:00
[    0.260834]      scan-1142 get_device_data       : No context for object [ffff88040d8222d0]
[    0.261031]      scan-1142 get_device_data       : No context for object [ffff88040d8222f8]
[    0.261228]      scan-1142 get_device_data       : No context for object [ffff88040d822320]
[    0.261425]      scan-1142 get_device_data       : No context for object [ffff88040d822348]
[    0.261623]      scan-1142 get_device_data       : No context for object [ffff88040d822370]
[    0.261820]      scan-1142 get_device_data       : No context for object [ffff88040d822398]
[    0.262018]      scan-1142 get_device_data       : No context for object [ffff88040d8223c0]
[    0.262216]      scan-1142 get_device_data       : No context for object [ffff88040d8223e8]
[    0.262413]      scan-1142 get_device_data       : No context for object [ffff88040d822410]
[    0.262610]      scan-1142 get_device_data       : No context for object [ffff88040d822438]
[    0.262807]      scan-1142 get_device_data       : No context for object [ffff88040d822460]
[    0.263004]      scan-1142 get_device_data       : No context for object [ffff88040d822488]
[    0.263201]      scan-1142 get_device_data       : No context for object [ffff88040d8224b0]
[    0.263498]      scan-1142 get_device_data       : No context for object [ffff88040d8224d8]
[    0.263695]      scan-1142 get_device_data       : No context for object [ffff88040d822500]
[    0.263872]      scan-1142 get_device_data       : No context for object [ffff88040d822528]
[    0.264070]      scan-1142 get_device_data       : No context for object [ffff88040d822550]
[    0.264268]      scan-1142 get_device_data       : No context for object [ffff88040d822578]
[    0.264465]      scan-1142 get_device_data       : No context for object [ffff88040d8225a0]
[    0.264662]      scan-1142 get_device_data       : No context for object [ffff88040d8225c8]
[    0.264812]      scan-1142 get_device_data       : No context for object [ffff88040d8225f0]
[    0.264990]      scan-1142 get_device_data       : No context for object [ffff88040d822618]
[    0.265187]      scan-1142 get_device_data       : No context for object [ffff88040d822640]
[    0.265384]      scan-1142 get_device_data       : No context for object [ffff88040d822668]
[    0.265581]      scan-1142 get_device_data       : No context for object [ffff88040d822690]
[    0.265759]      scan-1142 get_device_data       : No context for object [ffff88040d8226b8]
[    0.265956]      scan-1142 get_device_data       : No context for object [ffff88040d8226e0]
[    0.266154]      scan-1142 get_device_data       : No context for object [ffff88040d822708]
[    0.266351]      scan-1142 get_device_data       : No context for object [ffff88040d822730]
[    0.266549]      scan-1142 get_device_data       : No context for object [ffff88040d822758]
[    0.266669]      scan-1142 get_device_data       : No context for object [ffff88040d822780]
[    0.266868]     utils-0051 util_eval_error       : Evaluate [\_SB_.PCI0.PB2_.VGA_._STA]: AE_NOT_FOUND
[    0.267108] device: 'device:01': device_add
[    0.267217] bus: 'acpi': add device device:01
[    0.267303]      scan-1934 add_single_object     : Added device:01 [\_SB_.PCI0.PB2_.VGA_] parent device:00
[    0.267507]      scan-1142 get_device_data       : No context for object [ffff88040d8227a8]
[    0.267684]      scan-1142 get_device_data       : No context for object [ffff88040d8227d0]
[    0.267882]      scan-1142 get_device_data       : No context for object [ffff88040d8227f8]
[    0.268079]      scan-1142 get_device_data       : No context for object [ffff88040d822820]
[    0.268277]      scan-1142 get_device_data       : No context for object [ffff88040d822848]
[    0.268474]      scan-1142 get_device_data       : No context for object [ffff88040d822870]
[    0.268667]      scan-1142 get_device_data       : No context for object [ffff88040d822898]
[    0.268864]      scan-1142 get_device_data       : No context for object [ffff88040d8228c0]
[    0.269063]      scan-1142 get_device_data       : No context for object [ffff88040d8228e8]
[    0.269260]      scan-1142 get_device_data       : No context for object [ffff88040d822910]
[    0.269458]      scan-1142 get_device_data       : No context for object [ffff88040d822938]
[    0.269655]      scan-1142 get_device_data       : No context for object [ffff88040d822960]
[    0.269853]      scan-1142 get_device_data       : No context for object [ffff88040d822988]
[    0.270003]      scan-1142 get_device_data       : No context for object [ffff88040d8229b0]
[    0.270200]      scan-1142 get_device_data       : No context for object [ffff88040d8229d8]
[    0.270397]      scan-1142 get_device_data       : No context for object [ffff88040d822a00]
[    0.270594]      scan-1142 get_device_data       : No context for object [ffff88040d822a28]
[    0.270791]      scan-1142 get_device_data       : No context for object [ffff88040d822a50]
[    0.270988]      scan-1142 get_device_data       : No context for object [ffff88040d822a78]
[    0.271186]      scan-1142 get_device_data       : No context for object [ffff88040d822aa0]
[    0.271383]      scan-1142 get_device_data       : No context for object [ffff88040d822ac8]
[    0.271581]      scan-1142 get_device_data       : No context for object [ffff88040d822af0]
[    0.271758]      scan-1142 get_device_data       : No context for object [ffff88040d822b18]
[    0.271955]      scan-1142 get_device_data       : No context for object [ffff88040d822b40]
[    0.272153]      scan-1142 get_device_data       : No context for object [ffff88040d822b68]
[    0.272347]      scan-1142 get_device_data       : No context for object [ffff88040d822b90]
[    0.272541]      scan-1142 get_device_data       : No context for object [ffff88040d822bb8]
[    0.272687]      scan-1142 get_device_data       : No context for object [ffff88040d822be0]
[    0.272864]      scan-1142 get_device_data       : No context for object [ffff88040d822c08]
[    0.273058]      scan-1142 get_device_data       : No context for object [ffff88040d822c30]
[    0.273336]      scan-1142 get_device_data       : No context for object [ffff88040d822c58]
[    0.273530]      scan-1142 get_device_data       : No context for object [ffff88040d822c80]
[    0.273707]      scan-1142 get_device_data       : No context for object [ffff88040d822ca8]
[    0.273900]      scan-1142 get_device_data       : No context for object [ffff88040d822cd0]
[    0.274095]      scan-1142 get_device_data       : No context for object [ffff88040d822cf8]
[    0.274290]      scan-1142 get_device_data       : No context for object [ffff88040d822d20]
[    0.274484]      scan-1142 get_device_data       : No context for object [ffff88040d822d48]
[    0.274678]      scan-1142 get_device_data       : No context for object [ffff88040d822d70]
[    0.274873]      scan-1142 get_device_data       : No context for object [ffff88040d822d98]
[    0.275067]      scan-1142 get_device_data       : No context for object [ffff88040d837438]
[    0.276187]      scan-1142 get_device_data       : No context for object [ffff88040d822dc0]
[    0.276383]     utils-0051 util_eval_error       : Evaluate [\_SB_.PCI0.PB2_.HDAU._STA]: AE_NOT_FOUND
[    0.276614] device: 'device:02': device_add
[    0.276672] bus: 'acpi': add device device:02
[    0.276755]      scan-1934 add_single_object     : Added device:02 [\_SB_.PCI0.PB2_.HDAU] parent device:00
[    0.276936]      scan-1142 get_device_data       : No context for object [ffff88040d822de8]
[    0.277134]      scan-1142 get_device_data       : No context for object [ffff88040d822e10]
[    0.277332]      scan-1142 get_device_data       : No context for object [ffff88040d822e38]
[    0.277529]      scan-1142 get_device_data       : No context for object [ffff88040d822e60]
[    0.277706]      scan-1142 get_device_data       : No context for object [ffff88040d822e88]
[    0.277904]      scan-1142 get_device_data       : No context for object [ffff88040d822eb0]
[    0.278101]      scan-1142 get_device_data       : No context for object [ffff88040d822ed8]
[    0.278300]     utils-0051 util_eval_error       : Evaluate [\_SB_.PCI0.PB3_._STA]: AE_NOT_FOUND
[    0.278599] device: 'device:03': device_add
[    0.278662] bus: 'acpi': add device device:03
[    0.278746]      scan-1934 add_single_object     : Added device:03 [\_SB_.PCI0.PB3_] parent PNP0A08:00
[    0.278927]      scan-1142 get_device_data       : No context for object [ffff88040d822f00]
[    0.279125]      scan-1142 get_device_data       : No context for object [ffff88040d822f28]
[    0.279322]      scan-1142 get_device_data       : No context for object [ffff88040d822f50]
[    0.279519]      scan-1142 get_device_data       : No context for object [ffff88040d822f78]
[    0.279696]      scan-1142 get_device_data       : No context for object [ffff88040d822fa0]
[    0.279893]      scan-1142 get_device_data       : No context for object [ffff88040d822fc8]
[    0.280131]      scan-1142 get_device_data       : No context for object [ffff88040d823000]
[    0.280329]      scan-1142 get_device_data       : No context for object [ffff88040d823028]
[    0.280528]      scan-1142 get_device_data       : No context for object [ffff88040d823050]
[    0.280725]      scan-1142 get_device_data       : No context for object [ffff88040d823078]
[    0.280922]      scan-1142 get_device_data       : No context for object [ffff88040d8230a0]
[    0.281119]      scan-1142 get_device_data       : No context for object [ffff88040d8230c8]
[    0.281317]      scan-1142 get_device_data       : No context for object [ffff88040d8230f0]
[    0.281514]      scan-1142 get_device_data       : No context for object [ffff88040d823118]
[    0.281712]      scan-1142 get_device_data       : No context for object [ffff88040d823140]
[    0.281909]      scan-1142 get_device_data       : No context for object [ffff88040d823168]
[    0.282107]      scan-1142 get_device_data       : No context for object [ffff88040d823190]
[    0.282305]      scan-1142 get_device_data       : No context for object [ffff88040d8231b8]
[    0.282502]      scan-1142 get_device_data       : No context for object [ffff88040d8231e0]
[    0.282700]      scan-1142 get_device_data       : No context for object [ffff88040d823208]
[    0.282897]      scan-1142 get_device_data       : No context for object [ffff88040d823230]
[    0.283095]      scan-1142 get_device_data       : No context for object [ffff88040d823258]
[    0.283292]      scan-1142 get_device_data       : No context for object [ffff88040d823280]
[    0.283497]      scan-1142 get_device_data       : No context for object [ffff88040d8232a8]
[    0.283696]      scan-1142 get_device_data       : No context for object [ffff88040d8232d0]
[    0.283872]      scan-1142 get_device_data       : No context for object [ffff88040d8232f8]
[    0.284070]      scan-1142 get_device_data       : No context for object [ffff88040d823320]
[    0.284267]      scan-1142 get_device_data       : No context for object [ffff88040d823348]
[    0.284464]      scan-1142 get_device_data       : No context for object [ffff88040d823370]
[    0.284662]      scan-1142 get_device_data       : No context for object [ffff88040d823398]
[    0.284813]      scan-1142 get_device_data       : No context for object [ffff88040d8233c0]
[    0.284992]     utils-0051 util_eval_error       : Evaluate [\_SB_.PCI0.PB3_.VGA_._STA]: AE_NOT_FOUND
[    0.285222]     video-0058 backlight_cap_match   : Found generic backlight support
[    0.285431] device: 'LNXVIDEO:00': device_add
[    0.285496] bus: 'acpi': add device LNXVIDEO:00
[    0.285583]      scan-1934 add_single_object     : Added LNXVIDEO:00 [\_SB_.PCI0.PB3_.VGA_] parent device:03
[    0.285768]      scan-1142 get_device_data       : No context for object [ffff88040d8233e8]
[    0.285965]      scan-1142 get_device_data       : No context for object [ffff88040d823410]
[    0.286163]      scan-1142 get_device_data       : No context for object [ffff88040d823438]
[    0.286360]      scan-1142 get_device_data       : No context for object [ffff88040d823460]
[    0.286557]      scan-1142 get_device_data       : No context for object [ffff88040d823488]
[    0.286669]      scan-1142 get_device_data       : No context for object [ffff88040d8234b0]
[    0.286867]      scan-1142 get_device_data       : No context for object [ffff88040d8234d8]
[    0.287065]      scan-1142 get_device_data       : No context for object [ffff88040d823500]
[    0.287262]      scan-1142 get_device_data       : No context for object [ffff88040d823528]
[    0.287460]      scan-1142 get_device_data       : No context for object [ffff88040d823550]
[    0.287658]      scan-1142 get_device_data       : No context for object [ffff88040d823578]
[    0.287855]      scan-1142 get_device_data       : No context for object [ffff88040d8235a0]
[    0.288052]      scan-1142 get_device_data       : No context for object [ffff88040d8235c8]
[    0.288249]      scan-1142 get_device_data       : No context for object [ffff88040d8235f0]
[    0.288446]      scan-1142 get_device_data       : No context for object [ffff88040d823618]
[    0.288643]      scan-1142 get_device_data       : No context for object [ffff88040d823640]
[    0.288841]      scan-1142 get_device_data       : No context for object [ffff88040d823668]
[    0.289037]      scan-1142 get_device_data       : No context for object [ffff88040d823690]
[    0.289232]      scan-1142 get_device_data       : No context for object [ffff88040d8236b8]
[    0.289427]      scan-1142 get_device_data       : No context for object [ffff88040d8236e0]
[    0.289622]      scan-1142 get_device_data       : No context for object [ffff88040d823708]
[    0.289799]      scan-1142 get_device_data       : No context for object [ffff88040d823730]
[    0.290002]      scan-1142 get_device_data       : No context for object [ffff88040d823758]
[    0.290197]      scan-1142 get_device_data       : No context for object [ffff88040d823780]
[    0.290392]      scan-1142 get_device_data       : No context for object [ffff88040d8237a8]
[    0.290587]      scan-1142 get_device_data       : No context for object [ffff88040d8237d0]
[    0.290736]      scan-1142 get_device_data       : No context for object [ffff88040d8237f8]
[    0.290913]      scan-1142 get_device_data       : No context for object [ffff88040d823820]
[    0.291108]      scan-1142 get_device_data       : No context for object [ffff88040d823848]
[    0.291304]      scan-1142 get_device_data       : No context for object [ffff88040d823870]
[    0.291498]      scan-1142 get_device_data       : No context for object [ffff88040d823898]
[    0.291674]      scan-1142 get_device_data       : No context for object [ffff88040d8238c0]
[    0.291869]      scan-1142 get_device_data       : No context for object [ffff88040d8238e8]
[    0.292064]      scan-1142 get_device_data       : No context for object [ffff88040d823910]
[    0.292258]      scan-1142 get_device_data       : No context for object [ffff88040d823938]
[    0.292452]      scan-1142 get_device_data       : No context for object [ffff88040d823960]
[    0.292646]      scan-1142 get_device_data       : No context for object [ffff88040d823988]
[    0.292841]      scan-1142 get_device_data       : No context for object [ffff88040d8239b0]
[    0.293036]      scan-1142 get_device_data       : No context for object [ffff88040d8239d8]
[    0.293234]      scan-1142 get_device_data       : No context for object [ffff88040d837460]
[    0.293497]      scan-1142 get_device_data       : No context for object [ffff88040d83ac08]
[    0.294713]      scan-1142 get_device_data       : No context for object [ffff88040d83ac30]
[    0.294910]      scan-1142 get_device_data       : No context for object [ffff88040d83ac58]
[    0.295109]     utils-0051 util_eval_error       : Evaluate [\_SB_.PCI0.PB3_.VGA_.CRT_._STA]: AE_NOT_FOUND
[    0.295354] device: 'device:04': device_add
[    0.295464] bus: 'acpi': add device device:04
[    0.295548]      scan-1934 add_single_object     : Added device:04 [\_SB_.PCI0.PB3_.VGA_.CRT_] parent LNXVIDEO:00
[    0.295742]      scan-1142 get_device_data       : No context for object [ffff88040d83ac80]
[    0.295939]      scan-1142 get_device_data       : No context for object [ffff88040d83aca8]
[    0.296137]      scan-1142 get_device_data       : No context for object [ffff88040d83acd0]
[    0.296335]      scan-1142 get_device_data       : No context for object [ffff88040d83acf8]
[    0.296533]      scan-1142 get_device_data       : No context for object [ffff88040d83ad20]
[    0.296671]     utils-0051 util_eval_error       : Evaluate [\_SB_.PCI0.PB3_.VGA_.LCD_._STA]: AE_NOT_FOUND
[    0.296915] device: 'device:05': device_add
[    0.297024] bus: 'acpi': add device device:05
[    0.297110]      scan-1934 add_single_object     : Added device:05 [\_SB_.PCI0.PB3_.VGA_.LCD_] parent LNXVIDEO:00
[    0.297313]      scan-1142 get_device_data       : No context for object [ffff88040d83ad48]
[    0.297511]      scan-1142 get_device_data       : No context for object [ffff88040d83ad70]
[    0.297688]      scan-1142 get_device_data       : No context for object [ffff88040d83ad98]
[    0.297886]      scan-1142 get_device_data       : No context for object [ffff88040d83adc0]
[    0.298084]      scan-1142 get_device_data       : No context for object [ffff88040d83ade8]
[    0.298281]      scan-1142 get_device_data       : No context for object [ffff88040d83ae10]
[    0.298479]      scan-1142 get_device_data       : No context for object [ffff88040d83ae38]
[    0.298676]      scan-1142 get_device_data       : No context for object [ffff88040d83ae60]
[    0.298875]     utils-0051 util_eval_error       : Evaluate [\_SB_.PCI0.PB3_.VGA_.TV0_._STA]: AE_NOT_FOUND
[    0.299109] device: 'device:06': device_add
[    0.299172] bus: 'acpi': add device device:06
[    0.299255]      scan-1934 add_single_object     : Added device:06 [\_SB_.PCI0.PB3_.VGA_.TV0_] parent LNXVIDEO:00
[    0.299457]      scan-1142 get_device_data       : No context for object [ffff88040d83ae88]
[    0.299655]      scan-1142 get_device_data       : No context for object [ffff88040d83aeb0]
[    0.299852]      scan-1142 get_device_data       : No context for object [ffff88040d83aed8]
[    0.300003]      scan-1142 get_device_data       : No context for object [ffff88040d83af00]
[    0.300201]      scan-1142 get_device_data       : No context for object [ffff88040d83af28]
[    0.300400]     utils-0051 util_eval_error       : Evaluate [\_SB_.PCI0.PB3_.VGA_.HDMI._STA]: AE_NOT_FOUND
[    0.300644] device: 'device:07': device_add
[    0.300745] bus: 'acpi': add device device:07
[    0.300828]      scan-1934 add_single_object     : Added device:07 [\_SB_.PCI0.PB3_.VGA_.HDMI] parent LNXVIDEO:00
[    0.301031]      scan-1142 get_device_data       : No context for object [ffff88040d83af50]
[    0.301228]      scan-1142 get_device_data       : No context for object [ffff88040d83af78]
[    0.301425]      scan-1142 get_device_data       : No context for object [ffff88040d83afa0]
[    0.301623]      scan-1142 get_device_data       : No context for object [ffff88040d83afc8]
[    0.301821]      scan-1142 get_device_data       : No context for object [ffff88040d823a00]
[    0.302020]     utils-0051 util_eval_error       : Evaluate [\_SB_.PCI0.PB3_.HDAU._STA]: AE_NOT_FOUND
[    0.302255] device: 'device:08': device_add
[    0.302318] bus: 'acpi': add device device:08
[    0.302404]      scan-1934 add_single_object     : Added device:08 [\_SB_.PCI0.PB3_.HDAU] parent device:03
[    0.302606]      scan-1142 get_device_data       : No context for object [ffff88040d823a28]
[    0.302804]      scan-1142 get_device_data       : No context for object [ffff88040d823a50]
[    0.303001]      scan-1142 get_device_data       : No context for object [ffff88040d823a78]
[    0.303198]      scan-1142 get_device_data       : No context for object [ffff88040d823aa0]
[    0.303498]      scan-1142 get_device_data       : No context for object [ffff88040d823ac8]
[    0.303696]      scan-1142 get_device_data       : No context for object [ffff88040d823af0]
[    0.303893]      scan-1142 get_device_data       : No context for object [ffff88040d823b18]
[    0.304093]     utils-0051 util_eval_error       : Evaluate [\_SB_.PCI0.PB4_._STA]: AE_NOT_FOUND
[    0.304389] device: 'device:09': device_add
[    0.304451] bus: 'acpi': add device device:09
[    0.304534]      scan-1934 add_single_object     : Added device:09 [\_SB_.PCI0.PB4_] parent PNP0A08:00
[    0.304730]      scan-1142 get_device_data       : No context for object [ffff88040d823b40]
[    0.304928]      scan-1142 get_device_data       : No context for object [ffff88040d823b68]
[    0.305125]      scan-1142 get_device_data       : No context for object [ffff88040d823b90]
[    0.305322]      scan-1142 get_device_data       : No context for object [ffff88040d823bb8]
[    0.305519]      scan-1142 get_device_data       : No context for object [ffff88040d823be0]
[    0.305715]      scan-1142 get_device_data       : No context for object [ffff88040d823c08]
[    0.305910]      scan-1142 get_device_data       : No context for object [ffff88040d823c30]
[    0.306105]      scan-1142 get_device_data       : No context for object [ffff88040d823c58]
[    0.306300]      scan-1142 get_device_data       : No context for object [ffff88040d823c80]
[    0.306494]      scan-1142 get_device_data       : No context for object [ffff88040d823ca8]
[    0.306669]      scan-1142 get_device_data       : No context for object [ffff88040d823cd0]
[    0.306846]      scan-1142 get_device_data       : No context for object [ffff88040d823cf8]
[    0.307041]      scan-1142 get_device_data       : No context for object [ffff88040d823d20]
[    0.307237]      scan-1142 get_device_data       : No context for object [ffff88040d823d48]
[    0.307432]      scan-1142 get_device_data       : No context for object [ffff88040d823d70]
[    0.307625]      scan-1142 get_device_data       : No context for object [ffff88040d823d98]
[    0.307774]      scan-1142 get_device_data       : No context for object [ffff88040d823dc0]
[    0.307951]      scan-1142 get_device_data       : No context for object [ffff88040d823de8]
[    0.308146]      scan-1142 get_device_data       : No context for object [ffff88040d823e10]
[    0.308341]      scan-1142 get_device_data       : No context for object [ffff88040d823e38]
[    0.308534]      scan-1142 get_device_data       : No context for object [ffff88040d823e60]
[    0.308711]      scan-1142 get_device_data       : No context for object [ffff88040d823e88]
[    0.308905]      scan-1142 get_device_data       : No context for object [ffff88040d823eb0]
[    0.309100]      scan-1142 get_device_data       : No context for object [ffff88040d823ed8]
[    0.309294]      scan-1142 get_device_data       : No context for object [ffff88040d823f00]
[    0.309488]      scan-1142 get_device_data       : No context for object [ffff88040d823f28]
[    0.309683]      scan-1142 get_device_data       : No context for object [ffff88040d823f50]
[    0.309878]      scan-1142 get_device_data       : No context for object [ffff88040d823f78]
[    0.310002]      scan-1142 get_device_data       : No context for object [ffff88040d823fa0]
[    0.310200]      scan-1142 get_device_data       : No context for object [ffff88040d823fc8]
[    0.310398]      scan-1142 get_device_data       : No context for object [ffff88040d825000]
[    0.310597]     utils-0051 util_eval_error       : Evaluate [\_SB_.PCI0.PB4_.XPDV._STA]: AE_NOT_FOUND
[    0.310809] device: 'device:0a': device_add
[    0.310872] bus: 'acpi': add device device:0a
[    0.310955]      scan-1934 add_single_object     : Added device:0a [\_SB_.PCI0.PB4_.XPDV] parent device:09
[    0.311157]      scan-1142 get_device_data       : No context for object [ffff88040d825028]
[    0.311354]      scan-1142 get_device_data       : No context for object [ffff88040d825050]
[    0.311552]      scan-1142 get_device_data       : No context for object [ffff88040d825078]
[    0.311703]      scan-1142 get_device_data       : No context for object [ffff88040d8250a0]
[    0.311880]      scan-1142 get_device_data       : No context for object [ffff88040d8250c8]
[    0.312078]      scan-1142 get_device_data       : No context for object [ffff88040d837500]
[    0.313336]      scan-1142 get_device_data       : No context for object [ffff88040d8250f0]
[    0.313534]      scan-1142 get_device_data       : No context for object [ffff88040d825118]
[    0.313713]     utils-0051 util_eval_error       : Evaluate [\_SB_.PCI0.PB5_._STA]: AE_NOT_FOUND
[    0.314008] device: 'device:0b': device_add
[    0.314071] bus: 'acpi': add device device:0b
[    0.314157]      scan-1934 add_single_object     : Added device:0b [\_SB_.PCI0.PB5_] parent PNP0A08:00
[    0.314360]      scan-1142 get_device_data       : No context for object [ffff88040d825140]
[    0.314558]      scan-1142 get_device_data       : No context for object [ffff88040d825168]
[    0.314734]      scan-1142 get_device_data       : No context for object [ffff88040d825190]
[    0.314931]      scan-1142 get_device_data       : No context for object [ffff88040d8251b8]
[    0.315128]      scan-1142 get_device_data       : No context for object [ffff88040d8251e0]
[    0.315326]      scan-1142 get_device_data       : No context for object [ffff88040d825208]
[    0.315524]      scan-1142 get_device_data       : No context for object [ffff88040d825230]
[    0.315701]      scan-1142 get_device_data       : No context for object [ffff88040d825258]
[    0.315898]      scan-1142 get_device_data       : No context for object [ffff88040d825280]
[    0.316095]      scan-1142 get_device_data       : No context for object [ffff88040d8252a8]
[    0.316293]      scan-1142 get_device_data       : No context for object [ffff88040d8252d0]
[    0.316490]      scan-1142 get_device_data       : No context for object [ffff88040d8252f8]
[    0.316669]      scan-1142 get_device_data       : No context for object [ffff88040d825320]
[    0.316867]      scan-1142 get_device_data       : No context for object [ffff88040d825348]
[    0.317064]      scan-1142 get_device_data       : No context for object [ffff88040d825370]
[    0.317261]      scan-1142 get_device_data       : No context for object [ffff88040d825398]
[    0.317458]      scan-1142 get_device_data       : No context for object [ffff88040d8253c0]
[    0.317656]      scan-1142 get_device_data       : No context for object [ffff88040d8253e8]
[    0.317853]      scan-1142 get_device_data       : No context for object [ffff88040d825410]
[    0.318051]      scan-1142 get_device_data       : No context for object [ffff88040d825438]
[    0.318248]      scan-1142 get_device_data       : No context for object [ffff88040d825460]
[    0.318446]      scan-1142 get_device_data       : No context for object [ffff88040d825488]
[    0.318643]      scan-1142 get_device_data       : No context for object [ffff88040d8254b0]
[    0.318841]      scan-1142 get_device_data       : No context for object [ffff88040d8254d8]
[    0.319039]      scan-1142 get_device_data       : No context for object [ffff88040d825500]
[    0.319236]      scan-1142 get_device_data       : No context for object [ffff88040d825528]
[    0.319433]      scan-1142 get_device_data       : No context for object [ffff88040d825550]
[    0.319630]      scan-1142 get_device_data       : No context for object [ffff88040d825578]
[    0.319807]      scan-1142 get_device_data       : No context for object [ffff88040d8255a0]
[    0.320002]      scan-1142 get_device_data       : No context for object [ffff88040d8255c8]
[    0.320199]      scan-1142 get_device_data       : No context for object [ffff88040d8255f0]
[    0.320398]     utils-0051 util_eval_error       : Evaluate [\_SB_.PCI0.PB5_.XPDV._STA]: AE_NOT_FOUND
[    0.320632] device: 'device:0c': device_add
[    0.320695] bus: 'acpi': add device device:0c
[    0.320778]      scan-1934 add_single_object     : Added device:0c [\_SB_.PCI0.PB5_.XPDV] parent device:0b
[    0.320959]      scan-1142 get_device_data       : No context for object [ffff88040d825618]
[    0.321156]      scan-1142 get_device_data       : No context for object [ffff88040d825640]
[    0.321353]      scan-1142 get_device_data       : No context for object [ffff88040d825668]
[    0.321551]      scan-1142 get_device_data       : No context for object [ffff88040d825690]
[    0.321728]      scan-1142 get_device_data       : No context for object [ffff88040d8256b8]
[    0.321925]      scan-1142 get_device_data       : No context for object [ffff88040d837528]
[    0.322123]      scan-1142 get_device_data       : No context for object [ffff88040d8256e0]
[    0.322320]      scan-1142 get_device_data       : No context for object [ffff88040d825708]
[    0.322516]     utils-0051 util_eval_error       : Evaluate [\_SB_.PCI0.PB6_._STA]: AE_NOT_FOUND
[    0.322745] device: 'device:0d': device_add
[    0.322807] bus: 'acpi': add device device:0d
[    0.322889]      scan-1934 add_single_object     : Added device:0d [\_SB_.PCI0.PB6_] parent PNP0A08:00
[    0.323089]      scan-1142 get_device_data       : No context for object [ffff88040d825730]
[    0.323336]      scan-1142 get_device_data       : No context for object [ffff88040d825758]
[    0.323531]      scan-1142 get_device_data       : No context for object [ffff88040d825780]
[    0.323713]      scan-1142 get_device_data       : No context for object [ffff88040d8257a8]
[    0.323907]      scan-1142 get_device_data       : No context for object [ffff88040d8257d0]
[    0.324103]      scan-1142 get_device_data       : No context for object [ffff88040d8257f8]
[    0.324297]      scan-1142 get_device_data       : No context for object [ffff88040d825820]
[    0.324493]      scan-1142 get_device_data       : No context for object [ffff88040d825848]
[    0.324690]      scan-1142 get_device_data       : No context for object [ffff88040d825870]
[    0.324885]      scan-1142 get_device_data       : No context for object [ffff88040d825898]
[    0.325079]      scan-1142 get_device_data       : No context for object [ffff88040d8258c0]
[    0.325275]      scan-1142 get_device_data       : No context for object [ffff88040d8258e8]
[    0.325470]      scan-1142 get_device_data       : No context for object [ffff88040d825910]
[    0.325664]      scan-1142 get_device_data       : No context for object [ffff88040d825938]
[    0.325846]      scan-1142 get_device_data       : No context for object [ffff88040d825960]
[    0.326041]      scan-1142 get_device_data       : No context for object [ffff88040d825988]
[    0.326235]      scan-1142 get_device_data       : No context for object [ffff88040d8259b0]
[    0.326428]      scan-1142 get_device_data       : No context for object [ffff88040d8259d8]
[    0.326623]      scan-1142 get_device_data       : No context for object [ffff88040d825a00]
[    0.326785]      scan-1142 get_device_data       : No context for object [ffff88040d825a28]
[    0.326962]      scan-1142 get_device_data       : No context for object [ffff88040d825a50]
[    0.327159]      scan-1142 get_device_data       : No context for object [ffff88040d825a78]
[    0.327356]      scan-1142 get_device_data       : No context for object [ffff88040d825aa0]
[    0.327554]      scan-1142 get_device_data       : No context for object [ffff88040d825ac8]
[    0.327731]      scan-1142 get_device_data       : No context for object [ffff88040d825af0]
[    0.327928]      scan-1142 get_device_data       : No context for object [ffff88040d825b18]
[    0.328125]      scan-1142 get_device_data       : No context for object [ffff88040d825b40]
[    0.328322]      scan-1142 get_device_data       : No context for object [ffff88040d825b68]
[    0.328519]      scan-1142 get_device_data       : No context for object [ffff88040d825b90]
[    0.328716]      scan-1142 get_device_data       : No context for object [ffff88040d825bb8]
[    0.328913]      scan-1142 get_device_data       : No context for object [ffff88040d825be0]
[    0.329113]     utils-0051 util_eval_error       : Evaluate [\_SB_.PCI0.PB6_.XPDV._STA]: AE_NOT_FOUND
[    0.329346] device: 'device:0e': device_add
[    0.329409] bus: 'acpi': add device device:0e
[    0.329494]      scan-1934 add_single_object     : Added device:0e [\_SB_.PCI0.PB6_.XPDV] parent device:0d
[    0.329696]      scan-1142 get_device_data       : No context for object [ffff88040d825c08]
[    0.329895]      scan-1142 get_device_data       : No context for object [ffff88040d825c30]
[    0.330003]      scan-1142 get_device_data       : No context for object [ffff88040d825c58]
[    0.330200]      scan-1142 get_device_data       : No context for object [ffff88040d825c80]
[    0.330397]      scan-1142 get_device_data       : No context for object [ffff88040d825ca8]
[    0.330595]      scan-1142 get_device_data       : No context for object [ffff88040d837550]
[    0.331806]      scan-1142 get_device_data       : No context for object [ffff88040d825cd0]
[    0.332004]      scan-1142 get_device_data       : No context for object [ffff88040d825cf8]
[    0.332197]     utils-0051 util_eval_error       : Evaluate [\_SB_.PCI0.PB7_._STA]: AE_NOT_FOUND
[    0.332489] device: 'device:0f': device_add
[    0.332551] bus: 'acpi': add device device:0f
[    0.332634]      scan-1934 add_single_object     : Added device:0f [\_SB_.PCI0.PB7_] parent PNP0A08:00
[    0.332816]      scan-1142 get_device_data       : No context for object [ffff88040d825d20]
[    0.333014]      scan-1142 get_device_data       : No context for object [ffff88040d825d48]
[    0.333205]      scan-1142 get_device_data       : No context for object [ffff88040d825d70]
[    0.333494]      scan-1142 get_device_data       : No context for object [ffff88040d825d98]
[    0.333691]      scan-1142 get_device_data       : No context for object [ffff88040d825dc0]
[    0.333868]      scan-1142 get_device_data       : No context for object [ffff88040d825de8]
[    0.334065]      scan-1142 get_device_data       : No context for object [ffff88040d825e10]
[    0.334256]      scan-1142 get_device_data       : No context for object [ffff88040d825e38]
[    0.334448]      scan-1142 get_device_data       : No context for object [ffff88040d825e60]
[    0.334645]      scan-1142 get_device_data       : No context for object [ffff88040d825e88]
[    0.334795]      scan-1142 get_device_data       : No context for object [ffff88040d825eb0]
[    0.334972]      scan-1142 get_device_data       : No context for object [ffff88040d825ed8]
[    0.335169]      scan-1142 get_device_data       : No context for object [ffff88040d825f00]
[    0.335362]      scan-1142 get_device_data       : No context for object [ffff88040d825f28]
[    0.335555]      scan-1142 get_device_data       : No context for object [ffff88040d825f50]
[    0.335732]      scan-1142 get_device_data       : No context for object [ffff88040d825f78]
[    0.335929]      scan-1142 get_device_data       : No context for object [ffff88040d825fa0]
[    0.336125]      scan-1142 get_device_data       : No context for object [ffff88040d825fc8]
[    0.336317]      scan-1142 get_device_data       : No context for object [ffff88040d827000]
[    0.336510]      scan-1142 get_device_data       : No context for object [ffff88040d827028]
[    0.336669]      scan-1142 get_device_data       : No context for object [ffff88040d827050]
[    0.336866]      scan-1142 get_device_data       : No context for object [ffff88040d827078]
[    0.337065]      scan-1142 get_device_data       : No context for object [ffff88040d8270a0]
[    0.337257]      scan-1142 get_device_data       : No context for object [ffff88040d8270c8]
[    0.337449]      scan-1142 get_device_data       : No context for object [ffff88040d8270f0]
[    0.337646]      scan-1142 get_device_data       : No context for object [ffff88040d827118]
[    0.337823]      scan-1142 get_device_data       : No context for object [ffff88040d827140]
[    0.338021]      scan-1142 get_device_data       : No context for object [ffff88040d827168]
[    0.338216]      scan-1142 get_device_data       : No context for object [ffff88040d827190]
[    0.338409]      scan-1142 get_device_data       : No context for object [ffff88040d8271b8]
[    0.338602]      scan-1142 get_device_data       : No context for object [ffff88040d8271e0]
[    0.338756]     utils-0051 util_eval_error       : Evaluate [\_SB_.PCI0.PB7_.XPDV._STA]: AE_NOT_FOUND
[    0.338968] device: 'device:10': device_add
[    0.339032] bus: 'acpi': add device device:10
[    0.339113]      scan-1934 add_single_object     : Added device:10 [\_SB_.PCI0.PB7_.XPDV] parent device:0f
[    0.339308]      scan-1142 get_device_data       : No context for object [ffff88040d827208]
[    0.339499]      scan-1142 get_device_data       : No context for object [ffff88040d827230]
[    0.339685]      scan-1142 get_device_data       : No context for object [ffff88040d827258]
[    0.339879]      scan-1142 get_device_data       : No context for object [ffff88040d827280]
[    0.340128]      scan-1142 get_device_data       : No context for object [ffff88040d8272a8]
[    0.340322]      scan-1142 get_device_data       : No context for object [ffff88040d837488]
[    0.340511]      scan-1142 get_device_data       : No context for object [ffff88040d8272d0]
[    0.340706]      scan-1142 get_device_data       : No context for object [ffff88040d8272f8]
[    0.340902]     utils-0051 util_eval_error       : Evaluate [\_SB_.PCI0.OHC1._STA]: AE_NOT_FOUND
[    0.341192] device: 'device:11': device_add
[    0.341254] bus: 'acpi': add device device:11
[    0.341326]      scan-1934 add_single_object     : Added device:11 [\_SB_.PCI0.OHC1] parent PNP0A08:00
[    0.341518]      scan-1142 get_device_data       : No context for object [ffff88040d827320]
[    0.341709]      scan-1142 get_device_data       : No context for object [ffff88040d827348]
[    0.341904]      scan-1142 get_device_data       : No context for object [ffff88040d83b2f8]
[    0.342100]     utils-0051 util_eval_error       : Evaluate [\_SB_.PCI0.OHC1.RHUB._STA]: AE_NOT_FOUND
[    0.342319] device: 'device:12': device_add
[    0.342377] bus: 'acpi': add device device:12
[    0.342447]      scan-1934 add_single_object     : Added device:12 [\_SB_.PCI0.OHC1.RHUB] parent device:11
[    0.342644]      scan-1142 get_device_data       : No context for object [ffff88040d83b320]
[    0.342794]      scan-1142 get_device_data       : No context for object [ffff88040d83b348]
[    0.342972]     utils-0051 util_eval_error       : Evaluate [\_SB_.PCI0.OHC1.RHUB.PRT3._STA]: AE_NOT_FOUND
[    0.343189] device: 'device:13': device_add
[    0.343247] bus: 'acpi': add device device:13
[    0.343320]      scan-1934 add_single_object     : Added device:13 [\_SB_.PCI0.OHC1.RHUB.PRT3] parent device:12
[    0.343497]      scan-1142 get_device_data       : No context for object [ffff88040d83b370]
[    0.343696]      scan-1142 get_device_data       : No context for object [ffff88040d83b398]
[    0.343893]      scan-1142 get_device_data       : No context for object [ffff88040d83b3c0]
[    0.344092]      scan-1142 get_device_data       : No context for object [ffff88040d83b3e8]
[    0.344285]     utils-0051 util_eval_error       : Evaluate [\_SB_.PCI0.OHC1.RHUB.PRT4._STA]: AE_NOT_FOUND
[    0.344504] device: 'device:14': device_add
[    0.344567] bus: 'acpi': add device device:14
[    0.344650]      scan-1934 add_single_object     : Added device:14 [\_SB_.PCI0.OHC1.RHUB.PRT4] parent device:12
[    0.344806]      scan-1142 get_device_data       : No context for object [ffff88040d83b410]
[    0.344984]      scan-1142 get_device_data       : No context for object [ffff88040d83b438]
[    0.345180]      scan-1142 get_device_data       : No context for object [ffff88040d83b460]
[    0.345373]      scan-1142 get_device_data       : No context for object [ffff88040d827370]
[    0.345567]     utils-0051 util_eval_error       : Evaluate [\_SB_.PCI0.EHC1._STA]: AE_NOT_FOUND
[    0.345792] device: 'device:15': device_add
[    0.345855] bus: 'acpi': add device device:15
[    0.345937]      scan-1934 add_single_object     : Added device:15 [\_SB_.PCI0.EHC1] parent PNP0A08:00
[    0.346140]      scan-1142 get_device_data       : No context for object [ffff88040d827398]
[    0.346335]      scan-1142 get_device_data       : No context for object [ffff88040d8273c0]
[    0.346526]      scan-1142 get_device_data       : No context for object [ffff88040d83b028]
[    0.346671]     utils-0051 util_eval_error       : Evaluate [\_SB_.PCI0.EHC1.RHUB._STA]: AE_NOT_FOUND
[    0.346905] device: 'device:16': device_add
[    0.346968] bus: 'acpi': add device device:16
[    0.347053]      scan-1934 add_single_object     : Added device:16 [\_SB_.PCI0.EHC1.RHUB] parent device:15
[    0.347255]      scan-1142 get_device_data       : No context for object [ffff88040d83b050]
[    0.347448]      scan-1142 get_device_data       : No context for object [ffff88040d83b078]
[    0.347644]     utils-0051 util_eval_error       : Evaluate [\_SB_.PCI0.EHC1.RHUB.PRT3._STA]: AE_NOT_FOUND
[    0.347878] device: 'device:17': device_add
[    0.347941] bus: 'acpi': add device device:17
[    0.348024]      scan-1934 add_single_object     : Added device:17 [\_SB_.PCI0.EHC1.RHUB.PRT3] parent device:16
[    0.348227]      scan-1142 get_device_data       : No context for object [ffff88040d83b0a0]
[    0.348423]      scan-1142 get_device_data       : No context for object [ffff88040d83b0c8]
[    0.348615]      scan-1142 get_device_data       : No context for object [ffff88040d83b0f0]
[    0.348800]      scan-1142 get_device_data       : No context for object [ffff88040d83b118]
[    0.350004]     utils-0051 util_eval_error       : Evaluate [\_SB_.PCI0.EHC1.RHUB.PRT4._STA]: AE_NOT_FOUND
[    0.350239] device: 'device:18': device_add
[    0.350303] bus: 'acpi': add device device:18
[    0.350375]      scan-1934 add_single_object     : Added device:18 [\_SB_.PCI0.EHC1.RHUB.PRT4] parent device:16
[    0.350571]      scan-1142 get_device_data       : No context for object [ffff88040d83b140]
[    0.350720]      scan-1142 get_device_data       : No context for object [ffff88040d83b168]
[    0.350897]      scan-1142 get_device_data       : No context for object [ffff88040d83b190]
[    0.351094]      scan-1142 get_device_data       : No context for object [ffff88040d8273e8]
[    0.351294]     utils-0051 util_eval_error       : Evaluate [\_SB_.PCI0.OHC2._STA]: AE_NOT_FOUND
[    0.351515] device: 'device:19': device_add
[    0.351575] bus: 'acpi': add device device:19
[    0.351649]      scan-1934 add_single_object     : Added device:19 [\_SB_.PCI0.OHC2] parent PNP0A08:00
[    0.351830]      scan-1142 get_device_data       : No context for object [ffff88040d827410]
[    0.352027]      scan-1142 get_device_data       : No context for object [ffff88040d827438]
[    0.352225]      scan-1142 get_device_data       : No context for object [ffff88040d83b488]
[    0.352420]     utils-0051 util_eval_error       : Evaluate [\_SB_.PCI0.OHC2.RHUB._STA]: AE_NOT_FOUND
[    0.352633] device: 'device:1a': device_add
[    0.352697] bus: 'acpi': add device device:1a
[    0.352780]      scan-1934 add_single_object     : Added device:1a [\_SB_.PCI0.OHC2.RHUB] parent device:19
[    0.352962]      scan-1142 get_device_data       : No context for object [ffff88040d83b4b0]
[    0.353160]      scan-1142 get_device_data       : No context for object [ffff88040d83b4d8]
[    0.353336]     utils-0051 util_eval_error       : Evaluate [\_SB_.PCI0.OHC2.RHUB.PRT4._STA]: AE_NOT_FOUND
[    0.353551] device: 'device:1b': device_add
[    0.353610] bus: 'acpi': add device device:1b
[    0.353695]      scan-1934 add_single_object     : Added device:1b [\_SB_.PCI0.OHC2.RHUB.PRT4] parent device:1a
[    0.353877]      scan-1142 get_device_data       : No context for object [ffff88040d83b500]
[    0.354074]      scan-1142 get_device_data       : No context for object [ffff88040d83b528]
