[    0.000000] Initializing cgroup subsys cpuset
[    0.000000] Initializing cgroup subsys cpu
[    0.000000] Initializing cgroup subsys cpuacct
[    0.000000] Linux version 3.17.0-rc5-g9e82bf0 (emacs@manji) (gcc version 4.9.1 (GCC) ) #94 SMP Mon Sep 15 21:15:56 CEST 2014
[    0.000000] Command line: BOOT_IMAGE=/vmlinuz-linux-git root=UUID=bfa4ab6e-19a3-4601-ba2b-267c55841c73 rw cryptdevice=/dev/disk/by-uuid/70c08890-417a-497d-b6ab-c0d0357a63e2:cryptManjaro:allow-discards ipv6.disable=1 pnp.debug=1 loglevel=9 log_buf_len=10M printk.always_kmsg_dump=y printk.time=y mminit_loglevel=0 memory_corruption_check=1 acpi.debug_layer=0xfbff0000 acpi.debug_level=0xFFFFFFFD nohz=on rcu_nocbs=1-3 pcie_aspm=force fbcon=scrollback:4096k fbcon=font:ProFont6x11 radeon.audio=0 radeon.lockup_timeout=0 radeon.test=0 radeon.agpmode=-1 radeon.benchmark=0 radeon.tv=0 radeon.hard_reset=1 radeon.aspm=1 radeon.dpm=1 radeon.msi=1 radeon.pcie_gen2=-1 radeon.no_wb=1 radeon.modeset=1 radeon.dynclks=1 radeon.r4xx_atom=0 radeon.runpm=0 radeonfb radeon.fastfb=1 nomodeset apic=debug earlyprintk=dbgp
[    0.000000] KERNEL supported cpus:
[    0.000000]   AMD AuthenticAMD
[    0.000000] tseg: 00bfe00000
[    0.000000] e820: BIOS-provided physical RAM map:
[    0.000000] BIOS-e820: [mem 0x0000000000000000-0x000000000009d7ff] usable
[    0.000000] BIOS-e820: [mem 0x000000000009d800-0x000000000009ffff] reserved
[    0.000000] BIOS-e820: [mem 0x00000000000e0000-0x00000000000fffff] reserved
[    0.000000] BIOS-e820: [mem 0x0000000000100000-0x00000000bed9afff] usable
[    0.000000] BIOS-e820: [mem 0x00000000bed9b000-0x00000000bf39afff] reserved
[    0.000000] BIOS-e820: [mem 0x00000000bf39b000-0x00000000bf49afff] ACPI NVS
[    0.000000] BIOS-e820: [mem 0x00000000bf49b000-0x00000000bf51afff] ACPI data
[    0.000000] BIOS-e820: [mem 0x00000000bf51b000-0x00000000bfdfffff] usable
[    0.000000] BIOS-e820: [mem 0x00000000bfe00000-0x00000000bfffffff] reserved
[    0.000000] BIOS-e820: [mem 0x00000000fec00000-0x00000000fecfffff] reserved
[    0.000000] BIOS-e820: [mem 0x00000000fed80000-0x00000000fed80fff] reserved
[    0.000000] BIOS-e820: [mem 0x00000000ffe00000-0x00000000ffffffff] reserved
[    0.000000] BIOS-e820: [mem 0x0000000100000000-0x000000041effffff] usable
[    0.000000] early_pci_allowed
[    0.000000] dbgp_num: 0
[    0.000000] Found EHCI debug port on 00:12.2
[    0.000000] bar: 10 offset: 0e0
[    0.000000] bar_val: f014a900 offset: 0e0
[    0.000000] ehci_bar: ffffffffff5ff900
[    0.000000] dbgp: ehci BIOS state 00010001
[    0.000000] dbgp: BIOS handoff
[    0.000000] disabled EHCI SMI via usb
[    0.000000] debug_port: 1
[    0.000000] n_ports:    5
[    0.000000] dbgp: 
[    0.000000]   Debug control: 00000000  ehci cmd     : 00080b00  ehci conf flg: 00000000
[    0.000000]   ehci status  : 00001000  ehci portsc  : 00003000
[    0.000000] portstatus1: 00003000
[    0.000000] portstatus2: 00003000
[    0.000000] portstatus3: 00003000
[    0.000000] portstatus4: 00003000
[    0.000000] portstatus5: 00003000
[    0.000000] dbgp: ehci reset done
[    0.000000]   Debug control: 00000000  ehci cmd     : 00080b00  ehci conf flg: 00000000
[    0.000000]   ehci status  : 00001000  ehci portsc  : 00003000
[    0.000000] dbgp: EHCI startup
[    0.000000]   Debug control: 40000000  ehci cmd     : 00080b00  ehci conf flg: 00000000
[    0.000000]   ehci status  : 00001000  ehci portsc  : 00003000
[    0.000000] ehci started
[    0.000000] dbgp: reset port
[    0.000000]   Debug control: 40000000  ehci cmd     : 00080b01  ehci conf flg: 00000001
[    0.000000]   ehci status  : 00000000  ehci portsc  : 00001000
[    0.000000] dbgp: Trying to force debug port online
[    0.000000]   Debug control: 40000000  ehci cmd     : 00080b00  ehci conf flg: 00000001
[    0.000000]   ehci status  : 00000008  ehci portsc  : 00041880
[    0.000000] dbgp: ehci reset done
[    0.000000]   Debug control: 00000000  ehci cmd     : 00080b00  ehci conf flg: 00000000
[    0.000000]   ehci status  : 00001000  ehci portsc  : 00003000
[    0.000000] dbgp: EHCI startup
[    0.000000]   Debug control: 40000000  ehci cmd     : 00080b00  ehci conf flg: 00000000
[    0.000000]   ehci status  : 00001000  ehci portsc  : 00003000
[    0.000000] ehci started
[    0.000000] dbgp: reset port
[    0.000000]   Debug control: 40000000  ehci cmd     : 00080b01  ehci conf flg: 00000001
[    0.000000]   ehci status  : 00000000  ehci portsc  : 00001000
[    0.000000] dbgp: EHCI startup
[    0.000000]   Debug control: 40000000  ehci cmd     : 00080b01  ehci conf flg: 00000001
[    0.000000]   ehci status  : 00000008  ehci portsc  : 00001000
[    0.000000] ehci started
[    0.000000] dbgp: reset port
[    0.000000]   Debug control: 40000000  ehci cmd     : 00080b01  ehci conf flg: 00000001
[    0.000000]   ehci status  : 00000008  ehci portsc  : 00001000
[    0.000000] No device found in debug port
[    0.000000] debug_port: 1
[    0.000000] n_ports:    5
[    0.000000] dbgp: 
[    0.000000]   Debug control: 40000000  ehci cmd     : 00080b01  ehci conf flg: 00000001
[    0.000000]   ehci status  : 00000008  ehci portsc  : 00001000
[    0.000000] portstatus1: 00001000
[    0.000000] portstatus2: 00001000
[    0.000000] portstatus3: 00001803
[    0.000000] portstatus4: 00001000
[    0.000000] portstatus5: 00001000
[    0.000000] debug_port: 1
[    0.000000] n_ports:    5
[    0.000000] dbgp: 
[    0.000000]   Debug control: 40000000  ehci cmd     : 00080b01  ehci conf flg: 00000001
[    0.000000]   ehci status  : 00000008  ehci portsc  : 00001000
[    0.000000] portstatus1: 00001000
[    0.000000] portstatus2: 00001000
[    0.000000] portstatus3: 00001803
[    0.000000] portstatus4: 00001000
[    0.000000] portstatus5: 00001000
[    0.000000] dbgp: ehci skip - already configured
[    0.000000]   Debug control: 40000000  ehci cmd     : 00080b01  ehci conf flg: 00000001
[    0.000000]   ehci status  : 00000008  ehci portsc  : 00001000
[    0.000000] dbgp: EHCI startup
[    0.000000]   Debug control: 40000000  ehci cmd     : 00080b01  ehci conf flg: 00000001
[    0.000000]   ehci status  : 00000008  ehci portsc  : 00001000
[    0.000000] ehci started
[    0.000000] dbgp: reset port
[    0.000000]   Debug control: 40000000  ehci cmd     : 00080b01  ehci conf flg: 00000001
[    0.000000]   ehci status  : 00000008  ehci portsc  : 00001000
[    0.000000] dbgp: Trying to force debug port online
[    0.000000]   Debug control: 40000000  ehci cmd     : 00080b00  ehci conf flg: 00000001
[    0.000000]   ehci status  : 00000008  ehci portsc  : 00041880
[    0.000000] dbgp: ehci reset done
[    0.000000]   Debug control: 00000000  ehci cmd     : 00080b00  ehci conf flg: 00000000
[    0.000000]   ehci status  : 00001000  ehci portsc  : 00003000
[    0.000000] dbgp: EHCI startup
[    0.000000]   Debug control: 40000000  ehci cmd     : 00080b00  ehci conf flg: 00000000
[    0.000000]   ehci status  : 00001000  ehci portsc  : 00003000
[    0.000000] ehci started
[    0.000000] dbgp: reset port
[    0.000000]   Debug control: 40000000  ehci cmd     : 00080b01  ehci conf flg: 00000001
[    0.000000]   ehci status  : 00000000  ehci portsc  : 00001000
[    0.000000] dbgp: EHCI startup
[    0.000000]   Debug control: 40000000  ehci cmd     : 00080b01  ehci conf flg: 00000001
[    0.000000]   ehci status  : 00000008  ehci portsc  : 00001000
[    0.000000] ehci started
[    0.000000] dbgp: reset port
[    0.000000]   Debug control: 40000000  ehci cmd     : 00080b01  ehci conf flg: 00000001
[    0.000000]   ehci status  : 00000008  ehci portsc  : 00001000
[    0.000000] No device found in debug port
[    0.000000] debug_port: 1
[    0.000000] n_ports:    5
[    0.000000] dbgp: 
[    0.000000]   Debug control: 40000000  ehci cmd     : 00080b01  ehci conf flg: 00000001
[    0.000000]   ehci status  : 00000008  ehci portsc  : 00001000
[    0.000000] portstatus1: 00001000
[    0.000000] portstatus2: 00001000
[    0.000000] portstatus3: 00001803
[    0.000000] portstatus4: 00001000
[    0.000000] portstatus5: 00001000
[    0.000000] debug_port: 1
[    0.000000] n_ports:    5
[    0.000000] dbgp: 
[    0.000000]   Debug control: 40000000  ehci cmd     : 00080b01  ehci conf flg: 00000001
[    0.000000]   ehci status  : 00000008  ehci portsc  : 00001000
[    0.000000] portstatus1: 00001000
[    0.000000] portstatus2: 00001000
[    0.000000] portstatus3: 00001803
[    0.000000] portstatus4: 00001000
[    0.000000] portstatus5: 00001000
[    0.000000] dbgp: ehci skip - already configured
[    0.000000]   Debug control: 40000000  ehci cmd     : 00080b01  ehci conf flg: 00000001
[    0.000000]   ehci status  : 00000008  ehci portsc  : 00001000
[    0.000000] dbgp: EHCI startup
[    0.000000]   Debug control: 40000000  ehci cmd     : 00080b01  ehci conf flg: 00000001
[    0.000000]   ehci status  : 00000008  ehci portsc  : 00001000
[    0.000000] ehci started
[    0.000000] dbgp: reset port
[    0.000000]   Debug control: 40000000  ehci cmd     : 00080b01  ehci conf flg: 00000001
[    0.000000]   ehci status  : 00000008  ehci portsc  : 00001000
[    0.000000] dbgp: Trying to force debug port online
[    0.000000]   Debug control: 40000000  ehci cmd     : 00080b00  ehci conf flg: 00000001
[    0.000000]   ehci status  : 00000008  ehci portsc  : 00041480
[    0.000000] dbgp: ehci reset done
[    0.000000]   Debug control: 00000000  ehci cmd     : 00080b00  ehci conf flg: 00000000
[    0.000000]   ehci status  : 00001000  ehci portsc  : 00003000
[    0.000000] dbgp: EHCI startup
[    0.000000]   Debug control: 40000000  ehci cmd     : 00080b00  ehci conf flg: 00000000
[    0.000000]   ehci status  : 00001000  ehci portsc  : 00003000
[    0.000000] ehci started
[    0.000000] dbgp: reset port
[    0.000000]   Debug control: 40000000  ehci cmd     : 00080b01  ehci conf flg: 00000001
[    0.000000]   ehci status  : 00000000  ehci portsc  : 00001000
[    0.000000] dbgp: EHCI startup
[    0.000000]   Debug control: 40000000  ehci cmd     : 00080b01  ehci conf flg: 00000001
[    0.000000]   ehci status  : 00000008  ehci portsc  : 00001000
[    0.000000] ehci started
[    0.000000] dbgp: reset port
[    0.000000]   Debug control: 40000000  ehci cmd     : 00080b01  ehci conf flg: 00000001
[    0.000000]   ehci status  : 00000008  ehci portsc  : 00001000
[    0.000000] No device found in debug port
[    0.000000] debug_port: 1
[    0.000000] n_ports:    5
[    0.000000] dbgp: 
[    0.000000]   Debug control: 40000000  ehci cmd     : 00080b01  ehci conf flg: 00000001
[    0.000000]   ehci status  : 00000008  ehci portsc  : 00001000
[    0.000000] portstatus1: 00001000
[    0.000000] portstatus2: 00001000
[    0.000000] portstatus3: 00001803
[    0.000000] portstatus4: 00001000
[    0.000000] portstatus5: 00001000
[    0.000000] ehci_setup failed
[    0.000000] NX (Execute Disable) protection: active
[    0.000000] SMBIOS 2.6 present.
[    0.000000] DMI: LENOVO Sabine/Torpedo, BIOS 54CN18WW 07/20/2011
[    0.000000] e820: update [mem 0x00000000-0x00000fff] usable ==> reserved
[    0.000000] e820: remove [mem 0x000a0000-0x000fffff] usable
[    0.000000] e820: last_pfn = 0x41f000 max_arch_pfn = 0x400000000
[    0.000000] MTRR default type: uncachable
[    0.000000] MTRR fixed ranges enabled:
[    0.000000]   00000-9FFFF write-back
[    0.000000]   A0000-BFFFF uncachable
[    0.000000]   C0000-FFFFF write-protect
[    0.000000] MTRR variable ranges enabled:
[    0.000000]   0 base 0000000000 mask FF80000000 write-back
[    0.000000]   1 base 0080000000 mask FFC0000000 write-back
[    0.000000]   2 base 00FFF90000 mask FFFFFF0000 uncachable
[    0.000000]   3 base 00FED80000 mask 0FFFFFF000 uncachable
[    0.000000]   4 disabled
[    0.000000]   5 disabled
[    0.000000]   6 disabled
[    0.000000]   7 base 00FFE00000 mask FFFFE00000 write-protect
[    0.000000] TOM2: 000000041f000000 aka 16880M
[    0.000000] mtrr: your BIOS has configured an incorrect mask, fixing it.
[    0.000000] e820: last_pfn = 0xbfe00 max_arch_pfn = 0x400000000
[    0.000000] Scan for SMP in [mem 0x00000000-0x000003ff]
[    0.000000] Scan for SMP in [mem 0x0009fc00-0x0009ffff]
[    0.000000] Scan for SMP in [mem 0x000f0000-0x000fffff]
[    0.000000] found SMP MP-table at [mem 0x000fa8b0-0x000fa8bf] mapped at [ffff8800000fa8b0]
[    0.000000]   mpc: fa8c0-faa24
[    0.000000] Base memory trampoline at [ffff880000097000] 97000 size 24576
[    0.000000] Using GB pages for direct mapping
[    0.000000] init_memory_mapping: [mem 0x00000000-0x000fffff]
[    0.000000]  [mem 0x00000000-0x000fffff] page 4k
[    0.000000] BRK [0x01e1e000, 0x01e1efff] PGTABLE
[    0.000000] BRK [0x01e1f000, 0x01e1ffff] PGTABLE
[    0.000000] BRK [0x01e20000, 0x01e20fff] PGTABLE
[    0.000000] init_memory_mapping: [mem 0x41ee00000-0x41effffff]
[    0.000000]  [mem 0x41ee00000-0x41effffff] page 2M
[    0.000000] BRK [0x01e21000, 0x01e21fff] PGTABLE
[    0.000000] init_memory_mapping: [mem 0x41c000000-0x41edfffff]
[    0.000000]  [mem 0x41c000000-0x41edfffff] page 2M
[    0.000000] init_memory_mapping: [mem 0x400000000-0x41bffffff]
[    0.000000]  [mem 0x400000000-0x41bffffff] page 2M
[    0.000000] init_memory_mapping: [mem 0x00100000-0xbed9afff]
[    0.000000]  [mem 0x00100000-0x001fffff] page 4k
[    0.000000]  [mem 0x00200000-0x3fffffff] page 2M
[    0.000000]  [mem 0x40000000-0x7fffffff] page 1G
[    0.000000]  [mem 0x80000000-0xbebfffff] page 2M
[    0.000000]  [mem 0xbec00000-0xbed9afff] page 4k
[    0.000000] init_memory_mapping: [mem 0xbf51b000-0xbfdfffff]
[    0.000000]  [mem 0xbf51b000-0xbf5fffff] page 4k
[    0.000000]  [mem 0xbf600000-0xbfdfffff] page 2M
[    0.000000] BRK [0x01e22000, 0x01e22fff] PGTABLE
[    0.000000] init_memory_mapping: [mem 0x100000000-0x3ffffffff]
[    0.000000]  [mem 0x100000000-0x3ffffffff] page 1G
[    0.000000] log_buf_len: 16777216 bytes
[    0.000000] early log buf free: 2082960(99%)
[    0.000000] RAMDISK: [mem 0x3781c000-0x37c05fff]
[    0.000000] ACPI: Early table checksum verification disabled
[    0.000000] ACPI: RSDP 0x00000000000F0110 000024 (v02 LENOVO)
[    0.000000] ACPI: XSDT 0x00000000BF51A120 000074 (v01 LENOVO CB-01    00000001 LENO 00000001)
[    0.000000] ACPI: FACP 0x00000000BF508000 0000F4 (v04 LENOVO CB-01    00000001 PTL  00000001)
[    0.000000] ACPI: DSDT 0x00000000BF50A000 00FD10 (v01 LENOVO CB-01    00001000 LENO 00000001)
[    0.000000] ACPI: FACS 0x00000000BF478000 000040
[    0.000000] ACPI: HPET 0x00000000BF507000 000038 (v01 LENOVO CB-01    00000001 PTL  00000001)
[    0.000000] ACPI: APIC 0x00000000BF506000 00007A (v02 LENOVO CB-01    00000001 PTL  00000001)
[    0.000000] ACPI: MCFG 0x00000000BF505000 00003C (v01 LENOVO CB-01    00000001 PTL  00000001)
[    0.000000] ACPI: SLIC 0x00000000BF504000 000176 (v01 LENOVO CB-01    00000001 LENO 00000001)
[    0.000000] ACPI: UEFI 0x00000000BF503000 00003E (v01 LENOVO CB-01    00000001 PTL  00000001)
[    0.000000] ACPI: UEFI 0x00000000BF502000 000042 (v01 PTL    COMBUF   00000001 PTL  00000001)
[    0.000000] ACPI: SSDT 0x00000000BF501000 000E34 (v01 AMD    POWERNOW 00000001 AMD  00000001)
[    0.000000] ACPI: SSDT 0x00000000BF4FF000 00193D (v02 AMD    ALIB     00000001 MSFT 04000000)
[    0.000000] ACPI: UEFI 0x00000000BF4FE000 00021A (v01 LENOVO CB-01    00000001 PTL  00000001)
[    0.000000] ACPI: Local APIC address 0xfee00000
[    0.000000] mapped APIC to ffffffffff5fd000 (        fee00000)
[    0.000000] No NUMA configuration found
[    0.000000] Faking a node at [mem 0x0000000000000000-0x000000041effffff]
[    0.000000] Initmem setup node 0 [mem 0x00000000-0x41effffff]
[    0.000000]   NODE_DATA [mem 0x41dffa000-0x41dffdfff]
[    0.000000]  [ffffea0000000000-ffffea00107fffff] PMD -> [ffff88040de00000-ffff88041d5fffff] on node 0
[    0.000000] Zone ranges:
[    0.000000]   DMA      [mem 0x00001000-0x00ffffff]
[    0.000000]   DMA32    [mem 0x01000000-0xffffffff]
[    0.000000]   Normal   [mem 0x100000000-0x41effffff]
[    0.000000] Movable zone start for each node
[    0.000000] Early memory node ranges
[    0.000000]   node   0: [mem 0x00001000-0x0009cfff]
[    0.000000]   node   0: [mem 0x00100000-0xbed9afff]
[    0.000000]   node   0: [mem 0xbf51b000-0xbfdfffff]
[    0.000000]   node   0: [mem 0x100000000-0x41effffff]
[    0.000000] On node 0 totalpages: 4056604
[    0.000000]   DMA zone: 64 pages used for memmap
[    0.000000]   DMA zone: 21 pages reserved
[    0.000000]   DMA zone: 3996 pages, LIFO batch:0
[    0.000000]   DMA32 zone: 12186 pages used for memmap
[    0.000000]   DMA32 zone: 779904 pages, LIFO batch:31
[    0.000000]   Normal zone: 51136 pages used for memmap
[    0.000000]   Normal zone: 3272704 pages, LIFO batch:31
[    0.000000] ACPI: PM-Timer IO Port: 0x808
[    0.000000] ACPI: Local APIC address 0xfee00000
[    0.000000] mapped APIC to ffffffffff5fd000 (        fee00000)
[    0.000000] ACPI: LAPIC (acpi_id[0x00] lapic_id[0x00] enabled)
[    0.000000] ACPI: LAPIC (acpi_id[0x01] lapic_id[0x01] enabled)
[    0.000000] ACPI: LAPIC (acpi_id[0x02] lapic_id[0x02] enabled)
[    0.000000] ACPI: LAPIC (acpi_id[0x03] lapic_id[0x03] enabled)
[    0.000000] ACPI: LAPIC_NMI (acpi_id[0x00] high edge lint[0x1])
[    0.000000] ACPI: LAPIC_NMI (acpi_id[0x01] high edge lint[0x1])
[    0.000000] ACPI: LAPIC_NMI (acpi_id[0x02] high edge lint[0x1])
[    0.000000] ACPI: LAPIC_NMI (acpi_id[0x03] high edge lint[0x1])
[    0.000000] ACPI: IOAPIC (id[0x02] address[0xfec00000] gsi_base[0])
[    0.000000] IOAPIC[0]: apic_id 2, version 33, address 0xfec00000, GSI 0-23
[    0.000000] ACPI: INT_SRC_OVR (bus 0 bus_irq 0 global_irq 2 dfl dfl)
[    0.000000] Int: type 0, pol 0, trig 0, bus 00, IRQ 00, APIC ID 2, APIC INT 02
[    0.000000] Int: type 0, pol 3, trig 3, bus 00, IRQ 09, APIC ID 2, APIC INT 09
[    0.000000] ACPI: IRQ0 used by override.
[    0.000000] Int: type 0, pol 0, trig 0, bus 00, IRQ 01, APIC ID 2, APIC INT 01
[    0.000000] Int: type 0, pol 0, trig 0, bus 00, IRQ 03, APIC ID 2, APIC INT 03
[    0.000000] Int: type 0, pol 0, trig 0, bus 00, IRQ 04, APIC ID 2, APIC INT 04
[    0.000000] Int: type 0, pol 0, trig 0, bus 00, IRQ 05, APIC ID 2, APIC INT 05
[    0.000000] Int: type 0, pol 0, trig 0, bus 00, IRQ 06, APIC ID 2, APIC INT 06
[    0.000000] Int: type 0, pol 0, trig 0, bus 00, IRQ 07, APIC ID 2, APIC INT 07
[    0.000000] Int: type 0, pol 0, trig 0, bus 00, IRQ 08, APIC ID 2, APIC INT 08
[    0.000000] ACPI: IRQ9 used by override.
[    0.000000] Int: type 0, pol 0, trig 0, bus 00, IRQ 0a, APIC ID 2, APIC INT 0a
[    0.000000] Int: type 0, pol 0, trig 0, bus 00, IRQ 0b, APIC ID 2, APIC INT 0b
[    0.000000] Int: type 0, pol 0, trig 0, bus 00, IRQ 0c, APIC ID 2, APIC INT 0c
[    0.000000] Int: type 0, pol 0, trig 0, bus 00, IRQ 0d, APIC ID 2, APIC INT 0d
[    0.000000] Int: type 0, pol 0, trig 0, bus 00, IRQ 0e, APIC ID 2, APIC INT 0e
[    0.000000] Int: type 0, pol 0, trig 0, bus 00, IRQ 0f, APIC ID 2, APIC INT 0f
[    0.000000] Using ACPI (MADT) for SMP configuration information
[    0.000000] ACPI: HPET id: 0x43538210 base: 0xfed00000
[    0.000000] smpboot: Allowing 4 CPUs, 0 hotplug CPUs
[    0.000000] mapped IOAPIC to ffffffffff5fc000 (fec00000)
[    0.000000] e820: [mem 0xc0000000-0xfebfffff] available for PCI devices
[    0.000000] setup_percpu: NR_CPUS:64 nr_cpumask_bits:64 nr_cpu_ids:4 nr_node_ids:1
[    0.000000] PERCPU: Embedded 27 pages/cpu @ffff88041dc00000 s80256 r8192 d22144 u524288
[    0.000000] pcpu-alloc: s80256 r8192 d22144 u524288 alloc=1*2097152
[    0.000000] pcpu-alloc: [0] 0 1 2 3 
[    0.000000] Built 1 zonelists in Zone order, mobility grouping on.  Total pages: 3993197
[    0.000000] Policy zone: Normal
[    0.000000] Kernel command line: BOOT_IMAGE=/vmlinuz-linux-git root=UUID=bfa4ab6e-19a3-4601-ba2b-267c55841c73 rw cryptdevice=/dev/disk/by-uuid/70c08890-417a-497d-b6ab-c0d0357a63e2:cryptManjaro:allow-discards ipv6.disable=1 pnp.debug=1 loglevel=9 log_buf_len=10M printk.always_kmsg_dump=y printk.time=y mminit_loglevel=0 memory_corruption_check=1 acpi.debug_layer=0xfbff0000 acpi.debug_level=0xFFFFFFFD nohz=on rcu_nocbs=1-3 pcie_aspm=force fbcon=scrollback:4096k fbcon=font:ProFont6x11 radeon.audio=0 radeon.lockup_timeout=0 radeon.test=0 radeon.agpmode=-1 radeon.benchmark=0 radeon.tv=0 radeon.hard_reset=1 radeon.aspm=1 radeon.dpm=1 radeon.msi=1 radeon.pcie_gen2=-1 radeon.no_wb=1 radeon.modeset=1 radeon.dynclks=1 radeon.r4xx_atom=0 radeon.runpm=0 radeonfb radeon.fastfb=1 nomodeset apic=debug earlyprintk=dbgp
[    0.000000] PCIe ASPM is forcibly enabled
[    0.000000] PID hash table entries: 4096 (order: 3, 32768 bytes)
[    0.000000] Memory: 15870840K/16226416K available (5261K kernel code, 722K rwdata, 2208K rodata, 848K init, 2616K bss, 355576K reserved)
[    0.000000] SLUB: HWalign=64, Order=0-3, MinObjects=0, CPUs=4, Nodes=1
[    0.000000] Hierarchical RCU implementation.
[    0.000000] 	RCU dyntick-idle grace-period acceleration is enabled.
[    0.000000] 	Additional per-CPU info printed with stalls.
[    0.000000] 	RCU restricting CPUs from NR_CPUS=64 to nr_cpu_ids=4.
[    0.000000] 	Offload RCU callbacks from all CPUs
[    0.000000] 	Offload RCU callbacks from CPUs: 0-3.
[    0.000000] RCU: Adjusting geometry for rcu_fanout_leaf=16, nr_cpu_ids=4
[    0.000000] NR_IRQS:4352 nr_irqs:456 0
[    0.000000] spurious 8259A interrupt: IRQ7.
[    0.000000] vgacon: allocated 4194304 bytes of memory for scrollback. CONFIG_VGACON_SOFT_SCROLLBACK_SIZE=4096
[    0.000000] Console: colour VGA+ 80x25
[    0.000000] console [tty0] enabled
[    0.000000] allocated 65011712 bytes of page_cgroup
[    0.000000] please try 'cgroup_disable=memory' option if you don't want memory cgroups
[    0.000000] hpet clockevent registered
[    0.000000] tsc: Fast TSC calibration using PIT
[    0.000000] tsc: Detected 1397.449 MHz processor
[    0.000062] Calibrating delay loop (skipped), value calculated using timer frequency.. 2796.35 BogoMIPS (lpj=4658163)
[    0.000194] pid_max: default: 32768 minimum: 301
[    0.000269] ACPI: Core revision 20140724
[    0.025049] ACPI: All ACPI Tables successfully acquired
[    0.026654] Security Framework initialized
[    0.028341] Dentry cache hash table entries: 2097152 (order: 12, 16777216 bytes)
[    0.035255] Inode-cache hash table entries: 1048576 (order: 11, 8388608 bytes)
[    0.038415] Mount-cache hash table entries: 32768 (order: 6, 262144 bytes)
[    0.038558] Mountpoint-cache hash table entries: 32768 (order: 6, 262144 bytes)
[    0.039148] Initializing cgroup subsys memory
[    0.039221] Initializing cgroup subsys devices
[    0.039289] Initializing cgroup subsys freezer
[    0.039356] Initializing cgroup subsys net_cls
[    0.039422] Initializing cgroup subsys blkio
[    0.039515] CPU: Physical Processor ID: 0
[    0.039579] CPU: Processor Core ID: 0
[    0.039645] mce: CPU supports 6 MCE banks
[    0.039719] Last level iTLB entries: 4KB 512, 2MB 16, 4MB 8
Last level dTLB entries: 4KB 1024, 2MB 128, 4MB 64, 1GB 0
[    0.040030] Freeing SMP alternatives memory: 20K (ffffffff81b8a000 - ffffffff81b8f000)
[    0.040272] Getting VERSION: 80050010
[    0.040383] Getting VERSION: 80050010
[    0.040446] Getting ID: 0
[    0.040509] Getting ID: ff000000
[    0.040572] Getting LVT0: 700
[    0.040635] Getting LVT1: 400
[    0.040704] enabled ExtINT on CPU#0
[    0.040942] ENABLING IO-APIC IRQs
[    0.041008] init IO_APIC IRQs
[    0.041071]  apic 2 pin 0 not connected
[    0.041140] IOAPIC[0]: Set routing entry (2-1 -> 0x31 -> IRQ 1 Mode:0 Active:0 Dest:1)
[    0.041258] IOAPIC[0]: Set routing entry (2-2 -> 0x30 -> IRQ 0 Mode:0 Active:0 Dest:1)
[    0.041397] IOAPIC[0]: Set routing entry (2-2 -> 0x30 -> IRQ 0 Mode:0 Active:0 Dest:1)
[    0.041533] IOAPIC[0]: Set routing entry (2-3 -> 0x33 -> IRQ 3 Mode:0 Active:0 Dest:1)
[    0.041668] IOAPIC[0]: Set routing entry (2-4 -> 0x34 -> IRQ 4 Mode:0 Active:0 Dest:1)
[    0.041804] IOAPIC[0]: Set routing entry (2-5 -> 0x35 -> IRQ 5 Mode:0 Active:0 Dest:1)
[    0.041939] IOAPIC[0]: Set routing entry (2-6 -> 0x36 -> IRQ 6 Mode:0 Active:0 Dest:1)
[    0.042075] IOAPIC[0]: Set routing entry (2-7 -> 0x37 -> IRQ 7 Mode:0 Active:0 Dest:1)
[    0.042165] IOAPIC[0]: Set routing entry (2-8 -> 0x38 -> IRQ 8 Mode:0 Active:0 Dest:1)
[    0.042299] IOAPIC[0]: Set routing entry (2-9 -> 0x39 -> IRQ 9 Mode:1 Active:1 Dest:1)
[    0.042435] IOAPIC[0]: Set routing entry (2-10 -> 0x3a -> IRQ 10 Mode:0 Active:0 Dest:1)
[    0.042571] IOAPIC[0]: Set routing entry (2-11 -> 0x3b -> IRQ 11 Mode:0 Active:0 Dest:1)
[    0.042706] IOAPIC[0]: Set routing entry (2-12 -> 0x3c -> IRQ 12 Mode:0 Active:0 Dest:1)
[    0.042842] IOAPIC[0]: Set routing entry (2-13 -> 0x3d -> IRQ 13 Mode:0 Active:0 Dest:1)
[    0.042977] IOAPIC[0]: Set routing entry (2-14 -> 0x3e -> IRQ 14 Mode:0 Active:0 Dest:1)
[    0.043094] IOAPIC[0]: Set routing entry (2-15 -> 0x3f -> IRQ 15 Mode:0 Active:0 Dest:1)
[    0.043181]  apic 2 pin 16 not connected
[    0.043240]  apic 2 pin 17 not connected
[    0.043299]  apic 2 pin 18 not connected
[    0.043358]  apic 2 pin 19 not connected
[    0.043423]  apic 2 pin 20 not connected
[    0.043482]  apic 2 pin 21 not connected
[    0.043541]  apic 2 pin 22 not connected
[    0.043601]  apic 2 pin 23 not connected
[    0.043838] ..TIMER: vector=0x30 apic1=0 pin1=2 apic2=-1 pin2=-1
[    0.076916] smpboot: CPU0: AMD A6-3400M APU with Radeon(tm) HD Graphics (fam: 12, model: 01, stepping: 00)
[    0.077164] Using local APIC timer interrupts.
calibrating APIC timer ...
[    0.183476] ... lapic delta = 1247738
[    0.183539] ... PM-Timer delta = 357956
[    0.183602] ... PM-Timer result ok
[    0.183666] ..... delta 1247738
[    0.183729] ..... mult: 53589944
[    0.183792] ..... calibration result: 665460
[    0.183856] ..... CPU clock speed is 1397.2021 MHz.
[    0.183921] ..... host bus clock speed is 199.2193 MHz.
[    0.184020] Performance Events: AMD PMU driver.
[    0.184124] ... version:                0
[    0.184188] ... bit width:              48
[    0.184252] ... generic registers:      4
[    0.184316] ... value mask:             0000ffffffffffff
[    0.184381] ... max period:             00007fffffffffff
[    0.184445] ... fixed-purpose events:   0
[    0.184509] ... event mask:             000000000000000f
[    0.185047] MCE: In-kernel MCE decoding enabled.
[    0.185241] NMI watchdog: enabled on all CPUs, permanently consumes one hw-PMU counter.
[    0.185543] smpboot: ++++++++++++++++++++=_---CPU UP  1
[    0.185658] x86: Booting SMP configuration:
[    0.185723] .... node  #0, CPUs:      #1
[    0.185833] smpboot: Setting warm reset code and vector.
[    0.185958] smpboot: 1.
[    0.186021] smpboot: 2.
[    0.186082] smpboot: 3.
[    0.186146] smpboot: Asserting INIT
[    0.186209] smpboot: Waiting for send to finish...
[    0.196279] smpboot: Deasserting INIT
[    0.196387] smpboot: Waiting for send to finish...
[    0.196450] smpboot: #startup loops: 2
[    0.196513] smpboot: Sending STARTUP #1
[    0.196575] smpboot: After apic_write
[    0.101468] smpboot: CPU#1 (phys ID: 1) waiting for CALLOUT
[    0.196938] smpboot: Startup point 1
[    0.197109] smpboot: Waiting for send to finish...
[    0.197371] smpboot: Sending STARTUP #2
[    0.197480] smpboot: After apic_write
[    0.197841] smpboot: Startup point 1
[    0.197949] smpboot: Waiting for send to finish...
[    0.198212] smpboot: After Startup
[    0.198273] smpboot: Before Callout 1
[    0.198334] smpboot: After Callout 1
[    0.103023] masked ExtINT on CPU#1
[    0.103055] smpboot: Stack at about ffff880407807f44
[    0.199538] smpboot: CPU1: has booted.
[    0.201609] TSC synchronization [CPU#0 -> CPU#1]:
[    0.201720] Measured 133154832 cycles TSC warp between CPUs, turning off TSC clock.
[    0.201861] tsc: Marking TSC unstable due to check_tsc_sync_source failed
[    0.202105] smpboot: ++++++++++++++++++++=_---CPU UP  2
[    0.202193]  #2
[    0.202230] smpboot: Setting warm reset code and vector.
[    0.202354] smpboot: 1.
[    0.202416] smpboot: 2.
[    0.202477] smpboot: 3.
[    0.202540] smpboot: Asserting INIT
[    0.202603] smpboot: Waiting for send to finish...
[    0.212672] smpboot: Deasserting INIT
[    0.212780] smpboot: Waiting for send to finish...
[    0.212843] smpboot: #startup loops: 2
[    0.212907] smpboot: Sending STARTUP #1
[    0.212969] smpboot: After apic_write
[    0.083777] smpboot: CPU#2 (phys ID: 2) waiting for CALLOUT
[    0.213332] smpboot: Startup point 1
[    0.213505] smpboot: Waiting for send to finish...
[    0.213768] smpboot: Sending STARTUP #2
[    0.213877] smpboot: After apic_write
[    0.214239] smpboot: Startup point 1
[    0.214347] smpboot: Waiting for send to finish...
[    0.214610] smpboot: After Startup
[    0.214718] smpboot: Before Callout 2
[    0.214780] smpboot: After Callout 2
[    0.085383] masked ExtINT on CPU#2
[    0.085416] smpboot: Stack at about ffff88040780bf44
[    0.214969] smpboot: CPU2: has booted.
[    0.215176] smpboot: ++++++++++++++++++++=_---CPU UP  3
[    0.215242]  #3
[    0.215279] smpboot: Setting warm reset code and vector.
[    0.215401] smpboot: 1.
[    0.215462] smpboot: 2.
[    0.215523] smpboot: 3.
[    0.215584] smpboot: Asserting INIT
[    0.215646] smpboot: Waiting for send to finish...
[    0.225714] smpboot: Deasserting INIT
[    0.225823] smpboot: Waiting for send to finish...
[    0.225887] smpboot: #startup loops: 2
[    0.225951] smpboot: Sending STARTUP #1
[    0.226015] smpboot: After apic_write
[    0.062979] smpboot: CPU#3 (phys ID: 3) waiting for CALLOUT
[    0.226378] smpboot: Startup point 1
[    0.226553] smpboot: Waiting for send to finish...
[    0.226817] smpboot: Sending STARTUP #2
[    0.226927] smpboot: After apic_write
[    0.227290] smpboot: Startup point 1
[    0.227402] smpboot: Waiting for send to finish...
[    0.227667] smpboot: After Startup
[    0.227776] smpboot: Before Callout 3
[    0.227839] smpboot: After Callout 3
[    0.064599] masked ExtINT on CPU#3
[    0.064632] smpboot: Stack at about ffff88040780ff44
[    0.228031] smpboot: CPU3: has booted.
[    0.228126] x86: Booted up 1 node, 4 CPUs
[    0.228189] smpboot: Boot done
[    0.228251] smpboot: Before bogomips
[    0.228316] smpboot: Total of 4 processors activated (11184.40 BogoMIPS)
[    0.228382] smpboot: Before bogocount - setting activated=1
[    0.126776] devtmpfs: initialized
[    0.126827] device: 'platform': device_add
[    0.126921] bus: 'platform': registered
[    0.130028] bus: 'cpu': registered
[    0.130142] device: 'cpu': device_add
[    0.130229] bus: 'container': registered
[    0.130293] device: 'container': device_add
[    0.130805] bus: 'workqueue': registered
[    0.130805] device: 'workqueue': device_add
[    0.130805] kworker/u8:0 (39) used greatest stack depth: 14160 bytes left
[    0.130823] atomic64_test: passed for x86-64 platform with CX8 and with SSE
[    0.130937] device class 'regulator': registering
[    0.131038] Registering platform device 'reg-dummy'. Parent at platform
[    0.131151] device: 'reg-dummy': device_add
[    0.131217] bus: 'platform': add device reg-dummy
[    0.131306] bus: 'platform': add driver reg-dummy
[    0.131375] bus: 'platform': driver_probe_device: matched device reg-dummy with driver reg-dummy
[    0.131515] bus: 'platform': really_probe: probing driver reg-dummy with device reg-dummy
[    0.131613] device: 'regulator.0': device_add
[    0.131705] regulator-dummy: no parameters
[    0.131781] driver: 'reg-dummy': driver_bound: bound to device 'reg-dummy'
[    0.131848] bus: 'platform': really_probe: bound device reg-dummy to driver reg-dummy
[    0.132117] NET: Registered protocol family 16
[    0.133498] device class 'bdi': registering
[    0.133581] bus: 'platform': add driver ramoops
[    0.133666] device class 'pci_bus': registering
[    0.133761] bus: 'pci': registered
[    0.133831] device class 'backlight': registering
[    0.133905] device class 'tty': registering
[    0.133980] device class 'vtconsole': registering
[    0.134057] device: 'vtcon0': device_add
[    0.134159] bus: 'node': registered
[    0.134275] device: 'node': device_add
[    0.134376] bus: 'i2c': registered
[    0.134442] bus: 'i2c': add driver dummy
[    0.134516] i2c-core: driver [dummy] registered
[    0.134585] cpuidle: using governor ladder
[    0.134652] cpuidle: using governor menu
[    0.135149] ACPI FADT declares the system doesn't support PCIe ASPM, so disable it
[    0.135336] ACPI: bus type PCI registered
[    0.135401] acpiphp: ACPI Hot Plug PCI Controller Driver version: 0.5
[    0.135470] device class 'dmi': registering
[    0.135543] device: 'id': device_add
[    0.135708] PCI: MMCONFIG for domain 0000 [bus 00-3f] at [mem 0xf8000000-0xfbffffff] (base 0xf8000000)
[    0.135851] PCI: not using MMCONFIG
[    0.135915] PCI: Using configuration type 1 for base access
[    0.135980] PCI: Using configuration type 1 for extended access
[    0.136349] device: 'node0': device_add
[    0.136463] bus: 'node': add device node0
[    0.136555] device: 'cpu0': device_add
[    0.136622] bus: 'cpu': add device cpu0
[    0.136708] device: 'cpu1': device_add
[    0.136806] bus: 'cpu': add device cpu1
[    0.136907] device: 'cpu2': device_add
[    0.137022] bus: 'cpu': add device cpu2
[    0.137125] device: 'cpu3': device_add
[    0.137239] bus: 'cpu': add device cpu3
[    0.160079] device: 'writeback': device_add
[    0.160158] bus: 'workqueue': add device writeback
[    0.160270] device: 'default': device_add
[    0.160441] device class 'block': registering
[    0.160441] ACPI: Added _OSI(Module Device)
[    0.160441] ACPI: Added _OSI(Processor Device)
[    0.160441] ACPI: Added _OSI(3.0 _SCP Extensions)
[    0.160441] ACPI: Added _OSI(Processor Aggregator Device)
[    0.164244] IOAPIC[0]: Set routing entry (2-9 -> 0x39 -> IRQ 9 Mode:1 Active:1 Dest:15)
[    0.164760] 
**** Context Switch from TID 4294967295 to TID 133431296 ****

[    0.164971]     utils-0051 util_eval_error       : Evaluate [\_SB_.PCI0.LPC0.EC0_._GLK]: AE_NOT_FOUND
[    0.165595] Executing  Method       \_SB_.PCI0.LPC0.EC0_._REG
[    0.166433] Executing  Method       \_SB_.PCI0.LPC0.EC0_._REG
[    0.166632] Executing  Method       \_SB_.PCI0.LPC0.EC0_._REG
[    0.166839] Executing  Method       \_SB_.PCI0.LPC0.EC0_._REG
[    0.170146] Initializing Region       \_SB_.OSTY
[    0.170352] Initializing Region       \_SB_.PCI0.NBMS
[    0.170500] Initializing Region       \_SB_.PCI0.NBXP
[    0.170650] Initializing Region       \_SB_.PCI0.K8ST
[    0.170836] Initializing Region       \_SB_.PCI0.BAR1
[    0.171018] Initializing Region       \_SB_.PCI0.PB2_.XPEX
[    0.171165] Initializing Region       \_SB_.PCI0.PB2_.PCFG
[    0.171312] Initializing Region       \_SB_.PCI0.PB2_.XPCB
[    0.171461] Initializing Region       \_SB_.PCI0.PB2_.XPRI
[    0.171612] Initializing Region       \_SB_.PCI0.PB2_.VGA_.PCFG
[    0.171818] Initializing Region       \_SB_.PCI0.PB2_.HDAU.PCFG
[    0.171994] Initializing Region       \_SB_.PCI0.PB3_.XPEX
[    0.172141] Initializing Region       \_SB_.PCI0.PB3_.PCFG
[    0.172288] Initializing Region       \_SB_.PCI0.PB3_.XPCB
[    0.172436] Initializing Region       \_SB_.PCI0.PB3_.XPRI
[    0.172588] Initializing Region       \_SB_.PCI0.PB3_.VGA_.PCFG
[    0.172804] Initializing Region       \_SB_.PCI0.PB3_.HDAU.PCFG
[    0.172970] Initializing Region       \_SB_.PCI0.PB4_.XPEX
[    0.173116] Initializing Region       \_SB_.PCI0.PB4_.PCFG
[    0.173264] Initializing Region       \_SB_.PCI0.PB4_.XPCB
[    0.173409] Initializing Region       \_SB_.PCI0.PB4_.XPRI
[    0.173561] Initializing Region       \_SB_.PCI0.PB4_.XPDV.PCFG
[    0.173722] Initializing Region       \_SB_.PCI0.PB5_.XPEX
[    0.173869] Initializing Region       \_SB_.PCI0.PB5_.PCFG
[    0.174016] Initializing Region       \_SB_.PCI0.PB5_.XPCB
[    0.174164] Initializing Region       \_SB_.PCI0.PB5_.XPRI
[    0.174316] Initializing Region       \_SB_.PCI0.PB5_.XPDV.PCFG
[    0.174476] Initializing Region       \_SB_.PCI0.PB6_.XPEX
[    0.174623] Initializing Region       \_SB_.PCI0.PB6_.PCFG
[    0.174770] Initializing Region       \_SB_.PCI0.PB6_.XPCB
[    0.174919] Initializing Region       \_SB_.PCI0.PB6_.XPRI
[    0.175069] Initializing Region       \_SB_.PCI0.PB6_.XPDV.PCFG
[    0.175230] Initializing Region       \_SB_.PCI0.PB7_.XPEX
[    0.175377] Initializing Region       \_SB_.PCI0.PB7_.PCFG
[    0.175523] Initializing Region       \_SB_.PCI0.PB7_.XPCB
[    0.176684] Initializing Region       \_SB_.PCI0.PB7_.XPRI
[    0.176835] Initializing Region       \_SB_.PCI0.PB7_.XPDV.PCFG
[    0.177248] Initializing Region       \_SB_.PCI0.SATC
[    0.177441] Initializing Region       \_SB_.PCI0.RMEM
[    0.177619] Initializing Region       \_SB_.PCI0.SATA.SATX
[    0.177771] Initializing Region       \_SB_.PCI0.SATA.BAR5
[    0.196907] Initializing Region       \_SB_.PCI0.SMB_.SBRV
[    0.197116] Initializing Region       \_SB_.PCI0.SMB_.PMIO
[    0.197116] Initializing Region       \_SB_.PCI0.SMB_.ERMM
[    0.197116] Initializing Region       \_SB_.PCI0.SMB_.P1E0
[    0.197127] Initializing Region       \_SB_.PCI0.SMB_.ABIO
[    0.197275] Initializing Region       \_SB_.PCI0.SMB_.SMB0
[    0.197425] Initializing Region       \_SB_.PCI0.LPC0.PIRQ
[    0.197625] Initializing Region       \_SB_.PCI0.LPC0.LPCR
[    0.197861] Initializing Region       \_SB_.PCI0.LPC0.LPCS
[    0.198063] Initializing Region       \_SB_.PCI0.LPC0.SMI0
[    0.198209] Initializing Region       \_SB_.PCI0.LPC0.SMI1
[    0.198363] Initializing Region       \_SB_.PCI0.LPC0.EC0_.ECO1
[    0.198510] Initializing Region       \_SB_.PCI0.LPC0.EC0_.ECO2
[    0.198656] Initializing Region       \_SB_.PCI0.LPC0.EC0_.ECMB
[    0.198802] Initializing Region       \_SB_.PCI0.LPC0.EC0_.RAM_
[    0.199059] Initializing Region       \_SB_.PCI0.LPC0.EC0_.CMOS
[    0.199231] Initializing Region       \_SB_.PCI0.LPC0.EC0_.VPC0.ERAM
[    0.199479] Initializing Region       \_SB_.PCI0.SPB0.PCFG
[    0.199673] Initializing Region       \_SB_.PCI0.SPB0.XPCB
[    0.199824] Initializing Region       \_SB_.PCI0.SPB0.XPDV.PCFG
[    0.200020] Initializing Region       \_SB_.PCI0.SPB1.PCFG
[    0.200167] Initializing Region       \_SB_.PCI0.SPB1.XPCB
[    0.200318] Initializing Region       \_SB_.PCI0.SPB1.XPDV.PCFG
[    0.200477] Initializing Region       \_SB_.PCI0.SPB2.PCFG
[    0.200624] Initializing Region       \_SB_.PCI0.SPB2.XPCB
[    0.200775] Initializing Region       \_SB_.PCI0.SPB2.XPDV.PCFG
[    0.200935] Initializing Region       \_SB_.PCI0.SPB3.PCFG
[    0.201081] Initializing Region       \_SB_.PCI0.SPB3.XPCB
[    0.201232] Initializing Region       \_SB_.PCI0.SPB3.XPDV.PCFG
[    0.201541] Initializing Region       \_SB_.PCI0.VGA_.REVD
[    0.201935] Initializing BufferField  \_SB_.AMW0.WLID
[    0.202569] Initializing Region       \DEB2
[    0.202763] Initializing Region       \PMIO
[    0.202909] Initializing Region       \P01_
[    0.203079] Initializing Region       \CNVS
[    0.203285] Initializing Region       \SPRT
[    0.203423] Initializing Region       \CMIO
[    0.203709] Executing  Method       \_SB_._STA
[    0.203926] Executing  Method       \_SB_._INI
[    0.204097] Executing  Method       \_SB_.PCI0._STA
[    0.204266] Executing  Method       \_SB_.PCI0._INI
[    0.204693] [Firmware Bug]: ACPI: BIOS _OSI(Linux) query ignored
[    0.205245] Executing  Method       \_SB_.PCI0.SATA._STA
[    0.205463] Executing  Method       \_SB_.PCI0.SATA._INI
[    0.206579] Executing  Method       \_SB_.PCI0.LPC0.EC0_._REG
[    0.250151] ACPI: Interpreter enabled
[    0.250235] ACPI: (supports S0 S5)
[    0.250300] ACPI: Using IOAPIC for interrupt routing
[    0.253655] PCI: MMCONFIG for domain 0000 [bus 00-3f] at [mem 0xf8000000-0xfbffffff] (base 0xf8000000)
[    0.254587] PCI: MMCONFIG at [mem 0xf8000000-0xfbffffff] reserved in ACPI motherboard resources
[    0.254935] bus: 'acpi': registered
[    0.255004] PCI: Using host bridge windows from ACPI; if necessary, use "pci=nocrs" and report a bug
[    0.255154]      scan-1142 get_device_data       : No context for object [ffffffffffffffff]
[    0.255370]     utils-0051 util_eval_error       : Evaluate [\._STA]: AE_NOT_FOUND
[    0.255596] device: 'LNXSYSTM:00': device_add
[    0.255666] bus: 'acpi': add device LNXSYSTM:00
[    0.255766]      scan-1934 add_single_object     : Added LNXSYSTM:00 [\] parent (null)
[    0.255962]      scan-1142 get_device_data       : No context for object [ffff88040d81d000]
[    0.256172]      scan-1142 get_device_data       : No context for object [ffff88040d8377d0]
[    0.256382]      scan-1142 get_device_data       : No context for object [ffff88040d8377f8]
[    0.256591]      scan-1142 get_device_data       : No context for object [ffff88040d837820]
[    0.256806]      scan-1142 get_device_data       : No context for object [ffff88040d837848]
[    0.256991]      scan-1142 get_device_data       : No context for object [ffff88040d837870]
[    0.257201]      scan-1142 get_device_data       : No context for object [ffff88040d837898]
[    0.257410]      scan-1142 get_device_data       : No context for object [ffff88040d8378c0]
[    0.257621]      scan-1142 get_device_data       : No context for object [ffff88040d8378e8]
[    0.257830]      scan-1142 get_device_data       : No context for object [ffff88040d839398]
[    0.257993]      scan-1142 get_device_data       : No context for object [ffff88040d81d028]
[    0.258175]      scan-1142 get_device_data       : No context for object [ffff88040d81d168]
[    0.258374]     utils-0051 util_eval_error       : Evaluate [\_PR_.C000._STA]: AE_NOT_FOUND
[    0.258572]      scan-1142 get_device_data       : No context for object [ffff88040d81d028]
[    0.258778] device: 'LNXCPU:00': device_add
[    0.258841] bus: 'acpi': add device LNXCPU:00
[    0.258928]      scan-1934 add_single_object     : Added LNXCPU:00 [\_PR_.C000] parent LNXSYSTM:00
[    0.259110]      scan-1142 get_device_data       : No context for object [ffff88040d83c398]
[    0.259307]      scan-1142 get_device_data       : No context for object [ffff88040d83c3c0]
[    0.259504]      scan-1142 get_device_data       : No context for object [ffff88040d83c3e8]
[    0.259701]      scan-1142 get_device_data       : No context for object [ffff88040d83c410]
[    0.259898]      scan-1142 get_device_data       : No context for object [ffff88040d83c438]
[    0.260004]      scan-1142 get_device_data       : No context for object [ffff88040d83c460]
[    0.260202]      scan-1142 get_device_data       : No context for object [ffff88040d81d190]
[    0.260401]     utils-0051 util_eval_error       : Evaluate [\_PR_.C001._STA]: AE_NOT_FOUND
[    0.260599]      scan-1142 get_device_data       : No context for object [ffff88040d81d028]
[    0.260806] device: 'LNXCPU:01': device_add
[    0.260868] bus: 'acpi': add device LNXCPU:01
[    0.260952]      scan-1934 add_single_object     : Added LNXCPU:01 [\_PR_.C001] parent LNXSYSTM:00
[    0.261151]      scan-1142 get_device_data       : No context for object [ffff88040d83c488]
[    0.261346]      scan-1142 get_device_data       : No context for object [ffff88040d83c4b0]
[    0.261542]      scan-1142 get_device_data       : No context for object [ffff88040d83c4d8]
[    0.261737]      scan-1142 get_device_data       : No context for object [ffff88040d83c500]
[    0.261885]      scan-1142 get_device_data       : No context for object [ffff88040d83c528]
[    0.262062]      scan-1142 get_device_data       : No context for object [ffff88040d83c550]
[    0.262257]      scan-1142 get_device_data       : No context for object [ffff88040d81d1b8]
[    0.262452]     utils-0051 util_eval_error       : Evaluate [\_PR_.C002._STA]: AE_NOT_FOUND
[    0.262648]      scan-1142 get_device_data       : No context for object [ffff88040d81d028]
[    0.262833] device: 'LNXCPU:02': device_add
[    0.262895] bus: 'acpi': add device LNXCPU:02
[    0.262977]      scan-1934 add_single_object     : Added LNXCPU:02 [\_PR_.C002] parent LNXSYSTM:00
[    0.263176]      scan-1142 get_device_data       : No context for object [ffff88040d83c578]
[    0.263461]      scan-1142 get_device_data       : No context for object [ffff88040d83c5a0]
[    0.263656]      scan-1142 get_device_data       : No context for object [ffff88040d83c5c8]
[    0.263851]      scan-1142 get_device_data       : No context for object [ffff88040d83c5f0]
[    0.264000]      scan-1142 get_device_data       : No context for object [ffff88040d83c618]
[    0.264176]      scan-1142 get_device_data       : No context for object [ffff88040d83c640]
[    0.264371]      scan-1142 get_device_data       : No context for object [ffff88040d81d1e0]
[    0.264567]     utils-0051 util_eval_error       : Evaluate [\_PR_.C003._STA]: AE_NOT_FOUND
[    0.264763]      scan-1142 get_device_data       : No context for object [ffff88040d81d028]
[    0.264948] device: 'LNXCPU:03': device_add
[    0.265009] bus: 'acpi': add device LNXCPU:03
[    0.265095]      scan-1934 add_single_object     : Added LNXCPU:03 [\_PR_.C003] parent LNXSYSTM:00
[    0.265292]      scan-1142 get_device_data       : No context for object [ffff88040d83c668]
[    0.265489]      scan-1142 get_device_data       : No context for object [ffff88040d83c690]
[    0.265687]      scan-1142 get_device_data       : No context for object [ffff88040d83c6b8]
[    0.265885]      scan-1142 get_device_data       : No context for object [ffff88040d83c6e0]
[    0.266082]      scan-1142 get_device_data       : No context for object [ffff88040d83c708]
[    0.266279]      scan-1142 get_device_data       : No context for object [ffff88040d83c730]
[    0.266476]      scan-1142 get_device_data       : No context for object [ffff88040d81d050]
[    0.266672]     utils-0051 util_eval_error       : Evaluate [\_SB_._STA]: AE_NOT_FOUND
[    0.266926] device: 'LNXSYBUS:00': device_add
[    0.266988] bus: 'acpi': add device LNXSYBUS:00
[    0.267075]      scan-1934 add_single_object     : Added LNXSYBUS:00 [\_SB_] parent LNXSYSTM:00
[    0.267283]      scan-1142 get_device_data       : No context for object [ffff88040d81d3c0]
[    0.267480]      scan-1142 get_device_data       : No context for object [ffff88040d81d3e8]
[    0.267677]      scan-1142 get_device_data       : No context for object [ffff88040d81d410]
[    0.267874]      scan-1142 get_device_data       : No context for object [ffff88040d81d438]
[    0.268072]      scan-1142 get_device_data       : No context for object [ffff88040d81d460]
[    0.268269]      scan-1142 get_device_data       : No context for object [ffff88040d81d488]
[    0.268466]      scan-1142 get_device_data       : No context for object [ffff88040d81d4b0]
[    0.268664]      scan-1142 get_device_data       : No context for object [ffff88040d81d5a0]
[    0.268863]     utils-0051 util_eval_error       : Evaluate [\_SB_.PWRB._STA]: AE_NOT_FOUND
[    0.270038] device: 'PNP0C0C:00': device_add
[    0.270148] bus: 'acpi': add device PNP0C0C:00
[    0.270231]      scan-1934 add_single_object     : Added PNP0C0C:00 [\_SB_.PWRB] parent LNXSYBUS:00
[    0.270438]      scan-1142 get_device_data       : No context for object [ffff88040d81d5c8]
[    0.270636]      scan-1142 get_device_data       : No context for object [ffff88040d81d5f0]
[    0.270820]     utils-0051 util_eval_error       : Evaluate [\_SB_.PCI0._STA]: AE_NOT_FOUND
[    0.271080] device: 'PNP0A08:00': device_add
[    0.271191] bus: 'acpi': add device PNP0A08:00
[    0.271280]      scan-1934 add_single_object     : Added PNP0A08:00 [\_SB_.PCI0] parent LNXSYBUS:00
[    0.271490]      scan-1142 get_device_data       : No context for object [ffff88040d81d618]
[    0.271688]      scan-1142 get_device_data       : No context for object [ffff88040d81d640]
[    0.271865]      scan-1142 get_device_data       : No context for object [ffff88040d81d668]
[    0.272062]      scan-1142 get_device_data       : No context for object [ffff88040d81d690]
[    0.272260]      scan-1142 get_device_data       : No context for object [ffff88040d81d6b8]
[    0.272457]      scan-1142 get_device_data       : No context for object [ffff88040d81d6e0]
[    0.272654]      scan-1142 get_device_data       : No context for object [ffff88040d81d708]
[    0.272831]      scan-1142 get_device_data       : No context for object [ffff88040d81d730]
[    0.273029]      scan-1142 get_device_data       : No context for object [ffff88040d81d758]
[    0.273226]      scan-1142 get_device_data       : No context for object [ffff88040d81d780]
[    0.273498]      scan-1142 get_device_data       : No context for object [ffff88040d81d7a8]
[    0.273696]      scan-1142 get_device_data       : No context for object [ffff88040d81d7d0]
[    0.273890]      scan-1142 get_device_data       : No context for object [ffff88040d81d7f8]
[    0.274087]      scan-1142 get_device_data       : No context for object [ffff88040d81d820]
[    0.274284]      scan-1142 get_device_data       : No context for object [ffff88040d81d848]
[    0.274482]      scan-1142 get_device_data       : No context for object [ffff88040d81d870]
[    0.274679]      scan-1142 get_device_data       : No context for object [ffff88040d81d898]
[    0.274877]      scan-1142 get_device_data       : No context for object [ffff88040d81d8c0]
[    0.275074]      scan-1142 get_device_data       : No context for object [ffff88040d81d8e8]
[    0.275272]      scan-1142 get_device_data       : No context for object [ffff88040d81d910]
[    0.275469]      scan-1142 get_device_data       : No context for object [ffff88040d81d938]
[    0.275667]      scan-1142 get_device_data       : No context for object [ffff88040d81d960]
[    0.275864]      scan-1142 get_device_data       : No context for object [ffff88040d81d988]
[    0.276062]      scan-1142 get_device_data       : No context for object [ffff88040d81d9b0]
[    0.276259]      scan-1142 get_device_data       : No context for object [ffff88040d81d9d8]
[    0.276458]      scan-1142 get_device_data       : No context for object [ffff88040d81da00]
[    0.276669]      scan-1142 get_device_data       : No context for object [ffff88040d81da28]
[    0.276866]      scan-1142 get_device_data       : No context for object [ffff88040d81da50]
[    0.277043]      scan-1142 get_device_data       : No context for object [ffff88040d81da78]
[    0.277241]      scan-1142 get_device_data       : No context for object [ffff88040d81daa0]
[    0.277438]      scan-1142 get_device_data       : No context for object [ffff88040d81dac8]
[    0.277635]      scan-1142 get_device_data       : No context for object [ffff88040d81daf0]
[    0.277832]      scan-1142 get_device_data       : No context for object [ffff88040d81db18]
[    0.277980]      scan-1142 get_device_data       : No context for object [ffff88040d81db40]
[    0.278157]      scan-1142 get_device_data       : No context for object [ffff88040d81db68]
[    0.278351]      scan-1142 get_device_data       : No context for object [ffff88040d81db90]
[    0.278546]      scan-1142 get_device_data       : No context for object [ffff88040d81dbb8]
[    0.278740]      scan-1142 get_device_data       : No context for object [ffff88040d81dbe0]
[    0.278917]      scan-1142 get_device_data       : No context for object [ffff88040d81dc08]
[    0.279111]      scan-1142 get_device_data       : No context for object [ffff88040d81dc30]
[    0.279305]      scan-1142 get_device_data       : No context for object [ffff88040d81dc58]
[    0.279500]      scan-1142 get_device_data       : No context for object [ffff88040d81dc80]
[    0.279695]      scan-1142 get_device_data       : No context for object [ffff88040d81dca8]
[    0.279889]      scan-1142 get_device_data       : No context for object [ffff88040d81dcd0]
[    0.280002]      scan-1142 get_device_data       : No context for object [ffff88040d81dcf8]
[    0.280196]      scan-1142 get_device_data       : No context for object [ffff88040d81dd20]
[    0.280391]      scan-1142 get_device_data       : No context for object [ffff88040d81dd48]
[    0.280586]      scan-1142 get_device_data       : No context for object [ffff88040d81dd70]
[    0.280780]      scan-1142 get_device_data       : No context for object [ffff88040d81dd98]
[    0.280957]      scan-1142 get_device_data       : No context for object [ffff88040d81ddc0]
[    0.281151]      scan-1142 get_device_data       : No context for object [ffff88040d81dde8]
[    0.281345]      scan-1142 get_device_data       : No context for object [ffff88040d81de10]
[    0.281538]      scan-1142 get_device_data       : No context for object [ffff88040d81de38]
[    0.281733]      scan-1142 get_device_data       : No context for object [ffff88040d81de60]
[    0.281882]      scan-1142 get_device_data       : No context for object [ffff88040d81de88]
[    0.282058]      scan-1142 get_device_data       : No context for object [ffff88040d81deb0]
[    0.282254]      scan-1142 get_device_data       : No context for object [ffff88040d81ded8]
[    0.282452]      scan-1142 get_device_data       : No context for object [ffff88040d81df00]
[    0.282649]      scan-1142 get_device_data       : No context for object [ffff88040d81df28]
[    0.282826]      scan-1142 get_device_data       : No context for object [ffff88040d81df50]
[    0.283024]      scan-1142 get_device_data       : No context for object [ffff88040d81df78]
[    0.283220]      scan-1142 get_device_data       : No context for object [ffff88040d81dfa0]
[    0.283498]      scan-1142 get_device_data       : No context for object [ffff88040d81dfc8]
[    0.283695]      scan-1142 get_device_data       : No context for object [ffff88040d822000]
[    0.283893]      scan-1142 get_device_data       : No context for object [ffff88040d822028]
[    0.284092]     utils-0051 util_eval_error       : Evaluate [\_SB_.PCI0.MEMR._STA]: AE_NOT_FOUND
[    0.284326] device: 'PNP0C02:00': device_add
[    0.284389] bus: 'acpi': add device PNP0C02:00
[    0.284472]      scan-1934 add_single_object     : Added PNP0C02:00 [\_SB_.PCI0.MEMR] parent PNP0A08:00
[    0.284677]      scan-1142 get_device_data       : No context for object [ffff88040d822050]
[    0.284875]      scan-1142 get_device_data       : No context for object [ffff88040d822078]
[    0.285072]      scan-1142 get_device_data       : No context for object [ffff88040d8220a0]
[    0.286290]      scan-1142 get_device_data       : No context for object [ffff88040d8220c8]
[    0.286489]      scan-1142 get_device_data       : No context for object [ffff88040d8220f0]
[    0.286669]      scan-1142 get_device_data       : No context for object [ffff88040d822118]
[    0.286866]      scan-1142 get_device_data       : No context for object [ffff88040d822140]
[    0.287064]      scan-1142 get_device_data       : No context for object [ffff88040d822168]
[    0.287262]      scan-1142 get_device_data       : No context for object [ffff88040d822190]
[    0.287458]      scan-1142 get_device_data       : No context for object [ffff88040d8221b8]
[    0.287656]      scan-1142 get_device_data       : No context for object [ffff88040d8221e0]
[    0.287853]      scan-1142 get_device_data       : No context for object [ffff88040d822208]
[    0.288050]      scan-1142 get_device_data       : No context for object [ffff88040d822230]
[    0.288247]      scan-1142 get_device_data       : No context for object [ffff88040d822258]
[    0.288445]      scan-1142 get_device_data       : No context for object [ffff88040d822280]
[    0.288642]      scan-1142 get_device_data       : No context for object [ffff88040d8222a8]
[    0.288841]     utils-0051 util_eval_error       : Evaluate [\_SB_.PCI0.PB2_._STA]: AE_NOT_FOUND
[    0.289124] device: 'device:00': device_add
[    0.289187] bus: 'acpi': add device device:00
[    0.289273]      scan-1934 add_single_object     : Added device:00 [\_SB_.PCI0.PB2_] parent PNP0A08:00
[    0.289476]      scan-1142 get_device_data       : No context for object [ffff88040d8222d0]
[    0.289674]      scan-1142 get_device_data       : No context for object [ffff88040d8222f8]
[    0.289872]      scan-1142 get_device_data       : No context for object [ffff88040d822320]
[    0.290003]      scan-1142 get_device_data       : No context for object [ffff88040d822348]
[    0.290200]      scan-1142 get_device_data       : No context for object [ffff88040d822370]
[    0.290398]      scan-1142 get_device_data       : No context for object [ffff88040d822398]
[    0.290596]      scan-1142 get_device_data       : No context for object [ffff88040d8223c0]
[    0.290793]      scan-1142 get_device_data       : No context for object [ffff88040d8223e8]
[    0.290990]      scan-1142 get_device_data       : No context for object [ffff88040d822410]
[    0.291187]      scan-1142 get_device_data       : No context for object [ffff88040d822438]
[    0.291384]      scan-1142 get_device_data       : No context for object [ffff88040d822460]
[    0.291582]      scan-1142 get_device_data       : No context for object [ffff88040d822488]
[    0.291779]      scan-1142 get_device_data       : No context for object [ffff88040d8224b0]
[    0.291955]      scan-1142 get_device_data       : No context for object [ffff88040d8224d8]
[    0.292152]      scan-1142 get_device_data       : No context for object [ffff88040d822500]
[    0.292350]      scan-1142 get_device_data       : No context for object [ffff88040d822528]
[    0.292547]      scan-1142 get_device_data       : No context for object [ffff88040d822550]
[    0.292745]      scan-1142 get_device_data       : No context for object [ffff88040d822578]
[    0.292895]      scan-1142 get_device_data       : No context for object [ffff88040d8225a0]
[    0.293072]      scan-1142 get_device_data       : No context for object [ffff88040d8225c8]
[    0.293335]      scan-1142 get_device_data       : No context for object [ffff88040d8225f0]
[    0.293533]      scan-1142 get_device_data       : No context for object [ffff88040d822618]
[    0.293730]      scan-1142 get_device_data       : No context for object [ffff88040d822640]
[    0.293908]      scan-1142 get_device_data       : No context for object [ffff88040d822668]
[    0.294105]      scan-1142 get_device_data       : No context for object [ffff88040d822690]
[    0.294300]      scan-1142 get_device_data       : No context for object [ffff88040d8226b8]
[    0.294492]      scan-1142 get_device_data       : No context for object [ffff88040d8226e0]
[    0.294683]      scan-1142 get_device_data       : No context for object [ffff88040d822708]
[    0.294877]      scan-1142 get_device_data       : No context for object [ffff88040d822730]
[    0.295071]      scan-1142 get_device_data       : No context for object [ffff88040d822758]
[    0.295264]      scan-1142 get_device_data       : No context for object [ffff88040d822780]
[    0.295455]     utils-0051 util_eval_error       : Evaluate [\_SB_.PCI0.PB2_.VGA_._STA]: AE_NOT_FOUND
[    0.295685] device: 'device:01': device_add
[    0.295793] bus: 'acpi': add device device:01
[    0.295875]      scan-1934 add_single_object     : Added device:01 [\_SB_.PCI0.PB2_.VGA_] parent device:00
[    0.296057]      scan-1142 get_device_data       : No context for object [ffff88040d8227a8]
[    0.296251]      scan-1142 get_device_data       : No context for object [ffff88040d8227d0]
[    0.296441]      scan-1142 get_device_data       : No context for object [ffff88040d8227f8]
[    0.296668]      scan-1142 get_device_data       : No context for object [ffff88040d822820]
[    0.296863]      scan-1142 get_device_data       : No context for object [ffff88040d822848]
[    0.297045]      scan-1142 get_device_data       : No context for object [ffff88040d822870]
[    0.297240]      scan-1142 get_device_data       : No context for object [ffff88040d822898]
[    0.297432]      scan-1142 get_device_data       : No context for object [ffff88040d8228c0]
[    0.297620]      scan-1142 get_device_data       : No context for object [ffff88040d8228e8]
[    0.297811]      scan-1142 get_device_data       : No context for object [ffff88040d822910]
[    0.297988]      scan-1142 get_device_data       : No context for object [ffff88040d822938]
[    0.298183]      scan-1142 get_device_data       : No context for object [ffff88040d822960]
[    0.298379]      scan-1142 get_device_data       : No context for object [ffff88040d822988]
[    0.298568]      scan-1142 get_device_data       : No context for object [ffff88040d8229b0]
[    0.298757]      scan-1142 get_device_data       : No context for object [ffff88040d8229d8]
[    0.298935]      scan-1142 get_device_data       : No context for object [ffff88040d822a00]
[    0.299132]      scan-1142 get_device_data       : No context for object [ffff88040d822a28]
[    0.299329]      scan-1142 get_device_data       : No context for object [ffff88040d822a50]
[    0.299521]      scan-1142 get_device_data       : No context for object [ffff88040d822a78]
[    0.299713]      scan-1142 get_device_data       : No context for object [ffff88040d822aa0]
[    0.299909]      scan-1142 get_device_data       : No context for object [ffff88040d822ac8]
[    0.300002]      scan-1142 get_device_data       : No context for object [ffff88040d822af0]
[    0.300199]      scan-1142 get_device_data       : No context for object [ffff88040d822b18]
[    0.300393]      scan-1142 get_device_data       : No context for object [ffff88040d822b40]
[    0.300585]      scan-1142 get_device_data       : No context for object [ffff88040d822b68]
[    0.300780]      scan-1142 get_device_data       : No context for object [ffff88040d822b90]
[    0.300977]      scan-1142 get_device_data       : No context for object [ffff88040d822bb8]
[    0.301174]      scan-1142 get_device_data       : No context for object [ffff88040d822be0]
[    0.301371]      scan-1142 get_device_data       : No context for object [ffff88040d822c08]
[    0.301563]      scan-1142 get_device_data       : No context for object [ffff88040d822c30]
[    0.301757]      scan-1142 get_device_data       : No context for object [ffff88040d822c58]
[    0.301940]      scan-1142 get_device_data       : No context for object [ffff88040d822c80]
[    0.302137]      scan-1142 get_device_data       : No context for object [ffff88040d822ca8]
[    0.302334]      scan-1142 get_device_data       : No context for object [ffff88040d822cd0]
[    0.302526]      scan-1142 get_device_data       : No context for object [ffff88040d822cf8]
[    0.302719]      scan-1142 get_device_data       : No context for object [ffff88040d822d20]
[    0.302871]      scan-1142 get_device_data       : No context for object [ffff88040d822d48]
[    0.303048]      scan-1142 get_device_data       : No context for object [ffff88040d822d70]
[    0.303335]      scan-1142 get_device_data       : No context for object [ffff88040d822d98]
[    0.303530]      scan-1142 get_device_data       : No context for object [ffff88040d837438]
[    0.304737]      scan-1142 get_device_data       : No context for object [ffff88040d822dc0]
[    0.304914]     utils-0051 util_eval_error       : Evaluate [\_SB_.PCI0.PB2_.HDAU._STA]: AE_NOT_FOUND
[    0.305147] device: 'device:02': device_add
[    0.305209] bus: 'acpi': add device device:02
[    0.305292]      scan-1934 add_single_object     : Added device:02 [\_SB_.PCI0.PB2_.HDAU] parent device:00
[    0.305492]      scan-1142 get_device_data       : No context for object [ffff88040d822de8]
[    0.305684]      scan-1142 get_device_data       : No context for object [ffff88040d822e10]
[    0.305879]      scan-1142 get_device_data       : No context for object [ffff88040d822e38]
[    0.306076]      scan-1142 get_device_data       : No context for object [ffff88040d822e60]
[    0.306273]      scan-1142 get_device_data       : No context for object [ffff88040d822e88]
[    0.306469]      scan-1142 get_device_data       : No context for object [ffff88040d822eb0]
[    0.306668]      scan-1142 get_device_data       : No context for object [ffff88040d822ed8]
[    0.306862]     utils-0051 util_eval_error       : Evaluate [\_SB_.PCI0.PB3_._STA]: AE_NOT_FOUND
[    0.307137] device: 'device:03': device_add
[    0.307200] bus: 'acpi': add device device:03
[    0.307286]      scan-1934 add_single_object     : Added device:03 [\_SB_.PCI0.PB3_] parent PNP0A08:00
[    0.307491]      scan-1142 get_device_data       : No context for object [ffff88040d822f00]
[    0.307686]      scan-1142 get_device_data       : No context for object [ffff88040d822f28]
[    0.307879]      scan-1142 get_device_data       : No context for object [ffff88040d822f50]
[    0.308073]      scan-1142 get_device_data       : No context for object [ffff88040d822f78]
[    0.308270]      scan-1142 get_device_data       : No context for object [ffff88040d822fa0]
[    0.308467]      scan-1142 get_device_data       : No context for object [ffff88040d822fc8]
[    0.308664]      scan-1142 get_device_data       : No context for object [ffff88040d823000]
[    0.308856]      scan-1142 get_device_data       : No context for object [ffff88040d823028]
[    0.309034]      scan-1142 get_device_data       : No context for object [ffff88040d823050]
[    0.309232]      scan-1142 get_device_data       : No context for object [ffff88040d823078]
[    0.309429]      scan-1142 get_device_data       : No context for object [ffff88040d8230a0]
[    0.309626]      scan-1142 get_device_data       : No context for object [ffff88040d8230c8]
[    0.309818]      scan-1142 get_device_data       : No context for object [ffff88040d8230f0]
[    0.309964]      scan-1142 get_device_data       : No context for object [ffff88040d823118]
[    0.310144]      scan-1142 get_device_data       : No context for object [ffff88040d823140]
[    0.310341]      scan-1142 get_device_data       : No context for object [ffff88040d823168]
[    0.310539]      scan-1142 get_device_data       : No context for object [ffff88040d823190]
[    0.310733]      scan-1142 get_device_data       : No context for object [ffff88040d8231b8]
[    0.310906]      scan-1142 get_device_data       : No context for object [ffff88040d8231e0]
[    0.311101]      scan-1142 get_device_data       : No context for object [ffff88040d823208]
[    0.311296]      scan-1142 get_device_data       : No context for object [ffff88040d823230]
[    0.311492]      scan-1142 get_device_data       : No context for object [ffff88040d823258]
[    0.311687]      scan-1142 get_device_data       : No context for object [ffff88040d823280]
[    0.311875]      scan-1142 get_device_data       : No context for object [ffff88040d8232a8]
[    0.312066]      scan-1142 get_device_data       : No context for object [ffff88040d8232d0]
[    0.312261]      scan-1142 get_device_data       : No context for object [ffff88040d8232f8]
[    0.312456]      scan-1142 get_device_data       : No context for object [ffff88040d823320]
[    0.312653]      scan-1142 get_device_data       : No context for object [ffff88040d823348]
[    0.312842]      scan-1142 get_device_data       : No context for object [ffff88040d823370]
[    0.312985]      scan-1142 get_device_data       : No context for object [ffff88040d823398]
[    0.313161]      scan-1142 get_device_data       : No context for object [ffff88040d8233c0]
[    0.313338]     utils-0051 util_eval_error       : Evaluate [\_SB_.PCI0.PB3_.VGA_._STA]: AE_NOT_FOUND
[    0.313565]     video-0058 backlight_cap_match   : Found generic backlight support
[    0.313763] device: 'LNXVIDEO:00': device_add
[    0.313821] bus: 'acpi': add device LNXVIDEO:00
[    0.313894]      scan-1934 add_single_object     : Added LNXVIDEO:00 [\_SB_.PCI0.PB3_.VGA_] parent device:03
[    0.314074]      scan-1142 get_device_data       : No context for object [ffff88040d8233e8]
[    0.314269]      scan-1142 get_device_data       : No context for object [ffff88040d823410]
[    0.314463]      scan-1142 get_device_data       : No context for object [ffff88040d823438]
[    0.314657]      scan-1142 get_device_data       : No context for object [ffff88040d823460]
[    0.314844]      scan-1142 get_device_data       : No context for object [ffff88040d823488]
[    0.315019]      scan-1142 get_device_data       : No context for object [ffff88040d8234b0]
[    0.315215]      scan-1142 get_device_data       : No context for object [ffff88040d8234d8]
[    0.315409]      scan-1142 get_device_data       : No context for object [ffff88040d823500]
[    0.315606]      scan-1142 get_device_data       : No context for object [ffff88040d823528]
[    0.315798]      scan-1142 get_device_data       : No context for object [ffff88040d823550]
[    0.315943]      scan-1142 get_device_data       : No context for object [ffff88040d823578]
[    0.316118]      scan-1142 get_device_data       : No context for object [ffff88040d8235a0]
[    0.316316]      scan-1142 get_device_data       : No context for object [ffff88040d8235c8]
[    0.316513]      scan-1142 get_device_data       : No context for object [ffff88040d8235f0]
[    0.316668]      scan-1142 get_device_data       : No context for object [ffff88040d823618]
[    0.316841]      scan-1142 get_device_data       : No context for object [ffff88040d823640]
[    0.317033]      scan-1142 get_device_data       : No context for object [ffff88040d823668]
[    0.317231]      scan-1142 get_device_data       : No context for object [ffff88040d823690]
[    0.317428]      scan-1142 get_device_data       : No context for object [ffff88040d8236b8]
[    0.317625]      scan-1142 get_device_data       : No context for object [ffff88040d8236e0]
[    0.317817]      scan-1142 get_device_data       : No context for object [ffff88040d823708]
[    0.318010]      scan-1142 get_device_data       : No context for object [ffff88040d823730]
[    0.318208]      scan-1142 get_device_data       : No context for object [ffff88040d823758]
[    0.318404]      scan-1142 get_device_data       : No context for object [ffff88040d823780]
[    0.318601]      scan-1142 get_device_data       : No context for object [ffff88040d8237a8]
[    0.318792]      scan-1142 get_device_data       : No context for object [ffff88040d8237d0]
[    0.318971]      scan-1142 get_device_data       : No context for object [ffff88040d8237f8]
[    0.319167]      scan-1142 get_device_data       : No context for object [ffff88040d823820]
[    0.319364]      scan-1142 get_device_data       : No context for object [ffff88040d823848]
[    0.319561]      scan-1142 get_device_data       : No context for object [ffff88040d823870]
[    0.319755]      scan-1142 get_device_data       : No context for object [ffff88040d823898]
[    0.319901]      scan-1142 get_device_data       : No context for object [ffff88040d8238c0]
[    0.320141]      scan-1142 get_device_data       : No context for object [ffff88040d8238e8]
[    0.320339]      scan-1142 get_device_data       : No context for object [ffff88040d823910]
[    0.320536]      scan-1142 get_device_data       : No context for object [ffff88040d823938]
[    0.320733]      scan-1142 get_device_data       : No context for object [ffff88040d823960]
[    0.320905]      scan-1142 get_device_data       : No context for object [ffff88040d823988]
[    0.321097]      scan-1142 get_device_data       : No context for object [ffff88040d8239b0]
[    0.321295]      scan-1142 get_device_data       : No context for object [ffff88040d8239d8]
[    0.321492]      scan-1142 get_device_data       : No context for object [ffff88040d837460]
[    0.321691]      scan-1142 get_device_data       : No context for object [ffff88040d83ac08]
[    0.322894]      scan-1142 get_device_data       : No context for object [ffff88040d83ac30]
[    0.323086]      scan-1142 get_device_data       : No context for object [ffff88040d83ac58]
[    0.323284]     utils-0051 util_eval_error       : Evaluate [\_SB_.PCI0.PB3_.VGA_.CRT_._STA]: AE_NOT_FOUND
[    0.323545] device: 'device:04': device_add
[    0.323654] bus: 'acpi': add device device:04
[    0.323738]      scan-1934 add_single_object     : Added device:04 [\_SB_.PCI0.PB3_.VGA_.CRT_] parent LNXVIDEO:00
[    0.323920]      scan-1142 get_device_data       : No context for object [ffff88040d83ac80]
[    0.324113]      scan-1142 get_device_data       : No context for object [ffff88040d83aca8]
[    0.324309]      scan-1142 get_device_data       : No context for object [ffff88040d83acd0]
[    0.324507]      scan-1142 get_device_data       : No context for object [ffff88040d83acf8]
[    0.324704]      scan-1142 get_device_data       : No context for object [ffff88040d83ad20]
[    0.324902]     utils-0051 util_eval_error       : Evaluate [\_SB_.PCI0.PB3_.VGA_.LCD_._STA]: AE_NOT_FOUND
[    0.325123] device: 'device:05': device_add
[    0.325188] bus: 'acpi': add device device:05
[    0.325272]      scan-1934 add_single_object     : Added device:05 [\_SB_.PCI0.PB3_.VGA_.LCD_] parent LNXVIDEO:00
[    0.325475]      scan-1142 get_device_data       : No context for object [ffff88040d83ad48]
[    0.325673]      scan-1142 get_device_data       : No context for object [ffff88040d83ad70]
[    0.325869]      scan-1142 get_device_data       : No context for object [ffff88040d83ad98]
[    0.326051]      scan-1142 get_device_data       : No context for object [ffff88040d83adc0]
[    0.326244]      scan-1142 get_device_data       : No context for object [ffff88040d83ade8]
[    0.326441]      scan-1142 get_device_data       : No context for object [ffff88040d83ae10]
[    0.326638]      scan-1142 get_device_data       : No context for object [ffff88040d83ae38]
[    0.326830]      scan-1142 get_device_data       : No context for object [ffff88040d83ae60]
[    0.326977]     utils-0051 util_eval_error       : Evaluate [\_SB_.PCI0.PB3_.VGA_.TV0_._STA]: AE_NOT_FOUND
[    0.327172] device: 'device:06': device_add
[    0.327235] bus: 'acpi': add device device:06
[    0.327318]      scan-1934 add_single_object     : Added device:06 [\_SB_.PCI0.PB3_.VGA_.TV0_] parent LNXVIDEO:00
[    0.327520]      scan-1142 get_device_data       : No context for object [ffff88040d83ae88]
[    0.327718]      scan-1142 get_device_data       : No context for object [ffff88040d83aeb0]
[    0.327912]      scan-1142 get_device_data       : No context for object [ffff88040d83aed8]
[    0.328101]      scan-1142 get_device_data       : No context for object [ffff88040d83af00]
[    0.328293]      scan-1142 get_device_data       : No context for object [ffff88040d83af28]
[    0.328489]     utils-0051 util_eval_error       : Evaluate [\_SB_.PCI0.PB3_.VGA_.HDMI._STA]: AE_NOT_FOUND
[    0.328728] device: 'device:07': device_add
[    0.328835] bus: 'acpi': add device device:07
[    0.328907]      scan-1934 add_single_object     : Added device:07 [\_SB_.PCI0.PB3_.VGA_.HDMI] parent LNXVIDEO:00
[    0.329081]      scan-1142 get_device_data       : No context for object [ffff88040d83af50]
[    0.329273]      scan-1142 get_device_data       : No context for object [ffff88040d83af78]
[    0.329469]      scan-1142 get_device_data       : No context for object [ffff88040d83afa0]
[    0.329664]      scan-1142 get_device_data       : No context for object [ffff88040d83afc8]
[    0.329858]      scan-1142 get_device_data       : No context for object [ffff88040d823a00]
[    0.330003]     utils-0051 util_eval_error       : Evaluate [\_SB_.PCI0.PB3_.HDAU._STA]: AE_NOT_FOUND
[    0.330204] device: 'device:08': device_add
[    0.330265] bus: 'acpi': add device device:08
[    0.330347]      scan-1934 add_single_object     : Added device:08 [\_SB_.PCI0.PB3_.HDAU] parent device:03
[    0.330548]      scan-1142 get_device_data       : No context for object [ffff88040d823a28]
[    0.330743]      scan-1142 get_device_data       : No context for object [ffff88040d823a50]
[    0.330918]      scan-1142 get_device_data       : No context for object [ffff88040d823a78]
[    0.331107]      scan-1142 get_device_data       : No context for object [ffff88040d823aa0]
[    0.331298]      scan-1142 get_device_data       : No context for object [ffff88040d823ac8]
[    0.331493]      scan-1142 get_device_data       : No context for object [ffff88040d823af0]
[    0.331687]      scan-1142 get_device_data       : No context for object [ffff88040d823b18]
[    0.331882]     utils-0051 util_eval_error       : Evaluate [\_SB_.PCI0.PB4_._STA]: AE_NOT_FOUND
[    0.332104] device: 'device:09': device_add
[    0.332162] bus: 'acpi': add device device:09
[    0.332244]      scan-1934 add_single_object     : Added device:09 [\_SB_.PCI0.PB4_] parent PNP0A08:00
[    0.332447]      scan-1142 get_device_data       : No context for object [ffff88040d823b40]
[    0.332644]      scan-1142 get_device_data       : No context for object [ffff88040d823b68]
[    0.332840]      scan-1142 get_device_data       : No context for object [ffff88040d823b90]
[    0.332986]      scan-1142 get_device_data       : No context for object [ffff88040d823bb8]
[    0.333158]      scan-1142 get_device_data       : No context for object [ffff88040d823be0]
[    0.333336]      scan-1142 get_device_data       : No context for object [ffff88040d823c08]
[    0.333533]      scan-1142 get_device_data       : No context for object [ffff88040d823c30]
[    0.333731]      scan-1142 get_device_data       : No context for object [ffff88040d823c58]
[    0.333907]      scan-1142 get_device_data       : No context for object [ffff88040d823c80]
[    0.334098]      scan-1142 get_device_data       : No context for object [ffff88040d823ca8]
[    0.334293]      scan-1142 get_device_data       : No context for object [ffff88040d823cd0]
[    0.334490]      scan-1142 get_device_data       : No context for object [ffff88040d823cf8]
[    0.334687]      scan-1142 get_device_data       : No context for object [ffff88040d823d20]
[    0.334884]      scan-1142 get_device_data       : No context for object [ffff88040d823d48]
[    0.335075]      scan-1142 get_device_data       : No context for object [ffff88040d823d70]
[    0.335267]      scan-1142 get_device_data       : No context for object [ffff88040d823d98]
[    0.335464]      scan-1142 get_device_data       : No context for object [ffff88040d823dc0]
[    0.335662]      scan-1142 get_device_data       : No context for object [ffff88040d823de8]
[    0.335858]      scan-1142 get_device_data       : No context for object [ffff88040d823e10]
[    0.336031]      scan-1142 get_device_data       : No context for object [ffff88040d823e38]
[    0.336223]      scan-1142 get_device_data       : No context for object [ffff88040d823e60]
[    0.336420]      scan-1142 get_device_data       : No context for object [ffff88040d823e88]
[    0.336617]      scan-1142 get_device_data       : No context for object [ffff88040d823eb0]
[    0.336831]      scan-1142 get_device_data       : No context for object [ffff88040d823ed8]
[    0.336979]      scan-1142 get_device_data       : No context for object [ffff88040d823f00]
[    0.337152]      scan-1142 get_device_data       : No context for object [ffff88040d823f28]
[    0.337346]      scan-1142 get_device_data       : No context for object [ffff88040d823f50]
[    0.337543]      scan-1142 get_device_data       : No context for object [ffff88040d823f78]
[    0.337741]      scan-1142 get_device_data       : No context for object [ffff88040d823fa0]
[    0.337917]      scan-1142 get_device_data       : No context for object [ffff88040d823fc8]
[    0.338109]      scan-1142 get_device_data       : No context for object [ffff88040d825000]
[    0.338304]     utils-0051 util_eval_error       : Evaluate [\_SB_.PCI0.PB4_.XPDV._STA]: AE_NOT_FOUND
[    0.338537] device: 'device:0a': device_add
[    0.338600] bus: 'acpi': add device device:0a
[    0.338685]      scan-1934 add_single_object     : Added device:0a [\_SB_.PCI0.PB4_.XPDV] parent device:09
[    0.338887]      scan-1142 get_device_data       : No context for object [ffff88040d825028]
[    0.339082]      scan-1142 get_device_data       : No context for object [ffff88040d825050]
[    0.339274]      scan-1142 get_device_data       : No context for object [ffff88040d825078]
[    0.339468]      scan-1142 get_device_data       : No context for object [ffff88040d8250a0]
[    0.339665]      scan-1142 get_device_data       : No context for object [ffff88040d8250c8]
[    0.339863]      scan-1142 get_device_data       : No context for object [ffff88040d837500]
[    0.340002]      scan-1142 get_device_data       : No context for object [ffff88040d8250f0]
[    0.340193]      scan-1142 get_device_data       : No context for object [ffff88040d825118]
[    0.340389]     utils-0051 util_eval_error       : Evaluate [\_SB_.PCI0.PB5_._STA]: AE_NOT_FOUND
[    0.340684] device: 'device:0b': device_add
[    0.340747] bus: 'acpi': add device device:0b
[    0.340830]      scan-1934 add_single_object     : Added device:0b [\_SB_.PCI0.PB5_] parent PNP0A08:00
[    0.341009]      scan-1142 get_device_data       : No context for object [ffff88040d825140]
[    0.341202]      scan-1142 get_device_data       : No context for object [ffff88040d825168]
[    0.341394]      scan-1142 get_device_data       : No context for object [ffff88040d825190]
[    0.341592]      scan-1142 get_device_data       : No context for object [ffff88040d8251b8]
[    0.341789]      scan-1142 get_device_data       : No context for object [ffff88040d8251e0]
[    0.341968]      scan-1142 get_device_data       : No context for object [ffff88040d825208]
[    0.342160]      scan-1142 get_device_data       : No context for object [ffff88040d825230]
[    0.343335]      scan-1142 get_device_data       : No context for object [ffff88040d825258]
[    0.343534]      scan-1142 get_device_data       : No context for object [ffff88040d825280]
[    0.343731]      scan-1142 get_device_data       : No context for object [ffff88040d8252a8]
[    0.343882]      scan-1142 get_device_data       : No context for object [ffff88040d8252d0]
[    0.344059]      scan-1142 get_device_data       : No context for object [ffff88040d8252f8]
[    0.344250]      scan-1142 get_device_data       : No context for object [ffff88040d825320]
[    0.344444]      scan-1142 get_device_data       : No context for object [ffff88040d825348]
[    0.344639]      scan-1142 get_device_data       : No context for object [ffff88040d825370]
[    0.344817]      scan-1142 get_device_data       : No context for object [ffff88040d825398]
[    0.345012]      scan-1142 get_device_data       : No context for object [ffff88040d8253c0]
[    0.345201]      scan-1142 get_device_data       : No context for object [ffff88040d8253e8]
[    0.345389]      scan-1142 get_device_data       : No context for object [ffff88040d825410]
[    0.345584]      scan-1142 get_device_data       : No context for object [ffff88040d825438]
[    0.345779]      scan-1142 get_device_data       : No context for object [ffff88040d825460]
[    0.345956]      scan-1142 get_device_data       : No context for object [ffff88040d825488]
[    0.346147]      scan-1142 get_device_data       : No context for object [ffff88040d8254b0]
[    0.346336]      scan-1142 get_device_data       : No context for object [ffff88040d8254d8]
[    0.346528]      scan-1142 get_device_data       : No context for object [ffff88040d825500]
[    0.346795]      scan-1142 get_device_data       : No context for object [ffff88040d825528]
[    0.346942]      scan-1142 get_device_data       : No context for object [ffff88040d825550]
[    0.347119]      scan-1142 get_device_data       : No context for object [ffff88040d825578]
[    0.347307]      scan-1142 get_device_data       : No context for object [ffff88040d8255a0]
[    0.347496]      scan-1142 get_device_data       : No context for object [ffff88040d8255c8]
[    0.347694]      scan-1142 get_device_data       : No context for object [ffff88040d8255f0]
[    0.347889]     utils-0051 util_eval_error       : Evaluate [\_SB_.PCI0.PB5_.XPDV._STA]: AE_NOT_FOUND
[    0.348108] device: 'device:0c': device_add
[    0.348166] bus: 'acpi': add device device:0c
[    0.348236]      scan-1934 add_single_object     : Added device:0c [\_SB_.PCI0.PB5_.XPDV] parent device:0b
[    0.348429]      scan-1142 get_device_data       : No context for object [ffff88040d825618]
[    0.348622]      scan-1142 get_device_data       : No context for object [ffff88040d825640]
[    0.348818]      scan-1142 get_device_data       : No context for object [ffff88040d825668]
[    0.348969]      scan-1142 get_device_data       : No context for object [ffff88040d825690]
[    0.349146]      scan-1142 get_device_data       : No context for object [ffff88040d8256b8]
[    0.349338]      scan-1142 get_device_data       : No context for object [ffff88040d837528]
[    0.349530]      scan-1142 get_device_data       : No context for object [ffff88040d8256e0]
[    0.349728]      scan-1142 get_device_data       : No context for object [ffff88040d825708]
[    0.349906]     utils-0051 util_eval_error       : Evaluate [\_SB_.PCI0.PB6_._STA]: AE_NOT_FOUND
[    0.350162] device: 'device:0d': device_add
[    0.350221] bus: 'acpi': add device device:0d
[    0.350297]      scan-1934 add_single_object     : Added device:0d [\_SB_.PCI0.PB6_] parent PNP0A08:00
[    0.350495]      scan-1142 get_device_data       : No context for object [ffff88040d825730]
[    0.350692]      scan-1142 get_device_data       : No context for object [ffff88040d825758]
[    0.350889]      scan-1142 get_device_data       : No context for object [ffff88040d825780]
[    0.351087]      scan-1142 get_device_data       : No context for object [ffff88040d8257a8]
[    0.351279]      scan-1142 get_device_data       : No context for object [ffff88040d8257d0]
[    0.351473]      scan-1142 get_device_data       : No context for object [ffff88040d8257f8]
[    0.351671]      scan-1142 get_device_data       : No context for object [ffff88040d825820]
[    0.351869]      scan-1142 get_device_data       : No context for object [ffff88040d825848]
[    0.352046]      scan-1142 get_device_data       : No context for object [ffff88040d825870]
[    0.352238]      scan-1142 get_device_data       : No context for object [ffff88040d825898]
[    0.352430]      scan-1142 get_device_data       : No context for object [ffff88040d8258c0]
[    0.352627]      scan-1142 get_device_data       : No context for object [ffff88040d8258e8]
[    0.352824]      scan-1142 get_device_data       : No context for object [ffff88040d825910]
[    0.352976]      scan-1142 get_device_data       : No context for object [ffff88040d825938]
[    0.353153]      scan-1142 get_device_data       : No context for object [ffff88040d825960]
[    0.353335]      scan-1142 get_device_data       : No context for object [ffff88040d825988]
[    0.353528]      scan-1142 get_device_data       : No context for object [ffff88040d8259b0]
[    0.353726]      scan-1142 get_device_data       : No context for object [ffff88040d8259d8]
[    0.353903]      scan-1142 get_device_data       : No context for object [ffff88040d825a00]
[    0.354102]      scan-1142 get_device_data       : No context for object [ffff88040d825a28]
[    0.354294]      scan-1142 get_device_data       : No context for object [ffff88040d825a50]
[    0.354489]      scan-1142 get_device_data       : No context for object [ffff88040d825a78]
[    0.354686]      scan-1142 get_device_data       : No context for object [ffff88040d825aa0]
[    0.354883]      scan-1142 get_device_data       : No context for object [ffff88040d825ac8]
[    0.355080]      scan-1142 get_device_data       : No context for object [ffff88040d825af0]
[    0.355272]      scan-1142 get_device_data       : No context for object [ffff88040d825b18]
[    0.355463]      scan-1142 get_device_data       : No context for object [ffff88040d825b40]
[    0.355661]      scan-1142 get_device_data       : No context for object [ffff88040d825b68]
[    0.355858]      scan-1142 get_device_data       : No context for object [ffff88040d825b90]
[    0.356035]      scan-1142 get_device_data       : No context for object [ffff88040d825bb8]
[    0.356230]      scan-1142 get_device_data       : No context for object [ffff88040d825be0]
[    0.356424]     utils-0051 util_eval_error       : Evaluate [\_SB_.PCI0.PB6_.XPDV._STA]: AE_NOT_FOUND
[    0.356674] device: 'device:0e': device_add
[    0.356785] bus: 'acpi': add device device:0e
[    0.356867]      scan-1934 add_single_object     : Added device:0e [\_SB_.PCI0.PB6_.XPDV] parent device:0d
[    0.357055]      scan-1142 get_device_data       : No context for object [ffff88040d825c08]
[    0.357252]      scan-1142 get_device_data       : No context for object [ffff88040d825c30]
[    0.357444]      scan-1142 get_device_data       : No context for object [ffff88040d825c58]
[    0.357636]      scan-1142 get_device_data       : No context for object [ffff88040d825c80]
[    0.357834]      scan-1142 get_device_data       : No context for object [ffff88040d825ca8]
[    0.357985]      scan-1142 get_device_data       : No context for object [ffff88040d837550]
[    0.359193]      scan-1142 get_device_data       : No context for object [ffff88040d825cd0]
[    0.359388]      scan-1142 get_device_data       : No context for object [ffff88040d825cf8]
[    0.359581]     utils-0051 util_eval_error       : Evaluate [\_SB_.PCI0.PB7_._STA]: AE_NOT_FOUND
[    0.359875] device: 'device:0f': device_add
[    0.359938] bus: 'acpi': add device device:0f
[    0.360023]      scan-1934 add_single_object     : Added device:0f [\_SB_.PCI0.PB7_] parent PNP0A08:00
[    0.360205]      scan-1142 get_device_data       : No context for object [ffff88040d825d20]
[    0.360402]      scan-1142 get_device_data       : No context for object [ffff88040d825d48]
[    0.360594]      scan-1142 get_device_data       : No context for object [ffff88040d825d70]
[    0.360788]      scan-1142 get_device_data       : No context for object [ffff88040d825d98]
[    0.360965]      scan-1142 get_device_data       : No context for object [ffff88040d825dc0]
[    0.361163]      scan-1142 get_device_data       : No context for object [ffff88040d825de8]
[    0.361361]      scan-1142 get_device_data       : No context for object [ffff88040d825e10]
[    0.361549]      scan-1142 get_device_data       : No context for object [ffff88040d825e38]
[    0.361739]      scan-1142 get_device_data       : No context for object [ffff88040d825e60]
[    0.361920]      scan-1142 get_device_data       : No context for object [ffff88040d825e88]
[    0.362115]      scan-1142 get_device_data       : No context for object [ffff88040d825eb0]
[    0.362310]      scan-1142 get_device_data       : No context for object [ffff88040d825ed8]
[    0.362502]      scan-1142 get_device_data       : No context for object [ffff88040d825f00]
[    0.362691]      scan-1142 get_device_data       : No context for object [ffff88040d825f28]
[    0.362883]      scan-1142 get_device_data       : No context for object [ffff88040d825f50]
[    0.363060]      scan-1142 get_device_data       : No context for object [ffff88040d825f78]
[    0.363254]      scan-1142 get_device_data       : No context for object [ffff88040d825fa0]
[    0.363335]      scan-1142 get_device_data       : No context for object [ffff88040d825fc8]
[    0.363523]      scan-1142 get_device_data       : No context for object [ffff88040d827000]
[    0.363713]      scan-1142 get_device_data       : No context for object [ffff88040d827028]
[    0.363862]      scan-1142 get_device_data       : No context for object [ffff88040d827050]
[    0.364039]      scan-1142 get_device_data       : No context for object [ffff88040d827078]
[    0.364233]      scan-1142 get_device_data       : No context for object [ffff88040d8270a0]
[    0.364423]      scan-1142 get_device_data       : No context for object [ffff88040d8270c8]
[    0.364612]      scan-1142 get_device_data       : No context for object [ffff88040d8270f0]
[    0.364804]      scan-1142 get_device_data       : No context for object [ffff88040d827118]
[    0.364999]      scan-1142 get_device_data       : No context for object [ffff88040d827140]
[    0.365193]      scan-1142 get_device_data       : No context for object [ffff88040d827168]
[    0.365388]      scan-1142 get_device_data       : No context for object [ffff88040d827190]
[    0.365581]      scan-1142 get_device_data       : No context for object [ffff88040d8271b8]
[    0.365775]      scan-1142 get_device_data       : No context for object [ffff88040d8271e0]
[    0.365974]     utils-0051 util_eval_error       : Evaluate [\_SB_.PCI0.PB7_.XPDV._STA]: AE_NOT_FOUND
[    0.366207] device: 'device:10': device_add
[    0.366270] bus: 'acpi': add device device:10
[    0.366346]      scan-1934 add_single_object     : Added device:10 [\_SB_.PCI0.PB7_.XPDV] parent device:0f
[    0.366541]      scan-1142 get_device_data       : No context for object [ffff88040d827208]
[    0.366828]      scan-1142 get_device_data       : No context for object [ffff88040d827230]
[    0.366979]      scan-1142 get_device_data       : No context for object [ffff88040d827258]
[    0.367156]      scan-1142 get_device_data       : No context for object [ffff88040d827280]
[    0.367353]      scan-1142 get_device_data       : No context for object [ffff88040d8272a8]
[    0.367547]      scan-1142 get_device_data       : No context for object [ffff88040d837488]
[    0.367740]      scan-1142 get_device_data       : No context for object [ffff88040d8272d0]
[    0.367914]      scan-1142 get_device_data       : No context for object [ffff88040d8272f8]
[    0.368114]     utils-0051 util_eval_error       : Evaluate [\_SB_.PCI0.OHC1._STA]: AE_NOT_FOUND
[    0.368409] device: 'device:11': device_add
[    0.368470] bus: 'acpi': add device device:11
[    0.368542]      scan-1934 add_single_object     : Added device:11 [\_SB_.PCI0.OHC1] parent PNP0A08:00
[    0.368737]      scan-1142 get_device_data       : No context for object [ffff88040d827320]
[    0.368912]      scan-1142 get_device_data       : No context for object [ffff88040d827348]
[    0.369109]      scan-1142 get_device_data       : No context for object [ffff88040d83b2f8]
[    0.369308]     utils-0051 util_eval_error       : Evaluate [\_SB_.PCI0.OHC1.RHUB._STA]: AE_NOT_FOUND
[    0.369527] device: 'device:12': device_add
[    0.369586] bus: 'acpi': add device device:12
[    0.369657]      scan-1934 add_single_object     : Added device:12 [\_SB_.PCI0.OHC1.RHUB] parent device:11
[    0.369855]      scan-1142 get_device_data       : No context for object [ffff88040d83b320]
[    0.370003]      scan-1142 get_device_data       : No context for object [ffff88040d83b348]
[    0.370201]     utils-0051 util_eval_error       : Evaluate [\_SB_.PCI0.OHC1.RHUB.PRT3._STA]: AE_NOT_FOUND
[    0.370422] device: 'device:13': device_add
[    0.370481] bus: 'acpi': add device device:13
[    0.370554]      scan-1934 add_single_object     : Added device:13 [\_SB_.PCI0.OHC1.RHUB.PRT3] parent device:12
[    0.370754]      scan-1142 get_device_data       : No context for object [ffff88040d83b370]
[    0.370932]      scan-1142 get_device_data       : No context for object [ffff88040d83b398]
[    0.371129]      scan-1142 get_device_data       : No context for object [ffff88040d83b3c0]
[    0.371326]      scan-1142 get_device_data       : No context for object [ffff88040d83b3e8]
[    0.371520]     utils-0051 util_eval_error       : Evaluate [\_SB_.PCI0.OHC1.RHUB.PRT4._STA]: AE_NOT_FOUND
[    0.371748] device: 'device:14': device_add
[    0.371811] bus: 'acpi': add device device:14
[    0.371894]      scan-1934 add_single_object     : Added device:14 [\_SB_.PCI0.OHC1.RHUB.PRT4] parent device:12
[    0.372076]      scan-1142 get_device_data       : No context for object [ffff88040d83b410]
[    0.372274]      scan-1142 get_device_data       : No context for object [ffff88040d83b438]
[    0.372468]      scan-1142 get_device_data       : No context for object [ffff88040d83b460]
[    0.372660]      scan-1142 get_device_data       : No context for object [ffff88040d827370]
[    0.372856]     utils-0051 util_eval_error       : Evaluate [\_SB_.PCI0.EHC1._STA]: AE_NOT_FOUND
[    0.373151] device: 'device:15': device_add
[    0.373214] bus: 'acpi': add device device:15
[    0.373355]      scan-1934 add_single_object     : Added device:15 [\_SB_.PCI0.EHC1] parent PNP0A08:00
[    0.373554]      scan-1142 get_device_data       : No context for object [ffff88040d827398]
[    0.373746]      scan-1142 get_device_data       : No context for object [ffff88040d8273c0]
[    0.373920]      scan-1142 get_device_data       : No context for object [ffff88040d83b028]
[    0.374118]     utils-0051 util_eval_error       : Evaluate [\_SB_.PCI0.EHC1.RHUB._STA]: AE_NOT_FOUND
[    0.374351] device: 'device:16': device_add
[    0.374416] bus: 'acpi': add device device:16
[    0.374491]      scan-1934 add_single_object     : Added device:16 [\_SB_.PCI0.EHC1.RHUB] parent device:15
[    0.374687]      scan-1142 get_device_data       : No context for object [ffff88040d83b050]
[    0.374879]      scan-1142 get_device_data       : No context for object [ffff88040d83b078]
[    0.375059]     utils-0051 util_eval_error       : Evaluate [\_SB_.PCI0.EHC1.RHUB.PRT3._STA]: AE_NOT_FOUND
[    0.375293] device: 'device:17': device_add
[    0.375355] bus: 'acpi': add device device:17
[    0.375439]      scan-1934 add_single_object     : Added device:17 [\_SB_.PCI0.EHC1.RHUB.PRT3] parent device:16
[    0.375640]      scan-1142 get_device_data       : No context for object [ffff88040d83b0a0]
[    0.375832]      scan-1142 get_device_data       : No context for object [ffff88040d83b0c8]
[    0.375979]      scan-1142 get_device_data       : No context for object [ffff88040d83b0f0]
[    0.376156]      scan-1142 get_device_data       : No context for object [ffff88040d83b118]
[    0.376671]     utils-0051 util_eval_error       : Evaluate [\_SB_.PCI0.EHC1.RHUB.PRT4._STA]: AE_NOT_FOUND
[    0.376891] device: 'device:18': device_add
[    0.376950] bus: 'acpi': add device device:18
[    0.377023]      scan-1934 add_single_object     : Added device:18 [\_SB_.PCI0.EHC1.RHUB.PRT4] parent device:16
[    0.377222]      scan-1142 get_device_data       : No context for object [ffff88040d83b140]
[    0.377417]      scan-1142 get_device_data       : No context for object [ffff88040d83b168]
[    0.377612]      scan-1142 get_device_data       : No context for object [ffff88040d83b190]
[    0.377805]      scan-1142 get_device_data       : No context for object [ffff88040d8273e8]
[    0.377995]     utils-0051 util_eval_error       : Evaluate [\_SB_.PCI0.OHC2._STA]: AE_NOT_FOUND
[    0.378223] device: 'device:19': device_add
[    0.378285] bus: 'acpi': add device device:19
[    0.378368]      scan-1934 add_single_object     : Added device:19 [\_SB_.PCI0.OHC2] parent PNP0A08:00
[    0.378549]      scan-1142 get_device_data       : No context for object [ffff88040d827410]
[    0.378744]      scan-1142 get_device_data       : No context for object [ffff88040d827438]
[    0.378938]      scan-1142 get_device_data       : No context for object [ffff88040d83b488]
[    0.379129]     utils-0051 util_eval_error       : Evaluate [\_SB_.PCI0.OHC2.RHUB._STA]: AE_NOT_FOUND
[    0.380013] device: 'device:1a': device_add
[    0.380110] bus: 'acpi': add device device:1a
[    0.380193]      scan-1934 add_single_object     : Added device:1a [\_SB_.PCI0.OHC2.RHUB] parent device:19
[    0.380392]      scan-1142 get_device_data       : No context for object [ffff88040d83b4b0]
[    0.380587]      scan-1142 get_device_data       : No context for object [ffff88040d83b4d8]
[    0.380777]     utils-0051 util_eval_error       : Evaluate [\_SB_.PCI0.OHC2.RHUB.PRT4._STA]: AE_NOT_FOUND
[    0.380971] device: 'device:1b': device_add
[    0.381032] bus: 'acpi': add device device:1b
[    0.381117]      scan-1934 add_single_object     : Added device:1b [\_SB_.PCI0.OHC2.RHUB.PRT4] parent device:1a
[    0.381317]      scan-1142 get_device_data       : No context for object [ffff88040d83b500]
[    0.381512]      scan-1142 get_device_data       : No context for object [ffff88040d83b528]
