[    0.000000] Initializing cgroup subsys cpuset
[    0.000000] Initializing cgroup subsys cpu
[    0.000000] Initializing cgroup subsys cpuacct
[    0.000000] Linux version 3.17.0-rc5-g9e82bf0 (emacs@manji) (gcc version 4.9.1 (GCC) ) #94 SMP Mon Sep 15 21:15:56 CEST 2014
[    0.000000] Command line: BOOT_IMAGE=/vmlinuz-linux-git root=UUID=bfa4ab6e-19a3-4601-ba2b-267c55841c73 rw cryptdevice=/dev/disk/by-uuid/70c08890-417a-497d-b6ab-c0d0357a63e2:cryptManjaro:allow-discards ipv6.disable=1 pnp.debug=1 loglevel=9 log_buf_len=10M printk.always_kmsg_dump=y printk.time=y mminit_loglevel=0 memory_corruption_check=1 acpi.debug_layer=0xfbff0000 acpi.debug_level=0xFFFFFFFD nohz=on rcu_nocbs=1-3 pcie_aspm=force fbcon=scrollback:4096k fbcon=font:ProFont6x11 radeon.audio=0 radeon.lockup_timeout=0 radeon.test=0 radeon.agpmode=-1 radeon.benchmark=0 radeon.tv=0 radeon.hard_reset=1 radeon.aspm=1 radeon.dpm=1 radeon.msi=1 radeon.pcie_gen2=-1 radeon.no_wb=1 radeon.modeset=1 radeon.dynclks=1 radeon.r4xx_atom=0 radeon.runpm=0 radeonfb radeon.fastfb=1 nomodeset apic=debug earlyprintk=dbgp
[    0.000000] KERNEL supported cpus:
[    0.000000]   AMD AuthenticAMD
[    0.000000] tseg: 00bfe00000
[    0.000000] e820: BIOS-provided physical RAM map:
[    0.000000] BIOS-e820: [mem 0x0000000000000000-0x000000000009d7ff] usable
[    0.000000] BIOS-e820: [mem 0x000000000009d800-0x000000000009ffff] reserved
[    0.000000] BIOS-e820: [mem 0x00000000000e0000-0x00000000000fffff] reserved
[    0.000000] BIOS-e820: [mem 0x0000000000100000-0x00000000bed9afff] usable
[    0.000000] BIOS-e820: [mem 0x00000000bed9b000-0x00000000bf39afff] reserved
[    0.000000] BIOS-e820: [mem 0x00000000bf39b000-0x00000000bf49afff] ACPI NVS
[    0.000000] BIOS-e820: [mem 0x00000000bf49b000-0x00000000bf51afff] ACPI data
[    0.000000] BIOS-e820: [mem 0x00000000bf51b000-0x00000000bfdfffff] usable
[    0.000000] BIOS-e820: [mem 0x00000000bfe00000-0x00000000bfffffff] reserved
[    0.000000] BIOS-e820: [mem 0x00000000fec00000-0x00000000fecfffff] reserved
[    0.000000] BIOS-e820: [mem 0x00000000fed80000-0x00000000fed80fff] reserved
[    0.000000] BIOS-e820: [mem 0x00000000ffe00000-0x00000000ffffffff] reserved
[    0.000000] BIOS-e820: [mem 0x0000000100000000-0x000000041effffff] usable
[    0.000000] early_pci_allowed
[    0.000000] dbgp_num: 0
[    0.000000] Found EHCI debug port on 00:12.2
[    0.000000] bar: 10 offset: 0e0
[    0.000000] bar_val: f014a900 offset: 0e0
[    0.000000] ehci_bar: ffffffffff5ff900
[    0.000000] dbgp: ehci BIOS state 00010001
[    0.000000] dbgp: BIOS handoff
[    0.000000] disabled EHCI SMI via usb
[    0.000000] debug_port: 1
[    0.000000] n_ports:    5
[    0.000000] dbgp: 
[    0.000000]   Debug control: 00000000  ehci cmd     : 00080b00  ehci conf flg: 00000000
[    0.000000]   ehci status  : 00001000  ehci portsc  : 00003000
[    0.000000] portstatus1: 00003000
[    0.000000] portstatus2: 00003000
[    0.000000] portstatus3: 00003000
[    0.000000] portstatus4: 00003000
[    0.000000] portstatus5: 00003000
[    0.000000] dbgp: ehci reset done
[    0.000000]   Debug control: 00000000  ehci cmd     : 00080b00  ehci conf flg: 00000000
[    0.000000]   ehci status  : 00001000  ehci portsc  : 00003000
[    0.000000] dbgp: EHCI startup
[    0.000000]   Debug control: 40000000  ehci cmd     : 00080b00  ehci conf flg: 00000000
[    0.000000]   ehci status  : 00001000  ehci portsc  : 00003000
[    0.000000] ehci started
[    0.000000] dbgp: reset port
[    0.000000]   Debug control: 40000000  ehci cmd     : 00080b01  ehci conf flg: 00000001
[    0.000000]   ehci status  : 00000000  ehci portsc  : 00001000
[    0.000000] dbgp: Trying to force debug port online
[    0.000000]   Debug control: 40000000  ehci cmd     : 00080b00  ehci conf flg: 00000001
[    0.000000]   ehci status  : 00000008  ehci portsc  : 00041880
[    0.000000] dbgp: ehci reset done
[    0.000000]   Debug control: 00000000  ehci cmd     : 00080b00  ehci conf flg: 00000000
[    0.000000]   ehci status  : 00001000  ehci portsc  : 00003000
[    0.000000] dbgp: EHCI startup
[    0.000000]   Debug control: 40000000  ehci cmd     : 00080b00  ehci conf flg: 00000000
[    0.000000]   ehci status  : 00001000  ehci portsc  : 00003000
[    0.000000] ehci started
[    0.000000] dbgp: reset port
[    0.000000]   Debug control: 40000000  ehci cmd     : 00080b01  ehci conf flg: 00000001
[    0.000000]   ehci status  : 00000000  ehci portsc  : 00001000
[    0.000000] dbgp: EHCI startup
[    0.000000]   Debug control: 40000000  ehci cmd     : 00080b01  ehci conf flg: 00000001
[    0.000000]   ehci status  : 00000008  ehci portsc  : 00001000
[    0.000000] ehci started
[    0.000000] dbgp: reset port
[    0.000000]   Debug control: 40000000  ehci cmd     : 00080b01  ehci conf flg: 00000001
[    0.000000]   ehci status  : 00000008  ehci portsc  : 00001000
[    0.000000] No device found in debug port
[    0.000000] debug_port: 1
[    0.000000] n_ports:    5
[    0.000000] dbgp: 
[    0.000000]   Debug control: 40000000  ehci cmd     : 00080b01  ehci conf flg: 00000001
[    0.000000]   ehci status  : 00000008  ehci portsc  : 00001000
[    0.000000] portstatus1: 00001000
[    0.000000] portstatus2: 00001000
[    0.000000] portstatus3: 00001803
[    0.000000] portstatus4: 00001000
[    0.000000] portstatus5: 00001000
[    0.000000] debug_port: 1
[    0.000000] n_ports:    5
[    0.000000] dbgp: 
[    0.000000]   Debug control: 40000000  ehci cmd     : 00080b01  ehci conf flg: 00000001
[    0.000000]   ehci status  : 00000008  ehci portsc  : 00001000
[    0.000000] portstatus1: 00001000
[    0.000000] portstatus2: 00001000
[    0.000000] portstatus3: 00001803
[    0.000000] portstatus4: 00001000
[    0.000000] portstatus5: 00001000
[    0.000000] dbgp: ehci skip - already configured
[    0.000000]   Debug control: 40000000  ehci cmd     : 00080b01  ehci conf flg: 00000001
[    0.000000]   ehci status  : 00000008  ehci portsc  : 00001000
[    0.000000] dbgp: EHCI startup
[    0.000000]   Debug control: 40000000  ehci cmd     : 00080b01  ehci conf flg: 00000001
[    0.000000]   ehci status  : 00000008  ehci portsc  : 00001000
[    0.000000] ehci started
[    0.000000] dbgp: reset port
[    0.000000]   Debug control: 40000000  ehci cmd     : 00080b01  ehci conf flg: 00000001
[    0.000000]   ehci status  : 00000008  ehci portsc  : 00001000
[    0.000000] dbgp: Trying to force debug port online
[    0.000000]   Debug control: 40000000  ehci cmd     : 00080b00  ehci conf flg: 00000001
[    0.000000]   ehci status  : 00000008  ehci portsc  : 00041880
[    0.000000] dbgp: ehci reset done
[    0.000000]   Debug control: 00000000  ehci cmd     : 00080b00  ehci conf flg: 00000000
[    0.000000]   ehci status  : 00001000  ehci portsc  : 00003000
[    0.000000] dbgp: EHCI startup
[    0.000000]   Debug control: 40000000  ehci cmd     : 00080b00  ehci conf flg: 00000000
[    0.000000]   ehci status  : 00001000  ehci portsc  : 00003000
[    0.000000] ehci started
[    0.000000] dbgp: reset port
[    0.000000]   Debug control: 40000000  ehci cmd     : 00080b01  ehci conf flg: 00000001
[    0.000000]   ehci status  : 00000000  ehci portsc  : 00001000
[    0.000000] dbgp: EHCI startup
[    0.000000]   Debug control: 40000000  ehci cmd     : 00080b01  ehci conf flg: 00000001
[    0.000000]   ehci status  : 00000008  ehci portsc  : 00001000
[    0.000000] ehci started
[    0.000000] dbgp: reset port
[    0.000000]   Debug control: 40000000  ehci cmd     : 00080b01  ehci conf flg: 00000001
[    0.000000]   ehci status  : 00000008  ehci portsc  : 00001000
[    0.000000] No device found in debug port
[    0.000000] debug_port: 1
[    0.000000] n_ports:    5
[    0.000000] dbgp: 
[    0.000000]   Debug control: 40000000  ehci cmd     : 00080b01  ehci conf flg: 00000001
[    0.000000]   ehci status  : 00000008  ehci portsc  : 00001000
[    0.000000] portstatus1: 00001000
[    0.000000] portstatus2: 00001000
[    0.000000] portstatus3: 00001803
[    0.000000] portstatus4: 00001000
[    0.000000] portstatus5: 00001000
[    0.000000] debug_port: 1
[    0.000000] n_ports:    5
[    0.000000] dbgp: 
[    0.000000]   Debug control: 40000000  ehci cmd     : 00080b01  ehci conf flg: 00000001
[    0.000000]   ehci status  : 00000008  ehci portsc  : 00001000
[    0.000000] portstatus1: 00001000
[    0.000000] portstatus2: 00001000
[    0.000000] portstatus3: 00001803
[    0.000000] portstatus4: 00001000
[    0.000000] portstatus5: 00001000
[    0.000000] dbgp: ehci skip - already configured
[    0.000000]   Debug control: 40000000  ehci cmd     : 00080b01  ehci conf flg: 00000001
[    0.000000]   ehci status  : 00000008  ehci portsc  : 00001000
[    0.000000] dbgp: EHCI startup
[    0.000000]   Debug control: 40000000  ehci cmd     : 00080b01  ehci conf flg: 00000001
[    0.000000]   ehci status  : 00000008  ehci portsc  : 00001000
[    0.000000] ehci started
[    0.000000] dbgp: reset port
[    0.000000]   Debug control: 40000000  ehci cmd     : 00080b01  ehci conf flg: 00000001
[    0.000000]   ehci status  : 00000008  ehci portsc  : 00001000
[    0.000000] dbgp: Trying to force debug port online
[    0.000000]   Debug control: 40000000  ehci cmd     : 00080b00  ehci conf flg: 00000001
[    0.000000]   ehci status  : 00000008  ehci portsc  : 00041880
[    0.000000] dbgp: ehci reset done
[    0.000000]   Debug control: 00000000  ehci cmd     : 00080b00  ehci conf flg: 00000000
[    0.000000]   ehci status  : 00001000  ehci portsc  : 00003000
[    0.000000] dbgp: EHCI startup
[    0.000000]   Debug control: 40000000  ehci cmd     : 00080b00  ehci conf flg: 00000000
[    0.000000]   ehci status  : 00001000  ehci portsc  : 00003000
[    0.000000] ehci started
[    0.000000] dbgp: reset port
[    0.000000]   Debug control: 40000000  ehci cmd     : 00080b01  ehci conf flg: 00000001
[    0.000000]   ehci status  : 00000000  ehci portsc  : 00001000
[    0.000000] dbgp: EHCI startup
[    0.000000]   Debug control: 40000000  ehci cmd     : 00080b01  ehci conf flg: 00000001
[    0.000000]   ehci status  : 00000008  ehci portsc  : 00001000
[    0.000000] ehci started
[    0.000000] dbgp: reset port
[    0.000000]   Debug control: 40000000  ehci cmd     : 00080b01  ehci conf flg: 00000001
[    0.000000]   ehci status  : 00000008  ehci portsc  : 00001000
[    0.000000] No device found in debug port
[    0.000000] debug_port: 1
[    0.000000] n_ports:    5
[    0.000000] dbgp: 
[    0.000000]   Debug control: 40000000  ehci cmd     : 00080b01  ehci conf flg: 00000001
[    0.000000]   ehci status  : 00000008  ehci portsc  : 00001000
[    0.000000] portstatus1: 00001000
[    0.000000] portstatus2: 00001000
[    0.000000] portstatus3: 00001803
[    0.000000] portstatus4: 00001000
[    0.000000] portstatus5: 00001000
[    0.000000] ehci_setup failed
[    0.000000] NX (Execute Disable) protection: active
[    0.000000] SMBIOS 2.6 present.
[    0.000000] DMI: LENOVO Sabine/Torpedo, BIOS 54CN18WW 07/20/2011
[    0.000000] e820: update [mem 0x00000000-0x00000fff] usable ==> reserved
[    0.000000] e820: remove [mem 0x000a0000-0x000fffff] usable
[    0.000000] e820: last_pfn = 0x41f000 max_arch_pfn = 0x400000000
[    0.000000] MTRR default type: uncachable
[    0.000000] MTRR fixed ranges enabled:
[    0.000000]   00000-9FFFF write-back
[    0.000000]   A0000-BFFFF uncachable
[    0.000000]   C0000-FFFFF write-protect
[    0.000000] MTRR variable ranges enabled:
[    0.000000]   0 base 0000000000 mask FF80000000 write-back
[    0.000000]   1 base 0080000000 mask FFC0000000 write-back
[    0.000000]   2 base 00FFF90000 mask FFFFFF0000 uncachable
[    0.000000]   3 base 00FED80000 mask 0FFFFFF000 uncachable
[    0.000000]   4 disabled
[    0.000000]   5 disabled
[    0.000000]   6 disabled
[    0.000000]   7 base 00FFE00000 mask FFFFE00000 write-protect
[    0.000000] TOM2: 000000041f000000 aka 16880M
[    0.000000] mtrr: your BIOS has configured an incorrect mask, fixing it.
[    0.000000] e820: last_pfn = 0xbfe00 max_arch_pfn = 0x400000000
[    0.000000] Scan for SMP in [mem 0x00000000-0x000003ff]
[    0.000000] Scan for SMP in [mem 0x0009fc00-0x0009ffff]
[    0.000000] Scan for SMP in [mem 0x000f0000-0x000fffff]
[    0.000000] found SMP MP-table at [mem 0x000fa8b0-0x000fa8bf] mapped at [ffff8800000fa8b0]
[    0.000000]   mpc: fa8c0-faa24
[    0.000000] Base memory trampoline at [ffff880000097000] 97000 size 24576
[    0.000000] Using GB pages for direct mapping
[    0.000000] init_memory_mapping: [mem 0x00000000-0x000fffff]
[    0.000000]  [mem 0x00000000-0x000fffff] page 4k
[    0.000000] BRK [0x01e1e000, 0x01e1efff] PGTABLE
[    0.000000] BRK [0x01e1f000, 0x01e1ffff] PGTABLE
[    0.000000] BRK [0x01e20000, 0x01e20fff] PGTABLE
[    0.000000] init_memory_mapping: [mem 0x41ee00000-0x41effffff]
[    0.000000]  [mem 0x41ee00000-0x41effffff] page 2M
[    0.000000] BRK [0x01e21000, 0x01e21fff] PGTABLE
[    0.000000] init_memory_mapping: [mem 0x41c000000-0x41edfffff]
[    0.000000]  [mem 0x41c000000-0x41edfffff] page 2M
[    0.000000] init_memory_mapping: [mem 0x400000000-0x41bffffff]
[    0.000000]  [mem 0x400000000-0x41bffffff] page 2M
[    0.000000] init_memory_mapping: [mem 0x00100000-0xbed9afff]
[    0.000000]  [mem 0x00100000-0x001fffff] page 4k
[    0.000000]  [mem 0x00200000-0x3fffffff] page 2M
[    0.000000]  [mem 0x40000000-0x7fffffff] page 1G
[    0.000000]  [mem 0x80000000-0xbebfffff] page 2M
[    0.000000]  [mem 0xbec00000-0xbed9afff] page 4k
[    0.000000] init_memory_mapping: [mem 0xbf51b000-0xbfdfffff]
[    0.000000]  [mem 0xbf51b000-0xbf5fffff] page 4k
[    0.000000]  [mem 0xbf600000-0xbfdfffff] page 2M
[    0.000000] BRK [0x01e22000, 0x01e22fff] PGTABLE
[    0.000000] init_memory_mapping: [mem 0x100000000-0x3ffffffff]
[    0.000000]  [mem 0x100000000-0x3ffffffff] page 1G
[    0.000000] log_buf_len: 16777216 bytes
[    0.000000] early log buf free: 2082960(99%)
[    0.000000] RAMDISK: [mem 0x3781c000-0x37c05fff]
[    0.000000] ACPI: Early table checksum verification disabled
[    0.000000] ACPI: RSDP 0x00000000000F0110 000024 (v02 LENOVO)
[    0.000000] ACPI: XSDT 0x00000000BF51A120 000074 (v01 LENOVO CB-01    00000001 LENO 00000001)
[    0.000000] ACPI: FACP 0x00000000BF508000 0000F4 (v04 LENOVO CB-01    00000001 PTL  00000001)
[    0.000000] ACPI: DSDT 0x00000000BF50A000 00FD10 (v01 LENOVO CB-01    00001000 LENO 00000001)
[    0.000000] ACPI: FACS 0x00000000BF478000 000040
[    0.000000] ACPI: HPET 0x00000000BF507000 000038 (v01 LENOVO CB-01    00000001 PTL  00000001)
[    0.000000] ACPI: APIC 0x00000000BF506000 00007A (v02 LENOVO CB-01    00000001 PTL  00000001)
[    0.000000] ACPI: MCFG 0x00000000BF505000 00003C (v01 LENOVO CB-01    00000001 PTL  00000001)
[    0.000000] ACPI: SLIC 0x00000000BF504000 000176 (v01 LENOVO CB-01    00000001 LENO 00000001)
[    0.000000] ACPI: UEFI 0x00000000BF503000 00003E (v01 LENOVO CB-01    00000001 PTL  00000001)
[    0.000000] ACPI: UEFI 0x00000000BF502000 000042 (v01 PTL    COMBUF   00000001 PTL  00000001)
[    0.000000] ACPI: SSDT 0x00000000BF501000 000E34 (v01 AMD    POWERNOW 00000001 AMD  00000001)
[    0.000000] ACPI: SSDT 0x00000000BF4FF000 00193D (v02 AMD    ALIB     00000001 MSFT 04000000)
[    0.000000] ACPI: UEFI 0x00000000BF4FE000 00021A (v01 LENOVO CB-01    00000001 PTL  00000001)
[    0.000000] ACPI: Local APIC address 0xfee00000
[    0.000000] mapped APIC to ffffffffff5fd000 (        fee00000)
[    0.000000] No NUMA configuration found
[    0.000000] Faking a node at [mem 0x0000000000000000-0x000000041effffff]
[    0.000000] Initmem setup node 0 [mem 0x00000000-0x41effffff]
[    0.000000]   NODE_DATA [mem 0x41dffa000-0x41dffdfff]
[    0.000000]  [ffffea0000000000-ffffea00107fffff] PMD -> [ffff88040de00000-ffff88041d5fffff] on node 0
[    0.000000] Zone ranges:
[    0.000000]   DMA      [mem 0x00001000-0x00ffffff]
[    0.000000]   DMA32    [mem 0x01000000-0xffffffff]
[    0.000000]   Normal   [mem 0x100000000-0x41effffff]
[    0.000000] Movable zone start for each node
[    0.000000] Early memory node ranges
[    0.000000]   node   0: [mem 0x00001000-0x0009cfff]
[    0.000000]   node   0: [mem 0x00100000-0xbed9afff]
[    0.000000]   node   0: [mem 0xbf51b000-0xbfdfffff]
[    0.000000]   node   0: [mem 0x100000000-0x41effffff]
[    0.000000] On node 0 totalpages: 4056604
[    0.000000]   DMA zone: 64 pages used for memmap
[    0.000000]   DMA zone: 21 pages reserved
[    0.000000]   DMA zone: 3996 pages, LIFO batch:0
[    0.000000]   DMA32 zone: 12186 pages used for memmap
[    0.000000]   DMA32 zone: 779904 pages, LIFO batch:31
[    0.000000]   Normal zone: 51136 pages used for memmap
[    0.000000]   Normal zone: 3272704 pages, LIFO batch:31
[    0.000000] ACPI: PM-Timer IO Port: 0x808
[    0.000000] ACPI: Local APIC address 0xfee00000
[    0.000000] mapped APIC to ffffffffff5fd000 (        fee00000)
[    0.000000] ACPI: LAPIC (acpi_id[0x00] lapic_id[0x00] enabled)
[    0.000000] ACPI: LAPIC (acpi_id[0x01] lapic_id[0x01] enabled)
[    0.000000] ACPI: LAPIC (acpi_id[0x02] lapic_id[0x02] enabled)
[    0.000000] ACPI: LAPIC (acpi_id[0x03] lapic_id[0x03] enabled)
[    0.000000] ACPI: LAPIC_NMI (acpi_id[0x00] high edge lint[0x1])
[    0.000000] ACPI: LAPIC_NMI (acpi_id[0x01] high edge lint[0x1])
[    0.000000] ACPI: LAPIC_NMI (acpi_id[0x02] high edge lint[0x1])
[    0.000000] ACPI: LAPIC_NMI (acpi_id[0x03] high edge lint[0x1])
[    0.000000] ACPI: IOAPIC (id[0x02] address[0xfec00000] gsi_base[0])
[    0.000000] IOAPIC[0]: apic_id 2, version 33, address 0xfec00000, GSI 0-23
[    0.000000] ACPI: INT_SRC_OVR (bus 0 bus_irq 0 global_irq 2 dfl dfl)
[    0.000000] Int: type 0, pol 0, trig 0, bus 00, IRQ 00, APIC ID 2, APIC INT 02
[    0.000000] Int: type 0, pol 3, trig 3, bus 00, IRQ 09, APIC ID 2, APIC INT 09
[    0.000000] ACPI: IRQ0 used by override.
[    0.000000] Int: type 0, pol 0, trig 0, bus 00, IRQ 01, APIC ID 2, APIC INT 01
[    0.000000] Int: type 0, pol 0, trig 0, bus 00, IRQ 03, APIC ID 2, APIC INT 03
[    0.000000] Int: type 0, pol 0, trig 0, bus 00, IRQ 04, APIC ID 2, APIC INT 04
[    0.000000] Int: type 0, pol 0, trig 0, bus 00, IRQ 05, APIC ID 2, APIC INT 05
[    0.000000] Int: type 0, pol 0, trig 0, bus 00, IRQ 06, APIC ID 2, APIC INT 06
[    0.000000] Int: type 0, pol 0, trig 0, bus 00, IRQ 07, APIC ID 2, APIC INT 07
[    0.000000] Int: type 0, pol 0, trig 0, bus 00, IRQ 08, APIC ID 2, APIC INT 08
[    0.000000] ACPI: IRQ9 used by override.
[    0.000000] Int: type 0, pol 0, trig 0, bus 00, IRQ 0a, APIC ID 2, APIC INT 0a
[    0.000000] Int: type 0, pol 0, trig 0, bus 00, IRQ 0b, APIC ID 2, APIC INT 0b
[    0.000000] Int: type 0, pol 0, trig 0, bus 00, IRQ 0c, APIC ID 2, APIC INT 0c
[    0.000000] Int: type 0, pol 0, trig 0, bus 00, IRQ 0d, APIC ID 2, APIC INT 0d
[    0.000000] Int: type 0, pol 0, trig 0, bus 00, IRQ 0e, APIC ID 2, APIC INT 0e
[    0.000000] Int: type 0, pol 0, trig 0, bus 00, IRQ 0f, APIC ID 2, APIC INT 0f
[    0.000000] Using ACPI (MADT) for SMP configuration information
[    0.000000] ACPI: HPET id: 0x43538210 base: 0xfed00000
[    0.000000] smpboot: Allowing 4 CPUs, 0 hotplug CPUs
[    0.000000] mapped IOAPIC to ffffffffff5fc000 (fec00000)
[    0.000000] e820: [mem 0xc0000000-0xfebfffff] available for PCI devices
[    0.000000] setup_percpu: NR_CPUS:64 nr_cpumask_bits:64 nr_cpu_ids:4 nr_node_ids:1
[    0.000000] PERCPU: Embedded 27 pages/cpu @ffff88041dc00000 s80256 r8192 d22144 u524288
[    0.000000] pcpu-alloc: s80256 r8192 d22144 u524288 alloc=1*2097152
[    0.000000] pcpu-alloc: [0] 0 1 2 3 
[    0.000000] Built 1 zonelists in Zone order, mobility grouping on.  Total pages: 3993197
[    0.000000] Policy zone: Normal
[    0.000000] Kernel command line: BOOT_IMAGE=/vmlinuz-linux-git root=UUID=bfa4ab6e-19a3-4601-ba2b-267c55841c73 rw cryptdevice=/dev/disk/by-uuid/70c08890-417a-497d-b6ab-c0d0357a63e2:cryptManjaro:allow-discards ipv6.disable=1 pnp.debug=1 loglevel=9 log_buf_len=10M printk.always_kmsg_dump=y printk.time=y mminit_loglevel=0 memory_corruption_check=1 acpi.debug_layer=0xfbff0000 acpi.debug_level=0xFFFFFFFD nohz=on rcu_nocbs=1-3 pcie_aspm=force fbcon=scrollback:4096k fbcon=font:ProFont6x11 radeon.audio=0 radeon.lockup_timeout=0 radeon.test=0 radeon.agpmode=-1 radeon.benchmark=0 radeon.tv=0 radeon.hard_reset=1 radeon.aspm=1 radeon.dpm=1 radeon.msi=1 radeon.pcie_gen2=-1 radeon.no_wb=1 radeon.modeset=1 radeon.dynclks=1 radeon.r4xx_atom=0 radeon.runpm=0 radeonfb radeon.fastfb=1 nomodeset apic=debug earlyprintk=dbgp
[    0.000000] PCIe ASPM is forcibly enabled
[    0.000000] PID hash table entries: 4096 (order: 3, 32768 bytes)
[    0.000000] Memory: 15870840K/16226416K available (5261K kernel code, 722K rwdata, 2208K rodata, 848K init, 2616K bss, 355576K reserved)
[    0.000000] SLUB: HWalign=64, Order=0-3, MinObjects=0, CPUs=4, Nodes=1
[    0.000000] Hierarchical RCU implementation.
[    0.000000] 	RCU dyntick-idle grace-period acceleration is enabled.
[    0.000000] 	Additional per-CPU info printed with stalls.
[    0.000000] 	RCU restricting CPUs from NR_CPUS=64 to nr_cpu_ids=4.
[    0.000000] 	Offload RCU callbacks from all CPUs
[    0.000000] 	Offload RCU callbacks from CPUs: 0-3.
[    0.000000] RCU: Adjusting geometry for rcu_fanout_leaf=16, nr_cpu_ids=4
[    0.000000] NR_IRQS:4352 nr_irqs:456 0
[    0.000000] spurious 8259A interrupt: IRQ7.
[    0.000000] vgacon: allocated 4194304 bytes of memory for scrollback. CONFIG_VGACON_SOFT_SCROLLBACK_SIZE=4096
[    0.000000] Console: colour VGA+ 80x25
[    0.000000] console [tty0] enabled
[    0.000000] allocated 65011712 bytes of page_cgroup
[    0.000000] please try 'cgroup_disable=memory' option if you don't want memory cgroups
[    0.000000] hpet clockevent registered
[    0.000000] tsc: Fast TSC calibration using PIT
[    0.000000] tsc: Detected 1397.456 MHz processor
[    0.000062] Calibrating delay loop (skipped), value calculated using timer frequency.. 2796.36 BogoMIPS (lpj=4658186)
[    0.000194] pid_max: default: 32768 minimum: 301
[    0.000269] ACPI: Core revision 20140724
[    0.025070] ACPI: All ACPI Tables successfully acquired
[    0.026291] Security Framework initialized
[    0.027973] Dentry cache hash table entries: 2097152 (order: 12, 16777216 bytes)
[    0.034781] Inode-cache hash table entries: 1048576 (order: 11, 8388608 bytes)
[    0.037967] Mount-cache hash table entries: 32768 (order: 6, 262144 bytes)
[    0.038109] Mountpoint-cache hash table entries: 32768 (order: 6, 262144 bytes)
[    0.038702] Initializing cgroup subsys memory
[    0.038779] Initializing cgroup subsys devices
[    0.038846] Initializing cgroup subsys freezer
[    0.038913] Initializing cgroup subsys net_cls
[    0.038980] Initializing cgroup subsys blkio
[    0.039073] CPU: Physical Processor ID: 0
[    0.039137] CPU: Processor Core ID: 0
[    0.039202] mce: CPU supports 6 MCE banks
[    0.039275] Last level iTLB entries: 4KB 512, 2MB 16, 4MB 8
Last level dTLB entries: 4KB 1024, 2MB 128, 4MB 64, 1GB 0
[    0.039587] Freeing SMP alternatives memory: 20K (ffffffff81b8a000 - ffffffff81b8f000)
[    0.039837] Getting VERSION: 80050010
[    0.039947] Getting VERSION: 80050010
[    0.040011] Getting ID: 0
[    0.040090] Getting ID: ff000000
[    0.040153] Getting LVT0: 700
[    0.040216] Getting LVT1: 400
[    0.040284] enabled ExtINT on CPU#0
[    0.040522] ENABLING IO-APIC IRQs
[    0.040587] init IO_APIC IRQs
[    0.040650]  apic 2 pin 0 not connected
[    0.040720] IOAPIC[0]: Set routing entry (2-1 -> 0x31 -> IRQ 1 Mode:0 Active:0 Dest:1)
[    0.040853] IOAPIC[0]: Set routing entry (2-2 -> 0x30 -> IRQ 0 Mode:0 Active:0 Dest:1)
[    0.040990] IOAPIC[0]: Set routing entry (2-2 -> 0x30 -> IRQ 0 Mode:0 Active:0 Dest:1)
[    0.041127] IOAPIC[0]: Set routing entry (2-3 -> 0x33 -> IRQ 3 Mode:0 Active:0 Dest:1)
[    0.041263] IOAPIC[0]: Set routing entry (2-4 -> 0x34 -> IRQ 4 Mode:0 Active:0 Dest:1)
[    0.041398] IOAPIC[0]: Set routing entry (2-5 -> 0x35 -> IRQ 5 Mode:0 Active:0 Dest:1)
[    0.041533] IOAPIC[0]: Set routing entry (2-6 -> 0x36 -> IRQ 6 Mode:0 Active:0 Dest:1)
[    0.041668] IOAPIC[0]: Set routing entry (2-7 -> 0x37 -> IRQ 7 Mode:0 Active:0 Dest:1)
[    0.041780] IOAPIC[0]: Set routing entry (2-8 -> 0x38 -> IRQ 8 Mode:0 Active:0 Dest:1)
[    0.041915] IOAPIC[0]: Set routing entry (2-9 -> 0x39 -> IRQ 9 Mode:1 Active:1 Dest:1)
[    0.042051] IOAPIC[0]: Set routing entry (2-10 -> 0x3a -> IRQ 10 Mode:0 Active:0 Dest:1)
[    0.042187] IOAPIC[0]: Set routing entry (2-11 -> 0x3b -> IRQ 11 Mode:0 Active:0 Dest:1)
[    0.042322] IOAPIC[0]: Set routing entry (2-12 -> 0x3c -> IRQ 12 Mode:0 Active:0 Dest:1)
[    0.042457] IOAPIC[0]: Set routing entry (2-13 -> 0x3d -> IRQ 13 Mode:0 Active:0 Dest:1)
[    0.042592] IOAPIC[0]: Set routing entry (2-14 -> 0x3e -> IRQ 14 Mode:0 Active:0 Dest:1)
[    0.042717] IOAPIC[0]: Set routing entry (2-15 -> 0x3f -> IRQ 15 Mode:0 Active:0 Dest:1)
[    0.042804]  apic 2 pin 16 not connected
[    0.042863]  apic 2 pin 17 not connected
[    0.042922]  apic 2 pin 18 not connected
[    0.042981]  apic 2 pin 19 not connected
[    0.043040]  apic 2 pin 20 not connected
[    0.043099]  apic 2 pin 21 not connected
[    0.043158]  apic 2 pin 22 not connected
[    0.043216]  apic 2 pin 23 not connected
[    0.043423] ..TIMER: vector=0x30 apic1=0 pin1=2 apic2=-1 pin2=-1
[    0.076505] smpboot: CPU0: AMD A6-3400M APU with Radeon(tm) HD Graphics (fam: 12, model: 01, stepping: 00)
[    0.076755] Using local APIC timer interrupts.
calibrating APIC timer ...
[    0.183475] ... lapic delta = 1247697
[    0.183538] ... PM-Timer delta = 357944
[    0.183601] ... PM-Timer result ok
[    0.183665] ..... delta 1247697
[    0.183728] ..... mult: 53588183
[    0.183791] ..... calibration result: 665438
[    0.183855] ..... CPU clock speed is 1397.1867 MHz.
[    0.183920] ..... host bus clock speed is 199.2171 MHz.
[    0.184020] Performance Events: AMD PMU driver.
[    0.184124] ... version:                0
[    0.184187] ... bit width:              48
[    0.184251] ... generic registers:      4
[    0.184315] ... value mask:             0000ffffffffffff
[    0.184380] ... max period:             00007fffffffffff
[    0.184444] ... fixed-purpose events:   0
[    0.184507] ... event mask:             000000000000000f
[    0.185047] MCE: In-kernel MCE decoding enabled.
[    0.185243] NMI watchdog: enabled on all CPUs, permanently consumes one hw-PMU counter.
[    0.185546] smpboot: ++++++++++++++++++++=_---CPU UP  1
[    0.185660] x86: Booting SMP configuration:
[    0.185725] .... node  #0, CPUs:      #1
[    0.185835] smpboot: Setting warm reset code and vector.
[    0.185961] smpboot: 1.
[    0.186024] smpboot: 2.
[    0.186086] smpboot: 3.
[    0.186149] smpboot: Asserting INIT
[    0.186213] smpboot: Waiting for send to finish...
[    0.196282] smpboot: Deasserting INIT
[    0.196392] smpboot: Waiting for send to finish...
[    0.196457] smpboot: #startup loops: 2
[    0.196520] smpboot: Sending STARTUP #1
[    0.196584] smpboot: After apic_write
[    0.101606] smpboot: CPU#1 (phys ID: 1) waiting for CALLOUT
[    0.196948] smpboot: Startup point 1
[    0.197121] smpboot: Waiting for send to finish...
[    0.197386] smpboot: Sending STARTUP #2
[    0.197496] smpboot: After apic_write
[    0.197859] smpboot: Startup point 1
[    0.197968] smpboot: Waiting for send to finish...
[    0.198232] smpboot: After Startup
[    0.198342] smpboot: Before Callout 1
[    0.198405] smpboot: After Callout 1
[    0.103223] masked ExtINT on CPU#1
[    0.103255] smpboot: Stack at about ffff880407807f44
[    0.199688] smpboot: CPU1: has booted.
[    0.201760] TSC synchronization [CPU#0 -> CPU#1]:
[    0.201826] Measured 132973794 cycles TSC warp between CPUs, turning off TSC clock.
[    0.201965] tsc: Marking TSC unstable due to check_tsc_sync_source failed
[    0.202208] smpboot: ++++++++++++++++++++=_---CPU UP  2
[    0.202320]  #2
[    0.202357] smpboot: Setting warm reset code and vector.
[    0.202479] smpboot: 1.
[    0.202542] smpboot: 2.
[    0.202603] smpboot: 3.
[    0.202664] smpboot: Asserting INIT
[    0.202725] smpboot: Waiting for send to finish...
[    0.212793] smpboot: Deasserting INIT
[    0.212856] smpboot: Waiting for send to finish...
[    0.212920] smpboot: #startup loops: 2
[    0.212983] smpboot: Sending STARTUP #1
[    0.213046] smpboot: After apic_write
[    0.083997] smpboot: CPU#2 (phys ID: 2) waiting for CALLOUT
[    0.213410] smpboot: Startup point 1
[    0.213584] smpboot: Waiting for send to finish...
[    0.213848] smpboot: Sending STARTUP #2
[    0.213960] smpboot: After apic_write
[    0.214326] smpboot: Startup point 1
[    0.214435] smpboot: Waiting for send to finish...
[    0.214699] smpboot: After Startup
[    0.214809] smpboot: Before Callout 2
[    0.214871] smpboot: After Callout 2
[    0.085618] masked ExtINT on CPU#2
[    0.085651] smpboot: Stack at about ffff88040780bf44
[    0.215064] smpboot: CPU2: has booted.
[    0.215270] smpboot: ++++++++++++++++++++=_---CPU UP  3
[    0.215383]  #3
[    0.215420] smpboot: Setting warm reset code and vector.
[    0.215545] smpboot: 1.
[    0.215608] smpboot: 2.
[    0.215670] smpboot: 3.
[    0.215732] smpboot: Asserting INIT
[    0.215795] smpboot: Waiting for send to finish...
[    0.225865] smpboot: Deasserting INIT
[    0.225974] smpboot: Waiting for send to finish...
[    0.226038] smpboot: #startup loops: 2
[    0.226102] smpboot: Sending STARTUP #1
[    0.226165] smpboot: After apic_write
[    0.063293] smpboot: CPU#3 (phys ID: 3) waiting for CALLOUT
[    0.226528] smpboot: Startup point 1
[    0.226702] smpboot: Waiting for send to finish...
[    0.226966] smpboot: Sending STARTUP #2
[    0.227076] smpboot: After apic_write
[    0.227439] smpboot: Startup point 1
[    0.227548] smpboot: Waiting for send to finish...
[    0.227813] smpboot: After Startup
[    0.227876] smpboot: Before Callout 3
[    0.227939] smpboot: After Callout 3
[    0.064862] masked ExtINT on CPU#3
[    0.064895] smpboot: Stack at about ffff88040780ff44
[    0.228131] smpboot: CPU3: has booted.
[    0.228224] x86: Booted up 1 node, 4 CPUs
[    0.228289] smpboot: Boot done
[    0.228352] smpboot: Before bogomips
[    0.228416] smpboot: Total of 4 processors activated (11184.46 BogoMIPS)
[    0.228482] smpboot: Before bogocount - setting activated=1
[    0.126772] devtmpfs: initialized
[    0.126825] device: 'platform': device_add
[    0.130018] bus: 'platform': registered
[    0.130147] bus: 'cpu': registered
[    0.130212] device: 'cpu': device_add
[    0.130301] bus: 'container': registered
[    0.130366] device: 'container': device_add
[    0.130877] bus: 'workqueue': registered
[    0.130877] device: 'workqueue': device_add
[    0.130877] kworker/u8:0 (39) used greatest stack depth: 14160 bytes left
[    0.130877] atomic64_test: passed for x86-64 platform with CX8 and with SSE
[    0.130894] device class 'regulator': registering
[    0.130995] Registering platform device 'reg-dummy'. Parent at platform
[    0.131110] device: 'reg-dummy': device_add
[    0.131176] bus: 'platform': add device reg-dummy
[    0.131265] bus: 'platform': add driver reg-dummy
[    0.131332] bus: 'platform': driver_probe_device: matched device reg-dummy with driver reg-dummy
[    0.131445] bus: 'platform': really_probe: probing driver reg-dummy with device reg-dummy
[    0.131587] device: 'regulator.0': device_add
[    0.131678] regulator-dummy: no parameters
[    0.131752] driver: 'reg-dummy': driver_bound: bound to device 'reg-dummy'
[    0.131819] bus: 'platform': really_probe: bound device reg-dummy to driver reg-dummy
[    0.132087] NET: Registered protocol family 16
[    0.133483] device class 'bdi': registering
[    0.133612] bus: 'platform': add driver ramoops
[    0.133695] device class 'pci_bus': registering
[    0.133786] bus: 'pci': registered
[    0.133855] device class 'backlight': registering
[    0.133928] device class 'tty': registering
[    0.134001] device class 'vtconsole': registering
[    0.134077] device: 'vtcon0': device_add
[    0.134177] bus: 'node': registered
[    0.134281] device: 'node': device_add
[    0.134380] bus: 'i2c': registered
[    0.134446] bus: 'i2c': add driver dummy
[    0.134518] i2c-core: driver [dummy] registered
[    0.134586] cpuidle: using governor ladder
[    0.134652] cpuidle: using governor menu
[    0.135152] ACPI FADT declares the system doesn't support PCIe ASPM, so disable it
[    0.135289] ACPI: bus type PCI registered
[    0.135353] acpiphp: ACPI Hot Plug PCI Controller Driver version: 0.5
[    0.135421] device class 'dmi': registering
[    0.135493] device: 'id': device_add
[    0.135681] PCI: MMCONFIG for domain 0000 [bus 00-3f] at [mem 0xf8000000-0xfbffffff] (base 0xf8000000)
[    0.135821] PCI: not using MMCONFIG
[    0.135884] PCI: Using configuration type 1 for base access
[    0.135948] PCI: Using configuration type 1 for extended access
[    0.136316] device: 'node0': device_add
[    0.136429] bus: 'node': add device node0
[    0.136522] device: 'cpu0': device_add
[    0.136589] bus: 'cpu': add device cpu0
[    0.136702] device: 'cpu1': device_add
[    0.136816] bus: 'cpu': add device cpu1
[    0.136918] device: 'cpu2': device_add
[    0.137034] bus: 'cpu': add device cpu2
[    0.137138] device: 'cpu3': device_add
[    0.137205] bus: 'cpu': add device cpu3
[    0.146739] device: 'writeback': device_add
[    0.146860] bus: 'workqueue': add device writeback
[    0.146974] device: 'default': device_add
[    0.147178] device class 'block': registering
[    0.147178] ACPI: Added _OSI(Module Device)
[    0.147178] ACPI: Added _OSI(Processor Device)
[    0.147178] ACPI: Added _OSI(3.0 _SCP Extensions)
[    0.150008] ACPI: Added _OSI(Processor Aggregator Device)
[    0.152473] IOAPIC[0]: Set routing entry (2-9 -> 0x39 -> IRQ 9 Mode:1 Active:1 Dest:15)
[    0.152983] 
**** Context Switch from TID 4294967295 to TID 133431296 ****

[    0.153159]     utils-0051 util_eval_error       : Evaluate [\_SB_.PCI0.LPC0.EC0_._GLK]: AE_NOT_FOUND
[    0.153745] Executing  Method       \_SB_.PCI0.LPC0.EC0_._REG
[    0.154592] Executing  Method       \_SB_.PCI0.LPC0.EC0_._REG
[    0.154791] Executing  Method       \_SB_.PCI0.LPC0.EC0_._REG
[    0.154997] Executing  Method       \_SB_.PCI0.LPC0.EC0_._REG
[    0.158368] Initializing Region       \_SB_.OSTY
[    0.158574] Initializing Region       \_SB_.PCI0.NBMS
[    0.158721] Initializing Region       \_SB_.PCI0.NBXP
[    0.158871] Initializing Region       \_SB_.PCI0.K8ST
[    0.159058] Initializing Region       \_SB_.PCI0.BAR1
[    0.159251] Initializing Region       \_SB_.PCI0.PB2_.XPEX
[    0.159398] Initializing Region       \_SB_.PCI0.PB2_.PCFG
[    0.159545] Initializing Region       \_SB_.PCI0.PB2_.XPCB
[    0.159695] Initializing Region       \_SB_.PCI0.PB2_.XPRI
[    0.159847] Initializing Region       \_SB_.PCI0.PB2_.VGA_.PCFG
[    0.160058] Initializing Region       \_SB_.PCI0.PB2_.HDAU.PCFG
[    0.160252] Initializing Region       \_SB_.PCI0.PB3_.XPEX
[    0.160399] Initializing Region       \_SB_.PCI0.PB3_.PCFG
[    0.160546] Initializing Region       \_SB_.PCI0.PB3_.XPCB
[    0.160694] Initializing Region       \_SB_.PCI0.PB3_.XPRI
[    0.160846] Initializing Region       \_SB_.PCI0.PB3_.VGA_.PCFG
[    0.161063] Initializing Region       \_SB_.PCI0.PB3_.HDAU.PCFG
[    0.161252] Initializing Region       \_SB_.PCI0.PB4_.XPEX
[    0.161400] Initializing Region       \_SB_.PCI0.PB4_.PCFG
[    0.161548] Initializing Region       \_SB_.PCI0.PB4_.XPCB
[    0.161696] Initializing Region       \_SB_.PCI0.PB4_.XPRI
[    0.161848] Initializing Region       \_SB_.PCI0.PB4_.XPDV.PCFG
[    0.162010] Initializing Region       \_SB_.PCI0.PB5_.XPEX
[    0.162157] Initializing Region       \_SB_.PCI0.PB5_.PCFG
[    0.162305] Initializing Region       \_SB_.PCI0.PB5_.XPCB
[    0.162453] Initializing Region       \_SB_.PCI0.PB5_.XPRI
[    0.162605] Initializing Region       \_SB_.PCI0.PB5_.XPDV.PCFG
[    0.162767] Initializing Region       \_SB_.PCI0.PB6_.XPEX
[    0.162913] Initializing Region       \_SB_.PCI0.PB6_.PCFG
[    0.163061] Initializing Region       \_SB_.PCI0.PB6_.XPCB
[    0.163209] Initializing Region       \_SB_.PCI0.PB6_.XPRI
[    0.163354] Initializing Region       \_SB_.PCI0.PB6_.XPDV.PCFG
[    0.163516] Initializing Region       \_SB_.PCI0.PB7_.XPEX
[    0.163663] Initializing Region       \_SB_.PCI0.PB7_.PCFG
[    0.163811] Initializing Region       \_SB_.PCI0.PB7_.XPCB
[    0.165061] Initializing Region       \_SB_.PCI0.PB7_.XPRI
[    0.165213] Initializing Region       \_SB_.PCI0.PB7_.XPDV.PCFG
[    0.165630] Initializing Region       \_SB_.PCI0.SATC
[    0.165823] Initializing Region       \_SB_.PCI0.RMEM
[    0.166001] Initializing Region       \_SB_.PCI0.SATA.SATX
[    0.166153] Initializing Region       \_SB_.PCI0.SATA.BAR5
[    0.186900] Initializing Region       \_SB_.PCI0.SMB_.SBRV
[    0.187110] Initializing Region       \_SB_.PCI0.SMB_.PMIO
[    0.187259] Initializing Region       \_SB_.PCI0.SMB_.ERMM
[    0.187534] Initializing Region       \_SB_.PCI0.SMB_.P1E0
[    0.187694] Initializing Region       \_SB_.PCI0.SMB_.ABIO
[    0.187844] Initializing Region       \_SB_.PCI0.SMB_.SMB0
[    0.187995] Initializing Region       \_SB_.PCI0.LPC0.PIRQ
[    0.188196] Initializing Region       \_SB_.PCI0.LPC0.LPCR
[    0.188418] Initializing Region       \_SB_.PCI0.LPC0.LPCS
[    0.188575] Initializing Region       \_SB_.PCI0.LPC0.SMI0
[    0.188722] Initializing Region       \_SB_.PCI0.LPC0.SMI1
[    0.188876] Initializing Region       \_SB_.PCI0.LPC0.EC0_.ECO1
[    0.189023] Initializing Region       \_SB_.PCI0.LPC0.EC0_.ECO2
[    0.190120] Initializing Region       \_SB_.PCI0.LPC0.EC0_.ECMB
[    0.190267] Initializing Region       \_SB_.PCI0.LPC0.EC0_.RAM_
[    0.190524] Initializing Region       \_SB_.PCI0.LPC0.EC0_.CMOS
[    0.190695] Initializing Region       \_SB_.PCI0.LPC0.EC0_.VPC0.ERAM
[    0.190944] Initializing Region       \_SB_.PCI0.SPB0.PCFG
[    0.191138] Initializing Region       \_SB_.PCI0.SPB0.XPCB
[    0.191289] Initializing Region       \_SB_.PCI0.SPB0.XPDV.PCFG
[    0.191448] Initializing Region       \_SB_.PCI0.SPB1.PCFG
[    0.191596] Initializing Region       \_SB_.PCI0.SPB1.XPCB
[    0.191746] Initializing Region       \_SB_.PCI0.SPB1.XPDV.PCFG
[    0.191906] Initializing Region       \_SB_.PCI0.SPB2.PCFG
[    0.192053] Initializing Region       \_SB_.PCI0.SPB2.XPCB
[    0.192203] Initializing Region       \_SB_.PCI0.SPB2.XPDV.PCFG
[    0.192363] Initializing Region       \_SB_.PCI0.SPB3.PCFG
[    0.192510] Initializing Region       \_SB_.PCI0.SPB3.XPCB
[    0.192660] Initializing Region       \_SB_.PCI0.SPB3.XPDV.PCFG
[    0.192969] Initializing Region       \_SB_.PCI0.VGA_.REVD
[    0.193404] Initializing BufferField  \_SB_.AMW0.WLID
[    0.194038] Initializing Region       \DEB2
[    0.194232] Initializing Region       \PMIO
[    0.194378] Initializing Region       \P01_
[    0.194549] Initializing Region       \CNVS
[    0.194754] Initializing Region       \SPRT
[    0.194916] Initializing Region       \CMIO
[    0.195201] Executing  Method       \_SB_._STA
[    0.195419] Executing  Method       \_SB_._INI
[    0.195589] Executing  Method       \_SB_.PCI0._STA
[    0.195759] Executing  Method       \_SB_.PCI0._INI
[    0.196187] [Firmware Bug]: ACPI: BIOS _OSI(Linux) query ignored
[    0.196737] Executing  Method       \_SB_.PCI0.SATA._STA
[    0.196955] Executing  Method       \_SB_.PCI0.SATA._INI
[    0.198020] Executing  Method       \_SB_.PCI0.LPC0.EC0_._REG
[    0.223681] ACPI: Interpreter enabled
[    0.223812] ACPI: (supports S0 S5)
[    0.223878] ACPI: Using IOAPIC for interrupt routing
[    0.224293] PCI: MMCONFIG for domain 0000 [bus 00-3f] at [mem 0xf8000000-0xfbffffff] (base 0xf8000000)
[    0.225225] PCI: MMCONFIG at [mem 0xf8000000-0xfbffffff] reserved in ACPI motherboard resources
[    0.225573] bus: 'acpi': registered
[    0.225689] PCI: Using host bridge windows from ACPI; if necessary, use "pci=nocrs" and report a bug
[    0.225840]      scan-1142 get_device_data       : No context for object [ffffffffffffffff]
[    0.226057]     utils-0051 util_eval_error       : Evaluate [\._STA]: AE_NOT_FOUND
[    0.226287] device: 'LNXSYSTM:00': device_add
[    0.226357] bus: 'acpi': add device LNXSYSTM:00
[    0.226459]      scan-1934 add_single_object     : Added LNXSYSTM:00 [\] parent (null)
[    0.226656]      scan-1142 get_device_data       : No context for object [ffff88040d81d000]
[    0.226843]      scan-1142 get_device_data       : No context for object [ffff88040d8377d0]
[    0.227053]      scan-1142 get_device_data       : No context for object [ffff88040d8377f8]
[    0.227262]      scan-1142 get_device_data       : No context for object [ffff88040d837820]
[    0.227447]      scan-1142 get_device_data       : No context for object [ffff88040d837848]
[    0.227656]      scan-1142 get_device_data       : No context for object [ffff88040d837870]
[    0.227865]      scan-1142 get_device_data       : No context for object [ffff88040d837898]
[    0.228075]      scan-1142 get_device_data       : No context for object [ffff88040d8378c0]
[    0.228285]      scan-1142 get_device_data       : No context for object [ffff88040d8378e8]
[    0.228470]      scan-1142 get_device_data       : No context for object [ffff88040d839398]
[    0.228680]      scan-1142 get_device_data       : No context for object [ffff88040d81d028]
[    0.228889]      scan-1142 get_device_data       : No context for object [ffff88040d81d168]
[    0.229101]     utils-0051 util_eval_error       : Evaluate [\_PR_.C000._STA]: AE_NOT_FOUND
[    0.229311]      scan-1142 get_device_data       : No context for object [ffff88040d81d028]
[    0.229484] device: 'LNXCPU:00': device_add
[    0.229551] bus: 'acpi': add device LNXCPU:00
[    0.229644]      scan-1934 add_single_object     : Added LNXCPU:00 [\_PR_.C000] parent LNXSYSTM:00
[    0.229833]      scan-1142 get_device_data       : No context for object [ffff88040d83c398]
[    0.230004]      scan-1142 get_device_data       : No context for object [ffff88040d83c3c0]
[    0.230202]      scan-1142 get_device_data       : No context for object [ffff88040d83c3e8]
[    0.230381]      scan-1142 get_device_data       : No context for object [ffff88040d83c410]
[    0.230580]      scan-1142 get_device_data       : No context for object [ffff88040d83c438]
[    0.230776]      scan-1142 get_device_data       : No context for object [ffff88040d83c460]
[    0.230975]      scan-1142 get_device_data       : No context for object [ffff88040d81d190]
[    0.231174]     utils-0051 util_eval_error       : Evaluate [\_PR_.C001._STA]: AE_NOT_FOUND
[    0.231373]      scan-1142 get_device_data       : No context for object [ffff88040d81d028]
[    0.231579] device: 'LNXCPU:01': device_add
[    0.231642] bus: 'acpi': add device LNXCPU:01
[    0.231725]      scan-1934 add_single_object     : Added LNXCPU:01 [\_PR_.C001] parent LNXSYSTM:00
[    0.231925]      scan-1142 get_device_data       : No context for object [ffff88040d83c488]
[    0.232120]      scan-1142 get_device_data       : No context for object [ffff88040d83c4b0]
[    0.232315]      scan-1142 get_device_data       : No context for object [ffff88040d83c4d8]
[    0.232463]      scan-1142 get_device_data       : No context for object [ffff88040d83c500]
[    0.232640]      scan-1142 get_device_data       : No context for object [ffff88040d83c528]
[    0.232835]      scan-1142 get_device_data       : No context for object [ffff88040d83c550]
[    0.233030]      scan-1142 get_device_data       : No context for object [ffff88040d81d1b8]
[    0.233226]     utils-0051 util_eval_error       : Evaluate [\_PR_.C002._STA]: AE_NOT_FOUND
[    0.233446]      scan-1142 get_device_data       : No context for object [ffff88040d81d028]
[    0.233649] device: 'LNXCPU:02': device_add
[    0.233710] bus: 'acpi': add device LNXCPU:02
[    0.233792]      scan-1934 add_single_object     : Added LNXCPU:02 [\_PR_.C002] parent LNXSYSTM:00
[    0.233992]      scan-1142 get_device_data       : No context for object [ffff88040d83c578]
[    0.234187]      scan-1142 get_device_data       : No context for object [ffff88040d83c5a0]
[    0.234382]      scan-1142 get_device_data       : No context for object [ffff88040d83c5c8]
[    0.234559]      scan-1142 get_device_data       : No context for object [ffff88040d83c5f0]
[    0.234753]      scan-1142 get_device_data       : No context for object [ffff88040d83c618]
[    0.234946]      scan-1142 get_device_data       : No context for object [ffff88040d83c640]
[    0.235140]      scan-1142 get_device_data       : No context for object [ffff88040d81d1e0]
[    0.235337]     utils-0051 util_eval_error       : Evaluate [\_PR_.C003._STA]: AE_NOT_FOUND
[    0.235486]      scan-1142 get_device_data       : No context for object [ffff88040d81d028]
[    0.235671] device: 'LNXCPU:03': device_add
[    0.235732] bus: 'acpi': add device LNXCPU:03
[    0.235817]      scan-1934 add_single_object     : Added LNXCPU:03 [\_PR_.C003] parent LNXSYSTM:00
[    0.236017]      scan-1142 get_device_data       : No context for object [ffff88040d83c668]
[    0.236214]      scan-1142 get_device_data       : No context for object [ffff88040d83c690]
[    0.236412]      scan-1142 get_device_data       : No context for object [ffff88040d83c6b8]
[    0.236610]      scan-1142 get_device_data       : No context for object [ffff88040d83c6e0]
[    0.236832]      scan-1142 get_device_data       : No context for object [ffff88040d83c708]
[    0.237029]      scan-1142 get_device_data       : No context for object [ffff88040d83c730]
[    0.237227]      scan-1142 get_device_data       : No context for object [ffff88040d81d050]
[    0.238445]     utils-0051 util_eval_error       : Evaluate [\_SB_._STA]: AE_NOT_FOUND
[    0.238699] device: 'LNXSYBUS:00': device_add
[    0.238807] bus: 'acpi': add device LNXSYBUS:00
[    0.238894]      scan-1934 add_single_object     : Added LNXSYBUS:00 [\_SB_] parent LNXSYSTM:00
[    0.239102]      scan-1142 get_device_data       : No context for object [ffff88040d81d3c0]
[    0.239301]      scan-1142 get_device_data       : No context for object [ffff88040d81d3e8]
[    0.239478]      scan-1142 get_device_data       : No context for object [ffff88040d81d410]
[    0.239675]      scan-1142 get_device_data       : No context for object [ffff88040d81d438]
[    0.239872]      scan-1142 get_device_data       : No context for object [ffff88040d81d460]
[    0.240003]      scan-1142 get_device_data       : No context for object [ffff88040d81d488]
[    0.240200]      scan-1142 get_device_data       : No context for object [ffff88040d81d4b0]
[    0.240377]      scan-1142 get_device_data       : No context for object [ffff88040d81d5a0]
[    0.240577]     utils-0051 util_eval_error       : Evaluate [\_SB_.PWRB._STA]: AE_NOT_FOUND
[    0.240809] device: 'PNP0C0C:00': device_add
[    0.240872] bus: 'acpi': add device PNP0C0C:00
[    0.240955]      scan-1934 add_single_object     : Added PNP0C0C:00 [\_SB_.PWRB] parent LNXSYBUS:00
[    0.241163]      scan-1142 get_device_data       : No context for object [ffff88040d81d5c8]
[    0.241361]      scan-1142 get_device_data       : No context for object [ffff88040d81d5f0]
[    0.241561]     utils-0051 util_eval_error       : Evaluate [\_SB_.PCI0._STA]: AE_NOT_FOUND
[    0.241820] device: 'PNP0A08:00': device_add
[    0.241931] bus: 'acpi': add device PNP0A08:00
[    0.242022]      scan-1934 add_single_object     : Added PNP0A08:00 [\_SB_.PCI0] parent LNXSYBUS:00
[    0.242231]      scan-1142 get_device_data       : No context for object [ffff88040d81d618]
[    0.242408]      scan-1142 get_device_data       : No context for object [ffff88040d81d640]
[    0.242606]      scan-1142 get_device_data       : No context for object [ffff88040d81d668]
[    0.242804]      scan-1142 get_device_data       : No context for object [ffff88040d81d690]
[    0.243001]      scan-1142 get_device_data       : No context for object [ffff88040d81d6b8]
[    0.243198]      scan-1142 get_device_data       : No context for object [ffff88040d81d6e0]
[    0.243444]      scan-1142 get_device_data       : No context for object [ffff88040d81d708]
[    0.243641]      scan-1142 get_device_data       : No context for object [ffff88040d81d730]
[    0.243839]      scan-1142 get_device_data       : No context for object [ffff88040d81d758]
[    0.244036]      scan-1142 get_device_data       : No context for object [ffff88040d81d780]
[    0.244233]      scan-1142 get_device_data       : No context for object [ffff88040d81d7a8]
[    0.244430]      scan-1142 get_device_data       : No context for object [ffff88040d81d7d0]
[    0.244627]      scan-1142 get_device_data       : No context for object [ffff88040d81d7f8]
[    0.244824]      scan-1142 get_device_data       : No context for object [ffff88040d81d820]
[    0.245022]      scan-1142 get_device_data       : No context for object [ffff88040d81d848]
[    0.245219]      scan-1142 get_device_data       : No context for object [ffff88040d81d870]
[    0.245417]      scan-1142 get_device_data       : No context for object [ffff88040d81d898]
[    0.245614]      scan-1142 get_device_data       : No context for object [ffff88040d81d8c0]
[    0.245812]      scan-1142 get_device_data       : No context for object [ffff88040d81d8e8]
[    0.246009]      scan-1142 get_device_data       : No context for object [ffff88040d81d910]
[    0.246207]      scan-1142 get_device_data       : No context for object [ffff88040d81d938]
[    0.246404]      scan-1142 get_device_data       : No context for object [ffff88040d81d960]
[    0.246581]      scan-1142 get_device_data       : No context for object [ffff88040d81d988]
[    0.246669]      scan-1142 get_device_data       : No context for object [ffff88040d81d9b0]
[    0.246867]      scan-1142 get_device_data       : No context for object [ffff88040d81d9d8]
[    0.247064]      scan-1142 get_device_data       : No context for object [ffff88040d81da00]
[    0.247262]      scan-1142 get_device_data       : No context for object [ffff88040d81da28]
[    0.247413]      scan-1142 get_device_data       : No context for object [ffff88040d81da50]
[    0.247590]      scan-1142 get_device_data       : No context for object [ffff88040d81da78]
[    0.247787]      scan-1142 get_device_data       : No context for object [ffff88040d81daa0]
[    0.247985]      scan-1142 get_device_data       : No context for object [ffff88040d81dac8]
[    0.248182]      scan-1142 get_device_data       : No context for object [ffff88040d81daf0]
[    0.248359]      scan-1142 get_device_data       : No context for object [ffff88040d81db18]
[    0.248554]      scan-1142 get_device_data       : No context for object [ffff88040d81db40]
[    0.248748]      scan-1142 get_device_data       : No context for object [ffff88040d81db68]
[    0.248943]      scan-1142 get_device_data       : No context for object [ffff88040d81db90]
[    0.249137]      scan-1142 get_device_data       : No context for object [ffff88040d81dbb8]
[    0.249327]      scan-1142 get_device_data       : No context for object [ffff88040d81dbe0]
[    0.249522]      scan-1142 get_device_data       : No context for object [ffff88040d81dc08]
[    0.249716]      scan-1142 get_device_data       : No context for object [ffff88040d81dc30]
[    0.250002]      scan-1142 get_device_data       : No context for object [ffff88040d81dc58]
[    0.250197]      scan-1142 get_device_data       : No context for object [ffff88040d81dc80]
[    0.250392]      scan-1142 get_device_data       : No context for object [ffff88040d81dca8]
[    0.250587]      scan-1142 get_device_data       : No context for object [ffff88040d81dcd0]
[    0.250781]      scan-1142 get_device_data       : No context for object [ffff88040d81dcf8]
[    0.250977]      scan-1142 get_device_data       : No context for object [ffff88040d81dd20]
[    0.251170]      scan-1142 get_device_data       : No context for object [ffff88040d81dd48]
[    0.251363]      scan-1142 get_device_data       : No context for object [ffff88040d81dd70]
[    0.251549]      scan-1142 get_device_data       : No context for object [ffff88040d81dd98]
[    0.251744]      scan-1142 get_device_data       : No context for object [ffff88040d81ddc0]
[    0.251937]      scan-1142 get_device_data       : No context for object [ffff88040d81dde8]
[    0.252133]      scan-1142 get_device_data       : No context for object [ffff88040d81de10]
[    0.252328]      scan-1142 get_device_data       : No context for object [ffff88040d81de38]
[    0.252475]      scan-1142 get_device_data       : No context for object [ffff88040d81de60]
[    0.252652]      scan-1142 get_device_data       : No context for object [ffff88040d81de88]
[    0.252849]      scan-1142 get_device_data       : No context for object [ffff88040d81deb0]
[    0.253047]      scan-1142 get_device_data       : No context for object [ffff88040d81ded8]
[    0.253244]      scan-1142 get_device_data       : No context for object [ffff88040d81df00]
[    0.253443]      scan-1142 get_device_data       : No context for object [ffff88040d81df28]
[    0.253641]      scan-1142 get_device_data       : No context for object [ffff88040d81df50]
[    0.253838]      scan-1142 get_device_data       : No context for object [ffff88040d81df78]
[    0.254035]      scan-1142 get_device_data       : No context for object [ffff88040d81dfa0]
[    0.254232]      scan-1142 get_device_data       : No context for object [ffff88040d81dfc8]
[    0.254429]      scan-1142 get_device_data       : No context for object [ffff88040d822000]
[    0.254627]      scan-1142 get_device_data       : No context for object [ffff88040d822028]
[    0.254826]     utils-0051 util_eval_error       : Evaluate [\_SB_.PCI0.MEMR._STA]: AE_NOT_FOUND
[    0.255059] device: 'PNP0C02:00': device_add
[    0.255121] bus: 'acpi': add device PNP0C02:00
[    0.255205]      scan-1934 add_single_object     : Added PNP0C02:00 [\_SB_.PCI0.MEMR] parent PNP0A08:00
[    0.255410]      scan-1142 get_device_data       : No context for object [ffff88040d822050]
[    0.255588]      scan-1142 get_device_data       : No context for object [ffff88040d822078]
[    0.255785]      scan-1142 get_device_data       : No context for object [ffff88040d8220a0]
[    0.256669]      scan-1142 get_device_data       : No context for object [ffff88040d8220c8]
[    0.256867]      scan-1142 get_device_data       : No context for object [ffff88040d8220f0]
[    0.257065]      scan-1142 get_device_data       : No context for object [ffff88040d822118]
[    0.257241]      scan-1142 get_device_data       : No context for object [ffff88040d822140]
[    0.257439]      scan-1142 get_device_data       : No context for object [ffff88040d822168]
[    0.257636]      scan-1142 get_device_data       : No context for object [ffff88040d822190]
[    0.257834]      scan-1142 get_device_data       : No context for object [ffff88040d8221b8]
[    0.258031]      scan-1142 get_device_data       : No context for object [ffff88040d8221e0]
[    0.258183]      scan-1142 get_device_data       : No context for object [ffff88040d822208]
[    0.258360]      scan-1142 get_device_data       : No context for object [ffff88040d822230]
[    0.258557]      scan-1142 get_device_data       : No context for object [ffff88040d822258]
[    0.258754]      scan-1142 get_device_data       : No context for object [ffff88040d822280]
[    0.258952]      scan-1142 get_device_data       : No context for object [ffff88040d8222a8]
[    0.259131]     utils-0051 util_eval_error       : Evaluate [\_SB_.PCI0.PB2_._STA]: AE_NOT_FOUND
[    0.259434] device: 'device:00': device_add
[    0.259496] bus: 'acpi': add device device:00
[    0.259583]      scan-1934 add_single_object     : Added device:00 [\_SB_.PCI0.PB2_] parent PNP0A08:00
[    0.260006]      scan-1142 get_device_data       : No context for object [ffff88040d8222d0]
[    0.260204]      scan-1142 get_device_data       : No context for object [ffff88040d8222f8]
[    0.260381]      scan-1142 get_device_data       : No context for object [ffff88040d822320]
[    0.260578]      scan-1142 get_device_data       : No context for object [ffff88040d822348]
[    0.260775]      scan-1142 get_device_data       : No context for object [ffff88040d822370]
[    0.260972]      scan-1142 get_device_data       : No context for object [ffff88040d822398]
[    0.261170]      scan-1142 get_device_data       : No context for object [ffff88040d8223c0]
[    0.261347]      scan-1142 get_device_data       : No context for object [ffff88040d8223e8]
[    0.261544]      scan-1142 get_device_data       : No context for object [ffff88040d822410]
[    0.261741]      scan-1142 get_device_data       : No context for object [ffff88040d822438]
[    0.261938]      scan-1142 get_device_data       : No context for object [ffff88040d822460]
[    0.262136]      scan-1142 get_device_data       : No context for object [ffff88040d822488]
[    0.262320]      scan-1142 get_device_data       : No context for object [ffff88040d8224b0]
[    0.262518]      scan-1142 get_device_data       : No context for object [ffff88040d8224d8]
[    0.262715]      scan-1142 get_device_data       : No context for object [ffff88040d822500]
[    0.262912]      scan-1142 get_device_data       : No context for object [ffff88040d822528]
[    0.263109]      scan-1142 get_device_data       : No context for object [ffff88040d822550]
[    0.263335]      scan-1142 get_device_data       : No context for object [ffff88040d822578]
[    0.263532]      scan-1142 get_device_data       : No context for object [ffff88040d8225a0]
[    0.263730]      scan-1142 get_device_data       : No context for object [ffff88040d8225c8]
[    0.263927]      scan-1142 get_device_data       : No context for object [ffff88040d8225f0]
[    0.264125]      scan-1142 get_device_data       : No context for object [ffff88040d822618]
[    0.264322]      scan-1142 get_device_data       : No context for object [ffff88040d822640]
[    0.264519]      scan-1142 get_device_data       : No context for object [ffff88040d822668]
[    0.264716]      scan-1142 get_device_data       : No context for object [ffff88040d822690]
[    0.264914]      scan-1142 get_device_data       : No context for object [ffff88040d8226b8]
[    0.265109]      scan-1142 get_device_data       : No context for object [ffff88040d8226e0]
[    0.265303]      scan-1142 get_device_data       : No context for object [ffff88040d822708]
[    0.265480]      scan-1142 get_device_data       : No context for object [ffff88040d822730]
[    0.265675]      scan-1142 get_device_data       : No context for object [ffff88040d822758]
[    0.265870]      scan-1142 get_device_data       : No context for object [ffff88040d822780]
[    0.266067]     utils-0051 util_eval_error       : Evaluate [\_SB_.PCI0.PB2_.VGA_._STA]: AE_NOT_FOUND
[    0.266302] device: 'device:01': device_add
[    0.266397] bus: 'acpi': add device device:01
[    0.266479]      scan-1934 add_single_object     : Added device:01 [\_SB_.PCI0.PB2_.VGA_] parent device:00
[    0.266673]      scan-1142 get_device_data       : No context for object [ffff88040d8227a8]
[    0.266867]      scan-1142 get_device_data       : No context for object [ffff88040d8227d0]
[    0.267061]      scan-1142 get_device_data       : No context for object [ffff88040d8227f8]
[    0.267256]      scan-1142 get_device_data       : No context for object [ffff88040d822820]
[    0.267405]      scan-1142 get_device_data       : No context for object [ffff88040d822848]
[    0.267581]      scan-1142 get_device_data       : No context for object [ffff88040d822870]
[    0.267776]      scan-1142 get_device_data       : No context for object [ffff88040d822898]
[    0.267972]      scan-1142 get_device_data       : No context for object [ffff88040d8228c0]
[    0.268166]      scan-1142 get_device_data       : No context for object [ffff88040d8228e8]
[    0.268343]      scan-1142 get_device_data       : No context for object [ffff88040d822910]
[    0.268538]      scan-1142 get_device_data       : No context for object [ffff88040d822938]
[    0.268733]      scan-1142 get_device_data       : No context for object [ffff88040d822960]
[    0.268927]      scan-1142 get_device_data       : No context for object [ffff88040d822988]
[    0.269122]      scan-1142 get_device_data       : No context for object [ffff88040d8229b0]
[    0.269317]      scan-1142 get_device_data       : No context for object [ffff88040d8229d8]
[    0.269515]      scan-1142 get_device_data       : No context for object [ffff88040d822a00]
[    0.269712]      scan-1142 get_device_data       : No context for object [ffff88040d822a28]
[    0.270002]      scan-1142 get_device_data       : No context for object [ffff88040d822a50]
[    0.270200]      scan-1142 get_device_data       : No context for object [ffff88040d822a78]
[    0.270397]      scan-1142 get_device_data       : No context for object [ffff88040d822aa0]
[    0.270574]      scan-1142 get_device_data       : No context for object [ffff88040d822ac8]
[    0.270772]      scan-1142 get_device_data       : No context for object [ffff88040d822af0]
[    0.270969]      scan-1142 get_device_data       : No context for object [ffff88040d822b18]
[    0.271167]      scan-1142 get_device_data       : No context for object [ffff88040d822b40]
[    0.271364]      scan-1142 get_device_data       : No context for object [ffff88040d822b68]
[    0.271516]      scan-1142 get_device_data       : No context for object [ffff88040d822b90]
[    0.271693]      scan-1142 get_device_data       : No context for object [ffff88040d822bb8]
[    0.271890]      scan-1142 get_device_data       : No context for object [ffff88040d822be0]
[    0.272087]      scan-1142 get_device_data       : No context for object [ffff88040d822c08]
[    0.272285]      scan-1142 get_device_data       : No context for object [ffff88040d822c30]
[    0.272462]      scan-1142 get_device_data       : No context for object [ffff88040d822c58]
[    0.272659]      scan-1142 get_device_data       : No context for object [ffff88040d822c80]
[    0.272856]      scan-1142 get_device_data       : No context for object [ffff88040d822ca8]
[    0.273053]      scan-1142 get_device_data       : No context for object [ffff88040d822cd0]
[    0.273250]      scan-1142 get_device_data       : No context for object [ffff88040d822cf8]
[    0.273443]      scan-1142 get_device_data       : No context for object [ffff88040d822d20]
[    0.273641]      scan-1142 get_device_data       : No context for object [ffff88040d822d48]
[    0.273838]      scan-1142 get_device_data       : No context for object [ffff88040d822d70]
[    0.274036]      scan-1142 get_device_data       : No context for object [ffff88040d822d98]
[    0.274233]      scan-1142 get_device_data       : No context for object [ffff88040d837438]
[    0.275444]      scan-1142 get_device_data       : No context for object [ffff88040d822dc0]
[    0.275643]     utils-0051 util_eval_error       : Evaluate [\_SB_.PCI0.PB2_.HDAU._STA]: AE_NOT_FOUND
[    0.275876] device: 'device:02': device_add
[    0.275938] bus: 'acpi': add device device:02
[    0.276021]      scan-1934 add_single_object     : Added device:02 [\_SB_.PCI0.PB2_.HDAU] parent device:00
[    0.276224]      scan-1142 get_device_data       : No context for object [ffff88040d822de8]
[    0.276422]      scan-1142 get_device_data       : No context for object [ffff88040d822e10]
[    0.276619]      scan-1142 get_device_data       : No context for object [ffff88040d822e38]
[    0.276797]      scan-1142 get_device_data       : No context for object [ffff88040d822e60]
[    0.276996]      scan-1142 get_device_data       : No context for object [ffff88040d822e88]
[    0.277194]      scan-1142 get_device_data       : No context for object [ffff88040d822eb0]
[    0.277392]      scan-1142 get_device_data       : No context for object [ffff88040d822ed8]
[    0.277590]     utils-0051 util_eval_error       : Evaluate [\_SB_.PCI0.PB3_._STA]: AE_NOT_FOUND
[    0.277887] device: 'device:03': device_add
[    0.277950] bus: 'acpi': add device device:03
[    0.278037]      scan-1934 add_single_object     : Added device:03 [\_SB_.PCI0.PB3_] parent PNP0A08:00
[    0.278240]      scan-1142 get_device_data       : No context for object [ffff88040d822f00]
[    0.278422]      scan-1142 get_device_data       : No context for object [ffff88040d822f28]
[    0.278619]      scan-1142 get_device_data       : No context for object [ffff88040d822f50]
[    0.278817]      scan-1142 get_device_data       : No context for object [ffff88040d822f78]
[    0.279014]      scan-1142 get_device_data       : No context for object [ffff88040d822fa0]
[    0.279213]      scan-1142 get_device_data       : No context for object [ffff88040d822fc8]
[    0.279410]      scan-1142 get_device_data       : No context for object [ffff88040d823000]
[    0.279607]      scan-1142 get_device_data       : No context for object [ffff88040d823028]
[    0.279805]      scan-1142 get_device_data       : No context for object [ffff88040d823050]
[    0.280003]      scan-1142 get_device_data       : No context for object [ffff88040d823078]
[    0.280201]      scan-1142 get_device_data       : No context for object [ffff88040d8230a0]
[    0.280399]      scan-1142 get_device_data       : No context for object [ffff88040d8230c8]
[    0.280596]      scan-1142 get_device_data       : No context for object [ffff88040d8230f0]
[    0.280793]      scan-1142 get_device_data       : No context for object [ffff88040d823118]
[    0.280991]      scan-1142 get_device_data       : No context for object [ffff88040d823140]
[    0.281189]      scan-1142 get_device_data       : No context for object [ffff88040d823168]
[    0.281386]      scan-1142 get_device_data       : No context for object [ffff88040d823190]
[    0.281564]      scan-1142 get_device_data       : No context for object [ffff88040d8231b8]
[    0.281761]      scan-1142 get_device_data       : No context for object [ffff88040d8231e0]
[    0.281955]      scan-1142 get_device_data       : No context for object [ffff88040d823208]
[    0.282150]      scan-1142 get_device_data       : No context for object [ffff88040d823230]
[    0.282345]      scan-1142 get_device_data       : No context for object [ffff88040d823258]
[    0.282494]      scan-1142 get_device_data       : No context for object [ffff88040d823280]
[    0.282670]      scan-1142 get_device_data       : No context for object [ffff88040d8232a8]
[    0.282865]      scan-1142 get_device_data       : No context for object [ffff88040d8232d0]
[    0.283062]      scan-1142 get_device_data       : No context for object [ffff88040d8232f8]
[    0.283256]      scan-1142 get_device_data       : No context for object [ffff88040d823320]
[    0.283443]      scan-1142 get_device_data       : No context for object [ffff88040d823348]
[    0.283638]      scan-1142 get_device_data       : No context for object [ffff88040d823370]
[    0.283833]      scan-1142 get_device_data       : No context for object [ffff88040d823398]
[    0.284028]      scan-1142 get_device_data       : No context for object [ffff88040d8233c0]
[    0.284226]     utils-0051 util_eval_error       : Evaluate [\_SB_.PCI0.PB3_.VGA_._STA]: AE_NOT_FOUND
[    0.284454]     video-0058 backlight_cap_match   : Found generic backlight support
[    0.284660] device: 'LNXVIDEO:00': device_add
[    0.284722] bus: 'acpi': add device LNXVIDEO:00
[    0.284808]      scan-1934 add_single_object     : Added LNXVIDEO:00 [\_SB_.PCI0.PB3_.VGA_] parent device:03
[    0.285011]      scan-1142 get_device_data       : No context for object [ffff88040d8233e8]
[    0.285206]      scan-1142 get_device_data       : No context for object [ffff88040d823410]
[    0.285401]      scan-1142 get_device_data       : No context for object [ffff88040d823438]
[    0.285595]      scan-1142 get_device_data       : No context for object [ffff88040d823460]
[    0.285790]      scan-1142 get_device_data       : No context for object [ffff88040d823488]
[    0.285986]      scan-1142 get_device_data       : No context for object [ffff88040d8234b0]
[    0.286184]      scan-1142 get_device_data       : No context for object [ffff88040d8234d8]
[    0.286381]      scan-1142 get_device_data       : No context for object [ffff88040d823500]
[    0.286562]      scan-1142 get_device_data       : No context for object [ffff88040d823528]
[    0.286669]      scan-1142 get_device_data       : No context for object [ffff88040d823550]
[    0.286866]      scan-1142 get_device_data       : No context for object [ffff88040d823578]
[    0.287063]      scan-1142 get_device_data       : No context for object [ffff88040d8235a0]
[    0.287261]      scan-1142 get_device_data       : No context for object [ffff88040d8235c8]
[    0.287411]      scan-1142 get_device_data       : No context for object [ffff88040d8235f0]
[    0.287588]      scan-1142 get_device_data       : No context for object [ffff88040d823618]
[    0.287786]      scan-1142 get_device_data       : No context for object [ffff88040d823640]
[    0.287983]      scan-1142 get_device_data       : No context for object [ffff88040d823668]
[    0.288180]      scan-1142 get_device_data       : No context for object [ffff88040d823690]
[    0.288357]      scan-1142 get_device_data       : No context for object [ffff88040d8236b8]
[    0.288555]      scan-1142 get_device_data       : No context for object [ffff88040d8236e0]
[    0.288752]      scan-1142 get_device_data       : No context for object [ffff88040d823708]
[    0.288949]      scan-1142 get_device_data       : No context for object [ffff88040d823730]
[    0.289146]      scan-1142 get_device_data       : No context for object [ffff88040d823758]
[    0.289337]      scan-1142 get_device_data       : No context for object [ffff88040d823780]
[    0.289535]      scan-1142 get_device_data       : No context for object [ffff88040d8237a8]
[    0.289732]      scan-1142 get_device_data       : No context for object [ffff88040d8237d0]
[    0.290002]      scan-1142 get_device_data       : No context for object [ffff88040d8237f8]
[    0.290200]      scan-1142 get_device_data       : No context for object [ffff88040d823820]
[    0.290398]      scan-1142 get_device_data       : No context for object [ffff88040d823848]
[    0.290595]      scan-1142 get_device_data       : No context for object [ffff88040d823870]
[    0.290792]      scan-1142 get_device_data       : No context for object [ffff88040d823898]
[    0.290989]      scan-1142 get_device_data       : No context for object [ffff88040d8238c0]
[    0.291186]      scan-1142 get_device_data       : No context for object [ffff88040d8238e8]
[    0.291383]      scan-1142 get_device_data       : No context for object [ffff88040d823910]
[    0.291581]      scan-1142 get_device_data       : No context for object [ffff88040d823938]
[    0.291778]      scan-1142 get_device_data       : No context for object [ffff88040d823960]
[    0.291976]      scan-1142 get_device_data       : No context for object [ffff88040d823988]
[    0.292173]      scan-1142 get_device_data       : No context for object [ffff88040d8239b0]
[    0.292371]      scan-1142 get_device_data       : No context for object [ffff88040d8239d8]
[    0.292547]      scan-1142 get_device_data       : No context for object [ffff88040d837460]
[    0.292745]      scan-1142 get_device_data       : No context for object [ffff88040d83ac08]
[    0.293336]      scan-1142 get_device_data       : No context for object [ffff88040d83ac30]
[    0.293533]      scan-1142 get_device_data       : No context for object [ffff88040d83ac58]
[    0.293732]     utils-0051 util_eval_error       : Evaluate [\_SB_.PCI0.PB3_.VGA_.CRT_._STA]: AE_NOT_FOUND
[    0.293958] device: 'device:04': device_add
[    0.294067] bus: 'acpi': add device device:04
[    0.294150]      scan-1934 add_single_object     : Added device:04 [\_SB_.PCI0.PB3_.VGA_.CRT_] parent LNXVIDEO:00
[    0.294353]      scan-1142 get_device_data       : No context for object [ffff88040d83ac80]
[    0.294551]      scan-1142 get_device_data       : No context for object [ffff88040d83aca8]
[    0.294748]      scan-1142 get_device_data       : No context for object [ffff88040d83acd0]
[    0.294926]      scan-1142 get_device_data       : No context for object [ffff88040d83acf8]
[    0.295123]      scan-1142 get_device_data       : No context for object [ffff88040d83ad20]
[    0.295322]     utils-0051 util_eval_error       : Evaluate [\_SB_.PCI0.PB3_.VGA_.LCD_._STA]: AE_NOT_FOUND
[    0.295569] device: 'device:05': device_add
[    0.295681] bus: 'acpi': add device device:05
[    0.295764]      scan-1934 add_single_object     : Added device:05 [\_SB_.PCI0.PB3_.VGA_.LCD_] parent LNXVIDEO:00
[    0.295946]      scan-1142 get_device_data       : No context for object [ffff88040d83ad48]
[    0.296798]      scan-1142 get_device_data       : No context for object [ffff88040d83ad70]
[    0.296996]      scan-1142 get_device_data       : No context for object [ffff88040d83ad98]
[    0.297193]      scan-1142 get_device_data       : No context for object [ffff88040d83adc0]
[    0.297390]      scan-1142 get_device_data       : No context for object [ffff88040d83ade8]
[    0.297566]      scan-1142 get_device_data       : No context for object [ffff88040d83ae10]
[    0.297763]      scan-1142 get_device_data       : No context for object [ffff88040d83ae38]
[    0.297961]      scan-1142 get_device_data       : No context for object [ffff88040d83ae60]
[    0.298160]     utils-0051 util_eval_error       : Evaluate [\_SB_.PCI0.PB3_.VGA_.TV0_._STA]: AE_NOT_FOUND
[    0.298395] device: 'device:06': device_add
[    0.298458] bus: 'acpi': add device device:06
[    0.298540]      scan-1934 add_single_object     : Added device:06 [\_SB_.PCI0.PB3_.VGA_.TV0_] parent LNXVIDEO:00
[    0.298722]      scan-1142 get_device_data       : No context for object [ffff88040d83ae88]
[    0.298917]      scan-1142 get_device_data       : No context for object [ffff88040d83aeb0]
[    0.299111]      scan-1142 get_device_data       : No context for object [ffff88040d83aed8]
[    0.299304]      scan-1142 get_device_data       : No context for object [ffff88040d83af00]
[    0.299482]      scan-1142 get_device_data       : No context for object [ffff88040d83af28]
[    0.299678]     utils-0051 util_eval_error       : Evaluate [\_SB_.PCI0.PB3_.VGA_.HDMI._STA]: AE_NOT_FOUND
[    0.299901] device: 'device:07': device_add
[    0.299960] bus: 'acpi': add device device:07
[    0.300017]      scan-1934 add_single_object     : Added device:07 [\_SB_.PCI0.PB3_.VGA_.HDMI] parent LNXVIDEO:00
[    0.300213]      scan-1142 get_device_data       : No context for object [ffff88040d83af50]
[    0.300409]      scan-1142 get_device_data       : No context for object [ffff88040d83af78]
[    0.300602]      scan-1142 get_device_data       : No context for object [ffff88040d83afa0]
[    0.300796]      scan-1142 get_device_data       : No context for object [ffff88040d83afc8]
[    0.300984]      scan-1142 get_device_data       : No context for object [ffff88040d823a00]
[    0.301174]     utils-0051 util_eval_error       : Evaluate [\_SB_.PCI0.PB3_.HDAU._STA]: AE_NOT_FOUND
[    0.301406] device: 'device:08': device_add
[    0.301467] bus: 'acpi': add device device:08
[    0.301550]      scan-1934 add_single_object     : Added device:08 [\_SB_.PCI0.PB3_.HDAU] parent device:03
[    0.301731]      scan-1142 get_device_data       : No context for object [ffff88040d823a28]
[    0.301925]      scan-1142 get_device_data       : No context for object [ffff88040d823a50]
[    0.302115]      scan-1142 get_device_data       : No context for object [ffff88040d823a78]
[    0.302305]      scan-1142 get_device_data       : No context for object [ffff88040d823aa0]
[    0.302482]      scan-1142 get_device_data       : No context for object [ffff88040d823ac8]
[    0.302675]      scan-1142 get_device_data       : No context for object [ffff88040d823af0]
[    0.302872]      scan-1142 get_device_data       : No context for object [ffff88040d823b18]
[    0.303064]     utils-0051 util_eval_error       : Evaluate [\_SB_.PCI0.PB4_._STA]: AE_NOT_FOUND
[    0.303336] device: 'device:09': device_add
[    0.303399] bus: 'acpi': add device device:09
[    0.303482]      scan-1934 add_single_object     : Added device:09 [\_SB_.PCI0.PB4_] parent PNP0A08:00
[    0.303664]      scan-1142 get_device_data       : No context for object [ffff88040d823b40]
[    0.303861]      scan-1142 get_device_data       : No context for object [ffff88040d823b68]
[    0.304058]      scan-1142 get_device_data       : No context for object [ffff88040d823b90]
[    0.304250]      scan-1142 get_device_data       : No context for object [ffff88040d823bb8]
[    0.304444]      scan-1142 get_device_data       : No context for object [ffff88040d823be0]
[    0.304641]      scan-1142 get_device_data       : No context for object [ffff88040d823c08]
[    0.304838]      scan-1142 get_device_data       : No context for object [ffff88040d823c30]
[    0.305035]      scan-1142 get_device_data       : No context for object [ffff88040d823c58]
[    0.305226]      scan-1142 get_device_data       : No context for object [ffff88040d823c80]
[    0.305419]      scan-1142 get_device_data       : No context for object [ffff88040d823ca8]
[    0.305617]      scan-1142 get_device_data       : No context for object [ffff88040d823cd0]
[    0.305814]      scan-1142 get_device_data       : No context for object [ffff88040d823cf8]
[    0.306011]      scan-1142 get_device_data       : No context for object [ffff88040d823d20]
[    0.306202]      scan-1142 get_device_data       : No context for object [ffff88040d823d48]
[    0.306396]      scan-1142 get_device_data       : No context for object [ffff88040d823d70]
[    0.306583]      scan-1142 get_device_data       : No context for object [ffff88040d823d98]
[    0.306670]      scan-1142 get_device_data       : No context for object [ffff88040d823dc0]
[    0.306868]      scan-1142 get_device_data       : No context for object [ffff88040d823de8]
[    0.307060]      scan-1142 get_device_data       : No context for object [ffff88040d823e10]
[    0.307252]      scan-1142 get_device_data       : No context for object [ffff88040d823e38]
[    0.307403]      scan-1142 get_device_data       : No context for object [ffff88040d823e60]
[    0.307580]      scan-1142 get_device_data       : No context for object [ffff88040d823e88]
[    0.307777]      scan-1142 get_device_data       : No context for object [ffff88040d823eb0]
[    0.307974]      scan-1142 get_device_data       : No context for object [ffff88040d823ed8]
[    0.308166]      scan-1142 get_device_data       : No context for object [ffff88040d823f00]
[    0.308339]      scan-1142 get_device_data       : No context for object [ffff88040d823f28]
[    0.308536]      scan-1142 get_device_data       : No context for object [ffff88040d823f50]
[    0.308733]      scan-1142 get_device_data       : No context for object [ffff88040d823f78]
[    0.308930]      scan-1142 get_device_data       : No context for object [ffff88040d823fa0]
[    0.309122]      scan-1142 get_device_data       : No context for object [ffff88040d823fc8]
[    0.309314]      scan-1142 get_device_data       : No context for object [ffff88040d825000]
[    0.309515]     utils-0051 util_eval_error       : Evaluate [\_SB_.PCI0.PB4_.XPDV._STA]: AE_NOT_FOUND
[    0.309748] device: 'device:0a': device_add
[    0.309811] bus: 'acpi': add device device:0a
[    0.310013]      scan-1934 add_single_object     : Added device:0a [\_SB_.PCI0.PB4_.XPDV] parent device:09
[    0.310211]      scan-1142 get_device_data       : No context for object [ffff88040d825028]
[    0.310404]      scan-1142 get_device_data       : No context for object [ffff88040d825050]
[    0.310583]      scan-1142 get_device_data       : No context for object [ffff88040d825078]
[    0.310780]      scan-1142 get_device_data       : No context for object [ffff88040d8250a0]
[    0.310978]      scan-1142 get_device_data       : No context for object [ffff88040d8250c8]
[    0.311175]      scan-1142 get_device_data       : No context for object [ffff88040d837500]
[    0.312378]      scan-1142 get_device_data       : No context for object [ffff88040d8250f0]
[    0.312526]      scan-1142 get_device_data       : No context for object [ffff88040d825118]
[    0.312704]     utils-0051 util_eval_error       : Evaluate [\_SB_.PCI0.PB5_._STA]: AE_NOT_FOUND
[    0.312999] device: 'device:0b': device_add
[    0.313062] bus: 'acpi': add device device:0b
[    0.313137]      scan-1934 add_single_object     : Added device:0b [\_SB_.PCI0.PB5_] parent PNP0A08:00
[    0.313334]      scan-1142 get_device_data       : No context for object [ffff88040d825140]
[    0.313507]      scan-1142 get_device_data       : No context for object [ffff88040d825168]
[    0.313706]      scan-1142 get_device_data       : No context for object [ffff88040d825190]
[    0.313903]      scan-1142 get_device_data       : No context for object [ffff88040d8251b8]
[    0.314102]      scan-1142 get_device_data       : No context for object [ffff88040d8251e0]
[    0.314294]      scan-1142 get_device_data       : No context for object [ffff88040d825208]
[    0.314467]      scan-1142 get_device_data       : No context for object [ffff88040d825230]
[    0.314661]      scan-1142 get_device_data       : No context for object [ffff88040d825258]
[    0.314859]      scan-1142 get_device_data       : No context for object [ffff88040d825280]
[    0.315056]      scan-1142 get_device_data       : No context for object [ffff88040d8252a8]
[    0.315252]      scan-1142 get_device_data       : No context for object [ffff88040d8252d0]
[    0.315441]      scan-1142 get_device_data       : No context for object [ffff88040d8252f8]
[    0.315631]      scan-1142 get_device_data       : No context for object [ffff88040d825320]
[    0.315825]      scan-1142 get_device_data       : No context for object [ffff88040d825348]
[    0.316019]      scan-1142 get_device_data       : No context for object [ffff88040d825370]
[    0.316213]      scan-1142 get_device_data       : No context for object [ffff88040d825398]
[    0.316402]      scan-1142 get_device_data       : No context for object [ffff88040d8253c0]
[    0.316545]      scan-1142 get_device_data       : No context for object [ffff88040d8253e8]
[    0.316669]      scan-1142 get_device_data       : No context for object [ffff88040d825410]
[    0.316864]      scan-1142 get_device_data       : No context for object [ffff88040d825438]
[    0.317058]      scan-1142 get_device_data       : No context for object [ffff88040d825460]
[    0.317249]      scan-1142 get_device_data       : No context for object [ffff88040d825488]
[    0.317421]      scan-1142 get_device_data       : No context for object [ffff88040d8254b0]
[    0.317612]      scan-1142 get_device_data       : No context for object [ffff88040d8254d8]
[    0.317807]      scan-1142 get_device_data       : No context for object [ffff88040d825500]
[    0.318001]      scan-1142 get_device_data       : No context for object [ffff88040d825528]
[    0.318194]      scan-1142 get_device_data       : No context for object [ffff88040d825550]
[    0.318384]      scan-1142 get_device_data       : No context for object [ffff88040d825578]
[    0.318573]      scan-1142 get_device_data       : No context for object [ffff88040d8255a0]
[    0.318767]      scan-1142 get_device_data       : No context for object [ffff88040d8255c8]
[    0.318962]      scan-1142 get_device_data       : No context for object [ffff88040d8255f0]
[    0.319157]     utils-0051 util_eval_error       : Evaluate [\_SB_.PCI0.PB5_.XPDV._STA]: AE_NOT_FOUND
[    0.319369] device: 'device:0c': device_add
[    0.319428] bus: 'acpi': add device device:0c
[    0.319503]      scan-1934 add_single_object     : Added device:0c [\_SB_.PCI0.PB5_.XPDV] parent device:0b
[    0.319684]      scan-1142 get_device_data       : No context for object [ffff88040d825618]
[    0.319882]      scan-1142 get_device_data       : No context for object [ffff88040d825640]
[    0.320131]      scan-1142 get_device_data       : No context for object [ffff88040d825668]
[    0.320324]      scan-1142 get_device_data       : No context for object [ffff88040d825690]
[    0.320497]      scan-1142 get_device_data       : No context for object [ffff88040d8256b8]
[    0.320690]      scan-1142 get_device_data       : No context for object [ffff88040d837528]
[    0.320888]      scan-1142 get_device_data       : No context for object [ffff88040d8256e0]
[    0.321085]      scan-1142 get_device_data       : No context for object [ffff88040d825708]
[    0.321283]     utils-0051 util_eval_error       : Evaluate [\_SB_.PCI0.PB6_._STA]: AE_NOT_FOUND
[    0.321487] device: 'device:0d': device_add
[    0.321549] bus: 'acpi': add device device:0d
[    0.321636]      scan-1934 add_single_object     : Added device:0d [\_SB_.PCI0.PB6_] parent PNP0A08:00
[    0.321838]      scan-1142 get_device_data       : No context for object [ffff88040d825730]
[    0.322036]      scan-1142 get_device_data       : No context for object [ffff88040d825758]
[    0.322232]      scan-1142 get_device_data       : No context for object [ffff88040d825780]
[    0.322424]      scan-1142 get_device_data       : No context for object [ffff88040d8257a8]
[    0.322618]      scan-1142 get_device_data       : No context for object [ffff88040d8257d0]
[    0.322815]      scan-1142 get_device_data       : No context for object [ffff88040d8257f8]
[    0.323012]      scan-1142 get_device_data       : No context for object [ffff88040d825820]
[    0.323209]      scan-1142 get_device_data       : No context for object [ffff88040d825848]
[    0.323335]      scan-1142 get_device_data       : No context for object [ffff88040d825870]
[    0.323509]      scan-1142 get_device_data       : No context for object [ffff88040d825898]
[    0.323708]      scan-1142 get_device_data       : No context for object [ffff88040d8258c0]
[    0.323905]      scan-1142 get_device_data       : No context for object [ffff88040d8258e8]
[    0.324103]      scan-1142 get_device_data       : No context for object [ffff88040d825910]
[    0.324295]      scan-1142 get_device_data       : No context for object [ffff88040d825938]
[    0.324441]      scan-1142 get_device_data       : No context for object [ffff88040d825960]
[    0.324614]      scan-1142 get_device_data       : No context for object [ffff88040d825988]
[    0.324811]      scan-1142 get_device_data       : No context for object [ffff88040d8259b0]
[    0.325009]      scan-1142 get_device_data       : No context for object [ffff88040d8259d8]
[    0.325206]      scan-1142 get_device_data       : No context for object [ffff88040d825a00]
[    0.325378]      scan-1142 get_device_data       : No context for object [ffff88040d825a28]
[    0.325571]      scan-1142 get_device_data       : No context for object [ffff88040d825a50]
[    0.325768]      scan-1142 get_device_data       : No context for object [ffff88040d825a78]
[    0.325965]      scan-1142 get_device_data       : No context for object [ffff88040d825aa0]
[    0.326162]      scan-1142 get_device_data       : No context for object [ffff88040d825ac8]
[    0.326354]      scan-1142 get_device_data       : No context for object [ffff88040d825af0]
[    0.326545]      scan-1142 get_device_data       : No context for object [ffff88040d825b18]
[    0.326797]      scan-1142 get_device_data       : No context for object [ffff88040d825b40]
[    0.326995]      scan-1142 get_device_data       : No context for object [ffff88040d825b68]
[    0.327193]      scan-1142 get_device_data       : No context for object [ffff88040d825b90]
[    0.327385]      scan-1142 get_device_data       : No context for object [ffff88040d825bb8]
[    0.327562]      scan-1142 get_device_data       : No context for object [ffff88040d825be0]
[    0.327760]     utils-0051 util_eval_error       : Evaluate [\_SB_.PCI0.PB6_.XPDV._STA]: AE_NOT_FOUND
[    0.327993] device: 'device:0e': device_add
[    0.328056] bus: 'acpi': add device device:0e
[    0.328138]      scan-1934 add_single_object     : Added device:0e [\_SB_.PCI0.PB6_.XPDV] parent device:0d
[    0.328338]      scan-1142 get_device_data       : No context for object [ffff88040d825c08]
[    0.328485]      scan-1142 get_device_data       : No context for object [ffff88040d825c30]
[    0.328657]      scan-1142 get_device_data       : No context for object [ffff88040d825c58]
[    0.328854]      scan-1142 get_device_data       : No context for object [ffff88040d825c80]
[    0.329051]      scan-1142 get_device_data       : No context for object [ffff88040d825ca8]
[    0.329249]      scan-1142 get_device_data       : No context for object [ffff88040d837550]
[    0.330002]      scan-1142 get_device_data       : No context for object [ffff88040d825cd0]
[    0.330193]      scan-1142 get_device_data       : No context for object [ffff88040d825cf8]
[    0.330389]     utils-0051 util_eval_error       : Evaluate [\_SB_.PCI0.PB7_._STA]: AE_NOT_FOUND
[    0.330685] device: 'device:0f': device_add
[    0.330748] bus: 'acpi': add device device:0f
[    0.330831]      scan-1934 add_single_object     : Added device:0f [\_SB_.PCI0.PB7_] parent PNP0A08:00
[    0.331011]      scan-1142 get_device_data       : No context for object [ffff88040d825d20]
[    0.331203]      scan-1142 get_device_data       : No context for object [ffff88040d825d48]
[    0.331397]      scan-1142 get_device_data       : No context for object [ffff88040d825d70]
[    0.331592]      scan-1142 get_device_data       : No context for object [ffff88040d825d98]
[    0.331787]      scan-1142 get_device_data       : No context for object [ffff88040d825dc0]
[    0.331980]      scan-1142 get_device_data       : No context for object [ffff88040d825de8]
[    0.332169]      scan-1142 get_device_data       : No context for object [ffff88040d825e10]
[    0.332360]      scan-1142 get_device_data       : No context for object [ffff88040d825e38]
[    0.332555]      scan-1142 get_device_data       : No context for object [ffff88040d825e60]
[    0.332750]      scan-1142 get_device_data       : No context for object [ffff88040d825e88]
[    0.333335]      scan-1142 get_device_data       : No context for object [ffff88040d825eb0]
[    0.333478]      scan-1142 get_device_data       : No context for object [ffff88040d825ed8]
[    0.333650]      scan-1142 get_device_data       : No context for object [ffff88040d825f00]
[    0.333842]      scan-1142 get_device_data       : No context for object [ffff88040d825f28]
[    0.334036]      scan-1142 get_device_data       : No context for object [ffff88040d825f50]
[    0.334231]      scan-1142 get_device_data       : No context for object [ffff88040d825f78]
[    0.334407]      scan-1142 get_device_data       : No context for object [ffff88040d825fa0]
[    0.334596]      scan-1142 get_device_data       : No context for object [ffff88040d825fc8]
[    0.334786]      scan-1142 get_device_data       : No context for object [ffff88040d827000]
[    0.334980]      scan-1142 get_device_data       : No context for object [ffff88040d827028]
[    0.335175]      scan-1142 get_device_data       : No context for object [ffff88040d827050]
[    0.335369]      scan-1142 get_device_data       : No context for object [ffff88040d827078]
[    0.335558]      scan-1142 get_device_data       : No context for object [ffff88040d8270a0]
[    0.335747]      scan-1142 get_device_data       : No context for object [ffff88040d8270c8]
[    0.335940]      scan-1142 get_device_data       : No context for object [ffff88040d8270f0]
[    0.336135]      scan-1142 get_device_data       : No context for object [ffff88040d827118]
[    0.336332]      scan-1142 get_device_data       : No context for object [ffff88040d827140]
[    0.336480]      scan-1142 get_device_data       : No context for object [ffff88040d827168]
[    0.336668]      scan-1142 get_device_data       : No context for object [ffff88040d827190]
[    0.336862]      scan-1142 get_device_data       : No context for object [ffff88040d8271b8]
[    0.337059]      scan-1142 get_device_data       : No context for object [ffff88040d8271e0]
[    0.337258]     utils-0051 util_eval_error       : Evaluate [\_SB_.PCI0.PB7_.XPDV._STA]: AE_NOT_FOUND
[    0.337456] device: 'device:10': device_add
[    0.337515] bus: 'acpi': add device device:10
[    0.337589]      scan-1934 add_single_object     : Added device:10 [\_SB_.PCI0.PB7_.XPDV] parent device:0f
[    0.337786]      scan-1142 get_device_data       : No context for object [ffff88040d827208]
[    0.337984]      scan-1142 get_device_data       : No context for object [ffff88040d827230]
[    0.338182]      scan-1142 get_device_data       : No context for object [ffff88040d827258]
[    0.338378]      scan-1142 get_device_data       : No context for object [ffff88040d827280]
[    0.338570]      scan-1142 get_device_data       : No context for object [ffff88040d8272a8]
[    0.338762]      scan-1142 get_device_data       : No context for object [ffff88040d837488]
[    0.338960]      scan-1142 get_device_data       : No context for object [ffff88040d8272d0]
[    0.339158]      scan-1142 get_device_data       : No context for object [ffff88040d8272f8]
[    0.339356]     utils-0051 util_eval_error       : Evaluate [\_SB_.PCI0.OHC1._STA]: AE_NOT_FOUND
[    0.339565] device: 'device:11': device_add
[    0.339624] bus: 'acpi': add device device:11
[    0.339696]      scan-1934 add_single_object     : Added device:11 [\_SB_.PCI0.OHC1] parent PNP0A08:00
[    0.339898]      scan-1142 get_device_data       : No context for object [ffff88040d827320]
[    0.340131]      scan-1142 get_device_data       : No context for object [ffff88040d827348]
[    0.340329]      scan-1142 get_device_data       : No context for object [ffff88040d83b2f8]
[    0.340502]     utils-0051 util_eval_error       : Evaluate [\_SB_.PCI0.OHC1.RHUB._STA]: AE_NOT_FOUND
[    0.340716] device: 'device:12': device_add
[    0.340778] bus: 'acpi': add device device:12
[    0.340860]      scan-1934 add_single_object     : Added device:12 [\_SB_.PCI0.OHC1.RHUB] parent device:11
[    0.341062]      scan-1142 get_device_data       : No context for object [ffff88040d83b320]
[    0.341260]      scan-1142 get_device_data       : No context for object [ffff88040d83b348]
[    0.341439]     utils-0051 util_eval_error       : Evaluate [\_SB_.PCI0.OHC1.RHUB.PRT3._STA]: AE_NOT_FOUND
[    0.341653] device: 'device:13': device_add
[    0.341712] bus: 'acpi': add device device:13
[    0.341797]      scan-1934 add_single_object     : Added device:13 [\_SB_.PCI0.OHC1.RHUB.PRT3] parent device:12
[    0.342000]      scan-1142 get_device_data       : No context for object [ffff88040d83b370]
[    0.342197]      scan-1142 get_device_data       : No context for object [ffff88040d83b398]
[    0.342394]      scan-1142 get_device_data       : No context for object [ffff88040d83b3c0]
[    0.342569]      scan-1142 get_device_data       : No context for object [ffff88040d83b3e8]
[    0.342762]     utils-0051 util_eval_error       : Evaluate [\_SB_.PCI0.OHC1.RHUB.PRT4._STA]: AE_NOT_FOUND
[    0.342997] device: 'device:14': device_add
[    0.343060] bus: 'acpi': add device device:14
[    0.343144]      scan-1934 add_single_object     : Added device:14 [\_SB_.PCI0.OHC1.RHUB.PRT4] parent device:12
[    0.343339]      scan-1142 get_device_data       : No context for object [ffff88040d83b410]
[    0.343487]      scan-1142 get_device_data       : No context for object [ffff88040d83b438]
[    0.343660]      scan-1142 get_device_data       : No context for object [ffff88040d83b460]
[    0.343853]      scan-1142 get_device_data       : No context for object [ffff88040d827370]
[    0.344052]     utils-0051 util_eval_error       : Evaluate [\_SB_.PCI0.EHC1._STA]: AE_NOT_FOUND
[    0.344348] device: 'device:15': device_add
[    0.344411] bus: 'acpi': add device device:15
[    0.344483]      scan-1934 add_single_object     : Added device:15 [\_SB_.PCI0.EHC1] parent PNP0A08:00
[    0.344659]      scan-1142 get_device_data       : No context for object [ffff88040d827398]
[    0.344852]      scan-1142 get_device_data       : No context for object [ffff88040d8273c0]
[    0.345049]      scan-1142 get_device_data       : No context for object [ffff88040d83b028]
[    0.345248]     utils-0051 util_eval_error       : Evaluate [\_SB_.PCI0.EHC1.RHUB._STA]: AE_NOT_FOUND
[    0.345447] device: 'device:16': device_add
[    0.345509] bus: 'acpi': add device device:16
[    0.345581]      scan-1934 add_single_object     : Added device:16 [\_SB_.PCI0.EHC1.RHUB] parent device:15
[    0.345779]      scan-1142 get_device_data       : No context for object [ffff88040d83b050]
[    0.345976]      scan-1142 get_device_data       : No context for object [ffff88040d83b078]
[    0.346176]     utils-0051 util_eval_error       : Evaluate [\_SB_.PCI0.EHC1.RHUB.PRT3._STA]: AE_NOT_FOUND
[    0.346395] device: 'device:17': device_add
[    0.346454] bus: 'acpi': add device device:17
[    0.346527]      scan-1934 add_single_object     : Added device:17 [\_SB_.PCI0.EHC1.RHUB.PRT3] parent device:16
[    0.346670]      scan-1142 get_device_data       : No context for object [ffff88040d83b0a0]
[    0.346869]      scan-1142 get_device_data       : No context for object [ffff88040d83b0c8]
[    0.347066]      scan-1142 get_device_data       : No context for object [ffff88040d83b0f0]
[    0.347263]      scan-1142 get_device_data       : No context for object [ffff88040d83b118]
[    0.348425]     utils-0051 util_eval_error       : Evaluate [\_SB_.PCI0.EHC1.RHUB.PRT4._STA]: AE_NOT_FOUND
[    0.348638] device: 'device:18': device_add
[    0.348701] bus: 'acpi': add device device:18
[    0.348787]      scan-1934 add_single_object     : Added device:18 [\_SB_.PCI0.EHC1.RHUB.PRT4] parent device:16
[    0.348988]      scan-1142 get_device_data       : No context for object [ffff88040d83b140]
[    0.349183]      scan-1142 get_device_data       : No context for object [ffff88040d83b168]
[    0.349376]      scan-1142 get_device_data       : No context for object [ffff88040d83b190]
[    0.349565]      scan-1142 get_device_data       : No context for object [ffff88040d8273e8]
[    0.349758]     utils-0051 util_eval_error       : Evaluate [\_SB_.PCI0.OHC2._STA]: AE_NOT_FOUND
[    0.350096] device: 'device:19': device_add
[    0.350156] bus: 'acpi': add device device:19
[    0.350239]      scan-1934 add_single_object     : Added device:19 [\_SB_.PCI0.OHC2] parent PNP0A08:00
[    0.350437]      scan-1142 get_device_data       : No context for object [ffff88040d827410]
[    0.350627]      scan-1142 get_device_data       : No context for object [ffff88040d827438]
[    0.350817]      scan-1142 get_device_data       : No context for object [ffff88040d83b488]
[    0.351012]     utils-0051 util_eval_error       : Evaluate [\_SB_.PCI0.OHC2.RHUB._STA]: AE_NOT_FOUND
[    0.351243] device: 'device:1a': device_add
[    0.351304] bus: 'acpi': add device device:1a
[    0.351386]      scan-1934 add_single_object     : Added device:1a [\_SB_.PCI0.OHC2.RHUB] parent device:19
[    0.351584]      scan-1142 get_device_data       : No context for object [ffff88040d83b4b0]
[    0.351774]      scan-1142 get_device_data       : No context for object [ffff88040d83b4d8]
[    0.351969]     utils-0051 util_eval_error       : Evaluate [\_SB_.PCI0.OHC2.RHUB.PRT4._STA]: AE_NOT_FOUND
[    0.352200] device: 'device:1b': device_add
[    0.352261] bus: 'acpi': add device device:1b
[    0.352347]      scan-1934 add_single_object     : Added device:1b [\_SB_.PCI0.OHC2.RHUB.PRT4] parent device:1a
[    0.352499]      scan-1142 get_device_data       : No context for object [ffff88040d83b500]
[    0.352671]      scan-1142 get_device_data       : No context for object [ffff88040d83b528]
