[    0.000000] Initializing cgroup subsys cpuset
[    0.000000] Initializing cgroup subsys cpu
[    0.000000] Initializing cgroup subsys cpuacct
[    0.000000] Linux version 3.16.0-rc7-MANJAROed (emacs@manji) (gcc version 4.9.0 20140604 (prerelease) (GCC) ) #16 SMP Tue Jul 29 05:38:10 CEST 2014
[    0.000000] Command line: BOOT_IMAGE=/vmlinuz-316-x86_64 root=UUID=bfa4ab6e-19a3-4601-ba2b-267c55841c73 rw cryptdevice=/dev/disk/by-uuid/70c08890-417a-497d-b6ab-c0d0357a63e2:cryptManjaro:allow-discards ipv6.disable=1 pnp.debug=1 loglevel=9 log_buf_len=10M printk.always_kmsg_dump=y printk.time=y mminit_loglevel=0 memory_corruption_check=1 acpi.debug_layer=0xfbff0000 acpi.debug_level=0xFFFFFFFD pnp.debug=1 nohz=on rcu_nocbs=1-3 pcie_aspm=force nofb
[    0.000000] KERNEL supported cpus:
[    0.000000]   AMD AuthenticAMD
[    0.000000] e820: BIOS-provided physical RAM map:
[    0.000000] BIOS-e820: [mem 0x0000000000000000-0x000000000009d7ff] usable
[    0.000000] BIOS-e820: [mem 0x000000000009d800-0x000000000009ffff] reserved
[    0.000000] BIOS-e820: [mem 0x00000000000e0000-0x00000000000fffff] reserved
[    0.000000] BIOS-e820: [mem 0x0000000000100000-0x00000000bed9afff] usable
[    0.000000] BIOS-e820: [mem 0x00000000bed9b000-0x00000000bf39afff] reserved
[    0.000000] BIOS-e820: [mem 0x00000000bf39b000-0x00000000bf49afff] ACPI NVS
[    0.000000] BIOS-e820: [mem 0x00000000bf49b000-0x00000000bf51afff] ACPI data
[    0.000000] BIOS-e820: [mem 0x00000000bf51b000-0x00000000bfdfffff] usable
[    0.000000] BIOS-e820: [mem 0x00000000bfe00000-0x00000000bfffffff] reserved
[    0.000000] BIOS-e820: [mem 0x00000000fec00000-0x00000000fecfffff] reserved
[    0.000000] BIOS-e820: [mem 0x00000000fed80000-0x00000000fed80fff] reserved
[    0.000000] BIOS-e820: [mem 0x00000000ffe00000-0x00000000ffffffff] reserved
[    0.000000] BIOS-e820: [mem 0x0000000100000000-0x000000041effffff] usable
[    0.000000] NX (Execute Disable) protection: active
[    0.000000] SMBIOS 2.6 present.
[    0.000000] DMI: LENOVO Sabine/Torpedo, BIOS 54CN18WW 07/20/2011
[    0.000000] e820: update [mem 0x00000000-0x00000fff] usable ==> reserved
[    0.000000] e820: remove [mem 0x000a0000-0x000fffff] usable
[    0.000000] e820: last_pfn = 0x41f000 max_arch_pfn = 0x400000000
[    0.000000] MTRR default type: uncachable
[    0.000000] MTRR fixed ranges enabled:
[    0.000000]   00000-9FFFF write-back
[    0.000000]   A0000-BFFFF uncachable
[    0.000000]   C0000-FFFFF write-protect
[    0.000000] MTRR variable ranges enabled:
[    0.000000]   0 base 0000000000 mask FF80000000 write-back
[    0.000000]   1 base 0080000000 mask FFC0000000 write-back
[    0.000000]   2 base 00FFF90000 mask FFFFFF0000 uncachable
[    0.000000]   3 base 00FED80000 mask 0FFFFFF000 uncachable
[    0.000000]   4 disabled
[    0.000000]   5 disabled
[    0.000000]   6 disabled
[    0.000000]   7 base 00FFE00000 mask FFFFE00000 write-protect
[    0.000000] TOM2: 000000041f000000 aka 16880M
[    0.000000] mtrr: your BIOS has configured an incorrect mask, fixing it.
[    0.000000] e820: last_pfn = 0xbfe00 max_arch_pfn = 0x400000000
[    0.000000] found SMP MP-table at [mem 0x000fa8b0-0x000fa8bf] mapped at [ffff8800000fa8b0]
[    0.000000] Base memory trampoline at [ffff880000097000] 97000 size 24576
[    0.000000] Using GB pages for direct mapping
[    0.000000] init_memory_mapping: [mem 0x00000000-0x000fffff]
[    0.000000]  [mem 0x00000000-0x000fffff] page 4k
[    0.000000] BRK [0x01c11000, 0x01c11fff] PGTABLE
[    0.000000] BRK [0x01c12000, 0x01c12fff] PGTABLE
[    0.000000] BRK [0x01c13000, 0x01c13fff] PGTABLE
[    0.000000] init_memory_mapping: [mem 0x41ee00000-0x41effffff]
[    0.000000]  [mem 0x41ee00000-0x41effffff] page 2M
[    0.000000] BRK [0x01c14000, 0x01c14fff] PGTABLE
[    0.000000] init_memory_mapping: [mem 0x41c000000-0x41edfffff]
[    0.000000]  [mem 0x41c000000-0x41edfffff] page 2M
[    0.000000] init_memory_mapping: [mem 0x400000000-0x41bffffff]
[    0.000000]  [mem 0x400000000-0x41bffffff] page 2M
[    0.000000] init_memory_mapping: [mem 0x00100000-0xbed9afff]
[    0.000000]  [mem 0x00100000-0x001fffff] page 4k
[    0.000000]  [mem 0x00200000-0x3fffffff] page 2M
[    0.000000]  [mem 0x40000000-0x7fffffff] page 1G
[    0.000000]  [mem 0x80000000-0xbebfffff] page 2M
[    0.000000]  [mem 0xbec00000-0xbed9afff] page 4k
[    0.000000] init_memory_mapping: [mem 0xbf51b000-0xbfdfffff]
[    0.000000]  [mem 0xbf51b000-0xbf5fffff] page 4k
[    0.000000]  [mem 0xbf600000-0xbfdfffff] page 2M
[    0.000000] BRK [0x01c15000, 0x01c15fff] PGTABLE
[    0.000000] init_memory_mapping: [mem 0x100000000-0x3ffffffff]
[    0.000000]  [mem 0x100000000-0x3ffffffff] page 1G
[    0.000000] log_buf_len: 16777216
[    0.000000] early log buf free: 2092392(99%)
[    0.000000] RAMDISK: [mem 0x37856000-0x37c22fff]
[    0.000000] ACPI: Early table checksum verification disabled
[    0.000000] ACPI: RSDP 0x00000000000F0110 000024 (v02 LENOVO)
[    0.000000] ACPI: XSDT 0x00000000BF51A120 000074 (v01 LENOVO CB-01    00000001 LENO 00000001)
[    0.000000] ACPI: FACP 0x00000000BF508000 0000F4 (v04 LENOVO CB-01    00000001 PTL  00000001)
[    0.000000] ACPI: DSDT 0x00000000BF50A000 00FD10 (v01 LENOVO CB-01    00001000 LENO 00000001)
[    0.000000] ACPI: FACS 0x00000000BF478000 000040
[    0.000000] ACPI: HPET 0x00000000BF507000 000038 (v01 LENOVO CB-01    00000001 PTL  00000001)
[    0.000000] ACPI: APIC 0x00000000BF506000 00007A (v02 LENOVO CB-01    00000001 PTL  00000001)
[    0.000000] ACPI: MCFG 0x00000000BF505000 00003C (v01 LENOVO CB-01    00000001 PTL  00000001)
[    0.000000] ACPI: SLIC 0x00000000BF504000 000176 (v01 LENOVO CB-01    00000001 LENO 00000001)
[    0.000000] ACPI: UEFI 0x00000000BF503000 00003E (v01 LENOVO CB-01    00000001 PTL  00000001)
[    0.000000] ACPI: UEFI 0x00000000BF502000 000042 (v01 PTL    COMBUF   00000001 PTL  00000001)
[    0.000000] ACPI: SSDT 0x00000000BF501000 000E34 (v01 AMD    POWERNOW 00000001 AMD  00000001)
[    0.000000] ACPI: SSDT 0x00000000BF4FF000 00193D (v02 AMD    ALIB     00000001 MSFT 04000000)
[    0.000000] ACPI: UEFI 0x00000000BF4FE000 00021A (v01 LENOVO CB-01    00000001 PTL  00000001)
[    0.000000] ACPI: Local APIC address 0xfee00000
[    0.000000] No NUMA configuration found
[    0.000000] Faking a node at [mem 0x0000000000000000-0x000000041effffff]
[    0.000000] Initmem setup node 0 [mem 0x00000000-0x41effffff]
[    0.000000]   NODE_DATA [mem 0x41dffa000-0x41dffdfff]
[    0.000000]  [ffffea0000000000-ffffea00107fffff] PMD -> [ffff88040de00000-ffff88041d5fffff] on node 0
[    0.000000] Zone ranges:
[    0.000000]   DMA      [mem 0x00001000-0x00ffffff]
[    0.000000]   DMA32    [mem 0x01000000-0xffffffff]
[    0.000000]   Normal   [mem 0x100000000-0x41effffff]
[    0.000000] Movable zone start for each node
[    0.000000] Early memory node ranges
[    0.000000]   node   0: [mem 0x00001000-0x0009cfff]
[    0.000000]   node   0: [mem 0x00100000-0xbed9afff]
[    0.000000]   node   0: [mem 0xbf51b000-0xbfdfffff]
[    0.000000]   node   0: [mem 0x100000000-0x41effffff]
[    0.000000] On node 0 totalpages: 4056604
[    0.000000]   DMA zone: 64 pages used for memmap
[    0.000000]   DMA zone: 21 pages reserved
[    0.000000]   DMA zone: 3996 pages, LIFO batch:0
[    0.000000]   DMA32 zone: 12186 pages used for memmap
[    0.000000]   DMA32 zone: 779904 pages, LIFO batch:31
[    0.000000]   Normal zone: 51136 pages used for memmap
[    0.000000]   Normal zone: 3272704 pages, LIFO batch:31
[    0.000000] ACPI: PM-Timer IO Port: 0x808
[    0.000000] ACPI: Local APIC address 0xfee00000
[    0.000000] ACPI: LAPIC (acpi_id[0x00] lapic_id[0x00] enabled)
[    0.000000] ACPI: LAPIC (acpi_id[0x01] lapic_id[0x01] enabled)
[    0.000000] ACPI: LAPIC (acpi_id[0x02] lapic_id[0x02] enabled)
[    0.000000] ACPI: LAPIC (acpi_id[0x03] lapic_id[0x03] enabled)
[    0.000000] ACPI: LAPIC_NMI (acpi_id[0x00] high edge lint[0x1])
[    0.000000] ACPI: LAPIC_NMI (acpi_id[0x01] high edge lint[0x1])
[    0.000000] ACPI: LAPIC_NMI (acpi_id[0x02] high edge lint[0x1])
[    0.000000] ACPI: LAPIC_NMI (acpi_id[0x03] high edge lint[0x1])
[    0.000000] ACPI: IOAPIC (id[0x02] address[0xfec00000] gsi_base[0])
[    0.000000] IOAPIC[0]: apic_id 2, version 33, address 0xfec00000, GSI 0-23
[    0.000000] ACPI: INT_SRC_OVR (bus 0 bus_irq 0 global_irq 2 dfl dfl)
[    0.000000] ACPI: IRQ0 used by override.
[    0.000000] ACPI: IRQ2 used by override.
[    0.000000] ACPI: IRQ9 used by override.
[    0.000000] Using ACPI (MADT) for SMP configuration information
[    0.000000] ACPI: HPET id: 0x43538210 base: 0xfed00000
[    0.000000] smpboot: Allowing 4 CPUs, 0 hotplug CPUs
[    0.000000] nr_irqs_gsi: 40
[    0.000000] e820: [mem 0xc0000000-0xfebfffff] available for PCI devices
[    0.000000] setup_percpu: NR_CPUS:64 nr_cpumask_bits:64 nr_cpu_ids:4 nr_node_ids:1
[    0.000000] PERCPU: Embedded 27 pages/cpu @ffff88041dc00000 s80128 r8192 d22272 u524288
[    0.000000] pcpu-alloc: s80128 r8192 d22272 u524288 alloc=1*2097152
[    0.000000] pcpu-alloc: [0] 0 1 2 3 
[    0.000000] Built 1 zonelists in Zone order, mobility grouping on.  Total pages: 3993197
[    0.000000] Policy zone: Normal
[    0.000000] Kernel command line: BOOT_IMAGE=/vmlinuz-316-x86_64 root=UUID=bfa4ab6e-19a3-4601-ba2b-267c55841c73 rw cryptdevice=/dev/disk/by-uuid/70c08890-417a-497d-b6ab-c0d0357a63e2:cryptManjaro:allow-discards ipv6.disable=1 pnp.debug=1 loglevel=9 log_buf_len=10M printk.always_kmsg_dump=y printk.time=y mminit_loglevel=0 memory_corruption_check=1 acpi.debug_layer=0xfbff0000 acpi.debug_level=0xFFFFFFFD pnp.debug=1 nohz=on rcu_nocbs=1-3 pcie_aspm=force nofb
[    0.000000] PCIe ASPM is forcibly enabled
[    0.000000] PID hash table entries: 4096 (order: 3, 32768 bytes)
[    0.000000] Memory: 15873056K/16226416K available (5216K kernel code, 711K rwdata, 1912K rodata, 844K init, 2580K bss, 353360K reserved)
[    0.000000] SLUB: HWalign=64, Order=0-3, MinObjects=0, CPUs=4, Nodes=1
[    0.000000] Hierarchical RCU implementation.
[    0.000000] 	RCU dyntick-idle grace-period acceleration is enabled.
[    0.000000] 	Additional per-CPU info printed with stalls.
[    0.000000] 	RCU restricting CPUs from NR_CPUS=64 to nr_cpu_ids=4.
[    0.000000] 	Offload RCU callbacks from all CPUs
[    0.000000] 	Offload RCU callbacks from CPUs: 0-3.
[    0.000000] RCU: Adjusting geometry for rcu_fanout_leaf=16, nr_cpu_ids=4
[    0.000000] NO_HZ: Full dynticks CPUs: 1-63.
[    0.000000] NR_IRQS:4352 nr_irqs:712 16
[    0.000000] spurious 8259A interrupt: IRQ7.
[    0.000000] Console: colour VGA+ 80x25
[    0.000000] console [tty0] enabled
[    0.000000] allocated 65011712 bytes of page_cgroup
[    0.000000] please try 'cgroup_disable=memory' option if you don't want memory cgroups
[    0.000000] hpet clockevent registered
[    0.000000] tsc: Fast TSC calibration using PIT
[    0.000000] tsc: Detected 1397.504 MHz processor
[    0.000042] Calibrating delay loop (skipped), value calculated using timer frequency.. 2796.46 BogoMIPS (lpj=4658346)
[    0.000122] pid_max: default: 32768 minimum: 301
[    0.000169] ACPI: Core revision 20140424
[    0.015245] ACPI: All ACPI Tables successfully acquired
[    0.017215] Security Framework initialized
[    0.019082] Dentry cache hash table entries: 2097152 (order: 12, 16777216 bytes)
[    0.023758] Inode-cache hash table entries: 1048576 (order: 11, 8388608 bytes)
[    0.025980] Mount-cache hash table entries: 32768 (order: 6, 262144 bytes)
[    0.026088] Mountpoint-cache hash table entries: 32768 (order: 6, 262144 bytes)
[    0.026490] Initializing cgroup subsys memory
[    0.026602] Initializing cgroup subsys devices
[    0.026647] Initializing cgroup subsys freezer
[    0.026688] Initializing cgroup subsys blkio
[    0.026753] tseg: 00bfe00000
[    0.026793] CPU: Physical Processor ID: 0
[    0.026831] CPU: Processor Core ID: 0
[    0.026870] mce: CPU supports 6 MCE banks
[    0.026918] Last level iTLB entries: 4KB 512, 2MB 16, 4MB 8
Last level dTLB entries: 4KB 1024, 2MB 128, 4MB 64, 1GB 0
tlb_flushall_shift: 6
[    0.027105] Freeing SMP alternatives memory: 20K (ffffffff81986000 - ffffffff8198b000)
[    0.027672] ..TIMER: vector=0x30 apic1=0 pin1=2 apic2=-1 pin2=-1
[    0.060730] smpboot: CPU0: AMD A6-3400M APU with Radeon(tm) HD Graphics (fam: 12, model: 01, stepping: 00)
[    0.167553] Performance Events: AMD PMU driver.
[    0.167629] ... version:                0
[    0.167668] ... bit width:              48
[    0.167707] ... generic registers:      4
[    0.167746] ... value mask:             0000ffffffffffff
[    0.167785] ... max period:             00007fffffffffff
[    0.167825] ... fixed-purpose events:   0
[    0.167863] ... event mask:             000000000000000f
[    0.168238] MCE: In-kernel MCE decoding enabled.
[    0.168386] NMI watchdog: enabled on all CPUs, permanently consumes one hw-PMU counter.
[    0.168565] x86: Booting SMP configuration:
[    0.168652] .... node  #0, CPUs:      #1
[    0.181922] TSC synchronization [CPU#0 -> CPU#1]:
[    0.182044] Measured 131942319 cycles TSC warp between CPUs, turning off TSC clock.
[    0.182089] tsc: Marking TSC unstable due to check_tsc_sync_source failed
[    0.182253]  #2 #3
[    0.204755] x86: Booted up 1 node, 4 CPUs
[    0.204832] smpboot: Total of 4 processors activated (11184.86 BogoMIPS)
[    0.103421] devtmpfs: initialized
[    0.103460] device: 'platform': device_add
[    0.103530] bus: 'platform': registered
[    0.103576] bus: 'cpu': registered
[    0.103616] device: 'cpu': device_add
[    0.103671] bus: 'container': registered
[    0.103711] device: 'container': device_add
[    0.103942] bus: 'workqueue': registered
[    0.103942] device: 'workqueue': device_add
[    0.103942] kworker/u8:0 (39) used greatest stack depth: 14144 bytes left
[    0.106888] atomic64_test: passed for x86-64 platform with CX8 and with SSE
[    0.106979] device class 'regulator': registering
[    0.107051] Registering platform device 'reg-dummy'. Parent at platform
[    0.107092] device: 'reg-dummy': device_add
[    0.107135] bus: 'platform': add device reg-dummy
[    0.107190] bus: 'platform': add driver reg-dummy
[    0.107233] bus: 'platform': driver_probe_device: matched device reg-dummy with driver reg-dummy
[    0.107278] bus: 'platform': really_probe: probing driver reg-dummy with device reg-dummy
[    0.107327] device: 'regulator.0': device_add
[    0.107385] regulator-dummy: no parameters
[    0.107434] driver: 'reg-dummy': driver_bound: bound to device 'reg-dummy'
[    0.107476] bus: 'platform': really_probe: bound device reg-dummy to driver reg-dummy
[    0.107594] NET: Registered protocol family 16
[    0.107783] device class 'bdi': registering
[    0.107885] bus: 'platform': add driver ramoops
[    0.107943] device class 'pci_bus': registering
[    0.108002] bus: 'pci': registered
[    0.108045] device class 'backlight': registering
[    0.108089] device class 'tty': registering
[    0.108134] device class 'vtconsole': registering
[    0.108180] device: 'vtcon0': device_add
[    0.108250] bus: 'node': registered
[    0.108290] device: 'node': device_add
[    0.108348] bus: 'i2c': registered
[    0.108387] bus: 'i2c': add driver dummy
[    0.108430] i2c-core: driver [dummy] registered
[    0.108472] cpuidle: using governor ladder
[    0.108510] cpuidle: using governor menu
[    0.108774] ACPI FADT declares the system doesn't support PCIe ASPM, so disable it
[    0.108863] ACPI: bus type PCI registered
[    0.108902] acpiphp: ACPI Hot Plug PCI Controller Driver version: 0.5
[    0.108945] device class 'dmi': registering
[    0.108992] device: 'id': device_add
[    0.109150] PCI: MMCONFIG for domain 0000 [bus 00-3f] at [mem 0xf8000000-0xfbffffff] (base 0xf8000000)
[    0.109192] PCI: not using MMCONFIG
[    0.109228] PCI: Using configuration type 1 for base access
[    0.109265] PCI: Using configuration type 1 for extended access
[    0.109374] device: 'node0': device_add
[    0.109426] bus: 'node': add device node0
[    0.109485] device: 'cpu0': device_add
[    0.109522] bus: 'cpu': add device cpu0
[    0.109585] device: 'cpu1': device_add
[    0.109623] bus: 'cpu': add device cpu1
[    0.109689] device: 'cpu2': device_add
[    0.109730] bus: 'cpu': add device cpu2
[    0.109805] device: 'cpu3': device_add
[    0.109895] bus: 'cpu': add device cpu3
[    0.116744] device: 'writeback': device_add
[    0.116801] bus: 'workqueue': add device writeback
[    0.116890] device: 'default': device_add
[    0.117061] device class 'block': registering
[    0.117061] ACPI: Added _OSI(Module Device)
[    0.117061] ACPI: Added _OSI(Processor Device)
[    0.117061] ACPI: Added _OSI(3.0 _SCP Extensions)
[    0.117061] ACPI: Added _OSI(Processor Aggregator Device)
[    0.120324] 
**** Context Switch from TID 4294967295 to TID 137625600 ****

[    0.120422]     utils-0051 util_eval_error       : Evaluate [\_SB_.PCI0.LPC0.EC0_._GLK]: AE_NOT_FOUND
[    0.120887] Executing  Method       \_SB_.PCI0.LPC0.EC0_._REG
[    0.121579] Executing  Method       \_SB_.PCI0.LPC0.EC0_._REG
[    0.121758] Executing  Method       \_SB_.PCI0.LPC0.EC0_._REG
[    0.121909] Executing  Method       \_SB_.PCI0.LPC0.EC0_._REG
[    0.124603] Initializing Region       \_SB_.OSTY
[    0.124789] Initializing Region       \_SB_.PCI0.NBMS
[    0.124916] Initializing Region       \_SB_.PCI0.NBXP
[    0.125036] Initializing Region       \_SB_.PCI0.K8ST
[    0.125176] Initializing Region       \_SB_.PCI0.BAR1
[    0.125299] Initializing Region       \_SB_.PCI0.PB2_.XPEX
[    0.125415] Initializing Region       \_SB_.PCI0.PB2_.PCFG
[    0.125531] Initializing Region       \_SB_.PCI0.PB2_.XPCB
[    0.125647] Initializing Region       \_SB_.PCI0.PB2_.XPRI
[    0.125771] Initializing Region       \_SB_.PCI0.PB2_.VGA_.PCFG
[    0.125956] Initializing Region       \_SB_.PCI0.PB2_.HDAU.PCFG
[    0.126111] Initializing Region       \_SB_.PCI0.PB3_.XPEX
[    0.126230] Initializing Region       \_SB_.PCI0.PB3_.PCFG
[    0.126346] Initializing Region       \_SB_.PCI0.PB3_.XPCB
[    0.126462] Initializing Region       \_SB_.PCI0.PB3_.XPRI
[    0.126580] Initializing Region       \_SB_.PCI0.PB3_.VGA_.PCFG
[    0.126718] Initializing Region       \_SB_.PCI0.PB3_.HDAU.PCFG
[    0.126865] Initializing Region       \_SB_.PCI0.PB4_.XPEX
[    0.126986] Initializing Region       \_SB_.PCI0.PB4_.PCFG
[    0.127101] Initializing Region       \_SB_.PCI0.PB4_.XPCB
[    0.127223] Initializing Region       \_SB_.PCI0.PB4_.XPRI
[    0.127344] Initializing Region       \_SB_.PCI0.PB4_.XPDV.PCFG
[    0.127485] Initializing Region       \_SB_.PCI0.PB5_.XPEX
[    0.127610] Initializing Region       \_SB_.PCI0.PB5_.PCFG
[    0.127725] Initializing Region       \_SB_.PCI0.PB5_.XPCB
[    0.127834] Initializing Region       \_SB_.PCI0.PB5_.XPRI
[    0.127945] Initializing Region       \_SB_.PCI0.PB5_.XPDV.PCFG
[    0.128060] Initializing Region       \_SB_.PCI0.PB6_.XPEX
[    0.128167] Initializing Region       \_SB_.PCI0.PB6_.PCFG
[    0.128274] Initializing Region       \_SB_.PCI0.PB6_.XPCB
[    0.128381] Initializing Region       \_SB_.PCI0.PB6_.XPRI
[    0.128490] Initializing Region       \_SB_.PCI0.PB6_.XPDV.PCFG
[    0.128617] Initializing Region       \_SB_.PCI0.PB7_.XPEX
[    0.128727] Initializing Region       \_SB_.PCI0.PB7_.PCFG
[    0.128842] Initializing Region       \_SB_.PCI0.PB7_.XPCB
[    0.128958] Initializing Region       \_SB_.PCI0.PB7_.XPRI
[    0.129079] Initializing Region       \_SB_.PCI0.PB7_.XPDV.PCFG
[    0.129357] Initializing Region       \_SB_.PCI0.SATC
[    0.129510] Initializing Region       \_SB_.PCI0.RMEM
[    0.129648] Initializing Region       \_SB_.PCI0.SATA.SATX
[    0.129772] Initializing Region       \_SB_.PCI0.SATA.BAR5
[    0.150178] Initializing Region       \_SB_.PCI0.SMB_.SBRV
[    0.150352] Initializing Region       \_SB_.PCI0.SMB_.PMIO
[    0.150469] Initializing Region       \_SB_.PCI0.SMB_.ERMM
[    0.150669] Initializing Region       \_SB_.PCI0.SMB_.P1E0
[    0.150842] Initializing Region       \_SB_.PCI0.SMB_.ABIO
[    0.150959] Initializing Region       \_SB_.PCI0.SMB_.SMB0
[    0.151077] Initializing Region       \_SB_.PCI0.LPC0.PIRQ
[    0.151227] Initializing Region       \_SB_.PCI0.LPC0.LPCR
[    0.151422] Initializing Region       \_SB_.PCI0.LPC0.LPCS
[    0.151591] Initializing Region       \_SB_.PCI0.LPC0.SMI0
[    0.151706] Initializing Region       \_SB_.PCI0.LPC0.SMI1
[    0.151826] Initializing Region       \_SB_.PCI0.LPC0.EC0_.ECO1
[    0.151942] Initializing Region       \_SB_.PCI0.LPC0.EC0_.ECO2
[    0.152057] Initializing Region       \_SB_.PCI0.LPC0.EC0_.ECMB
[    0.152173] Initializing Region       \_SB_.PCI0.LPC0.EC0_.RAM_
[    0.152357] Initializing Region       \_SB_.PCI0.LPC0.EC0_.CMOS
[    0.152500] Initializing Region       \_SB_.PCI0.LPC0.EC0_.VPC0.ERAM
[    0.153385] Initializing Region       \_SB_.PCI0.SPB0.PCFG
[    0.153547] Initializing Region       \_SB_.PCI0.SPB0.XPCB
[    0.153665] Initializing Region       \_SB_.PCI0.SPB0.XPDV.PCFG
[    0.153789] Initializing Region       \_SB_.PCI0.SPB1.PCFG
[    0.153905] Initializing Region       \_SB_.PCI0.SPB1.XPCB
[    0.154023] Initializing Region       \_SB_.PCI0.SPB1.XPDV.PCFG
[    0.154146] Initializing Region       \_SB_.PCI0.SPB2.PCFG
[    0.154262] Initializing Region       \_SB_.PCI0.SPB2.XPCB
[    0.154380] Initializing Region       \_SB_.PCI0.SPB2.XPDV.PCFG
[    0.154503] Initializing Region       \_SB_.PCI0.SPB3.PCFG
[    0.154619] Initializing Region       \_SB_.PCI0.SPB3.XPCB
[    0.154737] Initializing Region       \_SB_.PCI0.SPB3.XPDV.PCFG
[    0.154951] Initializing Region       \_SB_.PCI0.VGA_.REVD
[    0.155246] Initializing BufferField  \_SB_.AMW0.WLID
[    0.155722] Initializing Region       \DEB2
[    0.155875] Initializing Region       \PMIO
[    0.156679] Initializing Region       \P01_
[    0.156810] Initializing Region       \CNVS
[    0.156937] Initializing Region       \SPRT
[    0.157068] Initializing Region       \CMIO
[    0.157275] Executing  Method       \_SB_._STA
[    0.157406] Executing  Method       \_SB_._INI
[    0.157536] Executing  Method       \_SB_.PCI0._STA
[    0.157667] Executing  Method       \_SB_.PCI0._INI
[    0.158008] [Firmware Bug]: ACPI: BIOS _OSI(Linux) query ignored
[    0.158407] Executing  Method       \_SB_.PCI0.SATA._STA
[    0.158539] Executing  Method       \_SB_.PCI0.SATA._INI
[    0.159441] Executing  Method       \_SB_.PCI0.LPC0.EC0_._REG
[    0.183525] ACPI: Interpreter enabled
[    0.183525] ACPI: (supports S0 S5)
[    0.183551] ACPI: Using IOAPIC for interrupt routing
[    0.183782] PCI: MMCONFIG for domain 0000 [bus 00-3f] at [mem 0xf8000000-0xfbffffff] (base 0xf8000000)
[    0.186890] PCI: MMCONFIG at [mem 0xf8000000-0xfbffffff] reserved in ACPI motherboard resources
[    0.187092] bus: 'acpi': registered
[    0.187182] PCI: Using host bridge windows from ACPI; if necessary, use "pci=nocrs" and report a bug
[    0.187237]      scan-1133 get_device_data       : No context for object [ffffffffffffffff]
[    0.187354]     utils-0051 util_eval_error       : Evaluate [\._STA]: AE_NOT_FOUND
[    0.187478] device: 'LNXSYSTM:00': device_add
[    0.187523] bus: 'acpi': add device LNXSYSTM:00
[    0.187578]     utils-0051 util_eval_error       : Evaluate [\._SUN]: AE_NOT_FOUND
[    0.187699]      scan-1922 add_single_object     : Added LNXSYSTM:00 [\] parent (null)
[    0.187819]      scan-1133 get_device_data       : No context for object [ffff88040d81d000]
[    0.187931]      scan-1133 get_device_data       : No context for object [ffff88040d8377d0]
[    0.188044]      scan-1133 get_device_data       : No context for object [ffff88040d8377f8]
[    0.188156]      scan-1133 get_device_data       : No context for object [ffff88040d837820]
[    0.188266]      scan-1133 get_device_data       : No context for object [ffff88040d837848]
[    0.188369]      scan-1133 get_device_data       : No context for object [ffff88040d837870]
[    0.188472]      scan-1133 get_device_data       : No context for object [ffff88040d837898]
[    0.188574]      scan-1133 get_device_data       : No context for object [ffff88040d8378c0]
[    0.188677]      scan-1133 get_device_data       : No context for object [ffff88040d8378e8]
[    0.188780]      scan-1133 get_device_data       : No context for object [ffff88040d839398]
[    0.188883]      scan-1133 get_device_data       : No context for object [ffff88040d81d028]
[    0.188986]      scan-1133 get_device_data       : No context for object [ffff88040d81d168]
[    0.189090]     utils-0051 util_eval_error       : Evaluate [\_PR_.C000._STA]: AE_NOT_FOUND
[    0.189199]      scan-1133 get_device_data       : No context for object [ffff88040d81d028]
[    0.189308] device: 'LNXCPU:00': device_add
[    0.189346] bus: 'acpi': add device LNXCPU:00
[    0.189403]     utils-0051 util_eval_error       : Evaluate [\_PR_.C000._SUN]: AE_NOT_FOUND
[    0.189521]      scan-1922 add_single_object     : Added LNXCPU:00 [\_PR_.C000] parent LNXSYSTM:00
[    0.189628]      scan-1133 get_device_data       : No context for object [ffff88040d83c398]
[    0.189731]      scan-1133 get_device_data       : No context for object [ffff88040d83c3c0]
[    0.189834]      scan-1133 get_device_data       : No context for object [ffff88040d83c3e8]
[    0.189943]      scan-1133 get_device_data       : No context for object [ffff88040d83c410]
[    0.190039]      scan-1133 get_device_data       : No context for object [ffff88040d83c438]
[    0.190145]      scan-1133 get_device_data       : No context for object [ffff88040d83c460]
[    0.190251]      scan-1133 get_device_data       : No context for object [ffff88040d81d190]
[    0.190355]     utils-0051 util_eval_error       : Evaluate [\_PR_.C001._STA]: AE_NOT_FOUND
[    0.190464]      scan-1133 get_device_data       : No context for object [ffff88040d81d028]
[    0.190581] device: 'LNXCPU:01': device_add
[    0.190622] bus: 'acpi': add device LNXCPU:01
[    0.190675]     utils-0051 util_eval_error       : Evaluate [\_PR_.C001._SUN]: AE_NOT_FOUND
[    0.190790]      scan-1922 add_single_object     : Added LNXCPU:01 [\_PR_.C001] parent LNXSYSTM:00
[    0.190896]      scan-1133 get_device_data       : No context for object [ffff88040d83c488]
[    0.190999]      scan-1133 get_device_data       : No context for object [ffff88040d83c4b0]
[    0.191102]      scan-1133 get_device_data       : No context for object [ffff88040d83c4d8]
[    0.191204]      scan-1133 get_device_data       : No context for object [ffff88040d83c500]
[    0.191307]      scan-1133 get_device_data       : No context for object [ffff88040d83c528]
[    0.191410]      scan-1133 get_device_data       : No context for object [ffff88040d83c550]
[    0.191512]      scan-1133 get_device_data       : No context for object [ffff88040d81d1b8]
[    0.191617]     utils-0051 util_eval_error       : Evaluate [\_PR_.C002._STA]: AE_NOT_FOUND
[    0.191720]      scan-1133 get_device_data       : No context for object [ffff88040d81d028]
[    0.191826] device: 'LNXCPU:02': device_add
[    0.191868] bus: 'acpi': add device LNXCPU:02
[    0.191920]     utils-0051 util_eval_error       : Evaluate [\_PR_.C002._SUN]: AE_NOT_FOUND
[    0.192037]      scan-1922 add_single_object     : Added LNXCPU:02 [\_PR_.C002] parent LNXSYSTM:00
[    0.192151]      scan-1133 get_device_data       : No context for object [ffff88040d83c578]
[    0.192258]      scan-1133 get_device_data       : No context for object [ffff88040d83c5a0]
[    0.192360]      scan-1133 get_device_data       : No context for object [ffff88040d83c5c8]
[    0.192464]      scan-1133 get_device_data       : No context for object [ffff88040d83c5f0]
[    0.192566]      scan-1133 get_device_data       : No context for object [ffff88040d83c618]
[    0.192668]      scan-1133 get_device_data       : No context for object [ffff88040d83c640]
[    0.192770]      scan-1133 get_device_data       : No context for object [ffff88040d81d1e0]
[    0.192874]     utils-0051 util_eval_error       : Evaluate [\_PR_.C003._STA]: AE_NOT_FOUND
[    0.192978]      scan-1133 get_device_data       : No context for object [ffff88040d81d028]
[    0.193085] device: 'LNXCPU:03': device_add
[    0.193122] bus: 'acpi': add device LNXCPU:03
[    0.193170]     utils-0051 util_eval_error       : Evaluate [\_PR_.C003._SUN]: AE_NOT_FOUND
[    0.193284]      scan-1922 add_single_object     : Added LNXCPU:03 [\_PR_.C003] parent LNXSYSTM:00
[    0.193375]      scan-1133 get_device_data       : No context for object [ffff88040d83c668]
[    0.193479]      scan-1133 get_device_data       : No context for object [ffff88040d83c690]
[    0.193588]      scan-1133 get_device_data       : No context for object [ffff88040d83c6b8]
[    0.193696]      scan-1133 get_device_data       : No context for object [ffff88040d83c6e0]
[    0.193804]      scan-1133 get_device_data       : No context for object [ffff88040d83c708]
[    0.193910]      scan-1133 get_device_data       : No context for object [ffff88040d83c730]
[    0.194012]      scan-1133 get_device_data       : No context for object [ffff88040d81d050]
[    0.194117]     utils-0051 util_eval_error       : Evaluate [\_SB_._STA]: AE_NOT_FOUND
[    0.194249] device: 'LNXSYBUS:00': device_add
[    0.194288] bus: 'acpi': add device LNXSYBUS:00
[    0.194333]     utils-0051 util_eval_error       : Evaluate [\_SB_._SUN]: AE_NOT_FOUND
[    0.194442]      scan-1922 add_single_object     : Added LNXSYBUS:00 [\_SB_] parent LNXSYSTM:00
[    0.194551]      scan-1133 get_device_data       : No context for object [ffff88040d81d3c0]
[    0.194654]      scan-1133 get_device_data       : No context for object [ffff88040d81d3e8]
[    0.195697]      scan-1133 get_device_data       : No context for object [ffff88040d81d410]
[    0.195799]      scan-1133 get_device_data       : No context for object [ffff88040d81d438]
[    0.195903]      scan-1133 get_device_data       : No context for object [ffff88040d81d460]
[    0.196005]      scan-1133 get_device_data       : No context for object [ffff88040d81d488]
[    0.196108]      scan-1133 get_device_data       : No context for object [ffff88040d81d4b0]
[    0.196211]      scan-1133 get_device_data       : No context for object [ffff88040d81d5a0]
[    0.196320]     utils-0051 util_eval_error       : Evaluate [\_SB_.PWRB._STA]: AE_NOT_FOUND
[    0.196462] device: 'PNP0C0C:00': device_add
[    0.196503] bus: 'acpi': add device PNP0C0C:00
[    0.196556]     utils-0051 util_eval_error       : Evaluate [\_SB_.PWRB._SUN]: AE_NOT_FOUND
[    0.196675]      scan-1922 add_single_object     : Added PNP0C0C:00 [\_SB_.PWRB] parent LNXSYBUS:00
[    0.196784]      scan-1133 get_device_data       : No context for object [ffff88040d81d5c8]
[    0.196887]      scan-1133 get_device_data       : No context for object [ffff88040d81d5f0]
[    0.196992]     utils-0051 util_eval_error       : Evaluate [\_SB_.PCI0._STA]: AE_NOT_FOUND
[    0.197128] device: 'PNP0A08:00': device_add
[    0.197167] bus: 'acpi': add device PNP0A08:00
[    0.197214]     utils-0051 util_eval_error       : Evaluate [\_SB_.PCI0._SUN]: AE_NOT_FOUND
[    0.197324]      scan-1922 add_single_object     : Added PNP0A08:00 [\_SB_.PCI0] parent LNXSYBUS:00
[    0.197434]      scan-1133 get_device_data       : No context for object [ffff88040d81d618]
[    0.197539]      scan-1133 get_device_data       : No context for object [ffff88040d81d640]
[    0.197647]      scan-1133 get_device_data       : No context for object [ffff88040d81d668]
[    0.197755]      scan-1133 get_device_data       : No context for object [ffff88040d81d690]
[    0.197863]      scan-1133 get_device_data       : No context for object [ffff88040d81d6b8]
[    0.197968]      scan-1133 get_device_data       : No context for object [ffff88040d81d6e0]
[    0.198071]      scan-1133 get_device_data       : No context for object [ffff88040d81d708]
[    0.198174]      scan-1133 get_device_data       : No context for object [ffff88040d81d730]
[    0.198277]      scan-1133 get_device_data       : No context for object [ffff88040d81d758]
[    0.198379]      scan-1133 get_device_data       : No context for object [ffff88040d81d780]
[    0.198483]      scan-1133 get_device_data       : No context for object [ffff88040d81d7a8]
[    0.198585]      scan-1133 get_device_data       : No context for object [ffff88040d81d7d0]
[    0.198688]      scan-1133 get_device_data       : No context for object [ffff88040d81d7f8]
[    0.198791]      scan-1133 get_device_data       : No context for object [ffff88040d81d820]
[    0.198894]      scan-1133 get_device_data       : No context for object [ffff88040d81d848]
[    0.198996]      scan-1133 get_device_data       : No context for object [ffff88040d81d870]
[    0.199108]      scan-1133 get_device_data       : No context for object [ffff88040d81d898]
[    0.199215]      scan-1133 get_device_data       : No context for object [ffff88040d81d8c0]
[    0.199318]      scan-1133 get_device_data       : No context for object [ffff88040d81d8e8]
[    0.199420]      scan-1133 get_device_data       : No context for object [ffff88040d81d910]
[    0.199523]      scan-1133 get_device_data       : No context for object [ffff88040d81d938]
[    0.199632]      scan-1133 get_device_data       : No context for object [ffff88040d81d960]
[    0.199735]      scan-1133 get_device_data       : No context for object [ffff88040d81d988]
[    0.199840]      scan-1133 get_device_data       : No context for object [ffff88040d81d9b0]
[    0.199948]      scan-1133 get_device_data       : No context for object [ffff88040d81d9d8]
[    0.200076]      scan-1133 get_device_data       : No context for object [ffff88040d81da00]
[    0.200184]      scan-1133 get_device_data       : No context for object [ffff88040d81da28]
[    0.200289]      scan-1133 get_device_data       : No context for object [ffff88040d81da50]
[    0.200392]      scan-1133 get_device_data       : No context for object [ffff88040d81da78]
[    0.200495]      scan-1133 get_device_data       : No context for object [ffff88040d81daa0]
[    0.200598]      scan-1133 get_device_data       : No context for object [ffff88040d81dac8]
[    0.200701]      scan-1133 get_device_data       : No context for object [ffff88040d81daf0]
[    0.200803]      scan-1133 get_device_data       : No context for object [ffff88040d81db18]
[    0.200906]      scan-1133 get_device_data       : No context for object [ffff88040d81db40]
[    0.201009]      scan-1133 get_device_data       : No context for object [ffff88040d81db68]
[    0.201113]      scan-1133 get_device_data       : No context for object [ffff88040d81db90]
[    0.201215]      scan-1133 get_device_data       : No context for object [ffff88040d81dbb8]
[    0.201318]      scan-1133 get_device_data       : No context for object [ffff88040d81dbe0]
[    0.201426]      scan-1133 get_device_data       : No context for object [ffff88040d81dc08]
[    0.201533]      scan-1133 get_device_data       : No context for object [ffff88040d81dc30]
[    0.201641]      scan-1133 get_device_data       : No context for object [ffff88040d81dc58]
[    0.201748]      scan-1133 get_device_data       : No context for object [ffff88040d81dc80]
[    0.201851]      scan-1133 get_device_data       : No context for object [ffff88040d81dca8]
[    0.201954]      scan-1133 get_device_data       : No context for object [ffff88040d81dcd0]
[    0.202057]      scan-1133 get_device_data       : No context for object [ffff88040d81dcf8]
[    0.202160]      scan-1133 get_device_data       : No context for object [ffff88040d81dd20]
[    0.202262]      scan-1133 get_device_data       : No context for object [ffff88040d81dd48]
[    0.202365]      scan-1133 get_device_data       : No context for object [ffff88040d81dd70]
[    0.202468]      scan-1133 get_device_data       : No context for object [ffff88040d81dd98]
[    0.202571]      scan-1133 get_device_data       : No context for object [ffff88040d81ddc0]
[    0.202674]      scan-1133 get_device_data       : No context for object [ffff88040d81dde8]
[    0.202777]      scan-1133 get_device_data       : No context for object [ffff88040d81de10]
[    0.202885]      scan-1133 get_device_data       : No context for object [ffff88040d81de38]
[    0.202993]      scan-1133 get_device_data       : No context for object [ffff88040d81de60]
[    0.203100]      scan-1133 get_device_data       : No context for object [ffff88040d81de88]
[    0.203208]      scan-1133 get_device_data       : No context for object [ffff88040d81deb0]
[    0.203310]      scan-1133 get_device_data       : No context for object [ffff88040d81ded8]
[    0.203404]      scan-1133 get_device_data       : No context for object [ffff88040d81df00]
[    0.203507]      scan-1133 get_device_data       : No context for object [ffff88040d81df28]
[    0.203610]      scan-1133 get_device_data       : No context for object [ffff88040d81df50]
[    0.203712]      scan-1133 get_device_data       : No context for object [ffff88040d81df78]
[    0.203815]      scan-1133 get_device_data       : No context for object [ffff88040d81dfa0]
[    0.203918]      scan-1133 get_device_data       : No context for object [ffff88040d81dfc8]
[    0.204021]      scan-1133 get_device_data       : No context for object [ffff88040d822000]
[    0.204124]      scan-1133 get_device_data       : No context for object [ffff88040d822028]
[    0.204228]     utils-0051 util_eval_error       : Evaluate [\_SB_.PCI0.MEMR._STA]: AE_NOT_FOUND
[    0.204364] device: 'PNP0C02:00': device_add
[    0.204402] bus: 'acpi': add device PNP0C02:00
[    0.204447]     utils-0051 util_eval_error       : Evaluate [\_SB_.PCI0.MEMR._SUN]: AE_NOT_FOUND
[    0.204565]      scan-1922 add_single_object     : Added PNP0C02:00 [\_SB_.PCI0.MEMR] parent PNP0A08:00
[    0.204681]      scan-1133 get_device_data       : No context for object [ffff88040d822050]
[    0.204790]      scan-1133 get_device_data       : No context for object [ffff88040d822078]
[    0.204895]      scan-1133 get_device_data       : No context for object [ffff88040d8220a0]
[    0.204998]      scan-1133 get_device_data       : No context for object [ffff88040d8220c8]
[    0.205101]      scan-1133 get_device_data       : No context for object [ffff88040d8220f0]
[    0.206256]      scan-1133 get_device_data       : No context for object [ffff88040d822118]
[    0.206364]      scan-1133 get_device_data       : No context for object [ffff88040d822140]
[    0.206471]      scan-1133 get_device_data       : No context for object [ffff88040d822168]
[    0.206579]      scan-1133 get_device_data       : No context for object [ffff88040d822190]
[    0.206706]      scan-1133 get_device_data       : No context for object [ffff88040d8221b8]
[    0.206809]      scan-1133 get_device_data       : No context for object [ffff88040d8221e0]
[    0.206911]      scan-1133 get_device_data       : No context for object [ffff88040d822208]
[    0.207014]      scan-1133 get_device_data       : No context for object [ffff88040d822230]
[    0.207117]      scan-1133 get_device_data       : No context for object [ffff88040d822258]
[    0.207219]      scan-1133 get_device_data       : No context for object [ffff88040d822280]
[    0.207323]      scan-1133 get_device_data       : No context for object [ffff88040d8222a8]
[    0.207427]     utils-0051 util_eval_error       : Evaluate [\_SB_.PCI0.PB2_._STA]: AE_NOT_FOUND
[    0.207565] device: 'device:00': device_add
[    0.207607] bus: 'acpi': add device device:00
[    0.207662]     utils-0051 util_eval_error       : Evaluate [\_SB_.PCI0.PB2_._SUN]: AE_NOT_FOUND
[    0.207781]      scan-1922 add_single_object     : Added device:00 [\_SB_.PCI0.PB2_] parent PNP0A08:00
[    0.207894]      scan-1133 get_device_data       : No context for object [ffff88040d8222d0]
[    0.208002]      scan-1133 get_device_data       : No context for object [ffff88040d8222f8]
[    0.208105]      scan-1133 get_device_data       : No context for object [ffff88040d822320]
[    0.208207]      scan-1133 get_device_data       : No context for object [ffff88040d822348]
[    0.208309]      scan-1133 get_device_data       : No context for object [ffff88040d822370]
[    0.208412]      scan-1133 get_device_data       : No context for object [ffff88040d822398]
[    0.208514]      scan-1133 get_device_data       : No context for object [ffff88040d8223c0]
[    0.208616]      scan-1133 get_device_data       : No context for object [ffff88040d8223e8]
[    0.208718]      scan-1133 get_device_data       : No context for object [ffff88040d822410]
[    0.208821]      scan-1133 get_device_data       : No context for object [ffff88040d822438]
[    0.208923]      scan-1133 get_device_data       : No context for object [ffff88040d822460]
[    0.209025]      scan-1133 get_device_data       : No context for object [ffff88040d822488]
[    0.209132]      scan-1133 get_device_data       : No context for object [ffff88040d8224b0]
[    0.209238]      scan-1133 get_device_data       : No context for object [ffff88040d8224d8]
[    0.209341]      scan-1133 get_device_data       : No context for object [ffff88040d822500]
[    0.209451]      scan-1133 get_device_data       : No context for object [ffff88040d822528]
[    0.209558]      scan-1133 get_device_data       : No context for object [ffff88040d822550]
[    0.209667]      scan-1133 get_device_data       : No context for object [ffff88040d822578]
[    0.209772]      scan-1133 get_device_data       : No context for object [ffff88040d8225a0]
[    0.209874]      scan-1133 get_device_data       : No context for object [ffff88040d8225c8]
[    0.209977]      scan-1133 get_device_data       : No context for object [ffff88040d8225f0]
[    0.210070]      scan-1133 get_device_data       : No context for object [ffff88040d822618]
[    0.210172]      scan-1133 get_device_data       : No context for object [ffff88040d822640]
[    0.210275]      scan-1133 get_device_data       : No context for object [ffff88040d822668]
[    0.210377]      scan-1133 get_device_data       : No context for object [ffff88040d822690]
[    0.210479]      scan-1133 get_device_data       : No context for object [ffff88040d8226b8]
[    0.210582]      scan-1133 get_device_data       : No context for object [ffff88040d8226e0]
[    0.210684]      scan-1133 get_device_data       : No context for object [ffff88040d822708]
[    0.210786]      scan-1133 get_device_data       : No context for object [ffff88040d822730]
[    0.210894]      scan-1133 get_device_data       : No context for object [ffff88040d822758]
[    0.210997]      scan-1133 get_device_data       : No context for object [ffff88040d822780]
[    0.211105]     utils-0051 util_eval_error       : Evaluate [\_SB_.PCI0.PB2_.VGA_._STA]: AE_NOT_FOUND
[    0.211253] device: 'device:01': device_add
[    0.211329] bus: 'acpi': add device device:01
[    0.211382]     utils-0051 util_eval_error       : Evaluate [\_SB_.PCI0.PB2_.VGA_._SUN]: AE_NOT_FOUND
[    0.211495]      scan-1922 add_single_object     : Added device:01 [\_SB_.PCI0.PB2_.VGA_] parent device:00
[    0.211602]      scan-1133 get_device_data       : No context for object [ffff88040d8227a8]
[    0.211706]      scan-1133 get_device_data       : No context for object [ffff88040d8227d0]
[    0.211808]      scan-1133 get_device_data       : No context for object [ffff88040d8227f8]
[    0.211911]      scan-1133 get_device_data       : No context for object [ffff88040d822820]
[    0.212013]      scan-1133 get_device_data       : No context for object [ffff88040d822848]
[    0.212116]      scan-1133 get_device_data       : No context for object [ffff88040d822870]
[    0.212219]      scan-1133 get_device_data       : No context for object [ffff88040d822898]
[    0.212321]      scan-1133 get_device_data       : No context for object [ffff88040d8228c0]
[    0.212423]      scan-1133 get_device_data       : No context for object [ffff88040d8228e8]
[    0.212527]      scan-1133 get_device_data       : No context for object [ffff88040d822910]
[    0.212635]      scan-1133 get_device_data       : No context for object [ffff88040d822938]
[    0.212743]      scan-1133 get_device_data       : No context for object [ffff88040d822960]
[    0.212851]      scan-1133 get_device_data       : No context for object [ffff88040d822988]
[    0.212958]      scan-1133 get_device_data       : No context for object [ffff88040d8229b0]
[    0.213061]      scan-1133 get_device_data       : No context for object [ffff88040d8229d8]
[    0.213164]      scan-1133 get_device_data       : No context for object [ffff88040d822a00]
[    0.213267]      scan-1133 get_device_data       : No context for object [ffff88040d822a28]
[    0.213372]      scan-1133 get_device_data       : No context for object [ffff88040d822a50]
[    0.213475]      scan-1133 get_device_data       : No context for object [ffff88040d822a78]
[    0.213578]      scan-1133 get_device_data       : No context for object [ffff88040d822aa0]
[    0.213681]      scan-1133 get_device_data       : No context for object [ffff88040d822ac8]
[    0.213784]      scan-1133 get_device_data       : No context for object [ffff88040d822af0]
[    0.213887]      scan-1133 get_device_data       : No context for object [ffff88040d822b18]
[    0.213989]      scan-1133 get_device_data       : No context for object [ffff88040d822b40]
[    0.214096]      scan-1133 get_device_data       : No context for object [ffff88040d822b68]
[    0.214204]      scan-1133 get_device_data       : No context for object [ffff88040d822b90]
[    0.214307]      scan-1133 get_device_data       : No context for object [ffff88040d822bb8]
[    0.214416]      scan-1133 get_device_data       : No context for object [ffff88040d822be0]
[    0.214524]      scan-1133 get_device_data       : No context for object [ffff88040d822c08]
[    0.214631]      scan-1133 get_device_data       : No context for object [ffff88040d822c30]
[    0.214738]      scan-1133 get_device_data       : No context for object [ffff88040d822c58]
[    0.214841]      scan-1133 get_device_data       : No context for object [ffff88040d822c80]
[    0.214944]      scan-1133 get_device_data       : No context for object [ffff88040d822ca8]
[    0.215046]      scan-1133 get_device_data       : No context for object [ffff88040d822cd0]
[    0.215149]      scan-1133 get_device_data       : No context for object [ffff88040d822cf8]
[    0.215252]      scan-1133 get_device_data       : No context for object [ffff88040d822d20]
[    0.215354]      scan-1133 get_device_data       : No context for object [ffff88040d822d48]
[    0.215457]      scan-1133 get_device_data       : No context for object [ffff88040d822d70]
[    0.215561]      scan-1133 get_device_data       : No context for object [ffff88040d822d98]
[    0.215664]      scan-1133 get_device_data       : No context for object [ffff88040d837438]
[    0.216668]      scan-1133 get_device_data       : No context for object [ffff88040d822dc0]
[    0.216772]     utils-0051 util_eval_error       : Evaluate [\_SB_.PCI0.PB2_.HDAU._STA]: AE_NOT_FOUND
[    0.216897] device: 'device:02': device_add
[    0.216935] bus: 'acpi': add device device:02
[    0.216980]     utils-0051 util_eval_error       : Evaluate [\_SB_.PCI0.PB2_.HDAU._SUN]: AE_NOT_FOUND
[    0.217098]      scan-1922 add_single_object     : Added device:02 [\_SB_.PCI0.PB2_.HDAU] parent device:00
[    0.217207]      scan-1133 get_device_data       : No context for object [ffff88040d822de8]
[    0.217313]      scan-1133 get_device_data       : No context for object [ffff88040d822e10]
[    0.217421]      scan-1133 get_device_data       : No context for object [ffff88040d822e38]
[    0.217529]      scan-1133 get_device_data       : No context for object [ffff88040d822e60]
[    0.217637]      scan-1133 get_device_data       : No context for object [ffff88040d822e88]
[    0.217742]      scan-1133 get_device_data       : No context for object [ffff88040d822eb0]
[    0.217845]      scan-1133 get_device_data       : No context for object [ffff88040d822ed8]
[    0.217949]     utils-0051 util_eval_error       : Evaluate [\_SB_.PCI0.PB3_._STA]: AE_NOT_FOUND
[    0.218083] device: 'device:03': device_add
[    0.218121] bus: 'acpi': add device device:03
[    0.218167]     utils-0051 util_eval_error       : Evaluate [\_SB_.PCI0.PB3_._SUN]: AE_NOT_FOUND
[    0.218277]      scan-1922 add_single_object     : Added device:03 [\_SB_.PCI0.PB3_] parent PNP0A08:00
[    0.218383]      scan-1133 get_device_data       : No context for object [ffff88040d822f00]
[    0.218486]      scan-1133 get_device_data       : No context for object [ffff88040d822f28]
[    0.218589]      scan-1133 get_device_data       : No context for object [ffff88040d822f50]
[    0.218699]      scan-1133 get_device_data       : No context for object [ffff88040d822f78]
[    0.218806]      scan-1133 get_device_data       : No context for object [ffff88040d822fa0]
[    0.218915]      scan-1133 get_device_data       : No context for object [ffff88040d822fc8]
[    0.219020]      scan-1133 get_device_data       : No context for object [ffff88040d823000]
[    0.219123]      scan-1133 get_device_data       : No context for object [ffff88040d823028]
[    0.219226]      scan-1133 get_device_data       : No context for object [ffff88040d823050]
[    0.219329]      scan-1133 get_device_data       : No context for object [ffff88040d823078]
[    0.219432]      scan-1133 get_device_data       : No context for object [ffff88040d8230a0]
[    0.219535]      scan-1133 get_device_data       : No context for object [ffff88040d8230c8]
[    0.219637]      scan-1133 get_device_data       : No context for object [ffff88040d8230f0]
[    0.219740]      scan-1133 get_device_data       : No context for object [ffff88040d823118]
[    0.219843]      scan-1133 get_device_data       : No context for object [ffff88040d823140]
[    0.220039]      scan-1133 get_device_data       : No context for object [ffff88040d823168]
[    0.220142]      scan-1133 get_device_data       : No context for object [ffff88040d823190]
[    0.220251]      scan-1133 get_device_data       : No context for object [ffff88040d8231b8]
[    0.220353]      scan-1133 get_device_data       : No context for object [ffff88040d8231e0]
[    0.220459]      scan-1133 get_device_data       : No context for object [ffff88040d823208]
[    0.220571]      scan-1133 get_device_data       : No context for object [ffff88040d823230]
[    0.220676]      scan-1133 get_device_data       : No context for object [ffff88040d823258]
[    0.220779]      scan-1133 get_device_data       : No context for object [ffff88040d823280]
[    0.220882]      scan-1133 get_device_data       : No context for object [ffff88040d8232a8]
[    0.220987]      scan-1133 get_device_data       : No context for object [ffff88040d8232d0]
[    0.221093]      scan-1133 get_device_data       : No context for object [ffff88040d8232f8]
[    0.221197]      scan-1133 get_device_data       : No context for object [ffff88040d823320]
[    0.221303]      scan-1133 get_device_data       : No context for object [ffff88040d823348]
[    0.221409]      scan-1133 get_device_data       : No context for object [ffff88040d823370]
[    0.221512]      scan-1133 get_device_data       : No context for object [ffff88040d823398]
[    0.221621]      scan-1133 get_device_data       : No context for object [ffff88040d8233c0]
[    0.221731]     utils-0051 util_eval_error       : Evaluate [\_SB_.PCI0.PB3_.VGA_._STA]: AE_NOT_FOUND
[    0.221871]     video-0058 backlight_cap_match   : Found generic backlight support
[    0.221982] device: 'LNXVIDEO:00': device_add
[    0.222020] bus: 'acpi': add device LNXVIDEO:00
[    0.222067]     utils-0051 util_eval_error       : Evaluate [\_SB_.PCI0.PB3_.VGA_._SUN]: AE_NOT_FOUND
[    0.222178]      scan-1922 add_single_object     : Added LNXVIDEO:00 [\_SB_.PCI0.PB3_.VGA_] parent device:03
[    0.222286]      scan-1133 get_device_data       : No context for object [ffff88040d8233e8]
[    0.222390]      scan-1133 get_device_data       : No context for object [ffff88040d823410]
[    0.222493]      scan-1133 get_device_data       : No context for object [ffff88040d823438]
[    0.222595]      scan-1133 get_device_data       : No context for object [ffff88040d823460]
[    0.222699]      scan-1133 get_device_data       : No context for object [ffff88040d823488]
[    0.222801]      scan-1133 get_device_data       : No context for object [ffff88040d8234b0]
[    0.222908]      scan-1133 get_device_data       : No context for object [ffff88040d8234d8]
[    0.223015]      scan-1133 get_device_data       : No context for object [ffff88040d823500]
[    0.223123]      scan-1133 get_device_data       : No context for object [ffff88040d823528]
[    0.223232]      scan-1133 get_device_data       : No context for object [ffff88040d823550]
[    0.223335]      scan-1133 get_device_data       : No context for object [ffff88040d823578]
[    0.223438]      scan-1133 get_device_data       : No context for object [ffff88040d8235a0]
[    0.223541]      scan-1133 get_device_data       : No context for object [ffff88040d8235c8]
[    0.223644]      scan-1133 get_device_data       : No context for object [ffff88040d8235f0]
[    0.223747]      scan-1133 get_device_data       : No context for object [ffff88040d823618]
[    0.223849]      scan-1133 get_device_data       : No context for object [ffff88040d823640]
[    0.223952]      scan-1133 get_device_data       : No context for object [ffff88040d823668]
[    0.224055]      scan-1133 get_device_data       : No context for object [ffff88040d823690]
[    0.224158]      scan-1133 get_device_data       : No context for object [ffff88040d8236b8]
[    0.224260]      scan-1133 get_device_data       : No context for object [ffff88040d8236e0]
[    0.224367]      scan-1133 get_device_data       : No context for object [ffff88040d823708]
[    0.224475]      scan-1133 get_device_data       : No context for object [ffff88040d823730]
[    0.224583]      scan-1133 get_device_data       : No context for object [ffff88040d823758]
[    0.224690]      scan-1133 get_device_data       : No context for object [ffff88040d823780]
[    0.224795]      scan-1133 get_device_data       : No context for object [ffff88040d8237a8]
[    0.224897]      scan-1133 get_device_data       : No context for object [ffff88040d8237d0]
[    0.225000]      scan-1133 get_device_data       : No context for object [ffff88040d8237f8]
[    0.225102]      scan-1133 get_device_data       : No context for object [ffff88040d823820]
[    0.225204]      scan-1133 get_device_data       : No context for object [ffff88040d823848]
[    0.225306]      scan-1133 get_device_data       : No context for object [ffff88040d823870]
[    0.225408]      scan-1133 get_device_data       : No context for object [ffff88040d823898]
[    0.225511]      scan-1133 get_device_data       : No context for object [ffff88040d8238c0]
[    0.225614]      scan-1133 get_device_data       : No context for object [ffff88040d8238e8]
[    0.225716]      scan-1133 get_device_data       : No context for object [ffff88040d823910]
[    0.225819]      scan-1133 get_device_data       : No context for object [ffff88040d823938]
[    0.225928]      scan-1133 get_device_data       : No context for object [ffff88040d823960]
[    0.226035]      scan-1133 get_device_data       : No context for object [ffff88040d823988]
[    0.226143]      scan-1133 get_device_data       : No context for object [ffff88040d8239b0]
[    0.226668]      scan-1133 get_device_data       : No context for object [ffff88040d8239d8]
[    0.226775]      scan-1133 get_device_data       : No context for object [ffff88040d837460]
[    0.226882]      scan-1133 get_device_data       : No context for object [ffff88040d83ac08]
[    0.226990]      scan-1133 get_device_data       : No context for object [ffff88040d83ac30]
[    0.227096]      scan-1133 get_device_data       : No context for object [ffff88040d83ac58]
[    0.227201]     utils-0051 util_eval_error       : Evaluate [\_SB_.PCI0.PB3_.VGA_.CRT_._STA]: AE_NOT_FOUND
[    0.227332] device: 'device:04': device_add
[    0.227370] bus: 'acpi': add device device:04
[    0.227415]     utils-0051 util_eval_error       : Evaluate [\_SB_.PCI0.PB3_.VGA_.CRT_._SUN]: AE_NOT_FOUND
[    0.227526]      scan-1922 add_single_object     : Added device:04 [\_SB_.PCI0.PB3_.VGA_.CRT_] parent LNXVIDEO:00
[    0.227632]      scan-1133 get_device_data       : No context for object [ffff88040d83ac80]
[    0.227735]      scan-1133 get_device_data       : No context for object [ffff88040d83aca8]
[    0.227836]      scan-1133 get_device_data       : No context for object [ffff88040d83acd0]
[    0.227938]      scan-1133 get_device_data       : No context for object [ffff88040d83acf8]
[    0.228042]      scan-1133 get_device_data       : No context for object [ffff88040d83ad20]
[    0.228153]     utils-0051 util_eval_error       : Evaluate [\_SB_.PCI0.PB3_.VGA_.LCD_._STA]: AE_NOT_FOUND
[    0.228298] device: 'device:05': device_add
[    0.228375] bus: 'acpi': add device device:05
[    0.228428]     utils-0051 util_eval_error       : Evaluate [\_SB_.PCI0.PB3_.VGA_.LCD_._SUN]: AE_NOT_FOUND
[    0.228545]      scan-1922 add_single_object     : Added device:05 [\_SB_.PCI0.PB3_.VGA_.LCD_] parent LNXVIDEO:00
[    0.228659]      scan-1133 get_device_data       : No context for object [ffff88040d83ad48]
[    0.228762]      scan-1133 get_device_data       : No context for object [ffff88040d83ad70]
[    0.228865]      scan-1133 get_device_data       : No context for object [ffff88040d83ad98]
[    0.228967]      scan-1133 get_device_data       : No context for object [ffff88040d83adc0]
[    0.229071]      scan-1133 get_device_data       : No context for object [ffff88040d83ade8]
[    0.229173]      scan-1133 get_device_data       : No context for object [ffff88040d83ae10]
[    0.229276]      scan-1133 get_device_data       : No context for object [ffff88040d83ae38]
[    0.229379]      scan-1133 get_device_data       : No context for object [ffff88040d83ae60]
[    0.230072]     utils-0051 util_eval_error       : Evaluate [\_SB_.PCI0.PB3_.VGA_.TV0_._STA]: AE_NOT_FOUND
[    0.230198] device: 'device:06': device_add
[    0.230236] bus: 'acpi': add device device:06
[    0.230290]     utils-0051 util_eval_error       : Evaluate [\_SB_.PCI0.PB3_.VGA_.TV0_._SUN]: AE_NOT_FOUND
[    0.230408]      scan-1922 add_single_object     : Added device:06 [\_SB_.PCI0.PB3_.VGA_.TV0_] parent LNXVIDEO:00
[    0.230522]      scan-1133 get_device_data       : No context for object [ffff88040d83ae88]
[    0.230630]      scan-1133 get_device_data       : No context for object [ffff88040d83aeb0]
[    0.230733]      scan-1133 get_device_data       : No context for object [ffff88040d83aed8]
[    0.230836]      scan-1133 get_device_data       : No context for object [ffff88040d83af00]
[    0.230939]      scan-1133 get_device_data       : No context for object [ffff88040d83af28]
[    0.231043]     utils-0051 util_eval_error       : Evaluate [\_SB_.PCI0.PB3_.VGA_.HDMI._STA]: AE_NOT_FOUND
[    0.231173] device: 'device:07': device_add
[    0.231211] bus: 'acpi': add device device:07
[    0.231257]     utils-0051 util_eval_error       : Evaluate [\_SB_.PCI0.PB3_.VGA_.HDMI._SUN]: AE_NOT_FOUND
[    0.231368]      scan-1922 add_single_object     : Added device:07 [\_SB_.PCI0.PB3_.VGA_.HDMI] parent LNXVIDEO:00
[    0.231475]      scan-1133 get_device_data       : No context for object [ffff88040d83af50]
[    0.231580]      scan-1133 get_device_data       : No context for object [ffff88040d83af78]
[    0.231688]      scan-1133 get_device_data       : No context for object [ffff88040d83afa0]
[    0.231796]      scan-1133 get_device_data       : No context for object [ffff88040d83afc8]
[    0.231904]      scan-1133 get_device_data       : No context for object [ffff88040d823a00]
[    0.232010]     utils-0051 util_eval_error       : Evaluate [\_SB_.PCI0.PB3_.HDAU._STA]: AE_NOT_FOUND
[    0.232136] device: 'device:08': device_add
[    0.232174] bus: 'acpi': add device device:08
[    0.232218]     utils-0051 util_eval_error       : Evaluate [\_SB_.PCI0.PB3_.HDAU._SUN]: AE_NOT_FOUND
[    0.232328]      scan-1922 add_single_object     : Added device:08 [\_SB_.PCI0.PB3_.HDAU] parent device:03
[    0.232435]      scan-1133 get_device_data       : No context for object [ffff88040d823a28]
[    0.232537]      scan-1133 get_device_data       : No context for object [ffff88040d823a50]
[    0.232640]      scan-1133 get_device_data       : No context for object [ffff88040d823a78]
[    0.232743]      scan-1133 get_device_data       : No context for object [ffff88040d823aa0]
[    0.232845]      scan-1133 get_device_data       : No context for object [ffff88040d823ac8]
[    0.232952]      scan-1133 get_device_data       : No context for object [ffff88040d823af0]
[    0.233058]      scan-1133 get_device_data       : No context for object [ffff88040d823b18]
[    0.233163]     utils-0051 util_eval_error       : Evaluate [\_SB_.PCI0.PB4_._STA]: AE_NOT_FOUND
[    0.233305] device: 'device:09': device_add
[    0.233337] bus: 'acpi': add device device:09
[    0.233391]     utils-0051 util_eval_error       : Evaluate [\_SB_.PCI0.PB4_._SUN]: AE_NOT_FOUND
[    0.233509]      scan-1922 add_single_object     : Added device:09 [\_SB_.PCI0.PB4_] parent PNP0A08:00
[    0.233622]      scan-1133 get_device_data       : No context for object [ffff88040d823b40]
[    0.233731]      scan-1133 get_device_data       : No context for object [ffff88040d823b68]
[    0.233834]      scan-1133 get_device_data       : No context for object [ffff88040d823b90]
[    0.233937]      scan-1133 get_device_data       : No context for object [ffff88040d823bb8]
[    0.234039]      scan-1133 get_device_data       : No context for object [ffff88040d823be0]
[    0.234142]      scan-1133 get_device_data       : No context for object [ffff88040d823c08]
[    0.234245]      scan-1133 get_device_data       : No context for object [ffff88040d823c30]
[    0.234348]      scan-1133 get_device_data       : No context for object [ffff88040d823c58]
[    0.234451]      scan-1133 get_device_data       : No context for object [ffff88040d823c80]
[    0.234553]      scan-1133 get_device_data       : No context for object [ffff88040d823ca8]
[    0.234656]      scan-1133 get_device_data       : No context for object [ffff88040d823cd0]
[    0.234759]      scan-1133 get_device_data       : No context for object [ffff88040d823cf8]
[    0.234864]      scan-1133 get_device_data       : No context for object [ffff88040d823d20]
[    0.234972]      scan-1133 get_device_data       : No context for object [ffff88040d823d48]
[    0.235080]      scan-1133 get_device_data       : No context for object [ffff88040d823d70]
[    0.235187]      scan-1133 get_device_data       : No context for object [ffff88040d823d98]
[    0.235293]      scan-1133 get_device_data       : No context for object [ffff88040d823dc0]
[    0.235396]      scan-1133 get_device_data       : No context for object [ffff88040d823de8]
[    0.235498]      scan-1133 get_device_data       : No context for object [ffff88040d823e10]
[    0.235601]      scan-1133 get_device_data       : No context for object [ffff88040d823e38]
[    0.235704]      scan-1133 get_device_data       : No context for object [ffff88040d823e60]
[    0.235807]      scan-1133 get_device_data       : No context for object [ffff88040d823e88]
[    0.235910]      scan-1133 get_device_data       : No context for object [ffff88040d823eb0]
[    0.236012]      scan-1133 get_device_data       : No context for object [ffff88040d823ed8]
[    0.236115]      scan-1133 get_device_data       : No context for object [ffff88040d823f00]
[    0.236218]      scan-1133 get_device_data       : No context for object [ffff88040d823f28]
[    0.236321]      scan-1133 get_device_data       : No context for object [ffff88040d823f50]
[    0.236428]      scan-1133 get_device_data       : No context for object [ffff88040d823f78]
[    0.236531]      scan-1133 get_device_data       : No context for object [ffff88040d823fa0]
[    0.236637]      scan-1133 get_device_data       : No context for object [ffff88040d823fc8]
[    0.236738]      scan-1133 get_device_data       : No context for object [ffff88040d825000]
[    0.237904]     utils-0051 util_eval_error       : Evaluate [\_SB_.PCI0.PB4_.XPDV._STA]: AE_NOT_FOUND
[    0.238030] device: 'device:0a': device_add
[    0.238068] bus: 'acpi': add device device:0a
[    0.238115]     utils-0051 util_eval_error       : Evaluate [\_SB_.PCI0.PB4_.XPDV._SUN]: AE_NOT_FOUND
[    0.238225]      scan-1922 add_single_object     : Added device:0a [\_SB_.PCI0.PB4_.XPDV] parent device:09
[    0.238332]      scan-1133 get_device_data       : No context for object [ffff88040d825028]
[    0.238435]      scan-1133 get_device_data       : No context for object [ffff88040d825050]
[    0.238537]      scan-1133 get_device_data       : No context for object [ffff88040d825078]
[    0.238640]      scan-1133 get_device_data       : No context for object [ffff88040d8250a0]
[    0.238745]      scan-1133 get_device_data       : No context for object [ffff88040d8250c8]
[    0.238854]      scan-1133 get_device_data       : No context for object [ffff88040d837500]
[    0.238962]      scan-1133 get_device_data       : No context for object [ffff88040d8250f0]
[    0.239070]      scan-1133 get_device_data       : No context for object [ffff88040d825118]
[    0.239177]     utils-0051 util_eval_error       : Evaluate [\_SB_.PCI0.PB5_._STA]: AE_NOT_FOUND
[    0.239312] device: 'device:0b': device_add
[    0.239350] bus: 'acpi': add device device:0b
[    0.239395]     utils-0051 util_eval_error       : Evaluate [\_SB_.PCI0.PB5_._SUN]: AE_NOT_FOUND
[    0.239505]      scan-1922 add_single_object     : Added device:0b [\_SB_.PCI0.PB5_] parent PNP0A08:00
[    0.239613]      scan-1133 get_device_data       : No context for object [ffff88040d825140]
[    0.239716]      scan-1133 get_device_data       : No context for object [ffff88040d825168]
[    0.239819]      scan-1133 get_device_data       : No context for object [ffff88040d825190]
[    0.239922]      scan-1133 get_device_data       : No context for object [ffff88040d8251b8]
[    0.240039]      scan-1133 get_device_data       : No context for object [ffff88040d8251e0]
[    0.240147]      scan-1133 get_device_data       : No context for object [ffff88040d825208]
[    0.240255]      scan-1133 get_device_data       : No context for object [ffff88040d825230]
[    0.240363]      scan-1133 get_device_data       : No context for object [ffff88040d825258]
[    0.240470]      scan-1133 get_device_data       : No context for object [ffff88040d825280]
[    0.240573]      scan-1133 get_device_data       : No context for object [ffff88040d8252a8]
[    0.240676]      scan-1133 get_device_data       : No context for object [ffff88040d8252d0]
[    0.240779]      scan-1133 get_device_data       : No context for object [ffff88040d8252f8]
[    0.240882]      scan-1133 get_device_data       : No context for object [ffff88040d825320]
[    0.240984]      scan-1133 get_device_data       : No context for object [ffff88040d825348]
[    0.241087]      scan-1133 get_device_data       : No context for object [ffff88040d825370]
[    0.241190]      scan-1133 get_device_data       : No context for object [ffff88040d825398]
[    0.241293]      scan-1133 get_device_data       : No context for object [ffff88040d8253c0]
[    0.241396]      scan-1133 get_device_data       : No context for object [ffff88040d8253e8]
[    0.241499]      scan-1133 get_device_data       : No context for object [ffff88040d825410]
[    0.241607]      scan-1133 get_device_data       : No context for object [ffff88040d825438]
[    0.241710]      scan-1133 get_device_data       : No context for object [ffff88040d825460]
[    0.241815]      scan-1133 get_device_data       : No context for object [ffff88040d825488]
[    0.241922]      scan-1133 get_device_data       : No context for object [ffff88040d8254b0]
[    0.242024]      scan-1133 get_device_data       : No context for object [ffff88040d8254d8]
[    0.242131]      scan-1133 get_device_data       : No context for object [ffff88040d825500]
[    0.242238]      scan-1133 get_device_data       : No context for object [ffff88040d825528]
[    0.242346]      scan-1133 get_device_data       : No context for object [ffff88040d825550]
[    0.242455]      scan-1133 get_device_data       : No context for object [ffff88040d825578]
[    0.242559]      scan-1133 get_device_data       : No context for object [ffff88040d8255a0]
[    0.242661]      scan-1133 get_device_data       : No context for object [ffff88040d8255c8]
[    0.242763]      scan-1133 get_device_data       : No context for object [ffff88040d8255f0]
[    0.242866]     utils-0051 util_eval_error       : Evaluate [\_SB_.PCI0.PB5_.XPDV._STA]: AE_NOT_FOUND
[    0.242991] device: 'device:0c': device_add
[    0.243028] bus: 'acpi': add device device:0c
[    0.243073]     utils-0051 util_eval_error       : Evaluate [\_SB_.PCI0.PB5_.XPDV._SUN]: AE_NOT_FOUND
[    0.243182]      scan-1922 add_single_object     : Added device:0c [\_SB_.PCI0.PB5_.XPDV] parent device:0b
[    0.243288]      scan-1133 get_device_data       : No context for object [ffff88040d825618]
[    0.243372]      scan-1133 get_device_data       : No context for object [ffff88040d825640]
[    0.243481]      scan-1133 get_device_data       : No context for object [ffff88040d825668]
[    0.243589]      scan-1133 get_device_data       : No context for object [ffff88040d825690]
[    0.243696]      scan-1133 get_device_data       : No context for object [ffff88040d8256b8]
[    0.243802]      scan-1133 get_device_data       : No context for object [ffff88040d837528]
[    0.243904]      scan-1133 get_device_data       : No context for object [ffff88040d8256e0]
[    0.244007]      scan-1133 get_device_data       : No context for object [ffff88040d825708]
[    0.244111]     utils-0051 util_eval_error       : Evaluate [\_SB_.PCI0.PB6_._STA]: AE_NOT_FOUND
[    0.244244] device: 'device:0d': device_add
[    0.244282] bus: 'acpi': add device device:0d
[    0.244329]     utils-0051 util_eval_error       : Evaluate [\_SB_.PCI0.PB6_._SUN]: AE_NOT_FOUND
[    0.244438]      scan-1922 add_single_object     : Added device:0d [\_SB_.PCI0.PB6_] parent PNP0A08:00
[    0.244546]      scan-1133 get_device_data       : No context for object [ffff88040d825730]
[    0.244648]      scan-1133 get_device_data       : No context for object [ffff88040d825758]
[    0.244755]      scan-1133 get_device_data       : No context for object [ffff88040d825780]
[    0.244863]      scan-1133 get_device_data       : No context for object [ffff88040d8257a8]
[    0.244970]      scan-1133 get_device_data       : No context for object [ffff88040d8257d0]
[    0.245076]      scan-1133 get_device_data       : No context for object [ffff88040d8257f8]
[    0.245178]      scan-1133 get_device_data       : No context for object [ffff88040d825820]
[    0.245280]      scan-1133 get_device_data       : No context for object [ffff88040d825848]
[    0.245382]      scan-1133 get_device_data       : No context for object [ffff88040d825870]
[    0.245484]      scan-1133 get_device_data       : No context for object [ffff88040d825898]
[    0.245586]      scan-1133 get_device_data       : No context for object [ffff88040d8258c0]
[    0.245688]      scan-1133 get_device_data       : No context for object [ffff88040d8258e8]
[    0.245790]      scan-1133 get_device_data       : No context for object [ffff88040d825910]
[    0.245893]      scan-1133 get_device_data       : No context for object [ffff88040d825938]
[    0.245996]      scan-1133 get_device_data       : No context for object [ffff88040d825960]
[    0.246099]      scan-1133 get_device_data       : No context for object [ffff88040d825988]
[    0.246205]      scan-1133 get_device_data       : No context for object [ffff88040d8259b0]
[    0.246311]      scan-1133 get_device_data       : No context for object [ffff88040d8259d8]
[    0.246414]      scan-1133 get_device_data       : No context for object [ffff88040d825a00]
[    0.246521]      scan-1133 get_device_data       : No context for object [ffff88040d825a28]
[    0.246629]      scan-1133 get_device_data       : No context for object [ffff88040d825a50]
[    0.246742]      scan-1133 get_device_data       : No context for object [ffff88040d825a78]
[    0.246849]      scan-1133 get_device_data       : No context for object [ffff88040d825aa0]
[    0.246952]      scan-1133 get_device_data       : No context for object [ffff88040d825ac8]
[    0.247055]      scan-1133 get_device_data       : No context for object [ffff88040d825af0]
[    0.247158]      scan-1133 get_device_data       : No context for object [ffff88040d825b18]
[    0.247260]      scan-1133 get_device_data       : No context for object [ffff88040d825b40]
[    0.248424]      scan-1133 get_device_data       : No context for object [ffff88040d825b68]
[    0.248527]      scan-1133 get_device_data       : No context for object [ffff88040d825b90]
[    0.248629]      scan-1133 get_device_data       : No context for object [ffff88040d825bb8]
[    0.248733]      scan-1133 get_device_data       : No context for object [ffff88040d825be0]
[    0.248837]     utils-0051 util_eval_error       : Evaluate [\_SB_.PCI0.PB6_.XPDV._STA]: AE_NOT_FOUND
[    0.248962] device: 'device:0e': device_add
[    0.249000] bus: 'acpi': add device device:0e
[    0.249045]     utils-0051 util_eval_error       : Evaluate [\_SB_.PCI0.PB6_.XPDV._SUN]: AE_NOT_FOUND
[    0.249154]      scan-1922 add_single_object     : Added device:0e [\_SB_.PCI0.PB6_.XPDV] parent device:0d
[    0.249264]      scan-1133 get_device_data       : No context for object [ffff88040d825c08]
[    0.249372]      scan-1133 get_device_data       : No context for object [ffff88040d825c30]
[    0.249475]      scan-1133 get_device_data       : No context for object [ffff88040d825c58]
[    0.249583]      scan-1133 get_device_data       : No context for object [ffff88040d825c80]
[    0.249688]      scan-1133 get_device_data       : No context for object [ffff88040d825ca8]
[    0.249791]      scan-1133 get_device_data       : No context for object [ffff88040d837550]
[    0.249900]      scan-1133 get_device_data       : No context for object [ffff88040d825cd0]
[    0.250002]      scan-1133 get_device_data       : No context for object [ffff88040d825cf8]
[    0.250110]     utils-0051 util_eval_error       : Evaluate [\_SB_.PCI0.PB7_._STA]: AE_NOT_FOUND
[    0.250251] device: 'device:0f': device_add
[    0.250293] bus: 'acpi': add device device:0f
[    0.250346]     utils-0051 util_eval_error       : Evaluate [\_SB_.PCI0.PB7_._SUN]: AE_NOT_FOUND
[    0.250464]      scan-1922 add_single_object     : Added device:0f [\_SB_.PCI0.PB7_] parent PNP0A08:00
[    0.250577]      scan-1133 get_device_data       : No context for object [ffff88040d825d20]
[    0.250683]      scan-1133 get_device_data       : No context for object [ffff88040d825d48]
[    0.250786]      scan-1133 get_device_data       : No context for object [ffff88040d825d70]
[    0.250889]      scan-1133 get_device_data       : No context for object [ffff88040d825d98]
[    0.250992]      scan-1133 get_device_data       : No context for object [ffff88040d825dc0]
[    0.251094]      scan-1133 get_device_data       : No context for object [ffff88040d825de8]
[    0.251197]      scan-1133 get_device_data       : No context for object [ffff88040d825e10]
[    0.251300]      scan-1133 get_device_data       : No context for object [ffff88040d825e38]
[    0.251403]      scan-1133 get_device_data       : No context for object [ffff88040d825e60]
[    0.251506]      scan-1133 get_device_data       : No context for object [ffff88040d825e88]
[    0.251609]      scan-1133 get_device_data       : No context for object [ffff88040d825eb0]
[    0.251711]      scan-1133 get_device_data       : No context for object [ffff88040d825ed8]
[    0.251822]      scan-1133 get_device_data       : No context for object [ffff88040d825f00]
[    0.251928]      scan-1133 get_device_data       : No context for object [ffff88040d825f28]
[    0.252031]      scan-1133 get_device_data       : No context for object [ffff88040d825f50]
[    0.252134]      scan-1133 get_device_data       : No context for object [ffff88040d825f78]
[    0.252237]      scan-1133 get_device_data       : No context for object [ffff88040d825fa0]
[    0.252343]      scan-1133 get_device_data       : No context for object [ffff88040d825fc8]
[    0.252451]      scan-1133 get_device_data       : No context for object [ffff88040d827000]
[    0.252559]      scan-1133 get_device_data       : No context for object [ffff88040d827028]
[    0.252669]      scan-1133 get_device_data       : No context for object [ffff88040d827050]
[    0.252771]      scan-1133 get_device_data       : No context for object [ffff88040d827078]
[    0.252874]      scan-1133 get_device_data       : No context for object [ffff88040d8270a0]
[    0.252977]      scan-1133 get_device_data       : No context for object [ffff88040d8270c8]
[    0.253080]      scan-1133 get_device_data       : No context for object [ffff88040d8270f0]
[    0.253182]      scan-1133 get_device_data       : No context for object [ffff88040d827118]
[    0.253285]      scan-1133 get_device_data       : No context for object [ffff88040d827140]
[    0.253404]      scan-1133 get_device_data       : No context for object [ffff88040d827168]
[    0.253507]      scan-1133 get_device_data       : No context for object [ffff88040d827190]
[    0.253610]      scan-1133 get_device_data       : No context for object [ffff88040d8271b8]
[    0.253713]      scan-1133 get_device_data       : No context for object [ffff88040d8271e0]
[    0.253820]     utils-0051 util_eval_error       : Evaluate [\_SB_.PCI0.PB7_.XPDV._STA]: AE_NOT_FOUND
[    0.253964] device: 'device:10': device_add
[    0.254006] bus: 'acpi': add device device:10
[    0.254061]     utils-0051 util_eval_error       : Evaluate [\_SB_.PCI0.PB7_.XPDV._SUN]: AE_NOT_FOUND
[    0.254177]      scan-1922 add_single_object     : Added device:10 [\_SB_.PCI0.PB7_.XPDV] parent device:0f
[    0.254283]      scan-1133 get_device_data       : No context for object [ffff88040d827208]
[    0.254386]      scan-1133 get_device_data       : No context for object [ffff88040d827230]
[    0.254489]      scan-1133 get_device_data       : No context for object [ffff88040d827258]
[    0.254592]      scan-1133 get_device_data       : No context for object [ffff88040d827280]
[    0.254694]      scan-1133 get_device_data       : No context for object [ffff88040d8272a8]
[    0.254797]      scan-1133 get_device_data       : No context for object [ffff88040d837488]
[    0.254900]      scan-1133 get_device_data       : No context for object [ffff88040d8272d0]
[    0.255004]      scan-1133 get_device_data       : No context for object [ffff88040d8272f8]
[    0.255107]     utils-0051 util_eval_error       : Evaluate [\_SB_.PCI0.OHC1._STA]: AE_NOT_FOUND
[    0.255252] device: 'device:11': device_add
[    0.255294] bus: 'acpi': add device device:11
[    0.255346]     utils-0051 util_eval_error       : Evaluate [\_SB_.PCI0.OHC1._SUN]: AE_NOT_FOUND
[    0.255463]      scan-1922 add_single_object     : Added device:11 [\_SB_.PCI0.OHC1] parent PNP0A08:00
[    0.255576]      scan-1133 get_device_data       : No context for object [ffff88040d827320]
[    0.255682]      scan-1133 get_device_data       : No context for object [ffff88040d827348]
[    0.255785]      scan-1133 get_device_data       : No context for object [ffff88040d83b2f8]
[    0.255889]     utils-0051 util_eval_error       : Evaluate [\_SB_.PCI0.OHC1.RHUB._STA]: AE_NOT_FOUND
[    0.256014] device: 'device:12': device_add
[    0.256052] bus: 'acpi': add device device:12
[    0.256097]     utils-0051 util_eval_error       : Evaluate [\_SB_.PCI0.OHC1.RHUB._SUN]: AE_NOT_FOUND
[    0.256207]      scan-1922 add_single_object     : Added device:12 [\_SB_.PCI0.OHC1.RHUB] parent device:11
[    0.256314]      scan-1133 get_device_data       : No context for object [ffff88040d83b320]
[    0.256416]      scan-1133 get_device_data       : No context for object [ffff88040d83b348]
[    0.256520]     utils-0051 util_eval_error       : Evaluate [\_SB_.PCI0.OHC1.RHUB.PRT3._STA]: AE_NOT_FOUND
[    0.256680] device: 'device:13': device_add
[    0.256752] bus: 'acpi': add device device:13
[    0.256799]     utils-0051 util_eval_error       : Evaluate [\_SB_.PCI0.OHC1.RHUB.PRT3._SUN]: AE_NOT_FOUND
[    0.256910]      scan-1922 add_single_object     : Added device:13 [\_SB_.PCI0.OHC1.RHUB.PRT3] parent device:12
[    0.257016]      scan-1133 get_device_data       : No context for object [ffff88040d83b370]
[    0.257125]      scan-1133 get_device_data       : No context for object [ffff88040d83b398]
[    0.257228]      scan-1133 get_device_data       : No context for object [ffff88040d83b3c0]
[    0.257334]      scan-1133 get_device_data       : No context for object [ffff88040d83b3e8]
[    0.257442]     utils-0051 util_eval_error       : Evaluate [\_SB_.PCI0.OHC1.RHUB.PRT4._STA]: AE_NOT_FOUND
[    0.257577] device: 'device:14': device_add
[    0.257618] bus: 'acpi': add device device:14
[    0.257671]     utils-0051 util_eval_error       : Evaluate [\_SB_.PCI0.OHC1.RHUB.PRT4._SUN]: AE_NOT_FOUND
[    0.257789]      scan-1922 add_single_object     : Added device:14 [\_SB_.PCI0.OHC1.RHUB.PRT4] parent device:12
[    0.257903]      scan-1133 get_device_data       : No context for object [ffff88040d83b410]
[    0.258009]      scan-1133 get_device_data       : No context for object [ffff88040d83b438]
[    0.259094]      scan-1133 get_device_data       : No context for object [ffff88040d83b460]
[    0.259199]      scan-1133 get_device_data       : No context for object [ffff88040d827370]
[    0.259302]     utils-0051 util_eval_error       : Evaluate [\_SB_.PCI0.EHC1._STA]: AE_NOT_FOUND
[    0.259442] device: 'device:15': device_add
[    0.259480] bus: 'acpi': add device device:15
[    0.259535]     utils-0051 util_eval_error       : Evaluate [\_SB_.PCI0.EHC1._SUN]: AE_NOT_FOUND
[    0.259652]      scan-1922 add_single_object     : Added device:15 [\_SB_.PCI0.EHC1] parent PNP0A08:00
[    0.259765]      scan-1133 get_device_data       : No context for object [ffff88040d827398]
[    0.259873]      scan-1133 get_device_data       : No context for object [ffff88040d8273c0]
[    0.259976]      scan-1133 get_device_data       : No context for object [ffff88040d83b028]
[    0.260072]     utils-0051 util_eval_error       : Evaluate [\_SB_.PCI0.EHC1.RHUB._STA]: AE_NOT_FOUND
[    0.260196] device: 'device:16': device_add
[    0.260236] bus: 'acpi': add device device:16
[    0.260282]     utils-0051 util_eval_error       : Evaluate [\_SB_.PCI0.EHC1.RHUB._SUN]: AE_NOT_FOUND
[    0.260392]      scan-1922 add_single_object     : Added device:16 [\_SB_.PCI0.EHC1.RHUB] parent device:15
[    0.260498]      scan-1133 get_device_data       : No context for object [ffff88040d83b050]
[    0.260600]      scan-1133 get_device_data       : No context for object [ffff88040d83b078]
[    0.260704]     utils-0051 util_eval_error       : Evaluate [\_SB_.PCI0.EHC1.RHUB.PRT3._STA]: AE_NOT_FOUND
[    0.260845] device: 'device:17': device_add
[    0.260886] bus: 'acpi': add device device:17
[    0.260938]     utils-0051 util_eval_error       : Evaluate [\_SB_.PCI0.EHC1.RHUB.PRT3._SUN]: AE_NOT_FOUND
[    0.261057]      scan-1922 add_single_object     : Added device:17 [\_SB_.PCI0.EHC1.RHUB.PRT3] parent device:16
[    0.261169]      scan-1133 get_device_data       : No context for object [ffff88040d83b0a0]
[    0.261274]      scan-1133 get_device_data       : No context for object [ffff88040d83b0c8]
[    0.261377]      scan-1133 get_device_data       : No context for object [ffff88040d83b0f0]
[    0.261479]      scan-1133 get_device_data       : No context for object [ffff88040d83b118]
[    0.261585]     utils-0051 util_eval_error       : Evaluate [\_SB_.PCI0.EHC1.RHUB.PRT4._STA]: AE_NOT_FOUND
[    0.261710] device: 'device:18': device_add
[    0.261748] bus: 'acpi': add device device:18
[    0.261794]     utils-0051 util_eval_error       : Evaluate [\_SB_.PCI0.EHC1.RHUB.PRT4._SUN]: AE_NOT_FOUND
[    0.261902]      scan-1922 add_single_object     : Added device:18 [\_SB_.PCI0.EHC1.RHUB.PRT4] parent device:16
[    0.262009]      scan-1133 get_device_data       : No context for object [ffff88040d83b140]
[    0.262111]      scan-1133 get_device_data       : No context for object [ffff88040d83b168]
[    0.262219]      scan-1133 get_device_data       : No context for object [ffff88040d83b190]
[    0.262324]      scan-1133 get_device_data       : No context for object [ffff88040d8273e8]
[    0.262431]     utils-0051 util_eval_error       : Evaluate [\_SB_.PCI0.OHC2._STA]: AE_NOT_FOUND
[    0.262566] device: 'device:19': device_add
[    0.262607] bus: 'acpi': add device device:19
[    0.262660]     utils-0051 util_eval_error       : Evaluate [\_SB_.PCI0.OHC2._SUN]: AE_NOT_FOUND
[    0.262771]      scan-1922 add_single_object     : Added device:19 [\_SB_.PCI0.OHC2] parent PNP0A08:00
[    0.262882]      scan-1133 get_device_data       : No context for object [ffff88040d827410]
[    0.262990]      scan-1133 get_device_data       : No context for object [ffff88040d827438]
[    0.263098]      scan-1133 get_device_data       : No context for object [ffff88040d83b488]
[    0.263208]     utils-0051 util_eval_error       : Evaluate [\_SB_.PCI0.OHC2.RHUB._STA]: AE_NOT_FOUND
[    0.263348] device: 'device:1a': device_add
[    0.263386] bus: 'acpi': add device device:1a
[    0.263431]     utils-0051 util_eval_error       : Evaluate [\_SB_.PCI0.OHC2.RHUB._SUN]: AE_NOT_FOUND
[    0.263541]      scan-1922 add_single_object     : Added device:1a [\_SB_.PCI0.OHC2.RHUB] parent device:19
[    0.263647]      scan-1133 get_device_data       : No context for object [ffff88040d83b4b0]
[    0.263750]      scan-1133 get_device_data       : No context for object [ffff88040d83b4d8]
[    0.263854]     utils-0051 util_eval_error       : Evaluate [\_SB_.PCI0.OHC2.RHUB.PRT4._STA]: AE_NOT_FOUND
[    0.263979] device: 'device:1b': device_add
[    0.264017] bus: 'acpi': add device device:1b
[    0.264067]     utils-0051 util_eval_error       : Evaluate [\_SB_.PCI0.OHC2.RHUB.PRT4._SUN]: AE_NOT_FOUND
[    0.264186]      scan-1922 add_single_object     : Added device:1b [\_SB_.PCI0.OHC2.RHUB.PRT4] parent device:1a
[    0.264299]      scan-1133 get_device_data       : No context for object [ffff88040d83b500]
[    0.264407]      scan-1133 get_device_data       : No context for object [ffff88040d83b528]
[    0.264513]      scan-1133 get_device_data       : No context for object [ffff88040d83b550]
[    0.264616]      scan-1133 get_device_data       : No context for object [ffff88040d827460]
[    0.264719]     utils-0051 util_eval_error       : Evaluate [\_SB_.PCI0.EHC2._STA]: AE_NOT_FOUND
[    0.264852] device: 'device:1c': device_add
[    0.264890] bus: 'acpi': add device device:1c
[    0.264935]     utils-0051 util_eval_error       : Evaluate [\_SB_.PCI0.EHC2._SUN]: AE_NOT_FOUND
[    0.265045]      scan-1922 add_single_object     : Added device:1c [\_SB_.PCI0.EHC2] parent PNP0A08:00
[    0.265151]      scan-1133 get_device_data       : No context for object [ffff88040d827488]
[    0.265254]      scan-1133 get_device_data       : No context for object [ffff88040d8274b0]
[    0.265357]      scan-1133 get_device_data       : No context for object [ffff88040d83b1b8]
[    0.265466]     utils-0051 util_eval_error       : Evaluate [\_SB_.PCI0.EHC2.RHUB._STA]: AE_NOT_FOUND
[    0.265609] device: 'device:1d': device_add
[    0.265650] bus: 'acpi': add device device:1d
[    0.265703]     utils-0051 util_eval_error       : Evaluate [\_SB_.PCI0.EHC2.RHUB._SUN]: AE_NOT_FOUND
[    0.265818]      scan-1922 add_single_object     : Added device:1d [\_SB_.PCI0.EHC2.RHUB] parent device:1c
[    0.265925]      scan-1133 get_device_data       : No context for object [ffff88040d83b1e0]
[    0.266028]      scan-1133 get_device_data       : No context for object [ffff88040d83b208]
[    0.266132]     utils-0051 util_eval_error       : Evaluate [\_SB_.PCI0.EHC2.RHUB.PRT2._STA]: AE_NOT_FOUND
[    0.266258] device: 'device:1e': device_add
[    0.266295] bus: 'acpi': add device device:1e
[    0.266342]     utils-0051 util_eval_error       : Evaluate [\_SB_.PCI0.EHC2.RHUB.PRT2._SUN]: AE_NOT_FOUND
[    0.266453]      scan-1922 add_single_object     : Added device:1e [\_SB_.PCI0.EHC2.RHUB.PRT2] parent device:1d
[    0.266560]      scan-1133 get_device_data       : No context for object [ffff88040d83b230]
[    0.266662]      scan-1133 get_device_data       : No context for object [ffff88040d83b258]
[    0.266742]      scan-1133 get_device_data       : No context for object [ffff88040d83b280]
[    0.266851]      scan-1133 get_device_data       : No context for object [ffff88040d8274d8]
[    0.266961]     utils-0051 util_eval_error       : Evaluate [\_SB_.PCI0.OHC3._STA]: AE_NOT_FOUND
[    0.267099] device: 'device:1f': device_add
[    0.267138] bus: 'acpi': add device device:1f
[    0.267183]     utils-0051 util_eval_error       : Evaluate [\_SB_.PCI0.OHC3._SUN]: AE_NOT_FOUND
[    0.267292]      scan-1922 add_single_object     : Added device:1f [\_SB_.PCI0.OHC3] parent PNP0A08:00
[    0.267398]      scan-1133 get_device_data       : No context for object [ffff88040d827500]
[    0.267502]      scan-1133 get_device_data       : No context for object [ffff88040d827528]
[    0.267604]      scan-1133 get_device_data       : No context for object [ffff88040d83b578]
[    0.267709]     utils-0051 util_eval_error       : Evaluate [\_SB_.PCI0.OHC3.RHUB._STA]: AE_NOT_FOUND
[    0.267834] device: 'device:20': device_add
[    0.267872] bus: 'acpi': add device device:20
[    0.267921]     utils-0051 util_eval_error       : Evaluate [\_SB_.PCI0.OHC3.RHUB._SUN]: AE_NOT_FOUND
[    0.268039]      scan-1922 add_single_object     : Added device:20 [\_SB_.PCI0.OHC3.RHUB] parent device:1f
[    0.268151]      scan-1133 get_device_data       : No context for object [ffff88040d83b5a0]
[    0.268260]      scan-1133 get_device_data       : No context for object [ffff88040d827550]
[    0.268366]     utils-0051 util_eval_error       : Evaluate [\_SB_.PCI0.EHC3._STA]: AE_NOT_FOUND
[    0.268498] device: 'device:21': device_add
[    0.268536] bus: 'acpi': add device device:21
[    0.268583]     utils-0051 util_eval_error       : Evaluate [\_SB_.PCI0.EHC3._SUN]: AE_NOT_FOUND
[    0.268693]      scan-1922 add_single_object     : Added device:21 [\_SB_.PCI0.EHC3] parent PNP0A08:00
[    0.269858]      scan-1133 get_device_data       : No context for object [ffff88040d827578]
[    0.269960]      scan-1133 get_device_data       : No context for object [ffff88040d8275a0]
[    0.270072]      scan-1133 get_device_data       : No context for object [ffff88040d83b2a8]
[    0.270175]     utils-0051 util_eval_error       : Evaluate [\_SB_.PCI0.EHC3.RHUB._STA]: AE_NOT_FOUND
[    0.270300] device: 'device:22': device_add
[    0.270338] bus: 'acpi': add device device:22
[    0.270383]     utils-0051 util_eval_error       : Evaluate [\_SB_.PCI0.EHC3.RHUB._SUN]: AE_NOT_FOUND
[    0.270493]      scan-1922 add_single_object     : Added device:22 [\_SB_.PCI0.EHC3.RHUB] parent device:21
[    0.270605]      scan-1133 get_device_data       : No context for object [ffff88040d83b2d0]
[    0.270711]      scan-1133 get_device_data       : No context for object [ffff88040d8275c8]
[    0.270815]     utils-0051 util_eval_error       : Evaluate [\_SB_.PCI0.OHC4._STA]: AE_NOT_FOUND
[    0.270969] device: 'device:23': device_add
[    0.271011] bus: 'acpi': add device device:23
[    0.271064]     utils-0051 util_eval_error       : Evaluate [\_SB_.PCI0.OHC4._SUN]: AE_NOT_FOUND
[    0.271181]      scan-1922 add_single_object     : Added device:23 [\_SB_.PCI0.OHC4] parent PNP0A08:00
[    0.271291]      scan-1133 get_device_data       : No context for object [ffff88040d8275f0]
[    0.271394]      scan-1133 get_device_data       : No context for object [ffff88040d827618]
[    0.271497]      scan-1133 get_device_data       : No context for object [ffff88040d827640]
[    0.271601]     utils-0051 util_eval_error       : Evaluate [\_SB_.PCI0.SBAZ._STA]: AE_NOT_FOUND
[    0.271734] device: 'device:24': device_add
[    0.271771] bus: 'acpi': add device device:24
[    0.271819]     utils-0051 util_eval_error       : Evaluate [\_SB_.PCI0.SBAZ._SUN]: AE_NOT_FOUND
[    0.271928]      scan-1922 add_single_object     : Added device:24 [\_SB_.PCI0.SBAZ] parent PNP0A08:00
[    0.272034]      scan-1133 get_device_data       : No context for object [ffff88040d827668]
[    0.272137]      scan-1133 get_device_data       : No context for object [ffff88040d827690]
[    0.272245]      scan-1133 get_device_data       : No context for object [ffff88040d8276b8]
[    0.272355]     utils-0051 util_eval_error       : Evaluate [\_SB_.PCI0.GEC_._STA]: AE_NOT_FOUND
[    0.272554] device: 'device:25': device_add
[    0.272592] bus: 'acpi': add device device:25
[    0.272638]     utils-0051 util_eval_error       : Evaluate [\_SB_.PCI0.GEC_._SUN]: AE_NOT_FOUND
[    0.272747]      scan-1922 add_single_object     : Added device:25 [\_SB_.PCI0.GEC_] parent PNP0A08:00
[    0.272853]      scan-1133 get_device_data       : No context for object [ffff88040d8276e0]
[    0.272956]      scan-1133 get_device_data       : No context for object [ffff88040d827708]
[    0.273059]      scan-1133 get_device_data       : No context for object [ffff88040d827730]
[    0.273162]      scan-1133 get_device_data       : No context for object [ffff88040d827758]
[    0.273265]      scan-1133 get_device_data       : No context for object [ffff88040d827780]
[    0.273372]      scan-1133 get_device_data       : No context for object [ffff88040d8277a8]
[    0.273478]      scan-1133 get_device_data       : No context for object [ffff88040d8277d0]
[    0.273589]      scan-1133 get_device_data       : No context for object [ffff88040d8277f8]
[    0.273694]      scan-1133 get_device_data       : No context for object [ffff88040d827820]
[    0.273799]     utils-0051 util_eval_error       : Evaluate [\_SB_.PCI0.SATA._STA]: AE_NOT_FOUND
[    0.273927] device: 'device:26': device_add
[    0.273969] bus: 'acpi': add device device:26
[    0.274017]     utils-0051 util_eval_error       : Evaluate [\_SB_.PCI0.SATA._SUN]: AE_NOT_FOUND
[    0.274128]      scan-1922 add_single_object     : Added device:26 [\_SB_.PCI0.SATA] parent PNP0A08:00
[    0.274241]      scan-1133 get_device_data       : No context for object [ffff88040d827848]
[    0.274344]      scan-1133 get_device_data       : No context for object [ffff88040d827870]
[    0.274450]      scan-1133 get_device_data       : No context for object [ffff88040d827898]
[    0.274556]      scan-1133 get_device_data       : No context for object [ffff88040d8278c0]
[    0.274659]      scan-1133 get_device_data       : No context for object [ffff88040d8278e8]
[    0.274767]      scan-1133 get_device_data       : No context for object [ffff88040d827910]
[    0.274870]      scan-1133 get_device_data       : No context for object [ffff88040d827938]
[    0.274975]      scan-1133 get_device_data       : No context for object [ffff88040d827960]
[    0.275083]      scan-1133 get_device_data       : No context for object [ffff88040d827988]
[    0.275192]      scan-1133 get_device_data       : No context for object [ffff88040d8279b0]
[    0.275299]      scan-1133 get_device_data       : No context for object [ffff88040d8279d8]
[    0.275405]      scan-1133 get_device_data       : No context for object [ffff88040d827a00]
[    0.275507]      scan-1133 get_device_data       : No context for object [ffff88040d827a28]
[    0.275609]      scan-1133 get_device_data       : No context for object [ffff88040d827a50]
[    0.275711]      scan-1133 get_device_data       : No context for object [ffff88040d827a78]
[    0.275814]      scan-1133 get_device_data       : No context for object [ffff88040d827aa0]
[    0.275917]      scan-1133 get_device_data       : No context for object [ffff88040d827ac8]
[    0.276020]      scan-1133 get_device_data       : No context for object [ffff88040d827af0]
[    0.276122]      scan-1133 get_device_data       : No context for object [ffff88040d827b18]
[    0.276225]      scan-1133 get_device_data       : No context for object [ffff88040d827b40]
[    0.276328]      scan-1133 get_device_data       : No context for object [ffff88040d827b68]
[    0.276430]      scan-1133 get_device_data       : No context for object [ffff88040d827b90]
[    0.276538]      scan-1133 get_device_data       : No context for object [ffff88040d827bb8]
[    0.276670]      scan-1133 get_device_data       : No context for object [ffff88040d827be0]
[    0.276778]      scan-1133 get_device_data       : No context for object [ffff88040d827c08]
[    0.276885]      scan-1133 get_device_data       : No context for object [ffff88040d827c30]
[    0.276987]      scan-1133 get_device_data       : No context for object [ffff88040d827c58]
[    0.277089]      scan-1133 get_device_data       : No context for object [ffff88040d827c80]
[    0.277190]      scan-1133 get_device_data       : No context for object [ffff88040d827ca8]
[    0.277292]      scan-1133 get_device_data       : No context for object [ffff88040d827cd0]
[    0.277394]      scan-1133 get_device_data       : No context for object [ffff88040d827cf8]
[    0.277497]      scan-1133 get_device_data       : No context for object [ffff88040d827d20]
[    0.277599]      scan-1133 get_device_data       : No context for object [ffff88040d827d48]
[    0.277700]      scan-1133 get_device_data       : No context for object [ffff88040d827d70]
[    0.277804]      scan-1133 get_device_data       : No context for object [ffff88040d827d98]
[    0.277906]      scan-1133 get_device_data       : No context for object [ffff88040d827dc0]
[    0.278013]      scan-1133 get_device_data       : No context for object [ffff88040d827de8]
[    0.278116]      scan-1133 get_device_data       : No context for object [ffff88040d827e10]
[    0.278218]      scan-1133 get_device_data       : No context for object [ffff88040d827e38]
[    0.278326]      scan-1133 get_device_data       : No context for object [ffff88040d827e60]
[    0.278433]      scan-1133 get_device_data       : No context for object [ffff88040d827e88]
[    0.278541]      scan-1133 get_device_data       : No context for object [ffff88040d827eb0]
[    0.278646]      scan-1133 get_device_data       : No context for object [ffff88040d827ed8]
[    0.278749]      scan-1133 get_device_data       : No context for object [ffff88040d827f00]
[    0.278851]      scan-1133 get_device_data       : No context for object [ffff88040d827f28]
[    0.278954]     utils-0051 util_eval_error       : Evaluate [\_SB_.PCI0.SATA.PRID._STA]: AE_NOT_FOUND
[    0.279085] device_pm-0128 device_get_power      : Device [PRID] power state is (unknown)
[    0.279190] device: 'device:27': device_add
[    0.279229] bus: 'acpi': add device device:27
[    0.279274]     utils-0051 util_eval_error       : Evaluate [\_SB_.PCI0.SATA.PRID._SUN]: AE_NOT_FOUND
[    0.279385]      scan-1922 add_single_object     : Added device:27 [\_SB_.PCI0.SATA.PRID] parent device:26
[    0.280004]      scan-1133 get_device_data       : No context for object [ffff88040d827f50]
[    0.280107]      scan-1133 get_device_data       : No context for object [ffff88040d827f78]
[    0.280211]      scan-1133 get_device_data       : No context for object [ffff88040d827fa0]
[    0.280313]      scan-1133 get_device_data       : No context for object [ffff88040d827fc8]
