[    0.000000] Initializing cgroup subsys cpuset
[    0.000000] Initializing cgroup subsys cpu
[    0.000000] Initializing cgroup subsys cpuacct
[    0.000000] Linux version 3.16.0-rc7-MANJAROed (emacs@manji) (gcc version 4.9.0 20140604 (prerelease) (GCC) ) #16 SMP Tue Jul 29 05:38:10 CEST 2014
[    0.000000] Command line: BOOT_IMAGE=/vmlinuz-316-x86_64 root=UUID=bfa4ab6e-19a3-4601-ba2b-267c55841c73 rw cryptdevice=/dev/disk/by-uuid/70c08890-417a-497d-b6ab-c0d0357a63e2:cryptManjaro:allow-discards ipv6.disable=1 pnp.debug=1 loglevel=9 log_buf_len=10M printk.always_kmsg_dump=y printk.time=y mminit_loglevel=0 memory_corruption_check=1 acpi.debug_layer=0xfbff0000 acpi.debug_level=0xFFFFFFFD pnp.debug=1 nohz=on rcu_nocbs=1-3 pcie_aspm=force nofb
[    0.000000] KERNEL supported cpus:
[    0.000000]   AMD AuthenticAMD
[    0.000000] e820: BIOS-provided physical RAM map:
[    0.000000] BIOS-e820: [mem 0x0000000000000000-0x000000000009d7ff] usable
[    0.000000] BIOS-e820: [mem 0x000000000009d800-0x000000000009ffff] reserved
[    0.000000] BIOS-e820: [mem 0x00000000000e0000-0x00000000000fffff] reserved
[    0.000000] BIOS-e820: [mem 0x0000000000100000-0x00000000bed9afff] usable
[    0.000000] BIOS-e820: [mem 0x00000000bed9b000-0x00000000bf39afff] reserved
[    0.000000] BIOS-e820: [mem 0x00000000bf39b000-0x00000000bf49afff] ACPI NVS
[    0.000000] BIOS-e820: [mem 0x00000000bf49b000-0x00000000bf51afff] ACPI data
[    0.000000] BIOS-e820: [mem 0x00000000bf51b000-0x00000000bfdfffff] usable
[    0.000000] BIOS-e820: [mem 0x00000000bfe00000-0x00000000bfffffff] reserved
[    0.000000] BIOS-e820: [mem 0x00000000fec00000-0x00000000fecfffff] reserved
[    0.000000] BIOS-e820: [mem 0x00000000fed80000-0x00000000fed80fff] reserved
[    0.000000] BIOS-e820: [mem 0x00000000ffe00000-0x00000000ffffffff] reserved
[    0.000000] BIOS-e820: [mem 0x0000000100000000-0x000000041effffff] usable
[    0.000000] NX (Execute Disable) protection: active
[    0.000000] SMBIOS 2.6 present.
[    0.000000] DMI: LENOVO Sabine/Torpedo, BIOS 54CN18WW 07/20/2011
[    0.000000] e820: update [mem 0x00000000-0x00000fff] usable ==> reserved
[    0.000000] e820: remove [mem 0x000a0000-0x000fffff] usable
[    0.000000] e820: last_pfn = 0x41f000 max_arch_pfn = 0x400000000
[    0.000000] MTRR default type: uncachable
[    0.000000] MTRR fixed ranges enabled:
[    0.000000]   00000-9FFFF write-back
[    0.000000]   A0000-BFFFF uncachable
[    0.000000]   C0000-FFFFF write-protect
[    0.000000] MTRR variable ranges enabled:
[    0.000000]   0 base 0000000000 mask FF80000000 write-back
[    0.000000]   1 base 0080000000 mask FFC0000000 write-back
[    0.000000]   2 base 00FFF90000 mask FFFFFF0000 uncachable
[    0.000000]   3 base 00FED80000 mask 0FFFFFF000 uncachable
[    0.000000]   4 disabled
[    0.000000]   5 disabled
[    0.000000]   6 disabled
[    0.000000]   7 base 00FFE00000 mask FFFFE00000 write-protect
[    0.000000] TOM2: 000000041f000000 aka 16880M
[    0.000000] mtrr: your BIOS has configured an incorrect mask, fixing it.
[    0.000000] e820: last_pfn = 0xbfe00 max_arch_pfn = 0x400000000
[    0.000000] found SMP MP-table at [mem 0x000fa8b0-0x000fa8bf] mapped at [ffff8800000fa8b0]
[    0.000000] Base memory trampoline at [ffff880000097000] 97000 size 24576
[    0.000000] Using GB pages for direct mapping
[    0.000000] init_memory_mapping: [mem 0x00000000-0x000fffff]
[    0.000000]  [mem 0x00000000-0x000fffff] page 4k
[    0.000000] BRK [0x01c11000, 0x01c11fff] PGTABLE
[    0.000000] BRK [0x01c12000, 0x01c12fff] PGTABLE
[    0.000000] BRK [0x01c13000, 0x01c13fff] PGTABLE
[    0.000000] init_memory_mapping: [mem 0x41ee00000-0x41effffff]
[    0.000000]  [mem 0x41ee00000-0x41effffff] page 2M
[    0.000000] BRK [0x01c14000, 0x01c14fff] PGTABLE
[    0.000000] init_memory_mapping: [mem 0x41c000000-0x41edfffff]
[    0.000000]  [mem 0x41c000000-0x41edfffff] page 2M
[    0.000000] init_memory_mapping: [mem 0x400000000-0x41bffffff]
[    0.000000]  [mem 0x400000000-0x41bffffff] page 2M
[    0.000000] init_memory_mapping: [mem 0x00100000-0xbed9afff]
[    0.000000]  [mem 0x00100000-0x001fffff] page 4k
[    0.000000]  [mem 0x00200000-0x3fffffff] page 2M
[    0.000000]  [mem 0x40000000-0x7fffffff] page 1G
[    0.000000]  [mem 0x80000000-0xbebfffff] page 2M
[    0.000000]  [mem 0xbec00000-0xbed9afff] page 4k
[    0.000000] init_memory_mapping: [mem 0xbf51b000-0xbfdfffff]
[    0.000000]  [mem 0xbf51b000-0xbf5fffff] page 4k
[    0.000000]  [mem 0xbf600000-0xbfdfffff] page 2M
[    0.000000] BRK [0x01c15000, 0x01c15fff] PGTABLE
[    0.000000] init_memory_mapping: [mem 0x100000000-0x3ffffffff]
[    0.000000]  [mem 0x100000000-0x3ffffffff] page 1G
[    0.000000] log_buf_len: 16777216
[    0.000000] early log buf free: 2092392(99%)
[    0.000000] RAMDISK: [mem 0x37856000-0x37c22fff]
[    0.000000] ACPI: Early table checksum verification disabled
[    0.000000] ACPI: RSDP 0x00000000000F0110 000024 (v02 LENOVO)
[    0.000000] ACPI: XSDT 0x00000000BF51A120 000074 (v01 LENOVO CB-01    00000001 LENO 00000001)
[    0.000000] ACPI: FACP 0x00000000BF508000 0000F4 (v04 LENOVO CB-01    00000001 PTL  00000001)
[    0.000000] ACPI: DSDT 0x00000000BF50A000 00FD10 (v01 LENOVO CB-01    00001000 LENO 00000001)
[    0.000000] ACPI: FACS 0x00000000BF478000 000040
[    0.000000] ACPI: HPET 0x00000000BF507000 000038 (v01 LENOVO CB-01    00000001 PTL  00000001)
[    0.000000] ACPI: APIC 0x00000000BF506000 00007A (v02 LENOVO CB-01    00000001 PTL  00000001)
[    0.000000] ACPI: MCFG 0x00000000BF505000 00003C (v01 LENOVO CB-01    00000001 PTL  00000001)
[    0.000000] ACPI: SLIC 0x00000000BF504000 000176 (v01 LENOVO CB-01    00000001 LENO 00000001)
[    0.000000] ACPI: UEFI 0x00000000BF503000 00003E (v01 LENOVO CB-01    00000001 PTL  00000001)
[    0.000000] ACPI: UEFI 0x00000000BF502000 000042 (v01 PTL    COMBUF   00000001 PTL  00000001)
[    0.000000] ACPI: SSDT 0x00000000BF501000 000E34 (v01 AMD    POWERNOW 00000001 AMD  00000001)
[    0.000000] ACPI: SSDT 0x00000000BF4FF000 00193D (v02 AMD    ALIB     00000001 MSFT 04000000)
[    0.000000] ACPI: UEFI 0x00000000BF4FE000 00021A (v01 LENOVO CB-01    00000001 PTL  00000001)
[    0.000000] ACPI: Local APIC address 0xfee00000
[    0.000000] No NUMA configuration found
[    0.000000] Faking a node at [mem 0x0000000000000000-0x000000041effffff]
[    0.000000] Initmem setup node 0 [mem 0x00000000-0x41effffff]
[    0.000000]   NODE_DATA [mem 0x41dffa000-0x41dffdfff]
[    0.000000]  [ffffea0000000000-ffffea00107fffff] PMD -> [ffff88040de00000-ffff88041d5fffff] on node 0
[    0.000000] Zone ranges:
[    0.000000]   DMA      [mem 0x00001000-0x00ffffff]
[    0.000000]   DMA32    [mem 0x01000000-0xffffffff]
[    0.000000]   Normal   [mem 0x100000000-0x41effffff]
[    0.000000] Movable zone start for each node
[    0.000000] Early memory node ranges
[    0.000000]   node   0: [mem 0x00001000-0x0009cfff]
[    0.000000]   node   0: [mem 0x00100000-0xbed9afff]
[    0.000000]   node   0: [mem 0xbf51b000-0xbfdfffff]
[    0.000000]   node   0: [mem 0x100000000-0x41effffff]
[    0.000000] On node 0 totalpages: 4056604
[    0.000000]   DMA zone: 64 pages used for memmap
[    0.000000]   DMA zone: 21 pages reserved
[    0.000000]   DMA zone: 3996 pages, LIFO batch:0
[    0.000000]   DMA32 zone: 12186 pages used for memmap
[    0.000000]   DMA32 zone: 779904 pages, LIFO batch:31
[    0.000000]   Normal zone: 51136 pages used for memmap
[    0.000000]   Normal zone: 3272704 pages, LIFO batch:31
[    0.000000] ACPI: PM-Timer IO Port: 0x808
[    0.000000] ACPI: Local APIC address 0xfee00000
[    0.000000] ACPI: LAPIC (acpi_id[0x00] lapic_id[0x00] enabled)
[    0.000000] ACPI: LAPIC (acpi_id[0x01] lapic_id[0x01] enabled)
[    0.000000] ACPI: LAPIC (acpi_id[0x02] lapic_id[0x02] enabled)
[    0.000000] ACPI: LAPIC (acpi_id[0x03] lapic_id[0x03] enabled)
[    0.000000] ACPI: LAPIC_NMI (acpi_id[0x00] high edge lint[0x1])
[    0.000000] ACPI: LAPIC_NMI (acpi_id[0x01] high edge lint[0x1])
[    0.000000] ACPI: LAPIC_NMI (acpi_id[0x02] high edge lint[0x1])
[    0.000000] ACPI: LAPIC_NMI (acpi_id[0x03] high edge lint[0x1])
[    0.000000] ACPI: IOAPIC (id[0x02] address[0xfec00000] gsi_base[0])
[    0.000000] IOAPIC[0]: apic_id 2, version 33, address 0xfec00000, GSI 0-23
[    0.000000] ACPI: INT_SRC_OVR (bus 0 bus_irq 0 global_irq 2 dfl dfl)
[    0.000000] ACPI: IRQ0 used by override.
[    0.000000] ACPI: IRQ2 used by override.
[    0.000000] ACPI: IRQ9 used by override.
[    0.000000] Using ACPI (MADT) for SMP configuration information
[    0.000000] ACPI: HPET id: 0x43538210 base: 0xfed00000
[    0.000000] smpboot: Allowing 4 CPUs, 0 hotplug CPUs
[    0.000000] nr_irqs_gsi: 40
[    0.000000] e820: [mem 0xc0000000-0xfebfffff] available for PCI devices
[    0.000000] setup_percpu: NR_CPUS:64 nr_cpumask_bits:64 nr_cpu_ids:4 nr_node_ids:1
[    0.000000] PERCPU: Embedded 27 pages/cpu @ffff88041dc00000 s80128 r8192 d22272 u524288
[    0.000000] pcpu-alloc: s80128 r8192 d22272 u524288 alloc=1*2097152
[    0.000000] pcpu-alloc: [0] 0 1 2 3 
[    0.000000] Built 1 zonelists in Zone order, mobility grouping on.  Total pages: 3993197
[    0.000000] Policy zone: Normal
[    0.000000] Kernel command line: BOOT_IMAGE=/vmlinuz-316-x86_64 root=UUID=bfa4ab6e-19a3-4601-ba2b-267c55841c73 rw cryptdevice=/dev/disk/by-uuid/70c08890-417a-497d-b6ab-c0d0357a63e2:cryptManjaro:allow-discards ipv6.disable=1 pnp.debug=1 loglevel=9 log_buf_len=10M printk.always_kmsg_dump=y printk.time=y mminit_loglevel=0 memory_corruption_check=1 acpi.debug_layer=0xfbff0000 acpi.debug_level=0xFFFFFFFD pnp.debug=1 nohz=on rcu_nocbs=1-3 pcie_aspm=force nofb
[    0.000000] PCIe ASPM is forcibly enabled
[    0.000000] PID hash table entries: 4096 (order: 3, 32768 bytes)
[    0.000000] Memory: 15873056K/16226416K available (5216K kernel code, 711K rwdata, 1912K rodata, 844K init, 2580K bss, 353360K reserved)
[    0.000000] SLUB: HWalign=64, Order=0-3, MinObjects=0, CPUs=4, Nodes=1
[    0.000000] Hierarchical RCU implementation.
[    0.000000] 	RCU dyntick-idle grace-period acceleration is enabled.
[    0.000000] 	Additional per-CPU info printed with stalls.
[    0.000000] 	RCU restricting CPUs from NR_CPUS=64 to nr_cpu_ids=4.
[    0.000000] 	Offload RCU callbacks from all CPUs
[    0.000000] 	Offload RCU callbacks from CPUs: 0-3.
[    0.000000] RCU: Adjusting geometry for rcu_fanout_leaf=16, nr_cpu_ids=4
[    0.000000] NO_HZ: Full dynticks CPUs: 1-63.
[    0.000000] NR_IRQS:4352 nr_irqs:712 16
[    0.000000] spurious 8259A interrupt: IRQ7.
[    0.000000] Console: colour VGA+ 80x25
[    0.000000] console [tty0] enabled
[    0.000000] allocated 65011712 bytes of page_cgroup
[    0.000000] please try 'cgroup_disable=memory' option if you don't want memory cgroups
[    0.000000] hpet clockevent registered
[    0.000000] tsc: Fast TSC calibration using PIT
[    0.000000] tsc: Detected 1397.358 MHz processor
[    0.000056] Calibrating delay loop (skipped), value calculated using timer frequency.. 2795.16 BogoMIPS (lpj=4657860)
[    0.000169] pid_max: default: 32768 minimum: 301
[    0.000221] ACPI: Core revision 20140424
[    0.024294] ACPI: All ACPI Tables successfully acquired
[    0.025819] Security Framework initialized
[    0.028328] Dentry cache hash table entries: 2097152 (order: 12, 16777216 bytes)
[    0.035197] Inode-cache hash table entries: 1048576 (order: 11, 8388608 bytes)
[    0.038166] Mount-cache hash table entries: 32768 (order: 6, 262144 bytes)
[    0.038288] Mountpoint-cache hash table entries: 32768 (order: 6, 262144 bytes)
[    0.038814] Initializing cgroup subsys memory
[    0.038943] Initializing cgroup subsys devices
[    0.039040] Initializing cgroup subsys freezer
[    0.039085] Initializing cgroup subsys blkio
[    0.039162] tseg: 00bfe00000
[    0.039206] CPU: Physical Processor ID: 0
[    0.039247] CPU: Processor Core ID: 0
[    0.039289] mce: CPU supports 6 MCE banks
[    0.039342] Last level iTLB entries: 4KB 512, 2MB 16, 4MB 8
Last level dTLB entries: 4KB 1024, 2MB 128, 4MB 64, 1GB 0
tlb_flushall_shift: 6
[    0.039566] Freeing SMP alternatives memory: 20K (ffffffff81986000 - ffffffff8198b000)
[    0.040148] ..TIMER: vector=0x30 apic1=0 pin1=2 apic2=-1 pin2=-1
[    0.073219] smpboot: CPU0: AMD A6-3400M APU with Radeon(tm) HD Graphics (fam: 12, model: 01, stepping: 00)
[    0.176862] Performance Events: AMD PMU driver.
[    0.176945] ... version:                0
[    0.176986] ... bit width:              48
[    0.177027] ... generic registers:      4
[    0.177068] ... value mask:             0000ffffffffffff
[    0.177110] ... max period:             00007fffffffffff
[    0.177152] ... fixed-purpose events:   0
[    0.177193] ... event mask:             000000000000000f
[    0.177714] MCE: In-kernel MCE decoding enabled.
[    0.177859] NMI watchdog: enabled on all CPUs, permanently consumes one hw-PMU counter.
[    0.178078] x86: Booting SMP configuration:
[    0.178167] .... node  #0, CPUs:      #1
[    0.191444] TSC synchronization [CPU#0 -> CPU#1]:
[    0.191570] Measured 132420964 cycles TSC warp between CPUs, turning off TSC clock.
[    0.191621] tsc: Marking TSC unstable due to check_tsc_sync_source failed
[    0.191841]  #2 #3
[    0.214397] x86: Booted up 1 node, 4 CPUs
[    0.214477] smpboot: Total of 4 processors activated (11183.65 BogoMIPS)
[    0.113448] devtmpfs: initialized
[    0.113473] device: 'platform': device_add
[    0.113557] bus: 'platform': registered
[    0.113642] bus: 'cpu': registered
[    0.116678] device: 'cpu': device_add
[    0.116746] bus: 'container': registered
[    0.116788] device: 'container': device_add
[    0.117109] bus: 'workqueue': registered
[    0.117109] device: 'workqueue': device_add
[    0.117109] kworker/u8:0 (39) used greatest stack depth: 14144 bytes left
[    0.117269] atomic64_test: passed for x86-64 platform with CX8 and with SSE
[    0.117363] device class 'regulator': registering
[    0.117443] Registering platform device 'reg-dummy'. Parent at platform
[    0.117535] device: 'reg-dummy': device_add
[    0.117582] bus: 'platform': add device reg-dummy
[    0.117647] bus: 'platform': add driver reg-dummy
[    0.117693] bus: 'platform': driver_probe_device: matched device reg-dummy with driver reg-dummy
[    0.117742] bus: 'platform': really_probe: probing driver reg-dummy with device reg-dummy
[    0.117796] device: 'regulator.0': device_add
[    0.117866] regulator-dummy: no parameters
[    0.117919] driver: 'reg-dummy': driver_bound: bound to device 'reg-dummy'
[    0.117965] bus: 'platform': really_probe: bound device reg-dummy to driver reg-dummy
[    0.118094] NET: Registered protocol family 16
[    0.118309] device class 'bdi': registering
[    0.118414] bus: 'platform': add driver ramoops
[    0.118476] device class 'pci_bus': registering
[    0.118544] bus: 'pci': registered
[    0.118591] device class 'backlight': registering
[    0.118643] device class 'tty': registering
[    0.118691] device class 'vtconsole': registering
[    0.118738] device: 'vtcon0': device_add
[    0.118819] bus: 'node': registered
[    0.118907] device: 'node': device_add
[    0.118980] bus: 'i2c': registered
[    0.119020] bus: 'i2c': add driver dummy
[    0.119068] i2c-core: driver [dummy] registered
[    0.119112] cpuidle: using governor ladder
[    0.119153] cpuidle: using governor menu
[    0.120039] ACPI FADT declares the system doesn't support PCIe ASPM, so disable it
[    0.120129] ACPI: bus type PCI registered
[    0.120168] acpiphp: ACPI Hot Plug PCI Controller Driver version: 0.5
[    0.120211] device class 'dmi': registering
[    0.120259] device: 'id': device_add
[    0.120418] PCI: MMCONFIG for domain 0000 [bus 00-3f] at [mem 0xf8000000-0xfbffffff] (base 0xf8000000)
[    0.120464] PCI: not using MMCONFIG
[    0.120502] PCI: Using configuration type 1 for base access
[    0.120541] PCI: Using configuration type 1 for extended access
[    0.120714] device: 'node0': device_add
[    0.120755] bus: 'node': add device node0
[    0.120826] device: 'cpu0': device_add
[    0.120867] bus: 'cpu': add device cpu0
[    0.120945] device: 'cpu1': device_add
[    0.121032] bus: 'cpu': add device cpu1
[    0.121111] device: 'cpu2': device_add
[    0.121199] bus: 'cpu': add device cpu2
[    0.121273] device: 'cpu3': device_add
[    0.121314] bus: 'cpu': add device cpu3
[    0.130099] device: 'writeback': device_add
[    0.130143] bus: 'workqueue': add device writeback
[    0.130240] device: 'default': device_add
[    0.130457] device class 'block': registering
[    0.130457] ACPI: Added _OSI(Module Device)
[    0.130457] ACPI: Added _OSI(Processor Device)
[    0.130457] ACPI: Added _OSI(3.0 _SCP Extensions)
[    0.130457] ACPI: Added _OSI(Processor Aggregator Device)
[    0.133629] 
**** Context Switch from TID 4294967295 to TID 137625600 ****

[    0.133730]     utils-0051 util_eval_error       : Evaluate [\_SB_.PCI0.LPC0.EC0_._GLK]: AE_NOT_FOUND
[    0.134234] Executing  Method       \_SB_.PCI0.LPC0.EC0_._REG
[    0.135027] Executing  Method       \_SB_.PCI0.LPC0.EC0_._REG
[    0.135204] Executing  Method       \_SB_.PCI0.LPC0.EC0_._REG
[    0.135386] Executing  Method       \_SB_.PCI0.LPC0.EC0_._REG
[    0.138611] Initializing Region       \_SB_.OSTY
[    0.138796] Initializing Region       \_SB_.PCI0.NBMS
[    0.138922] Initializing Region       \_SB_.PCI0.NBXP
[    0.139051] Initializing Region       \_SB_.PCI0.K8ST
[    0.139215] Initializing Region       \_SB_.PCI0.BAR1
[    0.139376] Initializing Region       \_SB_.PCI0.PB2_.XPEX
[    0.139502] Initializing Region       \_SB_.PCI0.PB2_.PCFG
[    0.139627] Initializing Region       \_SB_.PCI0.PB2_.XPCB
[    0.139754] Initializing Region       \_SB_.PCI0.PB2_.XPRI
[    0.139884] Initializing Region       \_SB_.PCI0.PB2_.VGA_.PCFG
[    0.140074] Initializing Region       \_SB_.PCI0.PB2_.HDAU.PCFG
[    0.140223] Initializing Region       \_SB_.PCI0.PB3_.XPEX
[    0.140349] Initializing Region       \_SB_.PCI0.PB3_.PCFG
[    0.140475] Initializing Region       \_SB_.PCI0.PB3_.XPCB
[    0.140602] Initializing Region       \_SB_.PCI0.PB3_.XPRI
[    0.140732] Initializing Region       \_SB_.PCI0.PB3_.VGA_.PCFG
[    0.140926] Initializing Region       \_SB_.PCI0.PB3_.HDAU.PCFG
[    0.141072] Initializing Region       \_SB_.PCI0.PB4_.XPEX
[    0.141198] Initializing Region       \_SB_.PCI0.PB4_.PCFG
[    0.141324] Initializing Region       \_SB_.PCI0.PB4_.XPCB
[    0.141451] Initializing Region       \_SB_.PCI0.PB4_.XPRI
[    0.141581] Initializing Region       \_SB_.PCI0.PB4_.XPDV.PCFG
[    0.141721] Initializing Region       \_SB_.PCI0.PB5_.XPEX
[    0.141846] Initializing Region       \_SB_.PCI0.PB5_.PCFG
[    0.141972] Initializing Region       \_SB_.PCI0.PB5_.XPCB
[    0.142100] Initializing Region       \_SB_.PCI0.PB5_.XPRI
[    0.142230] Initializing Region       \_SB_.PCI0.PB5_.XPDV.PCFG
[    0.142370] Initializing Region       \_SB_.PCI0.PB6_.XPEX
[    0.142496] Initializing Region       \_SB_.PCI0.PB6_.PCFG
[    0.142622] Initializing Region       \_SB_.PCI0.PB6_.XPCB
[    0.142748] Initializing Region       \_SB_.PCI0.PB6_.XPRI
[    0.142878] Initializing Region       \_SB_.PCI0.PB6_.XPDV.PCFG
[    0.143018] Initializing Region       \_SB_.PCI0.PB7_.XPEX
[    0.143143] Initializing Region       \_SB_.PCI0.PB7_.PCFG
[    0.143269] Initializing Region       \_SB_.PCI0.PB7_.XPCB
[    0.143388] Initializing Region       \_SB_.PCI0.PB7_.XPRI
[    0.143519] Initializing Region       \_SB_.PCI0.PB7_.XPDV.PCFG
[    0.143909] Initializing Region       \_SB_.PCI0.SATC
[    0.144082] Initializing Region       \_SB_.PCI0.RMEM
[    0.144237] Initializing Region       \_SB_.PCI0.SATA.SATX
[    0.144370] Initializing Region       \_SB_.PCI0.SATA.BAR5
[    0.170223] Initializing Region       \_SB_.PCI0.SMB_.SBRV
[    0.170398] Initializing Region       \_SB_.PCI0.SMB_.PMIO
[    0.170526] Initializing Region       \_SB_.PCI0.SMB_.ERMM
[    0.170780] Initializing Region       \_SB_.PCI0.SMB_.P1E0
[    0.170965] Initializing Region       \_SB_.PCI0.SMB_.ABIO
[    0.171093] Initializing Region       \_SB_.PCI0.SMB_.SMB0
[    0.171223] Initializing Region       \_SB_.PCI0.LPC0.PIRQ
[    0.171401] Initializing Region       \_SB_.PCI0.LPC0.LPCR
[    0.171617] Initializing Region       \_SB_.PCI0.LPC0.LPCS
[    0.171800] Initializing Region       \_SB_.PCI0.LPC0.SMI0
[    0.171925] Initializing Region       \_SB_.PCI0.LPC0.SMI1
[    0.172058] Initializing Region       \_SB_.PCI0.LPC0.EC0_.ECO1
[    0.172184] Initializing Region       \_SB_.PCI0.LPC0.EC0_.ECO2
[    0.172309] Initializing Region       \_SB_.PCI0.LPC0.EC0_.ECMB
[    0.172434] Initializing Region       \_SB_.PCI0.LPC0.EC0_.RAM_
[    0.172667] Initializing Region       \_SB_.PCI0.LPC0.EC0_.CMOS
[    0.172817] Initializing Region       \_SB_.PCI0.LPC0.EC0_.VPC0.ERAM
[    0.173410] Initializing Region       \_SB_.PCI0.SPB0.PCFG
[    0.173583] Initializing Region       \_SB_.PCI0.SPB0.XPCB
[    0.173713] Initializing Region       \_SB_.PCI0.SPB0.XPDV.PCFG
[    0.173852] Initializing Region       \_SB_.PCI0.SPB1.PCFG
[    0.173977] Initializing Region       \_SB_.PCI0.SPB1.XPCB
[    0.174107] Initializing Region       \_SB_.PCI0.SPB1.XPDV.PCFG
[    0.174245] Initializing Region       \_SB_.PCI0.SPB2.PCFG
[    0.174370] Initializing Region       \_SB_.PCI0.SPB2.XPCB
[    0.174500] Initializing Region       \_SB_.PCI0.SPB2.XPDV.PCFG
[    0.174638] Initializing Region       \_SB_.PCI0.SPB3.PCFG
[    0.174763] Initializing Region       \_SB_.PCI0.SPB3.XPCB
[    0.174892] Initializing Region       \_SB_.PCI0.SPB3.XPDV.PCFG
[    0.175180] Initializing Region       \_SB_.PCI0.VGA_.REVD
[    0.175561] Initializing BufferField  \_SB_.AMW0.WLID
[    0.177157] Initializing Region       \DEB2
[    0.177329] Initializing Region       \PMIO
[    0.177454] Initializing Region       \P01_
[    0.177604] Initializing Region       \CNVS
[    0.177741] Initializing Region       \SPRT
[    0.177881] Initializing Region       \CMIO
[    0.178148] Executing  Method       \_SB_._STA
[    0.178344] Executing  Method       \_SB_._INI
[    0.178493] Executing  Method       \_SB_.PCI0._STA
[    0.178642] Executing  Method       \_SB_.PCI0._INI
[    0.179038] [Firmware Bug]: ACPI: BIOS _OSI(Linux) query ignored
[    0.179556] Executing  Method       \_SB_.PCI0.SATA._STA
[    0.179739] Executing  Method       \_SB_.PCI0.SATA._INI
[    0.180837] Executing  Method       \_SB_.PCI0.LPC0.EC0_._REG
[    0.206798] ACPI: Interpreter enabled
[    0.206862] ACPI: (supports S0 S5)
[    0.206905] ACPI: Using IOAPIC for interrupt routing
[    0.207295] PCI: MMCONFIG for domain 0000 [bus 00-3f] at [mem 0xf8000000-0xfbffffff] (base 0xf8000000)
[    0.208060] PCI: MMCONFIG at [mem 0xf8000000-0xfbffffff] reserved in ACPI motherboard resources
[    0.208314] bus: 'acpi': registered
[    0.208406] PCI: Using host bridge windows from ACPI; if necessary, use "pci=nocrs" and report a bug
[    0.208467]      scan-1133 get_device_data       : No context for object [ffffffffffffffff]
[    0.208591]     utils-0051 util_eval_error       : Evaluate [\._STA]: AE_NOT_FOUND
[    0.208726] device: 'LNXSYSTM:00': device_add
[    0.208775] bus: 'acpi': add device LNXSYSTM:00
[    0.208840]     utils-0051 util_eval_error       : Evaluate [\._SUN]: AE_NOT_FOUND
[    0.208969]      scan-1922 add_single_object     : Added LNXSYSTM:00 [\] parent (null)
[    0.209097]      scan-1133 get_device_data       : No context for object [ffff88040d81d000]
[    0.209216]      scan-1133 get_device_data       : No context for object [ffff88040d8377d0]
[    0.209333]      scan-1133 get_device_data       : No context for object [ffff88040d8377f8]
[    0.209451]      scan-1133 get_device_data       : No context for object [ffff88040d837820]
[    0.209569]      scan-1133 get_device_data       : No context for object [ffff88040d837848]
[    0.209680]      scan-1133 get_device_data       : No context for object [ffff88040d837870]
[    0.209788]      scan-1133 get_device_data       : No context for object [ffff88040d837898]
[    0.210005]      scan-1133 get_device_data       : No context for object [ffff88040d8378c0]
[    0.210113]      scan-1133 get_device_data       : No context for object [ffff88040d8378e8]
[    0.210221]      scan-1133 get_device_data       : No context for object [ffff88040d839398]
[    0.210329]      scan-1133 get_device_data       : No context for object [ffff88040d81d028]
[    0.210436]      scan-1133 get_device_data       : No context for object [ffff88040d81d168]
[    0.210547]     utils-0051 util_eval_error       : Evaluate [\_PR_.C000._STA]: AE_NOT_FOUND
[    0.210656]      scan-1133 get_device_data       : No context for object [ffff88040d81d028]
[    0.210773] device: 'LNXCPU:00': device_add
[    0.210817] bus: 'acpi': add device LNXCPU:00
[    0.210871]     utils-0051 util_eval_error       : Evaluate [\_PR_.C000._SUN]: AE_NOT_FOUND
[    0.210989]      scan-1922 add_single_object     : Added LNXCPU:00 [\_PR_.C000] parent LNXSYSTM:00
[    0.211102]      scan-1133 get_device_data       : No context for object [ffff88040d83c398]
[    0.211210]      scan-1133 get_device_data       : No context for object [ffff88040d83c3c0]
[    0.211318]      scan-1133 get_device_data       : No context for object [ffff88040d83c3e8]
[    0.211426]      scan-1133 get_device_data       : No context for object [ffff88040d83c410]
[    0.211533]      scan-1133 get_device_data       : No context for object [ffff88040d83c438]
[    0.211641]      scan-1133 get_device_data       : No context for object [ffff88040d83c460]
[    0.211749]      scan-1133 get_device_data       : No context for object [ffff88040d81d190]
[    0.211858]     utils-0051 util_eval_error       : Evaluate [\_PR_.C001._STA]: AE_NOT_FOUND
[    0.211968]      scan-1133 get_device_data       : No context for object [ffff88040d81d028]
[    0.212084] device: 'LNXCPU:01': device_add
[    0.212125] bus: 'acpi': add device LNXCPU:01
[    0.212178]     utils-0051 util_eval_error       : Evaluate [\_PR_.C001._SUN]: AE_NOT_FOUND
[    0.212295]      scan-1922 add_single_object     : Added LNXCPU:01 [\_PR_.C001] parent LNXSYSTM:00
[    0.212408]      scan-1133 get_device_data       : No context for object [ffff88040d83c488]
[    0.212516]      scan-1133 get_device_data       : No context for object [ffff88040d83c4b0]
[    0.212623]      scan-1133 get_device_data       : No context for object [ffff88040d83c4d8]
[    0.212730]      scan-1133 get_device_data       : No context for object [ffff88040d83c500]
[    0.212837]      scan-1133 get_device_data       : No context for object [ffff88040d83c528]
[    0.212944]      scan-1133 get_device_data       : No context for object [ffff88040d83c550]
[    0.213051]      scan-1133 get_device_data       : No context for object [ffff88040d81d1b8]
[    0.213159]     utils-0051 util_eval_error       : Evaluate [\_PR_.C002._STA]: AE_NOT_FOUND
[    0.213267]      scan-1133 get_device_data       : No context for object [ffff88040d81d028]
[    0.213420] device: 'LNXCPU:02': device_add
[    0.213460] bus: 'acpi': add device LNXCPU:02
[    0.213517]     utils-0051 util_eval_error       : Evaluate [\_PR_.C002._SUN]: AE_NOT_FOUND
[    0.213636]      scan-1922 add_single_object     : Added LNXCPU:02 [\_PR_.C002] parent LNXSYSTM:00
[    0.213747]      scan-1133 get_device_data       : No context for object [ffff88040d83c578]
[    0.213855]      scan-1133 get_device_data       : No context for object [ffff88040d83c5a0]
[    0.213962]      scan-1133 get_device_data       : No context for object [ffff88040d83c5c8]
[    0.214071]      scan-1133 get_device_data       : No context for object [ffff88040d83c5f0]
[    0.214179]      scan-1133 get_device_data       : No context for object [ffff88040d83c618]
[    0.214287]      scan-1133 get_device_data       : No context for object [ffff88040d83c640]
[    0.214396]      scan-1133 get_device_data       : No context for object [ffff88040d81d1e0]
[    0.214505]     utils-0051 util_eval_error       : Evaluate [\_PR_.C003._STA]: AE_NOT_FOUND
[    0.214613]      scan-1133 get_device_data       : No context for object [ffff88040d81d028]
[    0.214729] device: 'LNXCPU:03': device_add
[    0.214770] bus: 'acpi': add device LNXCPU:03
[    0.214822]     utils-0051 util_eval_error       : Evaluate [\_PR_.C003._SUN]: AE_NOT_FOUND
[    0.214938]      scan-1922 add_single_object     : Added LNXCPU:03 [\_PR_.C003] parent LNXSYSTM:00
[    0.215050]      scan-1133 get_device_data       : No context for object [ffff88040d83c668]
[    0.215158]      scan-1133 get_device_data       : No context for object [ffff88040d83c690]
[    0.215266]      scan-1133 get_device_data       : No context for object [ffff88040d83c6b8]
[    0.215375]      scan-1133 get_device_data       : No context for object [ffff88040d83c6e0]
[    0.215483]      scan-1133 get_device_data       : No context for object [ffff88040d83c708]
[    0.215591]      scan-1133 get_device_data       : No context for object [ffff88040d83c730]
[    0.215699]      scan-1133 get_device_data       : No context for object [ffff88040d81d050]
[    0.215810]     utils-0051 util_eval_error       : Evaluate [\_SB_._STA]: AE_NOT_FOUND
[    0.215965] device: 'LNXSYBUS:00': device_add
[    0.216033] bus: 'acpi': add device LNXSYBUS:00
[    0.216087]     utils-0051 util_eval_error       : Evaluate [\_SB_._SUN]: AE_NOT_FOUND
[    0.216673]      scan-1922 add_single_object     : Added LNXSYBUS:00 [\_SB_] parent LNXSYSTM:00
[    0.216673]      scan-1133 get_device_data       : No context for object [ffff88040d81d3c0]
[    0.216673]      scan-1133 get_device_data       : No context for object [ffff88040d81d3e8]
[    0.216673]      scan-1133 get_device_data       : No context for object [ffff88040d81d410]
[    0.216778]      scan-1133 get_device_data       : No context for object [ffff88040d81d438]
[    0.216886]      scan-1133 get_device_data       : No context for object [ffff88040d81d460]
[    0.216995]      scan-1133 get_device_data       : No context for object [ffff88040d81d488]
[    0.217102]      scan-1133 get_device_data       : No context for object [ffff88040d81d4b0]
[    0.217210]      scan-1133 get_device_data       : No context for object [ffff88040d81d5a0]
[    0.217320]     utils-0051 util_eval_error       : Evaluate [\_SB_.PWRB._STA]: AE_NOT_FOUND
[    0.217463] device: 'PNP0C0C:00': device_add
[    0.217504] bus: 'acpi': add device PNP0C0C:00
[    0.217561]     utils-0051 util_eval_error       : Evaluate [\_SB_.PWRB._SUN]: AE_NOT_FOUND
[    0.217679]      scan-1922 add_single_object     : Added PNP0C0C:00 [\_SB_.PWRB] parent LNXSYBUS:00
[    0.217797]      scan-1133 get_device_data       : No context for object [ffff88040d81d5c8]
[    0.217905]      scan-1133 get_device_data       : No context for object [ffff88040d81d5f0]
[    0.218016]     utils-0051 util_eval_error       : Evaluate [\_SB_.PCI0._STA]: AE_NOT_FOUND
[    0.218177] device: 'PNP0A08:00': device_add
[    0.218240] bus: 'acpi': add device PNP0A08:00
[    0.218296]     utils-0051 util_eval_error       : Evaluate [\_SB_.PCI0._SUN]: AE_NOT_FOUND
[    0.220037]      scan-1922 add_single_object     : Added PNP0A08:00 [\_SB_.PCI0] parent LNXSYBUS:00
[    0.220037]      scan-1133 get_device_data       : No context for object [ffff88040d81d618]
[    0.220037]      scan-1133 get_device_data       : No context for object [ffff88040d81d640]
[    0.220037]      scan-1133 get_device_data       : No context for object [ffff88040d81d668]
[    0.220037]      scan-1133 get_device_data       : No context for object [ffff88040d81d690]
[    0.220037]      scan-1133 get_device_data       : No context for object [ffff88040d81d6b8]
[    0.220037]      scan-1133 get_device_data       : No context for object [ffff88040d81d6e0]
[    0.220076]      scan-1133 get_device_data       : No context for object [ffff88040d81d708]
[    0.220184]      scan-1133 get_device_data       : No context for object [ffff88040d81d730]
[    0.220291]      scan-1133 get_device_data       : No context for object [ffff88040d81d758]
[    0.220399]      scan-1133 get_device_data       : No context for object [ffff88040d81d780]
[    0.220507]      scan-1133 get_device_data       : No context for object [ffff88040d81d7a8]
[    0.220615]      scan-1133 get_device_data       : No context for object [ffff88040d81d7d0]
[    0.220723]      scan-1133 get_device_data       : No context for object [ffff88040d81d7f8]
[    0.220831]      scan-1133 get_device_data       : No context for object [ffff88040d81d820]
[    0.220938]      scan-1133 get_device_data       : No context for object [ffff88040d81d848]
[    0.221046]      scan-1133 get_device_data       : No context for object [ffff88040d81d870]
[    0.221154]      scan-1133 get_device_data       : No context for object [ffff88040d81d898]
[    0.221262]      scan-1133 get_device_data       : No context for object [ffff88040d81d8c0]
[    0.221369]      scan-1133 get_device_data       : No context for object [ffff88040d81d8e8]
[    0.221477]      scan-1133 get_device_data       : No context for object [ffff88040d81d910]
[    0.221585]      scan-1133 get_device_data       : No context for object [ffff88040d81d938]
[    0.221692]      scan-1133 get_device_data       : No context for object [ffff88040d81d960]
[    0.221800]      scan-1133 get_device_data       : No context for object [ffff88040d81d988]
[    0.221908]      scan-1133 get_device_data       : No context for object [ffff88040d81d9b0]
[    0.222016]      scan-1133 get_device_data       : No context for object [ffff88040d81d9d8]
[    0.222124]      scan-1133 get_device_data       : No context for object [ffff88040d81da00]
[    0.222232]      scan-1133 get_device_data       : No context for object [ffff88040d81da28]
[    0.222339]      scan-1133 get_device_data       : No context for object [ffff88040d81da50]
[    0.222447]      scan-1133 get_device_data       : No context for object [ffff88040d81da78]
[    0.222555]      scan-1133 get_device_data       : No context for object [ffff88040d81daa0]
[    0.222663]      scan-1133 get_device_data       : No context for object [ffff88040d81dac8]
[    0.222771]      scan-1133 get_device_data       : No context for object [ffff88040d81daf0]
[    0.222879]      scan-1133 get_device_data       : No context for object [ffff88040d81db18]
[    0.222987]      scan-1133 get_device_data       : No context for object [ffff88040d81db40]
[    0.223095]      scan-1133 get_device_data       : No context for object [ffff88040d81db68]
[    0.223203]      scan-1133 get_device_data       : No context for object [ffff88040d81db90]
[    0.223311]      scan-1133 get_device_data       : No context for object [ffff88040d81dbb8]
[    0.223409]      scan-1133 get_device_data       : No context for object [ffff88040d81dbe0]
[    0.223516]      scan-1133 get_device_data       : No context for object [ffff88040d81dc08]
[    0.223624]      scan-1133 get_device_data       : No context for object [ffff88040d81dc30]
[    0.223732]      scan-1133 get_device_data       : No context for object [ffff88040d81dc58]
[    0.223840]      scan-1133 get_device_data       : No context for object [ffff88040d81dc80]
[    0.223948]      scan-1133 get_device_data       : No context for object [ffff88040d81dca8]
[    0.224055]      scan-1133 get_device_data       : No context for object [ffff88040d81dcd0]
[    0.224163]      scan-1133 get_device_data       : No context for object [ffff88040d81dcf8]
[    0.224271]      scan-1133 get_device_data       : No context for object [ffff88040d81dd20]
[    0.224379]      scan-1133 get_device_data       : No context for object [ffff88040d81dd48]
[    0.224487]      scan-1133 get_device_data       : No context for object [ffff88040d81dd70]
[    0.224595]      scan-1133 get_device_data       : No context for object [ffff88040d81dd98]
[    0.224702]      scan-1133 get_device_data       : No context for object [ffff88040d81ddc0]
[    0.224810]      scan-1133 get_device_data       : No context for object [ffff88040d81dde8]
[    0.224918]      scan-1133 get_device_data       : No context for object [ffff88040d81de10]
[    0.225026]      scan-1133 get_device_data       : No context for object [ffff88040d81de38]
[    0.225133]      scan-1133 get_device_data       : No context for object [ffff88040d81de60]
[    0.225241]      scan-1133 get_device_data       : No context for object [ffff88040d81de88]
[    0.225349]      scan-1133 get_device_data       : No context for object [ffff88040d81deb0]
[    0.225456]      scan-1133 get_device_data       : No context for object [ffff88040d81ded8]
[    0.225564]      scan-1133 get_device_data       : No context for object [ffff88040d81df00]
[    0.225672]      scan-1133 get_device_data       : No context for object [ffff88040d81df28]
[    0.225779]      scan-1133 get_device_data       : No context for object [ffff88040d81df50]
[    0.225888]      scan-1133 get_device_data       : No context for object [ffff88040d81df78]
[    0.225995]      scan-1133 get_device_data       : No context for object [ffff88040d81dfa0]
[    0.226103]      scan-1133 get_device_data       : No context for object [ffff88040d81dfc8]
[    0.226211]      scan-1133 get_device_data       : No context for object [ffff88040d822000]
[    0.226319]      scan-1133 get_device_data       : No context for object [ffff88040d822028]
[    0.226429]     utils-0051 util_eval_error       : Evaluate [\_SB_.PCI0.MEMR._STA]: AE_NOT_FOUND
[    0.226572] device: 'PNP0C02:00': device_add
[    0.226613] bus: 'acpi': add device PNP0C02:00
[    0.226687]     utils-0051 util_eval_error       : Evaluate [\_SB_.PCI0.MEMR._SUN]: AE_NOT_FOUND
[    0.226808]      scan-1922 add_single_object     : Added PNP0C02:00 [\_SB_.PCI0.MEMR] parent PNP0A08:00
[    0.226923]      scan-1133 get_device_data       : No context for object [ffff88040d822050]
[    0.227031]      scan-1133 get_device_data       : No context for object [ffff88040d822078]
[    0.227139]      scan-1133 get_device_data       : No context for object [ffff88040d8220a0]
[    0.227247]      scan-1133 get_device_data       : No context for object [ffff88040d8220c8]
[    0.227354]      scan-1133 get_device_data       : No context for object [ffff88040d8220f0]
[    0.228531]      scan-1133 get_device_data       : No context for object [ffff88040d822118]
[    0.228639]      scan-1133 get_device_data       : No context for object [ffff88040d822140]
[    0.228746]      scan-1133 get_device_data       : No context for object [ffff88040d822168]
[    0.228854]      scan-1133 get_device_data       : No context for object [ffff88040d822190]
[    0.228962]      scan-1133 get_device_data       : No context for object [ffff88040d8221b8]
[    0.229070]      scan-1133 get_device_data       : No context for object [ffff88040d8221e0]
[    0.229178]      scan-1133 get_device_data       : No context for object [ffff88040d822208]
[    0.229285]      scan-1133 get_device_data       : No context for object [ffff88040d822230]
[    0.229393]      scan-1133 get_device_data       : No context for object [ffff88040d822258]
[    0.229503]      scan-1133 get_device_data       : No context for object [ffff88040d822280]
[    0.229610]      scan-1133 get_device_data       : No context for object [ffff88040d8222a8]
[    0.229719]     utils-0051 util_eval_error       : Evaluate [\_SB_.PCI0.PB2_._STA]: AE_NOT_FOUND
[    0.229912] device: 'device:00': device_add
[    0.229954] bus: 'acpi': add device device:00
[    0.230018]     utils-0051 util_eval_error       : Evaluate [\_SB_.PCI0.PB2_._SUN]: AE_NOT_FOUND
[    0.230135]      scan-1922 add_single_object     : Added device:00 [\_SB_.PCI0.PB2_] parent PNP0A08:00
[    0.230248]      scan-1133 get_device_data       : No context for object [ffff88040d8222d0]
[    0.230356]      scan-1133 get_device_data       : No context for object [ffff88040d8222f8]
[    0.230463]      scan-1133 get_device_data       : No context for object [ffff88040d822320]
[    0.230573]      scan-1133 get_device_data       : No context for object [ffff88040d822348]
[    0.230680]      scan-1133 get_device_data       : No context for object [ffff88040d822370]
[    0.230786]      scan-1133 get_device_data       : No context for object [ffff88040d822398]
[    0.230894]      scan-1133 get_device_data       : No context for object [ffff88040d8223c0]
[    0.231001]      scan-1133 get_device_data       : No context for object [ffff88040d8223e8]
[    0.231110]      scan-1133 get_device_data       : No context for object [ffff88040d822410]
[    0.231216]      scan-1133 get_device_data       : No context for object [ffff88040d822438]
[    0.231325]      scan-1133 get_device_data       : No context for object [ffff88040d822460]
[    0.231431]      scan-1133 get_device_data       : No context for object [ffff88040d822488]
[    0.231540]      scan-1133 get_device_data       : No context for object [ffff88040d8224b0]
[    0.231649]      scan-1133 get_device_data       : No context for object [ffff88040d8224d8]
[    0.231756]      scan-1133 get_device_data       : No context for object [ffff88040d822500]
[    0.231864]      scan-1133 get_device_data       : No context for object [ffff88040d822528]
[    0.231971]      scan-1133 get_device_data       : No context for object [ffff88040d822550]
[    0.232079]      scan-1133 get_device_data       : No context for object [ffff88040d822578]
[    0.232188]      scan-1133 get_device_data       : No context for object [ffff88040d8225a0]
[    0.232297]      scan-1133 get_device_data       : No context for object [ffff88040d8225c8]
[    0.232404]      scan-1133 get_device_data       : No context for object [ffff88040d8225f0]
[    0.232512]      scan-1133 get_device_data       : No context for object [ffff88040d822618]
[    0.232620]      scan-1133 get_device_data       : No context for object [ffff88040d822640]
[    0.232728]      scan-1133 get_device_data       : No context for object [ffff88040d822668]
[    0.232837]      scan-1133 get_device_data       : No context for object [ffff88040d822690]
[    0.232945]      scan-1133 get_device_data       : No context for object [ffff88040d8226b8]
[    0.233053]      scan-1133 get_device_data       : No context for object [ffff88040d8226e0]
[    0.233161]      scan-1133 get_device_data       : No context for object [ffff88040d822708]
[    0.233269]      scan-1133 get_device_data       : No context for object [ffff88040d822730]
[    0.233375]      scan-1133 get_device_data       : No context for object [ffff88040d822758]
[    0.233482]      scan-1133 get_device_data       : No context for object [ffff88040d822780]
[    0.233591]     utils-0051 util_eval_error       : Evaluate [\_SB_.PCI0.PB2_.VGA_._STA]: AE_NOT_FOUND
[    0.233739] device: 'device:01': device_add
[    0.233780] bus: 'acpi': add device device:01
[    0.233833]     utils-0051 util_eval_error       : Evaluate [\_SB_.PCI0.PB2_.VGA_._SUN]: AE_NOT_FOUND
[    0.233951]      scan-1922 add_single_object     : Added device:01 [\_SB_.PCI0.PB2_.VGA_] parent device:00
[    0.234065]      scan-1133 get_device_data       : No context for object [ffff88040d8227a8]
[    0.234173]      scan-1133 get_device_data       : No context for object [ffff88040d8227d0]
[    0.234281]      scan-1133 get_device_data       : No context for object [ffff88040d8227f8]
[    0.234389]      scan-1133 get_device_data       : No context for object [ffff88040d822820]
[    0.234497]      scan-1133 get_device_data       : No context for object [ffff88040d822848]
[    0.234605]      scan-1133 get_device_data       : No context for object [ffff88040d822870]
[    0.234713]      scan-1133 get_device_data       : No context for object [ffff88040d822898]
[    0.234821]      scan-1133 get_device_data       : No context for object [ffff88040d8228c0]
[    0.234929]      scan-1133 get_device_data       : No context for object [ffff88040d8228e8]
[    0.235037]      scan-1133 get_device_data       : No context for object [ffff88040d822910]
[    0.235145]      scan-1133 get_device_data       : No context for object [ffff88040d822938]
[    0.235253]      scan-1133 get_device_data       : No context for object [ffff88040d822960]
[    0.235361]      scan-1133 get_device_data       : No context for object [ffff88040d822988]
[    0.235468]      scan-1133 get_device_data       : No context for object [ffff88040d8229b0]
[    0.235577]      scan-1133 get_device_data       : No context for object [ffff88040d8229d8]
[    0.235685]      scan-1133 get_device_data       : No context for object [ffff88040d822a00]
[    0.235793]      scan-1133 get_device_data       : No context for object [ffff88040d822a28]
[    0.235901]      scan-1133 get_device_data       : No context for object [ffff88040d822a50]
[    0.236009]      scan-1133 get_device_data       : No context for object [ffff88040d822a78]
[    0.236117]      scan-1133 get_device_data       : No context for object [ffff88040d822aa0]
[    0.236225]      scan-1133 get_device_data       : No context for object [ffff88040d822ac8]
[    0.236333]      scan-1133 get_device_data       : No context for object [ffff88040d822af0]
[    0.236440]      scan-1133 get_device_data       : No context for object [ffff88040d822b18]
[    0.236548]      scan-1133 get_device_data       : No context for object [ffff88040d822b40]
[    0.236670]      scan-1133 get_device_data       : No context for object [ffff88040d822b68]
[    0.236778]      scan-1133 get_device_data       : No context for object [ffff88040d822b90]
[    0.236886]      scan-1133 get_device_data       : No context for object [ffff88040d822bb8]
[    0.236994]      scan-1133 get_device_data       : No context for object [ffff88040d822be0]
[    0.237102]      scan-1133 get_device_data       : No context for object [ffff88040d822c08]
[    0.237209]      scan-1133 get_device_data       : No context for object [ffff88040d822c30]
[    0.237318]      scan-1133 get_device_data       : No context for object [ffff88040d822c58]
[    0.237426]      scan-1133 get_device_data       : No context for object [ffff88040d822c80]
[    0.237534]      scan-1133 get_device_data       : No context for object [ffff88040d822ca8]
[    0.237641]      scan-1133 get_device_data       : No context for object [ffff88040d822cd0]
[    0.237749]      scan-1133 get_device_data       : No context for object [ffff88040d822cf8]
[    0.237857]      scan-1133 get_device_data       : No context for object [ffff88040d822d20]
[    0.237965]      scan-1133 get_device_data       : No context for object [ffff88040d822d48]
[    0.238073]      scan-1133 get_device_data       : No context for object [ffff88040d822d70]
[    0.238181]      scan-1133 get_device_data       : No context for object [ffff88040d822d98]
[    0.238289]      scan-1133 get_device_data       : No context for object [ffff88040d837438]
[    0.239466]      scan-1133 get_device_data       : No context for object [ffff88040d822dc0]
[    0.239575]     utils-0051 util_eval_error       : Evaluate [\_SB_.PCI0.PB2_.HDAU._STA]: AE_NOT_FOUND
[    0.239719] device: 'device:02': device_add
[    0.239760] bus: 'acpi': add device device:02
[    0.239815]     utils-0051 util_eval_error       : Evaluate [\_SB_.PCI0.PB2_.HDAU._SUN]: AE_NOT_FOUND
[    0.240037]      scan-1922 add_single_object     : Added device:02 [\_SB_.PCI0.PB2_.HDAU] parent device:00
[    0.240047]      scan-1133 get_device_data       : No context for object [ffff88040d822de8]
[    0.240155]      scan-1133 get_device_data       : No context for object [ffff88040d822e10]
[    0.240263]      scan-1133 get_device_data       : No context for object [ffff88040d822e38]
[    0.240371]      scan-1133 get_device_data       : No context for object [ffff88040d822e60]
[    0.240479]      scan-1133 get_device_data       : No context for object [ffff88040d822e88]
[    0.240587]      scan-1133 get_device_data       : No context for object [ffff88040d822eb0]
[    0.240695]      scan-1133 get_device_data       : No context for object [ffff88040d822ed8]
[    0.240805]     utils-0051 util_eval_error       : Evaluate [\_SB_.PCI0.PB3_._STA]: AE_NOT_FOUND
[    0.240999] device: 'device:03': device_add
[    0.241040] bus: 'acpi': add device device:03
[    0.241093]     utils-0051 util_eval_error       : Evaluate [\_SB_.PCI0.PB3_._SUN]: AE_NOT_FOUND
[    0.241210]      scan-1922 add_single_object     : Added device:03 [\_SB_.PCI0.PB3_] parent PNP0A08:00
[    0.241323]      scan-1133 get_device_data       : No context for object [ffff88040d822f00]
[    0.241432]      scan-1133 get_device_data       : No context for object [ffff88040d822f28]
[    0.241540]      scan-1133 get_device_data       : No context for object [ffff88040d822f50]
[    0.241648]      scan-1133 get_device_data       : No context for object [ffff88040d822f78]
[    0.241756]      scan-1133 get_device_data       : No context for object [ffff88040d822fa0]
[    0.241864]      scan-1133 get_device_data       : No context for object [ffff88040d822fc8]
[    0.241972]      scan-1133 get_device_data       : No context for object [ffff88040d823000]
[    0.242080]      scan-1133 get_device_data       : No context for object [ffff88040d823028]
[    0.242188]      scan-1133 get_device_data       : No context for object [ffff88040d823050]
[    0.242296]      scan-1133 get_device_data       : No context for object [ffff88040d823078]
[    0.242404]      scan-1133 get_device_data       : No context for object [ffff88040d8230a0]
[    0.242512]      scan-1133 get_device_data       : No context for object [ffff88040d8230c8]
[    0.242620]      scan-1133 get_device_data       : No context for object [ffff88040d8230f0]
[    0.242728]      scan-1133 get_device_data       : No context for object [ffff88040d823118]
[    0.242836]      scan-1133 get_device_data       : No context for object [ffff88040d823140]
[    0.242943]      scan-1133 get_device_data       : No context for object [ffff88040d823168]
[    0.243051]      scan-1133 get_device_data       : No context for object [ffff88040d823190]
[    0.243159]      scan-1133 get_device_data       : No context for object [ffff88040d8231b8]
[    0.243267]      scan-1133 get_device_data       : No context for object [ffff88040d8231e0]
[    0.243375]      scan-1133 get_device_data       : No context for object [ffff88040d823208]
[    0.243484]      scan-1133 get_device_data       : No context for object [ffff88040d823230]
[    0.243592]      scan-1133 get_device_data       : No context for object [ffff88040d823258]
[    0.243700]      scan-1133 get_device_data       : No context for object [ffff88040d823280]
[    0.243808]      scan-1133 get_device_data       : No context for object [ffff88040d8232a8]
[    0.243915]      scan-1133 get_device_data       : No context for object [ffff88040d8232d0]
[    0.244023]      scan-1133 get_device_data       : No context for object [ffff88040d8232f8]
[    0.244131]      scan-1133 get_device_data       : No context for object [ffff88040d823320]
[    0.244239]      scan-1133 get_device_data       : No context for object [ffff88040d823348]
[    0.244347]      scan-1133 get_device_data       : No context for object [ffff88040d823370]
[    0.244455]      scan-1133 get_device_data       : No context for object [ffff88040d823398]
[    0.244563]      scan-1133 get_device_data       : No context for object [ffff88040d8233c0]
[    0.244674]     utils-0051 util_eval_error       : Evaluate [\_SB_.PCI0.PB3_.VGA_._STA]: AE_NOT_FOUND
[    0.244812]     video-0058 backlight_cap_match   : Found generic backlight support
[    0.244931] device: 'LNXVIDEO:00': device_add
[    0.244973] bus: 'acpi': add device LNXVIDEO:00
[    0.245029]     utils-0051 util_eval_error       : Evaluate [\_SB_.PCI0.PB3_.VGA_._SUN]: AE_NOT_FOUND
[    0.245148]      scan-1922 add_single_object     : Added LNXVIDEO:00 [\_SB_.PCI0.PB3_.VGA_] parent device:03
[    0.245265]      scan-1133 get_device_data       : No context for object [ffff88040d8233e8]
[    0.245374]      scan-1133 get_device_data       : No context for object [ffff88040d823410]
[    0.245482]      scan-1133 get_device_data       : No context for object [ffff88040d823438]
[    0.245590]      scan-1133 get_device_data       : No context for object [ffff88040d823460]
[    0.245698]      scan-1133 get_device_data       : No context for object [ffff88040d823488]
[    0.245806]      scan-1133 get_device_data       : No context for object [ffff88040d8234b0]
[    0.245914]      scan-1133 get_device_data       : No context for object [ffff88040d8234d8]
[    0.246021]      scan-1133 get_device_data       : No context for object [ffff88040d823500]
[    0.246129]      scan-1133 get_device_data       : No context for object [ffff88040d823528]
[    0.246237]      scan-1133 get_device_data       : No context for object [ffff88040d823550]
[    0.246344]      scan-1133 get_device_data       : No context for object [ffff88040d823578]
[    0.246452]      scan-1133 get_device_data       : No context for object [ffff88040d8235a0]
[    0.246559]      scan-1133 get_device_data       : No context for object [ffff88040d8235c8]
[    0.246670]      scan-1133 get_device_data       : No context for object [ffff88040d8235f0]
[    0.246778]      scan-1133 get_device_data       : No context for object [ffff88040d823618]
[    0.246886]      scan-1133 get_device_data       : No context for object [ffff88040d823640]
[    0.246993]      scan-1133 get_device_data       : No context for object [ffff88040d823668]
[    0.247101]      scan-1133 get_device_data       : No context for object [ffff88040d823690]
[    0.247210]      scan-1133 get_device_data       : No context for object [ffff88040d8236b8]
[    0.247318]      scan-1133 get_device_data       : No context for object [ffff88040d8236e0]
[    0.247425]      scan-1133 get_device_data       : No context for object [ffff88040d823708]
[    0.247532]      scan-1133 get_device_data       : No context for object [ffff88040d823730]
[    0.247638]      scan-1133 get_device_data       : No context for object [ffff88040d823758]
[    0.247746]      scan-1133 get_device_data       : No context for object [ffff88040d823780]
[    0.247853]      scan-1133 get_device_data       : No context for object [ffff88040d8237a8]
[    0.247960]      scan-1133 get_device_data       : No context for object [ffff88040d8237d0]
[    0.248069]      scan-1133 get_device_data       : No context for object [ffff88040d8237f8]
[    0.248176]      scan-1133 get_device_data       : No context for object [ffff88040d823820]
[    0.248283]      scan-1133 get_device_data       : No context for object [ffff88040d823848]
[    0.248392]      scan-1133 get_device_data       : No context for object [ffff88040d823870]
[    0.248500]      scan-1133 get_device_data       : No context for object [ffff88040d823898]
[    0.248607]      scan-1133 get_device_data       : No context for object [ffff88040d8238c0]
[    0.248715]      scan-1133 get_device_data       : No context for object [ffff88040d8238e8]
[    0.248822]      scan-1133 get_device_data       : No context for object [ffff88040d823910]
[    0.248929]      scan-1133 get_device_data       : No context for object [ffff88040d823938]
[    0.249036]      scan-1133 get_device_data       : No context for object [ffff88040d823960]
[    0.249143]      scan-1133 get_device_data       : No context for object [ffff88040d823988]
[    0.249252]      scan-1133 get_device_data       : No context for object [ffff88040d8239b0]
[    0.250003]      scan-1133 get_device_data       : No context for object [ffff88040d8239d8]
[    0.250111]      scan-1133 get_device_data       : No context for object [ffff88040d837460]
[    0.250219]      scan-1133 get_device_data       : No context for object [ffff88040d83ac08]
[    0.250327]      scan-1133 get_device_data       : No context for object [ffff88040d83ac30]
[    0.250435]      scan-1133 get_device_data       : No context for object [ffff88040d83ac58]
[    0.250545]     utils-0051 util_eval_error       : Evaluate [\_SB_.PCI0.PB3_.VGA_.CRT_._STA]: AE_NOT_FOUND
[    0.250703] device: 'device:04': device_add
[    0.250770] bus: 'acpi': add device device:04
[    0.250826]     utils-0051 util_eval_error       : Evaluate [\_SB_.PCI0.PB3_.VGA_.CRT_._SUN]: AE_NOT_FOUND
[    0.250945]      scan-1922 add_single_object     : Added device:04 [\_SB_.PCI0.PB3_.VGA_.CRT_] parent LNXVIDEO:00
[    0.251059]      scan-1133 get_device_data       : No context for object [ffff88040d83ac80]
[    0.251168]      scan-1133 get_device_data       : No context for object [ffff88040d83aca8]
[    0.251276]      scan-1133 get_device_data       : No context for object [ffff88040d83acd0]
[    0.251384]      scan-1133 get_device_data       : No context for object [ffff88040d83acf8]
[    0.251492]      scan-1133 get_device_data       : No context for object [ffff88040d83ad20]
[    0.251601]     utils-0051 util_eval_error       : Evaluate [\_SB_.PCI0.PB3_.VGA_.LCD_._STA]: AE_NOT_FOUND
[    0.251754] device: 'device:05': device_add
[    0.251826] bus: 'acpi': add device device:05
[    0.251879]     utils-0051 util_eval_error       : Evaluate [\_SB_.PCI0.PB3_.VGA_.LCD_._SUN]: AE_NOT_FOUND
[    0.251998]      scan-1922 add_single_object     : Added device:05 [\_SB_.PCI0.PB3_.VGA_.LCD_] parent LNXVIDEO:00
[    0.252111]      scan-1133 get_device_data       : No context for object [ffff88040d83ad48]
[    0.252220]      scan-1133 get_device_data       : No context for object [ffff88040d83ad70]
[    0.252328]      scan-1133 get_device_data       : No context for object [ffff88040d83ad98]
[    0.252436]      scan-1133 get_device_data       : No context for object [ffff88040d83adc0]
[    0.252544]      scan-1133 get_device_data       : No context for object [ffff88040d83ade8]
[    0.252651]      scan-1133 get_device_data       : No context for object [ffff88040d83ae10]
[    0.252759]      scan-1133 get_device_data       : No context for object [ffff88040d83ae38]
[    0.252867]      scan-1133 get_device_data       : No context for object [ffff88040d83ae60]
[    0.252976]     utils-0051 util_eval_error       : Evaluate [\_SB_.PCI0.PB3_.VGA_.TV0_._STA]: AE_NOT_FOUND
[    0.253445] device: 'device:06': device_add
[    0.253486] bus: 'acpi': add device device:06
[    0.253539]     utils-0051 util_eval_error       : Evaluate [\_SB_.PCI0.PB3_.VGA_.TV0_._SUN]: AE_NOT_FOUND
[    0.253658]      scan-1922 add_single_object     : Added device:06 [\_SB_.PCI0.PB3_.VGA_.TV0_] parent LNXVIDEO:00
[    0.253771]      scan-1133 get_device_data       : No context for object [ffff88040d83ae88]
[    0.253880]      scan-1133 get_device_data       : No context for object [ffff88040d83aeb0]
[    0.253988]      scan-1133 get_device_data       : No context for object [ffff88040d83aed8]
[    0.254095]      scan-1133 get_device_data       : No context for object [ffff88040d83af00]
[    0.254203]      scan-1133 get_device_data       : No context for object [ffff88040d83af28]
[    0.254312]     utils-0051 util_eval_error       : Evaluate [\_SB_.PCI0.PB3_.VGA_.HDMI._STA]: AE_NOT_FOUND
[    0.254464] device: 'device:07': device_add
[    0.254540] bus: 'acpi': add device device:07
[    0.254593]     utils-0051 util_eval_error       : Evaluate [\_SB_.PCI0.PB3_.VGA_.HDMI._SUN]: AE_NOT_FOUND
[    0.254711]      scan-1922 add_single_object     : Added device:07 [\_SB_.PCI0.PB3_.VGA_.HDMI] parent LNXVIDEO:00
[    0.254825]      scan-1133 get_device_data       : No context for object [ffff88040d83af50]
[    0.254933]      scan-1133 get_device_data       : No context for object [ffff88040d83af78]
[    0.255041]      scan-1133 get_device_data       : No context for object [ffff88040d83afa0]
[    0.255149]      scan-1133 get_device_data       : No context for object [ffff88040d83afc8]
[    0.255257]      scan-1133 get_device_data       : No context for object [ffff88040d823a00]
[    0.255366]     utils-0051 util_eval_error       : Evaluate [\_SB_.PCI0.PB3_.HDAU._STA]: AE_NOT_FOUND
[    0.255509] device: 'device:08': device_add
[    0.255551] bus: 'acpi': add device device:08
[    0.255603]     utils-0051 util_eval_error       : Evaluate [\_SB_.PCI0.PB3_.HDAU._SUN]: AE_NOT_FOUND
[    0.255721]      scan-1922 add_single_object     : Added device:08 [\_SB_.PCI0.PB3_.HDAU] parent device:03
[    0.255834]      scan-1133 get_device_data       : No context for object [ffff88040d823a28]
[    0.255943]      scan-1133 get_device_data       : No context for object [ffff88040d823a50]
[    0.256051]      scan-1133 get_device_data       : No context for object [ffff88040d823a78]
[    0.256158]      scan-1133 get_device_data       : No context for object [ffff88040d823aa0]
[    0.256266]      scan-1133 get_device_data       : No context for object [ffff88040d823ac8]
[    0.256374]      scan-1133 get_device_data       : No context for object [ffff88040d823af0]
[    0.256482]      scan-1133 get_device_data       : No context for object [ffff88040d823b18]
[    0.256592]     utils-0051 util_eval_error       : Evaluate [\_SB_.PCI0.PB4_._STA]: AE_NOT_FOUND
[    0.256760] device: 'device:09': device_add
[    0.256802] bus: 'acpi': add device device:09
[    0.256858]     utils-0051 util_eval_error       : Evaluate [\_SB_.PCI0.PB4_._SUN]: AE_NOT_FOUND
[    0.256976]      scan-1922 add_single_object     : Added device:09 [\_SB_.PCI0.PB4_] parent PNP0A08:00
[    0.257089]      scan-1133 get_device_data       : No context for object [ffff88040d823b40]
[    0.257197]      scan-1133 get_device_data       : No context for object [ffff88040d823b68]
[    0.257305]      scan-1133 get_device_data       : No context for object [ffff88040d823b90]
[    0.257413]      scan-1133 get_device_data       : No context for object [ffff88040d823bb8]
[    0.257521]      scan-1133 get_device_data       : No context for object [ffff88040d823be0]
[    0.257629]      scan-1133 get_device_data       : No context for object [ffff88040d823c08]
[    0.257737]      scan-1133 get_device_data       : No context for object [ffff88040d823c30]
[    0.257845]      scan-1133 get_device_data       : No context for object [ffff88040d823c58]
[    0.257952]      scan-1133 get_device_data       : No context for object [ffff88040d823c80]
[    0.258060]      scan-1133 get_device_data       : No context for object [ffff88040d823ca8]
[    0.258168]      scan-1133 get_device_data       : No context for object [ffff88040d823cd0]
[    0.258276]      scan-1133 get_device_data       : No context for object [ffff88040d823cf8]
[    0.258384]      scan-1133 get_device_data       : No context for object [ffff88040d823d20]
[    0.258491]      scan-1133 get_device_data       : No context for object [ffff88040d823d48]
[    0.258600]      scan-1133 get_device_data       : No context for object [ffff88040d823d70]
[    0.258708]      scan-1133 get_device_data       : No context for object [ffff88040d823d98]
[    0.258816]      scan-1133 get_device_data       : No context for object [ffff88040d823dc0]
[    0.258924]      scan-1133 get_device_data       : No context for object [ffff88040d823de8]
[    0.259032]      scan-1133 get_device_data       : No context for object [ffff88040d823e10]
[    0.259139]      scan-1133 get_device_data       : No context for object [ffff88040d823e38]
[    0.259250]      scan-1133 get_device_data       : No context for object [ffff88040d823e60]
[    0.259358]      scan-1133 get_device_data       : No context for object [ffff88040d823e88]
[    0.259466]      scan-1133 get_device_data       : No context for object [ffff88040d823eb0]
[    0.259574]      scan-1133 get_device_data       : No context for object [ffff88040d823ed8]
[    0.259682]      scan-1133 get_device_data       : No context for object [ffff88040d823f00]
[    0.259789]      scan-1133 get_device_data       : No context for object [ffff88040d823f28]
[    0.259898]      scan-1133 get_device_data       : No context for object [ffff88040d823f50]
[    0.260003]      scan-1133 get_device_data       : No context for object [ffff88040d823f78]
[    0.260111]      scan-1133 get_device_data       : No context for object [ffff88040d823fa0]
[    0.260219]      scan-1133 get_device_data       : No context for object [ffff88040d823fc8]
[    0.260327]      scan-1133 get_device_data       : No context for object [ffff88040d825000]
[    0.261505]     utils-0051 util_eval_error       : Evaluate [\_SB_.PCI0.PB4_.XPDV._STA]: AE_NOT_FOUND
[    0.261649] device: 'device:0a': device_add
[    0.261691] bus: 'acpi': add device device:0a
[    0.261744]     utils-0051 util_eval_error       : Evaluate [\_SB_.PCI0.PB4_.XPDV._SUN]: AE_NOT_FOUND
[    0.261862]      scan-1922 add_single_object     : Added device:0a [\_SB_.PCI0.PB4_.XPDV] parent device:09
[    0.261975]      scan-1133 get_device_data       : No context for object [ffff88040d825028]
[    0.262083]      scan-1133 get_device_data       : No context for object [ffff88040d825050]
[    0.262191]      scan-1133 get_device_data       : No context for object [ffff88040d825078]
[    0.262299]      scan-1133 get_device_data       : No context for object [ffff88040d8250a0]
[    0.262407]      scan-1133 get_device_data       : No context for object [ffff88040d8250c8]
[    0.262515]      scan-1133 get_device_data       : No context for object [ffff88040d837500]
[    0.262623]      scan-1133 get_device_data       : No context for object [ffff88040d8250f0]
[    0.262733]      scan-1133 get_device_data       : No context for object [ffff88040d825118]
[    0.262842]     utils-0051 util_eval_error       : Evaluate [\_SB_.PCI0.PB5_._STA]: AE_NOT_FOUND
[    0.263034] device: 'device:0b': device_add
[    0.263075] bus: 'acpi': add device device:0b
[    0.263129]     utils-0051 util_eval_error       : Evaluate [\_SB_.PCI0.PB5_._SUN]: AE_NOT_FOUND
[    0.263247]      scan-1922 add_single_object     : Added device:0b [\_SB_.PCI0.PB5_] parent PNP0A08:00
[    0.263381]      scan-1133 get_device_data       : No context for object [ffff88040d825140]
[    0.263490]      scan-1133 get_device_data       : No context for object [ffff88040d825168]
[    0.263598]      scan-1133 get_device_data       : No context for object [ffff88040d825190]
[    0.263705]      scan-1133 get_device_data       : No context for object [ffff88040d8251b8]
[    0.263812]      scan-1133 get_device_data       : No context for object [ffff88040d8251e0]
[    0.263920]      scan-1133 get_device_data       : No context for object [ffff88040d825208]
[    0.264027]      scan-1133 get_device_data       : No context for object [ffff88040d825230]
[    0.264135]      scan-1133 get_device_data       : No context for object [ffff88040d825258]
[    0.264243]      scan-1133 get_device_data       : No context for object [ffff88040d825280]
[    0.264352]      scan-1133 get_device_data       : No context for object [ffff88040d8252a8]
[    0.264460]      scan-1133 get_device_data       : No context for object [ffff88040d8252d0]
[    0.264569]      scan-1133 get_device_data       : No context for object [ffff88040d8252f8]
[    0.264677]      scan-1133 get_device_data       : No context for object [ffff88040d825320]
[    0.264784]      scan-1133 get_device_data       : No context for object [ffff88040d825348]
[    0.264893]      scan-1133 get_device_data       : No context for object [ffff88040d825370]
[    0.265002]      scan-1133 get_device_data       : No context for object [ffff88040d825398]
[    0.265109]      scan-1133 get_device_data       : No context for object [ffff88040d8253c0]
[    0.265216]      scan-1133 get_device_data       : No context for object [ffff88040d8253e8]
[    0.265323]      scan-1133 get_device_data       : No context for object [ffff88040d825410]
[    0.265430]      scan-1133 get_device_data       : No context for object [ffff88040d825438]
[    0.265537]      scan-1133 get_device_data       : No context for object [ffff88040d825460]
[    0.265646]      scan-1133 get_device_data       : No context for object [ffff88040d825488]
[    0.265753]      scan-1133 get_device_data       : No context for object [ffff88040d8254b0]
[    0.265863]      scan-1133 get_device_data       : No context for object [ffff88040d8254d8]
[    0.265970]      scan-1133 get_device_data       : No context for object [ffff88040d825500]
[    0.266079]      scan-1133 get_device_data       : No context for object [ffff88040d825528]
[    0.266187]      scan-1133 get_device_data       : No context for object [ffff88040d825550]
[    0.266294]      scan-1133 get_device_data       : No context for object [ffff88040d825578]
[    0.266401]      scan-1133 get_device_data       : No context for object [ffff88040d8255a0]
[    0.266508]      scan-1133 get_device_data       : No context for object [ffff88040d8255c8]
[    0.266617]      scan-1133 get_device_data       : No context for object [ffff88040d8255f0]
[    0.266709]     utils-0051 util_eval_error       : Evaluate [\_SB_.PCI0.PB5_.XPDV._STA]: AE_NOT_FOUND
[    0.266853] device: 'device:0c': device_add
[    0.266894] bus: 'acpi': add device device:0c
[    0.266950]     utils-0051 util_eval_error       : Evaluate [\_SB_.PCI0.PB5_.XPDV._SUN]: AE_NOT_FOUND
[    0.267069]      scan-1922 add_single_object     : Added device:0c [\_SB_.PCI0.PB5_.XPDV] parent device:0b
[    0.267182]      scan-1133 get_device_data       : No context for object [ffff88040d825618]
[    0.267290]      scan-1133 get_device_data       : No context for object [ffff88040d825640]
[    0.267398]      scan-1133 get_device_data       : No context for object [ffff88040d825668]
[    0.267506]      scan-1133 get_device_data       : No context for object [ffff88040d825690]
[    0.267614]      scan-1133 get_device_data       : No context for object [ffff88040d8256b8]
[    0.267722]      scan-1133 get_device_data       : No context for object [ffff88040d837528]
[    0.267830]      scan-1133 get_device_data       : No context for object [ffff88040d8256e0]
[    0.267937]      scan-1133 get_device_data       : No context for object [ffff88040d825708]
[    0.268047]     utils-0051 util_eval_error       : Evaluate [\_SB_.PCI0.PB6_._STA]: AE_NOT_FOUND
[    0.268240] device: 'device:0d': device_add
[    0.268282] bus: 'acpi': add device device:0d
[    0.268335]     utils-0051 util_eval_error       : Evaluate [\_SB_.PCI0.PB6_._SUN]: AE_NOT_FOUND
[    0.268454]      scan-1922 add_single_object     : Added device:0d [\_SB_.PCI0.PB6_] parent PNP0A08:00
[    0.268567]      scan-1133 get_device_data       : No context for object [ffff88040d825730]
[    0.268675]      scan-1133 get_device_data       : No context for object [ffff88040d825758]
[    0.268783]      scan-1133 get_device_data       : No context for object [ffff88040d825780]
[    0.268891]      scan-1133 get_device_data       : No context for object [ffff88040d8257a8]
[    0.268998]      scan-1133 get_device_data       : No context for object [ffff88040d8257d0]
[    0.269107]      scan-1133 get_device_data       : No context for object [ffff88040d8257f8]
[    0.269215]      scan-1133 get_device_data       : No context for object [ffff88040d825820]
[    0.269323]      scan-1133 get_device_data       : No context for object [ffff88040d825848]
[    0.269431]      scan-1133 get_device_data       : No context for object [ffff88040d825870]
[    0.269539]      scan-1133 get_device_data       : No context for object [ffff88040d825898]
[    0.269647]      scan-1133 get_device_data       : No context for object [ffff88040d8258c0]
[    0.269755]      scan-1133 get_device_data       : No context for object [ffff88040d8258e8]
[    0.269863]      scan-1133 get_device_data       : No context for object [ffff88040d825910]
[    0.269971]      scan-1133 get_device_data       : No context for object [ffff88040d825938]
[    0.270076]      scan-1133 get_device_data       : No context for object [ffff88040d825960]
[    0.270184]      scan-1133 get_device_data       : No context for object [ffff88040d825988]
[    0.270292]      scan-1133 get_device_data       : No context for object [ffff88040d8259b0]
[    0.270400]      scan-1133 get_device_data       : No context for object [ffff88040d8259d8]
[    0.270508]      scan-1133 get_device_data       : No context for object [ffff88040d825a00]
[    0.270616]      scan-1133 get_device_data       : No context for object [ffff88040d825a28]
[    0.270724]      scan-1133 get_device_data       : No context for object [ffff88040d825a50]
[    0.270832]      scan-1133 get_device_data       : No context for object [ffff88040d825a78]
[    0.270939]      scan-1133 get_device_data       : No context for object [ffff88040d825aa0]
[    0.271048]      scan-1133 get_device_data       : No context for object [ffff88040d825ac8]
[    0.271155]      scan-1133 get_device_data       : No context for object [ffff88040d825af0]
[    0.271263]      scan-1133 get_device_data       : No context for object [ffff88040d825b18]
[    0.271371]      scan-1133 get_device_data       : No context for object [ffff88040d825b40]
[    0.272545]      scan-1133 get_device_data       : No context for object [ffff88040d825b68]
[    0.272653]      scan-1133 get_device_data       : No context for object [ffff88040d825b90]
[    0.272761]      scan-1133 get_device_data       : No context for object [ffff88040d825bb8]
[    0.272869]      scan-1133 get_device_data       : No context for object [ffff88040d825be0]
[    0.272978]     utils-0051 util_eval_error       : Evaluate [\_SB_.PCI0.PB6_.XPDV._STA]: AE_NOT_FOUND
[    0.273122] device: 'device:0e': device_add
[    0.273163] bus: 'acpi': add device device:0e
[    0.273215]     utils-0051 util_eval_error       : Evaluate [\_SB_.PCI0.PB6_.XPDV._SUN]: AE_NOT_FOUND
[    0.273345]      scan-1922 add_single_object     : Added device:0e [\_SB_.PCI0.PB6_.XPDV] parent device:0d
[    0.273459]      scan-1133 get_device_data       : No context for object [ffff88040d825c08]
[    0.273567]      scan-1133 get_device_data       : No context for object [ffff88040d825c30]
[    0.273675]      scan-1133 get_device_data       : No context for object [ffff88040d825c58]
[    0.273782]      scan-1133 get_device_data       : No context for object [ffff88040d825c80]
[    0.273890]      scan-1133 get_device_data       : No context for object [ffff88040d825ca8]
[    0.273998]      scan-1133 get_device_data       : No context for object [ffff88040d837550]
[    0.274106]      scan-1133 get_device_data       : No context for object [ffff88040d825cd0]
[    0.274214]      scan-1133 get_device_data       : No context for object [ffff88040d825cf8]
[    0.274323]     utils-0051 util_eval_error       : Evaluate [\_SB_.PCI0.PB7_._STA]: AE_NOT_FOUND
[    0.274516] device: 'device:0f': device_add
[    0.274558] bus: 'acpi': add device device:0f
[    0.274613]     utils-0051 util_eval_error       : Evaluate [\_SB_.PCI0.PB7_._SUN]: AE_NOT_FOUND
[    0.274731]      scan-1922 add_single_object     : Added device:0f [\_SB_.PCI0.PB7_] parent PNP0A08:00
[    0.274844]      scan-1133 get_device_data       : No context for object [ffff88040d825d20]
[    0.274952]      scan-1133 get_device_data       : No context for object [ffff88040d825d48]
[    0.275060]      scan-1133 get_device_data       : No context for object [ffff88040d825d70]
[    0.275168]      scan-1133 get_device_data       : No context for object [ffff88040d825d98]
[    0.275275]      scan-1133 get_device_data       : No context for object [ffff88040d825dc0]
[    0.275383]      scan-1133 get_device_data       : No context for object [ffff88040d825de8]
[    0.275491]      scan-1133 get_device_data       : No context for object [ffff88040d825e10]
[    0.275600]      scan-1133 get_device_data       : No context for object [ffff88040d825e38]
[    0.275707]      scan-1133 get_device_data       : No context for object [ffff88040d825e60]
[    0.275815]      scan-1133 get_device_data       : No context for object [ffff88040d825e88]
[    0.275923]      scan-1133 get_device_data       : No context for object [ffff88040d825eb0]
[    0.276031]      scan-1133 get_device_data       : No context for object [ffff88040d825ed8]
[    0.276139]      scan-1133 get_device_data       : No context for object [ffff88040d825f00]
[    0.276246]      scan-1133 get_device_data       : No context for object [ffff88040d825f28]
[    0.276354]      scan-1133 get_device_data       : No context for object [ffff88040d825f50]
[    0.276462]      scan-1133 get_device_data       : No context for object [ffff88040d825f78]
[    0.276570]      scan-1133 get_device_data       : No context for object [ffff88040d825fa0]
[    0.276670]      scan-1133 get_device_data       : No context for object [ffff88040d825fc8]
[    0.276778]      scan-1133 get_device_data       : No context for object [ffff88040d827000]
[    0.276886]      scan-1133 get_device_data       : No context for object [ffff88040d827028]
[    0.276994]      scan-1133 get_device_data       : No context for object [ffff88040d827050]
[    0.277101]      scan-1133 get_device_data       : No context for object [ffff88040d827078]
[    0.277209]      scan-1133 get_device_data       : No context for object [ffff88040d8270a0]
[    0.277317]      scan-1133 get_device_data       : No context for object [ffff88040d8270c8]
[    0.277425]      scan-1133 get_device_data       : No context for object [ffff88040d8270f0]
[    0.277533]      scan-1133 get_device_data       : No context for object [ffff88040d827118]
[    0.277640]      scan-1133 get_device_data       : No context for object [ffff88040d827140]
[    0.277748]      scan-1133 get_device_data       : No context for object [ffff88040d827168]
[    0.277856]      scan-1133 get_device_data       : No context for object [ffff88040d827190]
[    0.277964]      scan-1133 get_device_data       : No context for object [ffff88040d8271b8]
[    0.278072]      scan-1133 get_device_data       : No context for object [ffff88040d8271e0]
[    0.278181]     utils-0051 util_eval_error       : Evaluate [\_SB_.PCI0.PB7_.XPDV._STA]: AE_NOT_FOUND
[    0.278326] device: 'device:10': device_add
[    0.278368] bus: 'acpi': add device device:10
[    0.278420]     utils-0051 util_eval_error       : Evaluate [\_SB_.PCI0.PB7_.XPDV._SUN]: AE_NOT_FOUND
[    0.278538]      scan-1922 add_single_object     : Added device:10 [\_SB_.PCI0.PB7_.XPDV] parent device:0f
[    0.278651]      scan-1133 get_device_data       : No context for object [ffff88040d827208]
[    0.278759]      scan-1133 get_device_data       : No context for object [ffff88040d827230]
[    0.278867]      scan-1133 get_device_data       : No context for object [ffff88040d827258]
[    0.278975]      scan-1133 get_device_data       : No context for object [ffff88040d827280]
[    0.279083]      scan-1133 get_device_data       : No context for object [ffff88040d8272a8]
[    0.279191]      scan-1133 get_device_data       : No context for object [ffff88040d837488]
[    0.279299]      scan-1133 get_device_data       : No context for object [ffff88040d8272d0]
[    0.279406]      scan-1133 get_device_data       : No context for object [ffff88040d8272f8]
[    0.279515]     utils-0051 util_eval_error       : Evaluate [\_SB_.PCI0.OHC1._STA]: AE_NOT_FOUND
[    0.279669] device: 'device:11': device_add
[    0.279710] bus: 'acpi': add device device:11
[    0.279762]     utils-0051 util_eval_error       : Evaluate [\_SB_.PCI0.OHC1._SUN]: AE_NOT_FOUND
[    0.279880]      scan-1922 add_single_object     : Added device:11 [\_SB_.PCI0.OHC1] parent PNP0A08:00
[    0.280007]      scan-1133 get_device_data       : No context for object [ffff88040d827320]
[    0.280115]      scan-1133 get_device_data       : No context for object [ffff88040d827348]
[    0.280223]      scan-1133 get_device_data       : No context for object [ffff88040d83b2f8]
[    0.280332]     utils-0051 util_eval_error       : Evaluate [\_SB_.PCI0.OHC1.RHUB._STA]: AE_NOT_FOUND
[    0.280476] device: 'device:12': device_add
[    0.280518] bus: 'acpi': add device device:12
[    0.280573]     utils-0051 util_eval_error       : Evaluate [\_SB_.PCI0.OHC1.RHUB._SUN]: AE_NOT_FOUND
[    0.280691]      scan-1922 add_single_object     : Added device:12 [\_SB_.PCI0.OHC1.RHUB] parent device:11
[    0.280803]      scan-1133 get_device_data       : No context for object [ffff88040d83b320]
[    0.280912]      scan-1133 get_device_data       : No context for object [ffff88040d83b348]
[    0.281021]     utils-0051 util_eval_error       : Evaluate [\_SB_.PCI0.OHC1.RHUB.PRT3._STA]: AE_NOT_FOUND
[    0.281164] device: 'device:13': device_add
[    0.281206] bus: 'acpi': add device device:13
[    0.281259]     utils-0051 util_eval_error       : Evaluate [\_SB_.PCI0.OHC1.RHUB.PRT3._SUN]: AE_NOT_FOUND
[    0.281376]      scan-1922 add_single_object     : Added device:13 [\_SB_.PCI0.OHC1.RHUB.PRT3] parent device:12
[    0.281489]      scan-1133 get_device_data       : No context for object [ffff88040d83b370]
[    0.281597]      scan-1133 get_device_data       : No context for object [ffff88040d83b398]
[    0.281707]      scan-1133 get_device_data       : No context for object [ffff88040d83b3c0]
[    0.281814]      scan-1133 get_device_data       : No context for object [ffff88040d83b3e8]
[    0.281923]     utils-0051 util_eval_error       : Evaluate [\_SB_.PCI0.OHC1.RHUB.PRT4._STA]: AE_NOT_FOUND
[    0.282070] device: 'device:14': device_add
[    0.282148] bus: 'acpi': add device device:14
[    0.282200]     utils-0051 util_eval_error       : Evaluate [\_SB_.PCI0.OHC1.RHUB.PRT4._SUN]: AE_NOT_FOUND
[    0.282318]      scan-1922 add_single_object     : Added device:14 [\_SB_.PCI0.OHC1.RHUB.PRT4] parent device:12
[    0.282431]      scan-1133 get_device_data       : No context for object [ffff88040d83b410]
[    0.282539]      scan-1133 get_device_data       : No context for object [ffff88040d83b438]
[    0.283337]      scan-1133 get_device_data       : No context for object [ffff88040d83b460]
[    0.283445]      scan-1133 get_device_data       : No context for object [ffff88040d827370]
[    0.283555]     utils-0051 util_eval_error       : Evaluate [\_SB_.PCI0.EHC1._STA]: AE_NOT_FOUND
[    0.283709] device: 'device:15': device_add
[    0.283751] bus: 'acpi': add device device:15
[    0.283807]     utils-0051 util_eval_error       : Evaluate [\_SB_.PCI0.EHC1._SUN]: AE_NOT_FOUND
[    0.283925]      scan-1922 add_single_object     : Added device:15 [\_SB_.PCI0.EHC1] parent PNP0A08:00
[    0.284037]      scan-1133 get_device_data       : No context for object [ffff88040d827398]
[    0.284146]      scan-1133 get_device_data       : No context for object [ffff88040d8273c0]
[    0.284254]      scan-1133 get_device_data       : No context for object [ffff88040d83b028]
[    0.284364]     utils-0051 util_eval_error       : Evaluate [\_SB_.PCI0.EHC1.RHUB._STA]: AE_NOT_FOUND
[    0.284508] device: 'device:16': device_add
[    0.284549] bus: 'acpi': add device device:16
[    0.284602]     utils-0051 util_eval_error       : Evaluate [\_SB_.PCI0.EHC1.RHUB._SUN]: AE_NOT_FOUND
[    0.284720]      scan-1922 add_single_object     : Added device:16 [\_SB_.PCI0.EHC1.RHUB] parent device:15
[    0.284833]      scan-1133 get_device_data       : No context for object [ffff88040d83b050]
[    0.284941]      scan-1133 get_device_data       : No context for object [ffff88040d83b078]
[    0.285051]     utils-0051 util_eval_error       : Evaluate [\_SB_.PCI0.EHC1.RHUB.PRT3._STA]: AE_NOT_FOUND
[    0.285194] device: 'device:17': device_add
[    0.285235] bus: 'acpi': add device device:17
[    0.285288]     utils-0051 util_eval_error       : Evaluate [\_SB_.PCI0.EHC1.RHUB.PRT3._SUN]: AE_NOT_FOUND
[    0.285407]      scan-1922 add_single_object     : Added device:17 [\_SB_.PCI0.EHC1.RHUB.PRT3] parent device:16
[    0.285520]      scan-1133 get_device_data       : No context for object [ffff88040d83b0a0]
[    0.285628]      scan-1133 get_device_data       : No context for object [ffff88040d83b0c8]
[    0.285737]      scan-1133 get_device_data       : No context for object [ffff88040d83b0f0]
[    0.285845]      scan-1133 get_device_data       : No context for object [ffff88040d83b118]
[    0.285954]     utils-0051 util_eval_error       : Evaluate [\_SB_.PCI0.EHC1.RHUB.PRT4._STA]: AE_NOT_FOUND
[    0.286098] device: 'device:18': device_add
[    0.286142] bus: 'acpi': add device device:18
[    0.286195]     utils-0051 util_eval_error       : Evaluate [\_SB_.PCI0.EHC1.RHUB.PRT4._SUN]: AE_NOT_FOUND
[    0.286672]      scan-1922 add_single_object     : Added device:18 [\_SB_.PCI0.EHC1.RHUB.PRT4] parent device:16
[    0.286714]      scan-1133 get_device_data       : No context for object [ffff88040d83b140]
[    0.286822]      scan-1133 get_device_data       : No context for object [ffff88040d83b168]
[    0.286930]      scan-1133 get_device_data       : No context for object [ffff88040d83b190]
[    0.287039]      scan-1133 get_device_data       : No context for object [ffff88040d8273e8]
[    0.287148]     utils-0051 util_eval_error       : Evaluate [\_SB_.PCI0.OHC2._STA]: AE_NOT_FOUND
[    0.287303] device: 'device:19': device_add
[    0.287345] bus: 'acpi': add device device:19
[    0.287397]     utils-0051 util_eval_error       : Evaluate [\_SB_.PCI0.OHC2._SUN]: AE_NOT_FOUND
[    0.287515]      scan-1922 add_single_object     : Added device:19 [\_SB_.PCI0.OHC2] parent PNP0A08:00
[    0.287627]      scan-1133 get_device_data       : No context for object [ffff88040d827410]
[    0.287735]      scan-1133 get_device_data       : No context for object [ffff88040d827438]
[    0.287843]      scan-1133 get_device_data       : No context for object [ffff88040d83b488]
[    0.287952]     utils-0051 util_eval_error       : Evaluate [\_SB_.PCI0.OHC2.RHUB._STA]: AE_NOT_FOUND
[    0.288097] device: 'device:1a': device_add
[    0.288139] bus: 'acpi': add device device:1a
[    0.288197]     utils-0051 util_eval_error       : Evaluate [\_SB_.PCI0.OHC2.RHUB._SUN]: AE_NOT_FOUND
[    0.288315]      scan-1922 add_single_object     : Added device:1a [\_SB_.PCI0.OHC2.RHUB] parent device:19
[    0.288428]      scan-1133 get_device_data       : No context for object [ffff88040d83b4b0]
[    0.288535]      scan-1133 get_device_data       : No context for object [ffff88040d83b4d8]
[    0.288645]     utils-0051 util_eval_error       : Evaluate [\_SB_.PCI0.OHC2.RHUB.PRT4._STA]: AE_NOT_FOUND
[    0.288789] device: 'device:1b': device_add
[    0.288830] bus: 'acpi': add device device:1b
[    0.288882]     utils-0051 util_eval_error       : Evaluate [\_SB_.PCI0.OHC2.RHUB.PRT4._SUN]: AE_NOT_FOUND
[    0.289001]      scan-1922 add_single_object     : Added device:1b [\_SB_.PCI0.OHC2.RHUB.PRT4] parent device:1a
[    0.289114]      scan-1133 get_device_data       : No context for object [ffff88040d83b500]
[    0.289223]      scan-1133 get_device_data       : No context for object [ffff88040d83b528]
[    0.289331]      scan-1133 get_device_data       : No context for object [ffff88040d83b550]
[    0.289439]      scan-1133 get_device_data       : No context for object [ffff88040d827460]
[    0.289549]     utils-0051 util_eval_error       : Evaluate [\_SB_.PCI0.EHC2._STA]: AE_NOT_FOUND
[    0.289704] device: 'device:1c': device_add
[    0.289745] bus: 'acpi': add device device:1c
[    0.289798]     utils-0051 util_eval_error       : Evaluate [\_SB_.PCI0.EHC2._SUN]: AE_NOT_FOUND
[    0.289915]      scan-1922 add_single_object     : Added device:1c [\_SB_.PCI0.EHC2] parent PNP0A08:00
[    0.290047]      scan-1133 get_device_data       : No context for object [ffff88040d827488]
[    0.290155]      scan-1133 get_device_data       : No context for object [ffff88040d8274b0]
[    0.290263]      scan-1133 get_device_data       : No context for object [ffff88040d83b1b8]
[    0.290373]     utils-0051 util_eval_error       : Evaluate [\_SB_.PCI0.EHC2.RHUB._STA]: AE_NOT_FOUND
[    0.290516] device: 'device:1d': device_add
[    0.290558] bus: 'acpi': add device device:1d
[    0.290613]     utils-0051 util_eval_error       : Evaluate [\_SB_.PCI0.EHC2.RHUB._SUN]: AE_NOT_FOUND
[    0.290732]      scan-1922 add_single_object     : Added device:1d [\_SB_.PCI0.EHC2.RHUB] parent device:1c
[    0.290845]      scan-1133 get_device_data       : No context for object [ffff88040d83b1e0]
[    0.290953]      scan-1133 get_device_data       : No context for object [ffff88040d83b208]
[    0.291063]     utils-0051 util_eval_error       : Evaluate [\_SB_.PCI0.EHC2.RHUB.PRT2._STA]: AE_NOT_FOUND
[    0.291207] device: 'device:1e': device_add
[    0.291248] bus: 'acpi': add device device:1e
[    0.291302]     utils-0051 util_eval_error       : Evaluate [\_SB_.PCI0.EHC2.RHUB.PRT2._SUN]: AE_NOT_FOUND
[    0.291420]      scan-1922 add_single_object     : Added device:1e [\_SB_.PCI0.EHC2.RHUB.PRT2] parent device:1d
[    0.291533]      scan-1133 get_device_data       : No context for object [ffff88040d83b230]
[    0.291642]      scan-1133 get_device_data       : No context for object [ffff88040d83b258]
[    0.291750]      scan-1133 get_device_data       : No context for object [ffff88040d83b280]
[    0.291858]      scan-1133 get_device_data       : No context for object [ffff88040d8274d8]
[    0.291968]     utils-0051 util_eval_error       : Evaluate [\_SB_.PCI0.OHC3._STA]: AE_NOT_FOUND
[    0.292123] device: 'device:1f': device_add
[    0.292164] bus: 'acpi': add device device:1f
[    0.292217]     utils-0051 util_eval_error       : Evaluate [\_SB_.PCI0.OHC3._SUN]: AE_NOT_FOUND
[    0.292335]      scan-1922 add_single_object     : Added device:1f [\_SB_.PCI0.OHC3] parent PNP0A08:00
[    0.292448]      scan-1133 get_device_data       : No context for object [ffff88040d827500]
[    0.292556]      scan-1133 get_device_data       : No context for object [ffff88040d827528]
[    0.292664]      scan-1133 get_device_data       : No context for object [ffff88040d83b578]
[    0.292773]     utils-0051 util_eval_error       : Evaluate [\_SB_.PCI0.OHC3.RHUB._STA]: AE_NOT_FOUND
[    0.292917] device: 'device:20': device_add
[    0.292958] bus: 'acpi': add device device:20
[    0.293014]     utils-0051 util_eval_error       : Evaluate [\_SB_.PCI0.OHC3.RHUB._SUN]: AE_NOT_FOUND
[    0.293132]      scan-1922 add_single_object     : Added device:20 [\_SB_.PCI0.OHC3.RHUB] parent device:1f
[    0.293245]      scan-1133 get_device_data       : No context for object [ffff88040d83b5a0]
[    0.293337]      scan-1133 get_device_data       : No context for object [ffff88040d827550]
[    0.293447]     utils-0051 util_eval_error       : Evaluate [\_SB_.PCI0.EHC3._STA]: AE_NOT_FOUND
[    0.293603] device: 'device:21': device_add
[    0.293645] bus: 'acpi': add device device:21
[    0.293698]     utils-0051 util_eval_error       : Evaluate [\_SB_.PCI0.EHC3._SUN]: AE_NOT_FOUND
[    0.293815]      scan-1922 add_single_object     : Added device:21 [\_SB_.PCI0.EHC3] parent PNP0A08:00
[    0.294997]      scan-1133 get_device_data       : No context for object [ffff88040d827578]
[    0.295105]      scan-1133 get_device_data       : No context for object [ffff88040d8275a0]
[    0.295213]      scan-1133 get_device_data       : No context for object [ffff88040d83b2a8]
[    0.295322]     utils-0051 util_eval_error       : Evaluate [\_SB_.PCI0.EHC3.RHUB._STA]: AE_NOT_FOUND
[    0.295467] device: 'device:22': device_add
[    0.295509] bus: 'acpi': add device device:22
[    0.295561]     utils-0051 util_eval_error       : Evaluate [\_SB_.PCI0.EHC3.RHUB._SUN]: AE_NOT_FOUND
[    0.295679]      scan-1922 add_single_object     : Added device:22 [\_SB_.PCI0.EHC3.RHUB] parent device:21
[    0.295792]      scan-1133 get_device_data       : No context for object [ffff88040d83b2d0]
[    0.295901]      scan-1133 get_device_data       : No context for object [ffff88040d8275c8]
[    0.296010]     utils-0051 util_eval_error       : Evaluate [\_SB_.PCI0.OHC4._STA]: AE_NOT_FOUND
[    0.296165] device: 'device:23': device_add
[    0.296206] bus: 'acpi': add device device:23
[    0.296262]     utils-0051 util_eval_error       : Evaluate [\_SB_.PCI0.OHC4._SUN]: AE_NOT_FOUND
[    0.296379]      scan-1922 add_single_object     : Added device:23 [\_SB_.PCI0.OHC4] parent PNP0A08:00
[    0.296491]      scan-1133 get_device_data       : No context for object [ffff88040d8275f0]
[    0.296599]      scan-1133 get_device_data       : No context for object [ffff88040d827618]
[    0.296709]      scan-1133 get_device_data       : No context for object [ffff88040d827640]
[    0.296818]     utils-0051 util_eval_error       : Evaluate [\_SB_.PCI0.SBAZ._STA]: AE_NOT_FOUND
[    0.297010] device: 'device:24': device_add
[    0.297051] bus: 'acpi': add device device:24
[    0.297105]     utils-0051 util_eval_error       : Evaluate [\_SB_.PCI0.SBAZ._SUN]: AE_NOT_FOUND
[    0.297221]      scan-1922 add_single_object     : Added device:24 [\_SB_.PCI0.SBAZ] parent PNP0A08:00
[    0.297334]      scan-1133 get_device_data       : No context for object [ffff88040d827668]
[    0.297443]      scan-1133 get_device_data       : No context for object [ffff88040d827690]
[    0.297550]      scan-1133 get_device_data       : No context for object [ffff88040d8276b8]
[    0.297659]     utils-0051 util_eval_error       : Evaluate [\_SB_.PCI0.GEC_._STA]: AE_NOT_FOUND
[    0.297829] device: 'device:25': device_add
[    0.297870] bus: 'acpi': add device device:25
[    0.297923]     utils-0051 util_eval_error       : Evaluate [\_SB_.PCI0.GEC_._SUN]: AE_NOT_FOUND
[    0.298041]      scan-1922 add_single_object     : Added device:25 [\_SB_.PCI0.GEC_] parent PNP0A08:00
[    0.298154]      scan-1133 get_device_data       : No context for object [ffff88040d8276e0]
[    0.298263]      scan-1133 get_device_data       : No context for object [ffff88040d827708]
[    0.298370]      scan-1133 get_device_data       : No context for object [ffff88040d827730]
[    0.298478]      scan-1133 get_device_data       : No context for object [ffff88040d827758]
[    0.298586]      scan-1133 get_device_data       : No context for object [ffff88040d827780]
[    0.298694]      scan-1133 get_device_data       : No context for object [ffff88040d8277a8]
[    0.298801]      scan-1133 get_device_data       : No context for object [ffff88040d8277d0]
[    0.298908]      scan-1133 get_device_data       : No context for object [ffff88040d8277f8]
[    0.299015]      scan-1133 get_device_data       : No context for object [ffff88040d827820]
[    0.299124]     utils-0051 util_eval_error       : Evaluate [\_SB_.PCI0.SATA._STA]: AE_NOT_FOUND
[    0.299273] device: 'device:26': device_add
[    0.299348] bus: 'acpi': add device device:26
[    0.299405]     utils-0051 util_eval_error       : Evaluate [\_SB_.PCI0.SATA._SUN]: AE_NOT_FOUND
[    0.299522]      scan-1922 add_single_object     : Added device:26 [\_SB_.PCI0.SATA] parent PNP0A08:00
[    0.299635]      scan-1133 get_device_data       : No context for object [ffff88040d827848]
[    0.299743]      scan-1133 get_device_data       : No context for object [ffff88040d827870]
[    0.299850]      scan-1133 get_device_data       : No context for object [ffff88040d827898]
[    0.299958]      scan-1133 get_device_data       : No context for object [ffff88040d8278c0]
[    0.300076]      scan-1133 get_device_data       : No context for object [ffff88040d8278e8]
[    0.300184]      scan-1133 get_device_data       : No context for object [ffff88040d827910]
[    0.300292]      scan-1133 get_device_data       : No context for object [ffff88040d827938]
[    0.300400]      scan-1133 get_device_data       : No context for object [ffff88040d827960]
[    0.300507]      scan-1133 get_device_data       : No context for object [ffff88040d827988]
[    0.300615]      scan-1133 get_device_data       : No context for object [ffff88040d8279b0]
[    0.300723]      scan-1133 get_device_data       : No context for object [ffff88040d8279d8]
[    0.300831]      scan-1133 get_device_data       : No context for object [ffff88040d827a00]
[    0.300939]      scan-1133 get_device_data       : No context for object [ffff88040d827a28]
[    0.301047]      scan-1133 get_device_data       : No context for object [ffff88040d827a50]
[    0.301155]      scan-1133 get_device_data       : No context for object [ffff88040d827a78]
[    0.301263]      scan-1133 get_device_data       : No context for object [ffff88040d827aa0]
[    0.301371]      scan-1133 get_device_data       : No context for object [ffff88040d827ac8]
[    0.301479]      scan-1133 get_device_data       : No context for object [ffff88040d827af0]
[    0.301587]      scan-1133 get_device_data       : No context for object [ffff88040d827b18]
[    0.301694]      scan-1133 get_device_data       : No context for object [ffff88040d827b40]
[    0.301802]      scan-1133 get_device_data       : No context for object [ffff88040d827b68]
[    0.301910]      scan-1133 get_device_data       : No context for object [ffff88040d827b90]
[    0.302018]      scan-1133 get_device_data       : No context for object [ffff88040d827bb8]
[    0.302125]      scan-1133 get_device_data       : No context for object [ffff88040d827be0]
[    0.302227]      scan-1133 get_device_data       : No context for object [ffff88040d827c08]
[    0.302330]      scan-1133 get_device_data       : No context for object [ffff88040d827c30]
[    0.302433]      scan-1133 get_device_data       : No context for object [ffff88040d827c58]
[    0.302540]      scan-1133 get_device_data       : No context for object [ffff88040d827c80]
[    0.302648]      scan-1133 get_device_data       : No context for object [ffff88040d827ca8]
[    0.302756]      scan-1133 get_device_data       : No context for object [ffff88040d827cd0]
[    0.302864]      scan-1133 get_device_data       : No context for object [ffff88040d827cf8]
[    0.302971]      scan-1133 get_device_data       : No context for object [ffff88040d827d20]
[    0.303081]      scan-1133 get_device_data       : No context for object [ffff88040d827d48]
[    0.303184]      scan-1133 get_device_data       : No context for object [ffff88040d827d70]
[    0.303286]      scan-1133 get_device_data       : No context for object [ffff88040d827d98]
[    0.303404]      scan-1133 get_device_data       : No context for object [ffff88040d827dc0]
[    0.303507]      scan-1133 get_device_data       : No context for object [ffff88040d827de8]
[    0.303616]      scan-1133 get_device_data       : No context for object [ffff88040d827e10]
[    0.303724]      scan-1133 get_device_data       : No context for object [ffff88040d827e38]
[    0.303832]      scan-1133 get_device_data       : No context for object [ffff88040d827e60]
[    0.303940]      scan-1133 get_device_data       : No context for object [ffff88040d827e88]
[    0.304047]      scan-1133 get_device_data       : No context for object [ffff88040d827eb0]
[    0.304154]      scan-1133 get_device_data       : No context for object [ffff88040d827ed8]
[    0.304257]      scan-1133 get_device_data       : No context for object [ffff88040d827f00]
[    0.304360]      scan-1133 get_device_data       : No context for object [ffff88040d827f28]
[    0.304464]     utils-0051 util_eval_error       : Evaluate [\_SB_.PCI0.SATA.PRID._STA]: AE_NOT_FOUND
[    0.304614] device_pm-0128 device_get_power      : Device [PRID] power state is (unknown)
[    0.304756] device: 'device:27': device_add
[    0.304797] bus: 'acpi': add device device:27
[    0.304850]     utils-0051 util_eval_error       : Evaluate [\_SB_.PCI0.SATA.PRID._SUN]: AE_NOT_FOUND
[    0.304970]      scan-1922 add_single_object     : Added device:27 [\_SB_.PCI0.SATA.PRID] parent device:26
[    0.306143]      scan-1133 get_device_data       : No context for object [ffff88040d827f50]
[    0.306249]      scan-1133 get_device_data       : No context for object [ffff88040d827f78]
[    0.306352]      scan-1133 get_device_data       : No context for object [ffff88040d827fa0]
[    0.306455]      scan-1133 get_device_data       : No context for object [ffff88040d827fc8]
