[    0.000000] Initializing cgroup subsys cpuset
[    0.000000] Initializing cgroup subsys cpu
[    0.000000] Initializing cgroup subsys cpuacct
[    0.000000] Linux version 3.16.0-rc7-MANJAROed (emacs@manji) (gcc version 4.9.0 20140604 (prerelease) (GCC) ) #13 SMP Tue Jul 29 04:42:53 CEST 2014
[    0.000000] Command line: BOOT_IMAGE=/vmlinuz-316-x86_64 root=UUID=bfa4ab6e-19a3-4601-ba2b-267c55841c73 rw cryptdevice=/dev/disk/by-uuid/70c08890-417a-497d-b6ab-c0d0357a63e2:cryptManjaro:allow-discards ipv6.disable=1 pnp.debug=1 loglevel=9 log_buf_len=10M printk.always_kmsg_dump=y printk.time=y mminit_loglevel=0 memory_corruption_check=1 acpi.debug_layer=0xfbff0000 acpi.debug_level=0xFFFFFFFD pnp.debug=1 nohz=on rcu_nocbs=1-3 pcie_aspm=force nofb
[    0.000000] KERNEL supported cpus:
[    0.000000]   AMD AuthenticAMD
[    0.000000] e820: BIOS-provided physical RAM map:
[    0.000000] BIOS-e820: [mem 0x0000000000000000-0x000000000009d7ff] usable
[    0.000000] BIOS-e820: [mem 0x000000000009d800-0x000000000009ffff] reserved
[    0.000000] BIOS-e820: [mem 0x00000000000e0000-0x00000000000fffff] reserved
[    0.000000] BIOS-e820: [mem 0x0000000000100000-0x00000000bed9afff] usable
[    0.000000] BIOS-e820: [mem 0x00000000bed9b000-0x00000000bf39afff] reserved
[    0.000000] BIOS-e820: [mem 0x00000000bf39b000-0x00000000bf49afff] ACPI NVS
[    0.000000] BIOS-e820: [mem 0x00000000bf49b000-0x00000000bf51afff] ACPI data
[    0.000000] BIOS-e820: [mem 0x00000000bf51b000-0x00000000bfdfffff] usable
[    0.000000] BIOS-e820: [mem 0x00000000bfe00000-0x00000000bfffffff] reserved
[    0.000000] BIOS-e820: [mem 0x00000000fec00000-0x00000000fecfffff] reserved
[    0.000000] BIOS-e820: [mem 0x00000000fed80000-0x00000000fed80fff] reserved
[    0.000000] BIOS-e820: [mem 0x00000000ffe00000-0x00000000ffffffff] reserved
[    0.000000] BIOS-e820: [mem 0x0000000100000000-0x000000041effffff] usable
[    0.000000] NX (Execute Disable) protection: active
[    0.000000] SMBIOS 2.6 present.
[    0.000000] DMI: LENOVO Sabine/Torpedo, BIOS 54CN18WW 07/20/2011
[    0.000000] e820: update [mem 0x00000000-0x00000fff] usable ==> reserved
[    0.000000] e820: remove [mem 0x000a0000-0x000fffff] usable
[    0.000000] e820: last_pfn = 0x41f000 max_arch_pfn = 0x400000000
[    0.000000] MTRR default type: uncachable
[    0.000000] MTRR fixed ranges enabled:
[    0.000000]   00000-9FFFF write-back
[    0.000000]   A0000-BFFFF uncachable
[    0.000000]   C0000-FFFFF write-protect
[    0.000000] MTRR variable ranges enabled:
[    0.000000]   0 base 0000000000 mask FF80000000 write-back
[    0.000000]   1 base 0080000000 mask FFC0000000 write-back
[    0.000000]   2 base 00FFF90000 mask FFFFFF0000 uncachable
[    0.000000]   3 base 00FED80000 mask 0FFFFFF000 uncachable
[    0.000000]   4 disabled
[    0.000000]   5 disabled
[    0.000000]   6 disabled
[    0.000000]   7 base 00FFE00000 mask FFFFE00000 write-protect
[    0.000000] TOM2: 000000041f000000 aka 16880M
[    0.000000] mtrr: your BIOS has configured an incorrect mask, fixing it.
[    0.000000] e820: last_pfn = 0xbfe00 max_arch_pfn = 0x400000000
[    0.000000] found SMP MP-table at [mem 0x000fa8b0-0x000fa8bf] mapped at [ffff8800000fa8b0]
[    0.000000] Base memory trampoline at [ffff880000097000] 97000 size 24576
[    0.000000] Using GB pages for direct mapping
[    0.000000] init_memory_mapping: [mem 0x00000000-0x000fffff]
[    0.000000]  [mem 0x00000000-0x000fffff] page 4k
[    0.000000] BRK [0x01e11000, 0x01e11fff] PGTABLE
[    0.000000] BRK [0x01e12000, 0x01e12fff] PGTABLE
[    0.000000] BRK [0x01e13000, 0x01e13fff] PGTABLE
[    0.000000] init_memory_mapping: [mem 0x41ee00000-0x41effffff]
[    0.000000]  [mem 0x41ee00000-0x41effffff] page 2M
[    0.000000] BRK [0x01e14000, 0x01e14fff] PGTABLE
[    0.000000] init_memory_mapping: [mem 0x41c000000-0x41edfffff]
[    0.000000]  [mem 0x41c000000-0x41edfffff] page 2M
[    0.000000] init_memory_mapping: [mem 0x400000000-0x41bffffff]
[    0.000000]  [mem 0x400000000-0x41bffffff] page 2M
[    0.000000] init_memory_mapping: [mem 0x00100000-0xbed9afff]
[    0.000000]  [mem 0x00100000-0x001fffff] page 4k
[    0.000000]  [mem 0x00200000-0x3fffffff] page 2M
[    0.000000]  [mem 0x40000000-0x7fffffff] page 1G
[    0.000000]  [mem 0x80000000-0xbebfffff] page 2M
[    0.000000]  [mem 0xbec00000-0xbed9afff] page 4k
[    0.000000] init_memory_mapping: [mem 0xbf51b000-0xbfdfffff]
[    0.000000]  [mem 0xbf51b000-0xbf5fffff] page 4k
[    0.000000]  [mem 0xbf600000-0xbfdfffff] page 2M
[    0.000000] BRK [0x01e15000, 0x01e15fff] PGTABLE
[    0.000000] init_memory_mapping: [mem 0x100000000-0x3ffffffff]
[    0.000000]  [mem 0x100000000-0x3ffffffff] page 1G
[    0.000000] log_buf_len: 16777216
[    0.000000] early log buf free: 2092392(99%)
[    0.000000] RAMDISK: [mem 0x37882000-0x37c38fff]
[    0.000000] ACPI: Early table checksum verification disabled
[    0.000000] ACPI: RSDP 0x00000000000F0110 000024 (v02 LENOVO)
[    0.000000] ACPI: XSDT 0x00000000BF51A120 000074 (v01 LENOVO CB-01    00000001 LENO 00000001)
[    0.000000] ACPI: FACP 0x00000000BF508000 0000F4 (v04 LENOVO CB-01    00000001 PTL  00000001)
[    0.000000] ACPI: DSDT 0x00000000BF50A000 00FD10 (v01 LENOVO CB-01    00001000 LENO 00000001)
[    0.000000] ACPI: FACS 0x00000000BF478000 000040
[    0.000000] ACPI: HPET 0x00000000BF507000 000038 (v01 LENOVO CB-01    00000001 PTL  00000001)
[    0.000000] ACPI: APIC 0x00000000BF506000 00007A (v02 LENOVO CB-01    00000001 PTL  00000001)
[    0.000000] ACPI: MCFG 0x00000000BF505000 00003C (v01 LENOVO CB-01    00000001 PTL  00000001)
[    0.000000] ACPI: SLIC 0x00000000BF504000 000176 (v01 LENOVO CB-01    00000001 LENO 00000001)
[    0.000000] ACPI: UEFI 0x00000000BF503000 00003E (v01 LENOVO CB-01    00000001 PTL  00000001)
[    0.000000] ACPI: UEFI 0x00000000BF502000 000042 (v01 PTL    COMBUF   00000001 PTL  00000001)
[    0.000000] ACPI: SSDT 0x00000000BF501000 000E34 (v01 AMD    POWERNOW 00000001 AMD  00000001)
[    0.000000] ACPI: SSDT 0x00000000BF4FF000 00193D (v02 AMD    ALIB     00000001 MSFT 04000000)
[    0.000000] ACPI: UEFI 0x00000000BF4FE000 00021A (v01 LENOVO CB-01    00000001 PTL  00000001)
[    0.000000] ACPI: Local APIC address 0xfee00000
[    0.000000] No NUMA configuration found
[    0.000000] Faking a node at [mem 0x0000000000000000-0x000000041effffff]
[    0.000000] Initmem setup node 0 [mem 0x00000000-0x41effffff]
[    0.000000]   NODE_DATA [mem 0x41dffa000-0x41dffdfff]
[    0.000000]  [ffffea0000000000-ffffea00107fffff] PMD -> [ffff88040de00000-ffff88041d5fffff] on node 0
[    0.000000] Zone ranges:
[    0.000000]   DMA      [mem 0x00001000-0x00ffffff]
[    0.000000]   DMA32    [mem 0x01000000-0xffffffff]
[    0.000000]   Normal   [mem 0x100000000-0x41effffff]
[    0.000000] Movable zone start for each node
[    0.000000] Early memory node ranges
[    0.000000]   node   0: [mem 0x00001000-0x0009cfff]
[    0.000000]   node   0: [mem 0x00100000-0xbed9afff]
[    0.000000]   node   0: [mem 0xbf51b000-0xbfdfffff]
[    0.000000]   node   0: [mem 0x100000000-0x41effffff]
[    0.000000] On node 0 totalpages: 4056604
[    0.000000]   DMA zone: 64 pages used for memmap
[    0.000000]   DMA zone: 21 pages reserved
[    0.000000]   DMA zone: 3996 pages, LIFO batch:0
[    0.000000]   DMA32 zone: 12186 pages used for memmap
[    0.000000]   DMA32 zone: 779904 pages, LIFO batch:31
[    0.000000]   Normal zone: 51136 pages used for memmap
[    0.000000]   Normal zone: 3272704 pages, LIFO batch:31
[    0.000000] ACPI: PM-Timer IO Port: 0x808
[    0.000000] ACPI: Local APIC address 0xfee00000
[    0.000000] ACPI: LAPIC (acpi_id[0x00] lapic_id[0x00] enabled)
[    0.000000] ACPI: LAPIC (acpi_id[0x01] lapic_id[0x01] enabled)
[    0.000000] ACPI: LAPIC (acpi_id[0x02] lapic_id[0x02] enabled)
[    0.000000] ACPI: LAPIC (acpi_id[0x03] lapic_id[0x03] enabled)
[    0.000000] ACPI: LAPIC_NMI (acpi_id[0x00] high edge lint[0x1])
[    0.000000] ACPI: LAPIC_NMI (acpi_id[0x01] high edge lint[0x1])
[    0.000000] ACPI: LAPIC_NMI (acpi_id[0x02] high edge lint[0x1])
[    0.000000] ACPI: LAPIC_NMI (acpi_id[0x03] high edge lint[0x1])
[    0.000000] ACPI: IOAPIC (id[0x02] address[0xfec00000] gsi_base[0])
[    0.000000] IOAPIC[0]: apic_id 2, version 33, address 0xfec00000, GSI 0-23
[    0.000000] ACPI: INT_SRC_OVR (bus 0 bus_irq 0 global_irq 2 dfl dfl)
[    0.000000] ACPI: IRQ0 used by override.
[    0.000000] ACPI: IRQ2 used by override.
[    0.000000] ACPI: IRQ9 used by override.
[    0.000000] Using ACPI (MADT) for SMP configuration information
[    0.000000] ACPI: HPET id: 0x43538210 base: 0xfed00000
[    0.000000] smpboot: Allowing 4 CPUs, 0 hotplug CPUs
[    0.000000] nr_irqs_gsi: 40
[    0.000000] e820: [mem 0xc0000000-0xfebfffff] available for PCI devices
[    0.000000] setup_percpu: NR_CPUS:64 nr_cpumask_bits:64 nr_cpu_ids:4 nr_node_ids:1
[    0.000000] PERCPU: Embedded 27 pages/cpu @ffff88041dc00000 s80128 r8192 d22272 u524288
[    0.000000] pcpu-alloc: s80128 r8192 d22272 u524288 alloc=1*2097152
[    0.000000] pcpu-alloc: [0] 0 1 2 3 
[    0.000000] Built 1 zonelists in Zone order, mobility grouping on.  Total pages: 3993197
[    0.000000] Policy zone: Normal
[    0.000000] Kernel command line: BOOT_IMAGE=/vmlinuz-316-x86_64 root=UUID=bfa4ab6e-19a3-4601-ba2b-267c55841c73 rw cryptdevice=/dev/disk/by-uuid/70c08890-417a-497d-b6ab-c0d0357a63e2:cryptManjaro:allow-discards ipv6.disable=1 pnp.debug=1 loglevel=9 log_buf_len=10M printk.always_kmsg_dump=y printk.time=y mminit_loglevel=0 memory_corruption_check=1 acpi.debug_layer=0xfbff0000 acpi.debug_level=0xFFFFFFFD pnp.debug=1 nohz=on rcu_nocbs=1-3 pcie_aspm=force nofb
[    0.000000] PCIe ASPM is forcibly enabled
[    0.000000] PID hash table entries: 4096 (order: 3, 32768 bytes)
[    0.000000] Memory: 15871096K/16226416K available (5216K kernel code, 711K rwdata, 2188K rodata, 844K init, 2580K bss, 355320K reserved)
[    0.000000] SLUB: HWalign=64, Order=0-3, MinObjects=0, CPUs=4, Nodes=1
[    0.000000] Hierarchical RCU implementation.
[    0.000000] 	RCU dyntick-idle grace-period acceleration is enabled.
[    0.000000] 	Additional per-CPU info printed with stalls.
[    0.000000] 	RCU restricting CPUs from NR_CPUS=64 to nr_cpu_ids=4.
[    0.000000] 	Offload RCU callbacks from all CPUs
[    0.000000] 	Offload RCU callbacks from CPUs: 0-3.
[    0.000000] RCU: Adjusting geometry for rcu_fanout_leaf=16, nr_cpu_ids=4
[    0.000000] NO_HZ: Full dynticks CPUs: 1-63.
[    0.000000] NR_IRQS:4352 nr_irqs:712 16
[    0.000000] spurious 8259A interrupt: IRQ7.
[    0.000000] Console: colour VGA+ 80x25
[    0.000000] console [tty0] enabled
[    0.000000] allocated 65011712 bytes of page_cgroup
[    0.000000] please try 'cgroup_disable=memory' option if you don't want memory cgroups
[    0.000000] hpet clockevent registered
[    0.000000] tsc: Fast TSC calibration using PIT
[    0.000000] tsc: Detected 1397.595 MHz processor
[    0.000042] Calibrating delay loop (skipped), value calculated using timer frequency.. 2796.65 BogoMIPS (lpj=4658650)
[    0.000157] pid_max: default: 32768 minimum: 301
[    0.000203] ACPI: Core revision 20140424
[    0.015284] ACPI: All ACPI Tables successfully acquired
[    0.016655] Security Framework initialized
[    0.018550] Dentry cache hash table entries: 2097152 (order: 12, 16777216 bytes)
[    0.024070] Inode-cache hash table entries: 1048576 (order: 11, 8388608 bytes)
[    0.026803] Mount-cache hash table entries: 32768 (order: 6, 262144 bytes)
[    0.026912] Mountpoint-cache hash table entries: 32768 (order: 6, 262144 bytes)
[    0.027431] Initializing cgroup subsys memory
[    0.027527] Initializing cgroup subsys devices
[    0.027573] Initializing cgroup subsys freezer
[    0.027615] Initializing cgroup subsys blkio
[    0.027680] tseg: 00bfe00000
[    0.027721] CPU: Physical Processor ID: 0
[    0.027760] CPU: Processor Core ID: 0
[    0.027799] mce: CPU supports 6 MCE banks
[    0.027847] Last level iTLB entries: 4KB 512, 2MB 16, 4MB 8
Last level dTLB entries: 4KB 1024, 2MB 128, 4MB 64, 1GB 0
tlb_flushall_shift: 6
[    0.028035] Freeing SMP alternatives memory: 20K (ffffffff81b86000 - ffffffff81b8b000)
[    0.028601] ..TIMER: vector=0x30 apic1=0 pin1=2 apic2=-1 pin2=-1
[    0.061661] smpboot: CPU0: AMD A6-3400M APU with Radeon(tm) HD Graphics (fam: 12, model: 01, stepping: 00)
[    0.167553] Performance Events: AMD PMU driver.
[    0.167635] ... version:                0
[    0.167677] ... bit width:              48
[    0.167717] ... generic registers:      4
[    0.167759] ... value mask:             0000ffffffffffff
[    0.167801] ... max period:             00007fffffffffff
[    0.167843] ... fixed-purpose events:   0
[    0.167884] ... event mask:             000000000000000f
[    0.168404] MCE: In-kernel MCE decoding enabled.
[    0.168578] NMI watchdog: enabled on all CPUs, permanently consumes one hw-PMU counter.
[    0.168750] x86: Booting SMP configuration:
[    0.168840] .... node  #0, CPUs:      #1
[    0.182123] TSC synchronization [CPU#0 -> CPU#1]:
[    0.182249] Measured 133099686 cycles TSC warp between CPUs, turning off TSC clock.
[    0.182299] tsc: Marking TSC unstable due to check_tsc_sync_source failed
[    0.182520]  #2 #3
[    0.205034] x86: Booted up 1 node, 4 CPUs
[    0.205114] smpboot: Total of 4 processors activated (11185.62 BogoMIPS)
[    0.103447] devtmpfs: initialized
[    0.103475] device: 'platform': device_add
[    0.103559] bus: 'platform': registered
[    0.103657] bus: 'cpu': registered
[    0.103700] device: 'cpu': device_add
[    0.106703] bus: 'container': registered
[    0.106746] device: 'container': device_add
[    0.107070] bus: 'workqueue': registered
[    0.107070] device: 'workqueue': device_add
[    0.107070] kworker/u8:0 (39) used greatest stack depth: 14144 bytes left
[    0.107223] atomic64_test: passed for x86-64 platform with CX8 and with SSE
[    0.107273] device class 'regulator': registering
[    0.107351] Registering platform device 'reg-dummy'. Parent at platform
[    0.107397] device: 'reg-dummy': device_add
[    0.107444] bus: 'platform': add device reg-dummy
[    0.107510] bus: 'platform': add driver reg-dummy
[    0.107555] bus: 'platform': driver_probe_device: matched device reg-dummy with driver reg-dummy
[    0.107604] bus: 'platform': really_probe: probing driver reg-dummy with device reg-dummy
[    0.107658] device: 'regulator.0': device_add
[    0.107728] regulator-dummy: no parameters
[    0.107781] driver: 'reg-dummy': driver_bound: bound to device 'reg-dummy'
[    0.107825] bus: 'platform': really_probe: bound device reg-dummy to driver reg-dummy
[    0.107953] NET: Registered protocol family 16
[    0.108180] device class 'bdi': registering
[    0.108254] bus: 'platform': add driver ramoops
[    0.108317] device class 'pci_bus': registering
[    0.108385] bus: 'pci': registered
[    0.108432] device class 'backlight': registering
[    0.108485] device class 'tty': registering
[    0.108536] device class 'vtconsole': registering
[    0.108586] device: 'vtcon0': device_add
[    0.108667] bus: 'node': registered
[    0.108755] device: 'node': device_add
[    0.108828] bus: 'i2c': registered
[    0.108868] bus: 'i2c': add driver dummy
[    0.108916] i2c-core: driver [dummy] registered
[    0.108960] cpuidle: using governor ladder
[    0.109001] cpuidle: using governor menu
[    0.109294] ACPI FADT declares the system doesn't support PCIe ASPM, so disable it
[    0.109384] ACPI: bus type PCI registered
[    0.109423] acpiphp: ACPI Hot Plug PCI Controller Driver version: 0.5
[    0.109466] device class 'dmi': registering
[    0.109513] device: 'id': device_add
[    0.110128] PCI: MMCONFIG for domain 0000 [bus 00-3f] at [mem 0xf8000000-0xfbffffff] (base 0xf8000000)
[    0.110175] PCI: not using MMCONFIG
[    0.110213] PCI: Using configuration type 1 for base access
[    0.110251] PCI: Using configuration type 1 for extended access
[    0.110426] device: 'node0': device_add
[    0.110513] bus: 'node': add device node0
[    0.110585] device: 'cpu0': device_add
[    0.110625] bus: 'cpu': add device cpu0
[    0.110703] device: 'cpu1': device_add
[    0.110744] bus: 'cpu': add device cpu1
[    0.110823] device: 'cpu2': device_add
[    0.110898] bus: 'cpu': add device cpu2
[    0.110973] device: 'cpu3': device_add
[    0.111063] bus: 'cpu': add device cpu3
[    0.120087] device: 'writeback': device_add
[    0.120176] bus: 'workqueue': add device writeback
[    0.120273] device: 'default': device_add
[    0.120486] device class 'block': registering
[    0.120486] ACPI: Added _OSI(Module Device)
[    0.120486] ACPI: Added _OSI(Processor Device)
[    0.120486] ACPI: Added _OSI(3.0 _SCP Extensions)
[    0.120486] ACPI: Added _OSI(Processor Aggregator Device)
[    0.124299] 
**** Context Switch from TID 4294967295 to TID 137625600 ****

[    0.124400]     utils-0051 util_eval_error       : Evaluate [\_SB_.PCI0.LPC0.EC0_._GLK]: AE_NOT_FOUND
[    0.124903] Executing  Method       \_SB_.PCI0.LPC0.EC0_._REG
[    0.125769] Executing  Method       \_SB_.PCI0.LPC0.EC0_._REG
[    0.125947] Executing  Method       \_SB_.PCI0.LPC0.EC0_._REG
[    0.126129] Executing  Method       \_SB_.PCI0.LPC0.EC0_._REG
[    0.129361] Initializing Region       \_SB_.OSTY
[    0.129547] Initializing Region       \_SB_.PCI0.NBMS
[    0.129674] Initializing Region       \_SB_.PCI0.NBXP
[    0.129803] Initializing Region       \_SB_.PCI0.K8ST
[    0.129967] Initializing Region       \_SB_.PCI0.BAR1
[    0.130104] Initializing Region       \_SB_.PCI0.PB2_.XPEX
[    0.130230] Initializing Region       \_SB_.PCI0.PB2_.PCFG
[    0.130356] Initializing Region       \_SB_.PCI0.PB2_.XPCB
[    0.130483] Initializing Region       \_SB_.PCI0.PB2_.XPRI
[    0.130613] Initializing Region       \_SB_.PCI0.PB2_.VGA_.PCFG
[    0.130798] Initializing Region       \_SB_.PCI0.PB2_.HDAU.PCFG
[    0.130953] Initializing Region       \_SB_.PCI0.PB3_.XPEX
[    0.131078] Initializing Region       \_SB_.PCI0.PB3_.PCFG
[    0.131203] Initializing Region       \_SB_.PCI0.PB3_.XPCB
[    0.131331] Initializing Region       \_SB_.PCI0.PB3_.XPRI
[    0.131461] Initializing Region       \_SB_.PCI0.PB3_.VGA_.PCFG
[    0.131625] Initializing Region       \_SB_.PCI0.PB3_.HDAU.PCFG
[    0.131774] Initializing Region       \_SB_.PCI0.PB4_.XPEX
[    0.131899] Initializing Region       \_SB_.PCI0.PB4_.PCFG
[    0.132025] Initializing Region       \_SB_.PCI0.PB4_.XPCB
[    0.132152] Initializing Region       \_SB_.PCI0.PB4_.XPRI
[    0.132282] Initializing Region       \_SB_.PCI0.PB4_.XPDV.PCFG
[    0.132422] Initializing Region       \_SB_.PCI0.PB5_.XPEX
[    0.132548] Initializing Region       \_SB_.PCI0.PB5_.PCFG
[    0.132673] Initializing Region       \_SB_.PCI0.PB5_.XPCB
[    0.132799] Initializing Region       \_SB_.PCI0.PB5_.XPRI
[    0.132929] Initializing Region       \_SB_.PCI0.PB5_.XPDV.PCFG
[    0.133059] Initializing Region       \_SB_.PCI0.PB6_.XPEX
[    0.133174] Initializing Region       \_SB_.PCI0.PB6_.PCFG
[    0.133290] Initializing Region       \_SB_.PCI0.PB6_.XPCB
[    0.133415] Initializing Region       \_SB_.PCI0.PB6_.XPRI
[    0.133538] Initializing Region       \_SB_.PCI0.PB6_.XPDV.PCFG
[    0.133669] Initializing Region       \_SB_.PCI0.PB7_.XPEX
[    0.133785] Initializing Region       \_SB_.PCI0.PB7_.PCFG
[    0.133901] Initializing Region       \_SB_.PCI0.PB7_.XPCB
[    0.134019] Initializing Region       \_SB_.PCI0.PB7_.XPRI
[    0.134131] Initializing Region       \_SB_.PCI0.PB7_.XPDV.PCFG
[    0.134450] Initializing Region       \_SB_.PCI0.SATC
[    0.134613] Initializing Region       \_SB_.PCI0.RMEM
[    0.134758] Initializing Region       \_SB_.PCI0.SATA.SATX
[    0.134882] Initializing Region       \_SB_.PCI0.SATA.BAR5
[    0.146846] Initializing Region       \_SB_.PCI0.SMB_.SBRV
[    0.147021] Initializing Region       \_SB_.PCI0.SMB_.PMIO
[    0.147138] Initializing Region       \_SB_.PCI0.SMB_.ERMM
[    0.147338] Initializing Region       \_SB_.PCI0.SMB_.P1E0
[    0.147479] Initializing Region       \_SB_.PCI0.SMB_.ABIO
[    0.147596] Initializing Region       \_SB_.PCI0.SMB_.SMB0
[    0.147715] Initializing Region       \_SB_.PCI0.LPC0.PIRQ
[    0.147863] Initializing Region       \_SB_.PCI0.LPC0.LPCR
[    0.148072] Initializing Region       \_SB_.PCI0.LPC0.LPCS
[    0.148241] Initializing Region       \_SB_.PCI0.LPC0.SMI0
[    0.148355] Initializing Region       \_SB_.PCI0.LPC0.SMI1
[    0.148476] Initializing Region       \_SB_.PCI0.LPC0.EC0_.ECO1
[    0.148591] Initializing Region       \_SB_.PCI0.LPC0.EC0_.ECO2
[    0.148706] Initializing Region       \_SB_.PCI0.LPC0.EC0_.ECMB
[    0.148821] Initializing Region       \_SB_.PCI0.LPC0.EC0_.RAM_
[    0.149004] Initializing Region       \_SB_.PCI0.LPC0.EC0_.CMOS
[    0.149148] Initializing Region       \_SB_.PCI0.LPC0.EC0_.VPC0.ERAM
[    0.150050] Initializing Region       \_SB_.PCI0.SPB0.PCFG
[    0.150166] Initializing Region       \_SB_.PCI0.SPB0.XPCB
[    0.150292] Initializing Region       \_SB_.PCI0.SPB0.XPDV.PCFG
[    0.150430] Initializing Region       \_SB_.PCI0.SPB1.PCFG
[    0.150556] Initializing Region       \_SB_.PCI0.SPB1.XPCB
[    0.150685] Initializing Region       \_SB_.PCI0.SPB1.XPDV.PCFG
[    0.150823] Initializing Region       \_SB_.PCI0.SPB2.PCFG
[    0.150944] Initializing Region       \_SB_.PCI0.SPB2.XPCB
[    0.151062] Initializing Region       \_SB_.PCI0.SPB2.XPDV.PCFG
[    0.151185] Initializing Region       \_SB_.PCI0.SPB3.PCFG
[    0.151308] Initializing Region       \_SB_.PCI0.SPB3.XPCB
[    0.151437] Initializing Region       \_SB_.PCI0.SPB3.XPDV.PCFG
[    0.151725] Initializing Region       \_SB_.PCI0.VGA_.REVD
[    0.152068] Initializing BufferField  \_SB_.AMW0.WLID
[    0.152580] Initializing Region       \DEB2
[    0.153395] Initializing Region       \PMIO
[    0.153520] Initializing Region       \P01_
[    0.153671] Initializing Region       \CNVS
[    0.153798] Initializing Region       \SPRT
[    0.153922] Initializing Region       \CMIO
[    0.154177] Executing  Method       \_SB_._STA
[    0.154375] Executing  Method       \_SB_._INI
[    0.154523] Executing  Method       \_SB_.PCI0._STA
[    0.154672] Executing  Method       \_SB_.PCI0._INI
[    0.154983] [Firmware Bug]: ACPI: BIOS _OSI(Linux) query ignored
[    0.155499] Executing  Method       \_SB_.PCI0.SATA._STA
[    0.155695] Executing  Method       \_SB_.PCI0.SATA._INI
[    0.156702] Executing  Method       \_SB_.PCI0.LPC0.EC0_._REG
[    0.183399] ACPI: Interpreter enabled
[    0.183502] ACPI: (supports S0 S5)
[    0.183543] ACPI: Using IOAPIC for interrupt routing
[    0.183775] PCI: MMCONFIG for domain 0000 [bus 00-3f] at [mem 0xf8000000-0xfbffffff] (base 0xf8000000)
[    0.186764] PCI: MMCONFIG at [mem 0xf8000000-0xfbffffff] reserved in ACPI motherboard resources
[    0.187021] bus: 'acpi': registered
[    0.187116] PCI: Using host bridge windows from ACPI; if necessary, use "pci=nocrs" and report a bug
[    0.187170]      scan-1133 get_device_data       : No context for object [ffffffffffffffff]
[    0.187288]     utils-0051 util_eval_error       : Evaluate [\._STA]: AE_NOT_FOUND
[    0.187412] device: 'LNXSYSTM:00': device_add
[    0.187456] bus: 'acpi': add device LNXSYSTM:00
[    0.187515]     utils-0051 util_eval_error       : Evaluate [\._SUN]: AE_NOT_FOUND
[    0.187645]      scan-1922 add_single_object     : Added LNXSYSTM:00 [\] parent (null)
[    0.187774]      scan-1133 get_device_data       : No context for object [ffff88040d81d000]
[    0.187892]      scan-1133 get_device_data       : No context for object [ffff88040d8377d0]
[    0.188012]      scan-1133 get_device_data       : No context for object [ffff88040d8377f8]
[    0.188131]      scan-1133 get_device_data       : No context for object [ffff88040d837820]
[    0.188243]      scan-1133 get_device_data       : No context for object [ffff88040d837848]
[    0.188350]      scan-1133 get_device_data       : No context for object [ffff88040d837870]
[    0.188454]      scan-1133 get_device_data       : No context for object [ffff88040d837898]
[    0.188559]      scan-1133 get_device_data       : No context for object [ffff88040d8378c0]
[    0.188666]      scan-1133 get_device_data       : No context for object [ffff88040d8378e8]
[    0.188775]      scan-1133 get_device_data       : No context for object [ffff88040d839398]
[    0.188883]      scan-1133 get_device_data       : No context for object [ffff88040d81d028]
[    0.188992]      scan-1133 get_device_data       : No context for object [ffff88040d81d168]
[    0.189101]     utils-0051 util_eval_error       : Evaluate [\_PR_.C000._STA]: AE_NOT_FOUND
[    0.189207]      scan-1133 get_device_data       : No context for object [ffff88040d81d028]
[    0.189316] device: 'LNXCPU:00': device_add
[    0.189354] bus: 'acpi': add device LNXCPU:00
[    0.189401]     utils-0051 util_eval_error       : Evaluate [\_PR_.C000._SUN]: AE_NOT_FOUND
[    0.189512]      scan-1922 add_single_object     : Added LNXCPU:00 [\_PR_.C000] parent LNXSYSTM:00
[    0.189624]      scan-1133 get_device_data       : No context for object [ffff88040d83c398]
[    0.189733]      scan-1133 get_device_data       : No context for object [ffff88040d83c3c0]
[    0.189840]      scan-1133 get_device_data       : No context for object [ffff88040d83c3e8]
[    0.189948]      scan-1133 get_device_data       : No context for object [ffff88040d83c410]
[    0.190042]      scan-1133 get_device_data       : No context for object [ffff88040d83c438]
[    0.190148]      scan-1133 get_device_data       : No context for object [ffff88040d83c460]
[    0.190251]      scan-1133 get_device_data       : No context for object [ffff88040d81d190]
[    0.190354]     utils-0051 util_eval_error       : Evaluate [\_PR_.C001._STA]: AE_NOT_FOUND
[    0.190457]      scan-1133 get_device_data       : No context for object [ffff88040d81d028]
[    0.190571] device: 'LNXCPU:01': device_add
[    0.190612] bus: 'acpi': add device LNXCPU:01
[    0.190665]     utils-0051 util_eval_error       : Evaluate [\_PR_.C001._SUN]: AE_NOT_FOUND
[    0.190782]      scan-1922 add_single_object     : Added LNXCPU:01 [\_PR_.C001] parent LNXSYSTM:00
[    0.190894]      scan-1133 get_device_data       : No context for object [ffff88040d83c488]
[    0.191001]      scan-1133 get_device_data       : No context for object [ffff88040d83c4b0]
[    0.191108]      scan-1133 get_device_data       : No context for object [ffff88040d83c4d8]
[    0.191215]      scan-1133 get_device_data       : No context for object [ffff88040d83c500]
[    0.191317]      scan-1133 get_device_data       : No context for object [ffff88040d83c528]
[    0.191420]      scan-1133 get_device_data       : No context for object [ffff88040d83c550]
[    0.191523]      scan-1133 get_device_data       : No context for object [ffff88040d81d1b8]
[    0.191631]     utils-0051 util_eval_error       : Evaluate [\_PR_.C002._STA]: AE_NOT_FOUND
[    0.191739]      scan-1133 get_device_data       : No context for object [ffff88040d81d028]
[    0.191855] device: 'LNXCPU:02': device_add
[    0.191896] bus: 'acpi': add device LNXCPU:02
[    0.191949]     utils-0051 util_eval_error       : Evaluate [\_PR_.C002._SUN]: AE_NOT_FOUND
[    0.192066]      scan-1922 add_single_object     : Added LNXCPU:02 [\_PR_.C002] parent LNXSYSTM:00
[    0.192179]      scan-1133 get_device_data       : No context for object [ffff88040d83c578]
[    0.192284]      scan-1133 get_device_data       : No context for object [ffff88040d83c5a0]
[    0.192387]      scan-1133 get_device_data       : No context for object [ffff88040d83c5c8]
[    0.192489]      scan-1133 get_device_data       : No context for object [ffff88040d83c5f0]
[    0.192592]      scan-1133 get_device_data       : No context for object [ffff88040d83c618]
[    0.192700]      scan-1133 get_device_data       : No context for object [ffff88040d83c640]
[    0.192807]      scan-1133 get_device_data       : No context for object [ffff88040d81d1e0]
[    0.192917]     utils-0051 util_eval_error       : Evaluate [\_PR_.C003._STA]: AE_NOT_FOUND
[    0.193026]      scan-1133 get_device_data       : No context for object [ffff88040d81d028]
[    0.193143] device: 'LNXCPU:03': device_add
[    0.193183] bus: 'acpi': add device LNXCPU:03
[    0.193233]     utils-0051 util_eval_error       : Evaluate [\_PR_.C003._SUN]: AE_NOT_FOUND
[    0.193342]      scan-1922 add_single_object     : Added LNXCPU:03 [\_PR_.C003] parent LNXSYSTM:00
[    0.193448]      scan-1133 get_device_data       : No context for object [ffff88040d83c668]
[    0.193550]      scan-1133 get_device_data       : No context for object [ffff88040d83c690]
[    0.193656]      scan-1133 get_device_data       : No context for object [ffff88040d83c6b8]
[    0.193764]      scan-1133 get_device_data       : No context for object [ffff88040d83c6e0]
[    0.193871]      scan-1133 get_device_data       : No context for object [ffff88040d83c708]
[    0.193979]      scan-1133 get_device_data       : No context for object [ffff88040d83c730]
[    0.194087]      scan-1133 get_device_data       : No context for object [ffff88040d81d050]
[    0.194197]     utils-0051 util_eval_error       : Evaluate [\_SB_._STA]: AE_NOT_FOUND
[    0.194332] device: 'LNXSYBUS:00': device_add
[    0.194369] bus: 'acpi': add device LNXSYBUS:00
[    0.194415]     utils-0051 util_eval_error       : Evaluate [\_SB_._SUN]: AE_NOT_FOUND
[    0.194524]      scan-1922 add_single_object     : Added LNXSYBUS:00 [\_SB_] parent LNXSYSTM:00
[    0.194641]      scan-1133 get_device_data       : No context for object [ffff88040d81d3c0]
[    0.194749]      scan-1133 get_device_data       : No context for object [ffff88040d81d3e8]
[    0.195873]      scan-1133 get_device_data       : No context for object [ffff88040d81d410]
[    0.195981]      scan-1133 get_device_data       : No context for object [ffff88040d81d438]
[    0.196089]      scan-1133 get_device_data       : No context for object [ffff88040d81d460]
[    0.196197]      scan-1133 get_device_data       : No context for object [ffff88040d81d488]
[    0.196300]      scan-1133 get_device_data       : No context for object [ffff88040d81d4b0]
[    0.196402]      scan-1133 get_device_data       : No context for object [ffff88040d81d5a0]
[    0.196507]     utils-0051 util_eval_error       : Evaluate [\_SB_.PWRB._STA]: AE_NOT_FOUND
[    0.196639] device: 'PNP0C0C:00': device_add
[    0.196673] bus: 'acpi': add device PNP0C0C:00
[    0.196726]     utils-0051 util_eval_error       : Evaluate [\_SB_.PWRB._SUN]: AE_NOT_FOUND
[    0.196844]      scan-1922 add_single_object     : Added PNP0C0C:00 [\_SB_.PWRB] parent LNXSYBUS:00
[    0.196962]      scan-1133 get_device_data       : No context for object [ffff88040d81d5c8]
[    0.197070]      scan-1133 get_device_data       : No context for object [ffff88040d81d5f0]
[    0.197180]     utils-0051 util_eval_error       : Evaluate [\_SB_.PCI0._STA]: AE_NOT_FOUND
[    0.197320] device: 'PNP0A08:00': device_add
[    0.197359] bus: 'acpi': add device PNP0A08:00
[    0.197407]     utils-0051 util_eval_error       : Evaluate [\_SB_.PCI0._SUN]: AE_NOT_FOUND
[    0.197516]      scan-1922 add_single_object     : Added PNP0A08:00 [\_SB_.PCI0] parent LNXSYBUS:00
[    0.197633]      scan-1133 get_device_data       : No context for object [ffff88040d81d618]
[    0.197741]      scan-1133 get_device_data       : No context for object [ffff88040d81d640]
[    0.197849]      scan-1133 get_device_data       : No context for object [ffff88040d81d668]
[    0.197956]      scan-1133 get_device_data       : No context for object [ffff88040d81d690]
[    0.198064]      scan-1133 get_device_data       : No context for object [ffff88040d81d6b8]
[    0.198172]      scan-1133 get_device_data       : No context for object [ffff88040d81d6e0]
[    0.198278]      scan-1133 get_device_data       : No context for object [ffff88040d81d708]
[    0.198380]      scan-1133 get_device_data       : No context for object [ffff88040d81d730]
[    0.198483]      scan-1133 get_device_data       : No context for object [ffff88040d81d758]
[    0.198586]      scan-1133 get_device_data       : No context for object [ffff88040d81d780]
[    0.198693]      scan-1133 get_device_data       : No context for object [ffff88040d81d7a8]
[    0.198801]      scan-1133 get_device_data       : No context for object [ffff88040d81d7d0]
[    0.198909]      scan-1133 get_device_data       : No context for object [ffff88040d81d7f8]
[    0.199017]      scan-1133 get_device_data       : No context for object [ffff88040d81d820]
[    0.199124]      scan-1133 get_device_data       : No context for object [ffff88040d81d848]
[    0.199232]      scan-1133 get_device_data       : No context for object [ffff88040d81d870]
[    0.199335]      scan-1133 get_device_data       : No context for object [ffff88040d81d898]
[    0.199438]      scan-1133 get_device_data       : No context for object [ffff88040d81d8c0]
[    0.199540]      scan-1133 get_device_data       : No context for object [ffff88040d81d8e8]
[    0.199644]      scan-1133 get_device_data       : No context for object [ffff88040d81d910]
[    0.199752]      scan-1133 get_device_data       : No context for object [ffff88040d81d938]
[    0.199860]      scan-1133 get_device_data       : No context for object [ffff88040d81d960]
[    0.200003]      scan-1133 get_device_data       : No context for object [ffff88040d81d988]
[    0.200111]      scan-1133 get_device_data       : No context for object [ffff88040d81d9b0]
[    0.200219]      scan-1133 get_device_data       : No context for object [ffff88040d81d9d8]
[    0.200326]      scan-1133 get_device_data       : No context for object [ffff88040d81da00]
[    0.200429]      scan-1133 get_device_data       : No context for object [ffff88040d81da28]
[    0.200532]      scan-1133 get_device_data       : No context for object [ffff88040d81da50]
[    0.200635]      scan-1133 get_device_data       : No context for object [ffff88040d81da78]
[    0.200740]      scan-1133 get_device_data       : No context for object [ffff88040d81daa0]
[    0.200848]      scan-1133 get_device_data       : No context for object [ffff88040d81dac8]
[    0.200956]      scan-1133 get_device_data       : No context for object [ffff88040d81daf0]
[    0.201064]      scan-1133 get_device_data       : No context for object [ffff88040d81db18]
[    0.201171]      scan-1133 get_device_data       : No context for object [ffff88040d81db40]
[    0.201279]      scan-1133 get_device_data       : No context for object [ffff88040d81db68]
[    0.201384]      scan-1133 get_device_data       : No context for object [ffff88040d81db90]
[    0.201486]      scan-1133 get_device_data       : No context for object [ffff88040d81dbb8]
[    0.201589]      scan-1133 get_device_data       : No context for object [ffff88040d81dbe0]
[    0.201692]      scan-1133 get_device_data       : No context for object [ffff88040d81dc08]
[    0.201799]      scan-1133 get_device_data       : No context for object [ffff88040d81dc30]
[    0.201906]      scan-1133 get_device_data       : No context for object [ffff88040d81dc58]
[    0.202014]      scan-1133 get_device_data       : No context for object [ffff88040d81dc80]
[    0.202122]      scan-1133 get_device_data       : No context for object [ffff88040d81dca8]
[    0.202230]      scan-1133 get_device_data       : No context for object [ffff88040d81dcd0]
[    0.202337]      scan-1133 get_device_data       : No context for object [ffff88040d81dcf8]
[    0.202441]      scan-1133 get_device_data       : No context for object [ffff88040d81dd20]
[    0.202543]      scan-1133 get_device_data       : No context for object [ffff88040d81dd48]
[    0.202646]      scan-1133 get_device_data       : No context for object [ffff88040d81dd70]
[    0.202749]      scan-1133 get_device_data       : No context for object [ffff88040d81dd98]
[    0.202857]      scan-1133 get_device_data       : No context for object [ffff88040d81ddc0]
[    0.202965]      scan-1133 get_device_data       : No context for object [ffff88040d81dde8]
[    0.203073]      scan-1133 get_device_data       : No context for object [ffff88040d81de10]
[    0.203181]      scan-1133 get_device_data       : No context for object [ffff88040d81de38]
[    0.203288]      scan-1133 get_device_data       : No context for object [ffff88040d81de60]
[    0.203372]      scan-1133 get_device_data       : No context for object [ffff88040d81de88]
[    0.203475]      scan-1133 get_device_data       : No context for object [ffff88040d81deb0]
[    0.203577]      scan-1133 get_device_data       : No context for object [ffff88040d81ded8]
[    0.203681]      scan-1133 get_device_data       : No context for object [ffff88040d81df00]
[    0.203788]      scan-1133 get_device_data       : No context for object [ffff88040d81df28]
[    0.203897]      scan-1133 get_device_data       : No context for object [ffff88040d81df50]
[    0.204003]      scan-1133 get_device_data       : No context for object [ffff88040d81df78]
[    0.204110]      scan-1133 get_device_data       : No context for object [ffff88040d81dfa0]
[    0.204217]      scan-1133 get_device_data       : No context for object [ffff88040d81dfc8]
[    0.204325]      scan-1133 get_device_data       : No context for object [ffff88040d822000]
[    0.204427]      scan-1133 get_device_data       : No context for object [ffff88040d822028]
[    0.204530]     utils-0051 util_eval_error       : Evaluate [\_SB_.PCI0.MEMR._STA]: AE_NOT_FOUND
[    0.204653] device: 'PNP0C02:00': device_add
[    0.204691] bus: 'acpi': add device PNP0C02:00
[    0.204743]     utils-0051 util_eval_error       : Evaluate [\_SB_.PCI0.MEMR._SUN]: AE_NOT_FOUND
[    0.204860]      scan-1922 add_single_object     : Added PNP0C02:00 [\_SB_.PCI0.MEMR] parent PNP0A08:00
[    0.204975]      scan-1133 get_device_data       : No context for object [ffff88040d822050]
[    0.205084]      scan-1133 get_device_data       : No context for object [ffff88040d822078]
[    0.205191]      scan-1133 get_device_data       : No context for object [ffff88040d8220a0]
[    0.205298]      scan-1133 get_device_data       : No context for object [ffff88040d8220c8]
[    0.205403]      scan-1133 get_device_data       : No context for object [ffff88040d8220f0]
[    0.206476]      scan-1133 get_device_data       : No context for object [ffff88040d822118]
[    0.206579]      scan-1133 get_device_data       : No context for object [ffff88040d822140]
[    0.206705]      scan-1133 get_device_data       : No context for object [ffff88040d822168]
[    0.206810]      scan-1133 get_device_data       : No context for object [ffff88040d822190]
[    0.206919]      scan-1133 get_device_data       : No context for object [ffff88040d8221b8]
[    0.207027]      scan-1133 get_device_data       : No context for object [ffff88040d8221e0]
[    0.207136]      scan-1133 get_device_data       : No context for object [ffff88040d822208]
[    0.207244]      scan-1133 get_device_data       : No context for object [ffff88040d822230]
[    0.207350]      scan-1133 get_device_data       : No context for object [ffff88040d822258]
[    0.207458]      scan-1133 get_device_data       : No context for object [ffff88040d822280]
[    0.207561]      scan-1133 get_device_data       : No context for object [ffff88040d8222a8]
[    0.207665]     utils-0051 util_eval_error       : Evaluate [\_SB_.PCI0.PB2_._STA]: AE_NOT_FOUND
[    0.207812] device: 'device:00': device_add
[    0.207854] bus: 'acpi': add device device:00
[    0.207910]     utils-0051 util_eval_error       : Evaluate [\_SB_.PCI0.PB2_._SUN]: AE_NOT_FOUND
[    0.208028]      scan-1922 add_single_object     : Added device:00 [\_SB_.PCI0.PB2_] parent PNP0A08:00
[    0.208141]      scan-1133 get_device_data       : No context for object [ffff88040d8222d0]
[    0.208250]      scan-1133 get_device_data       : No context for object [ffff88040d8222f8]
[    0.208358]      scan-1133 get_device_data       : No context for object [ffff88040d822320]
[    0.208464]      scan-1133 get_device_data       : No context for object [ffff88040d822348]
[    0.208567]      scan-1133 get_device_data       : No context for object [ffff88040d822370]
[    0.208670]      scan-1133 get_device_data       : No context for object [ffff88040d822398]
[    0.208773]      scan-1133 get_device_data       : No context for object [ffff88040d8223c0]
[    0.208880]      scan-1133 get_device_data       : No context for object [ffff88040d8223e8]
[    0.208988]      scan-1133 get_device_data       : No context for object [ffff88040d822410]
[    0.209096]      scan-1133 get_device_data       : No context for object [ffff88040d822438]
[    0.209204]      scan-1133 get_device_data       : No context for object [ffff88040d822460]
[    0.209313]      scan-1133 get_device_data       : No context for object [ffff88040d822488]
[    0.209421]      scan-1133 get_device_data       : No context for object [ffff88040d8224b0]
[    0.209526]      scan-1133 get_device_data       : No context for object [ffff88040d8224d8]
[    0.209629]      scan-1133 get_device_data       : No context for object [ffff88040d822500]
[    0.209732]      scan-1133 get_device_data       : No context for object [ffff88040d822528]
[    0.209835]      scan-1133 get_device_data       : No context for object [ffff88040d822550]
[    0.209943]      scan-1133 get_device_data       : No context for object [ffff88040d822578]
[    0.210042]      scan-1133 get_device_data       : No context for object [ffff88040d8225a0]
[    0.210150]      scan-1133 get_device_data       : No context for object [ffff88040d8225c8]
[    0.210258]      scan-1133 get_device_data       : No context for object [ffff88040d8225f0]
[    0.210366]      scan-1133 get_device_data       : No context for object [ffff88040d822618]
[    0.210473]      scan-1133 get_device_data       : No context for object [ffff88040d822640]
[    0.210576]      scan-1133 get_device_data       : No context for object [ffff88040d822668]
[    0.210679]      scan-1133 get_device_data       : No context for object [ffff88040d822690]
[    0.210782]      scan-1133 get_device_data       : No context for object [ffff88040d8226b8]
[    0.210887]      scan-1133 get_device_data       : No context for object [ffff88040d8226e0]
[    0.210994]      scan-1133 get_device_data       : No context for object [ffff88040d822708]
[    0.211102]      scan-1133 get_device_data       : No context for object [ffff88040d822730]
[    0.211210]      scan-1133 get_device_data       : No context for object [ffff88040d822758]
[    0.211318]      scan-1133 get_device_data       : No context for object [ffff88040d822780]
[    0.211428]     utils-0051 util_eval_error       : Evaluate [\_SB_.PCI0.PB2_.VGA_._STA]: AE_NOT_FOUND
[    0.211558] device: 'device:01': device_add
[    0.211596] bus: 'acpi': add device device:01
[    0.211641]     utils-0051 util_eval_error       : Evaluate [\_SB_.PCI0.PB2_.VGA_._SUN]: AE_NOT_FOUND
[    0.211751]      scan-1922 add_single_object     : Added device:01 [\_SB_.PCI0.PB2_.VGA_] parent device:00
[    0.211862]      scan-1133 get_device_data       : No context for object [ffff88040d8227a8]
[    0.211971]      scan-1133 get_device_data       : No context for object [ffff88040d8227d0]
[    0.212079]      scan-1133 get_device_data       : No context for object [ffff88040d8227f8]
[    0.212187]      scan-1133 get_device_data       : No context for object [ffff88040d822820]
[    0.212295]      scan-1133 get_device_data       : No context for object [ffff88040d822848]
[    0.212403]      scan-1133 get_device_data       : No context for object [ffff88040d822870]
[    0.212510]      scan-1133 get_device_data       : No context for object [ffff88040d822898]
[    0.212613]      scan-1133 get_device_data       : No context for object [ffff88040d8228c0]
[    0.212716]      scan-1133 get_device_data       : No context for object [ffff88040d8228e8]
[    0.212819]      scan-1133 get_device_data       : No context for object [ffff88040d822910]
[    0.212926]      scan-1133 get_device_data       : No context for object [ffff88040d822938]
[    0.213033]      scan-1133 get_device_data       : No context for object [ffff88040d822960]
[    0.213141]      scan-1133 get_device_data       : No context for object [ffff88040d822988]
[    0.213249]      scan-1133 get_device_data       : No context for object [ffff88040d8229b0]
[    0.213337]      scan-1133 get_device_data       : No context for object [ffff88040d8229d8]
[    0.213446]      scan-1133 get_device_data       : No context for object [ffff88040d822a00]
[    0.213549]      scan-1133 get_device_data       : No context for object [ffff88040d822a28]
[    0.213652]      scan-1133 get_device_data       : No context for object [ffff88040d822a50]
[    0.213755]      scan-1133 get_device_data       : No context for object [ffff88040d822a78]
[    0.213858]      scan-1133 get_device_data       : No context for object [ffff88040d822aa0]
[    0.213966]      scan-1133 get_device_data       : No context for object [ffff88040d822ac8]
[    0.214074]      scan-1133 get_device_data       : No context for object [ffff88040d822af0]
[    0.214182]      scan-1133 get_device_data       : No context for object [ffff88040d822b18]
[    0.214290]      scan-1133 get_device_data       : No context for object [ffff88040d822b40]
[    0.214398]      scan-1133 get_device_data       : No context for object [ffff88040d822b68]
[    0.214504]      scan-1133 get_device_data       : No context for object [ffff88040d822b90]
[    0.214606]      scan-1133 get_device_data       : No context for object [ffff88040d822bb8]
[    0.214710]      scan-1133 get_device_data       : No context for object [ffff88040d822be0]
[    0.214812]      scan-1133 get_device_data       : No context for object [ffff88040d822c08]
[    0.214919]      scan-1133 get_device_data       : No context for object [ffff88040d822c30]
[    0.215026]      scan-1133 get_device_data       : No context for object [ffff88040d822c58]
[    0.215134]      scan-1133 get_device_data       : No context for object [ffff88040d822c80]
[    0.215242]      scan-1133 get_device_data       : No context for object [ffff88040d822ca8]
[    0.215350]      scan-1133 get_device_data       : No context for object [ffff88040d822cd0]
[    0.215458]      scan-1133 get_device_data       : No context for object [ffff88040d822cf8]
[    0.215562]      scan-1133 get_device_data       : No context for object [ffff88040d822d20]
[    0.215665]      scan-1133 get_device_data       : No context for object [ffff88040d822d48]
[    0.215768]      scan-1133 get_device_data       : No context for object [ffff88040d822d70]
[    0.215871]      scan-1133 get_device_data       : No context for object [ffff88040d822d98]
[    0.215978]      scan-1133 get_device_data       : No context for object [ffff88040d837438]
[    0.216670]      scan-1133 get_device_data       : No context for object [ffff88040d822dc0]
[    0.216780]     utils-0051 util_eval_error       : Evaluate [\_SB_.PCI0.PB2_.HDAU._STA]: AE_NOT_FOUND
[    0.216923] device: 'device:02': device_add
[    0.216965] bus: 'acpi': add device device:02
[    0.217017]     utils-0051 util_eval_error       : Evaluate [\_SB_.PCI0.PB2_.HDAU._SUN]: AE_NOT_FOUND
[    0.217129]      scan-1922 add_single_object     : Added device:02 [\_SB_.PCI0.PB2_.HDAU] parent device:00
[    0.217235]      scan-1133 get_device_data       : No context for object [ffff88040d822de8]
[    0.217338]      scan-1133 get_device_data       : No context for object [ffff88040d822e10]
[    0.217442]      scan-1133 get_device_data       : No context for object [ffff88040d822e38]
[    0.217549]      scan-1133 get_device_data       : No context for object [ffff88040d822e60]
[    0.217657]      scan-1133 get_device_data       : No context for object [ffff88040d822e88]
[    0.217765]      scan-1133 get_device_data       : No context for object [ffff88040d822eb0]
[    0.217873]      scan-1133 get_device_data       : No context for object [ffff88040d822ed8]
[    0.217983]     utils-0051 util_eval_error       : Evaluate [\_SB_.PCI0.PB3_._STA]: AE_NOT_FOUND
[    0.218122] device: 'device:03': device_add
[    0.218160] bus: 'acpi': add device device:03
[    0.218206]     utils-0051 util_eval_error       : Evaluate [\_SB_.PCI0.PB3_._SUN]: AE_NOT_FOUND
[    0.218316]      scan-1922 add_single_object     : Added device:03 [\_SB_.PCI0.PB3_] parent PNP0A08:00
[    0.218422]      scan-1133 get_device_data       : No context for object [ffff88040d822f00]
[    0.218531]      scan-1133 get_device_data       : No context for object [ffff88040d822f28]
[    0.218639]      scan-1133 get_device_data       : No context for object [ffff88040d822f50]
[    0.218747]      scan-1133 get_device_data       : No context for object [ffff88040d822f78]
[    0.218855]      scan-1133 get_device_data       : No context for object [ffff88040d822fa0]
[    0.218963]      scan-1133 get_device_data       : No context for object [ffff88040d822fc8]
[    0.219069]      scan-1133 get_device_data       : No context for object [ffff88040d823000]
[    0.219172]      scan-1133 get_device_data       : No context for object [ffff88040d823028]
[    0.219275]      scan-1133 get_device_data       : No context for object [ffff88040d823050]
[    0.219378]      scan-1133 get_device_data       : No context for object [ffff88040d823078]
[    0.220003]      scan-1133 get_device_data       : No context for object [ffff88040d8230a0]
[    0.220112]      scan-1133 get_device_data       : No context for object [ffff88040d8230c8]
[    0.220220]      scan-1133 get_device_data       : No context for object [ffff88040d8230f0]
[    0.220327]      scan-1133 get_device_data       : No context for object [ffff88040d823118]
[    0.220434]      scan-1133 get_device_data       : No context for object [ffff88040d823140]
[    0.220542]      scan-1133 get_device_data       : No context for object [ffff88040d823168]
[    0.220645]      scan-1133 get_device_data       : No context for object [ffff88040d823190]
[    0.220749]      scan-1133 get_device_data       : No context for object [ffff88040d8231b8]
[    0.220853]      scan-1133 get_device_data       : No context for object [ffff88040d8231e0]
[    0.220957]      scan-1133 get_device_data       : No context for object [ffff88040d823208]
[    0.221063]      scan-1133 get_device_data       : No context for object [ffff88040d823230]
[    0.221170]      scan-1133 get_device_data       : No context for object [ffff88040d823258]
[    0.221277]      scan-1133 get_device_data       : No context for object [ffff88040d823280]
[    0.221385]      scan-1133 get_device_data       : No context for object [ffff88040d8232a8]
[    0.221492]      scan-1133 get_device_data       : No context for object [ffff88040d8232d0]
[    0.221601]      scan-1133 get_device_data       : No context for object [ffff88040d8232f8]
[    0.221703]      scan-1133 get_device_data       : No context for object [ffff88040d823320]
[    0.221805]      scan-1133 get_device_data       : No context for object [ffff88040d823348]
[    0.221907]      scan-1133 get_device_data       : No context for object [ffff88040d823370]
[    0.222009]      scan-1133 get_device_data       : No context for object [ffff88040d823398]
[    0.222117]      scan-1133 get_device_data       : No context for object [ffff88040d8233c0]
[    0.222227]     utils-0051 util_eval_error       : Evaluate [\_SB_.PCI0.PB3_.VGA_._STA]: AE_NOT_FOUND
[    0.222366]     video-0058 backlight_cap_match   : Found generic backlight support
[    0.222486] device: 'LNXVIDEO:00': device_add
[    0.222527] bus: 'acpi': add device LNXVIDEO:00
[    0.222583]     utils-0051 util_eval_error       : Evaluate [\_SB_.PCI0.PB3_.VGA_._SUN]: AE_NOT_FOUND
[    0.222696]      scan-1922 add_single_object     : Added LNXVIDEO:00 [\_SB_.PCI0.PB3_.VGA_] parent device:03
[    0.222805]      scan-1133 get_device_data       : No context for object [ffff88040d8233e8]
[    0.222908]      scan-1133 get_device_data       : No context for object [ffff88040d823410]
[    0.223011]      scan-1133 get_device_data       : No context for object [ffff88040d823438]
[    0.223118]      scan-1133 get_device_data       : No context for object [ffff88040d823460]
[    0.223226]      scan-1133 get_device_data       : No context for object [ffff88040d823488]
[    0.223336]      scan-1133 get_device_data       : No context for object [ffff88040d8234b0]
[    0.223444]      scan-1133 get_device_data       : No context for object [ffff88040d8234d8]
[    0.223553]      scan-1133 get_device_data       : No context for object [ffff88040d823500]
[    0.223660]      scan-1133 get_device_data       : No context for object [ffff88040d823528]
[    0.223762]      scan-1133 get_device_data       : No context for object [ffff88040d823550]
[    0.223864]      scan-1133 get_device_data       : No context for object [ffff88040d823578]
[    0.223966]      scan-1133 get_device_data       : No context for object [ffff88040d8235a0]
[    0.224072]      scan-1133 get_device_data       : No context for object [ffff88040d8235c8]
[    0.224179]      scan-1133 get_device_data       : No context for object [ffff88040d8235f0]
[    0.224288]      scan-1133 get_device_data       : No context for object [ffff88040d823618]
[    0.224396]      scan-1133 get_device_data       : No context for object [ffff88040d823640]
[    0.224504]      scan-1133 get_device_data       : No context for object [ffff88040d823668]
[    0.224612]      scan-1133 get_device_data       : No context for object [ffff88040d823690]
[    0.224718]      scan-1133 get_device_data       : No context for object [ffff88040d8236b8]
[    0.224821]      scan-1133 get_device_data       : No context for object [ffff88040d8236e0]
[    0.224923]      scan-1133 get_device_data       : No context for object [ffff88040d823708]
[    0.225026]      scan-1133 get_device_data       : No context for object [ffff88040d823730]
[    0.225134]      scan-1133 get_device_data       : No context for object [ffff88040d823758]
[    0.225242]      scan-1133 get_device_data       : No context for object [ffff88040d823780]
[    0.225350]      scan-1133 get_device_data       : No context for object [ffff88040d8237a8]
[    0.225458]      scan-1133 get_device_data       : No context for object [ffff88040d8237d0]
[    0.225566]      scan-1133 get_device_data       : No context for object [ffff88040d8237f8]
[    0.225676]      scan-1133 get_device_data       : No context for object [ffff88040d823820]
[    0.225778]      scan-1133 get_device_data       : No context for object [ffff88040d823848]
[    0.225881]      scan-1133 get_device_data       : No context for object [ffff88040d823870]
[    0.225984]      scan-1133 get_device_data       : No context for object [ffff88040d823898]
[    0.226087]      scan-1133 get_device_data       : No context for object [ffff88040d8238c0]
[    0.226196]      scan-1133 get_device_data       : No context for object [ffff88040d8238e8]
[    0.226304]      scan-1133 get_device_data       : No context for object [ffff88040d823910]
[    0.226413]      scan-1133 get_device_data       : No context for object [ffff88040d823938]
[    0.226521]      scan-1133 get_device_data       : No context for object [ffff88040d823960]
[    0.226629]      scan-1133 get_device_data       : No context for object [ffff88040d823988]
[    0.226705]      scan-1133 get_device_data       : No context for object [ffff88040d8239b0]
[    0.227827]      scan-1133 get_device_data       : No context for object [ffff88040d8239d8]
[    0.227930]      scan-1133 get_device_data       : No context for object [ffff88040d837460]
[    0.228033]      scan-1133 get_device_data       : No context for object [ffff88040d83ac08]
[    0.228139]      scan-1133 get_device_data       : No context for object [ffff88040d83ac30]
[    0.228247]      scan-1133 get_device_data       : No context for object [ffff88040d83ac58]
[    0.228358]     utils-0051 util_eval_error       : Evaluate [\_SB_.PCI0.PB3_.VGA_.CRT_._STA]: AE_NOT_FOUND
[    0.228515] device: 'device:04': device_add
[    0.228603] bus: 'acpi': add device device:04
[    0.228657]     utils-0051 util_eval_error       : Evaluate [\_SB_.PCI0.PB3_.VGA_.CRT_._SUN]: AE_NOT_FOUND
[    0.228770]      scan-1922 add_single_object     : Added device:04 [\_SB_.PCI0.PB3_.VGA_.CRT_] parent LNXVIDEO:00
[    0.228878]      scan-1133 get_device_data       : No context for object [ffff88040d83ac80]
[    0.228981]      scan-1133 get_device_data       : No context for object [ffff88040d83aca8]
[    0.229084]      scan-1133 get_device_data       : No context for object [ffff88040d83acd0]
[    0.229192]      scan-1133 get_device_data       : No context for object [ffff88040d83acf8]
[    0.229300]      scan-1133 get_device_data       : No context for object [ffff88040d83ad20]
[    0.229410]     utils-0051 util_eval_error       : Evaluate [\_SB_.PCI0.PB3_.VGA_.LCD_._STA]: AE_NOT_FOUND
[    0.229564] device: 'device:05': device_add
[    0.229637] bus: 'acpi': add device device:05
[    0.229690]     utils-0051 util_eval_error       : Evaluate [\_SB_.PCI0.PB3_.VGA_.LCD_._SUN]: AE_NOT_FOUND
[    0.229804]      scan-1922 add_single_object     : Added device:05 [\_SB_.PCI0.PB3_.VGA_.LCD_] parent LNXVIDEO:00
[    0.229911]      scan-1133 get_device_data       : No context for object [ffff88040d83ad48]
[    0.230039]      scan-1133 get_device_data       : No context for object [ffff88040d83ad70]
[    0.230142]      scan-1133 get_device_data       : No context for object [ffff88040d83ad98]
[    0.230250]      scan-1133 get_device_data       : No context for object [ffff88040d83adc0]
[    0.230359]      scan-1133 get_device_data       : No context for object [ffff88040d83ade8]
[    0.230467]      scan-1133 get_device_data       : No context for object [ffff88040d83ae10]
[    0.230574]      scan-1133 get_device_data       : No context for object [ffff88040d83ae38]
[    0.230682]      scan-1133 get_device_data       : No context for object [ffff88040d83ae60]
[    0.230791]     utils-0051 util_eval_error       : Evaluate [\_SB_.PCI0.PB3_.VGA_.TV0_._STA]: AE_NOT_FOUND
[    0.230917] device: 'device:06': device_add
[    0.230955] bus: 'acpi': add device device:06
[    0.231000]     utils-0051 util_eval_error       : Evaluate [\_SB_.PCI0.PB3_.VGA_.TV0_._SUN]: AE_NOT_FOUND
[    0.231110]      scan-1922 add_single_object     : Added device:06 [\_SB_.PCI0.PB3_.VGA_.TV0_] parent LNXVIDEO:00
[    0.231224]      scan-1133 get_device_data       : No context for object [ffff88040d83ae88]
[    0.231333]      scan-1133 get_device_data       : No context for object [ffff88040d83aeb0]
[    0.231441]      scan-1133 get_device_data       : No context for object [ffff88040d83aed8]
[    0.231549]      scan-1133 get_device_data       : No context for object [ffff88040d83af00]
[    0.231657]      scan-1133 get_device_data       : No context for object [ffff88040d83af28]
[    0.231765]     utils-0051 util_eval_error       : Evaluate [\_SB_.PCI0.PB3_.VGA_.HDMI._STA]: AE_NOT_FOUND
[    0.231895] device: 'device:07': device_add
[    0.231934] bus: 'acpi': add device device:07
[    0.231981]     utils-0051 util_eval_error       : Evaluate [\_SB_.PCI0.PB3_.VGA_.HDMI._SUN]: AE_NOT_FOUND
[    0.232091]      scan-1922 add_single_object     : Added device:07 [\_SB_.PCI0.PB3_.VGA_.HDMI] parent LNXVIDEO:00
[    0.232205]      scan-1133 get_device_data       : No context for object [ffff88040d83af50]
[    0.232314]      scan-1133 get_device_data       : No context for object [ffff88040d83af78]
[    0.232422]      scan-1133 get_device_data       : No context for object [ffff88040d83afa0]
[    0.232530]      scan-1133 get_device_data       : No context for object [ffff88040d83afc8]
[    0.232638]      scan-1133 get_device_data       : No context for object [ffff88040d823a00]
[    0.232746]     utils-0051 util_eval_error       : Evaluate [\_SB_.PCI0.PB3_.HDAU._STA]: AE_NOT_FOUND
[    0.232871] device: 'device:08': device_add
[    0.232909] bus: 'acpi': add device device:08
[    0.232954]     utils-0051 util_eval_error       : Evaluate [\_SB_.PCI0.PB3_.HDAU._SUN]: AE_NOT_FOUND
[    0.233064]      scan-1922 add_single_object     : Added device:08 [\_SB_.PCI0.PB3_.HDAU] parent device:03
[    0.233178]      scan-1133 get_device_data       : No context for object [ffff88040d823a28]
[    0.233287]      scan-1133 get_device_data       : No context for object [ffff88040d823a50]
[    0.233376]      scan-1133 get_device_data       : No context for object [ffff88040d823a78]
[    0.233483]      scan-1133 get_device_data       : No context for object [ffff88040d823aa0]
[    0.233591]      scan-1133 get_device_data       : No context for object [ffff88040d823ac8]
[    0.233698]      scan-1133 get_device_data       : No context for object [ffff88040d823af0]
[    0.233801]      scan-1133 get_device_data       : No context for object [ffff88040d823b18]
[    0.233906]     utils-0051 util_eval_error       : Evaluate [\_SB_.PCI0.PB4_._STA]: AE_NOT_FOUND
[    0.234044] device: 'device:09': device_add
[    0.234086] bus: 'acpi': add device device:09
[    0.234139]     utils-0051 util_eval_error       : Evaluate [\_SB_.PCI0.PB4_._SUN]: AE_NOT_FOUND
[    0.234256]      scan-1922 add_single_object     : Added device:09 [\_SB_.PCI0.PB4_] parent PNP0A08:00
[    0.234369]      scan-1133 get_device_data       : No context for object [ffff88040d823b40]
[    0.234478]      scan-1133 get_device_data       : No context for object [ffff88040d823b68]
[    0.234585]      scan-1133 get_device_data       : No context for object [ffff88040d823b90]
[    0.234693]      scan-1133 get_device_data       : No context for object [ffff88040d823bb8]
[    0.234796]      scan-1133 get_device_data       : No context for object [ffff88040d823be0]
[    0.234899]      scan-1133 get_device_data       : No context for object [ffff88040d823c08]
[    0.235002]      scan-1133 get_device_data       : No context for object [ffff88040d823c30]
[    0.235107]      scan-1133 get_device_data       : No context for object [ffff88040d823c58]
[    0.235214]      scan-1133 get_device_data       : No context for object [ffff88040d823c80]
[    0.235322]      scan-1133 get_device_data       : No context for object [ffff88040d823ca8]
[    0.235430]      scan-1133 get_device_data       : No context for object [ffff88040d823cd0]
[    0.235538]      scan-1133 get_device_data       : No context for object [ffff88040d823cf8]
[    0.235646]      scan-1133 get_device_data       : No context for object [ffff88040d823d20]
[    0.235751]      scan-1133 get_device_data       : No context for object [ffff88040d823d48]
[    0.235854]      scan-1133 get_device_data       : No context for object [ffff88040d823d70]
[    0.235957]      scan-1133 get_device_data       : No context for object [ffff88040d823d98]
[    0.236060]      scan-1133 get_device_data       : No context for object [ffff88040d823dc0]
[    0.236167]      scan-1133 get_device_data       : No context for object [ffff88040d823de8]
[    0.236275]      scan-1133 get_device_data       : No context for object [ffff88040d823e10]
[    0.236383]      scan-1133 get_device_data       : No context for object [ffff88040d823e38]
[    0.236490]      scan-1133 get_device_data       : No context for object [ffff88040d823e60]
[    0.236598]      scan-1133 get_device_data       : No context for object [ffff88040d823e88]
[    0.236709]      scan-1133 get_device_data       : No context for object [ffff88040d823eb0]
[    0.236812]      scan-1133 get_device_data       : No context for object [ffff88040d823ed8]
[    0.236915]      scan-1133 get_device_data       : No context for object [ffff88040d823f00]
[    0.237017]      scan-1133 get_device_data       : No context for object [ffff88040d823f28]
[    0.237120]      scan-1133 get_device_data       : No context for object [ffff88040d823f50]
[    0.237230]      scan-1133 get_device_data       : No context for object [ffff88040d823f78]
[    0.237337]      scan-1133 get_device_data       : No context for object [ffff88040d823fa0]
[    0.237444]      scan-1133 get_device_data       : No context for object [ffff88040d823fc8]
[    0.237551]      scan-1133 get_device_data       : No context for object [ffff88040d825000]
[    0.238635]     utils-0051 util_eval_error       : Evaluate [\_SB_.PCI0.PB4_.XPDV._STA]: AE_NOT_FOUND
[    0.238767] device: 'device:0a': device_add
[    0.238805] bus: 'acpi': add device device:0a
[    0.238852]     utils-0051 util_eval_error       : Evaluate [\_SB_.PCI0.PB4_.XPDV._SUN]: AE_NOT_FOUND
[    0.238961]      scan-1922 add_single_object     : Added device:0a [\_SB_.PCI0.PB4_.XPDV] parent device:09
[    0.239066]      scan-1133 get_device_data       : No context for object [ffff88040d825028]
[    0.239174]      scan-1133 get_device_data       : No context for object [ffff88040d825050]
[    0.239284]      scan-1133 get_device_data       : No context for object [ffff88040d825078]
[    0.239392]      scan-1133 get_device_data       : No context for object [ffff88040d8250a0]
[    0.239499]      scan-1133 get_device_data       : No context for object [ffff88040d8250c8]
[    0.239607]      scan-1133 get_device_data       : No context for object [ffff88040d837500]
[    0.239715]      scan-1133 get_device_data       : No context for object [ffff88040d8250f0]
[    0.239818]      scan-1133 get_device_data       : No context for object [ffff88040d825118]
[    0.239921]     utils-0051 util_eval_error       : Evaluate [\_SB_.PCI0.PB5_._STA]: AE_NOT_FOUND
[    0.240071] device: 'device:0b': device_add
[    0.240114] bus: 'acpi': add device device:0b
[    0.240167]     utils-0051 util_eval_error       : Evaluate [\_SB_.PCI0.PB5_._SUN]: AE_NOT_FOUND
[    0.240285]      scan-1922 add_single_object     : Added device:0b [\_SB_.PCI0.PB5_] parent PNP0A08:00
[    0.240397]      scan-1133 get_device_data       : No context for object [ffff88040d825140]
[    0.240505]      scan-1133 get_device_data       : No context for object [ffff88040d825168]
[    0.240612]      scan-1133 get_device_data       : No context for object [ffff88040d825190]
[    0.240720]      scan-1133 get_device_data       : No context for object [ffff88040d8251b8]
[    0.240822]      scan-1133 get_device_data       : No context for object [ffff88040d8251e0]
[    0.240926]      scan-1133 get_device_data       : No context for object [ffff88040d825208]
[    0.241028]      scan-1133 get_device_data       : No context for object [ffff88040d825230]
[    0.241132]      scan-1133 get_device_data       : No context for object [ffff88040d825258]
[    0.241241]      scan-1133 get_device_data       : No context for object [ffff88040d825280]
[    0.241348]      scan-1133 get_device_data       : No context for object [ffff88040d8252a8]
[    0.241456]      scan-1133 get_device_data       : No context for object [ffff88040d8252d0]
[    0.241564]      scan-1133 get_device_data       : No context for object [ffff88040d8252f8]
[    0.241672]      scan-1133 get_device_data       : No context for object [ffff88040d825320]
[    0.241777]      scan-1133 get_device_data       : No context for object [ffff88040d825348]
[    0.241880]      scan-1133 get_device_data       : No context for object [ffff88040d825370]
[    0.241983]      scan-1133 get_device_data       : No context for object [ffff88040d825398]
[    0.242086]      scan-1133 get_device_data       : No context for object [ffff88040d8253c0]
[    0.242193]      scan-1133 get_device_data       : No context for object [ffff88040d8253e8]
[    0.242301]      scan-1133 get_device_data       : No context for object [ffff88040d825410]
[    0.242409]      scan-1133 get_device_data       : No context for object [ffff88040d825438]
[    0.242517]      scan-1133 get_device_data       : No context for object [ffff88040d825460]
[    0.242625]      scan-1133 get_device_data       : No context for object [ffff88040d825488]
[    0.242733]      scan-1133 get_device_data       : No context for object [ffff88040d8254b0]
[    0.242836]      scan-1133 get_device_data       : No context for object [ffff88040d8254d8]
[    0.242939]      scan-1133 get_device_data       : No context for object [ffff88040d825500]
[    0.243042]      scan-1133 get_device_data       : No context for object [ffff88040d825528]
[    0.243145]      scan-1133 get_device_data       : No context for object [ffff88040d825550]
[    0.243252]      scan-1133 get_device_data       : No context for object [ffff88040d825578]
[    0.243376]      scan-1133 get_device_data       : No context for object [ffff88040d8255a0]
[    0.243484]      scan-1133 get_device_data       : No context for object [ffff88040d8255c8]
[    0.243592]      scan-1133 get_device_data       : No context for object [ffff88040d8255f0]
[    0.243702]     utils-0051 util_eval_error       : Evaluate [\_SB_.PCI0.PB5_.XPDV._STA]: AE_NOT_FOUND
[    0.243831] device: 'device:0c': device_add
[    0.243869] bus: 'acpi': add device device:0c
[    0.243913]     utils-0051 util_eval_error       : Evaluate [\_SB_.PCI0.PB5_.XPDV._SUN]: AE_NOT_FOUND
[    0.244026]      scan-1922 add_single_object     : Added device:0c [\_SB_.PCI0.PB5_.XPDV] parent device:0b
[    0.244133]      scan-1133 get_device_data       : No context for object [ffff88040d825618]
[    0.244242]      scan-1133 get_device_data       : No context for object [ffff88040d825640]
[    0.244350]      scan-1133 get_device_data       : No context for object [ffff88040d825668]
[    0.244458]      scan-1133 get_device_data       : No context for object [ffff88040d825690]
[    0.244566]      scan-1133 get_device_data       : No context for object [ffff88040d8256b8]
[    0.244674]      scan-1133 get_device_data       : No context for object [ffff88040d837528]
[    0.244781]      scan-1133 get_device_data       : No context for object [ffff88040d8256e0]
[    0.244884]      scan-1133 get_device_data       : No context for object [ffff88040d825708]
[    0.244988]     utils-0051 util_eval_error       : Evaluate [\_SB_.PCI0.PB6_._STA]: AE_NOT_FOUND
[    0.245122] device: 'device:0d': device_add
[    0.245167] bus: 'acpi': add device device:0d
[    0.245222]     utils-0051 util_eval_error       : Evaluate [\_SB_.PCI0.PB6_._SUN]: AE_NOT_FOUND
[    0.245340]      scan-1922 add_single_object     : Added device:0d [\_SB_.PCI0.PB6_] parent PNP0A08:00
[    0.245453]      scan-1133 get_device_data       : No context for object [ffff88040d825730]
[    0.245562]      scan-1133 get_device_data       : No context for object [ffff88040d825758]
[    0.245670]      scan-1133 get_device_data       : No context for object [ffff88040d825780]
[    0.245778]      scan-1133 get_device_data       : No context for object [ffff88040d8257a8]
[    0.245881]      scan-1133 get_device_data       : No context for object [ffff88040d8257d0]
[    0.245984]      scan-1133 get_device_data       : No context for object [ffff88040d8257f8]
[    0.246087]      scan-1133 get_device_data       : No context for object [ffff88040d825820]
[    0.246192]      scan-1133 get_device_data       : No context for object [ffff88040d825848]
[    0.246300]      scan-1133 get_device_data       : No context for object [ffff88040d825870]
[    0.246408]      scan-1133 get_device_data       : No context for object [ffff88040d825898]
[    0.246516]      scan-1133 get_device_data       : No context for object [ffff88040d8258c0]
[    0.246624]      scan-1133 get_device_data       : No context for object [ffff88040d8258e8]
[    0.246743]      scan-1133 get_device_data       : No context for object [ffff88040d825910]
[    0.246847]      scan-1133 get_device_data       : No context for object [ffff88040d825938]
[    0.246950]      scan-1133 get_device_data       : No context for object [ffff88040d825960]
[    0.247053]      scan-1133 get_device_data       : No context for object [ffff88040d825988]
[    0.247157]      scan-1133 get_device_data       : No context for object [ffff88040d8259b0]
[    0.247264]      scan-1133 get_device_data       : No context for object [ffff88040d8259d8]
[    0.247372]      scan-1133 get_device_data       : No context for object [ffff88040d825a00]
[    0.247480]      scan-1133 get_device_data       : No context for object [ffff88040d825a28]
[    0.247588]      scan-1133 get_device_data       : No context for object [ffff88040d825a50]
[    0.247696]      scan-1133 get_device_data       : No context for object [ffff88040d825a78]
[    0.247804]      scan-1133 get_device_data       : No context for object [ffff88040d825aa0]
[    0.247907]      scan-1133 get_device_data       : No context for object [ffff88040d825ac8]
[    0.248010]      scan-1133 get_device_data       : No context for object [ffff88040d825af0]
[    0.248113]      scan-1133 get_device_data       : No context for object [ffff88040d825b18]
[    0.248215]      scan-1133 get_device_data       : No context for object [ffff88040d825b40]
[    0.249386]      scan-1133 get_device_data       : No context for object [ffff88040d825b68]
[    0.249494]      scan-1133 get_device_data       : No context for object [ffff88040d825b90]
[    0.249602]      scan-1133 get_device_data       : No context for object [ffff88040d825bb8]
[    0.249710]      scan-1133 get_device_data       : No context for object [ffff88040d825be0]
[    0.249820]     utils-0051 util_eval_error       : Evaluate [\_SB_.PCI0.PB6_.XPDV._STA]: AE_NOT_FOUND
[    0.249945] device: 'device:0e': device_add
[    0.249984] bus: 'acpi': add device device:0e
[    0.250011]     utils-0051 util_eval_error       : Evaluate [\_SB_.PCI0.PB6_.XPDV._SUN]: AE_NOT_FOUND
[    0.250122]      scan-1922 add_single_object     : Added device:0e [\_SB_.PCI0.PB6_.XPDV] parent device:0d
[    0.250234]      scan-1133 get_device_data       : No context for object [ffff88040d825c08]
[    0.250343]      scan-1133 get_device_data       : No context for object [ffff88040d825c30]
[    0.250452]      scan-1133 get_device_data       : No context for object [ffff88040d825c58]
[    0.250560]      scan-1133 get_device_data       : No context for object [ffff88040d825c80]
[    0.250668]      scan-1133 get_device_data       : No context for object [ffff88040d825ca8]
[    0.250776]      scan-1133 get_device_data       : No context for object [ffff88040d837550]
[    0.250879]      scan-1133 get_device_data       : No context for object [ffff88040d825cd0]
[    0.250982]      scan-1133 get_device_data       : No context for object [ffff88040d825cf8]
[    0.251086]     utils-0051 util_eval_error       : Evaluate [\_SB_.PCI0.PB7_._STA]: AE_NOT_FOUND
[    0.251276] device: 'device:0f': device_add
[    0.251318] bus: 'acpi': add device device:0f
[    0.251371]     utils-0051 util_eval_error       : Evaluate [\_SB_.PCI0.PB7_._SUN]: AE_NOT_FOUND
[    0.251489]      scan-1922 add_single_object     : Added device:0f [\_SB_.PCI0.PB7_] parent PNP0A08:00
[    0.251602]      scan-1133 get_device_data       : No context for object [ffff88040d825d20]
[    0.251711]      scan-1133 get_device_data       : No context for object [ffff88040d825d48]
[    0.251820]      scan-1133 get_device_data       : No context for object [ffff88040d825d70]
[    0.251923]      scan-1133 get_device_data       : No context for object [ffff88040d825d98]
[    0.252026]      scan-1133 get_device_data       : No context for object [ffff88040d825dc0]
[    0.252130]      scan-1133 get_device_data       : No context for object [ffff88040d825de8]
[    0.252233]      scan-1133 get_device_data       : No context for object [ffff88040d825e10]
[    0.252341]      scan-1133 get_device_data       : No context for object [ffff88040d825e38]
[    0.252449]      scan-1133 get_device_data       : No context for object [ffff88040d825e60]
[    0.252557]      scan-1133 get_device_data       : No context for object [ffff88040d825e88]
[    0.252666]      scan-1133 get_device_data       : No context for object [ffff88040d825eb0]
[    0.252774]      scan-1133 get_device_data       : No context for object [ffff88040d825ed8]
[    0.252880]      scan-1133 get_device_data       : No context for object [ffff88040d825f00]
[    0.252983]      scan-1133 get_device_data       : No context for object [ffff88040d825f28]
[    0.253086]      scan-1133 get_device_data       : No context for object [ffff88040d825f50]
[    0.253189]      scan-1133 get_device_data       : No context for object [ffff88040d825f78]
[    0.253295]      scan-1133 get_device_data       : No context for object [ffff88040d825fa0]
[    0.253409]      scan-1133 get_device_data       : No context for object [ffff88040d825fc8]
[    0.253518]      scan-1133 get_device_data       : No context for object [ffff88040d827000]
[    0.253626]      scan-1133 get_device_data       : No context for object [ffff88040d827028]
[    0.253734]      scan-1133 get_device_data       : No context for object [ffff88040d827050]
[    0.253842]      scan-1133 get_device_data       : No context for object [ffff88040d827078]
[    0.253946]      scan-1133 get_device_data       : No context for object [ffff88040d8270a0]
[    0.254048]      scan-1133 get_device_data       : No context for object [ffff88040d8270c8]
[    0.254152]      scan-1133 get_device_data       : No context for object [ffff88040d8270f0]
[    0.254255]      scan-1133 get_device_data       : No context for object [ffff88040d827118]
[    0.254362]      scan-1133 get_device_data       : No context for object [ffff88040d827140]
[    0.254469]      scan-1133 get_device_data       : No context for object [ffff88040d827168]
[    0.254577]      scan-1133 get_device_data       : No context for object [ffff88040d827190]
[    0.254685]      scan-1133 get_device_data       : No context for object [ffff88040d8271b8]
[    0.254794]      scan-1133 get_device_data       : No context for object [ffff88040d8271e0]
[    0.254904]     utils-0051 util_eval_error       : Evaluate [\_SB_.PCI0.PB7_.XPDV._STA]: AE_NOT_FOUND
[    0.255029] device: 'device:10': device_add
[    0.255067] bus: 'acpi': add device device:10
[    0.255114]     utils-0051 util_eval_error       : Evaluate [\_SB_.PCI0.PB7_.XPDV._SUN]: AE_NOT_FOUND
[    0.255224]      scan-1922 add_single_object     : Added device:10 [\_SB_.PCI0.PB7_.XPDV] parent device:0f
[    0.255335]      scan-1133 get_device_data       : No context for object [ffff88040d827208]
[    0.255445]      scan-1133 get_device_data       : No context for object [ffff88040d827230]
[    0.255553]      scan-1133 get_device_data       : No context for object [ffff88040d827258]
[    0.255662]      scan-1133 get_device_data       : No context for object [ffff88040d827280]
[    0.255771]      scan-1133 get_device_data       : No context for object [ffff88040d8272a8]
[    0.255879]      scan-1133 get_device_data       : No context for object [ffff88040d837488]
[    0.255981]      scan-1133 get_device_data       : No context for object [ffff88040d8272d0]
[    0.256084]      scan-1133 get_device_data       : No context for object [ffff88040d8272f8]
[    0.256188]     utils-0051 util_eval_error       : Evaluate [\_SB_.PCI0.OHC1._STA]: AE_NOT_FOUND
[    0.256341] device: 'device:11': device_add
[    0.256383] bus: 'acpi': add device device:11
[    0.256435]     utils-0051 util_eval_error       : Evaluate [\_SB_.PCI0.OHC1._SUN]: AE_NOT_FOUND
[    0.256554]      scan-1922 add_single_object     : Added device:11 [\_SB_.PCI0.OHC1] parent PNP0A08:00
[    0.256674]      scan-1133 get_device_data       : No context for object [ffff88040d827320]
[    0.256783]      scan-1133 get_device_data       : No context for object [ffff88040d827348]
[    0.256891]      scan-1133 get_device_data       : No context for object [ffff88040d83b2f8]
[    0.256997]     utils-0051 util_eval_error       : Evaluate [\_SB_.PCI0.OHC1.RHUB._STA]: AE_NOT_FOUND
[    0.257123] device: 'device:12': device_add
[    0.257161] bus: 'acpi': add device device:12
[    0.257206]     utils-0051 util_eval_error       : Evaluate [\_SB_.PCI0.OHC1.RHUB._SUN]: AE_NOT_FOUND
[    0.257321]      scan-1922 add_single_object     : Added device:12 [\_SB_.PCI0.OHC1.RHUB] parent device:11
[    0.257434]      scan-1133 get_device_data       : No context for object [ffff88040d83b320]
[    0.257542]      scan-1133 get_device_data       : No context for object [ffff88040d83b348]
[    0.257652]     utils-0051 util_eval_error       : Evaluate [\_SB_.PCI0.OHC1.RHUB.PRT3._STA]: AE_NOT_FOUND
[    0.257796] device: 'device:13': device_add
[    0.257837] bus: 'acpi': add device device:13
[    0.257893]     utils-0051 util_eval_error       : Evaluate [\_SB_.PCI0.OHC1.RHUB.PRT3._SUN]: AE_NOT_FOUND
[    0.258006]      scan-1922 add_single_object     : Added device:13 [\_SB_.PCI0.OHC1.RHUB.PRT3] parent device:12
[    0.258113]      scan-1133 get_device_data       : No context for object [ffff88040d83b370]
[    0.258217]      scan-1133 get_device_data       : No context for object [ffff88040d83b398]
[    0.258320]      scan-1133 get_device_data       : No context for object [ffff88040d83b3c0]
[    0.258429]      scan-1133 get_device_data       : No context for object [ffff88040d83b3e8]
[    0.258539]     utils-0051 util_eval_error       : Evaluate [\_SB_.PCI0.OHC1.RHUB.PRT4._STA]: AE_NOT_FOUND
[    0.258686] device: 'device:14': device_add
[    0.258763] bus: 'acpi': add device device:14
[    0.258816]     utils-0051 util_eval_error       : Evaluate [\_SB_.PCI0.OHC1.RHUB.PRT4._SUN]: AE_NOT_FOUND
[    0.258934]      scan-1922 add_single_object     : Added device:14 [\_SB_.PCI0.OHC1.RHUB.PRT4] parent device:12
[    0.259043]      scan-1133 get_device_data       : No context for object [ffff88040d83b410]
[    0.259146]      scan-1133 get_device_data       : No context for object [ffff88040d83b438]
[    0.260002]      scan-1133 get_device_data       : No context for object [ffff88040d83b460]
[    0.260109]      scan-1133 get_device_data       : No context for object [ffff88040d827370]
[    0.260219]     utils-0051 util_eval_error       : Evaluate [\_SB_.PCI0.EHC1._STA]: AE_NOT_FOUND
[    0.260375] device: 'device:15': device_add
[    0.260417] bus: 'acpi': add device device:15
[    0.260470]     utils-0051 util_eval_error       : Evaluate [\_SB_.PCI0.EHC1._SUN]: AE_NOT_FOUND
[    0.260587]      scan-1922 add_single_object     : Added device:15 [\_SB_.PCI0.EHC1] parent PNP0A08:00
[    0.260700]      scan-1133 get_device_data       : No context for object [ffff88040d827398]
[    0.260806]      scan-1133 get_device_data       : No context for object [ffff88040d8273c0]
[    0.260909]      scan-1133 get_device_data       : No context for object [ffff88040d83b028]
[    0.261013]     utils-0051 util_eval_error       : Evaluate [\_SB_.PCI0.EHC1.RHUB._STA]: AE_NOT_FOUND
[    0.261146] device: 'device:16': device_add
[    0.261190] bus: 'acpi': add device device:16
[    0.261243]     utils-0051 util_eval_error       : Evaluate [\_SB_.PCI0.EHC1.RHUB._SUN]: AE_NOT_FOUND
[    0.261360]      scan-1922 add_single_object     : Added device:16 [\_SB_.PCI0.EHC1.RHUB] parent device:15
[    0.261474]      scan-1133 get_device_data       : No context for object [ffff88040d83b050]
[    0.261582]      scan-1133 get_device_data       : No context for object [ffff88040d83b078]
[    0.261692]     utils-0051 util_eval_error       : Evaluate [\_SB_.PCI0.EHC1.RHUB.PRT3._STA]: AE_NOT_FOUND
[    0.261821] device: 'device:17': device_add
[    0.261859] bus: 'acpi': add device device:17
[    0.261904]     utils-0051 util_eval_error       : Evaluate [\_SB_.PCI0.EHC1.RHUB.PRT3._SUN]: AE_NOT_FOUND
[    0.262014]      scan-1922 add_single_object     : Added device:17 [\_SB_.PCI0.EHC1.RHUB.PRT3] parent device:16
[    0.262121]      scan-1133 get_device_data       : No context for object [ffff88040d83b0a0]
[    0.262231]      scan-1133 get_device_data       : No context for object [ffff88040d83b0c8]
[    0.262340]      scan-1133 get_device_data       : No context for object [ffff88040d83b0f0]
[    0.262448]      scan-1133 get_device_data       : No context for object [ffff88040d83b118]
[    0.262557]     utils-0051 util_eval_error       : Evaluate [\_SB_.PCI0.EHC1.RHUB.PRT4._STA]: AE_NOT_FOUND
[    0.262702] device: 'device:18': device_add
[    0.262742] bus: 'acpi': add device device:18
[    0.262788]     utils-0051 util_eval_error       : Evaluate [\_SB_.PCI0.EHC1.RHUB.PRT4._SUN]: AE_NOT_FOUND
[    0.262899]      scan-1922 add_single_object     : Added device:18 [\_SB_.PCI0.EHC1.RHUB.PRT4] parent device:16
[    0.263007]      scan-1133 get_device_data       : No context for object [ffff88040d83b140]
[    0.263407]      scan-1133 get_device_data       : No context for object [ffff88040d83b168]
[    0.263515]      scan-1133 get_device_data       : No context for object [ffff88040d83b190]
[    0.263624]      scan-1133 get_device_data       : No context for object [ffff88040d8273e8]
[    0.263734]     utils-0051 util_eval_error       : Evaluate [\_SB_.PCI0.OHC2._STA]: AE_NOT_FOUND
[    0.263890] device: 'device:19': device_add
[    0.263931] bus: 'acpi': add device device:19
[    0.263984]     utils-0051 util_eval_error       : Evaluate [\_SB_.PCI0.OHC2._SUN]: AE_NOT_FOUND
[    0.264096]      scan-1922 add_single_object     : Added device:19 [\_SB_.PCI0.OHC2] parent PNP0A08:00
[    0.264203]      scan-1133 get_device_data       : No context for object [ffff88040d827410]
[    0.264306]      scan-1133 get_device_data       : No context for object [ffff88040d827438]
[    0.264409]      scan-1133 get_device_data       : No context for object [ffff88040d83b488]
[    0.264519]     utils-0051 util_eval_error       : Evaluate [\_SB_.PCI0.OHC2.RHUB._STA]: AE_NOT_FOUND
[    0.264664] device: 'device:1a': device_add
[    0.264705] bus: 'acpi': add device device:1a
[    0.264758]     utils-0051 util_eval_error       : Evaluate [\_SB_.PCI0.OHC2.RHUB._SUN]: AE_NOT_FOUND
[    0.264875]      scan-1922 add_single_object     : Added device:1a [\_SB_.PCI0.OHC2.RHUB] parent device:19
[    0.264989]      scan-1133 get_device_data       : No context for object [ffff88040d83b4b0]
[    0.265095]      scan-1133 get_device_data       : No context for object [ffff88040d83b4d8]
[    0.265200]     utils-0051 util_eval_error       : Evaluate [\_SB_.PCI0.OHC2.RHUB.PRT4._STA]: AE_NOT_FOUND
[    0.265327] device: 'device:1b': device_add
[    0.265365] bus: 'acpi': add device device:1b
[    0.265411]     utils-0051 util_eval_error       : Evaluate [\_SB_.PCI0.OHC2.RHUB.PRT4._SUN]: AE_NOT_FOUND
[    0.265530]      scan-1922 add_single_object     : Added device:1b [\_SB_.PCI0.OHC2.RHUB.PRT4] parent device:1a
[    0.265643]      scan-1133 get_device_data       : No context for object [ffff88040d83b500]
[    0.265751]      scan-1133 get_device_data       : No context for object [ffff88040d83b528]
[    0.265859]      scan-1133 get_device_data       : No context for object [ffff88040d83b550]
[    0.265968]      scan-1133 get_device_data       : No context for object [ffff88040d827460]
[    0.266077]     utils-0051 util_eval_error       : Evaluate [\_SB_.PCI0.EHC2._STA]: AE_NOT_FOUND
[    0.266209] device: 'device:1c': device_add
[    0.266247] bus: 'acpi': add device device:1c
[    0.266292]     utils-0051 util_eval_error       : Evaluate [\_SB_.PCI0.EHC2._SUN]: AE_NOT_FOUND
[    0.266402]      scan-1922 add_single_object     : Added device:1c [\_SB_.PCI0.EHC2] parent PNP0A08:00
[    0.266516]      scan-1133 get_device_data       : No context for object [ffff88040d827488]
[    0.266624]      scan-1133 get_device_data       : No context for object [ffff88040d8274b0]
[    0.266743]      scan-1133 get_device_data       : No context for object [ffff88040d83b1b8]
[    0.266853]     utils-0051 util_eval_error       : Evaluate [\_SB_.PCI0.EHC2.RHUB._STA]: AE_NOT_FOUND
[    0.266997] device: 'device:1d': device_add
[    0.267037] bus: 'acpi': add device device:1d
[    0.267082]     utils-0051 util_eval_error       : Evaluate [\_SB_.PCI0.EHC2.RHUB._SUN]: AE_NOT_FOUND
[    0.267192]      scan-1922 add_single_object     : Added device:1d [\_SB_.PCI0.EHC2.RHUB] parent device:1c
[    0.267298]      scan-1133 get_device_data       : No context for object [ffff88040d83b1e0]
[    0.267401]      scan-1133 get_device_data       : No context for object [ffff88040d83b208]
[    0.267512]     utils-0051 util_eval_error       : Evaluate [\_SB_.PCI0.EHC2.RHUB.PRT2._STA]: AE_NOT_FOUND
[    0.267657] device: 'device:1e': device_add
[    0.267698] bus: 'acpi': add device device:1e
[    0.267754]     utils-0051 util_eval_error       : Evaluate [\_SB_.PCI0.EHC2.RHUB.PRT2._SUN]: AE_NOT_FOUND
[    0.267872]      scan-1922 add_single_object     : Added device:1e [\_SB_.PCI0.EHC2.RHUB.PRT2] parent device:1d
[    0.267985]      scan-1133 get_device_data       : No context for object [ffff88040d83b230]
[    0.268091]      scan-1133 get_device_data       : No context for object [ffff88040d83b258]
[    0.268194]      scan-1133 get_device_data       : No context for object [ffff88040d83b280]
[    0.268297]      scan-1133 get_device_data       : No context for object [ffff88040d8274d8]
[    0.268402]     utils-0051 util_eval_error       : Evaluate [\_SB_.PCI0.OHC3._STA]: AE_NOT_FOUND
[    0.268555] device: 'device:1f': device_add
[    0.268597] bus: 'acpi': add device device:1f
[    0.268649]     utils-0051 util_eval_error       : Evaluate [\_SB_.PCI0.OHC3._SUN]: AE_NOT_FOUND
[    0.268767]      scan-1922 add_single_object     : Added device:1f [\_SB_.PCI0.OHC3] parent PNP0A08:00
[    0.268880]      scan-1133 get_device_data       : No context for object [ffff88040d827500]
[    0.268988]      scan-1133 get_device_data       : No context for object [ffff88040d827528]
[    0.269096]      scan-1133 get_device_data       : No context for object [ffff88040d83b578]
[    0.269202]     utils-0051 util_eval_error       : Evaluate [\_SB_.PCI0.OHC3.RHUB._STA]: AE_NOT_FOUND
[    0.269328] device: 'device:20': device_add
[    0.269365] bus: 'acpi': add device device:20
[    0.269411]     utils-0051 util_eval_error       : Evaluate [\_SB_.PCI0.OHC3.RHUB._SUN]: AE_NOT_FOUND
[    0.269528]      scan-1922 add_single_object     : Added device:20 [\_SB_.PCI0.OHC3.RHUB] parent device:1f
[    0.269641]      scan-1133 get_device_data       : No context for object [ffff88040d83b5a0]
[    0.269750]      scan-1133 get_device_data       : No context for object [ffff88040d827550]
[    0.269859]     utils-0051 util_eval_error       : Evaluate [\_SB_.PCI0.EHC3._STA]: AE_NOT_FOUND
[    0.270076] device: 'device:21': device_add
[    0.270118] bus: 'acpi': add device device:21
[    0.270168]     utils-0051 util_eval_error       : Evaluate [\_SB_.PCI0.EHC3._SUN]: AE_NOT_FOUND
[    0.270277]      scan-1922 add_single_object     : Added device:21 [\_SB_.PCI0.EHC3] parent PNP0A08:00
[    0.271359]      scan-1133 get_device_data       : No context for object [ffff88040d827578]
[    0.271460]      scan-1133 get_device_data       : No context for object [ffff88040d8275a0]
[    0.271563]      scan-1133 get_device_data       : No context for object [ffff88040d83b2a8]
[    0.271673]     utils-0051 util_eval_error       : Evaluate [\_SB_.PCI0.EHC3.RHUB._STA]: AE_NOT_FOUND
[    0.271816] device: 'device:22': device_add
[    0.271857] bus: 'acpi': add device device:22
[    0.271910]     utils-0051 util_eval_error       : Evaluate [\_SB_.PCI0.EHC3.RHUB._SUN]: AE_NOT_FOUND
[    0.272028]      scan-1922 add_single_object     : Added device:22 [\_SB_.PCI0.EHC3.RHUB] parent device:21
[    0.272141]      scan-1133 get_device_data       : No context for object [ffff88040d83b2d0]
[    0.272250]      scan-1133 get_device_data       : No context for object [ffff88040d8275c8]
[    0.272353]     utils-0051 util_eval_error       : Evaluate [\_SB_.PCI0.OHC4._STA]: AE_NOT_FOUND
[    0.272486] device: 'device:23': device_add
[    0.272524] bus: 'acpi': add device device:23
[    0.272569]     utils-0051 util_eval_error       : Evaluate [\_SB_.PCI0.OHC4._SUN]: AE_NOT_FOUND
[    0.272687]      scan-1922 add_single_object     : Added device:23 [\_SB_.PCI0.OHC4] parent PNP0A08:00
[    0.272800]      scan-1133 get_device_data       : No context for object [ffff88040d8275f0]
[    0.272908]      scan-1133 get_device_data       : No context for object [ffff88040d827618]
[    0.273016]      scan-1133 get_device_data       : No context for object [ffff88040d827640]
[    0.273124]     utils-0051 util_eval_error       : Evaluate [\_SB_.PCI0.SBAZ._STA]: AE_NOT_FOUND
[    0.273260] device: 'device:24': device_add
[    0.273298] bus: 'acpi': add device device:24
[    0.273346]     utils-0051 util_eval_error       : Evaluate [\_SB_.PCI0.SBAZ._SUN]: AE_NOT_FOUND
[    0.273455]      scan-1922 add_single_object     : Added device:24 [\_SB_.PCI0.SBAZ] parent PNP0A08:00
[    0.273566]      scan-1133 get_device_data       : No context for object [ffff88040d827668]
[    0.273674]      scan-1133 get_device_data       : No context for object [ffff88040d827690]
[    0.273781]      scan-1133 get_device_data       : No context for object [ffff88040d8276b8]
[    0.273891]     utils-0051 util_eval_error       : Evaluate [\_SB_.PCI0.GEC_._STA]: AE_NOT_FOUND
[    0.274111] device: 'device:25': device_add
[    0.274153] bus: 'acpi': add device device:25
[    0.274198]     utils-0051 util_eval_error       : Evaluate [\_SB_.PCI0.GEC_._SUN]: AE_NOT_FOUND
[    0.274307]      scan-1922 add_single_object     : Added device:25 [\_SB_.PCI0.GEC_] parent PNP0A08:00
[    0.274413]      scan-1133 get_device_data       : No context for object [ffff88040d8276e0]
[    0.274515]      scan-1133 get_device_data       : No context for object [ffff88040d827708]
[    0.274624]      scan-1133 get_device_data       : No context for object [ffff88040d827730]
[    0.274732]      scan-1133 get_device_data       : No context for object [ffff88040d827758]
[    0.274840]      scan-1133 get_device_data       : No context for object [ffff88040d827780]
[    0.274948]      scan-1133 get_device_data       : No context for object [ffff88040d8277a8]
[    0.275056]      scan-1133 get_device_data       : No context for object [ffff88040d8277d0]
[    0.275163]      scan-1133 get_device_data       : No context for object [ffff88040d8277f8]
[    0.275266]      scan-1133 get_device_data       : No context for object [ffff88040d827820]
[    0.275371]     utils-0051 util_eval_error       : Evaluate [\_SB_.PCI0.SATA._STA]: AE_NOT_FOUND
[    0.275499] device: 'device:26': device_add
[    0.275542] bus: 'acpi': add device device:26
[    0.275595]     utils-0051 util_eval_error       : Evaluate [\_SB_.PCI0.SATA._SUN]: AE_NOT_FOUND
[    0.275713]      scan-1922 add_single_object     : Added device:26 [\_SB_.PCI0.SATA] parent PNP0A08:00
[    0.275826]      scan-1133 get_device_data       : No context for object [ffff88040d827848]
[    0.275934]      scan-1133 get_device_data       : No context for object [ffff88040d827870]
[    0.276042]      scan-1133 get_device_data       : No context for object [ffff88040d827898]
[    0.276150]      scan-1133 get_device_data       : No context for object [ffff88040d8278c0]
[    0.276253]      scan-1133 get_device_data       : No context for object [ffff88040d8278e8]
[    0.276356]      scan-1133 get_device_data       : No context for object [ffff88040d827910]
[    0.276459]      scan-1133 get_device_data       : No context for object [ffff88040d827938]
[    0.276564]      scan-1133 get_device_data       : No context for object [ffff88040d827960]
[    0.276670]      scan-1133 get_device_data       : No context for object [ffff88040d827988]
[    0.276779]      scan-1133 get_device_data       : No context for object [ffff88040d8279b0]
[    0.276887]      scan-1133 get_device_data       : No context for object [ffff88040d8279d8]
[    0.276995]      scan-1133 get_device_data       : No context for object [ffff88040d827a00]
[    0.277103]      scan-1133 get_device_data       : No context for object [ffff88040d827a28]
[    0.277209]      scan-1133 get_device_data       : No context for object [ffff88040d827a50]
[    0.277312]      scan-1133 get_device_data       : No context for object [ffff88040d827a78]
[    0.277415]      scan-1133 get_device_data       : No context for object [ffff88040d827aa0]
[    0.277518]      scan-1133 get_device_data       : No context for object [ffff88040d827ac8]
[    0.277624]      scan-1133 get_device_data       : No context for object [ffff88040d827af0]
[    0.277732]      scan-1133 get_device_data       : No context for object [ffff88040d827b18]
[    0.277840]      scan-1133 get_device_data       : No context for object [ffff88040d827b40]
[    0.277948]      scan-1133 get_device_data       : No context for object [ffff88040d827b68]
[    0.278056]      scan-1133 get_device_data       : No context for object [ffff88040d827b90]
[    0.278164]      scan-1133 get_device_data       : No context for object [ffff88040d827bb8]
[    0.278268]      scan-1133 get_device_data       : No context for object [ffff88040d827be0]
[    0.278371]      scan-1133 get_device_data       : No context for object [ffff88040d827c08]
[    0.278474]      scan-1133 get_device_data       : No context for object [ffff88040d827c30]
[    0.278577]      scan-1133 get_device_data       : No context for object [ffff88040d827c58]
[    0.278685]      scan-1133 get_device_data       : No context for object [ffff88040d827c80]
[    0.278793]      scan-1133 get_device_data       : No context for object [ffff88040d827ca8]
[    0.278901]      scan-1133 get_device_data       : No context for object [ffff88040d827cd0]
[    0.279009]      scan-1133 get_device_data       : No context for object [ffff88040d827cf8]
[    0.279117]      scan-1133 get_device_data       : No context for object [ffff88040d827d20]
[    0.279224]      scan-1133 get_device_data       : No context for object [ffff88040d827d48]
[    0.279327]      scan-1133 get_device_data       : No context for object [ffff88040d827d70]
[    0.279430]      scan-1133 get_device_data       : No context for object [ffff88040d827d98]
[    0.279533]      scan-1133 get_device_data       : No context for object [ffff88040d827dc0]
[    0.279638]      scan-1133 get_device_data       : No context for object [ffff88040d827de8]
[    0.279746]      scan-1133 get_device_data       : No context for object [ffff88040d827e10]
[    0.279854]      scan-1133 get_device_data       : No context for object [ffff88040d827e38]
[    0.279962]      scan-1133 get_device_data       : No context for object [ffff88040d827e60]
[    0.280075]      scan-1133 get_device_data       : No context for object [ffff88040d827e88]
[    0.280183]      scan-1133 get_device_data       : No context for object [ffff88040d827eb0]
[    0.280288]      scan-1133 get_device_data       : No context for object [ffff88040d827ed8]
[    0.280391]      scan-1133 get_device_data       : No context for object [ffff88040d827f00]
[    0.280494]      scan-1133 get_device_data       : No context for object [ffff88040d827f28]
[    0.280599]     utils-0051 util_eval_error       : Evaluate [\_SB_.PCI0.SATA.PRID._STA]: AE_NOT_FOUND
[    0.280752] device_pm-0128 device_get_power      : Device [PRID] power state is (unknown)
[    0.280894] device: 'device:27': device_add
[    0.280938] bus: 'acpi': add device device:27
[    0.280991]     utils-0051 util_eval_error       : Evaluate [\_SB_.PCI0.SATA.PRID._SUN]: AE_NOT_FOUND
[    0.281110]      scan-1922 add_single_object     : Added device:27 [\_SB_.PCI0.SATA.PRID] parent device:26
[    0.282286]      scan-1133 get_device_data       : No context for object [ffff88040d827f50]
[    0.282389]      scan-1133 get_device_data       : No context for object [ffff88040d827f78]
[    0.282492]      scan-1133 get_device_data       : No context for object [ffff88040d827fa0]
[    0.282595]      scan-1133 get_device_data       : No context for object [ffff88040d827fc8]
