[    0.000000] Initializing cgroup subsys cpuset
[    0.000000] Initializing cgroup subsys cpu
[    0.000000] Initializing cgroup subsys cpuacct
[    0.000000] Linux version 3.16.0-rc7-MANJAROed (emacs@manji) (gcc version 4.9.0 20140604 (prerelease) (GCC) ) #16 SMP Tue Jul 29 05:38:10 CEST 2014
[    0.000000] Command line: BOOT_IMAGE=/vmlinuz-316-x86_64 root=UUID=bfa4ab6e-19a3-4601-ba2b-267c55841c73 rw cryptdevice=/dev/disk/by-uuid/70c08890-417a-497d-b6ab-c0d0357a63e2:cryptManjaro:allow-discards ipv6.disable=1 pnp.debug=1 loglevel=9 log_buf_len=10M printk.always_kmsg_dump=y printk.time=y mminit_loglevel=0 memory_corruption_check=1 acpi.debug_layer=0xfbff0000 acpi.debug_level=0xFFFFFFFD pnp.debug=1 nohz=on rcu_nocbs=1-3 pcie_aspm=force nofb
[    0.000000] KERNEL supported cpus:
[    0.000000]   AMD AuthenticAMD
[    0.000000] e820: BIOS-provided physical RAM map:
[    0.000000] BIOS-e820: [mem 0x0000000000000000-0x000000000009d7ff] usable
[    0.000000] BIOS-e820: [mem 0x000000000009d800-0x000000000009ffff] reserved
[    0.000000] BIOS-e820: [mem 0x00000000000e0000-0x00000000000fffff] reserved
[    0.000000] BIOS-e820: [mem 0x0000000000100000-0x00000000bed9afff] usable
[    0.000000] BIOS-e820: [mem 0x00000000bed9b000-0x00000000bf39afff] reserved
[    0.000000] BIOS-e820: [mem 0x00000000bf39b000-0x00000000bf49afff] ACPI NVS
[    0.000000] BIOS-e820: [mem 0x00000000bf49b000-0x00000000bf51afff] ACPI data
[    0.000000] BIOS-e820: [mem 0x00000000bf51b000-0x00000000bfdfffff] usable
[    0.000000] BIOS-e820: [mem 0x00000000bfe00000-0x00000000bfffffff] reserved
[    0.000000] BIOS-e820: [mem 0x00000000fec00000-0x00000000fecfffff] reserved
[    0.000000] BIOS-e820: [mem 0x00000000fed80000-0x00000000fed80fff] reserved
[    0.000000] BIOS-e820: [mem 0x00000000ffe00000-0x00000000ffffffff] reserved
[    0.000000] BIOS-e820: [mem 0x0000000100000000-0x000000041effffff] usable
[    0.000000] NX (Execute Disable) protection: active
[    0.000000] SMBIOS 2.6 present.
[    0.000000] DMI: LENOVO Sabine/Torpedo, BIOS 54CN18WW 07/20/2011
[    0.000000] e820: update [mem 0x00000000-0x00000fff] usable ==> reserved
[    0.000000] e820: remove [mem 0x000a0000-0x000fffff] usable
[    0.000000] e820: last_pfn = 0x41f000 max_arch_pfn = 0x400000000
[    0.000000] MTRR default type: uncachable
[    0.000000] MTRR fixed ranges enabled:
[    0.000000]   00000-9FFFF write-back
[    0.000000]   A0000-BFFFF uncachable
[    0.000000]   C0000-FFFFF write-protect
[    0.000000] MTRR variable ranges enabled:
[    0.000000]   0 base 0000000000 mask FF80000000 write-back
[    0.000000]   1 base 0080000000 mask FFC0000000 write-back
[    0.000000]   2 base 00FFF90000 mask FFFFFF0000 uncachable
[    0.000000]   3 base 00FED80000 mask 0FFFFFF000 uncachable
[    0.000000]   4 disabled
[    0.000000]   5 disabled
[    0.000000]   6 disabled
[    0.000000]   7 base 00FFE00000 mask FFFFE00000 write-protect
[    0.000000] TOM2: 000000041f000000 aka 16880M
[    0.000000] mtrr: your BIOS has configured an incorrect mask, fixing it.
[    0.000000] e820: last_pfn = 0xbfe00 max_arch_pfn = 0x400000000
[    0.000000] found SMP MP-table at [mem 0x000fa8b0-0x000fa8bf] mapped at [ffff8800000fa8b0]
[    0.000000] Base memory trampoline at [ffff880000097000] 97000 size 24576
[    0.000000] Using GB pages for direct mapping
[    0.000000] init_memory_mapping: [mem 0x00000000-0x000fffff]
[    0.000000]  [mem 0x00000000-0x000fffff] page 4k
[    0.000000] BRK [0x01c11000, 0x01c11fff] PGTABLE
[    0.000000] BRK [0x01c12000, 0x01c12fff] PGTABLE
[    0.000000] BRK [0x01c13000, 0x01c13fff] PGTABLE
[    0.000000] init_memory_mapping: [mem 0x41ee00000-0x41effffff]
[    0.000000]  [mem 0x41ee00000-0x41effffff] page 2M
[    0.000000] BRK [0x01c14000, 0x01c14fff] PGTABLE
[    0.000000] init_memory_mapping: [mem 0x41c000000-0x41edfffff]
[    0.000000]  [mem 0x41c000000-0x41edfffff] page 2M
[    0.000000] init_memory_mapping: [mem 0x400000000-0x41bffffff]
[    0.000000]  [mem 0x400000000-0x41bffffff] page 2M
[    0.000000] init_memory_mapping: [mem 0x00100000-0xbed9afff]
[    0.000000]  [mem 0x00100000-0x001fffff] page 4k
[    0.000000]  [mem 0x00200000-0x3fffffff] page 2M
[    0.000000]  [mem 0x40000000-0x7fffffff] page 1G
[    0.000000]  [mem 0x80000000-0xbebfffff] page 2M
[    0.000000]  [mem 0xbec00000-0xbed9afff] page 4k
[    0.000000] init_memory_mapping: [mem 0xbf51b000-0xbfdfffff]
[    0.000000]  [mem 0xbf51b000-0xbf5fffff] page 4k
[    0.000000]  [mem 0xbf600000-0xbfdfffff] page 2M
[    0.000000] BRK [0x01c15000, 0x01c15fff] PGTABLE
[    0.000000] init_memory_mapping: [mem 0x100000000-0x3ffffffff]
[    0.000000]  [mem 0x100000000-0x3ffffffff] page 1G
[    0.000000] log_buf_len: 16777216
[    0.000000] early log buf free: 2092392(99%)
[    0.000000] RAMDISK: [mem 0x37856000-0x37c22fff]
[    0.000000] ACPI: Early table checksum verification disabled
[    0.000000] ACPI: RSDP 0x00000000000F0110 000024 (v02 LENOVO)
[    0.000000] ACPI: XSDT 0x00000000BF51A120 000074 (v01 LENOVO CB-01    00000001 LENO 00000001)
[    0.000000] ACPI: FACP 0x00000000BF508000 0000F4 (v04 LENOVO CB-01    00000001 PTL  00000001)
[    0.000000] ACPI: DSDT 0x00000000BF50A000 00FD10 (v01 LENOVO CB-01    00001000 LENO 00000001)
[    0.000000] ACPI: FACS 0x00000000BF478000 000040
[    0.000000] ACPI: HPET 0x00000000BF507000 000038 (v01 LENOVO CB-01    00000001 PTL  00000001)
[    0.000000] ACPI: APIC 0x00000000BF506000 00007A (v02 LENOVO CB-01    00000001 PTL  00000001)
[    0.000000] ACPI: MCFG 0x00000000BF505000 00003C (v01 LENOVO CB-01    00000001 PTL  00000001)
[    0.000000] ACPI: SLIC 0x00000000BF504000 000176 (v01 LENOVO CB-01    00000001 LENO 00000001)
[    0.000000] ACPI: UEFI 0x00000000BF503000 00003E (v01 LENOVO CB-01    00000001 PTL  00000001)
[    0.000000] ACPI: UEFI 0x00000000BF502000 000042 (v01 PTL    COMBUF   00000001 PTL  00000001)
[    0.000000] ACPI: SSDT 0x00000000BF501000 000E34 (v01 AMD    POWERNOW 00000001 AMD  00000001)
[    0.000000] ACPI: SSDT 0x00000000BF4FF000 00193D (v02 AMD    ALIB     00000001 MSFT 04000000)
[    0.000000] ACPI: UEFI 0x00000000BF4FE000 00021A (v01 LENOVO CB-01    00000001 PTL  00000001)
[    0.000000] ACPI: Local APIC address 0xfee00000
[    0.000000] No NUMA configuration found
[    0.000000] Faking a node at [mem 0x0000000000000000-0x000000041effffff]
[    0.000000] Initmem setup node 0 [mem 0x00000000-0x41effffff]
[    0.000000]   NODE_DATA [mem 0x41dffa000-0x41dffdfff]
[    0.000000]  [ffffea0000000000-ffffea00107fffff] PMD -> [ffff88040de00000-ffff88041d5fffff] on node 0
[    0.000000] Zone ranges:
[    0.000000]   DMA      [mem 0x00001000-0x00ffffff]
[    0.000000]   DMA32    [mem 0x01000000-0xffffffff]
[    0.000000]   Normal   [mem 0x100000000-0x41effffff]
[    0.000000] Movable zone start for each node
[    0.000000] Early memory node ranges
[    0.000000]   node   0: [mem 0x00001000-0x0009cfff]
[    0.000000]   node   0: [mem 0x00100000-0xbed9afff]
[    0.000000]   node   0: [mem 0xbf51b000-0xbfdfffff]
[    0.000000]   node   0: [mem 0x100000000-0x41effffff]
[    0.000000] On node 0 totalpages: 4056604
[    0.000000]   DMA zone: 64 pages used for memmap
[    0.000000]   DMA zone: 21 pages reserved
[    0.000000]   DMA zone: 3996 pages, LIFO batch:0
[    0.000000]   DMA32 zone: 12186 pages used for memmap
[    0.000000]   DMA32 zone: 779904 pages, LIFO batch:31
[    0.000000]   Normal zone: 51136 pages used for memmap
[    0.000000]   Normal zone: 3272704 pages, LIFO batch:31
[    0.000000] ACPI: PM-Timer IO Port: 0x808
[    0.000000] ACPI: Local APIC address 0xfee00000
[    0.000000] ACPI: LAPIC (acpi_id[0x00] lapic_id[0x00] enabled)
[    0.000000] ACPI: LAPIC (acpi_id[0x01] lapic_id[0x01] enabled)
[    0.000000] ACPI: LAPIC (acpi_id[0x02] lapic_id[0x02] enabled)
[    0.000000] ACPI: LAPIC (acpi_id[0x03] lapic_id[0x03] enabled)
[    0.000000] ACPI: LAPIC_NMI (acpi_id[0x00] high edge lint[0x1])
[    0.000000] ACPI: LAPIC_NMI (acpi_id[0x01] high edge lint[0x1])
[    0.000000] ACPI: LAPIC_NMI (acpi_id[0x02] high edge lint[0x1])
[    0.000000] ACPI: LAPIC_NMI (acpi_id[0x03] high edge lint[0x1])
[    0.000000] ACPI: IOAPIC (id[0x02] address[0xfec00000] gsi_base[0])
[    0.000000] IOAPIC[0]: apic_id 2, version 33, address 0xfec00000, GSI 0-23
[    0.000000] ACPI: INT_SRC_OVR (bus 0 bus_irq 0 global_irq 2 dfl dfl)
[    0.000000] ACPI: IRQ0 used by override.
[    0.000000] ACPI: IRQ2 used by override.
[    0.000000] ACPI: IRQ9 used by override.
[    0.000000] Using ACPI (MADT) for SMP configuration information
[    0.000000] ACPI: HPET id: 0x43538210 base: 0xfed00000
[    0.000000] smpboot: Allowing 4 CPUs, 0 hotplug CPUs
[    0.000000] nr_irqs_gsi: 40
[    0.000000] e820: [mem 0xc0000000-0xfebfffff] available for PCI devices
[    0.000000] setup_percpu: NR_CPUS:64 nr_cpumask_bits:64 nr_cpu_ids:4 nr_node_ids:1
[    0.000000] PERCPU: Embedded 27 pages/cpu @ffff88041dc00000 s80128 r8192 d22272 u524288
[    0.000000] pcpu-alloc: s80128 r8192 d22272 u524288 alloc=1*2097152
[    0.000000] pcpu-alloc: [0] 0 1 2 3 
[    0.000000] Built 1 zonelists in Zone order, mobility grouping on.  Total pages: 3993197
[    0.000000] Policy zone: Normal
[    0.000000] Kernel command line: BOOT_IMAGE=/vmlinuz-316-x86_64 root=UUID=bfa4ab6e-19a3-4601-ba2b-267c55841c73 rw cryptdevice=/dev/disk/by-uuid/70c08890-417a-497d-b6ab-c0d0357a63e2:cryptManjaro:allow-discards ipv6.disable=1 pnp.debug=1 loglevel=9 log_buf_len=10M printk.always_kmsg_dump=y printk.time=y mminit_loglevel=0 memory_corruption_check=1 acpi.debug_layer=0xfbff0000 acpi.debug_level=0xFFFFFFFD pnp.debug=1 nohz=on rcu_nocbs=1-3 pcie_aspm=force nofb
[    0.000000] PCIe ASPM is forcibly enabled
[    0.000000] PID hash table entries: 4096 (order: 3, 32768 bytes)
[    0.000000] Memory: 15873056K/16226416K available (5216K kernel code, 711K rwdata, 1912K rodata, 844K init, 2580K bss, 353360K reserved)
[    0.000000] SLUB: HWalign=64, Order=0-3, MinObjects=0, CPUs=4, Nodes=1
[    0.000000] Hierarchical RCU implementation.
[    0.000000] 	RCU dyntick-idle grace-period acceleration is enabled.
[    0.000000] 	Additional per-CPU info printed with stalls.
[    0.000000] 	RCU restricting CPUs from NR_CPUS=64 to nr_cpu_ids=4.
[    0.000000] 	Offload RCU callbacks from all CPUs
[    0.000000] 	Offload RCU callbacks from CPUs: 0-3.
[    0.000000] RCU: Adjusting geometry for rcu_fanout_leaf=16, nr_cpu_ids=4
[    0.000000] NO_HZ: Full dynticks CPUs: 1-63.
[    0.000000] NR_IRQS:4352 nr_irqs:712 16
[    0.000000] spurious 8259A interrupt: IRQ7.
[    0.000000] Console: colour VGA+ 80x25
[    0.000000] console [tty0] enabled
[    0.000000] allocated 65011712 bytes of page_cgroup
[    0.000000] please try 'cgroup_disable=memory' option if you don't want memory cgroups
[    0.000000] hpet clockevent registered
[    0.000000] tsc: Fast TSC calibration using PIT
[    0.000000] tsc: Detected 1397.442 MHz processor
[    0.000055] Calibrating delay loop (skipped), value calculated using timer frequency.. 2796.33 BogoMIPS (lpj=4658140)
[    0.000168] pid_max: default: 32768 minimum: 301
[    0.000221] ACPI: Core revision 20140424
[    0.024283] ACPI: All ACPI Tables successfully acquired
[    0.026021] Security Framework initialized
[    0.028491] Dentry cache hash table entries: 2097152 (order: 12, 16777216 bytes)
[    0.035180] Inode-cache hash table entries: 1048576 (order: 11, 8388608 bytes)
[    0.038150] Mount-cache hash table entries: 32768 (order: 6, 262144 bytes)
[    0.038271] Mountpoint-cache hash table entries: 32768 (order: 6, 262144 bytes)
[    0.038811] Initializing cgroup subsys memory
[    0.038938] Initializing cgroup subsys devices
[    0.039024] Initializing cgroup subsys freezer
[    0.039070] Initializing cgroup subsys blkio
[    0.039146] tseg: 00bfe00000
[    0.039189] CPU: Physical Processor ID: 0
[    0.039232] CPU: Processor Core ID: 0
[    0.039275] mce: CPU supports 6 MCE banks
[    0.039328] Last level iTLB entries: 4KB 512, 2MB 16, 4MB 8
Last level dTLB entries: 4KB 1024, 2MB 128, 4MB 64, 1GB 0
tlb_flushall_shift: 6
[    0.039554] Freeing SMP alternatives memory: 20K (ffffffff81986000 - ffffffff8198b000)
[    0.040146] ..TIMER: vector=0x30 apic1=0 pin1=2 apic2=-1 pin2=-1
[    0.073218] smpboot: CPU0: AMD A6-3400M APU with Radeon(tm) HD Graphics (fam: 12, model: 01, stepping: 00)
[    0.176911] Performance Events: AMD PMU driver.
[    0.176992] ... version:                0
[    0.177034] ... bit width:              48
[    0.177074] ... generic registers:      4
[    0.177116] ... value mask:             0000ffffffffffff
[    0.177158] ... max period:             00007fffffffffff
[    0.177200] ... fixed-purpose events:   0
[    0.177241] ... event mask:             000000000000000f
[    0.177764] MCE: In-kernel MCE decoding enabled.
[    0.177938] NMI watchdog: enabled on all CPUs, permanently consumes one hw-PMU counter.
[    0.178127] x86: Booting SMP configuration:
[    0.178216] .... node  #0, CPUs:      #1
[    0.191496] TSC synchronization [CPU#0 -> CPU#1]:
[    0.191621] Measured 131922204 cycles TSC warp between CPUs, turning off TSC clock.
[    0.191673] tsc: Marking TSC unstable due to check_tsc_sync_source failed
[    0.191895]  #2 #3
[    0.214495] x86: Booted up 1 node, 4 CPUs
[    0.214575] smpboot: Total of 4 processors activated (11184.35 BogoMIPS)
[    0.113444] devtmpfs: initialized
[    0.113473] device: 'platform': device_add
[    0.113555] bus: 'platform': registered
[    0.113654] bus: 'cpu': registered
[    0.116679] device: 'cpu': device_add
[    0.116746] bus: 'container': registered
[    0.116788] device: 'container': device_add
[    0.117109] bus: 'workqueue': registered
[    0.117109] device: 'workqueue': device_add
[    0.117109] kworker/u8:0 (39) used greatest stack depth: 14144 bytes left
[    0.117221] atomic64_test: passed for x86-64 platform with CX8 and with SSE
[    0.117304] device class 'regulator': registering
[    0.117382] Registering platform device 'reg-dummy'. Parent at platform
[    0.117474] device: 'reg-dummy': device_add
[    0.117521] bus: 'platform': add device reg-dummy
[    0.117586] bus: 'platform': add driver reg-dummy
[    0.117631] bus: 'platform': driver_probe_device: matched device reg-dummy with driver reg-dummy
[    0.117679] bus: 'platform': really_probe: probing driver reg-dummy with device reg-dummy
[    0.117734] device: 'regulator.0': device_add
[    0.117803] regulator-dummy: no parameters
[    0.117857] driver: 'reg-dummy': driver_bound: bound to device 'reg-dummy'
[    0.117901] bus: 'platform': really_probe: bound device reg-dummy to driver reg-dummy
[    0.118027] NET: Registered protocol family 16
[    0.118254] device class 'bdi': registering
[    0.118327] bus: 'platform': add driver ramoops
[    0.118389] device class 'pci_bus': registering
[    0.118457] bus: 'pci': registered
[    0.118504] device class 'backlight': registering
[    0.118556] device class 'tty': registering
[    0.118605] device class 'vtconsole': registering
[    0.118652] device: 'vtcon0': device_add
[    0.118733] bus: 'node': registered
[    0.118821] device: 'node': device_add
[    0.118894] bus: 'i2c': registered
[    0.118935] bus: 'i2c': add driver dummy
[    0.118983] i2c-core: driver [dummy] registered
[    0.119026] cpuidle: using governor ladder
[    0.119067] cpuidle: using governor menu
[    0.119360] ACPI FADT declares the system doesn't support PCIe ASPM, so disable it
[    0.119450] ACPI: bus type PCI registered
[    0.119489] acpiphp: ACPI Hot Plug PCI Controller Driver version: 0.5
[    0.120009] device class 'dmi': registering
[    0.120057] device: 'id': device_add
[    0.120217] PCI: MMCONFIG for domain 0000 [bus 00-3f] at [mem 0xf8000000-0xfbffffff] (base 0xf8000000)
[    0.120263] PCI: not using MMCONFIG
[    0.120301] PCI: Using configuration type 1 for base access
[    0.120339] PCI: Using configuration type 1 for extended access
[    0.120513] device: 'node0': device_add
[    0.120600] bus: 'node': add device node0
[    0.120671] device: 'cpu0': device_add
[    0.120712] bus: 'cpu': add device cpu0
[    0.120788] device: 'cpu1': device_add
[    0.120829] bus: 'cpu': add device cpu1
[    0.120909] device: 'cpu2': device_add
[    0.120983] bus: 'cpu': add device cpu2
[    0.121057] device: 'cpu3': device_add
[    0.121098] bus: 'cpu': add device cpu3
[    0.130071] device: 'writeback': device_add
[    0.130131] bus: 'workqueue': add device writeback
[    0.130216] device: 'default': device_add
[    0.130410] device class 'block': registering
[    0.130410] ACPI: Added _OSI(Module Device)
[    0.130410] ACPI: Added _OSI(Processor Device)
[    0.130410] ACPI: Added _OSI(3.0 _SCP Extensions)
[    0.130410] ACPI: Added _OSI(Processor Aggregator Device)
[    0.134266] 
**** Context Switch from TID 4294967295 to TID 137625600 ****

[    0.134367]     utils-0051 util_eval_error       : Evaluate [\_SB_.PCI0.LPC0.EC0_._GLK]: AE_NOT_FOUND
[    0.134870] Executing  Method       \_SB_.PCI0.LPC0.EC0_._REG
[    0.135734] Executing  Method       \_SB_.PCI0.LPC0.EC0_._REG
[    0.135880] Executing  Method       \_SB_.PCI0.LPC0.EC0_._REG
[    0.136068] Executing  Method       \_SB_.PCI0.LPC0.EC0_._REG
[    0.139230] Initializing Region       \_SB_.OSTY
[    0.139414] Initializing Region       \_SB_.PCI0.NBMS
[    0.139541] Initializing Region       \_SB_.PCI0.NBXP
[    0.139669] Initializing Region       \_SB_.PCI0.K8ST
[    0.139832] Initializing Region       \_SB_.PCI0.BAR1
[    0.139970] Initializing Region       \_SB_.PCI0.PB2_.XPEX
[    0.140091] Initializing Region       \_SB_.PCI0.PB2_.PCFG
[    0.140217] Initializing Region       \_SB_.PCI0.PB2_.XPCB
[    0.140342] Initializing Region       \_SB_.PCI0.PB2_.XPRI
[    0.140471] Initializing Region       \_SB_.PCI0.PB2_.VGA_.PCFG
[    0.140656] Initializing Region       \_SB_.PCI0.PB2_.HDAU.PCFG
[    0.140811] Initializing Region       \_SB_.PCI0.PB3_.XPEX
[    0.140937] Initializing Region       \_SB_.PCI0.PB3_.PCFG
[    0.141062] Initializing Region       \_SB_.PCI0.PB3_.XPCB
[    0.141188] Initializing Region       \_SB_.PCI0.PB3_.XPRI
[    0.141318] Initializing Region       \_SB_.PCI0.PB3_.VGA_.PCFG
[    0.141512] Initializing Region       \_SB_.PCI0.PB3_.HDAU.PCFG
[    0.141658] Initializing Region       \_SB_.PCI0.PB4_.XPEX
[    0.141783] Initializing Region       \_SB_.PCI0.PB4_.PCFG
[    0.141909] Initializing Region       \_SB_.PCI0.PB4_.XPCB
[    0.142035] Initializing Region       \_SB_.PCI0.PB4_.XPRI
[    0.142165] Initializing Region       \_SB_.PCI0.PB4_.XPDV.PCFG
[    0.142304] Initializing Region       \_SB_.PCI0.PB5_.XPEX
[    0.142430] Initializing Region       \_SB_.PCI0.PB5_.PCFG
[    0.142556] Initializing Region       \_SB_.PCI0.PB5_.XPCB
[    0.142683] Initializing Region       \_SB_.PCI0.PB5_.XPRI
[    0.142813] Initializing Region       \_SB_.PCI0.PB5_.XPDV.PCFG
[    0.142953] Initializing Region       \_SB_.PCI0.PB6_.XPEX
[    0.143079] Initializing Region       \_SB_.PCI0.PB6_.PCFG
[    0.143205] Initializing Region       \_SB_.PCI0.PB6_.XPCB
[    0.143339] Initializing Region       \_SB_.PCI0.PB6_.XPRI
[    0.143460] Initializing Region       \_SB_.PCI0.PB6_.XPDV.PCFG
[    0.143591] Initializing Region       \_SB_.PCI0.PB7_.XPEX
[    0.143708] Initializing Region       \_SB_.PCI0.PB7_.PCFG
[    0.143824] Initializing Region       \_SB_.PCI0.PB7_.XPCB
[    0.143942] Initializing Region       \_SB_.PCI0.PB7_.XPRI
[    0.144063] Initializing Region       \_SB_.PCI0.PB7_.XPDV.PCFG
[    0.144450] Initializing Region       \_SB_.PCI0.SATC
[    0.144613] Initializing Region       \_SB_.PCI0.RMEM
[    0.144759] Initializing Region       \_SB_.PCI0.SATA.SATX
[    0.144883] Initializing Region       \_SB_.PCI0.SATA.BAR5
[    0.163556] Initializing Region       \_SB_.PCI0.SMB_.SBRV
[    0.163743] Initializing Region       \_SB_.PCI0.SMB_.PMIO
[    0.163871] Initializing Region       \_SB_.PCI0.SMB_.ERMM
[    0.164125] Initializing Region       \_SB_.PCI0.SMB_.P1E0
[    0.164311] Initializing Region       \_SB_.PCI0.SMB_.ABIO
[    0.164439] Initializing Region       \_SB_.PCI0.SMB_.SMB0
[    0.164569] Initializing Region       \_SB_.PCI0.LPC0.PIRQ
[    0.164747] Initializing Region       \_SB_.PCI0.LPC0.LPCR
[    0.164963] Initializing Region       \_SB_.PCI0.LPC0.LPCS
[    0.165146] Initializing Region       \_SB_.PCI0.LPC0.SMI0
[    0.165271] Initializing Region       \_SB_.PCI0.LPC0.SMI1
[    0.165403] Initializing Region       \_SB_.PCI0.LPC0.EC0_.ECO1
[    0.165528] Initializing Region       \_SB_.PCI0.LPC0.EC0_.ECO2
[    0.165653] Initializing Region       \_SB_.PCI0.LPC0.EC0_.ECMB
[    0.165778] Initializing Region       \_SB_.PCI0.LPC0.EC0_.RAM_
[    0.166010] Initializing Region       \_SB_.PCI0.LPC0.EC0_.CMOS
[    0.166160] Initializing Region       \_SB_.PCI0.LPC0.EC0_.VPC0.ERAM
[    0.166746] Initializing Region       \_SB_.PCI0.SPB0.PCFG
[    0.166872] Initializing Region       \_SB_.PCI0.SPB0.XPCB
[    0.167001] Initializing Region       \_SB_.PCI0.SPB0.XPDV.PCFG
[    0.167140] Initializing Region       \_SB_.PCI0.SPB1.PCFG
[    0.167266] Initializing Region       \_SB_.PCI0.SPB1.XPCB
[    0.167395] Initializing Region       \_SB_.PCI0.SPB1.XPDV.PCFG
[    0.167533] Initializing Region       \_SB_.PCI0.SPB2.PCFG
[    0.167659] Initializing Region       \_SB_.PCI0.SPB2.XPCB
[    0.167788] Initializing Region       \_SB_.PCI0.SPB2.XPDV.PCFG
[    0.167926] Initializing Region       \_SB_.PCI0.SPB3.PCFG
[    0.168051] Initializing Region       \_SB_.PCI0.SPB3.XPCB
[    0.168180] Initializing Region       \_SB_.PCI0.SPB3.XPDV.PCFG
[    0.168467] Initializing Region       \_SB_.PCI0.VGA_.REVD
[    0.168838] Initializing BufferField  \_SB_.AMW0.WLID
[    0.170459] Initializing Region       \DEB2
[    0.170632] Initializing Region       \PMIO
[    0.170757] Initializing Region       \P01_
[    0.170908] Initializing Region       \CNVS
[    0.171080] Initializing Region       \SPRT
[    0.171220] Initializing Region       \CMIO
[    0.171491] Executing  Method       \_SB_._STA
[    0.171687] Executing  Method       \_SB_._INI
[    0.171836] Executing  Method       \_SB_.PCI0._STA
[    0.171984] Executing  Method       \_SB_.PCI0._INI
[    0.172381] [Firmware Bug]: ACPI: BIOS _OSI(Linux) query ignored
[    0.172873] Executing  Method       \_SB_.PCI0.SATA._STA
[    0.173069] Executing  Method       \_SB_.PCI0.SATA._INI
[    0.174072] Executing  Method       \_SB_.PCI0.LPC0.EC0_._REG
[    0.213699] ACPI: Interpreter enabled
[    0.213809] ACPI: (supports S0 S5)
[    0.213851] ACPI: Using IOAPIC for interrupt routing
[    0.214211] PCI: MMCONFIG for domain 0000 [bus 00-3f] at [mem 0xf8000000-0xfbffffff] (base 0xf8000000)
[    0.215024] PCI: MMCONFIG at [mem 0xf8000000-0xfbffffff] reserved in ACPI motherboard resources
[    0.215281] bus: 'acpi': registered
[    0.215373] PCI: Using host bridge windows from ACPI; if necessary, use "pci=nocrs" and report a bug
[    0.215434]      scan-1133 get_device_data       : No context for object [ffffffffffffffff]
[    0.215559]     utils-0051 util_eval_error       : Evaluate [\._STA]: AE_NOT_FOUND
[    0.215696] device: 'LNXSYSTM:00': device_add
[    0.215743] bus: 'acpi': add device LNXSYSTM:00
[    0.215809]     utils-0051 util_eval_error       : Evaluate [\._SUN]: AE_NOT_FOUND
[    0.215940]      scan-1922 add_single_object     : Added LNXSYSTM:00 [\] parent (null)
[    0.216069]      scan-1133 get_device_data       : No context for object [ffff88040d81d000]
[    0.216187]      scan-1133 get_device_data       : No context for object [ffff88040d8377d0]
[    0.216305]      scan-1133 get_device_data       : No context for object [ffff88040d8377f8]
[    0.216423]      scan-1133 get_device_data       : No context for object [ffff88040d837820]
[    0.216534]      scan-1133 get_device_data       : No context for object [ffff88040d837848]
[    0.216672]      scan-1133 get_device_data       : No context for object [ffff88040d837870]
[    0.216780]      scan-1133 get_device_data       : No context for object [ffff88040d837898]
[    0.216887]      scan-1133 get_device_data       : No context for object [ffff88040d8378c0]
[    0.216995]      scan-1133 get_device_data       : No context for object [ffff88040d8378e8]
[    0.217103]      scan-1133 get_device_data       : No context for object [ffff88040d839398]
[    0.217211]      scan-1133 get_device_data       : No context for object [ffff88040d81d028]
[    0.217319]      scan-1133 get_device_data       : No context for object [ffff88040d81d168]
[    0.217429]     utils-0051 util_eval_error       : Evaluate [\_PR_.C000._STA]: AE_NOT_FOUND
[    0.217538]      scan-1133 get_device_data       : No context for object [ffff88040d81d028]
[    0.217656] device: 'LNXCPU:00': device_add
[    0.217697] bus: 'acpi': add device LNXCPU:00
[    0.217755]     utils-0051 util_eval_error       : Evaluate [\_PR_.C000._SUN]: AE_NOT_FOUND
[    0.217874]      scan-1922 add_single_object     : Added LNXCPU:00 [\_PR_.C000] parent LNXSYSTM:00
[    0.217986]      scan-1133 get_device_data       : No context for object [ffff88040d83c398]
[    0.218095]      scan-1133 get_device_data       : No context for object [ffff88040d83c3c0]
[    0.218202]      scan-1133 get_device_data       : No context for object [ffff88040d83c3e8]
[    0.218311]      scan-1133 get_device_data       : No context for object [ffff88040d83c410]
[    0.218418]      scan-1133 get_device_data       : No context for object [ffff88040d83c438]
[    0.218526]      scan-1133 get_device_data       : No context for object [ffff88040d83c460]
[    0.218634]      scan-1133 get_device_data       : No context for object [ffff88040d81d190]
[    0.218744]     utils-0051 util_eval_error       : Evaluate [\_PR_.C001._STA]: AE_NOT_FOUND
[    0.218852]      scan-1133 get_device_data       : No context for object [ffff88040d81d028]
[    0.218969] device: 'LNXCPU:01': device_add
[    0.219010] bus: 'acpi': add device LNXCPU:01
[    0.219063]     utils-0051 util_eval_error       : Evaluate [\_PR_.C001._SUN]: AE_NOT_FOUND
[    0.219181]      scan-1922 add_single_object     : Added LNXCPU:01 [\_PR_.C001] parent LNXSYSTM:00
[    0.219294]      scan-1133 get_device_data       : No context for object [ffff88040d83c488]
[    0.219401]      scan-1133 get_device_data       : No context for object [ffff88040d83c4b0]
[    0.219509]      scan-1133 get_device_data       : No context for object [ffff88040d83c4d8]
[    0.219617]      scan-1133 get_device_data       : No context for object [ffff88040d83c500]
[    0.219725]      scan-1133 get_device_data       : No context for object [ffff88040d83c528]
[    0.219833]      scan-1133 get_device_data       : No context for object [ffff88040d83c550]
[    0.219941]      scan-1133 get_device_data       : No context for object [ffff88040d81d1b8]
[    0.220046]     utils-0051 util_eval_error       : Evaluate [\_PR_.C002._STA]: AE_NOT_FOUND
[    0.220155]      scan-1133 get_device_data       : No context for object [ffff88040d81d028]
[    0.220271] device: 'LNXCPU:02': device_add
[    0.220312] bus: 'acpi': add device LNXCPU:02
[    0.220365]     utils-0051 util_eval_error       : Evaluate [\_PR_.C002._SUN]: AE_NOT_FOUND
[    0.220482]      scan-1922 add_single_object     : Added LNXCPU:02 [\_PR_.C002] parent LNXSYSTM:00
[    0.220594]      scan-1133 get_device_data       : No context for object [ffff88040d83c578]
[    0.220703]      scan-1133 get_device_data       : No context for object [ffff88040d83c5a0]
[    0.220810]      scan-1133 get_device_data       : No context for object [ffff88040d83c5c8]
[    0.220918]      scan-1133 get_device_data       : No context for object [ffff88040d83c5f0]
[    0.221026]      scan-1133 get_device_data       : No context for object [ffff88040d83c618]
[    0.221134]      scan-1133 get_device_data       : No context for object [ffff88040d83c640]
[    0.221243]      scan-1133 get_device_data       : No context for object [ffff88040d81d1e0]
[    0.221354]     utils-0051 util_eval_error       : Evaluate [\_PR_.C003._STA]: AE_NOT_FOUND
[    0.221462]      scan-1133 get_device_data       : No context for object [ffff88040d81d028]
[    0.221577] device: 'LNXCPU:03': device_add
[    0.221618] bus: 'acpi': add device LNXCPU:03
[    0.221673]     utils-0051 util_eval_error       : Evaluate [\_PR_.C003._SUN]: AE_NOT_FOUND
[    0.221791]      scan-1922 add_single_object     : Added LNXCPU:03 [\_PR_.C003] parent LNXSYSTM:00
[    0.221903]      scan-1133 get_device_data       : No context for object [ffff88040d83c668]
[    0.222011]      scan-1133 get_device_data       : No context for object [ffff88040d83c690]
[    0.222120]      scan-1133 get_device_data       : No context for object [ffff88040d83c6b8]
[    0.222227]      scan-1133 get_device_data       : No context for object [ffff88040d83c6e0]
[    0.222334]      scan-1133 get_device_data       : No context for object [ffff88040d83c708]
[    0.222440]      scan-1133 get_device_data       : No context for object [ffff88040d83c730]
[    0.222548]      scan-1133 get_device_data       : No context for object [ffff88040d81d050]
[    0.222659]     utils-0051 util_eval_error       : Evaluate [\_SB_._STA]: AE_NOT_FOUND
[    0.222814] device: 'LNXSYBUS:00': device_add
[    0.222881] bus: 'acpi': add device LNXSYBUS:00
[    0.222934]     utils-0051 util_eval_error       : Evaluate [\_SB_._SUN]: AE_NOT_FOUND
[    0.223051]      scan-1922 add_single_object     : Added LNXSYBUS:00 [\_SB_] parent LNXSYSTM:00
[    0.223167]      scan-1133 get_device_data       : No context for object [ffff88040d81d3c0]
[    0.223275]      scan-1133 get_device_data       : No context for object [ffff88040d81d3e8]
[    0.224345]      scan-1133 get_device_data       : No context for object [ffff88040d81d410]
[    0.224452]      scan-1133 get_device_data       : No context for object [ffff88040d81d438]
[    0.224560]      scan-1133 get_device_data       : No context for object [ffff88040d81d460]
[    0.224668]      scan-1133 get_device_data       : No context for object [ffff88040d81d488]
[    0.224776]      scan-1133 get_device_data       : No context for object [ffff88040d81d4b0]
[    0.224883]      scan-1133 get_device_data       : No context for object [ffff88040d81d5a0]
[    0.224993]     utils-0051 util_eval_error       : Evaluate [\_SB_.PWRB._STA]: AE_NOT_FOUND
[    0.225135] device: 'PNP0C0C:00': device_add
[    0.225177] bus: 'acpi': add device PNP0C0C:00
[    0.225230]     utils-0051 util_eval_error       : Evaluate [\_SB_.PWRB._SUN]: AE_NOT_FOUND
[    0.225349]      scan-1922 add_single_object     : Added PNP0C0C:00 [\_SB_.PWRB] parent LNXSYBUS:00
[    0.225468]      scan-1133 get_device_data       : No context for object [ffff88040d81d5c8]
[    0.225577]      scan-1133 get_device_data       : No context for object [ffff88040d81d5f0]
[    0.225688]     utils-0051 util_eval_error       : Evaluate [\_SB_.PCI0._STA]: AE_NOT_FOUND
[    0.225849] device: 'PNP0A08:00': device_add
[    0.225914] bus: 'acpi': add device PNP0A08:00
[    0.225971]     utils-0051 util_eval_error       : Evaluate [\_SB_.PCI0._SUN]: AE_NOT_FOUND
[    0.226090]      scan-1922 add_single_object     : Added PNP0A08:00 [\_SB_.PCI0] parent LNXSYBUS:00
[    0.226209]      scan-1133 get_device_data       : No context for object [ffff88040d81d618]
[    0.226317]      scan-1133 get_device_data       : No context for object [ffff88040d81d640]
[    0.226425]      scan-1133 get_device_data       : No context for object [ffff88040d81d668]
[    0.226533]      scan-1133 get_device_data       : No context for object [ffff88040d81d690]
[    0.226640]      scan-1133 get_device_data       : No context for object [ffff88040d81d6b8]
[    0.226742]      scan-1133 get_device_data       : No context for object [ffff88040d81d6e0]
[    0.226851]      scan-1133 get_device_data       : No context for object [ffff88040d81d708]
[    0.226958]      scan-1133 get_device_data       : No context for object [ffff88040d81d730]
[    0.227067]      scan-1133 get_device_data       : No context for object [ffff88040d81d758]
[    0.227175]      scan-1133 get_device_data       : No context for object [ffff88040d81d780]
[    0.227283]      scan-1133 get_device_data       : No context for object [ffff88040d81d7a8]
[    0.227391]      scan-1133 get_device_data       : No context for object [ffff88040d81d7d0]
[    0.227499]      scan-1133 get_device_data       : No context for object [ffff88040d81d7f8]
[    0.227608]      scan-1133 get_device_data       : No context for object [ffff88040d81d820]
[    0.227716]      scan-1133 get_device_data       : No context for object [ffff88040d81d848]
[    0.227824]      scan-1133 get_device_data       : No context for object [ffff88040d81d870]
[    0.227932]      scan-1133 get_device_data       : No context for object [ffff88040d81d898]
[    0.228040]      scan-1133 get_device_data       : No context for object [ffff88040d81d8c0]
[    0.228148]      scan-1133 get_device_data       : No context for object [ffff88040d81d8e8]
[    0.228256]      scan-1133 get_device_data       : No context for object [ffff88040d81d910]
[    0.228363]      scan-1133 get_device_data       : No context for object [ffff88040d81d938]
[    0.228472]      scan-1133 get_device_data       : No context for object [ffff88040d81d960]
[    0.228579]      scan-1133 get_device_data       : No context for object [ffff88040d81d988]
[    0.228687]      scan-1133 get_device_data       : No context for object [ffff88040d81d9b0]
[    0.228795]      scan-1133 get_device_data       : No context for object [ffff88040d81d9d8]
[    0.228903]      scan-1133 get_device_data       : No context for object [ffff88040d81da00]
[    0.229010]      scan-1133 get_device_data       : No context for object [ffff88040d81da28]
[    0.229118]      scan-1133 get_device_data       : No context for object [ffff88040d81da50]
[    0.229226]      scan-1133 get_device_data       : No context for object [ffff88040d81da78]
[    0.229334]      scan-1133 get_device_data       : No context for object [ffff88040d81daa0]
[    0.229442]      scan-1133 get_device_data       : No context for object [ffff88040d81dac8]
[    0.229550]      scan-1133 get_device_data       : No context for object [ffff88040d81daf0]
[    0.229658]      scan-1133 get_device_data       : No context for object [ffff88040d81db18]
[    0.229765]      scan-1133 get_device_data       : No context for object [ffff88040d81db40]
[    0.229873]      scan-1133 get_device_data       : No context for object [ffff88040d81db68]
[    0.230003]      scan-1133 get_device_data       : No context for object [ffff88040d81db90]
[    0.230111]      scan-1133 get_device_data       : No context for object [ffff88040d81dbb8]
[    0.230218]      scan-1133 get_device_data       : No context for object [ffff88040d81dbe0]
[    0.230326]      scan-1133 get_device_data       : No context for object [ffff88040d81dc08]
[    0.230434]      scan-1133 get_device_data       : No context for object [ffff88040d81dc30]
[    0.230542]      scan-1133 get_device_data       : No context for object [ffff88040d81dc58]
[    0.230649]      scan-1133 get_device_data       : No context for object [ffff88040d81dc80]
[    0.230757]      scan-1133 get_device_data       : No context for object [ffff88040d81dca8]
[    0.230865]      scan-1133 get_device_data       : No context for object [ffff88040d81dcd0]
[    0.230973]      scan-1133 get_device_data       : No context for object [ffff88040d81dcf8]
[    0.231080]      scan-1133 get_device_data       : No context for object [ffff88040d81dd20]
[    0.231188]      scan-1133 get_device_data       : No context for object [ffff88040d81dd48]
[    0.231296]      scan-1133 get_device_data       : No context for object [ffff88040d81dd70]
[    0.231404]      scan-1133 get_device_data       : No context for object [ffff88040d81dd98]
[    0.231512]      scan-1133 get_device_data       : No context for object [ffff88040d81ddc0]
[    0.231620]      scan-1133 get_device_data       : No context for object [ffff88040d81dde8]
[    0.231728]      scan-1133 get_device_data       : No context for object [ffff88040d81de10]
[    0.231836]      scan-1133 get_device_data       : No context for object [ffff88040d81de38]
[    0.231944]      scan-1133 get_device_data       : No context for object [ffff88040d81de60]
[    0.232052]      scan-1133 get_device_data       : No context for object [ffff88040d81de88]
[    0.232160]      scan-1133 get_device_data       : No context for object [ffff88040d81deb0]
[    0.232268]      scan-1133 get_device_data       : No context for object [ffff88040d81ded8]
[    0.232376]      scan-1133 get_device_data       : No context for object [ffff88040d81df00]
[    0.232484]      scan-1133 get_device_data       : No context for object [ffff88040d81df28]
[    0.232592]      scan-1133 get_device_data       : No context for object [ffff88040d81df50]
[    0.232699]      scan-1133 get_device_data       : No context for object [ffff88040d81df78]
[    0.232807]      scan-1133 get_device_data       : No context for object [ffff88040d81dfa0]
[    0.232915]      scan-1133 get_device_data       : No context for object [ffff88040d81dfc8]
[    0.233023]      scan-1133 get_device_data       : No context for object [ffff88040d822000]
[    0.233131]      scan-1133 get_device_data       : No context for object [ffff88040d822028]
[    0.233240]     utils-0051 util_eval_error       : Evaluate [\_SB_.PCI0.MEMR._STA]: AE_NOT_FOUND
[    0.233371] device: 'PNP0C02:00': device_add
[    0.233448] bus: 'acpi': add device PNP0C02:00
[    0.233501]     utils-0051 util_eval_error       : Evaluate [\_SB_.PCI0.MEMR._SUN]: AE_NOT_FOUND
[    0.233619]      scan-1922 add_single_object     : Added PNP0C02:00 [\_SB_.PCI0.MEMR] parent PNP0A08:00
[    0.233735]      scan-1133 get_device_data       : No context for object [ffff88040d822050]
[    0.233843]      scan-1133 get_device_data       : No context for object [ffff88040d822078]
[    0.233951]      scan-1133 get_device_data       : No context for object [ffff88040d8220a0]
[    0.234060]      scan-1133 get_device_data       : No context for object [ffff88040d8220c8]
[    0.234168]      scan-1133 get_device_data       : No context for object [ffff88040d8220f0]
[    0.235344]      scan-1133 get_device_data       : No context for object [ffff88040d822118]
[    0.235452]      scan-1133 get_device_data       : No context for object [ffff88040d822140]
[    0.235559]      scan-1133 get_device_data       : No context for object [ffff88040d822168]
[    0.235667]      scan-1133 get_device_data       : No context for object [ffff88040d822190]
[    0.235775]      scan-1133 get_device_data       : No context for object [ffff88040d8221b8]
[    0.235883]      scan-1133 get_device_data       : No context for object [ffff88040d8221e0]
[    0.235991]      scan-1133 get_device_data       : No context for object [ffff88040d822208]
[    0.236098]      scan-1133 get_device_data       : No context for object [ffff88040d822230]
[    0.236206]      scan-1133 get_device_data       : No context for object [ffff88040d822258]
[    0.236314]      scan-1133 get_device_data       : No context for object [ffff88040d822280]
[    0.236422]      scan-1133 get_device_data       : No context for object [ffff88040d8222a8]
[    0.236532]     utils-0051 util_eval_error       : Evaluate [\_SB_.PCI0.PB2_._STA]: AE_NOT_FOUND
[    0.236751] device: 'device:00': device_add
[    0.236793] bus: 'acpi': add device device:00
[    0.236848]     utils-0051 util_eval_error       : Evaluate [\_SB_.PCI0.PB2_._SUN]: AE_NOT_FOUND
[    0.236966]      scan-1922 add_single_object     : Added device:00 [\_SB_.PCI0.PB2_] parent PNP0A08:00
[    0.237079]      scan-1133 get_device_data       : No context for object [ffff88040d8222d0]
[    0.237188]      scan-1133 get_device_data       : No context for object [ffff88040d8222f8]
[    0.237296]      scan-1133 get_device_data       : No context for object [ffff88040d822320]
[    0.237404]      scan-1133 get_device_data       : No context for object [ffff88040d822348]
[    0.237512]      scan-1133 get_device_data       : No context for object [ffff88040d822370]
[    0.237620]      scan-1133 get_device_data       : No context for object [ffff88040d822398]
[    0.237728]      scan-1133 get_device_data       : No context for object [ffff88040d8223c0]
[    0.237836]      scan-1133 get_device_data       : No context for object [ffff88040d8223e8]
[    0.237943]      scan-1133 get_device_data       : No context for object [ffff88040d822410]
[    0.238050]      scan-1133 get_device_data       : No context for object [ffff88040d822438]
[    0.238159]      scan-1133 get_device_data       : No context for object [ffff88040d822460]
[    0.238266]      scan-1133 get_device_data       : No context for object [ffff88040d822488]
[    0.238374]      scan-1133 get_device_data       : No context for object [ffff88040d8224b0]
[    0.238483]      scan-1133 get_device_data       : No context for object [ffff88040d8224d8]
[    0.238589]      scan-1133 get_device_data       : No context for object [ffff88040d822500]
[    0.238697]      scan-1133 get_device_data       : No context for object [ffff88040d822528]
[    0.238806]      scan-1133 get_device_data       : No context for object [ffff88040d822550]
[    0.238912]      scan-1133 get_device_data       : No context for object [ffff88040d822578]
[    0.239019]      scan-1133 get_device_data       : No context for object [ffff88040d8225a0]
[    0.239126]      scan-1133 get_device_data       : No context for object [ffff88040d8225c8]
[    0.239234]      scan-1133 get_device_data       : No context for object [ffff88040d8225f0]
[    0.239341]      scan-1133 get_device_data       : No context for object [ffff88040d822618]
[    0.239448]      scan-1133 get_device_data       : No context for object [ffff88040d822640]
[    0.239555]      scan-1133 get_device_data       : No context for object [ffff88040d822668]
[    0.239662]      scan-1133 get_device_data       : No context for object [ffff88040d822690]
[    0.239769]      scan-1133 get_device_data       : No context for object [ffff88040d8226b8]
[    0.239877]      scan-1133 get_device_data       : No context for object [ffff88040d8226e0]
[    0.239984]      scan-1133 get_device_data       : No context for object [ffff88040d822708]
[    0.240076]      scan-1133 get_device_data       : No context for object [ffff88040d822730]
[    0.240184]      scan-1133 get_device_data       : No context for object [ffff88040d822758]
[    0.240291]      scan-1133 get_device_data       : No context for object [ffff88040d822780]
[    0.240402]     utils-0051 util_eval_error       : Evaluate [\_SB_.PCI0.PB2_.VGA_._STA]: AE_NOT_FOUND
[    0.240549] device: 'device:01': device_add
[    0.240625] bus: 'acpi': add device device:01
[    0.240678]     utils-0051 util_eval_error       : Evaluate [\_SB_.PCI0.PB2_.VGA_._SUN]: AE_NOT_FOUND
[    0.240796]      scan-1922 add_single_object     : Added device:01 [\_SB_.PCI0.PB2_.VGA_] parent device:00
[    0.240910]      scan-1133 get_device_data       : No context for object [ffff88040d8227a8]
[    0.241019]      scan-1133 get_device_data       : No context for object [ffff88040d8227d0]
[    0.241126]      scan-1133 get_device_data       : No context for object [ffff88040d8227f8]
[    0.241233]      scan-1133 get_device_data       : No context for object [ffff88040d822820]
[    0.241341]      scan-1133 get_device_data       : No context for object [ffff88040d822848]
[    0.241450]      scan-1133 get_device_data       : No context for object [ffff88040d822870]
[    0.241557]      scan-1133 get_device_data       : No context for object [ffff88040d822898]
[    0.241665]      scan-1133 get_device_data       : No context for object [ffff88040d8228c0]
[    0.241772]      scan-1133 get_device_data       : No context for object [ffff88040d8228e8]
[    0.241880]      scan-1133 get_device_data       : No context for object [ffff88040d822910]
[    0.241988]      scan-1133 get_device_data       : No context for object [ffff88040d822938]
[    0.242095]      scan-1133 get_device_data       : No context for object [ffff88040d822960]
[    0.242203]      scan-1133 get_device_data       : No context for object [ffff88040d822988]
[    0.242311]      scan-1133 get_device_data       : No context for object [ffff88040d8229b0]
[    0.242419]      scan-1133 get_device_data       : No context for object [ffff88040d8229d8]
[    0.242527]      scan-1133 get_device_data       : No context for object [ffff88040d822a00]
[    0.242635]      scan-1133 get_device_data       : No context for object [ffff88040d822a28]
[    0.242743]      scan-1133 get_device_data       : No context for object [ffff88040d822a50]
[    0.242850]      scan-1133 get_device_data       : No context for object [ffff88040d822a78]
[    0.242958]      scan-1133 get_device_data       : No context for object [ffff88040d822aa0]
[    0.243066]      scan-1133 get_device_data       : No context for object [ffff88040d822ac8]
[    0.243174]      scan-1133 get_device_data       : No context for object [ffff88040d822af0]
[    0.243282]      scan-1133 get_device_data       : No context for object [ffff88040d822b18]
[    0.243409]      scan-1133 get_device_data       : No context for object [ffff88040d822b40]
[    0.243517]      scan-1133 get_device_data       : No context for object [ffff88040d822b68]
[    0.243625]      scan-1133 get_device_data       : No context for object [ffff88040d822b90]
[    0.243733]      scan-1133 get_device_data       : No context for object [ffff88040d822bb8]
[    0.243841]      scan-1133 get_device_data       : No context for object [ffff88040d822be0]
[    0.243949]      scan-1133 get_device_data       : No context for object [ffff88040d822c08]
[    0.244056]      scan-1133 get_device_data       : No context for object [ffff88040d822c30]
[    0.244164]      scan-1133 get_device_data       : No context for object [ffff88040d822c58]
[    0.244272]      scan-1133 get_device_data       : No context for object [ffff88040d822c80]
[    0.244381]      scan-1133 get_device_data       : No context for object [ffff88040d822ca8]
[    0.244489]      scan-1133 get_device_data       : No context for object [ffff88040d822cd0]
[    0.244597]      scan-1133 get_device_data       : No context for object [ffff88040d822cf8]
[    0.244704]      scan-1133 get_device_data       : No context for object [ffff88040d822d20]
[    0.244812]      scan-1133 get_device_data       : No context for object [ffff88040d822d48]
[    0.244920]      scan-1133 get_device_data       : No context for object [ffff88040d822d70]
[    0.245028]      scan-1133 get_device_data       : No context for object [ffff88040d822d98]
[    0.245136]      scan-1133 get_device_data       : No context for object [ffff88040d837438]
[    0.246311]      scan-1133 get_device_data       : No context for object [ffff88040d822dc0]
[    0.246421]     utils-0051 util_eval_error       : Evaluate [\_SB_.PCI0.PB2_.HDAU._STA]: AE_NOT_FOUND
[    0.246564] device: 'device:02': device_add
[    0.246606] bus: 'acpi': add device device:02
[    0.246658]     utils-0051 util_eval_error       : Evaluate [\_SB_.PCI0.PB2_.HDAU._SUN]: AE_NOT_FOUND
[    0.246752]      scan-1922 add_single_object     : Added device:02 [\_SB_.PCI0.PB2_.HDAU] parent device:00
[    0.246865]      scan-1133 get_device_data       : No context for object [ffff88040d822de8]
[    0.246974]      scan-1133 get_device_data       : No context for object [ffff88040d822e10]
[    0.247082]      scan-1133 get_device_data       : No context for object [ffff88040d822e38]
[    0.247190]      scan-1133 get_device_data       : No context for object [ffff88040d822e60]
[    0.247297]      scan-1133 get_device_data       : No context for object [ffff88040d822e88]
[    0.247405]      scan-1133 get_device_data       : No context for object [ffff88040d822eb0]
[    0.247513]      scan-1133 get_device_data       : No context for object [ffff88040d822ed8]
[    0.247623]     utils-0051 util_eval_error       : Evaluate [\_SB_.PCI0.PB3_._STA]: AE_NOT_FOUND
[    0.247816] device: 'device:03': device_add
[    0.247858] bus: 'acpi': add device device:03
[    0.247913]     utils-0051 util_eval_error       : Evaluate [\_SB_.PCI0.PB3_._SUN]: AE_NOT_FOUND
[    0.248031]      scan-1922 add_single_object     : Added device:03 [\_SB_.PCI0.PB3_] parent PNP0A08:00
[    0.248143]      scan-1133 get_device_data       : No context for object [ffff88040d822f00]
[    0.248252]      scan-1133 get_device_data       : No context for object [ffff88040d822f28]
[    0.248360]      scan-1133 get_device_data       : No context for object [ffff88040d822f50]
[    0.248467]      scan-1133 get_device_data       : No context for object [ffff88040d822f78]
[    0.248575]      scan-1133 get_device_data       : No context for object [ffff88040d822fa0]
[    0.248683]      scan-1133 get_device_data       : No context for object [ffff88040d822fc8]
[    0.248791]      scan-1133 get_device_data       : No context for object [ffff88040d823000]
[    0.248898]      scan-1133 get_device_data       : No context for object [ffff88040d823028]
[    0.249007]      scan-1133 get_device_data       : No context for object [ffff88040d823050]
[    0.249114]      scan-1133 get_device_data       : No context for object [ffff88040d823078]
[    0.249222]      scan-1133 get_device_data       : No context for object [ffff88040d8230a0]
[    0.249330]      scan-1133 get_device_data       : No context for object [ffff88040d8230c8]
[    0.249438]      scan-1133 get_device_data       : No context for object [ffff88040d8230f0]
[    0.249546]      scan-1133 get_device_data       : No context for object [ffff88040d823118]
[    0.249653]      scan-1133 get_device_data       : No context for object [ffff88040d823140]
[    0.249761]      scan-1133 get_device_data       : No context for object [ffff88040d823168]
[    0.249869]      scan-1133 get_device_data       : No context for object [ffff88040d823190]
[    0.250004]      scan-1133 get_device_data       : No context for object [ffff88040d8231b8]
[    0.250111]      scan-1133 get_device_data       : No context for object [ffff88040d8231e0]
[    0.250219]      scan-1133 get_device_data       : No context for object [ffff88040d823208]
[    0.250327]      scan-1133 get_device_data       : No context for object [ffff88040d823230]
[    0.250435]      scan-1133 get_device_data       : No context for object [ffff88040d823258]
[    0.250543]      scan-1133 get_device_data       : No context for object [ffff88040d823280]
[    0.250650]      scan-1133 get_device_data       : No context for object [ffff88040d8232a8]
[    0.250758]      scan-1133 get_device_data       : No context for object [ffff88040d8232d0]
[    0.250866]      scan-1133 get_device_data       : No context for object [ffff88040d8232f8]
[    0.250973]      scan-1133 get_device_data       : No context for object [ffff88040d823320]
[    0.251081]      scan-1133 get_device_data       : No context for object [ffff88040d823348]
[    0.251189]      scan-1133 get_device_data       : No context for object [ffff88040d823370]
[    0.251297]      scan-1133 get_device_data       : No context for object [ffff88040d823398]
[    0.251405]      scan-1133 get_device_data       : No context for object [ffff88040d8233c0]
[    0.251515]     utils-0051 util_eval_error       : Evaluate [\_SB_.PCI0.PB3_.VGA_._STA]: AE_NOT_FOUND
[    0.251654]     video-0058 backlight_cap_match   : Found generic backlight support
[    0.251773] device: 'LNXVIDEO:00': device_add
[    0.251815] bus: 'acpi': add device LNXVIDEO:00
[    0.251871]     utils-0051 util_eval_error       : Evaluate [\_SB_.PCI0.PB3_.VGA_._SUN]: AE_NOT_FOUND
[    0.251989]      scan-1922 add_single_object     : Added LNXVIDEO:00 [\_SB_.PCI0.PB3_.VGA_] parent device:03
[    0.252106]      scan-1133 get_device_data       : No context for object [ffff88040d8233e8]
[    0.252215]      scan-1133 get_device_data       : No context for object [ffff88040d823410]
[    0.252323]      scan-1133 get_device_data       : No context for object [ffff88040d823438]
[    0.252431]      scan-1133 get_device_data       : No context for object [ffff88040d823460]
[    0.252539]      scan-1133 get_device_data       : No context for object [ffff88040d823488]
[    0.252646]      scan-1133 get_device_data       : No context for object [ffff88040d8234b0]
[    0.252754]      scan-1133 get_device_data       : No context for object [ffff88040d8234d8]
[    0.252862]      scan-1133 get_device_data       : No context for object [ffff88040d823500]
[    0.252970]      scan-1133 get_device_data       : No context for object [ffff88040d823528]
[    0.253078]      scan-1133 get_device_data       : No context for object [ffff88040d823550]
[    0.253186]      scan-1133 get_device_data       : No context for object [ffff88040d823578]
[    0.253294]      scan-1133 get_device_data       : No context for object [ffff88040d8235a0]
[    0.253409]      scan-1133 get_device_data       : No context for object [ffff88040d8235c8]
[    0.253517]      scan-1133 get_device_data       : No context for object [ffff88040d8235f0]
[    0.253625]      scan-1133 get_device_data       : No context for object [ffff88040d823618]
[    0.253732]      scan-1133 get_device_data       : No context for object [ffff88040d823640]
[    0.253841]      scan-1133 get_device_data       : No context for object [ffff88040d823668]
[    0.253948]      scan-1133 get_device_data       : No context for object [ffff88040d823690]
[    0.254056]      scan-1133 get_device_data       : No context for object [ffff88040d8236b8]
[    0.254164]      scan-1133 get_device_data       : No context for object [ffff88040d8236e0]
[    0.254272]      scan-1133 get_device_data       : No context for object [ffff88040d823708]
[    0.254380]      scan-1133 get_device_data       : No context for object [ffff88040d823730]
[    0.254488]      scan-1133 get_device_data       : No context for object [ffff88040d823758]
[    0.254596]      scan-1133 get_device_data       : No context for object [ffff88040d823780]
[    0.254704]      scan-1133 get_device_data       : No context for object [ffff88040d8237a8]
[    0.254812]      scan-1133 get_device_data       : No context for object [ffff88040d8237d0]
[    0.254919]      scan-1133 get_device_data       : No context for object [ffff88040d8237f8]
[    0.255027]      scan-1133 get_device_data       : No context for object [ffff88040d823820]
[    0.255135]      scan-1133 get_device_data       : No context for object [ffff88040d823848]
[    0.255243]      scan-1133 get_device_data       : No context for object [ffff88040d823870]
[    0.255350]      scan-1133 get_device_data       : No context for object [ffff88040d823898]
[    0.255457]      scan-1133 get_device_data       : No context for object [ffff88040d8238c0]
[    0.255566]      scan-1133 get_device_data       : No context for object [ffff88040d8238e8]
[    0.255674]      scan-1133 get_device_data       : No context for object [ffff88040d823910]
[    0.255781]      scan-1133 get_device_data       : No context for object [ffff88040d823938]
[    0.255889]      scan-1133 get_device_data       : No context for object [ffff88040d823960]
[    0.255995]      scan-1133 get_device_data       : No context for object [ffff88040d823988]
[    0.256102]      scan-1133 get_device_data       : No context for object [ffff88040d8239b0]
[    0.256670]      scan-1133 get_device_data       : No context for object [ffff88040d8239d8]
[    0.256777]      scan-1133 get_device_data       : No context for object [ffff88040d837460]
[    0.256884]      scan-1133 get_device_data       : No context for object [ffff88040d83ac08]
[    0.256991]      scan-1133 get_device_data       : No context for object [ffff88040d83ac30]
[    0.257098]      scan-1133 get_device_data       : No context for object [ffff88040d83ac58]
[    0.257207]     utils-0051 util_eval_error       : Evaluate [\_SB_.PCI0.PB3_.VGA_.CRT_._STA]: AE_NOT_FOUND
[    0.257361] device: 'device:04': device_add
[    0.257403] bus: 'acpi': add device device:04
[    0.257457]     utils-0051 util_eval_error       : Evaluate [\_SB_.PCI0.PB3_.VGA_.CRT_._SUN]: AE_NOT_FOUND
[    0.257575]      scan-1922 add_single_object     : Added device:04 [\_SB_.PCI0.PB3_.VGA_.CRT_] parent LNXVIDEO:00
[    0.257688]      scan-1133 get_device_data       : No context for object [ffff88040d83ac80]
[    0.257797]      scan-1133 get_device_data       : No context for object [ffff88040d83aca8]
[    0.257905]      scan-1133 get_device_data       : No context for object [ffff88040d83acd0]
[    0.258013]      scan-1133 get_device_data       : No context for object [ffff88040d83acf8]
[    0.258122]      scan-1133 get_device_data       : No context for object [ffff88040d83ad20]
[    0.258231]     utils-0051 util_eval_error       : Evaluate [\_SB_.PCI0.PB3_.VGA_.LCD_._STA]: AE_NOT_FOUND
[    0.258388] device: 'device:05': device_add
[    0.258432] bus: 'acpi': add device device:05
[    0.258486]     utils-0051 util_eval_error       : Evaluate [\_SB_.PCI0.PB3_.VGA_.LCD_._SUN]: AE_NOT_FOUND
[    0.258604]      scan-1922 add_single_object     : Added device:05 [\_SB_.PCI0.PB3_.VGA_.LCD_] parent LNXVIDEO:00
[    0.258718]      scan-1133 get_device_data       : No context for object [ffff88040d83ad48]
[    0.258826]      scan-1133 get_device_data       : No context for object [ffff88040d83ad70]
[    0.258934]      scan-1133 get_device_data       : No context for object [ffff88040d83ad98]
[    0.259041]      scan-1133 get_device_data       : No context for object [ffff88040d83adc0]
[    0.259149]      scan-1133 get_device_data       : No context for object [ffff88040d83ade8]
[    0.259257]      scan-1133 get_device_data       : No context for object [ffff88040d83ae10]
[    0.259365]      scan-1133 get_device_data       : No context for object [ffff88040d83ae38]
[    0.259473]      scan-1133 get_device_data       : No context for object [ffff88040d83ae60]
[    0.260077]     utils-0051 util_eval_error       : Evaluate [\_SB_.PCI0.PB3_.VGA_.TV0_._STA]: AE_NOT_FOUND
[    0.260222] device: 'device:06': device_add
[    0.260263] bus: 'acpi': add device device:06
[    0.260316]     utils-0051 util_eval_error       : Evaluate [\_SB_.PCI0.PB3_.VGA_.TV0_._SUN]: AE_NOT_FOUND
[    0.260434]      scan-1922 add_single_object     : Added device:06 [\_SB_.PCI0.PB3_.VGA_.TV0_] parent LNXVIDEO:00
[    0.260548]      scan-1133 get_device_data       : No context for object [ffff88040d83ae88]
[    0.260657]      scan-1133 get_device_data       : No context for object [ffff88040d83aeb0]
[    0.260764]      scan-1133 get_device_data       : No context for object [ffff88040d83aed8]
[    0.260872]      scan-1133 get_device_data       : No context for object [ffff88040d83af00]
[    0.260980]      scan-1133 get_device_data       : No context for object [ffff88040d83af28]
[    0.261089]     utils-0051 util_eval_error       : Evaluate [\_SB_.PCI0.PB3_.VGA_.HDMI._STA]: AE_NOT_FOUND
[    0.261242] device: 'device:07': device_add
[    0.261314] bus: 'acpi': add device device:07
[    0.261370]     utils-0051 util_eval_error       : Evaluate [\_SB_.PCI0.PB3_.VGA_.HDMI._SUN]: AE_NOT_FOUND
[    0.261489]      scan-1922 add_single_object     : Added device:07 [\_SB_.PCI0.PB3_.VGA_.HDMI] parent LNXVIDEO:00
[    0.261603]      scan-1133 get_device_data       : No context for object [ffff88040d83af50]
[    0.261711]      scan-1133 get_device_data       : No context for object [ffff88040d83af78]
[    0.261818]      scan-1133 get_device_data       : No context for object [ffff88040d83afa0]
[    0.261926]      scan-1133 get_device_data       : No context for object [ffff88040d83afc8]
[    0.262034]      scan-1133 get_device_data       : No context for object [ffff88040d823a00]
[    0.262143]     utils-0051 util_eval_error       : Evaluate [\_SB_.PCI0.PB3_.HDAU._STA]: AE_NOT_FOUND
[    0.262287] device: 'device:08': device_add
[    0.262328] bus: 'acpi': add device device:08
[    0.262381]     utils-0051 util_eval_error       : Evaluate [\_SB_.PCI0.PB3_.HDAU._SUN]: AE_NOT_FOUND
[    0.262500]      scan-1922 add_single_object     : Added device:08 [\_SB_.PCI0.PB3_.HDAU] parent device:03
[    0.262613]      scan-1133 get_device_data       : No context for object [ffff88040d823a28]
[    0.262721]      scan-1133 get_device_data       : No context for object [ffff88040d823a50]
[    0.262829]      scan-1133 get_device_data       : No context for object [ffff88040d823a78]
[    0.262937]      scan-1133 get_device_data       : No context for object [ffff88040d823aa0]
[    0.263045]      scan-1133 get_device_data       : No context for object [ffff88040d823ac8]
[    0.263153]      scan-1133 get_device_data       : No context for object [ffff88040d823af0]
[    0.263261]      scan-1133 get_device_data       : No context for object [ffff88040d823b18]
[    0.263377]     utils-0051 util_eval_error       : Evaluate [\_SB_.PCI0.PB4_._STA]: AE_NOT_FOUND
[    0.263571] device: 'device:09': device_add
[    0.263613] bus: 'acpi': add device device:09
[    0.263666]     utils-0051 util_eval_error       : Evaluate [\_SB_.PCI0.PB4_._SUN]: AE_NOT_FOUND
[    0.263784]      scan-1922 add_single_object     : Added device:09 [\_SB_.PCI0.PB4_] parent PNP0A08:00
[    0.263897]      scan-1133 get_device_data       : No context for object [ffff88040d823b40]
[    0.264005]      scan-1133 get_device_data       : No context for object [ffff88040d823b68]
[    0.264113]      scan-1133 get_device_data       : No context for object [ffff88040d823b90]
[    0.264221]      scan-1133 get_device_data       : No context for object [ffff88040d823bb8]
[    0.264329]      scan-1133 get_device_data       : No context for object [ffff88040d823be0]
[    0.264437]      scan-1133 get_device_data       : No context for object [ffff88040d823c08]
[    0.264544]      scan-1133 get_device_data       : No context for object [ffff88040d823c30]
[    0.264652]      scan-1133 get_device_data       : No context for object [ffff88040d823c58]
[    0.264760]      scan-1133 get_device_data       : No context for object [ffff88040d823c80]
[    0.264868]      scan-1133 get_device_data       : No context for object [ffff88040d823ca8]
[    0.264976]      scan-1133 get_device_data       : No context for object [ffff88040d823cd0]
[    0.265084]      scan-1133 get_device_data       : No context for object [ffff88040d823cf8]
[    0.265192]      scan-1133 get_device_data       : No context for object [ffff88040d823d20]
[    0.265300]      scan-1133 get_device_data       : No context for object [ffff88040d823d48]
[    0.265407]      scan-1133 get_device_data       : No context for object [ffff88040d823d70]
[    0.265515]      scan-1133 get_device_data       : No context for object [ffff88040d823d98]
[    0.265623]      scan-1133 get_device_data       : No context for object [ffff88040d823dc0]
[    0.265731]      scan-1133 get_device_data       : No context for object [ffff88040d823de8]
[    0.265841]      scan-1133 get_device_data       : No context for object [ffff88040d823e10]
[    0.265949]      scan-1133 get_device_data       : No context for object [ffff88040d823e38]
[    0.266057]      scan-1133 get_device_data       : No context for object [ffff88040d823e60]
[    0.266164]      scan-1133 get_device_data       : No context for object [ffff88040d823e88]
[    0.266273]      scan-1133 get_device_data       : No context for object [ffff88040d823eb0]
[    0.266380]      scan-1133 get_device_data       : No context for object [ffff88040d823ed8]
[    0.266488]      scan-1133 get_device_data       : No context for object [ffff88040d823f00]
[    0.266596]      scan-1133 get_device_data       : No context for object [ffff88040d823f28]
[    0.266709]      scan-1133 get_device_data       : No context for object [ffff88040d823f50]
[    0.266817]      scan-1133 get_device_data       : No context for object [ffff88040d823f78]
[    0.266924]      scan-1133 get_device_data       : No context for object [ffff88040d823fa0]
[    0.267032]      scan-1133 get_device_data       : No context for object [ffff88040d823fc8]
[    0.267140]      scan-1133 get_device_data       : No context for object [ffff88040d825000]
[    0.268318]     utils-0051 util_eval_error       : Evaluate [\_SB_.PCI0.PB4_.XPDV._STA]: AE_NOT_FOUND
[    0.268463] device: 'device:0a': device_add
[    0.268504] bus: 'acpi': add device device:0a
[    0.268559]     utils-0051 util_eval_error       : Evaluate [\_SB_.PCI0.PB4_.XPDV._SUN]: AE_NOT_FOUND
[    0.268677]      scan-1922 add_single_object     : Added device:0a [\_SB_.PCI0.PB4_.XPDV] parent device:09
[    0.268790]      scan-1133 get_device_data       : No context for object [ffff88040d825028]
[    0.268899]      scan-1133 get_device_data       : No context for object [ffff88040d825050]
[    0.269007]      scan-1133 get_device_data       : No context for object [ffff88040d825078]
[    0.269114]      scan-1133 get_device_data       : No context for object [ffff88040d8250a0]
[    0.269222]      scan-1133 get_device_data       : No context for object [ffff88040d8250c8]
[    0.269330]      scan-1133 get_device_data       : No context for object [ffff88040d837500]
[    0.269438]      scan-1133 get_device_data       : No context for object [ffff88040d8250f0]
[    0.269546]      scan-1133 get_device_data       : No context for object [ffff88040d825118]
[    0.269655]     utils-0051 util_eval_error       : Evaluate [\_SB_.PCI0.PB5_._STA]: AE_NOT_FOUND
[    0.269849] device: 'device:0b': device_add
[    0.269890] bus: 'acpi': add device device:0b
[    0.269943]     utils-0051 util_eval_error       : Evaluate [\_SB_.PCI0.PB5_._SUN]: AE_NOT_FOUND
[    0.270086]      scan-1922 add_single_object     : Added device:0b [\_SB_.PCI0.PB5_] parent PNP0A08:00
[    0.270199]      scan-1133 get_device_data       : No context for object [ffff88040d825140]
[    0.270307]      scan-1133 get_device_data       : No context for object [ffff88040d825168]
[    0.270415]      scan-1133 get_device_data       : No context for object [ffff88040d825190]
[    0.270523]      scan-1133 get_device_data       : No context for object [ffff88040d8251b8]
[    0.270631]      scan-1133 get_device_data       : No context for object [ffff88040d8251e0]
[    0.270739]      scan-1133 get_device_data       : No context for object [ffff88040d825208]
[    0.270846]      scan-1133 get_device_data       : No context for object [ffff88040d825230]
[    0.270954]      scan-1133 get_device_data       : No context for object [ffff88040d825258]
[    0.271062]      scan-1133 get_device_data       : No context for object [ffff88040d825280]
[    0.271170]      scan-1133 get_device_data       : No context for object [ffff88040d8252a8]
[    0.271278]      scan-1133 get_device_data       : No context for object [ffff88040d8252d0]
[    0.271385]      scan-1133 get_device_data       : No context for object [ffff88040d8252f8]
[    0.271492]      scan-1133 get_device_data       : No context for object [ffff88040d825320]
[    0.271600]      scan-1133 get_device_data       : No context for object [ffff88040d825348]
[    0.271709]      scan-1133 get_device_data       : No context for object [ffff88040d825370]
[    0.271816]      scan-1133 get_device_data       : No context for object [ffff88040d825398]
[    0.271924]      scan-1133 get_device_data       : No context for object [ffff88040d8253c0]
[    0.272033]      scan-1133 get_device_data       : No context for object [ffff88040d8253e8]
[    0.272141]      scan-1133 get_device_data       : No context for object [ffff88040d825410]
[    0.272250]      scan-1133 get_device_data       : No context for object [ffff88040d825438]
[    0.272357]      scan-1133 get_device_data       : No context for object [ffff88040d825460]
[    0.272465]      scan-1133 get_device_data       : No context for object [ffff88040d825488]
[    0.272573]      scan-1133 get_device_data       : No context for object [ffff88040d8254b0]
[    0.272680]      scan-1133 get_device_data       : No context for object [ffff88040d8254d8]
[    0.272788]      scan-1133 get_device_data       : No context for object [ffff88040d825500]
[    0.272896]      scan-1133 get_device_data       : No context for object [ffff88040d825528]
[    0.273002]      scan-1133 get_device_data       : No context for object [ffff88040d825550]
[    0.273110]      scan-1133 get_device_data       : No context for object [ffff88040d825578]
[    0.273219]      scan-1133 get_device_data       : No context for object [ffff88040d8255a0]
[    0.273326]      scan-1133 get_device_data       : No context for object [ffff88040d8255c8]
[    0.273409]      scan-1133 get_device_data       : No context for object [ffff88040d8255f0]
[    0.273519]     utils-0051 util_eval_error       : Evaluate [\_SB_.PCI0.PB5_.XPDV._STA]: AE_NOT_FOUND
[    0.273662] device: 'device:0c': device_add
[    0.273703] bus: 'acpi': add device device:0c
[    0.273756]     utils-0051 util_eval_error       : Evaluate [\_SB_.PCI0.PB5_.XPDV._SUN]: AE_NOT_FOUND
[    0.273873]      scan-1922 add_single_object     : Added device:0c [\_SB_.PCI0.PB5_.XPDV] parent device:0b
[    0.273987]      scan-1133 get_device_data       : No context for object [ffff88040d825618]
[    0.274095]      scan-1133 get_device_data       : No context for object [ffff88040d825640]
[    0.274202]      scan-1133 get_device_data       : No context for object [ffff88040d825668]
[    0.274309]      scan-1133 get_device_data       : No context for object [ffff88040d825690]
[    0.274418]      scan-1133 get_device_data       : No context for object [ffff88040d8256b8]
[    0.274526]      scan-1133 get_device_data       : No context for object [ffff88040d837528]
[    0.274633]      scan-1133 get_device_data       : No context for object [ffff88040d8256e0]
[    0.274742]      scan-1133 get_device_data       : No context for object [ffff88040d825708]
[    0.274852]     utils-0051 util_eval_error       : Evaluate [\_SB_.PCI0.PB6_._STA]: AE_NOT_FOUND
[    0.275046] device: 'device:0d': device_add
[    0.275087] bus: 'acpi': add device device:0d
[    0.275143]     utils-0051 util_eval_error       : Evaluate [\_SB_.PCI0.PB6_._SUN]: AE_NOT_FOUND
[    0.275260]      scan-1922 add_single_object     : Added device:0d [\_SB_.PCI0.PB6_] parent PNP0A08:00
[    0.275372]      scan-1133 get_device_data       : No context for object [ffff88040d825730]
[    0.275480]      scan-1133 get_device_data       : No context for object [ffff88040d825758]
[    0.275588]      scan-1133 get_device_data       : No context for object [ffff88040d825780]
[    0.275696]      scan-1133 get_device_data       : No context for object [ffff88040d8257a8]
[    0.275804]      scan-1133 get_device_data       : No context for object [ffff88040d8257d0]
[    0.275912]      scan-1133 get_device_data       : No context for object [ffff88040d8257f8]
[    0.276020]      scan-1133 get_device_data       : No context for object [ffff88040d825820]
[    0.276128]      scan-1133 get_device_data       : No context for object [ffff88040d825848]
[    0.276236]      scan-1133 get_device_data       : No context for object [ffff88040d825870]
[    0.276344]      scan-1133 get_device_data       : No context for object [ffff88040d825898]
[    0.276452]      scan-1133 get_device_data       : No context for object [ffff88040d8258c0]
[    0.276560]      scan-1133 get_device_data       : No context for object [ffff88040d8258e8]
[    0.276670]      scan-1133 get_device_data       : No context for object [ffff88040d825910]
[    0.276778]      scan-1133 get_device_data       : No context for object [ffff88040d825938]
[    0.276886]      scan-1133 get_device_data       : No context for object [ffff88040d825960]
[    0.276994]      scan-1133 get_device_data       : No context for object [ffff88040d825988]
[    0.277102]      scan-1133 get_device_data       : No context for object [ffff88040d8259b0]
[    0.277210]      scan-1133 get_device_data       : No context for object [ffff88040d8259d8]
[    0.277318]      scan-1133 get_device_data       : No context for object [ffff88040d825a00]
[    0.277426]      scan-1133 get_device_data       : No context for object [ffff88040d825a28]
[    0.277534]      scan-1133 get_device_data       : No context for object [ffff88040d825a50]
[    0.277641]      scan-1133 get_device_data       : No context for object [ffff88040d825a78]
[    0.277749]      scan-1133 get_device_data       : No context for object [ffff88040d825aa0]
[    0.277857]      scan-1133 get_device_data       : No context for object [ffff88040d825ac8]
[    0.277965]      scan-1133 get_device_data       : No context for object [ffff88040d825af0]
[    0.278073]      scan-1133 get_device_data       : No context for object [ffff88040d825b18]
[    0.278181]      scan-1133 get_device_data       : No context for object [ffff88040d825b40]
[    0.279358]      scan-1133 get_device_data       : No context for object [ffff88040d825b68]
[    0.279465]      scan-1133 get_device_data       : No context for object [ffff88040d825b90]
[    0.279573]      scan-1133 get_device_data       : No context for object [ffff88040d825bb8]
[    0.279681]      scan-1133 get_device_data       : No context for object [ffff88040d825be0]
[    0.279790]     utils-0051 util_eval_error       : Evaluate [\_SB_.PCI0.PB6_.XPDV._STA]: AE_NOT_FOUND
[    0.279934] device: 'device:0e': device_add
[    0.280005] bus: 'acpi': add device device:0e
[    0.280059]     utils-0051 util_eval_error       : Evaluate [\_SB_.PCI0.PB6_.XPDV._SUN]: AE_NOT_FOUND
[    0.280176]      scan-1922 add_single_object     : Added device:0e [\_SB_.PCI0.PB6_.XPDV] parent device:0d
[    0.280289]      scan-1133 get_device_data       : No context for object [ffff88040d825c08]
[    0.280398]      scan-1133 get_device_data       : No context for object [ffff88040d825c30]
[    0.280506]      scan-1133 get_device_data       : No context for object [ffff88040d825c58]
[    0.280613]      scan-1133 get_device_data       : No context for object [ffff88040d825c80]
[    0.280722]      scan-1133 get_device_data       : No context for object [ffff88040d825ca8]
[    0.280829]      scan-1133 get_device_data       : No context for object [ffff88040d837550]
[    0.280937]      scan-1133 get_device_data       : No context for object [ffff88040d825cd0]
[    0.281046]      scan-1133 get_device_data       : No context for object [ffff88040d825cf8]
[    0.281155]     utils-0051 util_eval_error       : Evaluate [\_SB_.PCI0.PB7_._STA]: AE_NOT_FOUND
[    0.281348] device: 'device:0f': device_add
[    0.281390] bus: 'acpi': add device device:0f
[    0.281443]     utils-0051 util_eval_error       : Evaluate [\_SB_.PCI0.PB7_._SUN]: AE_NOT_FOUND
[    0.281560]      scan-1922 add_single_object     : Added device:0f [\_SB_.PCI0.PB7_] parent PNP0A08:00
[    0.281673]      scan-1133 get_device_data       : No context for object [ffff88040d825d20]
[    0.281781]      scan-1133 get_device_data       : No context for object [ffff88040d825d48]
[    0.281889]      scan-1133 get_device_data       : No context for object [ffff88040d825d70]
[    0.281997]      scan-1133 get_device_data       : No context for object [ffff88040d825d98]
[    0.282105]      scan-1133 get_device_data       : No context for object [ffff88040d825dc0]
[    0.282213]      scan-1133 get_device_data       : No context for object [ffff88040d825de8]
[    0.282321]      scan-1133 get_device_data       : No context for object [ffff88040d825e10]
[    0.282428]      scan-1133 get_device_data       : No context for object [ffff88040d825e38]
[    0.282536]      scan-1133 get_device_data       : No context for object [ffff88040d825e60]
[    0.282644]      scan-1133 get_device_data       : No context for object [ffff88040d825e88]
[    0.282752]      scan-1133 get_device_data       : No context for object [ffff88040d825eb0]
[    0.282860]      scan-1133 get_device_data       : No context for object [ffff88040d825ed8]
[    0.282967]      scan-1133 get_device_data       : No context for object [ffff88040d825f00]
[    0.283075]      scan-1133 get_device_data       : No context for object [ffff88040d825f28]
[    0.283184]      scan-1133 get_device_data       : No context for object [ffff88040d825f50]
[    0.283291]      scan-1133 get_device_data       : No context for object [ffff88040d825f78]
[    0.283409]      scan-1133 get_device_data       : No context for object [ffff88040d825fa0]
[    0.283517]      scan-1133 get_device_data       : No context for object [ffff88040d825fc8]
[    0.283625]      scan-1133 get_device_data       : No context for object [ffff88040d827000]
[    0.283733]      scan-1133 get_device_data       : No context for object [ffff88040d827028]
[    0.283841]      scan-1133 get_device_data       : No context for object [ffff88040d827050]
[    0.283949]      scan-1133 get_device_data       : No context for object [ffff88040d827078]
[    0.284057]      scan-1133 get_device_data       : No context for object [ffff88040d8270a0]
[    0.284164]      scan-1133 get_device_data       : No context for object [ffff88040d8270c8]
[    0.284272]      scan-1133 get_device_data       : No context for object [ffff88040d8270f0]
[    0.284380]      scan-1133 get_device_data       : No context for object [ffff88040d827118]
[    0.284488]      scan-1133 get_device_data       : No context for object [ffff88040d827140]
[    0.284596]      scan-1133 get_device_data       : No context for object [ffff88040d827168]
[    0.284704]      scan-1133 get_device_data       : No context for object [ffff88040d827190]
[    0.284811]      scan-1133 get_device_data       : No context for object [ffff88040d8271b8]
[    0.284919]      scan-1133 get_device_data       : No context for object [ffff88040d8271e0]
[    0.285029]     utils-0051 util_eval_error       : Evaluate [\_SB_.PCI0.PB7_.XPDV._STA]: AE_NOT_FOUND
[    0.285173] device: 'device:10': device_add
[    0.285214] bus: 'acpi': add device device:10
[    0.285270]     utils-0051 util_eval_error       : Evaluate [\_SB_.PCI0.PB7_.XPDV._SUN]: AE_NOT_FOUND
[    0.285387]      scan-1922 add_single_object     : Added device:10 [\_SB_.PCI0.PB7_.XPDV] parent device:0f
[    0.285500]      scan-1133 get_device_data       : No context for object [ffff88040d827208]
[    0.285609]      scan-1133 get_device_data       : No context for object [ffff88040d827230]
[    0.285717]      scan-1133 get_device_data       : No context for object [ffff88040d827258]
[    0.285825]      scan-1133 get_device_data       : No context for object [ffff88040d827280]
[    0.285932]      scan-1133 get_device_data       : No context for object [ffff88040d8272a8]
[    0.286041]      scan-1133 get_device_data       : No context for object [ffff88040d837488]
[    0.286148]      scan-1133 get_device_data       : No context for object [ffff88040d8272d0]
[    0.286256]      scan-1133 get_device_data       : No context for object [ffff88040d8272f8]
[    0.286366]     utils-0051 util_eval_error       : Evaluate [\_SB_.PCI0.OHC1._STA]: AE_NOT_FOUND
[    0.286521] device: 'device:11': device_add
[    0.286562] bus: 'acpi': add device device:11
[    0.286615]     utils-0051 util_eval_error       : Evaluate [\_SB_.PCI0.OHC1._SUN]: AE_NOT_FOUND
[    0.286718]      scan-1922 add_single_object     : Added device:11 [\_SB_.PCI0.OHC1] parent PNP0A08:00
[    0.286831]      scan-1133 get_device_data       : No context for object [ffff88040d827320]
[    0.286939]      scan-1133 get_device_data       : No context for object [ffff88040d827348]
[    0.287047]      scan-1133 get_device_data       : No context for object [ffff88040d83b2f8]
[    0.287156]     utils-0051 util_eval_error       : Evaluate [\_SB_.PCI0.OHC1.RHUB._STA]: AE_NOT_FOUND
[    0.287300] device: 'device:12': device_add
[    0.287342] bus: 'acpi': add device device:12
[    0.287394]     utils-0051 util_eval_error       : Evaluate [\_SB_.PCI0.OHC1.RHUB._SUN]: AE_NOT_FOUND
[    0.287512]      scan-1922 add_single_object     : Added device:12 [\_SB_.PCI0.OHC1.RHUB] parent device:11
[    0.287624]      scan-1133 get_device_data       : No context for object [ffff88040d83b320]
[    0.287733]      scan-1133 get_device_data       : No context for object [ffff88040d83b348]
[    0.287842]     utils-0051 util_eval_error       : Evaluate [\_SB_.PCI0.OHC1.RHUB.PRT3._STA]: AE_NOT_FOUND
[    0.287986] device: 'device:13': device_add
[    0.288027] bus: 'acpi': add device device:13
[    0.288082]     utils-0051 util_eval_error       : Evaluate [\_SB_.PCI0.OHC1.RHUB.PRT3._SUN]: AE_NOT_FOUND
[    0.288200]      scan-1922 add_single_object     : Added device:13 [\_SB_.PCI0.OHC1.RHUB.PRT3] parent device:12
[    0.288312]      scan-1133 get_device_data       : No context for object [ffff88040d83b370]
[    0.288422]      scan-1133 get_device_data       : No context for object [ffff88040d83b398]
[    0.288529]      scan-1133 get_device_data       : No context for object [ffff88040d83b3c0]
[    0.288637]      scan-1133 get_device_data       : No context for object [ffff88040d83b3e8]
[    0.288748]     utils-0051 util_eval_error       : Evaluate [\_SB_.PCI0.OHC1.RHUB.PRT4._STA]: AE_NOT_FOUND
[    0.288891] device: 'device:14': device_add
[    0.288932] bus: 'acpi': add device device:14
[    0.288984]     utils-0051 util_eval_error       : Evaluate [\_SB_.PCI0.OHC1.RHUB.PRT4._SUN]: AE_NOT_FOUND
[    0.289103]      scan-1922 add_single_object     : Added device:14 [\_SB_.PCI0.OHC1.RHUB.PRT4] parent device:12
[    0.289217]      scan-1133 get_device_data       : No context for object [ffff88040d83b410]
[    0.289326]      scan-1133 get_device_data       : No context for object [ffff88040d83b438]
[    0.290003]      scan-1133 get_device_data       : No context for object [ffff88040d83b460]
[    0.290112]      scan-1133 get_device_data       : No context for object [ffff88040d827370]
[    0.290222]     utils-0051 util_eval_error       : Evaluate [\_SB_.PCI0.EHC1._STA]: AE_NOT_FOUND
[    0.290417] device: 'device:15': device_add
[    0.290458] bus: 'acpi': add device device:15
[    0.290511]     utils-0051 util_eval_error       : Evaluate [\_SB_.PCI0.EHC1._SUN]: AE_NOT_FOUND
[    0.290628]      scan-1922 add_single_object     : Added device:15 [\_SB_.PCI0.EHC1] parent PNP0A08:00
[    0.290741]      scan-1133 get_device_data       : No context for object [ffff88040d827398]
[    0.290850]      scan-1133 get_device_data       : No context for object [ffff88040d8273c0]
[    0.290958]      scan-1133 get_device_data       : No context for object [ffff88040d83b028]
[    0.291068]     utils-0051 util_eval_error       : Evaluate [\_SB_.PCI0.EHC1.RHUB._STA]: AE_NOT_FOUND
[    0.291212] device: 'device:16': device_add
[    0.291255] bus: 'acpi': add device device:16
[    0.291308]     utils-0051 util_eval_error       : Evaluate [\_SB_.PCI0.EHC1.RHUB._SUN]: AE_NOT_FOUND
[    0.291425]      scan-1922 add_single_object     : Added device:16 [\_SB_.PCI0.EHC1.RHUB] parent device:15
[    0.291538]      scan-1133 get_device_data       : No context for object [ffff88040d83b050]
[    0.291645]      scan-1133 get_device_data       : No context for object [ffff88040d83b078]
[    0.291755]     utils-0051 util_eval_error       : Evaluate [\_SB_.PCI0.EHC1.RHUB.PRT3._STA]: AE_NOT_FOUND
[    0.291900] device: 'device:17': device_add
[    0.291942] bus: 'acpi': add device device:17
[    0.291994]     utils-0051 util_eval_error       : Evaluate [\_SB_.PCI0.EHC1.RHUB.PRT3._SUN]: AE_NOT_FOUND
[    0.292113]      scan-1922 add_single_object     : Added device:17 [\_SB_.PCI0.EHC1.RHUB.PRT3] parent device:16
[    0.292226]      scan-1133 get_device_data       : No context for object [ffff88040d83b0a0]
[    0.292334]      scan-1133 get_device_data       : No context for object [ffff88040d83b0c8]
[    0.292442]      scan-1133 get_device_data       : No context for object [ffff88040d83b0f0]
[    0.292550]      scan-1133 get_device_data       : No context for object [ffff88040d83b118]
[    0.292659]     utils-0051 util_eval_error       : Evaluate [\_SB_.PCI0.EHC1.RHUB.PRT4._STA]: AE_NOT_FOUND
[    0.292803] device: 'device:18': device_add
[    0.292844] bus: 'acpi': add device device:18
[    0.292899]     utils-0051 util_eval_error       : Evaluate [\_SB_.PCI0.EHC1.RHUB.PRT4._SUN]: AE_NOT_FOUND
[    0.293419]      scan-1922 add_single_object     : Added device:18 [\_SB_.PCI0.EHC1.RHUB.PRT4] parent device:16
[    0.293533]      scan-1133 get_device_data       : No context for object [ffff88040d83b140]
[    0.293641]      scan-1133 get_device_data       : No context for object [ffff88040d83b168]
[    0.293749]      scan-1133 get_device_data       : No context for object [ffff88040d83b190]
[    0.293857]      scan-1133 get_device_data       : No context for object [ffff88040d8273e8]
[    0.293967]     utils-0051 util_eval_error       : Evaluate [\_SB_.PCI0.OHC2._STA]: AE_NOT_FOUND
[    0.294122] device: 'device:19': device_add
[    0.294163] bus: 'acpi': add device device:19
[    0.294216]     utils-0051 util_eval_error       : Evaluate [\_SB_.PCI0.OHC2._SUN]: AE_NOT_FOUND
[    0.294333]      scan-1922 add_single_object     : Added device:19 [\_SB_.PCI0.OHC2] parent PNP0A08:00
[    0.294446]      scan-1133 get_device_data       : No context for object [ffff88040d827410]
[    0.294555]      scan-1133 get_device_data       : No context for object [ffff88040d827438]
[    0.294662]      scan-1133 get_device_data       : No context for object [ffff88040d83b488]
[    0.294772]     utils-0051 util_eval_error       : Evaluate [\_SB_.PCI0.OHC2.RHUB._STA]: AE_NOT_FOUND
[    0.294917] device: 'device:1a': device_add
[    0.294958] bus: 'acpi': add device device:1a
[    0.295011]     utils-0051 util_eval_error       : Evaluate [\_SB_.PCI0.OHC2.RHUB._SUN]: AE_NOT_FOUND
[    0.295129]      scan-1922 add_single_object     : Added device:1a [\_SB_.PCI0.OHC2.RHUB] parent device:19
[    0.295242]      scan-1133 get_device_data       : No context for object [ffff88040d83b4b0]
[    0.295350]      scan-1133 get_device_data       : No context for object [ffff88040d83b4d8]
[    0.295460]     utils-0051 util_eval_error       : Evaluate [\_SB_.PCI0.OHC2.RHUB.PRT4._STA]: AE_NOT_FOUND
[    0.295605] device: 'device:1b': device_add
[    0.295646] bus: 'acpi': add device device:1b
[    0.295702]     utils-0051 util_eval_error       : Evaluate [\_SB_.PCI0.OHC2.RHUB.PRT4._SUN]: AE_NOT_FOUND
[    0.295821]      scan-1922 add_single_object     : Added device:1b [\_SB_.PCI0.OHC2.RHUB.PRT4] parent device:1a
[    0.295935]      scan-1133 get_device_data       : No context for object [ffff88040d83b500]
[    0.296043]      scan-1133 get_device_data       : No context for object [ffff88040d83b528]
[    0.296151]      scan-1133 get_device_data       : No context for object [ffff88040d83b550]
[    0.296260]      scan-1133 get_device_data       : No context for object [ffff88040d827460]
[    0.296369]     utils-0051 util_eval_error       : Evaluate [\_SB_.PCI0.EHC2._STA]: AE_NOT_FOUND
[    0.296524] device: 'device:1c': device_add
[    0.296565] bus: 'acpi': add device device:1c
[    0.296618]     utils-0051 util_eval_error       : Evaluate [\_SB_.PCI0.EHC2._SUN]: AE_NOT_FOUND
[    0.296752]      scan-1922 add_single_object     : Added device:1c [\_SB_.PCI0.EHC2] parent PNP0A08:00
[    0.296865]      scan-1133 get_device_data       : No context for object [ffff88040d827488]
[    0.296973]      scan-1133 get_device_data       : No context for object [ffff88040d8274b0]
[    0.297080]      scan-1133 get_device_data       : No context for object [ffff88040d83b1b8]
[    0.297190]     utils-0051 util_eval_error       : Evaluate [\_SB_.PCI0.EHC2.RHUB._STA]: AE_NOT_FOUND
[    0.297333] device: 'device:1d': device_add
[    0.297375] bus: 'acpi': add device device:1d
[    0.297427]     utils-0051 util_eval_error       : Evaluate [\_SB_.PCI0.EHC2.RHUB._SUN]: AE_NOT_FOUND
[    0.297545]      scan-1922 add_single_object     : Added device:1d [\_SB_.PCI0.EHC2.RHUB] parent device:1c
[    0.297658]      scan-1133 get_device_data       : No context for object [ffff88040d83b1e0]
[    0.297766]      scan-1133 get_device_data       : No context for object [ffff88040d83b208]
[    0.297876]     utils-0051 util_eval_error       : Evaluate [\_SB_.PCI0.EHC2.RHUB.PRT2._STA]: AE_NOT_FOUND
[    0.298020] device: 'device:1e': device_add
[    0.298061] bus: 'acpi': add device device:1e
[    0.298117]     utils-0051 util_eval_error       : Evaluate [\_SB_.PCI0.EHC2.RHUB.PRT2._SUN]: AE_NOT_FOUND
[    0.298235]      scan-1922 add_single_object     : Added device:1e [\_SB_.PCI0.EHC2.RHUB.PRT2] parent device:1d
[    0.298348]      scan-1133 get_device_data       : No context for object [ffff88040d83b230]
[    0.298457]      scan-1133 get_device_data       : No context for object [ffff88040d83b258]
[    0.298565]      scan-1133 get_device_data       : No context for object [ffff88040d83b280]
[    0.298673]      scan-1133 get_device_data       : No context for object [ffff88040d8274d8]
[    0.298782]     utils-0051 util_eval_error       : Evaluate [\_SB_.PCI0.OHC3._STA]: AE_NOT_FOUND
[    0.298938] device: 'device:1f': device_add
[    0.298979] bus: 'acpi': add device device:1f
[    0.299032]     utils-0051 util_eval_error       : Evaluate [\_SB_.PCI0.OHC3._SUN]: AE_NOT_FOUND
[    0.299150]      scan-1922 add_single_object     : Added device:1f [\_SB_.PCI0.OHC3] parent PNP0A08:00
[    0.299262]      scan-1133 get_device_data       : No context for object [ffff88040d827500]
[    0.299371]      scan-1133 get_device_data       : No context for object [ffff88040d827528]
[    0.299474]      scan-1133 get_device_data       : No context for object [ffff88040d83b578]
[    0.299579]     utils-0051 util_eval_error       : Evaluate [\_SB_.PCI0.OHC3.RHUB._STA]: AE_NOT_FOUND
[    0.299706] device: 'device:20': device_add
[    0.299744] bus: 'acpi': add device device:20
[    0.299798]     utils-0051 util_eval_error       : Evaluate [\_SB_.PCI0.OHC3.RHUB._SUN]: AE_NOT_FOUND
[    0.300016]      scan-1922 add_single_object     : Added device:20 [\_SB_.PCI0.OHC3.RHUB] parent device:1f
[    0.300016]      scan-1133 get_device_data       : No context for object [ffff88040d83b5a0]
[    0.300115]      scan-1133 get_device_data       : No context for object [ffff88040d827550]
[    0.300225]     utils-0051 util_eval_error       : Evaluate [\_SB_.PCI0.EHC3._STA]: AE_NOT_FOUND
[    0.300363] device: 'device:21': device_add
[    0.300401] bus: 'acpi': add device device:21
[    0.300448]     utils-0051 util_eval_error       : Evaluate [\_SB_.PCI0.EHC3._SUN]: AE_NOT_FOUND
[    0.300558]      scan-1922 add_single_object     : Added device:21 [\_SB_.PCI0.EHC3] parent PNP0A08:00
[    0.301728]      scan-1133 get_device_data       : No context for object [ffff88040d827578]
[    0.301836]      scan-1133 get_device_data       : No context for object [ffff88040d8275a0]
[    0.301945]      scan-1133 get_device_data       : No context for object [ffff88040d83b2a8]
[    0.302055]     utils-0051 util_eval_error       : Evaluate [\_SB_.PCI0.EHC3.RHUB._STA]: AE_NOT_FOUND
[    0.302198] device: 'device:22': device_add
[    0.302239] bus: 'acpi': add device device:22
[    0.302292]     utils-0051 util_eval_error       : Evaluate [\_SB_.PCI0.EHC3.RHUB._SUN]: AE_NOT_FOUND
[    0.302406]      scan-1922 add_single_object     : Added device:22 [\_SB_.PCI0.EHC3.RHUB] parent device:21
[    0.302512]      scan-1133 get_device_data       : No context for object [ffff88040d83b2d0]
[    0.302615]      scan-1133 get_device_data       : No context for object [ffff88040d8275c8]
[    0.302719]     utils-0051 util_eval_error       : Evaluate [\_SB_.PCI0.OHC4._STA]: AE_NOT_FOUND
[    0.302874] device: 'device:23': device_add
[    0.302915] bus: 'acpi': add device device:23
[    0.302968]     utils-0051 util_eval_error       : Evaluate [\_SB_.PCI0.OHC4._SUN]: AE_NOT_FOUND
[    0.303360]      scan-1922 add_single_object     : Added device:23 [\_SB_.PCI0.OHC4] parent PNP0A08:00
[    0.303360]      scan-1133 get_device_data       : No context for object [ffff88040d8275f0]
[    0.303360]      scan-1133 get_device_data       : No context for object [ffff88040d827618]
[    0.303444]      scan-1133 get_device_data       : No context for object [ffff88040d827640]
[    0.303548]     utils-0051 util_eval_error       : Evaluate [\_SB_.PCI0.SBAZ._STA]: AE_NOT_FOUND
[    0.303681] device: 'device:24': device_add
[    0.303719] bus: 'acpi': add device device:24
[    0.303766]     utils-0051 util_eval_error       : Evaluate [\_SB_.PCI0.SBAZ._SUN]: AE_NOT_FOUND
[    0.303883]      scan-1922 add_single_object     : Added device:24 [\_SB_.PCI0.SBAZ] parent PNP0A08:00
[    0.303996]      scan-1133 get_device_data       : No context for object [ffff88040d827668]
[    0.304104]      scan-1133 get_device_data       : No context for object [ffff88040d827690]
[    0.304212]      scan-1133 get_device_data       : No context for object [ffff88040d8276b8]
[    0.304322]     utils-0051 util_eval_error       : Evaluate [\_SB_.PCI0.GEC_._STA]: AE_NOT_FOUND
[    0.304469] device: 'device:25': device_add
[    0.304507] bus: 'acpi': add device device:25
[    0.304553]     utils-0051 util_eval_error       : Evaluate [\_SB_.PCI0.GEC_._SUN]: AE_NOT_FOUND
[    0.304662]      scan-1922 add_single_object     : Added device:25 [\_SB_.PCI0.GEC_] parent PNP0A08:00
[    0.304772]      scan-1133 get_device_data       : No context for object [ffff88040d8276e0]
[    0.304880]      scan-1133 get_device_data       : No context for object [ffff88040d827708]
[    0.304988]      scan-1133 get_device_data       : No context for object [ffff88040d827730]
[    0.305098]      scan-1133 get_device_data       : No context for object [ffff88040d827758]
[    0.305206]      scan-1133 get_device_data       : No context for object [ffff88040d827780]
[    0.305314]      scan-1133 get_device_data       : No context for object [ffff88040d8277a8]
[    0.305417]      scan-1133 get_device_data       : No context for object [ffff88040d8277d0]
[    0.305518]      scan-1133 get_device_data       : No context for object [ffff88040d8277f8]
[    0.305620]      scan-1133 get_device_data       : No context for object [ffff88040d827820]
[    0.305724]     utils-0051 util_eval_error       : Evaluate [\_SB_.PCI0.SATA._STA]: AE_NOT_FOUND
[    0.305873] device: 'device:26': device_add
[    0.305915] bus: 'acpi': add device device:26
[    0.305968]     utils-0051 util_eval_error       : Evaluate [\_SB_.PCI0.SATA._SUN]: AE_NOT_FOUND
[    0.306086]      scan-1922 add_single_object     : Added device:26 [\_SB_.PCI0.SATA] parent PNP0A08:00
[    0.306199]      scan-1133 get_device_data       : No context for object [ffff88040d827848]
[    0.306306]      scan-1133 get_device_data       : No context for object [ffff88040d827870]
[    0.306413]      scan-1133 get_device_data       : No context for object [ffff88040d827898]
[    0.306515]      scan-1133 get_device_data       : No context for object [ffff88040d8278c0]
[    0.306617]      scan-1133 get_device_data       : No context for object [ffff88040d8278e8]
[    0.306707]      scan-1133 get_device_data       : No context for object [ffff88040d827910]
[    0.306811]      scan-1133 get_device_data       : No context for object [ffff88040d827938]
[    0.306918]      scan-1133 get_device_data       : No context for object [ffff88040d827960]
[    0.307025]      scan-1133 get_device_data       : No context for object [ffff88040d827988]
[    0.307133]      scan-1133 get_device_data       : No context for object [ffff88040d8279b0]
[    0.307241]      scan-1133 get_device_data       : No context for object [ffff88040d8279d8]
[    0.307349]      scan-1133 get_device_data       : No context for object [ffff88040d827a00]
[    0.307455]      scan-1133 get_device_data       : No context for object [ffff88040d827a28]
[    0.307556]      scan-1133 get_device_data       : No context for object [ffff88040d827a50]
[    0.307659]      scan-1133 get_device_data       : No context for object [ffff88040d827a78]
[    0.307760]      scan-1133 get_device_data       : No context for object [ffff88040d827aa0]
[    0.307867]      scan-1133 get_device_data       : No context for object [ffff88040d827ac8]
[    0.307975]      scan-1133 get_device_data       : No context for object [ffff88040d827af0]
[    0.308082]      scan-1133 get_device_data       : No context for object [ffff88040d827b18]
[    0.308190]      scan-1133 get_device_data       : No context for object [ffff88040d827b40]
[    0.308298]      scan-1133 get_device_data       : No context for object [ffff88040d827b68]
[    0.308407]      scan-1133 get_device_data       : No context for object [ffff88040d827b90]
[    0.308510]      scan-1133 get_device_data       : No context for object [ffff88040d827bb8]
[    0.308612]      scan-1133 get_device_data       : No context for object [ffff88040d827be0]
[    0.308716]      scan-1133 get_device_data       : No context for object [ffff88040d827c08]
[    0.308817]      scan-1133 get_device_data       : No context for object [ffff88040d827c30]
[    0.308927]      scan-1133 get_device_data       : No context for object [ffff88040d827c58]
[    0.309034]      scan-1133 get_device_data       : No context for object [ffff88040d827c80]
[    0.309142]      scan-1133 get_device_data       : No context for object [ffff88040d827ca8]
[    0.309250]      scan-1133 get_device_data       : No context for object [ffff88040d827cd0]
[    0.309358]      scan-1133 get_device_data       : No context for object [ffff88040d827cf8]
[    0.309464]      scan-1133 get_device_data       : No context for object [ffff88040d827d20]
[    0.309567]      scan-1133 get_device_data       : No context for object [ffff88040d827d48]
[    0.309670]      scan-1133 get_device_data       : No context for object [ffff88040d827d70]
[    0.309773]      scan-1133 get_device_data       : No context for object [ffff88040d827d98]
[    0.309880]      scan-1133 get_device_data       : No context for object [ffff88040d827dc0]
[    0.310003]      scan-1133 get_device_data       : No context for object [ffff88040d827de8]
[    0.310111]      scan-1133 get_device_data       : No context for object [ffff88040d827e10]
[    0.310219]      scan-1133 get_device_data       : No context for object [ffff88040d827e38]
[    0.310327]      scan-1133 get_device_data       : No context for object [ffff88040d827e60]
[    0.310435]      scan-1133 get_device_data       : No context for object [ffff88040d827e88]
[    0.310540]      scan-1133 get_device_data       : No context for object [ffff88040d827eb0]
[    0.310643]      scan-1133 get_device_data       : No context for object [ffff88040d827ed8]
[    0.310746]      scan-1133 get_device_data       : No context for object [ffff88040d827f00]
[    0.310849]      scan-1133 get_device_data       : No context for object [ffff88040d827f28]
[    0.310958]     utils-0051 util_eval_error       : Evaluate [\_SB_.PCI0.SATA.PRID._STA]: AE_NOT_FOUND
[    0.311110] device_pm-0128 device_get_power      : Device [PRID] power state is (unknown)
[    0.311252] device: 'device:27': device_add
[    0.311296] bus: 'acpi': add device device:27
[    0.311350]     utils-0051 util_eval_error       : Evaluate [\_SB_.PCI0.SATA.PRID._SUN]: AE_NOT_FOUND
[    0.311469]      scan-1922 add_single_object     : Added device:27 [\_SB_.PCI0.SATA.PRID] parent device:26
[    0.312640]      scan-1133 get_device_data       : No context for object [ffff88040d827f50]
[    0.312743]      scan-1133 get_device_data       : No context for object [ffff88040d827f78]
[    0.312846]      scan-1133 get_device_data       : No context for object [ffff88040d827fa0]
[    0.312949]      scan-1133 get_device_data       : No context for object [ffff88040d827fc8]
