[    0.000000] Initializing cgroup subsys cpuset
[    0.000000] Initializing cgroup subsys cpu
[    0.000000] Initializing cgroup subsys cpuacct
[    0.000000] Linux version 3.16.0-rc7-MANJAROed (emacs@manji) (gcc version 4.9.0 20140604 (prerelease) (GCC) ) #15 SMP Tue Jul 29 05:22:24 CEST 2014
[    0.000000] Command line: BOOT_IMAGE=/vmlinuz-316-x86_64 root=UUID=bfa4ab6e-19a3-4601-ba2b-267c55841c73 rw cryptdevice=/dev/disk/by-uuid/70c08890-417a-497d-b6ab-c0d0357a63e2:cryptManjaro:allow-discards ipv6.disable=1 pnp.debug=1 loglevel=9 log_buf_len=10M printk.always_kmsg_dump=y printk.time=y mminit_loglevel=0 memory_corruption_check=1 acpi.debug_layer=0xfbff0000 acpi.debug_level=0xFFFFFFFD pnp.debug=1 nohz=on rcu_nocbs=1-3 pcie_aspm=force nofb
[    0.000000] KERNEL supported cpus:
[    0.000000]   AMD AuthenticAMD
[    0.000000] e820: BIOS-provided physical RAM map:
[    0.000000] BIOS-e820: [mem 0x0000000000000000-0x000000000009d7ff] usable
[    0.000000] BIOS-e820: [mem 0x000000000009d800-0x000000000009ffff] reserved
[    0.000000] BIOS-e820: [mem 0x00000000000e0000-0x00000000000fffff] reserved
[    0.000000] BIOS-e820: [mem 0x0000000000100000-0x00000000bed9afff] usable
[    0.000000] BIOS-e820: [mem 0x00000000bed9b000-0x00000000bf39afff] reserved
[    0.000000] BIOS-e820: [mem 0x00000000bf39b000-0x00000000bf49afff] ACPI NVS
[    0.000000] BIOS-e820: [mem 0x00000000bf49b000-0x00000000bf51afff] ACPI data
[    0.000000] BIOS-e820: [mem 0x00000000bf51b000-0x00000000bfdfffff] usable
[    0.000000] BIOS-e820: [mem 0x00000000bfe00000-0x00000000bfffffff] reserved
[    0.000000] BIOS-e820: [mem 0x00000000fec00000-0x00000000fecfffff] reserved
[    0.000000] BIOS-e820: [mem 0x00000000fed80000-0x00000000fed80fff] reserved
[    0.000000] BIOS-e820: [mem 0x00000000ffe00000-0x00000000ffffffff] reserved
[    0.000000] BIOS-e820: [mem 0x0000000100000000-0x000000041effffff] usable
[    0.000000] NX (Execute Disable) protection: active
[    0.000000] SMBIOS 2.6 present.
[    0.000000] DMI: LENOVO Sabine/Torpedo, BIOS 54CN18WW 07/20/2011
[    0.000000] e820: update [mem 0x00000000-0x00000fff] usable ==> reserved
[    0.000000] e820: remove [mem 0x000a0000-0x000fffff] usable
[    0.000000] e820: last_pfn = 0x41f000 max_arch_pfn = 0x400000000
[    0.000000] MTRR default type: uncachable
[    0.000000] MTRR fixed ranges enabled:
[    0.000000]   00000-9FFFF write-back
[    0.000000]   A0000-BFFFF uncachable
[    0.000000]   C0000-FFFFF write-protect
[    0.000000] MTRR variable ranges enabled:
[    0.000000]   0 base 0000000000 mask FF80000000 write-back
[    0.000000]   1 base 0080000000 mask FFC0000000 write-back
[    0.000000]   2 base 00FFF90000 mask FFFFFF0000 uncachable
[    0.000000]   3 base 00FED80000 mask 0FFFFFF000 uncachable
[    0.000000]   4 disabled
[    0.000000]   5 disabled
[    0.000000]   6 disabled
[    0.000000]   7 base 00FFE00000 mask FFFFE00000 write-protect
[    0.000000] TOM2: 000000041f000000 aka 16880M
[    0.000000] mtrr: your BIOS has configured an incorrect mask, fixing it.
[    0.000000] e820: last_pfn = 0xbfe00 max_arch_pfn = 0x400000000
[    0.000000] found SMP MP-table at [mem 0x000fa8b0-0x000fa8bf] mapped at [ffff8800000fa8b0]
[    0.000000] Base memory trampoline at [ffff880000097000] 97000 size 24576
[    0.000000] Using GB pages for direct mapping
[    0.000000] init_memory_mapping: [mem 0x00000000-0x000fffff]
[    0.000000]  [mem 0x00000000-0x000fffff] page 4k
[    0.000000] BRK [0x01e11000, 0x01e11fff] PGTABLE
[    0.000000] BRK [0x01e12000, 0x01e12fff] PGTABLE
[    0.000000] BRK [0x01e13000, 0x01e13fff] PGTABLE
[    0.000000] init_memory_mapping: [mem 0x41ee00000-0x41effffff]
[    0.000000]  [mem 0x41ee00000-0x41effffff] page 2M
[    0.000000] BRK [0x01e14000, 0x01e14fff] PGTABLE
[    0.000000] init_memory_mapping: [mem 0x41c000000-0x41edfffff]
[    0.000000]  [mem 0x41c000000-0x41edfffff] page 2M
[    0.000000] init_memory_mapping: [mem 0x400000000-0x41bffffff]
[    0.000000]  [mem 0x400000000-0x41bffffff] page 2M
[    0.000000] init_memory_mapping: [mem 0x00100000-0xbed9afff]
[    0.000000]  [mem 0x00100000-0x001fffff] page 4k
[    0.000000]  [mem 0x00200000-0x3fffffff] page 2M
[    0.000000]  [mem 0x40000000-0x7fffffff] page 1G
[    0.000000]  [mem 0x80000000-0xbebfffff] page 2M
[    0.000000]  [mem 0xbec00000-0xbed9afff] page 4k
[    0.000000] init_memory_mapping: [mem 0xbf51b000-0xbfdfffff]
[    0.000000]  [mem 0xbf51b000-0xbf5fffff] page 4k
[    0.000000]  [mem 0xbf600000-0xbfdfffff] page 2M
[    0.000000] BRK [0x01e15000, 0x01e15fff] PGTABLE
[    0.000000] init_memory_mapping: [mem 0x100000000-0x3ffffffff]
[    0.000000]  [mem 0x100000000-0x3ffffffff] page 1G
[    0.000000] log_buf_len: 16777216
[    0.000000] early log buf free: 2092392(99%)
[    0.000000] RAMDISK: [mem 0x37884000-0x37c39fff]
[    0.000000] ACPI: Early table checksum verification disabled
[    0.000000] ACPI: RSDP 0x00000000000F0110 000024 (v02 LENOVO)
[    0.000000] ACPI: XSDT 0x00000000BF51A120 000074 (v01 LENOVO CB-01    00000001 LENO 00000001)
[    0.000000] ACPI: FACP 0x00000000BF508000 0000F4 (v04 LENOVO CB-01    00000001 PTL  00000001)
[    0.000000] ACPI: DSDT 0x00000000BF50A000 00FD10 (v01 LENOVO CB-01    00001000 LENO 00000001)
[    0.000000] ACPI: FACS 0x00000000BF478000 000040
[    0.000000] ACPI: HPET 0x00000000BF507000 000038 (v01 LENOVO CB-01    00000001 PTL  00000001)
[    0.000000] ACPI: APIC 0x00000000BF506000 00007A (v02 LENOVO CB-01    00000001 PTL  00000001)
[    0.000000] ACPI: MCFG 0x00000000BF505000 00003C (v01 LENOVO CB-01    00000001 PTL  00000001)
[    0.000000] ACPI: SLIC 0x00000000BF504000 000176 (v01 LENOVO CB-01    00000001 LENO 00000001)
[    0.000000] ACPI: UEFI 0x00000000BF503000 00003E (v01 LENOVO CB-01    00000001 PTL  00000001)
[    0.000000] ACPI: UEFI 0x00000000BF502000 000042 (v01 PTL    COMBUF   00000001 PTL  00000001)
[    0.000000] ACPI: SSDT 0x00000000BF501000 000E34 (v01 AMD    POWERNOW 00000001 AMD  00000001)
[    0.000000] ACPI: SSDT 0x00000000BF4FF000 00193D (v02 AMD    ALIB     00000001 MSFT 04000000)
[    0.000000] ACPI: UEFI 0x00000000BF4FE000 00021A (v01 LENOVO CB-01    00000001 PTL  00000001)
[    0.000000] ACPI: Local APIC address 0xfee00000
[    0.000000] No NUMA configuration found
[    0.000000] Faking a node at [mem 0x0000000000000000-0x000000041effffff]
[    0.000000] Initmem setup node 0 [mem 0x00000000-0x41effffff]
[    0.000000]   NODE_DATA [mem 0x41dffa000-0x41dffdfff]
[    0.000000]  [ffffea0000000000-ffffea00107fffff] PMD -> [ffff88040de00000-ffff88041d5fffff] on node 0
[    0.000000] Zone ranges:
[    0.000000]   DMA      [mem 0x00001000-0x00ffffff]
[    0.000000]   DMA32    [mem 0x01000000-0xffffffff]
[    0.000000]   Normal   [mem 0x100000000-0x41effffff]
[    0.000000] Movable zone start for each node
[    0.000000] Early memory node ranges
[    0.000000]   node   0: [mem 0x00001000-0x0009cfff]
[    0.000000]   node   0: [mem 0x00100000-0xbed9afff]
[    0.000000]   node   0: [mem 0xbf51b000-0xbfdfffff]
[    0.000000]   node   0: [mem 0x100000000-0x41effffff]
[    0.000000] On node 0 totalpages: 4056604
[    0.000000]   DMA zone: 64 pages used for memmap
[    0.000000]   DMA zone: 21 pages reserved
[    0.000000]   DMA zone: 3996 pages, LIFO batch:0
[    0.000000]   DMA32 zone: 12186 pages used for memmap
[    0.000000]   DMA32 zone: 779904 pages, LIFO batch:31
[    0.000000]   Normal zone: 51136 pages used for memmap
[    0.000000]   Normal zone: 3272704 pages, LIFO batch:31
[    0.000000] ACPI: PM-Timer IO Port: 0x808
[    0.000000] ACPI: Local APIC address 0xfee00000
[    0.000000] ACPI: LAPIC (acpi_id[0x00] lapic_id[0x00] enabled)
[    0.000000] ACPI: LAPIC (acpi_id[0x01] lapic_id[0x01] enabled)
[    0.000000] ACPI: LAPIC (acpi_id[0x02] lapic_id[0x02] enabled)
[    0.000000] ACPI: LAPIC (acpi_id[0x03] lapic_id[0x03] enabled)
[    0.000000] ACPI: LAPIC_NMI (acpi_id[0x00] high edge lint[0x1])
[    0.000000] ACPI: LAPIC_NMI (acpi_id[0x01] high edge lint[0x1])
[    0.000000] ACPI: LAPIC_NMI (acpi_id[0x02] high edge lint[0x1])
[    0.000000] ACPI: LAPIC_NMI (acpi_id[0x03] high edge lint[0x1])
[    0.000000] ACPI: IOAPIC (id[0x02] address[0xfec00000] gsi_base[0])
[    0.000000] IOAPIC[0]: apic_id 2, version 33, address 0xfec00000, GSI 0-23
[    0.000000] ACPI: INT_SRC_OVR (bus 0 bus_irq 0 global_irq 2 dfl dfl)
[    0.000000] ACPI: IRQ0 used by override.
[    0.000000] ACPI: IRQ2 used by override.
[    0.000000] ACPI: IRQ9 used by override.
[    0.000000] Using ACPI (MADT) for SMP configuration information
[    0.000000] ACPI: HPET id: 0x43538210 base: 0xfed00000
[    0.000000] smpboot: Allowing 4 CPUs, 0 hotplug CPUs
[    0.000000] nr_irqs_gsi: 40
[    0.000000] e820: [mem 0xc0000000-0xfebfffff] available for PCI devices
[    0.000000] setup_percpu: NR_CPUS:64 nr_cpumask_bits:64 nr_cpu_ids:4 nr_node_ids:1
[    0.000000] PERCPU: Embedded 27 pages/cpu @ffff88041dc00000 s80128 r8192 d22272 u524288
[    0.000000] pcpu-alloc: s80128 r8192 d22272 u524288 alloc=1*2097152
[    0.000000] pcpu-alloc: [0] 0 1 2 3 
[    0.000000] Built 1 zonelists in Zone order, mobility grouping on.  Total pages: 3993197
[    0.000000] Policy zone: Normal
[    0.000000] Kernel command line: BOOT_IMAGE=/vmlinuz-316-x86_64 root=UUID=bfa4ab6e-19a3-4601-ba2b-267c55841c73 rw cryptdevice=/dev/disk/by-uuid/70c08890-417a-497d-b6ab-c0d0357a63e2:cryptManjaro:allow-discards ipv6.disable=1 pnp.debug=1 loglevel=9 log_buf_len=10M printk.always_kmsg_dump=y printk.time=y mminit_loglevel=0 memory_corruption_check=1 acpi.debug_layer=0xfbff0000 acpi.debug_level=0xFFFFFFFD pnp.debug=1 nohz=on rcu_nocbs=1-3 pcie_aspm=force nofb
[    0.000000] PCIe ASPM is forcibly enabled
[    0.000000] PID hash table entries: 4096 (order: 3, 32768 bytes)
[    0.000000] Memory: 15871100K/16226416K available (5216K kernel code, 711K rwdata, 2188K rodata, 844K init, 2580K bss, 355316K reserved)
[    0.000000] SLUB: HWalign=64, Order=0-3, MinObjects=0, CPUs=4, Nodes=1
[    0.000000] Hierarchical RCU implementation.
[    0.000000] 	RCU dyntick-idle grace-period acceleration is enabled.
[    0.000000] 	Additional per-CPU info printed with stalls.
[    0.000000] 	RCU restricting CPUs from NR_CPUS=64 to nr_cpu_ids=4.
[    0.000000] 	Offload RCU callbacks from all CPUs
[    0.000000] 	Offload RCU callbacks from CPUs: 0-3.
[    0.000000] RCU: Adjusting geometry for rcu_fanout_leaf=16, nr_cpu_ids=4
[    0.000000] NO_HZ: Full dynticks CPUs: 1-63.
[    0.000000] NR_IRQS:4352 nr_irqs:712 16
[    0.000000] spurious 8259A interrupt: IRQ7.
[    0.000000] Console: colour VGA+ 80x25
[    0.000000] console [tty0] enabled
[    0.000000] allocated 65011712 bytes of page_cgroup
[    0.000000] please try 'cgroup_disable=memory' option if you don't want memory cgroups
[    0.000000] hpet clockevent registered
[    0.000000] tsc: Fast TSC calibration using PIT
[    0.000000] tsc: Detected 1397.439 MHz processor
[    0.000042] Calibrating delay loop (skipped), value calculated using timer frequency.. 2795.33 BogoMIPS (lpj=4658130)
[    0.000156] pid_max: default: 32768 minimum: 301
[    0.000202] ACPI: Core revision 20140424
[    0.015315] ACPI: All ACPI Tables successfully acquired
[    0.017033] Security Framework initialized
[    0.019002] Dentry cache hash table entries: 2097152 (order: 12, 16777216 bytes)
[    0.024436] Inode-cache hash table entries: 1048576 (order: 11, 8388608 bytes)
[    0.027284] Mount-cache hash table entries: 32768 (order: 6, 262144 bytes)
[    0.027397] Mountpoint-cache hash table entries: 32768 (order: 6, 262144 bytes)
[    0.027859] Initializing cgroup subsys memory
[    0.027987] Initializing cgroup subsys devices
[    0.028038] Initializing cgroup subsys freezer
[    0.028083] Initializing cgroup subsys blkio
[    0.028160] tseg: 00bfe00000
[    0.028201] CPU: Physical Processor ID: 0
[    0.028240] CPU: Processor Core ID: 0
[    0.028279] mce: CPU supports 6 MCE banks
[    0.028327] Last level iTLB entries: 4KB 512, 2MB 16, 4MB 8
Last level dTLB entries: 4KB 1024, 2MB 128, 4MB 64, 1GB 0
tlb_flushall_shift: 6
[    0.028516] Freeing SMP alternatives memory: 20K (ffffffff81b86000 - ffffffff81b8b000)
[    0.029077] ..TIMER: vector=0x30 apic1=0 pin1=2 apic2=-1 pin2=-1
[    0.062136] smpboot: CPU0: AMD A6-3400M APU with Radeon(tm) HD Graphics (fam: 12, model: 01, stepping: 00)
[    0.167564] Performance Events: AMD PMU driver.
[    0.167645] ... version:                0
[    0.167686] ... bit width:              48
[    0.167727] ... generic registers:      4
[    0.167768] ... value mask:             0000ffffffffffff
[    0.167810] ... max period:             00007fffffffffff
[    0.167852] ... fixed-purpose events:   0
[    0.167892] ... event mask:             000000000000000f
[    0.168410] MCE: In-kernel MCE decoding enabled.
[    0.168584] NMI watchdog: enabled on all CPUs, permanently consumes one hw-PMU counter.
[    0.168801] x86: Booting SMP configuration:
[    0.168890] .... node  #0, CPUs:      #1
[    0.182168] TSC synchronization [CPU#0 -> CPU#1]:
[    0.182294] Measured 132668793 cycles TSC warp between CPUs, turning off TSC clock.
[    0.182345] tsc: Marking TSC unstable due to check_tsc_sync_source failed
[    0.182566]  #2 #3
[    0.205162] x86: Booted up 1 node, 4 CPUs
[    0.205242] smpboot: Total of 4 processors activated (11183.32 BogoMIPS)
[    0.103445] devtmpfs: initialized
[    0.103473] device: 'platform': device_add
[    0.103556] bus: 'platform': registered
[    0.106688] bus: 'cpu': registered
[    0.106732] device: 'cpu': device_add
[    0.106798] bus: 'container': registered
[    0.106841] device: 'container': device_add
[    0.107162] bus: 'workqueue': registered
[    0.107162] device: 'workqueue': device_add
[    0.107162] kworker/u8:0 (39) used greatest stack depth: 14144 bytes left
[    0.107269] atomic64_test: passed for x86-64 platform with CX8 and with SSE
[    0.107365] device class 'regulator': registering
[    0.107443] Registering platform device 'reg-dummy'. Parent at platform
[    0.107530] device: 'reg-dummy': device_add
[    0.107578] bus: 'platform': add device reg-dummy
[    0.107643] bus: 'platform': add driver reg-dummy
[    0.107689] bus: 'platform': driver_probe_device: matched device reg-dummy with driver reg-dummy
[    0.107737] bus: 'platform': really_probe: probing driver reg-dummy with device reg-dummy
[    0.107792] device: 'regulator.0': device_add
[    0.107862] regulator-dummy: no parameters
[    0.107915] driver: 'reg-dummy': driver_bound: bound to device 'reg-dummy'
[    0.107960] bus: 'platform': really_probe: bound device reg-dummy to driver reg-dummy
[    0.108090] NET: Registered protocol family 16
[    0.108318] device class 'bdi': registering
[    0.108422] bus: 'platform': add driver ramoops
[    0.108484] device class 'pci_bus': registering
[    0.108552] bus: 'pci': registered
[    0.108600] device class 'backlight': registering
[    0.108648] device class 'tty': registering
[    0.108695] device class 'vtconsole': registering
[    0.108743] device: 'vtcon0': device_add
[    0.108825] bus: 'node': registered
[    0.108897] device: 'node': device_add
[    0.108969] bus: 'i2c': registered
[    0.109009] bus: 'i2c': add driver dummy
[    0.109057] i2c-core: driver [dummy] registered
[    0.109100] cpuidle: using governor ladder
[    0.109141] cpuidle: using governor menu
[    0.110049] ACPI FADT declares the system doesn't support PCIe ASPM, so disable it
[    0.110130] ACPI: bus type PCI registered
[    0.110169] acpiphp: ACPI Hot Plug PCI Controller Driver version: 0.5
[    0.110212] device class 'dmi': registering
[    0.110258] device: 'id': device_add
[    0.110417] PCI: MMCONFIG for domain 0000 [bus 00-3f] at [mem 0xf8000000-0xfbffffff] (base 0xf8000000)
[    0.110465] PCI: not using MMCONFIG
[    0.110503] PCI: Using configuration type 1 for base access
[    0.110541] PCI: Using configuration type 1 for extended access
[    0.110715] device: 'node0': device_add
[    0.110802] bus: 'node': add device node0
[    0.110873] device: 'cpu0': device_add
[    0.110913] bus: 'cpu': add device cpu0
[    0.110991] device: 'cpu1': device_add
[    0.111078] bus: 'cpu': add device cpu1
[    0.111157] device: 'cpu2': device_add
[    0.111198] bus: 'cpu': add device cpu2
[    0.111273] device: 'cpu3': device_add
[    0.111362] bus: 'cpu': add device cpu3
[    0.120151] device: 'writeback': device_add
[    0.120172] bus: 'workqueue': add device writeback
[    0.120260] device: 'default': device_add
[    0.120455] device class 'block': registering
[    0.120455] ACPI: Added _OSI(Module Device)
[    0.120455] ACPI: Added _OSI(Processor Device)
[    0.120455] ACPI: Added _OSI(3.0 _SCP Extensions)
[    0.120455] ACPI: Added _OSI(Processor Aggregator Device)
[    0.122772] 
**** Context Switch from TID 4294967295 to TID 137625600 ****

[    0.122873]     utils-0051 util_eval_error       : Evaluate [\_SB_.PCI0.LPC0.EC0_._GLK]: AE_NOT_FOUND
[    0.123379] Executing  Method       \_SB_.PCI0.LPC0.EC0_._REG
[    0.124199] Executing  Method       \_SB_.PCI0.LPC0.EC0_._REG
[    0.124376] Executing  Method       \_SB_.PCI0.LPC0.EC0_._REG
[    0.124553] Executing  Method       \_SB_.PCI0.LPC0.EC0_._REG
[    0.127639] Initializing Region       \_SB_.OSTY
[    0.127777] Initializing Region       \_SB_.PCI0.NBMS
[    0.127899] Initializing Region       \_SB_.PCI0.NBXP
[    0.128016] Initializing Region       \_SB_.PCI0.K8ST
[    0.128155] Initializing Region       \_SB_.PCI0.BAR1
[    0.128278] Initializing Region       \_SB_.PCI0.PB2_.XPEX
[    0.128394] Initializing Region       \_SB_.PCI0.PB2_.PCFG
[    0.128518] Initializing Region       \_SB_.PCI0.PB2_.XPCB
[    0.128644] Initializing Region       \_SB_.PCI0.PB2_.XPRI
[    0.128774] Initializing Region       \_SB_.PCI0.PB2_.VGA_.PCFG
[    0.128958] Initializing Region       \_SB_.PCI0.PB2_.HDAU.PCFG
[    0.129112] Initializing Region       \_SB_.PCI0.PB3_.XPEX
[    0.129229] Initializing Region       \_SB_.PCI0.PB3_.PCFG
[    0.129344] Initializing Region       \_SB_.PCI0.PB3_.XPCB
[    0.129460] Initializing Region       \_SB_.PCI0.PB3_.XPRI
[    0.129588] Initializing Region       \_SB_.PCI0.PB3_.VGA_.PCFG
[    0.129780] Initializing Region       \_SB_.PCI0.PB3_.HDAU.PCFG
[    0.129927] Initializing Region       \_SB_.PCI0.PB4_.XPEX
[    0.130054] Initializing Region       \_SB_.PCI0.PB4_.PCFG
[    0.130180] Initializing Region       \_SB_.PCI0.PB4_.XPCB
[    0.130298] Initializing Region       \_SB_.PCI0.PB4_.XPRI
[    0.130416] Initializing Region       \_SB_.PCI0.PB4_.XPDV.PCFG
[    0.130541] Initializing Region       \_SB_.PCI0.PB5_.XPEX
[    0.130665] Initializing Region       \_SB_.PCI0.PB5_.PCFG
[    0.130791] Initializing Region       \_SB_.PCI0.PB5_.XPCB
[    0.130917] Initializing Region       \_SB_.PCI0.PB5_.XPRI
[    0.131047] Initializing Region       \_SB_.PCI0.PB5_.XPDV.PCFG
[    0.131186] Initializing Region       \_SB_.PCI0.PB6_.XPEX
[    0.131303] Initializing Region       \_SB_.PCI0.PB6_.PCFG
[    0.131416] Initializing Region       \_SB_.PCI0.PB6_.XPCB
[    0.131524] Initializing Region       \_SB_.PCI0.PB6_.XPRI
[    0.131643] Initializing Region       \_SB_.PCI0.PB6_.XPDV.PCFG
[    0.131773] Initializing Region       \_SB_.PCI0.PB7_.XPEX
[    0.131889] Initializing Region       \_SB_.PCI0.PB7_.PCFG
[    0.132006] Initializing Region       \_SB_.PCI0.PB7_.XPCB
[    0.132123] Initializing Region       \_SB_.PCI0.PB7_.XPRI
[    0.132239] Initializing Region       \_SB_.PCI0.PB7_.XPDV.PCFG
[    0.132537] Initializing Region       \_SB_.PCI0.SATC
[    0.132673] Initializing Region       \_SB_.PCI0.RMEM
[    0.133352] Initializing Region       \_SB_.PCI0.SATA.SATX
[    0.133352] Initializing Region       \_SB_.PCI0.SATA.BAR5
[    0.160210] Initializing Region       \_SB_.PCI0.SMB_.SBRV
[    0.160384] Initializing Region       \_SB_.PCI0.SMB_.PMIO
[    0.160501] Initializing Region       \_SB_.PCI0.SMB_.ERMM
[    0.160702] Initializing Region       \_SB_.PCI0.SMB_.P1E0
[    0.160874] Initializing Region       \_SB_.PCI0.SMB_.ABIO
[    0.160991] Initializing Region       \_SB_.PCI0.SMB_.SMB0
[    0.161109] Initializing Region       \_SB_.PCI0.LPC0.PIRQ
[    0.161259] Initializing Region       \_SB_.PCI0.LPC0.LPCR
[    0.161467] Initializing Region       \_SB_.PCI0.LPC0.LPCS
[    0.161636] Initializing Region       \_SB_.PCI0.LPC0.SMI0
[    0.161751] Initializing Region       \_SB_.PCI0.LPC0.SMI1
[    0.161871] Initializing Region       \_SB_.PCI0.LPC0.EC0_.ECO1
[    0.161987] Initializing Region       \_SB_.PCI0.LPC0.EC0_.ECO2
[    0.162102] Initializing Region       \_SB_.PCI0.LPC0.EC0_.ECMB
[    0.162217] Initializing Region       \_SB_.PCI0.LPC0.EC0_.RAM_
[    0.162400] Initializing Region       \_SB_.PCI0.LPC0.EC0_.CMOS
[    0.162543] Initializing Region       \_SB_.PCI0.LPC0.EC0_.VPC0.ERAM
[    0.162580] Initializing Region       \_SB_.PCI0.SPB0.PCFG
[    0.162580] Initializing Region       \_SB_.PCI0.SPB0.XPCB
[    0.162580] Initializing Region       \_SB_.PCI0.SPB0.XPDV.PCFG
[    0.162580] Initializing Region       \_SB_.PCI0.SPB1.PCFG
[    0.162580] Initializing Region       \_SB_.PCI0.SPB1.XPCB
[    0.162580] Initializing Region       \_SB_.PCI0.SPB1.XPDV.PCFG
[    0.162580] Initializing Region       \_SB_.PCI0.SPB2.PCFG
[    0.162580] Initializing Region       \_SB_.PCI0.SPB2.XPCB
[    0.162580] Initializing Region       \_SB_.PCI0.SPB2.XPDV.PCFG
[    0.162580] Initializing Region       \_SB_.PCI0.SPB3.PCFG
[    0.162580] Initializing Region       \_SB_.PCI0.SPB3.XPCB
[    0.162618] Initializing Region       \_SB_.PCI0.SPB3.XPDV.PCFG
[    0.162907] Initializing Region       \_SB_.PCI0.VGA_.REVD
[    0.163272] Initializing BufferField  \_SB_.AMW0.WLID
[    0.163706] Initializing Region       \DEB2
[    0.163868] Initializing Region       \PMIO
[    0.163984] Initializing Region       \P01_
[    0.164125] Initializing Region       \CNVS
[    0.164298] Initializing Region       \SPRT
[    0.164416] Initializing Region       \CMIO
[    0.164619] Executing  Method       \_SB_._STA
[    0.164802] Executing  Method       \_SB_._INI
[    0.164939] Executing  Method       \_SB_.PCI0._STA
[    0.165075] Executing  Method       \_SB_.PCI0._INI
[    0.165364] [Firmware Bug]: ACPI: BIOS _OSI(Linux) query ignored
[    0.165815] Executing  Method       \_SB_.PCI0.SATA._STA
[    0.165999] Executing  Method       \_SB_.PCI0.SATA._INI
[    0.167053] Executing  Method       \_SB_.PCI0.LPC0.EC0_._REG
[    0.193408] ACPI: Interpreter enabled
[    0.193655] ACPI: (supports S0 S5)
[    0.193696] ACPI: Using IOAPIC for interrupt routing
[    0.193927] PCI: MMCONFIG for domain 0000 [bus 00-3f] at [mem 0xf8000000-0xfbffffff] (base 0xf8000000)
[    0.194706] PCI: MMCONFIG at [mem 0xf8000000-0xfbffffff] reserved in ACPI motherboard resources
[    0.194964] bus: 'acpi': registered
[    0.195010] PCI: Using host bridge windows from ACPI; if necessary, use "pci=nocrs" and report a bug
[    0.195067]      scan-1133 get_device_data       : No context for object [ffffffffffffffff]
[    0.195185]     utils-0051 util_eval_error       : Evaluate [\._STA]: AE_NOT_FOUND
[    0.195310] device: 'LNXSYSTM:00': device_add
[    0.195353] bus: 'acpi': add device LNXSYSTM:00
[    0.195409]     utils-0051 util_eval_error       : Evaluate [\._SUN]: AE_NOT_FOUND
[    0.196672]      scan-1922 add_single_object     : Added LNXSYSTM:00 [\] parent (null)
[    0.196672]      scan-1133 get_device_data       : No context for object [ffff88040d81d000]
[    0.196672]      scan-1133 get_device_data       : No context for object [ffff88040d8377d0]
[    0.196672]      scan-1133 get_device_data       : No context for object [ffff88040d8377f8]
[    0.196672]      scan-1133 get_device_data       : No context for object [ffff88040d837820]
[    0.196672]      scan-1133 get_device_data       : No context for object [ffff88040d837848]
[    0.196672]      scan-1133 get_device_data       : No context for object [ffff88040d837870]
[    0.196672]      scan-1133 get_device_data       : No context for object [ffff88040d837898]
[    0.196773]      scan-1133 get_device_data       : No context for object [ffff88040d8378c0]
[    0.196881]      scan-1133 get_device_data       : No context for object [ffff88040d8378e8]
[    0.196989]      scan-1133 get_device_data       : No context for object [ffff88040d839398]
[    0.197097]      scan-1133 get_device_data       : No context for object [ffff88040d81d028]
[    0.197205]      scan-1133 get_device_data       : No context for object [ffff88040d81d168]
[    0.197315]     utils-0051 util_eval_error       : Evaluate [\_PR_.C000._STA]: AE_NOT_FOUND
[    0.197423]      scan-1133 get_device_data       : No context for object [ffff88040d81d028]
[    0.197532] device: 'LNXCPU:00': device_add
[    0.197570] bus: 'acpi': add device LNXCPU:00
[    0.197617]     utils-0051 util_eval_error       : Evaluate [\_PR_.C000._SUN]: AE_NOT_FOUND
[    0.197728]      scan-1922 add_single_object     : Added LNXCPU:00 [\_PR_.C000] parent LNXSYSTM:00
[    0.197841]      scan-1133 get_device_data       : No context for object [ffff88040d83c398]
[    0.197949]      scan-1133 get_device_data       : No context for object [ffff88040d83c3c0]
[    0.198057]      scan-1133 get_device_data       : No context for object [ffff88040d83c3e8]
[    0.198165]      scan-1133 get_device_data       : No context for object [ffff88040d83c410]
[    0.198273]      scan-1133 get_device_data       : No context for object [ffff88040d83c438]
[    0.198382]      scan-1133 get_device_data       : No context for object [ffff88040d83c460]
[    0.198485]      scan-1133 get_device_data       : No context for object [ffff88040d81d190]
[    0.198589]     utils-0051 util_eval_error       : Evaluate [\_PR_.C001._STA]: AE_NOT_FOUND
[    0.198692]      scan-1133 get_device_data       : No context for object [ffff88040d81d028]
[    0.198801] device: 'LNXCPU:01': device_add
[    0.198844] bus: 'acpi': add device LNXCPU:01
[    0.198897]     utils-0051 util_eval_error       : Evaluate [\_PR_.C001._SUN]: AE_NOT_FOUND
[    0.199014]      scan-1922 add_single_object     : Added LNXCPU:01 [\_PR_.C001] parent LNXSYSTM:00
[    0.199126]      scan-1133 get_device_data       : No context for object [ffff88040d83c488]
[    0.199234]      scan-1133 get_device_data       : No context for object [ffff88040d83c4b0]
[    0.199342]      scan-1133 get_device_data       : No context for object [ffff88040d83c4d8]
[    0.199450]      scan-1133 get_device_data       : No context for object [ffff88040d83c500]
[    0.199554]      scan-1133 get_device_data       : No context for object [ffff88040d83c528]
[    0.199656]      scan-1133 get_device_data       : No context for object [ffff88040d83c550]
[    0.199759]      scan-1133 get_device_data       : No context for object [ffff88040d81d1b8]
[    0.199866]     utils-0051 util_eval_error       : Evaluate [\_PR_.C002._STA]: AE_NOT_FOUND
[    0.200004]      scan-1133 get_device_data       : No context for object [ffff88040d81d028]
[    0.200121] device: 'LNXCPU:02': device_add
[    0.200161] bus: 'acpi': add device LNXCPU:02
[    0.200214]     utils-0051 util_eval_error       : Evaluate [\_PR_.C002._SUN]: AE_NOT_FOUND
[    0.200332]      scan-1922 add_single_object     : Added LNXCPU:02 [\_PR_.C002] parent LNXSYSTM:00
[    0.200444]      scan-1133 get_device_data       : No context for object [ffff88040d83c578]
[    0.200550]      scan-1133 get_device_data       : No context for object [ffff88040d83c5a0]
[    0.200653]      scan-1133 get_device_data       : No context for object [ffff88040d83c5c8]
[    0.200756]      scan-1133 get_device_data       : No context for object [ffff88040d83c5f0]
[    0.200859]      scan-1133 get_device_data       : No context for object [ffff88040d83c618]
[    0.200966]      scan-1133 get_device_data       : No context for object [ffff88040d83c640]
[    0.201074]      scan-1133 get_device_data       : No context for object [ffff88040d81d1e0]
[    0.201184]     utils-0051 util_eval_error       : Evaluate [\_PR_.C003._STA]: AE_NOT_FOUND
[    0.201292]      scan-1133 get_device_data       : No context for object [ffff88040d81d028]
[    0.201408] device: 'LNXCPU:03': device_add
[    0.201449] bus: 'acpi': add device LNXCPU:03
[    0.201506]     utils-0051 util_eval_error       : Evaluate [\_PR_.C003._SUN]: AE_NOT_FOUND
[    0.201615]      scan-1922 add_single_object     : Added LNXCPU:03 [\_PR_.C003] parent LNXSYSTM:00
[    0.201722]      scan-1133 get_device_data       : No context for object [ffff88040d83c668]
[    0.201825]      scan-1133 get_device_data       : No context for object [ffff88040d83c690]
[    0.201930]      scan-1133 get_device_data       : No context for object [ffff88040d83c6b8]
[    0.202038]      scan-1133 get_device_data       : No context for object [ffff88040d83c6e0]
[    0.202146]      scan-1133 get_device_data       : No context for object [ffff88040d83c708]
[    0.202254]      scan-1133 get_device_data       : No context for object [ffff88040d83c730]
[    0.202363]      scan-1133 get_device_data       : No context for object [ffff88040d81d050]
[    0.202474]     utils-0051 util_eval_error       : Evaluate [\_SB_._STA]: AE_NOT_FOUND
[    0.202610] device: 'LNXSYBUS:00': device_add
[    0.202647] bus: 'acpi': add device LNXSYBUS:00
[    0.202693]     utils-0051 util_eval_error       : Evaluate [\_SB_._SUN]: AE_NOT_FOUND
[    0.203334]      scan-1922 add_single_object     : Added LNXSYBUS:00 [\_SB_] parent LNXSYSTM:00
[    0.203334]      scan-1133 get_device_data       : No context for object [ffff88040d81d3c0]
[    0.203334]      scan-1133 get_device_data       : No context for object [ffff88040d81d3e8]
[    0.203338]      scan-1133 get_device_data       : No context for object [ffff88040d81d410]
[    0.203446]      scan-1133 get_device_data       : No context for object [ffff88040d81d438]
[    0.203553]      scan-1133 get_device_data       : No context for object [ffff88040d81d460]
[    0.203661]      scan-1133 get_device_data       : No context for object [ffff88040d81d488]
[    0.203764]      scan-1133 get_device_data       : No context for object [ffff88040d81d4b0]
[    0.203867]      scan-1133 get_device_data       : No context for object [ffff88040d81d5a0]
[    0.203971]     utils-0051 util_eval_error       : Evaluate [\_SB_.PWRB._STA]: AE_NOT_FOUND
[    0.204111] device: 'PNP0C0C:00': device_add
[    0.204153] bus: 'acpi': add device PNP0C0C:00
[    0.204205]     utils-0051 util_eval_error       : Evaluate [\_SB_.PWRB._SUN]: AE_NOT_FOUND
[    0.204323]      scan-1922 add_single_object     : Added PNP0C0C:00 [\_SB_.PWRB] parent LNXSYBUS:00
[    0.204441]      scan-1133 get_device_data       : No context for object [ffff88040d81d5c8]
[    0.204549]      scan-1133 get_device_data       : No context for object [ffff88040d81d5f0]
[    0.204660]     utils-0051 util_eval_error       : Evaluate [\_SB_.PCI0._STA]: AE_NOT_FOUND
[    0.204798] device: 'PNP0A08:00': device_add
[    0.204838] bus: 'acpi': add device PNP0A08:00
[    0.204884]     utils-0051 util_eval_error       : Evaluate [\_SB_.PCI0._SUN]: AE_NOT_FOUND
[    0.206667]      scan-1922 add_single_object     : Added PNP0A08:00 [\_SB_.PCI0] parent LNXSYBUS:00
[    0.206667]      scan-1133 get_device_data       : No context for object [ffff88040d81d618]
[    0.206667]      scan-1133 get_device_data       : No context for object [ffff88040d81d640]
[    0.206667]      scan-1133 get_device_data       : No context for object [ffff88040d81d668]
[    0.206667]      scan-1133 get_device_data       : No context for object [ffff88040d81d690]
[    0.206667]      scan-1133 get_device_data       : No context for object [ffff88040d81d6b8]
[    0.206667]      scan-1133 get_device_data       : No context for object [ffff88040d81d6e0]
[    0.206667]      scan-1133 get_device_data       : No context for object [ffff88040d81d708]
[    0.206705]      scan-1133 get_device_data       : No context for object [ffff88040d81d730]
[    0.206807]      scan-1133 get_device_data       : No context for object [ffff88040d81d758]
[    0.206911]      scan-1133 get_device_data       : No context for object [ffff88040d81d780]
[    0.207019]      scan-1133 get_device_data       : No context for object [ffff88040d81d7a8]
[    0.207126]      scan-1133 get_device_data       : No context for object [ffff88040d81d7d0]
[    0.207234]      scan-1133 get_device_data       : No context for object [ffff88040d81d7f8]
[    0.207341]      scan-1133 get_device_data       : No context for object [ffff88040d81d820]
[    0.207448]      scan-1133 get_device_data       : No context for object [ffff88040d81d848]
[    0.207556]      scan-1133 get_device_data       : No context for object [ffff88040d81d870]
[    0.207659]      scan-1133 get_device_data       : No context for object [ffff88040d81d898]
[    0.207762]      scan-1133 get_device_data       : No context for object [ffff88040d81d8c0]
[    0.207863]      scan-1133 get_device_data       : No context for object [ffff88040d81d8e8]
[    0.207968]      scan-1133 get_device_data       : No context for object [ffff88040d81d910]
[    0.208075]      scan-1133 get_device_data       : No context for object [ffff88040d81d938]
[    0.208184]      scan-1133 get_device_data       : No context for object [ffff88040d81d960]
[    0.208290]      scan-1133 get_device_data       : No context for object [ffff88040d81d988]
[    0.208399]      scan-1133 get_device_data       : No context for object [ffff88040d81d9b0]
[    0.208507]      scan-1133 get_device_data       : No context for object [ffff88040d81d9d8]
[    0.208612]      scan-1133 get_device_data       : No context for object [ffff88040d81da00]
[    0.208715]      scan-1133 get_device_data       : No context for object [ffff88040d81da28]
[    0.208816]      scan-1133 get_device_data       : No context for object [ffff88040d81da50]
[    0.208919]      scan-1133 get_device_data       : No context for object [ffff88040d81da78]
[    0.209025]      scan-1133 get_device_data       : No context for object [ffff88040d81daa0]
[    0.209132]      scan-1133 get_device_data       : No context for object [ffff88040d81dac8]
[    0.209240]      scan-1133 get_device_data       : No context for object [ffff88040d81daf0]
[    0.209347]      scan-1133 get_device_data       : No context for object [ffff88040d81db18]
[    0.209455]      scan-1133 get_device_data       : No context for object [ffff88040d81db40]
[    0.209563]      scan-1133 get_device_data       : No context for object [ffff88040d81db68]
[    0.209667]      scan-1133 get_device_data       : No context for object [ffff88040d81db90]
[    0.209769]      scan-1133 get_device_data       : No context for object [ffff88040d81dbb8]
[    0.209872]      scan-1133 get_device_data       : No context for object [ffff88040d81dbe0]
[    0.210002]      scan-1133 get_device_data       : No context for object [ffff88040d81dc08]
[    0.210110]      scan-1133 get_device_data       : No context for object [ffff88040d81dc30]
[    0.210218]      scan-1133 get_device_data       : No context for object [ffff88040d81dc58]
[    0.210326]      scan-1133 get_device_data       : No context for object [ffff88040d81dc80]
[    0.210433]      scan-1133 get_device_data       : No context for object [ffff88040d81dca8]
[    0.210541]      scan-1133 get_device_data       : No context for object [ffff88040d81dcd0]
[    0.210648]      scan-1133 get_device_data       : No context for object [ffff88040d81dcf8]
[    0.210751]      scan-1133 get_device_data       : No context for object [ffff88040d81dd20]
[    0.210854]      scan-1133 get_device_data       : No context for object [ffff88040d81dd48]
[    0.210957]      scan-1133 get_device_data       : No context for object [ffff88040d81dd70]
[    0.211062]      scan-1133 get_device_data       : No context for object [ffff88040d81dd98]
[    0.211170]      scan-1133 get_device_data       : No context for object [ffff88040d81ddc0]
[    0.211277]      scan-1133 get_device_data       : No context for object [ffff88040d81dde8]
[    0.211385]      scan-1133 get_device_data       : No context for object [ffff88040d81de10]
[    0.211493]      scan-1133 get_device_data       : No context for object [ffff88040d81de38]
[    0.211601]      scan-1133 get_device_data       : No context for object [ffff88040d81de60]
[    0.211707]      scan-1133 get_device_data       : No context for object [ffff88040d81de88]
[    0.211809]      scan-1133 get_device_data       : No context for object [ffff88040d81deb0]
[    0.211912]      scan-1133 get_device_data       : No context for object [ffff88040d81ded8]
[    0.212015]      scan-1133 get_device_data       : No context for object [ffff88040d81df00]
[    0.212122]      scan-1133 get_device_data       : No context for object [ffff88040d81df28]
[    0.212230]      scan-1133 get_device_data       : No context for object [ffff88040d81df50]
[    0.212338]      scan-1133 get_device_data       : No context for object [ffff88040d81df78]
[    0.212446]      scan-1133 get_device_data       : No context for object [ffff88040d81dfa0]
[    0.212554]      scan-1133 get_device_data       : No context for object [ffff88040d81dfc8]
[    0.212663]      scan-1133 get_device_data       : No context for object [ffff88040d822000]
[    0.212765]      scan-1133 get_device_data       : No context for object [ffff88040d822028]
[    0.212869]     utils-0051 util_eval_error       : Evaluate [\_SB_.PCI0.MEMR._STA]: AE_NOT_FOUND
[    0.212993] device: 'PNP0C02:00': device_add
[    0.213032] bus: 'acpi': add device PNP0C02:00
[    0.213085]     utils-0051 util_eval_error       : Evaluate [\_SB_.PCI0.MEMR._SUN]: AE_NOT_FOUND
[    0.213203]      scan-1922 add_single_object     : Added PNP0C02:00 [\_SB_.PCI0.MEMR] parent PNP0A08:00
[    0.213319]      scan-1133 get_device_data       : No context for object [ffff88040d822050]
[    0.213410]      scan-1133 get_device_data       : No context for object [ffff88040d822078]
[    0.213517]      scan-1133 get_device_data       : No context for object [ffff88040d8220a0]
[    0.213626]      scan-1133 get_device_data       : No context for object [ffff88040d8220c8]
[    0.213729]      scan-1133 get_device_data       : No context for object [ffff88040d8220f0]
[    0.214893]      scan-1133 get_device_data       : No context for object [ffff88040d822118]
[    0.214996]      scan-1133 get_device_data       : No context for object [ffff88040d822140]
[    0.215102]      scan-1133 get_device_data       : No context for object [ffff88040d822168]
[    0.215210]      scan-1133 get_device_data       : No context for object [ffff88040d822190]
[    0.215318]      scan-1133 get_device_data       : No context for object [ffff88040d8221b8]
[    0.215426]      scan-1133 get_device_data       : No context for object [ffff88040d8221e0]
[    0.215534]      scan-1133 get_device_data       : No context for object [ffff88040d822208]
[    0.215642]      scan-1133 get_device_data       : No context for object [ffff88040d822230]
[    0.215745]      scan-1133 get_device_data       : No context for object [ffff88040d822258]
[    0.215848]      scan-1133 get_device_data       : No context for object [ffff88040d822280]
[    0.215951]      scan-1133 get_device_data       : No context for object [ffff88040d8222a8]
[    0.216055]     utils-0051 util_eval_error       : Evaluate [\_SB_.PCI0.PB2_._STA]: AE_NOT_FOUND
[    0.216249] device: 'device:00': device_add
[    0.216291] bus: 'acpi': add device device:00
[    0.216345]     utils-0051 util_eval_error       : Evaluate [\_SB_.PCI0.PB2_._SUN]: AE_NOT_FOUND
[    0.216464]      scan-1922 add_single_object     : Added device:00 [\_SB_.PCI0.PB2_] parent PNP0A08:00
[    0.216576]      scan-1133 get_device_data       : No context for object [ffff88040d8222d0]
[    0.216710]      scan-1133 get_device_data       : No context for object [ffff88040d8222f8]
[    0.216815]      scan-1133 get_device_data       : No context for object [ffff88040d822320]
[    0.216918]      scan-1133 get_device_data       : No context for object [ffff88040d822348]
[    0.217021]      scan-1133 get_device_data       : No context for object [ffff88040d822370]
[    0.217124]      scan-1133 get_device_data       : No context for object [ffff88040d822398]
[    0.217231]      scan-1133 get_device_data       : No context for object [ffff88040d8223c0]
[    0.217339]      scan-1133 get_device_data       : No context for object [ffff88040d8223e8]
[    0.217447]      scan-1133 get_device_data       : No context for object [ffff88040d822410]
[    0.217555]      scan-1133 get_device_data       : No context for object [ffff88040d822438]
[    0.217663]      scan-1133 get_device_data       : No context for object [ffff88040d822460]
[    0.217771]      scan-1133 get_device_data       : No context for object [ffff88040d822488]
[    0.217873]      scan-1133 get_device_data       : No context for object [ffff88040d8224b0]
[    0.217976]      scan-1133 get_device_data       : No context for object [ffff88040d8224d8]
[    0.218079]      scan-1133 get_device_data       : No context for object [ffff88040d822500]
[    0.218182]      scan-1133 get_device_data       : No context for object [ffff88040d822528]
[    0.218290]      scan-1133 get_device_data       : No context for object [ffff88040d822550]
[    0.218398]      scan-1133 get_device_data       : No context for object [ffff88040d822578]
[    0.218506]      scan-1133 get_device_data       : No context for object [ffff88040d8225a0]
[    0.218613]      scan-1133 get_device_data       : No context for object [ffff88040d8225c8]
[    0.218721]      scan-1133 get_device_data       : No context for object [ffff88040d8225f0]
[    0.218827]      scan-1133 get_device_data       : No context for object [ffff88040d822618]
[    0.218930]      scan-1133 get_device_data       : No context for object [ffff88040d822640]
[    0.219033]      scan-1133 get_device_data       : No context for object [ffff88040d822668]
[    0.219136]      scan-1133 get_device_data       : No context for object [ffff88040d822690]
[    0.219241]      scan-1133 get_device_data       : No context for object [ffff88040d8226b8]
[    0.219349]      scan-1133 get_device_data       : No context for object [ffff88040d8226e0]
[    0.219458]      scan-1133 get_device_data       : No context for object [ffff88040d822708]
[    0.219565]      scan-1133 get_device_data       : No context for object [ffff88040d822730]
[    0.219674]      scan-1133 get_device_data       : No context for object [ffff88040d822758]
[    0.219782]      scan-1133 get_device_data       : No context for object [ffff88040d822780]
[    0.219886]     utils-0051 util_eval_error       : Evaluate [\_SB_.PCI0.PB2_.VGA_._STA]: AE_NOT_FOUND
[    0.220019] device: 'device:01': device_add
[    0.220057] bus: 'acpi': add device device:01
[    0.220102]     utils-0051 util_eval_error       : Evaluate [\_SB_.PCI0.PB2_.VGA_._SUN]: AE_NOT_FOUND
[    0.220219]      scan-1922 add_single_object     : Added device:01 [\_SB_.PCI0.PB2_.VGA_] parent device:00
[    0.220332]      scan-1133 get_device_data       : No context for object [ffff88040d8227a8]
[    0.220440]      scan-1133 get_device_data       : No context for object [ffff88040d8227d0]
[    0.220548]      scan-1133 get_device_data       : No context for object [ffff88040d8227f8]
[    0.220656]      scan-1133 get_device_data       : No context for object [ffff88040d822820]
[    0.220764]      scan-1133 get_device_data       : No context for object [ffff88040d822848]
[    0.220867]      scan-1133 get_device_data       : No context for object [ffff88040d822870]
[    0.220970]      scan-1133 get_device_data       : No context for object [ffff88040d822898]
[    0.221073]      scan-1133 get_device_data       : No context for object [ffff88040d8228c0]
[    0.221176]      scan-1133 get_device_data       : No context for object [ffff88040d8228e8]
[    0.221284]      scan-1133 get_device_data       : No context for object [ffff88040d822910]
[    0.221392]      scan-1133 get_device_data       : No context for object [ffff88040d822938]
[    0.221500]      scan-1133 get_device_data       : No context for object [ffff88040d822960]
[    0.221608]      scan-1133 get_device_data       : No context for object [ffff88040d822988]
[    0.221716]      scan-1133 get_device_data       : No context for object [ffff88040d8229b0]
[    0.221823]      scan-1133 get_device_data       : No context for object [ffff88040d8229d8]
[    0.221926]      scan-1133 get_device_data       : No context for object [ffff88040d822a00]
[    0.222028]      scan-1133 get_device_data       : No context for object [ffff88040d822a28]
[    0.222131]      scan-1133 get_device_data       : No context for object [ffff88040d822a50]
[    0.222237]      scan-1133 get_device_data       : No context for object [ffff88040d822a78]
[    0.222345]      scan-1133 get_device_data       : No context for object [ffff88040d822aa0]
[    0.222453]      scan-1133 get_device_data       : No context for object [ffff88040d822ac8]
[    0.222560]      scan-1133 get_device_data       : No context for object [ffff88040d822af0]
[    0.222668]      scan-1133 get_device_data       : No context for object [ffff88040d822b18]
[    0.222775]      scan-1133 get_device_data       : No context for object [ffff88040d822b40]
[    0.222880]      scan-1133 get_device_data       : No context for object [ffff88040d822b68]
[    0.222983]      scan-1133 get_device_data       : No context for object [ffff88040d822b90]
[    0.223085]      scan-1133 get_device_data       : No context for object [ffff88040d822bb8]
[    0.223186]      scan-1133 get_device_data       : No context for object [ffff88040d822be0]
[    0.223293]      scan-1133 get_device_data       : No context for object [ffff88040d822c08]
[    0.223375]      scan-1133 get_device_data       : No context for object [ffff88040d822c30]
[    0.223484]      scan-1133 get_device_data       : No context for object [ffff88040d822c58]
[    0.223592]      scan-1133 get_device_data       : No context for object [ffff88040d822c80]
[    0.223700]      scan-1133 get_device_data       : No context for object [ffff88040d822ca8]
[    0.223807]      scan-1133 get_device_data       : No context for object [ffff88040d822cd0]
[    0.223911]      scan-1133 get_device_data       : No context for object [ffff88040d822cf8]
[    0.224014]      scan-1133 get_device_data       : No context for object [ffff88040d822d20]
[    0.224116]      scan-1133 get_device_data       : No context for object [ffff88040d822d48]
[    0.224218]      scan-1133 get_device_data       : No context for object [ffff88040d822d70]
[    0.224326]      scan-1133 get_device_data       : No context for object [ffff88040d822d98]
[    0.224434]      scan-1133 get_device_data       : No context for object [ffff88040d837438]
[    0.225513]      scan-1133 get_device_data       : No context for object [ffff88040d822dc0]
[    0.225622]     utils-0051 util_eval_error       : Evaluate [\_SB_.PCI0.PB2_.HDAU._STA]: AE_NOT_FOUND
[    0.225766] device: 'device:02': device_add
[    0.225807] bus: 'acpi': add device device:02
[    0.225857]     utils-0051 util_eval_error       : Evaluate [\_SB_.PCI0.PB2_.HDAU._SUN]: AE_NOT_FOUND
[    0.226703]      scan-1922 add_single_object     : Added device:02 [\_SB_.PCI0.PB2_.HDAU] parent device:00
[    0.226703]      scan-1133 get_device_data       : No context for object [ffff88040d822de8]
[    0.226703]      scan-1133 get_device_data       : No context for object [ffff88040d822e10]
[    0.226703]      scan-1133 get_device_data       : No context for object [ffff88040d822e38]
[    0.226703]      scan-1133 get_device_data       : No context for object [ffff88040d822e60]
[    0.226703]      scan-1133 get_device_data       : No context for object [ffff88040d822e88]
[    0.226703]      scan-1133 get_device_data       : No context for object [ffff88040d822eb0]
[    0.226710]      scan-1133 get_device_data       : No context for object [ffff88040d822ed8]
[    0.226819]     utils-0051 util_eval_error       : Evaluate [\_SB_.PCI0.PB3_._STA]: AE_NOT_FOUND
[    0.226956] device: 'device:03': device_add
[    0.226994] bus: 'acpi': add device device:03
[    0.227041]     utils-0051 util_eval_error       : Evaluate [\_SB_.PCI0.PB3_._SUN]: AE_NOT_FOUND
[    0.227150]      scan-1922 add_single_object     : Added device:03 [\_SB_.PCI0.PB3_] parent PNP0A08:00
[    0.227261]      scan-1133 get_device_data       : No context for object [ffff88040d822f00]
[    0.227370]      scan-1133 get_device_data       : No context for object [ffff88040d822f28]
[    0.227477]      scan-1133 get_device_data       : No context for object [ffff88040d822f50]
[    0.227585]      scan-1133 get_device_data       : No context for object [ffff88040d822f78]
[    0.227693]      scan-1133 get_device_data       : No context for object [ffff88040d822fa0]
[    0.227801]      scan-1133 get_device_data       : No context for object [ffff88040d822fc8]
[    0.227904]      scan-1133 get_device_data       : No context for object [ffff88040d823000]
[    0.228006]      scan-1133 get_device_data       : No context for object [ffff88040d823028]
[    0.228109]      scan-1133 get_device_data       : No context for object [ffff88040d823050]
[    0.228212]      scan-1133 get_device_data       : No context for object [ffff88040d823078]
[    0.228321]      scan-1133 get_device_data       : No context for object [ffff88040d8230a0]
[    0.228429]      scan-1133 get_device_data       : No context for object [ffff88040d8230c8]
[    0.228537]      scan-1133 get_device_data       : No context for object [ffff88040d8230f0]
[    0.228645]      scan-1133 get_device_data       : No context for object [ffff88040d823118]
[    0.228752]      scan-1133 get_device_data       : No context for object [ffff88040d823140]
[    0.228859]      scan-1133 get_device_data       : No context for object [ffff88040d823168]
[    0.228962]      scan-1133 get_device_data       : No context for object [ffff88040d823190]
[    0.229064]      scan-1133 get_device_data       : No context for object [ffff88040d8231b8]
[    0.229167]      scan-1133 get_device_data       : No context for object [ffff88040d8231e0]
[    0.229273]      scan-1133 get_device_data       : No context for object [ffff88040d823208]
[    0.229381]      scan-1133 get_device_data       : No context for object [ffff88040d823230]
[    0.229489]      scan-1133 get_device_data       : No context for object [ffff88040d823258]
[    0.229597]      scan-1133 get_device_data       : No context for object [ffff88040d823280]
[    0.229705]      scan-1133 get_device_data       : No context for object [ffff88040d8232a8]
[    0.229813]      scan-1133 get_device_data       : No context for object [ffff88040d8232d0]
[    0.229920]      scan-1133 get_device_data       : No context for object [ffff88040d8232f8]
[    0.230039]      scan-1133 get_device_data       : No context for object [ffff88040d823320]
[    0.230142]      scan-1133 get_device_data       : No context for object [ffff88040d823348]
[    0.230245]      scan-1133 get_device_data       : No context for object [ffff88040d823370]
[    0.230353]      scan-1133 get_device_data       : No context for object [ffff88040d823398]
[    0.230460]      scan-1133 get_device_data       : No context for object [ffff88040d8233c0]
[    0.230570]     utils-0051 util_eval_error       : Evaluate [\_SB_.PCI0.PB3_.VGA_._STA]: AE_NOT_FOUND
[    0.230710]     video-0058 backlight_cap_match   : Found generic backlight support
[    0.230828] device: 'LNXVIDEO:00': device_add
[    0.230870] bus: 'acpi': add device LNXVIDEO:00
[    0.230918]     utils-0051 util_eval_error       : Evaluate [\_SB_.PCI0.PB3_.VGA_._SUN]: AE_NOT_FOUND
[    0.231029]      scan-1922 add_single_object     : Added LNXVIDEO:00 [\_SB_.PCI0.PB3_.VGA_] parent device:03
[    0.231137]      scan-1133 get_device_data       : No context for object [ffff88040d8233e8]
[    0.231240]      scan-1133 get_device_data       : No context for object [ffff88040d823410]
[    0.231348]      scan-1133 get_device_data       : No context for object [ffff88040d823438]
[    0.231456]      scan-1133 get_device_data       : No context for object [ffff88040d823460]
[    0.231564]      scan-1133 get_device_data       : No context for object [ffff88040d823488]
[    0.231671]      scan-1133 get_device_data       : No context for object [ffff88040d8234b0]
[    0.231779]      scan-1133 get_device_data       : No context for object [ffff88040d8234d8]
[    0.231886]      scan-1133 get_device_data       : No context for object [ffff88040d823500]
[    0.231989]      scan-1133 get_device_data       : No context for object [ffff88040d823528]
[    0.232092]      scan-1133 get_device_data       : No context for object [ffff88040d823550]
[    0.232195]      scan-1133 get_device_data       : No context for object [ffff88040d823578]
[    0.232300]      scan-1133 get_device_data       : No context for object [ffff88040d8235a0]
[    0.232408]      scan-1133 get_device_data       : No context for object [ffff88040d8235c8]
[    0.232516]      scan-1133 get_device_data       : No context for object [ffff88040d8235f0]
[    0.232624]      scan-1133 get_device_data       : No context for object [ffff88040d823618]
[    0.232732]      scan-1133 get_device_data       : No context for object [ffff88040d823640]
[    0.232840]      scan-1133 get_device_data       : No context for object [ffff88040d823668]
[    0.232945]      scan-1133 get_device_data       : No context for object [ffff88040d823690]
[    0.233048]      scan-1133 get_device_data       : No context for object [ffff88040d8236b8]
[    0.233151]      scan-1133 get_device_data       : No context for object [ffff88040d8236e0]
[    0.233253]      scan-1133 get_device_data       : No context for object [ffff88040d823708]
[    0.233376]      scan-1133 get_device_data       : No context for object [ffff88040d823730]
[    0.233484]      scan-1133 get_device_data       : No context for object [ffff88040d823758]
[    0.233592]      scan-1133 get_device_data       : No context for object [ffff88040d823780]
[    0.233700]      scan-1133 get_device_data       : No context for object [ffff88040d8237a8]
[    0.233807]      scan-1133 get_device_data       : No context for object [ffff88040d8237d0]
[    0.233916]      scan-1133 get_device_data       : No context for object [ffff88040d8237f8]
[    0.234019]      scan-1133 get_device_data       : No context for object [ffff88040d823820]
[    0.234122]      scan-1133 get_device_data       : No context for object [ffff88040d823848]
[    0.234224]      scan-1133 get_device_data       : No context for object [ffff88040d823870]
[    0.234327]      scan-1133 get_device_data       : No context for object [ffff88040d823898]
[    0.234435]      scan-1133 get_device_data       : No context for object [ffff88040d8238c0]
[    0.234543]      scan-1133 get_device_data       : No context for object [ffff88040d8238e8]
[    0.234651]      scan-1133 get_device_data       : No context for object [ffff88040d823910]
[    0.234759]      scan-1133 get_device_data       : No context for object [ffff88040d823938]
[    0.234867]      scan-1133 get_device_data       : No context for object [ffff88040d823960]
[    0.234975]      scan-1133 get_device_data       : No context for object [ffff88040d823988]
[    0.235077]      scan-1133 get_device_data       : No context for object [ffff88040d8239b0]
[    0.236241]      scan-1133 get_device_data       : No context for object [ffff88040d8239d8]
[    0.236344]      scan-1133 get_device_data       : No context for object [ffff88040d837460]
[    0.236452]      scan-1133 get_device_data       : No context for object [ffff88040d83ac08]
[    0.236560]      scan-1133 get_device_data       : No context for object [ffff88040d83ac30]
[    0.236669]      scan-1133 get_device_data       : No context for object [ffff88040d83ac58]
[    0.236779]     utils-0051 util_eval_error       : Evaluate [\_SB_.PCI0.PB3_.VGA_.CRT_._STA]: AE_NOT_FOUND
[    0.236934] device: 'device:04': device_add
[    0.237022] bus: 'acpi': add device device:04
[    0.237067]     utils-0051 util_eval_error       : Evaluate [\_SB_.PCI0.PB3_.VGA_.CRT_._SUN]: AE_NOT_FOUND
[    0.237177]      scan-1922 add_single_object     : Added device:04 [\_SB_.PCI0.PB3_.VGA_.CRT_] parent LNXVIDEO:00
[    0.237284]      scan-1133 get_device_data       : No context for object [ffff88040d83ac80]
[    0.237387]      scan-1133 get_device_data       : No context for object [ffff88040d83aca8]
[    0.237496]      scan-1133 get_device_data       : No context for object [ffff88040d83acd0]
[    0.237604]      scan-1133 get_device_data       : No context for object [ffff88040d83acf8]
[    0.237711]      scan-1133 get_device_data       : No context for object [ffff88040d83ad20]
[    0.237821]     utils-0051 util_eval_error       : Evaluate [\_SB_.PCI0.PB3_.VGA_.LCD_._STA]: AE_NOT_FOUND
[    0.237978] device: 'device:05': device_add
[    0.238046] bus: 'acpi': add device device:05
[    0.238091]     utils-0051 util_eval_error       : Evaluate [\_SB_.PCI0.PB3_.VGA_.LCD_._SUN]: AE_NOT_FOUND
[    0.238202]      scan-1922 add_single_object     : Added device:05 [\_SB_.PCI0.PB3_.VGA_.LCD_] parent LNXVIDEO:00
[    0.238308]      scan-1133 get_device_data       : No context for object [ffff88040d83ad48]
[    0.238413]      scan-1133 get_device_data       : No context for object [ffff88040d83ad70]
[    0.238522]      scan-1133 get_device_data       : No context for object [ffff88040d83ad98]
[    0.238630]      scan-1133 get_device_data       : No context for object [ffff88040d83adc0]
[    0.238738]      scan-1133 get_device_data       : No context for object [ffff88040d83ade8]
[    0.238846]      scan-1133 get_device_data       : No context for object [ffff88040d83ae10]
[    0.238953]      scan-1133 get_device_data       : No context for object [ffff88040d83ae38]
[    0.239058]      scan-1133 get_device_data       : No context for object [ffff88040d83ae60]
[    0.239162]     utils-0051 util_eval_error       : Evaluate [\_SB_.PCI0.PB3_.VGA_.TV0_._STA]: AE_NOT_FOUND
[    0.239289] device: 'device:06': device_add
[    0.239327] bus: 'acpi': add device device:06
[    0.239372]     utils-0051 util_eval_error       : Evaluate [\_SB_.PCI0.PB3_.VGA_.TV0_._SUN]: AE_NOT_FOUND
[    0.240032]      scan-1922 add_single_object     : Added device:06 [\_SB_.PCI0.PB3_.VGA_.TV0_] parent LNXVIDEO:00
[    0.240032]      scan-1133 get_device_data       : No context for object [ffff88040d83ae88]
[    0.240032]      scan-1133 get_device_data       : No context for object [ffff88040d83aeb0]
[    0.240032]      scan-1133 get_device_data       : No context for object [ffff88040d83aed8]
[    0.240032]      scan-1133 get_device_data       : No context for object [ffff88040d83af00]
[    0.240039]      scan-1133 get_device_data       : No context for object [ffff88040d83af28]
[    0.240143]     utils-0051 util_eval_error       : Evaluate [\_SB_.PCI0.PB3_.VGA_.HDMI._STA]: AE_NOT_FOUND
[    0.240272] device: 'device:07': device_add
[    0.240310] bus: 'acpi': add device device:07
[    0.240357]     utils-0051 util_eval_error       : Evaluate [\_SB_.PCI0.PB3_.VGA_.HDMI._SUN]: AE_NOT_FOUND
[    0.240475]      scan-1922 add_single_object     : Added device:07 [\_SB_.PCI0.PB3_.VGA_.HDMI] parent LNXVIDEO:00
[    0.240588]      scan-1133 get_device_data       : No context for object [ffff88040d83af50]
[    0.240697]      scan-1133 get_device_data       : No context for object [ffff88040d83af78]
[    0.240804]      scan-1133 get_device_data       : No context for object [ffff88040d83afa0]
[    0.240912]      scan-1133 get_device_data       : No context for object [ffff88040d83afc8]
[    0.241018]      scan-1133 get_device_data       : No context for object [ffff88040d823a00]
[    0.241121]     utils-0051 util_eval_error       : Evaluate [\_SB_.PCI0.PB3_.HDAU._STA]: AE_NOT_FOUND
[    0.241246] device: 'device:08': device_add
[    0.241285] bus: 'acpi': add device device:08
[    0.241330]     utils-0051 util_eval_error       : Evaluate [\_SB_.PCI0.PB3_.HDAU._SUN]: AE_NOT_FOUND
[    0.241449]      scan-1922 add_single_object     : Added device:08 [\_SB_.PCI0.PB3_.HDAU] parent device:03
[    0.241561]      scan-1133 get_device_data       : No context for object [ffff88040d823a28]
[    0.241670]      scan-1133 get_device_data       : No context for object [ffff88040d823a50]
[    0.241777]      scan-1133 get_device_data       : No context for object [ffff88040d823a78]
[    0.241885]      scan-1133 get_device_data       : No context for object [ffff88040d823aa0]
[    0.241991]      scan-1133 get_device_data       : No context for object [ffff88040d823ac8]
[    0.242093]      scan-1133 get_device_data       : No context for object [ffff88040d823af0]
[    0.242196]      scan-1133 get_device_data       : No context for object [ffff88040d823b18]
[    0.242301]     utils-0051 util_eval_error       : Evaluate [\_SB_.PCI0.PB4_._STA]: AE_NOT_FOUND
[    0.242492] device: 'device:09': device_add
[    0.242533] bus: 'acpi': add device device:09
[    0.242587]     utils-0051 util_eval_error       : Evaluate [\_SB_.PCI0.PB4_._SUN]: AE_NOT_FOUND
[    0.243338]      scan-1922 add_single_object     : Added device:09 [\_SB_.PCI0.PB4_] parent PNP0A08:00
[    0.243338]      scan-1133 get_device_data       : No context for object [ffff88040d823b40]
[    0.243338]      scan-1133 get_device_data       : No context for object [ffff88040d823b68]
[    0.243338]      scan-1133 get_device_data       : No context for object [ffff88040d823b90]
[    0.243338]      scan-1133 get_device_data       : No context for object [ffff88040d823bb8]
[    0.243338]      scan-1133 get_device_data       : No context for object [ffff88040d823be0]
[    0.243338]      scan-1133 get_device_data       : No context for object [ffff88040d823c08]
[    0.243439]      scan-1133 get_device_data       : No context for object [ffff88040d823c30]
[    0.243547]      scan-1133 get_device_data       : No context for object [ffff88040d823c58]
[    0.243655]      scan-1133 get_device_data       : No context for object [ffff88040d823c80]
[    0.243763]      scan-1133 get_device_data       : No context for object [ffff88040d823ca8]
[    0.243870]      scan-1133 get_device_data       : No context for object [ffff88040d823cd0]
[    0.243978]      scan-1133 get_device_data       : No context for object [ffff88040d823cf8]
[    0.244084]      scan-1133 get_device_data       : No context for object [ffff88040d823d20]
[    0.244187]      scan-1133 get_device_data       : No context for object [ffff88040d823d48]
[    0.244290]      scan-1133 get_device_data       : No context for object [ffff88040d823d70]
[    0.244393]      scan-1133 get_device_data       : No context for object [ffff88040d823d98]
[    0.244499]      scan-1133 get_device_data       : No context for object [ffff88040d823dc0]
[    0.244607]      scan-1133 get_device_data       : No context for object [ffff88040d823de8]
[    0.244715]      scan-1133 get_device_data       : No context for object [ffff88040d823e10]
[    0.244823]      scan-1133 get_device_data       : No context for object [ffff88040d823e38]
[    0.244931]      scan-1133 get_device_data       : No context for object [ffff88040d823e60]
[    0.245040]      scan-1133 get_device_data       : No context for object [ffff88040d823e88]
[    0.245142]      scan-1133 get_device_data       : No context for object [ffff88040d823eb0]
[    0.245245]      scan-1133 get_device_data       : No context for object [ffff88040d823ed8]
[    0.245348]      scan-1133 get_device_data       : No context for object [ffff88040d823f00]
[    0.245451]      scan-1133 get_device_data       : No context for object [ffff88040d823f28]
[    0.245560]      scan-1133 get_device_data       : No context for object [ffff88040d823f50]
[    0.245668]      scan-1133 get_device_data       : No context for object [ffff88040d823f78]
[    0.245775]      scan-1133 get_device_data       : No context for object [ffff88040d823fa0]
[    0.245886]      scan-1133 get_device_data       : No context for object [ffff88040d823fc8]
[    0.245993]      scan-1133 get_device_data       : No context for object [ffff88040d825000]
[    0.246670]     utils-0051 util_eval_error       : Evaluate [\_SB_.PCI0.PB4_.XPDV._STA]: AE_NOT_FOUND
[    0.246795] device: 'device:0a': device_add
[    0.246833] bus: 'acpi': add device device:0a
[    0.246879]     utils-0051 util_eval_error       : Evaluate [\_SB_.PCI0.PB4_.XPDV._SUN]: AE_NOT_FOUND
[    0.246995]      scan-1922 add_single_object     : Added device:0a [\_SB_.PCI0.PB4_.XPDV] parent device:09
[    0.247108]      scan-1133 get_device_data       : No context for object [ffff88040d825028]
[    0.247216]      scan-1133 get_device_data       : No context for object [ffff88040d825050]
[    0.247324]      scan-1133 get_device_data       : No context for object [ffff88040d825078]
[    0.247432]      scan-1133 get_device_data       : No context for object [ffff88040d8250a0]
[    0.247541]      scan-1133 get_device_data       : No context for object [ffff88040d8250c8]
[    0.247644]      scan-1133 get_device_data       : No context for object [ffff88040d837500]
[    0.247747]      scan-1133 get_device_data       : No context for object [ffff88040d8250f0]
[    0.247850]      scan-1133 get_device_data       : No context for object [ffff88040d825118]
[    0.247954]     utils-0051 util_eval_error       : Evaluate [\_SB_.PCI0.PB5_._STA]: AE_NOT_FOUND
[    0.248148] device: 'device:0b': device_add
[    0.248190] bus: 'acpi': add device device:0b
[    0.248242]     utils-0051 util_eval_error       : Evaluate [\_SB_.PCI0.PB5_._SUN]: AE_NOT_FOUND
[    0.248360]      scan-1922 add_single_object     : Added device:0b [\_SB_.PCI0.PB5_] parent PNP0A08:00
[    0.248473]      scan-1133 get_device_data       : No context for object [ffff88040d825140]
[    0.248581]      scan-1133 get_device_data       : No context for object [ffff88040d825168]
[    0.248687]      scan-1133 get_device_data       : No context for object [ffff88040d825190]
[    0.248790]      scan-1133 get_device_data       : No context for object [ffff88040d8251b8]
[    0.248893]      scan-1133 get_device_data       : No context for object [ffff88040d8251e0]
[    0.248995]      scan-1133 get_device_data       : No context for object [ffff88040d825208]
[    0.249103]      scan-1133 get_device_data       : No context for object [ffff88040d825230]
[    0.249211]      scan-1133 get_device_data       : No context for object [ffff88040d825258]
[    0.249318]      scan-1133 get_device_data       : No context for object [ffff88040d825280]
[    0.249426]      scan-1133 get_device_data       : No context for object [ffff88040d8252a8]
[    0.250003]      scan-1133 get_device_data       : No context for object [ffff88040d8252d0]
[    0.250112]      scan-1133 get_device_data       : No context for object [ffff88040d8252f8]
[    0.250214]      scan-1133 get_device_data       : No context for object [ffff88040d825320]
[    0.250317]      scan-1133 get_device_data       : No context for object [ffff88040d825348]
[    0.250420]      scan-1133 get_device_data       : No context for object [ffff88040d825370]
[    0.250523]      scan-1133 get_device_data       : No context for object [ffff88040d825398]
[    0.250632]      scan-1133 get_device_data       : No context for object [ffff88040d8253c0]
[    0.250740]      scan-1133 get_device_data       : No context for object [ffff88040d8253e8]
[    0.250848]      scan-1133 get_device_data       : No context for object [ffff88040d825410]
[    0.250955]      scan-1133 get_device_data       : No context for object [ffff88040d825438]
[    0.251063]      scan-1133 get_device_data       : No context for object [ffff88040d825460]
[    0.251170]      scan-1133 get_device_data       : No context for object [ffff88040d825488]
[    0.251273]      scan-1133 get_device_data       : No context for object [ffff88040d8254b0]
[    0.251376]      scan-1133 get_device_data       : No context for object [ffff88040d8254d8]
[    0.251479]      scan-1133 get_device_data       : No context for object [ffff88040d825500]
[    0.251584]      scan-1133 get_device_data       : No context for object [ffff88040d825528]
[    0.251692]      scan-1133 get_device_data       : No context for object [ffff88040d825550]
[    0.251800]      scan-1133 get_device_data       : No context for object [ffff88040d825578]
[    0.251907]      scan-1133 get_device_data       : No context for object [ffff88040d8255a0]
[    0.252015]      scan-1133 get_device_data       : No context for object [ffff88040d8255c8]
[    0.252123]      scan-1133 get_device_data       : No context for object [ffff88040d8255f0]
[    0.252229]     utils-0051 util_eval_error       : Evaluate [\_SB_.PCI0.PB5_.XPDV._STA]: AE_NOT_FOUND
[    0.252354] device: 'device:0c': device_add
[    0.252393] bus: 'acpi': add device device:0c
[    0.252438]     utils-0051 util_eval_error       : Evaluate [\_SB_.PCI0.PB5_.XPDV._SUN]: AE_NOT_FOUND
[    0.253347]      scan-1922 add_single_object     : Added device:0c [\_SB_.PCI0.PB5_.XPDV] parent device:0b
[    0.253347]      scan-1133 get_device_data       : No context for object [ffff88040d825618]
[    0.253347]      scan-1133 get_device_data       : No context for object [ffff88040d825640]
[    0.253347]      scan-1133 get_device_data       : No context for object [ffff88040d825668]
[    0.253347]      scan-1133 get_device_data       : No context for object [ffff88040d825690]
[    0.253347]      scan-1133 get_device_data       : No context for object [ffff88040d8256b8]
[    0.253347]      scan-1133 get_device_data       : No context for object [ffff88040d837528]
[    0.253347]      scan-1133 get_device_data       : No context for object [ffff88040d8256e0]
[    0.253438]      scan-1133 get_device_data       : No context for object [ffff88040d825708]
[    0.253542]     utils-0051 util_eval_error       : Evaluate [\_SB_.PCI0.PB6_._STA]: AE_NOT_FOUND
[    0.253735] device: 'device:0d': device_add
[    0.253777] bus: 'acpi': add device device:0d
[    0.253833]     utils-0051 util_eval_error       : Evaluate [\_SB_.PCI0.PB6_._SUN]: AE_NOT_FOUND
[    0.253952]      scan-1922 add_single_object     : Added device:0d [\_SB_.PCI0.PB6_] parent PNP0A08:00
[    0.254065]      scan-1133 get_device_data       : No context for object [ffff88040d825730]
[    0.254173]      scan-1133 get_device_data       : No context for object [ffff88040d825758]
[    0.254279]      scan-1133 get_device_data       : No context for object [ffff88040d825780]
[    0.254382]      scan-1133 get_device_data       : No context for object [ffff88040d8257a8]
[    0.254485]      scan-1133 get_device_data       : No context for object [ffff88040d8257d0]
[    0.254588]      scan-1133 get_device_data       : No context for object [ffff88040d8257f8]
[    0.254695]      scan-1133 get_device_data       : No context for object [ffff88040d825820]
[    0.254803]      scan-1133 get_device_data       : No context for object [ffff88040d825848]
[    0.254911]      scan-1133 get_device_data       : No context for object [ffff88040d825870]
[    0.255019]      scan-1133 get_device_data       : No context for object [ffff88040d825898]
[    0.255127]      scan-1133 get_device_data       : No context for object [ffff88040d8258c0]
[    0.255235]      scan-1133 get_device_data       : No context for object [ffff88040d8258e8]
[    0.255338]      scan-1133 get_device_data       : No context for object [ffff88040d825910]
[    0.255441]      scan-1133 get_device_data       : No context for object [ffff88040d825938]
[    0.255544]      scan-1133 get_device_data       : No context for object [ffff88040d825960]
[    0.255647]      scan-1133 get_device_data       : No context for object [ffff88040d825988]
[    0.255755]      scan-1133 get_device_data       : No context for object [ffff88040d8259b0]
[    0.255863]      scan-1133 get_device_data       : No context for object [ffff88040d8259d8]
[    0.255971]      scan-1133 get_device_data       : No context for object [ffff88040d825a00]
[    0.256079]      scan-1133 get_device_data       : No context for object [ffff88040d825a28]
[    0.256187]      scan-1133 get_device_data       : No context for object [ffff88040d825a50]
[    0.256294]      scan-1133 get_device_data       : No context for object [ffff88040d825a78]
[    0.256396]      scan-1133 get_device_data       : No context for object [ffff88040d825aa0]
[    0.256499]      scan-1133 get_device_data       : No context for object [ffff88040d825ac8]
[    0.256602]      scan-1133 get_device_data       : No context for object [ffff88040d825af0]
[    0.256708]      scan-1133 get_device_data       : No context for object [ffff88040d825b18]
[    0.256815]      scan-1133 get_device_data       : No context for object [ffff88040d825b40]
[    0.257894]      scan-1133 get_device_data       : No context for object [ffff88040d825b68]
[    0.258005]      scan-1133 get_device_data       : No context for object [ffff88040d825b90]
[    0.258111]      scan-1133 get_device_data       : No context for object [ffff88040d825bb8]
[    0.258221]      scan-1133 get_device_data       : No context for object [ffff88040d825be0]
[    0.258328]     utils-0051 util_eval_error       : Evaluate [\_SB_.PCI0.PB6_.XPDV._STA]: AE_NOT_FOUND
[    0.258454] device: 'device:0e': device_add
[    0.258493] bus: 'acpi': add device device:0e
[    0.258538]     utils-0051 util_eval_error       : Evaluate [\_SB_.PCI0.PB6_.XPDV._SUN]: AE_NOT_FOUND
[    0.258647]      scan-1922 add_single_object     : Added device:0e [\_SB_.PCI0.PB6_.XPDV] parent device:0d
[    0.258761]      scan-1133 get_device_data       : No context for object [ffff88040d825c08]
[    0.258870]      scan-1133 get_device_data       : No context for object [ffff88040d825c30]
[    0.258978]      scan-1133 get_device_data       : No context for object [ffff88040d825c58]
[    0.259085]      scan-1133 get_device_data       : No context for object [ffff88040d825c80]
[    0.259193]      scan-1133 get_device_data       : No context for object [ffff88040d825ca8]
[    0.259298]      scan-1133 get_device_data       : No context for object [ffff88040d837550]
[    0.259400]      scan-1133 get_device_data       : No context for object [ffff88040d825cd0]
[    0.259503]      scan-1133 get_device_data       : No context for object [ffff88040d825cf8]
[    0.259608]     utils-0051 util_eval_error       : Evaluate [\_SB_.PCI0.PB7_._STA]: AE_NOT_FOUND
[    0.259799] device: 'device:0f': device_add
[    0.259840] bus: 'acpi': add device device:0f
[    0.259894]     utils-0051 util_eval_error       : Evaluate [\_SB_.PCI0.PB7_._SUN]: AE_NOT_FOUND
[    0.260022]      scan-1922 add_single_object     : Added device:0f [\_SB_.PCI0.PB7_] parent PNP0A08:00
[    0.260125]      scan-1133 get_device_data       : No context for object [ffff88040d825d20]
[    0.260233]      scan-1133 get_device_data       : No context for object [ffff88040d825d48]
[    0.260342]      scan-1133 get_device_data       : No context for object [ffff88040d825d70]
[    0.260445]      scan-1133 get_device_data       : No context for object [ffff88040d825d98]
[    0.260548]      scan-1133 get_device_data       : No context for object [ffff88040d825dc0]
[    0.260651]      scan-1133 get_device_data       : No context for object [ffff88040d825de8]
[    0.260754]      scan-1133 get_device_data       : No context for object [ffff88040d825e10]
[    0.260863]      scan-1133 get_device_data       : No context for object [ffff88040d825e38]
[    0.260971]      scan-1133 get_device_data       : No context for object [ffff88040d825e60]
[    0.261079]      scan-1133 get_device_data       : No context for object [ffff88040d825e88]
[    0.261187]      scan-1133 get_device_data       : No context for object [ffff88040d825eb0]
[    0.261294]      scan-1133 get_device_data       : No context for object [ffff88040d825ed8]
[    0.261401]      scan-1133 get_device_data       : No context for object [ffff88040d825f00]
[    0.261504]      scan-1133 get_device_data       : No context for object [ffff88040d825f28]
[    0.261607]      scan-1133 get_device_data       : No context for object [ffff88040d825f50]
[    0.261709]      scan-1133 get_device_data       : No context for object [ffff88040d825f78]
[    0.261815]      scan-1133 get_device_data       : No context for object [ffff88040d825fa0]
[    0.261923]      scan-1133 get_device_data       : No context for object [ffff88040d825fc8]
[    0.262031]      scan-1133 get_device_data       : No context for object [ffff88040d827000]
[    0.262139]      scan-1133 get_device_data       : No context for object [ffff88040d827028]
[    0.262246]      scan-1133 get_device_data       : No context for object [ffff88040d827050]
[    0.262355]      scan-1133 get_device_data       : No context for object [ffff88040d827078]
[    0.262460]      scan-1133 get_device_data       : No context for object [ffff88040d8270a0]
[    0.262563]      scan-1133 get_device_data       : No context for object [ffff88040d8270c8]
[    0.262666]      scan-1133 get_device_data       : No context for object [ffff88040d8270f0]
[    0.262768]      scan-1133 get_device_data       : No context for object [ffff88040d827118]
[    0.262875]      scan-1133 get_device_data       : No context for object [ffff88040d827140]
[    0.262983]      scan-1133 get_device_data       : No context for object [ffff88040d827168]
[    0.263091]      scan-1133 get_device_data       : No context for object [ffff88040d827190]
[    0.263198]      scan-1133 get_device_data       : No context for object [ffff88040d8271b8]
[    0.263306]      scan-1133 get_device_data       : No context for object [ffff88040d8271e0]
[    0.263409]     utils-0051 util_eval_error       : Evaluate [\_SB_.PCI0.PB7_.XPDV._STA]: AE_NOT_FOUND
[    0.263534] device: 'device:10': device_add
[    0.263572] bus: 'acpi': add device device:10
[    0.263619]     utils-0051 util_eval_error       : Evaluate [\_SB_.PCI0.PB7_.XPDV._SUN]: AE_NOT_FOUND
[    0.263728]      scan-1922 add_single_object     : Added device:10 [\_SB_.PCI0.PB7_.XPDV] parent device:0f
[    0.263841]      scan-1133 get_device_data       : No context for object [ffff88040d827208]
[    0.263949]      scan-1133 get_device_data       : No context for object [ffff88040d827230]
[    0.264057]      scan-1133 get_device_data       : No context for object [ffff88040d827258]
[    0.264165]      scan-1133 get_device_data       : No context for object [ffff88040d827280]
[    0.264273]      scan-1133 get_device_data       : No context for object [ffff88040d8272a8]
[    0.264380]      scan-1133 get_device_data       : No context for object [ffff88040d837488]
[    0.264483]      scan-1133 get_device_data       : No context for object [ffff88040d8272d0]
[    0.264586]      scan-1133 get_device_data       : No context for object [ffff88040d8272f8]
[    0.264690]     utils-0051 util_eval_error       : Evaluate [\_SB_.PCI0.OHC1._STA]: AE_NOT_FOUND
[    0.264893] device: 'device:11': device_add
[    0.264934] bus: 'acpi': add device device:11
[    0.264987]     utils-0051 util_eval_error       : Evaluate [\_SB_.PCI0.OHC1._SUN]: AE_NOT_FOUND
[    0.265104]      scan-1922 add_single_object     : Added device:11 [\_SB_.PCI0.OHC1] parent PNP0A08:00
[    0.265216]      scan-1133 get_device_data       : No context for object [ffff88040d827320]
[    0.265325]      scan-1133 get_device_data       : No context for object [ffff88040d827348]
[    0.265434]      scan-1133 get_device_data       : No context for object [ffff88040d83b2f8]
[    0.265538]     utils-0051 util_eval_error       : Evaluate [\_SB_.PCI0.OHC1.RHUB._STA]: AE_NOT_FOUND
[    0.265663] device: 'device:12': device_add
[    0.265701] bus: 'acpi': add device device:12
[    0.265746]     utils-0051 util_eval_error       : Evaluate [\_SB_.PCI0.OHC1.RHUB._SUN]: AE_NOT_FOUND
[    0.266682]      scan-1922 add_single_object     : Added device:12 [\_SB_.PCI0.OHC1.RHUB] parent device:11
[    0.266682]      scan-1133 get_device_data       : No context for object [ffff88040d83b320]
[    0.266682]      scan-1133 get_device_data       : No context for object [ffff88040d83b348]
[    0.266682]     utils-0051 util_eval_error       : Evaluate [\_SB_.PCI0.OHC1.RHUB.PRT3._STA]: AE_NOT_FOUND
[    0.266682] device: 'device:13': device_add
[    0.266682] bus: 'acpi': add device device:13
[    0.266682]     utils-0051 util_eval_error       : Evaluate [\_SB_.PCI0.OHC1.RHUB.PRT3._SUN]: AE_NOT_FOUND
[    0.266710]      scan-1922 add_single_object     : Added device:13 [\_SB_.PCI0.OHC1.RHUB.PRT3] parent device:12
[    0.266710]      scan-1133 get_device_data       : No context for object [ffff88040d83b370]
[    0.266774]      scan-1133 get_device_data       : No context for object [ffff88040d83b398]
[    0.266881]      scan-1133 get_device_data       : No context for object [ffff88040d83b3c0]
[    0.266989]      scan-1133 get_device_data       : No context for object [ffff88040d83b3e8]
[    0.267098]     utils-0051 util_eval_error       : Evaluate [\_SB_.PCI0.OHC1.RHUB.PRT4._STA]: AE_NOT_FOUND
[    0.267243] device: 'device:14': device_add
[    0.267284] bus: 'acpi': add device device:14
[    0.267337]     utils-0051 util_eval_error       : Evaluate [\_SB_.PCI0.OHC1.RHUB.PRT4._SUN]: AE_NOT_FOUND
[    0.267455]      scan-1922 add_single_object     : Added device:14 [\_SB_.PCI0.OHC1.RHUB.PRT4] parent device:12
[    0.267564]      scan-1133 get_device_data       : No context for object [ffff88040d83b410]
[    0.267667]      scan-1133 get_device_data       : No context for object [ffff88040d83b438]
[    0.268830]      scan-1133 get_device_data       : No context for object [ffff88040d83b460]
[    0.268936]      scan-1133 get_device_data       : No context for object [ffff88040d827370]
[    0.269045]     utils-0051 util_eval_error       : Evaluate [\_SB_.PCI0.EHC1._STA]: AE_NOT_FOUND
[    0.269250] device: 'device:15': device_add
[    0.269292] bus: 'acpi': add device device:15
[    0.269345]     utils-0051 util_eval_error       : Evaluate [\_SB_.PCI0.EHC1._SUN]: AE_NOT_FOUND
[    0.270004]      scan-1922 add_single_object     : Added device:15 [\_SB_.PCI0.EHC1] parent PNP0A08:00
[    0.270004]      scan-1133 get_device_data       : No context for object [ffff88040d827398]
[    0.270004]      scan-1133 get_device_data       : No context for object [ffff88040d8273c0]
[    0.270004]      scan-1133 get_device_data       : No context for object [ffff88040d83b028]
[    0.270004]     utils-0051 util_eval_error       : Evaluate [\_SB_.PCI0.EHC1.RHUB._STA]: AE_NOT_FOUND
[    0.270028] device: 'device:16': device_add
[    0.270119] bus: 'acpi': add device device:16
[    0.270172]     utils-0051 util_eval_error       : Evaluate [\_SB_.PCI0.EHC1.RHUB._SUN]: AE_NOT_FOUND
[    0.270291]      scan-1922 add_single_object     : Added device:16 [\_SB_.PCI0.EHC1.RHUB] parent device:15
[    0.270404]      scan-1133 get_device_data       : No context for object [ffff88040d83b050]
[    0.270512]      scan-1133 get_device_data       : No context for object [ffff88040d83b078]
[    0.270621]     utils-0051 util_eval_error       : Evaluate [\_SB_.PCI0.EHC1.RHUB.PRT3._STA]: AE_NOT_FOUND
[    0.270747] device: 'device:17': device_add
[    0.270784] bus: 'acpi': add device device:17
[    0.270829]     utils-0051 util_eval_error       : Evaluate [\_SB_.PCI0.EHC1.RHUB.PRT3._SUN]: AE_NOT_FOUND
[    0.270939]      scan-1922 add_single_object     : Added device:17 [\_SB_.PCI0.EHC1.RHUB.PRT3] parent device:16
[    0.271052]      scan-1133 get_device_data       : No context for object [ffff88040d83b0a0]
[    0.271160]      scan-1133 get_device_data       : No context for object [ffff88040d83b0c8]
[    0.271268]      scan-1133 get_device_data       : No context for object [ffff88040d83b0f0]
[    0.271376]      scan-1133 get_device_data       : No context for object [ffff88040d83b118]
[    0.271485]     utils-0051 util_eval_error       : Evaluate [\_SB_.PCI0.EHC1.RHUB.PRT4._STA]: AE_NOT_FOUND
[    0.271616] device: 'device:18': device_add
[    0.271654] bus: 'acpi': add device device:18
[    0.271701]     utils-0051 util_eval_error       : Evaluate [\_SB_.PCI0.EHC1.RHUB.PRT4._SUN]: AE_NOT_FOUND
[    0.271812]      scan-1922 add_single_object     : Added device:18 [\_SB_.PCI0.EHC1.RHUB.PRT4] parent device:16
[    0.271919]      scan-1133 get_device_data       : No context for object [ffff88040d83b140]
[    0.272026]      scan-1133 get_device_data       : No context for object [ffff88040d83b168]
[    0.272134]      scan-1133 get_device_data       : No context for object [ffff88040d83b190]
[    0.272242]      scan-1133 get_device_data       : No context for object [ffff88040d8273e8]
[    0.272352]     utils-0051 util_eval_error       : Evaluate [\_SB_.PCI0.OHC2._STA]: AE_NOT_FOUND
[    0.272556] device: 'device:19': device_add
[    0.272597] bus: 'acpi': add device device:19
[    0.272642]     utils-0051 util_eval_error       : Evaluate [\_SB_.PCI0.OHC2._SUN]: AE_NOT_FOUND
[    0.273339]      scan-1922 add_single_object     : Added device:19 [\_SB_.PCI0.OHC2] parent PNP0A08:00
[    0.273339]      scan-1133 get_device_data       : No context for object [ffff88040d827410]
[    0.273339]      scan-1133 get_device_data       : No context for object [ffff88040d827438]
[    0.273339]      scan-1133 get_device_data       : No context for object [ffff88040d83b488]
[    0.273339]     utils-0051 util_eval_error       : Evaluate [\_SB_.PCI0.OHC2.RHUB._STA]: AE_NOT_FOUND
[    0.273339] device: 'device:1a': device_add
[    0.273339] bus: 'acpi': add device device:1a
[    0.273392]     utils-0051 util_eval_error       : Evaluate [\_SB_.PCI0.OHC2.RHUB._SUN]: AE_NOT_FOUND
[    0.273510]      scan-1922 add_single_object     : Added device:1a [\_SB_.PCI0.OHC2.RHUB] parent device:19
[    0.273620]      scan-1133 get_device_data       : No context for object [ffff88040d83b4b0]
[    0.273722]      scan-1133 get_device_data       : No context for object [ffff88040d83b4d8]
[    0.273826]     utils-0051 util_eval_error       : Evaluate [\_SB_.PCI0.OHC2.RHUB.PRT4._STA]: AE_NOT_FOUND
[    0.273954] device: 'device:1b': device_add
[    0.273995] bus: 'acpi': add device device:1b
[    0.274052]     utils-0051 util_eval_error       : Evaluate [\_SB_.PCI0.OHC2.RHUB.PRT4._SUN]: AE_NOT_FOUND
[    0.274170]      scan-1922 add_single_object     : Added device:1b [\_SB_.PCI0.OHC2.RHUB.PRT4] parent device:1a
[    0.274283]      scan-1133 get_device_data       : No context for object [ffff88040d83b500]
[    0.274392]      scan-1133 get_device_data       : No context for object [ffff88040d83b528]
[    0.274500]      scan-1133 get_device_data       : No context for object [ffff88040d83b550]
[    0.274610]      scan-1133 get_device_data       : No context for object [ffff88040d827460]
[    0.274713]     utils-0051 util_eval_error       : Evaluate [\_SB_.PCI0.EHC2._STA]: AE_NOT_FOUND
[    0.274846] device: 'device:1c': device_add
[    0.274884] bus: 'acpi': add device device:1c
[    0.274929]     utils-0051 util_eval_error       : Evaluate [\_SB_.PCI0.EHC2._SUN]: AE_NOT_FOUND
[    0.275048]      scan-1922 add_single_object     : Added device:1c [\_SB_.PCI0.EHC2] parent PNP0A08:00
[    0.275161]      scan-1133 get_device_data       : No context for object [ffff88040d827488]
[    0.275269]      scan-1133 get_device_data       : No context for object [ffff88040d8274b0]
[    0.275377]      scan-1133 get_device_data       : No context for object [ffff88040d83b1b8]
[    0.275486]     utils-0051 util_eval_error       : Evaluate [\_SB_.PCI0.EHC2.RHUB._STA]: AE_NOT_FOUND
[    0.275613] device: 'device:1d': device_add
[    0.275650] bus: 'acpi': add device device:1d
[    0.275695]     utils-0051 util_eval_error       : Evaluate [\_SB_.PCI0.EHC2.RHUB._SUN]: AE_NOT_FOUND
[    0.276667]      scan-1922 add_single_object     : Added device:1d [\_SB_.PCI0.EHC2.RHUB] parent device:1c
[    0.276667]      scan-1133 get_device_data       : No context for object [ffff88040d83b1e0]
[    0.276667]      scan-1133 get_device_data       : No context for object [ffff88040d83b208]
[    0.276667]     utils-0051 util_eval_error       : Evaluate [\_SB_.PCI0.EHC2.RHUB.PRT2._STA]: AE_NOT_FOUND
[    0.276667] device: 'device:1e': device_add
[    0.276667] bus: 'acpi': add device device:1e
[    0.276667]     utils-0051 util_eval_error       : Evaluate [\_SB_.PCI0.EHC2.RHUB.PRT2._SUN]: AE_NOT_FOUND
[    0.276679]      scan-1922 add_single_object     : Added device:1e [\_SB_.PCI0.EHC2.RHUB.PRT2] parent device:1d
[    0.276679]      scan-1133 get_device_data       : No context for object [ffff88040d83b230]
[    0.276705]      scan-1133 get_device_data       : No context for object [ffff88040d83b258]
[    0.276807]      scan-1133 get_device_data       : No context for object [ffff88040d83b280]
[    0.276910]      scan-1133 get_device_data       : No context for object [ffff88040d8274d8]
[    0.277019]     utils-0051 util_eval_error       : Evaluate [\_SB_.PCI0.OHC3._STA]: AE_NOT_FOUND
[    0.277212] device: 'device:1f': device_add
[    0.277254] bus: 'acpi': add device device:1f
[    0.277307]     utils-0051 util_eval_error       : Evaluate [\_SB_.PCI0.OHC3._SUN]: AE_NOT_FOUND
[    0.277425]      scan-1922 add_single_object     : Added device:1f [\_SB_.PCI0.OHC3] parent PNP0A08:00
[    0.277537]      scan-1133 get_device_data       : No context for object [ffff88040d827500]
[    0.277644]      scan-1133 get_device_data       : No context for object [ffff88040d827528]
[    0.277747]      scan-1133 get_device_data       : No context for object [ffff88040d83b578]
[    0.277852]     utils-0051 util_eval_error       : Evaluate [\_SB_.PCI0.OHC3.RHUB._STA]: AE_NOT_FOUND
[    0.277977] device: 'device:20': device_add
[    0.278020] bus: 'acpi': add device device:20
[    0.278072]     utils-0051 util_eval_error       : Evaluate [\_SB_.PCI0.OHC3.RHUB._SUN]: AE_NOT_FOUND
[    0.278190]      scan-1922 add_single_object     : Added device:20 [\_SB_.PCI0.OHC3.RHUB] parent device:1f
[    0.278303]      scan-1133 get_device_data       : No context for object [ffff88040d83b5a0]
[    0.278412]      scan-1133 get_device_data       : No context for object [ffff88040d827550]
[    0.278521]     utils-0051 util_eval_error       : Evaluate [\_SB_.PCI0.EHC3._STA]: AE_NOT_FOUND
[    0.278659] device: 'device:21': device_add
[    0.278697] bus: 'acpi': add device device:21
[    0.278744]     utils-0051 util_eval_error       : Evaluate [\_SB_.PCI0.EHC3._SUN]: AE_NOT_FOUND
[    0.278854]      scan-1922 add_single_object     : Added device:21 [\_SB_.PCI0.EHC3] parent PNP0A08:00
[    0.280007]      scan-1133 get_device_data       : No context for object [ffff88040d827578]
[    0.280115]      scan-1133 get_device_data       : No context for object [ffff88040d8275a0]
[    0.280223]      scan-1133 get_device_data       : No context for object [ffff88040d83b2a8]
[    0.280332]     utils-0051 util_eval_error       : Evaluate [\_SB_.PCI0.EHC3.RHUB._STA]: AE_NOT_FOUND
[    0.280476] device: 'device:22': device_add
[    0.280517] bus: 'acpi': add device device:22
[    0.280566]     utils-0051 util_eval_error       : Evaluate [\_SB_.PCI0.EHC3.RHUB._SUN]: AE_NOT_FOUND
[    0.280675]      scan-1922 add_single_object     : Added device:22 [\_SB_.PCI0.EHC3.RHUB] parent device:21
[    0.280781]      scan-1133 get_device_data       : No context for object [ffff88040d83b2d0]
[    0.280884]      scan-1133 get_device_data       : No context for object [ffff88040d8275c8]
[    0.280992]     utils-0051 util_eval_error       : Evaluate [\_SB_.PCI0.OHC4._STA]: AE_NOT_FOUND
[    0.281147] device: 'device:23': device_add
[    0.281188] bus: 'acpi': add device device:23
[    0.281241]     utils-0051 util_eval_error       : Evaluate [\_SB_.PCI0.OHC4._SUN]: AE_NOT_FOUND
[    0.281358]      scan-1922 add_single_object     : Added device:23 [\_SB_.PCI0.OHC4] parent PNP0A08:00
[    0.281470]      scan-1133 get_device_data       : No context for object [ffff88040d8275f0]
[    0.281579]      scan-1133 get_device_data       : No context for object [ffff88040d827618]
[    0.281685]      scan-1133 get_device_data       : No context for object [ffff88040d827640]
[    0.281788]     utils-0051 util_eval_error       : Evaluate [\_SB_.PCI0.SBAZ._STA]: AE_NOT_FOUND
[    0.281921] device: 'device:24': device_add
[    0.281959] bus: 'acpi': add device device:24
[    0.282015]     utils-0051 util_eval_error       : Evaluate [\_SB_.PCI0.SBAZ._SUN]: AE_NOT_FOUND
[    0.282132]      scan-1922 add_single_object     : Added device:24 [\_SB_.PCI0.SBAZ] parent PNP0A08:00
[    0.282245]      scan-1133 get_device_data       : No context for object [ffff88040d827668]
[    0.282353]      scan-1133 get_device_data       : No context for object [ffff88040d827690]
[    0.282461]      scan-1133 get_device_data       : No context for object [ffff88040d8276b8]
[    0.282571]     utils-0051 util_eval_error       : Evaluate [\_SB_.PCI0.GEC_._STA]: AE_NOT_FOUND
[    0.282718] device: 'device:25': device_add
[    0.282756] bus: 'acpi': add device device:25
[    0.282802]     utils-0051 util_eval_error       : Evaluate [\_SB_.PCI0.GEC_._SUN]: AE_NOT_FOUND
[    0.283338]      scan-1922 add_single_object     : Added device:25 [\_SB_.PCI0.GEC_] parent PNP0A08:00
[    0.283338]      scan-1133 get_device_data       : No context for object [ffff88040d8276e0]
[    0.283338]      scan-1133 get_device_data       : No context for object [ffff88040d827708]
[    0.283338]      scan-1133 get_device_data       : No context for object [ffff88040d827730]
[    0.283376]      scan-1133 get_device_data       : No context for object [ffff88040d827758]
[    0.283484]      scan-1133 get_device_data       : No context for object [ffff88040d827780]
[    0.283592]      scan-1133 get_device_data       : No context for object [ffff88040d8277a8]
[    0.283695]      scan-1133 get_device_data       : No context for object [ffff88040d8277d0]
[    0.283798]      scan-1133 get_device_data       : No context for object [ffff88040d8277f8]
[    0.283901]      scan-1133 get_device_data       : No context for object [ffff88040d827820]
[    0.284005]     utils-0051 util_eval_error       : Evaluate [\_SB_.PCI0.SATA._STA]: AE_NOT_FOUND
[    0.284155] device: 'device:26': device_add
[    0.284230] bus: 'acpi': add device device:26
[    0.284283]     utils-0051 util_eval_error       : Evaluate [\_SB_.PCI0.SATA._SUN]: AE_NOT_FOUND
[    0.284401]      scan-1922 add_single_object     : Added device:26 [\_SB_.PCI0.SATA] parent PNP0A08:00
[    0.284515]      scan-1133 get_device_data       : No context for object [ffff88040d827848]
[    0.284622]      scan-1133 get_device_data       : No context for object [ffff88040d827870]
[    0.284728]      scan-1133 get_device_data       : No context for object [ffff88040d827898]
[    0.284831]      scan-1133 get_device_data       : No context for object [ffff88040d8278c0]
[    0.284934]      scan-1133 get_device_data       : No context for object [ffff88040d8278e8]
[    0.285036]      scan-1133 get_device_data       : No context for object [ffff88040d827910]
[    0.285144]      scan-1133 get_device_data       : No context for object [ffff88040d827938]
[    0.285252]      scan-1133 get_device_data       : No context for object [ffff88040d827960]
[    0.285359]      scan-1133 get_device_data       : No context for object [ffff88040d827988]
[    0.285467]      scan-1133 get_device_data       : No context for object [ffff88040d8279b0]
[    0.285575]      scan-1133 get_device_data       : No context for object [ffff88040d8279d8]
[    0.285683]      scan-1133 get_device_data       : No context for object [ffff88040d827a00]
[    0.285786]      scan-1133 get_device_data       : No context for object [ffff88040d827a28]
[    0.285888]      scan-1133 get_device_data       : No context for object [ffff88040d827a50]
[    0.285992]      scan-1133 get_device_data       : No context for object [ffff88040d827a78]
[    0.286095]      scan-1133 get_device_data       : No context for object [ffff88040d827aa0]
[    0.286205]      scan-1133 get_device_data       : No context for object [ffff88040d827ac8]
[    0.286313]      scan-1133 get_device_data       : No context for object [ffff88040d827af0]
[    0.286421]      scan-1133 get_device_data       : No context for object [ffff88040d827b18]
[    0.286529]      scan-1133 get_device_data       : No context for object [ffff88040d827b40]
[    0.286637]      scan-1133 get_device_data       : No context for object [ffff88040d827b68]
[    0.286741]      scan-1133 get_device_data       : No context for object [ffff88040d827b90]
[    0.286843]      scan-1133 get_device_data       : No context for object [ffff88040d827bb8]
[    0.286946]      scan-1133 get_device_data       : No context for object [ffff88040d827be0]
[    0.287049]      scan-1133 get_device_data       : No context for object [ffff88040d827c08]
[    0.287157]      scan-1133 get_device_data       : No context for object [ffff88040d827c30]
[    0.287264]      scan-1133 get_device_data       : No context for object [ffff88040d827c58]
[    0.287372]      scan-1133 get_device_data       : No context for object [ffff88040d827c80]
[    0.287480]      scan-1133 get_device_data       : No context for object [ffff88040d827ca8]
[    0.287588]      scan-1133 get_device_data       : No context for object [ffff88040d827cd0]
[    0.287697]      scan-1133 get_device_data       : No context for object [ffff88040d827cf8]
[    0.287800]      scan-1133 get_device_data       : No context for object [ffff88040d827d20]
[    0.287902]      scan-1133 get_device_data       : No context for object [ffff88040d827d48]
[    0.288005]      scan-1133 get_device_data       : No context for object [ffff88040d827d70]
[    0.288108]      scan-1133 get_device_data       : No context for object [ffff88040d827d98]
[    0.288216]      scan-1133 get_device_data       : No context for object [ffff88040d827dc0]
[    0.288324]      scan-1133 get_device_data       : No context for object [ffff88040d827de8]
[    0.288432]      scan-1133 get_device_data       : No context for object [ffff88040d827e10]
[    0.288539]      scan-1133 get_device_data       : No context for object [ffff88040d827e38]
[    0.288647]      scan-1133 get_device_data       : No context for object [ffff88040d827e60]
[    0.288755]      scan-1133 get_device_data       : No context for object [ffff88040d827e88]
[    0.288857]      scan-1133 get_device_data       : No context for object [ffff88040d827eb0]
[    0.288960]      scan-1133 get_device_data       : No context for object [ffff88040d827ed8]
[    0.289063]      scan-1133 get_device_data       : No context for object [ffff88040d827f00]
[    0.289168]      scan-1133 get_device_data       : No context for object [ffff88040d827f28]
[    0.289278]     utils-0051 util_eval_error       : Evaluate [\_SB_.PCI0.SATA.PRID._STA]: AE_NOT_FOUND
[    0.289431] device_pm-0128 device_get_power      : Device [PRID] power state is (unknown)
[    0.289573] device: 'device:27': device_add
[    0.289617] bus: 'acpi': add device device:27
[    0.289670]     utils-0051 util_eval_error       : Evaluate [\_SB_.PCI0.SATA.PRID._SUN]: AE_NOT_FOUND
[    0.290006]      scan-1922 add_single_object     : Added device:27 [\_SB_.PCI0.SATA.PRID] parent device:26
[    0.290006]      scan-1133 get_device_data       : No context for object [ffff88040d827f50]
[    0.290106]      scan-1133 get_device_data       : No context for object [ffff88040d827f78]
[    0.290208]      scan-1133 get_device_data       : No context for object [ffff88040d827fa0]
[    0.290311]      scan-1133 get_device_data       : No context for object [ffff88040d827fc8]
