[    0.000000] Initializing cgroup subsys cpuset
[    0.000000] Initializing cgroup subsys cpu
[    0.000000] Initializing cgroup subsys cpuacct
[    0.000000] Linux version 3.16.0-rc7-MANJAROed (emacs@manji) (gcc version 4.9.0 20140604 (prerelease) (GCC) ) #16 SMP Tue Jul 29 05:38:10 CEST 2014
[    0.000000] Command line: BOOT_IMAGE=/vmlinuz-316-x86_64 root=UUID=bfa4ab6e-19a3-4601-ba2b-267c55841c73 rw cryptdevice=/dev/disk/by-uuid/70c08890-417a-497d-b6ab-c0d0357a63e2:cryptManjaro:allow-discards ipv6.disable=1 pnp.debug=1 loglevel=9 log_buf_len=10M printk.always_kmsg_dump=y printk.time=y mminit_loglevel=0 memory_corruption_check=1 acpi.debug_layer=0xfbff0000 acpi.debug_level=0xFFFFFFFD pnp.debug=1 nohz=on rcu_nocbs=1-3 pcie_aspm=force nofb
[    0.000000] KERNEL supported cpus:
[    0.000000]   AMD AuthenticAMD
[    0.000000] e820: BIOS-provided physical RAM map:
[    0.000000] BIOS-e820: [mem 0x0000000000000000-0x000000000009d7ff] usable
[    0.000000] BIOS-e820: [mem 0x000000000009d800-0x000000000009ffff] reserved
[    0.000000] BIOS-e820: [mem 0x00000000000e0000-0x00000000000fffff] reserved
[    0.000000] BIOS-e820: [mem 0x0000000000100000-0x00000000bed9afff] usable
[    0.000000] BIOS-e820: [mem 0x00000000bed9b000-0x00000000bf39afff] reserved
[    0.000000] BIOS-e820: [mem 0x00000000bf39b000-0x00000000bf49afff] ACPI NVS
[    0.000000] BIOS-e820: [mem 0x00000000bf49b000-0x00000000bf51afff] ACPI data
[    0.000000] BIOS-e820: [mem 0x00000000bf51b000-0x00000000bfdfffff] usable
[    0.000000] BIOS-e820: [mem 0x00000000bfe00000-0x00000000bfffffff] reserved
[    0.000000] BIOS-e820: [mem 0x00000000fec00000-0x00000000fecfffff] reserved
[    0.000000] BIOS-e820: [mem 0x00000000fed80000-0x00000000fed80fff] reserved
[    0.000000] BIOS-e820: [mem 0x00000000ffe00000-0x00000000ffffffff] reserved
[    0.000000] BIOS-e820: [mem 0x0000000100000000-0x000000041effffff] usable
[    0.000000] NX (Execute Disable) protection: active
[    0.000000] SMBIOS 2.6 present.
[    0.000000] DMI: LENOVO Sabine/Torpedo, BIOS 54CN18WW 07/20/2011
[    0.000000] e820: update [mem 0x00000000-0x00000fff] usable ==> reserved
[    0.000000] e820: remove [mem 0x000a0000-0x000fffff] usable
[    0.000000] e820: last_pfn = 0x41f000 max_arch_pfn = 0x400000000
[    0.000000] MTRR default type: uncachable
[    0.000000] MTRR fixed ranges enabled:
[    0.000000]   00000-9FFFF write-back
[    0.000000]   A0000-BFFFF uncachable
[    0.000000]   C0000-FFFFF write-protect
[    0.000000] MTRR variable ranges enabled:
[    0.000000]   0 base 0000000000 mask FF80000000 write-back
[    0.000000]   1 base 0080000000 mask FFC0000000 write-back
[    0.000000]   2 base 00FFF90000 mask FFFFFF0000 uncachable
[    0.000000]   3 base 00FED80000 mask 0FFFFFF000 uncachable
[    0.000000]   4 disabled
[    0.000000]   5 disabled
[    0.000000]   6 disabled
[    0.000000]   7 base 00FFE00000 mask FFFFE00000 write-protect
[    0.000000] TOM2: 000000041f000000 aka 16880M
[    0.000000] mtrr: your BIOS has configured an incorrect mask, fixing it.
[    0.000000] e820: last_pfn = 0xbfe00 max_arch_pfn = 0x400000000
[    0.000000] found SMP MP-table at [mem 0x000fa8b0-0x000fa8bf] mapped at [ffff8800000fa8b0]
[    0.000000] Base memory trampoline at [ffff880000097000] 97000 size 24576
[    0.000000] Using GB pages for direct mapping
[    0.000000] init_memory_mapping: [mem 0x00000000-0x000fffff]
[    0.000000]  [mem 0x00000000-0x000fffff] page 4k
[    0.000000] BRK [0x01c11000, 0x01c11fff] PGTABLE
[    0.000000] BRK [0x01c12000, 0x01c12fff] PGTABLE
[    0.000000] BRK [0x01c13000, 0x01c13fff] PGTABLE
[    0.000000] init_memory_mapping: [mem 0x41ee00000-0x41effffff]
[    0.000000]  [mem 0x41ee00000-0x41effffff] page 2M
[    0.000000] BRK [0x01c14000, 0x01c14fff] PGTABLE
[    0.000000] init_memory_mapping: [mem 0x41c000000-0x41edfffff]
[    0.000000]  [mem 0x41c000000-0x41edfffff] page 2M
[    0.000000] init_memory_mapping: [mem 0x400000000-0x41bffffff]
[    0.000000]  [mem 0x400000000-0x41bffffff] page 2M
[    0.000000] init_memory_mapping: [mem 0x00100000-0xbed9afff]
[    0.000000]  [mem 0x00100000-0x001fffff] page 4k
[    0.000000]  [mem 0x00200000-0x3fffffff] page 2M
[    0.000000]  [mem 0x40000000-0x7fffffff] page 1G
[    0.000000]  [mem 0x80000000-0xbebfffff] page 2M
[    0.000000]  [mem 0xbec00000-0xbed9afff] page 4k
[    0.000000] init_memory_mapping: [mem 0xbf51b000-0xbfdfffff]
[    0.000000]  [mem 0xbf51b000-0xbf5fffff] page 4k
[    0.000000]  [mem 0xbf600000-0xbfdfffff] page 2M
[    0.000000] BRK [0x01c15000, 0x01c15fff] PGTABLE
[    0.000000] init_memory_mapping: [mem 0x100000000-0x3ffffffff]
[    0.000000]  [mem 0x100000000-0x3ffffffff] page 1G
[    0.000000] log_buf_len: 16777216
[    0.000000] early log buf free: 2092392(99%)
[    0.000000] RAMDISK: [mem 0x37856000-0x37c22fff]
[    0.000000] ACPI: Early table checksum verification disabled
[    0.000000] ACPI: RSDP 0x00000000000F0110 000024 (v02 LENOVO)
[    0.000000] ACPI: XSDT 0x00000000BF51A120 000074 (v01 LENOVO CB-01    00000001 LENO 00000001)
[    0.000000] ACPI: FACP 0x00000000BF508000 0000F4 (v04 LENOVO CB-01    00000001 PTL  00000001)
[    0.000000] ACPI: DSDT 0x00000000BF50A000 00FD10 (v01 LENOVO CB-01    00001000 LENO 00000001)
[    0.000000] ACPI: FACS 0x00000000BF478000 000040
[    0.000000] ACPI: HPET 0x00000000BF507000 000038 (v01 LENOVO CB-01    00000001 PTL  00000001)
[    0.000000] ACPI: APIC 0x00000000BF506000 00007A (v02 LENOVO CB-01    00000001 PTL  00000001)
[    0.000000] ACPI: MCFG 0x00000000BF505000 00003C (v01 LENOVO CB-01    00000001 PTL  00000001)
[    0.000000] ACPI: SLIC 0x00000000BF504000 000176 (v01 LENOVO CB-01    00000001 LENO 00000001)
[    0.000000] ACPI: UEFI 0x00000000BF503000 00003E (v01 LENOVO CB-01    00000001 PTL  00000001)
[    0.000000] ACPI: UEFI 0x00000000BF502000 000042 (v01 PTL    COMBUF   00000001 PTL  00000001)
[    0.000000] ACPI: SSDT 0x00000000BF501000 000E34 (v01 AMD    POWERNOW 00000001 AMD  00000001)
[    0.000000] ACPI: SSDT 0x00000000BF4FF000 00193D (v02 AMD    ALIB     00000001 MSFT 04000000)
[    0.000000] ACPI: UEFI 0x00000000BF4FE000 00021A (v01 LENOVO CB-01    00000001 PTL  00000001)
[    0.000000] ACPI: Local APIC address 0xfee00000
[    0.000000] No NUMA configuration found
[    0.000000] Faking a node at [mem 0x0000000000000000-0x000000041effffff]
[    0.000000] Initmem setup node 0 [mem 0x00000000-0x41effffff]
[    0.000000]   NODE_DATA [mem 0x41dffa000-0x41dffdfff]
[    0.000000]  [ffffea0000000000-ffffea00107fffff] PMD -> [ffff88040de00000-ffff88041d5fffff] on node 0
[    0.000000] Zone ranges:
[    0.000000]   DMA      [mem 0x00001000-0x00ffffff]
[    0.000000]   DMA32    [mem 0x01000000-0xffffffff]
[    0.000000]   Normal   [mem 0x100000000-0x41effffff]
[    0.000000] Movable zone start for each node
[    0.000000] Early memory node ranges
[    0.000000]   node   0: [mem 0x00001000-0x0009cfff]
[    0.000000]   node   0: [mem 0x00100000-0xbed9afff]
[    0.000000]   node   0: [mem 0xbf51b000-0xbfdfffff]
[    0.000000]   node   0: [mem 0x100000000-0x41effffff]
[    0.000000] On node 0 totalpages: 4056604
[    0.000000]   DMA zone: 64 pages used for memmap
[    0.000000]   DMA zone: 21 pages reserved
[    0.000000]   DMA zone: 3996 pages, LIFO batch:0
[    0.000000]   DMA32 zone: 12186 pages used for memmap
[    0.000000]   DMA32 zone: 779904 pages, LIFO batch:31
[    0.000000]   Normal zone: 51136 pages used for memmap
[    0.000000]   Normal zone: 3272704 pages, LIFO batch:31
[    0.000000] ACPI: PM-Timer IO Port: 0x808
[    0.000000] ACPI: Local APIC address 0xfee00000
[    0.000000] ACPI: LAPIC (acpi_id[0x00] lapic_id[0x00] enabled)
[    0.000000] ACPI: LAPIC (acpi_id[0x01] lapic_id[0x01] enabled)
[    0.000000] ACPI: LAPIC (acpi_id[0x02] lapic_id[0x02] enabled)
[    0.000000] ACPI: LAPIC (acpi_id[0x03] lapic_id[0x03] enabled)
[    0.000000] ACPI: LAPIC_NMI (acpi_id[0x00] high edge lint[0x1])
[    0.000000] ACPI: LAPIC_NMI (acpi_id[0x01] high edge lint[0x1])
[    0.000000] ACPI: LAPIC_NMI (acpi_id[0x02] high edge lint[0x1])
[    0.000000] ACPI: LAPIC_NMI (acpi_id[0x03] high edge lint[0x1])
[    0.000000] ACPI: IOAPIC (id[0x02] address[0xfec00000] gsi_base[0])
[    0.000000] IOAPIC[0]: apic_id 2, version 33, address 0xfec00000, GSI 0-23
[    0.000000] ACPI: INT_SRC_OVR (bus 0 bus_irq 0 global_irq 2 dfl dfl)
[    0.000000] ACPI: IRQ0 used by override.
[    0.000000] ACPI: IRQ2 used by override.
[    0.000000] ACPI: IRQ9 used by override.
[    0.000000] Using ACPI (MADT) for SMP configuration information
[    0.000000] ACPI: HPET id: 0x43538210 base: 0xfed00000
[    0.000000] smpboot: Allowing 4 CPUs, 0 hotplug CPUs
[    0.000000] nr_irqs_gsi: 40
[    0.000000] e820: [mem 0xc0000000-0xfebfffff] available for PCI devices
[    0.000000] setup_percpu: NR_CPUS:64 nr_cpumask_bits:64 nr_cpu_ids:4 nr_node_ids:1
[    0.000000] PERCPU: Embedded 27 pages/cpu @ffff88041dc00000 s80128 r8192 d22272 u524288
[    0.000000] pcpu-alloc: s80128 r8192 d22272 u524288 alloc=1*2097152
[    0.000000] pcpu-alloc: [0] 0 1 2 3 
[    0.000000] Built 1 zonelists in Zone order, mobility grouping on.  Total pages: 3993197
[    0.000000] Policy zone: Normal
[    0.000000] Kernel command line: BOOT_IMAGE=/vmlinuz-316-x86_64 root=UUID=bfa4ab6e-19a3-4601-ba2b-267c55841c73 rw cryptdevice=/dev/disk/by-uuid/70c08890-417a-497d-b6ab-c0d0357a63e2:cryptManjaro:allow-discards ipv6.disable=1 pnp.debug=1 loglevel=9 log_buf_len=10M printk.always_kmsg_dump=y printk.time=y mminit_loglevel=0 memory_corruption_check=1 acpi.debug_layer=0xfbff0000 acpi.debug_level=0xFFFFFFFD pnp.debug=1 nohz=on rcu_nocbs=1-3 pcie_aspm=force nofb
[    0.000000] PCIe ASPM is forcibly enabled
[    0.000000] PID hash table entries: 4096 (order: 3, 32768 bytes)
[    0.000000] Memory: 15873056K/16226416K available (5216K kernel code, 711K rwdata, 1912K rodata, 844K init, 2580K bss, 353360K reserved)
[    0.000000] SLUB: HWalign=64, Order=0-3, MinObjects=0, CPUs=4, Nodes=1
[    0.000000] Hierarchical RCU implementation.
[    0.000000] 	RCU dyntick-idle grace-period acceleration is enabled.
[    0.000000] 	Additional per-CPU info printed with stalls.
[    0.000000] 	RCU restricting CPUs from NR_CPUS=64 to nr_cpu_ids=4.
[    0.000000] 	Offload RCU callbacks from all CPUs
[    0.000000] 	Offload RCU callbacks from CPUs: 0-3.
[    0.000000] RCU: Adjusting geometry for rcu_fanout_leaf=16, nr_cpu_ids=4
[    0.000000] NO_HZ: Full dynticks CPUs: 1-63.
[    0.000000] NR_IRQS:4352 nr_irqs:712 16
[    0.000000] spurious 8259A interrupt: IRQ7.
[    0.000000] Console: colour VGA+ 80x25
[    0.000000] console [tty0] enabled
[    0.000000] allocated 65011712 bytes of page_cgroup
[    0.000000] please try 'cgroup_disable=memory' option if you don't want memory cgroups
[    0.000000] hpet clockevent registered
[    0.000000] tsc: Fast TSC calibration using PIT
[    0.000000] tsc: Detected 1397.529 MHz processor
[    0.000041] Calibrating delay loop (skipped), value calculated using timer frequency.. 2796.51 BogoMIPS (lpj=4658430)
[    0.000156] pid_max: default: 32768 minimum: 301
[    0.000202] ACPI: Core revision 20140424
[    0.015307] ACPI: All ACPI Tables successfully acquired
[    0.017139] Security Framework initialized
[    0.019031] Dentry cache hash table entries: 2097152 (order: 12, 16777216 bytes)
[    0.024669] Inode-cache hash table entries: 1048576 (order: 11, 8388608 bytes)
[    0.027390] Mount-cache hash table entries: 32768 (order: 6, 262144 bytes)
[    0.027508] Mountpoint-cache hash table entries: 32768 (order: 6, 262144 bytes)
[    0.027929] Initializing cgroup subsys memory
[    0.028011] Initializing cgroup subsys devices
[    0.028108] Initializing cgroup subsys freezer
[    0.028153] Initializing cgroup subsys blkio
[    0.028230] tseg: 00bfe00000
[    0.028273] CPU: Physical Processor ID: 0
[    0.028312] CPU: Processor Core ID: 0
[    0.028352] mce: CPU supports 6 MCE banks
[    0.028399] Last level iTLB entries: 4KB 512, 2MB 16, 4MB 8
Last level dTLB entries: 4KB 1024, 2MB 128, 4MB 64, 1GB 0
tlb_flushall_shift: 6
[    0.028588] Freeing SMP alternatives memory: 20K (ffffffff81986000 - ffffffff8198b000)
[    0.029151] ..TIMER: vector=0x30 apic1=0 pin1=2 apic2=-1 pin2=-1
[    0.062214] smpboot: CPU0: AMD A6-3400M APU with Radeon(tm) HD Graphics (fam: 12, model: 01, stepping: 00)
[    0.167347] Performance Events: AMD PMU driver.
[    0.167429] ... version:                0
[    0.167470] ... bit width:              48
[    0.167511] ... generic registers:      4
[    0.167553] ... value mask:             0000ffffffffffff
[    0.167595] ... max period:             00007fffffffffff
[    0.167637] ... fixed-purpose events:   0
[    0.167678] ... event mask:             000000000000000f
[    0.168199] MCE: In-kernel MCE decoding enabled.
[    0.168374] NMI watchdog: enabled on all CPUs, permanently consumes one hw-PMU counter.
[    0.168592] x86: Booting SMP configuration:
[    0.168681] .... node  #0, CPUs:      #1
[    0.181957] TSC synchronization [CPU#0 -> CPU#1]:
[    0.182039] Measured 132656330 cycles TSC warp between CPUs, turning off TSC clock.
[    0.182089] tsc: Marking TSC unstable due to check_tsc_sync_source failed
[    0.182312]  #2 #3
[    0.204869] x86: Booted up 1 node, 4 CPUs
[    0.204950] smpboot: Total of 4 processors activated (11184.07 BogoMIPS)
[    0.103446] devtmpfs: initialized
[    0.103446] device: 'platform': device_add
[    0.103512] bus: 'platform': registered
[    0.103610] bus: 'cpu': registered
[    0.103653] device: 'cpu': device_add
[    0.106704] bus: 'container': registered
[    0.106793] device: 'container': device_add
[    0.107115] bus: 'workqueue': registered
[    0.107115] device: 'workqueue': device_add
[    0.107115] kworker/u8:0 (39) used greatest stack depth: 14144 bytes left
[    0.107180] atomic64_test: passed for x86-64 platform with CX8 and with SSE
[    0.107276] device class 'regulator': registering
[    0.107355] Registering platform device 'reg-dummy'. Parent at platform
[    0.107449] device: 'reg-dummy': device_add
[    0.107495] bus: 'platform': add device reg-dummy
[    0.107558] bus: 'platform': add driver reg-dummy
[    0.107604] bus: 'platform': driver_probe_device: matched device reg-dummy with driver reg-dummy
[    0.107652] bus: 'platform': really_probe: probing driver reg-dummy with device reg-dummy
[    0.107706] device: 'regulator.0': device_add
[    0.107777] regulator-dummy: no parameters
[    0.107830] driver: 'reg-dummy': driver_bound: bound to device 'reg-dummy'
[    0.107875] bus: 'platform': really_probe: bound device reg-dummy to driver reg-dummy
[    0.108001] NET: Registered protocol family 16
[    0.108188] device class 'bdi': registering
[    0.108293] bus: 'platform': add driver ramoops
[    0.108355] device class 'pci_bus': registering
[    0.108426] bus: 'pci': registered
[    0.108473] device class 'backlight': registering
[    0.108525] device class 'tty': registering
[    0.108577] device class 'vtconsole': registering
[    0.108624] device: 'vtcon0': device_add
[    0.108704] bus: 'node': registered
[    0.108791] device: 'node': device_add
[    0.108865] bus: 'i2c': registered
[    0.108905] bus: 'i2c': add driver dummy
[    0.108953] i2c-core: driver [dummy] registered
[    0.108996] cpuidle: using governor ladder
[    0.109038] cpuidle: using governor menu
[    0.109315] ACPI FADT declares the system doesn't support PCIe ASPM, so disable it
[    0.109405] ACPI: bus type PCI registered
[    0.109444] acpiphp: ACPI Hot Plug PCI Controller Driver version: 0.5
[    0.109487] device class 'dmi': registering
[    0.110015] device: 'id': device_add
[    0.110173] PCI: MMCONFIG for domain 0000 [bus 00-3f] at [mem 0xf8000000-0xfbffffff] (base 0xf8000000)
[    0.110220] PCI: not using MMCONFIG
[    0.110258] PCI: Using configuration type 1 for base access
[    0.110296] PCI: Using configuration type 1 for extended access
[    0.110454] device: 'node0': device_add
[    0.110494] bus: 'node': add device node0
[    0.110566] device: 'cpu0': device_add
[    0.110607] bus: 'cpu': add device cpu0
[    0.110684] device: 'cpu1': device_add
[    0.110772] bus: 'cpu': add device cpu1
[    0.110851] device: 'cpu2': device_add
[    0.110939] bus: 'cpu': add device cpu2
[    0.111014] device: 'cpu3': device_add
[    0.111055] bus: 'cpu': add device cpu3
[    0.120099] device: 'writeback': device_add
[    0.120157] bus: 'workqueue': add device writeback
[    0.120256] device: 'default': device_add
[    0.120470] device class 'block': registering
[    0.120470] ACPI: Added _OSI(Module Device)
[    0.120470] ACPI: Added _OSI(Processor Device)
[    0.120470] ACPI: Added _OSI(3.0 _SCP Extensions)
[    0.120470] ACPI: Added _OSI(Processor Aggregator Device)
[    0.123737] 
**** Context Switch from TID 4294967295 to TID 137625600 ****

[    0.123838]     utils-0051 util_eval_error       : Evaluate [\_SB_.PCI0.LPC0.EC0_._GLK]: AE_NOT_FOUND
[    0.124341] Executing  Method       \_SB_.PCI0.LPC0.EC0_._REG
[    0.125134] Executing  Method       \_SB_.PCI0.LPC0.EC0_._REG
[    0.125312] Executing  Method       \_SB_.PCI0.LPC0.EC0_._REG
[    0.125493] Executing  Method       \_SB_.PCI0.LPC0.EC0_._REG
[    0.128643] Initializing Region       \_SB_.OSTY
[    0.128828] Initializing Region       \_SB_.PCI0.NBMS
[    0.128955] Initializing Region       \_SB_.PCI0.NBXP
[    0.129083] Initializing Region       \_SB_.PCI0.K8ST
[    0.129246] Initializing Region       \_SB_.PCI0.BAR1
[    0.129430] Initializing Region       \_SB_.PCI0.PB2_.XPEX
[    0.129556] Initializing Region       \_SB_.PCI0.PB2_.PCFG
[    0.129682] Initializing Region       \_SB_.PCI0.PB2_.XPCB
[    0.129808] Initializing Region       \_SB_.PCI0.PB2_.XPRI
[    0.129938] Initializing Region       \_SB_.PCI0.PB2_.VGA_.PCFG
[    0.130114] Initializing Region       \_SB_.PCI0.PB2_.HDAU.PCFG
[    0.130268] Initializing Region       \_SB_.PCI0.PB3_.XPEX
[    0.130394] Initializing Region       \_SB_.PCI0.PB3_.PCFG
[    0.130520] Initializing Region       \_SB_.PCI0.PB3_.XPCB
[    0.130647] Initializing Region       \_SB_.PCI0.PB3_.XPRI
[    0.130777] Initializing Region       \_SB_.PCI0.PB3_.VGA_.PCFG
[    0.130970] Initializing Region       \_SB_.PCI0.PB3_.HDAU.PCFG
[    0.131116] Initializing Region       \_SB_.PCI0.PB4_.XPEX
[    0.131241] Initializing Region       \_SB_.PCI0.PB4_.PCFG
[    0.131367] Initializing Region       \_SB_.PCI0.PB4_.XPCB
[    0.131493] Initializing Region       \_SB_.PCI0.PB4_.XPRI
[    0.131623] Initializing Region       \_SB_.PCI0.PB4_.XPDV.PCFG
[    0.131763] Initializing Region       \_SB_.PCI0.PB5_.XPEX
[    0.131888] Initializing Region       \_SB_.PCI0.PB5_.PCFG
[    0.132014] Initializing Region       \_SB_.PCI0.PB5_.XPCB
[    0.132140] Initializing Region       \_SB_.PCI0.PB5_.XPRI
[    0.132270] Initializing Region       \_SB_.PCI0.PB5_.XPDV.PCFG
[    0.132409] Initializing Region       \_SB_.PCI0.PB6_.XPEX
[    0.132535] Initializing Region       \_SB_.PCI0.PB6_.PCFG
[    0.132660] Initializing Region       \_SB_.PCI0.PB6_.XPCB
[    0.132787] Initializing Region       \_SB_.PCI0.PB6_.XPRI
[    0.132917] Initializing Region       \_SB_.PCI0.PB6_.XPDV.PCFG
[    0.133056] Initializing Region       \_SB_.PCI0.PB7_.XPEX
[    0.133181] Initializing Region       \_SB_.PCI0.PB7_.PCFG
[    0.133307] Initializing Region       \_SB_.PCI0.PB7_.XPCB
[    0.133426] Initializing Region       \_SB_.PCI0.PB7_.XPRI
[    0.133556] Initializing Region       \_SB_.PCI0.PB7_.XPDV.PCFG
[    0.133938] Initializing Region       \_SB_.PCI0.SATC
[    0.134101] Initializing Region       \_SB_.PCI0.RMEM
[    0.134247] Initializing Region       \_SB_.PCI0.SATA.SATX
[    0.134370] Initializing Region       \_SB_.PCI0.SATA.BAR5
[    0.153585] Initializing Region       \_SB_.PCI0.SMB_.SBRV
[    0.153760] Initializing Region       \_SB_.PCI0.SMB_.PMIO
[    0.153876] Initializing Region       \_SB_.PCI0.SMB_.ERMM
[    0.153948] Initializing Region       \_SB_.PCI0.SMB_.P1E0
[    0.153948] Initializing Region       \_SB_.PCI0.SMB_.ABIO
[    0.153948] Initializing Region       \_SB_.PCI0.SMB_.SMB0
[    0.153948] Initializing Region       \_SB_.PCI0.LPC0.PIRQ
[    0.153996] Initializing Region       \_SB_.PCI0.LPC0.LPCR
[    0.154204] Initializing Region       \_SB_.PCI0.LPC0.LPCS
[    0.154373] Initializing Region       \_SB_.PCI0.LPC0.SMI0
[    0.154488] Initializing Region       \_SB_.PCI0.LPC0.SMI1
[    0.154608] Initializing Region       \_SB_.PCI0.LPC0.EC0_.ECO1
[    0.154724] Initializing Region       \_SB_.PCI0.LPC0.EC0_.ECO2
[    0.154839] Initializing Region       \_SB_.PCI0.LPC0.EC0_.ECMB
[    0.154954] Initializing Region       \_SB_.PCI0.LPC0.EC0_.RAM_
[    0.155137] Initializing Region       \_SB_.PCI0.LPC0.EC0_.CMOS
[    0.155280] Initializing Region       \_SB_.PCI0.LPC0.EC0_.VPC0.ERAM
[    0.156466] Initializing Region       \_SB_.PCI0.SPB0.PCFG
[    0.156603] Initializing Region       \_SB_.PCI0.SPB0.XPCB
[    0.156717] Initializing Region       \_SB_.PCI0.SPB0.XPDV.PCFG
[    0.156840] Initializing Region       \_SB_.PCI0.SPB1.PCFG
[    0.156955] Initializing Region       \_SB_.PCI0.SPB1.XPCB
[    0.157086] Initializing Region       \_SB_.PCI0.SPB1.XPDV.PCFG
[    0.157224] Initializing Region       \_SB_.PCI0.SPB2.PCFG
[    0.157351] Initializing Region       \_SB_.PCI0.SPB2.XPCB
[    0.157480] Initializing Region       \_SB_.PCI0.SPB2.XPDV.PCFG
[    0.157609] Initializing Region       \_SB_.PCI0.SPB3.PCFG
[    0.157725] Initializing Region       \_SB_.PCI0.SPB3.XPCB
[    0.157843] Initializing Region       \_SB_.PCI0.SPB3.XPDV.PCFG
[    0.158119] Initializing Region       \_SB_.PCI0.VGA_.REVD
[    0.158482] Initializing BufferField  \_SB_.AMW0.WLID
[    0.159030] Initializing Region       \DEB2
[    0.159184] Initializing Region       \PMIO
[    0.159290] Initializing Region       \P01_
[    0.159414] Initializing Region       \CNVS
[    0.159541] Initializing Region       \SPRT
[    0.159671] Initializing Region       \CMIO
[    0.159934] Executing  Method       \_SB_._STA
[    0.160106] Executing  Method       \_SB_._INI
[    0.160236] Executing  Method       \_SB_.PCI0._STA
[    0.160366] Executing  Method       \_SB_.PCI0._INI
[    0.160729] [Firmware Bug]: ACPI: BIOS _OSI(Linux) query ignored
[    0.161224] Executing  Method       \_SB_.PCI0.SATA._STA
[    0.161409] Executing  Method       \_SB_.PCI0.SATA._INI
[    0.162380] Executing  Method       \_SB_.PCI0.LPC0.EC0_._REG
[    0.186803] ACPI: Interpreter enabled
[    0.186841] ACPI: (supports S0 S5)
[    0.186881] ACPI: Using IOAPIC for interrupt routing
[    0.187111] PCI: MMCONFIG for domain 0000 [bus 00-3f] at [mem 0xf8000000-0xfbffffff] (base 0xf8000000)
[    0.190033] PCI: MMCONFIG at [mem 0xf8000000-0xfbffffff] reserved in ACPI motherboard resources
[    0.190286] bus: 'acpi': registered
[    0.190378] PCI: Using host bridge windows from ACPI; if necessary, use "pci=nocrs" and report a bug
[    0.190439]      scan-1133 get_device_data       : No context for object [ffffffffffffffff]
[    0.190557]     utils-0051 util_eval_error       : Evaluate [\._STA]: AE_NOT_FOUND
[    0.190680] device: 'LNXSYSTM:00': device_add
[    0.190724] bus: 'acpi': add device LNXSYSTM:00
[    0.190780]     utils-0051 util_eval_error       : Evaluate [\._SUN]: AE_NOT_FOUND
[    0.190912]      scan-1922 add_single_object     : Added LNXSYSTM:00 [\] parent (null)
[    0.191041]      scan-1133 get_device_data       : No context for object [ffff88040d81d000]
[    0.191159]      scan-1133 get_device_data       : No context for object [ffff88040d8377d0]
[    0.191277]      scan-1133 get_device_data       : No context for object [ffff88040d8377f8]
[    0.191396]      scan-1133 get_device_data       : No context for object [ffff88040d837820]
[    0.191500]      scan-1133 get_device_data       : No context for object [ffff88040d837848]
[    0.191603]      scan-1133 get_device_data       : No context for object [ffff88040d837870]
[    0.191706]      scan-1133 get_device_data       : No context for object [ffff88040d837898]
[    0.191809]      scan-1133 get_device_data       : No context for object [ffff88040d8378c0]
[    0.191917]      scan-1133 get_device_data       : No context for object [ffff88040d8378e8]
[    0.192024]      scan-1133 get_device_data       : No context for object [ffff88040d839398]
[    0.192133]      scan-1133 get_device_data       : No context for object [ffff88040d81d028]
[    0.192240]      scan-1133 get_device_data       : No context for object [ffff88040d81d168]
[    0.192351]     utils-0051 util_eval_error       : Evaluate [\_PR_.C000._STA]: AE_NOT_FOUND
[    0.192458]      scan-1133 get_device_data       : No context for object [ffff88040d81d028]
[    0.192567] device: 'LNXCPU:00': device_add
[    0.192604] bus: 'acpi': add device LNXCPU:00
[    0.192650]     utils-0051 util_eval_error       : Evaluate [\_PR_.C000._SUN]: AE_NOT_FOUND
[    0.193337]      scan-1922 add_single_object     : Added LNXCPU:00 [\_PR_.C000] parent LNXSYSTM:00
[    0.193337]      scan-1133 get_device_data       : No context for object [ffff88040d83c398]
[    0.193337]      scan-1133 get_device_data       : No context for object [ffff88040d83c3c0]
[    0.193337]      scan-1133 get_device_data       : No context for object [ffff88040d83c3e8]
[    0.193337]      scan-1133 get_device_data       : No context for object [ffff88040d83c410]
[    0.193337]      scan-1133 get_device_data       : No context for object [ffff88040d83c438]
[    0.193410]      scan-1133 get_device_data       : No context for object [ffff88040d83c460]
[    0.193513]      scan-1133 get_device_data       : No context for object [ffff88040d81d190]
[    0.193618]     utils-0051 util_eval_error       : Evaluate [\_PR_.C001._STA]: AE_NOT_FOUND
[    0.193722]      scan-1133 get_device_data       : No context for object [ffff88040d81d028]
[    0.193834] device: 'LNXCPU:01': device_add
[    0.193875] bus: 'acpi': add device LNXCPU:01
[    0.193931]     utils-0051 util_eval_error       : Evaluate [\_PR_.C001._SUN]: AE_NOT_FOUND
[    0.194048]      scan-1922 add_single_object     : Added LNXCPU:01 [\_PR_.C001] parent LNXSYSTM:00
[    0.194161]      scan-1133 get_device_data       : No context for object [ffff88040d83c488]
[    0.194269]      scan-1133 get_device_data       : No context for object [ffff88040d83c4b0]
[    0.194377]      scan-1133 get_device_data       : No context for object [ffff88040d83c4d8]
[    0.194483]      scan-1133 get_device_data       : No context for object [ffff88040d83c500]
[    0.194586]      scan-1133 get_device_data       : No context for object [ffff88040d83c528]
[    0.194689]      scan-1133 get_device_data       : No context for object [ffff88040d83c550]
[    0.194792]      scan-1133 get_device_data       : No context for object [ffff88040d81d1b8]
[    0.194900]     utils-0051 util_eval_error       : Evaluate [\_PR_.C002._STA]: AE_NOT_FOUND
[    0.195009]      scan-1133 get_device_data       : No context for object [ffff88040d81d028]
[    0.195125] device: 'LNXCPU:02': device_add
[    0.195166] bus: 'acpi': add device LNXCPU:02
[    0.195219]     utils-0051 util_eval_error       : Evaluate [\_PR_.C002._SUN]: AE_NOT_FOUND
[    0.195336]      scan-1922 add_single_object     : Added LNXCPU:02 [\_PR_.C002] parent LNXSYSTM:00
[    0.195449]      scan-1133 get_device_data       : No context for object [ffff88040d83c578]
[    0.195553]      scan-1133 get_device_data       : No context for object [ffff88040d83c5a0]
[    0.195656]      scan-1133 get_device_data       : No context for object [ffff88040d83c5c8]
[    0.195759]      scan-1133 get_device_data       : No context for object [ffff88040d83c5f0]
[    0.195862]      scan-1133 get_device_data       : No context for object [ffff88040d83c618]
[    0.195968]      scan-1133 get_device_data       : No context for object [ffff88040d83c640]
[    0.196076]      scan-1133 get_device_data       : No context for object [ffff88040d81d1e0]
[    0.196186]     utils-0051 util_eval_error       : Evaluate [\_PR_.C003._STA]: AE_NOT_FOUND
[    0.196295]      scan-1133 get_device_data       : No context for object [ffff88040d81d028]
[    0.196411] device: 'LNXCPU:03': device_add
[    0.196452] bus: 'acpi': add device LNXCPU:03
[    0.196504]     utils-0051 util_eval_error       : Evaluate [\_PR_.C003._SUN]: AE_NOT_FOUND
[    0.196679]      scan-1922 add_single_object     : Added LNXCPU:03 [\_PR_.C003] parent LNXSYSTM:00
[    0.196708]      scan-1133 get_device_data       : No context for object [ffff88040d83c668]
[    0.196811]      scan-1133 get_device_data       : No context for object [ffff88040d83c690]
[    0.196916]      scan-1133 get_device_data       : No context for object [ffff88040d83c6b8]
[    0.197024]      scan-1133 get_device_data       : No context for object [ffff88040d83c6e0]
[    0.197132]      scan-1133 get_device_data       : No context for object [ffff88040d83c708]
[    0.197240]      scan-1133 get_device_data       : No context for object [ffff88040d83c730]
[    0.197348]      scan-1133 get_device_data       : No context for object [ffff88040d81d050]
[    0.197458]     utils-0051 util_eval_error       : Evaluate [\_SB_._STA]: AE_NOT_FOUND
[    0.197594] device: 'LNXSYBUS:00': device_add
[    0.197632] bus: 'acpi': add device LNXSYBUS:00
[    0.197678]     utils-0051 util_eval_error       : Evaluate [\_SB_._SUN]: AE_NOT_FOUND
[    0.197788]      scan-1922 add_single_object     : Added LNXSYBUS:00 [\_SB_] parent LNXSYSTM:00
[    0.197905]      scan-1133 get_device_data       : No context for object [ffff88040d81d3c0]
[    0.198013]      scan-1133 get_device_data       : No context for object [ffff88040d81d3e8]
[    0.199182]      scan-1133 get_device_data       : No context for object [ffff88040d81d410]
[    0.199290]      scan-1133 get_device_data       : No context for object [ffff88040d81d438]
[    0.199397]      scan-1133 get_device_data       : No context for object [ffff88040d81d460]
[    0.199503]      scan-1133 get_device_data       : No context for object [ffff88040d81d488]
[    0.199606]      scan-1133 get_device_data       : No context for object [ffff88040d81d4b0]
[    0.199709]      scan-1133 get_device_data       : No context for object [ffff88040d81d5a0]
[    0.199813]     utils-0051 util_eval_error       : Evaluate [\_SB_.PWRB._STA]: AE_NOT_FOUND
[    0.199955] device: 'PNP0C0C:00': device_add
[    0.200006] bus: 'acpi': add device PNP0C0C:00
[    0.200059]     utils-0051 util_eval_error       : Evaluate [\_SB_.PWRB._SUN]: AE_NOT_FOUND
[    0.200178]      scan-1922 add_single_object     : Added PNP0C0C:00 [\_SB_.PWRB] parent LNXSYBUS:00
[    0.200296]      scan-1133 get_device_data       : No context for object [ffff88040d81d5c8]
[    0.200404]      scan-1133 get_device_data       : No context for object [ffff88040d81d5f0]
[    0.200515]     utils-0051 util_eval_error       : Evaluate [\_SB_.PCI0._STA]: AE_NOT_FOUND
[    0.200651] device: 'PNP0A08:00': device_add
[    0.200689] bus: 'acpi': add device PNP0A08:00
[    0.200738]     utils-0051 util_eval_error       : Evaluate [\_SB_.PCI0._SUN]: AE_NOT_FOUND
[    0.200848]      scan-1922 add_single_object     : Added PNP0A08:00 [\_SB_.PCI0] parent LNXSYBUS:00
[    0.200967]      scan-1133 get_device_data       : No context for object [ffff88040d81d618]
[    0.201075]      scan-1133 get_device_data       : No context for object [ffff88040d81d640]
[    0.201183]      scan-1133 get_device_data       : No context for object [ffff88040d81d668]
[    0.201291]      scan-1133 get_device_data       : No context for object [ffff88040d81d690]
[    0.201398]      scan-1133 get_device_data       : No context for object [ffff88040d81d6b8]
[    0.201505]      scan-1133 get_device_data       : No context for object [ffff88040d81d6e0]
[    0.201608]      scan-1133 get_device_data       : No context for object [ffff88040d81d708]
[    0.201711]      scan-1133 get_device_data       : No context for object [ffff88040d81d730]
[    0.201814]      scan-1133 get_device_data       : No context for object [ffff88040d81d758]
[    0.201919]      scan-1133 get_device_data       : No context for object [ffff88040d81d780]
[    0.202027]      scan-1133 get_device_data       : No context for object [ffff88040d81d7a8]
[    0.202135]      scan-1133 get_device_data       : No context for object [ffff88040d81d7d0]
[    0.202242]      scan-1133 get_device_data       : No context for object [ffff88040d81d7f8]
[    0.202350]      scan-1133 get_device_data       : No context for object [ffff88040d81d820]
[    0.202458]      scan-1133 get_device_data       : No context for object [ffff88040d81d848]
[    0.202564]      scan-1133 get_device_data       : No context for object [ffff88040d81d870]
[    0.202667]      scan-1133 get_device_data       : No context for object [ffff88040d81d898]
[    0.202769]      scan-1133 get_device_data       : No context for object [ffff88040d81d8c0]
[    0.202872]      scan-1133 get_device_data       : No context for object [ffff88040d81d8e8]
[    0.202979]      scan-1133 get_device_data       : No context for object [ffff88040d81d910]
[    0.203086]      scan-1133 get_device_data       : No context for object [ffff88040d81d938]
[    0.203195]      scan-1133 get_device_data       : No context for object [ffff88040d81d960]
[    0.203303]      scan-1133 get_device_data       : No context for object [ffff88040d81d988]
[    0.203409]      scan-1133 get_device_data       : No context for object [ffff88040d81d9b0]
[    0.203519]      scan-1133 get_device_data       : No context for object [ffff88040d81d9d8]
[    0.203621]      scan-1133 get_device_data       : No context for object [ffff88040d81da00]
[    0.203723]      scan-1133 get_device_data       : No context for object [ffff88040d81da28]
[    0.203826]      scan-1133 get_device_data       : No context for object [ffff88040d81da50]
[    0.203928]      scan-1133 get_device_data       : No context for object [ffff88040d81da78]
[    0.204036]      scan-1133 get_device_data       : No context for object [ffff88040d81daa0]
[    0.204143]      scan-1133 get_device_data       : No context for object [ffff88040d81dac8]
[    0.204250]      scan-1133 get_device_data       : No context for object [ffff88040d81daf0]
[    0.204358]      scan-1133 get_device_data       : No context for object [ffff88040d81db18]
[    0.204465]      scan-1133 get_device_data       : No context for object [ffff88040d81db40]
[    0.204572]      scan-1133 get_device_data       : No context for object [ffff88040d81db68]
[    0.204675]      scan-1133 get_device_data       : No context for object [ffff88040d81db90]
[    0.204777]      scan-1133 get_device_data       : No context for object [ffff88040d81dbb8]
[    0.204879]      scan-1133 get_device_data       : No context for object [ffff88040d81dbe0]
[    0.204984]      scan-1133 get_device_data       : No context for object [ffff88040d81dc08]
[    0.205091]      scan-1133 get_device_data       : No context for object [ffff88040d81dc30]
[    0.205198]      scan-1133 get_device_data       : No context for object [ffff88040d81dc58]
[    0.205306]      scan-1133 get_device_data       : No context for object [ffff88040d81dc80]
[    0.205415]      scan-1133 get_device_data       : No context for object [ffff88040d81dca8]
[    0.205524]      scan-1133 get_device_data       : No context for object [ffff88040d81dcd0]
[    0.205627]      scan-1133 get_device_data       : No context for object [ffff88040d81dcf8]
[    0.205729]      scan-1133 get_device_data       : No context for object [ffff88040d81dd20]
[    0.205831]      scan-1133 get_device_data       : No context for object [ffff88040d81dd48]
[    0.205933]      scan-1133 get_device_data       : No context for object [ffff88040d81dd70]
[    0.206040]      scan-1133 get_device_data       : No context for object [ffff88040d81dd98]
[    0.206148]      scan-1133 get_device_data       : No context for object [ffff88040d81ddc0]
[    0.206255]      scan-1133 get_device_data       : No context for object [ffff88040d81dde8]
[    0.206362]      scan-1133 get_device_data       : No context for object [ffff88040d81de10]
[    0.206470]      scan-1133 get_device_data       : No context for object [ffff88040d81de38]
[    0.206578]      scan-1133 get_device_data       : No context for object [ffff88040d81de60]
[    0.206668]      scan-1133 get_device_data       : No context for object [ffff88040d81de88]
[    0.206771]      scan-1133 get_device_data       : No context for object [ffff88040d81deb0]
[    0.206873]      scan-1133 get_device_data       : No context for object [ffff88040d81ded8]
[    0.206975]      scan-1133 get_device_data       : No context for object [ffff88040d81df00]
[    0.207083]      scan-1133 get_device_data       : No context for object [ffff88040d81df28]
[    0.207190]      scan-1133 get_device_data       : No context for object [ffff88040d81df50]
[    0.207298]      scan-1133 get_device_data       : No context for object [ffff88040d81df78]
[    0.207406]      scan-1133 get_device_data       : No context for object [ffff88040d81dfa0]
[    0.207513]      scan-1133 get_device_data       : No context for object [ffff88040d81dfc8]
[    0.207620]      scan-1133 get_device_data       : No context for object [ffff88040d822000]
[    0.207723]      scan-1133 get_device_data       : No context for object [ffff88040d822028]
[    0.207827]     utils-0051 util_eval_error       : Evaluate [\_SB_.PCI0.MEMR._STA]: AE_NOT_FOUND
[    0.207952] device: 'PNP0C02:00': device_add
[    0.207992] bus: 'acpi': add device PNP0C02:00
[    0.208045]     utils-0051 util_eval_error       : Evaluate [\_SB_.PCI0.MEMR._SUN]: AE_NOT_FOUND
[    0.208163]      scan-1922 add_single_object     : Added PNP0C02:00 [\_SB_.PCI0.MEMR] parent PNP0A08:00
[    0.208278]      scan-1133 get_device_data       : No context for object [ffff88040d822050]
[    0.208386]      scan-1133 get_device_data       : No context for object [ffff88040d822078]
[    0.208494]      scan-1133 get_device_data       : No context for object [ffff88040d8220a0]
[    0.208602]      scan-1133 get_device_data       : No context for object [ffff88040d8220c8]
[    0.208705]      scan-1133 get_device_data       : No context for object [ffff88040d8220f0]
[    0.209867]      scan-1133 get_device_data       : No context for object [ffff88040d822118]
[    0.210002]      scan-1133 get_device_data       : No context for object [ffff88040d822140]
[    0.210108]      scan-1133 get_device_data       : No context for object [ffff88040d822168]
[    0.210216]      scan-1133 get_device_data       : No context for object [ffff88040d822190]
[    0.210324]      scan-1133 get_device_data       : No context for object [ffff88040d8221b8]
[    0.210432]      scan-1133 get_device_data       : No context for object [ffff88040d8221e0]
[    0.210540]      scan-1133 get_device_data       : No context for object [ffff88040d822208]
[    0.210649]      scan-1133 get_device_data       : No context for object [ffff88040d822230]
[    0.210752]      scan-1133 get_device_data       : No context for object [ffff88040d822258]
[    0.210854]      scan-1133 get_device_data       : No context for object [ffff88040d822280]
[    0.210957]      scan-1133 get_device_data       : No context for object [ffff88040d8222a8]
[    0.211061]     utils-0051 util_eval_error       : Evaluate [\_SB_.PCI0.PB2_._STA]: AE_NOT_FOUND
[    0.211256] device: 'device:00': device_add
[    0.211297] bus: 'acpi': add device device:00
[    0.211350]     utils-0051 util_eval_error       : Evaluate [\_SB_.PCI0.PB2_._SUN]: AE_NOT_FOUND
[    0.211468]      scan-1922 add_single_object     : Added device:00 [\_SB_.PCI0.PB2_] parent PNP0A08:00
[    0.211581]      scan-1133 get_device_data       : No context for object [ffff88040d8222d0]
[    0.211689]      scan-1133 get_device_data       : No context for object [ffff88040d8222f8]
[    0.211795]      scan-1133 get_device_data       : No context for object [ffff88040d822320]
[    0.211898]      scan-1133 get_device_data       : No context for object [ffff88040d822348]
[    0.212001]      scan-1133 get_device_data       : No context for object [ffff88040d822370]
[    0.212104]      scan-1133 get_device_data       : No context for object [ffff88040d822398]
[    0.212212]      scan-1133 get_device_data       : No context for object [ffff88040d8223c0]
[    0.212320]      scan-1133 get_device_data       : No context for object [ffff88040d8223e8]
[    0.212428]      scan-1133 get_device_data       : No context for object [ffff88040d822410]
[    0.212536]      scan-1133 get_device_data       : No context for object [ffff88040d822438]
[    0.212644]      scan-1133 get_device_data       : No context for object [ffff88040d822460]
[    0.212752]      scan-1133 get_device_data       : No context for object [ffff88040d822488]
[    0.212855]      scan-1133 get_device_data       : No context for object [ffff88040d8224b0]
[    0.212958]      scan-1133 get_device_data       : No context for object [ffff88040d8224d8]
[    0.213061]      scan-1133 get_device_data       : No context for object [ffff88040d822500]
[    0.213163]      scan-1133 get_device_data       : No context for object [ffff88040d822528]
[    0.213272]      scan-1133 get_device_data       : No context for object [ffff88040d822550]
[    0.213375]      scan-1133 get_device_data       : No context for object [ffff88040d822578]
[    0.213483]      scan-1133 get_device_data       : No context for object [ffff88040d8225a0]
[    0.213592]      scan-1133 get_device_data       : No context for object [ffff88040d8225c8]
[    0.213699]      scan-1133 get_device_data       : No context for object [ffff88040d8225f0]
[    0.213805]      scan-1133 get_device_data       : No context for object [ffff88040d822618]
[    0.213908]      scan-1133 get_device_data       : No context for object [ffff88040d822640]
[    0.214011]      scan-1133 get_device_data       : No context for object [ffff88040d822668]
[    0.214114]      scan-1133 get_device_data       : No context for object [ffff88040d822690]
[    0.214221]      scan-1133 get_device_data       : No context for object [ffff88040d8226b8]
[    0.214329]      scan-1133 get_device_data       : No context for object [ffff88040d8226e0]
[    0.214437]      scan-1133 get_device_data       : No context for object [ffff88040d822708]
[    0.214545]      scan-1133 get_device_data       : No context for object [ffff88040d822730]
[    0.214653]      scan-1133 get_device_data       : No context for object [ffff88040d822758]
[    0.214760]      scan-1133 get_device_data       : No context for object [ffff88040d822780]
[    0.214866]     utils-0051 util_eval_error       : Evaluate [\_SB_.PCI0.PB2_.VGA_._STA]: AE_NOT_FOUND
[    0.214994] device: 'device:01': device_add
[    0.215034] bus: 'acpi': add device device:01
[    0.215078]     utils-0051 util_eval_error       : Evaluate [\_SB_.PCI0.PB2_.VGA_._SUN]: AE_NOT_FOUND
[    0.215195]      scan-1922 add_single_object     : Added device:01 [\_SB_.PCI0.PB2_.VGA_] parent device:00
[    0.215308]      scan-1133 get_device_data       : No context for object [ffff88040d8227a8]
[    0.215417]      scan-1133 get_device_data       : No context for object [ffff88040d8227d0]
[    0.215525]      scan-1133 get_device_data       : No context for object [ffff88040d8227f8]
[    0.215633]      scan-1133 get_device_data       : No context for object [ffff88040d822820]
[    0.215741]      scan-1133 get_device_data       : No context for object [ffff88040d822848]
[    0.215845]      scan-1133 get_device_data       : No context for object [ffff88040d822870]
[    0.215949]      scan-1133 get_device_data       : No context for object [ffff88040d822898]
[    0.216051]      scan-1133 get_device_data       : No context for object [ffff88040d8228c0]
[    0.216154]      scan-1133 get_device_data       : No context for object [ffff88040d8228e8]
[    0.216263]      scan-1133 get_device_data       : No context for object [ffff88040d822910]
[    0.216372]      scan-1133 get_device_data       : No context for object [ffff88040d822938]
[    0.216480]      scan-1133 get_device_data       : No context for object [ffff88040d822960]
[    0.216588]      scan-1133 get_device_data       : No context for object [ffff88040d822988]
[    0.216709]      scan-1133 get_device_data       : No context for object [ffff88040d8229b0]
[    0.216818]      scan-1133 get_device_data       : No context for object [ffff88040d8229d8]
[    0.216921]      scan-1133 get_device_data       : No context for object [ffff88040d822a00]
[    0.217024]      scan-1133 get_device_data       : No context for object [ffff88040d822a28]
[    0.217127]      scan-1133 get_device_data       : No context for object [ffff88040d822a50]
[    0.217232]      scan-1133 get_device_data       : No context for object [ffff88040d822a78]
[    0.217340]      scan-1133 get_device_data       : No context for object [ffff88040d822aa0]
[    0.217449]      scan-1133 get_device_data       : No context for object [ffff88040d822ac8]
[    0.217557]      scan-1133 get_device_data       : No context for object [ffff88040d822af0]
[    0.217665]      scan-1133 get_device_data       : No context for object [ffff88040d822b18]
[    0.217773]      scan-1133 get_device_data       : No context for object [ffff88040d822b40]
[    0.217879]      scan-1133 get_device_data       : No context for object [ffff88040d822b68]
[    0.217982]      scan-1133 get_device_data       : No context for object [ffff88040d822b90]
[    0.218085]      scan-1133 get_device_data       : No context for object [ffff88040d822bb8]
[    0.218187]      scan-1133 get_device_data       : No context for object [ffff88040d822be0]
[    0.218294]      scan-1133 get_device_data       : No context for object [ffff88040d822c08]
[    0.218401]      scan-1133 get_device_data       : No context for object [ffff88040d822c30]
[    0.218510]      scan-1133 get_device_data       : No context for object [ffff88040d822c58]
[    0.218617]      scan-1133 get_device_data       : No context for object [ffff88040d822c80]
[    0.218725]      scan-1133 get_device_data       : No context for object [ffff88040d822ca8]
[    0.218834]      scan-1133 get_device_data       : No context for object [ffff88040d822cd0]
[    0.218937]      scan-1133 get_device_data       : No context for object [ffff88040d822cf8]
[    0.219040]      scan-1133 get_device_data       : No context for object [ffff88040d822d20]
[    0.219143]      scan-1133 get_device_data       : No context for object [ffff88040d822d48]
[    0.219246]      scan-1133 get_device_data       : No context for object [ffff88040d822d70]
[    0.219355]      scan-1133 get_device_data       : No context for object [ffff88040d822d98]
[    0.219463]      scan-1133 get_device_data       : No context for object [ffff88040d837438]
[    0.220003]      scan-1133 get_device_data       : No context for object [ffff88040d822dc0]
[    0.220112]     utils-0051 util_eval_error       : Evaluate [\_SB_.PCI0.PB2_.HDAU._STA]: AE_NOT_FOUND
[    0.220256] device: 'device:02': device_add
[    0.220297] bus: 'acpi': add device device:02
[    0.220349]     utils-0051 util_eval_error       : Evaluate [\_SB_.PCI0.PB2_.HDAU._SUN]: AE_NOT_FOUND
[    0.220460]      scan-1922 add_single_object     : Added device:02 [\_SB_.PCI0.PB2_.HDAU] parent device:00
[    0.220566]      scan-1133 get_device_data       : No context for object [ffff88040d822de8]
[    0.220668]      scan-1133 get_device_data       : No context for object [ffff88040d822e10]
[    0.220772]      scan-1133 get_device_data       : No context for object [ffff88040d822e38]
[    0.220879]      scan-1133 get_device_data       : No context for object [ffff88040d822e60]
[    0.220986]      scan-1133 get_device_data       : No context for object [ffff88040d822e88]
[    0.221095]      scan-1133 get_device_data       : No context for object [ffff88040d822eb0]
[    0.221202]      scan-1133 get_device_data       : No context for object [ffff88040d822ed8]
[    0.221312]     utils-0051 util_eval_error       : Evaluate [\_SB_.PCI0.PB3_._STA]: AE_NOT_FOUND
[    0.221449] device: 'device:03': device_add
[    0.221487] bus: 'acpi': add device device:03
[    0.221533]     utils-0051 util_eval_error       : Evaluate [\_SB_.PCI0.PB3_._SUN]: AE_NOT_FOUND
[    0.221644]      scan-1922 add_single_object     : Added device:03 [\_SB_.PCI0.PB3_] parent PNP0A08:00
[    0.221749]      scan-1133 get_device_data       : No context for object [ffff88040d822f00]
[    0.221858]      scan-1133 get_device_data       : No context for object [ffff88040d822f28]
[    0.221966]      scan-1133 get_device_data       : No context for object [ffff88040d822f50]
[    0.222073]      scan-1133 get_device_data       : No context for object [ffff88040d822f78]
[    0.222181]      scan-1133 get_device_data       : No context for object [ffff88040d822fa0]
[    0.222289]      scan-1133 get_device_data       : No context for object [ffff88040d822fc8]
[    0.222395]      scan-1133 get_device_data       : No context for object [ffff88040d823000]
[    0.222496]      scan-1133 get_device_data       : No context for object [ffff88040d823028]
[    0.222599]      scan-1133 get_device_data       : No context for object [ffff88040d823050]
[    0.222701]      scan-1133 get_device_data       : No context for object [ffff88040d823078]
[    0.223337]      scan-1133 get_device_data       : No context for object [ffff88040d8230a0]
[    0.223445]      scan-1133 get_device_data       : No context for object [ffff88040d8230c8]
[    0.223552]      scan-1133 get_device_data       : No context for object [ffff88040d8230f0]
[    0.223659]      scan-1133 get_device_data       : No context for object [ffff88040d823118]
[    0.223767]      scan-1133 get_device_data       : No context for object [ffff88040d823140]
[    0.223875]      scan-1133 get_device_data       : No context for object [ffff88040d823168]
[    0.223979]      scan-1133 get_device_data       : No context for object [ffff88040d823190]
[    0.224081]      scan-1133 get_device_data       : No context for object [ffff88040d8231b8]
[    0.224184]      scan-1133 get_device_data       : No context for object [ffff88040d8231e0]
[    0.224287]      scan-1133 get_device_data       : No context for object [ffff88040d823208]
[    0.224395]      scan-1133 get_device_data       : No context for object [ffff88040d823230]
[    0.224502]      scan-1133 get_device_data       : No context for object [ffff88040d823258]
[    0.224610]      scan-1133 get_device_data       : No context for object [ffff88040d823280]
[    0.224718]      scan-1133 get_device_data       : No context for object [ffff88040d8232a8]
[    0.224827]      scan-1133 get_device_data       : No context for object [ffff88040d8232d0]
[    0.224935]      scan-1133 get_device_data       : No context for object [ffff88040d8232f8]
[    0.225038]      scan-1133 get_device_data       : No context for object [ffff88040d823320]
[    0.225140]      scan-1133 get_device_data       : No context for object [ffff88040d823348]
[    0.225243]      scan-1133 get_device_data       : No context for object [ffff88040d823370]
[    0.225348]      scan-1133 get_device_data       : No context for object [ffff88040d823398]
[    0.225456]      scan-1133 get_device_data       : No context for object [ffff88040d8233c0]
[    0.225566]     utils-0051 util_eval_error       : Evaluate [\_SB_.PCI0.PB3_.VGA_._STA]: AE_NOT_FOUND
[    0.225708]     video-0058 backlight_cap_match   : Found generic backlight support
[    0.225827] device: 'LNXVIDEO:00': device_add
[    0.225869] bus: 'acpi': add device LNXVIDEO:00
[    0.225925]     utils-0051 util_eval_error       : Evaluate [\_SB_.PCI0.PB3_.VGA_._SUN]: AE_NOT_FOUND
[    0.226673]      scan-1922 add_single_object     : Added LNXVIDEO:00 [\_SB_.PCI0.PB3_.VGA_] parent device:03
[    0.226673]      scan-1133 get_device_data       : No context for object [ffff88040d8233e8]
[    0.226673]      scan-1133 get_device_data       : No context for object [ffff88040d823410]
[    0.226673]      scan-1133 get_device_data       : No context for object [ffff88040d823438]
[    0.226673]      scan-1133 get_device_data       : No context for object [ffff88040d823460]
[    0.226673]      scan-1133 get_device_data       : No context for object [ffff88040d823488]
[    0.226673]      scan-1133 get_device_data       : No context for object [ffff88040d8234b0]
[    0.226778]      scan-1133 get_device_data       : No context for object [ffff88040d8234d8]
[    0.226886]      scan-1133 get_device_data       : No context for object [ffff88040d823500]
[    0.226992]      scan-1133 get_device_data       : No context for object [ffff88040d823528]
[    0.227095]      scan-1133 get_device_data       : No context for object [ffff88040d823550]
[    0.227198]      scan-1133 get_device_data       : No context for object [ffff88040d823578]
[    0.227301]      scan-1133 get_device_data       : No context for object [ffff88040d8235a0]
[    0.227407]      scan-1133 get_device_data       : No context for object [ffff88040d8235c8]
[    0.227515]      scan-1133 get_device_data       : No context for object [ffff88040d8235f0]
[    0.227623]      scan-1133 get_device_data       : No context for object [ffff88040d823618]
[    0.227730]      scan-1133 get_device_data       : No context for object [ffff88040d823640]
[    0.227838]      scan-1133 get_device_data       : No context for object [ffff88040d823668]
[    0.227946]      scan-1133 get_device_data       : No context for object [ffff88040d823690]
[    0.228051]      scan-1133 get_device_data       : No context for object [ffff88040d8236b8]
[    0.228154]      scan-1133 get_device_data       : No context for object [ffff88040d8236e0]
[    0.228257]      scan-1133 get_device_data       : No context for object [ffff88040d823708]
[    0.228360]      scan-1133 get_device_data       : No context for object [ffff88040d823730]
[    0.228467]      scan-1133 get_device_data       : No context for object [ffff88040d823758]
[    0.228576]      scan-1133 get_device_data       : No context for object [ffff88040d823780]
[    0.228683]      scan-1133 get_device_data       : No context for object [ffff88040d8237a8]
[    0.228791]      scan-1133 get_device_data       : No context for object [ffff88040d8237d0]
[    0.228899]      scan-1133 get_device_data       : No context for object [ffff88040d8237f8]
[    0.229007]      scan-1133 get_device_data       : No context for object [ffff88040d823820]
[    0.229110]      scan-1133 get_device_data       : No context for object [ffff88040d823848]
[    0.229213]      scan-1133 get_device_data       : No context for object [ffff88040d823870]
[    0.229316]      scan-1133 get_device_data       : No context for object [ffff88040d823898]
[    0.229420]      scan-1133 get_device_data       : No context for object [ffff88040d8238c0]
[    0.229528]      scan-1133 get_device_data       : No context for object [ffff88040d8238e8]
[    0.229636]      scan-1133 get_device_data       : No context for object [ffff88040d823910]
[    0.229744]      scan-1133 get_device_data       : No context for object [ffff88040d823938]
[    0.229853]      scan-1133 get_device_data       : No context for object [ffff88040d823960]
[    0.229960]      scan-1133 get_device_data       : No context for object [ffff88040d823988]
[    0.230071]      scan-1133 get_device_data       : No context for object [ffff88040d8239b0]
[    0.231234]      scan-1133 get_device_data       : No context for object [ffff88040d8239d8]
[    0.231337]      scan-1133 get_device_data       : No context for object [ffff88040d837460]
[    0.231440]      scan-1133 get_device_data       : No context for object [ffff88040d83ac08]
[    0.231548]      scan-1133 get_device_data       : No context for object [ffff88040d83ac30]
[    0.231656]      scan-1133 get_device_data       : No context for object [ffff88040d83ac58]
[    0.231766]     utils-0051 util_eval_error       : Evaluate [\_SB_.PCI0.PB3_.VGA_.CRT_._STA]: AE_NOT_FOUND
[    0.231921] device: 'device:04': device_add
[    0.231991] bus: 'acpi': add device device:04
[    0.232044]     utils-0051 util_eval_error       : Evaluate [\_SB_.PCI0.PB3_.VGA_.CRT_._SUN]: AE_NOT_FOUND
[    0.232157]      scan-1922 add_single_object     : Added device:04 [\_SB_.PCI0.PB3_.VGA_.CRT_] parent LNXVIDEO:00
[    0.232263]      scan-1133 get_device_data       : No context for object [ffff88040d83ac80]
[    0.232366]      scan-1133 get_device_data       : No context for object [ffff88040d83aca8]
[    0.232470]      scan-1133 get_device_data       : No context for object [ffff88040d83acd0]
[    0.232578]      scan-1133 get_device_data       : No context for object [ffff88040d83acf8]
[    0.232686]      scan-1133 get_device_data       : No context for object [ffff88040d83ad20]
[    0.232795]     utils-0051 util_eval_error       : Evaluate [\_SB_.PCI0.PB3_.VGA_.LCD_._STA]: AE_NOT_FOUND
[    0.232948] device: 'device:05': device_add
[    0.233020] bus: 'acpi': add device device:05
[    0.233075]     utils-0051 util_eval_error       : Evaluate [\_SB_.PCI0.PB3_.VGA_.LCD_._SUN]: AE_NOT_FOUND
[    0.233340]      scan-1922 add_single_object     : Added device:05 [\_SB_.PCI0.PB3_.VGA_.LCD_] parent LNXVIDEO:00
[    0.233340]      scan-1133 get_device_data       : No context for object [ffff88040d83ad48]
[    0.233405]      scan-1133 get_device_data       : No context for object [ffff88040d83ad70]
[    0.233511]      scan-1133 get_device_data       : No context for object [ffff88040d83ad98]
[    0.233618]      scan-1133 get_device_data       : No context for object [ffff88040d83adc0]
[    0.233726]      scan-1133 get_device_data       : No context for object [ffff88040d83ade8]
[    0.233834]      scan-1133 get_device_data       : No context for object [ffff88040d83ae10]
[    0.233942]      scan-1133 get_device_data       : No context for object [ffff88040d83ae38]
[    0.234050]      scan-1133 get_device_data       : No context for object [ffff88040d83ae60]
[    0.234158]     utils-0051 util_eval_error       : Evaluate [\_SB_.PCI0.PB3_.VGA_.TV0_._STA]: AE_NOT_FOUND
[    0.234284] device: 'device:06': device_add
[    0.234322] bus: 'acpi': add device device:06
[    0.234366]     utils-0051 util_eval_error       : Evaluate [\_SB_.PCI0.PB3_.VGA_.TV0_._SUN]: AE_NOT_FOUND
[    0.234476]      scan-1922 add_single_object     : Added device:06 [\_SB_.PCI0.PB3_.VGA_.TV0_] parent LNXVIDEO:00
[    0.234591]      scan-1133 get_device_data       : No context for object [ffff88040d83ae88]
[    0.234700]      scan-1133 get_device_data       : No context for object [ffff88040d83aeb0]
[    0.234808]      scan-1133 get_device_data       : No context for object [ffff88040d83aed8]
[    0.234916]      scan-1133 get_device_data       : No context for object [ffff88040d83af00]
[    0.235024]      scan-1133 get_device_data       : No context for object [ffff88040d83af28]
[    0.235131]     utils-0051 util_eval_error       : Evaluate [\_SB_.PCI0.PB3_.VGA_.HDMI._STA]: AE_NOT_FOUND
[    0.235262] device: 'device:07': device_add
[    0.235300] bus: 'acpi': add device device:07
[    0.235345]     utils-0051 util_eval_error       : Evaluate [\_SB_.PCI0.PB3_.VGA_.HDMI._SUN]: AE_NOT_FOUND
[    0.235458]      scan-1922 add_single_object     : Added device:07 [\_SB_.PCI0.PB3_.VGA_.HDMI] parent LNXVIDEO:00
[    0.235571]      scan-1133 get_device_data       : No context for object [ffff88040d83af50]
[    0.235680]      scan-1133 get_device_data       : No context for object [ffff88040d83af78]
[    0.235788]      scan-1133 get_device_data       : No context for object [ffff88040d83afa0]
[    0.235895]      scan-1133 get_device_data       : No context for object [ffff88040d83afc8]
[    0.236004]      scan-1133 get_device_data       : No context for object [ffff88040d823a00]
[    0.236110]     utils-0051 util_eval_error       : Evaluate [\_SB_.PCI0.PB3_.HDAU._STA]: AE_NOT_FOUND
[    0.236235] device: 'device:08': device_add
[    0.236273] bus: 'acpi': add device device:08
[    0.236321]     utils-0051 util_eval_error       : Evaluate [\_SB_.PCI0.PB3_.HDAU._SUN]: AE_NOT_FOUND
[    0.236682]      scan-1922 add_single_object     : Added device:08 [\_SB_.PCI0.PB3_.HDAU] parent device:03
[    0.236682]      scan-1133 get_device_data       : No context for object [ffff88040d823a28]
[    0.236682]      scan-1133 get_device_data       : No context for object [ffff88040d823a50]
[    0.236743]      scan-1133 get_device_data       : No context for object [ffff88040d823a78]
[    0.236851]      scan-1133 get_device_data       : No context for object [ffff88040d823aa0]
[    0.236959]      scan-1133 get_device_data       : No context for object [ffff88040d823ac8]
[    0.237065]      scan-1133 get_device_data       : No context for object [ffff88040d823af0]
[    0.237169]      scan-1133 get_device_data       : No context for object [ffff88040d823b18]
[    0.237272]     utils-0051 util_eval_error       : Evaluate [\_SB_.PCI0.PB4_._STA]: AE_NOT_FOUND
[    0.237414] device: 'device:09': device_add
[    0.237456] bus: 'acpi': add device device:09
[    0.237509]     utils-0051 util_eval_error       : Evaluate [\_SB_.PCI0.PB4_._SUN]: AE_NOT_FOUND
[    0.237627]      scan-1922 add_single_object     : Added device:09 [\_SB_.PCI0.PB4_] parent PNP0A08:00
[    0.237739]      scan-1133 get_device_data       : No context for object [ffff88040d823b40]
[    0.237848]      scan-1133 get_device_data       : No context for object [ffff88040d823b68]
[    0.237955]      scan-1133 get_device_data       : No context for object [ffff88040d823b90]
[    0.238061]      scan-1133 get_device_data       : No context for object [ffff88040d823bb8]
[    0.238163]      scan-1133 get_device_data       : No context for object [ffff88040d823be0]
[    0.238266]      scan-1133 get_device_data       : No context for object [ffff88040d823c08]
[    0.238368]      scan-1133 get_device_data       : No context for object [ffff88040d823c30]
[    0.238474]      scan-1133 get_device_data       : No context for object [ffff88040d823c58]
[    0.238581]      scan-1133 get_device_data       : No context for object [ffff88040d823c80]
[    0.238690]      scan-1133 get_device_data       : No context for object [ffff88040d823ca8]
[    0.238797]      scan-1133 get_device_data       : No context for object [ffff88040d823cd0]
[    0.238906]      scan-1133 get_device_data       : No context for object [ffff88040d823cf8]
[    0.239013]      scan-1133 get_device_data       : No context for object [ffff88040d823d20]
[    0.239119]      scan-1133 get_device_data       : No context for object [ffff88040d823d48]
[    0.239221]      scan-1133 get_device_data       : No context for object [ffff88040d823d70]
[    0.239326]      scan-1133 get_device_data       : No context for object [ffff88040d823d98]
[    0.239429]      scan-1133 get_device_data       : No context for object [ffff88040d823dc0]
[    0.239535]      scan-1133 get_device_data       : No context for object [ffff88040d823de8]
[    0.239641]      scan-1133 get_device_data       : No context for object [ffff88040d823e10]
[    0.239750]      scan-1133 get_device_data       : No context for object [ffff88040d823e38]
[    0.239857]      scan-1133 get_device_data       : No context for object [ffff88040d823e60]
[    0.239965]      scan-1133 get_device_data       : No context for object [ffff88040d823e88]
[    0.240075]      scan-1133 get_device_data       : No context for object [ffff88040d823eb0]
[    0.240177]      scan-1133 get_device_data       : No context for object [ffff88040d823ed8]
[    0.240281]      scan-1133 get_device_data       : No context for object [ffff88040d823f00]
[    0.240383]      scan-1133 get_device_data       : No context for object [ffff88040d823f28]
[    0.240486]      scan-1133 get_device_data       : No context for object [ffff88040d823f50]
[    0.240593]      scan-1133 get_device_data       : No context for object [ffff88040d823f78]
[    0.240701]      scan-1133 get_device_data       : No context for object [ffff88040d823fa0]
[    0.240809]      scan-1133 get_device_data       : No context for object [ffff88040d823fc8]
[    0.240917]      scan-1133 get_device_data       : No context for object [ffff88040d825000]
[    0.242090]     utils-0051 util_eval_error       : Evaluate [\_SB_.PCI0.PB4_.XPDV._STA]: AE_NOT_FOUND
[    0.242215] device: 'device:0a': device_add
[    0.242253] bus: 'acpi': add device device:0a
[    0.242298]     utils-0051 util_eval_error       : Evaluate [\_SB_.PCI0.PB4_.XPDV._SUN]: AE_NOT_FOUND
[    0.242407]      scan-1922 add_single_object     : Added device:0a [\_SB_.PCI0.PB4_.XPDV] parent device:09
[    0.242520]      scan-1133 get_device_data       : No context for object [ffff88040d825028]
[    0.242628]      scan-1133 get_device_data       : No context for object [ffff88040d825050]
[    0.242736]      scan-1133 get_device_data       : No context for object [ffff88040d825078]
[    0.242843]      scan-1133 get_device_data       : No context for object [ffff88040d8250a0]
[    0.242951]      scan-1133 get_device_data       : No context for object [ffff88040d8250c8]
[    0.243059]      scan-1133 get_device_data       : No context for object [ffff88040d837500]
[    0.243163]      scan-1133 get_device_data       : No context for object [ffff88040d8250f0]
[    0.243266]      scan-1133 get_device_data       : No context for object [ffff88040d825118]
[    0.243373]     utils-0051 util_eval_error       : Evaluate [\_SB_.PCI0.PB5_._STA]: AE_NOT_FOUND
[    0.243523] device: 'device:0b': device_add
[    0.243565] bus: 'acpi': add device device:0b
[    0.243621]     utils-0051 util_eval_error       : Evaluate [\_SB_.PCI0.PB5_._SUN]: AE_NOT_FOUND
[    0.243738]      scan-1922 add_single_object     : Added device:0b [\_SB_.PCI0.PB5_] parent PNP0A08:00
[    0.243851]      scan-1133 get_device_data       : No context for object [ffff88040d825140]
[    0.243960]      scan-1133 get_device_data       : No context for object [ffff88040d825168]
[    0.244068]      scan-1133 get_device_data       : No context for object [ffff88040d825190]
[    0.244176]      scan-1133 get_device_data       : No context for object [ffff88040d8251b8]
[    0.244278]      scan-1133 get_device_data       : No context for object [ffff88040d8251e0]
[    0.244381]      scan-1133 get_device_data       : No context for object [ffff88040d825208]
[    0.244484]      scan-1133 get_device_data       : No context for object [ffff88040d825230]
[    0.244591]      scan-1133 get_device_data       : No context for object [ffff88040d825258]
[    0.244698]      scan-1133 get_device_data       : No context for object [ffff88040d825280]
[    0.244806]      scan-1133 get_device_data       : No context for object [ffff88040d8252a8]
[    0.244914]      scan-1133 get_device_data       : No context for object [ffff88040d8252d0]
[    0.245022]      scan-1133 get_device_data       : No context for object [ffff88040d8252f8]
[    0.245129]      scan-1133 get_device_data       : No context for object [ffff88040d825320]
[    0.245234]      scan-1133 get_device_data       : No context for object [ffff88040d825348]
[    0.245337]      scan-1133 get_device_data       : No context for object [ffff88040d825370]
[    0.245440]      scan-1133 get_device_data       : No context for object [ffff88040d825398]
[    0.245543]      scan-1133 get_device_data       : No context for object [ffff88040d8253c0]
[    0.245649]      scan-1133 get_device_data       : No context for object [ffff88040d8253e8]
[    0.245757]      scan-1133 get_device_data       : No context for object [ffff88040d825410]
[    0.245865]      scan-1133 get_device_data       : No context for object [ffff88040d825438]
[    0.245973]      scan-1133 get_device_data       : No context for object [ffff88040d825460]
[    0.246080]      scan-1133 get_device_data       : No context for object [ffff88040d825488]
[    0.246189]      scan-1133 get_device_data       : No context for object [ffff88040d8254b0]
[    0.246291]      scan-1133 get_device_data       : No context for object [ffff88040d8254d8]
[    0.246394]      scan-1133 get_device_data       : No context for object [ffff88040d825500]
[    0.246497]      scan-1133 get_device_data       : No context for object [ffff88040d825528]
[    0.246602]      scan-1133 get_device_data       : No context for object [ffff88040d825550]
[    0.246743]      scan-1133 get_device_data       : No context for object [ffff88040d825578]
[    0.246850]      scan-1133 get_device_data       : No context for object [ffff88040d8255a0]
[    0.246958]      scan-1133 get_device_data       : No context for object [ffff88040d8255c8]
[    0.247066]      scan-1133 get_device_data       : No context for object [ffff88040d8255f0]
[    0.247176]     utils-0051 util_eval_error       : Evaluate [\_SB_.PCI0.PB5_.XPDV._STA]: AE_NOT_FOUND
[    0.247304] device: 'device:0c': device_add
[    0.247342] bus: 'acpi': add device device:0c
[    0.247387]     utils-0051 util_eval_error       : Evaluate [\_SB_.PCI0.PB5_.XPDV._SUN]: AE_NOT_FOUND
[    0.247496]      scan-1922 add_single_object     : Added device:0c [\_SB_.PCI0.PB5_.XPDV] parent device:0b
[    0.247605]      scan-1133 get_device_data       : No context for object [ffff88040d825618]
[    0.247713]      scan-1133 get_device_data       : No context for object [ffff88040d825640]
[    0.247821]      scan-1133 get_device_data       : No context for object [ffff88040d825668]
[    0.247929]      scan-1133 get_device_data       : No context for object [ffff88040d825690]
[    0.248037]      scan-1133 get_device_data       : No context for object [ffff88040d8256b8]
[    0.248145]      scan-1133 get_device_data       : No context for object [ffff88040d837528]
[    0.248250]      scan-1133 get_device_data       : No context for object [ffff88040d8256e0]
[    0.248353]      scan-1133 get_device_data       : No context for object [ffff88040d825708]
[    0.248457]     utils-0051 util_eval_error       : Evaluate [\_SB_.PCI0.PB6_._STA]: AE_NOT_FOUND
[    0.248600] device: 'device:0d': device_add
[    0.248642] bus: 'acpi': add device device:0d
[    0.248695]     utils-0051 util_eval_error       : Evaluate [\_SB_.PCI0.PB6_._SUN]: AE_NOT_FOUND
[    0.248813]      scan-1922 add_single_object     : Added device:0d [\_SB_.PCI0.PB6_] parent PNP0A08:00
[    0.248926]      scan-1133 get_device_data       : No context for object [ffff88040d825730]
[    0.249034]      scan-1133 get_device_data       : No context for object [ffff88040d825758]
[    0.249142]      scan-1133 get_device_data       : No context for object [ffff88040d825780]
[    0.249248]      scan-1133 get_device_data       : No context for object [ffff88040d8257a8]
[    0.249351]      scan-1133 get_device_data       : No context for object [ffff88040d8257d0]
[    0.249454]      scan-1133 get_device_data       : No context for object [ffff88040d8257f8]
[    0.249557]      scan-1133 get_device_data       : No context for object [ffff88040d825820]
[    0.249663]      scan-1133 get_device_data       : No context for object [ffff88040d825848]
[    0.249771]      scan-1133 get_device_data       : No context for object [ffff88040d825870]
[    0.249879]      scan-1133 get_device_data       : No context for object [ffff88040d825898]
[    0.249987]      scan-1133 get_device_data       : No context for object [ffff88040d8258c0]
[    0.250076]      scan-1133 get_device_data       : No context for object [ffff88040d8258e8]
[    0.250184]      scan-1133 get_device_data       : No context for object [ffff88040d825910]
[    0.250288]      scan-1133 get_device_data       : No context for object [ffff88040d825938]
[    0.250391]      scan-1133 get_device_data       : No context for object [ffff88040d825960]
[    0.250493]      scan-1133 get_device_data       : No context for object [ffff88040d825988]
[    0.250596]      scan-1133 get_device_data       : No context for object [ffff88040d8259b0]
[    0.250704]      scan-1133 get_device_data       : No context for object [ffff88040d8259d8]
[    0.250811]      scan-1133 get_device_data       : No context for object [ffff88040d825a00]
[    0.250919]      scan-1133 get_device_data       : No context for object [ffff88040d825a28]
[    0.251027]      scan-1133 get_device_data       : No context for object [ffff88040d825a50]
[    0.251135]      scan-1133 get_device_data       : No context for object [ffff88040d825a78]
[    0.251243]      scan-1133 get_device_data       : No context for object [ffff88040d825aa0]
[    0.251346]      scan-1133 get_device_data       : No context for object [ffff88040d825ac8]
[    0.251449]      scan-1133 get_device_data       : No context for object [ffff88040d825af0]
[    0.251552]      scan-1133 get_device_data       : No context for object [ffff88040d825b18]
[    0.251654]      scan-1133 get_device_data       : No context for object [ffff88040d825b40]
[    0.252825]      scan-1133 get_device_data       : No context for object [ffff88040d825b68]
[    0.252932]      scan-1133 get_device_data       : No context for object [ffff88040d825b90]
[    0.253040]      scan-1133 get_device_data       : No context for object [ffff88040d825bb8]
[    0.253149]      scan-1133 get_device_data       : No context for object [ffff88040d825be0]
[    0.253260]     utils-0051 util_eval_error       : Evaluate [\_SB_.PCI0.PB6_.XPDV._STA]: AE_NOT_FOUND
[    0.253393] device: 'device:0e': device_add
[    0.253433] bus: 'acpi': add device device:0e
[    0.253478]     utils-0051 util_eval_error       : Evaluate [\_SB_.PCI0.PB6_.XPDV._SUN]: AE_NOT_FOUND
[    0.253587]      scan-1922 add_single_object     : Added device:0e [\_SB_.PCI0.PB6_.XPDV] parent device:0d
[    0.253698]      scan-1133 get_device_data       : No context for object [ffff88040d825c08]
[    0.253806]      scan-1133 get_device_data       : No context for object [ffff88040d825c30]
[    0.253914]      scan-1133 get_device_data       : No context for object [ffff88040d825c58]
[    0.254021]      scan-1133 get_device_data       : No context for object [ffff88040d825c80]
[    0.254130]      scan-1133 get_device_data       : No context for object [ffff88040d825ca8]
[    0.254237]      scan-1133 get_device_data       : No context for object [ffff88040d837550]
[    0.254340]      scan-1133 get_device_data       : No context for object [ffff88040d825cd0]
[    0.254442]      scan-1133 get_device_data       : No context for object [ffff88040d825cf8]
[    0.254546]     utils-0051 util_eval_error       : Evaluate [\_SB_.PCI0.PB7_._STA]: AE_NOT_FOUND
[    0.254735] device: 'device:0f': device_add
[    0.254777] bus: 'acpi': add device device:0f
[    0.254830]     utils-0051 util_eval_error       : Evaluate [\_SB_.PCI0.PB7_._SUN]: AE_NOT_FOUND
[    0.254947]      scan-1922 add_single_object     : Added device:0f [\_SB_.PCI0.PB7_] parent PNP0A08:00
[    0.255060]      scan-1133 get_device_data       : No context for object [ffff88040d825d20]
[    0.255168]      scan-1133 get_device_data       : No context for object [ffff88040d825d48]
[    0.255275]      scan-1133 get_device_data       : No context for object [ffff88040d825d70]
[    0.255379]      scan-1133 get_device_data       : No context for object [ffff88040d825d98]
[    0.255482]      scan-1133 get_device_data       : No context for object [ffff88040d825dc0]
[    0.255584]      scan-1133 get_device_data       : No context for object [ffff88040d825de8]
[    0.255687]      scan-1133 get_device_data       : No context for object [ffff88040d825e10]
[    0.255793]      scan-1133 get_device_data       : No context for object [ffff88040d825e38]
[    0.255900]      scan-1133 get_device_data       : No context for object [ffff88040d825e60]
[    0.256008]      scan-1133 get_device_data       : No context for object [ffff88040d825e88]
[    0.256116]      scan-1133 get_device_data       : No context for object [ffff88040d825eb0]
[    0.256225]      scan-1133 get_device_data       : No context for object [ffff88040d825ed8]
[    0.256331]      scan-1133 get_device_data       : No context for object [ffff88040d825f00]
[    0.256434]      scan-1133 get_device_data       : No context for object [ffff88040d825f28]
[    0.256537]      scan-1133 get_device_data       : No context for object [ffff88040d825f50]
[    0.256640]      scan-1133 get_device_data       : No context for object [ffff88040d825f78]
[    0.256741]      scan-1133 get_device_data       : No context for object [ffff88040d825fa0]
[    0.256848]      scan-1133 get_device_data       : No context for object [ffff88040d825fc8]
[    0.256955]      scan-1133 get_device_data       : No context for object [ffff88040d827000]
[    0.257064]      scan-1133 get_device_data       : No context for object [ffff88040d827028]
[    0.257171]      scan-1133 get_device_data       : No context for object [ffff88040d827050]
[    0.257279]      scan-1133 get_device_data       : No context for object [ffff88040d827078]
[    0.257384]      scan-1133 get_device_data       : No context for object [ffff88040d8270a0]
[    0.257486]      scan-1133 get_device_data       : No context for object [ffff88040d8270c8]
[    0.257589]      scan-1133 get_device_data       : No context for object [ffff88040d8270f0]
[    0.257693]      scan-1133 get_device_data       : No context for object [ffff88040d827118]
[    0.257798]      scan-1133 get_device_data       : No context for object [ffff88040d827140]
[    0.257906]      scan-1133 get_device_data       : No context for object [ffff88040d827168]
[    0.258014]      scan-1133 get_device_data       : No context for object [ffff88040d827190]
[    0.258122]      scan-1133 get_device_data       : No context for object [ffff88040d8271b8]
[    0.258230]      scan-1133 get_device_data       : No context for object [ffff88040d8271e0]
[    0.258342]     utils-0051 util_eval_error       : Evaluate [\_SB_.PCI0.PB7_.XPDV._STA]: AE_NOT_FOUND
[    0.258468] device: 'device:10': device_add
[    0.258506] bus: 'acpi': add device device:10
[    0.258552]     utils-0051 util_eval_error       : Evaluate [\_SB_.PCI0.PB7_.XPDV._SUN]: AE_NOT_FOUND
[    0.258662]      scan-1922 add_single_object     : Added device:10 [\_SB_.PCI0.PB7_.XPDV] parent device:0f
[    0.258774]      scan-1133 get_device_data       : No context for object [ffff88040d827208]
[    0.258882]      scan-1133 get_device_data       : No context for object [ffff88040d827230]
[    0.258990]      scan-1133 get_device_data       : No context for object [ffff88040d827258]
[    0.259098]      scan-1133 get_device_data       : No context for object [ffff88040d827280]
[    0.259206]      scan-1133 get_device_data       : No context for object [ffff88040d8272a8]
[    0.259315]      scan-1133 get_device_data       : No context for object [ffff88040d837488]
[    0.259418]      scan-1133 get_device_data       : No context for object [ffff88040d8272d0]
[    0.259521]      scan-1133 get_device_data       : No context for object [ffff88040d8272f8]
[    0.259625]     utils-0051 util_eval_error       : Evaluate [\_SB_.PCI0.OHC1._STA]: AE_NOT_FOUND
[    0.259770] device: 'device:11': device_add
[    0.259811] bus: 'acpi': add device device:11
[    0.259864]     utils-0051 util_eval_error       : Evaluate [\_SB_.PCI0.OHC1._SUN]: AE_NOT_FOUND
[    0.260013]      scan-1922 add_single_object     : Added device:11 [\_SB_.PCI0.OHC1] parent PNP0A08:00
[    0.260120]      scan-1133 get_device_data       : No context for object [ffff88040d827320]
[    0.260229]      scan-1133 get_device_data       : No context for object [ffff88040d827348]
[    0.260337]      scan-1133 get_device_data       : No context for object [ffff88040d83b2f8]
[    0.260445]     utils-0051 util_eval_error       : Evaluate [\_SB_.PCI0.OHC1.RHUB._STA]: AE_NOT_FOUND
[    0.260571] device: 'device:12': device_add
[    0.260609] bus: 'acpi': add device device:12
[    0.260654]     utils-0051 util_eval_error       : Evaluate [\_SB_.PCI0.OHC1.RHUB._SUN]: AE_NOT_FOUND
[    0.260763]      scan-1922 add_single_object     : Added device:12 [\_SB_.PCI0.OHC1.RHUB] parent device:11
[    0.260878]      scan-1133 get_device_data       : No context for object [ffff88040d83b320]
[    0.260986]      scan-1133 get_device_data       : No context for object [ffff88040d83b348]
[    0.261097]     utils-0051 util_eval_error       : Evaluate [\_SB_.PCI0.OHC1.RHUB.PRT3._STA]: AE_NOT_FOUND
[    0.261243] device: 'device:13': device_add
[    0.261321] bus: 'acpi': add device device:13
[    0.261378]     utils-0051 util_eval_error       : Evaluate [\_SB_.PCI0.OHC1.RHUB.PRT3._SUN]: AE_NOT_FOUND
[    0.261491]      scan-1922 add_single_object     : Added device:13 [\_SB_.PCI0.OHC1.RHUB.PRT3] parent device:12
[    0.261597]      scan-1133 get_device_data       : No context for object [ffff88040d83b370]
[    0.261700]      scan-1133 get_device_data       : No context for object [ffff88040d83b398]
[    0.261803]      scan-1133 get_device_data       : No context for object [ffff88040d83b3c0]
[    0.261912]      scan-1133 get_device_data       : No context for object [ffff88040d83b3e8]
[    0.262022]     utils-0051 util_eval_error       : Evaluate [\_SB_.PCI0.OHC1.RHUB.PRT4._STA]: AE_NOT_FOUND
[    0.262167] device: 'device:14': device_add
[    0.262208] bus: 'acpi': add device device:14
[    0.262261]     utils-0051 util_eval_error       : Evaluate [\_SB_.PCI0.OHC1.RHUB.PRT4._SUN]: AE_NOT_FOUND
[    0.262379]      scan-1922 add_single_object     : Added device:14 [\_SB_.PCI0.OHC1.RHUB.PRT4] parent device:12
[    0.262489]      scan-1133 get_device_data       : No context for object [ffff88040d83b410]
[    0.262593]      scan-1133 get_device_data       : No context for object [ffff88040d83b438]
[    0.263335]      scan-1133 get_device_data       : No context for object [ffff88040d83b460]
[    0.263441]      scan-1133 get_device_data       : No context for object [ffff88040d827370]
[    0.263551]     utils-0051 util_eval_error       : Evaluate [\_SB_.PCI0.EHC1._STA]: AE_NOT_FOUND
[    0.263706] device: 'device:15': device_add
[    0.263747] bus: 'acpi': add device device:15
[    0.263800]     utils-0051 util_eval_error       : Evaluate [\_SB_.PCI0.EHC1._SUN]: AE_NOT_FOUND
[    0.263917]      scan-1922 add_single_object     : Added device:15 [\_SB_.PCI0.EHC1] parent PNP0A08:00
[    0.264030]      scan-1133 get_device_data       : No context for object [ffff88040d827398]
[    0.264136]      scan-1133 get_device_data       : No context for object [ffff88040d8273c0]
[    0.264239]      scan-1133 get_device_data       : No context for object [ffff88040d83b028]
[    0.264343]     utils-0051 util_eval_error       : Evaluate [\_SB_.PCI0.EHC1.RHUB._STA]: AE_NOT_FOUND
[    0.264468] device: 'device:16': device_add
[    0.264509] bus: 'acpi': add device device:16
[    0.264565]     utils-0051 util_eval_error       : Evaluate [\_SB_.PCI0.EHC1.RHUB._SUN]: AE_NOT_FOUND
[    0.264683]      scan-1922 add_single_object     : Added device:16 [\_SB_.PCI0.EHC1.RHUB] parent device:15
[    0.264797]      scan-1133 get_device_data       : No context for object [ffff88040d83b050]
[    0.264905]      scan-1133 get_device_data       : No context for object [ffff88040d83b078]
[    0.265014]     utils-0051 util_eval_error       : Evaluate [\_SB_.PCI0.EHC1.RHUB.PRT3._STA]: AE_NOT_FOUND
[    0.265144] device: 'device:17': device_add
[    0.265181] bus: 'acpi': add device device:17
[    0.265226]     utils-0051 util_eval_error       : Evaluate [\_SB_.PCI0.EHC1.RHUB.PRT3._SUN]: AE_NOT_FOUND
[    0.265336]      scan-1922 add_single_object     : Added device:17 [\_SB_.PCI0.EHC1.RHUB.PRT3] parent device:16
[    0.265444]      scan-1133 get_device_data       : No context for object [ffff88040d83b0a0]
[    0.265554]      scan-1133 get_device_data       : No context for object [ffff88040d83b0c8]
[    0.265662]      scan-1133 get_device_data       : No context for object [ffff88040d83b0f0]
[    0.265770]      scan-1133 get_device_data       : No context for object [ffff88040d83b118]
[    0.265879]     utils-0051 util_eval_error       : Evaluate [\_SB_.PCI0.EHC1.RHUB.PRT4._STA]: AE_NOT_FOUND
[    0.266023] device: 'device:18': device_add
[    0.266065] bus: 'acpi': add device device:18
[    0.266110]     utils-0051 util_eval_error       : Evaluate [\_SB_.PCI0.EHC1.RHUB.PRT4._SUN]: AE_NOT_FOUND
[    0.266691]      scan-1922 add_single_object     : Added device:18 [\_SB_.PCI0.EHC1.RHUB.PRT4] parent device:16
[    0.266741]      scan-1133 get_device_data       : No context for object [ffff88040d83b140]
[    0.266845]      scan-1133 get_device_data       : No context for object [ffff88040d83b168]
[    0.266953]      scan-1133 get_device_data       : No context for object [ffff88040d83b190]
[    0.267062]      scan-1133 get_device_data       : No context for object [ffff88040d8273e8]
[    0.267172]     utils-0051 util_eval_error       : Evaluate [\_SB_.PCI0.OHC2._STA]: AE_NOT_FOUND
[    0.267376] device: 'device:19': device_add
[    0.267418] bus: 'acpi': add device device:19
[    0.267472]     utils-0051 util_eval_error       : Evaluate [\_SB_.PCI0.OHC2._SUN]: AE_NOT_FOUND
[    0.267582]      scan-1922 add_single_object     : Added device:19 [\_SB_.PCI0.OHC2] parent PNP0A08:00
[    0.267688]      scan-1133 get_device_data       : No context for object [ffff88040d827410]
[    0.267791]      scan-1133 get_device_data       : No context for object [ffff88040d827438]
[    0.267897]      scan-1133 get_device_data       : No context for object [ffff88040d83b488]
[    0.268007]     utils-0051 util_eval_error       : Evaluate [\_SB_.PCI0.OHC2.RHUB._STA]: AE_NOT_FOUND
[    0.268152] device: 'device:1a': device_add
[    0.268193] bus: 'acpi': add device device:1a
[    0.268246]     utils-0051 util_eval_error       : Evaluate [\_SB_.PCI0.OHC2.RHUB._SUN]: AE_NOT_FOUND
[    0.268363]      scan-1922 add_single_object     : Added device:1a [\_SB_.PCI0.OHC2.RHUB] parent device:19
[    0.268476]      scan-1133 get_device_data       : No context for object [ffff88040d83b4b0]
[    0.268582]      scan-1133 get_device_data       : No context for object [ffff88040d83b4d8]
[    0.268686]     utils-0051 util_eval_error       : Evaluate [\_SB_.PCI0.OHC2.RHUB.PRT4._STA]: AE_NOT_FOUND
[    0.268812] device: 'device:1b': device_add
[    0.268850] bus: 'acpi': add device device:1b
[    0.268895]     utils-0051 util_eval_error       : Evaluate [\_SB_.PCI0.OHC2.RHUB.PRT4._SUN]: AE_NOT_FOUND
[    0.269015]      scan-1922 add_single_object     : Added device:1b [\_SB_.PCI0.OHC2.RHUB.PRT4] parent device:1a
[    0.269128]      scan-1133 get_device_data       : No context for object [ffff88040d83b500]
[    0.269236]      scan-1133 get_device_data       : No context for object [ffff88040d83b528]
[    0.269344]      scan-1133 get_device_data       : No context for object [ffff88040d83b550]
[    0.269452]      scan-1133 get_device_data       : No context for object [ffff88040d827460]
[    0.269559]     utils-0051 util_eval_error       : Evaluate [\_SB_.PCI0.EHC2._STA]: AE_NOT_FOUND
[    0.269691] device: 'device:1c': device_add
[    0.269729] bus: 'acpi': add device device:1c
[    0.269776]     utils-0051 util_eval_error       : Evaluate [\_SB_.PCI0.EHC2._SUN]: AE_NOT_FOUND
[    0.270016]      scan-1922 add_single_object     : Added device:1c [\_SB_.PCI0.EHC2] parent PNP0A08:00
[    0.270016]      scan-1133 get_device_data       : No context for object [ffff88040d827488]
[    0.270114]      scan-1133 get_device_data       : No context for object [ffff88040d8274b0]
[    0.270223]      scan-1133 get_device_data       : No context for object [ffff88040d83b1b8]
[    0.270332]     utils-0051 util_eval_error       : Evaluate [\_SB_.PCI0.EHC2.RHUB._STA]: AE_NOT_FOUND
[    0.270468] device: 'device:1d': device_add
[    0.270505] bus: 'acpi': add device device:1d
[    0.270550]     utils-0051 util_eval_error       : Evaluate [\_SB_.PCI0.EHC2.RHUB._SUN]: AE_NOT_FOUND
[    0.270659]      scan-1922 add_single_object     : Added device:1d [\_SB_.PCI0.EHC2.RHUB] parent device:1c
[    0.270764]      scan-1133 get_device_data       : No context for object [ffff88040d83b1e0]
[    0.270869]      scan-1133 get_device_data       : No context for object [ffff88040d83b208]
[    0.270979]     utils-0051 util_eval_error       : Evaluate [\_SB_.PCI0.EHC2.RHUB.PRT2._STA]: AE_NOT_FOUND
[    0.271124] device: 'device:1e': device_add
[    0.271164] bus: 'acpi': add device device:1e
[    0.271217]     utils-0051 util_eval_error       : Evaluate [\_SB_.PCI0.EHC2.RHUB.PRT2._SUN]: AE_NOT_FOUND
[    0.271335]      scan-1922 add_single_object     : Added device:1e [\_SB_.PCI0.EHC2.RHUB.PRT2] parent device:1d
[    0.271448]      scan-1133 get_device_data       : No context for object [ffff88040d83b230]
[    0.271553]      scan-1133 get_device_data       : No context for object [ffff88040d83b258]
[    0.271655]      scan-1133 get_device_data       : No context for object [ffff88040d83b280]
[    0.271757]      scan-1133 get_device_data       : No context for object [ffff88040d8274d8]
[    0.271861]     utils-0051 util_eval_error       : Evaluate [\_SB_.PCI0.OHC3._STA]: AE_NOT_FOUND
[    0.272016] device: 'device:1f': device_add
[    0.272060] bus: 'acpi': add device device:1f
[    0.272113]     utils-0051 util_eval_error       : Evaluate [\_SB_.PCI0.OHC3._SUN]: AE_NOT_FOUND
[    0.272230]      scan-1922 add_single_object     : Added device:1f [\_SB_.PCI0.OHC3] parent PNP0A08:00
[    0.272343]      scan-1133 get_device_data       : No context for object [ffff88040d827500]
[    0.272450]      scan-1133 get_device_data       : No context for object [ffff88040d827528]
[    0.272557]      scan-1133 get_device_data       : No context for object [ffff88040d83b578]
[    0.272661]     utils-0051 util_eval_error       : Evaluate [\_SB_.PCI0.OHC3.RHUB._STA]: AE_NOT_FOUND
[    0.272786] device: 'device:20': device_add
[    0.272823] bus: 'acpi': add device device:20
[    0.272869]     utils-0051 util_eval_error       : Evaluate [\_SB_.PCI0.OHC3.RHUB._SUN]: AE_NOT_FOUND
[    0.273334]      scan-1922 add_single_object     : Added device:20 [\_SB_.PCI0.OHC3.RHUB] parent device:1f
[    0.273334]      scan-1133 get_device_data       : No context for object [ffff88040d83b5a0]
[    0.273334]      scan-1133 get_device_data       : No context for object [ffff88040d827550]
[    0.273334]     utils-0051 util_eval_error       : Evaluate [\_SB_.PCI0.EHC3._STA]: AE_NOT_FOUND
[    0.273457] device: 'device:21': device_add
[    0.273499] bus: 'acpi': add device device:21
[    0.273546]     utils-0051 util_eval_error       : Evaluate [\_SB_.PCI0.EHC3._SUN]: AE_NOT_FOUND
[    0.273654]      scan-1922 add_single_object     : Added device:21 [\_SB_.PCI0.EHC3] parent PNP0A08:00
[    0.274780]      scan-1133 get_device_data       : No context for object [ffff88040d827578]
[    0.274885]      scan-1133 get_device_data       : No context for object [ffff88040d8275a0]
[    0.274992]      scan-1133 get_device_data       : No context for object [ffff88040d83b2a8]
[    0.275102]     utils-0051 util_eval_error       : Evaluate [\_SB_.PCI0.EHC3.RHUB._STA]: AE_NOT_FOUND
[    0.275248] device: 'device:22': device_add
[    0.275289] bus: 'acpi': add device device:22
[    0.275342]     utils-0051 util_eval_error       : Evaluate [\_SB_.PCI0.EHC3.RHUB._SUN]: AE_NOT_FOUND
[    0.275460]      scan-1922 add_single_object     : Added device:22 [\_SB_.PCI0.EHC3.RHUB] parent device:21
[    0.275569]      scan-1133 get_device_data       : No context for object [ffff88040d83b2d0]
[    0.275672]      scan-1133 get_device_data       : No context for object [ffff88040d8275c8]
[    0.275776]     utils-0051 util_eval_error       : Evaluate [\_SB_.PCI0.OHC4._STA]: AE_NOT_FOUND
[    0.275920] device: 'device:23': device_add
[    0.275962] bus: 'acpi': add device device:23
[    0.276014]     utils-0051 util_eval_error       : Evaluate [\_SB_.PCI0.OHC4._SUN]: AE_NOT_FOUND
[    0.276697]      scan-1922 add_single_object     : Added device:23 [\_SB_.PCI0.OHC4] parent PNP0A08:00
[    0.276697]      scan-1133 get_device_data       : No context for object [ffff88040d8275f0]
[    0.276697]      scan-1133 get_device_data       : No context for object [ffff88040d827618]
[    0.276697]      scan-1133 get_device_data       : No context for object [ffff88040d827640]
[    0.276697]     utils-0051 util_eval_error       : Evaluate [\_SB_.PCI0.SBAZ._STA]: AE_NOT_FOUND
[    0.276697] device: 'device:24': device_add
[    0.276735] bus: 'acpi': add device device:24
[    0.276782]     utils-0051 util_eval_error       : Evaluate [\_SB_.PCI0.SBAZ._SUN]: AE_NOT_FOUND
[    0.276897]      scan-1922 add_single_object     : Added device:24 [\_SB_.PCI0.SBAZ] parent PNP0A08:00
[    0.277010]      scan-1133 get_device_data       : No context for object [ffff88040d827668]
[    0.277118]      scan-1133 get_device_data       : No context for object [ffff88040d827690]
[    0.277226]      scan-1133 get_device_data       : No context for object [ffff88040d8276b8]
[    0.277336]     utils-0051 util_eval_error       : Evaluate [\_SB_.PCI0.GEC_._STA]: AE_NOT_FOUND
[    0.277498] device: 'device:25': device_add
[    0.277537] bus: 'acpi': add device device:25
[    0.277582]     utils-0051 util_eval_error       : Evaluate [\_SB_.PCI0.GEC_._SUN]: AE_NOT_FOUND
[    0.277692]      scan-1922 add_single_object     : Added device:25 [\_SB_.PCI0.GEC_] parent PNP0A08:00
[    0.277798]      scan-1133 get_device_data       : No context for object [ffff88040d8276e0]
[    0.277905]      scan-1133 get_device_data       : No context for object [ffff88040d827708]
[    0.278013]      scan-1133 get_device_data       : No context for object [ffff88040d827730]
[    0.278121]      scan-1133 get_device_data       : No context for object [ffff88040d827758]
[    0.278229]      scan-1133 get_device_data       : No context for object [ffff88040d827780]
[    0.278337]      scan-1133 get_device_data       : No context for object [ffff88040d8277a8]
[    0.278447]      scan-1133 get_device_data       : No context for object [ffff88040d8277d0]
[    0.278550]      scan-1133 get_device_data       : No context for object [ffff88040d8277f8]
[    0.278653]      scan-1133 get_device_data       : No context for object [ffff88040d827820]
[    0.278757]     utils-0051 util_eval_error       : Evaluate [\_SB_.PCI0.SATA._STA]: AE_NOT_FOUND
[    0.278903] device: 'device:26': device_add
[    0.278976] bus: 'acpi': add device device:26
[    0.279029]     utils-0051 util_eval_error       : Evaluate [\_SB_.PCI0.SATA._SUN]: AE_NOT_FOUND
[    0.280004]      scan-1922 add_single_object     : Added device:26 [\_SB_.PCI0.SATA] parent PNP0A08:00
[    0.280004]      scan-1133 get_device_data       : No context for object [ffff88040d827848]
[    0.280004]      scan-1133 get_device_data       : No context for object [ffff88040d827870]
[    0.280004]      scan-1133 get_device_data       : No context for object [ffff88040d827898]
[    0.280004]      scan-1133 get_device_data       : No context for object [ffff88040d8278c0]
[    0.280004]      scan-1133 get_device_data       : No context for object [ffff88040d8278e8]
[    0.280004]      scan-1133 get_device_data       : No context for object [ffff88040d827910]
[    0.280004]      scan-1133 get_device_data       : No context for object [ffff88040d827938]
[    0.280004]      scan-1133 get_device_data       : No context for object [ffff88040d827960]
[    0.280112]      scan-1133 get_device_data       : No context for object [ffff88040d827988]
[    0.280220]      scan-1133 get_device_data       : No context for object [ffff88040d8279b0]
[    0.280328]      scan-1133 get_device_data       : No context for object [ffff88040d8279d8]
[    0.280436]      scan-1133 get_device_data       : No context for object [ffff88040d827a00]
[    0.280543]      scan-1133 get_device_data       : No context for object [ffff88040d827a28]
[    0.280646]      scan-1133 get_device_data       : No context for object [ffff88040d827a50]
[    0.280750]      scan-1133 get_device_data       : No context for object [ffff88040d827a78]
[    0.280852]      scan-1133 get_device_data       : No context for object [ffff88040d827aa0]
[    0.280957]      scan-1133 get_device_data       : No context for object [ffff88040d827ac8]
[    0.281065]      scan-1133 get_device_data       : No context for object [ffff88040d827af0]
[    0.281173]      scan-1133 get_device_data       : No context for object [ffff88040d827b18]
[    0.281281]      scan-1133 get_device_data       : No context for object [ffff88040d827b40]
[    0.281389]      scan-1133 get_device_data       : No context for object [ffff88040d827b68]
[    0.281497]      scan-1133 get_device_data       : No context for object [ffff88040d827b90]
[    0.281602]      scan-1133 get_device_data       : No context for object [ffff88040d827bb8]
[    0.281705]      scan-1133 get_device_data       : No context for object [ffff88040d827be0]
[    0.281808]      scan-1133 get_device_data       : No context for object [ffff88040d827c08]
[    0.281911]      scan-1133 get_device_data       : No context for object [ffff88040d827c30]
[    0.282019]      scan-1133 get_device_data       : No context for object [ffff88040d827c58]
[    0.282126]      scan-1133 get_device_data       : No context for object [ffff88040d827c80]
[    0.282235]      scan-1133 get_device_data       : No context for object [ffff88040d827ca8]
[    0.282343]      scan-1133 get_device_data       : No context for object [ffff88040d827cd0]
[    0.282450]      scan-1133 get_device_data       : No context for object [ffff88040d827cf8]
[    0.282559]      scan-1133 get_device_data       : No context for object [ffff88040d827d20]
[    0.282661]      scan-1133 get_device_data       : No context for object [ffff88040d827d48]
[    0.282764]      scan-1133 get_device_data       : No context for object [ffff88040d827d70]
[    0.282867]      scan-1133 get_device_data       : No context for object [ffff88040d827d98]
[    0.282970]      scan-1133 get_device_data       : No context for object [ffff88040d827dc0]
[    0.283079]      scan-1133 get_device_data       : No context for object [ffff88040d827de8]
[    0.283187]      scan-1133 get_device_data       : No context for object [ffff88040d827e10]
[    0.283294]      scan-1133 get_device_data       : No context for object [ffff88040d827e38]
[    0.283409]      scan-1133 get_device_data       : No context for object [ffff88040d827e60]
[    0.283517]      scan-1133 get_device_data       : No context for object [ffff88040d827e88]
[    0.283623]      scan-1133 get_device_data       : No context for object [ffff88040d827eb0]
[    0.283726]      scan-1133 get_device_data       : No context for object [ffff88040d827ed8]
[    0.283829]      scan-1133 get_device_data       : No context for object [ffff88040d827f00]
[    0.283932]      scan-1133 get_device_data       : No context for object [ffff88040d827f28]
[    0.284040]     utils-0051 util_eval_error       : Evaluate [\_SB_.PCI0.SATA.PRID._STA]: AE_NOT_FOUND
[    0.284192] device_pm-0128 device_get_power      : Device [PRID] power state is (unknown)
[    0.284335] device: 'device:27': device_add
[    0.284376] bus: 'acpi': add device device:27
[    0.284432]     utils-0051 util_eval_error       : Evaluate [\_SB_.PCI0.SATA.PRID._SUN]: AE_NOT_FOUND
[    0.284551]      scan-1922 add_single_object     : Added device:27 [\_SB_.PCI0.SATA.PRID] parent device:26
[    0.285722]      scan-1133 get_device_data       : No context for object [ffff88040d827f50]
[    0.285825]      scan-1133 get_device_data       : No context for object [ffff88040d827f78]
[    0.285928]      scan-1133 get_device_data       : No context for object [ffff88040d827fa0]
[    0.286031]      scan-1133 get_device_data       : No context for object [ffff88040d827fc8]
