[    0.000000] Initializing cgroup subsys cpuset
[    0.000000] Initializing cgroup subsys cpu
[    0.000000] Initializing cgroup subsys cpuacct
[    0.000000] Linux version 3.12.23-1-MANJARO (emacs@manji) (gcc version 4.9.0 20140604 (prerelease) (GCC) ) #8 SMP PREEMPT Mon Jul 14 04:09:43 CEST 2014
[    0.000000] Command line: BOOT_IMAGE=/vmlinuz-312-x86_64 root=UUID=bfa4ab6e-19a3-4601-ba2b-267c55841c73 rw cryptdevice=/dev/disk/by-uuid/70c08890-417a-497d-b6ab-c0d0357a63e2:cryptManjaro:allow-discards ipv6.disable=1 pnp.debug=1 loglevel=9 log_buf_len=10M printk.always_kmsg_dump=y printk.time=y mminit_loglevel=0 memory_corruption_check=1 fbcon=scrollback:4096k fbcon=font:ProFont6x11 acpi.debug_layer=0xfbff0000 acpi.debug_level=0xFFFFFFFD pnp.debug=1 radeon.dpm=1 radeonfb radeon.audio=0
[    0.000000] KERNEL supported cpus:
[    0.000000]   AMD AuthenticAMD
[    0.000000] e820: BIOS-provided physical RAM map:
[    0.000000] BIOS-e820: [mem 0x0000000000000000-0x000000000009d7ff] usable
[    0.000000] BIOS-e820: [mem 0x000000000009d800-0x000000000009ffff] reserved
[    0.000000] BIOS-e820: [mem 0x00000000000e0000-0x00000000000fffff] reserved
[    0.000000] BIOS-e820: [mem 0x0000000000100000-0x00000000aed9afff] usable
[    0.000000] BIOS-e820: [mem 0x00000000aed9b000-0x00000000af39afff] reserved
[    0.000000] BIOS-e820: [mem 0x00000000af39b000-0x00000000af49afff] ACPI NVS
[    0.000000] BIOS-e820: [mem 0x00000000af49b000-0x00000000af51afff] ACPI data
[    0.000000] BIOS-e820: [mem 0x00000000af51b000-0x00000000afdfffff] usable
[    0.000000] BIOS-e820: [mem 0x00000000afe00000-0x00000000afffffff] reserved
[    0.000000] BIOS-e820: [mem 0x00000000fec00000-0x00000000fecfffff] reserved
[    0.000000] BIOS-e820: [mem 0x00000000fed80000-0x00000000fed80fff] reserved
[    0.000000] BIOS-e820: [mem 0x00000000ffe00000-0x00000000ffffffff] reserved
[    0.000000] BIOS-e820: [mem 0x0000000100000000-0x000000042effffff] usable
[    0.000000] NX (Execute Disable) protection: active
[    0.000000] SMBIOS 2.6 present.
[    0.000000] DMI: LENOVO Sabine/Torpedo, BIOS 54CN18WW 07/20/2011
[    0.000000] e820: update [mem 0x00000000-0x00000fff] usable ==> reserved
[    0.000000] e820: remove [mem 0x000a0000-0x000fffff] usable
[    0.000000] No AGP bridge found
[    0.000000] e820: last_pfn = 0x42f000 max_arch_pfn = 0x400000000
[    0.000000] MTRR default type: uncachable
[    0.000000] MTRR fixed ranges enabled:
[    0.000000]   00000-9FFFF write-back
[    0.000000]   A0000-BFFFF uncachable
[    0.000000]   C0000-FFFFF write-protect
[    0.000000] MTRR variable ranges enabled:
[    0.000000]   0 base 0000000000 mask FF80000000 write-back
[    0.000000]   1 base 0080000000 mask FFE0000000 write-back
[    0.000000]   2 base 00A0000000 mask FFF0000000 write-back
[    0.000000]   3 base 00FFF90000 mask FFFFFF0000 uncachable
[    0.000000]   4 base 00FED80000 mask 0FFFFFF000 uncachable
[    0.000000]   5 disabled
[    0.000000]   6 disabled
[    0.000000]   7 base 00FFE00000 mask FFFFE00000 write-protect
[    0.000000] TOM2: 000000042f000000 aka 17136M
[    0.000000] x86 PAT enabled: cpu 0, old 0x7040600070406, new 0x7010600070106
[    0.000000] mtrr: your BIOS has configured an incorrect mask, fixing it.
[    0.000000] e820: last_pfn = 0xafe00 max_arch_pfn = 0x400000000
[    0.000000] found SMP MP-table at [mem 0x000fa8b0-0x000fa8bf] mapped at [ffff8800000fa8b0]
[    0.000000] Scanning 1 areas for low memory corruption
[    0.000000] Base memory trampoline at [ffff880000097000] 97000 size 24576
[    0.000000] Using GB pages for direct mapping
[    0.000000] init_memory_mapping: [mem 0x00000000-0x000fffff]
[    0.000000]  [mem 0x00000000-0x000fffff] page 4k
[    0.000000] BRK [0x0203e000, 0x0203efff] PGTABLE
[    0.000000] BRK [0x0203f000, 0x0203ffff] PGTABLE
[    0.000000] BRK [0x02040000, 0x02040fff] PGTABLE
[    0.000000] init_memory_mapping: [mem 0x42ee00000-0x42effffff]
[    0.000000]  [mem 0x42ee00000-0x42effffff] page 2M
[    0.000000] BRK [0x02041000, 0x02041fff] PGTABLE
[    0.000000] init_memory_mapping: [mem 0x42c000000-0x42edfffff]
[    0.000000]  [mem 0x42c000000-0x42edfffff] page 2M
[    0.000000] init_memory_mapping: [mem 0x400000000-0x42bffffff]
[    0.000000]  [mem 0x400000000-0x42bffffff] page 2M
[    0.000000] init_memory_mapping: [mem 0x00100000-0xaed9afff]
[    0.000000]  [mem 0x00100000-0x001fffff] page 4k
[    0.000000]  [mem 0x00200000-0x3fffffff] page 2M
[    0.000000]  [mem 0x40000000-0x7fffffff] page 1G
[    0.000000]  [mem 0x80000000-0xaebfffff] page 2M
[    0.000000]  [mem 0xaec00000-0xaed9afff] page 4k
[    0.000000] init_memory_mapping: [mem 0xaf51b000-0xafdfffff]
[    0.000000]  [mem 0xaf51b000-0xaf5fffff] page 4k
[    0.000000]  [mem 0xaf600000-0xafdfffff] page 2M
[    0.000000] BRK [0x02042000, 0x02042fff] PGTABLE
[    0.000000] init_memory_mapping: [mem 0x100000000-0x3ffffffff]
[    0.000000]  [mem 0x100000000-0x3ffffffff] page 1G
[    0.000000] log_buf_len: 16777216
[    0.000000] early log buf free: 2092136(99%)
[    0.000000] RAMDISK: [mem 0x37880000-0x37c37fff]
[    0.000000] ACPI: RSDP 00000000000f0110 00024 (v02 LENOVO)
[    0.000000] ACPI: XSDT 00000000af51a120 00074 (v01 LENOVO CB-01    00000001 LENO 00000001)
[    0.000000] ACPI: FACP 00000000af508000 000F4 (v04 LENOVO CB-01    00000001 PTL  00000001)
[    0.000000] ACPI: DSDT 00000000af50a000 0FD10 (v01 LENOVO CB-01    00001000 LENO 00000001)
[    0.000000] ACPI: FACS 00000000af478000 00040
[    0.000000] ACPI: HPET 00000000af507000 00038 (v01 LENOVO CB-01    00000001 PTL  00000001)
[    0.000000] ACPI: APIC 00000000af506000 0007A (v02 LENOVO CB-01    00000001 PTL  00000001)
[    0.000000] ACPI: MCFG 00000000af505000 0003C (v01 LENOVO CB-01    00000001 PTL  00000001)
[    0.000000] ACPI: SLIC 00000000af504000 00176 (v01 LENOVO CB-01    00000001 LENO 00000001)
[    0.000000] ACPI: UEFI 00000000af503000 0003E (v01 LENOVO CB-01    00000001 PTL  00000001)
[    0.000000] ACPI: UEFI 00000000af502000 00042 (v01 PTL      COMBUF 00000001 PTL  00000001)
[    0.000000] ACPI: SSDT 00000000af501000 00E34 (v01 AMD    POWERNOW 00000001 AMD  00000001)
[    0.000000] ACPI: SSDT 00000000af4ff000 0193D (v02    AMD     ALIB 00000001 MSFT 04000000)
[    0.000000] ACPI: UEFI 00000000af4fe000 0021A (v01 LENOVO CB-01    00000001 PTL  00000001)
[    0.000000] ACPI: Local APIC address 0xfee00000
[    0.000000] No NUMA configuration found
[    0.000000] Faking a node at [mem 0x0000000000000000-0x000000042effffff]
[    0.000000] Initmem setup node 0 [mem 0x00000000-0x42effffff]
[    0.000000]   NODE_DATA [mem 0x42dffa000-0x42dffdfff]
[    0.000000]  [ffffea0000000000-ffffea0010bfffff] PMD -> [ffff88041de00000-ffff88042d5fffff] on node 0
[    0.000000] Zone ranges:
[    0.000000]   DMA      [mem 0x00001000-0x00ffffff]
[    0.000000]   DMA32    [mem 0x01000000-0xffffffff]
[    0.000000]   Normal   [mem 0x100000000-0x42effffff]
[    0.000000] Movable zone start for each node
[    0.000000] Early memory node ranges
[    0.000000]   node   0: [mem 0x00001000-0x0009cfff]
[    0.000000]   node   0: [mem 0x00100000-0xaed9afff]
[    0.000000]   node   0: [mem 0xaf51b000-0xafdfffff]
[    0.000000]   node   0: [mem 0x100000000-0x42effffff]
[    0.000000] On node 0 totalpages: 4056604
[    0.000000]   DMA zone: 64 pages used for memmap
[    0.000000]   DMA zone: 21 pages reserved
[    0.000000]   DMA zone: 3996 pages, LIFO batch:0
[    0.000000]   DMA32 zone: 11162 pages used for memmap
[    0.000000]   DMA32 zone: 714368 pages, LIFO batch:31
[    0.000000]   Normal zone: 52160 pages used for memmap
[    0.000000]   Normal zone: 3338240 pages, LIFO batch:31
[    0.000000] ACPI: PM-Timer IO Port: 0x808
[    0.000000] ACPI: Local APIC address 0xfee00000
[    0.000000] ACPI: LAPIC (acpi_id[0x00] lapic_id[0x00] enabled)
[    0.000000] ACPI: LAPIC (acpi_id[0x01] lapic_id[0x01] enabled)
[    0.000000] ACPI: LAPIC (acpi_id[0x02] lapic_id[0x02] enabled)
[    0.000000] ACPI: LAPIC (acpi_id[0x03] lapic_id[0x03] enabled)
[    0.000000] ACPI: LAPIC_NMI (acpi_id[0x00] high edge lint[0x1])
[    0.000000] ACPI: LAPIC_NMI (acpi_id[0x01] high edge lint[0x1])
[    0.000000] ACPI: LAPIC_NMI (acpi_id[0x02] high edge lint[0x1])
[    0.000000] ACPI: LAPIC_NMI (acpi_id[0x03] high edge lint[0x1])
[    0.000000] ACPI: IOAPIC (id[0x02] address[0xfec00000] gsi_base[0])
[    0.000000] IOAPIC[0]: apic_id 2, version 33, address 0xfec00000, GSI 0-23
[    0.000000] ACPI: INT_SRC_OVR (bus 0 bus_irq 0 global_irq 2 dfl dfl)
[    0.000000] ACPI: IRQ0 used by override.
[    0.000000] ACPI: IRQ2 used by override.
[    0.000000] ACPI: IRQ9 used by override.
[    0.000000] Using ACPI (MADT) for SMP configuration information
[    0.000000] ACPI: HPET id: 0x43538210 base: 0xfed00000
[    0.000000] smpboot: Allowing 4 CPUs, 0 hotplug CPUs
[    0.000000] nr_irqs_gsi: 40
[    0.000000] e820: [mem 0xb0000000-0xfebfffff] available for PCI devices
[    0.000000] setup_percpu: NR_CPUS:128 nr_cpumask_bits:128 nr_cpu_ids:4 nr_node_ids:1
[    0.000000] PERCPU: Embedded 27 pages/cpu @ffff88042dc00000 s80896 r8192 d21504 u524288
[    0.000000] pcpu-alloc: s80896 r8192 d21504 u524288 alloc=1*2097152
[    0.000000] pcpu-alloc: [0] 0 1 2 3 
[    0.000000] Built 1 zonelists in Zone order, mobility grouping on.  Total pages: 3993197
[    0.000000] Policy zone: Normal
[    0.000000] Kernel command line: BOOT_IMAGE=/vmlinuz-312-x86_64 root=UUID=bfa4ab6e-19a3-4601-ba2b-267c55841c73 rw cryptdevice=/dev/disk/by-uuid/70c08890-417a-497d-b6ab-c0d0357a63e2:cryptManjaro:allow-discards ipv6.disable=1 pnp.debug=1 loglevel=9 log_buf_len=10M printk.always_kmsg_dump=y printk.time=y mminit_loglevel=0 memory_corruption_check=1 fbcon=scrollback:4096k fbcon=font:ProFont6x11 acpi.debug_layer=0xfbff0000 acpi.debug_level=0xFFFFFFFD pnp.debug=1 radeon.dpm=1 radeonfb radeon.audio=0
[    0.000000] PID hash table entries: 4096 (order: 3, 32768 bytes)
[    0.000000] Checking aperture...
[    0.000000] No AGP bridge found
[    0.000000] Memory: 15868864K/16226416K available (6307K kernel code, 720K rwdata, 2776K rodata, 864K init, 2728K bss, 357552K reserved)
[    0.000000] SLUB: HWalign=64, Order=0-3, MinObjects=0, CPUs=4, Nodes=1
[    0.000000] Preemptible hierarchical RCU implementation.
[    0.000000] 	RCU dyntick-idle grace-period acceleration is enabled.
[    0.000000] 	Additional per-CPU info printed with stalls.
[    0.000000] 	RCU restricting CPUs from NR_CPUS=128 to nr_cpu_ids=4.
[    0.000000] NR_IRQS:8448 nr_irqs:712 16
[    0.000000] spurious 8259A interrupt: IRQ7.
[    0.000000] Console: colour dummy device 80x25
[    0.000000] console [tty0] enabled
[    0.000000] allocated 65011712 bytes of page_cgroup
[    0.000000] please try 'cgroup_disable=memory' option if you don't want memory cgroups
[    0.000000] hpet clockevent registered
[    0.000000] tsc: Fast TSC calibration using PIT
[    0.001000] tsc: Detected 1397.449 MHz processor
[    0.000003] Calibrating delay loop (skipped), value calculated using timer frequency.. 2794.89 BogoMIPS (lpj=1397449)
[    0.000009] pid_max: default: 32768 minimum: 301
[    0.000035] Security Framework initialized
[    0.001015] Dentry cache hash table entries: 2097152 (order: 12, 16777216 bytes)
[    0.005611] Inode-cache hash table entries: 1048576 (order: 11, 8388608 bytes)
[    0.007843] Mount-cache hash table entries: 256
[    0.008054] Initializing cgroup subsys memory
[    0.008068] Initializing cgroup subsys devices
[    0.008071] Initializing cgroup subsys freezer
[    0.008075] Initializing cgroup subsys blkio
[    0.008098] tseg: 00afe00000
[    0.008102] CPU: Physical Processor ID: 0
[    0.008104] CPU: Processor Core ID: 0
[    0.008107] mce: CPU supports 6 MCE banks
[    0.008118] Last level iTLB entries: 4KB 512, 2MB 16, 4MB 8
Last level dTLB entries: 4KB 1024, 2MB 128, 4MB 64
tlb_flushall_shift: 5
[    0.008249] Freeing SMP alternatives memory: 20K (ffffffff81d8e000 - ffffffff81d93000)
[    0.008254] ACPI: Core revision 20130725
[    0.015792] ACPI: All ACPI Tables successfully acquired
[    0.017755] ..TIMER: vector=0x30 apic1=0 pin1=2 apic2=-1 pin2=-1
[    0.027764] smpboot: CPU0: AMD A6-3400M APU with Radeon(tm) HD Graphics (fam: 12, model: 01, stepping: 00)
[    0.128973] Performance Events: AMD PMU driver.
[    0.128981] ... version:                0
[    0.128985] ... bit width:              48
[    0.128989] ... generic registers:      4
[    0.128993] ... value mask:             0000ffffffffffff
[    0.128997] ... max period:             00007fffffffffff
[    0.129000] ... fixed-purpose events:   0
[    0.129004] ... event mask:             000000000000000f
[    0.135137] MCE: In-kernel MCE decoding enabled.
[    0.137127] NMI watchdog: enabled on all CPUs, permanently consumes one hw-PMU counter.
[    0.139107] smpboot: Booting Node   0, Processors  #   1
[    0.152330] TSC synchronization [CPU#0 -> CPU#1]:
[    0.152336] Measured 405038786 cycles TSC warp between CPUs, turning off TSC clock.
[    0.002000] tsc: Marking TSC unstable due to check_tsc_sync_source failed
[    0.051114]  #   2 #   3 OK
[    0.075416] Brought up 4 CPUs
[    0.075425] smpboot: Total of 4 processors activated (11179.59 BogoMIPS)
[    0.077005] devtmpfs: initialized
[    0.077040] device: 'platform': device_add
[    0.077069] bus: 'platform': registered
[    0.077080] bus: 'cpu': registered
[    0.077085] device: 'cpu': device_add
[    0.077362] kworker/u8:0 (36) used greatest stack depth: 5904 bytes left
[    0.077362] bus: 'workqueue': registered
[    0.077362] device: 'workqueue': device_add
[    0.078099] atomic64 test passed for x86-64 platform with CX8 and with SSE
[    0.078105] device class 'regulator': registering
[    0.078123] Registering platform device 'reg-dummy'. Parent at platform
[    0.078123] device: 'reg-dummy': device_add
[    0.078123] bus: 'platform': add device reg-dummy
[    0.078123] bus: 'platform': add driver reg-dummy
[    0.078123] bus: 'platform': driver_probe_device: matched device reg-dummy with driver reg-dummy
[    0.078123] bus: 'platform': really_probe: probing driver reg-dummy with device reg-dummy
[    0.078123] device: 'regulator.0': device_add
[    0.078123] regulator-dummy: no parameters
[    0.078123] driver: 'reg-dummy': driver_bound: bound to device 'reg-dummy'
[    0.078123] bus: 'platform': really_probe: bound device reg-dummy to driver reg-dummy
[    0.078123] NET: Registered protocol family 16
[    0.078231] device class 'bdi': registering
[    0.078245] bus: 'platform': add driver ramoops
[    0.078245] device class 'pci_bus': registering
[    0.078245] bus: 'pci': registered
[    0.078245] device class 'backlight': registering
[    0.078245] device class 'tty': registering
[    0.078245] device class 'vtconsole': registering
[    0.079008] device: 'vtcon0': device_add
[    0.079083] bus: 'node': registered
[    0.079083] device: 'node': device_add
[    0.079083] bus: 'i2c': registered
[    0.079083] bus: 'i2c': add driver dummy
[    0.079083] i2c-core: driver [dummy] registered
[    0.079083] cpuidle: using governor ladder
[    0.079083] cpuidle: using governor menu
[    0.079272] ACPI FADT declares the system doesn't support PCIe ASPM, so disable it
[    0.079279] ACPI: bus type PCI registered
[    0.079284] acpiphp: ACPI Hot Plug PCI Controller Driver version: 0.5
[    0.079289] device class 'dmi': registering
[    0.079304] device: 'id': device_add
[    0.079304] PCI: MMCONFIG for domain 0000 [bus 00-3f] at [mem 0xf8000000-0xfbffffff] (base 0xf8000000)
[    0.079304] PCI: not using MMCONFIG
[    0.079304] PCI: Using configuration type 1 for base access
[    0.079304] PCI: Using configuration type 1 for extended access
[    0.080106] device: 'node0': device_add
[    0.080113] bus: 'node': add device node0
[    0.080130] device: 'cpu0': device_add
[    0.080130] bus: 'cpu': add device cpu0
[    0.080130] device: 'cpu1': device_add
[    0.080130] bus: 'cpu': add device cpu1
[    0.080130] device: 'cpu2': device_add
[    0.080130] bus: 'cpu': add device cpu2
[    0.080130] device: 'cpu3': device_add
[    0.080130] bus: 'cpu': add device cpu3
[    0.080130] mtrr: your CPUs had inconsistent variable MTRR settings
[    0.080130] mtrr: probably your BIOS does not setup all CPUs.
[    0.080130] mtrr: corrected configuration.
[    0.093027] device: 'writeback': device_add
[    0.093036] bus: 'workqueue': add device writeback
[    0.093075] device: 'default': device_add
[    0.093099] bio: create slab <bio-0> at 0
[    0.093099] device class 'block': registering
[    0.093099] device class 'graphics': registering
[    0.093310] ACPI: Added _OSI(Module Device)
[    0.093310] ACPI: Added _OSI(Processor Device)
[    0.093310] ACPI: Added _OSI(3.0 _SCP Extensions)
[    0.093310] ACPI: Added _OSI(Processor Aggregator Device)
[    0.096330] ACPI: EC: Look up EC in DSDT
[    0.096609] 
**** Context Switch from TID 4294967295 to TID 405504000 ****

[    0.096619]    utils-0288 [405504000] [02] evaluate_integer      : Return value [3]
[    0.096634]    utils-0052 [405504000] [02] util_eval_error       : Evaluate [\_SB_.PCI0.LPC0.EC0_._GLK]: AE_NOT_FOUND
[    0.096985] Executing  Method       \_SB_.PCI0.LPC0.EC0_._REG
[    0.097553] Executing  Method       \_SB_.PCI0.LPC0.EC0_._REG
[    0.097579] Executing  Method       \_SB_.PCI0.LPC0.EC0_._REG
[    0.097649] Executing  Method       \_SB_.PCI0.LPC0.EC0_._REG
[    0.100620] Initializing Region       \_SB_.OSTY
[    0.100653] Initializing Region       \_SB_.PCI0.NBMS
[    0.100673] Initializing Region       \_SB_.PCI0.NBXP
[    0.100695] Initializing Region       \_SB_.PCI0.K8ST
[    0.100752] Initializing Region       \_SB_.PCI0.BAR1
[    0.100786] Initializing Region       \_SB_.PCI0.PB2_.XPEX
[    0.100806] Initializing Region       \_SB_.PCI0.PB2_.PCFG
[    0.100825] Initializing Region       \_SB_.PCI0.PB2_.XPCB
[    0.100847] Initializing Region       \_SB_.PCI0.PB2_.XPRI
[    0.100870] Initializing Region       \_SB_.PCI0.PB2_.VGA_.PCFG
[    0.100949] Initializing Region       \_SB_.PCI0.PB2_.HDAU.PCFG
[    0.100983] Initializing Region       \_SB_.PCI0.PB3_.XPEX
[    0.101012] Initializing Region       \_SB_.PCI0.PB3_.PCFG
[    0.101033] Initializing Region       \_SB_.PCI0.PB3_.XPCB
[    0.101055] Initializing Region       \_SB_.PCI0.PB3_.XPRI
[    0.101079] Initializing Region       \_SB_.PCI0.PB3_.VGA_.PCFG
[    0.101169] Initializing Region       \_SB_.PCI0.PB3_.HDAU.PCFG
[    0.101203] Initializing Region       \_SB_.PCI0.PB4_.XPEX
[    0.101223] Initializing Region       \_SB_.PCI0.PB4_.PCFG
[    0.101244] Initializing Region       \_SB_.PCI0.PB4_.XPCB
[    0.101265] Initializing Region       \_SB_.PCI0.PB4_.XPRI
[    0.101289] Initializing Region       \_SB_.PCI0.PB4_.XPDV.PCFG
[    0.101323] Initializing Region       \_SB_.PCI0.PB5_.XPEX
[    0.101343] Initializing Region       \_SB_.PCI0.PB5_.PCFG
[    0.101363] Initializing Region       \_SB_.PCI0.PB5_.XPCB
[    0.101384] Initializing Region       \_SB_.PCI0.PB5_.XPRI
[    0.101408] Initializing Region       \_SB_.PCI0.PB5_.XPDV.PCFG
[    0.101443] Initializing Region       \_SB_.PCI0.PB6_.XPEX
[    0.101462] Initializing Region       \_SB_.PCI0.PB6_.PCFG
[    0.101482] Initializing Region       \_SB_.PCI0.PB6_.XPCB
[    0.101503] Initializing Region       \_SB_.PCI0.PB6_.XPRI
[    0.101527] Initializing Region       \_SB_.PCI0.PB6_.XPDV.PCFG
[    0.101561] Initializing Region       \_SB_.PCI0.PB7_.XPEX
[    0.101581] Initializing Region       \_SB_.PCI0.PB7_.PCFG
[    0.101601] Initializing Region       \_SB_.PCI0.PB7_.XPCB
[    0.101623] Initializing Region       \_SB_.PCI0.PB7_.XPRI
[    0.101647] Initializing Region       \_SB_.PCI0.PB7_.XPDV.PCFG
[    0.101940] Initializing Region       \_SB_.PCI0.SATC
[    0.101960] Initializing Region       \_SB_.PCI0.RMEM
[    0.102018] Initializing Region       \_SB_.PCI0.SATA.SATX
[    0.102042] Initializing Region       \_SB_.PCI0.SATA.BAR5
[    0.106273] Initializing Region       \_SB_.PCI0.SMB_.SBRV
[    0.106308] Initializing Region       \_SB_.PCI0.SMB_.PMIO
[    0.106330] Initializing Region       \_SB_.PCI0.SMB_.ERMM
[    0.106330] Initializing Region       \_SB_.PCI0.SMB_.P1E0
[    0.106330] Initializing Region       \_SB_.PCI0.SMB_.ABIO
[    0.106330] Initializing Region       \_SB_.PCI0.SMB_.SMB0
[    0.106330] Initializing Region       \_SB_.PCI0.LPC0.PIRQ
[    0.106330] Initializing Region       \_SB_.PCI0.LPC0.LPCR
[    0.106411] Initializing Region       \_SB_.PCI0.LPC0.LPCS
[    0.106444] Initializing Region       \_SB_.PCI0.LPC0.SMI0
[    0.106464] Initializing Region       \_SB_.PCI0.LPC0.SMI1
[    0.106492] Initializing Region       \_SB_.PCI0.LPC0.EC0_.ECO1
[    0.106511] Initializing Region       \_SB_.PCI0.LPC0.EC0_.ECO2
[    0.106530] Initializing Region       \_SB_.PCI0.LPC0.EC0_.ECMB
[    0.106549] Initializing Region       \_SB_.PCI0.LPC0.EC0_.RAM_
[    0.106678] Initializing Region       \_SB_.PCI0.LPC0.EC0_.CMOS
[    0.106723] Initializing Region       \_SB_.PCI0.LPC0.EC0_.VPC0.ERAM
[    0.106796] Initializing Region       \_SB_.PCI0.SPB0.PCFG
[    0.106816] Initializing Region       \_SB_.PCI0.SPB0.XPCB
[    0.106839] Initializing Region       \_SB_.PCI0.SPB0.XPDV.PCFG
[    0.106872] Initializing Region       \_SB_.PCI0.SPB1.PCFG
[    0.106891] Initializing Region       \_SB_.PCI0.SPB1.XPCB
[    0.106915] Initializing Region       \_SB_.PCI0.SPB1.XPDV.PCFG
[    0.106946] Initializing Region       \_SB_.PCI0.SPB2.PCFG
[    0.106966] Initializing Region       \_SB_.PCI0.SPB2.XPCB
[    0.106989] Initializing Region       \_SB_.PCI0.SPB2.XPDV.PCFG
[    0.107028] Initializing Region       \_SB_.PCI0.SPB3.PCFG
[    0.107048] Initializing Region       \_SB_.PCI0.SPB3.XPCB
[    0.107072] Initializing Region       \_SB_.PCI0.SPB3.XPDV.PCFG
[    0.107253] Initializing Region       \_SB_.PCI0.VGA_.REVD
[    0.107493] Initializing BufferField  \_SB_.AMW0.WLID
[    0.107940] Initializing Region       \DEB2
[    0.107960] Initializing Region       \PMIO
[    0.107979] Initializing Region       \P01_
[    0.108028] Initializing Region       \CNVS
[    0.108060] Initializing Region       \SPRT
[    0.108094] Initializing Region       \CMIO
[    0.108255] Executing  Method       \_SB_._STA
[    0.108265] Executing  Method       \_SB_._INI
[    0.108273] Executing  Method       \_SB_.PCI0._STA
[    0.108281] Executing  Method       \_SB_.PCI0._INI
[    0.108540] [Firmware Bug]: ACPI: BIOS _OSI(Linux) query ignored
[    0.109004] Executing  Method       \_SB_.PCI0.SATA._STA
[    0.109015] Executing  Method       \_SB_.PCI0.SATA._INI
[    0.109938] Executing  Method       \_SB_.PCI0.LPC0.EC0_._REG
[    0.137031] ACPI: Interpreter enabled
[    0.137055] ACPI: (supports S0 S5)
[    0.137061] ACPI: Using IOAPIC for interrupt routing
[    0.137346] PCI: MMCONFIG for domain 0000 [bus 00-3f] at [mem 0xf8000000-0xfbffffff] (base 0xf8000000)
[    0.138115] PCI: MMCONFIG at [mem 0xf8000000-0xfbffffff] reserved in ACPI motherboard resources
[    0.143063] bus: 'acpi': registered
[    0.143063] PCI: Using host bridge windows from ACPI; if necessary, use "pci=nocrs" and report a bug
[    0.143070]     scan-0964 [405504000] [05] bus_get_device        : No context for object [ffffffffffffffff]
[    0.143095]    utils-0052 [405504000] [05] util_eval_error       : Evaluate [\._STA]: AE_NOT_FOUND
[    0.143124] device: 'LNXSYSTM:00': device_add
[    0.143133] bus: 'acpi': add device LNXSYSTM:00
[    0.143156]    utils-0052 [405504000] [05] util_eval_error       : Evaluate [\._SUN]: AE_NOT_FOUND
[    0.143197]     scan-1711 [405504000] [05] add_single_object     : Added LNXSYSTM:00 [\] parent (null)
[    0.143197]     scan-0964 [405504000] [07] bus_get_device        : No context for object [ffff88041823c000]
[    0.143197]     scan-0964 [405504000] [07] bus_get_device        : No context for object [ffff88041827e7d0]
[    0.143197]     scan-0964 [405504000] [07] bus_get_device        : No context for object [ffff88041827e7f8]
[    0.143197]     scan-0964 [405504000] [07] bus_get_device        : No context for object [ffff88041827e820]
[    0.143197]     scan-0964 [405504000] [07] bus_get_device        : No context for object [ffff88041827e848]
[    0.143197]     scan-0964 [405504000] [07] bus_get_device        : No context for object [ffff88041827e870]
[    0.143197]     scan-0964 [405504000] [07] bus_get_device        : No context for object [ffff88041827e898]
[    0.143197]     scan-0964 [405504000] [07] bus_get_device        : No context for object [ffff88041827e8c0]
[    0.143197]     scan-0964 [405504000] [07] bus_get_device        : No context for object [ffff88041827e8e8]
[    0.143197]     scan-0964 [405504000] [07] bus_get_device        : No context for object [ffff880418280398]
[    0.143197]     scan-0964 [405504000] [07] bus_get_device        : No context for object [ffff88041823c028]
[    0.143197]     scan-0964 [405504000] [07] bus_get_device        : No context for object [ffff88041823c168]
[    0.143197]    utils-0052 [405504000] [07] util_eval_error       : Evaluate [\_PR_.C000._STA]: AE_NOT_FOUND
[    0.143197]     scan-0964 [405504000] [07] bus_get_device        : No context for object [ffff88041823c028]
[    0.143197] device: 'LNXCPU:00': device_add
[    0.143197] bus: 'acpi': add device LNXCPU:00
[    0.143197]    utils-0052 [405504000] [07] util_eval_error       : Evaluate [\_PR_.C000._SUN]: AE_NOT_FOUND
[    0.143204]     scan-1711 [405504000] [07] add_single_object     : Added LNXCPU:00 [\_PR_.C000] parent LNXSYSTM:00
[    0.143204]     scan-0964 [405504000] [07] bus_get_device        : No context for object [ffff880418283398]
[    0.143204]     scan-0964 [405504000] [07] bus_get_device        : No context for object [ffff8804182833c0]
[    0.143204]     scan-0964 [405504000] [07] bus_get_device        : No context for object [ffff8804182833e8]
[    0.143204]     scan-0964 [405504000] [07] bus_get_device        : No context for object [ffff880418283410]
[    0.143204]     scan-0964 [405504000] [07] bus_get_device        : No context for object [ffff880418283438]
[    0.143204]     scan-0964 [405504000] [07] bus_get_device        : No context for object [ffff880418283460]
[    0.143204]     scan-0964 [405504000] [07] bus_get_device        : No context for object [ffff88041823c190]
[    0.143204]    utils-0052 [405504000] [07] util_eval_error       : Evaluate [\_PR_.C001._STA]: AE_NOT_FOUND
[    0.143204]     scan-0964 [405504000] [07] bus_get_device        : No context for object [ffff88041823c028]
[    0.143204] device: 'LNXCPU:01': device_add
[    0.143204] bus: 'acpi': add device LNXCPU:01
[    0.143204]    utils-0052 [405504000] [07] util_eval_error       : Evaluate [\_PR_.C001._SUN]: AE_NOT_FOUND
[    0.144016]     scan-1711 [405504000] [07] add_single_object     : Added LNXCPU:01 [\_PR_.C001] parent LNXSYSTM:00
[    0.144036]     scan-0964 [405504000] [07] bus_get_device        : No context for object [ffff880418283488]
[    0.144047]     scan-0964 [405504000] [07] bus_get_device        : No context for object [ffff8804182834b0]
[    0.144058]     scan-0964 [405504000] [07] bus_get_device        : No context for object [ffff8804182834d8]
[    0.144067]     scan-0964 [405504000] [07] bus_get_device        : No context for object [ffff880418283500]
[    0.144076]     scan-0964 [405504000] [07] bus_get_device        : No context for object [ffff880418283528]
[    0.144086]     scan-0964 [405504000] [07] bus_get_device        : No context for object [ffff880418283550]
[    0.144095]     scan-0964 [405504000] [07] bus_get_device        : No context for object [ffff88041823c1b8]
[    0.144112]    utils-0052 [405504000] [07] util_eval_error       : Evaluate [\_PR_.C002._STA]: AE_NOT_FOUND
[    0.144127]     scan-0964 [405504000] [07] bus_get_device        : No context for object [ffff88041823c028]
[    0.144150] device: 'LNXCPU:02': device_add
[    0.144163] bus: 'acpi': add device LNXCPU:02
[    0.144182]    utils-0052 [405504000] [07] util_eval_error       : Evaluate [\_PR_.C002._SUN]: AE_NOT_FOUND
[    0.144221]     scan-1711 [405504000] [07] add_single_object     : Added LNXCPU:02 [\_PR_.C002] parent LNXSYSTM:00
[    0.144221]     scan-0964 [405504000] [07] bus_get_device        : No context for object [ffff880418283578]
[    0.144221]     scan-0964 [405504000] [07] bus_get_device        : No context for object [ffff8804182835a0]
[    0.144221]     scan-0964 [405504000] [07] bus_get_device        : No context for object [ffff8804182835c8]
[    0.144221]     scan-0964 [405504000] [07] bus_get_device        : No context for object [ffff8804182835f0]
[    0.144221]     scan-0964 [405504000] [07] bus_get_device        : No context for object [ffff880418283618]
[    0.144221]     scan-0964 [405504000] [07] bus_get_device        : No context for object [ffff880418283640]
[    0.144221]     scan-0964 [405504000] [07] bus_get_device        : No context for object [ffff88041823c1e0]
[    0.144221]    utils-0052 [405504000] [07] util_eval_error       : Evaluate [\_PR_.C003._STA]: AE_NOT_FOUND
[    0.144221]     scan-0964 [405504000] [07] bus_get_device        : No context for object [ffff88041823c028]
[    0.144221] device: 'LNXCPU:03': device_add
[    0.144221] bus: 'acpi': add device LNXCPU:03
[    0.144221]    utils-0052 [405504000] [07] util_eval_error       : Evaluate [\_PR_.C003._SUN]: AE_NOT_FOUND
[    0.144221]     scan-1711 [405504000] [07] add_single_object     : Added LNXCPU:03 [\_PR_.C003] parent LNXSYSTM:00
[    0.144221]     scan-0964 [405504000] [07] bus_get_device        : No context for object [ffff880418283668]
[    0.144221]     scan-0964 [405504000] [07] bus_get_device        : No context for object [ffff880418283690]
[    0.144221]     scan-0964 [405504000] [07] bus_get_device        : No context for object [ffff8804182836b8]
[    0.144221]     scan-0964 [405504000] [07] bus_get_device        : No context for object [ffff8804182836e0]
[    0.144221]     scan-0964 [405504000] [07] bus_get_device        : No context for object [ffff880418283708]
[    0.144221]     scan-0964 [405504000] [07] bus_get_device        : No context for object [ffff880418283730]
[    0.144221]     scan-0964 [405504000] [07] bus_get_device        : No context for object [ffff88041823c050]
[    0.144221]    utils-0052 [405504000] [07] util_eval_error       : Evaluate [\_SB_._STA]: AE_NOT_FOUND
[    0.144221] device: 'device:00': device_add
[    0.144221] bus: 'acpi': add device device:00
[    0.144221]    utils-0052 [405504000] [07] util_eval_error       : Evaluate [\_SB_._SUN]: AE_NOT_FOUND
[    0.144221]     scan-1711 [405504000] [07] add_single_object     : Added device:00 [\_SB_] parent LNXSYSTM:00
[    0.144221]     scan-0964 [405504000] [07] bus_get_device        : No context for object [ffff88041823c3c0]
[    0.144221]     scan-0964 [405504000] [07] bus_get_device        : No context for object [ffff88041823c3e8]
[    0.144221]     scan-0964 [405504000] [07] bus_get_device        : No context for object [ffff88041823c410]
[    0.144221]     scan-0964 [405504000] [07] bus_get_device        : No context for object [ffff88041823c438]
[    0.144221]     scan-0964 [405504000] [07] bus_get_device        : No context for object [ffff88041823c460]
[    0.144221]     scan-0964 [405504000] [07] bus_get_device        : No context for object [ffff88041823c488]
[    0.144221]     scan-0964 [405504000] [07] bus_get_device        : No context for object [ffff88041823c4b0]
[    0.144221]     scan-0964 [405504000] [07] bus_get_device        : No context for object [ffff88041823c5a0]
[    0.144221]    utils-0052 [405504000] [07] util_eval_error       : Evaluate [\_SB_.PWRB._STA]: AE_NOT_FOUND
[    0.144221] device: 'PNP0C0C:00': device_add
[    0.144221] bus: 'acpi': add device PNP0C0C:00
[    0.144221]    utils-0052 [405504000] [07] util_eval_error       : Evaluate [\_SB_.PWRB._SUN]: AE_NOT_FOUND
[    0.144221]     scan-1711 [405504000] [07] add_single_object     : Added PNP0C0C:00 [\_SB_.PWRB] parent device:00
[    0.144221]     scan-0964 [405504000] [07] bus_get_device        : No context for object [ffff88041823c5c8]
[    0.144221]     scan-0964 [405504000] [07] bus_get_device        : No context for object [ffff88041823c5f0]
[    0.144221]    utils-0052 [405504000] [07] util_eval_error       : Evaluate [\_SB_.PCI0._STA]: AE_NOT_FOUND
[    0.144221] device: 'PNP0A08:00': device_add
[    0.144221] bus: 'acpi': add device PNP0A08:00
[    0.144221]    utils-0052 [405504000] [07] util_eval_error       : Evaluate [\_SB_.PCI0._SUN]: AE_NOT_FOUND
[    0.145014]     scan-1711 [405504000] [07] add_single_object     : Added PNP0A08:00 [\_SB_.PCI0] parent device:00
[    0.145014]     scan-0964 [405504000] [07] bus_get_device        : No context for object [ffff88041823c618]
[    0.145024]     scan-0964 [405504000] [07] bus_get_device        : No context for object [ffff88041823c640]
[    0.145034]     scan-0964 [405504000] [07] bus_get_device        : No context for object [ffff88041823c668]
[    0.145044]     scan-0964 [405504000] [07] bus_get_device        : No context for object [ffff88041823c690]
[    0.145054]     scan-0964 [405504000] [07] bus_get_device        : No context for object [ffff88041823c6b8]
[    0.145064]     scan-0964 [405504000] [07] bus_get_device        : No context for object [ffff88041823c6e0]
[    0.145074]     scan-0964 [405504000] [07] bus_get_device        : No context for object [ffff88041823c708]
[    0.145084]     scan-0964 [405504000] [07] bus_get_device        : No context for object [ffff88041823c730]
[    0.145093]     scan-0964 [405504000] [07] bus_get_device        : No context for object [ffff88041823c758]
[    0.145103]     scan-0964 [405504000] [07] bus_get_device        : No context for object [ffff88041823c780]
[    0.145113]     scan-0964 [405504000] [07] bus_get_device        : No context for object [ffff88041823c7a8]
[    0.145123]     scan-0964 [405504000] [07] bus_get_device        : No context for object [ffff88041823c7d0]
[    0.145133]     scan-0964 [405504000] [07] bus_get_device        : No context for object [ffff88041823c7f8]
[    0.145143]     scan-0964 [405504000] [07] bus_get_device        : No context for object [ffff88041823c820]
[    0.145153]     scan-0964 [405504000] [07] bus_get_device        : No context for object [ffff88041823c848]
[    0.145163]     scan-0964 [405504000] [07] bus_get_device        : No context for object [ffff88041823c870]
[    0.145173]     scan-0964 [405504000] [07] bus_get_device        : No context for object [ffff88041823c898]
[    0.145183]     scan-0964 [405504000] [07] bus_get_device        : No context for object [ffff88041823c8c0]
[    0.145193]     scan-0964 [405504000] [07] bus_get_device        : No context for object [ffff88041823c8e8]
[    0.145203]     scan-0964 [405504000] [07] bus_get_device        : No context for object [ffff88041823c910]
[    0.145213]     scan-0964 [405504000] [07] bus_get_device        : No context for object [ffff88041823c938]
[    0.145223]     scan-0964 [405504000] [07] bus_get_device        : No context for object [ffff88041823c960]
[    0.145223]     scan-0964 [405504000] [07] bus_get_device        : No context for object [ffff88041823c988]
[    0.145223]     scan-0964 [405504000] [07] bus_get_device        : No context for object [ffff88041823c9b0]
[    0.145223]     scan-0964 [405504000] [07] bus_get_device        : No context for object [ffff88041823c9d8]
[    0.145223]     scan-0964 [405504000] [07] bus_get_device        : No context for object [ffff88041823ca00]
[    0.145223]     scan-0964 [405504000] [07] bus_get_device        : No context for object [ffff88041823ca28]
[    0.145223]     scan-0964 [405504000] [07] bus_get_device        : No context for object [ffff88041823ca50]
[    0.145223]     scan-0964 [405504000] [07] bus_get_device        : No context for object [ffff88041823ca78]
[    0.145223]     scan-0964 [405504000] [07] bus_get_device        : No context for object [ffff88041823caa0]
[    0.145223]     scan-0964 [405504000] [07] bus_get_device        : No context for object [ffff88041823cac8]
[    0.145223]     scan-0964 [405504000] [07] bus_get_device        : No context for object [ffff88041823caf0]
[    0.145223]     scan-0964 [405504000] [07] bus_get_device        : No context for object [ffff88041823cb18]
[    0.145223]     scan-0964 [405504000] [07] bus_get_device        : No context for object [ffff88041823cb40]
[    0.145223]     scan-0964 [405504000] [07] bus_get_device        : No context for object [ffff88041823cb68]
[    0.145223]     scan-0964 [405504000] [07] bus_get_device        : No context for object [ffff88041823cb90]
[    0.145223]     scan-0964 [405504000] [07] bus_get_device        : No context for object [ffff88041823cbb8]
[    0.145223]     scan-0964 [405504000] [07] bus_get_device        : No context for object [ffff88041823cbe0]
[    0.145223]     scan-0964 [405504000] [07] bus_get_device        : No context for object [ffff88041823cc08]
[    0.145223]     scan-0964 [405504000] [07] bus_get_device        : No context for object [ffff88041823cc30]
[    0.145223]     scan-0964 [405504000] [07] bus_get_device        : No context for object [ffff88041823cc58]
[    0.145223]     scan-0964 [405504000] [07] bus_get_device        : No context for object [ffff88041823cc80]
[    0.145223]     scan-0964 [405504000] [07] bus_get_device        : No context for object [ffff88041823cca8]
[    0.145223]     scan-0964 [405504000] [07] bus_get_device        : No context for object [ffff88041823ccd0]
[    0.145223]     scan-0964 [405504000] [07] bus_get_device        : No context for object [ffff88041823ccf8]
[    0.145232]     scan-0964 [405504000] [07] bus_get_device        : No context for object [ffff88041823cd20]
[    0.145242]     scan-0964 [405504000] [07] bus_get_device        : No context for object [ffff88041823cd48]
[    0.145252]     scan-0964 [405504000] [07] bus_get_device        : No context for object [ffff88041823cd70]
[    0.145262]     scan-0964 [405504000] [07] bus_get_device        : No context for object [ffff88041823cd98]
[    0.145271]     scan-0964 [405504000] [07] bus_get_device        : No context for object [ffff88041823cdc0]
[    0.145281]     scan-0964 [405504000] [07] bus_get_device        : No context for object [ffff88041823cde8]
[    0.145291]     scan-0964 [405504000] [07] bus_get_device        : No context for object [ffff88041823ce10]
[    0.145301]     scan-0964 [405504000] [07] bus_get_device        : No context for object [ffff88041823ce38]
[    0.145311]     scan-0964 [405504000] [07] bus_get_device        : No context for object [ffff88041823ce60]
[    0.145321]     scan-0964 [405504000] [07] bus_get_device        : No context for object [ffff88041823ce88]
[    0.145330]     scan-0964 [405504000] [07] bus_get_device        : No context for object [ffff88041823ceb0]
[    0.145341]     scan-0964 [405504000] [07] bus_get_device        : No context for object [ffff88041823ced8]
[    0.145351]     scan-0964 [405504000] [07] bus_get_device        : No context for object [ffff88041823cf00]
[    0.145360]     scan-0964 [405504000] [07] bus_get_device        : No context for object [ffff88041823cf28]
[    0.145371]     scan-0964 [405504000] [07] bus_get_device        : No context for object [ffff88041823cf50]
[    0.145381]     scan-0964 [405504000] [07] bus_get_device        : No context for object [ffff88041823cf78]
[    0.145390]     scan-0964 [405504000] [07] bus_get_device        : No context for object [ffff88041823cfa0]
[    0.145400]     scan-0964 [405504000] [07] bus_get_device        : No context for object [ffff88041823cfc8]
[    0.145411]     scan-0964 [405504000] [07] bus_get_device        : No context for object [ffff880418241000]
[    0.145421]     scan-0964 [405504000] [07] bus_get_device        : No context for object [ffff880418241028]
[    0.145432]    utils-0052 [405504000] [07] util_eval_error       : Evaluate [\_SB_.PCI0.MEMR._STA]: AE_NOT_FOUND
[    0.145491] device: 'PNP0C02:00': device_add
[    0.145498] bus: 'acpi': add device PNP0C02:00
[    0.145511]    utils-0052 [405504000] [07] util_eval_error       : Evaluate [\_SB_.PCI0.MEMR._SUN]: AE_NOT_FOUND
[    0.145531]     scan-1711 [405504000] [07] add_single_object     : Added PNP0C02:00 [\_SB_.PCI0.MEMR] parent PNP0A08:00
[    0.145531]     scan-0964 [405504000] [07] bus_get_device        : No context for object [ffff880418241050]
[    0.145531]     scan-0964 [405504000] [07] bus_get_device        : No context for object [ffff880418241078]
[    0.145531]     scan-0964 [405504000] [07] bus_get_device        : No context for object [ffff8804182410a0]
[    0.145531]     scan-0964 [405504000] [07] bus_get_device        : No context for object [ffff8804182410c8]
[    0.145531]     scan-0964 [405504000] [07] bus_get_device        : No context for object [ffff8804182410f0]
[    0.145531]     scan-0964 [405504000] [07] bus_get_device        : No context for object [ffff880418241118]
[    0.145531]     scan-0964 [405504000] [07] bus_get_device        : No context for object [ffff880418241140]
[    0.145531]     scan-0964 [405504000] [07] bus_get_device        : No context for object [ffff880418241168]
[    0.145531]     scan-0964 [405504000] [07] bus_get_device        : No context for object [ffff880418241190]
[    0.145531]     scan-0964 [405504000] [07] bus_get_device        : No context for object [ffff8804182411b8]
[    0.145531]     scan-0964 [405504000] [07] bus_get_device        : No context for object [ffff8804182411e0]
[    0.145531]     scan-0964 [405504000] [07] bus_get_device        : No context for object [ffff880418241208]
[    0.145531]     scan-0964 [405504000] [07] bus_get_device        : No context for object [ffff880418241230]
[    0.145531]     scan-0964 [405504000] [07] bus_get_device        : No context for object [ffff880418241258]
[    0.145531]     scan-0964 [405504000] [07] bus_get_device        : No context for object [ffff880418241280]
[    0.145531]     scan-0964 [405504000] [07] bus_get_device        : No context for object [ffff8804182412a8]
[    0.145531]    utils-0052 [405504000] [07] util_eval_error       : Evaluate [\_SB_.PCI0.PB2_._STA]: AE_NOT_FOUND
[    0.145531] device: 'device:01': device_add
[    0.145531] bus: 'acpi': add device device:01
[    0.145531]    utils-0052 [405504000] [07] util_eval_error       : Evaluate [\_SB_.PCI0.PB2_._SUN]: AE_NOT_FOUND
[    0.146015]     scan-1711 [405504000] [07] add_single_object     : Added device:01 [\_SB_.PCI0.PB2_] parent PNP0A08:00
[    0.146015]     scan-0964 [405504000] [07] bus_get_device        : No context for object [ffff8804182412d0]
[    0.146025]     scan-0964 [405504000] [07] bus_get_device        : No context for object [ffff8804182412f8]
[    0.146036]     scan-0964 [405504000] [07] bus_get_device        : No context for object [ffff880418241320]
[    0.146046]     scan-0964 [405504000] [07] bus_get_device        : No context for object [ffff880418241348]
[    0.146046]     scan-0964 [405504000] [07] bus_get_device        : No context for object [ffff880418241370]
[    0.146046]     scan-0964 [405504000] [07] bus_get_device        : No context for object [ffff880418241398]
[    0.146046]     scan-0964 [405504000] [07] bus_get_device        : No context for object [ffff8804182413c0]
[    0.146046]     scan-0964 [405504000] [07] bus_get_device        : No context for object [ffff8804182413e8]
[    0.146046]     scan-0964 [405504000] [07] bus_get_device        : No context for object [ffff880418241410]
[    0.146054]     scan-0964 [405504000] [07] bus_get_device        : No context for object [ffff880418241438]
[    0.146064]     scan-0964 [405504000] [07] bus_get_device        : No context for object [ffff880418241460]
[    0.146074]     scan-0964 [405504000] [07] bus_get_device        : No context for object [ffff880418241488]
[    0.146084]     scan-0964 [405504000] [07] bus_get_device        : No context for object [ffff8804182414b0]
[    0.146094]     scan-0964 [405504000] [07] bus_get_device        : No context for object [ffff8804182414d8]
[    0.146104]     scan-0964 [405504000] [07] bus_get_device        : No context for object [ffff880418241500]
[    0.146114]     scan-0964 [405504000] [07] bus_get_device        : No context for object [ffff880418241528]
[    0.146124]     scan-0964 [405504000] [07] bus_get_device        : No context for object [ffff880418241550]
[    0.146134]     scan-0964 [405504000] [07] bus_get_device        : No context for object [ffff880418241578]
[    0.146144]     scan-0964 [405504000] [07] bus_get_device        : No context for object [ffff8804182415a0]
[    0.146154]     scan-0964 [405504000] [07] bus_get_device        : No context for object [ffff8804182415c8]
[    0.146164]     scan-0964 [405504000] [07] bus_get_device        : No context for object [ffff8804182415f0]
[    0.146175]     scan-0964 [405504000] [07] bus_get_device        : No context for object [ffff880418241618]
[    0.146185]     scan-0964 [405504000] [07] bus_get_device        : No context for object [ffff880418241640]
[    0.146195]     scan-0964 [405504000] [07] bus_get_device        : No context for object [ffff880418241668]
[    0.146205]     scan-0964 [405504000] [07] bus_get_device        : No context for object [ffff880418241690]
[    0.146215]     scan-0964 [405504000] [07] bus_get_device        : No context for object [ffff8804182416b8]
[    0.146225]     scan-0964 [405504000] [07] bus_get_device        : No context for object [ffff8804182416e0]
[    0.146235]     scan-0964 [405504000] [07] bus_get_device        : No context for object [ffff880418241708]
[    0.146245]     scan-0964 [405504000] [07] bus_get_device        : No context for object [ffff880418241730]
[    0.146255]     scan-0964 [405504000] [07] bus_get_device        : No context for object [ffff880418241758]
[    0.146265]     scan-0964 [405504000] [07] bus_get_device        : No context for object [ffff880418241780]
[    0.146277]    utils-0052 [405504000] [07] util_eval_error       : Evaluate [\_SB_.PCI0.PB2_.VGA_._STA]: AE_NOT_FOUND
[    0.146337] device: 'device:02': device_add
[    0.146343] bus: 'acpi': add device device:02
[    0.146360]    utils-0052 [405504000] [07] util_eval_error       : Evaluate [\_SB_.PCI0.PB2_.VGA_._SUN]: AE_NOT_FOUND
[    0.146380]     scan-1711 [405504000] [07] add_single_object     : Added device:02 [\_SB_.PCI0.PB2_.VGA_] parent device:01
[    0.146380]     scan-0964 [405504000] [07] bus_get_device        : No context for object [ffff8804182417a8]
[    0.146380]     scan-0964 [405504000] [07] bus_get_device        : No context for object [ffff8804182417d0]
[    0.146380]     scan-0964 [405504000] [07] bus_get_device        : No context for object [ffff8804182417f8]
[    0.146380]     scan-0964 [405504000] [07] bus_get_device        : No context for object [ffff880418241820]
[    0.146380]     scan-0964 [405504000] [07] bus_get_device        : No context for object [ffff880418241848]
[    0.146380]     scan-0964 [405504000] [07] bus_get_device        : No context for object [ffff880418241870]
[    0.146380]     scan-0964 [405504000] [07] bus_get_device        : No context for object [ffff880418241898]
[    0.146380]     scan-0964 [405504000] [07] bus_get_device        : No context for object [ffff8804182418c0]
[    0.146380]     scan-0964 [405504000] [07] bus_get_device        : No context for object [ffff8804182418e8]
[    0.146380]     scan-0964 [405504000] [07] bus_get_device        : No context for object [ffff880418241910]
[    0.146380]     scan-0964 [405504000] [07] bus_get_device        : No context for object [ffff880418241938]
[    0.146380]     scan-0964 [405504000] [07] bus_get_device        : No context for object [ffff880418241960]
[    0.146380]     scan-0964 [405504000] [07] bus_get_device        : No context for object [ffff880418241988]
[    0.146380]     scan-0964 [405504000] [07] bus_get_device        : No context for object [ffff8804182419b0]
[    0.146380]     scan-0964 [405504000] [07] bus_get_device        : No context for object [ffff8804182419d8]
[    0.146380]     scan-0964 [405504000] [07] bus_get_device        : No context for object [ffff880418241a00]
[    0.146380]     scan-0964 [405504000] [07] bus_get_device        : No context for object [ffff880418241a28]
[    0.146380]     scan-0964 [405504000] [07] bus_get_device        : No context for object [ffff880418241a50]
[    0.146380]     scan-0964 [405504000] [07] bus_get_device        : No context for object [ffff880418241a78]
[    0.146380]     scan-0964 [405504000] [07] bus_get_device        : No context for object [ffff880418241aa0]
[    0.146380]     scan-0964 [405504000] [07] bus_get_device        : No context for object [ffff880418241ac8]
[    0.146380]     scan-0964 [405504000] [07] bus_get_device        : No context for object [ffff880418241af0]
[    0.146380]     scan-0964 [405504000] [07] bus_get_device        : No context for object [ffff880418241b18]
[    0.146380]     scan-0964 [405504000] [07] bus_get_device        : No context for object [ffff880418241b40]
[    0.146380]     scan-0964 [405504000] [07] bus_get_device        : No context for object [ffff880418241b68]
[    0.146380]     scan-0964 [405504000] [07] bus_get_device        : No context for object [ffff880418241b90]
[    0.146380]     scan-0964 [405504000] [07] bus_get_device        : No context for object [ffff880418241bb8]
[    0.146380]     scan-0964 [405504000] [07] bus_get_device        : No context for object [ffff880418241be0]
[    0.146380]     scan-0964 [405504000] [07] bus_get_device        : No context for object [ffff880418241c08]
[    0.146380]     scan-0964 [405504000] [07] bus_get_device        : No context for object [ffff880418241c30]
[    0.146380]     scan-0964 [405504000] [07] bus_get_device        : No context for object [ffff880418241c58]
[    0.146380]     scan-0964 [405504000] [07] bus_get_device        : No context for object [ffff880418241c80]
[    0.146380]     scan-0964 [405504000] [07] bus_get_device        : No context for object [ffff880418241ca8]
[    0.146380]     scan-0964 [405504000] [07] bus_get_device        : No context for object [ffff880418241cd0]
[    0.146380]     scan-0964 [405504000] [07] bus_get_device        : No context for object [ffff880418241cf8]
[    0.146380]     scan-0964 [405504000] [07] bus_get_device        : No context for object [ffff880418241d20]
[    0.146385]     scan-0964 [405504000] [07] bus_get_device        : No context for object [ffff880418241d48]
[    0.146395]     scan-0964 [405504000] [07] bus_get_device        : No context for object [ffff880418241d70]
[    0.146405]     scan-0964 [405504000] [07] bus_get_device        : No context for object [ffff880418241d98]
[    0.146414]     scan-0964 [405504000] [07] bus_get_device        : No context for object [ffff88041827e438]
[    0.146424]     scan-0964 [405504000] [07] bus_get_device        : No context for object [ffff880418241dc0]
[    0.146441]    utils-0052 [405504000] [07] util_eval_error       : Evaluate [\_SB_.PCI0.PB2_.HDAU._STA]: AE_NOT_FOUND
[    0.146508] device: 'device:03': device_add
[    0.146520] bus: 'acpi': add device device:03
[    0.146539]    utils-0052 [405504000] [07] util_eval_error       : Evaluate [\_SB_.PCI0.PB2_.HDAU._SUN]: AE_NOT_FOUND
[    0.147032]     scan-1711 [405504000] [07] add_single_object     : Added device:03 [\_SB_.PCI0.PB2_.HDAU] parent device:01
[    0.147032]     scan-0964 [405504000] [07] bus_get_device        : No context for object [ffff880418241de8]
[    0.147032]     scan-0964 [405504000] [07] bus_get_device        : No context for object [ffff880418241e10]
[    0.147036]     scan-0964 [405504000] [07] bus_get_device        : No context for object [ffff880418241e38]
[    0.147047]     scan-0964 [405504000] [07] bus_get_device        : No context for object [ffff880418241e60]
[    0.147057]     scan-0964 [405504000] [07] bus_get_device        : No context for object [ffff880418241e88]
[    0.147067]     scan-0964 [405504000] [07] bus_get_device        : No context for object [ffff880418241eb0]
[    0.147078]     scan-0964 [405504000] [07] bus_get_device        : No context for object [ffff880418241ed8]
[    0.147090]    utils-0052 [405504000] [07] util_eval_error       : Evaluate [\_SB_.PCI0.PB3_._STA]: AE_NOT_FOUND
[    0.147212] device: 'device:04': device_add
[    0.147219] bus: 'acpi': add device device:04
[    0.147233]    utils-0052 [405504000] [07] util_eval_error       : Evaluate [\_SB_.PCI0.PB3_._SUN]: AE_NOT_FOUND
[    0.147253]     scan-1711 [405504000] [07] add_single_object     : Added device:04 [\_SB_.PCI0.PB3_] parent PNP0A08:00
[    0.147253]     scan-0964 [405504000] [07] bus_get_device        : No context for object [ffff880418241f00]
[    0.147253]     scan-0964 [405504000] [07] bus_get_device        : No context for object [ffff880418241f28]
[    0.147253]     scan-0964 [405504000] [07] bus_get_device        : No context for object [ffff880418241f50]
[    0.147253]     scan-0964 [405504000] [07] bus_get_device        : No context for object [ffff880418241f78]
[    0.147253]     scan-0964 [405504000] [07] bus_get_device        : No context for object [ffff880418241fa0]
[    0.147253]     scan-0964 [405504000] [07] bus_get_device        : No context for object [ffff880418241fc8]
[    0.147253]     scan-0964 [405504000] [07] bus_get_device        : No context for object [ffff880418242000]
[    0.147253]     scan-0964 [405504000] [07] bus_get_device        : No context for object [ffff880418242028]
[    0.147253]     scan-0964 [405504000] [07] bus_get_device        : No context for object [ffff880418242050]
[    0.147253]     scan-0964 [405504000] [07] bus_get_device        : No context for object [ffff880418242078]
[    0.147253]     scan-0964 [405504000] [07] bus_get_device        : No context for object [ffff8804182420a0]
[    0.147253]     scan-0964 [405504000] [07] bus_get_device        : No context for object [ffff8804182420c8]
[    0.147253]     scan-0964 [405504000] [07] bus_get_device        : No context for object [ffff8804182420f0]
[    0.147253]     scan-0964 [405504000] [07] bus_get_device        : No context for object [ffff880418242118]
[    0.147253]     scan-0964 [405504000] [07] bus_get_device        : No context for object [ffff880418242140]
[    0.147253]     scan-0964 [405504000] [07] bus_get_device        : No context for object [ffff880418242168]
[    0.147253]     scan-0964 [405504000] [07] bus_get_device        : No context for object [ffff880418242190]
[    0.147253]     scan-0964 [405504000] [07] bus_get_device        : No context for object [ffff8804182421b8]
[    0.147253]     scan-0964 [405504000] [07] bus_get_device        : No context for object [ffff8804182421e0]
[    0.147253]     scan-0964 [405504000] [07] bus_get_device        : No context for object [ffff880418242208]
[    0.147253]     scan-0964 [405504000] [07] bus_get_device        : No context for object [ffff880418242230]
[    0.147253]     scan-0964 [405504000] [07] bus_get_device        : No context for object [ffff880418242258]
[    0.147253]     scan-0964 [405504000] [07] bus_get_device        : No context for object [ffff880418242280]
[    0.147254]     scan-0964 [405504000] [07] bus_get_device        : No context for object [ffff8804182422a8]
[    0.147263]     scan-0964 [405504000] [07] bus_get_device        : No context for object [ffff8804182422d0]
[    0.147273]     scan-0964 [405504000] [07] bus_get_device        : No context for object [ffff8804182422f8]
[    0.147282]     scan-0964 [405504000] [07] bus_get_device        : No context for object [ffff880418242320]
[    0.147292]     scan-0964 [405504000] [07] bus_get_device        : No context for object [ffff880418242348]
[    0.147301]     scan-0964 [405504000] [07] bus_get_device        : No context for object [ffff880418242370]
[    0.147311]     scan-0964 [405504000] [07] bus_get_device        : No context for object [ffff880418242398]
[    0.147320]     scan-0964 [405504000] [07] bus_get_device        : No context for object [ffff8804182423c0]
[    0.147337]    utils-0052 [405504000] [07] util_eval_error       : Evaluate [\_SB_.PCI0.PB3_.VGA_._STA]: AE_NOT_FOUND
[    0.147411] device: 'device:05': device_add
[    0.147424] bus: 'acpi': add device device:05
[    0.147459]    utils-0052 [405504000] [07] util_eval_error       : Evaluate [\_SB_.PCI0.PB3_.VGA_._SUN]: AE_NOT_FOUND
[    0.148014]     scan-1711 [405504000] [07] add_single_object     : Added device:05 [\_SB_.PCI0.PB3_.VGA_] parent device:04
[    0.148015]     scan-0964 [405504000] [07] bus_get_device        : No context for object [ffff8804182423e8]
[    0.148025]     scan-0964 [405504000] [07] bus_get_device        : No context for object [ffff880418242410]
[    0.148035]     scan-0964 [405504000] [07] bus_get_device        : No context for object [ffff880418242438]
[    0.148044]     scan-0964 [405504000] [07] bus_get_device        : No context for object [ffff880418242460]
[    0.148054]     scan-0964 [405504000] [07] bus_get_device        : No context for object [ffff880418242488]
[    0.148064]     scan-0964 [405504000] [07] bus_get_device        : No context for object [ffff8804182424b0]
[    0.148074]     scan-0964 [405504000] [07] bus_get_device        : No context for object [ffff8804182424d8]
[    0.148084]     scan-0964 [405504000] [07] bus_get_device        : No context for object [ffff880418242500]
[    0.148094]     scan-0964 [405504000] [07] bus_get_device        : No context for object [ffff880418242528]
[    0.148104]     scan-0964 [405504000] [07] bus_get_device        : No context for object [ffff880418242550]
[    0.148114]     scan-0964 [405504000] [07] bus_get_device        : No context for object [ffff880418242578]
[    0.148124]     scan-0964 [405504000] [07] bus_get_device        : No context for object [ffff8804182425a0]
[    0.148133]     scan-0964 [405504000] [07] bus_get_device        : No context for object [ffff8804182425c8]
[    0.148143]     scan-0964 [405504000] [07] bus_get_device        : No context for object [ffff8804182425f0]
[    0.148153]     scan-0964 [405504000] [07] bus_get_device        : No context for object [ffff880418242618]
[    0.148163]     scan-0964 [405504000] [07] bus_get_device        : No context for object [ffff880418242640]
[    0.148163]     scan-0964 [405504000] [07] bus_get_device        : No context for object [ffff880418242668]
[    0.148163]     scan-0964 [405504000] [07] bus_get_device        : No context for object [ffff880418242690]
[    0.148163]     scan-0964 [405504000] [07] bus_get_device        : No context for object [ffff8804182426b8]
[    0.148163]     scan-0964 [405504000] [07] bus_get_device        : No context for object [ffff8804182426e0]
[    0.148163]     scan-0964 [405504000] [07] bus_get_device        : No context for object [ffff880418242708]
[    0.148163]     scan-0964 [405504000] [07] bus_get_device        : No context for object [ffff880418242730]
[    0.148163]     scan-0964 [405504000] [07] bus_get_device        : No context for object [ffff880418242758]
[    0.148163]     scan-0964 [405504000] [07] bus_get_device        : No context for object [ffff880418242780]
[    0.148163]     scan-0964 [405504000] [07] bus_get_device        : No context for object [ffff8804182427a8]
[    0.148163]     scan-0964 [405504000] [07] bus_get_device        : No context for object [ffff8804182427d0]
[    0.148163]     scan-0964 [405504000] [07] bus_get_device        : No context for object [ffff8804182427f8]
[    0.148163]     scan-0964 [405504000] [07] bus_get_device        : No context for object [ffff880418242820]
[    0.148163]     scan-0964 [405504000] [07] bus_get_device        : No context for object [ffff880418242848]
[    0.148163]     scan-0964 [405504000] [07] bus_get_device        : No context for object [ffff880418242870]
[    0.148163]     scan-0964 [405504000] [07] bus_get_device        : No context for object [ffff880418242898]
[    0.148163]     scan-0964 [405504000] [07] bus_get_device        : No context for object [ffff8804182428c0]
[    0.148167]     scan-0964 [405504000] [07] bus_get_device        : No context for object [ffff8804182428e8]
[    0.148177]     scan-0964 [405504000] [07] bus_get_device        : No context for object [ffff880418242910]
[    0.148187]     scan-0964 [405504000] [07] bus_get_device        : No context for object [ffff880418242938]
[    0.148197]     scan-0964 [405504000] [07] bus_get_device        : No context for object [ffff880418242960]
[    0.148206]     scan-0964 [405504000] [07] bus_get_device        : No context for object [ffff880418242988]
[    0.148216]     scan-0964 [405504000] [07] bus_get_device        : No context for object [ffff8804182429b0]
[    0.148226]     scan-0964 [405504000] [07] bus_get_device        : No context for object [ffff8804182429d8]
[    0.148236]     scan-0964 [405504000] [07] bus_get_device        : No context for object [ffff88041827e460]
[    0.148246]     scan-0964 [405504000] [07] bus_get_device        : No context for object [ffff880418281c08]
[    0.148256]     scan-0964 [405504000] [07] bus_get_device        : No context for object [ffff880418281c30]
[    0.148266]     scan-0964 [405504000] [07] bus_get_device        : No context for object [ffff880418281c58]
[    0.148277]    utils-0052 [405504000] [07] util_eval_error       : Evaluate [\_SB_.PCI0.PB3_.VGA_.CRT_._STA]: AE_NOT_FOUND
[    0.148367] device: 'device:06': device_add
[    0.148374] bus: 'acpi': add device device:06
[    0.148389]    utils-0052 [405504000] [07] util_eval_error       : Evaluate [\_SB_.PCI0.PB3_.VGA_.CRT_._SUN]: AE_NOT_FOUND
[    0.148410]     scan-1711 [405504000] [07] add_single_object     : Added device:06 [\_SB_.PCI0.PB3_.VGA_.CRT_] parent device:05
[    0.148410]     scan-0964 [405504000] [07] bus_get_device        : No context for object [ffff880418281c80]
[    0.148410]     scan-0964 [405504000] [07] bus_get_device        : No context for object [ffff880418281ca8]
[    0.148410]     scan-0964 [405504000] [07] bus_get_device        : No context for object [ffff880418281cd0]
[    0.148410]     scan-0964 [405504000] [07] bus_get_device        : No context for object [ffff880418281cf8]
[    0.148410]     scan-0964 [405504000] [07] bus_get_device        : No context for object [ffff880418281d20]
[    0.148410]    utils-0052 [405504000] [07] util_eval_error       : Evaluate [\_SB_.PCI0.PB3_.VGA_.LCD_._STA]: AE_NOT_FOUND
[    0.148410] device: 'device:07': device_add
[    0.148410] bus: 'acpi': add device device:07
[    0.148410]    utils-0052 [405504000] [07] util_eval_error       : Evaluate [\_SB_.PCI0.PB3_.VGA_.LCD_._SUN]: AE_NOT_FOUND
[    0.149032]     scan-1711 [405504000] [07] add_single_object     : Added device:07 [\_SB_.PCI0.PB3_.VGA_.LCD_] parent device:05
[    0.149032]     scan-0964 [405504000] [07] bus_get_device        : No context for object [ffff880418281d48]
[    0.149032]     scan-0964 [405504000] [07] bus_get_device        : No context for object [ffff880418281d70]
[    0.149034]     scan-0964 [405504000] [07] bus_get_device        : No context for object [ffff880418281d98]
[    0.149044]     scan-0964 [405504000] [07] bus_get_device        : No context for object [ffff880418281dc0]
[    0.149054]     scan-0964 [405504000] [07] bus_get_device        : No context for object [ffff880418281de8]
[    0.149063]     scan-0964 [405504000] [07] bus_get_device        : No context for object [ffff880418281e10]
[    0.149073]     scan-0964 [405504000] [07] bus_get_device        : No context for object [ffff880418281e38]
[    0.149083]     scan-0964 [405504000] [07] bus_get_device        : No context for object [ffff880418281e60]
[    0.149094]    utils-0052 [405504000] [07] util_eval_error       : Evaluate [\_SB_.PCI0.PB3_.VGA_.TV0_._STA]: AE_NOT_FOUND
[    0.149151] device: 'device:08': device_add
[    0.149158] bus: 'acpi': add device device:08
[    0.149175]    utils-0052 [405504000] [07] util_eval_error       : Evaluate [\_SB_.PCI0.PB3_.VGA_.TV0_._SUN]: AE_NOT_FOUND
[    0.149196]     scan-1711 [405504000] [07] add_single_object     : Added device:08 [\_SB_.PCI0.PB3_.VGA_.TV0_] parent device:05
[    0.149196]     scan-0964 [405504000] [07] bus_get_device        : No context for object [ffff880418281e88]
[    0.149196]     scan-0964 [405504000] [07] bus_get_device        : No context for object [ffff880418281eb0]
[    0.149196]     scan-0964 [405504000] [07] bus_get_device        : No context for object [ffff880418281ed8]
[    0.149196]     scan-0964 [405504000] [07] bus_get_device        : No context for object [ffff880418281f00]
[    0.149196]     scan-0964 [405504000] [07] bus_get_device        : No context for object [ffff880418281f28]
[    0.149196]    utils-0052 [405504000] [07] util_eval_error       : Evaluate [\_SB_.PCI0.PB3_.VGA_.HDMI._STA]: AE_NOT_FOUND
[    0.149196] device: 'device:09': device_add
[    0.149196] bus: 'acpi': add device device:09
[    0.149196]    utils-0052 [405504000] [07] util_eval_error       : Evaluate [\_SB_.PCI0.PB3_.VGA_.HDMI._SUN]: AE_NOT_FOUND
[    0.149196]     scan-1711 [405504000] [07] add_single_object     : Added device:09 [\_SB_.PCI0.PB3_.VGA_.HDMI] parent device:05
[    0.149196]     scan-0964 [405504000] [07] bus_get_device        : No context for object [ffff880418281f50]
[    0.149196]     scan-0964 [405504000] [07] bus_get_device        : No context for object [ffff880418281f78]
[    0.149196]     scan-0964 [405504000] [07] bus_get_device        : No context for object [ffff880418281fa0]
[    0.149196]     scan-0964 [405504000] [07] bus_get_device        : No context for object [ffff880418281fc8]
[    0.149196]     scan-0964 [405504000] [07] bus_get_device        : No context for object [ffff880418242a00]
[    0.149196]    utils-0052 [405504000] [07] util_eval_error       : Evaluate [\_SB_.PCI0.PB3_.HDAU._STA]: AE_NOT_FOUND
[    0.149196] device: 'device:0a': device_add
[    0.149196] bus: 'acpi': add device device:0a
[    0.149196]    utils-0052 [405504000] [07] util_eval_error       : Evaluate [\_SB_.PCI0.PB3_.HDAU._SUN]: AE_NOT_FOUND
[    0.149196]     scan-1711 [405504000] [07] add_single_object     : Added device:0a [\_SB_.PCI0.PB3_.HDAU] parent device:04
[    0.149196]     scan-0964 [405504000] [07] bus_get_device        : No context for object [ffff880418242a28]
[    0.149196]     scan-0964 [405504000] [07] bus_get_device        : No context for object [ffff880418242a50]
[    0.149196]     scan-0964 [405504000] [07] bus_get_device        : No context for object [ffff880418242a78]
[    0.149196]     scan-0964 [405504000] [07] bus_get_device        : No context for object [ffff880418242aa0]
[    0.149196]     scan-0964 [405504000] [07] bus_get_device        : No context for object [ffff880418242ac8]
[    0.149196]     scan-0964 [405504000] [07] bus_get_device        : No context for object [ffff880418242af0]
[    0.149196]     scan-0964 [405504000] [07] bus_get_device        : No context for object [ffff880418242b18]
[    0.149196]    utils-0052 [405504000] [07] util_eval_error       : Evaluate [\_SB_.PCI0.PB4_._STA]: AE_NOT_FOUND
[    0.149209] device: 'device:0b': device_add
[    0.149216] bus: 'acpi': add device device:0b
[    0.149234]    utils-0052 [405504000] [07] util_eval_error       : Evaluate [\_SB_.PCI0.PB4_._SUN]: AE_NOT_FOUND
[    0.150016]     scan-1711 [405504000] [07] add_single_object     : Added device:0b [\_SB_.PCI0.PB4_] parent PNP0A08:00
[    0.150034]     scan-0964 [405504000] [07] bus_get_device        : No context for object [ffff880418242b40]
[    0.150046]     scan-0964 [405504000] [07] bus_get_device        : No context for object [ffff880418242b68]
[    0.150055]     scan-0964 [405504000] [07] bus_get_device        : No context for object [ffff880418242b90]
[    0.150065]     scan-0964 [405504000] [07] bus_get_device        : No context for object [ffff880418242bb8]
[    0.150075]     scan-0964 [405504000] [07] bus_get_device        : No context for object [ffff880418242be0]
[    0.150085]     scan-0964 [405504000] [07] bus_get_device        : No context for object [ffff880418242c08]
[    0.150095]     scan-0964 [405504000] [07] bus_get_device        : No context for object [ffff880418242c30]
[    0.150105]     scan-0964 [405504000] [07] bus_get_device        : No context for object [ffff880418242c58]
[    0.150115]     scan-0964 [405504000] [07] bus_get_device        : No context for object [ffff880418242c80]
[    0.150124]     scan-0964 [405504000] [07] bus_get_device        : No context for object [ffff880418242ca8]
[    0.150134]     scan-0964 [405504000] [07] bus_get_device        : No context for object [ffff880418242cd0]
[    0.150144]     scan-0964 [405504000] [07] bus_get_device        : No context for object [ffff880418242cf8]
[    0.150154]     scan-0964 [405504000] [07] bus_get_device        : No context for object [ffff880418242d20]
[    0.150163]     scan-0964 [405504000] [07] bus_get_device        : No context for object [ffff880418242d48]
[    0.150173]     scan-0964 [405504000] [07] bus_get_device        : No context for object [ffff880418242d70]
[    0.150183]     scan-0964 [405504000] [07] bus_get_device        : No context for object [ffff880418242d98]
[    0.150193]     scan-0964 [405504000] [07] bus_get_device        : No context for object [ffff880418242dc0]
[    0.150203]     scan-0964 [405504000] [07] bus_get_device        : No context for object [ffff880418242de8]
[    0.150213]     scan-0964 [405504000] [07] bus_get_device        : No context for object [ffff880418242e10]
[    0.150222]     scan-0964 [405504000] [07] bus_get_device        : No context for object [ffff880418242e38]
[    0.150232]     scan-0964 [405504000] [07] bus_get_device        : No context for object [ffff880418242e60]
[    0.150241]     scan-0964 [405504000] [07] bus_get_device        : No context for object [ffff880418242e88]
[    0.150251]     scan-0964 [405504000] [07] bus_get_device        : No context for object [ffff880418242eb0]
[    0.150261]     scan-0964 [405504000] [07] bus_get_device        : No context for object [ffff880418242ed8]
[    0.150270]     scan-0964 [405504000] [07] bus_get_device        : No context for object [ffff880418242f00]
[    0.150280]     scan-0964 [405504000] [07] bus_get_device        : No context for object [ffff880418242f28]
[    0.150289]     scan-0964 [405504000] [07] bus_get_device        : No context for object [ffff880418242f50]
[    0.150289]     scan-0964 [405504000] [07] bus_get_device        : No context for object [ffff880418242f78]
[    0.150289]     scan-0964 [405504000] [07] bus_get_device        : No context for object [ffff880418242fa0]
[    0.150289]     scan-0964 [405504000] [07] bus_get_device        : No context for object [ffff880418242fc8]
[    0.150289]     scan-0964 [405504000] [07] bus_get_device        : No context for object [ffff880418244000]
[    0.150289]    utils-0052 [405504000] [07] util_eval_error       : Evaluate [\_SB_.PCI0.PB4_.XPDV._STA]: AE_NOT_FOUND
[    0.150289] device: 'device:0c': device_add
[    0.150289] bus: 'acpi': add device device:0c
[    0.150289]    utils-0052 [405504000] [07] util_eval_error       : Evaluate [\_SB_.PCI0.PB4_.XPDV._SUN]: AE_NOT_FOUND
[    0.150289]     scan-1711 [405504000] [07] add_single_object     : Added device:0c [\_SB_.PCI0.PB4_.XPDV] parent device:0b
[    0.150289]     scan-0964 [405504000] [07] bus_get_device        : No context for object [ffff880418244028]
[    0.150289]     scan-0964 [405504000] [07] bus_get_device        : No context for object [ffff880418244050]
[    0.150289]     scan-0964 [405504000] [07] bus_get_device        : No context for object [ffff880418244078]
[    0.150289]     scan-0964 [405504000] [07] bus_get_device        : No context for object [ffff8804182440a0]
[    0.150289]     scan-0964 [405504000] [07] bus_get_device        : No context for object [ffff8804182440c8]
[    0.150289]     scan-0964 [405504000] [07] bus_get_device        : No context for object [ffff88041827e500]
[    0.150289]     scan-0964 [405504000] [07] bus_get_device        : No context for object [ffff8804182440f0]
[    0.150289]     scan-0964 [405504000] [07] bus_get_device        : No context for object [ffff880418244118]
[    0.150289]    utils-0052 [405504000] [07] util_eval_error       : Evaluate [\_SB_.PCI0.PB5_._STA]: AE_NOT_FOUND
[    0.150289] device: 'device:0d': device_add
[    0.150289] bus: 'acpi': add device device:0d
[    0.150289]    utils-0052 [405504000] [07] util_eval_error       : Evaluate [\_SB_.PCI0.PB5_._SUN]: AE_NOT_FOUND
[    0.150289]     scan-1711 [405504000] [07] add_single_object     : Added device:0d [\_SB_.PCI0.PB5_] parent PNP0A08:00
[    0.150289]     scan-0964 [405504000] [07] bus_get_device        : No context for object [ffff880418244140]
[    0.150289]     scan-0964 [405504000] [07] bus_get_device        : No context for object [ffff880418244168]
[    0.150289]     scan-0964 [405504000] [07] bus_get_device        : No context for object [ffff880418244190]
[    0.150289]     scan-0964 [405504000] [07] bus_get_device        : No context for object [ffff8804182441b8]
[    0.150289]     scan-0964 [405504000] [07] bus_get_device        : No context for object [ffff8804182441e0]
[    0.150289]     scan-0964 [405504000] [07] bus_get_device        : No context for object [ffff880418244208]
[    0.150289]     scan-0964 [405504000] [07] bus_get_device        : No context for object [ffff880418244230]
[    0.150289]     scan-0964 [405504000] [07] bus_get_device        : No context for object [ffff880418244258]
[    0.150289]     scan-0964 [405504000] [07] bus_get_device        : No context for object [ffff880418244280]
[    0.150289]     scan-0964 [405504000] [07] bus_get_device        : No context for object [ffff8804182442a8]
[    0.150289]     scan-0964 [405504000] [07] bus_get_device        : No context for object [ffff8804182442d0]
[    0.150289]     scan-0964 [405504000] [07] bus_get_device        : No context for object [ffff8804182442f8]
[    0.150289]     scan-0964 [405504000] [07] bus_get_device        : No context for object [ffff880418244320]
[    0.150289]     scan-0964 [405504000] [07] bus_get_device        : No context for object [ffff880418244348]
[    0.150289]     scan-0964 [405504000] [07] bus_get_device        : No context for object [ffff880418244370]
[    0.150289]     scan-0964 [405504000] [07] bus_get_device        : No context for object [ffff880418244398]
[    0.150289]     scan-0964 [405504000] [07] bus_get_device        : No context for object [ffff8804182443c0]
[    0.150289]     scan-0964 [405504000] [07] bus_get_device        : No context for object [ffff8804182443e8]
[    0.150289]     scan-0964 [405504000] [07] bus_get_device        : No context for object [ffff880418244410]
[    0.150289]     scan-0964 [405504000] [07] bus_get_device        : No context for object [ffff880418244438]
[    0.150289]     scan-0964 [405504000] [07] bus_get_device        : No context for object [ffff880418244460]
[    0.150289]     scan-0964 [405504000] [07] bus_get_device        : No context for object [ffff880418244488]
[    0.150289]     scan-0964 [405504000] [07] bus_get_device        : No context for object [ffff8804182444b0]
[    0.150289]     scan-0964 [405504000] [07] bus_get_device        : No context for object [ffff8804182444d8]
[    0.150289]     scan-0964 [405504000] [07] bus_get_device        : No context for object [ffff880418244500]
[    0.150289]     scan-0964 [405504000] [07] bus_get_device        : No context for object [ffff880418244528]
[    0.150289]     scan-0964 [405504000] [07] bus_get_device        : No context for object [ffff880418244550]
[    0.150289]     scan-0964 [405504000] [07] bus_get_device        : No context for object [ffff880418244578]
[    0.150293]     scan-0964 [405504000] [07] bus_get_device        : No context for object [ffff8804182445a0]
[    0.150303]     scan-0964 [405504000] [07] bus_get_device        : No context for object [ffff8804182445c8]
[    0.150312]     scan-0964 [405504000] [07] bus_get_device        : No context for object [ffff8804182445f0]
[    0.150324]    utils-0052 [405504000] [07] util_eval_error       : Evaluate [\_SB_.PCI0.PB5_.XPDV._STA]: AE_NOT_FOUND
[    0.150379] device: 'device:0e': device_add
[    0.150386] bus: 'acpi': add device device:0e
[    0.150408]    utils-0052 [405504000] [07] util_eval_error       : Evaluate [\_SB_.PCI0.PB5_.XPDV._SUN]: AE_NOT_FOUND
[    0.151020]     scan-1711 [405504000] [07] add_single_object     : Added device:0e [\_SB_.PCI0.PB5_.XPDV] parent device:0d
[    0.151020]     scan-0964 [405504000] [07] bus_get_device        : No context for object [ffff880418244618]
[    0.151030]     scan-0964 [405504000] [07] bus_get_device        : No context for object [ffff880418244640]
[    0.151040]     scan-0964 [405504000] [07] bus_get_device        : No context for object [ffff880418244668]
[    0.151049]     scan-0964 [405504000] [07] bus_get_device        : No context for object [ffff880418244690]
[    0.151059]     scan-0964 [405504000] [07] bus_get_device        : No context for object [ffff8804182446b8]
[    0.151068]     scan-0964 [405504000] [07] bus_get_device        : No context for object [ffff88041827e528]
[    0.151078]     scan-0964 [405504000] [07] bus_get_device        : No context for object [ffff8804182446e0]
[    0.151088]     scan-0964 [405504000] [07] bus_get_device        : No context for object [ffff880418244708]
[    0.151105]    utils-0052 [405504000] [07] util_eval_error       : Evaluate [\_SB_.PCI0.PB6_._STA]: AE_NOT_FOUND
[    0.151239] device: 'device:0f': device_add
[    0.151252] bus: 'acpi': add device device:0f
[    0.151273]    utils-0052 [405504000] [07] util_eval_error       : Evaluate [\_SB_.PCI0.PB6_._SUN]: AE_NOT_FOUND
[    0.151305]     scan-1711 [405504000] [07] add_single_object     : Added device:0f [\_SB_.PCI0.PB6_] parent PNP0A08:00
[    0.151305]     scan-0964 [405504000] [07] bus_get_device        : No context for object [ffff880418244730]
[    0.151305]     scan-0964 [405504000] [07] bus_get_device        : No context for object [ffff880418244758]
[    0.151305]     scan-0964 [405504000] [07] bus_get_device        : No context for object [ffff880418244780]
[    0.151305]     scan-0964 [405504000] [07] bus_get_device        : No context for object [ffff8804182447a8]
[    0.151305]     scan-0964 [405504000] [07] bus_get_device        : No context for object [ffff8804182447d0]
[    0.151305]     scan-0964 [405504000] [07] bus_get_device        : No context for object [ffff8804182447f8]
[    0.151305]     scan-0964 [405504000] [07] bus_get_device        : No context for object [ffff880418244820]
[    0.151305]     scan-0964 [405504000] [07] bus_get_device        : No context for object [ffff880418244848]
[    0.151305]     scan-0964 [405504000] [07] bus_get_device        : No context for object [ffff880418244870]
[    0.151305]     scan-0964 [405504000] [07] bus_get_device        : No context for object [ffff880418244898]
[    0.151305]     scan-0964 [405504000] [07] bus_get_device        : No context for object [ffff8804182448c0]
[    0.151305]     scan-0964 [405504000] [07] bus_get_device        : No context for object [ffff8804182448e8]
[    0.151305]     scan-0964 [405504000] [07] bus_get_device        : No context for object [ffff880418244910]
[    0.151305]     scan-0964 [405504000] [07] bus_get_device        : No context for object [ffff880418244938]
[    0.151305]     scan-0964 [405504000] [07] bus_get_device        : No context for object [ffff880418244960]
[    0.151305]     scan-0964 [405504000] [07] bus_get_device        : No context for object [ffff880418244988]
[    0.151305]     scan-0964 [405504000] [07] bus_get_device        : No context for object [ffff8804182449b0]
[    0.151305]     scan-0964 [405504000] [07] bus_get_device        : No context for object [ffff8804182449d8]
[    0.151305]     scan-0964 [405504000] [07] bus_get_device        : No context for object [ffff880418244a00]
[    0.151305]     scan-0964 [405504000] [07] bus_get_device        : No context for object [ffff880418244a28]
[    0.151305]     scan-0964 [405504000] [07] bus_get_device        : No context for object [ffff880418244a50]
[    0.151305]     scan-0964 [405504000] [07] bus_get_device        : No context for object [ffff880418244a78]
[    0.151305]     scan-0964 [405504000] [07] bus_get_device        : No context for object [ffff880418244aa0]
[    0.151305]     scan-0964 [405504000] [07] bus_get_device        : No context for object [ffff880418244ac8]
[    0.151305]     scan-0964 [405504000] [07] bus_get_device        : No context for object [ffff880418244af0]
[    0.151305]     scan-0964 [405504000] [07] bus_get_device        : No context for object [ffff880418244b18]
[    0.151305]     scan-0964 [405504000] [07] bus_get_device        : No context for object [ffff880418244b40]
[    0.151305]     scan-0964 [405504000] [07] bus_get_device        : No context for object [ffff880418244b68]
[    0.151305]     scan-0964 [405504000] [07] bus_get_device        : No context for object [ffff880418244b90]
[    0.151314]     scan-0964 [405504000] [07] bus_get_device        : No context for object [ffff880418244bb8]
[    0.151324]     scan-0964 [405504000] [07] bus_get_device        : No context for object [ffff880418244be0]
[    0.151336]    utils-0052 [405504000] [07] util_eval_error       : Evaluate [\_SB_.PCI0.PB6_.XPDV._STA]: AE_NOT_FOUND
[    0.151393] device: 'device:10': device_add
[    0.151399] bus: 'acpi': add device device:10
[    0.151414]    utils-0052 [405504000] [07] util_eval_error       : Evaluate [\_SB_.PCI0.PB6_.XPDV._SUN]: AE_NOT_FOUND
[    0.152013]     scan-1711 [405504000] [07] add_single_object     : Added device:10 [\_SB_.PCI0.PB6_.XPDV] parent device:0f
[    0.152015]     scan-0964 [405504000] [07] bus_get_device        : No context for object [ffff880418244c08]
[    0.152026]     scan-0964 [405504000] [07] bus_get_device        : No context for object [ffff880418244c30]
[    0.152036]     scan-0964 [405504000] [07] bus_get_device        : No context for object [ffff880418244c58]
[    0.152046]     scan-0964 [405504000] [07] bus_get_device        : No context for object [ffff880418244c80]
[    0.152056]     scan-0964 [405504000] [07] bus_get_device        : No context for object [ffff880418244ca8]
[    0.152066]     scan-0964 [405504000] [07] bus_get_device        : No context for object [ffff88041827e550]
[    0.152077]     scan-0964 [405504000] [07] bus_get_device        : No context for object [ffff880418244cd0]
[    0.152087]     scan-0964 [405504000] [07] bus_get_device        : No context for object [ffff880418244cf8]
[    0.152099]    utils-0052 [405504000] [07] util_eval_error       : Evaluate [\_SB_.PCI0.PB7_._STA]: AE_NOT_FOUND
[    0.152099] device: 'device:11': device_add
[    0.152099] bus: 'acpi': add device device:11
[    0.152099]    utils-0052 [405504000] [07] util_eval_error       : Evaluate [\_SB_.PCI0.PB7_._SUN]: AE_NOT_FOUND
[    0.152099]     scan-1711 [405504000] [07] add_single_object     : Added device:11 [\_SB_.PCI0.PB7_] parent PNP0A08:00
[    0.152099]     scan-0964 [405504000] [07] bus_get_device        : No context for object [ffff880418244d20]
[    0.152099]     scan-0964 [405504000] [07] bus_get_device        : No context for object [ffff880418244d48]
[    0.152099]     scan-0964 [405504000] [07] bus_get_device        : No context for object [ffff880418244d70]
[    0.152099]     scan-0964 [405504000] [07] bus_get_device        : No context for object [ffff880418244d98]
[    0.152099]     scan-0964 [405504000] [07] bus_get_device        : No context for object [ffff880418244dc0]
[    0.152099]     scan-0964 [405504000] [07] bus_get_device        : No context for object [ffff880418244de8]
[    0.152099]     scan-0964 [405504000] [07] bus_get_device        : No context for object [ffff880418244e10]
[    0.152099]     scan-0964 [405504000] [07] bus_get_device        : No context for object [ffff880418244e38]
[    0.152099]     scan-0964 [405504000] [07] bus_get_device        : No context for object [ffff880418244e60]
[    0.152107]     scan-0964 [405504000] [07] bus_get_device        : No context for object [ffff880418244e88]
[    0.152117]     scan-0964 [405504000] [07] bus_get_device        : No context for object [ffff880418244eb0]
[    0.152128]     scan-0964 [405504000] [07] bus_get_device        : No context for object [ffff880418244ed8]
[    0.152138]     scan-0964 [405504000] [07] bus_get_device        : No context for object [ffff880418244f00]
[    0.152149]     scan-0964 [405504000] [07] bus_get_device        : No context for object [ffff880418244f28]
[    0.152159]     scan-0964 [405504000] [07] bus_get_device        : No context for object [ffff880418244f50]
[    0.152169]     scan-0964 [405504000] [07] bus_get_device        : No context for object [ffff880418244f78]
[    0.152180]     scan-0964 [405504000] [07] bus_get_device        : No context for object [ffff880418244fa0]
[    0.152190]     scan-0964 [405504000] [07] bus_get_device        : No context for object [ffff880418244fc8]
[    0.152201]     scan-0964 [405504000] [07] bus_get_device        : No context for object [ffff880418246000]
[    0.152211]     scan-0964 [405504000] [07] bus_get_device        : No context for object [ffff880418246028]
[    0.152222]     scan-0964 [405504000] [07] bus_get_device        : No context for object [ffff880418246050]
[    0.152232]     scan-0964 [405504000] [07] bus_get_device        : No context for object [ffff880418246078]
[    0.152242]     scan-0964 [405504000] [07] bus_get_device        : No context for object [ffff8804182460a0]
[    0.152252]     scan-0964 [405504000] [07] bus_get_device        : No context for object [ffff8804182460c8]
[    0.152263]     scan-0964 [405504000] [07] bus_get_device        : No context for object [ffff8804182460f0]
[    0.152273]     scan-0964 [405504000] [07] bus_get_device        : No context for object [ffff880418246118]
[    0.152283]     scan-0964 [405504000] [07] bus_get_device        : No context for object [ffff880418246140]
[    0.152293]     scan-0964 [405504000] [07] bus_get_device        : No context for object [ffff880418246168]
[    0.152303]     scan-0964 [405504000] [07] bus_get_device        : No context for object [ffff880418246190]
[    0.152313]     scan-0964 [405504000] [07] bus_get_device        : No context for object [ffff8804182461b8]
[    0.152324]     scan-0964 [405504000] [07] bus_get_device        : No context for object [ffff8804182461e0]
[    0.152336]    utils-0052 [405504000] [07] util_eval_error       : Evaluate [\_SB_.PCI0.PB7_.XPDV._STA]: AE_NOT_FOUND
[    0.152392] device: 'device:12': device_add
[    0.152398] bus: 'acpi': add device device:12
[    0.152413]    utils-0052 [405504000] [07] util_eval_error       : Evaluate [\_SB_.PCI0.PB7_.XPDV._SUN]: AE_NOT_FOUND
[    0.152432]     scan-1711 [405504000] [07] add_single_object     : Added device:12 [\_SB_.PCI0.PB7_.XPDV] parent device:11
[    0.152432]     scan-0964 [405504000] [07] bus_get_device        : No context for object [ffff880418246208]
[    0.152432]     scan-0964 [405504000] [07] bus_get_device        : No context for object [ffff880418246230]
[    0.152432]     scan-0964 [405504000] [07] bus_get_device        : No context for object [ffff880418246258]
[    0.152432]     scan-0964 [405504000] [07] bus_get_device        : No context for object [ffff880418246280]
[    0.152432]     scan-0964 [405504000] [07] bus_get_device        : No context for object [ffff8804182462a8]
[    0.152432]     scan-0964 [405504000] [07] bus_get_device        : No context for object [ffff88041827e488]
[    0.152432]     scan-0964 [405504000] [07] bus_get_device        : No context for object [ffff8804182462d0]
[    0.152432]     scan-0964 [405504000] [07] bus_get_device        : No context for object [ffff8804182462f8]
[    0.152432]    utils-0052 [405504000] [07] util_eval_error       : Evaluate [\_SB_.PCI0.OHC1._STA]: AE_NOT_FOUND
[    0.152432] device: 'device:13': device_add
[    0.152432] bus: 'acpi': add device device:13
[    0.152432]    utils-0052 [405504000] [07] util_eval_error       : Evaluate [\_SB_.PCI0.OHC1._SUN]: AE_NOT_FOUND
[    0.153030]     scan-1711 [405504000] [07] add_single_object     : Added device:13 [\_SB_.PCI0.OHC1] parent PNP0A08:00
[    0.153030]     scan-0964 [405504000] [07] bus_get_device        : No context for object [ffff880418246320]
[    0.153030]     scan-0964 [405504000] [07] bus_get_device        : No context for object [ffff880418246348]
[    0.153036]     scan-0964 [405504000] [07] bus_get_device        : No context for object [ffff8804182822f8]
[    0.153048]    utils-0052 [405504000] [07] util_eval_error       : Evaluate [\_SB_.PCI0.OHC1.RHUB._STA]: AE_NOT_FOUND
[    0.153104] device: 'device:14': device_add
[    0.153110] bus: 'acpi': add device device:14
[    0.153110]    utils-0052 [405504000] [07] util_eval_error       : Evaluate [\_SB_.PCI0.OHC1.RHUB._SUN]: AE_NOT_FOUND
[    0.153110]     scan-1711 [405504000] [07] add_single_object     : Added device:14 [\_SB_.PCI0.OHC1.RHUB] parent device:13
[    0.153110]     scan-0964 [405504000] [07] bus_get_device        : No context for object [ffff880418282320]
[    0.153110]     scan-0964 [405504000] [07] bus_get_device        : No context for object [ffff880418282348]
[    0.153110]    utils-0052 [405504000] [07] util_eval_error       : Evaluate [\_SB_.PCI0.OHC1.RHUB.PRT3._STA]: AE_NOT_FOUND
[    0.153110] device: 'device:15': device_add
[    0.153110] bus: 'acpi': add device device:15
[    0.153112]    utils-0052 [405504000] [07] util_eval_error       : Evaluate [\_SB_.PCI0.OHC1.RHUB.PRT3._SUN]: AE_NOT_FOUND
[    0.153133]     scan-1711 [405504000] [07] add_single_object     : Added device:15 [\_SB_.PCI0.OHC1.RHUB.PRT3] parent device:14
[    0.153133]     scan-0964 [405504000] [07] bus_get_device        : No context for object [ffff880418282370]
[    0.153133]     scan-0964 [405504000] [07] bus_get_device        : No context for object [ffff880418282398]
[    0.153133]     scan-0964 [405504000] [07] bus_get_device        : No context for object [ffff8804182823c0]
[    0.153133]     scan-0964 [405504000] [07] bus_get_device        : No context for object [ffff8804182823e8]
[    0.153133]    utils-0052 [405504000] [07] util_eval_error       : Evaluate [\_SB_.PCI0.OHC1.RHUB.PRT4._STA]: AE_NOT_FOUND
[    0.153133] device: 'device:16': device_add
[    0.153133] bus: 'acpi': add device device:16
[    0.153136]    utils-0052 [405504000] [07] util_eval_error       : Evaluate [\_SB_.PCI0.OHC1.RHUB.PRT4._SUN]: AE_NOT_FOUND
[    0.153156]     scan-1711 [405504000] [07] add_single_object     : Added device:16 [\_SB_.PCI0.OHC1.RHUB.PRT4] parent device:14
[    0.153156]     scan-0964 [405504000] [07] bus_get_device        : No context for object [ffff880418282410]
[    0.153156]     scan-0964 [405504000] [07] bus_get_device        : No context for object [ffff880418282438]
[    0.153156]     scan-0964 [405504000] [07] bus_get_device        : No context for object [ffff880418282460]
[    0.153156]     scan-0964 [405504000] [07] bus_get_device        : No context for object [ffff880418246370]
[    0.153156]    utils-0052 [405504000] [07] util_eval_error       : Evaluate [\_SB_.PCI0.EHC1._STA]: AE_NOT_FOUND
[    0.153175] device: 'device:17': device_add
[    0.153182] bus: 'acpi': add device device:17
[    0.153199]    utils-0052 [405504000] [07] util_eval_error       : Evaluate [\_SB_.PCI0.EHC1._SUN]: AE_NOT_FOUND
[    0.154016]     scan-1711 [405504000] [07] add_single_object     : Added device:17 [\_SB_.PCI0.EHC1] parent PNP0A08:00
[    0.154016]     scan-0964 [405504000] [07] bus_get_device        : No context for object [ffff880418246398]
[    0.154025]     scan-0964 [405504000] [07] bus_get_device        : No context for object [ffff8804182463c0]
[    0.154036]     scan-0964 [405504000] [07] bus_get_device        : No context for object [ffff880418282028]
[    0.154047]    utils-0052 [405504000] [07] util_eval_error       : Evaluate [\_SB_.PCI0.EHC1.RHUB._STA]: AE_NOT_FOUND
[    0.154103] device: 'device:18': device_add
[    0.154109] bus: 'acpi': add device device:18
[    0.154123]    utils-0052 [405504000] [07] util_eval_error       : Evaluate [\_SB_.PCI0.EHC1.RHUB._SUN]: AE_NOT_FOUND
[    0.154144]     scan-1711 [405504000] [07] add_single_object     : Added device:18 [\_SB_.PCI0.EHC1.RHUB] parent device:17
[    0.154144]     scan-0964 [405504000] [07] bus_get_device        : No context for object [ffff880418282050]
[    0.154144]     scan-0964 [405504000] [07] bus_get_device        : No context for object [ffff880418282078]
[    0.154144]    utils-0052 [405504000] [07] util_eval_error       : Evaluate [\_SB_.PCI0.EHC1.RHUB.PRT3._STA]: AE_NOT_FOUND
[    0.154144] device: 'device:19': device_add
[    0.154144] bus: 'acpi': add device device:19
[    0.154144]    utils-0052 [405504000] [07] util_eval_error       : Evaluate [\_SB_.PCI0.EHC1.RHUB.PRT3._SUN]: AE_NOT_FOUND
[    0.154144]     scan-1711 [405504000] [07] add_single_object     : Added device:19 [\_SB_.PCI0.EHC1.RHUB.PRT3] parent device:18
[    0.154144]     scan-0964 [405504000] [07] bus_get_device        : No context for object [ffff8804182820a0]
[    0.154144]     scan-0964 [405504000] [07] bus_get_device        : No context for object [ffff8804182820c8]
[    0.154144]     scan-0964 [405504000] [07] bus_get_device        : No context for object [ffff8804182820f0]
[    0.154144]     scan-0964 [405504000] [07] bus_get_device        : No context for object [ffff880418282118]
[    0.154144]    utils-0052 [405504000] [07] util_eval_error       : Evaluate [\_SB_.PCI0.EHC1.RHUB.PRT4._STA]: AE_NOT_FOUND
[    0.154144] device: 'device:1a': device_add
[    0.154144] bus: 'acpi': add device device:1a
[    0.154144]    utils-0052 [405504000] [07] util_eval_error       : Evaluate [\_SB_.PCI0.EHC1.RHUB.PRT4._SUN]: AE_NOT_FOUND
[    0.154154]     scan-1711 [405504000] [07] add_single_object     : Added device:1a [\_SB_.PCI0.EHC1.RHUB.PRT4] parent device:18
[    0.154154]     scan-0964 [405504000] [07] bus_get_device        : No context for object [ffff880418282140]
[    0.154154]     scan-0964 [405504000] [07] bus_get_device        : No context for object [ffff880418282168]
[    0.154154]     scan-0964 [405504000] [07] bus_get_device        : No context for object [ffff880418282190]
[    0.154154]     scan-0964 [405504000] [07] bus_get_device        : No context for object [ffff8804182463e8]
[    0.154154]    utils-0052 [405504000] [07] util_eval_error       : Evaluate [\_SB_.PCI0.OHC2._STA]: AE_NOT_FOUND
[    0.154170] device: 'device:1b': device_add
[    0.154177] bus: 'acpi': add device device:1b
[    0.154191]    utils-0052 [405504000] [07] util_eval_error       : Evaluate [\_SB_.PCI0.OHC2._SUN]: AE_NOT_FOUND
[    0.154210]     scan-1711 [405504000] [07] add_single_object     : Added device:1b [\_SB_.PCI0.OHC2] parent PNP0A08:00
[    0.154210]     scan-0964 [405504000] [07] bus_get_device        : No context for object [ffff880418246410]
[    0.154210]     scan-0964 [405504000] [07] bus_get_device        : No context for object [ffff880418246438]
[    0.154210]     scan-0964 [405504000] [07] bus_get_device        : No context for object [ffff880418282488]
[    0.154210]    utils-0052 [405504000] [07] util_eval_error       : Evaluate [\_SB_.PCI0.OHC2.RHUB._STA]: AE_NOT_FOUND
[    0.154210] device: 'device:1c': device_add
[    0.154210] bus: 'acpi': add device device:1c
[    0.154210]    utils-0052 [405504000] [07] util_eval_error       : Evaluate [\_SB_.PCI0.OHC2.RHUB._SUN]: AE_NOT_FOUND
[    0.155026]     scan-1711 [405504000] [07] add_single_object     : Added device:1c [\_SB_.PCI0.OHC2.RHUB] parent device:1b
[    0.155026]     scan-0964 [405504000] [07] bus_get_device        : No context for object [ffff8804182824b0]
[    0.155026]     scan-0964 [405504000] [07] bus_get_device        : No context for object [ffff8804182824d8]
[    0.155036]    utils-0052 [405504000] [07] util_eval_error       : Evaluate [\_SB_.PCI0.OHC2.RHUB.PRT4._STA]: AE_NOT_FOUND
[    0.155092] device: 'device:1d': device_add
[    0.155098] bus: 'acpi': add device device:1d
[    0.155120]    utils-0052 [405504000] [07] util_eval_error       : Evaluate [\_SB_.PCI0.OHC2.RHUB.PRT4._SUN]: AE_NOT_FOUND
[    0.155141]     scan-1711 [405504000] [07] add_single_object     : Added device:1d [\_SB_.PCI0.OHC2.RHUB.PRT4] parent device:1c
[    0.155141]     scan-0964 [405504000] [07] bus_get_device        : No context for object [ffff880418282500]
[    0.155141]     scan-0964 [405504000] [07] bus_get_device        : No context for object [ffff880418282528]
[    0.155141]     scan-0964 [405504000] [07] bus_get_device        : No context for object [ffff880418282550]
[    0.155141]     scan-0964 [405504000] [07] bus_get_device        : No context for object [ffff880418246460]
[    0.155141]    utils-0052 [405504000] [07] util_eval_error       : Evaluate [\_SB_.PCI0.EHC2._STA]: AE_NOT_FOUND
[    0.155141] device: 'device:1e': device_add
[    0.155141] bus: 'acpi': add device device:1e
[    0.155141]    utils-0052 [405504000] [07] util_eval_error       : Evaluate [\_SB_.PCI0.EHC2._SUN]: AE_NOT_FOUND
[    0.155141]     scan-1711 [405504000] [07] add_single_object     : Added device:1e [\_SB_.PCI0.EHC2] parent PNP0A08:00
[    0.155141]     scan-0964 [405504000] [07] bus_get_device        : No context for object [ffff880418246488]
[    0.155141]     scan-0964 [405504000] [07] bus_get_device        : No context for object [ffff8804182464b0]
[    0.155141]     scan-0964 [405504000] [07] bus_get_device        : No context for object [ffff8804182821b8]
[    0.155141]    utils-0052 [405504000] [07] util_eval_error       : Evaluate [\_SB_.PCI0.EHC2.RHUB._STA]: AE_NOT_FOUND
[    0.155141] device: 'device:1f': device_add
[    0.155141] bus: 'acpi': add device device:1f
[    0.155141]    utils-0052 [405504000] [07] util_eval_error       : Evaluate [\_SB_.PCI0.EHC2.RHUB._SUN]: AE_NOT_FOUND
[    0.155141]     scan-1711 [405504000] [07] add_single_object     : Added device:1f [\_SB_.PCI0.EHC2.RHUB] parent device:1e
[    0.155141]     scan-0964 [405504000] [07] bus_get_device        : No context for object [ffff8804182821e0]
[    0.155141]     scan-0964 [405504000] [07] bus_get_device        : No context for object [ffff880418282208]
[    0.155141]    utils-0052 [405504000] [07] util_eval_error       : Evaluate [\_SB_.PCI0.EHC2.RHUB.PRT2._STA]: AE_NOT_FOUND
[    0.155141] device: 'device:20': device_add
[    0.155141] bus: 'acpi': add device device:20
[    0.155141]    utils-0052 [405504000] [07] util_eval_error       : Evaluate [\_SB_.PCI0.EHC2.RHUB.PRT2._SUN]: AE_NOT_FOUND
[    0.155141]     scan-1711 [405504000] [07] add_single_object     : Added device:20 [\_SB_.PCI0.EHC2.RHUB.PRT2] parent device:1f
[    0.155141]     scan-0964 [405504000] [07] bus_get_device        : No context for object [ffff880418282230]
[    0.155141]     scan-0964 [405504000] [07] bus_get_device        : No context for object [ffff880418282258]
[    0.155141]     scan-0964 [405504000] [07] bus_get_device        : No context for object [ffff880418282280]
[    0.155141]     scan-0964 [405504000] [07] bus_get_device        : No context for object [ffff8804182464d8]
[    0.155141]    utils-0052 [405504000] [07] util_eval_error       : Evaluate [\_SB_.PCI0.OHC3._STA]: AE_NOT_FOUND
[    0.155170] device: 'device:21': device_add
[    0.155176] bus: 'acpi': add device device:21
[    0.155191]    utils-0052 [405504000] [07] util_eval_error       : Evaluate [\_SB_.PCI0.OHC3._SUN]: AE_NOT_FOUND
[    0.156016]     scan-1711 [405504000] [07] add_single_object     : Added device:21 [\_SB_.PCI0.OHC3] parent PNP0A08:00
