[    0.000000] Initializing cgroup subsys cpuset
[    0.000000] Initializing cgroup subsys cpu
[    0.000000] Initializing cgroup subsys cpuacct
[    0.000000] Linux version 3.17.0-rc3-gb7fece1 (emacs@manji) (gcc version 4.9.1 (GCC) ) #73 SMP Fri Sep 5 16:47:22 CEST 2014
[    0.000000] Command line: BOOT_IMAGE=/vmlinuz-linux-git root=UUID=bfa4ab6e-19a3-4601-ba2b-267c55841c73 rw cryptdevice=/dev/disk/by-uuid/70c08890-417a-497d-b6ab-c0d0357a63e2:cryptManjaro:allow-discards ipv6.disable=1 pnp.debug=1 loglevel=9 log_buf_len=10M printk.always_kmsg_dump=y printk.time=y mminit_loglevel=0 memory_corruption_check=1 acpi.debug_layer=0xfbff0000 acpi.debug_level=0xFFFFFFFD pnp.debug=1 nohz=on rcu_nocbs=1-3 pcie_aspm=force fbcon=scrollback:4096k fbcon=font:ProFont6x11 radeon.audio=0 radeon.lockup_timeout=0 radeon.test=0 radeon.agpmode=-1 radeon.benchmark=0 radeon.tv=0 radeon.hard_reset=1 radeon.aspm=1 radeon.dpm=1 radeon.msi=1 radeon.pcie_gen2=-1 radeon.no_wb=1 radeon.modeset=1 radeon.dynclks=1 radeon.r4xx_atom=0 radeon.runpm=0 radeonfb radeon.fastfb=1 nomodeset
[    0.000000] KERNEL supported cpus:
[    0.000000]   AMD AuthenticAMD
[    0.000000] tseg: 00bfe00000
[    0.000000] e820: BIOS-provided physical RAM map:
[    0.000000] BIOS-e820: [mem 0x0000000000000000-0x000000000009d7ff] usable
[    0.000000] BIOS-e820: [mem 0x000000000009d800-0x000000000009ffff] reserved
[    0.000000] BIOS-e820: [mem 0x00000000000e0000-0x00000000000fffff] reserved
[    0.000000] BIOS-e820: [mem 0x0000000000100000-0x00000000bed9afff] usable
[    0.000000] BIOS-e820: [mem 0x00000000bed9b000-0x00000000bf39afff] reserved
[    0.000000] BIOS-e820: [mem 0x00000000bf39b000-0x00000000bf49afff] ACPI NVS
[    0.000000] BIOS-e820: [mem 0x00000000bf49b000-0x00000000bf51afff] ACPI data
[    0.000000] BIOS-e820: [mem 0x00000000bf51b000-0x00000000bfdfffff] usable
[    0.000000] BIOS-e820: [mem 0x00000000bfe00000-0x00000000bfffffff] reserved
[    0.000000] BIOS-e820: [mem 0x00000000fec00000-0x00000000fecfffff] reserved
[    0.000000] BIOS-e820: [mem 0x00000000fed80000-0x00000000fed80fff] reserved
[    0.000000] BIOS-e820: [mem 0x00000000ffe00000-0x00000000ffffffff] reserved
[    0.000000] BIOS-e820: [mem 0x0000000100000000-0x000000041effffff] usable
[    0.000000] NX (Execute Disable) protection: active
[    0.000000] SMBIOS 2.6 present.
[    0.000000] DMI: LENOVO Sabine/Torpedo, BIOS 54CN18WW 07/20/2011
[    0.000000] e820: update [mem 0x00000000-0x00000fff] usable ==> reserved
[    0.000000] e820: remove [mem 0x000a0000-0x000fffff] usable
[    0.000000] e820: last_pfn = 0x41f000 max_arch_pfn = 0x400000000
[    0.000000] MTRR default type: uncachable
[    0.000000] MTRR fixed ranges enabled:
[    0.000000]   00000-9FFFF write-back
[    0.000000]   A0000-BFFFF uncachable
[    0.000000]   C0000-FFFFF write-protect
[    0.000000] MTRR variable ranges enabled:
[    0.000000]   0 base 0000000000 mask FF80000000 write-back
[    0.000000]   1 base 0080000000 mask FFC0000000 write-back
[    0.000000]   2 base 00FFF90000 mask FFFFFF0000 uncachable
[    0.000000]   3 base 00FED80000 mask 0FFFFFF000 uncachable
[    0.000000]   4 disabled
[    0.000000]   5 disabled
[    0.000000]   6 disabled
[    0.000000]   7 base 00FFE00000 mask FFFFE00000 write-protect
[    0.000000] TOM2: 000000041f000000 aka 16880M
[    0.000000] mtrr: your BIOS has configured an incorrect mask, fixing it.
[    0.000000] e820: last_pfn = 0xbfe00 max_arch_pfn = 0x400000000
[    0.000000] found SMP MP-table at [mem 0x000fa8b0-0x000fa8bf] mapped at [ffff8800000fa8b0]
[    0.000000] Base memory trampoline at [ffff880000097000] 97000 size 24576
[    0.000000] Using GB pages for direct mapping
[    0.000000] init_memory_mapping: [mem 0x00000000-0x000fffff]
[    0.000000]  [mem 0x00000000-0x000fffff] page 4k
[    0.000000] BRK [0x01e17000, 0x01e17fff] PGTABLE
[    0.000000] BRK [0x01e18000, 0x01e18fff] PGTABLE
[    0.000000] BRK [0x01e19000, 0x01e19fff] PGTABLE
[    0.000000] init_memory_mapping: [mem 0x41ee00000-0x41effffff]
[    0.000000]  [mem 0x41ee00000-0x41effffff] page 2M
[    0.000000] BRK [0x01e1a000, 0x01e1afff] PGTABLE
[    0.000000] init_memory_mapping: [mem 0x41c000000-0x41edfffff]
[    0.000000]  [mem 0x41c000000-0x41edfffff] page 2M
[    0.000000] init_memory_mapping: [mem 0x400000000-0x41bffffff]
[    0.000000]  [mem 0x400000000-0x41bffffff] page 2M
[    0.000000] init_memory_mapping: [mem 0x00100000-0xbed9afff]
[    0.000000]  [mem 0x00100000-0x001fffff] page 4k
[    0.000000]  [mem 0x00200000-0x3fffffff] page 2M
[    0.000000]  [mem 0x40000000-0x7fffffff] page 1G
[    0.000000]  [mem 0x80000000-0xbebfffff] page 2M
[    0.000000]  [mem 0xbec00000-0xbed9afff] page 4k
[    0.000000] init_memory_mapping: [mem 0xbf51b000-0xbfdfffff]
[    0.000000]  [mem 0xbf51b000-0xbf5fffff] page 4k
[    0.000000]  [mem 0xbf600000-0xbfdfffff] page 2M
[    0.000000] BRK [0x01e1b000, 0x01e1bfff] PGTABLE
[    0.000000] init_memory_mapping: [mem 0x100000000-0x3ffffffff]
[    0.000000]  [mem 0x100000000-0x3ffffffff] page 1G
[    0.000000] log_buf_len: 16777216 bytes
[    0.000000] early log buf free: 2092044(99%)
[    0.000000] RAMDISK: [mem 0x37828000-0x37c0bfff]
[    0.000000] ACPI: Early table checksum verification disabled
[    0.000000] ACPI: RSDP 0x00000000000F0110 000024 (v02 LENOVO)
[    0.000000] ACPI: XSDT 0x00000000BF51A120 000074 (v01 LENOVO CB-01    00000001 LENO 00000001)
[    0.000000] ACPI: FACP 0x00000000BF508000 0000F4 (v04 LENOVO CB-01    00000001 PTL  00000001)
[    0.000000] ACPI: DSDT 0x00000000BF50A000 00FD10 (v01 LENOVO CB-01    00001000 LENO 00000001)
[    0.000000] ACPI: FACS 0x00000000BF478000 000040
[    0.000000] ACPI: HPET 0x00000000BF507000 000038 (v01 LENOVO CB-01    00000001 PTL  00000001)
[    0.000000] ACPI: APIC 0x00000000BF506000 00007A (v02 LENOVO CB-01    00000001 PTL  00000001)
[    0.000000] ACPI: MCFG 0x00000000BF505000 00003C (v01 LENOVO CB-01    00000001 PTL  00000001)
[    0.000000] ACPI: SLIC 0x00000000BF504000 000176 (v01 LENOVO CB-01    00000001 LENO 00000001)
[    0.000000] ACPI: UEFI 0x00000000BF503000 00003E (v01 LENOVO CB-01    00000001 PTL  00000001)
[    0.000000] ACPI: UEFI 0x00000000BF502000 000042 (v01 PTL    COMBUF   00000001 PTL  00000001)
[    0.000000] ACPI: SSDT 0x00000000BF501000 000E34 (v01 AMD    POWERNOW 00000001 AMD  00000001)
[    0.000000] ACPI: SSDT 0x00000000BF4FF000 00193D (v02 AMD    ALIB     00000001 MSFT 04000000)
[    0.000000] ACPI: UEFI 0x00000000BF4FE000 00021A (v01 LENOVO CB-01    00000001 PTL  00000001)
[    0.000000] ACPI: Local APIC address 0xfee00000
[    0.000000] No NUMA configuration found
[    0.000000] Faking a node at [mem 0x0000000000000000-0x000000041effffff]
[    0.000000] Initmem setup node 0 [mem 0x00000000-0x41effffff]
[    0.000000]   NODE_DATA [mem 0x41dffa000-0x41dffdfff]
[    0.000000]  [ffffea0000000000-ffffea00107fffff] PMD -> [ffff88040de00000-ffff88041d5fffff] on node 0
[    0.000000] Zone ranges:
[    0.000000]   DMA      [mem 0x00001000-0x00ffffff]
[    0.000000]   DMA32    [mem 0x01000000-0xffffffff]
[    0.000000]   Normal   [mem 0x100000000-0x41effffff]
[    0.000000] Movable zone start for each node
[    0.000000] Early memory node ranges
[    0.000000]   node   0: [mem 0x00001000-0x0009cfff]
[    0.000000]   node   0: [mem 0x00100000-0xbed9afff]
[    0.000000]   node   0: [mem 0xbf51b000-0xbfdfffff]
[    0.000000]   node   0: [mem 0x100000000-0x41effffff]
[    0.000000] On node 0 totalpages: 4056604
[    0.000000]   DMA zone: 64 pages used for memmap
[    0.000000]   DMA zone: 21 pages reserved
[    0.000000]   DMA zone: 3996 pages, LIFO batch:0
[    0.000000]   DMA32 zone: 12186 pages used for memmap
[    0.000000]   DMA32 zone: 779904 pages, LIFO batch:31
[    0.000000]   Normal zone: 51136 pages used for memmap
[    0.000000]   Normal zone: 3272704 pages, LIFO batch:31
[    0.000000] ACPI: PM-Timer IO Port: 0x808
[    0.000000] ACPI: Local APIC address 0xfee00000
[    0.000000] ACPI: LAPIC (acpi_id[0x00] lapic_id[0x00] enabled)
[    0.000000] ACPI: LAPIC (acpi_id[0x01] lapic_id[0x01] enabled)
[    0.000000] ACPI: LAPIC (acpi_id[0x02] lapic_id[0x02] enabled)
[    0.000000] ACPI: LAPIC (acpi_id[0x03] lapic_id[0x03] enabled)
[    0.000000] ACPI: LAPIC_NMI (acpi_id[0x00] high edge lint[0x1])
[    0.000000] ACPI: LAPIC_NMI (acpi_id[0x01] high edge lint[0x1])
[    0.000000] ACPI: LAPIC_NMI (acpi_id[0x02] high edge lint[0x1])
[    0.000000] ACPI: LAPIC_NMI (acpi_id[0x03] high edge lint[0x1])
[    0.000000] ACPI: IOAPIC (id[0x02] address[0xfec00000] gsi_base[0])
[    0.000000] IOAPIC[0]: apic_id 2, version 33, address 0xfec00000, GSI 0-23
[    0.000000] ACPI: INT_SRC_OVR (bus 0 bus_irq 0 global_irq 2 dfl dfl)
[    0.000000] ACPI: IRQ0 used by override.
[    0.000000] ACPI: IRQ9 used by override.
[    0.000000] Using ACPI (MADT) for SMP configuration information
[    0.000000] ACPI: HPET id: 0x43538210 base: 0xfed00000
[    0.000000] smpboot: Allowing 4 CPUs, 0 hotplug CPUs
[    0.000000] e820: [mem 0xc0000000-0xfebfffff] available for PCI devices
[    0.000000] setup_percpu: NR_CPUS:64 nr_cpumask_bits:64 nr_cpu_ids:4 nr_node_ids:1
[    0.000000] PERCPU: Embedded 27 pages/cpu @ffff88041dc00000 s80256 r8192 d22144 u524288
[    0.000000] pcpu-alloc: s80256 r8192 d22144 u524288 alloc=1*2097152
[    0.000000] pcpu-alloc: [0] 0 1 2 3 
[    0.000000] Built 1 zonelists in Zone order, mobility grouping on.  Total pages: 3993197
[    0.000000] Policy zone: Normal
[    0.000000] Kernel command line: BOOT_IMAGE=/vmlinuz-linux-git root=UUID=bfa4ab6e-19a3-4601-ba2b-267c55841c73 rw cryptdevice=/dev/disk/by-uuid/70c08890-417a-497d-b6ab-c0d0357a63e2:cryptManjaro:allow-discards ipv6.disable=1 pnp.debug=1 loglevel=9 log_buf_len=10M printk.always_kmsg_dump=y printk.time=y mminit_loglevel=0 memory_corruption_check=1 acpi.debug_layer=0xfbff0000 acpi.debug_level=0xFFFFFFFD pnp.debug=1 nohz=on rcu_nocbs=1-3 pcie_aspm=force fbcon=scrollback:4096k fbcon=font:ProFont6x11 radeon.audio=0 radeon.lockup_timeout=0 radeon.test=0 radeon.agpmode=-1 radeon.benchmark=0 radeon.tv=0 radeon.hard_reset=1 radeon.aspm=1 radeon.dpm=1 radeon.msi=1 radeon.pcie_gen2=-1 radeon.no_wb=1 radeon.modeset=1 radeon.dynclks=1 radeon.r4xx_atom=0 radeon.runpm=0 radeonfb radeon.fastfb=1 nomodeset
[    0.000000] PCIe ASPM is forcibly enabled
[    0.000000] PID hash table entries: 4096 (order: 3, 32768 bytes)
[    0.000000] Memory: 15870892K/16226416K available (5248K kernel code, 721K rwdata, 2208K rodata, 848K init, 2588K bss, 355524K reserved)
[    0.000000] SLUB: HWalign=64, Order=0-3, MinObjects=0, CPUs=4, Nodes=1
[    0.000000] Hierarchical RCU implementation.
[    0.000000] 	RCU dyntick-idle grace-period acceleration is enabled.
[    0.000000] 	Additional per-CPU info printed with stalls.
[    0.000000] 	RCU restricting CPUs from NR_CPUS=64 to nr_cpu_ids=4.
[    0.000000] 	Offload RCU callbacks from all CPUs
[    0.000000] 	Offload RCU callbacks from CPUs: 0-3.
[    0.000000] RCU: Adjusting geometry for rcu_fanout_leaf=16, nr_cpu_ids=4
[    0.000000] NR_IRQS:4352 nr_irqs:456 0
[    0.000000] spurious 8259A interrupt: IRQ7.
[    0.000000] vgacon: allocated 4194304 bytes of memory for scrollback. CONFIG_VGACON_SOFT_SCROLLBACK_SIZE=4096
[    0.000000] Console: colour VGA+ 80x25
[    0.000000] console [tty0] enabled
[    0.000000] allocated 65011712 bytes of page_cgroup
[    0.000000] please try 'cgroup_disable=memory' option if you don't want memory cgroups
[    0.000000] hpet clockevent registered
[    0.000000] tsc: Fast TSC calibration failed
[    0.000000] tsc: Unable to calibrate against PIT
[    0.000000] tsc: using HPET reference calibration
[    0.000000] tsc: Detected 1397.398 MHz processor
[    0.000042] Calibrating delay loop (skipped), value calculated using timer frequency.. 2795.24 BogoMIPS (lpj=4657993)
[    0.000200] pid_max: default: 32768 minimum: 301
[    0.000269] ACPI: Core revision 20140724
[    0.016677] ACPI: All ACPI Tables successfully acquired
[    0.018642] Security Framework initialized
[    0.019810] Dentry cache hash table entries: 2097152 (order: 12, 16777216 bytes)
[    0.026062] Inode-cache hash table entries: 1048576 (order: 11, 8388608 bytes)
[    0.029052] Mount-cache hash table entries: 32768 (order: 6, 262144 bytes)
[    0.029182] Mountpoint-cache hash table entries: 32768 (order: 6, 262144 bytes)
[    0.029700] Initializing cgroup subsys memory
[    0.029817] Initializing cgroup subsys devices
[    0.029883] Initializing cgroup subsys freezer
[    0.029947] Initializing cgroup subsys net_cls
[    0.030010] Initializing cgroup subsys blkio
[    0.030093] CPU: Physical Processor ID: 0
[    0.030155] CPU: Processor Core ID: 0
[    0.030217] mce: CPU supports 6 MCE banks
[    0.030286] Last level iTLB entries: 4KB 512, 2MB 16, 4MB 8
Last level dTLB entries: 4KB 1024, 2MB 128, 4MB 64, 1GB 0
[    0.030562] Freeing SMP alternatives memory: 20K (ffffffff81b8a000 - ffffffff81b8f000)
[    0.031195] ..TIMER: vector=0x30 apic1=0 pin1=2 apic2=-1 pin2=-1
[    0.064273] smpboot: CPU0: AMD A6-3400M APU with Radeon(tm) HD Graphics (fam: 12, model: 01, stepping: 00)
[    0.168825] Performance Events: AMD PMU driver.
[    0.168924] ... version:                0
[    0.168986] ... bit width:              48
[    0.169048] ... generic registers:      4
[    0.169109] ... value mask:             0000ffffffffffff
[    0.169171] ... max period:             00007fffffffffff
[    0.169233] ... fixed-purpose events:   0
[    0.169294] ... event mask:             000000000000000f
[    0.169975] MCE: In-kernel MCE decoding enabled.
[    0.170124] trying cpu_up:
[    0.170228] NMI watchdog: enabled on all CPUs, permanently consumes one hw-PMU counter.
[    0.170528] smpboot: ++++++++++++++++++++=_---CPU UP  1
[    0.170643] x86: Booting SMP configuration:
[    0.170708] .... node  #0, CPUs:      #1
[    0.170817] smpboot: Setting warm reset code and vector.
[    0.170939] smpboot: 1.
[    0.170999] smpboot: 2.
[    0.171060] smpboot: 3.
[    0.171120] smpboot: Asserting INIT
[    0.171182] smpboot: Waiting for INIT send to finish...
[    0.467074] smpboot: status for above ^ is: 0
[    0.467138] smpboot: Deasserting INIT
[    0.467201] smpboot: Waiting for above send to finish...
[    0.467266] smpboot: #startup loops: 2
[    0.467329] smpboot: Sending STARTUP #1
[    0.467392] smpboot: After apic_write
[    0.467769] smpboot: Startup point 1
[    0.467832] smpboot: Waiting for send to finish...
[    0.468097] smpboot: Sending STARTUP #2
[    0.468206] smpboot: After apic_write
[    0.468569] smpboot: Startup point 1
[    0.468680] smpboot: Waiting for send to finish...
[    0.468944] smpboot: After Startup
[    0.469054] smpboot: Before Callout 1
[    0.469117] smpboot: After Callout 1
[    0.469180] smpboot: start waiting 5sec for response
[    5.490022] smpboot: done waiting 5sec for response
[    5.490165] smpboot: cpumask_test_cpu result: 0
[    5.490227] smpboot: cpu_callin_mask: 0000000000000001
[    5.490325] smpboot: cpu_callout_mask: 0000000000000003
[    5.490388] smpboot: CPU1: Not responding
[    5.490506] smpboot: do_boot_cpu failed(1) to wakeup CPU#1
[    5.490573] after cpu_up !!!!!!!!!!!!
[    5.490609] trying cpu_up:
[    5.490824] smpboot: ++++++++++++++++++++=_---CPU UP  2
[    5.490959]  #2
[    5.490996] smpboot: Setting warm reset code and vector.
[    5.491120] smpboot: 1.
[    5.491179] smpboot: 2.
[    5.491238] smpboot: 3.
[    5.491297] smpboot: Asserting INIT
[    5.491357] smpboot: Waiting for INIT send to finish...
[    5.501423] smpboot: status for above ^ is: 0
[    5.501486] smpboot: Deasserting INIT
[    5.501549] smpboot: Waiting for above send to finish...
[    5.501614] smpboot: #startup loops: 2
[    5.501677] smpboot: Sending STARTUP #1
[    5.501740] smpboot: After apic_write
[    5.372981] smpboot: CPU#2 (phys ID: 2) waiting for CALLOUT
[    5.372982] smpboot: Waiting max 15 sec for callout
[    5.502107] smpboot: Startup point 1
[    5.502344] smpboot: Waiting for send to finish...
[    5.502608] smpboot: Sending STARTUP #2
[    5.502718] smpboot: After apic_write
[    5.503079] smpboot: Startup point 1
[    5.503188] smpboot: Waiting for send to finish...
[    5.503455] smpboot: After Startup
[    5.503516] smpboot: Before Callout 2
[    5.503577] smpboot: After Callout 2
[    5.374618] smpboot: done waiting max 15 sec for callout
[    5.374648] smpboot: Stack at about ffff88040780bf3c
[    5.503765] smpboot: start waiting 5sec for response
[    5.503804] smpboot: done waiting 5sec for response
[    5.503901] smpboot: cpumask_test_cpu result: -1
[    5.503964] smpboot: cpu_callin_mask: 0000000000000005
[    5.504061] smpboot: cpu_callout_mask: 0000000000000005
[    5.504124] smpboot: CPU2: has booted.
[    5.506255] TSC synchronization [CPU#0 -> CPU#2]:
[    5.506365] Measured 180155913 cycles TSC warp between CPUs, turning off TSC clock.
[    5.506458] tsc: Marking TSC unstable due to check_tsc_sync_source failed
[    5.506568] after cpu_up !!!!!!!!!!!!
[    5.506605] trying cpu_up:
[    5.506778] smpboot: ++++++++++++++++++++=_---CPU UP  3
[    5.506919]  #3
[    5.506956] smpboot: Setting warm reset code and vector.
[    5.507083] smpboot: 1.
[    5.507143] smpboot: 2.
[    5.507205] smpboot: 3.
[    5.507265] smpboot: Asserting INIT
[    5.507328] smpboot: Waiting for INIT send to finish...
[    5.517393] smpboot: status for above ^ is: 0
[    5.517457] smpboot: Deasserting INIT
[    5.517520] smpboot: Waiting for above send to finish...
[    5.517584] smpboot: #startup loops: 2
[    5.517647] smpboot: Sending STARTUP #1
[    5.517711] smpboot: After apic_write
[    5.355103] smpboot: CPU#3 (phys ID: 3) waiting for CALLOUT
[    5.355105] smpboot: Waiting max 15 sec for callout
[    5.518076] smpboot: Startup point 1
[    5.518313] smpboot: Waiting for send to finish...
[    5.518577] smpboot: Sending STARTUP #2
[    5.518688] smpboot: After apic_write
[    5.519051] smpboot: Startup point 1
[    5.519160] smpboot: Waiting for send to finish...
[    5.519425] smpboot: After Startup
[    5.519487] smpboot: Before Callout 3
[    5.519551] smpboot: After Callout 3
[    5.356737] smpboot: done waiting max 15 sec for callout
[    5.356773] smpboot: Stack at about ffff88040780ff3c
[    5.519743] smpboot: start waiting 5sec for response
[    5.519781] smpboot: done waiting 5sec for response
[    5.519877] smpboot: cpumask_test_cpu result: -1
[    5.519939] smpboot: cpu_callin_mask: 000000000000000d
[    5.520037] smpboot: cpu_callout_mask: 000000000000000d
[    5.520100] smpboot: CPU3: has booted.
[    5.520251] after cpu_up !!!!!!!!!!!!
[    5.520290] trying cpu_up:
[    5.520392] ------------[ cut here ]------------
[    5.520462] WARNING: CPU: 0 PID: 1 at arch/x86/kernel/smpboot.c:1024 native_cpu_up+0x4c1/0x9b0()
[    5.520574] Modules linked in:
[    5.520670] CPU: 0 PID: 1 Comm: swapper/0 Tainted: G          I    3.17.0-rc3-gb7fece1 #73
[    5.520804] Hardware name: LENOVO Sabine/Torpedo, BIOS 54CN18WW 07/20/2011
[    5.520866]  0000000000000009 ffff880407f0fde0 ffffffff81515361 0000000000000000
[    5.521074]  ffff880407f0fe18 ffffffff8103f818 0000000000000000 0000000000000001
[    5.521286]  0000000000000001 ffff880407fa2440 ffffffff81aaebd0 ffff880407f0fe28
[    5.521496] Call Trace:
[    5.521559]  [<ffffffff81515361>] dump_stack+0x45/0x56
[    5.521622]  [<ffffffff8103f818>] warn_slowpath_common+0x78/0xa0
[    5.521684]  [<ffffffff8103f8f5>] warn_slowpath_null+0x15/0x20
[    5.521746]  [<ffffffff81024281>] native_cpu_up+0x4c1/0x9b0
[    5.521809]  [<ffffffff8105b66d>] ? notifier_call_chain+0x4d/0x70
[    5.521871]  [<ffffffff8103fc44>] cpu_up+0x154/0x1a0
[    5.521932]  [<ffffffff81ae0867>] smp_init+0x8d/0xe7
[    5.521995]  [<ffffffff81acaf3b>] kernel_init_freeable+0xf3/0x200
[    5.522057]  [<ffffffff81511a40>] ? rest_init+0x80/0x80
[    5.522118]  [<ffffffff81511a49>] kernel_init+0x9/0xf0
[    5.522176]  [<ffffffff8151bbac>] ret_from_fork+0x7c/0xb0
[    5.522234]  [<ffffffff81511a40>] ? rest_init+0x80/0x80
[    5.522296] ---[ end trace 68a3008e3af4cd4d ]---
[    5.522355] smpboot: ++++++++++++++++++++=_---CPU UP  1
[    5.522413] ------------[ cut here ]------------
[    5.522476] WARNING: CPU: 0 PID: 1 at kernel/smp.c:294 smp_call_function_single+0x89/0xa0()
[    5.523486] Modules linked in:
[    5.523573] CPU: 0 PID: 1 Comm: swapper/0 Tainted: G        W I    3.17.0-rc3-gb7fece1 #73
[    5.523704] Hardware name: LENOVO Sabine/Torpedo, BIOS 54CN18WW 07/20/2011
[    5.523765]  0000000000000009 ffff880407f0fda0 ffffffff81515361 0000000000000000
[    5.523974]  ffff880407f0fdd8 ffffffff8103f818 0000000000000000 ffffffff8101fc70
[    5.524182]  0000000000000001 ffff880407fa2440 ffffffff81aaebd0 ffff880407f0fde8
[    5.524391] Call Trace:
[    5.524450]  [<ffffffff81515361>] dump_stack+0x45/0x56
[    5.524511]  [<ffffffff8103f818>] warn_slowpath_common+0x78/0xa0
[    5.524575]  [<ffffffff8101fc70>] ? get_fixed_ranges.constprop.6+0x120/0x120
[    5.524634]  [<ffffffff8103f8f5>] warn_slowpath_null+0x15/0x20
[    5.524691]  [<ffffffff810a5ef9>] smp_call_function_single+0x89/0xa0
[    5.524749]  [<ffffffff8101e68f>] mtrr_save_state+0x2f/0x40
[    5.524810]  [<ffffffff81023e51>] native_cpu_up+0x91/0x9b0
[    5.524872]  [<ffffffff8105b66d>] ? notifier_call_chain+0x4d/0x70
[    5.524934]  [<ffffffff8103fc44>] cpu_up+0x154/0x1a0
[    5.524994]  [<ffffffff81ae0867>] smp_init+0x8d/0xe7
[    5.525055]  [<ffffffff81acaf3b>] kernel_init_freeable+0xf3/0x200
[    5.525117]  [<ffffffff81511a40>] ? rest_init+0x80/0x80
[    5.525178]  [<ffffffff81511a49>] kernel_init+0x9/0xf0
[    5.525239]  [<ffffffff8151bbac>] ret_from_fork+0x7c/0xb0
[    5.525300]  [<ffffffff81511a40>] ? rest_init+0x80/0x80
[    5.525358] ---[ end trace 68a3008e3af4cd4e ]---
[    5.525418] x86: Booting SMP configuration:
[    5.525476]     #1
[    5.525542] smpboot: Setting warm reset code and vector.
[    5.525656] smpboot: 1.
[    5.525713] smpboot: 2.
[    5.525771] smpboot: 3.
[    5.525829] smpboot: Asserting INIT
[    5.525886] smpboot: Waiting for INIT send to finish...
[    5.535948] smpboot: status for above ^ is: 0
[    5.536058] smpboot: Deasserting INIT
[    5.536121] smpboot: Waiting for above send to finish...
[    5.536185] smpboot: #startup loops: 2
[    5.536249] smpboot: Sending STARTUP #1
[    5.536311] smpboot: After apic_write
[    5.536674] smpboot: Startup point 1
[    5.536784] smpboot: Waiting for send to finish...
[    5.537050] smpboot: Sending STARTUP #2
[    5.537159] smpboot: After apic_write
[    5.537522] smpboot: Startup point 1
[    5.537632] smpboot: Waiting for send to finish...
[    5.537896] smpboot: After Startup
[    5.538004] smpboot: Before Callout 1
[    5.538065] smpboot: After Callout 1
[    5.538128] smpboot: start waiting 5sec for response
[   10.555175] smpboot: done waiting 5sec for response
[   10.555318] smpboot: cpumask_test_cpu result: 0
[   10.555381] smpboot: cpu_callin_mask: 000000000000000d
[   10.555479] smpboot: cpu_callout_mask: 000000000000000f
[   10.555541] smpboot: CPU1: Not responding
[   10.555665] smpboot: do_boot_cpu failed(1) to wakeup CPU#1
[   10.555734] after cpu_up !!!!!!!!!!!!
[   10.555771] x86: Booted up 1 node, 3 CPUs
[   10.555889] smpboot: Boot done
[   10.555950] smpboot: Before bogomips
[   10.556013] smpboot: Total of 3 processors activated (8387.73 BogoMIPS)
[   10.556078] smpboot: Before bogocount - setting activated=1
[   10.136758] devtmpfs: initialized
[   10.136817] device: 'platform': device_add
[   10.136913] bus: 'platform': registered
[   10.136988] bus: 'cpu': registered
[   10.136988] device: 'cpu': device_add
[   10.136988] bus: 'container': registered
[   10.136988] device: 'container': device_add
[   10.140273] bus: 'workqueue': registered
[   10.140378] device: 'workqueue': device_add
[   10.140477] kworker/u8:0 (39) used greatest stack depth: 14848 bytes left
[   10.140677] atomic64_test: passed for x86-64 platform with CX8 and with SSE
[   10.140795] device class 'regulator': registering
[   10.140902] Registering platform device 'reg-dummy'. Parent at platform
[   10.141012] device: 'reg-dummy': device_add
[   10.141077] bus: 'platform': add device reg-dummy
[   10.141167] bus: 'platform': add driver reg-dummy
[   10.141235] bus: 'platform': driver_probe_device: matched device reg-dummy with driver reg-dummy
[   10.141348] bus: 'platform': really_probe: probing driver reg-dummy with device reg-dummy
[   10.141494] device: 'regulator.0': device_add
[   10.141590] regulator-dummy: no parameters
[   10.141660] driver: 'reg-dummy': driver_bound: bound to device 'reg-dummy'
[   10.141724] bus: 'platform': really_probe: bound device reg-dummy to driver reg-dummy
[   10.141996] NET: Registered protocol family 16
[   10.141996] device class 'bdi': registering
[   10.141996] bus: 'platform': add driver ramoops
[   10.141996] device class 'pci_bus': registering
[   10.141996] bus: 'pci': registered
[   10.141996] device class 'backlight': registering
[   10.141996] device class 'tty': registering
[   10.141996] device class 'vtconsole': registering
[   10.141996] device: 'vtcon0': device_add
[   10.143365] bus: 'node': registered
[   10.143365] device: 'node': device_add
[   10.143401] bus: 'i2c': registered
[   10.143401] bus: 'i2c': add driver dummy
[   10.143401] i2c-core: driver [dummy] registered
[   10.143401] cpuidle: using governor ladder
[   10.143401] cpuidle: using governor menu
[   10.143401] ACPI FADT declares the system doesn't support PCIe ASPM, so disable it
[   10.143401] ACPI: bus type PCI registered
[   10.143401] acpiphp: ACPI Hot Plug PCI Controller Driver version: 0.5
[   10.143401] device class 'dmi': registering
[   10.143401] device: 'id': device_add
[   10.143401] PCI: MMCONFIG for domain 0000 [bus 00-3f] at [mem 0xf8000000-0xfbffffff] (base 0xf8000000)
[   10.143401] PCI: not using MMCONFIG
[   10.143401] PCI: Using configuration type 1 for base access
[   10.143401] PCI: Using configuration type 1 for extended access
[   10.143401] device: 'node0': device_add
[   10.143401] bus: 'node': add device node0
[   10.143401] device: 'cpu0': device_add
[   10.143401] bus: 'cpu': add device cpu0
[   10.143401] device: 'cpu1': device_add
[   10.143401] bus: 'cpu': add device cpu1
[   10.143438] device: 'cpu2': device_add
[   10.143431] kworker/u8:0 (59) used greatest stack depth: 14176 bytes left
[   10.143611] bus: 'cpu': add device cpu2
[   10.143709] device: 'cpu3': device_add
[   10.143820] bus: 'cpu': add device cpu3
[   10.166723] device: 'writeback': device_add
[   10.166842] bus: 'workqueue': add device writeback
[   10.166958] device: 'default': device_add
[   10.167166] device class 'block': registering
[   10.167166] ACPI: Added _OSI(Module Device)
[   10.167166] ACPI: Added _OSI(Processor Device)
[   10.167166] ACPI: Added _OSI(3.0 _SCP Extensions)
[   10.167166] ACPI: Added _OSI(Processor Aggregator Device)
[   10.170753] 
**** Context Switch from TID 4294967295 to TID 133431296 ****

[   10.170968]     utils-0051 util_eval_error       : Evaluate [\_SB_.PCI0.LPC0.EC0_._GLK]: AE_NOT_FOUND
[   10.171503] Executing  Method       \_SB_.PCI0.LPC0.EC0_._REG
[   10.172298] Executing  Method       \_SB_.PCI0.LPC0.EC0_._REG
[   10.172497] Executing  Method       \_SB_.PCI0.LPC0.EC0_._REG
[   10.172678] Executing  Method       \_SB_.PCI0.LPC0.EC0_._REG
[   10.175742] Initializing Region       \_SB_.OSTY
[   10.175949] Initializing Region       \_SB_.PCI0.NBMS
[   10.176098] Initializing Region       \_SB_.PCI0.NBXP
[   10.176249] Initializing Region       \_SB_.PCI0.K8ST
[   10.176417] Initializing Region       \_SB_.PCI0.BAR1
[   10.176576] Initializing Region       \_SB_.PCI0.PB2_.XPEX
[   10.176684] Initializing Region       \_SB_.PCI0.PB2_.PCFG
[   10.176833] Initializing Region       \_SB_.PCI0.PB2_.XPCB
[   10.176983] Initializing Region       \_SB_.PCI0.PB2_.XPRI
[   10.177136] Initializing Region       \_SB_.PCI0.PB2_.VGA_.PCFG
[   10.177348] Initializing Region       \_SB_.PCI0.PB2_.HDAU.PCFG
[   10.177518] Initializing Region       \_SB_.PCI0.PB3_.XPEX
[   10.177656] Initializing Region       \_SB_.PCI0.PB3_.PCFG
[   10.177804] Initializing Region       \_SB_.PCI0.PB3_.XPCB
[   10.177954] Initializing Region       \_SB_.PCI0.PB3_.XPRI
[   10.178107] Initializing Region       \_SB_.PCI0.PB3_.VGA_.PCFG
[   10.178327] Initializing Region       \_SB_.PCI0.PB3_.HDAU.PCFG
[   10.178492] Initializing Region       \_SB_.PCI0.PB4_.XPEX
[   10.178640] Initializing Region       \_SB_.PCI0.PB4_.PCFG
[   10.178784] Initializing Region       \_SB_.PCI0.PB4_.XPCB
[   10.178923] Initializing Region       \_SB_.PCI0.PB4_.XPRI
[   10.179077] Initializing Region       \_SB_.PCI0.PB4_.XPDV.PCFG
[   10.179241] Initializing Region       \_SB_.PCI0.PB5_.XPEX
[   10.179390] Initializing Region       \_SB_.PCI0.PB5_.PCFG
[   10.179538] Initializing Region       \_SB_.PCI0.PB5_.XPCB
[   10.179688] Initializing Region       \_SB_.PCI0.PB5_.XPRI
[   10.179842] Initializing Region       \_SB_.PCI0.PB5_.XPDV.PCFG
[   10.180020] Initializing Region       \_SB_.PCI0.PB6_.XPEX
[   10.180157] Initializing Region       \_SB_.PCI0.PB6_.PCFG
[   10.180307] Initializing Region       \_SB_.PCI0.PB6_.XPCB
[   10.180456] Initializing Region       \_SB_.PCI0.PB6_.XPRI
[   10.180608] Initializing Region       \_SB_.PCI0.PB6_.XPDV.PCFG
[   10.180771] Initializing Region       \_SB_.PCI0.PB7_.XPEX
[   10.180919] Initializing Region       \_SB_.PCI0.PB7_.PCFG
[   10.181067] Initializing Region       \_SB_.PCI0.PB7_.XPCB
[   10.181215] Initializing Region       \_SB_.PCI0.PB7_.XPRI
[   10.182378] Initializing Region       \_SB_.PCI0.PB7_.XPDV.PCFG
[   10.182735] Initializing Region       \_SB_.PCI0.SATC
[   10.182929] Initializing Region       \_SB_.PCI0.RMEM
[   10.183111] Initializing Region       \_SB_.PCI0.SATA.SATX
[   10.183264] Initializing Region       \_SB_.PCI0.SATA.BAR5
[   10.200176] Initializing Region       \_SB_.PCI0.SMB_.SBRV
[   10.200383] Initializing Region       \_SB_.PCI0.SMB_.PMIO
[   10.200532] Initializing Region       \_SB_.PCI0.SMB_.ERMM
[   10.203559] Initializing Region       \_SB_.PCI0.SMB_.P1E0
[   10.203760] Initializing Region       \_SB_.PCI0.SMB_.ABIO
[   10.203910] Initializing Region       \_SB_.PCI0.SMB_.SMB0
[   10.204061] Initializing Region       \_SB_.PCI0.LPC0.PIRQ
[   10.204263] Initializing Region       \_SB_.PCI0.LPC0.LPCR
[   10.204493] Initializing Region       \_SB_.PCI0.LPC0.LPCS
[   10.204698] Initializing Region       \_SB_.PCI0.LPC0.SMI0
[   10.204844] Initializing Region       \_SB_.PCI0.LPC0.SMI1
[   10.204998] Initializing Region       \_SB_.PCI0.LPC0.EC0_.ECO1
[   10.205139] Initializing Region       \_SB_.PCI0.LPC0.EC0_.ECO2
[   10.205276] Initializing Region       \_SB_.PCI0.LPC0.EC0_.ECMB
[   10.205419] Initializing Region       \_SB_.PCI0.LPC0.EC0_.RAM_
[   10.205676] Initializing Region       \_SB_.PCI0.LPC0.EC0_.CMOS
[   10.205848] Initializing Region       \_SB_.PCI0.LPC0.EC0_.VPC0.ERAM
[   10.206066] Initializing Region       \_SB_.PCI0.SPB0.PCFG
[   10.206260] Initializing Region       \_SB_.PCI0.SPB0.XPCB
[   10.206411] Initializing Region       \_SB_.PCI0.SPB0.XPDV.PCFG
[   10.206572] Initializing Region       \_SB_.PCI0.SPB1.PCFG
[   10.206735] Initializing Region       \_SB_.PCI0.SPB1.XPCB
[   10.206874] Initializing Region       \_SB_.PCI0.SPB1.XPDV.PCFG
[   10.207033] Initializing Region       \_SB_.PCI0.SPB2.PCFG
[   10.207180] Initializing Region       \_SB_.PCI0.SPB2.XPCB
[   10.207331] Initializing Region       \_SB_.PCI0.SPB2.XPDV.PCFG
[   10.207481] Initializing Region       \_SB_.PCI0.SPB3.PCFG
[   10.207617] Initializing Region       \_SB_.PCI0.SPB3.XPCB
[   10.207765] Initializing Region       \_SB_.PCI0.SPB3.XPDV.PCFG
[   10.208073] Initializing Region       \_SB_.PCI0.VGA_.REVD
[   10.208383] Initializing BufferField  \_SB_.AMW0.WLID
[   10.208987] Initializing Region       \DEB2
[   10.209170] Initializing Region       \PMIO
[   10.209313] Initializing Region       \P01_
[   10.209484] Initializing Region       \CNVS
[   10.209691] Initializing Region       \SPRT
[   10.209840] Initializing Region       \CMIO
[   10.210093] Executing  Method       \_SB_._STA
[   10.210264] Executing  Method       \_SB_._INI
[   10.210434] Executing  Method       \_SB_.PCI0._STA
[   10.210602] Executing  Method       \_SB_.PCI0._INI
[   10.210991] [Firmware Bug]: ACPI: BIOS _OSI(Linux) query ignored
[   10.211405] Executing  Method       \_SB_.PCI0.SATA._STA
[   10.211569] Executing  Method       \_SB_.PCI0.SATA._INI
[   10.212479] Executing  Method       \_SB_.PCI0.LPC0.EC0_._REG
[   10.256744] ACPI: Interpreter enabled
[   10.256873] ACPI: (supports S0 S5)
[   10.256939] ACPI: Using IOAPIC for interrupt routing
[   10.257298] PCI: MMCONFIG for domain 0000 [bus 00-3f] at [mem 0xf8000000-0xfbffffff] (base 0xf8000000)
[   10.258094] PCI: MMCONFIG at [mem 0xf8000000-0xfbffffff] reserved in ACPI motherboard resources
[   10.258344] bus: 'acpi': registered
[   10.258460] PCI: Using host bridge windows from ACPI; if necessary, use "pci=nocrs" and report a bug
[   10.258612]      scan-1141 get_device_data       : No context for object [ffffffffffffffff]
[   10.258612]     utils-0051 util_eval_error       : Evaluate [\._STA]: AE_NOT_FOUND
[   10.258612] device: 'LNXSYSTM:00': device_add
[   10.258612] bus: 'acpi': add device LNXSYSTM:00
[   10.258612]     utils-0051 util_eval_error       : Evaluate [\._SUN]: AE_NOT_FOUND
[   10.258612]      scan-1933 add_single_object     : Added LNXSYSTM:00 [\] parent (null)
[   10.258612]      scan-1141 get_device_data       : No context for object [ffff88040d81d000]
[   10.258612]      scan-1141 get_device_data       : No context for object [ffff88040d8377d0]
[   10.258612]      scan-1141 get_device_data       : No context for object [ffff88040d8377f8]
[   10.258612]      scan-1141 get_device_data       : No context for object [ffff88040d837820]
[   10.258612]      scan-1141 get_device_data       : No context for object [ffff88040d837848]
[   10.258612]      scan-1141 get_device_data       : No context for object [ffff88040d837870]
[   10.258692]      scan-1141 get_device_data       : No context for object [ffff88040d837898]
[   10.258902]      scan-1141 get_device_data       : No context for object [ffff88040d8378c0]
[   10.259111]      scan-1141 get_device_data       : No context for object [ffff88040d8378e8]
[   10.259321]      scan-1141 get_device_data       : No context for object [ffff88040d839398]
[   10.259530]      scan-1141 get_device_data       : No context for object [ffff88040d81d028]
[   10.259735]      scan-1141 get_device_data       : No context for object [ffff88040d81d168]
[   10.260004]     utils-0051 util_eval_error       : Evaluate [\_PR_.C000._STA]: AE_NOT_FOUND
[   10.260215]      scan-1141 get_device_data       : No context for object [ffff88040d81d028]
[   10.260434] device: 'LNXCPU:00': device_add
[   10.260502] bus: 'acpi': add device LNXCPU:00
[   10.260581]     utils-0051 util_eval_error       : Evaluate [\_PR_.C000._SUN]: AE_NOT_FOUND
[   10.260798]      scan-1933 add_single_object     : Added LNXCPU:00 [\_PR_.C000] parent LNXSYSTM:00
[   10.261003]      scan-1141 get_device_data       : No context for object [ffff88040d83c398]
[   10.261213]      scan-1141 get_device_data       : No context for object [ffff88040d83c3c0]
[   10.261412]      scan-1141 get_device_data       : No context for object [ffff88040d83c3e8]
[   10.261609]      scan-1141 get_device_data       : No context for object [ffff88040d83c410]
[   10.261805]      scan-1141 get_device_data       : No context for object [ffff88040d83c438]
[   10.261997]      scan-1141 get_device_data       : No context for object [ffff88040d83c460]
[   10.262188]      scan-1141 get_device_data       : No context for object [ffff88040d81d190]
[   10.262385]     utils-0051 util_eval_error       : Evaluate [\_PR_.C001._STA]: AE_NOT_FOUND
[   10.262581]      scan-1141 get_device_data       : No context for object [ffff88040d81d028]
[   10.262786] device: 'LNXCPU:01': device_add
[   10.262848] bus: 'acpi': add device LNXCPU:01
[   10.262922]     utils-0051 util_eval_error       : Evaluate [\_PR_.C001._SUN]: AE_NOT_FOUND
[   10.263378]      scan-1933 add_single_object     : Added LNXCPU:01 [\_PR_.C001] parent LNXSYSTM:00
[   10.263378]      scan-1141 get_device_data       : No context for object [ffff88040d83c488]
[   10.263460]      scan-1141 get_device_data       : No context for object [ffff88040d83c4b0]
[   10.263655]      scan-1141 get_device_data       : No context for object [ffff88040d83c4d8]
[   10.263849]      scan-1141 get_device_data       : No context for object [ffff88040d83c500]
[   10.264026]      scan-1141 get_device_data       : No context for object [ffff88040d83c528]
[   10.264221]      scan-1141 get_device_data       : No context for object [ffff88040d83c550]
[   10.264415]      scan-1141 get_device_data       : No context for object [ffff88040d81d1b8]
[   10.264606]     utils-0051 util_eval_error       : Evaluate [\_PR_.C002._STA]: AE_NOT_FOUND
[   10.264804]      scan-1141 get_device_data       : No context for object [ffff88040d81d028]
[   10.265008] device: 'LNXCPU:02': device_add
[   10.265070] bus: 'acpi': add device LNXCPU:02
[   10.265144]     utils-0051 util_eval_error       : Evaluate [\_PR_.C002._SUN]: AE_NOT_FOUND
[   10.265348]      scan-1933 add_single_object     : Added LNXCPU:02 [\_PR_.C002] parent LNXSYSTM:00
[   10.265549]      scan-1141 get_device_data       : No context for object [ffff88040d83c578]
[   10.265744]      scan-1141 get_device_data       : No context for object [ffff88040d83c5a0]
[   10.265938]      scan-1141 get_device_data       : No context for object [ffff88040d83c5c8]
[   10.266090]      scan-1141 get_device_data       : No context for object [ffff88040d83c5f0]
[   10.266267]      scan-1141 get_device_data       : No context for object [ffff88040d83c618]
[   10.266465]      scan-1141 get_device_data       : No context for object [ffff88040d83c640]
[   10.266670]      scan-1141 get_device_data       : No context for object [ffff88040d81d1e0]
[   10.266871]     utils-0051 util_eval_error       : Evaluate [\_PR_.C003._STA]: AE_NOT_FOUND
[   10.267044]      scan-1141 get_device_data       : No context for object [ffff88040d81d028]
[   10.267251] device: 'LNXCPU:03': device_add
[   10.267314] bus: 'acpi': add device LNXCPU:03
[   10.267388]     utils-0051 util_eval_error       : Evaluate [\_PR_.C003._SUN]: AE_NOT_FOUND
[   10.267594]      scan-1933 add_single_object     : Added LNXCPU:03 [\_PR_.C003] parent LNXSYSTM:00
[   10.267796]      scan-1141 get_device_data       : No context for object [ffff88040d83c668]
[   10.267994]      scan-1141 get_device_data       : No context for object [ffff88040d83c690]
[   10.269210]      scan-1141 get_device_data       : No context for object [ffff88040d83c6b8]
[   10.269407]      scan-1141 get_device_data       : No context for object [ffff88040d83c6e0]
[   10.269602]      scan-1141 get_device_data       : No context for object [ffff88040d83c708]
[   10.269800]      scan-1141 get_device_data       : No context for object [ffff88040d83c730]
[   10.270003]      scan-1141 get_device_data       : No context for object [ffff88040d81d050]
[   10.270204]     utils-0051 util_eval_error       : Evaluate [\_SB_._STA]: AE_NOT_FOUND
[   10.270456] device: 'LNXSYBUS:00': device_add
[   10.270565] bus: 'acpi': add device LNXSYBUS:00
[   10.270634]     utils-0051 util_eval_error       : Evaluate [\_SB_._SUN]: AE_NOT_FOUND
[   10.270838]      scan-1933 add_single_object     : Added LNXSYBUS:00 [\_SB_] parent LNXSYSTM:00
[   10.271025]      scan-1141 get_device_data       : No context for object [ffff88040d81d3c0]
[   10.271223]      scan-1141 get_device_data       : No context for object [ffff88040d81d3e8]
[   10.271421]      scan-1141 get_device_data       : No context for object [ffff88040d81d410]
[   10.271618]      scan-1141 get_device_data       : No context for object [ffff88040d81d438]
[   10.271814]      scan-1141 get_device_data       : No context for object [ffff88040d81d460]
[   10.272007]      scan-1141 get_device_data       : No context for object [ffff88040d81d488]
[   10.272205]      scan-1141 get_device_data       : No context for object [ffff88040d81d4b0]
[   10.272402]      scan-1141 get_device_data       : No context for object [ffff88040d81d5a0]
[   10.272600]     utils-0051 util_eval_error       : Evaluate [\_SB_.PWRB._STA]: AE_NOT_FOUND
[   10.272832] device: 'PNP0C0C:00': device_add
[   10.272895] bus: 'acpi': add device PNP0C0C:00
[   10.272970]     utils-0051 util_eval_error       : Evaluate [\_SB_.PWRB._SUN]: AE_NOT_FOUND
[   10.273389]      scan-1933 add_single_object     : Added PNP0C0C:00 [\_SB_.PWRB] parent LNXSYBUS:00
[   10.273389]      scan-1141 get_device_data       : No context for object [ffff88040d81d5c8]
[   10.273543]      scan-1141 get_device_data       : No context for object [ffff88040d81d5f0]
[   10.273743]     utils-0051 util_eval_error       : Evaluate [\_SB_.PCI0._STA]: AE_NOT_FOUND
[   10.274004] device: 'PNP0A08:00': device_add
[   10.274082] bus: 'acpi': add device PNP0A08:00
[   10.274161]     utils-0051 util_eval_error       : Evaluate [\_SB_.PCI0._SUN]: AE_NOT_FOUND
[   10.274364]      scan-1933 add_single_object     : Added PNP0A08:00 [\_SB_.PCI0] parent LNXSYBUS:00
[   10.274574]      scan-1141 get_device_data       : No context for object [ffff88040d81d618]
[   10.274772]      scan-1141 get_device_data       : No context for object [ffff88040d81d640]
[   10.274969]      scan-1141 get_device_data       : No context for object [ffff88040d81d668]
[   10.275167]      scan-1141 get_device_data       : No context for object [ffff88040d81d690]
[   10.275364]      scan-1141 get_device_data       : No context for object [ffff88040d81d6b8]
[   10.275561]      scan-1141 get_device_data       : No context for object [ffff88040d81d6e0]
[   10.275757]      scan-1141 get_device_data       : No context for object [ffff88040d81d708]
[   10.275955]      scan-1141 get_device_data       : No context for object [ffff88040d81d730]
[   10.276132]      scan-1141 get_device_data       : No context for object [ffff88040d81d758]
[   10.276329]      scan-1141 get_device_data       : No context for object [ffff88040d81d780]
[   10.276526]      scan-1141 get_device_data       : No context for object [ffff88040d81d7a8]
[   10.276668]      scan-1141 get_device_data       : No context for object [ffff88040d81d7d0]
[   10.276862]      scan-1141 get_device_data       : No context for object [ffff88040d81d7f8]
[   10.277013]      scan-1141 get_device_data       : No context for object [ffff88040d81d820]
[   10.277190]      scan-1141 get_device_data       : No context for object [ffff88040d81d848]
[   10.277388]      scan-1141 get_device_data       : No context for object [ffff88040d81d870]
[   10.277586]      scan-1141 get_device_data       : No context for object [ffff88040d81d898]
[   10.277784]      scan-1141 get_device_data       : No context for object [ffff88040d81d8c0]
[   10.277960]      scan-1141 get_device_data       : No context for object [ffff88040d81d8e8]
[   10.278156]      scan-1141 get_device_data       : No context for object [ffff88040d81d910]
[   10.278351]      scan-1141 get_device_data       : No context for object [ffff88040d81d938]
[   10.278546]      scan-1141 get_device_data       : No context for object [ffff88040d81d960]
[   10.278740]      scan-1141 get_device_data       : No context for object [ffff88040d81d988]
[   10.278929]      scan-1141 get_device_data       : No context for object [ffff88040d81d9b0]
[   10.279123]      scan-1141 get_device_data       : No context for object [ffff88040d81d9d8]
[   10.279314]      scan-1141 get_device_data       : No context for object [ffff88040d81da00]
[   10.279508]      scan-1141 get_device_data       : No context for object [ffff88040d81da28]
[   10.279702]      scan-1141 get_device_data       : No context for object [ffff88040d81da50]
[   10.279897]      scan-1141 get_device_data       : No context for object [ffff88040d81da78]
[   10.280144]      scan-1141 get_device_data       : No context for object [ffff88040d81daa0]
[   10.280339]      scan-1141 get_device_data       : No context for object [ffff88040d81dac8]
[   10.280530]      scan-1141 get_device_data       : No context for object [ffff88040d81daf0]
[   10.280726]      scan-1141 get_device_data       : No context for object [ffff88040d81db18]
[   10.280921]      scan-1141 get_device_data       : No context for object [ffff88040d81db40]
[   10.281070]      scan-1141 get_device_data       : No context for object [ffff88040d81db68]
[   10.281247]      scan-1141 get_device_data       : No context for object [ffff88040d81db90]
[   10.281441]      scan-1141 get_device_data       : No context for object [ffff88040d81dbb8]
[   10.281634]      scan-1141 get_device_data       : No context for object [ffff88040d81dbe0]
[   10.281824]      scan-1141 get_device_data       : No context for object [ffff88040d81dc08]
[   10.282001]      scan-1141 get_device_data       : No context for object [ffff88040d81dc30]
[   10.282195]      scan-1141 get_device_data       : No context for object [ffff88040d81dc58]
[   10.282389]      scan-1141 get_device_data       : No context for object [ffff88040d81dc80]
[   10.282586]      scan-1141 get_device_data       : No context for object [ffff88040d81dca8]
[   10.282783]      scan-1141 get_device_data       : No context for object [ffff88040d81dcd0]
[   10.282977]      scan-1141 get_device_data       : No context for object [ffff88040d81dcf8]
[   10.283175]      scan-1141 get_device_data       : No context for object [ffff88040d81dd20]
[   10.283335]      scan-1141 get_device_data       : No context for object [ffff88040d81dd48]
[   10.283533]      scan-1141 get_device_data       : No context for object [ffff88040d81dd70]
[   10.283731]      scan-1141 get_device_data       : No context for object [ffff88040d81dd98]
[   10.283928]      scan-1141 get_device_data       : No context for object [ffff88040d81ddc0]
[   10.284124]      scan-1141 get_device_data       : No context for object [ffff88040d81dde8]
[   10.284320]      scan-1141 get_device_data       : No context for object [ffff88040d81de10]
[   10.284517]      scan-1141 get_device_data       : No context for object [ffff88040d81de38]
[   10.284715]      scan-1141 get_device_data       : No context for object [ffff88040d81de60]
[   10.284912]      scan-1141 get_device_data       : No context for object [ffff88040d81de88]
[   10.285063]      scan-1141 get_device_data       : No context for object [ffff88040d81deb0]
[   10.285238]      scan-1141 get_device_data       : No context for object [ffff88040d81ded8]
[   10.285433]      scan-1141 get_device_data       : No context for object [ffff88040d81df00]
[   10.285631]      scan-1141 get_device_data       : No context for object [ffff88040d81df28]
[   10.285828]      scan-1141 get_device_data       : No context for object [ffff88040d81df50]
[   10.286005]      scan-1141 get_device_data       : No context for object [ffff88040d81df78]
[   10.286202]      scan-1141 get_device_data       : No context for object [ffff88040d81dfa0]
[   10.286400]      scan-1141 get_device_data       : No context for object [ffff88040d81dfc8]
[   10.290002]      scan-1141 get_device_data       : No context for object [ffff88040d822000]
[   10.290198]      scan-1141 get_device_data       : No context for object [ffff88040d822028]
[   10.290376]     utils-0051 util_eval_error       : Evaluate [\_SB_.PCI0.MEMR._STA]: AE_NOT_FOUND
[   10.290608] device: 'PNP0C02:00': device_add
[   10.290672] bus: 'acpi': add device PNP0C02:00
[   10.290749]     utils-0051 util_eval_error       : Evaluate [\_SB_.PCI0.MEMR._SUN]: AE_NOT_FOUND
[   10.290956]      scan-1933 add_single_object     : Added PNP0C02:00 [\_SB_.PCI0.MEMR] parent PNP0A08:00
[   10.291162]      scan-1141 get_device_data       : No context for object [ffff88040d822050]
[   10.291342]      scan-1141 get_device_data       : No context for object [ffff88040d822078]
[   10.291534]      scan-1141 get_device_data       : No context for object [ffff88040d8220a0]
[   10.291732]      scan-1141 get_device_data       : No context for object [ffff88040d8220c8]
[   10.291930]      scan-1141 get_device_data       : No context for object [ffff88040d8220f0]
[   10.292127]      scan-1141 get_device_data       : No context for object [ffff88040d822118]
[   10.292127]      scan-1141 get_device_data       : No context for object [ffff88040d822140]
[   10.292127]      scan-1141 get_device_data       : No context for object [ffff88040d822168]
[   10.292127]      scan-1141 get_device_data       : No context for object [ffff88040d822190]
[   10.292127]      scan-1141 get_device_data       : No context for object [ffff88040d8221b8]
[   10.292127]      scan-1141 get_device_data       : No context for object [ffff88040d8221e0]
[   10.292127]      scan-1141 get_device_data       : No context for object [ffff88040d822208]
[   10.292127]      scan-1141 get_device_data       : No context for object [ffff88040d822230]
[   10.292127]      scan-1141 get_device_data       : No context for object [ffff88040d822258]
[   10.292127]      scan-1141 get_device_data       : No context for object [ffff88040d822280]
[   10.292127]      scan-1141 get_device_data       : No context for object [ffff88040d8222a8]
[   10.292127]     utils-0051 util_eval_error       : Evaluate [\_SB_.PCI0.PB2_._STA]: AE_NOT_FOUND
[   10.292255] device: 'device:00': device_add
[   10.292318] bus: 'acpi': add device device:00
[   10.292393]     utils-0051 util_eval_error       : Evaluate [\_SB_.PCI0.PB2_._SUN]: AE_NOT_FOUND
[   10.292600]      scan-1933 add_single_object     : Added device:00 [\_SB_.PCI0.PB2_] parent PNP0A08:00
[   10.292800]      scan-1141 get_device_data       : No context for object [ffff88040d8222d0]
[   10.292997]      scan-1141 get_device_data       : No context for object [ffff88040d8222f8]
[   10.293195]      scan-1141 get_device_data       : No context for object [ffff88040d822320]
[   10.293336]      scan-1141 get_device_data       : No context for object [ffff88040d822348]
[   10.293534]      scan-1141 get_device_data       : No context for object [ffff88040d822370]
[   10.293732]      scan-1141 get_device_data       : No context for object [ffff88040d822398]
[   10.293928]      scan-1141 get_device_data       : No context for object [ffff88040d8223c0]
[   10.294125]      scan-1141 get_device_data       : No context for object [ffff88040d8223e8]
[   10.294323]      scan-1141 get_device_data       : No context for object [ffff88040d822410]
[   10.294520]      scan-1141 get_device_data       : No context for object [ffff88040d822438]
[   10.294718]      scan-1141 get_device_data       : No context for object [ffff88040d822460]
[   10.294916]      scan-1141 get_device_data       : No context for object [ffff88040d822488]
[   10.295100]      scan-1141 get_device_data       : No context for object [ffff88040d8224b0]
[   10.295290]      scan-1141 get_device_data       : No context for object [ffff88040d8224d8]
[   10.295485]      scan-1141 get_device_data       : No context for object [ffff88040d822500]
[   10.295680]      scan-1141 get_device_data       : No context for object [ffff88040d822528]
[   10.295874]      scan-1141 get_device_data       : No context for object [ffff88040d822550]
[   10.296023]      scan-1141 get_device_data       : No context for object [ffff88040d822578]
[   10.296201]      scan-1141 get_device_data       : No context for object [ffff88040d8225a0]
[   10.296395]      scan-1141 get_device_data       : No context for object [ffff88040d8225c8]
[   10.296589]      scan-1141 get_device_data       : No context for object [ffff88040d8225f0]
[   10.296827]      scan-1141 get_device_data       : No context for object [ffff88040d822618]
[   10.297003]      scan-1141 get_device_data       : No context for object [ffff88040d822640]
[   10.297198]      scan-1141 get_device_data       : No context for object [ffff88040d822668]
[   10.297393]      scan-1141 get_device_data       : No context for object [ffff88040d822690]
[   10.297587]      scan-1141 get_device_data       : No context for object [ffff88040d8226b8]
[   10.297777]      scan-1141 get_device_data       : No context for object [ffff88040d8226e0]
[   10.297971]      scan-1141 get_device_data       : No context for object [ffff88040d822708]
[   10.298166]      scan-1141 get_device_data       : No context for object [ffff88040d822730]
[   10.298361]      scan-1141 get_device_data       : No context for object [ffff88040d822758]
[   10.298555]      scan-1141 get_device_data       : No context for object [ffff88040d822780]
[   10.298753]     utils-0051 util_eval_error       : Evaluate [\_SB_.PCI0.PB2_.VGA_._STA]: AE_NOT_FOUND
[   10.298982] device: 'device:01': device_add
[   10.299092] bus: 'acpi': add device device:01
[   10.299165]     utils-0051 util_eval_error       : Evaluate [\_SB_.PCI0.PB2_.VGA_._SUN]: AE_NOT_FOUND
[   10.299375]      scan-1933 add_single_object     : Added device:01 [\_SB_.PCI0.PB2_.VGA_] parent device:00
[   10.299578]      scan-1141 get_device_data       : No context for object [ffff88040d8227a8]
[   10.299776]      scan-1141 get_device_data       : No context for object [ffff88040d8227d0]
[   10.299973]      scan-1141 get_device_data       : No context for object [ffff88040d8227f8]
[   10.300160]      scan-1141 get_device_data       : No context for object [ffff88040d822820]
[   10.300358]      scan-1141 get_device_data       : No context for object [ffff88040d822848]
[   10.300556]      scan-1141 get_device_data       : No context for object [ffff88040d822870]
[   10.300753]      scan-1141 get_device_data       : No context for object [ffff88040d822898]
[   10.300951]      scan-1141 get_device_data       : No context for object [ffff88040d8228c0]
[   10.301135]      scan-1141 get_device_data       : No context for object [ffff88040d8228e8]
[   10.301331]      scan-1141 get_device_data       : No context for object [ffff88040d822910]
[   10.301527]      scan-1141 get_device_data       : No context for object [ffff88040d822938]
[   10.301725]      scan-1141 get_device_data       : No context for object [ffff88040d822960]
[   10.301922]      scan-1141 get_device_data       : No context for object [ffff88040d822988]
[   10.302073]      scan-1141 get_device_data       : No context for object [ffff88040d8229b0]
[   10.302251]      scan-1141 get_device_data       : No context for object [ffff88040d8229d8]
[   10.302449]      scan-1141 get_device_data       : No context for object [ffff88040d822a00]
[   10.302643]      scan-1141 get_device_data       : No context for object [ffff88040d822a28]
[   10.302842]      scan-1141 get_device_data       : No context for object [ffff88040d822a50]
[   10.303019]      scan-1141 get_device_data       : No context for object [ffff88040d822a78]
[   10.303217]      scan-1141 get_device_data       : No context for object [ffff88040d822aa0]
[   10.303335]      scan-1141 get_device_data       : No context for object [ffff88040d822ac8]
[   10.303533]      scan-1141 get_device_data       : No context for object [ffff88040d822af0]
[   10.303729]      scan-1141 get_device_data       : No context for object [ffff88040d822b18]
[   10.303914]      scan-1141 get_device_data       : No context for object [ffff88040d822b40]
[   10.304111]      scan-1141 get_device_data       : No context for object [ffff88040d822b68]
[   10.304308]      scan-1141 get_device_data       : No context for object [ffff88040d822b90]
[   10.304506]      scan-1141 get_device_data       : No context for object [ffff88040d822bb8]
[   10.304703]      scan-1141 get_device_data       : No context for object [ffff88040d822be0]
[   10.304900]      scan-1141 get_device_data       : No context for object [ffff88040d822c08]
[   10.306116]      scan-1141 get_device_data       : No context for object [ffff88040d822c30]
[   10.306309]      scan-1141 get_device_data       : No context for object [ffff88040d822c58]
[   10.306507]      scan-1141 get_device_data       : No context for object [ffff88040d822c80]
[   10.306797]      scan-1141 get_device_data       : No context for object [ffff88040d822ca8]
[   10.306995]      scan-1141 get_device_data       : No context for object [ffff88040d822cd0]
[   10.307193]      scan-1141 get_device_data       : No context for object [ffff88040d822cf8]
[   10.307389]      scan-1141 get_device_data       : No context for object [ffff88040d822d20]
[   10.307583]      scan-1141 get_device_data       : No context for object [ffff88040d822d48]
[   10.307780]      scan-1141 get_device_data       : No context for object [ffff88040d822d70]
[   10.307977]      scan-1141 get_device_data       : No context for object [ffff88040d822d98]
[   10.308175]      scan-1141 get_device_data       : No context for object [ffff88040d837438]
[   10.308372]      scan-1141 get_device_data       : No context for object [ffff88040d822dc0]
[   10.308571]     utils-0051 util_eval_error       : Evaluate [\_SB_.PCI0.PB2_.HDAU._STA]: AE_NOT_FOUND
[   10.308793] device: 'device:02': device_add
[   10.308858] bus: 'acpi': add device device:02
[   10.308932]     utils-0051 util_eval_error       : Evaluate [\_SB_.PCI0.PB2_.HDAU._SUN]: AE_NOT_FOUND
[   10.309094]      scan-1933 add_single_object     : Added device:02 [\_SB_.PCI0.PB2_.HDAU] parent device:00
[   10.309276]      scan-1141 get_device_data       : No context for object [ffff88040d822de8]
[   10.309475]      scan-1141 get_device_data       : No context for object [ffff88040d822e10]
[   10.309673]      scan-1141 get_device_data       : No context for object [ffff88040d822e38]
[   10.309871]      scan-1141 get_device_data       : No context for object [ffff88040d822e60]
[   10.310003]      scan-1141 get_device_data       : No context for object [ffff88040d822e88]
[   10.310201]      scan-1141 get_device_data       : No context for object [ffff88040d822eb0]
[   10.310400]      scan-1141 get_device_data       : No context for object [ffff88040d822ed8]
[   10.310599]     utils-0051 util_eval_error       : Evaluate [\_SB_.PCI0.PB3_._STA]: AE_NOT_FOUND
[   10.310896] device: 'device:03': device_add
[   10.310960] bus: 'acpi': add device device:03
[   10.311029]     utils-0051 util_eval_error       : Evaluate [\_SB_.PCI0.PB3_._SUN]: AE_NOT_FOUND
[   10.311214]      scan-1933 add_single_object     : Added device:03 [\_SB_.PCI0.PB3_] parent PNP0A08:00
[   10.311418]      scan-1141 get_device_data       : No context for object [ffff88040d822f00]
[   10.311616]      scan-1141 get_device_data       : No context for object [ffff88040d822f28]
[   10.311811]      scan-1141 get_device_data       : No context for object [ffff88040d822f50]
[   10.311989]      scan-1141 get_device_data       : No context for object [ffff88040d822f78]
[   10.312183]      scan-1141 get_device_data       : No context for object [ffff88040d822fa0]
[   10.312375]      scan-1141 get_device_data       : No context for object [ffff88040d822fc8]
[   10.312569]      scan-1141 get_device_data       : No context for object [ffff88040d823000]
[   10.312764]      scan-1141 get_device_data       : No context for object [ffff88040d823028]
[   10.312960]      scan-1141 get_device_data       : No context for object [ffff88040d823050]
[   10.313155]      scan-1141 get_device_data       : No context for object [ffff88040d823078]
[   10.313336]      scan-1141 get_device_data       : No context for object [ffff88040d8230a0]
[   10.313531]      scan-1141 get_device_data       : No context for object [ffff88040d8230c8]
[   10.313723]      scan-1141 get_device_data       : No context for object [ffff88040d8230f0]
[   10.313918]      scan-1141 get_device_data       : No context for object [ffff88040d823118]
[   10.314113]      scan-1141 get_device_data       : No context for object [ffff88040d823140]
[   10.314308]      scan-1141 get_device_data       : No context for object [ffff88040d823168]
[   10.314502]      scan-1141 get_device_data       : No context for object [ffff88040d823190]
[   10.314696]      scan-1141 get_device_data       : No context for object [ffff88040d8231b8]
[   10.314887]      scan-1141 get_device_data       : No context for object [ffff88040d8231e0]
[   10.315037]      scan-1141 get_device_data       : No context for object [ffff88040d823208]
[   10.315214]      scan-1141 get_device_data       : No context for object [ffff88040d823230]
[   10.315409]      scan-1141 get_device_data       : No context for object [ffff88040d823258]
[   10.315604]      scan-1141 get_device_data       : No context for object [ffff88040d823280]
[   10.315800]      scan-1141 get_device_data       : No context for object [ffff88040d8232a8]
[   10.315977]      scan-1141 get_device_data       : No context for object [ffff88040d8232d0]
[   10.316172]      scan-1141 get_device_data       : No context for object [ffff88040d8232f8]
[   10.316370]      scan-1141 get_device_data       : No context for object [ffff88040d823320]
[   10.316567]      scan-1141 get_device_data       : No context for object [ffff88040d823348]
[   10.316831]      scan-1141 get_device_data       : No context for object [ffff88040d823370]
[   10.317008]      scan-1141 get_device_data       : No context for object [ffff88040d823398]
[   10.317206]      scan-1141 get_device_data       : No context for object [ffff88040d8233c0]
[   10.317401]     utils-0051 util_eval_error       : Evaluate [\_SB_.PCI0.PB3_.VGA_._STA]: AE_NOT_FOUND
[   10.317632]     video-0058 backlight_cap_match   : Found generic backlight support
[   10.317842] device: 'LNXVIDEO:00': device_add
[   10.317905] bus: 'acpi': add device LNXVIDEO:00
[   10.317985]     utils-0051 util_eval_error       : Evaluate [\_SB_.PCI0.PB3_.VGA_._SUN]: AE_NOT_FOUND
[   10.318173]      scan-1933 add_single_object     : Added LNXVIDEO:00 [\_SB_.PCI0.PB3_.VGA_] parent device:03
[   10.318380]      scan-1141 get_device_data       : No context for object [ffff88040d8233e8]
[   10.318575]      scan-1141 get_device_data       : No context for object [ffff88040d823410]
[   10.318773]      scan-1141 get_device_data       : No context for object [ffff88040d823438]
[   10.318970]      scan-1141 get_device_data       : No context for object [ffff88040d823460]
[   10.319149]      scan-1141 get_device_data       : No context for object [ffff88040d823488]
[   10.319346]      scan-1141 get_device_data       : No context for object [ffff88040d8234b0]
[   10.319544]      scan-1141 get_device_data       : No context for object [ffff88040d8234d8]
[   10.319740]      scan-1141 get_device_data       : No context for object [ffff88040d823500]
[   10.319936]      scan-1141 get_device_data       : No context for object [ffff88040d823528]
[   10.320085]      scan-1141 get_device_data       : No context for object [ffff88040d823550]
[   10.320261]      scan-1141 get_device_data       : No context for object [ffff88040d823578]
[   10.320460]      scan-1141 get_device_data       : No context for object [ffff88040d8235a0]
[   10.320658]      scan-1141 get_device_data       : No context for object [ffff88040d8235c8]
[   10.320856]      scan-1141 get_device_data       : No context for object [ffff88040d8235f0]
[   10.321028]      scan-1141 get_device_data       : No context for object [ffff88040d823618]
[   10.321226]      scan-1141 get_device_data       : No context for object [ffff88040d823640]
[   10.321424]      scan-1141 get_device_data       : No context for object [ffff88040d823668]
[   10.321621]      scan-1141 get_device_data       : No context for object [ffff88040d823690]
[   10.321818]      scan-1141 get_device_data       : No context for object [ffff88040d8236b8]
[   10.322001]      scan-1141 get_device_data       : No context for object [ffff88040d8236e0]
[   10.322198]      scan-1141 get_device_data       : No context for object [ffff88040d823708]
[   10.322393]      scan-1141 get_device_data       : No context for object [ffff88040d823730]
[   10.322591]      scan-1141 get_device_data       : No context for object [ffff88040d823758]
[   10.322788]      scan-1141 get_device_data       : No context for object [ffff88040d823780]
[   10.322987]      scan-1141 get_device_data       : No context for object [ffff88040d8237a8]
[   10.323184]      scan-1141 get_device_data       : No context for object [ffff88040d8237d0]
[   10.323334]      scan-1141 get_device_data       : No context for object [ffff88040d8237f8]
[   10.324549]      scan-1141 get_device_data       : No context for object [ffff88040d823820]
[   10.324743]      scan-1141 get_device_data       : No context for object [ffff88040d823848]
[   10.324940]      scan-1141 get_device_data       : No context for object [ffff88040d823870]
[   10.325138]      scan-1141 get_device_data       : No context for object [ffff88040d823898]
[   10.325335]      scan-1141 get_device_data       : No context for object [ffff88040d8238c0]
[   10.325533]      scan-1141 get_device_data       : No context for object [ffff88040d8238e8]
[   10.325730]      scan-1141 get_device_data       : No context for object [ffff88040d823910]
[   10.325923]      scan-1141 get_device_data       : No context for object [ffff88040d823938]
[   10.326100]      scan-1141 get_device_data       : No context for object [ffff88040d823960]
[   10.326297]      scan-1141 get_device_data       : No context for object [ffff88040d823988]
[   10.326495]      scan-1141 get_device_data       : No context for object [ffff88040d8239b0]
[   10.326669]      scan-1141 get_device_data       : No context for object [ffff88040d8239d8]
[   10.326867]      scan-1141 get_device_data       : No context for object [ffff88040d837460]
[   10.327016]      scan-1141 get_device_data       : No context for object [ffff88040d83ac08]
[   10.327190]      scan-1141 get_device_data       : No context for object [ffff88040d83ac30]
[   10.327388]      scan-1141 get_device_data       : No context for object [ffff88040d83ac58]
[   10.327587]     utils-0051 util_eval_error       : Evaluate [\_SB_.PCI0.PB3_.VGA_.CRT_._STA]: AE_NOT_FOUND
[   10.327831] device: 'device:04': device_add
[   10.327941] bus: 'acpi': add device device:04
[   10.328015]     utils-0051 util_eval_error       : Evaluate [\_SB_.PCI0.PB3_.VGA_.CRT_._SUN]: AE_NOT_FOUND
[   10.328199]      scan-1933 add_single_object     : Added device:04 [\_SB_.PCI0.PB3_.VGA_.CRT_] parent LNXVIDEO:00
[   10.328393]      scan-1141 get_device_data       : No context for object [ffff88040d83ac80]
[   10.328590]      scan-1141 get_device_data       : No context for object [ffff88040d83aca8]
[   10.328786]      scan-1141 get_device_data       : No context for object [ffff88040d83acd0]
[   10.328963]      scan-1141 get_device_data       : No context for object [ffff88040d83acf8]
[   10.329157]      scan-1141 get_device_data       : No context for object [ffff88040d83ad20]
[   10.329354]     utils-0051 util_eval_error       : Evaluate [\_SB_.PCI0.PB3_.VGA_.LCD_._STA]: AE_NOT_FOUND
[   10.329584] device: 'device:05': device_add
[   10.329694] bus: 'acpi': add device device:05
[   10.329768]     utils-0051 util_eval_error       : Evaluate [\_SB_.PCI0.PB3_.VGA_.LCD_._SUN]: AE_NOT_FOUND
[   10.330045]      scan-1933 add_single_object     : Added device:05 [\_SB_.PCI0.PB3_.VGA_.LCD_] parent LNXVIDEO:00
[   10.330212]      scan-1141 get_device_data       : No context for object [ffff88040d83ad48]
[   10.330407]      scan-1141 get_device_data       : No context for object [ffff88040d83ad70]
[   10.330603]      scan-1141 get_device_data       : No context for object [ffff88040d83ad98]
[   10.330796]      scan-1141 get_device_data       : No context for object [ffff88040d83adc0]
[   10.330985]      scan-1141 get_device_data       : No context for object [ffff88040d83ade8]
[   10.331180]      scan-1141 get_device_data       : No context for object [ffff88040d83ae10]
[   10.331375]      scan-1141 get_device_data       : No context for object [ffff88040d83ae38]
[   10.331570]      scan-1141 get_device_data       : No context for object [ffff88040d83ae60]
[   10.331766]     utils-0051 util_eval_error       : Evaluate [\_SB_.PCI0.PB3_.VGA_.TV0_._STA]: AE_NOT_FOUND
[   10.331983] device: 'device:06': device_add
[   10.332042] bus: 'acpi': add device device:06
[   10.332116]     utils-0051 util_eval_error       : Evaluate [\_SB_.PCI0.PB3_.VGA_.TV0_._SUN]: AE_NOT_FOUND
[   10.332322]      scan-1933 add_single_object     : Added device:06 [\_SB_.PCI0.PB3_.VGA_.TV0_] parent LNXVIDEO:00
[   10.332523]      scan-1141 get_device_data       : No context for object [ffff88040d83ae88]
[   10.332721]      scan-1141 get_device_data       : No context for object [ffff88040d83aeb0]
[   10.332918]      scan-1141 get_device_data       : No context for object [ffff88040d83aed8]
[   10.333069]      scan-1141 get_device_data       : No context for object [ffff88040d83af00]
[   10.333243]      scan-1141 get_device_data       : No context for object [ffff88040d83af28]
[   10.333465]     utils-0051 util_eval_error       : Evaluate [\_SB_.PCI0.PB3_.VGA_.HDMI._STA]: AE_NOT_FOUND
[   10.333707] device: 'device:07': device_add
[   10.333817] bus: 'acpi': add device device:07
[   10.333895]     utils-0051 util_eval_error       : Evaluate [\_SB_.PCI0.PB3_.VGA_.HDMI._SUN]: AE_NOT_FOUND
[   10.334082]      scan-1933 add_single_object     : Added device:07 [\_SB_.PCI0.PB3_.VGA_.HDMI] parent LNXVIDEO:00
[   10.334285]      scan-1141 get_device_data       : No context for object [ffff88040d83af50]
[   10.334481]      scan-1141 get_device_data       : No context for object [ffff88040d83af78]
[   10.334678]      scan-1141 get_device_data       : No context for object [ffff88040d83afa0]
[   10.334875]      scan-1141 get_device_data       : No context for object [ffff88040d83afc8]
[   10.335053]      scan-1141 get_device_data       : No context for object [ffff88040d823a00]
[   10.335252]     utils-0051 util_eval_error       : Evaluate [\_SB_.PCI0.PB3_.HDAU._STA]: AE_NOT_FOUND
[   10.335484] device: 'device:08': device_add
[   10.335548] bus: 'acpi': add device device:08
[   10.335616]     utils-0051 util_eval_error       : Evaluate [\_SB_.PCI0.PB3_.HDAU._SUN]: AE_NOT_FOUND
[   10.336722]      scan-1933 add_single_object     : Added device:08 [\_SB_.PCI0.PB3_.HDAU] parent device:03
[   10.336722]      scan-1141 get_device_data       : No context for object [ffff88040d823a28]
[   10.336722]      scan-1141 get_device_data       : No context for object [ffff88040d823a50]
[   10.336722]      scan-1141 get_device_data       : No context for object [ffff88040d823a78]
[   10.336722]      scan-1141 get_device_data       : No context for object [ffff88040d823aa0]
[   10.336800]      scan-1141 get_device_data       : No context for object [ffff88040d823ac8]
[   10.336992]      scan-1141 get_device_data       : No context for object [ffff88040d823af0]
[   10.337190]      scan-1141 get_device_data       : No context for object [ffff88040d823b18]
[   10.337390]     utils-0051 util_eval_error       : Evaluate [\_SB_.PCI0.PB4_._STA]: AE_NOT_FOUND
[   10.337687] device: 'device:09': device_add
[   10.337751] bus: 'acpi': add device device:09
[   10.337828]     utils-0051 util_eval_error       : Evaluate [\_SB_.PCI0.PB4_._SUN]: AE_NOT_FOUND
[   10.338014]      scan-1933 add_single_object     : Added device:09 [\_SB_.PCI0.PB4_] parent PNP0A08:00
[   10.338212]      scan-1141 get_device_data       : No context for object [ffff88040d823b40]
[   10.338411]      scan-1141 get_device_data       : No context for object [ffff88040d823b68]
[   10.338608]      scan-1141 get_device_data       : No context for object [ffff88040d823b90]
[   10.338806]      scan-1141 get_device_data       : No context for object [ffff88040d823bb8]
[   10.339001]      scan-1141 get_device_data       : No context for object [ffff88040d823be0]
[   10.339199]      scan-1141 get_device_data       : No context for object [ffff88040d823c08]
[   10.339394]      scan-1141 get_device_data       : No context for object [ffff88040d823c30]
[   10.339593]      scan-1141 get_device_data       : No context for object [ffff88040d823c58]
[   10.339791]      scan-1141 get_device_data       : No context for object [ffff88040d823c80]
[   10.340003]      scan-1141 get_device_data       : No context for object [ffff88040d823ca8]
[   10.340201]      scan-1141 get_device_data       : No context for object [ffff88040d823cd0]
[   10.340399]      scan-1141 get_device_data       : No context for object [ffff88040d823cf8]
[   10.340596]      scan-1141 get_device_data       : No context for object [ffff88040d823d20]
[   10.340792]      scan-1141 get_device_data       : No context for object [ffff88040d823d48]
[   10.340989]      scan-1141 get_device_data       : No context for object [ffff88040d823d70]
[   10.341187]      scan-1141 get_device_data       : No context for object [ffff88040d823d98]
[   10.341384]      scan-1141 get_device_data       : No context for object [ffff88040d823dc0]
[   10.341582]      scan-1141 get_device_data       : No context for object [ffff88040d823de8]
[   10.341779]      scan-1141 get_device_data       : No context for object [ffff88040d823e10]
[   10.341974]      scan-1141 get_device_data       : No context for object [ffff88040d823e38]
[   10.343187]      scan-1141 get_device_data       : No context for object [ffff88040d823e60]
[   10.343335]      scan-1141 get_device_data       : No context for object [ffff88040d823e88]
[   10.343533]      scan-1141 get_device_data       : No context for object [ffff88040d823eb0]
[   10.343731]      scan-1141 get_device_data       : No context for object [ffff88040d823ed8]
[   10.343928]      scan-1141 get_device_data       : No context for object [ffff88040d823f00]
[   10.344106]      scan-1141 get_device_data       : No context for object [ffff88040d823f28]
[   10.344299]      scan-1141 get_device_data       : No context for object [ffff88040d823f50]
[   10.344498]      scan-1141 get_device_data       : No context for object [ffff88040d823f78]
[   10.344696]      scan-1141 get_device_data       : No context for object [ffff88040d823fa0]
[   10.344894]      scan-1141 get_device_data       : No context for object [ffff88040d823fc8]
[   10.345044]      scan-1141 get_device_data       : No context for object [ffff88040d825000]
[   10.345223]     utils-0051 util_eval_error       : Evaluate [\_SB_.PCI0.PB4_.XPDV._STA]: AE_NOT_FOUND
[   10.345440] device: 'device:0a': device_add
[   10.345498] bus: 'acpi': add device device:0a
[   10.345571]     utils-0051 util_eval_error       : Evaluate [\_SB_.PCI0.PB4_.XPDV._SUN]: AE_NOT_FOUND
[   10.345776]      scan-1933 add_single_object     : Added device:0a [\_SB_.PCI0.PB4_.XPDV] parent device:09
[   10.345965]      scan-1141 get_device_data       : No context for object [ffff88040d825028]
[   10.346161]      scan-1141 get_device_data       : No context for object [ffff88040d825050]
[   10.346356]      scan-1141 get_device_data       : No context for object [ffff88040d825078]
[   10.346551]      scan-1141 get_device_data       : No context for object [ffff88040d8250a0]
[   10.346792]      scan-1141 get_device_data       : No context for object [ffff88040d8250c8]
[   10.346987]      scan-1141 get_device_data       : No context for object [ffff88040d837500]
[   10.347183]      scan-1141 get_device_data       : No context for object [ffff88040d8250f0]
[   10.347379]      scan-1141 get_device_data       : No context for object [ffff88040d825118]
[   10.347576]     utils-0051 util_eval_error       : Evaluate [\_SB_.PCI0.PB5_._STA]: AE_NOT_FOUND
[   10.347868] device: 'device:0b': device_add
[   10.347926] bus: 'acpi': add device device:0b
[   10.347992]     utils-0051 util_eval_error       : Evaluate [\_SB_.PCI0.PB5_._SUN]: AE_NOT_FOUND
[   10.348179]      scan-1933 add_single_object     : Added device:0b [\_SB_.PCI0.PB5_] parent PNP0A08:00
[   10.348379]      scan-1141 get_device_data       : No context for object [ffff88040d825140]
[   10.348575]      scan-1141 get_device_data       : No context for object [ffff88040d825168]
[   10.348770]      scan-1141 get_device_data       : No context for object [ffff88040d825190]
[   10.348963]      scan-1141 get_device_data       : No context for object [ffff88040d8251b8]
[   10.349111]      scan-1141 get_device_data       : No context for object [ffff88040d8251e0]
[   10.349285]      scan-1141 get_device_data       : No context for object [ffff88040d825208]
[   10.349483]      scan-1141 get_device_data       : No context for object [ffff88040d825230]
[   10.349681]      scan-1141 get_device_data       : No context for object [ffff88040d825258]
[   10.349880]      scan-1141 get_device_data       : No context for object [ffff88040d825280]
[   10.350002]      scan-1141 get_device_data       : No context for object [ffff88040d8252a8]
[   10.350200]      scan-1141 get_device_data       : No context for object [ffff88040d8252d0]
[   10.350395]      scan-1141 get_device_data       : No context for object [ffff88040d8252f8]
[   10.350592]      scan-1141 get_device_data       : No context for object [ffff88040d825320]
[   10.350790]      scan-1141 get_device_data       : No context for object [ffff88040d825348]
[   10.350967]      scan-1141 get_device_data       : No context for object [ffff88040d825370]
[   10.351165]      scan-1141 get_device_data       : No context for object [ffff88040d825398]
[   10.351362]      scan-1141 get_device_data       : No context for object [ffff88040d8253c0]
[   10.351559]      scan-1141 get_device_data       : No context for object [ffff88040d8253e8]
[   10.351753]      scan-1141 get_device_data       : No context for object [ffff88040d825410]
[   10.351951]      scan-1141 get_device_data       : No context for object [ffff88040d825438]
[   10.352148]      scan-1141 get_device_data       : No context for object [ffff88040d825460]
[   10.352346]      scan-1141 get_device_data       : No context for object [ffff88040d825488]
[   10.352543]      scan-1141 get_device_data       : No context for object [ffff88040d8254b0]
[   10.352740]      scan-1141 get_device_data       : No context for object [ffff88040d8254d8]
[   10.352934]      scan-1141 get_device_data       : No context for object [ffff88040d825500]
[   10.353131]      scan-1141 get_device_data       : No context for object [ffff88040d825528]
[   10.353335]      scan-1141 get_device_data       : No context for object [ffff88040d825550]
[   10.353533]      scan-1141 get_device_data       : No context for object [ffff88040d825578]
[   10.353731]      scan-1141 get_device_data       : No context for object [ffff88040d8255a0]
[   10.353930]      scan-1141 get_device_data       : No context for object [ffff88040d8255c8]
[   10.354122]      scan-1141 get_device_data       : No context for object [ffff88040d8255f0]
[   10.354322]     utils-0051 util_eval_error       : Evaluate [\_SB_.PCI0.PB5_.XPDV._STA]: AE_NOT_FOUND
[   10.354555] device: 'device:0c': device_add
[   10.354618] bus: 'acpi': add device device:0c
[   10.354697]     utils-0051 util_eval_error       : Evaluate [\_SB_.PCI0.PB5_.XPDV._SUN]: AE_NOT_FOUND
[   10.354905]      scan-1933 add_single_object     : Added device:0c [\_SB_.PCI0.PB5_.XPDV] parent device:0b
[   10.355062]      scan-1141 get_device_data       : No context for object [ffff88040d825618]
[   10.355239]      scan-1141 get_device_data       : No context for object [ffff88040d825640]
[   10.355433]      scan-1141 get_device_data       : No context for object [ffff88040d825668]
[   10.355631]      scan-1141 get_device_data       : No context for object [ffff88040d825690]
[   10.355829]      scan-1141 get_device_data       : No context for object [ffff88040d8256b8]
[   10.356007]      scan-1141 get_device_data       : No context for object [ffff88040d837528]
[   10.356205]      scan-1141 get_device_data       : No context for object [ffff88040d8256e0]
[   10.356402]      scan-1141 get_device_data       : No context for object [ffff88040d825708]
[   10.356597]     utils-0051 util_eval_error       : Evaluate [\_SB_.PCI0.PB6_._STA]: AE_NOT_FOUND
[   10.356931] device: 'device:0d': device_add
[   10.356995] bus: 'acpi': add device device:0d
[   10.357070]     utils-0051 util_eval_error       : Evaluate [\_SB_.PCI0.PB6_._SUN]: AE_NOT_FOUND
[   10.357257]      scan-1933 add_single_object     : Added device:0d [\_SB_.PCI0.PB6_] parent PNP0A08:00
[   10.357460]      scan-1141 get_device_data       : No context for object [ffff88040d825730]
[   10.357657]      scan-1141 get_device_data       : No context for object [ffff88040d825758]
[   10.357851]      scan-1141 get_device_data       : No context for object [ffff88040d825780]
[   10.358028]      scan-1141 get_device_data       : No context for object [ffff88040d8257a8]
[   10.358226]      scan-1141 get_device_data       : No context for object [ffff88040d8257d0]
[   10.358424]      scan-1141 get_device_data       : No context for object [ffff88040d8257f8]
[   10.358622]      scan-1141 get_device_data       : No context for object [ffff88040d825820]
[   10.358820]      scan-1141 get_device_data       : No context for object [ffff88040d825848]
[   10.358996]      scan-1141 get_device_data       : No context for object [ffff88040d825870]
[   10.359191]      scan-1141 get_device_data       : No context for object [ffff88040d825898]
[   10.359389]      scan-1141 get_device_data       : No context for object [ffff88040d8258c0]
[   10.359587]      scan-1141 get_device_data       : No context for object [ffff88040d8258e8]
[   10.359784]      scan-1141 get_device_data       : No context for object [ffff88040d825910]
[   10.360003]      scan-1141 get_device_data       : No context for object [ffff88040d825938]
[   10.360201]      scan-1141 get_device_data       : No context for object [ffff88040d825960]
[   10.360395]      scan-1141 get_device_data       : No context for object [ffff88040d825988]
[   10.361611]      scan-1141 get_device_data       : No context for object [ffff88040d8259b0]
[   10.361808]      scan-1141 get_device_data       : No context for object [ffff88040d8259d8]
[   10.362003]      scan-1141 get_device_data       : No context for object [ffff88040d825a00]
[   10.362199]      scan-1141 get_device_data       : No context for object [ffff88040d825a28]
[   10.362395]      scan-1141 get_device_data       : No context for object [ffff88040d825a50]
[   10.362589]      scan-1141 get_device_data       : No context for object [ffff88040d825a78]
[   10.362781]      scan-1141 get_device_data       : No context for object [ffff88040d825aa0]
[   10.362976]      scan-1141 get_device_data       : No context for object [ffff88040d825ac8]
[   10.363155]      scan-1141 get_device_data       : No context for object [ffff88040d825af0]
[   10.363336]      scan-1141 get_device_data       : No context for object [ffff88040d825b18]
[   10.363531]      scan-1141 get_device_data       : No context for object [ffff88040d825b40]
[   10.363727]      scan-1141 get_device_data       : No context for object [ffff88040d825b68]
[   10.363921]      scan-1141 get_device_data       : No context for object [ffff88040d825b90]
[   10.364071]      scan-1141 get_device_data       : No context for object [ffff88040d825bb8]
[   10.364248]      scan-1141 get_device_data       : No context for object [ffff88040d825be0]
[   10.364445]     utils-0051 util_eval_error       : Evaluate [\_SB_.PCI0.PB6_.XPDV._STA]: AE_NOT_FOUND
[   10.364678] device: 'device:0e': device_add
[   10.364788] bus: 'acpi': add device device:0e
[   10.364862]     utils-0051 util_eval_error       : Evaluate [\_SB_.PCI0.PB6_.XPDV._SUN]: AE_NOT_FOUND
[   10.365045]      scan-1933 add_single_object     : Added device:0e [\_SB_.PCI0.PB6_.XPDV] parent device:0d
[   10.365240]      scan-1141 get_device_data       : No context for object [ffff88040d825c08]
[   10.365435]      scan-1141 get_device_data       : No context for object [ffff88040d825c30]
[   10.365631]      scan-1141 get_device_data       : No context for object [ffff88040d825c58]
[   10.365827]      scan-1141 get_device_data       : No context for object [ffff88040d825c80]
[   10.366004]      scan-1141 get_device_data       : No context for object [ffff88040d825ca8]
[   10.366202]      scan-1141 get_device_data       : No context for object [ffff88040d837550]
[   10.366397]      scan-1141 get_device_data       : No context for object [ffff88040d825cd0]
[   10.366595]      scan-1141 get_device_data       : No context for object [ffff88040d825cf8]
[   10.366799]     utils-0051 util_eval_error       : Evaluate [\_SB_.PCI0.PB7_._STA]: AE_NOT_FOUND
[   10.367049] device: 'device:0f': device_add
[   10.367115] bus: 'acpi': add device device:0f
[   10.367190]     utils-0051 util_eval_error       : Evaluate [\_SB_.PCI0.PB7_._SUN]: AE_NOT_FOUND
[   10.367398]      scan-1933 add_single_object     : Added device:0f [\_SB_.PCI0.PB7_] parent PNP0A08:00
[   10.367598]      scan-1141 get_device_data       : No context for object [ffff88040d825d20]
[   10.367795]      scan-1141 get_device_data       : No context for object [ffff88040d825d48]
[   10.367993]      scan-1141 get_device_data       : No context for object [ffff88040d825d70]
[   10.368191]      scan-1141 get_device_data       : No context for object [ffff88040d825d98]
[   10.368389]      scan-1141 get_device_data       : No context for object [ffff88040d825dc0]
[   10.368587]      scan-1141 get_device_data       : No context for object [ffff88040d825de8]
[   10.368785]      scan-1141 get_device_data       : No context for object [ffff88040d825e10]
[   10.368980]      scan-1141 get_device_data       : No context for object [ffff88040d825e38]
[   10.369177]      scan-1141 get_device_data       : No context for object [ffff88040d825e60]
[   10.369376]      scan-1141 get_device_data       : No context for object [ffff88040d825e88]
[   10.369573]      scan-1141 get_device_data       : No context for object [ffff88040d825eb0]
[   10.369771]      scan-1141 get_device_data       : No context for object [ffff88040d825ed8]
[   10.369968]      scan-1141 get_device_data       : No context for object [ffff88040d825f00]
[   10.370161]      scan-1141 get_device_data       : No context for object [ffff88040d825f28]
[   10.370359]      scan-1141 get_device_data       : No context for object [ffff88040d825f50]
[   10.370557]      scan-1141 get_device_data       : No context for object [ffff88040d825f78]
[   10.370754]      scan-1141 get_device_data       : No context for object [ffff88040d825fa0]
[   10.370952]      scan-1141 get_device_data       : No context for object [ffff88040d825fc8]
[   10.371142]      scan-1141 get_device_data       : No context for object [ffff88040d827000]
[   10.371334]      scan-1141 get_device_data       : No context for object [ffff88040d827028]
[   10.371533]      scan-1141 get_device_data       : No context for object [ffff88040d827050]
[   10.371731]      scan-1141 get_device_data       : No context for object [ffff88040d827078]
[   10.371928]      scan-1141 get_device_data       : No context for object [ffff88040d8270a0]
[   10.372080]      scan-1141 get_device_data       : No context for object [ffff88040d8270c8]
[   10.372258]      scan-1141 get_device_data       : No context for object [ffff88040d8270f0]
[   10.372456]      scan-1141 get_device_data       : No context for object [ffff88040d827118]
[   10.372650]      scan-1141 get_device_data       : No context for object [ffff88040d827140]
[   10.372848]      scan-1141 get_device_data       : No context for object [ffff88040d827168]
[   10.373025]      scan-1141 get_device_data       : No context for object [ffff88040d827190]
[   10.373222]      scan-1141 get_device_data       : No context for object [ffff88040d8271b8]
[   10.373336]      scan-1141 get_device_data       : No context for object [ffff88040d8271e0]
[   10.373533]     utils-0051 util_eval_error       : Evaluate [\_SB_.PCI0.PB7_.XPDV._STA]: AE_NOT_FOUND
[   10.373765] device: 'device:10': device_add
[   10.373876] bus: 'acpi': add device device:10
[   10.373950]     utils-0051 util_eval_error       : Evaluate [\_SB_.PCI0.PB7_.XPDV._SUN]: AE_NOT_FOUND
[   10.374137]      scan-1933 add_single_object     : Added device:10 [\_SB_.PCI0.PB7_.XPDV] parent device:0f
[   10.374341]      scan-1141 get_device_data       : No context for object [ffff88040d827208]
[   10.374539]      scan-1141 get_device_data       : No context for object [ffff88040d827230]
[   10.374738]      scan-1141 get_device_data       : No context for object [ffff88040d827258]
[   10.374911]      scan-1141 get_device_data       : No context for object [ffff88040d827280]
[   10.375109]      scan-1141 get_device_data       : No context for object [ffff88040d8272a8]
[   10.375307]      scan-1141 get_device_data       : No context for object [ffff88040d837488]
[   10.375505]      scan-1141 get_device_data       : No context for object [ffff88040d8272d0]
[   10.375704]      scan-1141 get_device_data       : No context for object [ffff88040d8272f8]
[   10.375903]     utils-0051 util_eval_error       : Evaluate [\_SB_.PCI0.OHC1._STA]: AE_NOT_FOUND
[   10.376128] device: 'device:11': device_add
[   10.376191] bus: 'acpi': add device device:11
[   10.376267]     utils-0051 util_eval_error       : Evaluate [\_SB_.PCI0.OHC1._SUN]: AE_NOT_FOUND
[   10.376723]      scan-1933 add_single_object     : Added device:11 [\_SB_.PCI0.OHC1] parent PNP0A08:00
[   10.376723]      scan-1141 get_device_data       : No context for object [ffff88040d827320]
[   10.376871]      scan-1141 get_device_data       : No context for object [ffff88040d827348]
[   10.377048]      scan-1141 get_device_data       : No context for object [ffff88040d83b2f8]
[   10.377247]     utils-0051 util_eval_error       : Evaluate [\_SB_.PCI0.OHC1.RHUB._STA]: AE_NOT_FOUND
[   10.377479] device: 'device:12': device_add
[   10.377591] bus: 'acpi': add device device:12
[   10.377666]     utils-0051 util_eval_error       : Evaluate [\_SB_.PCI0.OHC1.RHUB._SUN]: AE_NOT_FOUND
[   10.377873]      scan-1933 add_single_object     : Added device:12 [\_SB_.PCI0.OHC1.RHUB] parent device:11
[   10.378054]      scan-1141 get_device_data       : No context for object [ffff88040d83b320]
[   10.378253]      scan-1141 get_device_data       : No context for object [ffff88040d83b348]
[   10.378447]     utils-0051 util_eval_error       : Evaluate [\_SB_.PCI0.OHC1.RHUB.PRT3._STA]: AE_NOT_FOUND
[   10.378674] device: 'device:13': device_add
[   10.378734] bus: 'acpi': add device device:13
[   10.378808]     utils-0051 util_eval_error       : Evaluate [\_SB_.PCI0.OHC1.RHUB.PRT3._SUN]: AE_NOT_FOUND
[   10.380056]      scan-1933 add_single_object     : Added device:13 [\_SB_.PCI0.OHC1.RHUB.PRT3] parent device:12
[   10.380214]      scan-1141 get_device_data       : No context for object [ffff88040d83b370]
[   10.380409]      scan-1141 get_device_data       : No context for object [ffff88040d83b398]
[   10.380606]      scan-1141 get_device_data       : No context for object [ffff88040d83b3c0]
[   10.380800]      scan-1141 get_device_data       : No context for object [ffff88040d83b3e8]
[   10.380995]     utils-0051 util_eval_error       : Evaluate [\_SB_.PCI0.OHC1.RHUB.PRT4._STA]: AE_NOT_FOUND
[   10.381221] device: 'device:14': device_add
[   10.381282] bus: 'acpi': add device device:14
[   10.381358]     utils-0051 util_eval_error       : Evaluate [\_SB_.PCI0.OHC1.RHUB.PRT4._SUN]: AE_NOT_FOUND
[   10.381564]      scan-1933 add_single_object     : Added device:14 [\_SB_.PCI0.OHC1.RHUB.PRT4] parent device:12
[   10.381765]      scan-1141 get_device_data       : No context for object [ffff88040d83b410]
[   10.381960]      scan-1141 get_device_data       : No context for object [ffff88040d83b438]
[   10.382137]      scan-1141 get_device_data       : No context for object [ffff88040d83b460]
[   10.382331]      scan-1141 get_device_data       : No context for object [ffff88040d827370]
[   10.382525]     utils-0051 util_eval_error       : Evaluate [\_SB_.PCI0.EHC1._STA]: AE_NOT_FOUND
[   10.382818] device: 'device:15': device_add
[   10.382882] bus: 'acpi': add device device:15
[   10.382957]     utils-0051 util_eval_error       : Evaluate [\_SB_.PCI0.EHC1._SUN]: AE_NOT_FOUND
[   10.383392]      scan-1933 add_single_object     : Added device:15 [\_SB_.PCI0.EHC1] parent PNP0A08:00
[   10.383392]      scan-1141 get_device_data       : No context for object [ffff88040d827398]
[   10.383535]      scan-1141 get_device_data       : No context for object [ffff88040d8273c0]
[   10.383732]      scan-1141 get_device_data       : No context for object [ffff88040d83b028]
[   10.383931]     utils-0051 util_eval_error       : Evaluate [\_SB_.PCI0.EHC1.RHUB._STA]: AE_NOT_FOUND
[   10.384149] device: 'device:16': device_add
[   10.384213] bus: 'acpi': add device device:16
[   10.384287]     utils-0051 util_eval_error       : Evaluate [\_SB_.PCI0.EHC1.RHUB._SUN]: AE_NOT_FOUND
[   10.384494]      scan-1933 add_single_object     : Added device:16 [\_SB_.PCI0.EHC1.RHUB] parent device:15
[   10.384695]      scan-1141 get_device_data       : No context for object [ffff88040d83b050]
[   10.384890]      scan-1141 get_device_data       : No context for object [ffff88040d83b078]
[   10.385043]     utils-0051 util_eval_error       : Evaluate [\_SB_.PCI0.EHC1.RHUB.PRT3._STA]: AE_NOT_FOUND
[   10.385256] device: 'device:17': device_add
[   10.385319] bus: 'acpi': add device device:17
[   10.385396]     utils-0051 util_eval_error       : Evaluate [\_SB_.PCI0.EHC1.RHUB.PRT3._SUN]: AE_NOT_FOUND
[   10.386709]      scan-1933 add_single_object     : Added device:17 [\_SB_.PCI0.EHC1.RHUB.PRT3] parent device:16
[   10.386709]      scan-1141 get_device_data       : No context for object [ffff88040d83b0a0]
[   10.386709]      scan-1141 get_device_data       : No context for object [ffff88040d83b0c8]
[   10.386709]      scan-1141 get_device_data       : No context for object [ffff88040d83b0f0]
[   10.386709]      scan-1141 get_device_data       : No context for object [ffff88040d83b118]
[   10.386709]     utils-0051 util_eval_error       : Evaluate [\_SB_.PCI0.EHC1.RHUB.PRT4._STA]: AE_NOT_FOUND
[   10.386835] device: 'device:18': device_add
[   10.386898] bus: 'acpi': add device device:18
[   10.386973]     utils-0051 util_eval_error       : Evaluate [\_SB_.PCI0.EHC1.RHUB.PRT4._SUN]: AE_NOT_FOUND
[   10.387156]      scan-1933 add_single_object     : Added device:18 [\_SB_.PCI0.EHC1.RHUB.PRT4] parent device:16
[   10.387354]      scan-1141 get_device_data       : No context for object [ffff88040d83b140]
[   10.387552]      scan-1141 get_device_data       : No context for object [ffff88040d83b168]
[   10.387750]      scan-1141 get_device_data       : No context for object [ffff88040d83b190]
[   10.387948]      scan-1141 get_device_data       : No context for object [ffff88040d8273e8]
[   10.388135]     utils-0051 util_eval_error       : Evaluate [\_SB_.PCI0.OHC2._STA]: AE_NOT_FOUND
[   10.388363] device: 'device:19': device_add
[   10.388422] bus: 'acpi': add device device:19
[   10.388489]     utils-0051 util_eval_error       : Evaluate [\_SB_.PCI0.OHC2._SUN]: AE_NOT_FOUND
[   10.388696]      scan-1933 add_single_object     : Added device:19 [\_SB_.PCI0.OHC2] parent PNP0A08:00
[   10.388898]      scan-1141 get_device_data       : No context for object [ffff88040d827410]
[   10.389076]      scan-1141 get_device_data       : No context for object [ffff88040d827438]
[   10.389274]      scan-1141 get_device_data       : No context for object [ffff88040d83b488]
[   10.389474]     utils-0051 util_eval_error       : Evaluate [\_SB_.PCI0.OHC2.RHUB._STA]: AE_NOT_FOUND
[   10.389693] device: 'device:1a': device_add
[   10.389756] bus: 'acpi': add device device:1a
[   10.389832]     utils-0051 util_eval_error       : Evaluate [\_SB_.PCI0.OHC2.RHUB._SUN]: AE_NOT_FOUND
[   10.390043]      scan-1933 add_single_object     : Added device:1a [\_SB_.PCI0.OHC2.RHUB] parent device:19
[   10.390215]      scan-1141 get_device_data       : No context for object [ffff88040d83b4b0]
[   10.390413]      scan-1141 get_device_data       : No context for object [ffff88040d83b4d8]
[   10.390613]     utils-0051 util_eval_error       : Evaluate [\_SB_.PCI0.OHC2.RHUB.PRT4._STA]: AE_NOT_FOUND
[   10.390833] device: 'device:1b': device_add
[   10.390892] bus: 'acpi': add device device:1b
[   10.390958]     utils-0051 util_eval_error       : Evaluate [\_SB_.PCI0.OHC2.RHUB.PRT4._SUN]: AE_NOT_FOUND
[   10.391146]      scan-1933 add_single_object     : Added device:1b [\_SB_.PCI0.OHC2.RHUB.PRT4] parent device:1a
[   10.391349]      scan-1141 get_device_data       : No context for object [ffff88040d83b500]
[   10.391547]      scan-1141 get_device_data       : No context for object [ffff88040d83b528]
[   10.391745]      scan-1141 get_device_data       : No context for object [ffff88040d83b550]
[   10.391943]      scan-1141 get_device_data       : No context for object [ffff88040d827460]
[   10.392124]     utils-0051 util_eval_error       : Evaluate [\_SB_.PCI0.EHC2._STA]: AE_NOT_FOUND
[   10.392416] device: 'device:1c': device_add
[   10.392480] bus: 'acpi': add device device:1c
[   10.392554]     utils-0051 util_eval_error       : Evaluate [\_SB_.PCI0.EHC2._SUN]: AE_NOT_FOUND
[   10.393376]      scan-1933 add_single_object     : Added device:1c [\_SB_.PCI0.EHC2] parent PNP0A08:00
[   10.393376]      scan-1141 get_device_data       : No context for object [ffff88040d827488]
[   10.393376]      scan-1141 get_device_data       : No context for object [ffff88040d8274b0]
[   10.393376]      scan-1141 get_device_data       : No context for object [ffff88040d83b1b8]
[   10.393532]     utils-0051 util_eval_error       : Evaluate [\_SB_.PCI0.EHC2.RHUB._STA]: AE_NOT_FOUND
[   10.393765] device: 'device:1d': device_add
[   10.393829] bus: 'acpi': add device device:1d
[   10.393905]     utils-0051 util_eval_error       : Evaluate [\_SB_.PCI0.EHC2.RHUB._SUN]: AE_NOT_FOUND
[   10.394067]      scan-1933 add_single_object     : Added device:1d [\_SB_.PCI0.EHC2.RHUB] parent device:1c
[   10.394248]      scan-1141 get_device_data       : No context for object [ffff88040d83b1e0]
[   10.394444]      scan-1141 get_device_data       : No context for object [ffff88040d83b208]
[   10.394639]     utils-0051 util_eval_error       : Evaluate [\_SB_.PCI0.EHC2.RHUB.PRT2._STA]: AE_NOT_FOUND
[   10.394873] device: 'device:1e': device_add
[   10.394936] bus: 'acpi': add device device:1e
[   10.395011]     utils-0051 util_eval_error       : Evaluate [\_SB_.PCI0.EHC2.RHUB.PRT2._SUN]: AE_NOT_FOUND
[   10.396709]      scan-1933 add_single_object     : Added device:1e [\_SB_.PCI0.EHC2.RHUB.PRT2] parent device:1d
[   10.396709]      scan-1141 get_device_data       : No context for object [ffff88040d83b230]
[   10.396709]      scan-1141 get_device_data       : No context for object [ffff88040d83b258]
[   10.396709]      scan-1141 get_device_data       : No context for object [ffff88040d83b280]
[   10.396709]      scan-1141 get_device_data       : No context for object [ffff88040d8274d8]
[   10.396709]     utils-0051 util_eval_error       : Evaluate [\_SB_.PCI0.OHC3._STA]: AE_NOT_FOUND
[   10.396709] device: 'device:1f': device_add
[   10.396709] bus: 'acpi': add device device:1f
[   10.396709]     utils-0051 util_eval_error       : Evaluate [\_SB_.PCI0.OHC3._SUN]: AE_NOT_FOUND
[   10.396840]      scan-1933 add_single_object     : Added device:1f [\_SB_.PCI0.OHC3] parent PNP0A08:00
[   10.397021]      scan-1141 get_device_data       : No context for object [ffff88040d827500]
[   10.397213]      scan-1141 get_device_data       : No context for object [ffff88040d827528]
[   10.398332]      scan-1141 get_device_data       : No context for object [ffff88040d83b578]
