[    0.000000] Initializing cgroup subsys cpuset
[    0.000000] Initializing cgroup subsys cpu
[    0.000000] Initializing cgroup subsys cpuacct
[    0.000000] Linux version 3.17.0-rc3-gfb76234 (emacs@manji) (gcc version 4.9.1 (GCC) ) #75 SMP Sat Sep 6 00:32:30 CEST 2014
[    0.000000] Command line: BOOT_IMAGE=/vmlinuz-linux-git root=UUID=bfa4ab6e-19a3-4601-ba2b-267c55841c73 rw cryptdevice=/dev/disk/by-uuid/70c08890-417a-497d-b6ab-c0d0357a63e2:cryptManjaro:allow-discards ipv6.disable=1 pnp.debug=1 loglevel=9 log_buf_len=10M printk.always_kmsg_dump=y printk.time=y mminit_loglevel=0 memory_corruption_check=1 acpi.debug_layer=0xfbff0000 acpi.debug_level=0xFFFFFFFD pnp.debug=1 nohz=on rcu_nocbs=1-3 pcie_aspm=force fbcon=scrollback:4096k fbcon=font:ProFont6x11 radeon.audio=0 radeon.lockup_timeout=0 radeon.test=0 radeon.agpmode=-1 radeon.benchmark=0 radeon.tv=0 radeon.hard_reset=1 radeon.aspm=1 radeon.dpm=1 radeon.msi=1 radeon.pcie_gen2=-1 radeon.no_wb=1 radeon.modeset=1 radeon.dynclks=1 radeon.r4xx_atom=0 radeon.runpm=0 radeonfb radeon.fastfb=1 nomodeset
[    0.000000] KERNEL supported cpus:
[    0.000000]   AMD AuthenticAMD
[    0.000000] tseg: 00bfe00000
[    0.000000] e820: BIOS-provided physical RAM map:
[    0.000000] BIOS-e820: [mem 0x0000000000000000-0x000000000009d7ff] usable
[    0.000000] BIOS-e820: [mem 0x000000000009d800-0x000000000009ffff] reserved
[    0.000000] BIOS-e820: [mem 0x00000000000e0000-0x00000000000fffff] reserved
[    0.000000] BIOS-e820: [mem 0x0000000000100000-0x00000000bed9afff] usable
[    0.000000] BIOS-e820: [mem 0x00000000bed9b000-0x00000000bf39afff] reserved
[    0.000000] BIOS-e820: [mem 0x00000000bf39b000-0x00000000bf49afff] ACPI NVS
[    0.000000] BIOS-e820: [mem 0x00000000bf49b000-0x00000000bf51afff] ACPI data
[    0.000000] BIOS-e820: [mem 0x00000000bf51b000-0x00000000bfdfffff] usable
[    0.000000] BIOS-e820: [mem 0x00000000bfe00000-0x00000000bfffffff] reserved
[    0.000000] BIOS-e820: [mem 0x00000000fec00000-0x00000000fecfffff] reserved
[    0.000000] BIOS-e820: [mem 0x00000000fed80000-0x00000000fed80fff] reserved
[    0.000000] BIOS-e820: [mem 0x00000000ffe00000-0x00000000ffffffff] reserved
[    0.000000] BIOS-e820: [mem 0x0000000100000000-0x000000041effffff] usable
[    0.000000] NX (Execute Disable) protection: active
[    0.000000] SMBIOS 2.6 present.
[    0.000000] DMI: LENOVO Sabine/Torpedo, BIOS 54CN18WW 07/20/2011
[    0.000000] e820: update [mem 0x00000000-0x00000fff] usable ==> reserved
[    0.000000] e820: remove [mem 0x000a0000-0x000fffff] usable
[    0.000000] e820: last_pfn = 0x41f000 max_arch_pfn = 0x400000000
[    0.000000] MTRR default type: uncachable
[    0.000000] MTRR fixed ranges enabled:
[    0.000000]   00000-9FFFF write-back
[    0.000000]   A0000-BFFFF uncachable
[    0.000000]   C0000-FFFFF write-protect
[    0.000000] MTRR variable ranges enabled:
[    0.000000]   0 base 0000000000 mask FF80000000 write-back
[    0.000000]   1 base 0080000000 mask FFC0000000 write-back
[    0.000000]   2 base 00FFF90000 mask FFFFFF0000 uncachable
[    0.000000]   3 base 00FED80000 mask 0FFFFFF000 uncachable
[    0.000000]   4 disabled
[    0.000000]   5 disabled
[    0.000000]   6 disabled
[    0.000000]   7 base 00FFE00000 mask FFFFE00000 write-protect
[    0.000000] TOM2: 000000041f000000 aka 16880M
[    0.000000] mtrr: your BIOS has configured an incorrect mask, fixing it.
[    0.000000] e820: last_pfn = 0xbfe00 max_arch_pfn = 0x400000000
[    0.000000] found SMP MP-table at [mem 0x000fa8b0-0x000fa8bf] mapped at [ffff8800000fa8b0]
[    0.000000] Base memory trampoline at [ffff880000097000] 97000 size 24576
[    0.000000] Using GB pages for direct mapping
[    0.000000] init_memory_mapping: [mem 0x00000000-0x000fffff]
[    0.000000]  [mem 0x00000000-0x000fffff] page 4k
[    0.000000] BRK [0x01e17000, 0x01e17fff] PGTABLE
[    0.000000] BRK [0x01e18000, 0x01e18fff] PGTABLE
[    0.000000] BRK [0x01e19000, 0x01e19fff] PGTABLE
[    0.000000] init_memory_mapping: [mem 0x41ee00000-0x41effffff]
[    0.000000]  [mem 0x41ee00000-0x41effffff] page 2M
[    0.000000] BRK [0x01e1a000, 0x01e1afff] PGTABLE
[    0.000000] init_memory_mapping: [mem 0x41c000000-0x41edfffff]
[    0.000000]  [mem 0x41c000000-0x41edfffff] page 2M
[    0.000000] init_memory_mapping: [mem 0x400000000-0x41bffffff]
[    0.000000]  [mem 0x400000000-0x41bffffff] page 2M
[    0.000000] init_memory_mapping: [mem 0x00100000-0xbed9afff]
[    0.000000]  [mem 0x00100000-0x001fffff] page 4k
[    0.000000]  [mem 0x00200000-0x3fffffff] page 2M
[    0.000000]  [mem 0x40000000-0x7fffffff] page 1G
[    0.000000]  [mem 0x80000000-0xbebfffff] page 2M
[    0.000000]  [mem 0xbec00000-0xbed9afff] page 4k
[    0.000000] init_memory_mapping: [mem 0xbf51b000-0xbfdfffff]
[    0.000000]  [mem 0xbf51b000-0xbf5fffff] page 4k
[    0.000000]  [mem 0xbf600000-0xbfdfffff] page 2M
[    0.000000] BRK [0x01e1b000, 0x01e1bfff] PGTABLE
[    0.000000] init_memory_mapping: [mem 0x100000000-0x3ffffffff]
[    0.000000]  [mem 0x100000000-0x3ffffffff] page 1G
[    0.000000] log_buf_len: 16777216 bytes
[    0.000000] early log buf free: 2092044(99%)
[    0.000000] RAMDISK: [mem 0x37828000-0x37c0bfff]
[    0.000000] ACPI: Early table checksum verification disabled
[    0.000000] ACPI: RSDP 0x00000000000F0110 000024 (v02 LENOVO)
[    0.000000] ACPI: XSDT 0x00000000BF51A120 000074 (v01 LENOVO CB-01    00000001 LENO 00000001)
[    0.000000] ACPI: FACP 0x00000000BF508000 0000F4 (v04 LENOVO CB-01    00000001 PTL  00000001)
[    0.000000] ACPI: DSDT 0x00000000BF50A000 00FD10 (v01 LENOVO CB-01    00001000 LENO 00000001)
[    0.000000] ACPI: FACS 0x00000000BF478000 000040
[    0.000000] ACPI: HPET 0x00000000BF507000 000038 (v01 LENOVO CB-01    00000001 PTL  00000001)
[    0.000000] ACPI: APIC 0x00000000BF506000 00007A (v02 LENOVO CB-01    00000001 PTL  00000001)
[    0.000000] ACPI: MCFG 0x00000000BF505000 00003C (v01 LENOVO CB-01    00000001 PTL  00000001)
[    0.000000] ACPI: SLIC 0x00000000BF504000 000176 (v01 LENOVO CB-01    00000001 LENO 00000001)
[    0.000000] ACPI: UEFI 0x00000000BF503000 00003E (v01 LENOVO CB-01    00000001 PTL  00000001)
[    0.000000] ACPI: UEFI 0x00000000BF502000 000042 (v01 PTL    COMBUF   00000001 PTL  00000001)
[    0.000000] ACPI: SSDT 0x00000000BF501000 000E34 (v01 AMD    POWERNOW 00000001 AMD  00000001)
[    0.000000] ACPI: SSDT 0x00000000BF4FF000 00193D (v02 AMD    ALIB     00000001 MSFT 04000000)
[    0.000000] ACPI: UEFI 0x00000000BF4FE000 00021A (v01 LENOVO CB-01    00000001 PTL  00000001)
[    0.000000] ACPI: Local APIC address 0xfee00000
[    0.000000] No NUMA configuration found
[    0.000000] Faking a node at [mem 0x0000000000000000-0x000000041effffff]
[    0.000000] Initmem setup node 0 [mem 0x00000000-0x41effffff]
[    0.000000]   NODE_DATA [mem 0x41dffa000-0x41dffdfff]
[    0.000000]  [ffffea0000000000-ffffea00107fffff] PMD -> [ffff88040de00000-ffff88041d5fffff] on node 0
[    0.000000] Zone ranges:
[    0.000000]   DMA      [mem 0x00001000-0x00ffffff]
[    0.000000]   DMA32    [mem 0x01000000-0xffffffff]
[    0.000000]   Normal   [mem 0x100000000-0x41effffff]
[    0.000000] Movable zone start for each node
[    0.000000] Early memory node ranges
[    0.000000]   node   0: [mem 0x00001000-0x0009cfff]
[    0.000000]   node   0: [mem 0x00100000-0xbed9afff]
[    0.000000]   node   0: [mem 0xbf51b000-0xbfdfffff]
[    0.000000]   node   0: [mem 0x100000000-0x41effffff]
[    0.000000] On node 0 totalpages: 4056604
[    0.000000]   DMA zone: 64 pages used for memmap
[    0.000000]   DMA zone: 21 pages reserved
[    0.000000]   DMA zone: 3996 pages, LIFO batch:0
[    0.000000]   DMA32 zone: 12186 pages used for memmap
[    0.000000]   DMA32 zone: 779904 pages, LIFO batch:31
[    0.000000]   Normal zone: 51136 pages used for memmap
[    0.000000]   Normal zone: 3272704 pages, LIFO batch:31
[    0.000000] ACPI: PM-Timer IO Port: 0x808
[    0.000000] ACPI: Local APIC address 0xfee00000
[    0.000000] ACPI: LAPIC (acpi_id[0x00] lapic_id[0x00] enabled)
[    0.000000] ACPI: LAPIC (acpi_id[0x01] lapic_id[0x01] enabled)
[    0.000000] ACPI: LAPIC (acpi_id[0x02] lapic_id[0x02] enabled)
[    0.000000] ACPI: LAPIC (acpi_id[0x03] lapic_id[0x03] enabled)
[    0.000000] ACPI: LAPIC_NMI (acpi_id[0x00] high edge lint[0x1])
[    0.000000] ACPI: LAPIC_NMI (acpi_id[0x01] high edge lint[0x1])
[    0.000000] ACPI: LAPIC_NMI (acpi_id[0x02] high edge lint[0x1])
[    0.000000] ACPI: LAPIC_NMI (acpi_id[0x03] high edge lint[0x1])
[    0.000000] ACPI: IOAPIC (id[0x02] address[0xfec00000] gsi_base[0])
[    0.000000] IOAPIC[0]: apic_id 2, version 33, address 0xfec00000, GSI 0-23
[    0.000000] ACPI: INT_SRC_OVR (bus 0 bus_irq 0 global_irq 2 dfl dfl)
[    0.000000] ACPI: IRQ0 used by override.
[    0.000000] ACPI: IRQ9 used by override.
[    0.000000] Using ACPI (MADT) for SMP configuration information
[    0.000000] ACPI: HPET id: 0x43538210 base: 0xfed00000
[    0.000000] smpboot: Allowing 4 CPUs, 0 hotplug CPUs
[    0.000000] e820: [mem 0xc0000000-0xfebfffff] available for PCI devices
[    0.000000] setup_percpu: NR_CPUS:64 nr_cpumask_bits:64 nr_cpu_ids:4 nr_node_ids:1
[    0.000000] PERCPU: Embedded 27 pages/cpu @ffff88041dc00000 s80256 r8192 d22144 u524288
[    0.000000] pcpu-alloc: s80256 r8192 d22144 u524288 alloc=1*2097152
[    0.000000] pcpu-alloc: [0] 0 1 2 3 
[    0.000000] Built 1 zonelists in Zone order, mobility grouping on.  Total pages: 3993197
[    0.000000] Policy zone: Normal
[    0.000000] Kernel command line: BOOT_IMAGE=/vmlinuz-linux-git root=UUID=bfa4ab6e-19a3-4601-ba2b-267c55841c73 rw cryptdevice=/dev/disk/by-uuid/70c08890-417a-497d-b6ab-c0d0357a63e2:cryptManjaro:allow-discards ipv6.disable=1 pnp.debug=1 loglevel=9 log_buf_len=10M printk.always_kmsg_dump=y printk.time=y mminit_loglevel=0 memory_corruption_check=1 acpi.debug_layer=0xfbff0000 acpi.debug_level=0xFFFFFFFD pnp.debug=1 nohz=on rcu_nocbs=1-3 pcie_aspm=force fbcon=scrollback:4096k fbcon=font:ProFont6x11 radeon.audio=0 radeon.lockup_timeout=0 radeon.test=0 radeon.agpmode=-1 radeon.benchmark=0 radeon.tv=0 radeon.hard_reset=1 radeon.aspm=1 radeon.dpm=1 radeon.msi=1 radeon.pcie_gen2=-1 radeon.no_wb=1 radeon.modeset=1 radeon.dynclks=1 radeon.r4xx_atom=0 radeon.runpm=0 radeonfb radeon.fastfb=1 nomodeset
[    0.000000] PCIe ASPM is forcibly enabled
[    0.000000] PID hash table entries: 4096 (order: 3, 32768 bytes)
[    0.000000] Memory: 15870892K/16226416K available (5248K kernel code, 721K rwdata, 2208K rodata, 848K init, 2588K bss, 355524K reserved)
[    0.000000] SLUB: HWalign=64, Order=0-3, MinObjects=0, CPUs=4, Nodes=1
[    0.000000] Hierarchical RCU implementation.
[    0.000000] 	RCU dyntick-idle grace-period acceleration is enabled.
[    0.000000] 	Additional per-CPU info printed with stalls.
[    0.000000] 	RCU restricting CPUs from NR_CPUS=64 to nr_cpu_ids=4.
[    0.000000] 	Offload RCU callbacks from all CPUs
[    0.000000] 	Offload RCU callbacks from CPUs: 0-3.
[    0.000000] RCU: Adjusting geometry for rcu_fanout_leaf=16, nr_cpu_ids=4
[    0.000000] NR_IRQS:4352 nr_irqs:456 0
[    0.000000] spurious 8259A interrupt: IRQ7.
[    0.000000] vgacon: allocated 4194304 bytes of memory for scrollback. CONFIG_VGACON_SOFT_SCROLLBACK_SIZE=4096
[    0.000000] Console: colour VGA+ 80x25
[    0.000000] console [tty0] enabled
[    0.000000] allocated 65011712 bytes of page_cgroup
[    0.000000] please try 'cgroup_disable=memory' option if you don't want memory cgroups
[    0.000000] hpet clockevent registered
[    0.000000] tsc: Fast TSC calibration using PIT
[    0.000000] tsc: Detected 1397.453 MHz processor
[    0.000041] Calibrating delay loop (skipped), value calculated using timer frequency.. 2796.36 BogoMIPS (lpj=4658176)
[    0.000201] pid_max: default: 32768 minimum: 301
[    0.000269] ACPI: Core revision 20140724
[    0.016499] ACPI: All ACPI Tables successfully acquired
[    0.018840] Security Framework initialized
[    0.019966] Dentry cache hash table entries: 2097152 (order: 12, 16777216 bytes)
[    0.025715] Inode-cache hash table entries: 1048576 (order: 11, 8388608 bytes)
[    0.028530] Mount-cache hash table entries: 32768 (order: 6, 262144 bytes)
[    0.028626] Mountpoint-cache hash table entries: 32768 (order: 6, 262144 bytes)
[    0.029116] Initializing cgroup subsys memory
[    0.029231] Initializing cgroup subsys devices
[    0.029297] Initializing cgroup subsys freezer
[    0.029361] Initializing cgroup subsys net_cls
[    0.029426] Initializing cgroup subsys blkio
[    0.029519] CPU: Physical Processor ID: 0
[    0.029583] CPU: Processor Core ID: 0
[    0.029648] mce: CPU supports 6 MCE banks
[    0.029722] Last level iTLB entries: 4KB 512, 2MB 16, 4MB 8
Last level dTLB entries: 4KB 1024, 2MB 128, 4MB 64, 1GB 0
[    0.029987] Freeing SMP alternatives memory: 20K (ffffffff81b8a000 - ffffffff81b8f000)
[    0.030593] ..TIMER: vector=0x30 apic1=0 pin1=2 apic2=-1 pin2=-1
[    0.063673] smpboot: CPU0: AMD A6-3400M APU with Radeon(tm) HD Graphics (fam: 12, model: 01, stepping: 00)
[    0.170022] Performance Events: AMD PMU driver.
[    0.170126] ... version:                0
[    0.170190] ... bit width:              48
[    0.170254] ... generic registers:      4
[    0.170317] ... value mask:             0000ffffffffffff
[    0.170382] ... max period:             00007fffffffffff
[    0.170447] ... fixed-purpose events:   0
[    0.170511] ... event mask:             000000000000000f
[    0.171043] MCE: In-kernel MCE decoding enabled.
[    0.171210] trying cpu_up:
[    0.171323] NMI watchdog: enabled on all CPUs, permanently consumes one hw-PMU counter.
[    0.171637] smpboot: ++++++++++++++++++++=_---CPU UP  1
[    0.171707] x86: Booting SMP configuration:
[    0.171772] .... node  #0, CPUs:      #1
[    0.171881] smpboot: Setting warm reset code and vector.
[    0.172006] smpboot: 1.
[    0.172069] smpboot: 2.
[    0.172132] smpboot: 3.
[    0.172195] smpboot: Asserting INIT
[    0.172261] smpboot: waiting 5 sec for mouse movements to 'crash' this cpu
[    5.181711] smpboot: done waiting
[    5.181853] smpboot: Waiting for INIT send to finish...
[    5.191994] smpboot: status for above ^ is: 0
[    5.192104] smpboot: Deasserting INIT
[    5.192167] smpboot: Waiting for above send to finish...
[    5.192232] smpboot: #startup loops: 2
[    5.192295] smpboot: Sending STARTUP #1
[    5.192358] smpboot: After apic_write
[    5.096798] smpboot: CPU#1 (phys ID: 1) waiting for CALLOUT
[    5.096800] smpboot: Waiting max 15 sec for callout
[    5.192733] smpboot: Startup point 1
[    5.192971] smpboot: Waiting for send to finish...
[    5.193235] smpboot: Sending STARTUP #2
[    5.193299] smpboot: After apic_write
[    5.193662] smpboot: Startup point 1
[    5.193771] smpboot: Waiting for send to finish...
[    5.194035] smpboot: After Startup
[    5.194145] smpboot: Before Callout 1
[    5.194208] smpboot: After Callout 1
[    5.098441] smpboot: done waiting max 15 sec for callout
[    5.098477] smpboot: Stack at about ffff880407807f3c
[    5.194401] smpboot: start waiting 5sec for response
[    5.194440] smpboot: done waiting 5sec for response
[    5.194538] smpboot: cpumask_test_cpu result: -1
[    5.194601] smpboot: cpu_callin_mask: 0000000000000003
[    5.194701] smpboot: cpu_callout_mask: 0000000000000003
[    5.194765] smpboot: CPU1: has booted.
[    5.196897] TSC synchronization [CPU#0 -> CPU#1]:
[    5.197007] Measured 133787529 cycles TSC warp between CPUs, turning off TSC clock.
[    5.197147] tsc: Marking TSC unstable due to check_tsc_sync_source failed
[    5.197270] after cpu_up !!!!!!!!!!!!
[    5.197310] trying cpu_up:
[    5.197526] smpboot: ++++++++++++++++++++=_---CPU UP  2
[    5.197662]  #2
[    5.197699] smpboot: Setting warm reset code and vector.
[    5.197820] smpboot: 1.
[    5.197882] smpboot: 2.
[    5.197943] smpboot: 3.
[    5.198008] smpboot: Asserting INIT
[    5.198071] smpboot: waiting 5 sec for mouse movements to 'crash' this cpu
[   10.206731] smpboot: done waiting
[   10.206874] smpboot: Waiting for INIT send to finish...
[   10.216967] smpboot: status for above ^ is: 0
[   10.217075] smpboot: Deasserting INIT
[   10.217136] smpboot: Waiting for above send to finish...
[   10.217201] smpboot: #startup loops: 2
[   10.217265] smpboot: Sending STARTUP #1
[   10.217328] smpboot: After apic_write
[   10.087707] smpboot: CPU#2 (phys ID: 2) waiting for CALLOUT
[   10.087709] smpboot: Waiting max 15 sec for callout
[   10.217694] smpboot: Startup point 1
[   10.217927] smpboot: Waiting for send to finish...
[   10.218190] smpboot: Sending STARTUP #2
[   10.218299] smpboot: After apic_write
[   10.218662] smpboot: Startup point 1
[   10.218771] smpboot: Waiting for send to finish...
[   10.219035] smpboot: After Startup
[   10.219145] smpboot: Before Callout 2
[   10.219206] smpboot: After Callout 2
[   10.089378] smpboot: done waiting max 15 sec for callout
[   10.089409] smpboot: Stack at about ffff88040780bf3c
[   10.219397] smpboot: start waiting 5sec for response
[   10.219434] smpboot: done waiting 5sec for response
[   10.219527] smpboot: cpumask_test_cpu result: -1
[   10.219589] smpboot: cpu_callin_mask: 0000000000000007
[   10.219683] smpboot: cpu_callout_mask: 0000000000000007
[   10.219744] smpboot: CPU2: has booted.
[   10.219877] after cpu_up !!!!!!!!!!!!
[   10.219916] trying cpu_up:
[   10.220118] smpboot: ++++++++++++++++++++=_---CPU UP  3
[   10.220256]  #3
[   10.220293] smpboot: Setting warm reset code and vector.
[   10.220417] smpboot: 1.
[   10.220479] smpboot: 2.
[   10.220541] smpboot: 3.
[   10.220601] smpboot: Asserting INIT
[   10.220660] smpboot: waiting 5 sec for mouse movements to 'crash' this cpu
[   15.228516] smpboot: done waiting
[   15.228613] smpboot: Waiting for INIT send to finish...
[   15.238751] smpboot: status for above ^ is: 0
[   15.238857] smpboot: Deasserting INIT
[   15.238918] smpboot: Waiting for above send to finish...
[   15.238979] smpboot: #startup loops: 2
[   15.239038] smpboot: Sending STARTUP #1
[   15.239098] smpboot: After apic_write
[   15.075552] smpboot: CPU#3 (phys ID: 3) waiting for CALLOUT
[   15.075554] smpboot: Waiting max 15 sec for callout
[   15.239461] smpboot: Startup point 1
[   15.239691] smpboot: Waiting for send to finish...
[   15.239954] smpboot: Sending STARTUP #2
[   15.240062] smpboot: After apic_write
[   15.240423] smpboot: Startup point 1
[   15.240532] smpboot: Waiting for send to finish...
[   15.240799] smpboot: After Startup
[   15.240906] smpboot: Before Callout 3
[   15.240968] smpboot: After Callout 3
[   15.077269] smpboot: done waiting max 15 sec for callout
[   15.077299] smpboot: Stack at about ffff88040780ff3c
[   15.241156] smpboot: start waiting 5sec for response
[   15.241193] smpboot: done waiting 5sec for response
[   15.241287] smpboot: cpumask_test_cpu result: -1
[   15.241348] smpboot: cpu_callin_mask: 000000000000000f
[   15.241442] smpboot: cpu_callout_mask: 000000000000000f
[   15.241503] smpboot: CPU3: has booted.
[   15.241639] after cpu_up !!!!!!!!!!!!
[   15.241676] x86: Booted up 1 node, 4 CPUs
[   15.241795] smpboot: Boot done
[   15.241856] smpboot: Before bogomips
[   15.241917] smpboot: Total of 4 processors activated (11184.44 BogoMIPS)
[   15.241980] smpboot: Before bogocount - setting activated=1
[    0.090089] devtmpfs: initialized
[    0.090136] device: 'platform': device_add
[    0.093362] bus: 'platform': registered
[    0.093432] bus: 'cpu': registered
[    0.093491] device: 'cpu': device_add
[    0.093565] bus: 'container': registered
[    0.093628] device: 'container': device_add
[    0.094083] bus: 'workqueue': registered
[    0.094083] device: 'workqueue': device_add
[    0.094083] kworker/u8:0 (39) used greatest stack depth: 14096 bytes left
[    0.094083] atomic64_test: passed for x86-64 platform with CX8 and with SSE
[    0.094083] device class 'regulator': registering
[    0.094083] Registering platform device 'reg-dummy'. Parent at platform
[    0.094083] device: 'reg-dummy': device_add
[    0.094083] bus: 'platform': add device reg-dummy
[    0.094083] bus: 'platform': add driver reg-dummy
[    0.094083] bus: 'platform': driver_probe_device: matched device reg-dummy with driver reg-dummy
[    0.094083] bus: 'platform': really_probe: probing driver reg-dummy with device reg-dummy
[    0.094083] device: 'regulator.0': device_add
[    0.094092] regulator-dummy: no parameters
[    0.094103] driver: 'reg-dummy': driver_bound: bound to device 'reg-dummy'
[    0.094105] bus: 'platform': really_probe: bound device reg-dummy to driver reg-dummy
[    0.094236] NET: Registered protocol family 16
[    0.094510] device class 'bdi': registering
[    0.094521] bus: 'platform': add driver ramoops
[    0.094532] device class 'pci_bus': registering
[    0.094547] bus: 'pci': registered
[    0.094550] device class 'backlight': registering
[    0.094556] device class 'tty': registering
[    0.094562] device class 'vtconsole': registering
[    0.094568] device: 'vtcon0': device_add
[    0.094590] bus: 'node': registered
[    0.094592] device: 'node': device_add
[    0.094614] bus: 'i2c': registered
[    0.094616] bus: 'i2c': add driver dummy
[    0.094621] i2c-core: driver [dummy] registered
[    0.094624] cpuidle: using governor ladder
[    0.094626] cpuidle: using governor menu
[    0.096765] ACPI FADT declares the system doesn't support PCIe ASPM, so disable it
[    0.096767] ACPI: bus type PCI registered
[    0.096769] acpiphp: ACPI Hot Plug PCI Controller Driver version: 0.5
[    0.096773] device class 'dmi': registering
[    0.096781] device: 'id': device_add
[    0.096904] PCI: MMCONFIG for domain 0000 [bus 00-3f] at [mem 0xf8000000-0xfbffffff] (base 0xf8000000)
[    0.096907] PCI: not using MMCONFIG
[    0.096908] PCI: Using configuration type 1 for base access
[    0.096909] PCI: Using configuration type 1 for extended access
[    0.097216] device: 'node0': device_add
[    0.097220] bus: 'node': add device node0
[    0.097248] device: 'cpu0': device_add
[    0.097252] bus: 'cpu': add device cpu0
[    0.097291] device: 'cpu1': device_add
[    0.097294] bus: 'cpu': add device cpu1
[    0.097331] device: 'cpu2': device_add
[    0.097335] bus: 'cpu': add device cpu2
[    0.097377] device: 'cpu3': device_add
[    0.097381] bus: 'cpu': add device cpu3
[    0.120091] device: 'writeback': device_add
[    0.120190] bus: 'workqueue': add device writeback
[    0.120287] device: 'default': device_add
[    0.120444] device class 'block': registering
[    0.120444] ACPI: Added _OSI(Module Device)
[    0.120444] ACPI: Added _OSI(Processor Device)
[    0.120444] ACPI: Added _OSI(3.0 _SCP Extensions)
[    0.120444] ACPI: Added _OSI(Processor Aggregator Device)
[    0.123901] 
**** Context Switch from TID 4294967295 to TID 133431296 ****

[    0.124116]     utils-0051 util_eval_error       : Evaluate [\_SB_.PCI0.LPC0.EC0_._GLK]: AE_NOT_FOUND
[    0.124586] Executing  Method       \_SB_.PCI0.LPC0.EC0_._REG
[    0.125377] Executing  Method       \_SB_.PCI0.LPC0.EC0_._REG
[    0.125571] Executing  Method       \_SB_.PCI0.LPC0.EC0_._REG
[    0.125741] Executing  Method       \_SB_.PCI0.LPC0.EC0_._REG
[    0.125741] Initializing Region       \_SB_.OSTY
[    0.125741] Initializing Region       \_SB_.PCI0.NBMS
[    0.125741] Initializing Region       \_SB_.PCI0.NBXP
[    0.125741] Initializing Region       \_SB_.PCI0.K8ST
[    0.125872] Initializing Region       \_SB_.PCI0.BAR1
[    0.126018] Initializing Region       \_SB_.PCI0.PB2_.XPEX
[    0.126156] Initializing Region       \_SB_.PCI0.PB2_.PCFG
[    0.126301] Initializing Region       \_SB_.PCI0.PB2_.XPCB
[    0.126443] Initializing Region       \_SB_.PCI0.PB2_.XPRI
[    0.126588] Initializing Region       \_SB_.PCI0.PB2_.VGA_.PCFG
[    0.130082] Initializing Region       \_SB_.PCI0.PB2_.HDAU.PCFG
[    0.130250] Initializing Region       \_SB_.PCI0.PB3_.XPEX
[    0.130399] Initializing Region       \_SB_.PCI0.PB3_.PCFG
[    0.130539] Initializing Region       \_SB_.PCI0.PB3_.XPCB
[    0.130678] Initializing Region       \_SB_.PCI0.PB3_.XPRI
[    0.130818] Initializing Region       \_SB_.PCI0.PB3_.VGA_.PCFG
[    0.131002] Initializing Region       \_SB_.PCI0.PB3_.HDAU.PCFG
[    0.131186] Initializing Region       \_SB_.PCI0.PB4_.XPEX
[    0.131335] Initializing Region       \_SB_.PCI0.PB4_.PCFG
[    0.131485] Initializing Region       \_SB_.PCI0.PB4_.XPCB
[    0.131629] Initializing Region       \_SB_.PCI0.PB4_.XPRI
[    0.131769] Initializing Region       \_SB_.PCI0.PB4_.XPDV.PCFG
[    0.131916] Initializing Region       \_SB_.PCI0.PB5_.XPEX
[    0.132054] Initializing Region       \_SB_.PCI0.PB5_.PCFG
[    0.132192] Initializing Region       \_SB_.PCI0.PB5_.XPCB
[    0.132330] Initializing Region       \_SB_.PCI0.PB5_.XPRI
[    0.132479] Initializing Region       \_SB_.PCI0.PB5_.XPDV.PCFG
[    0.132643] Initializing Region       \_SB_.PCI0.PB6_.XPEX
[    0.132791] Initializing Region       \_SB_.PCI0.PB6_.PCFG
[    0.132933] Initializing Region       \_SB_.PCI0.PB6_.XPCB
[    0.133072] Initializing Region       \_SB_.PCI0.PB6_.XPRI
[    0.133212] Initializing Region       \_SB_.PCI0.PB6_.XPDV.PCFG
[    0.133212] Initializing Region       \_SB_.PCI0.PB7_.XPEX
[    0.133212] Initializing Region       \_SB_.PCI0.PB7_.PCFG
[    0.133212] Initializing Region       \_SB_.PCI0.PB7_.XPCB
[    0.133212] Initializing Region       \_SB_.PCI0.PB7_.XPRI
[    0.133212] Initializing Region       \_SB_.PCI0.PB7_.XPDV.PCFG
[    0.133212] Initializing Region       \_SB_.PCI0.SATC
[    0.133212] Initializing Region       \_SB_.PCI0.RMEM
[    0.133212] Initializing Region       \_SB_.PCI0.SATA.SATX
[    0.133212] Initializing Region       \_SB_.PCI0.SATA.BAR5
[    0.143543] Initializing Region       \_SB_.PCI0.SMB_.SBRV
[    0.143740] Initializing Region       \_SB_.PCI0.SMB_.PMIO
[    0.143878] Initializing Region       \_SB_.PCI0.SMB_.ERMM
[    0.144100] Initializing Region       \_SB_.PCI0.SMB_.P1E0
[    0.144262] Initializing Region       \_SB_.PCI0.SMB_.ABIO
[    0.144401] Initializing Region       \_SB_.PCI0.SMB_.SMB0
[    0.144541] Initializing Region       \_SB_.PCI0.LPC0.PIRQ
[    0.144713] Initializing Region       \_SB_.PCI0.LPC0.LPCR
[    0.144930] Initializing Region       \_SB_.PCI0.LPC0.LPCS
[    0.145120] Initializing Region       \_SB_.PCI0.LPC0.SMI0
[    0.145257] Initializing Region       \_SB_.PCI0.LPC0.SMI1
[    0.145399] Initializing Region       \_SB_.PCI0.LPC0.EC0_.ECO1
[    0.145535] Initializing Region       \_SB_.PCI0.LPC0.EC0_.ECO2
[    0.145671] Initializing Region       \_SB_.PCI0.LPC0.EC0_.ECMB
[    0.145807] Initializing Region       \_SB_.PCI0.LPC0.EC0_.RAM_
[    0.146013] Initializing Region       \_SB_.PCI0.LPC0.EC0_.CMOS
[    0.146177] Initializing Region       \_SB_.PCI0.LPC0.EC0_.VPC0.ERAM
[    0.146347] Initializing Region       \_SB_.PCI0.SPB0.PCFG
[    0.146780] Initializing Region       \_SB_.PCI0.SPB0.XPCB
[    0.146920] Initializing Region       \_SB_.PCI0.SPB0.XPDV.PCFG
[    0.147065] Initializing Region       \_SB_.PCI0.SPB1.PCFG
[    0.147202] Initializing Region       \_SB_.PCI0.SPB1.XPCB
[    0.147342] Initializing Region       \_SB_.PCI0.SPB1.XPDV.PCFG
[    0.147487] Initializing Region       \_SB_.PCI0.SPB2.PCFG
[    0.147625] Initializing Region       \_SB_.PCI0.SPB2.XPCB
[    0.147765] Initializing Region       \_SB_.PCI0.SPB2.XPDV.PCFG
[    0.147909] Initializing Region       \_SB_.PCI0.SPB3.PCFG
[    0.148047] Initializing Region       \_SB_.PCI0.SPB3.XPCB
[    0.148187] Initializing Region       \_SB_.PCI0.SPB3.XPDV.PCFG
[    0.148423] Initializing Region       \_SB_.PCI0.VGA_.REVD
[    0.148716] Initializing BufferField  \_SB_.AMW0.WLID
[    0.149245] Initializing Region       \DEB2
[    0.149419] Initializing Region       \PMIO
[    0.149557] Initializing Region       \P01_
[    0.149721] Initializing Region       \CNVS
[    0.149906] Initializing Region       \SPRT
[    0.149906] Initializing Region       \CMIO
[    0.149906] Executing  Method       \_SB_._STA
[    0.149906] Executing  Method       \_SB_._INI
[    0.149906] Executing  Method       \_SB_.PCI0._STA
[    0.149906] Executing  Method       \_SB_.PCI0._INI
[    0.149906] [Firmware Bug]: ACPI: BIOS _OSI(Linux) query ignored
[    0.149906] Executing  Method       \_SB_.PCI0.SATA._STA
[    0.149906] Executing  Method       \_SB_.PCI0.SATA._INI
[    0.149906] Executing  Method       \_SB_.PCI0.LPC0.EC0_._REG
[    0.190108] ACPI: Interpreter enabled
[    0.190186] ACPI: (supports S0 S5)
[    0.190248] ACPI: Using IOAPIC for interrupt routing
[    0.190573] PCI: MMCONFIG for domain 0000 [bus 00-3f] at [mem 0xf8000000-0xfbffffff] (base 0xf8000000)
[    0.191446] PCI: MMCONFIG at [mem 0xf8000000-0xfbffffff] reserved in ACPI motherboard resources
[    0.191737] bus: 'acpi': registered
[    0.193342] PCI: Using host bridge windows from ACPI; if necessary, use "pci=nocrs" and report a bug
[    0.193476]      scan-1141 get_device_data       : No context for object [ffffffffffffffff]
[    0.193693]     utils-0051 util_eval_error       : Evaluate [\._STA]: AE_NOT_FOUND
[    0.193923] device: 'LNXSYSTM:00': device_add
[    0.193992] bus: 'acpi': add device LNXSYSTM:00
[    0.194070]     utils-0051 util_eval_error       : Evaluate [\._SUN]: AE_NOT_FOUND
[    0.194282]      scan-1933 add_single_object     : Added LNXSYSTM:00 [\] parent (null)
[    0.194478]      scan-1141 get_device_data       : No context for object [ffff88040d81d000]
[    0.194688]      scan-1141 get_device_data       : No context for object [ffff88040d8377d0]
[    0.194898]      scan-1141 get_device_data       : No context for object [ffff88040d8377f8]
[    0.195105]      scan-1141 get_device_data       : No context for object [ffff88040d837820]
[    0.195308]      scan-1141 get_device_data       : No context for object [ffff88040d837848]
[    0.195492]      scan-1141 get_device_data       : No context for object [ffff88040d837870]
[    0.195702]      scan-1141 get_device_data       : No context for object [ffff88040d837898]
[    0.196670]      scan-1141 get_device_data       : No context for object [ffff88040d8378c0]
[    0.196874]      scan-1141 get_device_data       : No context for object [ffff88040d8378e8]
[    0.197078]      scan-1141 get_device_data       : No context for object [ffff88040d839398]
[    0.197242]      scan-1141 get_device_data       : No context for object [ffff88040d81d028]
[    0.197427]      scan-1141 get_device_data       : No context for object [ffff88040d81d168]
[    0.197639]     utils-0051 util_eval_error       : Evaluate [\_PR_.C000._STA]: AE_NOT_FOUND
[    0.197847]      scan-1141 get_device_data       : No context for object [ffff88040d81d028]
[    0.198056] device: 'LNXCPU:00': device_add
[    0.198123] bus: 'acpi': add device LNXCPU:00
[    0.198205]     utils-0051 util_eval_error       : Evaluate [\_PR_.C000._SUN]: AE_NOT_FOUND
[    0.198393]      scan-1933 add_single_object     : Added LNXCPU:00 [\_PR_.C000] parent LNXSYSTM:00
[    0.198595]      scan-1141 get_device_data       : No context for object [ffff88040d83c398]
[    0.198793]      scan-1141 get_device_data       : No context for object [ffff88040d83c3c0]
[    0.198985]      scan-1141 get_device_data       : No context for object [ffff88040d83c3e8]
[    0.199171]      scan-1141 get_device_data       : No context for object [ffff88040d83c410]
[    0.199368]      scan-1141 get_device_data       : No context for object [ffff88040d83c438]
[    0.199566]      scan-1141 get_device_data       : No context for object [ffff88040d83c460]
[    0.200002]      scan-1141 get_device_data       : No context for object [ffff88040d81d190]
[    0.200194]     utils-0051 util_eval_error       : Evaluate [\_PR_.C001._STA]: AE_NOT_FOUND
[    0.200387]      scan-1141 get_device_data       : No context for object [ffff88040d81d028]
[    0.200595] device: 'LNXCPU:01': device_add
[    0.200658] bus: 'acpi': add device LNXCPU:01
[    0.200733]     utils-0051 util_eval_error       : Evaluate [\_PR_.C001._SUN]: AE_NOT_FOUND
[    0.200940]      scan-1933 add_single_object     : Added LNXCPU:01 [\_PR_.C001] parent LNXSYSTM:00
[    0.201139]      scan-1141 get_device_data       : No context for object [ffff88040d83c488]
[    0.201332]      scan-1141 get_device_data       : No context for object [ffff88040d83c4b0]
[    0.201478]      scan-1141 get_device_data       : No context for object [ffff88040d83c4d8]
[    0.201655]      scan-1141 get_device_data       : No context for object [ffff88040d83c500]
[    0.201849]      scan-1141 get_device_data       : No context for object [ffff88040d83c528]
[    0.202043]      scan-1141 get_device_data       : No context for object [ffff88040d83c550]
[    0.202233]      scan-1141 get_device_data       : No context for object [ffff88040d81d1b8]
[    0.202408]     utils-0051 util_eval_error       : Evaluate [\_PR_.C002._STA]: AE_NOT_FOUND
[    0.202604]      scan-1141 get_device_data       : No context for object [ffff88040d81d028]
[    0.202807] device: 'LNXCPU:02': device_add
[    0.202868] bus: 'acpi': add device LNXCPU:02
[    0.202942]     utils-0051 util_eval_error       : Evaluate [\_PR_.C002._SUN]: AE_NOT_FOUND
[    0.203143]      scan-1933 add_single_object     : Added LNXCPU:02 [\_PR_.C002] parent LNXSYSTM:00
[    0.203337]      scan-1141 get_device_data       : No context for object [ffff88040d83c578]
[    0.203483]      scan-1141 get_device_data       : No context for object [ffff88040d83c5a0]
[    0.203660]      scan-1141 get_device_data       : No context for object [ffff88040d83c5c8]
[    0.203856]      scan-1141 get_device_data       : No context for object [ffff88040d83c5f0]
[    0.204051]      scan-1141 get_device_data       : No context for object [ffff88040d83c618]
[    0.204241]      scan-1141 get_device_data       : No context for object [ffff88040d83c640]
[    0.204414]      scan-1141 get_device_data       : No context for object [ffff88040d81d1e0]
[    0.204608]     utils-0051 util_eval_error       : Evaluate [\_PR_.C003._STA]: AE_NOT_FOUND
[    0.204805]      scan-1141 get_device_data       : No context for object [ffff88040d81d028]
[    0.205011] device: 'LNXCPU:03': device_add
[    0.205072] bus: 'acpi': add device LNXCPU:03
[    0.205139]     utils-0051 util_eval_error       : Evaluate [\_PR_.C003._SUN]: AE_NOT_FOUND
[    0.205334]      scan-1933 add_single_object     : Added LNXCPU:03 [\_PR_.C003] parent LNXSYSTM:00
[    0.205486]      scan-1141 get_device_data       : No context for object [ffff88040d83c668]
[    0.205664]      scan-1141 get_device_data       : No context for object [ffff88040d83c690]
[    0.205861]      scan-1141 get_device_data       : No context for object [ffff88040d83c6b8]
[    0.206059]      scan-1141 get_device_data       : No context for object [ffff88040d83c6e0]
[    0.206251]      scan-1141 get_device_data       : No context for object [ffff88040d83c708]
[    0.206424]      scan-1141 get_device_data       : No context for object [ffff88040d83c730]
[    0.206670]      scan-1141 get_device_data       : No context for object [ffff88040d81d050]
[    0.206869]     utils-0051 util_eval_error       : Evaluate [\_SB_._STA]: AE_NOT_FOUND
[    0.207118] device: 'LNXSYBUS:00': device_add
[    0.207224] bus: 'acpi': add device LNXSYBUS:00
[    0.207292]     utils-0051 util_eval_error       : Evaluate [\_SB_._SUN]: AE_NOT_FOUND
[    0.207472]      scan-1933 add_single_object     : Added LNXSYBUS:00 [\_SB_] parent LNXSYSTM:00
[    0.207679]      scan-1141 get_device_data       : No context for object [ffff88040d81d3c0]
[    0.207877]      scan-1141 get_device_data       : No context for object [ffff88040d81d3e8]
[    0.208076]      scan-1141 get_device_data       : No context for object [ffff88040d81d410]
[    0.208268]      scan-1141 get_device_data       : No context for object [ffff88040d81d438]
[    0.208453]      scan-1141 get_device_data       : No context for object [ffff88040d81d460]
[    0.208649]      scan-1141 get_device_data       : No context for object [ffff88040d81d488]
[    0.208847]      scan-1141 get_device_data       : No context for object [ffff88040d81d4b0]
[    0.209045]      scan-1141 get_device_data       : No context for object [ffff88040d81d5a0]
[    0.209242]     utils-0051 util_eval_error       : Evaluate [\_SB_.PWRB._STA]: AE_NOT_FOUND
[    0.209455] device: 'PNP0C0C:00': device_add
[    0.209518] bus: 'acpi': add device PNP0C0C:00
[    0.209593]     utils-0051 util_eval_error       : Evaluate [\_SB_.PWRB._SUN]: AE_NOT_FOUND
[    0.209800]      scan-1933 add_single_object     : Added PNP0C0C:00 [\_SB_.PWRB] parent LNXSYBUS:00
[    0.210011]      scan-1141 get_device_data       : No context for object [ffff88040d81d5c8]
[    0.210210]      scan-1141 get_device_data       : No context for object [ffff88040d81d5f0]
[    0.210404]     utils-0051 util_eval_error       : Evaluate [\_SB_.PCI0._STA]: AE_NOT_FOUND
[    0.210648] device: 'PNP0A08:00': device_add
[    0.210759] bus: 'acpi': add device PNP0A08:00
[    0.210838]     utils-0051 util_eval_error       : Evaluate [\_SB_.PCI0._SUN]: AE_NOT_FOUND
[    0.211048]      scan-1933 add_single_object     : Added PNP0A08:00 [\_SB_.PCI0] parent LNXSYBUS:00
[    0.211252]      scan-1141 get_device_data       : No context for object [ffff88040d81d618]
[    0.211445]      scan-1141 get_device_data       : No context for object [ffff88040d81d640]
[    0.211638]      scan-1141 get_device_data       : No context for object [ffff88040d81d668]
[    0.211836]      scan-1141 get_device_data       : No context for object [ffff88040d81d690]
[    0.212034]      scan-1141 get_device_data       : No context for object [ffff88040d81d6b8]
[    0.212231]      scan-1141 get_device_data       : No context for object [ffff88040d81d6e0]
[    0.212422]      scan-1141 get_device_data       : No context for object [ffff88040d81d708]
[    0.212597]      scan-1141 get_device_data       : No context for object [ffff88040d81d730]
[    0.212794]      scan-1141 get_device_data       : No context for object [ffff88040d81d758]
[    0.212992]      scan-1141 get_device_data       : No context for object [ffff88040d81d780]
[    0.213188]      scan-1141 get_device_data       : No context for object [ffff88040d81d7a8]
[    0.213335]      scan-1141 get_device_data       : No context for object [ffff88040d81d7d0]
[    0.213481]      scan-1141 get_device_data       : No context for object [ffff88040d81d7f8]
[    0.213658]      scan-1141 get_device_data       : No context for object [ffff88040d81d820]
[    0.213856]      scan-1141 get_device_data       : No context for object [ffff88040d81d848]
[    0.215066]      scan-1141 get_device_data       : No context for object [ffff88040d81d870]
[    0.215264]      scan-1141 get_device_data       : No context for object [ffff88040d81d898]
[    0.215437]      scan-1141 get_device_data       : No context for object [ffff88040d81d8c0]
[    0.215630]      scan-1141 get_device_data       : No context for object [ffff88040d81d8e8]
[    0.215828]      scan-1141 get_device_data       : No context for object [ffff88040d81d910]
[    0.216025]      scan-1141 get_device_data       : No context for object [ffff88040d81d938]
[    0.216222]      scan-1141 get_device_data       : No context for object [ffff88040d81d960]
[    0.216407]      scan-1141 get_device_data       : No context for object [ffff88040d81d988]
[    0.216671]      scan-1141 get_device_data       : No context for object [ffff88040d81d9b0]
[    0.216869]      scan-1141 get_device_data       : No context for object [ffff88040d81d9d8]
[    0.217067]      scan-1141 get_device_data       : No context for object [ffff88040d81da00]
[    0.217264]      scan-1141 get_device_data       : No context for object [ffff88040d81da28]
[    0.217456]      scan-1141 get_device_data       : No context for object [ffff88040d81da50]
[    0.217648]      scan-1141 get_device_data       : No context for object [ffff88040d81da78]
[    0.217846]      scan-1141 get_device_data       : No context for object [ffff88040d81daa0]
[    0.218043]      scan-1141 get_device_data       : No context for object [ffff88040d81dac8]
[    0.218238]      scan-1141 get_device_data       : No context for object [ffff88040d81daf0]
[    0.218431]      scan-1141 get_device_data       : No context for object [ffff88040d81db18]
[    0.218606]      scan-1141 get_device_data       : No context for object [ffff88040d81db40]
[    0.218798]      scan-1141 get_device_data       : No context for object [ffff88040d81db68]
[    0.218992]      scan-1141 get_device_data       : No context for object [ffff88040d81db90]
[    0.219189]      scan-1141 get_device_data       : No context for object [ffff88040d81dbb8]
[    0.219384]      scan-1141 get_device_data       : No context for object [ffff88040d81dbe0]
[    0.219529]      scan-1141 get_device_data       : No context for object [ffff88040d81dc08]
[    0.219702]      scan-1141 get_device_data       : No context for object [ffff88040d81dc30]
[    0.219897]      scan-1141 get_device_data       : No context for object [ffff88040d81dc58]
[    0.220128]      scan-1141 get_device_data       : No context for object [ffff88040d81dc80]
[    0.220324]      scan-1141 get_device_data       : No context for object [ffff88040d81dca8]
[    0.220507]      scan-1141 get_device_data       : No context for object [ffff88040d81dcd0]
[    0.220697]      scan-1141 get_device_data       : No context for object [ffff88040d81dcf8]
[    0.220893]      scan-1141 get_device_data       : No context for object [ffff88040d81dd20]
[    0.221087]      scan-1141 get_device_data       : No context for object [ffff88040d81dd48]
[    0.221281]      scan-1141 get_device_data       : No context for object [ffff88040d81dd70]
[    0.221475]      scan-1141 get_device_data       : No context for object [ffff88040d81dd98]
[    0.221647]      scan-1141 get_device_data       : No context for object [ffff88040d81ddc0]
[    0.221838]      scan-1141 get_device_data       : No context for object [ffff88040d81dde8]
[    0.222032]      scan-1141 get_device_data       : No context for object [ffff88040d81de10]
[    0.222226]      scan-1141 get_device_data       : No context for object [ffff88040d81de38]
[    0.222422]      scan-1141 get_device_data       : No context for object [ffff88040d81de60]
[    0.222568]      scan-1141 get_device_data       : No context for object [ffff88040d81de88]
[    0.222740]      scan-1141 get_device_data       : No context for object [ffff88040d81deb0]
[    0.222936]      scan-1141 get_device_data       : No context for object [ffff88040d81ded8]
[    0.223134]      scan-1141 get_device_data       : No context for object [ffff88040d81df00]
[    0.223335]      scan-1141 get_device_data       : No context for object [ffff88040d81df28]
[    0.223511]      scan-1141 get_device_data       : No context for object [ffff88040d81df50]
[    0.223703]      scan-1141 get_device_data       : No context for object [ffff88040d81df78]
[    0.223897]      scan-1141 get_device_data       : No context for object [ffff88040d81dfa0]
[    0.224095]      scan-1141 get_device_data       : No context for object [ffff88040d81dfc8]
[    0.224292]      scan-1141 get_device_data       : No context for object [ffff88040d822000]
[    0.224489]      scan-1141 get_device_data       : No context for object [ffff88040d822028]
[    0.224682]     utils-0051 util_eval_error       : Evaluate [\_SB_.PCI0.MEMR._STA]: AE_NOT_FOUND
[    0.224911] device: 'PNP0C02:00': device_add
[    0.224974] bus: 'acpi': add device PNP0C02:00
[    0.225049]     utils-0051 util_eval_error       : Evaluate [\_SB_.PCI0.MEMR._SUN]: AE_NOT_FOUND
[    0.225256]      scan-1933 add_single_object     : Added PNP0C02:00 [\_SB_.PCI0.MEMR] parent PNP0A08:00
[    0.225458]      scan-1141 get_device_data       : No context for object [ffff88040d822050]
[    0.225604]      scan-1141 get_device_data       : No context for object [ffff88040d822078]
[    0.225777]      scan-1141 get_device_data       : No context for object [ffff88040d8220a0]
[    0.225973]      scan-1141 get_device_data       : No context for object [ffff88040d8220c8]
[    0.226170]      scan-1141 get_device_data       : No context for object [ffff88040d8220f0]
[    0.226368]      scan-1141 get_device_data       : No context for object [ffff88040d822118]
[    0.226545]      scan-1141 get_device_data       : No context for object [ffff88040d822140]
[    0.226668]      scan-1141 get_device_data       : No context for object [ffff88040d822168]
[    0.226863]      scan-1141 get_device_data       : No context for object [ffff88040d822190]
[    0.227060]      scan-1141 get_device_data       : No context for object [ffff88040d8221b8]
[    0.227258]      scan-1141 get_device_data       : No context for object [ffff88040d8221e0]
[    0.227439]      scan-1141 get_device_data       : No context for object [ffff88040d822208]
[    0.227631]      scan-1141 get_device_data       : No context for object [ffff88040d822230]
[    0.227825]      scan-1141 get_device_data       : No context for object [ffff88040d822258]
[    0.228022]      scan-1141 get_device_data       : No context for object [ffff88040d822280]
[    0.228221]      scan-1141 get_device_data       : No context for object [ffff88040d8222a8]
[    0.228419]     utils-0051 util_eval_error       : Evaluate [\_SB_.PCI0.PB2_._STA]: AE_NOT_FOUND
[    0.228647] device: 'device:00': device_add
[    0.228706] bus: 'acpi': add device device:00
[    0.228774]     utils-0051 util_eval_error       : Evaluate [\_SB_.PCI0.PB2_._SUN]: AE_NOT_FOUND
[    0.228973]      scan-1933 add_single_object     : Added device:00 [\_SB_.PCI0.PB2_] parent PNP0A08:00
[    0.229168]      scan-1141 get_device_data       : No context for object [ffff88040d8222d0]
[    0.229363]      scan-1141 get_device_data       : No context for object [ffff88040d8222f8]
[    0.229510]      scan-1141 get_device_data       : No context for object [ffff88040d822320]
[    0.229686]      scan-1141 get_device_data       : No context for object [ffff88040d822348]
[    0.229883]      scan-1141 get_device_data       : No context for object [ffff88040d822370]
[    0.230128]      scan-1141 get_device_data       : No context for object [ffff88040d822398]
[    0.230320]      scan-1141 get_device_data       : No context for object [ffff88040d8223c0]
[    0.230493]      scan-1141 get_device_data       : No context for object [ffff88040d8223e8]
[    0.230684]      scan-1141 get_device_data       : No context for object [ffff88040d822410]
[    0.230876]      scan-1141 get_device_data       : No context for object [ffff88040d822438]
[    0.231069]      scan-1141 get_device_data       : No context for object [ffff88040d822460]
[    0.231268]      scan-1141 get_device_data       : No context for object [ffff88040d822488]
[    0.231464]      scan-1141 get_device_data       : No context for object [ffff88040d8224b0]
[    0.231656]      scan-1141 get_device_data       : No context for object [ffff88040d8224d8]
[    0.231849]      scan-1141 get_device_data       : No context for object [ffff88040d822500]
[    0.232041]      scan-1141 get_device_data       : No context for object [ffff88040d822528]
[    0.233240]      scan-1141 get_device_data       : No context for object [ffff88040d822550]
[    0.233334]      scan-1141 get_device_data       : No context for object [ffff88040d822578]
[    0.233481]      scan-1141 get_device_data       : No context for object [ffff88040d8225a0]
[    0.233654]      scan-1141 get_device_data       : No context for object [ffff88040d8225c8]
[    0.233846]      scan-1141 get_device_data       : No context for object [ffff88040d8225f0]
[    0.234043]      scan-1141 get_device_data       : No context for object [ffff88040d822618]
[    0.234240]      scan-1141 get_device_data       : No context for object [ffff88040d822640]
[    0.234417]      scan-1141 get_device_data       : No context for object [ffff88040d822668]
[    0.234609]      scan-1141 get_device_data       : No context for object [ffff88040d822690]
[    0.234799]      scan-1141 get_device_data       : No context for object [ffff88040d8226b8]
[    0.234988]      scan-1141 get_device_data       : No context for object [ffff88040d8226e0]
[    0.235179]      scan-1141 get_device_data       : No context for object [ffff88040d822708]
[    0.235369]      scan-1141 get_device_data       : No context for object [ffff88040d822730]
[    0.235564]      scan-1141 get_device_data       : No context for object [ffff88040d822758]
[    0.235755]      scan-1141 get_device_data       : No context for object [ffff88040d822780]
[    0.235948]     utils-0051 util_eval_error       : Evaluate [\_SB_.PCI0.PB2_.VGA_._STA]: AE_NOT_FOUND
[    0.236175] device: 'device:01': device_add
[    0.236237] bus: 'acpi': add device device:01
[    0.236310]     utils-0051 util_eval_error       : Evaluate [\_SB_.PCI0.PB2_.VGA_._SUN]: AE_NOT_FOUND
[    0.236470]      scan-1933 add_single_object     : Added device:01 [\_SB_.PCI0.PB2_.VGA_] parent device:00
[    0.236670]      scan-1141 get_device_data       : No context for object [ffff88040d8227a8]
[    0.236860]      scan-1141 get_device_data       : No context for object [ffff88040d8227d0]
[    0.237050]      scan-1141 get_device_data       : No context for object [ffff88040d8227f8]
[    0.237239]      scan-1141 get_device_data       : No context for object [ffff88040d822820]
[    0.237411]      scan-1141 get_device_data       : No context for object [ffff88040d822848]
[    0.237600]      scan-1141 get_device_data       : No context for object [ffff88040d822870]
[    0.237795]      scan-1141 get_device_data       : No context for object [ffff88040d822898]
[    0.237991]      scan-1141 get_device_data       : No context for object [ffff88040d8228c0]
[    0.238182]      scan-1141 get_device_data       : No context for object [ffff88040d8228e8]
[    0.238371]      scan-1141 get_device_data       : No context for object [ffff88040d822910]
[    0.238544]      scan-1141 get_device_data       : No context for object [ffff88040d822938]
[    0.238733]      scan-1141 get_device_data       : No context for object [ffff88040d822960]
[    0.238923]      scan-1141 get_device_data       : No context for object [ffff88040d822988]
[    0.239114]      scan-1141 get_device_data       : No context for object [ffff88040d8229b0]
[    0.239313]      scan-1141 get_device_data       : No context for object [ffff88040d8229d8]
[    0.239464]      scan-1141 get_device_data       : No context for object [ffff88040d822a00]
[    0.239639]      scan-1141 get_device_data       : No context for object [ffff88040d822a28]
[    0.239831]      scan-1141 get_device_data       : No context for object [ffff88040d822a50]
[    0.240127]      scan-1141 get_device_data       : No context for object [ffff88040d822a78]
[    0.240319]      scan-1141 get_device_data       : No context for object [ffff88040d822aa0]
[    0.240512]      scan-1141 get_device_data       : No context for object [ffff88040d822ac8]
[    0.240705]      scan-1141 get_device_data       : No context for object [ffff88040d822af0]
[    0.240902]      scan-1141 get_device_data       : No context for object [ffff88040d822b18]
[    0.241098]      scan-1141 get_device_data       : No context for object [ffff88040d822b40]
[    0.241293]      scan-1141 get_device_data       : No context for object [ffff88040d822b68]
[    0.241490]      scan-1141 get_device_data       : No context for object [ffff88040d822b90]
[    0.241687]      scan-1141 get_device_data       : No context for object [ffff88040d822bb8]
[    0.241879]      scan-1141 get_device_data       : No context for object [ffff88040d822be0]
[    0.242071]      scan-1141 get_device_data       : No context for object [ffff88040d822c08]
[    0.242264]      scan-1141 get_device_data       : No context for object [ffff88040d822c30]
[    0.242457]      scan-1141 get_device_data       : No context for object [ffff88040d822c58]
[    0.242603]      scan-1141 get_device_data       : No context for object [ffff88040d822c80]
[    0.242776]      scan-1141 get_device_data       : No context for object [ffff88040d822ca8]
[    0.242973]      scan-1141 get_device_data       : No context for object [ffff88040d822cd0]
[    0.243170]      scan-1141 get_device_data       : No context for object [ffff88040d822cf8]
[    0.243335]      scan-1141 get_device_data       : No context for object [ffff88040d822d20]
[    0.243508]      scan-1141 get_device_data       : No context for object [ffff88040d822d48]
[    0.243699]      scan-1141 get_device_data       : No context for object [ffff88040d822d70]
[    0.243891]      scan-1141 get_device_data       : No context for object [ffff88040d822d98]
[    0.244084]      scan-1141 get_device_data       : No context for object [ffff88040d837438]
[    0.244281]      scan-1141 get_device_data       : No context for object [ffff88040d822dc0]
[    0.244480]     utils-0051 util_eval_error       : Evaluate [\_SB_.PCI0.PB2_.HDAU._STA]: AE_NOT_FOUND
[    0.244696] device: 'device:02': device_add
[    0.244755] bus: 'acpi': add device device:02
[    0.244821]     utils-0051 util_eval_error       : Evaluate [\_SB_.PCI0.PB2_.HDAU._SUN]: AE_NOT_FOUND
[    0.245020]      scan-1933 add_single_object     : Added device:02 [\_SB_.PCI0.PB2_.HDAU] parent device:00
[    0.245216]      scan-1141 get_device_data       : No context for object [ffff88040d822de8]
[    0.245408]      scan-1141 get_device_data       : No context for object [ffff88040d822e10]
[    0.245558]      scan-1141 get_device_data       : No context for object [ffff88040d822e38]
[    0.245736]      scan-1141 get_device_data       : No context for object [ffff88040d822e60]
[    0.245934]      scan-1141 get_device_data       : No context for object [ffff88040d822e88]
[    0.246126]      scan-1141 get_device_data       : No context for object [ffff88040d822eb0]
[    0.246320]      scan-1141 get_device_data       : No context for object [ffff88040d822ed8]
[    0.246493]     utils-0051 util_eval_error       : Evaluate [\_SB_.PCI0.PB3_._STA]: AE_NOT_FOUND
[    0.246701] device: 'device:03': device_add
[    0.246761] bus: 'acpi': add device device:03
[    0.246841]     utils-0051 util_eval_error       : Evaluate [\_SB_.PCI0.PB3_._SUN]: AE_NOT_FOUND
[    0.247048]      scan-1933 add_single_object     : Added device:03 [\_SB_.PCI0.PB3_] parent PNP0A08:00
[    0.247249]      scan-1141 get_device_data       : No context for object [ffff88040d822f00]
[    0.247442]      scan-1141 get_device_data       : No context for object [ffff88040d822f28]
[    0.247634]      scan-1141 get_device_data       : No context for object [ffff88040d822f50]
[    0.247826]      scan-1141 get_device_data       : No context for object [ffff88040d822f78]
[    0.248018]      scan-1141 get_device_data       : No context for object [ffff88040d822fa0]
[    0.248211]      scan-1141 get_device_data       : No context for object [ffff88040d822fc8]
[    0.248409]      scan-1141 get_device_data       : No context for object [ffff88040d823000]
[    0.248560]      scan-1141 get_device_data       : No context for object [ffff88040d823028]
[    0.248736]      scan-1141 get_device_data       : No context for object [ffff88040d823050]
[    0.248929]      scan-1141 get_device_data       : No context for object [ffff88040d823078]
[    0.249121]      scan-1141 get_device_data       : No context for object [ffff88040d8230a0]
[    0.249313]      scan-1141 get_device_data       : No context for object [ffff88040d8230c8]
[    0.249486]      scan-1141 get_device_data       : No context for object [ffff88040d8230f0]
[    0.249679]      scan-1141 get_device_data       : No context for object [ffff88040d823118]
[    0.249876]      scan-1141 get_device_data       : No context for object [ffff88040d823140]
[    0.250001]      scan-1141 get_device_data       : No context for object [ffff88040d823168]
[    0.250194]      scan-1141 get_device_data       : No context for object [ffff88040d823190]
[    0.250387]      scan-1141 get_device_data       : No context for object [ffff88040d8231b8]
[    0.250580]      scan-1141 get_device_data       : No context for object [ffff88040d8231e0]
[    0.250774]      scan-1141 get_device_data       : No context for object [ffff88040d823208]
[    0.250969]      scan-1141 get_device_data       : No context for object [ffff88040d823230]
[    0.251162]      scan-1141 get_device_data       : No context for object [ffff88040d823258]
[    0.251352]      scan-1141 get_device_data       : No context for object [ffff88040d823280]
[    0.251525]      scan-1141 get_device_data       : No context for object [ffff88040d8232a8]
[    0.251715]      scan-1141 get_device_data       : No context for object [ffff88040d8232d0]
[    0.251904]      scan-1141 get_device_data       : No context for object [ffff88040d8232f8]
[    0.252093]      scan-1141 get_device_data       : No context for object [ffff88040d823320]
[    0.253334]      scan-1141 get_device_data       : No context for object [ffff88040d823348]
[    0.253507]      scan-1141 get_device_data       : No context for object [ffff88040d823370]
[    0.253702]      scan-1141 get_device_data       : No context for object [ffff88040d823398]
[    0.253895]      scan-1141 get_device_data       : No context for object [ffff88040d8233c0]
[    0.254086]     utils-0051 util_eval_error       : Evaluate [\_SB_.PCI0.PB3_.VGA_._STA]: AE_NOT_FOUND
[    0.254296]     video-0058 backlight_cap_match   : Found generic backlight support
[    0.254476] device: 'LNXVIDEO:00': device_add
[    0.254534] bus: 'acpi': add device LNXVIDEO:00
[    0.254601]     utils-0051 util_eval_error       : Evaluate [\_SB_.PCI0.PB3_.VGA_._SUN]: AE_NOT_FOUND
[    0.254801]      scan-1933 add_single_object     : Added LNXVIDEO:00 [\_SB_.PCI0.PB3_.VGA_] parent device:03
[    0.254999]      scan-1141 get_device_data       : No context for object [ffff88040d8233e8]
[    0.255195]      scan-1141 get_device_data       : No context for object [ffff88040d823410]
[    0.255389]      scan-1141 get_device_data       : No context for object [ffff88040d823438]
[    0.255567]      scan-1141 get_device_data       : No context for object [ffff88040d823460]
[    0.255756]      scan-1141 get_device_data       : No context for object [ffff88040d823488]
[    0.255949]      scan-1141 get_device_data       : No context for object [ffff88040d8234b0]
[    0.256141]      scan-1141 get_device_data       : No context for object [ffff88040d8234d8]
[    0.256333]      scan-1141 get_device_data       : No context for object [ffff88040d823500]
[    0.256507]      scan-1141 get_device_data       : No context for object [ffff88040d823528]
[    0.256668]      scan-1141 get_device_data       : No context for object [ffff88040d823550]
[    0.256865]      scan-1141 get_device_data       : No context for object [ffff88040d823578]
[    0.257062]      scan-1141 get_device_data       : No context for object [ffff88040d8235a0]
[    0.257256]      scan-1141 get_device_data       : No context for object [ffff88040d8235c8]
[    0.257429]      scan-1141 get_device_data       : No context for object [ffff88040d8235f0]
[    0.257621]      scan-1141 get_device_data       : No context for object [ffff88040d823618]
[    0.257814]      scan-1141 get_device_data       : No context for object [ffff88040d823640]
[    0.258006]      scan-1141 get_device_data       : No context for object [ffff88040d823668]
[    0.258200]      scan-1141 get_device_data       : No context for object [ffff88040d823690]
[    0.258397]      scan-1141 get_device_data       : No context for object [ffff88040d8236b8]
[    0.258594]      scan-1141 get_device_data       : No context for object [ffff88040d8236e0]
[    0.258791]      scan-1141 get_device_data       : No context for object [ffff88040d823708]
[    0.258985]      scan-1141 get_device_data       : No context for object [ffff88040d823730]
[    0.259177]      scan-1141 get_device_data       : No context for object [ffff88040d823758]
[    0.259370]      scan-1141 get_device_data       : No context for object [ffff88040d823780]
[    0.259562]      scan-1141 get_device_data       : No context for object [ffff88040d8237a8]
[    0.259754]      scan-1141 get_device_data       : No context for object [ffff88040d8237d0]
[    0.260002]      scan-1141 get_device_data       : No context for object [ffff88040d8237f8]
[    0.260198]      scan-1141 get_device_data       : No context for object [ffff88040d823820]
[    0.260395]      scan-1141 get_device_data       : No context for object [ffff88040d823848]
[    0.260594]      scan-1141 get_device_data       : No context for object [ffff88040d823870]
[    0.260789]      scan-1141 get_device_data       : No context for object [ffff88040d823898]
[    0.260981]      scan-1141 get_device_data       : No context for object [ffff88040d8238c0]
[    0.261173]      scan-1141 get_device_data       : No context for object [ffff88040d8238e8]
[    0.261365]      scan-1141 get_device_data       : No context for object [ffff88040d823910]
[    0.261511]      scan-1141 get_device_data       : No context for object [ffff88040d823938]
[    0.261685]      scan-1141 get_device_data       : No context for object [ffff88040d823960]
[    0.261883]      scan-1141 get_device_data       : No context for object [ffff88040d823988]
[    0.262081]      scan-1141 get_device_data       : No context for object [ffff88040d8239b0]
[    0.262272]      scan-1141 get_device_data       : No context for object [ffff88040d8239d8]
[    0.262451]      scan-1141 get_device_data       : No context for object [ffff88040d837460]
[    0.262643]      scan-1141 get_device_data       : No context for object [ffff88040d83ac08]
[    0.262835]      scan-1141 get_device_data       : No context for object [ffff88040d83ac30]
[    0.263027]      scan-1141 get_device_data       : No context for object [ffff88040d83ac58]
[    0.263222]     utils-0051 util_eval_error       : Evaluate [\_SB_.PCI0.PB3_.VGA_.CRT_._STA]: AE_NOT_FOUND
[    0.263501] device: 'device:04': device_add
[    0.263611] bus: 'acpi': add device device:04
[    0.263686]     utils-0051 util_eval_error       : Evaluate [\_SB_.PCI0.PB3_.VGA_.CRT_._SUN]: AE_NOT_FOUND
[    0.263890]      scan-1933 add_single_object     : Added device:04 [\_SB_.PCI0.PB3_.VGA_.CRT_] parent LNXVIDEO:00
[    0.264086]      scan-1141 get_device_data       : No context for object [ffff88040d83ac80]
[    0.264278]      scan-1141 get_device_data       : No context for object [ffff88040d83aca8]
[    0.264470]      scan-1141 get_device_data       : No context for object [ffff88040d83acd0]
[    0.264663]      scan-1141 get_device_data       : No context for object [ffff88040d83acf8]
[    0.264855]      scan-1141 get_device_data       : No context for object [ffff88040d83ad20]
[    0.265050]     utils-0051 util_eval_error       : Evaluate [\_SB_.PCI0.PB3_.VGA_.LCD_._STA]: AE_NOT_FOUND
[    0.265296] device: 'device:05': device_add
[    0.265404] bus: 'acpi': add device device:05
[    0.265471]     utils-0051 util_eval_error       : Evaluate [\_SB_.PCI0.PB3_.VGA_.LCD_._SUN]: AE_NOT_FOUND
[    0.265650]      scan-1933 add_single_object     : Added device:05 [\_SB_.PCI0.PB3_.VGA_.LCD_] parent LNXVIDEO:00
[    0.265847]      scan-1141 get_device_data       : No context for object [ffff88040d83ad48]
[    0.266039]      scan-1141 get_device_data       : No context for object [ffff88040d83ad70]
[    0.266231]      scan-1141 get_device_data       : No context for object [ffff88040d83ad98]
[    0.266427]      scan-1141 get_device_data       : No context for object [ffff88040d83adc0]
[    0.266574]      scan-1141 get_device_data       : No context for object [ffff88040d83ade8]
[    0.266777]      scan-1141 get_device_data       : No context for object [ffff88040d83ae10]
[    0.266974]      scan-1141 get_device_data       : No context for object [ffff88040d83ae38]
[    0.267166]      scan-1141 get_device_data       : No context for object [ffff88040d83ae60]
[    0.267360]     utils-0051 util_eval_error       : Evaluate [\_SB_.PCI0.PB3_.VGA_.TV0_._STA]: AE_NOT_FOUND
[    0.267553] device: 'device:06': device_add
[    0.267612] bus: 'acpi': add device device:06
[    0.267679]     utils-0051 util_eval_error       : Evaluate [\_SB_.PCI0.PB3_.VGA_.TV0_._SUN]: AE_NOT_FOUND
[    0.267878]      scan-1933 add_single_object     : Added device:06 [\_SB_.PCI0.PB3_.VGA_.TV0_] parent LNXVIDEO:00
[    0.268078]      scan-1141 get_device_data       : No context for object [ffff88040d83ae88]
[    0.269199]      scan-1141 get_device_data       : No context for object [ffff88040d83aeb0]
[    0.269389]      scan-1141 get_device_data       : No context for object [ffff88040d83aed8]
[    0.269562]      scan-1141 get_device_data       : No context for object [ffff88040d83af00]
[    0.269754]      scan-1141 get_device_data       : No context for object [ffff88040d83af28]
[    0.269951]     utils-0051 util_eval_error       : Evaluate [\_SB_.PCI0.PB3_.VGA_.HDMI._STA]: AE_NOT_FOUND
[    0.270153] device: 'device:07': device_add
[    0.270211] bus: 'acpi': add device device:07
[    0.270278]     utils-0051 util_eval_error       : Evaluate [\_SB_.PCI0.PB3_.VGA_.HDMI._SUN]: AE_NOT_FOUND
[    0.270474]      scan-1933 add_single_object     : Added device:07 [\_SB_.PCI0.PB3_.VGA_.HDMI] parent LNXVIDEO:00
[    0.270668]      scan-1141 get_device_data       : No context for object [ffff88040d83af50]
[    0.270858]      scan-1141 get_device_data       : No context for object [ffff88040d83af78]
[    0.271050]      scan-1141 get_device_data       : No context for object [ffff88040d83afa0]
[    0.271246]      scan-1141 get_device_data       : No context for object [ffff88040d83afc8]
[    0.271440]      scan-1141 get_device_data       : No context for object [ffff88040d823a00]
[    0.271583]     utils-0051 util_eval_error       : Evaluate [\_SB_.PCI0.PB3_.HDAU._STA]: AE_NOT_FOUND
[    0.271778] device: 'device:08': device_add
[    0.271835] bus: 'acpi': add device device:08
[    0.271900]     utils-0051 util_eval_error       : Evaluate [\_SB_.PCI0.PB3_.HDAU._SUN]: AE_NOT_FOUND
[    0.272096]      scan-1933 add_single_object     : Added device:08 [\_SB_.PCI0.PB3_.HDAU] parent device:03
[    0.272291]      scan-1141 get_device_data       : No context for object [ffff88040d823a28]
[    0.272484]      scan-1141 get_device_data       : No context for object [ffff88040d823a50]
[    0.272680]      scan-1141 get_device_data       : No context for object [ffff88040d823a78]
[    0.272877]      scan-1141 get_device_data       : No context for object [ffff88040d823aa0]
[    0.273071]      scan-1141 get_device_data       : No context for object [ffff88040d823ac8]
[    0.273264]      scan-1141 get_device_data       : No context for object [ffff88040d823af0]
[    0.273462]      scan-1141 get_device_data       : No context for object [ffff88040d823b18]
[    0.273637]     utils-0051 util_eval_error       : Evaluate [\_SB_.PCI0.PB4_._STA]: AE_NOT_FOUND
[    0.273862] device: 'device:09': device_add
[    0.273925] bus: 'acpi': add device device:09
[    0.273999]     utils-0051 util_eval_error       : Evaluate [\_SB_.PCI0.PB4_._SUN]: AE_NOT_FOUND
[    0.274206]      scan-1933 add_single_object     : Added device:09 [\_SB_.PCI0.PB4_] parent PNP0A08:00
[    0.274407]      scan-1141 get_device_data       : No context for object [ffff88040d823b40]
[    0.274552]      scan-1141 get_device_data       : No context for object [ffff88040d823b68]
[    0.274725]      scan-1141 get_device_data       : No context for object [ffff88040d823b90]
[    0.274917]      scan-1141 get_device_data       : No context for object [ffff88040d823bb8]
[    0.275109]      scan-1141 get_device_data       : No context for object [ffff88040d823be0]
[    0.275301]      scan-1141 get_device_data       : No context for object [ffff88040d823c08]
[    0.275498]      scan-1141 get_device_data       : No context for object [ffff88040d823c30]
[    0.275693]      scan-1141 get_device_data       : No context for object [ffff88040d823c58]
[    0.275890]      scan-1141 get_device_data       : No context for object [ffff88040d823c80]
[    0.276087]      scan-1141 get_device_data       : No context for object [ffff88040d823ca8]
[    0.276279]      scan-1141 get_device_data       : No context for object [ffff88040d823cd0]
[    0.276472]      scan-1141 get_device_data       : No context for object [ffff88040d823cf8]
[    0.276668]      scan-1141 get_device_data       : No context for object [ffff88040d823d20]
[    0.276860]      scan-1141 get_device_data       : No context for object [ffff88040d823d48]
[    0.277053]      scan-1141 get_device_data       : No context for object [ffff88040d823d70]
[    0.277249]      scan-1141 get_device_data       : No context for object [ffff88040d823d98]
[    0.277447]      scan-1141 get_device_data       : No context for object [ffff88040d823dc0]
[    0.277595]      scan-1141 get_device_data       : No context for object [ffff88040d823de8]
[    0.277767]      scan-1141 get_device_data       : No context for object [ffff88040d823e10]
[    0.277960]      scan-1141 get_device_data       : No context for object [ffff88040d823e38]
[    0.278152]      scan-1141 get_device_data       : No context for object [ffff88040d823e60]
[    0.278345]      scan-1141 get_device_data       : No context for object [ffff88040d823e88]
[    0.278518]      scan-1141 get_device_data       : No context for object [ffff88040d823eb0]
[    0.278715]      scan-1141 get_device_data       : No context for object [ffff88040d823ed8]
[    0.278914]      scan-1141 get_device_data       : No context for object [ffff88040d823f00]
[    0.279105]      scan-1141 get_device_data       : No context for object [ffff88040d823f28]
[    0.279298]      scan-1141 get_device_data       : No context for object [ffff88040d823f50]
[    0.279490]      scan-1141 get_device_data       : No context for object [ffff88040d823f78]
[    0.279682]      scan-1141 get_device_data       : No context for object [ffff88040d823fa0]
[    0.279875]      scan-1141 get_device_data       : No context for object [ffff88040d823fc8]
[    0.280002]      scan-1141 get_device_data       : No context for object [ffff88040d825000]
[    0.280198]     utils-0051 util_eval_error       : Evaluate [\_SB_.PCI0.PB4_.XPDV._STA]: AE_NOT_FOUND
[    0.280420] device: 'device:0a': device_add
[    0.280485] bus: 'acpi': add device device:0a
[    0.280561]     utils-0051 util_eval_error       : Evaluate [\_SB_.PCI0.PB4_.XPDV._SUN]: AE_NOT_FOUND
[    0.280747]      scan-1933 add_single_object     : Added device:0a [\_SB_.PCI0.PB4_.XPDV] parent device:09
[    0.280945]      scan-1141 get_device_data       : No context for object [ffff88040d825028]
[    0.281137]      scan-1141 get_device_data       : No context for object [ffff88040d825050]
[    0.281330]      scan-1141 get_device_data       : No context for object [ffff88040d825078]
[    0.281502]      scan-1141 get_device_data       : No context for object [ffff88040d8250a0]
[    0.281694]      scan-1141 get_device_data       : No context for object [ffff88040d8250c8]
[    0.281887]      scan-1141 get_device_data       : No context for object [ffff88040d837500]
[    0.282087]      scan-1141 get_device_data       : No context for object [ffff88040d8250f0]
[    0.282284]      scan-1141 get_device_data       : No context for object [ffff88040d825118]
[    0.282458]     utils-0051 util_eval_error       : Evaluate [\_SB_.PCI0.PB5_._STA]: AE_NOT_FOUND
[    0.282683] device: 'device:0b': device_add
[    0.282742] bus: 'acpi': add device device:0b
[    0.282809]     utils-0051 util_eval_error       : Evaluate [\_SB_.PCI0.PB5_._SUN]: AE_NOT_FOUND
[    0.283008]      scan-1933 add_single_object     : Added device:0b [\_SB_.PCI0.PB5_] parent PNP0A08:00
[    0.283207]      scan-1141 get_device_data       : No context for object [ffff88040d825140]
[    0.283464]      scan-1141 get_device_data       : No context for object [ffff88040d825168]
[    0.283661]      scan-1141 get_device_data       : No context for object [ffff88040d825190]
[    0.283852]      scan-1141 get_device_data       : No context for object [ffff88040d8251b8]
[    0.284044]      scan-1141 get_device_data       : No context for object [ffff88040d8251e0]
[    0.284237]      scan-1141 get_device_data       : No context for object [ffff88040d825208]
[    0.284429]      scan-1141 get_device_data       : No context for object [ffff88040d825230]
[    0.284575]      scan-1141 get_device_data       : No context for object [ffff88040d825258]
[    0.284748]      scan-1141 get_device_data       : No context for object [ffff88040d825280]
[    0.284946]      scan-1141 get_device_data       : No context for object [ffff88040d8252a8]
[    0.285140]      scan-1141 get_device_data       : No context for object [ffff88040d8252d0]
[    0.285327]      scan-1141 get_device_data       : No context for object [ffff88040d8252f8]
[    0.285499]      scan-1141 get_device_data       : No context for object [ffff88040d825320]
[    0.285688]      scan-1141 get_device_data       : No context for object [ffff88040d825348]
[    0.285878]      scan-1141 get_device_data       : No context for object [ffff88040d825370]
[    0.286668]      scan-1141 get_device_data       : No context for object [ffff88040d825398]
[    0.286857]      scan-1141 get_device_data       : No context for object [ffff88040d8253c0]
[    0.287046]      scan-1141 get_device_data       : No context for object [ffff88040d8253e8]
[    0.287218]      scan-1141 get_device_data       : No context for object [ffff88040d825410]
[    0.287411]      scan-1141 get_device_data       : No context for object [ffff88040d825438]
[    0.287605]      scan-1141 get_device_data       : No context for object [ffff88040d825460]
[    0.287798]      scan-1141 get_device_data       : No context for object [ffff88040d825488]
[    0.287987]      scan-1141 get_device_data       : No context for object [ffff88040d8254b0]
[    0.288165]      scan-1141 get_device_data       : No context for object [ffff88040d8254d8]
[    0.288353]      scan-1141 get_device_data       : No context for object [ffff88040d825500]
[    0.288543]      scan-1141 get_device_data       : No context for object [ffff88040d825528]
[    0.288732]      scan-1141 get_device_data       : No context for object [ffff88040d825550]
[    0.288926]      scan-1141 get_device_data       : No context for object [ffff88040d825578]
[    0.289123]      scan-1141 get_device_data       : No context for object [ffff88040d8255a0]
[    0.289298]      scan-1141 get_device_data       : No context for object [ffff88040d8255c8]
[    0.289490]      scan-1141 get_device_data       : No context for object [ffff88040d8255f0]
[    0.290002]     utils-0051 util_eval_error       : Evaluate [\_SB_.PCI0.PB5_.XPDV._STA]: AE_NOT_FOUND
[    0.290217] device: 'device:0c': device_add
[    0.290276] bus: 'acpi': add device device:0c
[    0.290342]     utils-0051 util_eval_error       : Evaluate [\_SB_.PCI0.PB5_.XPDV._SUN]: AE_NOT_FOUND
[    0.290525]      scan-1933 add_single_object     : Added device:0c [\_SB_.PCI0.PB5_.XPDV] parent device:0b
[    0.290727]      scan-1141 get_device_data       : No context for object [ffff88040d825618]
[    0.290927]      scan-1141 get_device_data       : No context for object [ffff88040d825640]
[    0.291119]      scan-1141 get_device_data       : No context for object [ffff88040d825668]
[    0.291311]      scan-1141 get_device_data       : No context for object [ffff88040d825690]
[    0.291484]      scan-1141 get_device_data       : No context for object [ffff88040d8256b8]
[    0.291676]      scan-1141 get_device_data       : No context for object [ffff88040d837528]
[    0.291869]      scan-1141 get_device_data       : No context for object [ffff88040d8256e0]
[    0.292065]      scan-1141 get_device_data       : No context for object [ffff88040d825708]
[    0.292261]     utils-0051 util_eval_error       : Evaluate [\_SB_.PCI0.PB6_._STA]: AE_NOT_FOUND
[    0.292550] device: 'device:0d': device_add
[    0.292613] bus: 'acpi': add device device:0d
[    0.292682]     utils-0051 util_eval_error       : Evaluate [\_SB_.PCI0.PB6_._SUN]: AE_NOT_FOUND
[    0.292880]      scan-1933 add_single_object     : Added device:0d [\_SB_.PCI0.PB6_] parent PNP0A08:00
[    0.293076]      scan-1141 get_device_data       : No context for object [ffff88040d825730]
[    0.293268]      scan-1141 get_device_data       : No context for object [ffff88040d825758]
[    0.293493]      scan-1141 get_device_data       : No context for object [ffff88040d825780]
[    0.293688]      scan-1141 get_device_data       : No context for object [ffff88040d8257a8]
[    0.293885]      scan-1141 get_device_data       : No context for object [ffff88040d8257d0]
[    0.294082]      scan-1141 get_device_data       : No context for object [ffff88040d8257f8]
[    0.294274]      scan-1141 get_device_data       : No context for object [ffff88040d825820]
[    0.294467]      scan-1141 get_device_data       : No context for object [ffff88040d825848]
[    0.294647]      scan-1141 get_device_data       : No context for object [ffff88040d825870]
[    0.294839]      scan-1141 get_device_data       : No context for object [ffff88040d825898]
[    0.295031]      scan-1141 get_device_data       : No context for object [ffff88040d8258c0]
[    0.295227]      scan-1141 get_device_data       : No context for object [ffff88040d8258e8]
[    0.295420]      scan-1141 get_device_data       : No context for object [ffff88040d825910]
[    0.295568]      scan-1141 get_device_data       : No context for object [ffff88040d825938]
[    0.295744]      scan-1141 get_device_data       : No context for object [ffff88040d825960]
[    0.295942]      scan-1141 get_device_data       : No context for object [ffff88040d825988]
[    0.296137]      scan-1141 get_device_data       : No context for object [ffff88040d8259b0]
[    0.296329]      scan-1141 get_device_data       : No context for object [ffff88040d8259d8]
[    0.296515]      scan-1141 get_device_data       : No context for object [ffff88040d825a00]
[    0.296668]      scan-1141 get_device_data       : No context for object [ffff88040d825a28]
[    0.296860]      scan-1141 get_device_data       : No context for object [ffff88040d825a50]
[    0.297052]      scan-1141 get_device_data       : No context for object [ffff88040d825a78]
[    0.297250]      scan-1141 get_device_data       : No context for object [ffff88040d825aa0]
[    0.297447]      scan-1141 get_device_data       : No context for object [ffff88040d825ac8]
[    0.297640]      scan-1141 get_device_data       : No context for object [ffff88040d825af0]
[    0.297832]      scan-1141 get_device_data       : No context for object [ffff88040d825b18]
[    0.298024]      scan-1141 get_device_data       : No context for object [ffff88040d825b40]
[    0.298216]      scan-1141 get_device_data       : No context for object [ffff88040d825b68]
[    0.298408]      scan-1141 get_device_data       : No context for object [ffff88040d825b90]
[    0.298556]      scan-1141 get_device_data       : No context for object [ffff88040d825bb8]
[    0.298733]      scan-1141 get_device_data       : No context for object [ffff88040d825be0]
[    0.298931]     utils-0051 util_eval_error       : Evaluate [\_SB_.PCI0.PB6_.XPDV._STA]: AE_NOT_FOUND
[    0.299145] device: 'device:0e': device_add
[    0.299204] bus: 'acpi': add device device:0e
[    0.299270]     utils-0051 util_eval_error       : Evaluate [\_SB_.PCI0.PB6_.XPDV._SUN]: AE_NOT_FOUND
[    0.299468]      scan-1933 add_single_object     : Added device:0e [\_SB_.PCI0.PB6_.XPDV] parent device:0d
[    0.299663]      scan-1141 get_device_data       : No context for object [ffff88040d825c08]
[    0.299855]      scan-1141 get_device_data       : No context for object [ffff88040d825c30]
[    0.300002]      scan-1141 get_device_data       : No context for object [ffff88040d825c58]
[    0.300199]      scan-1141 get_device_data       : No context for object [ffff88040d825c80]
[    0.300391]      scan-1141 get_device_data       : No context for object [ffff88040d825ca8]
[    0.300585]      scan-1141 get_device_data       : No context for object [ffff88040d837550]
[    0.300777]      scan-1141 get_device_data       : No context for object [ffff88040d825cd0]
[    0.300969]      scan-1141 get_device_data       : No context for object [ffff88040d825cf8]
[    0.301163]     utils-0051 util_eval_error       : Evaluate [\_SB_.PCI0.PB7_._STA]: AE_NOT_FOUND
[    0.301444] device: 'device:0f': device_add
[    0.301507] bus: 'acpi': add device device:0f
[    0.301582]     utils-0051 util_eval_error       : Evaluate [\_SB_.PCI0.PB7_._SUN]: AE_NOT_FOUND
[    0.301782]      scan-1933 add_single_object     : Added device:0f [\_SB_.PCI0.PB7_] parent PNP0A08:00
[    0.301975]      scan-1141 get_device_data       : No context for object [ffff88040d825d20]
[    0.302164]      scan-1141 get_device_data       : No context for object [ffff88040d825d48]
[    0.302354]      scan-1141 get_device_data       : No context for object [ffff88040d825d70]
[    0.302497]      scan-1141 get_device_data       : No context for object [ffff88040d825d98]
[    0.302668]      scan-1141 get_device_data       : No context for object [ffff88040d825dc0]
[    0.302863]      scan-1141 get_device_data       : No context for object [ffff88040d825de8]
[    0.303053]      scan-1141 get_device_data       : No context for object [ffff88040d825e10]
[    0.303335]      scan-1141 get_device_data       : No context for object [ffff88040d825e38]
[    0.303512]      scan-1141 get_device_data       : No context for object [ffff88040d825e60]
[    0.303707]      scan-1141 get_device_data       : No context for object [ffff88040d825e88]
[    0.303898]      scan-1141 get_device_data       : No context for object [ffff88040d825eb0]
[    0.305014]      scan-1141 get_device_data       : No context for object [ffff88040d825ed8]
[    0.305207]      scan-1141 get_device_data       : No context for object [ffff88040d825f00]
[    0.305396]      scan-1141 get_device_data       : No context for object [ffff88040d825f28]
[    0.305568]      scan-1141 get_device_data       : No context for object [ffff88040d825f50]
[    0.305758]      scan-1141 get_device_data       : No context for object [ffff88040d825f78]
[    0.305947]      scan-1141 get_device_data       : No context for object [ffff88040d825fa0]
[    0.306139]      scan-1141 get_device_data       : No context for object [ffff88040d825fc8]
[    0.306332]      scan-1141 get_device_data       : No context for object [ffff88040d827000]
[    0.306509]      scan-1141 get_device_data       : No context for object [ffff88040d827028]
[    0.306668]      scan-1141 get_device_data       : No context for object [ffff88040d827050]
[    0.306863]      scan-1141 get_device_data       : No context for object [ffff88040d827078]
[    0.307060]      scan-1141 get_device_data       : No context for object [ffff88040d8270a0]
[    0.307257]      scan-1141 get_device_data       : No context for object [ffff88040d8270c8]
[    0.307449]      scan-1141 get_device_data       : No context for object [ffff88040d8270f0]
[    0.307642]      scan-1141 get_device_data       : No context for object [ffff88040d827118]
[    0.307834]      scan-1141 get_device_data       : No context for object [ffff88040d827140]
[    0.308026]      scan-1141 get_device_data       : No context for object [ffff88040d827168]
[    0.308218]      scan-1141 get_device_data       : No context for object [ffff88040d827190]
[    0.308415]      scan-1141 get_device_data       : No context for object [ffff88040d8271b8]
[    0.308563]      scan-1141 get_device_data       : No context for object [ffff88040d8271e0]
[    0.308742]     utils-0051 util_eval_error       : Evaluate [\_SB_.PCI0.PB7_.XPDV._STA]: AE_NOT_FOUND
[    0.308960] device: 'device:10': device_add
[    0.309020] bus: 'acpi': add device device:10
[    0.309087]     utils-0051 util_eval_error       : Evaluate [\_SB_.PCI0.PB7_.XPDV._SUN]: AE_NOT_FOUND
[    0.309286]      scan-1933 add_single_object     : Added device:10 [\_SB_.PCI0.PB7_.XPDV] parent device:0f
[    0.309472]      scan-1141 get_device_data       : No context for object [ffff88040d827208]
[    0.309665]      scan-1141 get_device_data       : No context for object [ffff88040d827230]
[    0.309857]      scan-1141 get_device_data       : No context for object [ffff88040d827258]
[    0.310001]      scan-1141 get_device_data       : No context for object [ffff88040d827280]
[    0.310196]      scan-1141 get_device_data       : No context for object [ffff88040d8272a8]
[    0.310394]      scan-1141 get_device_data       : No context for object [ffff88040d837488]
[    0.310591]      scan-1141 get_device_data       : No context for object [ffff88040d8272d0]
[    0.310783]      scan-1141 get_device_data       : No context for object [ffff88040d8272f8]
[    0.310977]     utils-0051 util_eval_error       : Evaluate [\_SB_.PCI0.OHC1._STA]: AE_NOT_FOUND
[    0.311198] device: 'device:11': device_add
[    0.311257] bus: 'acpi': add device device:11
[    0.311324]     utils-0051 util_eval_error       : Evaluate [\_SB_.PCI0.OHC1._SUN]: AE_NOT_FOUND
[    0.311481]      scan-1933 add_single_object     : Added device:11 [\_SB_.PCI0.OHC1] parent PNP0A08:00
[    0.311662]      scan-1141 get_device_data       : No context for object [ffff88040d827320]
[    0.311859]      scan-1141 get_device_data       : No context for object [ffff88040d827348]
[    0.312051]      scan-1141 get_device_data       : No context for object [ffff88040d83b2f8]
[    0.312244]     utils-0051 util_eval_error       : Evaluate [\_SB_.PCI0.OHC1.RHUB._STA]: AE_NOT_FOUND
[    0.312438] device: 'device:12': device_add
[    0.312497] bus: 'acpi': add device device:12
[    0.312564]     utils-0051 util_eval_error       : Evaluate [\_SB_.PCI0.OHC1.RHUB._SUN]: AE_NOT_FOUND
[    0.312763]      scan-1933 add_single_object     : Added device:12 [\_SB_.PCI0.OHC1.RHUB] parent device:11
[    0.312966]      scan-1141 get_device_data       : No context for object [ffff88040d83b320]
[    0.313163]      scan-1141 get_device_data       : No context for object [ffff88040d83b348]
[    0.313461]     utils-0051 util_eval_error       : Evaluate [\_SB_.PCI0.OHC1.RHUB.PRT3._STA]: AE_NOT_FOUND
[    0.313629] device: 'device:13': device_add
[    0.313688] bus: 'acpi': add device device:13
[    0.313756]     utils-0051 util_eval_error       : Evaluate [\_SB_.PCI0.OHC1.RHUB.PRT3._SUN]: AE_NOT_FOUND
[    0.313935]      scan-1933 add_single_object     : Added device:13 [\_SB_.PCI0.OHC1.RHUB.PRT3] parent device:12
[    0.314131]      scan-1141 get_device_data       : No context for object [ffff88040d83b370]
[    0.314328]      scan-1141 get_device_data       : No context for object [ffff88040d83b398]
[    0.314520]      scan-1141 get_device_data       : No context for object [ffff88040d83b3c0]
[    0.314715]      scan-1141 get_device_data       : No context for object [ffff88040d83b3e8]
[    0.314908]     utils-0051 util_eval_error       : Evaluate [\_SB_.PCI0.OHC1.RHUB.PRT4._STA]: AE_NOT_FOUND
[    0.315122] device: 'device:14': device_add
[    0.315182] bus: 'acpi': add device device:14
[    0.315248]     utils-0051 util_eval_error       : Evaluate [\_SB_.PCI0.OHC1.RHUB.PRT4._SUN]: AE_NOT_FOUND
[    0.315448]      scan-1933 add_single_object     : Added device:14 [\_SB_.PCI0.OHC1.RHUB.PRT4] parent device:12
[    0.315603]      scan-1141 get_device_data       : No context for object [ffff88040d83b410]
[    0.315780]      scan-1141 get_device_data       : No context for object [ffff88040d83b438]
[    0.315977]      scan-1141 get_device_data       : No context for object [ffff88040d83b460]
[    0.316169]      scan-1141 get_device_data       : No context for object [ffff88040d827370]
[    0.316362]     utils-0051 util_eval_error       : Evaluate [\_SB_.PCI0.EHC1._STA]: AE_NOT_FOUND
[    0.316567] device: 'device:15': device_add
[    0.316627] bus: 'acpi': add device device:15
[    0.316677]     utils-0051 util_eval_error       : Evaluate [\_SB_.PCI0.EHC1._SUN]: AE_NOT_FOUND
[    0.316882]      scan-1933 add_single_object     : Added device:15 [\_SB_.PCI0.EHC1] parent PNP0A08:00
[    0.317084]      scan-1141 get_device_data       : No context for object [ffff88040d827398]
[    0.317281]      scan-1141 get_device_data       : No context for object [ffff88040d8273c0]
[    0.317474]      scan-1141 get_device_data       : No context for object [ffff88040d83b028]
[    0.317667]     utils-0051 util_eval_error       : Evaluate [\_SB_.PCI0.EHC1.RHUB._STA]: AE_NOT_FOUND
[    0.317880] device: 'device:16': device_add
[    0.317942] bus: 'acpi': add device device:16
[    0.318009]     utils-0051 util_eval_error       : Evaluate [\_SB_.PCI0.EHC1.RHUB._SUN]: AE_NOT_FOUND
[    0.318213]      scan-1933 add_single_object     : Added device:16 [\_SB_.PCI0.EHC1.RHUB] parent device:15
[    0.318414]      scan-1141 get_device_data       : No context for object [ffff88040d83b050]
[    0.318562]      scan-1141 get_device_data       : No context for object [ffff88040d83b078]
[    0.318735]     utils-0051 util_eval_error       : Evaluate [\_SB_.PCI0.EHC1.RHUB.PRT3._STA]: AE_NOT_FOUND
[    0.318946] device: 'device:17': device_add
[    0.319004] bus: 'acpi': add device device:17
[    0.319069]     utils-0051 util_eval_error       : Evaluate [\_SB_.PCI0.EHC1.RHUB.PRT3._SUN]: AE_NOT_FOUND
[    0.319266]      scan-1933 add_single_object     : Added device:17 [\_SB_.PCI0.EHC1.RHUB.PRT3] parent device:16
[    0.319459]      scan-1141 get_device_data       : No context for object [ffff88040d83b0a0]
[    0.319637]      scan-1141 get_device_data       : No context for object [ffff88040d83b0c8]
[    0.319831]      scan-1141 get_device_data       : No context for object [ffff88040d83b0f0]
[    0.320002]      scan-1141 get_device_data       : No context for object [ffff88040d83b118]
[    0.320192]     utils-0051 util_eval_error       : Evaluate [\_SB_.PCI0.EHC1.RHUB.PRT4._STA]: AE_NOT_FOUND
[    0.320404] device: 'device:18': device_add
[    0.320462] bus: 'acpi': add device device:18
[    0.320528]     utils-0051 util_eval_error       : Evaluate [\_SB_.PCI0.EHC1.RHUB.PRT4._SUN]: AE_NOT_FOUND
[    0.320707]      scan-1933 add_single_object     : Added device:18 [\_SB_.PCI0.EHC1.RHUB.PRT4] parent device:16
[    0.320907]      scan-1141 get_device_data       : No context for object [ffff88040d83b140]
[    0.321102]      scan-1141 get_device_data       : No context for object [ffff88040d83b168]
[    0.321293]      scan-1141 get_device_data       : No context for object [ffff88040d83b190]
[    0.321481]      scan-1141 get_device_data       : No context for object [ffff88040d8273e8]
[    0.322554]     utils-0051 util_eval_error       : Evaluate [\_SB_.PCI0.OHC2._STA]: AE_NOT_FOUND
[    0.322778] device: 'device:19': device_add
[    0.322837] bus: 'acpi': add device device:19
[    0.322904]     utils-0051 util_eval_error       : Evaluate [\_SB_.PCI0.OHC2._SUN]: AE_NOT_FOUND
[    0.323102]      scan-1933 add_single_object     : Added device:19 [\_SB_.PCI0.OHC2] parent PNP0A08:00
[    0.323337]      scan-1141 get_device_data       : No context for object [ffff88040d827410]
[    0.323519]      scan-1141 get_device_data       : No context for object [ffff88040d827438]
[    0.323716]      scan-1141 get_device_data       : No context for object [ffff88040d83b488]
[    0.323914]     utils-0051 util_eval_error       : Evaluate [\_SB_.PCI0.OHC2.RHUB._STA]: AE_NOT_FOUND
[    0.324131] device: 'device:1a': device_add
[    0.324190] bus: 'acpi': add device device:1a
[    0.324257]     utils-0051 util_eval_error       : Evaluate [\_SB_.PCI0.OHC2.RHUB._SUN]: AE_NOT_FOUND
[    0.324456]      scan-1933 add_single_object     : Added device:1a [\_SB_.PCI0.OHC2.RHUB] parent device:19
[    0.324605]      scan-1141 get_device_data       : No context for object [ffff88040d83b4b0]
[    0.324778]      scan-1141 get_device_data       : No context for object [ffff88040d83b4d8]
[    0.324974]     utils-0051 util_eval_error       : Evaluate [\_SB_.PCI0.OHC2.RHUB.PRT4._STA]: AE_NOT_FOUND
[    0.325207] device: 'device:1b': device_add
[    0.325268] bus: 'acpi': add device device:1b
[    0.325336]     utils-0051 util_eval_error       : Evaluate [\_SB_.PCI0.OHC2.RHUB.PRT4._SUN]: AE_NOT_FOUND
[    0.325526]      scan-1933 add_single_object     : Added device:1b [\_SB_.PCI0.OHC2.RHUB.PRT4] parent device:1a
[    0.325722]      scan-1141 get_device_data       : No context for object [ffff88040d83b500]
[    0.325914]      scan-1141 get_device_data       : No context for object [ffff88040d83b528]
[    0.326106]      scan-1141 get_device_data       : No context for object [ffff88040d83b550]
[    0.326302]      scan-1141 get_device_data       : No context for object [ffff88040d827460]
[    0.326495]     utils-0051 util_eval_error       : Evaluate [\_SB_.PCI0.EHC2._STA]: AE_NOT_FOUND
[    0.326762] device: 'device:1c': device_add
[    0.326825] bus: 'acpi': add device device:1c
[    0.326893]     utils-0051 util_eval_error       : Evaluate [\_SB_.PCI0.EHC2._SUN]: AE_NOT_FOUND
[    0.327091]      scan-1933 add_single_object     : Added device:1c [\_SB_.PCI0.EHC2] parent PNP0A08:00
[    0.327287]      scan-1141 get_device_data       : No context for object [ffff88040d827488]
[    0.327479]      scan-1141 get_device_data       : No context for object [ffff88040d8274b0]
[    0.327671]      scan-1141 get_device_data       : No context for object [ffff88040d83b1b8]
[    0.327865]     utils-0051 util_eval_error       : Evaluate [\_SB_.PCI0.EHC2.RHUB._STA]: AE_NOT_FOUND
[    0.328084] device: 'device:1d': device_add
[    0.328145] bus: 'acpi': add device device:1d
[    0.328220]     utils-0051 util_eval_error       : Evaluate [\_SB_.PCI0.EHC2.RHUB._SUN]: AE_NOT_FOUND
[    0.328427]      scan-1933 add_single_object     : Added device:1d [\_SB_.PCI0.EHC2.RHUB] parent device:1c
[    0.328580]      scan-1141 get_device_data       : No context for object [ffff88040d83b1e0]
[    0.328753]      scan-1141 get_device_data       : No context for object [ffff88040d83b208]
[    0.328946]     utils-0051 util_eval_error       : Evaluate [\_SB_.PCI0.EHC2.RHUB.PRT2._STA]: AE_NOT_FOUND
[    0.329161] device: 'device:1e': device_add
[    0.329220] bus: 'acpi': add device device:1e
[    0.329289]     utils-0051 util_eval_error       : Evaluate [\_SB_.PCI0.EHC2.RHUB.PRT2._SUN]: AE_NOT_FOUND
[    0.329492]      scan-1933 add_single_object     : Added device:1e [\_SB_.PCI0.EHC2.RHUB.PRT2] parent device:1d
[    0.329691]      scan-1141 get_device_data       : No context for object [ffff88040d83b230]
[    0.329890]      scan-1141 get_device_data       : No context for object [ffff88040d83b258]
[    0.330002]      scan-1141 get_device_data       : No context for object [ffff88040d83b280]
[    0.330194]      scan-1141 get_device_data       : No context for object [ffff88040d8274d8]
[    0.330387]     utils-0051 util_eval_error       : Evaluate [\_SB_.PCI0.OHC3._STA]: AE_NOT_FOUND
[    0.330609] device: 'device:1f': device_add
[    0.330670] bus: 'acpi': add device device:1f
[    0.330736]     utils-0051 util_eval_error       : Evaluate [\_SB_.PCI0.OHC3._SUN]: AE_NOT_FOUND
[    0.330939]      scan-1933 add_single_object     : Added device:1f [\_SB_.PCI0.OHC3] parent PNP0A08:00
[    0.331143]      scan-1141 get_device_data       : No context for object [ffff88040d827500]
[    0.331340]      scan-1141 get_device_data       : No context for object [ffff88040d827528]
[    0.331485]      scan-1141 get_device_data       : No context for object [ffff88040d83b578]
[    0.331659]     utils-0051 util_eval_error       : Evaluate [\_SB_.PCI0.OHC3.RHUB._STA]: AE_NOT_FOUND
[    0.331872] device: 'device:20': device_add
[    0.331932] bus: 'acpi': add device device:20
[    0.331998]     utils-0051 util_eval_error       : Evaluate [\_SB_.PCI0.OHC3.RHUB._SUN]: AE_NOT_FOUND
[    0.332196]      scan-1933 add_single_object     : Added device:20 [\_SB_.PCI0.OHC3.RHUB] parent device:1f
[    0.332398]      scan-1141 get_device_data       : No context for object [ffff88040d83b5a0]
[    0.332597]      scan-1141 get_device_data       : No context for object [ffff88040d827550]
[    0.332792]     utils-0051 util_eval_error       : Evaluate [\_SB_.PCI0.EHC3._STA]: AE_NOT_FOUND
[    0.333014] device: 'device:21': device_add
[    0.333073] bus: 'acpi': add device device:21
[    0.333142]     utils-0051 util_eval_error       : Evaluate [\_SB_.PCI0.EHC3._SUN]: AE_NOT_FOUND
[    0.333340]      scan-1933 add_single_object     : Added device:21 [\_SB_.PCI0.EHC3] parent PNP0A08:00
[    0.333490]      scan-1141 get_device_data       : No context for object [ffff88040d827578]
[    0.333666]      scan-1141 get_device_data       : No context for object [ffff88040d8275a0]
[    0.333863]      scan-1141 get_device_data       : No context for object [ffff88040d83b2a8]
[    0.334060]     utils-0051 util_eval_error       : Evaluate [\_SB_.PCI0.EHC3.RHUB._STA]: AE_NOT_FOUND
[    0.334273] device: 'device:22': device_add
[    0.334333] bus: 'acpi': add device device:22
[    0.334399]     utils-0051 util_eval_error       : Evaluate [\_SB_.PCI0.EHC3.RHUB._SUN]: AE_NOT_FOUND
[    0.334578]      scan-1933 add_single_object     : Added device:22 [\_SB_.PCI0.EHC3.RHUB] parent device:21
[    0.334773]      scan-1141 get_device_data       : No context for object [ffff88040d83b2d0]
[    0.334969]      scan-1141 get_device_data       : No context for object [ffff88040d8275c8]
[    0.335165]     utils-0051 util_eval_error       : Evaluate [\_SB_.PCI0.OHC4._STA]: AE_NOT_FOUND
[    0.335387] device: 'device:23': device_add
[    0.335444] bus: 'acpi': add device device:23
[    0.335509]     utils-0051 util_eval_error       : Evaluate [\_SB_.PCI0.OHC4._SUN]: AE_NOT_FOUND
[    0.335687]      scan-1933 add_single_object     : Added device:23 [\_SB_.PCI0.OHC4] parent PNP0A08:00
[    0.335880]      scan-1141 get_device_data       : No context for object [ffff88040d8275f0]
[    0.336069]      scan-1141 get_device_data       : No context for object [ffff88040d827618]
[    0.336261]      scan-1141 get_device_data       : No context for object [ffff88040d827640]
[    0.336439]     utils-0051 util_eval_error       : Evaluate [\_SB_.PCI0.SBAZ._STA]: AE_NOT_FOUND
[    0.336697] device: 'device:24': device_add
[    0.336754] bus: 'acpi': add device device:24
[    0.336822]     utils-0051 util_eval_error       : Evaluate [\_SB_.PCI0.SBAZ._SUN]: AE_NOT_FOUND
[    0.337019]      scan-1933 add_single_object     : Added device:24 [\_SB_.PCI0.SBAZ] parent PNP0A08:00
[    0.337212]      scan-1141 get_device_data       : No context for object [ffff88040d827668]
[    0.337401]      scan-1141 get_device_data       : No context for object [ffff88040d827690]
[    0.337575]      scan-1141 get_device_data       : No context for object [ffff88040d8276b8]
[    0.337771]     utils-0051 util_eval_error       : Evaluate [\_SB_.PCI0.GEC_._STA]: AE_NOT_FOUND
[    0.338010] device: 'device:25': device_add
[    0.338068] bus: 'acpi': add device device:25
[    0.338134]     utils-0051 util_eval_error       : Evaluate [\_SB_.PCI0.GEC_._SUN]: AE_NOT_FOUND
[    0.338331]      scan-1933 add_single_object     : Added device:25 [\_SB_.PCI0.GEC_] parent PNP0A08:00
[    0.338506]      scan-1141 get_device_data       : No context for object [ffff88040d8276e0]
[    0.338696]      scan-1141 get_device_data       : No context for object [ffff88040d827708]
[    0.338889]      scan-1141 get_device_data       : No context for object [ffff88040d827730]
[    0.339083]      scan-1141 get_device_data       : No context for object [ffff88040d827758]
[    0.340003]      scan-1141 get_device_data       : No context for object [ffff88040d827780]
