[    0.000000] Initializing cgroup subsys cpuset
[    0.000000] Initializing cgroup subsys cpu
[    0.000000] Initializing cgroup subsys cpuacct
[    0.000000] Linux version 3.17.0-rc3-gb7fece1 (emacs@manji) (gcc version 4.9.1 (GCC) ) #71 SMP Fri Sep 5 16:30:10 CEST 2014
[    0.000000] Command line: BOOT_IMAGE=/vmlinuz-linux-git root=UUID=bfa4ab6e-19a3-4601-ba2b-267c55841c73 rw cryptdevice=/dev/disk/by-uuid/70c08890-417a-497d-b6ab-c0d0357a63e2:cryptManjaro:allow-discards ipv6.disable=1 pnp.debug=1 loglevel=9 log_buf_len=10M printk.always_kmsg_dump=y printk.time=y mminit_loglevel=0 memory_corruption_check=1 acpi.debug_layer=0xfbff0000 acpi.debug_level=0xFFFFFFFD pnp.debug=1 nohz=on rcu_nocbs=1-3 pcie_aspm=force fbcon=scrollback:4096k fbcon=font:ProFont6x11 radeon.audio=0 radeon.lockup_timeout=0 radeon.test=0 radeon.agpmode=-1 radeon.benchmark=0 radeon.tv=0 radeon.hard_reset=1 radeon.aspm=1 radeon.dpm=1 radeon.msi=1 radeon.pcie_gen2=-1 radeon.no_wb=1 radeon.modeset=1 radeon.dynclks=1 radeon.r4xx_atom=0 radeon.runpm=0 radeonfb radeon.fastfb=1 nomodeset
[    0.000000] KERNEL supported cpus:
[    0.000000]   AMD AuthenticAMD
[    0.000000] tseg: 00bfe00000
[    0.000000] e820: BIOS-provided physical RAM map:
[    0.000000] BIOS-e820: [mem 0x0000000000000000-0x000000000009d7ff] usable
[    0.000000] BIOS-e820: [mem 0x000000000009d800-0x000000000009ffff] reserved
[    0.000000] BIOS-e820: [mem 0x00000000000e0000-0x00000000000fffff] reserved
[    0.000000] BIOS-e820: [mem 0x0000000000100000-0x00000000bed9afff] usable
[    0.000000] BIOS-e820: [mem 0x00000000bed9b000-0x00000000bf39afff] reserved
[    0.000000] BIOS-e820: [mem 0x00000000bf39b000-0x00000000bf49afff] ACPI NVS
[    0.000000] BIOS-e820: [mem 0x00000000bf49b000-0x00000000bf51afff] ACPI data
[    0.000000] BIOS-e820: [mem 0x00000000bf51b000-0x00000000bfdfffff] usable
[    0.000000] BIOS-e820: [mem 0x00000000bfe00000-0x00000000bfffffff] reserved
[    0.000000] BIOS-e820: [mem 0x00000000fec00000-0x00000000fecfffff] reserved
[    0.000000] BIOS-e820: [mem 0x00000000fed80000-0x00000000fed80fff] reserved
[    0.000000] BIOS-e820: [mem 0x00000000ffe00000-0x00000000ffffffff] reserved
[    0.000000] BIOS-e820: [mem 0x0000000100000000-0x000000041effffff] usable
[    0.000000] NX (Execute Disable) protection: active
[    0.000000] SMBIOS 2.6 present.
[    0.000000] DMI: LENOVO Sabine/Torpedo, BIOS 54CN18WW 07/20/2011
[    0.000000] e820: update [mem 0x00000000-0x00000fff] usable ==> reserved
[    0.000000] e820: remove [mem 0x000a0000-0x000fffff] usable
[    0.000000] e820: last_pfn = 0x41f000 max_arch_pfn = 0x400000000
[    0.000000] MTRR default type: uncachable
[    0.000000] MTRR fixed ranges enabled:
[    0.000000]   00000-9FFFF write-back
[    0.000000]   A0000-BFFFF uncachable
[    0.000000]   C0000-FFFFF write-protect
[    0.000000] MTRR variable ranges enabled:
[    0.000000]   0 base 0000000000 mask FF80000000 write-back
[    0.000000]   1 base 0080000000 mask FFC0000000 write-back
[    0.000000]   2 base 00FFF90000 mask FFFFFF0000 uncachable
[    0.000000]   3 base 00FED80000 mask 0FFFFFF000 uncachable
[    0.000000]   4 disabled
[    0.000000]   5 disabled
[    0.000000]   6 disabled
[    0.000000]   7 base 00FFE00000 mask FFFFE00000 write-protect
[    0.000000] TOM2: 000000041f000000 aka 16880M
[    0.000000] mtrr: your BIOS has configured an incorrect mask, fixing it.
[    0.000000] e820: last_pfn = 0xbfe00 max_arch_pfn = 0x400000000
[    0.000000] found SMP MP-table at [mem 0x000fa8b0-0x000fa8bf] mapped at [ffff8800000fa8b0]
[    0.000000] Base memory trampoline at [ffff880000097000] 97000 size 24576
[    0.000000] Using GB pages for direct mapping
[    0.000000] init_memory_mapping: [mem 0x00000000-0x000fffff]
[    0.000000]  [mem 0x00000000-0x000fffff] page 4k
[    0.000000] BRK [0x01e17000, 0x01e17fff] PGTABLE
[    0.000000] BRK [0x01e18000, 0x01e18fff] PGTABLE
[    0.000000] BRK [0x01e19000, 0x01e19fff] PGTABLE
[    0.000000] init_memory_mapping: [mem 0x41ee00000-0x41effffff]
[    0.000000]  [mem 0x41ee00000-0x41effffff] page 2M
[    0.000000] BRK [0x01e1a000, 0x01e1afff] PGTABLE
[    0.000000] init_memory_mapping: [mem 0x41c000000-0x41edfffff]
[    0.000000]  [mem 0x41c000000-0x41edfffff] page 2M
[    0.000000] init_memory_mapping: [mem 0x400000000-0x41bffffff]
[    0.000000]  [mem 0x400000000-0x41bffffff] page 2M
[    0.000000] init_memory_mapping: [mem 0x00100000-0xbed9afff]
[    0.000000]  [mem 0x00100000-0x001fffff] page 4k
[    0.000000]  [mem 0x00200000-0x3fffffff] page 2M
[    0.000000]  [mem 0x40000000-0x7fffffff] page 1G
[    0.000000]  [mem 0x80000000-0xbebfffff] page 2M
[    0.000000]  [mem 0xbec00000-0xbed9afff] page 4k
[    0.000000] init_memory_mapping: [mem 0xbf51b000-0xbfdfffff]
[    0.000000]  [mem 0xbf51b000-0xbf5fffff] page 4k
[    0.000000]  [mem 0xbf600000-0xbfdfffff] page 2M
[    0.000000] BRK [0x01e1b000, 0x01e1bfff] PGTABLE
[    0.000000] init_memory_mapping: [mem 0x100000000-0x3ffffffff]
[    0.000000]  [mem 0x100000000-0x3ffffffff] page 1G
[    0.000000] log_buf_len: 16777216 bytes
[    0.000000] early log buf free: 2092044(99%)
[    0.000000] RAMDISK: [mem 0x37828000-0x37c0bfff]
[    0.000000] ACPI: Early table checksum verification disabled
[    0.000000] ACPI: RSDP 0x00000000000F0110 000024 (v02 LENOVO)
[    0.000000] ACPI: XSDT 0x00000000BF51A120 000074 (v01 LENOVO CB-01    00000001 LENO 00000001)
[    0.000000] ACPI: FACP 0x00000000BF508000 0000F4 (v04 LENOVO CB-01    00000001 PTL  00000001)
[    0.000000] ACPI: DSDT 0x00000000BF50A000 00FD10 (v01 LENOVO CB-01    00001000 LENO 00000001)
[    0.000000] ACPI: FACS 0x00000000BF478000 000040
[    0.000000] ACPI: HPET 0x00000000BF507000 000038 (v01 LENOVO CB-01    00000001 PTL  00000001)
[    0.000000] ACPI: APIC 0x00000000BF506000 00007A (v02 LENOVO CB-01    00000001 PTL  00000001)
[    0.000000] ACPI: MCFG 0x00000000BF505000 00003C (v01 LENOVO CB-01    00000001 PTL  00000001)
[    0.000000] ACPI: SLIC 0x00000000BF504000 000176 (v01 LENOVO CB-01    00000001 LENO 00000001)
[    0.000000] ACPI: UEFI 0x00000000BF503000 00003E (v01 LENOVO CB-01    00000001 PTL  00000001)
[    0.000000] ACPI: UEFI 0x00000000BF502000 000042 (v01 PTL    COMBUF   00000001 PTL  00000001)
[    0.000000] ACPI: SSDT 0x00000000BF501000 000E34 (v01 AMD    POWERNOW 00000001 AMD  00000001)
[    0.000000] ACPI: SSDT 0x00000000BF4FF000 00193D (v02 AMD    ALIB     00000001 MSFT 04000000)
[    0.000000] ACPI: UEFI 0x00000000BF4FE000 00021A (v01 LENOVO CB-01    00000001 PTL  00000001)
[    0.000000] ACPI: Local APIC address 0xfee00000
[    0.000000] No NUMA configuration found
[    0.000000] Faking a node at [mem 0x0000000000000000-0x000000041effffff]
[    0.000000] Initmem setup node 0 [mem 0x00000000-0x41effffff]
[    0.000000]   NODE_DATA [mem 0x41dffa000-0x41dffdfff]
[    0.000000]  [ffffea0000000000-ffffea00107fffff] PMD -> [ffff88040de00000-ffff88041d5fffff] on node 0
[    0.000000] Zone ranges:
[    0.000000]   DMA      [mem 0x00001000-0x00ffffff]
[    0.000000]   DMA32    [mem 0x01000000-0xffffffff]
[    0.000000]   Normal   [mem 0x100000000-0x41effffff]
[    0.000000] Movable zone start for each node
[    0.000000] Early memory node ranges
[    0.000000]   node   0: [mem 0x00001000-0x0009cfff]
[    0.000000]   node   0: [mem 0x00100000-0xbed9afff]
[    0.000000]   node   0: [mem 0xbf51b000-0xbfdfffff]
[    0.000000]   node   0: [mem 0x100000000-0x41effffff]
[    0.000000] On node 0 totalpages: 4056604
[    0.000000]   DMA zone: 64 pages used for memmap
[    0.000000]   DMA zone: 21 pages reserved
[    0.000000]   DMA zone: 3996 pages, LIFO batch:0
[    0.000000]   DMA32 zone: 12186 pages used for memmap
[    0.000000]   DMA32 zone: 779904 pages, LIFO batch:31
[    0.000000]   Normal zone: 51136 pages used for memmap
[    0.000000]   Normal zone: 3272704 pages, LIFO batch:31
[    0.000000] ACPI: PM-Timer IO Port: 0x808
[    0.000000] ACPI: Local APIC address 0xfee00000
[    0.000000] ACPI: LAPIC (acpi_id[0x00] lapic_id[0x00] enabled)
[    0.000000] ACPI: LAPIC (acpi_id[0x01] lapic_id[0x01] enabled)
[    0.000000] ACPI: LAPIC (acpi_id[0x02] lapic_id[0x02] enabled)
[    0.000000] ACPI: LAPIC (acpi_id[0x03] lapic_id[0x03] enabled)
[    0.000000] ACPI: LAPIC_NMI (acpi_id[0x00] high edge lint[0x1])
[    0.000000] ACPI: LAPIC_NMI (acpi_id[0x01] high edge lint[0x1])
[    0.000000] ACPI: LAPIC_NMI (acpi_id[0x02] high edge lint[0x1])
[    0.000000] ACPI: LAPIC_NMI (acpi_id[0x03] high edge lint[0x1])
[    0.000000] ACPI: IOAPIC (id[0x02] address[0xfec00000] gsi_base[0])
[    0.000000] IOAPIC[0]: apic_id 2, version 33, address 0xfec00000, GSI 0-23
[    0.000000] ACPI: INT_SRC_OVR (bus 0 bus_irq 0 global_irq 2 dfl dfl)
[    0.000000] ACPI: IRQ0 used by override.
[    0.000000] ACPI: IRQ9 used by override.
[    0.000000] Using ACPI (MADT) for SMP configuration information
[    0.000000] ACPI: HPET id: 0x43538210 base: 0xfed00000
[    0.000000] smpboot: Allowing 4 CPUs, 0 hotplug CPUs
[    0.000000] e820: [mem 0xc0000000-0xfebfffff] available for PCI devices
[    0.000000] setup_percpu: NR_CPUS:64 nr_cpumask_bits:64 nr_cpu_ids:4 nr_node_ids:1
[    0.000000] PERCPU: Embedded 27 pages/cpu @ffff88041dc00000 s80256 r8192 d22144 u524288
[    0.000000] pcpu-alloc: s80256 r8192 d22144 u524288 alloc=1*2097152
[    0.000000] pcpu-alloc: [0] 0 1 2 3 
[    0.000000] Built 1 zonelists in Zone order, mobility grouping on.  Total pages: 3993197
[    0.000000] Policy zone: Normal
[    0.000000] Kernel command line: BOOT_IMAGE=/vmlinuz-linux-git root=UUID=bfa4ab6e-19a3-4601-ba2b-267c55841c73 rw cryptdevice=/dev/disk/by-uuid/70c08890-417a-497d-b6ab-c0d0357a63e2:cryptManjaro:allow-discards ipv6.disable=1 pnp.debug=1 loglevel=9 log_buf_len=10M printk.always_kmsg_dump=y printk.time=y mminit_loglevel=0 memory_corruption_check=1 acpi.debug_layer=0xfbff0000 acpi.debug_level=0xFFFFFFFD pnp.debug=1 nohz=on rcu_nocbs=1-3 pcie_aspm=force fbcon=scrollback:4096k fbcon=font:ProFont6x11 radeon.audio=0 radeon.lockup_timeout=0 radeon.test=0 radeon.agpmode=-1 radeon.benchmark=0 radeon.tv=0 radeon.hard_reset=1 radeon.aspm=1 radeon.dpm=1 radeon.msi=1 radeon.pcie_gen2=-1 radeon.no_wb=1 radeon.modeset=1 radeon.dynclks=1 radeon.r4xx_atom=0 radeon.runpm=0 radeonfb radeon.fastfb=1 nomodeset
[    0.000000] PCIe ASPM is forcibly enabled
[    0.000000] PID hash table entries: 4096 (order: 3, 32768 bytes)
[    0.000000] Memory: 15870892K/16226416K available (5248K kernel code, 721K rwdata, 2208K rodata, 848K init, 2588K bss, 355524K reserved)
[    0.000000] SLUB: HWalign=64, Order=0-3, MinObjects=0, CPUs=4, Nodes=1
[    0.000000] Hierarchical RCU implementation.
[    0.000000] 	RCU dyntick-idle grace-period acceleration is enabled.
[    0.000000] 	Additional per-CPU info printed with stalls.
[    0.000000] 	RCU restricting CPUs from NR_CPUS=64 to nr_cpu_ids=4.
[    0.000000] 	Offload RCU callbacks from all CPUs
[    0.000000] 	Offload RCU callbacks from CPUs: 0-3.
[    0.000000] RCU: Adjusting geometry for rcu_fanout_leaf=16, nr_cpu_ids=4
[    0.000000] NR_IRQS:4352 nr_irqs:456 0
[    0.000000] spurious 8259A interrupt: IRQ7.
[    0.000000] vgacon: allocated 4194304 bytes of memory for scrollback. CONFIG_VGACON_SOFT_SCROLLBACK_SIZE=4096
[    0.000000] Console: colour VGA+ 80x25
[    0.000000] console [tty0] enabled
[    0.000000] allocated 65011712 bytes of page_cgroup
[    0.000000] please try 'cgroup_disable=memory' option if you don't want memory cgroups
[    0.000000] hpet clockevent registered
[    0.000000] tsc: Fast TSC calibration using PIT
[    0.000000] tsc: Detected 1397.458 MHz processor
[    0.000040] Calibrating delay loop (skipped), value calculated using timer frequency.. 2796.37 BogoMIPS (lpj=4658193)
[    0.000201] pid_max: default: 32768 minimum: 301
[    0.000270] ACPI: Core revision 20140724
[    0.016097] ACPI: All ACPI Tables successfully acquired
[    0.018161] Security Framework initialized
[    0.019196] Dentry cache hash table entries: 2097152 (order: 12, 16777216 bytes)
[    0.024029] Inode-cache hash table entries: 1048576 (order: 11, 8388608 bytes)
[    0.026311] Mount-cache hash table entries: 32768 (order: 6, 262144 bytes)
[    0.026440] Mountpoint-cache hash table entries: 32768 (order: 6, 262144 bytes)
[    0.026906] Initializing cgroup subsys memory
[    0.026975] Initializing cgroup subsys devices
[    0.027038] Initializing cgroup subsys freezer
[    0.027102] Initializing cgroup subsys net_cls
[    0.027165] Initializing cgroup subsys blkio
[    0.027249] CPU: Physical Processor ID: 0
[    0.027310] CPU: Processor Core ID: 0
[    0.027372] mce: CPU supports 6 MCE banks
[    0.027442] Last level iTLB entries: 4KB 512, 2MB 16, 4MB 8
Last level dTLB entries: 4KB 1024, 2MB 128, 4MB 64, 1GB 0
[    0.027718] Freeing SMP alternatives memory: 20K (ffffffff81b8a000 - ffffffff81b8f000)
[    0.028364] ..TIMER: vector=0x30 apic1=0 pin1=2 apic2=-1 pin2=-1
[    0.061443] smpboot: CPU0: AMD A6-3400M APU with Radeon(tm) HD Graphics (fam: 12, model: 01, stepping: 00)
[    0.166710] Performance Events: AMD PMU driver.
[    0.166809] ... version:                0
[    0.166871] ... bit width:              48
[    0.166933] ... generic registers:      4
[    0.166994] ... value mask:             0000ffffffffffff
[    0.167056] ... max period:             00007fffffffffff
[    0.167118] ... fixed-purpose events:   0
[    0.167180] ... event mask:             000000000000000f
[    0.167573] MCE: In-kernel MCE decoding enabled.
[    0.167721] trying cpu_up:
[    0.167826] NMI watchdog: enabled on all CPUs, permanently consumes one hw-PMU counter.
[    0.168075] smpboot: ++++++++++++++++++++=_---CPU UP  1
[    0.168186] x86: Booting SMP configuration:
[    0.168248] .... node  #0, CPUs:      #1
[    0.168353] smpboot: Setting warm reset code and vector.
[    0.168474] smpboot: 1.
[    0.168534] smpboot: 2.
[    0.168595] smpboot: 3.
[    0.168656] smpboot: Asserting INIT
[    0.168717] smpboot: Waiting for INIT send to finish...
[    0.464402] smpboot: status for above ^ is: 0
[    0.464512] smpboot: Deasserting INIT
[    0.464575] smpboot: Waiting for above send to finish...
[    0.464640] smpboot: #startup loops: 2
[    0.464703] smpboot: Sending STARTUP #1
[    0.464767] smpboot: After apic_write
[    0.465249] smpboot: Startup point 1
[    0.465314] smpboot: Waiting for send to finish...
[    0.465579] smpboot: Sending STARTUP #2
[    0.465689] smpboot: After apic_write
[    0.466052] smpboot: Startup point 1
[    0.466115] smpboot: Waiting for send to finish...
[    0.466379] smpboot: After Startup
[    0.466489] smpboot: Before Callout 1
[    0.466552] smpboot: After Callout 1
[    0.466615] smpboot: start waiting 5sec for response
[    5.507841] smpboot: done waiting 5sec for response
[    5.507985] smpboot: cpumask_test_cpu result: 0
[    5.508046] smpboot: cpu_callin_mask: 0000000000000001
[    5.508140] smpboot: cpu_callout_mask: 0000000000000003
[    5.508204] smpboot: CPU1: Not responding
[    5.508328] smpboot: do_boot_cpu failed(1) to wakeup CPU#1
[    5.508401] after cpu_up !!!!!!!!!!!!
[    5.508440] trying cpu_up:
[    5.508653] smpboot: ++++++++++++++++++++=_---CPU UP  2
[    5.508792]  #2
[    5.508827] smpboot: Setting warm reset code and vector.
[    5.508947] smpboot: 1.
[    5.509007] smpboot: 2.
[    5.509070] smpboot: 3.
[    5.509133] smpboot: Asserting INIT
[    5.509196] smpboot: Waiting for INIT send to finish...
[    5.519265] smpboot: status for above ^ is: 0
[    5.519375] smpboot: Deasserting INIT
[    5.519438] smpboot: Waiting for above send to finish...
[    5.519502] smpboot: #startup loops: 2
[    5.519565] smpboot: Sending STARTUP #1
[    5.519628] smpboot: After apic_write
[    5.390529] smpboot: CPU#2 (phys ID: 2) waiting for CALLOUT
[    5.390530] smpboot: Waiting max 15 sec for callout
[    5.519992] smpboot: Startup point 1
[    5.520230] smpboot: Waiting for send to finish...
[    5.520494] smpboot: Sending STARTUP #2
[    5.520602] smpboot: After apic_write
[    5.520963] smpboot: Startup point 1
[    5.521072] smpboot: Waiting for send to finish...
[    5.521338] smpboot: After Startup
[    5.521447] smpboot: Before Callout 2
[    5.521510] smpboot: After Callout 2
[    5.392258] smpboot: done waiting max 15 sec for callout
[    5.392295] smpboot: Stack at about ffff88040780bf3c
[    5.521704] smpboot: start waiting 5sec for response
[    5.521744] smpboot: done waiting 5sec for response
[    5.521841] smpboot: cpumask_test_cpu result: -1
[    5.521905] smpboot: cpu_callin_mask: 0000000000000005
[    5.522000] smpboot: cpu_callout_mask: 0000000000000005
[    5.522062] smpboot: CPU2: has booted.
[    5.524191] TSC synchronization [CPU#0 -> CPU#2]:
[    5.524300] Measured 180565420 cycles TSC warp between CPUs, turning off TSC clock.
[    5.524439] tsc: Marking TSC unstable due to check_tsc_sync_source failed
[    5.524543] after cpu_up !!!!!!!!!!!!
[    5.524583] trying cpu_up:
[    5.524790] smpboot: ++++++++++++++++++++=_---CPU UP  3
[    5.524933]  #3
[    5.524970] smpboot: Setting warm reset code and vector.
[    5.525092] smpboot: 1.
[    5.525152] smpboot: 2.
[    5.525213] smpboot: 3.
[    5.525273] smpboot: Asserting INIT
[    5.525336] smpboot: Waiting for INIT send to finish...
[    5.535404] smpboot: status for above ^ is: 0
[    5.535515] smpboot: Deasserting INIT
[    5.535578] smpboot: Waiting for above send to finish...
[    5.535642] smpboot: #startup loops: 2
[    5.535705] smpboot: Sending STARTUP #1
[    5.535768] smpboot: After apic_write
[    5.372543] smpboot: CPU#3 (phys ID: 3) waiting for CALLOUT
[    5.372544] smpboot: Waiting max 15 sec for callout
[    5.536134] smpboot: Startup point 1
[    5.536370] smpboot: Waiting for send to finish...
[    5.536635] smpboot: Sending STARTUP #2
[    5.536744] smpboot: After apic_write
[    5.537107] smpboot: Startup point 1
[    5.537216] smpboot: Waiting for send to finish...
[    5.537478] smpboot: After Startup
[    5.537588] smpboot: Before Callout 3
[    5.537650] smpboot: After Callout 3
[    5.374223] smpboot: done waiting max 15 sec for callout
[    5.374259] smpboot: Stack at about ffff88040780ff3c
[    5.537845] smpboot: start waiting 5sec for response
[    5.537884] smpboot: done waiting 5sec for response
[    5.537981] smpboot: cpumask_test_cpu result: -1
[    5.538043] smpboot: cpu_callin_mask: 000000000000000d
[    5.538141] smpboot: cpu_callout_mask: 000000000000000d
[    5.538204] smpboot: CPU3: has booted.
[    5.538358] after cpu_up !!!!!!!!!!!!
[    5.538397] trying cpu_up:
[    5.538496] smpboot: ++++++++++++++++++++=_---CPU UP  1
[    5.538609] x86: Booting SMP configuration:
[    5.538672]     #1
[    5.538744] smpboot: Setting warm reset code and vector.
[    5.538863] smpboot: 1.
[    5.538921] smpboot: 2.
[    5.538979] smpboot: 3.
[    5.539037] smpboot: Asserting INIT
[    5.539095] smpboot: Waiting for INIT send to finish...
[    5.549160] smpboot: status for above ^ is: 0
[    5.549270] smpboot: Deasserting INIT
[    5.549334] smpboot: Waiting for above send to finish...
[    5.549398] smpboot: #startup loops: 2
[    5.549462] smpboot: Sending STARTUP #1
[    5.549524] smpboot: After apic_write
[    5.549887] smpboot: Startup point 1
[    5.549996] smpboot: Waiting for send to finish...
[    5.550261] smpboot: Sending STARTUP #2
[    5.550370] smpboot: After apic_write
[    5.550733] smpboot: Startup point 1
[    5.550794] smpboot: Waiting for send to finish...
[    5.551057] smpboot: After Startup
[    5.551166] smpboot: Before Callout 1
[    5.551229] smpboot: After Callout 1
[    5.551293] smpboot: start waiting 5sec for response
[   10.568991] smpboot: done waiting 5sec for response
[   10.569135] smpboot: cpumask_test_cpu result: 0
[   10.569198] smpboot: cpu_callin_mask: 000000000000000d
[   10.569295] smpboot: cpu_callout_mask: 000000000000000f
[   10.569358] smpboot: CPU1: Not responding
[   10.569482] smpboot: do_boot_cpu failed(1) to wakeup CPU#1
[   10.570649] after cpu_up !!!!!!!!!!!!
[   10.570689] x86: Booted up 1 node, 3 CPUs
[   10.570810] smpboot: Boot done
[   10.570872] smpboot: Before bogomips
[   10.570936] smpboot: Total of 3 processors activated (8388.11 BogoMIPS)
[   10.571002] smpboot: Before bogocount - setting activated=1
[   10.150108] devtmpfs: initialized
[   10.150141] device: 'platform': device_add
[   10.150223] bus: 'platform': registered
[   10.150291] bus: 'cpu': registered
[   10.150354] device: 'cpu': device_add
[   10.150444] bus: 'container': registered
[   10.150509] device: 'container': device_add
[   10.153733] bus: 'workqueue': registered
[   10.153854] device: 'workqueue': device_add
[   10.153719] kworker/u8:0 (39) used greatest stack depth: 14848 bytes left
[   10.154174] atomic64_test: passed for x86-64 platform with CX8 and with SSE
[   10.154291] device class 'regulator': registering
[   10.154409] Registering platform device 'reg-dummy'. Parent at platform
[   10.154520] device: 'reg-dummy': device_add
[   10.154586] bus: 'platform': add device reg-dummy
[   10.154668] bus: 'platform': add driver reg-dummy
[   10.154732] bus: 'platform': driver_probe_device: matched device reg-dummy with driver reg-dummy
[   10.154865] bus: 'platform': really_probe: probing driver reg-dummy with device reg-dummy
[   10.155005] device: 'regulator.0': device_add
[   10.155096] regulator-dummy: no parameters
[   10.155170] driver: 'reg-dummy': driver_bound: bound to device 'reg-dummy'
[   10.155238] bus: 'platform': really_probe: bound device reg-dummy to driver reg-dummy
[   10.155358] NET: Registered protocol family 16
[   10.155358] device class 'bdi': registering
[   10.155358] bus: 'platform': add driver ramoops
[   10.156681] device class 'pci_bus': registering
[   10.156693] bus: 'pci': registered
[   10.156693] device class 'backlight': registering
[   10.156693] device class 'tty': registering
[   10.156693] device class 'vtconsole': registering
[   10.156693] device: 'vtcon0': device_add
[   10.156693] bus: 'node': registered
[   10.156693] device: 'node': device_add
[   10.156693] bus: 'i2c': registered
[   10.156693] bus: 'i2c': add driver dummy
[   10.156693] i2c-core: driver [dummy] registered
[   10.156693] kworker/u8:0 (54) used greatest stack depth: 14176 bytes left
[   10.156693] cpuidle: using governor ladder
[   10.156693] cpuidle: using governor menu
[   10.156693] ACPI FADT declares the system doesn't support PCIe ASPM, so disable it
[   10.156693] ACPI: bus type PCI registered
[   10.156693] acpiphp: ACPI Hot Plug PCI Controller Driver version: 0.5
[   10.156693] device class 'dmi': registering
[   10.156693] device: 'id': device_add
[   10.156693] PCI: MMCONFIG for domain 0000 [bus 00-3f] at [mem 0xf8000000-0xfbffffff] (base 0xf8000000)
[   10.156693] PCI: not using MMCONFIG
[   10.156693] PCI: Using configuration type 1 for base access
[   10.156693] PCI: Using configuration type 1 for extended access
[   10.156693] device: 'node0': device_add
[   10.156693] bus: 'node': add device node0
[   10.156693] device: 'cpu0': device_add
[   10.156693] bus: 'cpu': add device cpu0
[   10.156769] device: 'cpu1': device_add
[   10.156878] bus: 'cpu': add device cpu1
[   10.156975] device: 'cpu2': device_add
[   10.157040] bus: 'cpu': add device cpu2
[   10.157137] device: 'cpu3': device_add
[   10.157237] bus: 'cpu': add device cpu3
[   10.180050] device: 'writeback': device_add
[   10.180170] bus: 'workqueue': add device writeback
[   10.180283] device: 'default': device_add
[   10.180492] device class 'block': registering
[   10.180492] ACPI: Added _OSI(Module Device)
[   10.180492] ACPI: Added _OSI(Processor Device)
[   10.180492] ACPI: Added _OSI(3.0 _SCP Extensions)
[   10.180492] ACPI: Added _OSI(Processor Aggregator Device)
[   10.184125] 
**** Context Switch from TID 4294967295 to TID 133431296 ****

[   10.184340]     utils-0051 util_eval_error       : Evaluate [\_SB_.PCI0.LPC0.EC0_._GLK]: AE_NOT_FOUND
[   10.184909] Executing  Method       \_SB_.PCI0.LPC0.EC0_._REG
[   10.185702] Executing  Method       \_SB_.PCI0.LPC0.EC0_._REG
[   10.185891] Executing  Method       \_SB_.PCI0.LPC0.EC0_._REG
[   10.186094] Executing  Method       \_SB_.PCI0.LPC0.EC0_._REG
[   10.189245] Initializing Region       \_SB_.OSTY
[   10.189451] Initializing Region       \_SB_.PCI0.NBMS
[   10.189599] Initializing Region       \_SB_.PCI0.NBXP
[   10.189749] Initializing Region       \_SB_.PCI0.K8ST
[   10.189914] Initializing Region       \_SB_.PCI0.BAR1
[   10.190032] Initializing Region       \_SB_.PCI0.PB2_.XPEX
[   10.190180] Initializing Region       \_SB_.PCI0.PB2_.PCFG
[   10.190328] Initializing Region       \_SB_.PCI0.PB2_.XPCB
[   10.190476] Initializing Region       \_SB_.PCI0.PB2_.XPRI
[   10.190629] Initializing Region       \_SB_.PCI0.PB2_.VGA_.PCFG
[   10.190841] Initializing Region       \_SB_.PCI0.PB2_.HDAU.PCFG
[   10.191004] Initializing Region       \_SB_.PCI0.PB3_.XPEX
[   10.191142] Initializing Region       \_SB_.PCI0.PB3_.PCFG
[   10.191291] Initializing Region       \_SB_.PCI0.PB3_.XPCB
[   10.191441] Initializing Region       \_SB_.PCI0.PB3_.XPRI
[   10.191594] Initializing Region       \_SB_.PCI0.PB3_.VGA_.PCFG
[   10.191815] Initializing Region       \_SB_.PCI0.PB3_.HDAU.PCFG
[   10.192005] Initializing Region       \_SB_.PCI0.PB4_.XPEX
[   10.192154] Initializing Region       \_SB_.PCI0.PB4_.PCFG
[   10.192296] Initializing Region       \_SB_.PCI0.PB4_.XPCB
[   10.192442] Initializing Region       \_SB_.PCI0.PB4_.XPRI
[   10.192595] Initializing Region       \_SB_.PCI0.PB4_.XPDV.PCFG
[   10.192759] Initializing Region       \_SB_.PCI0.PB5_.XPEX
[   10.192909] Initializing Region       \_SB_.PCI0.PB5_.PCFG
[   10.193058] Initializing Region       \_SB_.PCI0.PB5_.XPCB
[   10.193207] Initializing Region       \_SB_.PCI0.PB5_.XPRI
[   10.193355] Initializing Region       \_SB_.PCI0.PB5_.XPDV.PCFG
[   10.193506] Initializing Region       \_SB_.PCI0.PB6_.XPEX
[   10.193650] Initializing Region       \_SB_.PCI0.PB6_.PCFG
[   10.193798] Initializing Region       \_SB_.PCI0.PB6_.XPCB
[   10.193948] Initializing Region       \_SB_.PCI0.PB6_.XPRI
[   10.194101] Initializing Region       \_SB_.PCI0.PB6_.XPDV.PCFG
[   10.194265] Initializing Region       \_SB_.PCI0.PB7_.XPEX
[   10.194415] Initializing Region       \_SB_.PCI0.PB7_.PCFG
[   10.194564] Initializing Region       \_SB_.PCI0.PB7_.XPCB
[   10.194708] Initializing Region       \_SB_.PCI0.PB7_.XPRI
[   10.194856] Initializing Region       \_SB_.PCI0.PB7_.XPDV.PCFG
[   10.195298] Initializing Region       \_SB_.PCI0.SATC
[   10.195493] Initializing Region       \_SB_.PCI0.RMEM
[   10.195673] Initializing Region       \_SB_.PCI0.SATA.SATX
[   10.195826] Initializing Region       \_SB_.PCI0.SATA.BAR5
[   10.213568] Initializing Region       \_SB_.PCI0.SMB_.SBRV
[   10.213769] Initializing Region       \_SB_.PCI0.SMB_.PMIO
[   10.213913] Initializing Region       \_SB_.PCI0.SMB_.ERMM
[   10.214188] Initializing Region       \_SB_.PCI0.SMB_.P1E0
[   10.214395] Initializing Region       \_SB_.PCI0.SMB_.ABIO
[   10.214545] Initializing Region       \_SB_.PCI0.SMB_.SMB0
[   10.214696] Initializing Region       \_SB_.PCI0.LPC0.PIRQ
[   10.214898] Initializing Region       \_SB_.PCI0.LPC0.LPCR
[   10.215096] Initializing Region       \_SB_.PCI0.LPC0.LPCS
[   10.215300] Initializing Region       \_SB_.PCI0.LPC0.SMI0
[   10.215446] Initializing Region       \_SB_.PCI0.LPC0.SMI1
[   10.215601] Initializing Region       \_SB_.PCI0.LPC0.EC0_.ECO1
[   10.215748] Initializing Region       \_SB_.PCI0.LPC0.EC0_.ECO2
[   10.215894] Initializing Region       \_SB_.PCI0.LPC0.EC0_.ECMB
[   10.216041] Initializing Region       \_SB_.PCI0.LPC0.EC0_.RAM_
[   10.216252] Initializing Region       \_SB_.PCI0.LPC0.EC0_.CMOS
[   10.216432] Initializing Region       \_SB_.PCI0.LPC0.EC0_.VPC0.ERAM
[   10.216803] Initializing Region       \_SB_.PCI0.SPB0.PCFG
[   10.216964] Initializing Region       \_SB_.PCI0.SPB0.XPCB
[   10.217114] Initializing Region       \_SB_.PCI0.SPB0.XPDV.PCFG
[   10.217272] Initializing Region       \_SB_.PCI0.SPB1.PCFG
[   10.217418] Initializing Region       \_SB_.PCI0.SPB1.XPCB
[   10.217560] Initializing Region       \_SB_.PCI0.SPB1.XPDV.PCFG
[   10.217715] Initializing Region       \_SB_.PCI0.SPB2.PCFG
[   10.217862] Initializing Region       \_SB_.PCI0.SPB2.XPCB
[   10.218011] Initializing Region       \_SB_.PCI0.SPB2.XPDV.PCFG
[   10.218169] Initializing Region       \_SB_.PCI0.SPB3.PCFG
[   10.218315] Initializing Region       \_SB_.PCI0.SPB3.XPCB
[   10.218465] Initializing Region       \_SB_.PCI0.SPB3.XPDV.PCFG
[   10.218742] Initializing Region       \_SB_.PCI0.VGA_.REVD
[   10.219108] Initializing BufferField  \_SB_.AMW0.WLID
[   10.219721] Initializing Region       \DEB2
[   10.219897] Initializing Region       \PMIO
[   10.220010] Initializing Region       \P01_
[   10.220179] Initializing Region       \CNVS
[   10.220384] Initializing Region       \SPRT
[   10.220544] Initializing Region       \CMIO
[   10.220826] Executing  Method       \_SB_._STA
[   10.220997] Executing  Method       \_SB_._INI
[   10.221167] Executing  Method       \_SB_.PCI0._STA
[   10.221333] Executing  Method       \_SB_.PCI0._INI
[   10.221756] [Firmware Bug]: ACPI: BIOS _OSI(Linux) query ignored
[   10.222237] Executing  Method       \_SB_.PCI0.SATA._STA
[   10.222452] Executing  Method       \_SB_.PCI0.SATA._INI
[   10.223627] Executing  Method       \_SB_.PCI0.LPC0.EC0_._REG
[   10.250198] ACPI: Interpreter enabled
[   10.250251] ACPI: (supports S0 S5)
[   10.250318] ACPI: Using IOAPIC for interrupt routing
[   10.250709] PCI: MMCONFIG for domain 0000 [bus 00-3f] at [mem 0xf8000000-0xfbffffff] (base 0xf8000000)
[   10.251532] PCI: MMCONFIG at [mem 0xf8000000-0xfbffffff] reserved in ACPI motherboard resources
[   10.253342] bus: 'acpi': registered
[   10.253345] PCI: Using host bridge windows from ACPI; if necessary, use "pci=nocrs" and report a bug
[   10.253496]      scan-1141 get_device_data       : No context for object [ffffffffffffffff]
[   10.253714]     utils-0051 util_eval_error       : Evaluate [\._STA]: AE_NOT_FOUND
[   10.253920] device: 'LNXSYSTM:00': device_add
[   10.253990] bus: 'acpi': add device LNXSYSTM:00
[   10.254072]     utils-0051 util_eval_error       : Evaluate [\._SUN]: AE_NOT_FOUND
[   10.256669]      scan-1933 add_single_object     : Added LNXSYSTM:00 [\] parent (null)
[   10.256669]      scan-1141 get_device_data       : No context for object [ffff88040d81d000]
[   10.256669]      scan-1141 get_device_data       : No context for object [ffff88040d8377d0]
[   10.256669]      scan-1141 get_device_data       : No context for object [ffff88040d8377f8]
[   10.256669]      scan-1141 get_device_data       : No context for object [ffff88040d837820]
[   10.256669]      scan-1141 get_device_data       : No context for object [ffff88040d837848]
[   10.256669]      scan-1141 get_device_data       : No context for object [ffff88040d837870]
[   10.256669]      scan-1141 get_device_data       : No context for object [ffff88040d837898]
[   10.256669]      scan-1141 get_device_data       : No context for object [ffff88040d8378c0]
[   10.256669]      scan-1141 get_device_data       : No context for object [ffff88040d8378e8]
[   10.256669]      scan-1141 get_device_data       : No context for object [ffff88040d839398]
[   10.256669]      scan-1141 get_device_data       : No context for object [ffff88040d81d028]
[   10.256853]      scan-1141 get_device_data       : No context for object [ffff88040d81d168]
[   10.257065]     utils-0051 util_eval_error       : Evaluate [\_PR_.C000._STA]: AE_NOT_FOUND
[   10.257275]      scan-1141 get_device_data       : No context for object [ffff88040d81d028]
[   10.257494] device: 'LNXCPU:00': device_add
[   10.257562] bus: 'acpi': add device LNXCPU:00
[   10.257642]     utils-0051 util_eval_error       : Evaluate [\_PR_.C000._SUN]: AE_NOT_FOUND
[   10.260007]      scan-1933 add_single_object     : Added LNXCPU:00 [\_PR_.C000] parent LNXSYSTM:00
[   10.260007]      scan-1141 get_device_data       : No context for object [ffff88040d83c398]
[   10.260007]      scan-1141 get_device_data       : No context for object [ffff88040d83c3c0]
[   10.260007]      scan-1141 get_device_data       : No context for object [ffff88040d83c3e8]
[   10.260007]      scan-1141 get_device_data       : No context for object [ffff88040d83c410]
[   10.260007]      scan-1141 get_device_data       : No context for object [ffff88040d83c438]
[   10.260007]      scan-1141 get_device_data       : No context for object [ffff88040d83c460]
[   10.260007]      scan-1141 get_device_data       : No context for object [ffff88040d81d190]
[   10.260007]     utils-0051 util_eval_error       : Evaluate [\_PR_.C001._STA]: AE_NOT_FOUND
[   10.260007]      scan-1141 get_device_data       : No context for object [ffff88040d81d028]
[   10.260007] device: 'LNXCPU:01': device_add
[   10.260007] bus: 'acpi': add device LNXCPU:01
[   10.260084]     utils-0051 util_eval_error       : Evaluate [\_PR_.C001._SUN]: AE_NOT_FOUND
[   10.260299]      scan-1933 add_single_object     : Added LNXCPU:01 [\_PR_.C001] parent LNXSYSTM:00
[   10.260499]      scan-1141 get_device_data       : No context for object [ffff88040d83c488]
[   10.260696]      scan-1141 get_device_data       : No context for object [ffff88040d83c4b0]
[   10.260874]      scan-1141 get_device_data       : No context for object [ffff88040d83c4d8]
[   10.261072]      scan-1141 get_device_data       : No context for object [ffff88040d83c500]
[   10.261270]      scan-1141 get_device_data       : No context for object [ffff88040d83c528]
[   10.261467]      scan-1141 get_device_data       : No context for object [ffff88040d83c550]
[   10.261661]      scan-1141 get_device_data       : No context for object [ffff88040d81d1b8]
[   10.261861]     utils-0051 util_eval_error       : Evaluate [\_PR_.C002._STA]: AE_NOT_FOUND
[   10.262060]      scan-1141 get_device_data       : No context for object [ffff88040d81d028]
[   10.262266] device: 'LNXCPU:02': device_add
[   10.262331] bus: 'acpi': add device LNXCPU:02
[   10.262405]     utils-0051 util_eval_error       : Evaluate [\_PR_.C002._SUN]: AE_NOT_FOUND
[   10.263337]      scan-1933 add_single_object     : Added LNXCPU:02 [\_PR_.C002] parent LNXSYSTM:00
[   10.263337]      scan-1141 get_device_data       : No context for object [ffff88040d83c578]
[   10.263337]      scan-1141 get_device_data       : No context for object [ffff88040d83c5a0]
[   10.263337]      scan-1141 get_device_data       : No context for object [ffff88040d83c5c8]
[   10.263337]      scan-1141 get_device_data       : No context for object [ffff88040d83c5f0]
[   10.263534]      scan-1141 get_device_data       : No context for object [ffff88040d83c618]
[   10.263732]      scan-1141 get_device_data       : No context for object [ffff88040d83c640]
[   10.263910]      scan-1141 get_device_data       : No context for object [ffff88040d81d1e0]
[   10.264106]     utils-0051 util_eval_error       : Evaluate [\_PR_.C003._STA]: AE_NOT_FOUND
[   10.264307]      scan-1141 get_device_data       : No context for object [ffff88040d81d028]
[   10.264513] device: 'LNXCPU:03': device_add
[   10.264575] bus: 'acpi': add device LNXCPU:03
[   10.264650]     utils-0051 util_eval_error       : Evaluate [\_PR_.C003._SUN]: AE_NOT_FOUND
[   10.266687]      scan-1933 add_single_object     : Added LNXCPU:03 [\_PR_.C003] parent LNXSYSTM:00
[   10.266687]      scan-1141 get_device_data       : No context for object [ffff88040d83c668]
[   10.266687]      scan-1141 get_device_data       : No context for object [ffff88040d83c690]
[   10.266687]      scan-1141 get_device_data       : No context for object [ffff88040d83c6b8]
[   10.266687]      scan-1141 get_device_data       : No context for object [ffff88040d83c6e0]
[   10.266687]      scan-1141 get_device_data       : No context for object [ffff88040d83c708]
[   10.266687]      scan-1141 get_device_data       : No context for object [ffff88040d83c730]
[   10.266687]      scan-1141 get_device_data       : No context for object [ffff88040d81d050]
[   10.266687]     utils-0051 util_eval_error       : Evaluate [\_SB_._STA]: AE_NOT_FOUND
[   10.266726] device: 'LNXSYBUS:00': device_add
[   10.266835] bus: 'acpi': add device LNXSYBUS:00
[   10.266915]     utils-0051 util_eval_error       : Evaluate [\_SB_._SUN]: AE_NOT_FOUND
[   10.267104]      scan-1933 add_single_object     : Added LNXSYBUS:00 [\_SB_] parent LNXSYSTM:00
[   10.267310]      scan-1141 get_device_data       : No context for object [ffff88040d81d3c0]
[   10.267506]      scan-1141 get_device_data       : No context for object [ffff88040d81d3e8]
[   10.267701]      scan-1141 get_device_data       : No context for object [ffff88040d81d410]
[   10.267892]      scan-1141 get_device_data       : No context for object [ffff88040d81d438]
[   10.268087]      scan-1141 get_device_data       : No context for object [ffff88040d81d460]
[   10.268282]      scan-1141 get_device_data       : No context for object [ffff88040d81d488]
[   10.268478]      scan-1141 get_device_data       : No context for object [ffff88040d81d4b0]
[   10.268674]      scan-1141 get_device_data       : No context for object [ffff88040d81d5a0]
[   10.268872]     utils-0051 util_eval_error       : Evaluate [\_SB_.PWRB._STA]: AE_NOT_FOUND
[   10.269099] device: 'PNP0C0C:00': device_add
[   10.269161] bus: 'acpi': add device PNP0C0C:00
[   10.269234]     utils-0051 util_eval_error       : Evaluate [\_SB_.PWRB._SUN]: AE_NOT_FOUND
[   10.270046]      scan-1933 add_single_object     : Added PNP0C0C:00 [\_SB_.PWRB] parent LNXSYBUS:00
[   10.270046]      scan-1141 get_device_data       : No context for object [ffff88040d81d5c8]
[   10.270046]      scan-1141 get_device_data       : No context for object [ffff88040d81d5f0]
[   10.270046]     utils-0051 util_eval_error       : Evaluate [\_SB_.PCI0._STA]: AE_NOT_FOUND
[   10.270219] device: 'PNP0A08:00': device_add
[   10.270329] bus: 'acpi': add device PNP0A08:00
[   10.270406]     utils-0051 util_eval_error       : Evaluate [\_SB_.PCI0._SUN]: AE_NOT_FOUND
[   10.273355]      scan-1933 add_single_object     : Added PNP0A08:00 [\_SB_.PCI0] parent LNXSYBUS:00
[   10.273355]      scan-1141 get_device_data       : No context for object [ffff88040d81d618]
[   10.273355]      scan-1141 get_device_data       : No context for object [ffff88040d81d640]
[   10.273355]      scan-1141 get_device_data       : No context for object [ffff88040d81d668]
[   10.273355]      scan-1141 get_device_data       : No context for object [ffff88040d81d690]
[   10.273355]      scan-1141 get_device_data       : No context for object [ffff88040d81d6b8]
[   10.273355]      scan-1141 get_device_data       : No context for object [ffff88040d81d6e0]
[   10.273355]      scan-1141 get_device_data       : No context for object [ffff88040d81d708]
[   10.273355]      scan-1141 get_device_data       : No context for object [ffff88040d81d730]
[   10.273355]      scan-1141 get_device_data       : No context for object [ffff88040d81d758]
[   10.273533]      scan-1141 get_device_data       : No context for object [ffff88040d81d780]
[   10.273731]      scan-1141 get_device_data       : No context for object [ffff88040d81d7a8]
[   10.273907]      scan-1141 get_device_data       : No context for object [ffff88040d81d7d0]
[   10.274104]      scan-1141 get_device_data       : No context for object [ffff88040d81d7f8]
[   10.274302]      scan-1141 get_device_data       : No context for object [ffff88040d81d820]
[   10.274500]      scan-1141 get_device_data       : No context for object [ffff88040d81d848]
[   10.274698]      scan-1141 get_device_data       : No context for object [ffff88040d81d870]
[   10.274896]      scan-1141 get_device_data       : No context for object [ffff88040d81d898]
[   10.275094]      scan-1141 get_device_data       : No context for object [ffff88040d81d8c0]
[   10.275289]      scan-1141 get_device_data       : No context for object [ffff88040d81d8e8]
[   10.275487]      scan-1141 get_device_data       : No context for object [ffff88040d81d910]
[   10.275684]      scan-1141 get_device_data       : No context for object [ffff88040d81d938]
[   10.275882]      scan-1141 get_device_data       : No context for object [ffff88040d81d960]
[   10.276080]      scan-1141 get_device_data       : No context for object [ffff88040d81d988]
[   10.276279]      scan-1141 get_device_data       : No context for object [ffff88040d81d9b0]
[   10.276471]      scan-1141 get_device_data       : No context for object [ffff88040d81d9d8]
[   10.276669]      scan-1141 get_device_data       : No context for object [ffff88040d81da00]
[   10.276867]      scan-1141 get_device_data       : No context for object [ffff88040d81da28]
[   10.277044]      scan-1141 get_device_data       : No context for object [ffff88040d81da50]
[   10.277242]      scan-1141 get_device_data       : No context for object [ffff88040d81da78]
[   10.277441]      scan-1141 get_device_data       : No context for object [ffff88040d81daa0]
[   10.277634]      scan-1141 get_device_data       : No context for object [ffff88040d81dac8]
[   10.277833]      scan-1141 get_device_data       : No context for object [ffff88040d81daf0]
[   10.277984]      scan-1141 get_device_data       : No context for object [ffff88040d81db18]
[   10.278161]      scan-1141 get_device_data       : No context for object [ffff88040d81db40]
[   10.278359]      scan-1141 get_device_data       : No context for object [ffff88040d81db68]
[   10.278557]      scan-1141 get_device_data       : No context for object [ffff88040d81db90]
[   10.278755]      scan-1141 get_device_data       : No context for object [ffff88040d81dbb8]
[   10.278929]      scan-1141 get_device_data       : No context for object [ffff88040d81dbe0]
[   10.279127]      scan-1141 get_device_data       : No context for object [ffff88040d81dc08]
[   10.279325]      scan-1141 get_device_data       : No context for object [ffff88040d81dc30]
[   10.279523]      scan-1141 get_device_data       : No context for object [ffff88040d81dc58]
[   10.279721]      scan-1141 get_device_data       : No context for object [ffff88040d81dc80]
[   10.279901]      scan-1141 get_device_data       : No context for object [ffff88040d81dca8]
[   10.280002]      scan-1141 get_device_data       : No context for object [ffff88040d81dcd0]
[   10.280200]      scan-1141 get_device_data       : No context for object [ffff88040d81dcf8]
[   10.280398]      scan-1141 get_device_data       : No context for object [ffff88040d81dd20]
[   10.280595]      scan-1141 get_device_data       : No context for object [ffff88040d81dd48]
[   10.280793]      scan-1141 get_device_data       : No context for object [ffff88040d81dd70]
[   10.280991]      scan-1141 get_device_data       : No context for object [ffff88040d81dd98]
[   10.281186]      scan-1141 get_device_data       : No context for object [ffff88040d81ddc0]
[   10.281383]      scan-1141 get_device_data       : No context for object [ffff88040d81dde8]
[   10.281580]      scan-1141 get_device_data       : No context for object [ffff88040d81de10]
[   10.281778]      scan-1141 get_device_data       : No context for object [ffff88040d81de38]
[   10.281976]      scan-1141 get_device_data       : No context for object [ffff88040d81de60]
[   10.282174]      scan-1141 get_device_data       : No context for object [ffff88040d81de88]
[   10.282371]      scan-1141 get_device_data       : No context for object [ffff88040d81deb0]
[   10.282566]      scan-1141 get_device_data       : No context for object [ffff88040d81ded8]
[   10.282764]      scan-1141 get_device_data       : No context for object [ffff88040d81df00]
[   10.282946]      scan-1141 get_device_data       : No context for object [ffff88040d81df28]
[   10.283145]      scan-1141 get_device_data       : No context for object [ffff88040d81df50]
[   10.283464]      scan-1141 get_device_data       : No context for object [ffff88040d81df78]
[   10.283662]      scan-1141 get_device_data       : No context for object [ffff88040d81dfa0]
[   10.283852]      scan-1141 get_device_data       : No context for object [ffff88040d81dfc8]
[   10.284002]      scan-1141 get_device_data       : No context for object [ffff88040d822000]
[   10.284179]      scan-1141 get_device_data       : No context for object [ffff88040d822028]
[   10.284376]     utils-0051 util_eval_error       : Evaluate [\_SB_.PCI0.MEMR._STA]: AE_NOT_FOUND
[   10.284605] device: 'PNP0C02:00': device_add
[   10.284669] bus: 'acpi': add device PNP0C02:00
[   10.284745]     utils-0051 util_eval_error       : Evaluate [\_SB_.PCI0.MEMR._SUN]: AE_NOT_FOUND
[   10.286702]      scan-1933 add_single_object     : Added PNP0C02:00 [\_SB_.PCI0.MEMR] parent PNP0A08:00
[   10.286702]      scan-1141 get_device_data       : No context for object [ffff88040d822050]
[   10.286702]      scan-1141 get_device_data       : No context for object [ffff88040d822078]
[   10.286702]      scan-1141 get_device_data       : No context for object [ffff88040d8220a0]
[   10.286702]      scan-1141 get_device_data       : No context for object [ffff88040d8220c8]
[   10.286702]      scan-1141 get_device_data       : No context for object [ffff88040d8220f0]
[   10.286702]      scan-1141 get_device_data       : No context for object [ffff88040d822118]
[   10.286702]      scan-1141 get_device_data       : No context for object [ffff88040d822140]
[   10.286702]      scan-1141 get_device_data       : No context for object [ffff88040d822168]
[   10.286702]      scan-1141 get_device_data       : No context for object [ffff88040d822190]
[   10.286865]      scan-1141 get_device_data       : No context for object [ffff88040d8221b8]
[   10.287044]      scan-1141 get_device_data       : No context for object [ffff88040d8221e0]
[   10.287240]      scan-1141 get_device_data       : No context for object [ffff88040d822208]
[   10.287432]      scan-1141 get_device_data       : No context for object [ffff88040d822230]
[   10.287629]      scan-1141 get_device_data       : No context for object [ffff88040d822258]
[   10.287824]      scan-1141 get_device_data       : No context for object [ffff88040d822280]
[   10.287975]      scan-1141 get_device_data       : No context for object [ffff88040d8222a8]
[   10.288155]     utils-0051 util_eval_error       : Evaluate [\_SB_.PCI0.PB2_._STA]: AE_NOT_FOUND
[   10.288460] device: 'device:00': device_add
[   10.288521] bus: 'acpi': add device device:00
[   10.288588]     utils-0051 util_eval_error       : Evaluate [\_SB_.PCI0.PB2_._SUN]: AE_NOT_FOUND
[   10.290005]      scan-1933 add_single_object     : Added device:00 [\_SB_.PCI0.PB2_] parent PNP0A08:00
[   10.290005]      scan-1141 get_device_data       : No context for object [ffff88040d8222d0]
[   10.290005]      scan-1141 get_device_data       : No context for object [ffff88040d8222f8]
[   10.290005]      scan-1141 get_device_data       : No context for object [ffff88040d822320]
[   10.293337]      scan-1141 get_device_data       : No context for object [ffff88040d822348]
[   10.293535]      scan-1141 get_device_data       : No context for object [ffff88040d822370]
[   10.293712]      scan-1141 get_device_data       : No context for object [ffff88040d822398]
[   10.293905]      scan-1141 get_device_data       : No context for object [ffff88040d8223c0]
[   10.294103]      scan-1141 get_device_data       : No context for object [ffff88040d8223e8]
[   10.294301]      scan-1141 get_device_data       : No context for object [ffff88040d822410]
[   10.294499]      scan-1141 get_device_data       : No context for object [ffff88040d822438]
[   10.294677]      scan-1141 get_device_data       : No context for object [ffff88040d822460]
[   10.294874]      scan-1141 get_device_data       : No context for object [ffff88040d822488]
[   10.295070]      scan-1141 get_device_data       : No context for object [ffff88040d8224b0]
[   10.295267]      scan-1141 get_device_data       : No context for object [ffff88040d8224d8]
[   10.295465]      scan-1141 get_device_data       : No context for object [ffff88040d822500]
[   10.295649]      scan-1141 get_device_data       : No context for object [ffff88040d822528]
[   10.295848]      scan-1141 get_device_data       : No context for object [ffff88040d822550]
[   10.296045]      scan-1141 get_device_data       : No context for object [ffff88040d822578]
[   10.296045]      scan-1141 get_device_data       : No context for object [ffff88040d8225a0]
[   10.296045]      scan-1141 get_device_data       : No context for object [ffff88040d8225c8]
[   10.296045]      scan-1141 get_device_data       : No context for object [ffff88040d8225f0]
[   10.296045]      scan-1141 get_device_data       : No context for object [ffff88040d822618]
[   10.296045]      scan-1141 get_device_data       : No context for object [ffff88040d822640]
[   10.296045]      scan-1141 get_device_data       : No context for object [ffff88040d822668]
[   10.296045]      scan-1141 get_device_data       : No context for object [ffff88040d822690]
[   10.296045]      scan-1141 get_device_data       : No context for object [ffff88040d8226b8]
[   10.296045]      scan-1141 get_device_data       : No context for object [ffff88040d8226e0]
[   10.296045]      scan-1141 get_device_data       : No context for object [ffff88040d822708]
[   10.296045]      scan-1141 get_device_data       : No context for object [ffff88040d822730]
[   10.296045]      scan-1141 get_device_data       : No context for object [ffff88040d822758]
[   10.296045]      scan-1141 get_device_data       : No context for object [ffff88040d822780]
[   10.296045]     utils-0051 util_eval_error       : Evaluate [\_SB_.PCI0.PB2_.VGA_._STA]: AE_NOT_FOUND
[   10.296282] device: 'device:01': device_add
[   10.296391] bus: 'acpi': add device device:01
[   10.296468]     utils-0051 util_eval_error       : Evaluate [\_SB_.PCI0.PB2_.VGA_._SUN]: AE_NOT_FOUND
[   10.296679]      scan-1933 add_single_object     : Added device:01 [\_SB_.PCI0.PB2_.VGA_] parent device:00
[   10.296882]      scan-1141 get_device_data       : No context for object [ffff88040d8227a8]
[   10.297080]      scan-1141 get_device_data       : No context for object [ffff88040d8227d0]
[   10.297275]      scan-1141 get_device_data       : No context for object [ffff88040d8227f8]
[   10.297472]      scan-1141 get_device_data       : No context for object [ffff88040d822820]
[   10.297670]      scan-1141 get_device_data       : No context for object [ffff88040d822848]
[   10.297867]      scan-1141 get_device_data       : No context for object [ffff88040d822870]
[   10.298044]      scan-1141 get_device_data       : No context for object [ffff88040d822898]
[   10.298242]      scan-1141 get_device_data       : No context for object [ffff88040d8228c0]
[   10.298437]      scan-1141 get_device_data       : No context for object [ffff88040d8228e8]
[   10.298634]      scan-1141 get_device_data       : No context for object [ffff88040d822910]
[   10.298831]      scan-1141 get_device_data       : No context for object [ffff88040d822938]
[   10.298983]      scan-1141 get_device_data       : No context for object [ffff88040d822960]
[   10.299160]      scan-1141 get_device_data       : No context for object [ffff88040d822988]
[   10.299357]      scan-1141 get_device_data       : No context for object [ffff88040d8229b0]
[   10.299554]      scan-1141 get_device_data       : No context for object [ffff88040d8229d8]
[   10.299748]      scan-1141 get_device_data       : No context for object [ffff88040d822a00]
[   10.299925]      scan-1141 get_device_data       : No context for object [ffff88040d822a28]
[   10.300132]      scan-1141 get_device_data       : No context for object [ffff88040d822a50]
[   10.300330]      scan-1141 get_device_data       : No context for object [ffff88040d822a78]
[   10.300525]      scan-1141 get_device_data       : No context for object [ffff88040d822aa0]
[   10.300721]      scan-1141 get_device_data       : No context for object [ffff88040d822ac8]
[   10.300908]      scan-1141 get_device_data       : No context for object [ffff88040d822af0]
[   10.301102]      scan-1141 get_device_data       : No context for object [ffff88040d822b18]
[   10.301297]      scan-1141 get_device_data       : No context for object [ffff88040d822b40]
[   10.301492]      scan-1141 get_device_data       : No context for object [ffff88040d822b68]
[   10.301687]      scan-1141 get_device_data       : No context for object [ffff88040d822b90]
[   10.301881]      scan-1141 get_device_data       : No context for object [ffff88040d822bb8]
[   10.302074]      scan-1141 get_device_data       : No context for object [ffff88040d822be0]
[   10.302266]      scan-1141 get_device_data       : No context for object [ffff88040d822c08]
[   10.302460]      scan-1141 get_device_data       : No context for object [ffff88040d822c30]
[   10.302656]      scan-1141 get_device_data       : No context for object [ffff88040d822c58]
[   10.302851]      scan-1141 get_device_data       : No context for object [ffff88040d822c80]
[   10.303001]      scan-1141 get_device_data       : No context for object [ffff88040d822ca8]
[   10.303178]      scan-1141 get_device_data       : No context for object [ffff88040d822cd0]
[   10.303335]      scan-1141 get_device_data       : No context for object [ffff88040d822cf8]
[   10.303529]      scan-1141 get_device_data       : No context for object [ffff88040d822d20]
[   10.303724]      scan-1141 get_device_data       : No context for object [ffff88040d822d48]
[   10.303903]      scan-1141 get_device_data       : No context for object [ffff88040d822d70]
[   10.304098]      scan-1141 get_device_data       : No context for object [ffff88040d822d98]
[   10.304295]      scan-1141 get_device_data       : No context for object [ffff88040d837438]
[   10.304490]      scan-1141 get_device_data       : No context for object [ffff88040d822dc0]
[   10.304686]     utils-0051 util_eval_error       : Evaluate [\_SB_.PCI0.PB2_.HDAU._STA]: AE_NOT_FOUND
[   10.304908] device: 'device:02': device_add
[   10.304970] bus: 'acpi': add device device:02
[   10.305044]     utils-0051 util_eval_error       : Evaluate [\_SB_.PCI0.PB2_.HDAU._SUN]: AE_NOT_FOUND
[   10.306704]      scan-1933 add_single_object     : Added device:02 [\_SB_.PCI0.PB2_.HDAU] parent device:00
[   10.306704]      scan-1141 get_device_data       : No context for object [ffff88040d822de8]
[   10.306704]      scan-1141 get_device_data       : No context for object [ffff88040d822e10]
[   10.306704]      scan-1141 get_device_data       : No context for object [ffff88040d822e38]
[   10.306704]      scan-1141 get_device_data       : No context for object [ffff88040d822e60]
[   10.306704]      scan-1141 get_device_data       : No context for object [ffff88040d822e88]
[   10.306704]      scan-1141 get_device_data       : No context for object [ffff88040d822eb0]
[   10.306704]      scan-1141 get_device_data       : No context for object [ffff88040d822ed8]
[   10.306871]     utils-0051 util_eval_error       : Evaluate [\_SB_.PCI0.PB3_._STA]: AE_NOT_FOUND
[   10.307085] device: 'device:03': device_add
[   10.307148] bus: 'acpi': add device device:03
[   10.307223]     utils-0051 util_eval_error       : Evaluate [\_SB_.PCI0.PB3_._SUN]: AE_NOT_FOUND
[   10.310005]      scan-1933 add_single_object     : Added device:03 [\_SB_.PCI0.PB3_] parent PNP0A08:00
[   10.310005]      scan-1141 get_device_data       : No context for object [ffff88040d822f00]
[   10.310005]      scan-1141 get_device_data       : No context for object [ffff88040d822f28]
[   10.310005]      scan-1141 get_device_data       : No context for object [ffff88040d822f50]
[   10.310005]      scan-1141 get_device_data       : No context for object [ffff88040d822f78]
[   10.310005]      scan-1141 get_device_data       : No context for object [ffff88040d822fa0]
[   10.310005]      scan-1141 get_device_data       : No context for object [ffff88040d822fc8]
[   10.310005]      scan-1141 get_device_data       : No context for object [ffff88040d823000]
[   10.310005]      scan-1141 get_device_data       : No context for object [ffff88040d823028]
[   10.310165]      scan-1141 get_device_data       : No context for object [ffff88040d823050]
[   10.310362]      scan-1141 get_device_data       : No context for object [ffff88040d823078]
[   10.310561]      scan-1141 get_device_data       : No context for object [ffff88040d8230a0]
[   10.310754]      scan-1141 get_device_data       : No context for object [ffff88040d8230c8]
[   10.310932]      scan-1141 get_device_data       : No context for object [ffff88040d8230f0]
[   10.311130]      scan-1141 get_device_data       : No context for object [ffff88040d823118]
[   10.311328]      scan-1141 get_device_data       : No context for object [ffff88040d823140]
[   10.311526]      scan-1141 get_device_data       : No context for object [ffff88040d823168]
[   10.311724]      scan-1141 get_device_data       : No context for object [ffff88040d823190]
[   10.311901]      scan-1141 get_device_data       : No context for object [ffff88040d8231b8]
[   10.312097]      scan-1141 get_device_data       : No context for object [ffff88040d8231e0]
[   10.312295]      scan-1141 get_device_data       : No context for object [ffff88040d823208]
[   10.312493]      scan-1141 get_device_data       : No context for object [ffff88040d823230]
[   10.312691]      scan-1141 get_device_data       : No context for object [ffff88040d823258]
[   10.312889]      scan-1141 get_device_data       : No context for object [ffff88040d823280]
[   10.313085]      scan-1141 get_device_data       : No context for object [ffff88040d8232a8]
[   10.313279]      scan-1141 get_device_data       : No context for object [ffff88040d8232d0]
[   10.313498]      scan-1141 get_device_data       : No context for object [ffff88040d8232f8]
[   10.313696]      scan-1141 get_device_data       : No context for object [ffff88040d823320]
[   10.313894]      scan-1141 get_device_data       : No context for object [ffff88040d823348]
[   10.314091]      scan-1141 get_device_data       : No context for object [ffff88040d823370]
[   10.314288]      scan-1141 get_device_data       : No context for object [ffff88040d823398]
[   10.314481]      scan-1141 get_device_data       : No context for object [ffff88040d8233c0]
[   10.314681]     utils-0051 util_eval_error       : Evaluate [\_SB_.PCI0.PB3_.VGA_._STA]: AE_NOT_FOUND
[   10.314913]     video-0058 backlight_cap_match   : Found generic backlight support
[   10.315105] device: 'LNXVIDEO:00': device_add
[   10.315168] bus: 'acpi': add device LNXVIDEO:00
[   10.315247]     utils-0051 util_eval_error       : Evaluate [\_SB_.PCI0.PB3_.VGA_._SUN]: AE_NOT_FOUND
[   10.316672]      scan-1933 add_single_object     : Added LNXVIDEO:00 [\_SB_.PCI0.PB3_.VGA_] parent device:03
[   10.316672]      scan-1141 get_device_data       : No context for object [ffff88040d8233e8]
[   10.316672]      scan-1141 get_device_data       : No context for object [ffff88040d823410]
[   10.316672]      scan-1141 get_device_data       : No context for object [ffff88040d823438]
[   10.316672]      scan-1141 get_device_data       : No context for object [ffff88040d823460]
[   10.316672]      scan-1141 get_device_data       : No context for object [ffff88040d823488]
[   10.316672]      scan-1141 get_device_data       : No context for object [ffff88040d8234b0]
[   10.316672]      scan-1141 get_device_data       : No context for object [ffff88040d8234d8]
[   10.316842]      scan-1141 get_device_data       : No context for object [ffff88040d823500]
[   10.317039]      scan-1141 get_device_data       : No context for object [ffff88040d823528]
[   10.317234]      scan-1141 get_device_data       : No context for object [ffff88040d823550]
[   10.317429]      scan-1141 get_device_data       : No context for object [ffff88040d823578]
[   10.317623]      scan-1141 get_device_data       : No context for object [ffff88040d8235a0]
[   10.317805]      scan-1141 get_device_data       : No context for object [ffff88040d8235c8]
[   10.317998]      scan-1141 get_device_data       : No context for object [ffff88040d8235f0]
[   10.318194]      scan-1141 get_device_data       : No context for object [ffff88040d823618]
[   10.318390]      scan-1141 get_device_data       : No context for object [ffff88040d823640]
[   10.318584]      scan-1141 get_device_data       : No context for object [ffff88040d823668]
[   10.318780]      scan-1141 get_device_data       : No context for object [ffff88040d823690]
[   10.318975]      scan-1141 get_device_data       : No context for object [ffff88040d8236b8]
[   10.319167]      scan-1141 get_device_data       : No context for object [ffff88040d8236e0]
[   10.319361]      scan-1141 get_device_data       : No context for object [ffff88040d823708]
[   10.319556]      scan-1141 get_device_data       : No context for object [ffff88040d823730]
[   10.319752]      scan-1141 get_device_data       : No context for object [ffff88040d823758]
[   10.320002]      scan-1141 get_device_data       : No context for object [ffff88040d823780]
[   10.320180]      scan-1141 get_device_data       : No context for object [ffff88040d8237a8]
[   10.320376]      scan-1141 get_device_data       : No context for object [ffff88040d8237d0]
[   10.320568]      scan-1141 get_device_data       : No context for object [ffff88040d8237f8]
[   10.320763]      scan-1141 get_device_data       : No context for object [ffff88040d823820]
[   10.320940]      scan-1141 get_device_data       : No context for object [ffff88040d823848]
[   10.321134]      scan-1141 get_device_data       : No context for object [ffff88040d823870]
[   10.321330]      scan-1141 get_device_data       : No context for object [ffff88040d823898]
[   10.321528]      scan-1141 get_device_data       : No context for object [ffff88040d8238c0]
[   10.321723]      scan-1141 get_device_data       : No context for object [ffff88040d8238e8]
[   10.321905]      scan-1141 get_device_data       : No context for object [ffff88040d823910]
[   10.322103]      scan-1141 get_device_data       : No context for object [ffff88040d823938]
[   10.322301]      scan-1141 get_device_data       : No context for object [ffff88040d823960]
[   10.322499]      scan-1141 get_device_data       : No context for object [ffff88040d823988]
[   10.322696]      scan-1141 get_device_data       : No context for object [ffff88040d8239b0]
[   10.322894]      scan-1141 get_device_data       : No context for object [ffff88040d8239d8]
[   10.323089]      scan-1141 get_device_data       : No context for object [ffff88040d837460]
[   10.323286]      scan-1141 get_device_data       : No context for object [ffff88040d83ac08]
[   10.323498]      scan-1141 get_device_data       : No context for object [ffff88040d83ac30]
[   10.323696]      scan-1141 get_device_data       : No context for object [ffff88040d83ac58]
[   10.323895]     utils-0051 util_eval_error       : Evaluate [\_SB_.PCI0.PB3_.VGA_.CRT_._STA]: AE_NOT_FOUND
[   10.324121] device: 'device:04': device_add
[   10.324181] bus: 'acpi': add device device:04
[   10.324248]     utils-0051 util_eval_error       : Evaluate [\_SB_.PCI0.PB3_.VGA_.CRT_._SUN]: AE_NOT_FOUND
[   10.326701]      scan-1933 add_single_object     : Added device:04 [\_SB_.PCI0.PB3_.VGA_.CRT_] parent LNXVIDEO:00
[   10.326701]      scan-1141 get_device_data       : No context for object [ffff88040d83ac80]
[   10.326701]      scan-1141 get_device_data       : No context for object [ffff88040d83aca8]
[   10.326701]      scan-1141 get_device_data       : No context for object [ffff88040d83acd0]
[   10.326701]      scan-1141 get_device_data       : No context for object [ffff88040d83acf8]
[   10.326701]      scan-1141 get_device_data       : No context for object [ffff88040d83ad20]
[   10.326701]     utils-0051 util_eval_error       : Evaluate [\_SB_.PCI0.PB3_.VGA_.LCD_._STA]: AE_NOT_FOUND
[   10.326701] device: 'device:05': device_add
[   10.326701] bus: 'acpi': add device device:05
[   10.326701]     utils-0051 util_eval_error       : Evaluate [\_SB_.PCI0.PB3_.VGA_.LCD_._SUN]: AE_NOT_FOUND
[   10.326722]      scan-1933 add_single_object     : Added device:05 [\_SB_.PCI0.PB3_.VGA_.LCD_] parent LNXVIDEO:00
[   10.330006]      scan-1141 get_device_data       : No context for object [ffff88040d83ad48]
[   10.330205]      scan-1141 get_device_data       : No context for object [ffff88040d83ad70]
[   10.330402]      scan-1141 get_device_data       : No context for object [ffff88040d83ad98]
[   10.330550]      scan-1141 get_device_data       : No context for object [ffff88040d83adc0]
[   10.330727]      scan-1141 get_device_data       : No context for object [ffff88040d83ade8]
[   10.330924]      scan-1141 get_device_data       : No context for object [ffff88040d83ae10]
[   10.331122]      scan-1141 get_device_data       : No context for object [ffff88040d83ae38]
[   10.331321]      scan-1141 get_device_data       : No context for object [ffff88040d83ae60]
[   10.331499]     utils-0051 util_eval_error       : Evaluate [\_SB_.PCI0.PB3_.VGA_.TV0_._STA]: AE_NOT_FOUND
[   10.331717] device: 'device:06': device_add
[   10.331781] bus: 'acpi': add device device:06
[   10.331857]     utils-0051 util_eval_error       : Evaluate [\_SB_.PCI0.PB3_.VGA_.TV0_._SUN]: AE_NOT_FOUND
[   10.332066]      scan-1933 add_single_object     : Added device:06 [\_SB_.PCI0.PB3_.VGA_.TV0_] parent LNXVIDEO:00
[   10.332270]      scan-1141 get_device_data       : No context for object [ffff88040d83ae88]
[   10.332468]      scan-1141 get_device_data       : No context for object [ffff88040d83aeb0]
[   10.332468]      scan-1141 get_device_data       : No context for object [ffff88040d83aed8]
[   10.332468]      scan-1141 get_device_data       : No context for object [ffff88040d83af00]
[   10.332468]      scan-1141 get_device_data       : No context for object [ffff88040d83af28]
[   10.332468]     utils-0051 util_eval_error       : Evaluate [\_SB_.PCI0.PB3_.VGA_.HDMI._STA]: AE_NOT_FOUND
[   10.332468] device: 'device:07': device_add
[   10.332468] bus: 'acpi': add device device:07
[   10.332468]     utils-0051 util_eval_error       : Evaluate [\_SB_.PCI0.PB3_.VGA_.HDMI._SUN]: AE_NOT_FOUND
[   10.333368]      scan-1933 add_single_object     : Added device:07 [\_SB_.PCI0.PB3_.VGA_.HDMI] parent LNXVIDEO:00
[   10.333368]      scan-1141 get_device_data       : No context for object [ffff88040d83af50]
[   10.333368]      scan-1141 get_device_data       : No context for object [ffff88040d83af78]
[   10.333368]      scan-1141 get_device_data       : No context for object [ffff88040d83afa0]
[   10.333368]      scan-1141 get_device_data       : No context for object [ffff88040d83afc8]
[   10.333368]      scan-1141 get_device_data       : No context for object [ffff88040d823a00]
[   10.333368]     utils-0051 util_eval_error       : Evaluate [\_SB_.PCI0.PB3_.HDAU._STA]: AE_NOT_FOUND
[   10.333368] device: 'device:08': device_add
[   10.333368] bus: 'acpi': add device device:08
[   10.333368]     utils-0051 util_eval_error       : Evaluate [\_SB_.PCI0.PB3_.HDAU._SUN]: AE_NOT_FOUND
[   10.333388]      scan-1933 add_single_object     : Added device:08 [\_SB_.PCI0.PB3_.HDAU] parent device:03
[   10.333388]      scan-1141 get_device_data       : No context for object [ffff88040d823a28]
[   10.333388]      scan-1141 get_device_data       : No context for object [ffff88040d823a50]
[   10.333534]      scan-1141 get_device_data       : No context for object [ffff88040d823a78]
[   10.333731]      scan-1141 get_device_data       : No context for object [ffff88040d823aa0]
[   10.333908]      scan-1141 get_device_data       : No context for object [ffff88040d823ac8]
[   10.334100]      scan-1141 get_device_data       : No context for object [ffff88040d823af0]
[   10.334294]      scan-1141 get_device_data       : No context for object [ffff88040d823b18]
[   10.334492]     utils-0051 util_eval_error       : Evaluate [\_SB_.PCI0.PB4_._STA]: AE_NOT_FOUND
[   10.334787] device: 'device:09': device_add
[   10.334848] bus: 'acpi': add device device:09
[   10.334925]     utils-0051 util_eval_error       : Evaluate [\_SB_.PCI0.PB4_._SUN]: AE_NOT_FOUND
[   10.336671]      scan-1933 add_single_object     : Added device:09 [\_SB_.PCI0.PB4_] parent PNP0A08:00
[   10.336671]      scan-1141 get_device_data       : No context for object [ffff88040d823b40]
[   10.336671]      scan-1141 get_device_data       : No context for object [ffff88040d823b68]
[   10.336671]      scan-1141 get_device_data       : No context for object [ffff88040d823b90]
[   10.336671]      scan-1141 get_device_data       : No context for object [ffff88040d823bb8]
[   10.336671]      scan-1141 get_device_data       : No context for object [ffff88040d823be0]
[   10.336671]      scan-1141 get_device_data       : No context for object [ffff88040d823c08]
[   10.336671]      scan-1141 get_device_data       : No context for object [ffff88040d823c30]
[   10.336671]      scan-1141 get_device_data       : No context for object [ffff88040d823c58]
[   10.336865]      scan-1141 get_device_data       : No context for object [ffff88040d823c80]
[   10.337059]      scan-1141 get_device_data       : No context for object [ffff88040d823ca8]
[   10.337254]      scan-1141 get_device_data       : No context for object [ffff88040d823cd0]
[   10.337450]      scan-1141 get_device_data       : No context for object [ffff88040d823cf8]
[   10.337643]      scan-1141 get_device_data       : No context for object [ffff88040d823d20]
[   10.337838]      scan-1141 get_device_data       : No context for object [ffff88040d823d48]
[   10.338036]      scan-1141 get_device_data       : No context for object [ffff88040d823d70]
[   10.338234]      scan-1141 get_device_data       : No context for object [ffff88040d823d98]
[   10.338431]      scan-1141 get_device_data       : No context for object [ffff88040d823dc0]
[   10.338629]      scan-1141 get_device_data       : No context for object [ffff88040d823de8]
[   10.338825]      scan-1141 get_device_data       : No context for object [ffff88040d823e10]
[   10.339007]      scan-1141 get_device_data       : No context for object [ffff88040d823e38]
[   10.339205]      scan-1141 get_device_data       : No context for object [ffff88040d823e60]
[   10.339403]      scan-1141 get_device_data       : No context for object [ffff88040d823e88]
[   10.339601]      scan-1141 get_device_data       : No context for object [ffff88040d823eb0]
[   10.339799]      scan-1141 get_device_data       : No context for object [ffff88040d823ed8]
[   10.340001]      scan-1141 get_device_data       : No context for object [ffff88040d823f00]
[   10.340174]      scan-1141 get_device_data       : No context for object [ffff88040d823f28]
[   10.340373]      scan-1141 get_device_data       : No context for object [ffff88040d823f50]
[   10.340570]      scan-1141 get_device_data       : No context for object [ffff88040d823f78]
[   10.340768]      scan-1141 get_device_data       : No context for object [ffff88040d823fa0]
[   10.340945]      scan-1141 get_device_data       : No context for object [ffff88040d823fc8]
[   10.341143]      scan-1141 get_device_data       : No context for object [ffff88040d825000]
[   10.341341]     utils-0051 util_eval_error       : Evaluate [\_SB_.PCI0.PB4_.XPDV._STA]: AE_NOT_FOUND
[   10.341574] device: 'device:0a': device_add
[   10.341637] bus: 'acpi': add device device:0a
[   10.341712]     utils-0051 util_eval_error       : Evaluate [\_SB_.PCI0.PB4_.XPDV._SUN]: AE_NOT_FOUND
[   10.343338]      scan-1933 add_single_object     : Added device:0a [\_SB_.PCI0.PB4_.XPDV] parent device:09
[   10.343338]      scan-1141 get_device_data       : No context for object [ffff88040d825028]
[   10.343338]      scan-1141 get_device_data       : No context for object [ffff88040d825050]
[   10.343338]      scan-1141 get_device_data       : No context for object [ffff88040d825078]
[   10.343338]      scan-1141 get_device_data       : No context for object [ffff88040d8250a0]
[   10.343338]      scan-1141 get_device_data       : No context for object [ffff88040d8250c8]
[   10.343338]      scan-1141 get_device_data       : No context for object [ffff88040d837500]
[   10.343338]      scan-1141 get_device_data       : No context for object [ffff88040d8250f0]
[   10.343498]      scan-1141 get_device_data       : No context for object [ffff88040d825118]
[   10.343696]     utils-0051 util_eval_error       : Evaluate [\_SB_.PCI0.PB5_._STA]: AE_NOT_FOUND
[   10.343975] device: 'device:0b': device_add
[   10.344038] bus: 'acpi': add device device:0b
[   10.344112]     utils-0051 util_eval_error       : Evaluate [\_SB_.PCI0.PB5_._SUN]: AE_NOT_FOUND
[   10.346698]      scan-1933 add_single_object     : Added device:0b [\_SB_.PCI0.PB5_] parent PNP0A08:00
[   10.346698]      scan-1141 get_device_data       : No context for object [ffff88040d825140]
[   10.346698]      scan-1141 get_device_data       : No context for object [ffff88040d825168]
[   10.346698]      scan-1141 get_device_data       : No context for object [ffff88040d825190]
[   10.346698]      scan-1141 get_device_data       : No context for object [ffff88040d8251b8]
[   10.346698]      scan-1141 get_device_data       : No context for object [ffff88040d8251e0]
[   10.346698]      scan-1141 get_device_data       : No context for object [ffff88040d825208]
[   10.346698]      scan-1141 get_device_data       : No context for object [ffff88040d825230]
[   10.346867]      scan-1141 get_device_data       : No context for object [ffff88040d825258]
[   10.347065]      scan-1141 get_device_data       : No context for object [ffff88040d825280]
[   10.347264]      scan-1141 get_device_data       : No context for object [ffff88040d8252a8]
[   10.347461]      scan-1141 get_device_data       : No context for object [ffff88040d8252d0]
[   10.347658]      scan-1141 get_device_data       : No context for object [ffff88040d8252f8]
[   10.347857]      scan-1141 get_device_data       : No context for object [ffff88040d825320]
[   10.348055]      scan-1141 get_device_data       : No context for object [ffff88040d825348]
[   10.348252]      scan-1141 get_device_data       : No context for object [ffff88040d825370]
[   10.348450]      scan-1141 get_device_data       : No context for object [ffff88040d825398]
[   10.348647]      scan-1141 get_device_data       : No context for object [ffff88040d8253c0]
[   10.348841]      scan-1141 get_device_data       : No context for object [ffff88040d8253e8]
[   10.349022]      scan-1141 get_device_data       : No context for object [ffff88040d825410]
[   10.349219]      scan-1141 get_device_data       : No context for object [ffff88040d825438]
[   10.349417]      scan-1141 get_device_data       : No context for object [ffff88040d825460]
[   10.349615]      scan-1141 get_device_data       : No context for object [ffff88040d825488]
[   10.349811]      scan-1141 get_device_data       : No context for object [ffff88040d8254b0]
[   10.350001]      scan-1141 get_device_data       : No context for object [ffff88040d8254d8]
[   10.350180]      scan-1141 get_device_data       : No context for object [ffff88040d825500]
[   10.350379]      scan-1141 get_device_data       : No context for object [ffff88040d825528]
[   10.350575]      scan-1141 get_device_data       : No context for object [ffff88040d825550]
[   10.350770]      scan-1141 get_device_data       : No context for object [ffff88040d825578]
[   10.350947]      scan-1141 get_device_data       : No context for object [ffff88040d8255a0]
[   10.351142]      scan-1141 get_device_data       : No context for object [ffff88040d8255c8]
[   10.351334]      scan-1141 get_device_data       : No context for object [ffff88040d8255f0]
[   10.351530]     utils-0051 util_eval_error       : Evaluate [\_SB_.PCI0.PB5_.XPDV._STA]: AE_NOT_FOUND
[   10.351762] device: 'device:0c': device_add
[   10.351827] bus: 'acpi': add device device:0c
[   10.351900]     utils-0051 util_eval_error       : Evaluate [\_SB_.PCI0.PB5_.XPDV._SUN]: AE_NOT_FOUND
[   10.353368]      scan-1933 add_single_object     : Added device:0c [\_SB_.PCI0.PB5_.XPDV] parent device:0b
[   10.353368]      scan-1141 get_device_data       : No context for object [ffff88040d825618]
[   10.353368]      scan-1141 get_device_data       : No context for object [ffff88040d825640]
[   10.353368]      scan-1141 get_device_data       : No context for object [ffff88040d825668]
[   10.353368]      scan-1141 get_device_data       : No context for object [ffff88040d825690]
[   10.353368]      scan-1141 get_device_data       : No context for object [ffff88040d8256b8]
[   10.353368]      scan-1141 get_device_data       : No context for object [ffff88040d837528]
[   10.353368]      scan-1141 get_device_data       : No context for object [ffff88040d8256e0]
[   10.353531]      scan-1141 get_device_data       : No context for object [ffff88040d825708]
[   10.353726]     utils-0051 util_eval_error       : Evaluate [\_SB_.PCI0.PB6_._STA]: AE_NOT_FOUND
[   10.354004] device: 'device:0d': device_add
[   10.354066] bus: 'acpi': add device device:0d
[   10.354139]     utils-0051 util_eval_error       : Evaluate [\_SB_.PCI0.PB6_._SUN]: AE_NOT_FOUND
[   10.356672]      scan-1933 add_single_object     : Added device:0d [\_SB_.PCI0.PB6_] parent PNP0A08:00
[   10.356672]      scan-1141 get_device_data       : No context for object [ffff88040d825730]
[   10.356672]      scan-1141 get_device_data       : No context for object [ffff88040d825758]
[   10.356672]      scan-1141 get_device_data       : No context for object [ffff88040d825780]
[   10.356672]      scan-1141 get_device_data       : No context for object [ffff88040d8257a8]
[   10.356672]      scan-1141 get_device_data       : No context for object [ffff88040d8257d0]
[   10.356672]      scan-1141 get_device_data       : No context for object [ffff88040d8257f8]
[   10.356672]      scan-1141 get_device_data       : No context for object [ffff88040d825820]
[   10.356672]      scan-1141 get_device_data       : No context for object [ffff88040d825848]
[   10.356672]      scan-1141 get_device_data       : No context for object [ffff88040d825870]
[   10.356672]      scan-1141 get_device_data       : No context for object [ffff88040d825898]
[   10.356672]      scan-1141 get_device_data       : No context for object [ffff88040d8258c0]
[   10.356672]      scan-1141 get_device_data       : No context for object [ffff88040d8258e8]
[   10.356861]      scan-1141 get_device_data       : No context for object [ffff88040d825910]
[   10.357058]      scan-1141 get_device_data       : No context for object [ffff88040d825938]
[   10.357256]      scan-1141 get_device_data       : No context for object [ffff88040d825960]
[   10.357453]      scan-1141 get_device_data       : No context for object [ffff88040d825988]
[   10.357652]      scan-1141 get_device_data       : No context for object [ffff88040d8259b0]
[   10.357850]      scan-1141 get_device_data       : No context for object [ffff88040d8259d8]
[   10.358048]      scan-1141 get_device_data       : No context for object [ffff88040d825a00]
[   10.358246]      scan-1141 get_device_data       : No context for object [ffff88040d825a28]
[   10.358445]      scan-1141 get_device_data       : No context for object [ffff88040d825a50]
[   10.358639]      scan-1141 get_device_data       : No context for object [ffff88040d825a78]
[   10.358837]      scan-1141 get_device_data       : No context for object [ffff88040d825aa0]
[   10.359034]      scan-1141 get_device_data       : No context for object [ffff88040d825ac8]
[   10.359232]      scan-1141 get_device_data       : No context for object [ffff88040d825af0]
[   10.359430]      scan-1141 get_device_data       : No context for object [ffff88040d825b18]
[   10.359627]      scan-1141 get_device_data       : No context for object [ffff88040d825b40]
[   10.359820]      scan-1141 get_device_data       : No context for object [ffff88040d825b68]
[   10.360002]      scan-1141 get_device_data       : No context for object [ffff88040d825b90]
[   10.360200]      scan-1141 get_device_data       : No context for object [ffff88040d825bb8]
[   10.360398]      scan-1141 get_device_data       : No context for object [ffff88040d825be0]
[   10.360598]     utils-0051 util_eval_error       : Evaluate [\_SB_.PCI0.PB6_.XPDV._STA]: AE_NOT_FOUND
[   10.360819] device: 'device:0e': device_add
[   10.360878] bus: 'acpi': add device device:0e
[   10.360946]     utils-0051 util_eval_error       : Evaluate [\_SB_.PCI0.PB6_.XPDV._SUN]: AE_NOT_FOUND
[   10.363338]      scan-1933 add_single_object     : Added device:0e [\_SB_.PCI0.PB6_.XPDV] parent device:0d
[   10.363338]      scan-1141 get_device_data       : No context for object [ffff88040d825c08]
[   10.363338]      scan-1141 get_device_data       : No context for object [ffff88040d825c30]
[   10.363338]      scan-1141 get_device_data       : No context for object [ffff88040d825c58]
[   10.363338]      scan-1141 get_device_data       : No context for object [ffff88040d825c80]
[   10.363338]      scan-1141 get_device_data       : No context for object [ffff88040d825ca8]
[   10.363338]      scan-1141 get_device_data       : No context for object [ffff88040d837550]
[   10.363338]      scan-1141 get_device_data       : No context for object [ffff88040d825cd0]
[   10.363338]      scan-1141 get_device_data       : No context for object [ffff88040d825cf8]
[   10.363338]     utils-0051 util_eval_error       : Evaluate [\_SB_.PCI0.PB7_._STA]: AE_NOT_FOUND
[   10.363338] device: 'device:0f': device_add
[   10.363338] bus: 'acpi': add device device:0f
[   10.366684]     utils-0051 util_eval_error       : Evaluate [\_SB_.PCI0.PB7_._SUN]: AE_NOT_FOUND
[   10.366888]      scan-1933 add_single_object     : Added device:0f [\_SB_.PCI0.PB7_] parent PNP0A08:00
[   10.367088]      scan-1141 get_device_data       : No context for object [ffff88040d825d20]
[   10.367240]      scan-1141 get_device_data       : No context for object [ffff88040d825d48]
[   10.367418]      scan-1141 get_device_data       : No context for object [ffff88040d825d70]
[   10.367615]      scan-1141 get_device_data       : No context for object [ffff88040d825d98]
[   10.367813]      scan-1141 get_device_data       : No context for object [ffff88040d825dc0]
[   10.368011]      scan-1141 get_device_data       : No context for object [ffff88040d825de8]
[   10.368184]      scan-1141 get_device_data       : No context for object [ffff88040d825e10]
[   10.368383]      scan-1141 get_device_data       : No context for object [ffff88040d825e38]
[   10.368580]      scan-1141 get_device_data       : No context for object [ffff88040d825e60]
[   10.368778]      scan-1141 get_device_data       : No context for object [ffff88040d825e88]
[   10.368778]      scan-1141 get_device_data       : No context for object [ffff88040d825eb0]
[   10.368778]      scan-1141 get_device_data       : No context for object [ffff88040d825ed8]
[   10.368778]      scan-1141 get_device_data       : No context for object [ffff88040d825f00]
[   10.368778]      scan-1141 get_device_data       : No context for object [ffff88040d825f28]
[   10.368778]      scan-1141 get_device_data       : No context for object [ffff88040d825f50]
[   10.368778]      scan-1141 get_device_data       : No context for object [ffff88040d825f78]
[   10.368778]      scan-1141 get_device_data       : No context for object [ffff88040d825fa0]
[   10.368778]      scan-1141 get_device_data       : No context for object [ffff88040d825fc8]
[   10.368778]      scan-1141 get_device_data       : No context for object [ffff88040d827000]
[   10.368778]      scan-1141 get_device_data       : No context for object [ffff88040d827028]
[   10.368778]      scan-1141 get_device_data       : No context for object [ffff88040d827050]
[   10.368810]      scan-1141 get_device_data       : No context for object [ffff88040d827078]
[   10.368958]      scan-1141 get_device_data       : No context for object [ffff88040d8270a0]
[   10.369134]      scan-1141 get_device_data       : No context for object [ffff88040d8270c8]
[   10.369329]      scan-1141 get_device_data       : No context for object [ffff88040d8270f0]
[   10.369522]      scan-1141 get_device_data       : No context for object [ffff88040d827118]
[   10.369717]      scan-1141 get_device_data       : No context for object [ffff88040d827140]
[   10.369893]      scan-1141 get_device_data       : No context for object [ffff88040d827168]
[   10.370128]      scan-1141 get_device_data       : No context for object [ffff88040d827190]
[   10.370323]      scan-1141 get_device_data       : No context for object [ffff88040d8271b8]
[   10.370518]      scan-1141 get_device_data       : No context for object [ffff88040d8271e0]
[   10.370713]     utils-0051 util_eval_error       : Evaluate [\_SB_.PCI0.PB7_.XPDV._STA]: AE_NOT_FOUND
[   10.370935] device: 'device:10': device_add
[   10.370998] bus: 'acpi': add device device:10
[   10.371071]     utils-0051 util_eval_error       : Evaluate [\_SB_.PCI0.PB7_.XPDV._SUN]: AE_NOT_FOUND
[   10.373368]      scan-1933 add_single_object     : Added device:10 [\_SB_.PCI0.PB7_.XPDV] parent device:0f
[   10.373368]      scan-1141 get_device_data       : No context for object [ffff88040d827208]
[   10.373368]      scan-1141 get_device_data       : No context for object [ffff88040d827230]
[   10.373368]      scan-1141 get_device_data       : No context for object [ffff88040d827258]
[   10.373368]      scan-1141 get_device_data       : No context for object [ffff88040d827280]
[   10.373368]      scan-1141 get_device_data       : No context for object [ffff88040d8272a8]
[   10.373368]      scan-1141 get_device_data       : No context for object [ffff88040d837488]
[   10.373368]      scan-1141 get_device_data       : No context for object [ffff88040d8272d0]
[   10.373368]      scan-1141 get_device_data       : No context for object [ffff88040d8272f8]
[   10.373368]     utils-0051 util_eval_error       : Evaluate [\_SB_.PCI0.OHC1._STA]: AE_NOT_FOUND
[   10.373368] device: 'device:11': device_add
[   10.373368] bus: 'acpi': add device device:11
[   10.373415]     utils-0051 util_eval_error       : Evaluate [\_SB_.PCI0.OHC1._SUN]: AE_NOT_FOUND
[   10.373622]      scan-1933 add_single_object     : Added device:11 [\_SB_.PCI0.OHC1] parent PNP0A08:00
[   10.373825]      scan-1141 get_device_data       : No context for object [ffff88040d827320]
[   10.373976]      scan-1141 get_device_data       : No context for object [ffff88040d827348]
[   10.374154]      scan-1141 get_device_data       : No context for object [ffff88040d83b2f8]
[   10.374351]     utils-0051 util_eval_error       : Evaluate [\_SB_.PCI0.OHC1.RHUB._STA]: AE_NOT_FOUND
[   10.374580] device: 'device:12': device_add
[   10.374643] bus: 'acpi': add device device:12
[   10.374717]     utils-0051 util_eval_error       : Evaluate [\_SB_.PCI0.OHC1.RHUB._SUN]: AE_NOT_FOUND
[   10.376672]      scan-1933 add_single_object     : Added device:12 [\_SB_.PCI0.OHC1.RHUB] parent device:11
[   10.376672]      scan-1141 get_device_data       : No context for object [ffff88040d83b320]
[   10.376672]      scan-1141 get_device_data       : No context for object [ffff88040d83b348]
[   10.376672]     utils-0051 util_eval_error       : Evaluate [\_SB_.PCI0.OHC1.RHUB.PRT3._STA]: AE_NOT_FOUND
[   10.376672] device: 'device:13': device_add
[   10.376672] bus: 'acpi': add device device:13
[   10.376672]     utils-0051 util_eval_error       : Evaluate [\_SB_.PCI0.OHC1.RHUB.PRT3._SUN]: AE_NOT_FOUND
[   10.376723]      scan-1933 add_single_object     : Added device:13 [\_SB_.PCI0.OHC1.RHUB.PRT3] parent device:12
[   10.376723]      scan-1141 get_device_data       : No context for object [ffff88040d83b370]
[   10.376723]      scan-1141 get_device_data       : No context for object [ffff88040d83b398]
[   10.376723]      scan-1141 get_device_data       : No context for object [ffff88040d83b3c0]
[   10.376866]      scan-1141 get_device_data       : No context for object [ffff88040d83b3e8]
[   10.377014]     utils-0051 util_eval_error       : Evaluate [\_SB_.PCI0.OHC1.RHUB.PRT4._STA]: AE_NOT_FOUND
[   10.377227] device: 'device:14': device_add
[   10.377290] bus: 'acpi': add device device:14
[   10.377368]     utils-0051 util_eval_error       : Evaluate [\_SB_.PCI0.OHC1.RHUB.PRT4._SUN]: AE_NOT_FOUND
[   10.380033]      scan-1933 add_single_object     : Added device:14 [\_SB_.PCI0.OHC1.RHUB.PRT4] parent device:12
[   10.380033]      scan-1141 get_device_data       : No context for object [ffff88040d83b410]
[   10.380033]      scan-1141 get_device_data       : No context for object [ffff88040d83b438]
[   10.380033]      scan-1141 get_device_data       : No context for object [ffff88040d83b460]
[   10.380033]      scan-1141 get_device_data       : No context for object [ffff88040d827370]
[   10.380033]     utils-0051 util_eval_error       : Evaluate [\_SB_.PCI0.EHC1._STA]: AE_NOT_FOUND
[   10.380033] device: 'device:15': device_add
[   10.380033] bus: 'acpi': add device device:15
[   10.380033]     utils-0051 util_eval_error       : Evaluate [\_SB_.PCI0.EHC1._SUN]: AE_NOT_FOUND
[   10.380044]      scan-1933 add_single_object     : Added device:15 [\_SB_.PCI0.EHC1] parent PNP0A08:00
[   10.380044]      scan-1141 get_device_data       : No context for object [ffff88040d827398]
[   10.380044]      scan-1141 get_device_data       : No context for object [ffff88040d8273c0]
[   10.380044]      scan-1141 get_device_data       : No context for object [ffff88040d83b028]
[   10.380044]     utils-0051 util_eval_error       : Evaluate [\_SB_.PCI0.EHC1.RHUB._STA]: AE_NOT_FOUND
[   10.380044] device: 'device:16': device_add
[   10.380148] bus: 'acpi': add device device:16
[   10.380222]     utils-0051 util_eval_error       : Evaluate [\_SB_.PCI0.EHC1.RHUB._SUN]: AE_NOT_FOUND
[   10.383336]      scan-1933 add_single_object     : Added device:16 [\_SB_.PCI0.EHC1.RHUB] parent device:15
[   10.383336]      scan-1141 get_device_data       : No context for object [ffff88040d83b050]
[   10.383336]      scan-1141 get_device_data       : No context for object [ffff88040d83b078]
[   10.383336]     utils-0051 util_eval_error       : Evaluate [\_SB_.PCI0.EHC1.RHUB.PRT3._STA]: AE_NOT_FOUND
[   10.383336] device: 'device:17': device_add
[   10.383336] bus: 'acpi': add device device:17
[   10.383336]     utils-0051 util_eval_error       : Evaluate [\_SB_.PCI0.EHC1.RHUB.PRT3._SUN]: AE_NOT_FOUND
[   10.383369]      scan-1933 add_single_object     : Added device:17 [\_SB_.PCI0.EHC1.RHUB.PRT3] parent device:16
[   10.383369]      scan-1141 get_device_data       : No context for object [ffff88040d83b0a0]
[   10.383369]      scan-1141 get_device_data       : No context for object [ffff88040d83b0c8]
[   10.383369]      scan-1141 get_device_data       : No context for object [ffff88040d83b0f0]
[   10.383498]      scan-1141 get_device_data       : No context for object [ffff88040d83b118]
[   10.383697]     utils-0051 util_eval_error       : Evaluate [\_SB_.PCI0.EHC1.RHUB.PRT4._STA]: AE_NOT_FOUND
[   10.383931] device: 'device:18': device_add
[   10.383993] bus: 'acpi': add device device:18
[   10.384066]     utils-0051 util_eval_error       : Evaluate [\_SB_.PCI0.EHC1.RHUB.PRT4._SUN]: AE_NOT_FOUND
[   10.386688]      scan-1933 add_single_object     : Added device:18 [\_SB_.PCI0.EHC1.RHUB.PRT4] parent device:16
[   10.386688]      scan-1141 get_device_data       : No context for object [ffff88040d83b140]
[   10.386688]      scan-1141 get_device_data       : No context for object [ffff88040d83b168]
[   10.386688]      scan-1141 get_device_data       : No context for object [ffff88040d83b190]
[   10.386688]      scan-1141 get_device_data       : No context for object [ffff88040d8273e8]
[   10.386688]     utils-0051 util_eval_error       : Evaluate [\_SB_.PCI0.OHC2._STA]: AE_NOT_FOUND
[   10.386688] device: 'device:19': device_add
[   10.386688] bus: 'acpi': add device device:19
[   10.386688]     utils-0051 util_eval_error       : Evaluate [\_SB_.PCI0.OHC2._SUN]: AE_NOT_FOUND
[   10.386712]      scan-1933 add_single_object     : Added device:19 [\_SB_.PCI0.OHC2] parent PNP0A08:00
[   10.386712]      scan-1141 get_device_data       : No context for object [ffff88040d827410]
[   10.386712]      scan-1141 get_device_data       : No context for object [ffff88040d827438]
[   10.386712]      scan-1141 get_device_data       : No context for object [ffff88040d83b488]
[   10.386712]     utils-0051 util_eval_error       : Evaluate [\_SB_.PCI0.OHC2.RHUB._STA]: AE_NOT_FOUND
[   10.386712] device: 'device:1a': device_add
[   10.386747] bus: 'acpi': add device device:1a
[   10.386823]     utils-0051 util_eval_error       : Evaluate [\_SB_.PCI0.OHC2.RHUB._SUN]: AE_NOT_FOUND
[   10.386982]      scan-1933 add_single_object     : Added device:1a [\_SB_.PCI0.OHC2.RHUB] parent device:19
[   10.387163]      scan-1141 get_device_data       : No context for object [ffff88040d83b4b0]
[   10.387359]      scan-1141 get_device_data       : No context for object [ffff88040d83b4d8]
[   10.387554]     utils-0051 util_eval_error       : Evaluate [\_SB_.PCI0.OHC2.RHUB.PRT4._STA]: AE_NOT_FOUND
[   10.387785] device: 'device:1b': device_add
[   10.387843] bus: 'acpi': add device device:1b
[   10.387908]     utils-0051 util_eval_error       : Evaluate [\_SB_.PCI0.OHC2.RHUB.PRT4._SUN]: AE_NOT_FOUND
[   10.390017]      scan-1933 add_single_object     : Added device:1b [\_SB_.PCI0.OHC2.RHUB.PRT4] parent device:1a
[   10.390017]      scan-1141 get_device_data       : No context for object [ffff88040d83b500]
[   10.390017]      scan-1141 get_device_data       : No context for object [ffff88040d83b528]
[   10.390017]      scan-1141 get_device_data       : No context for object [ffff88040d83b550]
[   10.390017]      scan-1141 get_device_data       : No context for object [ffff88040d827460]
[   10.390017]     utils-0051 util_eval_error       : Evaluate [\_SB_.PCI0.EHC2._STA]: AE_NOT_FOUND
[   10.390017] device: 'device:1c': device_add
[   10.390017] bus: 'acpi': add device device:1c
[   10.390017]     utils-0051 util_eval_error       : Evaluate [\_SB_.PCI0.EHC2._SUN]: AE_NOT_FOUND
[   10.390043]      scan-1933 add_single_object     : Added device:1c [\_SB_.PCI0.EHC2] parent PNP0A08:00
[   10.390043]      scan-1141 get_device_data       : No context for object [ffff88040d827488]
[   10.390131]      scan-1141 get_device_data       : No context for object [ffff88040d8274b0]
[   10.390330]      scan-1141 get_device_data       : No context for object [ffff88040d83b1b8]
[   10.390526]     utils-0051 util_eval_error       : Evaluate [\_SB_.PCI0.EHC2.RHUB._STA]: AE_NOT_FOUND
[   10.390759] device: 'device:1d': device_add
[   10.390824] bus: 'acpi': add device device:1d
[   10.390899]     utils-0051 util_eval_error       : Evaluate [\_SB_.PCI0.EHC2.RHUB._SUN]: AE_NOT_FOUND
[   10.393347]      scan-1933 add_single_object     : Added device:1d [\_SB_.PCI0.EHC2.RHUB] parent device:1c
[   10.393347]      scan-1141 get_device_data       : No context for object [ffff88040d83b1e0]
[   10.393347]      scan-1141 get_device_data       : No context for object [ffff88040d83b208]
[   10.393347]     utils-0051 util_eval_error       : Evaluate [\_SB_.PCI0.EHC2.RHUB.PRT2._STA]: AE_NOT_FOUND
[   10.393347] device: 'device:1e': device_add
[   10.393347] bus: 'acpi': add device device:1e
[   10.393347]     utils-0051 util_eval_error       : Evaluate [\_SB_.PCI0.EHC2.RHUB.PRT2._SUN]: AE_NOT_FOUND
[   10.393376]      scan-1933 add_single_object     : Added device:1e [\_SB_.PCI0.EHC2.RHUB.PRT2] parent device:1d
[   10.393376]      scan-1141 get_device_data       : No context for object [ffff88040d83b230]
[   10.393376]      scan-1141 get_device_data       : No context for object [ffff88040d83b258]
[   10.393376]      scan-1141 get_device_data       : No context for object [ffff88040d83b280]
[   10.393376]      scan-1141 get_device_data       : No context for object [ffff88040d8274d8]
[   10.393376]     utils-0051 util_eval_error       : Evaluate [\_SB_.PCI0.OHC3._STA]: AE_NOT_FOUND
[   10.393432] device: 'device:1f': device_add
[   10.393496] bus: 'acpi': add device device:1f
[   10.393573]     utils-0051 util_eval_error       : Evaluate [\_SB_.PCI0.OHC3._SUN]: AE_NOT_FOUND
[   10.393780]      scan-1933 add_single_object     : Added device:1f [\_SB_.PCI0.OHC3] parent PNP0A08:00
[   10.393959]      scan-1141 get_device_data       : No context for object [ffff88040d827500]
[   10.394153]      scan-1141 get_device_data       : No context for object [ffff88040d827528]
[   10.394352]      scan-1141 get_device_data       : No context for object [ffff88040d83b578]
[   10.394551]     utils-0051 util_eval_error       : Evaluate [\_SB_.PCI0.OHC3.RHUB._STA]: AE_NOT_FOUND
[   10.394785] device: 'device:20': device_add
[   10.394848] bus: 'acpi': add device device:20
[   10.394923]     utils-0051 util_eval_error       : Evaluate [\_SB_.PCI0.OHC3.RHUB._SUN]: AE_NOT_FOUND
[   10.396709]      scan-1933 add_single_object     : Added device:20 [\_SB_.PCI0.OHC3.RHUB] parent device:1f
[   10.396709]      scan-1141 get_device_data       : No context for object [ffff88040d83b5a0]
[   10.396709]      scan-1141 get_device_data       : No context for object [ffff88040d827550]
[   10.396709]     utils-0051 util_eval_error       : Evaluate [\_SB_.PCI0.EHC3._STA]: AE_NOT_FOUND
[   10.396709] device: 'device:21': device_add
[   10.396709] bus: 'acpi': add device device:21
[   10.396709]     utils-0051 util_eval_error       : Evaluate [\_SB_.PCI0.EHC3._SUN]: AE_NOT_FOUND
[   10.396748]      scan-1933 add_single_object     : Added device:21 [\_SB_.PCI0.EHC3] parent PNP0A08:00
[   10.396748]      scan-1141 get_device_data       : No context for object [ffff88040d827578]
[   10.396748]      scan-1141 get_device_data       : No context for object [ffff88040d8275a0]
[   10.396868]      scan-1141 get_device_data       : No context for object [ffff88040d83b2a8]
[   10.397068]     utils-0051 util_eval_error       : Evaluate [\_SB_.PCI0.EHC3.RHUB._STA]: AE_NOT_FOUND
[   10.397302] device: 'device:22': device_add
[   10.397366] bus: 'acpi': add device device:22
[   10.397444]     utils-0051 util_eval_error       : Evaluate [\_SB_.PCI0.EHC3.RHUB._SUN]: AE_NOT_FOUND
[   10.400005]      scan-1933 add_single_object     : Added device:22 [\_SB_.PCI0.EHC3.RHUB] parent device:21
[   10.400005]      scan-1141 get_device_data       : No context for object [ffff88040d83b2d0]
[   10.400005]      scan-1141 get_device_data       : No context for object [ffff88040d8275c8]
[   10.400005]     utils-0051 util_eval_error       : Evaluate [\_SB_.PCI0.OHC4._STA]: AE_NOT_FOUND
[   10.400005] device: 'device:23': device_add
[   10.400005] bus: 'acpi': add device device:23
[   10.400005]     utils-0051 util_eval_error       : Evaluate [\_SB_.PCI0.OHC4._SUN]: AE_NOT_FOUND
[   10.400014]      scan-1933 add_single_object     : Added device:23 [\_SB_.PCI0.OHC4] parent PNP0A08:00
[   10.400014]      scan-1141 get_device_data       : No context for object [ffff88040d8275f0]
[   10.400014]      scan-1141 get_device_data       : No context for object [ffff88040d827618]
[   10.400014]      scan-1141 get_device_data       : No context for object [ffff88040d827640]
[   10.400014]     utils-0051 util_eval_error       : Evaluate [\_SB_.PCI0.SBAZ._STA]: AE_NOT_FOUND
[   10.400014] device: 'device:24': device_add
[   10.400014] bus: 'acpi': add device device:24
[   10.401086]     utils-0051 util_eval_error       : Evaluate [\_SB_.PCI0.SBAZ._SUN]: AE_NOT_FOUND
[   10.403334]      scan-1933 add_single_object     : Added device:24 [\_SB_.PCI0.SBAZ] parent PNP0A08:00
[   10.403334]      scan-1141 get_device_data       : No context for object [ffff88040d827668]
[   10.403334]      scan-1141 get_device_data       : No context for object [ffff88040d827690]
