[    0.000000] Initializing cgroup subsys cpuset
[    0.000000] Initializing cgroup subsys cpu
[    0.000000] Initializing cgroup subsys cpuacct
[    0.000000] Linux version 3.17.0-rc3-gb7fece1 (emacs@manji) (gcc version 4.9.1 (GCC) ) #67 SMP Fri Sep 5 12:18:49 CEST 2014
[    0.000000] Command line: BOOT_IMAGE=/vmlinuz-linux-git root=UUID=bfa4ab6e-19a3-4601-ba2b-267c55841c73 rw cryptdevice=/dev/disk/by-uuid/70c08890-417a-497d-b6ab-c0d0357a63e2:cryptManjaro:allow-discards ipv6.disable=1 pnp.debug=1 loglevel=9 log_buf_len=10M printk.always_kmsg_dump=y printk.time=y mminit_loglevel=0 memory_corruption_check=1 acpi.debug_layer=0xfbff0000 acpi.debug_level=0xFFFFFFFD pnp.debug=1 nohz=on rcu_nocbs=1-3 pcie_aspm=force fbcon=scrollback:4096k fbcon=font:ProFont6x11 radeon.audio=0 radeon.lockup_timeout=0 radeon.test=0 radeon.agpmode=-1 radeon.benchmark=0 radeon.tv=0 radeon.hard_reset=1 radeon.aspm=1 radeon.dpm=1 radeon.msi=1 radeon.pcie_gen2=-1 radeon.no_wb=1 radeon.modeset=1 radeon.dynclks=1 radeon.r4xx_atom=0 radeon.runpm=0 radeonfb radeon.fastfb=1 nomodeset
[    0.000000] KERNEL supported cpus:
[    0.000000]   AMD AuthenticAMD
[    0.000000] tseg: 00bfe00000
[    0.000000] e820: BIOS-provided physical RAM map:
[    0.000000] BIOS-e820: [mem 0x0000000000000000-0x000000000009d7ff] usable
[    0.000000] BIOS-e820: [mem 0x000000000009d800-0x000000000009ffff] reserved
[    0.000000] BIOS-e820: [mem 0x00000000000e0000-0x00000000000fffff] reserved
[    0.000000] BIOS-e820: [mem 0x0000000000100000-0x00000000bed9afff] usable
[    0.000000] BIOS-e820: [mem 0x00000000bed9b000-0x00000000bf39afff] reserved
[    0.000000] BIOS-e820: [mem 0x00000000bf39b000-0x00000000bf49afff] ACPI NVS
[    0.000000] BIOS-e820: [mem 0x00000000bf49b000-0x00000000bf51afff] ACPI data
[    0.000000] BIOS-e820: [mem 0x00000000bf51b000-0x00000000bfdfffff] usable
[    0.000000] BIOS-e820: [mem 0x00000000bfe00000-0x00000000bfffffff] reserved
[    0.000000] BIOS-e820: [mem 0x00000000fec00000-0x00000000fecfffff] reserved
[    0.000000] BIOS-e820: [mem 0x00000000fed80000-0x00000000fed80fff] reserved
[    0.000000] BIOS-e820: [mem 0x00000000ffe00000-0x00000000ffffffff] reserved
[    0.000000] BIOS-e820: [mem 0x0000000100000000-0x000000041effffff] usable
[    0.000000] NX (Execute Disable) protection: active
[    0.000000] SMBIOS 2.6 present.
[    0.000000] DMI: LENOVO Sabine/Torpedo, BIOS 54CN18WW 07/20/2011
[    0.000000] e820: update [mem 0x00000000-0x00000fff] usable ==> reserved
[    0.000000] e820: remove [mem 0x000a0000-0x000fffff] usable
[    0.000000] e820: last_pfn = 0x41f000 max_arch_pfn = 0x400000000
[    0.000000] MTRR default type: uncachable
[    0.000000] MTRR fixed ranges enabled:
[    0.000000]   00000-9FFFF write-back
[    0.000000]   A0000-BFFFF uncachable
[    0.000000]   C0000-FFFFF write-protect
[    0.000000] MTRR variable ranges enabled:
[    0.000000]   0 base 0000000000 mask FF80000000 write-back
[    0.000000]   1 base 0080000000 mask FFC0000000 write-back
[    0.000000]   2 base 00FFF90000 mask FFFFFF0000 uncachable
[    0.000000]   3 base 00FED80000 mask 0FFFFFF000 uncachable
[    0.000000]   4 disabled
[    0.000000]   5 disabled
[    0.000000]   6 disabled
[    0.000000]   7 base 00FFE00000 mask FFFFE00000 write-protect
[    0.000000] TOM2: 000000041f000000 aka 16880M
[    0.000000] mtrr: your BIOS has configured an incorrect mask, fixing it.
[    0.000000] e820: last_pfn = 0xbfe00 max_arch_pfn = 0x400000000
[    0.000000] found SMP MP-table at [mem 0x000fa8b0-0x000fa8bf] mapped at [ffff8800000fa8b0]
[    0.000000] Base memory trampoline at [ffff880000097000] 97000 size 24576
[    0.000000] Using GB pages for direct mapping
[    0.000000] init_memory_mapping: [mem 0x00000000-0x000fffff]
[    0.000000]  [mem 0x00000000-0x000fffff] page 4k
[    0.000000] BRK [0x02ad9000, 0x02ad9fff] PGTABLE
[    0.000000] BRK [0x02ada000, 0x02adafff] PGTABLE
[    0.000000] BRK [0x02adb000, 0x02adbfff] PGTABLE
[    0.000000] init_memory_mapping: [mem 0x41ee00000-0x41effffff]
[    0.000000]  [mem 0x41ee00000-0x41effffff] page 2M
[    0.000000] BRK [0x02adc000, 0x02adcfff] PGTABLE
[    0.000000] init_memory_mapping: [mem 0x41c000000-0x41edfffff]
[    0.000000]  [mem 0x41c000000-0x41edfffff] page 2M
[    0.000000] init_memory_mapping: [mem 0x400000000-0x41bffffff]
[    0.000000]  [mem 0x400000000-0x41bffffff] page 2M
[    0.000000] init_memory_mapping: [mem 0x00100000-0xbed9afff]
[    0.000000]  [mem 0x00100000-0x001fffff] page 4k
[    0.000000]  [mem 0x00200000-0x3fffffff] page 2M
[    0.000000]  [mem 0x40000000-0x7fffffff] page 1G
[    0.000000]  [mem 0x80000000-0xbebfffff] page 2M
[    0.000000]  [mem 0xbec00000-0xbed9afff] page 4k
[    0.000000] init_memory_mapping: [mem 0xbf51b000-0xbfdfffff]
[    0.000000]  [mem 0xbf51b000-0xbf5fffff] page 4k
[    0.000000]  [mem 0xbf600000-0xbfdfffff] page 2M
[    0.000000] BRK [0x02add000, 0x02addfff] PGTABLE
[    0.000000] init_memory_mapping: [mem 0x100000000-0x3ffffffff]
[    0.000000]  [mem 0x100000000-0x3ffffffff] page 1G
[    0.000000] log_buf_len: 16777216 bytes
[    0.000000] early log buf free: 2092044(99%)
[    0.000000] RAMDISK: [mem 0x37826000-0x37c0afff]
[    0.000000] ACPI: Early table checksum verification disabled
[    0.000000] ACPI: RSDP 0x00000000000F0110 000024 (v02 LENOVO)
[    0.000000] ACPI: XSDT 0x00000000BF51A120 000074 (v01 LENOVO CB-01    00000001 LENO 00000001)
[    0.000000] ACPI: FACP 0x00000000BF508000 0000F4 (v04 LENOVO CB-01    00000001 PTL  00000001)
[    0.000000] ACPI: DSDT 0x00000000BF50A000 00FD10 (v01 LENOVO CB-01    00001000 LENO 00000001)
[    0.000000] ACPI: FACS 0x00000000BF478000 000040
[    0.000000] ACPI: HPET 0x00000000BF507000 000038 (v01 LENOVO CB-01    00000001 PTL  00000001)
[    0.000000] ACPI: APIC 0x00000000BF506000 00007A (v02 LENOVO CB-01    00000001 PTL  00000001)
[    0.000000] ACPI: MCFG 0x00000000BF505000 00003C (v01 LENOVO CB-01    00000001 PTL  00000001)
[    0.000000] ACPI: SLIC 0x00000000BF504000 000176 (v01 LENOVO CB-01    00000001 LENO 00000001)
[    0.000000] ACPI: UEFI 0x00000000BF503000 00003E (v01 LENOVO CB-01    00000001 PTL  00000001)
[    0.000000] ACPI: UEFI 0x00000000BF502000 000042 (v01 PTL    COMBUF   00000001 PTL  00000001)
[    0.000000] ACPI: SSDT 0x00000000BF501000 000E34 (v01 AMD    POWERNOW 00000001 AMD  00000001)
[    0.000000] ACPI: SSDT 0x00000000BF4FF000 00193D (v02 AMD    ALIB     00000001 MSFT 04000000)
[    0.000000] ACPI: UEFI 0x00000000BF4FE000 00021A (v01 LENOVO CB-01    00000001 PTL  00000001)
[    0.000000] ACPI: Local APIC address 0xfee00000
[    0.000000] No NUMA configuration found
[    0.000000] Faking a node at [mem 0x0000000000000000-0x000000041effffff]
[    0.000000] Initmem setup node 0 [mem 0x00000000-0x41effffff]
[    0.000000]   NODE_DATA [mem 0x41dffa000-0x41dffdfff]
[    0.000000]  [ffffea0000000000-ffffea00107fffff] PMD -> [ffff88040de00000-ffff88041d5fffff] on node 0
[    0.000000] Zone ranges:
[    0.000000]   DMA      [mem 0x00001000-0x00ffffff]
[    0.000000]   DMA32    [mem 0x01000000-0xffffffff]
[    0.000000]   Normal   [mem 0x100000000-0x41effffff]
[    0.000000] Movable zone start for each node
[    0.000000] Early memory node ranges
[    0.000000]   node   0: [mem 0x00001000-0x0009cfff]
[    0.000000]   node   0: [mem 0x00100000-0xbed9afff]
[    0.000000]   node   0: [mem 0xbf51b000-0xbfdfffff]
[    0.000000]   node   0: [mem 0x100000000-0x41effffff]
[    0.000000] On node 0 totalpages: 4056604
[    0.000000]   DMA zone: 64 pages used for memmap
[    0.000000]   DMA zone: 21 pages reserved
[    0.000000]   DMA zone: 3996 pages, LIFO batch:0
[    0.000000]   DMA32 zone: 12186 pages used for memmap
[    0.000000]   DMA32 zone: 779904 pages, LIFO batch:31
[    0.000000]   Normal zone: 51136 pages used for memmap
[    0.000000]   Normal zone: 3272704 pages, LIFO batch:31
[    0.000000] ACPI: PM-Timer IO Port: 0x808
[    0.000000] ACPI: Local APIC address 0xfee00000
[    0.000000] ACPI: LAPIC (acpi_id[0x00] lapic_id[0x00] enabled)
[    0.000000] ACPI: LAPIC (acpi_id[0x01] lapic_id[0x01] enabled)
[    0.000000] ACPI: LAPIC (acpi_id[0x02] lapic_id[0x02] enabled)
[    0.000000] ACPI: LAPIC (acpi_id[0x03] lapic_id[0x03] enabled)
[    0.000000] ACPI: LAPIC_NMI (acpi_id[0x00] high edge lint[0x1])
[    0.000000] ACPI: LAPIC_NMI (acpi_id[0x01] high edge lint[0x1])
[    0.000000] ACPI: LAPIC_NMI (acpi_id[0x02] high edge lint[0x1])
[    0.000000] ACPI: LAPIC_NMI (acpi_id[0x03] high edge lint[0x1])
[    0.000000] ACPI: IOAPIC (id[0x02] address[0xfec00000] gsi_base[0])
[    0.000000] IOAPIC[0]: apic_id 2, version 33, address 0xfec00000, GSI 0-23
[    0.000000] ACPI: INT_SRC_OVR (bus 0 bus_irq 0 global_irq 2 dfl dfl)
[    0.000000] ACPI: IRQ0 used by override.
[    0.000000] ACPI: IRQ9 used by override.
[    0.000000] Using ACPI (MADT) for SMP configuration information
[    0.000000] ACPI: HPET id: 0x43538210 base: 0xfed00000
[    0.000000] smpboot: Allowing 4 CPUs, 0 hotplug CPUs
[    0.000000] e820: [mem 0xc0000000-0xfebfffff] available for PCI devices
[    0.000000] setup_percpu: NR_CPUS:64 nr_cpumask_bits:64 nr_cpu_ids:4 nr_node_ids:1
[    0.000000] PERCPU: Embedded 28 pages/cpu @ffff88041dc00000 s83456 r8192 d23040 u524288
[    0.000000] pcpu-alloc: s83456 r8192 d23040 u524288 alloc=1*2097152
[    0.000000] pcpu-alloc: [0] 0 1 2 3 
[    0.000000] Built 1 zonelists in Zone order, mobility grouping on.  Total pages: 3993197
[    0.000000] Policy zone: Normal
[    0.000000] Kernel command line: BOOT_IMAGE=/vmlinuz-linux-git root=UUID=bfa4ab6e-19a3-4601-ba2b-267c55841c73 rw cryptdevice=/dev/disk/by-uuid/70c08890-417a-497d-b6ab-c0d0357a63e2:cryptManjaro:allow-discards ipv6.disable=1 pnp.debug=1 loglevel=9 log_buf_len=10M printk.always_kmsg_dump=y printk.time=y mminit_loglevel=0 memory_corruption_check=1 acpi.debug_layer=0xfbff0000 acpi.debug_level=0xFFFFFFFD pnp.debug=1 nohz=on rcu_nocbs=1-3 pcie_aspm=force fbcon=scrollback:4096k fbcon=font:ProFont6x11 radeon.audio=0 radeon.lockup_timeout=0 radeon.test=0 radeon.agpmode=-1 radeon.benchmark=0 radeon.tv=0 radeon.hard_reset=1 radeon.aspm=1 radeon.dpm=1 radeon.msi=1 radeon.pcie_gen2=-1 radeon.no_wb=1 radeon.modeset=1 radeon.dynclks=1 radeon.r4xx_atom=0 radeon.runpm=0 radeonfb radeon.fastfb=1 nomodeset
[    0.000000] PCIe ASPM is forcibly enabled
[    0.000000] PID hash table entries: 4096 (order: 3, 32768 bytes)
[    0.000000] Memory: 15857424K/16226416K available (5461K kernel code, 821K rwdata, 2828K rodata, 852K init, 15548K bss, 368992K reserved)
[    0.000000] SLUB: HWalign=64, Order=0-3, MinObjects=0, CPUs=4, Nodes=1
[    0.000000] Hierarchical RCU implementation.
[    0.000000] 	RCU dyntick-idle grace-period acceleration is enabled.
[    0.000000] 	Additional per-CPU info printed with stalls.
[    0.000000] 	RCU restricting CPUs from NR_CPUS=64 to nr_cpu_ids=4.
[    0.000000] 	Offload RCU callbacks from all CPUs
[    0.000000] 	Offload RCU callbacks from CPUs: 0-3.
[    0.000000] RCU: Adjusting geometry for rcu_fanout_leaf=16, nr_cpu_ids=4
[    0.000000] NR_IRQS:4352 nr_irqs:456 0
[    0.000000] spurious 8259A interrupt: IRQ7.
[    0.000000] vgacon: allocated 4194304 bytes of memory for scrollback. CONFIG_VGACON_SOFT_SCROLLBACK_SIZE=4096
[    0.000000] Console: colour VGA+ 80x25
[    0.000000] console [tty0] enabled
[    0.000000] Lock dependency validator: Copyright (c) 2006 Red Hat, Inc., Ingo Molnar
[    0.000000] ... MAX_LOCKDEP_SUBCLASSES:  8
[    0.000000] ... MAX_LOCK_DEPTH:          48
[    0.000000] ... MAX_LOCKDEP_KEYS:        8191
[    0.000000] ... CLASSHASH_SIZE:          4096
[    0.000000] ... MAX_LOCKDEP_ENTRIES:     32768
[    0.000000] ... MAX_LOCKDEP_CHAINS:      65536
[    0.000000] ... CHAINHASH_SIZE:          32768
[    0.000000]  memory used by lock dependency info: 8159 kB
[    0.000000]  per task-struct memory footprint: 1920 bytes
[    0.000000] allocated 65011712 bytes of page_cgroup
[    0.000000] please try 'cgroup_disable=memory' option if you don't want memory cgroups
[    0.000000] hpet clockevent registered
[    0.000000] tsc: Fast TSC calibration using PIT
[    0.000000] tsc: Detected 1397.476 MHz processor
[    0.000070] Calibrating delay loop (skipped), value calculated using timer frequency.. 2796.40 BogoMIPS (lpj=4658253)
[    0.000244] pid_max: default: 32768 minimum: 301
[    0.000317] ACPI: Core revision 20140724
[    0.025601] ACPI: All ACPI Tables successfully acquired
[    0.027687] Security Framework initialized
[    0.515705] Dentry cache hash table entries: 2097152 (order: 12, 16777216 bytes)
[    0.524033] Inode-cache hash table entries: 1048576 (order: 11, 8388608 bytes)
[    0.527216] Mount-cache hash table entries: 32768 (order: 6, 262144 bytes)
[    0.527406] Mountpoint-cache hash table entries: 32768 (order: 6, 262144 bytes)
[    0.528725] Initializing cgroup subsys memory
[    0.528805] Initializing cgroup subsys devices
[    0.528896] Initializing cgroup subsys freezer
[    0.528985] Initializing cgroup subsys net_cls
[    0.529059] Initializing cgroup subsys blkio
[    0.529172] CPU: Physical Processor ID: 0
[    0.529283] CPU: Processor Core ID: 0
[    0.529349] mce: CPU supports 6 MCE banks
[    0.529426] Last level iTLB entries: 4KB 512, 2MB 16, 4MB 8
Last level dTLB entries: 4KB 1024, 2MB 128, 4MB 64, 1GB 0
[    0.529840] Freeing SMP alternatives memory: 20K (ffffffff81ba4000 - ffffffff81ba9000)
[    0.531071] ..TIMER: vector=0x30 apic1=0 pin1=2 apic2=-1 pin2=-1
[    0.564158] smpboot: CPU0: AMD A6-3400M APU with Radeon(tm) HD Graphics (fam: 12, model: 01, stepping: 00)
[    0.670919] Performance Events: AMD PMU driver.
[    0.671035] ... version:                0
[    0.671101] ... bit width:              48
[    0.671166] ... generic registers:      4
[    0.671231] ... value mask:             0000ffffffffffff
[    0.671298] ... max period:             00007fffffffffff
[    0.671363] ... fixed-purpose events:   0
[    0.671428] ... event mask:             000000000000000f
[    0.672854] MCE: In-kernel MCE decoding enabled.
[    0.673117] trying cpu_up:
[    0.673366] NMI watchdog: enabled on all CPUs, permanently consumes one hw-PMU counter.
[    0.674096] smpboot: ++++++++++++++++++++=_---CPU UP  1
[    0.674271] x86: Booting SMP configuration:
[    0.674383] .... node  #0, CPUs:      #1
[    0.674494] smpboot: Setting warm reset code and vector.
[    0.674626] smpboot: 1.
[    0.674690] smpboot: 2.
[    0.674752] smpboot: 3.
[    0.674816] smpboot: Asserting INIT
[    0.674879] smpboot: Waiting for INIT send to finish...
[    0.684950] smpboot: status for above ^ is: 0
[    0.685062] smpboot: Deasserting INIT
[    0.685127] smpboot: Waiting for above send to finish...
[    0.685193] smpboot: #startup loops: 2
[    0.685258] smpboot: Sending STARTUP #1
[    0.685323] smpboot: After apic_write
[    0.591702] smpboot: CPU#1 (phys ID: 1) waiting for CALLOUT
[    0.591705] smpboot: Waiting max 15 sec for callout
[    0.685689] smpboot: Startup point 1
[    0.685898] smpboot: Waiting for send to finish...
[    0.686164] smpboot: Sending STARTUP #2
[    0.686276] smpboot: After apic_write
[    0.686640] smpboot: Startup point 1
[    0.686751] smpboot: Waiting for send to finish...
[    0.687017] smpboot: After Startup
[    0.687128] smpboot: Before Callout 1
[    0.687192] smpboot: After Callout 1
[    0.593362] smpboot: done waiting max 15 sec for callout
[    0.593402] smpboot: Stack at about ffff880407fcff3c
[    0.687388] smpboot: start waiting 5sec for response
[    0.687428] smpboot: done waiting 5sec for response
[    0.687527] smpboot: cpumask_test_cpu result: -1
[    0.687595] smpboot: cpu_callin_mask: 0000000000000003
[    0.687695] smpboot: cpu_callout_mask: 0000000000000003
[    0.687760] smpboot: CPU1: has booted.
[    0.687886] smpboot: ------------- before WARN_ON:
[    0.687953] ------------[ cut here ]------------
[    0.688023] WARNING: CPU: 0 PID: 1 at arch/x86/kernel/smpboot.c:1071 native_cpu_up+0x9fa/0xa70()
[    0.688134] Modules linked in:
[    0.688237] CPU: 0 PID: 1 Comm: swapper/0 Tainted: G          I    3.17.0-rc3-gb7fece1 #67
[    0.688374] Hardware name: LENOVO Sabine/Torpedo, BIOS 54CN18WW 07/20/2011
[    0.688439]  0000000000000009 ffff880407f17e08 ffffffff81549513 0000000000000000
[    0.688656]  ffff880407f17e40 ffffffff810407e8 0000000000000001 0000000000000001
[    0.688869]  0000000000000000 0000000000000246 0000000000000001 ffff880407f17e50
[    0.689083] Call Trace:
[    0.689147]  [<ffffffff81549513>] dump_stack+0x45/0x56
[    0.689212]  [<ffffffff810407e8>] warn_slowpath_common+0x78/0xa0
[    0.689277]  [<ffffffff810408c5>] warn_slowpath_null+0x15/0x20
[    0.689341]  [<ffffffff81024f1a>] native_cpu_up+0x9fa/0xa70
[    0.689404]  [<ffffffff81040cbc>] cpu_up+0x13c/0x190
[    0.689467]  [<ffffffff81afad01>] smp_init+0x72/0xb6
[    0.689530]  [<ffffffff81ae4fb1>] kernel_init_freeable+0x14b/0x258
[    0.689597]  [<ffffffff81545400>] ? rest_init+0xc0/0xc0
[    0.689661]  [<ffffffff81545409>] kernel_init+0x9/0xf0
[    0.689725]  [<ffffffff81550dac>] ret_from_fork+0x7c/0xb0
[    0.689788]  [<ffffffff81545400>] ? rest_init+0xc0/0xc0
[    0.689882] ---[ end trace 01cc6be8f6f0a93e ]---
[    0.689943] smpboot: ------------- after WARN_ON
[    0.692012] TSC synchronization [CPU#0 -> CPU#1]:
[    0.692118] Measured 131083877 cycles TSC warp between CPUs, turning off TSC clock.
[    0.692258] tsc: Marking TSC unstable due to check_tsc_sync_source failed
[    0.692798] after cpu_up !!!!!!!!!!!!
[    0.692885] trying cpu_up:
[    0.693256] smpboot: ++++++++++++++++++++=_---CPU UP  2
[    0.693444]  #2
[    0.693482] smpboot: Setting warm reset code and vector.
[    0.693608] smpboot: 1.
[    0.693671] smpboot: 2.
[    0.693735] smpboot: 3.
[    0.693798] smpboot: Asserting INIT
[    0.693863] smpboot: Waiting for INIT send to finish...
[    0.703934] smpboot: status for above ^ is: 0
[    0.704046] smpboot: Deasserting INIT
[    0.704110] smpboot: Waiting for above send to finish...
[    0.704177] smpboot: #startup loops: 2
[    0.704245] smpboot: Sending STARTUP #1
[    0.704310] smpboot: After apic_write
[    0.576653] smpboot: CPU#2 (phys ID: 2) waiting for CALLOUT
[    0.576656] smpboot: Waiting max 15 sec for callout
[    0.704676] smpboot: Startup point 1
[    0.704897] smpboot: Waiting for send to finish...
[    0.705163] smpboot: Sending STARTUP #2
[    0.705275] smpboot: After apic_write
[    0.705639] smpboot: Startup point 1
[    0.705749] smpboot: Waiting for send to finish...
[    0.706014] smpboot: After Startup
[    0.706123] smpboot: Before Callout 2
[    0.706187] smpboot: After Callout 2
[    0.578321] smpboot: done waiting max 15 sec for callout
[    0.578362] smpboot: Stack at about ffff880407fd3f3c
[    0.706379] smpboot: start waiting 5sec for response
[    0.706420] smpboot: done waiting 5sec for response
[    0.706518] smpboot: cpumask_test_cpu result: -1
[    0.706581] smpboot: cpu_callin_mask: 0000000000000007
[    0.706679] smpboot: cpu_callout_mask: 0000000000000007
[    0.706743] smpboot: CPU2: has booted.
[    0.706867] smpboot: ------------- before WARN_ON:
[    0.706931] ------------[ cut here ]------------
[    0.706998] WARNING: CPU: 0 PID: 1 at arch/x86/kernel/smpboot.c:1071 native_cpu_up+0x9fa/0xa70()
[    0.707110] Modules linked in:
[    0.707208] CPU: 0 PID: 1 Comm: swapper/0 Tainted: G        W I    3.17.0-rc3-gb7fece1 #67
[    0.707345] Hardware name: LENOVO Sabine/Torpedo, BIOS 54CN18WW 07/20/2011
[    0.707407]  0000000000000009 ffff880407f17e08 ffffffff81549513 0000000000000000
[    0.707621]  ffff880407f17e40 ffffffff810407e8 0000000000000002 0000000000000002
[    0.707834]  0000000000000000 0000000000000246 0000000000000002 ffff880407f17e50
[    0.708046] Call Trace:
[    0.708107]  [<ffffffff81549513>] dump_stack+0x45/0x56
[    0.708170]  [<ffffffff810407e8>] warn_slowpath_common+0x78/0xa0
[    0.708232]  [<ffffffff810408c5>] warn_slowpath_null+0x15/0x20
[    0.708296]  [<ffffffff81024f1a>] native_cpu_up+0x9fa/0xa70
[    0.708357]  [<ffffffff81040cbc>] cpu_up+0x13c/0x190
[    0.708420]  [<ffffffff81afad01>] smp_init+0x72/0xb6
[    0.708484]  [<ffffffff81ae4fb1>] kernel_init_freeable+0x14b/0x258
[    0.708548]  [<ffffffff81545400>] ? rest_init+0xc0/0xc0
[    0.708611]  [<ffffffff81545409>] kernel_init+0x9/0xf0
[    0.708675]  [<ffffffff81550dac>] ret_from_fork+0x7c/0xb0
[    0.708737]  [<ffffffff81545400>] ? rest_init+0xc0/0xc0
[    0.709735] ---[ end trace 01cc6be8f6f0a93f ]---
[    0.709795] smpboot: ------------- after WARN_ON
[    0.709914] after cpu_up !!!!!!!!!!!!
[    0.709997] trying cpu_up:
[    0.710350] smpboot: ++++++++++++++++++++=_---CPU UP  3
[    0.710532]  #3
[    0.710567] smpboot: Setting warm reset code and vector.
[    0.710684] smpboot: 1.
[    0.710742] smpboot: 2.
[    0.710801] smpboot: 3.
[    0.710860] smpboot: Asserting INIT
[    0.710925] smpboot: Waiting for INIT send to finish...
[    0.720992] smpboot: status for above ^ is: 0
[    0.721104] smpboot: Deasserting INIT
[    0.721169] smpboot: Waiting for above send to finish...
[    0.721234] smpboot: #startup loops: 2
[    0.721299] smpboot: Sending STARTUP #1
[    0.721364] smpboot: After apic_write
[    0.559980] smpboot: CPU#3 (phys ID: 3) waiting for CALLOUT
[    0.559982] smpboot: Waiting max 15 sec for callout
[    0.721729] smpboot: Startup point 1
[    0.721923] smpboot: Waiting for send to finish...
[    0.722189] smpboot: Sending STARTUP #2
[    0.722299] smpboot: After apic_write
[    0.722662] smpboot: Startup point 1
[    0.722773] smpboot: Waiting for send to finish...
[    0.723040] smpboot: After Startup
[    0.723149] smpboot: Before Callout 3
[    0.723213] smpboot: After Callout 3
[    0.561620] smpboot: done waiting max 15 sec for callout
[    0.561660] smpboot: Stack at about ffff880407fd7f3c
[    0.723404] smpboot: start waiting 5sec for response
[    0.723444] smpboot: done waiting 5sec for response
[    0.723542] smpboot: cpumask_test_cpu result: -1
[    0.723604] smpboot: cpu_callin_mask: 000000000000000f
[    0.723701] smpboot: cpu_callout_mask: 000000000000000f
[    0.723765] smpboot: CPU3: has booted.
[    0.723889] smpboot: ------------- before WARN_ON:
[    0.723955] ------------[ cut here ]------------
[    0.724023] WARNING: CPU: 0 PID: 1 at arch/x86/kernel/smpboot.c:1071 native_cpu_up+0x9fa/0xa70()
[    0.724134] Modules linked in:
[    0.724230] CPU: 0 PID: 1 Comm: swapper/0 Tainted: G        W I    3.17.0-rc3-gb7fece1 #67
[    0.724363] Hardware name: LENOVO Sabine/Torpedo, BIOS 54CN18WW 07/20/2011
[    0.724424]  0000000000000009 ffff880407f17e08 ffffffff81549513 0000000000000000
[    0.724637]  ffff880407f17e40 ffffffff810407e8 0000000000000003 0000000000000003
[    0.724850]  0000000000000000 0000000000000246 0000000000000003 ffff880407f17e50
[    0.725064] Call Trace:
[    0.725125]  [<ffffffff81549513>] dump_stack+0x45/0x56
[    0.725188]  [<ffffffff810407e8>] warn_slowpath_common+0x78/0xa0
[    0.725250]  [<ffffffff810408c5>] warn_slowpath_null+0x15/0x20
[    0.725314]  [<ffffffff81024f1a>] native_cpu_up+0x9fa/0xa70
[    0.725377]  [<ffffffff81040cbc>] cpu_up+0x13c/0x190
[    0.725440]  [<ffffffff81afad01>] smp_init+0x72/0xb6
[    0.725504]  [<ffffffff81ae4fb1>] kernel_init_freeable+0x14b/0x258
[    0.725570]  [<ffffffff81545400>] ? rest_init+0xc0/0xc0
[    0.725633]  [<ffffffff81545409>] kernel_init+0x9/0xf0
[    0.725696]  [<ffffffff81550dac>] ret_from_fork+0x7c/0xb0
[    0.725759]  [<ffffffff81545400>] ? rest_init+0xc0/0xc0
[    0.725820] ---[ end trace 01cc6be8f6f0a940 ]---
[    0.725878] smpboot: ------------- after WARN_ON
[    0.725994] after cpu_up !!!!!!!!!!!!
[    0.726051] x86: Booted up 1 node, 4 CPUs
[    0.726163] smpboot: Boot done
[    0.726219] smpboot: Before bogomips
[    0.726279] smpboot: Total of 4 processors activated (11184.63 BogoMIPS)
[    0.726340] smpboot: Before bogocount - setting activated=1
[    0.143976] devtmpfs: initialized
[    0.143976] device: 'platform': device_add
[    0.143976] bus: 'platform': registered
[    0.143976] bus: 'cpu': registered
[    0.143976] device: 'cpu': device_add
[    0.144032] bus: 'container': registered
[    0.144147] device: 'container': device_add
[    0.147140] bus: 'workqueue': registered
[    0.147255] device: 'workqueue': device_add
[    0.147874] atomic64_test: passed for x86-64 platform with CX8 and with SSE
[    0.147494] kworker/u8:0 (39) used greatest stack depth: 13408 bytes left
[    0.148060] device class 'regulator': registering
[    0.148363] Registering platform device 'reg-dummy'. Parent at platform
[    0.148433] device: 'reg-dummy': device_add
[    0.148506] bus: 'platform': add device reg-dummy
[    0.148700] bus: 'platform': add driver reg-dummy
[    0.148821] bus: 'platform': driver_probe_device: matched device reg-dummy with driver reg-dummy
[    0.148964] bus: 'platform': really_probe: probing driver reg-dummy with device reg-dummy
[    0.149183] device: 'regulator.0': device_add
[    0.149625] regulator-dummy: no parameters
[    0.149801] driver: 'reg-dummy': driver_bound: bound to device 'reg-dummy'
[    0.150030] bus: 'platform': really_probe: bound device reg-dummy to driver reg-dummy
[    0.150571] NET: Registered protocol family 16
[    0.151068] device class 'bdi': registering
[    0.151218] bus: 'platform': add driver ramoops
[    0.151378] device class 'pci_bus': registering
[    0.151529] bus: 'pci': registered
[    0.151645] device class 'backlight': registering
[    0.151729] device class 'tty': registering
[    0.151811] device class 'vtconsole': registering
[    0.151894] device: 'vtcon0': device_add
[    0.152089] bus: 'node': registered
[    0.152203] device: 'node': device_add
[    0.152374] bus: 'i2c': registered
[    0.152473] bus: 'i2c': add driver dummy
[    0.152561] i2c-core: driver [dummy] registered
[    0.152675] cpuidle: using governor ladder
[    0.152790] cpuidle: using governor menu
[    0.153419] ACPI FADT declares the system doesn't support PCIe ASPM, so disable it
[    0.153579] ACPI: bus type PCI registered
[    0.153647] acpiphp: ACPI Hot Plug PCI Controller Driver version: 0.5
[    0.153717] device class 'dmi': registering
[    0.153801] device: 'id': device_add
[    0.154139] PCI: MMCONFIG for domain 0000 [bus 00-3f] at [mem 0xf8000000-0xfbffffff] (base 0xf8000000)
[    0.154330] PCI: not using MMCONFIG
[    0.154395] PCI: Using configuration type 1 for base access
[    0.154461] PCI: Using configuration type 1 for extended access
[    0.154847] device: 'node0': device_add
[    0.154965] bus: 'node': add device node0
[    0.155121] device: 'cpu0': device_add
[    0.155239] bus: 'cpu': add device cpu0
[    0.155393] device: 'cpu1': device_add
[    0.155513] bus: 'cpu': add device cpu1
[    0.155644] device: 'cpu2': device_add
[    0.155733] bus: 'cpu': add device cpu2
[    0.155861] device: 'cpu3': device_add
[    0.155981] bus: 'cpu': add device cpu3
[    0.176791] device: 'writeback': device_add
[    0.176863] bus: 'workqueue': add device writeback
[    0.177088] device: 'default': device_add
[    0.180142] device class 'block': registering
[    0.180209] ACPI: Added _OSI(Module Device)
[    0.180331] ACPI: Added _OSI(Processor Device)
[    0.180399] ACPI: Added _OSI(3.0 _SCP Extensions)
[    0.180465] ACPI: Added _OSI(Processor Aggregator Device)
[    0.190534] 
**** Context Switch from TID 4294967295 to TID 133431296 ****

[    0.190753]     utils-0051 util_eval_error       : Evaluate [\_SB_.PCI0.LPC0.EC0_._GLK]: AE_NOT_FOUND
[    0.192578] Executing  Method       \_SB_.PCI0.LPC0.EC0_._REG
[    0.195335] Executing  Method       \_SB_.PCI0.LPC0.EC0_._REG
[    0.195554] Executing  Method       \_SB_.PCI0.LPC0.EC0_._REG
[    0.195945] Executing  Method       \_SB_.PCI0.LPC0.EC0_._REG
[    0.204717] Initializing Region       \_SB_.OSTY
[    0.204952] Initializing Region       \_SB_.PCI0.NBMS
[    0.205160] Initializing Region       \_SB_.PCI0.NBXP
[    0.205333] Initializing Region       \_SB_.PCI0.K8ST
[    0.205641] Initializing Region       \_SB_.PCI0.BAR1
[    0.205826] Initializing Region       \_SB_.PCI0.PB2_.XPEX
[    0.206033] Initializing Region       \_SB_.PCI0.PB2_.PCFG
[    0.206194] Initializing Region       \_SB_.PCI0.PB2_.XPCB
[    0.206359] Initializing Region       \_SB_.PCI0.PB2_.XPRI
[    0.206536] Initializing Region       \_SB_.PCI0.PB2_.VGA_.PCFG
[    0.206823] Initializing Region       \_SB_.PCI0.PB2_.HDAU.PCFG
[    0.207060] Initializing Region       \_SB_.PCI0.PB3_.XPEX
[    0.207267] Initializing Region       \_SB_.PCI0.PB3_.PCFG
[    0.207430] Initializing Region       \_SB_.PCI0.PB3_.XPCB
[    0.207596] Initializing Region       \_SB_.PCI0.PB3_.XPRI
[    0.207774] Initializing Region       \_SB_.PCI0.PB3_.VGA_.PCFG
[    0.208132] Initializing Region       \_SB_.PCI0.PB3_.HDAU.PCFG
[    0.208368] Initializing Region       \_SB_.PCI0.PB4_.XPEX
[    0.208574] Initializing Region       \_SB_.PCI0.PB4_.PCFG
[    0.208737] Initializing Region       \_SB_.PCI0.PB4_.XPCB
[    0.208903] Initializing Region       \_SB_.PCI0.PB4_.XPRI
[    0.209081] Initializing Region       \_SB_.PCI0.PB4_.XPDV.PCFG
[    0.209320] Initializing Region       \_SB_.PCI0.PB5_.XPEX
[    0.209527] Initializing Region       \_SB_.PCI0.PB5_.PCFG
[    0.209689] Initializing Region       \_SB_.PCI0.PB5_.XPCB
[    0.209856] Initializing Region       \_SB_.PCI0.PB5_.XPRI
[    0.210045] Initializing Region       \_SB_.PCI0.PB5_.XPDV.PCFG
[    0.210264] Initializing Region       \_SB_.PCI0.PB6_.XPEX
[    0.210472] Initializing Region       \_SB_.PCI0.PB6_.PCFG
[    0.210634] Initializing Region       \_SB_.PCI0.PB6_.XPCB
[    0.211900] Initializing Region       \_SB_.PCI0.PB6_.XPRI
[    0.212079] Initializing Region       \_SB_.PCI0.PB6_.XPDV.PCFG
[    0.212316] Initializing Region       \_SB_.PCI0.PB7_.XPEX
[    0.212524] Initializing Region       \_SB_.PCI0.PB7_.PCFG
[    0.212686] Initializing Region       \_SB_.PCI0.PB7_.XPCB
[    0.212852] Initializing Region       \_SB_.PCI0.PB7_.XPRI
[    0.213030] Initializing Region       \_SB_.PCI0.PB7_.XPDV.PCFG
[    0.213740] Initializing Region       \_SB_.PCI0.SATC
[    0.213949] Initializing Region       \_SB_.PCI0.RMEM
[    0.214152] Initializing Region       \_SB_.PCI0.SATA.SATX
[    0.214328] Initializing Region       \_SB_.PCI0.SATA.BAR5
[    0.233660] Initializing Region       \_SB_.PCI0.SMB_.SBRV
[    0.233869] Initializing Region       \_SB_.PCI0.SMB_.PMIO
[    0.234017] Initializing Region       \_SB_.PCI0.SMB_.ERMM
[    0.234433] Initializing Region       \_SB_.PCI0.SMB_.P1E0
[    0.234638] Initializing Region       \_SB_.PCI0.SMB_.ABIO
[    0.234788] Initializing Region       \_SB_.PCI0.SMB_.SMB0
[    0.234954] Initializing Region       \_SB_.PCI0.LPC0.PIRQ
[    0.235275] Initializing Region       \_SB_.PCI0.LPC0.LPCR
[    0.235632] Initializing Region       \_SB_.PCI0.LPC0.LPCS
[    0.235840] Initializing Region       \_SB_.PCI0.LPC0.SMI0
[    0.235982] Initializing Region       \_SB_.PCI0.LPC0.SMI1
[    0.236158] Initializing Region       \_SB_.PCI0.LPC0.EC0_.ECO1
[    0.236700] Initializing Region       \_SB_.PCI0.LPC0.EC0_.ECO2
[    0.236905] Initializing Region       \_SB_.PCI0.LPC0.EC0_.ECMB
[    0.237063] Initializing Region       \_SB_.PCI0.LPC0.EC0_.RAM_
[    0.237430] Initializing Region       \_SB_.PCI0.LPC0.EC0_.CMOS
[    0.237679] Initializing Region       \_SB_.PCI0.LPC0.EC0_.VPC0.ERAM
[    0.237997] Initializing Region       \_SB_.PCI0.SPB0.PCFG
[    0.238194] Initializing Region       \_SB_.PCI0.SPB0.XPCB
[    0.238347] Initializing Region       \_SB_.PCI0.SPB0.XPDV.PCFG
[    0.238518] Initializing Region       \_SB_.PCI0.SPB1.PCFG
[    0.238711] Initializing Region       \_SB_.PCI0.SPB1.XPCB
[    0.238884] Initializing Region       \_SB_.PCI0.SPB1.XPDV.PCFG
[    0.239117] Initializing Region       \_SB_.PCI0.SPB2.PCFG
[    0.239308] Initializing Region       \_SB_.PCI0.SPB2.XPCB
[    0.239460] Initializing Region       \_SB_.PCI0.SPB2.XPDV.PCFG
[    0.239643] Initializing Region       \_SB_.PCI0.SPB3.PCFG
[    0.239831] Initializing Region       \_SB_.PCI0.SPB3.XPCB
[    0.240043] Initializing Region       \_SB_.PCI0.SPB3.XPDV.PCFG
[    0.240471] Initializing Region       \_SB_.PCI0.VGA_.REVD
[    0.241014] Initializing BufferField  \_SB_.AMW0.WLID
[    0.241894] Initializing Region       \DEB2
[    0.242100] Initializing Region       \PMIO
[    0.242259] Initializing Region       \P01_
[    0.242440] Initializing Region       \CNVS
[    0.242643] Initializing Region       \SPRT
[    0.242889] Initializing Region       \CMIO
[    0.243266] Executing  Method       \_SB_._STA
[    0.243471] Executing  Method       \_SB_._INI
[    0.243637] Executing  Method       \_SB_.PCI0._STA
[    0.243802] Executing  Method       \_SB_.PCI0._INI
[    0.244369] [Firmware Bug]: ACPI: BIOS _OSI(Linux) query ignored
[    0.244953] Executing  Method       \_SB_.PCI0.SATA._STA
[    0.245177] Executing  Method       \_SB_.PCI0.SATA._INI
[    0.247033] Executing  Method       \_SB_.PCI0.LPC0.EC0_._REG
[    0.273619] ACPI: Interpreter enabled
[    0.273748] ACPI: (supports S0 S5)
[    0.273812] ACPI: Using IOAPIC for interrupt routing
[    0.274249] PCI: MMCONFIG for domain 0000 [bus 00-3f] at [mem 0xf8000000-0xfbffffff] (base 0xf8000000)
[    0.275600] PCI: MMCONFIG at [mem 0xf8000000-0xfbffffff] reserved in ACPI motherboard resources
[    0.276792] bus: 'acpi': registered
[    0.276910] PCI: Using host bridge windows from ACPI; if necessary, use "pci=nocrs" and report a bug
[    0.277096]      scan-1141 get_device_data       : No context for object [ffffffffffffffff]
[    0.277342]     utils-0051 util_eval_error       : Evaluate [\._STA]: AE_NOT_FOUND
[    0.277617] device: 'LNXSYSTM:00': device_add
[    0.277801] bus: 'acpi': add device LNXSYSTM:00
[    0.278018]     utils-0051 util_eval_error       : Evaluate [\._SUN]: AE_NOT_FOUND
[    0.278316]      scan-1933 add_single_object     : Added LNXSYSTM:00 [\] parent (null)
[    0.278585]      scan-1141 get_device_data       : No context for object [ffff88040d825000]
[    0.278800]      scan-1141 get_device_data       : No context for object [ffff88040d8437d0]
[    0.279015]      scan-1141 get_device_data       : No context for object [ffff88040d8437f8]
[    0.279182]      scan-1141 get_device_data       : No context for object [ffff88040d843820]
[    0.279365]      scan-1141 get_device_data       : No context for object [ffff88040d843848]
[    0.279576]      scan-1141 get_device_data       : No context for object [ffff88040d843870]
[    0.279792]      scan-1141 get_device_data       : No context for object [ffff88040d843898]
[    0.280008]      scan-1141 get_device_data       : No context for object [ffff88040d8438c0]
[    0.280176]      scan-1141 get_device_data       : No context for object [ffff88040d8438e8]
[    0.280359]      scan-1141 get_device_data       : No context for object [ffff88040d845398]
[    0.280560]      scan-1141 get_device_data       : No context for object [ffff88040d825028]
[    0.280763]      scan-1141 get_device_data       : No context for object [ffff88040d825168]
[    0.280967]     utils-0051 util_eval_error       : Evaluate [\_PR_.C000._STA]: AE_NOT_FOUND
[    0.281148]      scan-1141 get_device_data       : No context for object [ffff88040d825028]
[    0.281355] device: 'LNXCPU:00': device_add
[    0.281419] bus: 'acpi': add device LNXCPU:00
[    0.281548]     utils-0051 util_eval_error       : Evaluate [\_PR_.C000._SUN]: AE_NOT_FOUND
[    0.281810]      scan-1933 add_single_object     : Added LNXCPU:00 [\_PR_.C000] parent LNXSYSTM:00
[    0.282020]      scan-1141 get_device_data       : No context for object [ffff88040d848398]
[    0.282176]      scan-1141 get_device_data       : No context for object [ffff88040d8483c0]
[    0.282352]      scan-1141 get_device_data       : No context for object [ffff88040d8483e8]
[    0.282549]      scan-1141 get_device_data       : No context for object [ffff88040d848410]
[    0.282752]      scan-1141 get_device_data       : No context for object [ffff88040d848438]
[    0.282955]      scan-1141 get_device_data       : No context for object [ffff88040d848460]
[    0.283136]      scan-1141 get_device_data       : No context for object [ffff88040d825190]
[    0.283338]     utils-0051 util_eval_error       : Evaluate [\_PR_.C001._STA]: AE_NOT_FOUND
[    0.283537]      scan-1141 get_device_data       : No context for object [ffff88040d825028]
[    0.283759] device: 'LNXCPU:01': device_add
[    0.283830] bus: 'acpi': add device LNXCPU:01
[    0.283936]     utils-0051 util_eval_error       : Evaluate [\_PR_.C001._SUN]: AE_NOT_FOUND
[    0.284173]      scan-1933 add_single_object     : Added LNXCPU:01 [\_PR_.C001] parent LNXSYSTM:00
[    0.284373]      scan-1141 get_device_data       : No context for object [ffff88040d848488]
[    0.284571]      scan-1141 get_device_data       : No context for object [ffff88040d8484b0]
[    0.284775]      scan-1141 get_device_data       : No context for object [ffff88040d8484d8]
[    0.284978]      scan-1141 get_device_data       : No context for object [ffff88040d848500]
[    0.285161]      scan-1141 get_device_data       : No context for object [ffff88040d848528]
[    0.285356]      scan-1141 get_device_data       : No context for object [ffff88040d848550]
[    0.285553]      scan-1141 get_device_data       : No context for object [ffff88040d8251b8]
[    0.285758]     utils-0051 util_eval_error       : Evaluate [\_PR_.C002._STA]: AE_NOT_FOUND
[    0.285960]      scan-1141 get_device_data       : No context for object [ffff88040d825028]
[    0.286160] device: 'LNXCPU:02': device_add
[    0.286224] bus: 'acpi': add device LNXCPU:02
[    0.286311]     utils-0051 util_eval_error       : Evaluate [\_PR_.C002._SUN]: AE_NOT_FOUND
[    0.286687]      scan-1933 add_single_object     : Added LNXCPU:02 [\_PR_.C002] parent LNXSYSTM:00
[    0.286687]      scan-1141 get_device_data       : No context for object [ffff88040d848578]
[    0.286878]      scan-1141 get_device_data       : No context for object [ffff88040d8485a0]
[    0.287067]      scan-1141 get_device_data       : No context for object [ffff88040d8485c8]
[    0.287261]      scan-1141 get_device_data       : No context for object [ffff88040d8485f0]
[    0.287453]      scan-1141 get_device_data       : No context for object [ffff88040d848618]
[    0.287653]      scan-1141 get_device_data       : No context for object [ffff88040d848640]
[    0.287855]      scan-1141 get_device_data       : No context for object [ffff88040d8251e0]
[    0.288056]     utils-0051 util_eval_error       : Evaluate [\_PR_.C003._STA]: AE_NOT_FOUND
[    0.288252]      scan-1141 get_device_data       : No context for object [ffff88040d825028]
[    0.288457] device: 'LNXCPU:03': device_add
[    0.288524] bus: 'acpi': add device LNXCPU:03
[    0.288628]     utils-0051 util_eval_error       : Evaluate [\_PR_.C003._SUN]: AE_NOT_FOUND
[    0.290009]      scan-1933 add_single_object     : Added LNXCPU:03 [\_PR_.C003] parent LNXSYSTM:00
[    0.290011]      scan-1141 get_device_data       : No context for object [ffff88040d848668]
[    0.290192]      scan-1141 get_device_data       : No context for object [ffff88040d848690]
[    0.290388]      scan-1141 get_device_data       : No context for object [ffff88040d8486b8]
[    0.290585]      scan-1141 get_device_data       : No context for object [ffff88040d8486e0]
[    0.290788]      scan-1141 get_device_data       : No context for object [ffff88040d848708]
[    0.290991]      scan-1141 get_device_data       : No context for object [ffff88040d848730]
[    0.291149]      scan-1141 get_device_data       : No context for object [ffff88040d825050]
[    0.291326]     utils-0051 util_eval_error       : Evaluate [\_SB_._STA]: AE_NOT_FOUND
[    0.291598] device: 'LNXSYBUS:00': device_add
[    0.291715] bus: 'acpi': add device LNXSYBUS:00
[    0.291826]     utils-0051 util_eval_error       : Evaluate [\_SB_._SUN]: AE_NOT_FOUND
[    0.292072]      scan-1933 add_single_object     : Added LNXSYBUS:00 [\_SB_] parent LNXSYSTM:00
[    0.292282]      scan-1141 get_device_data       : No context for object [ffff88040d8253c0]
[    0.292478]      scan-1141 get_device_data       : No context for object [ffff88040d8253e8]
[    0.292676]      scan-1141 get_device_data       : No context for object [ffff88040d825410]
[    0.292879]      scan-1141 get_device_data       : No context for object [ffff88040d825438]
[    0.293061]      scan-1141 get_device_data       : No context for object [ffff88040d825460]
[    0.293262]      scan-1141 get_device_data       : No context for object [ffff88040d825488]
[    0.293496]      scan-1141 get_device_data       : No context for object [ffff88040d8254b0]
[    0.293694]      scan-1141 get_device_data       : No context for object [ffff88040d8255a0]
[    0.293899]     utils-0051 util_eval_error       : Evaluate [\_SB_.PWRB._STA]: AE_NOT_FOUND
[    0.294176] device: 'PNP0C0C:00': device_add
[    0.294293] bus: 'acpi': add device PNP0C0C:00
[    0.294382]     utils-0051 util_eval_error       : Evaluate [\_SB_.PWRB._SUN]: AE_NOT_FOUND
[    0.294586]      scan-1933 add_single_object     : Added PNP0C0C:00 [\_SB_.PWRB] parent LNXSYBUS:00
[    0.294797]      scan-1141 get_device_data       : No context for object [ffff88040d8255c8]
[    0.295001]      scan-1141 get_device_data       : No context for object [ffff88040d8255f0]
[    0.295160]     utils-0051 util_eval_error       : Evaluate [\_SB_.PCI0._STA]: AE_NOT_FOUND
[    0.295400] device: 'PNP0A08:00': device_add
[    0.295509] bus: 'acpi': add device PNP0A08:00
[    0.295606]     utils-0051 util_eval_error       : Evaluate [\_SB_.PCI0._SUN]: AE_NOT_FOUND
[    0.296731]      scan-1933 add_single_object     : Added PNP0A08:00 [\_SB_.PCI0] parent LNXSYBUS:00
[    0.296731]      scan-1141 get_device_data       : No context for object [ffff88040d825618]
[    0.296731]      scan-1141 get_device_data       : No context for object [ffff88040d825640]
[    0.296731]      scan-1141 get_device_data       : No context for object [ffff88040d825668]
[    0.296731]      scan-1141 get_device_data       : No context for object [ffff88040d825690]
[    0.296875]      scan-1141 get_device_data       : No context for object [ffff88040d8256b8]
[    0.297078]      scan-1141 get_device_data       : No context for object [ffff88040d8256e0]
[    0.297280]      scan-1141 get_device_data       : No context for object [ffff88040d825708]
[    0.297476]      scan-1141 get_device_data       : No context for object [ffff88040d825730]
[    0.297673]      scan-1141 get_device_data       : No context for object [ffff88040d825758]
[    0.297875]      scan-1141 get_device_data       : No context for object [ffff88040d825780]
[    0.298078]      scan-1141 get_device_data       : No context for object [ffff88040d8257a8]
[    0.298280]      scan-1141 get_device_data       : No context for object [ffff88040d8257d0]
[    0.298475]      scan-1141 get_device_data       : No context for object [ffff88040d8257f8]
[    0.298673]      scan-1141 get_device_data       : No context for object [ffff88040d825820]
[    0.298875]      scan-1141 get_device_data       : No context for object [ffff88040d825848]
[    0.299078]      scan-1141 get_device_data       : No context for object [ffff88040d825870]
[    0.299280]      scan-1141 get_device_data       : No context for object [ffff88040d825898]
[    0.299475]      scan-1141 get_device_data       : No context for object [ffff88040d8258c0]
[    0.299670]      scan-1141 get_device_data       : No context for object [ffff88040d8258e8]
[    0.299874]      scan-1141 get_device_data       : No context for object [ffff88040d825910]
[    0.300005]      scan-1141 get_device_data       : No context for object [ffff88040d825938]
[    0.300207]      scan-1141 get_device_data       : No context for object [ffff88040d825960]
[    0.300402]      scan-1141 get_device_data       : No context for object [ffff88040d825988]
[    0.300598]      scan-1141 get_device_data       : No context for object [ffff88040d8259b0]
[    0.300800]      scan-1141 get_device_data       : No context for object [ffff88040d8259d8]
[    0.301003]      scan-1141 get_device_data       : No context for object [ffff88040d825a00]
[    0.301205]      scan-1141 get_device_data       : No context for object [ffff88040d825a28]
[    0.301404]      scan-1141 get_device_data       : No context for object [ffff88040d825a50]
[    0.301599]      scan-1141 get_device_data       : No context for object [ffff88040d825a78]
[    0.301801]      scan-1141 get_device_data       : No context for object [ffff88040d825aa0]
[    0.302004]      scan-1141 get_device_data       : No context for object [ffff88040d825ac8]
[    0.302207]      scan-1141 get_device_data       : No context for object [ffff88040d825af0]
[    0.302404]      scan-1141 get_device_data       : No context for object [ffff88040d825b18]
[    0.302597]      scan-1141 get_device_data       : No context for object [ffff88040d825b40]
[    0.302796]      scan-1141 get_device_data       : No context for object [ffff88040d825b68]
[    0.302995]      scan-1141 get_device_data       : No context for object [ffff88040d825b90]
[    0.303195]      scan-1141 get_device_data       : No context for object [ffff88040d825bb8]
[    0.303496]      scan-1141 get_device_data       : No context for object [ffff88040d825be0]
[    0.303687]      scan-1141 get_device_data       : No context for object [ffff88040d825c08]
[    0.303887]      scan-1141 get_device_data       : No context for object [ffff88040d825c30]
[    0.304087]      scan-1141 get_device_data       : No context for object [ffff88040d825c58]
[    0.304287]      scan-1141 get_device_data       : No context for object [ffff88040d825c80]
[    0.304485]      scan-1141 get_device_data       : No context for object [ffff88040d825ca8]
[    0.304677]      scan-1141 get_device_data       : No context for object [ffff88040d825cd0]
[    0.304871]      scan-1141 get_device_data       : No context for object [ffff88040d825cf8]
[    0.305071]      scan-1141 get_device_data       : No context for object [ffff88040d825d20]
[    0.305254]      scan-1141 get_device_data       : No context for object [ffff88040d825d48]
[    0.305452]      scan-1141 get_device_data       : No context for object [ffff88040d825d70]
[    0.305645]      scan-1141 get_device_data       : No context for object [ffff88040d825d98]
[    0.305840]      scan-1141 get_device_data       : No context for object [ffff88040d825dc0]
[    0.306039]      scan-1141 get_device_data       : No context for object [ffff88040d825de8]
[    0.306192]      scan-1141 get_device_data       : No context for object [ffff88040d825e10]
[    0.306373]      scan-1141 get_device_data       : No context for object [ffff88040d825e38]
[    0.306568]      scan-1141 get_device_data       : No context for object [ffff88040d825e60]
[    0.306669]      scan-1141 get_device_data       : No context for object [ffff88040d825e88]
[    0.306871]      scan-1141 get_device_data       : No context for object [ffff88040d825eb0]
[    0.307053]      scan-1141 get_device_data       : No context for object [ffff88040d825ed8]
[    0.307256]      scan-1141 get_device_data       : No context for object [ffff88040d825f00]
[    0.307457]      scan-1141 get_device_data       : No context for object [ffff88040d825f28]
[    0.307651]      scan-1141 get_device_data       : No context for object [ffff88040d825f50]
[    0.308865]      scan-1141 get_device_data       : No context for object [ffff88040d825f78]
[    0.309047]      scan-1141 get_device_data       : No context for object [ffff88040d825fa0]
[    0.309250]      scan-1141 get_device_data       : No context for object [ffff88040d825fc8]
[    0.309452]      scan-1141 get_device_data       : No context for object [ffff88040d82a000]
[    0.309647]      scan-1141 get_device_data       : No context for object [ffff88040d82a028]
[    0.309846]     utils-0051 util_eval_error       : Evaluate [\_SB_.PCI0.MEMR._STA]: AE_NOT_FOUND
[    0.310185] device: 'PNP0C02:00': device_add
[    0.310301] bus: 'acpi': add device PNP0C02:00
[    0.310407]     utils-0051 util_eval_error       : Evaluate [\_SB_.PCI0.MEMR._SUN]: AE_NOT_FOUND
[    0.310662]      scan-1933 add_single_object     : Added PNP0C02:00 [\_SB_.PCI0.MEMR] parent PNP0A08:00
[    0.310864]      scan-1141 get_device_data       : No context for object [ffff88040d82a050]
[    0.311066]      scan-1141 get_device_data       : No context for object [ffff88040d82a078]
[    0.311247]      scan-1141 get_device_data       : No context for object [ffff88040d82a0a0]
[    0.311451]      scan-1141 get_device_data       : No context for object [ffff88040d82a0c8]
[    0.311652]      scan-1141 get_device_data       : No context for object [ffff88040d82a0f0]
[    0.311847]      scan-1141 get_device_data       : No context for object [ffff88040d82a118]
[    0.312046]      scan-1141 get_device_data       : No context for object [ffff88040d82a140]
[    0.312237]      scan-1141 get_device_data       : No context for object [ffff88040d82a168]
[    0.312440]      scan-1141 get_device_data       : No context for object [ffff88040d82a190]
[    0.312640]      scan-1141 get_device_data       : No context for object [ffff88040d82a1b8]
[    0.312835]      scan-1141 get_device_data       : No context for object [ffff88040d82a1e0]
[    0.313035]      scan-1141 get_device_data       : No context for object [ffff88040d82a208]
[    0.313192]      scan-1141 get_device_data       : No context for object [ffff88040d82a230]
[    0.313339]      scan-1141 get_device_data       : No context for object [ffff88040d82a258]
[    0.313541]      scan-1141 get_device_data       : No context for object [ffff88040d82a280]
[    0.313736]      scan-1141 get_device_data       : No context for object [ffff88040d82a2a8]
[    0.313936]     utils-0051 util_eval_error       : Evaluate [\_SB_.PCI0.PB2_._STA]: AE_NOT_FOUND
[    0.314280] device: 'device:00': device_add
[    0.314355] bus: 'acpi': add device device:00
[    0.314458]     utils-0051 util_eval_error       : Evaluate [\_SB_.PCI0.PB2_._SUN]: AE_NOT_FOUND
[    0.314716]      scan-1933 add_single_object     : Added device:00 [\_SB_.PCI0.PB2_] parent PNP0A08:00
[    0.314916]      scan-1141 get_device_data       : No context for object [ffff88040d82a2d0]
[    0.315093]      scan-1141 get_device_data       : No context for object [ffff88040d82a2f8]
[    0.315297]      scan-1141 get_device_data       : No context for object [ffff88040d82a320]
[    0.315500]      scan-1141 get_device_data       : No context for object [ffff88040d82a348]
[    0.315701]      scan-1141 get_device_data       : No context for object [ffff88040d82a370]
[    0.315896]      scan-1141 get_device_data       : No context for object [ffff88040d82a398]
[    0.316074]      scan-1141 get_device_data       : No context for object [ffff88040d82a3c0]
[    0.316277]      scan-1141 get_device_data       : No context for object [ffff88040d82a3e8]
[    0.316480]      scan-1141 get_device_data       : No context for object [ffff88040d82a410]
[    0.316670]      scan-1141 get_device_data       : No context for object [ffff88040d82a438]
[    0.316866]      scan-1141 get_device_data       : No context for object [ffff88040d82a460]
[    0.317050]      scan-1141 get_device_data       : No context for object [ffff88040d82a488]
[    0.317254]      scan-1141 get_device_data       : No context for object [ffff88040d82a4b0]
[    0.317457]      scan-1141 get_device_data       : No context for object [ffff88040d82a4d8]
[    0.317659]      scan-1141 get_device_data       : No context for object [ffff88040d82a500]
[    0.317854]      scan-1141 get_device_data       : No context for object [ffff88040d82a528]
[    0.318050]      scan-1141 get_device_data       : No context for object [ffff88040d82a550]
[    0.318252]      scan-1141 get_device_data       : No context for object [ffff88040d82a578]
[    0.318455]      scan-1141 get_device_data       : No context for object [ffff88040d82a5a0]
[    0.318658]      scan-1141 get_device_data       : No context for object [ffff88040d82a5c8]
[    0.318856]      scan-1141 get_device_data       : No context for object [ffff88040d82a5f0]
[    0.319051]      scan-1141 get_device_data       : No context for object [ffff88040d82a618]
[    0.319251]      scan-1141 get_device_data       : No context for object [ffff88040d82a640]
[    0.319453]      scan-1141 get_device_data       : No context for object [ffff88040d82a668]
[    0.319654]      scan-1141 get_device_data       : No context for object [ffff88040d82a690]
[    0.319849]      scan-1141 get_device_data       : No context for object [ffff88040d82a6b8]
[    0.320003]      scan-1141 get_device_data       : No context for object [ffff88040d82a6e0]
[    0.320200]      scan-1141 get_device_data       : No context for object [ffff88040d82a708]
[    0.320401]      scan-1141 get_device_data       : No context for object [ffff88040d82a730]
[    0.320602]      scan-1141 get_device_data       : No context for object [ffff88040d82a758]
[    0.320799]      scan-1141 get_device_data       : No context for object [ffff88040d82a780]
[    0.320992]     utils-0051 util_eval_error       : Evaluate [\_SB_.PCI0.PB2_.VGA_._STA]: AE_NOT_FOUND
[    0.321268] device: 'device:01': device_add
[    0.321384] bus: 'acpi': add device device:01
[    0.321486]     utils-0051 util_eval_error       : Evaluate [\_SB_.PCI0.PB2_.VGA_._SUN]: AE_NOT_FOUND
[    0.321746]      scan-1933 add_single_object     : Added device:01 [\_SB_.PCI0.PB2_.VGA_] parent device:00
[    0.321947]      scan-1141 get_device_data       : No context for object [ffff88040d82a7a8]
[    0.322095]      scan-1141 get_device_data       : No context for object [ffff88040d82a7d0]
[    0.322275]      scan-1141 get_device_data       : No context for object [ffff88040d82a7f8]
[    0.322476]      scan-1141 get_device_data       : No context for object [ffff88040d82a820]
[    0.322675]      scan-1141 get_device_data       : No context for object [ffff88040d82a848]
[    0.322873]      scan-1141 get_device_data       : No context for object [ffff88040d82a870]
[    0.323048]      scan-1141 get_device_data       : No context for object [ffff88040d82a898]
[    0.323339]      scan-1141 get_device_data       : No context for object [ffff88040d82a8c0]
[    0.323542]      scan-1141 get_device_data       : No context for object [ffff88040d82a8e8]
[    0.323745]      scan-1141 get_device_data       : No context for object [ffff88040d82a910]
[    0.323945]      scan-1141 get_device_data       : No context for object [ffff88040d82a938]
[    0.324121]      scan-1141 get_device_data       : No context for object [ffff88040d82a960]
[    0.324318]      scan-1141 get_device_data       : No context for object [ffff88040d82a988]
[    0.324521]      scan-1141 get_device_data       : No context for object [ffff88040d82a9b0]
[    0.324725]      scan-1141 get_device_data       : No context for object [ffff88040d82a9d8]
[    0.324927]      scan-1141 get_device_data       : No context for object [ffff88040d82aa00]
[    0.325103]      scan-1141 get_device_data       : No context for object [ffff88040d82aa28]
[    0.325301]      scan-1141 get_device_data       : No context for object [ffff88040d82aa50]
[    0.325504]      scan-1141 get_device_data       : No context for object [ffff88040d82aa78]
[    0.325706]      scan-1141 get_device_data       : No context for object [ffff88040d82aaa0]
[    0.325908]      scan-1141 get_device_data       : No context for object [ffff88040d82aac8]
[    0.326103]      scan-1141 get_device_data       : No context for object [ffff88040d82aaf0]
[    0.326298]      scan-1141 get_device_data       : No context for object [ffff88040d82ab18]
[    0.326503]      scan-1141 get_device_data       : No context for object [ffff88040d82ab40]
[    0.326672]      scan-1141 get_device_data       : No context for object [ffff88040d82ab68]
[    0.326875]      scan-1141 get_device_data       : No context for object [ffff88040d82ab90]
[    0.328068]      scan-1141 get_device_data       : No context for object [ffff88040d82abb8]
[    0.328263]      scan-1141 get_device_data       : No context for object [ffff88040d82abe0]
[    0.328465]      scan-1141 get_device_data       : No context for object [ffff88040d82ac08]
[    0.328667]      scan-1141 get_device_data       : No context for object [ffff88040d82ac30]
[    0.328870]      scan-1141 get_device_data       : No context for object [ffff88040d82ac58]
[    0.329067]      scan-1141 get_device_data       : No context for object [ffff88040d82ac80]
[    0.329262]      scan-1141 get_device_data       : No context for object [ffff88040d82aca8]
[    0.329464]      scan-1141 get_device_data       : No context for object [ffff88040d82acd0]
[    0.329668]      scan-1141 get_device_data       : No context for object [ffff88040d82acf8]
[    0.329870]      scan-1141 get_device_data       : No context for object [ffff88040d82ad20]
[    0.330003]      scan-1141 get_device_data       : No context for object [ffff88040d82ad48]
[    0.330199]      scan-1141 get_device_data       : No context for object [ffff88040d82ad70]
[    0.330399]      scan-1141 get_device_data       : No context for object [ffff88040d82ad98]
[    0.330602]      scan-1141 get_device_data       : No context for object [ffff88040d843438]
[    0.330806]      scan-1141 get_device_data       : No context for object [ffff88040d82adc0]
[    0.331002]     utils-0051 util_eval_error       : Evaluate [\_SB_.PCI0.PB2_.HDAU._STA]: AE_NOT_FOUND
[    0.331251] device: 'device:02': device_add
[    0.331367] bus: 'acpi': add device device:02
[    0.331474]     utils-0051 util_eval_error       : Evaluate [\_SB_.PCI0.PB2_.HDAU._SUN]: AE_NOT_FOUND
[    0.331737]      scan-1933 add_single_object     : Added device:02 [\_SB_.PCI0.PB2_.HDAU] parent device:00
[    0.331943]      scan-1141 get_device_data       : No context for object [ffff88040d82ade8]
[    0.332092]      scan-1141 get_device_data       : No context for object [ffff88040d82ae10]
[    0.332269]      scan-1141 get_device_data       : No context for object [ffff88040d82ae38]
[    0.332472]      scan-1141 get_device_data       : No context for object [ffff88040d82ae60]
[    0.332675]      scan-1141 get_device_data       : No context for object [ffff88040d82ae88]
[    0.332878]      scan-1141 get_device_data       : No context for object [ffff88040d82aeb0]
[    0.333057]      scan-1141 get_device_data       : No context for object [ffff88040d82aed8]
[    0.333337]     utils-0051 util_eval_error       : Evaluate [\_SB_.PCI0.PB3_._STA]: AE_NOT_FOUND
[    0.333687] device: 'device:03': device_add
[    0.333757] bus: 'acpi': add device device:03
[    0.333862]     utils-0051 util_eval_error       : Evaluate [\_SB_.PCI0.PB3_._SUN]: AE_NOT_FOUND
[    0.334098]      scan-1933 add_single_object     : Added device:03 [\_SB_.PCI0.PB3_] parent PNP0A08:00
[    0.334299]      scan-1141 get_device_data       : No context for object [ffff88040d82af00]
[    0.334499]      scan-1141 get_device_data       : No context for object [ffff88040d82af28]
[    0.334701]      scan-1141 get_device_data       : No context for object [ffff88040d82af50]
[    0.334904]      scan-1141 get_device_data       : No context for object [ffff88040d82af78]
[    0.335086]      scan-1141 get_device_data       : No context for object [ffff88040d82afa0]
[    0.335281]      scan-1141 get_device_data       : No context for object [ffff88040d82afc8]
[    0.335476]      scan-1141 get_device_data       : No context for object [ffff88040d82b000]
[    0.335680]      scan-1141 get_device_data       : No context for object [ffff88040d82b028]
[    0.335883]      scan-1141 get_device_data       : No context for object [ffff88040d82b050]
[    0.336085]      scan-1141 get_device_data       : No context for object [ffff88040d82b078]
[    0.336278]      scan-1141 get_device_data       : No context for object [ffff88040d82b0a0]
[    0.336471]      scan-1141 get_device_data       : No context for object [ffff88040d82b0c8]
[    0.336672]      scan-1141 get_device_data       : No context for object [ffff88040d82b0f0]
[    0.336872]      scan-1141 get_device_data       : No context for object [ffff88040d82b118]
[    0.337073]      scan-1141 get_device_data       : No context for object [ffff88040d82b140]
[    0.337269]      scan-1141 get_device_data       : No context for object [ffff88040d82b168]
[    0.337461]      scan-1141 get_device_data       : No context for object [ffff88040d82b190]
[    0.337659]      scan-1141 get_device_data       : No context for object [ffff88040d82b1b8]
[    0.337858]      scan-1141 get_device_data       : No context for object [ffff88040d82b1e0]
[    0.338059]      scan-1141 get_device_data       : No context for object [ffff88040d82b208]
[    0.338257]      scan-1141 get_device_data       : No context for object [ffff88040d82b230]
[    0.338451]      scan-1141 get_device_data       : No context for object [ffff88040d82b258]
[    0.338647]      scan-1141 get_device_data       : No context for object [ffff88040d82b280]
[    0.338848]      scan-1141 get_device_data       : No context for object [ffff88040d82b2a8]
[    0.339049]      scan-1141 get_device_data       : No context for object [ffff88040d82b2d0]
[    0.339230]      scan-1141 get_device_data       : No context for object [ffff88040d82b2f8]
[    0.339423]      scan-1141 get_device_data       : No context for object [ffff88040d82b320]
[    0.339621]      scan-1141 get_device_data       : No context for object [ffff88040d82b348]
[    0.339822]      scan-1141 get_device_data       : No context for object [ffff88040d82b370]
[    0.340005]      scan-1141 get_device_data       : No context for object [ffff88040d82b398]
[    0.340196]      scan-1141 get_device_data       : No context for object [ffff88040d82b3c0]
[    0.340393]     utils-0051 util_eval_error       : Evaluate [\_SB_.PCI0.PB3_.VGA_._STA]: AE_NOT_FOUND
[    0.340650]     video-0058 backlight_cap_match   : Found generic backlight support
[    0.340920] device: 'LNXVIDEO:00': device_add
[    0.340990] bus: 'acpi': add device LNXVIDEO:00
[    0.341105]     utils-0051 util_eval_error       : Evaluate [\_SB_.PCI0.PB3_.VGA_._SUN]: AE_NOT_FOUND
[    0.341295]      scan-1933 add_single_object     : Added LNXVIDEO:00 [\_SB_.PCI0.PB3_.VGA_] parent device:03
[    0.341498]      scan-1141 get_device_data       : No context for object [ffff88040d82b3e8]
[    0.341697]      scan-1141 get_device_data       : No context for object [ffff88040d82b410]
[    0.341900]      scan-1141 get_device_data       : No context for object [ffff88040d82b438]
[    0.342082]      scan-1141 get_device_data       : No context for object [ffff88040d82b460]
[    0.342284]      scan-1141 get_device_data       : No context for object [ffff88040d82b488]
[    0.342479]      scan-1141 get_device_data       : No context for object [ffff88040d82b4b0]
[    0.342677]      scan-1141 get_device_data       : No context for object [ffff88040d82b4d8]
[    0.342879]      scan-1141 get_device_data       : No context for object [ffff88040d82b500]
[    0.343066]      scan-1141 get_device_data       : No context for object [ffff88040d82b528]
[    0.343267]      scan-1141 get_device_data       : No context for object [ffff88040d82b550]
[    0.343497]      scan-1141 get_device_data       : No context for object [ffff88040d82b578]
[    0.343692]      scan-1141 get_device_data       : No context for object [ffff88040d82b5a0]
[    0.343895]      scan-1141 get_device_data       : No context for object [ffff88040d82b5c8]
[    0.344098]      scan-1141 get_device_data       : No context for object [ffff88040d82b5f0]
[    0.344301]      scan-1141 get_device_data       : No context for object [ffff88040d82b618]
[    0.344496]      scan-1141 get_device_data       : No context for object [ffff88040d82b640]
[    0.344691]      scan-1141 get_device_data       : No context for object [ffff88040d82b668]
[    0.344890]      scan-1141 get_device_data       : No context for object [ffff88040d82b690]
[    0.345093]      scan-1141 get_device_data       : No context for object [ffff88040d82b6b8]
[    0.345293]      scan-1141 get_device_data       : No context for object [ffff88040d82b6e0]
[    0.345489]      scan-1141 get_device_data       : No context for object [ffff88040d82b708]
[    0.345685]      scan-1141 get_device_data       : No context for object [ffff88040d82b730]
[    0.345880]      scan-1141 get_device_data       : No context for object [ffff88040d82b758]
[    0.346075]      scan-1141 get_device_data       : No context for object [ffff88040d82b780]
[    0.346669]      scan-1141 get_device_data       : No context for object [ffff88040d82b7a8]
[    0.346865]      scan-1141 get_device_data       : No context for object [ffff88040d82b7d0]
[    0.347065]      scan-1141 get_device_data       : No context for object [ffff88040d82b7f8]
[    0.347262]      scan-1141 get_device_data       : No context for object [ffff88040d82b820]
[    0.347465]      scan-1141 get_device_data       : No context for object [ffff88040d82b848]
[    0.347666]      scan-1141 get_device_data       : No context for object [ffff88040d82b870]
[    0.347862]      scan-1141 get_device_data       : No context for object [ffff88040d82b898]
[    0.348057]      scan-1141 get_device_data       : No context for object [ffff88040d82b8c0]
[    0.348252]      scan-1141 get_device_data       : No context for object [ffff88040d82b8e8]
[    0.348447]      scan-1141 get_device_data       : No context for object [ffff88040d82b910]
[    0.348627]      scan-1141 get_device_data       : No context for object [ffff88040d82b938]
[    0.348830]      scan-1141 get_device_data       : No context for object [ffff88040d82b960]
[    0.349033]      scan-1141 get_device_data       : No context for object [ffff88040d82b988]
[    0.349229]      scan-1141 get_device_data       : No context for object [ffff88040d82b9b0]
[    0.350003]      scan-1141 get_device_data       : No context for object [ffff88040d82b9d8]
[    0.350153]      scan-1141 get_device_data       : No context for object [ffff88040d843460]
[    0.350329]      scan-1141 get_device_data       : No context for object [ffff88040d846c08]
[    0.350524]      scan-1141 get_device_data       : No context for object [ffff88040d846c30]
[    0.350722]      scan-1141 get_device_data       : No context for object [ffff88040d846c58]
[    0.350926]     utils-0051 util_eval_error       : Evaluate [\_SB_.PCI0.PB3_.VGA_.CRT_._STA]: AE_NOT_FOUND
[    0.351167] device: 'device:04': device_add
[    0.351277] bus: 'acpi': add device device:04
[    0.351361]     utils-0051 util_eval_error       : Evaluate [\_SB_.PCI0.PB3_.VGA_.CRT_._SUN]: AE_NOT_FOUND
[    0.351566]      scan-1933 add_single_object     : Added device:04 [\_SB_.PCI0.PB3_.VGA_.CRT_] parent LNXVIDEO:00
[    0.351774]      scan-1141 get_device_data       : No context for object [ffff88040d846c80]
[    0.351977]      scan-1141 get_device_data       : No context for object [ffff88040d846ca8]
[    0.352131]      scan-1141 get_device_data       : No context for object [ffff88040d846cd0]
[    0.352306]      scan-1141 get_device_data       : No context for object [ffff88040d846cf8]
[    0.352502]      scan-1141 get_device_data       : No context for object [ffff88040d846d20]
[    0.352695]     utils-0051 util_eval_error       : Evaluate [\_SB_.PCI0.PB3_.VGA_.LCD_._STA]: AE_NOT_FOUND
[    0.352952] device: 'device:05': device_add
[    0.353067] bus: 'acpi': add device device:05
[    0.353174]     utils-0051 util_eval_error       : Evaluate [\_SB_.PCI0.PB3_.VGA_.LCD_._SUN]: AE_NOT_FOUND
[    0.353400]      scan-1933 add_single_object     : Added device:05 [\_SB_.PCI0.PB3_.VGA_.LCD_] parent LNXVIDEO:00
[    0.353543]      scan-1141 get_device_data       : No context for object [ffff88040d846d48]
[    0.353736]      scan-1141 get_device_data       : No context for object [ffff88040d846d70]
[    0.353928]      scan-1141 get_device_data       : No context for object [ffff88040d846d98]
[    0.354073]      scan-1141 get_device_data       : No context for object [ffff88040d846dc0]
[    0.354249]      scan-1141 get_device_data       : No context for object [ffff88040d846de8]
[    0.354449]      scan-1141 get_device_data       : No context for object [ffff88040d846e10]
[    0.354648]      scan-1141 get_device_data       : No context for object [ffff88040d846e38]
[    0.354841]      scan-1141 get_device_data       : No context for object [ffff88040d846e60]
[    0.355017]     utils-0051 util_eval_error       : Evaluate [\_SB_.PCI0.PB3_.VGA_.TV0_._STA]: AE_NOT_FOUND
[    0.355258] device: 'device:06': device_add
[    0.355366] bus: 'acpi': add device device:06
[    0.355460]     utils-0051 util_eval_error       : Evaluate [\_SB_.PCI0.PB3_.VGA_.TV0_._SUN]: AE_NOT_FOUND
[    0.356666]      scan-1933 add_single_object     : Added device:06 [\_SB_.PCI0.PB3_.VGA_.TV0_] parent LNXVIDEO:00
[    0.356666]      scan-1141 get_device_data       : No context for object [ffff88040d846e88]
[    0.356666]      scan-1141 get_device_data       : No context for object [ffff88040d846eb0]
[    0.356666]      scan-1141 get_device_data       : No context for object [ffff88040d846ed8]
[    0.356666]      scan-1141 get_device_data       : No context for object [ffff88040d846f00]
[    0.356670]      scan-1141 get_device_data       : No context for object [ffff88040d846f28]
[    0.356866]     utils-0051 util_eval_error       : Evaluate [\_SB_.PCI0.PB3_.VGA_.HDMI._STA]: AE_NOT_FOUND
[    0.357137] device: 'device:07': device_add
[    0.357253] bus: 'acpi': add device device:07
[    0.357342]     utils-0051 util_eval_error       : Evaluate [\_SB_.PCI0.PB3_.VGA_.HDMI._SUN]: AE_NOT_FOUND
[    0.357548]      scan-1933 add_single_object     : Added device:07 [\_SB_.PCI0.PB3_.VGA_.HDMI] parent LNXVIDEO:00
[    0.357748]      scan-1141 get_device_data       : No context for object [ffff88040d846f50]
[    0.357944]      scan-1141 get_device_data       : No context for object [ffff88040d846f78]
[    0.358093]      scan-1141 get_device_data       : No context for object [ffff88040d846fa0]
[    0.358274]      scan-1141 get_device_data       : No context for object [ffff88040d846fc8]
[    0.358478]      scan-1141 get_device_data       : No context for object [ffff88040d82ba00]
[    0.358676]     utils-0051 util_eval_error       : Evaluate [\_SB_.PCI0.PB3_.HDAU._STA]: AE_NOT_FOUND
[    0.358916] device: 'device:08': device_add
[    0.359027] bus: 'acpi': add device device:08
[    0.359111]     utils-0051 util_eval_error       : Evaluate [\_SB_.PCI0.PB3_.HDAU._SUN]: AE_NOT_FOUND
[    0.360063]      scan-1933 add_single_object     : Added device:08 [\_SB_.PCI0.PB3_.HDAU] parent device:03
[    0.360063]      scan-1141 get_device_data       : No context for object [ffff88040d82ba28]
[    0.360063]      scan-1141 get_device_data       : No context for object [ffff88040d82ba50]
[    0.360063]      scan-1141 get_device_data       : No context for object [ffff88040d82ba78]
[    0.360179]      scan-1141 get_device_data       : No context for object [ffff88040d82baa0]
[    0.360375]      scan-1141 get_device_data       : No context for object [ffff88040d82bac8]
[    0.360571]      scan-1141 get_device_data       : No context for object [ffff88040d82baf0]
[    0.360767]      scan-1141 get_device_data       : No context for object [ffff88040d82bb18]
[    0.360972]     utils-0051 util_eval_error       : Evaluate [\_SB_.PCI0.PB4_._STA]: AE_NOT_FOUND
[    0.361264] device: 'device:09': device_add
[    0.361329] bus: 'acpi': add device device:09
[    0.361415]     utils-0051 util_eval_error       : Evaluate [\_SB_.PCI0.PB4_._SUN]: AE_NOT_FOUND
[    0.361621]      scan-1933 add_single_object     : Added device:09 [\_SB_.PCI0.PB4_] parent PNP0A08:00
[    0.361826]      scan-1141 get_device_data       : No context for object [ffff88040d82bb40]
[    0.362027]      scan-1141 get_device_data       : No context for object [ffff88040d82bb68]
[    0.362184]      scan-1141 get_device_data       : No context for object [ffff88040d82bb90]
[    0.362365]      scan-1141 get_device_data       : No context for object [ffff88040d82bbb8]
[    0.362565]      scan-1141 get_device_data       : No context for object [ffff88040d82bbe0]
[    0.362760]      scan-1141 get_device_data       : No context for object [ffff88040d82bc08]
[    0.362955]      scan-1141 get_device_data       : No context for object [ffff88040d82bc30]
[    0.363131]      scan-1141 get_device_data       : No context for object [ffff88040d82bc58]
[    0.363326]      scan-1141 get_device_data       : No context for object [ffff88040d82bc80]
[    0.363500]      scan-1141 get_device_data       : No context for object [ffff88040d82bca8]
[    0.363704]      scan-1141 get_device_data       : No context for object [ffff88040d82bcd0]
[    0.363904]      scan-1141 get_device_data       : No context for object [ffff88040d82bcf8]
[    0.364088]      scan-1141 get_device_data       : No context for object [ffff88040d82bd20]
[    0.364283]      scan-1141 get_device_data       : No context for object [ffff88040d82bd48]
[    0.364479]      scan-1141 get_device_data       : No context for object [ffff88040d82bd70]
[    0.364674]      scan-1141 get_device_data       : No context for object [ffff88040d82bd98]
[    0.364873]      scan-1141 get_device_data       : No context for object [ffff88040d82bdc0]
[    0.366077]      scan-1141 get_device_data       : No context for object [ffff88040d82bde8]
[    0.366274]      scan-1141 get_device_data       : No context for object [ffff88040d82be10]
[    0.366473]      scan-1141 get_device_data       : No context for object [ffff88040d82be38]
[    0.366672]      scan-1141 get_device_data       : No context for object [ffff88040d82be60]
[    0.366872]      scan-1141 get_device_data       : No context for object [ffff88040d82be88]
[    0.367068]      scan-1141 get_device_data       : No context for object [ffff88040d82beb0]
[    0.367264]      scan-1141 get_device_data       : No context for object [ffff88040d82bed8]
[    0.367460]      scan-1141 get_device_data       : No context for object [ffff88040d82bf00]
[    0.367656]      scan-1141 get_device_data       : No context for object [ffff88040d82bf28]
[    0.367851]      scan-1141 get_device_data       : No context for object [ffff88040d82bf50]
[    0.368052]      scan-1141 get_device_data       : No context for object [ffff88040d82bf78]
[    0.368251]      scan-1141 get_device_data       : No context for object [ffff88040d82bfa0]
[    0.368453]      scan-1141 get_device_data       : No context for object [ffff88040d82bfc8]
[    0.368653]      scan-1141 get_device_data       : No context for object [ffff88040d82d000]
[    0.368849]     utils-0051 util_eval_error       : Evaluate [\_SB_.PCI0.PB4_.XPDV._STA]: AE_NOT_FOUND
[    0.369089] device: 'device:0a': device_add
[    0.369182] bus: 'acpi': add device device:0a
[    0.369266]     utils-0051 util_eval_error       : Evaluate [\_SB_.PCI0.PB4_.XPDV._SUN]: AE_NOT_FOUND
[    0.370009]      scan-1933 add_single_object     : Added device:0a [\_SB_.PCI0.PB4_.XPDV] parent device:09
[    0.370009]      scan-1141 get_device_data       : No context for object [ffff88040d82d028]
[    0.370009]      scan-1141 get_device_data       : No context for object [ffff88040d82d050]
[    0.370009]      scan-1141 get_device_data       : No context for object [ffff88040d82d078]
[    0.370196]      scan-1141 get_device_data       : No context for object [ffff88040d82d0a0]
[    0.370390]      scan-1141 get_device_data       : No context for object [ffff88040d82d0c8]
[    0.370583]      scan-1141 get_device_data       : No context for object [ffff88040d843500]
[    0.370784]      scan-1141 get_device_data       : No context for object [ffff88040d82d0f0]
[    0.370984]      scan-1141 get_device_data       : No context for object [ffff88040d82d118]
[    0.371161]     utils-0051 util_eval_error       : Evaluate [\_SB_.PCI0.PB5_._STA]: AE_NOT_FOUND
[    0.371460] device: 'device:0b': device_add
[    0.371523] bus: 'acpi': add device device:0b
[    0.371609]     utils-0051 util_eval_error       : Evaluate [\_SB_.PCI0.PB5_._SUN]: AE_NOT_FOUND
[    0.371820]      scan-1933 add_single_object     : Added device:0b [\_SB_.PCI0.PB5_] parent PNP0A08:00
[    0.372023]      scan-1141 get_device_data       : No context for object [ffff88040d82d140]
[    0.372219]      scan-1141 get_device_data       : No context for object [ffff88040d82d168]
[    0.372410]      scan-1141 get_device_data       : No context for object [ffff88040d82d190]
[    0.372602]      scan-1141 get_device_data       : No context for object [ffff88040d82d1b8]
[    0.372794]      scan-1141 get_device_data       : No context for object [ffff88040d82d1e0]
[    0.372987]      scan-1141 get_device_data       : No context for object [ffff88040d82d208]
[    0.373185]      scan-1141 get_device_data       : No context for object [ffff88040d82d230]
[    0.373466]      scan-1141 get_device_data       : No context for object [ffff88040d82d258]
[    0.373665]      scan-1141 get_device_data       : No context for object [ffff88040d82d280]
[    0.373861]      scan-1141 get_device_data       : No context for object [ffff88040d82d2a8]
[    0.374057]      scan-1141 get_device_data       : No context for object [ffff88040d82d2d0]
[    0.374233]      scan-1141 get_device_data       : No context for object [ffff88040d82d2f8]
[    0.374428]      scan-1141 get_device_data       : No context for object [ffff88040d82d320]
[    0.374626]      scan-1141 get_device_data       : No context for object [ffff88040d82d348]
[    0.374829]      scan-1141 get_device_data       : No context for object [ffff88040d82d370]
[    0.375030]      scan-1141 get_device_data       : No context for object [ffff88040d82d398]
[    0.375179]      scan-1141 get_device_data       : No context for object [ffff88040d82d3c0]
[    0.375355]      scan-1141 get_device_data       : No context for object [ffff88040d82d3e8]
[    0.375550]      scan-1141 get_device_data       : No context for object [ffff88040d82d410]
[    0.375746]      scan-1141 get_device_data       : No context for object [ffff88040d82d438]
[    0.375943]      scan-1141 get_device_data       : No context for object [ffff88040d82d460]
[    0.376121]      scan-1141 get_device_data       : No context for object [ffff88040d82d488]
[    0.376321]      scan-1141 get_device_data       : No context for object [ffff88040d82d4b0]
[    0.376520]      scan-1141 get_device_data       : No context for object [ffff88040d82d4d8]
[    0.376672]      scan-1141 get_device_data       : No context for object [ffff88040d82d500]
[    0.376871]      scan-1141 get_device_data       : No context for object [ffff88040d82d528]
[    0.377047]      scan-1141 get_device_data       : No context for object [ffff88040d82d550]
[    0.377243]      scan-1141 get_device_data       : No context for object [ffff88040d82d578]
[    0.377438]      scan-1141 get_device_data       : No context for object [ffff88040d82d5a0]
[    0.377634]      scan-1141 get_device_data       : No context for object [ffff88040d82d5c8]
[    0.377832]      scan-1141 get_device_data       : No context for object [ffff88040d82d5f0]
[    0.378036]     utils-0051 util_eval_error       : Evaluate [\_SB_.PCI0.PB5_.XPDV._STA]: AE_NOT_FOUND
[    0.378282] device: 'device:0c': device_add
[    0.378392] bus: 'acpi': add device device:0c
[    0.378476]     utils-0051 util_eval_error       : Evaluate [\_SB_.PCI0.PB5_.XPDV._SUN]: AE_NOT_FOUND
[    0.378680]      scan-1933 add_single_object     : Added device:0c [\_SB_.PCI0.PB5_.XPDV] parent device:0b
[    0.378884]      scan-1141 get_device_data       : No context for object [ffff88040d82d618]
[    0.379063]      scan-1141 get_device_data       : No context for object [ffff88040d82d640]
[    0.379264]      scan-1141 get_device_data       : No context for object [ffff88040d82d668]
[    0.379465]      scan-1141 get_device_data       : No context for object [ffff88040d82d690]
[    0.379667]      scan-1141 get_device_data       : No context for object [ffff88040d82d6b8]
[    0.379867]      scan-1141 get_device_data       : No context for object [ffff88040d843528]
[    0.380111]      scan-1141 get_device_data       : No context for object [ffff88040d82d6e0]
[    0.380306]      scan-1141 get_device_data       : No context for object [ffff88040d82d708]
[    0.380503]     utils-0051 util_eval_error       : Evaluate [\_SB_.PCI0.PB6_._STA]: AE_NOT_FOUND
[    0.380830] device: 'device:0d': device_add
[    0.380900] bus: 'acpi': add device device:0d
[    0.381005]     utils-0051 util_eval_error       : Evaluate [\_SB_.PCI0.PB6_._SUN]: AE_NOT_FOUND
[    0.381215]      scan-1933 add_single_object     : Added device:0d [\_SB_.PCI0.PB6_] parent PNP0A08:00
[    0.381395]      scan-1141 get_device_data       : No context for object [ffff88040d82d730]
[    0.381591]      scan-1141 get_device_data       : No context for object [ffff88040d82d758]
[    0.381786]      scan-1141 get_device_data       : No context for object [ffff88040d82d780]
[    0.381981]      scan-1141 get_device_data       : No context for object [ffff88040d82d7a8]
[    0.382159]      scan-1141 get_device_data       : No context for object [ffff88040d82d7d0]
[    0.382363]      scan-1141 get_device_data       : No context for object [ffff88040d82d7f8]
[    0.382564]      scan-1141 get_device_data       : No context for object [ffff88040d82d820]
[    0.382759]      scan-1141 get_device_data       : No context for object [ffff88040d82d848]
[    0.382954]      scan-1141 get_device_data       : No context for object [ffff88040d82d870]
[    0.383130]      scan-1141 get_device_data       : No context for object [ffff88040d82d898]
[    0.383337]      scan-1141 get_device_data       : No context for object [ffff88040d82d8c0]
[    0.383535]      scan-1141 get_device_data       : No context for object [ffff88040d82d8e8]
[    0.383734]      scan-1141 get_device_data       : No context for object [ffff88040d82d910]
[    0.384937]      scan-1141 get_device_data       : No context for object [ffff88040d82d938]
[    0.385117]      scan-1141 get_device_data       : No context for object [ffff88040d82d960]
[    0.385318]      scan-1141 get_device_data       : No context for object [ffff88040d82d988]
[    0.385521]      scan-1141 get_device_data       : No context for object [ffff88040d82d9b0]
[    0.385718]      scan-1141 get_device_data       : No context for object [ffff88040d82d9d8]
[    0.385914]      scan-1141 get_device_data       : No context for object [ffff88040d82da00]
[    0.386107]      scan-1141 get_device_data       : No context for object [ffff88040d82da28]
[    0.386301]      scan-1141 get_device_data       : No context for object [ffff88040d82da50]
[    0.386494]      scan-1141 get_device_data       : No context for object [ffff88040d82da78]
[    0.386672]      scan-1141 get_device_data       : No context for object [ffff88040d82daa0]
[    0.386871]      scan-1141 get_device_data       : No context for object [ffff88040d82dac8]
[    0.387069]      scan-1141 get_device_data       : No context for object [ffff88040d82daf0]
[    0.387262]      scan-1141 get_device_data       : No context for object [ffff88040d82db18]
[    0.387455]      scan-1141 get_device_data       : No context for object [ffff88040d82db40]
[    0.387648]      scan-1141 get_device_data       : No context for object [ffff88040d82db68]
[    0.387841]      scan-1141 get_device_data       : No context for object [ffff88040d82db90]
[    0.388038]      scan-1141 get_device_data       : No context for object [ffff88040d82dbb8]
[    0.388192]      scan-1141 get_device_data       : No context for object [ffff88040d82dbe0]
[    0.388372]     utils-0051 util_eval_error       : Evaluate [\_SB_.PCI0.PB6_.XPDV._STA]: AE_NOT_FOUND
[    0.388609] device: 'device:0e': device_add
[    0.388720] bus: 'acpi': add device device:0e
[    0.388804]     utils-0051 util_eval_error       : Evaluate [\_SB_.PCI0.PB6_.XPDV._SUN]: AE_NOT_FOUND
[    0.389005]      scan-1933 add_single_object     : Added device:0e [\_SB_.PCI0.PB6_.XPDV] parent device:0d
[    0.389160]      scan-1141 get_device_data       : No context for object [ffff88040d82dc08]
[    0.389339]      scan-1141 get_device_data       : No context for object [ffff88040d82dc30]
[    0.389540]      scan-1141 get_device_data       : No context for object [ffff88040d82dc58]
[    0.389738]      scan-1141 get_device_data       : No context for object [ffff88040d82dc80]
[    0.389932]      scan-1141 get_device_data       : No context for object [ffff88040d82dca8]
[    0.390111]      scan-1141 get_device_data       : No context for object [ffff88040d843550]
[    0.390304]      scan-1141 get_device_data       : No context for object [ffff88040d82dcd0]
[    0.390499]      scan-1141 get_device_data       : No context for object [ffff88040d82dcf8]
[    0.390699]     utils-0051 util_eval_error       : Evaluate [\_SB_.PCI0.PB7_._STA]: AE_NOT_FOUND
[    0.391049] device: 'device:0f': device_add
[    0.391116] bus: 'acpi': add device device:0f
[    0.391200]     utils-0051 util_eval_error       : Evaluate [\_SB_.PCI0.PB7_._SUN]: AE_NOT_FOUND
[    0.391384]      scan-1933 add_single_object     : Added device:0f [\_SB_.PCI0.PB7_] parent PNP0A08:00
[    0.391583]      scan-1141 get_device_data       : No context for object [ffff88040d82dd20]
[    0.391779]      scan-1141 get_device_data       : No context for object [ffff88040d82dd48]
[    0.391976]      scan-1141 get_device_data       : No context for object [ffff88040d82dd70]
[    0.392154]      scan-1141 get_device_data       : No context for object [ffff88040d82dd98]
[    0.392355]      scan-1141 get_device_data       : No context for object [ffff88040d82ddc0]
[    0.392554]      scan-1141 get_device_data       : No context for object [ffff88040d82dde8]
[    0.392757]      scan-1141 get_device_data       : No context for object [ffff88040d82de10]
[    0.392957]      scan-1141 get_device_data       : No context for object [ffff88040d82de38]
[    0.393133]      scan-1141 get_device_data       : No context for object [ffff88040d82de60]
[    0.393337]      scan-1141 get_device_data       : No context for object [ffff88040d82de88]
[    0.393532]      scan-1141 get_device_data       : No context for object [ffff88040d82deb0]
[    0.393727]      scan-1141 get_device_data       : No context for object [ffff88040d82ded8]
[    0.393926]      scan-1141 get_device_data       : No context for object [ffff88040d82df00]
[    0.394107]      scan-1141 get_device_data       : No context for object [ffff88040d82df28]
[    0.394309]      scan-1141 get_device_data       : No context for object [ffff88040d82df50]
[    0.394504]      scan-1141 get_device_data       : No context for object [ffff88040d82df78]
[    0.394699]      scan-1141 get_device_data       : No context for object [ffff88040d82dfa0]
[    0.394894]      scan-1141 get_device_data       : No context for object [ffff88040d82dfc8]
[    0.395089]      scan-1141 get_device_data       : No context for object [ffff88040d82f000]
[    0.395287]      scan-1141 get_device_data       : No context for object [ffff88040d82f028]
[    0.395486]      scan-1141 get_device_data       : No context for object [ffff88040d82f050]
[    0.395688]      scan-1141 get_device_data       : No context for object [ffff88040d82f078]
[    0.395888]      scan-1141 get_device_data       : No context for object [ffff88040d82f0a0]
[    0.396091]      scan-1141 get_device_data       : No context for object [ffff88040d82f0c8]
[    0.396289]      scan-1141 get_device_data       : No context for object [ffff88040d82f0f0]
[    0.396485]      scan-1141 get_device_data       : No context for object [ffff88040d82f118]
[    0.396670]      scan-1141 get_device_data       : No context for object [ffff88040d82f140]
[    0.396865]      scan-1141 get_device_data       : No context for object [ffff88040d82f168]
[    0.397060]      scan-1141 get_device_data       : No context for object [ffff88040d82f190]
[    0.397260]      scan-1141 get_device_data       : No context for object [ffff88040d82f1b8]
[    0.397463]      scan-1141 get_device_data       : No context for object [ffff88040d82f1e0]
[    0.397663]     utils-0051 util_eval_error       : Evaluate [\_SB_.PCI0.PB7_.XPDV._STA]: AE_NOT_FOUND
[    0.397904] device: 'device:10': device_add
[    0.398015] bus: 'acpi': add device device:10
[    0.398101]     utils-0051 util_eval_error       : Evaluate [\_SB_.PCI0.PB7_.XPDV._SUN]: AE_NOT_FOUND
[    0.398291]      scan-1933 add_single_object     : Added device:10 [\_SB_.PCI0.PB7_.XPDV] parent device:0f
[    0.398501]      scan-1141 get_device_data       : No context for object [ffff88040d82f208]
[    0.398703]      scan-1141 get_device_data       : No context for object [ffff88040d82f230]
[    0.398898]      scan-1141 get_device_data       : No context for object [ffff88040d82f258]
[    0.399092]      scan-1141 get_device_data       : No context for object [ffff88040d82f280]
[    0.399288]      scan-1141 get_device_data       : No context for object [ffff88040d82f2a8]
[    0.399483]      scan-1141 get_device_data       : No context for object [ffff88040d843488]
[    0.399680]      scan-1141 get_device_data       : No context for object [ffff88040d82f2d0]
[    0.399884]      scan-1141 get_device_data       : No context for object [ffff88040d82f2f8]
[    0.400004]     utils-0051 util_eval_error       : Evaluate [\_SB_.PCI0.OHC1._STA]: AE_NOT_FOUND
[    0.400306] device: 'device:11': device_add
[    0.400369] bus: 'acpi': add device device:11
[    0.400453]     utils-0051 util_eval_error       : Evaluate [\_SB_.PCI0.OHC1._SUN]: AE_NOT_FOUND
[    0.400661]      scan-1933 add_single_object     : Added device:11 [\_SB_.PCI0.OHC1] parent PNP0A08:00
[    0.400870]      scan-1141 get_device_data       : No context for object [ffff88040d82f320]
[    0.401050]      scan-1141 get_device_data       : No context for object [ffff88040d82f348]
[    0.401246]      scan-1141 get_device_data       : No context for object [ffff88040d8472f8]
[    0.401442]     utils-0051 util_eval_error       : Evaluate [\_SB_.PCI0.OHC1.RHUB._STA]: AE_NOT_FOUND
[    0.401682] device: 'device:12': device_add
[    0.401792] bus: 'acpi': add device device:12
[    0.401889]     utils-0051 util_eval_error       : Evaluate [\_SB_.PCI0.OHC1.RHUB._SUN]: AE_NOT_FOUND
[    0.403359]      scan-1933 add_single_object     : Added device:12 [\_SB_.PCI0.OHC1.RHUB] parent device:11
[    0.403359]      scan-1141 get_device_data       : No context for object [ffff88040d847320]
[    0.403359]      scan-1141 get_device_data       : No context for object [ffff88040d847348]
[    0.403359]     utils-0051 util_eval_error       : Evaluate [\_SB_.PCI0.OHC1.RHUB.PRT3._STA]: AE_NOT_FOUND
[    0.403582] device: 'device:13': device_add
[    0.403691] bus: 'acpi': add device device:13
[    0.403774]     utils-0051 util_eval_error       : Evaluate [\_SB_.PCI0.OHC1.RHUB.PRT3._SUN]: AE_NOT_FOUND
[    0.403958]      scan-1933 add_single_object     : Added device:13 [\_SB_.PCI0.OHC1.RHUB.PRT3] parent device:12
[    0.404159]      scan-1141 get_device_data       : No context for object [ffff88040d847370]
[    0.404361]      scan-1141 get_device_data       : No context for object [ffff88040d847398]
[    0.404558]      scan-1141 get_device_data       : No context for object [ffff88040d8473c0]
[    0.404737]      scan-1141 get_device_data       : No context for object [ffff88040d8473e8]
[    0.404929]     utils-0051 util_eval_error       : Evaluate [\_SB_.PCI0.OHC1.RHUB.PRT4._STA]: AE_NOT_FOUND
[    0.405170] device: 'device:14': device_add
[    0.405279] bus: 'acpi': add device device:14
[    0.405376]     utils-0051 util_eval_error       : Evaluate [\_SB_.PCI0.OHC1.RHUB.PRT4._SUN]: AE_NOT_FOUND
[    0.406733]      scan-1933 add_single_object     : Added device:14 [\_SB_.PCI0.OHC1.RHUB.PRT4] parent device:12
[    0.406733]      scan-1141 get_device_data       : No context for object [ffff88040d847410]
[    0.406733]      scan-1141 get_device_data       : No context for object [ffff88040d847438]
[    0.406733]      scan-1141 get_device_data       : No context for object [ffff88040d847460]
[    0.406733]      scan-1141 get_device_data       : No context for object [ffff88040d82f370]
[    0.406865]     utils-0051 util_eval_error       : Evaluate [\_SB_.PCI0.EHC1._STA]: AE_NOT_FOUND
[    0.407130] device: 'device:15': device_add
[    0.407203] bus: 'acpi': add device device:15
[    0.407306]     utils-0051 util_eval_error       : Evaluate [\_SB_.PCI0.EHC1._SUN]: AE_NOT_FOUND
[    0.407564]      scan-1933 add_single_object     : Added device:15 [\_SB_.PCI0.EHC1] parent PNP0A08:00
[    0.407764]      scan-1141 get_device_data       : No context for object [ffff88040d82f398]
[    0.407960]      scan-1141 get_device_data       : No context for object [ffff88040d82f3c0]
[    0.408109]      scan-1141 get_device_data       : No context for object [ffff88040d847028]
[    0.408285]     utils-0051 util_eval_error       : Evaluate [\_SB_.PCI0.EHC1.RHUB._STA]: AE_NOT_FOUND
[    0.408559] device: 'device:16': device_add
[    0.408676] bus: 'acpi': add device device:16
[    0.408783]     utils-0051 util_eval_error       : Evaluate [\_SB_.PCI0.EHC1.RHUB._SUN]: AE_NOT_FOUND
[    0.410054]      scan-1933 add_single_object     : Added device:16 [\_SB_.PCI0.EHC1.RHUB] parent device:15
[    0.410054]      scan-1141 get_device_data       : No context for object [ffff88040d847050]
[    0.410054]      scan-1141 get_device_data       : No context for object [ffff88040d847078]
[    0.410054]     utils-0051 util_eval_error       : Evaluate [\_SB_.PCI0.EHC1.RHUB.PRT3._STA]: AE_NOT_FOUND
[    0.410054] device: 'device:17': device_add
[    0.410054] bus: 'acpi': add device device:17
[    0.410115]     utils-0051 util_eval_error       : Evaluate [\_SB_.PCI0.EHC1.RHUB.PRT3._SUN]: AE_NOT_FOUND
[    0.410304]      scan-1933 add_single_object     : Added device:17 [\_SB_.PCI0.EHC1.RHUB.PRT3] parent device:16
[    0.410504]      scan-1141 get_device_data       : No context for object [ffff88040d8470a0]
[    0.410700]      scan-1141 get_device_data       : No context for object [ffff88040d8470c8]
[    0.410895]      scan-1141 get_device_data       : No context for object [ffff88040d8470f0]
[    0.411072]      scan-1141 get_device_data       : No context for object [ffff88040d847118]
[    0.411270]     utils-0051 util_eval_error       : Evaluate [\_SB_.PCI0.EHC1.RHUB.PRT4._STA]: AE_NOT_FOUND
[    0.411542] device: 'device:18': device_add
[    0.411658] bus: 'acpi': add device device:18
[    0.411766]     utils-0051 util_eval_error       : Evaluate [\_SB_.PCI0.EHC1.RHUB.PRT4._SUN]: AE_NOT_FOUND
[    0.412022]      scan-1933 add_single_object     : Added device:18 [\_SB_.PCI0.EHC1.RHUB.PRT4] parent device:16
[    0.412201]      scan-1141 get_device_data       : No context for object [ffff88040d847140]
[    0.412397]      scan-1141 get_device_data       : No context for object [ffff88040d847168]
[    0.412593]      scan-1141 get_device_data       : No context for object [ffff88040d847190]
[    0.412789]      scan-1141 get_device_data       : No context for object [ffff88040d82f3e8]
[    0.412990]     utils-0051 util_eval_error       : Evaluate [\_SB_.PCI0.OHC2._STA]: AE_NOT_FOUND
[    0.413245] device: 'device:19': device_add
[    0.413340] bus: 'acpi': add device device:19
[    0.413424]     utils-0051 util_eval_error       : Evaluate [\_SB_.PCI0.OHC2._SUN]: AE_NOT_FOUND
[    0.413628]      scan-1933 add_single_object     : Added device:19 [\_SB_.PCI0.OHC2] parent PNP0A08:00
[    0.413828]      scan-1141 get_device_data       : No context for object [ffff88040d82f410]
[    0.414024]      scan-1141 get_device_data       : No context for object [ffff88040d82f438]
[    0.414215]      scan-1141 get_device_data       : No context for object [ffff88040d847488]
[    0.414419]     utils-0051 util_eval_error       : Evaluate [\_SB_.PCI0.OHC2.RHUB._STA]: AE_NOT_FOUND
[    0.414660] device: 'device:1a': device_add
[    0.414770] bus: 'acpi': add device device:1a
[    0.414854]     utils-0051 util_eval_error       : Evaluate [\_SB_.PCI0.OHC2.RHUB._SUN]: AE_NOT_FOUND
[    0.415057]      scan-1933 add_single_object     : Added device:1a [\_SB_.PCI0.OHC2.RHUB] parent device:19
[    0.415241]      scan-1141 get_device_data       : No context for object [ffff88040d8474b0]
[    0.415445]      scan-1141 get_device_data       : No context for object [ffff88040d8474d8]
[    0.415646]     utils-0051 util_eval_error       : Evaluate [\_SB_.PCI0.OHC2.RHUB.PRT4._STA]: AE_NOT_FOUND
[    0.415887] device: 'device:1b': device_add
[    0.416000] bus: 'acpi': add device device:1b
[    0.416084]     utils-0051 util_eval_error       : Evaluate [\_SB_.PCI0.OHC2.RHUB.PRT4._SUN]: AE_NOT_FOUND
[    0.416720]      scan-1933 add_single_object     : Added device:1b [\_SB_.PCI0.OHC2.RHUB.PRT4] parent device:1a
[    0.416720]      scan-1141 get_device_data       : No context for object [ffff88040d847500]
[    0.416720]      scan-1141 get_device_data       : No context for object [ffff88040d847528]
[    0.416878]      scan-1141 get_device_data       : No context for object [ffff88040d847550]
[    0.417072]      scan-1141 get_device_data       : No context for object [ffff88040d82f460]
[    0.417269]     utils-0051 util_eval_error       : Evaluate [\_SB_.PCI0.EHC2._STA]: AE_NOT_FOUND
[    0.417570] device: 'device:1c': device_add
[    0.417633] bus: 'acpi': add device device:1c
[    0.417735]     utils-0051 util_eval_error       : Evaluate [\_SB_.PCI0.EHC2._SUN]: AE_NOT_FOUND
[    0.417997]      scan-1933 add_single_object     : Added device:1c [\_SB_.PCI0.EHC2] parent PNP0A08:00
[    0.418156]      scan-1141 get_device_data       : No context for object [ffff88040d82f488]
[    0.418332]      scan-1141 get_device_data       : No context for object [ffff88040d82f4b0]
[    0.418527]      scan-1141 get_device_data       : No context for object [ffff88040d8471b8]
[    0.418723]     utils-0051 util_eval_error       : Evaluate [\_SB_.PCI0.EHC2.RHUB._STA]: AE_NOT_FOUND
[    0.418977] device: 'device:1d': device_add
[    0.419093] bus: 'acpi': add device device:1d
[    0.419201]     utils-0051 util_eval_error       : Evaluate [\_SB_.PCI0.EHC2.RHUB._SUN]: AE_NOT_FOUND
[    0.420054]      scan-1933 add_single_object     : Added device:1d [\_SB_.PCI0.EHC2.RHUB] parent device:1c
[    0.420054]      scan-1141 get_device_data       : No context for object [ffff88040d8471e0]
[    0.420054]      scan-1141 get_device_data       : No context for object [ffff88040d847208]
[    0.420054]     utils-0051 util_eval_error       : Evaluate [\_SB_.PCI0.EHC2.RHUB.PRT2._STA]: AE_NOT_FOUND
[    0.420239] device: 'device:1e': device_add
[    0.420353] bus: 'acpi': add device device:1e
[    0.420456]     utils-0051 util_eval_error       : Evaluate [\_SB_.PCI0.EHC2.RHUB.PRT2._SUN]: AE_NOT_FOUND
[    0.420710]      scan-1933 add_single_object     : Added device:1e [\_SB_.PCI0.EHC2.RHUB.PRT2] parent device:1d
[    0.420908]      scan-1141 get_device_data       : No context for object [ffff88040d847230]
[    0.421084]      scan-1141 get_device_data       : No context for object [ffff88040d847258]
[    0.421277]      scan-1141 get_device_data       : No context for object [ffff88040d847280]
[    0.421469]      scan-1141 get_device_data       : No context for object [ffff88040d82f4d8]
[    0.421666]     utils-0051 util_eval_error       : Evaluate [\_SB_.PCI0.OHC3._STA]: AE_NOT_FOUND
[    0.422004] device: 'device:1f': device_add
[    0.422065] bus: 'acpi': add device device:1f
[    0.422151]     utils-0051 util_eval_error       : Evaluate [\_SB_.PCI0.OHC3._SUN]: AE_NOT_FOUND
