[    0.000000] Initializing cgroup subsys cpuset
[    0.000000] Initializing cgroup subsys cpu
[    0.000000] Initializing cgroup subsys cpuacct
[    0.000000] Linux version 3.17.0-rc3-gfb76234 (emacs@manji) (gcc version 4.9.1 (GCC) ) #76 SMP Sat Sep 6 01:00:34 CEST 2014
[    0.000000] Command line: BOOT_IMAGE=/vmlinuz-linux-git root=UUID=bfa4ab6e-19a3-4601-ba2b-267c55841c73 rw cryptdevice=/dev/disk/by-uuid/70c08890-417a-497d-b6ab-c0d0357a63e2:cryptManjaro:allow-discards ipv6.disable=1 pnp.debug=1 loglevel=9 log_buf_len=10M printk.always_kmsg_dump=y printk.time=y mminit_loglevel=0 memory_corruption_check=1 acpi.debug_layer=0xfbff0000 acpi.debug_level=0xFFFFFFFD pnp.debug=1 nohz=on rcu_nocbs=1-3 pcie_aspm=force fbcon=scrollback:4096k fbcon=font:ProFont6x11 radeon.audio=0 radeon.lockup_timeout=0 radeon.test=0 radeon.agpmode=-1 radeon.benchmark=0 radeon.tv=0 radeon.hard_reset=1 radeon.aspm=1 radeon.dpm=1 radeon.msi=1 radeon.pcie_gen2=-1 radeon.no_wb=1 radeon.modeset=1 radeon.dynclks=1 radeon.r4xx_atom=0 radeon.runpm=0 radeonfb radeon.fastfb=1 nomodeset
[    0.000000] KERNEL supported cpus:
[    0.000000]   AMD AuthenticAMD
[    0.000000] tseg: 00bfe00000
[    0.000000] e820: BIOS-provided physical RAM map:
[    0.000000] BIOS-e820: [mem 0x0000000000000000-0x000000000009d7ff] usable
[    0.000000] BIOS-e820: [mem 0x000000000009d800-0x000000000009ffff] reserved
[    0.000000] BIOS-e820: [mem 0x00000000000e0000-0x00000000000fffff] reserved
[    0.000000] BIOS-e820: [mem 0x0000000000100000-0x00000000bed9afff] usable
[    0.000000] BIOS-e820: [mem 0x00000000bed9b000-0x00000000bf39afff] reserved
[    0.000000] BIOS-e820: [mem 0x00000000bf39b000-0x00000000bf49afff] ACPI NVS
[    0.000000] BIOS-e820: [mem 0x00000000bf49b000-0x00000000bf51afff] ACPI data
[    0.000000] BIOS-e820: [mem 0x00000000bf51b000-0x00000000bfdfffff] usable
[    0.000000] BIOS-e820: [mem 0x00000000bfe00000-0x00000000bfffffff] reserved
[    0.000000] BIOS-e820: [mem 0x00000000fec00000-0x00000000fecfffff] reserved
[    0.000000] BIOS-e820: [mem 0x00000000fed80000-0x00000000fed80fff] reserved
[    0.000000] BIOS-e820: [mem 0x00000000ffe00000-0x00000000ffffffff] reserved
[    0.000000] BIOS-e820: [mem 0x0000000100000000-0x000000041effffff] usable
[    0.000000] NX (Execute Disable) protection: active
[    0.000000] SMBIOS 2.6 present.
[    0.000000] DMI: LENOVO Sabine/Torpedo, BIOS 54CN18WW 07/20/2011
[    0.000000] e820: update [mem 0x00000000-0x00000fff] usable ==> reserved
[    0.000000] e820: remove [mem 0x000a0000-0x000fffff] usable
[    0.000000] e820: last_pfn = 0x41f000 max_arch_pfn = 0x400000000
[    0.000000] MTRR default type: uncachable
[    0.000000] MTRR fixed ranges enabled:
[    0.000000]   00000-9FFFF write-back
[    0.000000]   A0000-BFFFF uncachable
[    0.000000]   C0000-FFFFF write-protect
[    0.000000] MTRR variable ranges enabled:
[    0.000000]   0 base 0000000000 mask FF80000000 write-back
[    0.000000]   1 base 0080000000 mask FFC0000000 write-back
[    0.000000]   2 base 00FFF90000 mask FFFFFF0000 uncachable
[    0.000000]   3 base 00FED80000 mask 0FFFFFF000 uncachable
[    0.000000]   4 disabled
[    0.000000]   5 disabled
[    0.000000]   6 disabled
[    0.000000]   7 base 00FFE00000 mask FFFFE00000 write-protect
[    0.000000] TOM2: 000000041f000000 aka 16880M
[    0.000000] mtrr: your BIOS has configured an incorrect mask, fixing it.
[    0.000000] e820: last_pfn = 0xbfe00 max_arch_pfn = 0x400000000
[    0.000000] found SMP MP-table at [mem 0x000fa8b0-0x000fa8bf] mapped at [ffff8800000fa8b0]
[    0.000000] Base memory trampoline at [ffff880000097000] 97000 size 24576
[    0.000000] Using GB pages for direct mapping
[    0.000000] init_memory_mapping: [mem 0x00000000-0x000fffff]
[    0.000000]  [mem 0x00000000-0x000fffff] page 4k
[    0.000000] BRK [0x01e17000, 0x01e17fff] PGTABLE
[    0.000000] BRK [0x01e18000, 0x01e18fff] PGTABLE
[    0.000000] BRK [0x01e19000, 0x01e19fff] PGTABLE
[    0.000000] init_memory_mapping: [mem 0x41ee00000-0x41effffff]
[    0.000000]  [mem 0x41ee00000-0x41effffff] page 2M
[    0.000000] BRK [0x01e1a000, 0x01e1afff] PGTABLE
[    0.000000] init_memory_mapping: [mem 0x41c000000-0x41edfffff]
[    0.000000]  [mem 0x41c000000-0x41edfffff] page 2M
[    0.000000] init_memory_mapping: [mem 0x400000000-0x41bffffff]
[    0.000000]  [mem 0x400000000-0x41bffffff] page 2M
[    0.000000] init_memory_mapping: [mem 0x00100000-0xbed9afff]
[    0.000000]  [mem 0x00100000-0x001fffff] page 4k
[    0.000000]  [mem 0x00200000-0x3fffffff] page 2M
[    0.000000]  [mem 0x40000000-0x7fffffff] page 1G
[    0.000000]  [mem 0x80000000-0xbebfffff] page 2M
[    0.000000]  [mem 0xbec00000-0xbed9afff] page 4k
[    0.000000] init_memory_mapping: [mem 0xbf51b000-0xbfdfffff]
[    0.000000]  [mem 0xbf51b000-0xbf5fffff] page 4k
[    0.000000]  [mem 0xbf600000-0xbfdfffff] page 2M
[    0.000000] BRK [0x01e1b000, 0x01e1bfff] PGTABLE
[    0.000000] init_memory_mapping: [mem 0x100000000-0x3ffffffff]
[    0.000000]  [mem 0x100000000-0x3ffffffff] page 1G
[    0.000000] log_buf_len: 16777216 bytes
[    0.000000] early log buf free: 2092044(99%)
[    0.000000] RAMDISK: [mem 0x37828000-0x37c0bfff]
[    0.000000] ACPI: Early table checksum verification disabled
[    0.000000] ACPI: RSDP 0x00000000000F0110 000024 (v02 LENOVO)
[    0.000000] ACPI: XSDT 0x00000000BF51A120 000074 (v01 LENOVO CB-01    00000001 LENO 00000001)
[    0.000000] ACPI: FACP 0x00000000BF508000 0000F4 (v04 LENOVO CB-01    00000001 PTL  00000001)
[    0.000000] ACPI: DSDT 0x00000000BF50A000 00FD10 (v01 LENOVO CB-01    00001000 LENO 00000001)
[    0.000000] ACPI: FACS 0x00000000BF478000 000040
[    0.000000] ACPI: HPET 0x00000000BF507000 000038 (v01 LENOVO CB-01    00000001 PTL  00000001)
[    0.000000] ACPI: APIC 0x00000000BF506000 00007A (v02 LENOVO CB-01    00000001 PTL  00000001)
[    0.000000] ACPI: MCFG 0x00000000BF505000 00003C (v01 LENOVO CB-01    00000001 PTL  00000001)
[    0.000000] ACPI: SLIC 0x00000000BF504000 000176 (v01 LENOVO CB-01    00000001 LENO 00000001)
[    0.000000] ACPI: UEFI 0x00000000BF503000 00003E (v01 LENOVO CB-01    00000001 PTL  00000001)
[    0.000000] ACPI: UEFI 0x00000000BF502000 000042 (v01 PTL    COMBUF   00000001 PTL  00000001)
[    0.000000] ACPI: SSDT 0x00000000BF501000 000E34 (v01 AMD    POWERNOW 00000001 AMD  00000001)
[    0.000000] ACPI: SSDT 0x00000000BF4FF000 00193D (v02 AMD    ALIB     00000001 MSFT 04000000)
[    0.000000] ACPI: UEFI 0x00000000BF4FE000 00021A (v01 LENOVO CB-01    00000001 PTL  00000001)
[    0.000000] ACPI: Local APIC address 0xfee00000
[    0.000000] No NUMA configuration found
[    0.000000] Faking a node at [mem 0x0000000000000000-0x000000041effffff]
[    0.000000] Initmem setup node 0 [mem 0x00000000-0x41effffff]
[    0.000000]   NODE_DATA [mem 0x41dffa000-0x41dffdfff]
[    0.000000]  [ffffea0000000000-ffffea00107fffff] PMD -> [ffff88040de00000-ffff88041d5fffff] on node 0
[    0.000000] Zone ranges:
[    0.000000]   DMA      [mem 0x00001000-0x00ffffff]
[    0.000000]   DMA32    [mem 0x01000000-0xffffffff]
[    0.000000]   Normal   [mem 0x100000000-0x41effffff]
[    0.000000] Movable zone start for each node
[    0.000000] Early memory node ranges
[    0.000000]   node   0: [mem 0x00001000-0x0009cfff]
[    0.000000]   node   0: [mem 0x00100000-0xbed9afff]
[    0.000000]   node   0: [mem 0xbf51b000-0xbfdfffff]
[    0.000000]   node   0: [mem 0x100000000-0x41effffff]
[    0.000000] On node 0 totalpages: 4056604
[    0.000000]   DMA zone: 64 pages used for memmap
[    0.000000]   DMA zone: 21 pages reserved
[    0.000000]   DMA zone: 3996 pages, LIFO batch:0
[    0.000000]   DMA32 zone: 12186 pages used for memmap
[    0.000000]   DMA32 zone: 779904 pages, LIFO batch:31
[    0.000000]   Normal zone: 51136 pages used for memmap
[    0.000000]   Normal zone: 3272704 pages, LIFO batch:31
[    0.000000] ACPI: PM-Timer IO Port: 0x808
[    0.000000] ACPI: Local APIC address 0xfee00000
[    0.000000] ACPI: LAPIC (acpi_id[0x00] lapic_id[0x00] enabled)
[    0.000000] ACPI: LAPIC (acpi_id[0x01] lapic_id[0x01] enabled)
[    0.000000] ACPI: LAPIC (acpi_id[0x02] lapic_id[0x02] enabled)
[    0.000000] ACPI: LAPIC (acpi_id[0x03] lapic_id[0x03] enabled)
[    0.000000] ACPI: LAPIC_NMI (acpi_id[0x00] high edge lint[0x1])
[    0.000000] ACPI: LAPIC_NMI (acpi_id[0x01] high edge lint[0x1])
[    0.000000] ACPI: LAPIC_NMI (acpi_id[0x02] high edge lint[0x1])
[    0.000000] ACPI: LAPIC_NMI (acpi_id[0x03] high edge lint[0x1])
[    0.000000] ACPI: IOAPIC (id[0x02] address[0xfec00000] gsi_base[0])
[    0.000000] IOAPIC[0]: apic_id 2, version 33, address 0xfec00000, GSI 0-23
[    0.000000] ACPI: INT_SRC_OVR (bus 0 bus_irq 0 global_irq 2 dfl dfl)
[    0.000000] ACPI: IRQ0 used by override.
[    0.000000] ACPI: IRQ9 used by override.
[    0.000000] Using ACPI (MADT) for SMP configuration information
[    0.000000] ACPI: HPET id: 0x43538210 base: 0xfed00000
[    0.000000] smpboot: Allowing 4 CPUs, 0 hotplug CPUs
[    0.000000] e820: [mem 0xc0000000-0xfebfffff] available for PCI devices
[    0.000000] setup_percpu: NR_CPUS:64 nr_cpumask_bits:64 nr_cpu_ids:4 nr_node_ids:1
[    0.000000] PERCPU: Embedded 27 pages/cpu @ffff88041dc00000 s80256 r8192 d22144 u524288
[    0.000000] pcpu-alloc: s80256 r8192 d22144 u524288 alloc=1*2097152
[    0.000000] pcpu-alloc: [0] 0 1 2 3 
[    0.000000] Built 1 zonelists in Zone order, mobility grouping on.  Total pages: 3993197
[    0.000000] Policy zone: Normal
[    0.000000] Kernel command line: BOOT_IMAGE=/vmlinuz-linux-git root=UUID=bfa4ab6e-19a3-4601-ba2b-267c55841c73 rw cryptdevice=/dev/disk/by-uuid/70c08890-417a-497d-b6ab-c0d0357a63e2:cryptManjaro:allow-discards ipv6.disable=1 pnp.debug=1 loglevel=9 log_buf_len=10M printk.always_kmsg_dump=y printk.time=y mminit_loglevel=0 memory_corruption_check=1 acpi.debug_layer=0xfbff0000 acpi.debug_level=0xFFFFFFFD pnp.debug=1 nohz=on rcu_nocbs=1-3 pcie_aspm=force fbcon=scrollback:4096k fbcon=font:ProFont6x11 radeon.audio=0 radeon.lockup_timeout=0 radeon.test=0 radeon.agpmode=-1 radeon.benchmark=0 radeon.tv=0 radeon.hard_reset=1 radeon.aspm=1 radeon.dpm=1 radeon.msi=1 radeon.pcie_gen2=-1 radeon.no_wb=1 radeon.modeset=1 radeon.dynclks=1 radeon.r4xx_atom=0 radeon.runpm=0 radeonfb radeon.fastfb=1 nomodeset
[    0.000000] PCIe ASPM is forcibly enabled
[    0.000000] PID hash table entries: 4096 (order: 3, 32768 bytes)
[    0.000000] Memory: 15870892K/16226416K available (5248K kernel code, 721K rwdata, 2208K rodata, 848K init, 2588K bss, 355524K reserved)
[    0.000000] SLUB: HWalign=64, Order=0-3, MinObjects=0, CPUs=4, Nodes=1
[    0.000000] Hierarchical RCU implementation.
[    0.000000] 	RCU dyntick-idle grace-period acceleration is enabled.
[    0.000000] 	Additional per-CPU info printed with stalls.
[    0.000000] 	RCU restricting CPUs from NR_CPUS=64 to nr_cpu_ids=4.
[    0.000000] 	Offload RCU callbacks from all CPUs
[    0.000000] 	Offload RCU callbacks from CPUs: 0-3.
[    0.000000] RCU: Adjusting geometry for rcu_fanout_leaf=16, nr_cpu_ids=4
[    0.000000] NR_IRQS:4352 nr_irqs:456 0
[    0.000000] spurious 8259A interrupt: IRQ7.
[    0.000000] vgacon: allocated 4194304 bytes of memory for scrollback. CONFIG_VGACON_SOFT_SCROLLBACK_SIZE=4096
[    0.000000] Console: colour VGA+ 80x25
[    0.000000] console [tty0] enabled
[    0.000000] allocated 65011712 bytes of page_cgroup
[    0.000000] please try 'cgroup_disable=memory' option if you don't want memory cgroups
[    0.000000] hpet clockevent registered
[    0.000000] tsc: Fast TSC calibration using PIT
[    0.000000] tsc: Detected 1397.578 MHz processor
[    0.000041] Calibrating delay loop (skipped), value calculated using timer frequency.. 2796.62 BogoMIPS (lpj=4658593)
[    0.000200] pid_max: default: 32768 minimum: 301
[    0.000269] ACPI: Core revision 20140724
[    0.016544] ACPI: All ACPI Tables successfully acquired
[    0.018960] Security Framework initialized
[    0.020086] Dentry cache hash table entries: 2097152 (order: 12, 16777216 bytes)
[    0.025688] Inode-cache hash table entries: 1048576 (order: 11, 8388608 bytes)
[    0.028602] Mount-cache hash table entries: 32768 (order: 6, 262144 bytes)
[    0.028744] Mountpoint-cache hash table entries: 32768 (order: 6, 262144 bytes)
[    0.029179] Initializing cgroup subsys memory
[    0.029298] Initializing cgroup subsys devices
[    0.029365] Initializing cgroup subsys freezer
[    0.029432] Initializing cgroup subsys net_cls
[    0.029499] Initializing cgroup subsys blkio
[    0.029586] CPU: Physical Processor ID: 0
[    0.029647] CPU: Processor Core ID: 0
[    0.029710] mce: CPU supports 6 MCE banks
[    0.029780] Last level iTLB entries: 4KB 512, 2MB 16, 4MB 8
Last level dTLB entries: 4KB 1024, 2MB 128, 4MB 64, 1GB 0
[    0.030021] Freeing SMP alternatives memory: 20K (ffffffff81b8a000 - ffffffff81b8f000)
[    0.030729] ..TIMER: vector=0x30 apic1=0 pin1=2 apic2=-1 pin2=-1
[    0.063812] smpboot: CPU0: AMD A6-3400M APU with Radeon(tm) HD Graphics (fam: 12, model: 01, stepping: 00)
[    0.170056] Performance Events: AMD PMU driver.
[    0.170160] ... version:                0
[    0.170224] ... bit width:              48
[    0.170287] ... generic registers:      4
[    0.170351] ... value mask:             0000ffffffffffff
[    0.170416] ... max period:             00007fffffffffff
[    0.170480] ... fixed-purpose events:   0
[    0.170544] ... event mask:             000000000000000f
[    0.171079] MCE: In-kernel MCE decoding enabled.
[    0.171247] trying cpu_up:
[    0.171361] NMI watchdog: enabled on all CPUs, permanently consumes one hw-PMU counter.
[    0.171674] smpboot: ++++++++++++++++++++=_---CPU UP  1
[    0.171789] x86: Booting SMP configuration:
[    0.171854] .... node  #0, CPUs:      #1
[    0.171963] smpboot: Setting warm reset code and vector.
[    0.172088] smpboot: 1.
[    0.172151] smpboot: 2.
[    0.172213] smpboot: 3.
[    0.172277] smpboot: Asserting INIT
[    0.172340] smpboot: disabling irqs:
[    0.172414] smpboot: done disabling irqs
[    0.172478] smpboot: waiting 3 sec for mouse movements to 'crash' this cpu
[    3.751551] smpboot: done waiting
[    3.751661] smpboot: Waiting for INIT send to finish...
[    3.761731] smpboot: status for above ^ is: 0
[    3.761840] smpboot: Deasserting INIT
[    3.761903] smpboot: Waiting for above send to finish...
[    3.761968] smpboot: #startup loops: 2
[    3.762031] smpboot: Sending STARTUP #1
[    3.762095] smpboot: After apic_write
[    3.762158] smpboot: enabling irqs:
[    3.762243] smpboot: done enabling irqs
[    3.762607] smpboot: Startup point 1
[    3.762716] smpboot: Waiting for send to finish...
[    3.762981] smpboot: Sending STARTUP #2
[    3.763068] smpboot: After apic_write
[    3.763432] smpboot: Startup point 1
[    3.763541] smpboot: Waiting for send to finish...
[    3.763806] smpboot: After Startup
[    3.763915] smpboot: Before Callout 1
[    3.763978] smpboot: After Callout 1
[    3.764041] smpboot: start waiting 5sec for response
[    8.783491] smpboot: done waiting 5sec for response
[    8.783636] smpboot: cpumask_test_cpu result: 0
[    8.783699] smpboot: cpu_callin_mask: 0000000000000001
[    8.783796] smpboot: cpu_callout_mask: 0000000000000003
[    8.783859] smpboot: CPU1: Not responding
[    8.783983] smpboot: do_boot_cpu failed(1) to wakeup CPU#1
[    8.784056] after cpu_up !!!!!!!!!!!!
[    8.784094] trying cpu_up:
[    8.784306] smpboot: ++++++++++++++++++++=_---CPU UP  2
[    8.784444]  #2
[    8.784481] smpboot: Setting warm reset code and vector.
[    8.784605] smpboot: 1.
[    8.784667] smpboot: 2.
[    8.784729] smpboot: 3.
[    8.784792] smpboot: Asserting INIT
[    8.784855] smpboot: disabling irqs:
[    8.784927] smpboot: done disabling irqs
[    8.784991] smpboot: waiting 3 sec for mouse movements to 'crash' this cpu
[   11.790783] smpboot: done waiting
[   11.790893] smpboot: Waiting for INIT send to finish...
[   11.800963] smpboot: status for above ^ is: 0
[   11.801072] smpboot: Deasserting INIT
[   11.801134] smpboot: Waiting for above send to finish...
[   11.801197] smpboot: #startup loops: 2
[   11.801258] smpboot: Sending STARTUP #1
[   11.801319] smpboot: After apic_write
[   11.801382] smpboot: enabling irqs:
[   11.801460] smpboot: done enabling irqs
[   11.670610] smpboot: CPU#2 (phys ID: 2) waiting for CALLOUT
[   11.670612] smpboot: Waiting max 15 sec for callout
[   11.801954] smpboot: Startup point 1
[   11.802063] smpboot: Waiting for send to finish...
[   11.802326] smpboot: Sending STARTUP #2
[   11.802435] smpboot: After apic_write
[   11.802797] smpboot: Startup point 1
[   11.802905] smpboot: Waiting for send to finish...
[   11.803168] smpboot: After Startup
[   11.803276] smpboot: Before Callout 2
[   11.803339] smpboot: After Callout 2
[   11.672423] smpboot: done waiting max 15 sec for callout
[   11.672460] smpboot: Stack at about ffff88040780bf3c
[   11.803527] smpboot: start waiting 5sec for response
[   11.803567] smpboot: done waiting 5sec for response
[   11.803664] smpboot: cpumask_test_cpu result: -1
[   11.803726] smpboot: cpu_callin_mask: 0000000000000005
[   11.803823] smpboot: cpu_callout_mask: 0000000000000005
[   11.803885] smpboot: CPU2: has booted.
[   11.806013] TSC synchronization [CPU#0 -> CPU#2]:
[   11.806124] Measured 182890313 cycles TSC warp between CPUs, turning off TSC clock.
[   11.806266] tsc: Marking TSC unstable due to check_tsc_sync_source failed
[   11.806393] after cpu_up !!!!!!!!!!!!
[   11.806478] trying cpu_up:
[   11.806687] smpboot: ++++++++++++++++++++=_---CPU UP  3
[   11.806825]  #3
[   11.806862] smpboot: Setting warm reset code and vector.
[   11.806986] smpboot: 1.
[   11.807048] smpboot: 2.
[   11.807110] smpboot: 3.
[   11.807173] smpboot: Asserting INIT
[   11.807235] smpboot: disabling irqs:
[   11.807308] smpboot: done disabling irqs
[   11.807372] smpboot: waiting 3 sec for mouse movements to 'crash' this cpu
[   14.813007] smpboot: done waiting
[   14.813116] smpboot: Waiting for INIT send to finish...
[   14.823187] smpboot: status for above ^ is: 0
[   14.823297] smpboot: Deasserting INIT
[   14.823360] smpboot: Waiting for above send to finish...
[   14.823425] smpboot: #startup loops: 2
[   14.823489] smpboot: Sending STARTUP #1
[   14.823552] smpboot: After apic_write
[   14.823614] smpboot: enabling irqs:
[   14.823688] smpboot: done enabling irqs
[   14.658689] smpboot: CPU#3 (phys ID: 3) waiting for CALLOUT
[   14.658691] smpboot: Waiting max 15 sec for callout
[   14.824051] smpboot: Startup point 1
[   14.824283] smpboot: Waiting for send to finish...
[   14.824544] smpboot: Sending STARTUP #2
[   14.824654] smpboot: After apic_write
[   14.825016] smpboot: Startup point 1
[   14.825124] smpboot: Waiting for send to finish...
[   14.825386] smpboot: After Startup
[   14.825496] smpboot: Before Callout 3
[   14.825556] smpboot: After Callout 3
[   14.660487] smpboot: done waiting max 15 sec for callout
[   14.660516] smpboot: Stack at about ffff88040780ff3c
[   14.825743] smpboot: start waiting 5sec for response
[   14.825782] smpboot: done waiting 5sec for response
[   14.825880] smpboot: cpumask_test_cpu result: -1
[   14.825941] smpboot: cpu_callin_mask: 000000000000000d
[   14.826037] smpboot: cpu_callout_mask: 000000000000000d
[   14.826100] smpboot: CPU3: has booted.
[   14.826248] after cpu_up !!!!!!!!!!!!
[   14.826287] trying cpu_up:
[   14.826389] ------------[ cut here ]------------
[   14.826458] WARNING: CPU: 0 PID: 1 at arch/x86/kernel/smpboot.c:1059 native_cpu_up+0x4d1/0xb20()
[   14.826569] Modules linked in:
[   14.826668] CPU: 0 PID: 1 Comm: swapper/0 Tainted: G          I    3.17.0-rc3-gfb76234 #76
[   14.826757] Hardware name: LENOVO Sabine/Torpedo, BIOS 54CN18WW 07/20/2011
[   14.826815]  0000000000000009 ffff880407f0fde0 ffffffff81515681 0000000000000000
[   14.827024]  ffff880407f0fe18 ffffffff8103f978 0000000000000000 ffff880407fa2440
[   14.827234]  0000000000000001 0000000000000001 ffffffff81aaebd0 ffff880407f0fe28
[   14.827444] Call Trace:
[   14.828536]  [<ffffffff81515681>] dump_stack+0x45/0x56
[   14.828600]  [<ffffffff8103f978>] warn_slowpath_common+0x78/0xa0
[   14.828663]  [<ffffffff8103fa55>] warn_slowpath_null+0x15/0x20
[   14.828726]  [<ffffffff81024291>] native_cpu_up+0x4d1/0xb20
[   14.828791]  [<ffffffff8105b7cd>] ? notifier_call_chain+0x4d/0x70
[   14.828854]  [<ffffffff8103fda4>] cpu_up+0x154/0x1a0
[   14.828915]  [<ffffffff81ae0867>] smp_init+0x8d/0xe7
[   14.828979]  [<ffffffff81acaf3b>] kernel_init_freeable+0xf3/0x200
[   14.829042]  [<ffffffff81511d60>] ? rest_init+0x80/0x80
[   14.829104]  [<ffffffff81511d69>] kernel_init+0x9/0xf0
[   14.829165]  [<ffffffff8151beac>] ret_from_fork+0x7c/0xb0
[   14.829224]  [<ffffffff81511d60>] ? rest_init+0x80/0x80
[   14.829287] ---[ end trace 69d222e7c4996405 ]---
[   14.829347] smpboot: ++++++++++++++++++++=_---CPU UP  1
[   14.829408] ------------[ cut here ]------------
[   14.829470] WARNING: CPU: 0 PID: 1 at kernel/smp.c:294 smp_call_function_single+0x89/0xa0()
[   14.829578] Modules linked in:
[   14.829669] CPU: 0 PID: 1 Comm: swapper/0 Tainted: G        W I    3.17.0-rc3-gfb76234 #76
[   14.829755] Hardware name: LENOVO Sabine/Torpedo, BIOS 54CN18WW 07/20/2011
[   14.829816]  0000000000000009 ffff880407f0fda0 ffffffff81515681 0000000000000000
[   14.830028]  ffff880407f0fdd8 ffffffff8103f978 0000000000000000 ffffffff8101fc70
[   14.830239]  0000000000000001 0000000000000001 ffffffff81aaebd0 ffff880407f0fde8
[   14.830449] Call Trace:
[   14.830507]  [<ffffffff81515681>] dump_stack+0x45/0x56
[   14.830568]  [<ffffffff8103f978>] warn_slowpath_common+0x78/0xa0
[   14.830632]  [<ffffffff8101fc70>] ? get_fixed_ranges.constprop.6+0x120/0x120
[   14.830695]  [<ffffffff8103fa55>] warn_slowpath_null+0x15/0x20
[   14.830757]  [<ffffffff810a6059>] smp_call_function_single+0x89/0xa0
[   14.830819]  [<ffffffff8101e68f>] mtrr_save_state+0x2f/0x40
[   14.830882]  [<ffffffff81023e51>] native_cpu_up+0x91/0xb20
[   14.830945]  [<ffffffff8105b7cd>] ? notifier_call_chain+0x4d/0x70
[   14.831007]  [<ffffffff8103fda4>] cpu_up+0x154/0x1a0
[   14.831069]  [<ffffffff81ae0867>] smp_init+0x8d/0xe7
[   14.831131]  [<ffffffff81acaf3b>] kernel_init_freeable+0xf3/0x200
[   14.831194]  [<ffffffff81511d60>] ? rest_init+0x80/0x80
[   14.831256]  [<ffffffff81511d69>] kernel_init+0x9/0xf0
[   14.831317]  [<ffffffff8151beac>] ret_from_fork+0x7c/0xb0
[   14.831379]  [<ffffffff81511d60>] ? rest_init+0x80/0x80
[   14.831440] ---[ end trace 69d222e7c4996406 ]---
[   14.831500] x86: Booting SMP configuration:
[   14.831560]     #1
[   14.831626] smpboot: Setting warm reset code and vector.
[   14.831738] smpboot: 1.
[   14.831795] smpboot: 2.
[   14.831853] smpboot: 3.
[   14.831912] smpboot: Asserting INIT
[   14.831970] smpboot: disabling irqs:
[   14.832038] smpboot: done disabling irqs
[   14.832097] smpboot: waiting 3 sec for mouse movements to 'crash' this cpu
[   17.837703] smpboot: done waiting
[   17.837766] smpboot: Waiting for INIT send to finish...
[   17.847836] smpboot: status for above ^ is: 0
[   17.847945] smpboot: Deasserting INIT
[   17.848007] smpboot: Waiting for above send to finish...
[   17.848070] smpboot: #startup loops: 2
[   17.848132] smpboot: Sending STARTUP #1
[   17.848194] smpboot: After apic_write
[   17.848257] smpboot: enabling irqs:
[   17.848322] smpboot: done enabling irqs
[   17.848683] smpboot: Startup point 1
[   17.848745] smpboot: Waiting for send to finish...
[   17.849008] smpboot: Sending STARTUP #2
[   17.849116] smpboot: After apic_write
[   17.849479] smpboot: Startup point 1
[   17.849585] smpboot: Waiting for send to finish...
[   17.849847] smpboot: After Startup
[   17.849955] smpboot: Before Callout 1
[   17.850017] smpboot: After Callout 1
[   17.850079] smpboot: start waiting 5sec for response
[   22.869087] smpboot: done waiting 5sec for response
[   22.869234] smpboot: cpumask_test_cpu result: 0
[   22.869297] smpboot: cpu_callin_mask: 000000000000000d
[   22.869394] smpboot: cpu_callout_mask: 000000000000000f
[   22.869457] smpboot: CPU1: Not responding
[   22.869581] smpboot: do_boot_cpu failed(1) to wakeup CPU#1
[   22.869652] after cpu_up !!!!!!!!!!!!
[   22.869691] x86: Booted up 1 node, 3 CPUs
[   22.869813] smpboot: Boot done
[   22.869875] smpboot: Before bogomips
[   22.869939] smpboot: Total of 3 processors activated (8388.86 BogoMIPS)
[   22.870005] smpboot: Before bogocount - setting activated=1
[   10.133444] devtmpfs: initialized
[   10.133485] device: 'platform': device_add
[   10.133582] bus: 'platform': registered
[   10.133656] bus: 'cpu': registered
[   10.133721] device: 'cpu': device_add
[   10.133812] bus: 'container': registered
[   10.133877] device: 'container': device_add
[   10.137028] bus: 'workqueue': registered
[   10.137148] device: 'workqueue': device_add
[   10.137015] kworker/u8:0 (39) used greatest stack depth: 15104 bytes left
[   10.137518] atomic64_test: passed for x86-64 platform with CX8 and with SSE
[   10.137635] device class 'regulator': registering
[   10.137751] Registering platform device 'reg-dummy'. Parent at platform
[   10.137706] kworker/u8:0 (40) used greatest stack depth: 14848 bytes left
[   10.137930] device: 'reg-dummy': device_add
[   10.137994] bus: 'platform': add device reg-dummy
[   10.138083] bus: 'platform': add driver reg-dummy
[   10.138152] bus: 'platform': driver_probe_device: matched device reg-dummy with driver reg-dummy
[   10.138265] bus: 'platform': really_probe: probing driver reg-dummy with device reg-dummy
[   10.138265] device: 'regulator.0': device_add
[   10.138265] regulator-dummy: no parameters
[   10.138265] driver: 'reg-dummy': driver_bound: bound to device 'reg-dummy'
[   10.138265] bus: 'platform': really_probe: bound device reg-dummy to driver reg-dummy
[   10.138265] NET: Registered protocol family 16
[   10.138265] device class 'bdi': registering
[   10.138265] bus: 'platform': add driver ramoops
[   10.138265] device class 'pci_bus': registering
[   10.138265] bus: 'pci': registered
[   10.138265] device class 'backlight': registering
[   10.138265] device class 'tty': registering
[   10.138265] device class 'vtconsole': registering
[   10.138265] device: 'vtcon0': device_add
[   10.140015] bus: 'node': registered
[   10.140015] device: 'node': device_add
[   10.140050] bus: 'i2c': registered
[   10.140050] bus: 'i2c': add driver dummy
[   10.140050] i2c-core: driver [dummy] registered
[   10.140050] cpuidle: using governor ladder
[   10.140050] cpuidle: using governor menu
[   10.140050] ACPI FADT declares the system doesn't support PCIe ASPM, so disable it
[   10.140050] ACPI: bus type PCI registered
[   10.140050] acpiphp: ACPI Hot Plug PCI Controller Driver version: 0.5
[   10.140050] device class 'dmi': registering
[   10.140050] device: 'id': device_add
[   10.140050] kworker/u8:0 (55) used greatest stack depth: 14176 bytes left
[   10.140050] PCI: MMCONFIG for domain 0000 [bus 00-3f] at [mem 0xf8000000-0xfbffffff] (base 0xf8000000)
[   10.140050] PCI: not using MMCONFIG
[   10.140050] PCI: Using configuration type 1 for base access
[   10.140065] PCI: Using configuration type 1 for extended access
[   10.140436] device: 'node0': device_add
[   10.140548] bus: 'node': add device node0
[   10.140641] device: 'cpu0': device_add
[   10.140707] bus: 'cpu': add device cpu0
[   10.140810] device: 'cpu1': device_add
[   10.140910] bus: 'cpu': add device cpu1
[   10.141011] device: 'cpu2': device_add
[   10.141122] bus: 'cpu': add device cpu2
[   10.141207] device: 'cpu3': device_add
[   10.141274] bus: 'cpu': add device cpu3
[   10.160187] device: 'writeback': device_add
[   10.160187] bus: 'workqueue': add device writeback
[   10.160227] device: 'default': device_add
[   10.160454] device class 'block': registering
[   10.160454] ACPI: Added _OSI(Module Device)
[   10.160454] ACPI: Added _OSI(Processor Device)
[   10.160454] ACPI: Added _OSI(3.0 _SCP Extensions)
[   10.160454] ACPI: Added _OSI(Processor Aggregator Device)
[   10.161161] 
**** Context Switch from TID 4294967295 to TID 133431296 ****

[   10.161330]     utils-0051 util_eval_error       : Evaluate [\_SB_.PCI0.LPC0.EC0_._GLK]: AE_NOT_FOUND
[   10.161825] Executing  Method       \_SB_.PCI0.LPC0.EC0_._REG
[   10.162666] Executing  Method       \_SB_.PCI0.LPC0.EC0_._REG
[   10.162865] Executing  Method       \_SB_.PCI0.LPC0.EC0_._REG
[   10.163042] Executing  Method       \_SB_.PCI0.LPC0.EC0_._REG
[   10.166222] Initializing Region       \_SB_.OSTY
[   10.166430] Initializing Region       \_SB_.PCI0.NBMS
[   10.166579] Initializing Region       \_SB_.PCI0.NBXP
[   10.166680] Initializing Region       \_SB_.PCI0.K8ST
[   10.166868] Initializing Region       \_SB_.PCI0.BAR1
[   10.167077] Initializing Region       \_SB_.PCI0.PB2_.XPEX
[   10.167226] Initializing Region       \_SB_.PCI0.PB2_.PCFG
[   10.167375] Initializing Region       \_SB_.PCI0.PB2_.XPCB
[   10.167525] Initializing Region       \_SB_.PCI0.PB2_.XPRI
[   10.167678] Initializing Region       \_SB_.PCI0.PB2_.VGA_.PCFG
[   10.167861] Initializing Region       \_SB_.PCI0.PB2_.HDAU.PCFG
[   10.168050] Initializing Region       \_SB_.PCI0.PB3_.XPEX
[   10.168198] Initializing Region       \_SB_.PCI0.PB3_.PCFG
[   10.169403] Initializing Region       \_SB_.PCI0.PB3_.XPCB
[   10.169552] Initializing Region       \_SB_.PCI0.PB3_.XPRI
[   10.169705] Initializing Region       \_SB_.PCI0.PB3_.VGA_.PCFG
[   10.169926] Initializing Region       \_SB_.PCI0.PB3_.HDAU.PCFG
[   10.173462] Initializing Region       \_SB_.PCI0.PB4_.XPEX
[   10.173604] Initializing Region       \_SB_.PCI0.PB4_.PCFG
[   10.173740] Initializing Region       \_SB_.PCI0.PB4_.XPCB
[   10.173889] Initializing Region       \_SB_.PCI0.PB4_.XPRI
[   10.174042] Initializing Region       \_SB_.PCI0.PB4_.XPDV.PCFG
[   10.174207] Initializing Region       \_SB_.PCI0.PB5_.XPEX
[   10.174356] Initializing Region       \_SB_.PCI0.PB5_.PCFG
[   10.174504] Initializing Region       \_SB_.PCI0.PB5_.XPCB
[   10.174653] Initializing Region       \_SB_.PCI0.PB5_.XPRI
[   10.174798] Initializing Region       \_SB_.PCI0.PB5_.XPDV.PCFG
[   10.174946] Initializing Region       \_SB_.PCI0.PB6_.XPEX
[   10.175095] Initializing Region       \_SB_.PCI0.PB6_.PCFG
[   10.175244] Initializing Region       \_SB_.PCI0.PB6_.XPCB
[   10.175394] Initializing Region       \_SB_.PCI0.PB6_.XPRI
[   10.175546] Initializing Region       \_SB_.PCI0.PB6_.XPDV.PCFG
[   10.175711] Initializing Region       \_SB_.PCI0.PB7_.XPEX
[   10.175860] Initializing Region       \_SB_.PCI0.PB7_.PCFG
[   10.176008] Initializing Region       \_SB_.PCI0.PB7_.XPCB
[   10.176145] Initializing Region       \_SB_.PCI0.PB7_.XPRI
[   10.176295] Initializing Region       \_SB_.PCI0.PB7_.XPDV.PCFG
[   10.176295] Initializing Region       \_SB_.PCI0.SATC
[   10.176295] Initializing Region       \_SB_.PCI0.RMEM
[   10.176295] Initializing Region       \_SB_.PCI0.SATA.SATX
[   10.176295] Initializing Region       \_SB_.PCI0.SATA.BAR5
[   10.193507] Initializing Region       \_SB_.PCI0.SMB_.SBRV
[   10.193717] Initializing Region       \_SB_.PCI0.SMB_.PMIO
[   10.193866] Initializing Region       \_SB_.PCI0.SMB_.ERMM
[   10.194145] Initializing Region       \_SB_.PCI0.SMB_.P1E0
[   10.194346] Initializing Region       \_SB_.PCI0.SMB_.ABIO
[   10.194484] Initializing Region       \_SB_.PCI0.SMB_.SMB0
[   10.194636] Initializing Region       \_SB_.PCI0.LPC0.PIRQ
[   10.194837] Initializing Region       \_SB_.PCI0.LPC0.LPCR
[   10.195074] Initializing Region       \_SB_.PCI0.LPC0.LPCS
[   10.195279] Initializing Region       \_SB_.PCI0.LPC0.SMI0
[   10.195427] Initializing Region       \_SB_.PCI0.LPC0.SMI1
[   10.195574] Initializing Region       \_SB_.PCI0.LPC0.EC0_.ECO1
[   10.195711] Initializing Region       \_SB_.PCI0.LPC0.EC0_.ECO2
[   10.195857] Initializing Region       \_SB_.PCI0.LPC0.EC0_.ECMB
[   10.196004] Initializing Region       \_SB_.PCI0.LPC0.EC0_.RAM_
[   10.196261] Initializing Region       \_SB_.PCI0.LPC0.EC0_.CMOS
[   10.196432] Initializing Region       \_SB_.PCI0.LPC0.EC0_.VPC0.ERAM
[   10.196432] Initializing Region       \_SB_.PCI0.SPB0.PCFG
[   10.196432] Initializing Region       \_SB_.PCI0.SPB0.XPCB
[   10.196432] Initializing Region       \_SB_.PCI0.SPB0.XPDV.PCFG
[   10.196432] Initializing Region       \_SB_.PCI0.SPB1.PCFG
[   10.196432] Initializing Region       \_SB_.PCI0.SPB1.XPCB
[   10.196432] Initializing Region       \_SB_.PCI0.SPB1.XPDV.PCFG
[   10.196432] Initializing Region       \_SB_.PCI0.SPB2.PCFG
[   10.196432] Initializing Region       \_SB_.PCI0.SPB2.XPCB
[   10.196432] Initializing Region       \_SB_.PCI0.SPB2.XPDV.PCFG
[   10.196432] Initializing Region       \_SB_.PCI0.SPB3.PCFG
[   10.196432] Initializing Region       \_SB_.PCI0.SPB3.XPCB
[   10.196432] Initializing Region       \_SB_.PCI0.SPB3.XPDV.PCFG
[   10.196432] Initializing Region       \_SB_.PCI0.VGA_.REVD
[   10.196432] Initializing BufferField  \_SB_.AMW0.WLID
[   10.196447] Initializing Region       \DEB2
[   10.196680] Initializing Region       \PMIO
[   10.196829] Initializing Region       \P01_
[   10.197005] Initializing Region       \CNVS
[   10.197212] Initializing Region       \SPRT
[   10.197365] Initializing Region       \CMIO
[   10.197665] Executing  Method       \_SB_._STA
[   10.197884] Executing  Method       \_SB_._INI
[   10.198055] Executing  Method       \_SB_.PCI0._STA
[   10.198225] Executing  Method       \_SB_.PCI0._INI
[   10.198601] [Firmware Bug]: ACPI: BIOS _OSI(Linux) query ignored
[   10.199142] Executing  Method       \_SB_.PCI0.SATA._STA
[   10.199342] Executing  Method       \_SB_.PCI0.SATA._INI
[   10.200299] Executing  Method       \_SB_.PCI0.LPC0.EC0_._REG
[   10.240149] ACPI: Interpreter enabled
[   10.240435] ACPI: (supports S0 S5)
[   10.240500] ACPI: Using IOAPIC for interrupt routing
[   10.240909] PCI: MMCONFIG for domain 0000 [bus 00-3f] at [mem 0xf8000000-0xfbffffff] (base 0xf8000000)
[   10.241760] PCI: MMCONFIG at [mem 0xf8000000-0xfbffffff] reserved in ACPI motherboard resources
[   10.243344] bus: 'acpi': registered
[   10.243344] PCI: Using host bridge windows from ACPI; if necessary, use "pci=nocrs" and report a bug
[   10.243344]      scan-1141 get_device_data       : No context for object [ffffffffffffffff]
[   10.243344]     utils-0051 util_eval_error       : Evaluate [\._STA]: AE_NOT_FOUND
[   10.243344] device: 'LNXSYSTM:00': device_add
[   10.243344] bus: 'acpi': add device LNXSYSTM:00
[   10.243344]     utils-0051 util_eval_error       : Evaluate [\._SUN]: AE_NOT_FOUND
[   10.243388]      scan-1933 add_single_object     : Added LNXSYSTM:00 [\] parent (null)
[   10.243388]      scan-1141 get_device_data       : No context for object [ffff88040d81d000]
[   10.243559]      scan-1141 get_device_data       : No context for object [ffff88040d8377d0]
[   10.243745]      scan-1141 get_device_data       : No context for object [ffff88040d8377f8]
[   10.243955]      scan-1141 get_device_data       : No context for object [ffff88040d837820]
[   10.244160]      scan-1141 get_device_data       : No context for object [ffff88040d837848]
[   10.244369]      scan-1141 get_device_data       : No context for object [ffff88040d837870]
[   10.244580]      scan-1141 get_device_data       : No context for object [ffff88040d837898]
[   10.244789]      scan-1141 get_device_data       : No context for object [ffff88040d8378c0]
[   10.244999]      scan-1141 get_device_data       : No context for object [ffff88040d8378e8]
[   10.245210]      scan-1141 get_device_data       : No context for object [ffff88040d839398]
[   10.245416]      scan-1141 get_device_data       : No context for object [ffff88040d81d028]
[   10.245602]      scan-1141 get_device_data       : No context for object [ffff88040d81d168]
[   10.245814]     utils-0051 util_eval_error       : Evaluate [\_PR_.C000._STA]: AE_NOT_FOUND
[   10.246025]      scan-1141 get_device_data       : No context for object [ffff88040d81d028]
[   10.246245] device: 'LNXCPU:00': device_add
[   10.246312] bus: 'acpi': add device LNXCPU:00
[   10.246385]     utils-0051 util_eval_error       : Evaluate [\_PR_.C000._SUN]: AE_NOT_FOUND
[   10.246672]      scan-1933 add_single_object     : Added LNXCPU:00 [\_PR_.C000] parent LNXSYSTM:00
[   10.246837]      scan-1141 get_device_data       : No context for object [ffff88040d83c398]
[   10.247035]      scan-1141 get_device_data       : No context for object [ffff88040d83c3c0]
[   10.247233]      scan-1141 get_device_data       : No context for object [ffff88040d83c3e8]
[   10.247431]      scan-1141 get_device_data       : No context for object [ffff88040d83c410]
[   10.247624]      scan-1141 get_device_data       : No context for object [ffff88040d83c438]
[   10.247819]      scan-1141 get_device_data       : No context for object [ffff88040d83c460]
[   10.248016]      scan-1141 get_device_data       : No context for object [ffff88040d81d190]
[   10.248215]     utils-0051 util_eval_error       : Evaluate [\_PR_.C001._STA]: AE_NOT_FOUND
[   10.248413]      scan-1141 get_device_data       : No context for object [ffff88040d81d028]
[   10.248620] device: 'LNXCPU:01': device_add
[   10.248683] bus: 'acpi': add device LNXCPU:01
[   10.248760]     utils-0051 util_eval_error       : Evaluate [\_PR_.C001._SUN]: AE_NOT_FOUND
[   10.250035]      scan-1933 add_single_object     : Added LNXCPU:01 [\_PR_.C001] parent LNXSYSTM:00
[   10.250035]      scan-1141 get_device_data       : No context for object [ffff88040d83c488]
[   10.250035]      scan-1141 get_device_data       : No context for object [ffff88040d83c4b0]
[   10.250035]      scan-1141 get_device_data       : No context for object [ffff88040d83c4d8]
[   10.250035]      scan-1141 get_device_data       : No context for object [ffff88040d83c500]
[   10.250035]      scan-1141 get_device_data       : No context for object [ffff88040d83c528]
[   10.250035]      scan-1141 get_device_data       : No context for object [ffff88040d83c550]
[   10.250196]      scan-1141 get_device_data       : No context for object [ffff88040d81d1b8]
[   10.250395]     utils-0051 util_eval_error       : Evaluate [\_PR_.C002._STA]: AE_NOT_FOUND
[   10.250573]      scan-1141 get_device_data       : No context for object [ffff88040d81d028]
[   10.250780] device: 'LNXCPU:02': device_add
[   10.250843] bus: 'acpi': add device LNXCPU:02
[   10.250917]     utils-0051 util_eval_error       : Evaluate [\_PR_.C002._SUN]: AE_NOT_FOUND
[   10.251125]      scan-1933 add_single_object     : Added LNXCPU:02 [\_PR_.C002] parent LNXSYSTM:00
[   10.251325]      scan-1141 get_device_data       : No context for object [ffff88040d83c578]
[   10.251521]      scan-1141 get_device_data       : No context for object [ffff88040d83c5a0]
[   10.251719]      scan-1141 get_device_data       : No context for object [ffff88040d83c5c8]
[   10.252934]      scan-1141 get_device_data       : No context for object [ffff88040d83c5f0]
[   10.253133]      scan-1141 get_device_data       : No context for object [ffff88040d83c618]
[   10.253336]      scan-1141 get_device_data       : No context for object [ffff88040d83c640]
[   10.253534]      scan-1141 get_device_data       : No context for object [ffff88040d81d1e0]
[   10.253733]     utils-0051 util_eval_error       : Evaluate [\_PR_.C003._STA]: AE_NOT_FOUND
[   10.253925]      scan-1141 get_device_data       : No context for object [ffff88040d81d028]
[   10.254128] device: 'LNXCPU:03': device_add
[   10.254189] bus: 'acpi': add device LNXCPU:03
[   10.254262]     utils-0051 util_eval_error       : Evaluate [\_PR_.C003._SUN]: AE_NOT_FOUND
[   10.254468]      scan-1933 add_single_object     : Added LNXCPU:03 [\_PR_.C003] parent LNXSYSTM:00
[   10.254622]      scan-1141 get_device_data       : No context for object [ffff88040d83c668]
[   10.254799]      scan-1141 get_device_data       : No context for object [ffff88040d83c690]
[   10.254994]      scan-1141 get_device_data       : No context for object [ffff88040d83c6b8]
[   10.255187]      scan-1141 get_device_data       : No context for object [ffff88040d83c6e0]
[   10.255383]      scan-1141 get_device_data       : No context for object [ffff88040d83c708]
[   10.255560]      scan-1141 get_device_data       : No context for object [ffff88040d83c730]
[   10.255757]      scan-1141 get_device_data       : No context for object [ffff88040d81d050]
[   10.255954]     utils-0051 util_eval_error       : Evaluate [\_SB_._STA]: AE_NOT_FOUND
[   10.256184] device: 'LNXSYBUS:00': device_add
[   10.256242] bus: 'acpi': add device LNXSYBUS:00
[   10.256308]     utils-0051 util_eval_error       : Evaluate [\_SB_._SUN]: AE_NOT_FOUND
[   10.256689]      scan-1933 add_single_object     : Added LNXSYBUS:00 [\_SB_] parent LNXSYSTM:00
[   10.256787]      scan-1141 get_device_data       : No context for object [ffff88040d81d3c0]
[   10.256983]      scan-1141 get_device_data       : No context for object [ffff88040d81d3e8]
[   10.257178]      scan-1141 get_device_data       : No context for object [ffff88040d81d410]
[   10.257375]      scan-1141 get_device_data       : No context for object [ffff88040d81d438]
[   10.257567]      scan-1141 get_device_data       : No context for object [ffff88040d81d460]
[   10.257715]      scan-1141 get_device_data       : No context for object [ffff88040d81d488]
[   10.257892]      scan-1141 get_device_data       : No context for object [ffff88040d81d4b0]
[   10.258088]      scan-1141 get_device_data       : No context for object [ffff88040d81d5a0]
[   10.258287]     utils-0051 util_eval_error       : Evaluate [\_SB_.PWRB._STA]: AE_NOT_FOUND
[   10.258520] device: 'PNP0C0C:00': device_add
[   10.258583] bus: 'acpi': add device PNP0C0C:00
[   10.258653]     utils-0051 util_eval_error       : Evaluate [\_SB_.PWRB._SUN]: AE_NOT_FOUND
[   10.260000]      scan-1933 add_single_object     : Added PNP0C0C:00 [\_SB_.PWRB] parent LNXSYBUS:00
[   10.260000]      scan-1141 get_device_data       : No context for object [ffff88040d81d5c8]
[   10.260000]      scan-1141 get_device_data       : No context for object [ffff88040d81d5f0]
[   10.260000]     utils-0051 util_eval_error       : Evaluate [\_SB_.PCI0._STA]: AE_NOT_FOUND
[   10.260000] device: 'PNP0A08:00': device_add
[   10.260000] bus: 'acpi': add device PNP0A08:00
[   10.260000]     utils-0051 util_eval_error       : Evaluate [\_SB_.PCI0._SUN]: AE_NOT_FOUND
[   10.260042]      scan-1933 add_single_object     : Added PNP0A08:00 [\_SB_.PCI0] parent LNXSYBUS:00
[   10.260218]      scan-1141 get_device_data       : No context for object [ffff88040d81d618]
[   10.260416]      scan-1141 get_device_data       : No context for object [ffff88040d81d640]
[   10.260601]      scan-1141 get_device_data       : No context for object [ffff88040d81d668]
[   10.260798]      scan-1141 get_device_data       : No context for object [ffff88040d81d690]
[   10.260996]      scan-1141 get_device_data       : No context for object [ffff88040d81d6b8]
[   10.261193]      scan-1141 get_device_data       : No context for object [ffff88040d81d6e0]
[   10.261387]      scan-1141 get_device_data       : No context for object [ffff88040d81d708]
[   10.261585]      scan-1141 get_device_data       : No context for object [ffff88040d81d730]
[   10.261783]      scan-1141 get_device_data       : No context for object [ffff88040d81d758]
[   10.261980]      scan-1141 get_device_data       : No context for object [ffff88040d81d780]
[   10.262178]      scan-1141 get_device_data       : No context for object [ffff88040d81d7a8]
[   10.262375]      scan-1141 get_device_data       : No context for object [ffff88040d81d7d0]
[   10.262570]      scan-1141 get_device_data       : No context for object [ffff88040d81d7f8]
[   10.262768]      scan-1141 get_device_data       : No context for object [ffff88040d81d820]
[   10.262966]      scan-1141 get_device_data       : No context for object [ffff88040d81d848]
[   10.263164]      scan-1141 get_device_data       : No context for object [ffff88040d81d870]
[   10.263336]      scan-1141 get_device_data       : No context for object [ffff88040d81d898]
[   10.263533]      scan-1141 get_device_data       : No context for object [ffff88040d81d8c0]
[   10.263716]      scan-1141 get_device_data       : No context for object [ffff88040d81d8e8]
[   10.263914]      scan-1141 get_device_data       : No context for object [ffff88040d81d910]
[   10.264112]      scan-1141 get_device_data       : No context for object [ffff88040d81d938]
[   10.264311]      scan-1141 get_device_data       : No context for object [ffff88040d81d960]
[   10.264508]      scan-1141 get_device_data       : No context for object [ffff88040d81d988]
[   10.264660]      scan-1141 get_device_data       : No context for object [ffff88040d81d9b0]
[   10.264837]      scan-1141 get_device_data       : No context for object [ffff88040d81d9d8]
[   10.265032]      scan-1141 get_device_data       : No context for object [ffff88040d81da00]
[   10.265229]      scan-1141 get_device_data       : No context for object [ffff88040d81da28]
[   10.265427]      scan-1141 get_device_data       : No context for object [ffff88040d81da50]
[   10.265604]      scan-1141 get_device_data       : No context for object [ffff88040d81da78]
[   10.265802]      scan-1141 get_device_data       : No context for object [ffff88040d81daa0]
[   10.265998]      scan-1141 get_device_data       : No context for object [ffff88040d81dac8]
[   10.266192]      scan-1141 get_device_data       : No context for object [ffff88040d81daf0]
[   10.266389]      scan-1141 get_device_data       : No context for object [ffff88040d81db18]
[   10.266574]      scan-1141 get_device_data       : No context for object [ffff88040d81db40]
[   10.266831]      scan-1141 get_device_data       : No context for object [ffff88040d81db68]
[   10.267029]      scan-1141 get_device_data       : No context for object [ffff88040d81db90]
[   10.267227]      scan-1141 get_device_data       : No context for object [ffff88040d81dbb8]
[   10.267423]      scan-1141 get_device_data       : No context for object [ffff88040d81dbe0]
[   10.267620]      scan-1141 get_device_data       : No context for object [ffff88040d81dc08]
[   10.267818]      scan-1141 get_device_data       : No context for object [ffff88040d81dc30]
[   10.268016]      scan-1141 get_device_data       : No context for object [ffff88040d81dc58]
[   10.268214]      scan-1141 get_device_data       : No context for object [ffff88040d81dc80]
[   10.268412]      scan-1141 get_device_data       : No context for object [ffff88040d81dca8]
[   10.268608]      scan-1141 get_device_data       : No context for object [ffff88040d81dcd0]
[   10.268804]      scan-1141 get_device_data       : No context for object [ffff88040d81dcf8]
[   10.269001]      scan-1141 get_device_data       : No context for object [ffff88040d81dd20]
[   10.269199]      scan-1141 get_device_data       : No context for object [ffff88040d81dd48]
[   10.269396]      scan-1141 get_device_data       : No context for object [ffff88040d81dd70]
[   10.269594]      scan-1141 get_device_data       : No context for object [ffff88040d81dd98]
[   10.269773]      scan-1141 get_device_data       : No context for object [ffff88040d81ddc0]
[   10.269968]      scan-1141 get_device_data       : No context for object [ffff88040d81dde8]
[   10.270165]      scan-1141 get_device_data       : No context for object [ffff88040d81de10]
[   10.271316]      scan-1141 get_device_data       : No context for object [ffff88040d81de38]
[   10.271511]      scan-1141 get_device_data       : No context for object [ffff88040d81de60]
[   10.271688]      scan-1141 get_device_data       : No context for object [ffff88040d81de88]
[   10.271884]      scan-1141 get_device_data       : No context for object [ffff88040d81deb0]
[   10.272079]      scan-1141 get_device_data       : No context for object [ffff88040d81ded8]
[   10.272272]      scan-1141 get_device_data       : No context for object [ffff88040d81df00]
[   10.272464]      scan-1141 get_device_data       : No context for object [ffff88040d81df28]
[   10.272642]      scan-1141 get_device_data       : No context for object [ffff88040d81df50]
[   10.272837]      scan-1141 get_device_data       : No context for object [ffff88040d81df78]
[   10.273031]      scan-1141 get_device_data       : No context for object [ffff88040d81dfa0]
[   10.273228]      scan-1141 get_device_data       : No context for object [ffff88040d81dfc8]
[   10.273334]      scan-1141 get_device_data       : No context for object [ffff88040d822000]
[   10.273526]      scan-1141 get_device_data       : No context for object [ffff88040d822028]
[   10.273723]     utils-0051 util_eval_error       : Evaluate [\_SB_.PCI0.MEMR._STA]: AE_NOT_FOUND
[   10.273952] device: 'PNP0C02:00': device_add
[   10.274015] bus: 'acpi': add device PNP0C02:00
[   10.274088]     utils-0051 util_eval_error       : Evaluate [\_SB_.PCI0.MEMR._SUN]: AE_NOT_FOUND
[   10.274293]      scan-1933 add_single_object     : Added PNP0C02:00 [\_SB_.PCI0.MEMR] parent PNP0A08:00
[   10.274497]      scan-1141 get_device_data       : No context for object [ffff88040d822050]
[   10.274672]      scan-1141 get_device_data       : No context for object [ffff88040d822078]
[   10.274866]      scan-1141 get_device_data       : No context for object [ffff88040d8220a0]
[   10.275064]      scan-1141 get_device_data       : No context for object [ffff88040d8220c8]
[   10.275262]      scan-1141 get_device_data       : No context for object [ffff88040d8220f0]
[   10.275460]      scan-1141 get_device_data       : No context for object [ffff88040d822118]
[   10.275612]      scan-1141 get_device_data       : No context for object [ffff88040d822140]
[   10.275789]      scan-1141 get_device_data       : No context for object [ffff88040d822168]
[   10.275982]      scan-1141 get_device_data       : No context for object [ffff88040d822190]
[   10.276179]      scan-1141 get_device_data       : No context for object [ffff88040d8221b8]
[   10.276377]      scan-1141 get_device_data       : No context for object [ffff88040d8221e0]
[   10.276554]      scan-1141 get_device_data       : No context for object [ffff88040d822208]
[   10.276832]      scan-1141 get_device_data       : No context for object [ffff88040d822230]
[   10.277030]      scan-1141 get_device_data       : No context for object [ffff88040d822258]
[   10.277225]      scan-1141 get_device_data       : No context for object [ffff88040d822280]
[   10.277422]      scan-1141 get_device_data       : No context for object [ffff88040d8222a8]
[   10.277619]     utils-0051 util_eval_error       : Evaluate [\_SB_.PCI0.PB2_._STA]: AE_NOT_FOUND
[   10.277922] device: 'device:00': device_add
[   10.277985] bus: 'acpi': add device device:00
[   10.278060]     utils-0051 util_eval_error       : Evaluate [\_SB_.PCI0.PB2_._SUN]: AE_NOT_FOUND
[   10.280005]      scan-1933 add_single_object     : Added device:00 [\_SB_.PCI0.PB2_] parent PNP0A08:00
[   10.280005]      scan-1141 get_device_data       : No context for object [ffff88040d8222d0]
[   10.280005]      scan-1141 get_device_data       : No context for object [ffff88040d8222f8]
[   10.280005]      scan-1141 get_device_data       : No context for object [ffff88040d822320]
[   10.280005]      scan-1141 get_device_data       : No context for object [ffff88040d822348]
[   10.280005]      scan-1141 get_device_data       : No context for object [ffff88040d822370]
[   10.280005]      scan-1141 get_device_data       : No context for object [ffff88040d822398]
[   10.280005]      scan-1141 get_device_data       : No context for object [ffff88040d8223c0]
[   10.280005]      scan-1141 get_device_data       : No context for object [ffff88040d8223e8]
[   10.280005]      scan-1141 get_device_data       : No context for object [ffff88040d822410]
[   10.280200]      scan-1141 get_device_data       : No context for object [ffff88040d822438]
[   10.280398]      scan-1141 get_device_data       : No context for object [ffff88040d822460]
[   10.280597]      scan-1141 get_device_data       : No context for object [ffff88040d822488]
[   10.280794]      scan-1141 get_device_data       : No context for object [ffff88040d8224b0]
[   10.280989]      scan-1141 get_device_data       : No context for object [ffff88040d8224d8]
[   10.281187]      scan-1141 get_device_data       : No context for object [ffff88040d822500]
[   10.281385]      scan-1141 get_device_data       : No context for object [ffff88040d822528]
[   10.281583]      scan-1141 get_device_data       : No context for object [ffff88040d822550]
[   10.281781]      scan-1141 get_device_data       : No context for object [ffff88040d822578]
[   10.281978]      scan-1141 get_device_data       : No context for object [ffff88040d8225a0]
[   10.282172]      scan-1141 get_device_data       : No context for object [ffff88040d8225c8]
[   10.282369]      scan-1141 get_device_data       : No context for object [ffff88040d8225f0]
[   10.282568]      scan-1141 get_device_data       : No context for object [ffff88040d822618]
[   10.282746]      scan-1141 get_device_data       : No context for object [ffff88040d822640]
[   10.282943]      scan-1141 get_device_data       : No context for object [ffff88040d822668]
[   10.283141]      scan-1141 get_device_data       : No context for object [ffff88040d822690]
[   10.283334]      scan-1141 get_device_data       : No context for object [ffff88040d8226b8]
[   10.283532]      scan-1141 get_device_data       : No context for object [ffff88040d8226e0]
[   10.283684]      scan-1141 get_device_data       : No context for object [ffff88040d822708]
[   10.283861]      scan-1141 get_device_data       : No context for object [ffff88040d822730]
[   10.284059]      scan-1141 get_device_data       : No context for object [ffff88040d822758]
[   10.284257]      scan-1141 get_device_data       : No context for object [ffff88040d822780]
[   10.284454]     utils-0051 util_eval_error       : Evaluate [\_SB_.PCI0.PB2_.VGA_._STA]: AE_NOT_FOUND
[   10.284674] device: 'device:01': device_add
[   10.284737] bus: 'acpi': add device device:01
[   10.284813]     utils-0051 util_eval_error       : Evaluate [\_SB_.PCI0.PB2_.VGA_._SUN]: AE_NOT_FOUND
[   10.286672]      scan-1933 add_single_object     : Added device:01 [\_SB_.PCI0.PB2_.VGA_] parent device:00
[   10.286672]      scan-1141 get_device_data       : No context for object [ffff88040d8227a8]
[   10.286672]      scan-1141 get_device_data       : No context for object [ffff88040d8227d0]
[   10.286672]      scan-1141 get_device_data       : No context for object [ffff88040d8227f8]
[   10.286672]      scan-1141 get_device_data       : No context for object [ffff88040d822820]
[   10.286672]      scan-1141 get_device_data       : No context for object [ffff88040d822848]
[   10.286672]      scan-1141 get_device_data       : No context for object [ffff88040d822870]
[   10.286672]      scan-1141 get_device_data       : No context for object [ffff88040d822898]
[   10.286672]      scan-1141 get_device_data       : No context for object [ffff88040d8228c0]
[   10.286830]      scan-1141 get_device_data       : No context for object [ffff88040d8228e8]
[   10.287027]      scan-1141 get_device_data       : No context for object [ffff88040d822910]
[   10.287224]      scan-1141 get_device_data       : No context for object [ffff88040d822938]
[   10.287418]      scan-1141 get_device_data       : No context for object [ffff88040d822960]
[   10.287612]      scan-1141 get_device_data       : No context for object [ffff88040d822988]
[   10.287789]      scan-1141 get_device_data       : No context for object [ffff88040d8229b0]
[   10.287985]      scan-1141 get_device_data       : No context for object [ffff88040d8229d8]
[   10.288180]      scan-1141 get_device_data       : No context for object [ffff88040d822a00]
[   10.288370]      scan-1141 get_device_data       : No context for object [ffff88040d822a28]
[   10.288565]      scan-1141 get_device_data       : No context for object [ffff88040d822a50]
[   10.289654]      scan-1141 get_device_data       : No context for object [ffff88040d822a78]
[   10.289847]      scan-1141 get_device_data       : No context for object [ffff88040d822aa0]
[   10.290002]      scan-1141 get_device_data       : No context for object [ffff88040d822ac8]
[   10.290197]      scan-1141 get_device_data       : No context for object [ffff88040d822af0]
[   10.290393]      scan-1141 get_device_data       : No context for object [ffff88040d822b18]
[   10.290587]      scan-1141 get_device_data       : No context for object [ffff88040d822b40]
[   10.290777]      scan-1141 get_device_data       : No context for object [ffff88040d822b68]
[   10.290975]      scan-1141 get_device_data       : No context for object [ffff88040d822b90]
[   10.291169]      scan-1141 get_device_data       : No context for object [ffff88040d822bb8]
[   10.291366]      scan-1141 get_device_data       : No context for object [ffff88040d822be0]
[   10.291561]      scan-1141 get_device_data       : No context for object [ffff88040d822c08]
[   10.291746]      scan-1141 get_device_data       : No context for object [ffff88040d822c30]
[   10.291940]      scan-1141 get_device_data       : No context for object [ffff88040d822c58]
[   10.292138]      scan-1141 get_device_data       : No context for object [ffff88040d822c80]
[   10.292337]      scan-1141 get_device_data       : No context for object [ffff88040d822ca8]
[   10.292535]      scan-1141 get_device_data       : No context for object [ffff88040d822cd0]
[   10.292687]      scan-1141 get_device_data       : No context for object [ffff88040d822cf8]
[   10.292864]      scan-1141 get_device_data       : No context for object [ffff88040d822d20]
[   10.293062]      scan-1141 get_device_data       : No context for object [ffff88040d822d48]
[   10.293256]      scan-1141 get_device_data       : No context for object [ffff88040d822d70]
[   10.293464]      scan-1141 get_device_data       : No context for object [ffff88040d822d98]
[   10.293641]      scan-1141 get_device_data       : No context for object [ffff88040d837438]
[   10.293840]      scan-1141 get_device_data       : No context for object [ffff88040d822dc0]
[   10.294039]     utils-0051 util_eval_error       : Evaluate [\_SB_.PCI0.PB2_.HDAU._STA]: AE_NOT_FOUND
[   10.294259] device: 'device:02': device_add
[   10.294318] bus: 'acpi': add device device:02
[   10.294384]     utils-0051 util_eval_error       : Evaluate [\_SB_.PCI0.PB2_.HDAU._SUN]: AE_NOT_FOUND
[   10.294590]      scan-1933 add_single_object     : Added device:02 [\_SB_.PCI0.PB2_.HDAU] parent device:00
[   10.294793]      scan-1141 get_device_data       : No context for object [ffff88040d822de8]
[   10.294993]      scan-1141 get_device_data       : No context for object [ffff88040d822e10]
[   10.295190]      scan-1141 get_device_data       : No context for object [ffff88040d822e38]
[   10.295389]      scan-1141 get_device_data       : No context for object [ffff88040d822e60]
[   10.295585]      scan-1141 get_device_data       : No context for object [ffff88040d822e88]
[   10.295782]      scan-1141 get_device_data       : No context for object [ffff88040d822eb0]
[   10.295980]      scan-1141 get_device_data       : No context for object [ffff88040d822ed8]
[   10.296179]     utils-0051 util_eval_error       : Evaluate [\_SB_.PCI0.PB3_._STA]: AE_NOT_FOUND
[   10.296477] device: 'device:03': device_add
[   10.296540] bus: 'acpi': add device device:03
[   10.296615]     utils-0051 util_eval_error       : Evaluate [\_SB_.PCI0.PB3_._SUN]: AE_NOT_FOUND
[   10.296817]      scan-1933 add_single_object     : Added device:03 [\_SB_.PCI0.PB3_] parent PNP0A08:00
[   10.297018]      scan-1141 get_device_data       : No context for object [ffff88040d822f00]
[   10.297216]      scan-1141 get_device_data       : No context for object [ffff88040d822f28]
[   10.297413]      scan-1141 get_device_data       : No context for object [ffff88040d822f50]
[   10.297611]      scan-1141 get_device_data       : No context for object [ffff88040d822f78]
[   10.297808]      scan-1141 get_device_data       : No context for object [ffff88040d822fa0]
[   10.298007]      scan-1141 get_device_data       : No context for object [ffff88040d822fc8]
[   10.298201]      scan-1141 get_device_data       : No context for object [ffff88040d823000]
[   10.298398]      scan-1141 get_device_data       : No context for object [ffff88040d823028]
[   10.298596]      scan-1141 get_device_data       : No context for object [ffff88040d823050]
[   10.298774]      scan-1141 get_device_data       : No context for object [ffff88040d823078]
[   10.298971]      scan-1141 get_device_data       : No context for object [ffff88040d8230a0]
[   10.299168]      scan-1141 get_device_data       : No context for object [ffff88040d8230c8]
[   10.299362]      scan-1141 get_device_data       : No context for object [ffff88040d8230f0]
[   10.299560]      scan-1141 get_device_data       : No context for object [ffff88040d823118]
[   10.299712]      scan-1141 get_device_data       : No context for object [ffff88040d823140]
[   10.299889]      scan-1141 get_device_data       : No context for object [ffff88040d823168]
[   10.300002]      scan-1141 get_device_data       : No context for object [ffff88040d823190]
[   10.300201]      scan-1141 get_device_data       : No context for object [ffff88040d8231b8]
[   10.300397]      scan-1141 get_device_data       : No context for object [ffff88040d8231e0]
[   10.300571]      scan-1141 get_device_data       : No context for object [ffff88040d823208]
[   10.300769]      scan-1141 get_device_data       : No context for object [ffff88040d823230]
[   10.300966]      scan-1141 get_device_data       : No context for object [ffff88040d823258]
[   10.301164]      scan-1141 get_device_data       : No context for object [ffff88040d823280]
[   10.301361]      scan-1141 get_device_data       : No context for object [ffff88040d8232a8]
[   10.301541]      scan-1141 get_device_data       : No context for object [ffff88040d8232d0]
[   10.301734]      scan-1141 get_device_data       : No context for object [ffff88040d8232f8]
[   10.301932]      scan-1141 get_device_data       : No context for object [ffff88040d823320]
[   10.302129]      scan-1141 get_device_data       : No context for object [ffff88040d823348]
[   10.302327]      scan-1141 get_device_data       : No context for object [ffff88040d823370]
[   10.302524]      scan-1141 get_device_data       : No context for object [ffff88040d823398]
[   10.302722]      scan-1141 get_device_data       : No context for object [ffff88040d8233c0]
[   10.302918]     utils-0051 util_eval_error       : Evaluate [\_SB_.PCI0.PB3_.VGA_._STA]: AE_NOT_FOUND
[   10.303149]     video-0058 backlight_cap_match   : Found generic backlight support
[   10.303348] device: 'LNXVIDEO:00': device_add
[   10.303411] bus: 'acpi': add device LNXVIDEO:00
[   10.303491]     utils-0051 util_eval_error       : Evaluate [\_SB_.PCI0.PB3_.VGA_._SUN]: AE_NOT_FOUND
[   10.303681]      scan-1933 add_single_object     : Added LNXVIDEO:00 [\_SB_.PCI0.PB3_.VGA_] parent device:03
[   10.303889]      scan-1141 get_device_data       : No context for object [ffff88040d8233e8]
[   10.304083]      scan-1141 get_device_data       : No context for object [ffff88040d823410]
[   10.304276]      scan-1141 get_device_data       : No context for object [ffff88040d823438]
[   10.304471]      scan-1141 get_device_data       : No context for object [ffff88040d823460]
[   10.304620]      scan-1141 get_device_data       : No context for object [ffff88040d823488]
[   10.304798]      scan-1141 get_device_data       : No context for object [ffff88040d8234b0]
[   10.304995]      scan-1141 get_device_data       : No context for object [ffff88040d8234d8]
[   10.305191]      scan-1141 get_device_data       : No context for object [ffff88040d823500]
[   10.305380]      scan-1141 get_device_data       : No context for object [ffff88040d823528]
[   10.305558]      scan-1141 get_device_data       : No context for object [ffff88040d823550]
[   10.305754]      scan-1141 get_device_data       : No context for object [ffff88040d823578]
[   10.305948]      scan-1141 get_device_data       : No context for object [ffff88040d8235a0]
[   10.306143]      scan-1141 get_device_data       : No context for object [ffff88040d8235c8]
[   10.306339]      scan-1141 get_device_data       : No context for object [ffff88040d8235f0]
[   10.306529]      scan-1141 get_device_data       : No context for object [ffff88040d823618]
[   10.306825]      scan-1141 get_device_data       : No context for object [ffff88040d823640]
[   10.307946]      scan-1141 get_device_data       : No context for object [ffff88040d823668]
[   10.308140]      scan-1141 get_device_data       : No context for object [ffff88040d823690]
[   10.308335]      scan-1141 get_device_data       : No context for object [ffff88040d8236b8]
[   10.308533]      scan-1141 get_device_data       : No context for object [ffff88040d8236e0]
[   10.308710]      scan-1141 get_device_data       : No context for object [ffff88040d823708]
[   10.308907]      scan-1141 get_device_data       : No context for object [ffff88040d823730]
[   10.309104]      scan-1141 get_device_data       : No context for object [ffff88040d823758]
[   10.309300]      scan-1141 get_device_data       : No context for object [ffff88040d823780]
[   10.309498]      scan-1141 get_device_data       : No context for object [ffff88040d8237a8]
[   10.309675]      scan-1141 get_device_data       : No context for object [ffff88040d8237d0]
[   10.309873]      scan-1141 get_device_data       : No context for object [ffff88040d8237f8]
[   10.310002]      scan-1141 get_device_data       : No context for object [ffff88040d823820]
[   10.310200]      scan-1141 get_device_data       : No context for object [ffff88040d823848]
[   10.310394]      scan-1141 get_device_data       : No context for object [ffff88040d823870]
[   10.310571]      scan-1141 get_device_data       : No context for object [ffff88040d823898]
[   10.310769]      scan-1141 get_device_data       : No context for object [ffff88040d8238c0]
[   10.310967]      scan-1141 get_device_data       : No context for object [ffff88040d8238e8]
[   10.311166]      scan-1141 get_device_data       : No context for object [ffff88040d823910]
[   10.311364]      scan-1141 get_device_data       : No context for object [ffff88040d823938]
[   10.311559]      scan-1141 get_device_data       : No context for object [ffff88040d823960]
[   10.311757]      scan-1141 get_device_data       : No context for object [ffff88040d823988]
[   10.311954]      scan-1141 get_device_data       : No context for object [ffff88040d8239b0]
[   10.312152]      scan-1141 get_device_data       : No context for object [ffff88040d8239d8]
[   10.312350]      scan-1141 get_device_data       : No context for object [ffff88040d837460]
[   10.312548]      scan-1141 get_device_data       : No context for object [ffff88040d83ac08]
[   10.312744]      scan-1141 get_device_data       : No context for object [ffff88040d83ac30]
[   10.312941]      scan-1141 get_device_data       : No context for object [ffff88040d83ac58]
[   10.313141]     utils-0051 util_eval_error       : Evaluate [\_SB_.PCI0.PB3_.VGA_.CRT_._STA]: AE_NOT_FOUND
[   10.313381] device: 'device:04': device_add
[   10.313491] bus: 'acpi': add device device:04
[   10.313565]     utils-0051 util_eval_error       : Evaluate [\_SB_.PCI0.PB3_.VGA_.CRT_._SUN]: AE_NOT_FOUND
[   10.313752]      scan-1933 add_single_object     : Added device:04 [\_SB_.PCI0.PB3_.VGA_.CRT_] parent LNXVIDEO:00
[   10.313952]      scan-1141 get_device_data       : No context for object [ffff88040d83ac80]
[   10.314150]      scan-1141 get_device_data       : No context for object [ffff88040d83aca8]
[   10.314348]      scan-1141 get_device_data       : No context for object [ffff88040d83acd0]
[   10.314546]      scan-1141 get_device_data       : No context for object [ffff88040d83acf8]
[   10.314745]      scan-1141 get_device_data       : No context for object [ffff88040d83ad20]
[   10.314944]     utils-0051 util_eval_error       : Evaluate [\_SB_.PCI0.PB3_.VGA_.LCD_._STA]: AE_NOT_FOUND
[   10.315170] device: 'device:05': device_add
[   10.315233] bus: 'acpi': add device device:05
[   10.315307]     utils-0051 util_eval_error       : Evaluate [\_SB_.PCI0.PB3_.VGA_.LCD_._SUN]: AE_NOT_FOUND
[   10.316702]      scan-1933 add_single_object     : Added device:05 [\_SB_.PCI0.PB3_.VGA_.LCD_] parent LNXVIDEO:00
[   10.316702]      scan-1141 get_device_data       : No context for object [ffff88040d83ad48]
[   10.316702]      scan-1141 get_device_data       : No context for object [ffff88040d83ad70]
[   10.316702]      scan-1141 get_device_data       : No context for object [ffff88040d83ad98]
[   10.316702]      scan-1141 get_device_data       : No context for object [ffff88040d83adc0]
[   10.316702]      scan-1141 get_device_data       : No context for object [ffff88040d83ade8]
[   10.316702]      scan-1141 get_device_data       : No context for object [ffff88040d83ae10]
[   10.316847]      scan-1141 get_device_data       : No context for object [ffff88040d83ae38]
[   10.317045]      scan-1141 get_device_data       : No context for object [ffff88040d83ae60]
[   10.317244]     utils-0051 util_eval_error       : Evaluate [\_SB_.PCI0.PB3_.VGA_.TV0_._STA]: AE_NOT_FOUND
[   10.317478] device: 'device:06': device_add
[   10.317540] bus: 'acpi': add device device:06
[   10.317607]     utils-0051 util_eval_error       : Evaluate [\_SB_.PCI0.PB3_.VGA_.TV0_._SUN]: AE_NOT_FOUND
[   10.317790]      scan-1933 add_single_object     : Added device:06 [\_SB_.PCI0.PB3_.VGA_.TV0_] parent LNXVIDEO:00
[   10.317993]      scan-1141 get_device_data       : No context for object [ffff88040d83ae88]
[   10.318191]      scan-1141 get_device_data       : No context for object [ffff88040d83aeb0]
[   10.318389]      scan-1141 get_device_data       : No context for object [ffff88040d83aed8]
[   10.318584]      scan-1141 get_device_data       : No context for object [ffff88040d83af00]
[   10.318782]      scan-1141 get_device_data       : No context for object [ffff88040d83af28]
[   10.318977]     utils-0051 util_eval_error       : Evaluate [\_SB_.PCI0.PB3_.VGA_.HDMI._STA]: AE_NOT_FOUND
[   10.319220] device: 'device:07': device_add
[   10.319330] bus: 'acpi': add device device:07
[   10.319404]     utils-0051 util_eval_error       : Evaluate [\_SB_.PCI0.PB3_.VGA_.HDMI._SUN]: AE_NOT_FOUND
[   10.320005]      scan-1933 add_single_object     : Added device:07 [\_SB_.PCI0.PB3_.VGA_.HDMI] parent LNXVIDEO:00
[   10.320005]      scan-1141 get_device_data       : No context for object [ffff88040d83af50]
[   10.320005]      scan-1141 get_device_data       : No context for object [ffff88040d83af78]
[   10.320195]      scan-1141 get_device_data       : No context for object [ffff88040d83afa0]
[   10.320393]      scan-1141 get_device_data       : No context for object [ffff88040d83afc8]
[   10.320590]      scan-1141 get_device_data       : No context for object [ffff88040d823a00]
[   10.320786]     utils-0051 util_eval_error       : Evaluate [\_SB_.PCI0.PB3_.HDAU._STA]: AE_NOT_FOUND
[   10.321015] device: 'device:08': device_add
[   10.321076] bus: 'acpi': add device device:08
[   10.321154]     utils-0051 util_eval_error       : Evaluate [\_SB_.PCI0.PB3_.HDAU._SUN]: AE_NOT_FOUND
[   10.321355]      scan-1933 add_single_object     : Added device:08 [\_SB_.PCI0.PB3_.HDAU] parent device:03
[   10.321554]      scan-1141 get_device_data       : No context for object [ffff88040d823a28]
[   10.321732]      scan-1141 get_device_data       : No context for object [ffff88040d823a50]
[   10.321928]      scan-1141 get_device_data       : No context for object [ffff88040d823a78]
[   10.322124]      scan-1141 get_device_data       : No context for object [ffff88040d823aa0]
[   10.322319]      scan-1141 get_device_data       : No context for object [ffff88040d823ac8]
[   10.322514]      scan-1141 get_device_data       : No context for object [ffff88040d823af0]
[   10.322659]      scan-1141 get_device_data       : No context for object [ffff88040d823b18]
[   10.322838]     utils-0051 util_eval_error       : Evaluate [\_SB_.PCI0.PB4_._STA]: AE_NOT_FOUND
[   10.323132] device: 'device:09': device_add
[   10.323196] bus: 'acpi': add device device:09
[   10.323270]     utils-0051 util_eval_error       : Evaluate [\_SB_.PCI0.PB4_._SUN]: AE_NOT_FOUND
[   10.323507]      scan-1933 add_single_object     : Added device:09 [\_SB_.PCI0.PB4_] parent PNP0A08:00
[   10.323688]      scan-1141 get_device_data       : No context for object [ffff88040d823b40]
[   10.323878]      scan-1141 get_device_data       : No context for object [ffff88040d823b68]
[   10.324075]      scan-1141 get_device_data       : No context for object [ffff88040d823b90]
[   10.324271]      scan-1141 get_device_data       : No context for object [ffff88040d823bb8]
[   10.324466]      scan-1141 get_device_data       : No context for object [ffff88040d823be0]
[   10.324643]      scan-1141 get_device_data       : No context for object [ffff88040d823c08]
[   10.324839]      scan-1141 get_device_data       : No context for object [ffff88040d823c30]
[   10.325034]      scan-1141 get_device_data       : No context for object [ffff88040d823c58]
[   10.325229]      scan-1141 get_device_data       : No context for object [ffff88040d823c80]
[   10.326442]      scan-1141 get_device_data       : No context for object [ffff88040d823ca8]
[   10.326620]      scan-1141 get_device_data       : No context for object [ffff88040d823cd0]
[   10.326831]      scan-1141 get_device_data       : No context for object [ffff88040d823cf8]
[   10.327030]      scan-1141 get_device_data       : No context for object [ffff88040d823d20]
[   10.327227]      scan-1141 get_device_data       : No context for object [ffff88040d823d48]
[   10.327424]      scan-1141 get_device_data       : No context for object [ffff88040d823d70]
[   10.327618]      scan-1141 get_device_data       : No context for object [ffff88040d823d98]
[   10.327816]      scan-1141 get_device_data       : No context for object [ffff88040d823dc0]
[   10.328014]      scan-1141 get_device_data       : No context for object [ffff88040d823de8]
[   10.328212]      scan-1141 get_device_data       : No context for object [ffff88040d823e10]
[   10.328410]      scan-1141 get_device_data       : No context for object [ffff88040d823e38]
[   10.328608]      scan-1141 get_device_data       : No context for object [ffff88040d823e60]
[   10.328804]      scan-1141 get_device_data       : No context for object [ffff88040d823e88]
[   10.329001]      scan-1141 get_device_data       : No context for object [ffff88040d823eb0]
[   10.329199]      scan-1141 get_device_data       : No context for object [ffff88040d823ed8]
[   10.329398]      scan-1141 get_device_data       : No context for object [ffff88040d823f00]
[   10.329596]      scan-1141 get_device_data       : No context for object [ffff88040d823f28]
[   10.329773]      scan-1141 get_device_data       : No context for object [ffff88040d823f50]
[   10.329970]      scan-1141 get_device_data       : No context for object [ffff88040d823f78]
[   10.330165]      scan-1141 get_device_data       : No context for object [ffff88040d823fa0]
[   10.330363]      scan-1141 get_device_data       : No context for object [ffff88040d823fc8]
[   10.330561]      scan-1141 get_device_data       : No context for object [ffff88040d825000]
[   10.330714]     utils-0051 util_eval_error       : Evaluate [\_SB_.PCI0.PB4_.XPDV._STA]: AE_NOT_FOUND
[   10.330928] device: 'device:0a': device_add
[   10.330991] bus: 'acpi': add device device:0a
[   10.331061]     utils-0051 util_eval_error       : Evaluate [\_SB_.PCI0.PB4_.XPDV._SUN]: AE_NOT_FOUND
[   10.331265]      scan-1933 add_single_object     : Added device:0a [\_SB_.PCI0.PB4_.XPDV] parent device:09
[   10.331468]      scan-1141 get_device_data       : No context for object [ffff88040d825028]
[   10.331646]      scan-1141 get_device_data       : No context for object [ffff88040d825050]
[   10.331844]      scan-1141 get_device_data       : No context for object [ffff88040d825078]
[   10.332042]      scan-1141 get_device_data       : No context for object [ffff88040d8250a0]
[   10.332239]      scan-1141 get_device_data       : No context for object [ffff88040d8250c8]
[   10.332435]      scan-1141 get_device_data       : No context for object [ffff88040d837500]
[   10.332628]      scan-1141 get_device_data       : No context for object [ffff88040d8250f0]
[   10.332826]      scan-1141 get_device_data       : No context for object [ffff88040d825118]
[   10.333025]     utils-0051 util_eval_error       : Evaluate [\_SB_.PCI0.PB5_._STA]: AE_NOT_FOUND
[   10.333342] device: 'device:0b': device_add
[   10.333406] bus: 'acpi': add device device:0b
[   10.333483]     utils-0051 util_eval_error       : Evaluate [\_SB_.PCI0.PB5_._SUN]: AE_NOT_FOUND
[   10.333666]      scan-1933 add_single_object     : Added device:0b [\_SB_.PCI0.PB5_] parent PNP0A08:00
[   10.333867]      scan-1141 get_device_data       : No context for object [ffff88040d825140]
[   10.334065]      scan-1141 get_device_data       : No context for object [ffff88040d825168]
[   10.334263]      scan-1141 get_device_data       : No context for object [ffff88040d825190]
[   10.334461]      scan-1141 get_device_data       : No context for object [ffff88040d8251b8]
[   10.334644]      scan-1141 get_device_data       : No context for object [ffff88040d8251e0]
[   10.334842]      scan-1141 get_device_data       : No context for object [ffff88040d825208]
[   10.335037]      scan-1141 get_device_data       : No context for object [ffff88040d825230]
[   10.335234]      scan-1141 get_device_data       : No context for object [ffff88040d825258]
[   10.335432]      scan-1141 get_device_data       : No context for object [ffff88040d825280]
[   10.335630]      scan-1141 get_device_data       : No context for object [ffff88040d8252a8]
[   10.335828]      scan-1141 get_device_data       : No context for object [ffff88040d8252d0]
[   10.336025]      scan-1141 get_device_data       : No context for object [ffff88040d8252f8]
[   10.336219]      scan-1141 get_device_data       : No context for object [ffff88040d825320]
[   10.336416]      scan-1141 get_device_data       : No context for object [ffff88040d825348]
[   10.336614]      scan-1141 get_device_data       : No context for object [ffff88040d825370]
[   10.336798]      scan-1141 get_device_data       : No context for object [ffff88040d825398]
[   10.336996]      scan-1141 get_device_data       : No context for object [ffff88040d8253c0]
[   10.337195]      scan-1141 get_device_data       : No context for object [ffff88040d8253e8]
[   10.337387]      scan-1141 get_device_data       : No context for object [ffff88040d825410]
[   10.337582]      scan-1141 get_device_data       : No context for object [ffff88040d825438]
[   10.337730]      scan-1141 get_device_data       : No context for object [ffff88040d825460]
[   10.337908]      scan-1141 get_device_data       : No context for object [ffff88040d825488]
[   10.338104]      scan-1141 get_device_data       : No context for object [ffff88040d8254b0]
[   10.338298]      scan-1141 get_device_data       : No context for object [ffff88040d8254d8]
[   10.338493]      scan-1141 get_device_data       : No context for object [ffff88040d825500]
[   10.338666]      scan-1141 get_device_data       : No context for object [ffff88040d825528]
[   10.338862]      scan-1141 get_device_data       : No context for object [ffff88040d825550]
[   10.339056]      scan-1141 get_device_data       : No context for object [ffff88040d825578]
[   10.339251]      scan-1141 get_device_data       : No context for object [ffff88040d8255a0]
[   10.339445]      scan-1141 get_device_data       : No context for object [ffff88040d8255c8]
[   10.339629]      scan-1141 get_device_data       : No context for object [ffff88040d8255f0]
[   10.339821]     utils-0051 util_eval_error       : Evaluate [\_SB_.PCI0.PB5_.XPDV._STA]: AE_NOT_FOUND
[   10.340037] device: 'device:0c': device_add
[   10.340146] bus: 'acpi': add device device:0c
[   10.340219]     utils-0051 util_eval_error       : Evaluate [\_SB_.PCI0.PB5_.XPDV._SUN]: AE_NOT_FOUND
[   10.340424]      scan-1933 add_single_object     : Added device:0c [\_SB_.PCI0.PB5_.XPDV] parent device:0b
[   10.340616]      scan-1141 get_device_data       : No context for object [ffff88040d825618]
[   10.340812]      scan-1141 get_device_data       : No context for object [ffff88040d825640]
[   10.341004]      scan-1141 get_device_data       : No context for object [ffff88040d825668]
[   10.341201]      scan-1141 get_device_data       : No context for object [ffff88040d825690]
[   10.341397]      scan-1141 get_device_data       : No context for object [ffff88040d8256b8]
[   10.341591]      scan-1141 get_device_data       : No context for object [ffff88040d837528]
[   10.341789]      scan-1141 get_device_data       : No context for object [ffff88040d8256e0]
[   10.341987]      scan-1141 get_device_data       : No context for object [ffff88040d825708]
[   10.342186]     utils-0051 util_eval_error       : Evaluate [\_SB_.PCI0.PB6_._STA]: AE_NOT_FOUND
[   10.342479] device: 'device:0d': device_add
[   10.342542] bus: 'acpi': add device device:0d
[   10.342617]     utils-0051 util_eval_error       : Evaluate [\_SB_.PCI0.PB6_._SUN]: AE_NOT_FOUND
[   10.343370]      scan-1933 add_single_object     : Added device:0d [\_SB_.PCI0.PB6_] parent PNP0A08:00
[   10.343370]      scan-1141 get_device_data       : No context for object [ffff88040d825730]
[   10.343370]      scan-1141 get_device_data       : No context for object [ffff88040d825758]
[   10.343370]      scan-1141 get_device_data       : No context for object [ffff88040d825780]
[   10.343531]      scan-1141 get_device_data       : No context for object [ffff88040d8257a8]
[   10.343729]      scan-1141 get_device_data       : No context for object [ffff88040d8257d0]
[   10.344945]      scan-1141 get_device_data       : No context for object [ffff88040d8257f8]
[   10.345143]      scan-1141 get_device_data       : No context for object [ffff88040d825820]
[   10.345341]      scan-1141 get_device_data       : No context for object [ffff88040d825848]
[   10.345539]      scan-1141 get_device_data       : No context for object [ffff88040d825870]
[   10.345737]      scan-1141 get_device_data       : No context for object [ffff88040d825898]
[   10.345929]      scan-1141 get_device_data       : No context for object [ffff88040d8258c0]
[   10.346128]      scan-1141 get_device_data       : No context for object [ffff88040d8258e8]
[   10.346325]      scan-1141 get_device_data       : No context for object [ffff88040d825910]
[   10.346524]      scan-1141 get_device_data       : No context for object [ffff88040d825938]
[   10.346798]      scan-1141 get_device_data       : No context for object [ffff88040d825960]
[   10.346998]      scan-1141 get_device_data       : No context for object [ffff88040d825988]
[   10.347191]      scan-1141 get_device_data       : No context for object [ffff88040d8259b0]
[   10.347389]      scan-1141 get_device_data       : No context for object [ffff88040d8259d8]
[   10.347588]      scan-1141 get_device_data       : No context for object [ffff88040d825a00]
[   10.347765]      scan-1141 get_device_data       : No context for object [ffff88040d825a28]
[   10.347963]      scan-1141 get_device_data       : No context for object [ffff88040d825a50]
[   10.348161]      scan-1141 get_device_data       : No context for object [ffff88040d825a78]
[   10.348358]      scan-1141 get_device_data       : No context for object [ffff88040d825aa0]
[   10.348554]      scan-1141 get_device_data       : No context for object [ffff88040d825ac8]
[   10.348706]      scan-1141 get_device_data       : No context for object [ffff88040d825af0]
[   10.348883]      scan-1141 get_device_data       : No context for object [ffff88040d825b18]
[   10.349080]      scan-1141 get_device_data       : No context for object [ffff88040d825b40]
[   10.349278]      scan-1141 get_device_data       : No context for object [ffff88040d825b68]
[   10.349475]      scan-1141 get_device_data       : No context for object [ffff88040d825b90]
[   10.349647]      scan-1141 get_device_data       : No context for object [ffff88040d825bb8]
[   10.349846]      scan-1141 get_device_data       : No context for object [ffff88040d825be0]
[   10.350004]     utils-0051 util_eval_error       : Evaluate [\_SB_.PCI0.PB6_.XPDV._STA]: AE_NOT_FOUND
[   10.350237] device: 'device:0e': device_add
[   10.350301] bus: 'acpi': add device device:0e
[   10.350377]     utils-0051 util_eval_error       : Evaluate [\_SB_.PCI0.PB6_.XPDV._SUN]: AE_NOT_FOUND
[   10.350585]      scan-1933 add_single_object     : Added device:0e [\_SB_.PCI0.PB6_.XPDV] parent device:0d
[   10.350784]      scan-1141 get_device_data       : No context for object [ffff88040d825c08]
[   10.350982]      scan-1141 get_device_data       : No context for object [ffff88040d825c30]
[   10.351180]      scan-1141 get_device_data       : No context for object [ffff88040d825c58]
[   10.351378]      scan-1141 get_device_data       : No context for object [ffff88040d825c80]
[   10.351575]      scan-1141 get_device_data       : No context for object [ffff88040d825ca8]
[   10.351773]      scan-1141 get_device_data       : No context for object [ffff88040d837550]
[   10.351971]      scan-1141 get_device_data       : No context for object [ffff88040d825cd0]
[   10.352167]      scan-1141 get_device_data       : No context for object [ffff88040d825cf8]
[   10.352366]     utils-0051 util_eval_error       : Evaluate [\_SB_.PCI0.PB7_._STA]: AE_NOT_FOUND
[   10.352617] device: 'device:0f': device_add
[   10.352680] bus: 'acpi': add device device:0f
[   10.352755]     utils-0051 util_eval_error       : Evaluate [\_SB_.PCI0.PB7_._SUN]: AE_NOT_FOUND
[   10.353339]      scan-1933 add_single_object     : Added device:0f [\_SB_.PCI0.PB7_] parent PNP0A08:00
[   10.353339]      scan-1141 get_device_data       : No context for object [ffff88040d825d20]
[   10.353339]      scan-1141 get_device_data       : No context for object [ffff88040d825d48]
[   10.353533]      scan-1141 get_device_data       : No context for object [ffff88040d825d70]
[   10.353731]      scan-1141 get_device_data       : No context for object [ffff88040d825d98]
[   10.353929]      scan-1141 get_device_data       : No context for object [ffff88040d825dc0]
[   10.354127]      scan-1141 get_device_data       : No context for object [ffff88040d825de8]
[   10.354323]      scan-1141 get_device_data       : No context for object [ffff88040d825e10]
[   10.354513]      scan-1141 get_device_data       : No context for object [ffff88040d825e38]
[   10.354690]      scan-1141 get_device_data       : No context for object [ffff88040d825e60]
[   10.354886]      scan-1141 get_device_data       : No context for object [ffff88040d825e88]
[   10.355081]      scan-1141 get_device_data       : No context for object [ffff88040d825eb0]
[   10.355276]      scan-1141 get_device_data       : No context for object [ffff88040d825ed8]
[   10.355471]      scan-1141 get_device_data       : No context for object [ffff88040d825f00]
[   10.355618]      scan-1141 get_device_data       : No context for object [ffff88040d825f28]
[   10.355792]      scan-1141 get_device_data       : No context for object [ffff88040d825f50]
[   10.355986]      scan-1141 get_device_data       : No context for object [ffff88040d825f78]
[   10.356181]      scan-1141 get_device_data       : No context for object [ffff88040d825fa0]
[   10.356376]      scan-1141 get_device_data       : No context for object [ffff88040d825fc8]
[   10.356553]      scan-1141 get_device_data       : No context for object [ffff88040d827000]
[   10.356831]      scan-1141 get_device_data       : No context for object [ffff88040d827028]
[   10.357024]      scan-1141 get_device_data       : No context for object [ffff88040d827050]
[   10.357219]      scan-1141 get_device_data       : No context for object [ffff88040d827078]
[   10.357414]      scan-1141 get_device_data       : No context for object [ffff88040d8270a0]
[   10.357611]      scan-1141 get_device_data       : No context for object [ffff88040d8270c8]
[   10.357806]      scan-1141 get_device_data       : No context for object [ffff88040d8270f0]
[   10.358002]      scan-1141 get_device_data       : No context for object [ffff88040d827118]
[   10.358195]      scan-1141 get_device_data       : No context for object [ffff88040d827140]
[   10.358390]      scan-1141 get_device_data       : No context for object [ffff88040d827168]
[   10.358587]      scan-1141 get_device_data       : No context for object [ffff88040d827190]
[   10.358765]      scan-1141 get_device_data       : No context for object [ffff88040d8271b8]
[   10.358962]      scan-1141 get_device_data       : No context for object [ffff88040d8271e0]
[   10.359162]     utils-0051 util_eval_error       : Evaluate [\_SB_.PCI0.PB7_.XPDV._STA]: AE_NOT_FOUND
[   10.359386] device: 'device:10': device_add
[   10.359445] bus: 'acpi': add device device:10
[   10.359518]     utils-0051 util_eval_error       : Evaluate [\_SB_.PCI0.PB7_.XPDV._SUN]: AE_NOT_FOUND
[   10.360005]      scan-1933 add_single_object     : Added device:10 [\_SB_.PCI0.PB7_.XPDV] parent device:0f
[   10.360005]      scan-1141 get_device_data       : No context for object [ffff88040d827208]
[   10.360005]      scan-1141 get_device_data       : No context for object [ffff88040d827230]
[   10.360200]      scan-1141 get_device_data       : No context for object [ffff88040d827258]
[   10.360399]      scan-1141 get_device_data       : No context for object [ffff88040d827280]
[   10.360572]      scan-1141 get_device_data       : No context for object [ffff88040d8272a8]
[   10.360770]      scan-1141 get_device_data       : No context for object [ffff88040d837488]
[   10.360968]      scan-1141 get_device_data       : No context for object [ffff88040d8272d0]
[   10.361166]      scan-1141 get_device_data       : No context for object [ffff88040d8272f8]
[   10.361366]     utils-0051 util_eval_error       : Evaluate [\_SB_.PCI0.OHC1._STA]: AE_NOT_FOUND
[   10.361592] device: 'device:11': device_add
[   10.361654] bus: 'acpi': add device device:11
[   10.361722]     utils-0051 util_eval_error       : Evaluate [\_SB_.PCI0.OHC1._SUN]: AE_NOT_FOUND
[   10.363369]      scan-1933 add_single_object     : Added device:11 [\_SB_.PCI0.OHC1] parent PNP0A08:00
[   10.363369]      scan-1141 get_device_data       : No context for object [ffff88040d827320]
[   10.363369]      scan-1141 get_device_data       : No context for object [ffff88040d827348]
[   10.363513]      scan-1141 get_device_data       : No context for object [ffff88040d83b2f8]
[   10.363713]     utils-0051 util_eval_error       : Evaluate [\_SB_.PCI0.OHC1.RHUB._STA]: AE_NOT_FOUND
[   10.363947] device: 'device:12': device_add
[   10.364010] bus: 'acpi': add device device:12
[   10.364079]     utils-0051 util_eval_error       : Evaluate [\_SB_.PCI0.OHC1.RHUB._SUN]: AE_NOT_FOUND
[   10.364283]      scan-1933 add_single_object     : Added device:12 [\_SB_.PCI0.OHC1.RHUB] parent device:11
[   10.364486]      scan-1141 get_device_data       : No context for object [ffff88040d83b320]
[   10.364683]      scan-1141 get_device_data       : No context for object [ffff88040d83b348]
[   10.364883]     utils-0051 util_eval_error       : Evaluate [\_SB_.PCI0.OHC1.RHUB.PRT3._STA]: AE_NOT_FOUND
[   10.365117] device: 'device:13': device_add
[   10.365180] bus: 'acpi': add device device:13
[   10.365254]     utils-0051 util_eval_error       : Evaluate [\_SB_.PCI0.OHC1.RHUB.PRT3._SUN]: AE_NOT_FOUND
[   10.366672]      scan-1933 add_single_object     : Added device:13 [\_SB_.PCI0.OHC1.RHUB.PRT3] parent device:12
[   10.366672]      scan-1141 get_device_data       : No context for object [ffff88040d83b370]
[   10.366672]      scan-1141 get_device_data       : No context for object [ffff88040d83b398]
[   10.366672]      scan-1141 get_device_data       : No context for object [ffff88040d83b3c0]
[   10.366672]      scan-1141 get_device_data       : No context for object [ffff88040d83b3e8]
[   10.366672]     utils-0051 util_eval_error       : Evaluate [\_SB_.PCI0.OHC1.RHUB.PRT4._STA]: AE_NOT_FOUND
[   10.366689] device: 'device:14': device_add
[   10.366748] bus: 'acpi': add device device:14
[   10.366816]     utils-0051 util_eval_error       : Evaluate [\_SB_.PCI0.OHC1.RHUB.PRT4._SUN]: AE_NOT_FOUND
[   10.367027]      scan-1933 add_single_object     : Added device:14 [\_SB_.PCI0.OHC1.RHUB.PRT4] parent device:12
[   10.367231]      scan-1141 get_device_data       : No context for object [ffff88040d83b410]
[   10.367430]      scan-1141 get_device_data       : No context for object [ffff88040d83b438]
[   10.367618]      scan-1141 get_device_data       : No context for object [ffff88040d83b460]
[   10.367817]      scan-1141 get_device_data       : No context for object [ffff88040d827370]
[   10.368014]     utils-0051 util_eval_error       : Evaluate [\_SB_.PCI0.EHC1._STA]: AE_NOT_FOUND
[   10.368259] device: 'device:15': device_add
[   10.368322] bus: 'acpi': add device device:15
[   10.368396]     utils-0051 util_eval_error       : Evaluate [\_SB_.PCI0.EHC1._SUN]: AE_NOT_FOUND
[   10.370018]      scan-1933 add_single_object     : Added device:15 [\_SB_.PCI0.EHC1] parent PNP0A08:00
[   10.370018]      scan-1141 get_device_data       : No context for object [ffff88040d827398]
[   10.370018]      scan-1141 get_device_data       : No context for object [ffff88040d8273c0]
[   10.370018]      scan-1141 get_device_data       : No context for object [ffff88040d83b028]
[   10.370018]     utils-0051 util_eval_error       : Evaluate [\_SB_.PCI0.EHC1.RHUB._STA]: AE_NOT_FOUND
[   10.370018] device: 'device:16': device_add
[   10.370018] bus: 'acpi': add device device:16
[   10.370018]     utils-0051 util_eval_error       : Evaluate [\_SB_.PCI0.EHC1.RHUB._SUN]: AE_NOT_FOUND
[   10.370042]      scan-1933 add_single_object     : Added device:16 [\_SB_.PCI0.EHC1.RHUB] parent device:15
[   10.370212]      scan-1141 get_device_data       : No context for object [ffff88040d83b050]
[   10.370410]      scan-1141 get_device_data       : No context for object [ffff88040d83b078]
[   10.370607]     utils-0051 util_eval_error       : Evaluate [\_SB_.PCI0.EHC1.RHUB.PRT3._STA]: AE_NOT_FOUND
[   10.370819] device: 'device:17': device_add
[   10.370882] bus: 'acpi': add device device:17
[   10.370957]     utils-0051 util_eval_error       : Evaluate [\_SB_.PCI0.EHC1.RHUB.PRT3._SUN]: AE_NOT_FOUND
[   10.371163]      scan-1933 add_single_object     : Added device:17 [\_SB_.PCI0.EHC1.RHUB.PRT3] parent device:16
[   10.371364]      scan-1141 get_device_data       : No context for object [ffff88040d83b0a0]
[   10.371559]      scan-1141 get_device_data       : No context for object [ffff88040d83b0c8]
[   10.371703]      scan-1141 get_device_data       : No context for object [ffff88040d83b0f0]
[   10.371879]      scan-1141 get_device_data       : No context for object [ffff88040d83b118]
[   10.372076]     utils-0051 util_eval_error       : Evaluate [\_SB_.PCI0.EHC1.RHUB.PRT4._STA]: AE_NOT_FOUND
[   10.372309] device: 'device:18': device_add
[   10.372372] bus: 'acpi': add device device:18
[   10.372444]     utils-0051 util_eval_error       : Evaluate [\_SB_.PCI0.EHC1.RHUB.PRT4._SUN]: AE_NOT_FOUND
[   10.373334]      scan-1933 add_single_object     : Added device:18 [\_SB_.PCI0.EHC1.RHUB.PRT4] parent device:16
[   10.373334]      scan-1141 get_device_data       : No context for object [ffff88040d83b140]
[   10.373334]      scan-1141 get_device_data       : No context for object [ffff88040d83b168]
[   10.373334]      scan-1141 get_device_data       : No context for object [ffff88040d83b190]
[   10.373336]      scan-1141 get_device_data       : No context for object [ffff88040d8273e8]
[   10.373535]     utils-0051 util_eval_error       : Evaluate [\_SB_.PCI0.OHC2._STA]: AE_NOT_FOUND
[   10.373778] device: 'device:19': device_add
[   10.373840] bus: 'acpi': add device device:19
[   10.373914]     utils-0051 util_eval_error       : Evaluate [\_SB_.PCI0.OHC2._SUN]: AE_NOT_FOUND
[   10.374112]      scan-1933 add_single_object     : Added device:19 [\_SB_.PCI0.OHC2] parent PNP0A08:00
[   10.374314]      scan-1141 get_device_data       : No context for object [ffff88040d827410]
[   10.374508]      scan-1141 get_device_data       : No context for object [ffff88040d827438]
[   10.374687]      scan-1141 get_device_data       : No context for object [ffff88040d83b488]
[   10.374884]     utils-0051 util_eval_error       : Evaluate [\_SB_.PCI0.OHC2.RHUB._STA]: AE_NOT_FOUND
[   10.375117] device: 'device:1a': device_add
[   10.375180] bus: 'acpi': add device device:1a
[   10.375246]     utils-0051 util_eval_error       : Evaluate [\_SB_.PCI0.OHC2.RHUB._SUN]: AE_NOT_FOUND
[   10.376672]      scan-1933 add_single_object     : Added device:1a [\_SB_.PCI0.OHC2.RHUB] parent device:19
[   10.376672]      scan-1141 get_device_data       : No context for object [ffff88040d83b4b0]
[   10.376672]      scan-1141 get_device_data       : No context for object [ffff88040d83b4d8]
[   10.376672]     utils-0051 util_eval_error       : Evaluate [\_SB_.PCI0.OHC2.RHUB.PRT4._STA]: AE_NOT_FOUND
[   10.376672] device: 'device:1b': device_add
[   10.376672] bus: 'acpi': add device device:1b
[   10.376672]     utils-0051 util_eval_error       : Evaluate [\_SB_.PCI0.OHC2.RHUB.PRT4._SUN]: AE_NOT_FOUND
[   10.376709]      scan-1933 add_single_object     : Added device:1b [\_SB_.PCI0.OHC2.RHUB.PRT4] parent device:1a
[   10.376876]      scan-1141 get_device_data       : No context for object [ffff88040d83b500]
[   10.377075]      scan-1141 get_device_data       : No context for object [ffff88040d83b528]
[   10.377272]      scan-1141 get_device_data       : No context for object [ffff88040d83b550]
[   10.377471]      scan-1141 get_device_data       : No context for object [ffff88040d827460]
[   10.377651]     utils-0051 util_eval_error       : Evaluate [\_SB_.PCI0.EHC2._STA]: AE_NOT_FOUND
[   10.377876] device: 'device:1c': device_add
[   10.377939] bus: 'acpi': add device device:1c
[   10.378016]     utils-0051 util_eval_error       : Evaluate [\_SB_.PCI0.EHC2._SUN]: AE_NOT_FOUND
[   10.380000]      scan-1933 add_single_object     : Added device:1c [\_SB_.PCI0.EHC2] parent PNP0A08:00
[   10.380000]      scan-1141 get_device_data       : No context for object [ffff88040d827488]
[   10.380000]      scan-1141 get_device_data       : No context for object [ffff88040d8274b0]
[   10.380000]      scan-1141 get_device_data       : No context for object [ffff88040d83b1b8]
[   10.380000]     utils-0051 util_eval_error       : Evaluate [\_SB_.PCI0.EHC2.RHUB._STA]: AE_NOT_FOUND
[   10.380000] device: 'device:1d': device_add
[   10.380000] bus: 'acpi': add device device:1d
[   10.380000]     utils-0051 util_eval_error       : Evaluate [\_SB_.PCI0.EHC2.RHUB._SUN]: AE_NOT_FOUND
[   10.380041]      scan-1933 add_single_object     : Added device:1d [\_SB_.PCI0.EHC2.RHUB] parent device:1c
[   10.380041]      scan-1141 get_device_data       : No context for object [ffff88040d83b1e0]
[   10.380041]      scan-1141 get_device_data       : No context for object [ffff88040d83b208]
[   10.380041]     utils-0051 util_eval_error       : Evaluate [\_SB_.PCI0.EHC2.RHUB.PRT2._STA]: AE_NOT_FOUND
[   10.380222] device: 'device:1e': device_add
[   10.380285] bus: 'acpi': add device device:1e
[   10.380360]     utils-0051 util_eval_error       : Evaluate [\_SB_.PCI0.EHC2.RHUB.PRT2._SUN]: AE_NOT_FOUND
