[    0.000000] Initializing cgroup subsys cpuset
[    0.000000] Initializing cgroup subsys cpu
[    0.000000] Initializing cgroup subsys cpuacct
[    0.000000] Linux version 3.17.0-rc3-gfb76234 (emacs@manji) (gcc version 4.9.1 (GCC) ) #74 SMP Fri Sep 5 23:45:06 CEST 2014
[    0.000000] Command line: BOOT_IMAGE=/vmlinuz-linux-git root=UUID=bfa4ab6e-19a3-4601-ba2b-267c55841c73 rw cryptdevice=/dev/disk/by-uuid/70c08890-417a-497d-b6ab-c0d0357a63e2:cryptManjaro:allow-discards ipv6.disable=1 pnp.debug=1 loglevel=9 log_buf_len=10M printk.always_kmsg_dump=y printk.time=y mminit_loglevel=0 memory_corruption_check=1 acpi.debug_layer=0xfbff0000 acpi.debug_level=0xFFFFFFFD pnp.debug=1 nohz=on rcu_nocbs=1-3 pcie_aspm=force fbcon=scrollback:4096k fbcon=font:ProFont6x11 radeon.audio=0 radeon.lockup_timeout=0 radeon.test=0 radeon.agpmode=-1 radeon.benchmark=0 radeon.tv=0 radeon.hard_reset=1 radeon.aspm=1 radeon.dpm=1 radeon.msi=1 radeon.pcie_gen2=-1 radeon.no_wb=1 radeon.modeset=1 radeon.dynclks=1 radeon.r4xx_atom=0 radeon.runpm=0 radeonfb radeon.fastfb=1 nomodeset
[    0.000000] KERNEL supported cpus:
[    0.000000]   AMD AuthenticAMD
[    0.000000] tseg: 00bfe00000
[    0.000000] e820: BIOS-provided physical RAM map:
[    0.000000] BIOS-e820: [mem 0x0000000000000000-0x000000000009d7ff] usable
[    0.000000] BIOS-e820: [mem 0x000000000009d800-0x000000000009ffff] reserved
[    0.000000] BIOS-e820: [mem 0x00000000000e0000-0x00000000000fffff] reserved
[    0.000000] BIOS-e820: [mem 0x0000000000100000-0x00000000bed9afff] usable
[    0.000000] BIOS-e820: [mem 0x00000000bed9b000-0x00000000bf39afff] reserved
[    0.000000] BIOS-e820: [mem 0x00000000bf39b000-0x00000000bf49afff] ACPI NVS
[    0.000000] BIOS-e820: [mem 0x00000000bf49b000-0x00000000bf51afff] ACPI data
[    0.000000] BIOS-e820: [mem 0x00000000bf51b000-0x00000000bfdfffff] usable
[    0.000000] BIOS-e820: [mem 0x00000000bfe00000-0x00000000bfffffff] reserved
[    0.000000] BIOS-e820: [mem 0x00000000fec00000-0x00000000fecfffff] reserved
[    0.000000] BIOS-e820: [mem 0x00000000fed80000-0x00000000fed80fff] reserved
[    0.000000] BIOS-e820: [mem 0x00000000ffe00000-0x00000000ffffffff] reserved
[    0.000000] BIOS-e820: [mem 0x0000000100000000-0x000000041effffff] usable
[    0.000000] NX (Execute Disable) protection: active
[    0.000000] SMBIOS 2.6 present.
[    0.000000] DMI: LENOVO Sabine/Torpedo, BIOS 54CN18WW 07/20/2011
[    0.000000] e820: update [mem 0x00000000-0x00000fff] usable ==> reserved
[    0.000000] e820: remove [mem 0x000a0000-0x000fffff] usable
[    0.000000] e820: last_pfn = 0x41f000 max_arch_pfn = 0x400000000
[    0.000000] MTRR default type: uncachable
[    0.000000] MTRR fixed ranges enabled:
[    0.000000]   00000-9FFFF write-back
[    0.000000]   A0000-BFFFF uncachable
[    0.000000]   C0000-FFFFF write-protect
[    0.000000] MTRR variable ranges enabled:
[    0.000000]   0 base 0000000000 mask FF80000000 write-back
[    0.000000]   1 base 0080000000 mask FFC0000000 write-back
[    0.000000]   2 base 00FFF90000 mask FFFFFF0000 uncachable
[    0.000000]   3 base 00FED80000 mask 0FFFFFF000 uncachable
[    0.000000]   4 disabled
[    0.000000]   5 disabled
[    0.000000]   6 disabled
[    0.000000]   7 base 00FFE00000 mask FFFFE00000 write-protect
[    0.000000] TOM2: 000000041f000000 aka 16880M
[    0.000000] mtrr: your BIOS has configured an incorrect mask, fixing it.
[    0.000000] e820: last_pfn = 0xbfe00 max_arch_pfn = 0x400000000
[    0.000000] found SMP MP-table at [mem 0x000fa8b0-0x000fa8bf] mapped at [ffff8800000fa8b0]
[    0.000000] Base memory trampoline at [ffff880000097000] 97000 size 24576
[    0.000000] Using GB pages for direct mapping
[    0.000000] init_memory_mapping: [mem 0x00000000-0x000fffff]
[    0.000000]  [mem 0x00000000-0x000fffff] page 4k
[    0.000000] BRK [0x01e17000, 0x01e17fff] PGTABLE
[    0.000000] BRK [0x01e18000, 0x01e18fff] PGTABLE
[    0.000000] BRK [0x01e19000, 0x01e19fff] PGTABLE
[    0.000000] init_memory_mapping: [mem 0x41ee00000-0x41effffff]
[    0.000000]  [mem 0x41ee00000-0x41effffff] page 2M
[    0.000000] BRK [0x01e1a000, 0x01e1afff] PGTABLE
[    0.000000] init_memory_mapping: [mem 0x41c000000-0x41edfffff]
[    0.000000]  [mem 0x41c000000-0x41edfffff] page 2M
[    0.000000] init_memory_mapping: [mem 0x400000000-0x41bffffff]
[    0.000000]  [mem 0x400000000-0x41bffffff] page 2M
[    0.000000] init_memory_mapping: [mem 0x00100000-0xbed9afff]
[    0.000000]  [mem 0x00100000-0x001fffff] page 4k
[    0.000000]  [mem 0x00200000-0x3fffffff] page 2M
[    0.000000]  [mem 0x40000000-0x7fffffff] page 1G
[    0.000000]  [mem 0x80000000-0xbebfffff] page 2M
[    0.000000]  [mem 0xbec00000-0xbed9afff] page 4k
[    0.000000] init_memory_mapping: [mem 0xbf51b000-0xbfdfffff]
[    0.000000]  [mem 0xbf51b000-0xbf5fffff] page 4k
[    0.000000]  [mem 0xbf600000-0xbfdfffff] page 2M
[    0.000000] BRK [0x01e1b000, 0x01e1bfff] PGTABLE
[    0.000000] init_memory_mapping: [mem 0x100000000-0x3ffffffff]
[    0.000000]  [mem 0x100000000-0x3ffffffff] page 1G
[    0.000000] log_buf_len: 16777216 bytes
[    0.000000] early log buf free: 2092044(99%)
[    0.000000] RAMDISK: [mem 0x37828000-0x37c0bfff]
[    0.000000] ACPI: Early table checksum verification disabled
[    0.000000] ACPI: RSDP 0x00000000000F0110 000024 (v02 LENOVO)
[    0.000000] ACPI: XSDT 0x00000000BF51A120 000074 (v01 LENOVO CB-01    00000001 LENO 00000001)
[    0.000000] ACPI: FACP 0x00000000BF508000 0000F4 (v04 LENOVO CB-01    00000001 PTL  00000001)
[    0.000000] ACPI: DSDT 0x00000000BF50A000 00FD10 (v01 LENOVO CB-01    00001000 LENO 00000001)
[    0.000000] ACPI: FACS 0x00000000BF478000 000040
[    0.000000] ACPI: HPET 0x00000000BF507000 000038 (v01 LENOVO CB-01    00000001 PTL  00000001)
[    0.000000] ACPI: APIC 0x00000000BF506000 00007A (v02 LENOVO CB-01    00000001 PTL  00000001)
[    0.000000] ACPI: MCFG 0x00000000BF505000 00003C (v01 LENOVO CB-01    00000001 PTL  00000001)
[    0.000000] ACPI: SLIC 0x00000000BF504000 000176 (v01 LENOVO CB-01    00000001 LENO 00000001)
[    0.000000] ACPI: UEFI 0x00000000BF503000 00003E (v01 LENOVO CB-01    00000001 PTL  00000001)
[    0.000000] ACPI: UEFI 0x00000000BF502000 000042 (v01 PTL    COMBUF   00000001 PTL  00000001)
[    0.000000] ACPI: SSDT 0x00000000BF501000 000E34 (v01 AMD    POWERNOW 00000001 AMD  00000001)
[    0.000000] ACPI: SSDT 0x00000000BF4FF000 00193D (v02 AMD    ALIB     00000001 MSFT 04000000)
[    0.000000] ACPI: UEFI 0x00000000BF4FE000 00021A (v01 LENOVO CB-01    00000001 PTL  00000001)
[    0.000000] ACPI: Local APIC address 0xfee00000
[    0.000000] No NUMA configuration found
[    0.000000] Faking a node at [mem 0x0000000000000000-0x000000041effffff]
[    0.000000] Initmem setup node 0 [mem 0x00000000-0x41effffff]
[    0.000000]   NODE_DATA [mem 0x41dffa000-0x41dffdfff]
[    0.000000]  [ffffea0000000000-ffffea00107fffff] PMD -> [ffff88040de00000-ffff88041d5fffff] on node 0
[    0.000000] Zone ranges:
[    0.000000]   DMA      [mem 0x00001000-0x00ffffff]
[    0.000000]   DMA32    [mem 0x01000000-0xffffffff]
[    0.000000]   Normal   [mem 0x100000000-0x41effffff]
[    0.000000] Movable zone start for each node
[    0.000000] Early memory node ranges
[    0.000000]   node   0: [mem 0x00001000-0x0009cfff]
[    0.000000]   node   0: [mem 0x00100000-0xbed9afff]
[    0.000000]   node   0: [mem 0xbf51b000-0xbfdfffff]
[    0.000000]   node   0: [mem 0x100000000-0x41effffff]
[    0.000000] On node 0 totalpages: 4056604
[    0.000000]   DMA zone: 64 pages used for memmap
[    0.000000]   DMA zone: 21 pages reserved
[    0.000000]   DMA zone: 3996 pages, LIFO batch:0
[    0.000000]   DMA32 zone: 12186 pages used for memmap
[    0.000000]   DMA32 zone: 779904 pages, LIFO batch:31
[    0.000000]   Normal zone: 51136 pages used for memmap
[    0.000000]   Normal zone: 3272704 pages, LIFO batch:31
[    0.000000] ACPI: PM-Timer IO Port: 0x808
[    0.000000] ACPI: Local APIC address 0xfee00000
[    0.000000] ACPI: LAPIC (acpi_id[0x00] lapic_id[0x00] enabled)
[    0.000000] ACPI: LAPIC (acpi_id[0x01] lapic_id[0x01] enabled)
[    0.000000] ACPI: LAPIC (acpi_id[0x02] lapic_id[0x02] enabled)
[    0.000000] ACPI: LAPIC (acpi_id[0x03] lapic_id[0x03] enabled)
[    0.000000] ACPI: LAPIC_NMI (acpi_id[0x00] high edge lint[0x1])
[    0.000000] ACPI: LAPIC_NMI (acpi_id[0x01] high edge lint[0x1])
[    0.000000] ACPI: LAPIC_NMI (acpi_id[0x02] high edge lint[0x1])
[    0.000000] ACPI: LAPIC_NMI (acpi_id[0x03] high edge lint[0x1])
[    0.000000] ACPI: IOAPIC (id[0x02] address[0xfec00000] gsi_base[0])
[    0.000000] IOAPIC[0]: apic_id 2, version 33, address 0xfec00000, GSI 0-23
[    0.000000] ACPI: INT_SRC_OVR (bus 0 bus_irq 0 global_irq 2 dfl dfl)
[    0.000000] ACPI: IRQ0 used by override.
[    0.000000] ACPI: IRQ9 used by override.
[    0.000000] Using ACPI (MADT) for SMP configuration information
[    0.000000] ACPI: HPET id: 0x43538210 base: 0xfed00000
[    0.000000] smpboot: Allowing 4 CPUs, 0 hotplug CPUs
[    0.000000] e820: [mem 0xc0000000-0xfebfffff] available for PCI devices
[    0.000000] setup_percpu: NR_CPUS:64 nr_cpumask_bits:64 nr_cpu_ids:4 nr_node_ids:1
[    0.000000] PERCPU: Embedded 27 pages/cpu @ffff88041dc00000 s80256 r8192 d22144 u524288
[    0.000000] pcpu-alloc: s80256 r8192 d22144 u524288 alloc=1*2097152
[    0.000000] pcpu-alloc: [0] 0 1 2 3 
[    0.000000] Built 1 zonelists in Zone order, mobility grouping on.  Total pages: 3993197
[    0.000000] Policy zone: Normal
[    0.000000] Kernel command line: BOOT_IMAGE=/vmlinuz-linux-git root=UUID=bfa4ab6e-19a3-4601-ba2b-267c55841c73 rw cryptdevice=/dev/disk/by-uuid/70c08890-417a-497d-b6ab-c0d0357a63e2:cryptManjaro:allow-discards ipv6.disable=1 pnp.debug=1 loglevel=9 log_buf_len=10M printk.always_kmsg_dump=y printk.time=y mminit_loglevel=0 memory_corruption_check=1 acpi.debug_layer=0xfbff0000 acpi.debug_level=0xFFFFFFFD pnp.debug=1 nohz=on rcu_nocbs=1-3 pcie_aspm=force fbcon=scrollback:4096k fbcon=font:ProFont6x11 radeon.audio=0 radeon.lockup_timeout=0 radeon.test=0 radeon.agpmode=-1 radeon.benchmark=0 radeon.tv=0 radeon.hard_reset=1 radeon.aspm=1 radeon.dpm=1 radeon.msi=1 radeon.pcie_gen2=-1 radeon.no_wb=1 radeon.modeset=1 radeon.dynclks=1 radeon.r4xx_atom=0 radeon.runpm=0 radeonfb radeon.fastfb=1 nomodeset
[    0.000000] PCIe ASPM is forcibly enabled
[    0.000000] PID hash table entries: 4096 (order: 3, 32768 bytes)
[    0.000000] Memory: 15870892K/16226416K available (5248K kernel code, 721K rwdata, 2208K rodata, 848K init, 2588K bss, 355524K reserved)
[    0.000000] SLUB: HWalign=64, Order=0-3, MinObjects=0, CPUs=4, Nodes=1
[    0.000000] Hierarchical RCU implementation.
[    0.000000] 	RCU dyntick-idle grace-period acceleration is enabled.
[    0.000000] 	Additional per-CPU info printed with stalls.
[    0.000000] 	RCU restricting CPUs from NR_CPUS=64 to nr_cpu_ids=4.
[    0.000000] 	Offload RCU callbacks from all CPUs
[    0.000000] 	Offload RCU callbacks from CPUs: 0-3.
[    0.000000] RCU: Adjusting geometry for rcu_fanout_leaf=16, nr_cpu_ids=4
[    0.000000] NR_IRQS:4352 nr_irqs:456 0
[    0.000000] spurious 8259A interrupt: IRQ7.
[    0.000000] vgacon: allocated 4194304 bytes of memory for scrollback. CONFIG_VGACON_SOFT_SCROLLBACK_SIZE=4096
[    0.000000] Console: colour VGA+ 80x25
[    0.000000] console [tty0] enabled
[    0.000000] allocated 65011712 bytes of page_cgroup
[    0.000000] please try 'cgroup_disable=memory' option if you don't want memory cgroups
[    0.000000] hpet clockevent registered
[    0.000000] tsc: Fast TSC calibration using PIT
[    0.000000] tsc: Detected 1397.434 MHz processor
[    0.000041] Calibrating delay loop (skipped), value calculated using timer frequency.. 2795.32 BogoMIPS (lpj=4658113)
[    0.000200] pid_max: default: 32768 minimum: 301
[    0.000269] ACPI: Core revision 20140724
[    0.016820] ACPI: All ACPI Tables successfully acquired
[    0.019184] Security Framework initialized
[    0.020316] Dentry cache hash table entries: 2097152 (order: 12, 16777216 bytes)
[    0.026547] Inode-cache hash table entries: 1048576 (order: 11, 8388608 bytes)
[    0.029515] Mount-cache hash table entries: 32768 (order: 6, 262144 bytes)
[    0.029655] Mountpoint-cache hash table entries: 32768 (order: 6, 262144 bytes)
[    0.030383] Initializing cgroup subsys memory
[    0.030499] Initializing cgroup subsys devices
[    0.030562] Initializing cgroup subsys freezer
[    0.030623] Initializing cgroup subsys net_cls
[    0.030686] Initializing cgroup subsys blkio
[    0.030768] CPU: Physical Processor ID: 0
[    0.030829] CPU: Processor Core ID: 0
[    0.030889] mce: CPU supports 6 MCE banks
[    0.030958] Last level iTLB entries: 4KB 512, 2MB 16, 4MB 8
Last level dTLB entries: 4KB 1024, 2MB 128, 4MB 64, 1GB 0
[    0.031208] Freeing SMP alternatives memory: 20K (ffffffff81b8a000 - ffffffff81b8f000)
[    0.031927] ..TIMER: vector=0x30 apic1=0 pin1=2 apic2=-1 pin2=-1
[    0.065007] smpboot: CPU0: AMD A6-3400M APU with Radeon(tm) HD Graphics (fam: 12, model: 01, stepping: 00)
[    0.170063] Performance Events: AMD PMU driver.
[    0.170163] ... version:                0
[    0.170224] ... bit width:              48
[    0.170285] ... generic registers:      4
[    0.170347] ... value mask:             0000ffffffffffff
[    0.170409] ... max period:             00007fffffffffff
[    0.170471] ... fixed-purpose events:   0
[    0.170532] ... event mask:             000000000000000f
[    0.170917] MCE: In-kernel MCE decoding enabled.
[    0.171066] trying cpu_up:
[    0.171160] NMI watchdog: enabled on all CPUs, permanently consumes one hw-PMU counter.
[    0.171435] smpboot: ++++++++++++++++++++=_---CPU UP  1
[    0.171545] x86: Booting SMP configuration:
[    0.171608] .... node  #0, CPUs:      #1
[    0.171712] smpboot: Setting warm reset code and vector.
[    0.171833] smpboot: 1.
[    0.171894] smpboot: 2.
[    0.171954] smpboot: 3.
[    0.172015] smpboot: Asserting INIT
[    0.172077] smpboot: waiting 5 sec for mouse movements to 'crash' this cpu
[    6.471126] smpboot: done waiting
[    6.471265] smpboot: Waiting for INIT send to finish...
[    6.481408] smpboot: status for above ^ is: 0
[    6.481518] smpboot: Deasserting INIT
[    6.481581] smpboot: Waiting for above send to finish...
[    6.481646] smpboot: #startup loops: 2
[    6.481709] smpboot: Sending STARTUP #1
[    6.481772] smpboot: After apic_write
[    6.482147] smpboot: Startup point 1
[    6.482236] smpboot: Waiting for send to finish...
[    6.482500] smpboot: Sending STARTUP #2
[    6.482609] smpboot: After apic_write
[    6.482973] smpboot: Startup point 1
[    6.483082] smpboot: Waiting for send to finish...
[    6.483346] smpboot: After Startup
[    6.483456] smpboot: Before Callout 1
[    6.483519] smpboot: After Callout 1
[    6.483582] smpboot: start waiting 5sec for response
[   10.143793] ------------[ cut here ]------------
[   10.143966] WARNING: CPU: 0 PID: 1 at kernel/watchdog.c:267 watchdog_overflow_callback+0x94/0xc0()
[   10.144106] Watchdog detected hard LOCKUP on cpu 0
[   10.144145] Modules linked in:

[   10.144304] CPU: 0 PID: 1 Comm: swapper/0 Tainted: G          I    3.17.0-rc3-gfb76234 #74
[   10.144417] Hardware name: LENOVO Sabine/Torpedo, BIOS 54CN18WW 07/20/2011
[   10.144484]  0000000000000009 ffff88041dc06c38 ffffffff81515581 ffff88041dc06c80
[   10.144715]  ffff88041dc06c70 ffffffff8103f878 ffff88040d80d000 0000000000000000
[   10.144944]  ffff88041dc06d78 ffff88041dc06ef8 0000000000000000 ffff88041dc06cd0
[   10.145173] Call Trace:
[   10.145237]  <NMI>  [<ffffffff81515581>] dump_stack+0x45/0x56
[   10.145379]  [<ffffffff8103f878>] warn_slowpath_common+0x78/0xa0
[   10.145447]  [<ffffffff8103f8e7>] warn_slowpath_fmt+0x47/0x50
[   10.145514]  [<ffffffff810bec04>] watchdog_overflow_callback+0x94/0xc0
[   10.145578]  [<ffffffff810eb01d>] __perf_event_overflow+0x8d/0x2a0
[   10.145641]  [<ffffffff810ebb14>] perf_event_overflow+0x14/0x20
[   10.145705]  [<ffffffff8101746e>] x86_pmu_handle_irq+0x12e/0x170
[   10.145769]  [<ffffffff81015e1b>] perf_event_nmi_handler+0x2b/0x50
[   10.145833]  [<ffffffff810067e8>] nmi_handle+0x78/0x110
[   10.145895]  [<ffffffff81006d64>] default_do_nmi+0x44/0x120
[   10.145958]  [<ffffffff81006ec8>] do_nmi+0x88/0xd0
[   10.146021]  [<ffffffff8151d94a>] end_repeat_nmi+0x1e/0x2e
[   10.146085]  [<ffffffff81278b63>] ? delay_tsc+0x23/0x60
[   10.146148]  [<ffffffff81278b63>] ? delay_tsc+0x23/0x60
[   10.146211]  [<ffffffff81278b63>] ? delay_tsc+0x23/0x60
[   10.146271]  <<EOE>>  [<ffffffff81278abf>] __const_udelay+0x2f/0x40
[   10.146401]  [<ffffffff810246a5>] native_cpu_up+0x8e5/0xa10
[   10.146464]  [<ffffffff8103fca4>] cpu_up+0x154/0x1a0
[   10.146526]  [<ffffffff81ae0867>] smp_init+0x8d/0xe7
[   10.146589]  [<ffffffff81acaf3b>] kernel_init_freeable+0xf3/0x200
[   10.146652]  [<ffffffff81511c60>] ? rest_init+0x80/0x80
[   10.146715]  [<ffffffff81511c69>] kernel_init+0x9/0xf0
[   10.146777]  [<ffffffff8151bdac>] ret_from_fork+0x7c/0xb0
[   10.146839]  [<ffffffff81511c60>] ? rest_init+0x80/0x80
[   10.146906] ---[ end trace 89712519d7d43816 ]---
[   10.146973] INFO: NMI handler (perf_event_nmi_handler) took too long to run: 3.177 msecs
[   10.147083] perf interrupt took too long (24807 > 2495), lowering kernel.perf_event_max_sample_rate to 50100
[   11.505991] smpboot: done waiting 5sec for response
[   11.506077] smpboot: cpumask_test_cpu result: 0
[   11.506174] smpboot: cpu_callin_mask: 0000000000000001
[   11.506237] smpboot: cpu_callout_mask: 0000000000000003
[   11.506334] smpboot: CPU1: Not responding
[   11.506473] smpboot: do_boot_cpu failed(1) to wakeup CPU#1
[   11.506546] after cpu_up !!!!!!!!!!!!
[   11.506587] trying cpu_up:
[   11.506801] smpboot: ++++++++++++++++++++=_---CPU UP  2
[   11.506919]  #2
[   11.506956] smpboot: Setting warm reset code and vector.
[   11.507080] smpboot: 1.
[   11.507143] smpboot: 2.
[   11.507205] smpboot: 3.
[   11.507267] smpboot: Asserting INIT
[   11.507330] smpboot: waiting 5 sec for mouse movements to 'crash' this cpu
[   16.516299] smpboot: done waiting
[   16.516441] smpboot: Waiting for INIT send to finish...
[   16.526557] smpboot: status for above ^ is: 0
[   16.526621] smpboot: Deasserting INIT
[   16.526684] smpboot: Waiting for above send to finish...
[   16.526749] smpboot: #startup loops: 2
[   16.526812] smpboot: Sending STARTUP #1
[   16.526875] smpboot: After apic_write
[   16.397512] smpboot: CPU#2 (phys ID: 2) waiting for CALLOUT
[   16.397514] smpboot: Waiting max 15 sec for callout
[   16.527243] smpboot: Startup point 1
[   16.527481] smpboot: Waiting for send to finish...
[   16.527745] smpboot: Sending STARTUP #2
[   16.527855] smpboot: After apic_write
[   16.528218] smpboot: Startup point 1
[   16.528328] smpboot: Waiting for send to finish...
[   16.528592] smpboot: After Startup
[   16.528701] smpboot: Before Callout 2
[   16.528765] smpboot: After Callout 2
[   16.399194] smpboot: done waiting max 15 sec for callout
[   16.399230] smpboot: Stack at about ffff88040780bf3c
[   16.528958] smpboot: start waiting 5sec for response
[   16.528997] smpboot: done waiting 5sec for response
[   16.529094] smpboot: cpumask_test_cpu result: -1
[   16.529157] smpboot: cpu_callin_mask: 0000000000000005
[   16.529254] smpboot: cpu_callout_mask: 0000000000000005
[   16.529317] smpboot: CPU2: has booted.
[   16.531447] TSC synchronization [CPU#0 -> CPU#2]:
[   16.531547] Measured 181010847 cycles TSC warp between CPUs, turning off TSC clock.
[   16.531686] tsc: Marking TSC unstable due to check_tsc_sync_source failed
[   16.531810] after cpu_up !!!!!!!!!!!!
[   16.531896] trying cpu_up:
[   16.532107] smpboot: ++++++++++++++++++++=_---CPU UP  3
[   16.532290]  #3
[   16.532326] smpboot: Setting warm reset code and vector.
[   16.532449] smpboot: 1.
[   16.532509] smpboot: 2.
[   16.532570] smpboot: 3.
[   16.532631] smpboot: Asserting INIT
[   16.532693] smpboot: waiting 5 sec for mouse movements to 'crash' this cpu
[   21.542008] smpboot: done waiting
[   21.542148] smpboot: Waiting for INIT send to finish...
[   21.552241] smpboot: status for above ^ is: 0
[   21.552305] smpboot: Deasserting INIT
[   21.552368] smpboot: Waiting for above send to finish...
[   21.552432] smpboot: #startup loops: 2
[   21.552496] smpboot: Sending STARTUP #1
[   21.552559] smpboot: After apic_write
[   21.552625] perf interrupt took too long (24619 > 4960), lowering kernel.perf_event_max_sample_rate to 25200
[   21.389251] smpboot: CPU#3 (phys ID: 3) waiting for CALLOUT
[   21.389253] smpboot: Waiting max 15 sec for callout
[   21.554247] smpboot: Startup point 1
[   21.554356] smpboot: Waiting for send to finish...
[   21.554618] smpboot: Sending STARTUP #2
[   21.554728] smpboot: After apic_write
[   21.555091] smpboot: Startup point 1
[   21.555200] smpboot: Waiting for send to finish...
[   21.555465] smpboot: After Startup
[   21.555575] smpboot: Before Callout 3
[   21.555636] smpboot: After Callout 3
[   21.392121] smpboot: done waiting max 15 sec for callout
[   21.392150] smpboot: Stack at about ffff88040780ff3c
[   21.555828] smpboot: start waiting 5sec for response
[   21.555867] smpboot: done waiting 5sec for response
[   21.555964] smpboot: cpumask_test_cpu result: -1
[   21.556027] smpboot: cpu_callin_mask: 000000000000000d
[   21.556128] smpboot: cpu_callout_mask: 000000000000000d
[   21.556192] smpboot: CPU3: has booted.
[   21.556342] after cpu_up !!!!!!!!!!!!
[   21.556380] trying cpu_up:
[   21.556482] ------------[ cut here ]------------
[   21.556550] WARNING: CPU: 0 PID: 1 at arch/x86/kernel/smpboot.c:1026 native_cpu_up+0x4d1/0xa10()
[   21.556661] Modules linked in:
[   21.556759] CPU: 0 PID: 1 Comm: swapper/0 Tainted: G        W I    3.17.0-rc3-gfb76234 #74
[   21.556889] Hardware name: LENOVO Sabine/Torpedo, BIOS 54CN18WW 07/20/2011
[   21.556947]  0000000000000009 ffff880407f0fde0 ffffffff81515581 0000000000000000
[   21.557160]  ffff880407f0fe18 ffffffff8103f878 0000000000000000 ffff880407fa2440
[   21.557372]  0000000000000001 0000000000000001 ffffffff81aaebd0 ffff880407f0fe28
[   21.557583] Call Trace:
[   21.557645]  [<ffffffff81515581>] dump_stack+0x45/0x56
[   21.557707]  [<ffffffff8103f878>] warn_slowpath_common+0x78/0xa0
[   21.557769]  [<ffffffff8103f955>] warn_slowpath_null+0x15/0x20
[   21.557832]  [<ffffffff81024291>] native_cpu_up+0x4d1/0xa10
[   21.557896]  [<ffffffff8105b6cd>] ? notifier_call_chain+0x4d/0x70
[   21.557958]  [<ffffffff8103fca4>] cpu_up+0x154/0x1a0
[   21.558017]  [<ffffffff81ae0867>] smp_init+0x8d/0xe7
[   21.558075]  [<ffffffff81acaf3b>] kernel_init_freeable+0xf3/0x200
[   21.558134]  [<ffffffff81511c60>] ? rest_init+0x80/0x80
[   21.558194]  [<ffffffff81511c69>] kernel_init+0x9/0xf0
[   21.558253]  [<ffffffff8151bdac>] ret_from_fork+0x7c/0xb0
[   21.558312]  [<ffffffff81511c60>] ? rest_init+0x80/0x80
[   21.558372] ---[ end trace 89712519d7d43817 ]---
[   21.558431] smpboot: ++++++++++++++++++++=_---CPU UP  1
[   21.558490] ------------[ cut here ]------------
[   21.558551] WARNING: CPU: 0 PID: 1 at kernel/smp.c:294 smp_call_function_single+0x89/0xa0()
[   21.558660] Modules linked in:
[   21.558748] CPU: 0 PID: 1 Comm: swapper/0 Tainted: G        W I    3.17.0-rc3-gfb76234 #74
[   21.558878] Hardware name: LENOVO Sabine/Torpedo, BIOS 54CN18WW 07/20/2011
[   21.558938]  0000000000000009 ffff880407f0fda0 ffffffff81515581 0000000000000000
[   21.559146]  ffff880407f0fdd8 ffffffff8103f878 0000000000000000 ffffffff8101fc70
[   21.559353]  0000000000000001 0000000000000001 ffffffff81aaebd0 ffff880407f0fde8
[   21.559561] Call Trace:
[   21.559620]  [<ffffffff81515581>] dump_stack+0x45/0x56
[   21.559681]  [<ffffffff8103f878>] warn_slowpath_common+0x78/0xa0
[   21.559742]  [<ffffffff8101fc70>] ? get_fixed_ranges.constprop.6+0x120/0x120
[   21.559805]  [<ffffffff8103f955>] warn_slowpath_null+0x15/0x20
[   21.559866]  [<ffffffff810a5f59>] smp_call_function_single+0x89/0xa0
[   21.559927]  [<ffffffff8101e68f>] mtrr_save_state+0x2f/0x40
[   21.559988]  [<ffffffff81023e51>] native_cpu_up+0x91/0xa10
[   21.560050]  [<ffffffff8105b6cd>] ? notifier_call_chain+0x4d/0x70
[   21.560111]  [<ffffffff8103fca4>] cpu_up+0x154/0x1a0
[   21.560172]  [<ffffffff81ae0867>] smp_init+0x8d/0xe7
[   21.560233]  [<ffffffff81acaf3b>] kernel_init_freeable+0xf3/0x200
[   21.560294]  [<ffffffff81511c60>] ? rest_init+0x80/0x80
[   21.560355]  [<ffffffff81511c69>] kernel_init+0x9/0xf0
[   21.560415]  [<ffffffff8151bdac>] ret_from_fork+0x7c/0xb0
[   21.560475]  [<ffffffff81511c60>] ? rest_init+0x80/0x80
[   21.560532] ---[ end trace 89712519d7d43818 ]---
[   21.560589] x86: Booting SMP configuration:
[   21.560646]     #1
[   21.560712] smpboot: Setting warm reset code and vector.
[   21.560825] smpboot: 1.
[   21.560882] smpboot: 2.
[   21.560938] smpboot: 3.
[   21.560995] smpboot: Asserting INIT
[   21.561053] smpboot: waiting 5 sec for mouse movements to 'crash' this cpu
[   26.570392] smpboot: done waiting
[   26.570534] smpboot: Waiting for INIT send to finish...
[   26.580675] smpboot: status for above ^ is: 0
[   26.580785] smpboot: Deasserting INIT
[   26.580848] smpboot: Waiting for above send to finish...
[   26.580912] smpboot: #startup loops: 2
[   26.580975] smpboot: Sending STARTUP #1
[   26.581038] smpboot: After apic_write
[   26.581401] smpboot: Startup point 1
[   26.581510] smpboot: Waiting for send to finish...
[   26.581775] smpboot: Sending STARTUP #2
[   26.581858] smpboot: After apic_write
[   26.582221] smpboot: Startup point 1
[   26.582330] smpboot: Waiting for send to finish...
[   26.582594] smpboot: After Startup
[   26.582703] smpboot: Before Callout 1
[   26.582765] smpboot: After Callout 1
[   26.582828] smpboot: start waiting 5sec for response
[   28.930486] perf interrupt took too long (24430 > 9920), lowering kernel.perf_event_max_sample_rate to 12600
[   31.601492] smpboot: done waiting 5sec for response
[   31.601531] smpboot: cpumask_test_cpu result: 0
[   31.601629] smpboot: cpu_callin_mask: 000000000000000d
[   31.601691] smpboot: cpu_callout_mask: 000000000000000f
[   31.601789] smpboot: CPU1: Not responding
[   31.601926] smpboot: do_boot_cpu failed(1) to wakeup CPU#1
[   31.601998] after cpu_up !!!!!!!!!!!!
[   31.602038] x86: Booted up 1 node, 3 CPUs
[   31.602156] smpboot: Boot done
[   31.602216] smpboot: Before bogomips
[   31.602283] smpboot: Total of 3 processors activated (8387.96 BogoMIPS)
[   31.602348] smpboot: Before bogocount - setting activated=1
[   10.136760] devtmpfs: initialized
[   10.136817] device: 'platform': device_add
[   10.136914] bus: 'platform': registered
[   10.136988] bus: 'cpu': registered
[   10.137053] device: 'cpu': device_add
[   10.137144] bus: 'container': registered
[   10.137209] device: 'container': device_add
[   10.137660] bus: 'workqueue': registered
[   10.137660] device: 'workqueue': device_add
[   10.140086] kworker/u8:0 (39) used greatest stack depth: 15104 bytes left
[   10.140041] atomic64_test: passed for x86-64 platform with CX8 and with SSE
[   10.140041] device class 'regulator': registering
[   10.140041] Registering platform device 'reg-dummy'. Parent at platform
[   10.140041] device: 'reg-dummy': device_add
[   10.140041] bus: 'platform': add device reg-dummy
[   10.140206] bus: 'platform': add driver reg-dummy
[   10.140206] bus: 'platform': driver_probe_device: matched device reg-dummy with driver reg-dummy
[   10.140206] bus: 'platform': really_probe: probing driver reg-dummy with device reg-dummy
[   10.140206] device: 'regulator.0': device_add
[   10.140206] regulator-dummy: no parameters
[   10.140206] driver: 'reg-dummy': driver_bound: bound to device 'reg-dummy'
[   10.140206] bus: 'platform': really_probe: bound device reg-dummy to driver reg-dummy
[   10.140206] NET: Registered protocol family 16
[   10.140206] device class 'bdi': registering
[   10.140206] bus: 'platform': add driver ramoops
[   10.140206] device class 'pci_bus': registering
[   10.140206] kworker/u8:0 (45) used greatest stack depth: 14848 bytes left
[   10.140206] bus: 'pci': registered
[   10.140206] device class 'backlight': registering
[   10.140206] device class 'tty': registering
[   10.140206] device class 'vtconsole': registering
[   10.140206] device: 'vtcon0': device_add
[   10.140206] bus: 'node': registered
[   10.140206] device: 'node': device_add
[   10.140206] bus: 'i2c': registered
[   10.140206] bus: 'i2c': add driver dummy
[   10.140206] i2c-core: driver [dummy] registered
[   10.140206] cpuidle: using governor ladder
[   10.140206] cpuidle: using governor menu
[   10.140585] ACPI FADT declares the system doesn't support PCIe ASPM, so disable it
[   10.140765] ACPI: bus type PCI registered
[   10.140825] acpiphp: ACPI Hot Plug PCI Controller Driver version: 0.5
[   10.140889] device class 'dmi': registering
[   10.143337] device: 'id': device_add
[   10.143376] PCI: MMCONFIG for domain 0000 [bus 00-3f] at [mem 0xf8000000-0xfbffffff] (base 0xf8000000)
[   10.143376] PCI: not using MMCONFIG
[   10.143376] PCI: Using configuration type 1 for base access
[   10.143376] PCI: Using configuration type 1 for extended access
[   10.143376] device: 'node0': device_add
[   10.143376] bus: 'node': add device node0
[   10.143414] device: 'cpu0': device_add
[   10.143414] bus: 'cpu': add device cpu0
[   10.143414] device: 'cpu1': device_add
[   10.143414] bus: 'cpu': add device cpu1
[   10.143414] device: 'cpu2': device_add
[   10.143414] bus: 'cpu': add device cpu2
[   10.143414] device: 'cpu3': device_add
[   10.143414] bus: 'cpu': add device cpu3
[   10.146693] kworker/u8:0 (65) used greatest stack depth: 14176 bytes left
[   10.160123] device: 'writeback': device_add
[   10.160170] bus: 'workqueue': add device writeback
[   10.160285] device: 'default': device_add
[   10.160526] device class 'block': registering
[   10.160526] ACPI: Added _OSI(Module Device)
[   10.160526] ACPI: Added _OSI(Processor Device)
[   10.160526] ACPI: Added _OSI(3.0 _SCP Extensions)
[   10.160526] ACPI: Added _OSI(Processor Aggregator Device)
[   10.164541] 
**** Context Switch from TID 4294967295 to TID 133431296 ****

[   10.164752]     utils-0051 util_eval_error       : Evaluate [\_SB_.PCI0.LPC0.EC0_._GLK]: AE_NOT_FOUND
[   10.165309] Executing  Method       \_SB_.PCI0.LPC0.EC0_._REG
[   10.166053] Executing  Method       \_SB_.PCI0.LPC0.EC0_._REG
[   10.166252] Executing  Method       \_SB_.PCI0.LPC0.EC0_._REG
[   10.166455] Executing  Method       \_SB_.PCI0.LPC0.EC0_._REG
[   10.169635] Initializing Region       \_SB_.OSTY
[   10.169840] Initializing Region       \_SB_.PCI0.NBMS
[   10.169989] Initializing Region       \_SB_.PCI0.NBXP
[   10.170117] Initializing Region       \_SB_.PCI0.K8ST
[   10.170307] Initializing Region       \_SB_.PCI0.BAR1
[   10.170489] Initializing Region       \_SB_.PCI0.PB2_.XPEX
[   10.170638] Initializing Region       \_SB_.PCI0.PB2_.PCFG
[   10.170788] Initializing Region       \_SB_.PCI0.PB2_.XPCB
[   10.170926] Initializing Region       \_SB_.PCI0.PB2_.XPRI
[   10.171077] Initializing Region       \_SB_.PCI0.PB2_.VGA_.PCFG
[   10.171290] Initializing Region       \_SB_.PCI0.PB2_.HDAU.PCFG
[   10.171462] Initializing Region       \_SB_.PCI0.PB3_.XPEX
[   10.171611] Initializing Region       \_SB_.PCI0.PB3_.PCFG
[   10.171760] Initializing Region       \_SB_.PCI0.PB3_.XPCB
[   10.171911] Initializing Region       \_SB_.PCI0.PB3_.XPRI
[   10.172056] Initializing Region       \_SB_.PCI0.PB3_.VGA_.PCFG
[   10.172257] Initializing Region       \_SB_.PCI0.PB3_.HDAU.PCFG
[   10.172436] Initializing Region       \_SB_.PCI0.PB4_.XPEX
[   10.172586] Initializing Region       \_SB_.PCI0.PB4_.PCFG
[   10.172735] Initializing Region       \_SB_.PCI0.PB4_.XPCB
[   10.172886] Initializing Region       \_SB_.PCI0.PB4_.XPRI
[   10.173040] Initializing Region       \_SB_.PCI0.PB4_.XPDV.PCFG
[   10.173204] Initializing Region       \_SB_.PCI0.PB5_.XPEX
[   10.173344] Initializing Region       \_SB_.PCI0.PB5_.PCFG
[   10.173489] Initializing Region       \_SB_.PCI0.PB5_.XPCB
[   10.173639] Initializing Region       \_SB_.PCI0.PB5_.XPRI
[   10.173792] Initializing Region       \_SB_.PCI0.PB5_.XPDV.PCFG
[   10.173957] Initializing Region       \_SB_.PCI0.PB6_.XPEX
[   10.174105] Initializing Region       \_SB_.PCI0.PB6_.PCFG
[   10.174254] Initializing Region       \_SB_.PCI0.PB6_.XPCB
[   10.174404] Initializing Region       \_SB_.PCI0.PB6_.XPRI
[   10.174550] Initializing Region       \_SB_.PCI0.PB6_.XPDV.PCFG
[   10.174711] Initializing Region       \_SB_.PCI0.PB7_.XPEX
[   10.174860] Initializing Region       \_SB_.PCI0.PB7_.PCFG
[   10.175009] Initializing Region       \_SB_.PCI0.PB7_.XPCB
[   10.175159] Initializing Region       \_SB_.PCI0.PB7_.XPRI
[   10.175312] Initializing Region       \_SB_.PCI0.PB7_.XPDV.PCFG
[   10.175732] Initializing Region       \_SB_.PCI0.SATC
[   10.175923] Initializing Region       \_SB_.PCI0.RMEM
[   10.176103] Initializing Region       \_SB_.PCI0.SATA.SATX
[   10.176258] Initializing Region       \_SB_.PCI0.SATA.BAR5
[   10.196887] Initializing Region       \_SB_.PCI0.SMB_.SBRV
[   10.197051] Initializing Region       \_SB_.PCI0.SMB_.PMIO
[   10.197200] Initializing Region       \_SB_.PCI0.SMB_.ERMM
[   10.197480] Initializing Region       \_SB_.PCI0.SMB_.P1E0
[   10.197687] Initializing Region       \_SB_.PCI0.SMB_.ABIO
[   10.197829] Initializing Region       \_SB_.PCI0.SMB_.SMB0
[   10.197978] Initializing Region       \_SB_.PCI0.LPC0.PIRQ
[   10.198180] Initializing Region       \_SB_.PCI0.LPC0.LPCR
[   10.198416] Initializing Region       \_SB_.PCI0.LPC0.LPCS
[   10.198620] Initializing Region       \_SB_.PCI0.LPC0.SMI0
[   10.198767] Initializing Region       \_SB_.PCI0.LPC0.SMI1
[   10.198929] Initializing Region       \_SB_.PCI0.LPC0.EC0_.ECO1
[   10.199066] Initializing Region       \_SB_.PCI0.LPC0.EC0_.ECO2
[   10.199214] Initializing Region       \_SB_.PCI0.LPC0.EC0_.ECMB
[   10.199362] Initializing Region       \_SB_.PCI0.LPC0.EC0_.RAM_
[   10.199625] Initializing Region       \_SB_.PCI0.LPC0.EC0_.CMOS
[   10.199846] Initializing Region       \_SB_.PCI0.LPC0.EC0_.VPC0.ERAM
[   10.200181] Initializing Region       \_SB_.PCI0.SPB0.PCFG
[   10.200336] Initializing Region       \_SB_.PCI0.SPB0.XPCB
[   10.200484] Initializing Region       \_SB_.PCI0.SPB0.XPDV.PCFG
[   10.200647] Initializing Region       \_SB_.PCI0.SPB1.PCFG
[   10.200795] Initializing Region       \_SB_.PCI0.SPB1.XPCB
[   10.200947] Initializing Region       \_SB_.PCI0.SPB1.XPDV.PCFG
[   10.201109] Initializing Region       \_SB_.PCI0.SPB2.PCFG
[   10.201257] Initializing Region       \_SB_.PCI0.SPB2.XPCB
[   10.201409] Initializing Region       \_SB_.PCI0.SPB2.XPDV.PCFG
[   10.201558] Initializing Region       \_SB_.PCI0.SPB3.PCFG
[   10.201703] Initializing Region       \_SB_.PCI0.SPB3.XPCB
[   10.201855] Initializing Region       \_SB_.PCI0.SPB3.XPDV.PCFG
[   10.202181] Initializing Region       \_SB_.PCI0.VGA_.REVD
[   10.202596] Initializing BufferField  \_SB_.AMW0.WLID
[   10.203182] Initializing Region       \DEB2
[   10.203353] Initializing Region       \PMIO
[   10.203501] Initializing Region       \P01_
[   10.203678] Initializing Region       \CNVS
[   10.203885] Initializing Region       \SPRT
[   10.204036] Initializing Region       \CMIO
[   10.204337] Executing  Method       \_SB_._STA
[   10.204555] Executing  Method       \_SB_._INI
[   10.204726] Executing  Method       \_SB_.PCI0._STA
[   10.204896] Executing  Method       \_SB_.PCI0._INI
[   10.205262] [Firmware Bug]: ACPI: BIOS _OSI(Linux) query ignored
[   10.205803] Executing  Method       \_SB_.PCI0.SATA._STA
[   10.206012] Executing  Method       \_SB_.PCI0.SATA._INI
[   10.206942] Executing  Method       \_SB_.PCI0.LPC0.EC0_._REG
[   10.240115] ACPI: Interpreter enabled
[   10.240200] ACPI: (supports S0 S5)
[   10.240266] ACPI: Using IOAPIC for interrupt routing
[   10.240673] PCI: MMCONFIG for domain 0000 [bus 00-3f] at [mem 0xf8000000-0xfbffffff] (base 0xf8000000)
[   10.241443] PCI: MMCONFIG at [mem 0xf8000000-0xfbffffff] reserved in ACPI motherboard resources
[   10.241784] bus: 'acpi': registered
[   10.241899] PCI: Using host bridge windows from ACPI; if necessary, use "pci=nocrs" and report a bug
[   10.242048]      scan-1141 get_device_data       : No context for object [ffffffffffffffff]
[   10.242048]     utils-0051 util_eval_error       : Evaluate [\._STA]: AE_NOT_FOUND
[   10.242048] device: 'LNXSYSTM:00': device_add
[   10.242048] bus: 'acpi': add device LNXSYSTM:00
[   10.242048]     utils-0051 util_eval_error       : Evaluate [\._SUN]: AE_NOT_FOUND
[   10.242048]      scan-1933 add_single_object     : Added LNXSYSTM:00 [\] parent (null)
[   10.242048]      scan-1141 get_device_data       : No context for object [ffff88040d81d000]
[   10.242048]      scan-1141 get_device_data       : No context for object [ffff88040d8377d0]
[   10.242048]      scan-1141 get_device_data       : No context for object [ffff88040d8377f8]
[   10.242048]      scan-1141 get_device_data       : No context for object [ffff88040d837820]
[   10.242048]      scan-1141 get_device_data       : No context for object [ffff88040d837848]
[   10.242048]      scan-1141 get_device_data       : No context for object [ffff88040d837870]
[   10.242075]      scan-1141 get_device_data       : No context for object [ffff88040d837898]
[   10.242284]      scan-1141 get_device_data       : No context for object [ffff88040d8378c0]
[   10.242489]      scan-1141 get_device_data       : No context for object [ffff88040d8378e8]
[   10.242698]      scan-1141 get_device_data       : No context for object [ffff88040d839398]
[   10.242884]      scan-1141 get_device_data       : No context for object [ffff88040d81d028]
[   10.243094]      scan-1141 get_device_data       : No context for object [ffff88040d81d168]
[   10.243338]     utils-0051 util_eval_error       : Evaluate [\_PR_.C000._STA]: AE_NOT_FOUND
[   10.243548]      scan-1141 get_device_data       : No context for object [ffff88040d81d028]
[   10.243763] device: 'LNXCPU:00': device_add
[   10.243830] bus: 'acpi': add device LNXCPU:00
[   10.243909]     utils-0051 util_eval_error       : Evaluate [\_PR_.C000._SUN]: AE_NOT_FOUND
[   10.244105]      scan-1933 add_single_object     : Added LNXCPU:00 [\_PR_.C000] parent LNXSYSTM:00
[   10.244318]      scan-1141 get_device_data       : No context for object [ffff88040d83c398]
[   10.244516]      scan-1141 get_device_data       : No context for object [ffff88040d83c3c0]
[   10.244714]      scan-1141 get_device_data       : No context for object [ffff88040d83c3e8]
[   10.244892]      scan-1141 get_device_data       : No context for object [ffff88040d83c410]
[   10.245089]      scan-1141 get_device_data       : No context for object [ffff88040d83c438]
[   10.245283]      scan-1141 get_device_data       : No context for object [ffff88040d83c460]
[   10.245478]      scan-1141 get_device_data       : No context for object [ffff88040d81d190]
[   10.245674]     utils-0051 util_eval_error       : Evaluate [\_PR_.C001._STA]: AE_NOT_FOUND
[   10.245869]      scan-1141 get_device_data       : No context for object [ffff88040d81d028]
[   10.246068] device: 'LNXCPU:01': device_add
[   10.246125] bus: 'acpi': add device LNXCPU:01
[   10.246198]     utils-0051 util_eval_error       : Evaluate [\_PR_.C001._SUN]: AE_NOT_FOUND
[   10.250007]      scan-1933 add_single_object     : Added LNXCPU:01 [\_PR_.C001] parent LNXSYSTM:00
[   10.250205]      scan-1141 get_device_data       : No context for object [ffff88040d83c488]
[   10.250401]      scan-1141 get_device_data       : No context for object [ffff88040d83c4b0]
[   10.250578]      scan-1141 get_device_data       : No context for object [ffff88040d83c4d8]
[   10.250773]      scan-1141 get_device_data       : No context for object [ffff88040d83c500]
[   10.250968]      scan-1141 get_device_data       : No context for object [ffff88040d83c528]
[   10.251163]      scan-1141 get_device_data       : No context for object [ffff88040d83c550]
[   10.251353]      scan-1141 get_device_data       : No context for object [ffff88040d81d1b8]
[   10.251550]     utils-0051 util_eval_error       : Evaluate [\_PR_.C002._STA]: AE_NOT_FOUND
[   10.251745]      scan-1141 get_device_data       : No context for object [ffff88040d81d028]
[   10.251949] device: 'LNXCPU:02': device_add
[   10.252013] bus: 'acpi': add device LNXCPU:02
[   10.252086]     utils-0051 util_eval_error       : Evaluate [\_PR_.C002._SUN]: AE_NOT_FOUND
[   10.252292]      scan-1933 add_single_object     : Added LNXCPU:02 [\_PR_.C002] parent LNXSYSTM:00
[   10.252490]      scan-1141 get_device_data       : No context for object [ffff88040d83c578]
[   10.252490]      scan-1141 get_device_data       : No context for object [ffff88040d83c5a0]
[   10.252490]      scan-1141 get_device_data       : No context for object [ffff88040d83c5c8]
[   10.252490]      scan-1141 get_device_data       : No context for object [ffff88040d83c5f0]
[   10.252490]      scan-1141 get_device_data       : No context for object [ffff88040d83c618]
[   10.252490]      scan-1141 get_device_data       : No context for object [ffff88040d83c640]
[   10.252490]      scan-1141 get_device_data       : No context for object [ffff88040d81d1e0]
[   10.252490]     utils-0051 util_eval_error       : Evaluate [\_PR_.C003._STA]: AE_NOT_FOUND
[   10.252490]      scan-1141 get_device_data       : No context for object [ffff88040d81d028]
[   10.252490] device: 'LNXCPU:03': device_add
[   10.252490] bus: 'acpi': add device LNXCPU:03
[   10.252490]     utils-0051 util_eval_error       : Evaluate [\_PR_.C003._SUN]: AE_NOT_FOUND
[   10.253339]      scan-1933 add_single_object     : Added LNXCPU:03 [\_PR_.C003] parent LNXSYSTM:00
[   10.253339]      scan-1141 get_device_data       : No context for object [ffff88040d83c668]
[   10.253339]      scan-1141 get_device_data       : No context for object [ffff88040d83c690]
[   10.253339]      scan-1141 get_device_data       : No context for object [ffff88040d83c6b8]
[   10.253339]      scan-1141 get_device_data       : No context for object [ffff88040d83c6e0]
[   10.253339]      scan-1141 get_device_data       : No context for object [ffff88040d83c708]
[   10.253339]      scan-1141 get_device_data       : No context for object [ffff88040d83c730]
[   10.253339]      scan-1141 get_device_data       : No context for object [ffff88040d81d050]
[   10.253339]     utils-0051 util_eval_error       : Evaluate [\_SB_._STA]: AE_NOT_FOUND
[   10.253585] device: 'LNXSYBUS:00': device_add
[   10.253694] bus: 'acpi': add device LNXSYBUS:00
[   10.253773]     utils-0051 util_eval_error       : Evaluate [\_SB_._SUN]: AE_NOT_FOUND
[   10.253960]      scan-1933 add_single_object     : Added LNXSYBUS:00 [\_SB_] parent LNXSYSTM:00
[   10.254169]      scan-1141 get_device_data       : No context for object [ffff88040d81d3c0]
[   10.254367]      scan-1141 get_device_data       : No context for object [ffff88040d81d3e8]
[   10.254564]      scan-1141 get_device_data       : No context for object [ffff88040d81d410]
[   10.254757]      scan-1141 get_device_data       : No context for object [ffff88040d81d438]
[   10.254934]      scan-1141 get_device_data       : No context for object [ffff88040d81d460]
[   10.255132]      scan-1141 get_device_data       : No context for object [ffff88040d81d488]
[   10.255330]      scan-1141 get_device_data       : No context for object [ffff88040d81d4b0]
[   10.255528]      scan-1141 get_device_data       : No context for object [ffff88040d81d5a0]
[   10.255727]     utils-0051 util_eval_error       : Evaluate [\_SB_.PWRB._STA]: AE_NOT_FOUND
[   10.255924] device: 'PNP0C0C:00': device_add
[   10.255986] bus: 'acpi': add device PNP0C0C:00
[   10.256061]     utils-0051 util_eval_error       : Evaluate [\_SB_.PWRB._SUN]: AE_NOT_FOUND
[   10.256722]      scan-1933 add_single_object     : Added PNP0C0C:00 [\_SB_.PWRB] parent LNXSYBUS:00
[   10.256722]      scan-1141 get_device_data       : No context for object [ffff88040d81d5c8]
[   10.256722]      scan-1141 get_device_data       : No context for object [ffff88040d81d5f0]
[   10.256870]     utils-0051 util_eval_error       : Evaluate [\_SB_.PCI0._STA]: AE_NOT_FOUND
[   10.257107] device: 'PNP0A08:00': device_add
[   10.257166] bus: 'acpi': add device PNP0A08:00
[   10.257245]     utils-0051 util_eval_error       : Evaluate [\_SB_.PCI0._SUN]: AE_NOT_FOUND
[   10.260000]      scan-1933 add_single_object     : Added PNP0A08:00 [\_SB_.PCI0] parent LNXSYBUS:00
[   10.260000]      scan-1141 get_device_data       : No context for object [ffff88040d81d618]
[   10.260000]      scan-1141 get_device_data       : No context for object [ffff88040d81d640]
[   10.260000]      scan-1141 get_device_data       : No context for object [ffff88040d81d668]
[   10.260000]      scan-1141 get_device_data       : No context for object [ffff88040d81d690]
[   10.260000]      scan-1141 get_device_data       : No context for object [ffff88040d81d6b8]
[   10.260000]      scan-1141 get_device_data       : No context for object [ffff88040d81d6e0]
[   10.260000]      scan-1141 get_device_data       : No context for object [ffff88040d81d708]
[   10.260000]      scan-1141 get_device_data       : No context for object [ffff88040d81d730]
[   10.260000]      scan-1141 get_device_data       : No context for object [ffff88040d81d758]
[   10.260000]      scan-1141 get_device_data       : No context for object [ffff88040d81d780]
[   10.260000]      scan-1141 get_device_data       : No context for object [ffff88040d81d7a8]
[   10.260000]      scan-1141 get_device_data       : No context for object [ffff88040d81d7d0]
[   10.260003]      scan-1141 get_device_data       : No context for object [ffff88040d81d7f8]
[   10.260201]      scan-1141 get_device_data       : No context for object [ffff88040d81d820]
[   10.260399]      scan-1141 get_device_data       : No context for object [ffff88040d81d848]
[   10.260597]      scan-1141 get_device_data       : No context for object [ffff88040d81d870]
[   10.260794]      scan-1141 get_device_data       : No context for object [ffff88040d81d898]
[   10.260944]      scan-1141 get_device_data       : No context for object [ffff88040d81d8c0]
[   10.261121]      scan-1141 get_device_data       : No context for object [ffff88040d81d8e8]
[   10.261319]      scan-1141 get_device_data       : No context for object [ffff88040d81d910]
[   10.261517]      scan-1141 get_device_data       : No context for object [ffff88040d81d938]
[   10.261715]      scan-1141 get_device_data       : No context for object [ffff88040d81d960]
[   10.261893]      scan-1141 get_device_data       : No context for object [ffff88040d81d988]
[   10.262084]      scan-1141 get_device_data       : No context for object [ffff88040d81d9b0]
[   10.262280]      scan-1141 get_device_data       : No context for object [ffff88040d81d9d8]
[   10.262475]      scan-1141 get_device_data       : No context for object [ffff88040d81da00]
[   10.262670]      scan-1141 get_device_data       : No context for object [ffff88040d81da28]
[   10.262865]      scan-1141 get_device_data       : No context for object [ffff88040d81da50]
[   10.263060]      scan-1141 get_device_data       : No context for object [ffff88040d81da78]
[   10.263335]      scan-1141 get_device_data       : No context for object [ffff88040d81daa0]
[   10.263527]      scan-1141 get_device_data       : No context for object [ffff88040d81dac8]
[   10.263722]      scan-1141 get_device_data       : No context for object [ffff88040d81daf0]
[   10.263917]      scan-1141 get_device_data       : No context for object [ffff88040d81db18]
[   10.264113]      scan-1141 get_device_data       : No context for object [ffff88040d81db40]
[   10.264308]      scan-1141 get_device_data       : No context for object [ffff88040d81db68]
[   10.264503]      scan-1141 get_device_data       : No context for object [ffff88040d81db90]
[   10.265616]      scan-1141 get_device_data       : No context for object [ffff88040d81dbb8]
[   10.265807]      scan-1141 get_device_data       : No context for object [ffff88040d81dbe0]
[   10.265983]      scan-1141 get_device_data       : No context for object [ffff88040d81dc08]
[   10.266178]      scan-1141 get_device_data       : No context for object [ffff88040d81dc30]
[   10.266376]      scan-1141 get_device_data       : No context for object [ffff88040d81dc58]
[   10.266573]      scan-1141 get_device_data       : No context for object [ffff88040d81dc80]
[   10.266669]      scan-1141 get_device_data       : No context for object [ffff88040d81dca8]
[   10.266845]      scan-1141 get_device_data       : No context for object [ffff88040d81dcd0]
[   10.267039]      scan-1141 get_device_data       : No context for object [ffff88040d81dcf8]
[   10.267237]      scan-1141 get_device_data       : No context for object [ffff88040d81dd20]
[   10.267435]      scan-1141 get_device_data       : No context for object [ffff88040d81dd48]
[   10.267633]      scan-1141 get_device_data       : No context for object [ffff88040d81dd70]
[   10.267831]      scan-1141 get_device_data       : No context for object [ffff88040d81dd98]
[   10.268028]      scan-1141 get_device_data       : No context for object [ffff88040d81ddc0]
[   10.268221]      scan-1141 get_device_data       : No context for object [ffff88040d81dde8]
[   10.268419]      scan-1141 get_device_data       : No context for object [ffff88040d81de10]
[   10.268617]      scan-1141 get_device_data       : No context for object [ffff88040d81de38]
[   10.268814]      scan-1141 get_device_data       : No context for object [ffff88040d81de60]
[   10.269012]      scan-1141 get_device_data       : No context for object [ffff88040d81de88]
[   10.269210]      scan-1141 get_device_data       : No context for object [ffff88040d81deb0]
[   10.269405]      scan-1141 get_device_data       : No context for object [ffff88040d81ded8]
[   10.269603]      scan-1141 get_device_data       : No context for object [ffff88040d81df00]
[   10.269801]      scan-1141 get_device_data       : No context for object [ffff88040d81df28]
[   10.270002]      scan-1141 get_device_data       : No context for object [ffff88040d81df50]
[   10.270200]      scan-1141 get_device_data       : No context for object [ffff88040d81df78]
[   10.270397]      scan-1141 get_device_data       : No context for object [ffff88040d81dfa0]
[   10.270594]      scan-1141 get_device_data       : No context for object [ffff88040d81dfc8]
[   10.270789]      scan-1141 get_device_data       : No context for object [ffff88040d822000]
[   10.270941]      scan-1141 get_device_data       : No context for object [ffff88040d822028]
[   10.271120]     utils-0051 util_eval_error       : Evaluate [\_SB_.PCI0.MEMR._STA]: AE_NOT_FOUND
[   10.271352] device: 'PNP0C02:00': device_add
[   10.271416] bus: 'acpi': add device PNP0C02:00
[   10.271493]     utils-0051 util_eval_error       : Evaluate [\_SB_.PCI0.MEMR._SUN]: AE_NOT_FOUND
[   10.273339]      scan-1933 add_single_object     : Added PNP0C02:00 [\_SB_.PCI0.MEMR] parent PNP0A08:00
[   10.273339]      scan-1141 get_device_data       : No context for object [ffff88040d822050]
[   10.273339]      scan-1141 get_device_data       : No context for object [ffff88040d822078]
[   10.273339]      scan-1141 get_device_data       : No context for object [ffff88040d8220a0]
[   10.273339]      scan-1141 get_device_data       : No context for object [ffff88040d8220c8]
[   10.273339]      scan-1141 get_device_data       : No context for object [ffff88040d8220f0]
[   10.273339]      scan-1141 get_device_data       : No context for object [ffff88040d822118]
[   10.273339]      scan-1141 get_device_data       : No context for object [ffff88040d822140]
[   10.273339]      scan-1141 get_device_data       : No context for object [ffff88040d822168]
[   10.273534]      scan-1141 get_device_data       : No context for object [ffff88040d822190]
[   10.273732]      scan-1141 get_device_data       : No context for object [ffff88040d8221b8]
[   10.273931]      scan-1141 get_device_data       : No context for object [ffff88040d8221e0]
[   10.274128]      scan-1141 get_device_data       : No context for object [ffff88040d822208]
[   10.274326]      scan-1141 get_device_data       : No context for object [ffff88040d822230]
[   10.274522]      scan-1141 get_device_data       : No context for object [ffff88040d822258]
[   10.274720]      scan-1141 get_device_data       : No context for object [ffff88040d822280]
[   10.274918]      scan-1141 get_device_data       : No context for object [ffff88040d8222a8]
[   10.275117]     utils-0051 util_eval_error       : Evaluate [\_SB_.PCI0.PB2_._STA]: AE_NOT_FOUND
[   10.275423] device: 'device:00': device_add
[   10.275485] bus: 'acpi': add device device:00
[   10.275551]     utils-0051 util_eval_error       : Evaluate [\_SB_.PCI0.PB2_._SUN]: AE_NOT_FOUND
[   10.276680]      scan-1933 add_single_object     : Added device:00 [\_SB_.PCI0.PB2_] parent PNP0A08:00
[   10.276680]      scan-1141 get_device_data       : No context for object [ffff88040d8222d0]
[   10.276680]      scan-1141 get_device_data       : No context for object [ffff88040d8222f8]
[   10.276680]      scan-1141 get_device_data       : No context for object [ffff88040d822320]
[   10.276680]      scan-1141 get_device_data       : No context for object [ffff88040d822348]
[   10.276680]      scan-1141 get_device_data       : No context for object [ffff88040d822370]
[   10.276862]      scan-1141 get_device_data       : No context for object [ffff88040d822398]
[   10.277059]      scan-1141 get_device_data       : No context for object [ffff88040d8223c0]
[   10.277257]      scan-1141 get_device_data       : No context for object [ffff88040d8223e8]
[   10.277455]      scan-1141 get_device_data       : No context for object [ffff88040d822410]
[   10.277652]      scan-1141 get_device_data       : No context for object [ffff88040d822438]
[   10.277850]      scan-1141 get_device_data       : No context for object [ffff88040d822460]
[   10.278043]      scan-1141 get_device_data       : No context for object [ffff88040d822488]
[   10.278241]      scan-1141 get_device_data       : No context for object [ffff88040d8224b0]
[   10.278439]      scan-1141 get_device_data       : No context for object [ffff88040d8224d8]
[   10.278635]      scan-1141 get_device_data       : No context for object [ffff88040d822500]
[   10.278830]      scan-1141 get_device_data       : No context for object [ffff88040d822528]
[   10.279015]      scan-1141 get_device_data       : No context for object [ffff88040d822550]
[   10.279209]      scan-1141 get_device_data       : No context for object [ffff88040d822578]
[   10.279403]      scan-1141 get_device_data       : No context for object [ffff88040d8225a0]
[   10.279599]      scan-1141 get_device_data       : No context for object [ffff88040d8225c8]
[   10.279794]      scan-1141 get_device_data       : No context for object [ffff88040d8225f0]
[   10.280002]      scan-1141 get_device_data       : No context for object [ffff88040d822618]
[   10.280180]      scan-1141 get_device_data       : No context for object [ffff88040d822640]
[   10.280374]      scan-1141 get_device_data       : No context for object [ffff88040d822668]
[   10.280566]      scan-1141 get_device_data       : No context for object [ffff88040d822690]
[   10.280761]      scan-1141 get_device_data       : No context for object [ffff88040d8226b8]
[   10.280938]      scan-1141 get_device_data       : No context for object [ffff88040d8226e0]
[   10.281132]      scan-1141 get_device_data       : No context for object [ffff88040d822708]
[   10.281327]      scan-1141 get_device_data       : No context for object [ffff88040d822730]
[   10.281520]      scan-1141 get_device_data       : No context for object [ffff88040d822758]
[   10.281714]      scan-1141 get_device_data       : No context for object [ffff88040d822780]
[   10.281908]     utils-0051 util_eval_error       : Evaluate [\_SB_.PCI0.PB2_.VGA_._STA]: AE_NOT_FOUND
[   10.282146] device: 'device:01': device_add
[   10.282255] bus: 'acpi': add device device:01
[   10.282330]     utils-0051 util_eval_error       : Evaluate [\_SB_.PCI0.PB2_.VGA_._SUN]: AE_NOT_FOUND
[   10.283347]      scan-1933 add_single_object     : Added device:01 [\_SB_.PCI0.PB2_.VGA_] parent device:00
[   10.283347]      scan-1141 get_device_data       : No context for object [ffff88040d8227a8]
[   10.283347]      scan-1141 get_device_data       : No context for object [ffff88040d8227d0]
[   10.286668]      scan-1141 get_device_data       : No context for object [ffff88040d8227f8]
[   10.286863]      scan-1141 get_device_data       : No context for object [ffff88040d822820]
[   10.287061]      scan-1141 get_device_data       : No context for object [ffff88040d822848]
[   10.287259]      scan-1141 get_device_data       : No context for object [ffff88040d822870]
[   10.287455]      scan-1141 get_device_data       : No context for object [ffff88040d822898]
[   10.287653]      scan-1141 get_device_data       : No context for object [ffff88040d8228c0]
[   10.287851]      scan-1141 get_device_data       : No context for object [ffff88040d8228e8]
[   10.288044]      scan-1141 get_device_data       : No context for object [ffff88040d822910]
[   10.288242]      scan-1141 get_device_data       : No context for object [ffff88040d822938]
[   10.288439]      scan-1141 get_device_data       : No context for object [ffff88040d822960]
[   10.288637]      scan-1141 get_device_data       : No context for object [ffff88040d822988]
[   10.288835]      scan-1141 get_device_data       : No context for object [ffff88040d8229b0]
[   10.289033]      scan-1141 get_device_data       : No context for object [ffff88040d8229d8]
[   10.289033]      scan-1141 get_device_data       : No context for object [ffff88040d822a00]
[   10.289033]      scan-1141 get_device_data       : No context for object [ffff88040d822a28]
[   10.289033]      scan-1141 get_device_data       : No context for object [ffff88040d822a50]
[   10.289033]      scan-1141 get_device_data       : No context for object [ffff88040d822a78]
[   10.289033]      scan-1141 get_device_data       : No context for object [ffff88040d822aa0]
[   10.289033]      scan-1141 get_device_data       : No context for object [ffff88040d822ac8]
[   10.289033]      scan-1141 get_device_data       : No context for object [ffff88040d822af0]
[   10.289033]      scan-1141 get_device_data       : No context for object [ffff88040d822b18]
[   10.289033]      scan-1141 get_device_data       : No context for object [ffff88040d822b40]
[   10.289033]      scan-1141 get_device_data       : No context for object [ffff88040d822b68]
[   10.289033]      scan-1141 get_device_data       : No context for object [ffff88040d822b90]
[   10.289033]      scan-1141 get_device_data       : No context for object [ffff88040d822bb8]
[   10.289033]      scan-1141 get_device_data       : No context for object [ffff88040d822be0]
[   10.289146]      scan-1141 get_device_data       : No context for object [ffff88040d822c08]
[   10.289344]      scan-1141 get_device_data       : No context for object [ffff88040d822c30]
[   10.289542]      scan-1141 get_device_data       : No context for object [ffff88040d822c58]
[   10.289740]      scan-1141 get_device_data       : No context for object [ffff88040d822c80]
[   10.289917]      scan-1141 get_device_data       : No context for object [ffff88040d822ca8]
[   10.290164]      scan-1141 get_device_data       : No context for object [ffff88040d822cd0]
[   10.290360]      scan-1141 get_device_data       : No context for object [ffff88040d822cf8]
[   10.290560]      scan-1141 get_device_data       : No context for object [ffff88040d822d20]
[   10.290757]      scan-1141 get_device_data       : No context for object [ffff88040d822d48]
[   10.290944]      scan-1141 get_device_data       : No context for object [ffff88040d822d70]
[   10.291142]      scan-1141 get_device_data       : No context for object [ffff88040d822d98]
[   10.291340]      scan-1141 get_device_data       : No context for object [ffff88040d837438]
[   10.291537]      scan-1141 get_device_data       : No context for object [ffff88040d822dc0]
[   10.291734]     utils-0051 util_eval_error       : Evaluate [\_SB_.PCI0.PB2_.HDAU._STA]: AE_NOT_FOUND
[   10.291968] device: 'device:02': device_add
[   10.292031] bus: 'acpi': add device device:02
[   10.292104]     utils-0051 util_eval_error       : Evaluate [\_SB_.PCI0.PB2_.HDAU._SUN]: AE_NOT_FOUND
[   10.293339]      scan-1933 add_single_object     : Added device:02 [\_SB_.PCI0.PB2_.HDAU] parent device:00
[   10.293339]      scan-1141 get_device_data       : No context for object [ffff88040d822de8]
[   10.293339]      scan-1141 get_device_data       : No context for object [ffff88040d822e10]
[   10.293339]      scan-1141 get_device_data       : No context for object [ffff88040d822e38]
[   10.293339]      scan-1141 get_device_data       : No context for object [ffff88040d822e60]
[   10.293339]      scan-1141 get_device_data       : No context for object [ffff88040d822e88]
[   10.293464]      scan-1141 get_device_data       : No context for object [ffff88040d822eb0]
[   10.293662]      scan-1141 get_device_data       : No context for object [ffff88040d822ed8]
[   10.293861]     utils-0051 util_eval_error       : Evaluate [\_SB_.PCI0.PB3_._STA]: AE_NOT_FOUND
[   10.294040] device: 'device:03': device_add
[   10.294104] bus: 'acpi': add device device:03
[   10.294179]     utils-0051 util_eval_error       : Evaluate [\_SB_.PCI0.PB3_._SUN]: AE_NOT_FOUND
[   10.296680]      scan-1933 add_single_object     : Added device:03 [\_SB_.PCI0.PB3_] parent PNP0A08:00
[   10.296680]      scan-1141 get_device_data       : No context for object [ffff88040d822f00]
[   10.296680]      scan-1141 get_device_data       : No context for object [ffff88040d822f28]
[   10.296680]      scan-1141 get_device_data       : No context for object [ffff88040d822f50]
[   10.296680]      scan-1141 get_device_data       : No context for object [ffff88040d822f78]
[   10.296680]      scan-1141 get_device_data       : No context for object [ffff88040d822fa0]
[   10.296680]      scan-1141 get_device_data       : No context for object [ffff88040d822fc8]
[   10.296680]      scan-1141 get_device_data       : No context for object [ffff88040d823000]
[   10.296680]      scan-1141 get_device_data       : No context for object [ffff88040d823028]
[   10.296680]      scan-1141 get_device_data       : No context for object [ffff88040d823050]
[   10.296680]      scan-1141 get_device_data       : No context for object [ffff88040d823078]
[   10.296680]      scan-1141 get_device_data       : No context for object [ffff88040d8230a0]
[   10.296680]      scan-1141 get_device_data       : No context for object [ffff88040d8230c8]
[   10.296864]      scan-1141 get_device_data       : No context for object [ffff88040d8230f0]
[   10.297042]      scan-1141 get_device_data       : No context for object [ffff88040d823118]
[   10.297237]      scan-1141 get_device_data       : No context for object [ffff88040d823140]
[   10.297433]      scan-1141 get_device_data       : No context for object [ffff88040d823168]
[   10.297628]      scan-1141 get_device_data       : No context for object [ffff88040d823190]
[   10.297820]      scan-1141 get_device_data       : No context for object [ffff88040d8231b8]
[   10.297968]      scan-1141 get_device_data       : No context for object [ffff88040d8231e0]
[   10.298145]      scan-1141 get_device_data       : No context for object [ffff88040d823208]
[   10.298341]      scan-1141 get_device_data       : No context for object [ffff88040d823230]
[   10.298535]      scan-1141 get_device_data       : No context for object [ffff88040d823258]
[   10.298732]      scan-1141 get_device_data       : No context for object [ffff88040d823280]
[   10.298905]      scan-1141 get_device_data       : No context for object [ffff88040d8232a8]
[   10.299100]      scan-1141 get_device_data       : No context for object [ffff88040d8232d0]
[   10.299295]      scan-1141 get_device_data       : No context for object [ffff88040d8232f8]
[   10.299493]      scan-1141 get_device_data       : No context for object [ffff88040d823320]
[   10.299690]      scan-1141 get_device_data       : No context for object [ffff88040d823348]
[   10.299888]      scan-1141 get_device_data       : No context for object [ffff88040d823370]
[   10.300128]      scan-1141 get_device_data       : No context for object [ffff88040d823398]
[   10.300322]      scan-1141 get_device_data       : No context for object [ffff88040d8233c0]
[   10.300522]     utils-0051 util_eval_error       : Evaluate [\_SB_.PCI0.PB3_.VGA_._STA]: AE_NOT_FOUND
[   10.300754]     video-0058 backlight_cap_match   : Found generic backlight support
[   10.300951] device: 'LNXVIDEO:00': device_add
[   10.301014] bus: 'acpi': add device LNXVIDEO:00
[   10.301094]     utils-0051 util_eval_error       : Evaluate [\_SB_.PCI0.PB3_.VGA_._SUN]: AE_NOT_FOUND
[   10.303347]      scan-1933 add_single_object     : Added LNXVIDEO:00 [\_SB_.PCI0.PB3_.VGA_] parent device:03
[   10.303347]      scan-1141 get_device_data       : No context for object [ffff88040d8233e8]
[   10.303347]      scan-1141 get_device_data       : No context for object [ffff88040d823410]
[   10.303347]      scan-1141 get_device_data       : No context for object [ffff88040d823438]
[   10.303347]      scan-1141 get_device_data       : No context for object [ffff88040d823460]
[   10.303347]      scan-1141 get_device_data       : No context for object [ffff88040d823488]
[   10.303499]      scan-1141 get_device_data       : No context for object [ffff88040d8234b0]
[   10.303696]      scan-1141 get_device_data       : No context for object [ffff88040d8234d8]
[   10.303889]      scan-1141 get_device_data       : No context for object [ffff88040d823500]
[   10.304067]      scan-1141 get_device_data       : No context for object [ffff88040d823528]
[   10.304265]      scan-1141 get_device_data       : No context for object [ffff88040d823550]
[   10.304463]      scan-1141 get_device_data       : No context for object [ffff88040d823578]
[   10.304661]      scan-1141 get_device_data       : No context for object [ffff88040d8235a0]
[   10.304859]      scan-1141 get_device_data       : No context for object [ffff88040d8235c8]
[   10.305007]      scan-1141 get_device_data       : No context for object [ffff88040d8235f0]
[   10.305181]      scan-1141 get_device_data       : No context for object [ffff88040d823618]
[   10.305378]      scan-1141 get_device_data       : No context for object [ffff88040d823640]
[   10.305576]      scan-1141 get_device_data       : No context for object [ffff88040d823668]
[   10.305774]      scan-1141 get_device_data       : No context for object [ffff88040d823690]
[   10.305951]      scan-1141 get_device_data       : No context for object [ffff88040d8236b8]
[   10.306148]      scan-1141 get_device_data       : No context for object [ffff88040d8236e0]
[   10.306342]      scan-1141 get_device_data       : No context for object [ffff88040d823708]
[   10.306540]      scan-1141 get_device_data       : No context for object [ffff88040d823730]
[   10.306669]      scan-1141 get_device_data       : No context for object [ffff88040d823758]
[   10.306861]      scan-1141 get_device_data       : No context for object [ffff88040d823780]
[   10.307059]      scan-1141 get_device_data       : No context for object [ffff88040d8237a8]
[   10.307256]      scan-1141 get_device_data       : No context for object [ffff88040d8237d0]
[   10.307451]      scan-1141 get_device_data       : No context for object [ffff88040d8237f8]
[   10.307648]      scan-1141 get_device_data       : No context for object [ffff88040d823820]
[   10.307846]      scan-1141 get_device_data       : No context for object [ffff88040d823848]
[   10.308045]      scan-1141 get_device_data       : No context for object [ffff88040d823870]
[   10.308242]      scan-1141 get_device_data       : No context for object [ffff88040d823898]
[   10.308440]      scan-1141 get_device_data       : No context for object [ffff88040d8238c0]
[   10.308638]      scan-1141 get_device_data       : No context for object [ffff88040d8238e8]
[   10.308834]      scan-1141 get_device_data       : No context for object [ffff88040d823910]
[   10.309032]      scan-1141 get_device_data       : No context for object [ffff88040d823938]
[   10.309230]      scan-1141 get_device_data       : No context for object [ffff88040d823960]
[   10.309427]      scan-1141 get_device_data       : No context for object [ffff88040d823988]
[   10.309625]      scan-1141 get_device_data       : No context for object [ffff88040d8239b0]
[   10.309823]      scan-1141 get_device_data       : No context for object [ffff88040d8239d8]
[   10.310002]      scan-1141 get_device_data       : No context for object [ffff88040d837460]
[   10.310200]      scan-1141 get_device_data       : No context for object [ffff88040d83ac08]
[   10.310398]      scan-1141 get_device_data       : No context for object [ffff88040d83ac30]
[   10.310595]      scan-1141 get_device_data       : No context for object [ffff88040d83ac58]
[   10.310795]     utils-0051 util_eval_error       : Evaluate [\_SB_.PCI0.PB3_.VGA_.CRT_._STA]: AE_NOT_FOUND
[   10.310984] device: 'device:04': device_add
[   10.311044] bus: 'acpi': add device device:04
[   10.311111]     utils-0051 util_eval_error       : Evaluate [\_SB_.PCI0.PB3_.VGA_.CRT_._SUN]: AE_NOT_FOUND
[   10.313339]      scan-1933 add_single_object     : Added device:04 [\_SB_.PCI0.PB3_.VGA_.CRT_] parent LNXVIDEO:00
[   10.313339]      scan-1141 get_device_data       : No context for object [ffff88040d83ac80]
[   10.313339]      scan-1141 get_device_data       : No context for object [ffff88040d83aca8]
[   10.313339]      scan-1141 get_device_data       : No context for object [ffff88040d83acd0]
[   10.313339]      scan-1141 get_device_data       : No context for object [ffff88040d83acf8]
[   10.313339]      scan-1141 get_device_data       : No context for object [ffff88040d83ad20]
[   10.313339]     utils-0051 util_eval_error       : Evaluate [\_SB_.PCI0.PB3_.VGA_.LCD_._STA]: AE_NOT_FOUND
[   10.313339] device: 'device:05': device_add
[   10.313339] bus: 'acpi': add device device:05
[   10.313339]     utils-0051 util_eval_error       : Evaluate [\_SB_.PCI0.PB3_.VGA_.LCD_._SUN]: AE_NOT_FOUND
[   10.313388]      scan-1933 add_single_object     : Added device:05 [\_SB_.PCI0.PB3_.VGA_.LCD_] parent LNXVIDEO:00
[   10.313388]      scan-1141 get_device_data       : No context for object [ffff88040d83ad48]
[   10.313534]      scan-1141 get_device_data       : No context for object [ffff88040d83ad70]
[   10.313724]      scan-1141 get_device_data       : No context for object [ffff88040d83ad98]
[   10.313919]      scan-1141 get_device_data       : No context for object [ffff88040d83adc0]
[   10.314114]      scan-1141 get_device_data       : No context for object [ffff88040d83ade8]
[   10.314311]      scan-1141 get_device_data       : No context for object [ffff88040d83ae10]
[   10.314507]      scan-1141 get_device_data       : No context for object [ffff88040d83ae38]
[   10.314702]      scan-1141 get_device_data       : No context for object [ffff88040d83ae60]
[   10.314894]     utils-0051 util_eval_error       : Evaluate [\_SB_.PCI0.PB3_.VGA_.TV0_._STA]: AE_NOT_FOUND
[   10.315110] device: 'device:06': device_add
[   10.315172] bus: 'acpi': add device device:06
[   10.315249]     utils-0051 util_eval_error       : Evaluate [\_SB_.PCI0.PB3_.VGA_.TV0_._SUN]: AE_NOT_FOUND
[   10.316680]      scan-1933 add_single_object     : Added device:06 [\_SB_.PCI0.PB3_.VGA_.TV0_] parent LNXVIDEO:00
[   10.316680]      scan-1141 get_device_data       : No context for object [ffff88040d83ae88]
[   10.316680]      scan-1141 get_device_data       : No context for object [ffff88040d83aeb0]
[   10.316680]      scan-1141 get_device_data       : No context for object [ffff88040d83aed8]
[   10.316680]      scan-1141 get_device_data       : No context for object [ffff88040d83af00]
[   10.316680]      scan-1141 get_device_data       : No context for object [ffff88040d83af28]
[   10.316680]     utils-0051 util_eval_error       : Evaluate [\_SB_.PCI0.PB3_.VGA_.HDMI._STA]: AE_NOT_FOUND
[   10.316716] device: 'device:07': device_add
[   10.316826] bus: 'acpi': add device device:07
[   10.316901]     utils-0051 util_eval_error       : Evaluate [\_SB_.PCI0.PB3_.VGA_.HDMI._SUN]: AE_NOT_FOUND
[   10.317086]      scan-1933 add_single_object     : Added device:07 [\_SB_.PCI0.PB3_.VGA_.HDMI] parent LNXVIDEO:00
[   10.317286]      scan-1141 get_device_data       : No context for object [ffff88040d83af50]
[   10.317484]      scan-1141 get_device_data       : No context for object [ffff88040d83af78]
[   10.317682]      scan-1141 get_device_data       : No context for object [ffff88040d83afa0]
[   10.317860]      scan-1141 get_device_data       : No context for object [ffff88040d83afc8]
[   10.318058]      scan-1141 get_device_data       : No context for object [ffff88040d823a00]
[   10.318257]     utils-0051 util_eval_error       : Evaluate [\_SB_.PCI0.PB3_.HDAU._STA]: AE_NOT_FOUND
[   10.318475] device: 'device:08': device_add
[   10.318538] bus: 'acpi': add device device:08
[   10.318613]     utils-0051 util_eval_error       : Evaluate [\_SB_.PCI0.PB3_.HDAU._SUN]: AE_NOT_FOUND
[   10.320044]      scan-1933 add_single_object     : Added device:08 [\_SB_.PCI0.PB3_.HDAU] parent device:03
[   10.320044]      scan-1141 get_device_data       : No context for object [ffff88040d823a28]
[   10.320044]      scan-1141 get_device_data       : No context for object [ffff88040d823a50]
[   10.320044]      scan-1141 get_device_data       : No context for object [ffff88040d823a78]
[   10.320044]      scan-1141 get_device_data       : No context for object [ffff88040d823aa0]
[   10.323335]      scan-1141 get_device_data       : No context for object [ffff88040d823ac8]
[   10.323529]      scan-1141 get_device_data       : No context for object [ffff88040d823af0]
[   10.323727]      scan-1141 get_device_data       : No context for object [ffff88040d823b18]
[   10.323927]     utils-0051 util_eval_error       : Evaluate [\_SB_.PCI0.PB4_._STA]: AE_NOT_FOUND
[   10.324224] device: 'device:09': device_add
[   10.324287] bus: 'acpi': add device device:09
[   10.324364]     utils-0051 util_eval_error       : Evaluate [\_SB_.PCI0.PB4_._SUN]: AE_NOT_FOUND
[   10.324547]      scan-1933 add_single_object     : Added device:09 [\_SB_.PCI0.PB4_] parent PNP0A08:00
[   10.324744]      scan-1141 get_device_data       : No context for object [ffff88040d823b40]
[   10.324942]      scan-1141 get_device_data       : No context for object [ffff88040d823b68]
[   10.325140]      scan-1141 get_device_data       : No context for object [ffff88040d823b90]
[   10.325335]      scan-1141 get_device_data       : No context for object [ffff88040d823bb8]
[   10.325533]      scan-1141 get_device_data       : No context for object [ffff88040d823be0]
[   10.325533]      scan-1141 get_device_data       : No context for object [ffff88040d823c08]
[   10.325533]      scan-1141 get_device_data       : No context for object [ffff88040d823c30]
[   10.325533]      scan-1141 get_device_data       : No context for object [ffff88040d823c58]
[   10.325533]      scan-1141 get_device_data       : No context for object [ffff88040d823c80]
[   10.325533]      scan-1141 get_device_data       : No context for object [ffff88040d823ca8]
[   10.325533]      scan-1141 get_device_data       : No context for object [ffff88040d823cd0]
[   10.325533]      scan-1141 get_device_data       : No context for object [ffff88040d823cf8]
[   10.325533]      scan-1141 get_device_data       : No context for object [ffff88040d823d20]
[   10.325533]      scan-1141 get_device_data       : No context for object [ffff88040d823d48]
[   10.325533]      scan-1141 get_device_data       : No context for object [ffff88040d823d70]
[   10.325533]      scan-1141 get_device_data       : No context for object [ffff88040d823d98]
[   10.325533]      scan-1141 get_device_data       : No context for object [ffff88040d823dc0]
[   10.325706]      scan-1141 get_device_data       : No context for object [ffff88040d823de8]
[   10.325903]      scan-1141 get_device_data       : No context for object [ffff88040d823e10]
[   10.326080]      scan-1141 get_device_data       : No context for object [ffff88040d823e38]
[   10.326278]      scan-1141 get_device_data       : No context for object [ffff88040d823e60]
[   10.326476]      scan-1141 get_device_data       : No context for object [ffff88040d823e88]
[   10.326669]      scan-1141 get_device_data       : No context for object [ffff88040d823eb0]
[   10.326866]      scan-1141 get_device_data       : No context for object [ffff88040d823ed8]
[   10.327018]      scan-1141 get_device_data       : No context for object [ffff88040d823f00]
[   10.327191]      scan-1141 get_device_data       : No context for object [ffff88040d823f28]
[   10.327391]      scan-1141 get_device_data       : No context for object [ffff88040d823f50]
[   10.327589]      scan-1141 get_device_data       : No context for object [ffff88040d823f78]
[   10.327787]      scan-1141 get_device_data       : No context for object [ffff88040d823fa0]
[   10.327964]      scan-1141 get_device_data       : No context for object [ffff88040d823fc8]
[   10.328163]      scan-1141 get_device_data       : No context for object [ffff88040d825000]
[   10.328361]     utils-0051 util_eval_error       : Evaluate [\_SB_.PCI0.PB4_.XPDV._STA]: AE_NOT_FOUND
[   10.328594] device: 'device:0a': device_add
[   10.328656] bus: 'acpi': add device device:0a
[   10.328729]     utils-0051 util_eval_error       : Evaluate [\_SB_.PCI0.PB4_.XPDV._SUN]: AE_NOT_FOUND
[   10.330013]      scan-1933 add_single_object     : Added device:0a [\_SB_.PCI0.PB4_.XPDV] parent device:09
[   10.330013]      scan-1141 get_device_data       : No context for object [ffff88040d825028]
[   10.330013]      scan-1141 get_device_data       : No context for object [ffff88040d825050]
[   10.330013]      scan-1141 get_device_data       : No context for object [ffff88040d825078]
[   10.330013]      scan-1141 get_device_data       : No context for object [ffff88040d8250a0]
[   10.330013]      scan-1141 get_device_data       : No context for object [ffff88040d8250c8]
[   10.330013]      scan-1141 get_device_data       : No context for object [ffff88040d837500]
[   10.330198]      scan-1141 get_device_data       : No context for object [ffff88040d8250f0]
[   10.330394]      scan-1141 get_device_data       : No context for object [ffff88040d825118]
[   10.330589]     utils-0051 util_eval_error       : Evaluate [\_SB_.PCI0.PB5_._STA]: AE_NOT_FOUND
[   10.330866] device: 'device:0b': device_add
[   10.330928] bus: 'acpi': add device device:0b
[   10.331001]     utils-0051 util_eval_error       : Evaluate [\_SB_.PCI0.PB5_._SUN]: AE_NOT_FOUND
[   10.333338]      scan-1933 add_single_object     : Added device:0b [\_SB_.PCI0.PB5_] parent PNP0A08:00
[   10.333338]      scan-1141 get_device_data       : No context for object [ffff88040d825140]
[   10.333338]      scan-1141 get_device_data       : No context for object [ffff88040d825168]
[   10.333338]      scan-1141 get_device_data       : No context for object [ffff88040d825190]
[   10.333338]      scan-1141 get_device_data       : No context for object [ffff88040d8251b8]
[   10.333338]      scan-1141 get_device_data       : No context for object [ffff88040d8251e0]
[   10.333338]      scan-1141 get_device_data       : No context for object [ffff88040d825208]
[   10.333338]      scan-1141 get_device_data       : No context for object [ffff88040d825230]
[   10.333338]      scan-1141 get_device_data       : No context for object [ffff88040d825258]
[   10.333338]      scan-1141 get_device_data       : No context for object [ffff88040d825280]
[   10.333338]      scan-1141 get_device_data       : No context for object [ffff88040d8252a8]
[   10.333338]      scan-1141 get_device_data       : No context for object [ffff88040d8252d0]
[   10.333534]      scan-1141 get_device_data       : No context for object [ffff88040d8252f8]
[   10.333732]      scan-1141 get_device_data       : No context for object [ffff88040d825320]
[   10.333909]      scan-1141 get_device_data       : No context for object [ffff88040d825348]
[   10.334107]      scan-1141 get_device_data       : No context for object [ffff88040d825370]
[   10.334305]      scan-1141 get_device_data       : No context for object [ffff88040d825398]
[   10.334500]      scan-1141 get_device_data       : No context for object [ffff88040d8253c0]
[   10.334698]      scan-1141 get_device_data       : No context for object [ffff88040d8253e8]
[   10.334876]      scan-1141 get_device_data       : No context for object [ffff88040d825410]
[   10.335073]      scan-1141 get_device_data       : No context for object [ffff88040d825438]
[   10.335271]      scan-1141 get_device_data       : No context for object [ffff88040d825460]
[   10.335468]      scan-1141 get_device_data       : No context for object [ffff88040d825488]
[   10.335664]      scan-1141 get_device_data       : No context for object [ffff88040d8254b0]
[   10.335860]      scan-1141 get_device_data       : No context for object [ffff88040d8254d8]
[   10.336058]      scan-1141 get_device_data       : No context for object [ffff88040d825500]
[   10.336255]      scan-1141 get_device_data       : No context for object [ffff88040d825528]
[   10.336453]      scan-1141 get_device_data       : No context for object [ffff88040d825550]
[   10.336669]      scan-1141 get_device_data       : No context for object [ffff88040d825578]
[   10.336866]      scan-1141 get_device_data       : No context for object [ffff88040d8255a0]
[   10.337061]      scan-1141 get_device_data       : No context for object [ffff88040d8255c8]
[   10.337259]      scan-1141 get_device_data       : No context for object [ffff88040d8255f0]
[   10.337458]     utils-0051 util_eval_error       : Evaluate [\_SB_.PCI0.PB5_.XPDV._STA]: AE_NOT_FOUND
[   10.337692] device: 'device:0c': device_add
[   10.337757] bus: 'acpi': add device device:0c
[   10.337832]     utils-0051 util_eval_error       : Evaluate [\_SB_.PCI0.PB5_.XPDV._SUN]: AE_NOT_FOUND
[   10.340006]      scan-1933 add_single_object     : Added device:0c [\_SB_.PCI0.PB5_.XPDV] parent device:0b
[   10.340006]      scan-1141 get_device_data       : No context for object [ffff88040d825618]
[   10.340006]      scan-1141 get_device_data       : No context for object [ffff88040d825640]
[   10.340006]      scan-1141 get_device_data       : No context for object [ffff88040d825668]
[   10.340006]      scan-1141 get_device_data       : No context for object [ffff88040d825690]
[   10.340006]      scan-1141 get_device_data       : No context for object [ffff88040d8256b8]
[   10.340201]      scan-1141 get_device_data       : No context for object [ffff88040d837528]
[   10.340399]      scan-1141 get_device_data       : No context for object [ffff88040d8256e0]
[   10.340595]      scan-1141 get_device_data       : No context for object [ffff88040d825708]
[   10.340795]     utils-0051 util_eval_error       : Evaluate [\_SB_.PCI0.PB6_._STA]: AE_NOT_FOUND
[   10.341032] device: 'device:0d': device_add
[   10.341095] bus: 'acpi': add device device:0d
[   10.341170]     utils-0051 util_eval_error       : Evaluate [\_SB_.PCI0.PB6_._SUN]: AE_NOT_FOUND
[   10.343347]      scan-1933 add_single_object     : Added device:0d [\_SB_.PCI0.PB6_] parent PNP0A08:00
[   10.343347]      scan-1141 get_device_data       : No context for object [ffff88040d825730]
[   10.343347]      scan-1141 get_device_data       : No context for object [ffff88040d825758]
[   10.343347]      scan-1141 get_device_data       : No context for object [ffff88040d825780]
[   10.343347]      scan-1141 get_device_data       : No context for object [ffff88040d8257a8]
[   10.343347]      scan-1141 get_device_data       : No context for object [ffff88040d8257d0]
[   10.343347]      scan-1141 get_device_data       : No context for object [ffff88040d8257f8]
[   10.343347]      scan-1141 get_device_data       : No context for object [ffff88040d825820]
[   10.343347]      scan-1141 get_device_data       : No context for object [ffff88040d825848]
[   10.343347]      scan-1141 get_device_data       : No context for object [ffff88040d825870]
[   10.343347]      scan-1141 get_device_data       : No context for object [ffff88040d825898]
[   10.343534]      scan-1141 get_device_data       : No context for object [ffff88040d8258c0]
[   10.343733]      scan-1141 get_device_data       : No context for object [ffff88040d8258e8]
[   10.343930]      scan-1141 get_device_data       : No context for object [ffff88040d825910]
[   10.344128]      scan-1141 get_device_data       : No context for object [ffff88040d825938]
[   10.344324]      scan-1141 get_device_data       : No context for object [ffff88040d825960]
[   10.344522]      scan-1141 get_device_data       : No context for object [ffff88040d825988]
[   10.344720]      scan-1141 get_device_data       : No context for object [ffff88040d8259b0]
[   10.344918]      scan-1141 get_device_data       : No context for object [ffff88040d8259d8]
[   10.345116]      scan-1141 get_device_data       : No context for object [ffff88040d825a00]
[   10.345313]      scan-1141 get_device_data       : No context for object [ffff88040d825a28]
[   10.345508]      scan-1141 get_device_data       : No context for object [ffff88040d825a50]
[   10.345700]      scan-1141 get_device_data       : No context for object [ffff88040d825a78]
[   10.345895]      scan-1141 get_device_data       : No context for object [ffff88040d825aa0]
[   10.346072]      scan-1141 get_device_data       : No context for object [ffff88040d825ac8]
[   10.346266]      scan-1141 get_device_data       : No context for object [ffff88040d825af0]
[   10.346461]      scan-1141 get_device_data       : No context for object [ffff88040d825b18]
[   10.346668]      scan-1141 get_device_data       : No context for object [ffff88040d825b40]
[   10.346859]      scan-1141 get_device_data       : No context for object [ffff88040d825b68]
[   10.347007]      scan-1141 get_device_data       : No context for object [ffff88040d825b90]
[   10.347184]      scan-1141 get_device_data       : No context for object [ffff88040d825bb8]
[   10.347380]      scan-1141 get_device_data       : No context for object [ffff88040d825be0]
[   10.347577]     utils-0051 util_eval_error       : Evaluate [\_SB_.PCI0.PB6_.XPDV._STA]: AE_NOT_FOUND
[   10.347809] device: 'device:0e': device_add
[   10.347918] bus: 'acpi': add device device:0e
[   10.347985]     utils-0051 util_eval_error       : Evaluate [\_SB_.PCI0.PB6_.XPDV._SUN]: AE_NOT_FOUND
[   10.350014]      scan-1933 add_single_object     : Added device:0e [\_SB_.PCI0.PB6_.XPDV] parent device:0d
[   10.350014]      scan-1141 get_device_data       : No context for object [ffff88040d825c08]
[   10.350014]      scan-1141 get_device_data       : No context for object [ffff88040d825c30]
[   10.350014]      scan-1141 get_device_data       : No context for object [ffff88040d825c58]
[   10.350014]      scan-1141 get_device_data       : No context for object [ffff88040d825c80]
[   10.350014]      scan-1141 get_device_data       : No context for object [ffff88040d825ca8]
[   10.350014]      scan-1141 get_device_data       : No context for object [ffff88040d837550]
[   10.350014]      scan-1141 get_device_data       : No context for object [ffff88040d825cd0]
[   10.350014]      scan-1141 get_device_data       : No context for object [ffff88040d825cf8]
[   10.350014]     utils-0051 util_eval_error       : Evaluate [\_SB_.PCI0.PB7_._STA]: AE_NOT_FOUND
[   10.350233] device: 'device:0f': device_add
[   10.350296] bus: 'acpi': add device device:0f
[   10.350365]     utils-0051 util_eval_error       : Evaluate [\_SB_.PCI0.PB7_._SUN]: AE_NOT_FOUND
[   10.350568]      scan-1933 add_single_object     : Added device:0f [\_SB_.PCI0.PB7_] parent PNP0A08:00
[   10.350772]      scan-1141 get_device_data       : No context for object [ffff88040d825d20]
[   10.350953]      scan-1141 get_device_data       : No context for object [ffff88040d825d48]
[   10.351152]      scan-1141 get_device_data       : No context for object [ffff88040d825d70]
[   10.351349]      scan-1141 get_device_data       : No context for object [ffff88040d825d98]
[   10.351547]      scan-1141 get_device_data       : No context for object [ffff88040d825dc0]
[   10.351741]      scan-1141 get_device_data       : No context for object [ffff88040d825de8]
[   10.351941]      scan-1141 get_device_data       : No context for object [ffff88040d825e10]
[   10.352139]      scan-1141 get_device_data       : No context for object [ffff88040d825e38]
[   10.352337]      scan-1141 get_device_data       : No context for object [ffff88040d825e60]
[   10.352535]      scan-1141 get_device_data       : No context for object [ffff88040d825e88]
[   10.352732]      scan-1141 get_device_data       : No context for object [ffff88040d825eb0]
[   10.352928]      scan-1141 get_device_data       : No context for object [ffff88040d825ed8]
[   10.353124]      scan-1141 get_device_data       : No context for object [ffff88040d825f00]
[   10.353322]      scan-1141 get_device_data       : No context for object [ffff88040d825f28]
[   10.353498]      scan-1141 get_device_data       : No context for object [ffff88040d825f50]
[   10.353696]      scan-1141 get_device_data       : No context for object [ffff88040d825f78]
[   10.353894]      scan-1141 get_device_data       : No context for object [ffff88040d825fa0]
[   10.354071]      scan-1141 get_device_data       : No context for object [ffff88040d825fc8]
[   10.354265]      scan-1141 get_device_data       : No context for object [ffff88040d827000]
[   10.354462]      scan-1141 get_device_data       : No context for object [ffff88040d827028]
[   10.354660]      scan-1141 get_device_data       : No context for object [ffff88040d827050]
[   10.354859]      scan-1141 get_device_data       : No context for object [ffff88040d827078]
[   10.355010]      scan-1141 get_device_data       : No context for object [ffff88040d8270a0]
[   10.355187]      scan-1141 get_device_data       : No context for object [ffff88040d8270c8]
[   10.355382]      scan-1141 get_device_data       : No context for object [ffff88040d8270f0]
[   10.355581]      scan-1141 get_device_data       : No context for object [ffff88040d827118]
[   10.355779]      scan-1141 get_device_data       : No context for object [ffff88040d827140]
[   10.355956]      scan-1141 get_device_data       : No context for object [ffff88040d827168]
[   10.356154]      scan-1141 get_device_data       : No context for object [ffff88040d827190]
[   10.356351]      scan-1141 get_device_data       : No context for object [ffff88040d8271b8]
[   10.356548]      scan-1141 get_device_data       : No context for object [ffff88040d8271e0]
[   10.356670]     utils-0051 util_eval_error       : Evaluate [\_SB_.PCI0.PB7_.XPDV._STA]: AE_NOT_FOUND
[   10.357890] device: 'device:10': device_add
[   10.357953] bus: 'acpi': add device device:10
[   10.358027]     utils-0051 util_eval_error       : Evaluate [\_SB_.PCI0.PB7_.XPDV._SUN]: AE_NOT_FOUND
[   10.360006]      scan-1933 add_single_object     : Added device:10 [\_SB_.PCI0.PB7_.XPDV] parent device:0f
[   10.360006]      scan-1141 get_device_data       : No context for object [ffff88040d827208]
[   10.360006]      scan-1141 get_device_data       : No context for object [ffff88040d827230]
[   10.360006]      scan-1141 get_device_data       : No context for object [ffff88040d827258]
[   10.360006]      scan-1141 get_device_data       : No context for object [ffff88040d827280]
[   10.360006]      scan-1141 get_device_data       : No context for object [ffff88040d8272a8]
[   10.360006]      scan-1141 get_device_data       : No context for object [ffff88040d837488]
[   10.360006]      scan-1141 get_device_data       : No context for object [ffff88040d8272d0]
[   10.360006]      scan-1141 get_device_data       : No context for object [ffff88040d8272f8]
[   10.360006]     utils-0051 util_eval_error       : Evaluate [\_SB_.PCI0.OHC1._STA]: AE_NOT_FOUND
[   10.360229] device: 'device:11': device_add
[   10.360291] bus: 'acpi': add device device:11
[   10.360368]     utils-0051 util_eval_error       : Evaluate [\_SB_.PCI0.OHC1._SUN]: AE_NOT_FOUND
[   10.360574]      scan-1933 add_single_object     : Added device:11 [\_SB_.PCI0.OHC1] parent PNP0A08:00
[   10.360777]      scan-1141 get_device_data       : No context for object [ffff88040d827320]
[   10.360929]      scan-1141 get_device_data       : No context for object [ffff88040d827348]
[   10.361106]      scan-1141 get_device_data       : No context for object [ffff88040d83b2f8]
[   10.361304]     utils-0051 util_eval_error       : Evaluate [\_SB_.PCI0.OHC1.RHUB._STA]: AE_NOT_FOUND
[   10.361532] device: 'device:12': device_add
[   10.361595] bus: 'acpi': add device device:12
[   10.361670]     utils-0051 util_eval_error       : Evaluate [\_SB_.PCI0.OHC1.RHUB._SUN]: AE_NOT_FOUND
[   10.363388]      scan-1933 add_single_object     : Added device:12 [\_SB_.PCI0.OHC1.RHUB] parent device:11
[   10.363388]      scan-1141 get_device_data       : No context for object [ffff88040d83b320]
[   10.363388]      scan-1141 get_device_data       : No context for object [ffff88040d83b348]
[   10.363388]     utils-0051 util_eval_error       : Evaluate [\_SB_.PCI0.OHC1.RHUB.PRT3._STA]: AE_NOT_FOUND
[   10.363388] device: 'device:13': device_add
[   10.363388] bus: 'acpi': add device device:13
[   10.363388]     utils-0051 util_eval_error       : Evaluate [\_SB_.PCI0.OHC1.RHUB.PRT3._SUN]: AE_NOT_FOUND
[   10.363413]      scan-1933 add_single_object     : Added device:13 [\_SB_.PCI0.OHC1.RHUB.PRT3] parent device:12
[   10.363413]      scan-1141 get_device_data       : No context for object [ffff88040d83b370]
[   10.363413]      scan-1141 get_device_data       : No context for object [ffff88040d83b398]
[   10.363533]      scan-1141 get_device_data       : No context for object [ffff88040d83b3c0]
[   10.363728]      scan-1141 get_device_data       : No context for object [ffff88040d83b3e8]
[   10.363901]     utils-0051 util_eval_error       : Evaluate [\_SB_.PCI0.OHC1.RHUB.PRT4._STA]: AE_NOT_FOUND
[   10.364134] device: 'device:14': device_add
[   10.364196] bus: 'acpi': add device device:14
[   10.364272]     utils-0051 util_eval_error       : Evaluate [\_SB_.PCI0.OHC1.RHUB.PRT4._SUN]: AE_NOT_FOUND
[   10.366681]      scan-1933 add_single_object     : Added device:14 [\_SB_.PCI0.OHC1.RHUB.PRT4] parent device:12
[   10.366681]      scan-1141 get_device_data       : No context for object [ffff88040d83b410]
[   10.366681]      scan-1141 get_device_data       : No context for object [ffff88040d83b438]
[   10.366681]      scan-1141 get_device_data       : No context for object [ffff88040d83b460]
[   10.366681]      scan-1141 get_device_data       : No context for object [ffff88040d827370]
[   10.366681]     utils-0051 util_eval_error       : Evaluate [\_SB_.PCI0.EHC1._STA]: AE_NOT_FOUND
[   10.366681] device: 'device:15': device_add
[   10.366681] bus: 'acpi': add device device:15
[   10.366681]     utils-0051 util_eval_error       : Evaluate [\_SB_.PCI0.EHC1._SUN]: AE_NOT_FOUND
[   10.366724]      scan-1933 add_single_object     : Added device:15 [\_SB_.PCI0.EHC1] parent PNP0A08:00
[   10.366724]      scan-1141 get_device_data       : No context for object [ffff88040d827398]
[   10.366724]      scan-1141 get_device_data       : No context for object [ffff88040d8273c0]
[   10.366724]      scan-1141 get_device_data       : No context for object [ffff88040d83b028]
[   10.366869]     utils-0051 util_eval_error       : Evaluate [\_SB_.PCI0.EHC1.RHUB._STA]: AE_NOT_FOUND
[   10.367056] device: 'device:16': device_add
[   10.367119] bus: 'acpi': add device device:16
[   10.367193]     utils-0051 util_eval_error       : Evaluate [\_SB_.PCI0.EHC1.RHUB._SUN]: AE_NOT_FOUND
[   10.367379]      scan-1933 add_single_object     : Added device:16 [\_SB_.PCI0.EHC1.RHUB] parent device:15
[   10.367580]      scan-1141 get_device_data       : No context for object [ffff88040d83b050]
[   10.367774]      scan-1141 get_device_data       : No context for object [ffff88040d83b078]
[   10.367953]     utils-0051 util_eval_error       : Evaluate [\_SB_.PCI0.EHC1.RHUB.PRT3._STA]: AE_NOT_FOUND
[   10.368187] device: 'device:17': device_add
[   10.368250] bus: 'acpi': add device device:17
[   10.368328]     utils-0051 util_eval_error       : Evaluate [\_SB_.PCI0.EHC1.RHUB.PRT3._SUN]: AE_NOT_FOUND
[   10.370045]      scan-1933 add_single_object     : Added device:17 [\_SB_.PCI0.EHC1.RHUB.PRT3] parent device:16
[   10.370045]      scan-1141 get_device_data       : No context for object [ffff88040d83b0a0]
[   10.370045]      scan-1141 get_device_data       : No context for object [ffff88040d83b0c8]
[   10.370045]      scan-1141 get_device_data       : No context for object [ffff88040d83b0f0]
[   10.370045]      scan-1141 get_device_data       : No context for object [ffff88040d83b118]
[   10.370045]     utils-0051 util_eval_error       : Evaluate [\_SB_.PCI0.EHC1.RHUB.PRT4._STA]: AE_NOT_FOUND
[   10.370045] device: 'device:18': device_add
[   10.370045] bus: 'acpi': add device device:18
[   10.370045]     utils-0051 util_eval_error       : Evaluate [\_SB_.PCI0.EHC1.RHUB.PRT4._SUN]: AE_NOT_FOUND
[   10.370069]      scan-1933 add_single_object     : Added device:18 [\_SB_.PCI0.EHC1.RHUB.PRT4] parent device:16
[   10.370210]      scan-1141 get_device_data       : No context for object [ffff88040d83b140]
[   10.370408]      scan-1141 get_device_data       : No context for object [ffff88040d83b168]
[   10.370606]      scan-1141 get_device_data       : No context for object [ffff88040d83b190]
[   10.370805]      scan-1141 get_device_data       : No context for object [ffff88040d8273e8]
[   10.370958]     utils-0051 util_eval_error       : Evaluate [\_SB_.PCI0.OHC2._STA]: AE_NOT_FOUND
[   10.371164] device: 'device:19': device_add
[   10.371224] bus: 'acpi': add device device:19
[   10.371291]     utils-0051 util_eval_error       : Evaluate [\_SB_.PCI0.OHC2._SUN]: AE_NOT_FOUND
[   10.373342]      scan-1933 add_single_object     : Added device:19 [\_SB_.PCI0.OHC2] parent PNP0A08:00
[   10.373342]      scan-1141 get_device_data       : No context for object [ffff88040d827410]
[   10.373342]      scan-1141 get_device_data       : No context for object [ffff88040d827438]
[   10.373342]      scan-1141 get_device_data       : No context for object [ffff88040d83b488]
[   10.373342]     utils-0051 util_eval_error       : Evaluate [\_SB_.PCI0.OHC2.RHUB._STA]: AE_NOT_FOUND
[   10.373342] device: 'device:1a': device_add
[   10.373342] bus: 'acpi': add device device:1a
[   10.373342]     utils-0051 util_eval_error       : Evaluate [\_SB_.PCI0.OHC2.RHUB._SUN]: AE_NOT_FOUND
[   10.373375]      scan-1933 add_single_object     : Added device:1a [\_SB_.PCI0.OHC2.RHUB] parent device:19
[   10.373375]      scan-1141 get_device_data       : No context for object [ffff88040d83b4b0]
[   10.373375]      scan-1141 get_device_data       : No context for object [ffff88040d83b4d8]
[   10.373536]     utils-0051 util_eval_error       : Evaluate [\_SB_.PCI0.OHC2.RHUB.PRT4._STA]: AE_NOT_FOUND
[   10.373756] device: 'device:1b': device_add
[   10.373815] bus: 'acpi': add device device:1b
[   10.373889]     utils-0051 util_eval_error       : Evaluate [\_SB_.PCI0.OHC2.RHUB.PRT4._SUN]: AE_NOT_FOUND
[   10.374051]      scan-1933 add_single_object     : Added device:1b [\_SB_.PCI0.OHC2.RHUB.PRT4] parent device:1a
