[    0.000000] Initializing cgroup subsys cpuset
[    0.000000] Initializing cgroup subsys cpu
[    0.000000] Initializing cgroup subsys cpuacct
[    0.000000] Linux version 3.17.0-rc3-gb7fece1 (emacs@manji) (gcc version 4.9.1 (GCC) ) #70 SMP Fri Sep 5 13:56:50 CEST 2014
[    0.000000] Command line: BOOT_IMAGE=/vmlinuz-linux-git root=UUID=bfa4ab6e-19a3-4601-ba2b-267c55841c73 rw cryptdevice=/dev/disk/by-uuid/70c08890-417a-497d-b6ab-c0d0357a63e2:cryptManjaro:allow-discards ipv6.disable=1 pnp.debug=1 loglevel=9 log_buf_len=10M printk.always_kmsg_dump=y printk.time=y mminit_loglevel=0 memory_corruption_check=1 acpi.debug_layer=0xfbff0000 acpi.debug_level=0xFFFFFFFD pnp.debug=1 nohz=on rcu_nocbs=1-3 pcie_aspm=force fbcon=scrollback:4096k fbcon=font:ProFont6x11 radeon.audio=0 radeon.lockup_timeout=0 radeon.test=0 radeon.agpmode=-1 radeon.benchmark=0 radeon.tv=0 radeon.hard_reset=1 radeon.aspm=1 radeon.dpm=1 radeon.msi=1 radeon.pcie_gen2=-1 radeon.no_wb=1 radeon.modeset=1 radeon.dynclks=1 radeon.r4xx_atom=0 radeon.runpm=0 radeonfb radeon.fastfb=1 nomodeset
[    0.000000] KERNEL supported cpus:
[    0.000000]   AMD AuthenticAMD
[    0.000000] tseg: 00bfe00000
[    0.000000] e820: BIOS-provided physical RAM map:
[    0.000000] BIOS-e820: [mem 0x0000000000000000-0x000000000009d7ff] usable
[    0.000000] BIOS-e820: [mem 0x000000000009d800-0x000000000009ffff] reserved
[    0.000000] BIOS-e820: [mem 0x00000000000e0000-0x00000000000fffff] reserved
[    0.000000] BIOS-e820: [mem 0x0000000000100000-0x00000000bed9afff] usable
[    0.000000] BIOS-e820: [mem 0x00000000bed9b000-0x00000000bf39afff] reserved
[    0.000000] BIOS-e820: [mem 0x00000000bf39b000-0x00000000bf49afff] ACPI NVS
[    0.000000] BIOS-e820: [mem 0x00000000bf49b000-0x00000000bf51afff] ACPI data
[    0.000000] BIOS-e820: [mem 0x00000000bf51b000-0x00000000bfdfffff] usable
[    0.000000] BIOS-e820: [mem 0x00000000bfe00000-0x00000000bfffffff] reserved
[    0.000000] BIOS-e820: [mem 0x00000000fec00000-0x00000000fecfffff] reserved
[    0.000000] BIOS-e820: [mem 0x00000000fed80000-0x00000000fed80fff] reserved
[    0.000000] BIOS-e820: [mem 0x00000000ffe00000-0x00000000ffffffff] reserved
[    0.000000] BIOS-e820: [mem 0x0000000100000000-0x000000041effffff] usable
[    0.000000] NX (Execute Disable) protection: active
[    0.000000] SMBIOS 2.6 present.
[    0.000000] DMI: LENOVO Sabine/Torpedo, BIOS 54CN18WW 07/20/2011
[    0.000000] e820: update [mem 0x00000000-0x00000fff] usable ==> reserved
[    0.000000] e820: remove [mem 0x000a0000-0x000fffff] usable
[    0.000000] e820: last_pfn = 0x41f000 max_arch_pfn = 0x400000000
[    0.000000] MTRR default type: uncachable
[    0.000000] MTRR fixed ranges enabled:
[    0.000000]   00000-9FFFF write-back
[    0.000000]   A0000-BFFFF uncachable
[    0.000000]   C0000-FFFFF write-protect
[    0.000000] MTRR variable ranges enabled:
[    0.000000]   0 base 0000000000 mask FF80000000 write-back
[    0.000000]   1 base 0080000000 mask FFC0000000 write-back
[    0.000000]   2 base 00FFF90000 mask FFFFFF0000 uncachable
[    0.000000]   3 base 00FED80000 mask 0FFFFFF000 uncachable
[    0.000000]   4 disabled
[    0.000000]   5 disabled
[    0.000000]   6 disabled
[    0.000000]   7 base 00FFE00000 mask FFFFE00000 write-protect
[    0.000000] TOM2: 000000041f000000 aka 16880M
[    0.000000] mtrr: your BIOS has configured an incorrect mask, fixing it.
[    0.000000] e820: last_pfn = 0xbfe00 max_arch_pfn = 0x400000000
[    0.000000] found SMP MP-table at [mem 0x000fa8b0-0x000fa8bf] mapped at [ffff8800000fa8b0]
[    0.000000] Base memory trampoline at [ffff880000097000] 97000 size 24576
[    0.000000] Using GB pages for direct mapping
[    0.000000] init_memory_mapping: [mem 0x00000000-0x000fffff]
[    0.000000]  [mem 0x00000000-0x000fffff] page 4k
[    0.000000] BRK [0x01e17000, 0x01e17fff] PGTABLE
[    0.000000] BRK [0x01e18000, 0x01e18fff] PGTABLE
[    0.000000] BRK [0x01e19000, 0x01e19fff] PGTABLE
[    0.000000] init_memory_mapping: [mem 0x41ee00000-0x41effffff]
[    0.000000]  [mem 0x41ee00000-0x41effffff] page 2M
[    0.000000] BRK [0x01e1a000, 0x01e1afff] PGTABLE
[    0.000000] init_memory_mapping: [mem 0x41c000000-0x41edfffff]
[    0.000000]  [mem 0x41c000000-0x41edfffff] page 2M
[    0.000000] init_memory_mapping: [mem 0x400000000-0x41bffffff]
[    0.000000]  [mem 0x400000000-0x41bffffff] page 2M
[    0.000000] init_memory_mapping: [mem 0x00100000-0xbed9afff]
[    0.000000]  [mem 0x00100000-0x001fffff] page 4k
[    0.000000]  [mem 0x00200000-0x3fffffff] page 2M
[    0.000000]  [mem 0x40000000-0x7fffffff] page 1G
[    0.000000]  [mem 0x80000000-0xbebfffff] page 2M
[    0.000000]  [mem 0xbec00000-0xbed9afff] page 4k
[    0.000000] init_memory_mapping: [mem 0xbf51b000-0xbfdfffff]
[    0.000000]  [mem 0xbf51b000-0xbf5fffff] page 4k
[    0.000000]  [mem 0xbf600000-0xbfdfffff] page 2M
[    0.000000] BRK [0x01e1b000, 0x01e1bfff] PGTABLE
[    0.000000] init_memory_mapping: [mem 0x100000000-0x3ffffffff]
[    0.000000]  [mem 0x100000000-0x3ffffffff] page 1G
[    0.000000] log_buf_len: 16777216 bytes
[    0.000000] early log buf free: 2092044(99%)
[    0.000000] RAMDISK: [mem 0x37828000-0x37c0bfff]
[    0.000000] ACPI: Early table checksum verification disabled
[    0.000000] ACPI: RSDP 0x00000000000F0110 000024 (v02 LENOVO)
[    0.000000] ACPI: XSDT 0x00000000BF51A120 000074 (v01 LENOVO CB-01    00000001 LENO 00000001)
[    0.000000] ACPI: FACP 0x00000000BF508000 0000F4 (v04 LENOVO CB-01    00000001 PTL  00000001)
[    0.000000] ACPI: DSDT 0x00000000BF50A000 00FD10 (v01 LENOVO CB-01    00001000 LENO 00000001)
[    0.000000] ACPI: FACS 0x00000000BF478000 000040
[    0.000000] ACPI: HPET 0x00000000BF507000 000038 (v01 LENOVO CB-01    00000001 PTL  00000001)
[    0.000000] ACPI: APIC 0x00000000BF506000 00007A (v02 LENOVO CB-01    00000001 PTL  00000001)
[    0.000000] ACPI: MCFG 0x00000000BF505000 00003C (v01 LENOVO CB-01    00000001 PTL  00000001)
[    0.000000] ACPI: SLIC 0x00000000BF504000 000176 (v01 LENOVO CB-01    00000001 LENO 00000001)
[    0.000000] ACPI: UEFI 0x00000000BF503000 00003E (v01 LENOVO CB-01    00000001 PTL  00000001)
[    0.000000] ACPI: UEFI 0x00000000BF502000 000042 (v01 PTL    COMBUF   00000001 PTL  00000001)
[    0.000000] ACPI: SSDT 0x00000000BF501000 000E34 (v01 AMD    POWERNOW 00000001 AMD  00000001)
[    0.000000] ACPI: SSDT 0x00000000BF4FF000 00193D (v02 AMD    ALIB     00000001 MSFT 04000000)
[    0.000000] ACPI: UEFI 0x00000000BF4FE000 00021A (v01 LENOVO CB-01    00000001 PTL  00000001)
[    0.000000] ACPI: Local APIC address 0xfee00000
[    0.000000] No NUMA configuration found
[    0.000000] Faking a node at [mem 0x0000000000000000-0x000000041effffff]
[    0.000000] Initmem setup node 0 [mem 0x00000000-0x41effffff]
[    0.000000]   NODE_DATA [mem 0x41dffa000-0x41dffdfff]
[    0.000000]  [ffffea0000000000-ffffea00107fffff] PMD -> [ffff88040de00000-ffff88041d5fffff] on node 0
[    0.000000] Zone ranges:
[    0.000000]   DMA      [mem 0x00001000-0x00ffffff]
[    0.000000]   DMA32    [mem 0x01000000-0xffffffff]
[    0.000000]   Normal   [mem 0x100000000-0x41effffff]
[    0.000000] Movable zone start for each node
[    0.000000] Early memory node ranges
[    0.000000]   node   0: [mem 0x00001000-0x0009cfff]
[    0.000000]   node   0: [mem 0x00100000-0xbed9afff]
[    0.000000]   node   0: [mem 0xbf51b000-0xbfdfffff]
[    0.000000]   node   0: [mem 0x100000000-0x41effffff]
[    0.000000] On node 0 totalpages: 4056604
[    0.000000]   DMA zone: 64 pages used for memmap
[    0.000000]   DMA zone: 21 pages reserved
[    0.000000]   DMA zone: 3996 pages, LIFO batch:0
[    0.000000]   DMA32 zone: 12186 pages used for memmap
[    0.000000]   DMA32 zone: 779904 pages, LIFO batch:31
[    0.000000]   Normal zone: 51136 pages used for memmap
[    0.000000]   Normal zone: 3272704 pages, LIFO batch:31
[    0.000000] ACPI: PM-Timer IO Port: 0x808
[    0.000000] ACPI: Local APIC address 0xfee00000
[    0.000000] ACPI: LAPIC (acpi_id[0x00] lapic_id[0x00] enabled)
[    0.000000] ACPI: LAPIC (acpi_id[0x01] lapic_id[0x01] enabled)
[    0.000000] ACPI: LAPIC (acpi_id[0x02] lapic_id[0x02] enabled)
[    0.000000] ACPI: LAPIC (acpi_id[0x03] lapic_id[0x03] enabled)
[    0.000000] ACPI: LAPIC_NMI (acpi_id[0x00] high edge lint[0x1])
[    0.000000] ACPI: LAPIC_NMI (acpi_id[0x01] high edge lint[0x1])
[    0.000000] ACPI: LAPIC_NMI (acpi_id[0x02] high edge lint[0x1])
[    0.000000] ACPI: LAPIC_NMI (acpi_id[0x03] high edge lint[0x1])
[    0.000000] ACPI: IOAPIC (id[0x02] address[0xfec00000] gsi_base[0])
[    0.000000] IOAPIC[0]: apic_id 2, version 33, address 0xfec00000, GSI 0-23
[    0.000000] ACPI: INT_SRC_OVR (bus 0 bus_irq 0 global_irq 2 dfl dfl)
[    0.000000] ACPI: IRQ0 used by override.
[    0.000000] ACPI: IRQ9 used by override.
[    0.000000] Using ACPI (MADT) for SMP configuration information
[    0.000000] ACPI: HPET id: 0x43538210 base: 0xfed00000
[    0.000000] smpboot: Allowing 4 CPUs, 0 hotplug CPUs
[    0.000000] e820: [mem 0xc0000000-0xfebfffff] available for PCI devices
[    0.000000] setup_percpu: NR_CPUS:64 nr_cpumask_bits:64 nr_cpu_ids:4 nr_node_ids:1
[    0.000000] PERCPU: Embedded 27 pages/cpu @ffff88041dc00000 s80256 r8192 d22144 u524288
[    0.000000] pcpu-alloc: s80256 r8192 d22144 u524288 alloc=1*2097152
[    0.000000] pcpu-alloc: [0] 0 1 2 3 
[    0.000000] Built 1 zonelists in Zone order, mobility grouping on.  Total pages: 3993197
[    0.000000] Policy zone: Normal
[    0.000000] Kernel command line: BOOT_IMAGE=/vmlinuz-linux-git root=UUID=bfa4ab6e-19a3-4601-ba2b-267c55841c73 rw cryptdevice=/dev/disk/by-uuid/70c08890-417a-497d-b6ab-c0d0357a63e2:cryptManjaro:allow-discards ipv6.disable=1 pnp.debug=1 loglevel=9 log_buf_len=10M printk.always_kmsg_dump=y printk.time=y mminit_loglevel=0 memory_corruption_check=1 acpi.debug_layer=0xfbff0000 acpi.debug_level=0xFFFFFFFD pnp.debug=1 nohz=on rcu_nocbs=1-3 pcie_aspm=force fbcon=scrollback:4096k fbcon=font:ProFont6x11 radeon.audio=0 radeon.lockup_timeout=0 radeon.test=0 radeon.agpmode=-1 radeon.benchmark=0 radeon.tv=0 radeon.hard_reset=1 radeon.aspm=1 radeon.dpm=1 radeon.msi=1 radeon.pcie_gen2=-1 radeon.no_wb=1 radeon.modeset=1 radeon.dynclks=1 radeon.r4xx_atom=0 radeon.runpm=0 radeonfb radeon.fastfb=1 nomodeset
[    0.000000] PCIe ASPM is forcibly enabled
[    0.000000] PID hash table entries: 4096 (order: 3, 32768 bytes)
[    0.000000] Memory: 15870892K/16226416K available (5248K kernel code, 721K rwdata, 2208K rodata, 848K init, 2588K bss, 355524K reserved)
[    0.000000] SLUB: HWalign=64, Order=0-3, MinObjects=0, CPUs=4, Nodes=1
[    0.000000] Hierarchical RCU implementation.
[    0.000000] 	RCU dyntick-idle grace-period acceleration is enabled.
[    0.000000] 	Additional per-CPU info printed with stalls.
[    0.000000] 	RCU restricting CPUs from NR_CPUS=64 to nr_cpu_ids=4.
[    0.000000] 	Offload RCU callbacks from all CPUs
[    0.000000] 	Offload RCU callbacks from CPUs: 0-3.
[    0.000000] RCU: Adjusting geometry for rcu_fanout_leaf=16, nr_cpu_ids=4
[    0.000000] NR_IRQS:4352 nr_irqs:456 0
[    0.000000] spurious 8259A interrupt: IRQ7.
[    0.000000] vgacon: allocated 4194304 bytes of memory for scrollback. CONFIG_VGACON_SOFT_SCROLLBACK_SIZE=4096
[    0.000000] Console: colour VGA+ 80x25
[    0.000000] console [tty0] enabled
[    0.000000] allocated 65011712 bytes of page_cgroup
[    0.000000] please try 'cgroup_disable=memory' option if you don't want memory cgroups
[    0.000000] hpet clockevent registered
[    0.000000] tsc: Fast TSC calibration using PIT
[    0.000000] tsc: Detected 1397.446 MHz processor
[    0.000042] Calibrating delay loop (skipped), value calculated using timer frequency.. 2796.34 BogoMIPS (lpj=4658153)
[    0.000199] pid_max: default: 32768 minimum: 301
[    0.000266] ACPI: Core revision 20140724
[    0.016684] ACPI: All ACPI Tables successfully acquired
[    0.019004] Security Framework initialized
[    0.020129] Dentry cache hash table entries: 2097152 (order: 12, 16777216 bytes)
[    0.026171] Inode-cache hash table entries: 1048576 (order: 11, 8388608 bytes)
[    0.029277] Mount-cache hash table entries: 32768 (order: 6, 262144 bytes)
[    0.029419] Mountpoint-cache hash table entries: 32768 (order: 6, 262144 bytes)
[    0.029921] Initializing cgroup subsys memory
[    0.030039] Initializing cgroup subsys devices
[    0.030105] Initializing cgroup subsys freezer
[    0.030170] Initializing cgroup subsys net_cls
[    0.030235] Initializing cgroup subsys blkio
[    0.030317] CPU: Physical Processor ID: 0
[    0.030378] CPU: Processor Core ID: 0
[    0.030438] mce: CPU supports 6 MCE banks
[    0.030507] Last level iTLB entries: 4KB 512, 2MB 16, 4MB 8
Last level dTLB entries: 4KB 1024, 2MB 128, 4MB 64, 1GB 0
[    0.030783] Freeing SMP alternatives memory: 20K (ffffffff81b8a000 - ffffffff81b8f000)
[    0.031406] ..TIMER: vector=0x30 apic1=0 pin1=2 apic2=-1 pin2=-1
[    0.064485] smpboot: CPU0: AMD A6-3400M APU with Radeon(tm) HD Graphics (fam: 12, model: 01, stepping: 00)
[    0.169866] Performance Events: AMD PMU driver.
[    0.169969] ... version:                0
[    0.170034] ... bit width:              48
[    0.170097] ... generic registers:      4
[    0.170161] ... value mask:             0000ffffffffffff
[    0.170226] ... max period:             00007fffffffffff
[    0.170289] ... fixed-purpose events:   0
[    0.170350] ... event mask:             000000000000000f
[    0.170771] MCE: In-kernel MCE decoding enabled.
[    0.171122] trying cpu_up:
[    0.171227] NMI watchdog: enabled on all CPUs, permanently consumes one hw-PMU counter.
[    0.171503] smpboot: ++++++++++++++++++++=_---CPU UP  1
[    0.171615] x86: Booting SMP configuration:
[    0.171678] .... node  #0, CPUs:      #1
[    0.171782] smpboot: Setting warm reset code and vector.
[    0.171905] smpboot: 1.
[    0.171967] smpboot: 2.
[    0.172029] smpboot: 3.
[    0.172092] smpboot: Asserting INIT
[    0.172155] smpboot: Waiting for INIT send to finish...
[    0.468283] smpboot: status for above ^ is: 0
[    0.468348] smpboot: Deasserting INIT
[    0.468411] smpboot: Waiting for above send to finish...
[    0.468475] smpboot: #startup loops: 2
[    0.468538] smpboot: Sending STARTUP #1
[    0.468602] smpboot: After apic_write
[    0.468978] smpboot: Startup point 1
[    0.469040] smpboot: Waiting for send to finish...
[    0.469305] smpboot: Sending STARTUP #2
[    0.469414] smpboot: After apic_write
[    0.469777] smpboot: Startup point 1
[    0.469887] smpboot: Waiting for send to finish...
[    0.470153] smpboot: After Startup
[    0.470263] smpboot: Before Callout 1
[    0.470326] smpboot: After Callout 1
[    0.470389] smpboot: start waiting 5sec for response
[    5.503727] smpboot: done waiting 5sec for response
[    5.503872] smpboot: cpumask_test_cpu result: 0
[    5.503935] smpboot: cpu_callin_mask: 0000000000000001
[    5.504031] smpboot: cpu_callout_mask: 0000000000000003
[    5.504092] smpboot: CPU1: Not responding
[    5.504212] smpboot: do_boot_cpu failed(1) to wakeup CPU#1
[    5.504284] doing it one more time: cpu_up !!!!!!!!!!!!
[    5.504329] smpboot: ++++++++++++++++++++=_---CPU UP  1
[    5.504453] x86: Booting SMP configuration:
[    5.504517]     #1
[    5.504589] smpboot: Setting warm reset code and vector.
[    5.504715] smpboot: 1.
[    5.504778] smpboot: 2.
[    5.504838] smpboot: 3.
[    5.504899] smpboot: Asserting INIT
[    5.504960] smpboot: Waiting for INIT send to finish...
[    5.515027] smpboot: status for above ^ is: 0
[    5.515135] smpboot: Deasserting INIT
[    5.515199] smpboot: Waiting for above send to finish...
[    5.515263] smpboot: #startup loops: 2
[    5.515326] smpboot: Sending STARTUP #1
[    5.515389] smpboot: After apic_write
[    5.515754] smpboot: Startup point 1
[    5.515861] smpboot: Waiting for send to finish...
[    5.516125] smpboot: Sending STARTUP #2
[    5.516235] smpboot: After apic_write
[    5.516597] smpboot: Startup point 1
[    5.516658] smpboot: Waiting for send to finish...
[    5.516922] smpboot: After Startup
[    5.517031] smpboot: Before Callout 1
[    5.517094] smpboot: After Callout 1
[    5.517158] smpboot: start waiting 5sec for response
[   10.534952] smpboot: done waiting 5sec for response
[   10.535098] smpboot: cpumask_test_cpu result: 0
[   10.535158] smpboot: cpu_callin_mask: 0000000000000001
[   10.535252] smpboot: cpu_callout_mask: 0000000000000003
[   10.535313] smpboot: CPU1: Not responding
[   10.535435] smpboot: do_boot_cpu failed(1) to wakeup CPU#1
[   10.535505] after cpu_up !!!!!!!!!!!!
[   10.535543] trying cpu_up:
[   10.535756] smpboot: ++++++++++++++++++++=_---CPU UP  2
[   10.535893]  #2
[   10.535928] smpboot: Setting warm reset code and vector.
[   10.536049] smpboot: 1.
[   10.536112] smpboot: 2.
[   10.536172] smpboot: 3.
[   10.536235] smpboot: Asserting INIT
[   10.536298] smpboot: Waiting for INIT send to finish...
[   10.546366] smpboot: status for above ^ is: 0
[   10.546476] smpboot: Deasserting INIT
[   10.546539] smpboot: Waiting for above send to finish...
[   10.546603] smpboot: #startup loops: 2
[   10.546667] smpboot: Sending STARTUP #1
[   10.546730] smpboot: After apic_write
[   10.418103] smpboot: CPU#2 (phys ID: 2) waiting for CALLOUT
[   10.418104] smpboot: Waiting max 15 sec for callout
[   10.547095] smpboot: Startup point 1
[   10.547331] smpboot: Waiting for send to finish...
[   10.547595] smpboot: Sending STARTUP #2
[   10.547703] smpboot: After apic_write
[   10.548064] smpboot: Startup point 1
[   10.548174] smpboot: Waiting for send to finish...
[   10.548438] smpboot: After Startup
[   10.548545] smpboot: Before Callout 2
[   10.548608] smpboot: After Callout 2
[   10.419827] smpboot: done waiting max 15 sec for callout
[   10.419863] smpboot: Stack at about ffff88040780bf3c
[   10.548800] smpboot: start waiting 5sec for response
[   10.548839] smpboot: done waiting 5sec for response
[   10.548936] smpboot: cpumask_test_cpu result: -1
[   10.548999] smpboot: cpu_callin_mask: 0000000000000005
[   10.549096] smpboot: cpu_callout_mask: 0000000000000005
[   10.549157] smpboot: CPU2: has booted.
[   10.551285] TSC synchronization [CPU#0 -> CPU#2]:
[   10.551349] Measured 179908172 cycles TSC warp between CPUs, turning off TSC clock.
[   10.551490] tsc: Marking TSC unstable due to check_tsc_sync_source failed
[   10.551596] after cpu_up !!!!!!!!!!!!
[   10.551633] trying cpu_up:
[   10.551843] smpboot: ++++++++++++++++++++=_---CPU UP  3
[   10.552027]  #3
[   10.552065] smpboot: Setting warm reset code and vector.
[   10.552189] smpboot: 1.
[   10.552249] smpboot: 2.
[   10.552310] smpboot: 3.
[   10.552371] smpboot: Asserting INIT
[   10.552432] smpboot: Waiting for INIT send to finish...
[   10.562500] smpboot: status for above ^ is: 0
[   10.562610] smpboot: Deasserting INIT
[   10.562673] smpboot: Waiting for above send to finish...
[   10.562738] smpboot: #startup loops: 2
[   10.562801] smpboot: Sending STARTUP #1
[   10.562865] smpboot: After apic_write
[   10.400281] smpboot: CPU#3 (phys ID: 3) waiting for CALLOUT
[   10.400283] smpboot: Waiting max 15 sec for callout
[   10.563232] smpboot: Startup point 1
[   10.563432] smpboot: Waiting for send to finish...
[   10.563696] smpboot: Sending STARTUP #2
[   10.563806] smpboot: After apic_write
[   10.564169] smpboot: Startup point 1
[   10.564279] smpboot: Waiting for send to finish...
[   10.564543] smpboot: After Startup
[   10.564652] smpboot: Before Callout 3
[   10.564716] smpboot: After Callout 3
[   10.401925] smpboot: done waiting max 15 sec for callout
[   10.401960] smpboot: Stack at about ffff88040780ff3c
[   10.564910] smpboot: start waiting 5sec for response
[   10.564949] smpboot: done waiting 5sec for response
[   10.565046] smpboot: cpumask_test_cpu result: -1
[   10.565109] smpboot: cpu_callin_mask: 000000000000000d
[   10.565206] smpboot: cpu_callout_mask: 000000000000000d
[   10.565270] smpboot: CPU3: has booted.
[   10.565421] after cpu_up !!!!!!!!!!!!
[   10.565460] x86: Booted up 1 node, 3 CPUs
[   10.566683] smpboot: Boot done
[   10.566746] smpboot: Before bogomips
[   10.566810] smpboot: Total of 3 processors activated (8388.03 BogoMIPS)
[   10.566876] smpboot: Before bogocount - setting activated=1
[   10.143417] devtmpfs: initialized
[   10.143493] device: 'platform': device_add
[   10.143637] bus: 'platform': registered
[   10.143711] bus: 'cpu': registered
[   10.143777] device: 'cpu': device_add
[   10.143868] bus: 'container': registered
[   10.143934] device: 'container': device_add
[   10.147073] bus: 'workqueue': registered
[   10.147192] device: 'workqueue': device_add
[   10.147059] kworker/u8:0 (39) used greatest stack depth: 14848 bytes left
[   10.147566] atomic64_test: passed for x86-64 platform with CX8 and with SSE
[   10.147686] device class 'regulator': registering
[   10.147798] Registering platform device 'reg-dummy'. Parent at platform
[   10.147908] device: 'reg-dummy': device_add
[   10.147975] bus: 'platform': add device reg-dummy
[   10.148064] bus: 'platform': add driver reg-dummy
[   10.148132] bus: 'platform': driver_probe_device: matched device reg-dummy with driver reg-dummy
[   10.148272] bus: 'platform': really_probe: probing driver reg-dummy with device reg-dummy
[   10.148399] device: 'regulator.0': device_add
[   10.148490] regulator-dummy: no parameters
[   10.148565] driver: 'reg-dummy': driver_bound: bound to device 'reg-dummy'
[   10.148565] bus: 'platform': really_probe: bound device reg-dummy to driver reg-dummy
[   10.148565] NET: Registered protocol family 16
[   10.148565] device class 'bdi': registering
[   10.148565] bus: 'platform': add driver ramoops
[   10.148565] device class 'pci_bus': registering
[   10.148565] bus: 'pci': registered
[   10.148565] device class 'backlight': registering
[   10.148565] device class 'tty': registering
[   10.148565] device class 'vtconsole': registering
[   10.150002] device: 'vtcon0': device_add
[   10.150021] bus: 'node': registered
[   10.150021] device: 'node': device_add
[   10.150035] bus: 'i2c': registered
[   10.150035] bus: 'i2c': add driver dummy
[   10.150035] i2c-core: driver [dummy] registered
[   10.150035] cpuidle: using governor ladder
[   10.150035] cpuidle: using governor menu
[   10.150035] ACPI FADT declares the system doesn't support PCIe ASPM, so disable it
[   10.150035] ACPI: bus type PCI registered
[   10.150035] acpiphp: ACPI Hot Plug PCI Controller Driver version: 0.5
[   10.150035] device class 'dmi': registering
[   10.150035] device: 'id': device_add
[   10.150035] PCI: MMCONFIG for domain 0000 [bus 00-3f] at [mem 0xf8000000-0xfbffffff] (base 0xf8000000)
[   10.150035] PCI: not using MMCONFIG
[   10.150035] PCI: Using configuration type 1 for base access
[   10.150035] PCI: Using configuration type 1 for extended access
[   10.150206] device: 'node0': device_add
[   10.150320] bus: 'node': add device node0
[   10.150413] device: 'cpu0': device_add
[   10.150480] bus: 'cpu': add device cpu0
[   10.150585] device: 'cpu1': device_add
[   10.150686] bus: 'cpu': add device cpu1
[   10.150772] device: 'cpu2': device_add
[   10.150768] kworker/u8:0 (59) used greatest stack depth: 14176 bytes left
[   10.150905] bus: 'cpu': add device cpu2
[   10.151006] device: 'cpu3': device_add
[   10.151121] bus: 'cpu': add device cpu3
[   10.173689] device: 'writeback': device_add
[   10.173689] bus: 'workqueue': add device writeback
[   10.173689] device: 'default': device_add
[   10.176780] device class 'block': registering
[   10.176872] ACPI: Added _OSI(Module Device)
[   10.176872] ACPI: Added _OSI(Processor Device)
[   10.176907] ACPI: Added _OSI(3.0 _SCP Extensions)
[   10.176969] ACPI: Added _OSI(Processor Aggregator Device)
[   10.177908] 
**** Context Switch from TID 4294967295 to TID 133431296 ****

[   10.178123]     utils-0051 util_eval_error       : Evaluate [\_SB_.PCI0.LPC0.EC0_._GLK]: AE_NOT_FOUND
[   10.178704] Executing  Method       \_SB_.PCI0.LPC0.EC0_._REG
[   10.179431] Executing  Method       \_SB_.PCI0.LPC0.EC0_._REG
[   10.179582] Executing  Method       \_SB_.PCI0.LPC0.EC0_._REG
[   10.179783] Executing  Method       \_SB_.PCI0.LPC0.EC0_._REG
[   10.182782] Initializing Region       \_SB_.OSTY
[   10.182990] Initializing Region       \_SB_.PCI0.NBMS
[   10.183140] Initializing Region       \_SB_.PCI0.NBXP
[   10.183291] Initializing Region       \_SB_.PCI0.K8ST
[   10.183450] Initializing Region       \_SB_.PCI0.BAR1
[   10.183632] Initializing Region       \_SB_.PCI0.PB2_.XPEX
[   10.183772] Initializing Region       \_SB_.PCI0.PB2_.PCFG
[   10.183917] Initializing Region       \_SB_.PCI0.PB2_.XPCB
[   10.184068] Initializing Region       \_SB_.PCI0.PB2_.XPRI
[   10.184221] Initializing Region       \_SB_.PCI0.PB2_.VGA_.PCFG
[   10.184433] Initializing Region       \_SB_.PCI0.PB2_.HDAU.PCFG
[   10.184615] Initializing Region       \_SB_.PCI0.PB3_.XPEX
[   10.184763] Initializing Region       \_SB_.PCI0.PB3_.PCFG
[   10.184906] Initializing Region       \_SB_.PCI0.PB3_.XPCB
[   10.185045] Initializing Region       \_SB_.PCI0.PB3_.XPRI
[   10.185197] Initializing Region       \_SB_.PCI0.PB3_.VGA_.PCFG
[   10.185418] Initializing Region       \_SB_.PCI0.PB3_.HDAU.PCFG
[   10.185605] Initializing Region       \_SB_.PCI0.PB4_.XPEX
[   10.185754] Initializing Region       \_SB_.PCI0.PB4_.PCFG
[   10.185903] Initializing Region       \_SB_.PCI0.PB4_.XPCB
[   10.186053] Initializing Region       \_SB_.PCI0.PB4_.XPRI
[   10.186198] Initializing Region       \_SB_.PCI0.PB4_.XPDV.PCFG
[   10.186359] Initializing Region       \_SB_.PCI0.PB5_.XPEX
[   10.186507] Initializing Region       \_SB_.PCI0.PB5_.PCFG
[   10.186684] Initializing Region       \_SB_.PCI0.PB5_.XPCB
[   10.186834] Initializing Region       \_SB_.PCI0.PB5_.XPRI
[   10.186987] Initializing Region       \_SB_.PCI0.PB5_.XPDV.PCFG
[   10.187150] Initializing Region       \_SB_.PCI0.PB6_.XPEX
[   10.187299] Initializing Region       \_SB_.PCI0.PB6_.PCFG
[   10.187440] Initializing Region       \_SB_.PCI0.PB6_.XPCB
[   10.187587] Initializing Region       \_SB_.PCI0.PB6_.XPRI
[   10.187739] Initializing Region       \_SB_.PCI0.PB6_.XPDV.PCFG
[   10.187903] Initializing Region       \_SB_.PCI0.PB7_.XPEX
[   10.190015] Initializing Region       \_SB_.PCI0.PB7_.PCFG
[   10.190015] Initializing Region       \_SB_.PCI0.PB7_.XPCB
[   10.190015] Initializing Region       \_SB_.PCI0.PB7_.XPRI
[   10.190015] Initializing Region       \_SB_.PCI0.PB7_.XPDV.PCFG
[   10.190015] Initializing Region       \_SB_.PCI0.SATC
[   10.190015] Initializing Region       \_SB_.PCI0.RMEM
[   10.190015] Initializing Region       \_SB_.PCI0.SATA.SATX
[   10.190015] Initializing Region       \_SB_.PCI0.SATA.BAR5
[   10.203578] Initializing Region       \_SB_.PCI0.SMB_.SBRV
[   10.203789] Initializing Region       \_SB_.PCI0.SMB_.PMIO
[   10.203938] Initializing Region       \_SB_.PCI0.SMB_.ERMM
[   10.204213] Initializing Region       \_SB_.PCI0.SMB_.P1E0
[   10.204374] Initializing Region       \_SB_.PCI0.SMB_.ABIO
[   10.204516] Initializing Region       \_SB_.PCI0.SMB_.SMB0
[   10.204666] Initializing Region       \_SB_.PCI0.LPC0.PIRQ
[   10.204867] Initializing Region       \_SB_.PCI0.LPC0.LPCR
[   10.205136] Initializing Region       \_SB_.PCI0.LPC0.LPCS
[   10.205340] Initializing Region       \_SB_.PCI0.LPC0.SMI0
[   10.205487] Initializing Region       \_SB_.PCI0.LPC0.SMI1
[   10.205638] Initializing Region       \_SB_.PCI0.LPC0.EC0_.ECO1
[   10.205776] Initializing Region       \_SB_.PCI0.LPC0.EC0_.ECO2
[   10.205922] Initializing Region       \_SB_.PCI0.LPC0.EC0_.ECMB
[   10.206069] Initializing Region       \_SB_.PCI0.LPC0.EC0_.RAM_
[   10.206326] Initializing Region       \_SB_.PCI0.LPC0.EC0_.CMOS
[   10.206775] Initializing Region       \_SB_.PCI0.LPC0.EC0_.VPC0.ERAM
[   10.207022] Initializing Region       \_SB_.PCI0.SPB0.PCFG
[   10.207208] Initializing Region       \_SB_.PCI0.SPB0.XPCB
[   10.207356] Initializing Region       \_SB_.PCI0.SPB0.XPDV.PCFG
[   10.207516] Initializing Region       \_SB_.PCI0.SPB1.PCFG
[   10.207663] Initializing Region       \_SB_.PCI0.SPB1.XPCB
[   10.207813] Initializing Region       \_SB_.PCI0.SPB1.XPDV.PCFG
[   10.207974] Initializing Region       \_SB_.PCI0.SPB2.PCFG
[   10.208121] Initializing Region       \_SB_.PCI0.SPB2.XPCB
[   10.208272] Initializing Region       \_SB_.PCI0.SPB2.XPDV.PCFG
[   10.208420] Initializing Region       \_SB_.PCI0.SPB3.PCFG
[   10.208564] Initializing Region       \_SB_.PCI0.SPB3.XPCB
[   10.208715] Initializing Region       \_SB_.PCI0.SPB3.XPDV.PCFG
[   10.209025] Initializing Region       \_SB_.PCI0.VGA_.REVD
[   10.209417] Initializing BufferField  \_SB_.AMW0.WLID
[   10.209893] Initializing Region       \DEB2
[   10.210112] Initializing Region       \PMIO
[   10.210258] Initializing Region       \P01_
[   10.210430] Initializing Region       \CNVS
[   10.210625] Initializing Region       \SPRT
[   10.210787] Initializing Region       \CMIO
[   10.211014] Executing  Method       \_SB_._STA
[   10.211232] Executing  Method       \_SB_._INI
[   10.211402] Executing  Method       \_SB_.PCI0._STA
[   10.211573] Executing  Method       \_SB_.PCI0._INI
[   10.211993] [Firmware Bug]: ACPI: BIOS _OSI(Linux) query ignored
[   10.212501] Executing  Method       \_SB_.PCI0.SATA._STA
[   10.212703] Executing  Method       \_SB_.PCI0.SATA._INI
[   10.213739] Executing  Method       \_SB_.PCI0.LPC0.EC0_._REG
[   10.240110] ACPI: Interpreter enabled
[   10.240242] ACPI: (supports S0 S5)
[   10.240308] ACPI: Using IOAPIC for interrupt routing
[   10.240690] PCI: MMCONFIG for domain 0000 [bus 00-3f] at [mem 0xf8000000-0xfbffffff] (base 0xf8000000)
[   10.240690] PCI: MMCONFIG at [mem 0xf8000000-0xfbffffff] reserved in ACPI motherboard resources
[   10.241011] bus: 'acpi': registered
[   10.241127] PCI: Using host bridge windows from ACPI; if necessary, use "pci=nocrs" and report a bug
[   10.242329]      scan-1141 get_device_data       : No context for object [ffffffffffffffff]
[   10.242494]     utils-0051 util_eval_error       : Evaluate [\._STA]: AE_NOT_FOUND
[   10.242699] device: 'LNXSYSTM:00': device_add
[   10.242769] bus: 'acpi': add device LNXSYSTM:00
[   10.242857]     utils-0051 util_eval_error       : Evaluate [\._SUN]: AE_NOT_FOUND
[   10.243335]      scan-1933 add_single_object     : Added LNXSYSTM:00 [\] parent (null)
[   10.243348]      scan-1141 get_device_data       : No context for object [ffff88040d81d000]
[   10.243512]      scan-1141 get_device_data       : No context for object [ffff88040d8377d0]
[   10.243697]      scan-1141 get_device_data       : No context for object [ffff88040d8377f8]
[   10.243903]      scan-1141 get_device_data       : No context for object [ffff88040d837820]
[   10.244112]      scan-1141 get_device_data       : No context for object [ffff88040d837848]
[   10.244310]      scan-1141 get_device_data       : No context for object [ffff88040d837870]
[   10.244488]      scan-1141 get_device_data       : No context for object [ffff88040d837898]
[   10.244686]      scan-1141 get_device_data       : No context for object [ffff88040d8378c0]
[   10.244883]      scan-1141 get_device_data       : No context for object [ffff88040d8378e8]
[   10.245077]      scan-1141 get_device_data       : No context for object [ffff88040d839398]
[   10.245272]      scan-1141 get_device_data       : No context for object [ffff88040d81d028]
[   10.245449]      scan-1141 get_device_data       : No context for object [ffff88040d81d168]
[   10.245646]     utils-0051 util_eval_error       : Evaluate [\_PR_.C000._STA]: AE_NOT_FOUND
[   10.245843]      scan-1141 get_device_data       : No context for object [ffff88040d81d028]
[   10.246047] device: 'LNXCPU:00': device_add
[   10.246107] bus: 'acpi': add device LNXCPU:00
[   10.246175]     utils-0051 util_eval_error       : Evaluate [\_PR_.C000._SUN]: AE_NOT_FOUND
[   10.246672]      scan-1933 add_single_object     : Added LNXCPU:00 [\_PR_.C000] parent LNXSYSTM:00
[   10.246672]      scan-1141 get_device_data       : No context for object [ffff88040d83c398]
[   10.246672]      scan-1141 get_device_data       : No context for object [ffff88040d83c3c0]
[   10.246866]      scan-1141 get_device_data       : No context for object [ffff88040d83c3e8]
[   10.247060]      scan-1141 get_device_data       : No context for object [ffff88040d83c410]
[   10.247257]      scan-1141 get_device_data       : No context for object [ffff88040d83c438]
[   10.247429]      scan-1141 get_device_data       : No context for object [ffff88040d83c460]
[   10.247625]      scan-1141 get_device_data       : No context for object [ffff88040d81d190]
[   10.247822]     utils-0051 util_eval_error       : Evaluate [\_PR_.C001._STA]: AE_NOT_FOUND
[   10.248018]      scan-1141 get_device_data       : No context for object [ffff88040d81d028]
[   10.248222] device: 'LNXCPU:01': device_add
[   10.248283] bus: 'acpi': add device LNXCPU:01
[   10.248356]     utils-0051 util_eval_error       : Evaluate [\_PR_.C001._SUN]: AE_NOT_FOUND
[   10.250013]      scan-1933 add_single_object     : Added LNXCPU:01 [\_PR_.C001] parent LNXSYSTM:00
[   10.250013]      scan-1141 get_device_data       : No context for object [ffff88040d83c488]
[   10.250013]      scan-1141 get_device_data       : No context for object [ffff88040d83c4b0]
[   10.250013]      scan-1141 get_device_data       : No context for object [ffff88040d83c4d8]
[   10.250013]      scan-1141 get_device_data       : No context for object [ffff88040d83c500]
[   10.250013]      scan-1141 get_device_data       : No context for object [ffff88040d83c528]
[   10.250013]      scan-1141 get_device_data       : No context for object [ffff88040d83c550]
[   10.250013]      scan-1141 get_device_data       : No context for object [ffff88040d81d1b8]
[   10.250133]     utils-0051 util_eval_error       : Evaluate [\_PR_.C002._STA]: AE_NOT_FOUND
[   10.250331]      scan-1141 get_device_data       : No context for object [ffff88040d81d028]
[   10.250517] device: 'LNXCPU:02': device_add
[   10.250580] bus: 'acpi': add device LNXCPU:02
[   10.250655]     utils-0051 util_eval_error       : Evaluate [\_PR_.C002._SUN]: AE_NOT_FOUND
[   10.250862]      scan-1933 add_single_object     : Added LNXCPU:02 [\_PR_.C002] parent LNXSYSTM:00
[   10.251062]      scan-1141 get_device_data       : No context for object [ffff88040d83c578]
[   10.251255]      scan-1141 get_device_data       : No context for object [ffff88040d83c5a0]
[   10.251453]      scan-1141 get_device_data       : No context for object [ffff88040d83c5c8]
[   10.251651]      scan-1141 get_device_data       : No context for object [ffff88040d83c5f0]
[   10.251848]      scan-1141 get_device_data       : No context for object [ffff88040d83c618]
[   10.252046]      scan-1141 get_device_data       : No context for object [ffff88040d83c640]
[   10.252243]      scan-1141 get_device_data       : No context for object [ffff88040d81d1e0]
[   10.252439]     utils-0051 util_eval_error       : Evaluate [\_PR_.C003._STA]: AE_NOT_FOUND
[   10.252624]      scan-1141 get_device_data       : No context for object [ffff88040d81d028]
[   10.252830] device: 'LNXCPU:03': device_add
[   10.252892] bus: 'acpi': add device LNXCPU:03
[   10.252969]     utils-0051 util_eval_error       : Evaluate [\_PR_.C003._SUN]: AE_NOT_FOUND
[   10.253348]      scan-1933 add_single_object     : Added LNXCPU:03 [\_PR_.C003] parent LNXSYSTM:00
[   10.253348]      scan-1141 get_device_data       : No context for object [ffff88040d83c668]
[   10.253490]      scan-1141 get_device_data       : No context for object [ffff88040d83c690]
[   10.253663]      scan-1141 get_device_data       : No context for object [ffff88040d83c6b8]
[   10.253861]      scan-1141 get_device_data       : No context for object [ffff88040d83c6e0]
[   10.254059]      scan-1141 get_device_data       : No context for object [ffff88040d83c708]
[   10.254257]      scan-1141 get_device_data       : No context for object [ffff88040d83c730]
[   10.254438]      scan-1141 get_device_data       : No context for object [ffff88040d81d050]
[   10.254638]     utils-0051 util_eval_error       : Evaluate [\_SB_._STA]: AE_NOT_FOUND
[   10.254875] device: 'LNXSYBUS:00': device_add
[   10.254984] bus: 'acpi': add device LNXSYBUS:00
[   10.255060]     utils-0051 util_eval_error       : Evaluate [\_SB_._SUN]: AE_NOT_FOUND
[   10.256672]      scan-1933 add_single_object     : Added LNXSYBUS:00 [\_SB_] parent LNXSYSTM:00
[   10.256672]      scan-1141 get_device_data       : No context for object [ffff88040d81d3c0]
[   10.256672]      scan-1141 get_device_data       : No context for object [ffff88040d81d3e8]
[   10.256672]      scan-1141 get_device_data       : No context for object [ffff88040d81d410]
[   10.256672]      scan-1141 get_device_data       : No context for object [ffff88040d81d438]
[   10.256672]      scan-1141 get_device_data       : No context for object [ffff88040d81d460]
[   10.256672]      scan-1141 get_device_data       : No context for object [ffff88040d81d488]
[   10.256672]      scan-1141 get_device_data       : No context for object [ffff88040d81d4b0]
[   10.256867]      scan-1141 get_device_data       : No context for object [ffff88040d81d5a0]
[   10.257067]     utils-0051 util_eval_error       : Evaluate [\_SB_.PWRB._STA]: AE_NOT_FOUND
[   10.257286] device: 'PNP0C0C:00': device_add
[   10.257349] bus: 'acpi': add device PNP0C0C:00
[   10.257426]     utils-0051 util_eval_error       : Evaluate [\_SB_.PWRB._SUN]: AE_NOT_FOUND
[   10.257613]      scan-1933 add_single_object     : Added PNP0C0C:00 [\_SB_.PWRB] parent LNXSYBUS:00
[   10.257821]      scan-1141 get_device_data       : No context for object [ffff88040d81d5c8]
[   10.258019]      scan-1141 get_device_data       : No context for object [ffff88040d81d5f0]
[   10.258219]     utils-0051 util_eval_error       : Evaluate [\_SB_.PCI0._STA]: AE_NOT_FOUND
[   10.258452] device: 'PNP0A08:00': device_add
[   10.258512] bus: 'acpi': add device PNP0A08:00
[   10.258591]     utils-0051 util_eval_error       : Evaluate [\_SB_.PCI0._SUN]: AE_NOT_FOUND
[   10.260028]      scan-1933 add_single_object     : Added PNP0A08:00 [\_SB_.PCI0] parent LNXSYBUS:00
[   10.260028]      scan-1141 get_device_data       : No context for object [ffff88040d81d618]
[   10.260028]      scan-1141 get_device_data       : No context for object [ffff88040d81d640]
[   10.260028]      scan-1141 get_device_data       : No context for object [ffff88040d81d668]
[   10.260028]      scan-1141 get_device_data       : No context for object [ffff88040d81d690]
[   10.260200]      scan-1141 get_device_data       : No context for object [ffff88040d81d6b8]
[   10.260398]      scan-1141 get_device_data       : No context for object [ffff88040d81d6e0]
[   10.260594]      scan-1141 get_device_data       : No context for object [ffff88040d81d708]
[   10.260791]      scan-1141 get_device_data       : No context for object [ffff88040d81d730]
[   10.260968]      scan-1141 get_device_data       : No context for object [ffff88040d81d758]
[   10.261166]      scan-1141 get_device_data       : No context for object [ffff88040d81d780]
[   10.261361]      scan-1141 get_device_data       : No context for object [ffff88040d81d7a8]
[   10.261554]      scan-1141 get_device_data       : No context for object [ffff88040d81d7d0]
[   10.261745]      scan-1141 get_device_data       : No context for object [ffff88040d81d7f8]
[   10.261921]      scan-1141 get_device_data       : No context for object [ffff88040d81d820]
[   10.262116]      scan-1141 get_device_data       : No context for object [ffff88040d81d848]
[   10.262311]      scan-1141 get_device_data       : No context for object [ffff88040d81d870]
[   10.262506]      scan-1141 get_device_data       : No context for object [ffff88040d81d898]
[   10.262701]      scan-1141 get_device_data       : No context for object [ffff88040d81d8c0]
[   10.263458]      scan-1141 get_device_data       : No context for object [ffff88040d81d8e8]
[   10.263654]      scan-1141 get_device_data       : No context for object [ffff88040d81d910]
[   10.263847]      scan-1141 get_device_data       : No context for object [ffff88040d81d938]
[   10.264041]      scan-1141 get_device_data       : No context for object [ffff88040d81d960]
[   10.264236]      scan-1141 get_device_data       : No context for object [ffff88040d81d988]
[   10.264431]      scan-1141 get_device_data       : No context for object [ffff88040d81d9b0]
[   10.264578]      scan-1141 get_device_data       : No context for object [ffff88040d81d9d8]
[   10.264752]      scan-1141 get_device_data       : No context for object [ffff88040d81da00]
[   10.264946]      scan-1141 get_device_data       : No context for object [ffff88040d81da28]
[   10.265141]      scan-1141 get_device_data       : No context for object [ffff88040d81da50]
[   10.265336]      scan-1141 get_device_data       : No context for object [ffff88040d81da78]
[   10.265514]      scan-1141 get_device_data       : No context for object [ffff88040d81daa0]
[   10.265708]      scan-1141 get_device_data       : No context for object [ffff88040d81dac8]
[   10.265902]      scan-1141 get_device_data       : No context for object [ffff88040d81daf0]
[   10.266096]      scan-1141 get_device_data       : No context for object [ffff88040d81db18]
[   10.266294]      scan-1141 get_device_data       : No context for object [ffff88040d81db40]
[   10.266481]      scan-1141 get_device_data       : No context for object [ffff88040d81db68]
[   10.266669]      scan-1141 get_device_data       : No context for object [ffff88040d81db90]
[   10.266866]      scan-1141 get_device_data       : No context for object [ffff88040d81dbb8]
[   10.267063]      scan-1141 get_device_data       : No context for object [ffff88040d81dbe0]
[   10.267256]      scan-1141 get_device_data       : No context for object [ffff88040d81dc08]
[   10.267454]      scan-1141 get_device_data       : No context for object [ffff88040d81dc30]
[   10.267652]      scan-1141 get_device_data       : No context for object [ffff88040d81dc58]
[   10.267849]      scan-1141 get_device_data       : No context for object [ffff88040d81dc80]
[   10.268048]      scan-1141 get_device_data       : No context for object [ffff88040d81dca8]
[   10.268244]      scan-1141 get_device_data       : No context for object [ffff88040d81dcd0]
[   10.268437]      scan-1141 get_device_data       : No context for object [ffff88040d81dcf8]
[   10.268635]      scan-1141 get_device_data       : No context for object [ffff88040d81dd20]
[   10.268833]      scan-1141 get_device_data       : No context for object [ffff88040d81dd48]
[   10.269030]      scan-1141 get_device_data       : No context for object [ffff88040d81dd70]
[   10.269228]      scan-1141 get_device_data       : No context for object [ffff88040d81dd98]
[   10.269426]      scan-1141 get_device_data       : No context for object [ffff88040d81ddc0]
[   10.269601]      scan-1141 get_device_data       : No context for object [ffff88040d81dde8]
[   10.269800]      scan-1141 get_device_data       : No context for object [ffff88040d81de10]
[   10.270002]      scan-1141 get_device_data       : No context for object [ffff88040d81de38]
[   10.270200]      scan-1141 get_device_data       : No context for object [ffff88040d81de60]
[   10.270398]      scan-1141 get_device_data       : No context for object [ffff88040d81de88]
[   10.270549]      scan-1141 get_device_data       : No context for object [ffff88040d81deb0]
[   10.270725]      scan-1141 get_device_data       : No context for object [ffff88040d81ded8]
[   10.270919]      scan-1141 get_device_data       : No context for object [ffff88040d81df00]
[   10.271117]      scan-1141 get_device_data       : No context for object [ffff88040d81df28]
[   10.271314]      scan-1141 get_device_data       : No context for object [ffff88040d81df50]
[   10.271491]      scan-1141 get_device_data       : No context for object [ffff88040d81df78]
[   10.271688]      scan-1141 get_device_data       : No context for object [ffff88040d81dfa0]
[   10.271886]      scan-1141 get_device_data       : No context for object [ffff88040d81dfc8]
[   10.272080]      scan-1141 get_device_data       : No context for object [ffff88040d822000]
[   10.272277]      scan-1141 get_device_data       : No context for object [ffff88040d822028]
[   10.272474]     utils-0051 util_eval_error       : Evaluate [\_SB_.PCI0.MEMR._STA]: AE_NOT_FOUND
[   10.272706] device: 'PNP0C02:00': device_add
[   10.272769] bus: 'acpi': add device PNP0C02:00
[   10.272844]     utils-0051 util_eval_error       : Evaluate [\_SB_.PCI0.MEMR._SUN]: AE_NOT_FOUND
[   10.273361]      scan-1933 add_single_object     : Added PNP0C02:00 [\_SB_.PCI0.MEMR] parent PNP0A08:00
[   10.273361]      scan-1141 get_device_data       : No context for object [ffff88040d822050]
[   10.273465]      scan-1141 get_device_data       : No context for object [ffff88040d822078]
[   10.273662]      scan-1141 get_device_data       : No context for object [ffff88040d8220a0]
[   10.273860]      scan-1141 get_device_data       : No context for object [ffff88040d8220c8]
[   10.274058]      scan-1141 get_device_data       : No context for object [ffff88040d8220f0]
[   10.274256]      scan-1141 get_device_data       : No context for object [ffff88040d822118]
[   10.274452]      scan-1141 get_device_data       : No context for object [ffff88040d822140]
[   10.274626]      scan-1141 get_device_data       : No context for object [ffff88040d822168]
[   10.274824]      scan-1141 get_device_data       : No context for object [ffff88040d822190]
[   10.275023]      scan-1141 get_device_data       : No context for object [ffff88040d8221b8]
[   10.275220]      scan-1141 get_device_data       : No context for object [ffff88040d8221e0]
[   10.275418]      scan-1141 get_device_data       : No context for object [ffff88040d822208]
[   10.275571]      scan-1141 get_device_data       : No context for object [ffff88040d822230]
[   10.275743]      scan-1141 get_device_data       : No context for object [ffff88040d822258]
[   10.275940]      scan-1141 get_device_data       : No context for object [ffff88040d822280]
[   10.276138]      scan-1141 get_device_data       : No context for object [ffff88040d8222a8]
[   10.276337]     utils-0051 util_eval_error       : Evaluate [\_SB_.PCI0.PB2_._STA]: AE_NOT_FOUND
[   10.276576] device: 'device:00': device_add
[   10.276639] bus: 'acpi': add device device:00
[   10.276686]     utils-0051 util_eval_error       : Evaluate [\_SB_.PCI0.PB2_._SUN]: AE_NOT_FOUND
[   10.276890]      scan-1933 add_single_object     : Added device:00 [\_SB_.PCI0.PB2_] parent PNP0A08:00
[   10.277090]      scan-1141 get_device_data       : No context for object [ffff88040d8222d0]
[   10.277288]      scan-1141 get_device_data       : No context for object [ffff88040d8222f8]
[   10.277465]      scan-1141 get_device_data       : No context for object [ffff88040d822320]
[   10.277663]      scan-1141 get_device_data       : No context for object [ffff88040d822348]
[   10.278840]      scan-1141 get_device_data       : No context for object [ffff88040d822370]
[   10.279035]      scan-1141 get_device_data       : No context for object [ffff88040d822398]
[   10.279229]      scan-1141 get_device_data       : No context for object [ffff88040d8223c0]
[   10.279421]      scan-1141 get_device_data       : No context for object [ffff88040d8223e8]
[   10.279599]      scan-1141 get_device_data       : No context for object [ffff88040d822410]
[   10.279795]      scan-1141 get_device_data       : No context for object [ffff88040d822438]
[   10.280002]      scan-1141 get_device_data       : No context for object [ffff88040d822460]
[   10.280196]      scan-1141 get_device_data       : No context for object [ffff88040d822488]
[   10.280390]      scan-1141 get_device_data       : No context for object [ffff88040d8224b0]
[   10.280537]      scan-1141 get_device_data       : No context for object [ffff88040d8224d8]
[   10.280710]      scan-1141 get_device_data       : No context for object [ffff88040d822500]
[   10.280906]      scan-1141 get_device_data       : No context for object [ffff88040d822528]
[   10.281102]      scan-1141 get_device_data       : No context for object [ffff88040d822550]
[   10.281296]      scan-1141 get_device_data       : No context for object [ffff88040d822578]
[   10.281473]      scan-1141 get_device_data       : No context for object [ffff88040d8225a0]
[   10.281669]      scan-1141 get_device_data       : No context for object [ffff88040d8225c8]
[   10.281861]      scan-1141 get_device_data       : No context for object [ffff88040d8225f0]
[   10.282057]      scan-1141 get_device_data       : No context for object [ffff88040d822618]
[   10.282251]      scan-1141 get_device_data       : No context for object [ffff88040d822640]
[   10.282446]      scan-1141 get_device_data       : No context for object [ffff88040d822668]
[   10.282641]      scan-1141 get_device_data       : No context for object [ffff88040d822690]
[   10.282838]      scan-1141 get_device_data       : No context for object [ffff88040d8226b8]
[   10.283036]      scan-1141 get_device_data       : No context for object [ffff88040d8226e0]
[   10.283231]      scan-1141 get_device_data       : No context for object [ffff88040d822708]
[   10.283335]      scan-1141 get_device_data       : No context for object [ffff88040d822730]
[   10.283513]      scan-1141 get_device_data       : No context for object [ffff88040d822758]
[   10.283711]      scan-1141 get_device_data       : No context for object [ffff88040d822780]
[   10.283911]     utils-0051 util_eval_error       : Evaluate [\_SB_.PCI0.PB2_.VGA_._STA]: AE_NOT_FOUND
[   10.284135] device: 'device:01': device_add
[   10.284194] bus: 'acpi': add device device:01
[   10.284268]     utils-0051 util_eval_error       : Evaluate [\_SB_.PCI0.PB2_.VGA_._SUN]: AE_NOT_FOUND
[   10.284431]      scan-1933 add_single_object     : Added device:01 [\_SB_.PCI0.PB2_.VGA_] parent device:00
[   10.284613]      scan-1141 get_device_data       : No context for object [ffff88040d8227a8]
[   10.284811]      scan-1141 get_device_data       : No context for object [ffff88040d8227d0]
[   10.285009]      scan-1141 get_device_data       : No context for object [ffff88040d8227f8]
[   10.285207]      scan-1141 get_device_data       : No context for object [ffff88040d822820]
[   10.285383]      scan-1141 get_device_data       : No context for object [ffff88040d822848]
[   10.285579]      scan-1141 get_device_data       : No context for object [ffff88040d822870]
[   10.285777]      scan-1141 get_device_data       : No context for object [ffff88040d822898]
[   10.285974]      scan-1141 get_device_data       : No context for object [ffff88040d8228c0]
[   10.286171]      scan-1141 get_device_data       : No context for object [ffff88040d8228e8]
[   10.286369]      scan-1141 get_device_data       : No context for object [ffff88040d822910]
[   10.286668]      scan-1141 get_device_data       : No context for object [ffff88040d822938]
[   10.286862]      scan-1141 get_device_data       : No context for object [ffff88040d822960]
[   10.287060]      scan-1141 get_device_data       : No context for object [ffff88040d822988]
[   10.287258]      scan-1141 get_device_data       : No context for object [ffff88040d8229b0]
[   10.287456]      scan-1141 get_device_data       : No context for object [ffff88040d8229d8]
[   10.287654]      scan-1141 get_device_data       : No context for object [ffff88040d822a00]
[   10.287851]      scan-1141 get_device_data       : No context for object [ffff88040d822a28]
[   10.288045]      scan-1141 get_device_data       : No context for object [ffff88040d822a50]
[   10.288242]      scan-1141 get_device_data       : No context for object [ffff88040d822a78]
[   10.288439]      scan-1141 get_device_data       : No context for object [ffff88040d822aa0]
[   10.288637]      scan-1141 get_device_data       : No context for object [ffff88040d822ac8]
[   10.288835]      scan-1141 get_device_data       : No context for object [ffff88040d822af0]
[   10.289033]      scan-1141 get_device_data       : No context for object [ffff88040d822b18]
[   10.289227]      scan-1141 get_device_data       : No context for object [ffff88040d822b40]
[   10.289426]      scan-1141 get_device_data       : No context for object [ffff88040d822b68]
[   10.289603]      scan-1141 get_device_data       : No context for object [ffff88040d822b90]
[   10.289800]      scan-1141 get_device_data       : No context for object [ffff88040d822bb8]
[   10.290002]      scan-1141 get_device_data       : No context for object [ffff88040d822be0]
[   10.290199]      scan-1141 get_device_data       : No context for object [ffff88040d822c08]
[   10.290396]      scan-1141 get_device_data       : No context for object [ffff88040d822c30]
[   10.290545]      scan-1141 get_device_data       : No context for object [ffff88040d822c58]
[   10.290722]      scan-1141 get_device_data       : No context for object [ffff88040d822c80]
[   10.290919]      scan-1141 get_device_data       : No context for object [ffff88040d822ca8]
[   10.291117]      scan-1141 get_device_data       : No context for object [ffff88040d822cd0]
[   10.291314]      scan-1141 get_device_data       : No context for object [ffff88040d822cf8]
[   10.291493]      scan-1141 get_device_data       : No context for object [ffff88040d822d20]
[   10.291687]      scan-1141 get_device_data       : No context for object [ffff88040d822d48]
[   10.291885]      scan-1141 get_device_data       : No context for object [ffff88040d822d70]
[   10.292082]      scan-1141 get_device_data       : No context for object [ffff88040d822d98]
[   10.292280]      scan-1141 get_device_data       : No context for object [ffff88040d837438]
[   10.292472]      scan-1141 get_device_data       : No context for object [ffff88040d822dc0]
[   10.292672]     utils-0051 util_eval_error       : Evaluate [\_SB_.PCI0.PB2_.HDAU._STA]: AE_NOT_FOUND
[   10.292890] device: 'device:02': device_add
[   10.292952] bus: 'acpi': add device device:02
[   10.293027]     utils-0051 util_eval_error       : Evaluate [\_SB_.PCI0.PB2_.HDAU._SUN]: AE_NOT_FOUND
[   10.293363]      scan-1933 add_single_object     : Added device:02 [\_SB_.PCI0.PB2_.HDAU] parent device:00
[   10.293363]      scan-1141 get_device_data       : No context for object [ffff88040d822de8]
[   10.293517]      scan-1141 get_device_data       : No context for object [ffff88040d822e10]
[   10.293715]      scan-1141 get_device_data       : No context for object [ffff88040d822e38]
[   10.293912]      scan-1141 get_device_data       : No context for object [ffff88040d822e60]
[   10.294106]      scan-1141 get_device_data       : No context for object [ffff88040d822e88]
[   10.294304]      scan-1141 get_device_data       : No context for object [ffff88040d822eb0]
[   10.294455]      scan-1141 get_device_data       : No context for object [ffff88040d822ed8]
[   10.294634]     utils-0051 util_eval_error       : Evaluate [\_SB_.PCI0.PB3_._STA]: AE_NOT_FOUND
[   10.294932] device: 'device:03': device_add
[   10.294995] bus: 'acpi': add device device:03
[   10.295077]     utils-0051 util_eval_error       : Evaluate [\_SB_.PCI0.PB3_._SUN]: AE_NOT_FOUND
[   10.296679]      scan-1933 add_single_object     : Added device:03 [\_SB_.PCI0.PB3_] parent PNP0A08:00
[   10.296679]      scan-1141 get_device_data       : No context for object [ffff88040d822f00]
[   10.296679]      scan-1141 get_device_data       : No context for object [ffff88040d822f28]
[   10.296679]      scan-1141 get_device_data       : No context for object [ffff88040d822f50]
[   10.296679]      scan-1141 get_device_data       : No context for object [ffff88040d822f78]
[   10.296865]      scan-1141 get_device_data       : No context for object [ffff88040d822fa0]
[   10.297061]      scan-1141 get_device_data       : No context for object [ffff88040d822fc8]
[   10.297244]      scan-1141 get_device_data       : No context for object [ffff88040d823000]
[   10.297436]      scan-1141 get_device_data       : No context for object [ffff88040d823028]
[   10.297630]      scan-1141 get_device_data       : No context for object [ffff88040d823050]
[   10.297825]      scan-1141 get_device_data       : No context for object [ffff88040d823078]
[   10.298021]      scan-1141 get_device_data       : No context for object [ffff88040d8230a0]
[   10.298170]      scan-1141 get_device_data       : No context for object [ffff88040d8230c8]
[   10.298347]      scan-1141 get_device_data       : No context for object [ffff88040d8230f0]
[   10.298541]      scan-1141 get_device_data       : No context for object [ffff88040d823118]
[   10.298730]      scan-1141 get_device_data       : No context for object [ffff88040d823140]
[   10.298926]      scan-1141 get_device_data       : No context for object [ffff88040d823168]
[   10.299112]      scan-1141 get_device_data       : No context for object [ffff88040d823190]
[   10.299309]      scan-1141 get_device_data       : No context for object [ffff88040d8231b8]
[   10.299507]      scan-1141 get_device_data       : No context for object [ffff88040d8231e0]
[   10.300002]      scan-1141 get_device_data       : No context for object [ffff88040d823208]
[   10.300197]      scan-1141 get_device_data       : No context for object [ffff88040d823230]
[   10.300395]      scan-1141 get_device_data       : No context for object [ffff88040d823258]
[   10.300592]      scan-1141 get_device_data       : No context for object [ffff88040d823280]
[   10.300789]      scan-1141 get_device_data       : No context for object [ffff88040d8232a8]
[   10.300987]      scan-1141 get_device_data       : No context for object [ffff88040d8232d0]
[   10.301185]      scan-1141 get_device_data       : No context for object [ffff88040d8232f8]
[   10.301381]      scan-1141 get_device_data       : No context for object [ffff88040d823320]
[   10.301577]      scan-1141 get_device_data       : No context for object [ffff88040d823348]
[   10.301774]      scan-1141 get_device_data       : No context for object [ffff88040d823370]
[   10.301972]      scan-1141 get_device_data       : No context for object [ffff88040d823398]
[   10.302170]      scan-1141 get_device_data       : No context for object [ffff88040d8233c0]
[   10.302370]     utils-0051 util_eval_error       : Evaluate [\_SB_.PCI0.PB3_.VGA_._STA]: AE_NOT_FOUND
[   10.302569]     video-0058 backlight_cap_match   : Found generic backlight support
[   10.302775] device: 'LNXVIDEO:00': device_add
[   10.302839] bus: 'acpi': add device LNXVIDEO:00
[   10.302916]     utils-0051 util_eval_error       : Evaluate [\_SB_.PCI0.PB3_.VGA_._SUN]: AE_NOT_FOUND
[   10.303342]      scan-1933 add_single_object     : Added LNXVIDEO:00 [\_SB_.PCI0.PB3_.VGA_] parent device:03
[   10.303343]      scan-1141 get_device_data       : No context for object [ffff88040d8233e8]
[   10.303495]      scan-1141 get_device_data       : No context for object [ffff88040d823410]
[   10.303672]      scan-1141 get_device_data       : No context for object [ffff88040d823438]
[   10.303868]      scan-1141 get_device_data       : No context for object [ffff88040d823460]
[   10.304064]      scan-1141 get_device_data       : No context for object [ffff88040d823488]
[   10.304262]      scan-1141 get_device_data       : No context for object [ffff88040d8234b0]
[   10.304439]      scan-1141 get_device_data       : No context for object [ffff88040d8234d8]
[   10.304636]      scan-1141 get_device_data       : No context for object [ffff88040d823500]
[   10.304834]      scan-1141 get_device_data       : No context for object [ffff88040d823528]
[   10.305032]      scan-1141 get_device_data       : No context for object [ffff88040d823550]
[   10.305226]      scan-1141 get_device_data       : No context for object [ffff88040d823578]
[   10.305418]      scan-1141 get_device_data       : No context for object [ffff88040d8235a0]
[   10.305615]      scan-1141 get_device_data       : No context for object [ffff88040d8235c8]
[   10.305812]      scan-1141 get_device_data       : No context for object [ffff88040d8235f0]
[   10.306010]      scan-1141 get_device_data       : No context for object [ffff88040d823618]
[   10.306207]      scan-1141 get_device_data       : No context for object [ffff88040d823640]
[   10.306400]      scan-1141 get_device_data       : No context for object [ffff88040d823668]
[   10.306669]      scan-1141 get_device_data       : No context for object [ffff88040d823690]
[   10.306866]      scan-1141 get_device_data       : No context for object [ffff88040d8236b8]
[   10.307064]      scan-1141 get_device_data       : No context for object [ffff88040d8236e0]
[   10.307262]      scan-1141 get_device_data       : No context for object [ffff88040d823708]
[   10.307459]      scan-1141 get_device_data       : No context for object [ffff88040d823730]
[   10.307654]      scan-1141 get_device_data       : No context for object [ffff88040d823758]
[   10.307852]      scan-1141 get_device_data       : No context for object [ffff88040d823780]
[   10.308049]      scan-1141 get_device_data       : No context for object [ffff88040d8237a8]
[   10.308247]      scan-1141 get_device_data       : No context for object [ffff88040d8237d0]
[   10.308444]      scan-1141 get_device_data       : No context for object [ffff88040d8237f8]
[   10.308630]      scan-1141 get_device_data       : No context for object [ffff88040d823820]
[   10.308827]      scan-1141 get_device_data       : No context for object [ffff88040d823848]
[   10.309022]      scan-1141 get_device_data       : No context for object [ffff88040d823870]
[   10.309220]      scan-1141 get_device_data       : No context for object [ffff88040d823898]
[   10.309418]      scan-1141 get_device_data       : No context for object [ffff88040d8238c0]
[   10.309569]      scan-1141 get_device_data       : No context for object [ffff88040d8238e8]
[   10.309746]      scan-1141 get_device_data       : No context for object [ffff88040d823910]
[   10.309944]      scan-1141 get_device_data       : No context for object [ffff88040d823938]
[   10.310130]      scan-1141 get_device_data       : No context for object [ffff88040d823960]
[   10.310328]      scan-1141 get_device_data       : No context for object [ffff88040d823988]
[   10.310505]      scan-1141 get_device_data       : No context for object [ffff88040d8239b0]
[   10.310702]      scan-1141 get_device_data       : No context for object [ffff88040d8239d8]
[   10.310900]      scan-1141 get_device_data       : No context for object [ffff88040d837460]
[   10.311097]      scan-1141 get_device_data       : No context for object [ffff88040d83ac08]
[   10.311294]      scan-1141 get_device_data       : No context for object [ffff88040d83ac30]
[   10.311478]      scan-1141 get_device_data       : No context for object [ffff88040d83ac58]
[   10.311677]     utils-0051 util_eval_error       : Evaluate [\_SB_.PCI0.PB3_.VGA_.CRT_._STA]: AE_NOT_FOUND
[   10.311921] device: 'device:04': device_add
[   10.312030] bus: 'acpi': add device device:04
[   10.312106]     utils-0051 util_eval_error       : Evaluate [\_SB_.PCI0.PB3_.VGA_.CRT_._SUN]: AE_NOT_FOUND
[   10.313364]      scan-1933 add_single_object     : Added device:04 [\_SB_.PCI0.PB3_.VGA_.CRT_] parent LNXVIDEO:00
[   10.313364]      scan-1141 get_device_data       : No context for object [ffff88040d83ac80]
[   10.313364]      scan-1141 get_device_data       : No context for object [ffff88040d83aca8]
[   10.313364]      scan-1141 get_device_data       : No context for object [ffff88040d83acd0]
[   10.313364]      scan-1141 get_device_data       : No context for object [ffff88040d83acf8]
[   10.313364]      scan-1141 get_device_data       : No context for object [ffff88040d83ad20]
[   10.313463]     utils-0051 util_eval_error       : Evaluate [\_SB_.PCI0.PB3_.VGA_.LCD_._STA]: AE_NOT_FOUND
[   10.313686] device: 'device:05': device_add
[   10.313745] bus: 'acpi': add device device:05
[   10.313818]     utils-0051 util_eval_error       : Evaluate [\_SB_.PCI0.PB3_.VGA_.LCD_._SUN]: AE_NOT_FOUND
[   10.314024]      scan-1933 add_single_object     : Added device:05 [\_SB_.PCI0.PB3_.VGA_.LCD_] parent LNXVIDEO:00
[   10.314224]      scan-1141 get_device_data       : No context for object [ffff88040d83ad48]
[   10.315346]      scan-1141 get_device_data       : No context for object [ffff88040d83ad70]
[   10.315523]      scan-1141 get_device_data       : No context for object [ffff88040d83ad98]
[   10.315717]      scan-1141 get_device_data       : No context for object [ffff88040d83adc0]
[   10.315912]      scan-1141 get_device_data       : No context for object [ffff88040d83ade8]
[   10.316105]      scan-1141 get_device_data       : No context for object [ffff88040d83ae10]
[   10.316295]      scan-1141 get_device_data       : No context for object [ffff88040d83ae38]
[   10.316472]      scan-1141 get_device_data       : No context for object [ffff88040d83ae60]
[   10.316671]     utils-0051 util_eval_error       : Evaluate [\_SB_.PCI0.PB3_.VGA_.TV0_._STA]: AE_NOT_FOUND
[   10.316905] device: 'device:06': device_add
[   10.316968] bus: 'acpi': add device device:06
[   10.317042]     utils-0051 util_eval_error       : Evaluate [\_SB_.PCI0.PB3_.VGA_.TV0_._SUN]: AE_NOT_FOUND
[   10.317250]      scan-1933 add_single_object     : Added device:06 [\_SB_.PCI0.PB3_.VGA_.TV0_] parent LNXVIDEO:00
[   10.317447]      scan-1141 get_device_data       : No context for object [ffff88040d83ae88]
[   10.317646]      scan-1141 get_device_data       : No context for object [ffff88040d83aeb0]
[   10.317844]      scan-1141 get_device_data       : No context for object [ffff88040d83aed8]
[   10.318041]      scan-1141 get_device_data       : No context for object [ffff88040d83af00]
[   10.318239]      scan-1141 get_device_data       : No context for object [ffff88040d83af28]
[   10.318438]     utils-0051 util_eval_error       : Evaluate [\_SB_.PCI0.PB3_.VGA_.HDMI._STA]: AE_NOT_FOUND
[   10.318661] device: 'device:07': device_add
[   10.318724] bus: 'acpi': add device device:07
[   10.318801]     utils-0051 util_eval_error       : Evaluate [\_SB_.PCI0.PB3_.VGA_.HDMI._SUN]: AE_NOT_FOUND
[   10.320028]      scan-1933 add_single_object     : Added device:07 [\_SB_.PCI0.PB3_.VGA_.HDMI] parent LNXVIDEO:00
[   10.320028]      scan-1141 get_device_data       : No context for object [ffff88040d83af50]
[   10.320028]      scan-1141 get_device_data       : No context for object [ffff88040d83af78]
[   10.320028]      scan-1141 get_device_data       : No context for object [ffff88040d83afa0]
[   10.320028]      scan-1141 get_device_data       : No context for object [ffff88040d83afc8]
[   10.320028]      scan-1141 get_device_data       : No context for object [ffff88040d823a00]
[   10.320132]     utils-0051 util_eval_error       : Evaluate [\_SB_.PCI0.PB3_.HDAU._STA]: AE_NOT_FOUND
[   10.320366] device: 'device:08': device_add
[   10.320430] bus: 'acpi': add device device:08
[   10.320504]     utils-0051 util_eval_error       : Evaluate [\_SB_.PCI0.PB3_.HDAU._SUN]: AE_NOT_FOUND
[   10.320691]      scan-1933 add_single_object     : Added device:08 [\_SB_.PCI0.PB3_.HDAU] parent device:03
[   10.320894]      scan-1141 get_device_data       : No context for object [ffff88040d823a28]
[   10.321090]      scan-1141 get_device_data       : No context for object [ffff88040d823a50]
[   10.321287]      scan-1141 get_device_data       : No context for object [ffff88040d823a78]
[   10.321464]      scan-1141 get_device_data       : No context for object [ffff88040d823aa0]
[   10.321662]      scan-1141 get_device_data       : No context for object [ffff88040d823ac8]
[   10.321860]      scan-1141 get_device_data       : No context for object [ffff88040d823af0]
[   10.322058]      scan-1141 get_device_data       : No context for object [ffff88040d823b18]
[   10.322257]     utils-0051 util_eval_error       : Evaluate [\_SB_.PCI0.PB4_._STA]: AE_NOT_FOUND
[   10.322504] device: 'device:09': device_add
[   10.322567] bus: 'acpi': add device device:09
[   10.322642]     utils-0051 util_eval_error       : Evaluate [\_SB_.PCI0.PB4_._SUN]: AE_NOT_FOUND
[   10.323343]      scan-1933 add_single_object     : Added device:09 [\_SB_.PCI0.PB4_] parent PNP0A08:00
[   10.323343]      scan-1141 get_device_data       : No context for object [ffff88040d823b40]
[   10.323343]      scan-1141 get_device_data       : No context for object [ffff88040d823b68]
[   10.323463]      scan-1141 get_device_data       : No context for object [ffff88040d823b90]
[   10.323656]      scan-1141 get_device_data       : No context for object [ffff88040d823bb8]
[   10.323853]      scan-1141 get_device_data       : No context for object [ffff88040d823be0]
[   10.324051]      scan-1141 get_device_data       : No context for object [ffff88040d823c08]
[   10.324248]      scan-1141 get_device_data       : No context for object [ffff88040d823c30]
[   10.324446]      scan-1141 get_device_data       : No context for object [ffff88040d823c58]
[   10.324644]      scan-1141 get_device_data       : No context for object [ffff88040d823c80]
[   10.324837]      scan-1141 get_device_data       : No context for object [ffff88040d823ca8]
[   10.325035]      scan-1141 get_device_data       : No context for object [ffff88040d823cd0]
[   10.325233]      scan-1141 get_device_data       : No context for object [ffff88040d823cf8]
[   10.325431]      scan-1141 get_device_data       : No context for object [ffff88040d823d20]
[   10.325610]      scan-1141 get_device_data       : No context for object [ffff88040d823d48]
[   10.325807]      scan-1141 get_device_data       : No context for object [ffff88040d823d70]
[   10.326003]      scan-1141 get_device_data       : No context for object [ffff88040d823d98]
[   10.326198]      scan-1141 get_device_data       : No context for object [ffff88040d823dc0]
[   10.326396]      scan-1141 get_device_data       : No context for object [ffff88040d823de8]
[   10.326546]      scan-1141 get_device_data       : No context for object [ffff88040d823e10]
[   10.326669]      scan-1141 get_device_data       : No context for object [ffff88040d823e38]
[   10.326867]      scan-1141 get_device_data       : No context for object [ffff88040d823e60]
[   10.327063]      scan-1141 get_device_data       : No context for object [ffff88040d823e88]
[   10.327257]      scan-1141 get_device_data       : No context for object [ffff88040d823eb0]
[   10.327435]      scan-1141 get_device_data       : No context for object [ffff88040d823ed8]
[   10.327633]      scan-1141 get_device_data       : No context for object [ffff88040d823f00]
[   10.327831]      scan-1141 get_device_data       : No context for object [ffff88040d823f28]
[   10.328028]      scan-1141 get_device_data       : No context for object [ffff88040d823f50]
[   10.328226]      scan-1141 get_device_data       : No context for object [ffff88040d823f78]
[   10.328419]      scan-1141 get_device_data       : No context for object [ffff88040d823fa0]
[   10.328614]      scan-1141 get_device_data       : No context for object [ffff88040d823fc8]
[   10.328809]      scan-1141 get_device_data       : No context for object [ffff88040d825000]
[   10.329005]     utils-0051 util_eval_error       : Evaluate [\_SB_.PCI0.PB4_.XPDV._STA]: AE_NOT_FOUND
[   10.329237] device: 'device:0a': device_add
[   10.329347] bus: 'acpi': add device device:0a
[   10.329423]     utils-0051 util_eval_error       : Evaluate [\_SB_.PCI0.PB4_.XPDV._SUN]: AE_NOT_FOUND
[   10.330002]      scan-1933 add_single_object     : Added device:0a [\_SB_.PCI0.PB4_.XPDV] parent device:09
[   10.330002]      scan-1141 get_device_data       : No context for object [ffff88040d825028]
[   10.330002]      scan-1141 get_device_data       : No context for object [ffff88040d825050]
[   10.330197]      scan-1141 get_device_data       : No context for object [ffff88040d825078]
[   10.330395]      scan-1141 get_device_data       : No context for object [ffff88040d8250a0]
[   10.330589]      scan-1141 get_device_data       : No context for object [ffff88040d8250c8]
[   10.330784]      scan-1141 get_device_data       : No context for object [ffff88040d837500]
[   10.330975]      scan-1141 get_device_data       : No context for object [ffff88040d8250f0]
[   10.331171]      scan-1141 get_device_data       : No context for object [ffff88040d825118]
[   10.331368]     utils-0051 util_eval_error       : Evaluate [\_SB_.PCI0.PB5_._STA]: AE_NOT_FOUND
[   10.331651] device: 'device:0b': device_add
[   10.331714] bus: 'acpi': add device device:0b
[   10.331788]     utils-0051 util_eval_error       : Evaluate [\_SB_.PCI0.PB5_._SUN]: AE_NOT_FOUND
[   10.333362]      scan-1933 add_single_object     : Added device:0b [\_SB_.PCI0.PB5_] parent PNP0A08:00
[   10.333362]      scan-1141 get_device_data       : No context for object [ffff88040d825140]
[   10.333362]      scan-1141 get_device_data       : No context for object [ffff88040d825168]
[   10.333362]      scan-1141 get_device_data       : No context for object [ffff88040d825190]
[   10.333362]      scan-1141 get_device_data       : No context for object [ffff88040d8251b8]
[   10.333533]      scan-1141 get_device_data       : No context for object [ffff88040d8251e0]
[   10.333731]      scan-1141 get_device_data       : No context for object [ffff88040d825208]
[   10.333928]      scan-1141 get_device_data       : No context for object [ffff88040d825230]
[   10.334078]      scan-1141 get_device_data       : No context for object [ffff88040d825258]
[   10.334251]      scan-1141 get_device_data       : No context for object [ffff88040d825280]
[   10.334449]      scan-1141 get_device_data       : No context for object [ffff88040d8252a8]
[   10.334647]      scan-1141 get_device_data       : No context for object [ffff88040d8252d0]
[   10.334845]      scan-1141 get_device_data       : No context for object [ffff88040d8252f8]
[   10.335022]      scan-1141 get_device_data       : No context for object [ffff88040d825320]
[   10.335219]      scan-1141 get_device_data       : No context for object [ffff88040d825348]
[   10.335412]      scan-1141 get_device_data       : No context for object [ffff88040d825370]
[   10.335610]      scan-1141 get_device_data       : No context for object [ffff88040d825398]
[   10.335807]      scan-1141 get_device_data       : No context for object [ffff88040d8253c0]
[   10.335986]      scan-1141 get_device_data       : No context for object [ffff88040d8253e8]
[   10.336669]      scan-1141 get_device_data       : No context for object [ffff88040d825410]
[   10.336866]      scan-1141 get_device_data       : No context for object [ffff88040d825438]
[   10.337061]      scan-1141 get_device_data       : No context for object [ffff88040d825460]
[   10.337259]      scan-1141 get_device_data       : No context for object [ffff88040d825488]
[   10.337457]      scan-1141 get_device_data       : No context for object [ffff88040d8254b0]
[   10.337655]      scan-1141 get_device_data       : No context for object [ffff88040d8254d8]
[   10.337853]      scan-1141 get_device_data       : No context for object [ffff88040d825500]
[   10.338050]      scan-1141 get_device_data       : No context for object [ffff88040d825528]
[   10.338247]      scan-1141 get_device_data       : No context for object [ffff88040d825550]
[   10.338442]      scan-1141 get_device_data       : No context for object [ffff88040d825578]
[   10.338640]      scan-1141 get_device_data       : No context for object [ffff88040d8255a0]
[   10.338837]      scan-1141 get_device_data       : No context for object [ffff88040d8255c8]
[   10.339035]      scan-1141 get_device_data       : No context for object [ffff88040d8255f0]
[   10.339235]     utils-0051 util_eval_error       : Evaluate [\_SB_.PCI0.PB5_.XPDV._STA]: AE_NOT_FOUND
[   10.339455] device: 'device:0c': device_add
[   10.339514] bus: 'acpi': add device device:0c
[   10.339588]     utils-0051 util_eval_error       : Evaluate [\_SB_.PCI0.PB5_.XPDV._SUN]: AE_NOT_FOUND
[   10.340028]      scan-1933 add_single_object     : Added device:0c [\_SB_.PCI0.PB5_.XPDV] parent device:0b
[   10.340028]      scan-1141 get_device_data       : No context for object [ffff88040d825618]
[   10.340202]      scan-1141 get_device_data       : No context for object [ffff88040d825640]
[   10.340400]      scan-1141 get_device_data       : No context for object [ffff88040d825668]
[   10.340552]      scan-1141 get_device_data       : No context for object [ffff88040d825690]
[   10.340729]      scan-1141 get_device_data       : No context for object [ffff88040d8256b8]
[   10.340923]      scan-1141 get_device_data       : No context for object [ffff88040d837528]
[   10.341121]      scan-1141 get_device_data       : No context for object [ffff88040d8256e0]
[   10.341319]      scan-1141 get_device_data       : No context for object [ffff88040d825708]
[   10.341497]     utils-0051 util_eval_error       : Evaluate [\_SB_.PCI0.PB6_._STA]: AE_NOT_FOUND
[   10.341794] device: 'device:0d': device_add
[   10.341857] bus: 'acpi': add device device:0d
[   10.341925]     utils-0051 util_eval_error       : Evaluate [\_SB_.PCI0.PB6_._SUN]: AE_NOT_FOUND
[   10.343345]      scan-1933 add_single_object     : Added device:0d [\_SB_.PCI0.PB6_] parent PNP0A08:00
[   10.343345]      scan-1141 get_device_data       : No context for object [ffff88040d825730]
[   10.343345]      scan-1141 get_device_data       : No context for object [ffff88040d825758]
[   10.343345]      scan-1141 get_device_data       : No context for object [ffff88040d825780]
[   10.343345]      scan-1141 get_device_data       : No context for object [ffff88040d8257a8]
[   10.343345]      scan-1141 get_device_data       : No context for object [ffff88040d8257d0]
[   10.343345]      scan-1141 get_device_data       : No context for object [ffff88040d8257f8]
[   10.343461]      scan-1141 get_device_data       : No context for object [ffff88040d825820]
[   10.343659]      scan-1141 get_device_data       : No context for object [ffff88040d825848]
[   10.343857]      scan-1141 get_device_data       : No context for object [ffff88040d825870]
[   10.344055]      scan-1141 get_device_data       : No context for object [ffff88040d825898]
[   10.344252]      scan-1141 get_device_data       : No context for object [ffff88040d8258c0]
[   10.344445]      scan-1141 get_device_data       : No context for object [ffff88040d8258e8]
[   10.344644]      scan-1141 get_device_data       : No context for object [ffff88040d825910]
[   10.344841]      scan-1141 get_device_data       : No context for object [ffff88040d825938]
[   10.345039]      scan-1141 get_device_data       : No context for object [ffff88040d825960]
[   10.345237]      scan-1141 get_device_data       : No context for object [ffff88040d825988]
[   10.345432]      scan-1141 get_device_data       : No context for object [ffff88040d8259b0]
[   10.345627]      scan-1141 get_device_data       : No context for object [ffff88040d8259d8]
[   10.345818]      scan-1141 get_device_data       : No context for object [ffff88040d825a00]
[   10.346014]      scan-1141 get_device_data       : No context for object [ffff88040d825a28]
[   10.346208]      scan-1141 get_device_data       : No context for object [ffff88040d825a50]
[   10.346404]      scan-1141 get_device_data       : No context for object [ffff88040d825a78]
[   10.346553]      scan-1141 get_device_data       : No context for object [ffff88040d825aa0]
[   10.346668]      scan-1141 get_device_data       : No context for object [ffff88040d825ac8]
[   10.346859]      scan-1141 get_device_data       : No context for object [ffff88040d825af0]
[   10.347053]      scan-1141 get_device_data       : No context for object [ffff88040d825b18]
[   10.347247]      scan-1141 get_device_data       : No context for object [ffff88040d825b40]
[   10.347424]      scan-1141 get_device_data       : No context for object [ffff88040d825b68]
[   10.347620]      scan-1141 get_device_data       : No context for object [ffff88040d825b90]
[   10.347815]      scan-1141 get_device_data       : No context for object [ffff88040d825bb8]
[   10.348009]      scan-1141 get_device_data       : No context for object [ffff88040d825be0]
[   10.348203]     utils-0051 util_eval_error       : Evaluate [\_SB_.PCI0.PB6_.XPDV._STA]: AE_NOT_FOUND
[   10.348432] device: 'device:0e': device_add
[   10.348495] bus: 'acpi': add device device:0e
[   10.348567]     utils-0051 util_eval_error       : Evaluate [\_SB_.PCI0.PB6_.XPDV._SUN]: AE_NOT_FOUND
[   10.350010]      scan-1933 add_single_object     : Added device:0e [\_SB_.PCI0.PB6_.XPDV] parent device:0d
[   10.350010]      scan-1141 get_device_data       : No context for object [ffff88040d825c08]
[   10.350010]      scan-1141 get_device_data       : No context for object [ffff88040d825c30]
[   10.350010]      scan-1141 get_device_data       : No context for object [ffff88040d825c58]
[   10.350010]      scan-1141 get_device_data       : No context for object [ffff88040d825c80]
[   10.350010]      scan-1141 get_device_data       : No context for object [ffff88040d825ca8]
[   10.350010]      scan-1141 get_device_data       : No context for object [ffff88040d837550]
[   10.350200]      scan-1141 get_device_data       : No context for object [ffff88040d825cd0]
[   10.350399]      scan-1141 get_device_data       : No context for object [ffff88040d825cf8]
[   10.350548]     utils-0051 util_eval_error       : Evaluate [\_SB_.PCI0.PB7_._STA]: AE_NOT_FOUND
[   10.350827] device: 'device:0f': device_add
[   10.350891] bus: 'acpi': add device device:0f
[   10.350966]     utils-0051 util_eval_error       : Evaluate [\_SB_.PCI0.PB7_._SUN]: AE_NOT_FOUND
[   10.353361]      scan-1933 add_single_object     : Added device:0f [\_SB_.PCI0.PB7_] parent PNP0A08:00
[   10.353361]      scan-1141 get_device_data       : No context for object [ffff88040d825d20]
[   10.353361]      scan-1141 get_device_data       : No context for object [ffff88040d825d48]
[   10.353361]      scan-1141 get_device_data       : No context for object [ffff88040d825d70]
[   10.353361]      scan-1141 get_device_data       : No context for object [ffff88040d825d98]
[   10.353361]      scan-1141 get_device_data       : No context for object [ffff88040d825dc0]
[   10.353361]      scan-1141 get_device_data       : No context for object [ffff88040d825de8]
[   10.353513]      scan-1141 get_device_data       : No context for object [ffff88040d825e10]
[   10.353711]      scan-1141 get_device_data       : No context for object [ffff88040d825e38]
[   10.353909]      scan-1141 get_device_data       : No context for object [ffff88040d825e60]
[   10.354107]      scan-1141 get_device_data       : No context for object [ffff88040d825e88]
[   10.354300]      scan-1141 get_device_data       : No context for object [ffff88040d825eb0]
[   10.354488]      scan-1141 get_device_data       : No context for object [ffff88040d825ed8]
[   10.354685]      scan-1141 get_device_data       : No context for object [ffff88040d825f00]
[   10.354883]      scan-1141 get_device_data       : No context for object [ffff88040d825f28]
[   10.355081]      scan-1141 get_device_data       : No context for object [ffff88040d825f50]
[   10.355278]      scan-1141 get_device_data       : No context for object [ffff88040d825f78]
[   10.355476]      scan-1141 get_device_data       : No context for object [ffff88040d825fa0]
[   10.355673]      scan-1141 get_device_data       : No context for object [ffff88040d825fc8]
[   10.355870]      scan-1141 get_device_data       : No context for object [ffff88040d827000]
[   10.356067]      scan-1141 get_device_data       : No context for object [ffff88040d827028]
[   10.356265]      scan-1141 get_device_data       : No context for object [ffff88040d827050]
[   10.356462]      scan-1141 get_device_data       : No context for object [ffff88040d827078]
[   10.356660]      scan-1141 get_device_data       : No context for object [ffff88040d8270a0]
[   10.356862]      scan-1141 get_device_data       : No context for object [ffff88040d8270c8]
[   10.357060]      scan-1141 get_device_data       : No context for object [ffff88040d8270f0]
[   10.357258]      scan-1141 get_device_data       : No context for object [ffff88040d827118]
[   10.357456]      scan-1141 get_device_data       : No context for object [ffff88040d827140]
[   10.357633]      scan-1141 get_device_data       : No context for object [ffff88040d827168]
[   10.357830]      scan-1141 get_device_data       : No context for object [ffff88040d827190]
[   10.358024]      scan-1141 get_device_data       : No context for object [ffff88040d8271b8]
[   10.358221]      scan-1141 get_device_data       : No context for object [ffff88040d8271e0]
[   10.358421]     utils-0051 util_eval_error       : Evaluate [\_SB_.PCI0.PB7_.XPDV._STA]: AE_NOT_FOUND
[   10.358609] device: 'device:10': device_add
[   10.358672] bus: 'acpi': add device device:10
[   10.358749]     utils-0051 util_eval_error       : Evaluate [\_SB_.PCI0.PB7_.XPDV._SUN]: AE_NOT_FOUND
[   10.360028]      scan-1933 add_single_object     : Added device:10 [\_SB_.PCI0.PB7_.XPDV] parent device:0f
[   10.360028]      scan-1141 get_device_data       : No context for object [ffff88040d827208]
[   10.360028]      scan-1141 get_device_data       : No context for object [ffff88040d827230]
[   10.360028]      scan-1141 get_device_data       : No context for object [ffff88040d827258]
[   10.360028]      scan-1141 get_device_data       : No context for object [ffff88040d827280]
[   10.360028]      scan-1141 get_device_data       : No context for object [ffff88040d8272a8]
[   10.360028]      scan-1141 get_device_data       : No context for object [ffff88040d837488]
[   10.360199]      scan-1141 get_device_data       : No context for object [ffff88040d8272d0]
[   10.360392]      scan-1141 get_device_data       : No context for object [ffff88040d8272f8]
[   10.360591]     utils-0051 util_eval_error       : Evaluate [\_SB_.PCI0.OHC1._STA]: AE_NOT_FOUND
[   10.360835] device: 'device:11': device_add
[   10.360898] bus: 'acpi': add device device:11
[   10.360973]     utils-0051 util_eval_error       : Evaluate [\_SB_.PCI0.OHC1._SUN]: AE_NOT_FOUND
[   10.361179]      scan-1933 add_single_object     : Added device:11 [\_SB_.PCI0.OHC1] parent PNP0A08:00
[   10.361382]      scan-1141 get_device_data       : No context for object [ffff88040d827320]
[   10.361575]      scan-1141 get_device_data       : No context for object [ffff88040d827348]
[   10.361773]      scan-1141 get_device_data       : No context for object [ffff88040d83b2f8]
[   10.361970]     utils-0051 util_eval_error       : Evaluate [\_SB_.PCI0.OHC1.RHUB._STA]: AE_NOT_FOUND
[   10.362201] device: 'device:12': device_add
[   10.362261] bus: 'acpi': add device device:12
[   10.362334]     utils-0051 util_eval_error       : Evaluate [\_SB_.PCI0.OHC1.RHUB._SUN]: AE_NOT_FOUND
[   10.363384]      scan-1933 add_single_object     : Added device:12 [\_SB_.PCI0.OHC1.RHUB] parent device:11
[   10.363384]      scan-1141 get_device_data       : No context for object [ffff88040d83b320]
[   10.363384]      scan-1141 get_device_data       : No context for object [ffff88040d83b348]
[   10.363384]     utils-0051 util_eval_error       : Evaluate [\_SB_.PCI0.OHC1.RHUB.PRT3._STA]: AE_NOT_FOUND
[   10.363384] device: 'device:13': device_add
[   10.363482] bus: 'acpi': add device device:13
[   10.363556]     utils-0051 util_eval_error       : Evaluate [\_SB_.PCI0.OHC1.RHUB.PRT3._SUN]: AE_NOT_FOUND
[   10.363743]      scan-1933 add_single_object     : Added device:13 [\_SB_.PCI0.OHC1.RHUB.PRT3] parent device:12
[   10.363940]      scan-1141 get_device_data       : No context for object [ffff88040d83b370]
[   10.364130]      scan-1141 get_device_data       : No context for object [ffff88040d83b398]
[   10.364325]      scan-1141 get_device_data       : No context for object [ffff88040d83b3c0]
[   10.364502]      scan-1141 get_device_data       : No context for object [ffff88040d83b3e8]
[   10.364699]     utils-0051 util_eval_error       : Evaluate [\_SB_.PCI0.OHC1.RHUB.PRT4._STA]: AE_NOT_FOUND
[   10.364929] device: 'device:14': device_add
[   10.364991] bus: 'acpi': add device device:14
[   10.365063]     utils-0051 util_eval_error       : Evaluate [\_SB_.PCI0.OHC1.RHUB.PRT4._SUN]: AE_NOT_FOUND
[   10.366702]      scan-1933 add_single_object     : Added device:14 [\_SB_.PCI0.OHC1.RHUB.PRT4] parent device:12
[   10.366702]      scan-1141 get_device_data       : No context for object [ffff88040d83b410]
[   10.366702]      scan-1141 get_device_data       : No context for object [ffff88040d83b438]
[   10.366702]      scan-1141 get_device_data       : No context for object [ffff88040d83b460]
[   10.366702]      scan-1141 get_device_data       : No context for object [ffff88040d827370]
[   10.366702]     utils-0051 util_eval_error       : Evaluate [\_SB_.PCI0.EHC1._STA]: AE_NOT_FOUND
[   10.366702] device: 'device:15': device_add
[   10.366702] bus: 'acpi': add device device:15
[   10.366702]     utils-0051 util_eval_error       : Evaluate [\_SB_.PCI0.EHC1._SUN]: AE_NOT_FOUND
[   10.366841]      scan-1933 add_single_object     : Added device:15 [\_SB_.PCI0.EHC1] parent PNP0A08:00
[   10.367044]      scan-1141 get_device_data       : No context for object [ffff88040d827398]
[   10.367242]      scan-1141 get_device_data       : No context for object [ffff88040d8273c0]
[   10.367440]      scan-1141 get_device_data       : No context for object [ffff88040d83b028]
[   10.367621]     utils-0051 util_eval_error       : Evaluate [\_SB_.PCI0.EHC1.RHUB._STA]: AE_NOT_FOUND
[   10.367850] device: 'device:16': device_add
[   10.367913] bus: 'acpi': add device device:16
[   10.367988]     utils-0051 util_eval_error       : Evaluate [\_SB_.PCI0.EHC1.RHUB._SUN]: AE_NOT_FOUND
[   10.370000]      scan-1933 add_single_object     : Added device:16 [\_SB_.PCI0.EHC1.RHUB] parent device:15
[   10.370000]      scan-1141 get_device_data       : No context for object [ffff88040d83b050]
[   10.370000]      scan-1141 get_device_data       : No context for object [ffff88040d83b078]
[   10.370000]     utils-0051 util_eval_error       : Evaluate [\_SB_.PCI0.EHC1.RHUB.PRT3._STA]: AE_NOT_FOUND
[   10.370000] device: 'device:17': device_add
[   10.370000] bus: 'acpi': add device device:17
[   10.370000]     utils-0051 util_eval_error       : Evaluate [\_SB_.PCI0.EHC1.RHUB.PRT3._SUN]: AE_NOT_FOUND
[   10.370042]      scan-1933 add_single_object     : Added device:17 [\_SB_.PCI0.EHC1.RHUB.PRT3] parent device:16
[   10.370042]      scan-1141 get_device_data       : No context for object [ffff88040d83b0a0]
[   10.370204]      scan-1141 get_device_data       : No context for object [ffff88040d83b0c8]
[   10.370401]      scan-1141 get_device_data       : No context for object [ffff88040d83b0f0]
[   10.370599]      scan-1141 get_device_data       : No context for object [ffff88040d83b118]
[   10.370798]     utils-0051 util_eval_error       : Evaluate [\_SB_.PCI0.EHC1.RHUB.PRT4._STA]: AE_NOT_FOUND
[   10.371027] device: 'device:18': device_add
[   10.371090] bus: 'acpi': add device device:18
[   10.371167]     utils-0051 util_eval_error       : Evaluate [\_SB_.PCI0.EHC1.RHUB.PRT4._SUN]: AE_NOT_FOUND
[   10.373340]      scan-1933 add_single_object     : Added device:18 [\_SB_.PCI0.EHC1.RHUB.PRT4] parent device:16
[   10.373340]      scan-1141 get_device_data       : No context for object [ffff88040d83b140]
[   10.373340]      scan-1141 get_device_data       : No context for object [ffff88040d83b168]
[   10.373340]      scan-1141 get_device_data       : No context for object [ffff88040d83b190]
[   10.373340]      scan-1141 get_device_data       : No context for object [ffff88040d8273e8]
[   10.373340]     utils-0051 util_eval_error       : Evaluate [\_SB_.PCI0.OHC2._STA]: AE_NOT_FOUND
[   10.373340] device: 'device:19': device_add
[   10.373340] bus: 'acpi': add device device:19
[   10.373340]     utils-0051 util_eval_error       : Evaluate [\_SB_.PCI0.OHC2._SUN]: AE_NOT_FOUND
[   10.373502]      scan-1933 add_single_object     : Added device:19 [\_SB_.PCI0.OHC2] parent PNP0A08:00
[   10.373705]      scan-1141 get_device_data       : No context for object [ffff88040d827410]
[   10.373900]      scan-1141 get_device_data       : No context for object [ffff88040d827438]
[   10.374097]      scan-1141 get_device_data       : No context for object [ffff88040d83b488]
[   10.374296]     utils-0051 util_eval_error       : Evaluate [\_SB_.PCI0.OHC2.RHUB._STA]: AE_NOT_FOUND
[   10.374528] device: 'device:1a': device_add
[   10.374591] bus: 'acpi': add device device:1a
[   10.374666]     utils-0051 util_eval_error       : Evaluate [\_SB_.PCI0.OHC2.RHUB._SUN]: AE_NOT_FOUND
[   10.376672]      scan-1933 add_single_object     : Added device:1a [\_SB_.PCI0.OHC2.RHUB] parent device:19
[   10.376672]      scan-1141 get_device_data       : No context for object [ffff88040d83b4b0]
[   10.376672]      scan-1141 get_device_data       : No context for object [ffff88040d83b4d8]
[   10.376672]     utils-0051 util_eval_error       : Evaluate [\_SB_.PCI0.OHC2.RHUB.PRT4._STA]: AE_NOT_FOUND
[   10.376672] device: 'device:1b': device_add
[   10.376672] bus: 'acpi': add device device:1b
[   10.376672]     utils-0051 util_eval_error       : Evaluate [\_SB_.PCI0.OHC2.RHUB.PRT4._SUN]: AE_NOT_FOUND
[   10.376722]      scan-1933 add_single_object     : Added device:1b [\_SB_.PCI0.OHC2.RHUB.PRT4] parent device:1a
[   10.376722]      scan-1141 get_device_data       : No context for object [ffff88040d83b500]
[   10.376722]      scan-1141 get_device_data       : No context for object [ffff88040d83b528]
[   10.376722]      scan-1141 get_device_data       : No context for object [ffff88040d83b550]
[   10.376778]      scan-1141 get_device_data       : No context for object [ffff88040d827460]
[   10.376978]     utils-0051 util_eval_error       : Evaluate [\_SB_.PCI0.EHC2._STA]: AE_NOT_FOUND
[   10.377272] device: 'device:1c': device_add
[   10.377336] bus: 'acpi': add device device:1c
[   10.377410]     utils-0051 util_eval_error       : Evaluate [\_SB_.PCI0.EHC2._SUN]: AE_NOT_FOUND
[   10.377564]      scan-1933 add_single_object     : Added device:1c [\_SB_.PCI0.EHC2] parent PNP0A08:00
[   10.377745]      scan-1141 get_device_data       : No context for object [ffff88040d827488]
[   10.377943]      scan-1141 get_device_data       : No context for object [ffff88040d8274b0]
[   10.378140]      scan-1141 get_device_data       : No context for object [ffff88040d83b1b8]
[   10.378339]     utils-0051 util_eval_error       : Evaluate [\_SB_.PCI0.EHC2.RHUB._STA]: AE_NOT_FOUND
[   10.378552] device: 'device:1d': device_add
[   10.378615] bus: 'acpi': add device device:1d
[   10.378684]     utils-0051 util_eval_error       : Evaluate [\_SB_.PCI0.EHC2.RHUB._SUN]: AE_NOT_FOUND
[   10.380017]      scan-1933 add_single_object     : Added device:1d [\_SB_.PCI0.EHC2.RHUB] parent device:1c
[   10.380017]      scan-1141 get_device_data       : No context for object [ffff88040d83b1e0]
[   10.380017]      scan-1141 get_device_data       : No context for object [ffff88040d83b208]
[   10.380017]     utils-0051 util_eval_error       : Evaluate [\_SB_.PCI0.EHC2.RHUB.PRT2._STA]: AE_NOT_FOUND
[   10.380017] device: 'device:1e': device_add
[   10.380017] bus: 'acpi': add device device:1e
[   10.380017]     utils-0051 util_eval_error       : Evaluate [\_SB_.PCI0.EHC2.RHUB.PRT2._SUN]: AE_NOT_FOUND
[   10.380045]      scan-1933 add_single_object     : Added device:1e [\_SB_.PCI0.EHC2.RHUB.PRT2] parent device:1d
[   10.380208]      scan-1141 get_device_data       : No context for object [ffff88040d83b230]
[   10.380404]      scan-1141 get_device_data       : No context for object [ffff88040d83b258]
[   10.380552]      scan-1141 get_device_data       : No context for object [ffff88040d83b280]
[   10.380730]      scan-1141 get_device_data       : No context for object [ffff88040d8274d8]
[   10.380926]     utils-0051 util_eval_error       : Evaluate [\_SB_.PCI0.OHC3._STA]: AE_NOT_FOUND
[   10.381152] device: 'device:1f': device_add
[   10.381211] bus: 'acpi': add device device:1f
[   10.381284]     utils-0051 util_eval_error       : Evaluate [\_SB_.PCI0.OHC3._SUN]: AE_NOT_FOUND
[   10.383334]      scan-1933 add_single_object     : Added device:1f [\_SB_.PCI0.OHC3] parent PNP0A08:00
[   10.383334]      scan-1141 get_device_data       : No context for object [ffff88040d827500]
[   10.383334]      scan-1141 get_device_data       : No context for object [ffff88040d827528]
[   10.383334]      scan-1141 get_device_data       : No context for object [ffff88040d83b578]
[   10.383334]     utils-0051 util_eval_error       : Evaluate [\_SB_.PCI0.OHC3.RHUB._STA]: AE_NOT_FOUND
[   10.383334] device: 'device:20': device_add
[   10.383334] bus: 'acpi': add device device:20
[   10.383334]     utils-0051 util_eval_error       : Evaluate [\_SB_.PCI0.OHC3.RHUB._SUN]: AE_NOT_FOUND
[   10.383379]      scan-1933 add_single_object     : Added device:20 [\_SB_.PCI0.OHC3.RHUB] parent device:1f
[   10.383379]      scan-1141 get_device_data       : No context for object [ffff88040d83b5a0]
[   10.383379]      scan-1141 get_device_data       : No context for object [ffff88040d827550]
[   10.383379]     utils-0051 util_eval_error       : Evaluate [\_SB_.PCI0.EHC3._STA]: AE_NOT_FOUND
[   10.383545] device: 'device:21': device_add
[   10.383604] bus: 'acpi': add device device:21
[   10.383682]     utils-0051 util_eval_error       : Evaluate [\_SB_.PCI0.EHC3._SUN]: AE_NOT_FOUND
[   10.383890]      scan-1933 add_single_object     : Added device:21 [\_SB_.PCI0.EHC3] parent PNP0A08:00
[   10.384093]      scan-1141 get_device_data       : No context for object [ffff88040d827578]
[   10.384292]      scan-1141 get_device_data       : No context for object [ffff88040d8275a0]
[   10.384444]      scan-1141 get_device_data       : No context for object [ffff88040d83b2a8]
[   10.384622]     utils-0051 util_eval_error       : Evaluate [\_SB_.PCI0.EHC3.RHUB._STA]: AE_NOT_FOUND
[   10.384839] device: 'device:22': device_add
[   10.384901] bus: 'acpi': add device device:22
[   10.384976]     utils-0051 util_eval_error       : Evaluate [\_SB_.PCI0.EHC3.RHUB._SUN]: AE_NOT_FOUND
[   10.386672]      scan-1933 add_single_object     : Added device:22 [\_SB_.PCI0.EHC3.RHUB] parent device:21
[   10.386672]      scan-1141 get_device_data       : No context for object [ffff88040d83b2d0]
[   10.386672]      scan-1141 get_device_data       : No context for object [ffff88040d8275c8]
[   10.386672]     utils-0051 util_eval_error       : Evaluate [\_SB_.PCI0.OHC4._STA]: AE_NOT_FOUND
[   10.386672] device: 'device:23': device_add
[   10.386672] bus: 'acpi': add device device:23
[   10.386672]     utils-0051 util_eval_error       : Evaluate [\_SB_.PCI0.OHC4._SUN]: AE_NOT_FOUND
[   10.386708]      scan-1933 add_single_object     : Added device:23 [\_SB_.PCI0.OHC4] parent PNP0A08:00
[   10.386708]      scan-1141 get_device_data       : No context for object [ffff88040d8275f0]
[   10.386832]      scan-1141 get_device_data       : No context for object [ffff88040d827618]
[   10.387030]      scan-1141 get_device_data       : No context for object [ffff88040d827640]
[   10.387230]     utils-0051 util_eval_error       : Evaluate [\_SB_.PCI0.SBAZ._STA]: AE_NOT_FOUND
[   10.387468] device: 'device:24': device_add
[   10.387534] bus: 'acpi': add device device:24
[   10.387609]     utils-0051 util_eval_error       : Evaluate [\_SB_.PCI0.SBAZ._SUN]: AE_NOT_FOUND
[   10.390000]      scan-1933 add_single_object     : Added device:24 [\_SB_.PCI0.SBAZ] parent PNP0A08:00
[   10.390000]      scan-1141 get_device_data       : No context for object [ffff88040d827668]
[   10.390000]      scan-1141 get_device_data       : No context for object [ffff88040d827690]
