[    0.000000] Initializing cgroup subsys cpuset
[    0.000000] Initializing cgroup subsys cpu
[    0.000000] Initializing cgroup subsys cpuacct
[    0.000000] Linux version 3.17.0-rc3-gb7fece1 (emacs@manji) (gcc version 4.9.1 (GCC) ) #69 SMP Fri Sep 5 13:07:45 CEST 2014
[    0.000000] Command line: BOOT_IMAGE=/vmlinuz-linux-git root=UUID=bfa4ab6e-19a3-4601-ba2b-267c55841c73 rw cryptdevice=/dev/disk/by-uuid/70c08890-417a-497d-b6ab-c0d0357a63e2:cryptManjaro:allow-discards ipv6.disable=1 pnp.debug=1 loglevel=9 log_buf_len=10M printk.always_kmsg_dump=y printk.time=y mminit_loglevel=0 memory_corruption_check=1 acpi.debug_layer=0xfbff0000 acpi.debug_level=0xFFFFFFFD pnp.debug=1 nohz=on rcu_nocbs=1-3 pcie_aspm=force fbcon=scrollback:4096k fbcon=font:ProFont6x11 radeon.audio=0 radeon.lockup_timeout=0 radeon.test=0 radeon.agpmode=-1 radeon.benchmark=0 radeon.tv=0 radeon.hard_reset=1 radeon.aspm=1 radeon.dpm=1 radeon.msi=1 radeon.pcie_gen2=-1 radeon.no_wb=1 radeon.modeset=1 radeon.dynclks=1 radeon.r4xx_atom=0 radeon.runpm=0 radeonfb radeon.fastfb=1 nomodeset
[    0.000000] KERNEL supported cpus:
[    0.000000]   AMD AuthenticAMD
[    0.000000] tseg: 00bfe00000
[    0.000000] e820: BIOS-provided physical RAM map:
[    0.000000] BIOS-e820: [mem 0x0000000000000000-0x000000000009d7ff] usable
[    0.000000] BIOS-e820: [mem 0x000000000009d800-0x000000000009ffff] reserved
[    0.000000] BIOS-e820: [mem 0x00000000000e0000-0x00000000000fffff] reserved
[    0.000000] BIOS-e820: [mem 0x0000000000100000-0x00000000bed9afff] usable
[    0.000000] BIOS-e820: [mem 0x00000000bed9b000-0x00000000bf39afff] reserved
[    0.000000] BIOS-e820: [mem 0x00000000bf39b000-0x00000000bf49afff] ACPI NVS
[    0.000000] BIOS-e820: [mem 0x00000000bf49b000-0x00000000bf51afff] ACPI data
[    0.000000] BIOS-e820: [mem 0x00000000bf51b000-0x00000000bfdfffff] usable
[    0.000000] BIOS-e820: [mem 0x00000000bfe00000-0x00000000bfffffff] reserved
[    0.000000] BIOS-e820: [mem 0x00000000fec00000-0x00000000fecfffff] reserved
[    0.000000] BIOS-e820: [mem 0x00000000fed80000-0x00000000fed80fff] reserved
[    0.000000] BIOS-e820: [mem 0x00000000ffe00000-0x00000000ffffffff] reserved
[    0.000000] BIOS-e820: [mem 0x0000000100000000-0x000000041effffff] usable
[    0.000000] NX (Execute Disable) protection: active
[    0.000000] SMBIOS 2.6 present.
[    0.000000] DMI: LENOVO Sabine/Torpedo, BIOS 54CN18WW 07/20/2011
[    0.000000] e820: update [mem 0x00000000-0x00000fff] usable ==> reserved
[    0.000000] e820: remove [mem 0x000a0000-0x000fffff] usable
[    0.000000] e820: last_pfn = 0x41f000 max_arch_pfn = 0x400000000
[    0.000000] MTRR default type: uncachable
[    0.000000] MTRR fixed ranges enabled:
[    0.000000]   00000-9FFFF write-back
[    0.000000]   A0000-BFFFF uncachable
[    0.000000]   C0000-FFFFF write-protect
[    0.000000] MTRR variable ranges enabled:
[    0.000000]   0 base 0000000000 mask FF80000000 write-back
[    0.000000]   1 base 0080000000 mask FFC0000000 write-back
[    0.000000]   2 base 00FFF90000 mask FFFFFF0000 uncachable
[    0.000000]   3 base 00FED80000 mask 0FFFFFF000 uncachable
[    0.000000]   4 disabled
[    0.000000]   5 disabled
[    0.000000]   6 disabled
[    0.000000]   7 base 00FFE00000 mask FFFFE00000 write-protect
[    0.000000] TOM2: 000000041f000000 aka 16880M
[    0.000000] mtrr: your BIOS has configured an incorrect mask, fixing it.
[    0.000000] e820: last_pfn = 0xbfe00 max_arch_pfn = 0x400000000
[    0.000000] found SMP MP-table at [mem 0x000fa8b0-0x000fa8bf] mapped at [ffff8800000fa8b0]
[    0.000000] Base memory trampoline at [ffff880000097000] 97000 size 24576
[    0.000000] Using GB pages for direct mapping
[    0.000000] init_memory_mapping: [mem 0x00000000-0x000fffff]
[    0.000000]  [mem 0x00000000-0x000fffff] page 4k
[    0.000000] BRK [0x01e17000, 0x01e17fff] PGTABLE
[    0.000000] BRK [0x01e18000, 0x01e18fff] PGTABLE
[    0.000000] BRK [0x01e19000, 0x01e19fff] PGTABLE
[    0.000000] init_memory_mapping: [mem 0x41ee00000-0x41effffff]
[    0.000000]  [mem 0x41ee00000-0x41effffff] page 2M
[    0.000000] BRK [0x01e1a000, 0x01e1afff] PGTABLE
[    0.000000] init_memory_mapping: [mem 0x41c000000-0x41edfffff]
[    0.000000]  [mem 0x41c000000-0x41edfffff] page 2M
[    0.000000] init_memory_mapping: [mem 0x400000000-0x41bffffff]
[    0.000000]  [mem 0x400000000-0x41bffffff] page 2M
[    0.000000] init_memory_mapping: [mem 0x00100000-0xbed9afff]
[    0.000000]  [mem 0x00100000-0x001fffff] page 4k
[    0.000000]  [mem 0x00200000-0x3fffffff] page 2M
[    0.000000]  [mem 0x40000000-0x7fffffff] page 1G
[    0.000000]  [mem 0x80000000-0xbebfffff] page 2M
[    0.000000]  [mem 0xbec00000-0xbed9afff] page 4k
[    0.000000] init_memory_mapping: [mem 0xbf51b000-0xbfdfffff]
[    0.000000]  [mem 0xbf51b000-0xbf5fffff] page 4k
[    0.000000]  [mem 0xbf600000-0xbfdfffff] page 2M
[    0.000000] BRK [0x01e1b000, 0x01e1bfff] PGTABLE
[    0.000000] init_memory_mapping: [mem 0x100000000-0x3ffffffff]
[    0.000000]  [mem 0x100000000-0x3ffffffff] page 1G
[    0.000000] log_buf_len: 16777216 bytes
[    0.000000] early log buf free: 2092044(99%)
[    0.000000] RAMDISK: [mem 0x37828000-0x37c0bfff]
[    0.000000] ACPI: Early table checksum verification disabled
[    0.000000] ACPI: RSDP 0x00000000000F0110 000024 (v02 LENOVO)
[    0.000000] ACPI: XSDT 0x00000000BF51A120 000074 (v01 LENOVO CB-01    00000001 LENO 00000001)
[    0.000000] ACPI: FACP 0x00000000BF508000 0000F4 (v04 LENOVO CB-01    00000001 PTL  00000001)
[    0.000000] ACPI: DSDT 0x00000000BF50A000 00FD10 (v01 LENOVO CB-01    00001000 LENO 00000001)
[    0.000000] ACPI: FACS 0x00000000BF478000 000040
[    0.000000] ACPI: HPET 0x00000000BF507000 000038 (v01 LENOVO CB-01    00000001 PTL  00000001)
[    0.000000] ACPI: APIC 0x00000000BF506000 00007A (v02 LENOVO CB-01    00000001 PTL  00000001)
[    0.000000] ACPI: MCFG 0x00000000BF505000 00003C (v01 LENOVO CB-01    00000001 PTL  00000001)
[    0.000000] ACPI: SLIC 0x00000000BF504000 000176 (v01 LENOVO CB-01    00000001 LENO 00000001)
[    0.000000] ACPI: UEFI 0x00000000BF503000 00003E (v01 LENOVO CB-01    00000001 PTL  00000001)
[    0.000000] ACPI: UEFI 0x00000000BF502000 000042 (v01 PTL    COMBUF   00000001 PTL  00000001)
[    0.000000] ACPI: SSDT 0x00000000BF501000 000E34 (v01 AMD    POWERNOW 00000001 AMD  00000001)
[    0.000000] ACPI: SSDT 0x00000000BF4FF000 00193D (v02 AMD    ALIB     00000001 MSFT 04000000)
[    0.000000] ACPI: UEFI 0x00000000BF4FE000 00021A (v01 LENOVO CB-01    00000001 PTL  00000001)
[    0.000000] ACPI: Local APIC address 0xfee00000
[    0.000000] No NUMA configuration found
[    0.000000] Faking a node at [mem 0x0000000000000000-0x000000041effffff]
[    0.000000] Initmem setup node 0 [mem 0x00000000-0x41effffff]
[    0.000000]   NODE_DATA [mem 0x41dffa000-0x41dffdfff]
[    0.000000]  [ffffea0000000000-ffffea00107fffff] PMD -> [ffff88040de00000-ffff88041d5fffff] on node 0
[    0.000000] Zone ranges:
[    0.000000]   DMA      [mem 0x00001000-0x00ffffff]
[    0.000000]   DMA32    [mem 0x01000000-0xffffffff]
[    0.000000]   Normal   [mem 0x100000000-0x41effffff]
[    0.000000] Movable zone start for each node
[    0.000000] Early memory node ranges
[    0.000000]   node   0: [mem 0x00001000-0x0009cfff]
[    0.000000]   node   0: [mem 0x00100000-0xbed9afff]
[    0.000000]   node   0: [mem 0xbf51b000-0xbfdfffff]
[    0.000000]   node   0: [mem 0x100000000-0x41effffff]
[    0.000000] On node 0 totalpages: 4056604
[    0.000000]   DMA zone: 64 pages used for memmap
[    0.000000]   DMA zone: 21 pages reserved
[    0.000000]   DMA zone: 3996 pages, LIFO batch:0
[    0.000000]   DMA32 zone: 12186 pages used for memmap
[    0.000000]   DMA32 zone: 779904 pages, LIFO batch:31
[    0.000000]   Normal zone: 51136 pages used for memmap
[    0.000000]   Normal zone: 3272704 pages, LIFO batch:31
[    0.000000] ACPI: PM-Timer IO Port: 0x808
[    0.000000] ACPI: Local APIC address 0xfee00000
[    0.000000] ACPI: LAPIC (acpi_id[0x00] lapic_id[0x00] enabled)
[    0.000000] ACPI: LAPIC (acpi_id[0x01] lapic_id[0x01] enabled)
[    0.000000] ACPI: LAPIC (acpi_id[0x02] lapic_id[0x02] enabled)
[    0.000000] ACPI: LAPIC (acpi_id[0x03] lapic_id[0x03] enabled)
[    0.000000] ACPI: LAPIC_NMI (acpi_id[0x00] high edge lint[0x1])
[    0.000000] ACPI: LAPIC_NMI (acpi_id[0x01] high edge lint[0x1])
[    0.000000] ACPI: LAPIC_NMI (acpi_id[0x02] high edge lint[0x1])
[    0.000000] ACPI: LAPIC_NMI (acpi_id[0x03] high edge lint[0x1])
[    0.000000] ACPI: IOAPIC (id[0x02] address[0xfec00000] gsi_base[0])
[    0.000000] IOAPIC[0]: apic_id 2, version 33, address 0xfec00000, GSI 0-23
[    0.000000] ACPI: INT_SRC_OVR (bus 0 bus_irq 0 global_irq 2 dfl dfl)
[    0.000000] ACPI: IRQ0 used by override.
[    0.000000] ACPI: IRQ9 used by override.
[    0.000000] Using ACPI (MADT) for SMP configuration information
[    0.000000] ACPI: HPET id: 0x43538210 base: 0xfed00000
[    0.000000] smpboot: Allowing 4 CPUs, 0 hotplug CPUs
[    0.000000] e820: [mem 0xc0000000-0xfebfffff] available for PCI devices
[    0.000000] setup_percpu: NR_CPUS:64 nr_cpumask_bits:64 nr_cpu_ids:4 nr_node_ids:1
[    0.000000] PERCPU: Embedded 27 pages/cpu @ffff88041dc00000 s80256 r8192 d22144 u524288
[    0.000000] pcpu-alloc: s80256 r8192 d22144 u524288 alloc=1*2097152
[    0.000000] pcpu-alloc: [0] 0 1 2 3 
[    0.000000] Built 1 zonelists in Zone order, mobility grouping on.  Total pages: 3993197
[    0.000000] Policy zone: Normal
[    0.000000] Kernel command line: BOOT_IMAGE=/vmlinuz-linux-git root=UUID=bfa4ab6e-19a3-4601-ba2b-267c55841c73 rw cryptdevice=/dev/disk/by-uuid/70c08890-417a-497d-b6ab-c0d0357a63e2:cryptManjaro:allow-discards ipv6.disable=1 pnp.debug=1 loglevel=9 log_buf_len=10M printk.always_kmsg_dump=y printk.time=y mminit_loglevel=0 memory_corruption_check=1 acpi.debug_layer=0xfbff0000 acpi.debug_level=0xFFFFFFFD pnp.debug=1 nohz=on rcu_nocbs=1-3 pcie_aspm=force fbcon=scrollback:4096k fbcon=font:ProFont6x11 radeon.audio=0 radeon.lockup_timeout=0 radeon.test=0 radeon.agpmode=-1 radeon.benchmark=0 radeon.tv=0 radeon.hard_reset=1 radeon.aspm=1 radeon.dpm=1 radeon.msi=1 radeon.pcie_gen2=-1 radeon.no_wb=1 radeon.modeset=1 radeon.dynclks=1 radeon.r4xx_atom=0 radeon.runpm=0 radeonfb radeon.fastfb=1 nomodeset
[    0.000000] PCIe ASPM is forcibly enabled
[    0.000000] PID hash table entries: 4096 (order: 3, 32768 bytes)
[    0.000000] Memory: 15870892K/16226416K available (5248K kernel code, 721K rwdata, 2208K rodata, 848K init, 2588K bss, 355524K reserved)
[    0.000000] SLUB: HWalign=64, Order=0-3, MinObjects=0, CPUs=4, Nodes=1
[    0.000000] Hierarchical RCU implementation.
[    0.000000] 	RCU dyntick-idle grace-period acceleration is enabled.
[    0.000000] 	Additional per-CPU info printed with stalls.
[    0.000000] 	RCU restricting CPUs from NR_CPUS=64 to nr_cpu_ids=4.
[    0.000000] 	Offload RCU callbacks from all CPUs
[    0.000000] 	Offload RCU callbacks from CPUs: 0-3.
[    0.000000] RCU: Adjusting geometry for rcu_fanout_leaf=16, nr_cpu_ids=4
[    0.000000] NR_IRQS:4352 nr_irqs:456 0
[    0.000000] spurious 8259A interrupt: IRQ7.
[    0.000000] vgacon: allocated 4194304 bytes of memory for scrollback. CONFIG_VGACON_SOFT_SCROLLBACK_SIZE=4096
[    0.000000] Console: colour VGA+ 80x25
[    0.000000] console [tty0] enabled
[    0.000000] allocated 65011712 bytes of page_cgroup
[    0.000000] please try 'cgroup_disable=memory' option if you don't want memory cgroups
[    0.000000] hpet clockevent registered
[    0.000000] tsc: Fast TSC calibration using PIT
[    0.000000] tsc: Detected 1397.511 MHz processor
[    0.000041] Calibrating delay loop (skipped), value calculated using timer frequency.. 2796.48 BogoMIPS (lpj=4658370)
[    0.000167] pid_max: default: 32768 minimum: 301
[    0.000235] ACPI: Core revision 20140724
[    0.016429] ACPI: All ACPI Tables successfully acquired
[    0.018071] Security Framework initialized
[    0.019286] Dentry cache hash table entries: 2097152 (order: 12, 16777216 bytes)
[    0.025640] Inode-cache hash table entries: 1048576 (order: 11, 8388608 bytes)
[    0.028523] Mount-cache hash table entries: 32768 (order: 6, 262144 bytes)
[    0.028652] Mountpoint-cache hash table entries: 32768 (order: 6, 262144 bytes)
[    0.029209] Initializing cgroup subsys memory
[    0.029323] Initializing cgroup subsys devices
[    0.029387] Initializing cgroup subsys freezer
[    0.029450] Initializing cgroup subsys net_cls
[    0.029513] Initializing cgroup subsys blkio
[    0.029596] CPU: Physical Processor ID: 0
[    0.029657] CPU: Processor Core ID: 0
[    0.029719] mce: CPU supports 6 MCE banks
[    0.029787] Last level iTLB entries: 4KB 512, 2MB 16, 4MB 8
Last level dTLB entries: 4KB 1024, 2MB 128, 4MB 64, 1GB 0
[    0.030109] Freeing SMP alternatives memory: 20K (ffffffff81b8a000 - ffffffff81b8f000)
[    0.030818] ..TIMER: vector=0x30 apic1=0 pin1=2 apic2=-1 pin2=-1
[    0.063899] smpboot: CPU0: AMD A6-3400M APU with Radeon(tm) HD Graphics (fam: 12, model: 01, stepping: 00)
[    0.170019] Performance Events: AMD PMU driver.
[    0.170123] ... version:                0
[    0.170187] ... bit width:              48
[    0.170250] ... generic registers:      4
[    0.170313] ... value mask:             0000ffffffffffff
[    0.170376] ... max period:             00007fffffffffff
[    0.170438] ... fixed-purpose events:   0
[    0.170500] ... event mask:             000000000000000f
[    0.170938] MCE: In-kernel MCE decoding enabled.
[    0.171105] trying cpu_up:
[    0.171171] NMI watchdog: enabled on all CPUs, permanently consumes one hw-PMU counter.
[    0.171423] smpboot: ++++++++++++++++++++=_---CPU UP  1
[    0.171534] x86: Booting SMP configuration:
[    0.171596] .... node  #0, CPUs:      #1
[    0.171700] smpboot: Setting warm reset code and vector.
[    0.171821] smpboot: 1.
[    0.171881] smpboot: 2.
[    0.171941] smpboot: 3.
[    0.172002] smpboot: Asserting INIT
[    0.172063] smpboot: Waiting for INIT send to finish...
[    0.611551] smpboot: status for above ^ is: 0
[    0.611616] smpboot: Deasserting INIT
[    0.611679] smpboot: Waiting for above send to finish...
[    0.611744] smpboot: #startup loops: 2
[    0.611807] smpboot: Sending STARTUP #1
[    0.611871] smpboot: After apic_write
[    0.612234] smpboot: Startup point 1
[    0.612297] smpboot: Waiting for send to finish...
[    0.612562] smpboot: Sending STARTUP #2
[    0.612672] smpboot: After apic_write
[    0.613035] smpboot: Startup point 1
[    0.613145] smpboot: Waiting for send to finish...
[    0.613409] smpboot: After Startup
[    0.613519] smpboot: Before Callout 1
[    0.613582] smpboot: After Callout 1
[    0.613646] smpboot: start waiting 5sec for response
[    5.678505] smpboot: done waiting 5sec for response
[    5.678651] smpboot: cpumask_test_cpu result: 0
[    5.678712] smpboot: cpu_callin_mask: 0000000000000001
[    5.678806] smpboot: cpu_callout_mask: 0000000000000003
[    5.678867] smpboot: CPU1: Not responding
[    5.678990] smpboot: do_boot_cpu failed(1) to wakeup CPU#1
[    5.679064] doing it one more time: cpu_up !!!!!!!!!!!!
[    5.679109] smpboot: ++++++++++++++++++++=_---CPU UP  1
[    5.679233] x86: Booting SMP configuration:
[    5.679297]     #1
[    5.679369] smpboot: Setting warm reset code and vector.
[    5.679490] smpboot: 1.
[    5.679551] smpboot: 2.
[    5.679611] smpboot: 3.
[    5.679672] smpboot: Asserting INIT
[    5.679734] smpboot: Waiting for INIT send to finish...
[    5.689804] smpboot: status for above ^ is: 0
[    5.689913] smpboot: Deasserting INIT
[    5.689977] smpboot: Waiting for above send to finish...
[    5.690041] smpboot: #startup loops: 2
[    5.690105] smpboot: Sending STARTUP #1
[    5.690168] smpboot: After apic_write
[    5.690531] smpboot: Startup point 1
[    5.690640] smpboot: Waiting for send to finish...
[    5.690905] smpboot: Sending STARTUP #2
[    5.690968] smpboot: After apic_write
[    5.691331] smpboot: Startup point 1
[    5.691439] smpboot: Waiting for send to finish...
[    5.691704] smpboot: After Startup
[    5.691813] smpboot: Before Callout 1
[    5.691878] smpboot: After Callout 1
[    5.691939] smpboot: start waiting 5sec for response
[   10.709448] smpboot: done waiting 5sec for response
[   10.709588] smpboot: cpumask_test_cpu result: 0
[   10.709649] smpboot: cpu_callin_mask: 0000000000000001
[   10.709746] smpboot: cpu_callout_mask: 0000000000000003
[   10.709810] smpboot: CPU1: Not responding
[   10.709935] smpboot: do_boot_cpu failed(1) to wakeup CPU#1
[   10.710003] after cpu_up !!!!!!!!!!!!
[   10.710042] trying cpu_up:
[   10.710225] smpboot: ++++++++++++++++++++=_---CPU UP  2
[   10.710404]  #2
[   10.710439] smpboot: Setting warm reset code and vector.
[   10.710562] smpboot: 1.
[   10.710623] smpboot: 2.
[   10.710684] smpboot: 3.
[   10.710745] smpboot: Asserting INIT
[   10.710807] smpboot: Waiting for INIT send to finish...
[   10.720875] smpboot: status for above ^ is: 0
[   10.720985] smpboot: Deasserting INIT
[   10.721048] smpboot: Waiting for above send to finish...
[   10.721109] smpboot: #startup loops: 2
[   10.721170] smpboot: Sending STARTUP #1
[   10.721231] smpboot: After apic_write
[   10.591386] smpboot: CPU#2 (phys ID: 2) waiting for CALLOUT
[   10.591388] smpboot: Waiting max 15 sec for callout
[   10.721593] smpboot: Startup point 1
[   10.721786] smpboot: Waiting for send to finish...
[   10.722047] smpboot: Sending STARTUP #2
[   10.722157] smpboot: After apic_write
[   10.722520] smpboot: Startup point 1
[   10.722597] smpboot: Waiting for send to finish...
[   10.722860] smpboot: After Startup
[   10.722971] smpboot: Before Callout 2
[   10.723034] smpboot: After Callout 2
[   10.592988] smpboot: done waiting max 15 sec for callout
[   10.593025] smpboot: Stack at about ffff88040780bf3c
[   10.723226] smpboot: start waiting 5sec for response
[   10.723266] smpboot: done waiting 5sec for response
[   10.723363] smpboot: cpumask_test_cpu result: -1
[   10.723424] smpboot: cpu_callin_mask: 0000000000000005
[   10.723518] smpboot: cpu_callout_mask: 0000000000000005
[   10.723580] smpboot: CPU2: has booted.
[   10.723704] smpboot: ------------- before WARN_ON:
[   10.723768] smpboot: ------------- after WARN_ON
[   10.725838] TSC synchronization [CPU#0 -> CPU#2]:
[   10.725947] Measured 181674274 cycles TSC warp between CPUs, turning off TSC clock.
[   10.726090] tsc: Marking TSC unstable due to check_tsc_sync_source failed
[   10.726214] after cpu_up !!!!!!!!!!!!
[   10.726299] trying cpu_up:
[   10.726488] smpboot: ++++++++++++++++++++=_---CPU UP  3
[   10.726614]  #3
[   10.726649] smpboot: Setting warm reset code and vector.
[   10.726770] smpboot: 1.
[   10.726831] smpboot: 2.
[   10.726892] smpboot: 3.
[   10.726953] smpboot: Asserting INIT
[   10.727016] smpboot: Waiting for INIT send to finish...
[   10.737085] smpboot: status for above ^ is: 0
[   10.737192] smpboot: Deasserting INIT
[   10.737253] smpboot: Waiting for above send to finish...
[   10.737316] smpboot: #startup loops: 2
[   10.737380] smpboot: Sending STARTUP #1
[   10.737443] smpboot: After apic_write
[   10.573430] smpboot: CPU#3 (phys ID: 3) waiting for CALLOUT
[   10.573432] smpboot: Waiting max 15 sec for callout
[   10.737806] smpboot: Startup point 1
[   10.738044] smpboot: Waiting for send to finish...
[   10.738309] smpboot: Sending STARTUP #2
[   10.738417] smpboot: After apic_write
[   10.738778] smpboot: Startup point 1
[   10.738887] smpboot: Waiting for send to finish...
[   10.739151] smpboot: After Startup
[   10.739261] smpboot: Before Callout 3
[   10.739324] smpboot: After Callout 3
[   10.575105] smpboot: done waiting max 15 sec for callout
[   10.575140] smpboot: Stack at about ffff88040780ff3c
[   10.739519] smpboot: start waiting 5sec for response
[   10.739558] smpboot: done waiting 5sec for response
[   10.739652] smpboot: cpumask_test_cpu result: -1
[   10.739713] smpboot: cpu_callin_mask: 000000000000000d
[   10.739810] smpboot: cpu_callout_mask: 000000000000000d
[   10.739873] smpboot: CPU3: has booted.
[   10.741095] smpboot: ------------- before WARN_ON:
[   10.741159] smpboot: ------------- after WARN_ON
[   10.741254] after cpu_up !!!!!!!!!!!!
[   10.741293] x86: Booted up 1 node, 3 CPUs
[   10.741415] smpboot: Boot done
[   10.741478] smpboot: Before bogomips
[   10.741542] smpboot: Total of 3 processors activated (8388.44 BogoMIPS)
[   10.741608] smpboot: Before bogocount - setting activated=1
[   10.163442] devtmpfs: initialized
[   10.163474] device: 'platform': device_add
[   10.163558] bus: 'platform': registered
[   10.163632] bus: 'cpu': registered
[   10.163695] device: 'cpu': device_add
[   10.163785] bus: 'container': registered
[   10.163850] device: 'container': device_add
[   10.166996] bus: 'workqueue': registered
[   10.167069] device: 'workqueue': device_add
[   10.166985] kworker/u8:0 (39) used greatest stack depth: 14848 bytes left
[   10.167369] atomic64_test: passed for x86-64 platform with CX8 and with SSE
[   10.167486] device class 'regulator': registering
[   10.167601] Registering platform device 'reg-dummy'. Parent at platform
[   10.167714] device: 'reg-dummy': device_add
[   10.167780] bus: 'platform': add device reg-dummy
[   10.167869] bus: 'platform': add driver reg-dummy
[   10.167937] bus: 'platform': driver_probe_device: matched device reg-dummy with driver reg-dummy
[   10.168028] bus: 'platform': really_probe: probing driver reg-dummy with device reg-dummy
[   10.168144] device: 'regulator.0': device_add
[   10.168224] regulator-dummy: no parameters
[   10.168298] driver: 'reg-dummy': driver_bound: bound to device 'reg-dummy'
[   10.168365] bus: 'platform': really_probe: bound device reg-dummy to driver reg-dummy
[   10.168365] NET: Registered protocol family 16
[   10.168365] device class 'bdi': registering
[   10.168365] bus: 'platform': add driver ramoops
[   10.168365] device class 'pci_bus': registering
[   10.170059] bus: 'pci': registered
[   10.170059] device class 'backlight': registering
[   10.170059] device class 'tty': registering
[   10.170059] device class 'vtconsole': registering
[   10.170059] device: 'vtcon0': device_add
[   10.170059] bus: 'node': registered
[   10.170059] device: 'node': device_add
[   10.170059] bus: 'i2c': registered
[   10.170059] bus: 'i2c': add driver dummy
[   10.170070] i2c-core: driver [dummy] registered
[   10.170070] kworker/u8:0 (54) used greatest stack depth: 14176 bytes left
[   10.170070] cpuidle: using governor ladder
[   10.170070] cpuidle: using governor menu
[   10.170070] ACPI FADT declares the system doesn't support PCIe ASPM, so disable it
[   10.170070] ACPI: bus type PCI registered
[   10.170070] acpiphp: ACPI Hot Plug PCI Controller Driver version: 0.5
[   10.170070] device class 'dmi': registering
[   10.170070] device: 'id': device_add
[   10.170070] PCI: MMCONFIG for domain 0000 [bus 00-3f] at [mem 0xf8000000-0xfbffffff] (base 0xf8000000)
[   10.170070] PCI: not using MMCONFIG
[   10.170070] PCI: Using configuration type 1 for base access
[   10.170070] PCI: Using configuration type 1 for extended access
[   10.170070] device: 'node0': device_add
[   10.170142] bus: 'node': add device node0
[   10.170231] device: 'cpu0': device_add
[   10.170293] bus: 'cpu': add device cpu0
[   10.170392] device: 'cpu1': device_add
[   10.170489] bus: 'cpu': add device cpu1
[   10.170587] device: 'cpu2': device_add
[   10.170701] bus: 'cpu': add device cpu2
[   10.173348] device: 'cpu3': device_add
[   10.173348] bus: 'cpu': add device cpu3
[   10.196721] device: 'writeback': device_add
[   10.196782] bus: 'workqueue': add device writeback
[   10.196902] device: 'default': device_add
[   10.197108] device class 'block': registering
[   10.197108] ACPI: Added _OSI(Module Device)
[   10.197108] ACPI: Added _OSI(Processor Device)
[   10.197108] ACPI: Added _OSI(3.0 _SCP Extensions)
[   10.197108] ACPI: Added _OSI(Processor Aggregator Device)
[   10.197868] 
**** Context Switch from TID 4294967295 to TID 133431296 ****

[   10.198079]     utils-0051 util_eval_error       : Evaluate [\_SB_.PCI0.LPC0.EC0_._GLK]: AE_NOT_FOUND
[   10.198533] Executing  Method       \_SB_.PCI0.LPC0.EC0_._REG
[   10.199320] Executing  Method       \_SB_.PCI0.LPC0.EC0_._REG
[   10.199508] Executing  Method       \_SB_.PCI0.LPC0.EC0_._REG
[   10.199706] Executing  Method       \_SB_.PCI0.LPC0.EC0_._REG
[   10.203347] Initializing Region       \_SB_.OSTY
[   10.203347] Initializing Region       \_SB_.PCI0.NBMS
[   10.203347] Initializing Region       \_SB_.PCI0.NBXP
[   10.203347] Initializing Region       \_SB_.PCI0.K8ST
[   10.203486] Initializing Region       \_SB_.PCI0.BAR1
[   10.203669] Initializing Region       \_SB_.PCI0.PB2_.XPEX
[   10.203817] Initializing Region       \_SB_.PCI0.PB2_.PCFG
[   10.203965] Initializing Region       \_SB_.PCI0.PB2_.XPCB
[   10.204115] Initializing Region       \_SB_.PCI0.PB2_.XPRI
[   10.204267] Initializing Region       \_SB_.PCI0.PB2_.VGA_.PCFG
[   10.204445] Initializing Region       \_SB_.PCI0.PB2_.HDAU.PCFG
[   10.204637] Initializing Region       \_SB_.PCI0.PB3_.XPEX
[   10.204785] Initializing Region       \_SB_.PCI0.PB3_.PCFG
[   10.204934] Initializing Region       \_SB_.PCI0.PB3_.XPCB
[   10.205083] Initializing Region       \_SB_.PCI0.PB3_.XPRI
[   10.205237] Initializing Region       \_SB_.PCI0.PB3_.VGA_.PCFG
[   10.205459] Initializing Region       \_SB_.PCI0.PB3_.HDAU.PCFG
[   10.205610] Initializing Region       \_SB_.PCI0.PB4_.XPEX
[   10.205755] Initializing Region       \_SB_.PCI0.PB4_.PCFG
[   10.205904] Initializing Region       \_SB_.PCI0.PB4_.XPCB
[   10.206054] Initializing Region       \_SB_.PCI0.PB4_.XPRI
[   10.206207] Initializing Region       \_SB_.PCI0.PB4_.XPDV.PCFG
[   10.206371] Initializing Region       \_SB_.PCI0.PB5_.XPEX
[   10.206520] Initializing Region       \_SB_.PCI0.PB5_.PCFG
[   10.206684] Initializing Region       \_SB_.PCI0.PB5_.XPCB
[   10.206827] Initializing Region       \_SB_.PCI0.PB5_.XPRI
[   10.206976] Initializing Region       \_SB_.PCI0.PB5_.XPDV.PCFG
[   10.207140] Initializing Region       \_SB_.PCI0.PB6_.XPEX
[   10.207289] Initializing Region       \_SB_.PCI0.PB6_.PCFG
[   10.207438] Initializing Region       \_SB_.PCI0.PB6_.XPCB
[   10.207588] Initializing Region       \_SB_.PCI0.PB6_.XPRI
[   10.207741] Initializing Region       \_SB_.PCI0.PB6_.XPDV.PCFG
[   10.207904] Initializing Region       \_SB_.PCI0.PB7_.XPEX
[   10.208046] Initializing Region       \_SB_.PCI0.PB7_.PCFG
[   10.208192] Initializing Region       \_SB_.PCI0.PB7_.XPCB
[   10.208342] Initializing Region       \_SB_.PCI0.PB7_.XPRI
[   10.208495] Initializing Region       \_SB_.PCI0.PB7_.XPDV.PCFG
[   10.208933] Initializing Region       \_SB_.PCI0.SATC
[   10.209128] Initializing Region       \_SB_.PCI0.RMEM
[   10.209293] Initializing Region       \_SB_.PCI0.SATA.SATX
[   10.209443] Initializing Region       \_SB_.PCI0.SATA.BAR5
[   10.233556] Initializing Region       \_SB_.PCI0.SMB_.SBRV
[   10.233765] Initializing Region       \_SB_.PCI0.SMB_.PMIO
[   10.233914] Initializing Region       \_SB_.PCI0.SMB_.ERMM
[   10.234138] Initializing Region       \_SB_.PCI0.SMB_.P1E0
[   10.234314] Initializing Region       \_SB_.PCI0.SMB_.ABIO
[   10.234463] Initializing Region       \_SB_.PCI0.SMB_.SMB0
[   10.234614] Initializing Region       \_SB_.PCI0.LPC0.PIRQ
[   10.234815] Initializing Region       \_SB_.PCI0.LPC0.LPCR
[   10.235060] Initializing Region       \_SB_.PCI0.LPC0.LPCS
[   10.235256] Initializing Region       \_SB_.PCI0.LPC0.SMI0
[   10.235396] Initializing Region       \_SB_.PCI0.LPC0.SMI1
[   10.235551] Initializing Region       \_SB_.PCI0.LPC0.EC0_.ECO1
[   10.235698] Initializing Region       \_SB_.PCI0.LPC0.EC0_.ECO2
[   10.235845] Initializing Region       \_SB_.PCI0.LPC0.EC0_.ECMB
[   10.235991] Initializing Region       \_SB_.PCI0.LPC0.EC0_.RAM_
[   10.236247] Initializing Region       \_SB_.PCI0.LPC0.EC0_.CMOS
[   10.236421] Initializing Region       \_SB_.PCI0.LPC0.EC0_.VPC0.ERAM
[   10.236837] Initializing Region       \_SB_.PCI0.SPB0.PCFG
[   10.237031] Initializing Region       \_SB_.PCI0.SPB0.XPCB
[   10.237182] Initializing Region       \_SB_.PCI0.SPB0.XPDV.PCFG
[   10.237343] Initializing Region       \_SB_.PCI0.SPB1.PCFG
[   10.237490] Initializing Region       \_SB_.PCI0.SPB1.XPCB
[   10.237640] Initializing Region       \_SB_.PCI0.SPB1.XPDV.PCFG
[   10.237800] Initializing Region       \_SB_.PCI0.SPB2.PCFG
[   10.237940] Initializing Region       \_SB_.PCI0.SPB2.XPCB
[   10.238089] Initializing Region       \_SB_.PCI0.SPB2.XPDV.PCFG
[   10.238248] Initializing Region       \_SB_.PCI0.SPB3.PCFG
[   10.238395] Initializing Region       \_SB_.PCI0.SPB3.XPCB
[   10.238546] Initializing Region       \_SB_.PCI0.SPB3.XPDV.PCFG
[   10.238855] Initializing Region       \_SB_.PCI0.VGA_.REVD
[   10.239169] Initializing BufferField  \_SB_.AMW0.WLID
[   10.239788] Initializing Region       \DEB2
[   10.239982] Initializing Region       \PMIO
[   10.240112] Initializing Region       \P01_
[   10.240269] Initializing Region       \CNVS
[   10.240414] Initializing Region       \SPRT
[   10.240576] Initializing Region       \CMIO
[   10.240860] Executing  Method       \_SB_._STA
[   10.241078] Executing  Method       \_SB_._INI
[   10.241248] Executing  Method       \_SB_.PCI0._STA
[   10.241418] Executing  Method       \_SB_.PCI0._INI
[   10.241793] [Firmware Bug]: ACPI: BIOS _OSI(Linux) query ignored
[   10.242307] Executing  Method       \_SB_.PCI0.SATA._STA
[   10.242525] Executing  Method       \_SB_.PCI0.SATA._INI
[   10.243655] Executing  Method       \_SB_.PCI0.LPC0.EC0_._REG
[   10.270117] ACPI: Interpreter enabled
[   10.270247] ACPI: (supports S0 S5)
[   10.270247] ACPI: Using IOAPIC for interrupt routing
[   10.270360] PCI: MMCONFIG for domain 0000 [bus 00-3f] at [mem 0xf8000000-0xfbffffff] (base 0xf8000000)
[   10.272230] PCI: MMCONFIG at [mem 0xf8000000-0xfbffffff] reserved in ACPI motherboard resources
[   10.273336] bus: 'acpi': registered
[   10.273336] PCI: Using host bridge windows from ACPI; if necessary, use "pci=nocrs" and report a bug
[   10.273336]      scan-1141 get_device_data       : No context for object [ffffffffffffffff]
[   10.273336]     utils-0051 util_eval_error       : Evaluate [\._STA]: AE_NOT_FOUND
[   10.273336] device: 'LNXSYSTM:00': device_add
[   10.273336] bus: 'acpi': add device LNXSYSTM:00
[   10.273361]     utils-0051 util_eval_error       : Evaluate [\._SUN]: AE_NOT_FOUND
[   10.273560]      scan-1933 add_single_object     : Added LNXSYSTM:00 [\] parent (null)
[   10.273781]      scan-1141 get_device_data       : No context for object [ffff88040d81d000]
[   10.273991]      scan-1141 get_device_data       : No context for object [ffff88040d8377d0]
[   10.274173]      scan-1141 get_device_data       : No context for object [ffff88040d8377f8]
[   10.274383]      scan-1141 get_device_data       : No context for object [ffff88040d837820]
[   10.274592]      scan-1141 get_device_data       : No context for object [ffff88040d837848]
[   10.274801]      scan-1141 get_device_data       : No context for object [ffff88040d837870]
[   10.275011]      scan-1141 get_device_data       : No context for object [ffff88040d837898]
[   10.275175]      scan-1141 get_device_data       : No context for object [ffff88040d8378c0]
[   10.275353]      scan-1141 get_device_data       : No context for object [ffff88040d8378e8]
[   10.275551]      scan-1141 get_device_data       : No context for object [ffff88040d839398]
[   10.275750]      scan-1141 get_device_data       : No context for object [ffff88040d81d028]
[   10.275947]      scan-1141 get_device_data       : No context for object [ffff88040d81d168]
[   10.276126]     utils-0051 util_eval_error       : Evaluate [\_PR_.C000._STA]: AE_NOT_FOUND
[   10.276325]      scan-1141 get_device_data       : No context for object [ffff88040d81d028]
[   10.276527] device: 'LNXCPU:00': device_add
[   10.276586] bus: 'acpi': add device LNXCPU:00
[   10.276684]     utils-0051 util_eval_error       : Evaluate [\_PR_.C000._SUN]: AE_NOT_FOUND
[   10.276893]      scan-1933 add_single_object     : Added LNXCPU:00 [\_PR_.C000] parent LNXSYSTM:00
[   10.277095]      scan-1141 get_device_data       : No context for object [ffff88040d83c398]
[   10.277277]      scan-1141 get_device_data       : No context for object [ffff88040d83c3c0]
[   10.277474]      scan-1141 get_device_data       : No context for object [ffff88040d83c3e8]
[   10.277671]      scan-1141 get_device_data       : No context for object [ffff88040d83c410]
[   10.277864]      scan-1141 get_device_data       : No context for object [ffff88040d83c438]
[   10.278063]      scan-1141 get_device_data       : No context for object [ffff88040d83c460]
[   10.278214]      scan-1141 get_device_data       : No context for object [ffff88040d81d190]
[   10.278393]     utils-0051 util_eval_error       : Evaluate [\_PR_.C001._STA]: AE_NOT_FOUND
[   10.278591]      scan-1141 get_device_data       : No context for object [ffff88040d81d028]
[   10.278798] device: 'LNXCPU:01': device_add
[   10.278863] bus: 'acpi': add device LNXCPU:01
[   10.278932]     utils-0051 util_eval_error       : Evaluate [\_PR_.C001._SUN]: AE_NOT_FOUND
[   10.280034]      scan-1933 add_single_object     : Added LNXCPU:01 [\_PR_.C001] parent LNXSYSTM:00
[   10.280034]      scan-1141 get_device_data       : No context for object [ffff88040d83c488]
[   10.280034]      scan-1141 get_device_data       : No context for object [ffff88040d83c4b0]
[   10.280034]      scan-1141 get_device_data       : No context for object [ffff88040d83c4d8]
[   10.280034]      scan-1141 get_device_data       : No context for object [ffff88040d83c500]
[   10.280130]      scan-1141 get_device_data       : No context for object [ffff88040d83c528]
[   10.280323]      scan-1141 get_device_data       : No context for object [ffff88040d83c550]
[   10.280521]      scan-1141 get_device_data       : No context for object [ffff88040d81d1b8]
[   10.280721]     utils-0051 util_eval_error       : Evaluate [\_PR_.C002._STA]: AE_NOT_FOUND
[   10.280916]      scan-1141 get_device_data       : No context for object [ffff88040d81d028]
[   10.281121] device: 'LNXCPU:02': device_add
[   10.281183] bus: 'acpi': add device LNXCPU:02
[   10.281255]     utils-0051 util_eval_error       : Evaluate [\_PR_.C002._SUN]: AE_NOT_FOUND
[   10.283337]      scan-1933 add_single_object     : Added LNXCPU:02 [\_PR_.C002] parent LNXSYSTM:00
[   10.283337]      scan-1141 get_device_data       : No context for object [ffff88040d83c578]
[   10.283337]      scan-1141 get_device_data       : No context for object [ffff88040d83c5a0]
[   10.283337]      scan-1141 get_device_data       : No context for object [ffff88040d83c5c8]
[   10.283337]      scan-1141 get_device_data       : No context for object [ffff88040d83c5f0]
[   10.283337]      scan-1141 get_device_data       : No context for object [ffff88040d83c618]
[   10.283337]      scan-1141 get_device_data       : No context for object [ffff88040d83c640]
[   10.283337]      scan-1141 get_device_data       : No context for object [ffff88040d81d1e0]
[   10.283337]     utils-0051 util_eval_error       : Evaluate [\_PR_.C003._STA]: AE_NOT_FOUND
[   10.283337]      scan-1141 get_device_data       : No context for object [ffff88040d81d028]
[   10.283344] device: 'LNXCPU:03': device_add
[   10.283405] bus: 'acpi': add device LNXCPU:03
[   10.283481]     utils-0051 util_eval_error       : Evaluate [\_PR_.C003._SUN]: AE_NOT_FOUND
[   10.283685]      scan-1933 add_single_object     : Added LNXCPU:03 [\_PR_.C003] parent LNXSYSTM:00
[   10.283883]      scan-1141 get_device_data       : No context for object [ffff88040d83c668]
[   10.284076]      scan-1141 get_device_data       : No context for object [ffff88040d83c690]
[   10.284225]      scan-1141 get_device_data       : No context for object [ffff88040d83c6b8]
[   10.284402]      scan-1141 get_device_data       : No context for object [ffff88040d83c6e0]
[   10.284596]      scan-1141 get_device_data       : No context for object [ffff88040d83c708]
[   10.284792]      scan-1141 get_device_data       : No context for object [ffff88040d83c730]
[   10.284987]      scan-1141 get_device_data       : No context for object [ffff88040d81d050]
[   10.285164]     utils-0051 util_eval_error       : Evaluate [\_SB_._STA]: AE_NOT_FOUND
[   10.285418] device: 'LNXSYBUS:00': device_add
[   10.285526] bus: 'acpi': add device LNXSYBUS:00
[   10.285603]     utils-0051 util_eval_error       : Evaluate [\_SB_._SUN]: AE_NOT_FOUND
[   10.286685]      scan-1933 add_single_object     : Added LNXSYBUS:00 [\_SB_] parent LNXSYSTM:00
[   10.286685]      scan-1141 get_device_data       : No context for object [ffff88040d81d3c0]
[   10.286685]      scan-1141 get_device_data       : No context for object [ffff88040d81d3e8]
[   10.286685]      scan-1141 get_device_data       : No context for object [ffff88040d81d410]
[   10.286685]      scan-1141 get_device_data       : No context for object [ffff88040d81d438]
[   10.286798]      scan-1141 get_device_data       : No context for object [ffff88040d81d460]
[   10.286996]      scan-1141 get_device_data       : No context for object [ffff88040d81d488]
[   10.287173]      scan-1141 get_device_data       : No context for object [ffff88040d81d4b0]
[   10.287371]      scan-1141 get_device_data       : No context for object [ffff88040d81d5a0]
[   10.287569]     utils-0051 util_eval_error       : Evaluate [\_SB_.PWRB._STA]: AE_NOT_FOUND
[   10.287798] device: 'PNP0C0C:00': device_add
[   10.287861] bus: 'acpi': add device PNP0C0C:00
[   10.287935]     utils-0051 util_eval_error       : Evaluate [\_SB_.PWRB._SUN]: AE_NOT_FOUND
[   10.290004]      scan-1933 add_single_object     : Added PNP0C0C:00 [\_SB_.PWRB] parent LNXSYBUS:00
[   10.290004]      scan-1141 get_device_data       : No context for object [ffff88040d81d5c8]
[   10.290004]      scan-1141 get_device_data       : No context for object [ffff88040d81d5f0]
[   10.290004]     utils-0051 util_eval_error       : Evaluate [\_SB_.PCI0._STA]: AE_NOT_FOUND
[   10.290004] device: 'PNP0A08:00': device_add
[   10.290004] bus: 'acpi': add device PNP0A08:00
[   10.290004]     utils-0051 util_eval_error       : Evaluate [\_SB_.PCI0._SUN]: AE_NOT_FOUND
[   10.290042]      scan-1933 add_single_object     : Added PNP0A08:00 [\_SB_.PCI0] parent LNXSYBUS:00
[   10.290042]      scan-1141 get_device_data       : No context for object [ffff88040d81d618]
[   10.293336]      scan-1141 get_device_data       : No context for object [ffff88040d81d640]
[   10.293534]      scan-1141 get_device_data       : No context for object [ffff88040d81d668]
[   10.293711]      scan-1141 get_device_data       : No context for object [ffff88040d81d690]
[   10.293903]      scan-1141 get_device_data       : No context for object [ffff88040d81d6b8]
[   10.294101]      scan-1141 get_device_data       : No context for object [ffff88040d81d6e0]
[   10.294299]      scan-1141 get_device_data       : No context for object [ffff88040d81d708]
[   10.294496]      scan-1141 get_device_data       : No context for object [ffff88040d81d730]
[   10.294674]      scan-1141 get_device_data       : No context for object [ffff88040d81d758]
[   10.294872]      scan-1141 get_device_data       : No context for object [ffff88040d81d780]
[   10.295068]      scan-1141 get_device_data       : No context for object [ffff88040d81d7a8]
[   10.295264]      scan-1141 get_device_data       : No context for object [ffff88040d81d7d0]
[   10.295462]      scan-1141 get_device_data       : No context for object [ffff88040d81d7f8]
[   10.295660]      scan-1141 get_device_data       : No context for object [ffff88040d81d820]
[   10.295660]      scan-1141 get_device_data       : No context for object [ffff88040d81d848]
[   10.295660]      scan-1141 get_device_data       : No context for object [ffff88040d81d870]
[   10.295660]      scan-1141 get_device_data       : No context for object [ffff88040d81d898]
[   10.295660]      scan-1141 get_device_data       : No context for object [ffff88040d81d8c0]
[   10.295660]      scan-1141 get_device_data       : No context for object [ffff88040d81d8e8]
[   10.295660]      scan-1141 get_device_data       : No context for object [ffff88040d81d910]
[   10.295660]      scan-1141 get_device_data       : No context for object [ffff88040d81d938]
[   10.295660]      scan-1141 get_device_data       : No context for object [ffff88040d81d960]
[   10.295660]      scan-1141 get_device_data       : No context for object [ffff88040d81d988]
[   10.295660]      scan-1141 get_device_data       : No context for object [ffff88040d81d9b0]
[   10.295660]      scan-1141 get_device_data       : No context for object [ffff88040d81d9d8]
[   10.295660]      scan-1141 get_device_data       : No context for object [ffff88040d81da00]
[   10.295688]      scan-1141 get_device_data       : No context for object [ffff88040d81da28]
[   10.295886]      scan-1141 get_device_data       : No context for object [ffff88040d81da50]
[   10.296083]      scan-1141 get_device_data       : No context for object [ffff88040d81da78]
[   10.296229]      scan-1141 get_device_data       : No context for object [ffff88040d81daa0]
[   10.296405]      scan-1141 get_device_data       : No context for object [ffff88040d81dac8]
[   10.296603]      scan-1141 get_device_data       : No context for object [ffff88040d81daf0]
[   10.296797]      scan-1141 get_device_data       : No context for object [ffff88040d81db18]
[   10.296995]      scan-1141 get_device_data       : No context for object [ffff88040d81db40]
[   10.297172]      scan-1141 get_device_data       : No context for object [ffff88040d81db68]
[   10.297369]      scan-1141 get_device_data       : No context for object [ffff88040d81db90]
[   10.297563]      scan-1141 get_device_data       : No context for object [ffff88040d81dbb8]
[   10.297758]      scan-1141 get_device_data       : No context for object [ffff88040d81dbe0]
[   10.297952]      scan-1141 get_device_data       : No context for object [ffff88040d81dc08]
[   10.298146]      scan-1141 get_device_data       : No context for object [ffff88040d81dc30]
[   10.298341]      scan-1141 get_device_data       : No context for object [ffff88040d81dc58]
[   10.298535]      scan-1141 get_device_data       : No context for object [ffff88040d81dc80]
[   10.298726]      scan-1141 get_device_data       : No context for object [ffff88040d81dca8]
[   10.298920]      scan-1141 get_device_data       : No context for object [ffff88040d81dcd0]
[   10.299115]      scan-1141 get_device_data       : No context for object [ffff88040d81dcf8]
[   10.299312]      scan-1141 get_device_data       : No context for object [ffff88040d81dd20]
[   10.299507]      scan-1141 get_device_data       : No context for object [ffff88040d81dd48]
[   10.299701]      scan-1141 get_device_data       : No context for object [ffff88040d81dd70]
[   10.299894]      scan-1141 get_device_data       : No context for object [ffff88040d81dd98]
[   10.300002]      scan-1141 get_device_data       : No context for object [ffff88040d81ddc0]
[   10.300150]      scan-1141 get_device_data       : No context for object [ffff88040d81dde8]
[   10.300327]      scan-1141 get_device_data       : No context for object [ffff88040d81de10]
[   10.300521]      scan-1141 get_device_data       : No context for object [ffff88040d81de38]
[   10.300716]      scan-1141 get_device_data       : No context for object [ffff88040d81de60]
[   10.300910]      scan-1141 get_device_data       : No context for object [ffff88040d81de88]
[   10.301083]      scan-1141 get_device_data       : No context for object [ffff88040d81deb0]
[   10.301279]      scan-1141 get_device_data       : No context for object [ffff88040d81ded8]
[   10.301474]      scan-1141 get_device_data       : No context for object [ffff88040d81df00]
[   10.301668]      scan-1141 get_device_data       : No context for object [ffff88040d81df28]
[   10.301866]      scan-1141 get_device_data       : No context for object [ffff88040d81df50]
[   10.302058]      scan-1141 get_device_data       : No context for object [ffff88040d81df78]
[   10.302255]      scan-1141 get_device_data       : No context for object [ffff88040d81dfa0]
[   10.302452]      scan-1141 get_device_data       : No context for object [ffff88040d81dfc8]
[   10.302650]      scan-1141 get_device_data       : No context for object [ffff88040d822000]
[   10.302848]      scan-1141 get_device_data       : No context for object [ffff88040d822028]
[   10.303046]     utils-0051 util_eval_error       : Evaluate [\_SB_.PCI0.MEMR._STA]: AE_NOT_FOUND
[   10.303373] device: 'PNP0C02:00': device_add
[   10.303481] bus: 'acpi': add device PNP0C02:00
[   10.303548]     utils-0051 util_eval_error       : Evaluate [\_SB_.PCI0.MEMR._SUN]: AE_NOT_FOUND
[   10.303755]      scan-1933 add_single_object     : Added PNP0C02:00 [\_SB_.PCI0.MEMR] parent PNP0A08:00
[   10.303961]      scan-1141 get_device_data       : No context for object [ffff88040d822050]
[   10.304147]      scan-1141 get_device_data       : No context for object [ffff88040d822078]
[   10.304346]      scan-1141 get_device_data       : No context for object [ffff88040d8220a0]
[   10.304544]      scan-1141 get_device_data       : No context for object [ffff88040d8220c8]
[   10.304740]      scan-1141 get_device_data       : No context for object [ffff88040d8220f0]
[   10.304934]      scan-1141 get_device_data       : No context for object [ffff88040d822118]
[   10.305132]      scan-1141 get_device_data       : No context for object [ffff88040d822140]
[   10.305330]      scan-1141 get_device_data       : No context for object [ffff88040d822168]
[   10.305527]      scan-1141 get_device_data       : No context for object [ffff88040d822190]
[   10.305725]      scan-1141 get_device_data       : No context for object [ffff88040d8221b8]
[   10.305922]      scan-1141 get_device_data       : No context for object [ffff88040d8221e0]
[   10.306115]      scan-1141 get_device_data       : No context for object [ffff88040d822208]
[   10.306292]      scan-1141 get_device_data       : No context for object [ffff88040d822230]
[   10.306490]      scan-1141 get_device_data       : No context for object [ffff88040d822258]
[   10.306670]      scan-1141 get_device_data       : No context for object [ffff88040d822280]
[   10.306867]      scan-1141 get_device_data       : No context for object [ffff88040d8222a8]
[   10.307066]     utils-0051 util_eval_error       : Evaluate [\_SB_.PCI0.PB2_._STA]: AE_NOT_FOUND
[   10.307252] device: 'device:00': device_add
[   10.307314] bus: 'acpi': add device device:00
[   10.307391]     utils-0051 util_eval_error       : Evaluate [\_SB_.PCI0.PB2_._SUN]: AE_NOT_FOUND
[   10.310010]      scan-1933 add_single_object     : Added device:00 [\_SB_.PCI0.PB2_] parent PNP0A08:00
[   10.310010]      scan-1141 get_device_data       : No context for object [ffff88040d8222d0]
[   10.310010]      scan-1141 get_device_data       : No context for object [ffff88040d8222f8]
[   10.310010]      scan-1141 get_device_data       : No context for object [ffff88040d822320]
[   10.310010]      scan-1141 get_device_data       : No context for object [ffff88040d822348]
[   10.310010]      scan-1141 get_device_data       : No context for object [ffff88040d822370]
[   10.310010]      scan-1141 get_device_data       : No context for object [ffff88040d822398]
[   10.310010]      scan-1141 get_device_data       : No context for object [ffff88040d8223c0]
[   10.310156]      scan-1141 get_device_data       : No context for object [ffff88040d8223e8]
[   10.310354]      scan-1141 get_device_data       : No context for object [ffff88040d822410]
[   10.310552]      scan-1141 get_device_data       : No context for object [ffff88040d822438]
[   10.310749]      scan-1141 get_device_data       : No context for object [ffff88040d822460]
[   10.310946]      scan-1141 get_device_data       : No context for object [ffff88040d822488]
[   10.311142]      scan-1141 get_device_data       : No context for object [ffff88040d8224b0]
[   10.311339]      scan-1141 get_device_data       : No context for object [ffff88040d8224d8]
[   10.311536]      scan-1141 get_device_data       : No context for object [ffff88040d822500]
[   10.311734]      scan-1141 get_device_data       : No context for object [ffff88040d822528]
[   10.311932]      scan-1141 get_device_data       : No context for object [ffff88040d822550]
[   10.312129]      scan-1141 get_device_data       : No context for object [ffff88040d822578]
[   10.312324]      scan-1141 get_device_data       : No context for object [ffff88040d8225a0]
[   10.312521]      scan-1141 get_device_data       : No context for object [ffff88040d8225c8]
[   10.312719]      scan-1141 get_device_data       : No context for object [ffff88040d8225f0]
[   10.312916]      scan-1141 get_device_data       : No context for object [ffff88040d822618]
[   10.313113]      scan-1141 get_device_data       : No context for object [ffff88040d822640]
[   10.313298]      scan-1141 get_device_data       : No context for object [ffff88040d822668]
[   10.313494]      scan-1141 get_device_data       : No context for object [ffff88040d822690]
[   10.313691]      scan-1141 get_device_data       : No context for object [ffff88040d8226b8]
[   10.313889]      scan-1141 get_device_data       : No context for object [ffff88040d8226e0]
[   10.314087]      scan-1141 get_device_data       : No context for object [ffff88040d822708]
[   10.314239]      scan-1141 get_device_data       : No context for object [ffff88040d822730]
[   10.314416]      scan-1141 get_device_data       : No context for object [ffff88040d822758]
[   10.314609]      scan-1141 get_device_data       : No context for object [ffff88040d822780]
[   10.314804]     utils-0051 util_eval_error       : Evaluate [\_SB_.PCI0.PB2_.VGA_._STA]: AE_NOT_FOUND
[   10.315044] device: 'device:01': device_add
[   10.315152] bus: 'acpi': add device device:01
[   10.315224]     utils-0051 util_eval_error       : Evaluate [\_SB_.PCI0.PB2_.VGA_._SUN]: AE_NOT_FOUND
[   10.316679]      scan-1933 add_single_object     : Added device:01 [\_SB_.PCI0.PB2_.VGA_] parent device:00
[   10.316679]      scan-1141 get_device_data       : No context for object [ffff88040d8227a8]
[   10.316679]      scan-1141 get_device_data       : No context for object [ffff88040d8227d0]
[   10.316679]      scan-1141 get_device_data       : No context for object [ffff88040d8227f8]
[   10.316679]      scan-1141 get_device_data       : No context for object [ffff88040d822820]
[   10.316679]      scan-1141 get_device_data       : No context for object [ffff88040d822848]
[   10.316679]      scan-1141 get_device_data       : No context for object [ffff88040d822870]
[   10.316679]      scan-1141 get_device_data       : No context for object [ffff88040d822898]
[   10.316862]      scan-1141 get_device_data       : No context for object [ffff88040d8228c0]
[   10.317054]      scan-1141 get_device_data       : No context for object [ffff88040d8228e8]
[   10.317248]      scan-1141 get_device_data       : No context for object [ffff88040d822910]
[   10.317442]      scan-1141 get_device_data       : No context for object [ffff88040d822938]
[   10.317637]      scan-1141 get_device_data       : No context for object [ffff88040d822960]
[   10.317830]      scan-1141 get_device_data       : No context for object [ffff88040d822988]
[   10.318025]      scan-1141 get_device_data       : No context for object [ffff88040d8229b0]
[   10.318202]      scan-1141 get_device_data       : No context for object [ffff88040d8229d8]
[   10.318396]      scan-1141 get_device_data       : No context for object [ffff88040d822a00]
[   10.318594]      scan-1141 get_device_data       : No context for object [ffff88040d822a28]
[   10.318792]      scan-1141 get_device_data       : No context for object [ffff88040d822a50]
[   10.318990]      scan-1141 get_device_data       : No context for object [ffff88040d822a78]
[   10.319142]      scan-1141 get_device_data       : No context for object [ffff88040d822aa0]
[   10.319318]      scan-1141 get_device_data       : No context for object [ffff88040d822ac8]
[   10.319512]      scan-1141 get_device_data       : No context for object [ffff88040d822af0]
[   10.319710]      scan-1141 get_device_data       : No context for object [ffff88040d822b18]
[   10.319908]      scan-1141 get_device_data       : No context for object [ffff88040d822b40]
[   10.320178]      scan-1141 get_device_data       : No context for object [ffff88040d822b68]
[   10.320375]      scan-1141 get_device_data       : No context for object [ffff88040d822b90]
[   10.320574]      scan-1141 get_device_data       : No context for object [ffff88040d822bb8]
[   10.320769]      scan-1141 get_device_data       : No context for object [ffff88040d822be0]
[   10.320968]      scan-1141 get_device_data       : No context for object [ffff88040d822c08]
[   10.321158]      scan-1141 get_device_data       : No context for object [ffff88040d822c30]
[   10.321356]      scan-1141 get_device_data       : No context for object [ffff88040d822c58]
[   10.321553]      scan-1141 get_device_data       : No context for object [ffff88040d822c80]
[   10.321751]      scan-1141 get_device_data       : No context for object [ffff88040d822ca8]
[   10.321947]      scan-1141 get_device_data       : No context for object [ffff88040d822cd0]
[   10.322143]      scan-1141 get_device_data       : No context for object [ffff88040d822cf8]
[   10.322340]      scan-1141 get_device_data       : No context for object [ffff88040d822d20]
[   10.322537]      scan-1141 get_device_data       : No context for object [ffff88040d822d48]
[   10.322735]      scan-1141 get_device_data       : No context for object [ffff88040d822d70]
[   10.322933]      scan-1141 get_device_data       : No context for object [ffff88040d822d98]
[   10.323130]      scan-1141 get_device_data       : No context for object [ffff88040d837438]
[   10.323323]      scan-1141 get_device_data       : No context for object [ffff88040d822dc0]
[   10.323499]     utils-0051 util_eval_error       : Evaluate [\_SB_.PCI0.PB2_.HDAU._STA]: AE_NOT_FOUND
[   10.323733] device: 'device:02': device_add
[   10.323796] bus: 'acpi': add device device:02
[   10.323870]     utils-0051 util_eval_error       : Evaluate [\_SB_.PCI0.PB2_.HDAU._SUN]: AE_NOT_FOUND
[   10.326672]      scan-1933 add_single_object     : Added device:02 [\_SB_.PCI0.PB2_.HDAU] parent device:00
[   10.326672]      scan-1141 get_device_data       : No context for object [ffff88040d822de8]
[   10.326672]      scan-1141 get_device_data       : No context for object [ffff88040d822e10]
[   10.326672]      scan-1141 get_device_data       : No context for object [ffff88040d822e38]
[   10.326672]      scan-1141 get_device_data       : No context for object [ffff88040d822e60]
[   10.326672]      scan-1141 get_device_data       : No context for object [ffff88040d822e88]
[   10.326672]      scan-1141 get_device_data       : No context for object [ffff88040d822eb0]
[   10.326672]      scan-1141 get_device_data       : No context for object [ffff88040d822ed8]
[   10.326672]     utils-0051 util_eval_error       : Evaluate [\_SB_.PCI0.PB3_._STA]: AE_NOT_FOUND
[   10.326672] device: 'device:03': device_add
[   10.326672] bus: 'acpi': add device device:03
[   10.326672]     utils-0051 util_eval_error       : Evaluate [\_SB_.PCI0.PB3_._SUN]: AE_NOT_FOUND
[   10.326722]      scan-1933 add_single_object     : Added device:03 [\_SB_.PCI0.PB3_] parent PNP0A08:00
[   10.326722]      scan-1141 get_device_data       : No context for object [ffff88040d822f00]
[   10.330003]      scan-1141 get_device_data       : No context for object [ffff88040d822f28]
[   10.330200]      scan-1141 get_device_data       : No context for object [ffff88040d822f50]
[   10.330397]      scan-1141 get_device_data       : No context for object [ffff88040d822f78]
[   10.330571]      scan-1141 get_device_data       : No context for object [ffff88040d822fa0]
[   10.330769]      scan-1141 get_device_data       : No context for object [ffff88040d822fc8]
[   10.330967]      scan-1141 get_device_data       : No context for object [ffff88040d823000]
[   10.331164]      scan-1141 get_device_data       : No context for object [ffff88040d823028]
[   10.331362]      scan-1141 get_device_data       : No context for object [ffff88040d823050]
[   10.331540]      scan-1141 get_device_data       : No context for object [ffff88040d823078]
[   10.331735]      scan-1141 get_device_data       : No context for object [ffff88040d8230a0]
[   10.331932]      scan-1141 get_device_data       : No context for object [ffff88040d8230c8]
[   10.332130]      scan-1141 get_device_data       : No context for object [ffff88040d8230f0]
[   10.332329]      scan-1141 get_device_data       : No context for object [ffff88040d823118]
[   10.332329]      scan-1141 get_device_data       : No context for object [ffff88040d823140]
[   10.332329]      scan-1141 get_device_data       : No context for object [ffff88040d823168]
[   10.332329]      scan-1141 get_device_data       : No context for object [ffff88040d823190]
[   10.332329]      scan-1141 get_device_data       : No context for object [ffff88040d8231b8]
[   10.332329]      scan-1141 get_device_data       : No context for object [ffff88040d8231e0]
[   10.332329]      scan-1141 get_device_data       : No context for object [ffff88040d823208]
[   10.332329]      scan-1141 get_device_data       : No context for object [ffff88040d823230]
[   10.332329]      scan-1141 get_device_data       : No context for object [ffff88040d823258]
[   10.332329]      scan-1141 get_device_data       : No context for object [ffff88040d823280]
[   10.332329]      scan-1141 get_device_data       : No context for object [ffff88040d8232a8]
[   10.332329]      scan-1141 get_device_data       : No context for object [ffff88040d8232d0]
[   10.332329]      scan-1141 get_device_data       : No context for object [ffff88040d8232f8]
[   10.332472]      scan-1141 get_device_data       : No context for object [ffff88040d823320]
[   10.332667]      scan-1141 get_device_data       : No context for object [ffff88040d823348]
[   10.332862]      scan-1141 get_device_data       : No context for object [ffff88040d823370]
[   10.333053]      scan-1141 get_device_data       : No context for object [ffff88040d823398]
[   10.333202]      scan-1141 get_device_data       : No context for object [ffff88040d8233c0]
[   10.333337]     utils-0051 util_eval_error       : Evaluate [\_SB_.PCI0.PB3_.VGA_._STA]: AE_NOT_FOUND
[   10.333568]     video-0058 backlight_cap_match   : Found generic backlight support
[   10.333776] device: 'LNXVIDEO:00': device_add
[   10.333839] bus: 'acpi': add device LNXVIDEO:00
[   10.333920]     utils-0051 util_eval_error       : Evaluate [\_SB_.PCI0.PB3_.VGA_._SUN]: AE_NOT_FOUND
[   10.336680]      scan-1933 add_single_object     : Added LNXVIDEO:00 [\_SB_.PCI0.PB3_.VGA_] parent device:03
[   10.336680]      scan-1141 get_device_data       : No context for object [ffff88040d8233e8]
[   10.336680]      scan-1141 get_device_data       : No context for object [ffff88040d823410]
[   10.336680]      scan-1141 get_device_data       : No context for object [ffff88040d823438]
[   10.336680]      scan-1141 get_device_data       : No context for object [ffff88040d823460]
[   10.336680]      scan-1141 get_device_data       : No context for object [ffff88040d823488]
[   10.336680]      scan-1141 get_device_data       : No context for object [ffff88040d8234b0]
[   10.336680]      scan-1141 get_device_data       : No context for object [ffff88040d8234d8]
[   10.336680]      scan-1141 get_device_data       : No context for object [ffff88040d823500]
[   10.336680]      scan-1141 get_device_data       : No context for object [ffff88040d823528]
[   10.336680]      scan-1141 get_device_data       : No context for object [ffff88040d823550]
[   10.336680]      scan-1141 get_device_data       : No context for object [ffff88040d823578]
[   10.336680]      scan-1141 get_device_data       : No context for object [ffff88040d8235a0]
[   10.336680]      scan-1141 get_device_data       : No context for object [ffff88040d8235c8]
[   10.336865]      scan-1141 get_device_data       : No context for object [ffff88040d8235f0]
[   10.337062]      scan-1141 get_device_data       : No context for object [ffff88040d823618]
[   10.337214]      scan-1141 get_device_data       : No context for object [ffff88040d823640]
[   10.337390]      scan-1141 get_device_data       : No context for object [ffff88040d823668]
[   10.337588]      scan-1141 get_device_data       : No context for object [ffff88040d823690]
[   10.337785]      scan-1141 get_device_data       : No context for object [ffff88040d8236b8]
[   10.337979]      scan-1141 get_device_data       : No context for object [ffff88040d8236e0]
[   10.338156]      scan-1141 get_device_data       : No context for object [ffff88040d823708]
[   10.338354]      scan-1141 get_device_data       : No context for object [ffff88040d823730]
[   10.338552]      scan-1141 get_device_data       : No context for object [ffff88040d823758]
[   10.338750]      scan-1141 get_device_data       : No context for object [ffff88040d823780]
[   10.338947]      scan-1141 get_device_data       : No context for object [ffff88040d8237a8]
[   10.339125]      scan-1141 get_device_data       : No context for object [ffff88040d8237d0]
[   10.339320]      scan-1141 get_device_data       : No context for object [ffff88040d8237f8]
[   10.339518]      scan-1141 get_device_data       : No context for object [ffff88040d823820]
[   10.339715]      scan-1141 get_device_data       : No context for object [ffff88040d823848]
[   10.339913]      scan-1141 get_device_data       : No context for object [ffff88040d823870]
[   10.340130]      scan-1141 get_device_data       : No context for object [ffff88040d823898]
[   10.340328]      scan-1141 get_device_data       : No context for object [ffff88040d8238c0]
[   10.340522]      scan-1141 get_device_data       : No context for object [ffff88040d8238e8]
[   10.340720]      scan-1141 get_device_data       : No context for object [ffff88040d823910]
[   10.340918]      scan-1141 get_device_data       : No context for object [ffff88040d823938]
[   10.341115]      scan-1141 get_device_data       : No context for object [ffff88040d823960]
[   10.341313]      scan-1141 get_device_data       : No context for object [ffff88040d823988]
[   10.341509]      scan-1141 get_device_data       : No context for object [ffff88040d8239b0]
[   10.341702]      scan-1141 get_device_data       : No context for object [ffff88040d8239d8]
[   10.341899]      scan-1141 get_device_data       : No context for object [ffff88040d837460]
[   10.342098]      scan-1141 get_device_data       : No context for object [ffff88040d83ac08]
[   10.342278]      scan-1141 get_device_data       : No context for object [ffff88040d83ac30]
[   10.342475]      scan-1141 get_device_data       : No context for object [ffff88040d83ac58]
[   10.342675]     utils-0051 util_eval_error       : Evaluate [\_SB_.PCI0.PB3_.VGA_.CRT_._STA]: AE_NOT_FOUND
[   10.342907] device: 'device:04': device_add
[   10.342971] bus: 'acpi': add device device:04
[   10.343047]     utils-0051 util_eval_error       : Evaluate [\_SB_.PCI0.PB3_.VGA_.CRT_._SUN]: AE_NOT_FOUND
[   10.343345]      scan-1933 add_single_object     : Added device:04 [\_SB_.PCI0.PB3_.VGA_.CRT_] parent LNXVIDEO:00
[   10.343345]      scan-1141 get_device_data       : No context for object [ffff88040d83ac80]
[   10.343538]      scan-1141 get_device_data       : No context for object [ffff88040d83aca8]
[   10.343735]      scan-1141 get_device_data       : No context for object [ffff88040d83acd0]
[   10.343933]      scan-1141 get_device_data       : No context for object [ffff88040d83acf8]
[   10.344107]      scan-1141 get_device_data       : No context for object [ffff88040d83ad20]
[   10.344306]     utils-0051 util_eval_error       : Evaluate [\_SB_.PCI0.PB3_.VGA_.LCD_._STA]: AE_NOT_FOUND
[   10.344550] device: 'device:05': device_add
[   10.344660] bus: 'acpi': add device device:05
[   10.344736]     utils-0051 util_eval_error       : Evaluate [\_SB_.PCI0.PB3_.VGA_.LCD_._SUN]: AE_NOT_FOUND
[   10.346672]      scan-1933 add_single_object     : Added device:05 [\_SB_.PCI0.PB3_.VGA_.LCD_] parent LNXVIDEO:00
[   10.346672]      scan-1141 get_device_data       : No context for object [ffff88040d83ad48]
[   10.346672]      scan-1141 get_device_data       : No context for object [ffff88040d83ad70]
[   10.346672]      scan-1141 get_device_data       : No context for object [ffff88040d83ad98]
[   10.346798]      scan-1141 get_device_data       : No context for object [ffff88040d83adc0]
[   10.346996]      scan-1141 get_device_data       : No context for object [ffff88040d83ade8]
[   10.347173]      scan-1141 get_device_data       : No context for object [ffff88040d83ae10]
[   10.347371]      scan-1141 get_device_data       : No context for object [ffff88040d83ae38]
[   10.347570]      scan-1141 get_device_data       : No context for object [ffff88040d83ae60]
[   10.347763]     utils-0051 util_eval_error       : Evaluate [\_SB_.PCI0.PB3_.VGA_.TV0_._STA]: AE_NOT_FOUND
[   10.347995] device: 'device:06': device_add
[   10.348057] bus: 'acpi': add device device:06
[   10.348131]     utils-0051 util_eval_error       : Evaluate [\_SB_.PCI0.PB3_.VGA_.TV0_._SUN]: AE_NOT_FOUND
[   10.350013]      scan-1933 add_single_object     : Added device:06 [\_SB_.PCI0.PB3_.VGA_.TV0_] parent LNXVIDEO:00
[   10.350013]      scan-1141 get_device_data       : No context for object [ffff88040d83ae88]
[   10.350013]      scan-1141 get_device_data       : No context for object [ffff88040d83aeb0]
[   10.350013]      scan-1141 get_device_data       : No context for object [ffff88040d83aed8]
[   10.350013]      scan-1141 get_device_data       : No context for object [ffff88040d83af00]
[   10.350013]      scan-1141 get_device_data       : No context for object [ffff88040d83af28]
[   10.350013]     utils-0051 util_eval_error       : Evaluate [\_SB_.PCI0.PB3_.VGA_.HDMI._STA]: AE_NOT_FOUND
[   10.350013] device: 'device:07': device_add
[   10.350013] bus: 'acpi': add device device:07
[   10.350013]     utils-0051 util_eval_error       : Evaluate [\_SB_.PCI0.PB3_.VGA_.HDMI._SUN]: AE_NOT_FOUND
[   10.350058]      scan-1933 add_single_object     : Added device:07 [\_SB_.PCI0.PB3_.VGA_.HDMI] parent LNXVIDEO:00
[   10.350161]      scan-1141 get_device_data       : No context for object [ffff88040d83af50]
[   10.350338]      scan-1141 get_device_data       : No context for object [ffff88040d83af78]
[   10.350534]      scan-1141 get_device_data       : No context for object [ffff88040d83afa0]
[   10.350729]      scan-1141 get_device_data       : No context for object [ffff88040d83afc8]
[   10.350924]      scan-1141 get_device_data       : No context for object [ffff88040d823a00]
[   10.351103]     utils-0051 util_eval_error       : Evaluate [\_SB_.PCI0.PB3_.HDAU._STA]: AE_NOT_FOUND
[   10.351321] device: 'device:08': device_add
[   10.351382] bus: 'acpi': add device device:08
[   10.351455]     utils-0051 util_eval_error       : Evaluate [\_SB_.PCI0.PB3_.HDAU._SUN]: AE_NOT_FOUND
[   10.353339]      scan-1933 add_single_object     : Added device:08 [\_SB_.PCI0.PB3_.HDAU] parent device:03
[   10.353339]      scan-1141 get_device_data       : No context for object [ffff88040d823a28]
[   10.353339]      scan-1141 get_device_data       : No context for object [ffff88040d823a50]
[   10.353339]      scan-1141 get_device_data       : No context for object [ffff88040d823a78]
[   10.353339]      scan-1141 get_device_data       : No context for object [ffff88040d823aa0]
[   10.353339]      scan-1141 get_device_data       : No context for object [ffff88040d823ac8]
[   10.353339]      scan-1141 get_device_data       : No context for object [ffff88040d823af0]
[   10.353339]      scan-1141 get_device_data       : No context for object [ffff88040d823b18]
[   10.353339]     utils-0051 util_eval_error       : Evaluate [\_SB_.PCI0.PB4_._STA]: AE_NOT_FOUND
[   10.353435] device: 'device:09': device_add
[   10.353499] bus: 'acpi': add device device:09
[   10.353574]     utils-0051 util_eval_error       : Evaluate [\_SB_.PCI0.PB4_._SUN]: AE_NOT_FOUND
[   10.356672]      scan-1933 add_single_object     : Added device:09 [\_SB_.PCI0.PB4_] parent PNP0A08:00
[   10.356672]      scan-1141 get_device_data       : No context for object [ffff88040d823b40]
[   10.356672]      scan-1141 get_device_data       : No context for object [ffff88040d823b68]
[   10.356672]      scan-1141 get_device_data       : No context for object [ffff88040d823b90]
[   10.356672]      scan-1141 get_device_data       : No context for object [ffff88040d823bb8]
[   10.356672]      scan-1141 get_device_data       : No context for object [ffff88040d823be0]
[   10.356672]      scan-1141 get_device_data       : No context for object [ffff88040d823c08]
[   10.356672]      scan-1141 get_device_data       : No context for object [ffff88040d823c30]
[   10.356672]      scan-1141 get_device_data       : No context for object [ffff88040d823c58]
[   10.356672]      scan-1141 get_device_data       : No context for object [ffff88040d823c80]
[   10.356672]      scan-1141 get_device_data       : No context for object [ffff88040d823ca8]
[   10.356672]      scan-1141 get_device_data       : No context for object [ffff88040d823cd0]
[   10.356672]      scan-1141 get_device_data       : No context for object [ffff88040d823cf8]
[   10.356672]      scan-1141 get_device_data       : No context for object [ffff88040d823d20]
[   10.356672]      scan-1141 get_device_data       : No context for object [ffff88040d823d48]
[   10.356672]      scan-1141 get_device_data       : No context for object [ffff88040d823d70]
[   10.356867]      scan-1141 get_device_data       : No context for object [ffff88040d823d98]
[   10.357066]      scan-1141 get_device_data       : No context for object [ffff88040d823dc0]
[   10.357263]      scan-1141 get_device_data       : No context for object [ffff88040d823de8]
[   10.357461]      scan-1141 get_device_data       : No context for object [ffff88040d823e10]
[   10.357657]      scan-1141 get_device_data       : No context for object [ffff88040d823e38]
[   10.357855]      scan-1141 get_device_data       : No context for object [ffff88040d823e60]
[   10.358052]      scan-1141 get_device_data       : No context for object [ffff88040d823e88]
[   10.358230]      scan-1141 get_device_data       : No context for object [ffff88040d823eb0]
[   10.358427]      scan-1141 get_device_data       : No context for object [ffff88040d823ed8]
[   10.358624]      scan-1141 get_device_data       : No context for object [ffff88040d823f00]
[   10.358817]      scan-1141 get_device_data       : No context for object [ffff88040d823f28]
[   10.359015]      scan-1141 get_device_data       : No context for object [ffff88040d823f50]
[   10.359167]      scan-1141 get_device_data       : No context for object [ffff88040d823f78]
[   10.359344]      scan-1141 get_device_data       : No context for object [ffff88040d823fa0]
[   10.359541]      scan-1141 get_device_data       : No context for object [ffff88040d823fc8]
[   10.359738]      scan-1141 get_device_data       : No context for object [ffff88040d825000]
[   10.360002]     utils-0051 util_eval_error       : Evaluate [\_SB_.PCI0.PB4_.XPDV._STA]: AE_NOT_FOUND
[   10.360211] device: 'device:0a': device_add
[   10.360275] bus: 'acpi': add device device:0a
[   10.360351]     utils-0051 util_eval_error       : Evaluate [\_SB_.PCI0.PB4_.XPDV._SUN]: AE_NOT_FOUND
[   10.363346]      scan-1933 add_single_object     : Added device:0a [\_SB_.PCI0.PB4_.XPDV] parent device:09
[   10.363346]      scan-1141 get_device_data       : No context for object [ffff88040d825028]
[   10.363346]      scan-1141 get_device_data       : No context for object [ffff88040d825050]
[   10.363346]      scan-1141 get_device_data       : No context for object [ffff88040d825078]
[   10.363346]      scan-1141 get_device_data       : No context for object [ffff88040d8250a0]
[   10.363346]      scan-1141 get_device_data       : No context for object [ffff88040d8250c8]
[   10.363346]      scan-1141 get_device_data       : No context for object [ffff88040d837500]
[   10.363346]      scan-1141 get_device_data       : No context for object [ffff88040d8250f0]
[   10.363346]      scan-1141 get_device_data       : No context for object [ffff88040d825118]
[   10.363346]     utils-0051 util_eval_error       : Evaluate [\_SB_.PCI0.PB5_._STA]: AE_NOT_FOUND
[   10.363346] device: 'device:0b': device_add
[   10.363346] bus: 'acpi': add device device:0b
[   10.363346]     utils-0051 util_eval_error       : Evaluate [\_SB_.PCI0.PB5_._SUN]: AE_NOT_FOUND
[   10.363390]      scan-1933 add_single_object     : Added device:0b [\_SB_.PCI0.PB5_] parent PNP0A08:00
[   10.363390]      scan-1141 get_device_data       : No context for object [ffff88040d825140]
[   10.366669]      scan-1141 get_device_data       : No context for object [ffff88040d825168]
[   10.366862]      scan-1141 get_device_data       : No context for object [ffff88040d825190]
[   10.367059]      scan-1141 get_device_data       : No context for object [ffff88040d8251b8]
[   10.367251]      scan-1141 get_device_data       : No context for object [ffff88040d8251e0]
[   10.367445]      scan-1141 get_device_data       : No context for object [ffff88040d825208]
[   10.367641]      scan-1141 get_device_data       : No context for object [ffff88040d825230]
[   10.367837]      scan-1141 get_device_data       : No context for object [ffff88040d825258]
[   10.368031]      scan-1141 get_device_data       : No context for object [ffff88040d825280]
[   10.368227]      scan-1141 get_device_data       : No context for object [ffff88040d8252a8]
[   10.368422]      scan-1141 get_device_data       : No context for object [ffff88040d8252d0]
[   10.368614]      scan-1141 get_device_data       : No context for object [ffff88040d8252f8]
[   10.368810]      scan-1141 get_device_data       : No context for object [ffff88040d825320]
[   10.368810]      scan-1141 get_device_data       : No context for object [ffff88040d825348]
[   10.368810]      scan-1141 get_device_data       : No context for object [ffff88040d825370]
[   10.368810]      scan-1141 get_device_data       : No context for object [ffff88040d825398]
[   10.368810]      scan-1141 get_device_data       : No context for object [ffff88040d8253c0]
[   10.368810]      scan-1141 get_device_data       : No context for object [ffff88040d8253e8]
[   10.368810]      scan-1141 get_device_data       : No context for object [ffff88040d825410]
[   10.368810]      scan-1141 get_device_data       : No context for object [ffff88040d825438]
[   10.368810]      scan-1141 get_device_data       : No context for object [ffff88040d825460]
[   10.368810]      scan-1141 get_device_data       : No context for object [ffff88040d825488]
[   10.368810]      scan-1141 get_device_data       : No context for object [ffff88040d8254b0]
[   10.368810]      scan-1141 get_device_data       : No context for object [ffff88040d8254d8]
[   10.368810]      scan-1141 get_device_data       : No context for object [ffff88040d825500]
[   10.368930]      scan-1141 get_device_data       : No context for object [ffff88040d825528]
[   10.369111]      scan-1141 get_device_data       : No context for object [ffff88040d825550]
[   10.369309]      scan-1141 get_device_data       : No context for object [ffff88040d825578]
[   10.369506]      scan-1141 get_device_data       : No context for object [ffff88040d8255a0]
[   10.369703]      scan-1141 get_device_data       : No context for object [ffff88040d8255c8]
[   10.369896]      scan-1141 get_device_data       : No context for object [ffff88040d8255f0]
[   10.370132]     utils-0051 util_eval_error       : Evaluate [\_SB_.PCI0.PB5_.XPDV._STA]: AE_NOT_FOUND
[   10.370367] device: 'device:0c': device_add
[   10.370431] bus: 'acpi': add device device:0c
[   10.370505]     utils-0051 util_eval_error       : Evaluate [\_SB_.PCI0.PB5_.XPDV._SUN]: AE_NOT_FOUND
[   10.373339]      scan-1933 add_single_object     : Added device:0c [\_SB_.PCI0.PB5_.XPDV] parent device:0b
[   10.373339]      scan-1141 get_device_data       : No context for object [ffff88040d825618]
[   10.373339]      scan-1141 get_device_data       : No context for object [ffff88040d825640]
[   10.373339]      scan-1141 get_device_data       : No context for object [ffff88040d825668]
[   10.373339]      scan-1141 get_device_data       : No context for object [ffff88040d825690]
[   10.373339]      scan-1141 get_device_data       : No context for object [ffff88040d8256b8]
[   10.373339]      scan-1141 get_device_data       : No context for object [ffff88040d837528]
[   10.373339]      scan-1141 get_device_data       : No context for object [ffff88040d8256e0]
[   10.373339]      scan-1141 get_device_data       : No context for object [ffff88040d825708]
[   10.373339]     utils-0051 util_eval_error       : Evaluate [\_SB_.PCI0.PB6_._STA]: AE_NOT_FOUND
[   10.373339] device: 'device:0d': device_add
[   10.373339] bus: 'acpi': add device device:0d
[   10.373339]     utils-0051 util_eval_error       : Evaluate [\_SB_.PCI0.PB6_._SUN]: AE_NOT_FOUND
[   10.373389]      scan-1933 add_single_object     : Added device:0d [\_SB_.PCI0.PB6_] parent PNP0A08:00
[   10.373389]      scan-1141 get_device_data       : No context for object [ffff88040d825730]
[   10.373389]      scan-1141 get_device_data       : No context for object [ffff88040d825758]
[   10.373529]      scan-1141 get_device_data       : No context for object [ffff88040d825780]
[   10.373727]      scan-1141 get_device_data       : No context for object [ffff88040d8257a8]
[   10.373925]      scan-1141 get_device_data       : No context for object [ffff88040d8257d0]
[   10.374102]      scan-1141 get_device_data       : No context for object [ffff88040d8257f8]
[   10.374300]      scan-1141 get_device_data       : No context for object [ffff88040d825820]
[   10.374498]      scan-1141 get_device_data       : No context for object [ffff88040d825848]
[   10.374694]      scan-1141 get_device_data       : No context for object [ffff88040d825870]
[   10.374890]      scan-1141 get_device_data       : No context for object [ffff88040d825898]
[   10.375088]      scan-1141 get_device_data       : No context for object [ffff88040d8258c0]
[   10.375286]      scan-1141 get_device_data       : No context for object [ffff88040d8258e8]
[   10.375483]      scan-1141 get_device_data       : No context for object [ffff88040d825910]
[   10.375681]      scan-1141 get_device_data       : No context for object [ffff88040d825938]
[   10.375879]      scan-1141 get_device_data       : No context for object [ffff88040d825960]
[   10.376074]      scan-1141 get_device_data       : No context for object [ffff88040d825988]
[   10.376272]      scan-1141 get_device_data       : No context for object [ffff88040d8259b0]
[   10.376469]      scan-1141 get_device_data       : No context for object [ffff88040d8259d8]
[   10.376669]      scan-1141 get_device_data       : No context for object [ffff88040d825a00]
[   10.376866]      scan-1141 get_device_data       : No context for object [ffff88040d825a28]
[   10.377064]      scan-1141 get_device_data       : No context for object [ffff88040d825a50]
[   10.377257]      scan-1141 get_device_data       : No context for object [ffff88040d825a78]
[   10.377454]      scan-1141 get_device_data       : No context for object [ffff88040d825aa0]
[   10.377651]      scan-1141 get_device_data       : No context for object [ffff88040d825ac8]
[   10.377849]      scan-1141 get_device_data       : No context for object [ffff88040d825af0]
[   10.378046]      scan-1141 get_device_data       : No context for object [ffff88040d825b18]
[   10.378228]      scan-1141 get_device_data       : No context for object [ffff88040d825b40]
[   10.378423]      scan-1141 get_device_data       : No context for object [ffff88040d825b68]
[   10.378622]      scan-1141 get_device_data       : No context for object [ffff88040d825b90]
[   10.378820]      scan-1141 get_device_data       : No context for object [ffff88040d825bb8]
[   10.379017]      scan-1141 get_device_data       : No context for object [ffff88040d825be0]
[   10.379170]     utils-0051 util_eval_error       : Evaluate [\_SB_.PCI0.PB6_.XPDV._STA]: AE_NOT_FOUND
[   10.379386] device: 'device:0e': device_add
[   10.379495] bus: 'acpi': add device device:0e
[   10.379561]     utils-0051 util_eval_error       : Evaluate [\_SB_.PCI0.PB6_.XPDV._SUN]: AE_NOT_FOUND
[   10.380004]      scan-1933 add_single_object     : Added device:0e [\_SB_.PCI0.PB6_.XPDV] parent device:0d
[   10.380006]      scan-1141 get_device_data       : No context for object [ffff88040d825c08]
[   10.380184]      scan-1141 get_device_data       : No context for object [ffff88040d825c30]
[   10.380381]      scan-1141 get_device_data       : No context for object [ffff88040d825c58]
[   10.380579]      scan-1141 get_device_data       : No context for object [ffff88040d825c80]
[   10.380775]      scan-1141 get_device_data       : No context for object [ffff88040d825ca8]
[   10.380968]      scan-1141 get_device_data       : No context for object [ffff88040d837550]
[   10.381146]      scan-1141 get_device_data       : No context for object [ffff88040d825cd0]
[   10.381341]      scan-1141 get_device_data       : No context for object [ffff88040d825cf8]
[   10.381536]     utils-0051 util_eval_error       : Evaluate [\_SB_.PCI0.PB7_._STA]: AE_NOT_FOUND
[   10.382758] device: 'device:0f': device_add
[   10.382819] bus: 'acpi': add device device:0f
[   10.382892]     utils-0051 util_eval_error       : Evaluate [\_SB_.PCI0.PB7_._SUN]: AE_NOT_FOUND
[   10.383346]      scan-1933 add_single_object     : Added device:0f [\_SB_.PCI0.PB7_] parent PNP0A08:00
[   10.383346]      scan-1141 get_device_data       : No context for object [ffff88040d825d20]
[   10.383495]      scan-1141 get_device_data       : No context for object [ffff88040d825d48]
[   10.383690]      scan-1141 get_device_data       : No context for object [ffff88040d825d70]
[   10.383886]      scan-1141 get_device_data       : No context for object [ffff88040d825d98]
[   10.384081]      scan-1141 get_device_data       : No context for object [ffff88040d825dc0]
[   10.384229]      scan-1141 get_device_data       : No context for object [ffff88040d825de8]
[   10.384406]      scan-1141 get_device_data       : No context for object [ffff88040d825e10]
[   10.384597]      scan-1141 get_device_data       : No context for object [ffff88040d825e38]
[   10.384792]      scan-1141 get_device_data       : No context for object [ffff88040d825e60]
[   10.384988]      scan-1141 get_device_data       : No context for object [ffff88040d825e88]
[   10.385165]      scan-1141 get_device_data       : No context for object [ffff88040d825eb0]
[   10.385361]      scan-1141 get_device_data       : No context for object [ffff88040d825ed8]
[   10.385558]      scan-1141 get_device_data       : No context for object [ffff88040d825f00]
[   10.385755]      scan-1141 get_device_data       : No context for object [ffff88040d825f28]
[   10.385950]      scan-1141 get_device_data       : No context for object [ffff88040d825f50]
[   10.386148]      scan-1141 get_device_data       : No context for object [ffff88040d825f78]
[   10.386346]      scan-1141 get_device_data       : No context for object [ffff88040d825fa0]
[   10.386544]      scan-1141 get_device_data       : No context for object [ffff88040d825fc8]
[   10.386669]      scan-1141 get_device_data       : No context for object [ffff88040d827000]
[   10.386866]      scan-1141 get_device_data       : No context for object [ffff88040d827028]
[   10.387059]      scan-1141 get_device_data       : No context for object [ffff88040d827050]
[   10.387257]      scan-1141 get_device_data       : No context for object [ffff88040d827078]
[   10.387455]      scan-1141 get_device_data       : No context for object [ffff88040d8270a0]
[   10.387653]      scan-1141 get_device_data       : No context for object [ffff88040d8270c8]
[   10.387850]      scan-1141 get_device_data       : No context for object [ffff88040d8270f0]
[   10.388047]      scan-1141 get_device_data       : No context for object [ffff88040d827118]
[   10.388242]      scan-1141 get_device_data       : No context for object [ffff88040d827140]
[   10.388439]      scan-1141 get_device_data       : No context for object [ffff88040d827168]
[   10.388637]      scan-1141 get_device_data       : No context for object [ffff88040d827190]
[   10.388835]      scan-1141 get_device_data       : No context for object [ffff88040d8271b8]
[   10.389033]      scan-1141 get_device_data       : No context for object [ffff88040d8271e0]
[   10.389222]     utils-0051 util_eval_error       : Evaluate [\_SB_.PCI0.PB7_.XPDV._STA]: AE_NOT_FOUND
[   10.389439] device: 'device:10': device_add
[   10.389504] bus: 'acpi': add device device:10
[   10.389580]     utils-0051 util_eval_error       : Evaluate [\_SB_.PCI0.PB7_.XPDV._SUN]: AE_NOT_FOUND
[   10.390012]      scan-1933 add_single_object     : Added device:10 [\_SB_.PCI0.PB7_.XPDV] parent device:0f
[   10.390012]      scan-1141 get_device_data       : No context for object [ffff88040d827208]
[   10.390158]      scan-1141 get_device_data       : No context for object [ffff88040d827230]
[   10.390335]      scan-1141 get_device_data       : No context for object [ffff88040d827258]
[   10.390532]      scan-1141 get_device_data       : No context for object [ffff88040d827280]
[   10.390725]      scan-1141 get_device_data       : No context for object [ffff88040d8272a8]
[   10.390923]      scan-1141 get_device_data       : No context for object [ffff88040d837488]
[   10.391101]      scan-1141 get_device_data       : No context for object [ffff88040d8272d0]
[   10.391299]      scan-1141 get_device_data       : No context for object [ffff88040d8272f8]
[   10.391498]     utils-0051 util_eval_error       : Evaluate [\_SB_.PCI0.OHC1._STA]: AE_NOT_FOUND
[   10.391737] device: 'device:11': device_add
[   10.391796] bus: 'acpi': add device device:11
[   10.391863]     utils-0051 util_eval_error       : Evaluate [\_SB_.PCI0.OHC1._SUN]: AE_NOT_FOUND
[   10.393339]      scan-1933 add_single_object     : Added device:11 [\_SB_.PCI0.OHC1] parent PNP0A08:00
[   10.393339]      scan-1141 get_device_data       : No context for object [ffff88040d827320]
[   10.393339]      scan-1141 get_device_data       : No context for object [ffff88040d827348]
[   10.393339]      scan-1141 get_device_data       : No context for object [ffff88040d83b2f8]
[   10.393339]     utils-0051 util_eval_error       : Evaluate [\_SB_.PCI0.OHC1.RHUB._STA]: AE_NOT_FOUND
[   10.393339] device: 'device:12': device_add
[   10.393339] bus: 'acpi': add device device:12
[   10.393339]     utils-0051 util_eval_error       : Evaluate [\_SB_.PCI0.OHC1.RHUB._SUN]: AE_NOT_FOUND
[   10.393474]      scan-1933 add_single_object     : Added device:12 [\_SB_.PCI0.OHC1.RHUB] parent device:11
[   10.393677]      scan-1141 get_device_data       : No context for object [ffff88040d83b320]
[   10.393874]      scan-1141 get_device_data       : No context for object [ffff88040d83b348]
[   10.394074]     utils-0051 util_eval_error       : Evaluate [\_SB_.PCI0.OHC1.RHUB.PRT3._STA]: AE_NOT_FOUND
[   10.394250] device: 'device:13': device_add
[   10.394310] bus: 'acpi': add device device:13
[   10.394378]     utils-0051 util_eval_error       : Evaluate [\_SB_.PCI0.OHC1.RHUB.PRT3._SUN]: AE_NOT_FOUND
[   10.396679]      scan-1933 add_single_object     : Added device:13 [\_SB_.PCI0.OHC1.RHUB.PRT3] parent device:12
[   10.396679]      scan-1141 get_device_data       : No context for object [ffff88040d83b370]
[   10.396679]      scan-1141 get_device_data       : No context for object [ffff88040d83b398]
[   10.396679]      scan-1141 get_device_data       : No context for object [ffff88040d83b3c0]
[   10.396679]      scan-1141 get_device_data       : No context for object [ffff88040d83b3e8]
[   10.396679]     utils-0051 util_eval_error       : Evaluate [\_SB_.PCI0.OHC1.RHUB.PRT4._STA]: AE_NOT_FOUND
[   10.396679] device: 'device:14': device_add
[   10.396679] bus: 'acpi': add device device:14
[   10.396679]     utils-0051 util_eval_error       : Evaluate [\_SB_.PCI0.OHC1.RHUB.PRT4._SUN]: AE_NOT_FOUND
[   10.396723]      scan-1933 add_single_object     : Added device:14 [\_SB_.PCI0.OHC1.RHUB.PRT4] parent device:12
[   10.396723]      scan-1141 get_device_data       : No context for object [ffff88040d83b410]
[   10.396723]      scan-1141 get_device_data       : No context for object [ffff88040d83b438]
[   10.396723]      scan-1141 get_device_data       : No context for object [ffff88040d83b460]
[   10.396862]      scan-1141 get_device_data       : No context for object [ffff88040d827370]
[   10.397061]     utils-0051 util_eval_error       : Evaluate [\_SB_.PCI0.EHC1._STA]: AE_NOT_FOUND
[   10.397355] device: 'device:15': device_add
[   10.397418] bus: 'acpi': add device device:15
[   10.397493]     utils-0051 util_eval_error       : Evaluate [\_SB_.PCI0.EHC1._SUN]: AE_NOT_FOUND
[   10.400001]      scan-1933 add_single_object     : Added device:15 [\_SB_.PCI0.EHC1] parent PNP0A08:00
[   10.400001]      scan-1141 get_device_data       : No context for object [ffff88040d827398]
[   10.400001]      scan-1141 get_device_data       : No context for object [ffff88040d8273c0]
[   10.400001]      scan-1141 get_device_data       : No context for object [ffff88040d83b028]
[   10.400001]     utils-0051 util_eval_error       : Evaluate [\_SB_.PCI0.EHC1.RHUB._STA]: AE_NOT_FOUND
[   10.400001] device: 'device:16': device_add
[   10.400001] bus: 'acpi': add device device:16
[   10.400001]     utils-0051 util_eval_error       : Evaluate [\_SB_.PCI0.EHC1.RHUB._SUN]: AE_NOT_FOUND
[   10.400045]      scan-1933 add_single_object     : Added device:16 [\_SB_.PCI0.EHC1.RHUB] parent device:15
[   10.400045]      scan-1141 get_device_data       : No context for object [ffff88040d83b050]
[   10.400045]      scan-1141 get_device_data       : No context for object [ffff88040d83b078]
[   10.400045]     utils-0051 util_eval_error       : Evaluate [\_SB_.PCI0.EHC1.RHUB.PRT3._STA]: AE_NOT_FOUND
[   10.400045] device: 'device:17': device_add
[   10.403338] bus: 'acpi': add device device:17
[   10.403412]     utils-0051 util_eval_error       : Evaluate [\_SB_.PCI0.EHC1.RHUB.PRT3._SUN]: AE_NOT_FOUND
[   10.403598]      scan-1933 add_single_object     : Added device:17 [\_SB_.PCI0.EHC1.RHUB.PRT3] parent device:16
[   10.403799]      scan-1141 get_device_data       : No context for object [ffff88040d83b0a0]
[   10.403994]      scan-1141 get_device_data       : No context for object [ffff88040d83b0c8]
[   10.404184]      scan-1141 get_device_data       : No context for object [ffff88040d83b0f0]
[   10.404381]      scan-1141 get_device_data       : No context for object [ffff88040d83b118]
[   10.404559]     utils-0051 util_eval_error       : Evaluate [\_SB_.PCI0.EHC1.RHUB.PRT4._STA]: AE_NOT_FOUND
[   10.404794] device: 'device:18': device_add
[   10.404857] bus: 'acpi': add device device:18
[   10.404932]     utils-0051 util_eval_error       : Evaluate [\_SB_.PCI0.EHC1.RHUB.PRT4._SUN]: AE_NOT_FOUND
[   10.405140]      scan-1933 add_single_object     : Added device:18 [\_SB_.PCI0.EHC1.RHUB.PRT4] parent device:16
[   10.405342]      scan-1141 get_device_data       : No context for object [ffff88040d83b140]
[   10.405537]      scan-1141 get_device_data       : No context for object [ffff88040d83b168]
[   10.405537]      scan-1141 get_device_data       : No context for object [ffff88040d83b190]
[   10.405537]      scan-1141 get_device_data       : No context for object [ffff88040d8273e8]
[   10.405537]     utils-0051 util_eval_error       : Evaluate [\_SB_.PCI0.OHC2._STA]: AE_NOT_FOUND
[   10.405537] device: 'device:19': device_add
[   10.405537] bus: 'acpi': add device device:19
[   10.405537]     utils-0051 util_eval_error       : Evaluate [\_SB_.PCI0.OHC2._SUN]: AE_NOT_FOUND
[   10.406667]      scan-1933 add_single_object     : Added device:19 [\_SB_.PCI0.OHC2] parent PNP0A08:00
[   10.406667]      scan-1141 get_device_data       : No context for object [ffff88040d827410]
[   10.406667]      scan-1141 get_device_data       : No context for object [ffff88040d827438]
[   10.406667]      scan-1141 get_device_data       : No context for object [ffff88040d83b488]
[   10.406667]     utils-0051 util_eval_error       : Evaluate [\_SB_.PCI0.OHC2.RHUB._STA]: AE_NOT_FOUND
[   10.406667] device: 'device:1a': device_add
[   10.406667] bus: 'acpi': add device device:1a
[   10.406667]     utils-0051 util_eval_error       : Evaluate [\_SB_.PCI0.OHC2.RHUB._SUN]: AE_NOT_FOUND
[   10.406708]      scan-1933 add_single_object     : Added device:1a [\_SB_.PCI0.OHC2.RHUB] parent device:19
[   10.406708]      scan-1141 get_device_data       : No context for object [ffff88040d83b4b0]
[   10.406708]      scan-1141 get_device_data       : No context for object [ffff88040d83b4d8]
[   10.406708]     utils-0051 util_eval_error       : Evaluate [\_SB_.PCI0.OHC2.RHUB.PRT4._STA]: AE_NOT_FOUND
[   10.406708] device: 'device:1b': device_add
[   10.406708] bus: 'acpi': add device device:1b
[   10.406708]     utils-0051 util_eval_error       : Evaluate [\_SB_.PCI0.OHC2.RHUB.PRT4._SUN]: AE_NOT_FOUND
[   10.406842]      scan-1933 add_single_object     : Added device:1b [\_SB_.PCI0.OHC2.RHUB.PRT4] parent device:1a
[   10.407045]      scan-1141 get_device_data       : No context for object [ffff88040d83b500]
[   10.407197]      scan-1141 get_device_data       : No context for object [ffff88040d83b528]
[   10.407375]      scan-1141 get_device_data       : No context for object [ffff88040d83b550]
[   10.407573]      scan-1141 get_device_data       : No context for object [ffff88040d827460]
[   10.407771]     utils-0051 util_eval_error       : Evaluate [\_SB_.PCI0.EHC2._STA]: AE_NOT_FOUND
[   10.408060] device: 'device:1c': device_add
[   10.408124] bus: 'acpi': add device device:1c
[   10.408198]     utils-0051 util_eval_error       : Evaluate [\_SB_.PCI0.EHC2._SUN]: AE_NOT_FOUND
[   10.410001]      scan-1933 add_single_object     : Added device:1c [\_SB_.PCI0.EHC2] parent PNP0A08:00
[   10.410001]      scan-1141 get_device_data       : No context for object [ffff88040d827488]
[   10.410001]      scan-1141 get_device_data       : No context for object [ffff88040d8274b0]
[   10.410001]      scan-1141 get_device_data       : No context for object [ffff88040d83b1b8]
[   10.410001]     utils-0051 util_eval_error       : Evaluate [\_SB_.PCI0.EHC2.RHUB._STA]: AE_NOT_FOUND
[   10.410001] device: 'device:1d': device_add
[   10.410001] bus: 'acpi': add device device:1d
[   10.410001]     utils-0051 util_eval_error       : Evaluate [\_SB_.PCI0.EHC2.RHUB._SUN]: AE_NOT_FOUND
[   10.410047]      scan-1933 add_single_object     : Added device:1d [\_SB_.PCI0.EHC2.RHUB] parent device:1c
[   10.410047]      scan-1141 get_device_data       : No context for object [ffff88040d83b1e0]
[   10.410159]      scan-1141 get_device_data       : No context for object [ffff88040d83b208]
[   10.410357]     utils-0051 util_eval_error       : Evaluate [\_SB_.PCI0.EHC2.RHUB.PRT2._STA]: AE_NOT_FOUND
[   10.410594] device: 'device:1e': device_add
[   10.410704] bus: 'acpi': add device device:1e
[   10.410781]     utils-0051 util_eval_error       : Evaluate [\_SB_.PCI0.EHC2.RHUB.PRT2._SUN]: AE_NOT_FOUND
[   10.413337]      scan-1933 add_single_object     : Added device:1e [\_SB_.PCI0.EHC2.RHUB.PRT2] parent device:1d
[   10.413337]      scan-1141 get_device_data       : No context for object [ffff88040d83b230]
[   10.413337]      scan-1141 get_device_data       : No context for object [ffff88040d83b258]
[   10.413337]      scan-1141 get_device_data       : No context for object [ffff88040d83b280]
[   10.413337]      scan-1141 get_device_data       : No context for object [ffff88040d8274d8]
[   10.413337]     utils-0051 util_eval_error       : Evaluate [\_SB_.PCI0.OHC3._STA]: AE_NOT_FOUND
[   10.413337] device: 'device:1f': device_add
[   10.413337] bus: 'acpi': add device device:1f
[   10.413337]     utils-0051 util_eval_error       : Evaluate [\_SB_.PCI0.OHC3._SUN]: AE_NOT_FOUND
[   10.413376]      scan-1933 add_single_object     : Added device:1f [\_SB_.PCI0.OHC3] parent PNP0A08:00
[   10.413376]      scan-1141 get_device_data       : No context for object [ffff88040d827500]
[   10.413376]      scan-1141 get_device_data       : No context for object [ffff88040d827528]
[   10.413376]      scan-1141 get_device_data       : No context for object [ffff88040d83b578]
[   10.413376]     utils-0051 util_eval_error       : Evaluate [\_SB_.PCI0.OHC3.RHUB._STA]: AE_NOT_FOUND
[   10.413571] device: 'device:20': device_add
[   10.413633] bus: 'acpi': add device device:20
[   10.413708]     utils-0051 util_eval_error       : Evaluate [\_SB_.PCI0.OHC3.RHUB._SUN]: AE_NOT_FOUND
[   10.416672]      scan-1933 add_single_object     : Added device:20 [\_SB_.PCI0.OHC3.RHUB] parent device:1f
[   10.416672]      scan-1141 get_device_data       : No context for object [ffff88040d83b5a0]
[   10.416672]      scan-1141 get_device_data       : No context for object [ffff88040d827550]
[   10.416672]     utils-0051 util_eval_error       : Evaluate [\_SB_.PCI0.EHC3._STA]: AE_NOT_FOUND
[   10.416672] device: 'device:21': device_add
[   10.416672] bus: 'acpi': add device device:21
[   10.416672]     utils-0051 util_eval_error       : Evaluate [\_SB_.PCI0.EHC3._SUN]: AE_NOT_FOUND
[   10.416701]      scan-1933 add_single_object     : Added device:21 [\_SB_.PCI0.EHC3] parent PNP0A08:00
[   10.416701]      scan-1141 get_device_data       : No context for object [ffff88040d827578]
[   10.416701]      scan-1141 get_device_data       : No context for object [ffff88040d8275a0]
[   10.416701]      scan-1141 get_device_data       : No context for object [ffff88040d83b2a8]
[   10.416701]     utils-0051 util_eval_error       : Evaluate [\_SB_.PCI0.EHC3.RHUB._STA]: AE_NOT_FOUND
[   10.416701] device: 'device:22': device_add
[   10.416701] bus: 'acpi': add device device:22
[   10.416701]     utils-0051 util_eval_error       : Evaluate [\_SB_.PCI0.EHC3.RHUB._SUN]: AE_NOT_FOUND
[   10.416736]      scan-1933 add_single_object     : Added device:22 [\_SB_.PCI0.EHC3.RHUB] parent device:21
[   10.416736]      scan-1141 get_device_data       : No context for object [ffff88040d83b2d0]
[   10.416736]      scan-1141 get_device_data       : No context for object [ffff88040d8275c8]
[   10.416867]     utils-0051 util_eval_error       : Evaluate [\_SB_.PCI0.OHC4._STA]: AE_NOT_FOUND
[   10.417111] device: 'device:23': device_add
[   10.417173] bus: 'acpi': add device device:23
[   10.417246]     utils-0051 util_eval_error       : Evaluate [\_SB_.PCI0.OHC4._SUN]: AE_NOT_FOUND
[   10.420000]      scan-1933 add_single_object     : Added device:23 [\_SB_.PCI0.OHC4] parent PNP0A08:00
[   10.420000]      scan-1141 get_device_data       : No context for object [ffff88040d8275f0]
[   10.420000]      scan-1141 get_device_data       : No context for object [ffff88040d827618]
[   10.420000]      scan-1141 get_device_data       : No context for object [ffff88040d827640]
[   10.420000]     utils-0051 util_eval_error       : Evaluate [\_SB_.PCI0.SBAZ._STA]: AE_NOT_FOUND
[   10.420000] device: 'device:24': device_add
[   10.420000] bus: 'acpi': add device device:24
[   10.420000]     utils-0051 util_eval_error       : Evaluate [\_SB_.PCI0.SBAZ._SUN]: AE_NOT_FOUND
