[    0.000000] Initializing cgroup subsys cpuset
[    0.000000] Initializing cgroup subsys cpu
[    0.000000] Initializing cgroup subsys cpuacct
[    0.000000] Linux version 3.17.0-rc3-gb7fece1 (emacs@manji) (gcc version 4.9.1 (GCC) ) #72 SMP Fri Sep 5 16:40:09 CEST 2014
[    0.000000] Command line: BOOT_IMAGE=/vmlinuz-linux-git root=UUID=bfa4ab6e-19a3-4601-ba2b-267c55841c73 rw cryptdevice=/dev/disk/by-uuid/70c08890-417a-497d-b6ab-c0d0357a63e2:cryptManjaro:allow-discards ipv6.disable=1 pnp.debug=1 loglevel=9 log_buf_len=10M printk.always_kmsg_dump=y printk.time=y mminit_loglevel=0 memory_corruption_check=1 acpi.debug_layer=0xfbff0000 acpi.debug_level=0xFFFFFFFD pnp.debug=1 nohz=on rcu_nocbs=1-3 pcie_aspm=force fbcon=scrollback:4096k fbcon=font:ProFont6x11 radeon.audio=0 radeon.lockup_timeout=0 radeon.test=0 radeon.agpmode=-1 radeon.benchmark=0 radeon.tv=0 radeon.hard_reset=1 radeon.aspm=1 radeon.dpm=1 radeon.msi=1 radeon.pcie_gen2=-1 radeon.no_wb=1 radeon.modeset=1 radeon.dynclks=1 radeon.r4xx_atom=0 radeon.runpm=0 radeonfb radeon.fastfb=1 nomodeset
[    0.000000] KERNEL supported cpus:
[    0.000000]   AMD AuthenticAMD
[    0.000000] tseg: 00bfe00000
[    0.000000] e820: BIOS-provided physical RAM map:
[    0.000000] BIOS-e820: [mem 0x0000000000000000-0x000000000009d7ff] usable
[    0.000000] BIOS-e820: [mem 0x000000000009d800-0x000000000009ffff] reserved
[    0.000000] BIOS-e820: [mem 0x00000000000e0000-0x00000000000fffff] reserved
[    0.000000] BIOS-e820: [mem 0x0000000000100000-0x00000000bed9afff] usable
[    0.000000] BIOS-e820: [mem 0x00000000bed9b000-0x00000000bf39afff] reserved
[    0.000000] BIOS-e820: [mem 0x00000000bf39b000-0x00000000bf49afff] ACPI NVS
[    0.000000] BIOS-e820: [mem 0x00000000bf49b000-0x00000000bf51afff] ACPI data
[    0.000000] BIOS-e820: [mem 0x00000000bf51b000-0x00000000bfdfffff] usable
[    0.000000] BIOS-e820: [mem 0x00000000bfe00000-0x00000000bfffffff] reserved
[    0.000000] BIOS-e820: [mem 0x00000000fec00000-0x00000000fecfffff] reserved
[    0.000000] BIOS-e820: [mem 0x00000000fed80000-0x00000000fed80fff] reserved
[    0.000000] BIOS-e820: [mem 0x00000000ffe00000-0x00000000ffffffff] reserved
[    0.000000] BIOS-e820: [mem 0x0000000100000000-0x000000041effffff] usable
[    0.000000] NX (Execute Disable) protection: active
[    0.000000] SMBIOS 2.6 present.
[    0.000000] DMI: LENOVO Sabine/Torpedo, BIOS 54CN18WW 07/20/2011
[    0.000000] e820: update [mem 0x00000000-0x00000fff] usable ==> reserved
[    0.000000] e820: remove [mem 0x000a0000-0x000fffff] usable
[    0.000000] e820: last_pfn = 0x41f000 max_arch_pfn = 0x400000000
[    0.000000] MTRR default type: uncachable
[    0.000000] MTRR fixed ranges enabled:
[    0.000000]   00000-9FFFF write-back
[    0.000000]   A0000-BFFFF uncachable
[    0.000000]   C0000-FFFFF write-protect
[    0.000000] MTRR variable ranges enabled:
[    0.000000]   0 base 0000000000 mask FF80000000 write-back
[    0.000000]   1 base 0080000000 mask FFC0000000 write-back
[    0.000000]   2 base 00FFF90000 mask FFFFFF0000 uncachable
[    0.000000]   3 base 00FED80000 mask 0FFFFFF000 uncachable
[    0.000000]   4 disabled
[    0.000000]   5 disabled
[    0.000000]   6 disabled
[    0.000000]   7 base 00FFE00000 mask FFFFE00000 write-protect
[    0.000000] TOM2: 000000041f000000 aka 16880M
[    0.000000] mtrr: your BIOS has configured an incorrect mask, fixing it.
[    0.000000] e820: last_pfn = 0xbfe00 max_arch_pfn = 0x400000000
[    0.000000] found SMP MP-table at [mem 0x000fa8b0-0x000fa8bf] mapped at [ffff8800000fa8b0]
[    0.000000] Base memory trampoline at [ffff880000097000] 97000 size 24576
[    0.000000] Using GB pages for direct mapping
[    0.000000] init_memory_mapping: [mem 0x00000000-0x000fffff]
[    0.000000]  [mem 0x00000000-0x000fffff] page 4k
[    0.000000] BRK [0x01e17000, 0x01e17fff] PGTABLE
[    0.000000] BRK [0x01e18000, 0x01e18fff] PGTABLE
[    0.000000] BRK [0x01e19000, 0x01e19fff] PGTABLE
[    0.000000] init_memory_mapping: [mem 0x41ee00000-0x41effffff]
[    0.000000]  [mem 0x41ee00000-0x41effffff] page 2M
[    0.000000] BRK [0x01e1a000, 0x01e1afff] PGTABLE
[    0.000000] init_memory_mapping: [mem 0x41c000000-0x41edfffff]
[    0.000000]  [mem 0x41c000000-0x41edfffff] page 2M
[    0.000000] init_memory_mapping: [mem 0x400000000-0x41bffffff]
[    0.000000]  [mem 0x400000000-0x41bffffff] page 2M
[    0.000000] init_memory_mapping: [mem 0x00100000-0xbed9afff]
[    0.000000]  [mem 0x00100000-0x001fffff] page 4k
[    0.000000]  [mem 0x00200000-0x3fffffff] page 2M
[    0.000000]  [mem 0x40000000-0x7fffffff] page 1G
[    0.000000]  [mem 0x80000000-0xbebfffff] page 2M
[    0.000000]  [mem 0xbec00000-0xbed9afff] page 4k
[    0.000000] init_memory_mapping: [mem 0xbf51b000-0xbfdfffff]
[    0.000000]  [mem 0xbf51b000-0xbf5fffff] page 4k
[    0.000000]  [mem 0xbf600000-0xbfdfffff] page 2M
[    0.000000] BRK [0x01e1b000, 0x01e1bfff] PGTABLE
[    0.000000] init_memory_mapping: [mem 0x100000000-0x3ffffffff]
[    0.000000]  [mem 0x100000000-0x3ffffffff] page 1G
[    0.000000] log_buf_len: 16777216 bytes
[    0.000000] early log buf free: 2092044(99%)
[    0.000000] RAMDISK: [mem 0x37828000-0x37c0bfff]
[    0.000000] ACPI: Early table checksum verification disabled
[    0.000000] ACPI: RSDP 0x00000000000F0110 000024 (v02 LENOVO)
[    0.000000] ACPI: XSDT 0x00000000BF51A120 000074 (v01 LENOVO CB-01    00000001 LENO 00000001)
[    0.000000] ACPI: FACP 0x00000000BF508000 0000F4 (v04 LENOVO CB-01    00000001 PTL  00000001)
[    0.000000] ACPI: DSDT 0x00000000BF50A000 00FD10 (v01 LENOVO CB-01    00001000 LENO 00000001)
[    0.000000] ACPI: FACS 0x00000000BF478000 000040
[    0.000000] ACPI: HPET 0x00000000BF507000 000038 (v01 LENOVO CB-01    00000001 PTL  00000001)
[    0.000000] ACPI: APIC 0x00000000BF506000 00007A (v02 LENOVO CB-01    00000001 PTL  00000001)
[    0.000000] ACPI: MCFG 0x00000000BF505000 00003C (v01 LENOVO CB-01    00000001 PTL  00000001)
[    0.000000] ACPI: SLIC 0x00000000BF504000 000176 (v01 LENOVO CB-01    00000001 LENO 00000001)
[    0.000000] ACPI: UEFI 0x00000000BF503000 00003E (v01 LENOVO CB-01    00000001 PTL  00000001)
[    0.000000] ACPI: UEFI 0x00000000BF502000 000042 (v01 PTL    COMBUF   00000001 PTL  00000001)
[    0.000000] ACPI: SSDT 0x00000000BF501000 000E34 (v01 AMD    POWERNOW 00000001 AMD  00000001)
[    0.000000] ACPI: SSDT 0x00000000BF4FF000 00193D (v02 AMD    ALIB     00000001 MSFT 04000000)
[    0.000000] ACPI: UEFI 0x00000000BF4FE000 00021A (v01 LENOVO CB-01    00000001 PTL  00000001)
[    0.000000] ACPI: Local APIC address 0xfee00000
[    0.000000] No NUMA configuration found
[    0.000000] Faking a node at [mem 0x0000000000000000-0x000000041effffff]
[    0.000000] Initmem setup node 0 [mem 0x00000000-0x41effffff]
[    0.000000]   NODE_DATA [mem 0x41dffa000-0x41dffdfff]
[    0.000000]  [ffffea0000000000-ffffea00107fffff] PMD -> [ffff88040de00000-ffff88041d5fffff] on node 0
[    0.000000] Zone ranges:
[    0.000000]   DMA      [mem 0x00001000-0x00ffffff]
[    0.000000]   DMA32    [mem 0x01000000-0xffffffff]
[    0.000000]   Normal   [mem 0x100000000-0x41effffff]
[    0.000000] Movable zone start for each node
[    0.000000] Early memory node ranges
[    0.000000]   node   0: [mem 0x00001000-0x0009cfff]
[    0.000000]   node   0: [mem 0x00100000-0xbed9afff]
[    0.000000]   node   0: [mem 0xbf51b000-0xbfdfffff]
[    0.000000]   node   0: [mem 0x100000000-0x41effffff]
[    0.000000] On node 0 totalpages: 4056604
[    0.000000]   DMA zone: 64 pages used for memmap
[    0.000000]   DMA zone: 21 pages reserved
[    0.000000]   DMA zone: 3996 pages, LIFO batch:0
[    0.000000]   DMA32 zone: 12186 pages used for memmap
[    0.000000]   DMA32 zone: 779904 pages, LIFO batch:31
[    0.000000]   Normal zone: 51136 pages used for memmap
[    0.000000]   Normal zone: 3272704 pages, LIFO batch:31
[    0.000000] ACPI: PM-Timer IO Port: 0x808
[    0.000000] ACPI: Local APIC address 0xfee00000
[    0.000000] ACPI: LAPIC (acpi_id[0x00] lapic_id[0x00] enabled)
[    0.000000] ACPI: LAPIC (acpi_id[0x01] lapic_id[0x01] enabled)
[    0.000000] ACPI: LAPIC (acpi_id[0x02] lapic_id[0x02] enabled)
[    0.000000] ACPI: LAPIC (acpi_id[0x03] lapic_id[0x03] enabled)
[    0.000000] ACPI: LAPIC_NMI (acpi_id[0x00] high edge lint[0x1])
[    0.000000] ACPI: LAPIC_NMI (acpi_id[0x01] high edge lint[0x1])
[    0.000000] ACPI: LAPIC_NMI (acpi_id[0x02] high edge lint[0x1])
[    0.000000] ACPI: LAPIC_NMI (acpi_id[0x03] high edge lint[0x1])
[    0.000000] ACPI: IOAPIC (id[0x02] address[0xfec00000] gsi_base[0])
[    0.000000] IOAPIC[0]: apic_id 2, version 33, address 0xfec00000, GSI 0-23
[    0.000000] ACPI: INT_SRC_OVR (bus 0 bus_irq 0 global_irq 2 dfl dfl)
[    0.000000] ACPI: IRQ0 used by override.
[    0.000000] ACPI: IRQ9 used by override.
[    0.000000] Using ACPI (MADT) for SMP configuration information
[    0.000000] ACPI: HPET id: 0x43538210 base: 0xfed00000
[    0.000000] smpboot: Allowing 4 CPUs, 0 hotplug CPUs
[    0.000000] e820: [mem 0xc0000000-0xfebfffff] available for PCI devices
[    0.000000] setup_percpu: NR_CPUS:64 nr_cpumask_bits:64 nr_cpu_ids:4 nr_node_ids:1
[    0.000000] PERCPU: Embedded 27 pages/cpu @ffff88041dc00000 s80256 r8192 d22144 u524288
[    0.000000] pcpu-alloc: s80256 r8192 d22144 u524288 alloc=1*2097152
[    0.000000] pcpu-alloc: [0] 0 1 2 3 
[    0.000000] Built 1 zonelists in Zone order, mobility grouping on.  Total pages: 3993197
[    0.000000] Policy zone: Normal
[    0.000000] Kernel command line: BOOT_IMAGE=/vmlinuz-linux-git root=UUID=bfa4ab6e-19a3-4601-ba2b-267c55841c73 rw cryptdevice=/dev/disk/by-uuid/70c08890-417a-497d-b6ab-c0d0357a63e2:cryptManjaro:allow-discards ipv6.disable=1 pnp.debug=1 loglevel=9 log_buf_len=10M printk.always_kmsg_dump=y printk.time=y mminit_loglevel=0 memory_corruption_check=1 acpi.debug_layer=0xfbff0000 acpi.debug_level=0xFFFFFFFD pnp.debug=1 nohz=on rcu_nocbs=1-3 pcie_aspm=force fbcon=scrollback:4096k fbcon=font:ProFont6x11 radeon.audio=0 radeon.lockup_timeout=0 radeon.test=0 radeon.agpmode=-1 radeon.benchmark=0 radeon.tv=0 radeon.hard_reset=1 radeon.aspm=1 radeon.dpm=1 radeon.msi=1 radeon.pcie_gen2=-1 radeon.no_wb=1 radeon.modeset=1 radeon.dynclks=1 radeon.r4xx_atom=0 radeon.runpm=0 radeonfb radeon.fastfb=1 nomodeset
[    0.000000] PCIe ASPM is forcibly enabled
[    0.000000] PID hash table entries: 4096 (order: 3, 32768 bytes)
[    0.000000] Memory: 15870892K/16226416K available (5248K kernel code, 721K rwdata, 2208K rodata, 848K init, 2588K bss, 355524K reserved)
[    0.000000] SLUB: HWalign=64, Order=0-3, MinObjects=0, CPUs=4, Nodes=1
[    0.000000] Hierarchical RCU implementation.
[    0.000000] 	RCU dyntick-idle grace-period acceleration is enabled.
[    0.000000] 	Additional per-CPU info printed with stalls.
[    0.000000] 	RCU restricting CPUs from NR_CPUS=64 to nr_cpu_ids=4.
[    0.000000] 	Offload RCU callbacks from all CPUs
[    0.000000] 	Offload RCU callbacks from CPUs: 0-3.
[    0.000000] RCU: Adjusting geometry for rcu_fanout_leaf=16, nr_cpu_ids=4
[    0.000000] NR_IRQS:4352 nr_irqs:456 0
[    0.000000] spurious 8259A interrupt: IRQ7.
[    0.000000] vgacon: allocated 4194304 bytes of memory for scrollback. CONFIG_VGACON_SOFT_SCROLLBACK_SIZE=4096
[    0.000000] Console: colour VGA+ 80x25
[    0.000000] console [tty0] enabled
[    0.000000] allocated 65011712 bytes of page_cgroup
[    0.000000] please try 'cgroup_disable=memory' option if you don't want memory cgroups
[    0.000000] hpet clockevent registered
[    0.000000] tsc: Fast TSC calibration using PIT
[    0.000000] tsc: Detected 1397.479 MHz processor
[    0.000042] Calibrating delay loop (skipped), value calculated using timer frequency.. 2796.41 BogoMIPS (lpj=4658263)
[    0.000200] pid_max: default: 32768 minimum: 301
[    0.000270] ACPI: Core revision 20140724
[    0.016594] ACPI: All ACPI Tables successfully acquired
[    0.018504] Security Framework initialized
[    0.019834] Dentry cache hash table entries: 2097152 (order: 12, 16777216 bytes)
[    0.025826] Inode-cache hash table entries: 1048576 (order: 11, 8388608 bytes)
[    0.028833] Mount-cache hash table entries: 32768 (order: 6, 262144 bytes)
[    0.028976] Mountpoint-cache hash table entries: 32768 (order: 6, 262144 bytes)
[    0.029444] Initializing cgroup subsys memory
[    0.029562] Initializing cgroup subsys devices
[    0.029629] Initializing cgroup subsys freezer
[    0.029696] Initializing cgroup subsys net_cls
[    0.029762] Initializing cgroup subsys blkio
[    0.029848] CPU: Physical Processor ID: 0
[    0.029909] CPU: Processor Core ID: 0
[    0.029982] mce: CPU supports 6 MCE banks
[    0.030052] Last level iTLB entries: 4KB 512, 2MB 16, 4MB 8
Last level dTLB entries: 4KB 1024, 2MB 128, 4MB 64, 1GB 0
[    0.030328] Freeing SMP alternatives memory: 20K (ffffffff81b8a000 - ffffffff81b8f000)
[    0.030990] ..TIMER: vector=0x30 apic1=0 pin1=2 apic2=-1 pin2=-1
[    0.064070] smpboot: CPU0: AMD A6-3400M APU with Radeon(tm) HD Graphics (fam: 12, model: 01, stepping: 00)
[    0.170062] Performance Events: AMD PMU driver.
[    0.170165] ... version:                0
[    0.170226] ... bit width:              48
[    0.170288] ... generic registers:      4
[    0.170350] ... value mask:             0000ffffffffffff
[    0.170591] ... max period:             00007fffffffffff
[    0.170653] ... fixed-purpose events:   0
[    0.170715] ... event mask:             000000000000000f
[    0.171201] MCE: In-kernel MCE decoding enabled.
[    0.171363] trying cpu_up:
[    0.171446] NMI watchdog: enabled on all CPUs, permanently consumes one hw-PMU counter.
[    0.171721] smpboot: ++++++++++++++++++++=_---CPU UP  1
[    0.171831] x86: Booting SMP configuration:
[    0.171894] .... node  #0, CPUs:      #1
[    0.171998] smpboot: Setting warm reset code and vector.
[    0.172119] smpboot: 1.
[    0.172182] smpboot: 2.
[    0.172244] smpboot: 3.
[    0.172308] smpboot: Asserting INIT
[    0.172371] smpboot: Waiting for INIT send to finish...
[    0.468786] smpboot: status for above ^ is: 0
[    0.468897] smpboot: Deasserting INIT
[    0.468960] smpboot: Waiting for above send to finish...
[    0.469024] smpboot: #startup loops: 2
[    0.469088] smpboot: Sending STARTUP #1
[    0.469151] smpboot: After apic_write
[    0.469528] smpboot: Startup point 1
[    0.469591] smpboot: Waiting for send to finish...
[    0.469855] smpboot: Sending STARTUP #2
[    0.469965] smpboot: After apic_write
[    0.470328] smpboot: Startup point 1
[    0.470438] smpboot: Waiting for send to finish...
[    0.470871] smpboot: After Startup
[    0.470981] smpboot: Before Callout 1
[    0.471044] smpboot: After Callout 1
[    0.471107] smpboot: start waiting 5sec for response
[    5.505450] smpboot: done waiting 5sec for response
[    5.505594] smpboot: cpumask_test_cpu result: 0
[    5.505657] smpboot: cpu_callin_mask: 0000000000000001
[    5.505755] smpboot: cpu_callout_mask: 0000000000000003
[    5.505819] smpboot: CPU1: Not responding
[    5.505940] smpboot: do_boot_cpu failed(1) to wakeup CPU#1
[    5.506008] after cpu_up !!!!!!!!!!!!
[    5.506044] trying cpu_up:
[    5.506258] smpboot: ++++++++++++++++++++=_---CPU UP  2
[    5.506397]  #2
[    5.506434] smpboot: Setting warm reset code and vector.
[    5.506558] smpboot: 1.
[    5.506620] smpboot: 2.
[    5.506680] smpboot: 3.
[    5.506740] smpboot: Asserting INIT
[    5.506801] smpboot: Waiting for INIT send to finish...
[    5.516868] smpboot: status for above ^ is: 0
[    5.516977] smpboot: Deasserting INIT
[    5.517040] smpboot: Waiting for above send to finish...
[    5.517105] smpboot: #startup loops: 2
[    5.517168] smpboot: Sending STARTUP #1
[    5.517232] smpboot: After apic_write
[    5.388120] smpboot: CPU#2 (phys ID: 2) waiting for CALLOUT
[    5.388121] smpboot: Waiting max 15 sec for callout
[    5.517599] smpboot: Startup point 1
[    5.517838] smpboot: Waiting for send to finish...
[    5.518102] smpboot: Sending STARTUP #2
[    5.518165] smpboot: After apic_write
[    5.518526] smpboot: Startup point 1
[    5.518636] smpboot: Waiting for send to finish...
[    5.518899] smpboot: After Startup
[    5.519007] smpboot: Before Callout 2
[    5.519067] smpboot: After Callout 2
[    5.389775] smpboot: done waiting max 15 sec for callout
[    5.389804] smpboot: Stack at about ffff88040780bf3c
[    5.519255] smpboot: start waiting 5sec for response
[    5.519294] smpboot: done waiting 5sec for response
[    5.519391] smpboot: cpumask_test_cpu result: -1
[    5.519454] smpboot: cpu_callin_mask: 0000000000000005
[    5.519551] smpboot: cpu_callout_mask: 0000000000000005
[    5.519614] smpboot: CPU2: has booted.
[    5.521744] TSC synchronization [CPU#0 -> CPU#2]:
[    5.521855] Measured 180622119 cycles TSC warp between CPUs, turning off TSC clock.
[    5.521995] tsc: Marking TSC unstable due to check_tsc_sync_source failed
[    5.522098] after cpu_up !!!!!!!!!!!!
[    5.522135] trying cpu_up:
[    5.522320] smpboot: ++++++++++++++++++++=_---CPU UP  3
[    5.522459]  #3
[    5.522496] smpboot: Setting warm reset code and vector.
[    5.522620] smpboot: 1.
[    5.522682] smpboot: 2.
[    5.522744] smpboot: 3.
[    5.522806] smpboot: Asserting INIT
[    5.522867] smpboot: Waiting for INIT send to finish...
[    5.532935] smpboot: status for above ^ is: 0
[    5.533045] smpboot: Deasserting INIT
[    5.533108] smpboot: Waiting for above send to finish...
[    5.533172] smpboot: #startup loops: 2
[    5.533236] smpboot: Sending STARTUP #1
[    5.533299] smpboot: After apic_write
[    5.370341] smpboot: CPU#3 (phys ID: 3) waiting for CALLOUT
[    5.370343] smpboot: Waiting max 15 sec for callout
[    5.533666] smpboot: Startup point 1
[    5.533905] smpboot: Waiting for send to finish...
[    5.534168] smpboot: Sending STARTUP #2
[    5.534231] smpboot: After apic_write
[    5.534594] smpboot: Startup point 1
[    5.534704] smpboot: Waiting for send to finish...
[    5.534968] smpboot: After Startup
[    5.535080] smpboot: Before Callout 3
[    5.535144] smpboot: After Callout 3
[    5.371979] smpboot: done waiting max 15 sec for callout
[    5.372008] smpboot: Stack at about ffff88040780ff3c
[    5.535335] smpboot: start waiting 5sec for response
[    5.535374] smpboot: done waiting 5sec for response
[    5.535471] smpboot: cpumask_test_cpu result: -1
[    5.535534] smpboot: cpu_callin_mask: 000000000000000d
[    5.535631] smpboot: cpu_callout_mask: 000000000000000d
[    5.535694] smpboot: CPU3: has booted.
[    5.535846] after cpu_up !!!!!!!!!!!!
[    5.535884] trying cpu_up:
[    5.535987] ------------[ cut here ]------------
[    5.536057] WARNING: CPU: 0 PID: 1 at arch/x86/kernel/smpboot.c:1024 native_cpu_up+0x4c1/0x9b0()
[    5.536169] Modules linked in:
[    5.536269] CPU: 0 PID: 1 Comm: swapper/0 Tainted: G          I    3.17.0-rc3-gb7fece1 #72
[    5.536405] Hardware name: LENOVO Sabine/Torpedo, BIOS 54CN18WW 07/20/2011
[    5.536466]  0000000000000009 ffff880407f0fdd8 ffffffff81515361 0000000000000000
[    5.536676]  ffff880407f0fe10 ffffffff8103f818 0000000000000000 0000000000000001
[    5.536887]  0000000000000001 ffff880407fa2440 ffffffff81aaebd0 ffff880407f0fe20
[    5.537099] Call Trace:
[    5.537164]  [<ffffffff81515361>] dump_stack+0x45/0x56
[    5.537227]  [<ffffffff8103f818>] warn_slowpath_common+0x78/0xa0
[    5.537289]  [<ffffffff8103f8f5>] warn_slowpath_null+0x15/0x20
[    5.537353]  [<ffffffff81024281>] native_cpu_up+0x4c1/0x9b0
[    5.537417]  [<ffffffff8105b66d>] ? notifier_call_chain+0x4d/0x70
[    5.537480]  [<ffffffff8103fc44>] cpu_up+0x154/0x1a0
[    5.537542]  [<ffffffff81ae0872>] smp_init+0x98/0xf5
[    5.537606]  [<ffffffff81acaf3b>] kernel_init_freeable+0xf3/0x200
[    5.537665]  [<ffffffff81511a40>] ? rest_init+0x80/0x80
[    5.537724]  [<ffffffff81511a49>] kernel_init+0x9/0xf0
[    5.537783]  [<ffffffff8151bbac>] ret_from_fork+0x7c/0xb0
[    5.537845]  [<ffffffff81511a40>] ? rest_init+0x80/0x80
[    5.537913] ---[ end trace 0b3f0947a18b059e ]---
[    5.537973] smpboot: ++++++++++++++++++++=_---CPU UP  1
[    5.538033] ------------[ cut here ]------------
[    5.538097] WARNING: CPU: 0 PID: 1 at kernel/smp.c:294 smp_call_function_single+0x89/0xa0()
[    5.538183] Modules linked in:
[    5.539337] CPU: 0 PID: 1 Comm: swapper/0 Tainted: G        W I    3.17.0-rc3-gb7fece1 #72
[    5.539470] Hardware name: LENOVO Sabine/Torpedo, BIOS 54CN18WW 07/20/2011
[    5.539531]  0000000000000009 ffff880407f0fd98 ffffffff81515361 0000000000000000
[    5.539742]  ffff880407f0fdd0 ffffffff8103f818 0000000000000000 ffffffff8101fc70
[    5.539954]  0000000000000001 ffff880407fa2440 ffffffff81aaebd0 ffff880407f0fde0
[    5.540164] Call Trace:
[    5.540222]  [<ffffffff81515361>] dump_stack+0x45/0x56
[    5.540283]  [<ffffffff8103f818>] warn_slowpath_common+0x78/0xa0
[    5.540346]  [<ffffffff8101fc70>] ? get_fixed_ranges.constprop.6+0x120/0x120
[    5.540409]  [<ffffffff8103f8f5>] warn_slowpath_null+0x15/0x20
[    5.540471]  [<ffffffff810a5ef9>] smp_call_function_single+0x89/0xa0
[    5.540534]  [<ffffffff8101e68f>] mtrr_save_state+0x2f/0x40
[    5.540597]  [<ffffffff81023e51>] native_cpu_up+0x91/0x9b0
[    5.540660]  [<ffffffff8105b66d>] ? notifier_call_chain+0x4d/0x70
[    5.540722]  [<ffffffff8103fc44>] cpu_up+0x154/0x1a0
[    5.540784]  [<ffffffff81ae0872>] smp_init+0x98/0xf5
[    5.540847]  [<ffffffff81acaf3b>] kernel_init_freeable+0xf3/0x200
[    5.540910]  [<ffffffff81511a40>] ? rest_init+0x80/0x80
[    5.540972]  [<ffffffff81511a49>] kernel_init+0x9/0xf0
[    5.541034]  [<ffffffff8151bbac>] ret_from_fork+0x7c/0xb0
[    5.541096]  [<ffffffff81511a40>] ? rest_init+0x80/0x80
[    5.541157] ---[ end trace 0b3f0947a18b059f ]---
[    5.541218] x86: Booting SMP configuration:
[    5.541278]     #1
[    5.541342] smpboot: Setting warm reset code and vector.
[    5.541454] smpboot: 1.
[    5.541512] smpboot: 2.
[    5.541570] smpboot: 3.
[    5.541628] smpboot: Asserting INIT
[    5.541687] smpboot: Waiting for INIT send to finish...
[    5.551752] smpboot: status for above ^ is: 0
[    5.551861] smpboot: Deasserting INIT
[    5.551924] smpboot: Waiting for above send to finish...
[    5.551988] smpboot: #startup loops: 2
[    5.552052] smpboot: Sending STARTUP #1
[    5.552115] smpboot: After apic_write
[    5.552478] smpboot: Startup point 1
[    5.552587] smpboot: Waiting for send to finish...
[    5.552851] smpboot: Sending STARTUP #2
[    5.552961] smpboot: After apic_write
[    5.553324] smpboot: Startup point 1
[    5.553434] smpboot: Waiting for send to finish...
[    5.553698] smpboot: After Startup
[    5.553807] smpboot: Before Callout 1
[    5.553870] smpboot: After Callout 1
[    5.553933] smpboot: start waiting 5sec for response
[   10.573430] smpboot: done waiting 5sec for response
[   10.573574] smpboot: cpumask_test_cpu result: 0
[   10.573637] smpboot: cpu_callin_mask: 000000000000000d
[   10.573733] smpboot: cpu_callout_mask: 000000000000000f
[   10.573794] smpboot: CPU1: Not responding
[   10.573914] smpboot: do_boot_cpu failed(1) to wakeup CPU#1
[   10.573981] after cpu_up !!!!!!!!!!!!
[   10.574020] x86: Booted up 1 node, 3 CPUs
[   10.574142] smpboot: Boot done
[   10.574204] smpboot: Before bogomips
[   10.574268] smpboot: Total of 3 processors activated (8388.24 BogoMIPS)
[   10.574334] smpboot: Before bogocount - setting activated=1
[   10.150109] devtmpfs: initialized
[   10.150144] device: 'platform': device_add
[   10.150228] bus: 'platform': registered
[   10.150296] bus: 'cpu': registered
[   10.150362] device: 'cpu': device_add
[   10.150453] bus: 'container': registered
[   10.150518] device: 'container': device_add
[   10.153741] bus: 'workqueue': registered
[   10.153865] device: 'workqueue': device_add
[   10.153956] kworker/u8:0 (39) used greatest stack depth: 14848 bytes left
[   10.154115] atomic64_test: passed for x86-64 platform with CX8 and with SSE
[   10.154185] device class 'regulator': registering
[   10.154301] Registering platform device 'reg-dummy'. Parent at platform
[   10.154414] device: 'reg-dummy': device_add
[   10.154482] bus: 'platform': add device reg-dummy
[   10.154574] bus: 'platform': add driver reg-dummy
[   10.154642] bus: 'platform': driver_probe_device: matched device reg-dummy with driver reg-dummy
[   10.154778] bus: 'platform': really_probe: probing driver reg-dummy with device reg-dummy
[   10.154919] device: 'regulator.0': device_add
[   10.155012] regulator-dummy: no parameters
[   10.155088] driver: 'reg-dummy': driver_bound: bound to device 'reg-dummy'
[   10.155155] bus: 'platform': really_probe: bound device reg-dummy to driver reg-dummy
[   10.155406] NET: Registered protocol family 16
[   10.155805] device class 'bdi': registering
[   10.155938] bus: 'platform': add driver ramoops
[   10.156020] device class 'pci_bus': registering
[   10.156110] bus: 'pci': registered
[   10.156178] device class 'backlight': registering
[   10.156672] device class 'tty': registering
[   10.156683] device class 'vtconsole': registering
[   10.156687] device: 'vtcon0': device_add
[   10.156785] bus: 'node': registered
[   10.156884] device: 'node': device_add
[   10.156969] bus: 'i2c': registered
[   10.157033] bus: 'i2c': add driver dummy
[   10.157101] i2c-core: driver [dummy] registered
[   10.157171] cpuidle: using governor ladder
[   10.157237] cpuidle: using governor menu
[   10.157734] ACPI FADT declares the system doesn't support PCIe ASPM, so disable it
[   10.157920] ACPI: bus type PCI registered
[   10.157985] acpiphp: ACPI Hot Plug PCI Controller Driver version: 0.5
[   10.158054] device class 'dmi': registering
[   10.158127] device: 'id': device_add
[   10.158248] PCI: MMCONFIG for domain 0000 [bus 00-3f] at [mem 0xf8000000-0xfbffffff] (base 0xf8000000)
[   10.158362] PCI: not using MMCONFIG
[   10.158426] PCI: Using configuration type 1 for base access
[   10.158491] PCI: Using configuration type 1 for extended access
[   10.158864] device: 'node0': device_add
[   10.158977] bus: 'node': add device node0
[   10.159071] device: 'cpu0': device_add
[   10.159138] bus: 'cpu': add device cpu0
[   10.159243] device: 'cpu1': device_add
[   10.159356] bus: 'cpu': add device cpu1
[   10.159446] device: 'cpu2': device_add
[   10.159510] bus: 'cpu': add device cpu2
[   10.159612] device: 'cpu3': device_add
[   10.159606] kworker/u8:0 (60) used greatest stack depth: 14176 bytes left
[   10.159780] bus: 'cpu': add device cpu3
[   10.180266] device: 'writeback': device_add
[   10.180266] bus: 'workqueue': add device writeback
[   10.180281] device: 'default': device_add
[   10.180500] device class 'block': registering
[   10.180500] ACPI: Added _OSI(Module Device)
[   10.180500] ACPI: Added _OSI(Processor Device)
[   10.180500] ACPI: Added _OSI(3.0 _SCP Extensions)
[   10.180500] ACPI: Added _OSI(Processor Aggregator Device)
[   10.184825] 
**** Context Switch from TID 4294967295 to TID 133431296 ****

[   10.185035]     utils-0051 util_eval_error       : Evaluate [\_SB_.PCI0.LPC0.EC0_._GLK]: AE_NOT_FOUND
[   10.185506] Executing  Method       \_SB_.PCI0.LPC0.EC0_._REG
[   10.186273] Executing  Method       \_SB_.PCI0.LPC0.EC0_._REG
[   10.186472] Executing  Method       \_SB_.PCI0.LPC0.EC0_._REG
[   10.186649] Executing  Method       \_SB_.PCI0.LPC0.EC0_._REG
[   10.189670] Initializing Region       \_SB_.OSTY
[   10.189877] Initializing Region       \_SB_.PCI0.NBMS
[   10.190078] Initializing Region       \_SB_.PCI0.NBXP
[   10.190229] Initializing Region       \_SB_.PCI0.K8ST
[   10.190393] Initializing Region       \_SB_.PCI0.BAR1
[   10.190554] Initializing Region       \_SB_.PCI0.PB2_.XPEX
[   10.190703] Initializing Region       \_SB_.PCI0.PB2_.PCFG
[   10.190851] Initializing Region       \_SB_.PCI0.PB2_.XPCB
[   10.191000] Initializing Region       \_SB_.PCI0.PB2_.XPRI
[   10.191153] Initializing Region       \_SB_.PCI0.PB2_.VGA_.PCFG
[   10.191365] Initializing Region       \_SB_.PCI0.PB2_.HDAU.PCFG
[   10.191526] Initializing Region       \_SB_.PCI0.PB3_.XPEX
[   10.191663] Initializing Region       \_SB_.PCI0.PB3_.PCFG
[   10.191813] Initializing Region       \_SB_.PCI0.PB3_.XPCB
[   10.191962] Initializing Region       \_SB_.PCI0.PB3_.XPRI
[   10.192116] Initializing Region       \_SB_.PCI0.PB3_.VGA_.PCFG
[   10.192336] Initializing Region       \_SB_.PCI0.PB3_.HDAU.PCFG
[   10.192500] Initializing Region       \_SB_.PCI0.PB4_.XPEX
[   10.192649] Initializing Region       \_SB_.PCI0.PB4_.PCFG
[   10.192790] Initializing Region       \_SB_.PCI0.PB4_.XPCB
[   10.192936] Initializing Region       \_SB_.PCI0.PB4_.XPRI
[   10.193089] Initializing Region       \_SB_.PCI0.PB4_.XPDV.PCFG
[   10.193253] Initializing Region       \_SB_.PCI0.PB5_.XPEX
[   10.193409] Initializing Region       \_SB_.PCI0.PB5_.PCFG
[   10.193558] Initializing Region       \_SB_.PCI0.PB5_.XPCB
[   10.193709] Initializing Region       \_SB_.PCI0.PB5_.XPRI
[   10.193862] Initializing Region       \_SB_.PCI0.PB5_.XPDV.PCFG
[   10.194014] Initializing Region       \_SB_.PCI0.PB6_.XPEX
[   10.194160] Initializing Region       \_SB_.PCI0.PB6_.PCFG
[   10.194309] Initializing Region       \_SB_.PCI0.PB6_.XPCB
[   10.194459] Initializing Region       \_SB_.PCI0.PB6_.XPRI
[   10.194612] Initializing Region       \_SB_.PCI0.PB6_.XPDV.PCFG
[   10.194776] Initializing Region       \_SB_.PCI0.PB7_.XPEX
[   10.194924] Initializing Region       \_SB_.PCI0.PB7_.PCFG
[   10.195074] Initializing Region       \_SB_.PCI0.PB7_.XPCB
[   10.195217] Initializing Region       \_SB_.PCI0.PB7_.XPRI
[   10.195364] Initializing Region       \_SB_.PCI0.PB7_.XPDV.PCFG
[   10.195804] Initializing Region       \_SB_.PCI0.SATC
[   10.196685] Initializing Region       \_SB_.PCI0.RMEM
[   10.196865] Initializing Region       \_SB_.PCI0.SATA.SATX
[   10.197018] Initializing Region       \_SB_.PCI0.SATA.BAR5
[   10.216844] Initializing Region       \_SB_.PCI0.SMB_.SBRV
[   10.217050] Initializing Region       \_SB_.PCI0.SMB_.PMIO
[   10.217198] Initializing Region       \_SB_.PCI0.SMB_.ERMM
[   10.217458] Initializing Region       \_SB_.PCI0.SMB_.P1E0
[   10.217606] Initializing Region       \_SB_.PCI0.SMB_.ABIO
[   10.217751] Initializing Region       \_SB_.PCI0.SMB_.SMB0
[   10.217903] Initializing Region       \_SB_.PCI0.LPC0.PIRQ
[   10.218105] Initializing Region       \_SB_.PCI0.LPC0.LPCR
[   10.218338] Initializing Region       \_SB_.PCI0.LPC0.LPCS
[   10.218540] Initializing Region       \_SB_.PCI0.LPC0.SMI0
[   10.218696] Initializing Region       \_SB_.PCI0.LPC0.SMI1
[   10.218851] Initializing Region       \_SB_.PCI0.LPC0.EC0_.ECO1
[   10.218993] Initializing Region       \_SB_.PCI0.LPC0.EC0_.ECO2
[   10.219130] Initializing Region       \_SB_.PCI0.LPC0.EC0_.ECMB
[   10.219266] Initializing Region       \_SB_.PCI0.LPC0.EC0_.RAM_
[   10.219523] Initializing Region       \_SB_.PCI0.LPC0.EC0_.CMOS
[   10.219695] Initializing Region       \_SB_.PCI0.LPC0.EC0_.VPC0.ERAM
[   10.220050] Initializing Region       \_SB_.PCI0.SPB0.PCFG
[   10.220242] Initializing Region       \_SB_.PCI0.SPB0.XPCB
[   10.220392] Initializing Region       \_SB_.PCI0.SPB0.XPDV.PCFG
[   10.220552] Initializing Region       \_SB_.PCI0.SPB1.PCFG
[   10.220693] Initializing Region       \_SB_.PCI0.SPB1.XPCB
[   10.220832] Initializing Region       \_SB_.PCI0.SPB1.XPDV.PCFG
[   10.220988] Initializing Region       \_SB_.PCI0.SPB2.PCFG
[   10.221135] Initializing Region       \_SB_.PCI0.SPB2.XPCB
[   10.221286] Initializing Region       \_SB_.PCI0.SPB2.XPDV.PCFG
[   10.221435] Initializing Region       \_SB_.PCI0.SPB3.PCFG
[   10.221572] Initializing Region       \_SB_.PCI0.SPB3.XPCB
[   10.221718] Initializing Region       \_SB_.PCI0.SPB3.XPDV.PCFG
[   10.222027] Initializing Region       \_SB_.PCI0.VGA_.REVD
[   10.222338] Initializing BufferField  \_SB_.AMW0.WLID
[   10.222948] Initializing Region       \DEB2
[   10.223132] Initializing Region       \PMIO
[   10.223276] Initializing Region       \P01_
[   10.223434] Initializing Region       \CNVS
[   10.223640] Initializing Region       \SPRT
[   10.223789] Initializing Region       \CMIO
[   10.224036] Executing  Method       \_SB_._STA
[   10.224255] Executing  Method       \_SB_._INI
[   10.224425] Executing  Method       \_SB_.PCI0._STA
[   10.224590] Executing  Method       \_SB_.PCI0._INI
[   10.225002] [Firmware Bug]: ACPI: BIOS _OSI(Linux) query ignored
[   10.225410] Executing  Method       \_SB_.PCI0.SATA._STA
[   10.225577] Executing  Method       \_SB_.PCI0.SATA._INI
[   10.226472] Executing  Method       \_SB_.PCI0.LPC0.EC0_._REG
[   10.250185] ACPI: Interpreter enabled
[   10.250244] ACPI: (supports S0 S5)
[   10.250309] ACPI: Using IOAPIC for interrupt routing
[   10.253567] PCI: MMCONFIG for domain 0000 [bus 00-3f] at [mem 0xf8000000-0xfbffffff] (base 0xf8000000)
[   10.254395] PCI: MMCONFIG at [mem 0xf8000000-0xfbffffff] reserved in ACPI motherboard resources
[   10.254689] bus: 'acpi': registered
[   10.254804] PCI: Using host bridge windows from ACPI; if necessary, use "pci=nocrs" and report a bug
[   10.254956]      scan-1141 get_device_data       : No context for object [ffffffffffffffff]
[   10.255170]     utils-0051 util_eval_error       : Evaluate [\._STA]: AE_NOT_FOUND
[   10.255384] device: 'LNXSYSTM:00': device_add
[   10.255454] bus: 'acpi': add device LNXSYSTM:00
[   10.255545]     utils-0051 util_eval_error       : Evaluate [\._SUN]: AE_NOT_FOUND
[   10.255768]      scan-1933 add_single_object     : Added LNXSYSTM:00 [\] parent (null)
[   10.255991]      scan-1141 get_device_data       : No context for object [ffff88040d81d000]
[   10.256201]      scan-1141 get_device_data       : No context for object [ffff88040d8377d0]
[   10.256385]      scan-1141 get_device_data       : No context for object [ffff88040d8377f8]
[   10.256594]      scan-1141 get_device_data       : No context for object [ffff88040d837820]
[   10.256806]      scan-1141 get_device_data       : No context for object [ffff88040d837848]
[   10.257016]      scan-1141 get_device_data       : No context for object [ffff88040d837870]
[   10.257226]      scan-1141 get_device_data       : No context for object [ffff88040d837898]
[   10.257411]      scan-1141 get_device_data       : No context for object [ffff88040d8378c0]
[   10.257620]      scan-1141 get_device_data       : No context for object [ffff88040d8378e8]
[   10.257820]      scan-1141 get_device_data       : No context for object [ffff88040d839398]
[   10.258018]      scan-1141 get_device_data       : No context for object [ffff88040d81d028]
[   10.258216]      scan-1141 get_device_data       : No context for object [ffff88040d81d168]
[   10.258395]     utils-0051 util_eval_error       : Evaluate [\_PR_.C000._STA]: AE_NOT_FOUND
[   10.258594]      scan-1141 get_device_data       : No context for object [ffff88040d81d028]
[   10.258796] device: 'LNXCPU:00': device_add
[   10.258856] bus: 'acpi': add device LNXCPU:00
[   10.258930]     utils-0051 util_eval_error       : Evaluate [\_PR_.C000._SUN]: AE_NOT_FOUND
[   10.259139]      scan-1933 add_single_object     : Added LNXCPU:00 [\_PR_.C000] parent LNXSYSTM:00
[   10.259342]      scan-1141 get_device_data       : No context for object [ffff88040d83c398]
[   10.259540]      scan-1141 get_device_data       : No context for object [ffff88040d83c3c0]
[   10.259739]      scan-1141 get_device_data       : No context for object [ffff88040d83c3e8]
[   10.259937]      scan-1141 get_device_data       : No context for object [ffff88040d83c410]
[   10.260130]      scan-1141 get_device_data       : No context for object [ffff88040d83c438]
[   10.260327]      scan-1141 get_device_data       : No context for object [ffff88040d83c460]
[   10.260526]      scan-1141 get_device_data       : No context for object [ffff88040d81d190]
[   10.260724]     utils-0051 util_eval_error       : Evaluate [\_PR_.C001._STA]: AE_NOT_FOUND
[   10.260922]      scan-1141 get_device_data       : No context for object [ffff88040d81d028]
[   10.261129] device: 'LNXCPU:01': device_add
[   10.261190] bus: 'acpi': add device LNXCPU:01
[   10.261258]     utils-0051 util_eval_error       : Evaluate [\_PR_.C001._SUN]: AE_NOT_FOUND
[   10.261441]      scan-1933 add_single_object     : Added LNXCPU:01 [\_PR_.C001] parent LNXSYSTM:00
[   10.261644]      scan-1141 get_device_data       : No context for object [ffff88040d83c488]
[   10.261842]      scan-1141 get_device_data       : No context for object [ffff88040d83c4b0]
[   10.262040]      scan-1141 get_device_data       : No context for object [ffff88040d83c4d8]
[   10.262238]      scan-1141 get_device_data       : No context for object [ffff88040d83c500]
[   10.262414]      scan-1141 get_device_data       : No context for object [ffff88040d83c528]
[   10.262606]      scan-1141 get_device_data       : No context for object [ffff88040d83c550]
[   10.262804]      scan-1141 get_device_data       : No context for object [ffff88040d81d1b8]
[   10.263005]     utils-0051 util_eval_error       : Evaluate [\_PR_.C002._STA]: AE_NOT_FOUND
[   10.263203]      scan-1141 get_device_data       : No context for object [ffff88040d81d028]
[   10.263345] device: 'LNXCPU:02': device_add
[   10.263407] bus: 'acpi': add device LNXCPU:02
[   10.263481]     utils-0051 util_eval_error       : Evaluate [\_PR_.C002._SUN]: AE_NOT_FOUND
[   10.263685]      scan-1933 add_single_object     : Added LNXCPU:02 [\_PR_.C002] parent LNXSYSTM:00
[   10.263885]      scan-1141 get_device_data       : No context for object [ffff88040d83c578]
[   10.264084]      scan-1141 get_device_data       : No context for object [ffff88040d83c5a0]
[   10.264282]      scan-1141 get_device_data       : No context for object [ffff88040d83c5c8]
[   10.264480]      scan-1141 get_device_data       : No context for object [ffff88040d83c5f0]
[   10.264677]      scan-1141 get_device_data       : No context for object [ffff88040d83c618]
[   10.264875]      scan-1141 get_device_data       : No context for object [ffff88040d83c640]
[   10.265066]      scan-1141 get_device_data       : No context for object [ffff88040d81d1e0]
[   10.265264]     utils-0051 util_eval_error       : Evaluate [\_PR_.C003._STA]: AE_NOT_FOUND
[   10.265415]      scan-1141 get_device_data       : No context for object [ffff88040d81d028]
[   10.265599] device: 'LNXCPU:03': device_add
[   10.265660] bus: 'acpi': add device LNXCPU:03
[   10.265734]     utils-0051 util_eval_error       : Evaluate [\_PR_.C003._SUN]: AE_NOT_FOUND
[   10.265937]      scan-1933 add_single_object     : Added LNXCPU:03 [\_PR_.C003] parent LNXSYSTM:00
[   10.266135]      scan-1141 get_device_data       : No context for object [ffff88040d83c668]
[   10.266311]      scan-1141 get_device_data       : No context for object [ffff88040d83c690]
[   10.266505]      scan-1141 get_device_data       : No context for object [ffff88040d83c6b8]
[   10.266670]      scan-1141 get_device_data       : No context for object [ffff88040d83c6e0]
[   10.266866]      scan-1141 get_device_data       : No context for object [ffff88040d83c708]
[   10.267063]      scan-1141 get_device_data       : No context for object [ffff88040d83c730]
[   10.267258]      scan-1141 get_device_data       : No context for object [ffff88040d81d050]
[   10.267409]     utils-0051 util_eval_error       : Evaluate [\_SB_._STA]: AE_NOT_FOUND
[   10.267621] device: 'LNXSYBUS:00': device_add
[   10.267679] bus: 'acpi': add device LNXSYBUS:00
[   10.267755]     utils-0051 util_eval_error       : Evaluate [\_SB_._SUN]: AE_NOT_FOUND
[   10.267962]      scan-1933 add_single_object     : Added LNXSYBUS:00 [\_SB_] parent LNXSYSTM:00
[   10.268167]      scan-1141 get_device_data       : No context for object [ffff88040d81d3c0]
[   10.268352]      scan-1141 get_device_data       : No context for object [ffff88040d81d3e8]
[   10.268549]      scan-1141 get_device_data       : No context for object [ffff88040d81d410]
[   10.268749]      scan-1141 get_device_data       : No context for object [ffff88040d81d438]
[   10.268943]      scan-1141 get_device_data       : No context for object [ffff88040d81d460]
[   10.270131]      scan-1141 get_device_data       : No context for object [ffff88040d81d488]
[   10.270329]      scan-1141 get_device_data       : No context for object [ffff88040d81d4b0]
[   10.270527]      scan-1141 get_device_data       : No context for object [ffff88040d81d5a0]
[   10.270726]     utils-0051 util_eval_error       : Evaluate [\_SB_.PWRB._STA]: AE_NOT_FOUND
[   10.270957] device: 'PNP0C0C:00': device_add
[   10.271016] bus: 'acpi': add device PNP0C0C:00
[   10.271083]     utils-0051 util_eval_error       : Evaluate [\_SB_.PWRB._SUN]: AE_NOT_FOUND
[   10.271289]      scan-1933 add_single_object     : Added PNP0C0C:00 [\_SB_.PWRB] parent LNXSYBUS:00
[   10.271451]      scan-1141 get_device_data       : No context for object [ffff88040d81d5c8]
[   10.271628]      scan-1141 get_device_data       : No context for object [ffff88040d81d5f0]
[   10.271829]     utils-0051 util_eval_error       : Evaluate [\_SB_.PCI0._STA]: AE_NOT_FOUND
[   10.272088] device: 'PNP0A08:00': device_add
[   10.272196] bus: 'acpi': add device PNP0A08:00
[   10.272267]     utils-0051 util_eval_error       : Evaluate [\_SB_.PCI0._SUN]: AE_NOT_FOUND
[   10.272426]      scan-1933 add_single_object     : Added PNP0A08:00 [\_SB_.PCI0] parent LNXSYBUS:00
[   10.272615]      scan-1141 get_device_data       : No context for object [ffff88040d81d618]
[   10.272813]      scan-1141 get_device_data       : No context for object [ffff88040d81d640]
[   10.273011]      scan-1141 get_device_data       : No context for object [ffff88040d81d668]
[   10.273209]      scan-1141 get_device_data       : No context for object [ffff88040d81d690]
[   10.273336]      scan-1141 get_device_data       : No context for object [ffff88040d81d6b8]
[   10.273530]      scan-1141 get_device_data       : No context for object [ffff88040d81d6e0]
[   10.273728]      scan-1141 get_device_data       : No context for object [ffff88040d81d708]
[   10.273925]      scan-1141 get_device_data       : No context for object [ffff88040d81d730]
[   10.274123]      scan-1141 get_device_data       : No context for object [ffff88040d81d758]
[   10.274300]      scan-1141 get_device_data       : No context for object [ffff88040d81d780]
[   10.274498]      scan-1141 get_device_data       : No context for object [ffff88040d81d7a8]
[   10.274695]      scan-1141 get_device_data       : No context for object [ffff88040d81d7d0]
[   10.274890]      scan-1141 get_device_data       : No context for object [ffff88040d81d7f8]
[   10.275087]      scan-1141 get_device_data       : No context for object [ffff88040d81d820]
[   10.275285]      scan-1141 get_device_data       : No context for object [ffff88040d81d848]
[   10.275483]      scan-1141 get_device_data       : No context for object [ffff88040d81d870]
[   10.275681]      scan-1141 get_device_data       : No context for object [ffff88040d81d898]
[   10.275878]      scan-1141 get_device_data       : No context for object [ffff88040d81d8c0]
[   10.276073]      scan-1141 get_device_data       : No context for object [ffff88040d81d8e8]
[   10.276270]      scan-1141 get_device_data       : No context for object [ffff88040d81d910]
[   10.276468]      scan-1141 get_device_data       : No context for object [ffff88040d81d938]
[   10.276669]      scan-1141 get_device_data       : No context for object [ffff88040d81d960]
[   10.276867]      scan-1141 get_device_data       : No context for object [ffff88040d81d988]
[   10.277064]      scan-1141 get_device_data       : No context for object [ffff88040d81d9b0]
[   10.277258]      scan-1141 get_device_data       : No context for object [ffff88040d81d9d8]
[   10.277455]      scan-1141 get_device_data       : No context for object [ffff88040d81da00]
[   10.277653]      scan-1141 get_device_data       : No context for object [ffff88040d81da28]
[   10.277851]      scan-1141 get_device_data       : No context for object [ffff88040d81da50]
[   10.278049]      scan-1141 get_device_data       : No context for object [ffff88040d81da78]
[   10.278247]      scan-1141 get_device_data       : No context for object [ffff88040d81daa0]
[   10.278422]      scan-1141 get_device_data       : No context for object [ffff88040d81dac8]
[   10.278619]      scan-1141 get_device_data       : No context for object [ffff88040d81daf0]
[   10.278817]      scan-1141 get_device_data       : No context for object [ffff88040d81db18]
[   10.279014]      scan-1141 get_device_data       : No context for object [ffff88040d81db40]
[   10.279212]      scan-1141 get_device_data       : No context for object [ffff88040d81db68]
[   10.279363]      scan-1141 get_device_data       : No context for object [ffff88040d81db90]
[   10.279539]      scan-1141 get_device_data       : No context for object [ffff88040d81dbb8]
[   10.279732]      scan-1141 get_device_data       : No context for object [ffff88040d81dbe0]
[   10.280002]      scan-1141 get_device_data       : No context for object [ffff88040d81dc08]
[   10.280200]      scan-1141 get_device_data       : No context for object [ffff88040d81dc30]
[   10.280377]      scan-1141 get_device_data       : No context for object [ffff88040d81dc58]
[   10.280574]      scan-1141 get_device_data       : No context for object [ffff88040d81dc80]
[   10.280772]      scan-1141 get_device_data       : No context for object [ffff88040d81dca8]
[   10.280968]      scan-1141 get_device_data       : No context for object [ffff88040d81dcd0]
[   10.281166]      scan-1141 get_device_data       : No context for object [ffff88040d81dcf8]
[   10.281360]      scan-1141 get_device_data       : No context for object [ffff88040d81dd20]
[   10.281557]      scan-1141 get_device_data       : No context for object [ffff88040d81dd48]
[   10.281754]      scan-1141 get_device_data       : No context for object [ffff88040d81dd70]
[   10.281949]      scan-1141 get_device_data       : No context for object [ffff88040d81dd98]
[   10.282143]      scan-1141 get_device_data       : No context for object [ffff88040d81ddc0]
[   10.282337]      scan-1141 get_device_data       : No context for object [ffff88040d81dde8]
[   10.282532]      scan-1141 get_device_data       : No context for object [ffff88040d81de10]
[   10.282726]      scan-1141 get_device_data       : No context for object [ffff88040d81de38]
[   10.282920]      scan-1141 get_device_data       : No context for object [ffff88040d81de60]
[   10.283115]      scan-1141 get_device_data       : No context for object [ffff88040d81de88]
[   10.283309]      scan-1141 get_device_data       : No context for object [ffff88040d81deb0]
[   10.283448]      scan-1141 get_device_data       : No context for object [ffff88040d81ded8]
[   10.283626]      scan-1141 get_device_data       : No context for object [ffff88040d81df00]
[   10.283821]      scan-1141 get_device_data       : No context for object [ffff88040d81df28]
[   10.284015]      scan-1141 get_device_data       : No context for object [ffff88040d81df50]
[   10.284210]      scan-1141 get_device_data       : No context for object [ffff88040d81df78]
[   10.284387]      scan-1141 get_device_data       : No context for object [ffff88040d81dfa0]
[   10.284581]      scan-1141 get_device_data       : No context for object [ffff88040d81dfc8]
[   10.284775]      scan-1141 get_device_data       : No context for object [ffff88040d822000]
[   10.285899]      scan-1141 get_device_data       : No context for object [ffff88040d822028]
[   10.286096]     utils-0051 util_eval_error       : Evaluate [\_SB_.PCI0.MEMR._STA]: AE_NOT_FOUND
[   10.286329] device: 'PNP0C02:00': device_add
[   10.286392] bus: 'acpi': add device PNP0C02:00
[   10.286467]     utils-0051 util_eval_error       : Evaluate [\_SB_.PCI0.MEMR._SUN]: AE_NOT_FOUND
[   10.286695]      scan-1933 add_single_object     : Added PNP0C02:00 [\_SB_.PCI0.MEMR] parent PNP0A08:00
[   10.286875]      scan-1141 get_device_data       : No context for object [ffff88040d822050]
[   10.287071]      scan-1141 get_device_data       : No context for object [ffff88040d822078]
[   10.287267]      scan-1141 get_device_data       : No context for object [ffff88040d8220a0]
[   10.287419]      scan-1141 get_device_data       : No context for object [ffff88040d8220c8]
[   10.287596]      scan-1141 get_device_data       : No context for object [ffff88040d8220f0]
[   10.287793]      scan-1141 get_device_data       : No context for object [ffff88040d822118]
[   10.287991]      scan-1141 get_device_data       : No context for object [ffff88040d822140]
[   10.288188]      scan-1141 get_device_data       : No context for object [ffff88040d822168]
[   10.288364]      scan-1141 get_device_data       : No context for object [ffff88040d822190]
[   10.288562]      scan-1141 get_device_data       : No context for object [ffff88040d8221b8]
[   10.288760]      scan-1141 get_device_data       : No context for object [ffff88040d8221e0]
[   10.288957]      scan-1141 get_device_data       : No context for object [ffff88040d822208]
[   10.289155]      scan-1141 get_device_data       : No context for object [ffff88040d822230]
[   10.289352]      scan-1141 get_device_data       : No context for object [ffff88040d822258]
[   10.289546]      scan-1141 get_device_data       : No context for object [ffff88040d822280]
[   10.289745]      scan-1141 get_device_data       : No context for object [ffff88040d8222a8]
[   10.289944]     utils-0051 util_eval_error       : Evaluate [\_SB_.PCI0.PB2_._STA]: AE_NOT_FOUND
[   10.290238] device: 'device:00': device_add
[   10.290302] bus: 'acpi': add device device:00
[   10.290377]     utils-0051 util_eval_error       : Evaluate [\_SB_.PCI0.PB2_._SUN]: AE_NOT_FOUND
[   10.290564]      scan-1933 add_single_object     : Added device:00 [\_SB_.PCI0.PB2_] parent PNP0A08:00
[   10.290764]      scan-1141 get_device_data       : No context for object [ffff88040d8222d0]
[   10.290963]      scan-1141 get_device_data       : No context for object [ffff88040d8222f8]
[   10.291161]      scan-1141 get_device_data       : No context for object [ffff88040d822320]
[   10.291351]      scan-1141 get_device_data       : No context for object [ffff88040d822348]
[   10.291549]      scan-1141 get_device_data       : No context for object [ffff88040d822370]
[   10.291747]      scan-1141 get_device_data       : No context for object [ffff88040d822398]
[   10.291943]      scan-1141 get_device_data       : No context for object [ffff88040d8223c0]
[   10.292139]      scan-1141 get_device_data       : No context for object [ffff88040d8223e8]
[   10.292336]      scan-1141 get_device_data       : No context for object [ffff88040d822410]
[   10.292534]      scan-1141 get_device_data       : No context for object [ffff88040d822438]
[   10.292732]      scan-1141 get_device_data       : No context for object [ffff88040d822460]
[   10.292930]      scan-1141 get_device_data       : No context for object [ffff88040d822488]
[   10.293129]      scan-1141 get_device_data       : No context for object [ffff88040d8224b0]
[   10.293336]      scan-1141 get_device_data       : No context for object [ffff88040d8224d8]
[   10.293534]      scan-1141 get_device_data       : No context for object [ffff88040d822500]
[   10.293731]      scan-1141 get_device_data       : No context for object [ffff88040d822528]
[   10.293929]      scan-1141 get_device_data       : No context for object [ffff88040d822550]
[   10.294127]      scan-1141 get_device_data       : No context for object [ffff88040d822578]
[   10.294323]      scan-1141 get_device_data       : No context for object [ffff88040d8225a0]
[   10.294499]      scan-1141 get_device_data       : No context for object [ffff88040d8225c8]
[   10.294697]      scan-1141 get_device_data       : No context for object [ffff88040d8225f0]
[   10.294895]      scan-1141 get_device_data       : No context for object [ffff88040d822618]
[   10.295092]      scan-1141 get_device_data       : No context for object [ffff88040d822640]
[   10.295290]      scan-1141 get_device_data       : No context for object [ffff88040d822668]
[   10.295441]      scan-1141 get_device_data       : No context for object [ffff88040d822690]
[   10.295618]      scan-1141 get_device_data       : No context for object [ffff88040d8226b8]
[   10.295812]      scan-1141 get_device_data       : No context for object [ffff88040d8226e0]
[   10.296010]      scan-1141 get_device_data       : No context for object [ffff88040d822708]
[   10.296208]      scan-1141 get_device_data       : No context for object [ffff88040d822730]
[   10.296386]      scan-1141 get_device_data       : No context for object [ffff88040d822758]
[   10.296583]      scan-1141 get_device_data       : No context for object [ffff88040d822780]
[   10.296669]     utils-0051 util_eval_error       : Evaluate [\_SB_.PCI0.PB2_.VGA_._STA]: AE_NOT_FOUND
[   10.296905] device: 'device:01': device_add
[   10.297014] bus: 'acpi': add device device:01
[   10.297091]     utils-0051 util_eval_error       : Evaluate [\_SB_.PCI0.PB2_.VGA_._SUN]: AE_NOT_FOUND
[   10.297278]      scan-1933 add_single_object     : Added device:01 [\_SB_.PCI0.PB2_.VGA_] parent device:00
[   10.297482]      scan-1141 get_device_data       : No context for object [ffff88040d8227a8]
[   10.297680]      scan-1141 get_device_data       : No context for object [ffff88040d8227d0]
[   10.297877]      scan-1141 get_device_data       : No context for object [ffff88040d8227f8]
[   10.298072]      scan-1141 get_device_data       : No context for object [ffff88040d822820]
[   10.298249]      scan-1141 get_device_data       : No context for object [ffff88040d822848]
[   10.298445]      scan-1141 get_device_data       : No context for object [ffff88040d822870]
[   10.298638]      scan-1141 get_device_data       : No context for object [ffff88040d822898]
[   10.298833]      scan-1141 get_device_data       : No context for object [ffff88040d8228c0]
[   10.299026]      scan-1141 get_device_data       : No context for object [ffff88040d8228e8]
[   10.299219]      scan-1141 get_device_data       : No context for object [ffff88040d822910]
[   10.299413]      scan-1141 get_device_data       : No context for object [ffff88040d822938]
[   10.299608]      scan-1141 get_device_data       : No context for object [ffff88040d822960]
[   10.299804]      scan-1141 get_device_data       : No context for object [ffff88040d822988]
[   10.300002]      scan-1141 get_device_data       : No context for object [ffff88040d8229b0]
[   10.300197]      scan-1141 get_device_data       : No context for object [ffff88040d8229d8]
[   10.300394]      scan-1141 get_device_data       : No context for object [ffff88040d822a00]
[   10.300585]      scan-1141 get_device_data       : No context for object [ffff88040d822a28]
[   10.300781]      scan-1141 get_device_data       : No context for object [ffff88040d822a50]
[   10.300976]      scan-1141 get_device_data       : No context for object [ffff88040d822a78]
[   10.301171]      scan-1141 get_device_data       : No context for object [ffff88040d822aa0]
[   10.301319]      scan-1141 get_device_data       : No context for object [ffff88040d822ac8]
[   10.301496]      scan-1141 get_device_data       : No context for object [ffff88040d822af0]
[   10.301690]      scan-1141 get_device_data       : No context for object [ffff88040d822b18]
[   10.301884]      scan-1141 get_device_data       : No context for object [ffff88040d822b40]
[   10.302079]      scan-1141 get_device_data       : No context for object [ffff88040d822b68]
[   10.302256]      scan-1141 get_device_data       : No context for object [ffff88040d822b90]
[   10.302452]      scan-1141 get_device_data       : No context for object [ffff88040d822bb8]
[   10.302648]      scan-1141 get_device_data       : No context for object [ffff88040d822be0]
[   10.302845]      scan-1141 get_device_data       : No context for object [ffff88040d822c08]
[   10.303039]      scan-1141 get_device_data       : No context for object [ffff88040d822c30]
[   10.303336]      scan-1141 get_device_data       : No context for object [ffff88040d822c58]
[   10.303534]      scan-1141 get_device_data       : No context for object [ffff88040d822c80]
[   10.303731]      scan-1141 get_device_data       : No context for object [ffff88040d822ca8]
[   10.303929]      scan-1141 get_device_data       : No context for object [ffff88040d822cd0]
[   10.304127]      scan-1141 get_device_data       : No context for object [ffff88040d822cf8]
[   10.304324]      scan-1141 get_device_data       : No context for object [ffff88040d822d20]
[   10.304518]      scan-1141 get_device_data       : No context for object [ffff88040d822d48]
[   10.304716]      scan-1141 get_device_data       : No context for object [ffff88040d822d70]
[   10.304914]      scan-1141 get_device_data       : No context for object [ffff88040d822d98]
[   10.305112]      scan-1141 get_device_data       : No context for object [ffff88040d837438]
[   10.305311]      scan-1141 get_device_data       : No context for object [ffff88040d822dc0]
[   10.305511]     utils-0051 util_eval_error       : Evaluate [\_SB_.PCI0.PB2_.HDAU._STA]: AE_NOT_FOUND
[   10.306689] device: 'device:02': device_add
[   10.306752] bus: 'acpi': add device device:02
[   10.306826]     utils-0051 util_eval_error       : Evaluate [\_SB_.PCI0.PB2_.HDAU._SUN]: AE_NOT_FOUND
[   10.307034]      scan-1933 add_single_object     : Added device:02 [\_SB_.PCI0.PB2_.HDAU] parent device:00
[   10.307237]      scan-1141 get_device_data       : No context for object [ffff88040d822de8]
[   10.307390]      scan-1141 get_device_data       : No context for object [ffff88040d822e10]
[   10.307568]      scan-1141 get_device_data       : No context for object [ffff88040d822e38]
[   10.307764]      scan-1141 get_device_data       : No context for object [ffff88040d822e60]
[   10.307958]      scan-1141 get_device_data       : No context for object [ffff88040d822e88]
[   10.308156]      scan-1141 get_device_data       : No context for object [ffff88040d822eb0]
[   10.308334]      scan-1141 get_device_data       : No context for object [ffff88040d822ed8]
[   10.308533]     utils-0051 util_eval_error       : Evaluate [\_SB_.PCI0.PB3_._STA]: AE_NOT_FOUND
[   10.308830] device: 'device:03': device_add
[   10.308893] bus: 'acpi': add device device:03
[   10.308963]     utils-0051 util_eval_error       : Evaluate [\_SB_.PCI0.PB3_._SUN]: AE_NOT_FOUND
[   10.309166]      scan-1933 add_single_object     : Added device:03 [\_SB_.PCI0.PB3_] parent PNP0A08:00
[   10.309349]      scan-1141 get_device_data       : No context for object [ffff88040d822f00]
[   10.309547]      scan-1141 get_device_data       : No context for object [ffff88040d822f28]
[   10.309745]      scan-1141 get_device_data       : No context for object [ffff88040d822f50]
[   10.310003]      scan-1141 get_device_data       : No context for object [ffff88040d822f78]
[   10.310200]      scan-1141 get_device_data       : No context for object [ffff88040d822fa0]
[   10.310376]      scan-1141 get_device_data       : No context for object [ffff88040d822fc8]
[   10.310572]      scan-1141 get_device_data       : No context for object [ffff88040d823000]
[   10.310771]      scan-1141 get_device_data       : No context for object [ffff88040d823028]
[   10.310969]      scan-1141 get_device_data       : No context for object [ffff88040d823050]
[   10.311166]      scan-1141 get_device_data       : No context for object [ffff88040d823078]
[   10.311351]      scan-1141 get_device_data       : No context for object [ffff88040d8230a0]
[   10.311548]      scan-1141 get_device_data       : No context for object [ffff88040d8230c8]
[   10.311742]      scan-1141 get_device_data       : No context for object [ffff88040d8230f0]
[   10.311940]      scan-1141 get_device_data       : No context for object [ffff88040d823118]
[   10.312138]      scan-1141 get_device_data       : No context for object [ffff88040d823140]
[   10.312335]      scan-1141 get_device_data       : No context for object [ffff88040d823168]
[   10.312533]      scan-1141 get_device_data       : No context for object [ffff88040d823190]
[   10.312729]      scan-1141 get_device_data       : No context for object [ffff88040d8231b8]
[   10.312922]      scan-1141 get_device_data       : No context for object [ffff88040d8231e0]
[   10.313121]      scan-1141 get_device_data       : No context for object [ffff88040d823208]
[   10.313335]      scan-1141 get_device_data       : No context for object [ffff88040d823230]
[   10.313512]      scan-1141 get_device_data       : No context for object [ffff88040d823258]
[   10.313710]      scan-1141 get_device_data       : No context for object [ffff88040d823280]
[   10.313907]      scan-1141 get_device_data       : No context for object [ffff88040d8232a8]
[   10.314101]      scan-1141 get_device_data       : No context for object [ffff88040d8232d0]
[   10.314298]      scan-1141 get_device_data       : No context for object [ffff88040d8232f8]
[   10.314450]      scan-1141 get_device_data       : No context for object [ffff88040d823320]
[   10.314627]      scan-1141 get_device_data       : No context for object [ffff88040d823348]
[   10.314825]      scan-1141 get_device_data       : No context for object [ffff88040d823370]
[   10.315022]      scan-1141 get_device_data       : No context for object [ffff88040d823398]
[   10.315219]      scan-1141 get_device_data       : No context for object [ffff88040d8233c0]
[   10.315394]     utils-0051 util_eval_error       : Evaluate [\_SB_.PCI0.PB3_.VGA_._STA]: AE_NOT_FOUND
[   10.315622]     video-0058 backlight_cap_match   : Found generic backlight support
[   10.315829] device: 'LNXVIDEO:00': device_add
[   10.315891] bus: 'acpi': add device LNXVIDEO:00
[   10.315969]     utils-0051 util_eval_error       : Evaluate [\_SB_.PCI0.PB3_.VGA_._SUN]: AE_NOT_FOUND
[   10.316174]      scan-1933 add_single_object     : Added LNXVIDEO:00 [\_SB_.PCI0.PB3_.VGA_] parent device:03
[   10.316374]      scan-1141 get_device_data       : No context for object [ffff88040d8233e8]
[   10.316564]      scan-1141 get_device_data       : No context for object [ffff88040d823410]
[   10.316669]      scan-1141 get_device_data       : No context for object [ffff88040d823438]
[   10.316864]      scan-1141 get_device_data       : No context for object [ffff88040d823460]
[   10.317058]      scan-1141 get_device_data       : No context for object [ffff88040d823488]
[   10.317254]      scan-1141 get_device_data       : No context for object [ffff88040d8234b0]
[   10.317449]      scan-1141 get_device_data       : No context for object [ffff88040d8234d8]
[   10.317643]      scan-1141 get_device_data       : No context for object [ffff88040d823500]
[   10.317836]      scan-1141 get_device_data       : No context for object [ffff88040d823528]
[   10.318031]      scan-1141 get_device_data       : No context for object [ffff88040d823550]
[   10.318226]      scan-1141 get_device_data       : No context for object [ffff88040d823578]
[   10.318406]      scan-1141 get_device_data       : No context for object [ffff88040d8235a0]
[   10.318600]      scan-1141 get_device_data       : No context for object [ffff88040d8235c8]
[   10.318795]      scan-1141 get_device_data       : No context for object [ffff88040d8235f0]
[   10.318985]      scan-1141 get_device_data       : No context for object [ffff88040d823618]
[   10.319181]      scan-1141 get_device_data       : No context for object [ffff88040d823640]
[   10.319331]      scan-1141 get_device_data       : No context for object [ffff88040d823668]
[   10.319508]      scan-1141 get_device_data       : No context for object [ffff88040d823690]
[   10.319706]      scan-1141 get_device_data       : No context for object [ffff88040d8236b8]
[   10.319904]      scan-1141 get_device_data       : No context for object [ffff88040d8236e0]
[   10.320163]      scan-1141 get_device_data       : No context for object [ffff88040d823708]
[   10.320339]      scan-1141 get_device_data       : No context for object [ffff88040d823730]
[   10.320537]      scan-1141 get_device_data       : No context for object [ffff88040d823758]
[   10.320735]      scan-1141 get_device_data       : No context for object [ffff88040d823780]
[   10.320932]      scan-1141 get_device_data       : No context for object [ffff88040d8237a8]
[   10.321130]      scan-1141 get_device_data       : No context for object [ffff88040d8237d0]
[   10.321328]      scan-1141 get_device_data       : No context for object [ffff88040d8237f8]
[   10.321523]      scan-1141 get_device_data       : No context for object [ffff88040d823820]
[   10.322738]      scan-1141 get_device_data       : No context for object [ffff88040d823848]
[   10.322936]      scan-1141 get_device_data       : No context for object [ffff88040d823870]
[   10.323134]      scan-1141 get_device_data       : No context for object [ffff88040d823898]
[   10.323336]      scan-1141 get_device_data       : No context for object [ffff88040d8238c0]
[   10.323533]      scan-1141 get_device_data       : No context for object [ffff88040d8238e8]
[   10.323732]      scan-1141 get_device_data       : No context for object [ffff88040d823910]
[   10.323927]      scan-1141 get_device_data       : No context for object [ffff88040d823938]
[   10.324126]      scan-1141 get_device_data       : No context for object [ffff88040d823960]
[   10.324324]      scan-1141 get_device_data       : No context for object [ffff88040d823988]
[   10.324522]      scan-1141 get_device_data       : No context for object [ffff88040d8239b0]
[   10.324719]      scan-1141 get_device_data       : No context for object [ffff88040d8239d8]
[   10.324918]      scan-1141 get_device_data       : No context for object [ffff88040d837460]
[   10.325113]      scan-1141 get_device_data       : No context for object [ffff88040d83ac08]
[   10.325311]      scan-1141 get_device_data       : No context for object [ffff88040d83ac30]
[   10.325509]      scan-1141 get_device_data       : No context for object [ffff88040d83ac58]
[   10.325708]     utils-0051 util_eval_error       : Evaluate [\_SB_.PCI0.PB3_.VGA_.CRT_._STA]: AE_NOT_FOUND
[   10.325953] device: 'device:04': device_add
[   10.326063] bus: 'acpi': add device device:04
[   10.326137]     utils-0051 util_eval_error       : Evaluate [\_SB_.PCI0.PB3_.VGA_.CRT_._SUN]: AE_NOT_FOUND
[   10.326339]      scan-1933 add_single_object     : Added device:04 [\_SB_.PCI0.PB3_.VGA_.CRT_] parent LNXVIDEO:00
[   10.326543]      scan-1141 get_device_data       : No context for object [ffff88040d83ac80]
[   10.326669]      scan-1141 get_device_data       : No context for object [ffff88040d83aca8]
[   10.326867]      scan-1141 get_device_data       : No context for object [ffff88040d83acd0]
[   10.327064]      scan-1141 get_device_data       : No context for object [ffff88040d83acf8]
[   10.327262]      scan-1141 get_device_data       : No context for object [ffff88040d83ad20]
[   10.327459]     utils-0051 util_eval_error       : Evaluate [\_SB_.PCI0.PB3_.VGA_.LCD_._STA]: AE_NOT_FOUND
[   10.327700] device: 'device:05': device_add
[   10.327810] bus: 'acpi': add device device:05
[   10.327885]     utils-0051 util_eval_error       : Evaluate [\_SB_.PCI0.PB3_.VGA_.LCD_._SUN]: AE_NOT_FOUND
[   10.328093]      scan-1933 add_single_object     : Added device:05 [\_SB_.PCI0.PB3_.VGA_.LCD_] parent LNXVIDEO:00
[   10.328275]      scan-1141 get_device_data       : No context for object [ffff88040d83ad48]
[   10.328473]      scan-1141 get_device_data       : No context for object [ffff88040d83ad70]
[   10.328670]      scan-1141 get_device_data       : No context for object [ffff88040d83ad98]
[   10.328865]      scan-1141 get_device_data       : No context for object [ffff88040d83adc0]
[   10.329062]      scan-1141 get_device_data       : No context for object [ffff88040d83ade8]
[   10.329260]      scan-1141 get_device_data       : No context for object [ffff88040d83ae10]
[   10.329458]      scan-1141 get_device_data       : No context for object [ffff88040d83ae38]
[   10.329655]      scan-1141 get_device_data       : No context for object [ffff88040d83ae60]
[   10.329854]     utils-0051 util_eval_error       : Evaluate [\_SB_.PCI0.PB3_.VGA_.TV0_._STA]: AE_NOT_FOUND
[   10.330165] device: 'device:06': device_add
[   10.330228] bus: 'acpi': add device device:06
[   10.330305]     utils-0051 util_eval_error       : Evaluate [\_SB_.PCI0.PB3_.VGA_.TV0_._SUN]: AE_NOT_FOUND
[   10.330492]      scan-1933 add_single_object     : Added device:06 [\_SB_.PCI0.PB3_.VGA_.TV0_] parent LNXVIDEO:00
[   10.330696]      scan-1141 get_device_data       : No context for object [ffff88040d83ae88]
[   10.330893]      scan-1141 get_device_data       : No context for object [ffff88040d83aeb0]
[   10.331092]      scan-1141 get_device_data       : No context for object [ffff88040d83aed8]
[   10.331285]      scan-1141 get_device_data       : No context for object [ffff88040d83af00]
[   10.331439]      scan-1141 get_device_data       : No context for object [ffff88040d83af28]
[   10.331617]     utils-0051 util_eval_error       : Evaluate [\_SB_.PCI0.PB3_.VGA_.HDMI._STA]: AE_NOT_FOUND
[   10.331858] device: 'device:07': device_add
[   10.331965] bus: 'acpi': add device device:07
[   10.332038]     utils-0051 util_eval_error       : Evaluate [\_SB_.PCI0.PB3_.VGA_.HDMI._SUN]: AE_NOT_FOUND
[   10.332245]      scan-1933 add_single_object     : Added device:07 [\_SB_.PCI0.PB3_.VGA_.HDMI] parent LNXVIDEO:00
[   10.332396]      scan-1141 get_device_data       : No context for object [ffff88040d83af50]
[   10.332570]      scan-1141 get_device_data       : No context for object [ffff88040d83af78]
[   10.332765]      scan-1141 get_device_data       : No context for object [ffff88040d83afa0]
[   10.332959]      scan-1141 get_device_data       : No context for object [ffff88040d83afc8]
[   10.333155]      scan-1141 get_device_data       : No context for object [ffff88040d823a00]
[   10.333337]     utils-0051 util_eval_error       : Evaluate [\_SB_.PCI0.PB3_.HDAU._STA]: AE_NOT_FOUND
[   10.333556] device: 'device:08': device_add
[   10.333614] bus: 'acpi': add device device:08
[   10.333682]     utils-0051 util_eval_error       : Evaluate [\_SB_.PCI0.PB3_.HDAU._SUN]: AE_NOT_FOUND
[   10.333887]      scan-1933 add_single_object     : Added device:08 [\_SB_.PCI0.PB3_.HDAU] parent device:03
[   10.334087]      scan-1141 get_device_data       : No context for object [ffff88040d823a28]
[   10.334283]      scan-1141 get_device_data       : No context for object [ffff88040d823a50]
[   10.334465]      scan-1141 get_device_data       : No context for object [ffff88040d823a78]
[   10.334659]      scan-1141 get_device_data       : No context for object [ffff88040d823aa0]
[   10.334854]      scan-1141 get_device_data       : No context for object [ffff88040d823ac8]
[   10.335048]      scan-1141 get_device_data       : No context for object [ffff88040d823af0]
[   10.335243]      scan-1141 get_device_data       : No context for object [ffff88040d823b18]
[   10.335392]     utils-0051 util_eval_error       : Evaluate [\_SB_.PCI0.PB4_._STA]: AE_NOT_FOUND
[   10.335669] device: 'device:09': device_add
[   10.335733] bus: 'acpi': add device device:09
[   10.335806]     utils-0051 util_eval_error       : Evaluate [\_SB_.PCI0.PB4_._SUN]: AE_NOT_FOUND
[   10.336007]      scan-1933 add_single_object     : Added device:09 [\_SB_.PCI0.PB4_] parent PNP0A08:00
[   10.336205]      scan-1141 get_device_data       : No context for object [ffff88040d823b40]
[   10.336383]      scan-1141 get_device_data       : No context for object [ffff88040d823b68]
[   10.336581]      scan-1141 get_device_data       : No context for object [ffff88040d823b90]
[   10.336798]      scan-1141 get_device_data       : No context for object [ffff88040d823bb8]
[   10.336995]      scan-1141 get_device_data       : No context for object [ffff88040d823be0]
[   10.337193]      scan-1141 get_device_data       : No context for object [ffff88040d823c08]
[   10.337369]      scan-1141 get_device_data       : No context for object [ffff88040d823c30]
[   10.337567]      scan-1141 get_device_data       : No context for object [ffff88040d823c58]
[   10.337764]      scan-1141 get_device_data       : No context for object [ffff88040d823c80]
[   10.337962]      scan-1141 get_device_data       : No context for object [ffff88040d823ca8]
[   10.338161]      scan-1141 get_device_data       : No context for object [ffff88040d823cd0]
[   10.338349]      scan-1141 get_device_data       : No context for object [ffff88040d823cf8]
[   10.338547]      scan-1141 get_device_data       : No context for object [ffff88040d823d20]
[   10.338741]      scan-1141 get_device_data       : No context for object [ffff88040d823d48]
[   10.338938]      scan-1141 get_device_data       : No context for object [ffff88040d823d70]
[   10.339136]      scan-1141 get_device_data       : No context for object [ffff88040d823d98]
[   10.339334]      scan-1141 get_device_data       : No context for object [ffff88040d823dc0]
[   10.339531]      scan-1141 get_device_data       : No context for object [ffff88040d823de8]
[   10.339728]      scan-1141 get_device_data       : No context for object [ffff88040d823e10]
[   10.339921]      scan-1141 get_device_data       : No context for object [ffff88040d823e38]
[   10.340130]      scan-1141 get_device_data       : No context for object [ffff88040d823e60]
[   10.341345]      scan-1141 get_device_data       : No context for object [ffff88040d823e88]
[   10.341543]      scan-1141 get_device_data       : No context for object [ffff88040d823eb0]
[   10.341740]      scan-1141 get_device_data       : No context for object [ffff88040d823ed8]
[   10.341938]      scan-1141 get_device_data       : No context for object [ffff88040d823f00]
[   10.342136]      scan-1141 get_device_data       : No context for object [ffff88040d823f28]
[   10.342330]      scan-1141 get_device_data       : No context for object [ffff88040d823f50]
[   10.342530]      scan-1141 get_device_data       : No context for object [ffff88040d823f78]
[   10.342728]      scan-1141 get_device_data       : No context for object [ffff88040d823fa0]
[   10.342926]      scan-1141 get_device_data       : No context for object [ffff88040d823fc8]
[   10.343124]      scan-1141 get_device_data       : No context for object [ffff88040d825000]
[   10.343323]     utils-0051 util_eval_error       : Evaluate [\_SB_.PCI0.PB4_.XPDV._STA]: AE_NOT_FOUND
[   10.343500] device: 'device:0a': device_add
[   10.343562] bus: 'acpi': add device device:0a
[   10.343637]     utils-0051 util_eval_error       : Evaluate [\_SB_.PCI0.PB4_.XPDV._SUN]: AE_NOT_FOUND
[   10.343845]      scan-1933 add_single_object     : Added device:0a [\_SB_.PCI0.PB4_.XPDV] parent device:09
[   10.344048]      scan-1141 get_device_data       : No context for object [ffff88040d825028]
[   10.344246]      scan-1141 get_device_data       : No context for object [ffff88040d825050]
[   10.344397]      scan-1141 get_device_data       : No context for object [ffff88040d825078]
[   10.344575]      scan-1141 get_device_data       : No context for object [ffff88040d8250a0]
[   10.344768]      scan-1141 get_device_data       : No context for object [ffff88040d8250c8]
[   10.344966]      scan-1141 get_device_data       : No context for object [ffff88040d837500]
[   10.345164]      scan-1141 get_device_data       : No context for object [ffff88040d8250f0]
[   10.345342]      scan-1141 get_device_data       : No context for object [ffff88040d825118]
[   10.345542]     utils-0051 util_eval_error       : Evaluate [\_SB_.PCI0.PB5_._STA]: AE_NOT_FOUND
[   10.345835] device: 'device:0b': device_add
[   10.345895] bus: 'acpi': add device device:0b
[   10.345963]     utils-0051 util_eval_error       : Evaluate [\_SB_.PCI0.PB5_._SUN]: AE_NOT_FOUND
[   10.346171]      scan-1933 add_single_object     : Added device:0b [\_SB_.PCI0.PB5_] parent PNP0A08:00
[   10.346352]      scan-1141 get_device_data       : No context for object [ffff88040d825140]
[   10.346551]      scan-1141 get_device_data       : No context for object [ffff88040d825168]
[   10.346669]      scan-1141 get_device_data       : No context for object [ffff88040d825190]
[   10.346867]      scan-1141 get_device_data       : No context for object [ffff88040d8251b8]
[   10.347064]      scan-1141 get_device_data       : No context for object [ffff88040d8251e0]
[   10.347255]      scan-1141 get_device_data       : No context for object [ffff88040d825208]
[   10.347453]      scan-1141 get_device_data       : No context for object [ffff88040d825230]
[   10.347650]      scan-1141 get_device_data       : No context for object [ffff88040d825258]
[   10.347848]      scan-1141 get_device_data       : No context for object [ffff88040d825280]
[   10.348046]      scan-1141 get_device_data       : No context for object [ffff88040d8252a8]
[   10.348244]      scan-1141 get_device_data       : No context for object [ffff88040d8252d0]
[   10.348437]      scan-1141 get_device_data       : No context for object [ffff88040d8252f8]
[   10.348633]      scan-1141 get_device_data       : No context for object [ffff88040d825320]
[   10.348828]      scan-1141 get_device_data       : No context for object [ffff88040d825348]
[   10.349022]      scan-1141 get_device_data       : No context for object [ffff88040d825370]
[   10.349216]      scan-1141 get_device_data       : No context for object [ffff88040d825398]
[   10.349398]      scan-1141 get_device_data       : No context for object [ffff88040d8253c0]
[   10.349588]      scan-1141 get_device_data       : No context for object [ffff88040d8253e8]
[   10.349783]      scan-1141 get_device_data       : No context for object [ffff88040d825410]
[   10.350002]      scan-1141 get_device_data       : No context for object [ffff88040d825438]
[   10.350197]      scan-1141 get_device_data       : No context for object [ffff88040d825460]
[   10.350345]      scan-1141 get_device_data       : No context for object [ffff88040d825488]
[   10.350522]      scan-1141 get_device_data       : No context for object [ffff88040d8254b0]
[   10.350718]      scan-1141 get_device_data       : No context for object [ffff88040d8254d8]
[   10.350912]      scan-1141 get_device_data       : No context for object [ffff88040d825500]
[   10.351108]      scan-1141 get_device_data       : No context for object [ffff88040d825528]
[   10.351285]      scan-1141 get_device_data       : No context for object [ffff88040d825550]
[   10.351480]      scan-1141 get_device_data       : No context for object [ffff88040d825578]
[   10.351675]      scan-1141 get_device_data       : No context for object [ffff88040d8255a0]
[   10.351868]      scan-1141 get_device_data       : No context for object [ffff88040d8255c8]
[   10.352059]      scan-1141 get_device_data       : No context for object [ffff88040d8255f0]
[   10.352256]     utils-0051 util_eval_error       : Evaluate [\_SB_.PCI0.PB5_.XPDV._STA]: AE_NOT_FOUND
[   10.352487] device: 'device:0c': device_add
[   10.352549] bus: 'acpi': add device device:0c
[   10.352622]     utils-0051 util_eval_error       : Evaluate [\_SB_.PCI0.PB5_.XPDV._SUN]: AE_NOT_FOUND
[   10.352830]      scan-1933 add_single_object     : Added device:0c [\_SB_.PCI0.PB5_.XPDV] parent device:0b
[   10.353033]      scan-1141 get_device_data       : No context for object [ffff88040d825618]
[   10.353230]      scan-1141 get_device_data       : No context for object [ffff88040d825640]
[   10.353500]      scan-1141 get_device_data       : No context for object [ffff88040d825668]
[   10.353698]      scan-1141 get_device_data       : No context for object [ffff88040d825690]
[   10.353896]      scan-1141 get_device_data       : No context for object [ffff88040d8256b8]
[   10.354094]      scan-1141 get_device_data       : No context for object [ffff88040d837528]
[   10.354292]      scan-1141 get_device_data       : No context for object [ffff88040d8256e0]
[   10.354479]      scan-1141 get_device_data       : No context for object [ffff88040d825708]
[   10.354676]     utils-0051 util_eval_error       : Evaluate [\_SB_.PCI0.PB6_._STA]: AE_NOT_FOUND
[   10.354973] device: 'device:0d': device_add
[   10.355036] bus: 'acpi': add device device:0d
[   10.355111]     utils-0051 util_eval_error       : Evaluate [\_SB_.PCI0.PB6_._SUN]: AE_NOT_FOUND
[   10.355318]      scan-1933 add_single_object     : Added device:0d [\_SB_.PCI0.PB6_] parent PNP0A08:00
[   10.355500]      scan-1141 get_device_data       : No context for object [ffff88040d825730]
[   10.355698]      scan-1141 get_device_data       : No context for object [ffff88040d825758]
[   10.355891]      scan-1141 get_device_data       : No context for object [ffff88040d825780]
[   10.356088]      scan-1141 get_device_data       : No context for object [ffff88040d8257a8]
[   10.356286]      scan-1141 get_device_data       : No context for object [ffff88040d8257d0]
[   10.356437]      scan-1141 get_device_data       : No context for object [ffff88040d8257f8]
[   10.356615]      scan-1141 get_device_data       : No context for object [ffff88040d825820]
[   10.356832]      scan-1141 get_device_data       : No context for object [ffff88040d825848]
[   10.357028]      scan-1141 get_device_data       : No context for object [ffff88040d825870]
[   10.357225]      scan-1141 get_device_data       : No context for object [ffff88040d825898]
[   10.357403]      scan-1141 get_device_data       : No context for object [ffff88040d8258c0]
[   10.357601]      scan-1141 get_device_data       : No context for object [ffff88040d8258e8]
[   10.357798]      scan-1141 get_device_data       : No context for object [ffff88040d825910]
[   10.357996]      scan-1141 get_device_data       : No context for object [ffff88040d825938]
[   10.358194]      scan-1141 get_device_data       : No context for object [ffff88040d825960]
[   10.358368]      scan-1141 get_device_data       : No context for object [ffff88040d825988]
[   10.358566]      scan-1141 get_device_data       : No context for object [ffff88040d8259b0]
[   10.359779]      scan-1141 get_device_data       : No context for object [ffff88040d8259d8]
[   10.359977]      scan-1141 get_device_data       : No context for object [ffff88040d825a00]
[   10.360164]      scan-1141 get_device_data       : No context for object [ffff88040d825a28]
[   10.360351]      scan-1141 get_device_data       : No context for object [ffff88040d825a50]
[   10.360550]      scan-1141 get_device_data       : No context for object [ffff88040d825a78]
[   10.360743]      scan-1141 get_device_data       : No context for object [ffff88040d825aa0]
[   10.360941]      scan-1141 get_device_data       : No context for object [ffff88040d825ac8]
[   10.361139]      scan-1141 get_device_data       : No context for object [ffff88040d825af0]
[   10.361337]      scan-1141 get_device_data       : No context for object [ffff88040d825b18]
[   10.361535]      scan-1141 get_device_data       : No context for object [ffff88040d825b40]
[   10.361732]      scan-1141 get_device_data       : No context for object [ffff88040d825b68]
[   10.361928]      scan-1141 get_device_data       : No context for object [ffff88040d825b90]
[   10.362125]      scan-1141 get_device_data       : No context for object [ffff88040d825bb8]
[   10.362323]      scan-1141 get_device_data       : No context for object [ffff88040d825be0]
[   10.362522]     utils-0051 util_eval_error       : Evaluate [\_SB_.PCI0.PB6_.XPDV._STA]: AE_NOT_FOUND
[   10.362756] device: 'device:0e': device_add
[   10.362820] bus: 'acpi': add device device:0e
[   10.362896]     utils-0051 util_eval_error       : Evaluate [\_SB_.PCI0.PB6_.XPDV._SUN]: AE_NOT_FOUND
[   10.363101]      scan-1933 add_single_object     : Added device:0e [\_SB_.PCI0.PB6_.XPDV] parent device:0d
[   10.363300]      scan-1141 get_device_data       : No context for object [ffff88040d825c08]
[   10.363453]      scan-1141 get_device_data       : No context for object [ffff88040d825c30]
[   10.363630]      scan-1141 get_device_data       : No context for object [ffff88040d825c58]
[   10.363828]      scan-1141 get_device_data       : No context for object [ffff88040d825c80]
[   10.364026]      scan-1141 get_device_data       : No context for object [ffff88040d825ca8]
[   10.364223]      scan-1141 get_device_data       : No context for object [ffff88040d837550]
[   10.364399]      scan-1141 get_device_data       : No context for object [ffff88040d825cd0]
[   10.364597]      scan-1141 get_device_data       : No context for object [ffff88040d825cf8]
[   10.364796]     utils-0051 util_eval_error       : Evaluate [\_SB_.PCI0.PB7_._STA]: AE_NOT_FOUND
[   10.365096] device: 'device:0f': device_add
[   10.365159] bus: 'acpi': add device device:0f
[   10.365233]     utils-0051 util_eval_error       : Evaluate [\_SB_.PCI0.PB7_._SUN]: AE_NOT_FOUND
[   10.365421]      scan-1933 add_single_object     : Added device:0f [\_SB_.PCI0.PB7_] parent PNP0A08:00
[   10.365616]      scan-1141 get_device_data       : No context for object [ffff88040d825d20]
[   10.365811]      scan-1141 get_device_data       : No context for object [ffff88040d825d48]
[   10.366005]      scan-1141 get_device_data       : No context for object [ffff88040d825d70]
[   10.366200]      scan-1141 get_device_data       : No context for object [ffff88040d825d98]
[   10.366376]      scan-1141 get_device_data       : No context for object [ffff88040d825dc0]
[   10.366571]      scan-1141 get_device_data       : No context for object [ffff88040d825de8]
[   10.366668]      scan-1141 get_device_data       : No context for object [ffff88040d825e10]
[   10.366859]      scan-1141 get_device_data       : No context for object [ffff88040d825e38]
[   10.367054]      scan-1141 get_device_data       : No context for object [ffff88040d825e60]
[   10.367249]      scan-1141 get_device_data       : No context for object [ffff88040d825e88]
[   10.367443]      scan-1141 get_device_data       : No context for object [ffff88040d825eb0]
[   10.367639]      scan-1141 get_device_data       : No context for object [ffff88040d825ed8]
[   10.367834]      scan-1141 get_device_data       : No context for object [ffff88040d825f00]
[   10.368025]      scan-1141 get_device_data       : No context for object [ffff88040d825f28]
[   10.368219]      scan-1141 get_device_data       : No context for object [ffff88040d825f50]
[   10.368415]      scan-1141 get_device_data       : No context for object [ffff88040d825f78]
[   10.368608]      scan-1141 get_device_data       : No context for object [ffff88040d825fa0]
[   10.368804]      scan-1141 get_device_data       : No context for object [ffff88040d825fc8]
[   10.368999]      scan-1141 get_device_data       : No context for object [ffff88040d827000]
[   10.369193]      scan-1141 get_device_data       : No context for object [ffff88040d827028]
[   10.369341]      scan-1141 get_device_data       : No context for object [ffff88040d827050]
[   10.369519]      scan-1141 get_device_data       : No context for object [ffff88040d827078]
[   10.369716]      scan-1141 get_device_data       : No context for object [ffff88040d8270a0]
[   10.370002]      scan-1141 get_device_data       : No context for object [ffff88040d8270c8]
[   10.370200]      scan-1141 get_device_data       : No context for object [ffff88040d8270f0]
[   10.370376]      scan-1141 get_device_data       : No context for object [ffff88040d827118]
[   10.370569]      scan-1141 get_device_data       : No context for object [ffff88040d827140]
[   10.370768]      scan-1141 get_device_data       : No context for object [ffff88040d827168]
[   10.370966]      scan-1141 get_device_data       : No context for object [ffff88040d827190]
[   10.371163]      scan-1141 get_device_data       : No context for object [ffff88040d8271b8]
[   10.371341]      scan-1141 get_device_data       : No context for object [ffff88040d8271e0]
[   10.371541]     utils-0051 util_eval_error       : Evaluate [\_SB_.PCI0.PB7_.XPDV._STA]: AE_NOT_FOUND
[   10.371758] device: 'device:10': device_add
[   10.371823] bus: 'acpi': add device device:10
[   10.371897]     utils-0051 util_eval_error       : Evaluate [\_SB_.PCI0.PB7_.XPDV._SUN]: AE_NOT_FOUND
[   10.372105]      scan-1933 add_single_object     : Added device:10 [\_SB_.PCI0.PB7_.XPDV] parent device:0f
[   10.372307]      scan-1141 get_device_data       : No context for object [ffff88040d827208]
[   10.372485]      scan-1141 get_device_data       : No context for object [ffff88040d827230]
[   10.372684]      scan-1141 get_device_data       : No context for object [ffff88040d827258]
[   10.372882]      scan-1141 get_device_data       : No context for object [ffff88040d827280]
[   10.373076]      scan-1141 get_device_data       : No context for object [ffff88040d8272a8]
[   10.373274]      scan-1141 get_device_data       : No context for object [ffff88040d837488]
[   10.373453]      scan-1141 get_device_data       : No context for object [ffff88040d8272d0]
[   10.373630]      scan-1141 get_device_data       : No context for object [ffff88040d8272f8]
[   10.373829]     utils-0051 util_eval_error       : Evaluate [\_SB_.PCI0.OHC1._STA]: AE_NOT_FOUND
[   10.374068] device: 'device:11': device_add
[   10.374127] bus: 'acpi': add device device:11
[   10.374196]     utils-0051 util_eval_error       : Evaluate [\_SB_.PCI0.OHC1._SUN]: AE_NOT_FOUND
[   10.374382]      scan-1933 add_single_object     : Added device:11 [\_SB_.PCI0.OHC1] parent PNP0A08:00
[   10.374585]      scan-1141 get_device_data       : No context for object [ffff88040d827320]
[   10.374783]      scan-1141 get_device_data       : No context for object [ffff88040d827348]
[   10.374981]      scan-1141 get_device_data       : No context for object [ffff88040d83b2f8]
[   10.375179]     utils-0051 util_eval_error       : Evaluate [\_SB_.PCI0.OHC1.RHUB._STA]: AE_NOT_FOUND
[   10.375381] device: 'device:12': device_add
[   10.375441] bus: 'acpi': add device device:12
[   10.375514]     utils-0051 util_eval_error       : Evaluate [\_SB_.PCI0.OHC1.RHUB._SUN]: AE_NOT_FOUND
[   10.375721]      scan-1933 add_single_object     : Added device:12 [\_SB_.PCI0.OHC1.RHUB] parent device:11
[   10.375924]      scan-1141 get_device_data       : No context for object [ffff88040d83b320]
[   10.376122]      scan-1141 get_device_data       : No context for object [ffff88040d83b348]
[   10.376322]     utils-0051 util_eval_error       : Evaluate [\_SB_.PCI0.OHC1.RHUB.PRT3._STA]: AE_NOT_FOUND
[   10.376526] device: 'device:13': device_add
[   10.376585] bus: 'acpi': add device device:13
[   10.376651]     utils-0051 util_eval_error       : Evaluate [\_SB_.PCI0.OHC1.RHUB.PRT3._SUN]: AE_NOT_FOUND
[   10.376842]      scan-1933 add_single_object     : Added device:13 [\_SB_.PCI0.OHC1.RHUB.PRT3] parent device:12
[   10.378063]      scan-1141 get_device_data       : No context for object [ffff88040d83b370]
[   10.378261]      scan-1141 get_device_data       : No context for object [ffff88040d83b398]
[   10.378413]      scan-1141 get_device_data       : No context for object [ffff88040d83b3c0]
[   10.378591]      scan-1141 get_device_data       : No context for object [ffff88040d83b3e8]
[   10.378789]     utils-0051 util_eval_error       : Evaluate [\_SB_.PCI0.OHC1.RHUB.PRT4._STA]: AE_NOT_FOUND
[   10.379009] device: 'device:14': device_add
[   10.379068] bus: 'acpi': add device device:14
[   10.379138]     utils-0051 util_eval_error       : Evaluate [\_SB_.PCI0.OHC1.RHUB.PRT4._SUN]: AE_NOT_FOUND
[   10.379347]      scan-1933 add_single_object     : Added device:14 [\_SB_.PCI0.OHC1.RHUB.PRT4] parent device:12
[   10.379550]      scan-1141 get_device_data       : No context for object [ffff88040d83b410]
[   10.379748]      scan-1141 get_device_data       : No context for object [ffff88040d83b438]
[   10.379945]      scan-1141 get_device_data       : No context for object [ffff88040d83b460]
[   10.380167]      scan-1141 get_device_data       : No context for object [ffff88040d827370]
[   10.380361]     utils-0051 util_eval_error       : Evaluate [\_SB_.PCI0.EHC1._STA]: AE_NOT_FOUND
[   10.380655] device: 'device:15': device_add
[   10.380718] bus: 'acpi': add device device:15
[   10.380793]     utils-0051 util_eval_error       : Evaluate [\_SB_.PCI0.EHC1._SUN]: AE_NOT_FOUND
[   10.381001]      scan-1933 add_single_object     : Added device:15 [\_SB_.PCI0.EHC1] parent PNP0A08:00
[   10.381203]      scan-1141 get_device_data       : No context for object [ffff88040d827398]
[   10.381381]      scan-1141 get_device_data       : No context for object [ffff88040d8273c0]
[   10.381576]      scan-1141 get_device_data       : No context for object [ffff88040d83b028]
[   10.381775]     utils-0051 util_eval_error       : Evaluate [\_SB_.PCI0.EHC1.RHUB._STA]: AE_NOT_FOUND
[   10.382007] device: 'device:16': device_add
[   10.382068] bus: 'acpi': add device device:16
[   10.382141]     utils-0051 util_eval_error       : Evaluate [\_SB_.PCI0.EHC1.RHUB._SUN]: AE_NOT_FOUND
[   10.382348]      scan-1933 add_single_object     : Added device:16 [\_SB_.PCI0.EHC1.RHUB] parent device:15
[   10.382549]      scan-1141 get_device_data       : No context for object [ffff88040d83b050]
[   10.382743]      scan-1141 get_device_data       : No context for object [ffff88040d83b078]
[   10.382935]     utils-0051 util_eval_error       : Evaluate [\_SB_.PCI0.EHC1.RHUB.PRT3._STA]: AE_NOT_FOUND
[   10.383166] device: 'device:17': device_add
[   10.383228] bus: 'acpi': add device device:17
[   10.383304]     utils-0051 util_eval_error       : Evaluate [\_SB_.PCI0.EHC1.RHUB.PRT3._SUN]: AE_NOT_FOUND
[   10.383460]      scan-1933 add_single_object     : Added device:17 [\_SB_.PCI0.EHC1.RHUB.PRT3] parent device:16
[   10.383642]      scan-1141 get_device_data       : No context for object [ffff88040d83b0a0]
[   10.383836]      scan-1141 get_device_data       : No context for object [ffff88040d83b0c8]
[   10.384030]      scan-1141 get_device_data       : No context for object [ffff88040d83b0f0]
[   10.384226]      scan-1141 get_device_data       : No context for object [ffff88040d83b118]
[   10.384405]     utils-0051 util_eval_error       : Evaluate [\_SB_.PCI0.EHC1.RHUB.PRT4._STA]: AE_NOT_FOUND
[   10.384636] device: 'device:18': device_add
[   10.384696] bus: 'acpi': add device device:18
[   10.384770]     utils-0051 util_eval_error       : Evaluate [\_SB_.PCI0.EHC1.RHUB.PRT4._SUN]: AE_NOT_FOUND
[   10.384976]      scan-1933 add_single_object     : Added device:18 [\_SB_.PCI0.EHC1.RHUB.PRT4] parent device:16
[   10.385175]      scan-1141 get_device_data       : No context for object [ffff88040d83b140]
[   10.385355]      scan-1141 get_device_data       : No context for object [ffff88040d83b168]
[   10.385551]      scan-1141 get_device_data       : No context for object [ffff88040d83b190]
[   10.385746]      scan-1141 get_device_data       : No context for object [ffff88040d8273e8]
[   10.385943]     utils-0051 util_eval_error       : Evaluate [\_SB_.PCI0.OHC2._STA]: AE_NOT_FOUND
[   10.386185] device: 'device:19': device_add
[   10.386248] bus: 'acpi': add device device:19
[   10.386323]     utils-0051 util_eval_error       : Evaluate [\_SB_.PCI0.OHC2._SUN]: AE_NOT_FOUND
[   10.386673]      scan-1933 add_single_object     : Added device:19 [\_SB_.PCI0.OHC2] parent PNP0A08:00
[   10.386673]      scan-1141 get_device_data       : No context for object [ffff88040d827410]
[   10.386871]      scan-1141 get_device_data       : No context for object [ffff88040d827438]
[   10.387068]      scan-1141 get_device_data       : No context for object [ffff88040d83b488]
[   10.387268]     utils-0051 util_eval_error       : Evaluate [\_SB_.PCI0.OHC2.RHUB._STA]: AE_NOT_FOUND
[   10.387456] device: 'device:1a': device_add
[   10.387520] bus: 'acpi': add device device:1a
[   10.387586]     utils-0051 util_eval_error       : Evaluate [\_SB_.PCI0.OHC2.RHUB._SUN]: AE_NOT_FOUND
[   10.387769]      scan-1933 add_single_object     : Added device:1a [\_SB_.PCI0.OHC2.RHUB] parent device:19
[   10.387972]      scan-1141 get_device_data       : No context for object [ffff88040d83b4b0]
[   10.388170]      scan-1141 get_device_data       : No context for object [ffff88040d83b4d8]
[   10.388348]     utils-0051 util_eval_error       : Evaluate [\_SB_.PCI0.OHC2.RHUB.PRT4._STA]: AE_NOT_FOUND
[   10.388583] device: 'device:1b': device_add
[   10.388645] bus: 'acpi': add device device:1b
[   10.388720]     utils-0051 util_eval_error       : Evaluate [\_SB_.PCI0.OHC2.RHUB.PRT4._SUN]: AE_NOT_FOUND
[   10.388922]      scan-1933 add_single_object     : Added device:1b [\_SB_.PCI0.OHC2.RHUB.PRT4] parent device:1a
[   10.389127]      scan-1141 get_device_data       : No context for object [ffff88040d83b500]
[   10.389320]      scan-1141 get_device_data       : No context for object [ffff88040d83b528]
[   10.389518]      scan-1141 get_device_data       : No context for object [ffff88040d83b550]
[   10.389716]      scan-1141 get_device_data       : No context for object [ffff88040d827460]
[   10.389916]     utils-0051 util_eval_error       : Evaluate [\_SB_.PCI0.EHC2._STA]: AE_NOT_FOUND
[   10.390157] device: 'device:1c': device_add
[   10.390220] bus: 'acpi': add device device:1c
[   10.390297]     utils-0051 util_eval_error       : Evaluate [\_SB_.PCI0.EHC2._SUN]: AE_NOT_FOUND
[   10.390484]      scan-1933 add_single_object     : Added device:1c [\_SB_.PCI0.EHC2] parent PNP0A08:00
[   10.390687]      scan-1141 get_device_data       : No context for object [ffff88040d827488]
[   10.390885]      scan-1141 get_device_data       : No context for object [ffff88040d8274b0]
[   10.391083]      scan-1141 get_device_data       : No context for object [ffff88040d83b1b8]
[   10.391282]     utils-0051 util_eval_error       : Evaluate [\_SB_.PCI0.EHC2.RHUB._STA]: AE_NOT_FOUND
[   10.391465] device: 'device:1d': device_add
[   10.391527] bus: 'acpi': add device device:1d
[   10.391601]     utils-0051 util_eval_error       : Evaluate [\_SB_.PCI0.EHC2.RHUB._SUN]: AE_NOT_FOUND
[   10.391788]      scan-1933 add_single_object     : Added device:1d [\_SB_.PCI0.EHC2.RHUB] parent device:1c
[   10.391991]      scan-1141 get_device_data       : No context for object [ffff88040d83b1e0]
[   10.392189]      scan-1141 get_device_data       : No context for object [ffff88040d83b208]
[   10.392368]     utils-0051 util_eval_error       : Evaluate [\_SB_.PCI0.EHC2.RHUB.PRT2._STA]: AE_NOT_FOUND
[   10.392587] device: 'device:1e': device_add
[   10.392650] bus: 'acpi': add device device:1e
[   10.392725]     utils-0051 util_eval_error       : Evaluate [\_SB_.PCI0.EHC2.RHUB.PRT2._SUN]: AE_NOT_FOUND
[   10.392933]      scan-1933 add_single_object     : Added device:1e [\_SB_.PCI0.EHC2.RHUB.PRT2] parent device:1d
[   10.393137]      scan-1141 get_device_data       : No context for object [ffff88040d83b230]
[   10.393336]      scan-1141 get_device_data       : No context for object [ffff88040d83b258]
[   10.393533]      scan-1141 get_device_data       : No context for object [ffff88040d83b280]
[   10.393731]      scan-1141 get_device_data       : No context for object [ffff88040d8274d8]
[   10.393929]     utils-0051 util_eval_error       : Evaluate [\_SB_.PCI0.OHC3._STA]: AE_NOT_FOUND
[   10.394223] device: 'device:1f': device_add
[   10.394287] bus: 'acpi': add device device:1f
[   10.394364]     utils-0051 util_eval_error       : Evaluate [\_SB_.PCI0.OHC3._SUN]: AE_NOT_FOUND
[   10.394551]      scan-1933 add_single_object     : Added device:1f [\_SB_.PCI0.OHC3] parent PNP0A08:00
[   10.394754]      scan-1141 get_device_data       : No context for object [ffff88040d827500]
[   10.394953]      scan-1141 get_device_data       : No context for object [ffff88040d827528]
[   10.395146]      scan-1141 get_device_data       : No context for object [ffff88040d83b578]
[   10.396334]     utils-0051 util_eval_error       : Evaluate [\_SB_.PCI0.OHC3.RHUB._STA]: AE_NOT_FOUND
