[    0.000000] Initializing cgroup subsys cpuset
[    0.000000] Initializing cgroup subsys cpu
[    0.000000] Initializing cgroup subsys cpuacct
[    0.000000] Linux version 3.17.0-rc3-gfb76234 (emacs@manji) (gcc version 4.9.1 (GCC) ) #75 SMP Sat Sep 6 00:32:30 CEST 2014
[    0.000000] Command line: BOOT_IMAGE=/vmlinuz-linux-git root=UUID=bfa4ab6e-19a3-4601-ba2b-267c55841c73 rw cryptdevice=/dev/disk/by-uuid/70c08890-417a-497d-b6ab-c0d0357a63e2:cryptManjaro:allow-discards ipv6.disable=1 pnp.debug=1 loglevel=9 log_buf_len=10M printk.always_kmsg_dump=y printk.time=y mminit_loglevel=0 memory_corruption_check=1 acpi.debug_layer=0xfbff0000 acpi.debug_level=0xFFFFFFFD pnp.debug=1 nohz=on rcu_nocbs=1-3 pcie_aspm=force fbcon=scrollback:4096k fbcon=font:ProFont6x11 radeon.audio=0 radeon.lockup_timeout=0 radeon.test=0 radeon.agpmode=-1 radeon.benchmark=0 radeon.tv=0 radeon.hard_reset=1 radeon.aspm=1 radeon.dpm=1 radeon.msi=1 radeon.pcie_gen2=-1 radeon.no_wb=1 radeon.modeset=1 radeon.dynclks=1 radeon.r4xx_atom=0 radeon.runpm=0 radeonfb radeon.fastfb=1 nomodeset
[    0.000000] KERNEL supported cpus:
[    0.000000]   AMD AuthenticAMD
[    0.000000] tseg: 00bfe00000
[    0.000000] e820: BIOS-provided physical RAM map:
[    0.000000] BIOS-e820: [mem 0x0000000000000000-0x000000000009d7ff] usable
[    0.000000] BIOS-e820: [mem 0x000000000009d800-0x000000000009ffff] reserved
[    0.000000] BIOS-e820: [mem 0x00000000000e0000-0x00000000000fffff] reserved
[    0.000000] BIOS-e820: [mem 0x0000000000100000-0x00000000bed9afff] usable
[    0.000000] BIOS-e820: [mem 0x00000000bed9b000-0x00000000bf39afff] reserved
[    0.000000] BIOS-e820: [mem 0x00000000bf39b000-0x00000000bf49afff] ACPI NVS
[    0.000000] BIOS-e820: [mem 0x00000000bf49b000-0x00000000bf51afff] ACPI data
[    0.000000] BIOS-e820: [mem 0x00000000bf51b000-0x00000000bfdfffff] usable
[    0.000000] BIOS-e820: [mem 0x00000000bfe00000-0x00000000bfffffff] reserved
[    0.000000] BIOS-e820: [mem 0x00000000fec00000-0x00000000fecfffff] reserved
[    0.000000] BIOS-e820: [mem 0x00000000fed80000-0x00000000fed80fff] reserved
[    0.000000] BIOS-e820: [mem 0x00000000ffe00000-0x00000000ffffffff] reserved
[    0.000000] BIOS-e820: [mem 0x0000000100000000-0x000000041effffff] usable
[    0.000000] NX (Execute Disable) protection: active
[    0.000000] SMBIOS 2.6 present.
[    0.000000] DMI: LENOVO Sabine/Torpedo, BIOS 54CN18WW 07/20/2011
[    0.000000] e820: update [mem 0x00000000-0x00000fff] usable ==> reserved
[    0.000000] e820: remove [mem 0x000a0000-0x000fffff] usable
[    0.000000] e820: last_pfn = 0x41f000 max_arch_pfn = 0x400000000
[    0.000000] MTRR default type: uncachable
[    0.000000] MTRR fixed ranges enabled:
[    0.000000]   00000-9FFFF write-back
[    0.000000]   A0000-BFFFF uncachable
[    0.000000]   C0000-FFFFF write-protect
[    0.000000] MTRR variable ranges enabled:
[    0.000000]   0 base 0000000000 mask FF80000000 write-back
[    0.000000]   1 base 0080000000 mask FFC0000000 write-back
[    0.000000]   2 base 00FFF90000 mask FFFFFF0000 uncachable
[    0.000000]   3 base 00FED80000 mask 0FFFFFF000 uncachable
[    0.000000]   4 disabled
[    0.000000]   5 disabled
[    0.000000]   6 disabled
[    0.000000]   7 base 00FFE00000 mask FFFFE00000 write-protect
[    0.000000] TOM2: 000000041f000000 aka 16880M
[    0.000000] mtrr: your BIOS has configured an incorrect mask, fixing it.
[    0.000000] e820: last_pfn = 0xbfe00 max_arch_pfn = 0x400000000
[    0.000000] found SMP MP-table at [mem 0x000fa8b0-0x000fa8bf] mapped at [ffff8800000fa8b0]
[    0.000000] Base memory trampoline at [ffff880000097000] 97000 size 24576
[    0.000000] Using GB pages for direct mapping
[    0.000000] init_memory_mapping: [mem 0x00000000-0x000fffff]
[    0.000000]  [mem 0x00000000-0x000fffff] page 4k
[    0.000000] BRK [0x01e17000, 0x01e17fff] PGTABLE
[    0.000000] BRK [0x01e18000, 0x01e18fff] PGTABLE
[    0.000000] BRK [0x01e19000, 0x01e19fff] PGTABLE
[    0.000000] init_memory_mapping: [mem 0x41ee00000-0x41effffff]
[    0.000000]  [mem 0x41ee00000-0x41effffff] page 2M
[    0.000000] BRK [0x01e1a000, 0x01e1afff] PGTABLE
[    0.000000] init_memory_mapping: [mem 0x41c000000-0x41edfffff]
[    0.000000]  [mem 0x41c000000-0x41edfffff] page 2M
[    0.000000] init_memory_mapping: [mem 0x400000000-0x41bffffff]
[    0.000000]  [mem 0x400000000-0x41bffffff] page 2M
[    0.000000] init_memory_mapping: [mem 0x00100000-0xbed9afff]
[    0.000000]  [mem 0x00100000-0x001fffff] page 4k
[    0.000000]  [mem 0x00200000-0x3fffffff] page 2M
[    0.000000]  [mem 0x40000000-0x7fffffff] page 1G
[    0.000000]  [mem 0x80000000-0xbebfffff] page 2M
[    0.000000]  [mem 0xbec00000-0xbed9afff] page 4k
[    0.000000] init_memory_mapping: [mem 0xbf51b000-0xbfdfffff]
[    0.000000]  [mem 0xbf51b000-0xbf5fffff] page 4k
[    0.000000]  [mem 0xbf600000-0xbfdfffff] page 2M
[    0.000000] BRK [0x01e1b000, 0x01e1bfff] PGTABLE
[    0.000000] init_memory_mapping: [mem 0x100000000-0x3ffffffff]
[    0.000000]  [mem 0x100000000-0x3ffffffff] page 1G
[    0.000000] log_buf_len: 16777216 bytes
[    0.000000] early log buf free: 2092044(99%)
[    0.000000] RAMDISK: [mem 0x37828000-0x37c0bfff]
[    0.000000] ACPI: Early table checksum verification disabled
[    0.000000] ACPI: RSDP 0x00000000000F0110 000024 (v02 LENOVO)
[    0.000000] ACPI: XSDT 0x00000000BF51A120 000074 (v01 LENOVO CB-01    00000001 LENO 00000001)
[    0.000000] ACPI: FACP 0x00000000BF508000 0000F4 (v04 LENOVO CB-01    00000001 PTL  00000001)
[    0.000000] ACPI: DSDT 0x00000000BF50A000 00FD10 (v01 LENOVO CB-01    00001000 LENO 00000001)
[    0.000000] ACPI: FACS 0x00000000BF478000 000040
[    0.000000] ACPI: HPET 0x00000000BF507000 000038 (v01 LENOVO CB-01    00000001 PTL  00000001)
[    0.000000] ACPI: APIC 0x00000000BF506000 00007A (v02 LENOVO CB-01    00000001 PTL  00000001)
[    0.000000] ACPI: MCFG 0x00000000BF505000 00003C (v01 LENOVO CB-01    00000001 PTL  00000001)
[    0.000000] ACPI: SLIC 0x00000000BF504000 000176 (v01 LENOVO CB-01    00000001 LENO 00000001)
[    0.000000] ACPI: UEFI 0x00000000BF503000 00003E (v01 LENOVO CB-01    00000001 PTL  00000001)
[    0.000000] ACPI: UEFI 0x00000000BF502000 000042 (v01 PTL    COMBUF   00000001 PTL  00000001)
[    0.000000] ACPI: SSDT 0x00000000BF501000 000E34 (v01 AMD    POWERNOW 00000001 AMD  00000001)
[    0.000000] ACPI: SSDT 0x00000000BF4FF000 00193D (v02 AMD    ALIB     00000001 MSFT 04000000)
[    0.000000] ACPI: UEFI 0x00000000BF4FE000 00021A (v01 LENOVO CB-01    00000001 PTL  00000001)
[    0.000000] ACPI: Local APIC address 0xfee00000
[    0.000000] No NUMA configuration found
[    0.000000] Faking a node at [mem 0x0000000000000000-0x000000041effffff]
[    0.000000] Initmem setup node 0 [mem 0x00000000-0x41effffff]
[    0.000000]   NODE_DATA [mem 0x41dffa000-0x41dffdfff]
[    0.000000]  [ffffea0000000000-ffffea00107fffff] PMD -> [ffff88040de00000-ffff88041d5fffff] on node 0
[    0.000000] Zone ranges:
[    0.000000]   DMA      [mem 0x00001000-0x00ffffff]
[    0.000000]   DMA32    [mem 0x01000000-0xffffffff]
[    0.000000]   Normal   [mem 0x100000000-0x41effffff]
[    0.000000] Movable zone start for each node
[    0.000000] Early memory node ranges
[    0.000000]   node   0: [mem 0x00001000-0x0009cfff]
[    0.000000]   node   0: [mem 0x00100000-0xbed9afff]
[    0.000000]   node   0: [mem 0xbf51b000-0xbfdfffff]
[    0.000000]   node   0: [mem 0x100000000-0x41effffff]
[    0.000000] On node 0 totalpages: 4056604
[    0.000000]   DMA zone: 64 pages used for memmap
[    0.000000]   DMA zone: 21 pages reserved
[    0.000000]   DMA zone: 3996 pages, LIFO batch:0
[    0.000000]   DMA32 zone: 12186 pages used for memmap
[    0.000000]   DMA32 zone: 779904 pages, LIFO batch:31
[    0.000000]   Normal zone: 51136 pages used for memmap
[    0.000000]   Normal zone: 3272704 pages, LIFO batch:31
[    0.000000] ACPI: PM-Timer IO Port: 0x808
[    0.000000] ACPI: Local APIC address 0xfee00000
[    0.000000] ACPI: LAPIC (acpi_id[0x00] lapic_id[0x00] enabled)
[    0.000000] ACPI: LAPIC (acpi_id[0x01] lapic_id[0x01] enabled)
[    0.000000] ACPI: LAPIC (acpi_id[0x02] lapic_id[0x02] enabled)
[    0.000000] ACPI: LAPIC (acpi_id[0x03] lapic_id[0x03] enabled)
[    0.000000] ACPI: LAPIC_NMI (acpi_id[0x00] high edge lint[0x1])
[    0.000000] ACPI: LAPIC_NMI (acpi_id[0x01] high edge lint[0x1])
[    0.000000] ACPI: LAPIC_NMI (acpi_id[0x02] high edge lint[0x1])
[    0.000000] ACPI: LAPIC_NMI (acpi_id[0x03] high edge lint[0x1])
[    0.000000] ACPI: IOAPIC (id[0x02] address[0xfec00000] gsi_base[0])
[    0.000000] IOAPIC[0]: apic_id 2, version 33, address 0xfec00000, GSI 0-23
[    0.000000] ACPI: INT_SRC_OVR (bus 0 bus_irq 0 global_irq 2 dfl dfl)
[    0.000000] ACPI: IRQ0 used by override.
[    0.000000] ACPI: IRQ9 used by override.
[    0.000000] Using ACPI (MADT) for SMP configuration information
[    0.000000] ACPI: HPET id: 0x43538210 base: 0xfed00000
[    0.000000] smpboot: Allowing 4 CPUs, 0 hotplug CPUs
[    0.000000] e820: [mem 0xc0000000-0xfebfffff] available for PCI devices
[    0.000000] setup_percpu: NR_CPUS:64 nr_cpumask_bits:64 nr_cpu_ids:4 nr_node_ids:1
[    0.000000] PERCPU: Embedded 27 pages/cpu @ffff88041dc00000 s80256 r8192 d22144 u524288
[    0.000000] pcpu-alloc: s80256 r8192 d22144 u524288 alloc=1*2097152
[    0.000000] pcpu-alloc: [0] 0 1 2 3 
[    0.000000] Built 1 zonelists in Zone order, mobility grouping on.  Total pages: 3993197
[    0.000000] Policy zone: Normal
[    0.000000] Kernel command line: BOOT_IMAGE=/vmlinuz-linux-git root=UUID=bfa4ab6e-19a3-4601-ba2b-267c55841c73 rw cryptdevice=/dev/disk/by-uuid/70c08890-417a-497d-b6ab-c0d0357a63e2:cryptManjaro:allow-discards ipv6.disable=1 pnp.debug=1 loglevel=9 log_buf_len=10M printk.always_kmsg_dump=y printk.time=y mminit_loglevel=0 memory_corruption_check=1 acpi.debug_layer=0xfbff0000 acpi.debug_level=0xFFFFFFFD pnp.debug=1 nohz=on rcu_nocbs=1-3 pcie_aspm=force fbcon=scrollback:4096k fbcon=font:ProFont6x11 radeon.audio=0 radeon.lockup_timeout=0 radeon.test=0 radeon.agpmode=-1 radeon.benchmark=0 radeon.tv=0 radeon.hard_reset=1 radeon.aspm=1 radeon.dpm=1 radeon.msi=1 radeon.pcie_gen2=-1 radeon.no_wb=1 radeon.modeset=1 radeon.dynclks=1 radeon.r4xx_atom=0 radeon.runpm=0 radeonfb radeon.fastfb=1 nomodeset
[    0.000000] PCIe ASPM is forcibly enabled
[    0.000000] PID hash table entries: 4096 (order: 3, 32768 bytes)
[    0.000000] Memory: 15870892K/16226416K available (5248K kernel code, 721K rwdata, 2208K rodata, 848K init, 2588K bss, 355524K reserved)
[    0.000000] SLUB: HWalign=64, Order=0-3, MinObjects=0, CPUs=4, Nodes=1
[    0.000000] Hierarchical RCU implementation.
[    0.000000] 	RCU dyntick-idle grace-period acceleration is enabled.
[    0.000000] 	Additional per-CPU info printed with stalls.
[    0.000000] 	RCU restricting CPUs from NR_CPUS=64 to nr_cpu_ids=4.
[    0.000000] 	Offload RCU callbacks from all CPUs
[    0.000000] 	Offload RCU callbacks from CPUs: 0-3.
[    0.000000] RCU: Adjusting geometry for rcu_fanout_leaf=16, nr_cpu_ids=4
[    0.000000] NR_IRQS:4352 nr_irqs:456 0
[    0.000000] spurious 8259A interrupt: IRQ7.
[    0.000000] vgacon: allocated 4194304 bytes of memory for scrollback. CONFIG_VGACON_SOFT_SCROLLBACK_SIZE=4096
[    0.000000] Console: colour VGA+ 80x25
[    0.000000] console [tty0] enabled
[    0.000000] allocated 65011712 bytes of page_cgroup
[    0.000000] please try 'cgroup_disable=memory' option if you don't want memory cgroups
[    0.000000] hpet clockevent registered
[    0.000000] tsc: Fast TSC calibration using PIT
[    0.000000] tsc: Detected 1397.582 MHz processor
[    0.000042] Calibrating delay loop (skipped), value calculated using timer frequency.. 2796.62 BogoMIPS (lpj=4658606)
[    0.000198] pid_max: default: 32768 minimum: 301
[    0.000267] ACPI: Core revision 20140724
[    0.016482] ACPI: All ACPI Tables successfully acquired
[    0.018082] Security Framework initialized
[    0.019203] Dentry cache hash table entries: 2097152 (order: 12, 16777216 bytes)
[    0.024584] Inode-cache hash table entries: 1048576 (order: 11, 8388608 bytes)
[    0.027419] Mount-cache hash table entries: 32768 (order: 6, 262144 bytes)
[    0.027561] Mountpoint-cache hash table entries: 32768 (order: 6, 262144 bytes)
[    0.028042] Initializing cgroup subsys memory
[    0.028161] Initializing cgroup subsys devices
[    0.028228] Initializing cgroup subsys freezer
[    0.028295] Initializing cgroup subsys net_cls
[    0.028363] Initializing cgroup subsys blkio
[    0.028446] CPU: Physical Processor ID: 0
[    0.028508] CPU: Processor Core ID: 0
[    0.028570] mce: CPU supports 6 MCE banks
[    0.028641] Last level iTLB entries: 4KB 512, 2MB 16, 4MB 8
Last level dTLB entries: 4KB 1024, 2MB 128, 4MB 64, 1GB 0
[    0.028891] Freeing SMP alternatives memory: 20K (ffffffff81b8a000 - ffffffff81b8f000)
[    0.029560] ..TIMER: vector=0x30 apic1=0 pin1=2 apic2=-1 pin2=-1
[    0.062646] smpboot: CPU0: AMD A6-3400M APU with Radeon(tm) HD Graphics (fam: 12, model: 01, stepping: 00)
[    0.166696] Performance Events: AMD PMU driver.
[    0.166801] ... version:                0
[    0.166865] ... bit width:              48
[    0.166928] ... generic registers:      4
[    0.166992] ... value mask:             0000ffffffffffff
[    0.167057] ... max period:             00007fffffffffff
[    0.167122] ... fixed-purpose events:   0
[    0.167183] ... event mask:             000000000000000f
[    0.167686] MCE: In-kernel MCE decoding enabled.
[    0.167853] trying cpu_up:
[    0.167966] NMI watchdog: enabled on all CPUs, permanently consumes one hw-PMU counter.
[    0.168280] smpboot: ++++++++++++++++++++=_---CPU UP  1
[    0.168349] x86: Booting SMP configuration:
[    0.168414] .... node  #0, CPUs:      #1
[    0.168523] smpboot: Setting warm reset code and vector.
[    0.168648] smpboot: 1.
[    0.168711] smpboot: 2.
[    0.168773] smpboot: 3.
[    0.168836] smpboot: Asserting INIT
[    0.168901] smpboot: waiting 5 sec for mouse movements to 'crash' this cpu
[    5.177983] smpboot: done waiting
[    5.178125] smpboot: Waiting for INIT send to finish...
[    5.188267] smpboot: status for above ^ is: 0
[    5.188377] smpboot: Deasserting INIT
[    5.188440] smpboot: Waiting for above send to finish...
[    5.188506] smpboot: #startup loops: 2
[    5.188569] smpboot: Sending STARTUP #1
[    5.188633] smpboot: After apic_write
[    5.093578] smpboot: CPU#1 (phys ID: 1) waiting for CALLOUT
[    5.093580] smpboot: Waiting max 15 sec for callout
[    5.189013] smpboot: Startup point 1
[    5.189251] smpboot: Waiting for send to finish...
[    5.189515] smpboot: Sending STARTUP #2
[    5.189625] smpboot: After apic_write
[    5.189988] smpboot: Startup point 1
[    5.190097] smpboot: Waiting for send to finish...
[    5.190362] smpboot: After Startup
[    5.190471] smpboot: Before Callout 1
[    5.190535] smpboot: After Callout 1
[    5.095272] smpboot: done waiting max 15 sec for callout
[    5.095308] smpboot: Stack at about ffff880407807f3c
[    5.190728] smpboot: start waiting 5sec for response
[    5.190768] smpboot: done waiting 5sec for response
[    5.190865] smpboot: cpumask_test_cpu result: -1
[    5.190928] smpboot: cpu_callin_mask: 0000000000000003
[    5.191025] smpboot: cpu_callout_mask: 0000000000000003
[    5.191088] smpboot: CPU1: has booted.
[    5.193220] TSC synchronization [CPU#0 -> CPU#1]:
[    5.193330] Measured 133083193 cycles TSC warp between CPUs, turning off TSC clock.
[    5.193470] tsc: Marking TSC unstable due to check_tsc_sync_source failed
[    5.193597] after cpu_up !!!!!!!!!!!!
[    5.193682] trying cpu_up:
[    5.193897] smpboot: ++++++++++++++++++++=_---CPU UP  2
[    5.194035]  #2
[    5.194072] smpboot: Setting warm reset code and vector.
[    5.194193] smpboot: 1.
[    5.194256] smpboot: 2.
[    5.194316] smpboot: 3.
[    5.194377] smpboot: Asserting INIT
[    5.194440] smpboot: waiting 5 sec for mouse movements to 'crash' this cpu
[   10.347128] smpboot: done waiting
[   10.347271] smpboot: Waiting for INIT send to finish...
[   10.357413] smpboot: status for above ^ is: 0
[   10.357519] smpboot: Deasserting INIT
[   10.357579] smpboot: Waiting for above send to finish...
[   10.357641] smpboot: #startup loops: 2
[   10.357701] smpboot: Sending STARTUP #1
[   10.357765] smpboot: After apic_write
[   10.358133] smpboot: Startup point 1
[   10.358243] smpboot: Waiting for send to finish...
[   10.358507] smpboot: Sending STARTUP #2
[   10.358605] smpboot: After apic_write
[   10.358966] smpboot: Startup point 1
[   10.359076] smpboot: Waiting for send to finish...
[   10.359340] smpboot: After Startup
[   10.359450] smpboot: Before Callout 2
[   10.359513] smpboot: After Callout 2
[   10.359575] smpboot: start waiting 5sec for response
[   15.378544] smpboot: done waiting 5sec for response
[   15.378687] smpboot: cpumask_test_cpu result: 0
[   15.378751] smpboot: cpu_callin_mask: 0000000000000003
[   15.378848] smpboot: cpu_callout_mask: 0000000000000007
[   15.378912] smpboot: CPU2: Not responding
[   15.379036] smpboot: do_boot_cpu failed(1) to wakeup CPU#2
[   15.379112] after cpu_up !!!!!!!!!!!!
[   15.379151] trying cpu_up:
[   15.379334] smpboot: ++++++++++++++++++++=_---CPU UP  3
[   15.379486]  #3
[   15.379523] smpboot: Setting warm reset code and vector.
[   15.379647] smpboot: 1.
[   15.379709] smpboot: 2.
[   15.379771] smpboot: 3.
[   15.379833] smpboot: Asserting INIT
[   15.379897] smpboot: waiting 5 sec for mouse movements to 'crash' this cpu
[   20.389204] smpboot: done waiting
[   20.389346] smpboot: Waiting for INIT send to finish...
[   20.399488] smpboot: status for above ^ is: 0
[   20.399598] smpboot: Deasserting INIT
[   20.399661] smpboot: Waiting for above send to finish...
[   20.399725] smpboot: #startup loops: 2
[   20.399789] smpboot: Sending STARTUP #1
[   20.399852] smpboot: After apic_write
[   20.236290] smpboot: CPU#3 (phys ID: 3) waiting for CALLOUT
[   20.236292] smpboot: Waiting max 15 sec for callout
[   20.400219] smpboot: Startup point 1
[   20.400456] smpboot: Waiting for send to finish...
[   20.400720] smpboot: Sending STARTUP #2
[   20.400830] smpboot: After apic_write
[   20.401193] smpboot: Startup point 1
[   20.401302] smpboot: Waiting for send to finish...
[   20.401564] smpboot: After Startup
[   20.401673] smpboot: Before Callout 3
[   20.401736] smpboot: After Callout 3
[   20.237972] smpboot: done waiting max 15 sec for callout
[   20.238007] smpboot: Stack at about ffff88040780ff3c
[   20.401933] smpboot: start waiting 5sec for response
[   20.401972] smpboot: done waiting 5sec for response
[   20.402069] smpboot: cpumask_test_cpu result: -1
[   20.402133] smpboot: cpu_callin_mask: 000000000000000b
[   20.402230] smpboot: cpu_callout_mask: 000000000000000b
[   20.402293] smpboot: CPU3: has booted.
[   20.402438] after cpu_up !!!!!!!!!!!!
[   20.402476] trying cpu_up:
[   20.402575] ------------[ cut here ]------------
[   20.402641] WARNING: CPU: 0 PID: 1 at arch/x86/kernel/smpboot.c:1044 native_cpu_up+0x4d1/0xab0()
[   20.402751] Modules linked in:
[   20.402850] CPU: 0 PID: 1 Comm: swapper/0 Tainted: G          I    3.17.0-rc3-gfb76234 #75
[   20.402936] Hardware name: LENOVO Sabine/Torpedo, BIOS 54CN18WW 07/20/2011
[   20.402999]  0000000000000009 ffff880407f0fde0 ffffffff81515621 0000000000000000
[   20.403211]  ffff880407f0fe18 ffffffff8103f918 0000000000000000 ffff880407fa2d50
[   20.403422]  0000000000000002 0000000000000002 ffffffff81aaebd0 ffff880407f0fe28
[   20.403634] Call Trace:
[   20.403698]  [<ffffffff81515621>] dump_stack+0x45/0x56
[   20.403762]  [<ffffffff8103f918>] warn_slowpath_common+0x78/0xa0
[   20.403822]  [<ffffffff8103f9f5>] warn_slowpath_null+0x15/0x20
[   20.403882]  [<ffffffff81024291>] native_cpu_up+0x4d1/0xab0
[   20.403945]  [<ffffffff8105b76d>] ? notifier_call_chain+0x4d/0x70
[   20.404008]  [<ffffffff8103fd44>] cpu_up+0x154/0x1a0
[   20.404071]  [<ffffffff81ae0867>] smp_init+0x8d/0xe7
[   20.404134]  [<ffffffff81acaf3b>] kernel_init_freeable+0xf3/0x200
[   20.404197]  [<ffffffff81511d00>] ? rest_init+0x80/0x80
[   20.404260]  [<ffffffff81511d09>] kernel_init+0x9/0xf0
[   20.404322]  [<ffffffff8151be6c>] ret_from_fork+0x7c/0xb0
[   20.404384]  [<ffffffff81511d00>] ? rest_init+0x80/0x80
[   20.405514] ---[ end trace d14fe3383f24508e ]---
[   20.405574] smpboot: ++++++++++++++++++++=_---CPU UP  2
[   20.405634] ------------[ cut here ]------------
[   20.405697] WARNING: CPU: 0 PID: 1 at kernel/smp.c:294 smp_call_function_single+0x89/0xa0()
[   20.405829] Modules linked in:
[   20.405919] CPU: 0 PID: 1 Comm: swapper/0 Tainted: G        W I    3.17.0-rc3-gfb76234 #75
[   20.406028] Hardware name: LENOVO Sabine/Torpedo, BIOS 54CN18WW 07/20/2011
[   20.406089]  0000000000000009 ffff880407f0fda0 ffffffff81515621 0000000000000000
[   20.406299]  ffff880407f0fdd8 ffffffff8103f918 0000000000000000 ffffffff8101fc70
[   20.406509]  0000000000000002 0000000000000002 ffffffff81aaebd0 ffff880407f0fde8
[   20.406720] Call Trace:
[   20.406781]  [<ffffffff81515621>] dump_stack+0x45/0x56
[   20.406843]  [<ffffffff8103f918>] warn_slowpath_common+0x78/0xa0
[   20.406906]  [<ffffffff8101fc70>] ? get_fixed_ranges.constprop.6+0x120/0x120
[   20.406970]  [<ffffffff8103f9f5>] warn_slowpath_null+0x15/0x20
[   20.407033]  [<ffffffff810a5ff9>] smp_call_function_single+0x89/0xa0
[   20.407096]  [<ffffffff8101e68f>] mtrr_save_state+0x2f/0x40
[   20.407158]  [<ffffffff81023e51>] native_cpu_up+0x91/0xab0
[   20.407222]  [<ffffffff8105b76d>] ? notifier_call_chain+0x4d/0x70
[   20.407284]  [<ffffffff8103fd44>] cpu_up+0x154/0x1a0
[   20.407346]  [<ffffffff81ae0867>] smp_init+0x8d/0xe7
[   20.407409]  [<ffffffff81acaf3b>] kernel_init_freeable+0xf3/0x200
[   20.407468]  [<ffffffff81511d00>] ? rest_init+0x80/0x80
[   20.407527]  [<ffffffff81511d09>] kernel_init+0x9/0xf0
[   20.407586]  [<ffffffff8151be6c>] ret_from_fork+0x7c/0xb0
[   20.407648]  [<ffffffff81511d00>] ? rest_init+0x80/0x80
[   20.407709] ---[ end trace d14fe3383f24508f ]---
[   20.407770]  #2
[   20.407803] smpboot: Setting warm reset code and vector.
[   20.407918] smpboot: 1.
[   20.407975] smpboot: 2.
[   20.408033] smpboot: 3.
[   20.408091] smpboot: Asserting INIT
[   20.408150] smpboot: waiting 5 sec for mouse movements to 'crash' this cpu
[   25.417450] smpboot: done waiting
[   25.417593] smpboot: Waiting for INIT send to finish...
[   25.427735] smpboot: status for above ^ is: 0
[   25.427845] smpboot: Deasserting INIT
[   25.427908] smpboot: Waiting for above send to finish...
[   25.427972] smpboot: #startup loops: 2
[   25.428036] smpboot: Sending STARTUP #1
[   25.428098] smpboot: After apic_write
[   25.428462] smpboot: Startup point 1
[   25.428571] smpboot: Waiting for send to finish...
[   25.428836] smpboot: Sending STARTUP #2
[   25.428945] smpboot: After apic_write
[   25.429308] smpboot: Startup point 1
[   25.429418] smpboot: Waiting for send to finish...
[   25.429680] smpboot: After Startup
[   25.429789] smpboot: Before Callout 2
[   25.429852] smpboot: After Callout 2
[   25.429915] smpboot: start waiting 5sec for response
[   30.449099] smpboot: done waiting 5sec for response
[   30.449242] smpboot: cpumask_test_cpu result: 0
[   30.449305] smpboot: cpu_callin_mask: 000000000000000b
[   30.449402] smpboot: cpu_callout_mask: 000000000000000f
[   30.449465] smpboot: CPU2: Not responding
[   30.449589] smpboot: do_boot_cpu failed(1) to wakeup CPU#2
[   30.449659] after cpu_up !!!!!!!!!!!!
[   30.449698] x86: Booted up 1 node, 3 CPUs
[   30.449819] smpboot: Boot done
[   30.449882] smpboot: Before bogomips
[   30.449946] smpboot: Total of 3 processors activated (8388.88 BogoMIPS)
[   30.450011] smpboot: Before bogocount - setting activated=1
[   10.123432] devtmpfs: initialized
[   10.123500] device: 'platform': device_add
[   10.123643] bus: 'platform': registered
[   10.123717] bus: 'cpu': registered
[   10.123782] device: 'cpu': device_add
[   10.123873] bus: 'container': registered
[   10.123938] device: 'container': device_add
[   10.124460] bus: 'workqueue': registered
[   10.124460] device: 'workqueue': device_add
[   10.124460] kworker/u8:0 (39) used greatest stack depth: 14928 bytes left
[   10.124460] atomic64_test: passed for x86-64 platform with CX8 and with SSE
[   10.124460] device class 'regulator': registering
[   10.124460] Registering platform device 'reg-dummy'. Parent at platform
[   10.124460] device: 'reg-dummy': device_add
[   10.124524] bus: 'platform': add device reg-dummy
[   10.124605] bus: 'platform': add driver reg-dummy
[   10.124672] bus: 'platform': driver_probe_device: matched device reg-dummy with driver reg-dummy
[   10.124786] bus: 'platform': really_probe: probing driver reg-dummy with device reg-dummy
[   10.124886] device: 'regulator.0': device_add
[   10.124981] regulator-dummy: no parameters
[   10.124981] driver: 'reg-dummy': driver_bound: bound to device 'reg-dummy'
[   10.124981] bus: 'platform': really_probe: bound device reg-dummy to driver reg-dummy
[   10.126679] NET: Registered protocol family 16
[   10.126679] device class 'bdi': registering
[   10.126682] bus: 'platform': add driver ramoops
[   10.126687] device class 'pci_bus': registering
[   10.126691] bus: 'pci': registered
[   10.126691] device class 'backlight': registering
[   10.126691] device class 'tty': registering
[   10.126691] device class 'vtconsole': registering
[   10.126691] device: 'vtcon0': device_add
[   10.126691] bus: 'node': registered
[   10.126691] device: 'node': device_add
[   10.126691] bus: 'i2c': registered
[   10.126691] bus: 'i2c': add driver dummy
[   10.126691] i2c-core: driver [dummy] registered
[   10.126691] cpuidle: using governor ladder
[   10.126691] cpuidle: using governor menu
[   10.126691] ACPI FADT declares the system doesn't support PCIe ASPM, so disable it
[   10.126691] ACPI: bus type PCI registered
[   10.126691] acpiphp: ACPI Hot Plug PCI Controller Driver version: 0.5
[   10.126691] device class 'dmi': registering
[   10.126691] device: 'id': device_add
[   10.126691] PCI: MMCONFIG for domain 0000 [bus 00-3f] at [mem 0xf8000000-0xfbffffff] (base 0xf8000000)
[   10.126691] PCI: not using MMCONFIG
[   10.126691] PCI: Using configuration type 1 for base access
[   10.126691] PCI: Using configuration type 1 for extended access
[   10.126897] device: 'node0': device_add
[   10.127011] bus: 'node': add device node0
[   10.130019] device: 'cpu0': device_add
[   10.130019] bus: 'cpu': add device cpu0
[   10.130019] device: 'cpu1': device_add
[   10.130019] bus: 'cpu': add device cpu1
[   10.130021] device: 'cpu2': device_add
[   10.130032] kworker/u8:0 (59) used greatest stack depth: 14176 bytes left
[   10.130021] bus: 'cpu': add device cpu2
[   10.130021] device: 'cpu3': device_add
[   10.130021] bus: 'cpu': add device cpu3
[   10.140043] device: 'writeback': device_add
[   10.140141] bus: 'workqueue': add device writeback
[   10.140249] device: 'default': device_add
[   10.140434] device class 'block': registering
[   10.140434] ACPI: Added _OSI(Module Device)
[   10.140434] ACPI: Added _OSI(Processor Device)
[   10.140434] ACPI: Added _OSI(3.0 _SCP Extensions)
[   10.140434] ACPI: Added _OSI(Processor Aggregator Device)
[   10.141942] 
**** Context Switch from TID 4294967295 to TID 133431296 ****

[   10.142126]     utils-0051 util_eval_error       : Evaluate [\_SB_.PCI0.LPC0.EC0_._GLK]: AE_NOT_FOUND
[   10.142679] Executing  Method       \_SB_.PCI0.LPC0.EC0_._REG
[   10.143452] Executing  Method       \_SB_.PCI0.LPC0.EC0_._REG
[   10.143649] Executing  Method       \_SB_.PCI0.LPC0.EC0_._REG
[   10.143851] Executing  Method       \_SB_.PCI0.LPC0.EC0_._REG
[   10.146961] Initializing Region       \_SB_.OSTY
[   10.147158] Initializing Region       \_SB_.PCI0.NBMS
[   10.147302] Initializing Region       \_SB_.PCI0.NBXP
[   10.147453] Initializing Region       \_SB_.PCI0.K8ST
[   10.147642] Initializing Region       \_SB_.PCI0.BAR1
[   10.147825] Initializing Region       \_SB_.PCI0.PB2_.XPEX
[   10.147974] Initializing Region       \_SB_.PCI0.PB2_.PCFG
[   10.148123] Initializing Region       \_SB_.PCI0.PB2_.XPCB
[   10.148273] Initializing Region       \_SB_.PCI0.PB2_.XPRI
[   10.148417] Initializing Region       \_SB_.PCI0.PB2_.VGA_.PCFG
[   10.148626] Initializing Region       \_SB_.PCI0.PB2_.HDAU.PCFG
[   10.148799] Initializing Region       \_SB_.PCI0.PB3_.XPEX
[   10.148947] Initializing Region       \_SB_.PCI0.PB3_.PCFG
[   10.149096] Initializing Region       \_SB_.PCI0.PB3_.XPCB
[   10.149246] Initializing Region       \_SB_.PCI0.PB3_.XPRI
[   10.149398] Initializing Region       \_SB_.PCI0.PB3_.VGA_.PCFG
[   10.149591] Initializing Region       \_SB_.PCI0.PB3_.HDAU.PCFG
[   10.149765] Initializing Region       \_SB_.PCI0.PB4_.XPEX
[   10.149914] Initializing Region       \_SB_.PCI0.PB4_.PCFG
[   10.150018] Initializing Region       \_SB_.PCI0.PB4_.XPCB
[   10.150169] Initializing Region       \_SB_.PCI0.PB4_.XPRI
[   10.150322] Initializing Region       \_SB_.PCI0.PB4_.XPDV.PCFG
[   10.150487] Initializing Region       \_SB_.PCI0.PB5_.XPEX
[   10.150637] Initializing Region       \_SB_.PCI0.PB5_.PCFG
[   10.150780] Initializing Region       \_SB_.PCI0.PB5_.XPCB
[   10.150918] Initializing Region       \_SB_.PCI0.PB5_.XPRI
[   10.151073] Initializing Region       \_SB_.PCI0.PB5_.XPDV.PCFG
[   10.153354] Initializing Region       \_SB_.PCI0.PB6_.XPEX
[   10.153354] Initializing Region       \_SB_.PCI0.PB6_.PCFG
[   10.153354] Initializing Region       \_SB_.PCI0.PB6_.XPCB
[   10.153354] Initializing Region       \_SB_.PCI0.PB6_.XPRI
[   10.153354] Initializing Region       \_SB_.PCI0.PB6_.XPDV.PCFG
[   10.153354] Initializing Region       \_SB_.PCI0.PB7_.XPEX
[   10.153354] Initializing Region       \_SB_.PCI0.PB7_.PCFG
[   10.153354] Initializing Region       \_SB_.PCI0.PB7_.XPCB
[   10.153491] Initializing Region       \_SB_.PCI0.PB7_.XPRI
[   10.153643] Initializing Region       \_SB_.PCI0.PB7_.XPDV.PCFG
[   10.154085] Initializing Region       \_SB_.PCI0.SATC
[   10.154248] Initializing Region       \_SB_.PCI0.RMEM
[   10.154427] Initializing Region       \_SB_.PCI0.SATA.SATX
[   10.154570] Initializing Region       \_SB_.PCI0.SATA.BAR5
[   10.170184] Initializing Region       \_SB_.PCI0.SMB_.SBRV
[   10.170392] Initializing Region       \_SB_.PCI0.SMB_.PMIO
[   10.170540] Initializing Region       \_SB_.PCI0.SMB_.ERMM
[   10.170818] Initializing Region       \_SB_.PCI0.SMB_.P1E0
[   10.171025] Initializing Region       \_SB_.PCI0.SMB_.ABIO
[   10.171175] Initializing Region       \_SB_.PCI0.SMB_.SMB0
[   10.171321] Initializing Region       \_SB_.PCI0.LPC0.PIRQ
[   10.171491] Initializing Region       \_SB_.PCI0.LPC0.LPCR
[   10.171745] Initializing Region       \_SB_.PCI0.LPC0.LPCS
[   10.171948] Initializing Region       \_SB_.PCI0.LPC0.SMI0
[   10.172092] Initializing Region       \_SB_.PCI0.LPC0.SMI1
[   10.172092] Initializing Region       \_SB_.PCI0.LPC0.EC0_.ECO1
[   10.172092] Initializing Region       \_SB_.PCI0.LPC0.EC0_.ECO2
[   10.172092] Initializing Region       \_SB_.PCI0.LPC0.EC0_.ECMB
[   10.172092] Initializing Region       \_SB_.PCI0.LPC0.EC0_.RAM_
[   10.172092] Initializing Region       \_SB_.PCI0.LPC0.EC0_.CMOS
[   10.172092] Initializing Region       \_SB_.PCI0.LPC0.EC0_.VPC0.ERAM
[   10.172092] Initializing Region       \_SB_.PCI0.SPB0.PCFG
[   10.172092] Initializing Region       \_SB_.PCI0.SPB0.XPCB
[   10.172092] Initializing Region       \_SB_.PCI0.SPB0.XPDV.PCFG
[   10.172092] Initializing Region       \_SB_.PCI0.SPB1.PCFG
[   10.172092] Initializing Region       \_SB_.PCI0.SPB1.XPCB
[   10.172092] Initializing Region       \_SB_.PCI0.SPB1.XPDV.PCFG
[   10.172097] Initializing Region       \_SB_.PCI0.SPB2.PCFG
[   10.172244] Initializing Region       \_SB_.PCI0.SPB2.XPCB
[   10.172396] Initializing Region       \_SB_.PCI0.SPB2.XPDV.PCFG
[   10.172555] Initializing Region       \_SB_.PCI0.SPB3.PCFG
[   10.172702] Initializing Region       \_SB_.PCI0.SPB3.XPCB
[   10.172848] Initializing Region       \_SB_.PCI0.SPB3.XPDV.PCFG
[   10.173130] Initializing Region       \_SB_.PCI0.VGA_.REVD
[   10.173530] Initializing BufferField  \_SB_.AMW0.WLID
[   10.174148] Initializing Region       \DEB2
[   10.174293] Initializing Region       \PMIO
[   10.174440] Initializing Region       \P01_
[   10.174615] Initializing Region       \CNVS
[   10.174822] Initializing Region       \SPRT
[   10.174987] Initializing Region       \CMIO
[   10.175292] Executing  Method       \_SB_._STA
[   10.175506] Executing  Method       \_SB_._INI
[   10.175678] Executing  Method       \_SB_.PCI0._STA
[   10.175848] Executing  Method       \_SB_.PCI0._INI
[   10.176291] [Firmware Bug]: ACPI: BIOS _OSI(Linux) query ignored
[   10.176717] Executing  Method       \_SB_.PCI0.SATA._STA
[   10.176888] Executing  Method       \_SB_.PCI0.SATA._INI
[   10.177948] Executing  Method       \_SB_.PCI0.LPC0.EC0_._REG
[   10.220111] ACPI: Interpreter enabled
[   10.220236] ACPI: (supports S0 S5)
[   10.220299] ACPI: Using IOAPIC for interrupt routing
[   10.220645] PCI: MMCONFIG for domain 0000 [bus 00-3f] at [mem 0xf8000000-0xfbffffff] (base 0xf8000000)
[   10.221473] PCI: MMCONFIG at [mem 0xf8000000-0xfbffffff] reserved in ACPI motherboard resources
[   10.221808] bus: 'acpi': registered
[   10.221923] PCI: Using host bridge windows from ACPI; if necessary, use "pci=nocrs" and report a bug
[   10.222074]      scan-1141 get_device_data       : No context for object [ffffffffffffffff]
[   10.222074]     utils-0051 util_eval_error       : Evaluate [\._STA]: AE_NOT_FOUND
[   10.222074] device: 'LNXSYSTM:00': device_add
[   10.222074] bus: 'acpi': add device LNXSYSTM:00
[   10.222074]     utils-0051 util_eval_error       : Evaluate [\._SUN]: AE_NOT_FOUND
[   10.223344]      scan-1933 add_single_object     : Added LNXSYSTM:00 [\] parent (null)
[   10.223344]      scan-1141 get_device_data       : No context for object [ffff88040d81d000]
[   10.223344]      scan-1141 get_device_data       : No context for object [ffff88040d8377d0]
[   10.223344]      scan-1141 get_device_data       : No context for object [ffff88040d8377f8]
[   10.223344]      scan-1141 get_device_data       : No context for object [ffff88040d837820]
[   10.223344]      scan-1141 get_device_data       : No context for object [ffff88040d837848]
[   10.223344]      scan-1141 get_device_data       : No context for object [ffff88040d837870]
[   10.223344]      scan-1141 get_device_data       : No context for object [ffff88040d837898]
[   10.223344]      scan-1141 get_device_data       : No context for object [ffff88040d8378c0]
[   10.223344]      scan-1141 get_device_data       : No context for object [ffff88040d8378e8]
[   10.223344]      scan-1141 get_device_data       : No context for object [ffff88040d839398]
[   10.223344]      scan-1141 get_device_data       : No context for object [ffff88040d81d028]
[   10.223344]      scan-1141 get_device_data       : No context for object [ffff88040d81d168]
[   10.223344]     utils-0051 util_eval_error       : Evaluate [\_PR_.C000._STA]: AE_NOT_FOUND
[   10.223537]      scan-1141 get_device_data       : No context for object [ffff88040d81d028]
[   10.223744] device: 'LNXCPU:00': device_add
[   10.223807] bus: 'acpi': add device LNXCPU:00
[   10.223886]     utils-0051 util_eval_error       : Evaluate [\_PR_.C000._SUN]: AE_NOT_FOUND
[   10.226673]      scan-1933 add_single_object     : Added LNXCPU:00 [\_PR_.C000] parent LNXSYSTM:00
[   10.226673]      scan-1141 get_device_data       : No context for object [ffff88040d83c398]
[   10.226673]      scan-1141 get_device_data       : No context for object [ffff88040d83c3c0]
[   10.226673]      scan-1141 get_device_data       : No context for object [ffff88040d83c3e8]
[   10.226673]      scan-1141 get_device_data       : No context for object [ffff88040d83c410]
[   10.226673]      scan-1141 get_device_data       : No context for object [ffff88040d83c438]
[   10.226673]      scan-1141 get_device_data       : No context for object [ffff88040d83c460]
[   10.226673]      scan-1141 get_device_data       : No context for object [ffff88040d81d190]
[   10.226673]     utils-0051 util_eval_error       : Evaluate [\_PR_.C001._STA]: AE_NOT_FOUND
[   10.226673]      scan-1141 get_device_data       : No context for object [ffff88040d81d028]
[   10.226673] device: 'LNXCPU:01': device_add
[   10.226673] bus: 'acpi': add device LNXCPU:01
[   10.226673]     utils-0051 util_eval_error       : Evaluate [\_PR_.C001._SUN]: AE_NOT_FOUND
[   10.226720]      scan-1933 add_single_object     : Added LNXCPU:01 [\_PR_.C001] parent LNXSYSTM:00
[   10.226720]      scan-1141 get_device_data       : No context for object [ffff88040d83c488]
[   10.226794]      scan-1141 get_device_data       : No context for object [ffff88040d83c4b0]
[   10.226993]      scan-1141 get_device_data       : No context for object [ffff88040d83c4d8]
[   10.227170]      scan-1141 get_device_data       : No context for object [ffff88040d83c500]
[   10.227367]      scan-1141 get_device_data       : No context for object [ffff88040d83c528]
[   10.227565]      scan-1141 get_device_data       : No context for object [ffff88040d83c550]
[   10.227763]      scan-1141 get_device_data       : No context for object [ffff88040d81d1b8]
[   10.227959]     utils-0051 util_eval_error       : Evaluate [\_PR_.C002._STA]: AE_NOT_FOUND
[   10.228136]      scan-1141 get_device_data       : No context for object [ffff88040d81d028]
[   10.228343] device: 'LNXCPU:02': device_add
[   10.228406] bus: 'acpi': add device LNXCPU:02
[   10.228481]     utils-0051 util_eval_error       : Evaluate [\_PR_.C002._SUN]: AE_NOT_FOUND
[   10.230008]      scan-1933 add_single_object     : Added LNXCPU:02 [\_PR_.C002] parent LNXSYSTM:00
[   10.230008]      scan-1141 get_device_data       : No context for object [ffff88040d83c578]
[   10.230008]      scan-1141 get_device_data       : No context for object [ffff88040d83c5a0]
[   10.230008]      scan-1141 get_device_data       : No context for object [ffff88040d83c5c8]
[   10.230008]      scan-1141 get_device_data       : No context for object [ffff88040d83c5f0]
[   10.230008]      scan-1141 get_device_data       : No context for object [ffff88040d83c618]
[   10.230008]      scan-1141 get_device_data       : No context for object [ffff88040d83c640]
[   10.233336]      scan-1141 get_device_data       : No context for object [ffff88040d81d1e0]
[   10.233515]     utils-0051 util_eval_error       : Evaluate [\_PR_.C003._STA]: AE_NOT_FOUND
[   10.233711]      scan-1141 get_device_data       : No context for object [ffff88040d81d028]
[   10.233917] device: 'LNXCPU:03': device_add
[   10.233982] bus: 'acpi': add device LNXCPU:03
[   10.234057]     utils-0051 util_eval_error       : Evaluate [\_PR_.C003._SUN]: AE_NOT_FOUND
[   10.234264]      scan-1933 add_single_object     : Added LNXCPU:03 [\_PR_.C003] parent LNXSYSTM:00
[   10.235439]      scan-1141 get_device_data       : No context for object [ffff88040d83c668]
[   10.235637]      scan-1141 get_device_data       : No context for object [ffff88040d83c690]
[   10.235834]      scan-1141 get_device_data       : No context for object [ffff88040d83c6b8]
[   10.236031]      scan-1141 get_device_data       : No context for object [ffff88040d83c6e0]
[   10.236224]      scan-1141 get_device_data       : No context for object [ffff88040d83c708]
[   10.236401]      scan-1141 get_device_data       : No context for object [ffff88040d83c730]
[   10.236401]      scan-1141 get_device_data       : No context for object [ffff88040d81d050]
[   10.236401]     utils-0051 util_eval_error       : Evaluate [\_SB_._STA]: AE_NOT_FOUND
[   10.236401] device: 'LNXSYBUS:00': device_add
[   10.236401] bus: 'acpi': add device LNXSYBUS:00
[   10.236401]     utils-0051 util_eval_error       : Evaluate [\_SB_._SUN]: AE_NOT_FOUND
[   10.236672]      scan-1933 add_single_object     : Added LNXSYBUS:00 [\_SB_] parent LNXSYSTM:00
[   10.236672]      scan-1141 get_device_data       : No context for object [ffff88040d81d3c0]
[   10.236672]      scan-1141 get_device_data       : No context for object [ffff88040d81d3e8]
[   10.236672]      scan-1141 get_device_data       : No context for object [ffff88040d81d410]
[   10.236672]      scan-1141 get_device_data       : No context for object [ffff88040d81d438]
[   10.236672]      scan-1141 get_device_data       : No context for object [ffff88040d81d460]
[   10.236672]      scan-1141 get_device_data       : No context for object [ffff88040d81d488]
[   10.236672]      scan-1141 get_device_data       : No context for object [ffff88040d81d4b0]
[   10.236672]      scan-1141 get_device_data       : No context for object [ffff88040d81d5a0]
[   10.236672]     utils-0051 util_eval_error       : Evaluate [\_SB_.PWRB._STA]: AE_NOT_FOUND
[   10.236672] device: 'PNP0C0C:00': device_add
[   10.236672] bus: 'acpi': add device PNP0C0C:00
[   10.236672]     utils-0051 util_eval_error       : Evaluate [\_SB_.PWRB._SUN]: AE_NOT_FOUND
[   10.236723]      scan-1933 add_single_object     : Added PNP0C0C:00 [\_SB_.PWRB] parent LNXSYBUS:00
[   10.236723]      scan-1141 get_device_data       : No context for object [ffff88040d81d5c8]
[   10.236873]      scan-1141 get_device_data       : No context for object [ffff88040d81d5f0]
[   10.237070]     utils-0051 util_eval_error       : Evaluate [\_SB_.PCI0._STA]: AE_NOT_FOUND
[   10.237315] device: 'PNP0A08:00': device_add
[   10.237423] bus: 'acpi': add device PNP0A08:00
[   10.237500]     utils-0051 util_eval_error       : Evaluate [\_SB_.PCI0._SUN]: AE_NOT_FOUND
[   10.240029]      scan-1933 add_single_object     : Added PNP0A08:00 [\_SB_.PCI0] parent LNXSYBUS:00
[   10.240029]      scan-1141 get_device_data       : No context for object [ffff88040d81d618]
[   10.240029]      scan-1141 get_device_data       : No context for object [ffff88040d81d640]
[   10.240029]      scan-1141 get_device_data       : No context for object [ffff88040d81d668]
[   10.240029]      scan-1141 get_device_data       : No context for object [ffff88040d81d690]
[   10.240029]      scan-1141 get_device_data       : No context for object [ffff88040d81d6b8]
[   10.240029]      scan-1141 get_device_data       : No context for object [ffff88040d81d6e0]
[   10.240029]      scan-1141 get_device_data       : No context for object [ffff88040d81d708]
[   10.240029]      scan-1141 get_device_data       : No context for object [ffff88040d81d730]
[   10.240029]      scan-1141 get_device_data       : No context for object [ffff88040d81d758]
[   10.240029]      scan-1141 get_device_data       : No context for object [ffff88040d81d780]
[   10.240029]      scan-1141 get_device_data       : No context for object [ffff88040d81d7a8]
[   10.243336]      scan-1141 get_device_data       : No context for object [ffff88040d81d7d0]
[   10.243512]      scan-1141 get_device_data       : No context for object [ffff88040d81d7f8]
[   10.243709]      scan-1141 get_device_data       : No context for object [ffff88040d81d820]
[   10.243907]      scan-1141 get_device_data       : No context for object [ffff88040d81d848]
[   10.244105]      scan-1141 get_device_data       : No context for object [ffff88040d81d870]
[   10.244303]      scan-1141 get_device_data       : No context for object [ffff88040d81d898]
[   10.244454]      scan-1141 get_device_data       : No context for object [ffff88040d81d8c0]
[   10.244631]      scan-1141 get_device_data       : No context for object [ffff88040d81d8e8]
[   10.244824]      scan-1141 get_device_data       : No context for object [ffff88040d81d910]
[   10.245022]      scan-1141 get_device_data       : No context for object [ffff88040d81d938]
[   10.245219]      scan-1141 get_device_data       : No context for object [ffff88040d81d960]
[   10.245396]      scan-1141 get_device_data       : No context for object [ffff88040d81d988]
[   10.245594]      scan-1141 get_device_data       : No context for object [ffff88040d81d9b0]
[   10.245792]      scan-1141 get_device_data       : No context for object [ffff88040d81d9d8]
[   10.245987]      scan-1141 get_device_data       : No context for object [ffff88040d81da00]
[   10.246184]      scan-1141 get_device_data       : No context for object [ffff88040d81da28]
[   10.246375]      scan-1141 get_device_data       : No context for object [ffff88040d81da50]
[   10.246573]      scan-1141 get_device_data       : No context for object [ffff88040d81da78]
[   10.246573]      scan-1141 get_device_data       : No context for object [ffff88040d81daa0]
[   10.246573]      scan-1141 get_device_data       : No context for object [ffff88040d81dac8]
[   10.246573]      scan-1141 get_device_data       : No context for object [ffff88040d81daf0]
[   10.246573]      scan-1141 get_device_data       : No context for object [ffff88040d81db18]
[   10.246573]      scan-1141 get_device_data       : No context for object [ffff88040d81db40]
[   10.246573]      scan-1141 get_device_data       : No context for object [ffff88040d81db68]
[   10.246573]      scan-1141 get_device_data       : No context for object [ffff88040d81db90]
[   10.246573]      scan-1141 get_device_data       : No context for object [ffff88040d81dbb8]
[   10.246573]      scan-1141 get_device_data       : No context for object [ffff88040d81dbe0]
[   10.246573]      scan-1141 get_device_data       : No context for object [ffff88040d81dc08]
[   10.246573]      scan-1141 get_device_data       : No context for object [ffff88040d81dc30]
[   10.246573]      scan-1141 get_device_data       : No context for object [ffff88040d81dc58]
[   10.246573]      scan-1141 get_device_data       : No context for object [ffff88040d81dc80]
[   10.246573]      scan-1141 get_device_data       : No context for object [ffff88040d81dca8]
[   10.246573]      scan-1141 get_device_data       : No context for object [ffff88040d81dcd0]
[   10.246573]      scan-1141 get_device_data       : No context for object [ffff88040d81dcf8]
[   10.246633]      scan-1141 get_device_data       : No context for object [ffff88040d81dd20]
[   10.246832]      scan-1141 get_device_data       : No context for object [ffff88040d81dd48]
[   10.247029]      scan-1141 get_device_data       : No context for object [ffff88040d81dd70]
[   10.247181]      scan-1141 get_device_data       : No context for object [ffff88040d81dd98]
[   10.247358]      scan-1141 get_device_data       : No context for object [ffff88040d81ddc0]
[   10.247555]      scan-1141 get_device_data       : No context for object [ffff88040d81dde8]
[   10.247750]      scan-1141 get_device_data       : No context for object [ffff88040d81de10]
[   10.247947]      scan-1141 get_device_data       : No context for object [ffff88040d81de38]
[   10.248124]      scan-1141 get_device_data       : No context for object [ffff88040d81de60]
[   10.248322]      scan-1141 get_device_data       : No context for object [ffff88040d81de88]
[   10.248519]      scan-1141 get_device_data       : No context for object [ffff88040d81deb0]
[   10.248716]      scan-1141 get_device_data       : No context for object [ffff88040d81ded8]
[   10.248909]      scan-1141 get_device_data       : No context for object [ffff88040d81df00]
[   10.249100]      scan-1141 get_device_data       : No context for object [ffff88040d81df28]
[   10.249298]      scan-1141 get_device_data       : No context for object [ffff88040d81df50]
[   10.249495]      scan-1141 get_device_data       : No context for object [ffff88040d81df78]
[   10.253336]      scan-1141 get_device_data       : No context for object [ffff88040d81dfa0]
[   10.253530]      scan-1141 get_device_data       : No context for object [ffff88040d81dfc8]
[   10.253726]      scan-1141 get_device_data       : No context for object [ffff88040d822000]
[   10.253919]      scan-1141 get_device_data       : No context for object [ffff88040d822028]
[   10.254114]     utils-0051 util_eval_error       : Evaluate [\_SB_.PCI0.MEMR._STA]: AE_NOT_FOUND
[   10.254345] device: 'PNP0C02:00': device_add
[   10.254407] bus: 'acpi': add device PNP0C02:00
[   10.254481]     utils-0051 util_eval_error       : Evaluate [\_SB_.PCI0.MEMR._SUN]: AE_NOT_FOUND
[   10.254687]      scan-1933 add_single_object     : Added PNP0C02:00 [\_SB_.PCI0.MEMR] parent PNP0A08:00
[   10.254844]      scan-1141 get_device_data       : No context for object [ffff88040d822050]
[   10.255022]      scan-1141 get_device_data       : No context for object [ffff88040d822078]
[   10.255214]      scan-1141 get_device_data       : No context for object [ffff88040d8220a0]
[   10.255410]      scan-1141 get_device_data       : No context for object [ffff88040d8220c8]
[   10.255607]      scan-1141 get_device_data       : No context for object [ffff88040d8220f0]
[   10.255784]      scan-1141 get_device_data       : No context for object [ffff88040d822118]
[   10.255784]      scan-1141 get_device_data       : No context for object [ffff88040d822140]
[   10.255784]      scan-1141 get_device_data       : No context for object [ffff88040d822168]
[   10.255784]      scan-1141 get_device_data       : No context for object [ffff88040d822190]
[   10.255784]      scan-1141 get_device_data       : No context for object [ffff88040d8221b8]
[   10.255784]      scan-1141 get_device_data       : No context for object [ffff88040d8221e0]
[   10.255784]      scan-1141 get_device_data       : No context for object [ffff88040d822208]
[   10.255784]      scan-1141 get_device_data       : No context for object [ffff88040d822230]
[   10.255784]      scan-1141 get_device_data       : No context for object [ffff88040d822258]
[   10.255784]      scan-1141 get_device_data       : No context for object [ffff88040d822280]
[   10.255784]      scan-1141 get_device_data       : No context for object [ffff88040d8222a8]
[   10.255784]     utils-0051 util_eval_error       : Evaluate [\_SB_.PCI0.PB2_._STA]: AE_NOT_FOUND
[   10.255784] device: 'device:00': device_add
[   10.255784] bus: 'acpi': add device device:00
[   10.255784]     utils-0051 util_eval_error       : Evaluate [\_SB_.PCI0.PB2_._SUN]: AE_NOT_FOUND
[   10.256679]      scan-1933 add_single_object     : Added device:00 [\_SB_.PCI0.PB2_] parent PNP0A08:00
[   10.256679]      scan-1141 get_device_data       : No context for object [ffff88040d8222d0]
[   10.256679]      scan-1141 get_device_data       : No context for object [ffff88040d8222f8]
[   10.256679]      scan-1141 get_device_data       : No context for object [ffff88040d822320]
[   10.256679]      scan-1141 get_device_data       : No context for object [ffff88040d822348]
[   10.256868]      scan-1141 get_device_data       : No context for object [ffff88040d822370]
[   10.257066]      scan-1141 get_device_data       : No context for object [ffff88040d822398]
[   10.257263]      scan-1141 get_device_data       : No context for object [ffff88040d8223c0]
[   10.257456]      scan-1141 get_device_data       : No context for object [ffff88040d8223e8]
[   10.257653]      scan-1141 get_device_data       : No context for object [ffff88040d822410]
[   10.257850]      scan-1141 get_device_data       : No context for object [ffff88040d822438]
[   10.258048]      scan-1141 get_device_data       : No context for object [ffff88040d822460]
[   10.258246]      scan-1141 get_device_data       : No context for object [ffff88040d822488]
[   10.258444]      scan-1141 get_device_data       : No context for object [ffff88040d8224b0]
[   10.258639]      scan-1141 get_device_data       : No context for object [ffff88040d8224d8]
[   10.258837]      scan-1141 get_device_data       : No context for object [ffff88040d822500]
[   10.259034]      scan-1141 get_device_data       : No context for object [ffff88040d822528]
[   10.259213]      scan-1141 get_device_data       : No context for object [ffff88040d822550]
[   10.259411]      scan-1141 get_device_data       : No context for object [ffff88040d822578]
[   10.259609]      scan-1141 get_device_data       : No context for object [ffff88040d8225a0]
[   10.259805]      scan-1141 get_device_data       : No context for object [ffff88040d8225c8]
[   10.260002]      scan-1141 get_device_data       : No context for object [ffff88040d8225f0]
[   10.260153]      scan-1141 get_device_data       : No context for object [ffff88040d822618]
[   10.260330]      scan-1141 get_device_data       : No context for object [ffff88040d822640]
[   10.260528]      scan-1141 get_device_data       : No context for object [ffff88040d822668]
[   10.260726]      scan-1141 get_device_data       : No context for object [ffff88040d822690]
[   10.260925]      scan-1141 get_device_data       : No context for object [ffff88040d8226b8]
[   10.261097]      scan-1141 get_device_data       : No context for object [ffff88040d8226e0]
[   10.261295]      scan-1141 get_device_data       : No context for object [ffff88040d822708]
[   10.261493]      scan-1141 get_device_data       : No context for object [ffff88040d822730]
[   10.261690]      scan-1141 get_device_data       : No context for object [ffff88040d822758]
[   10.261888]      scan-1141 get_device_data       : No context for object [ffff88040d822780]
[   10.262073]     utils-0051 util_eval_error       : Evaluate [\_SB_.PCI0.PB2_.VGA_._STA]: AE_NOT_FOUND
[   10.262296] device: 'device:01': device_add
[   10.262358] bus: 'acpi': add device device:01
[   10.262433]     utils-0051 util_eval_error       : Evaluate [\_SB_.PCI0.PB2_.VGA_._SUN]: AE_NOT_FOUND
[   10.263346]      scan-1933 add_single_object     : Added device:01 [\_SB_.PCI0.PB2_.VGA_] parent device:00
[   10.263346]      scan-1141 get_device_data       : No context for object [ffff88040d8227a8]
[   10.263346]      scan-1141 get_device_data       : No context for object [ffff88040d8227d0]
[   10.263346]      scan-1141 get_device_data       : No context for object [ffff88040d8227f8]
[   10.263498]      scan-1141 get_device_data       : No context for object [ffff88040d822820]
[   10.263692]      scan-1141 get_device_data       : No context for object [ffff88040d822848]
[   10.263890]      scan-1141 get_device_data       : No context for object [ffff88040d822870]
[   10.264088]      scan-1141 get_device_data       : No context for object [ffff88040d822898]
[   10.264265]      scan-1141 get_device_data       : No context for object [ffff88040d8228c0]
[   10.264462]      scan-1141 get_device_data       : No context for object [ffff88040d8228e8]
[   10.264660]      scan-1141 get_device_data       : No context for object [ffff88040d822910]
[   10.264854]      scan-1141 get_device_data       : No context for object [ffff88040d822938]
[   10.265053]      scan-1141 get_device_data       : No context for object [ffff88040d822960]
[   10.265204]      scan-1141 get_device_data       : No context for object [ffff88040d822988]
[   10.265382]      scan-1141 get_device_data       : No context for object [ffff88040d8229b0]
[   10.265580]      scan-1141 get_device_data       : No context for object [ffff88040d8229d8]
[   10.265777]      scan-1141 get_device_data       : No context for object [ffff88040d822a00]
[   10.265974]      scan-1141 get_device_data       : No context for object [ffff88040d822a28]
[   10.266148]      scan-1141 get_device_data       : No context for object [ffff88040d822a50]
[   10.266346]      scan-1141 get_device_data       : No context for object [ffff88040d822a78]
[   10.266544]      scan-1141 get_device_data       : No context for object [ffff88040d822aa0]
[   10.266669]      scan-1141 get_device_data       : No context for object [ffff88040d822ac8]
[   10.266866]      scan-1141 get_device_data       : No context for object [ffff88040d822af0]
[   10.267056]      scan-1141 get_device_data       : No context for object [ffff88040d822b18]
[   10.267247]      scan-1141 get_device_data       : No context for object [ffff88040d822b40]
[   10.267442]      scan-1141 get_device_data       : No context for object [ffff88040d822b68]
[   10.267636]      scan-1141 get_device_data       : No context for object [ffff88040d822b90]
[   10.267831]      scan-1141 get_device_data       : No context for object [ffff88040d822bb8]
[   10.268949]      scan-1141 get_device_data       : No context for object [ffff88040d822be0]
[   10.269128]      scan-1141 get_device_data       : No context for object [ffff88040d822c08]
[   10.269322]      scan-1141 get_device_data       : No context for object [ffff88040d822c30]
[   10.269516]      scan-1141 get_device_data       : No context for object [ffff88040d822c58]
[   10.269708]      scan-1141 get_device_data       : No context for object [ffff88040d822c80]
[   10.269902]      scan-1141 get_device_data       : No context for object [ffff88040d822ca8]
[   10.270145]      scan-1141 get_device_data       : No context for object [ffff88040d822cd0]
[   10.270340]      scan-1141 get_device_data       : No context for object [ffff88040d822cf8]
[   10.270533]      scan-1141 get_device_data       : No context for object [ffff88040d822d20]
[   10.270729]      scan-1141 get_device_data       : No context for object [ffff88040d822d48]
[   10.270922]      scan-1141 get_device_data       : No context for object [ffff88040d822d70]
[   10.271117]      scan-1141 get_device_data       : No context for object [ffff88040d822d98]
[   10.271313]      scan-1141 get_device_data       : No context for object [ffff88040d837438]
[   10.271509]      scan-1141 get_device_data       : No context for object [ffff88040d822dc0]
[   10.271708]     utils-0051 util_eval_error       : Evaluate [\_SB_.PCI0.PB2_.HDAU._STA]: AE_NOT_FOUND
[   10.271941] device: 'device:02': device_add
[   10.272004] bus: 'acpi': add device device:02
[   10.272072]     utils-0051 util_eval_error       : Evaluate [\_SB_.PCI0.PB2_.HDAU._SUN]: AE_NOT_FOUND
[   10.273364]      scan-1933 add_single_object     : Added device:02 [\_SB_.PCI0.PB2_.HDAU] parent device:00
[   10.273364]      scan-1141 get_device_data       : No context for object [ffff88040d822de8]
[   10.273364]      scan-1141 get_device_data       : No context for object [ffff88040d822e10]
[   10.273364]      scan-1141 get_device_data       : No context for object [ffff88040d822e38]
[   10.273364]      scan-1141 get_device_data       : No context for object [ffff88040d822e60]
[   10.273364]      scan-1141 get_device_data       : No context for object [ffff88040d822e88]
[   10.273364]      scan-1141 get_device_data       : No context for object [ffff88040d822eb0]
[   10.273532]      scan-1141 get_device_data       : No context for object [ffff88040d822ed8]
[   10.273731]     utils-0051 util_eval_error       : Evaluate [\_SB_.PCI0.PB3_._STA]: AE_NOT_FOUND
[   10.274028] device: 'device:03': device_add
[   10.274093] bus: 'acpi': add device device:03
[   10.274169]     utils-0051 util_eval_error       : Evaluate [\_SB_.PCI0.PB3_._SUN]: AE_NOT_FOUND
[   10.276681]      scan-1933 add_single_object     : Added device:03 [\_SB_.PCI0.PB3_] parent PNP0A08:00
[   10.276681]      scan-1141 get_device_data       : No context for object [ffff88040d822f00]
[   10.276681]      scan-1141 get_device_data       : No context for object [ffff88040d822f28]
[   10.276681]      scan-1141 get_device_data       : No context for object [ffff88040d822f50]
[   10.276681]      scan-1141 get_device_data       : No context for object [ffff88040d822f78]
[   10.276681]      scan-1141 get_device_data       : No context for object [ffff88040d822fa0]
[   10.276681]      scan-1141 get_device_data       : No context for object [ffff88040d822fc8]
[   10.276681]      scan-1141 get_device_data       : No context for object [ffff88040d823000]
[   10.276681]      scan-1141 get_device_data       : No context for object [ffff88040d823028]
[   10.276681]      scan-1141 get_device_data       : No context for object [ffff88040d823050]
[   10.276681]      scan-1141 get_device_data       : No context for object [ffff88040d823078]
[   10.276681]      scan-1141 get_device_data       : No context for object [ffff88040d8230a0]
[   10.276681]      scan-1141 get_device_data       : No context for object [ffff88040d8230c8]
[   10.276868]      scan-1141 get_device_data       : No context for object [ffff88040d8230f0]
[   10.277050]      scan-1141 get_device_data       : No context for object [ffff88040d823118]
[   10.277249]      scan-1141 get_device_data       : No context for object [ffff88040d823140]
[   10.277447]      scan-1141 get_device_data       : No context for object [ffff88040d823168]
[   10.277645]      scan-1141 get_device_data       : No context for object [ffff88040d823190]
[   10.277843]      scan-1141 get_device_data       : No context for object [ffff88040d8231b8]
[   10.278040]      scan-1141 get_device_data       : No context for object [ffff88040d8231e0]
[   10.278236]      scan-1141 get_device_data       : No context for object [ffff88040d823208]
[   10.278434]      scan-1141 get_device_data       : No context for object [ffff88040d823230]
[   10.278631]      scan-1141 get_device_data       : No context for object [ffff88040d823258]
[   10.278829]      scan-1141 get_device_data       : No context for object [ffff88040d823280]
[   10.279026]      scan-1141 get_device_data       : No context for object [ffff88040d8232a8]
[   10.279224]      scan-1141 get_device_data       : No context for object [ffff88040d8232d0]
[   10.279421]      scan-1141 get_device_data       : No context for object [ffff88040d8232f8]
[   10.279616]      scan-1141 get_device_data       : No context for object [ffff88040d823320]
[   10.279814]      scan-1141 get_device_data       : No context for object [ffff88040d823348]
[   10.280002]      scan-1141 get_device_data       : No context for object [ffff88040d823370]
[   10.280179]      scan-1141 get_device_data       : No context for object [ffff88040d823398]
[   10.280377]      scan-1141 get_device_data       : No context for object [ffff88040d8233c0]
[   10.280575]     utils-0051 util_eval_error       : Evaluate [\_SB_.PCI0.PB3_.VGA_._STA]: AE_NOT_FOUND
[   10.280801]     video-0058 backlight_cap_match   : Found generic backlight support
[   10.281011] device: 'LNXVIDEO:00': device_add
[   10.281074] bus: 'acpi': add device LNXVIDEO:00
[   10.281152]     utils-0051 util_eval_error       : Evaluate [\_SB_.PCI0.PB3_.VGA_._SUN]: AE_NOT_FOUND
[   10.283346]      scan-1933 add_single_object     : Added LNXVIDEO:00 [\_SB_.PCI0.PB3_.VGA_] parent device:03
[   10.283346]      scan-1141 get_device_data       : No context for object [ffff88040d8233e8]
[   10.283346]      scan-1141 get_device_data       : No context for object [ffff88040d823410]
[   10.283346]      scan-1141 get_device_data       : No context for object [ffff88040d823438]
[   10.283346]      scan-1141 get_device_data       : No context for object [ffff88040d823460]
[   10.283346]      scan-1141 get_device_data       : No context for object [ffff88040d823488]
[   10.283346]      scan-1141 get_device_data       : No context for object [ffff88040d8234b0]
[   10.283346]      scan-1141 get_device_data       : No context for object [ffff88040d8234d8]
[   10.283346]      scan-1141 get_device_data       : No context for object [ffff88040d823500]
[   10.283346]      scan-1141 get_device_data       : No context for object [ffff88040d823528]
[   10.283346]      scan-1141 get_device_data       : No context for object [ffff88040d823550]
[   10.283534]      scan-1141 get_device_data       : No context for object [ffff88040d823578]
[   10.283732]      scan-1141 get_device_data       : No context for object [ffff88040d8235a0]
[   10.283928]      scan-1141 get_device_data       : No context for object [ffff88040d8235c8]
[   10.284106]      scan-1141 get_device_data       : No context for object [ffff88040d8235f0]
[   10.284301]      scan-1141 get_device_data       : No context for object [ffff88040d823618]
[   10.284491]      scan-1141 get_device_data       : No context for object [ffff88040d823640]
[   10.284685]      scan-1141 get_device_data       : No context for object [ffff88040d823668]
[   10.284881]      scan-1141 get_device_data       : No context for object [ffff88040d823690]
[   10.285076]      scan-1141 get_device_data       : No context for object [ffff88040d8236b8]
[   10.285271]      scan-1141 get_device_data       : No context for object [ffff88040d8236e0]
[   10.285466]      scan-1141 get_device_data       : No context for object [ffff88040d823708]
[   10.285658]      scan-1141 get_device_data       : No context for object [ffff88040d823730]
[   10.285852]      scan-1141 get_device_data       : No context for object [ffff88040d823758]
[   10.286047]      scan-1141 get_device_data       : No context for object [ffff88040d823780]
[   10.286229]      scan-1141 get_device_data       : No context for object [ffff88040d8237a8]
[   10.290002]      scan-1141 get_device_data       : No context for object [ffff88040d8237d0]
[   10.290197]      scan-1141 get_device_data       : No context for object [ffff88040d8237f8]
[   10.290392]      scan-1141 get_device_data       : No context for object [ffff88040d823820]
[   10.290587]      scan-1141 get_device_data       : No context for object [ffff88040d823848]
[   10.290761]      scan-1141 get_device_data       : No context for object [ffff88040d823870]
[   10.290958]      scan-1141 get_device_data       : No context for object [ffff88040d823898]
[   10.291156]      scan-1141 get_device_data       : No context for object [ffff88040d8238c0]
[   10.291354]      scan-1141 get_device_data       : No context for object [ffff88040d8238e8]
[   10.291551]      scan-1141 get_device_data       : No context for object [ffff88040d823910]
[   10.291746]      scan-1141 get_device_data       : No context for object [ffff88040d823938]
[   10.291943]      scan-1141 get_device_data       : No context for object [ffff88040d823960]
[   10.292138]      scan-1141 get_device_data       : No context for object [ffff88040d823988]
[   10.292337]      scan-1141 get_device_data       : No context for object [ffff88040d8239b0]
[   10.292534]      scan-1141 get_device_data       : No context for object [ffff88040d8239d8]
[   10.293335]      scan-1141 get_device_data       : No context for object [ffff88040d837460]
[   10.293534]      scan-1141 get_device_data       : No context for object [ffff88040d83ac08]
[   10.293730]      scan-1141 get_device_data       : No context for object [ffff88040d83ac30]
[   10.293924]      scan-1141 get_device_data       : No context for object [ffff88040d83ac58]
[   10.294124]     utils-0051 util_eval_error       : Evaluate [\_SB_.PCI0.PB3_.VGA_.CRT_._STA]: AE_NOT_FOUND
[   10.294368] device: 'device:04': device_add
[   10.294467] bus: 'acpi': add device device:04
[   10.294547]     utils-0051 util_eval_error       : Evaluate [\_SB_.PCI0.PB3_.VGA_.CRT_._SUN]: AE_NOT_FOUND
[   10.294756]      scan-1933 add_single_object     : Added device:04 [\_SB_.PCI0.PB3_.VGA_.CRT_] parent LNXVIDEO:00
[   10.294957]      scan-1141 get_device_data       : No context for object [ffff88040d83ac80]
[   10.295151]      scan-1141 get_device_data       : No context for object [ffff88040d83aca8]
[   10.295348]      scan-1141 get_device_data       : No context for object [ffff88040d83acd0]
[   10.295546]      scan-1141 get_device_data       : No context for object [ffff88040d83acf8]
[   10.295744]      scan-1141 get_device_data       : No context for object [ffff88040d83ad20]
[   10.295943]     utils-0051 util_eval_error       : Evaluate [\_SB_.PCI0.PB3_.VGA_.LCD_._STA]: AE_NOT_FOUND
[   10.296169] device: 'device:05': device_add
[   10.296228] bus: 'acpi': add device device:05
[   10.296295]     utils-0051 util_eval_error       : Evaluate [\_SB_.PCI0.PB3_.VGA_.LCD_._SUN]: AE_NOT_FOUND
[   10.296457]      scan-1933 add_single_object     : Added device:05 [\_SB_.PCI0.PB3_.VGA_.LCD_] parent LNXVIDEO:00
[   10.296673]      scan-1141 get_device_data       : No context for object [ffff88040d83ad48]
[   10.296871]      scan-1141 get_device_data       : No context for object [ffff88040d83ad70]
[   10.297069]      scan-1141 get_device_data       : No context for object [ffff88040d83ad98]
[   10.297266]      scan-1141 get_device_data       : No context for object [ffff88040d83adc0]
[   10.297443]      scan-1141 get_device_data       : No context for object [ffff88040d83ade8]
[   10.297636]      scan-1141 get_device_data       : No context for object [ffff88040d83ae10]
[   10.297834]      scan-1141 get_device_data       : No context for object [ffff88040d83ae38]
[   10.298032]      scan-1141 get_device_data       : No context for object [ffff88040d83ae60]
[   10.298231]     utils-0051 util_eval_error       : Evaluate [\_SB_.PCI0.PB3_.VGA_.TV0_._STA]: AE_NOT_FOUND
[   10.298443] device: 'device:06': device_add
[   10.298506] bus: 'acpi': add device device:06
[   10.298580]     utils-0051 util_eval_error       : Evaluate [\_SB_.PCI0.PB3_.VGA_.TV0_._SUN]: AE_NOT_FOUND
[   10.298782]      scan-1933 add_single_object     : Added device:06 [\_SB_.PCI0.PB3_.VGA_.TV0_] parent LNXVIDEO:00
[   10.298988]      scan-1141 get_device_data       : No context for object [ffff88040d83ae88]
[   10.299185]      scan-1141 get_device_data       : No context for object [ffff88040d83aeb0]
[   10.299380]      scan-1141 get_device_data       : No context for object [ffff88040d83aed8]
[   10.299577]      scan-1141 get_device_data       : No context for object [ffff88040d83af00]
[   10.299775]      scan-1141 get_device_data       : No context for object [ffff88040d83af28]
[   10.299775]     utils-0051 util_eval_error       : Evaluate [\_SB_.PCI0.PB3_.VGA_.HDMI._STA]: AE_NOT_FOUND
[   10.299775] device: 'device:07': device_add
[   10.299775] bus: 'acpi': add device device:07
[   10.299775]     utils-0051 util_eval_error       : Evaluate [\_SB_.PCI0.PB3_.VGA_.HDMI._SUN]: AE_NOT_FOUND
[   10.300034]      scan-1933 add_single_object     : Added device:07 [\_SB_.PCI0.PB3_.VGA_.HDMI] parent LNXVIDEO:00
[   10.300034]      scan-1141 get_device_data       : No context for object [ffff88040d83af50]
[   10.300034]      scan-1141 get_device_data       : No context for object [ffff88040d83af78]
[   10.300034]      scan-1141 get_device_data       : No context for object [ffff88040d83afa0]
[   10.300034]      scan-1141 get_device_data       : No context for object [ffff88040d83afc8]
[   10.300034]      scan-1141 get_device_data       : No context for object [ffff88040d823a00]
[   10.300034]     utils-0051 util_eval_error       : Evaluate [\_SB_.PCI0.PB3_.HDAU._STA]: AE_NOT_FOUND
[   10.300034] device: 'device:08': device_add
[   10.300034] bus: 'acpi': add device device:08
[   10.300034]     utils-0051 util_eval_error       : Evaluate [\_SB_.PCI0.PB3_.HDAU._SUN]: AE_NOT_FOUND
[   10.300056]      scan-1933 add_single_object     : Added device:08 [\_SB_.PCI0.PB3_.HDAU] parent device:03
[   10.300056]      scan-1141 get_device_data       : No context for object [ffff88040d823a28]
[   10.300056]      scan-1141 get_device_data       : No context for object [ffff88040d823a50]
[   10.300056]      scan-1141 get_device_data       : No context for object [ffff88040d823a78]
[   10.300056]      scan-1141 get_device_data       : No context for object [ffff88040d823aa0]
[   10.300056]      scan-1141 get_device_data       : No context for object [ffff88040d823ac8]
[   10.300154]      scan-1141 get_device_data       : No context for object [ffff88040d823af0]
[   10.300330]      scan-1141 get_device_data       : No context for object [ffff88040d823b18]
[   10.300529]     utils-0051 util_eval_error       : Evaluate [\_SB_.PCI0.PB4_._STA]: AE_NOT_FOUND
[   10.300823] device: 'device:09': device_add
[   10.300885] bus: 'acpi': add device device:09
[   10.300959]     utils-0051 util_eval_error       : Evaluate [\_SB_.PCI0.PB4_._SUN]: AE_NOT_FOUND
[   10.303338]      scan-1933 add_single_object     : Added device:09 [\_SB_.PCI0.PB4_] parent PNP0A08:00
[   10.303338]      scan-1141 get_device_data       : No context for object [ffff88040d823b40]
[   10.303338]      scan-1141 get_device_data       : No context for object [ffff88040d823b68]
[   10.303338]      scan-1141 get_device_data       : No context for object [ffff88040d823b90]
[   10.303338]      scan-1141 get_device_data       : No context for object [ffff88040d823bb8]
[   10.303338]      scan-1141 get_device_data       : No context for object [ffff88040d823be0]
[   10.303338]      scan-1141 get_device_data       : No context for object [ffff88040d823c08]
[   10.303338]      scan-1141 get_device_data       : No context for object [ffff88040d823c30]
[   10.303338]      scan-1141 get_device_data       : No context for object [ffff88040d823c58]
[   10.303338]      scan-1141 get_device_data       : No context for object [ffff88040d823c80]
[   10.303338]      scan-1141 get_device_data       : No context for object [ffff88040d823ca8]
[   10.303338]      scan-1141 get_device_data       : No context for object [ffff88040d823cd0]
[   10.303496]      scan-1141 get_device_data       : No context for object [ffff88040d823cf8]
[   10.303691]      scan-1141 get_device_data       : No context for object [ffff88040d823d20]
[   10.303885]      scan-1141 get_device_data       : No context for object [ffff88040d823d48]
[   10.304079]      scan-1141 get_device_data       : No context for object [ffff88040d823d70]
[   10.304274]      scan-1141 get_device_data       : No context for object [ffff88040d823d98]
[   10.304468]      scan-1141 get_device_data       : No context for object [ffff88040d823dc0]
[   10.304663]      scan-1141 get_device_data       : No context for object [ffff88040d823de8]
[   10.305878]      scan-1141 get_device_data       : No context for object [ffff88040d823e10]
[   10.306075]      scan-1141 get_device_data       : No context for object [ffff88040d823e38]
[   10.306273]      scan-1141 get_device_data       : No context for object [ffff88040d823e60]
[   10.306469]      scan-1141 get_device_data       : No context for object [ffff88040d823e88]
[   10.306669]      scan-1141 get_device_data       : No context for object [ffff88040d823eb0]
[   10.306866]      scan-1141 get_device_data       : No context for object [ffff88040d823ed8]
[   10.307064]      scan-1141 get_device_data       : No context for object [ffff88040d823f00]
[   10.307250]      scan-1141 get_device_data       : No context for object [ffff88040d823f28]
[   10.307447]      scan-1141 get_device_data       : No context for object [ffff88040d823f50]
[   10.307644]      scan-1141 get_device_data       : No context for object [ffff88040d823f78]
[   10.307837]      scan-1141 get_device_data       : No context for object [ffff88040d823fa0]
[   10.308035]      scan-1141 get_device_data       : No context for object [ffff88040d823fc8]
[   10.308187]      scan-1141 get_device_data       : No context for object [ffff88040d825000]
[   10.308366]     utils-0051 util_eval_error       : Evaluate [\_SB_.PCI0.PB4_.XPDV._STA]: AE_NOT_FOUND
[   10.308599] device: 'device:0a': device_add
[   10.308663] bus: 'acpi': add device device:0a
[   10.308740]     utils-0051 util_eval_error       : Evaluate [\_SB_.PCI0.PB4_.XPDV._SUN]: AE_NOT_FOUND
[   10.310005]      scan-1933 add_single_object     : Added device:0a [\_SB_.PCI0.PB4_.XPDV] parent device:09
[   10.310005]      scan-1141 get_device_data       : No context for object [ffff88040d825028]
[   10.310005]      scan-1141 get_device_data       : No context for object [ffff88040d825050]
[   10.310005]      scan-1141 get_device_data       : No context for object [ffff88040d825078]
[   10.310005]      scan-1141 get_device_data       : No context for object [ffff88040d8250a0]
[   10.310005]      scan-1141 get_device_data       : No context for object [ffff88040d8250c8]
[   10.310124]      scan-1141 get_device_data       : No context for object [ffff88040d837500]
[   10.310317]      scan-1141 get_device_data       : No context for object [ffff88040d8250f0]
[   10.310514]      scan-1141 get_device_data       : No context for object [ffff88040d825118]
[   10.310713]     utils-0051 util_eval_error       : Evaluate [\_SB_.PCI0.PB5_._STA]: AE_NOT_FOUND
[   10.311010] device: 'device:0b': device_add
[   10.311074] bus: 'acpi': add device device:0b
[   10.311148]     utils-0051 util_eval_error       : Evaluate [\_SB_.PCI0.PB5_._SUN]: AE_NOT_FOUND
[   10.313361]      scan-1933 add_single_object     : Added device:0b [\_SB_.PCI0.PB5_] parent PNP0A08:00
[   10.313361]      scan-1141 get_device_data       : No context for object [ffff88040d825140]
[   10.313361]      scan-1141 get_device_data       : No context for object [ffff88040d825168]
[   10.313361]      scan-1141 get_device_data       : No context for object [ffff88040d825190]
[   10.313361]      scan-1141 get_device_data       : No context for object [ffff88040d8251b8]
[   10.313361]      scan-1141 get_device_data       : No context for object [ffff88040d8251e0]
[   10.313361]      scan-1141 get_device_data       : No context for object [ffff88040d825208]
[   10.313361]      scan-1141 get_device_data       : No context for object [ffff88040d825230]
[   10.313361]      scan-1141 get_device_data       : No context for object [ffff88040d825258]
[   10.313361]      scan-1141 get_device_data       : No context for object [ffff88040d825280]
[   10.313361]      scan-1141 get_device_data       : No context for object [ffff88040d8252a8]
[   10.313498]      scan-1141 get_device_data       : No context for object [ffff88040d8252d0]
[   10.313695]      scan-1141 get_device_data       : No context for object [ffff88040d8252f8]
[   10.313891]      scan-1141 get_device_data       : No context for object [ffff88040d825320]
[   10.314088]      scan-1141 get_device_data       : No context for object [ffff88040d825348]
[   10.314286]      scan-1141 get_device_data       : No context for object [ffff88040d825370]
[   10.314484]      scan-1141 get_device_data       : No context for object [ffff88040d825398]
[   10.314682]      scan-1141 get_device_data       : No context for object [ffff88040d8253c0]
[   10.314880]      scan-1141 get_device_data       : No context for object [ffff88040d8253e8]
[   10.315078]      scan-1141 get_device_data       : No context for object [ffff88040d825410]
[   10.315261]      scan-1141 get_device_data       : No context for object [ffff88040d825438]
[   10.315459]      scan-1141 get_device_data       : No context for object [ffff88040d825460]
[   10.315656]      scan-1141 get_device_data       : No context for object [ffff88040d825488]
[   10.315855]      scan-1141 get_device_data       : No context for object [ffff88040d8254b0]
[   10.316053]      scan-1141 get_device_data       : No context for object [ffff88040d8254d8]
[   10.316204]      scan-1141 get_device_data       : No context for object [ffff88040d825500]
[   10.316377]      scan-1141 get_device_data       : No context for object [ffff88040d825528]
[   10.316577]      scan-1141 get_device_data       : No context for object [ffff88040d825550]
[   10.320002]      scan-1141 get_device_data       : No context for object [ffff88040d825578]
[   10.320200]      scan-1141 get_device_data       : No context for object [ffff88040d8255a0]
[   10.320377]      scan-1141 get_device_data       : No context for object [ffff88040d8255c8]
[   10.320573]      scan-1141 get_device_data       : No context for object [ffff88040d8255f0]
[   10.320768]     utils-0051 util_eval_error       : Evaluate [\_SB_.PCI0.PB5_.XPDV._STA]: AE_NOT_FOUND
[   10.320996] device: 'device:0c': device_add
[   10.321058] bus: 'acpi': add device device:0c
[   10.321133]     utils-0051 util_eval_error       : Evaluate [\_SB_.PCI0.PB5_.XPDV._SUN]: AE_NOT_FOUND
[   10.321337]      scan-1933 add_single_object     : Added device:0c [\_SB_.PCI0.PB5_.XPDV] parent device:0b
[   10.321537]      scan-1141 get_device_data       : No context for object [ffff88040d825618]
[   10.321732]      scan-1141 get_device_data       : No context for object [ffff88040d825640]
[   10.321926]      scan-1141 get_device_data       : No context for object [ffff88040d825668]
[   10.322116]      scan-1141 get_device_data       : No context for object [ffff88040d825690]
[   10.322311]      scan-1141 get_device_data       : No context for object [ffff88040d8256b8]
[   10.322488]      scan-1141 get_device_data       : No context for object [ffff88040d837528]
[   10.322682]      scan-1141 get_device_data       : No context for object [ffff88040d8256e0]
[   10.322877]      scan-1141 get_device_data       : No context for object [ffff88040d825708]
[   10.323073]     utils-0051 util_eval_error       : Evaluate [\_SB_.PCI0.PB6_._STA]: AE_NOT_FOUND
[   10.323073] device: 'device:0d': device_add
[   10.323073] bus: 'acpi': add device device:0d
[   10.323073]     utils-0051 util_eval_error       : Evaluate [\_SB_.PCI0.PB6_._SUN]: AE_NOT_FOUND
[   10.323339]      scan-1933 add_single_object     : Added device:0d [\_SB_.PCI0.PB6_] parent PNP0A08:00
[   10.323339]      scan-1141 get_device_data       : No context for object [ffff88040d825730]
[   10.323339]      scan-1141 get_device_data       : No context for object [ffff88040d825758]
[   10.323339]      scan-1141 get_device_data       : No context for object [ffff88040d825780]
[   10.323339]      scan-1141 get_device_data       : No context for object [ffff88040d8257a8]
[   10.323339]      scan-1141 get_device_data       : No context for object [ffff88040d8257d0]
[   10.323339]      scan-1141 get_device_data       : No context for object [ffff88040d8257f8]
[   10.323339]      scan-1141 get_device_data       : No context for object [ffff88040d825820]
[   10.323339]      scan-1141 get_device_data       : No context for object [ffff88040d825848]
[   10.323339]      scan-1141 get_device_data       : No context for object [ffff88040d825870]
[   10.323339]      scan-1141 get_device_data       : No context for object [ffff88040d825898]
[   10.323339]      scan-1141 get_device_data       : No context for object [ffff88040d8258c0]
[   10.323339]      scan-1141 get_device_data       : No context for object [ffff88040d8258e8]
[   10.323339]      scan-1141 get_device_data       : No context for object [ffff88040d825910]
[   10.323339]      scan-1141 get_device_data       : No context for object [ffff88040d825938]
[   10.326669]      scan-1141 get_device_data       : No context for object [ffff88040d825960]
[   10.326867]      scan-1141 get_device_data       : No context for object [ffff88040d825988]
[   10.327065]      scan-1141 get_device_data       : No context for object [ffff88040d8259b0]
[   10.327261]      scan-1141 get_device_data       : No context for object [ffff88040d8259d8]
[   10.327454]      scan-1141 get_device_data       : No context for object [ffff88040d825a00]
[   10.327652]      scan-1141 get_device_data       : No context for object [ffff88040d825a28]
[   10.327850]      scan-1141 get_device_data       : No context for object [ffff88040d825a50]
[   10.328048]      scan-1141 get_device_data       : No context for object [ffff88040d825a78]
[   10.328245]      scan-1141 get_device_data       : No context for object [ffff88040d825aa0]
[   10.328442]      scan-1141 get_device_data       : No context for object [ffff88040d825ac8]
[   10.328638]      scan-1141 get_device_data       : No context for object [ffff88040d825af0]
[   10.328836]      scan-1141 get_device_data       : No context for object [ffff88040d825b18]
[   10.328836]      scan-1141 get_device_data       : No context for object [ffff88040d825b40]
[   10.328836]      scan-1141 get_device_data       : No context for object [ffff88040d825b68]
[   10.328836]      scan-1141 get_device_data       : No context for object [ffff88040d825b90]
[   10.328836]      scan-1141 get_device_data       : No context for object [ffff88040d825bb8]
[   10.328836]      scan-1141 get_device_data       : No context for object [ffff88040d825be0]
[   10.328836]     utils-0051 util_eval_error       : Evaluate [\_SB_.PCI0.PB6_.XPDV._STA]: AE_NOT_FOUND
[   10.328836] device: 'device:0e': device_add
[   10.328836] bus: 'acpi': add device device:0e
[   10.328836]     utils-0051 util_eval_error       : Evaluate [\_SB_.PCI0.PB6_.XPDV._SUN]: AE_NOT_FOUND
[   10.330005]      scan-1933 add_single_object     : Added device:0e [\_SB_.PCI0.PB6_.XPDV] parent device:0d
[   10.330005]      scan-1141 get_device_data       : No context for object [ffff88040d825c08]
[   10.330005]      scan-1141 get_device_data       : No context for object [ffff88040d825c30]
[   10.330005]      scan-1141 get_device_data       : No context for object [ffff88040d825c58]
[   10.330005]      scan-1141 get_device_data       : No context for object [ffff88040d825c80]
[   10.330005]      scan-1141 get_device_data       : No context for object [ffff88040d825ca8]
[   10.330005]      scan-1141 get_device_data       : No context for object [ffff88040d837550]
[   10.330005]      scan-1141 get_device_data       : No context for object [ffff88040d825cd0]
[   10.330005]      scan-1141 get_device_data       : No context for object [ffff88040d825cf8]
[   10.330005]     utils-0051 util_eval_error       : Evaluate [\_SB_.PCI0.PB7_._STA]: AE_NOT_FOUND
[   10.330199] device: 'device:0f': device_add
[   10.330263] bus: 'acpi': add device device:0f
[   10.330338]     utils-0051 util_eval_error       : Evaluate [\_SB_.PCI0.PB7_._SUN]: AE_NOT_FOUND
[   10.333368]      scan-1933 add_single_object     : Added device:0f [\_SB_.PCI0.PB7_] parent PNP0A08:00
[   10.333368]      scan-1141 get_device_data       : No context for object [ffff88040d825d20]
[   10.333368]      scan-1141 get_device_data       : No context for object [ffff88040d825d48]
[   10.333368]      scan-1141 get_device_data       : No context for object [ffff88040d825d70]
[   10.333368]      scan-1141 get_device_data       : No context for object [ffff88040d825d98]
[   10.333368]      scan-1141 get_device_data       : No context for object [ffff88040d825dc0]
[   10.333368]      scan-1141 get_device_data       : No context for object [ffff88040d825de8]
[   10.333368]      scan-1141 get_device_data       : No context for object [ffff88040d825e10]
[   10.333368]      scan-1141 get_device_data       : No context for object [ffff88040d825e38]
[   10.333368]      scan-1141 get_device_data       : No context for object [ffff88040d825e60]
[   10.333368]      scan-1141 get_device_data       : No context for object [ffff88040d825e88]
[   10.333368]      scan-1141 get_device_data       : No context for object [ffff88040d825eb0]
[   10.333368]      scan-1141 get_device_data       : No context for object [ffff88040d825ed8]
[   10.333368]      scan-1141 get_device_data       : No context for object [ffff88040d825f00]
[   10.333368]      scan-1141 get_device_data       : No context for object [ffff88040d825f28]
[   10.333498]      scan-1141 get_device_data       : No context for object [ffff88040d825f50]
[   10.333693]      scan-1141 get_device_data       : No context for object [ffff88040d825f78]
[   10.333891]      scan-1141 get_device_data       : No context for object [ffff88040d825fa0]
[   10.334086]      scan-1141 get_device_data       : No context for object [ffff88040d825fc8]
[   10.334263]      scan-1141 get_device_data       : No context for object [ffff88040d827000]
[   10.334458]      scan-1141 get_device_data       : No context for object [ffff88040d827028]
[   10.334651]      scan-1141 get_device_data       : No context for object [ffff88040d827050]
[   10.334841]      scan-1141 get_device_data       : No context for object [ffff88040d827078]
[   10.335036]      scan-1141 get_device_data       : No context for object [ffff88040d8270a0]
[   10.335185]      scan-1141 get_device_data       : No context for object [ffff88040d8270c8]
[   10.335362]      scan-1141 get_device_data       : No context for object [ffff88040d8270f0]
[   10.335556]      scan-1141 get_device_data       : No context for object [ffff88040d827118]
[   10.335752]      scan-1141 get_device_data       : No context for object [ffff88040d827140]
[   10.335946]      scan-1141 get_device_data       : No context for object [ffff88040d827168]
[   10.336124]      scan-1141 get_device_data       : No context for object [ffff88040d827190]
[   10.336320]      scan-1141 get_device_data       : No context for object [ffff88040d8271b8]
[   10.336515]      scan-1141 get_device_data       : No context for object [ffff88040d8271e0]
[   10.336670]     utils-0051 util_eval_error       : Evaluate [\_SB_.PCI0.PB7_.XPDV._STA]: AE_NOT_FOUND
[   10.336901] device: 'device:10': device_add
[   10.336965] bus: 'acpi': add device device:10
[   10.337032]     utils-0051 util_eval_error       : Evaluate [\_SB_.PCI0.PB7_.XPDV._SUN]: AE_NOT_FOUND
[   10.340036]      scan-1933 add_single_object     : Added device:10 [\_SB_.PCI0.PB7_.XPDV] parent device:0f
[   10.340036]      scan-1141 get_device_data       : No context for object [ffff88040d827208]
[   10.340036]      scan-1141 get_device_data       : No context for object [ffff88040d827230]
[   10.340036]      scan-1141 get_device_data       : No context for object [ffff88040d827258]
[   10.340036]      scan-1141 get_device_data       : No context for object [ffff88040d827280]
[   10.340036]      scan-1141 get_device_data       : No context for object [ffff88040d8272a8]
[   10.340036]      scan-1141 get_device_data       : No context for object [ffff88040d837488]
[   10.340036]      scan-1141 get_device_data       : No context for object [ffff88040d8272d0]
[   10.340036]      scan-1141 get_device_data       : No context for object [ffff88040d8272f8]
[   10.340036]     utils-0051 util_eval_error       : Evaluate [\_SB_.PCI0.OHC1._STA]: AE_NOT_FOUND
[   10.340036] device: 'device:11': device_add
[   10.340036] bus: 'acpi': add device device:11
[   10.340036]     utils-0051 util_eval_error       : Evaluate [\_SB_.PCI0.OHC1._SUN]: AE_NOT_FOUND
[   10.340060]      scan-1933 add_single_object     : Added device:11 [\_SB_.PCI0.OHC1] parent PNP0A08:00
[   10.340060]      scan-1141 get_device_data       : No context for object [ffff88040d827320]
[   10.340060]      scan-1141 get_device_data       : No context for object [ffff88040d827348]
[   10.340131]      scan-1141 get_device_data       : No context for object [ffff88040d83b2f8]
[   10.340330]     utils-0051 util_eval_error       : Evaluate [\_SB_.PCI0.OHC1.RHUB._STA]: AE_NOT_FOUND
[   10.340564] device: 'device:12': device_add
[   10.340628] bus: 'acpi': add device device:12
[   10.340705]     utils-0051 util_eval_error       : Evaluate [\_SB_.PCI0.OHC1.RHUB._SUN]: AE_NOT_FOUND
[   10.343339]      scan-1933 add_single_object     : Added device:12 [\_SB_.PCI0.OHC1.RHUB] parent device:11
[   10.343339]      scan-1141 get_device_data       : No context for object [ffff88040d83b320]
[   10.343339]      scan-1141 get_device_data       : No context for object [ffff88040d83b348]
[   10.343339]     utils-0051 util_eval_error       : Evaluate [\_SB_.PCI0.OHC1.RHUB.PRT3._STA]: AE_NOT_FOUND
[   10.343339] device: 'device:13': device_add
[   10.343339] bus: 'acpi': add device device:13
[   10.343339]     utils-0051 util_eval_error       : Evaluate [\_SB_.PCI0.OHC1.RHUB.PRT3._SUN]: AE_NOT_FOUND
[   10.343387]      scan-1933 add_single_object     : Added device:13 [\_SB_.PCI0.OHC1.RHUB.PRT3] parent device:12
[   10.343387]      scan-1141 get_device_data       : No context for object [ffff88040d83b370]
[   10.343463]      scan-1141 get_device_data       : No context for object [ffff88040d83b398]
[   10.343661]      scan-1141 get_device_data       : No context for object [ffff88040d83b3c0]
[   10.343859]      scan-1141 get_device_data       : No context for object [ffff88040d83b3e8]
[   10.344058]     utils-0051 util_eval_error       : Evaluate [\_SB_.PCI0.OHC1.RHUB.PRT4._STA]: AE_NOT_FOUND
[   10.344245] device: 'device:14': device_add
[   10.344308] bus: 'acpi': add device device:14
[   10.344382]     utils-0051 util_eval_error       : Evaluate [\_SB_.PCI0.OHC1.RHUB.PRT4._SUN]: AE_NOT_FOUND
[   10.346688]      scan-1933 add_single_object     : Added device:14 [\_SB_.PCI0.OHC1.RHUB.PRT4] parent device:12
[   10.346688]      scan-1141 get_device_data       : No context for object [ffff88040d83b410]
[   10.346688]      scan-1141 get_device_data       : No context for object [ffff88040d83b438]
[   10.346688]      scan-1141 get_device_data       : No context for object [ffff88040d83b460]
[   10.346688]      scan-1141 get_device_data       : No context for object [ffff88040d827370]
[   10.346688]     utils-0051 util_eval_error       : Evaluate [\_SB_.PCI0.EHC1._STA]: AE_NOT_FOUND
[   10.346688] device: 'device:15': device_add
[   10.346688] bus: 'acpi': add device device:15
[   10.346688]     utils-0051 util_eval_error       : Evaluate [\_SB_.PCI0.EHC1._SUN]: AE_NOT_FOUND
[   10.346708]      scan-1933 add_single_object     : Added device:15 [\_SB_.PCI0.EHC1] parent PNP0A08:00
[   10.346708]      scan-1141 get_device_data       : No context for object [ffff88040d827398]
[   10.346708]      scan-1141 get_device_data       : No context for object [ffff88040d8273c0]
[   10.346708]      scan-1141 get_device_data       : No context for object [ffff88040d83b028]
[   10.346868]     utils-0051 util_eval_error       : Evaluate [\_SB_.PCI0.EHC1.RHUB._STA]: AE_NOT_FOUND
[   10.347095] device: 'device:16': device_add
[   10.347159] bus: 'acpi': add device device:16
[   10.347233]     utils-0051 util_eval_error       : Evaluate [\_SB_.PCI0.EHC1.RHUB._SUN]: AE_NOT_FOUND
[   10.350005]      scan-1933 add_single_object     : Added device:16 [\_SB_.PCI0.EHC1.RHUB] parent device:15
[   10.350005]      scan-1141 get_device_data       : No context for object [ffff88040d83b050]
[   10.350005]      scan-1141 get_device_data       : No context for object [ffff88040d83b078]
[   10.350005]     utils-0051 util_eval_error       : Evaluate [\_SB_.PCI0.EHC1.RHUB.PRT3._STA]: AE_NOT_FOUND
[   10.350005] device: 'device:17': device_add
[   10.350005] bus: 'acpi': add device device:17
[   10.350005]     utils-0051 util_eval_error       : Evaluate [\_SB_.PCI0.EHC1.RHUB.PRT3._SUN]: AE_NOT_FOUND
[   10.350053]      scan-1933 add_single_object     : Added device:17 [\_SB_.PCI0.EHC1.RHUB.PRT3] parent device:16
[   10.350053]      scan-1141 get_device_data       : No context for object [ffff88040d83b0a0]
[   10.350053]      scan-1141 get_device_data       : No context for object [ffff88040d83b0c8]
[   10.350053]      scan-1141 get_device_data       : No context for object [ffff88040d83b0f0]
[   10.350053]      scan-1141 get_device_data       : No context for object [ffff88040d83b118]
[   10.350053]     utils-0051 util_eval_error       : Evaluate [\_SB_.PCI0.EHC1.RHUB.PRT4._STA]: AE_NOT_FOUND
[   10.350053] device: 'device:18': device_add
[   10.350053] bus: 'acpi': add device device:18
[   10.350053]     utils-0051 util_eval_error       : Evaluate [\_SB_.PCI0.EHC1.RHUB.PRT4._SUN]: AE_NOT_FOUND
[   10.353347]      scan-1933 add_single_object     : Added device:18 [\_SB_.PCI0.EHC1.RHUB.PRT4] parent device:16
[   10.353347]      scan-1141 get_device_data       : No context for object [ffff88040d83b140]
[   10.353347]      scan-1141 get_device_data       : No context for object [ffff88040d83b168]
[   10.353347]      scan-1141 get_device_data       : No context for object [ffff88040d83b190]
[   10.353347]      scan-1141 get_device_data       : No context for object [ffff88040d8273e8]
[   10.353347]     utils-0051 util_eval_error       : Evaluate [\_SB_.PCI0.OHC2._STA]: AE_NOT_FOUND
[   10.353347] device: 'device:19': device_add
[   10.353347] bus: 'acpi': add device device:19
[   10.353347]     utils-0051 util_eval_error       : Evaluate [\_SB_.PCI0.OHC2._SUN]: AE_NOT_FOUND
[   10.353376]      scan-1933 add_single_object     : Added device:19 [\_SB_.PCI0.OHC2] parent PNP0A08:00
[   10.353376]      scan-1141 get_device_data       : No context for object [ffff88040d827410]
[   10.353376]      scan-1141 get_device_data       : No context for object [ffff88040d827438]
[   10.353376]      scan-1141 get_device_data       : No context for object [ffff88040d83b488]
[   10.353376]     utils-0051 util_eval_error       : Evaluate [\_SB_.PCI0.OHC2.RHUB._STA]: AE_NOT_FOUND
[   10.353376] device: 'device:1a': device_add
[   10.353376] bus: 'acpi': add device device:1a
[   10.353376]     utils-0051 util_eval_error       : Evaluate [\_SB_.PCI0.OHC2.RHUB._SUN]: AE_NOT_FOUND
[   10.353414]      scan-1933 add_single_object     : Added device:1a [\_SB_.PCI0.OHC2.RHUB] parent device:19
[   10.353414]      scan-1141 get_device_data       : No context for object [ffff88040d83b4b0]
[   10.353414]      scan-1141 get_device_data       : No context for object [ffff88040d83b4d8]
[   10.353534]     utils-0051 util_eval_error       : Evaluate [\_SB_.PCI0.OHC2.RHUB.PRT4._STA]: AE_NOT_FOUND
[   10.353765] device: 'device:1b': device_add
[   10.353826] bus: 'acpi': add device device:1b
[   10.353903]     utils-0051 util_eval_error       : Evaluate [\_SB_.PCI0.OHC2.RHUB.PRT4._SUN]: AE_NOT_FOUND
[   10.356667]      scan-1933 add_single_object     : Added device:1b [\_SB_.PCI0.OHC2.RHUB.PRT4] parent device:1a
[   10.356667]      scan-1141 get_device_data       : No context for object [ffff88040d83b500]
[   10.356667]      scan-1141 get_device_data       : No context for object [ffff88040d83b528]
[   10.356667]      scan-1141 get_device_data       : No context for object [ffff88040d83b550]
[   10.356667]      scan-1141 get_device_data       : No context for object [ffff88040d827460]
[   10.356667]     utils-0051 util_eval_error       : Evaluate [\_SB_.PCI0.EHC2._STA]: AE_NOT_FOUND
[   10.356667] device: 'device:1c': device_add
[   10.356667] bus: 'acpi': add device device:1c
[   10.356667]     utils-0051 util_eval_error       : Evaluate [\_SB_.PCI0.EHC2._SUN]: AE_NOT_FOUND
[   10.356710]      scan-1933 add_single_object     : Added device:1c [\_SB_.PCI0.EHC2] parent PNP0A08:00
[   10.356710]      scan-1141 get_device_data       : No context for object [ffff88040d827488]
[   10.356710]      scan-1141 get_device_data       : No context for object [ffff88040d8274b0]
[   10.356710]      scan-1141 get_device_data       : No context for object [ffff88040d83b1b8]
[   10.356710]     utils-0051 util_eval_error       : Evaluate [\_SB_.PCI0.EHC2.RHUB._STA]: AE_NOT_FOUND
[   10.356710] device: 'device:1d': device_add
[   10.356761] bus: 'acpi': add device device:1d
[   10.356826]     utils-0051 util_eval_error       : Evaluate [\_SB_.PCI0.EHC2.RHUB._SUN]: AE_NOT_FOUND
[   10.360006]      scan-1933 add_single_object     : Added device:1d [\_SB_.PCI0.EHC2.RHUB] parent device:1c
[   10.360006]      scan-1141 get_device_data       : No context for object [ffff88040d83b1e0]
[   10.360006]      scan-1141 get_device_data       : No context for object [ffff88040d83b208]
[   10.360006]     utils-0051 util_eval_error       : Evaluate [\_SB_.PCI0.EHC2.RHUB.PRT2._STA]: AE_NOT_FOUND
[   10.360006] device: 'device:1e': device_add
[   10.360006] bus: 'acpi': add device device:1e
[   10.360006]     utils-0051 util_eval_error       : Evaluate [\_SB_.PCI0.EHC2.RHUB.PRT2._SUN]: AE_NOT_FOUND
[   10.360042]      scan-1933 add_single_object     : Added device:1e [\_SB_.PCI0.EHC2.RHUB.PRT2] parent device:1d
[   10.360042]      scan-1141 get_device_data       : No context for object [ffff88040d83b230]
[   10.360042]      scan-1141 get_device_data       : No context for object [ffff88040d83b258]
[   10.360042]      scan-1141 get_device_data       : No context for object [ffff88040d83b280]
[   10.360042]      scan-1141 get_device_data       : No context for object [ffff88040d8274d8]
[   10.360042]     utils-0051 util_eval_error       : Evaluate [\_SB_.PCI0.OHC3._STA]: AE_NOT_FOUND
[   10.360042] device: 'device:1f': device_add
[   10.360042] bus: 'acpi': add device device:1f
[   10.360042]     utils-0051 util_eval_error       : Evaluate [\_SB_.PCI0.OHC3._SUN]: AE_NOT_FOUND
