[    0.000000] Initializing cgroup subsys cpuset
[    0.000000] Initializing cgroup subsys cpu
[    0.000000] Initializing cgroup subsys cpuacct
[    0.000000] Linux version 3.17.0-rc3-gb7fece1 (emacs@manji) (gcc version 4.9.1 (GCC) ) #67 SMP Fri Sep 5 12:18:49 CEST 2014
[    0.000000] Command line: BOOT_IMAGE=/vmlinuz-linux-git root=UUID=bfa4ab6e-19a3-4601-ba2b-267c55841c73 rw cryptdevice=/dev/disk/by-uuid/70c08890-417a-497d-b6ab-c0d0357a63e2:cryptManjaro:allow-discards ipv6.disable=1 pnp.debug=1 loglevel=9 log_buf_len=10M printk.always_kmsg_dump=y printk.time=y mminit_loglevel=0 memory_corruption_check=1 acpi.debug_layer=0xfbff0000 acpi.debug_level=0xFFFFFFFD pnp.debug=1 nohz=on rcu_nocbs=1-3 pcie_aspm=force fbcon=scrollback:4096k fbcon=font:ProFont6x11 radeon.audio=0 radeon.lockup_timeout=0 radeon.test=0 radeon.agpmode=-1 radeon.benchmark=0 radeon.tv=0 radeon.hard_reset=1 radeon.aspm=1 radeon.dpm=1 radeon.msi=1 radeon.pcie_gen2=-1 radeon.no_wb=1 radeon.modeset=1 radeon.dynclks=1 radeon.r4xx_atom=0 radeon.runpm=0 radeonfb radeon.fastfb=1 nomodeset
[    0.000000] KERNEL supported cpus:
[    0.000000]   AMD AuthenticAMD
[    0.000000] tseg: 00bfe00000
[    0.000000] e820: BIOS-provided physical RAM map:
[    0.000000] BIOS-e820: [mem 0x0000000000000000-0x000000000009d7ff] usable
[    0.000000] BIOS-e820: [mem 0x000000000009d800-0x000000000009ffff] reserved
[    0.000000] BIOS-e820: [mem 0x00000000000e0000-0x00000000000fffff] reserved
[    0.000000] BIOS-e820: [mem 0x0000000000100000-0x00000000bed9afff] usable
[    0.000000] BIOS-e820: [mem 0x00000000bed9b000-0x00000000bf39afff] reserved
[    0.000000] BIOS-e820: [mem 0x00000000bf39b000-0x00000000bf49afff] ACPI NVS
[    0.000000] BIOS-e820: [mem 0x00000000bf49b000-0x00000000bf51afff] ACPI data
[    0.000000] BIOS-e820: [mem 0x00000000bf51b000-0x00000000bfdfffff] usable
[    0.000000] BIOS-e820: [mem 0x00000000bfe00000-0x00000000bfffffff] reserved
[    0.000000] BIOS-e820: [mem 0x00000000fec00000-0x00000000fecfffff] reserved
[    0.000000] BIOS-e820: [mem 0x00000000fed80000-0x00000000fed80fff] reserved
[    0.000000] BIOS-e820: [mem 0x00000000ffe00000-0x00000000ffffffff] reserved
[    0.000000] BIOS-e820: [mem 0x0000000100000000-0x000000041effffff] usable
[    0.000000] NX (Execute Disable) protection: active
[    0.000000] SMBIOS 2.6 present.
[    0.000000] DMI: LENOVO Sabine/Torpedo, BIOS 54CN18WW 07/20/2011
[    0.000000] e820: update [mem 0x00000000-0x00000fff] usable ==> reserved
[    0.000000] e820: remove [mem 0x000a0000-0x000fffff] usable
[    0.000000] e820: last_pfn = 0x41f000 max_arch_pfn = 0x400000000
[    0.000000] MTRR default type: uncachable
[    0.000000] MTRR fixed ranges enabled:
[    0.000000]   00000-9FFFF write-back
[    0.000000]   A0000-BFFFF uncachable
[    0.000000]   C0000-FFFFF write-protect
[    0.000000] MTRR variable ranges enabled:
[    0.000000]   0 base 0000000000 mask FF80000000 write-back
[    0.000000]   1 base 0080000000 mask FFC0000000 write-back
[    0.000000]   2 base 00FFF90000 mask FFFFFF0000 uncachable
[    0.000000]   3 base 00FED80000 mask 0FFFFFF000 uncachable
[    0.000000]   4 disabled
[    0.000000]   5 disabled
[    0.000000]   6 disabled
[    0.000000]   7 base 00FFE00000 mask FFFFE00000 write-protect
[    0.000000] TOM2: 000000041f000000 aka 16880M
[    0.000000] mtrr: your BIOS has configured an incorrect mask, fixing it.
[    0.000000] e820: last_pfn = 0xbfe00 max_arch_pfn = 0x400000000
[    0.000000] found SMP MP-table at [mem 0x000fa8b0-0x000fa8bf] mapped at [ffff8800000fa8b0]
[    0.000000] Base memory trampoline at [ffff880000097000] 97000 size 24576
[    0.000000] Using GB pages for direct mapping
[    0.000000] init_memory_mapping: [mem 0x00000000-0x000fffff]
[    0.000000]  [mem 0x00000000-0x000fffff] page 4k
[    0.000000] BRK [0x02ad9000, 0x02ad9fff] PGTABLE
[    0.000000] BRK [0x02ada000, 0x02adafff] PGTABLE
[    0.000000] BRK [0x02adb000, 0x02adbfff] PGTABLE
[    0.000000] init_memory_mapping: [mem 0x41ee00000-0x41effffff]
[    0.000000]  [mem 0x41ee00000-0x41effffff] page 2M
[    0.000000] BRK [0x02adc000, 0x02adcfff] PGTABLE
[    0.000000] init_memory_mapping: [mem 0x41c000000-0x41edfffff]
[    0.000000]  [mem 0x41c000000-0x41edfffff] page 2M
[    0.000000] init_memory_mapping: [mem 0x400000000-0x41bffffff]
[    0.000000]  [mem 0x400000000-0x41bffffff] page 2M
[    0.000000] init_memory_mapping: [mem 0x00100000-0xbed9afff]
[    0.000000]  [mem 0x00100000-0x001fffff] page 4k
[    0.000000]  [mem 0x00200000-0x3fffffff] page 2M
[    0.000000]  [mem 0x40000000-0x7fffffff] page 1G
[    0.000000]  [mem 0x80000000-0xbebfffff] page 2M
[    0.000000]  [mem 0xbec00000-0xbed9afff] page 4k
[    0.000000] init_memory_mapping: [mem 0xbf51b000-0xbfdfffff]
[    0.000000]  [mem 0xbf51b000-0xbf5fffff] page 4k
[    0.000000]  [mem 0xbf600000-0xbfdfffff] page 2M
[    0.000000] BRK [0x02add000, 0x02addfff] PGTABLE
[    0.000000] init_memory_mapping: [mem 0x100000000-0x3ffffffff]
[    0.000000]  [mem 0x100000000-0x3ffffffff] page 1G
[    0.000000] log_buf_len: 16777216 bytes
[    0.000000] early log buf free: 2092044(99%)
[    0.000000] RAMDISK: [mem 0x37826000-0x37c0afff]
[    0.000000] ACPI: Early table checksum verification disabled
[    0.000000] ACPI: RSDP 0x00000000000F0110 000024 (v02 LENOVO)
[    0.000000] ACPI: XSDT 0x00000000BF51A120 000074 (v01 LENOVO CB-01    00000001 LENO 00000001)
[    0.000000] ACPI: FACP 0x00000000BF508000 0000F4 (v04 LENOVO CB-01    00000001 PTL  00000001)
[    0.000000] ACPI: DSDT 0x00000000BF50A000 00FD10 (v01 LENOVO CB-01    00001000 LENO 00000001)
[    0.000000] ACPI: FACS 0x00000000BF478000 000040
[    0.000000] ACPI: HPET 0x00000000BF507000 000038 (v01 LENOVO CB-01    00000001 PTL  00000001)
[    0.000000] ACPI: APIC 0x00000000BF506000 00007A (v02 LENOVO CB-01    00000001 PTL  00000001)
[    0.000000] ACPI: MCFG 0x00000000BF505000 00003C (v01 LENOVO CB-01    00000001 PTL  00000001)
[    0.000000] ACPI: SLIC 0x00000000BF504000 000176 (v01 LENOVO CB-01    00000001 LENO 00000001)
[    0.000000] ACPI: UEFI 0x00000000BF503000 00003E (v01 LENOVO CB-01    00000001 PTL  00000001)
[    0.000000] ACPI: UEFI 0x00000000BF502000 000042 (v01 PTL    COMBUF   00000001 PTL  00000001)
[    0.000000] ACPI: SSDT 0x00000000BF501000 000E34 (v01 AMD    POWERNOW 00000001 AMD  00000001)
[    0.000000] ACPI: SSDT 0x00000000BF4FF000 00193D (v02 AMD    ALIB     00000001 MSFT 04000000)
[    0.000000] ACPI: UEFI 0x00000000BF4FE000 00021A (v01 LENOVO CB-01    00000001 PTL  00000001)
[    0.000000] ACPI: Local APIC address 0xfee00000
[    0.000000] No NUMA configuration found
[    0.000000] Faking a node at [mem 0x0000000000000000-0x000000041effffff]
[    0.000000] Initmem setup node 0 [mem 0x00000000-0x41effffff]
[    0.000000]   NODE_DATA [mem 0x41dffa000-0x41dffdfff]
[    0.000000]  [ffffea0000000000-ffffea00107fffff] PMD -> [ffff88040de00000-ffff88041d5fffff] on node 0
[    0.000000] Zone ranges:
[    0.000000]   DMA      [mem 0x00001000-0x00ffffff]
[    0.000000]   DMA32    [mem 0x01000000-0xffffffff]
[    0.000000]   Normal   [mem 0x100000000-0x41effffff]
[    0.000000] Movable zone start for each node
[    0.000000] Early memory node ranges
[    0.000000]   node   0: [mem 0x00001000-0x0009cfff]
[    0.000000]   node   0: [mem 0x00100000-0xbed9afff]
[    0.000000]   node   0: [mem 0xbf51b000-0xbfdfffff]
[    0.000000]   node   0: [mem 0x100000000-0x41effffff]
[    0.000000] On node 0 totalpages: 4056604
[    0.000000]   DMA zone: 64 pages used for memmap
[    0.000000]   DMA zone: 21 pages reserved
[    0.000000]   DMA zone: 3996 pages, LIFO batch:0
[    0.000000]   DMA32 zone: 12186 pages used for memmap
[    0.000000]   DMA32 zone: 779904 pages, LIFO batch:31
[    0.000000]   Normal zone: 51136 pages used for memmap
[    0.000000]   Normal zone: 3272704 pages, LIFO batch:31
[    0.000000] ACPI: PM-Timer IO Port: 0x808
[    0.000000] ACPI: Local APIC address 0xfee00000
[    0.000000] ACPI: LAPIC (acpi_id[0x00] lapic_id[0x00] enabled)
[    0.000000] ACPI: LAPIC (acpi_id[0x01] lapic_id[0x01] enabled)
[    0.000000] ACPI: LAPIC (acpi_id[0x02] lapic_id[0x02] enabled)
[    0.000000] ACPI: LAPIC (acpi_id[0x03] lapic_id[0x03] enabled)
[    0.000000] ACPI: LAPIC_NMI (acpi_id[0x00] high edge lint[0x1])
[    0.000000] ACPI: LAPIC_NMI (acpi_id[0x01] high edge lint[0x1])
[    0.000000] ACPI: LAPIC_NMI (acpi_id[0x02] high edge lint[0x1])
[    0.000000] ACPI: LAPIC_NMI (acpi_id[0x03] high edge lint[0x1])
[    0.000000] ACPI: IOAPIC (id[0x02] address[0xfec00000] gsi_base[0])
[    0.000000] IOAPIC[0]: apic_id 2, version 33, address 0xfec00000, GSI 0-23
[    0.000000] ACPI: INT_SRC_OVR (bus 0 bus_irq 0 global_irq 2 dfl dfl)
[    0.000000] ACPI: IRQ0 used by override.
[    0.000000] ACPI: IRQ9 used by override.
[    0.000000] Using ACPI (MADT) for SMP configuration information
[    0.000000] ACPI: HPET id: 0x43538210 base: 0xfed00000
[    0.000000] smpboot: Allowing 4 CPUs, 0 hotplug CPUs
[    0.000000] e820: [mem 0xc0000000-0xfebfffff] available for PCI devices
[    0.000000] setup_percpu: NR_CPUS:64 nr_cpumask_bits:64 nr_cpu_ids:4 nr_node_ids:1
[    0.000000] PERCPU: Embedded 28 pages/cpu @ffff88041dc00000 s83456 r8192 d23040 u524288
[    0.000000] pcpu-alloc: s83456 r8192 d23040 u524288 alloc=1*2097152
[    0.000000] pcpu-alloc: [0] 0 1 2 3 
[    0.000000] Built 1 zonelists in Zone order, mobility grouping on.  Total pages: 3993197
[    0.000000] Policy zone: Normal
[    0.000000] Kernel command line: BOOT_IMAGE=/vmlinuz-linux-git root=UUID=bfa4ab6e-19a3-4601-ba2b-267c55841c73 rw cryptdevice=/dev/disk/by-uuid/70c08890-417a-497d-b6ab-c0d0357a63e2:cryptManjaro:allow-discards ipv6.disable=1 pnp.debug=1 loglevel=9 log_buf_len=10M printk.always_kmsg_dump=y printk.time=y mminit_loglevel=0 memory_corruption_check=1 acpi.debug_layer=0xfbff0000 acpi.debug_level=0xFFFFFFFD pnp.debug=1 nohz=on rcu_nocbs=1-3 pcie_aspm=force fbcon=scrollback:4096k fbcon=font:ProFont6x11 radeon.audio=0 radeon.lockup_timeout=0 radeon.test=0 radeon.agpmode=-1 radeon.benchmark=0 radeon.tv=0 radeon.hard_reset=1 radeon.aspm=1 radeon.dpm=1 radeon.msi=1 radeon.pcie_gen2=-1 radeon.no_wb=1 radeon.modeset=1 radeon.dynclks=1 radeon.r4xx_atom=0 radeon.runpm=0 radeonfb radeon.fastfb=1 nomodeset
[    0.000000] PCIe ASPM is forcibly enabled
[    0.000000] PID hash table entries: 4096 (order: 3, 32768 bytes)
[    0.000000] Memory: 15857424K/16226416K available (5461K kernel code, 821K rwdata, 2828K rodata, 852K init, 15548K bss, 368992K reserved)
[    0.000000] SLUB: HWalign=64, Order=0-3, MinObjects=0, CPUs=4, Nodes=1
[    0.000000] Hierarchical RCU implementation.
[    0.000000] 	RCU dyntick-idle grace-period acceleration is enabled.
[    0.000000] 	Additional per-CPU info printed with stalls.
[    0.000000] 	RCU restricting CPUs from NR_CPUS=64 to nr_cpu_ids=4.
[    0.000000] 	Offload RCU callbacks from all CPUs
[    0.000000] 	Offload RCU callbacks from CPUs: 0-3.
[    0.000000] RCU: Adjusting geometry for rcu_fanout_leaf=16, nr_cpu_ids=4
[    0.000000] NR_IRQS:4352 nr_irqs:456 0
[    0.000000] spurious 8259A interrupt: IRQ7.
[    0.000000] vgacon: allocated 4194304 bytes of memory for scrollback. CONFIG_VGACON_SOFT_SCROLLBACK_SIZE=4096
[    0.000000] Console: colour VGA+ 80x25
[    0.000000] console [tty0] enabled
[    0.000000] Lock dependency validator: Copyright (c) 2006 Red Hat, Inc., Ingo Molnar
[    0.000000] ... MAX_LOCKDEP_SUBCLASSES:  8
[    0.000000] ... MAX_LOCK_DEPTH:          48
[    0.000000] ... MAX_LOCKDEP_KEYS:        8191
[    0.000000] ... CLASSHASH_SIZE:          4096
[    0.000000] ... MAX_LOCKDEP_ENTRIES:     32768
[    0.000000] ... MAX_LOCKDEP_CHAINS:      65536
[    0.000000] ... CHAINHASH_SIZE:          32768
[    0.000000]  memory used by lock dependency info: 8159 kB
[    0.000000]  per task-struct memory footprint: 1920 bytes
[    0.000000] allocated 65011712 bytes of page_cgroup
[    0.000000] please try 'cgroup_disable=memory' option if you don't want memory cgroups
[    0.000000] hpet clockevent registered
[    0.000000] tsc: Fast TSC calibration using PIT
[    0.000000] tsc: Detected 1397.492 MHz processor
[    0.000071] Calibrating delay loop (skipped), value calculated using timer frequency.. 2796.44 BogoMIPS (lpj=4658306)
[    0.000245] pid_max: default: 32768 minimum: 301
[    0.000318] ACPI: Core revision 20140724
[    0.026046] ACPI: All ACPI Tables successfully acquired
[    0.027544] Security Framework initialized
[    0.516001] Dentry cache hash table entries: 2097152 (order: 12, 16777216 bytes)
[    0.524928] Inode-cache hash table entries: 1048576 (order: 11, 8388608 bytes)
[    0.528046] Mount-cache hash table entries: 32768 (order: 6, 262144 bytes)
[    0.528236] Mountpoint-cache hash table entries: 32768 (order: 6, 262144 bytes)
[    0.529742] Initializing cgroup subsys memory
[    0.529869] Initializing cgroup subsys devices
[    0.529960] Initializing cgroup subsys freezer
[    0.530049] Initializing cgroup subsys net_cls
[    0.530122] Initializing cgroup subsys blkio
[    0.530235] CPU: Physical Processor ID: 0
[    0.530347] CPU: Processor Core ID: 0
[    0.530413] mce: CPU supports 6 MCE banks
[    0.530489] Last level iTLB entries: 4KB 512, 2MB 16, 4MB 8
Last level dTLB entries: 4KB 1024, 2MB 128, 4MB 64, 1GB 0
[    0.530924] Freeing SMP alternatives memory: 20K (ffffffff81ba4000 - ffffffff81ba9000)
[    0.532100] ..TIMER: vector=0x30 apic1=0 pin1=2 apic2=-1 pin2=-1
[    0.565188] smpboot: CPU0: AMD A6-3400M APU with Radeon(tm) HD Graphics (fam: 12, model: 01, stepping: 00)
[    0.670903] Performance Events: AMD PMU driver.
[    0.671009] ... version:                0
[    0.671071] ... bit width:              48
[    0.671134] ... generic registers:      4
[    0.671196] ... value mask:             0000ffffffffffff
[    0.671259] ... max period:             00007fffffffffff
[    0.671322] ... fixed-purpose events:   0
[    0.671385] ... event mask:             000000000000000f
[    0.672816] MCE: In-kernel MCE decoding enabled.
[    0.673022] trying cpu_up:
[    0.673227] NMI watchdog: enabled on all CPUs, permanently consumes one hw-PMU counter.
[    0.673816] smpboot: ++++++++++++++++++++=_---CPU UP  1
[    0.673956] x86: Booting SMP configuration:
[    0.674022] .... node  #0, CPUs:      #1
[    0.674134] smpboot: Setting warm reset code and vector.
[    0.674278] smpboot: 1.
[    0.674339] smpboot: 2.
[    0.674400] smpboot: 3.
[    0.674462] smpboot: Asserting INIT
[    0.674524] smpboot: Waiting for INIT send to finish...
[    0.970994] smpboot: status for above ^ is: 0
[    0.971107] smpboot: Deasserting INIT
[    0.971171] smpboot: Waiting for above send to finish...
[    0.971237] smpboot: #startup loops: 2
[    0.971302] smpboot: Sending STARTUP #1
[    0.971367] smpboot: After apic_write
[    0.971733] smpboot: Startup point 1
[    0.971797] smpboot: Waiting for send to finish...
[    0.972063] smpboot: Sending STARTUP #2
[    0.972175] smpboot: After apic_write
[    0.972539] smpboot: Startup point 1
[    0.972650] smpboot: Waiting for send to finish...
[    0.973091] smpboot: After Startup
[    0.973201] smpboot: Before Callout 1
[    0.973266] smpboot: After Callout 1
[    0.973331] smpboot: start waiting 5sec for response
[    6.039489] smpboot: done waiting 5sec for response
[    6.039637] smpboot: cpumask_test_cpu result: 0
[    6.039701] smpboot: cpu_callin_mask: 0000000000000001
[    6.039798] smpboot: cpu_callout_mask: 0000000000000003
[    6.039860] smpboot: CPU1: Not responding
[    6.039982] smpboot: do_boot_cpu failed(1) to wakeup CPU#1
[    6.040132] doing it one more time: cpu_up !!!!!!!!!!!!
[    6.040234] smpboot: ++++++++++++++++++++=_---CPU UP  1
[    6.040360] x86: Booting SMP configuration:
[    6.040425]     #1
[    6.040500] smpboot: Setting warm reset code and vector.
[    6.040621] smpboot: 1.
[    6.040682] smpboot: 2.
[    6.040743] smpboot: 3.
[    6.040806] smpboot: Asserting INIT
[    6.040871] smpboot: Waiting for INIT send to finish...
[    6.050942] smpboot: status for above ^ is: 0
[    6.051052] smpboot: Deasserting INIT
[    6.051116] smpboot: Waiting for above send to finish...
[    6.051181] smpboot: #startup loops: 2
[    6.051244] smpboot: Sending STARTUP #1
[    6.051306] smpboot: After apic_write
[    6.051667] smpboot: Startup point 1
[    6.051776] smpboot: Waiting for send to finish...
[    6.052040] smpboot: Sending STARTUP #2
[    6.052149] smpboot: After apic_write
[    6.052511] smpboot: Startup point 1
[    6.052621] smpboot: Waiting for send to finish...
[    6.052887] smpboot: After Startup
[    6.052995] smpboot: Before Callout 1
[    6.053056] smpboot: After Callout 1
[    6.053120] smpboot: start waiting 5sec for response
[   11.094811] smpboot: done waiting 5sec for response
[   11.094957] smpboot: cpumask_test_cpu result: 0
[   11.095019] smpboot: cpu_callin_mask: 0000000000000001
[   11.095114] smpboot: cpu_callout_mask: 0000000000000003
[   11.095176] smpboot: CPU1: Not responding
[   11.095301] smpboot: do_boot_cpu failed(1) to wakeup CPU#1
[   11.095393] after cpu_up !!!!!!!!!!!!
[   11.095433] trying cpu_up:
[   11.095774] smpboot: ++++++++++++++++++++=_---CPU UP  2
[   11.095957]  #2
[   11.095993] smpboot: Setting warm reset code and vector.
[   11.096120] smpboot: 1.
[   11.096184] smpboot: 2.
[   11.096247] smpboot: 3.
[   11.096311] smpboot: Asserting INIT
[   11.096376] smpboot: Waiting for INIT send to finish...
[   11.106447] smpboot: status for above ^ is: 0
[   11.106556] smpboot: Deasserting INIT
[   11.106618] smpboot: Waiting for above send to finish...
[   11.106681] smpboot: #startup loops: 2
[   11.106743] smpboot: Sending STARTUP #1
[   11.106807] smpboot: After apic_write
[   10.979257] smpboot: CPU#2 (phys ID: 2) waiting for CALLOUT
[   10.979259] smpboot: Waiting max 15 sec for callout
[   11.107172] smpboot: Startup point 1
[   11.107409] smpboot: Waiting for send to finish...
[   11.107672] smpboot: Sending STARTUP #2
[   11.107783] smpboot: After apic_write
[   11.108148] smpboot: Startup point 1
[   11.108256] smpboot: Waiting for send to finish...
[   11.108520] smpboot: After Startup
[   11.108631] smpboot: Before Callout 2
[   11.108695] smpboot: After Callout 2
[   10.980936] smpboot: done waiting max 15 sec for callout
[   10.980975] smpboot: Stack at about ffff880407fd3f3c
[   11.108887] smpboot: start waiting 5sec for response
[   11.108925] smpboot: done waiting 5sec for response
[   11.109019] smpboot: cpumask_test_cpu result: -1
[   11.109079] smpboot: cpu_callin_mask: 0000000000000005
[   11.109177] smpboot: cpu_callout_mask: 0000000000000005
[   11.109241] smpboot: CPU2: has booted.
[   11.109364] smpboot: ------------- before WARN_ON:
[   11.109430] ------------[ cut here ]------------
[   11.109500] WARNING: CPU: 0 PID: 1 at arch/x86/kernel/smpboot.c:1071 native_cpu_up+0x9fa/0xa70()
[   11.109611] Modules linked in:
[   11.109704] CPU: 0 PID: 1 Comm: swapper/0 Tainted: G          I    3.17.0-rc3-gb7fece1 #67
[   11.109833] Hardware name: LENOVO Sabine/Torpedo, BIOS 54CN18WW 07/20/2011
[   11.109894]  0000000000000009 ffff880407f17e08 ffffffff81549513 0000000000000000
[   11.110108]  ffff880407f17e40 ffffffff810407e8 0000000000000002 0000000000000002
[   11.110321]  0000000000000000 0000000000000246 0000000000000002 ffff880407f17e50
[   11.110528] Call Trace:
[   11.110587]  [<ffffffff81549513>] dump_stack+0x45/0x56
[   11.110649]  [<ffffffff810407e8>] warn_slowpath_common+0x78/0xa0
[   11.110713]  [<ffffffff810408c5>] warn_slowpath_null+0x15/0x20
[   11.110777]  [<ffffffff81024f1a>] native_cpu_up+0x9fa/0xa70
[   11.110840]  [<ffffffff81040cbc>] cpu_up+0x13c/0x190
[   11.110904]  [<ffffffff81afad01>] smp_init+0x72/0xb6
[   11.110967]  [<ffffffff81ae4fb1>] kernel_init_freeable+0x14b/0x258
[   11.111032]  [<ffffffff81545400>] ? rest_init+0xc0/0xc0
[   11.111095]  [<ffffffff81545409>] kernel_init+0x9/0xf0
[   11.111157]  [<ffffffff81550dac>] ret_from_fork+0x7c/0xb0
[   11.111216]  [<ffffffff81545400>] ? rest_init+0xc0/0xc0
[   11.111295] ---[ end trace fe1e159275d42950 ]---
[   11.111353] smpboot: ------------- after WARN_ON
[   11.113415] TSC synchronization [CPU#0 -> CPU#2]:
[   11.114616] Measured 178481088 cycles TSC warp between CPUs, turning off TSC clock.
[   11.114762] tsc: Marking TSC unstable due to check_tsc_sync_source failed
[   11.115265] after cpu_up !!!!!!!!!!!!
[   11.115349] trying cpu_up:
[   11.115711] smpboot: ++++++++++++++++++++=_---CPU UP  3
[   11.115899]  #3
[   11.115937] smpboot: Setting warm reset code and vector.
[   11.116063] smpboot: 1.
[   11.116127] smpboot: 2.
[   11.116190] smpboot: 3.
[   11.116254] smpboot: Asserting INIT
[   11.116319] smpboot: Waiting for INIT send to finish...
[   11.126389] smpboot: status for above ^ is: 0
[   11.126499] smpboot: Deasserting INIT
[   11.126563] smpboot: Waiting for above send to finish...
[   11.126628] smpboot: #startup loops: 2
[   11.126691] smpboot: Sending STARTUP #1
[   11.126754] smpboot: After apic_write
[   10.965350] smpboot: CPU#3 (phys ID: 3) waiting for CALLOUT
[   10.965352] smpboot: Waiting max 15 sec for callout
[   11.127118] smpboot: Startup point 1
[   11.127358] smpboot: Waiting for send to finish...
[   11.127623] smpboot: Sending STARTUP #2
[   11.127732] smpboot: After apic_write
[   11.128096] smpboot: Startup point 1
[   11.128206] smpboot: Waiting for send to finish...
[   11.128470] smpboot: After Startup
[   11.128580] smpboot: Before Callout 3
[   11.128643] smpboot: After Callout 3
[   10.967030] smpboot: done waiting max 15 sec for callout
[   10.967070] smpboot: Stack at about ffff880407fd7f3c
[   11.128833] smpboot: start waiting 5sec for response
[   11.128873] smpboot: done waiting 5sec for response
[   11.128971] smpboot: cpumask_test_cpu result: -1
[   11.129034] smpboot: cpu_callin_mask: 000000000000000d
[   11.129132] smpboot: cpu_callout_mask: 000000000000000d
[   11.129195] smpboot: CPU3: has booted.
[   11.129318] smpboot: ------------- before WARN_ON:
[   11.129383] ------------[ cut here ]------------
[   11.129450] WARNING: CPU: 0 PID: 1 at arch/x86/kernel/smpboot.c:1071 native_cpu_up+0x9fa/0xa70()
[   11.129562] Modules linked in:
[   11.129660] CPU: 0 PID: 1 Comm: swapper/0 Tainted: G        W I    3.17.0-rc3-gb7fece1 #67
[   11.129794] Hardware name: LENOVO Sabine/Torpedo, BIOS 54CN18WW 07/20/2011
[   11.129856]  0000000000000009 ffff880407f17e08 ffffffff81549513 0000000000000000
[   11.130066]  ffff880407f17e40 ffffffff810407e8 0000000000000003 0000000000000003
[   11.130282]  0000000000000000 0000000000000246 0000000000000003 ffff880407f17e50
[   11.130498] Call Trace:
[   11.130560]  [<ffffffff81549513>] dump_stack+0x45/0x56
[   11.130624]  [<ffffffff810407e8>] warn_slowpath_common+0x78/0xa0
[   11.130688]  [<ffffffff810408c5>] warn_slowpath_null+0x15/0x20
[   11.130752]  [<ffffffff81024f1a>] native_cpu_up+0x9fa/0xa70
[   11.130816]  [<ffffffff81040cbc>] cpu_up+0x13c/0x190
[   11.130880]  [<ffffffff81afad01>] smp_init+0x72/0xb6
[   11.130944]  [<ffffffff81ae4fb1>] kernel_init_freeable+0x14b/0x258
[   11.131010]  [<ffffffff81545400>] ? rest_init+0xc0/0xc0
[   11.131074]  [<ffffffff81545409>] kernel_init+0x9/0xf0
[   11.131139]  [<ffffffff81550dac>] ret_from_fork+0x7c/0xb0
[   11.131199]  [<ffffffff81545400>] ? rest_init+0xc0/0xc0
[   11.131258] ---[ end trace fe1e159275d42951 ]---
[   11.131316] smpboot: ------------- after WARN_ON
[   11.131439] after cpu_up !!!!!!!!!!!!
[   11.131492] x86: Booted up 1 node, 3 CPUs
[   11.131606] smpboot: Boot done
[   11.131665] smpboot: Before bogomips
[   11.131727] smpboot: Total of 3 processors activated (8388.32 BogoMIPS)
[   11.131789] smpboot: Before bogocount - setting activated=1
[   10.263949] devtmpfs: initialized
[   10.263949] device: 'platform': device_add
[   10.263949] bus: 'platform': registered
[   10.263949] bus: 'cpu': registered
[   10.263949] device: 'cpu': device_add
[   10.263949] bus: 'container': registered
[   10.263949] device: 'container': device_add
[   10.264365] bus: 'workqueue': registered
[   10.264365] device: 'workqueue': device_add
[   10.264561] atomic64_test: passed for x86-64 platform with CX8 and with SSE
[   10.266826] kworker/u8:0 (39) used greatest stack depth: 13744 bytes left
[   10.264743] device class 'regulator': registering
[   10.266731] Registering platform device 'reg-dummy'. Parent at platform
[   10.266731] device: 'reg-dummy': device_add
[   10.266731] bus: 'platform': add device reg-dummy
[   10.266830] bus: 'platform': add driver reg-dummy
[   10.266830] bus: 'platform': driver_probe_device: matched device reg-dummy with driver reg-dummy
[   10.266830] bus: 'platform': really_probe: probing driver reg-dummy with device reg-dummy
[   10.266830] device: 'regulator.0': device_add
[   10.267013] regulator-dummy: no parameters
[   10.267188] driver: 'reg-dummy': driver_bound: bound to device 'reg-dummy'
[   10.267327] bus: 'platform': really_probe: bound device reg-dummy to driver reg-dummy
[   10.267774] NET: Registered protocol family 16
[   10.268271] device class 'bdi': registering
[   10.268419] bus: 'platform': add driver ramoops
[   10.270046] device class 'pci_bus': registering
[   10.270092] bus: 'pci': registered
[   10.270092] device class 'backlight': registering
[   10.270092] device class 'tty': registering
[   10.270092] device class 'vtconsole': registering
[   10.270092] device: 'vtcon0': device_add
[   10.270092] bus: 'node': registered
[   10.270092] device: 'node': device_add
[   10.270092] bus: 'i2c': registered
[   10.270092] bus: 'i2c': add driver dummy
[   10.270109] i2c-core: driver [dummy] registered
[   10.270109] cpuidle: using governor ladder
[   10.270109] cpuidle: using governor menu
[   10.270398] ACPI FADT declares the system doesn't support PCIe ASPM, so disable it
[   10.270603] ACPI: bus type PCI registered
[   10.270668] acpiphp: ACPI Hot Plug PCI Controller Driver version: 0.5
[   10.270737] device class 'dmi': registering
[   10.270818] device: 'id': device_add
[   10.271118] PCI: MMCONFIG for domain 0000 [bus 00-3f] at [mem 0xf8000000-0xfbffffff] (base 0xf8000000)
[   10.271307] PCI: not using MMCONFIG
[   10.271370] PCI: Using configuration type 1 for base access
[   10.271432] PCI: Using configuration type 1 for extended access
[   10.271819] device: 'node0': device_add
[   10.271935] bus: 'node': add device node0
[   10.272086] device: 'cpu0': device_add
[   10.272205] bus: 'cpu': add device cpu0
[   10.273371] device: 'cpu1': device_add
[   10.273371] bus: 'cpu': add device cpu1
[   10.273397] device: 'cpu2': device_add
[   10.273397] bus: 'cpu': add device cpu2
[   10.273397] device: 'cpu3': device_add
[   10.273397] bus: 'cpu': add device cpu3
[   10.273408] kworker/u8:0 (61) used greatest stack depth: 13408 bytes left
[   10.300731] device: 'writeback': device_add
[   10.300731] bus: 'workqueue': add device writeback
[   10.300731] device: 'default': device_add
[   10.300731] device class 'block': registering
[   10.300731] ACPI: Added _OSI(Module Device)
[   10.300731] ACPI: Added _OSI(Processor Device)
[   10.300731] ACPI: Added _OSI(3.0 _SCP Extensions)
[   10.300731] ACPI: Added _OSI(Processor Aggregator Device)
[   10.311368] 
**** Context Switch from TID 4294967295 to TID 133431296 ****

[   10.311585]     utils-0051 util_eval_error       : Evaluate [\_SB_.PCI0.LPC0.EC0_._GLK]: AE_NOT_FOUND
[   10.313393] Executing  Method       \_SB_.PCI0.LPC0.EC0_._REG
[   10.315811] Executing  Method       \_SB_.PCI0.LPC0.EC0_._REG
[   10.316030] Executing  Method       \_SB_.PCI0.LPC0.EC0_._REG
[   10.316338] Executing  Method       \_SB_.PCI0.LPC0.EC0_._REG
[   10.324688] Initializing Region       \_SB_.OSTY
[   10.324924] Initializing Region       \_SB_.PCI0.NBMS
[   10.325107] Initializing Region       \_SB_.PCI0.NBXP
[   10.325281] Initializing Region       \_SB_.PCI0.K8ST
[   10.325536] Initializing Region       \_SB_.PCI0.BAR1
[   10.325768] Initializing Region       \_SB_.PCI0.PB2_.XPEX
[   10.325975] Initializing Region       \_SB_.PCI0.PB2_.PCFG
[   10.326138] Initializing Region       \_SB_.PCI0.PB2_.XPCB
[   10.326305] Initializing Region       \_SB_.PCI0.PB2_.XPRI
[   10.326464] Initializing Region       \_SB_.PCI0.PB2_.VGA_.PCFG
[   10.326761] Initializing Region       \_SB_.PCI0.PB2_.HDAU.PCFG
[   10.326998] Initializing Region       \_SB_.PCI0.PB3_.XPEX
[   10.327159] Initializing Region       \_SB_.PCI0.PB3_.PCFG
[   10.327321] Initializing Region       \_SB_.PCI0.PB3_.XPCB
[   10.327488] Initializing Region       \_SB_.PCI0.PB3_.XPRI
[   10.327650] Initializing Region       \_SB_.PCI0.PB3_.VGA_.PCFG
[   10.327971] Initializing Region       \_SB_.PCI0.PB3_.HDAU.PCFG
[   10.328162] Initializing Region       \_SB_.PCI0.PB4_.XPEX
[   10.328368] Initializing Region       \_SB_.PCI0.PB4_.PCFG
[   10.328531] Initializing Region       \_SB_.PCI0.PB4_.XPCB
[   10.328698] Initializing Region       \_SB_.PCI0.PB4_.XPRI
[   10.328860] Initializing Region       \_SB_.PCI0.PB4_.XPDV.PCFG
[   10.329048] Initializing Region       \_SB_.PCI0.PB5_.XPEX
[   10.329229] Initializing Region       \_SB_.PCI0.PB5_.PCFG
[   10.329392] Initializing Region       \_SB_.PCI0.PB5_.XPCB
[   10.329558] Initializing Region       \_SB_.PCI0.PB5_.XPRI
[   10.329737] Initializing Region       \_SB_.PCI0.PB5_.XPDV.PCFG
[   10.329975] Initializing Region       \_SB_.PCI0.PB6_.XPEX
[   10.331217] Initializing Region       \_SB_.PCI0.PB6_.PCFG
[   10.331364] Initializing Region       \_SB_.PCI0.PB6_.XPCB
[   10.331529] Initializing Region       \_SB_.PCI0.PB6_.XPRI
[   10.331708] Initializing Region       \_SB_.PCI0.PB6_.XPDV.PCFG
[   10.331947] Initializing Region       \_SB_.PCI0.PB7_.XPEX
[   10.332127] Initializing Region       \_SB_.PCI0.PB7_.PCFG
[   10.332290] Initializing Region       \_SB_.PCI0.PB7_.XPCB
[   10.332451] Initializing Region       \_SB_.PCI0.PB7_.XPRI
[   10.332607] Initializing Region       \_SB_.PCI0.PB7_.XPDV.PCFG
[   10.333282] Initializing Region       \_SB_.PCI0.SATC
[   10.333460] Initializing Region       \_SB_.PCI0.RMEM
[   10.333654] Initializing Region       \_SB_.PCI0.SATA.SATX
[   10.333809] Initializing Region       \_SB_.PCI0.SATA.BAR5
[   10.350100] Initializing Region       \_SB_.PCI0.SMB_.SBRV
[   10.350331] Initializing Region       \_SB_.PCI0.SMB_.PMIO
[   10.350543] Initializing Region       \_SB_.PCI0.SMB_.ERMM
[   10.351028] Initializing Region       \_SB_.PCI0.SMB_.P1E0
[   10.351252] Initializing Region       \_SB_.PCI0.SMB_.ABIO
[   10.351420] Initializing Region       \_SB_.PCI0.SMB_.SMB0
[   10.351597] Initializing Region       \_SB_.PCI0.LPC0.PIRQ
[   10.351964] Initializing Region       \_SB_.PCI0.LPC0.LPCR
[   10.352208] Initializing Region       \_SB_.PCI0.LPC0.LPCS
[   10.352435] Initializing Region       \_SB_.PCI0.LPC0.SMI0
[   10.352641] Initializing Region       \_SB_.PCI0.LPC0.SMI1
[   10.352827] Initializing Region       \_SB_.PCI0.LPC0.EC0_.ECO1
[   10.353033] Initializing Region       \_SB_.PCI0.LPC0.EC0_.ECO2
[   10.353192] Initializing Region       \_SB_.PCI0.LPC0.EC0_.ECMB
[   10.353350] Initializing Region       \_SB_.PCI0.LPC0.EC0_.RAM_
[   10.353784] Initializing Region       \_SB_.PCI0.LPC0.EC0_.CMOS
[   10.354078] Initializing Region       \_SB_.PCI0.LPC0.EC0_.VPC0.ERAM
[   10.354349] Initializing Region       \_SB_.PCI0.SPB0.PCFG
[   10.354550] Initializing Region       \_SB_.PCI0.SPB0.XPCB
[   10.354702] Initializing Region       \_SB_.PCI0.SPB0.XPDV.PCFG
[   10.354887] Initializing Region       \_SB_.PCI0.SPB1.PCFG
[   10.355073] Initializing Region       \_SB_.PCI0.SPB1.XPCB
[   10.355246] Initializing Region       \_SB_.PCI0.SPB1.XPDV.PCFG
[   10.355477] Initializing Region       \_SB_.PCI0.SPB2.PCFG
[   10.355683] Initializing Region       \_SB_.PCI0.SPB2.XPCB
[   10.355842] Initializing Region       \_SB_.PCI0.SPB2.XPDV.PCFG
[   10.356021] Initializing Region       \_SB_.PCI0.SPB3.PCFG
[   10.356210] Initializing Region       \_SB_.PCI0.SPB3.XPCB
[   10.356384] Initializing Region       \_SB_.PCI0.SPB3.XPDV.PCFG
[   10.356915] Initializing Region       \_SB_.PCI0.VGA_.REVD
[   10.357383] Initializing BufferField  \_SB_.AMW0.WLID
[   10.358307] Initializing Region       \DEB2
[   10.358511] Initializing Region       \PMIO
[   10.358671] Initializing Region       \P01_
[   10.358875] Initializing Region       \CNVS
[   10.359121] Initializing Region       \SPRT
[   10.359366] Initializing Region       \CMIO
[   10.359679] Executing  Method       \_SB_._STA
[   10.359901] Executing  Method       \_SB_._INI
[   10.360066] Executing  Method       \_SB_.PCI0._STA
[   10.360241] Executing  Method       \_SB_.PCI0._INI
[   10.360752] [Firmware Bug]: ACPI: BIOS _OSI(Linux) query ignored
[   10.361388] Executing  Method       \_SB_.PCI0.SATA._STA
[   10.361611] Executing  Method       \_SB_.PCI0.SATA._INI
[   10.363304] Executing  Method       \_SB_.PCI0.LPC0.EC0_._REG
[   10.390139] ACPI: Interpreter enabled
[   10.390278] ACPI: (supports S0 S5)
[   10.390347] ACPI: Using IOAPIC for interrupt routing
[   10.390891] PCI: MMCONFIG for domain 0000 [bus 00-3f] at [mem 0xf8000000-0xfbffffff] (base 0xf8000000)
[   10.392231] PCI: MMCONFIG at [mem 0xf8000000-0xfbffffff] reserved in ACPI motherboard resources
[   10.393349] bus: 'acpi': registered
[   10.393349] PCI: Using host bridge windows from ACPI; if necessary, use "pci=nocrs" and report a bug
[   10.393349]      scan-1141 get_device_data       : No context for object [ffffffffffffffff]
[   10.393349]     utils-0051 util_eval_error       : Evaluate [\._STA]: AE_NOT_FOUND
[   10.393405] device: 'LNXSYSTM:00': device_add
[   10.393565] bus: 'acpi': add device LNXSYSTM:00
[   10.393757]     utils-0051 util_eval_error       : Evaluate [\._SUN]: AE_NOT_FOUND
[   10.394030]      scan-1933 add_single_object     : Added LNXSYSTM:00 [\] parent (null)
[   10.394274]      scan-1141 get_device_data       : No context for object [ffff88040d825000]
[   10.394489]      scan-1141 get_device_data       : No context for object [ffff88040d8437d0]
[   10.394705]      scan-1141 get_device_data       : No context for object [ffff88040d8437f8]
[   10.394906]      scan-1141 get_device_data       : No context for object [ffff88040d843820]
[   10.395120]      scan-1141 get_device_data       : No context for object [ffff88040d843848]
[   10.395335]      scan-1141 get_device_data       : No context for object [ffff88040d843870]
[   10.395550]      scan-1141 get_device_data       : No context for object [ffff88040d843898]
[   10.395765]      scan-1141 get_device_data       : No context for object [ffff88040d8438c0]
[   10.395955]      scan-1141 get_device_data       : No context for object [ffff88040d8438e8]
[   10.396165]      scan-1141 get_device_data       : No context for object [ffff88040d845398]
[   10.396382]      scan-1141 get_device_data       : No context for object [ffff88040d825028]
[   10.396597]      scan-1141 get_device_data       : No context for object [ffff88040d825168]
[   10.396847]     utils-0051 util_eval_error       : Evaluate [\_PR_.C000._STA]: AE_NOT_FOUND
[   10.397016]      scan-1141 get_device_data       : No context for object [ffff88040d825028]
[   10.397226] device: 'LNXCPU:00': device_add
[   10.397296] bus: 'acpi': add device LNXCPU:00
[   10.397392]     utils-0051 util_eval_error       : Evaluate [\_PR_.C000._SUN]: AE_NOT_FOUND
[   10.397620]      scan-1933 add_single_object     : Added LNXCPU:00 [\_PR_.C000] parent LNXSYSTM:00
[   10.397842]      scan-1141 get_device_data       : No context for object [ffff88040d848398]
[   10.398011]      scan-1141 get_device_data       : No context for object [ffff88040d8483c0]
[   10.398201]      scan-1141 get_device_data       : No context for object [ffff88040d8483e8]
[   10.398410]      scan-1141 get_device_data       : No context for object [ffff88040d848410]
[   10.398610]      scan-1141 get_device_data       : No context for object [ffff88040d848438]
[   10.398813]      scan-1141 get_device_data       : No context for object [ffff88040d848460]
[   10.398996]      scan-1141 get_device_data       : No context for object [ffff88040d825190]
[   10.399200]     utils-0051 util_eval_error       : Evaluate [\_PR_.C001._STA]: AE_NOT_FOUND
[   10.399404]      scan-1141 get_device_data       : No context for object [ffff88040d825028]
[   10.399626] device: 'LNXCPU:01': device_add
[   10.399695] bus: 'acpi': add device LNXCPU:01
[   10.399780]     utils-0051 util_eval_error       : Evaluate [\_PR_.C001._SUN]: AE_NOT_FOUND
[   10.400031]      scan-1933 add_single_object     : Added LNXCPU:01 [\_PR_.C001] parent LNXSYSTM:00
[   10.400177]      scan-1141 get_device_data       : No context for object [ffff88040d848488]
[   10.400380]      scan-1141 get_device_data       : No context for object [ffff88040d8484b0]
[   10.400583]      scan-1141 get_device_data       : No context for object [ffff88040d8484d8]
[   10.400786]      scan-1141 get_device_data       : No context for object [ffff88040d848500]
[   10.400967]      scan-1141 get_device_data       : No context for object [ffff88040d848528]
[   10.401164]      scan-1141 get_device_data       : No context for object [ffff88040d848550]
[   10.401368]      scan-1141 get_device_data       : No context for object [ffff88040d8251b8]
[   10.401572]     utils-0051 util_eval_error       : Evaluate [\_PR_.C002._STA]: AE_NOT_FOUND
[   10.401775]      scan-1141 get_device_data       : No context for object [ffff88040d825028]
[   10.401975] device: 'LNXCPU:02': device_add
[   10.402045] bus: 'acpi': add device LNXCPU:02
[   10.402148]     utils-0051 util_eval_error       : Evaluate [\_PR_.C002._SUN]: AE_NOT_FOUND
[   10.403335]      scan-1933 add_single_object     : Added LNXCPU:02 [\_PR_.C002] parent LNXSYSTM:00
[   10.403335]      scan-1141 get_device_data       : No context for object [ffff88040d848578]
[   10.403335]      scan-1141 get_device_data       : No context for object [ffff88040d8485a0]
[   10.403335]      scan-1141 get_device_data       : No context for object [ffff88040d8485c8]
[   10.403335]      scan-1141 get_device_data       : No context for object [ffff88040d8485f0]
[   10.403337]      scan-1141 get_device_data       : No context for object [ffff88040d848618]
[   10.403535]      scan-1141 get_device_data       : No context for object [ffff88040d848640]
[   10.403739]      scan-1141 get_device_data       : No context for object [ffff88040d8251e0]
[   10.403921]     utils-0051 util_eval_error       : Evaluate [\_PR_.C003._STA]: AE_NOT_FOUND
[   10.404122]      scan-1141 get_device_data       : No context for object [ffff88040d825028]
[   10.404340] device: 'LNXCPU:03': device_add
[   10.404408] bus: 'acpi': add device LNXCPU:03
[   10.405484]     utils-0051 util_eval_error       : Evaluate [\_PR_.C003._SUN]: AE_NOT_FOUND
[   10.406681]      scan-1933 add_single_object     : Added LNXCPU:03 [\_PR_.C003] parent LNXSYSTM:00
[   10.406681]      scan-1141 get_device_data       : No context for object [ffff88040d848668]
[   10.406681]      scan-1141 get_device_data       : No context for object [ffff88040d848690]
[   10.406681]      scan-1141 get_device_data       : No context for object [ffff88040d8486b8]
[   10.406681]      scan-1141 get_device_data       : No context for object [ffff88040d8486e0]
[   10.406798]      scan-1141 get_device_data       : No context for object [ffff88040d848708]
[   10.406980]      scan-1141 get_device_data       : No context for object [ffff88040d848730]
[   10.407178]      scan-1141 get_device_data       : No context for object [ffff88040d825050]
[   10.407378]     utils-0051 util_eval_error       : Evaluate [\_SB_._STA]: AE_NOT_FOUND
[   10.407684] device: 'LNXSYBUS:00': device_add
[   10.407799] bus: 'acpi': add device LNXSYBUS:00
[   10.407908]     utils-0051 util_eval_error       : Evaluate [\_SB_._SUN]: AE_NOT_FOUND
[   10.408148]      scan-1933 add_single_object     : Added LNXSYBUS:00 [\_SB_] parent LNXSYSTM:00
[   10.408357]      scan-1141 get_device_data       : No context for object [ffff88040d8253c0]
[   10.408555]      scan-1141 get_device_data       : No context for object [ffff88040d8253e8]
[   10.408759]      scan-1141 get_device_data       : No context for object [ffff88040d825410]
[   10.408941]      scan-1141 get_device_data       : No context for object [ffff88040d825438]
[   10.409144]      scan-1141 get_device_data       : No context for object [ffff88040d825460]
[   10.409347]      scan-1141 get_device_data       : No context for object [ffff88040d825488]
[   10.409548]      scan-1141 get_device_data       : No context for object [ffff88040d8254b0]
[   10.409745]      scan-1141 get_device_data       : No context for object [ffff88040d8255a0]
[   10.409928]     utils-0051 util_eval_error       : Evaluate [\_SB_.PWRB._STA]: AE_NOT_FOUND
[   10.410218] device: 'PNP0C0C:00': device_add
[   10.410335] bus: 'acpi': add device PNP0C0C:00
[   10.410441]     utils-0051 util_eval_error       : Evaluate [\_SB_.PWRB._SUN]: AE_NOT_FOUND
[   10.410704]      scan-1933 add_single_object     : Added PNP0C0C:00 [\_SB_.PWRB] parent LNXSYBUS:00
[   10.410911]      scan-1141 get_device_data       : No context for object [ffff88040d8255c8]
[   10.411115]      scan-1141 get_device_data       : No context for object [ffff88040d8255f0]
[   10.411320]     utils-0051 util_eval_error       : Evaluate [\_SB_.PCI0._STA]: AE_NOT_FOUND
[   10.411626] device: 'PNP0A08:00': device_add
[   10.411743] bus: 'acpi': add device PNP0A08:00
[   10.411865]     utils-0051 util_eval_error       : Evaluate [\_SB_.PCI0._SUN]: AE_NOT_FOUND
[   10.413368]      scan-1933 add_single_object     : Added PNP0A08:00 [\_SB_.PCI0] parent LNXSYBUS:00
[   10.413368]      scan-1141 get_device_data       : No context for object [ffff88040d825618]
[   10.413368]      scan-1141 get_device_data       : No context for object [ffff88040d825640]
[   10.413368]      scan-1141 get_device_data       : No context for object [ffff88040d825668]
[   10.413368]      scan-1141 get_device_data       : No context for object [ffff88040d825690]
[   10.413368]      scan-1141 get_device_data       : No context for object [ffff88040d8256b8]
[   10.413368]      scan-1141 get_device_data       : No context for object [ffff88040d8256e0]
[   10.413539]      scan-1141 get_device_data       : No context for object [ffff88040d825708]
[   10.413742]      scan-1141 get_device_data       : No context for object [ffff88040d825730]
[   10.413931]      scan-1141 get_device_data       : No context for object [ffff88040d825758]
[   10.414134]      scan-1141 get_device_data       : No context for object [ffff88040d825780]
[   10.414337]      scan-1141 get_device_data       : No context for object [ffff88040d8257a8]
[   10.414538]      scan-1141 get_device_data       : No context for object [ffff88040d8257d0]
[   10.414738]      scan-1141 get_device_data       : No context for object [ffff88040d8257f8]
[   10.414932]      scan-1141 get_device_data       : No context for object [ffff88040d825820]
[   10.415135]      scan-1141 get_device_data       : No context for object [ffff88040d825848]
[   10.415338]      scan-1141 get_device_data       : No context for object [ffff88040d825870]
[   10.415540]      scan-1141 get_device_data       : No context for object [ffff88040d825898]
[   10.415741]      scan-1141 get_device_data       : No context for object [ffff88040d8258c0]
[   10.415932]      scan-1141 get_device_data       : No context for object [ffff88040d8258e8]
[   10.416135]      scan-1141 get_device_data       : No context for object [ffff88040d825910]
[   10.416338]      scan-1141 get_device_data       : No context for object [ffff88040d825938]
[   10.416542]      scan-1141 get_device_data       : No context for object [ffff88040d825960]
[   10.416672]      scan-1141 get_device_data       : No context for object [ffff88040d825988]
[   10.416854]      scan-1141 get_device_data       : No context for object [ffff88040d8259b0]
[   10.417052]      scan-1141 get_device_data       : No context for object [ffff88040d8259d8]
[   10.417255]      scan-1141 get_device_data       : No context for object [ffff88040d825a00]
[   10.417458]      scan-1141 get_device_data       : No context for object [ffff88040d825a28]
[   10.417661]      scan-1141 get_device_data       : No context for object [ffff88040d825a50]
[   10.417856]      scan-1141 get_device_data       : No context for object [ffff88040d825a78]
[   10.418057]      scan-1141 get_device_data       : No context for object [ffff88040d825aa0]
[   10.418254]      scan-1141 get_device_data       : No context for object [ffff88040d825ac8]
[   10.418457]      scan-1141 get_device_data       : No context for object [ffff88040d825af0]
[   10.418660]      scan-1141 get_device_data       : No context for object [ffff88040d825b18]
[   10.418857]      scan-1141 get_device_data       : No context for object [ffff88040d825b40]
[   10.419060]      scan-1141 get_device_data       : No context for object [ffff88040d825b68]
[   10.419260]      scan-1141 get_device_data       : No context for object [ffff88040d825b90]
[   10.419459]      scan-1141 get_device_data       : No context for object [ffff88040d825bb8]
[   10.419662]      scan-1141 get_device_data       : No context for object [ffff88040d825be0]
[   10.419857]      scan-1141 get_device_data       : No context for object [ffff88040d825c08]
[   10.420134]      scan-1141 get_device_data       : No context for object [ffff88040d825c30]
[   10.420337]      scan-1141 get_device_data       : No context for object [ffff88040d825c58]
[   10.420540]      scan-1141 get_device_data       : No context for object [ffff88040d825c80]
[   10.420737]      scan-1141 get_device_data       : No context for object [ffff88040d825ca8]
[   10.420929]      scan-1141 get_device_data       : No context for object [ffff88040d825cd0]
[   10.421128]      scan-1141 get_device_data       : No context for object [ffff88040d825cf8]
[   10.421328]      scan-1141 get_device_data       : No context for object [ffff88040d825d20]
[   10.421528]      scan-1141 get_device_data       : No context for object [ffff88040d825d48]
[   10.421729]      scan-1141 get_device_data       : No context for object [ffff88040d825d70]
[   10.421926]      scan-1141 get_device_data       : No context for object [ffff88040d825d98]
[   10.422125]      scan-1141 get_device_data       : No context for object [ffff88040d825dc0]
[   10.422325]      scan-1141 get_device_data       : No context for object [ffff88040d825de8]
[   10.422524]      scan-1141 get_device_data       : No context for object [ffff88040d825e10]
[   10.422725]      scan-1141 get_device_data       : No context for object [ffff88040d825e38]
[   10.422924]      scan-1141 get_device_data       : No context for object [ffff88040d825e60]
[   10.423124]      scan-1141 get_device_data       : No context for object [ffff88040d825e88]
[   10.423320]      scan-1141 get_device_data       : No context for object [ffff88040d825eb0]
[   10.423500]      scan-1141 get_device_data       : No context for object [ffff88040d825ed8]
[   10.423701]      scan-1141 get_device_data       : No context for object [ffff88040d825f00]
[   10.423901]      scan-1141 get_device_data       : No context for object [ffff88040d825f28]
[   10.424997]      scan-1141 get_device_data       : No context for object [ffff88040d825f50]
[   10.425199]      scan-1141 get_device_data       : No context for object [ffff88040d825f78]
[   10.425402]      scan-1141 get_device_data       : No context for object [ffff88040d825fa0]
[   10.425600]      scan-1141 get_device_data       : No context for object [ffff88040d825fc8]
[   10.425803]      scan-1141 get_device_data       : No context for object [ffff88040d82a000]
[   10.425984]      scan-1141 get_device_data       : No context for object [ffff88040d82a028]
[   10.426189]     utils-0051 util_eval_error       : Evaluate [\_SB_.PCI0.MEMR._STA]: AE_NOT_FOUND
[   10.426466] device: 'PNP0C02:00': device_add
[   10.426584] bus: 'acpi': add device PNP0C02:00
[   10.426701]     utils-0051 util_eval_error       : Evaluate [\_SB_.PCI0.MEMR._SUN]: AE_NOT_FOUND
[   10.426912]      scan-1933 add_single_object     : Added PNP0C02:00 [\_SB_.PCI0.MEMR] parent PNP0A08:00
[   10.427125]      scan-1141 get_device_data       : No context for object [ffff88040d82a050]
[   10.427328]      scan-1141 get_device_data       : No context for object [ffff88040d82a078]
[   10.427531]      scan-1141 get_device_data       : No context for object [ffff88040d82a0a0]
[   10.427735]      scan-1141 get_device_data       : No context for object [ffff88040d82a0c8]
[   10.427927]      scan-1141 get_device_data       : No context for object [ffff88040d82a0f0]
[   10.428125]      scan-1141 get_device_data       : No context for object [ffff88040d82a118]
[   10.428328]      scan-1141 get_device_data       : No context for object [ffff88040d82a140]
[   10.428531]      scan-1141 get_device_data       : No context for object [ffff88040d82a168]
[   10.428733]      scan-1141 get_device_data       : No context for object [ffff88040d82a190]
[   10.428929]      scan-1141 get_device_data       : No context for object [ffff88040d82a1b8]
[   10.429132]      scan-1141 get_device_data       : No context for object [ffff88040d82a1e0]
[   10.429331]      scan-1141 get_device_data       : No context for object [ffff88040d82a208]
[   10.429535]      scan-1141 get_device_data       : No context for object [ffff88040d82a230]
[   10.429738]      scan-1141 get_device_data       : No context for object [ffff88040d82a258]
[   10.429930]      scan-1141 get_device_data       : No context for object [ffff88040d82a280]
[   10.430134]      scan-1141 get_device_data       : No context for object [ffff88040d82a2a8]
[   10.430339]     utils-0051 util_eval_error       : Evaluate [\_SB_.PCI0.PB2_._STA]: AE_NOT_FOUND
[   10.430695] device: 'device:00': device_add
[   10.430765] bus: 'acpi': add device device:00
[   10.430872]     utils-0051 util_eval_error       : Evaluate [\_SB_.PCI0.PB2_._SUN]: AE_NOT_FOUND
[   10.431126]      scan-1933 add_single_object     : Added device:00 [\_SB_.PCI0.PB2_] parent PNP0A08:00
[   10.431337]      scan-1141 get_device_data       : No context for object [ffff88040d82a2d0]
[   10.431541]      scan-1141 get_device_data       : No context for object [ffff88040d82a2f8]
[   10.431740]      scan-1141 get_device_data       : No context for object [ffff88040d82a320]
[   10.431929]      scan-1141 get_device_data       : No context for object [ffff88040d82a348]
[   10.432132]      scan-1141 get_device_data       : No context for object [ffff88040d82a370]
[   10.432335]      scan-1141 get_device_data       : No context for object [ffff88040d82a398]
[   10.432538]      scan-1141 get_device_data       : No context for object [ffff88040d82a3c0]
[   10.432742]      scan-1141 get_device_data       : No context for object [ffff88040d82a3e8]
[   10.432927]      scan-1141 get_device_data       : No context for object [ffff88040d82a410]
[   10.433128]      scan-1141 get_device_data       : No context for object [ffff88040d82a438]
[   10.433339]      scan-1141 get_device_data       : No context for object [ffff88040d82a460]
[   10.433542]      scan-1141 get_device_data       : No context for object [ffff88040d82a488]
[   10.433746]      scan-1141 get_device_data       : No context for object [ffff88040d82a4b0]
[   10.433933]      scan-1141 get_device_data       : No context for object [ffff88040d82a4d8]
[   10.434137]      scan-1141 get_device_data       : No context for object [ffff88040d82a500]
[   10.434336]      scan-1141 get_device_data       : No context for object [ffff88040d82a528]
[   10.434540]      scan-1141 get_device_data       : No context for object [ffff88040d82a550]
[   10.434743]      scan-1141 get_device_data       : No context for object [ffff88040d82a578]
[   10.434933]      scan-1141 get_device_data       : No context for object [ffff88040d82a5a0]
[   10.435137]      scan-1141 get_device_data       : No context for object [ffff88040d82a5c8]
[   10.435340]      scan-1141 get_device_data       : No context for object [ffff88040d82a5f0]
[   10.435539]      scan-1141 get_device_data       : No context for object [ffff88040d82a618]
[   10.435743]      scan-1141 get_device_data       : No context for object [ffff88040d82a640]
[   10.435934]      scan-1141 get_device_data       : No context for object [ffff88040d82a668]
[   10.436137]      scan-1141 get_device_data       : No context for object [ffff88040d82a690]
[   10.436341]      scan-1141 get_device_data       : No context for object [ffff88040d82a6b8]
[   10.436543]      scan-1141 get_device_data       : No context for object [ffff88040d82a6e0]
[   10.436672]      scan-1141 get_device_data       : No context for object [ffff88040d82a708]
[   10.436863]      scan-1141 get_device_data       : No context for object [ffff88040d82a730]
[   10.437067]      scan-1141 get_device_data       : No context for object [ffff88040d82a758]
[   10.437267]      scan-1141 get_device_data       : No context for object [ffff88040d82a780]
[   10.437468]     utils-0051 util_eval_error       : Evaluate [\_SB_.PCI0.PB2_.VGA_._STA]: AE_NOT_FOUND
[   10.437718] device: 'device:01': device_add
[   10.437827] bus: 'acpi': add device device:01
[   10.437927]     utils-0051 util_eval_error       : Evaluate [\_SB_.PCI0.PB2_.VGA_._SUN]: AE_NOT_FOUND
[   10.438123]      scan-1933 add_single_object     : Added device:01 [\_SB_.PCI0.PB2_.VGA_] parent device:00
[   10.438332]      scan-1141 get_device_data       : No context for object [ffff88040d82a7a8]
[   10.438533]      scan-1141 get_device_data       : No context for object [ffff88040d82a7d0]
[   10.438734]      scan-1141 get_device_data       : No context for object [ffff88040d82a7f8]
[   10.438914]      scan-1141 get_device_data       : No context for object [ffff88040d82a820]
[   10.439108]      scan-1141 get_device_data       : No context for object [ffff88040d82a848]
[   10.439309]      scan-1141 get_device_data       : No context for object [ffff88040d82a870]
[   10.439509]      scan-1141 get_device_data       : No context for object [ffff88040d82a898]
[   10.439708]      scan-1141 get_device_data       : No context for object [ffff88040d82a8c0]
[   10.439889]      scan-1141 get_device_data       : No context for object [ffff88040d82a8e8]
[   10.440166]      scan-1141 get_device_data       : No context for object [ffff88040d82a910]
[   10.440362]      scan-1141 get_device_data       : No context for object [ffff88040d82a938]
[   10.440562]      scan-1141 get_device_data       : No context for object [ffff88040d82a960]
[   10.440762]      scan-1141 get_device_data       : No context for object [ffff88040d82a988]
[   10.440943]      scan-1141 get_device_data       : No context for object [ffff88040d82a9b0]
[   10.441143]      scan-1141 get_device_data       : No context for object [ffff88040d82a9d8]
[   10.441344]      scan-1141 get_device_data       : No context for object [ffff88040d82aa00]
[   10.441543]      scan-1141 get_device_data       : No context for object [ffff88040d82aa28]
[   10.441744]      scan-1141 get_device_data       : No context for object [ffff88040d82aa50]
[   10.441938]      scan-1141 get_device_data       : No context for object [ffff88040d82aa78]
[   10.442141]      scan-1141 get_device_data       : No context for object [ffff88040d82aaa0]
[   10.442344]      scan-1141 get_device_data       : No context for object [ffff88040d82aac8]
[   10.442547]      scan-1141 get_device_data       : No context for object [ffff88040d82aaf0]
[   10.442747]      scan-1141 get_device_data       : No context for object [ffff88040d82ab18]
[   10.442938]      scan-1141 get_device_data       : No context for object [ffff88040d82ab40]
[   10.443141]      scan-1141 get_device_data       : No context for object [ffff88040d82ab68]
[   10.443339]      scan-1141 get_device_data       : No context for object [ffff88040d82ab90]
[   10.443541]      scan-1141 get_device_data       : No context for object [ffff88040d82abb8]
[   10.443745]      scan-1141 get_device_data       : No context for object [ffff88040d82abe0]
[   10.443927]      scan-1141 get_device_data       : No context for object [ffff88040d82ac08]
[   10.444128]      scan-1141 get_device_data       : No context for object [ffff88040d82ac30]
[   10.444326]      scan-1141 get_device_data       : No context for object [ffff88040d82ac58]
[   10.444529]      scan-1141 get_device_data       : No context for object [ffff88040d82ac80]
[   10.444732]      scan-1141 get_device_data       : No context for object [ffff88040d82aca8]
[   10.444914]      scan-1141 get_device_data       : No context for object [ffff88040d82acd0]
[   10.445117]      scan-1141 get_device_data       : No context for object [ffff88040d82acf8]
[   10.445318]      scan-1141 get_device_data       : No context for object [ffff88040d82ad20]
[   10.445516]      scan-1141 get_device_data       : No context for object [ffff88040d82ad48]
[   10.446672]      scan-1141 get_device_data       : No context for object [ffff88040d82ad70]
[   10.446863]      scan-1141 get_device_data       : No context for object [ffff88040d82ad98]
[   10.447066]      scan-1141 get_device_data       : No context for object [ffff88040d843438]
[   10.447270]      scan-1141 get_device_data       : No context for object [ffff88040d82adc0]
[   10.447475]     utils-0051 util_eval_error       : Evaluate [\_SB_.PCI0.PB2_.HDAU._STA]: AE_NOT_FOUND
[   10.447747] device: 'device:02': device_add
[   10.447864] bus: 'acpi': add device device:02
[   10.447971]     utils-0051 util_eval_error       : Evaluate [\_SB_.PCI0.PB2_.HDAU._SUN]: AE_NOT_FOUND
[   10.448215]      scan-1933 add_single_object     : Added device:02 [\_SB_.PCI0.PB2_.HDAU] parent device:00
[   10.448425]      scan-1141 get_device_data       : No context for object [ffff88040d82ade8]
[   10.448629]      scan-1141 get_device_data       : No context for object [ffff88040d82ae10]
[   10.448830]      scan-1141 get_device_data       : No context for object [ffff88040d82ae38]
[   10.449009]      scan-1141 get_device_data       : No context for object [ffff88040d82ae60]
[   10.449212]      scan-1141 get_device_data       : No context for object [ffff88040d82ae88]
[   10.449416]      scan-1141 get_device_data       : No context for object [ffff88040d82aeb0]
[   10.449620]      scan-1141 get_device_data       : No context for object [ffff88040d82aed8]
[   10.449824]     utils-0051 util_eval_error       : Evaluate [\_SB_.PCI0.PB3_._STA]: AE_NOT_FOUND
[   10.450111] device: 'device:03': device_add
[   10.450183] bus: 'acpi': add device device:03
[   10.450288]     utils-0051 util_eval_error       : Evaluate [\_SB_.PCI0.PB3_._SUN]: AE_NOT_FOUND
[   10.450551]      scan-1933 add_single_object     : Added device:03 [\_SB_.PCI0.PB3_] parent PNP0A08:00
[   10.450761]      scan-1141 get_device_data       : No context for object [ffff88040d82af00]
[   10.450919]      scan-1141 get_device_data       : No context for object [ffff88040d82af28]
[   10.451101]      scan-1141 get_device_data       : No context for object [ffff88040d82af50]
[   10.451301]      scan-1141 get_device_data       : No context for object [ffff88040d82af78]
[   10.451502]      scan-1141 get_device_data       : No context for object [ffff88040d82afa0]
[   10.451705]      scan-1141 get_device_data       : No context for object [ffff88040d82afc8]
[   10.451886]      scan-1141 get_device_data       : No context for object [ffff88040d82b000]
[   10.452089]      scan-1141 get_device_data       : No context for object [ffff88040d82b028]
[   10.452292]      scan-1141 get_device_data       : No context for object [ffff88040d82b050]
[   10.452494]      scan-1141 get_device_data       : No context for object [ffff88040d82b078]
[   10.452693]      scan-1141 get_device_data       : No context for object [ffff88040d82b0a0]
[   10.452875]      scan-1141 get_device_data       : No context for object [ffff88040d82b0c8]
[   10.453078]      scan-1141 get_device_data       : No context for object [ffff88040d82b0f0]
[   10.453339]      scan-1141 get_device_data       : No context for object [ffff88040d82b118]
[   10.453542]      scan-1141 get_device_data       : No context for object [ffff88040d82b140]
[   10.453743]      scan-1141 get_device_data       : No context for object [ffff88040d82b168]
[   10.453921]      scan-1141 get_device_data       : No context for object [ffff88040d82b190]
[   10.454121]      scan-1141 get_device_data       : No context for object [ffff88040d82b1b8]
[   10.454321]      scan-1141 get_device_data       : No context for object [ffff88040d82b1e0]
[   10.454521]      scan-1141 get_device_data       : No context for object [ffff88040d82b208]
[   10.454721]      scan-1141 get_device_data       : No context for object [ffff88040d82b230]
[   10.454914]      scan-1141 get_device_data       : No context for object [ffff88040d82b258]
[   10.455110]      scan-1141 get_device_data       : No context for object [ffff88040d82b280]
[   10.455311]      scan-1141 get_device_data       : No context for object [ffff88040d82b2a8]
[   10.455511]      scan-1141 get_device_data       : No context for object [ffff88040d82b2d0]
[   10.455712]      scan-1141 get_device_data       : No context for object [ffff88040d82b2f8]
[   10.455912]      scan-1141 get_device_data       : No context for object [ffff88040d82b320]
[   10.456114]      scan-1141 get_device_data       : No context for object [ffff88040d82b348]
[   10.456307]      scan-1141 get_device_data       : No context for object [ffff88040d82b370]
[   10.456509]      scan-1141 get_device_data       : No context for object [ffff88040d82b398]
[   10.456672]      scan-1141 get_device_data       : No context for object [ffff88040d82b3c0]
[   10.456875]     utils-0051 util_eval_error       : Evaluate [\_SB_.PCI0.PB3_.VGA_._STA]: AE_NOT_FOUND
[   10.457136]     video-0058 backlight_cap_match   : Found generic backlight support
[   10.457393] device: 'LNXVIDEO:00': device_add
[   10.457456] bus: 'acpi': add device LNXVIDEO:00
[   10.457569]     utils-0051 util_eval_error       : Evaluate [\_SB_.PCI0.PB3_.VGA_._SUN]: AE_NOT_FOUND
[   10.457830]      scan-1933 add_single_object     : Added LNXVIDEO:00 [\_SB_.PCI0.PB3_.VGA_] parent device:03
[   10.458022]      scan-1141 get_device_data       : No context for object [ffff88040d82b3e8]
[   10.458226]      scan-1141 get_device_data       : No context for object [ffff88040d82b410]
[   10.458429]      scan-1141 get_device_data       : No context for object [ffff88040d82b438]
[   10.458630]      scan-1141 get_device_data       : No context for object [ffff88040d82b460]
[   10.458830]      scan-1141 get_device_data       : No context for object [ffff88040d82b488]
[   10.459018]      scan-1141 get_device_data       : No context for object [ffff88040d82b4b0]
[   10.459221]      scan-1141 get_device_data       : No context for object [ffff88040d82b4d8]
[   10.459424]      scan-1141 get_device_data       : No context for object [ffff88040d82b500]
[   10.459627]      scan-1141 get_device_data       : No context for object [ffff88040d82b528]
[   10.459829]      scan-1141 get_device_data       : No context for object [ffff88040d82b550]
[   10.460006]      scan-1141 get_device_data       : No context for object [ffff88040d82b578]
[   10.460209]      scan-1141 get_device_data       : No context for object [ffff88040d82b5a0]
[   10.460412]      scan-1141 get_device_data       : No context for object [ffff88040d82b5c8]
[   10.460615]      scan-1141 get_device_data       : No context for object [ffff88040d82b5f0]
[   10.460818]      scan-1141 get_device_data       : No context for object [ffff88040d82b618]
[   10.461021]      scan-1141 get_device_data       : No context for object [ffff88040d82b640]
[   10.461218]      scan-1141 get_device_data       : No context for object [ffff88040d82b668]
[   10.461421]      scan-1141 get_device_data       : No context for object [ffff88040d82b690]
[   10.461623]      scan-1141 get_device_data       : No context for object [ffff88040d82b6b8]
[   10.461827]      scan-1141 get_device_data       : No context for object [ffff88040d82b6e0]
[   10.462009]      scan-1141 get_device_data       : No context for object [ffff88040d82b708]
[   10.462212]      scan-1141 get_device_data       : No context for object [ffff88040d82b730]
[   10.462411]      scan-1141 get_device_data       : No context for object [ffff88040d82b758]
[   10.463336]      scan-1141 get_device_data       : No context for object [ffff88040d82b780]
[   10.463541]      scan-1141 get_device_data       : No context for object [ffff88040d82b7a8]
[   10.463723]      scan-1141 get_device_data       : No context for object [ffff88040d82b7d0]
[   10.463926]      scan-1141 get_device_data       : No context for object [ffff88040d82b7f8]
[   10.464129]      scan-1141 get_device_data       : No context for object [ffff88040d82b820]
[   10.464332]      scan-1141 get_device_data       : No context for object [ffff88040d82b848]
[   10.464531]      scan-1141 get_device_data       : No context for object [ffff88040d82b870]
[   10.464717]      scan-1141 get_device_data       : No context for object [ffff88040d82b898]
[   10.464920]      scan-1141 get_device_data       : No context for object [ffff88040d82b8c0]
[   10.465123]      scan-1141 get_device_data       : No context for object [ffff88040d82b8e8]
[   10.465325]      scan-1141 get_device_data       : No context for object [ffff88040d82b910]
[   10.465528]      scan-1141 get_device_data       : No context for object [ffff88040d82b938]
[   10.465709]      scan-1141 get_device_data       : No context for object [ffff88040d82b960]
[   10.465908]      scan-1141 get_device_data       : No context for object [ffff88040d82b988]
[   10.466111]      scan-1141 get_device_data       : No context for object [ffff88040d82b9b0]
[   10.466672]      scan-1141 get_device_data       : No context for object [ffff88040d82b9d8]
[   10.466875]      scan-1141 get_device_data       : No context for object [ffff88040d843460]
[   10.467032]      scan-1141 get_device_data       : No context for object [ffff88040d846c08]
[   10.467212]      scan-1141 get_device_data       : No context for object [ffff88040d846c30]
[   10.467410]      scan-1141 get_device_data       : No context for object [ffff88040d846c58]
[   10.467613]     utils-0051 util_eval_error       : Evaluate [\_SB_.PCI0.PB3_.VGA_.CRT_._STA]: AE_NOT_FOUND
[   10.467910] device: 'device:04': device_add
[   10.467993] bus: 'acpi': add device device:04
[   10.468096]     utils-0051 util_eval_error       : Evaluate [\_SB_.PCI0.PB3_.VGA_.CRT_._SUN]: AE_NOT_FOUND
[   10.468360]      scan-1933 add_single_object     : Added device:04 [\_SB_.PCI0.PB3_.VGA_.CRT_] parent LNXVIDEO:00
[   10.468565]      scan-1141 get_device_data       : No context for object [ffff88040d846c80]
[   10.468767]      scan-1141 get_device_data       : No context for object [ffff88040d846ca8]
[   10.468949]      scan-1141 get_device_data       : No context for object [ffff88040d846cd0]
[   10.469152]      scan-1141 get_device_data       : No context for object [ffff88040d846cf8]
[   10.469356]      scan-1141 get_device_data       : No context for object [ffff88040d846d20]
[   10.469560]     utils-0051 util_eval_error       : Evaluate [\_SB_.PCI0.PB3_.VGA_.LCD_._STA]: AE_NOT_FOUND
[   10.469817] device: 'device:05': device_add
[   10.469932] bus: 'acpi': add device device:05
[   10.470050]     utils-0051 util_eval_error       : Evaluate [\_SB_.PCI0.PB3_.VGA_.LCD_._SUN]: AE_NOT_FOUND
[   10.470290]      scan-1933 add_single_object     : Added device:05 [\_SB_.PCI0.PB3_.VGA_.LCD_] parent LNXVIDEO:00
[   10.470501]      scan-1141 get_device_data       : No context for object [ffff88040d846d48]
[   10.470702]      scan-1141 get_device_data       : No context for object [ffff88040d846d70]
[   10.470901]      scan-1141 get_device_data       : No context for object [ffff88040d846d98]
[   10.471080]      scan-1141 get_device_data       : No context for object [ffff88040d846dc0]
[   10.471280]      scan-1141 get_device_data       : No context for object [ffff88040d846de8]
[   10.471479]      scan-1141 get_device_data       : No context for object [ffff88040d846e10]
[   10.471678]      scan-1141 get_device_data       : No context for object [ffff88040d846e38]
[   10.471880]      scan-1141 get_device_data       : No context for object [ffff88040d846e60]
[   10.472069]     utils-0051 util_eval_error       : Evaluate [\_SB_.PCI0.PB3_.VGA_.TV0_._STA]: AE_NOT_FOUND
[   10.472332] device: 'device:06': device_add
[   10.472447] bus: 'acpi': add device device:06
[   10.472549]     utils-0051 util_eval_error       : Evaluate [\_SB_.PCI0.PB3_.VGA_.TV0_._SUN]: AE_NOT_FOUND
[   10.473384]      scan-1933 add_single_object     : Added device:06 [\_SB_.PCI0.PB3_.VGA_.TV0_] parent LNXVIDEO:00
[   10.473384]      scan-1141 get_device_data       : No context for object [ffff88040d846e88]
[   10.473384]      scan-1141 get_device_data       : No context for object [ffff88040d846eb0]
[   10.473384]      scan-1141 get_device_data       : No context for object [ffff88040d846ed8]
[   10.473533]      scan-1141 get_device_data       : No context for object [ffff88040d846f00]
[   10.473734]      scan-1141 get_device_data       : No context for object [ffff88040d846f28]
[   10.473916]     utils-0051 util_eval_error       : Evaluate [\_SB_.PCI0.PB3_.VGA_.HDMI._STA]: AE_NOT_FOUND
[   10.474207] device: 'device:07': device_add
[   10.474322] bus: 'acpi': add device device:07
[   10.474429]     utils-0051 util_eval_error       : Evaluate [\_SB_.PCI0.PB3_.VGA_.HDMI._SUN]: AE_NOT_FOUND
[   10.474680]      scan-1933 add_single_object     : Added device:07 [\_SB_.PCI0.PB3_.VGA_.HDMI] parent LNXVIDEO:00
[   10.474879]      scan-1141 get_device_data       : No context for object [ffff88040d846f50]
[   10.475082]      scan-1141 get_device_data       : No context for object [ffff88040d846f78]
[   10.475285]      scan-1141 get_device_data       : No context for object [ffff88040d846fa0]
[   10.475487]      scan-1141 get_device_data       : No context for object [ffff88040d846fc8]
[   10.475692]      scan-1141 get_device_data       : No context for object [ffff88040d82ba00]
[   10.475872]     utils-0051 util_eval_error       : Evaluate [\_SB_.PCI0.PB3_.HDAU._STA]: AE_NOT_FOUND
[   10.476149] device: 'device:08': device_add
[   10.476265] bus: 'acpi': add device device:08
[   10.476370]     utils-0051 util_eval_error       : Evaluate [\_SB_.PCI0.PB3_.HDAU._SUN]: AE_NOT_FOUND
[   10.476685]      scan-1933 add_single_object     : Added device:08 [\_SB_.PCI0.PB3_.HDAU] parent device:03
[   10.476896]      scan-1141 get_device_data       : No context for object [ffff88040d82ba28]
[   10.477099]      scan-1141 get_device_data       : No context for object [ffff88040d82ba50]
[   10.477298]      scan-1141 get_device_data       : No context for object [ffff88040d82ba78]
[   10.477502]      scan-1141 get_device_data       : No context for object [ffff88040d82baa0]
[   10.477705]      scan-1141 get_device_data       : No context for object [ffff88040d82bac8]
[   10.477909]      scan-1141 get_device_data       : No context for object [ffff88040d82baf0]
[   10.478113]      scan-1141 get_device_data       : No context for object [ffff88040d82bb18]
[   10.478314]     utils-0051 util_eval_error       : Evaluate [\_SB_.PCI0.PB4_._STA]: AE_NOT_FOUND
[   10.478661] device: 'device:09': device_add
[   10.478732] bus: 'acpi': add device device:09
[   10.478835]     utils-0051 util_eval_error       : Evaluate [\_SB_.PCI0.PB4_._SUN]: AE_NOT_FOUND
[   10.480035]      scan-1933 add_single_object     : Added device:09 [\_SB_.PCI0.PB4_] parent PNP0A08:00
[   10.480035]      scan-1141 get_device_data       : No context for object [ffff88040d82bb40]
[   10.480035]      scan-1141 get_device_data       : No context for object [ffff88040d82bb68]
[   10.480035]      scan-1141 get_device_data       : No context for object [ffff88040d82bb90]
[   10.480035]      scan-1141 get_device_data       : No context for object [ffff88040d82bbb8]
[   10.480135]      scan-1141 get_device_data       : No context for object [ffff88040d82bbe0]
[   10.480338]      scan-1141 get_device_data       : No context for object [ffff88040d82bc08]
[   10.480541]      scan-1141 get_device_data       : No context for object [ffff88040d82bc30]
[   10.480746]      scan-1141 get_device_data       : No context for object [ffff88040d82bc58]
[   10.480938]      scan-1141 get_device_data       : No context for object [ffff88040d82bc80]
[   10.481141]      scan-1141 get_device_data       : No context for object [ffff88040d82bca8]
[   10.481343]      scan-1141 get_device_data       : No context for object [ffff88040d82bcd0]
[   10.481546]      scan-1141 get_device_data       : No context for object [ffff88040d82bcf8]
[   10.481749]      scan-1141 get_device_data       : No context for object [ffff88040d82bd20]
[   10.481936]      scan-1141 get_device_data       : No context for object [ffff88040d82bd48]
[   10.482134]      scan-1141 get_device_data       : No context for object [ffff88040d82bd70]
[   10.482337]      scan-1141 get_device_data       : No context for object [ffff88040d82bd98]
[   10.483338]      scan-1141 get_device_data       : No context for object [ffff88040d82bdc0]
[   10.483541]      scan-1141 get_device_data       : No context for object [ffff88040d82bde8]
[   10.483723]      scan-1141 get_device_data       : No context for object [ffff88040d82be10]
[   10.483926]      scan-1141 get_device_data       : No context for object [ffff88040d82be38]
[   10.484129]      scan-1141 get_device_data       : No context for object [ffff88040d82be60]
[   10.484326]      scan-1141 get_device_data       : No context for object [ffff88040d82be88]
[   10.484531]      scan-1141 get_device_data       : No context for object [ffff88040d82beb0]
[   10.484718]      scan-1141 get_device_data       : No context for object [ffff88040d82bed8]
[   10.484921]      scan-1141 get_device_data       : No context for object [ffff88040d82bf00]
[   10.485123]      scan-1141 get_device_data       : No context for object [ffff88040d82bf28]
[   10.485326]      scan-1141 get_device_data       : No context for object [ffff88040d82bf50]
[   10.485526]      scan-1141 get_device_data       : No context for object [ffff88040d82bf78]
[   10.485718]      scan-1141 get_device_data       : No context for object [ffff88040d82bfa0]
[   10.485921]      scan-1141 get_device_data       : No context for object [ffff88040d82bfc8]
[   10.486123]      scan-1141 get_device_data       : No context for object [ffff88040d82d000]
[   10.486327]     utils-0051 util_eval_error       : Evaluate [\_SB_.PCI0.PB4_.XPDV._STA]: AE_NOT_FOUND
[   10.486743] device: 'device:0a': device_add
[   10.486856] bus: 'acpi': add device device:0a
[   10.486945]     utils-0051 util_eval_error       : Evaluate [\_SB_.PCI0.PB4_.XPDV._SUN]: AE_NOT_FOUND
[   10.487140]      scan-1933 add_single_object     : Added device:0a [\_SB_.PCI0.PB4_.XPDV] parent device:09
[   10.487348]      scan-1141 get_device_data       : No context for object [ffff88040d82d028]
[   10.487548]      scan-1141 get_device_data       : No context for object [ffff88040d82d050]
[   10.487748]      scan-1141 get_device_data       : No context for object [ffff88040d82d078]
[   10.487930]      scan-1141 get_device_data       : No context for object [ffff88040d82d0a0]
[   10.488126]      scan-1141 get_device_data       : No context for object [ffff88040d82d0c8]
[   10.488326]      scan-1141 get_device_data       : No context for object [ffff88040d843500]
[   10.488525]      scan-1141 get_device_data       : No context for object [ffff88040d82d0f0]
[   10.488727]      scan-1141 get_device_data       : No context for object [ffff88040d82d118]
[   10.488909]     utils-0051 util_eval_error       : Evaluate [\_SB_.PCI0.PB5_._STA]: AE_NOT_FOUND
[   10.489254] device: 'device:0b': device_add
[   10.489317] bus: 'acpi': add device device:0b
[   10.489407]     utils-0051 util_eval_error       : Evaluate [\_SB_.PCI0.PB5_._SUN]: AE_NOT_FOUND
[   10.490008]      scan-1933 add_single_object     : Added device:0b [\_SB_.PCI0.PB5_] parent PNP0A08:00
[   10.490008]      scan-1141 get_device_data       : No context for object [ffff88040d82d140]
[   10.490008]      scan-1141 get_device_data       : No context for object [ffff88040d82d168]
[   10.490207]      scan-1141 get_device_data       : No context for object [ffff88040d82d190]
[   10.490408]      scan-1141 get_device_data       : No context for object [ffff88040d82d1b8]
[   10.490601]      scan-1141 get_device_data       : No context for object [ffff88040d82d1e0]
[   10.490802]      scan-1141 get_device_data       : No context for object [ffff88040d82d208]
[   10.490991]      scan-1141 get_device_data       : No context for object [ffff88040d82d230]
[   10.491192]      scan-1141 get_device_data       : No context for object [ffff88040d82d258]
[   10.491392]      scan-1141 get_device_data       : No context for object [ffff88040d82d280]
[   10.491595]      scan-1141 get_device_data       : No context for object [ffff88040d82d2a8]
[   10.491794]      scan-1141 get_device_data       : No context for object [ffff88040d82d2d0]
[   10.491982]      scan-1141 get_device_data       : No context for object [ffff88040d82d2f8]
[   10.492185]      scan-1141 get_device_data       : No context for object [ffff88040d82d320]
[   10.492388]      scan-1141 get_device_data       : No context for object [ffff88040d82d348]
[   10.492591]      scan-1141 get_device_data       : No context for object [ffff88040d82d370]
[   10.492794]      scan-1141 get_device_data       : No context for object [ffff88040d82d398]
[   10.492949]      scan-1141 get_device_data       : No context for object [ffff88040d82d3c0]
[   10.493127]      scan-1141 get_device_data       : No context for object [ffff88040d82d3e8]
[   10.493339]      scan-1141 get_device_data       : No context for object [ffff88040d82d410]
[   10.493542]      scan-1141 get_device_data       : No context for object [ffff88040d82d438]
[   10.493745]      scan-1141 get_device_data       : No context for object [ffff88040d82d460]
[   10.493927]      scan-1141 get_device_data       : No context for object [ffff88040d82d488]
[   10.494128]      scan-1141 get_device_data       : No context for object [ffff88040d82d4b0]
[   10.494325]      scan-1141 get_device_data       : No context for object [ffff88040d82d4d8]
[   10.494528]      scan-1141 get_device_data       : No context for object [ffff88040d82d500]
[   10.494731]      scan-1141 get_device_data       : No context for object [ffff88040d82d528]
[   10.494913]      scan-1141 get_device_data       : No context for object [ffff88040d82d550]
[   10.495116]      scan-1141 get_device_data       : No context for object [ffff88040d82d578]
[   10.495319]      scan-1141 get_device_data       : No context for object [ffff88040d82d5a0]
[   10.495517]      scan-1141 get_device_data       : No context for object [ffff88040d82d5c8]
[   10.495721]      scan-1141 get_device_data       : No context for object [ffff88040d82d5f0]
[   10.495904]     utils-0051 util_eval_error       : Evaluate [\_SB_.PCI0.PB5_.XPDV._STA]: AE_NOT_FOUND
[   10.496182] device: 'device:0c': device_add
[   10.496299] bus: 'acpi': add device device:0c
[   10.496406]     utils-0051 util_eval_error       : Evaluate [\_SB_.PCI0.PB5_.XPDV._SUN]: AE_NOT_FOUND
[   10.496678]      scan-1933 add_single_object     : Added device:0c [\_SB_.PCI0.PB5_.XPDV] parent device:0b
[   10.496876]      scan-1141 get_device_data       : No context for object [ffff88040d82d618]
[   10.497080]      scan-1141 get_device_data       : No context for object [ffff88040d82d640]
[   10.497283]      scan-1141 get_device_data       : No context for object [ffff88040d82d668]
[   10.497487]      scan-1141 get_device_data       : No context for object [ffff88040d82d690]
[   10.497691]      scan-1141 get_device_data       : No context for object [ffff88040d82d6b8]
[   10.497871]      scan-1141 get_device_data       : No context for object [ffff88040d843528]
[   10.498071]      scan-1141 get_device_data       : No context for object [ffff88040d82d6e0]
[   10.498275]      scan-1141 get_device_data       : No context for object [ffff88040d82d708]
[   10.498478]     utils-0051 util_eval_error       : Evaluate [\_SB_.PCI0.PB6_._STA]: AE_NOT_FOUND
[   10.498833] device: 'device:0d': device_add
[   10.498904] bus: 'acpi': add device device:0d
[   10.499008]     utils-0051 util_eval_error       : Evaluate [\_SB_.PCI0.PB6_._SUN]: AE_NOT_FOUND
[   10.500049]      scan-1933 add_single_object     : Added device:0d [\_SB_.PCI0.PB6_] parent PNP0A08:00
[   10.500049]      scan-1141 get_device_data       : No context for object [ffff88040d82d730]
[   10.500049]      scan-1141 get_device_data       : No context for object [ffff88040d82d758]
[   10.500049]      scan-1141 get_device_data       : No context for object [ffff88040d82d780]
[   10.500135]      scan-1141 get_device_data       : No context for object [ffff88040d82d7a8]
[   10.500337]      scan-1141 get_device_data       : No context for object [ffff88040d82d7d0]
[   10.500535]      scan-1141 get_device_data       : No context for object [ffff88040d82d7f8]
[   10.500738]      scan-1141 get_device_data       : No context for object [ffff88040d82d820]
[   10.500933]      scan-1141 get_device_data       : No context for object [ffff88040d82d848]
[   10.501136]      scan-1141 get_device_data       : No context for object [ffff88040d82d870]
[   10.501339]      scan-1141 get_device_data       : No context for object [ffff88040d82d898]
[   10.501542]      scan-1141 get_device_data       : No context for object [ffff88040d82d8c0]
[   10.501737]      scan-1141 get_device_data       : No context for object [ffff88040d82d8e8]
[   10.502931]      scan-1141 get_device_data       : No context for object [ffff88040d82d910]
[   10.503132]      scan-1141 get_device_data       : No context for object [ffff88040d82d938]
[   10.503338]      scan-1141 get_device_data       : No context for object [ffff88040d82d960]
[   10.503542]      scan-1141 get_device_data       : No context for object [ffff88040d82d988]
[   10.503745]      scan-1141 get_device_data       : No context for object [ffff88040d82d9b0]
[   10.503934]      scan-1141 get_device_data       : No context for object [ffff88040d82d9d8]
[   10.504131]      scan-1141 get_device_data       : No context for object [ffff88040d82da00]
[   10.504329]      scan-1141 get_device_data       : No context for object [ffff88040d82da28]
[   10.504530]      scan-1141 get_device_data       : No context for object [ffff88040d82da50]
[   10.504731]      scan-1141 get_device_data       : No context for object [ffff88040d82da78]
[   10.504932]      scan-1141 get_device_data       : No context for object [ffff88040d82daa0]
[   10.505132]      scan-1141 get_device_data       : No context for object [ffff88040d82dac8]
[   10.505332]      scan-1141 get_device_data       : No context for object [ffff88040d82daf0]
[   10.505527]      scan-1141 get_device_data       : No context for object [ffff88040d82db18]
[   10.505728]      scan-1141 get_device_data       : No context for object [ffff88040d82db40]
[   10.505927]      scan-1141 get_device_data       : No context for object [ffff88040d82db68]
[   10.506126]      scan-1141 get_device_data       : No context for object [ffff88040d82db90]
[   10.506326]      scan-1141 get_device_data       : No context for object [ffff88040d82dbb8]
[   10.506523]      scan-1141 get_device_data       : No context for object [ffff88040d82dbe0]
[   10.506673]     utils-0051 util_eval_error       : Evaluate [\_SB_.PCI0.PB6_.XPDV._STA]: AE_NOT_FOUND
[   10.506949] device: 'device:0e': device_add
[   10.507019] bus: 'acpi': add device device:0e
[   10.507124]     utils-0051 util_eval_error       : Evaluate [\_SB_.PCI0.PB6_.XPDV._SUN]: AE_NOT_FOUND
[   10.507385]      scan-1933 add_single_object     : Added device:0e [\_SB_.PCI0.PB6_.XPDV] parent device:0d
[   10.507592]      scan-1141 get_device_data       : No context for object [ffff88040d82dc08]
[   10.507790]      scan-1141 get_device_data       : No context for object [ffff88040d82dc30]
[   10.507943]      scan-1141 get_device_data       : No context for object [ffff88040d82dc58]
[   10.508125]      scan-1141 get_device_data       : No context for object [ffff88040d82dc80]
[   10.508329]      scan-1141 get_device_data       : No context for object [ffff88040d82dca8]
[   10.508532]      scan-1141 get_device_data       : No context for object [ffff88040d843550]
[   10.508736]      scan-1141 get_device_data       : No context for object [ffff88040d82dcd0]
[   10.508917]      scan-1141 get_device_data       : No context for object [ffff88040d82dcf8]
[   10.509115]     utils-0051 util_eval_error       : Evaluate [\_SB_.PCI0.PB7_._STA]: AE_NOT_FOUND
[   10.509466] device: 'device:0f': device_add
[   10.509536] bus: 'acpi': add device device:0f
[   10.509640]     utils-0051 util_eval_error       : Evaluate [\_SB_.PCI0.PB7_._SUN]: AE_NOT_FOUND
[   10.510007]      scan-1933 add_single_object     : Added device:0f [\_SB_.PCI0.PB7_] parent PNP0A08:00
[   10.510137]      scan-1141 get_device_data       : No context for object [ffff88040d82dd20]
[   10.510334]      scan-1141 get_device_data       : No context for object [ffff88040d82dd48]
[   10.510537]      scan-1141 get_device_data       : No context for object [ffff88040d82dd70]
[   10.510740]      scan-1141 get_device_data       : No context for object [ffff88040d82dd98]
[   10.510922]      scan-1141 get_device_data       : No context for object [ffff88040d82ddc0]
[   10.511125]      scan-1141 get_device_data       : No context for object [ffff88040d82dde8]
[   10.511329]      scan-1141 get_device_data       : No context for object [ffff88040d82de10]
[   10.511526]      scan-1141 get_device_data       : No context for object [ffff88040d82de38]
[   10.511730]      scan-1141 get_device_data       : No context for object [ffff88040d82de60]
[   10.511916]      scan-1141 get_device_data       : No context for object [ffff88040d82de88]
[   10.512119]      scan-1141 get_device_data       : No context for object [ffff88040d82deb0]
[   10.512322]      scan-1141 get_device_data       : No context for object [ffff88040d82ded8]
[   10.512525]      scan-1141 get_device_data       : No context for object [ffff88040d82df00]
[   10.512724]      scan-1141 get_device_data       : No context for object [ffff88040d82df28]
[   10.512916]      scan-1141 get_device_data       : No context for object [ffff88040d82df50]
[   10.513119]      scan-1141 get_device_data       : No context for object [ffff88040d82df78]
[   10.513339]      scan-1141 get_device_data       : No context for object [ffff88040d82dfa0]
[   10.513541]      scan-1141 get_device_data       : No context for object [ffff88040d82dfc8]
[   10.513744]      scan-1141 get_device_data       : No context for object [ffff88040d82f000]
[   10.513928]      scan-1141 get_device_data       : No context for object [ffff88040d82f028]
[   10.514129]      scan-1141 get_device_data       : No context for object [ffff88040d82f050]
[   10.514333]      scan-1141 get_device_data       : No context for object [ffff88040d82f078]
[   10.514536]      scan-1141 get_device_data       : No context for object [ffff88040d82f0a0]
[   10.514739]      scan-1141 get_device_data       : No context for object [ffff88040d82f0c8]
[   10.514930]      scan-1141 get_device_data       : No context for object [ffff88040d82f0f0]
[   10.515131]      scan-1141 get_device_data       : No context for object [ffff88040d82f118]
[   10.515332]      scan-1141 get_device_data       : No context for object [ffff88040d82f140]
[   10.515534]      scan-1141 get_device_data       : No context for object [ffff88040d82f168]
[   10.515737]      scan-1141 get_device_data       : No context for object [ffff88040d82f190]
[   10.515930]      scan-1141 get_device_data       : No context for object [ffff88040d82f1b8]
[   10.516133]      scan-1141 get_device_data       : No context for object [ffff88040d82f1e0]
[   10.516336]     utils-0051 util_eval_error       : Evaluate [\_SB_.PCI0.PB7_.XPDV._STA]: AE_NOT_FOUND
[   10.516608] device: 'device:10': device_add
[   10.516678] bus: 'acpi': add device device:10
[   10.516786]     utils-0051 util_eval_error       : Evaluate [\_SB_.PCI0.PB7_.XPDV._SUN]: AE_NOT_FOUND
[   10.517048]      scan-1933 add_single_object     : Added device:10 [\_SB_.PCI0.PB7_.XPDV] parent device:0f
[   10.517258]      scan-1141 get_device_data       : No context for object [ffff88040d82f208]
[   10.517459]      scan-1141 get_device_data       : No context for object [ffff88040d82f230]
[   10.517658]      scan-1141 get_device_data       : No context for object [ffff88040d82f258]
[   10.517861]      scan-1141 get_device_data       : No context for object [ffff88040d82f280]
[   10.518064]      scan-1141 get_device_data       : No context for object [ffff88040d82f2a8]
[   10.518266]      scan-1141 get_device_data       : No context for object [ffff88040d843488]
[   10.518471]      scan-1141 get_device_data       : No context for object [ffff88040d82f2d0]
[   10.518674]      scan-1141 get_device_data       : No context for object [ffff88040d82f2f8]
[   10.518874]     utils-0051 util_eval_error       : Evaluate [\_SB_.PCI0.OHC1._STA]: AE_NOT_FOUND
[   10.519220] device: 'device:11': device_add
[   10.519290] bus: 'acpi': add device device:11
[   10.519394]     utils-0051 util_eval_error       : Evaluate [\_SB_.PCI0.OHC1._SUN]: AE_NOT_FOUND
[   10.520049]      scan-1933 add_single_object     : Added device:11 [\_SB_.PCI0.OHC1] parent PNP0A08:00
[   10.520049]      scan-1141 get_device_data       : No context for object [ffff88040d82f320]
[   10.520130]      scan-1141 get_device_data       : No context for object [ffff88040d82f348]
[   10.520333]      scan-1141 get_device_data       : No context for object [ffff88040d8472f8]
[   10.520537]     utils-0051 util_eval_error       : Evaluate [\_SB_.PCI0.OHC1.RHUB._STA]: AE_NOT_FOUND
[   10.520814] device: 'device:12': device_add
[   10.520929] bus: 'acpi': add device device:12
[   10.521039]     utils-0051 util_eval_error       : Evaluate [\_SB_.PCI0.OHC1.RHUB._SUN]: AE_NOT_FOUND
[   10.521274]      scan-1933 add_single_object     : Added device:12 [\_SB_.PCI0.OHC1.RHUB] parent device:11
[   10.521477]      scan-1141 get_device_data       : No context for object [ffff88040d847320]
[   10.522602]      scan-1141 get_device_data       : No context for object [ffff88040d847348]
[   10.522805]     utils-0051 util_eval_error       : Evaluate [\_SB_.PCI0.OHC1.RHUB.PRT3._STA]: AE_NOT_FOUND
[   10.523060] device: 'device:13': device_add
[   10.523175] bus: 'acpi': add device device:13
[   10.523277]     utils-0051 util_eval_error       : Evaluate [\_SB_.PCI0.OHC1.RHUB.PRT3._SUN]: AE_NOT_FOUND
[   10.523512]      scan-1933 add_single_object     : Added device:13 [\_SB_.PCI0.OHC1.RHUB.PRT3] parent device:12
[   10.523715]      scan-1141 get_device_data       : No context for object [ffff88040d847370]
[   10.523911]      scan-1141 get_device_data       : No context for object [ffff88040d847398]
[   10.524111]      scan-1141 get_device_data       : No context for object [ffff88040d8473c0]
[   10.524311]      scan-1141 get_device_data       : No context for object [ffff88040d8473e8]
[   10.524511]     utils-0051 util_eval_error       : Evaluate [\_SB_.PCI0.OHC1.RHUB.PRT4._STA]: AE_NOT_FOUND
[   10.524787] device: 'device:14': device_add
[   10.524898] bus: 'acpi': add device device:14
[   10.524984]     utils-0051 util_eval_error       : Evaluate [\_SB_.PCI0.OHC1.RHUB.PRT4._SUN]: AE_NOT_FOUND
[   10.525179]      scan-1933 add_single_object     : Added device:14 [\_SB_.PCI0.OHC1.RHUB.PRT4] parent device:12
[   10.525390]      scan-1141 get_device_data       : No context for object [ffff88040d847410]
[   10.525593]      scan-1141 get_device_data       : No context for object [ffff88040d847438]
[   10.525796]      scan-1141 get_device_data       : No context for object [ffff88040d847460]
[   10.525981]      scan-1141 get_device_data       : No context for object [ffff88040d82f370]
[   10.526183]     utils-0051 util_eval_error       : Evaluate [\_SB_.PCI0.EHC1._STA]: AE_NOT_FOUND
[   10.526526] device: 'device:15': device_add
[   10.526597] bus: 'acpi': add device device:15
[   10.526712]     utils-0051 util_eval_error       : Evaluate [\_SB_.PCI0.EHC1._SUN]: AE_NOT_FOUND
[   10.526953]      scan-1933 add_single_object     : Added device:15 [\_SB_.PCI0.EHC1] parent PNP0A08:00
[   10.527161]      scan-1141 get_device_data       : No context for object [ffff88040d82f398]
[   10.527363]      scan-1141 get_device_data       : No context for object [ffff88040d82f3c0]
[   10.527560]      scan-1141 get_device_data       : No context for object [ffff88040d847028]
[   10.527764]     utils-0051 util_eval_error       : Evaluate [\_SB_.PCI0.EHC1.RHUB._STA]: AE_NOT_FOUND
[   10.528020] device: 'device:16': device_add
[   10.528136] bus: 'acpi': add device device:16
[   10.528240]     utils-0051 util_eval_error       : Evaluate [\_SB_.PCI0.EHC1.RHUB._SUN]: AE_NOT_FOUND
[   10.528501]      scan-1933 add_single_object     : Added device:16 [\_SB_.PCI0.EHC1.RHUB] parent device:15
[   10.528705]      scan-1141 get_device_data       : No context for object [ffff88040d847050]
[   10.528908]      scan-1141 get_device_data       : No context for object [ffff88040d847078]
[   10.529112]     utils-0051 util_eval_error       : Evaluate [\_SB_.PCI0.EHC1.RHUB.PRT3._STA]: AE_NOT_FOUND
[   10.529390] device: 'device:17': device_add
[   10.529511] bus: 'acpi': add device device:17
[   10.529615]     utils-0051 util_eval_error       : Evaluate [\_SB_.PCI0.EHC1.RHUB.PRT3._SUN]: AE_NOT_FOUND
[   10.530067]      scan-1933 add_single_object     : Added device:17 [\_SB_.PCI0.EHC1.RHUB.PRT3] parent device:16
[   10.530067]      scan-1141 get_device_data       : No context for object [ffff88040d8470a0]
[   10.530215]      scan-1141 get_device_data       : No context for object [ffff88040d8470c8]
[   10.530417]      scan-1141 get_device_data       : No context for object [ffff88040d8470f0]
[   10.530621]      scan-1141 get_device_data       : No context for object [ffff88040d847118]
[   10.530824]     utils-0051 util_eval_error       : Evaluate [\_SB_.PCI0.EHC1.RHUB.PRT4._STA]: AE_NOT_FOUND
[   10.531054] device: 'device:18': device_add
[   10.531169] bus: 'acpi': add device device:18
[   10.531272]     utils-0051 util_eval_error       : Evaluate [\_SB_.PCI0.EHC1.RHUB.PRT4._SUN]: AE_NOT_FOUND
[   10.531536]      scan-1933 add_single_object     : Added device:18 [\_SB_.PCI0.EHC1.RHUB.PRT4] parent device:16
[   10.531747]      scan-1141 get_device_data       : No context for object [ffff88040d847140]
[   10.531930]      scan-1141 get_device_data       : No context for object [ffff88040d847168]
[   10.532132]      scan-1141 get_device_data       : No context for object [ffff88040d847190]
[   10.532331]      scan-1141 get_device_data       : No context for object [ffff88040d82f3e8]
[   10.532534]     utils-0051 util_eval_error       : Evaluate [\_SB_.PCI0.OHC2._STA]: AE_NOT_FOUND
[   10.532867] device: 'device:19': device_add
[   10.532937] bus: 'acpi': add device device:19
[   10.533044]     utils-0051 util_eval_error       : Evaluate [\_SB_.PCI0.OHC2._SUN]: AE_NOT_FOUND
[   10.533352]      scan-1933 add_single_object     : Added device:19 [\_SB_.PCI0.OHC2] parent PNP0A08:00
[   10.533559]      scan-1141 get_device_data       : No context for object [ffff88040d82f410]
[   10.533761]      scan-1141 get_device_data       : No context for object [ffff88040d82f438]
[   10.533942]      scan-1141 get_device_data       : No context for object [ffff88040d847488]
[   10.534146]     utils-0051 util_eval_error       : Evaluate [\_SB_.PCI0.OHC2.RHUB._STA]: AE_NOT_FOUND
[   10.534424] device: 'device:1a': device_add
[   10.534540] bus: 'acpi': add device device:1a
[   10.534643]     utils-0051 util_eval_error       : Evaluate [\_SB_.PCI0.OHC2.RHUB._SUN]: AE_NOT_FOUND
[   10.534900]      scan-1933 add_single_object     : Added device:1a [\_SB_.PCI0.OHC2.RHUB] parent device:19
[   10.535111]      scan-1141 get_device_data       : No context for object [ffff88040d8474b0]
[   10.535315]      scan-1141 get_device_data       : No context for object [ffff88040d8474d8]
[   10.535518]     utils-0051 util_eval_error       : Evaluate [\_SB_.PCI0.OHC2.RHUB.PRT4._STA]: AE_NOT_FOUND
[   10.535802] device: 'device:1b': device_add
[   10.535915] bus: 'acpi': add device device:1b
[   10.536001]     utils-0051 util_eval_error       : Evaluate [\_SB_.PCI0.OHC2.RHUB.PRT4._SUN]: AE_NOT_FOUND
[   10.536674]      scan-1933 add_single_object     : Added device:1b [\_SB_.PCI0.OHC2.RHUB.PRT4] parent device:1a
[   10.536674]      scan-1141 get_device_data       : No context for object [ffff88040d847500]
[   10.536674]      scan-1141 get_device_data       : No context for object [ffff88040d847528]
[   10.536837]      scan-1141 get_device_data       : No context for object [ffff88040d847550]
[   10.536995]      scan-1141 get_device_data       : No context for object [ffff88040d82f460]
[   10.537176]     utils-0051 util_eval_error       : Evaluate [\_SB_.PCI0.EHC2._STA]: AE_NOT_FOUND
[   10.537516] device: 'device:1c': device_add
[   10.537585] bus: 'acpi': add device device:1c
[   10.537687]     utils-0051 util_eval_error       : Evaluate [\_SB_.PCI0.EHC2._SUN]: AE_NOT_FOUND
[   10.537944]      scan-1933 add_single_object     : Added device:1c [\_SB_.PCI0.EHC2] parent PNP0A08:00
[   10.538151]      scan-1141 get_device_data       : No context for object [ffff88040d82f488]
[   10.538350]      scan-1141 get_device_data       : No context for object [ffff88040d82f4b0]
[   10.538544]      scan-1141 get_device_data       : No context for object [ffff88040d8471b8]
[   10.538746]     utils-0051 util_eval_error       : Evaluate [\_SB_.PCI0.EHC2.RHUB._STA]: AE_NOT_FOUND
[   10.539009] device: 'device:1d': device_add
[   10.539078] bus: 'acpi': add device device:1d
[   10.539185]     utils-0051 util_eval_error       : Evaluate [\_SB_.PCI0.EHC2.RHUB._SUN]: AE_NOT_FOUND
[   10.539445]      scan-1933 add_single_object     : Added device:1d [\_SB_.PCI0.EHC2.RHUB] parent device:1c
[   10.539651]      scan-1141 get_device_data       : No context for object [ffff88040d8471e0]
[   10.539847]      scan-1141 get_device_data       : No context for object [ffff88040d847208]
[   10.540007]     utils-0051 util_eval_error       : Evaluate [\_SB_.PCI0.EHC2.RHUB.PRT2._STA]: AE_NOT_FOUND
[   10.540262] device: 'device:1e': device_add
[   10.540376] bus: 'acpi': add device device:1e
[   10.540478]     utils-0051 util_eval_error       : Evaluate [\_SB_.PCI0.EHC2.RHUB.PRT2._SUN]: AE_NOT_FOUND
[   10.540740]      scan-1933 add_single_object     : Added device:1e [\_SB_.PCI0.EHC2.RHUB.PRT2] parent device:1d
[   10.540934]      scan-1141 get_device_data       : No context for object [ffff88040d847230]
[   10.541132]      scan-1141 get_device_data       : No context for object [ffff88040d847258]
[   10.541334]      scan-1141 get_device_data       : No context for object [ffff88040d847280]
[   10.541537]      scan-1141 get_device_data       : No context for object [ffff88040d82f4d8]
[   10.541739]     utils-0051 util_eval_error       : Evaluate [\_SB_.PCI0.OHC3._STA]: AE_NOT_FOUND
[   10.542071] device: 'device:1f': device_add
[   10.542135] bus: 'acpi': add device device:1f
[   10.543292]     utils-0051 util_eval_error       : Evaluate [\_SB_.PCI0.OHC3._SUN]: AE_NOT_FOUND
