[    0.000000] Initializing cgroup subsys cpuset
[    0.000000] Initializing cgroup subsys cpuacct
[    0.000000] Linux version 4.3.3-hardened-r4 (root@ohome) (gcc version 4.9.3 (Gentoo Hardened 4.9.3 p1.2, pie-0.6.3) ) #1 SMP Sun Feb 21 17:29:39 EET 2016
[    0.000000] Command line: BOOT_IMAGE=/kernel-genkernel-x86_64-4.3.3-hardened-r4 root=/dev/mapper/vgall-rootlvol ro crypt_root=UUID=d64ccd6d-b715-474c-9de7-a7c6031c3a69 rd.luks.uuid=d64ccd6d-b715-474c-9de7-a7c6031c3a69 ipv6.disable=1 pnp.debug=1 loglevel=9 log_buf_len=10M printk.always_kmsg_dump=y printk.time=y mminit_loglevel=0 memory_corruption_check=1 nohz=on rcu_nocbs=1-3 fbcon=scrollback:4096k fbcon=font:ProFont6x11 apic=debug earlyprintk=vga dynamic_debug.verbose=1 "dyndbg=file arch/x86/kernel/apic/* +pflmt ; file drivers/video/* +pflmt ; file drivers/acpi/* +pflmt" radeon.lockup_timeout=20000 radeon.test=0 radeon.benchmark=0 radeon.hard_reset=1 radeon.aspm=1 radeon.dynclks=0 apic=debug radeon.dpm=1 radeon.runpm=1 rd.debug rd.udev.debug rd.memdebug=3 net.ifnames=1 dolvm console=tty1 earlyprintk=vga
[    0.000000] tseg: 00cfe00000
[    0.000000] x86/fpu: Legacy x87 FPU detected.
[    0.000000] x86/fpu: Using 'lazy' FPU context switches.
[    0.000000] e820: BIOS-provided physical RAM map:
[    0.000000] BIOS-e820: [mem 0x0000000000000000-0x0000000000099fff] usable
[    0.000000] BIOS-e820: [mem 0x000000000009f800-0x000000000009ffff] reserved
[    0.000000] BIOS-e820: [mem 0x00000000000f0000-0x00000000000fffff] reserved
[    0.000000] BIOS-e820: [mem 0x0000000000100000-0x00000000cfddffff] usable
[    0.000000] BIOS-e820: [mem 0x00000000cfde0000-0x00000000cfde2fff] ACPI NVS
[    0.000000] BIOS-e820: [mem 0x00000000cfde3000-0x00000000cfdeffff] ACPI data
[    0.000000] BIOS-e820: [mem 0x00000000cfdf0000-0x00000000cfdfffff] reserved
[    0.000000] BIOS-e820: [mem 0x00000000e0000000-0x00000000efffffff] reserved
[    0.000000] BIOS-e820: [mem 0x00000000fec00000-0x00000000ffffffff] reserved
[    0.000000] BIOS-e820: [mem 0x0000000100000000-0x000000022fffffff] usable
[    0.000000] bootconsole [earlyvga0] enabled
[    0.000000] NX (Execute Disable) protection: active
[    0.000000] SMBIOS 2.4 present.
[    0.000000] DMI: Gigabyte Technology Co., Ltd. GA-MA790FXT-UD5P/GA-MA790FXT-UD5P, BIOS F8n 01/07/2011
[    0.000000] e820: update [mem 0x00000000-0x00000fff] usable ==> reserved
[    0.000000] e820: remove [mem 0x000a0000-0x000fffff] usable
[    0.000000] AGP: No AGP bridge found
[    0.000000] e820: last_pfn = 0x230000 max_arch_pfn = 0x400000000
[    0.000000] MTRR default type: uncachable
[    0.000000] MTRR fixed ranges enabled:
[    0.000000]   00000-9FFFF write-back
[    0.000000]   A0000-BFFFF uncachable
[    0.000000]   C0000-C7FFF write-protect
[    0.000000]   C8000-FFFFF uncachable
[    0.000000] MTRR variable ranges enabled:
[    0.000000]   0 base 000000000000 mask FFFF80000000 write-back
[    0.000000]   1 base 000080000000 mask FFFFC0000000 write-back
[    0.000000]   2 base 0000C0000000 mask FFFFF0000000 write-back
[    0.000000]   3 base 0000CFE00000 mask FFFFFFE00000 uncachable
[    0.000000]   4 base 000100000000 mask FFFF00000000 write-back
[    0.000000]   5 base 000200000000 mask FFFFE0000000 write-back
[    0.000000]   6 base 000220000000 mask FFFFF0000000 write-back
[    0.000000]   7 disabled
[    0.000000] TOM2: 0000000230000000 aka 8960M
[    0.000000] x86/PAT: Configuration [0-7]: WB  WC  UC- UC  WB  WC  UC- WT  
[    0.000000] e820: update [mem 0xcfe00000-0xffffffff] usable ==> reserved
[    0.000000] e820: last_pfn = 0xcfde0 max_arch_pfn = 0x400000000
[    0.000000] Scan for SMP in [mem 0x00000000-0x000003ff]
[    0.000000] Scan for SMP in [mem 0x0009fc00-0x0009ffff]
[    0.000000] Scan for SMP in [mem 0x000f0000-0x000fffff]
[    0.000000] found SMP MP-table at [mem 0x000f4760-0x000f476f] mapped at [ffff8800000f4760]
[    0.000000]   mpc: f1ab4-f1c50
[    0.000000] Base memory trampoline at [ffff880000094000] 94000 size 24576
[    0.000000] Using GB pages for direct mapping
[    0.000000] init_memory_mapping: [mem 0x00000000-0x000fffff]
[    0.000000]  [mem 0x00000000-0x000fffff] page 4k
[    0.000000] init_memory_mapping: [mem 0x22fe00000-0x22fffffff]
[    0.000000]  [mem 0x22fe00000-0x22fffffff] page 2M
[    0.000000] BRK [0x01c40000, 0x01c40fff] PGTABLE
[    0.000000] init_memory_mapping: [mem 0x220000000-0x22fdfffff]
[    0.000000]  [mem 0x220000000-0x22fdfffff] page 2M
[    0.000000] init_memory_mapping: [mem 0x200000000-0x21fffffff]
[    0.000000]  [mem 0x200000000-0x21fffffff] page 2M
[    0.000000] init_memory_mapping: [mem 0x00100000-0xcfddffff]
[    0.000000]  [mem 0x00100000-0x001fffff] page 4k
[    0.000000]  [mem 0x00200000-0x3fffffff] page 2M
[    0.000000]  [mem 0x40000000-0xbfffffff] page 1G
[    0.000000]  [mem 0xc0000000-0xcfbfffff] page 2M
[    0.000000]  [mem 0xcfc00000-0xcfddffff] page 4k
[    0.000000] init_memory_mapping: [mem 0x100000000-0x1ffffffff]
[    0.000000]  [mem 0x100000000-0x1ffffffff] page 1G
[    0.000000] log_buf_len: 16777216 bytes
[    0.000000] early log buf free: 27676(84%)
[    0.000000] RAMDISK: [mem 0x36c5a000-0x37624fff]
[    0.000000] ACPI: Early table checksum verification disabled
[    0.000000] ACPI: RSDP 0x00000000000F6150 000014 (v00 GBT   )
[    0.000000] ACPI: RSDT 0x00000000CFDE3000 00003C (v01 GBT    GBTUACPI 42302E31 GBTU 01010101)
[    0.000000] ACPI: FACP 0x00000000CFDE3040 000074 (v01 GBT    GBTUACPI 42302E31 GBTU 01010101)
[    0.000000] ACPI: DSDT 0x00000000CFDE30C0 006BF2 (v01 GBT    GBTUACPI 00001000 MSFT 03000000)
[    0.000000] ACPI: FACS 0x00000000CFDE0000 000040
[    0.000000] ACPI: SSDT 0x00000000CFDE9D80 00088C (v01 PTLTD  POWERNOW 00000001  LTP 00000001)
[    0.000000] ACPI: HPET 0x00000000CFDEA640 000038 (v01 GBT    GBTUACPI 42302E31 GBTU 00000098)
[    0.000000] ACPI: MCFG 0x00000000CFDEA680 00003C (v01 GBT    GBTUACPI 42302E31 GBTU 01010101)
[    0.000000] ACPI: TAMG 0x00000000CFDEA6C0 000202 (v01 GBT    GBT   B0 5455312E BG?? 53450101)
[    0.000000] ACPI: APIC 0x00000000CFDE9CC0 0000BC (v01 GBT    GBTUACPI 42302E31 GBTU 01010101)
[    0.000000] ACPI: Local APIC address 0xfee00000
[    0.000000] mapped APIC to ffffffffff5fd000 (        fee00000)
[    0.000000]  [ffffea0000000000-ffffea0008bfffff] PMD -> [ffff880226600000-ffff88022e5fffff] on node 0
[    0.000000] Zone ranges:
[    0.000000]   DMA      [mem 0x0000000000001000-0x0000000000ffffff]
[    0.000000]   DMA32    [mem 0x0000000001000000-0x00000000ffffffff]
[    0.000000]   Normal   [mem 0x0000000100000000-0x000000022fffffff]
[    0.000000] Movable zone start for each node
[    0.000000] Early memory node ranges
[    0.000000]   node   0: [mem 0x0000000000001000-0x0000000000099fff]
[    0.000000]   node   0: [mem 0x0000000000100000-0x00000000cfddffff]
[    0.000000]   node   0: [mem 0x0000000100000000-0x000000022fffffff]
[    0.000000] Initmem setup node 0 [mem 0x0000000000001000-0x000000022fffffff]
[    0.000000] On node 0 totalpages: 2096505
[    0.000000]   DMA zone: 64 pages used for memmap
[    0.000000]   DMA zone: 21 pages reserved
[    0.000000]   DMA zone: 3993 pages, LIFO batch:0
[    0.000000]   DMA32 zone: 13240 pages used for memmap
[    0.000000]   DMA32 zone: 847328 pages, LIFO batch:31
[    0.000000]   Normal zone: 19456 pages used for memmap
[    0.000000]   Normal zone: 1245184 pages, LIFO batch:31
[    0.000000] ACPI: PM-Timer IO Port: 0x4008
[    0.000000] ACPI: Local APIC address 0xfee00000
[    0.000000] mapped APIC to ffffffffff5fd000 (        fee00000)
[    0.000000] ACPI: LAPIC_NMI (acpi_id[0x00] dfl dfl lint[0x1])
[    0.000000] ACPI: LAPIC_NMI (acpi_id[0x01] dfl dfl lint[0x1])
[    0.000000] ACPI: LAPIC_NMI (acpi_id[0x02] dfl dfl lint[0x1])
[    0.000000] ACPI: LAPIC_NMI (acpi_id[0x03] dfl dfl lint[0x1])
[    0.000000] ACPI: LAPIC_NMI (acpi_id[0x04] dfl dfl lint[0x1])
[    0.000000] ACPI: LAPIC_NMI (acpi_id[0x05] dfl dfl lint[0x1])
[    0.000000] ACPI: LAPIC_NMI (acpi_id[0x06] dfl dfl lint[0x1])
[    0.000000] ACPI: LAPIC_NMI (acpi_id[0x07] dfl dfl lint[0x1])
[    0.000000] IOAPIC[0]: apic_id 2, version 33, address 0xfec00000, GSI 0-23
[    0.000000] ACPI: INT_SRC_OVR (bus 0 bus_irq 0 global_irq 2 dfl dfl)
[    0.000000] Int: type 0, pol 0, trig 0, bus 00, IRQ 00, APIC ID 2, APIC INT 02
[    0.000000] ACPI: INT_SRC_OVR (bus 0 bus_irq 9 global_irq 9 low level)
[    0.000000] Int: type 0, pol 3, trig 3, bus 00, IRQ 09, APIC ID 2, APIC INT 09
[    0.000000] ACPI: IRQ0 used by override.
[    0.000000] Int: type 0, pol 0, trig 0, bus 00, IRQ 01, APIC ID 2, APIC INT 01
[    0.000000] Int: type 0, pol 0, trig 0, bus 00, IRQ 03, APIC ID 2, APIC INT 03
[    0.000000] Int: type 0, pol 0, trig 0, bus 00, IRQ 04, APIC ID 2, APIC INT 04
[    0.000000] Int: type 0, pol 0, trig 0, bus 00, IRQ 05, APIC ID 2, APIC INT 05
[    0.000000] Int: type 0, pol 0, trig 0, bus 00, IRQ 06, APIC ID 2, APIC INT 06
[    0.000000] Int: type 0, pol 0, trig 0, bus 00, IRQ 07, APIC ID 2, APIC INT 07
[    0.000000] Int: type 0, pol 0, trig 0, bus 00, IRQ 08, APIC ID 2, APIC INT 08
[    0.000000] ACPI: IRQ9 used by override.
[    0.000000] Int: type 0, pol 0, trig 0, bus 00, IRQ 0a, APIC ID 2, APIC INT 0a
[    0.000000] Int: type 0, pol 0, trig 0, bus 00, IRQ 0b, APIC ID 2, APIC INT 0b
[    0.000000] Int: type 0, pol 0, trig 0, bus 00, IRQ 0c, APIC ID 2, APIC INT 0c
[    0.000000] Int: type 0, pol 0, trig 0, bus 00, IRQ 0d, APIC ID 2, APIC INT 0d
[    0.000000] Int: type 0, pol 0, trig 0, bus 00, IRQ 0e, APIC ID 2, APIC INT 0e
[    0.000000] Int: type 0, pol 0, trig 0, bus 00, IRQ 0f, APIC ID 2, APIC INT 0f
[    0.000000] Using ACPI (MADT) for SMP configuration information
[    0.000000] ACPI: HPET id: 0x10b9a201 base: 0xfed00000
[    0.000000] smpboot: Allowing 8 CPUs, 4 hotplug CPUs
[    0.000000] mapped IOAPIC to ffffffffff5fc000 (fec00000)
[    0.000000] PM: Registered nosave memory: [mem 0x00000000-0x00000fff]
[    0.000000] PM: Registered nosave memory: [mem 0x0009a000-0x0009ffff]
[    0.000000] PM: Registered nosave memory: [mem 0x000a0000-0x000effff]
[    0.000000] PM: Registered nosave memory: [mem 0x000f0000-0x000fffff]
[    0.000000] PM: Registered nosave memory: [mem 0xcfde0000-0xcfde2fff]
[    0.000000] PM: Registered nosave memory: [mem 0xcfde3000-0xcfdeffff]
[    0.000000] PM: Registered nosave memory: [mem 0xcfdf0000-0xcfdfffff]
[    0.000000] PM: Registered nosave memory: [mem 0xcfe00000-0xdfffffff]
[    0.000000] PM: Registered nosave memory: [mem 0xe0000000-0xefffffff]
[    0.000000] PM: Registered nosave memory: [mem 0xf0000000-0xfebfffff]
[    0.000000] PM: Registered nosave memory: [mem 0xfec00000-0xffffffff]
[    0.000000] e820: [mem 0xcfe00000-0xdfffffff] available for PCI devices
[    0.000000] clocksource: refined-jiffies: mask: 0xffffffff max_cycles: 0xffffffff, max_idle_ns: 19112604462750000 ns
[    0.000000] setup_percpu: NR_CPUS:32 nr_cpumask_bits:32 nr_cpu_ids:8 nr_node_ids:1
[    0.000000] PERCPU: Embedded 27 pages/cpu @ffff88022ec00000 s73432 r8192 d28968 u262144
[    0.000000] pcpu-alloc: s73432 r8192 d28968 u262144 alloc=1*2097152
[    0.000000] pcpu-alloc: [0] 0 1 2 3 4 5 6 7 
[    0.000000] Built 1 zonelists in Zone order, mobility grouping on.  Total pages: 2063724
[    0.000000] Kernel command line: BOOT_IMAGE=/kernel-genkernel-x86_64-4.3.3-hardened-r4 root=/dev/mapper/vgall-rootlvol ro crypt_root=UUID=d64ccd6d-b715-474c-9de7-a7c6031c3a69 rd.luks.uuid=d64ccd6d-b715-474c-9de7-a7c6031c3a69 ipv6.disable=1 pnp.debug=1 loglevel=9 log_buf_len=10M printk.always_kmsg_dump=y printk.time=y mminit_loglevel=0 memory_corruption_check=1 nohz=on rcu_nocbs=1-3 fbcon=scrollback:4096k fbcon=font:ProFont6x11 apic=debug earlyprintk=vga dynamic_debug.verbose=1 "dyndbg=file arch/x86/kernel/apic/* +pflmt ; file drivers/video/* +pflmt ; file drivers/acpi/* +pflmt" radeon.lockup_timeout=20000 radeon.test=0 radeon.benchmark=0 radeon.hard_reset=1 radeon.aspm=1 radeon.dynclks=0 apic=debug radeon.dpm=1 radeon.runpm=1 rd.debug rd.udev.debug rd.memdebug=3 net.ifnames=1 dolvm console=tty1 earlyprintk=vga
[    0.000000] PID hash table entries: 4096 (order: 3, 32768 bytes)
[    0.000000] Dentry cache hash table entries: 1048576 (order: 11, 8388608 bytes)
[    0.000000] Inode-cache hash table entries: 524288 (order: 10, 4194304 bytes)
[    0.000000] AGP: Checking aperture...
[    0.000000] AGP: No AGP bridge found
[    0.000000] AGP: Node 0: aperture [bus addr 0xfefe000000-0xfeffffffff] (32MB)
[    0.000000] Aperture beyond 4GB. Ignoring.
[    0.000000] AGP: Your BIOS doesn't leave an aperture memory hole
[    0.000000] AGP: Please enable the IOMMU option in the BIOS setup
[    0.000000] AGP: This costs you 64MB of RAM
[    0.000000] AGP: Mapping aperture over RAM [mem 0xc4000000-0xc7ffffff] (65536KB)
[    0.000000] PM: Registered nosave memory: [mem 0xc4000000-0xc7ffffff]
[    0.000000] Memory: 8070992K/8386020K available (7069K kernel code, 729K rwdata, 2940K rodata, 1008K init, 724K bss, 315028K reserved, 0K cma-reserved)
[    0.000000] Hierarchical RCU implementation.
[    0.000000] 	Build-time adjustment of leaf fanout to 64.
[    0.000000] 	RCU restricting CPUs from NR_CPUS=32 to nr_cpu_ids=8.
[    0.000000] RCU: Adjusting geometry for rcu_fanout_leaf=64, nr_cpu_ids=8
[    0.000000] NR_IRQS:4352 nr_irqs:488 16
[    0.000000] spurious 8259A interrupt: IRQ7.
[    0.000000] Console: colour VGA+ 80x25
[    0.000000] console [tty1] enabled
[    0.000000] bootconsole [earlyvga0] disabled
[    0.000000] clocksource: hpet: mask: 0xffffffff max_cycles: 0xffffffff, max_idle_ns: 133484873504 ns
[    0.000000] hpet clockevent registered
[    0.000000] tsc: Fast TSC calibration failed
[    0.000000] tsc: PIT calibration matches HPET. 1 loops
[    0.000000] tsc: Detected 3415.596 MHz processor
[    0.000003] Calibrating delay loop (skipped), value calculated using timer frequency.. 6831.19 BogoMIPS (lpj=34155960)
[    0.000074] pid_max: default: 32768 minimum: 501
[    0.000120] ACPI: Core revision 20150818
[    0.002267] ACPI: 2 ACPI AML tables successfully acquired and loaded
[    0.002476] Mount-cache hash table entries: 16384 (order: 5, 131072 bytes)
[    0.002565] Mountpoint-cache hash table entries: 16384 (order: 5, 131072 bytes)
[    0.002909] Initializing cgroup subsys memory
[    0.003018] CPU: Physical Processor ID: 0
[    0.003106] CPU: Processor Core ID: 0
[    0.003193] mce: CPU supports 6 MCE banks
[    0.003284] LVT offset 0 assigned for vector 0xf9
[    0.003374] process: using AMD E400 aware idle routine
[    0.003462] Last level iTLB entries: 4KB 512, 2MB 16, 4MB 8
[    0.003550] Last level dTLB entries: 4KB 512, 2MB 128, 4MB 64, 1GB 0
[    0.004326] Freeing SMP alternatives memory: 28K (ffffffff81b83000 - ffffffff81b8a000)
[    0.023248] enabled ExtINT on CPU#0
[    0.023691] ENABLING IO-APIC IRQs
[    0.023779] init IO_APIC IRQs
[    0.023867]  apic 2 pin 0 not connected
[    0.023960] IOAPIC[0]: Set routing entry (2-1 -> 0x31 -> IRQ 1 Mode:0 Active:0 Dest:1)
[    0.024105] IOAPIC[0]: Set routing entry (2-2 -> 0x30 -> IRQ 0 Mode:0 Active:0 Dest:1)
[    0.024249] IOAPIC[0]: Set routing entry (2-3 -> 0x33 -> IRQ 3 Mode:0 Active:0 Dest:1)
[    0.024393] IOAPIC[0]: Set routing entry (2-4 -> 0x34 -> IRQ 4 Mode:0 Active:0 Dest:1)
[    0.024537] IOAPIC[0]: Set routing entry (2-5 -> 0x35 -> IRQ 5 Mode:0 Active:0 Dest:1)
[    0.024680] IOAPIC[0]: Set routing entry (2-6 -> 0x36 -> IRQ 6 Mode:0 Active:0 Dest:1)
[    0.024823] IOAPIC[0]: Set routing entry (2-7 -> 0x37 -> IRQ 7 Mode:0 Active:0 Dest:1)
[    0.024967] IOAPIC[0]: Set routing entry (2-8 -> 0x38 -> IRQ 8 Mode:0 Active:0 Dest:1)
[    0.025111] IOAPIC[0]: Set routing entry (2-9 -> 0x39 -> IRQ 9 Mode:1 Active:1 Dest:1)
[    0.025255] IOAPIC[0]: Set routing entry (2-10 -> 0x3a -> IRQ 10 Mode:0 Active:0 Dest:1)
[    0.025399] IOAPIC[0]: Set routing entry (2-11 -> 0x3b -> IRQ 11 Mode:0 Active:0 Dest:1)
[    0.025542] IOAPIC[0]: Set routing entry (2-12 -> 0x3c -> IRQ 12 Mode:0 Active:0 Dest:1)
[    0.025686] IOAPIC[0]: Set routing entry (2-13 -> 0x3d -> IRQ 13 Mode:0 Active:0 Dest:1)
[    0.025830] IOAPIC[0]: Set routing entry (2-14 -> 0x3e -> IRQ 14 Mode:0 Active:0 Dest:1)
[    0.025973] IOAPIC[0]: Set routing entry (2-15 -> 0x3f -> IRQ 15 Mode:0 Active:0 Dest:1)
[    0.026115]  apic 2 pin 16 not connected
[    0.026202]  apic 2 pin 17 not connected
[    0.026290]  apic 2 pin 18 not connected
[    0.026377]  apic 2 pin 19 not connected
[    0.026464]  apic 2 pin 20 not connected
[    0.026551]  apic 2 pin 21 not connected
[    0.026638]  apic 2 pin 22 not connected
[    0.026725]  apic 2 pin 23 not connected
[    0.026941] ..TIMER: vector=0x30 apic1=0 pin1=2 apic2=-1 pin2=-1
[    0.127108] Using local APIC timer interrupts.
               calibrating APIC timer ...
[    0.247186] ... lapic delta = 1255712
[    0.247274] ... PM-Timer delta = 357953
[    0.247361] ... PM-Timer result ok
[    0.247448] ..... delta 1255712
[    0.247535] ..... mult: 53932419
[    0.247622] ..... calibration result: 2009139
[    0.247709] ..... CPU clock speed is 3415.5482 MHz.
[    0.247797] ..... host bus clock speed is 200.9139 MHz.
[    0.247892] smpboot: CPU0: AMD Phenom(tm) II X4 965 Processor (family: 0x10, model: 0x4, stepping: 0x2)
[    0.248146] Performance Events: AMD PMU driver.
[    0.248268] ... version:                0
[    0.248355] ... bit width:              48
[    0.248443] ... generic registers:      4
[    0.248530] ... value mask:             0000ffffffffffff
[    0.248617] ... max period:             00007fffffffffff
[    0.248705] ... fixed-purpose events:   0
[    0.248792] ... event mask:             000000000000000f
[    0.249097] x86: Booting SMP configuration:
[    0.249185] .... node  #0, CPUs:      #1
[    0.260306] masked ExtINT on CPU#1
[    0.262364] process: System has AMD C1E enabled
[    0.262641]  #2
[    0.262641] process: Switch to broadcast mode on CPU1
[    0.273413] masked ExtINT on CPU#2
[    0.275471] process: Switch to broadcast mode on CPU2
[    0.286516]  #3
[    0.286516] masked ExtINT on CPU#3
[    0.288556] x86: Booted up 1 node, 4 CPUs
[    0.288574] process: Switch to broadcast mode on CPU3
[    0.288905] smpboot: Total of 4 processors activated (27324.76 BogoMIPS)
[    0.293145] process: Switch to broadcast mode on CPU0
[    0.293403] devtmpfs: initialized
[    0.293504] device: 'platform': device_add
[    0.293599] PM: Adding info for No Bus:platform
[    0.293694] bus: 'platform': registered
[    0.293788] bus: 'cpu': registered
[    0.293875] device: 'cpu': device_add
[    0.293970] PM: Adding info for No Bus:cpu
[    0.294063] bus: 'container': registered
[    0.294151] device: 'container': device_add
[    0.294243] PM: Adding info for No Bus:container
[    0.294777] PM: Registering ACPI NVS region [mem 0xcfde0000-0xcfde2fff] (12288 bytes)
[    0.294945] bus: 'workqueue': registered
[    0.295034] device: 'workqueue': device_add
[    0.295125] PM: Adding info for No Bus:workqueue
[    0.295257] clocksource: jiffies: mask: 0xffffffff max_cycles: 0xffffffff, max_idle_ns: 19112604462750000 ns
[    0.295495] xor: measuring software checksum speed
[    0.392746]    prefetch64-sse: 13708.800 MB/sec
[    0.492810]    generic_sse: 12948.000 MB/sec
[    0.492898] xor: using function: prefetch64-sse (13708.800 MB/sec)
[    0.493090] NET: Registered protocol family 16
[    0.493341] device class 'bdi': registering
[    0.493451] device class 'pci_bus': registering
[    0.493550] bus: 'pci': registered
[    0.493639] device class 'backlight': registering
[    0.493730] device class 'tty': registering
[    0.493820] device class 'vtconsole': registering
[    0.493910] device: 'vtcon0': device_add
[    0.494007] PM: Adding info for No Bus:vtcon0
[    0.494109] bus: 'i2c': registered
[    0.494198] bus: 'i2c': add driver dummy
[    0.523119] cpuidle: using governor ladder
[    0.553137] cpuidle: using governor menu
[    0.553228] node 0 link 0: io port [b000, ffff]
[    0.553316] TOM: 00000000d0000000 aka 3328M
[    0.553405] Fam 10h mmconf [mem 0xe0000000-0xe00fffff]
[    0.553493] node 0 link 0: mmio [a0000, bffff]
[    0.553614] node 0 link 0: mmio [d0000000, dfffffff]
[    0.553734] node 0 link 0: mmio [f0000000, fe02ffff]
[    0.553854] node 0 link 0: mmio [e0000000, e04fffff] ==> [e0100000, e04fffff]
[    0.554008] TOM2: 0000000230000000 aka 8960M
[    0.554096] bus: [bus 00-04] on node 0 link 0
[    0.554183] bus: 00 [io  0x0000-0xffff]
[    0.554271] bus: 00 [mem 0x000a0000-0x000bffff]
[    0.554358] bus: 00 [mem 0xd0000000-0xdfffffff]
[    0.554445] bus: 00 [mem 0xe0500000-0xffffffff]
[    0.554533] bus: 00 [mem 0xe0100000-0xe04fffff]
[    0.554620] bus: 00 [mem 0x230000000-0xfcffffffff]
[    0.554916] ACPI: bus type PCI registered
[    0.555021] device class 'dma': registering
[    0.555118] device class 'dmi': registering
[    0.555209] device: 'id': device_add
[    0.555314] PM: Adding info for No Bus:id
[    0.555417] PCI: MMCONFIG for domain 0000 [bus 00-ff] at [mem 0xe0000000-0xefffffff] (base 0xe0000000)
[    0.555560] PCI: MMCONFIG at [mem 0xe0000000-0xefffffff] reserved in E820
[    0.555659] PCI: Using configuration type 1 for base access
[    0.555935] device: 'cpu0': device_add
[    0.556024] bus: 'cpu': add device cpu0
[    0.556116] PM: Adding info for cpu:cpu0
[    0.556217] device: 'cpu1': device_add
[    0.556307] bus: 'cpu': add device cpu1
[    0.556399] PM: Adding info for cpu:cpu1
[    0.556497] device: 'cpu2': device_add
[    0.556587] bus: 'cpu': add device cpu2
[    0.556678] PM: Adding info for cpu:cpu2
[    0.556776] device: 'cpu3': device_add
[    0.556866] bus: 'cpu': add device cpu3
[    0.556957] PM: Adding info for cpu:cpu3
[    0.583246] device: 'writeback': device_add
[    0.583343] bus: 'workqueue': add device writeback
[    0.583438] PM: Adding info for workqueue:writeback
[    0.583653] device class 'block': registering
[    0.752982] raid6: sse2x1   gen()  4382 MB/s
[    0.923084] raid6: sse2x1   xor()  4449 MB/s
[    1.093203] raid6: sse2x2   gen()  6941 MB/s
[    1.263305] raid6: sse2x2   xor()  7216 MB/s
[    1.433416] raid6: sse2x4   gen()  8567 MB/s
[    1.603525] raid6: sse2x4   xor()  3884 MB/s
[    1.603612] raid6: using algorithm sse2x4 gen() 8567 MB/s
[    1.603700] raid6: .... xor() 3884 MB/s, rmw enabled
[    1.603787] raid6: using intx1 recovery algorithm
[    1.603885] device class 'graphics': registering
[    1.604007] ACPI: Added _OSI(Module Device)
[    1.604095] ACPI: Added _OSI(Processor Device)
[    1.604182] ACPI: Added _OSI(3.0 _SCP Extensions)
[    1.604270] ACPI: Added _OSI(Processor Aggregator Device)
[    1.609454] ACPI: Interpreter enabled
[    1.609549] ACPI Exception: AE_NOT_FOUND, While evaluating Sleep State [\_S1_] (20150818/hwxface-580)
[    1.609758] ACPI Exception: AE_NOT_FOUND, While evaluating Sleep State [\_S2_] (20150818/hwxface-580)
[    1.609974] ACPI: (supports S0 S3 S4 S5)
[    1.610061] ACPI: Using IOAPIC for interrupt routing
[    1.610197] bus: 'acpi': registered
[    1.610286] PCI: Using host bridge windows from ACPI; if necessary, use "pci=nocrs" and report a bug
[    1.610446] device: 'LNXSYSTM:00': device_add
[    1.610535] bus: 'acpi': add device LNXSYSTM:00
[    1.610628] PM: Adding info for acpi:LNXSYSTM:00
[    1.610737] device: 'LNXCPU:00': device_add
[    1.610827] bus: 'acpi': add device LNXCPU:00
[    1.610918] PM: Adding info for acpi:LNXCPU:00
[    1.611016] device: 'LNXCPU:01': device_add
[    1.611105] bus: 'acpi': add device LNXCPU:01
[    1.611196] PM: Adding info for acpi:LNXCPU:01
[    1.611294] device: 'LNXCPU:02': device_add
[    1.611382] bus: 'acpi': add device LNXCPU:02
[    1.611474] PM: Adding info for acpi:LNXCPU:02
[    1.611571] device: 'LNXCPU:03': device_add
[    1.611660] bus: 'acpi': add device LNXCPU:03
[    1.611751] PM: Adding info for acpi:LNXCPU:03
[    1.611849] device: 'LNXCPU:04': device_add
[    1.611937] bus: 'acpi': add device LNXCPU:04
[    1.612029] PM: Adding info for acpi:LNXCPU:04
[    1.612125] device: 'LNXCPU:05': device_add
[    1.612215] bus: 'acpi': add device LNXCPU:05
[    1.612307] PM: Adding info for acpi:LNXCPU:05
[    1.612403] device: 'LNXCPU:06': device_add
[    1.612491] bus: 'acpi': add device LNXCPU:06
[    1.612583] PM: Adding info for acpi:LNXCPU:06
[    1.612679] device: 'LNXCPU:07': device_add
[    1.612767] bus: 'acpi': add device LNXCPU:07
[    1.612859] PM: Adding info for acpi:LNXCPU:07
[    1.612962] device: 'LNXSYBUS:00': device_add
[    1.613051] bus: 'acpi': add device LNXSYBUS:00
[    1.613143] PM: Adding info for acpi:LNXSYBUS:00
[    1.613256] device: 'PNP0C0C:00': device_add
[    1.613345] bus: 'acpi': add device PNP0C0C:00
[    1.613437] PM: Adding info for acpi:PNP0C0C:00
[    1.613591] device: 'PNP0A03:00': device_add
[    1.613681] bus: 'acpi': add device PNP0A03:00
[    1.613773] PM: Adding info for acpi:PNP0A03:00
[    1.613881] device: 'PNP0C02:00': device_add
[    1.613970] bus: 'acpi': add device PNP0C02:00
[    1.614062] PM: Adding info for acpi:PNP0C02:00
[    1.614169] device: 'device:00': device_add
[    1.614257] bus: 'acpi': add device device:00
[    1.614350] PM: Adding info for acpi:device:00
[    1.614466] device: 'device:01': device_add
[    1.614555] bus: 'acpi': add device device:01
[    1.614647] PM: Adding info for acpi:device:01
[    1.614764] device: 'device:02': device_add
[    1.614853] bus: 'acpi': add device device:02
[    1.614945] PM: Adding info for acpi:device:02
[    1.615061] device: 'device:03': device_add
[    1.615150] bus: 'acpi': add device device:03
[    1.615243] PM: Adding info for acpi:device:03
[    1.615359] device: 'device:04': device_add
[    1.615449] bus: 'acpi': add device device:04
[    1.615541] PM: Adding info for acpi:device:04
[    1.615657] device: 'device:05': device_add
[    1.615746] bus: 'acpi': add device device:05
[    1.615838] PM: Adding info for acpi:device:05
[    1.615955] device: 'device:06': device_add
[    1.616044] bus: 'acpi': add device device:06
[    1.616136] PM: Adding info for acpi:device:06
[    1.616252] device: 'device:07': device_add
[    1.616341] bus: 'acpi': add device device:07
[    1.616433] PM: Adding info for acpi:device:07
[    1.616542] device: 'device:08': device_add
[    1.616631] bus: 'acpi': add device device:08
[    1.616723] PM: Adding info for acpi:device:08
[    1.616827] device: 'device:09': device_add
[    1.616915] bus: 'acpi': add device device:09
[    1.617007] PM: Adding info for acpi:device:09
[    1.617118] device: 'device:0a': device_add
[    1.617207] bus: 'acpi': add device device:0a
[    1.617299] PM: Adding info for acpi:device:0a
[    1.617552] device: 'device:0b': device_add
[    1.617642] bus: 'acpi': add device device:0b
[    1.617734] PM: Adding info for acpi:device:0b
[    1.617896] device: 'device:0c': device_add
[    1.617985] bus: 'acpi': add device device:0c
[    1.618077] PM: Adding info for acpi:device:0c
[    1.618190] device: 'device:0d': device_add
[    1.618279] bus: 'acpi': add device device:0d
[    1.618370] PM: Adding info for acpi:device:0d
[    1.618532] device: 'device:0e': device_add
[    1.618621] bus: 'acpi': add device device:0e
[    1.618713] PM: Adding info for acpi:device:0e
[    1.618868] device: 'device:0f': device_add
[    1.618958] bus: 'acpi': add device device:0f
[    1.619050] PM: Adding info for acpi:device:0f
[    1.619157] device: 'device:10': device_add
[    1.619246] bus: 'acpi': add device device:10
[    1.619338] PM: Adding info for acpi:device:10
[    1.619443] device: 'PNP0C02:01': device_add
[    1.619531] bus: 'acpi': add device PNP0C02:01
[    1.619623] PM: Adding info for acpi:PNP0C02:01
[    1.619750] device: 'PNP0C0F:00': device_add
[    1.619839] bus: 'acpi': add device PNP0C0F:00
[    1.619931] PM: Adding info for acpi:PNP0C0F:00
[    1.620055] device: 'PNP0C0F:01': device_add
[    1.620144] bus: 'acpi': add device PNP0C0F:01
[    1.620235] PM: Adding info for acpi:PNP0C0F:01
[    1.620359] device: 'PNP0C0F:02': device_add
[    1.620448] bus: 'acpi': add device PNP0C0F:02
[    1.620540] PM: Adding info for acpi:PNP0C0F:02
[    1.620664] device: 'PNP0C0F:03': device_add
[    1.620752] bus: 'acpi': add device PNP0C0F:03
[    1.620844] PM: Adding info for acpi:PNP0C0F:03
[    1.620968] device: 'PNP0C0F:04': device_add
[    1.621057] bus: 'acpi': add device PNP0C0F:04
[    1.621149] PM: Adding info for acpi:PNP0C0F:04
[    1.621272] device: 'PNP0C0F:05': device_add
[    1.621362] bus: 'acpi': add device PNP0C0F:05
[    1.621454] PM: Adding info for acpi:PNP0C0F:05
[    1.621578] device: 'PNP0C0F:06': device_add
[    1.621667] bus: 'acpi': add device PNP0C0F:06
[    1.621759] PM: Adding info for acpi:PNP0C0F:06
[    1.621883] device: 'PNP0C0F:07': device_add
[    1.621972] bus: 'acpi': add device PNP0C0F:07
[    1.622066] PM: Adding info for acpi:PNP0C0F:07
[    1.622173] device: 'PNP0000:00': device_add
[    1.622262] bus: 'acpi': add device PNP0000:00
[    1.622353] PM: Adding info for acpi:PNP0000:00
[    1.622459] device: 'PNP0200:00': device_add
[    1.622548] bus: 'acpi': add device PNP0200:00
[    1.622640] PM: Adding info for acpi:PNP0200:00
[    1.622747] device: 'PNP0100:00': device_add
[    1.622836] bus: 'acpi': add device PNP0100:00
[    1.622928] PM: Adding info for acpi:PNP0100:00
[    1.623054] device: 'PNP0103:00': device_add
[    1.623143] bus: 'acpi': add device PNP0103:00
[    1.623236] PM: Adding info for acpi:PNP0103:00
[    1.623344] device: 'PNP0B00:00': device_add
[    1.623432] bus: 'acpi': add device PNP0B00:00
[    1.623540] PM: Adding info for acpi:PNP0B00:00
[    1.623645] device: 'PNP0800:00': device_add
[    1.623734] bus: 'acpi': add device PNP0800:00
[    1.623827] PM: Adding info for acpi:PNP0800:00
[    1.623933] device: 'PNP0C04:00': device_add
[    1.624022] bus: 'acpi': add device PNP0C04:00
[    1.624114] PM: Adding info for acpi:PNP0C04:00
[    1.624239] device: 'device:11': device_add
[    1.624328] bus: 'acpi': add device device:11
[    1.624420] PM: Adding info for acpi:device:11
[    1.624525] device: 'device:12': device_add
[    1.624614] bus: 'acpi': add device device:12
[    1.624706] PM: Adding info for acpi:device:12
[    1.624813] device: 'device:13': device_add
[    1.624902] bus: 'acpi': add device device:13
[    1.624995] PM: Adding info for acpi:device:13
[    1.625098] device: 'device:14': device_add
[    1.625186] bus: 'acpi': add device device:14
[    1.625279] PM: Adding info for acpi:device:14
[    1.625381] device: 'device:15': device_add
[    1.625470] bus: 'acpi': add device device:15
[    1.625562] PM: Adding info for acpi:device:15
[    1.625665] device: 'device:16': device_add
[    1.625754] bus: 'acpi': add device device:16
[    1.625846] PM: Adding info for acpi:device:16
[    1.625949] device: 'device:17': device_add
[    1.626038] bus: 'acpi': add device device:17
[    1.626130] PM: Adding info for acpi:device:17
[    1.626233] device: 'device:18': device_add
[    1.626321] bus: 'acpi': add device device:18
[    1.626413] PM: Adding info for acpi:device:18
[    1.626527] device: 'device:19': device_add
[    1.626616] bus: 'acpi': add device device:19
[    1.626708] PM: Adding info for acpi:device:19
[    1.626820] device: 'device:1a': device_add
[    1.626910] bus: 'acpi': add device device:1a
[    1.627002] PM: Adding info for acpi:device:1a
[    1.627114] device: 'device:1b': device_add
[    1.627203] bus: 'acpi': add device device:1b
[    1.628861] PM: Adding info for acpi:device:1b
[    1.628974] device: 'device:1c': device_add
[    1.629063] bus: 'acpi': add device device:1c
[    1.629155] PM: Adding info for acpi:device:1c
[    1.629267] device: 'device:1d': device_add
[    1.629356] bus: 'acpi': add device device:1d
[    1.629448] PM: Adding info for acpi:device:1d
[    1.629561] device: 'device:1e': device_add
[    1.629650] bus: 'acpi': add device device:1e
[    1.629742] PM: Adding info for acpi:device:1e
[    1.629855] device: 'device:1f': device_add
[    1.629944] bus: 'acpi': add device device:1f
[    1.630036] PM: Adding info for acpi:device:1f
[    1.630150] device: 'device:20': device_add
[    1.630239] bus: 'acpi': add device device:20
[    1.630331] PM: Adding info for acpi:device:20
[    1.630443] device: 'device:21': device_add
[    1.630532] bus: 'acpi': add device device:21
[    1.630625] PM: Adding info for acpi:device:21
[    1.630738] device: 'device:22': device_add
[    1.630827] bus: 'acpi': add device device:22
[    1.630919] PM: Adding info for acpi:device:22
[    1.631032] device: 'device:23': device_add
[    1.631121] bus: 'acpi': add device device:23
[    1.631213] PM: Adding info for acpi:device:23
[    1.631429] device: 'PNP0700:00': device_add
[    1.631518] bus: 'acpi': add device PNP0700:00
[    1.631611] PM: Adding info for acpi:PNP0700:00
[    1.631828] device: 'PNP0501:00': device_add
[    1.631917] bus: 'acpi': add device PNP0501:00
[    1.632010] PM: Adding info for acpi:PNP0501:00
[    1.632248] device: 'PNP0400:00': device_add
[    1.632338] bus: 'acpi': add device PNP0400:00
[    1.632432] PM: Adding info for acpi:PNP0400:00
[    1.632629] device: 'PNP0401:00': device_add
[    1.632718] bus: 'acpi': add device PNP0401:00
[    1.632810] PM: Adding info for acpi:PNP0401:00
[    1.632944] device: 'PNP0F13:00': device_add
[    1.633034] bus: 'acpi': add device PNP0F13:00
[    1.633127] PM: Adding info for acpi:PNP0F13:00
[    1.633258] device: 'PNP0303:00': device_add
[    1.633348] bus: 'acpi': add device PNP0303:00
[    1.633440] PM: Adding info for acpi:PNP0303:00
[    1.633581] device: 'PNP0C02:02': device_add
[    1.633670] bus: 'acpi': add device PNP0C02:02
[    1.633763] PM: Adding info for acpi:PNP0C02:02
[    1.633872] device: 'PNP0C02:03': device_add
[    1.633961] bus: 'acpi': add device PNP0C02:03
[    1.634053] PM: Adding info for acpi:PNP0C02:03
[    1.634159] device: 'PNP0C01:00': device_add
[    1.634248] bus: 'acpi': add device PNP0C01:00
[    1.634340] PM: Adding info for acpi:PNP0C01:00
[    1.634444] device: 'LNXSYBUS:01': device_add
[    1.634533] bus: 'acpi': add device LNXSYBUS:01
[    1.634626] PM: Adding info for acpi:LNXSYBUS:01
[    1.634782] device: 'PNP0C14:00': device_add
[    1.634871] bus: 'acpi': add device PNP0C14:00
[    1.634963] PM: Adding info for acpi:PNP0C14:00
[    1.635106] device: 'AWY0001:00': device_add
[    1.635195] bus: 'acpi': add device AWY0001:00
[    1.635287] PM: Adding info for acpi:AWY0001:00
[    1.635433] Registering platform device 'PNP0C0C:00'. Parent at platform
[    1.635522] device: 'PNP0C0C:00': device_add
[    1.635612] bus: 'platform': add device PNP0C0C:00
[    1.635706] PM: Adding info for platform:PNP0C0C:00
[    1.635832] ACPI: PCI Root Bridge [PCI0] (domain 0000 [bus 00-ff])
[    1.635923] acpi PNP0A03:00: _OSC: OS supports [ExtendedConfig ASPM ClockPM Segments MSI]
[    1.636067] acpi PNP0A03:00: _OSC failed (AE_NOT_FOUND); disabling ASPM
[    1.636183] device: 'pci0000:00': device_add
[    1.636284] PM: Adding info for No Bus:pci0000:00
[    1.636372] device: '0000:00': device_add
[    1.636469] PM: Adding info for No Bus:0000:00
[    1.636560] PCI host bridge to bus 0000:00
[    1.636648] pci_bus 0000:00: root bus resource [bus 00-ff]
[    1.636736] pci_bus 0000:00: root bus resource [io  0x0000-0x0cf7 window]
[    1.636825] pci_bus 0000:00: root bus resource [io  0x0d00-0xffff window]
[    1.636913] pci_bus 0000:00: root bus resource [mem 0x000a0000-0x000bffff window]
[    1.637054] pci_bus 0000:00: root bus resource [mem 0x000c0000-0x000dffff window]
[    1.637196] pci_bus 0000:00: root bus resource [mem 0xcff00000-0xfebfffff window]
[    1.637344] pci 0000:00:00.0: [1002:5956] type 00 class 0x060000
[    1.637443] pci 0000:00:00.0: [Firmware Bug]: reg 0x1c: invalid BAR (can't size)
[    1.637599] device: '0000:00:00.0': device_add
[    1.637711] bus: 'pci': add device 0000:00:00.0
[    1.637814] PM: Adding info for pci:0000:00:00.0
[    1.637911] pci 0000:00:02.0: [1002:5978] type 01 class 0x060400
[    1.638025] pci 0000:00:02.0: PME# supported from D0 D3hot D3cold
[    1.638116] device: '0000:00:02.0': device_add
[    1.638232] pci 0000:00:02.0: System wakeup disabled by ACPI
[    1.638322] bus: 'pci': add device 0000:00:02.0
[    1.638430] PM: Adding info for pci:0000:00:02.0
[    1.638530] pci 0000:00:07.0: [1002:597d] type 01 class 0x060400
[    1.638642] pci 0000:00:07.0: PME# supported from D0 D3hot D3cold
[    1.638733] device: '0000:00:07.0': device_add
[    1.638847] pci 0000:00:07.0: System wakeup disabled by ACPI
[    1.638937] bus: 'pci': add device 0000:00:07.0
[    1.639045] PM: Adding info for pci:0000:00:07.0
[    1.639141] pci 0000:00:09.0: [1002:597e] type 01 class 0x060400
[    1.639253] pci 0000:00:09.0: PME# supported from D0 D3hot D3cold
[    1.639344] device: '0000:00:09.0': device_add
[    1.639458] pci 0000:00:09.0: System wakeup disabled by ACPI
[    1.639548] bus: 'pci': add device 0000:00:09.0
[    1.639655] PM: Adding info for pci:0000:00:09.0
[    1.639763] pci 0000:00:11.0: [1002:4391] type 00 class 0x010601
[    1.639874] pci 0000:00:11.0: reg 0x10: [io  0xff00-0xff07]
[    1.639970] pci 0000:00:11.0: reg 0x14: [io  0xfe00-0xfe03]
[    1.640066] pci 0000:00:11.0: reg 0x18: [io  0xfd00-0xfd07]
[    1.640161] pci 0000:00:11.0: reg 0x1c: [io  0xfc00-0xfc03]
[    1.640257] pci 0000:00:11.0: reg 0x20: [io  0xfb00-0xfb0f]
[    1.640353] pci 0000:00:11.0: reg 0x24: [mem 0xfe02f000-0xfe02f3ff]
[    1.640469] device: '0000:00:11.0': device_add
[    1.640584] bus: 'pci': add device 0000:00:11.0
[    1.640687] PM: Adding info for pci:0000:00:11.0
[    1.640783] pci 0000:00:12.0: [1002:4397] type 00 class 0x0c0310
[    1.640885] pci 0000:00:12.0: reg 0x10: [mem 0xfe02e000-0xfe02efff]
[    1.641025] device: '0000:00:12.0': device_add
[    1.641139] pci 0000:00:12.0: System wakeup disabled by ACPI
[    1.641229] bus: 'pci': add device 0000:00:12.0
[    1.641337] PM: Adding info for pci:0000:00:12.0
[    1.641434] pci 0000:00:12.1: [1002:4398] type 00 class 0x0c0310
[    1.641535] pci 0000:00:12.1: reg 0x10: [mem 0xfe02d000-0xfe02dfff]
[    1.641676] device: '0000:00:12.1': device_add
[    1.641790] pci 0000:00:12.1: System wakeup disabled by ACPI
[    1.641880] bus: 'pci': add device 0000:00:12.1
[    1.641988] PM: Adding info for pci:0000:00:12.1
[    1.642087] pci 0000:00:12.2: [1002:4396] type 00 class 0x0c0320
[    1.642199] pci 0000:00:12.2: reg 0x10: [mem 0xfe02c000-0xfe02c0ff]
[    1.642348] pci 0000:00:12.2: supports D1 D2
[    1.642436] pci 0000:00:12.2: PME# supported from D0 D1 D2 D3hot
[    1.642531] device: '0000:00:12.2': device_add
[    1.642645] pci 0000:00:12.2: System wakeup disabled by ACPI
[    1.642735] bus: 'pci': add device 0000:00:12.2
[    1.642841] PM: Adding info for pci:0000:00:12.2
[    1.642943] pci 0000:00:13.0: [1002:4397] type 00 class 0x0c0310
[    1.643045] pci 0000:00:13.0: reg 0x10: [mem 0xfe02b000-0xfe02bfff]
[    1.643185] device: '0000:00:13.0': device_add
[    1.643300] pci 0000:00:13.0: System wakeup disabled by ACPI
[    1.643390] bus: 'pci': add device 0000:00:13.0
[    1.643496] PM: Adding info for pci:0000:00:13.0
[    1.643605] pci 0000:00:13.1: [1002:4398] type 00 class 0x0c0310
[    1.643707] pci 0000:00:13.1: reg 0x10: [mem 0xfe02a000-0xfe02afff]
[    1.643848] device: '0000:00:13.1': device_add
[    1.643963] pci 0000:00:13.1: System wakeup disabled by ACPI
[    1.644053] bus: 'pci': add device 0000:00:13.1
[    1.644162] PM: Adding info for pci:0000:00:13.1
[    1.644262] pci 0000:00:13.2: [1002:4396] type 00 class 0x0c0320
[    1.644373] pci 0000:00:13.2: reg 0x10: [mem 0xfe029000-0xfe0290ff]
[    1.644522] pci 0000:00:13.2: supports D1 D2
[    1.644610] pci 0000:00:13.2: PME# supported from D0 D1 D2 D3hot
[    1.644705] device: '0000:00:13.2': device_add
[    1.644819] pci 0000:00:13.2: System wakeup disabled by ACPI
[    1.644909] bus: 'pci': add device 0000:00:13.2
[    1.645015] PM: Adding info for pci:0000:00:13.2
[    1.645119] pci 0000:00:14.0: [1002:4385] type 00 class 0x0c0500
[    1.645285] device: '0000:00:14.0': device_add
[    1.645399] bus: 'pci': add device 0000:00:14.0
[    1.645501] PM: Adding info for pci:0000:00:14.0
[    1.645600] pci 0000:00:14.1: [1002:439c] type 00 class 0x01018a
[    1.645710] pci 0000:00:14.1: reg 0x10: [io  0x0000-0x0007]
[    1.645805] pci 0000:00:14.1: reg 0x14: [io  0x0000-0x0003]
[    1.645901] pci 0000:00:14.1: reg 0x18: [io  0x0000-0x0007]
[    1.645996] pci 0000:00:14.1: reg 0x1c: [io  0x0000-0x0003]
[    1.646092] pci 0000:00:14.1: reg 0x20: [io  0xfa00-0xfa0f]
[    1.646198] pci 0000:00:14.1: legacy IDE quirk: reg 0x10: [io  0x01f0-0x01f7]
[    1.646287] pci 0000:00:14.1: legacy IDE quirk: reg 0x14: [io  0x03f6]
[    1.646376] pci 0000:00:14.1: legacy IDE quirk: reg 0x18: [io  0x0170-0x0177]
[    1.646464] pci 0000:00:14.1: legacy IDE quirk: reg 0x1c: [io  0x0376]
[    1.646567] device: '0000:00:14.1': device_add
[    1.646681] bus: 'pci': add device 0000:00:14.1
[    1.646784] PM: Adding info for pci:0000:00:14.1
[    1.646882] pci 0000:00:14.2: [1002:4383] type 00 class 0x040300
[    1.646995] pci 0000:00:14.2: reg 0x10: [mem 0xfe024000-0xfe027fff 64bit]
[    1.647135] pci 0000:00:14.2: PME# supported from D0 D3hot D3cold
[    1.647228] device: '0000:00:14.2': device_add
[    1.647342] pci 0000:00:14.2: System wakeup disabled by ACPI
[    1.647432] bus: 'pci': add device 0000:00:14.2
[    1.649105] PM: Adding info for pci:0000:00:14.2
[    1.649202] pci 0000:00:14.3: [1002:439d] type 00 class 0x060100
[    1.649355] device: '0000:00:14.3': device_add
[    1.649469] bus: 'pci': add device 0000:00:14.3
[    1.649571] PM: Adding info for pci:0000:00:14.3
[    1.649668] pci 0000:00:14.4: [1002:4384] type 01 class 0x060401
[    1.649789] device: '0000:00:14.4': device_add
[    1.649903] pci 0000:00:14.4: System wakeup disabled by ACPI
[    1.649993] bus: 'pci': add device 0000:00:14.4
[    1.650100] PM: Adding info for pci:0000:00:14.4
[    1.650197] pci 0000:00:14.5: [1002:4399] type 00 class 0x0c0310
[    1.650298] pci 0000:00:14.5: reg 0x10: [mem 0xfe028000-0xfe028fff]
[    1.650439] device: '0000:00:14.5': device_add
[    1.650553] pci 0000:00:14.5: System wakeup disabled by ACPI
[    1.650643] bus: 'pci': add device 0000:00:14.5
[    1.650750] PM: Adding info for pci:0000:00:14.5
[    1.650849] pci 0000:00:18.0: [1022:1200] type 00 class 0x060000
[    1.650946] device: '0000:00:18.0': device_add
[    1.651058] bus: 'pci': add device 0000:00:18.0
[    1.651160] PM: Adding info for pci:0000:00:18.0
[    1.651253] pci 0000:00:18.1: [1022:1201] type 00 class 0x060000
[    1.651349] device: '0000:00:18.1': device_add
[    1.651460] bus: 'pci': add device 0000:00:18.1
[    1.651562] PM: Adding info for pci:0000:00:18.1
[    1.651655] pci 0000:00:18.2: [1022:1202] type 00 class 0x060000
[    1.651751] device: '0000:00:18.2': device_add
[    1.651862] bus: 'pci': add device 0000:00:18.2
[    1.651964] PM: Adding info for pci:0000:00:18.2
[    1.652057] pci 0000:00:18.3: [1022:1203] type 00 class 0x060000
[    1.652155] device: '0000:00:18.3': device_add
[    1.652266] bus: 'pci': add device 0000:00:18.3
[    1.652368] PM: Adding info for pci:0000:00:18.3
[    1.652461] pci 0000:00:18.4: [1022:1204] type 00 class 0x060000
[    1.652557] device: '0000:00:18.4': device_add
[    1.652668] bus: 'pci': add device 0000:00:18.4
[    1.652770] PM: Adding info for pci:0000:00:18.4
[    1.652879] device: '0000:01': device_add
[    1.652976] PM: Adding info for No Bus:0000:01
[    1.653073] pci 0000:01:00.0: [1002:9440] type 00 class 0x030000
[    1.653180] pci 0000:01:00.0: reg 0x10: [mem 0xd0000000-0xdfffffff 64bit pref]
[    1.653329] pci 0000:01:00.0: reg 0x18: [mem 0xfdee0000-0xfdeeffff 64bit]
[    1.653422] pci 0000:01:00.0: reg 0x20: [io  0xee00-0xeeff]
[    1.653519] pci 0000:01:00.0: reg 0x30: [mem 0x00000000-0x0001ffff pref]
[    1.653636] pci 0000:01:00.0: supports D1 D2
[    1.653727] device: '0000:01:00.0': device_add
[    1.653818] bus: 'pci': add device 0000:01:00.0
[    1.653919] PM: Adding info for pci:0000:01:00.0
[    1.654018] pci 0000:01:00.1: [1002:aa30] type 00 class 0x040300
[    1.654125] pci 0000:01:00.1: reg 0x10: [mem 0xfdefc000-0xfdefffff 64bit]
[    1.654250] pci 0000:01:00.1: supports D1 D2
[    1.654341] device: '0000:01:00.1': device_add
[    1.654430] bus: 'pci': add device 0000:01:00.1
[    1.654532] PM: Adding info for pci:0000:01:00.1
[    1.683915] pci 0000:00:02.0: PCI bridge to [bus 01]
[    1.684005] pci 0000:00:02.0:   bridge window [io  0xe000-0xefff]
[    1.684094] pci 0000:00:02.0:   bridge window [mem 0xfde00000-0xfdefffff]
[    1.684184] pci 0000:00:02.0:   bridge window [mem 0xd0000000-0xdfffffff 64bit pref]
[    1.684337] device: '0000:02': device_add
[    1.684435] PM: Adding info for No Bus:0000:02
[    1.684537] pci 0000:02:00.0: [10ec:8168] type 00 class 0x020000
[    1.684650] pci 0000:02:00.0: reg 0x10: [io  0xde00-0xdeff]
[    1.684756] pci 0000:02:00.0: reg 0x18: [mem 0xfdcff000-0xfdcfffff 64bit pref]
[    1.684908] pci 0000:02:00.0: reg 0x20: [mem 0xfdcf8000-0xfdcfbfff 64bit pref]
[    1.685057] pci 0000:02:00.0: reg 0x30: [mem 0x00000000-0x0001ffff pref]
[    1.685178] pci 0000:02:00.0: supports D1 D2
[    1.685266] pci 0000:02:00.0: PME# supported from D0 D1 D2 D3hot D3cold
[    1.685364] device: '0000:02:00.0': device_add
[    1.685454] bus: 'pci': add device 0000:02:00.0
[    1.685561] PM: Adding info for pci:0000:02:00.0
[    1.703887] pci 0000:00:07.0: PCI bridge to [bus 02]
[    1.703977] pci 0000:00:07.0:   bridge window [io  0xd000-0xdfff]
[    1.704066] pci 0000:00:07.0:   bridge window [mem 0xfdd00000-0xfddfffff]
[    1.704156] pci 0000:00:07.0:   bridge window [mem 0xfdc00000-0xfdcfffff 64bit pref]
[    1.704308] device: '0000:03': device_add
[    1.704405] PM: Adding info for No Bus:0000:03
[    1.704505] pci 0000:03:00.0: [10ec:8168] type 00 class 0x020000
[    1.704619] pci 0000:03:00.0: reg 0x10: [io  0xce00-0xceff]
[    1.704724] pci 0000:03:00.0: reg 0x18: [mem 0xfdfff000-0xfdffffff 64bit pref]
[    1.704876] pci 0000:03:00.0: reg 0x20: [mem 0xfdff8000-0xfdffbfff 64bit pref]
[    1.705025] pci 0000:03:00.0: reg 0x30: [mem 0x00000000-0x0001ffff pref]
[    1.705146] pci 0000:03:00.0: supports D1 D2
[    1.705234] pci 0000:03:00.0: PME# supported from D0 D1 D2 D3hot D3cold
[    1.705331] device: '0000:03:00.0': device_add
[    1.705421] bus: 'pci': add device 0000:03:00.0
[    1.705528] PM: Adding info for pci:0000:03:00.0
[    1.723903] pci 0000:00:09.0: PCI bridge to [bus 03]
[    1.723993] pci 0000:00:09.0:   bridge window [io  0xc000-0xcfff]
[    1.724082] pci 0000:00:09.0:   bridge window [mem 0xfd900000-0xfd9fffff]
[    1.724172] pci 0000:00:09.0:   bridge window [mem 0xfdf00000-0xfdffffff 64bit pref]
[    1.724322] device: '0000:04': device_add
[    1.724420] PM: Adding info for No Bus:0000:04
[    1.724555] pci 0000:00:14.4: PCI bridge to [bus 04] (subtractive decode)
[    1.724647] pci 0000:00:14.4:   bridge window [io  0xb000-0xbfff]
[    1.724737] pci 0000:00:14.4:   bridge window [mem 0xfdb00000-0xfdbfffff]
[    1.724828] pci 0000:00:14.4:   bridge window [mem 0xfda00000-0xfdafffff pref]
[    1.724970] pci 0000:00:14.4:   bridge window [io  0x0000-0x0cf7 window] (subtractive decode)
[    1.725113] pci 0000:00:14.4:   bridge window [io  0x0d00-0xffff window] (subtractive decode)
[    1.725255] pci 0000:00:14.4:   bridge window [mem 0x000a0000-0x000bffff window] (subtractive decode)
[    1.725398] pci 0000:00:14.4:   bridge window [mem 0x000c0000-0x000dffff window] (subtractive decode)
[    1.725541] pci 0000:00:14.4:   bridge window [mem 0xcff00000-0xfebfffff window] (subtractive decode)
[    1.725695] pci_bus 0000:00: on NUMA node 0
[    1.725945] ACPI: PCI Interrupt Link [LNKA] (IRQs 3 4 5 6 7 10 11) *0, disabled.
[    1.726479] ACPI: PCI Interrupt Link [LNKB] (IRQs 3 4 5 6 7 10 11) *0, disabled.
[    1.727010] ACPI: PCI Interrupt Link [LNKC] (IRQs 3 4 5 6 7 10 11) *0, disabled.
[    1.727540] ACPI: PCI Interrupt Link [LNKD] (IRQs 3 4 5 6 7 10 11) *0, disabled.
[    1.728072] ACPI: PCI Interrupt Link [LNKE] (IRQs 3 4 5 6 7 10 11) *0, disabled.
[    1.728602] ACPI: PCI Interrupt Link [LNKF] (IRQs 3 4 5 6 7 10 11) *0, disabled.
[    1.729132] ACPI: PCI Interrupt Link [LNK0] (IRQs 3 4 5 6 7 10 11) *0, disabled.
[    1.729662] ACPI: PCI Interrupt Link [LNK1] (IRQs 3 4 5 6 7 10 11) *0, disabled.
[    1.730222] Registering platform device 'PNP0103:00'. Parent at 0000:00:14.3
[    1.730310] device: 'PNP0103:00': device_add
[    1.730401] bus: 'platform': add device PNP0103:00
[    1.730496] PM: Adding info for platform:PNP0103:00
[    1.730597] Registering platform device 'PNP0800:00'. Parent at 0000:00:14.3
[    1.730685] device: 'PNP0800:00': device_add
[    1.730776] bus: 'platform': add device PNP0800:00
[    1.730871] PM: Adding info for platform:PNP0800:00
[    1.730970] Registering platform device 'PNP0C04:00'. Parent at 0000:00:14.3
[    1.731059] device: 'PNP0C04:00': device_add
[    1.731149] bus: 'platform': add device PNP0C04:00
[    1.731243] PM: Adding info for platform:PNP0C04:00
[    1.731599] Registering platform device 'PNP0C14:00'. Parent at platform
[    1.731688] device: 'PNP0C14:00': device_add
[    1.731779] bus: 'platform': add device PNP0C14:00
[    1.731872] PM: Adding info for platform:PNP0C14:00
[    1.731973] device: 'LNXPWRBN:00': device_add
[    1.732062] bus: 'acpi': add device LNXPWRBN:00
[    1.732155] PM: Adding info for acpi:LNXPWRBN:00
[    1.732253] bus: 'acpi': add driver ec
[    1.732366] bus: 'pnp': registered
[    1.732455] device class 'misc': registering
[    1.732548] device: 'vga_arbiter': device_add
[    1.732643] PM: Adding info for No Bus:vga_arbiter
[    1.732765] vgaarb: setting as boot device: PCI:0000:01:00.0
[    1.732854] vgaarb: device added: PCI:0000:01:00.0,decodes=io+mem,owns=io+mem,locks=none
[    1.732995] vgaarb: loaded
[    1.733082] vgaarb: bridge control possible 0000:01:00.0
[    1.733233] device class 'scsi_host': registering
[    1.733332] bus: 'scsi': registered
[    1.733419] device class 'scsi_device': registering
[    1.733512] SCSI subsystem initialized
[    1.733607] ACPI: bus type USB registered
[    1.733699] bus: 'usb': registered
[    1.733788] bus: 'usb': add driver usbfs
[    1.733884] usbcore: registered new interface driver usbfs
[    1.733973] bus: 'usb': add driver hub
[    1.734067] usbcore: registered new interface driver hub
[    1.734176] bus: 'usb': add driver usb
[    1.734267] usbcore: registered new device driver usb
[    1.734361] bus: 'serio': registered
[    1.734449] device class 'input': registering
[    1.734541] device class 'rtc': registering
[    1.734632] device class 'power_supply': registering
[    1.734724] device class 'hwmon': registering
[    1.734880] device class 'sound': registering
[    1.734971] PCI: Using ACPI for IRQ routing
[    1.743330] PCI: pci_cache_line_size set to 64 bytes
[    1.745045] e820: reserve RAM buffer [mem 0x0009a000-0x0009ffff]
[    1.745133] e820: reserve RAM buffer [mem 0xcfde0000-0xcfffffff]
[    1.745227] device class 'net': registering
[    1.745324] device: 'lo': device_add
[    1.745451] PM: Adding info for No Bus:lo
[    1.745781] clocksource: Switched to clocksource hpet
[    1.745935] device: 'fbcon': device_add
[    1.745943] PM: Adding info for No Bus:fbcon
[    1.746126] bus: 'pnp': add driver system
[    1.746219] pnp: PnP ACPI init
[    1.746307] device: 'pnp0': device_add
[    1.746399] PM: Adding info for No Bus:pnp0
[    1.746506] pnp 00:00: parse allocated resources
[    1.746603] pnp 00:00: PNP0c02: calling quirk_system_pci_resources+0x0/0x11d
[    1.746703] pnp 00:00: PNP0c02: calling quirk_intel_mch+0x0/0x151
[    1.746794] device: '00:00': device_add
[    1.746885] bus: 'pnp': add device 00:00
[    1.746979] PM: Adding info for pnp:00:00
[    1.747068] bus: 'pnp': driver_probe_device: matched device 00:00 with driver system
[    1.747210] bus: 'pnp': really_probe: probing driver system with device 00:00
[    1.747299] devices_kset: Moving 00:00 to end of list
[    1.747389] system 00:00: [io  0x04d0-0x04d1] has been reserved
[    1.747478] system 00:00: [io  0x0220-0x0225] has been reserved
[    1.747566] system 00:00: [io  0x0290-0x0294] has been reserved
[    1.747655] driver: 'system': driver_bound: bound to device '00:00'
[    1.747743] bus: 'pnp': really_probe: bound device 00:00 to driver system
[    1.747832] system 00:00: Plug and Play ACPI device, IDs PNP0c02 (active)
[    1.748041] pnp 00:01: parse allocated resources
[    1.748168] pnp 00:01: PNP0c02: calling quirk_system_pci_resources+0x0/0x11d
[    1.748278] pnp 00:01: disabling [mem 0x00000000-0x00000fff window] because it overlaps 0000:01:00.0 BAR 6 [mem 0x00000000-0x0001ffff pref]
[    1.748425] pnp 00:01: disabling [mem 0x00000000-0x00000fff window disabled] because it overlaps 0000:02:00.0 BAR 6 [mem 0x00000000-0x0001ffff pref]
[    1.748570] pnp 00:01: disabling [mem 0x00000000-0x00000fff window disabled] because it overlaps 0000:03:00.0 BAR 6 [mem 0x00000000-0x0001ffff pref]
[    1.748715] pnp 00:01: PNP0c02: calling quirk_intel_mch+0x0/0x151
[    1.748805] device: '00:01': device_add
[    1.748896] bus: 'pnp': add device 00:01
[    1.748989] PM: Adding info for pnp:00:01
[    1.749078] bus: 'pnp': driver_probe_device: matched device 00:01 with driver system
[    1.749220] bus: 'pnp': really_probe: probing driver system with device 00:01
[    1.749310] devices_kset: Moving 00:01 to end of list
[    1.749399] system 00:01: [io  0x4100-0x411f] has been reserved
[    1.749488] system 00:01: [io  0x0228-0x022f] has been reserved
[    1.749576] system 00:01: [io  0x040b] has been reserved
[    1.749665] system 00:01: [io  0x04d6] has been reserved
[    1.749753] system 00:01: [io  0x0c00-0x0c01] has been reserved
[    1.749842] system 00:01: [io  0x0c14] has been reserved
[    1.749930] system 00:01: [io  0x0c50-0x0c52] has been reserved
[    1.750019] system 00:01: [io  0x0c6c-0x0c6d] has been reserved
[    1.750108] system 00:01: [io  0x0c6f] has been reserved
[    1.750196] system 00:01: [io  0x0cd0-0x0cd1] has been reserved
[    1.750285] system 00:01: [io  0x0cd2-0x0cd3] has been reserved
[    1.750373] system 00:01: [io  0x0cd4-0x0cdf] has been reserved
[    1.750462] system 00:01: [io  0x4000-0x40fe] could not be reserved
[    1.750551] system 00:01: [io  0x4210-0x4217] has been reserved
[    1.750640] system 00:01: [io  0x0b00-0x0b0f] has been reserved
[    1.750728] system 00:01: [io  0x0b10-0x0b1f] has been reserved
[    1.750817] system 00:01: [io  0x0b20-0x0b3f] has been reserved
[    1.750906] system 00:01: [mem 0xfee00400-0xfee00fff window] has been reserved
[    1.751048] driver: 'system': driver_bound: bound to device '00:01'
[    1.751136] bus: 'pnp': really_probe: bound device 00:01 to driver system
[    1.751225] system 00:01: Plug and Play ACPI device, IDs PNP0c02 (active)
[    1.751392] pnp 00:02: parse allocated resources
[    1.751494] device: '00:02': device_add
[    1.751584] bus: 'pnp': add device 00:02
[    1.751678] PM: Adding info for pnp:00:02
[    1.751769] pnp 00:02: Plug and Play ACPI device, IDs PNP0b00 (active)
[    1.752104] pnp 00:03: parse allocated resources
[    1.752197] device: '00:03': device_add
[    1.752288] bus: 'pnp': add device 00:03
[    1.752387] PM: Adding info for pnp:00:03
[    1.752477] pnp 00:03: Plug and Play ACPI device, IDs PNP0303 (active)
[    1.752577] pnp 00:04: parse allocated resources
[    1.752673] pnp 00:04: PNP0c02: calling quirk_system_pci_resources+0x0/0x11d
[    1.752768] pnp 00:04: PNP0c02: calling quirk_intel_mch+0x0/0x151
[    1.752858] device: '00:04': device_add
[    1.752948] bus: 'pnp': add device 00:04
[    1.753041] PM: Adding info for pnp:00:04
[    1.753130] bus: 'pnp': driver_probe_device: matched device 00:04 with driver system
[    1.753271] bus: 'pnp': really_probe: probing driver system with device 00:04
[    1.753360] devices_kset: Moving 00:04 to end of list
[    1.753449] system 00:04: [mem 0xe0000000-0xefffffff] has been reserved
[    1.753537] driver: 'system': driver_bound: bound to device '00:04'
[    1.753667] bus: 'pnp': really_probe: bound device 00:04 to driver system
[    1.753772] system 00:04: Plug and Play ACPI device, IDs PNP0c02 (active)
[    1.753863] pnp 00:05: parse allocated resources
[    1.754039] pnp 00:05: PNP0c01: calling quirk_system_pci_resources+0x0/0x11d
[    1.754148] pnp 00:05: PNP0c01: calling quirk_amd_mmconfig_area+0x0/0xba
[    1.754237] device: '00:05': device_add
[    1.754327] bus: 'pnp': add device 00:05
[    1.754421] PM: Adding info for pnp:00:05
[    1.754510] bus: 'pnp': driver_probe_device: matched device 00:05 with driver system
[    1.754651] bus: 'pnp': really_probe: probing driver system with device 00:05
[    1.754740] devices_kset: Moving 00:05 to end of list
[    1.754829] system 00:05: [mem 0x000d4400-0x000d7fff] has been reserved
[    1.754918] system 00:05: [mem 0x000f0000-0x000f7fff] could not be reserved
[    1.755008] system 00:05: [mem 0x000f8000-0x000fbfff] could not be reserved
[    1.755097] system 00:05: [mem 0x000fc000-0x000fffff] could not be reserved
[    1.755186] system 00:05: [mem 0xcfde0000-0xcfdeffff] could not be reserved
[    1.755275] system 00:05: [mem 0xffff0000-0xffffffff] has been reserved
[    1.755364] system 00:05: [mem 0x00000000-0x0009ffff] could not be reserved
[    1.755453] system 00:05: [mem 0x00100000-0xcfddffff] could not be reserved
[    1.755542] system 00:05: [mem 0xcfdf0000-0xcfdfffff] has been reserved
[    1.755631] system 00:05: [mem 0xcfe00000-0xcfefffff] could not be reserved
[    1.755720] system 00:05: [mem 0xfec00000-0xfec00fff] could not be reserved
[    1.755815] system 00:05: [mem 0xfee00000-0xfee00fff] could not be reserved
[    1.755904] system 00:05: [mem 0xfff80000-0xfffeffff] has been reserved
[    1.755992] driver: 'system': driver_bound: bound to device '00:05'
[    1.756080] bus: 'pnp': really_probe: bound device 00:05 to driver system
[    1.756170] system 00:05: Plug and Play ACPI device, IDs PNP0c01 (active)
[    1.756270] pnp: PnP ACPI: found 6 devices
[    1.756359] device class 'mem': registering
[    1.756450] device: 'mem': device_add
[    1.756544] PM: Adding info for No Bus:mem
[    1.756674] device: 'kmem': device_add
[    1.756768] PM: Adding info for No Bus:kmem
[    1.756878] device: 'null': device_add
[    1.756972] PM: Adding info for No Bus:null
[    1.757082] device: 'port': device_add
[    1.757175] PM: Adding info for No Bus:port
[    1.757287] device: 'zero': device_add
[    1.757381] PM: Adding info for No Bus:zero
[    1.757492] device: 'full': device_add
[    1.757585] PM: Adding info for No Bus:full
[    1.757695] device: 'random': device_add
[    1.757789] PM: Adding info for No Bus:random
[    1.757898] device: 'urandom': device_add
[    1.757992] PM: Adding info for No Bus:urandom
[    1.758102] device: 'kmsg': device_add
[    1.758195] PM: Adding info for No Bus:kmsg
[    1.758305] device: 'tty': device_add
[    1.758400] PM: Adding info for No Bus:tty
[    1.758510] device: 'console': device_add
[    1.758605] PM: Adding info for No Bus:console
[    1.758717] device: 'tty0': device_add
[    1.758811] PM: Adding info for No Bus:tty0
[    1.758920] device class 'vc': registering
[    1.759011] device: 'vcs': device_add
[    1.759105] PM: Adding info for No Bus:vcs
[    1.759214] device: 'vcsa': device_add
[    1.759307] PM: Adding info for No Bus:vcsa
[    1.759417] device: 'vcs1': device_add
[    1.759510] PM: Adding info for No Bus:vcs1
[    1.759619] device: 'vcsa1': device_add
[    1.759713] PM: Adding info for No Bus:vcsa1
[    1.759824] device: 'tty1': device_add
[    1.759918] PM: Adding info for No Bus:tty1
[    1.760028] device: 'tty2': device_add
[    1.760121] PM: Adding info for No Bus:tty2
[    1.760231] device: 'tty3': device_add
[    1.760325] PM: Adding info for No Bus:tty3
[    1.760434] device: 'tty4': device_add
[    1.760530] PM: Adding info for No Bus:tty4
[    1.760639] device: 'tty5': device_add
[    1.760733] PM: Adding info for No Bus:tty5
[    1.760842] device: 'tty6': device_add
[    1.760936] PM: Adding info for No Bus:tty6
[    1.761046] device: 'tty7': device_add
[    1.761139] PM: Adding info for No Bus:tty7
[    1.761250] device: 'tty8': device_add
[    1.761344] PM: Adding info for No Bus:tty8
[    1.761453] device: 'tty9': device_add
[    1.761547] PM: Adding info for No Bus:tty9
[    1.761656] device: 'tty10': device_add
[    1.761750] PM: Adding info for No Bus:tty10
[    1.761860] device: 'tty11': device_add
[    1.761954] PM: Adding info for No Bus:tty11
[    1.762063] device: 'tty12': device_add
[    1.762157] PM: Adding info for No Bus:tty12
[    1.762266] device: 'tty13': device_add
[    1.762360] PM: Adding info for No Bus:tty13
[    1.762470] device: 'tty14': device_add
[    1.762564] PM: Adding info for No Bus:tty14
[    1.762674] device: 'tty15': device_add
[    1.764332] PM: Adding info for No Bus:tty15
[    1.764459] device: 'tty16': device_add
[    1.764553] PM: Adding info for No Bus:tty16
[    1.764662] device: 'tty17': device_add
[    1.764756] PM: Adding info for No Bus:tty17
[    1.764865] device: 'tty18': device_add
[    1.764959] PM: Adding info for No Bus:tty18
[    1.765069] device: 'tty19': device_add
[    1.765162] PM: Adding info for No Bus:tty19
[    1.765275] device: 'tty20': device_add
[    1.765368] PM: Adding info for No Bus:tty20
[    1.765477] device: 'tty21': device_add
[    1.765571] PM: Adding info for No Bus:tty21
[    1.765680] device: 'tty22': device_add
[    1.765774] PM: Adding info for No Bus:tty22
[    1.765891] device: 'tty23': device_add
[    1.765984] PM: Adding info for No Bus:tty23
[    1.766094] device: 'tty24': device_add
[    1.766187] PM: Adding info for No Bus:tty24
[    1.766296] device: 'tty25': device_add
[    1.766390] PM: Adding info for No Bus:tty25
[    1.766500] device: 'tty26': device_add
[    1.766594] PM: Adding info for No Bus:tty26
[    1.766703] device: 'tty27': device_add
[    1.766797] PM: Adding info for No Bus:tty27
[    1.766906] device: 'tty28': device_add
[    1.767000] PM: Adding info for No Bus:tty28
[    1.767109] device: 'tty29': device_add
[    1.767203] PM: Adding info for No Bus:tty29
[    1.767312] device: 'tty30': device_add
[    1.767406] PM: Adding info for No Bus:tty30
[    1.767516] device: 'tty31': device_add
[    1.767610] PM: Adding info for No Bus:tty31
[    1.767720] device: 'tty32': device_add
[    1.767814] PM: Adding info for No Bus:tty32
[    1.767923] device: 'tty33': device_add
[    1.768018] PM: Adding info for No Bus:tty33
[    1.768127] device: 'tty34': device_add
[    1.768221] PM: Adding info for No Bus:tty34
[    1.768331] device: 'tty35': device_add
[    1.768424] PM: Adding info for No Bus:tty35
[    1.768534] device: 'tty36': device_add
[    1.768628] PM: Adding info for No Bus:tty36
[    1.768737] device: 'tty37': device_add
[    1.768831] PM: Adding info for No Bus:tty37
[    1.768942] device: 'tty38': device_add
[    1.769036] PM: Adding info for No Bus:tty38
[    1.769146] device: 'tty39': device_add
[    1.769240] PM: Adding info for No Bus:tty39
[    1.769349] device: 'tty40': device_add
[    1.769443] PM: Adding info for No Bus:tty40
[    1.769552] device: 'tty41': device_add
[    1.769646] PM: Adding info for No Bus:tty41
[    1.769755] device: 'tty42': device_add
[    1.769849] PM: Adding info for No Bus:tty42
[    1.769958] device: 'tty43': device_add
[    1.770051] PM: Adding info for No Bus:tty43
[    1.770162] device: 'tty44': device_add
[    1.770257] PM: Adding info for No Bus:tty44
[    1.770366] device: 'tty45': device_add
[    1.770459] PM: Adding info for No Bus:tty45
[    1.770568] device: 'tty46': device_add
[    1.770662] PM: Adding info for No Bus:tty46
[    1.770771] device: 'tty47': device_add
[    1.770865] PM: Adding info for No Bus:tty47
[    1.770975] device: 'tty48': device_add
[    1.771068] PM: Adding info for No Bus:tty48
[    1.771177] device: 'tty49': device_add
[    1.771271] PM: Adding info for No Bus:tty49
[    1.771381] device: 'tty50': device_add
[    1.771475] PM: Adding info for No Bus:tty50
[    1.771584] device: 'tty51': device_add
[    1.771678] PM: Adding info for No Bus:tty51
[    1.771788] device: 'tty52': device_add
[    1.771883] PM: Adding info for No Bus:tty52
[    1.771992] device: 'tty53': device_add
[    1.772085] PM: Adding info for No Bus:tty53
[    1.772195] device: 'tty54': device_add
[    1.772288] PM: Adding info for No Bus:tty54
[    1.772398] device: 'tty55': device_add
[    1.772492] PM: Adding info for No Bus:tty55
[    1.772602] device: 'tty56': device_add
[    1.772696] PM: Adding info for No Bus:tty56
[    1.772805] device: 'tty57': device_add
[    1.772899] PM: Adding info for No Bus:tty57
[    1.773008] device: 'tty58': device_add
[    1.773102] PM: Adding info for No Bus:tty58
[    1.773211] device: 'tty59': device_add
[    1.773304] PM: Adding info for No Bus:tty59
[    1.773414] device: 'tty60': device_add
[    1.773508] PM: Adding info for No Bus:tty60
[    1.773617] device: 'tty61': device_add
[    1.773711] PM: Adding info for No Bus:tty61
[    1.773821] device: 'tty62': device_add
[    1.773915] PM: Adding info for No Bus:tty62
[    1.774025] device: 'tty63': device_add
[    1.774119] PM: Adding info for No Bus:tty63
[    1.774257] device class 'thermal': registering
[    1.778886] clocksource: acpi_pm: mask: 0xffffff max_cycles: 0xffffff, max_idle_ns: 2085701024 ns
[    1.779046] pci 0000:01:00.0: BAR 6: assigned [mem 0xfde00000-0xfde1ffff pref]
[    1.779189] pci 0000:00:02.0: PCI bridge to [bus 01]
[    1.779278] pci 0000:00:02.0:   bridge window [io  0xe000-0xefff]
[    1.779367] pci 0000:00:02.0:   bridge window [mem 0xfde00000-0xfdefffff]
[    1.779456] pci 0000:00:02.0:   bridge window [mem 0xd0000000-0xdfffffff 64bit pref]
[    1.779600] pci 0000:02:00.0: BAR 6: assigned [mem 0xfdd00000-0xfdd1ffff pref]
[    1.779742] pci 0000:00:07.0: PCI bridge to [bus 02]
[    1.779831] pci 0000:00:07.0:   bridge window [io  0xd000-0xdfff]
[    1.779920] pci 0000:00:07.0:   bridge window [mem 0xfdd00000-0xfddfffff]
[    1.780009] pci 0000:00:07.0:   bridge window [mem 0xfdc00000-0xfdcfffff 64bit pref]
[    1.780153] pci 0000:03:00.0: BAR 6: assigned [mem 0xfd900000-0xfd91ffff pref]
[    1.780295] pci 0000:00:09.0: PCI bridge to [bus 03]
[    1.780383] pci 0000:00:09.0:   bridge window [io  0xc000-0xcfff]
[    1.780473] pci 0000:00:09.0:   bridge window [mem 0xfd900000-0xfd9fffff]
[    1.780562] pci 0000:00:09.0:   bridge window [mem 0xfdf00000-0xfdffffff 64bit pref]
[    1.780705] pci 0000:00:14.4: PCI bridge to [bus 04]
[    1.780794] pci 0000:00:14.4:   bridge window [io  0xb000-0xbfff]
[    1.780885] pci 0000:00:14.4:   bridge window [mem 0xfdb00000-0xfdbfffff]
[    1.780976] pci 0000:00:14.4:   bridge window [mem 0xfda00000-0xfdafffff pref]
[    1.781122] pci_bus 0000:00: resource 4 [io  0x0000-0x0cf7 window]
[    1.781211] pci_bus 0000:00: resource 5 [io  0x0d00-0xffff window]
[    1.781300] pci_bus 0000:00: resource 6 [mem 0x000a0000-0x000bffff window]
[    1.781388] pci_bus 0000:00: resource 7 [mem 0x000c0000-0x000dffff window]
[    1.781477] pci_bus 0000:00: resource 8 [mem 0xcff00000-0xfebfffff window]
[    1.781566] pci_bus 0000:01: resource 0 [io  0xe000-0xefff]
[    1.781654] pci_bus 0000:01: resource 1 [mem 0xfde00000-0xfdefffff]
[    1.781743] pci_bus 0000:01: resource 2 [mem 0xd0000000-0xdfffffff 64bit pref]
[    1.781884] pci_bus 0000:02: resource 0 [io  0xd000-0xdfff]
[    1.781972] pci_bus 0000:02: resource 1 [mem 0xfdd00000-0xfddfffff]
[    1.782061] pci_bus 0000:02: resource 2 [mem 0xfdc00000-0xfdcfffff 64bit pref]
[    1.782203] pci_bus 0000:03: resource 0 [io  0xc000-0xcfff]
[    1.782292] pci_bus 0000:03: resource 1 [mem 0xfd900000-0xfd9fffff]
[    1.782380] pci_bus 0000:03: resource 2 [mem 0xfdf00000-0xfdffffff 64bit pref]
[    1.782522] pci_bus 0000:04: resource 0 [io  0xb000-0xbfff]
[    1.782610] pci_bus 0000:04: resource 1 [mem 0xfdb00000-0xfdbfffff]
[    1.782699] pci_bus 0000:04: resource 2 [mem 0xfda00000-0xfdafffff pref]
[    1.782788] pci_bus 0000:04: resource 4 [io  0x0000-0x0cf7 window]
[    1.782876] pci_bus 0000:04: resource 5 [io  0x0d00-0xffff window]
[    1.782965] pci_bus 0000:04: resource 6 [mem 0x000a0000-0x000bffff window]
[    1.783054] pci_bus 0000:04: resource 7 [mem 0x000c0000-0x000dffff window]
[    1.783143] pci_bus 0000:04: resource 8 [mem 0xcff00000-0xfebfffff window]
[    1.783321] NET: Registered protocol family 2
[    1.783589] TCP established hash table entries: 65536 (order: 7, 524288 bytes)
[    1.783832] TCP bind hash table entries: 65536 (order: 8, 1048576 bytes)
[    1.784104] TCP: Hash tables configured (established 65536 bind 65536)
[    1.784218] UDP hash table entries: 4096 (order: 5, 131072 bytes)
[    1.784336] UDP-Lite hash table entries: 4096 (order: 5, 131072 bytes)
[    1.784539] NET: Registered protocol family 1
[    2.236475] pci 0000:01:00.0: Video device with shadowed ROM
[    2.236569] PCI: CLS 64 bytes, default 64
[    2.236695] Trying to unpack rootfs image as initramfs...
[    3.114863] Freeing initrd memory: 10028K (ffff880036c5a000 - ffff880037625000)
[    3.115017] bus: 'pci': add driver agpgart-amd64
[    3.115137] bus: 'pci': driver_probe_device: matched device 0000:00:00.0 with driver agpgart-amd64
[    3.115281] bus: 'pci': really_probe: probing driver agpgart-amd64 with device 0000:00:00.0
[    3.115426] devices_kset: Moving 0000:00:00.0 to end of list
[    3.115520] agpgart-amd64: probe of 0000:00:00.0 rejects match -19
[    3.115609] bus: 'pci': driver_probe_device: matched device 0000:00:02.0 with driver agpgart-amd64
[    3.115751] bus: 'pci': really_probe: probing driver agpgart-amd64 with device 0000:00:02.0
[    3.115895] devices_kset: Moving 0000:00:02.0 to end of list
[    3.116098] IOAPIC[0]: Set routing entry (2-18 -> 0x41 -> IRQ 18 Mode:1 Active:1 Dest:15)
[    3.116309] agpgart-amd64: probe of 0000:00:02.0 rejects match -19
[    3.116398] bus: 'pci': driver_probe_device: matched device 0000:00:07.0 with driver agpgart-amd64
[    3.118133] bus: 'pci': really_probe: probing driver agpgart-amd64 with device 0000:00:07.0
[    3.118277] devices_kset: Moving 0000:00:07.0 to end of list
[    3.118428] IOAPIC[0]: Set routing entry (2-19 -> 0x51 -> IRQ 19 Mode:1 Active:1 Dest:15)
[    3.118635] agpgart-amd64: probe of 0000:00:07.0 rejects match -19
[    3.118724] bus: 'pci': driver_probe_device: matched device 0000:00:09.0 with driver agpgart-amd64
[    3.118866] bus: 'pci': really_probe: probing driver agpgart-amd64 with device 0000:00:09.0
[    3.119010] devices_kset: Moving 0000:00:09.0 to end of list
[    3.119160] IOAPIC[0]: Set routing entry (2-17 -> 0x61 -> IRQ 17 Mode:1 Active:1 Dest:15)
[    3.119366] agpgart-amd64: probe of 0000:00:09.0 rejects match -19
[    3.119455] bus: 'pci': driver_probe_device: matched device 0000:00:11.0 with driver agpgart-amd64
[    3.119597] bus: 'pci': really_probe: probing driver agpgart-amd64 with device 0000:00:11.0
[    3.119740] devices_kset: Moving 0000:00:11.0 to end of list
[    3.119890] IOAPIC[0]: Set routing entry (2-22 -> 0x71 -> IRQ 22 Mode:1 Active:1 Dest:15)
[    3.120098] agpgart-amd64: probe of 0000:00:11.0 rejects match -19
[    3.120187] bus: 'pci': driver_probe_device: matched device 0000:00:12.0 with driver agpgart-amd64
[    3.120329] bus: 'pci': really_probe: probing driver agpgart-amd64 with device 0000:00:12.0
[    3.120472] devices_kset: Moving 0000:00:12.0 to end of list
[    3.120622] IOAPIC[0]: Set routing entry (2-16 -> 0x81 -> IRQ 16 Mode:1 Active:1 Dest:15)
[    3.120827] agpgart-amd64: probe of 0000:00:12.0 rejects match -19
[    3.120916] bus: 'pci': driver_probe_device: matched device 0000:00:12.1 with driver agpgart-amd64
[    3.121058] bus: 'pci': really_probe: probing driver agpgart-amd64 with device 0000:00:12.1
[    3.121201] devices_kset: Moving 0000:00:12.1 to end of list
[    3.121350] IOAPIC[0]: Set routing entry (2-16 -> 0x91 -> IRQ 16 Mode:1 Active:1 Dest:15)
[    3.121555] agpgart-amd64: probe of 0000:00:12.1 rejects match -19
[    3.121643] bus: 'pci': driver_probe_device: matched device 0000:00:12.2 with driver agpgart-amd64
[    3.121785] bus: 'pci': really_probe: probing driver agpgart-amd64 with device 0000:00:12.2
[    3.121927] devices_kset: Moving 0000:00:12.2 to end of list
[    3.122077] IOAPIC[0]: Set routing entry (2-17 -> 0xa1 -> IRQ 17 Mode:1 Active:1 Dest:15)
[    3.122284] agpgart-amd64: probe of 0000:00:12.2 rejects match -19
[    3.122373] bus: 'pci': driver_probe_device: matched device 0000:00:13.0 with driver agpgart-amd64
[    3.122514] bus: 'pci': really_probe: probing driver agpgart-amd64 with device 0000:00:13.0
[    3.122657] devices_kset: Moving 0000:00:13.0 to end of list
[    3.122806] IOAPIC[0]: Set routing entry (2-18 -> 0xb1 -> IRQ 18 Mode:1 Active:1 Dest:15)
[    3.123011] agpgart-amd64: probe of 0000:00:13.0 rejects match -19
[    3.123099] bus: 'pci': driver_probe_device: matched device 0000:00:13.1 with driver agpgart-amd64
[    3.123241] bus: 'pci': really_probe: probing driver agpgart-amd64 with device 0000:00:13.1
[    3.123384] devices_kset: Moving 0000:00:13.1 to end of list
[    3.123534] IOAPIC[0]: Set routing entry (2-18 -> 0xc1 -> IRQ 18 Mode:1 Active:1 Dest:15)
[    3.123739] agpgart-amd64: probe of 0000:00:13.1 rejects match -19
[    3.123828] bus: 'pci': driver_probe_device: matched device 0000:00:13.2 with driver agpgart-amd64
[    3.123970] bus: 'pci': really_probe: probing driver agpgart-amd64 with device 0000:00:13.2
[    3.124113] devices_kset: Moving 0000:00:13.2 to end of list
[    3.124263] IOAPIC[0]: Set routing entry (2-19 -> 0xd1 -> IRQ 19 Mode:1 Active:1 Dest:15)
[    3.124471] agpgart-amd64: probe of 0000:00:13.2 rejects match -19
[    3.124560] bus: 'pci': driver_probe_device: matched device 0000:00:14.0 with driver agpgart-amd64
[    3.124702] bus: 'pci': really_probe: probing driver agpgart-amd64 with device 0000:00:14.0
[    3.124845] devices_kset: Moving 0000:00:14.0 to end of list
[    3.124937] agpgart-amd64: probe of 0000:00:14.0 rejects match -19
[    3.125025] bus: 'pci': driver_probe_device: matched device 0000:00:14.1 with driver agpgart-amd64
[    3.125167] bus: 'pci': really_probe: probing driver agpgart-amd64 with device 0000:00:14.1
[    3.125310] devices_kset: Moving 0000:00:14.1 to end of list
[    3.125460] IOAPIC[0]: Set routing entry (2-16 -> 0xe1 -> IRQ 16 Mode:1 Active:1 Dest:15)
[    3.125667] agpgart-amd64: probe of 0000:00:14.1 rejects match -19
[    3.125756] bus: 'pci': driver_probe_device: matched device 0000:00:14.2 with driver agpgart-amd64
[    3.125898] bus: 'pci': really_probe: probing driver agpgart-amd64 with device 0000:00:14.2
[    3.126041] devices_kset: Moving 0000:00:14.2 to end of list
[    3.126191] IOAPIC[0]: Set routing entry (2-16 -> 0x22 -> IRQ 16 Mode:1 Active:1 Dest:15)
[    3.126398] agpgart-amd64: probe of 0000:00:14.2 rejects match -19
[    3.126487] bus: 'pci': driver_probe_device: matched device 0000:00:14.3 with driver agpgart-amd64
[    3.126629] bus: 'pci': really_probe: probing driver agpgart-amd64 with device 0000:00:14.3
[    3.126799] devices_kset: Moving 0000:00:14.3 to end of list
[    3.126892] agpgart-amd64: probe of 0000:00:14.3 rejects match -19
[    3.126981] bus: 'pci': driver_probe_device: matched device 0000:00:14.4 with driver agpgart-amd64
[    3.127122] bus: 'pci': really_probe: probing driver agpgart-amd64 with device 0000:00:14.4
[    3.127266] devices_kset: Moving 0000:00:14.4 to end of list
[    3.127355] agpgart-amd64: probe of 0000:00:14.4 rejects match -19
[    3.127444] bus: 'pci': driver_probe_device: matched device 0000:00:14.5 with driver agpgart-amd64
[    3.127586] bus: 'pci': really_probe: probing driver agpgart-amd64 with device 0000:00:14.5
[    3.127729] devices_kset: Moving 0000:00:14.5 to end of list
[    3.127879] IOAPIC[0]: Set routing entry (2-18 -> 0x42 -> IRQ 18 Mode:1 Active:1 Dest:15)
[    3.128084] agpgart-amd64: probe of 0000:00:14.5 rejects match -19
[    3.128173] bus: 'pci': driver_probe_device: matched device 0000:00:18.0 with driver agpgart-amd64
[    3.128315] bus: 'pci': really_probe: probing driver agpgart-amd64 with device 0000:00:18.0
[    3.128458] devices_kset: Moving 0000:00:18.0 to end of list
[    3.128547] agpgart-amd64: probe of 0000:00:18.0 rejects match -19
[    3.128636] bus: 'pci': driver_probe_device: matched device 0000:00:18.1 with driver agpgart-amd64
[    3.128778] bus: 'pci': really_probe: probing driver agpgart-amd64 with device 0000:00:18.1
[    3.128921] devices_kset: Moving 0000:00:18.1 to end of list
[    3.129010] agpgart-amd64: probe of 0000:00:18.1 rejects match -19
[    3.129098] bus: 'pci': driver_probe_device: matched device 0000:00:18.2 with driver agpgart-amd64
[    3.129240] bus: 'pci': really_probe: probing driver agpgart-amd64 with device 0000:00:18.2
[    3.129383] devices_kset: Moving 0000:00:18.2 to end of list
[    3.129472] agpgart-amd64: probe of 0000:00:18.2 rejects match -19
[    3.129561] bus: 'pci': driver_probe_device: matched device 0000:00:18.3 with driver agpgart-amd64
[    3.129702] bus: 'pci': really_probe: probing driver agpgart-amd64 with device 0000:00:18.3
[    3.129845] devices_kset: Moving 0000:00:18.3 to end of list
[    3.129934] agpgart-amd64: probe of 0000:00:18.3 rejects match -19
[    3.130023] bus: 'pci': driver_probe_device: matched device 0000:00:18.4 with driver agpgart-amd64
[    3.130164] bus: 'pci': really_probe: probing driver agpgart-amd64 with device 0000:00:18.4
[    3.130308] devices_kset: Moving 0000:00:18.4 to end of list
[    3.130396] agpgart-amd64: probe of 0000:00:18.4 rejects match -19
[    3.130485] bus: 'pci': driver_probe_device: matched device 0000:01:00.0 with driver agpgart-amd64
[    3.130627] bus: 'pci': really_probe: probing driver agpgart-amd64 with device 0000:01:00.0
[    3.130770] devices_kset: Moving 0000:01:00.0 to end of list
[    3.130874] IOAPIC[0]: Set routing entry (2-18 -> 0x52 -> IRQ 18 Mode:1 Active:1 Dest:15)
[    3.131034] agpgart-amd64: probe of 0000:01:00.0 rejects match -19
[    3.131123] bus: 'pci': driver_probe_device: matched device 0000:01:00.1 with driver agpgart-amd64
[    3.131265] bus: 'pci': really_probe: probing driver agpgart-amd64 with device 0000:01:00.1
[    3.131409] devices_kset: Moving 0000:01:00.1 to end of list
[    3.131511] IOAPIC[0]: Set routing entry (2-19 -> 0x62 -> IRQ 19 Mode:1 Active:1 Dest:15)
[    3.131671] agpgart-amd64: probe of 0000:01:00.1 rejects match -19
[    3.131760] bus: 'pci': driver_probe_device: matched device 0000:02:00.0 with driver agpgart-amd64
[    3.131902] bus: 'pci': really_probe: probing driver agpgart-amd64 with device 0000:02:00.0
[    3.132046] devices_kset: Moving 0000:02:00.0 to end of list
[    3.132149] IOAPIC[0]: Set routing entry (2-19 -> 0x72 -> IRQ 19 Mode:1 Active:1 Dest:15)
[    3.132313] agpgart-amd64: probe of 0000:02:00.0 rejects match -19
[    3.132402] bus: 'pci': driver_probe_device: matched device 0000:03:00.0 with driver agpgart-amd64
[    3.132544] bus: 'pci': really_probe: probing driver agpgart-amd64 with device 0000:03:00.0
[    3.132687] devices_kset: Moving 0000:03:00.0 to end of list
[    3.132791] IOAPIC[0]: Set routing entry (2-17 -> 0x82 -> IRQ 17 Mode:1 Active:1 Dest:15)
[    3.132954] agpgart-amd64: probe of 0000:03:00.0 rejects match -19
[    3.133045] bus: 'pci': remove driver agpgart-amd64
[    3.133136] driver: 'agpgart-amd64': driver_release
[    3.133223] PCI-DMA: Disabling AGP.
[    3.133385] PCI-DMA: aperture base @ c4000000 size 65536 KB
[    3.133472] PCI-DMA: using GART IOMMU.
[    3.135125] PCI-DMA: Reserving 64MB of IOMMU area in the AGP aperture
[    3.138005] LVT offset 1 assigned for vector 0x400
[    3.138103] IBS: LVT offset 1 assigned
[    3.138222] perf: AMD IBS detected (0x0000001f)
[    3.138314] Registering platform device 'pcspkr'. Parent at platform
[    3.138403] device: 'pcspkr': device_add
[    3.138497] bus: 'platform': add device pcspkr
[    3.138594] PM: Adding info for platform:pcspkr
[    3.138700] Registering platform device 'platform-framebuffer.0'. Parent at platform
[    3.138842] device: 'platform-framebuffer.0': device_add
[    3.138930] bus: 'platform': add device platform-framebuffer.0
[    3.139024] PM: Adding info for platform:platform-framebuffer.0
[    3.139135] device: 'snapshot': device_add
[    3.139229] PM: Adding info for No Bus:snapshot
[    3.139440] bus: 'clocksource': registered
[    3.139535] device: 'clocksource': device_add
[    3.139631] PM: Adding info for No Bus:clocksource
[    3.139719] device: 'clocksource0': device_add
[    3.139808] bus: 'clocksource': add device clocksource0
[    3.139900] PM: Adding info for clocksource:clocksource0
[    3.139998] bus: 'platform': add driver alarmtimer
[    3.140093] Registering platform device 'alarmtimer'. Parent at platform
[    3.140181] device: 'alarmtimer': device_add
[    3.140270] bus: 'platform': add device alarmtimer
[    3.140364] PM: Adding info for platform:alarmtimer
[    3.140454] bus: 'platform': driver_probe_device: matched device alarmtimer with driver alarmtimer
[    3.140596] bus: 'platform': really_probe: probing driver alarmtimer with device alarmtimer
[    3.140739] devices_kset: Moving alarmtimer to end of list
[    3.140827] driver: 'alarmtimer': driver_bound: bound to device 'alarmtimer'
[    3.140916] bus: 'platform': really_probe: bound device alarmtimer to driver alarmtimer
[    3.141066] bus: 'clockevents': registered
[    3.141154] device: 'clockevents': device_add
[    3.141246] PM: Adding info for No Bus:clockevents
[    3.141334] device: 'clockevent0': device_add
[    3.141423] bus: 'clockevents': add device clockevent0
[    3.141515] PM: Adding info for clockevents:clockevent0
[    3.141606] device: 'clockevent1': device_add
[    3.141695] bus: 'clockevents': add device clockevent1
[    3.141787] PM: Adding info for clockevents:clockevent1
[    3.141877] device: 'clockevent2': device_add
[    3.141966] bus: 'clockevents': add device clockevent2
[    3.142059] PM: Adding info for clockevents:clockevent2
[    3.142149] device: 'clockevent3': device_add
[    3.142238] bus: 'clockevents': add device clockevent3
[    3.142330] PM: Adding info for clockevents:clockevent3
[    3.142420] device: 'clockevent4': device_add
[    3.142508] bus: 'clockevents': add device clockevent4
[    3.142601] PM: Adding info for clockevents:clockevent4
[    3.142691] device: 'clockevent5': device_add
[    3.142779] bus: 'clockevents': add device clockevent5
[    3.142872] PM: Adding info for clockevents:clockevent5
[    3.142963] device: 'clockevent6': device_add
[    3.143051] bus: 'clockevents': add device clockevent6
[    3.143143] PM: Adding info for clockevents:clockevent6
[    3.143234] device: 'clockevent7': device_add
[    3.143322] bus: 'clockevents': add device clockevent7
[    3.143414] PM: Adding info for clockevents:clockevent7
[    3.143505] device: 'broadcast': device_add
[    3.143593] bus: 'clockevents': add device broadcast
[    3.143686] PM: Adding info for clockevents:broadcast
[    3.143780] futex hash table entries: 2048 (order: 5, 131072 bytes)
[    3.143920] audit: initializing netlink subsys (disabled)
[    3.144025] audit: type=2000 audit(1456915615.020:1): initialized
[    3.144132] bus: 'event_source': registered
[    3.144220] device: 'ibs_op': device_add
[    3.144310] bus: 'event_source': add device ibs_op
[    3.144405] PM: Adding info for event_source:ibs_op
[    3.144495] device: 'ibs_fetch': device_add
[    3.144584] bus: 'event_source': add device ibs_fetch
[    3.144678] PM: Adding info for event_source:ibs_fetch
[    3.144768] device: 'msr': device_add
[    3.144858] bus: 'event_source': add device msr
[    3.144952] PM: Adding info for event_source:msr
[    3.145041] device: 'cpu': device_add
[    3.145138] bus: 'event_source': add device cpu
[    3.145231] PM: Adding info for event_source:cpu
[    3.145320] device: 'breakpoint': device_add
[    3.145409] bus: 'event_source': add device breakpoint
[    3.145502] PM: Adding info for event_source:breakpoint
[    3.145591] device: 'software': device_add
[    3.145680] bus: 'event_source': add device software
[    3.145773] PM: Adding info for event_source:software
[    3.146142] VFS: Disk quotas dquot_6.6.0
[    3.146246] VFS: Dquot-cache hash table entries: 512 (order 0, 4096 bytes)
[    3.146526] squashfs: version 4.0 (2009/01/31) Phillip Lougher
[    3.146673] SGI XFS with ACLs, security attributes, realtime, no debug enabled
[    3.147177] ocfs2: Registered cluster interface o2cb
[    3.147309] OCFS2 User DLM kernel interface loaded
[    3.147837] gfs2: GFS2 installed
[    3.148379] device class 'bsg': registering
[    3.148480] Block layer SCSI generic (bsg) driver version 0.4 loaded (major 253)
[    3.148623] io scheduler noop registered
[    3.148711] io scheduler deadline registered
[    3.148823] io scheduler cfq registered (default)
[    3.148917] device class 'phy': registering
[    3.149043] bus: 'pci_express': registered
[    3.149131] bus: 'pci': add driver pcieport
[    3.149220] bus: 'pci': driver_probe_device: matched device 0000:00:02.0 with driver pcieport
[    3.149362] bus: 'pci': really_probe: probing driver pcieport with device 0000:00:02.0
[    3.149506] devices_kset: Moving 0000:00:02.0 to end of list
[    3.149700] IOAPIC[0]: Set routing entry (2-18 -> 0x92 -> IRQ 18 Mode:1 Active:1 Dest:15)
[    3.149927] device: '0000:00:02.0:pcie08': device_add
[    3.150017] bus: 'pci_express': add device 0000:00:02.0:pcie08
[    3.150111] PM: Adding info for pci_express:0000:00:02.0:pcie08
[    3.150214] driver: 'pcieport': driver_bound: bound to device '0000:00:02.0'
[    3.150303] bus: 'pci': really_probe: bound device 0000:00:02.0 to driver pcieport
[    3.150445] bus: 'pci': driver_probe_device: matched device 0000:00:07.0 with driver pcieport
[    3.150586] bus: 'pci': really_probe: probing driver pcieport with device 0000:00:07.0
[    3.150729] devices_kset: Moving 0000:00:07.0 to end of list
[    3.150883] IOAPIC[0]: Set routing entry (2-19 -> 0xb2 -> IRQ 19 Mode:1 Active:1 Dest:15)
[    3.151099] device: '0000:00:07.0:pcie08': device_add
[    3.151188] bus: 'pci_express': add device 0000:00:07.0:pcie08
[    3.151283] PM: Adding info for pci_express:0000:00:07.0:pcie08
[    3.151385] driver: 'pcieport': driver_bound: bound to device '0000:00:07.0'
[    3.151473] bus: 'pci': really_probe: bound device 0000:00:07.0 to driver pcieport
[    3.151615] bus: 'pci': driver_probe_device: matched device 0000:00:09.0 with driver pcieport
[    3.151757] bus: 'pci': really_probe: probing driver pcieport with device 0000:00:09.0
[    3.151899] devices_kset: Moving 0000:00:09.0 to end of list
[    3.152053] IOAPIC[0]: Set routing entry (2-17 -> 0xd2 -> IRQ 17 Mode:1 Active:1 Dest:15)
[    3.152269] device: '0000:00:09.0:pcie08': device_add
[    3.152359] bus: 'pci_express': add device 0000:00:09.0:pcie08
[    3.152452] PM: Adding info for pci_express:0000:00:09.0:pcie08
[    3.152553] driver: 'pcieport': driver_bound: bound to device '0000:00:09.0'
[    3.152642] bus: 'pci': really_probe: bound device 0000:00:09.0 to driver pcieport
[    3.152796] bus: 'pci_express': add driver aer
[    3.152888] bus: 'pci_express': add driver pcie_pme
[    3.152982] bus: 'pci': add driver radeonfb
[    3.153084] bus: 'platform': add driver vesa-framebuffer
[    3.153179] bus: 'platform': add driver efi-framebuffer
[    3.153276] device: 'ptmx': device_add
[    3.153371] PM: Adding info for No Bus:ptmx
[    3.153499] Serial: 8250/16550 driver, 4 ports, IRQ sharing enabled
[    3.153591] bus: 'pnp': add driver serial
[    3.153710] Registering platform device 'serial8250'. Parent at platform
[    3.153798] device: 'serial8250': device_add
[    3.153887] bus: 'platform': add device serial8250
[    3.153981] PM: Adding info for platform:serial8250
[    3.154085] device: 'ttyS0': device_add
[    3.154188] PM: Adding info for No Bus:ttyS0
[    3.154330] device: 'ttyS1': device_add
[    3.154431] PM: Adding info for No Bus:ttyS1
[    3.154554] device: 'ttyS2': device_add
[    3.154656] PM: Adding info for No Bus:ttyS2
[    3.154776] device: 'ttyS3': device_add
[    3.154877] PM: Adding info for No Bus:ttyS3
[    3.154987] bus: 'platform': add driver serial8250
[    3.155076] bus: 'platform': driver_probe_device: matched device serial8250 with driver serial8250
[    3.155218] bus: 'platform': really_probe: probing driver serial8250 with device serial8250
[    3.155360] devices_kset: Moving serial8250 to end of list
[    3.155448] driver: 'serial8250': driver_bound: bound to device 'serial8250'
[    3.155536] bus: 'platform': really_probe: bound device serial8250 to driver serial8250
[    3.155682] bus: 'pci': add driver serial
[    3.155796] device: 'hw_random': device_add
[    3.155891] PM: Adding info for No Bus:hw_random
[    3.156048] Linux agpgart interface v0.103
[    3.156139] device class 'drm': registering
[    3.156232] [drm] Initialized drm 1.1.0 20060810
[    3.156321] device: 'ttm': device_add
[    3.156415] PM: Adding info for No Bus:ttm
[    3.158094] [drm] radeon kernel modesetting enabled.
[    3.158182] bus: 'pci': add driver radeon
[    3.158313] bus: 'pci': driver_probe_device: matched device 0000:01:00.0 with driver radeon
[    3.158455] bus: 'pci': really_probe: probing driver radeon with device 0000:01:00.0
[    3.158598] devices_kset: Moving 0000:01:00.0 to end of list
[    3.158707] IOAPIC[0]: Set routing entry (2-18 -> 0x23 -> IRQ 18 Mode:1 Active:1 Dest:15)
[    3.158883] device: 'controlD64': device_add
[    3.158980] PM: Adding info for No Bus:controlD64
[    3.159117] device: 'renderD128': device_add
[    3.159211] PM: Adding info for No Bus:renderD128
[    3.159324] device: 'card0': device_add
[    3.159418] PM: Adding info for No Bus:card0
[    3.159531] [drm] initializing kernel modesetting (RV770 0x1002:0x9440 0x174B:0xE114).
[    3.159680] [drm] register mmio base: 0xFDEE0000
[    3.159767] [drm] register mmio size: 65536
[    3.160143] ATOM BIOS: Wekiva
[    3.160252] radeon 0000:01:00.0: VRAM: 2048M 0x0000000000000000 - 0x000000007FFFFFFF (2048M used)
[    3.160394] radeon 0000:01:00.0: GTT: 1024M 0x0000000080000000 - 0x00000000BFFFFFFF
[    3.160536] [drm] Detected VRAM RAM=2048M, BAR=256M
[    3.160623] [drm] RAM width 256bits DDR
[    3.160777] [TTM] Zone  kernel: Available graphics memory: 4073500 kiB
[    3.160865] [TTM] Zone   dma32: Available graphics memory: 2097152 kiB
[    3.160953] [TTM] Initializing pool allocator
[    3.161043] [TTM] Initializing DMA pool allocator
[    3.161148] [drm] radeon: 2048M of VRAM memory ready
[    3.161235] [drm] radeon: 1024M of GTT memory ready.
[    3.161330] [drm] Loading RV770 Microcode
[    3.161419] radeon 0000:01:00.0: firmware: using built-in firmware radeon/RV770_pfp.bin
[    3.161562] radeon 0000:01:00.0: firmware: using built-in firmware radeon/RV770_me.bin
[    3.161704] radeon 0000:01:00.0: firmware: using built-in firmware radeon/R700_rlc.bin
[    3.161846] radeon 0000:01:00.0: firmware: using built-in firmware radeon/RV770_smc.bin
[    3.161988] [drm] Internal thermal controller with fan control
[    3.162083] device: 'hwmon0': device_add
[    3.162184] PM: Adding info for No Bus:hwmon0
[    3.162285] == power state 0 ==
[    3.162372] 	ui class: none
[    3.162491] 	internal class: boot 
[    3.162642] 	caps: video 
[    3.162794] 	uvd    vclk: 0 dclk: 0
[    3.162881] 		power level 0    sclk: 75000 mclk: 90000 vddc: 1263
[    3.162968] 		power level 1    sclk: 75000 mclk: 90000 vddc: 1263
[    3.163056] 		power level 2    sclk: 75000 mclk: 90000 vddc: 1263
[    3.163144] 	status: c r b 
[    3.163360] == power state 1 ==
[    3.163447] 	ui class: performance
[    3.163565] 	internal class: none
[    3.163716] 	caps: single_disp video 
[    3.163900] 	uvd    vclk: 0 dclk: 0
[    3.163987] 		power level 0    sclk: 50000 mclk: 90000 vddc: 1263
[    3.164075] 		power level 1    sclk: 50000 mclk: 90000 vddc: 1263
[    3.164162] 		power level 2    sclk: 75000 mclk: 90000 vddc: 1263
[    3.164250] 	status: 
[    3.164368] == power state 2 ==
[    3.164455] 	ui class: none
[    3.164574] 	internal class: uvd 
[    3.164725] 	caps: video 
[    3.164876] 	uvd    vclk: 53300 dclk: 40000
[    3.164963] 		power level 0    sclk: 75000 mclk: 90000 vddc: 1263
[    3.165051] 		power level 1    sclk: 75000 mclk: 90000 vddc: 1263
[    3.165138] 		power level 2    sclk: 75000 mclk: 90000 vddc: 1263
[    3.165226] 	status: 
[    3.165344] == power state 3 ==
[    3.165430] 	ui class: performance
[    3.165549] 	internal class: none
[    3.165700] 	caps: video 
[    3.165851] 	uvd    vclk: 0 dclk: 0
[    3.165938] 		power level 0    sclk: 50000 mclk: 90000 vddc: 1263
[    3.166026] 		power level 1    sclk: 50000 mclk: 90000 vddc: 1263
[    3.166114] 		power level 2    sclk: 75000 mclk: 90000 vddc: 1263
[    3.166201] 	status: 
[    3.166852] [drm] radeon: dpm initialized
[    3.166941] radeon 0000:01:00.0: firmware: using built-in firmware radeon/RV770_uvd.bin
[    3.167069] [drm] GART: num cpu pages 262144, num gpu pages 262144
[    3.168026] [drm] enabling PCIE gen 2 link speeds, disable with radeon.pcie_gen2=0
[    3.172904] [drm] PCIE GART of 1024M enabled (table at 0x0000000000258000).
[    3.172996] radeon 0000:01:00.0: WB enabled
[    3.173070] radeon 0000:01:00.0: fence driver on ring 0 use gpu addr 0x0000000080000c00 and cpu addr 0xffff8800cfa38c00
[    3.173187] radeon 0000:01:00.0: fence driver on ring 3 use gpu addr 0x0000000080000c0c and cpu addr 0xffff8800cfa38c0c
[    3.173716] radeon 0000:01:00.0: fence driver on ring 5 use gpu addr 0x0000000000056230 and cpu addr 0xffffc90000416230
[    3.173833] [drm] Supports vblank timestamp caching Rev 2 (21.10.2013).
[    3.173906] [drm] Driver supports precise vblank timestamp query.
[    3.173980] radeon 0000:01:00.0: radeon: MSI limited to 32-bit
[    3.174110] radeon 0000:01:00.0: radeon: using MSI.
[    3.174201] [drm] radeon: irq initialized.
[    3.220455] [drm] ring test on 0 succeeded in 1 usecs
[    3.220532] [drm] ring test on 3 succeeded in 2 usecs
[    3.396761] [drm] ring test on 5 succeeded in 1 usecs
[    3.396836] [drm] UVD initialized successfully.
[    3.397020] [drm] ib test on ring 0 succeeded in 0 usecs
[    3.397106] [drm] ib test on ring 3 succeeded in 0 usecs
[    4.047629] [drm] ib test on ring 5 succeeded
[    4.047730] device: 'i2c-0': device_add
[    4.047810] bus: 'i2c': add device i2c-0
[    4.047890] PM: Adding info for i2c:i2c-0
[    4.047974] device: 'i2c-1': device_add
[    4.048050] bus: 'i2c': add device i2c-1
[    4.048128] PM: Adding info for i2c:i2c-1
[    4.048207] device: 'i2c-2': device_add
[    4.048282] bus: 'i2c': add device i2c-2
[    4.048358] PM: Adding info for i2c:i2c-2
[    4.048438] device: 'i2c-3': device_add
[    4.048513] bus: 'i2c': add device i2c-3
[    4.048590] PM: Adding info for i2c:i2c-3
[    4.048669] device: 'i2c-4': device_add
[    4.048744] bus: 'i2c': add device i2c-4
[    4.048821] PM: Adding info for i2c:i2c-4
[    4.049041] device: 'card0-DVI-I-1': device_add
[    4.049133] PM: Adding info for No Bus:card0-DVI-I-1
[    4.049229] device: 'card0-HDMI-A-1': device_add
[    4.049313] PM: Adding info for No Bus:card0-HDMI-A-1
[    4.049401] device: 'card0-VGA-1': device_add
[    4.049484] PM: Adding info for No Bus:card0-VGA-1
[    4.049564] [drm] Radeon Display Connectors
[    4.049637] [drm] Connector 0:
[    4.049709] [drm]   DVI-I-1
[    4.049781] [drm]   HPD2
[    4.049853] [drm]   DDC: 0x7e20 0x7e20 0x7e24 0x7e24 0x7e28 0x7e28 0x7e2c 0x7e2c
[    4.049968] [drm]   Encoders:
[    4.050040] [drm]     CRT1: INTERNAL_KLDSCP_DAC1
[    4.050113] [drm]     DFP2: INTERNAL_KLDSCP_LVTMA
[    4.050185] [drm] Connector 1:
[    4.050257] [drm]   HDMI-A-1
[    4.050329] [drm]   HPD3
[    4.050402] [drm]   DDC: 0x7e50 0x7e50 0x7e54 0x7e54 0x7e58 0x7e58 0x7e5c 0x7e5c
[    4.050516] [drm]   Encoders:
[    4.050588] [drm]     DFP1: INTERNAL_UNIPHY
[    4.050660] [drm] Connector 2:
[    4.050733] [drm]   VGA-1
[    4.050805] [drm]   DDC: 0x7e60 0x7e60 0x7e64 0x7e64 0x7e68 0x7e68 0x7e6c 0x7e6c
[    4.050919] [drm]   Encoders:
[    4.050991] [drm]     CRT2: INTERNAL_KLDSCP_DAC2
[    4.051111] switching from power state:
[    4.051189] 	ui class: none
[    4.051290] 	internal class: boot 
[    4.051422] 	caps: video 
[    4.051552] 	uvd    vclk: 0 dclk: 0
[    4.051625] 		power level 0    sclk: 75000 mclk: 90000 vddc: 1263
[    4.051698] 		power level 1    sclk: 75000 mclk: 90000 vddc: 1263
[    4.051771] 		power level 2    sclk: 75000 mclk: 90000 vddc: 1263
[    4.051844] 	status: c b 
[    4.052003] switching to power state:
[    4.052075] 	ui class: performance
[    4.052176] 	internal class: none
[    4.052307] 	caps: single_disp video 
[    4.052467] 	uvd    vclk: 0 dclk: 0
[    4.052539] 		power level 0    sclk: 50000 mclk: 90000 vddc: 1263
[    4.052612] 		power level 1    sclk: 50000 mclk: 90000 vddc: 1263
[    4.052685] 		power level 2    sclk: 75000 mclk: 90000 vddc: 1263
[    4.052758] 	status: r 
[    4.099507] [drm] fb mappable at 0xD0459000
[    4.099585] [drm] vram apper at 0xD0000000
[    4.099662] [drm] size 8294400
[    4.099738] [drm] fb depth is 24
[    4.099815] [drm]    pitch is 7680
[    4.099893] device: 'fb0': device_add
[    4.099980] PM: Adding info for No Bus:fb0
[    4.100114] fbcon: radeondrmfb (fb0) is primary device
[    4.100139] device: 'vtcon1': device_add
[    4.100149] PM: Adding info for No Bus:vtcon1
[    4.137675] tsc: Refined TSC clocksource calibration: 3415.553 MHz
[    4.137677] clocksource: tsc: mask: 0xffffffffffffffff max_cycles: 0x313bb2fd780, max_idle_ns: 440795322031 ns
[    4.137737] switching from power state:
[    4.137737] 	ui class: performance
[    4.137738] 	internal class: none
[    4.137738] 	caps: single_disp video 
[    4.137739] 	uvd    vclk: 0 dclk: 0
[    4.137739] 		power level 0    sclk: 50000 mclk: 90000 vddc: 1263
[    4.137740] 		power level 1    sclk: 50000 mclk: 90000 vddc: 1263
[    4.137740] 		power level 2    sclk: 75000 mclk: 90000 vddc: 1263
[    4.137741] 	status: c 
[    4.137741] switching to power state:
[    4.137741] 	ui class: performance
[    4.137742] 	internal class: none
[    4.137742] 	caps: video 
[    4.137743] 	uvd    vclk: 0 dclk: 0
[    4.137743] 		power level 0    sclk: 50000 mclk: 90000 vddc: 1263
[    4.137743] 		power level 1    sclk: 50000 mclk: 90000 vddc: 1263
[    4.137744] 		power level 2    sclk: 75000 mclk: 90000 vddc: 1263
[    4.137744] 	status: r 
[    4.170265] Console: switching to colour frame buffer device 240x67
[    4.177588] radeon 0000:01:00.0: fb0: radeondrmfb frame buffer device
[    4.207738] [drm] Initialized radeon 2.43.0 20080528 for 0000:01:00.0 on minor 0
[    4.207779] driver: 'radeon': driver_bound: bound to device '0000:01:00.0'
[    4.207813] bus: 'pci': really_probe: bound device 0000:01:00.0 to driver radeon
[    4.207906] device: 'cache': device_add
[    4.207932] PM: Adding info for No Bus:cache
[    4.207956] device: 'index0': device_add
[    4.207987] PM: Adding info for No Bus:index0
[    4.208010] device: 'index1': device_add
[    4.208041] PM: Adding info for No Bus:index1
[    4.208064] device: 'index2': device_add
[    4.208094] PM: Adding info for No Bus:index2
[    4.208118] device: 'index3': device_add
[    4.208149] PM: Adding info for No Bus:index3
[    4.208187] device: 'cache': device_add
[    4.208212] PM: Adding info for No Bus:cache
[    4.208234] device: 'index0': device_add
[    4.208264] PM: Adding info for No Bus:index0
[    4.208287] device: 'index1': device_add
[    4.209358] PM: Adding info for No Bus:index1
[    4.210407] device: 'index2': device_add
