[    0.000000] Initializing cgroup subsys cpuset
[    0.000000] Initializing cgroup subsys cpu
[    0.000000] Initializing cgroup subsys cpuacct
[    0.000000] Linux version 3.19.0-rc4-g971780b (emacs@manji) (gcc version 4.9.2 20141224 (prerelease) (GCC) ) #13 SMP Tue Jan 13 08:59:25 CET 2015
[    0.000000] Command line: BOOT_IMAGE=/vmlinuz-linux-git root=UUID=bfa4ab6e-19a3-4601-ba2b-267c55841c73 rw cryptdevice=/dev/disk/by-uuid/70c08890-417a-497d-b6ab-c0d0357a63e2:cryptManjaro:allow-discards ipv6.disable=1 pnp.debug=1 loglevel=9 log_buf_len=10M printk.always_kmsg_dump=y printk.time=y mminit_loglevel=0 memory_corruption_check=1 fbcon=scrollback:4096k fbcon=font:ProFont6x11 apic=debug earlyprintk=vga
[    0.000000] KERNEL supported cpus:
[    0.000000]   AMD AuthenticAMD
[    0.000000] tseg: 00bfe00000
[    0.000000] e820: BIOS-provided physical RAM map:
[    0.000000] BIOS-e820: [mem 0x0000000000000000-0x000000000009d7ff] usable
[    0.000000] BIOS-e820: [mem 0x000000000009d800-0x000000000009ffff] reserved
[    0.000000] BIOS-e820: [mem 0x00000000000e0000-0x00000000000fffff] reserved
[    0.000000] BIOS-e820: [mem 0x0000000000100000-0x00000000bed9afff] usable
[    0.000000] BIOS-e820: [mem 0x00000000bed9b000-0x00000000bf39afff] reserved
[    0.000000] BIOS-e820: [mem 0x00000000bf39b000-0x00000000bf49afff] ACPI NVS
[    0.000000] BIOS-e820: [mem 0x00000000bf49b000-0x00000000bf51afff] ACPI data
[    0.000000] BIOS-e820: [mem 0x00000000bf51b000-0x00000000bfdfffff] usable
[    0.000000] BIOS-e820: [mem 0x00000000bfe00000-0x00000000bfffffff] reserved
[    0.000000] BIOS-e820: [mem 0x00000000fec00000-0x00000000fecfffff] reserved
[    0.000000] BIOS-e820: [mem 0x00000000fed80000-0x00000000fed80fff] reserved
[    0.000000] BIOS-e820: [mem 0x00000000ffe00000-0x00000000ffffffff] reserved
[    0.000000] BIOS-e820: [mem 0x0000000100000000-0x000000041effffff] usable
[    0.000000] bootconsole [earlyvga0] enabled
[    0.000000] NX (Execute Disable) protection: active
[    0.000000] SMBIOS 2.6 present.
[    0.000000] DMI: LENOVO Sabine/Torpedo, BIOS 54CN18WW 07/20/2011
[    0.000000] e820: update [mem 0x00000000-0x00000fff] usable ==> reserved
[    0.000000] e820: remove [mem 0x000a0000-0x000fffff] usable
[    0.000000] e820: last_pfn = 0x41f000 max_arch_pfn = 0x400000000
[    0.000000] MTRR default type: uncachable
[    0.000000] MTRR fixed ranges enabled:
[    0.000000]   00000-9FFFF write-back
[    0.000000]   A0000-BFFFF uncachable
[    0.000000]   C0000-FFFFF write-protect
[    0.000000] MTRR variable ranges enabled:
[    0.000000]   0 base 0000000000 mask FF80000000 write-back
[    0.000000]   1 base 0080000000 mask FFC0000000 write-back
[    0.000000]   2 base 00FFF90000 mask FFFFFF0000 uncachable
[    0.000000]   3 base 00FED80000 mask 0FFFFFF000 uncachable
[    0.000000]   4 disabled
[    0.000000]   5 disabled
[    0.000000]   6 disabled
[    0.000000]   7 base 00FFE00000 mask FFFFE00000 write-protect
[    0.000000] TOM2: 000000041f000000 aka 16880M
[    0.000000] mtrr: your BIOS has configured an incorrect mask, fixing it.
[    0.000000] e820: last_pfn = 0xbfe00 max_arch_pfn = 0x400000000
[    0.000000] Scan for SMP in [mem 0x00000000-0x000003ff]
[    0.000000] Scan for SMP in [mem 0x0009fc00-0x0009ffff]
[    0.000000] Scan for SMP in [mem 0x000f0000-0x000fffff]
[    0.000000] found SMP MP-table at [mem 0x000fa8b0-0x000fa8bf] mapped at [ffff8800000fa8b0]
[    0.000000]   mpc: fa8c0-faa24
[    0.000000] Base memory trampoline at [ffff880000097000] 97000 size 24576
[    0.000000] Using GB pages for direct mapping
[    0.000000] init_memory_mapping: [mem 0x00000000-0x000fffff]
[    0.000000]  [mem 0x00000000-0x000fffff] page 4k
[    0.000000] BRK [0x0202c000, 0x0202cfff] PGTABLE
[    0.000000] BRK [0x0202d000, 0x0202dfff] PGTABLE
[    0.000000] BRK [0x0202e000, 0x0202efff] PGTABLE
[    0.000000] init_memory_mapping: [mem 0x41ee00000-0x41effffff]
[    0.000000]  [mem 0x41ee00000-0x41effffff] page 2M
[    0.000000] BRK [0x0202f000, 0x0202ffff] PGTABLE
[    0.000000] init_memory_mapping: [mem 0x400000000-0x41edfffff]
[    0.000000]  [mem 0x400000000-0x41edfffff] page 2M
[    0.000000] init_memory_mapping: [mem 0x3e0000000-0x3ffffffff]
[    0.000000]  [mem 0x3e0000000-0x3ffffffff] page 1G
[    0.000000] init_memory_mapping: [mem 0x00100000-0xbed9afff]
[    0.000000]  [mem 0x00100000-0x001fffff] page 4k
[    0.000000]  [mem 0x00200000-0x3fffffff] page 2M
[    0.000000]  [mem 0x40000000-0x7fffffff] page 1G
[    0.000000]  [mem 0x80000000-0xbebfffff] page 2M
[    0.000000]  [mem 0xbec00000-0xbed9afff] page 4k
[    0.000000] init_memory_mapping: [mem 0xbf51b000-0xbfdfffff]
[    0.000000]  [mem 0xbf51b000-0xbf5fffff] page 4k
[    0.000000]  [mem 0xbf600000-0xbfdfffff] page 2M
[    0.000000] BRK [0x02030000, 0x02030fff] PGTABLE
[    0.000000] init_memory_mapping: [mem 0x100000000-0x3dfffffff]
[    0.000000]  [mem 0x100000000-0x3dfffffff] page 1G
[    0.000000] log_buf_len: 16777216 bytes
[    0.000000] early log buf free: 2092136(99%)
[    0.000000] RAMDISK: [mem 0x370d6000-0x37862fff]
[    0.000000] ACPI: Early table checksum verification disabled
[    0.000000] ACPI: RSDP 0x00000000000F0110 000024 (v02 LENOVO)
[    0.000000] ACPI: XSDT 0x00000000BF51A120 000074 (v01 LENOVO CB-01    00000001 LENO 00000001)
[    0.000000] ACPI: FACP 0x00000000BF508000 0000F4 (v04 LENOVO CB-01    00000001 PTL  00000001)
[    0.000000] ACPI: DSDT 0x00000000BF50A000 00FD10 (v01 LENOVO CB-01    00001000 LENO 00000001)
[    0.000000] ACPI: FACS 0x00000000BF478000 000040
[    0.000000] ACPI: HPET 0x00000000BF507000 000038 (v01 LENOVO CB-01    00000001 PTL  00000001)
[    0.000000] ACPI: APIC 0x00000000BF506000 00007A (v02 LENOVO CB-01    00000001 PTL  00000001)
[    0.000000] ACPI: MCFG 0x00000000BF505000 00003C (v01 LENOVO CB-01    00000001 PTL  00000001)
[    0.000000] ACPI: SLIC 0x00000000BF504000 000176 (v01 LENOVO CB-01    00000001 LENO 00000001)
[    0.000000] ACPI: UEFI 0x00000000BF503000 00003E (v01 LENOVO CB-01    00000001 PTL  00000001)
[    0.000000] ACPI: UEFI 0x00000000BF502000 000042 (v01 PTL    COMBUF   00000001 PTL  00000001)
[    0.000000] ACPI: SSDT 0x00000000BF501000 000E34 (v01 AMD    POWERNOW 00000001 AMD  00000001)
[    0.000000] ACPI: SSDT 0x00000000BF4FF000 00193D (v02 AMD    ALIB     00000001 MSFT 04000000)
[    0.000000] ACPI: UEFI 0x00000000BF4FE000 0001DE (v01 LENOVO CB-01    00000001 PTL  00000001)
[    0.000000] ACPI: Local APIC address 0xfee00000
[    0.000000] mapped APIC to ffffffffff7fc000 (        fee00000)
[    0.000000] No NUMA configuration found
[    0.000000] Faking a node at [mem 0x0000000000000000-0x000000041effffff]
[    0.000000] NODE_DATA(0) allocated [mem 0x41dff9000-0x41dffcfff]
[    0.000000]  [ffffea0000000000-ffffea00107fffff] PMD -> [ffff88040de00000-ffff88041d5fffff] on node 0
[    0.000000] Zone ranges:
[    0.000000]   DMA      [mem 0x00001000-0x00ffffff]
[    0.000000]   DMA32    [mem 0x01000000-0xffffffff]
[    0.000000]   Normal   [mem 0x100000000-0x41effffff]
[    0.000000] Movable zone start for each node
[    0.000000] Early memory node ranges
[    0.000000]   node   0: [mem 0x00001000-0x0009cfff]
[    0.000000]   node   0: [mem 0x00100000-0xbed9afff]
[    0.000000]   node   0: [mem 0xbf51b000-0xbfdfffff]
[    0.000000]   node   0: [mem 0x100000000-0x41effffff]
[    0.000000] Initmem setup node 0 [mem 0x00001000-0x41effffff]
[    0.000000] On node 0 totalpages: 4056604
[    0.000000]   DMA zone: 64 pages used for memmap
[    0.000000]   DMA zone: 21 pages reserved
[    0.000000]   DMA zone: 3996 pages, LIFO batch:0
[    0.000000]   DMA32 zone: 12186 pages used for memmap
[    0.000000]   DMA32 zone: 779904 pages, LIFO batch:31
[    0.000000]   Normal zone: 51136 pages used for memmap
[    0.000000]   Normal zone: 3272704 pages, LIFO batch:31
[    0.000000] ACPI: PM-Timer IO Port: 0x808
[    0.000000] ACPI: Local APIC address 0xfee00000
[    0.000000] mapped APIC to ffffffffff7fc000 (        fee00000)
[    0.000000] ACPI: LAPIC (acpi_id[0x00] lapic_id[0x00] enabled)
[    0.000000] ACPI: LAPIC (acpi_id[0x01] lapic_id[0x01] enabled)
[    0.000000] ACPI: LAPIC (acpi_id[0x02] lapic_id[0x02] enabled)
[    0.000000] ACPI: LAPIC (acpi_id[0x03] lapic_id[0x03] enabled)
[    0.000000] ACPI: LAPIC_NMI (acpi_id[0x00] high edge lint[0x1])
[    0.000000] ACPI: LAPIC_NMI (acpi_id[0x01] high edge lint[0x1])
[    0.000000] ACPI: LAPIC_NMI (acpi_id[0x02] high edge lint[0x1])
[    0.000000] ACPI: LAPIC_NMI (acpi_id[0x03] high edge lint[0x1])
[    0.000000] ACPI: IOAPIC (id[0x02] address[0xfec00000] gsi_base[0])
[    0.000000] IOAPIC[0]: apic_id 2, version 33, address 0xfec00000, GSI 0-23
[    0.000000] ACPI: INT_SRC_OVR (bus 0 bus_irq 0 global_irq 2 dfl dfl)
[    0.000000] Int: type 0, pol 0, trig 0, bus 00, IRQ 00, APIC ID 2, APIC INT 02
[    0.000000] Int: type 0, pol 3, trig 3, bus 00, IRQ 09, APIC ID 2, APIC INT 09
[    0.000000] ACPI: IRQ0 used by override.
[    0.000000] Int: type 0, pol 0, trig 0, bus 00, IRQ 01, APIC ID 2, APIC INT 01
[    0.000000] Int: type 0, pol 0, trig 0, bus 00, IRQ 03, APIC ID 2, APIC INT 03
[    0.000000] Int: type 0, pol 0, trig 0, bus 00, IRQ 04, APIC ID 2, APIC INT 04
[    0.000000] Int: type 0, pol 0, trig 0, bus 00, IRQ 05, APIC ID 2, APIC INT 05
[    0.000000] Int: type 0, pol 0, trig 0, bus 00, IRQ 06, APIC ID 2, APIC INT 06
[    0.000000] Int: type 0, pol 0, trig 0, bus 00, IRQ 07, APIC ID 2, APIC INT 07
[    0.000000] Int: type 0, pol 0, trig 0, bus 00, IRQ 08, APIC ID 2, APIC INT 08
[    0.000000] ACPI: IRQ9 used by override.
[    0.000000] Int: type 0, pol 0, trig 0, bus 00, IRQ 0a, APIC ID 2, APIC INT 0a
[    0.000000] Int: type 0, pol 0, trig 0, bus 00, IRQ 0b, APIC ID 2, APIC INT 0b
[    0.000000] Int: type 0, pol 0, trig 0, bus 00, IRQ 0c, APIC ID 2, APIC INT 0c
[    0.000000] Int: type 0, pol 0, trig 0, bus 00, IRQ 0d, APIC ID 2, APIC INT 0d
[    0.000000] Int: type 0, pol 0, trig 0, bus 00, IRQ 0e, APIC ID 2, APIC INT 0e
[    0.000000] Int: type 0, pol 0, trig 0, bus 00, IRQ 0f, APIC ID 2, APIC INT 0f
[    0.000000] Using ACPI (MADT) for SMP configuration information
[    0.000000] ACPI: HPET id: 0x43538210 base: 0xfed00000
[    0.000000] smpboot: Allowing 4 CPUs, 0 hotplug CPUs
[    0.000000] mapped IOAPIC to ffffffffff7fb000 (fec00000)
[    0.000000] e820: [mem 0xc0000000-0xfebfffff] available for PCI devices
[    0.000000] setup_percpu: NR_CPUS:64 nr_cpumask_bits:64 nr_cpu_ids:4 nr_node_ids:1
[    0.000000] PERCPU: Embedded 29 pages/cpu @ffff88041dc00000 s80576 r8192 d30016 u524288
[    0.000000] pcpu-alloc: s80576 r8192 d30016 u524288 alloc=1*2097152
[    0.000000] pcpu-alloc: [0] 0 1 2 3 
[    0.000000] Built 1 zonelists in Node order, mobility grouping on.  Total pages: 3993197
[    0.000000] Policy zone: Normal
[    0.000000] Kernel command line: BOOT_IMAGE=/vmlinuz-linux-git root=UUID=bfa4ab6e-19a3-4601-ba2b-267c55841c73 rw cryptdevice=/dev/disk/by-uuid/70c08890-417a-497d-b6ab-c0d0357a63e2:cryptManjaro:allow-discards ipv6.disable=1 pnp.debug=1 loglevel=9 log_buf_len=10M printk.always_kmsg_dump=y printk.time=y mminit_loglevel=0 memory_corruption_check=1 fbcon=scrollback:4096k fbcon=font:ProFont6x11 apic=debug earlyprintk=vga
[    0.000000] PID hash table entries: 4096 (order: 3, 32768 bytes)
[    0.000000] Memory: 15864984K/16226416K available (6716K kernel code, 790K rwdata, 2872K rodata, 864K init, 2588K bss, 361432K reserved, 0K cma-reserved)
[    0.000000] SLUB: HWalign=64, Order=0-3, MinObjects=0, CPUs=4, Nodes=1
[    0.000000] Hierarchical RCU implementation.
[    0.000000] 	RCU dyntick-idle grace-period acceleration is enabled.
[    0.000000] 	Additional per-CPU info printed with stalls.
[    0.000000] 	RCU restricting CPUs from NR_CPUS=64 to nr_cpu_ids=4.
[    0.000000] RCU: Adjusting geometry for rcu_fanout_leaf=16, nr_cpu_ids=4
[    0.000000] NR_IRQS:4352 nr_irqs:456 16
[    0.000000] 	Offload RCU callbacks from all CPUs
[    0.000000] 	Offload RCU callbacks from CPUs: 0-3.
[    0.000000] spurious 8259A interrupt: IRQ7.
[    0.000000] vgacon: allocated 4194304 bytes of memory for scrollback. CONFIG_VGACON_SOFT_SCROLLBACK_SIZE=4096
[    0.000000] Console: colour VGA+ 80x25
[    0.000000] console [tty0] enabled
[    0.000000] bootconsole [earlyvga0] disabled
[    0.000000] hpet clockevent registered
[    0.000000] tsc: Fast TSC calibration using PIT
[    0.000000] tsc: Detected 1397.485 MHz processor
[    0.000055] Calibrating delay loop (skipped), value calculated using timer frequency.. 2796.42 BogoMIPS (lpj=4658283)
[    0.000177] pid_max: default: 32768 minimum: 301
[    0.000221] ACPI: Core revision 20141107
[    0.023225] ACPI: All ACPI Tables successfully acquired
[    0.023652] Security Framework initialized
[    0.025241] Dentry cache hash table entries: 2097152 (order: 12, 16777216 bytes)
[    0.031705] Inode-cache hash table entries: 1048576 (order: 11, 8388608 bytes)
[    0.034660] Mount-cache hash table entries: 32768 (order: 6, 262144 bytes)
[    0.034774] Mountpoint-cache hash table entries: 32768 (order: 6, 262144 bytes)
[    0.035298] Initializing cgroup subsys memory
[    0.035416] Initializing cgroup subsys devices
[    0.035482] Initializing cgroup subsys freezer
[    0.035547] Initializing cgroup subsys net_cls
[    0.035614] Initializing cgroup subsys blkio
[    0.035704] CPU: Physical Processor ID: 0
[    0.035768] CPU: Processor Core ID: 0
[    0.035831] mce: CPU supports 6 MCE banks
[    0.035904] Last level iTLB entries: 4KB 512, 2MB 16, 4MB 8
Last level dTLB entries: 4KB 1024, 2MB 128, 4MB 64, 1GB 0
[    0.036210] Freeing SMP alternatives memory: 20K (ffffffff81d9f000 - ffffffff81da4000)
[    0.036488] Getting VERSION: 80050010
[    0.036598] Getting VERSION: 80050010
[    0.036660] Getting ID: 0
[    0.036722] Getting ID: ff000000
[    0.036785] Getting LVT0: 700
[    0.036846] Getting LVT1: 400
[    0.036913] enabled ExtINT on CPU#0
[    0.037148] ENABLING IO-APIC IRQs
[    0.037211] init IO_APIC IRQs
[    0.037273]  apic 2 pin 0 not connected
[    0.037341] IOAPIC[0]: Set routing entry (2-1 -> 0x31 -> IRQ 1 Mode:0 Active:0 Dest:1)
[    0.037482] IOAPIC[0]: Set routing entry (2-2 -> 0x30 -> IRQ 0 Mode:0 Active:0 Dest:1)
[    0.037620] IOAPIC[0]: Set routing entry (2-2 -> 0x30 -> IRQ 0 Mode:0 Active:0 Dest:1)
[    0.037758] IOAPIC[0]: Set routing entry (2-3 -> 0x33 -> IRQ 3 Mode:0 Active:0 Dest:1)
[    0.037894] IOAPIC[0]: Set routing entry (2-4 -> 0x34 -> IRQ 4 Mode:0 Active:0 Dest:1)
[    0.038029] IOAPIC[0]: Set routing entry (2-5 -> 0x35 -> IRQ 5 Mode:0 Active:0 Dest:1)
[    0.038164] IOAPIC[0]: Set routing entry (2-6 -> 0x36 -> IRQ 6 Mode:0 Active:0 Dest:1)
[    0.038305] IOAPIC[0]: Set routing entry (2-7 -> 0x37 -> IRQ 7 Mode:0 Active:0 Dest:1)
[    0.038440] IOAPIC[0]: Set routing entry (2-8 -> 0x38 -> IRQ 8 Mode:0 Active:0 Dest:1)
[    0.038576] IOAPIC[0]: Set routing entry (2-9 -> 0x39 -> IRQ 9 Mode:1 Active:1 Dest:1)
[    0.038711] IOAPIC[0]: Set routing entry (2-10 -> 0x3a -> IRQ 10 Mode:0 Active:0 Dest:1)
[    0.038846] IOAPIC[0]: Set routing entry (2-11 -> 0x3b -> IRQ 11 Mode:0 Active:0 Dest:1)
[    0.038982] IOAPIC[0]: Set routing entry (2-12 -> 0x3c -> IRQ 12 Mode:0 Active:0 Dest:1)
[    0.039117] IOAPIC[0]: Set routing entry (2-13 -> 0x3d -> IRQ 13 Mode:0 Active:0 Dest:1)
[    0.039253] IOAPIC[0]: Set routing entry (2-14 -> 0x3e -> IRQ 14 Mode:0 Active:0 Dest:1)
[    0.039388] IOAPIC[0]: Set routing entry (2-15 -> 0x3f -> IRQ 15 Mode:0 Active:0 Dest:1)
[    0.039522]  apic 2 pin 16 not connected
[    0.039581]  apic 2 pin 17 not connected
[    0.039640]  apic 2 pin 18 not connected
[    0.039699]  apic 2 pin 19 not connected
[    0.039758]  apic 2 pin 20 not connected
[    0.039817]  apic 2 pin 21 not connected
[    0.039876]  apic 2 pin 22 not connected
[    0.039935]  apic 2 pin 23 not connected
[    0.040173] ..TIMER: vector=0x30 apic1=0 pin1=2 apic2=-1 pin2=-1
[    0.073252] smpboot: CPU0: AMD A6-3400M APU with Radeon(tm) HD Graphics (fam: 12, model: 01, stepping: 00)
[    0.073499] Using local APIC timer interrupts.
calibrating APIC timer ...
[    0.178396] ... lapic delta = 1247749
[    0.178459] ... PM-Timer delta = 357960
[    0.178522] ... PM-Timer result ok
[    0.178586] ..... delta 1247749
[    0.178648] ..... mult: 53590416
[    0.178711] ..... calibration result: 665466
[    0.178775] ..... CPU clock speed is 1397.2069 MHz.
[    0.178837] ..... host bus clock speed is 199.2199 MHz.
[    0.178924] Performance Events: AMD PMU driver.
[    0.179023] ... version:                0
[    0.179084] ... bit width:              48
[    0.179146] ... generic registers:      4
[    0.179207] ... value mask:             0000ffffffffffff
[    0.179269] ... max period:             00007fffffffffff
[    0.179331] ... fixed-purpose events:   0
[    0.179393] ... event mask:             000000000000000f
[    0.179746] MCE: In-kernel MCE decoding enabled.
[    0.179913] started {early_reset_EHCIs kernel/smp.c:838}
[    0.180025] early_pci_allowed {early_reset_EHCIs kernel/smp.c:844}
[    0.180252] Found EHCI on 00:12.2 {kline kernel/smp.c:764}
[    0.180316] bar_val: f014a900 {kline kernel/smp.c:767}
[    0.180380] ehci_bar: ffffffffff7fe900 {kline kernel/smp.c:789}
[    0.180446] n_ports:    5 {kline kernel/smp.c:796}
[    0.180509] FLAG_CF was already set which likely means BIOS USB Legacy is Disabled. {ehci_status kernel/smp.c:580}
[    0.180646]   ehci cmd     : 00080B00 {ehci_status kernel/smp.c:582}
[    0.180711]   ehci conf flg: 00000001 {ehci_status kernel/smp.c:583}
[    0.180775]   ehci status  : 0000100C {ehci_status kernel/smp.c:584}
[    0.180839] port 1 status 00001000 {ehci_status kernel/smp.c:587}
[    0.180903] port 2 status 00001000 {ehci_status kernel/smp.c:587}
[    0.180968] port 3 status 00003000 {ehci_status kernel/smp.c:587}
[    0.181035] port 4 status 00001000 {ehci_status kernel/smp.c:587}
[    0.181099] port 5 status 00001000 {ehci_status kernel/smp.c:587}
[    0.181162] ended {kline kernel/smp.c:829}
[    0.181236] Found EHCI on 00:13.2 {kline kernel/smp.c:764}
[    0.181299] bar_val: f014a800 {kline kernel/smp.c:767}
[    0.181361] ehci_bar: ffffffffff7fe800 {kline kernel/smp.c:789}
[    0.181424] n_ports:    5 {kline kernel/smp.c:796}
[    0.181485] FLAG_CF was already set which likely means BIOS USB Legacy is Disabled. {ehci_status kernel/smp.c:580}
[    0.181621]   ehci cmd     : 00080B00 {ehci_status kernel/smp.c:582}
[    0.181681]   ehci conf flg: 00000001 {ehci_status kernel/smp.c:583}
[    0.181741]   ehci status  : 0000100C {ehci_status kernel/smp.c:584}
[    0.181800] port 1 status 00001803 {ehci_status kernel/smp.c:587}
[    0.181859] port 2 status 00001000 {ehci_status kernel/smp.c:587}
[    0.181919] port 3 status 00001803 {ehci_status kernel/smp.c:587}
[    0.181978] port 4 status 00001000 {ehci_status kernel/smp.c:587}
[    0.182037] port 5 status 00001000 {ehci_status kernel/smp.c:587}
[    0.182095] ended {kline kernel/smp.c:829}
[    0.252286] ended, failed 0 times {early_reset_EHCIs kernel/smp.c:857}
[    0.252345] All EHCI controllers were reset. {smp_init kernel/smp.c:876}
[    0.252430] NMI watchdog: enabled on all CPUs, permanently consumes one hw-PMU counter.
[    0.252702] smpboot: ++++++++++++++++++++=_---CPU UP  1
[    0.252812] x86: Booting SMP configuration:
[    0.252872] .... node  #0, CPUs:      #1
[    0.252973] smpboot: Setting warm reset code and vector.
[    0.253085] smpboot: 1.
[    0.253142] smpboot: 2.
[    0.253198] smpboot: 3.
[    0.253254] smpboot: Asserting INIT
[    0.253311] smpboot: Waiting for send to finish...
[    0.263374] smpboot: Deasserting INIT
[    0.263483] smpboot: Waiting for send to finish...
[    0.263547] smpboot: #startup loops: 2
[    0.263608] smpboot: Sending STARTUP #1
[    0.263670] smpboot: After apic_write
[    0.264031] smpboot: Startup point 1
[    0.264138] smpboot: Waiting for send to finish...
[    0.264401] smpboot: Sending STARTUP #2
[    0.264511] smpboot: After apic_write
[    0.264874] smpboot: Startup point 1
[    0.264981] smpboot: Waiting for send to finish...
[    0.265244] smpboot: After Startup
[    0.170483] masked ExtINT on CPU#1
[    0.170517] smpboot: Stack at about ffff88040b9eff44
[    0.267510] TSC synchronization [CPU#0 -> CPU#1]:
[    0.267738] Measured 132573603 cycles TSC warp between CPUs, turning off TSC clock.
[    0.267876] tsc: Marking TSC unstable due to check_tsc_sync_source failed
[    0.268137] smpboot: ++++++++++++++++++++=_---CPU UP  2
[    0.268250]  #2
[    0.268287] smpboot: Setting warm reset code and vector.
[    0.268407] smpboot: 1.
[    0.268466] smpboot: 2.
[    0.268526] smpboot: 3.
[    0.268585] smpboot: Asserting INIT
[    0.268645] smpboot: Waiting for send to finish...
[    0.278710] smpboot: Deasserting INIT
[    0.278820] smpboot: Waiting for send to finish...
[    0.278885] smpboot: #startup loops: 2
[    0.278948] smpboot: Sending STARTUP #1
[    0.279009] smpboot: After apic_write
[    0.279370] smpboot: Startup point 1
[    0.279478] smpboot: Waiting for send to finish...
[    0.279740] smpboot: Sending STARTUP #2
[    0.279850] smpboot: After apic_write
[    0.280213] smpboot: Startup point 1
[    0.280320] smpboot: Waiting for send to finish...
[    0.280582] smpboot: After Startup
[    0.151730] masked ExtINT on CPU#2
[    0.151763] smpboot: Stack at about ffff88040b9f3f44
[    0.280948] smpboot: ++++++++++++++++++++=_---CPU UP  3
[    0.281181]  #3
[    0.281216] smpboot: Setting warm reset code and vector.
[    0.281336] smpboot: 1.
[    0.281397] smpboot: 2.
[    0.281458] smpboot: 3.
[    0.281518] smpboot: Asserting INIT
[    0.281579] smpboot: Waiting for send to finish...
[    0.291646] smpboot: Deasserting INIT
[    0.291755] smpboot: Waiting for send to finish...
[    0.291817] smpboot: #startup loops: 2
[    0.292970] smpboot: Sending STARTUP #1
[    0.293033] smpboot: After apic_write
[    0.293397] smpboot: Startup point 1
[    0.293506] smpboot: Waiting for send to finish...
[    0.293771] smpboot: Sending STARTUP #2
[    0.293879] smpboot: After apic_write
[    0.294240] smpboot: Startup point 1
[    0.294349] smpboot: Waiting for send to finish...
[    0.294614] smpboot: After Startup
[    0.131972] masked ExtINT on CPU#3
[    0.131998] smpboot: Stack at about ffff88040b9f7f44
[    0.294842] x86: Booted up 1 node, 4 CPUs
[    0.295025] smpboot: Boot done
[    0.295086] smpboot: Before bogomips
[    0.295149] smpboot: Total of 4 processors activated (11184.70 BogoMIPS)
[    0.295212] smpboot: Before bogocount - setting activated=1
[    0.193422] devtmpfs: initialized
[    0.193470] device: 'platform': device_add
[    0.193554] bus: 'platform': registered
[    0.193624] bus: 'cpu': registered
[    0.193687] device: 'cpu': device_add
[    0.193764] bus: 'container': registered
[    0.193827] device: 'container': device_add
[    0.194092] bus: 'workqueue': registered
[    0.194092] device: 'workqueue': device_add
[    0.194092] kworker/u8:0 (39) used greatest stack depth: 13936 bytes left
[    0.194092] atomic64_test: passed for x86-64 platform with CX8 and with SSE
[    0.194092] device class 'regulator': registering
[    0.194092] Registering platform device 'reg-dummy'. Parent at platform
[    0.194092] device: 'reg-dummy': device_add
[    0.194092] bus: 'platform': add device reg-dummy
[    0.194092] bus: 'platform': add driver reg-dummy
[    0.194092] bus: 'platform': driver_probe_device: matched device reg-dummy with driver reg-dummy
[    0.196677] bus: 'platform': really_probe: probing driver reg-dummy with device reg-dummy
[    0.196818] device: 'regulator.0': device_add
[    0.196910] regulator-dummy: no parameters
[    0.196986] driver: 'reg-dummy': driver_bound: bound to device 'reg-dummy'
[    0.197053] bus: 'platform': really_probe: bound device reg-dummy to driver reg-dummy
[    0.197301] NET: Registered protocol family 16
[    0.197493] device class 'bdi': registering
[    0.197614] bus: 'platform': add driver ramoops
[    0.197693] device class 'pci_bus': registering
[    0.197781] bus: 'pci': registered
[    0.197848] device class 'backlight': registering
[    0.197921] device class 'tty': registering
[    0.197998] device class 'vtconsole': registering
[    0.198072] device: 'vtcon0': device_add
[    0.198170] bus: 'node': registered
[    0.198237] device: 'node': device_add
[    0.198321] bus: 'i2c': registered
[    0.198385] bus: 'i2c': add driver dummy
[    0.198454] i2c-core: driver [dummy] registered
[    0.206700] cpuidle: using governor ladder
[    0.226701] cpuidle: using governor menu
[    0.227133] ACPI FADT declares the system doesn't support PCIe ASPM, so disable it
[    0.227316] ACPI: bus type PCI registered
[    0.227379] acpiphp: ACPI Hot Plug PCI Controller Driver version: 0.5
[    0.227446] device class 'dmi': registering
[    0.227533] device: 'id': device_add
[    0.227704] PCI: MMCONFIG for domain 0000 [bus 00-3f] at [mem 0xf8000000-0xfbffffff] (base 0xf8000000)
[    0.227842] PCI: not using MMCONFIG
[    0.227903] PCI: Using configuration type 1 for base access
[    0.227966] PCI: Using configuration type 1 for extended access
[    0.228107] device: 'node0': device_add
[    0.228219] bus: 'node': add device node0
[    0.230101] device: 'cpu0': device_add
[    0.230101] bus: 'cpu': add device cpu0
[    0.230101] device: 'cpu1': device_add
[    0.230101] bus: 'cpu': add device cpu1
[    0.230101] device: 'cpu2': device_add
[    0.230101] bus: 'cpu': add device cpu2
[    0.230101] device: 'cpu3': device_add
[    0.230101] bus: 'cpu': add device cpu3
[    0.253458] device: 'writeback': device_add
[    0.253497] bus: 'workqueue': add device writeback
[    0.253598] device: 'default': device_add
[    0.256769] device class 'block': registering
[    0.256890] device class 'graphics': registering
[    0.256890] ACPI: Added _OSI(Module Device)
[    0.256964] ACPI: Added _OSI(Processor Device)
[    0.257027] ACPI: Added _OSI(3.0 _SCP Extensions)
[    0.257089] ACPI: Added _OSI(Processor Aggregator Device)
[    0.257089] IOAPIC[0]: Set routing entry (2-9 -> 0x39 -> IRQ 9 Mode:1 Active:1 Dest:15)
[    0.264280] [Firmware Bug]: ACPI: BIOS _OSI(Linux) query ignored
[    0.293464] ACPI: Interpreter enabled
[    0.293590] ACPI: (supports S0 S5)
[    0.293653] ACPI: Using IOAPIC for interrupt routing
[    0.293963] PCI: MMCONFIG for domain 0000 [bus 00-3f] at [mem 0xf8000000-0xfbffffff] (base 0xf8000000)
[    0.294600] PCI: MMCONFIG at [mem 0xf8000000-0xfbffffff] reserved in ACPI motherboard resources
[    0.296671] bus: 'acpi': registered
[    0.296671] PCI: Using host bridge windows from ACPI; if necessary, use "pci=nocrs" and report a bug
[    0.296671] device: 'LNXSYSTM:00': device_add
[    0.296671] bus: 'acpi': add device LNXSYSTM:00
[    0.296703] device: 'LNXCPU:00': device_add
[    0.296703] bus: 'acpi': add device LNXCPU:00
[    0.296721] device: 'LNXCPU:01': device_add
[    0.296721] bus: 'acpi': add device LNXCPU:01
[    0.296729] device: 'LNXCPU:02': device_add
[    0.296729] bus: 'acpi': add device LNXCPU:02
[    0.296729] device: 'LNXCPU:03': device_add
[    0.296729] bus: 'acpi': add device LNXCPU:03
[    0.296729] device: 'LNXSYBUS:00': device_add
[    0.296729] bus: 'acpi': add device LNXSYBUS:00
[    0.296729] device: 'PNP0C0C:00': device_add
[    0.296729] bus: 'acpi': add device PNP0C0C:00
[    0.296729] device: 'PNP0A08:00': device_add
[    0.296729] bus: 'acpi': add device PNP0A08:00
[    0.296802] device: 'PNP0C02:00': device_add
[    0.296911] bus: 'acpi': add device PNP0C02:00
[    0.297075] device: 'device:00': device_add
[    0.297138] bus: 'acpi': add device device:00
[    0.297267] device: 'device:01': device_add
[    0.297379] bus: 'acpi': add device device:01
[    0.300007] device: 'device:02': device_add
[    0.300007] bus: 'acpi': add device device:02
[    0.300016] device: 'device:03': device_add
[    0.300016] bus: 'acpi': add device device:03
[    0.300050] device: 'LNXVIDEO:00': device_add
[    0.300050] bus: 'acpi': add device LNXVIDEO:00
[    0.300050] device: 'device:04': device_add
[    0.300050] bus: 'acpi': add device device:04
[    0.300050] device: 'device:05': device_add
[    0.300050] bus: 'acpi': add device device:05
[    0.300050] device: 'device:06': device_add
[    0.300050] bus: 'acpi': add device device:06
[    0.300050] device: 'device:07': device_add
[    0.300050] bus: 'acpi': add device device:07
[    0.300050] device: 'device:08': device_add
[    0.300050] bus: 'acpi': add device device:08
[    0.300050] device: 'device:09': device_add
[    0.300050] bus: 'acpi': add device device:09
[    0.300050] device: 'device:0a': device_add
[    0.300050] bus: 'acpi': add device device:0a
[    0.300050] device: 'device:0b': device_add
[    0.300050] bus: 'acpi': add device device:0b
[    0.300051] device: 'device:0c': device_add
[    0.300158] bus: 'acpi': add device device:0c
[    0.300317] device: 'device:0d': device_add
[    0.300385] bus: 'acpi': add device device:0d
[    0.300526] device: 'device:0e': device_add
[    0.300640] bus: 'acpi': add device device:0e
[    0.300801] device: 'device:0f': device_add
[    0.300865] bus: 'acpi': add device device:0f
[    0.303342] device: 'device:10': device_add
[    0.303342] bus: 'acpi': add device device:10
[    0.303345] device: 'device:11': device_add
[    0.303345] bus: 'acpi': add device device:11
[    0.303351] device: 'device:12': device_add
[    0.303351] bus: 'acpi': add device device:12
[    0.303352] device: 'device:13': device_add
[    0.303352] bus: 'acpi': add device device:13
[    0.303352] device: 'device:14': device_add
[    0.303352] bus: 'acpi': add device device:14
[    0.303352] device: 'device:15': device_add
[    0.303352] bus: 'acpi': add device device:15
[    0.303352] device: 'device:16': device_add
[    0.303352] bus: 'acpi': add device device:16
[    0.303352] device: 'device:17': device_add
[    0.303352] bus: 'acpi': add device device:17
[    0.303359] device: 'device:18': device_add
[    0.303359] bus: 'acpi': add device device:18
[    0.303359] device: 'device:19': device_add
[    0.303359] bus: 'acpi': add device device:19
[    0.303359] device: 'device:1a': device_add
[    0.303359] bus: 'acpi': add device device:1a
[    0.303359] device: 'device:1b': device_add
[    0.303453] bus: 'acpi': add device device:1b
[    0.303637] device: 'device:1c': device_add
[    0.303705] bus: 'acpi': add device device:1c
[    0.303805] device: 'device:1d': device_add
[    0.303869] bus: 'acpi': add device device:1d
[    0.306677] device: 'device:1e': device_add
[    0.306677] bus: 'acpi': add device device:1e
[    0.306683] device: 'device:1f': device_add
[    0.306683] bus: 'acpi': add device device:1f
[    0.306685] device: 'device:20': device_add
[    0.306685] bus: 'acpi': add device device:20
[    0.306690] device: 'device:21': device_add
[    0.306690] bus: 'acpi': add device device:21
[    0.306690] device: 'device:22': device_add
[    0.306690] bus: 'acpi': add device device:22
[    0.306690] device: 'device:23': device_add
[    0.306690] bus: 'acpi': add device device:23
[    0.306690] device: 'device:24': device_add
[    0.306690] bus: 'acpi': add device device:24
[    0.306742] device: 'device:25': device_add
[    0.306742] bus: 'acpi': add device device:25
[    0.306775] device: 'device:26': device_add
[    0.306885] bus: 'acpi': add device device:26
[    0.307006] device: 'device:27': device_add
[    0.307119] bus: 'acpi': add device device:27
[    0.307467] device: 'device:28': device_add
[    0.307581] bus: 'acpi': add device device:28
[    0.310000] device: 'device:29': device_add
[    0.310000] bus: 'acpi': add device device:29
[    0.310016] device: 'device:2a': device_add
[    0.310016] bus: 'acpi': add device device:2a
[    0.310019] device: 'device:2b': device_add
[    0.310019] bus: 'acpi': add device device:2b
[    0.310019] device: 'device:2c': device_add
[    0.310019] bus: 'acpi': add device device:2c
[    0.310019] device: 'device:2d': device_add
[    0.310019] bus: 'acpi': add device device:2d
[    0.310075] device: 'device:2e': device_add
[    0.310075] bus: 'acpi': add device device:2e
[    0.310075] device: 'device:2f': device_add
[    0.310075] bus: 'acpi': add device device:2f
[    0.310075] device: 'device:30': device_add
[    0.310075] bus: 'acpi': add device device:30
[    0.310136] device: 'device:31': device_add
[    0.310246] bus: 'acpi': add device device:31
[    0.310573] device: 'device:32': device_add
[    0.310688] bus: 'acpi': add device device:32
[    0.313340] device: 'PNP0C0F:00': device_add
[    0.313340] bus: 'acpi': add device PNP0C0F:00
[    0.313347] device: 'PNP0C0F:01': device_add
[    0.313347] bus: 'acpi': add device PNP0C0F:01
[    0.313351] device: 'PNP0C0F:02': device_add
[    0.313351] bus: 'acpi': add device PNP0C0F:02
[    0.313352] device: 'PNP0C0F:03': device_add
[    0.313352] bus: 'acpi': add device PNP0C0F:03
[    0.313359] device: 'PNP0C0F:04': device_add
[    0.313359] bus: 'acpi': add device PNP0C0F:04
[    0.313359] device: 'PNP0C0F:05': device_add
[    0.313359] bus: 'acpi': add device PNP0C0F:05
[    0.313359] device: 'PNP0C0F:06': device_add
[    0.313359] bus: 'acpi': add device PNP0C0F:06
[    0.313359] device: 'PNP0C0F:07': device_add
[    0.313359] bus: 'acpi': add device PNP0C0F:07
[    0.313359] device: 'PNP0200:00': device_add
[    0.313359] bus: 'acpi': add device PNP0200:00
[    0.313359] device: 'PNP0C04:00': device_add
[    0.313359] bus: 'acpi': add device PNP0C04:00
[    0.313359] device: 'PNP0000:00': device_add
[    0.313359] bus: 'acpi': add device PNP0000:00
[    0.313388] device: 'PNP0B00:00': device_add
[    0.313500] bus: 'acpi': add device PNP0B00:00
[    0.313624] device: 'PNP0800:00': device_add
[    0.313738] bus: 'acpi': add device PNP0800:00
[    0.313858] device: 'PNP0100:00': device_add
[    0.313968] bus: 'acpi': add device PNP0100:00
[    0.314072] device: 'PNP0C02:01': device_add
[    0.314181] bus: 'acpi': add device PNP0C02:01
[    0.316667] device: 'PNP0C01:00': device_add
[    0.316667] bus: 'acpi': add device PNP0C01:00
[    0.316683] device: 'PNP0C09:00': device_add
[    0.316683] bus: 'acpi': add device PNP0C09:00
[    0.316685] device: 'ACPI0003:00': device_add
[    0.316685] bus: 'acpi': add device ACPI0003:00
[    0.316751] device: 'PNP0C0A:00': device_add
[    0.316751] bus: 'acpi': add device PNP0C0A:00
[    0.316751] device: 'VPC2004:00': device_add
[    0.316751] bus: 'acpi': add device VPC2004:00
[    0.316751] device: 'PNP0303:00': device_add
[    0.316751] bus: 'acpi': add device PNP0303:00
[    0.316751] device: 'SYN0326:00': device_add
[    0.316751] bus: 'acpi': add device SYN0326:00
[    0.316751] device: 'device:33': device_add
[    0.316751] bus: 'acpi': add device device:33
[    0.316751] device: 'device:34': device_add
[    0.316751] bus: 'acpi': add device device:34
[    0.316751] device: 'device:35': device_add
[    0.316855] bus: 'acpi': add device device:35
[    0.317009] device: 'device:36': device_add
[    0.317074] bus: 'acpi': add device device:36
[    0.317180] device: 'device:37': device_add
[    0.317290] bus: 'acpi': add device device:37
[    0.317469] device: 'device:38': device_add
[    0.317537] bus: 'acpi': add device device:38
[    0.320004] device: 'device:39': device_add
[    0.320004] bus: 'acpi': add device device:39
[    0.320018] device: 'device:3a': device_add
[    0.320018] bus: 'acpi': add device device:3a
[    0.320019] device: 'device:3b': device_add
[    0.320019] bus: 'acpi': add device device:3b
[    0.320019] device: 'LNXVIDEO:01': device_add
[    0.320019] bus: 'acpi': add device LNXVIDEO:01
[    0.320019] device: 'device:3c': device_add
[    0.320019] bus: 'acpi': add device device:3c
[    0.320019] device: 'device:3d': device_add
[    0.320019] bus: 'acpi': add device device:3d
[    0.320019] device: 'device:3e': device_add
[    0.320019] bus: 'acpi': add device device:3e
[    0.320019] device: 'device:3f': device_add
[    0.320019] bus: 'acpi': add device device:3f
[    0.320019] device: 'AFD0001:00': device_add
[    0.320019] bus: 'acpi': add device AFD0001:00
[    0.326812] device: 'PNP0C0D:00': device_add
[    0.327138] bus: 'acpi': add device PNP0C0D:00
[    0.327297] device: 'PNP0C0E:00': device_add
[    0.327408] bus: 'acpi': add device PNP0C0E:00
[    0.330004] device: 'PNP0C14:00': device_add
[    0.330004] bus: 'acpi': add device PNP0C14:00
[    0.330015] device: 'LNXSYBUS:01': device_add
[    0.330015] bus: 'acpi': add device LNXSYBUS:01
[    0.330049] device: 'LNXTHERM:00': device_add
[    0.330049] bus: 'acpi': add device LNXTHERM:00
[    0.330049] device: 'LNXTHERM:01': device_add
[    0.330049] bus: 'acpi': add device LNXTHERM:01
[    0.330049] Registering platform device 'PNP0C0C:00'. Parent at platform
[    0.330049] device: 'PNP0C0C:00': device_add
[    0.330049] bus: 'platform': add device PNP0C0C:00
[    0.330049] ACPI: PCI Root Bridge [PCI0] (domain 0000 [bus 00-ff])
[    0.330166] acpi PNP0A08:00: _OSC: OS supports [ExtendedConfig ASPM ClockPM Segments MSI]
[    0.331104] acpi PNP0A08:00: _OSC: OS now controls [PCIeHotplug PME AER PCIeCapability]
[    0.333773] acpi PNP0A08:00: host bridge window expanded to [mem 0xe0000000-0xffffffff]; [mem 0xe0000000-0xf7ffffff] ignored
[    0.333967] acpi PNP0A08:00: ignoring host bridge window [mem 0x000ce000-0x000cffff] (conflicts with Video ROM [mem 0x000c0000-0x000cefff])
[    0.334113] acpi PNP0A08:00: [Firmware Info]: MMCONFIG for domain 0000 [bus 00-3f] only partially covers this bridge
[    0.334251] device: 'pci0000:00': device_add
[    0.334325] device: '0000:00': device_add
[    0.336669] PCI host bridge to bus 0000:00
[    0.336669] pci_bus 0000:00: root bus resource [bus 00-ff]
[    0.336669] pci_bus 0000:00: root bus resource [mem 0x000a0000-0x000bffff]
[    0.336669] pci_bus 0000:00: root bus resource [mem 0x000c0000-0x000c1fff]
[    0.336669] pci_bus 0000:00: root bus resource [mem 0x000c2000-0x000c3fff]
[    0.336669] pci_bus 0000:00: root bus resource [mem 0x000c4000-0x000c5fff]
[    0.336669] pci_bus 0000:00: root bus resource [mem 0x000c6000-0x000c7fff]
[    0.336669] pci_bus 0000:00: root bus resource [mem 0x000c8000-0x000c9fff]
[    0.336669] pci_bus 0000:00: root bus resource [mem 0x000ca000-0x000cbfff]
[    0.336669] pci_bus 0000:00: root bus resource [mem 0x000cc000-0x000cdfff]
[    0.336669] pci_bus 0000:00: root bus resource [mem 0x000d0000-0x000d1fff]
[    0.336669] pci_bus 0000:00: root bus resource [mem 0x000d2000-0x000d3fff]
[    0.336669] pci_bus 0000:00: root bus resource [mem 0x000d4000-0x000d5fff]
[    0.336669] pci_bus 0000:00: root bus resource [mem 0x000d6000-0x000d7fff]
[    0.336669] pci_bus 0000:00: root bus resource [mem 0x000d8000-0x000d9fff]
[    0.336669] pci_bus 0000:00: root bus resource [mem 0x000da000-0x000dbfff]
[    0.336669] pci_bus 0000:00: root bus resource [mem 0x000dc000-0x000ddfff]
[    0.336669] pci_bus 0000:00: root bus resource [mem 0x000de000-0x000dffff]
[    0.336669] pci_bus 0000:00: root bus resource [mem 0x000e0000-0x000e1fff]
[    0.336669] pci_bus 0000:00: root bus resource [mem 0x000e2000-0x000e3fff]
[    0.336669] pci_bus 0000:00: root bus resource [mem 0x000e4000-0x000e5fff]
[    0.336669] pci_bus 0000:00: root bus resource [mem 0x000e6000-0x000e7fff]
[    0.336669] pci_bus 0000:00: root bus resource [mem 0x000e8000-0x000e9fff]
[    0.336669] pci_bus 0000:00: root bus resource [mem 0x000ea000-0x000ebfff]
[    0.336669] pci_bus 0000:00: root bus resource [mem 0x000ec000-0x000edfff]
[    0.336669] pci_bus 0000:00: root bus resource [mem 0x000ee000-0x000effff]
[    0.336669] pci_bus 0000:00: root bus resource [mem 0xe0000000-0xffffffff]
[    0.336669] pci_bus 0000:00: root bus resource [io  0x0000-0x0cf7]
[    0.336669] pci_bus 0000:00: root bus resource [io  0x0d00-0xffff]
[    0.336669] pci_bus 0000:00: scanning bus
[    0.336669] pci 0000:00:00.0: [1022:1705] type 00 class 0x060000
[    0.336676] pci 0000:00:00.0: calling quirk_mmio_always_on+0x0/0x10
[    0.336773] device: '0000:00:00.0': device_add
[    0.336905] bus: 'pci': add device 0000:00:00.0
[    0.337069] pci 0000:00:01.0: [1002:9647] type 00 class 0x030000
[    0.337191] pci 0000:00:01.0: reg 0x10: [mem 0xe0000000-0xefffffff pref]
[    0.338316] pci 0000:00:01.0: reg 0x14: [io  0x2000-0x20ff]
[    0.338379] pci 0000:00:01.0: reg 0x18: [mem 0xf0100000-0xf013ffff]
[    0.338482] pci 0000:00:01.0: supports D1 D2
[    0.338591] device: '0000:00:01.0': device_add
[    0.338724] bus: 'pci': add device 0000:00:01.0
[    0.340025] pci 0000:00:01.1: [1002:1714] type 00 class 0x040300
[    0.340025] pci 0000:00:01.1: reg 0x10: [mem 0xf0144000-0xf0147fff]
[    0.340025] pci 0000:00:01.1: supports D1 D2
[    0.340025] device: '0000:00:01.1': device_add
[    0.340025] bus: 'pci': add device 0000:00:01.1
[    0.340058] pci 0000:00:04.0: [1022:1709] type 01 class 0x060400
[    0.340058] pci 0000:00:04.0: PME# supported from D0 D3hot D3cold
[    0.340058] pci 0000:00:04.0: PME# disabled
[    0.340058] device: '0000:00:04.0': device_add
[    0.340058] bus: 'pci': add device 0000:00:04.0
[    0.340122] pci 0000:00:11.0: [1022:7804] type 00 class 0x010601
[    0.340204] pci 0000:00:11.0: reg 0x10: [io  0x2118-0x211f]
[    0.340273] pci 0000:00:11.0: reg 0x14: [io  0x2124-0x2127]
[    0.340341] pci 0000:00:11.0: reg 0x18: [io  0x2110-0x2117]
[    0.340407] pci 0000:00:11.0: reg 0x1c: [io  0x2120-0x2123]
[    0.340474] pci 0000:00:11.0: reg 0x20: [io  0x2100-0x210f]
[    0.340541] pci 0000:00:11.0: reg 0x24: [mem 0xf014a000-0xf014a7ff]
[    0.340658] device: '0000:00:11.0': device_add
[    0.340789] bus: 'pci': add device 0000:00:11.0
[    0.343346] pci 0000:00:12.0: [1022:7807] type 00 class 0x0c0310
[    0.343346] pci 0000:00:12.0: reg 0x10: [mem 0xf0149000-0xf0149fff]
[    0.343346] device: '0000:00:12.0': device_add
[    0.343346] bus: 'pci': add device 0000:00:12.0
[    0.343390] pci 0000:00:12.2: [1022:7808] type 00 class 0x0c0320
[    0.343390] pci 0000:00:12.2: reg 0x10: [mem 0xf014a900-0xf014a9ff]
[    0.343390] pci 0000:00:12.2: supports D1 D2
[    0.343390] pci 0000:00:12.2: PME# supported from D0 D1 D2 D3hot
[    0.343390] pci 0000:00:12.2: PME# disabled
[    0.343390] device: '0000:00:12.2': device_add
[    0.343390] bus: 'pci': add device 0000:00:12.2
[    0.343390] pci 0000:00:13.0: [1022:7807] type 00 class 0x0c0310
[    0.343390] pci 0000:00:13.0: reg 0x10: [mem 0xf0148000-0xf0148fff]
[    0.343390] device: '0000:00:13.0': device_add
[    0.343390] bus: 'pci': add device 0000:00:13.0
[    0.343390] pci 0000:00:13.2: [1022:7808] type 00 class 0x0c0320
[    0.343390] pci 0000:00:13.2: reg 0x10: [mem 0xf014a800-0xf014a8ff]
[    0.343390] pci 0000:00:13.2: supports D1 D2
[    0.343390] pci 0000:00:13.2: PME# supported from D0 D1 D2 D3hot
[    0.343390] pci 0000:00:13.2: PME# disabled
[    0.343390] device: '0000:00:13.2': device_add
[    0.343390] bus: 'pci': add device 0000:00:13.2
[    0.343390] pci 0000:00:14.0: [1022:780b] type 00 class 0x0c0500
[    0.343488] device: '0000:00:14.0': device_add
[    0.343590] bus: 'pci': add device 0000:00:14.0
[    0.343750] pci 0000:00:14.2: [1022:780d] type 00 class 0x040300
[    0.343834] pci 0000:00:14.2: reg 0x10: [mem 0xf0140000-0xf0143fff 64bit]
[    0.343974] pci 0000:00:14.2: PME# supported from D0 D3hot D3cold
[    0.344039] pci 0000:00:14.2: PME# disabled
[    0.344103] device: '0000:00:14.2': device_add
[    0.344236] bus: 'pci': add device 0000:00:14.2
[    0.346680] pci 0000:00:14.3: [1022:780e] type 00 class 0x060100
[    0.346680] device: '0000:00:14.3': device_add
[    0.346680] bus: 'pci': add device 0000:00:14.3
[    0.346682] pci 0000:00:14.4: [1022:780f] type 01 class 0x060401
[    0.346682] device: '0000:00:14.4': device_add
[    0.346682] bus: 'pci': add device 0000:00:14.4
[    0.346686] pci 0000:00:18.0: [1022:1700] type 00 class 0x060000
[    0.346686] pci 0000:00:18.0: calling quirk_mmio_always_on+0x0/0x10
[    0.346686] device: '0000:00:18.0': device_add
[    0.346686] bus: 'pci': add device 0000:00:18.0
[    0.346686] pci 0000:00:18.1: [1022:1701] type 00 class 0x060000
[    0.346686] pci 0000:00:18.1: calling quirk_mmio_always_on+0x0/0x10
[    0.346686] device: '0000:00:18.1': device_add
[    0.346686] bus: 'pci': add device 0000:00:18.1
[    0.346686] pci 0000:00:18.2: [1022:1702] type 00 class 0x060000
[    0.346686] pci 0000:00:18.2: calling quirk_mmio_always_on+0x0/0x10
[    0.346686] device: '0000:00:18.2': device_add
[    0.346686] bus: 'pci': add device 0000:00:18.2
[    0.346692] pci 0000:00:18.3: [1022:1703] type 00 class 0x060000
[    0.346692] pci 0000:00:18.3: calling quirk_mmio_always_on+0x0/0x10
[    0.346717] device: '0000:00:18.3': device_add
[    0.346888] bus: 'pci': add device 0000:00:18.3
[    0.347042] pci 0000:00:18.4: [1022:1704] type 00 class 0x060000
[    0.347152] pci 0000:00:18.4: calling quirk_mmio_always_on+0x0/0x10
[    0.347247] device: '0000:00:18.4': device_add
[    0.347355] bus: 'pci': add device 0000:00:18.4
[    0.350001] pci 0000:00:18.5: [1022:1718] type 00 class 0x060000
[    0.350001] pci 0000:00:18.5: calling quirk_mmio_always_on+0x0/0x10
[    0.350001] device: '0000:00:18.5': device_add
[    0.350001] bus: 'pci': add device 0000:00:18.5
[    0.350012] pci 0000:00:18.6: [1022:1716] type 00 class 0x060000
[    0.350012] pci 0000:00:18.6: calling quirk_mmio_always_on+0x0/0x10
[    0.350012] device: '0000:00:18.6': device_add
[    0.350012] bus: 'pci': add device 0000:00:18.6
[    0.350016] pci 0000:00:18.7: [1022:1719] type 00 class 0x060000
[    0.350016] pci 0000:00:18.7: calling quirk_mmio_always_on+0x0/0x10
[    0.350016] device: '0000:00:18.7': device_add
[    0.350016] bus: 'pci': add device 0000:00:18.7
[    0.350052] pci_bus 0000:00: fixups for bus
[    0.350052] pci 0000:00:04.0: scanning [bus 01-01] behind bridge, pass 0
[    0.350052] device: '0000:01': device_add
[    0.350052] pci_bus 0000:01: scanning bus
[    0.350052] pci 0000:01:00.0: [10ec:8136] type 00 class 0x020000
[    0.350052] pci 0000:01:00.0: reg 0x10: [io  0x1000-0x10ff]
[    0.350052] pci 0000:01:00.0: reg 0x18: [mem 0xf0004000-0xf0004fff 64bit pref]
[    0.350052] pci 0000:01:00.0: reg 0x20: [mem 0xf0000000-0xf0003fff 64bit pref]
[    0.350052] pci 0000:01:00.0: supports D1 D2
[    0.350052] pci 0000:01:00.0: PME# supported from D0 D1 D2 D3hot D3cold
[    0.350052] pci 0000:01:00.0: PME# disabled
[    0.350052] device: '0000:01:00.0': device_add
[    0.350052] bus: 'pci': add device 0000:01:00.0
[    0.356737] pci_bus 0000:01: fixups for bus
[    0.356861] pci 0000:00:04.0: PCI bridge to [bus 01]
[    0.356928] pci 0000:00:04.0:   bridge window [io  0x1000-0x1fff]
[    0.356997] pci 0000:00:04.0:   bridge window [mem 0xf0000000-0xf00fffff 64bit pref]
[    0.357133] pci_bus 0000:01: bus scan returning with max=01
[    0.357201] pci 0000:00:14.4: scanning [bus 02-02] behind bridge, pass 0
[    0.357278] device: '0000:02': device_add
[    0.357385] pci_bus 0000:02: scanning bus
[    0.357545] pci_bus 0000:02: fixups for bus
[    0.357608] pci 0000:00:14.4: PCI bridge to [bus 02] (subtractive decode)
[    0.357681] pci 0000:00:14.4:   bridge window [mem 0x000a0000-0x000bffff] (subtractive decode)
[    0.357818] pci 0000:00:14.4:   bridge window [mem 0x000c0000-0x000c1fff] (subtractive decode)
[    0.357954] pci 0000:00:14.4:   bridge window [mem 0x000c2000-0x000c3fff] (subtractive decode)
[    0.358091] pci 0000:00:14.4:   bridge window [mem 0x000c4000-0x000c5fff] (subtractive decode)
[    0.358228] pci 0000:00:14.4:   bridge window [mem 0x000c6000-0x000c7fff] (subtractive decode)
[    0.358363] pci 0000:00:14.4:   bridge window [mem 0x000c8000-0x000c9fff] (subtractive decode)
[    0.358494] pci 0000:00:14.4:   bridge window [mem 0x000ca000-0x000cbfff] (subtractive decode)
[    0.358624] pci 0000:00:14.4:   bridge window [mem 0x000cc000-0x000cdfff] (subtractive decode)
[    0.358755] pci 0000:00:14.4:   bridge window [mem 0x000d0000-0x000d1fff] (subtractive decode)
[    0.358885] pci 0000:00:14.4:   bridge window [mem 0x000d2000-0x000d3fff] (subtractive decode)
[    0.359016] pci 0000:00:14.4:   bridge window [mem 0x000d4000-0x000d5fff] (subtractive decode)
[    0.359146] pci 0000:00:14.4:   bridge window [mem 0x000d6000-0x000d7fff] (subtractive decode)
[    0.359277] pci 0000:00:14.4:   bridge window [mem 0x000d8000-0x000d9fff] (subtractive decode)
[    0.359407] pci 0000:00:14.4:   bridge window [mem 0x000da000-0x000dbfff] (subtractive decode)
[    0.359538] pci 0000:00:14.4:   bridge window [mem 0x000dc000-0x000ddfff] (subtractive decode)
[    0.359668] pci 0000:00:14.4:   bridge window [mem 0x000de000-0x000dffff] (subtractive decode)
[    0.359799] pci 0000:00:14.4:   bridge window [mem 0x000e0000-0x000e1fff] (subtractive decode)
[    0.359930] pci 0000:00:14.4:   bridge window [mem 0x000e2000-0x000e3fff] (subtractive decode)
[    0.360006] pci 0000:00:14.4:   bridge window [mem 0x000e4000-0x000e5fff] (subtractive decode)
[    0.360140] pci 0000:00:14.4:   bridge window [mem 0x000e6000-0x000e7fff] (subtractive decode)
[    0.360274] pci 0000:00:14.4:   bridge window [mem 0x000e8000-0x000e9fff] (subtractive decode)
[    0.360407] pci 0000:00:14.4:   bridge window [mem 0x000ea000-0x000ebfff] (subtractive decode)
[    0.360540] pci 0000:00:14.4:   bridge window [mem 0x000ec000-0x000edfff] (subtractive decode)
[    0.360671] pci 0000:00:14.4:   bridge window [mem 0x000ee000-0x000effff] (subtractive decode)
[    0.360807] pci 0000:00:14.4:   bridge window [mem 0xe0000000-0xffffffff] (subtractive decode)
[    0.360941] pci 0000:00:14.4:   bridge window [io  0x0000-0x0cf7] (subtractive decode)
[    0.361074] pci 0000:00:14.4:   bridge window [io  0x0d00-0xffff] (subtractive decode)
[    0.361208] pci_bus 0000:02: bus scan returning with max=02
[    0.361273] pci 0000:00:04.0: scanning [bus 01-01] behind bridge, pass 1
[    0.361342] pci 0000:00:14.4: scanning [bus 02-02] behind bridge, pass 1
[    0.361408] pci_bus 0000:00: bus scan returning with max=02
[    0.361472] acpi PNP0A08:00: Disabling ASPM (FADT indicates it is unsupported)
[    0.362496] ACPI: PCI Interrupt Link [LNKA] (IRQs 10 11) *0
[    0.363421] ACPI: PCI Interrupt Link [LNKB] (IRQs 10 11) *0
[    0.363824] ACPI: PCI Interrupt Link [LNKC] (IRQs 10 11) *0
[    0.364230] ACPI: PCI Interrupt Link [LNKD] (IRQs 10 11) *0
[    0.364519] ACPI: PCI Interrupt Link [LNKE] (IRQs 10 11) *0
[    0.364871] ACPI: PCI Interrupt Link [LNKF] (IRQs 10 11) *0
[    0.365222] ACPI: PCI Interrupt Link [LNKG] (IRQs 10 11) *0
[    0.365492] ACPI: PCI Interrupt Link [LNKH] (IRQs 10 11) *0
[    0.365745] IOAPIC[0]: Set routing entry (2-13 -> 0x3d -> IRQ 13 Mode:0 Active:0 Dest:15)
[    0.365879] Registering platform device 'PNP0C04:00'. Parent at 0000:00:14.3
[    0.365939] device: 'PNP0C04:00': device_add
[    0.366008] bus: 'platform': add device PNP0C04:00
[    0.366674] Registering platform device 'PNP0800:00'. Parent at 0000:00:14.3
[    0.366674] device: 'PNP0800:00': device_add
[    0.366729] bus: 'platform': add device PNP0800:00
[    0.366862] Registering platform device 'PNP0C09:00'. Parent at 0000:00:14.3
[    0.366970] device: 'PNP0C09:00': device_add
[    0.367035] bus: 'platform': add device PNP0C09:00
[    0.367137] Registering platform device 'ACPI0003:00'. Parent at PNP0C09:00
[    0.367247] device: 'ACPI0003:00': device_add
[    0.367310] bus: 'platform': add device ACPI0003:00
[    0.367427] Registering platform device 'PNP0C0A:00'. Parent at PNP0C09:00
[    0.367487] device: 'PNP0C0A:00': device_add
[    0.367549] bus: 'platform': add device PNP0C0A:00
[    0.370045] Registering platform device 'VPC2004:00'. Parent at PNP0C09:00
[    0.370045] device: 'VPC2004:00': device_add
[    0.370045] bus: 'platform': add device VPC2004:00
[    0.370061] Registering platform device 'PNP0C0D:00'. Parent at platform
[    0.370061] device: 'PNP0C0D:00': device_add
[    0.370061] bus: 'platform': add device PNP0C0D:00
[    0.370062] Registering platform device 'PNP0C0E:00'. Parent at platform
[    0.370062] device: 'PNP0C0E:00': device_add
[    0.370062] bus: 'platform': add device PNP0C0E:00
[    0.370062] Registering platform device 'PNP0C14:00'. Parent at platform
[    0.370062] device: 'PNP0C14:00': device_add
[    0.370062] bus: 'platform': add device PNP0C14:00
[    0.370062] device: 'LNXPWRBN:00': device_add
[    0.370062] bus: 'acpi': add device LNXPWRBN:00
[    0.370062] ACPI: Enabled 2 GPEs in block 00 to 1F
[    0.370062] bus: 'acpi': add driver ec
[    0.370062] bus: 'acpi': driver_probe_device: matched device PNP0C09:00 with driver ec
[    0.370062] bus: 'acpi': really_probe: probing driver ec with device PNP0C09:00
[    0.370062] ACPI : EC: GPE = 0x3, I/O: command/status = 0x66, data = 0x62
[    0.370062] driver: 'ec': driver_bound: bound to device 'PNP0C09:00'
[    0.370062] bus: 'acpi': really_probe: bound device PNP0C09:00 to driver ec
[    0.370062] bus: 'pnp': registered
[    0.370062] bus: 'platform': add driver reg-fixed-voltage
[    0.370062] bus: 'i2c': add driver lp3972
[    0.370062] i2c-core: driver [lp3972] registered
[    0.370062] bus: 'i2c': add driver lp8755-regulator
[    0.370062] i2c-core: driver [lp8755-regulator] registered
[    0.370062] device class 'misc': registering
[    0.370079] device: 'vga_arbiter': device_add
[    0.370167] vgaarb: setting as boot device: PCI:0000:00:01.0
[    0.370167] vgaarb: device added: PCI:0000:00:01.0,decodes=io+mem,owns=io+mem,locks=none
[    0.370285] vgaarb: loaded
[    0.370342] vgaarb: bridge control possible 0000:00:01.0
[    0.370466] device class 'scsi_host': registering
[    0.373333] bus: 'scsi': registered
[    0.373333] device class 'scsi_device': registering
[    0.373429] SCSI subsystem initialized
[    0.373429] device class 'ata_link': registering
[    0.373479] device class 'ata_port': registering
[    0.373547] device class 'ata_device': registering
[    0.373617] libata version 3.00 loaded.
[    0.373680] device class 'mdio_bus': registering
[    0.373755] bus: 'mdio_bus': registered
[    0.373813] bus: 'mdio_bus': add driver Generic PHY
[    0.373880] bus: 'mdio_bus': add driver Generic 10G PHY
[    0.373952] ACPI: bus type USB registered
[    0.374023] bus: 'usb': registered
[    0.374085] bus: 'usb': add driver usbfs
[    0.374173] usbcore: registered new interface driver usbfs
[    0.374236] bus: 'usb': add driver hub
[    0.374312] usbcore: registered new interface driver hub
[    0.374392] bus: 'usb': add driver usb
[    0.374462] usbcore: registered new device driver usb
[    0.374543] bus: 'serio': registered
[    0.374605] device class 'input': registering
[    0.374676] device class 'rtc': registering
[    0.374742] device class 'power_supply': registering
[    0.374811] device class 'hwmon': registering
[    0.374875] device class 'watchdog': registering
[    0.374942] EDAC MC: Ver: 3.0.0
[    0.375060] bus: 'edac': registered
[    0.375122] device: 'edac': device_add
[    0.375198] device: 'mc': device_add
[    0.375260] bus: 'edac': add device mc
[    0.375337] EDAC DEBUG: edac_mc_sysfs_init: device mc created
[    0.375426] device class 'wmi': registering
[    0.375426] bus: 'acpi': add driver wmi
[    0.375426] bus: 'acpi': driver_probe_device: matched device PNP0C14:00 with driver wmi
[    0.375426] bus: 'acpi': really_probe: probing driver wmi with device PNP0C14:00
[    0.375426] device: 'D9F41781-F633-4400-9355-601770BEC510': device_add
[    0.375426] device: '67C3371D-95A3-4C37-BB61-DD47B491DAAB': device_add
[    0.375426] device: '431F16ED-0C2B-444C-B267-27DEB140CF9C': device_add
[    0.375426] device: '40D1BF71-A82D-4E59-A168-3985E03B2E87': device_add
[    0.376673] device: '05901221-D566-11D1-B2F0-00A0C9062910': device_add
[    0.376683] driver: 'wmi': driver_bound: bound to device 'PNP0C14:00'
[    0.376683] bus: 'acpi': really_probe: bound device PNP0C14:00 to driver wmi
[    0.376686] wmi: Mapper loaded
[    0.376686] device class 'devfreq': registering
[    0.376726] PCI: Using ACPI for IRQ routing
[    0.379020] PCI: pci_cache_line_size set to 64 bytes
[    0.379096] pci 0000:00:01.0: BAR 0: reserving [mem 0xe0000000-0xefffffff flags 0x42208] (d=0, p=0)
[    0.379234] pci 0000:00:01.0: BAR 1: reserving [io  0x2000-0x20ff flags 0x40101] (d=0, p=0)
[    0.379370] pci 0000:00:01.0: BAR 2: reserving [mem 0xf0100000-0xf013ffff flags 0x40200] (d=0, p=0)
[    0.380007] pci 0000:00:01.1: BAR 0: reserving [mem 0xf0144000-0xf0147fff flags 0x40200] (d=0, p=0)
[    0.380141] pci 0000:01:00.0: BAR 0: reserving [io  0x1000-0x10ff flags 0x40101] (d=0, p=0)
[    0.380272] pci 0000:01:00.0: BAR 2: reserving [mem 0xf0004000-0xf0004fff flags 0x14220c] (d=0, p=0)
[    0.380405] pci 0000:01:00.0: BAR 4: reserving [mem 0xf0000000-0xf0003fff flags 0x14220c] (d=0, p=0)
[    0.380543] pci 0000:00:11.0: BAR 0: reserving [io  0x2118-0x211f flags 0x40101] (d=0, p=0)
[    0.380679] pci 0000:00:11.0: BAR 1: reserving [io  0x2124-0x2127 flags 0x40101] (d=0, p=0)
[    0.380814] pci 0000:00:11.0: BAR 2: reserving [io  0x2110-0x2117 flags 0x40101] (d=0, p=0)
[    0.380948] pci 0000:00:11.0: BAR 3: reserving [io  0x2120-0x2123 flags 0x40101] (d=0, p=0)
[    0.381079] pci 0000:00:11.0: BAR 4: reserving [io  0x2100-0x210f flags 0x40101] (d=0, p=0)
[    0.381211] pci 0000:00:11.0: BAR 5: reserving [mem 0xf014a000-0xf014a7ff flags 0x40200] (d=0, p=0)
[    0.381346] pci 0000:00:12.0: BAR 0: reserving [mem 0xf0149000-0xf0149fff flags 0x40200] (d=0, p=0)
[    0.381484] pci 0000:00:12.2: BAR 0: reserving [mem 0xf014a900-0xf014a9ff flags 0x40200] (d=0, p=0)
[    0.381622] pci 0000:00:13.0: BAR 0: reserving [mem 0xf0148000-0xf0148fff flags 0x40200] (d=0, p=0)
[    0.381760] pci 0000:00:13.2: BAR 0: reserving [mem 0xf014a800-0xf014a8ff flags 0x40200] (d=0, p=0)
[    0.381900] pci 0000:00:14.2: BAR 0: reserving [mem 0xf0140000-0xf0143fff flags 0x140204] (d=0, p=0)
[    0.382064] e820: reserve RAM buffer [mem 0x0009d800-0x0009ffff]
[    0.382124] e820: reserve RAM buffer [mem 0xbed9b000-0xbfffffff]
[    0.382181] e820: reserve RAM buffer [mem 0xbfe00000-0xbfffffff]
[    0.382239] e820: reserve RAM buffer [mem 0x41f000000-0x41fffffff]
[    0.382319] device class 'net': registering
[    0.382416] device: 'lo': device_add
[    0.382691] NetLabel: Initializing
[    0.382797] NetLabel:  domain hash size = 128
[    0.382854] NetLabel:  protocols = UNLABELED CIPSOv4
[    0.382932] NetLabel:  unlabeled traffic allowed by default
[    0.383130] hpet0: at MMIO 0xfed00000, IRQs 2, 8, 0
[    0.383313] hpet0: 3 comparators, 32-bit 14.318180 MHz counter
[    0.385461] Switched to clocksource hpet
[    0.387470] device: 'fbcon': device_add
[    0.387664] bus: 'pnp': add driver system
[    0.387745] pnp: PnP ACPI init
[    0.387813] device: 'pnp0': device_add
[    0.387914] pnp 00:00: parse allocated resources
[    0.388097] pnp 00:00: PNP0c02: calling quirk_system_pci_resources+0x0/0x150
[    0.388233] pnp 00:00: PNP0c02: calling quirk_intel_mch+0x0/0x180
[    0.388307] device: '00:00': device_add
[    0.388375] bus: 'pnp': add device 00:00
[    0.388463] bus: 'pnp': driver_probe_device: matched device 00:00 with driver system
[    0.388561] bus: 'pnp': really_probe: probing driver system with device 00:00
[    0.388635] system 00:00: [io  0x0f50-0x0f51] has been reserved
[    0.388708] system 00:00: [mem 0xfec00000-0xfec00fff] could not be reserved
[    0.388773] system 00:00: [mem 0xfee00000-0xfee00fff] has been reserved
[    0.388838] system 00:00: [mem 0xf8000000-0xfbffffff] has been reserved
[    0.388901] driver: 'system': driver_bound: bound to device '00:00'
[    0.388965] bus: 'pnp': really_probe: bound device 00:00 to driver system
[    0.389030] system 00:00: Plug and Play ACPI device, IDs PNP0c02 (active)
[    0.389988] pnp 00:01: parse allocated resources
[    0.390083] IOAPIC[0]: Set routing entry (2-8 -> 0x38 -> IRQ 8 Mode:0 Active:0 Dest:15)
[    0.391230] device: '00:01': device_add
[    0.391292] bus: 'pnp': add device 00:01
[    0.391363] pnp 00:01: Plug and Play ACPI device, IDs PNP0b00 (active)
[    0.391436] pnp 00:02: parse allocated resources
[    0.391515] pnp 00:02: PNP0c02: calling quirk_system_pci_resources+0x0/0x150
[    0.391581] pnp 00:02: disabling [io  0x1200-0x120f] because it overlaps 0000:00:04.0 BAR 13 [io  0x1000-0x1fff]
[    0.391730] pnp 00:02: PNP0c02: calling quirk_intel_mch+0x0/0x180
[    0.391793] device: '00:02': device_add
[    0.391858] bus: 'pnp': add device 00:02
[    0.391939] bus: 'pnp': driver_probe_device: matched device 00:02 with driver system
[    0.392026] bus: 'pnp': really_probe: probing driver system with device 00:02
[    0.392091] system 00:02: [io  0x04d0-0x04d1] has been reserved
[    0.392152] system 00:02: [io  0x0530-0x0537] has been reserved
[    0.392211] system 00:02: [io  0x0800-0x0827] could not be reserved
[    0.392275] system 00:02: [io  0x0830] has been reserved
[    0.392336] system 00:02: [io  0x0840-0x0847] has been reserved
[    0.392395] system 00:02: [io  0x0b00-0x0b1f] has been reserved
[    0.392458] system 00:02: [io  0x0b20-0x0b3f] has been reserved
[    0.392520] system 00:02: [io  0x0c00-0x0c01] has been reserved
[    0.392583] system 00:02: [io  0x0c14] has been reserved
[    0.392645] system 00:02: [io  0x0c50-0x0c52] has been reserved
[    0.392708] system 00:02: [io  0x0cd0-0x0cd1] has been reserved
[    0.392770] system 00:02: [io  0x0cd2-0x0cd3] has been reserved
[    0.392833] system 00:02: [io  0x0cd4-0x0cd5] has been reserved
[    0.392893] system 00:02: [io  0x0cd6-0x0cd7] has been reserved
[    0.392952] system 00:02: [io  0x0cd8-0x0cdf] has been reserved
[    0.393011] system 00:02: [io  0x0cf9] could not be reserved
[    0.393071] system 00:02: [io  0x8100-0x81ff window] has been reserved
[    0.393131] system 00:02: [io  0x8200-0x82ff window] has been reserved
[    0.393191] system 00:02: [mem 0xff800000-0xff80ffff] has been reserved
[    0.393251] system 00:02: [mem 0xff810000-0xff81003f] has been reserved
[    0.393310] driver: 'system': driver_bound: bound to device '00:02'
[    0.393377] bus: 'pnp': really_probe: bound device 00:02 to driver system
[    0.393440] system 00:02: Plug and Play ACPI device, IDs PNP0c02 (active)
[    0.393513] pnp 00:03: parse allocated resources
[    0.393665] pnp 00:03: PNP0c01: calling quirk_system_pci_resources+0x0/0x150
[    0.393789] pnp 00:03: PNP0c01: calling quirk_amd_mmconfig_area+0x0/0xf0
[    0.393851] device: '00:03': device_add
[    0.393915] bus: 'pnp': add device 00:03
[    0.393998] bus: 'pnp': driver_probe_device: matched device 00:03 with driver system
[    0.394085] bus: 'pnp': really_probe: probing driver system with device 00:03
[    0.394152] system 00:03: [mem 0x000e0000-0x000fffff] could not be reserved
[    0.394215] system 00:03: [mem 0xffe00000-0xffffffff] has been reserved
[    0.394274] system 00:03: [mem 0xfec10000-0xfec1001f] has been reserved
[    0.394334] system 00:03: [mem 0xfed00000-0xfed003ff] has been reserved
[    0.394394] system 00:03: [mem 0xfed61000-0xfed613ff] has been reserved
[    0.394453] system 00:03: [mem 0xfed80000-0xfed80fff] has been reserved
[    0.394512] driver: 'system': driver_bound: bound to device '00:03'
[    0.394571] bus: 'pnp': really_probe: bound device 00:03 to driver system
[    0.394631] system 00:03: Plug and Play ACPI device, IDs PNP0c01 (active)
[    0.394771] pnp 00:04: parse allocated resources
[    0.394888] IOAPIC[0]: Set routing entry (2-1 -> 0x31 -> IRQ 1 Mode:0 Active:0 Dest:15)
[    0.395025] device: '00:04': device_add
[    0.395087] bus: 'pnp': add device 00:04
[    0.395161] pnp 00:04: Plug and Play ACPI device, IDs PNP0303 (active)
[    0.395231] pnp 00:05: parse allocated resources
[    0.395297] IOAPIC[0]: Set routing entry (2-12 -> 0x3c -> IRQ 12 Mode:0 Active:0 Dest:15)
[    0.395386] device: '00:05': device_add
[    0.395445] bus: 'pnp': add device 00:05
[    0.395518] pnp 00:05: Plug and Play ACPI device, IDs SYN0326 SYN0300 SYN0002 PNP0f13 (active)
[    0.395661] pnp: PnP ACPI: found 6 devices
[    0.395727] device class 'mem': registering
[    0.395792] device: 'mem': device_add
[    0.395967] device: 'null': device_add
[    0.396131] device: 'port': device_add
[    0.396246] device: 'zero': device_add
[    0.396378] device: 'full': device_add
[    0.396524] device: 'random': device_add
[    0.396771] device: 'urandom': device_add
[    0.397044] device: 'kmsg': device_add
[    0.397283] device: 'tty': device_add
[    0.397481] device: 'console': device_add
[    0.397620] device: 'tty0': device_add
[    0.397755] device class 'vc': registering
[    0.397829] device: 'vcs': device_add
[    0.397929] device: 'vcsa': device_add
[    0.398041] device: 'vcs1': device_add
[    0.398145] device: 'vcsa1': device_add
[    0.398259] device: 'tty1': device_add
[    0.398369] device: 'tty2': device_add
[    0.398474] device: 'tty3': device_add
[    0.398578] device: 'tty4': device_add
[    0.398692] device: 'tty5': device_add
[    0.398792] device: 'tty6': device_add
[    0.398926] device: 'tty7': device_add
[    0.399152] device: 'tty8': device_add
[    0.399256] device: 'tty9': device_add
[    0.399361] device: 'tty10': device_add
[    0.399472] device: 'tty11': device_add
[    0.399577] device: 'tty12': device_add
[    0.399677] device: 'tty13': device_add
[    0.399774] device: 'tty14': device_add
[    0.399883] device: 'tty15': device_add
[    0.399986] device: 'tty16': device_add
[    0.400163] device: 'tty17': device_add
[    0.400284] device: 'tty18': device_add
[    0.400397] device: 'tty19': device_add
[    0.400503] device: 'tty20': device_add
[    0.400613] device: 'tty21': device_add
[    0.400722] device: 'tty22': device_add
[    0.400825] device: 'tty23': device_add
[    0.400924] device: 'tty24': device_add
[    0.401026] device: 'tty25': device_add
[    0.401129] device: 'tty26': device_add
[    0.401240] device: 'tty27': device_add
[    0.401387] device: 'tty28': device_add
[    0.401503] device: 'tty29': device_add
[    0.401617] device: 'tty30': device_add
[    0.401727] device: 'tty31': device_add
[    0.401835] device: 'tty32': device_add
[    0.401939] device: 'tty33': device_add
[    0.402038] device: 'tty34': device_add
[    0.402140] device: 'tty35': device_add
[    0.402247] device: 'tty36': device_add
[    0.402353] device: 'tty37': device_add
[    0.402499] device: 'tty38': device_add
[    0.402782] device: 'tty39': device_add
[    0.402890] device: 'tty40': device_add
[    0.403000] device: 'tty41': device_add
[    0.403103] device: 'tty42': device_add
[    0.403208] device: 'tty43': device_add
[    0.403309] device: 'tty44': device_add
[    0.403442] device: 'tty45': device_add
[    0.403551] device: 'tty46': device_add
[    0.403659] device: 'tty47': device_add
[    0.403808] device: 'tty48': device_add
[    0.403913] device: 'tty49': device_add
[    0.404021] device: 'tty50': device_add
[    0.404126] device: 'tty51': device_add
[    0.404228] device: 'tty52': device_add
[    0.404331] device: 'tty53': device_add
[    0.404432] device: 'tty54': device_add
[    0.404529] device: 'tty55': device_add
[    0.404638] device: 'tty56': device_add
[    0.404743] device: 'tty57': device_add
[    0.404846] device: 'tty58': device_add
[    0.405002] device: 'tty59': device_add
[    0.405118] device: 'tty60': device_add
[    0.405224] device: 'tty61': device_add
[    0.405324] device: 'tty62': device_add
[    0.405434] device: 'tty63': device_add
[    0.405583] device class 'thermal': registering
[    0.410657] pci 0000:00:04.0: PCI bridge to [bus 01]
[    0.410727] pci 0000:00:04.0:   bridge window [io  0x1000-0x1fff]
[    0.410799] pci 0000:00:04.0:   bridge window [mem 0xf0000000-0xf00fffff 64bit pref]
[    0.410942] pci 0000:00:14.4: PCI bridge to [bus 02]
[    0.411023] pci_bus 0000:00: resource 4 [mem 0x000a0000-0x000bffff]
[    0.411090] pci_bus 0000:00: resource 5 [mem 0x000c0000-0x000c1fff]
[    0.411156] pci_bus 0000:00: resource 6 [mem 0x000c2000-0x000c3fff]
[    0.411222] pci_bus 0000:00: resource 7 [mem 0x000c4000-0x000c5fff]
[    0.411285] pci_bus 0000:00: resource 8 [mem 0x000c6000-0x000c7fff]
[    0.411349] pci_bus 0000:00: resource 9 [mem 0x000c8000-0x000c9fff]
[    0.411413] pci_bus 0000:00: resource 10 [mem 0x000ca000-0x000cbfff]
[    0.411476] pci_bus 0000:00: resource 11 [mem 0x000cc000-0x000cdfff]
[    0.411540] pci_bus 0000:00: resource 12 [mem 0x000d0000-0x000d1fff]
[    0.411605] pci_bus 0000:00: resource 13 [mem 0x000d2000-0x000d3fff]
[    0.411671] pci_bus 0000:00: resource 14 [mem 0x000d4000-0x000d5fff]
[    0.411738] pci_bus 0000:00: resource 15 [mem 0x000d6000-0x000d7fff]
[    0.411804] pci_bus 0000:00: resource 16 [mem 0x000d8000-0x000d9fff]
[    0.411870] pci_bus 0000:00: resource 17 [mem 0x000da000-0x000dbfff]
[    0.411936] pci_bus 0000:00: resource 18 [mem 0x000dc000-0x000ddfff]
[    0.411998] pci_bus 0000:00: resource 19 [mem 0x000de000-0x000dffff]
[    0.412060] pci_bus 0000:00: resource 20 [mem 0x000e0000-0x000e1fff]
[    0.412123] pci_bus 0000:00: resource 21 [mem 0x000e2000-0x000e3fff]
[    0.412185] pci_bus 0000:00: resource 22 [mem 0x000e4000-0x000e5fff]
[    0.412244] pci_bus 0000:00: resource 23 [mem 0x000e6000-0x000e7fff]
[    0.412303] pci_bus 0000:00: resource 24 [mem 0x000e8000-0x000e9fff]
[    0.412362] pci_bus 0000:00: resource 25 [mem 0x000ea000-0x000ebfff]
[    0.412421] pci_bus 0000:00: resource 26 [mem 0x000ec000-0x000edfff]
[    0.412480] pci_bus 0000:00: resource 27 [mem 0x000ee000-0x000effff]
[    0.412540] pci_bus 0000:00: resource 28 [mem 0xe0000000-0xffffffff]
[    0.412601] pci_bus 0000:00: resource 29 [io  0x0000-0x0cf7]
[    0.412663] pci_bus 0000:00: resource 30 [io  0x0d00-0xffff]
[    0.413854] pci_bus 0000:01: resource 0 [io  0x1000-0x1fff]
[    0.413917] pci_bus 0000:01: resource 2 [mem 0xf0000000-0xf00fffff 64bit pref]
[    0.414050] pci_bus 0000:02: resource 4 [mem 0x000a0000-0x000bffff]
[    0.414112] pci_bus 0000:02: resource 5 [mem 0x000c0000-0x000c1fff]
[    0.414173] pci_bus 0000:02: resource 6 [mem 0x000c2000-0x000c3fff]
[    0.414233] pci_bus 0000:02: resource 7 [mem 0x000c4000-0x000c5fff]
[    0.414291] pci_bus 0000:02: resource 8 [mem 0x000c6000-0x000c7fff]
[    0.414348] pci_bus 0000:02: resource 9 [mem 0x000c8000-0x000c9fff]
[    0.414406] pci_bus 0000:02: resource 10 [mem 0x000ca000-0x000cbfff]
[    0.414464] pci_bus 0000:02: resource 11 [mem 0x000cc000-0x000cdfff]
[    0.414522] pci_bus 0000:02: resource 12 [mem 0x000d0000-0x000d1fff]
[    0.414580] pci_bus 0000:02: resource 13 [mem 0x000d2000-0x000d3fff]
[    0.414641] pci_bus 0000:02: resource 14 [mem 0x000d4000-0x000d5fff]
[    0.414702] pci_bus 0000:02: resource 15 [mem 0x000d6000-0x000d7fff]
[    0.414763] pci_bus 0000:02: resource 16 [mem 0x000d8000-0x000d9fff]
[    0.414824] pci_bus 0000:02: resource 17 [mem 0x000da000-0x000dbfff]
[    0.414885] pci_bus 0000:02: resource 18 [mem 0x000dc000-0x000ddfff]
[    0.414946] pci_bus 0000:02: resource 19 [mem 0x000de000-0x000dffff]
[    0.415007] pci_bus 0000:02: resource 20 [mem 0x000e0000-0x000e1fff]
[    0.415068] pci_bus 0000:02: resource 21 [mem 0x000e2000-0x000e3fff]
[    0.415129] pci_bus 0000:02: resource 22 [mem 0x000e4000-0x000e5fff]
[    0.415190] pci_bus 0000:02: resource 23 [mem 0x000e6000-0x000e7fff]
[    0.415248] pci_bus 0000:02: resource 24 [mem 0x000e8000-0x000e9fff]
[    0.415306] pci_bus 0000:02: resource 25 [mem 0x000ea000-0x000ebfff]
[    0.415363] pci_bus 0000:02: resource 26 [mem 0x000ec000-0x000edfff]
[    0.415421] pci_bus 0000:02: resource 27 [mem 0x000ee000-0x000effff]
[    0.415479] pci_bus 0000:02: resource 28 [mem 0xe0000000-0xffffffff]
[    0.415536] pci_bus 0000:02: resource 29 [io  0x0000-0x0cf7]
[    0.415596] pci_bus 0000:02: resource 30 [io  0x0d00-0xffff]
[    0.415703] NET: Registered protocol family 2
[    0.416114] TCP established hash table entries: 131072 (order: 8, 1048576 bytes)
[    0.416851] TCP bind hash table entries: 65536 (order: 8, 1048576 bytes)
[    0.417401] TCP: Hash tables configured (established 131072 bind 65536)
[    0.417560] TCP: reno registered
[    0.417682] UDP hash table entries: 8192 (order: 6, 262144 bytes)
[    0.417877] UDP-Lite hash table entries: 8192 (order: 6, 262144 bytes)
[    0.418206] NET: Registered protocol family 1
[    0.418342] pci 0000:00:01.0: calling pci_fixup_video+0x0/0xe0
[    0.418405] pci 0000:00:01.0: Video device with shadowed ROM
[    0.418481] pci 0000:00:12.0: calling quirk_usb_early_handoff+0x0/0x6c0
[    0.418932] IOAPIC[0]: Set routing entry (2-18 -> 0x41 -> IRQ 18 Mode:1 Active:1 Dest:15)
[    0.419604] pci 0000:00:12.2: calling quirk_usb_early_handoff+0x0/0x6c0
[    0.419979] IOAPIC[0]: Set routing entry (2-17 -> 0x51 -> IRQ 17 Mode:1 Active:1 Dest:15)
[    0.420614] pci 0000:00:13.0: calling quirk_usb_early_handoff+0x0/0x6c0
[    0.421017] IOAPIC[0]: Set routing entry (2-18 -> 0x61 -> IRQ 18 Mode:1 Active:1 Dest:15)
[    0.421675] pci 0000:00:13.2: calling quirk_usb_early_handoff+0x0/0x6c0
[    0.422155] IOAPIC[0]: Set routing entry (2-17 -> 0x71 -> IRQ 17 Mode:1 Active:1 Dest:15)
[    0.422773] PCI: CLS 32 bytes, default 64
[    0.422914] Unpacking initramfs...
[    0.623180] microcode: updated early to new patch_level=0x03000027
[    0.625978] Freeing initrd memory: 7732K (ffff8800370d6000 - ffff880037863000)
[    0.626178] PCI-DMA: Using software bounce buffering for IO (SWIOTLB)
[    0.626246] software IO TLB [mem 0xbad9b000-0xbed9b000] (64MB) mapped at [ffff8800bad9b000-ffff8800bed9afff]
[    0.626820] Registering platform device 'microcode'. Parent at platform
[    0.626935] device: 'microcode': device_add
[    0.627006] bus: 'platform': add device microcode
[    0.627181] microcode: CPU0: patch_level=0x03000027
[    0.627259] microcode: CPU1: patch_level=0x03000027
[    0.627337] microcode: CPU2: patch_level=0x03000027
[    0.627434] microcode: CPU3: patch_level=0x03000027
[    0.627513] device: 'microcode': device_add
[    0.627712] microcode: Microcode Update Driver: v2.00 <tigran@aivazian.fsnet.co.uk>, Peter Oruba
[    0.627818] LVT offset 0 assigned for vector 0x400
[    0.627936] perf: AMD IBS detected (0x000000ff)
[    0.628003] Registering platform device 'pcspkr'. Parent at platform
[    0.628067] device: 'pcspkr': device_add
[    0.628135] bus: 'platform': add device pcspkr
[    0.628215] Registering platform device 'platform-framebuffer.0'. Parent at platform
[    0.628310] device: 'platform-framebuffer.0': device_add
[    0.628381] bus: 'platform': add device platform-framebuffer.0
[    0.628768] sha1_ssse3: Neither AVX nor AVX2 nor SSSE3 is available/usable.
[    0.628892] bus: 'clocksource': registered
[    0.629005] device: 'clocksource': device_add
[    0.629081] device: 'clocksource0': device_add
[    0.629141] bus: 'clocksource': add device clocksource0
[    0.629240] bus: 'platform': add driver alarmtimer
[    0.629328] Registering platform device 'alarmtimer'. Parent at platform
[    0.629393] device: 'alarmtimer': device_add
[    0.629456] bus: 'platform': add device alarmtimer
[    0.629537] bus: 'platform': driver_probe_device: matched device alarmtimer with driver alarmtimer
[    0.629626] bus: 'platform': really_probe: probing driver alarmtimer with device alarmtimer
[    0.629759] driver: 'alarmtimer': driver_bound: bound to device 'alarmtimer'
[    0.629819] bus: 'platform': really_probe: bound device alarmtimer to driver alarmtimer
[    0.629960] bus: 'clockevents': registered
[    0.630039] device: 'clockevents': device_add
[    0.630105] device: 'clockevent0': device_add
[    0.630165] bus: 'clockevents': add device clockevent0
[    0.630236] device: 'clockevent1': device_add
[    0.630298] bus: 'clockevents': add device clockevent1
[    0.630369] device: 'clockevent2': device_add
[    0.630433] bus: 'clockevents': add device clockevent2
[    0.630507] device: 'clockevent3': device_add
[    0.630566] bus: 'clockevents': add device clockevent3
[    0.630644] device: 'broadcast': device_add
[    0.630706] bus: 'clockevents': add device broadcast
[    0.630805] futex hash table entries: 1024 (order: 4, 65536 bytes)
[    0.630890] Initialise system trusted keyring
[    0.631036] bus: 'event_source': registered
[    0.631140] device: 'ibs_op': device_add
[    0.631202] bus: 'event_source': add device ibs_op
[    0.631271] device: 'ibs_fetch': device_add
[    0.631332] bus: 'event_source': add device ibs_fetch
[    0.631401] device: 'cpu': device_add
[    0.631476] bus: 'event_source': add device cpu
[    0.631545] device: 'breakpoint': device_add
[    0.631610] bus: 'event_source': add device breakpoint
[    0.631679] device: 'tracepoint': device_add
[    0.631748] bus: 'event_source': add device tracepoint
[    0.631824] device: 'software': device_add
[    0.631885] bus: 'event_source': add device software
[    0.632161] HugeTLB registered 2 MB page size, pre-allocated 0 pages
[    0.638440] alg: No test for stdrng (krng)
[    0.638523] Key type asymmetric registered
[    0.638595] Asymmetric key parser 'x509' registered
[    0.638730] device class 'bsg': registering
[    0.638856] Block layer SCSI generic (bsg) driver version 0.4 loaded (major 252)
[    0.638954] io scheduler noop registered
[    0.639017] io scheduler deadline registered (default)
[    0.639246] test_string_helpers: Running tests...
[    0.639524] bus: 'pci_express': registered
[    0.639633] bus: 'pci': add driver pcieport
[    0.639699] bus: 'pci': driver_probe_device: matched device 0000:00:04.0 with driver pcieport
[    0.639836] bus: 'pci': really_probe: probing driver pcieport with device 0000:00:04.0
[    0.640311] IOAPIC[0]: Set routing entry (2-16 -> 0x81 -> IRQ 16 Mode:1 Active:1 Dest:15)
[    0.640531] device: '0000:00:04.0:pcie01': device_add
[    0.640601] bus: 'pci_express': add device 0000:00:04.0:pcie01
[    0.640726] driver: 'pcieport': driver_bound: bound to device '0000:00:04.0'
[    0.640794] bus: 'pci': really_probe: bound device 0000:00:04.0 to driver pcieport
[    0.640959] bus: 'pci_express': add driver aer
[    0.641036] bus: 'pci_express': add driver pcie_pme
[    0.641105] bus: 'pci_express': driver_probe_device: matched device 0000:00:04.0:pcie01 with driver pcie_pme
[    0.641242] bus: 'pci_express': really_probe: probing driver pcie_pme with device 0000:00:04.0:pcie01
[    0.641398] pcieport 0000:00:04.0: Signaling PME through PCIe PME interrupt
[    0.641463] pci 0000:01:00.0: Signaling PME through PCIe PME interrupt
[    0.641529] pcie_pme 0000:00:04.0:pcie01: service driver pcie_pme loaded
[    0.641592] driver: 'pcie_pme': driver_bound: bound to device '0000:00:04.0:pcie01'
[    0.641728] bus: 'pci_express': really_probe: bound device 0000:00:04.0:pcie01 to driver pcie_pme
[    0.641872] pci_hotplug: PCI Hot Plug PCI Core version: 0.5
[    0.641944] bus: 'pci_express': add driver pciehp_dummy
[    0.642022] bus: 'pci_express': remove driver pciehp_dummy
[    0.642095] driver: 'pciehp_dummy': driver_release
[    0.642164] bus: 'pci_express': add driver pciehp
[    0.642235] pciehp: PCI Express Hot Plug Controller Driver version: 0.4
[    0.642307] bus: 'pci': add driver radeonfb
[    0.642386] bus: 'platform': add driver ipmi
[    0.642463] ipmi message handler version 39.2
[    0.642536] ipmi device interface
[    0.642593] device class 'ipmi': registering
[    0.642663] IPMI Watchdog: driver initialized
[    0.642729] Copyright (C) 2004 MontaVista Software - IPMI Powerdown via sys_reboot.
[    0.642872] bus: 'acpi': add driver ac
[    0.642943] bus: 'acpi': driver_probe_device: matched device ACPI0003:00 with driver ac
[    0.643074] bus: 'acpi': really_probe: probing driver ac with device ACPI0003:00
[    0.643350] device: 'ADP1': device_add
[    0.643535] ACPI: AC Adapter [ADP1] (on-line)
[    0.644653] driver: 'ac': driver_bound: bound to device 'ACPI0003:00'
[    0.644712] bus: 'acpi': really_probe: bound device ACPI0003:00 to driver ac
[    0.644794] bus: 'acpi': add driver button
[    0.644864] bus: 'acpi': driver_probe_device: matched device PNP0C0C:00 with driver button
[    0.644997] bus: 'acpi': really_probe: probing driver button with device PNP0C0C:00
[    0.645135] device: 'input0': device_add
[    0.645234] input: Power Button as /devices/LNXSYSTM:00/LNXSYBUS:00/PNP0C0C:00/input/input0
[    0.645371] ACPI: Power Button [PWRB]
[    0.645430] driver: 'button': driver_bound: bound to device 'PNP0C0C:00'
[    0.645489] bus: 'acpi': really_probe: bound device PNP0C0C:00 to driver button
[    0.645627] bus: 'acpi': driver_probe_device: matched device PNP0C0D:00 with driver button
[    0.645758] bus: 'acpi': really_probe: probing driver button with device PNP0C0D:00
[    0.645895] device: 'input1': device_add
[    0.646000] input: Lid Switch as /devices/LNXSYSTM:00/LNXSYBUS:00/PNP0C0D:00/input/input1
[    0.646183] ACPI: Lid Switch [LID0]
[    0.646244] driver: 'button': driver_bound: bound to device 'PNP0C0D:00'
[    0.646306] bus: 'acpi': really_probe: bound device PNP0C0D:00 to driver button
[    0.646439] bus: 'acpi': driver_probe_device: matched device PNP0C0E:00 with driver button
[    0.646569] bus: 'acpi': really_probe: probing driver button with device PNP0C0E:00
[    0.646715] device: 'input2': device_add
[    0.646809] input: Sleep Button as /devices/LNXSYSTM:00/LNXSYBUS:00/PNP0C0E:00/input/input2
[    0.646898] ACPI: Sleep Button [SLPB]
[    0.646956] driver: 'button': driver_bound: bound to device 'PNP0C0E:00'
[    0.647015] bus: 'acpi': really_probe: bound device PNP0C0E:00 to driver button
[    0.647146] bus: 'acpi': driver_probe_device: matched device LNXPWRBN:00 with driver button
[    0.647274] bus: 'acpi': really_probe: probing driver button with device LNXPWRBN:00
[    0.647407] device: 'input3': device_add
[    0.647511] input: Power Button as /devices/LNXSYSTM:00/LNXPWRBN:00/input/input3
[    0.647648] ACPI: Power Button [PWRF]
[    0.647716] driver: 'button': driver_bound: bound to device 'LNXPWRBN:00'
[    0.647776] bus: 'acpi': really_probe: bound device LNXPWRBN:00 to driver button
[    0.647915] bus: 'platform': add driver acpi-fan
[    0.648003] bus: 'acpi': add driver video
[    0.648069] bus: 'acpi': driver_probe_device: matched device LNXVIDEO:00 with driver video
[    0.648196] bus: 'acpi': really_probe: probing driver video with device LNXVIDEO:00
[    0.648340] video: probe of LNXVIDEO:00 rejects match -19
[    0.648403] bus: 'acpi': driver_probe_device: matched device LNXVIDEO:01 with driver video
[    0.648530] bus: 'acpi': really_probe: probing driver video with device LNXVIDEO:01
[    0.648750] ACPI: Video Device [VGA1] (multi-head: yes  rom: no  post: no)
[    0.663274] APIC error on CPU0: 80 : Illegal register address
[    0.677290] APIC error on CPU0: 80 : Illegal register address
[    0.677344] device: 'acpi_video0': device_add

[    0.681741] device: 'cooling_device0': device_add
[    0.681878] acpi device:3d: registered as cooling_device0
[    0.681970] device: 'input4': device_add
[    0.682077] input: Video Bus as /devices/LNXSYSTM:00/LNXSYBUS:00/PNP0A08:00/LNXVIDEO:01/input/input4
[    0.682223] driver: 'video': driver_bound: bound to device 'LNXVIDEO:01'
[    0.682287] bus: 'acpi': really_probe: bound device LNXVIDEO:01 to driver video
[    0.682446] bus: 'cpu': add driver processor
[    0.682517] bus: 'cpu': driver_probe_device: matched device cpu0 with driver processor
[    0.682656] bus: 'cpu': really_probe: probing driver processor with device cpu0
[    0.682825] ACPI: acpi_idle registered with cpuidle
[    0.682928] device: 'cooling_device1': device_add
[    0.683069] driver: 'processor': driver_bound: bound to device 'cpu0'
[    0.683141] bus: 'cpu': really_probe: bound device cpu0 to driver processor
[    0.683208] bus: 'cpu': driver_probe_device: matched device cpu1 with driver processor
[    0.683353] bus: 'cpu': really_probe: probing driver processor with device cpu1
[    0.683527] device: 'cooling_device2': device_add
[    0.683614] driver: 'processor': driver_bound: bound to device 'cpu1'
[    0.683681] bus: 'cpu': really_probe: bound device cpu1 to driver processor
[    0.683744] bus: 'cpu': driver_probe_device: matched device cpu2 with driver processor
[    0.683873] bus: 'cpu': really_probe: probing driver processor with device cpu2
[    0.684058] device: 'cooling_device3': device_add
[    0.684145] driver: 'processor': driver_bound: bound to device 'cpu2'
[    0.684212] bus: 'cpu': really_probe: bound device cpu2 to driver processor
[    0.684272] bus: 'cpu': driver_probe_device: matched device cpu3 with driver processor
[    0.684398] bus: 'cpu': really_probe: probing driver processor with device cpu3
[    0.684565] device: 'cooling_device4': device_add
[    0.684702] driver: 'processor': driver_bound: bound to device 'cpu3'
[    0.684769] bus: 'cpu': really_probe: bound device cpu3 to driver processor
[    0.684953] bus: 'acpi': add driver thermal
[    0.685052] bus: 'acpi': driver_probe_device: matched device LNXTHERM:00 with driver thermal
[    0.685186] bus: 'acpi': really_probe: probing driver thermal with device LNXTHERM:00
[    0.703429] device: 'thermal_zone0': device_add
[    0.703528] device: 'hwmon0': device_add
[    0.710383] thermal LNXTHERM:00: registered as thermal_zone0
[    0.710494] ACPI: Thermal Zone [TZS0] (30 C)
[    0.710558] driver: 'thermal': driver_bound: bound to device 'LNXTHERM:00'
[    0.710622] bus: 'acpi': really_probe: bound device LNXTHERM:00 to driver thermal
[    0.710762] bus: 'acpi': driver_probe_device: matched device LNXTHERM:01 with driver thermal
[    0.710902] bus: 'acpi': really_probe: probing driver thermal with device LNXTHERM:01
[    0.711558] device: 'thermal_zone1': device_add
[    0.711755] thermal LNXTHERM:01: registered as thermal_zone1
[    0.711826] ACPI: Thermal Zone [TZS1] (23 C)
[    0.711892] driver: 'thermal': driver_bound: bound to device 'LNXTHERM:01'
[    0.711960] bus: 'acpi': really_probe: bound device LNXTHERM:01 to driver thermal
[    0.712124] bus: 'acpi': add driver hardware_error_device
[    0.712215] bus: 'acpi': add driver battery
[    0.712240] GHES: HEST is not enabled!
[    0.712245] bus: 'platform': add driver reg-virt-consumer
[    0.712264] bus: 'i2c': add driver LP3971
[    0.712274] i2c-core: driver [LP3971] registered
[    0.712278] bus: 'i2c': add driver lp872x
[    0.712286] i2c-core: driver [lp872x] registered
[    0.712297] device: 'ptmx': device_add
[    0.712396] device: 'hpet': device_add
[    0.712468] bus: 'acpi': add driver hpet
[    0.712505] device: 'hw_random': device_add
[    0.712538] Hangcheck: starting hangcheck timer 0.9.1 (tick is 180 seconds, margin is 60 seconds).
[    0.712543] bus: 'pnp': add driver tpm_tis
[    0.712558] bus: 'i2c': add driver tpm_i2c_infineon
[    0.712566] i2c-core: driver [tpm_i2c_infineon] registered
[    0.712568] bus: 'pnp': add driver tpm_inf_pnp
[    0.712578] device class 'drm': registering
[    0.712589] [drm] Initialized drm 1.1.0 20060810
[    0.712592] device: 'ttm': device_add
[    0.712608] [drm] radeon kernel modesetting enabled.
[    0.712618] bus: 'pci': add driver radeon
[    0.712629] bus: 'pci': driver_probe_device: matched device 0000:00:01.0 with driver radeon
[    0.712630] bus: 'pci': really_probe: probing driver radeon with device 0000:00:01.0
[    0.713157] IOAPIC[0]: Set routing entry (2-18 -> 0xa1 -> IRQ 18 Mode:1 Active:1 Dest:15)
[    0.713195] device: 'controlD64': device_add
[    0.713413] device: 'renderD128': device_add
[    0.713591] device: 'card0': device_add
[    0.713727] [drm] initializing kernel modesetting (SUMO 0x1002:0x9647 0x17AA:0x3971).
[    0.713747] [drm] register mmio base: 0xF0100000
[    0.713748] [drm] register mmio size: 262144
[    0.713798] ATOM BIOS: Lenovo
[    0.713893] radeon 0000:00:01.0: VRAM: 512M 0x0000000000000000 - 0x000000001FFFFFFF (512M used)
[    0.713895] radeon 0000:00:01.0: GTT: 1024M 0x0000000020000000 - 0x000000005FFFFFFF
[    0.713901] mtrr: your BIOS has configured an incorrect mask, fixing it.
[    0.713903] mtrr: your BIOS has configured an incorrect mask, fixing it.
[    0.714982] bus: 'acpi': driver_probe_device: matched device PNP0C0A:00 with driver battery
[    0.715114] bus: 'acpi': really_probe: probing driver battery with device PNP0C0A:00
[    0.716493] device: 'BAT0': device_add
[    0.717047] ACPI: Battery Slot [BAT0] (battery present)
[    0.717157] driver: 'battery': driver_bound: bound to device 'PNP0C0A:00'
[    0.717220] bus: 'acpi': really_probe: bound device PNP0C0A:00 to driver battery
[    0.718267] [drm] Detected VRAM RAM=512M, BAR=256M
[    0.718351] [drm] RAM width 32bits DDR
[    0.718628] [TTM] Zone  kernel: Available graphics memory: 7936368 kiB
[    0.718700] [TTM] Zone   dma32: Available graphics memory: 2097152 kiB
[    0.719852] [TTM] Initializing pool allocator
[    0.719926] [TTM] Initializing DMA pool allocator
[    0.720045] [drm] radeon: 512M of VRAM memory ready
[    0.720115] [drm] radeon: 1024M of GTT memory ready.
[    0.720217] [drm] Loading SUMO Microcode
[    0.720286] radeon 0000:00:01.0: firmware: using built-in firmware radeon/SUMO_pfp.bin
[    0.720426] radeon 0000:00:01.0: firmware: using built-in firmware radeon/SUMO_me.bin
[    0.720566] radeon 0000:00:01.0: firmware: using built-in firmware radeon/SUMO_rlc.bin
[    0.720706] [drm] Internal thermal controller without fan control
[    0.720777] device: 'hwmon1': device_add
[    0.720878] [drm] Found smc ucode version: 0x00011100
[    0.721065] [drm] radeon: dpm initialized
[    0.721133] radeon 0000:00:01.0: firmware: using built-in firmware radeon/SUMO_uvd.bin
[    0.721297] [drm] GART: num cpu pages 262144, num gpu pages 262144
[    0.731829] [drm] PCIE GART of 1024M enabled (table at 0x0000000000274000).
[    0.732062] radeon 0000:00:01.0: WB enabled
[    0.732176] radeon 0000:00:01.0: fence driver on ring 0 use gpu addr 0x0000000020000c00 and cpu addr 0xffff88040996ac00
[    0.732315] radeon 0000:00:01.0: fence driver on ring 3 use gpu addr 0x0000000020000c0c and cpu addr 0xffff88040996ac0c
[    0.733181] radeon 0000:00:01.0: fence driver on ring 5 use gpu addr 0x0000000000072118 and cpu addr 0xffffc90005d32118
[    0.733370] [drm] Supports vblank timestamp caching Rev 2 (21.10.2013).
[    0.733434] [drm] Driver supports precise vblank timestamp query.
[    0.733493] radeon 0000:00:01.0: radeon: MSI limited to 32-bit
[    0.733582] radeon 0000:00:01.0: radeon: using MSI.
[    0.733667] [drm] radeon: irq initialized.
[    0.750399] [drm] ring test on 0 succeeded in 1 usecs
[    0.750516] [drm] ring test on 3 succeeded in 3 usecs
[    0.796625] [drm] ring test on 5 succeeded in 1 usecs
[    0.816753] [drm] UVD initialized successfully.
[    0.817186] [drm] ib test on ring 0 succeeded in 0 usecs
[    0.817331] [drm] ib test on ring 3 succeeded in 0 usecs
[    1.337017] [drm] ib test on ring 5 succeeded
[    1.357196] device: 'i2c-0': device_add
[    1.357325] bus: 'i2c': add device i2c-0
[    1.357418] i2c i2c-0: adapter [Radeon i2c bit bus 0x90] registered
[    1.357547] device: 'i2c-1': device_add
[    1.357621] bus: 'i2c': add device i2c-1
[    1.357711] i2c i2c-1: adapter [Radeon i2c bit bus 0x91] registered
[    1.357795] device: 'i2c-2': device_add
[    1.357862] bus: 'i2c': add device i2c-2
[    1.357938] i2c i2c-2: adapter [Radeon i2c bit bus 0x92] registered
[    1.358019] device: 'i2c-3': device_add
[    1.358095] bus: 'i2c': add device i2c-3
[    1.358173] i2c i2c-3: adapter [Radeon i2c bit bus 0x93] registered
[    1.358260] device: 'i2c-4': device_add
[    1.358330] bus: 'i2c': add device i2c-4
[    1.358413] i2c i2c-4: adapter [Radeon i2c bit bus 0x94] registered
[    1.358503] device: 'i2c-5': device_add
[    1.358580] bus: 'i2c': add device i2c-5
[    1.358659] i2c i2c-5: adapter [Radeon i2c bit bus 0x95] registered
[    1.358748] device: 'i2c-6': device_add
[    1.358817] bus: 'i2c': add device i2c-6
[    1.358888] i2c i2c-6: adapter [Radeon i2c bit bus 0x96] registered
[    1.358974] device: 'i2c-7': device_add
[    1.359035] bus: 'i2c': add device i2c-7
[    1.359103] i2c i2c-7: adapter [Radeon i2c bit bus 0x97] registered
[    1.359603] device: 'card0-VGA-1': device_add
[    1.359730] device: 'i2c-8': device_add
[    1.359807] bus: 'i2c': add device i2c-8
[    1.359888] i2c i2c-8: adapter [card0-VGA-1] registered
[    1.359975] device: 'card0-LVDS-1': device_add
[    1.360081] device: 'i2c-9': device_add
[    1.360151] bus: 'i2c': add device i2c-9
[    1.360228] i2c i2c-9: adapter [card0-LVDS-1] registered
[    1.360308] device: 'card0-HDMI-A-1': device_add
[    1.360413] device: 'radeon_bl0': device_add
[    1.360959] [drm] radeon atom DIG backlight initialized
[    1.361064] [drm] Radeon Display Connectors
[    1.361122] [drm] Connector 0:
[    1.361178] [drm]   VGA-1
[    1.361234] [drm]   HPD2
[    1.361292] [drm]   DDC: 0x6440 0x6440 0x6444 0x6444 0x6448 0x6448 0x644c 0x644c
[    1.361421] [drm]   Encoders:
[    1.361478] [drm]     CRT1: INTERNAL_UNIPHY2
[    1.361535] [drm]     CRT1: NUTMEG
[    1.361592] [drm] Connector 1:
[    1.361649] [drm]   LVDS-1
[    1.361705] [drm]   HPD1
[    1.361762] [drm]   DDC: 0x6430 0x6430 0x6434 0x6434 0x6438 0x6438 0x643c 0x643c
[    1.361892] [drm]   Encoders:
[    1.361951] [drm]     LCD1: INTERNAL_UNIPHY2
[    1.362009] [drm]     LCD1: TRAVIS
[    1.362066] [drm] Connector 2:
[    1.362123] [drm]   HDMI-A-1
[    1.362182] [drm]   HPD3
[    1.362240] [drm]   DDC: 0x6450 0x6450 0x6454 0x6454 0x6458 0x6458 0x645c 0x645c
[    1.362369] [drm]   Encoders:
[    1.362427] [drm]     DFP1: INTERNAL_UNIPHY
[    1.413417] i2c i2c-8: master_xfer[0] W, addr=0x50, len=1
[    1.413487] i2c i2c-8: master_xfer[1] R, addr=0x50, len=8
[    1.426922] i2c i2c-9: master_xfer[0] W, addr=0x50, len=1
[    1.427035] i2c i2c-9: master_xfer[1] R, addr=0x50, len=1
[    1.429298] i2c i2c-9: master_xfer[0] W, addr=0x50, len=1
[    1.429414] i2c i2c-9: master_xfer[1] R, addr=0x50, len=128
[    1.467195] i2c i2c-2: master_xfer[0] W, addr=0x50, len=1
[    1.467312] i2c i2c-2: master_xfer[1] R, addr=0x50, len=8
[    1.473388] i2c i2c-2: i2c_outb: 0xa0, timeout at bit #7
[    1.486723] i2c i2c-2: i2c_outb: 0xa0, timeout at bit #7
[    1.500054] i2c i2c-2: i2c_outb: 0xa0, timeout at bit #7
[    1.513388] i2c i2c-2: i2c_outb: 0xa0, timeout at bit #7
[    1.513449] i2c i2c-2: Used 4 tries to write to client at 0x50: failed, timeout?
[    1.513579] i2c i2c-2: NAK from device addr 0x50 msg #0
[    1.521131] [drm] fb mappable at 0xE0478000
[    1.521234] [drm] vram apper at 0xE0000000
[    1.521290] [drm] size 4325376
[    1.521345] [drm] fb depth is 24
[    1.521400] [drm]    pitch is 5632
[    1.521460] device: 'fb0': device_add
[    1.521780] fbcon: radeondrmfb (fb0) is primary device
[    1.521802] fbcon: allocated 4194304 bytes of memory for scrollback. Equivalent kernel parameter: fbcon=scrollback:4194304
[    1.521813] device: 'vtcon1': device_add
[    1.661118] Console: switching to colour frame buffer device 227x69
[    1.667290] radeon 0000:00:01.0: fb0: radeondrmfb frame buffer device
[    1.667328] radeon 0000:00:01.0: registered panic notifier
[    1.674389] [drm] Initialized radeon 2.40.0 20080528 for 0000:00:01.0 on minor 0
[    1.674429] driver: 'radeon': driver_bound: bound to device '0000:00:01.0'
[    1.674456] bus: 'pci': really_probe: bound device 0000:00:01.0 to driver radeon
[    1.674616] device class 'spi_transport': registering
[    1.674641] device class 'spi_host': registering
[    1.674673] device class 'scsi_disk': registering
[    1.674703] bus: 'scsi': add driver sd
[    1.674732] bus: 'scsi': add driver sr
[    1.674757] device class 'scsi_generic': registering
[    1.674795] bus: 'pci': add driver ahci
[    1.674819] bus: 'pci': driver_probe_device: matched device 0000:00:11.0 with driver ahci
[    1.674849] bus: 'pci': really_probe: probing driver ahci with device 0000:00:11.0
[    1.674882] ahci 0000:00:11.0: version 3.0
[    1.675223] IOAPIC[0]: Set routing entry (2-19 -> 0xc1 -> IRQ 19 Mode:1 Active:1 Dest:15)
[    1.675418] ahci 0000:00:11.0: AHCI 0001.0300 32 slots 3 ports 3 Gbps 0xe impl SATA mode
[    1.675449] ahci 0000:00:11.0: flags: 64bit ncq sntf ilck pm led clo pmp pio slum part ccc sxs 
[    1.675655] device: 'ata1': device_add
[    1.675682] device: 'ata1': device_add
[    1.675720] device: 'link1': device_add
[    1.675744] device: 'link1': device_add
[    1.675786] device: 'dev1.0': device_add
[    1.675807] device: 'dev1.0': device_add
[    1.675846] device: 'ata2': device_add
[    1.675868] device: 'ata2': device_add
[    1.675907] device: 'link2': device_add
[    1.675929] device: 'link2': device_add
[    1.675969] device: 'dev2.0': device_add
[    1.675992] device: 'dev2.0': device_add
[    1.676035] device: 'ata3': device_add
[    1.676057] device: 'ata3': device_add
[    1.676097] device: 'link3': device_add
[    1.676118] device: 'link3': device_add
[    1.676157] device: 'dev3.0': device_add
[    1.676181] device: 'dev3.0': device_add
[    1.676222] device: 'ata4': device_add
[    1.676244] device: 'ata4': device_add
[    1.676280] device: 'link4': device_add
[    1.676302] device: 'link4': device_add
[    1.676350] device: 'dev4.0': device_add
[    1.677387] device: 'dev4.0': device_add
[    1.678679] scsi host0: ahci
[    1.679719] device: 'host0': device_add
[    1.680757] bus: 'scsi': add device host0
[    1.681806] device: 'host0': device_add
[    1.683113] scsi host1: ahci
[    1.683953] device: 'host1': device_add
[    1.684706] bus: 'scsi': add device host1
[    1.685478] device: 'host1': device_add
[    1.686800] scsi host2: ahci
[    1.687662] device: 'host2': device_add
[    1.688426] bus: 'scsi': add device host2
[    1.689235] device: 'host2': device_add
[    1.690912] scsi host3: ahci
[    1.691775] device: 'host3': device_add
[    1.692553] bus: 'scsi': add device host3
[    1.693581] device: 'host3': device_add
[    1.694585] ata1: DUMMY
[    1.695663] ata2: SATA max UDMA/133 abar m2048@0xf014a000 port 0xf014a180 irq 26
[    1.696788] ata3: SATA max UDMA/133 abar m2048@0xf014a000 port 0xf014a200 irq 26
[    1.697799] ata4: SATA max UDMA/133 abar m2048@0xf014a000 port 0xf014a280 irq 26
[    1.698880] driver: 'ahci': driver_bound: bound to device '0000:00:11.0'
[    1.699922] bus: 'pci': really_probe: bound device 0000:00:11.0 to driver ahci
[    1.701071] bus: 'pci': add driver ata_piix
[    1.702178] bus: 'pci': add driver pata_amd
[    1.703176] bus: 'pci': add driver pata_oldpiix
[    1.704280] bus: 'pci': add driver pata_sch
[    1.705268] bus: 'mdio_bus': add driver RTL8201CP Ethernet
[    1.706196] bus: 'mdio_bus': add driver RTL8211B Gigabit Ethernet
[    1.707260] bus: 'mdio_bus': add driver RTL8211E Gigabit Ethernet
[    1.708249] bus: 'pci': add driver r8169
[    1.709151] bus: 'pci': driver_probe_device: matched device 0000:01:00.0 with driver r8169
[    1.710081] bus: 'pci': really_probe: probing driver r8169 with device 0000:01:00.0
[    1.711051] r8169 Gigabit Ethernet driver 2.3LK-NAPI loaded
[    1.712041] r8169 0000:01:00.0: can't disable ASPM; OS doesn't have ASPM control
[    1.713117] r8169 0000:01:00.0: enabling Mem-Wr-Inval
[    1.714287] device: 'eth0': device_add
[    1.715416] r8169 0000:01:00.0 eth0: RTL8105e at 0xffffc900018fa000, f0:de:f1:98:0f:7c, XID 00a00000 IRQ 27
[    1.716440] driver: 'r8169': driver_bound: bound to device '0000:01:00.0'
[    1.717665] bus: 'pci': really_probe: bound device 0000:01:00.0 to driver r8169
[    1.718764] bus: 'pci': add driver xhci_hcd
[    1.719858] ehci_hcd: USB 2.0 'Enhanced' Host Controller (EHCI) Driver
[    1.720903] ehci-pci: EHCI PCI platform driver
[    1.721909] bus: 'pci': add driver ehci-pci
[    1.722938] bus: 'pci': driver_probe_device: matched device 0000:00:12.2 with driver ehci-pci
[    1.723993] bus: 'pci': really_probe: probing driver ehci-pci with device 0000:00:12.2
