[    0.000000] Linux version 4.8.0-rc1-g29b4817 (z@myzee) (gcc version 6.1.1 20160707 (GCC) ) #17 SMP PREEMPT Mon Aug 8 13:42:56 EEST 2016
[    0.000000] Command line: BOOT_IMAGE=/boot/vmlinuz-linux-git root=UUID=96efaea0-86dc-485a-af36-36706f9f3908 rw root_trim=yes rd.luks.allow-discards ipv6.disable=1 pnp.debug=1 loglevel=9 log_buf_len=10M printk.always_kmsg_dump=y printk.time=y printk.devkmsg=on mminit_loglevel=0 memory_corruption_check=1 nohz=on rcu_nocbs=1-3 fbcon=scrollback:4096k fbcon=font:ProFont6x11 apic=debug dynamic_debug.verbose=1 "dyndbg=file arch/x86/kernel/apic/* +pflmt ; file drivers/video/* +pflmt ; file drivers/input/* -pflmt ; file drivers/acpi/* -pflmt" acpi_backlight=vendor radeon.audio=0 radeon.lockup_timeout=999000 radeon.test=0 radeon.agpmode=-1 radeon.benchmark=0 radeon.tv=0 radeon.hard_reset=1 radeon.msi=1 radeon.pcie_gen2=-1 radeon.no_wb=1 radeon.dynclks=0 radeon.r4xx_atom=0 radeonfb radeon.fastfb=1 radeon.dpm=1 radeon.runpm=1 rd.debug rd.udev.debug rd.memdebug=3 net.ifnames=1 slub_debug=U pax_sanitize_slab=full noefi nolvm dobtrfs console=tty1 earlyprintk=vga CPUunderclocking radeon.modeset=1 audit
[    0.000000] KERNEL supported cpus:
[    0.000000]   AMD AuthenticAMD
[    0.000000] x86/fpu: Legacy x87 FPU detected.
[    0.000000] x86/fpu: Using 'eager' FPU context switches.
[    0.000000] e820: BIOS-provided physical RAM map:
[    0.000000] BIOS-e820: [mem 0x0000000000000000-0x000000000009d7ff] usable
[    0.000000] BIOS-e820: [mem 0x000000000009d800-0x000000000009ffff] reserved
[    0.000000] BIOS-e820: [mem 0x00000000000e0000-0x00000000000fffff] reserved
[    0.000000] BIOS-e820: [mem 0x0000000000100000-0x00000000bed9afff] usable
[    0.000000] BIOS-e820: [mem 0x00000000bed9b000-0x00000000bf39afff] reserved
[    0.000000] BIOS-e820: [mem 0x00000000bf39b000-0x00000000bf49afff] ACPI NVS
[    0.000000] BIOS-e820: [mem 0x00000000bf49b000-0x00000000bf51afff] ACPI data
[    0.000000] BIOS-e820: [mem 0x00000000bf51b000-0x00000000bfdfffff] usable
[    0.000000] BIOS-e820: [mem 0x00000000bfe00000-0x00000000bfffffff] reserved
[    0.000000] BIOS-e820: [mem 0x00000000fec00000-0x00000000fecfffff] reserved
[    0.000000] BIOS-e820: [mem 0x00000000fed80000-0x00000000fed80fff] reserved
[    0.000000] BIOS-e820: [mem 0x00000000ffe00000-0x00000000ffffffff] reserved
[    0.000000] BIOS-e820: [mem 0x0000000100000000-0x000000041effffff] usable
[    0.000000] bootconsole [earlyvga0] enabled
[    0.000000] NX (Execute Disable) protection: active
[    0.000000] SMBIOS 2.6 present.
[    0.000000] DMI: LENOVO Sabine/Torpedo, BIOS 54CN18WW 07/20/2011
[    0.000000] e820: update [mem 0x00000000-0x00000fff] usable ==> reserved
[    0.000000] e820: remove [mem 0x000a0000-0x000fffff] usable
[    0.000000] e820: last_pfn = 0x41f000 max_arch_pfn = 0x400000000
[    0.000000] MTRR default type: uncachable
[    0.000000] MTRR fixed ranges enabled:
[    0.000000]   00000-9FFFF write-back
[    0.000000]   A0000-BFFFF uncachable
[    0.000000]   C0000-FFFFF write-protect
[    0.000000] MTRR variable ranges enabled:
[    0.000000]   0 base 0000000000 mask FF80000000 write-back
[    0.000000]   1 base 0080000000 mask FFC0000000 write-back
[    0.000000]   2 base 00FFF90000 mask FFFFFF0000 uncachable
[    0.000000]   3 base 00FED80000 mask 0FFFFFF000 uncachable
[    0.000000]   4 disabled
[    0.000000]   5 disabled
[    0.000000]   6 disabled
[    0.000000]   7 base 00FFE00000 mask FFFFE00000 write-protect
[    0.000000] TOM2: 000000041f000000 aka 16880M
[    0.000000] x86/PAT: Configuration [0-7]: WB  WC  UC- UC  WB  WC  UC- WT  
[    0.000000] mtrr: your BIOS has configured an incorrect mask, fixing it.
[    0.000000] e820: last_pfn = 0xbfe00 max_arch_pfn = 0x400000000
[    0.000000] Scan for SMP in [mem 0x00000000-0x000003ff]
[    0.000000] Scan for SMP in [mem 0x0009fc00-0x0009ffff]
[    0.000000] Scan for SMP in [mem 0x000f0000-0x000fffff]
[    0.000000] found SMP MP-table at [mem 0x000fa8b0-0x000fa8bf] mapped at [ffffa4d0800fa8b0]
[    0.000000]   mpc: fa8c0-faa24
[    0.000000] Base memory trampoline at [ffffa4d080097000] 97000 size 24576
[    0.000000] Using GB pages for direct mapping
[    0.000000] BRK [0x38f830000, 0x38f830fff] PGTABLE
[    0.000000] BRK [0x38f831000, 0x38f831fff] PGTABLE
[    0.000000] BRK [0x38f832000, 0x38f832fff] PGTABLE
[    0.000000] BRK [0x38f833000, 0x38f833fff] PGTABLE
[    0.000000] BRK [0x38f834000, 0x38f834fff] PGTABLE
[    0.000000] BRK [0x38f835000, 0x38f835fff] PGTABLE
[    0.000000] log_buf_len: 16777216 bytes
[    0.000000] early log buf free: 2092576(99%)
[    0.000000] RAMDISK: [mem 0x37b83000-0x37db8fff]
[    0.000000] ACPI: Early table checksum verification disabled
[    0.000000] ACPI: RSDP 0x00000000000F0110 000024 (v02 LENOVO)
[    0.000000] ACPI: XSDT 0x00000000BF51A120 000074 (v01 LENOVO CB-01    00000001 LENO 00000001)
[    0.000000] ACPI: FACP 0x00000000BF508000 0000F4 (v04 LENOVO CB-01    00000001 PTL  00000001)
[    0.000000] ACPI: DSDT 0x00000000BF50A000 00FD10 (v01 LENOVO CB-01    00001000 LENO 00000001)
[    0.000000] ACPI: FACS 0x00000000BF478000 000040
[    0.000000] ACPI: FACS 0x00000000BF478000 000040
[    0.000000] ACPI: HPET 0x00000000BF507000 000038 (v01 LENOVO CB-01    00000001 PTL  00000001)
[    0.000000] ACPI: APIC 0x00000000BF506000 00007A (v02 LENOVO CB-01    00000001 PTL  00000001)
[    0.000000] ACPI: MCFG 0x00000000BF505000 00003C (v01 LENOVO CB-01    00000001 PTL  00000001)
[    0.000000] ACPI: SLIC 0x00000000BF504000 000176 (v01 LENOVO CB-01    00000001 LENO 00000001)
[    0.000000] ACPI: UEFI 0x00000000BF503000 00003E (v01 LENOVO CB-01    00000001 PTL  00000001)
[    0.000000] ACPI: UEFI 0x00000000BF502000 000042 (v01 PTL    COMBUF   00000001 PTL  00000001)
[    0.000000] ACPI: SSDT 0x00000000BF501000 000E34 (v01 AMD    POWERNOW 00000001 AMD  00000001)
[    0.000000] ACPI: SSDT 0x00000000BF4FF000 00193D (v02 AMD    ALIB     00000001 MSFT 04000000)
[    0.000000] ACPI: UEFI 0x00000000BF4FE000 0001DE (v01 LENOVO CB-01    00000001 PTL  00000001)
[    0.000000] ACPI: Local APIC address 0xfee00000
[    0.000000] mapped APIC to ffffffffff7fc000 (        fee00000)
[    0.000000] No NUMA configuration found
[    0.000000] Faking a node at [mem 0x0000000000000000-0x000000041effffff]
[    0.000000] NODE_DATA(0) allocated [mem 0x41dff9000-0x41dffcfff]
[    0.000000] Zone ranges:
[    0.000000]   DMA      [mem 0x0000000000001000-0x0000000000ffffff]
[    0.000000]   DMA32    [mem 0x0000000001000000-0x00000000ffffffff]
[    0.000000]   Normal   [mem 0x0000000100000000-0x000000041effffff]
[    0.000000] Movable zone start for each node
[    0.000000] Early memory node ranges
[    0.000000]   node   0: [mem 0x0000000000001000-0x000000000009cfff]
[    0.000000]   node   0: [mem 0x0000000000100000-0x00000000bed9afff]
[    0.000000]   node   0: [mem 0x00000000bf51b000-0x00000000bfdfffff]
[    0.000000]   node   0: [mem 0x0000000100000000-0x000000041effffff]
[    0.000000] Initmem setup node 0 [mem 0x0000000000001000-0x000000041effffff]
[    0.000000] On node 0 totalpages: 4056604
[    0.000000]   DMA zone: 64 pages used for memmap
[    0.000000]   DMA zone: 21 pages reserved
[    0.000000]   DMA zone: 3996 pages, LIFO batch:0
[    0.000000]   DMA32 zone: 12186 pages used for memmap
[    0.000000]   DMA32 zone: 779904 pages, LIFO batch:31
[    0.000000]   Normal zone: 51136 pages used for memmap
[    0.000000]   Normal zone: 3272704 pages, LIFO batch:31
[    0.000000] ACPI: PM-Timer IO Port: 0x808
[    0.000000] ACPI: Local APIC address 0xfee00000
[    0.000000] mapped APIC to ffffffffff7fc000 (        fee00000)
[    0.000000] ACPI: LAPIC (acpi_id[0x00] lapic_id[0x00] enabled)
[    0.000000] ACPI: LAPIC (acpi_id[0x01] lapic_id[0x01] enabled)
[    0.000000] ACPI: LAPIC (acpi_id[0x02] lapic_id[0x02] enabled)
[    0.000000] ACPI: LAPIC (acpi_id[0x03] lapic_id[0x03] enabled)
[    0.000000] ACPI: LAPIC_NMI (acpi_id[0x00] high edge lint[0x1])
[    0.000000] ACPI: LAPIC_NMI (acpi_id[0x01] high edge lint[0x1])
[    0.000000] ACPI: LAPIC_NMI (acpi_id[0x02] high edge lint[0x1])
[    0.000000] ACPI: LAPIC_NMI (acpi_id[0x03] high edge lint[0x1])
[    0.000000] ACPI: IOAPIC (id[0x02] address[0xfec00000] gsi_base[0])
[    0.000000] IOAPIC[0]: apic_id 2, version 33, address 0xfec00000, GSI 0-23
[    0.000000] ACPI: INT_SRC_OVR (bus 0 bus_irq 0 global_irq 2 dfl dfl)
[    0.000000] Int: type 0, pol 0, trig 0, bus 00, IRQ 00, APIC ID 2, APIC INT 02
[    0.000000] Int: type 0, pol 3, trig 3, bus 00, IRQ 09, APIC ID 2, APIC INT 09
[    0.000000] ACPI: IRQ0 used by override.
[    0.000000] Int: type 0, pol 0, trig 0, bus 00, IRQ 01, APIC ID 2, APIC INT 01
[    0.000000] Int: type 0, pol 0, trig 0, bus 00, IRQ 03, APIC ID 2, APIC INT 03
[    0.000000] Int: type 0, pol 0, trig 0, bus 00, IRQ 04, APIC ID 2, APIC INT 04
[    0.000000] Int: type 0, pol 0, trig 0, bus 00, IRQ 05, APIC ID 2, APIC INT 05
[    0.000000] Int: type 0, pol 0, trig 0, bus 00, IRQ 06, APIC ID 2, APIC INT 06
[    0.000000] Int: type 0, pol 0, trig 0, bus 00, IRQ 07, APIC ID 2, APIC INT 07
[    0.000000] Int: type 0, pol 0, trig 0, bus 00, IRQ 08, APIC ID 2, APIC INT 08
[    0.000000] ACPI: IRQ9 used by override.
[    0.000000] Int: type 0, pol 0, trig 0, bus 00, IRQ 0a, APIC ID 2, APIC INT 0a
[    0.000000] Int: type 0, pol 0, trig 0, bus 00, IRQ 0b, APIC ID 2, APIC INT 0b
[    0.000000] Int: type 0, pol 0, trig 0, bus 00, IRQ 0c, APIC ID 2, APIC INT 0c
[    0.000000] Int: type 0, pol 0, trig 0, bus 00, IRQ 0d, APIC ID 2, APIC INT 0d
[    0.000000] Int: type 0, pol 0, trig 0, bus 00, IRQ 0e, APIC ID 2, APIC INT 0e
[    0.000000] Int: type 0, pol 0, trig 0, bus 00, IRQ 0f, APIC ID 2, APIC INT 0f
[    0.000000] Using ACPI (MADT) for SMP configuration information
[    0.000000] ACPI: HPET id: 0x43538210 base: 0xfed00000
[    0.000000] smpboot: Allowing 4 CPUs, 0 hotplug CPUs
[    0.000000] mapped IOAPIC to ffffffffff7fb000 (fec00000)
[    0.000000] e820: [mem 0xc0000000-0xfebfffff] available for PCI devices
[    0.000000] clocksource: refined-jiffies: mask: 0xffffffff max_cycles: 0xffffffff, max_idle_ns: 1910969940391419 ns
[    0.000000] setup_percpu: NR_CPUS:64 nr_cpumask_bits:64 nr_cpu_ids:4 nr_node_ids:1
[    0.000000] percpu: Embedded 33 pages/cpu @ffffa4d49dc00000 s95832 r8192 d31144 u524288
[    0.000000] pcpu-alloc: s95832 r8192 d31144 u524288 alloc=1*2097152
[    0.000000] pcpu-alloc: [0] 0 1 2 3 
[    0.000000] Built 1 zonelists in Node order, mobility grouping on.  Total pages: 3993197
[    0.000000] Policy zone: Normal
[    0.000000] Kernel command line: BOOT_IMAGE=/boot/vmlinuz-linux-git root=UUID=96efaea0-86dc-485a-af36-36706f9f3908 rw root_trim=yes rd.luks.allow-discards ipv6.disable=1 pnp.debug=1 loglevel=9 log_buf_len=10M printk.always_kmsg_dump=y printk.time=y printk.devkmsg=on mminit_loglevel=0 memory_corruption_check=1 nohz=on rcu_nocbs=1-3 fbcon=scrollback:4096k fbcon=font:ProFont6x11 apic=debug dynamic_debug.verbose=1 "dyndbg=file arch/x86/kernel/apic/* +pflmt ; file drivers/video/* +pflmt ; file drivers/input/* -pflmt ; file drivers/acpi/* -pflmt" acpi_backlight=vendor radeon.audio=0 radeon.lockup_timeout=999000 radeon.test=0 radeon.agpmode=-1 radeon.benchmark=0 radeon.tv=0 radeon.hard_reset=1 radeon.msi=1 radeon.pcie_gen2=-1 radeon.no_wb=1 radeon.dynclks=0 radeon.r4xx_atom=0 radeonfb radeon.fastfb=1 radeon.dpm=1 radeon.runpm=1 rd.debug rd.udev.debug rd.memdebug=3 net.ifnames=1 slub_debug=U pax_sanitize_slab=full noefi nolvm dobtrfs console=tty1 earlyprintk=vga CPUunderclocking radeon.modeset=1 
[    0.000000] PCIe ASPM is disabled
[    0.000000] PID hash table entries: 4096 (order: 3, 32768 bytes)
[    0.000000] Memory: 15870372K/16226416K available (7821K kernel code, 740K rwdata, 3032K rodata, 880K init, 2628K bss, 356044K reserved, 0K cma-reserved)
[    0.000000] SLUB: HWalign=64, Order=0-3, MinObjects=0, CPUs=4, Nodes=1
[    0.000000] Preemptible hierarchical RCU implementation.
[    0.000000] 	Build-time adjustment of leaf fanout to 64.
[    0.000000] 	RCU restricting CPUs from NR_CPUS=64 to nr_cpu_ids=4.
[    0.000000] RCU: Adjusting geometry for rcu_fanout_leaf=64, nr_cpu_ids=4
[    0.000000] NR_IRQS:4352 nr_irqs:456 16
[    0.000000] spurious 8259A interrupt: IRQ7.
[    0.000000] vgacon: allocated 4194304 bytes of memory for scrollback. CONFIG_VGACON_SOFT_SCROLLBACK_SIZE=4096
[    0.000000] Console: colour VGA+ 80x25
[    0.000000] console [tty1] enabled
[    0.000000] bootconsole [earlyvga0] disabled
[    0.000000] clocksource: hpet: mask: 0xffffffff max_cycles: 0xffffffff, max_idle_ns: 133484873504 ns
[    0.000000] hpet clockevent registered
[    0.000000] tsc: Fast TSC calibration using PIT
[    0.000000] tsc: Detected 1397.345 MHz processor
[    0.000046] Calibrating delay loop (skipped), value calculated using timer frequency.. 2794.69 BogoMIPS (lpj=1397345)
[    0.000169] pid_max: default: 32768 minimum: 301
[    0.000287] ACPI: Core revision 20160422
[    0.000467] ACPI: acpi_os_initialize: map reset_reg status 0
[    0.254692] random: fast init done
[    0.864144] ACPI: 3 ACPI AML tables successfully acquired and loaded

[    0.864729] Security Framework initialized
[    0.866671] Dentry cache hash table entries: 2097152 (order: 12, 16777216 bytes)
[    0.873504] Inode-cache hash table entries: 1048576 (order: 11, 8388608 bytes)
[    0.876720] Mount-cache hash table entries: 32768 (order: 6, 262144 bytes)
[    0.876923] Mountpoint-cache hash table entries: 32768 (order: 6, 262144 bytes)
[    0.879842] [Firmware Info]: CPU: 'AMD A6-3400M APU with Radeon(tm) HD Graphics' has AMD errata 665 Integer Divide Instruction May Cause Unpredictable Behavior.'
[    0.880117] [Firmware Info]: CPU: Double-checked CPU type. 'AMD A6-3400M APU with Radeon(tm) HD Graphics'
[    0.880294] [Firmware Info]: CPU: Setting workaround for 665...(set 'no665wo' in /proc/cmdline to disable)
[    0.880474] CPU: Physical Processor ID: 0
[    0.880603] CPU: Processor Core ID: 0
[    0.880734] mce: CPU supports 6 MCE banks
[    0.880901] Last level iTLB entries: 4KB 512, 2MB 16, 4MB 8
[    0.881077] Last level dTLB entries: 4KB 1024, 2MB 128, 4MB 64, 1GB 0
[    0.882158] Freeing SMP alternatives memory: 28K (ffffffffae997000 - ffffffffae99e000)
[    0.883137] smpboot: Max logical packages: 1
[    0.883314] smpboot: APIC(0) Converting physical 0 to logical package 0
[    0.883453] enabled ExtINT on CPU#0
[    0.883766] ENABLING IO-APIC IRQs
[    0.883904] init IO_APIC IRQs
[    0.884031]  apic 2 pin 0 not connected
[    0.884249] IOAPIC[0]: Set routing entry (2-1 -> 0x31 -> IRQ 1 Mode:0 Active:0 Dest:1)
[    0.884521] IOAPIC[0]: Set routing entry (2-2 -> 0x30 -> IRQ 0 Mode:0 Active:0 Dest:1)
[    0.884732] IOAPIC[0]: Set routing entry (2-3 -> 0x33 -> IRQ 3 Mode:0 Active:0 Dest:1)
[    0.884942] IOAPIC[0]: Set routing entry (2-4 -> 0x34 -> IRQ 4 Mode:0 Active:0 Dest:1)
[    0.885154] IOAPIC[0]: Set routing entry (2-5 -> 0x35 -> IRQ 5 Mode:0 Active:0 Dest:1)
[    0.885366] IOAPIC[0]: Set routing entry (2-6 -> 0x36 -> IRQ 6 Mode:0 Active:0 Dest:1)
[    0.885638] IOAPIC[0]: Set routing entry (2-7 -> 0x37 -> IRQ 7 Mode:0 Active:0 Dest:1)
[    0.885853] IOAPIC[0]: Set routing entry (2-8 -> 0x38 -> IRQ 8 Mode:0 Active:0 Dest:1)
[    0.886055] IOAPIC[0]: Set routing entry (2-9 -> 0x39 -> IRQ 9 Mode:1 Active:1 Dest:1)
[    0.886257] IOAPIC[0]: Set routing entry (2-10 -> 0x3a -> IRQ 10 Mode:0 Active:0 Dest:1)
[    0.886458] IOAPIC[0]: Set routing entry (2-11 -> 0x3b -> IRQ 11 Mode:0 Active:0 Dest:1)
[    0.886660] IOAPIC[0]: Set routing entry (2-12 -> 0x3c -> IRQ 12 Mode:0 Active:0 Dest:1)
[    0.886861] IOAPIC[0]: Set routing entry (2-13 -> 0x3d -> IRQ 13 Mode:0 Active:0 Dest:1)
[    0.887061] IOAPIC[0]: Set routing entry (2-14 -> 0x3e -> IRQ 14 Mode:0 Active:0 Dest:1)
[    0.887261] IOAPIC[0]: Set routing entry (2-15 -> 0x3f -> IRQ 15 Mode:0 Active:0 Dest:1)
[    0.887425]  apic 2 pin 16 not connected
[    0.887546]  apic 2 pin 17 not connected
[    0.887666]  apic 2 pin 18 not connected
[    0.887787]  apic 2 pin 19 not connected
[    0.887908]  apic 2 pin 20 not connected
[    0.888028]  apic 2 pin 21 not connected
[    0.888149]  apic 2 pin 22 not connected
[    0.888269]  apic 2 pin 23 not connected
[    0.888567] ..TIMER: vector=0x30 apic1=0 pin1=2 apic2=-1 pin2=-1
[    0.898695] Using local APIC timer interrupts.
               calibrating APIC timer ...
[    1.000737] ... lapic delta = 1247740
[    1.000865] ... PM-Timer delta = 357957
[    1.000993] ... PM-Timer result ok
[    1.001122] ..... delta 1247740
[    1.001251] ..... mult: 53590024
[    1.001378] ..... calibration result: 199638
[    1.001507] ..... CPU clock speed is 1397.0468 MHz.
[    1.001637] ..... host bus clock speed is 199.0638 MHz.
[    1.001732] smpboot: CPU0: AMD A6-3400M APU with Radeon(tm) HD Graphics (family: 0x12, model: 0x1, stepping: 0x0)
[    1.002061] Performance Events: AMD PMU driver.
[    1.002227] ... version:                0
[    1.002356] ... bit width:              48
[    1.002485] ... generic registers:      4
[    1.002613] ... value mask:             0000ffffffffffff
[    1.002747] ... max period:             00007fffffffffff
[    1.002877] ... fixed-purpose events:   0
[    1.003005] ... event mask:             000000000000000f
[    1.008768] dynamic_debug:ddebug_add_module: 2 debug prints in module main
[    1.008973] dynamic_debug:ddebug_add_module: 1 debug prints in module initramfs
[    1.009159] dynamic_debug:ddebug_add_module: 3 debug prints in module ibs
[    1.009298] dynamic_debug:ddebug_add_module: 1 debug prints in module common
[    1.009446] dynamic_debug:ddebug_add_module: 1 debug prints in module amd
[    1.009587] dynamic_debug:ddebug_add_module: 2 debug prints in module main
[    1.009736] dynamic_debug:ddebug_add_module: 7 debug prints in module generic
[    1.009880] dynamic_debug:ddebug_add_module: 15 debug prints in module cleanup
[    1.010067] dynamic_debug:ddebug_add_module: 8 debug prints in module microcode
[    1.010252] dynamic_debug:ddebug_add_module: 3 debug prints in module boot
[    1.010396] dynamic_debug:ddebug_add_module: 22 debug prints in module smpboot
[    1.010568] dynamic_debug:ddebug_add_module: 1 debug prints in module tsc_sync
[    1.010743] dynamic_debug:ddebug_add_module: 2 debug prints in module setup_percpu
[    1.010921] dynamic_debug:ddebug_add_module: 30 debug prints in module vector
[    1.011053] dynamic_debug:ddebug_add_module: 2 debug prints in module init
[    1.011187] dynamic_debug:ddebug_add_module: 6 debug prints in module init_64
[    1.011319] dynamic_debug:ddebug_add_module: 1 debug prints in module numa
[    1.011452] dynamic_debug:ddebug_add_module: 4 debug prints in module params
[    1.011584] dynamic_debug:ddebug_add_module: 4 debug prints in module async
[    1.011716] dynamic_debug:ddebug_add_module: 1 debug prints in module manage
[    1.011861] dynamic_debug:ddebug_add_module: 14 debug prints in module irqdomain
[    1.012032] dynamic_debug:ddebug_add_module: 2 debug prints in module msi
[    1.012163] dynamic_debug:ddebug_add_module: 2 debug prints in module freezer
[    1.012299] dynamic_debug:ddebug_add_module: 19 debug prints in module module
[    1.012431] dynamic_debug:ddebug_add_module: 1 debug prints in module cgroup
[    1.012564] dynamic_debug:ddebug_add_module: 6 debug prints in module mempolicy
[    1.012744] dynamic_debug:ddebug_add_module: 1 debug prints in module sparse_vmemmap
[    1.012917] dynamic_debug:ddebug_add_module: 1 debug prints in module vmpressure
[    1.013088] dynamic_debug:ddebug_add_module: 1 debug prints in module fsnotify
[    1.013261] dynamic_debug:ddebug_add_module: 2 debug prints in module notification
[    1.013432] dynamic_debug:ddebug_add_module: 1 debug prints in module inotify_fsnotify
[    1.013606] dynamic_debug:ddebug_add_module: 5 debug prints in module inotify_user
[    1.013782] dynamic_debug:ddebug_add_module: 6 debug prints in module fanotify
[    1.013957] dynamic_debug:ddebug_add_module: 13 debug prints in module fanotify_user
[    1.014132] dynamic_debug:ddebug_add_module: 20 debug prints in module aio
[    1.014268] dynamic_debug:ddebug_add_module: 14 debug prints in module binfmt_misc
[    1.014437] dynamic_debug:ddebug_add_module: 2 debug prints in module mount
[    1.014567] dynamic_debug:ddebug_add_module: 1 debug prints in module dir
[    1.014699] dynamic_debug:ddebug_add_module: 8 debug prints in module configfs
[    1.014871] dynamic_debug:ddebug_add_module: 1 debug prints in module debugfs
[    1.015009] dynamic_debug:ddebug_add_module: 22 debug prints in module btrfs
[    1.015140] dynamic_debug:ddebug_add_module: 2 debug prints in module ramoops
[    1.015270] dynamic_debug:ddebug_add_module: 1 debug prints in module inode
[    1.015401] dynamic_debug:ddebug_add_module: 6 debug prints in module asymmetric_keys
[    1.015571] dynamic_debug:ddebug_add_module: 13 debug prints in module x509_key_parser
[    1.015743] dynamic_debug:ddebug_add_module: 13 debug prints in module efi
[    1.015873] dynamic_debug:ddebug_add_module: 1 debug prints in module decompress
[    1.016043] dynamic_debug:ddebug_add_module: 10 debug prints in module kobject
[    1.016218] dynamic_debug:ddebug_add_module: 6 debug prints in module kobject_uevent
[    1.016383] dynamic_debug:ddebug_add_module: 1 debug prints in module list_sort
[    1.016542] dynamic_debug:ddebug_add_module: 1 debug prints in module percpu_refcount
[    1.016703] dynamic_debug:ddebug_add_module: 11 debug prints in module asn1_decoder
[    1.016865] dynamic_debug:ddebug_add_module: 5 debug prints in module probe
[    1.016991] dynamic_debug:ddebug_add_module: 4 debug prints in module pci
[    1.017115] dynamic_debug:ddebug_add_module: 1 debug prints in module pci_driver
[    1.017276] dynamic_debug:ddebug_add_module: 3 debug prints in module slot
[    1.017404] dynamic_debug:ddebug_add_module: 3 debug prints in module quirks
[    1.017535] dynamic_debug:ddebug_add_module: 2 debug prints in module pme
[    1.017666] dynamic_debug:ddebug_add_module: 1 debug prints in module pci_hotplug
[    1.017833] dynamic_debug:ddebug_add_module: 12 debug prints in module acpiphp
[    1.019847] dynamic_debug:ddebug_add_module: 1 debug prints in module htirq
[    1.019972] dynamic_debug:ddebug_add_module: 1 debug prints in module pci_acpi
[    1.020134] dynamic_debug:ddebug_add_module: 3 debug prints in module backlight
[    1.020297] dynamic_debug:ddebug_add_module: 4 debug prints in module fb
[    1.020427] dynamic_debug:ddebug_add_module: 7 debug prints in module tables
[    1.020562] dynamic_debug:ddebug_add_module: 48 debug prints in module acpi
[    1.020691] dynamic_debug:ddebug_add_module: 3 debug prints in module fan
[    1.020825] dynamic_debug:ddebug_add_module: 1 debug prints in module video
[    1.020958] dynamic_debug:ddebug_add_module: 4 debug prints in module pci_slot
[    1.021125] dynamic_debug:ddebug_add_module: 7 debug prints in module processor
[    1.021291] dynamic_debug:ddebug_add_module: 4 debug prints in module pnp
[    1.021416] dynamic_debug:ddebug_add_module: 3 debug prints in module acpi_dma
[    1.021581] dynamic_debug:ddebug_add_module: 11 debug prints in module core
[    1.021705] dynamic_debug:ddebug_add_module: 1 debug prints in module fixed
[    1.021832] dynamic_debug:ddebug_add_module: 6 debug prints in module virtual
[    1.021956] dynamic_debug:ddebug_add_module: 3 debug prints in module lp3971
[    1.022086] dynamic_debug:ddebug_add_module: 3 debug prints in module lp3972
[    1.022213] dynamic_debug:ddebug_add_module: 6 debug prints in module tty_io
[    1.022342] dynamic_debug:ddebug_add_module: 1 debug prints in module vt_ioctl
[    1.022507] dynamic_debug:ddebug_add_module: 5 debug prints in module serial_core
[    1.022675] dynamic_debug:ddebug_add_module: 4 debug prints in module 8250
[    1.022805] dynamic_debug:ddebug_add_module: 5 debug prints in module 8250_base
[    1.022977] dynamic_debug:ddebug_add_module: 1 debug prints in module tpm
[    1.023111] dynamic_debug:ddebug_add_module: 10 debug prints in module tpm_tis_core
[    1.023278] dynamic_debug:ddebug_add_module: 2 debug prints in module dmar
[    1.023403] dynamic_debug:ddebug_add_module: 3 debug prints in module drm
[    1.023527] dynamic_debug:ddebug_add_module: 3 debug prints in module ttm
[    1.023651] dynamic_debug:ddebug_add_module: 2 debug prints in module radeon
[    1.023779] dynamic_debug:ddebug_add_module: 17 debug prints in module vgaarb
[    1.023904] dynamic_debug:ddebug_add_module: 7 debug prints in module component
[    1.024066] dynamic_debug:ddebug_add_module: 11 debug prints in module core
[    1.024191] dynamic_debug:ddebug_add_module: 9 debug prints in module bus
[    1.024332] dynamic_debug:ddebug_add_module: 17 debug prints in module dd
[    1.024466] dynamic_debug:ddebug_add_module: 5 debug prints in module class
[    1.024595] dynamic_debug:ddebug_add_module: 4 debug prints in module platform
[    1.024760] dynamic_debug:ddebug_add_module: 7 debug prints in module firmware_class
[    1.024923] dynamic_debug:ddebug_add_module: 1 debug prints in module regmap
[    1.025049] dynamic_debug:ddebug_add_module: 7 debug prints in module regcache
[    1.025210] dynamic_debug:ddebug_add_module: 1 debug prints in module regcache_lzo
[    1.025372] dynamic_debug:ddebug_add_module: 1 debug prints in module dma_buf
[    1.025497] dynamic_debug:ddebug_add_module: 3 debug prints in module scsi_mod
[    1.025665] dynamic_debug:ddebug_add_module: 2 debug prints in module libphy
[    1.025800] dynamic_debug:ddebug_add_module: 1 debug prints in module r8169
[    1.025952] dynamic_debug:ddebug_add_module: 98 debug prints in module cdrom
[    1.026103] dynamic_debug:ddebug_add_module: 150 debug prints in module usbcore
[    1.026265] dynamic_debug:ddebug_add_module: 5 debug prints in module phy
[    1.026391] dynamic_debug:ddebug_add_module: 10 debug prints in module pci_quirks
[    1.026561] dynamic_debug:ddebug_add_module: 55 debug prints in module ehci_hcd
[    1.026723] dynamic_debug:ddebug_add_module: 2 debug prints in module ehci_pci
[    1.026893] dynamic_debug:ddebug_add_module: 49 debug prints in module ohci_hcd
[    1.027123] dynamic_debug:ddebug_add_module: 263 debug prints in module xhci_hcd
[    1.027341] dynamic_debug:ddebug_add_module: 3 debug prints in module xhci_pci
[    1.027510] dynamic_debug:ddebug_add_module: 10 debug prints in module usb_storage
[    1.027671] dynamic_debug:ddebug_add_module: 1 debug prints in module ums_realtek
[    1.027841] dynamic_debug:ddebug_add_module: 6 debug prints in module input_core
[    1.028005] dynamic_debug:ddebug_add_module: 4 debug prints in module atkbd
[    1.028133] dynamic_debug:ddebug_add_module: 15 debug prints in module psmouse
[    1.028295] dynamic_debug:ddebug_add_module: 7 debug prints in module rtc_core
[    1.028458] dynamic_debug:ddebug_add_module: 5 debug prints in module rtc_cmos
[    1.028625] dynamic_debug:ddebug_add_module: 1 debug prints in module i2c_boardinfo
[    1.028800] dynamic_debug:ddebug_add_module: 20 debug prints in module i2c_core
[    1.028966] dynamic_debug:ddebug_add_module: 2 debug prints in module i2c_smbus
[    1.029139] dynamic_debug:ddebug_add_module: 17 debug prints in module i2c_algo_bit
[    1.029313] dynamic_debug:ddebug_add_module: 11 debug prints in module power_supply
[    1.029481] dynamic_debug:ddebug_add_module: 1 debug prints in module hwmon
[    1.029606] dynamic_debug:ddebug_add_module: 9 debug prints in module thermal_sys
[    1.029776] dynamic_debug:ddebug_add_module: 43 debug prints in module cpufreq
[    1.029940] dynamic_debug:ddebug_add_module: 9 debug prints in module freq_table
[    1.030101] dynamic_debug:ddebug_add_module: 2 debug prints in module cpufreq_stats
[    1.030263] dynamic_debug:ddebug_add_module: 1 debug prints in module cpufreq_performance
[    1.030428] dynamic_debug:ddebug_add_module: 22 debug prints in module acpi_cpufreq
[    1.030598] dynamic_debug:ddebug_add_module: 3 debug prints in module dmi_scan
[    1.030772] dynamic_debug:ddebug_add_module: 1 debug prints in module hid
[    1.030900] dynamic_debug:ddebug_add_module: 8 debug prints in module usbhid
[    1.031024] dynamic_debug:ddebug_add_module: 2 debug prints in module i386
[    1.031149] dynamic_debug:ddebug_add_module: 2 debug prints in module fixup
[    1.031278] dynamic_debug:ddebug_add_module: 7 debug prints in module irq
[    1.031403] dynamic_debug:ddebug_add_module: 1 debug prints in module sock
[    1.031481] dynamic_debug:ddebug_add_module: 17 debug prints in module dev
[    1.031605] dynamic_debug:ddebug_add_module: 2 debug prints in module sch_api
[    1.031732] dynamic_debug:ddebug_add_module: 1 debug prints in module act_api
[    1.031860] dynamic_debug:ddebug_add_module: 1 debug prints in module route
[    1.031987] dynamic_debug:ddebug_add_module: 1 debug prints in module ip_fragment
[    1.032152] dynamic_debug:ddebug_add_module: 1 debug prints in module ip_output
[    1.032321] dynamic_debug:ddebug_add_module: 1 debug prints in module tcp
[    1.032449] dynamic_debug:ddebug_add_module: 5 debug prints in module tcp_input
[    1.032608] dynamic_debug:ddebug_add_module: 3 debug prints in module tcp_output
[    1.032769] dynamic_debug:ddebug_add_module: 2 debug prints in module tcp_timer
[    1.032927] dynamic_debug:ddebug_add_module: 1 debug prints in module tcp_ipv4
[    1.033086] dynamic_debug:ddebug_add_module: 1 debug prints in module tcp_cong
[    1.033244] dynamic_debug:ddebug_add_module: 8 debug prints in module udp
[    1.033368] dynamic_debug:ddebug_add_module: 1 debug prints in module arp
[    1.033493] dynamic_debug:ddebug_add_module: 2 debug prints in module icmp
[    1.033620] dynamic_debug:ddebug_add_module: 1 debug prints in module devinet
[    1.033748] dynamic_debug:ddebug_add_module: 8 debug prints in module fib_trie
[    1.033915] dynamic_debug:ddebug_add_module: 1 debug prints in module inet_fragment
[    1.034087] dynamic_debug:ddebug_add_module: 24 debug prints in module ping
[    1.034214] dynamic_debug:ddebug_add_module: 1 debug prints in module sysctl_net_ipv4
[    1.034376] dynamic_debug:ddebug_add_module: 2 debug prints in module ip6_checksum
[    1.034531] dynamic_debug:dynamic_debug_init: 158 modules, 1528 entries and 6320 bytes in ddebug tables, 122191 bytes in (readonly) verbose section
[    1.034697] dynamic_debug:ddebug_dyndbg_boot_param_cb: BOOT_IMAGE="/boot/vmlinuz-linux-git"
[    1.034854] dynamic_debug:ddebug_dyndbg_boot_param_cb: root="UUID=96efaea0-86dc-485a-af36-36706f9f3908"
[    1.035009] dynamic_debug:ddebug_dyndbg_boot_param_cb: rw="(null)"
[    1.035128] dynamic_debug:ddebug_dyndbg_boot_param_cb: root_trim="yes"
[    1.035248] dynamic_debug:ddebug_dyndbg_boot_param_cb: rd.luks.allow-discards="(null)"
[    1.035411] dynamic_debug:ddebug_dyndbg_boot_param_cb: ipv6.disable="1"
[    1.035534] dynamic_debug:ddebug_dyndbg_boot_param_cb: pnp.debug="1"
[    1.035658] dynamic_debug:ddebug_dyndbg_boot_param_cb: loglevel="9"
[    1.035779] dynamic_debug:ddebug_dyndbg_boot_param_cb: log_buf_len="10M"
[    1.035898] dynamic_debug:ddebug_dyndbg_boot_param_cb: printk.always_kmsg_dump="y"
[    1.036054] dynamic_debug:ddebug_dyndbg_boot_param_cb: printk.time="y"
[    1.036174] dynamic_debug:ddebug_dyndbg_boot_param_cb: printk.devkmsg="on"
[    1.036293] dynamic_debug:ddebug_dyndbg_boot_param_cb: mminit_loglevel="0"
[    1.036412] dynamic_debug:ddebug_dyndbg_boot_param_cb: memory_corruption_check="1"
[    1.036569] dynamic_debug:ddebug_dyndbg_boot_param_cb: nohz="on"
[    1.036688] dynamic_debug:ddebug_dyndbg_boot_param_cb: rcu_nocbs="1-3"
[    1.036809] dynamic_debug:ddebug_dyndbg_boot_param_cb: fbcon="scrollback:4096k"
[    1.036974] dynamic_debug:ddebug_dyndbg_boot_param_cb: fbcon="font:ProFont6x11"
[    1.037136] dynamic_debug:ddebug_dyndbg_boot_param_cb: apic="debug"
[    1.037259] dynamic_debug:ddebug_dyndbg_boot_param_cb: dynamic_debug.verbose="1"
[    1.039329] dynamic_debug:ddebug_dyndbg_boot_param_cb: dyndbg="file arch/x86/kernel/apic/* +pflmt ; file drivers/video/* +pflmt ; file drivers/input/* -pflmt ; file drivers/acpi/* -pflmt"
[    1.039530] dynamic_debug:ddebug_exec_queries: query 0: "file arch/x86/kernel/apic/* +pflmt "
[    1.039688] dynamic_debug:ddebug_tokenize: split into words: "file" "arch/x86/kernel/apic/*" "+pflmt"
[    1.039975] dynamic_debug:ddebug_parse_flags: op='+'
[    1.040098] dynamic_debug:ddebug_parse_flags: flags=0x1f
[    1.040221] dynamic_debug:ddebug_parse_flags: *flagsp=0x1f *maskp=0xffffffff
[    1.040345] dynamic_debug:vpr_info_dq: parsed: func="" file="arch/x86/kernel/apic/*" module="" format="" lineno=0-0
[    1.040524] dynamic_debug:ddebug_change: changed arch/x86/kernel/apic/vector.c:919 [vector]print_PIC =pmflt
[    1.040687] dynamic_debug:ddebug_change: changed arch/x86/kernel/apic/vector.c:916 [vector]print_PIC =pmflt
[    1.040852] dynamic_debug:ddebug_change: changed arch/x86/kernel/apic/vector.c:906 [vector]print_PIC =pmflt
[    1.041014] dynamic_debug:ddebug_change: changed arch/x86/kernel/apic/vector.c:903 [vector]print_PIC =pmflt
[    1.041177] dynamic_debug:ddebug_change: changed arch/x86/kernel/apic/vector.c:898 [vector]print_PIC =pmflt
[    1.041339] dynamic_debug:ddebug_change: changed arch/x86/kernel/apic/vector.c:868 [vector]print_local_APIC =pmflt
[    1.041510] dynamic_debug:ddebug_change: changed arch/x86/kernel/apic/vector.c:865 [vector]print_local_APIC =pmflt
[    1.041683] dynamic_debug:ddebug_change: changed arch/x86/kernel/apic/vector.c:863 [vector]print_local_APIC =pmflt
[    1.041852] dynamic_debug:ddebug_change: changed arch/x86/kernel/apic/vector.c:858 [vector]print_local_APIC =pmflt
[    1.042016] dynamic_debug:ddebug_change: changed arch/x86/kernel/apic/vector.c:856 [vector]print_local_APIC =pmflt
[    1.042179] dynamic_debug:ddebug_change: changed arch/x86/kernel/apic/vector.c:854 [vector]print_local_APIC =pmflt
[    1.042342] dynamic_debug:ddebug_change: changed arch/x86/kernel/apic/vector.c:850 [vector]print_local_APIC =pmflt
[    1.042505] dynamic_debug:ddebug_change: changed arch/x86/kernel/apic/vector.c:845 [vector]print_local_APIC =pmflt
[    1.042668] dynamic_debug:ddebug_change: changed arch/x86/kernel/apic/vector.c:843 [vector]print_local_APIC =pmflt
[    1.042834] dynamic_debug:ddebug_change: changed arch/x86/kernel/apic/vector.c:840 [vector]print_local_APIC =pmflt
[    1.043008] dynamic_debug:ddebug_change: changed arch/x86/kernel/apic/vector.c:835 [vector]print_local_APIC =pmflt
[    1.043181] dynamic_debug:ddebug_change: changed arch/x86/kernel/apic/vector.c:832 [vector]print_local_APIC =pmflt
[    1.043348] dynamic_debug:ddebug_change: changed arch/x86/kernel/apic/vector.c:831 [vector]print_local_APIC =pmflt
[    1.043511] dynamic_debug:ddebug_change: changed arch/x86/kernel/apic/vector.c:827 [vector]print_local_APIC =pmflt
[    1.043675] dynamic_debug:ddebug_change: changed arch/x86/kernel/apic/vector.c:817 [vector]print_local_APIC =pmflt
[    1.043841] dynamic_debug:ddebug_change: changed arch/x86/kernel/apic/vector.c:815 [vector]print_local_APIC =pmflt
[    1.044004] dynamic_debug:ddebug_change: changed arch/x86/kernel/apic/vector.c:813 [vector]print_local_APIC =pmflt
[    1.044167] dynamic_debug:ddebug_change: changed arch/x86/kernel/apic/vector.c:811 [vector]print_local_APIC =pmflt
[    1.044334] dynamic_debug:ddebug_change: changed arch/x86/kernel/apic/vector.c:808 [vector]print_local_APIC =pmflt
[    1.044506] dynamic_debug:ddebug_change: changed arch/x86/kernel/apic/vector.c:805 [vector]print_local_APIC =pmflt
[    1.044678] dynamic_debug:ddebug_change: changed arch/x86/kernel/apic/vector.c:801 [vector]print_local_APIC =pmflt
[    1.044847] dynamic_debug:ddebug_change: changed arch/x86/kernel/apic/vector.c:792 [vector]print_local_APIC =pmflt
[    1.045011] dynamic_debug:ddebug_change: changed arch/x86/kernel/apic/vector.c:789 [vector]print_local_APIC =pmflt
[    1.045174] dynamic_debug:ddebug_change: changed arch/x86/kernel/apic/vector.c:782 [vector]print_local_APIC =pmflt
[    1.045338] dynamic_debug:ddebug_change: changed arch/x86/kernel/apic/vector.c:773 [vector]print_local_APIC =pmflt
[    1.045578] dynamic_debug:vpr_info_dq: applied: func="" file="arch/x86/kernel/apic/*" module="" format="" lineno=0-0
[    1.045794] dynamic_debug:ddebug_exec_queries: query 1: "file drivers/video/* +pflmt "
[    1.045957] dynamic_debug:ddebug_tokenize: split into words: "file" "drivers/video/*" "+pflmt"
[    1.046187] dynamic_debug:ddebug_parse_flags: op='+'
[    1.046306] dynamic_debug:ddebug_parse_flags: flags=0x1f
[    1.046425] dynamic_debug:ddebug_parse_flags: *flagsp=0x1f *maskp=0xffffffff
[    1.046544] dynamic_debug:vpr_info_dq: parsed: func="" file="drivers/video/*" module="" format="" lineno=0-0
[    1.046728] dynamic_debug:ddebug_change: changed drivers/video/backlight/backlight.c:333 [backlight]backlight_device_register =pmflt
[    1.046895] dynamic_debug:ddebug_change: changed drivers/video/backlight/backlight.c:177 [backlight]backlight_device_set_brightness =pmflt
[    1.047063] dynamic_debug:ddebug_change: changed drivers/video/backlight/backlight.c:146 [backlight]bl_power_store =pmflt
[    1.047231] dynamic_debug:ddebug_change: changed drivers/video/fbdev/core/fbmon.c:1082 [fb]fb_edid_add_monspecs =pmflt
[    1.047398] dynamic_debug:ddebug_change: changed drivers/video/fbdev/core/fbmon.c:1070 [fb]fb_edid_add_monspecs =pmflt
[    1.047562] dynamic_debug:ddebug_change: changed drivers/video/fbdev/core/fbmon.c:1033 [fb]fb_edid_add_monspecs =pmflt
[    1.047734] dynamic_debug:ddebug_change: changed drivers/video/fbdev/core/fbmon.c:1027 [fb]fb_edid_add_monspecs =pmflt
[    1.048032] dynamic_debug:vpr_info_dq: applied: func="" file="drivers/video/*" module="" format="" lineno=0-0
[    1.048233] dynamic_debug:ddebug_exec_queries: query 2: "file drivers/input/* -pflmt "
[    1.048385] dynamic_debug:ddebug_tokenize: split into words: "file" "drivers/input/*" "-pflmt"
[    1.048612] dynamic_debug:ddebug_parse_flags: op='-'
[    1.048732] dynamic_debug:ddebug_parse_flags: flags=0x1f
[    1.048852] dynamic_debug:ddebug_parse_flags: *flagsp=0x0 *maskp=0xffffffe0
[    1.048974] dynamic_debug:vpr_info_dq: parsed: func="" file="drivers/input/*" module="" format="" lineno=0-0
[    1.049328] dynamic_debug:vpr_info_dq: applied: func="" file="drivers/input/*" module="" format="" lineno=0-0
[    1.049537] dynamic_debug:ddebug_exec_queries: query 3: "file drivers/acpi/* -pflmt"
[    1.049696] dynamic_debug:ddebug_tokenize: split into words: "file" "drivers/acpi/*" "-pflmt"
[    1.049925] dynamic_debug:ddebug_parse_flags: op='-'
[    1.049994] dynamic_debug:ddebug_parse_flags: flags=0x1f
[    1.050063] dynamic_debug:ddebug_parse_flags: *flagsp=0x0 *maskp=0xffffffe0
[    1.050183] dynamic_debug:vpr_info_dq: parsed: func="" file="drivers/acpi/*" module="" format="" lineno=0-0
[    1.050362] dynamic_debug:ddebug_change: changed drivers/acpi/tables.c:211 [tables]acpi_table_print_madt_entry =_
[    1.050523] dynamic_debug:ddebug_change: changed drivers/acpi/tables.c:200 [tables]acpi_table_print_madt_entry =_
[    1.050687] dynamic_debug:ddebug_change: changed drivers/acpi/tables.c:177 [tables]acpi_table_print_madt_entry =_
[    1.050858] dynamic_debug:ddebug_change: changed drivers/acpi/tables.c:167 [tables]acpi_table_print_madt_entry =_
[    1.051026] dynamic_debug:ddebug_change: changed drivers/acpi/tables.c:92 [tables]acpi_table_print_madt_entry =_
[    1.051190] dynamic_debug:ddebug_change: changed drivers/acpi/tables.c:83 [tables]acpi_table_print_madt_entry =_
[    1.051350] dynamic_debug:ddebug_change: changed drivers/acpi/tables.c:73 [tables]acpi_table_print_madt_entry =_
[    1.051512] dynamic_debug:ddebug_change: changed drivers/acpi/osl.c:1644 [acpi]acpi_os_initialize =_
[    1.051672] dynamic_debug:ddebug_change: changed drivers/acpi/device_pm.c:734 [acpi]acpi_pm_device_run_wake =_
[    1.051835] dynamic_debug:ddebug_change: changed drivers/acpi/device_pm.c:633 [acpi]acpi_pm_device_sleep_state =_
[    1.051995] dynamic_debug:ddebug_change: changed drivers/acpi/bus.c:190 [acpi]acpi_print_osc_error =_
[    1.052158] dynamic_debug:ddebug_change: changed drivers/acpi/bus.c:188 [acpi]acpi_print_osc_error =_
[    1.052325] dynamic_debug:ddebug_change: changed drivers/acpi/bus.c:186 [acpi]acpi_print_osc_error =_
[    1.052492] dynamic_debug:ddebug_change: changed drivers/acpi/scan.c:1640 [acpi]acpi_device_dep_initialize =_
[    1.052663] dynamic_debug:ddebug_change: changed drivers/acpi/scan.c:1630 [acpi]acpi_device_dep_initialize =_
[    1.052839] dynamic_debug:ddebug_change: changed drivers/acpi/resource.c:230 [acpi]acpi_decode_space =_
[    1.053001] dynamic_debug:ddebug_change: changed drivers/acpi/resource.c:217 [acpi]acpi_decode_space =_
[    1.053164] dynamic_debug:ddebug_change: changed drivers/acpi/resource.c:61 [acpi]acpi_dev_resource_len_valid =_
[    1.053327] dynamic_debug:ddebug_change: changed drivers/acpi/ec.c:1557 [acpi]ec_correct_ecdt =_
[    1.053488] dynamic_debug:ddebug_change: changed drivers/acpi/ec.c:1544 [acpi]ec_clear_on_resume =_
[    1.053650] dynamic_debug:ddebug_change: changed drivers/acpi/ec.c:1165 [acpi]acpi_ec_event_handler =_
[    1.053815] dynamic_debug:ddebug_change: changed drivers/acpi/ec.c:1143 [acpi]acpi_ec_event_handler =_
[    1.053978] dynamic_debug:ddebug_change: changed drivers/acpi/ec.c:1108 [acpi]acpi_ec_query =_
[    1.054150] dynamic_debug:ddebug_change: changed drivers/acpi/ec.c:1106 [acpi]acpi_ec_query =_
[    1.054321] dynamic_debug:ddebug_change: changed drivers/acpi/ec.c:1066 [acpi]acpi_ec_event_processor =_
[    1.054486] dynamic_debug:ddebug_change: changed drivers/acpi/ec.c:1061 [acpi]acpi_ec_event_processor =_
[    1.054650] dynamic_debug:ddebug_change: changed drivers/acpi/ec.c:898 [acpi]acpi_ec_stop =_
[    1.054813] dynamic_debug:ddebug_change: changed drivers/acpi/ec.c:890 [acpi]acpi_ec_stop =_
[    1.054975] dynamic_debug:ddebug_change: changed drivers/acpi/ec.c:866 [acpi]acpi_ec_start =_
[    1.055137] dynamic_debug:ddebug_change: changed drivers/acpi/ec.c:862 [acpi]acpi_ec_start =_
[    1.057213] dynamic_debug:ddebug_change: changed drivers/acpi/ec.c:703 [acpi]acpi_ec_transaction_unlocked =_
[    1.057381] dynamic_debug:ddebug_change: changed drivers/acpi/ec.c:699 [acpi]acpi_ec_transaction_unlocked =_
[    1.057553] dynamic_debug:ddebug_change: changed drivers/acpi/ec.c:690 [acpi]acpi_ec_transaction_unlocked =_
[    1.057722] dynamic_debug:ddebug_change: changed drivers/acpi/ec.c:687 [acpi]acpi_ec_transaction_unlocked =_
[    1.057886] dynamic_debug:ddebug_change: changed drivers/acpi/ec.c:666 [acpi]ec_poll =_
[    1.058049] dynamic_debug:ddebug_change: changed drivers/acpi/ec.c:561 [acpi]advance_transaction =_
[    1.058212] dynamic_debug:ddebug_change: changed drivers/acpi/ec.c:525 [acpi]advance_transaction =_
[    1.058374] dynamic_debug:ddebug_change: changed drivers/acpi/ec.c:445 [acpi]acpi_ec_complete_query =_
[    1.058536] dynamic_debug:ddebug_change: changed drivers/acpi/ec.c:434 [acpi]acpi_ec_submit_query =_
[    1.058699] dynamic_debug:ddebug_change: changed drivers/acpi/ec.c:407 [acpi]acpi_ec_clear_storm =_
[    1.058866] dynamic_debug:ddebug_change: changed drivers/acpi/ec.c:397 [acpi]acpi_ec_set_storm =_
[    1.059049] dynamic_debug:ddebug_change: changed drivers/acpi/ec.c:336 [acpi]acpi_ec_enable_gpe =_
[    1.059217] dynamic_debug:ddebug_change: changed drivers/acpi/ec.c:284 [acpi]acpi_ec_write_data =_
[    1.059379] dynamic_debug:ddebug_change: changed drivers/acpi/ec.c:277 [acpi]acpi_ec_write_cmd =_
[    1.059540] dynamic_debug:ddebug_change: changed drivers/acpi/ec.c:271 [acpi]acpi_ec_read_data =_
[    1.059706] dynamic_debug:ddebug_change: changed drivers/acpi/ec.c:262 [acpi]acpi_ec_read_status =_
[    1.059870] dynamic_debug:ddebug_change: changed drivers/acpi/pci_root.c:770 [acpi]acpi_pci_probe_root_resources =_
[    1.060033] dynamic_debug:ddebug_change: changed drivers/acpi/pci_root.c:339 [acpi]acpi_get_pci_dev =_
[    1.060196] dynamic_debug:ddebug_change: changed drivers/acpi/pci_irq.c:526 [acpi]acpi_pci_irq_disable =_
[    1.060361] dynamic_debug:ddebug_change: changed drivers/acpi/pci_irq.c:486 [acpi]acpi_pci_irq_enable =_
[    1.060528] dynamic_debug:ddebug_change: changed drivers/acpi/acpi_platform.c:103 [acpi]acpi_create_platform_device =_
[    1.060695] dynamic_debug:ddebug_change: changed drivers/acpi/numa.c:181 [acpi]acpi_table_print_srat_entry =_
[    1.060860] dynamic_debug:ddebug_change: changed drivers/acpi/numa.c:169 [acpi]acpi_table_print_srat_entry =_
[    1.061031] dynamic_debug:ddebug_change: changed drivers/acpi/numa.c:157 [acpi]acpi_table_print_srat_entry =_
[    1.061203] dynamic_debug:ddebug_change: changed drivers/acpi/numa.c:140 [acpi]acpi_table_print_srat_entry =_
[    1.061370] dynamic_debug:ddebug_change: changed drivers/acpi/fan.c:359 [fan]acpi_fan_probe =_
[    1.061532] dynamic_debug:ddebug_change: changed drivers/acpi/fan.c:195 [fan]fan_set_state_acpi4 =_
[    1.061694] dynamic_debug:ddebug_change: changed drivers/acpi/fan.c:136 [fan]fan_get_state_acpi4 =_
[    1.061859] dynamic_debug:ddebug_change: changed drivers/acpi/acpi_video.c:1759 [video]acpi_video_should_register_backlight =_
[    1.062023] dynamic_debug:ddebug_change: changed drivers/acpi/pci_slot.c:136 [pci_slot]register_slot =_
[    1.062186] dynamic_debug:ddebug_change: changed drivers/acpi/pci_slot.c:81 [pci_slot]check_slot =_
[    1.062348] dynamic_debug:ddebug_change: changed drivers/acpi/pci_slot.c:73 [pci_slot]check_slot =_
[    1.062516] dynamic_debug:ddebug_change: changed drivers/acpi/pci_slot.c:61 [pci_slot]check_slot =_
[    1.062682] dynamic_debug:ddebug_change: changed drivers/acpi/processor_driver.c:184 [processor]acpi_pss_perf_init =_
[    1.062857] dynamic_debug:ddebug_change: changed drivers/acpi/processor_idle.c:1443 [processor]acpi_processor_power_init =_
[    1.063031] dynamic_debug:ddebug_change: changed drivers/acpi/processor_idle.c:1039 [processor]acpi_processor_evaluate_lpi =_
[    1.063197] dynamic_debug:ddebug_change: changed drivers/acpi/processor_idle.c:1034 [processor]acpi_processor_evaluate_lpi =_
[    1.063361] dynamic_debug:ddebug_change: changed drivers/acpi/processor_idle.c:981 [processor]acpi_processor_evaluate_lpi =_
[    1.063526] dynamic_debug:ddebug_change: changed drivers/acpi/processor_idle.c:972 [processor]acpi_processor_evaluate_lpi =_
[    1.063689] dynamic_debug:ddebug_change: changed drivers/acpi/processor_perflib.c:138 [processor]acpi_processor_get_platform_limit =_
[    1.063980] dynamic_debug:vpr_info_dq: applied: func="" file="drivers/acpi/*" module="" format="" lineno=0-0
[    1.064192] dynamic_debug:ddebug_exec_queries: processed 4 queries, with 132 matches, 0 errs
[    1.064355] dynamic_debug:ddebug_dyndbg_boot_param_cb: acpi_backlight="vendor"
[    1.064508] dynamic_debug:ddebug_dyndbg_boot_param_cb: radeon.audio="0"
[    1.064627] dynamic_debug:ddebug_dyndbg_boot_param_cb: radeon.lockup_timeout="999000"
[    1.064782] dynamic_debug:ddebug_dyndbg_boot_param_cb: radeon.test="0"
[    1.064852] dynamic_debug:ddebug_dyndbg_boot_param_cb: radeon.agpmode="-1"
[    1.064971] dynamic_debug:ddebug_dyndbg_boot_param_cb: radeon.benchmark="0"
[    1.065090] dynamic_debug:ddebug_dyndbg_boot_param_cb: radeon.tv="0"
[    1.065209] dynamic_debug:ddebug_dyndbg_boot_param_cb: radeon.hard_reset="1"
[    1.065328] dynamic_debug:ddebug_dyndbg_boot_param_cb: radeon.msi="1"
[    1.065446] dynamic_debug:ddebug_dyndbg_boot_param_cb: radeon.pcie_gen2="-1"
[    1.065566] dynamic_debug:ddebug_dyndbg_boot_param_cb: radeon.no_wb="1"
[    1.065687] dynamic_debug:ddebug_dyndbg_boot_param_cb: radeon.dynclks="0"
[    1.065811] dynamic_debug:ddebug_dyndbg_boot_param_cb: radeon.r4xx_atom="0"
[    1.065934] dynamic_debug:ddebug_dyndbg_boot_param_cb: radeonfb="(null)"
[    1.066056] dynamic_debug:ddebug_dyndbg_boot_param_cb: radeon.fastfb="1"
[    1.066176] dynamic_debug:ddebug_dyndbg_boot_param_cb: radeon.dpm="1"
[    1.066295] dynamic_debug:ddebug_dyndbg_boot_param_cb: radeon.runpm="1"
[    1.066414] dynamic_debug:ddebug_dyndbg_boot_param_cb: rd.debug="(null)"
[    1.066534] dynamic_debug:ddebug_dyndbg_boot_param_cb: rd.udev.debug="(null)"
[    1.066653] dynamic_debug:ddebug_dyndbg_boot_param_cb: rd.memdebug="3"
[    1.066774] dynamic_debug:ddebug_dyndbg_boot_param_cb: net.ifnames="1"
[    1.066892] dynamic_debug:ddebug_dyndbg_boot_param_cb: slub_debug="U"
[    1.067011] dynamic_debug:ddebug_dyndbg_boot_param_cb: pax_sanitize_slab="full"
[    1.067165] dynamic_debug:ddebug_dyndbg_boot_param_cb: noefi="(null)"
[    1.067234] dynamic_debug:ddebug_dyndbg_boot_param_cb: nolvm="(null)"
[    1.067353] dynamic_debug:ddebug_dyndbg_boot_param_cb: dobtrfs="(null)"
[    1.067476] dynamic_debug:ddebug_dyndbg_boot_param_cb: console="tty1"
[    1.067598] dynamic_debug:ddebug_dyndbg_boot_param_cb: earlyprintk="vga"
[    1.067721] dynamic_debug:ddebug_dyndbg_boot_param_cb: CPUunderclocking="(null)"
[    1.067876] dynamic_debug:ddebug_dyndbg_boot_param_cb: radeon.modeset="1"
[    1.067994] dynamic_debug:ddebug_dyndbg_boot_param_cb: audit="0"
[    1.068113] dynamic_debug:ddebug_dyndbg_boot_param_cb: systemd.log_target="kmsg"
[    1.068266] dynamic_debug:ddebug_dyndbg_boot_param_cb: enforcing="0"
[    1.068385] dynamic_debug:ddebug_dyndbg_boot_param_cb: pcie_aspm="off"
[    1.068505] dynamic_debug:ddebug_dyndbg_boot_param_cb: radeon.aspm="0"
[    1.068624] dynamic_debug:ddebug_dyndbg_boot_param_cb: udev.children-max="1256"
[    1.068782] dynamic_debug:ddebug_dyndbg_boot_param_cb: rd.udev.children-max="1256"
[    1.069028] MCE: In-kernel MCE decoding enabled.
[    1.070112] NMI watchdog: enabled on all CPUs, permanently consumes one hw-PMU counter.
[    1.070749] started {early_reset_EHCIs kernel/smp.c:1294}
[    1.070935] early_pci_allowed {early_reset_EHCIs kernel/smp.c:1300}
[    1.071227] Found EHCI on 00:12.2 {kline kernel/smp.c:1220}
[    1.071354] bar_val: f014a900 {kline kernel/smp.c:1223}
[    1.071483] ehci_bar: ffffffffff7fe900 {kline kernel/smp.c:1245}
[    1.071611] n_ports:    5 {kline kernel/smp.c:1252}
[    1.071740] FLAG_CF was already set which likely means BIOS USB Legacy is Disabled. {ehci_status kernel/smp.c:1036}
[    1.071915]   ehci cmd     : 00080B00 {ehci_status kernel/smp.c:1038}
[    1.072042]   ehci conf flg: 00000001 {ehci_status kernel/smp.c:1039}
[    1.072170]   ehci status  : 0000100C {ehci_status kernel/smp.c:1040}
[    1.072298] port 1 status 00001000 {ehci_status kernel/smp.c:1043}
[    1.072426] port 2 status 00001000 {ehci_status kernel/smp.c:1043}
[    1.072554] port 3 status 00001000 {ehci_status kernel/smp.c:1043}
[    1.072679] port 4 status 00001000 {ehci_status kernel/smp.c:1043}
[    1.072801] port 5 status 00001000 {ehci_status kernel/smp.c:1043}
[    1.072921] ended {kline kernel/smp.c:1285}
[    1.073051] Found EHCI on 00:13.2 {kline kernel/smp.c:1220}
[    1.073172] bar_val: f014a800 {kline kernel/smp.c:1223}
[    1.073294] ehci_bar: ffffffffff7fe800 {kline kernel/smp.c:1245}
[    1.073415] n_ports:    5 {kline kernel/smp.c:1252}
[    1.073536] FLAG_CF was already set which likely means BIOS USB Legacy is Disabled. {ehci_status kernel/smp.c:1036}
[    1.073700]   ehci cmd     : 00080B00 {ehci_status kernel/smp.c:1038}
[    1.073828]   ehci conf flg: 00000001 {ehci_status kernel/smp.c:1039}
[    1.073952]   ehci status  : 0000100C {ehci_status kernel/smp.c:1040}
[    1.074072] port 1 status 00001803 {ehci_status kernel/smp.c:1043}
[    1.074195] port 2 status 00001000 {ehci_status kernel/smp.c:1043}
[    1.074319] port 3 status 00001803 {ehci_status kernel/smp.c:1043}
[    1.074443] port 4 status 00001000 {ehci_status kernel/smp.c:1043}
[    1.074565] port 5 status 00001000 {ehci_status kernel/smp.c:1043}
[    1.074684] ended {kline kernel/smp.c:1285}
[    1.144912] ended, failed 0 times {early_reset_EHCIs kernel/smp.c:1313}
[    1.145032] All EHCI controllers were reset. {smp_init kernel/smp.c:1333}
[    1.148951] smpboot: ++++++++++++++++++++=_---CPU UP  1
[    1.149143] x86: Booting SMP configuration:
[    1.149268] .... node  #0, CPUs:      #1
[    1.149371] smpboot: Setting warm reset code and vector.
[    1.149618] smpboot: 1.
[    1.149745] smpboot: 2.
[    1.149867] smpboot: 3.
[    1.149990] smpboot: Asserting INIT
[    1.150113] smpboot: Waiting for send to finish...
[    1.150238] smpboot: Deasserting INIT
[    1.150361] smpboot: Waiting for send to finish...
[    1.150485] smpboot: #startup loops: 2
[    1.150608] smpboot: Sending STARTUP #1
[    1.150734] smpboot: After apic_write
[    1.150868] smpboot: Startup point 1
[    1.152850] smpboot: Waiting for send to finish...
[    1.152980] smpboot: Sending STARTUP #2
[    1.153098] smpboot: After apic_write
[    1.153178] smpboot: Startup point 1
[    1.153297] smpboot: Waiting for send to finish...
[    1.153426] smpboot: After Startup
[    1.058561] masked ExtINT on CPU#1
[    1.058578] [Firmware Info]: CPU: 'AMD A6-3400M APU with Radeon(tm) HD Graphics' has AMD errata 665 Integer Divide Instruction May Cause Unpredictable Behavior.'
[    1.058580] [Firmware Info]: CPU: Double-checked CPU type. 'AMD A6-3400M APU with Radeon(tm) HD Graphics'
[    1.058581] [Firmware Info]: CPU: Setting workaround for 665...(set 'no665wo' in /proc/cmdline to disable)
[    1.117707] smpboot: Stack at about ffffa4d48bb33f30
[    1.214786] TSC synchronization [CPU#0 -> CPU#1]:
[    1.215781] Measured 132777897 cycles TSC warp between CPUs, turning off TSC clock.
[    1.215956] tsc: Marking TSC unstable due to check_tsc_sync_source failed
[    1.219848] smpboot: ++++++++++++++++++++=_---CPU UP  2
[    1.220043]  #2
[    1.220079] smpboot: Setting warm reset code and vector.
[    1.220328] smpboot: 1.
[    1.220452] smpboot: 2.
[    1.220576] smpboot: 3.
[    1.220700] smpboot: Asserting INIT
[    1.220831] smpboot: Waiting for send to finish...
[    1.220958] smpboot: Deasserting INIT
[    1.221083] smpboot: Waiting for send to finish...
[    1.221209] smpboot: #startup loops: 2
[    1.221333] smpboot: Sending STARTUP #1
[    1.221458] smpboot: After apic_write
[    1.221593] smpboot: Startup point 1
[    1.221714] smpboot: Waiting for send to finish...
[    1.221853] smpboot: Sending STARTUP #2
[    1.221977] smpboot: After apic_write
[    1.222112] smpboot: Startup point 1
[    1.222237] smpboot: Waiting for send to finish...
[    1.222372] smpboot: After Startup
[    1.093494] masked ExtINT on CPU#2
[    1.093508] [Firmware Info]: CPU: 'AMD A6-3400M APU with Radeon(tm) HD Graphics' has AMD errata 665 Integer Divide Instruction May Cause Unpredictable Behavior.'
[    1.093509] [Firmware Info]: CPU: Double-checked CPU type. 'AMD A6-3400M APU with Radeon(tm) HD Graphics'
[    1.093510] [Firmware Info]: CPU: Setting workaround for 665...(set 'no665wo' in /proc/cmdline to disable)
[    1.152701] smpboot: Stack at about ffffa4d48bb37f30
[    1.174058] smpboot: ++++++++++++++++++++=_---CPU UP  3
[    1.175008]  #3
[    1.175044] smpboot: Setting warm reset code and vector.
[    1.175293] smpboot: 1.
[    1.175417] smpboot: 2.
[    1.175541] smpboot: 3.
[    1.175662] smpboot: Asserting INIT
[    1.175782] smpboot: Waiting for send to finish...
[    1.176003] smpboot: Deasserting INIT
[    1.176124] smpboot: Waiting for send to finish...
[    1.176245] smpboot: #startup loops: 2
[    1.176366] smpboot: Sending STARTUP #1
[    1.176488] smpboot: After apic_write
[    1.176618] smpboot: Startup point 1
[    1.176687] smpboot: Waiting for send to finish...
[    1.176816] smpboot: Sending STARTUP #2
[    1.176935] smpboot: After apic_write
[    1.177012] smpboot: Startup point 1
[    1.177132] smpboot: Waiting for send to finish...
[    1.177264] smpboot: After Startup
[    0.002000] masked ExtINT on CPU#3
[    0.002000] [Firmware Info]: CPU: 'AMD A6-3400M APU with Radeon(tm) HD Graphics' has AMD errata 665 Integer Divide Instruction May Cause Unpredictable Behavior.'
[    0.002000] [Firmware Info]: CPU: Double-checked CPU type. 'AMD A6-3400M APU with Radeon(tm) HD Graphics'
[    0.002000] [Firmware Info]: CPU: Setting workaround for 665...(set 'no665wo' in /proc/cmdline to disable)
[    0.002000] smpboot: Stack at about ffffa4d48bb43f30
[    1.237147] x86: Booted up 1 node, 4 CPUs
[    1.238131] CPUunderclocking: activating(?)=1 {apply_underclocking_if_needed kernel/smp.c:946}
[    1.238308] CPUunderclocking: activating... {apply_underclocking_if_needed kernel/smp.c:948}
[    1.238485] CPUunderclocking:   !! Rdmsr(1of2): core:0 idx:c0010064 ... {Rdmsr kernel/smp.c:696}
[    1.238658] CPUunderclocking:     !! Rdmsr(2of2): core:0 idx:c0010064 done. (resultx==8000017d000025e2 hi:8000017d lo:000025e2) {Rdmsr kernel/smp.c:712}
[    1.238819] CPUunderclocking:   !! Rdmsr(1of2): core:1 idx:c0010064 ... {Rdmsr kernel/smp.c:696}
[    1.239007] CPUunderclocking:     !! Rdmsr(2of2): core:1 idx:c0010064 done. (resultx==8000017d000025e2 hi:8000017d lo:000025e2) {Rdmsr kernel/smp.c:712}
[    1.239177] CPUunderclocking:   !! Rdmsr(1of2): core:2 idx:c0010064 ... {Rdmsr kernel/smp.c:696}
[    1.239347] CPUunderclocking:     !! Rdmsr(2of2): core:2 idx:c0010064 done. (resultx==8000017d000025e2 hi:8000017d lo:000025e2) {Rdmsr kernel/smp.c:712}
[    1.239516] CPUunderclocking:   !! Rdmsr(1of2): core:3 idx:c0010064 ... {Rdmsr kernel/smp.c:696}
[    1.239680] CPUunderclocking:     !! Rdmsr(2of2): core:3 idx:c0010064 done. (resultx==8000017d000025e2 hi:8000017d lo:000025e2) {Rdmsr kernel/smp.c:712}
[    1.239842] CPUunderclocking: !! Write(1of3) PState0 read : fid:30 did:2 vid:18 Multi:N/A {WritePState kernel/smp.c:854}
[    1.240003] CPUunderclocking: !! Write(2of3) PState0 write:6 did:0 vid:37 (multi:22) ... {WritePState kernel/smp.c:882}
[    1.240171] CPUunderclocking:   !! Wrmsr(before write): core:0/64 idx:c0010064 valx:8000017d00004a60 ...  {Wrmsr kernel/smp.c:637}
[    1.240339] CPUunderclocking:     !! Wrmsr(after write): done. {Wrmsr kernel/smp.c:676}
[    1.240504] CPUunderclocking:   !! Wrmsr(before write): core:1/64 idx:c0010064 valx:8000017d00004a60 ...  {Wrmsr kernel/smp.c:637}
[    1.240669] CPUunderclocking:     !! Wrmsr(after write): done. {Wrmsr kernel/smp.c:676}
[    1.240828] CPUunderclocking:   !! Wrmsr(before write): core:2/64 idx:c0010064 valx:8000017d00004a60 ...  {Wrmsr kernel/smp.c:637}
[    1.241002] CPUunderclocking:     !! Wrmsr(after write): done. {Wrmsr kernel/smp.c:676}
[    1.241166] CPUunderclocking:   !! Wrmsr(before write): core:3/64 idx:c0010064 valx:8000017d00004a60 ...  {Wrmsr kernel/smp.c:637}
[    1.241337] CPUunderclocking:     !! Wrmsr(after write): done. {Wrmsr kernel/smp.c:676}
[    1.241500] CPUunderclocking: !! Write(3of3) PState0 done. status:0 (0=success) {WritePState kernel/smp.c:884}
[    1.241660] CPUunderclocking:   !! Rdmsr(1of2): core:0 idx:c0010065 ... {Rdmsr kernel/smp.c:696}
[    1.241819] CPUunderclocking:     !! Rdmsr(2of2): core:0 idx:c0010065 done. (resultx==8000014000004fa3 hi:80000140 lo:00004fa3) {Rdmsr kernel/smp.c:712}
[    1.241987] CPUunderclocking:   !! Rdmsr(1of2): core:1 idx:c0010065 ... {Rdmsr kernel/smp.c:696}
[    1.242006] CPUunderclocking:     !! Rdmsr(2of2): core:1 idx:c0010065 done. (resultx==8000014000004fa3 hi:80000140 lo:00004fa3) {Rdmsr kernel/smp.c:712}
[    1.242175] CPUunderclocking:   !! Rdmsr(1of2): core:2 idx:c0010065 ... {Rdmsr kernel/smp.c:696}
[    1.242345] CPUunderclocking:     !! Rdmsr(2of2): core:2 idx:c0010065 done. (resultx==8000014000004fa3 hi:80000140 lo:00004fa3) {Rdmsr kernel/smp.c:712}
[    1.242507] CPUunderclocking:   !! Rdmsr(1of2): core:3 idx:c0010065 ... {Rdmsr kernel/smp.c:696}
[    1.242670] CPUunderclocking:     !! Rdmsr(2of2): core:3 idx:c0010065 done. (resultx==8000014000004fa3 hi:80000140 lo:00004fa3) {Rdmsr kernel/smp.c:712}
[    1.242840] CPUunderclocking: !! Write(1of3) PState1 read : fid:26 did:3 vid:39 Multi:N/A {WritePState kernel/smp.c:854}
[    1.243003] CPUunderclocking: !! Write(2of3) PState1 write:4 did:0 vid:42 (multi:20) ... {WritePState kernel/smp.c:882}
[    1.243169] CPUunderclocking:   !! Wrmsr(before write): core:0/64 idx:c0010065 valx:8000014000005440 ...  {Wrmsr kernel/smp.c:637}
[    1.243335] CPUunderclocking:     !! Wrmsr(after write): done. {Wrmsr kernel/smp.c:676}
[    1.243494] CPUunderclocking:   !! Wrmsr(before write): core:1/64 idx:c0010065 valx:8000014000005440 ...  {Wrmsr kernel/smp.c:637}
[    1.243660] CPUunderclocking:     !! Wrmsr(after write): done. {Wrmsr kernel/smp.c:676}
[    1.243820] CPUunderclocking:   !! Wrmsr(before write): core:2/64 idx:c0010065 valx:8000014000005440 ...  {Wrmsr kernel/smp.c:637}
[    1.244004] CPUunderclocking:     !! Wrmsr(after write): done. {Wrmsr kernel/smp.c:676}
[    1.244164] CPUunderclocking:   !! Wrmsr(before write): core:3/64 idx:c0010065 valx:8000014000005440 ...  {Wrmsr kernel/smp.c:637}
[    1.244331] CPUunderclocking:     !! Wrmsr(after write): done. {Wrmsr kernel/smp.c:676}
[    1.244489] CPUunderclocking: !! Write(3of3) PState1 done. status:0 (0=success) {WritePState kernel/smp.c:884}
[    1.244648] CPUunderclocking:   !! Rdmsr(1of2): core:0 idx:c0010066 ... {Rdmsr kernel/smp.c:696}
[    1.244808] CPUunderclocking:     !! Rdmsr(2of2): core:0 idx:c0010066 done. (resultx==8000013700005573 hi:80000137 lo:00005573) {Rdmsr kernel/smp.c:712}
[    1.245002] CPUunderclocking:   !! Rdmsr(1of2): core:1 idx:c0010066 ... {Rdmsr kernel/smp.c:696}
[    1.245165] CPUunderclocking:     !! Rdmsr(2of2): core:1 idx:c0010066 done. (resultx==8000013700005573 hi:80000137 lo:00005573) {Rdmsr kernel/smp.c:712}
[    1.245329] CPUunderclocking:   !! Rdmsr(1of2): core:2 idx:c0010066 ... {Rdmsr kernel/smp.c:696}
[    1.245495] CPUunderclocking:     !! Rdmsr(2of2): core:2 idx:c0010066 done. (resultx==8000013700005573 hi:80000137 lo:00005573) {Rdmsr kernel/smp.c:712}
[    1.245657] CPUunderclocking:   !! Rdmsr(1of2): core:3 idx:c0010066 ... {Rdmsr kernel/smp.c:696}
[    1.245820] CPUunderclocking:     !! Rdmsr(2of2): core:3 idx:c0010066 done. (resultx==8000013700005573 hi:80000137 lo:00005573) {Rdmsr kernel/smp.c:712}
[    1.246002] CPUunderclocking: !! Write(1of3) PState2 read : fid:23 did:3 vid:42 Multi:N/A {WritePState kernel/smp.c:854}
[    1.246163] CPUunderclocking: !! Write(2of3) PState2 write:2 did:0 vid:47 (multi:18) ... {WritePState kernel/smp.c:882}
[    1.246325] CPUunderclocking:   !! Wrmsr(before write): core:0/64 idx:c0010066 valx:8000013700005e20 ...  {Wrmsr kernel/smp.c:637}
[    1.247002] CPUunderclocking:     !! Wrmsr(after write): done. {Wrmsr kernel/smp.c:676}
[    1.247161] CPUunderclocking:   !! Wrmsr(before write): core:1/64 idx:c0010066 valx:8000013700005e20 ...  {Wrmsr kernel/smp.c:637}
[    1.247327] CPUunderclocking:     !! Wrmsr(after write): done. {Wrmsr kernel/smp.c:676}
[    1.247486] CPUunderclocking:   !! Wrmsr(before write): core:2/64 idx:c0010066 valx:8000013700005e20 ...  {Wrmsr kernel/smp.c:637}
[    1.248167] CPUunderclocking:     !! Wrmsr(after write): done. {Wrmsr kernel/smp.c:676}
[    1.248326] CPUunderclocking:   !! Wrmsr(before write): core:3/64 idx:c0010066 valx:8000013700005e20 ...  {Wrmsr kernel/smp.c:637}
[    1.248492] CPUunderclocking:     !! Wrmsr(after write): done. {Wrmsr kernel/smp.c:676}
[    1.248651] CPUunderclocking: !! Write(3of3) PState2 done. status:0 (0=success) {WritePState kernel/smp.c:884}
[    1.248812] CPUunderclocking:   !! Rdmsr(1of2): core:0 idx:c0010067 ... {Rdmsr kernel/smp.c:696}
[    1.248973] CPUunderclocking:     !! Rdmsr(2of2): core:0 idx:c0010067 done. (resultx==8000013200005b43 hi:80000132 lo:00005b43) {Rdmsr kernel/smp.c:712}
[    1.249001] CPUunderclocking:   !! Rdmsr(1of2): core:1 idx:c0010067 ... {Rdmsr kernel/smp.c:696}
[    1.249164] CPUunderclocking:     !! Rdmsr(2of2): core:1 idx:c0010067 done. (resultx==8000013200005b43 hi:80000132 lo:00005b43) {Rdmsr kernel/smp.c:712}
[    1.249326] CPUunderclocking:   !! Rdmsr(1of2): core:2 idx:c0010067 ... {Rdmsr kernel/smp.c:696}
[    1.249491] CPUunderclocking:     !! Rdmsr(2of2): core:2 idx:c0010067 done. (resultx==8000013200005b43 hi:80000132 lo:00005b43) {Rdmsr kernel/smp.c:712}
[    1.249655] CPUunderclocking:   !! Rdmsr(1of2): core:3 idx:c0010067 ... {Rdmsr kernel/smp.c:696}
[    1.249818] CPUunderclocking:     !! Rdmsr(2of2): core:3 idx:c0010067 done. (resultx==8000013200005b43 hi:80000132 lo:00005b43) {Rdmsr kernel/smp.c:712}
[    1.250002] CPUunderclocking: !! Write(1of3) PState3 read : fid:20 did:3 vid:45 Multi:N/A {WritePState kernel/smp.c:854}
[    1.250165] CPUunderclocking: !! Write(2of3) PState3 write:1 did:0 vid:49 (multi:17) ... {WritePState kernel/smp.c:882}
[    1.250325] CPUunderclocking:   !! Wrmsr(before write): core:0/64 idx:c0010067 valx:8000013200006210 ...  {Wrmsr kernel/smp.c:637}
[    1.250486] CPUunderclocking:     !! Wrmsr(after write): done. {Wrmsr kernel/smp.c:676}
[    1.250647] CPUunderclocking:   !! Wrmsr(before write): core:1/64 idx:c0010067 valx:8000013200006210 ...  {Wrmsr kernel/smp.c:637}
[    1.250812] CPUunderclocking:     !! Wrmsr(after write): done. {Wrmsr kernel/smp.c:676}
[    1.251002] CPUunderclocking:   !! Wrmsr(before write): core:2/64 idx:c0010067 valx:8000013200006210 ...  {Wrmsr kernel/smp.c:637}
[    1.251169] CPUunderclocking:     !! Wrmsr(after write): done. {Wrmsr kernel/smp.c:676}
[    1.251328] CPUunderclocking:   !! Wrmsr(before write): core:3/64 idx:c0010067 valx:8000013200006210 ...  {Wrmsr kernel/smp.c:637}
[    1.251492] CPUunderclocking:     !! Wrmsr(after write): done. {Wrmsr kernel/smp.c:676}
[    1.251652] CPUunderclocking: !! Write(3of3) PState3 done. status:0 (0=success) {WritePState kernel/smp.c:884}
[    1.251813] CPUunderclocking:   !! Rdmsr(1of2): core:0 idx:c0010068 ... {Rdmsr kernel/smp.c:696}
[    1.252002] CPUunderclocking:     !! Rdmsr(2of2): core:0 idx:c0010068 done. (resultx==8000012e00005d13 hi:8000012e lo:00005d13) {Rdmsr kernel/smp.c:712}
[    1.252166] CPUunderclocking:   !! Rdmsr(1of2): core:1 idx:c0010068 ... {Rdmsr kernel/smp.c:696}
[    1.252328] CPUunderclocking:     !! Rdmsr(2of2): core:1 idx:c0010068 done. (resultx==8000012e00005d13 hi:8000012e lo:00005d13) {Rdmsr kernel/smp.c:712}
[    1.252488] CPUunderclocking:   !! Rdmsr(1of2): core:2 idx:c0010068 ... {Rdmsr kernel/smp.c:696}
[    1.252649] CPUunderclocking:     !! Rdmsr(2of2): core:2 idx:c0010068 done. (resultx==8000012e00005d13 hi:8000012e lo:00005d13) {Rdmsr kernel/smp.c:712}
[    1.252811] CPUunderclocking:   !! Rdmsr(1of2): core:3 idx:c0010068 ... {Rdmsr kernel/smp.c:696}
[    1.253004] CPUunderclocking:     !! Rdmsr(2of2): core:3 idx:c0010068 done. (resultx==8000012e00005d13 hi:8000012e lo:00005d13) {Rdmsr kernel/smp.c:712}
[    1.253166] CPUunderclocking: !! Write(1of3) PState4 read : fid:17 did:3 vid:46 Multi:N/A {WritePState kernel/smp.c:854}
[    1.253325] CPUunderclocking: !! Write(2of3) PState4 write:0 did:0 vid:52 (multi:16) ... {WritePState kernel/smp.c:882}
[    1.253484] CPUunderclocking:   !! Wrmsr(before write): core:0/64 idx:c0010068 valx:8000012e00006800 ...  {Wrmsr kernel/smp.c:637}
[    1.253642] CPUunderclocking:     !! Wrmsr(after write): done. {Wrmsr kernel/smp.c:676}
[    1.253796] CPUunderclocking:   !! Wrmsr(before write): core:1/64 idx:c0010068 valx:8000012e00006800 ...  {Wrmsr kernel/smp.c:637}
[    1.253959] CPUunderclocking:     !! Wrmsr(after write): done. {Wrmsr kernel/smp.c:676}
[    1.254002] CPUunderclocking:   !! Wrmsr(before write): core:2/64 idx:c0010068 valx:8000012e00006800 ...  {Wrmsr kernel/smp.c:637}
[    1.254164] CPUunderclocking:     !! Wrmsr(after write): done. {Wrmsr kernel/smp.c:676}
[    1.254321] CPUunderclocking:   !! Wrmsr(before write): core:3/64 idx:c0010068 valx:8000012e00006800 ...  {Wrmsr kernel/smp.c:637}
[    1.254481] CPUunderclocking:     !! Wrmsr(after write): done. {Wrmsr kernel/smp.c:676}
[    1.254636] CPUunderclocking: !! Write(3of3) PState4 done. status:0 (0=success) {WritePState kernel/smp.c:884}
[    1.254795] CPUunderclocking:   !! Rdmsr(1of2): core:0 idx:c0010069 ... {Rdmsr kernel/smp.c:696}
[    1.255002] CPUunderclocking:     !! Rdmsr(2of2): core:0 idx:c0010069 done. (resultx==8000012b00005ee3 hi:8000012b lo:00005ee3) {Rdmsr kernel/smp.c:712}
[    1.255163] CPUunderclocking:   !! Rdmsr(1of2): core:1 idx:c0010069 ... {Rdmsr kernel/smp.c:696}
[    1.255323] CPUunderclocking:     !! Rdmsr(2of2): core:1 idx:c0010069 done. (resultx==8000012b00005ee3 hi:8000012b lo:00005ee3) {Rdmsr kernel/smp.c:712}
[    1.255485] CPUunderclocking:   !! Rdmsr(1of2): core:2 idx:c0010069 ... {Rdmsr kernel/smp.c:696}
[    1.255645] CPUunderclocking:     !! Rdmsr(2of2): core:2 idx:c0010069 done. (resultx==8000012b00005ee3 hi:8000012b lo:00005ee3) {Rdmsr kernel/smp.c:712}
[    1.255805] CPUunderclocking:   !! Rdmsr(1of2): core:3 idx:c0010069 ... {Rdmsr kernel/smp.c:696}
[    1.256004] CPUunderclocking:     !! Rdmsr(2of2): core:3 idx:c0010069 done. (resultx==8000012b00005ee3 hi:8000012b lo:00005ee3) {Rdmsr kernel/smp.c:712}
[    1.256166] CPUunderclocking: !! Write(1of3) PState5 read : fid:14 did:3 vid:47 Multi:N/A {WritePState kernel/smp.c:854}
[    1.256326] CPUunderclocking: !! Write(2of3) PState5 write:5 did:1 vid:55 (multi:14) ... {WritePState kernel/smp.c:882}
[    1.256486] CPUunderclocking:   !! Wrmsr(before write): core:0/64 idx:c0010069 valx:8000012b00006e51 ...  {Wrmsr kernel/smp.c:637}
[    1.256649] CPUunderclocking:     !! Wrmsr(after write): done. {Wrmsr kernel/smp.c:676}
[    1.256807] CPUunderclocking:   !! Wrmsr(before write): core:1/64 idx:c0010069 valx:8000012b00006e51 ...  {Wrmsr kernel/smp.c:637}
[    1.257039] CPUunderclocking:     !! Wrmsr(after write): done. {Wrmsr kernel/smp.c:676}
[    1.257245] CPUunderclocking:   !! Wrmsr(before write): core:2/64 idx:c0010069 valx:8000012b00006e51 ...  {Wrmsr kernel/smp.c:637}
[    1.257410] CPUunderclocking:     !! Wrmsr(after write): done. {Wrmsr kernel/smp.c:676}
[    1.257570] CPUunderclocking:   !! Wrmsr(before write): core:3/64 idx:c0010069 valx:8000012b00006e51 ...  {Wrmsr kernel/smp.c:637}
[    1.257737] CPUunderclocking:     !! Wrmsr(after write): done. {Wrmsr kernel/smp.c:676}
[    1.257895] CPUunderclocking: !! Write(3of3) PState5 done. status:0 (0=success) {WritePState kernel/smp.c:884}
[    1.258001] CPUunderclocking:   !! Rdmsr(1of2): core:0 idx:c001006a ... {Rdmsr kernel/smp.c:696}
[    1.258163] CPUunderclocking:     !! Rdmsr(2of2): core:0 idx:c001006a done. (resultx==80000127000060b3 hi:80000127 lo:000060b3) {Rdmsr kernel/smp.c:712}
[    1.258327] CPUunderclocking:   !! Rdmsr(1of2): core:1 idx:c001006a ... {Rdmsr kernel/smp.c:696}
[    1.258490] CPUunderclocking:     !! Rdmsr(2of2): core:1 idx:c001006a done. (resultx==80000127000060b3 hi:80000127 lo:000060b3) {Rdmsr kernel/smp.c:712}
[    1.258654] CPUunderclocking:   !! Rdmsr(1of2): core:2 idx:c001006a ... {Rdmsr kernel/smp.c:696}
[    1.258819] CPUunderclocking:     !! Rdmsr(2of2): core:2 idx:c001006a done. (resultx==80000127000060b3 hi:80000127 lo:000060b3) {Rdmsr kernel/smp.c:712}
[    1.259001] CPUunderclocking:   !! Rdmsr(1of2): core:3 idx:c001006a ... {Rdmsr kernel/smp.c:696}
[    1.259164] CPUunderclocking:     !! Rdmsr(2of2): core:3 idx:c001006a done. (resultx==80000127000060b3 hi:80000127 lo:000060b3) {Rdmsr kernel/smp.c:712}
[    1.259328] CPUunderclocking: !! Write(1of3) PState6 read : fid:11 did:3 vid:48 Multi:N/A {WritePState kernel/smp.c:854}
[    1.259489] CPUunderclocking: !! Write(2of3) PState6 write:2 did:1 vid:59 (multi:12) ... {WritePState kernel/smp.c:882}
[    1.259651] CPUunderclocking:   !! Wrmsr(before write): core:0/64 idx:c001006a valx:8000012700007621 ...  {Wrmsr kernel/smp.c:637}
[    1.259814] CPUunderclocking:     !! Wrmsr(after write): done. {Wrmsr kernel/smp.c:676}
[    1.260002] CPUunderclocking:   !! Wrmsr(before write): core:1/64 idx:c001006a valx:8000012700007621 ...  {Wrmsr kernel/smp.c:637}
[    1.260166] CPUunderclocking:     !! Wrmsr(after write): done. {Wrmsr kernel/smp.c:676}
[    1.260327] CPUunderclocking:   !! Wrmsr(before write): core:2/64 idx:c001006a valx:8000012700007621 ...  {Wrmsr kernel/smp.c:637}
[    1.260493] CPUunderclocking:     !! Wrmsr(after write): done. {Wrmsr kernel/smp.c:676}
[    1.260653] CPUunderclocking:   !! Wrmsr(before write): core:3/64 idx:c001006a valx:8000012700007621 ...  {Wrmsr kernel/smp.c:637}
[    1.260818] CPUunderclocking:     !! Wrmsr(after write): done. {Wrmsr kernel/smp.c:676}
[    1.261001] CPUunderclocking: !! Write(3of3) PState6 done. status:0 (0=success) {WritePState kernel/smp.c:884}
[    1.261161] CPUunderclocking:   !! Rdmsr(1of2): core:0 idx:c001006b ... {Rdmsr kernel/smp.c:696}
[    1.261321] CPUunderclocking:     !! Rdmsr(2of2): core:0 idx:c001006b done. (resultx==8000012500006504 hi:80000125 lo:00006504) {Rdmsr kernel/smp.c:712}
[    1.261487] CPUunderclocking:   !! Rdmsr(1of2): core:1 idx:c001006b ... {Rdmsr kernel/smp.c:696}
[    1.261650] CPUunderclocking:     !! Rdmsr(2of2): core:1 idx:c001006b done. (resultx==8000012500006504 hi:80000125 lo:00006504) {Rdmsr kernel/smp.c:712}
[    1.261814] CPUunderclocking:   !! Rdmsr(1of2): core:2 idx:c001006b ... {Rdmsr kernel/smp.c:696}
[    1.262005] CPUunderclocking:     !! Rdmsr(2of2): core:2 idx:c001006b done. (resultx==8000012500006504 hi:80000125 lo:00006504) {Rdmsr kernel/smp.c:712}
[    1.263002] CPUunderclocking:   !! Rdmsr(1of2): core:3 idx:c001006b ... {Rdmsr kernel/smp.c:696}
[    1.263165] CPUunderclocking:     !! Rdmsr(2of2): core:3 idx:c001006b done. (resultx==8000012500006504 hi:80000125 lo:00006504) {Rdmsr kernel/smp.c:712}
[    1.263330] CPUunderclocking: !! Write(1of3) PState7 read : fid:16 did:4 vid:50 Multi:N/A {WritePState kernel/smp.c:854}
[    1.263491] CPUunderclocking: !! Write(2of3) PState7 write:0 did:2 vid:67 (multi:8) ... {WritePState kernel/smp.c:882}
[    1.263652] CPUunderclocking:   !! Wrmsr(before write): core:0/64 idx:c001006b valx:8000012500008602 ...  {Wrmsr kernel/smp.c:637}
[    1.263815] CPUunderclocking:     !! Wrmsr(after write): done. {Wrmsr kernel/smp.c:676}
[    1.264002] CPUunderclocking:   !! Wrmsr(before write): core:1/64 idx:c001006b valx:8000012500008602 ...  {Wrmsr kernel/smp.c:637}
[    1.264169] CPUunderclocking:     !! Wrmsr(after write): done. {Wrmsr kernel/smp.c:676}
[    1.264329] CPUunderclocking:   !! Wrmsr(before write): core:2/64 idx:c001006b valx:8000012500008602 ...  {Wrmsr kernel/smp.c:637}
[    1.264495] CPUunderclocking:     !! Wrmsr(after write): done. {Wrmsr kernel/smp.c:676}
[    1.264654] CPUunderclocking:   !! Wrmsr(before write): core:3/64 idx:c001006b valx:8000012500008602 ...  {Wrmsr kernel/smp.c:637}
[    1.264818] CPUunderclocking:     !! Wrmsr(after write): done. {Wrmsr kernel/smp.c:676}
[    1.265001] CPUunderclocking: !! Write(3of3) PState7 done. status:0 (0=success) {WritePState kernel/smp.c:884}
[    1.265163] CPUunderclocking: Switching to another p-state temporarily so to ensure that the current one uses newly applied values {apply_underclocking_if_needed kernel/smp.c:954}
[    1.265367] CPUunderclocking:   !! Rdmsr(1of2): core:0 idx:c0010071 ... {Rdmsr kernel/smp.c:696}
[    1.265527] CPUunderclocking:     !! Rdmsr(2of2): core:0 idx:c0010071 done. (resultx==003160975a014e40 hi:00316097 lo:5a014e40) {Rdmsr kernel/smp.c:712}
[    1.265691] CPUunderclocking:   !! Rdmsr(1of2): core:1 idx:c0010071 ... {Rdmsr kernel/smp.c:696}
[    1.265856] CPUunderclocking:     !! Rdmsr(2of2): core:1 idx:c0010071 done. (resultx==003160975a014fa3 hi:00316097 lo:5a014fa3) {Rdmsr kernel/smp.c:712}
[    1.266002] CPUunderclocking:     !! Rdmsr(3of2): different results for cores(this is expected to be so, depending on load) core[0] != core[1] (see above KERN_DEBUG msgs) {Rdmsr kernel/smp.c:717}
[    1.266207] CPUunderclocking:   !! Rdmsr(1of2): core:2 idx:c0010071 ... {Rdmsr kernel/smp.c:696}
[    1.266371] CPUunderclocking:     !! Rdmsr(2of2): core:2 idx:c0010071 done. (resultx==003160975a014fa3 hi:00316097 lo:5a014fa3) {Rdmsr kernel/smp.c:712}
[    1.266535] CPUunderclocking:   !! Rdmsr(1of2): core:3 idx:c0010071 ... {Rdmsr kernel/smp.c:696}
[    1.266699] CPUunderclocking:     !! Rdmsr(2of2): core:3 idx:c0010071 done. (resultx==003160975a014e40 hi:00316097 lo:5a014e40) {Rdmsr kernel/smp.c:712}
[    1.266862] CPUunderclocking:     !! Rdmsr(3of2): different results for cores(this is expected to be so, depending on load) core[2] != core[3] (see above KERN_DEBUG msgs) {Rdmsr kernel/smp.c:717}
[    1.267002] CPUunderclocking: !! currentpstate:1 temppstate:7 {apply_underclocking_if_needed kernel/smp.c:962}
[    1.267162] CPUunderclocking:   !! Rdmsr(1of2): core:0 idx:c0010062 ... {Rdmsr kernel/smp.c:696}
[    1.267323] CPUunderclocking:     !! Rdmsr(2of2): core:0 idx:c0010062 done. (resultx==0000000000000000 hi:00000000 lo:00000000) {Rdmsr kernel/smp.c:712}
[    1.267486] CPUunderclocking:   !! Rdmsr(1of2): core:1 idx:c0010062 ... {Rdmsr kernel/smp.c:696}
[    1.267650] CPUunderclocking:     !! Rdmsr(2of2): core:1 idx:c0010062 done. (resultx==0000000000000000 hi:00000000 lo:00000000) {Rdmsr kernel/smp.c:712}
[    1.267813] CPUunderclocking:   !! Rdmsr(1of2): core:2 idx:c0010062 ... {Rdmsr kernel/smp.c:696}
[    1.268005] CPUunderclocking:     !! Rdmsr(2of2): core:2 idx:c0010062 done. (resultx==0000000000000000 hi:00000000 lo:00000000) {Rdmsr kernel/smp.c:712}
[    1.268164] CPUunderclocking:   !! Rdmsr(1of2): core:3 idx:c0010062 ... {Rdmsr kernel/smp.c:696}
[    1.268324] CPUunderclocking:     !! Rdmsr(2of2): core:3 idx:c0010062 done. (resultx==0000000000000000 hi:00000000 lo:00000000) {Rdmsr kernel/smp.c:712}
[    1.268485] CPUunderclocking:   !! Wrmsr(before write): core:0/64 idx:c0010062 valx:0000000000000006 ...  {Wrmsr kernel/smp.c:637}
[    1.268647] CPUunderclocking:     !! Wrmsr(after write): done. {Wrmsr kernel/smp.c:676}
[    1.268821] CPUunderclocking:   !! Wrmsr(before write): core:1/64 idx:c0010062 valx:0000000000000006 ...  {Wrmsr kernel/smp.c:637}
[    1.269008] CPUunderclocking:     !! Wrmsr(after write): done. {Wrmsr kernel/smp.c:676}
[    1.269179] CPUunderclocking:   !! Wrmsr(before write): core:2/64 idx:c0010062 valx:0000000000000006 ...  {Wrmsr kernel/smp.c:637}
[    1.269361] CPUunderclocking:     !! Wrmsr(after write): done. {Wrmsr kernel/smp.c:676}
[    1.269533] CPUunderclocking:   !! Wrmsr(before write): core:3/64 idx:c0010062 valx:0000000000000006 ...  {Wrmsr kernel/smp.c:637}
[    1.269714] CPUunderclocking:     !! Wrmsr(after write): done. {Wrmsr kernel/smp.c:676}
[    1.269886] CPUunderclocking:   !! Rdmsr(1of2): core:0 idx:c0010063 ... {Rdmsr kernel/smp.c:696}
[    1.270177] CPUunderclocking:     !! Rdmsr(2of2): core:0 idx:c0010063 done. (resultx==0000000000000006 hi:00000000 lo:00000006) {Rdmsr kernel/smp.c:712}
[    1.270358] CPUunderclocking:   !! Rdmsr(1of2): core:1 idx:c0010063 ... {Rdmsr kernel/smp.c:696}
[    1.270539] CPUunderclocking:     !! Rdmsr(2of2): core:1 idx:c0010063 done. (resultx==0000000000000000 hi:00000000 lo:00000000) {Rdmsr kernel/smp.c:712}
[    1.270719] CPUunderclocking:     !! Rdmsr(3of2): different results for cores(this is expected to be so, depending on load) core[0] != core[1] (see above KERN_DEBUG msgs) {Rdmsr kernel/smp.c:717}
[    1.270944] CPUunderclocking:   !! Rdmsr(1of2): core:2 idx:c0010063 ... {Rdmsr kernel/smp.c:696}
[    1.271010] CPUunderclocking:     !! Rdmsr(2of2): core:2 idx:c0010063 done. (resultx==0000000000000000 hi:00000000 lo:00000000) {Rdmsr kernel/smp.c:712}
[    1.271189] CPUunderclocking:   !! Rdmsr(1of2): core:3 idx:c0010063 ... {Rdmsr kernel/smp.c:696}
[    1.271368] CPUunderclocking:     !! Rdmsr(2of2): core:3 idx:c0010063 done. (resultx==0000000000000006 hi:00000000 lo:00000006) {Rdmsr kernel/smp.c:712}
[    1.271547] CPUunderclocking:     !! Rdmsr(3of2): different results for cores(this is expected to be so, depending on load) core[2] != core[3] (see above KERN_DEBUG msgs) {Rdmsr kernel/smp.c:717}
[    1.271775] CPUunderclocking: Waiting for PState to settle at wanted. Current: i(16bits)=6 j(64bits)=6 wantedpstate=6 tries left:9 {SetCurrentPState kernel/smp.c:926}
[    1.272004] CPUunderclocking:   !! Rdmsr(1of2): core:0 idx:c0010071 ... {Rdmsr kernel/smp.c:696}
[    1.272183] CPUunderclocking:     !! Rdmsr(2of2): core:0 idx:c0010071 done. (resultx==003160975a074e02 hi:00316097 lo:5a074e02) {Rdmsr kernel/smp.c:712}
[    1.272367] CPUunderclocking:   !! Rdmsr(1of2): core:1 idx:c0010071 ... {Rdmsr kernel/smp.c:696}
[    1.272549] CPUunderclocking:     !! Rdmsr(2of2): core:1 idx:c0010071 done. (resultx==003160975a014fa3 hi:00316097 lo:5a014fa3) {Rdmsr kernel/smp.c:712}
[    1.272733] CPUunderclocking:     !! Rdmsr(3of2): different results for cores(this is expected to be so, depending on load) core[0] != core[1] (see above KERN_DEBUG msgs) {Rdmsr kernel/smp.c:717}
[    1.273004] CPUunderclocking:   !! Rdmsr(1of2): core:2 idx:c0010071 ... {Rdmsr kernel/smp.c:696}
[    1.273187] CPUunderclocking:     !! Rdmsr(2of2): core:2 idx:c0010071 done. (resultx==003160975a014fa3 hi:00316097 lo:5a014fa3) {Rdmsr kernel/smp.c:712}
[    1.273371] CPUunderclocking:   !! Rdmsr(1of2): core:3 idx:c0010071 ... {Rdmsr kernel/smp.c:696}
[    1.273554] CPUunderclocking:     !! Rdmsr(2of2): core:3 idx:c0010071 done. (resultx==003160975a074e02 hi:00316097 lo:5a074e02) {Rdmsr kernel/smp.c:712}
[    1.273739] CPUunderclocking:     !! Rdmsr(3of2): different results for cores(this is expected to be so, depending on load) core[2] != core[3] (see above KERN_DEBUG msgs) {Rdmsr kernel/smp.c:717}
[    1.274004] CPUunderclocking: !! currentpstate:7 {apply_underclocking_if_needed kernel/smp.c:964}
[    1.274181] CPUunderclocking:   !! Rdmsr(1of2): core:0 idx:c0010062 ... {Rdmsr kernel/smp.c:696}
[    1.274359] CPUunderclocking:     !! Rdmsr(2of2): core:0 idx:c0010062 done. (resultx==0000000000000006 hi:00000000 lo:00000006) {Rdmsr kernel/smp.c:712}
[    1.274543] CPUunderclocking:   !! Rdmsr(1of2): core:1 idx:c0010062 ... {Rdmsr kernel/smp.c:696}
[    1.274725] CPUunderclocking:     !! Rdmsr(2of2): core:1 idx:c0010062 done. (resultx==0000000000000006 hi:00000000 lo:00000006) {Rdmsr kernel/smp.c:712}
[    1.274908] CPUunderclocking:   !! Rdmsr(1of2): core:2 idx:c0010062 ... {Rdmsr kernel/smp.c:696}
[    1.275009] CPUunderclocking:     !! Rdmsr(2of2): core:2 idx:c0010062 done. (resultx==0000000000000006 hi:00000000 lo:00000006) {Rdmsr kernel/smp.c:712}
[    1.275192] CPUunderclocking:   !! Rdmsr(1of2): core:3 idx:c0010062 ... {Rdmsr kernel/smp.c:696}
[    1.275374] CPUunderclocking:     !! Rdmsr(2of2): core:3 idx:c0010062 done. (resultx==0000000000000006 hi:00000000 lo:00000006) {Rdmsr kernel/smp.c:712}
[    1.275558] CPUunderclocking:   !! Wrmsr(before write): core:0/64 idx:c0010062 valx:0000000000000000 ...  {Wrmsr kernel/smp.c:637}
[    1.275742] CPUunderclocking:     !! Wrmsr(after write): done. {Wrmsr kernel/smp.c:676}
[    1.276002] CPUunderclocking:   !! Wrmsr(before write): core:1/64 idx:c0010062 valx:0000000000000000 ...  {Wrmsr kernel/smp.c:637}
[    1.276168] CPUunderclocking:     !! Wrmsr(after write): done. {Wrmsr kernel/smp.c:676}
[    1.276327] CPUunderclocking:   !! Wrmsr(before write): core:2/64 idx:c0010062 valx:0000000000000000 ...  {Wrmsr kernel/smp.c:637}
[    1.276493] CPUunderclocking:     !! Wrmsr(after write): done. {Wrmsr kernel/smp.c:676}
[    1.276653] CPUunderclocking:   !! Wrmsr(before write): core:3/64 idx:c0010062 valx:0000000000000000 ...  {Wrmsr kernel/smp.c:637}
[    1.276821] CPUunderclocking:     !! Wrmsr(after write): done. {Wrmsr kernel/smp.c:676}
[    1.277001] CPUunderclocking:   !! Rdmsr(1of2): core:0 idx:c0010063 ... {Rdmsr kernel/smp.c:696}
[    1.277163] CPUunderclocking:     !! Rdmsr(2of2): core:0 idx:c0010063 done. (resultx==0000000000000000 hi:00000000 lo:00000000) {Rdmsr kernel/smp.c:712}
[    1.277327] CPUunderclocking:   !! Rdmsr(1of2): core:1 idx:c0010063 ... {Rdmsr kernel/smp.c:696}
[    1.277492] CPUunderclocking:     !! Rdmsr(2of2): core:1 idx:c0010063 done. (resultx==0000000000000000 hi:00000000 lo:00000000) {Rdmsr kernel/smp.c:712}
[    1.277655] CPUunderclocking:   !! Rdmsr(1of2): core:2 idx:c0010063 ... {Rdmsr kernel/smp.c:696}
[    1.277820] CPUunderclocking:     !! Rdmsr(2of2): core:2 idx:c0010063 done. (resultx==0000000000000000 hi:00000000 lo:00000000) {Rdmsr kernel/smp.c:712}
[    1.278001] CPUunderclocking:   !! Rdmsr(1of2): core:3 idx:c0010063 ... {Rdmsr kernel/smp.c:696}
[    1.279005] CPUunderclocking:     !! Rdmsr(2of2): core:3 idx:c0010063 done. (resultx==0000000000000000 hi:00000000 lo:00000000) {Rdmsr kernel/smp.c:712}
[    1.279169] CPUunderclocking: Waiting for PState to settle at wanted. Current: i(16bits)=0 j(64bits)=0 wantedpstate=0 tries left:9 {SetCurrentPState kernel/smp.c:926}
[    1.279372] CPUunderclocking:   !! Rdmsr(1of2): core:0 idx:c0010071 ... {Rdmsr kernel/smp.c:696}
[    1.279532] CPUunderclocking:     !! Rdmsr(2of2): core:0 idx:c0010071 done. (resultx==003160975a014e40 hi:00316097 lo:5a014e40) {Rdmsr kernel/smp.c:712}
[    1.279696] CPUunderclocking:   !! Rdmsr(1of2): core:1 idx:c0010071 ... {Rdmsr kernel/smp.c:696}
[    1.279860] CPUunderclocking:     !! Rdmsr(2of2): core:1 idx:c0010071 done. (resultx==003160975a014fa3 hi:00316097 lo:5a014fa3) {Rdmsr kernel/smp.c:712}
[    1.280002] CPUunderclocking:     !! Rdmsr(3of2): different results for cores(this is expected to be so, depending on load) core[0] != core[1] (see above KERN_DEBUG msgs) {Rdmsr kernel/smp.c:717}
[    1.280206] CPUunderclocking:   !! Rdmsr(1of2): core:2 idx:c0010071 ... {Rdmsr kernel/smp.c:696}
[    1.280370] CPUunderclocking:     !! Rdmsr(2of2): core:2 idx:c0010071 done. (resultx==003160975a014fa3 hi:00316097 lo:5a014fa3) {Rdmsr kernel/smp.c:712}
[    1.280533] CPUunderclocking:   !! Rdmsr(1of2): core:3 idx:c0010071 ... {Rdmsr kernel/smp.c:696}
[    1.280697] CPUunderclocking:     !! Rdmsr(2of2): core:3 idx:c0010071 done. (resultx==003160975a014e40 hi:00316097 lo:5a014e40) {Rdmsr kernel/smp.c:712}
[    1.280860] CPUunderclocking:     !! Rdmsr(3of2): different results for cores(this is expected to be so, depending on load) core[2] != core[3] (see above KERN_DEBUG msgs) {Rdmsr kernel/smp.c:717}
[    1.281001] CPUunderclocking: !! currentpstate:1 {apply_underclocking_if_needed kernel/smp.c:966}
[    1.281161] CPUunderclocking: done. {apply_underclocking_if_needed kernel/smp.c:969}
[    1.281321] smpboot: Boot done
[    1.281443] ----------------
[    1.281561] | NMI testsuite:
[    1.281680] --------------------
[    1.281800]   remote IPI:  ok  |
[    1.285217]    local IPI:  ok  |
[    1.293007] --------------------
[    1.293186] Good, all   2 testcases passed! |
[    1.293312] ---------------------------------
[    1.293439] smpboot: Before bogomips
[    1.293566] smpboot: Total of 4 processors activated (11178.94 BogoMIPS)
[    1.293694] smpboot: Before bogocount - setting activated=1
[    1.296777] devtmpfs: initialized
[    1.297193] device: 'platform': device_add
[    1.297734] bus: 'platform': registered
[    1.298070] bus: 'cpu': registered
[    1.298258] device: 'cpu': device_add
[    1.298891] bus: 'container': registered
[    1.299014] device: 'container': device_add
[    1.302635] bus: 'workqueue': registered
[    1.302828] device: 'workqueue': device_add
[    1.303476] clocksource: jiffies: mask: 0xffffffff max_cycles: 0xffffffff, max_idle_ns: 1911260446275000 ns
[    1.303859] xor: measuring software checksum speed
[    1.314002]    prefetch64-sse:  8796.000 MB/sec
[    1.324002]    generic_sse:  7912.000 MB/sec
[    1.324175] xor: using function: prefetch64-sse (8796.000 MB/sec)
[    1.324314] atomic64_test: passed for x86-64 platform with CX8 and with SSE
[    1.324444] device class 'regulator': registering
[    1.324799] Registering platform device 'reg-dummy'. Parent at platform
[    1.324981] device: 'reg-dummy': device_add
[    1.325066] bus: 'platform': add device reg-dummy
[    1.325527] bus: 'platform': add driver reg-dummy
[    1.325735] bus: 'platform': driver_probe_device: matched device reg-dummy with driver reg-dummy
[    1.326003] bus: 'platform': really_probe: probing driver reg-dummy with device reg-dummy
[    1.326235] devices_kset: Moving reg-dummy to end of list
[    1.326452] regulator-dummy: no parameters
[    1.326634] device: 'regulator.0': device_add
[    1.327527] driver: 'reg-dummy': driver_bound: bound to device 'reg-dummy'
[    1.327703] bus: 'platform': really_probe: bound device reg-dummy to driver reg-dummy
[    1.328884] NET: Registered protocol family 16
[    1.329530] device class 'bdi': registering
[    1.329813] bus: 'platform': add driver ramoops
[    1.330174] device class 'pci_bus': registering
[    1.330597] bus: 'pci': registered
[    1.330779] device class 'backlight': registering
[    1.331022] device class 'tty': registering
[    1.331256] device class 'vtconsole': registering
[    1.331506] device: 'vtcon0': device_add
[    1.332253] bus: 'node': registered
[    1.332442] device: 'node': device_add
[    1.333059] bus: 'i2c': registered
[    1.333270] bus: 'i2c': add driver dummy
[    1.333574] i2c-core: driver [dummy] registered
[    1.338018] cpuidle: using governor ladder
[    1.342014] cpuidle: using governor menu
[    1.342892] ACPI FADT declares the system doesn't support PCIe ASPM, so disable it
[    1.343009] ACPI: bus type PCI registered
[    1.343139] acpiphp: ACPI Hot Plug PCI Controller Driver version: 0.5
[    1.343269] device class 'dmi': registering
[    1.343473] device: 'id': device_add
[    1.344818] PCI: MMCONFIG for domain 0000 [bus 00-3f] at [mem 0xf8000000-0xfbffffff] (base 0xf8000000)
[    1.345004] PCI: not using MMCONFIG
[    1.345135] PCI: Using configuration type 1 for base access
[    1.345262] PCI: Using configuration type 1 for extended access
[    1.346007] device: 'node0': device_add
[    1.346385] bus: 'node': add device node0
[    1.346829] device: 'cpu0': device_add
[    1.347061] bus: 'cpu': add device cpu0
[    1.347575] device: 'cpu1': device_add
[    1.347829] bus: 'cpu': add device cpu1
[    1.348336] device: 'cpu2': device_add
[    1.348589] bus: 'cpu': add device cpu2
[    1.349105] device: 'cpu3': device_add
[    1.349362] bus: 'cpu': add device cpu3
[    1.413650] device: 'writeback': device_add
[    1.413902] bus: 'workqueue': add device writeback
[    1.414593] HugeTLB registered 2 MB page size, pre-allocated 0 pages
[    1.415757] device class 'block': registering
[    1.433022] raid6: sse2x1   gen()  2996 MB/s
[    1.450003] raid6: sse2x1   xor()  3417 MB/s
[    1.467011] raid6: sse2x2   gen()  4628 MB/s
[    1.484002] raid6: sse2x2   xor()  4939 MB/s
[    1.501006] raid6: sse2x4   gen()  5566 MB/s
[    1.518011] raid6: sse2x4   xor()  2945 MB/s
[    1.518182] raid6: using algorithm sse2x4 gen() 5566 MB/s
[    1.518308] raid6: .... xor() 2945 MB/s, rmw enabled
[    1.518434] raid6: using intx1 recovery algorithm
[    1.518644] device class 'graphics': registering
[    1.519029] ACPI: Added _OSI(Module Device)
[    1.519201] ACPI: Added _OSI(Processor Device)
[    1.519325] ACPI: Added _OSI(3.0 _SCP Extensions)
[    1.519451] ACPI: Added _OSI(Processor Aggregator Device)
[    1.677707] ACPI: [Firmware Bug]: BIOS _OSI(Linux) query ignored
[    1.696726] ACPI : EC: +++++ EC started +++++
[    1.751486] ACPI: Interpreter enabled
[    1.751676] ACPI: (supports S0 S5)
[    1.751850] ACPI: Using IOAPIC for interrupt routing
[    1.757301] bus: 'acpi': registered
[    1.757496] PCI: MMCONFIG for domain 0000 [bus 00-3f] at [mem 0xf8000000-0xfbffffff] (base 0xf8000000)
[    1.771647] PCI: MMCONFIG at [mem 0xf8000000-0xfbffffff] reserved in ACPI motherboard resources
[    1.771909] PCI: Using host bridge windows from ACPI; if necessary, use "pci=nocrs" and report a bug
[    1.772421] device: 'LNXSYSTM:00': device_add
[    1.772672] bus: 'acpi': add device LNXSYSTM:00
[    1.773898] device: 'LNXCPU:00': device_add
[    1.774078] bus: 'acpi': add device LNXCPU:00
[    1.775233] device: 'LNXCPU:01': device_add
[    1.775482] bus: 'acpi': add device LNXCPU:01
[    1.776568] device: 'LNXCPU:02': device_add
[    1.776821] bus: 'acpi': add device LNXCPU:02
[    1.777912] device: 'LNXCPU:03': device_add
[    1.778078] bus: 'acpi': add device LNXCPU:03
[    1.780050] device: 'LNXSYBUS:00': device_add
[    1.780304] bus: 'acpi': add device LNXSYBUS:00
[    1.782250] device: 'PNP0C0C:00': device_add
[    1.782507] bus: 'acpi': add device PNP0C0C:00
[    1.784564] device: 'PNP0A08:00': device_add
[    1.784812] bus: 'acpi': add device PNP0A08:00
[    1.786797] device: 'PNP0C02:00': device_add
[    1.787056] bus: 'acpi': add device PNP0C02:00
[    1.789358] device: 'device:00': device_add
[    1.789610] bus: 'acpi': add device device:00
[    1.791512] device: 'device:01': device_add
[    1.791761] bus: 'acpi': add device device:01
[    1.793642] device: 'device:02': device_add
[    1.793890] bus: 'acpi': add device device:02
[    1.796167] device: 'device:03': device_add
[    1.796418] bus: 'acpi': add device device:03
[    1.798285] device: 'LNXVIDEO:00': device_add
[    1.798533] bus: 'acpi': add device LNXVIDEO:00
[    1.800779] device: 'device:04': device_add
[    1.801034] bus: 'acpi': add device device:04
[    1.803190] device: 'device:05': device_add
[    1.803441] bus: 'acpi': add device device:05
[    1.805290] device: 'device:06': device_add
[    1.805537] bus: 'acpi': add device device:06
[    1.807686] device: 'device:07': device_add
[    1.807937] bus: 'acpi': add device device:07
[    1.809786] device: 'device:08': device_add
[    1.810049] bus: 'acpi': add device device:08
[    1.812243] device: 'device:09': device_add
[    1.813077] bus: 'acpi': add device device:09
[    1.815437] device: 'device:0a': device_add
[    1.815686] bus: 'acpi': add device device:0a
[    1.817923] device: 'device:0b': device_add
[    1.818076] bus: 'acpi': add device device:0b
[    1.820076] device: 'device:0c': device_add
[    1.820326] bus: 'acpi': add device device:0c
[    1.822562] device: 'device:0d': device_add
[    1.822811] bus: 'acpi': add device device:0d
[    1.824719] device: 'device:0e': device_add
[    1.824968] bus: 'acpi': add device device:0e
[    1.827206] device: 'device:0f': device_add
[    1.827455] bus: 'acpi': add device device:0f
[    1.829320] device: 'device:10': device_add
[    1.829575] bus: 'acpi': add device device:10
[    1.831835] device: 'device:11': device_add
[    1.832079] bus: 'acpi': add device device:11
[    1.833937] device: 'device:12': device_add
[    1.834078] bus: 'acpi': add device device:12
[    1.836067] device: 'device:13': device_add
[    1.836314] bus: 'acpi': add device device:13
[    1.838161] device: 'device:14': device_add
[    1.838415] bus: 'acpi': add device device:14
[    1.840691] device: 'device:15': device_add
[    1.840942] bus: 'acpi': add device device:15
[    1.842787] device: 'device:16': device_add
[    1.843044] bus: 'acpi': add device device:16
[    1.844888] device: 'device:17': device_add
[    1.845078] bus: 'acpi': add device device:17
[    1.847002] device: 'device:18': device_add
[    1.847252] bus: 'acpi': add device device:18
[    1.849475] device: 'device:19': device_add
[    1.849723] bus: 'acpi': add device device:19
[    1.851570] device: 'device:1a': device_add
[    1.851818] bus: 'acpi': add device device:1a
[    1.853663] device: 'device:1b': device_add
[    1.853914] bus: 'acpi': add device device:1b
[    1.856136] device: 'device:1c': device_add
[    1.856383] bus: 'acpi': add device device:1c
[    1.858240] device: 'device:1d': device_add
[    1.858490] bus: 'acpi': add device device:1d
[    1.860367] device: 'device:1e': device_add
[    1.860617] bus: 'acpi': add device device:1e
[    1.862840] device: 'device:1f': device_add
[    1.863078] bus: 'acpi': add device device:1f
[    1.864936] device: 'device:20': device_add
[    1.865078] bus: 'acpi': add device device:20
[    1.867450] device: 'device:21': device_add
[    1.867698] bus: 'acpi': add device device:21
[    1.869551] device: 'device:22': device_add
[    1.869798] bus: 'acpi': add device device:22
[    1.872059] device: 'device:23': device_add
[    1.872314] bus: 'acpi': add device device:23
[    1.874526] device: 'device:24': device_add
[    1.874774] bus: 'acpi': add device device:24
[    1.877315] device: 'device:25': device_add
[    1.877567] bus: 'acpi': add device device:25
[    1.879441] device: 'device:26': device_add
[    1.879690] bus: 'acpi': add device device:26
[    1.881827] device: 'device:27': device_add
[    1.882078] bus: 'acpi': add device device:27
[    1.888426] device: 'device:28': device_add
[    1.888676] bus: 'acpi': add device device:28
[    1.894991] device: 'device:29': device_add
[    1.895077] bus: 'acpi': add device device:29
[    1.897423] device: 'device:2a': device_add
[    1.897673] bus: 'acpi': add device device:2a
[    1.903991] device: 'device:2b': device_add
[    1.904078] bus: 'acpi': add device device:2b
[    1.910666] device: 'device:2c': device_add
[    1.910921] bus: 'acpi': add device device:2c
[    1.914096] device: 'device:2d': device_add
[    1.914348] bus: 'acpi': add device device:2d
[    1.916240] device: 'device:2e': device_add
[    1.916490] bus: 'acpi': add device device:2e
[    1.919774] device: 'device:2f': device_add
[    1.920034] bus: 'acpi': add device device:2f
[    1.921907] device: 'device:30': device_add
[    1.922078] bus: 'acpi': add device device:30
[    1.924170] device: 'device:31': device_add
[    1.924422] bus: 'acpi': add device device:31
[    1.926547] device: 'device:32': device_add
[    1.926795] bus: 'acpi': add device device:32
[    1.929691] device: 'PNP0C0F:00': device_add
[    1.929940] bus: 'acpi': add device PNP0C0F:00
[    1.932905] device: 'PNP0C0F:01': device_add
[    1.933078] bus: 'acpi': add device PNP0C0F:01
[    1.936117] device: 'PNP0C0F:02': device_add
[    1.936365] bus: 'acpi': add device PNP0C0F:02
[    1.939364] device: 'PNP0C0F:03': device_add
[    1.939615] bus: 'acpi': add device PNP0C0F:03
[    1.942617] device: 'PNP0C0F:04': device_add
[    1.942866] bus: 'acpi': add device PNP0C0F:04
[    1.945885] device: 'PNP0C0F:05': device_add
[    1.946078] bus: 'acpi': add device PNP0C0F:05
[    1.949156] device: 'PNP0C0F:06': device_add
[    1.949405] bus: 'acpi': add device PNP0C0F:06
[    1.952409] device: 'PNP0C0F:07': device_add
[    1.952656] bus: 'acpi': add device PNP0C0F:07
[    1.954654] device: 'PNP0200:00': device_add
[    1.954901] bus: 'acpi': add device PNP0200:00
[    1.956833] device: 'PNP0C04:00': device_add
[    1.957079] bus: 'acpi': add device PNP0C04:00
[    1.958978] device: 'PNP0000:00': device_add
[    1.959083] bus: 'acpi': add device PNP0000:00
[    1.961127] device: 'PNP0B00:00': device_add
[    1.961375] bus: 'acpi': add device PNP0B00:00
[    1.963276] device: 'PNP0800:00': device_add
[    1.963525] bus: 'acpi': add device PNP0800:00
[    1.965412] device: 'PNP0100:00': device_add
[    1.965661] bus: 'acpi': add device PNP0100:00
[    1.967551] device: 'PNP0C02:01': device_add
[    1.967802] bus: 'acpi': add device PNP0C02:01
[    1.970214] device: 'PNP0C01:00': device_add
[    1.970462] bus: 'acpi': add device PNP0C01:00
[    1.972987] device: 'PNP0C09:00': device_add
[    1.973078] bus: 'acpi': add device PNP0C09:00
[    1.975799] device: 'ACPI0003:00': device_add
[    1.976056] bus: 'acpi': add device ACPI0003:00
[    1.980931] device: 'PNP0C0A:00': device_add
[    1.981084] bus: 'acpi': add device PNP0C0A:00
[    1.983815] device: 'VPC2004:00': device_add
[    1.984066] bus: 'acpi': add device VPC2004:00
[    1.986050] device: 'PNP0303:00': device_add
[    1.986298] bus: 'acpi': add device PNP0303:00
[    1.990346] device: 'SYN0326:00': device_add
[    1.990598] bus: 'acpi': add device SYN0326:00
[    1.992844] device: 'device:33': device_add
[    1.993079] bus: 'acpi': add device device:33
[    1.995311] device: 'device:34': device_add
[    1.995561] bus: 'acpi': add device device:34
[    1.997439] device: 'device:35': device_add
[    1.997689] bus: 'acpi': add device device:35
