[    0.000000] Linux version 4.8.0-rc1-g29b4817 (z@myzee) (gcc version 6.1.1 20160707 (GCC) ) #18 SMP PREEMPT Mon Aug 8 15:30:08 EEST 2016
[    0.000000] Command line: BOOT_IMAGE=/boot/vmlinuz-linux-git root=UUID=96efaea0-86dc-485a-af36-36706f9f3908 rw root_trim=yes rd.luks.allow-discards ipv6.disable=1 pnp.debug=1 loglevel=9 log_buf_len=10M printk.always_kmsg_dump=y printk.time=y printk.devkmsg=on mminit_loglevel=0 memory_corruption_check=1 nohz=on rcu_nocbs=1-3 fbcon=scrollback:4096k fbcon=font:ProFont6x11 apic=debug dynamic_debug.verbose=1 "dyndbg=file arch/x86/kernel/apic/* +pflmt ; file drivers/video/* +pflmt ; file drivers/input/* -pflmt ; file drivers/acpi/* -pflmt" acpi_backlight=vendor radeon.audio=0 radeon.lockup_timeout=999000 radeon.test=0 radeon.agpmode=-1 radeon.benchmark=0 radeon.tv=0 radeon.hard_reset=1 radeon.msi=1 radeon.pcie_gen2=-1 radeon.no_wb=1 radeon.dynclks=0 radeon.r4xx_atom=0 radeonfb radeon.fastfb=1 radeon.dpm=1 radeon.runpm=1 rd.debug rd.udev.debug rd.memdebug=3 net.ifnames=1 slub_debug=U pax_sanitize_slab=full noefi nolvm dobtrfs console=tty1 earlyprintk=vga CPUunderclocking radeon.modeset=1 audit
[    0.000000] KERNEL supported cpus:
[    0.000000]   AMD AuthenticAMD
[    0.000000] x86/fpu: Legacy x87 FPU detected.
[    0.000000] x86/fpu: Using 'eager' FPU context switches.
[    0.000000] e820: BIOS-provided physical RAM map:
[    0.000000] BIOS-e820: [mem 0x0000000000000000-0x000000000009d7ff] usable
[    0.000000] BIOS-e820: [mem 0x000000000009d800-0x000000000009ffff] reserved
[    0.000000] BIOS-e820: [mem 0x00000000000e0000-0x00000000000fffff] reserved
[    0.000000] BIOS-e820: [mem 0x0000000000100000-0x00000000bed9afff] usable
[    0.000000] BIOS-e820: [mem 0x00000000bed9b000-0x00000000bf39afff] reserved
[    0.000000] BIOS-e820: [mem 0x00000000bf39b000-0x00000000bf49afff] ACPI NVS
[    0.000000] BIOS-e820: [mem 0x00000000bf49b000-0x00000000bf51afff] ACPI data
[    0.000000] BIOS-e820: [mem 0x00000000bf51b000-0x00000000bfdfffff] usable
[    0.000000] BIOS-e820: [mem 0x00000000bfe00000-0x00000000bfffffff] reserved
[    0.000000] BIOS-e820: [mem 0x00000000fec00000-0x00000000fecfffff] reserved
[    0.000000] BIOS-e820: [mem 0x00000000fed80000-0x00000000fed80fff] reserved
[    0.000000] BIOS-e820: [mem 0x00000000ffe00000-0x00000000ffffffff] reserved
[    0.000000] BIOS-e820: [mem 0x0000000100000000-0x000000041effffff] usable
[    0.000000] bootconsole [earlyvga0] enabled
[    0.000000] NX (Execute Disable) protection: active
[    0.000000] SMBIOS 2.6 present.
[    0.000000] DMI: LENOVO Sabine/Torpedo, BIOS 54CN18WW 07/20/2011
[    0.000000] e820: update [mem 0x00000000-0x00000fff] usable ==> reserved
[    0.000000] e820: remove [mem 0x000a0000-0x000fffff] usable
[    0.000000] e820: last_pfn = 0x41f000 max_arch_pfn = 0x400000000
[    0.000000] MTRR default type: uncachable
[    0.000000] MTRR fixed ranges enabled:
[    0.000000]   00000-9FFFF write-back
[    0.000000]   A0000-BFFFF uncachable
[    0.000000]   C0000-FFFFF write-protect
[    0.000000] MTRR variable ranges enabled:
[    0.000000]   0 base 0000000000 mask FF80000000 write-back
[    0.000000]   1 base 0080000000 mask FFC0000000 write-back
[    0.000000]   2 base 00FFF90000 mask FFFFFF0000 uncachable
[    0.000000]   3 base 00FED80000 mask 0FFFFFF000 uncachable
[    0.000000]   4 disabled
[    0.000000]   5 disabled
[    0.000000]   6 disabled
[    0.000000]   7 base 00FFE00000 mask FFFFE00000 write-protect
[    0.000000] TOM2: 000000041f000000 aka 16880M
[    0.000000] x86/PAT: Configuration [0-7]: WB  WC  UC- UC  WB  WC  UC- WT  
[    0.000000] mtrr: your BIOS has configured an incorrect mask, fixing it.
[    0.000000] e820: last_pfn = 0xbfe00 max_arch_pfn = 0x400000000
[    0.000000] Scan for SMP in [mem 0x00000000-0x000003ff]
[    0.000000] Scan for SMP in [mem 0x0009fc00-0x0009ffff]
[    0.000000] Scan for SMP in [mem 0x000f0000-0x000fffff]
[    0.000000] found SMP MP-table at [mem 0x000fa8b0-0x000fa8bf] mapped at [ffff8bc4c00fa8b0]
[    0.000000]   mpc: fa8c0-faa24
[    0.000000] Base memory trampoline at [ffff8bc4c0097000] 97000 size 24576
[    0.000000] Using GB pages for direct mapping
[    0.000000] BRK [0x48c30000, 0x48c30fff] PGTABLE
[    0.000000] BRK [0x48c31000, 0x48c31fff] PGTABLE
[    0.000000] BRK [0x48c32000, 0x48c32fff] PGTABLE
[    0.000000] BRK [0x48c33000, 0x48c33fff] PGTABLE
[    0.000000] BRK [0x48c34000, 0x48c34fff] PGTABLE
[    0.000000] BRK [0x48c35000, 0x48c35fff] PGTABLE
[    0.000000] log_buf_len: 16777216 bytes
[    0.000000] early log buf free: 2092600(99%)
[    0.000000] RAMDISK: [mem 0x37b83000-0x37db8fff]
[    0.000000] ACPI: Early table checksum verification disabled
[    0.000000] ACPI: RSDP 0x00000000000F0110 000024 (v02 LENOVO)
[    0.000000] ACPI: XSDT 0x00000000BF51A120 000074 (v01 LENOVO CB-01    00000001 LENO 00000001)
[    0.000000] ACPI: FACP 0x00000000BF508000 0000F4 (v04 LENOVO CB-01    00000001 PTL  00000001)
[    0.000000] ACPI: DSDT 0x00000000BF50A000 00FD10 (v01 LENOVO CB-01    00001000 LENO 00000001)
[    0.000000] ACPI: FACS 0x00000000BF478000 000040
[    0.000000] ACPI: FACS 0x00000000BF478000 000040
[    0.000000] ACPI: HPET 0x00000000BF507000 000038 (v01 LENOVO CB-01    00000001 PTL  00000001)
[    0.000000] ACPI: APIC 0x00000000BF506000 00007A (v02 LENOVO CB-01    00000001 PTL  00000001)
[    0.000000] ACPI: MCFG 0x00000000BF505000 00003C (v01 LENOVO CB-01    00000001 PTL  00000001)
[    0.000000] ACPI: SLIC 0x00000000BF504000 000176 (v01 LENOVO CB-01    00000001 LENO 00000001)
[    0.000000] ACPI: UEFI 0x00000000BF503000 00003E (v01 LENOVO CB-01    00000001 PTL  00000001)
[    0.000000] ACPI: UEFI 0x00000000BF502000 000042 (v01 PTL    COMBUF   00000001 PTL  00000001)
[    0.000000] ACPI: SSDT 0x00000000BF501000 000E34 (v01 AMD    POWERNOW 00000001 AMD  00000001)
[    0.000000] ACPI: SSDT 0x00000000BF4FF000 00193D (v02 AMD    ALIB     00000001 MSFT 04000000)
[    0.000000] ACPI: UEFI 0x00000000BF4FE000 0001DE (v01 LENOVO CB-01    00000001 PTL  00000001)
[    0.000000] ACPI: Local APIC address 0xfee00000
[    0.000000] mapped APIC to ffffffffff7fc000 (        fee00000)
[    0.000000] No NUMA configuration found
[    0.000000] Faking a node at [mem 0x0000000000000000-0x000000041effffff]
[    0.000000] NODE_DATA(0) allocated [mem 0x41dff9000-0x41dffcfff]
[    0.000000] Zone ranges:
[    0.000000]   DMA      [mem 0x0000000000001000-0x0000000000ffffff]
[    0.000000]   DMA32    [mem 0x0000000001000000-0x00000000ffffffff]
[    0.000000]   Normal   [mem 0x0000000100000000-0x000000041effffff]
[    0.000000] Movable zone start for each node
[    0.000000] Early memory node ranges
[    0.000000]   node   0: [mem 0x0000000000001000-0x000000000009cfff]
[    0.000000]   node   0: [mem 0x0000000000100000-0x00000000bed9afff]
[    0.000000]   node   0: [mem 0x00000000bf51b000-0x00000000bfdfffff]
[    0.000000]   node   0: [mem 0x0000000100000000-0x000000041effffff]
[    0.000000] Initmem setup node 0 [mem 0x0000000000001000-0x000000041effffff]
[    0.000000] On node 0 totalpages: 4056604
[    0.000000]   DMA zone: 64 pages used for memmap
[    0.000000]   DMA zone: 21 pages reserved
[    0.000000]   DMA zone: 3996 pages, LIFO batch:0
[    0.000000]   DMA32 zone: 12186 pages used for memmap
[    0.000000]   DMA32 zone: 779904 pages, LIFO batch:31
[    0.000000]   Normal zone: 51136 pages used for memmap
[    0.000000]   Normal zone: 3272704 pages, LIFO batch:31
[    0.000000] ACPI: PM-Timer IO Port: 0x808
[    0.000000] ACPI: Local APIC address 0xfee00000
[    0.000000] mapped APIC to ffffffffff7fc000 (        fee00000)
[    0.000000] ACPI: LAPIC (acpi_id[0x00] lapic_id[0x00] enabled)
[    0.000000] ACPI: LAPIC (acpi_id[0x01] lapic_id[0x01] enabled)
[    0.000000] ACPI: LAPIC (acpi_id[0x02] lapic_id[0x02] enabled)
[    0.000000] ACPI: LAPIC (acpi_id[0x03] lapic_id[0x03] enabled)
[    0.000000] ACPI: LAPIC_NMI (acpi_id[0x00] high edge lint[0x1])
[    0.000000] ACPI: LAPIC_NMI (acpi_id[0x01] high edge lint[0x1])
[    0.000000] ACPI: LAPIC_NMI (acpi_id[0x02] high edge lint[0x1])
[    0.000000] ACPI: LAPIC_NMI (acpi_id[0x03] high edge lint[0x1])
[    0.000000] ACPI: IOAPIC (id[0x02] address[0xfec00000] gsi_base[0])
[    0.000000] IOAPIC[0]: apic_id 2, version 33, address 0xfec00000, GSI 0-23
[    0.000000] ACPI: INT_SRC_OVR (bus 0 bus_irq 0 global_irq 2 dfl dfl)
[    0.000000] Int: type 0, pol 0, trig 0, bus 00, IRQ 00, APIC ID 2, APIC INT 02
[    0.000000] Int: type 0, pol 3, trig 3, bus 00, IRQ 09, APIC ID 2, APIC INT 09
[    0.000000] ACPI: IRQ0 used by override.
[    0.000000] Int: type 0, pol 0, trig 0, bus 00, IRQ 01, APIC ID 2, APIC INT 01
[    0.000000] Int: type 0, pol 0, trig 0, bus 00, IRQ 03, APIC ID 2, APIC INT 03
[    0.000000] Int: type 0, pol 0, trig 0, bus 00, IRQ 04, APIC ID 2, APIC INT 04
[    0.000000] Int: type 0, pol 0, trig 0, bus 00, IRQ 05, APIC ID 2, APIC INT 05
[    0.000000] Int: type 0, pol 0, trig 0, bus 00, IRQ 06, APIC ID 2, APIC INT 06
[    0.000000] Int: type 0, pol 0, trig 0, bus 00, IRQ 07, APIC ID 2, APIC INT 07
[    0.000000] Int: type 0, pol 0, trig 0, bus 00, IRQ 08, APIC ID 2, APIC INT 08
[    0.000000] ACPI: IRQ9 used by override.
[    0.000000] Int: type 0, pol 0, trig 0, bus 00, IRQ 0a, APIC ID 2, APIC INT 0a
[    0.000000] Int: type 0, pol 0, trig 0, bus 00, IRQ 0b, APIC ID 2, APIC INT 0b
[    0.000000] Int: type 0, pol 0, trig 0, bus 00, IRQ 0c, APIC ID 2, APIC INT 0c
[    0.000000] Int: type 0, pol 0, trig 0, bus 00, IRQ 0d, APIC ID 2, APIC INT 0d
[    0.000000] Int: type 0, pol 0, trig 0, bus 00, IRQ 0e, APIC ID 2, APIC INT 0e
[    0.000000] Int: type 0, pol 0, trig 0, bus 00, IRQ 0f, APIC ID 2, APIC INT 0f
[    0.000000] Using ACPI (MADT) for SMP configuration information
[    0.000000] ACPI: HPET id: 0x43538210 base: 0xfed00000
[    0.000000] smpboot: Allowing 4 CPUs, 0 hotplug CPUs
[    0.000000] mapped IOAPIC to ffffffffff7fb000 (fec00000)
[    0.000000] e820: [mem 0xc0000000-0xfebfffff] available for PCI devices
[    0.000000] clocksource: refined-jiffies: mask: 0xffffffff max_cycles: 0xffffffff, max_idle_ns: 1910969940391419 ns
[    0.000000] setup_percpu: NR_CPUS:64 nr_cpumask_bits:64 nr_cpu_ids:4 nr_node_ids:1
[    0.000000] percpu: Embedded 33 pages/cpu @ffff8bc8ddc00000 s95832 r8192 d31144 u524288
[    0.000000] pcpu-alloc: s95832 r8192 d31144 u524288 alloc=1*2097152
[    0.000000] pcpu-alloc: [0] 0 1 2 3 
[    0.000000] Built 1 zonelists in Node order, mobility grouping on.  Total pages: 3993197
[    0.000000] Policy zone: Normal
[    0.000000] Kernel command line: BOOT_IMAGE=/boot/vmlinuz-linux-git root=UUID=96efaea0-86dc-485a-af36-36706f9f3908 rw root_trim=yes rd.luks.allow-discards ipv6.disable=1 pnp.debug=1 loglevel=9 log_buf_len=10M printk.always_kmsg_dump=y printk.time=y printk.devkmsg=on mminit_loglevel=0 memory_corruption_check=1 nohz=on rcu_nocbs=1-3 fbcon=scrollback:4096k fbcon=font:ProFont6x11 apic=debug dynamic_debug.verbose=1 "dyndbg=file arch/x86/kernel/apic/* +pflmt ; file drivers/video/* +pflmt ; file drivers/input/* -pflmt ; file drivers/acpi/* -pflmt" acpi_backlight=vendor radeon.audio=0 radeon.lockup_timeout=999000 radeon.test=0 radeon.agpmode=-1 radeon.benchmark=0 radeon.tv=0 radeon.hard_reset=1 radeon.msi=1 radeon.pcie_gen2=-1 radeon.no_wb=1 radeon.dynclks=0 radeon.r4xx_atom=0 radeonfb radeon.fastfb=1 radeon.dpm=1 radeon.runpm=1 rd.debug rd.udev.debug rd.memdebug=3 net.ifnames=1 slub_debug=U pax_sanitize_slab=full noefi nolvm dobtrfs console=tty1 earlyprintk=vga CPUunderclocking radeon.modeset=1 
[    0.000000] PCIe ASPM is disabled
[    0.000000] PID hash table entries: 4096 (order: 3, 32768 bytes)
[    0.000000] Memory: 15870372K/16226416K available (7821K kernel code, 740K rwdata, 3032K rodata, 880K init, 2628K bss, 356044K reserved, 0K cma-reserved)
[    0.000000] SLUB: HWalign=64, Order=0-3, MinObjects=0, CPUs=4, Nodes=1
[    0.000000] Preemptible hierarchical RCU implementation.
[    0.000000] 	Build-time adjustment of leaf fanout to 64.
[    0.000000] 	RCU restricting CPUs from NR_CPUS=64 to nr_cpu_ids=4.
[    0.000000] RCU: Adjusting geometry for rcu_fanout_leaf=64, nr_cpu_ids=4
[    0.000000] NR_IRQS:4352 nr_irqs:456 16
[    0.000000] spurious 8259A interrupt: IRQ7.
[    0.000000] vgacon: allocated 4194304 bytes of memory for scrollback. CONFIG_VGACON_SOFT_SCROLLBACK_SIZE=4096
[    0.000000] Console: colour VGA+ 80x25
[    0.000000] console [tty1] enabled
[    0.000000] bootconsole [earlyvga0] disabled
[    0.000000] clocksource: hpet: mask: 0xffffffff max_cycles: 0xffffffff, max_idle_ns: 133484873504 ns
[    0.000000] hpet clockevent registered
[    0.000000] tsc: Fast TSC calibration using PIT
[    0.000000] tsc: Detected 1397.379 MHz processor
[    0.000047] Calibrating delay loop (skipped), value calculated using timer frequency.. 2794.75 BogoMIPS (lpj=1397379)
[    0.000171] pid_max: default: 32768 minimum: 301
[    0.000293] ACPI: Core revision 20160422
[    0.000473] ACPI: acpi_os_initialize: map reset_reg status 0
[    0.254691] random: fast init done
[    0.884632] ACPI: 3 ACPI AML tables successfully acquired and loaded

[    0.885219] Security Framework initialized
[    0.887148] Dentry cache hash table entries: 2097152 (order: 12, 16777216 bytes)
[    0.894133] Inode-cache hash table entries: 1048576 (order: 11, 8388608 bytes)
[    0.897356] Mount-cache hash table entries: 32768 (order: 6, 262144 bytes)
[    0.897590] Mountpoint-cache hash table entries: 32768 (order: 6, 262144 bytes)
[    0.900387] [Firmware Info]: CPU: 'AMD A6-3400M APU with Radeon(tm) HD Graphics' has AMD errata 665 Integer Divide Instruction May Cause Unpredictable Behavior.'
[    0.900671] [Firmware Info]: CPU: Double-checked CPU type. 'AMD A6-3400M APU with Radeon(tm) HD Graphics'
[    0.900850] [Firmware Info]: CPU: Setting workaround for 665...(set 'no665wo' in /proc/cmdline to disable)
[    0.901031] CPU: Physical Processor ID: 0
[    0.901160] CPU: Processor Core ID: 0
[    0.901288] mce: CPU supports 6 MCE banks
[    0.901454] Last level iTLB entries: 4KB 512, 2MB 16, 4MB 8
[    0.901633] Last level dTLB entries: 4KB 1024, 2MB 128, 4MB 64, 1GB 0
[    0.902392] Freeing SMP alternatives memory: 28K (ffffffffbd997000 - ffffffffbd99e000)
[    0.903364] smpboot: Max logical packages: 1
[    0.903541] smpboot: APIC(0) Converting physical 0 to logical package 0
[    0.903693] enabled ExtINT on CPU#0
[    0.903995] ENABLING IO-APIC IRQs
[    0.904135] init IO_APIC IRQs
[    0.904262]  apic 2 pin 0 not connected
[    0.904433] IOAPIC[0]: Set routing entry (2-1 -> 0x31 -> IRQ 1 Mode:0 Active:0 Dest:1)
[    0.904699] IOAPIC[0]: Set routing entry (2-2 -> 0x30 -> IRQ 0 Mode:0 Active:0 Dest:1)
[    0.904912] IOAPIC[0]: Set routing entry (2-3 -> 0x33 -> IRQ 3 Mode:0 Active:0 Dest:1)
[    0.905123] IOAPIC[0]: Set routing entry (2-4 -> 0x34 -> IRQ 4 Mode:0 Active:0 Dest:1)
[    0.905335] IOAPIC[0]: Set routing entry (2-5 -> 0x35 -> IRQ 5 Mode:0 Active:0 Dest:1)
[    0.905545] IOAPIC[0]: Set routing entry (2-6 -> 0x36 -> IRQ 6 Mode:0 Active:0 Dest:1)
[    0.905801] IOAPIC[0]: Set routing entry (2-7 -> 0x37 -> IRQ 7 Mode:0 Active:0 Dest:1)
[    0.906003] IOAPIC[0]: Set routing entry (2-8 -> 0x38 -> IRQ 8 Mode:0 Active:0 Dest:1)
[    0.906203] IOAPIC[0]: Set routing entry (2-9 -> 0x39 -> IRQ 9 Mode:1 Active:1 Dest:1)
[    0.906404] IOAPIC[0]: Set routing entry (2-10 -> 0x3a -> IRQ 10 Mode:0 Active:0 Dest:1)
[    0.906602] IOAPIC[0]: Set routing entry (2-11 -> 0x3b -> IRQ 11 Mode:0 Active:0 Dest:1)
[    0.906797] IOAPIC[0]: Set routing entry (2-12 -> 0x3c -> IRQ 12 Mode:0 Active:0 Dest:1)
[    0.906994] IOAPIC[0]: Set routing entry (2-13 -> 0x3d -> IRQ 13 Mode:0 Active:0 Dest:1)
[    0.907189] IOAPIC[0]: Set routing entry (2-14 -> 0x3e -> IRQ 14 Mode:0 Active:0 Dest:1)
[    0.907388] IOAPIC[0]: Set routing entry (2-15 -> 0x3f -> IRQ 15 Mode:0 Active:0 Dest:1)
[    0.907549]  apic 2 pin 16 not connected
[    0.907670]  apic 2 pin 17 not connected
[    0.907790]  apic 2 pin 18 not connected
[    0.907911]  apic 2 pin 19 not connected
[    0.908031]  apic 2 pin 20 not connected
[    0.908152]  apic 2 pin 21 not connected
[    0.908272]  apic 2 pin 22 not connected
[    0.908392]  apic 2 pin 23 not connected
[    0.908691] ..TIMER: vector=0x30 apic1=0 pin1=2 apic2=-1 pin2=-1
[    0.918817] Using local APIC timer interrupts.
               calibrating APIC timer ...
[    1.020713] ... lapic delta = 1247722
[    1.020841] ... PM-Timer delta = 357952
[    1.020970] ... PM-Timer result ok
[    1.021098] ..... delta 1247722
[    1.021226] ..... mult: 53589251
[    1.021353] ..... calibration result: 199635
[    1.021483] ..... CPU clock speed is 1397.0448 MHz.
[    1.021612] ..... host bus clock speed is 199.0635 MHz.
[    1.021707] smpboot: CPU0: AMD A6-3400M APU with Radeon(tm) HD Graphics (family: 0x12, model: 0x1, stepping: 0x0)
[    1.022037] Performance Events: AMD PMU driver.
[    1.022202] ... version:                0
[    1.022331] ... bit width:              48
[    1.022459] ... generic registers:      4
[    1.022587] ... value mask:             0000ffffffffffff
[    1.022721] ... max period:             00007fffffffffff
[    1.022851] ... fixed-purpose events:   0
[    1.022979] ... event mask:             000000000000000f
[    1.028742] dynamic_debug:ddebug_add_module: 2 debug prints in module main
[    1.028946] dynamic_debug:ddebug_add_module: 1 debug prints in module initramfs
[    1.029128] dynamic_debug:ddebug_add_module: 3 debug prints in module ibs
[    1.029260] dynamic_debug:ddebug_add_module: 1 debug prints in module common
[    1.029396] dynamic_debug:ddebug_add_module: 1 debug prints in module amd
[    1.029530] dynamic_debug:ddebug_add_module: 2 debug prints in module main
[    1.029664] dynamic_debug:ddebug_add_module: 7 debug prints in module generic
[    1.029804] dynamic_debug:ddebug_add_module: 15 debug prints in module cleanup
[    1.029981] dynamic_debug:ddebug_add_module: 8 debug prints in module microcode
[    1.030162] dynamic_debug:ddebug_add_module: 3 debug prints in module boot
[    1.030299] dynamic_debug:ddebug_add_module: 22 debug prints in module smpboot
[    1.030472] dynamic_debug:ddebug_add_module: 1 debug prints in module tsc_sync
[    1.030637] dynamic_debug:ddebug_add_module: 2 debug prints in module setup_percpu
[    1.030805] dynamic_debug:ddebug_add_module: 30 debug prints in module vector
[    1.030933] dynamic_debug:ddebug_add_module: 2 debug prints in module init
[    1.031063] dynamic_debug:ddebug_add_module: 6 debug prints in module init_64
[    1.031191] dynamic_debug:ddebug_add_module: 1 debug prints in module numa
[    1.031320] dynamic_debug:ddebug_add_module: 4 debug prints in module params
[    1.031448] dynamic_debug:ddebug_add_module: 4 debug prints in module async
[    1.031577] dynamic_debug:ddebug_add_module: 1 debug prints in module manage
[    1.031711] dynamic_debug:ddebug_add_module: 14 debug prints in module irqdomain
[    1.031876] dynamic_debug:ddebug_add_module: 2 debug prints in module msi
[    1.032004] dynamic_debug:ddebug_add_module: 2 debug prints in module freezer
[    1.032133] dynamic_debug:ddebug_add_module: 19 debug prints in module module
[    1.032261] dynamic_debug:ddebug_add_module: 1 debug prints in module cgroup
[    1.032393] dynamic_debug:ddebug_add_module: 6 debug prints in module mempolicy
[    1.032571] dynamic_debug:ddebug_add_module: 1 debug prints in module sparse_vmemmap
[    1.032740] dynamic_debug:ddebug_add_module: 1 debug prints in module vmpressure
[    1.032903] dynamic_debug:ddebug_add_module: 1 debug prints in module fsnotify
[    1.033065] dynamic_debug:ddebug_add_module: 2 debug prints in module notification
[    1.033227] dynamic_debug:ddebug_add_module: 1 debug prints in module inotify_fsnotify
[    1.033390] dynamic_debug:ddebug_add_module: 5 debug prints in module inotify_user
[    1.033553] dynamic_debug:ddebug_add_module: 6 debug prints in module fanotify
[    1.033723] dynamic_debug:ddebug_add_module: 13 debug prints in module fanotify_user
[    1.033889] dynamic_debug:ddebug_add_module: 20 debug prints in module aio
[    1.034024] dynamic_debug:ddebug_add_module: 14 debug prints in module binfmt_misc
[    1.034196] dynamic_debug:ddebug_add_module: 2 debug prints in module mount
[    1.034325] dynamic_debug:ddebug_add_module: 1 debug prints in module dir
[    1.034450] dynamic_debug:ddebug_add_module: 8 debug prints in module configfs
[    1.034613] dynamic_debug:ddebug_add_module: 1 debug prints in module debugfs
[    1.034744] dynamic_debug:ddebug_add_module: 22 debug prints in module btrfs
[    1.034869] dynamic_debug:ddebug_add_module: 2 debug prints in module ramoops
[    1.034993] dynamic_debug:ddebug_add_module: 1 debug prints in module inode
[    1.035118] dynamic_debug:ddebug_add_module: 6 debug prints in module asymmetric_keys
[    1.035284] dynamic_debug:ddebug_add_module: 13 debug prints in module x509_key_parser
[    1.035458] dynamic_debug:ddebug_add_module: 13 debug prints in module efi
[    1.035590] dynamic_debug:ddebug_add_module: 1 debug prints in module decompress
[    1.035759] dynamic_debug:ddebug_add_module: 10 debug prints in module kobject
[    1.035925] dynamic_debug:ddebug_add_module: 6 debug prints in module kobject_uevent
[    1.036087] dynamic_debug:ddebug_add_module: 1 debug prints in module list_sort
[    1.036250] dynamic_debug:ddebug_add_module: 1 debug prints in module percpu_refcount
[    1.036413] dynamic_debug:ddebug_add_module: 11 debug prints in module asn1_decoder
[    1.036576] dynamic_debug:ddebug_add_module: 5 debug prints in module probe
[    1.036701] dynamic_debug:ddebug_add_module: 4 debug prints in module pci
[    1.036838] dynamic_debug:ddebug_add_module: 1 debug prints in module pci_driver
[    1.037010] dynamic_debug:ddebug_add_module: 3 debug prints in module slot
[    1.037140] dynamic_debug:ddebug_add_module: 3 debug prints in module quirks
[    1.037264] dynamic_debug:ddebug_add_module: 2 debug prints in module pme
[    1.037389] dynamic_debug:ddebug_add_module: 1 debug prints in module pci_hotplug
[    1.037552] dynamic_debug:ddebug_add_module: 12 debug prints in module acpiphp
[    1.039626] dynamic_debug:ddebug_add_module: 1 debug prints in module htirq
[    1.039752] dynamic_debug:ddebug_add_module: 1 debug prints in module pci_acpi
[    1.039922] dynamic_debug:ddebug_add_module: 3 debug prints in module backlight
[    1.040091] dynamic_debug:ddebug_add_module: 4 debug prints in module fb
[    1.040218] dynamic_debug:ddebug_add_module: 7 debug prints in module tables
[    1.040352] dynamic_debug:ddebug_add_module: 48 debug prints in module acpi
[    1.040476] dynamic_debug:ddebug_add_module: 3 debug prints in module fan
[    1.040550] dynamic_debug:ddebug_add_module: 1 debug prints in module video
[    1.040674] dynamic_debug:ddebug_add_module: 4 debug prints in module pci_slot
[    1.040836] dynamic_debug:ddebug_add_module: 7 debug prints in module processor
[    1.040998] dynamic_debug:ddebug_add_module: 4 debug prints in module pnp
[    1.041123] dynamic_debug:ddebug_add_module: 3 debug prints in module acpi_dma
[    1.041286] dynamic_debug:ddebug_add_module: 11 debug prints in module core
[    1.041410] dynamic_debug:ddebug_add_module: 1 debug prints in module fixed
[    1.041537] dynamic_debug:ddebug_add_module: 6 debug prints in module virtual
[    1.041661] dynamic_debug:ddebug_add_module: 3 debug prints in module lp3971
[    1.041794] dynamic_debug:ddebug_add_module: 3 debug prints in module lp3972
[    1.041926] dynamic_debug:ddebug_add_module: 6 debug prints in module tty_io
[    1.042054] dynamic_debug:ddebug_add_module: 1 debug prints in module vt_ioctl
[    1.042215] dynamic_debug:ddebug_add_module: 5 debug prints in module serial_core
[    1.042375] dynamic_debug:ddebug_add_module: 4 debug prints in module 8250
[    1.042500] dynamic_debug:ddebug_add_module: 5 debug prints in module 8250_base
[    1.042658] dynamic_debug:ddebug_add_module: 1 debug prints in module tpm
[    1.042786] dynamic_debug:ddebug_add_module: 10 debug prints in module tpm_tis_core
[    1.042946] dynamic_debug:ddebug_add_module: 2 debug prints in module dmar
[    1.043071] dynamic_debug:ddebug_add_module: 3 debug prints in module drm
[    1.043202] dynamic_debug:ddebug_add_module: 3 debug prints in module ttm
[    1.043333] dynamic_debug:ddebug_add_module: 2 debug prints in module radeon
[    1.043464] dynamic_debug:ddebug_add_module: 17 debug prints in module vgaarb
[    1.043589] dynamic_debug:ddebug_add_module: 7 debug prints in module component
[    1.043751] dynamic_debug:ddebug_add_module: 11 debug prints in module core
[    1.043876] dynamic_debug:ddebug_add_module: 9 debug prints in module bus
[    1.044005] dynamic_debug:ddebug_add_module: 17 debug prints in module dd
[    1.044130] dynamic_debug:ddebug_add_module: 5 debug prints in module class
[    1.044255] dynamic_debug:ddebug_add_module: 4 debug prints in module platform
[    1.044418] dynamic_debug:ddebug_add_module: 7 debug prints in module firmware_class
[    1.044587] dynamic_debug:ddebug_add_module: 1 debug prints in module regmap
[    1.044724] dynamic_debug:ddebug_add_module: 7 debug prints in module regcache
[    1.044891] dynamic_debug:ddebug_add_module: 1 debug prints in module regcache_lzo
[    1.045052] dynamic_debug:ddebug_add_module: 1 debug prints in module dma_buf
[    1.045177] dynamic_debug:ddebug_add_module: 3 debug prints in module scsi_mod
[    1.045339] dynamic_debug:ddebug_add_module: 2 debug prints in module libphy
[    1.045464] dynamic_debug:ddebug_add_module: 1 debug prints in module r8169
[    1.045600] dynamic_debug:ddebug_add_module: 98 debug prints in module cdrom
[    1.045750] dynamic_debug:ddebug_add_module: 150 debug prints in module usbcore
[    1.045917] dynamic_debug:ddebug_add_module: 5 debug prints in module phy
[    1.046044] dynamic_debug:ddebug_add_module: 10 debug prints in module pci_quirks
[    1.046216] dynamic_debug:ddebug_add_module: 55 debug prints in module ehci_hcd
[    1.046381] dynamic_debug:ddebug_add_module: 2 debug prints in module ehci_pci
[    1.046563] dynamic_debug:ddebug_add_module: 46 debug prints in module ohci_hcd
[    1.046783] dynamic_debug:ddebug_add_module: 263 debug prints in module xhci_hcd
[    1.046991] dynamic_debug:ddebug_add_module: 3 debug prints in module xhci_pci
[    1.047154] dynamic_debug:ddebug_add_module: 10 debug prints in module usb_storage
[    1.047315] dynamic_debug:ddebug_add_module: 1 debug prints in module ums_realtek
[    1.047482] dynamic_debug:ddebug_add_module: 6 debug prints in module input_core
[    1.047645] dynamic_debug:ddebug_add_module: 4 debug prints in module atkbd
[    1.047783] dynamic_debug:ddebug_add_module: 15 debug prints in module psmouse
[    1.047955] dynamic_debug:ddebug_add_module: 7 debug prints in module rtc_core
[    1.048128] dynamic_debug:ddebug_add_module: 5 debug prints in module rtc_cmos
[    1.048293] dynamic_debug:ddebug_add_module: 1 debug prints in module i2c_boardinfo
[    1.048459] dynamic_debug:ddebug_add_module: 20 debug prints in module i2c_core
[    1.048621] dynamic_debug:ddebug_add_module: 2 debug prints in module i2c_smbus
[    1.048788] dynamic_debug:ddebug_add_module: 17 debug prints in module i2c_algo_bit
[    1.048951] dynamic_debug:ddebug_add_module: 11 debug prints in module power_supply
[    1.049113] dynamic_debug:ddebug_add_module: 1 debug prints in module hwmon
[    1.049243] dynamic_debug:ddebug_add_module: 9 debug prints in module thermal_sys
[    1.049416] dynamic_debug:ddebug_add_module: 43 debug prints in module cpufreq
[    1.049582] dynamic_debug:ddebug_add_module: 9 debug prints in module freq_table
[    1.049751] dynamic_debug:ddebug_add_module: 2 debug prints in module cpufreq_stats
[    1.049923] dynamic_debug:ddebug_add_module: 1 debug prints in module cpufreq_performance
[    1.050100] dynamic_debug:ddebug_add_module: 22 debug prints in module acpi_cpufreq
[    1.050264] dynamic_debug:ddebug_add_module: 3 debug prints in module dmi_scan
[    1.050426] dynamic_debug:ddebug_add_module: 1 debug prints in module hid
[    1.050550] dynamic_debug:ddebug_add_module: 8 debug prints in module usbhid
[    1.050674] dynamic_debug:ddebug_add_module: 2 debug prints in module i386
[    1.050800] dynamic_debug:ddebug_add_module: 2 debug prints in module fixup
[    1.050928] dynamic_debug:ddebug_add_module: 7 debug prints in module irq
[    1.051053] dynamic_debug:ddebug_add_module: 1 debug prints in module sock
[    1.051188] dynamic_debug:ddebug_add_module: 17 debug prints in module dev
[    1.051321] dynamic_debug:ddebug_add_module: 2 debug prints in module sch_api
[    1.051453] dynamic_debug:ddebug_add_module: 1 debug prints in module act_api
[    1.051582] dynamic_debug:ddebug_add_module: 1 debug prints in module route
[    1.051708] dynamic_debug:ddebug_add_module: 1 debug prints in module ip_fragment
[    1.051870] dynamic_debug:ddebug_add_module: 1 debug prints in module ip_output
[    1.052032] dynamic_debug:ddebug_add_module: 1 debug prints in module tcp
[    1.052157] dynamic_debug:ddebug_add_module: 5 debug prints in module tcp_input
[    1.052320] dynamic_debug:ddebug_add_module: 3 debug prints in module tcp_output
[    1.052481] dynamic_debug:ddebug_add_module: 2 debug prints in module tcp_timer
[    1.052648] dynamic_debug:ddebug_add_module: 1 debug prints in module tcp_ipv4
[    1.052816] dynamic_debug:ddebug_add_module: 1 debug prints in module tcp_cong
[    1.052982] dynamic_debug:ddebug_add_module: 8 debug prints in module udp
[    1.053105] dynamic_debug:ddebug_add_module: 1 debug prints in module arp
[    1.053236] dynamic_debug:ddebug_add_module: 2 debug prints in module icmp
[    1.053368] dynamic_debug:ddebug_add_module: 1 debug prints in module devinet
[    1.053499] dynamic_debug:ddebug_add_module: 8 debug prints in module fib_trie
[    1.053660] dynamic_debug:ddebug_add_module: 1 debug prints in module inet_fragment
[    1.053826] dynamic_debug:ddebug_add_module: 24 debug prints in module ping
[    1.053950] dynamic_debug:ddebug_add_module: 1 debug prints in module sysctl_net_ipv4
[    1.054115] dynamic_debug:ddebug_add_module: 2 debug prints in module ip6_checksum
[    1.054272] dynamic_debug:dynamic_debug_init: 158 modules, 1525 entries and 6320 bytes in ddebug tables, 122011 bytes in (readonly) verbose section
[    1.054442] dynamic_debug:ddebug_dyndbg_boot_param_cb: BOOT_IMAGE="/boot/vmlinuz-linux-git"
[    1.054601] dynamic_debug:ddebug_dyndbg_boot_param_cb: root="UUID=96efaea0-86dc-485a-af36-36706f9f3908"
[    1.054765] dynamic_debug:ddebug_dyndbg_boot_param_cb: rw="(null)"
[    1.054885] dynamic_debug:ddebug_dyndbg_boot_param_cb: root_trim="yes"
[    1.055009] dynamic_debug:ddebug_dyndbg_boot_param_cb: rd.luks.allow-discards="(null)"
[    1.055167] dynamic_debug:ddebug_dyndbg_boot_param_cb: ipv6.disable="1"
[    1.055293] dynamic_debug:ddebug_dyndbg_boot_param_cb: pnp.debug="1"
[    1.055415] dynamic_debug:ddebug_dyndbg_boot_param_cb: loglevel="9"
[    1.055534] dynamic_debug:ddebug_dyndbg_boot_param_cb: log_buf_len="10M"
[    1.055653] dynamic_debug:ddebug_dyndbg_boot_param_cb: printk.always_kmsg_dump="y"
[    1.055816] dynamic_debug:ddebug_dyndbg_boot_param_cb: printk.time="y"
[    1.055936] dynamic_debug:ddebug_dyndbg_boot_param_cb: printk.devkmsg="on"
[    1.056055] dynamic_debug:ddebug_dyndbg_boot_param_cb: mminit_loglevel="0"
[    1.056179] dynamic_debug:ddebug_dyndbg_boot_param_cb: memory_corruption_check="1"
[    1.056338] dynamic_debug:ddebug_dyndbg_boot_param_cb: nohz="on"
[    1.056461] dynamic_debug:ddebug_dyndbg_boot_param_cb: rcu_nocbs="1-3"
[    1.056584] dynamic_debug:ddebug_dyndbg_boot_param_cb: fbcon="scrollback:4096k"
[    1.056745] dynamic_debug:ddebug_dyndbg_boot_param_cb: fbcon="font:ProFont6x11"
[    1.056898] dynamic_debug:ddebug_dyndbg_boot_param_cb: apic="debug"
[    1.057016] dynamic_debug:ddebug_dyndbg_boot_param_cb: dynamic_debug.verbose="1"
[    1.058937] dynamic_debug:ddebug_dyndbg_boot_param_cb: dyndbg="file arch/x86/kernel/apic/* +pflmt ; file drivers/video/* +pflmt ; file drivers/input/* -pflmt ; file drivers/acpi/* -pflmt"
[    1.059134] dynamic_debug:ddebug_exec_queries: query 0: "file arch/x86/kernel/apic/* +pflmt "
[    1.059289] dynamic_debug:ddebug_tokenize: split into words: "file" "arch/x86/kernel/apic/*" "+pflmt"
[    1.059528] dynamic_debug:ddebug_parse_flags: op='+'
[    1.059648] dynamic_debug:ddebug_parse_flags: flags=0x1f
[    1.059769] dynamic_debug:ddebug_parse_flags: *flagsp=0x1f *maskp=0xffffffff
[    1.059840] dynamic_debug:vpr_info_dq: parsed: func="" file="arch/x86/kernel/apic/*" module="" format="" lineno=0-0
[    1.060015] dynamic_debug:ddebug_change: changed arch/x86/kernel/apic/vector.c:919 [vector]print_PIC =pmflt
[    1.060174] dynamic_debug:ddebug_change: changed arch/x86/kernel/apic/vector.c:916 [vector]print_PIC =pmflt
[    1.060335] dynamic_debug:ddebug_change: changed arch/x86/kernel/apic/vector.c:906 [vector]print_PIC =pmflt
[    1.060495] dynamic_debug:ddebug_change: changed arch/x86/kernel/apic/vector.c:903 [vector]print_PIC =pmflt
[    1.060655] dynamic_debug:ddebug_change: changed arch/x86/kernel/apic/vector.c:898 [vector]print_PIC =pmflt
[    1.060823] dynamic_debug:ddebug_change: changed arch/x86/kernel/apic/vector.c:868 [vector]print_local_APIC =pmflt
[    1.060986] dynamic_debug:ddebug_change: changed arch/x86/kernel/apic/vector.c:865 [vector]print_local_APIC =pmflt
[    1.061151] dynamic_debug:ddebug_change: changed arch/x86/kernel/apic/vector.c:863 [vector]print_local_APIC =pmflt
[    1.061321] dynamic_debug:ddebug_change: changed arch/x86/kernel/apic/vector.c:858 [vector]print_local_APIC =pmflt
[    1.061493] dynamic_debug:ddebug_change: changed arch/x86/kernel/apic/vector.c:856 [vector]print_local_APIC =pmflt
[    1.061663] dynamic_debug:ddebug_change: changed arch/x86/kernel/apic/vector.c:854 [vector]print_local_APIC =pmflt
[    1.061828] dynamic_debug:ddebug_change: changed arch/x86/kernel/apic/vector.c:850 [vector]print_local_APIC =pmflt
[    1.061991] dynamic_debug:ddebug_change: changed arch/x86/kernel/apic/vector.c:845 [vector]print_local_APIC =pmflt
[    1.062155] dynamic_debug:ddebug_change: changed arch/x86/kernel/apic/vector.c:843 [vector]print_local_APIC =pmflt
[    1.062318] dynamic_debug:ddebug_change: changed arch/x86/kernel/apic/vector.c:840 [vector]print_local_APIC =pmflt
[    1.062481] dynamic_debug:ddebug_change: changed arch/x86/kernel/apic/vector.c:835 [vector]print_local_APIC =pmflt
[    1.062644] dynamic_debug:ddebug_change: changed arch/x86/kernel/apic/vector.c:832 [vector]print_local_APIC =pmflt
[    1.062813] dynamic_debug:ddebug_change: changed arch/x86/kernel/apic/vector.c:831 [vector]print_local_APIC =pmflt
[    1.062980] dynamic_debug:ddebug_change: changed arch/x86/kernel/apic/vector.c:827 [vector]print_local_APIC =pmflt
[    1.063153] dynamic_debug:ddebug_change: changed arch/x86/kernel/apic/vector.c:817 [vector]print_local_APIC =pmflt
[    1.063325] dynamic_debug:ddebug_change: changed arch/x86/kernel/apic/vector.c:815 [vector]print_local_APIC =pmflt
[    1.063490] dynamic_debug:ddebug_change: changed arch/x86/kernel/apic/vector.c:813 [vector]print_local_APIC =pmflt
[    1.063653] dynamic_debug:ddebug_change: changed arch/x86/kernel/apic/vector.c:811 [vector]print_local_APIC =pmflt
[    1.063819] dynamic_debug:ddebug_change: changed arch/x86/kernel/apic/vector.c:808 [vector]print_local_APIC =pmflt
[    1.063982] dynamic_debug:ddebug_change: changed arch/x86/kernel/apic/vector.c:805 [vector]print_local_APIC =pmflt
[    1.064145] dynamic_debug:ddebug_change: changed arch/x86/kernel/apic/vector.c:801 [vector]print_local_APIC =pmflt
[    1.064309] dynamic_debug:ddebug_change: changed arch/x86/kernel/apic/vector.c:792 [vector]print_local_APIC =pmflt
[    1.064472] dynamic_debug:ddebug_change: changed arch/x86/kernel/apic/vector.c:789 [vector]print_local_APIC =pmflt
[    1.064645] dynamic_debug:ddebug_change: changed arch/x86/kernel/apic/vector.c:782 [vector]print_local_APIC =pmflt
[    1.064820] dynamic_debug:ddebug_change: changed arch/x86/kernel/apic/vector.c:773 [vector]print_local_APIC =pmflt
[    1.065057] dynamic_debug:vpr_info_dq: applied: func="" file="arch/x86/kernel/apic/*" module="" format="" lineno=0-0
[    1.065262] dynamic_debug:ddebug_exec_queries: query 1: "file drivers/video/* +pflmt "
[    1.065419] dynamic_debug:ddebug_tokenize: split into words: "file" "drivers/video/*" "+pflmt"
[    1.065648] dynamic_debug:ddebug_parse_flags: op='+'
[    1.065772] dynamic_debug:ddebug_parse_flags: flags=0x1f
[    1.065894] dynamic_debug:ddebug_parse_flags: *flagsp=0x1f *maskp=0xffffffff
[    1.066014] dynamic_debug:vpr_info_dq: parsed: func="" file="drivers/video/*" module="" format="" lineno=0-0
[    1.066221] dynamic_debug:ddebug_change: changed drivers/video/backlight/backlight.c:333 [backlight]backlight_device_register =pmflt
[    1.066437] dynamic_debug:ddebug_change: changed drivers/video/backlight/backlight.c:177 [backlight]backlight_device_set_brightness =pmflt
[    1.066602] dynamic_debug:ddebug_change: changed drivers/video/backlight/backlight.c:146 [backlight]bl_power_store =pmflt
[    1.066768] dynamic_debug:ddebug_change: changed drivers/video/fbdev/core/fbmon.c:1082 [fb]fb_edid_add_monspecs =pmflt
[    1.066931] dynamic_debug:ddebug_change: changed drivers/video/fbdev/core/fbmon.c:1070 [fb]fb_edid_add_monspecs =pmflt
[    1.067095] dynamic_debug:ddebug_change: changed drivers/video/fbdev/core/fbmon.c:1033 [fb]fb_edid_add_monspecs =pmflt
[    1.067259] dynamic_debug:ddebug_change: changed drivers/video/fbdev/core/fbmon.c:1027 [fb]fb_edid_add_monspecs =pmflt
[    1.067590] dynamic_debug:vpr_info_dq: applied: func="" file="drivers/video/*" module="" format="" lineno=0-0
[    1.067805] dynamic_debug:ddebug_exec_queries: query 2: "file drivers/input/* -pflmt "
[    1.067966] dynamic_debug:ddebug_tokenize: split into words: "file" "drivers/input/*" "-pflmt"
[    1.068196] dynamic_debug:ddebug_parse_flags: op='-'
[    1.068314] dynamic_debug:ddebug_parse_flags: flags=0x1f
[    1.068433] dynamic_debug:ddebug_parse_flags: *flagsp=0x0 *maskp=0xffffffe0
[    1.068553] dynamic_debug:vpr_info_dq: parsed: func="" file="drivers/input/*" module="" format="" lineno=0-0
[    1.068887] dynamic_debug:vpr_info_dq: applied: func="" file="drivers/input/*" module="" format="" lineno=0-0
[    1.069099] dynamic_debug:ddebug_exec_queries: query 3: "file drivers/acpi/* -pflmt"
[    1.069261] dynamic_debug:ddebug_tokenize: split into words: "file" "drivers/acpi/*" "-pflmt"
[    1.069490] dynamic_debug:ddebug_parse_flags: op='-'
[    1.069609] dynamic_debug:ddebug_parse_flags: flags=0x1f
[    1.069731] dynamic_debug:ddebug_parse_flags: *flagsp=0x0 *maskp=0xffffffe0
[    1.069850] dynamic_debug:vpr_info_dq: parsed: func="" file="drivers/acpi/*" module="" format="" lineno=0-0
[    1.070035] dynamic_debug:ddebug_change: changed drivers/acpi/tables.c:211 [tables]acpi_table_print_madt_entry =_
[    1.070198] dynamic_debug:ddebug_change: changed drivers/acpi/tables.c:200 [tables]acpi_table_print_madt_entry =_
[    1.070365] dynamic_debug:ddebug_change: changed drivers/acpi/tables.c:177 [tables]acpi_table_print_madt_entry =_
[    1.070528] dynamic_debug:ddebug_change: changed drivers/acpi/tables.c:167 [tables]acpi_table_print_madt_entry =_
[    1.070701] dynamic_debug:ddebug_change: changed drivers/acpi/tables.c:92 [tables]acpi_table_print_madt_entry =_
[    1.070876] dynamic_debug:ddebug_change: changed drivers/acpi/tables.c:83 [tables]acpi_table_print_madt_entry =_
[    1.071042] dynamic_debug:ddebug_change: changed drivers/acpi/tables.c:73 [tables]acpi_table_print_madt_entry =_
[    1.071207] dynamic_debug:ddebug_change: changed drivers/acpi/osl.c:1644 [acpi]acpi_os_initialize =_
[    1.071369] dynamic_debug:ddebug_change: changed drivers/acpi/device_pm.c:734 [acpi]acpi_pm_device_run_wake =_
[    1.071532] dynamic_debug:ddebug_change: changed drivers/acpi/device_pm.c:633 [acpi]acpi_pm_device_sleep_state =_
[    1.071696] dynamic_debug:ddebug_change: changed drivers/acpi/bus.c:190 [acpi]acpi_print_osc_error =_
[    1.071860] dynamic_debug:ddebug_change: changed drivers/acpi/bus.c:188 [acpi]acpi_print_osc_error =_
[    1.072022] dynamic_debug:ddebug_change: changed drivers/acpi/bus.c:186 [acpi]acpi_print_osc_error =_
[    1.072192] dynamic_debug:ddebug_change: changed drivers/acpi/scan.c:1640 [acpi]acpi_device_dep_initialize =_
[    1.072363] dynamic_debug:ddebug_change: changed drivers/acpi/scan.c:1630 [acpi]acpi_device_dep_initialize =_
[    1.072531] dynamic_debug:ddebug_change: changed drivers/acpi/resource.c:230 [acpi]acpi_decode_space =_
[    1.072693] dynamic_debug:ddebug_change: changed drivers/acpi/resource.c:217 [acpi]acpi_decode_space =_
[    1.072857] dynamic_debug:ddebug_change: changed drivers/acpi/resource.c:61 [acpi]acpi_dev_resource_len_valid =_
[    1.073021] dynamic_debug:ddebug_change: changed drivers/acpi/ec.c:1557 [acpi]ec_correct_ecdt =_
[    1.073183] dynamic_debug:ddebug_change: changed drivers/acpi/ec.c:1544 [acpi]ec_clear_on_resume =_
[    1.073345] dynamic_debug:ddebug_change: changed drivers/acpi/ec.c:1165 [acpi]acpi_ec_event_handler =_
[    1.073502] dynamic_debug:ddebug_change: changed drivers/acpi/ec.c:1143 [acpi]acpi_ec_event_handler =_
[    1.073666] dynamic_debug:ddebug_change: changed drivers/acpi/ec.c:1108 [acpi]acpi_ec_query =_
[    1.073830] dynamic_debug:ddebug_change: changed drivers/acpi/ec.c:1106 [acpi]acpi_ec_query =_
[    1.074001] dynamic_debug:ddebug_change: changed drivers/acpi/ec.c:1066 [acpi]acpi_ec_event_processor =_
[    1.074169] dynamic_debug:ddebug_change: changed drivers/acpi/ec.c:1061 [acpi]acpi_ec_event_processor =_
[    1.074331] dynamic_debug:ddebug_change: changed drivers/acpi/ec.c:898 [acpi]acpi_ec_stop =_
[    1.074489] dynamic_debug:ddebug_change: changed drivers/acpi/ec.c:890 [acpi]acpi_ec_stop =_
[    1.074649] dynamic_debug:ddebug_change: changed drivers/acpi/ec.c:866 [acpi]acpi_ec_start =_
[    1.074810] dynamic_debug:ddebug_change: changed drivers/acpi/ec.c:862 [acpi]acpi_ec_start =_
[    1.076729] dynamic_debug:ddebug_change: changed drivers/acpi/ec.c:703 [acpi]acpi_ec_transaction_unlocked =_
[    1.076899] dynamic_debug:ddebug_change: changed drivers/acpi/ec.c:699 [acpi]acpi_ec_transaction_unlocked =_
[    1.077066] dynamic_debug:ddebug_change: changed drivers/acpi/ec.c:690 [acpi]acpi_ec_transaction_unlocked =_
[    1.077228] dynamic_debug:ddebug_change: changed drivers/acpi/ec.c:687 [acpi]acpi_ec_transaction_unlocked =_
[    1.077388] dynamic_debug:ddebug_change: changed drivers/acpi/ec.c:666 [acpi]ec_poll =_
[    1.077547] dynamic_debug:ddebug_change: changed drivers/acpi/ec.c:561 [acpi]advance_transaction =_
[    1.077708] dynamic_debug:ddebug_change: changed drivers/acpi/ec.c:525 [acpi]advance_transaction =_
[    1.077871] dynamic_debug:ddebug_change: changed drivers/acpi/ec.c:445 [acpi]acpi_ec_complete_query =_
[    1.078033] dynamic_debug:ddebug_change: changed drivers/acpi/ec.c:434 [acpi]acpi_ec_submit_query =_
[    1.078195] dynamic_debug:ddebug_change: changed drivers/acpi/ec.c:407 [acpi]acpi_ec_clear_storm =_
[    1.078361] dynamic_debug:ddebug_change: changed drivers/acpi/ec.c:397 [acpi]acpi_ec_set_storm =_
[    1.078538] dynamic_debug:ddebug_change: changed drivers/acpi/ec.c:336 [acpi]acpi_ec_enable_gpe =_
[    1.078712] dynamic_debug:ddebug_change: changed drivers/acpi/ec.c:284 [acpi]acpi_ec_write_data =_
[    1.078883] dynamic_debug:ddebug_change: changed drivers/acpi/ec.c:277 [acpi]acpi_ec_write_cmd =_
[    1.079047] dynamic_debug:ddebug_change: changed drivers/acpi/ec.c:271 [acpi]acpi_ec_read_data =_
[    1.079213] dynamic_debug:ddebug_change: changed drivers/acpi/ec.c:262 [acpi]acpi_ec_read_status =_
[    1.079375] dynamic_debug:ddebug_change: changed drivers/acpi/pci_root.c:770 [acpi]acpi_pci_probe_root_resources =_
[    1.079538] dynamic_debug:ddebug_change: changed drivers/acpi/pci_root.c:339 [acpi]acpi_get_pci_dev =_
[    1.079700] dynamic_debug:ddebug_change: changed drivers/acpi/pci_irq.c:526 [acpi]acpi_pci_irq_disable =_
[    1.079865] dynamic_debug:ddebug_change: changed drivers/acpi/pci_irq.c:486 [acpi]acpi_pci_irq_enable =_
[    1.080031] dynamic_debug:ddebug_change: changed drivers/acpi/acpi_platform.c:103 [acpi]acpi_create_platform_device =_
[    1.080204] dynamic_debug:ddebug_change: changed drivers/acpi/numa.c:181 [acpi]acpi_table_print_srat_entry =_
[    1.080376] dynamic_debug:ddebug_change: changed drivers/acpi/numa.c:169 [acpi]acpi_table_print_srat_entry =_
[    1.080540] dynamic_debug:ddebug_change: changed drivers/acpi/numa.c:157 [acpi]acpi_table_print_srat_entry =_
[    1.080705] dynamic_debug:ddebug_change: changed drivers/acpi/numa.c:140 [acpi]acpi_table_print_srat_entry =_
[    1.080868] dynamic_debug:ddebug_change: changed drivers/acpi/fan.c:359 [fan]acpi_fan_probe =_
[    1.081030] dynamic_debug:ddebug_change: changed drivers/acpi/fan.c:195 [fan]fan_set_state_acpi4 =_
[    1.081191] dynamic_debug:ddebug_change: changed drivers/acpi/fan.c:136 [fan]fan_get_state_acpi4 =_
[    1.081354] dynamic_debug:ddebug_change: changed drivers/acpi/acpi_video.c:1759 [video]acpi_video_should_register_backlight =_
[    1.081518] dynamic_debug:ddebug_change: changed drivers/acpi/pci_slot.c:136 [pci_slot]register_slot =_
[    1.081689] dynamic_debug:ddebug_change: changed drivers/acpi/pci_slot.c:81 [pci_slot]check_slot =_
[    1.081863] dynamic_debug:ddebug_change: changed drivers/acpi/pci_slot.c:73 [pci_slot]check_slot =_
[    1.082027] dynamic_debug:ddebug_change: changed drivers/acpi/pci_slot.c:61 [pci_slot]check_slot =_
[    1.082189] dynamic_debug:ddebug_change: changed drivers/acpi/processor_driver.c:184 [processor]acpi_pss_perf_init =_
[    1.082354] dynamic_debug:ddebug_change: changed drivers/acpi/processor_idle.c:1443 [processor]acpi_processor_power_init =_
[    1.082518] dynamic_debug:ddebug_change: changed drivers/acpi/processor_idle.c:1039 [processor]acpi_processor_evaluate_lpi =_
[    1.082682] dynamic_debug:ddebug_change: changed drivers/acpi/processor_idle.c:1034 [processor]acpi_processor_evaluate_lpi =_
[    1.082848] dynamic_debug:ddebug_change: changed drivers/acpi/processor_idle.c:981 [processor]acpi_processor_evaluate_lpi =_
[    1.083012] dynamic_debug:ddebug_change: changed drivers/acpi/processor_idle.c:972 [processor]acpi_processor_evaluate_lpi =_
[    1.083187] dynamic_debug:ddebug_change: changed drivers/acpi/processor_perflib.c:138 [processor]acpi_processor_get_platform_limit =_
[    1.083474] dynamic_debug:vpr_info_dq: applied: func="" file="drivers/acpi/*" module="" format="" lineno=0-0
[    1.083679] dynamic_debug:ddebug_exec_queries: processed 4 queries, with 132 matches, 0 errs
[    1.083838] dynamic_debug:ddebug_dyndbg_boot_param_cb: acpi_backlight="vendor"
[    1.083995] dynamic_debug:ddebug_dyndbg_boot_param_cb: radeon.audio="0"
[    1.084115] dynamic_debug:ddebug_dyndbg_boot_param_cb: radeon.lockup_timeout="999000"
[    1.084272] dynamic_debug:ddebug_dyndbg_boot_param_cb: radeon.test="0"
[    1.084396] dynamic_debug:ddebug_dyndbg_boot_param_cb: radeon.agpmode="-1"
[    1.084515] dynamic_debug:ddebug_dyndbg_boot_param_cb: radeon.benchmark="0"
[    1.084638] dynamic_debug:ddebug_dyndbg_boot_param_cb: radeon.tv="0"
[    1.084763] dynamic_debug:ddebug_dyndbg_boot_param_cb: radeon.hard_reset="1"
[    1.084887] dynamic_debug:ddebug_dyndbg_boot_param_cb: radeon.msi="1"
[    1.085008] dynamic_debug:ddebug_dyndbg_boot_param_cb: radeon.pcie_gen2="-1"
[    1.085127] dynamic_debug:ddebug_dyndbg_boot_param_cb: radeon.no_wb="1"
[    1.085246] dynamic_debug:ddebug_dyndbg_boot_param_cb: radeon.dynclks="0"
[    1.085366] dynamic_debug:ddebug_dyndbg_boot_param_cb: radeon.r4xx_atom="0"
[    1.085485] dynamic_debug:ddebug_dyndbg_boot_param_cb: radeonfb="(null)"
[    1.085604] dynamic_debug:ddebug_dyndbg_boot_param_cb: radeon.fastfb="1"
[    1.085724] dynamic_debug:ddebug_dyndbg_boot_param_cb: radeon.dpm="1"
[    1.085843] dynamic_debug:ddebug_dyndbg_boot_param_cb: radeon.runpm="1"
[    1.085962] dynamic_debug:ddebug_dyndbg_boot_param_cb: rd.debug="(null)"
[    1.086081] dynamic_debug:ddebug_dyndbg_boot_param_cb: rd.udev.debug="(null)"
[    1.086206] dynamic_debug:ddebug_dyndbg_boot_param_cb: rd.memdebug="3"
[    1.086329] dynamic_debug:ddebug_dyndbg_boot_param_cb: net.ifnames="1"
[    1.086452] dynamic_debug:ddebug_dyndbg_boot_param_cb: slub_debug="U"
[    1.086573] dynamic_debug:ddebug_dyndbg_boot_param_cb: pax_sanitize_slab="full"
[    1.086732] dynamic_debug:ddebug_dyndbg_boot_param_cb: noefi="(null)"
[    1.086851] dynamic_debug:ddebug_dyndbg_boot_param_cb: nolvm="(null)"
[    1.086970] dynamic_debug:ddebug_dyndbg_boot_param_cb: dobtrfs="(null)"
[    1.087089] dynamic_debug:ddebug_dyndbg_boot_param_cb: console="tty1"
[    1.087208] dynamic_debug:ddebug_dyndbg_boot_param_cb: earlyprintk="vga"
[    1.087327] dynamic_debug:ddebug_dyndbg_boot_param_cb: CPUunderclocking="(null)"
[    1.087483] dynamic_debug:ddebug_dyndbg_boot_param_cb: radeon.modeset="1"
[    1.087602] dynamic_debug:ddebug_dyndbg_boot_param_cb: audit="0"
[    1.087725] dynamic_debug:ddebug_dyndbg_boot_param_cb: systemd.log_target="kmsg"
[    1.087886] dynamic_debug:ddebug_dyndbg_boot_param_cb: enforcing="0"
[    1.088006] dynamic_debug:ddebug_dyndbg_boot_param_cb: pcie_aspm="off"
[    1.088128] dynamic_debug:ddebug_dyndbg_boot_param_cb: radeon.aspm="0"
[    1.088248] dynamic_debug:ddebug_dyndbg_boot_param_cb: udev.children-max="1256"
[    1.088412] dynamic_debug:ddebug_dyndbg_boot_param_cb: rd.udev.children-max="1256"
[    1.088649] MCE: In-kernel MCE decoding enabled.
[    1.090092] NMI watchdog: enabled on all CPUs, permanently consumes one hw-PMU counter.
[    1.090908] started {early_reset_EHCIs kernel/smp.c:1294}
[    1.091096] early_pci_allowed {early_reset_EHCIs kernel/smp.c:1300}
[    1.091386] Found EHCI on 00:12.2 {kline kernel/smp.c:1220}
[    1.091511] bar_val: f014a900 {kline kernel/smp.c:1223}
[    1.091639] ehci_bar: ffffffffff7fe900 {kline kernel/smp.c:1245}
[    1.091771] n_ports:    5 {kline kernel/smp.c:1252}
[    1.091896] FLAG_CF was already set which likely means BIOS USB Legacy is Disabled. {ehci_status kernel/smp.c:1036}
[    1.092067]   ehci cmd     : 00080B00 {ehci_status kernel/smp.c:1038}
[    1.092193]   ehci conf flg: 00000001 {ehci_status kernel/smp.c:1039}
[    1.092319]   ehci status  : 0000100C {ehci_status kernel/smp.c:1040}
[    1.092445] port 1 status 00001000 {ehci_status kernel/smp.c:1043}
[    1.092570] port 2 status 00001000 {ehci_status kernel/smp.c:1043}
[    1.092692] port 3 status 00001000 {ehci_status kernel/smp.c:1043}
[    1.092814] port 4 status 00001000 {ehci_status kernel/smp.c:1043}
[    1.092884] port 5 status 00001000 {ehci_status kernel/smp.c:1043}
[    1.093002] ended {kline kernel/smp.c:1285}
[    1.093082] Found EHCI on 00:13.2 {kline kernel/smp.c:1220}
[    1.093201] bar_val: f014a800 {kline kernel/smp.c:1223}
[    1.093271] ehci_bar: ffffffffff7fe800 {kline kernel/smp.c:1245}
[    1.093392] n_ports:    5 {kline kernel/smp.c:1252}
[    1.093463] FLAG_CF was already set which likely means BIOS USB Legacy is Disabled. {ehci_status kernel/smp.c:1036}
[    1.093621]   ehci cmd     : 00080B00 {ehci_status kernel/smp.c:1038}
[    1.093742]   ehci conf flg: 00000001 {ehci_status kernel/smp.c:1039}
[    1.093862]   ehci status  : 0000100C {ehci_status kernel/smp.c:1040}
[    1.093984] port 1 status 00001803 {ehci_status kernel/smp.c:1043}
[    1.094104] port 2 status 00001000 {ehci_status kernel/smp.c:1043}
[    1.094228] port 3 status 00001803 {ehci_status kernel/smp.c:1043}
[    1.094350] port 4 status 00001000 {ehci_status kernel/smp.c:1043}
[    1.094474] port 5 status 00001000 {ehci_status kernel/smp.c:1043}
[    1.094594] ended {kline kernel/smp.c:1285}
[    1.164908] ended, failed 0 times {early_reset_EHCIs kernel/smp.c:1313}
[    1.165028] All EHCI controllers were reset. {smp_init kernel/smp.c:1333}
[    1.168921] smpboot: ++++++++++++++++++++=_---CPU UP  1
[    1.169113] x86: Booting SMP configuration:
[    1.169239] .... node  #0, CPUs:      #1
[    1.169343] smpboot: Setting warm reset code and vector.
[    1.169591] smpboot: 1.
[    1.169721] smpboot: 2.
[    1.169845] smpboot: 3.
[    1.169969] smpboot: Asserting INIT
[    1.170094] smpboot: Waiting for send to finish...
[    1.170220] smpboot: Deasserting INIT
[    1.170344] smpboot: Waiting for send to finish...
[    1.170470] smpboot: #startup loops: 2
[    1.170594] smpboot: Sending STARTUP #1
[    1.170721] smpboot: After apic_write
[    1.170856] smpboot: Startup point 1
[    1.173026] smpboot: Waiting for send to finish...
[    1.173161] smpboot: Sending STARTUP #2
[    1.173286] smpboot: After apic_write
[    1.173421] smpboot: Startup point 1
[    1.173546] smpboot: Waiting for send to finish...
[    1.173683] smpboot: After Startup
[    1.078206] masked ExtINT on CPU#1
[    1.078223] [Firmware Info]: CPU: 'AMD A6-3400M APU with Radeon(tm) HD Graphics' has AMD errata 665 Integer Divide Instruction May Cause Unpredictable Behavior.'
[    1.078225] [Firmware Info]: CPU: Double-checked CPU type. 'AMD A6-3400M APU with Radeon(tm) HD Graphics'
[    1.078226] [Firmware Info]: CPU: Setting workaround for 665...(set 'no665wo' in /proc/cmdline to disable)
[    1.138056] smpboot: Stack at about ffff8bc8cbb33f30
[    1.235760] TSC synchronization [CPU#0 -> CPU#1]:
[    1.236754] Measured 133650716 cycles TSC warp between CPUs, turning off TSC clock.
[    1.236930] tsc: Marking TSC unstable due to check_tsc_sync_source failed
[    1.240734] smpboot: ++++++++++++++++++++=_---CPU UP  2
[    1.240930]  #2
[    1.240966] smpboot: Setting warm reset code and vector.
[    1.241215] smpboot: 1.
[    1.241337] smpboot: 2.
[    1.241458] smpboot: 3.
[    1.241582] smpboot: Asserting INIT
[    1.241710] smpboot: Waiting for send to finish...
[    1.241835] smpboot: Deasserting INIT
[    1.241959] smpboot: Waiting for send to finish...
[    1.242085] smpboot: #startup loops: 2
[    1.242208] smpboot: Sending STARTUP #1
[    1.242332] smpboot: After apic_write
[    1.242466] smpboot: Startup point 1
[    1.242588] smpboot: Waiting for send to finish...
[    1.242725] smpboot: Sending STARTUP #2
[    1.242849] smpboot: After apic_write
[    1.242981] smpboot: Startup point 1
[    1.243105] smpboot: Waiting for send to finish...
[    1.243239] smpboot: After Startup
[    1.113861] masked ExtINT on CPU#2
[    1.113876] [Firmware Info]: CPU: 'AMD A6-3400M APU with Radeon(tm) HD Graphics' has AMD errata 665 Integer Divide Instruction May Cause Unpredictable Behavior.'
[    1.113877] [Firmware Info]: CPU: Double-checked CPU type. 'AMD A6-3400M APU with Radeon(tm) HD Graphics'
[    1.113877] [Firmware Info]: CPU: Setting workaround for 665...(set 'no665wo' in /proc/cmdline to disable)
[    1.173172] smpboot: Stack at about ffff8bc8cbb37f30
[    1.195028] smpboot: ++++++++++++++++++++=_---CPU UP  3
[    1.196007]  #3
[    1.196043] smpboot: Setting warm reset code and vector.
[    1.196293] smpboot: 1.
[    1.196420] smpboot: 2.
[    1.196546] smpboot: 3.
[    1.196673] smpboot: Asserting INIT
[    1.196745] smpboot: Waiting for send to finish...
[    1.196867] smpboot: Deasserting INIT
[    1.196935] smpboot: Waiting for send to finish...
[    1.197001] smpboot: #startup loops: 2
[    1.197069] smpboot: Sending STARTUP #1
[    1.197137] smpboot: After apic_write
[    1.197216] smpboot: Startup point 1
[    1.197323] smpboot: Waiting for send to finish...
[    1.197454] smpboot: Sending STARTUP #2
[    1.197575] smpboot: After apic_write
[    1.197705] smpboot: Startup point 1
[    1.197776] smpboot: Waiting for send to finish...
[    1.197906] smpboot: After Startup
[    0.002000] masked ExtINT on CPU#3
[    0.002000] [Firmware Info]: CPU: 'AMD A6-3400M APU with Radeon(tm) HD Graphics' has AMD errata 665 Integer Divide Instruction May Cause Unpredictable Behavior.'
[    0.002000] [Firmware Info]: CPU: Double-checked CPU type. 'AMD A6-3400M APU with Radeon(tm) HD Graphics'
[    0.002000] [Firmware Info]: CPU: Setting workaround for 665...(set 'no665wo' in /proc/cmdline to disable)
[    0.002000] smpboot: Stack at about ffff8bc8cbb43f30
[    1.258151] x86: Booted up 1 node, 4 CPUs
[    1.259131] CPUunderclocking: activating(?)=1 {apply_underclocking_if_needed kernel/smp.c:946}
[    1.259308] CPUunderclocking: activating... {apply_underclocking_if_needed kernel/smp.c:948}
[    1.259487] CPUunderclocking:   !! Rdmsr(1of2): core:0 idx:c0010064 ... {Rdmsr kernel/smp.c:696}
[    1.259665] CPUunderclocking:     !! Rdmsr(2of2): core:0 idx:c0010064 done. (resultx==8000017d000025e2 hi:8000017d lo:000025e2) {Rdmsr kernel/smp.c:712}
[    1.259826] CPUunderclocking:   !! Rdmsr(1of2): core:1 idx:c0010064 ... {Rdmsr kernel/smp.c:696}
[    1.260006] CPUunderclocking:     !! Rdmsr(2of2): core:1 idx:c0010064 done. (resultx==8000017d000025e2 hi:8000017d lo:000025e2) {Rdmsr kernel/smp.c:712}
[    1.260174] CPUunderclocking:   !! Rdmsr(1of2): core:2 idx:c0010064 ... {Rdmsr kernel/smp.c:696}
[    1.260344] CPUunderclocking:     !! Rdmsr(2of2): core:2 idx:c0010064 done. (resultx==8000017d000025e2 hi:8000017d lo:000025e2) {Rdmsr kernel/smp.c:712}
[    1.260513] CPUunderclocking:   !! Rdmsr(1of2): core:3 idx:c0010064 ... {Rdmsr kernel/smp.c:696}
[    1.260682] CPUunderclocking:     !! Rdmsr(2of2): core:3 idx:c0010064 done. (resultx==8000017d000025e2 hi:8000017d lo:000025e2) {Rdmsr kernel/smp.c:712}
[    1.260844] CPUunderclocking: !! Write(1of3) PState0 read : fid:30 did:2 vid:18 Multi:N/A {WritePState kernel/smp.c:854}
[    1.261002] CPUunderclocking: !! Write(2of3) PState0 write:6 did:0 vid:37 (multi:22) ... {WritePState kernel/smp.c:882}
[    1.261167] CPUunderclocking:   !! Wrmsr(before write): core:0/64 idx:c0010064 valx:8000017d00004a60 ...  {Wrmsr kernel/smp.c:637}
[    1.261335] CPUunderclocking:     !! Wrmsr(after write): done. {Wrmsr kernel/smp.c:676}
[    1.261500] CPUunderclocking:   !! Wrmsr(before write): core:1/64 idx:c0010064 valx:8000017d00004a60 ...  {Wrmsr kernel/smp.c:637}
[    1.261671] CPUunderclocking:     !! Wrmsr(after write): done. {Wrmsr kernel/smp.c:676}
[    1.261829] CPUunderclocking:   !! Wrmsr(before write): core:2/64 idx:c0010064 valx:8000017d00004a60 ...  {Wrmsr kernel/smp.c:637}
[    1.262004] CPUunderclocking:     !! Wrmsr(after write): done. {Wrmsr kernel/smp.c:676}
[    1.262171] CPUunderclocking:   !! Wrmsr(before write): core:3/64 idx:c0010064 valx:8000017d00004a60 ...  {Wrmsr kernel/smp.c:637}
[    1.262339] CPUunderclocking:     !! Wrmsr(after write): done. {Wrmsr kernel/smp.c:676}
[    1.262500] CPUunderclocking: !! Write(3of3) PState0 done. status:0 (0=success) {WritePState kernel/smp.c:884}
[    1.262661] CPUunderclocking:   !! Rdmsr(1of2): core:0 idx:c0010065 ... {Rdmsr kernel/smp.c:696}
[    1.262817] CPUunderclocking:     !! Rdmsr(2of2): core:0 idx:c0010065 done. (resultx==8000014000004fa3 hi:80000140 lo:00004fa3) {Rdmsr kernel/smp.c:712}
[    1.262980] CPUunderclocking:   !! Rdmsr(1of2): core:1 idx:c0010065 ... {Rdmsr kernel/smp.c:696}
[    1.263006] CPUunderclocking:     !! Rdmsr(2of2): core:1 idx:c0010065 done. (resultx==8000014000004fa3 hi:80000140 lo:00004fa3) {Rdmsr kernel/smp.c:712}
[    1.263172] CPUunderclocking:   !! Rdmsr(1of2): core:2 idx:c0010065 ... {Rdmsr kernel/smp.c:696}
[    1.263338] CPUunderclocking:     !! Rdmsr(2of2): core:2 idx:c0010065 done. (resultx==8000014000004fa3 hi:80000140 lo:00004fa3) {Rdmsr kernel/smp.c:712}
[    1.263501] CPUunderclocking:   !! Rdmsr(1of2): core:3 idx:c0010065 ... {Rdmsr kernel/smp.c:696}
[    1.263660] CPUunderclocking:     !! Rdmsr(2of2): core:3 idx:c0010065 done. (resultx==8000014000004fa3 hi:80000140 lo:00004fa3) {Rdmsr kernel/smp.c:712}
[    1.263821] CPUunderclocking: !! Write(1of3) PState1 read : fid:26 did:3 vid:39 Multi:N/A {WritePState kernel/smp.c:854}
[    1.264003] CPUunderclocking: !! Write(2of3) PState1 write:4 did:0 vid:42 (multi:20) ... {WritePState kernel/smp.c:882}
[    1.264166] CPUunderclocking:   !! Wrmsr(before write): core:0/64 idx:c0010065 valx:8000014000005440 ...  {Wrmsr kernel/smp.c:637}
[    1.264332] CPUunderclocking:     !! Wrmsr(after write): done. {Wrmsr kernel/smp.c:676}
[    1.264488] CPUunderclocking:   !! Wrmsr(before write): core:1/64 idx:c0010065 valx:8000014000005440 ...  {Wrmsr kernel/smp.c:637}
[    1.264649] CPUunderclocking:     !! Wrmsr(after write): done. {Wrmsr kernel/smp.c:676}
[    1.264805] CPUunderclocking:   !! Wrmsr(before write): core:2/64 idx:c0010065 valx:8000014000005440 ...  {Wrmsr kernel/smp.c:637}
[    1.265004] CPUunderclocking:     !! Wrmsr(after write): done. {Wrmsr kernel/smp.c:676}
[    1.265161] CPUunderclocking:   !! Wrmsr(before write): core:3/64 idx:c0010065 valx:8000014000005440 ...  {Wrmsr kernel/smp.c:637}
[    1.265324] CPUunderclocking:     !! Wrmsr(after write): done. {Wrmsr kernel/smp.c:676}
[    1.265479] CPUunderclocking: !! Write(3of3) PState1 done. status:0 (0=success) {WritePState kernel/smp.c:884}
[    1.265635] CPUunderclocking:   !! Rdmsr(1of2): core:0 idx:c0010066 ... {Rdmsr kernel/smp.c:696}
[    1.265792] CPUunderclocking:     !! Rdmsr(2of2): core:0 idx:c0010066 done. (resultx==8000013700005573 hi:80000137 lo:00005573) {Rdmsr kernel/smp.c:712}
[    1.266001] CPUunderclocking:   !! Rdmsr(1of2): core:1 idx:c0010066 ... {Rdmsr kernel/smp.c:696}
[    1.266162] CPUunderclocking:     !! Rdmsr(2of2): core:1 idx:c0010066 done. (resultx==8000013700005573 hi:80000137 lo:00005573) {Rdmsr kernel/smp.c:712}
[    1.266323] CPUunderclocking:   !! Rdmsr(1of2): core:2 idx:c0010066 ... {Rdmsr kernel/smp.c:696}
[    1.266484] CPUunderclocking:     !! Rdmsr(2of2): core:2 idx:c0010066 done. (resultx==8000013700005573 hi:80000137 lo:00005573) {Rdmsr kernel/smp.c:712}
[    1.266649] CPUunderclocking:   !! Rdmsr(1of2): core:3 idx:c0010066 ... {Rdmsr kernel/smp.c:696}
[    1.266812] CPUunderclocking:     !! Rdmsr(2of2): core:3 idx:c0010066 done. (resultx==8000013700005573 hi:80000137 lo:00005573) {Rdmsr kernel/smp.c:712}
[    1.267002] CPUunderclocking: !! Write(1of3) PState2 read : fid:23 did:3 vid:42 Multi:N/A {WritePState kernel/smp.c:854}
[    1.267166] CPUunderclocking: !! Write(2of3) PState2 write:2 did:0 vid:47 (multi:18) ... {WritePState kernel/smp.c:882}
[    1.267327] CPUunderclocking:   !! Wrmsr(before write): core:0/64 idx:c0010066 valx:8000013700005e20 ...  {Wrmsr kernel/smp.c:637}
[    1.268002] CPUunderclocking:     !! Wrmsr(after write): done. {Wrmsr kernel/smp.c:676}
[    1.268161] CPUunderclocking:   !! Wrmsr(before write): core:1/64 idx:c0010066 valx:8000013700005e20 ...  {Wrmsr kernel/smp.c:637}
[    1.268327] CPUunderclocking:     !! Wrmsr(after write): done. {Wrmsr kernel/smp.c:676}
[    1.268486] CPUunderclocking:   !! Wrmsr(before write): core:2/64 idx:c0010066 valx:8000013700005e20 ...  {Wrmsr kernel/smp.c:637}
[    1.269004] CPUunderclocking:     !! Wrmsr(after write): done. {Wrmsr kernel/smp.c:676}
[    1.269163] CPUunderclocking:   !! Wrmsr(before write): core:3/64 idx:c0010066 valx:8000013700005e20 ...  {Wrmsr kernel/smp.c:637}
[    1.269327] CPUunderclocking:     !! Wrmsr(after write): done. {Wrmsr kernel/smp.c:676}
[    1.269486] CPUunderclocking: !! Write(3of3) PState2 done. status:0 (0=success) {WritePState kernel/smp.c:884}
[    1.269647] CPUunderclocking:   !! Rdmsr(1of2): core:0 idx:c0010067 ... {Rdmsr kernel/smp.c:696}
[    1.269808] CPUunderclocking:     !! Rdmsr(2of2): core:0 idx:c0010067 done. (resultx==8000013200005b43 hi:80000132 lo:00005b43) {Rdmsr kernel/smp.c:712}
[    1.270001] CPUunderclocking:   !! Rdmsr(1of2): core:1 idx:c0010067 ... {Rdmsr kernel/smp.c:696}
[    1.270167] CPUunderclocking:     !! Rdmsr(2of2): core:1 idx:c0010067 done. (resultx==8000013200005b43 hi:80000132 lo:00005b43) {Rdmsr kernel/smp.c:712}
[    1.270329] CPUunderclocking:   !! Rdmsr(1of2): core:2 idx:c0010067 ... {Rdmsr kernel/smp.c:696}
[    1.270492] CPUunderclocking:     !! Rdmsr(2of2): core:2 idx:c0010067 done. (resultx==8000013200005b43 hi:80000132 lo:00005b43) {Rdmsr kernel/smp.c:712}
[    1.270657] CPUunderclocking:   !! Rdmsr(1of2): core:3 idx:c0010067 ... {Rdmsr kernel/smp.c:696}
[    1.270822] CPUunderclocking:     !! Rdmsr(2of2): core:3 idx:c0010067 done. (resultx==8000013200005b43 hi:80000132 lo:00005b43) {Rdmsr kernel/smp.c:712}
[    1.271002] CPUunderclocking: !! Write(1of3) PState3 read : fid:20 did:3 vid:45 Multi:N/A {WritePState kernel/smp.c:854}
[    1.271166] CPUunderclocking: !! Write(2of3) PState3 write:1 did:0 vid:49 (multi:17) ... {WritePState kernel/smp.c:882}
[    1.271326] CPUunderclocking:   !! Wrmsr(before write): core:0/64 idx:c0010067 valx:8000013200006210 ...  {Wrmsr kernel/smp.c:637}
[    1.271487] CPUunderclocking:     !! Wrmsr(after write): done. {Wrmsr kernel/smp.c:676}
[    1.271646] CPUunderclocking:   !! Wrmsr(before write): core:1/64 idx:c0010067 valx:8000013200006210 ...  {Wrmsr kernel/smp.c:637}
[    1.271811] CPUunderclocking:     !! Wrmsr(after write): done. {Wrmsr kernel/smp.c:676}
[    1.272002] CPUunderclocking:   !! Wrmsr(before write): core:2/64 idx:c0010067 valx:8000013200006210 ...  {Wrmsr kernel/smp.c:637}
[    1.272168] CPUunderclocking:     !! Wrmsr(after write): done. {Wrmsr kernel/smp.c:676}
[    1.272327] CPUunderclocking:   !! Wrmsr(before write): core:3/64 idx:c0010067 valx:8000013200006210 ...  {Wrmsr kernel/smp.c:637}
[    1.272491] CPUunderclocking:     !! Wrmsr(after write): done. {Wrmsr kernel/smp.c:676}
[    1.272649] CPUunderclocking: !! Write(3of3) PState3 done. status:0 (0=success) {WritePState kernel/smp.c:884}
[    1.272811] CPUunderclocking:   !! Rdmsr(1of2): core:0 idx:c0010068 ... {Rdmsr kernel/smp.c:696}
[    1.272972] CPUunderclocking:     !! Rdmsr(2of2): core:0 idx:c0010068 done. (resultx==8000012e00005d13 hi:8000012e lo:00005d13) {Rdmsr kernel/smp.c:712}
[    1.273002] CPUunderclocking:   !! Rdmsr(1of2): core:1 idx:c0010068 ... {Rdmsr kernel/smp.c:696}
[    1.273166] CPUunderclocking:     !! Rdmsr(2of2): core:1 idx:c0010068 done. (resultx==8000012e00005d13 hi:8000012e lo:00005d13) {Rdmsr kernel/smp.c:712}
[    1.273331] CPUunderclocking:   !! Rdmsr(1of2): core:2 idx:c0010068 ... {Rdmsr kernel/smp.c:696}
[    1.273494] CPUunderclocking:     !! Rdmsr(2of2): core:2 idx:c0010068 done. (resultx==8000012e00005d13 hi:8000012e lo:00005d13) {Rdmsr kernel/smp.c:712}
[    1.273657] CPUunderclocking:   !! Rdmsr(1of2): core:3 idx:c0010068 ... {Rdmsr kernel/smp.c:696}
[    1.273820] CPUunderclocking:     !! Rdmsr(2of2): core:3 idx:c0010068 done. (resultx==8000012e00005d13 hi:8000012e lo:00005d13) {Rdmsr kernel/smp.c:712}
[    1.274002] CPUunderclocking: !! Write(1of3) PState4 read : fid:17 did:3 vid:46 Multi:N/A {WritePState kernel/smp.c:854}
[    1.274163] CPUunderclocking: !! Write(2of3) PState4 write:0 did:0 vid:52 (multi:16) ... {WritePState kernel/smp.c:882}
[    1.274325] CPUunderclocking:   !! Wrmsr(before write): core:0/64 idx:c0010068 valx:8000012e00006800 ...  {Wrmsr kernel/smp.c:637}
[    1.274486] CPUunderclocking:     !! Wrmsr(after write): done. {Wrmsr kernel/smp.c:676}
[    1.274645] CPUunderclocking:   !! Wrmsr(before write): core:1/64 idx:c0010068 valx:8000012e00006800 ...  {Wrmsr kernel/smp.c:637}
[    1.274811] CPUunderclocking:     !! Wrmsr(after write): done. {Wrmsr kernel/smp.c:676}
[    1.275002] CPUunderclocking:   !! Wrmsr(before write): core:2/64 idx:c0010068 valx:8000012e00006800 ...  {Wrmsr kernel/smp.c:637}
[    1.275168] CPUunderclocking:     !! Wrmsr(after write): done. {Wrmsr kernel/smp.c:676}
[    1.275327] CPUunderclocking:   !! Wrmsr(before write): core:3/64 idx:c0010068 valx:8000012e00006800 ...  {Wrmsr kernel/smp.c:637}
[    1.275493] CPUunderclocking:     !! Wrmsr(after write): done. {Wrmsr kernel/smp.c:676}
[    1.275652] CPUunderclocking: !! Write(3of3) PState4 done. status:0 (0=success) {WritePState kernel/smp.c:884}
[    1.275812] CPUunderclocking:   !! Rdmsr(1of2): core:0 idx:c0010069 ... {Rdmsr kernel/smp.c:696}
[    1.276002] CPUunderclocking:     !! Rdmsr(2of2): core:0 idx:c0010069 done. (resultx==8000012b00005ee3 hi:8000012b lo:00005ee3) {Rdmsr kernel/smp.c:712}
[    1.276166] CPUunderclocking:   !! Rdmsr(1of2): core:1 idx:c0010069 ... {Rdmsr kernel/smp.c:696}
[    1.276330] CPUunderclocking:     !! Rdmsr(2of2): core:1 idx:c0010069 done. (resultx==8000012b00005ee3 hi:8000012b lo:00005ee3) {Rdmsr kernel/smp.c:712}
[    1.276493] CPUunderclocking:   !! Rdmsr(1of2): core:2 idx:c0010069 ... {Rdmsr kernel/smp.c:696}
[    1.276658] CPUunderclocking:     !! Rdmsr(2of2): core:2 idx:c0010069 done. (resultx==8000012b00005ee3 hi:8000012b lo:00005ee3) {Rdmsr kernel/smp.c:712}
[    1.276820] CPUunderclocking:   !! Rdmsr(1of2): core:3 idx:c0010069 ... {Rdmsr kernel/smp.c:696}
[    1.277004] CPUunderclocking:     !! Rdmsr(2of2): core:3 idx:c0010069 done. (resultx==8000012b00005ee3 hi:8000012b lo:00005ee3) {Rdmsr kernel/smp.c:712}
[    1.277169] CPUunderclocking: !! Write(1of3) PState5 read : fid:14 did:3 vid:47 Multi:N/A {WritePState kernel/smp.c:854}
[    1.277330] CPUunderclocking: !! Write(2of3) PState5 write:5 did:1 vid:55 (multi:14) ... {WritePState kernel/smp.c:882}
[    1.277492] CPUunderclocking:   !! Wrmsr(before write): core:0/64 idx:c0010069 valx:8000012b00006e51 ...  {Wrmsr kernel/smp.c:637}
[    1.277654] CPUunderclocking:     !! Wrmsr(after write): done. {Wrmsr kernel/smp.c:676}
[    1.277812] CPUunderclocking:   !! Wrmsr(before write): core:1/64 idx:c0010069 valx:8000012b00006e51 ...  {Wrmsr kernel/smp.c:637}
[    1.278004] CPUunderclocking:     !! Wrmsr(after write): done. {Wrmsr kernel/smp.c:676}
[    1.278163] CPUunderclocking:   !! Wrmsr(before write): core:2/64 idx:c0010069 valx:8000012b00006e51 ...  {Wrmsr kernel/smp.c:637}
[    1.278326] CPUunderclocking:     !! Wrmsr(after write): done. {Wrmsr kernel/smp.c:676}
[    1.278484] CPUunderclocking:   !! Wrmsr(before write): core:3/64 idx:c0010069 valx:8000012b00006e51 ...  {Wrmsr kernel/smp.c:637}
[    1.278646] CPUunderclocking:     !! Wrmsr(after write): done. {Wrmsr kernel/smp.c:676}
[    1.278803] CPUunderclocking: !! Write(3of3) PState5 done. status:0 (0=success) {WritePState kernel/smp.c:884}
[    1.279001] CPUunderclocking:   !! Rdmsr(1of2): core:0 idx:c001006a ... {Rdmsr kernel/smp.c:696}
[    1.279158] CPUunderclocking:     !! Rdmsr(2of2): core:0 idx:c001006a done. (resultx==80000127000060b3 hi:80000127 lo:000060b3) {Rdmsr kernel/smp.c:712}
[    1.279320] CPUunderclocking:   !! Rdmsr(1of2): core:1 idx:c001006a ... {Rdmsr kernel/smp.c:696}
[    1.279481] CPUunderclocking:     !! Rdmsr(2of2): core:1 idx:c001006a done. (resultx==80000127000060b3 hi:80000127 lo:000060b3) {Rdmsr kernel/smp.c:712}
[    1.279641] CPUunderclocking:   !! Rdmsr(1of2): core:2 idx:c001006a ... {Rdmsr kernel/smp.c:696}
[    1.279803] CPUunderclocking:     !! Rdmsr(2of2): core:2 idx:c001006a done. (resultx==80000127000060b3 hi:80000127 lo:000060b3) {Rdmsr kernel/smp.c:712}
[    1.279962] CPUunderclocking:   !! Rdmsr(1of2): core:3 idx:c001006a ... {Rdmsr kernel/smp.c:696}
[    1.280004] CPUunderclocking:     !! Rdmsr(2of2): core:3 idx:c001006a done. (resultx==80000127000060b3 hi:80000127 lo:000060b3) {Rdmsr kernel/smp.c:712}
[    1.280167] CPUunderclocking: !! Write(1of3) PState6 read : fid:11 did:3 vid:48 Multi:N/A {WritePState kernel/smp.c:854}
[    1.280325] CPUunderclocking: !! Write(2of3) PState6 write:2 did:1 vid:59 (multi:12) ... {WritePState kernel/smp.c:882}
[    1.280482] CPUunderclocking:   !! Wrmsr(before write): core:0/64 idx:c001006a valx:8000012700007621 ...  {Wrmsr kernel/smp.c:637}
[    1.280642] CPUunderclocking:     !! Wrmsr(after write): done. {Wrmsr kernel/smp.c:676}
[    1.280799] CPUunderclocking:   !! Wrmsr(before write): core:1/64 idx:c001006a valx:8000012700007621 ...  {Wrmsr kernel/smp.c:637}
[    1.281006] CPUunderclocking:     !! Wrmsr(after write): done. {Wrmsr kernel/smp.c:676}
[    1.281160] CPUunderclocking:   !! Wrmsr(before write): core:2/64 idx:c001006a valx:8000012700007621 ...  {Wrmsr kernel/smp.c:637}
[    1.281322] CPUunderclocking:     !! Wrmsr(after write): done. {Wrmsr kernel/smp.c:676}
[    1.281477] CPUunderclocking:   !! Wrmsr(before write): core:3/64 idx:c001006a valx:8000012700007621 ...  {Wrmsr kernel/smp.c:637}
[    1.281640] CPUunderclocking:     !! Wrmsr(after write): done. {Wrmsr kernel/smp.c:676}
[    1.281797] CPUunderclocking: !! Write(3of3) PState6 done. status:0 (0=success) {WritePState kernel/smp.c:884}
[    1.282001] CPUunderclocking:   !! Rdmsr(1of2): core:0 idx:c001006b ... {Rdmsr kernel/smp.c:696}
[    1.282158] CPUunderclocking:     !! Rdmsr(2of2): core:0 idx:c001006b done. (resultx==8000012500006504 hi:80000125 lo:00006504) {Rdmsr kernel/smp.c:712}
[    1.282321] CPUunderclocking:   !! Rdmsr(1of2): core:1 idx:c001006b ... {Rdmsr kernel/smp.c:696}
[    1.282485] CPUunderclocking:     !! Rdmsr(2of2): core:1 idx:c001006b done. (resultx==8000012500006504 hi:80000125 lo:00006504) {Rdmsr kernel/smp.c:712}
[    1.282649] CPUunderclocking:   !! Rdmsr(1of2): core:2 idx:c001006b ... {Rdmsr kernel/smp.c:696}
[    1.282813] CPUunderclocking:     !! Rdmsr(2of2): core:2 idx:c001006b done. (resultx==8000012500006504 hi:80000125 lo:00006504) {Rdmsr kernel/smp.c:712}
[    1.283002] CPUunderclocking:   !! Rdmsr(1of2): core:3 idx:c001006b ... {Rdmsr kernel/smp.c:696}
[    1.284004] CPUunderclocking:     !! Rdmsr(2of2): core:3 idx:c001006b done. (resultx==8000012500006504 hi:80000125 lo:00006504) {Rdmsr kernel/smp.c:712}
[    1.284168] CPUunderclocking: !! Write(1of3) PState7 read : fid:16 did:4 vid:50 Multi:N/A {WritePState kernel/smp.c:854}
[    1.284330] CPUunderclocking: !! Write(2of3) PState7 write:0 did:2 vid:67 (multi:8) ... {WritePState kernel/smp.c:882}
[    1.284493] CPUunderclocking:   !! Wrmsr(before write): core:0/64 idx:c001006b valx:8000012500008602 ...  {Wrmsr kernel/smp.c:637}
[    1.284654] CPUunderclocking:     !! Wrmsr(after write): done. {Wrmsr kernel/smp.c:676}
[    1.284815] CPUunderclocking:   !! Wrmsr(before write): core:1/64 idx:c001006b valx:8000012500008602 ...  {Wrmsr kernel/smp.c:637}
[    1.285005] CPUunderclocking:     !! Wrmsr(after write): done. {Wrmsr kernel/smp.c:676}
[    1.285164] CPUunderclocking:   !! Wrmsr(before write): core:2/64 idx:c001006b valx:8000012500008602 ...  {Wrmsr kernel/smp.c:637}
[    1.285329] CPUunderclocking:     !! Wrmsr(after write): done. {Wrmsr kernel/smp.c:676}
[    1.285489] CPUunderclocking:   !! Wrmsr(before write): core:3/64 idx:c001006b valx:8000012500008602 ...  {Wrmsr kernel/smp.c:637}
[    1.285654] CPUunderclocking:     !! Wrmsr(after write): done. {Wrmsr kernel/smp.c:676}
[    1.285813] CPUunderclocking: !! Write(3of3) PState7 done. status:0 (0=success) {WritePState kernel/smp.c:884}
[    1.286001] CPUunderclocking: Switching to another p-state temporarily so to ensure that the current one uses newly applied values {apply_underclocking_if_needed kernel/smp.c:954}
[    1.286205] CPUunderclocking:   !! Rdmsr(1of2): core:0 idx:c0010071 ... {Rdmsr kernel/smp.c:696}
[    1.286366] CPUunderclocking:     !! Rdmsr(2of2): core:0 idx:c0010071 done. (resultx==003160975a014e40 hi:00316097 lo:5a014e40) {Rdmsr kernel/smp.c:712}
[    1.286530] CPUunderclocking:   !! Rdmsr(1of2): core:1 idx:c0010071 ... {Rdmsr kernel/smp.c:696}
[    1.286694] CPUunderclocking:     !! Rdmsr(2of2): core:1 idx:c0010071 done. (resultx==003160975a014fa3 hi:00316097 lo:5a014fa3) {Rdmsr kernel/smp.c:712}
[    1.286858] CPUunderclocking:     !! Rdmsr(3of2): different results for cores(this is expected to be so, depending on load) core[0] != core[1] (see above KERN_DEBUG msgs) {Rdmsr kernel/smp.c:717}
[    1.287001] CPUunderclocking:   !! Rdmsr(1of2): core:2 idx:c0010071 ... {Rdmsr kernel/smp.c:696}
[    1.287166] CPUunderclocking:     !! Rdmsr(2of2): core:2 idx:c0010071 done. (resultx==003160975a014fa3 hi:00316097 lo:5a014fa3) {Rdmsr kernel/smp.c:712}
[    1.287330] CPUunderclocking:   !! Rdmsr(1of2): core:3 idx:c0010071 ... {Rdmsr kernel/smp.c:696}
[    1.287493] CPUunderclocking:     !! Rdmsr(2of2): core:3 idx:c0010071 done. (resultx==003160975a014e40 hi:00316097 lo:5a014e40) {Rdmsr kernel/smp.c:712}
[    1.287657] CPUunderclocking:     !! Rdmsr(3of2): different results for cores(this is expected to be so, depending on load) core[2] != core[3] (see above KERN_DEBUG msgs) {Rdmsr kernel/smp.c:717}
[    1.287861] CPUunderclocking: !! currentpstate:1 temppstate:7 {apply_underclocking_if_needed kernel/smp.c:962}
[    1.288001] CPUunderclocking:   !! Rdmsr(1of2): core:0 idx:c0010062 ... {Rdmsr kernel/smp.c:696}
[    1.288162] CPUunderclocking:     !! Rdmsr(2of2): core:0 idx:c0010062 done. (resultx==0000000000000000 hi:00000000 lo:00000000) {Rdmsr kernel/smp.c:712}
[    1.288326] CPUunderclocking:   !! Rdmsr(1of2): core:1 idx:c0010062 ... {Rdmsr kernel/smp.c:696}
[    1.288490] CPUunderclocking:     !! Rdmsr(2of2): core:1 idx:c0010062 done. (resultx==0000000000000000 hi:00000000 lo:00000000) {Rdmsr kernel/smp.c:712}
[    1.288654] CPUunderclocking:   !! Rdmsr(1of2): core:2 idx:c0010062 ... {Rdmsr kernel/smp.c:696}
[    1.288817] CPUunderclocking:     !! Rdmsr(2of2): core:2 idx:c0010062 done. (resultx==0000000000000000 hi:00000000 lo:00000000) {Rdmsr kernel/smp.c:712}
[    1.289001] CPUunderclocking:   !! Rdmsr(1of2): core:3 idx:c0010062 ... {Rdmsr kernel/smp.c:696}
[    1.289165] CPUunderclocking:     !! Rdmsr(2of2): core:3 idx:c0010062 done. (resultx==0000000000000000 hi:00000000 lo:00000000) {Rdmsr kernel/smp.c:712}
[    1.289329] CPUunderclocking:   !! Wrmsr(before write): core:0/64 idx:c0010062 valx:0000000000000006 ...  {Wrmsr kernel/smp.c:637}
[    1.289495] CPUunderclocking:     !! Wrmsr(after write): done. {Wrmsr kernel/smp.c:676}
[    1.289671] CPUunderclocking:   !! Wrmsr(before write): core:1/64 idx:c0010062 valx:0000000000000006 ...  {Wrmsr kernel/smp.c:637}
[    1.289856] CPUunderclocking:     !! Wrmsr(after write): done. {Wrmsr kernel/smp.c:676}
[    1.290005] CPUunderclocking:   !! Wrmsr(before write): core:2/64 idx:c0010062 valx:0000000000000006 ...  {Wrmsr kernel/smp.c:637}
[    1.290191] CPUunderclocking:     !! Wrmsr(after write): done. {Wrmsr kernel/smp.c:676}
[    1.290367] CPUunderclocking:   !! Wrmsr(before write): core:3/64 idx:c0010062 valx:0000000000000006 ...  {Wrmsr kernel/smp.c:637}
[    1.290553] CPUunderclocking:     !! Wrmsr(after write): done. {Wrmsr kernel/smp.c:676}
[    1.290728] CPUunderclocking:   !! Rdmsr(1of2): core:0 idx:c0010063 ... {Rdmsr kernel/smp.c:696}
[    1.291007] CPUunderclocking:     !! Rdmsr(2of2): core:0 idx:c0010063 done. (resultx==0000000000000006 hi:00000000 lo:00000006) {Rdmsr kernel/smp.c:712}
[    1.291191] CPUunderclocking:   !! Rdmsr(1of2): core:1 idx:c0010063 ... {Rdmsr kernel/smp.c:696}
[    1.291374] CPUunderclocking:     !! Rdmsr(2of2): core:1 idx:c0010063 done. (resultx==0000000000000000 hi:00000000 lo:00000000) {Rdmsr kernel/smp.c:712}
[    1.291557] CPUunderclocking:     !! Rdmsr(3of2): different results for cores(this is expected to be so, depending on load) core[0] != core[1] (see above KERN_DEBUG msgs) {Rdmsr kernel/smp.c:717}
[    1.291787] CPUunderclocking:   !! Rdmsr(1of2): core:2 idx:c0010063 ... {Rdmsr kernel/smp.c:696}
[    1.292010] CPUunderclocking:     !! Rdmsr(2of2): core:2 idx:c0010063 done. (resultx==0000000000000000 hi:00000000 lo:00000000) {Rdmsr kernel/smp.c:712}
[    1.292194] CPUunderclocking:   !! Rdmsr(1of2): core:3 idx:c0010063 ... {Rdmsr kernel/smp.c:696}
[    1.292377] CPUunderclocking:     !! Rdmsr(2of2): core:3 idx:c0010063 done. (resultx==0000000000000006 hi:00000000 lo:00000006) {Rdmsr kernel/smp.c:712}
[    1.292561] CPUunderclocking:     !! Rdmsr(3of2): different results for cores(this is expected to be so, depending on load) core[2] != core[3] (see above KERN_DEBUG msgs) {Rdmsr kernel/smp.c:717}
[    1.292793] CPUunderclocking: Waiting for PState to settle at wanted. Current: i(16bits)=6 j(64bits)=6 wantedpstate=6 tries left:9 {SetCurrentPState kernel/smp.c:926}
[    1.293004] CPUunderclocking:   !! Rdmsr(1of2): core:0 idx:c0010071 ... {Rdmsr kernel/smp.c:696}
[    1.293183] CPUunderclocking:     !! Rdmsr(2of2): core:0 idx:c0010071 done. (resultx==003160975a074e02 hi:00316097 lo:5a074e02) {Rdmsr kernel/smp.c:712}
[    1.293368] CPUunderclocking:   !! Rdmsr(1of2): core:1 idx:c0010071 ... {Rdmsr kernel/smp.c:696}
[    1.293550] CPUunderclocking:     !! Rdmsr(2of2): core:1 idx:c0010071 done. (resultx==003160975a014fa3 hi:00316097 lo:5a014fa3) {Rdmsr kernel/smp.c:712}
[    1.293732] CPUunderclocking:     !! Rdmsr(3of2): different results for cores(this is expected to be so, depending on load) core[0] != core[1] (see above KERN_DEBUG msgs) {Rdmsr kernel/smp.c:717}
[    1.294004] CPUunderclocking:   !! Rdmsr(1of2): core:2 idx:c0010071 ... {Rdmsr kernel/smp.c:696}
[    1.294183] CPUunderclocking:     !! Rdmsr(2of2): core:2 idx:c0010071 done. (resultx==003160975a014fa3 hi:00316097 lo:5a014fa3) {Rdmsr kernel/smp.c:712}
[    1.294365] CPUunderclocking:   !! Rdmsr(1of2): core:3 idx:c0010071 ... {Rdmsr kernel/smp.c:696}
[    1.294544] CPUunderclocking:     !! Rdmsr(2of2): core:3 idx:c0010071 done. (resultx==003160975a074e02 hi:00316097 lo:5a074e02) {Rdmsr kernel/smp.c:712}
[    1.294726] CPUunderclocking:     !! Rdmsr(3of2): different results for cores(this is expected to be so, depending on load) core[2] != core[3] (see above KERN_DEBUG msgs) {Rdmsr kernel/smp.c:717}
[    1.294951] CPUunderclocking: !! currentpstate:7 {apply_underclocking_if_needed kernel/smp.c:964}
[    1.295004] CPUunderclocking:   !! Rdmsr(1of2): core:0 idx:c0010062 ... {Rdmsr kernel/smp.c:696}
[    1.295179] CPUunderclocking:     !! Rdmsr(2of2): core:0 idx:c0010062 done. (resultx==0000000000000006 hi:00000000 lo:00000006) {Rdmsr kernel/smp.c:712}
[    1.295359] CPUunderclocking:   !! Rdmsr(1of2): core:1 idx:c0010062 ... {Rdmsr kernel/smp.c:696}
[    1.295536] CPUunderclocking:     !! Rdmsr(2of2): core:1 idx:c0010062 done. (resultx==0000000000000006 hi:00000000 lo:00000006) {Rdmsr kernel/smp.c:712}
[    1.295716] CPUunderclocking:   !! Rdmsr(1of2): core:2 idx:c0010062 ... {Rdmsr kernel/smp.c:696}
[    1.296009] CPUunderclocking:     !! Rdmsr(2of2): core:2 idx:c0010062 done. (resultx==0000000000000006 hi:00000000 lo:00000006) {Rdmsr kernel/smp.c:712}
[    1.296191] CPUunderclocking:   !! Rdmsr(1of2): core:3 idx:c0010062 ... {Rdmsr kernel/smp.c:696}
[    1.296370] CPUunderclocking:     !! Rdmsr(2of2): core:3 idx:c0010062 done. (resultx==0000000000000006 hi:00000000 lo:00000006) {Rdmsr kernel/smp.c:712}
[    1.296553] CPUunderclocking:   !! Wrmsr(before write): core:0/64 idx:c0010062 valx:0000000000000000 ...  {Wrmsr kernel/smp.c:637}
[    1.296732] CPUunderclocking:     !! Wrmsr(after write): done. {Wrmsr kernel/smp.c:676}
[    1.296887] CPUunderclocking:   !! Wrmsr(before write): core:1/64 idx:c0010062 valx:0000000000000000 ...  {Wrmsr kernel/smp.c:637}
[    1.297005] CPUunderclocking:     !! Wrmsr(after write): done. {Wrmsr kernel/smp.c:676}
[    1.297162] CPUunderclocking:   !! Wrmsr(before write): core:2/64 idx:c0010062 valx:0000000000000000 ...  {Wrmsr kernel/smp.c:637}
[    1.297326] CPUunderclocking:     !! Wrmsr(after write): done. {Wrmsr kernel/smp.c:676}
[    1.297483] CPUunderclocking:   !! Wrmsr(before write): core:3/64 idx:c0010062 valx:0000000000000000 ...  {Wrmsr kernel/smp.c:637}
[    1.297648] CPUunderclocking:     !! Wrmsr(after write): done. {Wrmsr kernel/smp.c:676}
[    1.297804] CPUunderclocking:   !! Rdmsr(1of2): core:0 idx:c0010063 ... {Rdmsr kernel/smp.c:696}
[    1.298003] CPUunderclocking:     !! Rdmsr(2of2): core:0 idx:c0010063 done. (resultx==0000000000000000 hi:00000000 lo:00000000) {Rdmsr kernel/smp.c:712}
[    1.298167] CPUunderclocking:   !! Rdmsr(1of2): core:1 idx:c0010063 ... {Rdmsr kernel/smp.c:696}
[    1.298332] CPUunderclocking:     !! Rdmsr(2of2): core:1 idx:c0010063 done. (resultx==0000000000000000 hi:00000000 lo:00000000) {Rdmsr kernel/smp.c:712}
[    1.298496] CPUunderclocking:   !! Rdmsr(1of2): core:2 idx:c0010063 ... {Rdmsr kernel/smp.c:696}
[    1.298661] CPUunderclocking:     !! Rdmsr(2of2): core:2 idx:c0010063 done. (resultx==0000000000000000 hi:00000000 lo:00000000) {Rdmsr kernel/smp.c:712}
[    1.298824] CPUunderclocking:   !! Rdmsr(1of2): core:3 idx:c0010063 ... {Rdmsr kernel/smp.c:696}
[    1.299005] CPUunderclocking:     !! Rdmsr(2of2): core:3 idx:c0010063 done. (resultx==0000000000000000 hi:00000000 lo:00000000) {Rdmsr kernel/smp.c:712}
[    1.300002] CPUunderclocking: Waiting for PState to settle at wanted. Current: i(16bits)=0 j(64bits)=0 wantedpstate=0 tries left:9 {SetCurrentPState kernel/smp.c:926}
[    1.300205] CPUunderclocking:   !! Rdmsr(1of2): core:0 idx:c0010071 ... {Rdmsr kernel/smp.c:696}
[    1.300366] CPUunderclocking:     !! Rdmsr(2of2): core:0 idx:c0010071 done. (resultx==003160975a014e40 hi:00316097 lo:5a014e40) {Rdmsr kernel/smp.c:712}
[    1.300529] CPUunderclocking:   !! Rdmsr(1of2): core:1 idx:c0010071 ... {Rdmsr kernel/smp.c:696}
[    1.300694] CPUunderclocking:     !! Rdmsr(2of2): core:1 idx:c0010071 done. (resultx==003160975a014fa3 hi:00316097 lo:5a014fa3) {Rdmsr kernel/smp.c:712}
[    1.300858] CPUunderclocking:     !! Rdmsr(3of2): different results for cores(this is expected to be so, depending on load) core[0] != core[1] (see above KERN_DEBUG msgs) {Rdmsr kernel/smp.c:717}
[    1.301001] CPUunderclocking:   !! Rdmsr(1of2): core:2 idx:c0010071 ... {Rdmsr kernel/smp.c:696}
[    1.301200] CPUunderclocking:     !! Rdmsr(2of2): core:2 idx:c0010071 done. (resultx==003160975a014fa3 hi:00316097 lo:5a014fa3) {Rdmsr kernel/smp.c:712}
[    1.301411] CPUunderclocking:   !! Rdmsr(1of2): core:3 idx:c0010071 ... {Rdmsr kernel/smp.c:696}
[    1.301599] CPUunderclocking:     !! Rdmsr(2of2): core:3 idx:c0010071 done. (resultx==003160975a014e40 hi:00316097 lo:5a014e40) {Rdmsr kernel/smp.c:712}
[    1.301763] CPUunderclocking:     !! Rdmsr(3of2): different results for cores(this is expected to be so, depending on load) core[2] != core[3] (see above KERN_DEBUG msgs) {Rdmsr kernel/smp.c:717}
[    1.302001] CPUunderclocking: !! currentpstate:1 {apply_underclocking_if_needed kernel/smp.c:966}
[    1.302161] CPUunderclocking: done. {apply_underclocking_if_needed kernel/smp.c:969}
[    1.302321] smpboot: Boot done
[    1.302442] ----------------
[    1.302560] | NMI testsuite:
[    1.302679] --------------------
[    1.302798]   remote IPI:  ok  |
[    1.305232]    local IPI:  ok  |
[    1.314008] --------------------
[    1.314193] Good, all   2 testcases passed! |
[    1.314319] ---------------------------------
[    1.314448] smpboot: Before bogomips
[    1.314576] smpboot: Total of 4 processors activated (11179.03 BogoMIPS)
[    1.314704] smpboot: Before bogocount - setting activated=1
[    1.317795] devtmpfs: initialized
[    1.318211] device: 'platform': device_add
[    1.318750] bus: 'platform': registered
[    1.319091] bus: 'cpu': registered
[    1.319279] device: 'cpu': device_add
[    1.319911] bus: 'container': registered
[    1.320014] device: 'container': device_add
[    1.323635] bus: 'workqueue': registered
[    1.323829] device: 'workqueue': device_add
[    1.324479] clocksource: jiffies: mask: 0xffffffff max_cycles: 0xffffffff, max_idle_ns: 1911260446275000 ns
[    1.324860] xor: measuring software checksum speed
[    1.335002]    prefetch64-sse:  8796.000 MB/sec
[    1.345002]    generic_sse:  7916.000 MB/sec
[    1.345173] xor: using function: prefetch64-sse (8796.000 MB/sec)
[    1.345311] atomic64_test: passed for x86-64 platform with CX8 and with SSE
[    1.345439] device class 'regulator': registering
[    1.345789] Registering platform device 'reg-dummy'. Parent at platform
[    1.345969] device: 'reg-dummy': device_add
[    1.346065] bus: 'platform': add device reg-dummy
[    1.346518] bus: 'platform': add driver reg-dummy
[    1.346723] bus: 'platform': driver_probe_device: matched device reg-dummy with driver reg-dummy
[    1.346893] bus: 'platform': really_probe: probing driver reg-dummy with device reg-dummy
[    1.347059] devices_kset: Moving reg-dummy to end of list
[    1.347276] regulator-dummy: no parameters
[    1.347458] device: 'regulator.0': device_add
[    1.348483] driver: 'reg-dummy': driver_bound: bound to device 'reg-dummy'
[    1.348660] bus: 'platform': really_probe: bound device reg-dummy to driver reg-dummy
[    1.349845] NET: Registered protocol family 16
[    1.350530] device class 'bdi': registering
[    1.350812] bus: 'platform': add driver ramoops
[    1.351174] device class 'pci_bus': registering
[    1.351597] bus: 'pci': registered
[    1.351780] device class 'backlight': registering
[    1.351968] device class 'tty': registering
[    1.352063] device class 'vtconsole': registering
[    1.352313] device: 'vtcon0': device_add
[    1.353220] bus: 'node': registered
[    1.353409] device: 'node': device_add
[    1.354016] bus: 'i2c': registered
[    1.354226] bus: 'i2c': add driver dummy
[    1.354525] i2c-core: driver [dummy] registered
[    1.358011] cpuidle: using governor ladder
[    1.362008] cpuidle: using governor menu
[    1.362848] ACPI FADT declares the system doesn't support PCIe ASPM, so disable it
[    1.363003] ACPI: bus type PCI registered
[    1.363129] acpiphp: ACPI Hot Plug PCI Controller Driver version: 0.5
[    1.363257] device class 'dmi': registering
[    1.363447] device: 'id': device_add
[    1.364694] PCI: MMCONFIG for domain 0000 [bus 00-3f] at [mem 0xf8000000-0xfbffffff] (base 0xf8000000)
[    1.364917] PCI: not using MMCONFIG
[    1.365008] PCI: Using configuration type 1 for base access
[    1.365136] PCI: Using configuration type 1 for extended access
[    1.365818] device: 'node0': device_add
[    1.366208] bus: 'node': add device node0
[    1.366646] device: 'cpu0': device_add
[    1.366878] bus: 'cpu': add device cpu0
[    1.367343] device: 'cpu1': device_add
[    1.367595] bus: 'cpu': add device cpu1
[    1.368203] device: 'cpu2': device_add
[    1.368457] bus: 'cpu': add device cpu2
[    1.368955] device: 'cpu3': device_add
[    1.369086] bus: 'cpu': add device cpu3
[    1.432658] device: 'writeback': device_add
[    1.432911] bus: 'workqueue': add device writeback
[    1.433589] HugeTLB registered 2 MB page size, pre-allocated 0 pages
[    1.434745] device class 'block': registering
[    1.452029] raid6: sse2x1   gen()  3003 MB/s
[    1.469003] raid6: sse2x1   xor()  3417 MB/s
[    1.486007] raid6: sse2x2   gen()  4570 MB/s
[    1.503001] raid6: sse2x2   xor()  4939 MB/s
[    1.520010] raid6: sse2x4   gen()  5566 MB/s
[    1.537006] raid6: sse2x4   xor()  2943 MB/s
[    1.537179] raid6: using algorithm sse2x4 gen() 5566 MB/s
[    1.537306] raid6: .... xor() 2943 MB/s, rmw enabled
[    1.537434] raid6: using intx1 recovery algorithm
[    1.537648] device class 'graphics': registering
[    1.538037] ACPI: Added _OSI(Module Device)
[    1.538211] ACPI: Added _OSI(Processor Device)
[    1.538338] ACPI: Added _OSI(3.0 _SCP Extensions)
[    1.538466] ACPI: Added _OSI(Processor Aggregator Device)
[    1.702339] ACPI: [Firmware Bug]: BIOS _OSI(Linux) query ignored
[    1.721366] ACPI : EC: +++++ EC started +++++
[    1.774482] ACPI: Interpreter enabled
[    1.774672] ACPI: (supports S0 S5)
[    1.774847] ACPI: Using IOAPIC for interrupt routing
[    1.780294] bus: 'acpi': registered
[    1.780488] PCI: MMCONFIG for domain 0000 [bus 00-3f] at [mem 0xf8000000-0xfbffffff] (base 0xf8000000)
[    1.794648] PCI: MMCONFIG at [mem 0xf8000000-0xfbffffff] reserved in ACPI motherboard resources
[    1.794909] PCI: Using host bridge windows from ACPI; if necessary, use "pci=nocrs" and report a bug
[    1.795421] device: 'LNXSYSTM:00': device_add
[    1.795669] bus: 'acpi': add device LNXSYSTM:00
[    1.796861] device: 'LNXCPU:00': device_add
[    1.797078] bus: 'acpi': add device LNXCPU:00
[    1.798205] device: 'LNXCPU:01': device_add
[    1.798454] bus: 'acpi': add device LNXCPU:01
[    1.799537] device: 'LNXCPU:02': device_add
[    1.799790] bus: 'acpi': add device LNXCPU:02
[    1.800881] device: 'LNXCPU:03': device_add
[    1.801079] bus: 'acpi': add device LNXCPU:03
[    1.803022] device: 'LNXSYBUS:00': device_add
[    1.803276] bus: 'acpi': add device LNXSYBUS:00
[    1.805208] device: 'PNP0C0C:00': device_add
[    1.805464] bus: 'acpi': add device PNP0C0C:00
[    1.807521] device: 'PNP0A08:00': device_add
[    1.807771] bus: 'acpi': add device PNP0A08:00
[    1.809767] device: 'PNP0C02:00': device_add
[    1.810023] bus: 'acpi': add device PNP0C02:00
[    1.812331] device: 'device:00': device_add
[    1.812580] bus: 'acpi': add device device:00
[    1.814490] device: 'device:01': device_add
[    1.814739] bus: 'acpi': add device device:01
[    1.816612] device: 'device:02': device_add
[    1.816860] bus: 'acpi': add device device:02
[    1.819130] device: 'device:03': device_add
[    1.819381] bus: 'acpi': add device device:03
[    1.821244] device: 'LNXVIDEO:00': device_add
[    1.821492] bus: 'acpi': add device LNXVIDEO:00
[    1.823749] device: 'device:04': device_add
[    1.824002] bus: 'acpi': add device device:04
[    1.826159] device: 'device:05': device_add
[    1.826410] bus: 'acpi': add device device:05
[    1.828261] device: 'device:06': device_add
[    1.828509] bus: 'acpi': add device device:06
[    1.830665] device: 'device:07': device_add
[    1.830913] bus: 'acpi': add device device:07
[    1.832756] device: 'device:08': device_add
[    1.833013] bus: 'acpi': add device device:08
[    1.835244] device: 'device:09': device_add
[    1.836077] bus: 'acpi': add device device:09
[    1.838410] device: 'device:0a': device_add
[    1.838658] bus: 'acpi': add device device:0a
[    1.840891] device: 'device:0b': device_add
[    1.841077] bus: 'acpi': add device device:0b
[    1.843049] device: 'device:0c': device_add
[    1.843298] bus: 'acpi': add device device:0c
[    1.845542] device: 'device:0d': device_add
[    1.845790] bus: 'acpi': add device device:0d
[    1.847688] device: 'device:0e': device_add
[    1.847937] bus: 'acpi': add device device:0e
[    1.850186] device: 'device:0f': device_add
[    1.850435] bus: 'acpi': add device device:0f
[    1.852300] device: 'device:10': device_add
[    1.852554] bus: 'acpi': add device device:10
[    1.854816] device: 'device:11': device_add
[    1.855067] bus: 'acpi': add device device:11
[    1.856917] device: 'device:12': device_add
[    1.857078] bus: 'acpi': add device device:12
[    1.859048] device: 'device:13': device_add
[    1.859298] bus: 'acpi': add device device:13
[    1.861151] device: 'device:14': device_add
[    1.861403] bus: 'acpi': add device device:14
[    1.863670] device: 'device:15': device_add
[    1.863921] bus: 'acpi': add device device:15
[    1.865776] device: 'device:16': device_add
[    1.866023] bus: 'acpi': add device device:16
[    1.867878] device: 'device:17': device_add
[    1.868078] bus: 'acpi': add device device:17
[    1.869978] device: 'device:18': device_add
[    1.870078] bus: 'acpi': add device device:18
[    1.872456] device: 'device:19': device_add
[    1.872704] bus: 'acpi': add device device:19
[    1.874560] device: 'device:1a': device_add
[    1.874809] bus: 'acpi': add device device:1a
[    1.876652] device: 'device:1b': device_add
[    1.876903] bus: 'acpi': add device device:1b
[    1.879127] device: 'device:1c': device_add
[    1.879373] bus: 'acpi': add device device:1c
[    1.881221] device: 'device:1d': device_add
[    1.881471] bus: 'acpi': add device device:1d
[    1.883346] device: 'device:1e': device_add
[    1.883596] bus: 'acpi': add device device:1e
[    1.885830] device: 'device:1f': device_add
[    1.886078] bus: 'acpi': add device device:1f
[    1.887925] device: 'device:20': device_add
[    1.888078] bus: 'acpi': add device device:20
[    1.890441] device: 'device:21': device_add
[    1.890690] bus: 'acpi': add device device:21
[    1.892541] device: 'device:22': device_add
[    1.892789] bus: 'acpi': add device device:22
[    1.895050] device: 'device:23': device_add
[    1.895303] bus: 'acpi': add device device:23
[    1.897516] device: 'device:24': device_add
[    1.897763] bus: 'acpi': add device device:24
[    1.900315] device: 'device:25': device_add
[    1.900566] bus: 'acpi': add device device:25
[    1.902424] device: 'device:26': device_add
[    1.902672] bus: 'acpi': add device device:26
[    1.904817] device: 'device:27': device_add
[    1.905066] bus: 'acpi': add device device:27
[    1.911406] device: 'device:28': device_add
[    1.911655] bus: 'acpi': add device device:28
[    1.917962] device: 'device:29': device_add
[    1.918077] bus: 'acpi': add device device:29
[    1.920403] device: 'device:2a': device_add
[    1.920653] bus: 'acpi': add device device:2a
[    1.926960] device: 'device:2b': device_add
[    1.927078] bus: 'acpi': add device device:2b
[    1.933635] device: 'device:2c': device_add
[    1.933890] bus: 'acpi': add device device:2c
[    1.937077] device: 'device:2d': device_add
[    1.937328] bus: 'acpi': add device device:2d
[    1.939221] device: 'device:2e': device_add
[    1.939471] bus: 'acpi': add device device:2e
[    1.942744] device: 'device:2f': device_add
[    1.943013] bus: 'acpi': add device device:2f
[    1.944888] device: 'device:30': device_add
[    1.945077] bus: 'acpi': add device device:30
[    1.947148] device: 'device:31': device_add
[    1.947399] bus: 'acpi': add device device:31
[    1.949525] device: 'device:32': device_add
[    1.949774] bus: 'acpi': add device device:32
[    1.952671] device: 'PNP0C0F:00': device_add
[    1.952920] bus: 'acpi': add device PNP0C0F:00
[    1.955886] device: 'PNP0C0F:01': device_add
[    1.956078] bus: 'acpi': add device PNP0C0F:01
[    1.959098] device: 'PNP0C0F:02': device_add
[    1.959348] bus: 'acpi': add device PNP0C0F:02
[    1.962353] device: 'PNP0C0F:03': device_add
[    1.962603] bus: 'acpi': add device PNP0C0F:03
[    1.965595] device: 'PNP0C0F:04': device_add
[    1.965844] bus: 'acpi': add device PNP0C0F:04
[    1.968867] device: 'PNP0C0F:05': device_add
[    1.969079] bus: 'acpi': add device PNP0C0F:05
[    1.972137] device: 'PNP0C0F:06': device_add
[    1.972387] bus: 'acpi': add device PNP0C0F:06
[    1.975408] device: 'PNP0C0F:07': device_add
[    1.975658] bus: 'acpi': add device PNP0C0F:07
[    1.977654] device: 'PNP0200:00': device_add
[    1.977902] bus: 'acpi': add device PNP0200:00
[    1.979833] device: 'PNP0C04:00': device_add
[    1.980079] bus: 'acpi': add device PNP0C04:00
[    1.981979] device: 'PNP0000:00': device_add
[    1.982083] bus: 'acpi': add device PNP0000:00
[    1.984127] device: 'PNP0B00:00': device_add
[    1.984375] bus: 'acpi': add device PNP0B00:00
[    1.986302] device: 'PNP0800:00': device_add
[    1.986553] bus: 'acpi': add device PNP0800:00
[    1.988443] device: 'PNP0100:00': device_add
[    1.988692] bus: 'acpi': add device PNP0100:00
[    1.990584] device: 'PNP0C02:01': device_add
[    1.990837] bus: 'acpi': add device PNP0C02:01
[    1.993255] device: 'PNP0C01:00': device_add
[    1.993502] bus: 'acpi': add device PNP0C01:00
[    1.996035] device: 'PNP0C09:00': device_add
[    1.996284] bus: 'acpi': add device PNP0C09:00
[    1.998839] device: 'ACPI0003:00': device_add
[    1.999078] bus: 'acpi': add device ACPI0003:00
[    2.003976] device: 'PNP0C0A:00': device_add
[    2.004084] bus: 'acpi': add device PNP0C0A:00
[    2.006856] device: 'VPC2004:00': device_add
[    2.007078] bus: 'acpi': add device VPC2004:00
[    2.009087] device: 'PNP0303:00': device_add
[    2.009336] bus: 'acpi': add device PNP0303:00
[    2.013385] device: 'SYN0326:00': device_add
[    2.013635] bus: 'acpi': add device SYN0326:00
[    2.015876] device: 'device:33': device_add
[    2.016078] bus: 'acpi': add device device:33
[    2.018336] device: 'device:34': device_add
[    2.018586] bus: 'acpi': add device device:34
[    2.020472] device: 'device:35': device_add
[    2.020723] bus: 'acpi': add device device:35
