[    0.000000] Linux version 4.7.0-g52ddb7e (z@myzee) (gcc version 6.1.1 20160707 (GCC) ) #14 SMP PREEMPT Mon Aug 8 00:12:54 EEST 2016
[    0.000000] Command line: BOOT_IMAGE=/boot/vmlinuz-linux-git root=UUID=96efaea0-86dc-485a-af36-36706f9f3908 rw root_trim=yes rd.luks.allow-discards ipv6.disable=1 pnp.debug=1 loglevel=9 log_buf_len=10M printk.always_kmsg_dump=y printk.time=y printk.devkmsg=on mminit_loglevel=0 memory_corruption_check=1 nohz=on rcu_nocbs=1-3 fbcon=scrollback:4096k fbcon=font:ProFont6x11 apic=debug dynamic_debug.verbose=1 "dyndbg=file arch/x86/kernel/apic/* +pflmt ; file drivers/video/* +pflmt ; file drivers/input/* -pflmt ; file drivers/acpi/* -pflmt" acpi_backlight=vendor radeon.audio=0 radeon.lockup_timeout=999000 radeon.test=0 radeon.agpmode=-1 radeon.benchmark=0 radeon.tv=0 radeon.hard_reset=1 radeon.msi=1 radeon.pcie_gen2=-1 radeon.no_wb=1 radeon.dynclks=0 radeon.r4xx_atom=0 radeonfb radeon.fastfb=1 radeon.dpm=1 radeon.runpm=1 rd.debug rd.udev.debug rd.memdebug=3 net.ifnames=1 slub_debug=U pax_sanitize_slab=full noefi nolvm dobtrfs console=tty1 earlyprintk=vga CPUunderclocking radeon.modeset=1 audit
[    0.000000] KERNEL supported cpus:
[    0.000000]   AMD AuthenticAMD
[    0.000000] x86/fpu: Legacy x87 FPU detected.
[    0.000000] x86/fpu: Using 'eager' FPU context switches.
[    0.000000] e820: BIOS-provided physical RAM map:
[    0.000000] BIOS-e820: [mem 0x0000000000000000-0x000000000009d7ff] usable
[    0.000000] BIOS-e820: [mem 0x000000000009d800-0x000000000009ffff] reserved
[    0.000000] BIOS-e820: [mem 0x00000000000e0000-0x00000000000fffff] reserved
[    0.000000] BIOS-e820: [mem 0x0000000000100000-0x00000000bed9afff] usable
[    0.000000] BIOS-e820: [mem 0x00000000bed9b000-0x00000000bf39afff] reserved
[    0.000000] BIOS-e820: [mem 0x00000000bf39b000-0x00000000bf49afff] ACPI NVS
[    0.000000] BIOS-e820: [mem 0x00000000bf49b000-0x00000000bf51afff] ACPI data
[    0.000000] BIOS-e820: [mem 0x00000000bf51b000-0x00000000bfdfffff] usable
[    0.000000] BIOS-e820: [mem 0x00000000bfe00000-0x00000000bfffffff] reserved
[    0.000000] BIOS-e820: [mem 0x00000000fec00000-0x00000000fecfffff] reserved
[    0.000000] BIOS-e820: [mem 0x00000000fed80000-0x00000000fed80fff] reserved
[    0.000000] BIOS-e820: [mem 0x00000000ffe00000-0x00000000ffffffff] reserved
[    0.000000] BIOS-e820: [mem 0x0000000100000000-0x000000041effffff] usable
[    0.000000] bootconsole [earlyvga0] enabled
[    0.000000] NX (Execute Disable) protection: active
[    0.000000] SMBIOS 2.6 present.
[    0.000000] DMI: LENOVO Sabine/Torpedo, BIOS 54CN18WW 07/20/2011
[    0.000000] e820: update [mem 0x00000000-0x00000fff] usable ==> reserved
[    0.000000] e820: remove [mem 0x000a0000-0x000fffff] usable
[    0.000000] e820: last_pfn = 0x41f000 max_arch_pfn = 0x400000000
[    0.000000] MTRR default type: uncachable
[    0.000000] MTRR fixed ranges enabled:
[    0.000000]   00000-9FFFF write-back
[    0.000000]   A0000-BFFFF uncachable
[    0.000000]   C0000-FFFFF write-protect
[    0.000000] MTRR variable ranges enabled:
[    0.000000]   0 base 0000000000 mask FF80000000 write-back
[    0.000000]   1 base 0080000000 mask FFC0000000 write-back
[    0.000000]   2 base 00FFF90000 mask FFFFFF0000 uncachable
[    0.000000]   3 base 00FED80000 mask 0FFFFFF000 uncachable
[    0.000000]   4 disabled
[    0.000000]   5 disabled
[    0.000000]   6 disabled
[    0.000000]   7 base 00FFE00000 mask FFFFE00000 write-protect
[    0.000000] TOM2: 000000041f000000 aka 16880M
[    0.000000] x86/PAT: Configuration [0-7]: WB  WC  UC- UC  WB  WC  UC- WT  
[    0.000000] mtrr: your BIOS has configured an incorrect mask, fixing it.
[    0.000000] e820: last_pfn = 0xbfe00 max_arch_pfn = 0x400000000
[    0.000000] Scan for SMP in [mem 0x00000000-0x000003ff]
[    0.000000] Scan for SMP in [mem 0x0009fc00-0x0009ffff]
[    0.000000] Scan for SMP in [mem 0x000f0000-0x000fffff]
[    0.000000] found SMP MP-table at [mem 0x000fa8b0-0x000fa8bf] mapped at [ffff9855c00fa8b0]
[    0.000000]   mpc: fa8c0-faa24
[    0.000000] Base memory trampoline at [ffff9855c0097000] 97000 size 24576
[    0.000000] Using GB pages for direct mapping
[    0.000000] BRK [0x10b030000, 0x10b030fff] PGTABLE
[    0.000000] BRK [0x10b031000, 0x10b031fff] PGTABLE
[    0.000000] BRK [0x10b032000, 0x10b032fff] PGTABLE
[    0.000000] BRK [0x10b033000, 0x10b033fff] PGTABLE
[    0.000000] BRK [0x10b034000, 0x10b034fff] PGTABLE
[    0.000000] BRK [0x10b035000, 0x10b035fff] PGTABLE
[    0.000000] log_buf_len: 16777216 bytes
[    0.000000] early log buf free: 2092580(99%)
[    0.000000] RAMDISK: [mem 0x37b83000-0x37db8fff]
[    0.000000] ACPI: Early table checksum verification disabled
[    0.000000] ACPI: RSDP 0x00000000000F0110 000024 (v02 LENOVO)
[    0.000000] ACPI: XSDT 0x00000000BF51A120 000074 (v01 LENOVO CB-01    00000001 LENO 00000001)
[    0.000000] ACPI: FACP 0x00000000BF508000 0000F4 (v04 LENOVO CB-01    00000001 PTL  00000001)
[    0.000000] ACPI: DSDT 0x00000000BF50A000 00FD10 (v01 LENOVO CB-01    00001000 LENO 00000001)
[    0.000000] ACPI: FACS 0x00000000BF478000 000040
[    0.000000] ACPI: FACS 0x00000000BF478000 000040
[    0.000000] ACPI: HPET 0x00000000BF507000 000038 (v01 LENOVO CB-01    00000001 PTL  00000001)
[    0.000000] ACPI: APIC 0x00000000BF506000 00007A (v02 LENOVO CB-01    00000001 PTL  00000001)
[    0.000000] ACPI: MCFG 0x00000000BF505000 00003C (v01 LENOVO CB-01    00000001 PTL  00000001)
[    0.000000] ACPI: SLIC 0x00000000BF504000 000176 (v01 LENOVO CB-01    00000001 LENO 00000001)
[    0.000000] ACPI: UEFI 0x00000000BF503000 00003E (v01 LENOVO CB-01    00000001 PTL  00000001)
[    0.000000] ACPI: UEFI 0x00000000BF502000 000042 (v01 PTL    COMBUF   00000001 PTL  00000001)
[    0.000000] ACPI: SSDT 0x00000000BF501000 000E34 (v01 AMD    POWERNOW 00000001 AMD  00000001)
[    0.000000] ACPI: SSDT 0x00000000BF4FF000 00193D (v02 AMD    ALIB     00000001 MSFT 04000000)
[    0.000000] ACPI: UEFI 0x00000000BF4FE000 0001DE (v01 LENOVO CB-01    00000001 PTL  00000001)
[    0.000000] ACPI: Local APIC address 0xfee00000
[    0.000000] mapped APIC to ffffffffff7fc000 (        fee00000)
[    0.000000] No NUMA configuration found
[    0.000000] Faking a node at [mem 0x0000000000000000-0x000000041effffff]
[    0.000000] NODE_DATA(0) allocated [mem 0x41dff9000-0x41dffcfff]
[    0.000000] Zone ranges:
[    0.000000]   DMA      [mem 0x0000000000001000-0x0000000000ffffff]
[    0.000000]   DMA32    [mem 0x0000000001000000-0x00000000ffffffff]
[    0.000000]   Normal   [mem 0x0000000100000000-0x000000041effffff]
[    0.000000] Movable zone start for each node
[    0.000000] Early memory node ranges
[    0.000000]   node   0: [mem 0x0000000000001000-0x000000000009cfff]
[    0.000000]   node   0: [mem 0x0000000000100000-0x00000000bed9afff]
[    0.000000]   node   0: [mem 0x00000000bf51b000-0x00000000bfdfffff]
[    0.000000]   node   0: [mem 0x0000000100000000-0x000000041effffff]
[    0.000000] Initmem setup node 0 [mem 0x0000000000001000-0x000000041effffff]
[    0.000000] On node 0 totalpages: 4056604
[    0.000000]   DMA zone: 64 pages used for memmap
[    0.000000]   DMA zone: 21 pages reserved
[    0.000000]   DMA zone: 3996 pages, LIFO batch:0
[    0.000000]   DMA32 zone: 12186 pages used for memmap
[    0.000000]   DMA32 zone: 779904 pages, LIFO batch:31
[    0.000000]   Normal zone: 51136 pages used for memmap
[    0.000000]   Normal zone: 3272704 pages, LIFO batch:31
[    0.000000] ACPI: PM-Timer IO Port: 0x808
[    0.000000] ACPI: Local APIC address 0xfee00000
[    0.000000] mapped APIC to ffffffffff7fc000 (        fee00000)
[    0.000000] ACPI: LAPIC (acpi_id[0x00] lapic_id[0x00] enabled)
[    0.000000] ACPI: LAPIC (acpi_id[0x01] lapic_id[0x01] enabled)
[    0.000000] ACPI: LAPIC (acpi_id[0x02] lapic_id[0x02] enabled)
[    0.000000] ACPI: LAPIC (acpi_id[0x03] lapic_id[0x03] enabled)
[    0.000000] ACPI: LAPIC_NMI (acpi_id[0x00] high edge lint[0x1])
[    0.000000] ACPI: LAPIC_NMI (acpi_id[0x01] high edge lint[0x1])
[    0.000000] ACPI: LAPIC_NMI (acpi_id[0x02] high edge lint[0x1])
[    0.000000] ACPI: LAPIC_NMI (acpi_id[0x03] high edge lint[0x1])
[    0.000000] ACPI: IOAPIC (id[0x02] address[0xfec00000] gsi_base[0])
[    0.000000] IOAPIC[0]: apic_id 2, version 33, address 0xfec00000, GSI 0-23
[    0.000000] ACPI: INT_SRC_OVR (bus 0 bus_irq 0 global_irq 2 dfl dfl)
[    0.000000] Int: type 0, pol 0, trig 0, bus 00, IRQ 00, APIC ID 2, APIC INT 02
[    0.000000] Int: type 0, pol 3, trig 3, bus 00, IRQ 09, APIC ID 2, APIC INT 09
[    0.000000] ACPI: IRQ0 used by override.
[    0.000000] Int: type 0, pol 0, trig 0, bus 00, IRQ 01, APIC ID 2, APIC INT 01
[    0.000000] Int: type 0, pol 0, trig 0, bus 00, IRQ 03, APIC ID 2, APIC INT 03
[    0.000000] Int: type 0, pol 0, trig 0, bus 00, IRQ 04, APIC ID 2, APIC INT 04
[    0.000000] Int: type 0, pol 0, trig 0, bus 00, IRQ 05, APIC ID 2, APIC INT 05
[    0.000000] Int: type 0, pol 0, trig 0, bus 00, IRQ 06, APIC ID 2, APIC INT 06
[    0.000000] Int: type 0, pol 0, trig 0, bus 00, IRQ 07, APIC ID 2, APIC INT 07
[    0.000000] Int: type 0, pol 0, trig 0, bus 00, IRQ 08, APIC ID 2, APIC INT 08
[    0.000000] ACPI: IRQ9 used by override.
[    0.000000] Int: type 0, pol 0, trig 0, bus 00, IRQ 0a, APIC ID 2, APIC INT 0a
[    0.000000] Int: type 0, pol 0, trig 0, bus 00, IRQ 0b, APIC ID 2, APIC INT 0b
[    0.000000] Int: type 0, pol 0, trig 0, bus 00, IRQ 0c, APIC ID 2, APIC INT 0c
[    0.000000] Int: type 0, pol 0, trig 0, bus 00, IRQ 0d, APIC ID 2, APIC INT 0d
[    0.000000] Int: type 0, pol 0, trig 0, bus 00, IRQ 0e, APIC ID 2, APIC INT 0e
[    0.000000] Int: type 0, pol 0, trig 0, bus 00, IRQ 0f, APIC ID 2, APIC INT 0f
[    0.000000] Using ACPI (MADT) for SMP configuration information
[    0.000000] ACPI: HPET id: 0x43538210 base: 0xfed00000
[    0.000000] smpboot: Allowing 4 CPUs, 0 hotplug CPUs
[    0.000000] mapped IOAPIC to ffffffffff7fb000 (fec00000)
[    0.000000] e820: [mem 0xc0000000-0xfebfffff] available for PCI devices
[    0.000000] clocksource: refined-jiffies: mask: 0xffffffff max_cycles: 0xffffffff, max_idle_ns: 1910969940391419 ns
[    0.000000] setup_percpu: NR_CPUS:64 nr_cpumask_bits:64 nr_cpu_ids:4 nr_node_ids:1
[    0.000000] percpu: Embedded 33 pages/cpu @ffff9859ddc00000 s95832 r8192 d31144 u524288
[    0.000000] pcpu-alloc: s95832 r8192 d31144 u524288 alloc=1*2097152
[    0.000000] pcpu-alloc: [0] 0 1 2 3 
[    0.000000] Built 1 zonelists in Node order, mobility grouping on.  Total pages: 3993197
[    0.000000] Policy zone: Normal
[    0.000000] Kernel command line: BOOT_IMAGE=/boot/vmlinuz-linux-git root=UUID=96efaea0-86dc-485a-af36-36706f9f3908 rw root_trim=yes rd.luks.allow-discards ipv6.disable=1 pnp.debug=1 loglevel=9 log_buf_len=10M printk.always_kmsg_dump=y printk.time=y printk.devkmsg=on mminit_loglevel=0 memory_corruption_check=1 nohz=on rcu_nocbs=1-3 fbcon=scrollback:4096k fbcon=font:ProFont6x11 apic=debug dynamic_debug.verbose=1 "dyndbg=file arch/x86/kernel/apic/* +pflmt ; file drivers/video/* +pflmt ; file drivers/input/* -pflmt ; file drivers/acpi/* -pflmt" acpi_backlight=vendor radeon.audio=0 radeon.lockup_timeout=999000 radeon.test=0 radeon.agpmode=-1 radeon.benchmark=0 radeon.tv=0 radeon.hard_reset=1 radeon.msi=1 radeon.pcie_gen2=-1 radeon.no_wb=1 radeon.dynclks=0 radeon.r4xx_atom=0 radeonfb radeon.fastfb=1 radeon.dpm=1 radeon.runpm=1 rd.debug rd.udev.debug rd.memdebug=3 net.ifnames=1 slub_debug=U pax_sanitize_slab=full noefi nolvm dobtrfs console=tty1 earlyprintk=vga CPUunderclocking radeon.modeset=1 
[    0.000000] PCIe ASPM is disabled
[    0.000000] PID hash table entries: 4096 (order: 3, 32768 bytes)
[    0.000000] Memory: 15870372K/16226416K available (7820K kernel code, 740K rwdata, 3032K rodata, 880K init, 2628K bss, 356044K reserved, 0K cma-reserved)
[    0.000000] SLUB: HWalign=64, Order=0-3, MinObjects=0, CPUs=4, Nodes=1
[    0.000000] Preemptible hierarchical RCU implementation.
[    0.000000] 	Build-time adjustment of leaf fanout to 64.
[    0.000000] 	RCU restricting CPUs from NR_CPUS=64 to nr_cpu_ids=4.
[    0.000000] RCU: Adjusting geometry for rcu_fanout_leaf=64, nr_cpu_ids=4
[    0.000000] NR_IRQS:4352 nr_irqs:456 16
[    0.000000] spurious 8259A interrupt: IRQ7.
[    0.000000] vgacon: allocated 4194304 bytes of memory for scrollback. CONFIG_VGACON_SOFT_SCROLLBACK_SIZE=4096
[    0.000000] Console: colour VGA+ 80x25
[    0.000000] console [tty1] enabled
[    0.000000] bootconsole [earlyvga0] disabled
[    0.000000] clocksource: hpet: mask: 0xffffffff max_cycles: 0xffffffff, max_idle_ns: 133484873504 ns
[    0.000000] hpet clockevent registered
[    0.000000] tsc: Fast TSC calibration using PIT
[    0.000000] tsc: Detected 1397.443 MHz processor
[    0.000047] Calibrating delay loop (skipped), value calculated using timer frequency.. 2794.88 BogoMIPS (lpj=1397443)
[    0.000170] pid_max: default: 32768 minimum: 301
[    0.000291] ACPI: Core revision 20160422
[    0.000472] ACPI: acpi_os_initialize: map reset_reg status 0
[    0.254673] random: fast init done
[    0.884121] ACPI: 3 ACPI AML tables successfully acquired and loaded

[    0.884710] Security Framework initialized
[    0.886629] Dentry cache hash table entries: 2097152 (order: 12, 16777216 bytes)
[    0.893413] Inode-cache hash table entries: 1048576 (order: 11, 8388608 bytes)
[    0.896762] Mount-cache hash table entries: 32768 (order: 6, 262144 bytes)
[    0.896998] Mountpoint-cache hash table entries: 32768 (order: 6, 262144 bytes)
[    0.899898] [Firmware Info]: CPU: 'AMD A6-3400M APU with Radeon(tm) HD Graphics' has AMD errata 665 Integer Divide Instruction May Cause Unpredictable Behavior.'
[    0.900172] [Firmware Info]: CPU: Double-checked CPU type. 'AMD A6-3400M APU with Radeon(tm) HD Graphics'
[    0.900350] [Firmware Info]: CPU: Setting workaround for 665...(set 'no665wo' in /proc/cmdline to disable)
[    0.900530] CPU: Physical Processor ID: 0
[    0.900667] CPU: Processor Core ID: 0
[    0.900796] mce: CPU supports 6 MCE banks
[    0.900963] Last level iTLB entries: 4KB 512, 2MB 16, 4MB 8
[    0.901140] Last level dTLB entries: 4KB 1024, 2MB 128, 4MB 64, 1GB 0
[    0.902009] Freeing SMP alternatives memory: 28K (ffffffff9d197000 - ffffffff9d19e000)
[    0.902983] smpboot: Max logical packages: 1
[    0.903161] smpboot: APIC(0) Converting physical 0 to logical package 0
[    0.903301] enabled ExtINT on CPU#0
[    0.903603] ENABLING IO-APIC IRQs
[    0.903755] init IO_APIC IRQs
[    0.903883]  apic 2 pin 0 not connected
[    0.904103] IOAPIC[0]: Set routing entry (2-1 -> 0x31 -> IRQ 1 Mode:0 Active:0 Dest:1)
[    0.904377] IOAPIC[0]: Set routing entry (2-2 -> 0x30 -> IRQ 0 Mode:0 Active:0 Dest:1)
[    0.904590] IOAPIC[0]: Set routing entry (2-3 -> 0x33 -> IRQ 3 Mode:0 Active:0 Dest:1)
[    0.904803] IOAPIC[0]: Set routing entry (2-4 -> 0x34 -> IRQ 4 Mode:0 Active:0 Dest:1)
[    0.905015] IOAPIC[0]: Set routing entry (2-5 -> 0x35 -> IRQ 5 Mode:0 Active:0 Dest:1)
[    0.905226] IOAPIC[0]: Set routing entry (2-6 -> 0x36 -> IRQ 6 Mode:0 Active:0 Dest:1)
[    0.905497] IOAPIC[0]: Set routing entry (2-7 -> 0x37 -> IRQ 7 Mode:0 Active:0 Dest:1)
[    0.905713] IOAPIC[0]: Set routing entry (2-8 -> 0x38 -> IRQ 8 Mode:0 Active:0 Dest:1)
[    0.905915] IOAPIC[0]: Set routing entry (2-9 -> 0x39 -> IRQ 9 Mode:1 Active:1 Dest:1)
[    0.906117] IOAPIC[0]: Set routing entry (2-10 -> 0x3a -> IRQ 10 Mode:0 Active:0 Dest:1)
[    0.906319] IOAPIC[0]: Set routing entry (2-11 -> 0x3b -> IRQ 11 Mode:0 Active:0 Dest:1)
[    0.906520] IOAPIC[0]: Set routing entry (2-12 -> 0x3c -> IRQ 12 Mode:0 Active:0 Dest:1)
[    0.906721] IOAPIC[0]: Set routing entry (2-13 -> 0x3d -> IRQ 13 Mode:0 Active:0 Dest:1)
[    0.906921] IOAPIC[0]: Set routing entry (2-14 -> 0x3e -> IRQ 14 Mode:0 Active:0 Dest:1)
[    0.907120] IOAPIC[0]: Set routing entry (2-15 -> 0x3f -> IRQ 15 Mode:0 Active:0 Dest:1)
[    0.907285]  apic 2 pin 16 not connected
[    0.907405]  apic 2 pin 17 not connected
[    0.907526]  apic 2 pin 18 not connected
[    0.907646]  apic 2 pin 19 not connected
[    0.907767]  apic 2 pin 20 not connected
[    0.907888]  apic 2 pin 21 not connected
[    0.908008]  apic 2 pin 22 not connected
[    0.908129]  apic 2 pin 23 not connected
[    0.908427] ..TIMER: vector=0x30 apic1=0 pin1=2 apic2=-1 pin2=-1
[    0.918555] Using local APIC timer interrupts.
               calibrating APIC timer ...
[    1.020668] ... lapic delta = 1247740
[    1.020797] ... PM-Timer delta = 357957
[    1.020925] ... PM-Timer result ok
[    1.021053] ..... delta 1247740
[    1.021181] ..... mult: 53590024
[    1.021309] ..... calibration result: 199638
[    1.021438] ..... CPU clock speed is 1397.0469 MHz.
[    1.021568] ..... host bus clock speed is 199.0638 MHz.
[    1.021663] smpboot: CPU0: AMD A6-3400M APU with Radeon(tm) HD Graphics (family: 0x12, model: 0x1, stepping: 0x0)
[    1.021991] Performance Events: AMD PMU driver.
[    1.022158] ... version:                0
[    1.022286] ... bit width:              48
[    1.022415] ... generic registers:      4
[    1.022543] ... value mask:             0000ffffffffffff
[    1.022677] ... max period:             00007fffffffffff
[    1.022807] ... fixed-purpose events:   0
[    1.022935] ... event mask:             000000000000000f
[    1.028698] dynamic_debug:ddebug_add_module: 2 debug prints in module main
[    1.028902] dynamic_debug:ddebug_add_module: 1 debug prints in module initramfs
[    1.029083] dynamic_debug:ddebug_add_module: 3 debug prints in module ibs
[    1.029221] dynamic_debug:ddebug_add_module: 1 debug prints in module common
[    1.029368] dynamic_debug:ddebug_add_module: 1 debug prints in module amd
[    1.029507] dynamic_debug:ddebug_add_module: 2 debug prints in module main
[    1.029644] dynamic_debug:ddebug_add_module: 7 debug prints in module generic
[    1.029781] dynamic_debug:ddebug_add_module: 15 debug prints in module cleanup
[    1.029956] dynamic_debug:ddebug_add_module: 8 debug prints in module microcode
[    1.030133] dynamic_debug:ddebug_add_module: 3 debug prints in module boot
[    1.030268] dynamic_debug:ddebug_add_module: 22 debug prints in module smpboot
[    1.030443] dynamic_debug:ddebug_add_module: 1 debug prints in module tsc_sync
[    1.030605] dynamic_debug:ddebug_add_module: 2 debug prints in module setup_percpu
[    1.030776] dynamic_debug:ddebug_add_module: 30 debug prints in module vector
[    1.030901] dynamic_debug:ddebug_add_module: 2 debug prints in module init
[    1.031036] dynamic_debug:ddebug_add_module: 6 debug prints in module init_64
[    1.031169] dynamic_debug:ddebug_add_module: 1 debug prints in module numa
[    1.031297] dynamic_debug:ddebug_add_module: 4 debug prints in module params
[    1.031421] dynamic_debug:ddebug_add_module: 4 debug prints in module async
[    1.031545] dynamic_debug:ddebug_add_module: 1 debug prints in module manage
[    1.031673] dynamic_debug:ddebug_add_module: 14 debug prints in module irqdomain
[    1.031834] dynamic_debug:ddebug_add_module: 2 debug prints in module msi
[    1.031959] dynamic_debug:ddebug_add_module: 2 debug prints in module freezer
[    1.032086] dynamic_debug:ddebug_add_module: 19 debug prints in module module
[    1.032210] dynamic_debug:ddebug_add_module: 1 debug prints in module cgroup
[    1.032340] dynamic_debug:ddebug_add_module: 6 debug prints in module mempolicy
[    1.032510] dynamic_debug:ddebug_add_module: 1 debug prints in module sparse_vmemmap
[    1.032690] dynamic_debug:ddebug_add_module: 1 debug prints in module vmpressure
[    1.032861] dynamic_debug:ddebug_add_module: 1 debug prints in module fsnotify
[    1.033029] dynamic_debug:ddebug_add_module: 2 debug prints in module notification
[    1.033192] dynamic_debug:ddebug_add_module: 1 debug prints in module inotify_fsnotify
[    1.033354] dynamic_debug:ddebug_add_module: 5 debug prints in module inotify_user
[    1.033517] dynamic_debug:ddebug_add_module: 6 debug prints in module fanotify
[    1.033683] dynamic_debug:ddebug_add_module: 13 debug prints in module fanotify_user
[    1.033848] dynamic_debug:ddebug_add_module: 20 debug prints in module aio
[    1.033975] dynamic_debug:ddebug_add_module: 14 debug prints in module binfmt_misc
[    1.034147] dynamic_debug:ddebug_add_module: 2 debug prints in module mount
[    1.034279] dynamic_debug:ddebug_add_module: 1 debug prints in module dir
[    1.034408] dynamic_debug:ddebug_add_module: 8 debug prints in module configfs
[    1.034570] dynamic_debug:ddebug_add_module: 1 debug prints in module debugfs
[    1.034700] dynamic_debug:ddebug_add_module: 22 debug prints in module btrfs
[    1.034825] dynamic_debug:ddebug_add_module: 2 debug prints in module ramoops
[    1.034949] dynamic_debug:ddebug_add_module: 1 debug prints in module inode
[    1.035075] dynamic_debug:ddebug_add_module: 6 debug prints in module asymmetric_keys
[    1.035239] dynamic_debug:ddebug_add_module: 13 debug prints in module x509_key_parser
[    1.035406] dynamic_debug:ddebug_add_module: 13 debug prints in module efi
[    1.035538] dynamic_debug:ddebug_add_module: 1 debug prints in module decompress
[    1.035714] dynamic_debug:ddebug_add_module: 10 debug prints in module kobject
[    1.035884] dynamic_debug:ddebug_add_module: 6 debug prints in module kobject_uevent
[    1.036047] dynamic_debug:ddebug_add_module: 1 debug prints in module list_sort
[    1.036210] dynamic_debug:ddebug_add_module: 1 debug prints in module percpu_refcount
[    1.036372] dynamic_debug:ddebug_add_module: 11 debug prints in module asn1_decoder
[    1.036535] dynamic_debug:ddebug_add_module: 5 debug prints in module probe
[    1.036662] dynamic_debug:ddebug_add_module: 4 debug prints in module pci
[    1.036787] dynamic_debug:ddebug_add_module: 1 debug prints in module pci_driver
[    1.036960] dynamic_debug:ddebug_add_module: 3 debug prints in module slot
[    1.037093] dynamic_debug:ddebug_add_module: 3 debug prints in module quirks
[    1.037221] dynamic_debug:ddebug_add_module: 2 debug prints in module pme
[    1.037346] dynamic_debug:ddebug_add_module: 1 debug prints in module pci_hotplug
[    1.037509] dynamic_debug:ddebug_add_module: 12 debug prints in module acpiphp
[    1.039582] dynamic_debug:ddebug_add_module: 1 debug prints in module htirq
[    1.039709] dynamic_debug:ddebug_add_module: 1 debug prints in module pci_acpi
[    1.039871] dynamic_debug:ddebug_add_module: 3 debug prints in module backlight
[    1.040041] dynamic_debug:ddebug_add_module: 4 debug prints in module fb
[    1.040175] dynamic_debug:ddebug_add_module: 7 debug prints in module tables
[    1.040311] dynamic_debug:ddebug_add_module: 48 debug prints in module acpi
[    1.040435] dynamic_debug:ddebug_add_module: 3 debug prints in module fan
[    1.040559] dynamic_debug:ddebug_add_module: 1 debug prints in module video
[    1.040686] dynamic_debug:ddebug_add_module: 4 debug prints in module pci_slot
[    1.040849] dynamic_debug:ddebug_add_module: 7 debug prints in module processor
[    1.041015] dynamic_debug:ddebug_add_module: 4 debug prints in module pnp
[    1.041140] dynamic_debug:ddebug_add_module: 3 debug prints in module acpi_dma
[    1.041308] dynamic_debug:ddebug_add_module: 11 debug prints in module core
[    1.041440] dynamic_debug:ddebug_add_module: 1 debug prints in module fixed
[    1.041573] dynamic_debug:ddebug_add_module: 6 debug prints in module virtual
[    1.041704] dynamic_debug:ddebug_add_module: 3 debug prints in module lp3971
[    1.041829] dynamic_debug:ddebug_add_module: 3 debug prints in module lp3972
[    1.041954] dynamic_debug:ddebug_add_module: 6 debug prints in module tty_io
[    1.042079] dynamic_debug:ddebug_add_module: 1 debug prints in module vt_ioctl
[    1.042241] dynamic_debug:ddebug_add_module: 5 debug prints in module serial_core
[    1.042404] dynamic_debug:ddebug_add_module: 4 debug prints in module 8250
[    1.042529] dynamic_debug:ddebug_add_module: 5 debug prints in module 8250_base
[    1.042690] dynamic_debug:ddebug_add_module: 1 debug prints in module tpm
[    1.042823] dynamic_debug:ddebug_add_module: 10 debug prints in module tpm_tis_core
[    1.042991] dynamic_debug:ddebug_add_module: 2 debug prints in module dmar
[    1.043117] dynamic_debug:ddebug_add_module: 3 debug prints in module drm
[    1.043242] dynamic_debug:ddebug_add_module: 3 debug prints in module ttm
[    1.043366] dynamic_debug:ddebug_add_module: 2 debug prints in module radeon
[    1.043492] dynamic_debug:ddebug_add_module: 17 debug prints in module vgaarb
[    1.043617] dynamic_debug:ddebug_add_module: 7 debug prints in module component
[    1.043779] dynamic_debug:ddebug_add_module: 11 debug prints in module core
[    1.043903] dynamic_debug:ddebug_add_module: 9 debug prints in module bus
[    1.043984] dynamic_debug:ddebug_add_module: 17 debug prints in module dd
[    1.044113] dynamic_debug:ddebug_add_module: 5 debug prints in module class
[    1.044245] dynamic_debug:ddebug_add_module: 4 debug prints in module platform
[    1.044416] dynamic_debug:ddebug_add_module: 7 debug prints in module firmware_class
[    1.044579] dynamic_debug:ddebug_add_module: 1 debug prints in module regmap
[    1.044707] dynamic_debug:ddebug_add_module: 7 debug prints in module regcache
[    1.044866] dynamic_debug:ddebug_add_module: 1 debug prints in module regcache_lzo
[    1.045026] dynamic_debug:ddebug_add_module: 1 debug prints in module dma_buf
[    1.045101] dynamic_debug:ddebug_add_module: 3 debug prints in module scsi_mod
[    1.045259] dynamic_debug:ddebug_add_module: 2 debug prints in module libphy
[    1.045384] dynamic_debug:ddebug_add_module: 1 debug prints in module r8169
[    1.045532] dynamic_debug:ddebug_add_module: 98 debug prints in module cdrom
[    1.045685] dynamic_debug:ddebug_add_module: 150 debug prints in module usbcore
[    1.045856] dynamic_debug:ddebug_add_module: 5 debug prints in module phy
[    1.045989] dynamic_debug:ddebug_add_module: 10 debug prints in module pci_quirks
[    1.046162] dynamic_debug:ddebug_add_module: 55 debug prints in module ehci_hcd
[    1.046320] dynamic_debug:ddebug_add_module: 2 debug prints in module ehci_pci
[    1.046485] dynamic_debug:ddebug_add_module: 46 debug prints in module ohci_hcd
[    1.046688] dynamic_debug:ddebug_add_module: 263 debug prints in module xhci_hcd
[    1.046897] dynamic_debug:ddebug_add_module: 3 debug prints in module xhci_pci
[    1.047060] dynamic_debug:ddebug_add_module: 10 debug prints in module usb_storage
[    1.047232] dynamic_debug:ddebug_add_module: 1 debug prints in module ums_realtek
[    1.047410] dynamic_debug:ddebug_add_module: 6 debug prints in module input_core
[    1.047577] dynamic_debug:ddebug_add_module: 4 debug prints in module atkbd
[    1.047707] dynamic_debug:ddebug_add_module: 15 debug prints in module psmouse
[    1.047870] dynamic_debug:ddebug_add_module: 7 debug prints in module rtc_core
[    1.048033] dynamic_debug:ddebug_add_module: 5 debug prints in module rtc_cmos
[    1.048194] dynamic_debug:ddebug_add_module: 1 debug prints in module i2c_boardinfo
[    1.048359] dynamic_debug:ddebug_add_module: 20 debug prints in module i2c_core
[    1.048526] dynamic_debug:ddebug_add_module: 2 debug prints in module i2c_smbus
[    1.048705] dynamic_debug:ddebug_add_module: 17 debug prints in module i2c_algo_bit
[    1.048877] dynamic_debug:ddebug_add_module: 11 debug prints in module power_supply
[    1.049042] dynamic_debug:ddebug_add_module: 1 debug prints in module hwmon
[    1.049168] dynamic_debug:ddebug_add_module: 9 debug prints in module thermal_sys
[    1.049336] dynamic_debug:ddebug_add_module: 43 debug prints in module cpufreq
[    1.049498] dynamic_debug:ddebug_add_module: 9 debug prints in module freq_table
[    1.049661] dynamic_debug:ddebug_add_module: 2 debug prints in module cpufreq_stats
[    1.049823] dynamic_debug:ddebug_add_module: 1 debug prints in module cpufreq_performance
[    1.049994] dynamic_debug:ddebug_add_module: 22 debug prints in module acpi_cpufreq
[    1.050160] dynamic_debug:ddebug_add_module: 3 debug prints in module dmi_scan
[    1.050328] dynamic_debug:ddebug_add_module: 1 debug prints in module hid
[    1.050461] dynamic_debug:ddebug_add_module: 8 debug prints in module usbhid
[    1.050591] dynamic_debug:ddebug_add_module: 2 debug prints in module i386
[    1.050717] dynamic_debug:ddebug_add_module: 2 debug prints in module fixup
[    1.050846] dynamic_debug:ddebug_add_module: 7 debug prints in module irq
[    1.050971] dynamic_debug:ddebug_add_module: 1 debug prints in module sock
[    1.051099] dynamic_debug:ddebug_add_module: 17 debug prints in module dev
[    1.051224] dynamic_debug:ddebug_add_module: 2 debug prints in module sch_api
[    1.051349] dynamic_debug:ddebug_add_module: 1 debug prints in module act_api
[    1.051473] dynamic_debug:ddebug_add_module: 1 debug prints in module route
[    1.051598] dynamic_debug:ddebug_add_module: 1 debug prints in module ip_fragment
[    1.051775] dynamic_debug:ddebug_add_module: 1 debug prints in module ip_output
[    1.051945] dynamic_debug:ddebug_add_module: 1 debug prints in module tcp
[    1.052073] dynamic_debug:ddebug_add_module: 5 debug prints in module tcp_input
[    1.052235] dynamic_debug:ddebug_add_module: 3 debug prints in module tcp_output
[    1.052397] dynamic_debug:ddebug_add_module: 2 debug prints in module tcp_timer
[    1.052558] dynamic_debug:ddebug_add_module: 1 debug prints in module tcp_ipv4
[    1.052721] dynamic_debug:ddebug_add_module: 1 debug prints in module tcp_cong
[    1.052884] dynamic_debug:ddebug_add_module: 8 debug prints in module udp
[    1.053008] dynamic_debug:ddebug_add_module: 1 debug prints in module arp
[    1.053140] dynamic_debug:ddebug_add_module: 2 debug prints in module icmp
[    1.053272] dynamic_debug:ddebug_add_module: 1 debug prints in module devinet
[    1.053403] dynamic_debug:ddebug_add_module: 8 debug prints in module fib_trie
[    1.053564] dynamic_debug:ddebug_add_module: 1 debug prints in module inet_fragment
[    1.053730] dynamic_debug:ddebug_add_module: 24 debug prints in module ping
[    1.053854] dynamic_debug:ddebug_add_module: 1 debug prints in module sysctl_net_ipv4
[    1.054019] dynamic_debug:ddebug_add_module: 2 debug prints in module ip6_checksum
[    1.054176] dynamic_debug:dynamic_debug_init: 158 modules, 1525 entries and 6320 bytes in ddebug tables, 122011 bytes in (readonly) verbose section
[    1.054346] dynamic_debug:ddebug_dyndbg_boot_param_cb: BOOT_IMAGE="/boot/vmlinuz-linux-git"
[    1.054505] dynamic_debug:ddebug_dyndbg_boot_param_cb: root="UUID=96efaea0-86dc-485a-af36-36706f9f3908"
[    1.054673] dynamic_debug:ddebug_dyndbg_boot_param_cb: rw="(null)"
[    1.054796] dynamic_debug:ddebug_dyndbg_boot_param_cb: root_trim="yes"
[    1.054918] dynamic_debug:ddebug_dyndbg_boot_param_cb: rd.luks.allow-discards="(null)"
[    1.055074] dynamic_debug:ddebug_dyndbg_boot_param_cb: ipv6.disable="1"
[    1.055193] dynamic_debug:ddebug_dyndbg_boot_param_cb: pnp.debug="1"
[    1.055312] dynamic_debug:ddebug_dyndbg_boot_param_cb: loglevel="9"
[    1.055430] dynamic_debug:ddebug_dyndbg_boot_param_cb: log_buf_len="10M"
[    1.055550] dynamic_debug:ddebug_dyndbg_boot_param_cb: printk.always_kmsg_dump="y"
[    1.055707] dynamic_debug:ddebug_dyndbg_boot_param_cb: printk.time="y"
[    1.055827] dynamic_debug:ddebug_dyndbg_boot_param_cb: printk.devkmsg="on"
[    1.055945] dynamic_debug:ddebug_dyndbg_boot_param_cb: mminit_loglevel="0"
[    1.056065] dynamic_debug:ddebug_dyndbg_boot_param_cb: memory_corruption_check="1"
[    1.056224] dynamic_debug:ddebug_dyndbg_boot_param_cb: nohz="on"
[    1.056344] dynamic_debug:ddebug_dyndbg_boot_param_cb: rcu_nocbs="1-3"
[    1.056466] dynamic_debug:ddebug_dyndbg_boot_param_cb: fbcon="scrollback:4096k"
[    1.056623] dynamic_debug:ddebug_dyndbg_boot_param_cb: fbcon="font:ProFont6x11"
[    1.056787] dynamic_debug:ddebug_dyndbg_boot_param_cb: apic="debug"
[    1.056908] dynamic_debug:ddebug_dyndbg_boot_param_cb: dynamic_debug.verbose="1"
[    1.058984] dynamic_debug:ddebug_dyndbg_boot_param_cb: dyndbg="file arch/x86/kernel/apic/* +pflmt ; file drivers/video/* +pflmt ; file drivers/input/* -pflmt ; file drivers/acpi/* -pflmt"
[    1.059190] dynamic_debug:ddebug_exec_queries: query 0: "file arch/x86/kernel/apic/* +pflmt "
[    1.059344] dynamic_debug:ddebug_tokenize: split into words: "file" "arch/x86/kernel/apic/*" "+pflmt"
[    1.059631] dynamic_debug:ddebug_parse_flags: op='+'
[    1.059753] dynamic_debug:ddebug_parse_flags: flags=0x1f
[    1.059871] dynamic_debug:ddebug_parse_flags: *flagsp=0x1f *maskp=0xffffffff
[    1.059991] dynamic_debug:vpr_info_dq: parsed: func="" file="arch/x86/kernel/apic/*" module="" format="" lineno=0-0
[    1.060167] dynamic_debug:ddebug_change: changed arch/x86/kernel/apic/vector.c:919 [vector]print_PIC =pmflt
[    1.060326] dynamic_debug:ddebug_change: changed arch/x86/kernel/apic/vector.c:916 [vector]print_PIC =pmflt
[    1.060486] dynamic_debug:ddebug_change: changed arch/x86/kernel/apic/vector.c:906 [vector]print_PIC =pmflt
[    1.060646] dynamic_debug:ddebug_change: changed arch/x86/kernel/apic/vector.c:903 [vector]print_PIC =pmflt
[    1.060809] dynamic_debug:ddebug_change: changed arch/x86/kernel/apic/vector.c:898 [vector]print_PIC =pmflt
[    1.060978] dynamic_debug:ddebug_change: changed arch/x86/kernel/apic/vector.c:868 [vector]print_local_APIC =pmflt
[    1.061146] dynamic_debug:ddebug_change: changed arch/x86/kernel/apic/vector.c:865 [vector]print_local_APIC =pmflt
[    1.061312] dynamic_debug:ddebug_change: changed arch/x86/kernel/apic/vector.c:863 [vector]print_local_APIC =pmflt
[    1.061472] dynamic_debug:ddebug_change: changed arch/x86/kernel/apic/vector.c:858 [vector]print_local_APIC =pmflt
[    1.061631] dynamic_debug:ddebug_change: changed arch/x86/kernel/apic/vector.c:856 [vector]print_local_APIC =pmflt
[    1.061794] dynamic_debug:ddebug_change: changed arch/x86/kernel/apic/vector.c:854 [vector]print_local_APIC =pmflt
[    1.061955] dynamic_debug:ddebug_change: changed arch/x86/kernel/apic/vector.c:850 [vector]print_local_APIC =pmflt
[    1.062115] dynamic_debug:ddebug_change: changed arch/x86/kernel/apic/vector.c:845 [vector]print_local_APIC =pmflt
[    1.062275] dynamic_debug:ddebug_change: changed arch/x86/kernel/apic/vector.c:843 [vector]print_local_APIC =pmflt
[    1.062442] dynamic_debug:ddebug_change: changed arch/x86/kernel/apic/vector.c:840 [vector]print_local_APIC =pmflt
[    1.062605] dynamic_debug:ddebug_change: changed arch/x86/kernel/apic/vector.c:835 [vector]print_local_APIC =pmflt
[    1.062777] dynamic_debug:ddebug_change: changed arch/x86/kernel/apic/vector.c:832 [vector]print_local_APIC =pmflt
[    1.062946] dynamic_debug:ddebug_change: changed arch/x86/kernel/apic/vector.c:831 [vector]print_local_APIC =pmflt
[    1.063111] dynamic_debug:ddebug_change: changed arch/x86/kernel/apic/vector.c:827 [vector]print_local_APIC =pmflt
[    1.063270] dynamic_debug:ddebug_change: changed arch/x86/kernel/apic/vector.c:817 [vector]print_local_APIC =pmflt
[    1.063430] dynamic_debug:ddebug_change: changed arch/x86/kernel/apic/vector.c:815 [vector]print_local_APIC =pmflt
[    1.063594] dynamic_debug:ddebug_change: changed arch/x86/kernel/apic/vector.c:813 [vector]print_local_APIC =pmflt
[    1.063759] dynamic_debug:ddebug_change: changed arch/x86/kernel/apic/vector.c:811 [vector]print_local_APIC =pmflt
[    1.063922] dynamic_debug:ddebug_change: changed arch/x86/kernel/apic/vector.c:808 [vector]print_local_APIC =pmflt
[    1.064086] dynamic_debug:ddebug_change: changed arch/x86/kernel/apic/vector.c:805 [vector]print_local_APIC =pmflt
[    1.064259] dynamic_debug:ddebug_change: changed arch/x86/kernel/apic/vector.c:801 [vector]print_local_APIC =pmflt
[    1.064431] dynamic_debug:ddebug_change: changed arch/x86/kernel/apic/vector.c:792 [vector]print_local_APIC =pmflt
[    1.064597] dynamic_debug:ddebug_change: changed arch/x86/kernel/apic/vector.c:789 [vector]print_local_APIC =pmflt
[    1.064763] dynamic_debug:ddebug_change: changed arch/x86/kernel/apic/vector.c:782 [vector]print_local_APIC =pmflt
[    1.064927] dynamic_debug:ddebug_change: changed arch/x86/kernel/apic/vector.c:773 [vector]print_local_APIC =pmflt
[    1.065160] dynamic_debug:vpr_info_dq: applied: func="" file="arch/x86/kernel/apic/*" module="" format="" lineno=0-0
[    1.065367] dynamic_debug:ddebug_exec_queries: query 1: "file drivers/video/* +pflmt "
[    1.065525] dynamic_debug:ddebug_tokenize: split into words: "file" "drivers/video/*" "+pflmt"
[    1.065815] dynamic_debug:ddebug_parse_flags: op='+'
[    1.065936] dynamic_debug:ddebug_parse_flags: flags=0x1f
[    1.066058] dynamic_debug:ddebug_parse_flags: *flagsp=0x1f *maskp=0xffffffff
[    1.066178] dynamic_debug:vpr_info_dq: parsed: func="" file="drivers/video/*" module="" format="" lineno=0-0
[    1.066362] dynamic_debug:ddebug_change: changed drivers/video/backlight/backlight.c:333 [backlight]backlight_device_register =pmflt
[    1.066526] dynamic_debug:ddebug_change: changed drivers/video/backlight/backlight.c:177 [backlight]backlight_device_set_brightness =pmflt
[    1.066693] dynamic_debug:ddebug_change: changed drivers/video/backlight/backlight.c:146 [backlight]bl_power_store =pmflt
[    1.066856] dynamic_debug:ddebug_change: changed drivers/video/fbdev/core/fbmon.c:1082 [fb]fb_edid_add_monspecs =pmflt
[    1.067024] dynamic_debug:ddebug_change: changed drivers/video/fbdev/core/fbmon.c:1070 [fb]fb_edid_add_monspecs =pmflt
[    1.067196] dynamic_debug:ddebug_change: changed drivers/video/fbdev/core/fbmon.c:1033 [fb]fb_edid_add_monspecs =pmflt
[    1.067368] dynamic_debug:ddebug_change: changed drivers/video/fbdev/core/fbmon.c:1027 [fb]fb_edid_add_monspecs =pmflt
[    1.067645] dynamic_debug:vpr_info_dq: applied: func="" file="drivers/video/*" module="" format="" lineno=0-0
[    1.067851] dynamic_debug:ddebug_exec_queries: query 2: "file drivers/input/* -pflmt "
[    1.068007] dynamic_debug:ddebug_tokenize: split into words: "file" "drivers/input/*" "-pflmt"
[    1.068240] dynamic_debug:ddebug_parse_flags: op='-'
[    1.068362] dynamic_debug:ddebug_parse_flags: flags=0x1f
[    1.068483] dynamic_debug:ddebug_parse_flags: *flagsp=0x0 *maskp=0xffffffe0
[    1.068608] dynamic_debug:vpr_info_dq: parsed: func="" file="drivers/input/*" module="" format="" lineno=0-0
[    1.068904] dynamic_debug:vpr_info_dq: applied: func="" file="drivers/input/*" module="" format="" lineno=0-0
[    1.069108] dynamic_debug:ddebug_exec_queries: query 3: "file drivers/acpi/* -pflmt"
[    1.069264] dynamic_debug:ddebug_tokenize: split into words: "file" "drivers/acpi/*" "-pflmt"
[    1.069550] dynamic_debug:ddebug_parse_flags: op='-'
[    1.069673] dynamic_debug:ddebug_parse_flags: flags=0x1f
[    1.069792] dynamic_debug:ddebug_parse_flags: *flagsp=0x0 *maskp=0xffffffe0
[    1.069912] dynamic_debug:vpr_info_dq: parsed: func="" file="drivers/acpi/*" module="" format="" lineno=0-0
[    1.070097] dynamic_debug:ddebug_change: changed drivers/acpi/tables.c:211 [tables]acpi_table_print_madt_entry =_
[    1.070259] dynamic_debug:ddebug_change: changed drivers/acpi/tables.c:200 [tables]acpi_table_print_madt_entry =_
[    1.070423] dynamic_debug:ddebug_change: changed drivers/acpi/tables.c:177 [tables]acpi_table_print_madt_entry =_
[    1.070586] dynamic_debug:ddebug_change: changed drivers/acpi/tables.c:167 [tables]acpi_table_print_madt_entry =_
[    1.070755] dynamic_debug:ddebug_change: changed drivers/acpi/tables.c:92 [tables]acpi_table_print_madt_entry =_
[    1.070922] dynamic_debug:ddebug_change: changed drivers/acpi/tables.c:83 [tables]acpi_table_print_madt_entry =_
[    1.071088] dynamic_debug:ddebug_change: changed drivers/acpi/tables.c:73 [tables]acpi_table_print_madt_entry =_
[    1.071251] dynamic_debug:ddebug_change: changed drivers/acpi/osl.c:1644 [acpi]acpi_os_initialize =_
[    1.071423] dynamic_debug:ddebug_change: changed drivers/acpi/device_pm.c:734 [acpi]acpi_pm_device_run_wake =_
[    1.071595] dynamic_debug:ddebug_change: changed drivers/acpi/device_pm.c:633 [acpi]acpi_pm_device_sleep_state =_
[    1.071764] dynamic_debug:ddebug_change: changed drivers/acpi/bus.c:190 [acpi]acpi_print_osc_error =_
[    1.071926] dynamic_debug:ddebug_change: changed drivers/acpi/bus.c:188 [acpi]acpi_print_osc_error =_
[    1.072088] dynamic_debug:ddebug_change: changed drivers/acpi/bus.c:186 [acpi]acpi_print_osc_error =_
[    1.072250] dynamic_debug:ddebug_change: changed drivers/acpi/scan.c:1640 [acpi]acpi_device_dep_initialize =_
[    1.072413] dynamic_debug:ddebug_change: changed drivers/acpi/scan.c:1630 [acpi]acpi_device_dep_initialize =_
[    1.072576] dynamic_debug:ddebug_change: changed drivers/acpi/resource.c:230 [acpi]acpi_decode_space =_
[    1.072740] dynamic_debug:ddebug_change: changed drivers/acpi/resource.c:217 [acpi]acpi_decode_space =_
[    1.072913] dynamic_debug:ddebug_change: changed drivers/acpi/resource.c:61 [acpi]acpi_dev_resource_len_valid =_
[    1.073084] dynamic_debug:ddebug_change: changed drivers/acpi/ec.c:1557 [acpi]ec_correct_ecdt =_
[    1.073250] dynamic_debug:ddebug_change: changed drivers/acpi/ec.c:1544 [acpi]ec_clear_on_resume =_
[    1.073412] dynamic_debug:ddebug_change: changed drivers/acpi/ec.c:1165 [acpi]acpi_ec_event_handler =_
[    1.073575] dynamic_debug:ddebug_change: changed drivers/acpi/ec.c:1143 [acpi]acpi_ec_event_handler =_
[    1.073739] dynamic_debug:ddebug_change: changed drivers/acpi/ec.c:1108 [acpi]acpi_ec_query =_
[    1.073901] dynamic_debug:ddebug_change: changed drivers/acpi/ec.c:1106 [acpi]acpi_ec_query =_
[    1.074062] dynamic_debug:ddebug_change: changed drivers/acpi/ec.c:1066 [acpi]acpi_ec_event_processor =_
[    1.074225] dynamic_debug:ddebug_change: changed drivers/acpi/ec.c:1061 [acpi]acpi_ec_event_processor =_
[    1.074397] dynamic_debug:ddebug_change: changed drivers/acpi/ec.c:898 [acpi]acpi_ec_stop =_
[    1.074566] dynamic_debug:ddebug_change: changed drivers/acpi/ec.c:890 [acpi]acpi_ec_stop =_
[    1.074734] dynamic_debug:ddebug_change: changed drivers/acpi/ec.c:866 [acpi]acpi_ec_start =_
[    1.074896] dynamic_debug:ddebug_change: changed drivers/acpi/ec.c:862 [acpi]acpi_ec_start =_
[    1.076885] dynamic_debug:ddebug_change: changed drivers/acpi/ec.c:703 [acpi]acpi_ec_transaction_unlocked =_
[    1.077045] dynamic_debug:ddebug_change: changed drivers/acpi/ec.c:699 [acpi]acpi_ec_transaction_unlocked =_
[    1.077206] dynamic_debug:ddebug_change: changed drivers/acpi/ec.c:690 [acpi]acpi_ec_transaction_unlocked =_
[    1.077373] dynamic_debug:ddebug_change: changed drivers/acpi/ec.c:687 [acpi]acpi_ec_transaction_unlocked =_
[    1.077536] dynamic_debug:ddebug_change: changed drivers/acpi/ec.c:666 [acpi]ec_poll =_
[    1.077701] dynamic_debug:ddebug_change: changed drivers/acpi/ec.c:561 [acpi]advance_transaction =_
[    1.077864] dynamic_debug:ddebug_change: changed drivers/acpi/ec.c:525 [acpi]advance_transaction =_
[    1.078024] dynamic_debug:ddebug_change: changed drivers/acpi/ec.c:445 [acpi]acpi_ec_complete_query =_
[    1.078190] dynamic_debug:ddebug_change: changed drivers/acpi/ec.c:434 [acpi]acpi_ec_submit_query =_
[    1.078357] dynamic_debug:ddebug_change: changed drivers/acpi/ec.c:407 [acpi]acpi_ec_clear_storm =_
[    1.078521] dynamic_debug:ddebug_change: changed drivers/acpi/ec.c:397 [acpi]acpi_ec_set_storm =_
[    1.078690] dynamic_debug:ddebug_change: changed drivers/acpi/ec.c:336 [acpi]acpi_ec_enable_gpe =_
[    1.078850] dynamic_debug:ddebug_change: changed drivers/acpi/ec.c:284 [acpi]acpi_ec_write_data =_
[    1.079007] dynamic_debug:ddebug_change: changed drivers/acpi/ec.c:277 [acpi]acpi_ec_write_cmd =_
[    1.079165] dynamic_debug:ddebug_change: changed drivers/acpi/ec.c:271 [acpi]acpi_ec_read_data =_
[    1.079327] dynamic_debug:ddebug_change: changed drivers/acpi/ec.c:262 [acpi]acpi_ec_read_status =_
[    1.079487] dynamic_debug:ddebug_change: changed drivers/acpi/pci_root.c:770 [acpi]acpi_pci_probe_root_resources =_
[    1.079651] dynamic_debug:ddebug_change: changed drivers/acpi/pci_root.c:339 [acpi]acpi_get_pci_dev =_
[    1.079817] dynamic_debug:ddebug_change: changed drivers/acpi/pci_irq.c:526 [acpi]acpi_pci_irq_disable =_
[    1.079985] dynamic_debug:ddebug_change: changed drivers/acpi/pci_irq.c:486 [acpi]acpi_pci_irq_enable =_
[    1.080151] dynamic_debug:ddebug_change: changed drivers/acpi/acpi_platform.c:103 [acpi]acpi_create_platform_device =_
[    1.080320] dynamic_debug:ddebug_change: changed drivers/acpi/numa.c:181 [acpi]acpi_table_print_srat_entry =_
[    1.080482] dynamic_debug:ddebug_change: changed drivers/acpi/numa.c:169 [acpi]acpi_table_print_srat_entry =_
[    1.080645] dynamic_debug:ddebug_change: changed drivers/acpi/numa.c:157 [acpi]acpi_table_print_srat_entry =_
[    1.080809] dynamic_debug:ddebug_change: changed drivers/acpi/numa.c:140 [acpi]acpi_table_print_srat_entry =_
[    1.080972] dynamic_debug:ddebug_change: changed drivers/acpi/fan.c:359 [fan]acpi_fan_probe =_
[    1.081134] dynamic_debug:ddebug_change: changed drivers/acpi/fan.c:195 [fan]fan_set_state_acpi4 =_
[    1.081296] dynamic_debug:ddebug_change: changed drivers/acpi/fan.c:136 [fan]fan_get_state_acpi4 =_
[    1.081469] dynamic_debug:ddebug_change: changed drivers/acpi/acpi_video.c:1759 [video]acpi_video_should_register_backlight =_
[    1.081642] dynamic_debug:ddebug_change: changed drivers/acpi/pci_slot.c:136 [pci_slot]register_slot =_
[    1.081809] dynamic_debug:ddebug_change: changed drivers/acpi/pci_slot.c:81 [pci_slot]check_slot =_
[    1.081972] dynamic_debug:ddebug_change: changed drivers/acpi/pci_slot.c:73 [pci_slot]check_slot =_
[    1.082134] dynamic_debug:ddebug_change: changed drivers/acpi/pci_slot.c:61 [pci_slot]check_slot =_
[    1.082297] dynamic_debug:ddebug_change: changed drivers/acpi/processor_driver.c:184 [processor]acpi_pss_perf_init =_
[    1.082460] dynamic_debug:ddebug_change: changed drivers/acpi/processor_idle.c:1443 [processor]acpi_processor_power_init =_
[    1.082624] dynamic_debug:ddebug_change: changed drivers/acpi/processor_idle.c:1039 [processor]acpi_processor_evaluate_lpi =_
[    1.082790] dynamic_debug:ddebug_change: changed drivers/acpi/processor_idle.c:1034 [processor]acpi_processor_evaluate_lpi =_
[    1.082966] dynamic_debug:ddebug_change: changed drivers/acpi/processor_idle.c:981 [processor]acpi_processor_evaluate_lpi =_
[    1.083139] dynamic_debug:ddebug_change: changed drivers/acpi/processor_idle.c:972 [processor]acpi_processor_evaluate_lpi =_
[    1.083306] dynamic_debug:ddebug_change: changed drivers/acpi/processor_perflib.c:138 [processor]acpi_processor_get_platform_limit =_
[    1.083575] dynamic_debug:vpr_info_dq: applied: func="" file="drivers/acpi/*" module="" format="" lineno=0-0
[    1.083782] dynamic_debug:ddebug_exec_queries: processed 4 queries, with 132 matches, 0 errs
[    1.083939] dynamic_debug:ddebug_dyndbg_boot_param_cb: acpi_backlight="vendor"
[    1.084100] dynamic_debug:ddebug_dyndbg_boot_param_cb: radeon.audio="0"
[    1.084224] dynamic_debug:ddebug_dyndbg_boot_param_cb: radeon.lockup_timeout="999000"
[    1.084387] dynamic_debug:ddebug_dyndbg_boot_param_cb: radeon.test="0"
[    1.084506] dynamic_debug:ddebug_dyndbg_boot_param_cb: radeon.agpmode="-1"
[    1.084625] dynamic_debug:ddebug_dyndbg_boot_param_cb: radeon.benchmark="0"
[    1.084746] dynamic_debug:ddebug_dyndbg_boot_param_cb: radeon.tv="0"
[    1.084865] dynamic_debug:ddebug_dyndbg_boot_param_cb: radeon.hard_reset="1"
[    1.084984] dynamic_debug:ddebug_dyndbg_boot_param_cb: radeon.msi="1"
[    1.085102] dynamic_debug:ddebug_dyndbg_boot_param_cb: radeon.pcie_gen2="-1"
[    1.085221] dynamic_debug:ddebug_dyndbg_boot_param_cb: radeon.no_wb="1"
[    1.085341] dynamic_debug:ddebug_dyndbg_boot_param_cb: radeon.dynclks="0"
[    1.085460] dynamic_debug:ddebug_dyndbg_boot_param_cb: radeon.r4xx_atom="0"
[    1.085581] dynamic_debug:ddebug_dyndbg_boot_param_cb: radeonfb="(null)"
[    1.085707] dynamic_debug:ddebug_dyndbg_boot_param_cb: radeon.fastfb="1"
[    1.085831] dynamic_debug:ddebug_dyndbg_boot_param_cb: radeon.dpm="1"
[    1.085953] dynamic_debug:ddebug_dyndbg_boot_param_cb: radeon.runpm="1"
[    1.086073] dynamic_debug:ddebug_dyndbg_boot_param_cb: rd.debug="(null)"
[    1.086192] dynamic_debug:ddebug_dyndbg_boot_param_cb: rd.udev.debug="(null)"
[    1.086311] dynamic_debug:ddebug_dyndbg_boot_param_cb: rd.memdebug="3"
[    1.086430] dynamic_debug:ddebug_dyndbg_boot_param_cb: net.ifnames="1"
[    1.086548] dynamic_debug:ddebug_dyndbg_boot_param_cb: slub_debug="U"
[    1.086669] dynamic_debug:ddebug_dyndbg_boot_param_cb: pax_sanitize_slab="full"
[    1.086826] dynamic_debug:ddebug_dyndbg_boot_param_cb: noefi="(null)"
[    1.086945] dynamic_debug:ddebug_dyndbg_boot_param_cb: nolvm="(null)"
[    1.087063] dynamic_debug:ddebug_dyndbg_boot_param_cb: dobtrfs="(null)"
[    1.087185] dynamic_debug:ddebug_dyndbg_boot_param_cb: console="tty1"
[    1.087308] dynamic_debug:ddebug_dyndbg_boot_param_cb: earlyprintk="vga"
[    1.087431] dynamic_debug:ddebug_dyndbg_boot_param_cb: CPUunderclocking="(null)"
[    1.087590] dynamic_debug:ddebug_dyndbg_boot_param_cb: radeon.modeset="1"
[    1.087711] dynamic_debug:ddebug_dyndbg_boot_param_cb: audit="0"
[    1.087830] dynamic_debug:ddebug_dyndbg_boot_param_cb: systemd.log_target="kmsg"
[    1.087986] dynamic_debug:ddebug_dyndbg_boot_param_cb: enforcing="0"
[    1.088105] dynamic_debug:ddebug_dyndbg_boot_param_cb: pcie_aspm="off"
[    1.088224] dynamic_debug:ddebug_dyndbg_boot_param_cb: radeon.aspm="0"
[    1.088344] dynamic_debug:ddebug_dyndbg_boot_param_cb: udev.children-max="1256"
[    1.088500] dynamic_debug:ddebug_dyndbg_boot_param_cb: rd.udev.children-max="1256"
[    1.088747] MCE: In-kernel MCE decoding enabled.
[    1.090037] NMI watchdog: enabled on all CPUs, permanently consumes one hw-PMU counter.
[    1.090675] started {early_reset_EHCIs kernel/smp.c:1294}
[    1.090861] early_pci_allowed {early_reset_EHCIs kernel/smp.c:1300}
[    1.091152] Found EHCI on 00:12.2 {kline kernel/smp.c:1220}
[    1.091280] bar_val: f014a900 {kline kernel/smp.c:1223}
[    1.091408] ehci_bar: ffffffffff7fe900 {kline kernel/smp.c:1245}
[    1.091536] n_ports:    5 {kline kernel/smp.c:1252}
[    1.091666] FLAG_CF was already set which likely means BIOS USB Legacy is Disabled. {ehci_status kernel/smp.c:1036}
[    1.091840]   ehci cmd     : 00080B00 {ehci_status kernel/smp.c:1038}
[    1.091967]   ehci conf flg: 00000001 {ehci_status kernel/smp.c:1039}
[    1.092096]   ehci status  : 0000100C {ehci_status kernel/smp.c:1040}
[    1.092224] port 1 status 00001000 {ehci_status kernel/smp.c:1043}
[    1.092352] port 2 status 00001000 {ehci_status kernel/smp.c:1043}
[    1.092478] port 3 status 00001000 {ehci_status kernel/smp.c:1043}
[    1.092598] port 4 status 00001000 {ehci_status kernel/smp.c:1043}
[    1.092720] port 5 status 00001000 {ehci_status kernel/smp.c:1043}
[    1.092839] ended {kline kernel/smp.c:1285}
[    1.092920] Found EHCI on 00:13.2 {kline kernel/smp.c:1220}
[    1.093043] bar_val: f014a800 {kline kernel/smp.c:1223}
[    1.093162] ehci_bar: ffffffffff7fe800 {kline kernel/smp.c:1245}
[    1.093283] n_ports:    5 {kline kernel/smp.c:1252}
[    1.093354] FLAG_CF was already set which likely means BIOS USB Legacy is Disabled. {ehci_status kernel/smp.c:1036}
[    1.093512]   ehci cmd     : 00080B00 {ehci_status kernel/smp.c:1038}
[    1.093633]   ehci conf flg: 00000001 {ehci_status kernel/smp.c:1039}
[    1.093756]   ehci status  : 0000100C {ehci_status kernel/smp.c:1040}
[    1.093881] port 1 status 00001803 {ehci_status kernel/smp.c:1043}
[    1.094005] port 2 status 00001000 {ehci_status kernel/smp.c:1043}
[    1.094128] port 3 status 00001803 {ehci_status kernel/smp.c:1043}
[    1.094247] port 4 status 00001000 {ehci_status kernel/smp.c:1043}
[    1.094318] port 5 status 00001000 {ehci_status kernel/smp.c:1043}
[    1.094436] ended {kline kernel/smp.c:1285}
[    1.164679] ended, failed 0 times {early_reset_EHCIs kernel/smp.c:1313}
[    1.164798] All EHCI controllers were reset. {smp_init kernel/smp.c:1333}
[    1.168868] smpboot: ++++++++++++++++++++=_---CPU UP  1
[    1.169059] x86: Booting SMP configuration:
[    1.169186] .... node  #0, CPUs:      #1
[    1.169289] smpboot: Setting warm reset code and vector.
[    1.169537] smpboot: 1.
[    1.169666] smpboot: 2.
[    1.169790] smpboot: 3.
[    1.169914] smpboot: Asserting INIT
[    1.170039] smpboot: Waiting for send to finish...
[    1.170165] smpboot: Deasserting INIT
[    1.170290] smpboot: Waiting for send to finish...
[    1.170416] smpboot: #startup loops: 2
[    1.170540] smpboot: Sending STARTUP #1
[    1.170667] smpboot: After apic_write
[    1.170802] smpboot: Startup point 1
[    1.172971] smpboot: Waiting for send to finish...
[    1.173107] smpboot: Sending STARTUP #2
[    1.173232] smpboot: After apic_write
[    1.173366] smpboot: Startup point 1
[    1.173494] smpboot: Waiting for send to finish...
[    1.173634] smpboot: After Startup
[    1.079277] masked ExtINT on CPU#1
[    1.079294] [Firmware Info]: CPU: 'AMD A6-3400M APU with Radeon(tm) HD Graphics' has AMD errata 665 Integer Divide Instruction May Cause Unpredictable Behavior.'
[    1.079296] [Firmware Info]: CPU: Double-checked CPU type. 'AMD A6-3400M APU with Radeon(tm) HD Graphics'
[    1.079297] [Firmware Info]: CPU: Setting workaround for 665...(set 'no665wo' in /proc/cmdline to disable)
[    1.139120] smpboot: Stack at about ffff9859cbb33f30
[    1.235706] TSC synchronization [CPU#0 -> CPU#1]:
[    1.236689] Measured 132093367 cycles TSC warp between CPUs, turning off TSC clock.
[    1.236870] tsc: Marking TSC unstable due to check_tsc_sync_source failed
[    1.240766] smpboot: ++++++++++++++++++++=_---CPU UP  2
[    1.240960]  #2
[    1.240996] smpboot: Setting warm reset code and vector.
[    1.241245] smpboot: 1.
[    1.241369] smpboot: 2.
[    1.241493] smpboot: 3.
[    1.241617] smpboot: Asserting INIT
[    1.241748] smpboot: Waiting for send to finish...
[    1.241874] smpboot: Deasserting INIT
[    1.241999] smpboot: Waiting for send to finish...
[    1.242125] smpboot: #startup loops: 2
[    1.242250] smpboot: Sending STARTUP #1
[    1.242375] smpboot: After apic_write
[    1.242510] smpboot: Startup point 1
[    1.242631] smpboot: Waiting for send to finish...
[    1.242770] smpboot: Sending STARTUP #2
[    1.242894] smpboot: After apic_write
[    1.243027] smpboot: Startup point 1
[    1.243149] smpboot: Waiting for send to finish...
[    1.243283] smpboot: After Startup
[    1.114532] masked ExtINT on CPU#2
[    1.114547] [Firmware Info]: CPU: 'AMD A6-3400M APU with Radeon(tm) HD Graphics' has AMD errata 665 Integer Divide Instruction May Cause Unpredictable Behavior.'
[    1.114548] [Firmware Info]: CPU: Double-checked CPU type. 'AMD A6-3400M APU with Radeon(tm) HD Graphics'
[    1.114548] [Firmware Info]: CPU: Setting workaround for 665...(set 'no665wo' in /proc/cmdline to disable)
[    1.173741] smpboot: Stack at about ffff9859cbb37f30
[    1.196031] smpboot: ++++++++++++++++++++=_---CPU UP  3
[    1.197007]  #3
[    1.197043] smpboot: Setting warm reset code and vector.
[    1.197292] smpboot: 1.
[    1.197419] smpboot: 2.
[    1.197546] smpboot: 3.
[    1.197668] smpboot: Asserting INIT
[    1.197789] smpboot: Waiting for send to finish...
[    1.197912] smpboot: Deasserting INIT
[    1.198001] smpboot: Waiting for send to finish...
[    1.198120] smpboot: #startup loops: 2
[    1.198239] smpboot: Sending STARTUP #1
[    1.198360] smpboot: After apic_write
[    1.198491] smpboot: Startup point 1
[    1.198612] smpboot: Waiting for send to finish...
[    1.198744] smpboot: Sending STARTUP #2
[    1.198865] smpboot: After apic_write
[    1.199011] smpboot: Startup point 1
[    1.199080] smpboot: Waiting for send to finish...
[    1.199158] smpboot: After Startup
[    0.002000] masked ExtINT on CPU#3
[    0.002000] [Firmware Info]: CPU: 'AMD A6-3400M APU with Radeon(tm) HD Graphics' has AMD errata 665 Integer Divide Instruction May Cause Unpredictable Behavior.'
[    0.002000] [Firmware Info]: CPU: Double-checked CPU type. 'AMD A6-3400M APU with Radeon(tm) HD Graphics'
[    0.002000] [Firmware Info]: CPU: Setting workaround for 665...(set 'no665wo' in /proc/cmdline to disable)
[    0.002000] smpboot: Stack at about ffff9859cbb43f30
[    1.259179] x86: Booted up 1 node, 4 CPUs
[    1.260137] CPUunderclocking: activating(?)=1 {apply_underclocking_if_needed kernel/smp.c:946}
[    1.260315] CPUunderclocking: activating... {apply_underclocking_if_needed kernel/smp.c:948}
[    1.260493] CPUunderclocking:   !! Rdmsr(1of2): core:0 idx:c0010064 ... {Rdmsr kernel/smp.c:696}
[    1.260671] CPUunderclocking:     !! Rdmsr(2of2): core:0 idx:c0010064 done. (resultx==8000017d000025e2 hi:8000017d lo:000025e2) {Rdmsr kernel/smp.c:712}
[    1.260835] CPUunderclocking:   !! Rdmsr(1of2): core:1 idx:c0010064 ... {Rdmsr kernel/smp.c:696}
[    1.261009] CPUunderclocking:     !! Rdmsr(2of2): core:1 idx:c0010064 done. (resultx==8000017d000025e2 hi:8000017d lo:000025e2) {Rdmsr kernel/smp.c:712}
[    1.261178] CPUunderclocking:   !! Rdmsr(1of2): core:2 idx:c0010064 ... {Rdmsr kernel/smp.c:696}
[    1.261347] CPUunderclocking:     !! Rdmsr(2of2): core:2 idx:c0010064 done. (resultx==8000017d000025e2 hi:8000017d lo:000025e2) {Rdmsr kernel/smp.c:712}
[    1.261516] CPUunderclocking:   !! Rdmsr(1of2): core:3 idx:c0010064 ... {Rdmsr kernel/smp.c:696}
[    1.261683] CPUunderclocking:     !! Rdmsr(2of2): core:3 idx:c0010064 done. (resultx==8000017d000025e2 hi:8000017d lo:000025e2) {Rdmsr kernel/smp.c:712}
[    1.261845] CPUunderclocking: !! Write(1of3) PState0 read : fid:30 did:2 vid:18 Multi:N/A {WritePState kernel/smp.c:854}
[    1.262004] CPUunderclocking: !! Write(2of3) PState0 write:6 did:0 vid:37 (multi:22) ... {WritePState kernel/smp.c:882}
[    1.262172] CPUunderclocking:   !! Wrmsr(before write): core:0/64 idx:c0010064 valx:8000017d00004a60 ...  {Wrmsr kernel/smp.c:637}
[    1.262341] CPUunderclocking:     !! Wrmsr(after write): done. {Wrmsr kernel/smp.c:676}
[    1.262505] CPUunderclocking:   !! Wrmsr(before write): core:1/64 idx:c0010064 valx:8000017d00004a60 ...  {Wrmsr kernel/smp.c:637}
[    1.262674] CPUunderclocking:     !! Wrmsr(after write): done. {Wrmsr kernel/smp.c:676}
[    1.262832] CPUunderclocking:   !! Wrmsr(before write): core:2/64 idx:c0010064 valx:8000017d00004a60 ...  {Wrmsr kernel/smp.c:637}
[    1.263005] CPUunderclocking:     !! Wrmsr(after write): done. {Wrmsr kernel/smp.c:676}
[    1.263168] CPUunderclocking:   !! Wrmsr(before write): core:3/64 idx:c0010064 valx:8000017d00004a60 ...  {Wrmsr kernel/smp.c:637}
[    1.263339] CPUunderclocking:     !! Wrmsr(after write): done. {Wrmsr kernel/smp.c:676}
[    1.263503] CPUunderclocking: !! Write(3of3) PState0 done. status:0 (0=success) {WritePState kernel/smp.c:884}
[    1.263663] CPUunderclocking:   !! Rdmsr(1of2): core:0 idx:c0010065 ... {Rdmsr kernel/smp.c:696}
[    1.263822] CPUunderclocking:     !! Rdmsr(2of2): core:0 idx:c0010065 done. (resultx==8000014000004fa3 hi:80000140 lo:00004fa3) {Rdmsr kernel/smp.c:712}
[    1.264003] CPUunderclocking:   !! Rdmsr(1of2): core:1 idx:c0010065 ... {Rdmsr kernel/smp.c:696}
[    1.264172] CPUunderclocking:     !! Rdmsr(2of2): core:1 idx:c0010065 done. (resultx==8000014000004fa3 hi:80000140 lo:00004fa3) {Rdmsr kernel/smp.c:712}
[    1.264341] CPUunderclocking:   !! Rdmsr(1of2): core:2 idx:c0010065 ... {Rdmsr kernel/smp.c:696}
[    1.264509] CPUunderclocking:     !! Rdmsr(2of2): core:2 idx:c0010065 done. (resultx==8000014000004fa3 hi:80000140 lo:00004fa3) {Rdmsr kernel/smp.c:712}
[    1.264671] CPUunderclocking:   !! Rdmsr(1of2): core:3 idx:c0010065 ... {Rdmsr kernel/smp.c:696}
[    1.264832] CPUunderclocking:     !! Rdmsr(2of2): core:3 idx:c0010065 done. (resultx==8000014000004fa3 hi:80000140 lo:00004fa3) {Rdmsr kernel/smp.c:712}
[    1.265003] CPUunderclocking: !! Write(1of3) PState1 read : fid:26 did:3 vid:39 Multi:N/A {WritePState kernel/smp.c:854}
[    1.265169] CPUunderclocking: !! Write(2of3) PState1 write:4 did:0 vid:42 (multi:20) ... {WritePState kernel/smp.c:882}
[    1.265335] CPUunderclocking:   !! Wrmsr(before write): core:0/64 idx:c0010065 valx:8000014000005440 ...  {Wrmsr kernel/smp.c:637}
[    1.265503] CPUunderclocking:     !! Wrmsr(after write): done. {Wrmsr kernel/smp.c:676}
[    1.265662] CPUunderclocking:   !! Wrmsr(before write): core:1/64 idx:c0010065 valx:8000014000005440 ...  {Wrmsr kernel/smp.c:637}
[    1.265826] CPUunderclocking:     !! Wrmsr(after write): done. {Wrmsr kernel/smp.c:676}
[    1.266002] CPUunderclocking:   !! Wrmsr(before write): core:2/64 idx:c0010065 valx:8000014000005440 ...  {Wrmsr kernel/smp.c:637}
[    1.266164] CPUunderclocking:     !! Wrmsr(after write): done. {Wrmsr kernel/smp.c:676}
[    1.266320] CPUunderclocking:   !! Wrmsr(before write): core:3/64 idx:c0010065 valx:8000014000005440 ...  {Wrmsr kernel/smp.c:637}
[    1.266482] CPUunderclocking:     !! Wrmsr(after write): done. {Wrmsr kernel/smp.c:676}
[    1.266638] CPUunderclocking: !! Write(3of3) PState1 done. status:0 (0=success) {WritePState kernel/smp.c:884}
[    1.266795] CPUunderclocking:   !! Rdmsr(1of2): core:0 idx:c0010066 ... {Rdmsr kernel/smp.c:696}
[    1.266952] CPUunderclocking:     !! Rdmsr(2of2): core:0 idx:c0010066 done. (resultx==8000013700005573 hi:80000137 lo:00005573) {Rdmsr kernel/smp.c:712}
[    1.267001] CPUunderclocking:   !! Rdmsr(1of2): core:1 idx:c0010066 ... {Rdmsr kernel/smp.c:696}
[    1.267162] CPUunderclocking:     !! Rdmsr(2of2): core:1 idx:c0010066 done. (resultx==8000013700005573 hi:80000137 lo:00005573) {Rdmsr kernel/smp.c:712}
[    1.267324] CPUunderclocking:   !! Rdmsr(1of2): core:2 idx:c0010066 ... {Rdmsr kernel/smp.c:696}
[    1.267488] CPUunderclocking:     !! Rdmsr(2of2): core:2 idx:c0010066 done. (resultx==8000013700005573 hi:80000137 lo:00005573) {Rdmsr kernel/smp.c:712}
[    1.267647] CPUunderclocking:   !! Rdmsr(1of2): core:3 idx:c0010066 ... {Rdmsr kernel/smp.c:696}
[    1.267807] CPUunderclocking:     !! Rdmsr(2of2): core:3 idx:c0010066 done. (resultx==8000013700005573 hi:80000137 lo:00005573) {Rdmsr kernel/smp.c:712}
[    1.268002] CPUunderclocking: !! Write(1of3) PState2 read : fid:23 did:3 vid:42 Multi:N/A {WritePState kernel/smp.c:854}
[    1.268160] CPUunderclocking: !! Write(2of3) PState2 write:2 did:0 vid:47 (multi:18) ... {WritePState kernel/smp.c:882}
[    1.268318] CPUunderclocking:   !! Wrmsr(before write): core:0/64 idx:c0010066 valx:8000013700005e20 ...  {Wrmsr kernel/smp.c:637}
[    1.269002] CPUunderclocking:     !! Wrmsr(after write): done. {Wrmsr kernel/smp.c:676}
[    1.269162] CPUunderclocking:   !! Wrmsr(before write): core:1/64 idx:c0010066 valx:8000013700005e20 ...  {Wrmsr kernel/smp.c:637}
[    1.269328] CPUunderclocking:     !! Wrmsr(after write): done. {Wrmsr kernel/smp.c:676}
[    1.269487] CPUunderclocking:   !! Wrmsr(before write): core:2/64 idx:c0010066 valx:8000013700005e20 ...  {Wrmsr kernel/smp.c:637}
[    1.270004] CPUunderclocking:     !! Wrmsr(after write): done. {Wrmsr kernel/smp.c:676}
[    1.270165] CPUunderclocking:   !! Wrmsr(before write): core:3/64 idx:c0010066 valx:8000013700005e20 ...  {Wrmsr kernel/smp.c:637}
[    1.270331] CPUunderclocking:     !! Wrmsr(after write): done. {Wrmsr kernel/smp.c:676}
[    1.270491] CPUunderclocking: !! Write(3of3) PState2 done. status:0 (0=success) {WritePState kernel/smp.c:884}
[    1.270652] CPUunderclocking:   !! Rdmsr(1of2): core:0 idx:c0010067 ... {Rdmsr kernel/smp.c:696}
[    1.270812] CPUunderclocking:     !! Rdmsr(2of2): core:0 idx:c0010067 done. (resultx==8000013200005b43 hi:80000132 lo:00005b43) {Rdmsr kernel/smp.c:712}
[    1.271001] CPUunderclocking:   !! Rdmsr(1of2): core:1 idx:c0010067 ... {Rdmsr kernel/smp.c:696}
[    1.271165] CPUunderclocking:     !! Rdmsr(2of2): core:1 idx:c0010067 done. (resultx==8000013200005b43 hi:80000132 lo:00005b43) {Rdmsr kernel/smp.c:712}
[    1.271327] CPUunderclocking:   !! Rdmsr(1of2): core:2 idx:c0010067 ... {Rdmsr kernel/smp.c:696}
[    1.271492] CPUunderclocking:     !! Rdmsr(2of2): core:2 idx:c0010067 done. (resultx==8000013200005b43 hi:80000132 lo:00005b43) {Rdmsr kernel/smp.c:712}
[    1.271655] CPUunderclocking:   !! Rdmsr(1of2): core:3 idx:c0010067 ... {Rdmsr kernel/smp.c:696}
[    1.271819] CPUunderclocking:     !! Rdmsr(2of2): core:3 idx:c0010067 done. (resultx==8000013200005b43 hi:80000132 lo:00005b43) {Rdmsr kernel/smp.c:712}
[    1.271983] CPUunderclocking: !! Write(1of3) PState3 read : fid:20 did:3 vid:45 Multi:N/A {WritePState kernel/smp.c:854}
[    1.272002] CPUunderclocking: !! Write(2of3) PState3 write:1 did:0 vid:49 (multi:17) ... {WritePState kernel/smp.c:882}
[    1.272165] CPUunderclocking:   !! Wrmsr(before write): core:0/64 idx:c0010067 valx:8000013200006210 ...  {Wrmsr kernel/smp.c:637}
[    1.272326] CPUunderclocking:     !! Wrmsr(after write): done. {Wrmsr kernel/smp.c:676}
[    1.272484] CPUunderclocking:   !! Wrmsr(before write): core:1/64 idx:c0010067 valx:8000013200006210 ...  {Wrmsr kernel/smp.c:637}
[    1.272652] CPUunderclocking:     !! Wrmsr(after write): done. {Wrmsr kernel/smp.c:676}
[    1.272811] CPUunderclocking:   !! Wrmsr(before write): core:2/64 idx:c0010067 valx:8000013200006210 ...  {Wrmsr kernel/smp.c:637}
[    1.273004] CPUunderclocking:     !! Wrmsr(after write): done. {Wrmsr kernel/smp.c:676}
[    1.273165] CPUunderclocking:   !! Wrmsr(before write): core:3/64 idx:c0010067 valx:8000013200006210 ...  {Wrmsr kernel/smp.c:637}
[    1.273332] CPUunderclocking:     !! Wrmsr(after write): done. {Wrmsr kernel/smp.c:676}
[    1.273489] CPUunderclocking: !! Write(3of3) PState3 done. status:0 (0=success) {WritePState kernel/smp.c:884}
[    1.273651] CPUunderclocking:   !! Rdmsr(1of2): core:0 idx:c0010068 ... {Rdmsr kernel/smp.c:696}
[    1.273812] CPUunderclocking:     !! Rdmsr(2of2): core:0 idx:c0010068 done. (resultx==8000012e00005d13 hi:8000012e lo:00005d13) {Rdmsr kernel/smp.c:712}
[    1.274001] CPUunderclocking:   !! Rdmsr(1of2): core:1 idx:c0010068 ... {Rdmsr kernel/smp.c:696}
[    1.274165] CPUunderclocking:     !! Rdmsr(2of2): core:1 idx:c0010068 done. (resultx==8000012e00005d13 hi:8000012e lo:00005d13) {Rdmsr kernel/smp.c:712}
[    1.274330] CPUunderclocking:   !! Rdmsr(1of2): core:2 idx:c0010068 ... {Rdmsr kernel/smp.c:696}
[    1.274493] CPUunderclocking:     !! Rdmsr(2of2): core:2 idx:c0010068 done. (resultx==8000012e00005d13 hi:8000012e lo:00005d13) {Rdmsr kernel/smp.c:712}
[    1.274655] CPUunderclocking:   !! Rdmsr(1of2): core:3 idx:c0010068 ... {Rdmsr kernel/smp.c:696}
[    1.274820] CPUunderclocking:     !! Rdmsr(2of2): core:3 idx:c0010068 done. (resultx==8000012e00005d13 hi:8000012e lo:00005d13) {Rdmsr kernel/smp.c:712}
[    1.275002] CPUunderclocking: !! Write(1of3) PState4 read : fid:17 did:3 vid:46 Multi:N/A {WritePState kernel/smp.c:854}
[    1.275163] CPUunderclocking: !! Write(2of3) PState4 write:0 did:0 vid:52 (multi:16) ... {WritePState kernel/smp.c:882}
[    1.275328] CPUunderclocking:   !! Wrmsr(before write): core:0/64 idx:c0010068 valx:8000012e00006800 ...  {Wrmsr kernel/smp.c:637}
[    1.275489] CPUunderclocking:     !! Wrmsr(after write): done. {Wrmsr kernel/smp.c:676}
[    1.275648] CPUunderclocking:   !! Wrmsr(before write): core:1/64 idx:c0010068 valx:8000012e00006800 ...  {Wrmsr kernel/smp.c:637}
[    1.275815] CPUunderclocking:     !! Wrmsr(after write): done. {Wrmsr kernel/smp.c:676}
[    1.276002] CPUunderclocking:   !! Wrmsr(before write): core:2/64 idx:c0010068 valx:8000012e00006800 ...  {Wrmsr kernel/smp.c:637}
[    1.276177] CPUunderclocking:     !! Wrmsr(after write): done. {Wrmsr kernel/smp.c:676}
[    1.276336] CPUunderclocking:   !! Wrmsr(before write): core:3/64 idx:c0010068 valx:8000012e00006800 ...  {Wrmsr kernel/smp.c:637}
[    1.276504] CPUunderclocking:     !! Wrmsr(after write): done. {Wrmsr kernel/smp.c:676}
[    1.276662] CPUunderclocking: !! Write(3of3) PState4 done. status:0 (0=success) {WritePState kernel/smp.c:884}
[    1.276822] CPUunderclocking:   !! Rdmsr(1of2): core:0 idx:c0010069 ... {Rdmsr kernel/smp.c:696}
[    1.277002] CPUunderclocking:     !! Rdmsr(2of2): core:0 idx:c0010069 done. (resultx==8000012b00005ee3 hi:8000012b lo:00005ee3) {Rdmsr kernel/smp.c:712}
[    1.277166] CPUunderclocking:   !! Rdmsr(1of2): core:1 idx:c0010069 ... {Rdmsr kernel/smp.c:696}
[    1.277330] CPUunderclocking:     !! Rdmsr(2of2): core:1 idx:c0010069 done. (resultx==8000012b00005ee3 hi:8000012b lo:00005ee3) {Rdmsr kernel/smp.c:712}
[    1.277493] CPUunderclocking:   !! Rdmsr(1of2): core:2 idx:c0010069 ... {Rdmsr kernel/smp.c:696}
[    1.277658] CPUunderclocking:     !! Rdmsr(2of2): core:2 idx:c0010069 done. (resultx==8000012b00005ee3 hi:8000012b lo:00005ee3) {Rdmsr kernel/smp.c:712}
[    1.277821] CPUunderclocking:   !! Rdmsr(1of2): core:3 idx:c0010069 ... {Rdmsr kernel/smp.c:696}
[    1.278004] CPUunderclocking:     !! Rdmsr(2of2): core:3 idx:c0010069 done. (resultx==8000012b00005ee3 hi:8000012b lo:00005ee3) {Rdmsr kernel/smp.c:712}
[    1.278169] CPUunderclocking: !! Write(1of3) PState5 read : fid:14 did:3 vid:47 Multi:N/A {WritePState kernel/smp.c:854}
[    1.278330] CPUunderclocking: !! Write(2of3) PState5 write:5 did:1 vid:55 (multi:14) ... {WritePState kernel/smp.c:882}
[    1.278492] CPUunderclocking:   !! Wrmsr(before write): core:0/64 idx:c0010069 valx:8000012b00006e51 ...  {Wrmsr kernel/smp.c:637}
[    1.278654] CPUunderclocking:     !! Wrmsr(after write): done. {Wrmsr kernel/smp.c:676}
[    1.278812] CPUunderclocking:   !! Wrmsr(before write): core:1/64 idx:c0010069 valx:8000012b00006e51 ...  {Wrmsr kernel/smp.c:637}
[    1.279002] CPUunderclocking:     !! Wrmsr(after write): done. {Wrmsr kernel/smp.c:676}
[    1.279162] CPUunderclocking:   !! Wrmsr(before write): core:2/64 idx:c0010069 valx:8000012b00006e51 ...  {Wrmsr kernel/smp.c:637}
[    1.279328] CPUunderclocking:     !! Wrmsr(after write): done. {Wrmsr kernel/smp.c:676}
[    1.279488] CPUunderclocking:   !! Wrmsr(before write): core:3/64 idx:c0010069 valx:8000012b00006e51 ...  {Wrmsr kernel/smp.c:637}
[    1.279653] CPUunderclocking:     !! Wrmsr(after write): done. {Wrmsr kernel/smp.c:676}
[    1.279813] CPUunderclocking: !! Write(3of3) PState5 done. status:0 (0=success) {WritePState kernel/smp.c:884}
[    1.279973] CPUunderclocking:   !! Rdmsr(1of2): core:0 idx:c001006a ... {Rdmsr kernel/smp.c:696}
[    1.280002] CPUunderclocking:     !! Rdmsr(2of2): core:0 idx:c001006a done. (resultx==80000127000060b3 hi:80000127 lo:000060b3) {Rdmsr kernel/smp.c:712}
[    1.280167] CPUunderclocking:   !! Rdmsr(1of2): core:1 idx:c001006a ... {Rdmsr kernel/smp.c:696}
[    1.280331] CPUunderclocking:     !! Rdmsr(2of2): core:1 idx:c001006a done. (resultx==80000127000060b3 hi:80000127 lo:000060b3) {Rdmsr kernel/smp.c:712}
[    1.280494] CPUunderclocking:   !! Rdmsr(1of2): core:2 idx:c001006a ... {Rdmsr kernel/smp.c:696}
[    1.280660] CPUunderclocking:     !! Rdmsr(2of2): core:2 idx:c001006a done. (resultx==80000127000060b3 hi:80000127 lo:000060b3) {Rdmsr kernel/smp.c:712}
[    1.280822] CPUunderclocking:   !! Rdmsr(1of2): core:3 idx:c001006a ... {Rdmsr kernel/smp.c:696}
[    1.281004] CPUunderclocking:     !! Rdmsr(2of2): core:3 idx:c001006a done. (resultx==80000127000060b3 hi:80000127 lo:000060b3) {Rdmsr kernel/smp.c:712}
[    1.281169] CPUunderclocking: !! Write(1of3) PState6 read : fid:11 did:3 vid:48 Multi:N/A {WritePState kernel/smp.c:854}
[    1.281330] CPUunderclocking: !! Write(2of3) PState6 write:2 did:1 vid:59 (multi:12) ... {WritePState kernel/smp.c:882}
[    1.281491] CPUunderclocking:   !! Wrmsr(before write): core:0/64 idx:c001006a valx:8000012700007621 ...  {Wrmsr kernel/smp.c:637}
[    1.281650] CPUunderclocking:     !! Wrmsr(after write): done. {Wrmsr kernel/smp.c:676}
[    1.281808] CPUunderclocking:   !! Wrmsr(before write): core:1/64 idx:c001006a valx:8000012700007621 ...  {Wrmsr kernel/smp.c:637}
[    1.282005] CPUunderclocking:     !! Wrmsr(after write): done. {Wrmsr kernel/smp.c:676}
[    1.282160] CPUunderclocking:   !! Wrmsr(before write): core:2/64 idx:c001006a valx:8000012700007621 ...  {Wrmsr kernel/smp.c:637}
[    1.282324] CPUunderclocking:     !! Wrmsr(after write): done. {Wrmsr kernel/smp.c:676}
[    1.282481] CPUunderclocking:   !! Wrmsr(before write): core:3/64 idx:c001006a valx:8000012700007621 ...  {Wrmsr kernel/smp.c:637}
[    1.282642] CPUunderclocking:     !! Wrmsr(after write): done. {Wrmsr kernel/smp.c:676}
[    1.282798] CPUunderclocking: !! Write(3of3) PState6 done. status:0 (0=success) {WritePState kernel/smp.c:884}
[    1.283001] CPUunderclocking:   !! Rdmsr(1of2): core:0 idx:c001006b ... {Rdmsr kernel/smp.c:696}
[    1.283158] CPUunderclocking:     !! Rdmsr(2of2): core:0 idx:c001006b done. (resultx==8000012500006504 hi:80000125 lo:00006504) {Rdmsr kernel/smp.c:712}
[    1.283317] CPUunderclocking:   !! Rdmsr(1of2): core:1 idx:c001006b ... {Rdmsr kernel/smp.c:696}
[    1.283478] CPUunderclocking:     !! Rdmsr(2of2): core:1 idx:c001006b done. (resultx==8000012500006504 hi:80000125 lo:00006504) {Rdmsr kernel/smp.c:712}
[    1.283639] CPUunderclocking:   !! Rdmsr(1of2): core:2 idx:c001006b ... {Rdmsr kernel/smp.c:696}
[    1.283800] CPUunderclocking:     !! Rdmsr(2of2): core:2 idx:c001006b done. (resultx==8000012500006504 hi:80000125 lo:00006504) {Rdmsr kernel/smp.c:712}
[    1.284001] CPUunderclocking:   !! Rdmsr(1of2): core:3 idx:c001006b ... {Rdmsr kernel/smp.c:696}
[    1.284163] CPUunderclocking:     !! Rdmsr(2of2): core:3 idx:c001006b done. (resultx==8000012500006504 hi:80000125 lo:00006504) {Rdmsr kernel/smp.c:712}
[    1.285002] CPUunderclocking: !! Write(1of3) PState7 read : fid:16 did:4 vid:50 Multi:N/A {WritePState kernel/smp.c:854}
[    1.285163] CPUunderclocking: !! Write(2of3) PState7 write:0 did:2 vid:67 (multi:8) ... {WritePState kernel/smp.c:882}
[    1.285324] CPUunderclocking:   !! Wrmsr(before write): core:0/64 idx:c001006b valx:8000012500008602 ...  {Wrmsr kernel/smp.c:637}
[    1.285485] CPUunderclocking:     !! Wrmsr(after write): done. {Wrmsr kernel/smp.c:676}
[    1.285644] CPUunderclocking:   !! Wrmsr(before write): core:1/64 idx:c001006b valx:8000012500008602 ...  {Wrmsr kernel/smp.c:637}
[    1.285811] CPUunderclocking:     !! Wrmsr(after write): done. {Wrmsr kernel/smp.c:676}
[    1.286002] CPUunderclocking:   !! Wrmsr(before write): core:2/64 idx:c001006b valx:8000012500008602 ...  {Wrmsr kernel/smp.c:637}
[    1.286168] CPUunderclocking:     !! Wrmsr(after write): done. {Wrmsr kernel/smp.c:676}
[    1.286328] CPUunderclocking:   !! Wrmsr(before write): core:3/64 idx:c001006b valx:8000012500008602 ...  {Wrmsr kernel/smp.c:637}
[    1.286495] CPUunderclocking:     !! Wrmsr(after write): done. {Wrmsr kernel/smp.c:676}
[    1.286653] CPUunderclocking: !! Write(3of3) PState7 done. status:0 (0=success) {WritePState kernel/smp.c:884}
[    1.286816] CPUunderclocking: Switching to another p-state temporarily so to ensure that the current one uses newly applied values {apply_underclocking_if_needed kernel/smp.c:954}
[    1.287001] CPUunderclocking:   !! Rdmsr(1of2): core:0 idx:c0010071 ... {Rdmsr kernel/smp.c:696}
[    1.287162] CPUunderclocking:     !! Rdmsr(2of2): core:0 idx:c0010071 done. (resultx==003160975a014e40 hi:00316097 lo:5a014e40) {Rdmsr kernel/smp.c:712}
[    1.287327] CPUunderclocking:   !! Rdmsr(1of2): core:1 idx:c0010071 ... {Rdmsr kernel/smp.c:696}
[    1.287491] CPUunderclocking:     !! Rdmsr(2of2): core:1 idx:c0010071 done. (resultx==003160975a014fa3 hi:00316097 lo:5a014fa3) {Rdmsr kernel/smp.c:712}
[    1.287655] CPUunderclocking:     !! Rdmsr(3of2): different results for cores(this is expected to be so, depending on load) core[0] != core[1] (see above KERN_DEBUG msgs) {Rdmsr kernel/smp.c:717}
[    1.287859] CPUunderclocking:   !! Rdmsr(1of2): core:2 idx:c0010071 ... {Rdmsr kernel/smp.c:696}
[    1.288005] CPUunderclocking:     !! Rdmsr(2of2): core:2 idx:c0010071 done. (resultx==003160975a014fa3 hi:00316097 lo:5a014fa3) {Rdmsr kernel/smp.c:712}
[    1.288169] CPUunderclocking:   !! Rdmsr(1of2): core:3 idx:c0010071 ... {Rdmsr kernel/smp.c:696}
[    1.288333] CPUunderclocking:     !! Rdmsr(2of2): core:3 idx:c0010071 done. (resultx==003160975a014e40 hi:00316097 lo:5a014e40) {Rdmsr kernel/smp.c:712}
[    1.288497] CPUunderclocking:     !! Rdmsr(3of2): different results for cores(this is expected to be so, depending on load) core[2] != core[3] (see above KERN_DEBUG msgs) {Rdmsr kernel/smp.c:717}
[    1.288701] CPUunderclocking: !! currentpstate:1 temppstate:7 {apply_underclocking_if_needed kernel/smp.c:962}
[    1.288862] CPUunderclocking:   !! Rdmsr(1of2): core:0 idx:c0010062 ... {Rdmsr kernel/smp.c:696}
[    1.289002] CPUunderclocking:     !! Rdmsr(2of2): core:0 idx:c0010062 done. (resultx==0000000000000000 hi:00000000 lo:00000000) {Rdmsr kernel/smp.c:712}
[    1.289166] CPUunderclocking:   !! Rdmsr(1of2): core:1 idx:c0010062 ... {Rdmsr kernel/smp.c:696}
[    1.289330] CPUunderclocking:     !! Rdmsr(2of2): core:1 idx:c0010062 done. (resultx==0000000000000000 hi:00000000 lo:00000000) {Rdmsr kernel/smp.c:712}
[    1.289493] CPUunderclocking:   !! Rdmsr(1of2): core:2 idx:c0010062 ... {Rdmsr kernel/smp.c:696}
[    1.289658] CPUunderclocking:     !! Rdmsr(2of2): core:2 idx:c0010062 done. (resultx==0000000000000000 hi:00000000 lo:00000000) {Rdmsr kernel/smp.c:712}
[    1.289821] CPUunderclocking:   !! Rdmsr(1of2): core:3 idx:c0010062 ... {Rdmsr kernel/smp.c:696}
[    1.290004] CPUunderclocking:     !! Rdmsr(2of2): core:3 idx:c0010062 done. (resultx==0000000000000000 hi:00000000 lo:00000000) {Rdmsr kernel/smp.c:712}
[    1.290169] CPUunderclocking:   !! Wrmsr(before write): core:0/64 idx:c0010062 valx:0000000000000006 ...  {Wrmsr kernel/smp.c:637}
[    1.290332] CPUunderclocking:     !! Wrmsr(after write): done. {Wrmsr kernel/smp.c:676}
[    1.290511] CPUunderclocking:   !! Wrmsr(before write): core:1/64 idx:c0010062 valx:0000000000000006 ...  {Wrmsr kernel/smp.c:637}
[    1.290697] CPUunderclocking:     !! Wrmsr(after write): done. {Wrmsr kernel/smp.c:676}
[    1.290872] CPUunderclocking:   !! Wrmsr(before write): core:2/64 idx:c0010062 valx:0000000000000006 ...  {Wrmsr kernel/smp.c:637}
[    1.291008] CPUunderclocking:     !! Wrmsr(after write): done. {Wrmsr kernel/smp.c:676}
[    1.291183] CPUunderclocking:   !! Wrmsr(before write): core:3/64 idx:c0010062 valx:0000000000000006 ...  {Wrmsr kernel/smp.c:637}
[    1.291370] CPUunderclocking:     !! Wrmsr(after write): done. {Wrmsr kernel/smp.c:676}
[    1.291546] CPUunderclocking:   !! Rdmsr(1of2): core:0 idx:c0010063 ... {Rdmsr kernel/smp.c:696}
[    1.291724] CPUunderclocking:     !! Rdmsr(2of2): core:0 idx:c0010063 done. (resultx==0000000000000006 hi:00000000 lo:00000006) {Rdmsr kernel/smp.c:712}
[    1.292004] CPUunderclocking:   !! Rdmsr(1of2): core:1 idx:c0010063 ... {Rdmsr kernel/smp.c:696}
[    1.292188] CPUunderclocking:     !! Rdmsr(2of2): core:1 idx:c0010063 done. (resultx==0000000000000000 hi:00000000 lo:00000000) {Rdmsr kernel/smp.c:712}
[    1.292371] CPUunderclocking:     !! Rdmsr(3of2): different results for cores(this is expected to be so, depending on load) core[0] != core[1] (see above KERN_DEBUG msgs) {Rdmsr kernel/smp.c:717}
[    1.292601] CPUunderclocking:   !! Rdmsr(1of2): core:2 idx:c0010063 ... {Rdmsr kernel/smp.c:696}
[    1.292784] CPUunderclocking:     !! Rdmsr(2of2): core:2 idx:c0010063 done. (resultx==0000000000000000 hi:00000000 lo:00000000) {Rdmsr kernel/smp.c:712}
[    1.293004] CPUunderclocking:   !! Rdmsr(1of2): core:3 idx:c0010063 ... {Rdmsr kernel/smp.c:696}
[    1.293187] CPUunderclocking:     !! Rdmsr(2of2): core:3 idx:c0010063 done. (resultx==0000000000000006 hi:00000000 lo:00000006) {Rdmsr kernel/smp.c:712}
[    1.293370] CPUunderclocking:     !! Rdmsr(3of2): different results for cores(this is expected to be so, depending on load) core[2] != core[3] (see above KERN_DEBUG msgs) {Rdmsr kernel/smp.c:717}
[    1.293601] CPUunderclocking: Waiting for PState to settle at wanted. Current: i(16bits)=6 j(64bits)=6 wantedpstate=6 tries left:9 {SetCurrentPState kernel/smp.c:926}
[    1.293829] CPUunderclocking:   !! Rdmsr(1of2): core:0 idx:c0010071 ... {Rdmsr kernel/smp.c:696}
[    1.294006] CPUunderclocking:     !! Rdmsr(2of2): core:0 idx:c0010071 done. (resultx==003160975a074e02 hi:00316097 lo:5a074e02) {Rdmsr kernel/smp.c:712}
[    1.294190] CPUunderclocking:   !! Rdmsr(1of2): core:1 idx:c0010071 ... {Rdmsr kernel/smp.c:696}
[    1.294373] CPUunderclocking:     !! Rdmsr(2of2): core:1 idx:c0010071 done. (resultx==003160975a014fa3 hi:00316097 lo:5a014fa3) {Rdmsr kernel/smp.c:712}
[    1.294558] CPUunderclocking:     !! Rdmsr(3of2): different results for cores(this is expected to be so, depending on load) core[0] != core[1] (see above KERN_DEBUG msgs) {Rdmsr kernel/smp.c:717}
[    1.294788] CPUunderclocking:   !! Rdmsr(1of2): core:2 idx:c0010071 ... {Rdmsr kernel/smp.c:696}
[    1.295010] CPUunderclocking:     !! Rdmsr(2of2): core:2 idx:c0010071 done. (resultx==003160975a014fa3 hi:00316097 lo:5a014fa3) {Rdmsr kernel/smp.c:712}
[    1.295194] CPUunderclocking:   !! Rdmsr(1of2): core:3 idx:c0010071 ... {Rdmsr kernel/smp.c:696}
[    1.295376] CPUunderclocking:     !! Rdmsr(2of2): core:3 idx:c0010071 done. (resultx==003160975a074e02 hi:00316097 lo:5a074e02) {Rdmsr kernel/smp.c:712}
[    1.295561] CPUunderclocking:     !! Rdmsr(3of2): different results for cores(this is expected to be so, depending on load) core[2] != core[3] (see above KERN_DEBUG msgs) {Rdmsr kernel/smp.c:717}
[    1.295791] CPUunderclocking: !! currentpstate:7 {apply_underclocking_if_needed kernel/smp.c:964}
[    1.295968] CPUunderclocking:   !! Rdmsr(1of2): core:0 idx:c0010062 ... {Rdmsr kernel/smp.c:696}
[    1.296006] CPUunderclocking:     !! Rdmsr(2of2): core:0 idx:c0010062 done. (resultx==0000000000000006 hi:00000000 lo:00000006) {Rdmsr kernel/smp.c:712}
[    1.296189] CPUunderclocking:   !! Rdmsr(1of2): core:1 idx:c0010062 ... {Rdmsr kernel/smp.c:696}
[    1.296370] CPUunderclocking:     !! Rdmsr(2of2): core:1 idx:c0010062 done. (resultx==0000000000000006 hi:00000000 lo:00000006) {Rdmsr kernel/smp.c:712}
[    1.296554] CPUunderclocking:   !! Rdmsr(1of2): core:2 idx:c0010062 ... {Rdmsr kernel/smp.c:696}
[    1.296736] CPUunderclocking:     !! Rdmsr(2of2): core:2 idx:c0010062 done. (resultx==0000000000000006 hi:00000000 lo:00000006) {Rdmsr kernel/smp.c:712}
[    1.297004] CPUunderclocking:   !! Rdmsr(1of2): core:3 idx:c0010062 ... {Rdmsr kernel/smp.c:696}
[    1.297187] CPUunderclocking:     !! Rdmsr(2of2): core:3 idx:c0010062 done. (resultx==0000000000000006 hi:00000000 lo:00000006) {Rdmsr kernel/smp.c:712}
[    1.297368] CPUunderclocking:   !! Wrmsr(before write): core:0/64 idx:c0010062 valx:0000000000000000 ...  {Wrmsr kernel/smp.c:637}
[    1.297548] CPUunderclocking:     !! Wrmsr(after write): done. {Wrmsr kernel/smp.c:676}
[    1.297704] CPUunderclocking:   !! Wrmsr(before write): core:1/64 idx:c0010062 valx:0000000000000000 ...  {Wrmsr kernel/smp.c:637}
[    1.297867] CPUunderclocking:     !! Wrmsr(after write): done. {Wrmsr kernel/smp.c:676}
[    1.298002] CPUunderclocking:   !! Wrmsr(before write): core:2/64 idx:c0010062 valx:0000000000000000 ...  {Wrmsr kernel/smp.c:637}
[    1.298165] CPUunderclocking:     !! Wrmsr(after write): done. {Wrmsr kernel/smp.c:676}
[    1.298322] CPUunderclocking:   !! Wrmsr(before write): core:3/64 idx:c0010062 valx:0000000000000000 ...  {Wrmsr kernel/smp.c:637}
[    1.298487] CPUunderclocking:     !! Wrmsr(after write): done. {Wrmsr kernel/smp.c:676}
[    1.298642] CPUunderclocking:   !! Rdmsr(1of2): core:0 idx:c0010063 ... {Rdmsr kernel/smp.c:696}
[    1.298800] CPUunderclocking:     !! Rdmsr(2of2): core:0 idx:c0010063 done. (resultx==0000000000000000 hi:00000000 lo:00000000) {Rdmsr kernel/smp.c:712}
[    1.299002] CPUunderclocking:   !! Rdmsr(1of2): core:1 idx:c0010063 ... {Rdmsr kernel/smp.c:696}
[    1.299164] CPUunderclocking:     !! Rdmsr(2of2): core:1 idx:c0010063 done. (resultx==0000000000000000 hi:00000000 lo:00000000) {Rdmsr kernel/smp.c:712}
[    1.299325] CPUunderclocking:   !! Rdmsr(1of2): core:2 idx:c0010063 ... {Rdmsr kernel/smp.c:696}
[    1.299487] CPUunderclocking:     !! Rdmsr(2of2): core:2 idx:c0010063 done. (resultx==0000000000000000 hi:00000000 lo:00000000) {Rdmsr kernel/smp.c:712}
[    1.299647] CPUunderclocking:   !! Rdmsr(1of2): core:3 idx:c0010063 ... {Rdmsr kernel/smp.c:696}
[    1.300005] CPUunderclocking:     !! Rdmsr(2of2): core:3 idx:c0010063 done. (resultx==0000000000000000 hi:00000000 lo:00000000) {Rdmsr kernel/smp.c:712}
[    1.300168] CPUunderclocking: Waiting for PState to settle at wanted. Current: i(16bits)=0 j(64bits)=0 wantedpstate=0 tries left:9 {SetCurrentPState kernel/smp.c:926}
[    1.301001] CPUunderclocking:   !! Rdmsr(1of2): core:0 idx:c0010071 ... {Rdmsr kernel/smp.c:696}
[    1.301162] CPUunderclocking:     !! Rdmsr(2of2): core:0 idx:c0010071 done. (resultx==003160975a014e40 hi:00316097 lo:5a014e40) {Rdmsr kernel/smp.c:712}
[    1.301326] CPUunderclocking:   !! Rdmsr(1of2): core:1 idx:c0010071 ... {Rdmsr kernel/smp.c:696}
[    1.301490] CPUunderclocking:     !! Rdmsr(2of2): core:1 idx:c0010071 done. (resultx==003160975a014fa3 hi:00316097 lo:5a014fa3) {Rdmsr kernel/smp.c:712}
[    1.301654] CPUunderclocking:     !! Rdmsr(3of2): different results for cores(this is expected to be so, depending on load) core[0] != core[1] (see above KERN_DEBUG msgs) {Rdmsr kernel/smp.c:717}
[    1.301857] CPUunderclocking:   !! Rdmsr(1of2): core:2 idx:c0010071 ... {Rdmsr kernel/smp.c:696}
[    1.302005] CPUunderclocking:     !! Rdmsr(2of2): core:2 idx:c0010071 done. (resultx==003160975a014fa3 hi:00316097 lo:5a014fa3) {Rdmsr kernel/smp.c:712}
[    1.302169] CPUunderclocking:   !! Rdmsr(1of2): core:3 idx:c0010071 ... {Rdmsr kernel/smp.c:696}
[    1.302332] CPUunderclocking:     !! Rdmsr(2of2): core:3 idx:c0010071 done. (resultx==003160975a014e40 hi:00316097 lo:5a014e40) {Rdmsr kernel/smp.c:712}
[    1.302497] CPUunderclocking:     !! Rdmsr(3of2): different results for cores(this is expected to be so, depending on load) core[2] != core[3] (see above KERN_DEBUG msgs) {Rdmsr kernel/smp.c:717}
[    1.302701] CPUunderclocking: !! currentpstate:1 {apply_underclocking_if_needed kernel/smp.c:966}
[    1.302860] CPUunderclocking: done. {apply_underclocking_if_needed kernel/smp.c:969}
[    1.303004] smpboot: Boot done
[    1.303124] ----------------
[    1.303243] | NMI testsuite:
[    1.303362] --------------------
[    1.303482]   remote IPI:  ok  |
[    1.307219]    local IPI:  ok  |
[    1.317007] --------------------
[    1.317186] Good, all   2 testcases passed! |
[    1.317312] ---------------------------------
[    1.317439] smpboot: Before bogomips
[    1.317567] smpboot: Total of 4 processors activated (11179.21 BogoMIPS)
[    1.317694] smpboot: Before bogocount - setting activated=1
[    1.320788] devtmpfs: initialized
[    1.321203] device: 'platform': device_add
[    1.321742] bus: 'platform': registered
[    1.322084] bus: 'cpu': registered
[    1.322272] device: 'cpu': device_add
[    1.322903] bus: 'container': registered
[    1.323014] device: 'container': device_add
[    1.326564] bus: 'workqueue': registered
[    1.326749] device: 'workqueue': device_add
[    1.327379] clocksource: jiffies: mask: 0xffffffff max_cycles: 0xffffffff, max_idle_ns: 1911260446275000 ns
[    1.327753] xor: measuring software checksum speed
[    1.337002]    prefetch64-sse:  8796.000 MB/sec
[    1.347002]    generic_sse:  7916.000 MB/sec
[    1.347174] xor: using function: prefetch64-sse (8796.000 MB/sec)
[    1.347310] atomic64_test: passed for x86-64 platform with CX8 and with SSE
[    1.347439] device class 'regulator': registering
[    1.347791] Registering platform device 'reg-dummy'. Parent at platform
[    1.347972] device: 'reg-dummy': device_add
[    1.348065] bus: 'platform': add device reg-dummy
[    1.348529] bus: 'platform': add driver reg-dummy
[    1.348734] bus: 'platform': driver_probe_device: matched device reg-dummy with driver reg-dummy
[    1.349002] bus: 'platform': really_probe: probing driver reg-dummy with device reg-dummy
[    1.349234] devices_kset: Moving reg-dummy to end of list
[    1.349451] regulator-dummy: no parameters
[    1.349632] device: 'regulator.0': device_add
[    1.350527] driver: 'reg-dummy': driver_bound: bound to device 'reg-dummy'
[    1.350703] bus: 'platform': really_probe: bound device reg-dummy to driver reg-dummy
[    1.351926] NET: Registered protocol family 16
[    1.352533] device class 'bdi': registering
[    1.352818] bus: 'platform': add driver ramoops
[    1.353181] device class 'pci_bus': registering
[    1.353617] bus: 'pci': registered
[    1.353800] device class 'backlight': registering
[    1.354067] device class 'tty': registering
[    1.354303] device class 'vtconsole': registering
[    1.354558] device: 'vtcon0': device_add
[    1.355363] bus: 'node': registered
[    1.355552] device: 'node': device_add
[    1.356194] bus: 'i2c': registered
[    1.356405] bus: 'i2c': add driver dummy
[    1.356711] i2c-core: driver [dummy] registered
[    1.360011] cpuidle: using governor ladder
[    1.364008] cpuidle: using governor menu
[    1.364847] ACPI FADT declares the system doesn't support PCIe ASPM, so disable it
[    1.365006] ACPI: bus type PCI registered
[    1.365132] acpiphp: ACPI Hot Plug PCI Controller Driver version: 0.5
[    1.365261] device class 'dmi': registering
[    1.365451] device: 'id': device_add
[    1.366755] PCI: MMCONFIG for domain 0000 [bus 00-3f] at [mem 0xf8000000-0xfbffffff] (base 0xf8000000)
[    1.366974] PCI: not using MMCONFIG
[    1.367008] PCI: Using configuration type 1 for base access
[    1.367135] PCI: Using configuration type 1 for extended access
[    1.367841] device: 'node0': device_add
[    1.368213] bus: 'node': add device node0
[    1.368655] device: 'cpu0': device_add
[    1.369010] bus: 'cpu': add device cpu0
[    1.369535] device: 'cpu1': device_add
[    1.369792] bus: 'cpu': add device cpu1
[    1.370318] device: 'cpu2': device_add
[    1.370576] bus: 'cpu': add device cpu2
[    1.371091] device: 'cpu3': device_add
[    1.371353] bus: 'cpu': add device cpu3
[    1.437687] device: 'writeback': device_add
[    1.437924] bus: 'workqueue': add device writeback
[    1.438551] HugeTLB registered 2 MB page size, pre-allocated 0 pages
[    1.439667] device class 'block': registering
[    1.457019] raid6: sse2x1   gen()  2988 MB/s
[    1.474003] raid6: sse2x1   xor()  3417 MB/s
[    1.491011] raid6: sse2x2   gen()  4562 MB/s
[    1.508003] raid6: sse2x2   xor()  4939 MB/s
[    1.525006] raid6: sse2x4   gen()  5566 MB/s
[    1.542006] raid6: sse2x4   xor()  2943 MB/s
[    1.542180] raid6: using algorithm sse2x4 gen() 5566 MB/s
[    1.542307] raid6: .... xor() 2943 MB/s, rmw enabled
[    1.542434] raid6: using intx1 recovery algorithm
[    1.542646] device class 'graphics': registering
[    1.543038] ACPI: Added _OSI(Module Device)
[    1.543211] ACPI: Added _OSI(Processor Device)
[    1.543338] ACPI: Added _OSI(3.0 _SCP Extensions)
[    1.543465] ACPI: Added _OSI(Processor Aggregator Device)
[    1.710452] ACPI: [Firmware Bug]: BIOS _OSI(Linux) query ignored
[    1.729395] ACPI : EC: +++++ EC started +++++
[    1.782477] ACPI: Interpreter enabled
[    1.782665] ACPI: (supports S0 S5)
[    1.782839] ACPI: Using IOAPIC for interrupt routing
[    1.788252] bus: 'acpi': registered
[    1.788441] PCI: MMCONFIG for domain 0000 [bus 00-3f] at [mem 0xf8000000-0xfbffffff] (base 0xf8000000)
[    1.802740] PCI: MMCONFIG at [mem 0xf8000000-0xfbffffff] reserved in ACPI motherboard resources
[    1.803010] PCI: Using host bridge windows from ACPI; if necessary, use "pci=nocrs" and report a bug
[    1.803657] device: 'LNXSYSTM:00': device_add
[    1.803909] bus: 'acpi': add device LNXSYSTM:00
[    1.805002] device: 'LNXCPU:00': device_add
[    1.805253] bus: 'acpi': add device LNXCPU:00
[    1.806370] device: 'LNXCPU:01': device_add
[    1.806621] bus: 'acpi': add device LNXCPU:01
[    1.807723] device: 'LNXCPU:02': device_add
[    1.807978] bus: 'acpi': add device LNXCPU:02
[    1.809088] device: 'LNXCPU:03': device_add
[    1.809337] bus: 'acpi': add device LNXCPU:03
[    1.811269] device: 'LNXSYBUS:00': device_add
[    1.811525] bus: 'acpi': add device LNXSYBUS:00
[    1.813476] device: 'PNP0C0C:00': device_add
[    1.813732] bus: 'acpi': add device PNP0C0C:00
[    1.815805] device: 'PNP0A08:00': device_add
[    1.816068] bus: 'acpi': add device PNP0A08:00
[    1.818108] device: 'PNP0C02:00': device_add
[    1.818358] bus: 'acpi': add device PNP0C02:00
[    1.820684] device: 'device:00': device_add
[    1.820935] bus: 'acpi': add device device:00
[    1.822863] device: 'device:01': device_add
[    1.823079] bus: 'acpi': add device device:01
[    1.825048] device: 'device:02': device_add
[    1.825299] bus: 'acpi': add device device:02
[    1.827588] device: 'device:03': device_add
[    1.827839] bus: 'acpi': add device device:03
[    1.829751] device: 'LNXVIDEO:00': device_add
[    1.830002] bus: 'acpi': add device LNXVIDEO:00
[    1.832278] device: 'device:04': device_add
[    1.832528] bus: 'acpi': add device device:04
[    1.834699] device: 'device:05': device_add
[    1.834949] bus: 'acpi': add device device:05
[    1.836850] device: 'device:06': device_add
[    1.837080] bus: 'acpi': add device device:06
[    1.839268] device: 'device:07': device_add
[    1.839520] bus: 'acpi': add device device:07
[    1.841421] device: 'device:08': device_add
[    1.841676] bus: 'acpi': add device device:08
[    1.843958] device: 'device:09': device_add
[    1.844079] bus: 'acpi': add device device:09
[    1.846175] device: 'device:0a': device_add
[    1.846425] bus: 'acpi': add device device:0a
[    1.848709] device: 'device:0b': device_add
[    1.848956] bus: 'acpi': add device device:0b
[    1.850882] device: 'device:0c': device_add
[    1.851080] bus: 'acpi': add device device:0c
[    1.853438] device: 'device:0d': device_add
[    1.853690] bus: 'acpi': add device device:0d
[    1.855599] device: 'device:0e': device_add
[    1.855850] bus: 'acpi': add device device:0e
[    1.858146] device: 'device:0f': device_add
[    1.858396] bus: 'acpi': add device device:0f
[    1.860309] device: 'device:10': device_add
[    1.860565] bus: 'acpi': add device device:10
[    1.862843] device: 'device:11': device_add
[    1.863079] bus: 'acpi': add device device:11
[    1.864983] device: 'device:12': device_add
[    1.865080] bus: 'acpi': add device device:12
[    1.867125] device: 'device:13': device_add
[    1.867374] bus: 'acpi': add device device:13
[    1.869277] device: 'device:14': device_add
[    1.869532] bus: 'acpi': add device device:14
[    1.871820] device: 'device:15': device_add
[    1.872081] bus: 'acpi': add device device:15
[    1.873964] device: 'device:16': device_add
[    1.874079] bus: 'acpi': add device device:16
[    1.876126] device: 'device:17': device_add
[    1.876376] bus: 'acpi': add device device:17
[    1.878278] device: 'device:18': device_add
[    1.878529] bus: 'acpi': add device device:18
[    1.880791] device: 'device:19': device_add
[    1.881046] bus: 'acpi': add device device:19
[    1.882941] device: 'device:1a': device_add
[    1.883080] bus: 'acpi': add device device:1a
[    1.885087] device: 'device:1b': device_add
[    1.885341] bus: 'acpi': add device device:1b
[    1.887615] device: 'device:1c': device_add
[    1.887865] bus: 'acpi': add device device:1c
[    1.889767] device: 'device:1d': device_add
[    1.890023] bus: 'acpi': add device device:1d
[    1.891913] device: 'device:1e': device_add
[    1.892079] bus: 'acpi': add device device:1e
[    1.894448] device: 'device:1f': device_add
[    1.894699] bus: 'acpi': add device device:1f
[    1.896586] device: 'device:20': device_add
[    1.896835] bus: 'acpi': add device device:20
[    1.899123] device: 'device:21': device_add
[    1.899371] bus: 'acpi': add device device:21
[    1.901268] device: 'device:22': device_add
[    1.901519] bus: 'acpi': add device device:22
[    1.903793] device: 'device:23': device_add
[    1.904046] bus: 'acpi': add device device:23
[    1.906317] device: 'device:24': device_add
[    1.906568] bus: 'acpi': add device device:24
[    1.909178] device: 'device:25': device_add
[    1.909430] bus: 'acpi': add device device:25
[    1.911341] device: 'device:26': device_add
[    1.911592] bus: 'acpi': add device device:26
[    1.913788] device: 'device:27': device_add
[    1.914046] bus: 'acpi': add device device:27
[    1.920550] device: 'device:28': device_add
[    1.920802] bus: 'acpi': add device device:28
[    1.927282] device: 'device:29': device_add
[    1.927533] bus: 'acpi': add device device:29
[    1.929733] device: 'device:2a': device_add
[    1.929982] bus: 'acpi': add device device:2a
[    1.936468] device: 'device:2b': device_add
[    1.936719] bus: 'acpi': add device device:2b
[    1.943188] device: 'device:2c': device_add
[    1.943444] bus: 'acpi': add device device:2c
[    1.946643] device: 'device:2d': device_add
[    1.946893] bus: 'acpi': add device device:2d
[    1.948820] device: 'device:2e': device_add
[    1.949080] bus: 'acpi': add device device:2e
[    1.952448] device: 'device:2f': device_add
[    1.952704] bus: 'acpi': add device device:2f
[    1.954628] device: 'device:30': device_add
[    1.954878] bus: 'acpi': add device device:30
[    1.956912] device: 'device:31': device_add
[    1.957080] bus: 'acpi': add device device:31
[    1.959353] device: 'device:32': device_add
[    1.959603] bus: 'acpi': add device device:32
[    1.962572] device: 'PNP0C0F:00': device_add
[    1.962822] bus: 'acpi': add device PNP0C0F:00
[    1.965862] device: 'PNP0C0F:01': device_add
[    1.966080] bus: 'acpi': add device PNP0C0F:01
[    1.969151] device: 'PNP0C0F:02': device_add
[    1.969404] bus: 'acpi': add device PNP0C0F:02
[    1.972431] device: 'PNP0C0F:03': device_add
[    1.972682] bus: 'acpi': add device PNP0C0F:03
[    1.975749] device: 'PNP0C0F:04': device_add
[    1.976013] bus: 'acpi': add device PNP0C0F:04
[    1.979110] device: 'PNP0C0F:05': device_add
[    1.979360] bus: 'acpi': add device PNP0C0F:05
[    1.982441] device: 'PNP0C0F:06': device_add
[    1.982690] bus: 'acpi': add device PNP0C0F:06
[    1.985776] device: 'PNP0C0F:07': device_add
[    1.986024] bus: 'acpi': add device PNP0C0F:07
[    1.988050] device: 'PNP0200:00': device_add
[    1.988300] bus: 'acpi': add device PNP0200:00
[    1.990254] device: 'PNP0C04:00': device_add
[    1.990504] bus: 'acpi': add device PNP0C04:00
[    1.992446] device: 'PNP0000:00': device_add
[    1.992702] bus: 'acpi': add device PNP0000:00
[    1.994638] device: 'PNP0B00:00': device_add
[    1.994889] bus: 'acpi': add device PNP0B00:00
[    1.996826] device: 'PNP0800:00': device_add
[    1.997080] bus: 'acpi': add device PNP0800:00
[    1.999023] device: 'PNP0100:00': device_add
[    1.999273] bus: 'acpi': add device PNP0100:00
[    2.001208] device: 'PNP0C02:01': device_add
[    2.001463] bus: 'acpi': add device PNP0C02:01
[    2.003936] device: 'PNP0C01:00': device_add
[    2.004080] bus: 'acpi': add device PNP0C01:00
[    2.006779] device: 'PNP0C09:00': device_add
[    2.007035] bus: 'acpi': add device PNP0C09:00
[    2.009675] device: 'ACPI0003:00': device_add
[    2.009926] bus: 'acpi': add device ACPI0003:00
[    2.014828] device: 'PNP0C0A:00': device_add
[    2.015085] bus: 'acpi': add device PNP0C0A:00
[    2.017786] device: 'VPC2004:00': device_add
[    2.018035] bus: 'acpi': add device VPC2004:00
[    2.020070] device: 'PNP0303:00': device_add
[    2.020322] bus: 'acpi': add device PNP0303:00
[    2.024398] device: 'SYN0326:00': device_add
[    2.024650] bus: 'acpi': add device SYN0326:00
[    2.026950] device: 'device:33': device_add
[    2.027081] bus: 'acpi': add device device:33
[    2.029478] device: 'device:34': device_add
[    2.029727] bus: 'acpi': add device device:34
[    2.031621] device: 'device:35': device_add
[    2.031871] bus: 'acpi': add device device:35
