[    0.000000] Linux version 4.8.0-rc1-g29b4817 (z@myzee) (gcc version 6.1.1 20160707 (GCC) ) #18 SMP PREEMPT Mon Aug 8 15:30:08 EEST 2016
[    0.000000] Command line: BOOT_IMAGE=/boot/vmlinuz-linux-git root=UUID=96efaea0-86dc-485a-af36-36706f9f3908 rw root_trim=yes rd.luks.allow-discards ipv6.disable=1 pnp.debug=1 loglevel=9 log_buf_len=10M printk.always_kmsg_dump=y printk.time=y printk.devkmsg=on mminit_loglevel=0 memory_corruption_check=1 nohz=on rcu_nocbs=1-3 fbcon=scrollback:4096k fbcon=font:ProFont6x11 apic=debug dynamic_debug.verbose=1 "dyndbg=file arch/x86/kernel/apic/* +pflmt ; file drivers/video/* +pflmt ; file drivers/input/* -pflmt ; file drivers/acpi/* -pflmt" acpi_backlight=vendor radeon.audio=0 radeon.lockup_timeout=999000 radeon.test=0 radeon.agpmode=-1 radeon.benchmark=0 radeon.tv=0 radeon.hard_reset=1 radeon.msi=1 radeon.pcie_gen2=-1 radeon.no_wb=1 radeon.dynclks=0 radeon.r4xx_atom=0 radeonfb radeon.fastfb=1 radeon.dpm=1 radeon.runpm=1 rd.debug rd.udev.debug rd.memdebug=3 net.ifnames=1 slub_debug=U pax_sanitize_slab=full noefi nolvm dobtrfs console=tty1 earlyprintk=vga CPUunderclocking radeon.modeset=1 audit
[    0.000000] KERNEL supported cpus:
[    0.000000]   AMD AuthenticAMD
[    0.000000] x86/fpu: Legacy x87 FPU detected.
[    0.000000] x86/fpu: Using 'eager' FPU context switches.
[    0.000000] e820: BIOS-provided physical RAM map:
[    0.000000] BIOS-e820: [mem 0x0000000000000000-0x000000000009d7ff] usable
[    0.000000] BIOS-e820: [mem 0x000000000009d800-0x000000000009ffff] reserved
[    0.000000] BIOS-e820: [mem 0x00000000000e0000-0x00000000000fffff] reserved
[    0.000000] BIOS-e820: [mem 0x0000000000100000-0x00000000bed9afff] usable
[    0.000000] BIOS-e820: [mem 0x00000000bed9b000-0x00000000bf39afff] reserved
[    0.000000] BIOS-e820: [mem 0x00000000bf39b000-0x00000000bf49afff] ACPI NVS
[    0.000000] BIOS-e820: [mem 0x00000000bf49b000-0x00000000bf51afff] ACPI data
[    0.000000] BIOS-e820: [mem 0x00000000bf51b000-0x00000000bfdfffff] usable
[    0.000000] BIOS-e820: [mem 0x00000000bfe00000-0x00000000bfffffff] reserved
[    0.000000] BIOS-e820: [mem 0x00000000fec00000-0x00000000fecfffff] reserved
[    0.000000] BIOS-e820: [mem 0x00000000fed80000-0x00000000fed80fff] reserved
[    0.000000] BIOS-e820: [mem 0x00000000ffe00000-0x00000000ffffffff] reserved
[    0.000000] BIOS-e820: [mem 0x0000000100000000-0x000000041effffff] usable
[    0.000000] bootconsole [earlyvga0] enabled
[    0.000000] NX (Execute Disable) protection: active
[    0.000000] SMBIOS 2.6 present.
[    0.000000] DMI: LENOVO Sabine/Torpedo, BIOS 54CN18WW 07/20/2011
[    0.000000] e820: update [mem 0x00000000-0x00000fff] usable ==> reserved
[    0.000000] e820: remove [mem 0x000a0000-0x000fffff] usable
[    0.000000] e820: last_pfn = 0x41f000 max_arch_pfn = 0x400000000
[    0.000000] MTRR default type: uncachable
[    0.000000] MTRR fixed ranges enabled:
[    0.000000]   00000-9FFFF write-back
[    0.000000]   A0000-BFFFF uncachable
[    0.000000]   C0000-FFFFF write-protect
[    0.000000] MTRR variable ranges enabled:
[    0.000000]   0 base 0000000000 mask FF80000000 write-back
[    0.000000]   1 base 0080000000 mask FFC0000000 write-back
[    0.000000]   2 base 00FFF90000 mask FFFFFF0000 uncachable
[    0.000000]   3 base 00FED80000 mask 0FFFFFF000 uncachable
[    0.000000]   4 disabled
[    0.000000]   5 disabled
[    0.000000]   6 disabled
[    0.000000]   7 base 00FFE00000 mask FFFFE00000 write-protect
[    0.000000] TOM2: 000000041f000000 aka 16880M
[    0.000000] x86/PAT: Configuration [0-7]: WB  WC  UC- UC  WB  WC  UC- WT  
[    0.000000] mtrr: your BIOS has configured an incorrect mask, fixing it.
[    0.000000] e820: last_pfn = 0xbfe00 max_arch_pfn = 0x400000000
[    0.000000] Scan for SMP in [mem 0x00000000-0x000003ff]
[    0.000000] Scan for SMP in [mem 0x0009fc00-0x0009ffff]
[    0.000000] Scan for SMP in [mem 0x000f0000-0x000fffff]
[    0.000000] found SMP MP-table at [mem 0x000fa8b0-0x000fa8bf] mapped at [ffff9346000fa8b0]
[    0.000000]   mpc: fa8c0-faa24
[    0.000000] Base memory trampoline at [ffff934600097000] 97000 size 24576
[    0.000000] Using GB pages for direct mapping
[    0.000000] BRK [0x6c830000, 0x6c830fff] PGTABLE
[    0.000000] BRK [0x6c831000, 0x6c831fff] PGTABLE
[    0.000000] BRK [0x6c832000, 0x6c832fff] PGTABLE
[    0.000000] BRK [0x6c833000, 0x6c833fff] PGTABLE
[    0.000000] BRK [0x6c834000, 0x6c834fff] PGTABLE
[    0.000000] BRK [0x6c835000, 0x6c835fff] PGTABLE
[    0.000000] log_buf_len: 16777216 bytes
[    0.000000] early log buf free: 2092600(99%)
[    0.000000] RAMDISK: [mem 0x37b83000-0x37db8fff]
[    0.000000] ACPI: Early table checksum verification disabled
[    0.000000] ACPI: RSDP 0x00000000000F0110 000024 (v02 LENOVO)
[    0.000000] ACPI: XSDT 0x00000000BF51A120 000074 (v01 LENOVO CB-01    00000001 LENO 00000001)
[    0.000000] ACPI: FACP 0x00000000BF508000 0000F4 (v04 LENOVO CB-01    00000001 PTL  00000001)
[    0.000000] ACPI: DSDT 0x00000000BF50A000 00FD10 (v01 LENOVO CB-01    00001000 LENO 00000001)
[    0.000000] ACPI: FACS 0x00000000BF478000 000040
[    0.000000] ACPI: FACS 0x00000000BF478000 000040
[    0.000000] ACPI: HPET 0x00000000BF507000 000038 (v01 LENOVO CB-01    00000001 PTL  00000001)
[    0.000000] ACPI: APIC 0x00000000BF506000 00007A (v02 LENOVO CB-01    00000001 PTL  00000001)
[    0.000000] ACPI: MCFG 0x00000000BF505000 00003C (v01 LENOVO CB-01    00000001 PTL  00000001)
[    0.000000] ACPI: SLIC 0x00000000BF504000 000176 (v01 LENOVO CB-01    00000001 LENO 00000001)
[    0.000000] ACPI: UEFI 0x00000000BF503000 00003E (v01 LENOVO CB-01    00000001 PTL  00000001)
[    0.000000] ACPI: UEFI 0x00000000BF502000 000042 (v01 PTL    COMBUF   00000001 PTL  00000001)
[    0.000000] ACPI: SSDT 0x00000000BF501000 000E34 (v01 AMD    POWERNOW 00000001 AMD  00000001)
[    0.000000] ACPI: SSDT 0x00000000BF4FF000 00193D (v02 AMD    ALIB     00000001 MSFT 04000000)
[    0.000000] ACPI: UEFI 0x00000000BF4FE000 0001DE (v01 LENOVO CB-01    00000001 PTL  00000001)
[    0.000000] ACPI: Local APIC address 0xfee00000
[    0.000000] mapped APIC to ffffffffff7fc000 (        fee00000)
[    0.000000] No NUMA configuration found
[    0.000000] Faking a node at [mem 0x0000000000000000-0x000000041effffff]
[    0.000000] NODE_DATA(0) allocated [mem 0x41dff9000-0x41dffcfff]
[    0.000000] Zone ranges:
[    0.000000]   DMA      [mem 0x0000000000001000-0x0000000000ffffff]
[    0.000000]   DMA32    [mem 0x0000000001000000-0x00000000ffffffff]
[    0.000000]   Normal   [mem 0x0000000100000000-0x000000041effffff]
[    0.000000] Movable zone start for each node
[    0.000000] Early memory node ranges
[    0.000000]   node   0: [mem 0x0000000000001000-0x000000000009cfff]
[    0.000000]   node   0: [mem 0x0000000000100000-0x00000000bed9afff]
[    0.000000]   node   0: [mem 0x00000000bf51b000-0x00000000bfdfffff]
[    0.000000]   node   0: [mem 0x0000000100000000-0x000000041effffff]
[    0.000000] Initmem setup node 0 [mem 0x0000000000001000-0x000000041effffff]
[    0.000000] On node 0 totalpages: 4056604
[    0.000000]   DMA zone: 64 pages used for memmap
[    0.000000]   DMA zone: 21 pages reserved
[    0.000000]   DMA zone: 3996 pages, LIFO batch:0
[    0.000000]   DMA32 zone: 12186 pages used for memmap
[    0.000000]   DMA32 zone: 779904 pages, LIFO batch:31
[    0.000000]   Normal zone: 51136 pages used for memmap
[    0.000000]   Normal zone: 3272704 pages, LIFO batch:31
[    0.000000] ACPI: PM-Timer IO Port: 0x808
[    0.000000] ACPI: Local APIC address 0xfee00000
[    0.000000] mapped APIC to ffffffffff7fc000 (        fee00000)
[    0.000000] ACPI: LAPIC (acpi_id[0x00] lapic_id[0x00] enabled)
[    0.000000] ACPI: LAPIC (acpi_id[0x01] lapic_id[0x01] enabled)
[    0.000000] ACPI: LAPIC (acpi_id[0x02] lapic_id[0x02] enabled)
[    0.000000] ACPI: LAPIC (acpi_id[0x03] lapic_id[0x03] enabled)
[    0.000000] ACPI: LAPIC_NMI (acpi_id[0x00] high edge lint[0x1])
[    0.000000] ACPI: LAPIC_NMI (acpi_id[0x01] high edge lint[0x1])
[    0.000000] ACPI: LAPIC_NMI (acpi_id[0x02] high edge lint[0x1])
[    0.000000] ACPI: LAPIC_NMI (acpi_id[0x03] high edge lint[0x1])
[    0.000000] ACPI: IOAPIC (id[0x02] address[0xfec00000] gsi_base[0])
[    0.000000] IOAPIC[0]: apic_id 2, version 33, address 0xfec00000, GSI 0-23
[    0.000000] ACPI: INT_SRC_OVR (bus 0 bus_irq 0 global_irq 2 dfl dfl)
[    0.000000] Int: type 0, pol 0, trig 0, bus 00, IRQ 00, APIC ID 2, APIC INT 02
[    0.000000] Int: type 0, pol 3, trig 3, bus 00, IRQ 09, APIC ID 2, APIC INT 09
[    0.000000] ACPI: IRQ0 used by override.
[    0.000000] Int: type 0, pol 0, trig 0, bus 00, IRQ 01, APIC ID 2, APIC INT 01
[    0.000000] Int: type 0, pol 0, trig 0, bus 00, IRQ 03, APIC ID 2, APIC INT 03
[    0.000000] Int: type 0, pol 0, trig 0, bus 00, IRQ 04, APIC ID 2, APIC INT 04
[    0.000000] Int: type 0, pol 0, trig 0, bus 00, IRQ 05, APIC ID 2, APIC INT 05
[    0.000000] Int: type 0, pol 0, trig 0, bus 00, IRQ 06, APIC ID 2, APIC INT 06
[    0.000000] Int: type 0, pol 0, trig 0, bus 00, IRQ 07, APIC ID 2, APIC INT 07
[    0.000000] Int: type 0, pol 0, trig 0, bus 00, IRQ 08, APIC ID 2, APIC INT 08
[    0.000000] ACPI: IRQ9 used by override.
[    0.000000] Int: type 0, pol 0, trig 0, bus 00, IRQ 0a, APIC ID 2, APIC INT 0a
[    0.000000] Int: type 0, pol 0, trig 0, bus 00, IRQ 0b, APIC ID 2, APIC INT 0b
[    0.000000] Int: type 0, pol 0, trig 0, bus 00, IRQ 0c, APIC ID 2, APIC INT 0c
[    0.000000] Int: type 0, pol 0, trig 0, bus 00, IRQ 0d, APIC ID 2, APIC INT 0d
[    0.000000] Int: type 0, pol 0, trig 0, bus 00, IRQ 0e, APIC ID 2, APIC INT 0e
[    0.000000] Int: type 0, pol 0, trig 0, bus 00, IRQ 0f, APIC ID 2, APIC INT 0f
[    0.000000] Using ACPI (MADT) for SMP configuration information
[    0.000000] ACPI: HPET id: 0x43538210 base: 0xfed00000
[    0.000000] smpboot: Allowing 4 CPUs, 0 hotplug CPUs
[    0.000000] mapped IOAPIC to ffffffffff7fb000 (fec00000)
[    0.000000] e820: [mem 0xc0000000-0xfebfffff] available for PCI devices
[    0.000000] clocksource: refined-jiffies: mask: 0xffffffff max_cycles: 0xffffffff, max_idle_ns: 1910969940391419 ns
[    0.000000] setup_percpu: NR_CPUS:64 nr_cpumask_bits:64 nr_cpu_ids:4 nr_node_ids:1
[    0.000000] percpu: Embedded 33 pages/cpu @ffff934a1dc00000 s95832 r8192 d31144 u524288
[    0.000000] pcpu-alloc: s95832 r8192 d31144 u524288 alloc=1*2097152
[    0.000000] pcpu-alloc: [0] 0 1 2 3 
[    0.000000] Built 1 zonelists in Node order, mobility grouping on.  Total pages: 3993197
[    0.000000] Policy zone: Normal
[    0.000000] Kernel command line: BOOT_IMAGE=/boot/vmlinuz-linux-git root=UUID=96efaea0-86dc-485a-af36-36706f9f3908 rw root_trim=yes rd.luks.allow-discards ipv6.disable=1 pnp.debug=1 loglevel=9 log_buf_len=10M printk.always_kmsg_dump=y printk.time=y printk.devkmsg=on mminit_loglevel=0 memory_corruption_check=1 nohz=on rcu_nocbs=1-3 fbcon=scrollback:4096k fbcon=font:ProFont6x11 apic=debug dynamic_debug.verbose=1 "dyndbg=file arch/x86/kernel/apic/* +pflmt ; file drivers/video/* +pflmt ; file drivers/input/* -pflmt ; file drivers/acpi/* -pflmt" acpi_backlight=vendor radeon.audio=0 radeon.lockup_timeout=999000 radeon.test=0 radeon.agpmode=-1 radeon.benchmark=0 radeon.tv=0 radeon.hard_reset=1 radeon.msi=1 radeon.pcie_gen2=-1 radeon.no_wb=1 radeon.dynclks=0 radeon.r4xx_atom=0 radeonfb radeon.fastfb=1 radeon.dpm=1 radeon.runpm=1 rd.debug rd.udev.debug rd.memdebug=3 net.ifnames=1 slub_debug=U pax_sanitize_slab=full noefi nolvm dobtrfs console=tty1 earlyprintk=vga CPUunderclocking radeon.modeset=1 
[    0.000000] PCIe ASPM is disabled
[    0.000000] PID hash table entries: 4096 (order: 3, 32768 bytes)
[    0.000000] Memory: 15870372K/16226416K available (7821K kernel code, 740K rwdata, 3032K rodata, 880K init, 2628K bss, 356044K reserved, 0K cma-reserved)
[    0.000000] SLUB: HWalign=64, Order=0-3, MinObjects=0, CPUs=4, Nodes=1
[    0.000000] Preemptible hierarchical RCU implementation.
[    0.000000] 	Build-time adjustment of leaf fanout to 64.
[    0.000000] 	RCU restricting CPUs from NR_CPUS=64 to nr_cpu_ids=4.
[    0.000000] RCU: Adjusting geometry for rcu_fanout_leaf=64, nr_cpu_ids=4
[    0.000000] NR_IRQS:4352 nr_irqs:456 16
[    0.000000] spurious 8259A interrupt: IRQ7.
[    0.000000] vgacon: allocated 4194304 bytes of memory for scrollback. CONFIG_VGACON_SOFT_SCROLLBACK_SIZE=4096
[    0.000000] Console: colour VGA+ 80x25
[    0.000000] console [tty1] enabled
[    0.000000] bootconsole [earlyvga0] disabled
[    0.000000] clocksource: hpet: mask: 0xffffffff max_cycles: 0xffffffff, max_idle_ns: 133484873504 ns
[    0.000000] hpet clockevent registered
[    0.000000] tsc: Fast TSC calibration using PIT
[    0.000000] tsc: Detected 1397.467 MHz processor
[    0.000047] Calibrating delay loop (skipped), value calculated using timer frequency.. 2794.93 BogoMIPS (lpj=1397467)
[    0.000256] pid_max: default: 32768 minimum: 301
[    0.000462] ACPI: Core revision 20160422
[    0.000648] ACPI: acpi_os_initialize: map reset_reg status 0
[    0.254670] random: fast init done
[    0.907860] ACPI: 3 ACPI AML tables successfully acquired and loaded

[    0.908437] Security Framework initialized
[    0.910367] Dentry cache hash table entries: 2097152 (order: 12, 16777216 bytes)
[    0.917201] Inode-cache hash table entries: 1048576 (order: 11, 8388608 bytes)
[    0.920521] Mount-cache hash table entries: 32768 (order: 6, 262144 bytes)
[    0.920721] Mountpoint-cache hash table entries: 32768 (order: 6, 262144 bytes)
[    0.923510] [Firmware Info]: CPU: 'AMD A6-3400M APU with Radeon(tm) HD Graphics' has AMD errata 665 Integer Divide Instruction May Cause Unpredictable Behavior.'
[    0.923794] [Firmware Info]: CPU: Double-checked CPU type. 'AMD A6-3400M APU with Radeon(tm) HD Graphics'
[    0.923971] [Firmware Info]: CPU: Setting workaround for 665...(set 'no665wo' in /proc/cmdline to disable)
[    0.924151] CPU: Physical Processor ID: 0
[    0.924279] CPU: Processor Core ID: 0
[    0.924408] mce: CPU supports 6 MCE banks
[    0.924575] Last level iTLB entries: 4KB 512, 2MB 16, 4MB 8
[    0.924761] Last level dTLB entries: 4KB 1024, 2MB 128, 4MB 64, 1GB 0
[    0.927206] Freeing SMP alternatives memory: 28K (ffffffffa8d97000 - ffffffffa8d9e000)
[    0.928177] smpboot: Max logical packages: 1
[    0.928354] smpboot: APIC(0) Converting physical 0 to logical package 0
[    0.928494] enabled ExtINT on CPU#0
[    0.928809] ENABLING IO-APIC IRQs
[    0.928949] init IO_APIC IRQs
[    0.929077]  apic 2 pin 0 not connected
[    0.929297] IOAPIC[0]: Set routing entry (2-1 -> 0x31 -> IRQ 1 Mode:0 Active:0 Dest:1)
[    0.929574] IOAPIC[0]: Set routing entry (2-2 -> 0x30 -> IRQ 0 Mode:0 Active:0 Dest:1)
[    0.929788] IOAPIC[0]: Set routing entry (2-3 -> 0x33 -> IRQ 3 Mode:0 Active:0 Dest:1)
[    0.930003] IOAPIC[0]: Set routing entry (2-4 -> 0x34 -> IRQ 4 Mode:0 Active:0 Dest:1)
[    0.930217] IOAPIC[0]: Set routing entry (2-5 -> 0x35 -> IRQ 5 Mode:0 Active:0 Dest:1)
[    0.930431] IOAPIC[0]: Set routing entry (2-6 -> 0x36 -> IRQ 6 Mode:0 Active:0 Dest:1)
[    0.930704] IOAPIC[0]: Set routing entry (2-7 -> 0x37 -> IRQ 7 Mode:0 Active:0 Dest:1)
[    0.930922] IOAPIC[0]: Set routing entry (2-8 -> 0x38 -> IRQ 8 Mode:0 Active:0 Dest:1)
[    0.931139] IOAPIC[0]: Set routing entry (2-9 -> 0x39 -> IRQ 9 Mode:1 Active:1 Dest:1)
[    0.931356] IOAPIC[0]: Set routing entry (2-10 -> 0x3a -> IRQ 10 Mode:0 Active:0 Dest:1)
[    0.931571] IOAPIC[0]: Set routing entry (2-11 -> 0x3b -> IRQ 11 Mode:0 Active:0 Dest:1)
[    0.931773] IOAPIC[0]: Set routing entry (2-12 -> 0x3c -> IRQ 12 Mode:0 Active:0 Dest:1)
[    0.931976] IOAPIC[0]: Set routing entry (2-13 -> 0x3d -> IRQ 13 Mode:0 Active:0 Dest:1)
[    0.932178] IOAPIC[0]: Set routing entry (2-14 -> 0x3e -> IRQ 14 Mode:0 Active:0 Dest:1)
[    0.932377] IOAPIC[0]: Set routing entry (2-15 -> 0x3f -> IRQ 15 Mode:0 Active:0 Dest:1)
[    0.932538]  apic 2 pin 16 not connected
[    0.932659]  apic 2 pin 17 not connected
[    0.932779]  apic 2 pin 18 not connected
[    0.932899]  apic 2 pin 19 not connected
[    0.933020]  apic 2 pin 20 not connected
[    0.933141]  apic 2 pin 21 not connected
[    0.933261]  apic 2 pin 22 not connected
[    0.933381]  apic 2 pin 23 not connected
[    0.933647] ..TIMER: vector=0x30 apic1=0 pin1=2 apic2=-1 pin2=-1
[    0.943773] Using local APIC timer interrupts.
               calibrating APIC timer ...
[    1.045649] ... lapic delta = 1247717
[    1.045777] ... PM-Timer delta = 357950
[    1.045905] ... PM-Timer result ok
[    1.046034] ..... delta 1247717
[    1.046161] ..... mult: 53589037
[    1.046289] ..... calibration result: 199634
[    1.046418] ..... CPU clock speed is 1397.0441 MHz.
[    1.046548] ..... host bus clock speed is 199.0634 MHz.
[    1.046643] smpboot: CPU0: AMD A6-3400M APU with Radeon(tm) HD Graphics (family: 0x12, model: 0x1, stepping: 0x0)
[    1.046971] Performance Events: AMD PMU driver.
[    1.047137] ... version:                0
[    1.047266] ... bit width:              48
[    1.047394] ... generic registers:      4
[    1.047523] ... value mask:             0000ffffffffffff
[    1.047656] ... max period:             00007fffffffffff
[    1.047786] ... fixed-purpose events:   0
[    1.047914] ... event mask:             000000000000000f
[    1.053868] dynamic_debug:ddebug_add_module: 2 debug prints in module main
[    1.054063] dynamic_debug:ddebug_add_module: 1 debug prints in module initramfs
[    1.054239] dynamic_debug:ddebug_add_module: 3 debug prints in module ibs
[    1.054371] dynamic_debug:ddebug_add_module: 1 debug prints in module common
[    1.054513] dynamic_debug:ddebug_add_module: 1 debug prints in module amd
[    1.054652] dynamic_debug:ddebug_add_module: 2 debug prints in module main
[    1.054786] dynamic_debug:ddebug_add_module: 7 debug prints in module generic
[    1.054921] dynamic_debug:ddebug_add_module: 15 debug prints in module cleanup
[    1.055099] dynamic_debug:ddebug_add_module: 8 debug prints in module microcode
[    1.055276] dynamic_debug:ddebug_add_module: 3 debug prints in module boot
[    1.055411] dynamic_debug:ddebug_add_module: 22 debug prints in module smpboot
[    1.055586] dynamic_debug:ddebug_add_module: 1 debug prints in module tsc_sync
[    1.055750] dynamic_debug:ddebug_add_module: 2 debug prints in module setup_percpu
[    1.055917] dynamic_debug:ddebug_add_module: 30 debug prints in module vector
[    1.056041] dynamic_debug:ddebug_add_module: 2 debug prints in module init
[    1.056166] dynamic_debug:ddebug_add_module: 6 debug prints in module init_64
[    1.056290] dynamic_debug:ddebug_add_module: 1 debug prints in module numa
[    1.056414] dynamic_debug:ddebug_add_module: 4 debug prints in module params
[    1.056539] dynamic_debug:ddebug_add_module: 4 debug prints in module async
[    1.056666] dynamic_debug:ddebug_add_module: 1 debug prints in module manage
[    1.056792] dynamic_debug:ddebug_add_module: 14 debug prints in module irqdomain
[    1.056953] dynamic_debug:ddebug_add_module: 2 debug prints in module msi
[    1.057077] dynamic_debug:ddebug_add_module: 2 debug prints in module freezer
[    1.057203] dynamic_debug:ddebug_add_module: 19 debug prints in module module
[    1.057328] dynamic_debug:ddebug_add_module: 1 debug prints in module cgroup
[    1.057453] dynamic_debug:ddebug_add_module: 6 debug prints in module mempolicy
[    1.057618] dynamic_debug:ddebug_add_module: 1 debug prints in module sparse_vmemmap
[    1.057792] dynamic_debug:ddebug_add_module: 1 debug prints in module vmpressure
[    1.057954] dynamic_debug:ddebug_add_module: 1 debug prints in module fsnotify
[    1.058116] dynamic_debug:ddebug_add_module: 2 debug prints in module notification
[    1.058278] dynamic_debug:ddebug_add_module: 1 debug prints in module inotify_fsnotify
[    1.058440] dynamic_debug:ddebug_add_module: 5 debug prints in module inotify_user
[    1.058613] dynamic_debug:ddebug_add_module: 6 debug prints in module fanotify
[    1.058791] dynamic_debug:ddebug_add_module: 13 debug prints in module fanotify_user
[    1.058958] dynamic_debug:ddebug_add_module: 20 debug prints in module aio
[    1.059085] dynamic_debug:ddebug_add_module: 14 debug prints in module binfmt_misc
[    1.059247] dynamic_debug:ddebug_add_module: 2 debug prints in module mount
[    1.059371] dynamic_debug:ddebug_add_module: 1 debug prints in module dir
[    1.059498] dynamic_debug:ddebug_add_module: 8 debug prints in module configfs
[    1.059662] dynamic_debug:ddebug_add_module: 1 debug prints in module debugfs
[    1.059791] dynamic_debug:ddebug_add_module: 22 debug prints in module btrfs
[    1.059918] dynamic_debug:ddebug_add_module: 2 debug prints in module ramoops
[    1.060042] dynamic_debug:ddebug_add_module: 1 debug prints in module inode
[    1.060170] dynamic_debug:ddebug_add_module: 6 debug prints in module asymmetric_keys
[    1.060334] dynamic_debug:ddebug_add_module: 13 debug prints in module x509_key_parser
[    1.060509] dynamic_debug:ddebug_add_module: 13 debug prints in module efi
[    1.060643] dynamic_debug:ddebug_add_module: 1 debug prints in module decompress
[    1.060811] dynamic_debug:ddebug_add_module: 10 debug prints in module kobject
[    1.060978] dynamic_debug:ddebug_add_module: 6 debug prints in module kobject_uevent
[    1.061140] dynamic_debug:ddebug_add_module: 1 debug prints in module list_sort
[    1.061302] dynamic_debug:ddebug_add_module: 1 debug prints in module percpu_refcount
[    1.061465] dynamic_debug:ddebug_add_module: 11 debug prints in module asn1_decoder
[    1.061628] dynamic_debug:ddebug_add_module: 5 debug prints in module probe
[    1.061755] dynamic_debug:ddebug_add_module: 4 debug prints in module pci
[    1.061889] dynamic_debug:ddebug_add_module: 1 debug prints in module pci_driver
[    1.062062] dynamic_debug:ddebug_add_module: 3 debug prints in module slot
[    1.062190] dynamic_debug:ddebug_add_module: 3 debug prints in module quirks
[    1.062315] dynamic_debug:ddebug_add_module: 2 debug prints in module pme
[    1.062439] dynamic_debug:ddebug_add_module: 1 debug prints in module pci_hotplug
[    1.064517] dynamic_debug:ddebug_add_module: 12 debug prints in module acpiphp
[    1.064680] dynamic_debug:ddebug_add_module: 1 debug prints in module htirq
[    1.064805] dynamic_debug:ddebug_add_module: 1 debug prints in module pci_acpi
[    1.064969] dynamic_debug:ddebug_add_module: 3 debug prints in module backlight
[    1.065135] dynamic_debug:ddebug_add_module: 4 debug prints in module fb
[    1.065269] dynamic_debug:ddebug_add_module: 7 debug prints in module tables
[    1.065413] dynamic_debug:ddebug_add_module: 48 debug prints in module acpi
[    1.065541] dynamic_debug:ddebug_add_module: 3 debug prints in module fan
[    1.065667] dynamic_debug:ddebug_add_module: 1 debug prints in module video
[    1.065792] dynamic_debug:ddebug_add_module: 4 debug prints in module pci_slot
[    1.065951] dynamic_debug:ddebug_add_module: 7 debug prints in module processor
[    1.066115] dynamic_debug:ddebug_add_module: 4 debug prints in module pnp
[    1.066241] dynamic_debug:ddebug_add_module: 3 debug prints in module acpi_dma
[    1.066401] dynamic_debug:ddebug_add_module: 11 debug prints in module core
[    1.066526] dynamic_debug:ddebug_add_module: 1 debug prints in module fixed
[    1.066662] dynamic_debug:ddebug_add_module: 6 debug prints in module virtual
[    1.066793] dynamic_debug:ddebug_add_module: 3 debug prints in module lp3971
[    1.066922] dynamic_debug:ddebug_add_module: 3 debug prints in module lp3972
[    1.067048] dynamic_debug:ddebug_add_module: 6 debug prints in module tty_io
[    1.067172] dynamic_debug:ddebug_add_module: 1 debug prints in module vt_ioctl
[    1.067334] dynamic_debug:ddebug_add_module: 5 debug prints in module serial_core
[    1.067493] dynamic_debug:ddebug_add_module: 4 debug prints in module 8250
[    1.067619] dynamic_debug:ddebug_add_module: 5 debug prints in module 8250_base
[    1.067779] dynamic_debug:ddebug_add_module: 1 debug prints in module tpm
[    1.067905] dynamic_debug:ddebug_add_module: 10 debug prints in module tpm_tis_core
[    1.068070] dynamic_debug:ddebug_add_module: 2 debug prints in module dmar
[    1.068195] dynamic_debug:ddebug_add_module: 3 debug prints in module drm
[    1.068326] dynamic_debug:ddebug_add_module: 3 debug prints in module ttm
[    1.068457] dynamic_debug:ddebug_add_module: 2 debug prints in module radeon
[    1.068584] dynamic_debug:ddebug_add_module: 17 debug prints in module vgaarb
[    1.068711] dynamic_debug:ddebug_add_module: 7 debug prints in module component
[    1.068871] dynamic_debug:ddebug_add_module: 11 debug prints in module core
[    1.068995] dynamic_debug:ddebug_add_module: 9 debug prints in module bus
[    1.069125] dynamic_debug:ddebug_add_module: 17 debug prints in module dd
[    1.069251] dynamic_debug:ddebug_add_module: 5 debug prints in module class
[    1.069327] dynamic_debug:ddebug_add_module: 4 debug prints in module platform
[    1.069487] dynamic_debug:ddebug_add_module: 7 debug prints in module firmware_class
[    1.069655] dynamic_debug:ddebug_add_module: 1 debug prints in module regmap
[    1.069781] dynamic_debug:ddebug_add_module: 7 debug prints in module regcache
[    1.069947] dynamic_debug:ddebug_add_module: 1 debug prints in module regcache_lzo
[    1.070116] dynamic_debug:ddebug_add_module: 1 debug prints in module dma_buf
[    1.070245] dynamic_debug:ddebug_add_module: 3 debug prints in module scsi_mod
[    1.070406] dynamic_debug:ddebug_add_module: 2 debug prints in module libphy
[    1.070531] dynamic_debug:ddebug_add_module: 1 debug prints in module r8169
[    1.070670] dynamic_debug:ddebug_add_module: 98 debug prints in module cdrom
[    1.070818] dynamic_debug:ddebug_add_module: 150 debug prints in module usbcore
[    1.070980] dynamic_debug:ddebug_add_module: 5 debug prints in module phy
[    1.071106] dynamic_debug:ddebug_add_module: 10 debug prints in module pci_quirks
[    1.071287] dynamic_debug:ddebug_add_module: 55 debug prints in module ehci_hcd
[    1.071458] dynamic_debug:ddebug_add_module: 2 debug prints in module ehci_pci
[    1.071632] dynamic_debug:ddebug_add_module: 46 debug prints in module ohci_hcd
[    1.071838] dynamic_debug:ddebug_add_module: 263 debug prints in module xhci_hcd
[    1.072046] dynamic_debug:ddebug_add_module: 3 debug prints in module xhci_pci
[    1.072209] dynamic_debug:ddebug_add_module: 10 debug prints in module usb_storage
[    1.072370] dynamic_debug:ddebug_add_module: 1 debug prints in module ums_realtek
[    1.072537] dynamic_debug:ddebug_add_module: 6 debug prints in module input_core
[    1.072705] dynamic_debug:ddebug_add_module: 4 debug prints in module atkbd
[    1.072832] dynamic_debug:ddebug_add_module: 15 debug prints in module psmouse
[    1.073006] dynamic_debug:ddebug_add_module: 7 debug prints in module rtc_core
[    1.073179] dynamic_debug:ddebug_add_module: 5 debug prints in module rtc_cmos
[    1.073345] dynamic_debug:ddebug_add_module: 1 debug prints in module i2c_boardinfo
[    1.073510] dynamic_debug:ddebug_add_module: 20 debug prints in module i2c_core
[    1.073674] dynamic_debug:ddebug_add_module: 2 debug prints in module i2c_smbus
[    1.073838] dynamic_debug:ddebug_add_module: 17 debug prints in module i2c_algo_bit
[    1.074002] dynamic_debug:ddebug_add_module: 11 debug prints in module power_supply
[    1.074164] dynamic_debug:ddebug_add_module: 1 debug prints in module hwmon
[    1.074295] dynamic_debug:ddebug_add_module: 9 debug prints in module thermal_sys
[    1.074476] dynamic_debug:ddebug_add_module: 43 debug prints in module cpufreq
[    1.074652] dynamic_debug:ddebug_add_module: 9 debug prints in module freq_table
[    1.074818] dynamic_debug:ddebug_add_module: 2 debug prints in module cpufreq_stats
[    1.074980] dynamic_debug:ddebug_add_module: 1 debug prints in module cpufreq_performance
[    1.075145] dynamic_debug:ddebug_add_module: 22 debug prints in module acpi_cpufreq
[    1.075306] dynamic_debug:ddebug_add_module: 3 debug prints in module dmi_scan
[    1.075468] dynamic_debug:ddebug_add_module: 1 debug prints in module hid
[    1.075593] dynamic_debug:ddebug_add_module: 8 debug prints in module usbhid
[    1.075719] dynamic_debug:ddebug_add_module: 2 debug prints in module i386
[    1.075852] dynamic_debug:ddebug_add_module: 2 debug prints in module fixup
[    1.075990] dynamic_debug:ddebug_add_module: 7 debug prints in module irq
[    1.076119] dynamic_debug:ddebug_add_module: 1 debug prints in module sock
[    1.076247] dynamic_debug:ddebug_add_module: 17 debug prints in module dev
[    1.076371] dynamic_debug:ddebug_add_module: 2 debug prints in module sch_api
[    1.076496] dynamic_debug:ddebug_add_module: 1 debug prints in module act_api
[    1.076621] dynamic_debug:ddebug_add_module: 1 debug prints in module route
[    1.076747] dynamic_debug:ddebug_add_module: 1 debug prints in module ip_fragment
[    1.076910] dynamic_debug:ddebug_add_module: 1 debug prints in module ip_output
[    1.077072] dynamic_debug:ddebug_add_module: 1 debug prints in module tcp
[    1.077203] dynamic_debug:ddebug_add_module: 5 debug prints in module tcp_input
[    1.077374] dynamic_debug:ddebug_add_module: 3 debug prints in module tcp_output
[    1.077542] dynamic_debug:ddebug_add_module: 2 debug prints in module tcp_timer
[    1.077706] dynamic_debug:ddebug_add_module: 1 debug prints in module tcp_ipv4
[    1.077869] dynamic_debug:ddebug_add_module: 1 debug prints in module tcp_cong
[    1.078032] dynamic_debug:ddebug_add_module: 8 debug prints in module udp
[    1.078156] dynamic_debug:ddebug_add_module: 1 debug prints in module arp
[    1.078280] dynamic_debug:ddebug_add_module: 2 debug prints in module icmp
[    1.078405] dynamic_debug:ddebug_add_module: 1 debug prints in module devinet
[    1.078530] dynamic_debug:ddebug_add_module: 8 debug prints in module fib_trie
[    1.078704] dynamic_debug:ddebug_add_module: 1 debug prints in module inet_fragment
[    1.078879] dynamic_debug:ddebug_add_module: 24 debug prints in module ping
[    1.079007] dynamic_debug:ddebug_add_module: 1 debug prints in module sysctl_net_ipv4
[    1.079172] dynamic_debug:ddebug_add_module: 2 debug prints in module ip6_checksum
[    1.079329] dynamic_debug:dynamic_debug_init: 158 modules, 1525 entries and 6320 bytes in ddebug tables, 122011 bytes in (readonly) verbose section
[    1.079499] dynamic_debug:ddebug_dyndbg_boot_param_cb: BOOT_IMAGE="/boot/vmlinuz-linux-git"
[    1.079659] dynamic_debug:ddebug_dyndbg_boot_param_cb: root="UUID=96efaea0-86dc-485a-af36-36706f9f3908"
[    1.079817] dynamic_debug:ddebug_dyndbg_boot_param_cb: rw="(null)"
[    1.079936] dynamic_debug:ddebug_dyndbg_boot_param_cb: root_trim="yes"
[    1.080056] dynamic_debug:ddebug_dyndbg_boot_param_cb: rd.luks.allow-discards="(null)"
[    1.080217] dynamic_debug:ddebug_dyndbg_boot_param_cb: ipv6.disable="1"
[    1.080338] dynamic_debug:ddebug_dyndbg_boot_param_cb: pnp.debug="1"
[    1.080461] dynamic_debug:ddebug_dyndbg_boot_param_cb: loglevel="9"
[    1.080580] dynamic_debug:ddebug_dyndbg_boot_param_cb: log_buf_len="10M"
[    1.080703] dynamic_debug:ddebug_dyndbg_boot_param_cb: printk.always_kmsg_dump="y"
[    1.080860] dynamic_debug:ddebug_dyndbg_boot_param_cb: printk.time="y"
[    1.080981] dynamic_debug:ddebug_dyndbg_boot_param_cb: printk.devkmsg="on"
[    1.081100] dynamic_debug:ddebug_dyndbg_boot_param_cb: mminit_loglevel="0"
[    1.081220] dynamic_debug:ddebug_dyndbg_boot_param_cb: memory_corruption_check="1"
[    1.081380] dynamic_debug:ddebug_dyndbg_boot_param_cb: nohz="on"
[    1.081501] dynamic_debug:ddebug_dyndbg_boot_param_cb: rcu_nocbs="1-3"
[    1.081625] dynamic_debug:ddebug_dyndbg_boot_param_cb: fbcon="scrollback:4096k"
[    1.081784] dynamic_debug:ddebug_dyndbg_boot_param_cb: fbcon="font:ProFont6x11"
[    1.083767] dynamic_debug:ddebug_dyndbg_boot_param_cb: apic="debug"
[    1.083837] dynamic_debug:ddebug_dyndbg_boot_param_cb: dynamic_debug.verbose="1"
[    1.083992] dynamic_debug:ddebug_dyndbg_boot_param_cb: dyndbg="file arch/x86/kernel/apic/* +pflmt ; file drivers/video/* +pflmt ; file drivers/input/* -pflmt ; file drivers/acpi/* -pflmt"
[    1.084190] dynamic_debug:ddebug_exec_queries: query 0: "file arch/x86/kernel/apic/* +pflmt "
[    1.084343] dynamic_debug:ddebug_tokenize: split into words: "file" "arch/x86/kernel/apic/*" "+pflmt"
[    1.084572] dynamic_debug:ddebug_parse_flags: op='+'
[    1.084695] dynamic_debug:ddebug_parse_flags: flags=0x1f
[    1.084814] dynamic_debug:ddebug_parse_flags: *flagsp=0x1f *maskp=0xffffffff
[    1.084936] dynamic_debug:vpr_info_dq: parsed: func="" file="arch/x86/kernel/apic/*" module="" format="" lineno=0-0
[    1.085130] dynamic_debug:ddebug_change: changed arch/x86/kernel/apic/vector.c:919 [vector]print_PIC =pmflt
[    1.085299] dynamic_debug:ddebug_change: changed arch/x86/kernel/apic/vector.c:916 [vector]print_PIC =pmflt
[    1.085460] dynamic_debug:ddebug_change: changed arch/x86/kernel/apic/vector.c:906 [vector]print_PIC =pmflt
[    1.085620] dynamic_debug:ddebug_change: changed arch/x86/kernel/apic/vector.c:903 [vector]print_PIC =pmflt
[    1.085781] dynamic_debug:ddebug_change: changed arch/x86/kernel/apic/vector.c:898 [vector]print_PIC =pmflt
[    1.085941] dynamic_debug:ddebug_change: changed arch/x86/kernel/apic/vector.c:868 [vector]print_local_APIC =pmflt
[    1.086101] dynamic_debug:ddebug_change: changed arch/x86/kernel/apic/vector.c:865 [vector]print_local_APIC =pmflt
[    1.086262] dynamic_debug:ddebug_change: changed arch/x86/kernel/apic/vector.c:863 [vector]print_local_APIC =pmflt
[    1.086427] dynamic_debug:ddebug_change: changed arch/x86/kernel/apic/vector.c:858 [vector]print_local_APIC =pmflt
[    1.086595] dynamic_debug:ddebug_change: changed arch/x86/kernel/apic/vector.c:856 [vector]print_local_APIC =pmflt
[    1.086763] dynamic_debug:ddebug_change: changed arch/x86/kernel/apic/vector.c:854 [vector]print_local_APIC =pmflt
[    1.086925] dynamic_debug:ddebug_change: changed arch/x86/kernel/apic/vector.c:850 [vector]print_local_APIC =pmflt
[    1.087089] dynamic_debug:ddebug_change: changed arch/x86/kernel/apic/vector.c:845 [vector]print_local_APIC =pmflt
[    1.087252] dynamic_debug:ddebug_change: changed arch/x86/kernel/apic/vector.c:843 [vector]print_local_APIC =pmflt
[    1.087415] dynamic_debug:ddebug_change: changed arch/x86/kernel/apic/vector.c:840 [vector]print_local_APIC =pmflt
[    1.087579] dynamic_debug:ddebug_change: changed arch/x86/kernel/apic/vector.c:835 [vector]print_local_APIC =pmflt
[    1.087744] dynamic_debug:ddebug_change: changed arch/x86/kernel/apic/vector.c:832 [vector]print_local_APIC =pmflt
[    1.087912] dynamic_debug:ddebug_change: changed arch/x86/kernel/apic/vector.c:831 [vector]print_local_APIC =pmflt
[    1.088076] dynamic_debug:ddebug_change: changed arch/x86/kernel/apic/vector.c:827 [vector]print_local_APIC =pmflt
[    1.088249] dynamic_debug:ddebug_change: changed arch/x86/kernel/apic/vector.c:817 [vector]print_local_APIC =pmflt
[    1.088422] dynamic_debug:ddebug_change: changed arch/x86/kernel/apic/vector.c:815 [vector]print_local_APIC =pmflt
[    1.088590] dynamic_debug:ddebug_change: changed arch/x86/kernel/apic/vector.c:813 [vector]print_local_APIC =pmflt
[    1.088755] dynamic_debug:ddebug_change: changed arch/x86/kernel/apic/vector.c:811 [vector]print_local_APIC =pmflt
[    1.088919] dynamic_debug:ddebug_change: changed arch/x86/kernel/apic/vector.c:808 [vector]print_local_APIC =pmflt
[    1.089083] dynamic_debug:ddebug_change: changed arch/x86/kernel/apic/vector.c:805 [vector]print_local_APIC =pmflt
[    1.089246] dynamic_debug:ddebug_change: changed arch/x86/kernel/apic/vector.c:801 [vector]print_local_APIC =pmflt
[    1.089409] dynamic_debug:ddebug_change: changed arch/x86/kernel/apic/vector.c:792 [vector]print_local_APIC =pmflt
[    1.089572] dynamic_debug:ddebug_change: changed arch/x86/kernel/apic/vector.c:789 [vector]print_local_APIC =pmflt
[    1.089744] dynamic_debug:ddebug_change: changed arch/x86/kernel/apic/vector.c:782 [vector]print_local_APIC =pmflt
[    1.089911] dynamic_debug:ddebug_change: changed arch/x86/kernel/apic/vector.c:773 [vector]print_local_APIC =pmflt
[    1.090186] dynamic_debug:vpr_info_dq: applied: func="" file="arch/x86/kernel/apic/*" module="" format="" lineno=0-0
[    1.090399] dynamic_debug:ddebug_exec_queries: query 1: "file drivers/video/* +pflmt "
[    1.090562] dynamic_debug:ddebug_tokenize: split into words: "file" "drivers/video/*" "+pflmt"
[    1.090794] dynamic_debug:ddebug_parse_flags: op='+'
[    1.090914] dynamic_debug:ddebug_parse_flags: flags=0x1f
[    1.091032] dynamic_debug:ddebug_parse_flags: *flagsp=0x1f *maskp=0xffffffff
[    1.091152] dynamic_debug:vpr_info_dq: parsed: func="" file="drivers/video/*" module="" format="" lineno=0-0
[    1.091336] dynamic_debug:ddebug_change: changed drivers/video/backlight/backlight.c:333 [backlight]backlight_device_register =pmflt
[    1.091500] dynamic_debug:ddebug_change: changed drivers/video/backlight/backlight.c:177 [backlight]backlight_device_set_brightness =pmflt
[    1.091672] dynamic_debug:ddebug_change: changed drivers/video/backlight/backlight.c:146 [backlight]bl_power_store =pmflt
[    1.091846] dynamic_debug:ddebug_change: changed drivers/video/fbdev/core/fbmon.c:1082 [fb]fb_edid_add_monspecs =pmflt
[    1.092016] dynamic_debug:ddebug_change: changed drivers/video/fbdev/core/fbmon.c:1070 [fb]fb_edid_add_monspecs =pmflt
[    1.092180] dynamic_debug:ddebug_change: changed drivers/video/fbdev/core/fbmon.c:1033 [fb]fb_edid_add_monspecs =pmflt
[    1.092343] dynamic_debug:ddebug_change: changed drivers/video/fbdev/core/fbmon.c:1027 [fb]fb_edid_add_monspecs =pmflt
[    1.092617] dynamic_debug:vpr_info_dq: applied: func="" file="drivers/video/*" module="" format="" lineno=0-0
[    1.092827] dynamic_debug:ddebug_exec_queries: query 2: "file drivers/input/* -pflmt "
[    1.092983] dynamic_debug:ddebug_tokenize: split into words: "file" "drivers/input/*" "-pflmt"
[    1.093265] dynamic_debug:ddebug_parse_flags: op='-'
[    1.093385] dynamic_debug:ddebug_parse_flags: flags=0x1f
[    1.093508] dynamic_debug:ddebug_parse_flags: *flagsp=0x0 *maskp=0xffffffe0
[    1.093632] dynamic_debug:vpr_info_dq: parsed: func="" file="drivers/input/*" module="" format="" lineno=0-0
[    1.093933] dynamic_debug:vpr_info_dq: applied: func="" file="drivers/input/*" module="" format="" lineno=0-0
[    1.094138] dynamic_debug:ddebug_exec_queries: query 3: "file drivers/acpi/* -pflmt"
[    1.094294] dynamic_debug:ddebug_tokenize: split into words: "file" "drivers/acpi/*" "-pflmt"
[    1.094528] dynamic_debug:ddebug_parse_flags: op='-'
[    1.094653] dynamic_debug:ddebug_parse_flags: flags=0x1f
[    1.094775] dynamic_debug:ddebug_parse_flags: *flagsp=0x0 *maskp=0xffffffe0
[    1.094897] dynamic_debug:vpr_info_dq: parsed: func="" file="drivers/acpi/*" module="" format="" lineno=0-0
[    1.095081] dynamic_debug:ddebug_change: changed drivers/acpi/tables.c:211 [tables]acpi_table_print_madt_entry =_
[    1.095245] dynamic_debug:ddebug_change: changed drivers/acpi/tables.c:200 [tables]acpi_table_print_madt_entry =_
[    1.095407] dynamic_debug:ddebug_change: changed drivers/acpi/tables.c:177 [tables]acpi_table_print_madt_entry =_
[    1.095570] dynamic_debug:ddebug_change: changed drivers/acpi/tables.c:167 [tables]acpi_table_print_madt_entry =_
[    1.095735] dynamic_debug:ddebug_change: changed drivers/acpi/tables.c:92 [tables]acpi_table_print_madt_entry =_
[    1.095900] dynamic_debug:ddebug_change: changed drivers/acpi/tables.c:83 [tables]acpi_table_print_madt_entry =_
[    1.096067] dynamic_debug:ddebug_change: changed drivers/acpi/tables.c:73 [tables]acpi_table_print_madt_entry =_
[    1.096236] dynamic_debug:ddebug_change: changed drivers/acpi/osl.c:1644 [acpi]acpi_os_initialize =_
[    1.096407] dynamic_debug:ddebug_change: changed drivers/acpi/device_pm.c:734 [acpi]acpi_pm_device_run_wake =_
[    1.096576] dynamic_debug:ddebug_change: changed drivers/acpi/device_pm.c:633 [acpi]acpi_pm_device_sleep_state =_
[    1.096742] dynamic_debug:ddebug_change: changed drivers/acpi/bus.c:190 [acpi]acpi_print_osc_error =_
[    1.096904] dynamic_debug:ddebug_change: changed drivers/acpi/bus.c:188 [acpi]acpi_print_osc_error =_
[    1.097066] dynamic_debug:ddebug_change: changed drivers/acpi/bus.c:186 [acpi]acpi_print_osc_error =_
[    1.097228] dynamic_debug:ddebug_change: changed drivers/acpi/scan.c:1640 [acpi]acpi_device_dep_initialize =_
[    1.097391] dynamic_debug:ddebug_change: changed drivers/acpi/scan.c:1630 [acpi]acpi_device_dep_initialize =_
[    1.097554] dynamic_debug:ddebug_change: changed drivers/acpi/resource.c:230 [acpi]acpi_decode_space =_
[    1.097722] dynamic_debug:ddebug_change: changed drivers/acpi/resource.c:217 [acpi]acpi_decode_space =_
[    1.097884] dynamic_debug:ddebug_change: changed drivers/acpi/resource.c:61 [acpi]acpi_dev_resource_len_valid =_
[    1.098053] dynamic_debug:ddebug_change: changed drivers/acpi/ec.c:1557 [acpi]ec_correct_ecdt =_
[    1.098218] dynamic_debug:ddebug_change: changed drivers/acpi/ec.c:1544 [acpi]ec_clear_on_resume =_
[    1.098384] dynamic_debug:ddebug_change: changed drivers/acpi/ec.c:1165 [acpi]acpi_ec_event_handler =_
[    1.098550] dynamic_debug:ddebug_change: changed drivers/acpi/ec.c:1143 [acpi]acpi_ec_event_handler =_
[    1.098714] dynamic_debug:ddebug_change: changed drivers/acpi/ec.c:1108 [acpi]acpi_ec_query =_
[    1.098883] dynamic_debug:ddebug_change: changed drivers/acpi/ec.c:1106 [acpi]acpi_ec_query =_
[    1.099047] dynamic_debug:ddebug_change: changed drivers/acpi/ec.c:1066 [acpi]acpi_ec_event_processor =_
[    1.099214] dynamic_debug:ddebug_change: changed drivers/acpi/ec.c:1061 [acpi]acpi_ec_event_processor =_
[    1.099375] dynamic_debug:ddebug_change: changed drivers/acpi/ec.c:898 [acpi]acpi_ec_stop =_
[    1.099535] dynamic_debug:ddebug_change: changed drivers/acpi/ec.c:890 [acpi]acpi_ec_stop =_
[    1.099704] dynamic_debug:ddebug_change: changed drivers/acpi/ec.c:866 [acpi]acpi_ec_start =_
[    1.101635] dynamic_debug:ddebug_change: changed drivers/acpi/ec.c:862 [acpi]acpi_ec_start =_
[    1.101795] dynamic_debug:ddebug_change: changed drivers/acpi/ec.c:703 [acpi]acpi_ec_transaction_unlocked =_
[    1.101955] dynamic_debug:ddebug_change: changed drivers/acpi/ec.c:699 [acpi]acpi_ec_transaction_unlocked =_
[    1.102113] dynamic_debug:ddebug_change: changed drivers/acpi/ec.c:690 [acpi]acpi_ec_transaction_unlocked =_
[    1.102272] dynamic_debug:ddebug_change: changed drivers/acpi/ec.c:687 [acpi]acpi_ec_transaction_unlocked =_
[    1.102435] dynamic_debug:ddebug_change: changed drivers/acpi/ec.c:666 [acpi]ec_poll =_
[    1.102596] dynamic_debug:ddebug_change: changed drivers/acpi/ec.c:561 [acpi]advance_transaction =_
[    1.102765] dynamic_debug:ddebug_change: changed drivers/acpi/ec.c:525 [acpi]advance_transaction =_
[    1.102934] dynamic_debug:ddebug_change: changed drivers/acpi/ec.c:445 [acpi]acpi_ec_complete_query =_
[    1.103100] dynamic_debug:ddebug_change: changed drivers/acpi/ec.c:434 [acpi]acpi_ec_submit_query =_
[    1.103260] dynamic_debug:ddebug_change: changed drivers/acpi/ec.c:407 [acpi]acpi_ec_clear_storm =_
[    1.103420] dynamic_debug:ddebug_change: changed drivers/acpi/ec.c:397 [acpi]acpi_ec_set_storm =_
[    1.103589] dynamic_debug:ddebug_change: changed drivers/acpi/ec.c:336 [acpi]acpi_ec_enable_gpe =_
[    1.103753] dynamic_debug:ddebug_change: changed drivers/acpi/ec.c:284 [acpi]acpi_ec_write_data =_
[    1.103915] dynamic_debug:ddebug_change: changed drivers/acpi/ec.c:277 [acpi]acpi_ec_write_cmd =_
[    1.104077] dynamic_debug:ddebug_change: changed drivers/acpi/ec.c:271 [acpi]acpi_ec_read_data =_
[    1.104250] dynamic_debug:ddebug_change: changed drivers/acpi/ec.c:262 [acpi]acpi_ec_read_status =_
[    1.104421] dynamic_debug:ddebug_change: changed drivers/acpi/pci_root.c:770 [acpi]acpi_pci_probe_root_resources =_
[    1.104590] dynamic_debug:ddebug_change: changed drivers/acpi/pci_root.c:339 [acpi]acpi_get_pci_dev =_
[    1.104755] dynamic_debug:ddebug_change: changed drivers/acpi/pci_irq.c:526 [acpi]acpi_pci_irq_disable =_
[    1.104918] dynamic_debug:ddebug_change: changed drivers/acpi/pci_irq.c:486 [acpi]acpi_pci_irq_enable =_
[    1.105080] dynamic_debug:ddebug_change: changed drivers/acpi/acpi_platform.c:103 [acpi]acpi_create_platform_device =_
[    1.105244] dynamic_debug:ddebug_change: changed drivers/acpi/numa.c:181 [acpi]acpi_table_print_srat_entry =_
[    1.105407] dynamic_debug:ddebug_change: changed drivers/acpi/numa.c:169 [acpi]acpi_table_print_srat_entry =_
[    1.105570] dynamic_debug:ddebug_change: changed drivers/acpi/numa.c:157 [acpi]acpi_table_print_srat_entry =_
[    1.105743] dynamic_debug:ddebug_change: changed drivers/acpi/numa.c:140 [acpi]acpi_table_print_srat_entry =_
[    1.105916] dynamic_debug:ddebug_change: changed drivers/acpi/fan.c:359 [fan]acpi_fan_probe =_
[    1.106083] dynamic_debug:ddebug_change: changed drivers/acpi/fan.c:195 [fan]fan_set_state_acpi4 =_
[    1.106245] dynamic_debug:ddebug_change: changed drivers/acpi/fan.c:136 [fan]fan_get_state_acpi4 =_
[    1.106408] dynamic_debug:ddebug_change: changed drivers/acpi/acpi_video.c:1759 [video]acpi_video_should_register_backlight =_
[    1.106572] dynamic_debug:ddebug_change: changed drivers/acpi/pci_slot.c:136 [pci_slot]register_slot =_
[    1.106736] dynamic_debug:ddebug_change: changed drivers/acpi/pci_slot.c:81 [pci_slot]check_slot =_
[    1.106899] dynamic_debug:ddebug_change: changed drivers/acpi/pci_slot.c:73 [pci_slot]check_slot =_
[    1.107061] dynamic_debug:ddebug_change: changed drivers/acpi/pci_slot.c:61 [pci_slot]check_slot =_
[    1.107229] dynamic_debug:ddebug_change: changed drivers/acpi/processor_driver.c:184 [processor]acpi_pss_perf_init =_
[    1.107401] dynamic_debug:ddebug_change: changed drivers/acpi/processor_idle.c:1443 [processor]acpi_processor_power_init =_
[    1.107572] dynamic_debug:ddebug_change: changed drivers/acpi/processor_idle.c:1039 [processor]acpi_processor_evaluate_lpi =_
[    1.107738] dynamic_debug:ddebug_change: changed drivers/acpi/processor_idle.c:1034 [processor]acpi_processor_evaluate_lpi =_
[    1.107902] dynamic_debug:ddebug_change: changed drivers/acpi/processor_idle.c:981 [processor]acpi_processor_evaluate_lpi =_
[    1.108065] dynamic_debug:ddebug_change: changed drivers/acpi/processor_idle.c:972 [processor]acpi_processor_evaluate_lpi =_
[    1.108228] dynamic_debug:ddebug_change: changed drivers/acpi/processor_perflib.c:138 [processor]acpi_processor_get_platform_limit =_
[    1.108536] dynamic_debug:vpr_info_dq: applied: func="" file="drivers/acpi/*" module="" format="" lineno=0-0
[    1.108751] dynamic_debug:ddebug_exec_queries: processed 4 queries, with 132 matches, 0 errs
[    1.108914] dynamic_debug:ddebug_dyndbg_boot_param_cb: acpi_backlight="vendor"
[    1.109071] dynamic_debug:ddebug_dyndbg_boot_param_cb: radeon.audio="0"
[    1.109190] dynamic_debug:ddebug_dyndbg_boot_param_cb: radeon.lockup_timeout="999000"
[    1.109347] dynamic_debug:ddebug_dyndbg_boot_param_cb: radeon.test="0"
[    1.109466] dynamic_debug:ddebug_dyndbg_boot_param_cb: radeon.agpmode="-1"
[    1.109585] dynamic_debug:ddebug_dyndbg_boot_param_cb: radeon.benchmark="0"
[    1.109706] dynamic_debug:ddebug_dyndbg_boot_param_cb: radeon.tv="0"
[    1.109825] dynamic_debug:ddebug_dyndbg_boot_param_cb: radeon.hard_reset="1"
[    1.109945] dynamic_debug:ddebug_dyndbg_boot_param_cb: radeon.msi="1"
[    1.110065] dynamic_debug:ddebug_dyndbg_boot_param_cb: radeon.pcie_gen2="-1"
[    1.110189] dynamic_debug:ddebug_dyndbg_boot_param_cb: radeon.no_wb="1"
[    1.110312] dynamic_debug:ddebug_dyndbg_boot_param_cb: radeon.dynclks="0"
[    1.110434] dynamic_debug:ddebug_dyndbg_boot_param_cb: radeon.r4xx_atom="0"
[    1.110553] dynamic_debug:ddebug_dyndbg_boot_param_cb: radeonfb="(null)"
[    1.110674] dynamic_debug:ddebug_dyndbg_boot_param_cb: radeon.fastfb="1"
[    1.110793] dynamic_debug:ddebug_dyndbg_boot_param_cb: radeon.dpm="1"
[    1.110912] dynamic_debug:ddebug_dyndbg_boot_param_cb: radeon.runpm="1"
[    1.111031] dynamic_debug:ddebug_dyndbg_boot_param_cb: rd.debug="(null)"
[    1.111150] dynamic_debug:ddebug_dyndbg_boot_param_cb: rd.udev.debug="(null)"
[    1.111269] dynamic_debug:ddebug_dyndbg_boot_param_cb: rd.memdebug="3"
[    1.111388] dynamic_debug:ddebug_dyndbg_boot_param_cb: net.ifnames="1"
[    1.111507] dynamic_debug:ddebug_dyndbg_boot_param_cb: slub_debug="U"
[    1.111626] dynamic_debug:ddebug_dyndbg_boot_param_cb: pax_sanitize_slab="full"
[    1.111792] dynamic_debug:ddebug_dyndbg_boot_param_cb: noefi="(null)"
[    1.111915] dynamic_debug:ddebug_dyndbg_boot_param_cb: nolvm="(null)"
[    1.112037] dynamic_debug:ddebug_dyndbg_boot_param_cb: dobtrfs="(null)"
[    1.112156] dynamic_debug:ddebug_dyndbg_boot_param_cb: console="tty1"
[    1.112275] dynamic_debug:ddebug_dyndbg_boot_param_cb: earlyprintk="vga"
[    1.112394] dynamic_debug:ddebug_dyndbg_boot_param_cb: CPUunderclocking="(null)"
[    1.112551] dynamic_debug:ddebug_dyndbg_boot_param_cb: radeon.modeset="1"
[    1.112671] dynamic_debug:ddebug_dyndbg_boot_param_cb: audit="0"
[    1.112791] dynamic_debug:ddebug_dyndbg_boot_param_cb: systemd.log_target="kmsg"
[    1.112947] dynamic_debug:ddebug_dyndbg_boot_param_cb: enforcing="0"
[    1.113066] dynamic_debug:ddebug_dyndbg_boot_param_cb: pcie_aspm="off"
[    1.113185] dynamic_debug:ddebug_dyndbg_boot_param_cb: radeon.aspm="0"
[    1.113309] dynamic_debug:ddebug_dyndbg_boot_param_cb: udev.children-max="1256"
[    1.113472] dynamic_debug:ddebug_dyndbg_boot_param_cb: rd.udev.children-max="1256"
[    1.113694] MCE: In-kernel MCE decoding enabled.
[    1.115022] NMI watchdog: enabled on all CPUs, permanently consumes one hw-PMU counter.
[    1.115654] started {early_reset_EHCIs kernel/smp.c:1294}
[    1.115839] early_pci_allowed {early_reset_EHCIs kernel/smp.c:1300}
[    1.116129] Found EHCI on 00:12.2 {kline kernel/smp.c:1220}
[    1.116255] bar_val: f014a900 {kline kernel/smp.c:1223}
[    1.116382] ehci_bar: ffffffffff7fe900 {kline kernel/smp.c:1245}
[    1.116509] n_ports:    5 {kline kernel/smp.c:1252}
[    1.116637] FLAG_CF was already set which likely means BIOS USB Legacy is Disabled. {ehci_status kernel/smp.c:1036}
[    1.116808]   ehci cmd     : 00080B00 {ehci_status kernel/smp.c:1038}
[    1.116934]   ehci conf flg: 00000001 {ehci_status kernel/smp.c:1039}
[    1.117060]   ehci status  : 0000100C {ehci_status kernel/smp.c:1040}
[    1.117188] port 1 status 00001000 {ehci_status kernel/smp.c:1043}
[    1.117314] port 2 status 00001000 {ehci_status kernel/smp.c:1043}
[    1.117437] port 3 status 00001000 {ehci_status kernel/smp.c:1043}
[    1.117557] port 4 status 00001000 {ehci_status kernel/smp.c:1043}
[    1.117678] port 5 status 00001000 {ehci_status kernel/smp.c:1043}
[    1.117748] ended {kline kernel/smp.c:1285}
[    1.117877] Found EHCI on 00:13.2 {kline kernel/smp.c:1220}
[    1.117948] bar_val: f014a800 {kline kernel/smp.c:1223}
[    1.118019] ehci_bar: ffffffffff7fe800 {kline kernel/smp.c:1245}
[    1.118141] n_ports:    5 {kline kernel/smp.c:1252}
[    1.118262] FLAG_CF was already set which likely means BIOS USB Legacy is Disabled. {ehci_status kernel/smp.c:1036}
[    1.118425]   ehci cmd     : 00080B00 {ehci_status kernel/smp.c:1038}
[    1.118545]   ehci conf flg: 00000001 {ehci_status kernel/smp.c:1039}
[    1.118615]   ehci status  : 0000100C {ehci_status kernel/smp.c:1040}
[    1.118689] port 1 status 00001803 {ehci_status kernel/smp.c:1043}
[    1.118809] port 2 status 00001000 {ehci_status kernel/smp.c:1043}
[    1.118929] port 3 status 00001803 {ehci_status kernel/smp.c:1043}
[    1.119049] port 4 status 00001000 {ehci_status kernel/smp.c:1043}
[    1.119169] port 5 status 00001000 {ehci_status kernel/smp.c:1043}
[    1.119288] ended {kline kernel/smp.c:1285}
[    1.189386] ended, failed 0 times {early_reset_EHCIs kernel/smp.c:1313}
[    1.189509] All EHCI controllers were reset. {smp_init kernel/smp.c:1333}
[    1.193657] smpboot: ++++++++++++++++++++=_---CPU UP  1
[    1.193844] x86: Booting SMP configuration:
[    1.193970] .... node  #0, CPUs:      #1
[    1.194072] smpboot: Setting warm reset code and vector.
[    1.194320] smpboot: 1.
[    1.194444] smpboot: 2.
[    1.194567] smpboot: 3.
[    1.194694] smpboot: Asserting INIT
[    1.194820] smpboot: Waiting for send to finish...
[    1.194946] smpboot: Deasserting INIT
[    1.195071] smpboot: Waiting for send to finish...
[    1.195196] smpboot: #startup loops: 2
[    1.195321] smpboot: Sending STARTUP #1
[    1.197492] smpboot: After apic_write
[    1.197627] smpboot: Startup point 1
[    1.197748] smpboot: Waiting for send to finish...
[    1.197884] smpboot: Sending STARTUP #2
[    1.198009] smpboot: After apic_write
[    1.198144] smpboot: Startup point 1
[    1.198269] smpboot: Waiting for send to finish...
[    1.198404] smpboot: After Startup
[    1.102509] masked ExtINT on CPU#1
[    1.102527] [Firmware Info]: CPU: 'AMD A6-3400M APU with Radeon(tm) HD Graphics' has AMD errata 665 Integer Divide Instruction May Cause Unpredictable Behavior.'
[    1.102529] [Firmware Info]: CPU: Double-checked CPU type. 'AMD A6-3400M APU with Radeon(tm) HD Graphics'
[    1.102530] [Firmware Info]: CPU: Setting workaround for 665...(set 'no665wo' in /proc/cmdline to disable)
[    1.161568] smpboot: Stack at about ffff934a0bb33f30
[    1.259680] TSC synchronization [CPU#0 -> CPU#1]:
[    1.260671] Measured 134230596 cycles TSC warp between CPUs, turning off TSC clock.
[    1.260849] tsc: Marking TSC unstable due to check_tsc_sync_source failed
[    1.264645] smpboot: ++++++++++++++++++++=_---CPU UP  2
[    1.264836]  #2
[    1.264871] smpboot: Setting warm reset code and vector.
[    1.265119] smpboot: 1.
[    1.265243] smpboot: 2.
[    1.265367] smpboot: 3.
[    1.265491] smpboot: Asserting INIT
[    1.265616] smpboot: Waiting for send to finish...
[    1.265746] smpboot: Deasserting INIT
[    1.265871] smpboot: Waiting for send to finish...
[    1.265997] smpboot: #startup loops: 2
[    1.266122] smpboot: Sending STARTUP #1
[    1.266246] smpboot: After apic_write
[    1.266380] smpboot: Startup point 1
[    1.266501] smpboot: Waiting for send to finish...
[    1.266638] smpboot: Sending STARTUP #2
[    1.266761] smpboot: After apic_write
[    1.266896] smpboot: Startup point 1
[    1.267018] smpboot: Waiting for send to finish...
[    1.267152] smpboot: After Startup
[    1.137090] masked ExtINT on CPU#2
[    1.137104] [Firmware Info]: CPU: 'AMD A6-3400M APU with Radeon(tm) HD Graphics' has AMD errata 665 Integer Divide Instruction May Cause Unpredictable Behavior.'
[    1.137105] [Firmware Info]: CPU: Double-checked CPU type. 'AMD A6-3400M APU with Radeon(tm) HD Graphics'
[    1.137106] [Firmware Info]: CPU: Setting workaround for 665...(set 'no665wo' in /proc/cmdline to disable)
[    1.196409] smpboot: Stack at about ffff934a0bb37f30
[    1.220017] smpboot: ++++++++++++++++++++=_---CPU UP  3
[    1.221004]  #3
[    1.221041] smpboot: Setting warm reset code and vector.
[    1.221294] smpboot: 1.
[    1.221421] smpboot: 2.
[    1.221544] smpboot: 3.
[    1.221664] smpboot: Asserting INIT
[    1.221783] smpboot: Waiting for send to finish...
[    1.221906] smpboot: Deasserting INIT
[    1.222002] smpboot: Waiting for send to finish...
[    1.222124] smpboot: #startup loops: 2
[    1.222245] smpboot: Sending STARTUP #1
[    1.222365] smpboot: After apic_write
[    1.222444] smpboot: Startup point 1
[    1.222512] smpboot: Waiting for send to finish...
[    1.222591] smpboot: Sending STARTUP #2
[    1.222660] smpboot: After apic_write
[    1.222739] smpboot: Startup point 1
[    1.222859] smpboot: Waiting for send to finish...
[    1.223012] smpboot: After Startup
[    0.002000] masked ExtINT on CPU#3
[    0.002000] [Firmware Info]: CPU: 'AMD A6-3400M APU with Radeon(tm) HD Graphics' has AMD errata 665 Integer Divide Instruction May Cause Unpredictable Behavior.'
[    0.002000] [Firmware Info]: CPU: Double-checked CPU type. 'AMD A6-3400M APU with Radeon(tm) HD Graphics'
[    0.002000] [Firmware Info]: CPU: Setting workaround for 665...(set 'no665wo' in /proc/cmdline to disable)
[    0.002000] smpboot: Stack at about ffff934a0bb43f30
[    1.283140] x86: Booted up 1 node, 4 CPUs
[    1.284129] CPUunderclocking: activating(?)=1 {apply_underclocking_if_needed kernel/smp.c:946}
[    1.284300] CPUunderclocking: activating... {apply_underclocking_if_needed kernel/smp.c:948}
[    1.284472] CPUunderclocking:   !! Rdmsr(1of2): core:0 idx:c0010064 ... {Rdmsr kernel/smp.c:696}
[    1.284642] CPUunderclocking:     !! Rdmsr(2of2): core:0 idx:c0010064 done. (resultx==8000017d000025e2 hi:8000017d lo:000025e2) {Rdmsr kernel/smp.c:712}
[    1.284811] CPUunderclocking:   !! Rdmsr(1of2): core:1 idx:c0010064 ... {Rdmsr kernel/smp.c:696}
[    1.284982] CPUunderclocking:     !! Rdmsr(2of2): core:1 idx:c0010064 done. (resultx==8000017d000025e2 hi:8000017d lo:000025e2) {Rdmsr kernel/smp.c:712}
[    1.285169] CPUunderclocking:   !! Rdmsr(1of2): core:2 idx:c0010064 ... {Rdmsr kernel/smp.c:696}
[    1.285331] CPUunderclocking:     !! Rdmsr(2of2): core:2 idx:c0010064 done. (resultx==8000017d000025e2 hi:8000017d lo:000025e2) {Rdmsr kernel/smp.c:712}
[    1.285493] CPUunderclocking:   !! Rdmsr(1of2): core:3 idx:c0010064 ... {Rdmsr kernel/smp.c:696}
[    1.285658] CPUunderclocking:     !! Rdmsr(2of2): core:3 idx:c0010064 done. (resultx==8000017d000025e2 hi:8000017d lo:000025e2) {Rdmsr kernel/smp.c:712}
[    1.285828] CPUunderclocking: !! Write(1of3) PState0 read : fid:30 did:2 vid:18 Multi:N/A {WritePState kernel/smp.c:854}
[    1.285995] CPUunderclocking: !! Write(2of3) PState0 write:6 did:0 vid:37 (multi:22) ... {WritePState kernel/smp.c:882}
[    1.286002] CPUunderclocking:   !! Wrmsr(before write): core:0/64 idx:c0010064 valx:8000017d00004a60 ...  {Wrmsr kernel/smp.c:637}
[    1.286162] CPUunderclocking:     !! Wrmsr(after write): done. {Wrmsr kernel/smp.c:676}
[    1.286320] CPUunderclocking:   !! Wrmsr(before write): core:1/64 idx:c0010064 valx:8000017d00004a60 ...  {Wrmsr kernel/smp.c:637}
[    1.286485] CPUunderclocking:     !! Wrmsr(after write): done. {Wrmsr kernel/smp.c:676}
[    1.286649] CPUunderclocking:   !! Wrmsr(before write): core:2/64 idx:c0010064 valx:8000017d00004a60 ...  {Wrmsr kernel/smp.c:637}
[    1.286820] CPUunderclocking:     !! Wrmsr(after write): done. {Wrmsr kernel/smp.c:676}
[    1.287002] CPUunderclocking:   !! Wrmsr(before write): core:3/64 idx:c0010064 valx:8000017d00004a60 ...  {Wrmsr kernel/smp.c:637}
[    1.287168] CPUunderclocking:     !! Wrmsr(after write): done. {Wrmsr kernel/smp.c:676}
[    1.287326] CPUunderclocking: !! Write(3of3) PState0 done. status:0 (0=success) {WritePState kernel/smp.c:884}
[    1.287489] CPUunderclocking:   !! Rdmsr(1of2): core:0 idx:c0010065 ... {Rdmsr kernel/smp.c:696}
[    1.287655] CPUunderclocking:     !! Rdmsr(2of2): core:0 idx:c0010065 done. (resultx==8000014000004fa3 hi:80000140 lo:00004fa3) {Rdmsr kernel/smp.c:712}
[    1.287825] CPUunderclocking:   !! Rdmsr(1of2): core:1 idx:c0010065 ... {Rdmsr kernel/smp.c:696}
[    1.288005] CPUunderclocking:     !! Rdmsr(2of2): core:1 idx:c0010065 done. (resultx==8000014000004fa3 hi:80000140 lo:00004fa3) {Rdmsr kernel/smp.c:712}
[    1.288167] CPUunderclocking:   !! Rdmsr(1of2): core:2 idx:c0010065 ... {Rdmsr kernel/smp.c:696}
[    1.288330] CPUunderclocking:     !! Rdmsr(2of2): core:2 idx:c0010065 done. (resultx==8000014000004fa3 hi:80000140 lo:00004fa3) {Rdmsr kernel/smp.c:712}
[    1.288499] CPUunderclocking:   !! Rdmsr(1of2): core:3 idx:c0010065 ... {Rdmsr kernel/smp.c:696}
[    1.288667] CPUunderclocking:     !! Rdmsr(2of2): core:3 idx:c0010065 done. (resultx==8000014000004fa3 hi:80000140 lo:00004fa3) {Rdmsr kernel/smp.c:712}
[    1.288837] CPUunderclocking: !! Write(1of3) PState1 read : fid:26 did:3 vid:39 Multi:N/A {WritePState kernel/smp.c:854}
[    1.289001] CPUunderclocking: !! Write(2of3) PState1 write:4 did:0 vid:42 (multi:20) ... {WritePState kernel/smp.c:882}
[    1.289159] CPUunderclocking:   !! Wrmsr(before write): core:0/64 idx:c0010065 valx:8000014000005440 ...  {Wrmsr kernel/smp.c:637}
[    1.289318] CPUunderclocking:     !! Wrmsr(after write): done. {Wrmsr kernel/smp.c:676}
[    1.289476] CPUunderclocking:   !! Wrmsr(before write): core:1/64 idx:c0010065 valx:8000014000005440 ...  {Wrmsr kernel/smp.c:637}
[    1.289638] CPUunderclocking:     !! Wrmsr(after write): done. {Wrmsr kernel/smp.c:676}
[    1.289794] CPUunderclocking:   !! Wrmsr(before write): core:2/64 idx:c0010065 valx:8000014000005440 ...  {Wrmsr kernel/smp.c:637}
[    1.290004] CPUunderclocking:     !! Wrmsr(after write): done. {Wrmsr kernel/smp.c:676}
[    1.290161] CPUunderclocking:   !! Wrmsr(before write): core:3/64 idx:c0010065 valx:8000014000005440 ...  {Wrmsr kernel/smp.c:637}
[    1.290322] CPUunderclocking:     !! Wrmsr(after write): done. {Wrmsr kernel/smp.c:676}
[    1.290479] CPUunderclocking: !! Write(3of3) PState1 done. status:0 (0=success) {WritePState kernel/smp.c:884}
[    1.290636] CPUunderclocking:   !! Rdmsr(1of2): core:0 idx:c0010066 ... {Rdmsr kernel/smp.c:696}
[    1.290794] CPUunderclocking:     !! Rdmsr(2of2): core:0 idx:c0010066 done. (resultx==8000013700005573 hi:80000137 lo:00005573) {Rdmsr kernel/smp.c:712}
[    1.291001] CPUunderclocking:   !! Rdmsr(1of2): core:1 idx:c0010066 ... {Rdmsr kernel/smp.c:696}
[    1.291162] CPUunderclocking:     !! Rdmsr(2of2): core:1 idx:c0010066 done. (resultx==8000013700005573 hi:80000137 lo:00005573) {Rdmsr kernel/smp.c:712}
[    1.291321] CPUunderclocking:   !! Rdmsr(1of2): core:2 idx:c0010066 ... {Rdmsr kernel/smp.c:696}
[    1.291479] CPUunderclocking:     !! Rdmsr(2of2): core:2 idx:c0010066 done. (resultx==8000013700005573 hi:80000137 lo:00005573) {Rdmsr kernel/smp.c:712}
[    1.291641] CPUunderclocking:   !! Rdmsr(1of2): core:3 idx:c0010066 ... {Rdmsr kernel/smp.c:696}
[    1.291802] CPUunderclocking:     !! Rdmsr(2of2): core:3 idx:c0010066 done. (resultx==8000013700005573 hi:80000137 lo:00005573) {Rdmsr kernel/smp.c:712}
[    1.292002] CPUunderclocking: !! Write(1of3) PState2 read : fid:23 did:3 vid:42 Multi:N/A {WritePState kernel/smp.c:854}
[    1.292160] CPUunderclocking: !! Write(2of3) PState2 write:2 did:0 vid:47 (multi:18) ... {WritePState kernel/smp.c:882}
[    1.293002] CPUunderclocking:   !! Wrmsr(before write): core:0/64 idx:c0010066 valx:8000013700005e20 ...  {Wrmsr kernel/smp.c:637}
[    1.293164] CPUunderclocking:     !! Wrmsr(after write): done. {Wrmsr kernel/smp.c:676}
[    1.293324] CPUunderclocking:   !! Wrmsr(before write): core:1/64 idx:c0010066 valx:8000013700005e20 ...  {Wrmsr kernel/smp.c:637}
[    1.293489] CPUunderclocking:     !! Wrmsr(after write): done. {Wrmsr kernel/smp.c:676}
[    1.293651] CPUunderclocking:   !! Wrmsr(before write): core:2/64 idx:c0010066 valx:8000013700005e20 ...  {Wrmsr kernel/smp.c:637}
[    1.293816] CPUunderclocking:     !! Wrmsr(after write): done. {Wrmsr kernel/smp.c:676}
[    1.294002] CPUunderclocking:   !! Wrmsr(before write): core:3/64 idx:c0010066 valx:8000013700005e20 ...  {Wrmsr kernel/smp.c:637}
[    1.294167] CPUunderclocking:     !! Wrmsr(after write): done. {Wrmsr kernel/smp.c:676}
[    1.294327] CPUunderclocking: !! Write(3of3) PState2 done. status:0 (0=success) {WritePState kernel/smp.c:884}
[    1.294487] CPUunderclocking:   !! Rdmsr(1of2): core:0 idx:c0010067 ... {Rdmsr kernel/smp.c:696}
[    1.294648] CPUunderclocking:     !! Rdmsr(2of2): core:0 idx:c0010067 done. (resultx==8000013200005b43 hi:80000132 lo:00005b43) {Rdmsr kernel/smp.c:712}
[    1.294810] CPUunderclocking:   !! Rdmsr(1of2): core:1 idx:c0010067 ... {Rdmsr kernel/smp.c:696}
[    1.295005] CPUunderclocking:     !! Rdmsr(2of2): core:1 idx:c0010067 done. (resultx==8000013200005b43 hi:80000132 lo:00005b43) {Rdmsr kernel/smp.c:712}
[    1.295169] CPUunderclocking:   !! Rdmsr(1of2): core:2 idx:c0010067 ... {Rdmsr kernel/smp.c:696}
[    1.295333] CPUunderclocking:     !! Rdmsr(2of2): core:2 idx:c0010067 done. (resultx==8000013200005b43 hi:80000132 lo:00005b43) {Rdmsr kernel/smp.c:712}
[    1.295497] CPUunderclocking:   !! Rdmsr(1of2): core:3 idx:c0010067 ... {Rdmsr kernel/smp.c:696}
[    1.295660] CPUunderclocking:     !! Rdmsr(2of2): core:3 idx:c0010067 done. (resultx==8000013200005b43 hi:80000132 lo:00005b43) {Rdmsr kernel/smp.c:712}
[    1.295825] CPUunderclocking: !! Write(1of3) PState3 read : fid:20 did:3 vid:45 Multi:N/A {WritePState kernel/smp.c:854}
[    1.296002] CPUunderclocking: !! Write(2of3) PState3 write:1 did:0 vid:49 (multi:17) ... {WritePState kernel/smp.c:882}
[    1.296164] CPUunderclocking:   !! Wrmsr(before write): core:0/64 idx:c0010067 valx:8000013200006210 ...  {Wrmsr kernel/smp.c:637}
[    1.296326] CPUunderclocking:     !! Wrmsr(after write): done. {Wrmsr kernel/smp.c:676}
[    1.296485] CPUunderclocking:   !! Wrmsr(before write): core:1/64 idx:c0010067 valx:8000013200006210 ...  {Wrmsr kernel/smp.c:637}
[    1.296651] CPUunderclocking:     !! Wrmsr(after write): done. {Wrmsr kernel/smp.c:676}
[    1.296810] CPUunderclocking:   !! Wrmsr(before write): core:2/64 idx:c0010067 valx:8000013200006210 ...  {Wrmsr kernel/smp.c:637}
[    1.297004] CPUunderclocking:     !! Wrmsr(after write): done. {Wrmsr kernel/smp.c:676}
[    1.297163] CPUunderclocking:   !! Wrmsr(before write): core:3/64 idx:c0010067 valx:8000013200006210 ...  {Wrmsr kernel/smp.c:637}
[    1.297328] CPUunderclocking:     !! Wrmsr(after write): done. {Wrmsr kernel/smp.c:676}
[    1.297488] CPUunderclocking: !! Write(3of3) PState3 done. status:0 (0=success) {WritePState kernel/smp.c:884}
[    1.297648] CPUunderclocking:   !! Rdmsr(1of2): core:0 idx:c0010068 ... {Rdmsr kernel/smp.c:696}
[    1.297808] CPUunderclocking:     !! Rdmsr(2of2): core:0 idx:c0010068 done. (resultx==8000012e00005d13 hi:8000012e lo:00005d13) {Rdmsr kernel/smp.c:712}
[    1.298001] CPUunderclocking:   !! Rdmsr(1of2): core:1 idx:c0010068 ... {Rdmsr kernel/smp.c:696}
[    1.298164] CPUunderclocking:     !! Rdmsr(2of2): core:1 idx:c0010068 done. (resultx==8000012e00005d13 hi:8000012e lo:00005d13) {Rdmsr kernel/smp.c:712}
[    1.298327] CPUunderclocking:   !! Rdmsr(1of2): core:2 idx:c0010068 ... {Rdmsr kernel/smp.c:696}
[    1.298492] CPUunderclocking:     !! Rdmsr(2of2): core:2 idx:c0010068 done. (resultx==8000012e00005d13 hi:8000012e lo:00005d13) {Rdmsr kernel/smp.c:712}
[    1.298656] CPUunderclocking:   !! Rdmsr(1of2): core:3 idx:c0010068 ... {Rdmsr kernel/smp.c:696}
[    1.298820] CPUunderclocking:     !! Rdmsr(2of2): core:3 idx:c0010068 done. (resultx==8000012e00005d13 hi:8000012e lo:00005d13) {Rdmsr kernel/smp.c:712}
[    1.299002] CPUunderclocking: !! Write(1of3) PState4 read : fid:17 did:3 vid:46 Multi:N/A {WritePState kernel/smp.c:854}
[    1.299162] CPUunderclocking: !! Write(2of3) PState4 write:0 did:0 vid:52 (multi:16) ... {WritePState kernel/smp.c:882}
[    1.299322] CPUunderclocking:   !! Wrmsr(before write): core:0/64 idx:c0010068 valx:8000012e00006800 ...  {Wrmsr kernel/smp.c:637}
[    1.299486] CPUunderclocking:     !! Wrmsr(after write): done. {Wrmsr kernel/smp.c:676}
[    1.299645] CPUunderclocking:   !! Wrmsr(before write): core:1/64 idx:c0010068 valx:8000012e00006800 ...  {Wrmsr kernel/smp.c:637}
[    1.299811] CPUunderclocking:     !! Wrmsr(after write): done. {Wrmsr kernel/smp.c:676}
[    1.299971] CPUunderclocking:   !! Wrmsr(before write): core:2/64 idx:c0010068 valx:8000012e00006800 ...  {Wrmsr kernel/smp.c:637}
[    1.300004] CPUunderclocking:     !! Wrmsr(after write): done. {Wrmsr kernel/smp.c:676}
[    1.300163] CPUunderclocking:   !! Wrmsr(before write): core:3/64 idx:c0010068 valx:8000012e00006800 ...  {Wrmsr kernel/smp.c:637}
[    1.300327] CPUunderclocking:     !! Wrmsr(after write): done. {Wrmsr kernel/smp.c:676}
[    1.300488] CPUunderclocking: !! Write(3of3) PState4 done. status:0 (0=success) {WritePState kernel/smp.c:884}
[    1.300648] CPUunderclocking:   !! Rdmsr(1of2): core:0 idx:c0010069 ... {Rdmsr kernel/smp.c:696}
[    1.300809] CPUunderclocking:     !! Rdmsr(2of2): core:0 idx:c0010069 done. (resultx==8000012b00005ee3 hi:8000012b lo:00005ee3) {Rdmsr kernel/smp.c:712}
[    1.301001] CPUunderclocking:   !! Rdmsr(1of2): core:1 idx:c0010069 ... {Rdmsr kernel/smp.c:696}
[    1.301164] CPUunderclocking:     !! Rdmsr(2of2): core:1 idx:c0010069 done. (resultx==8000012b00005ee3 hi:8000012b lo:00005ee3) {Rdmsr kernel/smp.c:712}
[    1.301327] CPUunderclocking:   !! Rdmsr(1of2): core:2 idx:c0010069 ... {Rdmsr kernel/smp.c:696}
[    1.301491] CPUunderclocking:     !! Rdmsr(2of2): core:2 idx:c0010069 done. (resultx==8000012b00005ee3 hi:8000012b lo:00005ee3) {Rdmsr kernel/smp.c:712}
[    1.301655] CPUunderclocking:   !! Rdmsr(1of2): core:3 idx:c0010069 ... {Rdmsr kernel/smp.c:696}
[    1.301818] CPUunderclocking:     !! Rdmsr(2of2): core:3 idx:c0010069 done. (resultx==8000012b00005ee3 hi:8000012b lo:00005ee3) {Rdmsr kernel/smp.c:712}
[    1.302002] CPUunderclocking: !! Write(1of3) PState5 read : fid:14 did:3 vid:47 Multi:N/A {WritePState kernel/smp.c:854}
[    1.302165] CPUunderclocking: !! Write(2of3) PState5 write:5 did:1 vid:55 (multi:14) ... {WritePState kernel/smp.c:882}
[    1.302325] CPUunderclocking:   !! Wrmsr(before write): core:0/64 idx:c0010069 valx:8000012b00006e51 ...  {Wrmsr kernel/smp.c:637}
[    1.302486] CPUunderclocking:     !! Wrmsr(after write): done. {Wrmsr kernel/smp.c:676}
[    1.302647] CPUunderclocking:   !! Wrmsr(before write): core:1/64 idx:c0010069 valx:8000012b00006e51 ...  {Wrmsr kernel/smp.c:637}
[    1.302813] CPUunderclocking:     !! Wrmsr(after write): done. {Wrmsr kernel/smp.c:676}
[    1.303002] CPUunderclocking:   !! Wrmsr(before write): core:2/64 idx:c0010069 valx:8000012b00006e51 ...  {Wrmsr kernel/smp.c:637}
[    1.303168] CPUunderclocking:     !! Wrmsr(after write): done. {Wrmsr kernel/smp.c:676}
[    1.303329] CPUunderclocking:   !! Wrmsr(before write): core:3/64 idx:c0010069 valx:8000012b00006e51 ...  {Wrmsr kernel/smp.c:637}
[    1.303493] CPUunderclocking:     !! Wrmsr(after write): done. {Wrmsr kernel/smp.c:676}
[    1.303652] CPUunderclocking: !! Write(3of3) PState5 done. status:0 (0=success) {WritePState kernel/smp.c:884}
[    1.303812] CPUunderclocking:   !! Rdmsr(1of2): core:0 idx:c001006a ... {Rdmsr kernel/smp.c:696}
[    1.304002] CPUunderclocking:     !! Rdmsr(2of2): core:0 idx:c001006a done. (resultx==80000127000060b3 hi:80000127 lo:000060b3) {Rdmsr kernel/smp.c:712}
[    1.304166] CPUunderclocking:   !! Rdmsr(1of2): core:1 idx:c001006a ... {Rdmsr kernel/smp.c:696}
[    1.304331] CPUunderclocking:     !! Rdmsr(2of2): core:1 idx:c001006a done. (resultx==80000127000060b3 hi:80000127 lo:000060b3) {Rdmsr kernel/smp.c:712}
[    1.304494] CPUunderclocking:   !! Rdmsr(1of2): core:2 idx:c001006a ... {Rdmsr kernel/smp.c:696}
[    1.304657] CPUunderclocking:     !! Rdmsr(2of2): core:2 idx:c001006a done. (resultx==80000127000060b3 hi:80000127 lo:000060b3) {Rdmsr kernel/smp.c:712}
[    1.304822] CPUunderclocking:   !! Rdmsr(1of2): core:3 idx:c001006a ... {Rdmsr kernel/smp.c:696}
[    1.305004] CPUunderclocking:     !! Rdmsr(2of2): core:3 idx:c001006a done. (resultx==80000127000060b3 hi:80000127 lo:000060b3) {Rdmsr kernel/smp.c:712}
[    1.305166] CPUunderclocking: !! Write(1of3) PState6 read : fid:11 did:3 vid:48 Multi:N/A {WritePState kernel/smp.c:854}
[    1.305324] CPUunderclocking: !! Write(2of3) PState6 write:2 did:1 vid:59 (multi:12) ... {WritePState kernel/smp.c:882}
[    1.305485] CPUunderclocking:   !! Wrmsr(before write): core:0/64 idx:c001006a valx:8000012700007621 ...  {Wrmsr kernel/smp.c:637}
[    1.305641] CPUunderclocking:     !! Wrmsr(after write): done. {Wrmsr kernel/smp.c:676}
[    1.305799] CPUunderclocking:   !! Wrmsr(before write): core:1/64 idx:c001006a valx:8000012700007621 ...  {Wrmsr kernel/smp.c:637}
[    1.306004] CPUunderclocking:     !! Wrmsr(after write): done. {Wrmsr kernel/smp.c:676}
[    1.306159] CPUunderclocking:   !! Wrmsr(before write): core:2/64 idx:c001006a valx:8000012700007621 ...  {Wrmsr kernel/smp.c:637}
[    1.306322] CPUunderclocking:     !! Wrmsr(after write): done. {Wrmsr kernel/smp.c:676}
[    1.306480] CPUunderclocking:   !! Wrmsr(before write): core:3/64 idx:c001006a valx:8000012700007621 ...  {Wrmsr kernel/smp.c:637}
[    1.306641] CPUunderclocking:     !! Wrmsr(after write): done. {Wrmsr kernel/smp.c:676}
[    1.306797] CPUunderclocking: !! Write(3of3) PState6 done. status:0 (0=success) {WritePState kernel/smp.c:884}
[    1.306954] CPUunderclocking:   !! Rdmsr(1of2): core:0 idx:c001006b ... {Rdmsr kernel/smp.c:696}
[    1.307002] CPUunderclocking:     !! Rdmsr(2of2): core:0 idx:c001006b done. (resultx==8000012500006504 hi:80000125 lo:00006504) {Rdmsr kernel/smp.c:712}
[    1.307163] CPUunderclocking:   !! Rdmsr(1of2): core:1 idx:c001006b ... {Rdmsr kernel/smp.c:696}
[    1.307324] CPUunderclocking:     !! Rdmsr(2of2): core:1 idx:c001006b done. (resultx==8000012500006504 hi:80000125 lo:00006504) {Rdmsr kernel/smp.c:712}
[    1.307484] CPUunderclocking:   !! Rdmsr(1of2): core:2 idx:c001006b ... {Rdmsr kernel/smp.c:696}
[    1.308005] CPUunderclocking:     !! Rdmsr(2of2): core:2 idx:c001006b done. (resultx==8000012500006504 hi:80000125 lo:00006504) {Rdmsr kernel/smp.c:712}
[    1.308169] CPUunderclocking:   !! Rdmsr(1of2): core:3 idx:c001006b ... {Rdmsr kernel/smp.c:696}
[    1.308332] CPUunderclocking:     !! Rdmsr(2of2): core:3 idx:c001006b done. (resultx==8000012500006504 hi:80000125 lo:00006504) {Rdmsr kernel/smp.c:712}
[    1.309002] CPUunderclocking: !! Write(1of3) PState7 read : fid:16 did:4 vid:50 Multi:N/A {WritePState kernel/smp.c:854}
[    1.309162] CPUunderclocking: !! Write(2of3) PState7 write:0 did:2 vid:67 (multi:8) ... {WritePState kernel/smp.c:882}
[    1.309327] CPUunderclocking:   !! Wrmsr(before write): core:0/64 idx:c001006b valx:8000012500008602 ...  {Wrmsr kernel/smp.c:637}
[    1.309490] CPUunderclocking:     !! Wrmsr(after write): done. {Wrmsr kernel/smp.c:676}
[    1.309649] CPUunderclocking:   !! Wrmsr(before write): core:1/64 idx:c001006b valx:8000012500008602 ...  {Wrmsr kernel/smp.c:637}
[    1.309815] CPUunderclocking:     !! Wrmsr(after write): done. {Wrmsr kernel/smp.c:676}
[    1.310002] CPUunderclocking:   !! Wrmsr(before write): core:2/64 idx:c001006b valx:8000012500008602 ...  {Wrmsr kernel/smp.c:637}
[    1.310168] CPUunderclocking:     !! Wrmsr(after write): done. {Wrmsr kernel/smp.c:676}
[    1.310328] CPUunderclocking:   !! Wrmsr(before write): core:3/64 idx:c001006b valx:8000012500008602 ...  {Wrmsr kernel/smp.c:637}
[    1.310492] CPUunderclocking:     !! Wrmsr(after write): done. {Wrmsr kernel/smp.c:676}
[    1.310652] CPUunderclocking: !! Write(3of3) PState7 done. status:0 (0=success) {WritePState kernel/smp.c:884}
[    1.310813] CPUunderclocking: Switching to another p-state temporarily so to ensure that the current one uses newly applied values {apply_underclocking_if_needed kernel/smp.c:954}
[    1.311001] CPUunderclocking:   !! Rdmsr(1of2): core:0 idx:c0010071 ... {Rdmsr kernel/smp.c:696}
[    1.311162] CPUunderclocking:     !! Rdmsr(2of2): core:0 idx:c0010071 done. (resultx==003160975a014e40 hi:00316097 lo:5a014e40) {Rdmsr kernel/smp.c:712}
[    1.311326] CPUunderclocking:   !! Rdmsr(1of2): core:1 idx:c0010071 ... {Rdmsr kernel/smp.c:696}
[    1.311491] CPUunderclocking:     !! Rdmsr(2of2): core:1 idx:c0010071 done. (resultx==003160975a014fa3 hi:00316097 lo:5a014fa3) {Rdmsr kernel/smp.c:712}
[    1.311656] CPUunderclocking:     !! Rdmsr(3of2): different results for cores(this is expected to be so, depending on load) core[0] != core[1] (see above KERN_DEBUG msgs) {Rdmsr kernel/smp.c:717}
[    1.311859] CPUunderclocking:   !! Rdmsr(1of2): core:2 idx:c0010071 ... {Rdmsr kernel/smp.c:696}
[    1.312005] CPUunderclocking:     !! Rdmsr(2of2): core:2 idx:c0010071 done. (resultx==003160975a014fa3 hi:00316097 lo:5a014fa3) {Rdmsr kernel/smp.c:712}
[    1.312169] CPUunderclocking:   !! Rdmsr(1of2): core:3 idx:c0010071 ... {Rdmsr kernel/smp.c:696}
[    1.312332] CPUunderclocking:     !! Rdmsr(2of2): core:3 idx:c0010071 done. (resultx==003160975a014e40 hi:00316097 lo:5a014e40) {Rdmsr kernel/smp.c:712}
[    1.312495] CPUunderclocking:     !! Rdmsr(3of2): different results for cores(this is expected to be so, depending on load) core[2] != core[3] (see above KERN_DEBUG msgs) {Rdmsr kernel/smp.c:717}
[    1.312700] CPUunderclocking: !! currentpstate:1 temppstate:7 {apply_underclocking_if_needed kernel/smp.c:962}
[    1.312861] CPUunderclocking:   !! Rdmsr(1of2): core:0 idx:c0010062 ... {Rdmsr kernel/smp.c:696}
[    1.313003] CPUunderclocking:     !! Rdmsr(2of2): core:0 idx:c0010062 done. (resultx==0000000000000000 hi:00000000 lo:00000000) {Rdmsr kernel/smp.c:712}
[    1.313165] CPUunderclocking:   !! Rdmsr(1of2): core:1 idx:c0010062 ... {Rdmsr kernel/smp.c:696}
[    1.313330] CPUunderclocking:     !! Rdmsr(2of2): core:1 idx:c0010062 done. (resultx==0000000000000000 hi:00000000 lo:00000000) {Rdmsr kernel/smp.c:712}
[    1.313493] CPUunderclocking:   !! Rdmsr(1of2): core:2 idx:c0010062 ... {Rdmsr kernel/smp.c:696}
[    1.313691] CPUunderclocking:     !! Rdmsr(2of2): core:2 idx:c0010062 done. (resultx==0000000000000000 hi:00000000 lo:00000000) {Rdmsr kernel/smp.c:712}
[    1.313902] CPUunderclocking:   !! Rdmsr(1of2): core:3 idx:c0010062 ... {Rdmsr kernel/smp.c:696}
[    1.314004] CPUunderclocking:     !! Rdmsr(2of2): core:3 idx:c0010062 done. (resultx==0000000000000000 hi:00000000 lo:00000000) {Rdmsr kernel/smp.c:712}
[    1.314169] CPUunderclocking:   !! Wrmsr(before write): core:0/64 idx:c0010062 valx:0000000000000006 ...  {Wrmsr kernel/smp.c:637}
[    1.314334] CPUunderclocking:     !! Wrmsr(after write): done. {Wrmsr kernel/smp.c:676}
[    1.314511] CPUunderclocking:   !! Wrmsr(before write): core:1/64 idx:c0010062 valx:0000000000000006 ...  {Wrmsr kernel/smp.c:637}
[    1.314697] CPUunderclocking:     !! Wrmsr(after write): done. {Wrmsr kernel/smp.c:676}
[    1.315005] CPUunderclocking:   !! Wrmsr(before write): core:2/64 idx:c0010062 valx:0000000000000006 ...  {Wrmsr kernel/smp.c:637}
[    1.315190] CPUunderclocking:     !! Wrmsr(after write): done. {Wrmsr kernel/smp.c:676}
[    1.315366] CPUunderclocking:   !! Wrmsr(before write): core:3/64 idx:c0010062 valx:0000000000000006 ...  {Wrmsr kernel/smp.c:637}
[    1.315552] CPUunderclocking:     !! Wrmsr(after write): done. {Wrmsr kernel/smp.c:676}
[    1.315728] CPUunderclocking:   !! Rdmsr(1of2): core:0 idx:c0010063 ... {Rdmsr kernel/smp.c:696}
[    1.315907] CPUunderclocking:     !! Rdmsr(2of2): core:0 idx:c0010063 done. (resultx==0000000000000006 hi:00000000 lo:00000006) {Rdmsr kernel/smp.c:712}
[    1.316004] CPUunderclocking:   !! Rdmsr(1of2): core:1 idx:c0010063 ... {Rdmsr kernel/smp.c:696}
[    1.316187] CPUunderclocking:     !! Rdmsr(2of2): core:1 idx:c0010063 done. (resultx==0000000000000000 hi:00000000 lo:00000000) {Rdmsr kernel/smp.c:712}
[    1.316371] CPUunderclocking:     !! Rdmsr(3of2): different results for cores(this is expected to be so, depending on load) core[0] != core[1] (see above KERN_DEBUG msgs) {Rdmsr kernel/smp.c:717}
[    1.316601] CPUunderclocking:   !! Rdmsr(1of2): core:2 idx:c0010063 ... {Rdmsr kernel/smp.c:696}
[    1.316784] CPUunderclocking:     !! Rdmsr(2of2): core:2 idx:c0010063 done. (resultx==0000000000000000 hi:00000000 lo:00000000) {Rdmsr kernel/smp.c:712}
[    1.317005] CPUunderclocking:   !! Rdmsr(1of2): core:3 idx:c0010063 ... {Rdmsr kernel/smp.c:696}
[    1.317187] CPUunderclocking:     !! Rdmsr(2of2): core:3 idx:c0010063 done. (resultx==0000000000000006 hi:00000000 lo:00000006) {Rdmsr kernel/smp.c:712}
[    1.317371] CPUunderclocking:     !! Rdmsr(3of2): different results for cores(this is expected to be so, depending on load) core[2] != core[3] (see above KERN_DEBUG msgs) {Rdmsr kernel/smp.c:717}
[    1.317603] CPUunderclocking: Waiting for PState to settle at wanted. Current: i(16bits)=6 j(64bits)=6 wantedpstate=6 tries left:9 {SetCurrentPState kernel/smp.c:926}
[    1.317829] CPUunderclocking:   !! Rdmsr(1of2): core:0 idx:c0010071 ... {Rdmsr kernel/smp.c:696}
[    1.318007] CPUunderclocking:     !! Rdmsr(2of2): core:0 idx:c0010071 done. (resultx==003160975a074e02 hi:00316097 lo:5a074e02) {Rdmsr kernel/smp.c:712}
[    1.318191] CPUunderclocking:   !! Rdmsr(1of2): core:1 idx:c0010071 ... {Rdmsr kernel/smp.c:696}
[    1.318373] CPUunderclocking:     !! Rdmsr(2of2): core:1 idx:c0010071 done. (resultx==003160975a014fa3 hi:00316097 lo:5a014fa3) {Rdmsr kernel/smp.c:712}
[    1.318558] CPUunderclocking:     !! Rdmsr(3of2): different results for cores(this is expected to be so, depending on load) core[0] != core[1] (see above KERN_DEBUG msgs) {Rdmsr kernel/smp.c:717}
[    1.318788] CPUunderclocking:   !! Rdmsr(1of2): core:2 idx:c0010071 ... {Rdmsr kernel/smp.c:696}
[    1.319010] CPUunderclocking:     !! Rdmsr(2of2): core:2 idx:c0010071 done. (resultx==003160975a014fa3 hi:00316097 lo:5a014fa3) {Rdmsr kernel/smp.c:712}
[    1.319194] CPUunderclocking:   !! Rdmsr(1of2): core:3 idx:c0010071 ... {Rdmsr kernel/smp.c:696}
[    1.319377] CPUunderclocking:     !! Rdmsr(2of2): core:3 idx:c0010071 done. (resultx==003160975a074e02 hi:00316097 lo:5a074e02) {Rdmsr kernel/smp.c:712}
[    1.319561] CPUunderclocking:     !! Rdmsr(3of2): different results for cores(this is expected to be so, depending on load) core[2] != core[3] (see above KERN_DEBUG msgs) {Rdmsr kernel/smp.c:717}
[    1.319791] CPUunderclocking: !! currentpstate:7 {apply_underclocking_if_needed kernel/smp.c:964}
[    1.320004] CPUunderclocking:   !! Rdmsr(1of2): core:0 idx:c0010062 ... {Rdmsr kernel/smp.c:696}
[    1.320182] CPUunderclocking:     !! Rdmsr(2of2): core:0 idx:c0010062 done. (resultx==0000000000000006 hi:00000000 lo:00000006) {Rdmsr kernel/smp.c:712}
[    1.320367] CPUunderclocking:   !! Rdmsr(1of2): core:1 idx:c0010062 ... {Rdmsr kernel/smp.c:696}
[    1.320549] CPUunderclocking:     !! Rdmsr(2of2): core:1 idx:c0010062 done. (resultx==0000000000000006 hi:00000000 lo:00000006) {Rdmsr kernel/smp.c:712}
[    1.320727] CPUunderclocking:   !! Rdmsr(1of2): core:2 idx:c0010062 ... {Rdmsr kernel/smp.c:696}
[    1.320906] CPUunderclocking:     !! Rdmsr(2of2): core:2 idx:c0010062 done. (resultx==0000000000000006 hi:00000000 lo:00000006) {Rdmsr kernel/smp.c:712}
[    1.321004] CPUunderclocking:   !! Rdmsr(1of2): core:3 idx:c0010062 ... {Rdmsr kernel/smp.c:696}
[    1.321183] CPUunderclocking:     !! Rdmsr(2of2): core:3 idx:c0010062 done. (resultx==0000000000000006 hi:00000000 lo:00000006) {Rdmsr kernel/smp.c:712}
[    1.321364] CPUunderclocking:   !! Wrmsr(before write): core:0/64 idx:c0010062 valx:0000000000000000 ...  {Wrmsr kernel/smp.c:637}
[    1.321544] CPUunderclocking:     !! Wrmsr(after write): done. {Wrmsr kernel/smp.c:676}
[    1.321700] CPUunderclocking:   !! Wrmsr(before write): core:1/64 idx:c0010062 valx:0000000000000000 ...  {Wrmsr kernel/smp.c:637}
[    1.321864] CPUunderclocking:     !! Wrmsr(after write): done. {Wrmsr kernel/smp.c:676}
[    1.322002] CPUunderclocking:   !! Wrmsr(before write): core:2/64 idx:c0010062 valx:0000000000000000 ...  {Wrmsr kernel/smp.c:637}
[    1.322165] CPUunderclocking:     !! Wrmsr(after write): done. {Wrmsr kernel/smp.c:676}
[    1.322322] CPUunderclocking:   !! Wrmsr(before write): core:3/64 idx:c0010062 valx:0000000000000000 ...  {Wrmsr kernel/smp.c:637}
[    1.322487] CPUunderclocking:     !! Wrmsr(after write): done. {Wrmsr kernel/smp.c:676}
[    1.322644] CPUunderclocking:   !! Rdmsr(1of2): core:0 idx:c0010063 ... {Rdmsr kernel/smp.c:696}
[    1.322800] CPUunderclocking:     !! Rdmsr(2of2): core:0 idx:c0010063 done. (resultx==0000000000000000 hi:00000000 lo:00000000) {Rdmsr kernel/smp.c:712}
[    1.323001] CPUunderclocking:   !! Rdmsr(1of2): core:1 idx:c0010063 ... {Rdmsr kernel/smp.c:696}
[    1.323163] CPUunderclocking:     !! Rdmsr(2of2): core:1 idx:c0010063 done. (resultx==0000000000000000 hi:00000000 lo:00000000) {Rdmsr kernel/smp.c:712}
[    1.323324] CPUunderclocking:   !! Rdmsr(1of2): core:2 idx:c0010063 ... {Rdmsr kernel/smp.c:696}
[    1.323486] CPUunderclocking:     !! Rdmsr(2of2): core:2 idx:c0010063 done. (resultx==0000000000000000 hi:00000000 lo:00000000) {Rdmsr kernel/smp.c:712}
[    1.324001] CPUunderclocking:   !! Rdmsr(1of2): core:3 idx:c0010063 ... {Rdmsr kernel/smp.c:696}
[    1.324165] CPUunderclocking:     !! Rdmsr(2of2): core:3 idx:c0010063 done. (resultx==0000000000000000 hi:00000000 lo:00000000) {Rdmsr kernel/smp.c:712}
[    1.324330] CPUunderclocking: Waiting for PState to settle at wanted. Current: i(16bits)=0 j(64bits)=0 wantedpstate=0 tries left:9 {SetCurrentPState kernel/smp.c:926}
[    1.325001] CPUunderclocking:   !! Rdmsr(1of2): core:0 idx:c0010071 ... {Rdmsr kernel/smp.c:696}
[    1.325163] CPUunderclocking:     !! Rdmsr(2of2): core:0 idx:c0010071 done. (resultx==003160975a014e40 hi:00316097 lo:5a014e40) {Rdmsr kernel/smp.c:712}
[    1.325327] CPUunderclocking:   !! Rdmsr(1of2): core:1 idx:c0010071 ... {Rdmsr kernel/smp.c:696}
[    1.325492] CPUunderclocking:     !! Rdmsr(2of2): core:1 idx:c0010071 done. (resultx==003160975a014fa3 hi:00316097 lo:5a014fa3) {Rdmsr kernel/smp.c:712}
[    1.325655] CPUunderclocking:     !! Rdmsr(3of2): different results for cores(this is expected to be so, depending on load) core[0] != core[1] (see above KERN_DEBUG msgs) {Rdmsr kernel/smp.c:717}
[    1.325860] CPUunderclocking:   !! Rdmsr(1of2): core:2 idx:c0010071 ... {Rdmsr kernel/smp.c:696}
[    1.326005] CPUunderclocking:     !! Rdmsr(2of2): core:2 idx:c0010071 done. (resultx==003160975a014fa3 hi:00316097 lo:5a014fa3) {Rdmsr kernel/smp.c:712}
[    1.326170] CPUunderclocking:   !! Rdmsr(1of2): core:3 idx:c0010071 ... {Rdmsr kernel/smp.c:696}
[    1.326333] CPUunderclocking:     !! Rdmsr(2of2): core:3 idx:c0010071 done. (resultx==003160975a014e40 hi:00316097 lo:5a014e40) {Rdmsr kernel/smp.c:712}
[    1.326497] CPUunderclocking:     !! Rdmsr(3of2): different results for cores(this is expected to be so, depending on load) core[2] != core[3] (see above KERN_DEBUG msgs) {Rdmsr kernel/smp.c:717}
[    1.326701] CPUunderclocking: !! currentpstate:1 {apply_underclocking_if_needed kernel/smp.c:966}
[    1.326861] CPUunderclocking: done. {apply_underclocking_if_needed kernel/smp.c:969}
[    1.327002] smpboot: Boot done
[    1.327123] ----------------
[    1.327241] | NMI testsuite:
[    1.327360] --------------------
[    1.327480]   remote IPI:  ok  |
[    1.331218]    local IPI:  ok  |
[    1.339007] --------------------
[    1.339187] Good, all   2 testcases passed! |
[    1.339311] ---------------------------------
[    1.339435] smpboot: Before bogomips
[    1.339562] smpboot: Total of 4 processors activated (11179.22 BogoMIPS)
[    1.339689] smpboot: Before bogocount - setting activated=1
[    1.342921] devtmpfs: initialized
[    1.343240] device: 'platform': device_add
[    1.343781] bus: 'platform': registered
[    1.344163] bus: 'cpu': registered
[    1.344352] device: 'cpu': device_add
[    1.345050] bus: 'container': registered
[    1.345234] device: 'container': device_add
[    1.348674] bus: 'workqueue': registered
[    1.348860] device: 'workqueue': device_add
[    1.349481] clocksource: jiffies: mask: 0xffffffff max_cycles: 0xffffffff, max_idle_ns: 1911260446275000 ns
[    1.349855] xor: measuring software checksum speed
[    1.360002]    prefetch64-sse:  8796.000 MB/sec
[    1.370002]    generic_sse:  7916.000 MB/sec
[    1.370174] xor: using function: prefetch64-sse (8796.000 MB/sec)
[    1.370310] atomic64_test: passed for x86-64 platform with CX8 and with SSE
[    1.370439] device class 'regulator': registering
[    1.370794] Registering platform device 'reg-dummy'. Parent at platform
[    1.370974] device: 'reg-dummy': device_add
[    1.371064] bus: 'platform': add device reg-dummy
[    1.371532] bus: 'platform': add driver reg-dummy
[    1.371738] bus: 'platform': driver_probe_device: matched device reg-dummy with driver reg-dummy
[    1.372002] bus: 'platform': really_probe: probing driver reg-dummy with device reg-dummy
[    1.372230] devices_kset: Moving reg-dummy to end of list
[    1.372445] regulator-dummy: no parameters
[    1.372626] device: 'regulator.0': device_add
[    1.373505] driver: 'reg-dummy': driver_bound: bound to device 'reg-dummy'
[    1.373680] bus: 'platform': really_probe: bound device reg-dummy to driver reg-dummy
[    1.374866] NET: Registered protocol family 16
[    1.375551] device class 'bdi': registering
[    1.375833] bus: 'platform': add driver ramoops
[    1.376172] device class 'pci_bus': registering
[    1.376596] bus: 'pci': registered
[    1.376778] device class 'backlight': registering
[    1.377021] device class 'tty': registering
[    1.377255] device class 'vtconsole': registering
[    1.377505] device: 'vtcon0': device_add
[    1.378253] bus: 'node': registered
[    1.378441] device: 'node': device_add
[    1.379050] bus: 'i2c': registered
[    1.379261] bus: 'i2c': add driver dummy
[    1.379561] i2c-core: driver [dummy] registered
[    1.383018] cpuidle: using governor ladder
[    1.387035] cpuidle: using governor menu
[    1.387932] ACPI FADT declares the system doesn't support PCIe ASPM, so disable it
[    1.388012] ACPI: bus type PCI registered
[    1.388140] acpiphp: ACPI Hot Plug PCI Controller Driver version: 0.5
[    1.388269] device class 'dmi': registering
[    1.388463] device: 'id': device_add
[    1.389719] PCI: MMCONFIG for domain 0000 [bus 00-3f] at [mem 0xf8000000-0xfbffffff] (base 0xf8000000)
[    1.389939] PCI: not using MMCONFIG
[    1.390007] PCI: Using configuration type 1 for base access
[    1.390133] PCI: Using configuration type 1 for extended access
[    1.390847] device: 'node0': device_add
[    1.391213] bus: 'node': add device node0
[    1.391662] device: 'cpu0': device_add
[    1.391895] bus: 'cpu': add device cpu0
[    1.392344] device: 'cpu1': device_add
[    1.392599] bus: 'cpu': add device cpu1
[    1.393275] device: 'cpu2': device_add
[    1.393528] bus: 'cpu': add device cpu2
[    1.394032] device: 'cpu3': device_add
[    1.394289] bus: 'cpu': add device cpu3
[    1.458670] device: 'writeback': device_add
[    1.458907] bus: 'workqueue': add device writeback
[    1.459530] HugeTLB registered 2 MB page size, pre-allocated 0 pages
[    1.460608] device class 'block': registering
[    1.478013] raid6: sse2x1   gen()  3031 MB/s
[    1.495004] raid6: sse2x1   xor()  3417 MB/s
[    1.512006] raid6: sse2x2   gen()  4597 MB/s
[    1.529002] raid6: sse2x2   xor()  4939 MB/s
[    1.546005] raid6: sse2x4   gen()  5566 MB/s
[    1.563003] raid6: sse2x4   xor()  2939 MB/s
[    1.563177] raid6: using algorithm sse2x4 gen() 5566 MB/s
[    1.563304] raid6: .... xor() 2939 MB/s, rmw enabled
[    1.563431] raid6: using intx1 recovery algorithm
[    1.563641] device class 'graphics': registering
[    1.564020] ACPI: Added _OSI(Module Device)
[    1.564194] ACPI: Added _OSI(Processor Device)
[    1.564320] ACPI: Added _OSI(3.0 _SCP Extensions)
[    1.564447] ACPI: Added _OSI(Processor Aggregator Device)
[    1.722844] ACPI: [Firmware Bug]: BIOS _OSI(Linux) query ignored
[    1.741947] ACPI : EC: +++++ EC started +++++
[    1.795493] ACPI: Interpreter enabled
[    1.795683] ACPI: (supports S0 S5)
[    1.795857] ACPI: Using IOAPIC for interrupt routing
[    1.801307] bus: 'acpi': registered
[    1.801502] PCI: MMCONFIG for domain 0000 [bus 00-3f] at [mem 0xf8000000-0xfbffffff] (base 0xf8000000)
[    1.815648] PCI: MMCONFIG at [mem 0xf8000000-0xfbffffff] reserved in ACPI motherboard resources
[    1.815912] PCI: Using host bridge windows from ACPI; if necessary, use "pci=nocrs" and report a bug
[    1.816421] device: 'LNXSYSTM:00': device_add
[    1.816671] bus: 'acpi': add device LNXSYSTM:00
[    1.817883] device: 'LNXCPU:00': device_add
[    1.818078] bus: 'acpi': add device LNXCPU:00
[    1.819224] device: 'LNXCPU:01': device_add
[    1.819473] bus: 'acpi': add device LNXCPU:01
[    1.820548] device: 'LNXCPU:02': device_add
[    1.820799] bus: 'acpi': add device LNXCPU:02
[    1.821902] device: 'LNXCPU:03': device_add
[    1.822079] bus: 'acpi': add device LNXCPU:03
[    1.824031] device: 'LNXSYBUS:00': device_add
[    1.824283] bus: 'acpi': add device LNXSYBUS:00
[    1.826219] device: 'PNP0C0C:00': device_add
[    1.826476] bus: 'acpi': add device PNP0C0C:00
[    1.828533] device: 'PNP0A08:00': device_add
[    1.828783] bus: 'acpi': add device PNP0A08:00
[    1.830787] device: 'PNP0C02:00': device_add
[    1.831034] bus: 'acpi': add device PNP0C02:00
[    1.833352] device: 'device:00': device_add
[    1.833604] bus: 'acpi': add device device:00
[    1.835501] device: 'device:01': device_add
[    1.835750] bus: 'acpi': add device device:01
[    1.837633] device: 'device:02': device_add
[    1.837880] bus: 'acpi': add device device:02
[    1.840148] device: 'device:03': device_add
[    1.840396] bus: 'acpi': add device device:03
[    1.842263] device: 'LNXVIDEO:00': device_add
[    1.842512] bus: 'acpi': add device LNXVIDEO:00
[    1.844760] device: 'device:04': device_add
[    1.845023] bus: 'acpi': add device device:04
[    1.847180] device: 'device:05': device_add
[    1.847432] bus: 'acpi': add device device:05
[    1.849281] device: 'device:06': device_add
[    1.849529] bus: 'acpi': add device device:06
[    1.851686] device: 'device:07': device_add
[    1.851937] bus: 'acpi': add device device:07
[    1.853787] device: 'device:08': device_add
[    1.854082] bus: 'acpi': add device device:08
[    1.857136] device: 'device:09': device_add
[    1.857382] bus: 'acpi': add device device:09
[    1.859251] device: 'device:0a': device_add
[    1.859500] bus: 'acpi': add device device:0a
[    1.861731] device: 'device:0b': device_add
[    1.861979] bus: 'acpi': add device device:0b
[    1.863882] device: 'device:0c': device_add
[    1.864080] bus: 'acpi': add device device:0c
[    1.866389] device: 'device:0d': device_add
[    1.866638] bus: 'acpi': add device device:0d
[    1.868530] device: 'device:0e': device_add
[    1.868780] bus: 'acpi': add device device:0e
[    1.871030] device: 'device:0f': device_add
[    1.871278] bus: 'acpi': add device device:0f
[    1.873143] device: 'device:10': device_add
[    1.873396] bus: 'acpi': add device device:10
[    1.875654] device: 'device:11': device_add
[    1.875904] bus: 'acpi': add device device:11
[    1.877756] device: 'device:12': device_add
[    1.878002] bus: 'acpi': add device device:12
[    1.879881] device: 'device:13': device_add
[    1.880078] bus: 'acpi': add device device:13
[    1.881977] device: 'device:14': device_add
[    1.882081] bus: 'acpi': add device device:14
[    1.884508] device: 'device:15': device_add
[    1.884760] bus: 'acpi': add device device:15
[    1.886612] device: 'device:16': device_add
[    1.886860] bus: 'acpi': add device device:16
[    1.888705] device: 'device:17': device_add
[    1.888952] bus: 'acpi': add device device:17
[    1.890816] device: 'device:18': device_add
[    1.891067] bus: 'acpi': add device device:18
[    1.893243] device: 'device:19': device_add
[    1.893492] bus: 'acpi': add device device:19
[    1.895389] device: 'device:1a': device_add
[    1.895638] bus: 'acpi': add device device:1a
[    1.897478] device: 'device:1b': device_add
[    1.897731] bus: 'acpi': add device device:1b
[    1.899988] device: 'device:1c': device_add
[    1.900078] bus: 'acpi': add device device:1c
[    1.902094] device: 'device:1d': device_add
[    1.902344] bus: 'acpi': add device device:1d
[    1.904225] device: 'device:1e': device_add
[    1.904474] bus: 'acpi': add device device:1e
[    1.906700] device: 'device:1f': device_add
[    1.906948] bus: 'acpi': add device device:1f
[    1.908796] device: 'device:20': device_add
[    1.909056] bus: 'acpi': add device device:20
[    1.911311] device: 'device:21': device_add
[    1.911561] bus: 'acpi': add device device:21
[    1.913421] device: 'device:22': device_add
[    1.913669] bus: 'acpi': add device device:22
[    1.915918] device: 'device:23': device_add
[    1.916084] bus: 'acpi': add device device:23
[    1.918393] device: 'device:24': device_add
[    1.918640] bus: 'acpi': add device device:24
[    1.921185] device: 'device:25': device_add
[    1.921433] bus: 'acpi': add device device:25
[    1.923292] device: 'device:26': device_add
[    1.923540] bus: 'acpi': add device device:26
[    1.925685] device: 'device:27': device_add
[    1.925934] bus: 'acpi': add device device:27
[    1.932284] device: 'device:28': device_add
[    1.932534] bus: 'acpi': add device device:28
[    1.938848] device: 'device:29': device_add
[    1.939078] bus: 'acpi': add device device:29
[    1.941279] device: 'device:2a': device_add
[    1.941530] bus: 'acpi': add device device:2a
[    1.947847] device: 'device:2b': device_add
[    1.948078] bus: 'acpi': add device device:2b
[    1.954524] device: 'device:2c': device_add
[    1.954777] bus: 'acpi': add device device:2c
[    1.957898] device: 'device:2d': device_add
[    1.958079] bus: 'acpi': add device device:2d
[    1.960038] device: 'device:2e': device_add
[    1.960288] bus: 'acpi': add device device:2e
[    1.963575] device: 'device:2f': device_add
[    1.963828] bus: 'acpi': add device device:2f
[    1.965715] device: 'device:30': device_add
[    1.965963] bus: 'acpi': add device device:30
[    1.967976] device: 'device:31': device_add
[    1.968080] bus: 'acpi': add device device:31
[    1.970353] device: 'device:32': device_add
[    1.970600] bus: 'acpi': add device device:32
[    1.973496] device: 'PNP0C0F:00': device_add
[    1.973744] bus: 'acpi': add device PNP0C0F:00
[    1.976706] device: 'PNP0C0F:01': device_add
[    1.976955] bus: 'acpi': add device PNP0C0F:01
[    1.979919] device: 'PNP0C0F:02': device_add
[    1.980079] bus: 'acpi': add device PNP0C0F:02
[    1.983122] device: 'PNP0C0F:03': device_add
[    1.983370] bus: 'acpi': add device PNP0C0F:03
[    1.986364] device: 'PNP0C0F:04': device_add
[    1.986614] bus: 'acpi': add device PNP0C0F:04
[    1.989635] device: 'PNP0C0F:05': device_add
[    1.989883] bus: 'acpi': add device PNP0C0F:05
[    1.992903] device: 'PNP0C0F:06': device_add
[    1.993078] bus: 'acpi': add device PNP0C0F:06
[    1.996174] device: 'PNP0C0F:07': device_add
[    1.996424] bus: 'acpi': add device PNP0C0F:07
[    1.998424] device: 'PNP0200:00': device_add
[    1.998673] bus: 'acpi': add device PNP0200:00
[    2.000611] device: 'PNP0C04:00': device_add
[    2.000861] bus: 'acpi': add device PNP0C04:00
[    2.002754] device: 'PNP0000:00': device_add
[    2.003013] bus: 'acpi': add device PNP0000:00
[    2.004895] device: 'PNP0B00:00': device_add
[    2.005078] bus: 'acpi': add device PNP0B00:00
[    2.007079] device: 'PNP0800:00': device_add
[    2.007328] bus: 'acpi': add device PNP0800:00
[    2.009215] device: 'PNP0100:00': device_add
[    2.009465] bus: 'acpi': add device PNP0100:00
[    2.011353] device: 'PNP0C02:01': device_add
[    2.011607] bus: 'acpi': add device PNP0C02:01
[    2.014030] device: 'PNP0C01:00': device_add
[    2.014280] bus: 'acpi': add device PNP0C01:00
[    2.016801] device: 'PNP0C09:00': device_add
[    2.017056] bus: 'acpi': add device PNP0C09:00
[    2.019616] device: 'ACPI0003:00': device_add
[    2.019865] bus: 'acpi': add device ACPI0003:00
[    2.024747] device: 'PNP0C0A:00': device_add
[    2.025002] bus: 'acpi': add device PNP0C0A:00
[    2.027632] device: 'VPC2004:00': device_add
[    2.027882] bus: 'acpi': add device VPC2004:00
[    2.029854] device: 'PNP0303:00': device_add
[    2.030078] bus: 'acpi': add device PNP0303:00
[    2.034166] device: 'SYN0326:00': device_add
[    2.034419] bus: 'acpi': add device SYN0326:00
[    2.036668] device: 'device:33': device_add
[    2.036916] bus: 'acpi': add device device:33
[    2.039129] device: 'device:34': device_add
[    2.039378] bus: 'acpi': add device device:34
[    2.041253] device: 'device:35': device_add
[    2.041504] bus: 'acpi': add device device:35
