[    0.000000] Linux version 4.7.0-g0cbbc42 (z@myzee) (gcc version 6.1.1 20160707 (GCC) ) #8 SMP PREEMPT Sat Aug 6 19:09:43 EEST 2016
[    0.000000] Command line: BOOT_IMAGE=/boot/vmlinuz-linux-git root=UUID=96efaea0-86dc-485a-af36-36706f9f3908 rw root_trim=yes rd.luks.allow-discards ipv6.disable=1 pnp.debug=1 loglevel=9 log_buf_len=10M printk.always_kmsg_dump=y printk.time=y printk.devkmsg=on mminit_loglevel=0 memory_corruption_check=1 nohz=on rcu_nocbs=1-3 fbcon=scrollback:4096k fbcon=font:ProFont6x11 apic=debug dynamic_debug.verbose=1 "dyndbg=file arch/x86/kernel/apic/* +pflmt ; file drivers/video/* +pflmt ; file drivers/input/* -pflmt ; file drivers/acpi/* -pflmt" acpi_backlight=vendor radeon.audio=0 radeon.lockup_timeout=999000 radeon.test=0 radeon.agpmode=-1 radeon.benchmark=0 radeon.tv=0 radeon.hard_reset=1 radeon.msi=1 radeon.pcie_gen2=-1 radeon.no_wb=1 radeon.dynclks=0 radeon.r4xx_atom=0 radeonfb radeon.fastfb=1 radeon.dpm=1 radeon.runpm=1 rd.debug rd.udev.debug rd.memdebug=3 net.ifnames=1 slub_debug=U pax_sanitize_slab=full noefi nolvm dobtrfs console=tty1 earlyprintk=vga CPUunderclocking radeon.modeset=1 audit
[    0.000000] KERNEL supported cpus:
[    0.000000]   AMD AuthenticAMD
[    0.000000] x86/fpu: Legacy x87 FPU detected.
[    0.000000] x86/fpu: Using 'eager' FPU context switches.
[    0.000000] e820: BIOS-provided physical RAM map:
[    0.000000] BIOS-e820: [mem 0x0000000000000000-0x000000000009d7ff] usable
[    0.000000] BIOS-e820: [mem 0x000000000009d800-0x000000000009ffff] reserved
[    0.000000] BIOS-e820: [mem 0x00000000000e0000-0x00000000000fffff] reserved
[    0.000000] BIOS-e820: [mem 0x0000000000100000-0x00000000bed9afff] usable
[    0.000000] BIOS-e820: [mem 0x00000000bed9b000-0x00000000bf39afff] reserved
[    0.000000] BIOS-e820: [mem 0x00000000bf39b000-0x00000000bf49afff] ACPI NVS
[    0.000000] BIOS-e820: [mem 0x00000000bf49b000-0x00000000bf51afff] ACPI data
[    0.000000] BIOS-e820: [mem 0x00000000bf51b000-0x00000000bfdfffff] usable
[    0.000000] BIOS-e820: [mem 0x00000000bfe00000-0x00000000bfffffff] reserved
[    0.000000] BIOS-e820: [mem 0x00000000fec00000-0x00000000fecfffff] reserved
[    0.000000] BIOS-e820: [mem 0x00000000fed80000-0x00000000fed80fff] reserved
[    0.000000] BIOS-e820: [mem 0x00000000ffe00000-0x00000000ffffffff] reserved
[    0.000000] BIOS-e820: [mem 0x0000000100000000-0x000000041effffff] usable
[    0.000000] bootconsole [earlyvga0] enabled
[    0.000000] NX (Execute Disable) protection: active
[    0.000000] SMBIOS 2.6 present.
[    0.000000] DMI: LENOVO Sabine/Torpedo, BIOS 54CN18WW 07/20/2011
[    0.000000] e820: update [mem 0x00000000-0x00000fff] usable ==> reserved
[    0.000000] e820: remove [mem 0x000a0000-0x000fffff] usable
[    0.000000] e820: last_pfn = 0x41f000 max_arch_pfn = 0x400000000
[    0.000000] MTRR default type: uncachable
[    0.000000] MTRR fixed ranges enabled:
[    0.000000]   00000-9FFFF write-back
[    0.000000]   A0000-BFFFF uncachable
[    0.000000]   C0000-FFFFF write-protect
[    0.000000] MTRR variable ranges enabled:
[    0.000000]   0 base 0000000000 mask FF80000000 write-back
[    0.000000]   1 base 0080000000 mask FFC0000000 write-back
[    0.000000]   2 base 00FFF90000 mask FFFFFF0000 uncachable
[    0.000000]   3 base 00FED80000 mask 0FFFFFF000 uncachable
[    0.000000]   4 disabled
[    0.000000]   5 disabled
[    0.000000]   6 disabled
[    0.000000]   7 base 00FFE00000 mask FFFFE00000 write-protect
[    0.000000] TOM2: 000000041f000000 aka 16880M
[    0.000000] x86/PAT: Configuration [0-7]: WB  WC  UC- UC  WB  WC  UC- WT  
[    0.000000] mtrr: your BIOS has configured an incorrect mask, fixing it.
[    0.000000] e820: last_pfn = 0xbfe00 max_arch_pfn = 0x400000000
[    0.000000] Scan for SMP in [mem 0x00000000-0x000003ff]
[    0.000000] Scan for SMP in [mem 0x0009fc00-0x0009ffff]
[    0.000000] Scan for SMP in [mem 0x000f0000-0x000fffff]
[    0.000000] found SMP MP-table at [mem 0x000fa8b0-0x000fa8bf] mapped at [ffff9ee8400fa8b0]
[    0.000000]   mpc: fa8c0-faa24
[    0.000000] Base memory trampoline at [ffff9ee840097000] 97000 size 24576
[    0.000000] Using GB pages for direct mapping
[    0.000000] BRK [0x249030000, 0x249030fff] PGTABLE
[    0.000000] BRK [0x249031000, 0x249031fff] PGTABLE
[    0.000000] BRK [0x249032000, 0x249032fff] PGTABLE
[    0.000000] BRK [0x249033000, 0x249033fff] PGTABLE
[    0.000000] BRK [0x249034000, 0x249034fff] PGTABLE
[    0.000000] BRK [0x249035000, 0x249035fff] PGTABLE
[    0.000000] log_buf_len: 16777216 bytes
[    0.000000] early log buf free: 2092580(99%)
[    0.000000] RAMDISK: [mem 0x37b83000-0x37db8fff]
[    0.000000] ACPI: Early table checksum verification disabled
[    0.000000] ACPI: RSDP 0x00000000000F0110 000024 (v02 LENOVO)
[    0.000000] ACPI: XSDT 0x00000000BF51A120 000074 (v01 LENOVO CB-01    00000001 LENO 00000001)
[    0.000000] ACPI: FACP 0x00000000BF508000 0000F4 (v04 LENOVO CB-01    00000001 PTL  00000001)
[    0.000000] ACPI: DSDT 0x00000000BF50A000 00FD10 (v01 LENOVO CB-01    00001000 LENO 00000001)
[    0.000000] ACPI: FACS 0x00000000BF478000 000040
[    0.000000] ACPI: FACS 0x00000000BF478000 000040
[    0.000000] ACPI: HPET 0x00000000BF507000 000038 (v01 LENOVO CB-01    00000001 PTL  00000001)
[    0.000000] ACPI: APIC 0x00000000BF506000 00007A (v02 LENOVO CB-01    00000001 PTL  00000001)
[    0.000000] ACPI: MCFG 0x00000000BF505000 00003C (v01 LENOVO CB-01    00000001 PTL  00000001)
[    0.000000] ACPI: SLIC 0x00000000BF504000 000176 (v01 LENOVO CB-01    00000001 LENO 00000001)
[    0.000000] ACPI: UEFI 0x00000000BF503000 00003E (v01 LENOVO CB-01    00000001 PTL  00000001)
[    0.000000] ACPI: UEFI 0x00000000BF502000 000042 (v01 PTL    COMBUF   00000001 PTL  00000001)
[    0.000000] ACPI: SSDT 0x00000000BF501000 000E34 (v01 AMD    POWERNOW 00000001 AMD  00000001)
[    0.000000] ACPI: SSDT 0x00000000BF4FF000 00193D (v02 AMD    ALIB     00000001 MSFT 04000000)
[    0.000000] ACPI: UEFI 0x00000000BF4FE000 0001DE (v01 LENOVO CB-01    00000001 PTL  00000001)
[    0.000000] ACPI: Local APIC address 0xfee00000
[    0.000000] mapped APIC to ffffffffff7fc000 (        fee00000)
[    0.000000] No NUMA configuration found
[    0.000000] Faking a node at [mem 0x0000000000000000-0x000000041effffff]
[    0.000000] NODE_DATA(0) allocated [mem 0x41dff9000-0x41dffcfff]
[    0.000000] Zone ranges:
[    0.000000]   DMA      [mem 0x0000000000001000-0x0000000000ffffff]
[    0.000000]   DMA32    [mem 0x0000000001000000-0x00000000ffffffff]
[    0.000000]   Normal   [mem 0x0000000100000000-0x000000041effffff]
[    0.000000] Movable zone start for each node
[    0.000000] Early memory node ranges
[    0.000000]   node   0: [mem 0x0000000000001000-0x000000000009cfff]
[    0.000000]   node   0: [mem 0x0000000000100000-0x00000000bed9afff]
[    0.000000]   node   0: [mem 0x00000000bf51b000-0x00000000bfdfffff]
[    0.000000]   node   0: [mem 0x0000000100000000-0x000000041effffff]
[    0.000000] Initmem setup node 0 [mem 0x0000000000001000-0x000000041effffff]
[    0.000000] On node 0 totalpages: 4056604
[    0.000000]   DMA zone: 64 pages used for memmap
[    0.000000]   DMA zone: 21 pages reserved
[    0.000000]   DMA zone: 3996 pages, LIFO batch:0
[    0.000000]   DMA32 zone: 12186 pages used for memmap
[    0.000000]   DMA32 zone: 779904 pages, LIFO batch:31
[    0.000000]   Normal zone: 51136 pages used for memmap
[    0.000000]   Normal zone: 3272704 pages, LIFO batch:31
[    0.000000] ACPI: PM-Timer IO Port: 0x808
[    0.000000] ACPI: Local APIC address 0xfee00000
[    0.000000] mapped APIC to ffffffffff7fc000 (        fee00000)
[    0.000000] ACPI: LAPIC (acpi_id[0x00] lapic_id[0x00] enabled)
[    0.000000] ACPI: LAPIC (acpi_id[0x01] lapic_id[0x01] enabled)
[    0.000000] ACPI: LAPIC (acpi_id[0x02] lapic_id[0x02] enabled)
[    0.000000] ACPI: LAPIC (acpi_id[0x03] lapic_id[0x03] enabled)
[    0.000000] ACPI: LAPIC_NMI (acpi_id[0x00] high edge lint[0x1])
[    0.000000] ACPI: LAPIC_NMI (acpi_id[0x01] high edge lint[0x1])
[    0.000000] ACPI: LAPIC_NMI (acpi_id[0x02] high edge lint[0x1])
[    0.000000] ACPI: LAPIC_NMI (acpi_id[0x03] high edge lint[0x1])
[    0.000000] ACPI: IOAPIC (id[0x02] address[0xfec00000] gsi_base[0])
[    0.000000] IOAPIC[0]: apic_id 2, version 33, address 0xfec00000, GSI 0-23
[    0.000000] ACPI: INT_SRC_OVR (bus 0 bus_irq 0 global_irq 2 dfl dfl)
[    0.000000] Int: type 0, pol 0, trig 0, bus 00, IRQ 00, APIC ID 2, APIC INT 02
[    0.000000] Int: type 0, pol 3, trig 3, bus 00, IRQ 09, APIC ID 2, APIC INT 09
[    0.000000] ACPI: IRQ0 used by override.
[    0.000000] Int: type 0, pol 0, trig 0, bus 00, IRQ 01, APIC ID 2, APIC INT 01
[    0.000000] Int: type 0, pol 0, trig 0, bus 00, IRQ 03, APIC ID 2, APIC INT 03
[    0.000000] Int: type 0, pol 0, trig 0, bus 00, IRQ 04, APIC ID 2, APIC INT 04
[    0.000000] Int: type 0, pol 0, trig 0, bus 00, IRQ 05, APIC ID 2, APIC INT 05
[    0.000000] Int: type 0, pol 0, trig 0, bus 00, IRQ 06, APIC ID 2, APIC INT 06
[    0.000000] Int: type 0, pol 0, trig 0, bus 00, IRQ 07, APIC ID 2, APIC INT 07
[    0.000000] Int: type 0, pol 0, trig 0, bus 00, IRQ 08, APIC ID 2, APIC INT 08
[    0.000000] ACPI: IRQ9 used by override.
[    0.000000] Int: type 0, pol 0, trig 0, bus 00, IRQ 0a, APIC ID 2, APIC INT 0a
[    0.000000] Int: type 0, pol 0, trig 0, bus 00, IRQ 0b, APIC ID 2, APIC INT 0b
[    0.000000] Int: type 0, pol 0, trig 0, bus 00, IRQ 0c, APIC ID 2, APIC INT 0c
[    0.000000] Int: type 0, pol 0, trig 0, bus 00, IRQ 0d, APIC ID 2, APIC INT 0d
[    0.000000] Int: type 0, pol 0, trig 0, bus 00, IRQ 0e, APIC ID 2, APIC INT 0e
[    0.000000] Int: type 0, pol 0, trig 0, bus 00, IRQ 0f, APIC ID 2, APIC INT 0f
[    0.000000] Using ACPI (MADT) for SMP configuration information
[    0.000000] ACPI: HPET id: 0x43538210 base: 0xfed00000
[    0.000000] smpboot: Allowing 4 CPUs, 0 hotplug CPUs
[    0.000000] mapped IOAPIC to ffffffffff7fb000 (fec00000)
[    0.000000] e820: [mem 0xc0000000-0xfebfffff] available for PCI devices
[    0.000000] clocksource: refined-jiffies: mask: 0xffffffff max_cycles: 0xffffffff, max_idle_ns: 1910969940391419 ns
[    0.000000] setup_percpu: NR_CPUS:64 nr_cpumask_bits:64 nr_cpu_ids:4 nr_node_ids:1
[    0.000000] percpu: Embedded 33 pages/cpu @ffff9eec5dc00000 s95832 r8192 d31144 u524288
[    0.000000] pcpu-alloc: s95832 r8192 d31144 u524288 alloc=1*2097152
[    0.000000] pcpu-alloc: [0] 0 1 2 3 
[    0.000000] Built 1 zonelists in Node order, mobility grouping on.  Total pages: 3993197
[    0.000000] Policy zone: Normal
[    0.000000] Kernel command line: BOOT_IMAGE=/boot/vmlinuz-linux-git root=UUID=96efaea0-86dc-485a-af36-36706f9f3908 rw root_trim=yes rd.luks.allow-discards ipv6.disable=1 pnp.debug=1 loglevel=9 log_buf_len=10M printk.always_kmsg_dump=y printk.time=y printk.devkmsg=on mminit_loglevel=0 memory_corruption_check=1 nohz=on rcu_nocbs=1-3 fbcon=scrollback:4096k fbcon=font:ProFont6x11 apic=debug dynamic_debug.verbose=1 "dyndbg=file arch/x86/kernel/apic/* +pflmt ; file drivers/video/* +pflmt ; file drivers/input/* -pflmt ; file drivers/acpi/* -pflmt" acpi_backlight=vendor radeon.audio=0 radeon.lockup_timeout=999000 radeon.test=0 radeon.agpmode=-1 radeon.benchmark=0 radeon.tv=0 radeon.hard_reset=1 radeon.msi=1 radeon.pcie_gen2=-1 radeon.no_wb=1 radeon.dynclks=0 radeon.r4xx_atom=0 radeonfb radeon.fastfb=1 radeon.dpm=1 radeon.runpm=1 rd.debug rd.udev.debug rd.memdebug=3 net.ifnames=1 slub_debug=U pax_sanitize_slab=full noefi nolvm dobtrfs console=tty1 earlyprintk=vga CPUunderclocking radeon.modeset=1 
[    0.000000] PCIe ASPM is disabled
[    0.000000] PID hash table entries: 4096 (order: 3, 32768 bytes)
[    0.000000] Memory: 15870372K/16226416K available (7819K kernel code, 740K rwdata, 3032K rodata, 880K init, 2628K bss, 356044K reserved, 0K cma-reserved)
[    0.000000] SLUB: HWalign=64, Order=0-3, MinObjects=0, CPUs=4, Nodes=1
[    0.000000] Preemptible hierarchical RCU implementation.
[    0.000000] 	Build-time adjustment of leaf fanout to 64.
[    0.000000] 	RCU restricting CPUs from NR_CPUS=64 to nr_cpu_ids=4.
[    0.000000] RCU: Adjusting geometry for rcu_fanout_leaf=64, nr_cpu_ids=4
[    0.000000] NR_IRQS:4352 nr_irqs:456 16
[    0.000000] spurious 8259A interrupt: IRQ7.
[    0.000000] vgacon: allocated 4194304 bytes of memory for scrollback. CONFIG_VGACON_SOFT_SCROLLBACK_SIZE=4096
[    0.000000] Console: colour VGA+ 80x25
[    0.000000] console [tty1] enabled
[    0.000000] bootconsole [earlyvga0] disabled
[    0.000000] clocksource: hpet: mask: 0xffffffff max_cycles: 0xffffffff, max_idle_ns: 133484873504 ns
[    0.000000] hpet clockevent registered
[    0.000000] tsc: Fast TSC calibration using PIT
[    0.000000] tsc: Detected 1397.418 MHz processor
[    0.000046] Calibrating delay loop (skipped), value calculated using timer frequency.. 2794.83 BogoMIPS (lpj=1397418)
[    0.000169] pid_max: default: 32768 minimum: 301
[    0.000291] ACPI: Core revision 20160422
[    0.000471] ACPI: acpi_os_initialize: map reset_reg status 0
[    0.254683] random: fast init done
[    0.861410] ACPI: 3 ACPI AML tables successfully acquired and loaded

[    0.862001] Security Framework initialized
[    0.863922] Dentry cache hash table entries: 2097152 (order: 12, 16777216 bytes)
[    0.870748] Inode-cache hash table entries: 1048576 (order: 11, 8388608 bytes)
[    0.874105] Mount-cache hash table entries: 32768 (order: 6, 262144 bytes)
[    0.874336] Mountpoint-cache hash table entries: 32768 (order: 6, 262144 bytes)
[    0.877214] [Firmware Info]: CPU: 'AMD A6-3400M APU with Radeon(tm) HD Graphics' has AMD errata 665 Integer Divide Instruction May Cause Unpredictable Behavior.'
[    0.877489] [Firmware Info]: CPU: Double-checked CPU type. 'AMD A6-3400M APU with Radeon(tm) HD Graphics'
[    0.877675] [Firmware Info]: CPU: Setting workaround for 665...(set 'no665wo' in /proc/cmdline to disable)
[    0.877855] CPU: Physical Processor ID: 0
[    0.877983] CPU: Processor Core ID: 0
[    0.878112] mce: CPU supports 6 MCE banks
[    0.878277] Last level iTLB entries: 4KB 512, 2MB 16, 4MB 8
[    0.878456] Last level dTLB entries: 4KB 1024, 2MB 128, 4MB 64, 1GB 0
[    0.879228] Freeing SMP alternatives memory: 28K (ffffffff8f597000 - ffffffff8f59e000)
[    0.880190] smpboot: Max logical packages: 1
[    0.880367] smpboot: APIC(0) Converting physical 0 to logical package 0
[    0.880507] enabled ExtINT on CPU#0
[    0.880822] ENABLING IO-APIC IRQs
[    0.880962] init IO_APIC IRQs
[    0.881090]  apic 2 pin 0 not connected
[    0.881309] IOAPIC[0]: Set routing entry (2-1 -> 0x31 -> IRQ 1 Mode:0 Active:0 Dest:1)
[    0.881588] IOAPIC[0]: Set routing entry (2-2 -> 0x30 -> IRQ 0 Mode:0 Active:0 Dest:1)
[    0.881804] IOAPIC[0]: Set routing entry (2-3 -> 0x33 -> IRQ 3 Mode:0 Active:0 Dest:1)
[    0.882018] IOAPIC[0]: Set routing entry (2-4 -> 0x34 -> IRQ 4 Mode:0 Active:0 Dest:1)
[    0.882232] IOAPIC[0]: Set routing entry (2-5 -> 0x35 -> IRQ 5 Mode:0 Active:0 Dest:1)
[    0.882446] IOAPIC[0]: Set routing entry (2-6 -> 0x36 -> IRQ 6 Mode:0 Active:0 Dest:1)
[    0.882718] IOAPIC[0]: Set routing entry (2-7 -> 0x37 -> IRQ 7 Mode:0 Active:0 Dest:1)
[    0.882935] IOAPIC[0]: Set routing entry (2-8 -> 0x38 -> IRQ 8 Mode:0 Active:0 Dest:1)
[    0.883151] IOAPIC[0]: Set routing entry (2-9 -> 0x39 -> IRQ 9 Mode:1 Active:1 Dest:1)
[    0.883368] IOAPIC[0]: Set routing entry (2-10 -> 0x3a -> IRQ 10 Mode:0 Active:0 Dest:1)
[    0.883584] IOAPIC[0]: Set routing entry (2-11 -> 0x3b -> IRQ 11 Mode:0 Active:0 Dest:1)
[    0.883800] IOAPIC[0]: Set routing entry (2-12 -> 0x3c -> IRQ 12 Mode:0 Active:0 Dest:1)
[    0.884016] IOAPIC[0]: Set routing entry (2-13 -> 0x3d -> IRQ 13 Mode:0 Active:0 Dest:1)
[    0.884218] IOAPIC[0]: Set routing entry (2-14 -> 0x3e -> IRQ 14 Mode:0 Active:0 Dest:1)
[    0.884419] IOAPIC[0]: Set routing entry (2-15 -> 0x3f -> IRQ 15 Mode:0 Active:0 Dest:1)
[    0.884583]  apic 2 pin 16 not connected
[    0.884704]  apic 2 pin 17 not connected
[    0.884825]  apic 2 pin 18 not connected
[    0.884945]  apic 2 pin 19 not connected
[    0.885066]  apic 2 pin 20 not connected
[    0.885187]  apic 2 pin 21 not connected
[    0.885307]  apic 2 pin 22 not connected
[    0.885428]  apic 2 pin 23 not connected
[    0.885680] ..TIMER: vector=0x30 apic1=0 pin1=2 apic2=-1 pin2=-1
[    0.895808] Using local APIC timer interrupts.
               calibrating APIC timer ...
[    0.997684] ... lapic delta = 1247725
[    0.997813] ... PM-Timer delta = 357952
[    0.997941] ... PM-Timer result ok
[    0.998070] ..... delta 1247725
[    0.998197] ..... mult: 53589380
[    0.998324] ..... calibration result: 199636
[    0.998453] ..... CPU clock speed is 1397.0452 MHz.
[    0.998583] ..... host bus clock speed is 199.0636 MHz.
[    0.998679] smpboot: CPU0: AMD A6-3400M APU with Radeon(tm) HD Graphics (family: 0x12, model: 0x1, stepping: 0x0)
[    0.999008] Performance Events: AMD PMU driver.
[    0.999174] ... version:                0
[    0.999303] ... bit width:              48
[    0.999432] ... generic registers:      4
[    0.999560] ... value mask:             0000ffffffffffff
[    0.999695] ... max period:             00007fffffffffff
[    0.999825] ... fixed-purpose events:   0
[    0.999953] ... event mask:             000000000000000f
[    1.005715] dynamic_debug:ddebug_add_module: 2 debug prints in module main
[    1.005918] dynamic_debug:ddebug_add_module: 1 debug prints in module initramfs
[    1.006102] dynamic_debug:ddebug_add_module: 3 debug prints in module ibs
[    1.006241] dynamic_debug:ddebug_add_module: 1 debug prints in module common
[    1.006388] dynamic_debug:ddebug_add_module: 1 debug prints in module amd
[    1.006529] dynamic_debug:ddebug_add_module: 2 debug prints in module main
[    1.006670] dynamic_debug:ddebug_add_module: 7 debug prints in module generic
[    1.006821] dynamic_debug:ddebug_add_module: 15 debug prints in module cleanup
[    1.007005] dynamic_debug:ddebug_add_module: 8 debug prints in module microcode
[    1.007187] dynamic_debug:ddebug_add_module: 3 debug prints in module boot
[    1.007330] dynamic_debug:ddebug_add_module: 22 debug prints in module smpboot
[    1.007499] dynamic_debug:ddebug_add_module: 1 debug prints in module tsc_sync
[    1.007667] dynamic_debug:ddebug_add_module: 2 debug prints in module setup_percpu
[    1.007846] dynamic_debug:ddebug_add_module: 30 debug prints in module vector
[    1.007976] dynamic_debug:ddebug_add_module: 2 debug prints in module init
[    1.008108] dynamic_debug:ddebug_add_module: 6 debug prints in module init_64
[    1.008237] dynamic_debug:ddebug_add_module: 1 debug prints in module numa
[    1.008370] dynamic_debug:ddebug_add_module: 4 debug prints in module params
[    1.008503] dynamic_debug:ddebug_add_module: 4 debug prints in module async
[    1.008635] dynamic_debug:ddebug_add_module: 1 debug prints in module manage
[    1.008780] dynamic_debug:ddebug_add_module: 14 debug prints in module irqdomain
[    1.008951] dynamic_debug:ddebug_add_module: 2 debug prints in module msi
[    1.009084] dynamic_debug:ddebug_add_module: 2 debug prints in module freezer
[    1.009219] dynamic_debug:ddebug_add_module: 19 debug prints in module module
[    1.009351] dynamic_debug:ddebug_add_module: 1 debug prints in module cgroup
[    1.009484] dynamic_debug:ddebug_add_module: 6 debug prints in module mempolicy
[    1.009661] dynamic_debug:ddebug_add_module: 1 debug prints in module sparse_vmemmap
[    1.009837] dynamic_debug:ddebug_add_module: 1 debug prints in module vmpressure
[    1.010009] dynamic_debug:ddebug_add_module: 1 debug prints in module fsnotify
[    1.010181] dynamic_debug:ddebug_add_module: 2 debug prints in module notification
[    1.010353] dynamic_debug:ddebug_add_module: 1 debug prints in module inotify_fsnotify
[    1.010526] dynamic_debug:ddebug_add_module: 5 debug prints in module inotify_user
[    1.010702] dynamic_debug:ddebug_add_module: 6 debug prints in module fanotify
[    1.010877] dynamic_debug:ddebug_add_module: 13 debug prints in module fanotify_user
[    1.011052] dynamic_debug:ddebug_add_module: 20 debug prints in module aio
[    1.011188] dynamic_debug:ddebug_add_module: 13 debug prints in module binfmt_misc
[    1.011359] dynamic_debug:ddebug_add_module: 2 debug prints in module mount
[    1.011492] dynamic_debug:ddebug_add_module: 1 debug prints in module dir
[    1.011626] dynamic_debug:ddebug_add_module: 8 debug prints in module configfs
[    1.011800] dynamic_debug:ddebug_add_module: 1 debug prints in module debugfs
[    1.011940] dynamic_debug:ddebug_add_module: 22 debug prints in module btrfs
[    1.012072] dynamic_debug:ddebug_add_module: 2 debug prints in module ramoops
[    1.012200] dynamic_debug:ddebug_add_module: 1 debug prints in module inode
[    1.012325] dynamic_debug:ddebug_add_module: 6 debug prints in module asymmetric_keys
[    1.012489] dynamic_debug:ddebug_add_module: 13 debug prints in module x509_key_parser
[    1.012652] dynamic_debug:ddebug_add_module: 13 debug prints in module efi
[    1.012778] dynamic_debug:ddebug_add_module: 1 debug prints in module decompress
[    1.012941] dynamic_debug:ddebug_add_module: 10 debug prints in module kobject
[    1.013108] dynamic_debug:ddebug_add_module: 6 debug prints in module kobject_uevent
[    1.013275] dynamic_debug:ddebug_add_module: 1 debug prints in module list_sort
[    1.013443] dynamic_debug:ddebug_add_module: 1 debug prints in module percpu_refcount
[    1.013617] dynamic_debug:ddebug_add_module: 11 debug prints in module asn1_decoder
[    1.013794] dynamic_debug:ddebug_add_module: 5 debug prints in module probe
[    1.013919] dynamic_debug:ddebug_add_module: 4 debug prints in module pci
[    1.014044] dynamic_debug:ddebug_add_module: 1 debug prints in module pci_driver
[    1.014205] dynamic_debug:ddebug_add_module: 3 debug prints in module slot
[    1.014331] dynamic_debug:ddebug_add_module: 3 debug prints in module quirks
[    1.014455] dynamic_debug:ddebug_add_module: 2 debug prints in module pme
[    1.014580] dynamic_debug:ddebug_add_module: 1 debug prints in module pci_hotplug
[    1.014745] dynamic_debug:ddebug_add_module: 12 debug prints in module acpiphp
[    1.016824] dynamic_debug:ddebug_add_module: 1 debug prints in module htirq
[    1.016950] dynamic_debug:ddebug_add_module: 1 debug prints in module pci_acpi
[    1.017112] dynamic_debug:ddebug_add_module: 3 debug prints in module backlight
[    1.017281] dynamic_debug:ddebug_add_module: 4 debug prints in module fb
[    1.017410] dynamic_debug:ddebug_add_module: 7 debug prints in module tables
[    1.017554] dynamic_debug:ddebug_add_module: 48 debug prints in module acpi
[    1.017688] dynamic_debug:ddebug_add_module: 3 debug prints in module fan
[    1.017816] dynamic_debug:ddebug_add_module: 1 debug prints in module video
[    1.017940] dynamic_debug:ddebug_add_module: 4 debug prints in module pci_slot
[    1.018103] dynamic_debug:ddebug_add_module: 7 debug prints in module processor
[    1.018269] dynamic_debug:ddebug_add_module: 4 debug prints in module pnp
[    1.018394] dynamic_debug:ddebug_add_module: 3 debug prints in module acpi_dma
[    1.018558] dynamic_debug:ddebug_add_module: 11 debug prints in module core
[    1.018684] dynamic_debug:ddebug_add_module: 1 debug prints in module fixed
[    1.018810] dynamic_debug:ddebug_add_module: 6 debug prints in module virtual
[    1.018944] dynamic_debug:ddebug_add_module: 3 debug prints in module lp3971
[    1.019077] dynamic_debug:ddebug_add_module: 3 debug prints in module lp3972
[    1.019206] dynamic_debug:ddebug_add_module: 6 debug prints in module tty_io
[    1.019331] dynamic_debug:ddebug_add_module: 1 debug prints in module vt_ioctl
[    1.019493] dynamic_debug:ddebug_add_module: 5 debug prints in module serial_core
[    1.019655] dynamic_debug:ddebug_add_module: 4 debug prints in module 8250
[    1.019783] dynamic_debug:ddebug_add_module: 5 debug prints in module 8250_base
[    1.019945] dynamic_debug:ddebug_add_module: 1 debug prints in module tpm
[    1.020071] dynamic_debug:ddebug_add_module: 10 debug prints in module tpm_tis_core
[    1.020233] dynamic_debug:ddebug_add_module: 2 debug prints in module dmar
[    1.020366] dynamic_debug:ddebug_add_module: 3 debug prints in module drm
[    1.020498] dynamic_debug:ddebug_add_module: 3 debug prints in module ttm
[    1.020626] dynamic_debug:ddebug_add_module: 2 debug prints in module radeon
[    1.020755] dynamic_debug:ddebug_add_module: 17 debug prints in module vgaarb
[    1.020879] dynamic_debug:ddebug_add_module: 7 debug prints in module component
[    1.021039] dynamic_debug:ddebug_add_module: 11 debug prints in module core
[    1.021163] dynamic_debug:ddebug_add_module: 9 debug prints in module bus
[    1.021293] dynamic_debug:ddebug_add_module: 17 debug prints in module dd
[    1.021418] dynamic_debug:ddebug_add_module: 5 debug prints in module class
[    1.021544] dynamic_debug:ddebug_add_module: 4 debug prints in module platform
[    1.021710] dynamic_debug:ddebug_add_module: 7 debug prints in module firmware_class
[    1.021868] dynamic_debug:ddebug_add_module: 1 debug prints in module regmap
[    1.022001] dynamic_debug:ddebug_add_module: 7 debug prints in module regcache
[    1.022168] dynamic_debug:ddebug_add_module: 1 debug prints in module regcache_lzo
[    1.022332] dynamic_debug:ddebug_add_module: 1 debug prints in module dma_buf
[    1.022457] dynamic_debug:ddebug_add_module: 3 debug prints in module scsi_mod
[    1.022616] dynamic_debug:ddebug_add_module: 2 debug prints in module libphy
[    1.022743] dynamic_debug:ddebug_add_module: 1 debug prints in module r8169
[    1.022880] dynamic_debug:ddebug_add_module: 98 debug prints in module cdrom
[    1.023027] dynamic_debug:ddebug_add_module: 150 debug prints in module usbcore
[    1.023187] dynamic_debug:ddebug_add_module: 5 debug prints in module phy
[    1.023318] dynamic_debug:ddebug_add_module: 10 debug prints in module pci_quirks
[    1.023488] dynamic_debug:ddebug_add_module: 55 debug prints in module ehci_hcd
[    1.023659] dynamic_debug:ddebug_add_module: 2 debug prints in module ehci_pci
[    1.023841] dynamic_debug:ddebug_add_module: 46 debug prints in module ohci_hcd
[    1.024048] dynamic_debug:ddebug_add_module: 263 debug prints in module xhci_hcd
[    1.024253] dynamic_debug:ddebug_add_module: 3 debug prints in module xhci_pci
[    1.024413] dynamic_debug:ddebug_add_module: 10 debug prints in module usb_storage
[    1.024572] dynamic_debug:ddebug_add_module: 1 debug prints in module ums_realtek
[    1.024739] dynamic_debug:ddebug_add_module: 6 debug prints in module input_core
[    1.024902] dynamic_debug:ddebug_add_module: 4 debug prints in module atkbd
[    1.025040] dynamic_debug:ddebug_add_module: 15 debug prints in module psmouse
[    1.025213] dynamic_debug:ddebug_add_module: 7 debug prints in module rtc_core
[    1.025381] dynamic_debug:ddebug_add_module: 5 debug prints in module rtc_cmos
[    1.025543] dynamic_debug:ddebug_add_module: 1 debug prints in module i2c_boardinfo
[    1.025710] dynamic_debug:ddebug_add_module: 20 debug prints in module i2c_core
[    1.025872] dynamic_debug:ddebug_add_module: 2 debug prints in module i2c_smbus
[    1.026036] dynamic_debug:ddebug_add_module: 17 debug prints in module i2c_algo_bit
[    1.026200] dynamic_debug:ddebug_add_module: 11 debug prints in module power_supply
[    1.026368] dynamic_debug:ddebug_add_module: 1 debug prints in module hwmon
[    1.026502] dynamic_debug:ddebug_add_module: 9 debug prints in module thermal_sys
[    1.026686] dynamic_debug:ddebug_add_module: 43 debug prints in module cpufreq
[    1.026853] dynamic_debug:ddebug_add_module: 9 debug prints in module freq_table
[    1.027015] dynamic_debug:ddebug_add_module: 2 debug prints in module cpufreq_stats
[    1.027177] dynamic_debug:ddebug_add_module: 1 debug prints in module cpufreq_performance
[    1.027343] dynamic_debug:ddebug_add_module: 22 debug prints in module acpi_cpufreq
[    1.027505] dynamic_debug:ddebug_add_module: 3 debug prints in module dmi_scan
[    1.027667] dynamic_debug:ddebug_add_module: 1 debug prints in module hid
[    1.027798] dynamic_debug:ddebug_add_module: 8 debug prints in module usbhid
[    1.027930] dynamic_debug:ddebug_add_module: 2 debug prints in module i386
[    1.028062] dynamic_debug:ddebug_add_module: 2 debug prints in module fixup
[    1.028195] dynamic_debug:ddebug_add_module: 7 debug prints in module irq
[    1.028320] dynamic_debug:ddebug_add_module: 1 debug prints in module sock
[    1.028447] dynamic_debug:ddebug_add_module: 17 debug prints in module dev
[    1.028572] dynamic_debug:ddebug_add_module: 2 debug prints in module sch_api
[    1.028699] dynamic_debug:ddebug_add_module: 1 debug prints in module act_api
[    1.028823] dynamic_debug:ddebug_add_module: 1 debug prints in module route
[    1.028948] dynamic_debug:ddebug_add_module: 1 debug prints in module ip_fragment
[    1.029110] dynamic_debug:ddebug_add_module: 1 debug prints in module ip_output
[    1.029276] dynamic_debug:ddebug_add_module: 1 debug prints in module tcp
[    1.029401] dynamic_debug:ddebug_add_module: 5 debug prints in module tcp_input
[    1.029567] dynamic_debug:ddebug_add_module: 3 debug prints in module tcp_output
[    1.029735] dynamic_debug:ddebug_add_module: 2 debug prints in module tcp_timer
[    1.029906] dynamic_debug:ddebug_add_module: 1 debug prints in module tcp_ipv4
[    1.030078] dynamic_debug:ddebug_add_module: 1 debug prints in module tcp_cong
[    1.030244] dynamic_debug:ddebug_add_module: 8 debug prints in module udp
[    1.030368] dynamic_debug:ddebug_add_module: 1 debug prints in module arp
[    1.030491] dynamic_debug:ddebug_add_module: 2 debug prints in module icmp
[    1.030616] dynamic_debug:ddebug_add_module: 1 debug prints in module devinet
[    1.030743] dynamic_debug:ddebug_add_module: 8 debug prints in module fib_trie
[    1.030905] dynamic_debug:ddebug_add_module: 1 debug prints in module inet_fragment
[    1.031070] dynamic_debug:ddebug_add_module: 24 debug prints in module ping
[    1.031198] dynamic_debug:ddebug_add_module: 1 debug prints in module sysctl_net_ipv4
[    1.031368] dynamic_debug:ddebug_add_module: 2 debug prints in module ip6_checksum
[    1.031530] dynamic_debug:dynamic_debug_init: 158 modules, 1524 entries and 6320 bytes in ddebug tables, 121919 bytes in (readonly) verbose section
[    1.031714] dynamic_debug:ddebug_dyndbg_boot_param_cb: BOOT_IMAGE="/boot/vmlinuz-linux-git"
[    1.031878] dynamic_debug:ddebug_dyndbg_boot_param_cb: root="UUID=96efaea0-86dc-485a-af36-36706f9f3908"
[    1.032036] dynamic_debug:ddebug_dyndbg_boot_param_cb: rw="(null)"
[    1.032155] dynamic_debug:ddebug_dyndbg_boot_param_cb: root_trim="yes"
[    1.032274] dynamic_debug:ddebug_dyndbg_boot_param_cb: rd.luks.allow-discards="(null)"
[    1.032430] dynamic_debug:ddebug_dyndbg_boot_param_cb: ipv6.disable="1"
[    1.032549] dynamic_debug:ddebug_dyndbg_boot_param_cb: pnp.debug="1"
[    1.032669] dynamic_debug:ddebug_dyndbg_boot_param_cb: loglevel="9"
[    1.032790] dynamic_debug:ddebug_dyndbg_boot_param_cb: log_buf_len="10M"
[    1.032909] dynamic_debug:ddebug_dyndbg_boot_param_cb: printk.always_kmsg_dump="y"
[    1.033067] dynamic_debug:ddebug_dyndbg_boot_param_cb: printk.time="y"
[    1.033191] dynamic_debug:ddebug_dyndbg_boot_param_cb: printk.devkmsg="on"
[    1.033315] dynamic_debug:ddebug_dyndbg_boot_param_cb: mminit_loglevel="0"
[    1.033438] dynamic_debug:ddebug_dyndbg_boot_param_cb: memory_corruption_check="1"
[    1.033594] dynamic_debug:ddebug_dyndbg_boot_param_cb: nohz="on"
[    1.033715] dynamic_debug:ddebug_dyndbg_boot_param_cb: rcu_nocbs="1-3"
[    1.033834] dynamic_debug:ddebug_dyndbg_boot_param_cb: fbcon="scrollback:4096k"
[    1.033990] dynamic_debug:ddebug_dyndbg_boot_param_cb: fbcon="font:ProFont6x11"
[    1.034147] dynamic_debug:ddebug_dyndbg_boot_param_cb: apic="debug"
[    1.034267] dynamic_debug:ddebug_dyndbg_boot_param_cb: dynamic_debug.verbose="1"
[    1.036338] dynamic_debug:ddebug_dyndbg_boot_param_cb: dyndbg="file arch/x86/kernel/apic/* +pflmt ; file drivers/video/* +pflmt ; file drivers/input/* -pflmt ; file drivers/acpi/* -pflmt"
[    1.036545] dynamic_debug:ddebug_exec_queries: query 0: "file arch/x86/kernel/apic/* +pflmt "
[    1.036706] dynamic_debug:ddebug_tokenize: split into words: "file" "arch/x86/kernel/apic/*" "+pflmt"
[    1.036941] dynamic_debug:ddebug_parse_flags: op='+'
[    1.037064] dynamic_debug:ddebug_parse_flags: flags=0x1f
[    1.037187] dynamic_debug:ddebug_parse_flags: *flagsp=0x1f *maskp=0xffffffff
[    1.037312] dynamic_debug:vpr_info_dq: parsed: func="" file="arch/x86/kernel/apic/*" module="" format="" lineno=0-0
[    1.037491] dynamic_debug:ddebug_change: changed arch/x86/kernel/apic/vector.c:919 [vector]print_PIC =pmflt
[    1.037651] dynamic_debug:ddebug_change: changed arch/x86/kernel/apic/vector.c:916 [vector]print_PIC =pmflt
[    1.037814] dynamic_debug:ddebug_change: changed arch/x86/kernel/apic/vector.c:906 [vector]print_PIC =pmflt
[    1.037973] dynamic_debug:ddebug_change: changed arch/x86/kernel/apic/vector.c:903 [vector]print_PIC =pmflt
[    1.038134] dynamic_debug:ddebug_change: changed arch/x86/kernel/apic/vector.c:898 [vector]print_PIC =pmflt
[    1.038293] dynamic_debug:ddebug_change: changed arch/x86/kernel/apic/vector.c:868 [vector]print_local_APIC =pmflt
[    1.038457] dynamic_debug:ddebug_change: changed arch/x86/kernel/apic/vector.c:865 [vector]print_local_APIC =pmflt
[    1.038622] dynamic_debug:ddebug_change: changed arch/x86/kernel/apic/vector.c:863 [vector]print_local_APIC =pmflt
[    1.038790] dynamic_debug:ddebug_change: changed arch/x86/kernel/apic/vector.c:858 [vector]print_local_APIC =pmflt
[    1.038959] dynamic_debug:ddebug_change: changed arch/x86/kernel/apic/vector.c:856 [vector]print_local_APIC =pmflt
[    1.039125] dynamic_debug:ddebug_change: changed arch/x86/kernel/apic/vector.c:854 [vector]print_local_APIC =pmflt
[    1.039286] dynamic_debug:ddebug_change: changed arch/x86/kernel/apic/vector.c:850 [vector]print_local_APIC =pmflt
[    1.039447] dynamic_debug:ddebug_change: changed arch/x86/kernel/apic/vector.c:845 [vector]print_local_APIC =pmflt
[    1.039608] dynamic_debug:ddebug_change: changed arch/x86/kernel/apic/vector.c:843 [vector]print_local_APIC =pmflt
[    1.039771] dynamic_debug:ddebug_change: changed arch/x86/kernel/apic/vector.c:840 [vector]print_local_APIC =pmflt
[    1.039932] dynamic_debug:ddebug_change: changed arch/x86/kernel/apic/vector.c:835 [vector]print_local_APIC =pmflt
[    1.040092] dynamic_debug:ddebug_change: changed arch/x86/kernel/apic/vector.c:832 [vector]print_local_APIC =pmflt
[    1.040255] dynamic_debug:ddebug_change: changed arch/x86/kernel/apic/vector.c:831 [vector]print_local_APIC =pmflt
[    1.040415] dynamic_debug:ddebug_change: changed arch/x86/kernel/apic/vector.c:827 [vector]print_local_APIC =pmflt
[    1.040585] dynamic_debug:ddebug_change: changed arch/x86/kernel/apic/vector.c:817 [vector]print_local_APIC =pmflt
[    1.040758] dynamic_debug:ddebug_change: changed arch/x86/kernel/apic/vector.c:815 [vector]print_local_APIC =pmflt
[    1.040922] dynamic_debug:ddebug_change: changed arch/x86/kernel/apic/vector.c:813 [vector]print_local_APIC =pmflt
[    1.041082] dynamic_debug:ddebug_change: changed arch/x86/kernel/apic/vector.c:811 [vector]print_local_APIC =pmflt
[    1.041243] dynamic_debug:ddebug_change: changed arch/x86/kernel/apic/vector.c:808 [vector]print_local_APIC =pmflt
[    1.041402] dynamic_debug:ddebug_change: changed arch/x86/kernel/apic/vector.c:805 [vector]print_local_APIC =pmflt
[    1.041562] dynamic_debug:ddebug_change: changed arch/x86/kernel/apic/vector.c:801 [vector]print_local_APIC =pmflt
[    1.041725] dynamic_debug:ddebug_change: changed arch/x86/kernel/apic/vector.c:792 [vector]print_local_APIC =pmflt
[    1.041888] dynamic_debug:ddebug_change: changed arch/x86/kernel/apic/vector.c:789 [vector]print_local_APIC =pmflt
[    1.042059] dynamic_debug:ddebug_change: changed arch/x86/kernel/apic/vector.c:782 [vector]print_local_APIC =pmflt
[    1.042232] dynamic_debug:ddebug_change: changed arch/x86/kernel/apic/vector.c:773 [vector]print_local_APIC =pmflt
[    1.042472] dynamic_debug:vpr_info_dq: applied: func="" file="arch/x86/kernel/apic/*" module="" format="" lineno=0-0
[    1.042679] dynamic_debug:ddebug_exec_queries: query 1: "file drivers/video/* +pflmt "
[    1.042835] dynamic_debug:ddebug_tokenize: split into words: "file" "drivers/video/*" "+pflmt"
[    1.043065] dynamic_debug:ddebug_parse_flags: op='+'
[    1.043184] dynamic_debug:ddebug_parse_flags: flags=0x1f
[    1.043306] dynamic_debug:ddebug_parse_flags: *flagsp=0x1f *maskp=0xffffffff
[    1.043431] dynamic_debug:vpr_info_dq: parsed: func="" file="drivers/video/*" module="" format="" lineno=0-0
[    1.043621] dynamic_debug:ddebug_change: changed drivers/video/backlight/backlight.c:333 [backlight]backlight_device_register =pmflt
[    1.043788] dynamic_debug:ddebug_change: changed drivers/video/backlight/backlight.c:177 [backlight]backlight_device_set_brightness =pmflt
[    1.043954] dynamic_debug:ddebug_change: changed drivers/video/backlight/backlight.c:146 [backlight]bl_power_store =pmflt
[    1.044118] dynamic_debug:ddebug_change: changed drivers/video/fbdev/core/fbmon.c:1082 [fb]fb_edid_add_monspecs =pmflt
[    1.044281] dynamic_debug:ddebug_change: changed drivers/video/fbdev/core/fbmon.c:1070 [fb]fb_edid_add_monspecs =pmflt
[    1.044444] dynamic_debug:ddebug_change: changed drivers/video/fbdev/core/fbmon.c:1033 [fb]fb_edid_add_monspecs =pmflt
[    1.044609] dynamic_debug:ddebug_change: changed drivers/video/fbdev/core/fbmon.c:1027 [fb]fb_edid_add_monspecs =pmflt
[    1.044973] dynamic_debug:vpr_info_dq: applied: func="" file="drivers/video/*" module="" format="" lineno=0-0
[    1.045179] dynamic_debug:ddebug_exec_queries: query 2: "file drivers/input/* -pflmt "
[    1.045336] dynamic_debug:ddebug_tokenize: split into words: "file" "drivers/input/*" "-pflmt"
[    1.045565] dynamic_debug:ddebug_parse_flags: op='-'
[    1.045686] dynamic_debug:ddebug_parse_flags: flags=0x1f
[    1.045805] dynamic_debug:ddebug_parse_flags: *flagsp=0x0 *maskp=0xffffffe0
[    1.045925] dynamic_debug:vpr_info_dq: parsed: func="" file="drivers/input/*" module="" format="" lineno=0-0
[    1.046289] dynamic_debug:vpr_info_dq: applied: func="" file="drivers/input/*" module="" format="" lineno=0-0
[    1.046500] dynamic_debug:ddebug_exec_queries: query 3: "file drivers/acpi/* -pflmt"
[    1.046660] dynamic_debug:ddebug_tokenize: split into words: "file" "drivers/acpi/*" "-pflmt"
[    1.046891] dynamic_debug:ddebug_parse_flags: op='-'
[    1.047011] dynamic_debug:ddebug_parse_flags: flags=0x1f
[    1.047130] dynamic_debug:ddebug_parse_flags: *flagsp=0x0 *maskp=0xffffffe0
[    1.047249] dynamic_debug:vpr_info_dq: parsed: func="" file="drivers/acpi/*" module="" format="" lineno=0-0
[    1.047435] dynamic_debug:ddebug_change: changed drivers/acpi/tables.c:211 [tables]acpi_table_print_madt_entry =_
[    1.047598] dynamic_debug:ddebug_change: changed drivers/acpi/tables.c:200 [tables]acpi_table_print_madt_entry =_
[    1.047767] dynamic_debug:ddebug_change: changed drivers/acpi/tables.c:177 [tables]acpi_table_print_madt_entry =_
[    1.047935] dynamic_debug:ddebug_change: changed drivers/acpi/tables.c:167 [tables]acpi_table_print_madt_entry =_
[    1.048106] dynamic_debug:ddebug_change: changed drivers/acpi/tables.c:92 [tables]acpi_table_print_madt_entry =_
[    1.048278] dynamic_debug:ddebug_change: changed drivers/acpi/tables.c:83 [tables]acpi_table_print_madt_entry =_
[    1.048444] dynamic_debug:ddebug_change: changed drivers/acpi/tables.c:73 [tables]acpi_table_print_madt_entry =_
[    1.048608] dynamic_debug:ddebug_change: changed drivers/acpi/osl.c:1644 [acpi]acpi_os_initialize =_
[    1.048772] dynamic_debug:ddebug_change: changed drivers/acpi/device_pm.c:734 [acpi]acpi_pm_device_run_wake =_
[    1.048936] dynamic_debug:ddebug_change: changed drivers/acpi/device_pm.c:633 [acpi]acpi_pm_device_sleep_state =_
[    1.049098] dynamic_debug:ddebug_change: changed drivers/acpi/bus.c:190 [acpi]acpi_print_osc_error =_
[    1.049260] dynamic_debug:ddebug_change: changed drivers/acpi/bus.c:188 [acpi]acpi_print_osc_error =_
[    1.049422] dynamic_debug:ddebug_change: changed drivers/acpi/bus.c:186 [acpi]acpi_print_osc_error =_
[    1.049595] dynamic_debug:ddebug_change: changed drivers/acpi/scan.c:1640 [acpi]acpi_device_dep_initialize =_
[    1.049769] dynamic_debug:ddebug_change: changed drivers/acpi/scan.c:1630 [acpi]acpi_device_dep_initialize =_
[    1.049937] dynamic_debug:ddebug_change: changed drivers/acpi/resource.c:230 [acpi]acpi_decode_space =_
[    1.050100] dynamic_debug:ddebug_change: changed drivers/acpi/resource.c:217 [acpi]acpi_decode_space =_
[    1.050262] dynamic_debug:ddebug_change: changed drivers/acpi/resource.c:61 [acpi]acpi_dev_resource_len_valid =_
[    1.050425] dynamic_debug:ddebug_change: changed drivers/acpi/ec.c:1557 [acpi]ec_correct_ecdt =_
[    1.050588] dynamic_debug:ddebug_change: changed drivers/acpi/ec.c:1544 [acpi]ec_clear_on_resume =_
[    1.050752] dynamic_debug:ddebug_change: changed drivers/acpi/ec.c:1165 [acpi]acpi_ec_event_handler =_
[    1.050915] dynamic_debug:ddebug_change: changed drivers/acpi/ec.c:1143 [acpi]acpi_ec_event_handler =_
[    1.051087] dynamic_debug:ddebug_change: changed drivers/acpi/ec.c:1108 [acpi]acpi_ec_query =_
[    1.051258] dynamic_debug:ddebug_change: changed drivers/acpi/ec.c:1106 [acpi]acpi_ec_query =_
[    1.051424] dynamic_debug:ddebug_change: changed drivers/acpi/ec.c:1066 [acpi]acpi_ec_event_processor =_
[    1.051586] dynamic_debug:ddebug_change: changed drivers/acpi/ec.c:1061 [acpi]acpi_ec_event_processor =_
[    1.051751] dynamic_debug:ddebug_change: changed drivers/acpi/ec.c:898 [acpi]acpi_ec_stop =_
[    1.051913] dynamic_debug:ddebug_change: changed drivers/acpi/ec.c:890 [acpi]acpi_ec_stop =_
[    1.052075] dynamic_debug:ddebug_change: changed drivers/acpi/ec.c:866 [acpi]acpi_ec_start =_
[    1.052237] dynamic_debug:ddebug_change: changed drivers/acpi/ec.c:862 [acpi]acpi_ec_start =_
[    1.054302] dynamic_debug:ddebug_change: changed drivers/acpi/ec.c:703 [acpi]acpi_ec_transaction_unlocked =_
[    1.054461] dynamic_debug:ddebug_change: changed drivers/acpi/ec.c:699 [acpi]acpi_ec_transaction_unlocked =_
[    1.054632] dynamic_debug:ddebug_change: changed drivers/acpi/ec.c:690 [acpi]acpi_ec_transaction_unlocked =_
[    1.054804] dynamic_debug:ddebug_change: changed drivers/acpi/ec.c:687 [acpi]acpi_ec_transaction_unlocked =_
[    1.054967] dynamic_debug:ddebug_change: changed drivers/acpi/ec.c:666 [acpi]ec_poll =_
[    1.055125] dynamic_debug:ddebug_change: changed drivers/acpi/ec.c:561 [acpi]advance_transaction =_
[    1.055285] dynamic_debug:ddebug_change: changed drivers/acpi/ec.c:525 [acpi]advance_transaction =_
[    1.055446] dynamic_debug:ddebug_change: changed drivers/acpi/ec.c:445 [acpi]acpi_ec_complete_query =_
[    1.055606] dynamic_debug:ddebug_change: changed drivers/acpi/ec.c:434 [acpi]acpi_ec_submit_query =_
[    1.055768] dynamic_debug:ddebug_change: changed drivers/acpi/ec.c:407 [acpi]acpi_ec_clear_storm =_
[    1.055928] dynamic_debug:ddebug_change: changed drivers/acpi/ec.c:397 [acpi]acpi_ec_set_storm =_
[    1.056101] dynamic_debug:ddebug_change: changed drivers/acpi/ec.c:336 [acpi]acpi_ec_enable_gpe =_
[    1.056263] dynamic_debug:ddebug_change: changed drivers/acpi/ec.c:284 [acpi]acpi_ec_write_data =_
[    1.056428] dynamic_debug:ddebug_change: changed drivers/acpi/ec.c:277 [acpi]acpi_ec_write_cmd =_
[    1.056590] dynamic_debug:ddebug_change: changed drivers/acpi/ec.c:271 [acpi]acpi_ec_read_data =_
[    1.056767] dynamic_debug:ddebug_change: changed drivers/acpi/ec.c:262 [acpi]acpi_ec_read_status =_
[    1.056932] dynamic_debug:ddebug_change: changed drivers/acpi/pci_root.c:770 [acpi]acpi_pci_probe_root_resources =_
[    1.057093] dynamic_debug:ddebug_change: changed drivers/acpi/pci_root.c:339 [acpi]acpi_get_pci_dev =_
[    1.057251] dynamic_debug:ddebug_change: changed drivers/acpi/pci_irq.c:526 [acpi]acpi_pci_irq_disable =_
[    1.057410] dynamic_debug:ddebug_change: changed drivers/acpi/pci_irq.c:486 [acpi]acpi_pci_irq_enable =_
[    1.057569] dynamic_debug:ddebug_change: changed drivers/acpi/acpi_platform.c:103 [acpi]acpi_create_platform_device =_
[    1.057733] dynamic_debug:ddebug_change: changed drivers/acpi/numa.c:181 [acpi]acpi_table_print_srat_entry =_
[    1.057893] dynamic_debug:ddebug_change: changed drivers/acpi/numa.c:169 [acpi]acpi_table_print_srat_entry =_
[    1.058054] dynamic_debug:ddebug_change: changed drivers/acpi/numa.c:157 [acpi]acpi_table_print_srat_entry =_
[    1.058219] dynamic_debug:ddebug_change: changed drivers/acpi/numa.c:140 [acpi]acpi_table_print_srat_entry =_
[    1.058382] dynamic_debug:ddebug_change: changed drivers/acpi/fan.c:359 [fan]acpi_fan_probe =_
[    1.058544] dynamic_debug:ddebug_change: changed drivers/acpi/fan.c:195 [fan]fan_set_state_acpi4 =_
[    1.058717] dynamic_debug:ddebug_change: changed drivers/acpi/fan.c:136 [fan]fan_get_state_acpi4 =_
[    1.058888] dynamic_debug:ddebug_change: changed drivers/acpi/acpi_video.c:1759 [video]acpi_video_should_register_backlight =_
[    1.059057] dynamic_debug:ddebug_change: changed drivers/acpi/pci_slot.c:136 [pci_slot]register_slot =_
[    1.059219] dynamic_debug:ddebug_change: changed drivers/acpi/pci_slot.c:81 [pci_slot]check_slot =_
[    1.059381] dynamic_debug:ddebug_change: changed drivers/acpi/pci_slot.c:73 [pci_slot]check_slot =_
[    1.059543] dynamic_debug:ddebug_change: changed drivers/acpi/pci_slot.c:61 [pci_slot]check_slot =_
[    1.059708] dynamic_debug:ddebug_change: changed drivers/acpi/processor_driver.c:184 [processor]acpi_pss_perf_init =_
[    1.059872] dynamic_debug:ddebug_change: changed drivers/acpi/processor_idle.c:1443 [processor]acpi_processor_power_init =_
[    1.060036] dynamic_debug:ddebug_change: changed drivers/acpi/processor_idle.c:1039 [processor]acpi_processor_evaluate_lpi =_
[    1.060208] dynamic_debug:ddebug_change: changed drivers/acpi/processor_idle.c:1034 [processor]acpi_processor_evaluate_lpi =_
[    1.060380] dynamic_debug:ddebug_change: changed drivers/acpi/processor_idle.c:981 [processor]acpi_processor_evaluate_lpi =_
[    1.060549] dynamic_debug:ddebug_change: changed drivers/acpi/processor_idle.c:972 [processor]acpi_processor_evaluate_lpi =_
[    1.060715] dynamic_debug:ddebug_change: changed drivers/acpi/processor_perflib.c:138 [processor]acpi_processor_get_platform_limit =_
[    1.061039] dynamic_debug:vpr_info_dq: applied: func="" file="drivers/acpi/*" module="" format="" lineno=0-0
[    1.061249] dynamic_debug:ddebug_exec_queries: processed 4 queries, with 132 matches, 0 errs
[    1.061413] dynamic_debug:ddebug_dyndbg_boot_param_cb: acpi_backlight="vendor"
[    1.061575] dynamic_debug:ddebug_dyndbg_boot_param_cb: radeon.audio="0"
[    1.061696] dynamic_debug:ddebug_dyndbg_boot_param_cb: radeon.lockup_timeout="999000"
[    1.061853] dynamic_debug:ddebug_dyndbg_boot_param_cb: radeon.test="0"
[    1.061972] dynamic_debug:ddebug_dyndbg_boot_param_cb: radeon.agpmode="-1"
[    1.062091] dynamic_debug:ddebug_dyndbg_boot_param_cb: radeon.benchmark="0"
[    1.062210] dynamic_debug:ddebug_dyndbg_boot_param_cb: radeon.tv="0"
[    1.062329] dynamic_debug:ddebug_dyndbg_boot_param_cb: radeon.hard_reset="1"
[    1.062448] dynamic_debug:ddebug_dyndbg_boot_param_cb: radeon.msi="1"
[    1.062567] dynamic_debug:ddebug_dyndbg_boot_param_cb: radeon.pcie_gen2="-1"
[    1.062690] dynamic_debug:ddebug_dyndbg_boot_param_cb: radeon.no_wb="1"
[    1.062813] dynamic_debug:ddebug_dyndbg_boot_param_cb: radeon.dynclks="0"
[    1.062932] dynamic_debug:ddebug_dyndbg_boot_param_cb: radeon.r4xx_atom="0"
[    1.063057] dynamic_debug:ddebug_dyndbg_boot_param_cb: radeonfb="(null)"
[    1.063180] dynamic_debug:ddebug_dyndbg_boot_param_cb: radeon.fastfb="1"
[    1.063303] dynamic_debug:ddebug_dyndbg_boot_param_cb: radeon.dpm="1"
[    1.063424] dynamic_debug:ddebug_dyndbg_boot_param_cb: radeon.runpm="1"
[    1.063543] dynamic_debug:ddebug_dyndbg_boot_param_cb: rd.debug="(null)"
[    1.063662] dynamic_debug:ddebug_dyndbg_boot_param_cb: rd.udev.debug="(null)"
[    1.063783] dynamic_debug:ddebug_dyndbg_boot_param_cb: rd.memdebug="3"
[    1.063902] dynamic_debug:ddebug_dyndbg_boot_param_cb: net.ifnames="1"
[    1.064021] dynamic_debug:ddebug_dyndbg_boot_param_cb: slub_debug="U"
[    1.064140] dynamic_debug:ddebug_dyndbg_boot_param_cb: pax_sanitize_slab="full"
[    1.064297] dynamic_debug:ddebug_dyndbg_boot_param_cb: noefi="(null)"
[    1.064416] dynamic_debug:ddebug_dyndbg_boot_param_cb: nolvm="(null)"
[    1.064537] dynamic_debug:ddebug_dyndbg_boot_param_cb: dobtrfs="(null)"
[    1.064660] dynamic_debug:ddebug_dyndbg_boot_param_cb: console="tty1"
[    1.064786] dynamic_debug:ddebug_dyndbg_boot_param_cb: earlyprintk="vga"
[    1.064908] dynamic_debug:ddebug_dyndbg_boot_param_cb: CPUunderclocking="(null)"
[    1.065065] dynamic_debug:ddebug_dyndbg_boot_param_cb: radeon.modeset="1"
[    1.065184] dynamic_debug:ddebug_dyndbg_boot_param_cb: audit="0"
[    1.065303] dynamic_debug:ddebug_dyndbg_boot_param_cb: systemd.log_target="kmsg"
[    1.065460] dynamic_debug:ddebug_dyndbg_boot_param_cb: enforcing="0"
[    1.065578] dynamic_debug:ddebug_dyndbg_boot_param_cb: pcie_aspm="off"
[    1.065700] dynamic_debug:ddebug_dyndbg_boot_param_cb: radeon.aspm="0"
[    1.065819] dynamic_debug:ddebug_dyndbg_boot_param_cb: udev.children-max="1256"
[    1.065975] dynamic_debug:ddebug_dyndbg_boot_param_cb: rd.udev.children-max="1256"
[    1.066208] MCE: In-kernel MCE decoding enabled.
[    1.067074] NMI watchdog: enabled on all CPUs, permanently consumes one hw-PMU counter.
[    1.067692] started {early_reset_EHCIs kernel/smp.c:1294}
[    1.067868] early_pci_allowed {early_reset_EHCIs kernel/smp.c:1300}
[    1.068141] Found EHCI on 00:12.2 {kline kernel/smp.c:1220}
[    1.068261] bar_val: f014a900 {kline kernel/smp.c:1223}
[    1.068382] ehci_bar: ffffffffff7fe900 {kline kernel/smp.c:1245}
[    1.068504] n_ports:    5 {kline kernel/smp.c:1252}
[    1.068624] FLAG_CF was already set which likely means BIOS USB Legacy is Disabled. {ehci_status kernel/smp.c:1036}
[    1.068786]   ehci cmd     : 00080B00 {ehci_status kernel/smp.c:1038}
[    1.068906]   ehci conf flg: 00000001 {ehci_status kernel/smp.c:1039}
[    1.069026]   ehci status  : 0000100C {ehci_status kernel/smp.c:1040}
[    1.069146] port 1 status 00001000 {ehci_status kernel/smp.c:1043}
[    1.069266] port 2 status 00001000 {ehci_status kernel/smp.c:1043}
[    1.069386] port 3 status 00001000 {ehci_status kernel/smp.c:1043}
[    1.069508] port 4 status 00001000 {ehci_status kernel/smp.c:1043}
[    1.069632] port 5 status 00001000 {ehci_status kernel/smp.c:1043}
[    1.069758] ended {kline kernel/smp.c:1285}
[    1.069888] Found EHCI on 00:13.2 {kline kernel/smp.c:1220}
[    1.070009] bar_val: f014a800 {kline kernel/smp.c:1223}
[    1.070129] ehci_bar: ffffffffff7fe800 {kline kernel/smp.c:1245}
[    1.070250] n_ports:    5 {kline kernel/smp.c:1252}
[    1.070369] FLAG_CF was already set which likely means BIOS USB Legacy is Disabled. {ehci_status kernel/smp.c:1036}
[    1.070529]   ehci cmd     : 00080B00 {ehci_status kernel/smp.c:1038}
[    1.070650]   ehci conf flg: 00000001 {ehci_status kernel/smp.c:1039}
[    1.070774]   ehci status  : 0000100C {ehci_status kernel/smp.c:1040}
[    1.070894] port 1 status 00001803 {ehci_status kernel/smp.c:1043}
[    1.071013] port 2 status 00001000 {ehci_status kernel/smp.c:1043}
[    1.071134] port 3 status 00001803 {ehci_status kernel/smp.c:1043}
[    1.071204] port 4 status 00001000 {ehci_status kernel/smp.c:1043}
[    1.071324] port 5 status 00001000 {ehci_status kernel/smp.c:1043}
[    1.071444] ended {kline kernel/smp.c:1285}
[    1.141782] ended, failed 0 times {early_reset_EHCIs kernel/smp.c:1313}
[    1.141901] All EHCI controllers were reset. {smp_init kernel/smp.c:1333}
[    1.145697] smpboot: ++++++++++++++++++++=_---CPU UP  1
[    1.145884] x86: Booting SMP configuration:
[    1.146010] .... node  #0, CPUs:      #1
[    1.146113] smpboot: Setting warm reset code and vector.
[    1.146361] smpboot: 1.
[    1.146484] smpboot: 2.
[    1.146609] smpboot: 3.
[    1.146736] smpboot: Asserting INIT
[    1.146861] smpboot: Waiting for send to finish...
[    1.146987] smpboot: Deasserting INIT
[    1.147112] smpboot: Waiting for send to finish...
[    1.147238] smpboot: #startup loops: 2
[    1.147363] smpboot: Sending STARTUP #1
[    1.147489] smpboot: After apic_write
[    1.147624] smpboot: Startup point 1
[    1.149793] smpboot: Waiting for send to finish...
[    1.149929] smpboot: Sending STARTUP #2
[    1.150054] smpboot: After apic_write
[    1.150188] smpboot: Startup point 1
[    1.150313] smpboot: Waiting for send to finish...
[    1.150451] smpboot: After Startup
[    1.055293] masked ExtINT on CPU#1
[    1.055310] [Firmware Info]: CPU: 'AMD A6-3400M APU with Radeon(tm) HD Graphics' has AMD errata 665 Integer Divide Instruction May Cause Unpredictable Behavior.'
[    1.055312] [Firmware Info]: CPU: Double-checked CPU type. 'AMD A6-3400M APU with Radeon(tm) HD Graphics'
[    1.055313] [Firmware Info]: CPU: Setting workaround for 665...(set 'no665wo' in /proc/cmdline to disable)
[    1.114346] smpboot: Stack at about ffff9eec4bb33f30
[    1.211728] TSC synchronization [CPU#0 -> CPU#1]:
[    1.212712] Measured 133199691 cycles TSC warp between CPUs, turning off TSC clock.
[    1.212891] tsc: Marking TSC unstable due to check_tsc_sync_source failed
[    1.216696] smpboot: ++++++++++++++++++++=_---CPU UP  2
[    1.216894]  #2
[    1.216930] smpboot: Setting warm reset code and vector.
[    1.217179] smpboot: 1.
[    1.217304] smpboot: 2.
[    1.217428] smpboot: 3.
[    1.217553] smpboot: Asserting INIT
[    1.217683] smpboot: Waiting for send to finish...
[    1.217810] smpboot: Deasserting INIT
[    1.217934] smpboot: Waiting for send to finish...
[    1.218060] smpboot: #startup loops: 2
[    1.218185] smpboot: Sending STARTUP #1
[    1.218310] smpboot: After apic_write
[    1.218445] smpboot: Startup point 1
[    1.218566] smpboot: Waiting for send to finish...
[    1.218704] smpboot: Sending STARTUP #2
[    1.218829] smpboot: After apic_write
[    1.218964] smpboot: Startup point 1
[    1.219089] smpboot: Waiting for send to finish...
[    1.219224] smpboot: After Startup
[    1.089825] masked ExtINT on CPU#2
[    1.089839] [Firmware Info]: CPU: 'AMD A6-3400M APU with Radeon(tm) HD Graphics' has AMD errata 665 Integer Divide Instruction May Cause Unpredictable Behavior.'
[    1.089840] [Firmware Info]: CPU: Double-checked CPU type. 'AMD A6-3400M APU with Radeon(tm) HD Graphics'
[    1.089841] [Firmware Info]: CPU: Setting workaround for 665...(set 'no665wo' in /proc/cmdline to disable)
[    1.149114] smpboot: Stack at about ffff9eec4bb37f30
[    1.170057] smpboot: ++++++++++++++++++++=_---CPU UP  3
[    1.171008]  #3
[    1.171044] smpboot: Setting warm reset code and vector.
[    1.171292] smpboot: 1.
[    1.171417] smpboot: 2.
[    1.171539] smpboot: 3.
[    1.171609] smpboot: Asserting INIT
[    1.171729] smpboot: Waiting for send to finish...
[    1.171850] smpboot: Deasserting INIT
[    1.172002] smpboot: Waiting for send to finish...
[    1.172124] smpboot: #startup loops: 2
[    1.172245] smpboot: Sending STARTUP #1
[    1.172366] smpboot: After apic_write
[    1.172496] smpboot: Startup point 1
[    1.172603] smpboot: Waiting for send to finish...
[    1.172732] smpboot: Sending STARTUP #2
[    1.172851] smpboot: After apic_write
[    1.173012] smpboot: Startup point 1
[    1.173132] smpboot: Waiting for send to finish...
[    1.173264] smpboot: After Startup
[    0.002000] masked ExtINT on CPU#3
[    0.002000] [Firmware Info]: CPU: 'AMD A6-3400M APU with Radeon(tm) HD Graphics' has AMD errata 665 Integer Divide Instruction May Cause Unpredictable Behavior.'
[    0.002000] [Firmware Info]: CPU: Double-checked CPU type. 'AMD A6-3400M APU with Radeon(tm) HD Graphics'
[    0.002000] [Firmware Info]: CPU: Setting workaround for 665...(set 'no665wo' in /proc/cmdline to disable)
[    0.002000] smpboot: Stack at about ffff9eec4bb43f30
[    1.233149] x86: Booted up 1 node, 4 CPUs
[    1.234131] CPUunderclocking: activating(?)=1 {apply_underclocking_if_needed kernel/smp.c:946}
[    1.234302] CPUunderclocking: activating... {apply_underclocking_if_needed kernel/smp.c:948}
[    1.234475] CPUunderclocking:   !! Rdmsr(1of2): core:0 idx:c0010064 ... {Rdmsr kernel/smp.c:696}
[    1.234650] CPUunderclocking:     !! Rdmsr(2of2): core:0 idx:c0010064 done. (resultx==8000017d000025e2 hi:8000017d lo:000025e2) {Rdmsr kernel/smp.c:712}
[    1.234819] CPUunderclocking:   !! Rdmsr(1of2): core:1 idx:c0010064 ... {Rdmsr kernel/smp.c:696}
[    1.235008] CPUunderclocking:     !! Rdmsr(2of2): core:1 idx:c0010064 done. (resultx==8000017d000025e2 hi:8000017d lo:000025e2) {Rdmsr kernel/smp.c:712}
[    1.235178] CPUunderclocking:   !! Rdmsr(1of2): core:2 idx:c0010064 ... {Rdmsr kernel/smp.c:696}
[    1.235340] CPUunderclocking:     !! Rdmsr(2of2): core:2 idx:c0010064 done. (resultx==8000017d000025e2 hi:8000017d lo:000025e2) {Rdmsr kernel/smp.c:712}
[    1.235502] CPUunderclocking:   !! Rdmsr(1of2): core:3 idx:c0010064 ... {Rdmsr kernel/smp.c:696}
[    1.235665] CPUunderclocking:     !! Rdmsr(2of2): core:3 idx:c0010064 done. (resultx==8000017d000025e2 hi:8000017d lo:000025e2) {Rdmsr kernel/smp.c:712}
[    1.235835] CPUunderclocking: !! Write(1of3) PState0 read : fid:30 did:2 vid:18 Multi:N/A {WritePState kernel/smp.c:854}
[    1.236003] CPUunderclocking: !! Write(2of3) PState0 write:6 did:0 vid:37 (multi:22) ... {WritePState kernel/smp.c:882}
[    1.236170] CPUunderclocking:   !! Wrmsr(before write): core:0/64 idx:c0010064 valx:8000017d00004a60 ...  {Wrmsr kernel/smp.c:637}
[    1.236334] CPUunderclocking:     !! Wrmsr(after write): done. {Wrmsr kernel/smp.c:676}
[    1.236492] CPUunderclocking:   !! Wrmsr(before write): core:1/64 idx:c0010064 valx:8000017d00004a60 ...  {Wrmsr kernel/smp.c:637}
[    1.236658] CPUunderclocking:     !! Wrmsr(after write): done. {Wrmsr kernel/smp.c:676}
[    1.236822] CPUunderclocking:   !! Wrmsr(before write): core:2/64 idx:c0010064 valx:8000017d00004a60 ...  {Wrmsr kernel/smp.c:637}
[    1.237005] CPUunderclocking:     !! Wrmsr(after write): done. {Wrmsr kernel/smp.c:676}
[    1.237170] CPUunderclocking:   !! Wrmsr(before write): core:3/64 idx:c0010064 valx:8000017d00004a60 ...  {Wrmsr kernel/smp.c:637}
[    1.237335] CPUunderclocking:     !! Wrmsr(after write): done. {Wrmsr kernel/smp.c:676}
[    1.237494] CPUunderclocking: !! Write(3of3) PState0 done. status:0 (0=success) {WritePState kernel/smp.c:884}
[    1.237654] CPUunderclocking:   !! Rdmsr(1of2): core:0 idx:c0010065 ... {Rdmsr kernel/smp.c:696}
[    1.237820] CPUunderclocking:     !! Rdmsr(2of2): core:0 idx:c0010065 done. (resultx==8000014000004fa3 hi:80000140 lo:00004fa3) {Rdmsr kernel/smp.c:712}
[    1.237989] CPUunderclocking:   !! Rdmsr(1of2): core:1 idx:c0010065 ... {Rdmsr kernel/smp.c:696}
[    1.238005] CPUunderclocking:     !! Rdmsr(2of2): core:1 idx:c0010065 done. (resultx==8000014000004fa3 hi:80000140 lo:00004fa3) {Rdmsr kernel/smp.c:712}
[    1.238167] CPUunderclocking:   !! Rdmsr(1of2): core:2 idx:c0010065 ... {Rdmsr kernel/smp.c:696}
[    1.238330] CPUunderclocking:     !! Rdmsr(2of2): core:2 idx:c0010065 done. (resultx==8000014000004fa3 hi:80000140 lo:00004fa3) {Rdmsr kernel/smp.c:712}
[    1.238494] CPUunderclocking:   !! Rdmsr(1of2): core:3 idx:c0010065 ... {Rdmsr kernel/smp.c:696}
[    1.238663] CPUunderclocking:     !! Rdmsr(2of2): core:3 idx:c0010065 done. (resultx==8000014000004fa3 hi:80000140 lo:00004fa3) {Rdmsr kernel/smp.c:712}
[    1.238833] CPUunderclocking: !! Write(1of3) PState1 read : fid:26 did:3 vid:39 Multi:N/A {WritePState kernel/smp.c:854}
[    1.239001] CPUunderclocking: !! Write(2of3) PState1 write:4 did:0 vid:42 (multi:20) ... {WritePState kernel/smp.c:882}
[    1.239162] CPUunderclocking:   !! Wrmsr(before write): core:0/64 idx:c0010065 valx:8000014000005440 ...  {Wrmsr kernel/smp.c:637}
[    1.239323] CPUunderclocking:     !! Wrmsr(after write): done. {Wrmsr kernel/smp.c:676}
[    1.239483] CPUunderclocking:   !! Wrmsr(before write): core:1/64 idx:c0010065 valx:8000014000005440 ...  {Wrmsr kernel/smp.c:637}
[    1.239649] CPUunderclocking:     !! Wrmsr(after write): done. {Wrmsr kernel/smp.c:676}
[    1.239808] CPUunderclocking:   !! Wrmsr(before write): core:2/64 idx:c0010065 valx:8000014000005440 ...  {Wrmsr kernel/smp.c:637}
[    1.240005] CPUunderclocking:     !! Wrmsr(after write): done. {Wrmsr kernel/smp.c:676}
[    1.240165] CPUunderclocking:   !! Wrmsr(before write): core:3/64 idx:c0010065 valx:8000014000005440 ...  {Wrmsr kernel/smp.c:637}
[    1.240332] CPUunderclocking:     !! Wrmsr(after write): done. {Wrmsr kernel/smp.c:676}
[    1.240490] CPUunderclocking: !! Write(3of3) PState1 done. status:0 (0=success) {WritePState kernel/smp.c:884}
[    1.240651] CPUunderclocking:   !! Rdmsr(1of2): core:0 idx:c0010066 ... {Rdmsr kernel/smp.c:696}
[    1.240812] CPUunderclocking:     !! Rdmsr(2of2): core:0 idx:c0010066 done. (resultx==8000013700005573 hi:80000137 lo:00005573) {Rdmsr kernel/smp.c:712}
[    1.241001] CPUunderclocking:   !! Rdmsr(1of2): core:1 idx:c0010066 ... {Rdmsr kernel/smp.c:696}
[    1.241165] CPUunderclocking:     !! Rdmsr(2of2): core:1 idx:c0010066 done. (resultx==8000013700005573 hi:80000137 lo:00005573) {Rdmsr kernel/smp.c:712}
[    1.241328] CPUunderclocking:   !! Rdmsr(1of2): core:2 idx:c0010066 ... {Rdmsr kernel/smp.c:696}
[    1.241491] CPUunderclocking:     !! Rdmsr(2of2): core:2 idx:c0010066 done. (resultx==8000013700005573 hi:80000137 lo:00005573) {Rdmsr kernel/smp.c:712}
[    1.241657] CPUunderclocking:   !! Rdmsr(1of2): core:3 idx:c0010066 ... {Rdmsr kernel/smp.c:696}
[    1.241820] CPUunderclocking:     !! Rdmsr(2of2): core:3 idx:c0010066 done. (resultx==8000013700005573 hi:80000137 lo:00005573) {Rdmsr kernel/smp.c:712}
[    1.242002] CPUunderclocking: !! Write(1of3) PState2 read : fid:23 did:3 vid:42 Multi:N/A {WritePState kernel/smp.c:854}
[    1.242160] CPUunderclocking: !! Write(2of3) PState2 write:2 did:0 vid:47 (multi:18) ... {WritePState kernel/smp.c:882}
[    1.242321] CPUunderclocking:   !! Wrmsr(before write): core:0/64 idx:c0010066 valx:8000013700005e20 ...  {Wrmsr kernel/smp.c:637}
[    1.243002] CPUunderclocking:     !! Wrmsr(after write): done. {Wrmsr kernel/smp.c:676}
[    1.243159] CPUunderclocking:   !! Wrmsr(before write): core:1/64 idx:c0010066 valx:8000013700005e20 ...  {Wrmsr kernel/smp.c:637}
[    1.243321] CPUunderclocking:     !! Wrmsr(after write): done. {Wrmsr kernel/smp.c:676}
[    1.243476] CPUunderclocking:   !! Wrmsr(before write): core:2/64 idx:c0010066 valx:8000013700005e20 ...  {Wrmsr kernel/smp.c:637}
[    1.243638] CPUunderclocking:     !! Wrmsr(after write): done. {Wrmsr kernel/smp.c:676}
[    1.244002] CPUunderclocking:   !! Wrmsr(before write): core:3/64 idx:c0010066 valx:8000013700005e20 ...  {Wrmsr kernel/smp.c:637}
[    1.244164] CPUunderclocking:     !! Wrmsr(after write): done. {Wrmsr kernel/smp.c:676}
[    1.244321] CPUunderclocking: !! Write(3of3) PState2 done. status:0 (0=success) {WritePState kernel/smp.c:884}
[    1.244479] CPUunderclocking:   !! Rdmsr(1of2): core:0 idx:c0010067 ... {Rdmsr kernel/smp.c:696}
[    1.244638] CPUunderclocking:     !! Rdmsr(2of2): core:0 idx:c0010067 done. (resultx==8000013200005b43 hi:80000132 lo:00005b43) {Rdmsr kernel/smp.c:712}
[    1.244798] CPUunderclocking:   !! Rdmsr(1of2): core:1 idx:c0010067 ... {Rdmsr kernel/smp.c:696}
[    1.245005] CPUunderclocking:     !! Rdmsr(2of2): core:1 idx:c0010067 done. (resultx==8000013200005b43 hi:80000132 lo:00005b43) {Rdmsr kernel/smp.c:712}
[    1.245166] CPUunderclocking:   !! Rdmsr(1of2): core:2 idx:c0010067 ... {Rdmsr kernel/smp.c:696}
[    1.245328] CPUunderclocking:     !! Rdmsr(2of2): core:2 idx:c0010067 done. (resultx==8000013200005b43 hi:80000132 lo:00005b43) {Rdmsr kernel/smp.c:712}
[    1.245491] CPUunderclocking:   !! Rdmsr(1of2): core:3 idx:c0010067 ... {Rdmsr kernel/smp.c:696}
[    1.245656] CPUunderclocking:     !! Rdmsr(2of2): core:3 idx:c0010067 done. (resultx==8000013200005b43 hi:80000132 lo:00005b43) {Rdmsr kernel/smp.c:712}
[    1.245818] CPUunderclocking: !! Write(1of3) PState3 read : fid:20 did:3 vid:45 Multi:N/A {WritePState kernel/smp.c:854}
[    1.246001] CPUunderclocking: !! Write(2of3) PState3 write:1 did:0 vid:49 (multi:17) ... {WritePState kernel/smp.c:882}
[    1.246164] CPUunderclocking:   !! Wrmsr(before write): core:0/64 idx:c0010067 valx:8000013200006210 ...  {Wrmsr kernel/smp.c:637}
[    1.246327] CPUunderclocking:     !! Wrmsr(after write): done. {Wrmsr kernel/smp.c:676}
[    1.246486] CPUunderclocking:   !! Wrmsr(before write): core:1/64 idx:c0010067 valx:8000013200006210 ...  {Wrmsr kernel/smp.c:637}
[    1.246652] CPUunderclocking:     !! Wrmsr(after write): done. {Wrmsr kernel/smp.c:676}
[    1.246813] CPUunderclocking:   !! Wrmsr(before write): core:2/64 idx:c0010067 valx:8000013200006210 ...  {Wrmsr kernel/smp.c:637}
[    1.247004] CPUunderclocking:     !! Wrmsr(after write): done. {Wrmsr kernel/smp.c:676}
[    1.247163] CPUunderclocking:   !! Wrmsr(before write): core:3/64 idx:c0010067 valx:8000013200006210 ...  {Wrmsr kernel/smp.c:637}
[    1.247329] CPUunderclocking:     !! Wrmsr(after write): done. {Wrmsr kernel/smp.c:676}
[    1.247489] CPUunderclocking: !! Write(3of3) PState3 done. status:0 (0=success) {WritePState kernel/smp.c:884}
[    1.247649] CPUunderclocking:   !! Rdmsr(1of2): core:0 idx:c0010068 ... {Rdmsr kernel/smp.c:696}
[    1.247810] CPUunderclocking:     !! Rdmsr(2of2): core:0 idx:c0010068 done. (resultx==8000012e00005d13 hi:8000012e lo:00005d13) {Rdmsr kernel/smp.c:712}
[    1.248001] CPUunderclocking:   !! Rdmsr(1of2): core:1 idx:c0010068 ... {Rdmsr kernel/smp.c:696}
[    1.248164] CPUunderclocking:     !! Rdmsr(2of2): core:1 idx:c0010068 done. (resultx==8000012e00005d13 hi:8000012e lo:00005d13) {Rdmsr kernel/smp.c:712}
[    1.248329] CPUunderclocking:   !! Rdmsr(1of2): core:2 idx:c0010068 ... {Rdmsr kernel/smp.c:696}
[    1.248493] CPUunderclocking:     !! Rdmsr(2of2): core:2 idx:c0010068 done. (resultx==8000012e00005d13 hi:8000012e lo:00005d13) {Rdmsr kernel/smp.c:712}
[    1.248656] CPUunderclocking:   !! Rdmsr(1of2): core:3 idx:c0010068 ... {Rdmsr kernel/smp.c:696}
[    1.248820] CPUunderclocking:     !! Rdmsr(2of2): core:3 idx:c0010068 done. (resultx==8000012e00005d13 hi:8000012e lo:00005d13) {Rdmsr kernel/smp.c:712}
[    1.249002] CPUunderclocking: !! Write(1of3) PState4 read : fid:17 did:3 vid:46 Multi:N/A {WritePState kernel/smp.c:854}
[    1.249162] CPUunderclocking: !! Write(2of3) PState4 write:0 did:0 vid:52 (multi:16) ... {WritePState kernel/smp.c:882}
[    1.249322] CPUunderclocking:   !! Wrmsr(before write): core:0/64 idx:c0010068 valx:8000012e00006800 ...  {Wrmsr kernel/smp.c:637}
[    1.249486] CPUunderclocking:     !! Wrmsr(after write): done. {Wrmsr kernel/smp.c:676}
[    1.249645] CPUunderclocking:   !! Wrmsr(before write): core:1/64 idx:c0010068 valx:8000012e00006800 ...  {Wrmsr kernel/smp.c:637}
[    1.249811] CPUunderclocking:     !! Wrmsr(after write): done. {Wrmsr kernel/smp.c:676}
[    1.249971] CPUunderclocking:   !! Wrmsr(before write): core:2/64 idx:c0010068 valx:8000012e00006800 ...  {Wrmsr kernel/smp.c:637}
[    1.250004] CPUunderclocking:     !! Wrmsr(after write): done. {Wrmsr kernel/smp.c:676}
[    1.250163] CPUunderclocking:   !! Wrmsr(before write): core:3/64 idx:c0010068 valx:8000012e00006800 ...  {Wrmsr kernel/smp.c:637}
[    1.250327] CPUunderclocking:     !! Wrmsr(after write): done. {Wrmsr kernel/smp.c:676}
[    1.250486] CPUunderclocking: !! Write(3of3) PState4 done. status:0 (0=success) {WritePState kernel/smp.c:884}
[    1.250647] CPUunderclocking:   !! Rdmsr(1of2): core:0 idx:c0010069 ... {Rdmsr kernel/smp.c:696}
[    1.250808] CPUunderclocking:     !! Rdmsr(2of2): core:0 idx:c0010069 done. (resultx==8000012b00005ee3 hi:8000012b lo:00005ee3) {Rdmsr kernel/smp.c:712}
[    1.251001] CPUunderclocking:   !! Rdmsr(1of2): core:1 idx:c0010069 ... {Rdmsr kernel/smp.c:696}
[    1.251164] CPUunderclocking:     !! Rdmsr(2of2): core:1 idx:c0010069 done. (resultx==8000012b00005ee3 hi:8000012b lo:00005ee3) {Rdmsr kernel/smp.c:712}
[    1.251326] CPUunderclocking:   !! Rdmsr(1of2): core:2 idx:c0010069 ... {Rdmsr kernel/smp.c:696}
[    1.251491] CPUunderclocking:     !! Rdmsr(2of2): core:2 idx:c0010069 done. (resultx==8000012b00005ee3 hi:8000012b lo:00005ee3) {Rdmsr kernel/smp.c:712}
[    1.251655] CPUunderclocking:   !! Rdmsr(1of2): core:3 idx:c0010069 ... {Rdmsr kernel/smp.c:696}
[    1.251818] CPUunderclocking:     !! Rdmsr(2of2): core:3 idx:c0010069 done. (resultx==8000012b00005ee3 hi:8000012b lo:00005ee3) {Rdmsr kernel/smp.c:712}
[    1.252002] CPUunderclocking: !! Write(1of3) PState5 read : fid:14 did:3 vid:47 Multi:N/A {WritePState kernel/smp.c:854}
[    1.252165] CPUunderclocking: !! Write(2of3) PState5 write:5 did:1 vid:55 (multi:14) ... {WritePState kernel/smp.c:882}
[    1.252325] CPUunderclocking:   !! Wrmsr(before write): core:0/64 idx:c0010069 valx:8000012b00006e51 ...  {Wrmsr kernel/smp.c:637}
[    1.252486] CPUunderclocking:     !! Wrmsr(after write): done. {Wrmsr kernel/smp.c:676}
[    1.252646] CPUunderclocking:   !! Wrmsr(before write): core:1/64 idx:c0010069 valx:8000012b00006e51 ...  {Wrmsr kernel/smp.c:637}
[    1.252812] CPUunderclocking:     !! Wrmsr(after write): done. {Wrmsr kernel/smp.c:676}
[    1.253002] CPUunderclocking:   !! Wrmsr(before write): core:2/64 idx:c0010069 valx:8000012b00006e51 ...  {Wrmsr kernel/smp.c:637}
[    1.253169] CPUunderclocking:     !! Wrmsr(after write): done. {Wrmsr kernel/smp.c:676}
[    1.253328] CPUunderclocking:   !! Wrmsr(before write): core:3/64 idx:c0010069 valx:8000012b00006e51 ...  {Wrmsr kernel/smp.c:637}
[    1.253493] CPUunderclocking:     !! Wrmsr(after write): done. {Wrmsr kernel/smp.c:676}
[    1.253651] CPUunderclocking: !! Write(3of3) PState5 done. status:0 (0=success) {WritePState kernel/smp.c:884}
[    1.253812] CPUunderclocking:   !! Rdmsr(1of2): core:0 idx:c001006a ... {Rdmsr kernel/smp.c:696}
[    1.254002] CPUunderclocking:     !! Rdmsr(2of2): core:0 idx:c001006a done. (resultx==80000127000060b3 hi:80000127 lo:000060b3) {Rdmsr kernel/smp.c:712}
[    1.254167] CPUunderclocking:   !! Rdmsr(1of2): core:1 idx:c001006a ... {Rdmsr kernel/smp.c:696}
[    1.254332] CPUunderclocking:     !! Rdmsr(2of2): core:1 idx:c001006a done. (resultx==80000127000060b3 hi:80000127 lo:000060b3) {Rdmsr kernel/smp.c:712}
[    1.254495] CPUunderclocking:   !! Rdmsr(1of2): core:2 idx:c001006a ... {Rdmsr kernel/smp.c:696}
[    1.254658] CPUunderclocking:     !! Rdmsr(2of2): core:2 idx:c001006a done. (resultx==80000127000060b3 hi:80000127 lo:000060b3) {Rdmsr kernel/smp.c:712}
[    1.254822] CPUunderclocking:   !! Rdmsr(1of2): core:3 idx:c001006a ... {Rdmsr kernel/smp.c:696}
[    1.255004] CPUunderclocking:     !! Rdmsr(2of2): core:3 idx:c001006a done. (resultx==80000127000060b3 hi:80000127 lo:000060b3) {Rdmsr kernel/smp.c:712}
[    1.255168] CPUunderclocking: !! Write(1of3) PState6 read : fid:11 did:3 vid:48 Multi:N/A {WritePState kernel/smp.c:854}
[    1.255330] CPUunderclocking: !! Write(2of3) PState6 write:2 did:1 vid:59 (multi:12) ... {WritePState kernel/smp.c:882}
[    1.255492] CPUunderclocking:   !! Wrmsr(before write): core:0/64 idx:c001006a valx:8000012700007621 ...  {Wrmsr kernel/smp.c:637}
[    1.255653] CPUunderclocking:     !! Wrmsr(after write): done. {Wrmsr kernel/smp.c:676}
[    1.255812] CPUunderclocking:   !! Wrmsr(before write): core:1/64 idx:c001006a valx:8000012700007621 ...  {Wrmsr kernel/smp.c:637}
[    1.256004] CPUunderclocking:     !! Wrmsr(after write): done. {Wrmsr kernel/smp.c:676}
[    1.256164] CPUunderclocking:   !! Wrmsr(before write): core:2/64 idx:c001006a valx:8000012700007621 ...  {Wrmsr kernel/smp.c:637}
[    1.256329] CPUunderclocking:     !! Wrmsr(after write): done. {Wrmsr kernel/smp.c:676}
[    1.256488] CPUunderclocking:   !! Wrmsr(before write): core:3/64 idx:c001006a valx:8000012700007621 ...  {Wrmsr kernel/smp.c:637}
[    1.256652] CPUunderclocking:     !! Wrmsr(after write): done. {Wrmsr kernel/smp.c:676}
[    1.256811] CPUunderclocking: !! Write(3of3) PState6 done. status:0 (0=success) {WritePState kernel/smp.c:884}
[    1.256972] CPUunderclocking:   !! Rdmsr(1of2): core:0 idx:c001006b ... {Rdmsr kernel/smp.c:696}
[    1.257002] CPUunderclocking:     !! Rdmsr(2of2): core:0 idx:c001006b done. (resultx==8000012500006504 hi:80000125 lo:00006504) {Rdmsr kernel/smp.c:712}
[    1.257166] CPUunderclocking:   !! Rdmsr(1of2): core:1 idx:c001006b ... {Rdmsr kernel/smp.c:696}
[    1.257329] CPUunderclocking:     !! Rdmsr(2of2): core:1 idx:c001006b done. (resultx==8000012500006504 hi:80000125 lo:00006504) {Rdmsr kernel/smp.c:712}
[    1.257494] CPUunderclocking:   !! Rdmsr(1of2): core:2 idx:c001006b ... {Rdmsr kernel/smp.c:696}
[    1.257655] CPUunderclocking:     !! Rdmsr(2of2): core:2 idx:c001006b done. (resultx==8000012500006504 hi:80000125 lo:00006504) {Rdmsr kernel/smp.c:712}
[    1.258001] CPUunderclocking:   !! Rdmsr(1of2): core:3 idx:c001006b ... {Rdmsr kernel/smp.c:696}
[    1.258161] CPUunderclocking:     !! Rdmsr(2of2): core:3 idx:c001006b done. (resultx==8000012500006504 hi:80000125 lo:00006504) {Rdmsr kernel/smp.c:712}
[    1.259001] CPUunderclocking: !! Write(1of3) PState7 read : fid:16 did:4 vid:50 Multi:N/A {WritePState kernel/smp.c:854}
[    1.259162] CPUunderclocking: !! Write(2of3) PState7 write:0 did:2 vid:67 (multi:8) ... {WritePState kernel/smp.c:882}
[    1.259321] CPUunderclocking:   !! Wrmsr(before write): core:0/64 idx:c001006b valx:8000012500008602 ...  {Wrmsr kernel/smp.c:637}
[    1.259480] CPUunderclocking:     !! Wrmsr(after write): done. {Wrmsr kernel/smp.c:676}
[    1.259636] CPUunderclocking:   !! Wrmsr(before write): core:1/64 idx:c001006b valx:8000012500008602 ...  {Wrmsr kernel/smp.c:637}
[    1.259798] CPUunderclocking:     !! Wrmsr(after write): done. {Wrmsr kernel/smp.c:676}
[    1.259955] CPUunderclocking:   !! Wrmsr(before write): core:2/64 idx:c001006b valx:8000012500008602 ...  {Wrmsr kernel/smp.c:637}
[    1.260163] CPUunderclocking:     !! Wrmsr(after write): done. {Wrmsr kernel/smp.c:676}
[    1.260319] CPUunderclocking:   !! Wrmsr(before write): core:3/64 idx:c001006b valx:8000012500008602 ...  {Wrmsr kernel/smp.c:637}
[    1.260481] CPUunderclocking:     !! Wrmsr(after write): done. {Wrmsr kernel/smp.c:676}
[    1.260638] CPUunderclocking: !! Write(3of3) PState7 done. status:0 (0=success) {WritePState kernel/smp.c:884}
[    1.260796] CPUunderclocking: Switching to another p-state temporarily so to ensure that the current one uses newly applied values {apply_underclocking_if_needed kernel/smp.c:954}
[    1.260995] CPUunderclocking:   !! Rdmsr(1of2): core:0 idx:c0010071 ... {Rdmsr kernel/smp.c:696}
[    1.261003] CPUunderclocking:     !! Rdmsr(2of2): core:0 idx:c0010071 done. (resultx==003160975a014e40 hi:00316097 lo:5a014e40) {Rdmsr kernel/smp.c:712}
[    1.261166] CPUunderclocking:   !! Rdmsr(1of2): core:1 idx:c0010071 ... {Rdmsr kernel/smp.c:696}
[    1.261331] CPUunderclocking:     !! Rdmsr(2of2): core:1 idx:c0010071 done. (resultx==003160975a014fa3 hi:00316097 lo:5a014fa3) {Rdmsr kernel/smp.c:712}
[    1.261494] CPUunderclocking:     !! Rdmsr(3of2): different results for cores(this is expected to be so, depending on load) core[0] != core[1] (see above KERN_DEBUG msgs) {Rdmsr kernel/smp.c:717}
[    1.261698] CPUunderclocking:   !! Rdmsr(1of2): core:2 idx:c0010071 ... {Rdmsr kernel/smp.c:696}
[    1.262005] CPUunderclocking:     !! Rdmsr(2of2): core:2 idx:c0010071 done. (resultx==003160975a014fa3 hi:00316097 lo:5a014fa3) {Rdmsr kernel/smp.c:712}
[    1.262169] CPUunderclocking:   !! Rdmsr(1of2): core:3 idx:c0010071 ... {Rdmsr kernel/smp.c:696}
[    1.262332] CPUunderclocking:     !! Rdmsr(2of2): core:3 idx:c0010071 done. (resultx==003160975a014e40 hi:00316097 lo:5a014e40) {Rdmsr kernel/smp.c:712}
[    1.262497] CPUunderclocking:     !! Rdmsr(3of2): different results for cores(this is expected to be so, depending on load) core[2] != core[3] (see above KERN_DEBUG msgs) {Rdmsr kernel/smp.c:717}
[    1.262701] CPUunderclocking: !! currentpstate:1 temppstate:7 {apply_underclocking_if_needed kernel/smp.c:962}
[    1.262862] CPUunderclocking:   !! Rdmsr(1of2): core:0 idx:c0010062 ... {Rdmsr kernel/smp.c:696}
[    1.263002] CPUunderclocking:     !! Rdmsr(2of2): core:0 idx:c0010062 done. (resultx==0000000000000000 hi:00000000 lo:00000000) {Rdmsr kernel/smp.c:712}
[    1.263166] CPUunderclocking:   !! Rdmsr(1of2): core:1 idx:c0010062 ... {Rdmsr kernel/smp.c:696}
[    1.263330] CPUunderclocking:     !! Rdmsr(2of2): core:1 idx:c0010062 done. (resultx==0000000000000000 hi:00000000 lo:00000000) {Rdmsr kernel/smp.c:712}
[    1.263494] CPUunderclocking:   !! Rdmsr(1of2): core:2 idx:c0010062 ... {Rdmsr kernel/smp.c:696}
[    1.263659] CPUunderclocking:     !! Rdmsr(2of2): core:2 idx:c0010062 done. (resultx==0000000000000000 hi:00000000 lo:00000000) {Rdmsr kernel/smp.c:712}
[    1.263823] CPUunderclocking:   !! Rdmsr(1of2): core:3 idx:c0010062 ... {Rdmsr kernel/smp.c:696}
[    1.264004] CPUunderclocking:     !! Rdmsr(2of2): core:3 idx:c0010062 done. (resultx==0000000000000000 hi:00000000 lo:00000000) {Rdmsr kernel/smp.c:712}
[    1.264169] CPUunderclocking:   !! Wrmsr(before write): core:0/64 idx:c0010062 valx:0000000000000006 ...  {Wrmsr kernel/smp.c:637}
[    1.264334] CPUunderclocking:     !! Wrmsr(after write): done. {Wrmsr kernel/smp.c:676}
[    1.264511] CPUunderclocking:   !! Wrmsr(before write): core:1/64 idx:c0010062 valx:0000000000000006 ...  {Wrmsr kernel/smp.c:637}
[    1.264696] CPUunderclocking:     !! Wrmsr(after write): done. {Wrmsr kernel/smp.c:676}
[    1.264873] CPUunderclocking:   !! Wrmsr(before write): core:2/64 idx:c0010062 valx:0000000000000006 ...  {Wrmsr kernel/smp.c:637}
[    1.265008] CPUunderclocking:     !! Wrmsr(after write): done. {Wrmsr kernel/smp.c:676}
[    1.265184] CPUunderclocking:   !! Wrmsr(before write): core:3/64 idx:c0010062 valx:0000000000000006 ...  {Wrmsr kernel/smp.c:637}
[    1.265370] CPUunderclocking:     !! Wrmsr(after write): done. {Wrmsr kernel/smp.c:676}
[    1.265546] CPUunderclocking:   !! Rdmsr(1of2): core:0 idx:c0010063 ... {Rdmsr kernel/smp.c:696}
[    1.265725] CPUunderclocking:     !! Rdmsr(2of2): core:0 idx:c0010063 done. (resultx==0000000000000006 hi:00000000 lo:00000006) {Rdmsr kernel/smp.c:712}
[    1.265909] CPUunderclocking:   !! Rdmsr(1of2): core:1 idx:c0010063 ... {Rdmsr kernel/smp.c:696}
[    1.266010] CPUunderclocking:     !! Rdmsr(2of2): core:1 idx:c0010063 done. (resultx==0000000000000000 hi:00000000 lo:00000000) {Rdmsr kernel/smp.c:712}
[    1.266193] CPUunderclocking:     !! Rdmsr(3of2): different results for cores(this is expected to be so, depending on load) core[0] != core[1] (see above KERN_DEBUG msgs) {Rdmsr kernel/smp.c:717}
[    1.266424] CPUunderclocking:   !! Rdmsr(1of2): core:2 idx:c0010063 ... {Rdmsr kernel/smp.c:696}
[    1.266607] CPUunderclocking:     !! Rdmsr(2of2): core:2 idx:c0010063 done. (resultx==0000000000000000 hi:00000000 lo:00000000) {Rdmsr kernel/smp.c:712}
[    1.266790] CPUunderclocking:   !! Rdmsr(1of2): core:3 idx:c0010063 ... {Rdmsr kernel/smp.c:696}
[    1.267010] CPUunderclocking:     !! Rdmsr(2of2): core:3 idx:c0010063 done. (resultx==0000000000000006 hi:00000000 lo:00000006) {Rdmsr kernel/smp.c:712}
[    1.267193] CPUunderclocking:     !! Rdmsr(3of2): different results for cores(this is expected to be so, depending on load) core[2] != core[3] (see above KERN_DEBUG msgs) {Rdmsr kernel/smp.c:717}
[    1.267425] CPUunderclocking: Waiting for PState to settle at wanted. Current: i(16bits)=6 j(64bits)=6 wantedpstate=6 tries left:9 {SetCurrentPState kernel/smp.c:926}
[    1.267651] CPUunderclocking:   !! Rdmsr(1of2): core:0 idx:c0010071 ... {Rdmsr kernel/smp.c:696}
[    1.267830] CPUunderclocking:     !! Rdmsr(2of2): core:0 idx:c0010071 done. (resultx==003160975a074e02 hi:00316097 lo:5a074e02) {Rdmsr kernel/smp.c:712}
[    1.268004] CPUunderclocking:   !! Rdmsr(1of2): core:1 idx:c0010071 ... {Rdmsr kernel/smp.c:696}
[    1.268187] CPUunderclocking:     !! Rdmsr(2of2): core:1 idx:c0010071 done. (resultx==003160975a014fa3 hi:00316097 lo:5a014fa3) {Rdmsr kernel/smp.c:712}
[    1.268372] CPUunderclocking:     !! Rdmsr(3of2): different results for cores(this is expected to be so, depending on load) core[0] != core[1] (see above KERN_DEBUG msgs) {Rdmsr kernel/smp.c:717}
[    1.268601] CPUunderclocking:   !! Rdmsr(1of2): core:2 idx:c0010071 ... {Rdmsr kernel/smp.c:696}
[    1.268784] CPUunderclocking:     !! Rdmsr(2of2): core:2 idx:c0010071 done. (resultx==003160975a014fa3 hi:00316097 lo:5a014fa3) {Rdmsr kernel/smp.c:712}
[    1.269004] CPUunderclocking:   !! Rdmsr(1of2): core:3 idx:c0010071 ... {Rdmsr kernel/smp.c:696}
[    1.269187] CPUunderclocking:     !! Rdmsr(2of2): core:3 idx:c0010071 done. (resultx==003160975a074e02 hi:00316097 lo:5a074e02) {Rdmsr kernel/smp.c:712}
[    1.269371] CPUunderclocking:     !! Rdmsr(3of2): different results for cores(this is expected to be so, depending on load) core[2] != core[3] (see above KERN_DEBUG msgs) {Rdmsr kernel/smp.c:717}
[    1.269601] CPUunderclocking: !! currentpstate:7 {apply_underclocking_if_needed kernel/smp.c:964}
[    1.269777] CPUunderclocking:   !! Rdmsr(1of2): core:0 idx:c0010062 ... {Rdmsr kernel/smp.c:696}
[    1.270006] CPUunderclocking:     !! Rdmsr(2of2): core:0 idx:c0010062 done. (resultx==0000000000000006 hi:00000000 lo:00000006) {Rdmsr kernel/smp.c:712}
[    1.270190] CPUunderclocking:   !! Rdmsr(1of2): core:1 idx:c0010062 ... {Rdmsr kernel/smp.c:696}
[    1.270371] CPUunderclocking:     !! Rdmsr(2of2): core:1 idx:c0010062 done. (resultx==0000000000000006 hi:00000000 lo:00000006) {Rdmsr kernel/smp.c:712}
[    1.270554] CPUunderclocking:   !! Rdmsr(1of2): core:2 idx:c0010062 ... {Rdmsr kernel/smp.c:696}
[    1.270736] CPUunderclocking:     !! Rdmsr(2of2): core:2 idx:c0010062 done. (resultx==0000000000000006 hi:00000000 lo:00000006) {Rdmsr kernel/smp.c:712}
[    1.270919] CPUunderclocking:   !! Rdmsr(1of2): core:3 idx:c0010062 ... {Rdmsr kernel/smp.c:696}
[    1.271009] CPUunderclocking:     !! Rdmsr(2of2): core:3 idx:c0010062 done. (resultx==0000000000000006 hi:00000000 lo:00000006) {Rdmsr kernel/smp.c:712}
[    1.271193] CPUunderclocking:   !! Wrmsr(before write): core:0/64 idx:c0010062 valx:0000000000000000 ...  {Wrmsr kernel/smp.c:637}
[    1.271376] CPUunderclocking:     !! Wrmsr(after write): done. {Wrmsr kernel/smp.c:676}
[    1.271536] CPUunderclocking:   !! Wrmsr(before write): core:1/64 idx:c0010062 valx:0000000000000000 ...  {Wrmsr kernel/smp.c:637}
[    1.271703] CPUunderclocking:     !! Wrmsr(after write): done. {Wrmsr kernel/smp.c:676}
[    1.272002] CPUunderclocking:   !! Wrmsr(before write): core:2/64 idx:c0010062 valx:0000000000000000 ...  {Wrmsr kernel/smp.c:637}
[    1.272168] CPUunderclocking:     !! Wrmsr(after write): done. {Wrmsr kernel/smp.c:676}
[    1.272328] CPUunderclocking:   !! Wrmsr(before write): core:3/64 idx:c0010062 valx:0000000000000000 ...  {Wrmsr kernel/smp.c:637}
[    1.272495] CPUunderclocking:     !! Wrmsr(after write): done. {Wrmsr kernel/smp.c:676}
[    1.272655] CPUunderclocking:   !! Rdmsr(1of2): core:0 idx:c0010063 ... {Rdmsr kernel/smp.c:696}
[    1.272816] CPUunderclocking:     !! Rdmsr(2of2): core:0 idx:c0010063 done. (resultx==0000000000000000 hi:00000000 lo:00000000) {Rdmsr kernel/smp.c:712}
[    1.273001] CPUunderclocking:   !! Rdmsr(1of2): core:1 idx:c0010063 ... {Rdmsr kernel/smp.c:696}
[    1.273166] CPUunderclocking:     !! Rdmsr(2of2): core:1 idx:c0010063 done. (resultx==0000000000000000 hi:00000000 lo:00000000) {Rdmsr kernel/smp.c:712}
[    1.273330] CPUunderclocking:   !! Rdmsr(1of2): core:2 idx:c0010063 ... {Rdmsr kernel/smp.c:696}
[    1.273494] CPUunderclocking:     !! Rdmsr(2of2): core:2 idx:c0010063 done. (resultx==0000000000000000 hi:00000000 lo:00000000) {Rdmsr kernel/smp.c:712}
[    1.273654] CPUunderclocking:   !! Rdmsr(1of2): core:3 idx:c0010063 ... {Rdmsr kernel/smp.c:696}
[    1.274006] CPUunderclocking:     !! Rdmsr(2of2): core:3 idx:c0010063 done. (resultx==0000000000000000 hi:00000000 lo:00000000) {Rdmsr kernel/smp.c:712}
[    1.274167] CPUunderclocking: Waiting for PState to settle at wanted. Current: i(16bits)=0 j(64bits)=0 wantedpstate=0 tries left:9 {SetCurrentPState kernel/smp.c:926}
[    1.274365] CPUunderclocking:   !! Rdmsr(1of2): core:0 idx:c0010071 ... {Rdmsr kernel/smp.c:696}
[    1.275003] CPUunderclocking:     !! Rdmsr(2of2): core:0 idx:c0010071 done. (resultx==003160975a014e40 hi:00316097 lo:5a014e40) {Rdmsr kernel/smp.c:712}
[    1.275163] CPUunderclocking:   !! Rdmsr(1of2): core:1 idx:c0010071 ... {Rdmsr kernel/smp.c:696}
[    1.275323] CPUunderclocking:     !! Rdmsr(2of2): core:1 idx:c0010071 done. (resultx==003160975a014fa3 hi:00316097 lo:5a014fa3) {Rdmsr kernel/smp.c:712}
[    1.275484] CPUunderclocking:     !! Rdmsr(3of2): different results for cores(this is expected to be so, depending on load) core[0] != core[1] (see above KERN_DEBUG msgs) {Rdmsr kernel/smp.c:717}
[    1.275684] CPUunderclocking:   !! Rdmsr(1of2): core:2 idx:c0010071 ... {Rdmsr kernel/smp.c:696}
[    1.275844] CPUunderclocking:     !! Rdmsr(2of2): core:2 idx:c0010071 done. (resultx==003160975a014fa3 hi:00316097 lo:5a014fa3) {Rdmsr kernel/smp.c:712}
[    1.276001] CPUunderclocking:   !! Rdmsr(1of2): core:3 idx:c0010071 ... {Rdmsr kernel/smp.c:696}
[    1.276162] CPUunderclocking:     !! Rdmsr(2of2): core:3 idx:c0010071 done. (resultx==003160975a014e40 hi:00316097 lo:5a014e40) {Rdmsr kernel/smp.c:712}
[    1.276323] CPUunderclocking:     !! Rdmsr(3of2): different results for cores(this is expected to be so, depending on load) core[2] != core[3] (see above KERN_DEBUG msgs) {Rdmsr kernel/smp.c:717}
[    1.276521] CPUunderclocking: !! currentpstate:1 {apply_underclocking_if_needed kernel/smp.c:966}
[    1.276678] CPUunderclocking: done. {apply_underclocking_if_needed kernel/smp.c:969}
[    1.276838] smpboot: Boot done
[    1.277002] ----------------
[    1.277120] | NMI testsuite:
[    1.277239] --------------------
[    1.277358]   remote IPI:  ok  |
[    1.281219]    local IPI:  ok  |
[    1.291007] --------------------
[    1.291186] Good, all   2 testcases passed! |
[    1.291310] ---------------------------------
[    1.291435] smpboot: Before bogomips
[    1.291561] smpboot: Total of 4 processors activated (11179.12 BogoMIPS)
[    1.291687] smpboot: Before bogocount - setting activated=1
[    1.294807] devtmpfs: initialized
[    1.295215] device: 'platform': device_add
[    1.295756] bus: 'platform': registered
[    1.296104] bus: 'cpu': registered
[    1.296293] device: 'cpu': device_add
[    1.296930] bus: 'container': registered
[    1.297014] device: 'container': device_add
[    1.300677] bus: 'workqueue': registered
[    1.300872] device: 'workqueue': device_add
[    1.301519] clocksource: jiffies: mask: 0xffffffff max_cycles: 0xffffffff, max_idle_ns: 1911260446275000 ns
[    1.301904] xor: measuring software checksum speed
[    1.312002]    prefetch64-sse:  8796.000 MB/sec
[    1.322002]    generic_sse:  7912.000 MB/sec
[    1.322175] xor: using function: prefetch64-sse (8796.000 MB/sec)
[    1.322313] atomic64_test: passed for x86-64 platform with CX8 and with SSE
[    1.322443] device class 'regulator': registering
[    1.322804] Registering platform device 'reg-dummy'. Parent at platform
[    1.322984] device: 'reg-dummy': device_add
[    1.323069] bus: 'platform': add device reg-dummy
[    1.323543] bus: 'platform': add driver reg-dummy
[    1.323749] bus: 'platform': driver_probe_device: matched device reg-dummy with driver reg-dummy
[    1.324003] bus: 'platform': really_probe: probing driver reg-dummy with device reg-dummy
[    1.324233] devices_kset: Moving reg-dummy to end of list
[    1.324450] regulator-dummy: no parameters
[    1.324631] device: 'regulator.0': device_add
[    1.325558] driver: 'reg-dummy': driver_bound: bound to device 'reg-dummy'
[    1.325732] bus: 'platform': really_probe: bound device reg-dummy to driver reg-dummy
[    1.326958] NET: Registered protocol family 16
[    1.327532] device class 'bdi': registering
[    1.327821] bus: 'platform': add driver ramoops
[    1.328181] device class 'pci_bus': registering
[    1.328617] bus: 'pci': registered
[    1.328799] device class 'backlight': registering
[    1.329068] device class 'tty': registering
[    1.329304] device class 'vtconsole': registering
[    1.329557] device: 'vtcon0': device_add
[    1.330390] bus: 'node': registered
[    1.330579] device: 'node': device_add
[    1.331226] bus: 'i2c': registered
[    1.331439] bus: 'i2c': add driver dummy
[    1.331746] i2c-core: driver [dummy] registered
[    1.334011] cpuidle: using governor ladder
[    1.339046] cpuidle: using governor menu
[    1.340008] ACPI FADT declares the system doesn't support PCIe ASPM, so disable it
[    1.340225] ACPI: bus type PCI registered
[    1.340351] acpiphp: ACPI Hot Plug PCI Controller Driver version: 0.5
[    1.340482] device class 'dmi': registering
[    1.340684] device: 'id': device_add
[    1.341876] PCI: MMCONFIG for domain 0000 [bus 00-3f] at [mem 0xf8000000-0xfbffffff] (base 0xf8000000)
[    1.342003] PCI: not using MMCONFIG
[    1.342133] PCI: Using configuration type 1 for base access
[    1.342260] PCI: Using configuration type 1 for extended access
[    1.343086] device: 'node0': device_add
[    1.343479] bus: 'node': add device node0
[    1.343928] device: 'cpu0': device_add
[    1.344064] bus: 'cpu': add device cpu0
[    1.344587] device: 'cpu1': device_add
[    1.344843] bus: 'cpu': add device cpu1
[    1.345354] device: 'cpu2': device_add
[    1.345612] bus: 'cpu': add device cpu2
[    1.346255] device: 'cpu3': device_add
[    1.346517] bus: 'cpu': add device cpu3
[    1.412653] device: 'writeback': device_add
[    1.412889] bus: 'workqueue': add device writeback
[    1.413566] HugeTLB registered 2 MB page size, pre-allocated 0 pages
[    1.414612] device class 'block': registering
[    1.432019] raid6: sse2x1   gen()  3058 MB/s
[    1.449002] raid6: sse2x1   xor()  3417 MB/s
[    1.466015] raid6: sse2x2   gen()  4605 MB/s
[    1.483002] raid6: sse2x2   xor()  4886 MB/s
[    1.500004] raid6: sse2x4   gen()  5566 MB/s
[    1.517002] raid6: sse2x4   xor()  2937 MB/s
[    1.517175] raid6: using algorithm sse2x4 gen() 5566 MB/s
[    1.517302] raid6: .... xor() 2937 MB/s, rmw enabled
[    1.517429] raid6: using intx1 recovery algorithm
[    1.517640] device class 'graphics': registering
[    1.518021] ACPI: Added _OSI(Module Device)
[    1.518195] ACPI: Added _OSI(Processor Device)
[    1.518322] ACPI: Added _OSI(3.0 _SCP Extensions)
[    1.518449] ACPI: Added _OSI(Processor Aggregator Device)
[    1.678518] ACPI: [Firmware Bug]: BIOS _OSI(Linux) query ignored
[    1.697592] ACPI : EC: +++++ EC started +++++
[    1.750496] ACPI: Interpreter enabled
[    1.750687] ACPI: (supports S0 S5)
[    1.750862] ACPI: Using IOAPIC for interrupt routing
[    1.756444] bus: 'acpi': registered
[    1.756640] PCI: MMCONFIG for domain 0000 [bus 00-3f] at [mem 0xf8000000-0xfbffffff] (base 0xf8000000)
[    1.771386] PCI: MMCONFIG at [mem 0xf8000000-0xfbffffff] reserved in ACPI motherboard resources
[    1.771651] PCI: Using host bridge windows from ACPI; if necessary, use "pci=nocrs" and report a bug
[    1.772313] device: 'LNXSYSTM:00': device_add
[    1.772567] bus: 'acpi': add device LNXSYSTM:00
[    1.773695] device: 'LNXCPU:00': device_add
[    1.773947] bus: 'acpi': add device LNXCPU:00
[    1.775100] device: 'LNXCPU:01': device_add
[    1.775350] bus: 'acpi': add device LNXCPU:01
[    1.776479] device: 'LNXCPU:02': device_add
[    1.776734] bus: 'acpi': add device LNXCPU:02
[    1.777854] device: 'LNXCPU:03': device_add
[    1.778081] bus: 'acpi': add device LNXCPU:03
[    1.780083] device: 'LNXSYBUS:00': device_add
[    1.780343] bus: 'acpi': add device LNXSYBUS:00
[    1.782343] device: 'PNP0C0C:00': device_add
[    1.782602] bus: 'acpi': add device PNP0C0C:00
[    1.784691] device: 'PNP0A08:00': device_add
[    1.784941] bus: 'acpi': add device PNP0A08:00
[    1.787032] device: 'PNP0C02:00': device_add
[    1.787286] bus: 'acpi': add device PNP0C02:00
[    1.789646] device: 'device:00': device_add
[    1.789899] bus: 'acpi': add device device:00
[    1.791845] device: 'device:01': device_add
[    1.792079] bus: 'acpi': add device device:01
[    1.794058] device: 'device:02': device_add
[    1.794309] bus: 'acpi': add device device:02
[    1.796630] device: 'device:03': device_add
[    1.796883] bus: 'acpi': add device device:03
[    1.798832] device: 'LNXVIDEO:00': device_add
[    1.799081] bus: 'acpi': add device LNXVIDEO:00
[    1.801410] device: 'device:04': device_add
[    1.801663] bus: 'acpi': add device device:04
[    1.803882] device: 'device:05': device_add
[    1.804083] bus: 'acpi': add device device:05
[    1.806078] device: 'device:06': device_add
[    1.806330] bus: 'acpi': add device device:06
[    1.808545] device: 'device:07': device_add
[    1.808797] bus: 'acpi': add device device:07
[    1.810717] device: 'device:08': device_add
[    1.810972] bus: 'acpi': add device device:08
[    1.813303] device: 'device:09': device_add
[    1.814081] bus: 'acpi': add device device:09
[    1.816545] device: 'device:0a': device_add
[    1.816798] bus: 'acpi': add device device:0a
[    1.819129] device: 'device:0b': device_add
[    1.819380] bus: 'acpi': add device device:0b
[    1.821336] device: 'device:0c': device_add
[    1.821590] bus: 'acpi': add device device:0c
[    1.823924] device: 'device:0d': device_add
[    1.824083] bus: 'acpi': add device device:0d
[    1.826128] device: 'device:0e': device_add
[    1.826378] bus: 'acpi': add device device:0e
[    1.828706] device: 'device:0f': device_add
[    1.828959] bus: 'acpi': add device device:0f
[    1.830910] device: 'device:10': device_add
[    1.831087] bus: 'acpi': add device device:10
[    1.833488] device: 'device:11': device_add
[    1.833740] bus: 'acpi': add device device:11
[    1.835674] device: 'device:12': device_add
[    1.835926] bus: 'acpi': add device device:12
[    1.837829] device: 'device:13': device_add
[    1.838078] bus: 'acpi': add device device:13
[    1.840022] device: 'device:14': device_add
[    1.840278] bus: 'acpi': add device device:14
[    1.842596] device: 'device:15': device_add
[    1.842848] bus: 'acpi': add device device:15
[    1.844783] device: 'device:16': device_add
[    1.845035] bus: 'acpi': add device device:16
[    1.846972] device: 'device:17': device_add
[    1.847082] bus: 'acpi': add device device:17
[    1.849170] device: 'device:18': device_add
[    1.849424] bus: 'acpi': add device device:18
[    1.851735] device: 'device:19': device_add
[    1.851987] bus: 'acpi': add device device:19
[    1.853920] device: 'device:1a': device_add
[    1.854081] bus: 'acpi': add device device:1a
[    1.856108] device: 'device:1b': device_add
[    1.856362] bus: 'acpi': add device device:1b
[    1.858670] device: 'device:1c': device_add
[    1.858921] bus: 'acpi': add device device:1c
[    1.860831] device: 'device:1d': device_add
[    1.861080] bus: 'acpi': add device device:1d
[    1.863012] device: 'device:1e': device_add
[    1.863264] bus: 'acpi': add device device:1e
[    1.865588] device: 'device:1f': device_add
[    1.865841] bus: 'acpi': add device device:1f
[    1.867770] device: 'device:20': device_add
[    1.868036] bus: 'acpi': add device device:20
[    1.870336] device: 'device:21': device_add
[    1.870586] bus: 'acpi': add device device:21
[    1.872525] device: 'device:22': device_add
[    1.872776] bus: 'acpi': add device device:22
[    1.875078] device: 'device:23': device_add
[    1.875334] bus: 'acpi': add device device:23
[    1.877634] device: 'device:24': device_add
[    1.877885] bus: 'acpi': add device device:24
[    1.880532] device: 'device:25': device_add
[    1.880786] bus: 'acpi': add device device:25
[    1.882732] device: 'device:26': device_add
[    1.882985] bus: 'acpi': add device device:26
[    1.885223] device: 'device:27': device_add
[    1.885476] bus: 'acpi': add device device:27
[    1.892115] device: 'device:28': device_add
[    1.892367] bus: 'acpi': add device device:28
[    1.898872] device: 'device:29': device_add
[    1.899079] bus: 'acpi': add device device:29
[    1.901353] device: 'device:2a': device_add
[    1.901604] bus: 'acpi': add device device:2a
[    1.908203] device: 'device:2b': device_add
[    1.908457] bus: 'acpi': add device device:2b
[    1.915040] device: 'device:2c': device_add
[    1.915298] bus: 'acpi': add device device:2c
[    1.918570] device: 'device:2d': device_add
[    1.918823] bus: 'acpi': add device device:2d
[    1.920803] device: 'device:2e': device_add
[    1.921059] bus: 'acpi': add device device:2e
[    1.924432] device: 'device:2f': device_add
[    1.924686] bus: 'acpi': add device device:2f
[    1.926641] device: 'device:30': device_add
[    1.926892] bus: 'acpi': add device device:30
[    1.928935] device: 'device:31': device_add
[    1.929080] bus: 'acpi': add device device:31
[    1.931392] device: 'device:32': device_add
[    1.931644] bus: 'acpi': add device device:32
[    1.934619] device: 'PNP0C0F:00': device_add
[    1.934869] bus: 'acpi': add device PNP0C0F:00
[    1.937974] device: 'PNP0C0F:01': device_add
[    1.938081] bus: 'acpi': add device PNP0C0F:01
[    1.941340] device: 'PNP0C0F:02': device_add
[    1.941595] bus: 'acpi': add device PNP0C0F:02
[    1.944633] device: 'PNP0C0F:03': device_add
[    1.944883] bus: 'acpi': add device PNP0C0F:03
[    1.948024] device: 'PNP0C0F:04': device_add
[    1.948278] bus: 'acpi': add device PNP0C0F:04
[    1.951442] device: 'PNP0C0F:05': device_add
[    1.951695] bus: 'acpi': add device PNP0C0F:05
[    1.954840] device: 'PNP0C0F:06': device_add
[    1.955082] bus: 'acpi': add device PNP0C0F:06
[    1.958189] device: 'PNP0C0F:07': device_add
[    1.958440] bus: 'acpi': add device PNP0C0F:07
[    1.960456] device: 'PNP0200:00': device_add
[    1.960705] bus: 'acpi': add device PNP0200:00
[    1.962685] device: 'PNP0C04:00': device_add
[    1.962937] bus: 'acpi': add device PNP0C04:00
[    1.964919] device: 'PNP0000:00': device_add
[    1.965087] bus: 'acpi': add device PNP0000:00
[    1.967152] device: 'PNP0B00:00': device_add
[    1.967405] bus: 'acpi': add device PNP0B00:00
[    1.969385] device: 'PNP0800:00': device_add
[    1.969638] bus: 'acpi': add device PNP0800:00
[    1.971597] device: 'PNP0100:00': device_add
[    1.971848] bus: 'acpi': add device PNP0100:00
[    1.973817] device: 'PNP0C02:01': device_add
[    1.974087] bus: 'acpi': add device PNP0C02:01
[    1.976596] device: 'PNP0C01:00': device_add
[    1.976845] bus: 'acpi': add device PNP0C01:00
[    1.979480] device: 'PNP0C09:00': device_add
[    1.979733] bus: 'acpi': add device PNP0C09:00
[    1.982383] device: 'ACPI0003:00': device_add
[    1.982634] bus: 'acpi': add device ACPI0003:00
[    1.987746] device: 'PNP0C0A:00': device_add
[    1.988013] bus: 'acpi': add device PNP0C0A:00
[    1.990779] device: 'VPC2004:00': device_add
[    1.991035] bus: 'acpi': add device VPC2004:00
[    1.993101] device: 'PNP0303:00': device_add
[    1.993353] bus: 'acpi': add device PNP0303:00
[    1.997521] device: 'SYN0326:00': device_add
[    1.997775] bus: 'acpi': add device SYN0326:00
[    2.000122] device: 'device:33': device_add
[    2.000375] bus: 'acpi': add device device:33
[    2.002662] device: 'device:34': device_add
[    2.002914] bus: 'acpi': add device device:34
[    2.004820] device: 'device:35': device_add
[    2.005080] bus: 'acpi': add device device:35
