[    0.000000] Linux version 4.8.0-rc1-g574673c2 (z@myzee) (gcc version 6.1.1 20160707 (GCC) ) #21 SMP PREEMPT Tue Aug 9 01:42:02 EEST 2016
[    0.000000] Command line: BOOT_IMAGE=/boot/vmlinuz-linux-git root=UUID=96efaea0-86dc-485a-af36-36706f9f3908 rw root_trim=yes rd.luks.allow-discards ipv6.disable=1 pnp.debug=1 loglevel=9 log_buf_len=10M printk.always_kmsg_dump=y printk.time=y printk.devkmsg=on mminit_loglevel=0 memory_corruption_check=1 nohz=on rcu_nocbs=1-3 fbcon=scrollback:4096k fbcon=font:ProFont6x11 apic=debug dynamic_debug.verbose=1 "dyndbg=file arch/x86/kernel/apic/* +pflmt ; file drivers/video/* +pflmt ; file drivers/input/* -pflmt ; file drivers/acpi/* -pflmt" acpi_backlight=vendor radeon.audio=0 radeon.lockup_timeout=999000 radeon.test=0 radeon.agpmode=-1 radeon.benchmark=0 radeon.tv=0 radeon.hard_reset=1 radeon.msi=1 radeon.pcie_gen2=-1 radeon.no_wb=1 radeon.dynclks=0 radeon.r4xx_atom=0 radeonfb radeon.fastfb=1 radeon.dpm=1 radeon.runpm=1 rd.debug rd.udev.debug rd.memdebug=3 net.ifnames=1 slub_debug=U pax_sanitize_slab=full noefi nolvm dobtrfs console=tty1 earlyprintk=vga CPUunderclocking radeon.modeset=1 audit
[    0.000000] KERNEL supported cpus:
[    0.000000]   AMD AuthenticAMD
[    0.000000] x86/fpu: Legacy x87 FPU detected.
[    0.000000] x86/fpu: Using 'eager' FPU context switches.
[    0.000000] e820: BIOS-provided physical RAM map:
[    0.000000] BIOS-e820: [mem 0x0000000000000000-0x000000000009d7ff] usable
[    0.000000] BIOS-e820: [mem 0x000000000009d800-0x000000000009ffff] reserved
[    0.000000] BIOS-e820: [mem 0x00000000000e0000-0x00000000000fffff] reserved
[    0.000000] BIOS-e820: [mem 0x0000000000100000-0x00000000bed9afff] usable
[    0.000000] BIOS-e820: [mem 0x00000000bed9b000-0x00000000bf39afff] reserved
[    0.000000] BIOS-e820: [mem 0x00000000bf39b000-0x00000000bf49afff] ACPI NVS
[    0.000000] BIOS-e820: [mem 0x00000000bf49b000-0x00000000bf51afff] ACPI data
[    0.000000] BIOS-e820: [mem 0x00000000bf51b000-0x00000000bfdfffff] usable
[    0.000000] BIOS-e820: [mem 0x00000000bfe00000-0x00000000bfffffff] reserved
[    0.000000] BIOS-e820: [mem 0x00000000fec00000-0x00000000fecfffff] reserved
[    0.000000] BIOS-e820: [mem 0x00000000fed80000-0x00000000fed80fff] reserved
[    0.000000] BIOS-e820: [mem 0x00000000ffe00000-0x00000000ffffffff] reserved
[    0.000000] BIOS-e820: [mem 0x0000000100000000-0x000000041effffff] usable
[    0.000000] bootconsole [earlyvga0] enabled
[    0.000000] NX (Execute Disable) protection: active
[    0.000000] SMBIOS 2.6 present.
[    0.000000] DMI: LENOVO Sabine/Torpedo, BIOS 54CN18WW 07/20/2011
[    0.000000] e820: update [mem 0x00000000-0x00000fff] usable ==> reserved
[    0.000000] e820: remove [mem 0x000a0000-0x000fffff] usable
[    0.000000] e820: last_pfn = 0x41f000 max_arch_pfn = 0x400000000
[    0.000000] MTRR default type: uncachable
[    0.000000] MTRR fixed ranges enabled:
[    0.000000]   00000-9FFFF write-back
[    0.000000]   A0000-BFFFF uncachable
[    0.000000]   C0000-FFFFF write-protect
[    0.000000] MTRR variable ranges enabled:
[    0.000000]   0 base 0000000000 mask FF80000000 write-back
[    0.000000]   1 base 0080000000 mask FFC0000000 write-back
[    0.000000]   2 base 00FFF90000 mask FFFFFF0000 uncachable
[    0.000000]   3 base 00FED80000 mask 0FFFFFF000 uncachable
[    0.000000]   4 disabled
[    0.000000]   5 disabled
[    0.000000]   6 disabled
[    0.000000]   7 base 00FFE00000 mask FFFFE00000 write-protect
[    0.000000] TOM2: 000000041f000000 aka 16880M
[    0.000000] x86/PAT: Configuration [0-7]: WB  WC  UC- UC  WB  WC  UC- WT  
[    0.000000] mtrr: your BIOS has configured an incorrect mask, fixing it.
[    0.000000] e820: last_pfn = 0xbfe00 max_arch_pfn = 0x400000000
[    0.000000] Scan for SMP in [mem 0x00000000-0x000003ff]
[    0.000000] Scan for SMP in [mem 0x0009fc00-0x0009ffff]
[    0.000000] Scan for SMP in [mem 0x000f0000-0x000fffff]
[    0.000000] found SMP MP-table at [mem 0x000fa8b0-0x000fa8bf] mapped at [ffff8e39c00fa8b0]
[    0.000000]   mpc: fa8c0-faa24
[    0.000000] Base memory trampoline at [ffff8e39c0097000] 97000 size 24576
[    0.000000] Using GB pages for direct mapping
[    0.000000] BRK [0x236430000, 0x236430fff] PGTABLE
[    0.000000] BRK [0x236431000, 0x236431fff] PGTABLE
[    0.000000] BRK [0x236432000, 0x236432fff] PGTABLE
[    0.000000] BRK [0x236433000, 0x236433fff] PGTABLE
[    0.000000] BRK [0x236434000, 0x236434fff] PGTABLE
[    0.000000] BRK [0x236435000, 0x236435fff] PGTABLE
[    0.000000] log_buf_len: 16777216 bytes
[    0.000000] early log buf free: 2092576(99%)
[    0.000000] RAMDISK: [mem 0x37b83000-0x37db8fff]
[    0.000000] ACPI: Early table checksum verification disabled
[    0.000000] ACPI: RSDP 0x00000000000F0110 000024 (v02 LENOVO)
[    0.000000] ACPI: XSDT 0x00000000BF51A120 000074 (v01 LENOVO CB-01    00000001 LENO 00000001)
[    0.000000] ACPI: FACP 0x00000000BF508000 0000F4 (v04 LENOVO CB-01    00000001 PTL  00000001)
[    0.000000] ACPI: DSDT 0x00000000BF50A000 00FD10 (v01 LENOVO CB-01    00001000 LENO 00000001)
[    0.000000] ACPI: FACS 0x00000000BF478000 000040
[    0.000000] ACPI: FACS 0x00000000BF478000 000040
[    0.000000] ACPI: HPET 0x00000000BF507000 000038 (v01 LENOVO CB-01    00000001 PTL  00000001)
[    0.000000] ACPI: APIC 0x00000000BF506000 00007A (v02 LENOVO CB-01    00000001 PTL  00000001)
[    0.000000] ACPI: MCFG 0x00000000BF505000 00003C (v01 LENOVO CB-01    00000001 PTL  00000001)
[    0.000000] ACPI: SLIC 0x00000000BF504000 000176 (v01 LENOVO CB-01    00000001 LENO 00000001)
[    0.000000] ACPI: UEFI 0x00000000BF503000 00003E (v01 LENOVO CB-01    00000001 PTL  00000001)
[    0.000000] ACPI: UEFI 0x00000000BF502000 000042 (v01 PTL    COMBUF   00000001 PTL  00000001)
[    0.000000] ACPI: SSDT 0x00000000BF501000 000E34 (v01 AMD    POWERNOW 00000001 AMD  00000001)
[    0.000000] ACPI: SSDT 0x00000000BF4FF000 00193D (v02 AMD    ALIB     00000001 MSFT 04000000)
[    0.000000] ACPI: UEFI 0x00000000BF4FE000 0001DE (v01 LENOVO CB-01    00000001 PTL  00000001)
[    0.000000] ACPI: Local APIC address 0xfee00000
[    0.000000] mapped APIC to ffffffffff7fc000 (        fee00000)
[    0.000000] No NUMA configuration found
[    0.000000] Faking a node at [mem 0x0000000000000000-0x000000041effffff]
[    0.000000] NODE_DATA(0) allocated [mem 0x41dff9000-0x41dffcfff]
[    0.000000] Zone ranges:
[    0.000000]   DMA      [mem 0x0000000000001000-0x0000000000ffffff]
[    0.000000]   DMA32    [mem 0x0000000001000000-0x00000000ffffffff]
[    0.000000]   Normal   [mem 0x0000000100000000-0x000000041effffff]
[    0.000000] Movable zone start for each node
[    0.000000] Early memory node ranges
[    0.000000]   node   0: [mem 0x0000000000001000-0x000000000009cfff]
[    0.000000]   node   0: [mem 0x0000000000100000-0x00000000bed9afff]
[    0.000000]   node   0: [mem 0x00000000bf51b000-0x00000000bfdfffff]
[    0.000000]   node   0: [mem 0x0000000100000000-0x000000041effffff]
[    0.000000] Initmem setup node 0 [mem 0x0000000000001000-0x000000041effffff]
[    0.000000] On node 0 totalpages: 4056604
[    0.000000]   DMA zone: 64 pages used for memmap
[    0.000000]   DMA zone: 21 pages reserved
[    0.000000]   DMA zone: 3996 pages, LIFO batch:0
[    0.000000]   DMA32 zone: 12186 pages used for memmap
[    0.000000]   DMA32 zone: 779904 pages, LIFO batch:31
[    0.000000]   Normal zone: 51136 pages used for memmap
[    0.000000]   Normal zone: 3272704 pages, LIFO batch:31
[    0.000000] ACPI: PM-Timer IO Port: 0x808
[    0.000000] ACPI: Local APIC address 0xfee00000
[    0.000000] mapped APIC to ffffffffff7fc000 (        fee00000)
[    0.000000] ACPI: LAPIC (acpi_id[0x00] lapic_id[0x00] enabled)
[    0.000000] ACPI: LAPIC (acpi_id[0x01] lapic_id[0x01] enabled)
[    0.000000] ACPI: LAPIC (acpi_id[0x02] lapic_id[0x02] enabled)
[    0.000000] ACPI: LAPIC (acpi_id[0x03] lapic_id[0x03] enabled)
[    0.000000] ACPI: LAPIC_NMI (acpi_id[0x00] high edge lint[0x1])
[    0.000000] ACPI: LAPIC_NMI (acpi_id[0x01] high edge lint[0x1])
[    0.000000] ACPI: LAPIC_NMI (acpi_id[0x02] high edge lint[0x1])
[    0.000000] ACPI: LAPIC_NMI (acpi_id[0x03] high edge lint[0x1])
[    0.000000] ACPI: IOAPIC (id[0x02] address[0xfec00000] gsi_base[0])
[    0.000000] IOAPIC[0]: apic_id 2, version 33, address 0xfec00000, GSI 0-23
[    0.000000] ACPI: INT_SRC_OVR (bus 0 bus_irq 0 global_irq 2 dfl dfl)
[    0.000000] Int: type 0, pol 0, trig 0, bus 00, IRQ 00, APIC ID 2, APIC INT 02
[    0.000000] Int: type 0, pol 3, trig 3, bus 00, IRQ 09, APIC ID 2, APIC INT 09
[    0.000000] ACPI: IRQ0 used by override.
[    0.000000] Int: type 0, pol 0, trig 0, bus 00, IRQ 01, APIC ID 2, APIC INT 01
[    0.000000] Int: type 0, pol 0, trig 0, bus 00, IRQ 03, APIC ID 2, APIC INT 03
[    0.000000] Int: type 0, pol 0, trig 0, bus 00, IRQ 04, APIC ID 2, APIC INT 04
[    0.000000] Int: type 0, pol 0, trig 0, bus 00, IRQ 05, APIC ID 2, APIC INT 05
[    0.000000] Int: type 0, pol 0, trig 0, bus 00, IRQ 06, APIC ID 2, APIC INT 06
[    0.000000] Int: type 0, pol 0, trig 0, bus 00, IRQ 07, APIC ID 2, APIC INT 07
[    0.000000] Int: type 0, pol 0, trig 0, bus 00, IRQ 08, APIC ID 2, APIC INT 08
[    0.000000] ACPI: IRQ9 used by override.
[    0.000000] Int: type 0, pol 0, trig 0, bus 00, IRQ 0a, APIC ID 2, APIC INT 0a
[    0.000000] Int: type 0, pol 0, trig 0, bus 00, IRQ 0b, APIC ID 2, APIC INT 0b
[    0.000000] Int: type 0, pol 0, trig 0, bus 00, IRQ 0c, APIC ID 2, APIC INT 0c
[    0.000000] Int: type 0, pol 0, trig 0, bus 00, IRQ 0d, APIC ID 2, APIC INT 0d
[    0.000000] Int: type 0, pol 0, trig 0, bus 00, IRQ 0e, APIC ID 2, APIC INT 0e
[    0.000000] Int: type 0, pol 0, trig 0, bus 00, IRQ 0f, APIC ID 2, APIC INT 0f
[    0.000000] Using ACPI (MADT) for SMP configuration information
[    0.000000] ACPI: HPET id: 0x43538210 base: 0xfed00000
[    0.000000] smpboot: Allowing 4 CPUs, 0 hotplug CPUs
[    0.000000] mapped IOAPIC to ffffffffff7fb000 (fec00000)
[    0.000000] e820: [mem 0xc0000000-0xfebfffff] available for PCI devices
[    0.000000] clocksource: refined-jiffies: mask: 0xffffffff max_cycles: 0xffffffff, max_idle_ns: 1910969940391419 ns
[    0.000000] setup_percpu: NR_CPUS:64 nr_cpumask_bits:64 nr_cpu_ids:4 nr_node_ids:1
[    0.000000] percpu: Embedded 33 pages/cpu @ffff8e3dddc00000 s95832 r8192 d31144 u524288
[    0.000000] pcpu-alloc: s95832 r8192 d31144 u524288 alloc=1*2097152
[    0.000000] pcpu-alloc: [0] 0 1 2 3 
[    0.000000] Built 1 zonelists in Node order, mobility grouping on.  Total pages: 3993197
[    0.000000] Policy zone: Normal
[    0.000000] Kernel command line: BOOT_IMAGE=/boot/vmlinuz-linux-git root=UUID=96efaea0-86dc-485a-af36-36706f9f3908 rw root_trim=yes rd.luks.allow-discards ipv6.disable=1 pnp.debug=1 loglevel=9 log_buf_len=10M printk.always_kmsg_dump=y printk.time=y printk.devkmsg=on mminit_loglevel=0 memory_corruption_check=1 nohz=on rcu_nocbs=1-3 fbcon=scrollback:4096k fbcon=font:ProFont6x11 apic=debug dynamic_debug.verbose=1 "dyndbg=file arch/x86/kernel/apic/* +pflmt ; file drivers/video/* +pflmt ; file drivers/input/* -pflmt ; file drivers/acpi/* -pflmt" acpi_backlight=vendor radeon.audio=0 radeon.lockup_timeout=999000 radeon.test=0 radeon.agpmode=-1 radeon.benchmark=0 radeon.tv=0 radeon.hard_reset=1 radeon.msi=1 radeon.pcie_gen2=-1 radeon.no_wb=1 radeon.dynclks=0 radeon.r4xx_atom=0 radeonfb radeon.fastfb=1 radeon.dpm=1 radeon.runpm=1 rd.debug rd.udev.debug rd.memdebug=3 net.ifnames=1 slub_debug=U pax_sanitize_slab=full noefi nolvm dobtrfs console=tty1 earlyprintk=vga CPUunderclocking radeon.modeset=1 
[    0.000000] PCIe ASPM is disabled
[    0.000000] PID hash table entries: 4096 (order: 3, 32768 bytes)
[    0.000000] Memory: 15870372K/16226416K available (7821K kernel code, 740K rwdata, 3032K rodata, 880K init, 2628K bss, 356044K reserved, 0K cma-reserved)
[    0.000000] SLUB: HWalign=64, Order=0-3, MinObjects=0, CPUs=4, Nodes=1
[    0.000000] Preemptible hierarchical RCU implementation.
[    0.000000] 	Build-time adjustment of leaf fanout to 64.
[    0.000000] 	RCU restricting CPUs from NR_CPUS=64 to nr_cpu_ids=4.
[    0.000000] RCU: Adjusting geometry for rcu_fanout_leaf=64, nr_cpu_ids=4
[    0.000000] NR_IRQS:4352 nr_irqs:456 16
[    0.000000] spurious 8259A interrupt: IRQ7.
[    0.000000] vgacon: allocated 4194304 bytes of memory for scrollback. CONFIG_VGACON_SOFT_SCROLLBACK_SIZE=4096
[    0.000000] Console: colour VGA+ 80x25
[    0.000000] console [tty1] enabled
[    0.000000] bootconsole [earlyvga0] disabled
[    0.000000] clocksource: hpet: mask: 0xffffffff max_cycles: 0xffffffff, max_idle_ns: 133484873504 ns
[    0.000000] hpet clockevent registered
[    0.000000] tsc: Fast TSC calibration using PIT
[    0.000000] tsc: Detected 1397.456 MHz processor
[    0.000047] Calibrating delay loop (skipped), value calculated using timer frequency.. 2794.91 BogoMIPS (lpj=1397456)
[    0.000170] pid_max: default: 32768 minimum: 301
[    0.000291] ACPI: Core revision 20160422
[    0.000471] ACPI: acpi_os_initialize: map reset_reg status 0
[    0.254890] random: fast init done
[    0.883679] ACPI: 3 ACPI AML tables successfully acquired and loaded

[    0.884225] Security Framework initialized
[    0.886167] Dentry cache hash table entries: 2097152 (order: 12, 16777216 bytes)
[    0.893004] Inode-cache hash table entries: 1048576 (order: 11, 8388608 bytes)
[    0.896347] Mount-cache hash table entries: 32768 (order: 6, 262144 bytes)
[    0.896584] Mountpoint-cache hash table entries: 32768 (order: 6, 262144 bytes)
[    0.899434] [Firmware Info]: CPU: 'AMD A6-3400M APU with Radeon(tm) HD Graphics' has AMD errata 665 Integer Divide Instruction May Cause Unpredictable Behavior.'
[    0.899709] [Firmware Info]: CPU: Double-checked CPU type. 'AMD A6-3400M APU with Radeon(tm) HD Graphics'
[    0.899879] [Firmware Info]: CPU: Setting workaround for 665...(set 'no665wo' in /proc/cmdline to disable)
[    0.900059] CPU: Physical Processor ID: 0
[    0.900187] CPU: Processor Core ID: 0
[    0.900316] mce: CPU supports 6 MCE banks
[    0.900482] Last level iTLB entries: 4KB 512, 2MB 16, 4MB 8
[    0.900660] Last level dTLB entries: 4KB 1024, 2MB 128, 4MB 64, 1GB 0
[    0.903570] Freeing SMP alternatives memory: 28K (ffffffff8ed97000 - ffffffff8ed9e000)
[    0.904541] smpboot: Max logical packages: 1
[    0.904719] smpboot: APIC(0) Converting physical 0 to logical package 0
[    0.904871] enabled ExtINT on CPU#0
[    0.905174] ENABLING IO-APIC IRQs
[    0.905314] init IO_APIC IRQs
[    0.905441]  apic 2 pin 0 not connected
[    0.905662] IOAPIC[0]: Set routing entry (2-1 -> 0x31 -> IRQ 1 Mode:0 Active:0 Dest:1)
[    0.905948] IOAPIC[0]: Set routing entry (2-2 -> 0x30 -> IRQ 0 Mode:0 Active:0 Dest:1)
[    0.906163] IOAPIC[0]: Set routing entry (2-3 -> 0x33 -> IRQ 3 Mode:0 Active:0 Dest:1)
[    0.906376] IOAPIC[0]: Set routing entry (2-4 -> 0x34 -> IRQ 4 Mode:0 Active:0 Dest:1)
[    0.906590] IOAPIC[0]: Set routing entry (2-5 -> 0x35 -> IRQ 5 Mode:0 Active:0 Dest:1)
[    0.906803] IOAPIC[0]: Set routing entry (2-6 -> 0x36 -> IRQ 6 Mode:0 Active:0 Dest:1)
[    0.907077] IOAPIC[0]: Set routing entry (2-7 -> 0x37 -> IRQ 7 Mode:0 Active:0 Dest:1)
[    0.907294] IOAPIC[0]: Set routing entry (2-8 -> 0x38 -> IRQ 8 Mode:0 Active:0 Dest:1)
[    0.907510] IOAPIC[0]: Set routing entry (2-9 -> 0x39 -> IRQ 9 Mode:1 Active:1 Dest:1)
[    0.907726] IOAPIC[0]: Set routing entry (2-10 -> 0x3a -> IRQ 10 Mode:0 Active:0 Dest:1)
[    0.907942] IOAPIC[0]: Set routing entry (2-11 -> 0x3b -> IRQ 11 Mode:0 Active:0 Dest:1)
[    0.908157] IOAPIC[0]: Set routing entry (2-12 -> 0x3c -> IRQ 12 Mode:0 Active:0 Dest:1)
[    0.908371] IOAPIC[0]: Set routing entry (2-13 -> 0x3d -> IRQ 13 Mode:0 Active:0 Dest:1)
[    0.908573] IOAPIC[0]: Set routing entry (2-14 -> 0x3e -> IRQ 14 Mode:0 Active:0 Dest:1)
[    0.908773] IOAPIC[0]: Set routing entry (2-15 -> 0x3f -> IRQ 15 Mode:0 Active:0 Dest:1)
[    0.908937]  apic 2 pin 16 not connected
[    0.909058]  apic 2 pin 17 not connected
[    0.909178]  apic 2 pin 18 not connected
[    0.909299]  apic 2 pin 19 not connected
[    0.909420]  apic 2 pin 20 not connected
[    0.909541]  apic 2 pin 21 not connected
[    0.909661]  apic 2 pin 22 not connected
[    0.909782]  apic 2 pin 23 not connected
[    0.910080] ..TIMER: vector=0x30 apic1=0 pin1=2 apic2=-1 pin2=-1
[    0.920208] Using local APIC timer interrupts.
               calibrating APIC timer ...
[    1.021870] ... lapic delta = 1247698
[    1.021998] ... PM-Timer delta = 357945
[    1.022126] ... PM-Timer result ok
[    1.022255] ..... delta 1247698
[    1.022382] ..... mult: 53588221
[    1.022510] ..... calibration result: 199631
[    1.022639] ..... CPU clock speed is 1397.0421 MHz.
[    1.022768] ..... host bus clock speed is 199.0631 MHz.
[    1.022864] smpboot: CPU0: AMD A6-3400M APU with Radeon(tm) HD Graphics (family: 0x12, model: 0x1, stepping: 0x0)
[    1.023192] Performance Events: AMD PMU driver.
[    1.023359] ... version:                0
[    1.023487] ... bit width:              48
[    1.023616] ... generic registers:      4
[    1.023744] ... value mask:             0000ffffffffffff
[    1.023878] ... max period:             00007fffffffffff
[    1.024008] ... fixed-purpose events:   0
[    1.024136] ... event mask:             000000000000000f
[    1.029900] dynamic_debug:ddebug_add_module: 2 debug prints in module main
[    1.030103] dynamic_debug:ddebug_add_module: 1 debug prints in module initramfs
[    1.030286] dynamic_debug:ddebug_add_module: 3 debug prints in module ibs
[    1.030425] dynamic_debug:ddebug_add_module: 1 debug prints in module common
[    1.030571] dynamic_debug:ddebug_add_module: 1 debug prints in module amd
[    1.030712] dynamic_debug:ddebug_add_module: 2 debug prints in module main
[    1.030853] dynamic_debug:ddebug_add_module: 7 debug prints in module generic
[    1.031003] dynamic_debug:ddebug_add_module: 15 debug prints in module cleanup
[    1.031183] dynamic_debug:ddebug_add_module: 8 debug prints in module microcode
[    1.031356] dynamic_debug:ddebug_add_module: 3 debug prints in module boot
[    1.031489] dynamic_debug:ddebug_add_module: 22 debug prints in module smpboot
[    1.031651] dynamic_debug:ddebug_add_module: 1 debug prints in module tsc_sync
[    1.031813] dynamic_debug:ddebug_add_module: 2 debug prints in module setup_percpu
[    1.031981] dynamic_debug:ddebug_add_module: 30 debug prints in module vector
[    1.032106] dynamic_debug:ddebug_add_module: 2 debug prints in module init
[    1.032237] dynamic_debug:ddebug_add_module: 6 debug prints in module init_64
[    1.032369] dynamic_debug:ddebug_add_module: 1 debug prints in module numa
[    1.032501] dynamic_debug:ddebug_add_module: 4 debug prints in module params
[    1.032630] dynamic_debug:ddebug_add_module: 4 debug prints in module async
[    1.032754] dynamic_debug:ddebug_add_module: 1 debug prints in module manage
[    1.032887] dynamic_debug:ddebug_add_module: 14 debug prints in module irqdomain
[    1.033049] dynamic_debug:ddebug_add_module: 2 debug prints in module msi
[    1.033174] dynamic_debug:ddebug_add_module: 2 debug prints in module freezer
[    1.033300] dynamic_debug:ddebug_add_module: 19 debug prints in module module
[    1.033425] dynamic_debug:ddebug_add_module: 1 debug prints in module cgroup
[    1.033550] dynamic_debug:ddebug_add_module: 6 debug prints in module mempolicy
[    1.033719] dynamic_debug:ddebug_add_module: 1 debug prints in module sparse_vmemmap
[    1.033888] dynamic_debug:ddebug_add_module: 1 debug prints in module vmpressure
[    1.034059] dynamic_debug:ddebug_add_module: 1 debug prints in module fsnotify
[    1.034230] dynamic_debug:ddebug_add_module: 2 debug prints in module notification
[    1.034395] dynamic_debug:ddebug_add_module: 1 debug prints in module inotify_fsnotify
[    1.034558] dynamic_debug:ddebug_add_module: 5 debug prints in module inotify_user
[    1.034721] dynamic_debug:ddebug_add_module: 6 debug prints in module fanotify
[    1.034887] dynamic_debug:ddebug_add_module: 13 debug prints in module fanotify_user
[    1.035051] dynamic_debug:ddebug_add_module: 20 debug prints in module aio
[    1.035178] dynamic_debug:ddebug_add_module: 14 debug prints in module binfmt_misc
[    1.035344] dynamic_debug:ddebug_add_module: 2 debug prints in module mount
[    1.035473] dynamic_debug:ddebug_add_module: 1 debug prints in module dir
[    1.035604] dynamic_debug:ddebug_add_module: 8 debug prints in module configfs
[    1.035770] dynamic_debug:ddebug_add_module: 1 debug prints in module debugfs
[    1.035908] dynamic_debug:ddebug_add_module: 22 debug prints in module btrfs
[    1.036035] dynamic_debug:ddebug_add_module: 2 debug prints in module ramoops
[    1.036165] dynamic_debug:ddebug_add_module: 1 debug prints in module inode
[    1.036290] dynamic_debug:ddebug_add_module: 6 debug prints in module asymmetric_keys
[    1.036458] dynamic_debug:ddebug_add_module: 13 debug prints in module x509_key_parser
[    1.036625] dynamic_debug:ddebug_add_module: 13 debug prints in module efi
[    1.036757] dynamic_debug:ddebug_add_module: 1 debug prints in module decompress
[    1.036933] dynamic_debug:ddebug_add_module: 10 debug prints in module kobject
[    1.037104] dynamic_debug:ddebug_add_module: 6 debug prints in module kobject_uevent
[    1.037267] dynamic_debug:ddebug_add_module: 1 debug prints in module list_sort
[    1.037429] dynamic_debug:ddebug_add_module: 1 debug prints in module percpu_refcount
[    1.037592] dynamic_debug:ddebug_add_module: 11 debug prints in module asn1_decoder
[    1.037755] dynamic_debug:ddebug_add_module: 5 debug prints in module probe
[    1.037882] dynamic_debug:ddebug_add_module: 4 debug prints in module pci
[    1.038006] dynamic_debug:ddebug_add_module: 1 debug prints in module pci_driver
[    1.038178] dynamic_debug:ddebug_add_module: 3 debug prints in module slot
[    1.038311] dynamic_debug:ddebug_add_module: 3 debug prints in module quirks
[    1.038440] dynamic_debug:ddebug_add_module: 2 debug prints in module pme
[    1.038565] dynamic_debug:ddebug_add_module: 1 debug prints in module pci_hotplug
[    1.038728] dynamic_debug:ddebug_add_module: 12 debug prints in module acpiphp
[    1.040801] dynamic_debug:ddebug_add_module: 1 debug prints in module htirq
[    1.040928] dynamic_debug:ddebug_add_module: 1 debug prints in module pci_acpi
[    1.041090] dynamic_debug:ddebug_add_module: 3 debug prints in module backlight
[    1.041256] dynamic_debug:ddebug_add_module: 4 debug prints in module fb
[    1.041382] dynamic_debug:ddebug_add_module: 7 debug prints in module tables
[    1.041520] dynamic_debug:ddebug_add_module: 48 debug prints in module acpi
[    1.041644] dynamic_debug:ddebug_add_module: 3 debug prints in module fan
[    1.041776] dynamic_debug:ddebug_add_module: 1 debug prints in module video
[    1.041911] dynamic_debug:ddebug_add_module: 4 debug prints in module pci_slot
[    1.042079] dynamic_debug:ddebug_add_module: 7 debug prints in module processor
[    1.042246] dynamic_debug:ddebug_add_module: 4 debug prints in module pnp
[    1.042371] dynamic_debug:ddebug_add_module: 3 debug prints in module acpi_dma
[    1.042536] dynamic_debug:ddebug_add_module: 11 debug prints in module core
[    1.042661] dynamic_debug:ddebug_add_module: 1 debug prints in module fixed
[    1.042786] dynamic_debug:ddebug_add_module: 6 debug prints in module virtual
[    1.042913] dynamic_debug:ddebug_add_module: 3 debug prints in module lp3971
[    1.043038] dynamic_debug:ddebug_add_module: 3 debug prints in module lp3972
[    1.043172] dynamic_debug:ddebug_add_module: 6 debug prints in module tty_io
[    1.043304] dynamic_debug:ddebug_add_module: 1 debug prints in module vt_ioctl
[    1.043472] dynamic_debug:ddebug_add_module: 5 debug prints in module serial_core
[    1.043635] dynamic_debug:ddebug_add_module: 4 debug prints in module 8250
[    1.043760] dynamic_debug:ddebug_add_module: 5 debug prints in module 8250_base
[    1.043923] dynamic_debug:ddebug_add_module: 1 debug prints in module tpm
[    1.044049] dynamic_debug:ddebug_add_module: 10 debug prints in module tpm_tis_core
[    1.044207] dynamic_debug:ddebug_add_module: 2 debug prints in module dmar
[    1.044332] dynamic_debug:ddebug_add_module: 3 debug prints in module drm
[    1.044457] dynamic_debug:ddebug_add_module: 3 debug prints in module ttm
[    1.044587] dynamic_debug:ddebug_add_module: 2 debug prints in module radeon
[    1.044715] dynamic_debug:ddebug_add_module: 17 debug prints in module vgaarb
[    1.044840] dynamic_debug:ddebug_add_module: 7 debug prints in module component
[    1.045004] dynamic_debug:ddebug_add_module: 11 debug prints in module core
[    1.045136] dynamic_debug:ddebug_add_module: 9 debug prints in module bus
[    1.045274] dynamic_debug:ddebug_add_module: 17 debug prints in module dd
[    1.045402] dynamic_debug:ddebug_add_module: 5 debug prints in module class
[    1.045527] dynamic_debug:ddebug_add_module: 4 debug prints in module platform
[    1.045688] dynamic_debug:ddebug_add_module: 7 debug prints in module firmware_class
[    1.045847] dynamic_debug:ddebug_add_module: 1 debug prints in module regmap
[    1.045974] dynamic_debug:ddebug_add_module: 7 debug prints in module regcache
[    1.046132] dynamic_debug:ddebug_add_module: 1 debug prints in module regcache_lzo
[    1.046292] dynamic_debug:ddebug_add_module: 1 debug prints in module dma_buf
[    1.046417] dynamic_debug:ddebug_add_module: 3 debug prints in module scsi_mod
[    1.046587] dynamic_debug:ddebug_add_module: 2 debug prints in module libphy
[    1.046718] dynamic_debug:ddebug_add_module: 1 debug prints in module r8169
[    1.046855] dynamic_debug:ddebug_add_module: 98 debug prints in module cdrom
[    1.047006] dynamic_debug:ddebug_add_module: 150 debug prints in module usbcore
[    1.047165] dynamic_debug:ddebug_add_module: 5 debug prints in module phy
[    1.047291] dynamic_debug:ddebug_add_module: 10 debug prints in module pci_quirks
[    1.047459] dynamic_debug:ddebug_add_module: 55 debug prints in module ehci_hcd
[    1.047617] dynamic_debug:ddebug_add_module: 2 debug prints in module ehci_pci
[    1.047783] dynamic_debug:ddebug_add_module: 46 debug prints in module ohci_hcd
[    1.048023] dynamic_debug:ddebug_add_module: 263 debug prints in module xhci_hcd
[    1.048235] dynamic_debug:ddebug_add_module: 3 debug prints in module xhci_pci
[    1.048398] dynamic_debug:ddebug_add_module: 10 debug prints in module usb_storage
[    1.048560] dynamic_debug:ddebug_add_module: 1 debug prints in module ums_realtek
[    1.048726] dynamic_debug:ddebug_add_module: 6 debug prints in module input_core
[    1.048892] dynamic_debug:ddebug_add_module: 4 debug prints in module atkbd
[    1.049019] dynamic_debug:ddebug_add_module: 15 debug prints in module psmouse
[    1.049182] dynamic_debug:ddebug_add_module: 7 debug prints in module rtc_core
[    1.049349] dynamic_debug:ddebug_add_module: 5 debug prints in module rtc_cmos
[    1.049514] dynamic_debug:ddebug_add_module: 1 debug prints in module i2c_boardinfo
[    1.049691] dynamic_debug:ddebug_add_module: 20 debug prints in module i2c_core
[    1.049866] dynamic_debug:ddebug_add_module: 2 debug prints in module i2c_smbus
[    1.050034] dynamic_debug:ddebug_add_module: 17 debug prints in module i2c_algo_bit
[    1.050198] dynamic_debug:ddebug_add_module: 11 debug prints in module power_supply
[    1.050360] dynamic_debug:ddebug_add_module: 1 debug prints in module hwmon
[    1.050486] dynamic_debug:ddebug_add_module: 9 debug prints in module thermal_sys
[    1.050653] dynamic_debug:ddebug_add_module: 43 debug prints in module cpufreq
[    1.050816] dynamic_debug:ddebug_add_module: 9 debug prints in module freq_table
[    1.050985] dynamic_debug:ddebug_add_module: 2 debug prints in module cpufreq_stats
[    1.051151] dynamic_debug:ddebug_add_module: 1 debug prints in module cpufreq_performance
[    1.051325] dynamic_debug:ddebug_add_module: 22 debug prints in module acpi_cpufreq
[    1.051497] dynamic_debug:ddebug_add_module: 3 debug prints in module dmi_scan
[    1.051664] dynamic_debug:ddebug_add_module: 1 debug prints in module hid
[    1.051789] dynamic_debug:ddebug_add_module: 8 debug prints in module usbhid
[    1.051915] dynamic_debug:ddebug_add_module: 2 debug prints in module i386
[    1.052039] dynamic_debug:ddebug_add_module: 2 debug prints in module fixup
[    1.052168] dynamic_debug:ddebug_add_module: 7 debug prints in module irq
[    1.052293] dynamic_debug:ddebug_add_module: 1 debug prints in module sock
[    1.052421] dynamic_debug:ddebug_add_module: 17 debug prints in module dev
[    1.052546] dynamic_debug:ddebug_add_module: 2 debug prints in module sch_api
[    1.052676] dynamic_debug:ddebug_add_module: 1 debug prints in module act_api
[    1.052809] dynamic_debug:ddebug_add_module: 1 debug prints in module route
[    1.052944] dynamic_debug:ddebug_add_module: 1 debug prints in module ip_fragment
[    1.053111] dynamic_debug:ddebug_add_module: 1 debug prints in module ip_output
[    1.053273] dynamic_debug:ddebug_add_module: 1 debug prints in module tcp
[    1.053397] dynamic_debug:ddebug_add_module: 5 debug prints in module tcp_input
[    1.053559] dynamic_debug:ddebug_add_module: 3 debug prints in module tcp_output
[    1.053721] dynamic_debug:ddebug_add_module: 2 debug prints in module tcp_timer
[    1.053885] dynamic_debug:ddebug_add_module: 1 debug prints in module tcp_ipv4
[    1.054047] dynamic_debug:ddebug_add_module: 1 debug prints in module tcp_cong
[    1.054219] dynamic_debug:ddebug_add_module: 8 debug prints in module udp
[    1.054351] dynamic_debug:ddebug_add_module: 1 debug prints in module arp
[    1.054479] dynamic_debug:ddebug_add_module: 2 debug prints in module icmp
[    1.054603] dynamic_debug:ddebug_add_module: 1 debug prints in module devinet
[    1.054728] dynamic_debug:ddebug_add_module: 8 debug prints in module fib_trie
[    1.054892] dynamic_debug:ddebug_add_module: 1 debug prints in module inet_fragment
[    1.055057] dynamic_debug:ddebug_add_module: 24 debug prints in module ping
[    1.055180] dynamic_debug:ddebug_add_module: 1 debug prints in module sysctl_net_ipv4
[    1.055345] dynamic_debug:ddebug_add_module: 2 debug prints in module ip6_checksum
[    1.055504] dynamic_debug:dynamic_debug_init: 158 modules, 1525 entries and 6320 bytes in ddebug tables, 122011 bytes in (readonly) verbose section
[    1.055678] dynamic_debug:ddebug_dyndbg_boot_param_cb: BOOT_IMAGE="/boot/vmlinuz-linux-git"
[    1.055840] dynamic_debug:ddebug_dyndbg_boot_param_cb: root="UUID=96efaea0-86dc-485a-af36-36706f9f3908"
[    1.056004] dynamic_debug:ddebug_dyndbg_boot_param_cb: rw="(null)"
[    1.056124] dynamic_debug:ddebug_dyndbg_boot_param_cb: root_trim="yes"
[    1.056243] dynamic_debug:ddebug_dyndbg_boot_param_cb: rd.luks.allow-discards="(null)"
[    1.056403] dynamic_debug:ddebug_dyndbg_boot_param_cb: ipv6.disable="1"
[    1.056522] dynamic_debug:ddebug_dyndbg_boot_param_cb: pnp.debug="1"
[    1.056642] dynamic_debug:ddebug_dyndbg_boot_param_cb: loglevel="9"
[    1.056764] dynamic_debug:ddebug_dyndbg_boot_param_cb: log_buf_len="10M"
[    1.056885] dynamic_debug:ddebug_dyndbg_boot_param_cb: printk.always_kmsg_dump="y"
[    1.057048] dynamic_debug:ddebug_dyndbg_boot_param_cb: printk.time="y"
[    1.057172] dynamic_debug:ddebug_dyndbg_boot_param_cb: printk.devkmsg="on"
[    1.057295] dynamic_debug:ddebug_dyndbg_boot_param_cb: mminit_loglevel="0"
[    1.057414] dynamic_debug:ddebug_dyndbg_boot_param_cb: memory_corruption_check="1"
[    1.057570] dynamic_debug:ddebug_dyndbg_boot_param_cb: nohz="on"
[    1.057690] dynamic_debug:ddebug_dyndbg_boot_param_cb: rcu_nocbs="1-3"
[    1.057809] dynamic_debug:ddebug_dyndbg_boot_param_cb: fbcon="scrollback:4096k"
[    1.057967] dynamic_debug:ddebug_dyndbg_boot_param_cb: fbcon="font:ProFont6x11"
[    1.058124] dynamic_debug:ddebug_dyndbg_boot_param_cb: apic="debug"
[    1.058243] dynamic_debug:ddebug_dyndbg_boot_param_cb: dynamic_debug.verbose="1"
[    1.060316] dynamic_debug:ddebug_dyndbg_boot_param_cb: dyndbg="file arch/x86/kernel/apic/* +pflmt ; file drivers/video/* +pflmt ; file drivers/input/* -pflmt ; file drivers/acpi/* -pflmt"
[    1.060520] dynamic_debug:ddebug_exec_queries: query 0: "file arch/x86/kernel/apic/* +pflmt "
[    1.060685] dynamic_debug:ddebug_tokenize: split into words: "file" "arch/x86/kernel/apic/*" "+pflmt"
[    1.060974] dynamic_debug:ddebug_parse_flags: op='+'
[    1.061093] dynamic_debug:ddebug_parse_flags: flags=0x1f
[    1.061212] dynamic_debug:ddebug_parse_flags: *flagsp=0x1f *maskp=0xffffffff
[    1.061332] dynamic_debug:vpr_info_dq: parsed: func="" file="arch/x86/kernel/apic/*" module="" format="" lineno=0-0
[    1.061510] dynamic_debug:ddebug_change: changed arch/x86/kernel/apic/vector.c:919 [vector]print_PIC =pmflt
[    1.061671] dynamic_debug:ddebug_change: changed arch/x86/kernel/apic/vector.c:916 [vector]print_PIC =pmflt
[    1.061831] dynamic_debug:ddebug_change: changed arch/x86/kernel/apic/vector.c:906 [vector]print_PIC =pmflt
[    1.061994] dynamic_debug:ddebug_change: changed arch/x86/kernel/apic/vector.c:903 [vector]print_PIC =pmflt
[    1.062160] dynamic_debug:ddebug_change: changed arch/x86/kernel/apic/vector.c:898 [vector]print_PIC =pmflt
[    1.062324] dynamic_debug:ddebug_change: changed arch/x86/kernel/apic/vector.c:868 [vector]print_local_APIC =pmflt
[    1.062496] dynamic_debug:ddebug_change: changed arch/x86/kernel/apic/vector.c:865 [vector]print_local_APIC =pmflt
[    1.062657] dynamic_debug:ddebug_change: changed arch/x86/kernel/apic/vector.c:863 [vector]print_local_APIC =pmflt
[    1.062817] dynamic_debug:ddebug_change: changed arch/x86/kernel/apic/vector.c:858 [vector]print_local_APIC =pmflt
[    1.062983] dynamic_debug:ddebug_change: changed arch/x86/kernel/apic/vector.c:856 [vector]print_local_APIC =pmflt
[    1.063148] dynamic_debug:ddebug_change: changed arch/x86/kernel/apic/vector.c:854 [vector]print_local_APIC =pmflt
[    1.063318] dynamic_debug:ddebug_change: changed arch/x86/kernel/apic/vector.c:850 [vector]print_local_APIC =pmflt
[    1.063480] dynamic_debug:ddebug_change: changed arch/x86/kernel/apic/vector.c:845 [vector]print_local_APIC =pmflt
[    1.063640] dynamic_debug:ddebug_change: changed arch/x86/kernel/apic/vector.c:843 [vector]print_local_APIC =pmflt
[    1.063807] dynamic_debug:ddebug_change: changed arch/x86/kernel/apic/vector.c:840 [vector]print_local_APIC =pmflt
[    1.063972] dynamic_debug:ddebug_change: changed arch/x86/kernel/apic/vector.c:835 [vector]print_local_APIC =pmflt
[    1.064141] dynamic_debug:ddebug_change: changed arch/x86/kernel/apic/vector.c:832 [vector]print_local_APIC =pmflt
[    1.064311] dynamic_debug:ddebug_change: changed arch/x86/kernel/apic/vector.c:831 [vector]print_local_APIC =pmflt
[    1.064472] dynamic_debug:ddebug_change: changed arch/x86/kernel/apic/vector.c:827 [vector]print_local_APIC =pmflt
[    1.064633] dynamic_debug:ddebug_change: changed arch/x86/kernel/apic/vector.c:817 [vector]print_local_APIC =pmflt
[    1.064793] dynamic_debug:ddebug_change: changed arch/x86/kernel/apic/vector.c:815 [vector]print_local_APIC =pmflt
[    1.064956] dynamic_debug:ddebug_change: changed arch/x86/kernel/apic/vector.c:813 [vector]print_local_APIC =pmflt
[    1.065120] dynamic_debug:ddebug_change: changed arch/x86/kernel/apic/vector.c:811 [vector]print_local_APIC =pmflt
[    1.065284] dynamic_debug:ddebug_change: changed arch/x86/kernel/apic/vector.c:808 [vector]print_local_APIC =pmflt
[    1.065447] dynamic_debug:ddebug_change: changed arch/x86/kernel/apic/vector.c:805 [vector]print_local_APIC =pmflt
[    1.065621] dynamic_debug:ddebug_change: changed arch/x86/kernel/apic/vector.c:801 [vector]print_local_APIC =pmflt
[    1.065784] dynamic_debug:ddebug_change: changed arch/x86/kernel/apic/vector.c:792 [vector]print_local_APIC =pmflt
[    1.065949] dynamic_debug:ddebug_change: changed arch/x86/kernel/apic/vector.c:789 [vector]print_local_APIC =pmflt
[    1.066119] dynamic_debug:ddebug_change: changed arch/x86/kernel/apic/vector.c:782 [vector]print_local_APIC =pmflt
[    1.066286] dynamic_debug:ddebug_change: changed arch/x86/kernel/apic/vector.c:773 [vector]print_local_APIC =pmflt
[    1.066550] dynamic_debug:vpr_info_dq: applied: func="" file="arch/x86/kernel/apic/*" module="" format="" lineno=0-0
[    1.066763] dynamic_debug:ddebug_exec_queries: query 1: "file drivers/video/* +pflmt "
[    1.066928] dynamic_debug:ddebug_tokenize: split into words: "file" "drivers/video/*" "+pflmt"
[    1.067157] dynamic_debug:ddebug_parse_flags: op='+'
[    1.067276] dynamic_debug:ddebug_parse_flags: flags=0x1f
[    1.067396] dynamic_debug:ddebug_parse_flags: *flagsp=0x1f *maskp=0xffffffff
[    1.067515] dynamic_debug:vpr_info_dq: parsed: func="" file="drivers/video/*" module="" format="" lineno=0-0
[    1.067699] dynamic_debug:ddebug_change: changed drivers/video/backlight/backlight.c:333 [backlight]backlight_device_register =pmflt
[    1.067867] dynamic_debug:ddebug_change: changed drivers/video/backlight/backlight.c:177 [backlight]backlight_device_set_brightness =pmflt
[    1.068038] dynamic_debug:ddebug_change: changed drivers/video/backlight/backlight.c:146 [backlight]bl_power_store =pmflt
[    1.068202] dynamic_debug:ddebug_change: changed drivers/video/fbdev/core/fbmon.c:1082 [fb]fb_edid_add_monspecs =pmflt
[    1.068370] dynamic_debug:ddebug_change: changed drivers/video/fbdev/core/fbmon.c:1070 [fb]fb_edid_add_monspecs =pmflt
[    1.068538] dynamic_debug:ddebug_change: changed drivers/video/fbdev/core/fbmon.c:1033 [fb]fb_edid_add_monspecs =pmflt
[    1.068711] dynamic_debug:ddebug_change: changed drivers/video/fbdev/core/fbmon.c:1027 [fb]fb_edid_add_monspecs =pmflt
[    1.069000] dynamic_debug:vpr_info_dq: applied: func="" file="drivers/video/*" module="" format="" lineno=0-0
[    1.069204] dynamic_debug:ddebug_exec_queries: query 2: "file drivers/input/* -pflmt "
[    1.069361] dynamic_debug:ddebug_tokenize: split into words: "file" "drivers/input/*" "-pflmt"
[    1.069590] dynamic_debug:ddebug_parse_flags: op='-'
[    1.069710] dynamic_debug:ddebug_parse_flags: flags=0x1f
[    1.069833] dynamic_debug:ddebug_parse_flags: *flagsp=0x0 *maskp=0xffffffe0
[    1.069958] dynamic_debug:vpr_info_dq: parsed: func="" file="drivers/input/*" module="" format="" lineno=0-0
[    1.070315] dynamic_debug:vpr_info_dq: applied: func="" file="drivers/input/*" module="" format="" lineno=0-0
[    1.070526] dynamic_debug:ddebug_exec_queries: query 3: "file drivers/acpi/* -pflmt"
[    1.070687] dynamic_debug:ddebug_tokenize: split into words: "file" "drivers/acpi/*" "-pflmt"
[    1.070919] dynamic_debug:ddebug_parse_flags: op='-'
[    1.071038] dynamic_debug:ddebug_parse_flags: flags=0x1f
[    1.071157] dynamic_debug:ddebug_parse_flags: *flagsp=0x0 *maskp=0xffffffe0
[    1.071276] dynamic_debug:vpr_info_dq: parsed: func="" file="drivers/acpi/*" module="" format="" lineno=0-0
[    1.071461] dynamic_debug:ddebug_change: changed drivers/acpi/tables.c:211 [tables]acpi_table_print_madt_entry =_
[    1.071624] dynamic_debug:ddebug_change: changed drivers/acpi/tables.c:200 [tables]acpi_table_print_madt_entry =_
[    1.071793] dynamic_debug:ddebug_change: changed drivers/acpi/tables.c:177 [tables]acpi_table_print_madt_entry =_
[    1.071962] dynamic_debug:ddebug_change: changed drivers/acpi/tables.c:167 [tables]acpi_table_print_madt_entry =_
[    1.072125] dynamic_debug:ddebug_change: changed drivers/acpi/tables.c:92 [tables]acpi_table_print_madt_entry =_
[    1.072295] dynamic_debug:ddebug_change: changed drivers/acpi/tables.c:83 [tables]acpi_table_print_madt_entry =_
[    1.072458] dynamic_debug:ddebug_change: changed drivers/acpi/tables.c:73 [tables]acpi_table_print_madt_entry =_
[    1.072626] dynamic_debug:ddebug_change: changed drivers/acpi/osl.c:1644 [acpi]acpi_os_initialize =_
[    1.072791] dynamic_debug:ddebug_change: changed drivers/acpi/device_pm.c:734 [acpi]acpi_pm_device_run_wake =_
[    1.072966] dynamic_debug:ddebug_change: changed drivers/acpi/device_pm.c:633 [acpi]acpi_pm_device_sleep_state =_
[    1.073137] dynamic_debug:ddebug_change: changed drivers/acpi/bus.c:190 [acpi]acpi_print_osc_error =_
[    1.073301] dynamic_debug:ddebug_change: changed drivers/acpi/bus.c:188 [acpi]acpi_print_osc_error =_
[    1.073463] dynamic_debug:ddebug_change: changed drivers/acpi/bus.c:186 [acpi]acpi_print_osc_error =_
[    1.073625] dynamic_debug:ddebug_change: changed drivers/acpi/scan.c:1640 [acpi]acpi_device_dep_initialize =_
[    1.073788] dynamic_debug:ddebug_change: changed drivers/acpi/scan.c:1630 [acpi]acpi_device_dep_initialize =_
[    1.073952] dynamic_debug:ddebug_change: changed drivers/acpi/resource.c:230 [acpi]acpi_decode_space =_
[    1.074115] dynamic_debug:ddebug_change: changed drivers/acpi/resource.c:217 [acpi]acpi_decode_space =_
[    1.074277] dynamic_debug:ddebug_change: changed drivers/acpi/resource.c:61 [acpi]acpi_dev_resource_len_valid =_
[    1.074449] dynamic_debug:ddebug_change: changed drivers/acpi/ec.c:1557 [acpi]ec_correct_ecdt =_
[    1.074620] dynamic_debug:ddebug_change: changed drivers/acpi/ec.c:1544 [acpi]ec_clear_on_resume =_
[    1.074786] dynamic_debug:ddebug_change: changed drivers/acpi/ec.c:1165 [acpi]acpi_ec_event_handler =_
[    1.074951] dynamic_debug:ddebug_change: changed drivers/acpi/ec.c:1143 [acpi]acpi_ec_event_handler =_
[    1.075114] dynamic_debug:ddebug_change: changed drivers/acpi/ec.c:1108 [acpi]acpi_ec_query =_
[    1.075276] dynamic_debug:ddebug_change: changed drivers/acpi/ec.c:1106 [acpi]acpi_ec_query =_
[    1.075438] dynamic_debug:ddebug_change: changed drivers/acpi/ec.c:1066 [acpi]acpi_ec_event_processor =_
[    1.075601] dynamic_debug:ddebug_change: changed drivers/acpi/ec.c:1061 [acpi]acpi_ec_event_processor =_
[    1.075764] dynamic_debug:ddebug_change: changed drivers/acpi/ec.c:898 [acpi]acpi_ec_stop =_
[    1.075938] dynamic_debug:ddebug_change: changed drivers/acpi/ec.c:890 [acpi]acpi_ec_stop =_
[    1.076108] dynamic_debug:ddebug_change: changed drivers/acpi/ec.c:866 [acpi]acpi_ec_start =_
[    1.076274] dynamic_debug:ddebug_change: changed drivers/acpi/ec.c:862 [acpi]acpi_ec_start =_
[    1.078278] dynamic_debug:ddebug_change: changed drivers/acpi/ec.c:703 [acpi]acpi_ec_transaction_unlocked =_
[    1.078438] dynamic_debug:ddebug_change: changed drivers/acpi/ec.c:699 [acpi]acpi_ec_transaction_unlocked =_
[    1.078600] dynamic_debug:ddebug_change: changed drivers/acpi/ec.c:690 [acpi]acpi_ec_transaction_unlocked =_
[    1.078759] dynamic_debug:ddebug_change: changed drivers/acpi/ec.c:687 [acpi]acpi_ec_transaction_unlocked =_
[    1.078932] dynamic_debug:ddebug_change: changed drivers/acpi/ec.c:666 [acpi]ec_poll =_
[    1.079099] dynamic_debug:ddebug_change: changed drivers/acpi/ec.c:561 [acpi]advance_transaction =_
[    1.079264] dynamic_debug:ddebug_change: changed drivers/acpi/ec.c:525 [acpi]advance_transaction =_
[    1.079425] dynamic_debug:ddebug_change: changed drivers/acpi/ec.c:445 [acpi]acpi_ec_complete_query =_
[    1.079585] dynamic_debug:ddebug_change: changed drivers/acpi/ec.c:434 [acpi]acpi_ec_submit_query =_
[    1.079743] dynamic_debug:ddebug_change: changed drivers/acpi/ec.c:407 [acpi]acpi_ec_clear_storm =_
[    1.079905] dynamic_debug:ddebug_change: changed drivers/acpi/ec.c:397 [acpi]acpi_ec_set_storm =_
[    1.080072] dynamic_debug:ddebug_change: changed drivers/acpi/ec.c:336 [acpi]acpi_ec_enable_gpe =_
[    1.080231] dynamic_debug:ddebug_change: changed drivers/acpi/ec.c:284 [acpi]acpi_ec_write_data =_
[    1.080397] dynamic_debug:ddebug_change: changed drivers/acpi/ec.c:277 [acpi]acpi_ec_write_cmd =_
[    1.080565] dynamic_debug:ddebug_change: changed drivers/acpi/ec.c:271 [acpi]acpi_ec_read_data =_
[    1.080735] dynamic_debug:ddebug_change: changed drivers/acpi/ec.c:262 [acpi]acpi_ec_read_status =_
[    1.080896] dynamic_debug:ddebug_change: changed drivers/acpi/pci_root.c:770 [acpi]acpi_pci_probe_root_resources =_
[    1.081055] dynamic_debug:ddebug_change: changed drivers/acpi/pci_root.c:339 [acpi]acpi_get_pci_dev =_
[    1.081214] dynamic_debug:ddebug_change: changed drivers/acpi/pci_irq.c:526 [acpi]acpi_pci_irq_disable =_
[    1.081374] dynamic_debug:ddebug_change: changed drivers/acpi/pci_irq.c:486 [acpi]acpi_pci_irq_enable =_
[    1.081534] dynamic_debug:ddebug_change: changed drivers/acpi/acpi_platform.c:103 [acpi]acpi_create_platform_device =_
[    1.081696] dynamic_debug:ddebug_change: changed drivers/acpi/numa.c:181 [acpi]acpi_table_print_srat_entry =_
[    1.081868] dynamic_debug:ddebug_change: changed drivers/acpi/numa.c:169 [acpi]acpi_table_print_srat_entry =_
[    1.082031] dynamic_debug:ddebug_change: changed drivers/acpi/numa.c:157 [acpi]acpi_table_print_srat_entry =_
[    1.082200] dynamic_debug:ddebug_change: changed drivers/acpi/numa.c:140 [acpi]acpi_table_print_srat_entry =_
[    1.082365] dynamic_debug:ddebug_change: changed drivers/acpi/fan.c:359 [fan]acpi_fan_probe =_
[    1.082536] dynamic_debug:ddebug_change: changed drivers/acpi/fan.c:195 [fan]fan_set_state_acpi4 =_
[    1.082707] dynamic_debug:ddebug_change: changed drivers/acpi/fan.c:136 [fan]fan_get_state_acpi4 =_
[    1.082875] dynamic_debug:ddebug_change: changed drivers/acpi/acpi_video.c:1759 [video]acpi_video_should_register_backlight =_
[    1.083039] dynamic_debug:ddebug_change: changed drivers/acpi/pci_slot.c:136 [pci_slot]register_slot =_
[    1.083202] dynamic_debug:ddebug_change: changed drivers/acpi/pci_slot.c:81 [pci_slot]check_slot =_
[    1.083365] dynamic_debug:ddebug_change: changed drivers/acpi/pci_slot.c:73 [pci_slot]check_slot =_
[    1.083528] dynamic_debug:ddebug_change: changed drivers/acpi/pci_slot.c:61 [pci_slot]check_slot =_
[    1.083690] dynamic_debug:ddebug_change: changed drivers/acpi/processor_driver.c:184 [processor]acpi_pss_perf_init =_
[    1.083856] dynamic_debug:ddebug_change: changed drivers/acpi/processor_idle.c:1443 [processor]acpi_processor_power_init =_
[    1.084029] dynamic_debug:ddebug_change: changed drivers/acpi/processor_idle.c:1039 [processor]acpi_processor_evaluate_lpi =_
[    1.084202] dynamic_debug:ddebug_change: changed drivers/acpi/processor_idle.c:1034 [processor]acpi_processor_evaluate_lpi =_
[    1.084369] dynamic_debug:ddebug_change: changed drivers/acpi/processor_idle.c:981 [processor]acpi_processor_evaluate_lpi =_
[    1.084533] dynamic_debug:ddebug_change: changed drivers/acpi/processor_idle.c:972 [processor]acpi_processor_evaluate_lpi =_
[    1.084697] dynamic_debug:ddebug_change: changed drivers/acpi/processor_perflib.c:138 [processor]acpi_processor_get_platform_limit =_
[    1.084968] dynamic_debug:vpr_info_dq: applied: func="" file="drivers/acpi/*" module="" format="" lineno=0-0
[    1.085178] dynamic_debug:ddebug_exec_queries: processed 4 queries, with 132 matches, 0 errs
[    1.085335] dynamic_debug:ddebug_dyndbg_boot_param_cb: acpi_backlight="vendor"
[    1.085499] dynamic_debug:ddebug_dyndbg_boot_param_cb: radeon.audio="0"
[    1.085623] dynamic_debug:ddebug_dyndbg_boot_param_cb: radeon.lockup_timeout="999000"
[    1.085785] dynamic_debug:ddebug_dyndbg_boot_param_cb: radeon.test="0"
[    1.085907] dynamic_debug:ddebug_dyndbg_boot_param_cb: radeon.agpmode="-1"
[    1.086026] dynamic_debug:ddebug_dyndbg_boot_param_cb: radeon.benchmark="0"
[    1.086145] dynamic_debug:ddebug_dyndbg_boot_param_cb: radeon.tv="0"
[    1.086264] dynamic_debug:ddebug_dyndbg_boot_param_cb: radeon.hard_reset="1"
[    1.086383] dynamic_debug:ddebug_dyndbg_boot_param_cb: radeon.msi="1"
[    1.086502] dynamic_debug:ddebug_dyndbg_boot_param_cb: radeon.pcie_gen2="-1"
[    1.086621] dynamic_debug:ddebug_dyndbg_boot_param_cb: radeon.no_wb="1"
[    1.086741] dynamic_debug:ddebug_dyndbg_boot_param_cb: radeon.dynclks="0"
[    1.086862] dynamic_debug:ddebug_dyndbg_boot_param_cb: radeon.r4xx_atom="0"
[    1.086986] dynamic_debug:ddebug_dyndbg_boot_param_cb: radeonfb="(null)"
[    1.087109] dynamic_debug:ddebug_dyndbg_boot_param_cb: radeon.fastfb="1"
[    1.087232] dynamic_debug:ddebug_dyndbg_boot_param_cb: radeon.dpm="1"
[    1.087353] dynamic_debug:ddebug_dyndbg_boot_param_cb: radeon.runpm="1"
[    1.087473] dynamic_debug:ddebug_dyndbg_boot_param_cb: rd.debug="(null)"
[    1.087592] dynamic_debug:ddebug_dyndbg_boot_param_cb: rd.udev.debug="(null)"
[    1.087711] dynamic_debug:ddebug_dyndbg_boot_param_cb: rd.memdebug="3"
[    1.087830] dynamic_debug:ddebug_dyndbg_boot_param_cb: net.ifnames="1"
[    1.087951] dynamic_debug:ddebug_dyndbg_boot_param_cb: slub_debug="U"
[    1.088070] dynamic_debug:ddebug_dyndbg_boot_param_cb: pax_sanitize_slab="full"
[    1.088227] dynamic_debug:ddebug_dyndbg_boot_param_cb: noefi="(null)"
[    1.088346] dynamic_debug:ddebug_dyndbg_boot_param_cb: nolvm="(null)"
[    1.088467] dynamic_debug:ddebug_dyndbg_boot_param_cb: dobtrfs="(null)"
[    1.088590] dynamic_debug:ddebug_dyndbg_boot_param_cb: console="tty1"
[    1.088712] dynamic_debug:ddebug_dyndbg_boot_param_cb: earlyprintk="vga"
[    1.088831] dynamic_debug:ddebug_dyndbg_boot_param_cb: CPUunderclocking="(null)"
[    1.088989] dynamic_debug:ddebug_dyndbg_boot_param_cb: radeon.modeset="1"
[    1.089110] dynamic_debug:ddebug_dyndbg_boot_param_cb: audit="0"
[    1.089232] dynamic_debug:ddebug_dyndbg_boot_param_cb: systemd.log_target="kmsg"
[    1.089395] dynamic_debug:ddebug_dyndbg_boot_param_cb: enforcing="0"
[    1.089516] dynamic_debug:ddebug_dyndbg_boot_param_cb: pcie_aspm="off"
[    1.089635] dynamic_debug:ddebug_dyndbg_boot_param_cb: radeon.aspm="0"
[    1.089754] dynamic_debug:ddebug_dyndbg_boot_param_cb: udev.children-max="1256"
[    1.089913] dynamic_debug:ddebug_dyndbg_boot_param_cb: rd.udev.children-max="1256"
[    1.090125] MCE: In-kernel MCE decoding enabled.
[    1.091232] NMI watchdog: enabled on all CPUs, permanently consumes one hw-PMU counter.
[    1.091870] started {early_reset_EHCIs kernel/smp.c:1294}
[    1.092047] early_pci_allowed {early_reset_EHCIs kernel/smp.c:1300}
[    1.092320] Found EHCI on 00:12.2 {kline kernel/smp.c:1220}
[    1.092440] bar_val: f014a900 {kline kernel/smp.c:1223}
[    1.092561] ehci_bar: ffffffffff7fe900 {kline kernel/smp.c:1245}
[    1.092682] n_ports:    5 {kline kernel/smp.c:1252}
[    1.092803] FLAG_CF was already set which likely means BIOS USB Legacy is Disabled. {ehci_status kernel/smp.c:1036}
[    1.092965]   ehci cmd     : 00080B00 {ehci_status kernel/smp.c:1038}
[    1.093085]   ehci conf flg: 00000001 {ehci_status kernel/smp.c:1039}
[    1.093205]   ehci status  : 0000100C {ehci_status kernel/smp.c:1040}
[    1.093325] port 1 status 00001000 {ehci_status kernel/smp.c:1043}
[    1.093445] port 2 status 00001000 {ehci_status kernel/smp.c:1043}
[    1.093565] port 3 status 00001000 {ehci_status kernel/smp.c:1043}
[    1.093685] port 4 status 00001000 {ehci_status kernel/smp.c:1043}
[    1.093808] port 5 status 00001000 {ehci_status kernel/smp.c:1043}
[    1.093930] ended {kline kernel/smp.c:1285}
[    1.094062] Found EHCI on 00:13.2 {kline kernel/smp.c:1220}
[    1.094184] bar_val: f014a800 {kline kernel/smp.c:1223}
[    1.094304] ehci_bar: ffffffffff7fe800 {kline kernel/smp.c:1245}
[    1.094425] n_ports:    5 {kline kernel/smp.c:1252}
[    1.094496] FLAG_CF was already set which likely means BIOS USB Legacy is Disabled. {ehci_status kernel/smp.c:1036}
[    1.094652]   ehci cmd     : 00080B00 {ehci_status kernel/smp.c:1038}
[    1.094774]   ehci conf flg: 00000001 {ehci_status kernel/smp.c:1039}
[    1.094897]   ehci status  : 0000100C {ehci_status kernel/smp.c:1040}
[    1.095021] port 1 status 00001803 {ehci_status kernel/smp.c:1043}
[    1.095144] port 2 status 00001000 {ehci_status kernel/smp.c:1043}
[    1.095267] port 3 status 00001803 {ehci_status kernel/smp.c:1043}
[    1.095387] port 4 status 00001000 {ehci_status kernel/smp.c:1043}
[    1.095507] port 5 status 00001000 {ehci_status kernel/smp.c:1043}
[    1.095626] ended {kline kernel/smp.c:1285}
[    1.166036] ended, failed 0 times {early_reset_EHCIs kernel/smp.c:1313}
[    1.166156] All EHCI controllers were reset. {smp_init kernel/smp.c:1333}
[    1.169871] smpboot: ++++++++++++++++++++=_---CPU UP  1
[    1.170067] x86: Booting SMP configuration:
[    1.170194] .... node  #0, CPUs:      #1
[    1.170298] smpboot: Setting warm reset code and vector.
[    1.170546] smpboot: 1.
[    1.170670] smpboot: 2.
[    1.170794] smpboot: 3.
[    1.170923] smpboot: Asserting INIT
[    1.171048] smpboot: Waiting for send to finish...
[    1.171174] smpboot: Deasserting INIT
[    1.171299] smpboot: Waiting for send to finish...
[    1.171425] smpboot: #startup loops: 2
[    1.171550] smpboot: Sending STARTUP #1
[    1.171676] smpboot: After apic_write
[    1.171810] smpboot: Startup point 1
[    1.173980] smpboot: Waiting for send to finish...
[    1.174116] smpboot: Sending STARTUP #2
[    1.174241] smpboot: After apic_write
[    1.174375] smpboot: Startup point 1
[    1.174502] smpboot: Waiting for send to finish...
[    1.174641] smpboot: After Startup
[    1.079840] masked ExtINT on CPU#1
[    1.079858] [Firmware Info]: CPU: 'AMD A6-3400M APU with Radeon(tm) HD Graphics' has AMD errata 665 Integer Divide Instruction May Cause Unpredictable Behavior.'
[    1.079859] [Firmware Info]: CPU: Double-checked CPU type. 'AMD A6-3400M APU with Radeon(tm) HD Graphics'
[    1.079860] [Firmware Info]: CPU: Setting workaround for 665...(set 'no665wo' in /proc/cmdline to disable)
[    1.139864] smpboot: Stack at about ffff8e3dcbb33f30
[    1.236890] TSC synchronization [CPU#0 -> CPU#1]:
[    1.237880] Measured 132706702 cycles TSC warp between CPUs, turning off TSC clock.
[    1.238061] tsc: Marking TSC unstable due to check_tsc_sync_source failed
[    1.241947] smpboot: ++++++++++++++++++++=_---CPU UP  2
[    1.242141]  #2
[    1.242177] smpboot: Setting warm reset code and vector.
[    1.242425] smpboot: 1.
[    1.242549] smpboot: 2.
[    1.242673] smpboot: 3.
[    1.242797] smpboot: Asserting INIT
[    1.242928] smpboot: Waiting for send to finish...
[    1.243055] smpboot: Deasserting INIT
[    1.243180] smpboot: Waiting for send to finish...
[    1.243306] smpboot: #startup loops: 2
[    1.243431] smpboot: Sending STARTUP #1
[    1.243555] smpboot: After apic_write
[    1.243690] smpboot: Startup point 1
[    1.243811] smpboot: Waiting for send to finish...
[    1.243950] smpboot: Sending STARTUP #2
[    1.244074] smpboot: After apic_write
[    1.244209] smpboot: Startup point 1
[    1.244334] smpboot: Waiting for send to finish...
[    1.244468] smpboot: After Startup
[    1.115396] masked ExtINT on CPU#2
[    1.115411] [Firmware Info]: CPU: 'AMD A6-3400M APU with Radeon(tm) HD Graphics' has AMD errata 665 Integer Divide Instruction May Cause Unpredictable Behavior.'
[    1.115412] [Firmware Info]: CPU: Double-checked CPU type. 'AMD A6-3400M APU with Radeon(tm) HD Graphics'
[    1.115412] [Firmware Info]: CPU: Setting workaround for 665...(set 'no665wo' in /proc/cmdline to disable)
[    1.174596] smpboot: Stack at about ffff8e3dcbb37f30
[    1.196058] smpboot: ++++++++++++++++++++=_---CPU UP  3
[    1.197007]  #3
[    1.197044] smpboot: Setting warm reset code and vector.
[    1.197292] smpboot: 1.
[    1.197417] smpboot: 2.
[    1.197541] smpboot: 3.
[    1.197666] smpboot: Asserting INIT
[    1.197787] smpboot: Waiting for send to finish...
[    1.198003] smpboot: Deasserting INIT
[    1.198124] smpboot: Waiting for send to finish...
[    1.198245] smpboot: #startup loops: 2
[    1.198365] smpboot: Sending STARTUP #1
[    1.198486] smpboot: After apic_write
[    1.198617] smpboot: Startup point 1
[    1.198735] smpboot: Waiting for send to finish...
[    1.198865] smpboot: Sending STARTUP #2
[    1.199001] smpboot: After apic_write
[    1.199132] smpboot: Startup point 1
[    1.199253] smpboot: Waiting for send to finish...
[    1.199383] smpboot: After Startup
[    0.002000] masked ExtINT on CPU#3
[    0.002000] [Firmware Info]: CPU: 'AMD A6-3400M APU with Radeon(tm) HD Graphics' has AMD errata 665 Integer Divide Instruction May Cause Unpredictable Behavior.'
[    0.002000] [Firmware Info]: CPU: Double-checked CPU type. 'AMD A6-3400M APU with Radeon(tm) HD Graphics'
[    0.002000] [Firmware Info]: CPU: Setting workaround for 665...(set 'no665wo' in /proc/cmdline to disable)
[    0.002000] smpboot: Stack at about ffff8e3dcbb43f30
[    1.259150] x86: Booted up 1 node, 4 CPUs
[    1.260129] CPUunderclocking: activating(?)=1 {apply_underclocking_if_needed kernel/smp.c:946}
[    1.260306] CPUunderclocking: activating... {apply_underclocking_if_needed kernel/smp.c:948}
[    1.260484] CPUunderclocking:   !! Rdmsr(1of2): core:0 idx:c0010064 ... {Rdmsr kernel/smp.c:696}
[    1.260651] CPUunderclocking:     !! Rdmsr(2of2): core:0 idx:c0010064 done. (resultx==8000017d000025e2 hi:8000017d lo:000025e2) {Rdmsr kernel/smp.c:712}
[    1.260812] CPUunderclocking:   !! Rdmsr(1of2): core:1 idx:c0010064 ... {Rdmsr kernel/smp.c:696}
[    1.261002] CPUunderclocking:     !! Rdmsr(2of2): core:1 idx:c0010064 done. (resultx==8000017d000025e2 hi:8000017d lo:000025e2) {Rdmsr kernel/smp.c:712}
[    1.261167] CPUunderclocking:   !! Rdmsr(1of2): core:2 idx:c0010064 ... {Rdmsr kernel/smp.c:696}
[    1.261337] CPUunderclocking:     !! Rdmsr(2of2): core:2 idx:c0010064 done. (resultx==8000017d000025e2 hi:8000017d lo:000025e2) {Rdmsr kernel/smp.c:712}
[    1.261506] CPUunderclocking:   !! Rdmsr(1of2): core:3 idx:c0010064 ... {Rdmsr kernel/smp.c:696}
[    1.261676] CPUunderclocking:     !! Rdmsr(2of2): core:3 idx:c0010064 done. (resultx==8000017d000025e2 hi:8000017d lo:000025e2) {Rdmsr kernel/smp.c:712}
[    1.261837] CPUunderclocking: !! Write(1of3) PState0 read : fid:30 did:2 vid:18 Multi:N/A {WritePState kernel/smp.c:854}
[    1.261997] CPUunderclocking: !! Write(2of3) PState0 write:6 did:0 vid:37 (multi:22) ... {WritePState kernel/smp.c:882}
[    1.262003] CPUunderclocking:   !! Wrmsr(before write): core:0/64 idx:c0010064 valx:8000017d00004a60 ...  {Wrmsr kernel/smp.c:637}
[    1.262171] CPUunderclocking:     !! Wrmsr(after write): done. {Wrmsr kernel/smp.c:676}
[    1.262336] CPUunderclocking:   !! Wrmsr(before write): core:1/64 idx:c0010064 valx:8000017d00004a60 ...  {Wrmsr kernel/smp.c:637}
[    1.262506] CPUunderclocking:     !! Wrmsr(after write): done. {Wrmsr kernel/smp.c:676}
[    1.262664] CPUunderclocking:   !! Wrmsr(before write): core:2/64 idx:c0010064 valx:8000017d00004a60 ...  {Wrmsr kernel/smp.c:637}
[    1.262828] CPUunderclocking:     !! Wrmsr(after write): done. {Wrmsr kernel/smp.c:676}
[    1.263003] CPUunderclocking:   !! Wrmsr(before write): core:3/64 idx:c0010064 valx:8000017d00004a60 ...  {Wrmsr kernel/smp.c:637}
[    1.263173] CPUunderclocking:     !! Wrmsr(after write): done. {Wrmsr kernel/smp.c:676}
[    1.263337] CPUunderclocking: !! Write(3of3) PState0 done. status:0 (0=success) {WritePState kernel/smp.c:884}
[    1.263503] CPUunderclocking:   !! Rdmsr(1of2): core:0 idx:c0010065 ... {Rdmsr kernel/smp.c:696}
[    1.263662] CPUunderclocking:     !! Rdmsr(2of2): core:0 idx:c0010065 done. (resultx==8000014000004fa3 hi:80000140 lo:00004fa3) {Rdmsr kernel/smp.c:712}
[    1.263824] CPUunderclocking:   !! Rdmsr(1of2): core:1 idx:c0010065 ... {Rdmsr kernel/smp.c:696}
[    1.264006] CPUunderclocking:     !! Rdmsr(2of2): core:1 idx:c0010065 done. (resultx==8000014000004fa3 hi:80000140 lo:00004fa3) {Rdmsr kernel/smp.c:712}
[    1.264175] CPUunderclocking:   !! Rdmsr(1of2): core:2 idx:c0010065 ... {Rdmsr kernel/smp.c:696}
[    1.264345] CPUunderclocking:     !! Rdmsr(2of2): core:2 idx:c0010065 done. (resultx==8000014000004fa3 hi:80000140 lo:00004fa3) {Rdmsr kernel/smp.c:712}
[    1.264513] CPUunderclocking:   !! Rdmsr(1of2): core:3 idx:c0010065 ... {Rdmsr kernel/smp.c:696}
[    1.264676] CPUunderclocking:     !! Rdmsr(2of2): core:3 idx:c0010065 done. (resultx==8000014000004fa3 hi:80000140 lo:00004fa3) {Rdmsr kernel/smp.c:712}
[    1.264839] CPUunderclocking: !! Write(1of3) PState1 read : fid:26 did:3 vid:39 Multi:N/A {WritePState kernel/smp.c:854}
[    1.265002] CPUunderclocking: !! Write(2of3) PState1 write:4 did:0 vid:42 (multi:20) ... {WritePState kernel/smp.c:882}
[    1.265170] CPUunderclocking:   !! Wrmsr(before write): core:0/64 idx:c0010065 valx:8000014000005440 ...  {Wrmsr kernel/smp.c:637}
[    1.265338] CPUunderclocking:     !! Wrmsr(after write): done. {Wrmsr kernel/smp.c:676}
[    1.265500] CPUunderclocking:   !! Wrmsr(before write): core:1/64 idx:c0010065 valx:8000014000005440 ...  {Wrmsr kernel/smp.c:637}
[    1.265665] CPUunderclocking:     !! Wrmsr(after write): done. {Wrmsr kernel/smp.c:676}
[    1.265825] CPUunderclocking:   !! Wrmsr(before write): core:2/64 idx:c0010065 valx:8000014000005440 ...  {Wrmsr kernel/smp.c:637}
[    1.266004] CPUunderclocking:     !! Wrmsr(after write): done. {Wrmsr kernel/smp.c:676}
[    1.266159] CPUunderclocking:   !! Wrmsr(before write): core:3/64 idx:c0010065 valx:8000014000005440 ...  {Wrmsr kernel/smp.c:637}
[    1.266322] CPUunderclocking:     !! Wrmsr(after write): done. {Wrmsr kernel/smp.c:676}
[    1.266477] CPUunderclocking: !! Write(3of3) PState1 done. status:0 (0=success) {WritePState kernel/smp.c:884}
[    1.266633] CPUunderclocking:   !! Rdmsr(1of2): core:0 idx:c0010066 ... {Rdmsr kernel/smp.c:696}
[    1.266789] CPUunderclocking:     !! Rdmsr(2of2): core:0 idx:c0010066 done. (resultx==8000013700005573 hi:80000137 lo:00005573) {Rdmsr kernel/smp.c:712}
[    1.267001] CPUunderclocking:   !! Rdmsr(1of2): core:1 idx:c0010066 ... {Rdmsr kernel/smp.c:696}
[    1.267161] CPUunderclocking:     !! Rdmsr(2of2): core:1 idx:c0010066 done. (resultx==8000013700005573 hi:80000137 lo:00005573) {Rdmsr kernel/smp.c:712}
[    1.267322] CPUunderclocking:   !! Rdmsr(1of2): core:2 idx:c0010066 ... {Rdmsr kernel/smp.c:696}
[    1.267483] CPUunderclocking:     !! Rdmsr(2of2): core:2 idx:c0010066 done. (resultx==8000013700005573 hi:80000137 lo:00005573) {Rdmsr kernel/smp.c:712}
[    1.267643] CPUunderclocking:   !! Rdmsr(1of2): core:3 idx:c0010066 ... {Rdmsr kernel/smp.c:696}
[    1.267805] CPUunderclocking:     !! Rdmsr(2of2): core:3 idx:c0010066 done. (resultx==8000013700005573 hi:80000137 lo:00005573) {Rdmsr kernel/smp.c:712}
[    1.268001] CPUunderclocking: !! Write(1of3) PState2 read : fid:23 did:3 vid:42 Multi:N/A {WritePState kernel/smp.c:854}
[    1.268162] CPUunderclocking: !! Write(2of3) PState2 write:2 did:0 vid:47 (multi:18) ... {WritePState kernel/smp.c:882}
[    1.268319] CPUunderclocking:   !! Wrmsr(before write): core:0/64 idx:c0010066 valx:8000013700005e20 ...  {Wrmsr kernel/smp.c:637}
[    1.269002] CPUunderclocking:     !! Wrmsr(after write): done. {Wrmsr kernel/smp.c:676}
[    1.269157] CPUunderclocking:   !! Wrmsr(before write): core:1/64 idx:c0010066 valx:8000013700005e20 ...  {Wrmsr kernel/smp.c:637}
[    1.269321] CPUunderclocking:     !! Wrmsr(after write): done. {Wrmsr kernel/smp.c:676}
[    1.269481] CPUunderclocking:   !! Wrmsr(before write): core:2/64 idx:c0010066 valx:8000013700005e20 ...  {Wrmsr kernel/smp.c:637}
[    1.269646] CPUunderclocking:     !! Wrmsr(after write): done. {Wrmsr kernel/smp.c:676}
[    1.270002] CPUunderclocking:   !! Wrmsr(before write): core:3/64 idx:c0010066 valx:8000013700005e20 ...  {Wrmsr kernel/smp.c:637}
[    1.270166] CPUunderclocking:     !! Wrmsr(after write): done. {Wrmsr kernel/smp.c:676}
[    1.270325] CPUunderclocking: !! Write(3of3) PState2 done. status:0 (0=success) {WritePState kernel/smp.c:884}
[    1.270485] CPUunderclocking:   !! Rdmsr(1of2): core:0 idx:c0010067 ... {Rdmsr kernel/smp.c:696}
[    1.270646] CPUunderclocking:     !! Rdmsr(2of2): core:0 idx:c0010067 done. (resultx==8000013200005b43 hi:80000132 lo:00005b43) {Rdmsr kernel/smp.c:712}
[    1.270809] CPUunderclocking:   !! Rdmsr(1of2): core:1 idx:c0010067 ... {Rdmsr kernel/smp.c:696}
[    1.271005] CPUunderclocking:     !! Rdmsr(2of2): core:1 idx:c0010067 done. (resultx==8000013200005b43 hi:80000132 lo:00005b43) {Rdmsr kernel/smp.c:712}
[    1.271169] CPUunderclocking:   !! Rdmsr(1of2): core:2 idx:c0010067 ... {Rdmsr kernel/smp.c:696}
[    1.271332] CPUunderclocking:     !! Rdmsr(2of2): core:2 idx:c0010067 done. (resultx==8000013200005b43 hi:80000132 lo:00005b43) {Rdmsr kernel/smp.c:712}
[    1.271496] CPUunderclocking:   !! Rdmsr(1of2): core:3 idx:c0010067 ... {Rdmsr kernel/smp.c:696}
[    1.271660] CPUunderclocking:     !! Rdmsr(2of2): core:3 idx:c0010067 done. (resultx==8000013200005b43 hi:80000132 lo:00005b43) {Rdmsr kernel/smp.c:712}
[    1.271824] CPUunderclocking: !! Write(1of3) PState3 read : fid:20 did:3 vid:45 Multi:N/A {WritePState kernel/smp.c:854}
[    1.272002] CPUunderclocking: !! Write(2of3) PState3 write:1 did:0 vid:49 (multi:17) ... {WritePState kernel/smp.c:882}
[    1.272163] CPUunderclocking:   !! Wrmsr(before write): core:0/64 idx:c0010067 valx:8000013200006210 ...  {Wrmsr kernel/smp.c:637}
[    1.272325] CPUunderclocking:     !! Wrmsr(after write): done. {Wrmsr kernel/smp.c:676}
[    1.272483] CPUunderclocking:   !! Wrmsr(before write): core:1/64 idx:c0010067 valx:8000013200006210 ...  {Wrmsr kernel/smp.c:637}
[    1.272649] CPUunderclocking:     !! Wrmsr(after write): done. {Wrmsr kernel/smp.c:676}
[    1.272808] CPUunderclocking:   !! Wrmsr(before write): core:2/64 idx:c0010067 valx:8000013200006210 ...  {Wrmsr kernel/smp.c:637}
[    1.273005] CPUunderclocking:     !! Wrmsr(after write): done. {Wrmsr kernel/smp.c:676}
[    1.273164] CPUunderclocking:   !! Wrmsr(before write): core:3/64 idx:c0010067 valx:8000013200006210 ...  {Wrmsr kernel/smp.c:637}
[    1.273331] CPUunderclocking:     !! Wrmsr(after write): done. {Wrmsr kernel/smp.c:676}
[    1.273489] CPUunderclocking: !! Write(3of3) PState3 done. status:0 (0=success) {WritePState kernel/smp.c:884}
[    1.273649] CPUunderclocking:   !! Rdmsr(1of2): core:0 idx:c0010068 ... {Rdmsr kernel/smp.c:696}
[    1.273811] CPUunderclocking:     !! Rdmsr(2of2): core:0 idx:c0010068 done. (resultx==8000012e00005d13 hi:8000012e lo:00005d13) {Rdmsr kernel/smp.c:712}
[    1.274001] CPUunderclocking:   !! Rdmsr(1of2): core:1 idx:c0010068 ... {Rdmsr kernel/smp.c:696}
[    1.274165] CPUunderclocking:     !! Rdmsr(2of2): core:1 idx:c0010068 done. (resultx==8000012e00005d13 hi:8000012e lo:00005d13) {Rdmsr kernel/smp.c:712}
[    1.274329] CPUunderclocking:   !! Rdmsr(1of2): core:2 idx:c0010068 ... {Rdmsr kernel/smp.c:696}
[    1.274493] CPUunderclocking:     !! Rdmsr(2of2): core:2 idx:c0010068 done. (resultx==8000012e00005d13 hi:8000012e lo:00005d13) {Rdmsr kernel/smp.c:712}
[    1.274655] CPUunderclocking:   !! Rdmsr(1of2): core:3 idx:c0010068 ... {Rdmsr kernel/smp.c:696}
[    1.274818] CPUunderclocking:     !! Rdmsr(2of2): core:3 idx:c0010068 done. (resultx==8000012e00005d13 hi:8000012e lo:00005d13) {Rdmsr kernel/smp.c:712}
[    1.274981] CPUunderclocking: !! Write(1of3) PState4 read : fid:17 did:3 vid:46 Multi:N/A {WritePState kernel/smp.c:854}
[    1.275002] CPUunderclocking: !! Write(2of3) PState4 write:0 did:0 vid:52 (multi:16) ... {WritePState kernel/smp.c:882}
[    1.275163] CPUunderclocking:   !! Wrmsr(before write): core:0/64 idx:c0010068 valx:8000012e00006800 ...  {Wrmsr kernel/smp.c:637}
[    1.275326] CPUunderclocking:     !! Wrmsr(after write): done. {Wrmsr kernel/smp.c:676}
[    1.275485] CPUunderclocking:   !! Wrmsr(before write): core:1/64 idx:c0010068 valx:8000012e00006800 ...  {Wrmsr kernel/smp.c:637}
[    1.275649] CPUunderclocking:     !! Wrmsr(after write): done. {Wrmsr kernel/smp.c:676}
[    1.275810] CPUunderclocking:   !! Wrmsr(before write): core:2/64 idx:c0010068 valx:8000012e00006800 ...  {Wrmsr kernel/smp.c:637}
[    1.276004] CPUunderclocking:     !! Wrmsr(after write): done. {Wrmsr kernel/smp.c:676}
[    1.276164] CPUunderclocking:   !! Wrmsr(before write): core:3/64 idx:c0010068 valx:8000012e00006800 ...  {Wrmsr kernel/smp.c:637}
[    1.276329] CPUunderclocking:     !! Wrmsr(after write): done. {Wrmsr kernel/smp.c:676}
[    1.276489] CPUunderclocking: !! Write(3of3) PState4 done. status:0 (0=success) {WritePState kernel/smp.c:884}
[    1.276649] CPUunderclocking:   !! Rdmsr(1of2): core:0 idx:c0010069 ... {Rdmsr kernel/smp.c:696}
[    1.276808] CPUunderclocking:     !! Rdmsr(2of2): core:0 idx:c0010069 done. (resultx==8000012b00005ee3 hi:8000012b lo:00005ee3) {Rdmsr kernel/smp.c:712}
[    1.277001] CPUunderclocking:   !! Rdmsr(1of2): core:1 idx:c0010069 ... {Rdmsr kernel/smp.c:696}
[    1.277165] CPUunderclocking:     !! Rdmsr(2of2): core:1 idx:c0010069 done. (resultx==8000012b00005ee3 hi:8000012b lo:00005ee3) {Rdmsr kernel/smp.c:712}
[    1.277329] CPUunderclocking:   !! Rdmsr(1of2): core:2 idx:c0010069 ... {Rdmsr kernel/smp.c:696}
[    1.277494] CPUunderclocking:     !! Rdmsr(2of2): core:2 idx:c0010069 done. (resultx==8000012b00005ee3 hi:8000012b lo:00005ee3) {Rdmsr kernel/smp.c:712}
[    1.277657] CPUunderclocking:   !! Rdmsr(1of2): core:3 idx:c0010069 ... {Rdmsr kernel/smp.c:696}
[    1.277820] CPUunderclocking:     !! Rdmsr(2of2): core:3 idx:c0010069 done. (resultx==8000012b00005ee3 hi:8000012b lo:00005ee3) {Rdmsr kernel/smp.c:712}
[    1.278002] CPUunderclocking: !! Write(1of3) PState5 read : fid:14 did:3 vid:47 Multi:N/A {WritePState kernel/smp.c:854}
[    1.278163] CPUunderclocking: !! Write(2of3) PState5 write:5 did:1 vid:55 (multi:14) ... {WritePState kernel/smp.c:882}
[    1.278326] CPUunderclocking:   !! Wrmsr(before write): core:0/64 idx:c0010069 valx:8000012b00006e51 ...  {Wrmsr kernel/smp.c:637}
[    1.278489] CPUunderclocking:     !! Wrmsr(after write): done. {Wrmsr kernel/smp.c:676}
[    1.278649] CPUunderclocking:   !! Wrmsr(before write): core:1/64 idx:c0010069 valx:8000012b00006e51 ...  {Wrmsr kernel/smp.c:637}
[    1.278814] CPUunderclocking:     !! Wrmsr(after write): done. {Wrmsr kernel/smp.c:676}
[    1.279002] CPUunderclocking:   !! Wrmsr(before write): core:2/64 idx:c0010069 valx:8000012b00006e51 ...  {Wrmsr kernel/smp.c:637}
[    1.279171] CPUunderclocking:     !! Wrmsr(after write): done. {Wrmsr kernel/smp.c:676}
[    1.279330] CPUunderclocking:   !! Wrmsr(before write): core:3/64 idx:c0010069 valx:8000012b00006e51 ...  {Wrmsr kernel/smp.c:637}
[    1.279495] CPUunderclocking:     !! Wrmsr(after write): done. {Wrmsr kernel/smp.c:676}
[    1.279656] CPUunderclocking: !! Write(3of3) PState5 done. status:0 (0=success) {WritePState kernel/smp.c:884}
[    1.279816] CPUunderclocking:   !! Rdmsr(1of2): core:0 idx:c001006a ... {Rdmsr kernel/smp.c:696}
[    1.280002] CPUunderclocking:     !! Rdmsr(2of2): core:0 idx:c001006a done. (resultx==80000127000060b3 hi:80000127 lo:000060b3) {Rdmsr kernel/smp.c:712}
[    1.280166] CPUunderclocking:   !! Rdmsr(1of2): core:1 idx:c001006a ... {Rdmsr kernel/smp.c:696}
[    1.280330] CPUunderclocking:     !! Rdmsr(2of2): core:1 idx:c001006a done. (resultx==80000127000060b3 hi:80000127 lo:000060b3) {Rdmsr kernel/smp.c:712}
[    1.280494] CPUunderclocking:   !! Rdmsr(1of2): core:2 idx:c001006a ... {Rdmsr kernel/smp.c:696}
[    1.280658] CPUunderclocking:     !! Rdmsr(2of2): core:2 idx:c001006a done. (resultx==80000127000060b3 hi:80000127 lo:000060b3) {Rdmsr kernel/smp.c:712}
[    1.280823] CPUunderclocking:   !! Rdmsr(1of2): core:3 idx:c001006a ... {Rdmsr kernel/smp.c:696}
[    1.281004] CPUunderclocking:     !! Rdmsr(2of2): core:3 idx:c001006a done. (resultx==80000127000060b3 hi:80000127 lo:000060b3) {Rdmsr kernel/smp.c:712}
[    1.281167] CPUunderclocking: !! Write(1of3) PState6 read : fid:11 did:3 vid:48 Multi:N/A {WritePState kernel/smp.c:854}
[    1.281328] CPUunderclocking: !! Write(2of3) PState6 write:2 did:1 vid:59 (multi:12) ... {WritePState kernel/smp.c:882}
[    1.281490] CPUunderclocking:   !! Wrmsr(before write): core:0/64 idx:c001006a valx:8000012700007621 ...  {Wrmsr kernel/smp.c:637}
[    1.281653] CPUunderclocking:     !! Wrmsr(after write): done. {Wrmsr kernel/smp.c:676}
[    1.281812] CPUunderclocking:   !! Wrmsr(before write): core:1/64 idx:c001006a valx:8000012700007621 ...  {Wrmsr kernel/smp.c:637}
[    1.281975] CPUunderclocking:     !! Wrmsr(after write): done. {Wrmsr kernel/smp.c:676}
[    1.282002] CPUunderclocking:   !! Wrmsr(before write): core:2/64 idx:c001006a valx:8000012700007621 ...  {Wrmsr kernel/smp.c:637}
[    1.282164] CPUunderclocking:     !! Wrmsr(after write): done. {Wrmsr kernel/smp.c:676}
[    1.282322] CPUunderclocking:   !! Wrmsr(before write): core:3/64 idx:c001006a valx:8000012700007621 ...  {Wrmsr kernel/smp.c:637}
[    1.282482] CPUunderclocking:     !! Wrmsr(after write): done. {Wrmsr kernel/smp.c:676}
[    1.282638] CPUunderclocking: !! Write(3of3) PState6 done. status:0 (0=success) {WritePState kernel/smp.c:884}
[    1.282796] CPUunderclocking:   !! Rdmsr(1of2): core:0 idx:c001006b ... {Rdmsr kernel/smp.c:696}
[    1.283002] CPUunderclocking:     !! Rdmsr(2of2): core:0 idx:c001006b done. (resultx==8000012500006504 hi:80000125 lo:00006504) {Rdmsr kernel/smp.c:712}
[    1.283160] CPUunderclocking:   !! Rdmsr(1of2): core:1 idx:c001006b ... {Rdmsr kernel/smp.c:696}
[    1.283322] CPUunderclocking:     !! Rdmsr(2of2): core:1 idx:c001006b done. (resultx==8000012500006504 hi:80000125 lo:00006504) {Rdmsr kernel/smp.c:712}
[    1.283483] CPUunderclocking:   !! Rdmsr(1of2): core:2 idx:c001006b ... {Rdmsr kernel/smp.c:696}
[    1.283644] CPUunderclocking:     !! Rdmsr(2of2): core:2 idx:c001006b done. (resultx==8000012500006504 hi:80000125 lo:00006504) {Rdmsr kernel/smp.c:712}
[    1.284001] CPUunderclocking:   !! Rdmsr(1of2): core:3 idx:c001006b ... {Rdmsr kernel/smp.c:696}
[    1.284163] CPUunderclocking:     !! Rdmsr(2of2): core:3 idx:c001006b done. (resultx==8000012500006504 hi:80000125 lo:00006504) {Rdmsr kernel/smp.c:712}
[    1.284324] CPUunderclocking: !! Write(1of3) PState7 read : fid:16 did:4 vid:50 Multi:N/A {WritePState kernel/smp.c:854}
[    1.285002] CPUunderclocking: !! Write(2of3) PState7 write:0 did:2 vid:67 (multi:8) ... {WritePState kernel/smp.c:882}
[    1.285163] CPUunderclocking:   !! Wrmsr(before write): core:0/64 idx:c001006b valx:8000012500008602 ...  {Wrmsr kernel/smp.c:637}
[    1.285327] CPUunderclocking:     !! Wrmsr(after write): done. {Wrmsr kernel/smp.c:676}
[    1.285485] CPUunderclocking:   !! Wrmsr(before write): core:1/64 idx:c001006b valx:8000012500008602 ...  {Wrmsr kernel/smp.c:637}
[    1.285654] CPUunderclocking:     !! Wrmsr(after write): done. {Wrmsr kernel/smp.c:676}
[    1.285813] CPUunderclocking:   !! Wrmsr(before write): core:2/64 idx:c001006b valx:8000012500008602 ...  {Wrmsr kernel/smp.c:637}
[    1.286004] CPUunderclocking:     !! Wrmsr(after write): done. {Wrmsr kernel/smp.c:676}
[    1.286164] CPUunderclocking:   !! Wrmsr(before write): core:3/64 idx:c001006b valx:8000012500008602 ...  {Wrmsr kernel/smp.c:637}
[    1.286329] CPUunderclocking:     !! Wrmsr(after write): done. {Wrmsr kernel/smp.c:676}
[    1.286488] CPUunderclocking: !! Write(3of3) PState7 done. status:0 (0=success) {WritePState kernel/smp.c:884}
[    1.286650] CPUunderclocking: Switching to another p-state temporarily so to ensure that the current one uses newly applied values {apply_underclocking_if_needed kernel/smp.c:954}
[    1.286853] CPUunderclocking:   !! Rdmsr(1of2): core:0 idx:c0010071 ... {Rdmsr kernel/smp.c:696}
[    1.287003] CPUunderclocking:     !! Rdmsr(2of2): core:0 idx:c0010071 done. (resultx==003160975a014e40 hi:00316097 lo:5a014e40) {Rdmsr kernel/smp.c:712}
[    1.287166] CPUunderclocking:   !! Rdmsr(1of2): core:1 idx:c0010071 ... {Rdmsr kernel/smp.c:696}
[    1.287331] CPUunderclocking:     !! Rdmsr(2of2): core:1 idx:c0010071 done. (resultx==003160975a014fa3 hi:00316097 lo:5a014fa3) {Rdmsr kernel/smp.c:712}
[    1.287494] CPUunderclocking:     !! Rdmsr(3of2): different results for cores(this is expected to be so, depending on load) core[0] != core[1] (see above KERN_DEBUG msgs) {Rdmsr kernel/smp.c:717}
[    1.287698] CPUunderclocking:   !! Rdmsr(1of2): core:2 idx:c0010071 ... {Rdmsr kernel/smp.c:696}
[    1.288005] CPUunderclocking:     !! Rdmsr(2of2): core:2 idx:c0010071 done. (resultx==003160975a014fa3 hi:00316097 lo:5a014fa3) {Rdmsr kernel/smp.c:712}
[    1.288169] CPUunderclocking:   !! Rdmsr(1of2): core:3 idx:c0010071 ... {Rdmsr kernel/smp.c:696}
[    1.288333] CPUunderclocking:     !! Rdmsr(2of2): core:3 idx:c0010071 done. (resultx==003160975a014e40 hi:00316097 lo:5a014e40) {Rdmsr kernel/smp.c:712}
[    1.288497] CPUunderclocking:     !! Rdmsr(3of2): different results for cores(this is expected to be so, depending on load) core[2] != core[3] (see above KERN_DEBUG msgs) {Rdmsr kernel/smp.c:717}
[    1.288702] CPUunderclocking: !! currentpstate:1 temppstate:7 {apply_underclocking_if_needed kernel/smp.c:962}
[    1.288863] CPUunderclocking:   !! Rdmsr(1of2): core:0 idx:c0010062 ... {Rdmsr kernel/smp.c:696}
[    1.289002] CPUunderclocking:     !! Rdmsr(2of2): core:0 idx:c0010062 done. (resultx==0000000000000000 hi:00000000 lo:00000000) {Rdmsr kernel/smp.c:712}
[    1.289166] CPUunderclocking:   !! Rdmsr(1of2): core:1 idx:c0010062 ... {Rdmsr kernel/smp.c:696}
[    1.289331] CPUunderclocking:     !! Rdmsr(2of2): core:1 idx:c0010062 done. (resultx==0000000000000000 hi:00000000 lo:00000000) {Rdmsr kernel/smp.c:712}
[    1.289494] CPUunderclocking:   !! Rdmsr(1of2): core:2 idx:c0010062 ... {Rdmsr kernel/smp.c:696}
[    1.289658] CPUunderclocking:     !! Rdmsr(2of2): core:2 idx:c0010062 done. (resultx==0000000000000000 hi:00000000 lo:00000000) {Rdmsr kernel/smp.c:712}
[    1.289822] CPUunderclocking:   !! Rdmsr(1of2): core:3 idx:c0010062 ... {Rdmsr kernel/smp.c:696}
[    1.290004] CPUunderclocking:     !! Rdmsr(2of2): core:3 idx:c0010062 done. (resultx==0000000000000000 hi:00000000 lo:00000000) {Rdmsr kernel/smp.c:712}
[    1.290169] CPUunderclocking:   !! Wrmsr(before write): core:0/64 idx:c0010062 valx:0000000000000006 ...  {Wrmsr kernel/smp.c:637}
[    1.290334] CPUunderclocking:     !! Wrmsr(after write): done. {Wrmsr kernel/smp.c:676}
[    1.290511] CPUunderclocking:   !! Wrmsr(before write): core:1/64 idx:c0010062 valx:0000000000000006 ...  {Wrmsr kernel/smp.c:637}
[    1.290698] CPUunderclocking:     !! Wrmsr(after write): done. {Wrmsr kernel/smp.c:676}
[    1.290875] CPUunderclocking:   !! Wrmsr(before write): core:2/64 idx:c0010062 valx:0000000000000006 ...  {Wrmsr kernel/smp.c:637}
[    1.291009] CPUunderclocking:     !! Wrmsr(after write): done. {Wrmsr kernel/smp.c:676}
[    1.291186] CPUunderclocking:   !! Wrmsr(before write): core:3/64 idx:c0010062 valx:0000000000000006 ...  {Wrmsr kernel/smp.c:637}
[    1.291371] CPUunderclocking:     !! Wrmsr(after write): done. {Wrmsr kernel/smp.c:676}
[    1.291547] CPUunderclocking:   !! Rdmsr(1of2): core:0 idx:c0010063 ... {Rdmsr kernel/smp.c:696}
[    1.291726] CPUunderclocking:     !! Rdmsr(2of2): core:0 idx:c0010063 done. (resultx==0000000000000006 hi:00000000 lo:00000006) {Rdmsr kernel/smp.c:712}
[    1.291909] CPUunderclocking:   !! Rdmsr(1of2): core:1 idx:c0010063 ... {Rdmsr kernel/smp.c:696}
[    1.292010] CPUunderclocking:     !! Rdmsr(2of2): core:1 idx:c0010063 done. (resultx==0000000000000000 hi:00000000 lo:00000000) {Rdmsr kernel/smp.c:712}
[    1.292194] CPUunderclocking:     !! Rdmsr(3of2): different results for cores(this is expected to be so, depending on load) core[0] != core[1] (see above KERN_DEBUG msgs) {Rdmsr kernel/smp.c:717}
[    1.292424] CPUunderclocking:   !! Rdmsr(1of2): core:2 idx:c0010063 ... {Rdmsr kernel/smp.c:696}
[    1.292608] CPUunderclocking:     !! Rdmsr(2of2): core:2 idx:c0010063 done. (resultx==0000000000000000 hi:00000000 lo:00000000) {Rdmsr kernel/smp.c:712}
[    1.292791] CPUunderclocking:   !! Rdmsr(1of2): core:3 idx:c0010063 ... {Rdmsr kernel/smp.c:696}
[    1.293010] CPUunderclocking:     !! Rdmsr(2of2): core:3 idx:c0010063 done. (resultx==0000000000000006 hi:00000000 lo:00000006) {Rdmsr kernel/smp.c:712}
[    1.293194] CPUunderclocking:     !! Rdmsr(3of2): different results for cores(this is expected to be so, depending on load) core[2] != core[3] (see above KERN_DEBUG msgs) {Rdmsr kernel/smp.c:717}
[    1.293425] CPUunderclocking: Waiting for PState to settle at wanted. Current: i(16bits)=6 j(64bits)=6 wantedpstate=6 tries left:9 {SetCurrentPState kernel/smp.c:926}
[    1.293652] CPUunderclocking:   !! Rdmsr(1of2): core:0 idx:c0010071 ... {Rdmsr kernel/smp.c:696}
[    1.293831] CPUunderclocking:     !! Rdmsr(2of2): core:0 idx:c0010071 done. (resultx==003160975a074e02 hi:00316097 lo:5a074e02) {Rdmsr kernel/smp.c:712}
[    1.294004] CPUunderclocking:   !! Rdmsr(1of2): core:1 idx:c0010071 ... {Rdmsr kernel/smp.c:696}
[    1.294187] CPUunderclocking:     !! Rdmsr(2of2): core:1 idx:c0010071 done. (resultx==003160975a014fa3 hi:00316097 lo:5a014fa3) {Rdmsr kernel/smp.c:712}
[    1.294372] CPUunderclocking:     !! Rdmsr(3of2): different results for cores(this is expected to be so, depending on load) core[0] != core[1] (see above KERN_DEBUG msgs) {Rdmsr kernel/smp.c:717}
[    1.294603] CPUunderclocking:   !! Rdmsr(1of2): core:2 idx:c0010071 ... {Rdmsr kernel/smp.c:696}
[    1.294785] CPUunderclocking:     !! Rdmsr(2of2): core:2 idx:c0010071 done. (resultx==003160975a014fa3 hi:00316097 lo:5a014fa3) {Rdmsr kernel/smp.c:712}
[    1.295004] CPUunderclocking:   !! Rdmsr(1of2): core:3 idx:c0010071 ... {Rdmsr kernel/smp.c:696}
[    1.295186] CPUunderclocking:     !! Rdmsr(2of2): core:3 idx:c0010071 done. (resultx==003160975a074e02 hi:00316097 lo:5a074e02) {Rdmsr kernel/smp.c:712}
[    1.295371] CPUunderclocking:     !! Rdmsr(3of2): different results for cores(this is expected to be so, depending on load) core[2] != core[3] (see above KERN_DEBUG msgs) {Rdmsr kernel/smp.c:717}
[    1.295601] CPUunderclocking: !! currentpstate:7 {apply_underclocking_if_needed kernel/smp.c:964}
[    1.295777] CPUunderclocking:   !! Rdmsr(1of2): core:0 idx:c0010062 ... {Rdmsr kernel/smp.c:696}
[    1.296006] CPUunderclocking:     !! Rdmsr(2of2): core:0 idx:c0010062 done. (resultx==0000000000000006 hi:00000000 lo:00000006) {Rdmsr kernel/smp.c:712}
[    1.296190] CPUunderclocking:   !! Rdmsr(1of2): core:1 idx:c0010062 ... {Rdmsr kernel/smp.c:696}
[    1.296371] CPUunderclocking:     !! Rdmsr(2of2): core:1 idx:c0010062 done. (resultx==0000000000000006 hi:00000000 lo:00000006) {Rdmsr kernel/smp.c:712}
[    1.296555] CPUunderclocking:   !! Rdmsr(1of2): core:2 idx:c0010062 ... {Rdmsr kernel/smp.c:696}
[    1.296737] CPUunderclocking:     !! Rdmsr(2of2): core:2 idx:c0010062 done. (resultx==0000000000000006 hi:00000000 lo:00000006) {Rdmsr kernel/smp.c:712}
[    1.296920] CPUunderclocking:   !! Rdmsr(1of2): core:3 idx:c0010062 ... {Rdmsr kernel/smp.c:696}
[    1.297009] CPUunderclocking:     !! Rdmsr(2of2): core:3 idx:c0010062 done. (resultx==0000000000000006 hi:00000000 lo:00000006) {Rdmsr kernel/smp.c:712}
[    1.297194] CPUunderclocking:   !! Wrmsr(before write): core:0/64 idx:c0010062 valx:0000000000000000 ...  {Wrmsr kernel/smp.c:637}
[    1.297379] CPUunderclocking:     !! Wrmsr(after write): done. {Wrmsr kernel/smp.c:676}
[    1.297536] CPUunderclocking:   !! Wrmsr(before write): core:1/64 idx:c0010062 valx:0000000000000000 ...  {Wrmsr kernel/smp.c:637}
[    1.297700] CPUunderclocking:     !! Wrmsr(after write): done. {Wrmsr kernel/smp.c:676}
[    1.298002] CPUunderclocking:   !! Wrmsr(before write): core:2/64 idx:c0010062 valx:0000000000000000 ...  {Wrmsr kernel/smp.c:637}
[    1.298164] CPUunderclocking:     !! Wrmsr(after write): done. {Wrmsr kernel/smp.c:676}
[    1.298320] CPUunderclocking:   !! Wrmsr(before write): core:3/64 idx:c0010062 valx:0000000000000000 ...  {Wrmsr kernel/smp.c:637}
[    1.298485] CPUunderclocking:     !! Wrmsr(after write): done. {Wrmsr kernel/smp.c:676}
[    1.298640] CPUunderclocking:   !! Rdmsr(1of2): core:0 idx:c0010063 ... {Rdmsr kernel/smp.c:696}
[    1.298798] CPUunderclocking:     !! Rdmsr(2of2): core:0 idx:c0010063 done. (resultx==0000000000000000 hi:00000000 lo:00000000) {Rdmsr kernel/smp.c:712}
[    1.298958] CPUunderclocking:   !! Rdmsr(1of2): core:1 idx:c0010063 ... {Rdmsr kernel/smp.c:696}
[    1.299006] CPUunderclocking:     !! Rdmsr(2of2): core:1 idx:c0010063 done. (resultx==0000000000000000 hi:00000000 lo:00000000) {Rdmsr kernel/smp.c:712}
[    1.299166] CPUunderclocking:   !! Rdmsr(1of2): core:2 idx:c0010063 ... {Rdmsr kernel/smp.c:696}
[    1.299328] CPUunderclocking:     !! Rdmsr(2of2): core:2 idx:c0010063 done. (resultx==0000000000000000 hi:00000000 lo:00000000) {Rdmsr kernel/smp.c:712}
[    1.299488] CPUunderclocking:   !! Rdmsr(1of2): core:3 idx:c0010063 ... {Rdmsr kernel/smp.c:696}
[    1.300005] CPUunderclocking:     !! Rdmsr(2of2): core:3 idx:c0010063 done. (resultx==0000000000000000 hi:00000000 lo:00000000) {Rdmsr kernel/smp.c:712}
[    1.300165] CPUunderclocking: Waiting for PState to settle at wanted. Current: i(16bits)=0 j(64bits)=0 wantedpstate=0 tries left:9 {SetCurrentPState kernel/smp.c:926}
[    1.300365] CPUunderclocking:   !! Rdmsr(1of2): core:0 idx:c0010071 ... {Rdmsr kernel/smp.c:696}
[    1.301003] CPUunderclocking:     !! Rdmsr(2of2): core:0 idx:c0010071 done. (resultx==003160975a014e40 hi:00316097 lo:5a014e40) {Rdmsr kernel/smp.c:712}
[    1.301166] CPUunderclocking:   !! Rdmsr(1of2): core:1 idx:c0010071 ... {Rdmsr kernel/smp.c:696}
[    1.301331] CPUunderclocking:     !! Rdmsr(2of2): core:1 idx:c0010071 done. (resultx==003160975a014fa3 hi:00316097 lo:5a014fa3) {Rdmsr kernel/smp.c:712}
[    1.301495] CPUunderclocking:     !! Rdmsr(3of2): different results for cores(this is expected to be so, depending on load) core[0] != core[1] (see above KERN_DEBUG msgs) {Rdmsr kernel/smp.c:717}
[    1.301699] CPUunderclocking:   !! Rdmsr(1of2): core:2 idx:c0010071 ... {Rdmsr kernel/smp.c:696}
[    1.301863] CPUunderclocking:     !! Rdmsr(2of2): core:2 idx:c0010071 done. (resultx==003160975a014fa3 hi:00316097 lo:5a014fa3) {Rdmsr kernel/smp.c:712}
[    1.302001] CPUunderclocking:   !! Rdmsr(1of2): core:3 idx:c0010071 ... {Rdmsr kernel/smp.c:696}
[    1.302165] CPUunderclocking:     !! Rdmsr(2of2): core:3 idx:c0010071 done. (resultx==003160975a014e40 hi:00316097 lo:5a014e40) {Rdmsr kernel/smp.c:712}
[    1.302329] CPUunderclocking:     !! Rdmsr(3of2): different results for cores(this is expected to be so, depending on load) core[2] != core[3] (see above KERN_DEBUG msgs) {Rdmsr kernel/smp.c:717}
[    1.302533] CPUunderclocking: !! currentpstate:1 {apply_underclocking_if_needed kernel/smp.c:966}
[    1.302692] CPUunderclocking: done. {apply_underclocking_if_needed kernel/smp.c:969}
[    1.302851] smpboot: Boot done
[    1.303001] ----------------
[    1.303120] | NMI testsuite:
[    1.303239] --------------------
[    1.303359]   remote IPI:  ok  |
[    1.307220]    local IPI:  ok  |
[    1.315020] --------------------
[    1.315214] Good, all   2 testcases passed! |
[    1.315339] ---------------------------------
[    1.315468] smpboot: Before bogomips
[    1.315595] smpboot: Total of 4 processors activated (11178.48 BogoMIPS)
[    1.315723] smpboot: Before bogocount - setting activated=1
[    1.318848] devtmpfs: initialized
[    1.319220] device: 'platform': device_add
[    1.319739] bus: 'platform': registered
[    1.320098] bus: 'cpu': registered
[    1.320286] device: 'cpu': device_add
[    1.320919] bus: 'container': registered
[    1.321014] device: 'container': device_add
[    1.324657] bus: 'workqueue': registered
[    1.324851] device: 'workqueue': device_add
[    1.325501] clocksource: jiffies: mask: 0xffffffff max_cycles: 0xffffffff, max_idle_ns: 1911260446275000 ns
[    1.325885] xor: measuring software checksum speed
[    1.336002]    prefetch64-sse:  8796.000 MB/sec
[    1.346002]    generic_sse:  7916.000 MB/sec
[    1.346175] xor: using function: prefetch64-sse (8796.000 MB/sec)
[    1.346313] atomic64_test: passed for x86-64 platform with CX8 and with SSE
[    1.346443] device class 'regulator': registering
[    1.346800] Registering platform device 'reg-dummy'. Parent at platform
[    1.346979] device: 'reg-dummy': device_add
[    1.347066] bus: 'platform': add device reg-dummy
[    1.347527] bus: 'platform': add driver reg-dummy
[    1.347732] bus: 'platform': driver_probe_device: matched device reg-dummy with driver reg-dummy
[    1.348002] bus: 'platform': really_probe: probing driver reg-dummy with device reg-dummy
[    1.348232] devices_kset: Moving reg-dummy to end of list
[    1.348447] regulator-dummy: no parameters
[    1.348627] device: 'regulator.0': device_add
[    1.349506] driver: 'reg-dummy': driver_bound: bound to device 'reg-dummy'
[    1.349680] bus: 'platform': really_probe: bound device reg-dummy to driver reg-dummy
[    1.350866] NET: Registered protocol family 16
[    1.351530] device class 'bdi': registering
[    1.351813] bus: 'platform': add driver ramoops
[    1.352173] device class 'pci_bus': registering
[    1.352596] bus: 'pci': registered
[    1.352778] device class 'backlight': registering
[    1.353002] device class 'tty': registering
[    1.353236] device class 'vtconsole': registering
[    1.353486] device: 'vtcon0': device_add
[    1.354237] bus: 'node': registered
[    1.354426] device: 'node': device_add
[    1.355044] bus: 'i2c': registered
[    1.355255] bus: 'i2c': add driver dummy
[    1.355558] i2c-core: driver [dummy] registered
[    1.359019] cpuidle: using governor ladder
[    1.363009] cpuidle: using governor menu
[    1.363888] ACPI FADT declares the system doesn't support PCIe ASPM, so disable it
[    1.364010] ACPI: bus type PCI registered
[    1.364137] acpiphp: ACPI Hot Plug PCI Controller Driver version: 0.5
[    1.364268] device class 'dmi': registering
[    1.364471] device: 'id': device_add
[    1.365789] PCI: MMCONFIG for domain 0000 [bus 00-3f] at [mem 0xf8000000-0xfbffffff] (base 0xf8000000)
[    1.366003] PCI: not using MMCONFIG
[    1.366134] PCI: Using configuration type 1 for base access
[    1.366260] PCI: Using configuration type 1 for extended access
[    1.366954] device: 'node0': device_add
[    1.367207] bus: 'node': add device node0
[    1.367650] device: 'cpu0': device_add
[    1.368027] bus: 'cpu': add device cpu0
[    1.368541] device: 'cpu1': device_add
[    1.368796] bus: 'cpu': add device cpu1
[    1.369313] device: 'cpu2': device_add
[    1.369566] bus: 'cpu': add device cpu2
[    1.370066] device: 'cpu3': device_add
[    1.370324] bus: 'cpu': add device cpu3
[    1.434577] device: 'writeback': device_add
[    1.434829] bus: 'workqueue': add device writeback
[    1.435582] HugeTLB registered 2 MB page size, pre-allocated 0 pages
[    1.436652] device class 'block': registering
[    1.454023] raid6: sse2x1   gen()  2988 MB/s
[    1.471005] raid6: sse2x1   xor()  3417 MB/s
[    1.488013] raid6: sse2x2   gen()  4601 MB/s
[    1.505005] raid6: sse2x2   xor()  4939 MB/s
[    1.522006] raid6: sse2x4   gen()  5566 MB/s
[    1.539005] raid6: sse2x4   xor()  2943 MB/s
[    1.539179] raid6: using algorithm sse2x4 gen() 5566 MB/s
[    1.539306] raid6: .... xor() 2943 MB/s, rmw enabled
[    1.539433] raid6: using intx1 recovery algorithm
[    1.539645] device class 'graphics': registering
[    1.540029] ACPI: Added _OSI(Module Device)
[    1.540203] ACPI: Added _OSI(Processor Device)
[    1.540330] ACPI: Added _OSI(3.0 _SCP Extensions)
[    1.540457] ACPI: Added _OSI(Processor Aggregator Device)
[    1.698716] ACPI: [Firmware Bug]: BIOS _OSI(Linux) query ignored
[    1.717292] ACPI : EC: +++++ EC started +++++
[    1.772492] ACPI: Interpreter enabled
[    1.772683] ACPI: (supports S0 S5)
[    1.772857] ACPI: Using IOAPIC for interrupt routing
[    1.778307] bus: 'acpi': registered
[    1.778502] PCI: MMCONFIG for domain 0000 [bus 00-3f] at [mem 0xf8000000-0xfbffffff] (base 0xf8000000)
[    1.792648] PCI: MMCONFIG at [mem 0xf8000000-0xfbffffff] reserved in ACPI motherboard resources
[    1.792912] PCI: Using host bridge windows from ACPI; if necessary, use "pci=nocrs" and report a bug
[    1.793420] device: 'LNXSYSTM:00': device_add
[    1.793670] bus: 'acpi': add device LNXSYSTM:00
[    1.794872] device: 'LNXCPU:00': device_add
[    1.795078] bus: 'acpi': add device LNXCPU:00
[    1.796224] device: 'LNXCPU:01': device_add
[    1.796473] bus: 'acpi': add device LNXCPU:01
[    1.797548] device: 'LNXCPU:02': device_add
[    1.797800] bus: 'acpi': add device LNXCPU:02
[    1.798891] device: 'LNXCPU:03': device_add
[    1.799079] bus: 'acpi': add device LNXCPU:03
[    1.801030] device: 'LNXSYBUS:00': device_add
[    1.801283] bus: 'acpi': add device LNXSYBUS:00
[    1.803229] device: 'PNP0C0C:00': device_add
[    1.803485] bus: 'acpi': add device PNP0C0C:00
[    1.805532] device: 'PNP0A08:00': device_add
[    1.805782] bus: 'acpi': add device PNP0A08:00
[    1.807787] device: 'PNP0C02:00': device_add
[    1.808034] bus: 'acpi': add device PNP0C02:00
[    1.810349] device: 'device:00': device_add
[    1.810600] bus: 'acpi': add device device:00
[    1.812500] device: 'device:01': device_add
[    1.812750] bus: 'acpi': add device device:01
[    1.814633] device: 'device:02': device_add
[    1.814879] bus: 'acpi': add device device:02
[    1.817147] device: 'device:03': device_add
[    1.817396] bus: 'acpi': add device device:03
[    1.819263] device: 'LNXVIDEO:00': device_add
[    1.819511] bus: 'acpi': add device LNXVIDEO:00
[    1.821760] device: 'device:04': device_add
[    1.822013] bus: 'acpi': add device device:04
[    1.824171] device: 'device:05': device_add
[    1.824423] bus: 'acpi': add device device:05
[    1.826281] device: 'device:06': device_add
[    1.826529] bus: 'acpi': add device device:06
[    1.828676] device: 'device:07': device_add
[    1.828927] bus: 'acpi': add device device:07
[    1.830775] device: 'device:08': device_add
[    1.831038] bus: 'acpi': add device device:08
[    1.833244] device: 'device:09': device_add
[    1.834077] bus: 'acpi': add device device:09
[    1.836250] device: 'device:0a': device_add
[    1.836500] bus: 'acpi': add device device:0a
[    1.838721] device: 'device:0b': device_add
[    1.838968] bus: 'acpi': add device device:0b
[    1.840883] device: 'device:0c': device_add
[    1.841080] bus: 'acpi': add device device:0c
[    1.843381] device: 'device:0d': device_add
[    1.843631] bus: 'acpi': add device device:0d
[    1.845530] device: 'device:0e': device_add
[    1.845780] bus: 'acpi': add device device:0e
[    1.848022] device: 'device:0f': device_add
[    1.848270] bus: 'acpi': add device device:0f
[    1.850133] device: 'device:10': device_add
[    1.850386] bus: 'acpi': add device device:10
[    1.852644] device: 'device:11': device_add
[    1.852894] bus: 'acpi': add device device:11
[    1.854745] device: 'device:12': device_add
[    1.855002] bus: 'acpi': add device device:12
[    1.856872] device: 'device:13': device_add
[    1.857078] bus: 'acpi': add device device:13
[    1.858978] device: 'device:14': device_add
[    1.859082] bus: 'acpi': add device device:14
[    1.861498] device: 'device:15': device_add
[    1.861749] bus: 'acpi': add device device:15
[    1.863602] device: 'device:16': device_add
[    1.863849] bus: 'acpi': add device device:16
[    1.865694] device: 'device:17': device_add
[    1.865940] bus: 'acpi': add device device:17
[    1.867806] device: 'device:18': device_add
[    1.868056] bus: 'acpi': add device device:18
[    1.870243] device: 'device:19': device_add
[    1.870491] bus: 'acpi': add device device:19
[    1.872380] device: 'device:1a': device_add
[    1.872629] bus: 'acpi': add device device:1a
[    1.874469] device: 'device:1b': device_add
[    1.874722] bus: 'acpi': add device device:1b
[    1.876978] device: 'device:1c': device_add
[    1.877079] bus: 'acpi': add device device:1c
[    1.879085] device: 'device:1d': device_add
[    1.879335] bus: 'acpi': add device device:1d
[    1.881214] device: 'device:1e': device_add
[    1.881462] bus: 'acpi': add device device:1e
[    1.883691] device: 'device:1f': device_add
[    1.883937] bus: 'acpi': add device device:1f
[    1.885786] device: 'device:20': device_add
[    1.886034] bus: 'acpi': add device device:20
[    1.888303] device: 'device:21': device_add
[    1.888553] bus: 'acpi': add device device:21
[    1.890400] device: 'device:22': device_add
[    1.890649] bus: 'acpi': add device device:22
[    1.892908] device: 'device:23': device_add
[    1.893084] bus: 'acpi': add device device:23
[    1.895374] device: 'device:24': device_add
[    1.895622] bus: 'acpi': add device device:24
[    1.898173] device: 'device:25': device_add
[    1.898421] bus: 'acpi': add device device:25
[    1.900283] device: 'device:26': device_add
[    1.900530] bus: 'acpi': add device device:26
[    1.902667] device: 'device:27': device_add
[    1.902915] bus: 'acpi': add device device:27
[    1.909256] device: 'device:28': device_add
[    1.909507] bus: 'acpi': add device device:28
[    1.915816] device: 'device:29': device_add
[    1.916066] bus: 'acpi': add device device:29
[    1.918252] device: 'device:2a': device_add
[    1.918502] bus: 'acpi': add device device:2a
[    1.924815] device: 'device:2b': device_add
[    1.925067] bus: 'acpi': add device device:2b
[    1.931493] device: 'device:2c': device_add
[    1.931745] bus: 'acpi': add device device:2c
[    1.934924] device: 'device:2d': device_add
[    1.935080] bus: 'acpi': add device device:2d
[    1.937067] device: 'device:2e': device_add
[    1.937316] bus: 'acpi': add device device:2e
[    1.940595] device: 'device:2f': device_add
[    1.940849] bus: 'acpi': add device device:2f
[    1.942734] device: 'device:30': device_add
[    1.942983] bus: 'acpi': add device device:30
[    1.945002] device: 'device:31': device_add
[    1.945252] bus: 'acpi': add device device:31
[    1.947384] device: 'device:32': device_add
[    1.947631] bus: 'acpi': add device device:32
[    1.950516] device: 'PNP0C0F:00': device_add
[    1.950763] bus: 'acpi': add device PNP0C0F:00
[    1.953725] device: 'PNP0C0F:01': device_add
[    1.953974] bus: 'acpi': add device PNP0C0F:01
[    1.956940] device: 'PNP0C0F:02': device_add
[    1.957079] bus: 'acpi': add device PNP0C0F:02
[    1.960203] device: 'PNP0C0F:03': device_add
[    1.960454] bus: 'acpi': add device PNP0C0F:03
[    1.963445] device: 'PNP0C0F:04': device_add
[    1.963694] bus: 'acpi': add device PNP0C0F:04
[    1.966764] device: 'PNP0C0F:05': device_add
[    1.967024] bus: 'acpi': add device PNP0C0F:05
[    1.970039] device: 'PNP0C0F:06': device_add
[    1.970289] bus: 'acpi': add device PNP0C0F:06
[    1.973297] device: 'PNP0C0F:07': device_add
[    1.973547] bus: 'acpi': add device PNP0C0F:07
[    1.975550] device: 'PNP0200:00': device_add
[    1.975800] bus: 'acpi': add device PNP0200:00
[    1.977727] device: 'PNP0C04:00': device_add
[    1.977977] bus: 'acpi': add device PNP0C04:00
[    1.979877] device: 'PNP0000:00': device_add
[    1.980083] bus: 'acpi': add device PNP0000:00
[    1.982031] device: 'PNP0B00:00': device_add
[    1.982279] bus: 'acpi': add device PNP0B00:00
[    1.984199] device: 'PNP0800:00': device_add
[    1.984448] bus: 'acpi': add device PNP0800:00
[    1.986336] device: 'PNP0100:00': device_add
[    1.986586] bus: 'acpi': add device PNP0100:00
[    1.988479] device: 'PNP0C02:01': device_add
[    1.988733] bus: 'acpi': add device PNP0C02:01
[    1.991144] device: 'PNP0C01:00': device_add
[    1.991394] bus: 'acpi': add device PNP0C01:00
[    1.993923] device: 'PNP0C09:00': device_add
[    1.994078] bus: 'acpi': add device PNP0C09:00
[    1.996739] device: 'ACPI0003:00': device_add
[    1.996989] bus: 'acpi': add device ACPI0003:00
[    2.001862] device: 'PNP0C0A:00': device_add
[    2.002084] bus: 'acpi': add device PNP0C0A:00
[    2.004745] device: 'VPC2004:00': device_add
[    2.005002] bus: 'acpi': add device VPC2004:00
[    2.006974] device: 'PNP0303:00': device_add
[    2.007078] bus: 'acpi': add device PNP0303:00
[    2.011276] device: 'SYN0326:00': device_add
[    2.011528] bus: 'acpi': add device SYN0326:00
[    2.013775] device: 'device:33': device_add
[    2.014034] bus: 'acpi': add device device:33
[    2.016246] device: 'device:34': device_add
[    2.016494] bus: 'acpi': add device device:34
[    2.018362] device: 'device:35': device_add
[    2.018613] bus: 'acpi': add device device:35
