[    0.000000] Linux version 4.7.0-g52ddb7e (z@myzee) (gcc version 6.1.1 20160707 (GCC) ) #13 SMP PREEMPT Sun Aug 7 17:51:14 EEST 2016
[    0.000000] Command line: BOOT_IMAGE=/boot/vmlinuz-linux-git root=UUID=96efaea0-86dc-485a-af36-36706f9f3908 rw root_trim=yes rd.luks.allow-discards ipv6.disable=1 pnp.debug=1 loglevel=9 log_buf_len=10M printk.always_kmsg_dump=y printk.time=y printk.devkmsg=on mminit_loglevel=0 memory_corruption_check=1 nohz=on rcu_nocbs=1-3 fbcon=scrollback:4096k fbcon=font:ProFont6x11 apic=debug dynamic_debug.verbose=1 "dyndbg=file arch/x86/kernel/apic/* +pflmt ; file drivers/video/* +pflmt ; file drivers/input/* -pflmt ; file drivers/acpi/* -pflmt" acpi_backlight=vendor radeon.audio=0 radeon.lockup_timeout=999000 radeon.test=0 radeon.agpmode=-1 radeon.benchmark=0 radeon.tv=0 radeon.hard_reset=1 radeon.msi=1 radeon.pcie_gen2=-1 radeon.no_wb=1 radeon.dynclks=0 radeon.r4xx_atom=0 radeonfb radeon.fastfb=1 radeon.dpm=1 radeon.runpm=1 rd.debug rd.udev.debug rd.memdebug=3 net.ifnames=1 slub_debug=U pax_sanitize_slab=full noefi nolvm dobtrfs console=tty1 earlyprintk=vga CPUunderclocking radeon.modeset=1 audit
[    0.000000] KERNEL supported cpus:
[    0.000000]   AMD AuthenticAMD
[    0.000000] x86/fpu: Legacy x87 FPU detected.
[    0.000000] x86/fpu: Using 'eager' FPU context switches.
[    0.000000] e820: BIOS-provided physical RAM map:
[    0.000000] BIOS-e820: [mem 0x0000000000000000-0x000000000009d7ff] usable
[    0.000000] BIOS-e820: [mem 0x000000000009d800-0x000000000009ffff] reserved
[    0.000000] BIOS-e820: [mem 0x00000000000e0000-0x00000000000fffff] reserved
[    0.000000] BIOS-e820: [mem 0x0000000000100000-0x00000000bed9afff] usable
[    0.000000] BIOS-e820: [mem 0x00000000bed9b000-0x00000000bf39afff] reserved
[    0.000000] BIOS-e820: [mem 0x00000000bf39b000-0x00000000bf49afff] ACPI NVS
[    0.000000] BIOS-e820: [mem 0x00000000bf49b000-0x00000000bf51afff] ACPI data
[    0.000000] BIOS-e820: [mem 0x00000000bf51b000-0x00000000bfdfffff] usable
[    0.000000] BIOS-e820: [mem 0x00000000bfe00000-0x00000000bfffffff] reserved
[    0.000000] BIOS-e820: [mem 0x00000000fec00000-0x00000000fecfffff] reserved
[    0.000000] BIOS-e820: [mem 0x00000000fed80000-0x00000000fed80fff] reserved
[    0.000000] BIOS-e820: [mem 0x00000000ffe00000-0x00000000ffffffff] reserved
[    0.000000] BIOS-e820: [mem 0x0000000100000000-0x000000041effffff] usable
[    0.000000] bootconsole [earlyvga0] enabled
[    0.000000] NX (Execute Disable) protection: active
[    0.000000] SMBIOS 2.6 present.
[    0.000000] DMI: LENOVO Sabine/Torpedo, BIOS 54CN18WW 07/20/2011
[    0.000000] e820: update [mem 0x00000000-0x00000fff] usable ==> reserved
[    0.000000] e820: remove [mem 0x000a0000-0x000fffff] usable
[    0.000000] e820: last_pfn = 0x41f000 max_arch_pfn = 0x400000000
[    0.000000] MTRR default type: uncachable
[    0.000000] MTRR fixed ranges enabled:
[    0.000000]   00000-9FFFF write-back
[    0.000000]   A0000-BFFFF uncachable
[    0.000000]   C0000-FFFFF write-protect
[    0.000000] MTRR variable ranges enabled:
[    0.000000]   0 base 0000000000 mask FF80000000 write-back
[    0.000000]   1 base 0080000000 mask FFC0000000 write-back
[    0.000000]   2 base 00FFF90000 mask FFFFFF0000 uncachable
[    0.000000]   3 base 00FED80000 mask 0FFFFFF000 uncachable
[    0.000000]   4 disabled
[    0.000000]   5 disabled
[    0.000000]   6 disabled
[    0.000000]   7 base 00FFE00000 mask FFFFE00000 write-protect
[    0.000000] TOM2: 000000041f000000 aka 16880M
[    0.000000] x86/PAT: Configuration [0-7]: WB  WC  UC- UC  WB  WC  UC- WT  
[    0.000000] mtrr: your BIOS has configured an incorrect mask, fixing it.
[    0.000000] e820: last_pfn = 0xbfe00 max_arch_pfn = 0x400000000
[    0.000000] Scan for SMP in [mem 0x00000000-0x000003ff]
[    0.000000] Scan for SMP in [mem 0x0009fc00-0x0009ffff]
[    0.000000] Scan for SMP in [mem 0x000f0000-0x000fffff]
[    0.000000] found SMP MP-table at [mem 0x000fa8b0-0x000fa8bf] mapped at [ffffa549c00fa8b0]
[    0.000000]   mpc: fa8c0-faa24
[    0.000000] Base memory trampoline at [ffffa549c0097000] 97000 size 24576
[    0.000000] Using GB pages for direct mapping
[    0.000000] BRK [0x221c30000, 0x221c30fff] PGTABLE
[    0.000000] BRK [0x221c31000, 0x221c31fff] PGTABLE
[    0.000000] BRK [0x221c32000, 0x221c32fff] PGTABLE
[    0.000000] BRK [0x221c33000, 0x221c33fff] PGTABLE
[    0.000000] BRK [0x221c34000, 0x221c34fff] PGTABLE
[    0.000000] BRK [0x221c35000, 0x221c35fff] PGTABLE
[    0.000000] log_buf_len: 16777216 bytes
[    0.000000] early log buf free: 2092580(99%)
[    0.000000] RAMDISK: [mem 0x37b83000-0x37db8fff]
[    0.000000] ACPI: Early table checksum verification disabled
[    0.000000] ACPI: RSDP 0x00000000000F0110 000024 (v02 LENOVO)
[    0.000000] ACPI: XSDT 0x00000000BF51A120 000074 (v01 LENOVO CB-01    00000001 LENO 00000001)
[    0.000000] ACPI: FACP 0x00000000BF508000 0000F4 (v04 LENOVO CB-01    00000001 PTL  00000001)
[    0.000000] ACPI: DSDT 0x00000000BF50A000 00FD10 (v01 LENOVO CB-01    00001000 LENO 00000001)
[    0.000000] ACPI: FACS 0x00000000BF478000 000040
[    0.000000] ACPI: FACS 0x00000000BF478000 000040
[    0.000000] ACPI: HPET 0x00000000BF507000 000038 (v01 LENOVO CB-01    00000001 PTL  00000001)
[    0.000000] ACPI: APIC 0x00000000BF506000 00007A (v02 LENOVO CB-01    00000001 PTL  00000001)
[    0.000000] ACPI: MCFG 0x00000000BF505000 00003C (v01 LENOVO CB-01    00000001 PTL  00000001)
[    0.000000] ACPI: SLIC 0x00000000BF504000 000176 (v01 LENOVO CB-01    00000001 LENO 00000001)
[    0.000000] ACPI: UEFI 0x00000000BF503000 00003E (v01 LENOVO CB-01    00000001 PTL  00000001)
[    0.000000] ACPI: UEFI 0x00000000BF502000 000042 (v01 PTL    COMBUF   00000001 PTL  00000001)
[    0.000000] ACPI: SSDT 0x00000000BF501000 000E34 (v01 AMD    POWERNOW 00000001 AMD  00000001)
[    0.000000] ACPI: SSDT 0x00000000BF4FF000 00193D (v02 AMD    ALIB     00000001 MSFT 04000000)
[    0.000000] ACPI: UEFI 0x00000000BF4FE000 0001DE (v01 LENOVO CB-01    00000001 PTL  00000001)
[    0.000000] ACPI: Local APIC address 0xfee00000
[    0.000000] mapped APIC to ffffffffff7fc000 (        fee00000)
[    0.000000] No NUMA configuration found
[    0.000000] Faking a node at [mem 0x0000000000000000-0x000000041effffff]
[    0.000000] NODE_DATA(0) allocated [mem 0x41dff9000-0x41dffcfff]
[    0.000000] Zone ranges:
[    0.000000]   DMA      [mem 0x0000000000001000-0x0000000000ffffff]
[    0.000000]   DMA32    [mem 0x0000000001000000-0x00000000ffffffff]
[    0.000000]   Normal   [mem 0x0000000100000000-0x000000041effffff]
[    0.000000] Movable zone start for each node
[    0.000000] Early memory node ranges
[    0.000000]   node   0: [mem 0x0000000000001000-0x000000000009cfff]
[    0.000000]   node   0: [mem 0x0000000000100000-0x00000000bed9afff]
[    0.000000]   node   0: [mem 0x00000000bf51b000-0x00000000bfdfffff]
[    0.000000]   node   0: [mem 0x0000000100000000-0x000000041effffff]
[    0.000000] Initmem setup node 0 [mem 0x0000000000001000-0x000000041effffff]
[    0.000000] On node 0 totalpages: 4056604
[    0.000000]   DMA zone: 64 pages used for memmap
[    0.000000]   DMA zone: 21 pages reserved
[    0.000000]   DMA zone: 3996 pages, LIFO batch:0
[    0.000000]   DMA32 zone: 12186 pages used for memmap
[    0.000000]   DMA32 zone: 779904 pages, LIFO batch:31
[    0.000000]   Normal zone: 51136 pages used for memmap
[    0.000000]   Normal zone: 3272704 pages, LIFO batch:31
[    0.000000] ACPI: PM-Timer IO Port: 0x808
[    0.000000] ACPI: Local APIC address 0xfee00000
[    0.000000] mapped APIC to ffffffffff7fc000 (        fee00000)
[    0.000000] ACPI: LAPIC (acpi_id[0x00] lapic_id[0x00] enabled)
[    0.000000] ACPI: LAPIC (acpi_id[0x01] lapic_id[0x01] enabled)
[    0.000000] ACPI: LAPIC (acpi_id[0x02] lapic_id[0x02] enabled)
[    0.000000] ACPI: LAPIC (acpi_id[0x03] lapic_id[0x03] enabled)
[    0.000000] ACPI: LAPIC_NMI (acpi_id[0x00] high edge lint[0x1])
[    0.000000] ACPI: LAPIC_NMI (acpi_id[0x01] high edge lint[0x1])
[    0.000000] ACPI: LAPIC_NMI (acpi_id[0x02] high edge lint[0x1])
[    0.000000] ACPI: LAPIC_NMI (acpi_id[0x03] high edge lint[0x1])
[    0.000000] ACPI: IOAPIC (id[0x02] address[0xfec00000] gsi_base[0])
[    0.000000] IOAPIC[0]: apic_id 2, version 33, address 0xfec00000, GSI 0-23
[    0.000000] ACPI: INT_SRC_OVR (bus 0 bus_irq 0 global_irq 2 dfl dfl)
[    0.000000] Int: type 0, pol 0, trig 0, bus 00, IRQ 00, APIC ID 2, APIC INT 02
[    0.000000] Int: type 0, pol 3, trig 3, bus 00, IRQ 09, APIC ID 2, APIC INT 09
[    0.000000] ACPI: IRQ0 used by override.
[    0.000000] Int: type 0, pol 0, trig 0, bus 00, IRQ 01, APIC ID 2, APIC INT 01
[    0.000000] Int: type 0, pol 0, trig 0, bus 00, IRQ 03, APIC ID 2, APIC INT 03
[    0.000000] Int: type 0, pol 0, trig 0, bus 00, IRQ 04, APIC ID 2, APIC INT 04
[    0.000000] Int: type 0, pol 0, trig 0, bus 00, IRQ 05, APIC ID 2, APIC INT 05
[    0.000000] Int: type 0, pol 0, trig 0, bus 00, IRQ 06, APIC ID 2, APIC INT 06
[    0.000000] Int: type 0, pol 0, trig 0, bus 00, IRQ 07, APIC ID 2, APIC INT 07
[    0.000000] Int: type 0, pol 0, trig 0, bus 00, IRQ 08, APIC ID 2, APIC INT 08
[    0.000000] ACPI: IRQ9 used by override.
[    0.000000] Int: type 0, pol 0, trig 0, bus 00, IRQ 0a, APIC ID 2, APIC INT 0a
[    0.000000] Int: type 0, pol 0, trig 0, bus 00, IRQ 0b, APIC ID 2, APIC INT 0b
[    0.000000] Int: type 0, pol 0, trig 0, bus 00, IRQ 0c, APIC ID 2, APIC INT 0c
[    0.000000] Int: type 0, pol 0, trig 0, bus 00, IRQ 0d, APIC ID 2, APIC INT 0d
[    0.000000] Int: type 0, pol 0, trig 0, bus 00, IRQ 0e, APIC ID 2, APIC INT 0e
[    0.000000] Int: type 0, pol 0, trig 0, bus 00, IRQ 0f, APIC ID 2, APIC INT 0f
[    0.000000] Using ACPI (MADT) for SMP configuration information
[    0.000000] ACPI: HPET id: 0x43538210 base: 0xfed00000
[    0.000000] smpboot: Allowing 4 CPUs, 0 hotplug CPUs
[    0.000000] mapped IOAPIC to ffffffffff7fb000 (fec00000)
[    0.000000] e820: [mem 0xc0000000-0xfebfffff] available for PCI devices
[    0.000000] clocksource: refined-jiffies: mask: 0xffffffff max_cycles: 0xffffffff, max_idle_ns: 1910969940391419 ns
[    0.000000] setup_percpu: NR_CPUS:64 nr_cpumask_bits:64 nr_cpu_ids:4 nr_node_ids:1
[    0.000000] percpu: Embedded 33 pages/cpu @ffffa54dddc00000 s95832 r8192 d31144 u524288
[    0.000000] pcpu-alloc: s95832 r8192 d31144 u524288 alloc=1*2097152
[    0.000000] pcpu-alloc: [0] 0 1 2 3 
[    0.000000] Built 1 zonelists in Node order, mobility grouping on.  Total pages: 3993197
[    0.000000] Policy zone: Normal
[    0.000000] Kernel command line: BOOT_IMAGE=/boot/vmlinuz-linux-git root=UUID=96efaea0-86dc-485a-af36-36706f9f3908 rw root_trim=yes rd.luks.allow-discards ipv6.disable=1 pnp.debug=1 loglevel=9 log_buf_len=10M printk.always_kmsg_dump=y printk.time=y printk.devkmsg=on mminit_loglevel=0 memory_corruption_check=1 nohz=on rcu_nocbs=1-3 fbcon=scrollback:4096k fbcon=font:ProFont6x11 apic=debug dynamic_debug.verbose=1 "dyndbg=file arch/x86/kernel/apic/* +pflmt ; file drivers/video/* +pflmt ; file drivers/input/* -pflmt ; file drivers/acpi/* -pflmt" acpi_backlight=vendor radeon.audio=0 radeon.lockup_timeout=999000 radeon.test=0 radeon.agpmode=-1 radeon.benchmark=0 radeon.tv=0 radeon.hard_reset=1 radeon.msi=1 radeon.pcie_gen2=-1 radeon.no_wb=1 radeon.dynclks=0 radeon.r4xx_atom=0 radeonfb radeon.fastfb=1 radeon.dpm=1 radeon.runpm=1 rd.debug rd.udev.debug rd.memdebug=3 net.ifnames=1 slub_debug=U pax_sanitize_slab=full noefi nolvm dobtrfs console=tty1 earlyprintk=vga CPUunderclocking radeon.modeset=1 
[    0.000000] PCIe ASPM is disabled
[    0.000000] PID hash table entries: 4096 (order: 3, 32768 bytes)
[    0.000000] Memory: 15870372K/16226416K available (7820K kernel code, 740K rwdata, 3032K rodata, 880K init, 2628K bss, 356044K reserved, 0K cma-reserved)
[    0.000000] SLUB: HWalign=64, Order=0-3, MinObjects=0, CPUs=4, Nodes=1
[    0.000000] Preemptible hierarchical RCU implementation.
[    0.000000] 	Build-time adjustment of leaf fanout to 64.
[    0.000000] 	RCU restricting CPUs from NR_CPUS=64 to nr_cpu_ids=4.
[    0.000000] RCU: Adjusting geometry for rcu_fanout_leaf=64, nr_cpu_ids=4
[    0.000000] NR_IRQS:4352 nr_irqs:456 16
[    0.000000] spurious 8259A interrupt: IRQ7.
[    0.000000] vgacon: allocated 4194304 bytes of memory for scrollback. CONFIG_VGACON_SOFT_SCROLLBACK_SIZE=4096
[    0.000000] Console: colour VGA+ 80x25
[    0.000000] console [tty1] enabled
[    0.000000] bootconsole [earlyvga0] disabled
[    0.000000] clocksource: hpet: mask: 0xffffffff max_cycles: 0xffffffff, max_idle_ns: 133484873504 ns
[    0.000000] hpet clockevent registered
[    0.000000] tsc: Fast TSC calibration using PIT
[    0.000000] tsc: Detected 1397.327 MHz processor
[    0.000047] Calibrating delay loop (skipped), value calculated using timer frequency.. 2794.65 BogoMIPS (lpj=1397327)
[    0.000256] pid_max: default: 32768 minimum: 301
[    0.000462] ACPI: Core revision 20160422
[    0.000648] ACPI: acpi_os_initialize: map reset_reg status 0
[    0.254692] random: fast init done
[    0.884357] ACPI: 3 ACPI AML tables successfully acquired and loaded

[    0.884943] Security Framework initialized
[    0.886871] Dentry cache hash table entries: 2097152 (order: 12, 16777216 bytes)
[    0.893748] Inode-cache hash table entries: 1048576 (order: 11, 8388608 bytes)
[    0.897010] Mount-cache hash table entries: 32768 (order: 6, 262144 bytes)
[    0.897245] Mountpoint-cache hash table entries: 32768 (order: 6, 262144 bytes)
[    0.900046] [Firmware Info]: CPU: 'AMD A6-3400M APU with Radeon(tm) HD Graphics' has AMD errata 665 Integer Divide Instruction May Cause Unpredictable Behavior.'
[    0.900320] [Firmware Info]: CPU: Double-checked CPU type. 'AMD A6-3400M APU with Radeon(tm) HD Graphics'
[    0.900497] [Firmware Info]: CPU: Setting workaround for 665...(set 'no665wo' in /proc/cmdline to disable)
[    0.900677] CPU: Physical Processor ID: 0
[    0.900815] CPU: Processor Core ID: 0
[    0.900944] mce: CPU supports 6 MCE banks
[    0.901109] Last level iTLB entries: 4KB 512, 2MB 16, 4MB 8
[    0.901288] Last level dTLB entries: 4KB 1024, 2MB 128, 4MB 64, 1GB 0
[    0.903229] Freeing SMP alternatives memory: 28K (ffffffff8c997000 - ffffffff8c99e000)
[    0.904204] smpboot: Max logical packages: 1
[    0.904381] smpboot: APIC(0) Converting physical 0 to logical package 0
[    0.904521] enabled ExtINT on CPU#0
[    0.904835] ENABLING IO-APIC IRQs
[    0.904975] init IO_APIC IRQs
[    0.905103]  apic 2 pin 0 not connected
[    0.905323] IOAPIC[0]: Set routing entry (2-1 -> 0x31 -> IRQ 1 Mode:0 Active:0 Dest:1)
[    0.905597] IOAPIC[0]: Set routing entry (2-2 -> 0x30 -> IRQ 0 Mode:0 Active:0 Dest:1)
[    0.905810] IOAPIC[0]: Set routing entry (2-3 -> 0x33 -> IRQ 3 Mode:0 Active:0 Dest:1)
[    0.906023] IOAPIC[0]: Set routing entry (2-4 -> 0x34 -> IRQ 4 Mode:0 Active:0 Dest:1)
[    0.906235] IOAPIC[0]: Set routing entry (2-5 -> 0x35 -> IRQ 5 Mode:0 Active:0 Dest:1)
[    0.906447] IOAPIC[0]: Set routing entry (2-6 -> 0x36 -> IRQ 6 Mode:0 Active:0 Dest:1)
[    0.906718] IOAPIC[0]: Set routing entry (2-7 -> 0x37 -> IRQ 7 Mode:0 Active:0 Dest:1)
[    0.906934] IOAPIC[0]: Set routing entry (2-8 -> 0x38 -> IRQ 8 Mode:0 Active:0 Dest:1)
[    0.907150] IOAPIC[0]: Set routing entry (2-9 -> 0x39 -> IRQ 9 Mode:1 Active:1 Dest:1)
[    0.907357] IOAPIC[0]: Set routing entry (2-10 -> 0x3a -> IRQ 10 Mode:0 Active:0 Dest:1)
[    0.907559] IOAPIC[0]: Set routing entry (2-11 -> 0x3b -> IRQ 11 Mode:0 Active:0 Dest:1)
[    0.907760] IOAPIC[0]: Set routing entry (2-12 -> 0x3c -> IRQ 12 Mode:0 Active:0 Dest:1)
[    0.907960] IOAPIC[0]: Set routing entry (2-13 -> 0x3d -> IRQ 13 Mode:0 Active:0 Dest:1)
[    0.908160] IOAPIC[0]: Set routing entry (2-14 -> 0x3e -> IRQ 14 Mode:0 Active:0 Dest:1)
[    0.908360] IOAPIC[0]: Set routing entry (2-15 -> 0x3f -> IRQ 15 Mode:0 Active:0 Dest:1)
[    0.908522]  apic 2 pin 16 not connected
[    0.908642]  apic 2 pin 17 not connected
[    0.908763]  apic 2 pin 18 not connected
[    0.908883]  apic 2 pin 19 not connected
[    0.909004]  apic 2 pin 20 not connected
[    0.909124]  apic 2 pin 21 not connected
[    0.909245]  apic 2 pin 22 not connected
[    0.909365]  apic 2 pin 23 not connected
[    0.909664] ..TIMER: vector=0x30 apic1=0 pin1=2 apic2=-1 pin2=-1
[    0.919790] Using local APIC timer interrupts.
               calibrating APIC timer ...
[    1.021751] ... lapic delta = 1247689
[    1.021879] ... PM-Timer delta = 357942
[    1.022007] ... PM-Timer result ok
[    1.022136] ..... delta 1247689
[    1.022263] ..... mult: 53587834
[    1.022391] ..... calibration result: 199630
[    1.022520] ..... CPU clock speed is 1397.0410 MHz.
[    1.022649] ..... host bus clock speed is 199.0630 MHz.
[    1.022745] smpboot: CPU0: AMD A6-3400M APU with Radeon(tm) HD Graphics (family: 0x12, model: 0x1, stepping: 0x0)
[    1.023073] Performance Events: AMD PMU driver.
[    1.023239] ... version:                0
[    1.023367] ... bit width:              48
[    1.023496] ... generic registers:      4
[    1.023624] ... value mask:             0000ffffffffffff
[    1.023758] ... max period:             00007fffffffffff
[    1.023888] ... fixed-purpose events:   0
[    1.024016] ... event mask:             000000000000000f
[    1.029781] dynamic_debug:ddebug_add_module: 2 debug prints in module main
[    1.029985] dynamic_debug:ddebug_add_module: 1 debug prints in module initramfs
[    1.030171] dynamic_debug:ddebug_add_module: 3 debug prints in module ibs
[    1.030310] dynamic_debug:ddebug_add_module: 1 debug prints in module common
[    1.030459] dynamic_debug:ddebug_add_module: 1 debug prints in module amd
[    1.030600] dynamic_debug:ddebug_add_module: 2 debug prints in module main
[    1.030749] dynamic_debug:ddebug_add_module: 7 debug prints in module generic
[    1.030892] dynamic_debug:ddebug_add_module: 15 debug prints in module cleanup
[    1.031075] dynamic_debug:ddebug_add_module: 8 debug prints in module microcode
[    1.031251] dynamic_debug:ddebug_add_module: 3 debug prints in module boot
[    1.031386] dynamic_debug:ddebug_add_module: 22 debug prints in module smpboot
[    1.031562] dynamic_debug:ddebug_add_module: 1 debug prints in module tsc_sync
[    1.031724] dynamic_debug:ddebug_add_module: 2 debug prints in module setup_percpu
[    1.031892] dynamic_debug:ddebug_add_module: 30 debug prints in module vector
[    1.032017] dynamic_debug:ddebug_add_module: 2 debug prints in module init
[    1.032150] dynamic_debug:ddebug_add_module: 6 debug prints in module init_64
[    1.032283] dynamic_debug:ddebug_add_module: 1 debug prints in module numa
[    1.032411] dynamic_debug:ddebug_add_module: 4 debug prints in module params
[    1.032535] dynamic_debug:ddebug_add_module: 4 debug prints in module async
[    1.032660] dynamic_debug:ddebug_add_module: 1 debug prints in module manage
[    1.032792] dynamic_debug:ddebug_add_module: 14 debug prints in module irqdomain
[    1.032954] dynamic_debug:ddebug_add_module: 2 debug prints in module msi
[    1.033078] dynamic_debug:ddebug_add_module: 2 debug prints in module freezer
[    1.033205] dynamic_debug:ddebug_add_module: 19 debug prints in module module
[    1.033329] dynamic_debug:ddebug_add_module: 1 debug prints in module cgroup
[    1.033457] dynamic_debug:ddebug_add_module: 6 debug prints in module mempolicy
[    1.033626] dynamic_debug:ddebug_add_module: 1 debug prints in module sparse_vmemmap
[    1.033795] dynamic_debug:ddebug_add_module: 1 debug prints in module vmpressure
[    1.033962] dynamic_debug:ddebug_add_module: 1 debug prints in module fsnotify
[    1.034130] dynamic_debug:ddebug_add_module: 2 debug prints in module notification
[    1.034295] dynamic_debug:ddebug_add_module: 1 debug prints in module inotify_fsnotify
[    1.034457] dynamic_debug:ddebug_add_module: 5 debug prints in module inotify_user
[    1.034632] dynamic_debug:ddebug_add_module: 6 debug prints in module fanotify
[    1.034810] dynamic_debug:ddebug_add_module: 13 debug prints in module fanotify_user
[    1.034976] dynamic_debug:ddebug_add_module: 20 debug prints in module aio
[    1.035103] dynamic_debug:ddebug_add_module: 14 debug prints in module binfmt_misc
[    1.035265] dynamic_debug:ddebug_add_module: 2 debug prints in module mount
[    1.035389] dynamic_debug:ddebug_add_module: 1 debug prints in module dir
[    1.035515] dynamic_debug:ddebug_add_module: 8 debug prints in module configfs
[    1.035677] dynamic_debug:ddebug_add_module: 1 debug prints in module debugfs
[    1.035808] dynamic_debug:ddebug_add_module: 22 debug prints in module btrfs
[    1.035936] dynamic_debug:ddebug_add_module: 2 debug prints in module ramoops
[    1.036060] dynamic_debug:ddebug_add_module: 1 debug prints in module inode
[    1.036193] dynamic_debug:ddebug_add_module: 6 debug prints in module asymmetric_keys
[    1.036367] dynamic_debug:ddebug_add_module: 13 debug prints in module x509_key_parser
[    1.036536] dynamic_debug:ddebug_add_module: 13 debug prints in module efi
[    1.036660] dynamic_debug:ddebug_add_module: 1 debug prints in module decompress
[    1.036825] dynamic_debug:ddebug_add_module: 10 debug prints in module kobject
[    1.036992] dynamic_debug:ddebug_add_module: 6 debug prints in module kobject_uevent
[    1.037155] dynamic_debug:ddebug_add_module: 1 debug prints in module list_sort
[    1.037317] dynamic_debug:ddebug_add_module: 1 debug prints in module percpu_refcount
[    1.037481] dynamic_debug:ddebug_add_module: 11 debug prints in module asn1_decoder
[    1.037653] dynamic_debug:ddebug_add_module: 5 debug prints in module probe
[    1.037789] dynamic_debug:ddebug_add_module: 4 debug prints in module pci
[    1.037916] dynamic_debug:ddebug_add_module: 1 debug prints in module pci_driver
[    1.038078] dynamic_debug:ddebug_add_module: 3 debug prints in module slot
[    1.038203] dynamic_debug:ddebug_add_module: 3 debug prints in module quirks
[    1.038328] dynamic_debug:ddebug_add_module: 2 debug prints in module pme
[    1.038452] dynamic_debug:ddebug_add_module: 1 debug prints in module pci_hotplug
[    1.040528] dynamic_debug:ddebug_add_module: 12 debug prints in module acpiphp
[    1.040692] dynamic_debug:ddebug_add_module: 1 debug prints in module htirq
[    1.040818] dynamic_debug:ddebug_add_module: 1 debug prints in module pci_acpi
[    1.040988] dynamic_debug:ddebug_add_module: 3 debug prints in module backlight
[    1.041160] dynamic_debug:ddebug_add_module: 4 debug prints in module fb
[    1.041289] dynamic_debug:ddebug_add_module: 7 debug prints in module tables
[    1.041422] dynamic_debug:ddebug_add_module: 48 debug prints in module acpi
[    1.041546] dynamic_debug:ddebug_add_module: 3 debug prints in module fan
[    1.041670] dynamic_debug:ddebug_add_module: 1 debug prints in module video
[    1.041797] dynamic_debug:ddebug_add_module: 4 debug prints in module pci_slot
[    1.041960] dynamic_debug:ddebug_add_module: 7 debug prints in module processor
[    1.042124] dynamic_debug:ddebug_add_module: 4 debug prints in module pnp
[    1.042255] dynamic_debug:ddebug_add_module: 3 debug prints in module acpi_dma
[    1.042420] dynamic_debug:ddebug_add_module: 11 debug prints in module core
[    1.042549] dynamic_debug:ddebug_add_module: 1 debug prints in module fixed
[    1.042676] dynamic_debug:ddebug_add_module: 6 debug prints in module virtual
[    1.042808] dynamic_debug:ddebug_add_module: 3 debug prints in module lp3971
[    1.042935] dynamic_debug:ddebug_add_module: 3 debug prints in module lp3972
[    1.043065] dynamic_debug:ddebug_add_module: 6 debug prints in module tty_io
[    1.043194] dynamic_debug:ddebug_add_module: 1 debug prints in module vt_ioctl
[    1.043363] dynamic_debug:ddebug_add_module: 5 debug prints in module serial_core
[    1.043521] dynamic_debug:ddebug_add_module: 4 debug prints in module 8250
[    1.043646] dynamic_debug:ddebug_add_module: 5 debug prints in module 8250_base
[    1.043806] dynamic_debug:ddebug_add_module: 1 debug prints in module tpm
[    1.043932] dynamic_debug:ddebug_add_module: 10 debug prints in module tpm_tis_core
[    1.044091] dynamic_debug:ddebug_add_module: 2 debug prints in module dmar
[    1.044215] dynamic_debug:ddebug_add_module: 3 debug prints in module drm
[    1.044339] dynamic_debug:ddebug_add_module: 3 debug prints in module ttm
[    1.044467] dynamic_debug:ddebug_add_module: 2 debug prints in module radeon
[    1.044600] dynamic_debug:ddebug_add_module: 17 debug prints in module vgaarb
[    1.044731] dynamic_debug:ddebug_add_module: 7 debug prints in module component
[    1.044896] dynamic_debug:ddebug_add_module: 11 debug prints in module core
[    1.045022] dynamic_debug:ddebug_add_module: 9 debug prints in module bus
[    1.045151] dynamic_debug:ddebug_add_module: 17 debug prints in module dd
[    1.045276] dynamic_debug:ddebug_add_module: 5 debug prints in module class
[    1.045401] dynamic_debug:ddebug_add_module: 4 debug prints in module platform
[    1.045561] dynamic_debug:ddebug_add_module: 7 debug prints in module firmware_class
[    1.045722] dynamic_debug:ddebug_add_module: 1 debug prints in module regmap
[    1.045855] dynamic_debug:ddebug_add_module: 7 debug prints in module regcache
[    1.046016] dynamic_debug:ddebug_add_module: 1 debug prints in module regcache_lzo
[    1.046179] dynamic_debug:ddebug_add_module: 1 debug prints in module dma_buf
[    1.046305] dynamic_debug:ddebug_add_module: 3 debug prints in module scsi_mod
[    1.046473] dynamic_debug:ddebug_add_module: 2 debug prints in module libphy
[    1.046603] dynamic_debug:ddebug_add_module: 1 debug prints in module r8169
[    1.046757] dynamic_debug:ddebug_add_module: 98 debug prints in module cdrom
[    1.046925] dynamic_debug:ddebug_add_module: 150 debug prints in module usbcore
[    1.047134] dynamic_debug:ddebug_add_module: 5 debug prints in module phy
[    1.047260] dynamic_debug:ddebug_add_module: 10 debug prints in module pci_quirks
[    1.047431] dynamic_debug:ddebug_add_module: 55 debug prints in module ehci_hcd
[    1.047592] dynamic_debug:ddebug_add_module: 2 debug prints in module ehci_pci
[    1.047763] dynamic_debug:ddebug_add_module: 46 debug prints in module ohci_hcd
[    1.047971] dynamic_debug:ddebug_add_module: 263 debug prints in module xhci_hcd
[    1.048189] dynamic_debug:ddebug_add_module: 3 debug prints in module xhci_pci
[    1.048357] dynamic_debug:ddebug_add_module: 10 debug prints in module usb_storage
[    1.048518] dynamic_debug:ddebug_add_module: 1 debug prints in module ums_realtek
[    1.048685] dynamic_debug:ddebug_add_module: 6 debug prints in module input_core
[    1.048850] dynamic_debug:ddebug_add_module: 4 debug prints in module atkbd
[    1.048978] dynamic_debug:ddebug_add_module: 15 debug prints in module psmouse
[    1.049141] dynamic_debug:ddebug_add_module: 7 debug prints in module rtc_core
[    1.049304] dynamic_debug:ddebug_add_module: 5 debug prints in module rtc_cmos
[    1.049471] dynamic_debug:ddebug_add_module: 1 debug prints in module i2c_boardinfo
[    1.049647] dynamic_debug:ddebug_add_module: 20 debug prints in module i2c_core
[    1.049817] dynamic_debug:ddebug_add_module: 2 debug prints in module i2c_smbus
[    1.049982] dynamic_debug:ddebug_add_module: 17 debug prints in module i2c_algo_bit
[    1.050146] dynamic_debug:ddebug_add_module: 11 debug prints in module power_supply
[    1.050307] dynamic_debug:ddebug_add_module: 1 debug prints in module hwmon
[    1.050433] dynamic_debug:ddebug_add_module: 9 debug prints in module thermal_sys
[    1.050601] dynamic_debug:ddebug_add_module: 43 debug prints in module cpufreq
[    1.050766] dynamic_debug:ddebug_add_module: 9 debug prints in module freq_table
[    1.050933] dynamic_debug:ddebug_add_module: 2 debug prints in module cpufreq_stats
[    1.051100] dynamic_debug:ddebug_add_module: 1 debug prints in module cpufreq_performance
[    1.051276] dynamic_debug:ddebug_add_module: 22 debug prints in module acpi_cpufreq
[    1.051448] dynamic_debug:ddebug_add_module: 3 debug prints in module dmi_scan
[    1.051611] dynamic_debug:ddebug_add_module: 1 debug prints in module hid
[    1.051736] dynamic_debug:ddebug_add_module: 8 debug prints in module usbhid
[    1.051862] dynamic_debug:ddebug_add_module: 2 debug prints in module i386
[    1.051986] dynamic_debug:ddebug_add_module: 2 debug prints in module fixup
[    1.052116] dynamic_debug:ddebug_add_module: 7 debug prints in module irq
[    1.052240] dynamic_debug:ddebug_add_module: 1 debug prints in module sock
[    1.052367] dynamic_debug:ddebug_add_module: 17 debug prints in module dev
[    1.052492] dynamic_debug:ddebug_add_module: 2 debug prints in module sch_api
[    1.052624] dynamic_debug:ddebug_add_module: 1 debug prints in module act_api
[    1.052760] dynamic_debug:ddebug_add_module: 1 debug prints in module route
[    1.052888] dynamic_debug:ddebug_add_module: 1 debug prints in module ip_fragment
[    1.053050] dynamic_debug:ddebug_add_module: 1 debug prints in module ip_output
[    1.053211] dynamic_debug:ddebug_add_module: 1 debug prints in module tcp
[    1.053336] dynamic_debug:ddebug_add_module: 5 debug prints in module tcp_input
[    1.053499] dynamic_debug:ddebug_add_module: 3 debug prints in module tcp_output
[    1.053660] dynamic_debug:ddebug_add_module: 2 debug prints in module tcp_timer
[    1.053824] dynamic_debug:ddebug_add_module: 1 debug prints in module tcp_ipv4
[    1.053990] dynamic_debug:ddebug_add_module: 1 debug prints in module tcp_cong
[    1.054155] dynamic_debug:ddebug_add_module: 8 debug prints in module udp
[    1.054282] dynamic_debug:ddebug_add_module: 1 debug prints in module arp
[    1.054406] dynamic_debug:ddebug_add_module: 2 debug prints in module icmp
[    1.054533] dynamic_debug:ddebug_add_module: 1 debug prints in module devinet
[    1.054658] dynamic_debug:ddebug_add_module: 8 debug prints in module fib_trie
[    1.054827] dynamic_debug:ddebug_add_module: 1 debug prints in module inet_fragment
[    1.054996] dynamic_debug:ddebug_add_module: 24 debug prints in module ping
[    1.055124] dynamic_debug:ddebug_add_module: 1 debug prints in module sysctl_net_ipv4
[    1.055294] dynamic_debug:ddebug_add_module: 2 debug prints in module ip6_checksum
[    1.055454] dynamic_debug:dynamic_debug_init: 158 modules, 1525 entries and 6320 bytes in ddebug tables, 122011 bytes in (readonly) verbose section
[    1.055628] dynamic_debug:ddebug_dyndbg_boot_param_cb: BOOT_IMAGE="/boot/vmlinuz-linux-git"
[    1.055792] dynamic_debug:ddebug_dyndbg_boot_param_cb: root="UUID=96efaea0-86dc-485a-af36-36706f9f3908"
[    1.055954] dynamic_debug:ddebug_dyndbg_boot_param_cb: rw="(null)"
[    1.056075] dynamic_debug:ddebug_dyndbg_boot_param_cb: root_trim="yes"
[    1.056199] dynamic_debug:ddebug_dyndbg_boot_param_cb: rd.luks.allow-discards="(null)"
[    1.056355] dynamic_debug:ddebug_dyndbg_boot_param_cb: ipv6.disable="1"
[    1.056480] dynamic_debug:ddebug_dyndbg_boot_param_cb: pnp.debug="1"
[    1.056604] dynamic_debug:ddebug_dyndbg_boot_param_cb: loglevel="9"
[    1.056727] dynamic_debug:ddebug_dyndbg_boot_param_cb: log_buf_len="10M"
[    1.056848] dynamic_debug:ddebug_dyndbg_boot_param_cb: printk.always_kmsg_dump="y"
[    1.057005] dynamic_debug:ddebug_dyndbg_boot_param_cb: printk.time="y"
[    1.057124] dynamic_debug:ddebug_dyndbg_boot_param_cb: printk.devkmsg="on"
[    1.057243] dynamic_debug:ddebug_dyndbg_boot_param_cb: mminit_loglevel="0"
[    1.057362] dynamic_debug:ddebug_dyndbg_boot_param_cb: memory_corruption_check="1"
[    1.057519] dynamic_debug:ddebug_dyndbg_boot_param_cb: nohz="on"
[    1.057637] dynamic_debug:ddebug_dyndbg_boot_param_cb: rcu_nocbs="1-3"
[    1.057758] dynamic_debug:ddebug_dyndbg_boot_param_cb: fbcon="scrollback:4096k"
[    1.057914] dynamic_debug:ddebug_dyndbg_boot_param_cb: fbcon="font:ProFont6x11"
[    1.059888] dynamic_debug:ddebug_dyndbg_boot_param_cb: apic="debug"
[    1.060010] dynamic_debug:ddebug_dyndbg_boot_param_cb: dynamic_debug.verbose="1"
[    1.060170] dynamic_debug:ddebug_dyndbg_boot_param_cb: dyndbg="file arch/x86/kernel/apic/* +pflmt ; file drivers/video/* +pflmt ; file drivers/input/* -pflmt ; file drivers/acpi/* -pflmt"
[    1.060375] dynamic_debug:ddebug_exec_queries: query 0: "file arch/x86/kernel/apic/* +pflmt "
[    1.060528] dynamic_debug:ddebug_tokenize: split into words: "file" "arch/x86/kernel/apic/*" "+pflmt"
[    1.060758] dynamic_debug:ddebug_parse_flags: op='+'
[    1.060827] dynamic_debug:ddebug_parse_flags: flags=0x1f
[    1.060946] dynamic_debug:ddebug_parse_flags: *flagsp=0x1f *maskp=0xffffffff
[    1.061066] dynamic_debug:vpr_info_dq: parsed: func="" file="arch/x86/kernel/apic/*" module="" format="" lineno=0-0
[    1.061244] dynamic_debug:ddebug_change: changed arch/x86/kernel/apic/vector.c:919 [vector]print_PIC =pmflt
[    1.061408] dynamic_debug:ddebug_change: changed arch/x86/kernel/apic/vector.c:916 [vector]print_PIC =pmflt
[    1.061578] dynamic_debug:ddebug_change: changed arch/x86/kernel/apic/vector.c:906 [vector]print_PIC =pmflt
[    1.061747] dynamic_debug:ddebug_change: changed arch/x86/kernel/apic/vector.c:903 [vector]print_PIC =pmflt
[    1.061911] dynamic_debug:ddebug_change: changed arch/x86/kernel/apic/vector.c:898 [vector]print_PIC =pmflt
[    1.062071] dynamic_debug:ddebug_change: changed arch/x86/kernel/apic/vector.c:868 [vector]print_local_APIC =pmflt
[    1.062231] dynamic_debug:ddebug_change: changed arch/x86/kernel/apic/vector.c:865 [vector]print_local_APIC =pmflt
[    1.062391] dynamic_debug:ddebug_change: changed arch/x86/kernel/apic/vector.c:863 [vector]print_local_APIC =pmflt
[    1.062553] dynamic_debug:ddebug_change: changed arch/x86/kernel/apic/vector.c:858 [vector]print_local_APIC =pmflt
[    1.062713] dynamic_debug:ddebug_change: changed arch/x86/kernel/apic/vector.c:856 [vector]print_local_APIC =pmflt
[    1.062875] dynamic_debug:ddebug_change: changed arch/x86/kernel/apic/vector.c:854 [vector]print_local_APIC =pmflt
[    1.063044] dynamic_debug:ddebug_change: changed arch/x86/kernel/apic/vector.c:850 [vector]print_local_APIC =pmflt
[    1.063217] dynamic_debug:ddebug_change: changed arch/x86/kernel/apic/vector.c:845 [vector]print_local_APIC =pmflt
[    1.063384] dynamic_debug:ddebug_change: changed arch/x86/kernel/apic/vector.c:843 [vector]print_local_APIC =pmflt
[    1.063547] dynamic_debug:ddebug_change: changed arch/x86/kernel/apic/vector.c:840 [vector]print_local_APIC =pmflt
[    1.063711] dynamic_debug:ddebug_change: changed arch/x86/kernel/apic/vector.c:835 [vector]print_local_APIC =pmflt
[    1.063876] dynamic_debug:ddebug_change: changed arch/x86/kernel/apic/vector.c:832 [vector]print_local_APIC =pmflt
[    1.064040] dynamic_debug:ddebug_change: changed arch/x86/kernel/apic/vector.c:831 [vector]print_local_APIC =pmflt
[    1.064203] dynamic_debug:ddebug_change: changed arch/x86/kernel/apic/vector.c:827 [vector]print_local_APIC =pmflt
[    1.064371] dynamic_debug:ddebug_change: changed arch/x86/kernel/apic/vector.c:817 [vector]print_local_APIC =pmflt
[    1.064543] dynamic_debug:ddebug_change: changed arch/x86/kernel/apic/vector.c:815 [vector]print_local_APIC =pmflt
[    1.064715] dynamic_debug:ddebug_change: changed arch/x86/kernel/apic/vector.c:813 [vector]print_local_APIC =pmflt
[    1.064884] dynamic_debug:ddebug_change: changed arch/x86/kernel/apic/vector.c:811 [vector]print_local_APIC =pmflt
[    1.065047] dynamic_debug:ddebug_change: changed arch/x86/kernel/apic/vector.c:808 [vector]print_local_APIC =pmflt
[    1.065210] dynamic_debug:ddebug_change: changed arch/x86/kernel/apic/vector.c:805 [vector]print_local_APIC =pmflt
[    1.065373] dynamic_debug:ddebug_change: changed arch/x86/kernel/apic/vector.c:801 [vector]print_local_APIC =pmflt
[    1.065536] dynamic_debug:ddebug_change: changed arch/x86/kernel/apic/vector.c:792 [vector]print_local_APIC =pmflt
[    1.065699] dynamic_debug:ddebug_change: changed arch/x86/kernel/apic/vector.c:789 [vector]print_local_APIC =pmflt
[    1.065869] dynamic_debug:ddebug_change: changed arch/x86/kernel/apic/vector.c:782 [vector]print_local_APIC =pmflt
[    1.066037] dynamic_debug:ddebug_change: changed arch/x86/kernel/apic/vector.c:773 [vector]print_local_APIC =pmflt
[    1.066296] dynamic_debug:vpr_info_dq: applied: func="" file="arch/x86/kernel/apic/*" module="" format="" lineno=0-0
[    1.066509] dynamic_debug:ddebug_exec_queries: query 1: "file drivers/video/* +pflmt "
[    1.066672] dynamic_debug:ddebug_tokenize: split into words: "file" "drivers/video/*" "+pflmt"
[    1.066953] dynamic_debug:ddebug_parse_flags: op='+'
[    1.067072] dynamic_debug:ddebug_parse_flags: flags=0x1f
[    1.067191] dynamic_debug:ddebug_parse_flags: *flagsp=0x1f *maskp=0xffffffff
[    1.067310] dynamic_debug:vpr_info_dq: parsed: func="" file="drivers/video/*" module="" format="" lineno=0-0
[    1.067493] dynamic_debug:ddebug_change: changed drivers/video/backlight/backlight.c:333 [backlight]backlight_device_register =pmflt
[    1.067658] dynamic_debug:ddebug_change: changed drivers/video/backlight/backlight.c:177 [backlight]backlight_device_set_brightness =pmflt
[    1.067831] dynamic_debug:ddebug_change: changed drivers/video/backlight/backlight.c:146 [backlight]bl_power_store =pmflt
[    1.068003] dynamic_debug:ddebug_change: changed drivers/video/fbdev/core/fbmon.c:1082 [fb]fb_edid_add_monspecs =pmflt
[    1.068174] dynamic_debug:ddebug_change: changed drivers/video/fbdev/core/fbmon.c:1070 [fb]fb_edid_add_monspecs =pmflt
[    1.068338] dynamic_debug:ddebug_change: changed drivers/video/fbdev/core/fbmon.c:1033 [fb]fb_edid_add_monspecs =pmflt
[    1.068502] dynamic_debug:ddebug_change: changed drivers/video/fbdev/core/fbmon.c:1027 [fb]fb_edid_add_monspecs =pmflt
[    1.068778] dynamic_debug:vpr_info_dq: applied: func="" file="drivers/video/*" module="" format="" lineno=0-0
[    1.068988] dynamic_debug:ddebug_exec_queries: query 2: "file drivers/input/* -pflmt "
[    1.069151] dynamic_debug:ddebug_tokenize: split into words: "file" "drivers/input/*" "-pflmt"
[    1.069386] dynamic_debug:ddebug_parse_flags: op='-'
[    1.069505] dynamic_debug:ddebug_parse_flags: flags=0x1f
[    1.069624] dynamic_debug:ddebug_parse_flags: *flagsp=0x0 *maskp=0xffffffe0
[    1.069746] dynamic_debug:vpr_info_dq: parsed: func="" file="drivers/input/*" module="" format="" lineno=0-0
[    1.070052] dynamic_debug:vpr_info_dq: applied: func="" file="drivers/input/*" module="" format="" lineno=0-0
[    1.070264] dynamic_debug:ddebug_exec_queries: query 3: "file drivers/acpi/* -pflmt"
[    1.070426] dynamic_debug:ddebug_tokenize: split into words: "file" "drivers/acpi/*" "-pflmt"
[    1.070655] dynamic_debug:ddebug_parse_flags: op='-'
[    1.070776] dynamic_debug:ddebug_parse_flags: flags=0x1f
[    1.070895] dynamic_debug:ddebug_parse_flags: *flagsp=0x0 *maskp=0xffffffe0
[    1.071015] dynamic_debug:vpr_info_dq: parsed: func="" file="drivers/acpi/*" module="" format="" lineno=0-0
[    1.071199] dynamic_debug:ddebug_change: changed drivers/acpi/tables.c:211 [tables]acpi_table_print_madt_entry =_
[    1.071362] dynamic_debug:ddebug_change: changed drivers/acpi/tables.c:200 [tables]acpi_table_print_madt_entry =_
[    1.071529] dynamic_debug:ddebug_change: changed drivers/acpi/tables.c:177 [tables]acpi_table_print_madt_entry =_
[    1.071701] dynamic_debug:ddebug_change: changed drivers/acpi/tables.c:167 [tables]acpi_table_print_madt_entry =_
[    1.071876] dynamic_debug:ddebug_change: changed drivers/acpi/tables.c:92 [tables]acpi_table_print_madt_entry =_
[    1.072040] dynamic_debug:ddebug_change: changed drivers/acpi/tables.c:83 [tables]acpi_table_print_madt_entry =_
[    1.072203] dynamic_debug:ddebug_change: changed drivers/acpi/tables.c:73 [tables]acpi_table_print_madt_entry =_
[    1.072367] dynamic_debug:ddebug_change: changed drivers/acpi/osl.c:1644 [acpi]acpi_os_initialize =_
[    1.072529] dynamic_debug:ddebug_change: changed drivers/acpi/device_pm.c:734 [acpi]acpi_pm_device_run_wake =_
[    1.072692] dynamic_debug:ddebug_change: changed drivers/acpi/device_pm.c:633 [acpi]acpi_pm_device_sleep_state =_
[    1.072857] dynamic_debug:ddebug_change: changed drivers/acpi/bus.c:190 [acpi]acpi_print_osc_error =_
[    1.073022] dynamic_debug:ddebug_change: changed drivers/acpi/bus.c:188 [acpi]acpi_print_osc_error =_
[    1.073189] dynamic_debug:ddebug_change: changed drivers/acpi/bus.c:186 [acpi]acpi_print_osc_error =_
[    1.073354] dynamic_debug:ddebug_change: changed drivers/acpi/scan.c:1640 [acpi]acpi_device_dep_initialize =_
[    1.073517] dynamic_debug:ddebug_change: changed drivers/acpi/scan.c:1630 [acpi]acpi_device_dep_initialize =_
[    1.073689] dynamic_debug:ddebug_change: changed drivers/acpi/resource.c:230 [acpi]acpi_decode_space =_
[    1.073864] dynamic_debug:ddebug_change: changed drivers/acpi/resource.c:217 [acpi]acpi_decode_space =_
[    1.074031] dynamic_debug:ddebug_change: changed drivers/acpi/resource.c:61 [acpi]acpi_dev_resource_len_valid =_
[    1.074195] dynamic_debug:ddebug_change: changed drivers/acpi/ec.c:1557 [acpi]ec_correct_ecdt =_
[    1.074358] dynamic_debug:ddebug_change: changed drivers/acpi/ec.c:1544 [acpi]ec_clear_on_resume =_
[    1.074520] dynamic_debug:ddebug_change: changed drivers/acpi/ec.c:1165 [acpi]acpi_ec_event_handler =_
[    1.074683] dynamic_debug:ddebug_change: changed drivers/acpi/ec.c:1143 [acpi]acpi_ec_event_handler =_
[    1.074848] dynamic_debug:ddebug_change: changed drivers/acpi/ec.c:1108 [acpi]acpi_ec_query =_
[    1.075010] dynamic_debug:ddebug_change: changed drivers/acpi/ec.c:1106 [acpi]acpi_ec_query =_
[    1.075181] dynamic_debug:ddebug_change: changed drivers/acpi/ec.c:1066 [acpi]acpi_ec_event_processor =_
[    1.075353] dynamic_debug:ddebug_change: changed drivers/acpi/ec.c:1061 [acpi]acpi_ec_event_processor =_
[    1.075514] dynamic_debug:ddebug_change: changed drivers/acpi/ec.c:898 [acpi]acpi_ec_stop =_
[    1.075675] dynamic_debug:ddebug_change: changed drivers/acpi/ec.c:890 [acpi]acpi_ec_stop =_
[    1.075836] dynamic_debug:ddebug_change: changed drivers/acpi/ec.c:866 [acpi]acpi_ec_start =_
[    1.077758] dynamic_debug:ddebug_change: changed drivers/acpi/ec.c:862 [acpi]acpi_ec_start =_
[    1.077918] dynamic_debug:ddebug_change: changed drivers/acpi/ec.c:703 [acpi]acpi_ec_transaction_unlocked =_
[    1.078087] dynamic_debug:ddebug_change: changed drivers/acpi/ec.c:699 [acpi]acpi_ec_transaction_unlocked =_
[    1.078256] dynamic_debug:ddebug_change: changed drivers/acpi/ec.c:690 [acpi]acpi_ec_transaction_unlocked =_
[    1.078421] dynamic_debug:ddebug_change: changed drivers/acpi/ec.c:687 [acpi]acpi_ec_transaction_unlocked =_
[    1.078582] dynamic_debug:ddebug_change: changed drivers/acpi/ec.c:666 [acpi]ec_poll =_
[    1.078742] dynamic_debug:ddebug_change: changed drivers/acpi/ec.c:561 [acpi]advance_transaction =_
[    1.078902] dynamic_debug:ddebug_change: changed drivers/acpi/ec.c:525 [acpi]advance_transaction =_
[    1.079062] dynamic_debug:ddebug_change: changed drivers/acpi/ec.c:445 [acpi]acpi_ec_complete_query =_
[    1.079222] dynamic_debug:ddebug_change: changed drivers/acpi/ec.c:434 [acpi]acpi_ec_submit_query =_
[    1.079381] dynamic_debug:ddebug_change: changed drivers/acpi/ec.c:407 [acpi]acpi_ec_clear_storm =_
[    1.079542] dynamic_debug:ddebug_change: changed drivers/acpi/ec.c:397 [acpi]acpi_ec_set_storm =_
[    1.079714] dynamic_debug:ddebug_change: changed drivers/acpi/ec.c:336 [acpi]acpi_ec_enable_gpe =_
[    1.079888] dynamic_debug:ddebug_change: changed drivers/acpi/ec.c:284 [acpi]acpi_ec_write_data =_
[    1.080059] dynamic_debug:ddebug_change: changed drivers/acpi/ec.c:277 [acpi]acpi_ec_write_cmd =_
[    1.080223] dynamic_debug:ddebug_change: changed drivers/acpi/ec.c:271 [acpi]acpi_ec_read_data =_
[    1.080389] dynamic_debug:ddebug_change: changed drivers/acpi/ec.c:262 [acpi]acpi_ec_read_status =_
[    1.080551] dynamic_debug:ddebug_change: changed drivers/acpi/pci_root.c:770 [acpi]acpi_pci_probe_root_resources =_
[    1.080714] dynamic_debug:ddebug_change: changed drivers/acpi/pci_root.c:339 [acpi]acpi_get_pci_dev =_
[    1.080879] dynamic_debug:ddebug_change: changed drivers/acpi/pci_irq.c:526 [acpi]acpi_pci_irq_disable =_
[    1.081041] dynamic_debug:ddebug_change: changed drivers/acpi/pci_irq.c:486 [acpi]acpi_pci_irq_enable =_
[    1.081204] dynamic_debug:ddebug_change: changed drivers/acpi/acpi_platform.c:103 [acpi]acpi_create_platform_device =_
[    1.081379] dynamic_debug:ddebug_change: changed drivers/acpi/numa.c:181 [acpi]acpi_table_print_srat_entry =_
[    1.081551] dynamic_debug:ddebug_change: changed drivers/acpi/numa.c:169 [acpi]acpi_table_print_srat_entry =_
[    1.081716] dynamic_debug:ddebug_change: changed drivers/acpi/numa.c:157 [acpi]acpi_table_print_srat_entry =_
[    1.081881] dynamic_debug:ddebug_change: changed drivers/acpi/numa.c:140 [acpi]acpi_table_print_srat_entry =_
[    1.082044] dynamic_debug:ddebug_change: changed drivers/acpi/fan.c:359 [fan]acpi_fan_probe =_
[    1.082206] dynamic_debug:ddebug_change: changed drivers/acpi/fan.c:195 [fan]fan_set_state_acpi4 =_
[    1.082369] dynamic_debug:ddebug_change: changed drivers/acpi/fan.c:136 [fan]fan_get_state_acpi4 =_
[    1.082531] dynamic_debug:ddebug_change: changed drivers/acpi/acpi_video.c:1759 [video]acpi_video_should_register_backlight =_
[    1.082696] dynamic_debug:ddebug_change: changed drivers/acpi/pci_slot.c:136 [pci_slot]register_slot =_
[    1.082870] dynamic_debug:ddebug_change: changed drivers/acpi/pci_slot.c:81 [pci_slot]check_slot =_
[    1.083041] dynamic_debug:ddebug_change: changed drivers/acpi/pci_slot.c:73 [pci_slot]check_slot =_
[    1.083207] dynamic_debug:ddebug_change: changed drivers/acpi/pci_slot.c:61 [pci_slot]check_slot =_
[    1.083370] dynamic_debug:ddebug_change: changed drivers/acpi/processor_driver.c:184 [processor]acpi_pss_perf_init =_
[    1.083533] dynamic_debug:ddebug_change: changed drivers/acpi/processor_idle.c:1443 [processor]acpi_processor_power_init =_
[    1.083697] dynamic_debug:ddebug_change: changed drivers/acpi/processor_idle.c:1039 [processor]acpi_processor_evaluate_lpi =_
[    1.083863] dynamic_debug:ddebug_change: changed drivers/acpi/processor_idle.c:1034 [processor]acpi_processor_evaluate_lpi =_
[    1.084027] dynamic_debug:ddebug_change: changed drivers/acpi/processor_idle.c:981 [processor]acpi_processor_evaluate_lpi =_
[    1.084191] dynamic_debug:ddebug_change: changed drivers/acpi/processor_idle.c:972 [processor]acpi_processor_evaluate_lpi =_
[    1.084365] dynamic_debug:ddebug_change: changed drivers/acpi/processor_perflib.c:138 [processor]acpi_processor_get_platform_limit =_
[    1.084652] dynamic_debug:vpr_info_dq: applied: func="" file="drivers/acpi/*" module="" format="" lineno=0-0
[    1.084859] dynamic_debug:ddebug_exec_queries: processed 4 queries, with 132 matches, 0 errs
[    1.085016] dynamic_debug:ddebug_dyndbg_boot_param_cb: acpi_backlight="vendor"
[    1.085173] dynamic_debug:ddebug_dyndbg_boot_param_cb: radeon.audio="0"
[    1.085292] dynamic_debug:ddebug_dyndbg_boot_param_cb: radeon.lockup_timeout="999000"
[    1.085449] dynamic_debug:ddebug_dyndbg_boot_param_cb: radeon.test="0"
[    1.085571] dynamic_debug:ddebug_dyndbg_boot_param_cb: radeon.agpmode="-1"
[    1.085691] dynamic_debug:ddebug_dyndbg_boot_param_cb: radeon.benchmark="0"
[    1.085818] dynamic_debug:ddebug_dyndbg_boot_param_cb: radeon.tv="0"
[    1.085941] dynamic_debug:ddebug_dyndbg_boot_param_cb: radeon.hard_reset="1"
[    1.086066] dynamic_debug:ddebug_dyndbg_boot_param_cb: radeon.msi="1"
[    1.086184] dynamic_debug:ddebug_dyndbg_boot_param_cb: radeon.pcie_gen2="-1"
[    1.086303] dynamic_debug:ddebug_dyndbg_boot_param_cb: radeon.no_wb="1"
[    1.086423] dynamic_debug:ddebug_dyndbg_boot_param_cb: radeon.dynclks="0"
[    1.086542] dynamic_debug:ddebug_dyndbg_boot_param_cb: radeon.r4xx_atom="0"
[    1.086661] dynamic_debug:ddebug_dyndbg_boot_param_cb: radeonfb="(null)"
[    1.086781] dynamic_debug:ddebug_dyndbg_boot_param_cb: radeon.fastfb="1"
[    1.086900] dynamic_debug:ddebug_dyndbg_boot_param_cb: radeon.dpm="1"
[    1.087019] dynamic_debug:ddebug_dyndbg_boot_param_cb: radeon.runpm="1"
[    1.087139] dynamic_debug:ddebug_dyndbg_boot_param_cb: rd.debug="(null)"
[    1.087257] dynamic_debug:ddebug_dyndbg_boot_param_cb: rd.udev.debug="(null)"
[    1.087381] dynamic_debug:ddebug_dyndbg_boot_param_cb: rd.memdebug="3"
[    1.087500] dynamic_debug:ddebug_dyndbg_boot_param_cb: net.ifnames="1"
[    1.087622] dynamic_debug:ddebug_dyndbg_boot_param_cb: slub_debug="U"
[    1.087747] dynamic_debug:ddebug_dyndbg_boot_param_cb: pax_sanitize_slab="full"
[    1.087910] dynamic_debug:ddebug_dyndbg_boot_param_cb: noefi="(null)"
[    1.088031] dynamic_debug:ddebug_dyndbg_boot_param_cb: nolvm="(null)"
[    1.088150] dynamic_debug:ddebug_dyndbg_boot_param_cb: dobtrfs="(null)"
[    1.088269] dynamic_debug:ddebug_dyndbg_boot_param_cb: console="tty1"
[    1.088388] dynamic_debug:ddebug_dyndbg_boot_param_cb: earlyprintk="vga"
[    1.088507] dynamic_debug:ddebug_dyndbg_boot_param_cb: CPUunderclocking="(null)"
[    1.088664] dynamic_debug:ddebug_dyndbg_boot_param_cb: radeon.modeset="1"
[    1.088784] dynamic_debug:ddebug_dyndbg_boot_param_cb: audit="0"
[    1.088903] dynamic_debug:ddebug_dyndbg_boot_param_cb: systemd.log_target="kmsg"
[    1.089060] dynamic_debug:ddebug_dyndbg_boot_param_cb: enforcing="0"
[    1.089180] dynamic_debug:ddebug_dyndbg_boot_param_cb: pcie_aspm="off"
[    1.089303] dynamic_debug:ddebug_dyndbg_boot_param_cb: radeon.aspm="0"
[    1.089427] dynamic_debug:ddebug_dyndbg_boot_param_cb: udev.children-max="1256"
[    1.089588] dynamic_debug:ddebug_dyndbg_boot_param_cb: rd.udev.children-max="1256"
[    1.089802] MCE: In-kernel MCE decoding enabled.
[    1.091121] NMI watchdog: enabled on all CPUs, permanently consumes one hw-PMU counter.
[    1.091758] started {early_reset_EHCIs kernel/smp.c:1294}
[    1.091943] early_pci_allowed {early_reset_EHCIs kernel/smp.c:1300}
[    1.092235] Found EHCI on 00:12.2 {kline kernel/smp.c:1220}
[    1.092360] bar_val: f014a900 {kline kernel/smp.c:1223}
[    1.092487] ehci_bar: ffffffffff7fe900 {kline kernel/smp.c:1245}
[    1.092614] n_ports:    5 {kline kernel/smp.c:1252}
[    1.092741] FLAG_CF was already set which likely means BIOS USB Legacy is Disabled. {ehci_status kernel/smp.c:1036}
[    1.092913]   ehci cmd     : 00080B00 {ehci_status kernel/smp.c:1038}
[    1.093039]   ehci conf flg: 00000001 {ehci_status kernel/smp.c:1039}
[    1.093165]   ehci status  : 0000100C {ehci_status kernel/smp.c:1040}
[    1.093291] port 1 status 00001000 {ehci_status kernel/smp.c:1043}
[    1.093417] port 2 status 00001000 {ehci_status kernel/smp.c:1043}
[    1.093543] port 3 status 00001000 {ehci_status kernel/smp.c:1043}
[    1.093663] port 4 status 00001000 {ehci_status kernel/smp.c:1043}
[    1.093785] port 5 status 00001000 {ehci_status kernel/smp.c:1043}
[    1.093854] ended {kline kernel/smp.c:1285}
[    1.093933] Found EHCI on 00:13.2 {kline kernel/smp.c:1220}
[    1.094053] bar_val: f014a800 {kline kernel/smp.c:1223}
[    1.094175] ehci_bar: ffffffffff7fe800 {kline kernel/smp.c:1245}
[    1.094299] n_ports:    5 {kline kernel/smp.c:1252}
[    1.094369] FLAG_CF was already set which likely means BIOS USB Legacy is Disabled. {ehci_status kernel/smp.c:1036}
[    1.094527]   ehci cmd     : 00080B00 {ehci_status kernel/smp.c:1038}
[    1.094646]   ehci conf flg: 00000001 {ehci_status kernel/smp.c:1039}
[    1.094773]   ehci status  : 0000100C {ehci_status kernel/smp.c:1040}
[    1.094894] port 1 status 00001803 {ehci_status kernel/smp.c:1043}
[    1.094964] port 2 status 00001000 {ehci_status kernel/smp.c:1043}
[    1.095086] port 3 status 00001803 {ehci_status kernel/smp.c:1043}
[    1.095206] port 4 status 00001000 {ehci_status kernel/smp.c:1043}
[    1.095327] port 5 status 00001000 {ehci_status kernel/smp.c:1043}
[    1.095448] ended {kline kernel/smp.c:1285}
[    1.165727] ended, failed 0 times {early_reset_EHCIs kernel/smp.c:1313}
[    1.165847] All EHCI controllers were reset. {smp_init kernel/smp.c:1333}
[    1.169761] smpboot: ++++++++++++++++++++=_---CPU UP  1
[    1.169948] x86: Booting SMP configuration:
[    1.170074] .... node  #0, CPUs:      #1
[    1.170176] smpboot: Setting warm reset code and vector.
[    1.170424] smpboot: 1.
[    1.170548] smpboot: 2.
[    1.170671] smpboot: 3.
[    1.170799] smpboot: Asserting INIT
[    1.170925] smpboot: Waiting for send to finish...
[    1.171051] smpboot: Deasserting INIT
[    1.171175] smpboot: Waiting for send to finish...
[    1.171301] smpboot: #startup loops: 2
[    1.171426] smpboot: Sending STARTUP #1
[    1.173596] smpboot: After apic_write
[    1.173731] smpboot: Startup point 1
[    1.173852] smpboot: Waiting for send to finish...
[    1.173988] smpboot: Sending STARTUP #2
[    1.174112] smpboot: After apic_write
[    1.174247] smpboot: Startup point 1
[    1.174372] smpboot: Waiting for send to finish...
[    1.174507] smpboot: After Startup
[    1.076987] masked ExtINT on CPU#1
[    1.077005] [Firmware Info]: CPU: 'AMD A6-3400M APU with Radeon(tm) HD Graphics' has AMD errata 665 Integer Divide Instruction May Cause Unpredictable Behavior.'
[    1.077007] [Firmware Info]: CPU: Double-checked CPU type. 'AMD A6-3400M APU with Radeon(tm) HD Graphics'
[    1.077008] [Firmware Info]: CPU: Setting workaround for 665...(set 'no665wo' in /proc/cmdline to disable)
[    1.136057] smpboot: Stack at about ffffa54dcbb33f30
[    1.235786] TSC synchronization [CPU#0 -> CPU#1]:
[    1.236773] Measured 136475694 cycles TSC warp between CPUs, turning off TSC clock.
[    1.236954] tsc: Marking TSC unstable due to check_tsc_sync_source failed
[    1.240747] smpboot: ++++++++++++++++++++=_---CPU UP  2
[    1.240934]  #2
[    1.240969] smpboot: Setting warm reset code and vector.
[    1.241217] smpboot: 1.
[    1.241341] smpboot: 2.
[    1.241465] smpboot: 3.
[    1.241589] smpboot: Asserting INIT
[    1.241714] smpboot: Waiting for send to finish...
[    1.241843] smpboot: Deasserting INIT
[    1.241967] smpboot: Waiting for send to finish...
[    1.242093] smpboot: #startup loops: 2
[    1.242218] smpboot: Sending STARTUP #1
[    1.242342] smpboot: After apic_write
[    1.242475] smpboot: Startup point 1
[    1.242596] smpboot: Waiting for send to finish...
[    1.242731] smpboot: Sending STARTUP #2
[    1.242854] smpboot: After apic_write
[    1.242987] smpboot: Startup point 1
[    1.243111] smpboot: Waiting for send to finish...
[    1.243245] smpboot: After Startup
[    1.111625] masked ExtINT on CPU#2
[    1.111639] [Firmware Info]: CPU: 'AMD A6-3400M APU with Radeon(tm) HD Graphics' has AMD errata 665 Integer Divide Instruction May Cause Unpredictable Behavior.'
[    1.111640] [Firmware Info]: CPU: Double-checked CPU type. 'AMD A6-3400M APU with Radeon(tm) HD Graphics'
[    1.111641] [Firmware Info]: CPU: Setting workaround for 665...(set 'no665wo' in /proc/cmdline to disable)
[    1.170956] smpboot: Stack at about ffffa54dcbb37f30
[    1.195058] smpboot: ++++++++++++++++++++=_---CPU UP  3
[    1.196008]  #3
[    1.196044] smpboot: Setting warm reset code and vector.
[    1.196293] smpboot: 1.
[    1.196417] smpboot: 2.
[    1.196541] smpboot: 3.
[    1.196612] smpboot: Asserting INIT
[    1.196731] smpboot: Waiting for send to finish...
[    1.196852] smpboot: Deasserting INIT
[    1.197002] smpboot: Waiting for send to finish...
[    1.197124] smpboot: #startup loops: 2
[    1.197244] smpboot: Sending STARTUP #1
[    1.197366] smpboot: After apic_write
[    1.197448] smpboot: Startup point 1
[    1.197517] smpboot: Waiting for send to finish...
[    1.197596] smpboot: Sending STARTUP #2
[    1.197665] smpboot: After apic_write
[    1.197744] smpboot: Startup point 1
[    1.197814] smpboot: Waiting for send to finish...
[    1.198012] smpboot: After Startup
[    0.002000] masked ExtINT on CPU#3
[    0.002000] [Firmware Info]: CPU: 'AMD A6-3400M APU with Radeon(tm) HD Graphics' has AMD errata 665 Integer Divide Instruction May Cause Unpredictable Behavior.'
[    0.002000] [Firmware Info]: CPU: Double-checked CPU type. 'AMD A6-3400M APU with Radeon(tm) HD Graphics'
[    0.002000] [Firmware Info]: CPU: Setting workaround for 665...(set 'no665wo' in /proc/cmdline to disable)
[    0.002000] smpboot: Stack at about ffffa54dcbb43f30
[    1.258151] x86: Booted up 1 node, 4 CPUs
[    1.259127] CPUunderclocking: activating(?)=1 {apply_underclocking_if_needed kernel/smp.c:946}
[    1.259304] CPUunderclocking: activating... {apply_underclocking_if_needed kernel/smp.c:948}
[    1.259483] CPUunderclocking:   !! Rdmsr(1of2): core:0 idx:c0010064 ... {Rdmsr kernel/smp.c:696}
[    1.259664] CPUunderclocking:     !! Rdmsr(2of2): core:0 idx:c0010064 done. (resultx==8000017d000025e2 hi:8000017d lo:000025e2) {Rdmsr kernel/smp.c:712}
[    1.259826] CPUunderclocking:   !! Rdmsr(1of2): core:1 idx:c0010064 ... {Rdmsr kernel/smp.c:696}
[    1.260007] CPUunderclocking:     !! Rdmsr(2of2): core:1 idx:c0010064 done. (resultx==8000017d000025e2 hi:8000017d lo:000025e2) {Rdmsr kernel/smp.c:712}
[    1.260170] CPUunderclocking:   !! Rdmsr(1of2): core:2 idx:c0010064 ... {Rdmsr kernel/smp.c:696}
[    1.260339] CPUunderclocking:     !! Rdmsr(2of2): core:2 idx:c0010064 done. (resultx==8000017d000025e2 hi:8000017d lo:000025e2) {Rdmsr kernel/smp.c:712}
[    1.260508] CPUunderclocking:   !! Rdmsr(1of2): core:3 idx:c0010064 ... {Rdmsr kernel/smp.c:696}
[    1.260678] CPUunderclocking:     !! Rdmsr(2of2): core:3 idx:c0010064 done. (resultx==8000017d000025e2 hi:8000017d lo:000025e2) {Rdmsr kernel/smp.c:712}
[    1.260842] CPUunderclocking: !! Write(1of3) PState0 read : fid:30 did:2 vid:18 Multi:N/A {WritePState kernel/smp.c:854}
[    1.261002] CPUunderclocking: !! Write(2of3) PState0 write:6 did:0 vid:37 (multi:22) ... {WritePState kernel/smp.c:882}
[    1.261163] CPUunderclocking:   !! Wrmsr(before write): core:0/64 idx:c0010064 valx:8000017d00004a60 ...  {Wrmsr kernel/smp.c:637}
[    1.261331] CPUunderclocking:     !! Wrmsr(after write): done. {Wrmsr kernel/smp.c:676}
[    1.261495] CPUunderclocking:   !! Wrmsr(before write): core:1/64 idx:c0010064 valx:8000017d00004a60 ...  {Wrmsr kernel/smp.c:637}
[    1.261667] CPUunderclocking:     !! Wrmsr(after write): done. {Wrmsr kernel/smp.c:676}
[    1.261825] CPUunderclocking:   !! Wrmsr(before write): core:2/64 idx:c0010064 valx:8000017d00004a60 ...  {Wrmsr kernel/smp.c:637}
[    1.262004] CPUunderclocking:     !! Wrmsr(after write): done. {Wrmsr kernel/smp.c:676}
[    1.262166] CPUunderclocking:   !! Wrmsr(before write): core:3/64 idx:c0010064 valx:8000017d00004a60 ...  {Wrmsr kernel/smp.c:637}
[    1.262337] CPUunderclocking:     !! Wrmsr(after write): done. {Wrmsr kernel/smp.c:676}
[    1.262501] CPUunderclocking: !! Write(3of3) PState0 done. status:0 (0=success) {WritePState kernel/smp.c:884}
[    1.262666] CPUunderclocking:   !! Rdmsr(1of2): core:0 idx:c0010065 ... {Rdmsr kernel/smp.c:696}
[    1.262826] CPUunderclocking:     !! Rdmsr(2of2): core:0 idx:c0010065 done. (resultx==8000014000004fa3 hi:80000140 lo:00004fa3) {Rdmsr kernel/smp.c:712}
[    1.262988] CPUunderclocking:   !! Rdmsr(1of2): core:1 idx:c0010065 ... {Rdmsr kernel/smp.c:696}
[    1.263006] CPUunderclocking:     !! Rdmsr(2of2): core:1 idx:c0010065 done. (resultx==8000014000004fa3 hi:80000140 lo:00004fa3) {Rdmsr kernel/smp.c:712}
[    1.263175] CPUunderclocking:   !! Rdmsr(1of2): core:2 idx:c0010065 ... {Rdmsr kernel/smp.c:696}
[    1.263344] CPUunderclocking:     !! Rdmsr(2of2): core:2 idx:c0010065 done. (resultx==8000014000004fa3 hi:80000140 lo:00004fa3) {Rdmsr kernel/smp.c:712}
[    1.263513] CPUunderclocking:   !! Rdmsr(1of2): core:3 idx:c0010065 ... {Rdmsr kernel/smp.c:696}
[    1.263677] CPUunderclocking:     !! Rdmsr(2of2): core:3 idx:c0010065 done. (resultx==8000014000004fa3 hi:80000140 lo:00004fa3) {Rdmsr kernel/smp.c:712}
[    1.263839] CPUunderclocking: !! Write(1of3) PState1 read : fid:26 did:3 vid:39 Multi:N/A {WritePState kernel/smp.c:854}
[    1.264003] CPUunderclocking: !! Write(2of3) PState1 write:4 did:0 vid:42 (multi:20) ... {WritePState kernel/smp.c:882}
[    1.264165] CPUunderclocking:   !! Wrmsr(before write): core:0/64 idx:c0010065 valx:8000014000005440 ...  {Wrmsr kernel/smp.c:637}
[    1.264330] CPUunderclocking:     !! Wrmsr(after write): done. {Wrmsr kernel/smp.c:676}
[    1.264489] CPUunderclocking:   !! Wrmsr(before write): core:1/64 idx:c0010065 valx:8000014000005440 ...  {Wrmsr kernel/smp.c:637}
[    1.264648] CPUunderclocking:     !! Wrmsr(after write): done. {Wrmsr kernel/smp.c:676}
[    1.264803] CPUunderclocking:   !! Wrmsr(before write): core:2/64 idx:c0010065 valx:8000014000005440 ...  {Wrmsr kernel/smp.c:637}
[    1.265004] CPUunderclocking:     !! Wrmsr(after write): done. {Wrmsr kernel/smp.c:676}
[    1.265160] CPUunderclocking:   !! Wrmsr(before write): core:3/64 idx:c0010065 valx:8000014000005440 ...  {Wrmsr kernel/smp.c:637}
[    1.265323] CPUunderclocking:     !! Wrmsr(after write): done. {Wrmsr kernel/smp.c:676}
[    1.265479] CPUunderclocking: !! Write(3of3) PState1 done. status:0 (0=success) {WritePState kernel/smp.c:884}
[    1.265639] CPUunderclocking:   !! Rdmsr(1of2): core:0 idx:c0010066 ... {Rdmsr kernel/smp.c:696}
[    1.265794] CPUunderclocking:     !! Rdmsr(2of2): core:0 idx:c0010066 done. (resultx==8000013700005573 hi:80000137 lo:00005573) {Rdmsr kernel/smp.c:712}
[    1.266001] CPUunderclocking:   !! Rdmsr(1of2): core:1 idx:c0010066 ... {Rdmsr kernel/smp.c:696}
[    1.266163] CPUunderclocking:     !! Rdmsr(2of2): core:1 idx:c0010066 done. (resultx==8000013700005573 hi:80000137 lo:00005573) {Rdmsr kernel/smp.c:712}
[    1.266323] CPUunderclocking:   !! Rdmsr(1of2): core:2 idx:c0010066 ... {Rdmsr kernel/smp.c:696}
[    1.266483] CPUunderclocking:     !! Rdmsr(2of2): core:2 idx:c0010066 done. (resultx==8000013700005573 hi:80000137 lo:00005573) {Rdmsr kernel/smp.c:712}
[    1.266644] CPUunderclocking:   !! Rdmsr(1of2): core:3 idx:c0010066 ... {Rdmsr kernel/smp.c:696}
[    1.266804] CPUunderclocking:     !! Rdmsr(2of2): core:3 idx:c0010066 done. (resultx==8000013700005573 hi:80000137 lo:00005573) {Rdmsr kernel/smp.c:712}
[    1.267002] CPUunderclocking: !! Write(1of3) PState2 read : fid:23 did:3 vid:42 Multi:N/A {WritePState kernel/smp.c:854}
[    1.267161] CPUunderclocking: !! Write(2of3) PState2 write:2 did:0 vid:47 (multi:18) ... {WritePState kernel/smp.c:882}
[    1.268002] CPUunderclocking:   !! Wrmsr(before write): core:0/64 idx:c0010066 valx:8000013700005e20 ...  {Wrmsr kernel/smp.c:637}
[    1.268163] CPUunderclocking:     !! Wrmsr(after write): done. {Wrmsr kernel/smp.c:676}
[    1.268325] CPUunderclocking:   !! Wrmsr(before write): core:1/64 idx:c0010066 valx:8000013700005e20 ...  {Wrmsr kernel/smp.c:637}
[    1.268491] CPUunderclocking:     !! Wrmsr(after write): done. {Wrmsr kernel/smp.c:676}
[    1.268650] CPUunderclocking:   !! Wrmsr(before write): core:2/64 idx:c0010066 valx:8000013700005e20 ...  {Wrmsr kernel/smp.c:637}
[    1.269002] CPUunderclocking:     !! Wrmsr(after write): done. {Wrmsr kernel/smp.c:676}
[    1.269160] CPUunderclocking:   !! Wrmsr(before write): core:3/64 idx:c0010066 valx:8000013700005e20 ...  {Wrmsr kernel/smp.c:637}
[    1.269325] CPUunderclocking:     !! Wrmsr(after write): done. {Wrmsr kernel/smp.c:676}
[    1.269485] CPUunderclocking: !! Write(3of3) PState2 done. status:0 (0=success) {WritePState kernel/smp.c:884}
[    1.269646] CPUunderclocking:   !! Rdmsr(1of2): core:0 idx:c0010067 ... {Rdmsr kernel/smp.c:696}
[    1.269807] CPUunderclocking:     !! Rdmsr(2of2): core:0 idx:c0010067 done. (resultx==8000013200005b43 hi:80000132 lo:00005b43) {Rdmsr kernel/smp.c:712}
[    1.269970] CPUunderclocking:   !! Rdmsr(1of2): core:1 idx:c0010067 ... {Rdmsr kernel/smp.c:696}
[    1.270005] CPUunderclocking:     !! Rdmsr(2of2): core:1 idx:c0010067 done. (resultx==8000013200005b43 hi:80000132 lo:00005b43) {Rdmsr kernel/smp.c:712}
[    1.270168] CPUunderclocking:   !! Rdmsr(1of2): core:2 idx:c0010067 ... {Rdmsr kernel/smp.c:696}
[    1.270331] CPUunderclocking:     !! Rdmsr(2of2): core:2 idx:c0010067 done. (resultx==8000013200005b43 hi:80000132 lo:00005b43) {Rdmsr kernel/smp.c:712}
[    1.270496] CPUunderclocking:   !! Rdmsr(1of2): core:3 idx:c0010067 ... {Rdmsr kernel/smp.c:696}
[    1.270659] CPUunderclocking:     !! Rdmsr(2of2): core:3 idx:c0010067 done. (resultx==8000013200005b43 hi:80000132 lo:00005b43) {Rdmsr kernel/smp.c:712}
[    1.270823] CPUunderclocking: !! Write(1of3) PState3 read : fid:20 did:3 vid:45 Multi:N/A {WritePState kernel/smp.c:854}
[    1.271002] CPUunderclocking: !! Write(2of3) PState3 write:1 did:0 vid:49 (multi:17) ... {WritePState kernel/smp.c:882}
[    1.271165] CPUunderclocking:   !! Wrmsr(before write): core:0/64 idx:c0010067 valx:8000013200006210 ...  {Wrmsr kernel/smp.c:637}
[    1.271326] CPUunderclocking:     !! Wrmsr(after write): done. {Wrmsr kernel/smp.c:676}
[    1.271485] CPUunderclocking:   !! Wrmsr(before write): core:1/64 idx:c0010067 valx:8000013200006210 ...  {Wrmsr kernel/smp.c:637}
[    1.271650] CPUunderclocking:     !! Wrmsr(after write): done. {Wrmsr kernel/smp.c:676}
[    1.271810] CPUunderclocking:   !! Wrmsr(before write): core:2/64 idx:c0010067 valx:8000013200006210 ...  {Wrmsr kernel/smp.c:637}
[    1.272004] CPUunderclocking:     !! Wrmsr(after write): done. {Wrmsr kernel/smp.c:676}
[    1.272165] CPUunderclocking:   !! Wrmsr(before write): core:3/64 idx:c0010067 valx:8000013200006210 ...  {Wrmsr kernel/smp.c:637}
[    1.272329] CPUunderclocking:     !! Wrmsr(after write): done. {Wrmsr kernel/smp.c:676}
[    1.272488] CPUunderclocking: !! Write(3of3) PState3 done. status:0 (0=success) {WritePState kernel/smp.c:884}
[    1.272650] CPUunderclocking:   !! Rdmsr(1of2): core:0 idx:c0010068 ... {Rdmsr kernel/smp.c:696}
[    1.272810] CPUunderclocking:     !! Rdmsr(2of2): core:0 idx:c0010068 done. (resultx==8000012e00005d13 hi:8000012e lo:00005d13) {Rdmsr kernel/smp.c:712}
[    1.273001] CPUunderclocking:   !! Rdmsr(1of2): core:1 idx:c0010068 ... {Rdmsr kernel/smp.c:696}
[    1.273165] CPUunderclocking:     !! Rdmsr(2of2): core:1 idx:c0010068 done. (resultx==8000012e00005d13 hi:8000012e lo:00005d13) {Rdmsr kernel/smp.c:712}
[    1.273330] CPUunderclocking:   !! Rdmsr(1of2): core:2 idx:c0010068 ... {Rdmsr kernel/smp.c:696}
[    1.273493] CPUunderclocking:     !! Rdmsr(2of2): core:2 idx:c0010068 done. (resultx==8000012e00005d13 hi:8000012e lo:00005d13) {Rdmsr kernel/smp.c:712}
[    1.273658] CPUunderclocking:   !! Rdmsr(1of2): core:3 idx:c0010068 ... {Rdmsr kernel/smp.c:696}
[    1.273821] CPUunderclocking:     !! Rdmsr(2of2): core:3 idx:c0010068 done. (resultx==8000012e00005d13 hi:8000012e lo:00005d13) {Rdmsr kernel/smp.c:712}
[    1.274002] CPUunderclocking: !! Write(1of3) PState4 read : fid:17 did:3 vid:46 Multi:N/A {WritePState kernel/smp.c:854}
[    1.274164] CPUunderclocking: !! Write(2of3) PState4 write:0 did:0 vid:52 (multi:16) ... {WritePState kernel/smp.c:882}
[    1.274325] CPUunderclocking:   !! Wrmsr(before write): core:0/64 idx:c0010068 valx:8000012e00006800 ...  {Wrmsr kernel/smp.c:637}
[    1.274486] CPUunderclocking:     !! Wrmsr(after write): done. {Wrmsr kernel/smp.c:676}
[    1.274645] CPUunderclocking:   !! Wrmsr(before write): core:1/64 idx:c0010068 valx:8000012e00006800 ...  {Wrmsr kernel/smp.c:637}
[    1.274811] CPUunderclocking:     !! Wrmsr(after write): done. {Wrmsr kernel/smp.c:676}
[    1.275002] CPUunderclocking:   !! Wrmsr(before write): core:2/64 idx:c0010068 valx:8000012e00006800 ...  {Wrmsr kernel/smp.c:637}
[    1.275168] CPUunderclocking:     !! Wrmsr(after write): done. {Wrmsr kernel/smp.c:676}
[    1.275328] CPUunderclocking:   !! Wrmsr(before write): core:3/64 idx:c0010068 valx:8000012e00006800 ...  {Wrmsr kernel/smp.c:637}
[    1.275494] CPUunderclocking:     !! Wrmsr(after write): done. {Wrmsr kernel/smp.c:676}
[    1.275652] CPUunderclocking: !! Write(3of3) PState4 done. status:0 (0=success) {WritePState kernel/smp.c:884}
[    1.275812] CPUunderclocking:   !! Rdmsr(1of2): core:0 idx:c0010069 ... {Rdmsr kernel/smp.c:696}
[    1.276002] CPUunderclocking:     !! Rdmsr(2of2): core:0 idx:c0010069 done. (resultx==8000012b00005ee3 hi:8000012b lo:00005ee3) {Rdmsr kernel/smp.c:712}
[    1.276166] CPUunderclocking:   !! Rdmsr(1of2): core:1 idx:c0010069 ... {Rdmsr kernel/smp.c:696}
[    1.276329] CPUunderclocking:     !! Rdmsr(2of2): core:1 idx:c0010069 done. (resultx==8000012b00005ee3 hi:8000012b lo:00005ee3) {Rdmsr kernel/smp.c:712}
[    1.276493] CPUunderclocking:   !! Rdmsr(1of2): core:2 idx:c0010069 ... {Rdmsr kernel/smp.c:696}
[    1.276659] CPUunderclocking:     !! Rdmsr(2of2): core:2 idx:c0010069 done. (resultx==8000012b00005ee3 hi:8000012b lo:00005ee3) {Rdmsr kernel/smp.c:712}
[    1.276821] CPUunderclocking:   !! Rdmsr(1of2): core:3 idx:c0010069 ... {Rdmsr kernel/smp.c:696}
[    1.276984] CPUunderclocking:     !! Rdmsr(2of2): core:3 idx:c0010069 done. (resultx==8000012b00005ee3 hi:8000012b lo:00005ee3) {Rdmsr kernel/smp.c:712}
[    1.277002] CPUunderclocking: !! Write(1of3) PState5 read : fid:14 did:3 vid:47 Multi:N/A {WritePState kernel/smp.c:854}
[    1.277163] CPUunderclocking: !! Write(2of3) PState5 write:5 did:1 vid:55 (multi:14) ... {WritePState kernel/smp.c:882}
[    1.277325] CPUunderclocking:   !! Wrmsr(before write): core:0/64 idx:c0010069 valx:8000012b00006e51 ...  {Wrmsr kernel/smp.c:637}
[    1.277490] CPUunderclocking:     !! Wrmsr(after write): done. {Wrmsr kernel/smp.c:676}
[    1.277648] CPUunderclocking:   !! Wrmsr(before write): core:1/64 idx:c0010069 valx:8000012b00006e51 ...  {Wrmsr kernel/smp.c:637}
[    1.277813] CPUunderclocking:     !! Wrmsr(after write): done. {Wrmsr kernel/smp.c:676}
[    1.278002] CPUunderclocking:   !! Wrmsr(before write): core:2/64 idx:c0010069 valx:8000012b00006e51 ...  {Wrmsr kernel/smp.c:637}
[    1.278168] CPUunderclocking:     !! Wrmsr(after write): done. {Wrmsr kernel/smp.c:676}
[    1.278327] CPUunderclocking:   !! Wrmsr(before write): core:3/64 idx:c0010069 valx:8000012b00006e51 ...  {Wrmsr kernel/smp.c:637}
[    1.278493] CPUunderclocking:     !! Wrmsr(after write): done. {Wrmsr kernel/smp.c:676}
[    1.278653] CPUunderclocking: !! Write(3of3) PState5 done. status:0 (0=success) {WritePState kernel/smp.c:884}
[    1.278812] CPUunderclocking:   !! Rdmsr(1of2): core:0 idx:c001006a ... {Rdmsr kernel/smp.c:696}
[    1.279002] CPUunderclocking:     !! Rdmsr(2of2): core:0 idx:c001006a done. (resultx==80000127000060b3 hi:80000127 lo:000060b3) {Rdmsr kernel/smp.c:712}
[    1.279166] CPUunderclocking:   !! Rdmsr(1of2): core:1 idx:c001006a ... {Rdmsr kernel/smp.c:696}
[    1.279330] CPUunderclocking:     !! Rdmsr(2of2): core:1 idx:c001006a done. (resultx==80000127000060b3 hi:80000127 lo:000060b3) {Rdmsr kernel/smp.c:712}
[    1.279494] CPUunderclocking:   !! Rdmsr(1of2): core:2 idx:c001006a ... {Rdmsr kernel/smp.c:696}
[    1.279657] CPUunderclocking:     !! Rdmsr(2of2): core:2 idx:c001006a done. (resultx==80000127000060b3 hi:80000127 lo:000060b3) {Rdmsr kernel/smp.c:712}
[    1.279820] CPUunderclocking:   !! Rdmsr(1of2): core:3 idx:c001006a ... {Rdmsr kernel/smp.c:696}
[    1.280007] CPUunderclocking:     !! Rdmsr(2of2): core:3 idx:c001006a done. (resultx==80000127000060b3 hi:80000127 lo:000060b3) {Rdmsr kernel/smp.c:712}
[    1.280169] CPUunderclocking: !! Write(1of3) PState6 read : fid:11 did:3 vid:48 Multi:N/A {WritePState kernel/smp.c:854}
[    1.280328] CPUunderclocking: !! Write(2of3) PState6 write:2 did:1 vid:59 (multi:12) ... {WritePState kernel/smp.c:882}
[    1.280487] CPUunderclocking:   !! Wrmsr(before write): core:0/64 idx:c001006a valx:8000012700007621 ...  {Wrmsr kernel/smp.c:637}
[    1.280646] CPUunderclocking:     !! Wrmsr(after write): done. {Wrmsr kernel/smp.c:676}
[    1.280804] CPUunderclocking:   !! Wrmsr(before write): core:1/64 idx:c001006a valx:8000012700007621 ...  {Wrmsr kernel/smp.c:637}
[    1.281004] CPUunderclocking:     !! Wrmsr(after write): done. {Wrmsr kernel/smp.c:676}
[    1.281160] CPUunderclocking:   !! Wrmsr(before write): core:2/64 idx:c001006a valx:8000012700007621 ...  {Wrmsr kernel/smp.c:637}
[    1.281327] CPUunderclocking:     !! Wrmsr(after write): done. {Wrmsr kernel/smp.c:676}
[    1.281483] CPUunderclocking:   !! Wrmsr(before write): core:3/64 idx:c001006a valx:8000012700007621 ...  {Wrmsr kernel/smp.c:637}
[    1.281644] CPUunderclocking:     !! Wrmsr(after write): done. {Wrmsr kernel/smp.c:676}
[    1.281800] CPUunderclocking: !! Write(3of3) PState6 done. status:0 (0=success) {WritePState kernel/smp.c:884}
[    1.281960] CPUunderclocking:   !! Rdmsr(1of2): core:0 idx:c001006b ... {Rdmsr kernel/smp.c:696}
[    1.282156] CPUunderclocking:     !! Rdmsr(2of2): core:0 idx:c001006b done. (resultx==8000012500006504 hi:80000125 lo:00006504) {Rdmsr kernel/smp.c:712}
[    1.282317] CPUunderclocking:   !! Rdmsr(1of2): core:1 idx:c001006b ... {Rdmsr kernel/smp.c:696}
[    1.282478] CPUunderclocking:     !! Rdmsr(2of2): core:1 idx:c001006b done. (resultx==8000012500006504 hi:80000125 lo:00006504) {Rdmsr kernel/smp.c:712}
[    1.282638] CPUunderclocking:   !! Rdmsr(1of2): core:2 idx:c001006b ... {Rdmsr kernel/smp.c:696}
[    1.283005] CPUunderclocking:     !! Rdmsr(2of2): core:2 idx:c001006b done. (resultx==8000012500006504 hi:80000125 lo:00006504) {Rdmsr kernel/smp.c:712}
[    1.283169] CPUunderclocking:   !! Rdmsr(1of2): core:3 idx:c001006b ... {Rdmsr kernel/smp.c:696}
[    1.283332] CPUunderclocking:     !! Rdmsr(2of2): core:3 idx:c001006b done. (resultx==8000012500006504 hi:80000125 lo:00006504) {Rdmsr kernel/smp.c:712}
[    1.284002] CPUunderclocking: !! Write(1of3) PState7 read : fid:16 did:4 vid:50 Multi:N/A {WritePState kernel/smp.c:854}
[    1.284163] CPUunderclocking: !! Write(2of3) PState7 write:0 did:2 vid:67 (multi:8) ... {WritePState kernel/smp.c:882}
[    1.284324] CPUunderclocking:   !! Wrmsr(before write): core:0/64 idx:c001006b valx:8000012500008602 ...  {Wrmsr kernel/smp.c:637}
[    1.284487] CPUunderclocking:     !! Wrmsr(after write): done. {Wrmsr kernel/smp.c:676}
[    1.284646] CPUunderclocking:   !! Wrmsr(before write): core:1/64 idx:c001006b valx:8000012500008602 ...  {Wrmsr kernel/smp.c:637}
[    1.284812] CPUunderclocking:     !! Wrmsr(after write): done. {Wrmsr kernel/smp.c:676}
[    1.285002] CPUunderclocking:   !! Wrmsr(before write): core:2/64 idx:c001006b valx:8000012500008602 ...  {Wrmsr kernel/smp.c:637}
[    1.285168] CPUunderclocking:     !! Wrmsr(after write): done. {Wrmsr kernel/smp.c:676}
[    1.285327] CPUunderclocking:   !! Wrmsr(before write): core:3/64 idx:c001006b valx:8000012500008602 ...  {Wrmsr kernel/smp.c:637}
[    1.285493] CPUunderclocking:     !! Wrmsr(after write): done. {Wrmsr kernel/smp.c:676}
[    1.285652] CPUunderclocking: !! Write(3of3) PState7 done. status:0 (0=success) {WritePState kernel/smp.c:884}
[    1.285813] CPUunderclocking: Switching to another p-state temporarily so to ensure that the current one uses newly applied values {apply_underclocking_if_needed kernel/smp.c:954}
[    1.286001] CPUunderclocking:   !! Rdmsr(1of2): core:0 idx:c0010071 ... {Rdmsr kernel/smp.c:696}
[    1.286163] CPUunderclocking:     !! Rdmsr(2of2): core:0 idx:c0010071 done. (resultx==003160975a014e40 hi:00316097 lo:5a014e40) {Rdmsr kernel/smp.c:712}
[    1.286326] CPUunderclocking:   !! Rdmsr(1of2): core:1 idx:c0010071 ... {Rdmsr kernel/smp.c:696}
[    1.286491] CPUunderclocking:     !! Rdmsr(2of2): core:1 idx:c0010071 done. (resultx==003160975a014fa3 hi:00316097 lo:5a014fa3) {Rdmsr kernel/smp.c:712}
[    1.286654] CPUunderclocking:     !! Rdmsr(3of2): different results for cores(this is expected to be so, depending on load) core[0] != core[1] (see above KERN_DEBUG msgs) {Rdmsr kernel/smp.c:717}
[    1.286858] CPUunderclocking:   !! Rdmsr(1of2): core:2 idx:c0010071 ... {Rdmsr kernel/smp.c:696}
[    1.287006] CPUunderclocking:     !! Rdmsr(2of2): core:2 idx:c0010071 done. (resultx==003160975a014fa3 hi:00316097 lo:5a014fa3) {Rdmsr kernel/smp.c:712}
[    1.287169] CPUunderclocking:   !! Rdmsr(1of2): core:3 idx:c0010071 ... {Rdmsr kernel/smp.c:696}
[    1.287332] CPUunderclocking:     !! Rdmsr(2of2): core:3 idx:c0010071 done. (resultx==003160975a014e40 hi:00316097 lo:5a014e40) {Rdmsr kernel/smp.c:712}
[    1.287496] CPUunderclocking:     !! Rdmsr(3of2): different results for cores(this is expected to be so, depending on load) core[2] != core[3] (see above KERN_DEBUG msgs) {Rdmsr kernel/smp.c:717}
[    1.287701] CPUunderclocking: !! currentpstate:1 temppstate:7 {apply_underclocking_if_needed kernel/smp.c:962}
[    1.287861] CPUunderclocking:   !! Rdmsr(1of2): core:0 idx:c0010062 ... {Rdmsr kernel/smp.c:696}
[    1.288003] CPUunderclocking:     !! Rdmsr(2of2): core:0 idx:c0010062 done. (resultx==0000000000000000 hi:00000000 lo:00000000) {Rdmsr kernel/smp.c:712}
[    1.288165] CPUunderclocking:   !! Rdmsr(1of2): core:1 idx:c0010062 ... {Rdmsr kernel/smp.c:696}
[    1.288330] CPUunderclocking:     !! Rdmsr(2of2): core:1 idx:c0010062 done. (resultx==0000000000000000 hi:00000000 lo:00000000) {Rdmsr kernel/smp.c:712}
[    1.288492] CPUunderclocking:   !! Rdmsr(1of2): core:2 idx:c0010062 ... {Rdmsr kernel/smp.c:696}
[    1.288657] CPUunderclocking:     !! Rdmsr(2of2): core:2 idx:c0010062 done. (resultx==0000000000000000 hi:00000000 lo:00000000) {Rdmsr kernel/smp.c:712}
[    1.288820] CPUunderclocking:   !! Rdmsr(1of2): core:3 idx:c0010062 ... {Rdmsr kernel/smp.c:696}
[    1.289004] CPUunderclocking:     !! Rdmsr(2of2): core:3 idx:c0010062 done. (resultx==0000000000000000 hi:00000000 lo:00000000) {Rdmsr kernel/smp.c:712}
[    1.289168] CPUunderclocking:   !! Wrmsr(before write): core:0/64 idx:c0010062 valx:0000000000000006 ...  {Wrmsr kernel/smp.c:637}
[    1.289334] CPUunderclocking:     !! Wrmsr(after write): done. {Wrmsr kernel/smp.c:676}
[    1.289510] CPUunderclocking:   !! Wrmsr(before write): core:1/64 idx:c0010062 valx:0000000000000006 ...  {Wrmsr kernel/smp.c:637}
[    1.289695] CPUunderclocking:     !! Wrmsr(after write): done. {Wrmsr kernel/smp.c:676}
[    1.289871] CPUunderclocking:   !! Wrmsr(before write): core:2/64 idx:c0010062 valx:0000000000000006 ...  {Wrmsr kernel/smp.c:637}
[    1.290007] CPUunderclocking:     !! Wrmsr(after write): done. {Wrmsr kernel/smp.c:676}
[    1.290183] CPUunderclocking:   !! Wrmsr(before write): core:3/64 idx:c0010062 valx:0000000000000006 ...  {Wrmsr kernel/smp.c:637}
[    1.290369] CPUunderclocking:     !! Wrmsr(after write): done. {Wrmsr kernel/smp.c:676}
[    1.290544] CPUunderclocking:   !! Rdmsr(1of2): core:0 idx:c0010063 ... {Rdmsr kernel/smp.c:696}
[    1.290724] CPUunderclocking:     !! Rdmsr(2of2): core:0 idx:c0010063 done. (resultx==0000000000000006 hi:00000000 lo:00000006) {Rdmsr kernel/smp.c:712}
[    1.291004] CPUunderclocking:   !! Rdmsr(1of2): core:1 idx:c0010063 ... {Rdmsr kernel/smp.c:696}
[    1.291187] CPUunderclocking:     !! Rdmsr(2of2): core:1 idx:c0010063 done. (resultx==0000000000000000 hi:00000000 lo:00000000) {Rdmsr kernel/smp.c:712}
[    1.291371] CPUunderclocking:     !! Rdmsr(3of2): different results for cores(this is expected to be so, depending on load) core[0] != core[1] (see above KERN_DEBUG msgs) {Rdmsr kernel/smp.c:717}
[    1.291601] CPUunderclocking:   !! Rdmsr(1of2): core:2 idx:c0010063 ... {Rdmsr kernel/smp.c:696}
[    1.291785] CPUunderclocking:     !! Rdmsr(2of2): core:2 idx:c0010063 done. (resultx==0000000000000000 hi:00000000 lo:00000000) {Rdmsr kernel/smp.c:712}
[    1.292004] CPUunderclocking:   !! Rdmsr(1of2): core:3 idx:c0010063 ... {Rdmsr kernel/smp.c:696}
[    1.292187] CPUunderclocking:     !! Rdmsr(2of2): core:3 idx:c0010063 done. (resultx==0000000000000006 hi:00000000 lo:00000006) {Rdmsr kernel/smp.c:712}
[    1.292371] CPUunderclocking:     !! Rdmsr(3of2): different results for cores(this is expected to be so, depending on load) core[2] != core[3] (see above KERN_DEBUG msgs) {Rdmsr kernel/smp.c:717}
[    1.292603] CPUunderclocking: Waiting for PState to settle at wanted. Current: i(16bits)=6 j(64bits)=6 wantedpstate=6 tries left:9 {SetCurrentPState kernel/smp.c:926}
[    1.292829] CPUunderclocking:   !! Rdmsr(1of2): core:0 idx:c0010071 ... {Rdmsr kernel/smp.c:696}
[    1.293006] CPUunderclocking:     !! Rdmsr(2of2): core:0 idx:c0010071 done. (resultx==003160975a074e02 hi:00316097 lo:5a074e02) {Rdmsr kernel/smp.c:712}
[    1.293191] CPUunderclocking:   !! Rdmsr(1of2): core:1 idx:c0010071 ... {Rdmsr kernel/smp.c:696}
[    1.293373] CPUunderclocking:     !! Rdmsr(2of2): core:1 idx:c0010071 done. (resultx==003160975a014fa3 hi:00316097 lo:5a014fa3) {Rdmsr kernel/smp.c:712}
[    1.293556] CPUunderclocking:     !! Rdmsr(3of2): different results for cores(this is expected to be so, depending on load) core[0] != core[1] (see above KERN_DEBUG msgs) {Rdmsr kernel/smp.c:717}
[    1.293786] CPUunderclocking:   !! Rdmsr(1of2): core:2 idx:c0010071 ... {Rdmsr kernel/smp.c:696}
[    1.294037] CPUunderclocking:     !! Rdmsr(2of2): core:2 idx:c0010071 done. (resultx==003160975a014fa3 hi:00316097 lo:5a014fa3) {Rdmsr kernel/smp.c:712}
[    1.294267] CPUunderclocking:   !! Rdmsr(1of2): core:3 idx:c0010071 ... {Rdmsr kernel/smp.c:696}
[    1.294451] CPUunderclocking:     !! Rdmsr(2of2): core:3 idx:c0010071 done. (resultx==003160975a074e02 hi:00316097 lo:5a074e02) {Rdmsr kernel/smp.c:712}
[    1.294635] CPUunderclocking:     !! Rdmsr(3of2): different results for cores(this is expected to be so, depending on load) core[2] != core[3] (see above KERN_DEBUG msgs) {Rdmsr kernel/smp.c:717}
[    1.294865] CPUunderclocking: !! currentpstate:7 {apply_underclocking_if_needed kernel/smp.c:964}
[    1.295004] CPUunderclocking:   !! Rdmsr(1of2): core:0 idx:c0010062 ... {Rdmsr kernel/smp.c:696}
[    1.295183] CPUunderclocking:     !! Rdmsr(2of2): core:0 idx:c0010062 done. (resultx==0000000000000006 hi:00000000 lo:00000006) {Rdmsr kernel/smp.c:712}
[    1.295367] CPUunderclocking:   !! Rdmsr(1of2): core:1 idx:c0010062 ... {Rdmsr kernel/smp.c:696}
[    1.295549] CPUunderclocking:     !! Rdmsr(2of2): core:1 idx:c0010062 done. (resultx==0000000000000006 hi:00000000 lo:00000006) {Rdmsr kernel/smp.c:712}
[    1.295729] CPUunderclocking:   !! Rdmsr(1of2): core:2 idx:c0010062 ... {Rdmsr kernel/smp.c:696}
[    1.295907] CPUunderclocking:     !! Rdmsr(2of2): core:2 idx:c0010062 done. (resultx==0000000000000006 hi:00000000 lo:00000006) {Rdmsr kernel/smp.c:712}
[    1.296004] CPUunderclocking:   !! Rdmsr(1of2): core:3 idx:c0010062 ... {Rdmsr kernel/smp.c:696}
[    1.296184] CPUunderclocking:     !! Rdmsr(2of2): core:3 idx:c0010062 done. (resultx==0000000000000006 hi:00000000 lo:00000006) {Rdmsr kernel/smp.c:712}
[    1.296366] CPUunderclocking:   !! Wrmsr(before write): core:0/64 idx:c0010062 valx:0000000000000000 ...  {Wrmsr kernel/smp.c:637}
[    1.296546] CPUunderclocking:     !! Wrmsr(after write): done. {Wrmsr kernel/smp.c:676}
[    1.296703] CPUunderclocking:   !! Wrmsr(before write): core:1/64 idx:c0010062 valx:0000000000000000 ...  {Wrmsr kernel/smp.c:637}
[    1.297001] CPUunderclocking:     !! Wrmsr(after write): done. {Wrmsr kernel/smp.c:676}
[    1.297158] CPUunderclocking:   !! Wrmsr(before write): core:2/64 idx:c0010062 valx:0000000000000000 ...  {Wrmsr kernel/smp.c:637}
[    1.297318] CPUunderclocking:     !! Wrmsr(after write): done. {Wrmsr kernel/smp.c:676}
[    1.297474] CPUunderclocking:   !! Wrmsr(before write): core:3/64 idx:c0010062 valx:0000000000000000 ...  {Wrmsr kernel/smp.c:637}
[    1.297637] CPUunderclocking:     !! Wrmsr(after write): done. {Wrmsr kernel/smp.c:676}
[    1.297792] CPUunderclocking:   !! Rdmsr(1of2): core:0 idx:c0010063 ... {Rdmsr kernel/smp.c:696}
[    1.297951] CPUunderclocking:     !! Rdmsr(2of2): core:0 idx:c0010063 done. (resultx==0000000000000000 hi:00000000 lo:00000000) {Rdmsr kernel/smp.c:712}
[    1.298001] CPUunderclocking:   !! Rdmsr(1of2): core:1 idx:c0010063 ... {Rdmsr kernel/smp.c:696}
[    1.298163] CPUunderclocking:     !! Rdmsr(2of2): core:1 idx:c0010063 done. (resultx==0000000000000000 hi:00000000 lo:00000000) {Rdmsr kernel/smp.c:712}
[    1.298324] CPUunderclocking:   !! Rdmsr(1of2): core:2 idx:c0010063 ... {Rdmsr kernel/smp.c:696}
[    1.298486] CPUunderclocking:     !! Rdmsr(2of2): core:2 idx:c0010063 done. (resultx==0000000000000000 hi:00000000 lo:00000000) {Rdmsr kernel/smp.c:712}
[    1.299001] CPUunderclocking:   !! Rdmsr(1of2): core:3 idx:c0010063 ... {Rdmsr kernel/smp.c:696}
[    1.299165] CPUunderclocking:     !! Rdmsr(2of2): core:3 idx:c0010063 done. (resultx==0000000000000000 hi:00000000 lo:00000000) {Rdmsr kernel/smp.c:712}
[    1.299330] CPUunderclocking: Waiting for PState to settle at wanted. Current: i(16bits)=0 j(64bits)=0 wantedpstate=0 tries left:9 {SetCurrentPState kernel/smp.c:926}
[    1.300001] CPUunderclocking:   !! Rdmsr(1of2): core:0 idx:c0010071 ... {Rdmsr kernel/smp.c:696}
[    1.300162] CPUunderclocking:     !! Rdmsr(2of2): core:0 idx:c0010071 done. (resultx==003160975a014e40 hi:00316097 lo:5a014e40) {Rdmsr kernel/smp.c:712}
[    1.300326] CPUunderclocking:   !! Rdmsr(1of2): core:1 idx:c0010071 ... {Rdmsr kernel/smp.c:696}
[    1.300491] CPUunderclocking:     !! Rdmsr(2of2): core:1 idx:c0010071 done. (resultx==003160975a014fa3 hi:00316097 lo:5a014fa3) {Rdmsr kernel/smp.c:712}
[    1.300655] CPUunderclocking:     !! Rdmsr(3of2): different results for cores(this is expected to be so, depending on load) core[0] != core[1] (see above KERN_DEBUG msgs) {Rdmsr kernel/smp.c:717}
[    1.300859] CPUunderclocking:   !! Rdmsr(1of2): core:2 idx:c0010071 ... {Rdmsr kernel/smp.c:696}
[    1.301005] CPUunderclocking:     !! Rdmsr(2of2): core:2 idx:c0010071 done. (resultx==003160975a014fa3 hi:00316097 lo:5a014fa3) {Rdmsr kernel/smp.c:712}
[    1.301169] CPUunderclocking:   !! Rdmsr(1of2): core:3 idx:c0010071 ... {Rdmsr kernel/smp.c:696}
[    1.301332] CPUunderclocking:     !! Rdmsr(2of2): core:3 idx:c0010071 done. (resultx==003160975a014e40 hi:00316097 lo:5a014e40) {Rdmsr kernel/smp.c:712}
[    1.301496] CPUunderclocking:     !! Rdmsr(3of2): different results for cores(this is expected to be so, depending on load) core[2] != core[3] (see above KERN_DEBUG msgs) {Rdmsr kernel/smp.c:717}
[    1.301701] CPUunderclocking: !! currentpstate:1 {apply_underclocking_if_needed kernel/smp.c:966}
[    1.301860] CPUunderclocking: done. {apply_underclocking_if_needed kernel/smp.c:969}
[    1.302001] smpboot: Boot done
[    1.302122] ----------------
[    1.302242] | NMI testsuite:
[    1.302361] --------------------
[    1.302480]   remote IPI:  ok  |
[    1.307220]    local IPI:  ok  |
[    1.315007] --------------------
[    1.315186] Good, all   2 testcases passed! |
[    1.315310] ---------------------------------
[    1.315436] smpboot: Before bogomips
[    1.315562] smpboot: Total of 4 processors activated (11178.31 BogoMIPS)
[    1.315690] smpboot: Before bogocount - setting activated=1
[    1.318774] devtmpfs: initialized
[    1.319185] device: 'platform': device_add
[    1.319722] bus: 'platform': registered
[    1.320064] bus: 'cpu': registered
[    1.320252] device: 'cpu': device_add
[    1.320886] bus: 'container': registered
[    1.321014] device: 'container': device_add
[    1.324625] bus: 'workqueue': registered
[    1.324819] device: 'workqueue': device_add
[    1.325462] clocksource: jiffies: mask: 0xffffffff max_cycles: 0xffffffff, max_idle_ns: 1911260446275000 ns
[    1.325842] xor: measuring software checksum speed
[    1.336002]    prefetch64-sse:  8796.000 MB/sec
[    1.346001]    generic_sse:  7912.000 MB/sec
[    1.346173] xor: using function: prefetch64-sse (8796.000 MB/sec)
[    1.346310] atomic64_test: passed for x86-64 platform with CX8 and with SSE
[    1.346438] device class 'regulator': registering
[    1.346787] Registering platform device 'reg-dummy'. Parent at platform
[    1.346966] device: 'reg-dummy': device_add
[    1.347066] bus: 'platform': add device reg-dummy
[    1.347526] bus: 'platform': add driver reg-dummy
[    1.347732] bus: 'platform': driver_probe_device: matched device reg-dummy with driver reg-dummy
[    1.347902] bus: 'platform': really_probe: probing driver reg-dummy with device reg-dummy
[    1.348061] devices_kset: Moving reg-dummy to end of list
[    1.348277] regulator-dummy: no parameters
[    1.348458] device: 'regulator.0': device_add
[    1.349494] driver: 'reg-dummy': driver_bound: bound to device 'reg-dummy'
[    1.349671] bus: 'platform': really_probe: bound device reg-dummy to driver reg-dummy
[    1.350878] NET: Registered protocol family 16
[    1.351531] device class 'bdi': registering
[    1.351817] bus: 'platform': add driver ramoops
[    1.352176] device class 'pci_bus': registering
[    1.352607] bus: 'pci': registered
[    1.352790] device class 'backlight': registering
[    1.353029] device class 'tty': registering
[    1.353265] device class 'vtconsole': registering
[    1.353517] device: 'vtcon0': device_add
[    1.354276] bus: 'node': registered
[    1.354466] device: 'node': device_add
[    1.355103] bus: 'i2c': registered
[    1.355315] bus: 'i2c': add driver dummy
[    1.355620] i2c-core: driver [dummy] registered
[    1.360019] cpuidle: using governor ladder
[    1.364014] cpuidle: using governor menu
[    1.364890] ACPI FADT declares the system doesn't support PCIe ASPM, so disable it
[    1.365009] ACPI: bus type PCI registered
[    1.365135] acpiphp: ACPI Hot Plug PCI Controller Driver version: 0.5
[    1.365264] device class 'dmi': registering
[    1.365462] device: 'id': device_add
[    1.366752] PCI: MMCONFIG for domain 0000 [bus 00-3f] at [mem 0xf8000000-0xfbffffff] (base 0xf8000000)
[    1.366975] PCI: not using MMCONFIG
[    1.367008] PCI: Using configuration type 1 for base access
[    1.367136] PCI: Using configuration type 1 for extended access
[    1.367834] device: 'node0': device_add
[    1.368206] bus: 'node': add device node0
[    1.368647] device: 'cpu0': device_add
[    1.368880] bus: 'cpu': add device cpu0
[    1.369516] device: 'cpu1': device_add
[    1.369770] bus: 'cpu': add device cpu1
[    1.370274] device: 'cpu2': device_add
[    1.370527] bus: 'cpu': add device cpu2
[    1.371032] device: 'cpu3': device_add
[    1.371289] bus: 'cpu': add device cpu3
[    1.435652] device: 'writeback': device_add
[    1.435906] bus: 'workqueue': add device writeback
[    1.436587] HugeTLB registered 2 MB page size, pre-allocated 0 pages
[    1.437803] device class 'block': registering
[    1.455015] raid6: sse2x1   gen()  2996 MB/s
[    1.472002] raid6: sse2x1   xor()  3417 MB/s
[    1.489009] raid6: sse2x2   gen()  4605 MB/s
[    1.506002] raid6: sse2x2   xor()  4939 MB/s
[    1.523004] raid6: sse2x4   gen()  5566 MB/s
[    1.540009] raid6: sse2x4   xor()  2939 MB/s
[    1.540182] raid6: using algorithm sse2x4 gen() 5566 MB/s
[    1.540309] raid6: .... xor() 2939 MB/s, rmw enabled
[    1.540436] raid6: using intx1 recovery algorithm
[    1.540650] device class 'graphics': registering
[    1.541039] ACPI: Added _OSI(Module Device)
[    1.541213] ACPI: Added _OSI(Processor Device)
[    1.541340] ACPI: Added _OSI(3.0 _SCP Extensions)
[    1.541467] ACPI: Added _OSI(Processor Aggregator Device)
[    1.705515] ACPI: [Firmware Bug]: BIOS _OSI(Linux) query ignored
[    1.724436] ACPI : EC: +++++ EC started +++++
[    1.779568] ACPI: Interpreter enabled
[    1.779756] ACPI: (supports S0 S5)
[    1.779930] ACPI: Using IOAPIC for interrupt routing
[    1.785361] bus: 'acpi': registered
[    1.785556] PCI: MMCONFIG for domain 0000 [bus 00-3f] at [mem 0xf8000000-0xfbffffff] (base 0xf8000000)
[    1.799614] PCI: MMCONFIG at [mem 0xf8000000-0xfbffffff] reserved in ACPI motherboard resources
[    1.799874] PCI: Using host bridge windows from ACPI; if necessary, use "pci=nocrs" and report a bug
[    1.800418] device: 'LNXSYSTM:00': device_add
[    1.800667] bus: 'acpi': add device LNXSYSTM:00
[    1.801840] device: 'LNXCPU:00': device_add
[    1.802078] bus: 'acpi': add device LNXCPU:00
[    1.803184] device: 'LNXCPU:01': device_add
[    1.803433] bus: 'acpi': add device LNXCPU:01
[    1.804507] device: 'LNXCPU:02': device_add
[    1.804759] bus: 'acpi': add device LNXCPU:02
[    1.805844] device: 'LNXCPU:03': device_add
[    1.806077] bus: 'acpi': add device LNXCPU:03
[    1.807970] device: 'LNXSYBUS:00': device_add
[    1.808083] bus: 'acpi': add device LNXSYBUS:00
[    1.810136] device: 'PNP0C0C:00': device_add
[    1.810390] bus: 'acpi': add device PNP0C0C:00
[    1.812417] device: 'PNP0A08:00': device_add
[    1.812664] bus: 'acpi': add device PNP0A08:00
[    1.814655] device: 'PNP0C02:00': device_add
[    1.814903] bus: 'acpi': add device PNP0C02:00
[    1.817177] device: 'device:00': device_add
[    1.817427] bus: 'acpi': add device device:00
[    1.819301] device: 'device:01': device_add
[    1.819549] bus: 'acpi': add device device:01
[    1.821428] device: 'device:02': device_add
[    1.821677] bus: 'acpi': add device device:02
[    1.823902] device: 'device:03': device_add
[    1.824078] bus: 'acpi': add device device:03
[    1.826021] device: 'LNXVIDEO:00': device_add
[    1.826269] bus: 'acpi': add device LNXVIDEO:00
[    1.828479] device: 'device:04': device_add
[    1.828729] bus: 'acpi': add device device:04
[    1.830851] device: 'device:05': device_add
[    1.831079] bus: 'acpi': add device device:05
[    1.832947] device: 'device:06': device_add
[    1.833077] bus: 'acpi': add device device:06
[    1.835320] device: 'device:07': device_add
[    1.835569] bus: 'acpi': add device device:07
[    1.837410] device: 'device:08': device_add
[    1.838082] bus: 'acpi': add device device:08
[    1.840943] device: 'device:09': device_add
[    1.841077] bus: 'acpi': add device device:09
[    1.843066] device: 'device:0a': device_add
[    1.843315] bus: 'acpi': add device device:0a
[    1.845541] device: 'device:0b': device_add
[    1.845786] bus: 'acpi': add device device:0b
[    1.847665] device: 'device:0c': device_add
[    1.847914] bus: 'acpi': add device device:0c
[    1.850157] device: 'device:0d': device_add
[    1.850407] bus: 'acpi': add device device:0d
[    1.852271] device: 'device:0e': device_add
[    1.852520] bus: 'acpi': add device device:0e
[    1.854756] device: 'device:0f': device_add
[    1.855013] bus: 'acpi': add device device:0f
[    1.856878] device: 'device:10': device_add
[    1.857083] bus: 'acpi': add device device:10
[    1.859344] device: 'device:11': device_add
[    1.859593] bus: 'acpi': add device device:11
[    1.861448] device: 'device:12': device_add
[    1.861696] bus: 'acpi': add device device:12
[    1.863541] device: 'device:13': device_add
[    1.863786] bus: 'acpi': add device device:13
[    1.865633] device: 'device:14': device_add
[    1.865887] bus: 'acpi': add device device:14
[    1.868124] device: 'device:15': device_add
[    1.868374] bus: 'acpi': add device device:15
[    1.870222] device: 'device:16': device_add
[    1.870470] bus: 'acpi': add device device:16
[    1.872320] device: 'device:17': device_add
[    1.872569] bus: 'acpi': add device device:17
[    1.874421] device: 'device:18': device_add
[    1.874671] bus: 'acpi': add device device:18
[    1.876891] device: 'device:19': device_add
[    1.877077] bus: 'acpi': add device device:19
[    1.878988] device: 'device:1a': device_add
[    1.879077] bus: 'acpi': add device device:1a
[    1.881084] device: 'device:1b': device_add
[    1.881335] bus: 'acpi': add device device:1b
[    1.883550] device: 'device:1c': device_add
[    1.883799] bus: 'acpi': add device device:1c
[    1.885653] device: 'device:1d': device_add
[    1.885903] bus: 'acpi': add device device:1d
[    1.887746] device: 'device:1e': device_add
[    1.888002] bus: 'acpi': add device device:1e
[    1.890224] device: 'device:1f': device_add
[    1.890473] bus: 'acpi': add device device:1f
[    1.892329] device: 'device:20': device_add
[    1.892578] bus: 'acpi': add device device:20
[    1.894798] device: 'device:21': device_add
[    1.895044] bus: 'acpi': add device device:21
[    1.896888] device: 'device:22': device_add
[    1.897078] bus: 'acpi': add device device:22
[    1.899344] device: 'device:23': device_add
[    1.899598] bus: 'acpi': add device device:23
[    1.901813] device: 'device:24': device_add
[    1.902066] bus: 'acpi': add device device:24
[    1.904608] device: 'device:25': device_add
[    1.904858] bus: 'acpi': add device device:25
[    1.906720] device: 'device:26': device_add
[    1.906968] bus: 'acpi': add device device:26
[    1.909114] device: 'device:27': device_add
[    1.909363] bus: 'acpi': add device device:27
[    1.915693] device: 'device:28': device_add
[    1.915943] bus: 'acpi': add device device:28
[    1.922256] device: 'device:29': device_add
[    1.922504] bus: 'acpi': add device device:29
[    1.924655] device: 'device:2a': device_add
[    1.924903] bus: 'acpi': add device device:2a
[    1.931210] device: 'device:2b': device_add
[    1.931457] bus: 'acpi': add device device:2b
[    1.937755] device: 'device:2c': device_add
[    1.938002] bus: 'acpi': add device device:2c
[    1.941123] device: 'device:2d': device_add
[    1.941372] bus: 'acpi': add device device:2d
[    1.943261] device: 'device:2e': device_add
[    1.943511] bus: 'acpi': add device device:2e
[    1.946785] device: 'device:2f': device_add
[    1.947050] bus: 'acpi': add device device:2f
[    1.948926] device: 'device:30': device_add
[    1.949077] bus: 'acpi': add device device:30
[    1.951155] device: 'device:31': device_add
[    1.951405] bus: 'acpi': add device device:31
[    1.953535] device: 'device:32': device_add
[    1.953783] bus: 'acpi': add device device:32
[    1.956681] device: 'PNP0C0F:00': device_add
[    1.956930] bus: 'acpi': add device PNP0C0F:00
[    1.959886] device: 'PNP0C0F:01': device_add
[    1.960078] bus: 'acpi': add device PNP0C0F:01
[    1.963108] device: 'PNP0C0F:02': device_add
[    1.963357] bus: 'acpi': add device PNP0C0F:02
[    1.966308] device: 'PNP0C0F:03': device_add
[    1.966557] bus: 'acpi': add device PNP0C0F:03
[    1.969545] device: 'PNP0C0F:04': device_add
[    1.969794] bus: 'acpi': add device PNP0C0F:04
[    1.972816] device: 'PNP0C0F:05': device_add
[    1.973078] bus: 'acpi': add device PNP0C0F:05
[    1.976087] device: 'PNP0C0F:06': device_add
[    1.976337] bus: 'acpi': add device PNP0C0F:06
[    1.979350] device: 'PNP0C0F:07': device_add
[    1.979598] bus: 'acpi': add device PNP0C0F:07
[    1.981561] device: 'PNP0200:00': device_add
[    1.981808] bus: 'acpi': add device PNP0200:00
[    1.983715] device: 'PNP0C04:00': device_add
[    1.983963] bus: 'acpi': add device PNP0C04:00
[    1.985858] device: 'PNP0000:00': device_add
[    1.986083] bus: 'acpi': add device PNP0000:00
[    1.988002] device: 'PNP0B00:00': device_add
[    1.988251] bus: 'acpi': add device PNP0B00:00
[    1.990145] device: 'PNP0800:00': device_add
[    1.990394] bus: 'acpi': add device PNP0800:00
[    1.992285] device: 'PNP0100:00': device_add
[    1.992534] bus: 'acpi': add device PNP0100:00
[    1.994419] device: 'PNP0C02:01': device_add
[    1.994673] bus: 'acpi': add device PNP0C02:01
[    1.997096] device: 'PNP0C01:00': device_add
[    1.997343] bus: 'acpi': add device PNP0C01:00
[    1.999866] device: 'PNP0C09:00': device_add
[    2.000078] bus: 'acpi': add device PNP0C09:00
[    2.002688] device: 'ACPI0003:00': device_add
[    2.002937] bus: 'acpi': add device ACPI0003:00
[    2.007724] device: 'PNP0C0A:00': device_add
[    2.007978] bus: 'acpi': add device PNP0C0A:00
[    2.010610] device: 'VPC2004:00': device_add
[    2.010860] bus: 'acpi': add device VPC2004:00
[    2.012833] device: 'PNP0303:00': device_add
[    2.013078] bus: 'acpi': add device PNP0303:00
[    2.017060] device: 'SYN0326:00': device_add
[    2.017310] bus: 'acpi': add device SYN0326:00
[    2.019550] device: 'device:33': device_add
[    2.019800] bus: 'acpi': add device device:33
[    2.022011] device: 'device:34': device_add
[    2.022260] bus: 'acpi': add device device:34
[    2.024103] device: 'device:35': device_add
[    2.024352] bus: 'acpi': add device device:35
