[    0.000000] Linux version 4.8.0-rc1-g29b4817 (z@myzee) (gcc version 6.1.1 20160707 (GCC) ) #20 SMP PREEMPT Mon Aug 8 21:18:27 EEST 2016
[    0.000000] Command line: BOOT_IMAGE=/boot/vmlinuz-linux-git root=UUID=96efaea0-86dc-485a-af36-36706f9f3908 rw root_trim=yes rd.luks.allow-discards ipv6.disable=1 pnp.debug=1 loglevel=9 log_buf_len=10M printk.always_kmsg_dump=y printk.time=y printk.devkmsg=on mminit_loglevel=0 memory_corruption_check=1 nohz=on rcu_nocbs=1-3 fbcon=scrollback:4096k fbcon=font:ProFont6x11 apic=debug dynamic_debug.verbose=1 "dyndbg=file arch/x86/kernel/apic/* +pflmt ; file drivers/video/* +pflmt ; file drivers/input/* -pflmt ; file drivers/acpi/* -pflmt" acpi_backlight=vendor radeon.audio=0 radeon.lockup_timeout=999000 radeon.test=0 radeon.agpmode=-1 radeon.benchmark=0 radeon.tv=0 radeon.hard_reset=1 radeon.msi=1 radeon.pcie_gen2=-1 radeon.no_wb=1 radeon.dynclks=0 radeon.r4xx_atom=0 radeonfb radeon.fastfb=1 radeon.dpm=1 radeon.runpm=1 rd.debug rd.udev.debug rd.memdebug=3 net.ifnames=1 slub_debug=U pax_sanitize_slab=full noefi nolvm dobtrfs console=tty1 earlyprintk=vga CPUunderclocking radeon.modeset=1 audit
[    0.000000] KERNEL supported cpus:
[    0.000000]   AMD AuthenticAMD
[    0.000000] x86/fpu: Legacy x87 FPU detected.
[    0.000000] x86/fpu: Using 'eager' FPU context switches.
[    0.000000] e820: BIOS-provided physical RAM map:
[    0.000000] BIOS-e820: [mem 0x0000000000000000-0x000000000009d7ff] usable
[    0.000000] BIOS-e820: [mem 0x000000000009d800-0x000000000009ffff] reserved
[    0.000000] BIOS-e820: [mem 0x00000000000e0000-0x00000000000fffff] reserved
[    0.000000] BIOS-e820: [mem 0x0000000000100000-0x00000000bed9afff] usable
[    0.000000] BIOS-e820: [mem 0x00000000bed9b000-0x00000000bf39afff] reserved
[    0.000000] BIOS-e820: [mem 0x00000000bf39b000-0x00000000bf49afff] ACPI NVS
[    0.000000] BIOS-e820: [mem 0x00000000bf49b000-0x00000000bf51afff] ACPI data
[    0.000000] BIOS-e820: [mem 0x00000000bf51b000-0x00000000bfdfffff] usable
[    0.000000] BIOS-e820: [mem 0x00000000bfe00000-0x00000000bfffffff] reserved
[    0.000000] BIOS-e820: [mem 0x00000000fec00000-0x00000000fecfffff] reserved
[    0.000000] BIOS-e820: [mem 0x00000000fed80000-0x00000000fed80fff] reserved
[    0.000000] BIOS-e820: [mem 0x00000000ffe00000-0x00000000ffffffff] reserved
[    0.000000] BIOS-e820: [mem 0x0000000100000000-0x000000041effffff] usable
[    0.000000] bootconsole [earlyvga0] enabled
[    0.000000] NX (Execute Disable) protection: active
[    0.000000] SMBIOS 2.6 present.
[    0.000000] DMI: LENOVO Sabine/Torpedo, BIOS 54CN18WW 07/20/2011
[    0.000000] e820: update [mem 0x00000000-0x00000fff] usable ==> reserved
[    0.000000] e820: remove [mem 0x000a0000-0x000fffff] usable
[    0.000000] e820: last_pfn = 0x41f000 max_arch_pfn = 0x400000000
[    0.000000] MTRR default type: uncachable
[    0.000000] MTRR fixed ranges enabled:
[    0.000000]   00000-9FFFF write-back
[    0.000000]   A0000-BFFFF uncachable
[    0.000000]   C0000-FFFFF write-protect
[    0.000000] MTRR variable ranges enabled:
[    0.000000]   0 base 0000000000 mask FF80000000 write-back
[    0.000000]   1 base 0080000000 mask FFC0000000 write-back
[    0.000000]   2 base 00FFF90000 mask FFFFFF0000 uncachable
[    0.000000]   3 base 00FED80000 mask 0FFFFFF000 uncachable
[    0.000000]   4 disabled
[    0.000000]   5 disabled
[    0.000000]   6 disabled
[    0.000000]   7 base 00FFE00000 mask FFFFE00000 write-protect
[    0.000000] TOM2: 000000041f000000 aka 16880M
[    0.000000] x86/PAT: Configuration [0-7]: WB  WC  UC- UC  WB  WC  UC- WT  
[    0.000000] mtrr: your BIOS has configured an incorrect mask, fixing it.
[    0.000000] e820: last_pfn = 0xbfe00 max_arch_pfn = 0x400000000
[    0.000000] Scan for SMP in [mem 0x00000000-0x000003ff]
[    0.000000] Scan for SMP in [mem 0x0009fc00-0x0009ffff]
[    0.000000] Scan for SMP in [mem 0x000f0000-0x000fffff]
[    0.000000] found SMP MP-table at [mem 0x000fa8b0-0x000fa8bf] mapped at [ffff8877c00fa8b0]
[    0.000000]   mpc: fa8c0-faa24
[    0.000000] Base memory trampoline at [ffff8877c0097000] 97000 size 24576
[    0.000000] Using GB pages for direct mapping
[    0.000000] BRK [0x2c430000, 0x2c430fff] PGTABLE
[    0.000000] BRK [0x2c431000, 0x2c431fff] PGTABLE
[    0.000000] BRK [0x2c432000, 0x2c432fff] PGTABLE
[    0.000000] BRK [0x2c433000, 0x2c433fff] PGTABLE
[    0.000000] BRK [0x2c434000, 0x2c434fff] PGTABLE
[    0.000000] BRK [0x2c435000, 0x2c435fff] PGTABLE
[    0.000000] log_buf_len: 16777216 bytes
[    0.000000] early log buf free: 2092600(99%)
[    0.000000] RAMDISK: [mem 0x37b83000-0x37db8fff]
[    0.000000] ACPI: Early table checksum verification disabled
[    0.000000] ACPI: RSDP 0x00000000000F0110 000024 (v02 LENOVO)
[    0.000000] ACPI: XSDT 0x00000000BF51A120 000074 (v01 LENOVO CB-01    00000001 LENO 00000001)
[    0.000000] ACPI: FACP 0x00000000BF508000 0000F4 (v04 LENOVO CB-01    00000001 PTL  00000001)
[    0.000000] ACPI: DSDT 0x00000000BF50A000 00FD10 (v01 LENOVO CB-01    00001000 LENO 00000001)
[    0.000000] ACPI: FACS 0x00000000BF478000 000040
[    0.000000] ACPI: FACS 0x00000000BF478000 000040
[    0.000000] ACPI: HPET 0x00000000BF507000 000038 (v01 LENOVO CB-01    00000001 PTL  00000001)
[    0.000000] ACPI: APIC 0x00000000BF506000 00007A (v02 LENOVO CB-01    00000001 PTL  00000001)
[    0.000000] ACPI: MCFG 0x00000000BF505000 00003C (v01 LENOVO CB-01    00000001 PTL  00000001)
[    0.000000] ACPI: SLIC 0x00000000BF504000 000176 (v01 LENOVO CB-01    00000001 LENO 00000001)
[    0.000000] ACPI: UEFI 0x00000000BF503000 00003E (v01 LENOVO CB-01    00000001 PTL  00000001)
[    0.000000] ACPI: UEFI 0x00000000BF502000 000042 (v01 PTL    COMBUF   00000001 PTL  00000001)
[    0.000000] ACPI: SSDT 0x00000000BF501000 000E34 (v01 AMD    POWERNOW 00000001 AMD  00000001)
[    0.000000] ACPI: SSDT 0x00000000BF4FF000 00193D (v02 AMD    ALIB     00000001 MSFT 04000000)
[    0.000000] ACPI: UEFI 0x00000000BF4FE000 0001DE (v01 LENOVO CB-01    00000001 PTL  00000001)
[    0.000000] ACPI: Local APIC address 0xfee00000
[    0.000000] mapped APIC to ffffffffff7fc000 (        fee00000)
[    0.000000] No NUMA configuration found
[    0.000000] Faking a node at [mem 0x0000000000000000-0x000000041effffff]
[    0.000000] NODE_DATA(0) allocated [mem 0x41dff9000-0x41dffcfff]
[    0.000000] Zone ranges:
[    0.000000]   DMA      [mem 0x0000000000001000-0x0000000000ffffff]
[    0.000000]   DMA32    [mem 0x0000000001000000-0x00000000ffffffff]
[    0.000000]   Normal   [mem 0x0000000100000000-0x000000041effffff]
[    0.000000] Movable zone start for each node
[    0.000000] Early memory node ranges
[    0.000000]   node   0: [mem 0x0000000000001000-0x000000000009cfff]
[    0.000000]   node   0: [mem 0x0000000000100000-0x00000000bed9afff]
[    0.000000]   node   0: [mem 0x00000000bf51b000-0x00000000bfdfffff]
[    0.000000]   node   0: [mem 0x0000000100000000-0x000000041effffff]
[    0.000000] Initmem setup node 0 [mem 0x0000000000001000-0x000000041effffff]
[    0.000000] On node 0 totalpages: 4056604
[    0.000000]   DMA zone: 64 pages used for memmap
[    0.000000]   DMA zone: 21 pages reserved
[    0.000000]   DMA zone: 3996 pages, LIFO batch:0
[    0.000000]   DMA32 zone: 12186 pages used for memmap
[    0.000000]   DMA32 zone: 779904 pages, LIFO batch:31
[    0.000000]   Normal zone: 51136 pages used for memmap
[    0.000000]   Normal zone: 3272704 pages, LIFO batch:31
[    0.000000] ACPI: PM-Timer IO Port: 0x808
[    0.000000] ACPI: Local APIC address 0xfee00000
[    0.000000] mapped APIC to ffffffffff7fc000 (        fee00000)
[    0.000000] ACPI: LAPIC (acpi_id[0x00] lapic_id[0x00] enabled)
[    0.000000] ACPI: LAPIC (acpi_id[0x01] lapic_id[0x01] enabled)
[    0.000000] ACPI: LAPIC (acpi_id[0x02] lapic_id[0x02] enabled)
[    0.000000] ACPI: LAPIC (acpi_id[0x03] lapic_id[0x03] enabled)
[    0.000000] ACPI: LAPIC_NMI (acpi_id[0x00] high edge lint[0x1])
[    0.000000] ACPI: LAPIC_NMI (acpi_id[0x01] high edge lint[0x1])
[    0.000000] ACPI: LAPIC_NMI (acpi_id[0x02] high edge lint[0x1])
[    0.000000] ACPI: LAPIC_NMI (acpi_id[0x03] high edge lint[0x1])
[    0.000000] ACPI: IOAPIC (id[0x02] address[0xfec00000] gsi_base[0])
[    0.000000] IOAPIC[0]: apic_id 2, version 33, address 0xfec00000, GSI 0-23
[    0.000000] ACPI: INT_SRC_OVR (bus 0 bus_irq 0 global_irq 2 dfl dfl)
[    0.000000] Int: type 0, pol 0, trig 0, bus 00, IRQ 00, APIC ID 2, APIC INT 02
[    0.000000] Int: type 0, pol 3, trig 3, bus 00, IRQ 09, APIC ID 2, APIC INT 09
[    0.000000] ACPI: IRQ0 used by override.
[    0.000000] Int: type 0, pol 0, trig 0, bus 00, IRQ 01, APIC ID 2, APIC INT 01
[    0.000000] Int: type 0, pol 0, trig 0, bus 00, IRQ 03, APIC ID 2, APIC INT 03
[    0.000000] Int: type 0, pol 0, trig 0, bus 00, IRQ 04, APIC ID 2, APIC INT 04
[    0.000000] Int: type 0, pol 0, trig 0, bus 00, IRQ 05, APIC ID 2, APIC INT 05
[    0.000000] Int: type 0, pol 0, trig 0, bus 00, IRQ 06, APIC ID 2, APIC INT 06
[    0.000000] Int: type 0, pol 0, trig 0, bus 00, IRQ 07, APIC ID 2, APIC INT 07
[    0.000000] Int: type 0, pol 0, trig 0, bus 00, IRQ 08, APIC ID 2, APIC INT 08
[    0.000000] ACPI: IRQ9 used by override.
[    0.000000] Int: type 0, pol 0, trig 0, bus 00, IRQ 0a, APIC ID 2, APIC INT 0a
[    0.000000] Int: type 0, pol 0, trig 0, bus 00, IRQ 0b, APIC ID 2, APIC INT 0b
[    0.000000] Int: type 0, pol 0, trig 0, bus 00, IRQ 0c, APIC ID 2, APIC INT 0c
[    0.000000] Int: type 0, pol 0, trig 0, bus 00, IRQ 0d, APIC ID 2, APIC INT 0d
[    0.000000] Int: type 0, pol 0, trig 0, bus 00, IRQ 0e, APIC ID 2, APIC INT 0e
[    0.000000] Int: type 0, pol 0, trig 0, bus 00, IRQ 0f, APIC ID 2, APIC INT 0f
[    0.000000] Using ACPI (MADT) for SMP configuration information
[    0.000000] ACPI: HPET id: 0x43538210 base: 0xfed00000
[    0.000000] smpboot: Allowing 4 CPUs, 0 hotplug CPUs
[    0.000000] mapped IOAPIC to ffffffffff7fb000 (fec00000)
[    0.000000] e820: [mem 0xc0000000-0xfebfffff] available for PCI devices
[    0.000000] clocksource: refined-jiffies: mask: 0xffffffff max_cycles: 0xffffffff, max_idle_ns: 1910969940391419 ns
[    0.000000] setup_percpu: NR_CPUS:64 nr_cpumask_bits:64 nr_cpu_ids:4 nr_node_ids:1
[    0.000000] percpu: Embedded 33 pages/cpu @ffff887bddc00000 s95832 r8192 d31144 u524288
[    0.000000] pcpu-alloc: s95832 r8192 d31144 u524288 alloc=1*2097152
[    0.000000] pcpu-alloc: [0] 0 1 2 3 
[    0.000000] Built 1 zonelists in Node order, mobility grouping on.  Total pages: 3993197
[    0.000000] Policy zone: Normal
[    0.000000] Kernel command line: BOOT_IMAGE=/boot/vmlinuz-linux-git root=UUID=96efaea0-86dc-485a-af36-36706f9f3908 rw root_trim=yes rd.luks.allow-discards ipv6.disable=1 pnp.debug=1 loglevel=9 log_buf_len=10M printk.always_kmsg_dump=y printk.time=y printk.devkmsg=on mminit_loglevel=0 memory_corruption_check=1 nohz=on rcu_nocbs=1-3 fbcon=scrollback:4096k fbcon=font:ProFont6x11 apic=debug dynamic_debug.verbose=1 "dyndbg=file arch/x86/kernel/apic/* +pflmt ; file drivers/video/* +pflmt ; file drivers/input/* -pflmt ; file drivers/acpi/* -pflmt" acpi_backlight=vendor radeon.audio=0 radeon.lockup_timeout=999000 radeon.test=0 radeon.agpmode=-1 radeon.benchmark=0 radeon.tv=0 radeon.hard_reset=1 radeon.msi=1 radeon.pcie_gen2=-1 radeon.no_wb=1 radeon.dynclks=0 radeon.r4xx_atom=0 radeonfb radeon.fastfb=1 radeon.dpm=1 radeon.runpm=1 rd.debug rd.udev.debug rd.memdebug=3 net.ifnames=1 slub_debug=U pax_sanitize_slab=full noefi nolvm dobtrfs console=tty1 earlyprintk=vga CPUunderclocking radeon.modeset=1 
[    0.000000] PCIe ASPM is disabled
[    0.000000] PID hash table entries: 4096 (order: 3, 32768 bytes)
[    0.000000] Memory: 15870372K/16226416K available (7821K kernel code, 740K rwdata, 3032K rodata, 880K init, 2628K bss, 356044K reserved, 0K cma-reserved)
[    0.000000] SLUB: HWalign=64, Order=0-3, MinObjects=0, CPUs=4, Nodes=1
[    0.000000] Preemptible hierarchical RCU implementation.
[    0.000000] 	Build-time adjustment of leaf fanout to 64.
[    0.000000] 	RCU restricting CPUs from NR_CPUS=64 to nr_cpu_ids=4.
[    0.000000] RCU: Adjusting geometry for rcu_fanout_leaf=64, nr_cpu_ids=4
[    0.000000] NR_IRQS:4352 nr_irqs:456 16
[    0.000000] spurious 8259A interrupt: IRQ7.
[    0.000000] vgacon: allocated 4194304 bytes of memory for scrollback. CONFIG_VGACON_SOFT_SCROLLBACK_SIZE=4096
[    0.000000] Console: colour VGA+ 80x25
[    0.000000] console [tty1] enabled
[    0.000000] bootconsole [earlyvga0] disabled
[    0.000000] clocksource: hpet: mask: 0xffffffff max_cycles: 0xffffffff, max_idle_ns: 133484873504 ns
[    0.000000] hpet clockevent registered
[    0.000000] tsc: Fast TSC calibration using PIT
[    0.000000] tsc: Detected 1397.332 MHz processor
[    0.000046] Calibrating delay loop (skipped), value calculated using timer frequency.. 2794.66 BogoMIPS (lpj=1397332)
[    0.000255] pid_max: default: 32768 minimum: 301
[    0.000462] ACPI: Core revision 20160422
[    0.000649] ACPI: acpi_os_initialize: map reset_reg status 0
[    0.254697] random: fast init done
[    0.906966] ACPI: 3 ACPI AML tables successfully acquired and loaded

[    0.907544] Security Framework initialized
[    0.909465] Dentry cache hash table entries: 2097152 (order: 12, 16777216 bytes)
[    0.916460] Inode-cache hash table entries: 1048576 (order: 11, 8388608 bytes)
[    0.919680] Mount-cache hash table entries: 32768 (order: 6, 262144 bytes)
[    0.919916] Mountpoint-cache hash table entries: 32768 (order: 6, 262144 bytes)
[    0.922694] [Firmware Info]: CPU: 'AMD A6-3400M APU with Radeon(tm) HD Graphics' has AMD errata 665 Integer Divide Instruction May Cause Unpredictable Behavior.'
[    0.922953] [Firmware Info]: CPU: Double-checked CPU type. 'AMD A6-3400M APU with Radeon(tm) HD Graphics'
[    0.923131] [Firmware Info]: CPU: Setting workaround for 665...(set 'no665wo' in /proc/cmdline to disable)
[    0.923310] CPU: Physical Processor ID: 0
[    0.923438] CPU: Processor Core ID: 0
[    0.923567] mce: CPU supports 6 MCE banks
[    0.923741] Last level iTLB entries: 4KB 512, 2MB 16, 4MB 8
[    0.923919] Last level dTLB entries: 4KB 1024, 2MB 128, 4MB 64, 1GB 0
[    0.924280] Freeing SMP alternatives memory: 28K (ffffffffa3997000 - ffffffffa399e000)
[    0.925255] smpboot: Max logical packages: 1
[    0.925432] smpboot: APIC(0) Converting physical 0 to logical package 0
[    0.925573] enabled ExtINT on CPU#0
[    0.925887] ENABLING IO-APIC IRQs
[    0.926027] init IO_APIC IRQs
[    0.926155]  apic 2 pin 0 not connected
[    0.926376] IOAPIC[0]: Set routing entry (2-1 -> 0x31 -> IRQ 1 Mode:0 Active:0 Dest:1)
[    0.926653] IOAPIC[0]: Set routing entry (2-2 -> 0x30 -> IRQ 0 Mode:0 Active:0 Dest:1)
[    0.926869] IOAPIC[0]: Set routing entry (2-3 -> 0x33 -> IRQ 3 Mode:0 Active:0 Dest:1)
[    0.927083] IOAPIC[0]: Set routing entry (2-4 -> 0x34 -> IRQ 4 Mode:0 Active:0 Dest:1)
[    0.927294] IOAPIC[0]: Set routing entry (2-5 -> 0x35 -> IRQ 5 Mode:0 Active:0 Dest:1)
[    0.927505] IOAPIC[0]: Set routing entry (2-6 -> 0x36 -> IRQ 6 Mode:0 Active:0 Dest:1)
[    0.927775] IOAPIC[0]: Set routing entry (2-7 -> 0x37 -> IRQ 7 Mode:0 Active:0 Dest:1)
[    0.927991] IOAPIC[0]: Set routing entry (2-8 -> 0x38 -> IRQ 8 Mode:0 Active:0 Dest:1)
[    0.928192] IOAPIC[0]: Set routing entry (2-9 -> 0x39 -> IRQ 9 Mode:1 Active:1 Dest:1)
[    0.928393] IOAPIC[0]: Set routing entry (2-10 -> 0x3a -> IRQ 10 Mode:0 Active:0 Dest:1)
[    0.928592] IOAPIC[0]: Set routing entry (2-11 -> 0x3b -> IRQ 11 Mode:0 Active:0 Dest:1)
[    0.928792] IOAPIC[0]: Set routing entry (2-12 -> 0x3c -> IRQ 12 Mode:0 Active:0 Dest:1)
[    0.928992] IOAPIC[0]: Set routing entry (2-13 -> 0x3d -> IRQ 13 Mode:0 Active:0 Dest:1)
[    0.929191] IOAPIC[0]: Set routing entry (2-14 -> 0x3e -> IRQ 14 Mode:0 Active:0 Dest:1)
[    0.929389] IOAPIC[0]: Set routing entry (2-15 -> 0x3f -> IRQ 15 Mode:0 Active:0 Dest:1)
[    0.929550]  apic 2 pin 16 not connected
[    0.929670]  apic 2 pin 17 not connected
[    0.929791]  apic 2 pin 18 not connected
[    0.929912]  apic 2 pin 19 not connected
[    0.930032]  apic 2 pin 20 not connected
[    0.930153]  apic 2 pin 21 not connected
[    0.930273]  apic 2 pin 22 not connected
[    0.930393]  apic 2 pin 23 not connected
[    0.930692] ..TIMER: vector=0x30 apic1=0 pin1=2 apic2=-1 pin2=-1
[    0.940817] Using local APIC timer interrupts.
               calibrating APIC timer ...
[    1.042750] ... lapic delta = 1247721
[    1.042879] ... PM-Timer delta = 357951
[    1.043007] ... PM-Timer result ok
[    1.043135] ..... delta 1247721
[    1.043263] ..... mult: 53589208
[    1.043390] ..... calibration result: 199635
[    1.043519] ..... CPU clock speed is 1397.0447 MHz.
[    1.043649] ..... host bus clock speed is 199.0635 MHz.
[    1.043744] smpboot: CPU0: AMD A6-3400M APU with Radeon(tm) HD Graphics (family: 0x12, model: 0x1, stepping: 0x0)
[    1.044072] Performance Events: AMD PMU driver.
[    1.044237] ... version:                0
[    1.044363] ... bit width:              48
[    1.044491] ... generic registers:      4
[    1.044618] ... value mask:             0000ffffffffffff
[    1.044751] ... max period:             00007fffffffffff
[    1.044879] ... fixed-purpose events:   0
[    1.045006] ... event mask:             000000000000000f
[    1.050968] dynamic_debug:ddebug_add_module: 2 debug prints in module main
[    1.051164] dynamic_debug:ddebug_add_module: 1 debug prints in module initramfs
[    1.051341] dynamic_debug:ddebug_add_module: 3 debug prints in module ibs
[    1.051473] dynamic_debug:ddebug_add_module: 1 debug prints in module common
[    1.051615] dynamic_debug:ddebug_add_module: 1 debug prints in module amd
[    1.051753] dynamic_debug:ddebug_add_module: 2 debug prints in module main
[    1.051888] dynamic_debug:ddebug_add_module: 7 debug prints in module generic
[    1.052023] dynamic_debug:ddebug_add_module: 15 debug prints in module cleanup
[    1.052200] dynamic_debug:ddebug_add_module: 8 debug prints in module microcode
[    1.052377] dynamic_debug:ddebug_add_module: 3 debug prints in module boot
[    1.052511] dynamic_debug:ddebug_add_module: 22 debug prints in module smpboot
[    1.052673] dynamic_debug:ddebug_add_module: 1 debug prints in module tsc_sync
[    1.052837] dynamic_debug:ddebug_add_module: 2 debug prints in module setup_percpu
[    1.053003] dynamic_debug:ddebug_add_module: 30 debug prints in module vector
[    1.053127] dynamic_debug:ddebug_add_module: 2 debug prints in module init
[    1.053252] dynamic_debug:ddebug_add_module: 6 debug prints in module init_64
[    1.053376] dynamic_debug:ddebug_add_module: 1 debug prints in module numa
[    1.053501] dynamic_debug:ddebug_add_module: 4 debug prints in module params
[    1.053626] dynamic_debug:ddebug_add_module: 4 debug prints in module async
[    1.053752] dynamic_debug:ddebug_add_module: 1 debug prints in module manage
[    1.053878] dynamic_debug:ddebug_add_module: 14 debug prints in module irqdomain
[    1.054039] dynamic_debug:ddebug_add_module: 2 debug prints in module msi
[    1.054163] dynamic_debug:ddebug_add_module: 2 debug prints in module freezer
[    1.054289] dynamic_debug:ddebug_add_module: 19 debug prints in module module
[    1.054413] dynamic_debug:ddebug_add_module: 1 debug prints in module cgroup
[    1.054538] dynamic_debug:ddebug_add_module: 6 debug prints in module mempolicy
[    1.054703] dynamic_debug:ddebug_add_module: 1 debug prints in module sparse_vmemmap
[    1.054876] dynamic_debug:ddebug_add_module: 1 debug prints in module vmpressure
[    1.055040] dynamic_debug:ddebug_add_module: 1 debug prints in module fsnotify
[    1.055202] dynamic_debug:ddebug_add_module: 2 debug prints in module notification
[    1.055364] dynamic_debug:ddebug_add_module: 1 debug prints in module inotify_fsnotify
[    1.055527] dynamic_debug:ddebug_add_module: 5 debug prints in module inotify_user
[    1.055697] dynamic_debug:ddebug_add_module: 6 debug prints in module fanotify
[    1.055875] dynamic_debug:ddebug_add_module: 13 debug prints in module fanotify_user
[    1.056045] dynamic_debug:ddebug_add_module: 20 debug prints in module aio
[    1.056171] dynamic_debug:ddebug_add_module: 14 debug prints in module binfmt_misc
[    1.056333] dynamic_debug:ddebug_add_module: 2 debug prints in module mount
[    1.056457] dynamic_debug:ddebug_add_module: 1 debug prints in module dir
[    1.056582] dynamic_debug:ddebug_add_module: 8 debug prints in module configfs
[    1.056746] dynamic_debug:ddebug_add_module: 1 debug prints in module debugfs
[    1.056875] dynamic_debug:ddebug_add_module: 22 debug prints in module btrfs
[    1.057000] dynamic_debug:ddebug_add_module: 2 debug prints in module ramoops
[    1.057133] dynamic_debug:ddebug_add_module: 1 debug prints in module inode
[    1.057267] dynamic_debug:ddebug_add_module: 6 debug prints in module asymmetric_keys
[    1.057437] dynamic_debug:ddebug_add_module: 13 debug prints in module x509_key_parser
[    1.057600] dynamic_debug:ddebug_add_module: 13 debug prints in module efi
[    1.057724] dynamic_debug:ddebug_add_module: 1 debug prints in module decompress
[    1.057889] dynamic_debug:ddebug_add_module: 10 debug prints in module kobject
[    1.058056] dynamic_debug:ddebug_add_module: 6 debug prints in module kobject_uevent
[    1.058218] dynamic_debug:ddebug_add_module: 1 debug prints in module list_sort
[    1.058380] dynamic_debug:ddebug_add_module: 1 debug prints in module percpu_refcount
[    1.058551] dynamic_debug:ddebug_add_module: 11 debug prints in module asn1_decoder
[    1.058724] dynamic_debug:ddebug_add_module: 5 debug prints in module probe
[    1.058855] dynamic_debug:ddebug_add_module: 4 debug prints in module pci
[    1.058980] dynamic_debug:ddebug_add_module: 1 debug prints in module pci_driver
[    1.059142] dynamic_debug:ddebug_add_module: 3 debug prints in module slot
[    1.059267] dynamic_debug:ddebug_add_module: 3 debug prints in module quirks
[    1.059392] dynamic_debug:ddebug_add_module: 2 debug prints in module pme
[    1.059516] dynamic_debug:ddebug_add_module: 1 debug prints in module pci_hotplug
[    1.061529] dynamic_debug:ddebug_add_module: 12 debug prints in module acpiphp
[    1.061692] dynamic_debug:ddebug_add_module: 1 debug prints in module htirq
[    1.061818] dynamic_debug:ddebug_add_module: 1 debug prints in module pci_acpi
[    1.061987] dynamic_debug:ddebug_add_module: 3 debug prints in module backlight
[    1.062156] dynamic_debug:ddebug_add_module: 4 debug prints in module fb
[    1.062283] dynamic_debug:ddebug_add_module: 7 debug prints in module tables
[    1.062416] dynamic_debug:ddebug_add_module: 48 debug prints in module acpi
[    1.062541] dynamic_debug:ddebug_add_module: 3 debug prints in module fan
[    1.062664] dynamic_debug:ddebug_add_module: 1 debug prints in module video
[    1.062791] dynamic_debug:ddebug_add_module: 4 debug prints in module pci_slot
[    1.062950] dynamic_debug:ddebug_add_module: 7 debug prints in module processor
[    1.063113] dynamic_debug:ddebug_add_module: 4 debug prints in module pnp
[    1.063242] dynamic_debug:ddebug_add_module: 3 debug prints in module acpi_dma
[    1.063414] dynamic_debug:ddebug_add_module: 11 debug prints in module core
[    1.063545] dynamic_debug:ddebug_add_module: 1 debug prints in module fixed
[    1.063673] dynamic_debug:ddebug_add_module: 6 debug prints in module virtual
[    1.063800] dynamic_debug:ddebug_add_module: 3 debug prints in module lp3971
[    1.063925] dynamic_debug:ddebug_add_module: 3 debug prints in module lp3972
[    1.064051] dynamic_debug:ddebug_add_module: 6 debug prints in module tty_io
[    1.064175] dynamic_debug:ddebug_add_module: 1 debug prints in module vt_ioctl
[    1.064336] dynamic_debug:ddebug_add_module: 5 debug prints in module serial_core
[    1.064495] dynamic_debug:ddebug_add_module: 4 debug prints in module 8250
[    1.064621] dynamic_debug:ddebug_add_module: 5 debug prints in module 8250_base
[    1.064795] dynamic_debug:ddebug_add_module: 1 debug prints in module tpm
[    1.064926] dynamic_debug:ddebug_add_module: 10 debug prints in module tpm_tis_core
[    1.065094] dynamic_debug:ddebug_add_module: 2 debug prints in module dmar
[    1.065219] dynamic_debug:ddebug_add_module: 3 debug prints in module drm
[    1.065344] dynamic_debug:ddebug_add_module: 3 debug prints in module ttm
[    1.065468] dynamic_debug:ddebug_add_module: 2 debug prints in module radeon
[    1.065595] dynamic_debug:ddebug_add_module: 17 debug prints in module vgaarb
[    1.065720] dynamic_debug:ddebug_add_module: 7 debug prints in module component
[    1.065884] dynamic_debug:ddebug_add_module: 11 debug prints in module core
[    1.066009] dynamic_debug:ddebug_add_module: 9 debug prints in module bus
[    1.066143] dynamic_debug:ddebug_add_module: 17 debug prints in module dd
[    1.066268] dynamic_debug:ddebug_add_module: 5 debug prints in module class
[    1.066401] dynamic_debug:ddebug_add_module: 4 debug prints in module platform
[    1.066574] dynamic_debug:ddebug_add_module: 7 debug prints in module firmware_class
[    1.066744] dynamic_debug:ddebug_add_module: 1 debug prints in module regmap
[    1.066870] dynamic_debug:ddebug_add_module: 7 debug prints in module regcache
[    1.067032] dynamic_debug:ddebug_add_module: 1 debug prints in module regcache_lzo
[    1.067194] dynamic_debug:ddebug_add_module: 1 debug prints in module dma_buf
[    1.067318] dynamic_debug:ddebug_add_module: 3 debug prints in module scsi_mod
[    1.067481] dynamic_debug:ddebug_add_module: 2 debug prints in module libphy
[    1.067606] dynamic_debug:ddebug_add_module: 1 debug prints in module r8169
[    1.067754] dynamic_debug:ddebug_add_module: 98 debug prints in module cdrom
[    1.067923] dynamic_debug:ddebug_add_module: 150 debug prints in module usbcore
[    1.068137] dynamic_debug:ddebug_add_module: 5 debug prints in module phy
[    1.068263] dynamic_debug:ddebug_add_module: 10 debug prints in module pci_quirks
[    1.068433] dynamic_debug:ddebug_add_module: 55 debug prints in module ehci_hcd
[    1.068595] dynamic_debug:ddebug_add_module: 2 debug prints in module ehci_pci
[    1.068765] dynamic_debug:ddebug_add_module: 46 debug prints in module ohci_hcd
[    1.068970] dynamic_debug:ddebug_add_module: 263 debug prints in module xhci_hcd
[    1.069182] dynamic_debug:ddebug_add_module: 3 debug prints in module xhci_pci
[    1.069347] dynamic_debug:ddebug_add_module: 10 debug prints in module usb_storage
[    1.069512] dynamic_debug:ddebug_add_module: 1 debug prints in module ums_realtek
[    1.069683] dynamic_debug:ddebug_add_module: 6 debug prints in module input_core
[    1.069860] dynamic_debug:ddebug_add_module: 4 debug prints in module atkbd
[    1.069997] dynamic_debug:ddebug_add_module: 15 debug prints in module psmouse
[    1.070165] dynamic_debug:ddebug_add_module: 7 debug prints in module rtc_core
[    1.070328] dynamic_debug:ddebug_add_module: 5 debug prints in module rtc_cmos
[    1.070490] dynamic_debug:ddebug_add_module: 1 debug prints in module i2c_boardinfo
[    1.070656] dynamic_debug:ddebug_add_module: 20 debug prints in module i2c_core
[    1.070820] dynamic_debug:ddebug_add_module: 2 debug prints in module i2c_smbus
[    1.070984] dynamic_debug:ddebug_add_module: 17 debug prints in module i2c_algo_bit
[    1.071154] dynamic_debug:ddebug_add_module: 11 debug prints in module power_supply
[    1.071325] dynamic_debug:ddebug_add_module: 1 debug prints in module hwmon
[    1.071460] dynamic_debug:ddebug_add_module: 9 debug prints in module thermal_sys
[    1.071632] dynamic_debug:ddebug_add_module: 43 debug prints in module cpufreq
[    1.071797] dynamic_debug:ddebug_add_module: 9 debug prints in module freq_table
[    1.071959] dynamic_debug:ddebug_add_module: 2 debug prints in module cpufreq_stats
[    1.072121] dynamic_debug:ddebug_add_module: 1 debug prints in module cpufreq_performance
[    1.072286] dynamic_debug:ddebug_add_module: 22 debug prints in module acpi_cpufreq
[    1.072449] dynamic_debug:ddebug_add_module: 3 debug prints in module dmi_scan
[    1.072615] dynamic_debug:ddebug_add_module: 1 debug prints in module hid
[    1.072746] dynamic_debug:ddebug_add_module: 8 debug prints in module usbhid
[    1.072875] dynamic_debug:ddebug_add_module: 2 debug prints in module i386
[    1.073004] dynamic_debug:ddebug_add_module: 2 debug prints in module fixup
[    1.073140] dynamic_debug:ddebug_add_module: 7 debug prints in module irq
[    1.073273] dynamic_debug:ddebug_add_module: 1 debug prints in module sock
[    1.073410] dynamic_debug:ddebug_add_module: 17 debug prints in module dev
[    1.073538] dynamic_debug:ddebug_add_module: 2 debug prints in module sch_api
[    1.073663] dynamic_debug:ddebug_add_module: 1 debug prints in module act_api
[    1.073790] dynamic_debug:ddebug_add_module: 1 debug prints in module route
[    1.073914] dynamic_debug:ddebug_add_module: 1 debug prints in module ip_fragment
[    1.074076] dynamic_debug:ddebug_add_module: 1 debug prints in module ip_output
[    1.074238] dynamic_debug:ddebug_add_module: 1 debug prints in module tcp
[    1.074363] dynamic_debug:ddebug_add_module: 5 debug prints in module tcp_input
[    1.074525] dynamic_debug:ddebug_add_module: 3 debug prints in module tcp_output
[    1.074692] dynamic_debug:ddebug_add_module: 2 debug prints in module tcp_timer
[    1.074862] dynamic_debug:ddebug_add_module: 1 debug prints in module tcp_ipv4
[    1.075033] dynamic_debug:ddebug_add_module: 1 debug prints in module tcp_cong
[    1.075205] dynamic_debug:ddebug_add_module: 8 debug prints in module udp
[    1.075331] dynamic_debug:ddebug_add_module: 1 debug prints in module arp
[    1.075456] dynamic_debug:ddebug_add_module: 2 debug prints in module icmp
[    1.075580] dynamic_debug:ddebug_add_module: 1 debug prints in module devinet
[    1.075705] dynamic_debug:ddebug_add_module: 8 debug prints in module fib_trie
[    1.075869] dynamic_debug:ddebug_add_module: 1 debug prints in module inet_fragment
[    1.076033] dynamic_debug:ddebug_add_module: 24 debug prints in module ping
[    1.076157] dynamic_debug:ddebug_add_module: 1 debug prints in module sysctl_net_ipv4
[    1.076328] dynamic_debug:ddebug_add_module: 2 debug prints in module ip6_checksum
[    1.076490] dynamic_debug:dynamic_debug_init: 158 modules, 1525 entries and 6320 bytes in ddebug tables, 122011 bytes in (readonly) verbose section
[    1.076669] dynamic_debug:ddebug_dyndbg_boot_param_cb: BOOT_IMAGE="/boot/vmlinuz-linux-git"
[    1.076836] dynamic_debug:ddebug_dyndbg_boot_param_cb: root="UUID=96efaea0-86dc-485a-af36-36706f9f3908"
[    1.077001] dynamic_debug:ddebug_dyndbg_boot_param_cb: rw="(null)"
[    1.077120] dynamic_debug:ddebug_dyndbg_boot_param_cb: root_trim="yes"
[    1.077239] dynamic_debug:ddebug_dyndbg_boot_param_cb: rd.luks.allow-discards="(null)"
[    1.077396] dynamic_debug:ddebug_dyndbg_boot_param_cb: ipv6.disable="1"
[    1.077515] dynamic_debug:ddebug_dyndbg_boot_param_cb: pnp.debug="1"
[    1.077585] dynamic_debug:ddebug_dyndbg_boot_param_cb: loglevel="9"
[    1.077704] dynamic_debug:ddebug_dyndbg_boot_param_cb: log_buf_len="10M"
[    1.077825] dynamic_debug:ddebug_dyndbg_boot_param_cb: printk.always_kmsg_dump="y"
[    1.077978] dynamic_debug:ddebug_dyndbg_boot_param_cb: printk.time="y"
[    1.078097] dynamic_debug:ddebug_dyndbg_boot_param_cb: printk.devkmsg="on"
[    1.078218] dynamic_debug:ddebug_dyndbg_boot_param_cb: mminit_loglevel="0"
[    1.078340] dynamic_debug:ddebug_dyndbg_boot_param_cb: memory_corruption_check="1"
[    1.078499] dynamic_debug:ddebug_dyndbg_boot_param_cb: nohz="on"
[    1.078617] dynamic_debug:ddebug_dyndbg_boot_param_cb: rcu_nocbs="1-3"
[    1.078737] dynamic_debug:ddebug_dyndbg_boot_param_cb: fbcon="scrollback:4096k"
[    1.078892] dynamic_debug:ddebug_dyndbg_boot_param_cb: fbcon="font:ProFont6x11"
[    1.080806] dynamic_debug:ddebug_dyndbg_boot_param_cb: apic="debug"
[    1.080925] dynamic_debug:ddebug_dyndbg_boot_param_cb: dynamic_debug.verbose="1"
[    1.081079] dynamic_debug:ddebug_dyndbg_boot_param_cb: dyndbg="file arch/x86/kernel/apic/* +pflmt ; file drivers/video/* +pflmt ; file drivers/input/* -pflmt ; file drivers/acpi/* -pflmt"
[    1.081288] dynamic_debug:ddebug_exec_queries: query 0: "file arch/x86/kernel/apic/* +pflmt "
[    1.081450] dynamic_debug:ddebug_tokenize: split into words: "file" "arch/x86/kernel/apic/*" "+pflmt"
[    1.081684] dynamic_debug:ddebug_parse_flags: op='+'
[    1.081805] dynamic_debug:ddebug_parse_flags: flags=0x1f
[    1.081924] dynamic_debug:ddebug_parse_flags: *flagsp=0x1f *maskp=0xffffffff
[    1.082044] dynamic_debug:vpr_info_dq: parsed: func="" file="arch/x86/kernel/apic/*" module="" format="" lineno=0-0
[    1.082224] dynamic_debug:ddebug_change: changed arch/x86/kernel/apic/vector.c:919 [vector]print_PIC =pmflt
[    1.082387] dynamic_debug:ddebug_change: changed arch/x86/kernel/apic/vector.c:916 [vector]print_PIC =pmflt
[    1.082550] dynamic_debug:ddebug_change: changed arch/x86/kernel/apic/vector.c:906 [vector]print_PIC =pmflt
[    1.082718] dynamic_debug:ddebug_change: changed arch/x86/kernel/apic/vector.c:903 [vector]print_PIC =pmflt
[    1.082888] dynamic_debug:ddebug_change: changed arch/x86/kernel/apic/vector.c:898 [vector]print_PIC =pmflt
[    1.083060] dynamic_debug:ddebug_change: changed arch/x86/kernel/apic/vector.c:868 [vector]print_local_APIC =pmflt
[    1.083233] dynamic_debug:ddebug_change: changed arch/x86/kernel/apic/vector.c:865 [vector]print_local_APIC =pmflt
[    1.083398] dynamic_debug:ddebug_change: changed arch/x86/kernel/apic/vector.c:863 [vector]print_local_APIC =pmflt
[    1.083561] dynamic_debug:ddebug_change: changed arch/x86/kernel/apic/vector.c:858 [vector]print_local_APIC =pmflt
[    1.083725] dynamic_debug:ddebug_change: changed arch/x86/kernel/apic/vector.c:856 [vector]print_local_APIC =pmflt
[    1.083890] dynamic_debug:ddebug_change: changed arch/x86/kernel/apic/vector.c:854 [vector]print_local_APIC =pmflt
[    1.084054] dynamic_debug:ddebug_change: changed arch/x86/kernel/apic/vector.c:850 [vector]print_local_APIC =pmflt
[    1.084217] dynamic_debug:ddebug_change: changed arch/x86/kernel/apic/vector.c:845 [vector]print_local_APIC =pmflt
[    1.084384] dynamic_debug:ddebug_change: changed arch/x86/kernel/apic/vector.c:843 [vector]print_local_APIC =pmflt
[    1.084556] dynamic_debug:ddebug_change: changed arch/x86/kernel/apic/vector.c:840 [vector]print_local_APIC =pmflt
[    1.084728] dynamic_debug:ddebug_change: changed arch/x86/kernel/apic/vector.c:835 [vector]print_local_APIC =pmflt
[    1.084896] dynamic_debug:ddebug_change: changed arch/x86/kernel/apic/vector.c:832 [vector]print_local_APIC =pmflt
[    1.085060] dynamic_debug:ddebug_change: changed arch/x86/kernel/apic/vector.c:831 [vector]print_local_APIC =pmflt
[    1.085224] dynamic_debug:ddebug_change: changed arch/x86/kernel/apic/vector.c:827 [vector]print_local_APIC =pmflt
[    1.085387] dynamic_debug:ddebug_change: changed arch/x86/kernel/apic/vector.c:817 [vector]print_local_APIC =pmflt
[    1.085550] dynamic_debug:ddebug_change: changed arch/x86/kernel/apic/vector.c:815 [vector]print_local_APIC =pmflt
[    1.085713] dynamic_debug:ddebug_change: changed arch/x86/kernel/apic/vector.c:813 [vector]print_local_APIC =pmflt
[    1.085883] dynamic_debug:ddebug_change: changed arch/x86/kernel/apic/vector.c:811 [vector]print_local_APIC =pmflt
[    1.086055] dynamic_debug:ddebug_change: changed arch/x86/kernel/apic/vector.c:808 [vector]print_local_APIC =pmflt
[    1.086227] dynamic_debug:ddebug_change: changed arch/x86/kernel/apic/vector.c:805 [vector]print_local_APIC =pmflt
[    1.086392] dynamic_debug:ddebug_change: changed arch/x86/kernel/apic/vector.c:801 [vector]print_local_APIC =pmflt
[    1.086556] dynamic_debug:ddebug_change: changed arch/x86/kernel/apic/vector.c:792 [vector]print_local_APIC =pmflt
[    1.086719] dynamic_debug:ddebug_change: changed arch/x86/kernel/apic/vector.c:789 [vector]print_local_APIC =pmflt
[    1.086884] dynamic_debug:ddebug_change: changed arch/x86/kernel/apic/vector.c:782 [vector]print_local_APIC =pmflt
[    1.087048] dynamic_debug:ddebug_change: changed arch/x86/kernel/apic/vector.c:773 [vector]print_local_APIC =pmflt
[    1.087308] dynamic_debug:vpr_info_dq: applied: func="" file="arch/x86/kernel/apic/*" module="" format="" lineno=0-0
[    1.087520] dynamic_debug:ddebug_exec_queries: query 1: "file drivers/video/* +pflmt "
[    1.087682] dynamic_debug:ddebug_tokenize: split into words: "file" "drivers/video/*" "+pflmt"
[    1.087914] dynamic_debug:ddebug_parse_flags: op='+'
[    1.088034] dynamic_debug:ddebug_parse_flags: flags=0x1f
[    1.088153] dynamic_debug:ddebug_parse_flags: *flagsp=0x1f *maskp=0xffffffff
[    1.088272] dynamic_debug:vpr_info_dq: parsed: func="" file="drivers/video/*" module="" format="" lineno=0-0
[    1.088455] dynamic_debug:ddebug_change: changed drivers/video/backlight/backlight.c:333 [backlight]backlight_device_register =pmflt
[    1.088620] dynamic_debug:ddebug_change: changed drivers/video/backlight/backlight.c:177 [backlight]backlight_device_set_brightness =pmflt
[    1.088790] dynamic_debug:ddebug_change: changed drivers/video/backlight/backlight.c:146 [backlight]bl_power_store =pmflt
[    1.088958] dynamic_debug:ddebug_change: changed drivers/video/fbdev/core/fbmon.c:1082 [fb]fb_edid_add_monspecs =pmflt
[    1.089127] dynamic_debug:ddebug_change: changed drivers/video/fbdev/core/fbmon.c:1070 [fb]fb_edid_add_monspecs =pmflt
[    1.089295] dynamic_debug:ddebug_change: changed drivers/video/fbdev/core/fbmon.c:1033 [fb]fb_edid_add_monspecs =pmflt
[    1.089467] dynamic_debug:ddebug_change: changed drivers/video/fbdev/core/fbmon.c:1027 [fb]fb_edid_add_monspecs =pmflt
[    1.089755] dynamic_debug:vpr_info_dq: applied: func="" file="drivers/video/*" module="" format="" lineno=0-0
[    1.089959] dynamic_debug:ddebug_exec_queries: query 2: "file drivers/input/* -pflmt "
[    1.090116] dynamic_debug:ddebug_tokenize: split into words: "file" "drivers/input/*" "-pflmt"
[    1.090346] dynamic_debug:ddebug_parse_flags: op='-'
[    1.090465] dynamic_debug:ddebug_parse_flags: flags=0x1f
[    1.090589] dynamic_debug:ddebug_parse_flags: *flagsp=0x0 *maskp=0xffffffe0
[    1.090713] dynamic_debug:vpr_info_dq: parsed: func="" file="drivers/input/*" module="" format="" lineno=0-0
[    1.091015] dynamic_debug:vpr_info_dq: applied: func="" file="drivers/input/*" module="" format="" lineno=0-0
[    1.091219] dynamic_debug:ddebug_exec_queries: query 3: "file drivers/acpi/* -pflmt"
[    1.091376] dynamic_debug:ddebug_tokenize: split into words: "file" "drivers/acpi/*" "-pflmt"
[    1.091658] dynamic_debug:ddebug_parse_flags: op='-'
[    1.091783] dynamic_debug:ddebug_parse_flags: flags=0x1f
[    1.091905] dynamic_debug:ddebug_parse_flags: *flagsp=0x0 *maskp=0xffffffe0
[    1.092029] dynamic_debug:vpr_info_dq: parsed: func="" file="drivers/acpi/*" module="" format="" lineno=0-0
[    1.092214] dynamic_debug:ddebug_change: changed drivers/acpi/tables.c:211 [tables]acpi_table_print_madt_entry =_
[    1.092378] dynamic_debug:ddebug_change: changed drivers/acpi/tables.c:200 [tables]acpi_table_print_madt_entry =_
[    1.092541] dynamic_debug:ddebug_change: changed drivers/acpi/tables.c:177 [tables]acpi_table_print_madt_entry =_
[    1.092704] dynamic_debug:ddebug_change: changed drivers/acpi/tables.c:167 [tables]acpi_table_print_madt_entry =_
[    1.092870] dynamic_debug:ddebug_change: changed drivers/acpi/tables.c:92 [tables]acpi_table_print_madt_entry =_
[    1.093038] dynamic_debug:ddebug_change: changed drivers/acpi/tables.c:83 [tables]acpi_table_print_madt_entry =_
[    1.093206] dynamic_debug:ddebug_change: changed drivers/acpi/tables.c:73 [tables]acpi_table_print_madt_entry =_
[    1.093373] dynamic_debug:ddebug_change: changed drivers/acpi/osl.c:1644 [acpi]acpi_os_initialize =_
[    1.093536] dynamic_debug:ddebug_change: changed drivers/acpi/device_pm.c:734 [acpi]acpi_pm_device_run_wake =_
[    1.093705] dynamic_debug:ddebug_change: changed drivers/acpi/device_pm.c:633 [acpi]acpi_pm_device_sleep_state =_
[    1.093873] dynamic_debug:ddebug_change: changed drivers/acpi/bus.c:190 [acpi]acpi_print_osc_error =_
[    1.094040] dynamic_debug:ddebug_change: changed drivers/acpi/bus.c:188 [acpi]acpi_print_osc_error =_
[    1.094204] dynamic_debug:ddebug_change: changed drivers/acpi/bus.c:186 [acpi]acpi_print_osc_error =_
[    1.094372] dynamic_debug:ddebug_change: changed drivers/acpi/scan.c:1640 [acpi]acpi_device_dep_initialize =_
[    1.094539] dynamic_debug:ddebug_change: changed drivers/acpi/scan.c:1630 [acpi]acpi_device_dep_initialize =_
[    1.094699] dynamic_debug:ddebug_change: changed drivers/acpi/resource.c:230 [acpi]acpi_decode_space =_
[    1.094861] dynamic_debug:ddebug_change: changed drivers/acpi/resource.c:217 [acpi]acpi_decode_space =_
[    1.095021] dynamic_debug:ddebug_change: changed drivers/acpi/resource.c:61 [acpi]acpi_dev_resource_len_valid =_
[    1.095180] dynamic_debug:ddebug_change: changed drivers/acpi/ec.c:1557 [acpi]ec_correct_ecdt =_
[    1.095338] dynamic_debug:ddebug_change: changed drivers/acpi/ec.c:1544 [acpi]ec_clear_on_resume =_
[    1.095497] dynamic_debug:ddebug_change: changed drivers/acpi/ec.c:1165 [acpi]acpi_ec_event_handler =_
[    1.095658] dynamic_debug:ddebug_change: changed drivers/acpi/ec.c:1143 [acpi]acpi_ec_event_handler =_
[    1.095824] dynamic_debug:ddebug_change: changed drivers/acpi/ec.c:1108 [acpi]acpi_ec_query =_
[    1.095988] dynamic_debug:ddebug_change: changed drivers/acpi/ec.c:1106 [acpi]acpi_ec_query =_
[    1.096147] dynamic_debug:ddebug_change: changed drivers/acpi/ec.c:1066 [acpi]acpi_ec_event_processor =_
[    1.096314] dynamic_debug:ddebug_change: changed drivers/acpi/ec.c:1061 [acpi]acpi_ec_event_processor =_
[    1.096478] dynamic_debug:ddebug_change: changed drivers/acpi/ec.c:898 [acpi]acpi_ec_stop =_
[    1.096646] dynamic_debug:ddebug_change: changed drivers/acpi/ec.c:890 [acpi]acpi_ec_stop =_
[    1.096816] dynamic_debug:ddebug_change: changed drivers/acpi/ec.c:866 [acpi]acpi_ec_start =_
[    1.098760] dynamic_debug:ddebug_change: changed drivers/acpi/ec.c:862 [acpi]acpi_ec_start =_
[    1.098922] dynamic_debug:ddebug_change: changed drivers/acpi/ec.c:703 [acpi]acpi_ec_transaction_unlocked =_
[    1.099084] dynamic_debug:ddebug_change: changed drivers/acpi/ec.c:699 [acpi]acpi_ec_transaction_unlocked =_
[    1.099247] dynamic_debug:ddebug_change: changed drivers/acpi/ec.c:690 [acpi]acpi_ec_transaction_unlocked =_
[    1.099414] dynamic_debug:ddebug_change: changed drivers/acpi/ec.c:687 [acpi]acpi_ec_transaction_unlocked =_
[    1.099586] dynamic_debug:ddebug_change: changed drivers/acpi/ec.c:666 [acpi]ec_poll =_
[    1.099759] dynamic_debug:ddebug_change: changed drivers/acpi/ec.c:561 [acpi]advance_transaction =_
[    1.099924] dynamic_debug:ddebug_change: changed drivers/acpi/ec.c:525 [acpi]advance_transaction =_
[    1.100086] dynamic_debug:ddebug_change: changed drivers/acpi/ec.c:445 [acpi]acpi_ec_complete_query =_
[    1.100248] dynamic_debug:ddebug_change: changed drivers/acpi/ec.c:434 [acpi]acpi_ec_submit_query =_
[    1.100411] dynamic_debug:ddebug_change: changed drivers/acpi/ec.c:407 [acpi]acpi_ec_clear_storm =_
[    1.100573] dynamic_debug:ddebug_change: changed drivers/acpi/ec.c:397 [acpi]acpi_ec_set_storm =_
[    1.100745] dynamic_debug:ddebug_change: changed drivers/acpi/ec.c:336 [acpi]acpi_ec_enable_gpe =_
[    1.100912] dynamic_debug:ddebug_change: changed drivers/acpi/ec.c:284 [acpi]acpi_ec_write_data =_
[    1.101079] dynamic_debug:ddebug_change: changed drivers/acpi/ec.c:277 [acpi]acpi_ec_write_cmd =_
[    1.101247] dynamic_debug:ddebug_change: changed drivers/acpi/ec.c:271 [acpi]acpi_ec_read_data =_
[    1.101413] dynamic_debug:ddebug_change: changed drivers/acpi/ec.c:262 [acpi]acpi_ec_read_status =_
[    1.101582] dynamic_debug:ddebug_change: changed drivers/acpi/pci_root.c:770 [acpi]acpi_pci_probe_root_resources =_
[    1.101753] dynamic_debug:ddebug_change: changed drivers/acpi/pci_root.c:339 [acpi]acpi_get_pci_dev =_
[    1.101924] dynamic_debug:ddebug_change: changed drivers/acpi/pci_irq.c:526 [acpi]acpi_pci_irq_disable =_
[    1.102095] dynamic_debug:ddebug_change: changed drivers/acpi/pci_irq.c:486 [acpi]acpi_pci_irq_enable =_
[    1.102261] dynamic_debug:ddebug_change: changed drivers/acpi/acpi_platform.c:103 [acpi]acpi_create_platform_device =_
[    1.102425] dynamic_debug:ddebug_change: changed drivers/acpi/numa.c:181 [acpi]acpi_table_print_srat_entry =_
[    1.102587] dynamic_debug:ddebug_change: changed drivers/acpi/numa.c:169 [acpi]acpi_table_print_srat_entry =_
[    1.102752] dynamic_debug:ddebug_change: changed drivers/acpi/numa.c:157 [acpi]acpi_table_print_srat_entry =_
[    1.102915] dynamic_debug:ddebug_change: changed drivers/acpi/numa.c:140 [acpi]acpi_table_print_srat_entry =_
[    1.103079] dynamic_debug:ddebug_change: changed drivers/acpi/fan.c:359 [fan]acpi_fan_probe =_
[    1.103241] dynamic_debug:ddebug_change: changed drivers/acpi/fan.c:195 [fan]fan_set_state_acpi4 =_
[    1.103410] dynamic_debug:ddebug_change: changed drivers/acpi/fan.c:136 [fan]fan_get_state_acpi4 =_
[    1.103575] dynamic_debug:ddebug_change: changed drivers/acpi/acpi_video.c:1759 [video]acpi_video_should_register_backlight =_
[    1.103746] dynamic_debug:ddebug_change: changed drivers/acpi/pci_slot.c:136 [pci_slot]register_slot =_
[    1.103916] dynamic_debug:ddebug_change: changed drivers/acpi/pci_slot.c:81 [pci_slot]check_slot =_
[    1.104086] dynamic_debug:ddebug_change: changed drivers/acpi/pci_slot.c:73 [pci_slot]check_slot =_
[    1.104254] dynamic_debug:ddebug_change: changed drivers/acpi/pci_slot.c:61 [pci_slot]check_slot =_
[    1.104417] dynamic_debug:ddebug_change: changed drivers/acpi/processor_driver.c:184 [processor]acpi_pss_perf_init =_
[    1.104580] dynamic_debug:ddebug_change: changed drivers/acpi/processor_idle.c:1443 [processor]acpi_processor_power_init =_
[    1.104746] dynamic_debug:ddebug_change: changed drivers/acpi/processor_idle.c:1039 [processor]acpi_processor_evaluate_lpi =_
[    1.104910] dynamic_debug:ddebug_change: changed drivers/acpi/processor_idle.c:1034 [processor]acpi_processor_evaluate_lpi =_
[    1.105074] dynamic_debug:ddebug_change: changed drivers/acpi/processor_idle.c:981 [processor]acpi_processor_evaluate_lpi =_
[    1.105239] dynamic_debug:ddebug_change: changed drivers/acpi/processor_idle.c:972 [processor]acpi_processor_evaluate_lpi =_
[    1.105408] dynamic_debug:ddebug_change: changed drivers/acpi/processor_perflib.c:138 [processor]acpi_processor_get_platform_limit =_
[    1.105724] dynamic_debug:vpr_info_dq: applied: func="" file="drivers/acpi/*" module="" format="" lineno=0-0
[    1.105931] dynamic_debug:ddebug_exec_queries: processed 4 queries, with 132 matches, 0 errs
[    1.106088] dynamic_debug:ddebug_dyndbg_boot_param_cb: acpi_backlight="vendor"
[    1.106245] dynamic_debug:ddebug_dyndbg_boot_param_cb: radeon.audio="0"
[    1.106363] dynamic_debug:ddebug_dyndbg_boot_param_cb: radeon.lockup_timeout="999000"
[    1.106520] dynamic_debug:ddebug_dyndbg_boot_param_cb: radeon.test="0"
[    1.106639] dynamic_debug:ddebug_dyndbg_boot_param_cb: radeon.agpmode="-1"
[    1.106766] dynamic_debug:ddebug_dyndbg_boot_param_cb: radeon.benchmark="0"
[    1.106890] dynamic_debug:ddebug_dyndbg_boot_param_cb: radeon.tv="0"
[    1.107013] dynamic_debug:ddebug_dyndbg_boot_param_cb: radeon.hard_reset="1"
[    1.107132] dynamic_debug:ddebug_dyndbg_boot_param_cb: radeon.msi="1"
[    1.107251] dynamic_debug:ddebug_dyndbg_boot_param_cb: radeon.pcie_gen2="-1"
[    1.107370] dynamic_debug:ddebug_dyndbg_boot_param_cb: radeon.no_wb="1"
[    1.107489] dynamic_debug:ddebug_dyndbg_boot_param_cb: radeon.dynclks="0"
[    1.107609] dynamic_debug:ddebug_dyndbg_boot_param_cb: radeon.r4xx_atom="0"
[    1.107728] dynamic_debug:ddebug_dyndbg_boot_param_cb: radeonfb="(null)"
[    1.107848] dynamic_debug:ddebug_dyndbg_boot_param_cb: radeon.fastfb="1"
[    1.107967] dynamic_debug:ddebug_dyndbg_boot_param_cb: radeon.dpm="1"
[    1.108086] dynamic_debug:ddebug_dyndbg_boot_param_cb: radeon.runpm="1"
[    1.108208] dynamic_debug:ddebug_dyndbg_boot_param_cb: rd.debug="(null)"
[    1.108331] dynamic_debug:ddebug_dyndbg_boot_param_cb: rd.udev.debug="(null)"
[    1.108455] dynamic_debug:ddebug_dyndbg_boot_param_cb: rd.memdebug="3"
[    1.108578] dynamic_debug:ddebug_dyndbg_boot_param_cb: net.ifnames="1"
[    1.108697] dynamic_debug:ddebug_dyndbg_boot_param_cb: slub_debug="U"
[    1.108818] dynamic_debug:ddebug_dyndbg_boot_param_cb: pax_sanitize_slab="full"
[    1.108975] dynamic_debug:ddebug_dyndbg_boot_param_cb: noefi="(null)"
[    1.109094] dynamic_debug:ddebug_dyndbg_boot_param_cb: nolvm="(null)"
[    1.109213] dynamic_debug:ddebug_dyndbg_boot_param_cb: dobtrfs="(null)"
[    1.109332] dynamic_debug:ddebug_dyndbg_boot_param_cb: console="tty1"
[    1.109451] dynamic_debug:ddebug_dyndbg_boot_param_cb: earlyprintk="vga"
[    1.109570] dynamic_debug:ddebug_dyndbg_boot_param_cb: CPUunderclocking="(null)"
[    1.109726] dynamic_debug:ddebug_dyndbg_boot_param_cb: radeon.modeset="1"
[    1.109850] dynamic_debug:ddebug_dyndbg_boot_param_cb: audit="0"
[    1.109973] dynamic_debug:ddebug_dyndbg_boot_param_cb: systemd.log_target="kmsg"
[    1.110136] dynamic_debug:ddebug_dyndbg_boot_param_cb: enforcing="0"
[    1.110255] dynamic_debug:ddebug_dyndbg_boot_param_cb: pcie_aspm="off"
[    1.110374] dynamic_debug:ddebug_dyndbg_boot_param_cb: radeon.aspm="0"
[    1.110494] dynamic_debug:ddebug_dyndbg_boot_param_cb: udev.children-max="1256"
[    1.110650] dynamic_debug:ddebug_dyndbg_boot_param_cb: rd.udev.children-max="1256"
[    1.110866] MCE: In-kernel MCE decoding enabled.
[    1.112127] NMI watchdog: enabled on all CPUs, permanently consumes one hw-PMU counter.
[    1.112761] started {early_reset_EHCIs kernel/smp.c:1294}
[    1.112947] early_pci_allowed {early_reset_EHCIs kernel/smp.c:1300}
[    1.113238] Found EHCI on 00:12.2 {kline kernel/smp.c:1220}
[    1.113364] bar_val: f014a900 {kline kernel/smp.c:1223}
[    1.113491] ehci_bar: ffffffffff7fe900 {kline kernel/smp.c:1245}
[    1.113617] n_ports:    5 {kline kernel/smp.c:1252}
[    1.113745] FLAG_CF was already set which likely means BIOS USB Legacy is Disabled. {ehci_status kernel/smp.c:1036}
[    1.113920]   ehci cmd     : 00080B00 {ehci_status kernel/smp.c:1038}
[    1.114047]   ehci conf flg: 00000001 {ehci_status kernel/smp.c:1039}
[    1.114174]   ehci status  : 0000100C {ehci_status kernel/smp.c:1040}
[    1.114300] port 1 status 00001000 {ehci_status kernel/smp.c:1043}
[    1.114427] port 2 status 00001000 {ehci_status kernel/smp.c:1043}
[    1.114553] port 3 status 00001000 {ehci_status kernel/smp.c:1043}
[    1.114679] port 4 status 00001000 {ehci_status kernel/smp.c:1043}
[    1.114806] port 5 status 00001000 {ehci_status kernel/smp.c:1043}
[    1.114925] ended {kline kernel/smp.c:1285}
[    1.115055] Found EHCI on 00:13.2 {kline kernel/smp.c:1220}
[    1.115179] bar_val: f014a800 {kline kernel/smp.c:1223}
[    1.115302] ehci_bar: ffffffffff7fe800 {kline kernel/smp.c:1245}
[    1.115426] n_ports:    5 {kline kernel/smp.c:1252}
[    1.115546] FLAG_CF was already set which likely means BIOS USB Legacy is Disabled. {ehci_status kernel/smp.c:1036}
[    1.115705]   ehci cmd     : 00080B00 {ehci_status kernel/smp.c:1038}
[    1.115829]   ehci conf flg: 00000001 {ehci_status kernel/smp.c:1039}
[    1.115949]   ehci status  : 0000100C {ehci_status kernel/smp.c:1040}
[    1.116069] port 1 status 00001803 {ehci_status kernel/smp.c:1043}
[    1.116189] port 2 status 00001000 {ehci_status kernel/smp.c:1043}
[    1.116309] port 3 status 00001803 {ehci_status kernel/smp.c:1043}
[    1.116429] port 4 status 00001000 {ehci_status kernel/smp.c:1043}
[    1.116550] port 5 status 00001000 {ehci_status kernel/smp.c:1043}
[    1.116672] ended {kline kernel/smp.c:1285}
[    1.187009] ended, failed 0 times {early_reset_EHCIs kernel/smp.c:1313}
[    1.187128] All EHCI controllers were reset. {smp_init kernel/smp.c:1333}
[    1.190776] smpboot: ++++++++++++++++++++=_---CPU UP  1
[    1.190972] x86: Booting SMP configuration:
[    1.191098] .... node  #0, CPUs:      #1
[    1.191202] smpboot: Setting warm reset code and vector.
[    1.191450] smpboot: 1.
[    1.191574] smpboot: 2.
[    1.191698] smpboot: 3.
[    1.191826] smpboot: Asserting INIT
[    1.191952] smpboot: Waiting for send to finish...
[    1.192078] smpboot: Deasserting INIT
[    1.192203] smpboot: Waiting for send to finish...
[    1.192328] smpboot: #startup loops: 2
[    1.192453] smpboot: Sending STARTUP #1
[    1.194595] smpboot: After apic_write
[    1.194729] smpboot: Startup point 1
[    1.194852] smpboot: Waiting for send to finish...
[    1.194987] smpboot: Sending STARTUP #2
[    1.195110] smpboot: After apic_write
[    1.195245] smpboot: Startup point 1
[    1.195368] smpboot: Waiting for send to finish...
[    1.195502] smpboot: After Startup
[    1.100547] masked ExtINT on CPU#1
[    1.100566] [Firmware Info]: CPU: 'AMD A6-3400M APU with Radeon(tm) HD Graphics' has AMD errata 665 Integer Divide Instruction May Cause Unpredictable Behavior.'
[    1.100568] [Firmware Info]: CPU: Double-checked CPU type. 'AMD A6-3400M APU with Radeon(tm) HD Graphics'
[    1.100569] [Firmware Info]: CPU: Setting workaround for 665...(set 'no665wo' in /proc/cmdline to disable)
[    1.159640] smpboot: Stack at about ffff887bcbb33f30
[    1.256800] TSC synchronization [CPU#0 -> CPU#1]:
[    1.257792] Measured 132888640 cycles TSC warp between CPUs, turning off TSC clock.
[    1.257967] tsc: Marking TSC unstable due to check_tsc_sync_source failed
[    1.261765] smpboot: ++++++++++++++++++++=_---CPU UP  2
[    1.261957]  #2
[    1.261992] smpboot: Setting warm reset code and vector.
[    1.262239] smpboot: 1.
[    1.262361] smpboot: 2.
[    1.262483] smpboot: 3.
[    1.262607] smpboot: Asserting INIT
[    1.262730] smpboot: Waiting for send to finish...
[    1.262860] smpboot: Deasserting INIT
[    1.262983] smpboot: Waiting for send to finish...
[    1.263108] smpboot: #startup loops: 2
[    1.263231] smpboot: Sending STARTUP #1
[    1.263354] smpboot: After apic_write
[    1.263487] smpboot: Startup point 1
[    1.263609] smpboot: Waiting for send to finish...
[    1.263743] smpboot: Sending STARTUP #2
[    1.263868] smpboot: After apic_write
[    1.264002] smpboot: Startup point 1
[    1.264124] smpboot: Waiting for send to finish...
[    1.264259] smpboot: After Startup
[    1.135693] masked ExtINT on CPU#2
[    1.135707] [Firmware Info]: CPU: 'AMD A6-3400M APU with Radeon(tm) HD Graphics' has AMD errata 665 Integer Divide Instruction May Cause Unpredictable Behavior.'
[    1.135708] [Firmware Info]: CPU: Double-checked CPU type. 'AMD A6-3400M APU with Radeon(tm) HD Graphics'
[    1.135709] [Firmware Info]: CPU: Setting workaround for 665...(set 'no665wo' in /proc/cmdline to disable)
[    1.195031] smpboot: Stack at about ffff887bcbb37f30
[    1.216017] smpboot: ++++++++++++++++++++=_---CPU UP  3
[    1.217004]  #3
[    1.217041] smpboot: Setting warm reset code and vector.
[    1.217292] smpboot: 1.
[    1.217417] smpboot: 2.
[    1.217539] smpboot: 3.
[    1.217659] smpboot: Asserting INIT
[    1.217729] smpboot: Waiting for send to finish...
[    1.217798] smpboot: Deasserting INIT
[    1.217919] smpboot: Waiting for send to finish...
[    1.218002] smpboot: #startup loops: 2
[    1.218122] smpboot: Sending STARTUP #1
[    1.218242] smpboot: After apic_write
[    1.218372] smpboot: Startup point 1
[    1.218440] smpboot: Waiting for send to finish...
[    1.218520] smpboot: Sending STARTUP #2
[    1.218589] smpboot: After apic_write
[    1.218668] smpboot: Startup point 1
[    1.218736] smpboot: Waiting for send to finish...
[    1.218866] smpboot: After Startup
[    0.002000] masked ExtINT on CPU#3
[    0.002000] [Firmware Info]: CPU: 'AMD A6-3400M APU with Radeon(tm) HD Graphics' has AMD errata 665 Integer Divide Instruction May Cause Unpredictable Behavior.'
[    0.002000] [Firmware Info]: CPU: Double-checked CPU type. 'AMD A6-3400M APU with Radeon(tm) HD Graphics'
[    0.002000] [Firmware Info]: CPU: Setting workaround for 665...(set 'no665wo' in /proc/cmdline to disable)
[    0.002000] smpboot: Stack at about ffff887bcbb43f30
[    1.279151] x86: Booted up 1 node, 4 CPUs
[    1.280131] CPUunderclocking: activating(?)=1 {apply_underclocking_if_needed kernel/smp.c:946}
[    1.280308] CPUunderclocking: activating... {apply_underclocking_if_needed kernel/smp.c:948}
[    1.280486] CPUunderclocking:   !! Rdmsr(1of2): core:0 idx:c0010064 ... {Rdmsr kernel/smp.c:696}
[    1.280656] CPUunderclocking:     !! Rdmsr(2of2): core:0 idx:c0010064 done. (resultx==8000017d000025e2 hi:8000017d lo:000025e2) {Rdmsr kernel/smp.c:712}
[    1.280818] CPUunderclocking:   !! Rdmsr(1of2): core:1 idx:c0010064 ... {Rdmsr kernel/smp.c:696}
[    1.281007] CPUunderclocking:     !! Rdmsr(2of2): core:1 idx:c0010064 done. (resultx==8000017d000025e2 hi:8000017d lo:000025e2) {Rdmsr kernel/smp.c:712}
[    1.281177] CPUunderclocking:   !! Rdmsr(1of2): core:2 idx:c0010064 ... {Rdmsr kernel/smp.c:696}
[    1.281346] CPUunderclocking:     !! Rdmsr(2of2): core:2 idx:c0010064 done. (resultx==8000017d000025e2 hi:8000017d lo:000025e2) {Rdmsr kernel/smp.c:712}
[    1.281516] CPUunderclocking:   !! Rdmsr(1of2): core:3 idx:c0010064 ... {Rdmsr kernel/smp.c:696}
[    1.281682] CPUunderclocking:     !! Rdmsr(2of2): core:3 idx:c0010064 done. (resultx==8000017d000025e2 hi:8000017d lo:000025e2) {Rdmsr kernel/smp.c:712}
[    1.281843] CPUunderclocking: !! Write(1of3) PState0 read : fid:30 did:2 vid:18 Multi:N/A {WritePState kernel/smp.c:854}
[    1.282003] CPUunderclocking: !! Write(2of3) PState0 write:6 did:0 vid:37 (multi:22) ... {WritePState kernel/smp.c:882}
[    1.282171] CPUunderclocking:   !! Wrmsr(before write): core:0/64 idx:c0010064 valx:8000017d00004a60 ...  {Wrmsr kernel/smp.c:637}
[    1.282339] CPUunderclocking:     !! Wrmsr(after write): done. {Wrmsr kernel/smp.c:676}
[    1.282503] CPUunderclocking:   !! Wrmsr(before write): core:1/64 idx:c0010064 valx:8000017d00004a60 ...  {Wrmsr kernel/smp.c:637}
[    1.282673] CPUunderclocking:     !! Wrmsr(after write): done. {Wrmsr kernel/smp.c:676}
[    1.282831] CPUunderclocking:   !! Wrmsr(before write): core:2/64 idx:c0010064 valx:8000017d00004a60 ...  {Wrmsr kernel/smp.c:637}
[    1.283005] CPUunderclocking:     !! Wrmsr(after write): done. {Wrmsr kernel/smp.c:676}
[    1.283166] CPUunderclocking:   !! Wrmsr(before write): core:3/64 idx:c0010064 valx:8000017d00004a60 ...  {Wrmsr kernel/smp.c:637}
[    1.283333] CPUunderclocking:     !! Wrmsr(after write): done. {Wrmsr kernel/smp.c:676}
[    1.283495] CPUunderclocking: !! Write(3of3) PState0 done. status:0 (0=success) {WritePState kernel/smp.c:884}
[    1.283653] CPUunderclocking:   !! Rdmsr(1of2): core:0 idx:c0010065 ... {Rdmsr kernel/smp.c:696}
[    1.283809] CPUunderclocking:     !! Rdmsr(2of2): core:0 idx:c0010065 done. (resultx==8000014000004fa3 hi:80000140 lo:00004fa3) {Rdmsr kernel/smp.c:712}
[    1.283971] CPUunderclocking:   !! Rdmsr(1of2): core:1 idx:c0010065 ... {Rdmsr kernel/smp.c:696}
[    1.284041] CPUunderclocking:     !! Rdmsr(2of2): core:1 idx:c0010065 done. (resultx==8000014000004fa3 hi:80000140 lo:00004fa3) {Rdmsr kernel/smp.c:712}
[    1.284254] CPUunderclocking:   !! Rdmsr(1of2): core:2 idx:c0010065 ... {Rdmsr kernel/smp.c:696}
[    1.284421] CPUunderclocking:     !! Rdmsr(2of2): core:2 idx:c0010065 done. (resultx==8000014000004fa3 hi:80000140 lo:00004fa3) {Rdmsr kernel/smp.c:712}
[    1.284580] CPUunderclocking:   !! Rdmsr(1of2): core:3 idx:c0010065 ... {Rdmsr kernel/smp.c:696}
[    1.284741] CPUunderclocking:     !! Rdmsr(2of2): core:3 idx:c0010065 done. (resultx==8000014000004fa3 hi:80000140 lo:00004fa3) {Rdmsr kernel/smp.c:712}
[    1.285003] CPUunderclocking: !! Write(1of3) PState1 read : fid:26 did:3 vid:39 Multi:N/A {WritePState kernel/smp.c:854}
[    1.285166] CPUunderclocking: !! Write(2of3) PState1 write:4 did:0 vid:42 (multi:20) ... {WritePState kernel/smp.c:882}
[    1.285329] CPUunderclocking:   !! Wrmsr(before write): core:0/64 idx:c0010065 valx:8000014000005440 ...  {Wrmsr kernel/smp.c:637}
[    1.285493] CPUunderclocking:     !! Wrmsr(after write): done. {Wrmsr kernel/smp.c:676}
[    1.285649] CPUunderclocking:   !! Wrmsr(before write): core:1/64 idx:c0010065 valx:8000014000005440 ...  {Wrmsr kernel/smp.c:637}
[    1.285810] CPUunderclocking:     !! Wrmsr(after write): done. {Wrmsr kernel/smp.c:676}
[    1.286002] CPUunderclocking:   !! Wrmsr(before write): core:2/64 idx:c0010065 valx:8000014000005440 ...  {Wrmsr kernel/smp.c:637}
[    1.286164] CPUunderclocking:     !! Wrmsr(after write): done. {Wrmsr kernel/smp.c:676}
[    1.286321] CPUunderclocking:   !! Wrmsr(before write): core:3/64 idx:c0010065 valx:8000014000005440 ...  {Wrmsr kernel/smp.c:637}
[    1.286483] CPUunderclocking:     !! Wrmsr(after write): done. {Wrmsr kernel/smp.c:676}
[    1.286640] CPUunderclocking: !! Write(3of3) PState1 done. status:0 (0=success) {WritePState kernel/smp.c:884}
[    1.286797] CPUunderclocking:   !! Rdmsr(1of2): core:0 idx:c0010066 ... {Rdmsr kernel/smp.c:696}
[    1.286954] CPUunderclocking:     !! Rdmsr(2of2): core:0 idx:c0010066 done. (resultx==8000013700005573 hi:80000137 lo:00005573) {Rdmsr kernel/smp.c:712}
[    1.287002] CPUunderclocking:   !! Rdmsr(1of2): core:1 idx:c0010066 ... {Rdmsr kernel/smp.c:696}
[    1.287165] CPUunderclocking:     !! Rdmsr(2of2): core:1 idx:c0010066 done. (resultx==8000013700005573 hi:80000137 lo:00005573) {Rdmsr kernel/smp.c:712}
[    1.287329] CPUunderclocking:   !! Rdmsr(1of2): core:2 idx:c0010066 ... {Rdmsr kernel/smp.c:696}
[    1.287492] CPUunderclocking:     !! Rdmsr(2of2): core:2 idx:c0010066 done. (resultx==8000013700005573 hi:80000137 lo:00005573) {Rdmsr kernel/smp.c:712}
[    1.287654] CPUunderclocking:   !! Rdmsr(1of2): core:3 idx:c0010066 ... {Rdmsr kernel/smp.c:696}
[    1.287816] CPUunderclocking:     !! Rdmsr(2of2): core:3 idx:c0010066 done. (resultx==8000013700005573 hi:80000137 lo:00005573) {Rdmsr kernel/smp.c:712}
[    1.288002] CPUunderclocking: !! Write(1of3) PState2 read : fid:23 did:3 vid:42 Multi:N/A {WritePState kernel/smp.c:854}
[    1.288163] CPUunderclocking: !! Write(2of3) PState2 write:2 did:0 vid:47 (multi:18) ... {WritePState kernel/smp.c:882}
[    1.289002] CPUunderclocking:   !! Wrmsr(before write): core:0/64 idx:c0010066 valx:8000013700005e20 ...  {Wrmsr kernel/smp.c:637}
[    1.289167] CPUunderclocking:     !! Wrmsr(after write): done. {Wrmsr kernel/smp.c:676}
[    1.289327] CPUunderclocking:   !! Wrmsr(before write): core:1/64 idx:c0010066 valx:8000013700005e20 ...  {Wrmsr kernel/smp.c:637}
[    1.289493] CPUunderclocking:     !! Wrmsr(after write): done. {Wrmsr kernel/smp.c:676}
[    1.290002] CPUunderclocking:   !! Wrmsr(before write): core:2/64 idx:c0010066 valx:8000013700005e20 ...  {Wrmsr kernel/smp.c:637}
[    1.290171] CPUunderclocking:     !! Wrmsr(after write): done. {Wrmsr kernel/smp.c:676}
[    1.290329] CPUunderclocking:   !! Wrmsr(before write): core:3/64 idx:c0010066 valx:8000013700005e20 ...  {Wrmsr kernel/smp.c:637}
[    1.290495] CPUunderclocking:     !! Wrmsr(after write): done. {Wrmsr kernel/smp.c:676}
[    1.290654] CPUunderclocking: !! Write(3of3) PState2 done. status:0 (0=success) {WritePState kernel/smp.c:884}
[    1.290815] CPUunderclocking:   !! Rdmsr(1of2): core:0 idx:c0010067 ... {Rdmsr kernel/smp.c:696}
[    1.290975] CPUunderclocking:     !! Rdmsr(2of2): core:0 idx:c0010067 done. (resultx==8000013200005b43 hi:80000132 lo:00005b43) {Rdmsr kernel/smp.c:712}
[    1.291001] CPUunderclocking:   !! Rdmsr(1of2): core:1 idx:c0010067 ... {Rdmsr kernel/smp.c:696}
[    1.291165] CPUunderclocking:     !! Rdmsr(2of2): core:1 idx:c0010067 done. (resultx==8000013200005b43 hi:80000132 lo:00005b43) {Rdmsr kernel/smp.c:712}
[    1.291327] CPUunderclocking:   !! Rdmsr(1of2): core:2 idx:c0010067 ... {Rdmsr kernel/smp.c:696}
[    1.291492] CPUunderclocking:     !! Rdmsr(2of2): core:2 idx:c0010067 done. (resultx==8000013200005b43 hi:80000132 lo:00005b43) {Rdmsr kernel/smp.c:712}
[    1.291656] CPUunderclocking:   !! Rdmsr(1of2): core:3 idx:c0010067 ... {Rdmsr kernel/smp.c:696}
[    1.291819] CPUunderclocking:     !! Rdmsr(2of2): core:3 idx:c0010067 done. (resultx==8000013200005b43 hi:80000132 lo:00005b43) {Rdmsr kernel/smp.c:712}
[    1.292002] CPUunderclocking: !! Write(1of3) PState3 read : fid:20 did:3 vid:45 Multi:N/A {WritePState kernel/smp.c:854}
[    1.292164] CPUunderclocking: !! Write(2of3) PState3 write:1 did:0 vid:49 (multi:17) ... {WritePState kernel/smp.c:882}
[    1.292324] CPUunderclocking:   !! Wrmsr(before write): core:0/64 idx:c0010067 valx:8000013200006210 ...  {Wrmsr kernel/smp.c:637}
[    1.292485] CPUunderclocking:     !! Wrmsr(after write): done. {Wrmsr kernel/smp.c:676}
[    1.292645] CPUunderclocking:   !! Wrmsr(before write): core:1/64 idx:c0010067 valx:8000013200006210 ...  {Wrmsr kernel/smp.c:637}
[    1.292811] CPUunderclocking:     !! Wrmsr(after write): done. {Wrmsr kernel/smp.c:676}
[    1.293002] CPUunderclocking:   !! Wrmsr(before write): core:2/64 idx:c0010067 valx:8000013200006210 ...  {Wrmsr kernel/smp.c:637}
[    1.293169] CPUunderclocking:     !! Wrmsr(after write): done. {Wrmsr kernel/smp.c:676}
[    1.293328] CPUunderclocking:   !! Wrmsr(before write): core:3/64 idx:c0010067 valx:8000013200006210 ...  {Wrmsr kernel/smp.c:637}
[    1.293492] CPUunderclocking:     !! Wrmsr(after write): done. {Wrmsr kernel/smp.c:676}
[    1.293653] CPUunderclocking: !! Write(3of3) PState3 done. status:0 (0=success) {WritePState kernel/smp.c:884}
[    1.293814] CPUunderclocking:   !! Rdmsr(1of2): core:0 idx:c0010068 ... {Rdmsr kernel/smp.c:696}
[    1.294003] CPUunderclocking:     !! Rdmsr(2of2): core:0 idx:c0010068 done. (resultx==8000012e00005d13 hi:8000012e lo:00005d13) {Rdmsr kernel/smp.c:712}
[    1.294166] CPUunderclocking:   !! Rdmsr(1of2): core:1 idx:c0010068 ... {Rdmsr kernel/smp.c:696}
[    1.294331] CPUunderclocking:     !! Rdmsr(2of2): core:1 idx:c0010068 done. (resultx==8000012e00005d13 hi:8000012e lo:00005d13) {Rdmsr kernel/smp.c:712}
[    1.294493] CPUunderclocking:   !! Rdmsr(1of2): core:2 idx:c0010068 ... {Rdmsr kernel/smp.c:696}
[    1.294656] CPUunderclocking:     !! Rdmsr(2of2): core:2 idx:c0010068 done. (resultx==8000012e00005d13 hi:8000012e lo:00005d13) {Rdmsr kernel/smp.c:712}
[    1.294820] CPUunderclocking:   !! Rdmsr(1of2): core:3 idx:c0010068 ... {Rdmsr kernel/smp.c:696}
[    1.295004] CPUunderclocking:     !! Rdmsr(2of2): core:3 idx:c0010068 done. (resultx==8000012e00005d13 hi:8000012e lo:00005d13) {Rdmsr kernel/smp.c:712}
[    1.295169] CPUunderclocking: !! Write(1of3) PState4 read : fid:17 did:3 vid:46 Multi:N/A {WritePState kernel/smp.c:854}
[    1.295330] CPUunderclocking: !! Write(2of3) PState4 write:0 did:0 vid:52 (multi:16) ... {WritePState kernel/smp.c:882}
[    1.295491] CPUunderclocking:   !! Wrmsr(before write): core:0/64 idx:c0010068 valx:8000012e00006800 ...  {Wrmsr kernel/smp.c:637}
[    1.295652] CPUunderclocking:     !! Wrmsr(after write): done. {Wrmsr kernel/smp.c:676}
[    1.295813] CPUunderclocking:   !! Wrmsr(before write): core:1/64 idx:c0010068 valx:8000012e00006800 ...  {Wrmsr kernel/smp.c:637}
[    1.296006] CPUunderclocking:     !! Wrmsr(after write): done. {Wrmsr kernel/smp.c:676}
[    1.296165] CPUunderclocking:   !! Wrmsr(before write): core:2/64 idx:c0010068 valx:8000012e00006800 ...  {Wrmsr kernel/smp.c:637}
[    1.296331] CPUunderclocking:     !! Wrmsr(after write): done. {Wrmsr kernel/smp.c:676}
[    1.296492] CPUunderclocking:   !! Wrmsr(before write): core:3/64 idx:c0010068 valx:8000012e00006800 ...  {Wrmsr kernel/smp.c:637}
[    1.296656] CPUunderclocking:     !! Wrmsr(after write): done. {Wrmsr kernel/smp.c:676}
[    1.296814] CPUunderclocking: !! Write(3of3) PState4 done. status:0 (0=success) {WritePState kernel/smp.c:884}
[    1.297001] CPUunderclocking:   !! Rdmsr(1of2): core:0 idx:c0010069 ... {Rdmsr kernel/smp.c:696}
[    1.297163] CPUunderclocking:     !! Rdmsr(2of2): core:0 idx:c0010069 done. (resultx==8000012b00005ee3 hi:8000012b lo:00005ee3) {Rdmsr kernel/smp.c:712}
[    1.297326] CPUunderclocking:   !! Rdmsr(1of2): core:1 idx:c0010069 ... {Rdmsr kernel/smp.c:696}
[    1.297493] CPUunderclocking:     !! Rdmsr(2of2): core:1 idx:c0010069 done. (resultx==8000012b00005ee3 hi:8000012b lo:00005ee3) {Rdmsr kernel/smp.c:712}
[    1.297656] CPUunderclocking:   !! Rdmsr(1of2): core:2 idx:c0010069 ... {Rdmsr kernel/smp.c:696}
[    1.297819] CPUunderclocking:     !! Rdmsr(2of2): core:2 idx:c0010069 done. (resultx==8000012b00005ee3 hi:8000012b lo:00005ee3) {Rdmsr kernel/smp.c:712}
[    1.297983] CPUunderclocking:   !! Rdmsr(1of2): core:3 idx:c0010069 ... {Rdmsr kernel/smp.c:696}
[    1.298004] CPUunderclocking:     !! Rdmsr(2of2): core:3 idx:c0010069 done. (resultx==8000012b00005ee3 hi:8000012b lo:00005ee3) {Rdmsr kernel/smp.c:712}
[    1.298169] CPUunderclocking: !! Write(1of3) PState5 read : fid:14 did:3 vid:47 Multi:N/A {WritePState kernel/smp.c:854}
[    1.298330] CPUunderclocking: !! Write(2of3) PState5 write:5 did:1 vid:55 (multi:14) ... {WritePState kernel/smp.c:882}
[    1.298493] CPUunderclocking:   !! Wrmsr(before write): core:0/64 idx:c0010069 valx:8000012b00006e51 ...  {Wrmsr kernel/smp.c:637}
[    1.298651] CPUunderclocking:     !! Wrmsr(after write): done. {Wrmsr kernel/smp.c:676}
[    1.298806] CPUunderclocking:   !! Wrmsr(before write): core:1/64 idx:c0010069 valx:8000012b00006e51 ...  {Wrmsr kernel/smp.c:637}
[    1.299004] CPUunderclocking:     !! Wrmsr(after write): done. {Wrmsr kernel/smp.c:676}
[    1.299161] CPUunderclocking:   !! Wrmsr(before write): core:2/64 idx:c0010069 valx:8000012b00006e51 ...  {Wrmsr kernel/smp.c:637}
[    1.299323] CPUunderclocking:     !! Wrmsr(after write): done. {Wrmsr kernel/smp.c:676}
[    1.299480] CPUunderclocking:   !! Wrmsr(before write): core:3/64 idx:c0010069 valx:8000012b00006e51 ...  {Wrmsr kernel/smp.c:637}
[    1.299642] CPUunderclocking:     !! Wrmsr(after write): done. {Wrmsr kernel/smp.c:676}
[    1.299796] CPUunderclocking: !! Write(3of3) PState5 done. status:0 (0=success) {WritePState kernel/smp.c:884}
[    1.300001] CPUunderclocking:   !! Rdmsr(1of2): core:0 idx:c001006a ... {Rdmsr kernel/smp.c:696}
[    1.300158] CPUunderclocking:     !! Rdmsr(2of2): core:0 idx:c001006a done. (resultx==80000127000060b3 hi:80000127 lo:000060b3) {Rdmsr kernel/smp.c:712}
[    1.300319] CPUunderclocking:   !! Rdmsr(1of2): core:1 idx:c001006a ... {Rdmsr kernel/smp.c:696}
[    1.300479] CPUunderclocking:     !! Rdmsr(2of2): core:1 idx:c001006a done. (resultx==80000127000060b3 hi:80000127 lo:000060b3) {Rdmsr kernel/smp.c:712}
[    1.300643] CPUunderclocking:   !! Rdmsr(1of2): core:2 idx:c001006a ... {Rdmsr kernel/smp.c:696}
[    1.300803] CPUunderclocking:     !! Rdmsr(2of2): core:2 idx:c001006a done. (resultx==80000127000060b3 hi:80000127 lo:000060b3) {Rdmsr kernel/smp.c:712}
[    1.301001] CPUunderclocking:   !! Rdmsr(1of2): core:3 idx:c001006a ... {Rdmsr kernel/smp.c:696}
[    1.301164] CPUunderclocking:     !! Rdmsr(2of2): core:3 idx:c001006a done. (resultx==80000127000060b3 hi:80000127 lo:000060b3) {Rdmsr kernel/smp.c:712}
[    1.301325] CPUunderclocking: !! Write(1of3) PState6 read : fid:11 did:3 vid:48 Multi:N/A {WritePState kernel/smp.c:854}
[    1.301484] CPUunderclocking: !! Write(2of3) PState6 write:2 did:1 vid:59 (multi:12) ... {WritePState kernel/smp.c:882}
[    1.301642] CPUunderclocking:   !! Wrmsr(before write): core:0/64 idx:c001006a valx:8000012700007621 ...  {Wrmsr kernel/smp.c:637}
[    1.301803] CPUunderclocking:     !! Wrmsr(after write): done. {Wrmsr kernel/smp.c:676}
[    1.302002] CPUunderclocking:   !! Wrmsr(before write): core:1/64 idx:c001006a valx:8000012700007621 ...  {Wrmsr kernel/smp.c:637}
[    1.302163] CPUunderclocking:     !! Wrmsr(after write): done. {Wrmsr kernel/smp.c:676}
[    1.302321] CPUunderclocking:   !! Wrmsr(before write): core:2/64 idx:c001006a valx:8000012700007621 ...  {Wrmsr kernel/smp.c:637}
[    1.302484] CPUunderclocking:     !! Wrmsr(after write): done. {Wrmsr kernel/smp.c:676}
[    1.302641] CPUunderclocking:   !! Wrmsr(before write): core:3/64 idx:c001006a valx:8000012700007621 ...  {Wrmsr kernel/smp.c:637}
[    1.302803] CPUunderclocking:     !! Wrmsr(after write): done. {Wrmsr kernel/smp.c:676}
[    1.302962] CPUunderclocking: !! Write(3of3) PState6 done. status:0 (0=success) {WritePState kernel/smp.c:884}
[    1.303001] CPUunderclocking:   !! Rdmsr(1of2): core:0 idx:c001006b ... {Rdmsr kernel/smp.c:696}
[    1.303161] CPUunderclocking:     !! Rdmsr(2of2): core:0 idx:c001006b done. (resultx==8000012500006504 hi:80000125 lo:00006504) {Rdmsr kernel/smp.c:712}
[    1.303326] CPUunderclocking:   !! Rdmsr(1of2): core:1 idx:c001006b ... {Rdmsr kernel/smp.c:696}
[    1.303490] CPUunderclocking:     !! Rdmsr(2of2): core:1 idx:c001006b done. (resultx==8000012500006504 hi:80000125 lo:00006504) {Rdmsr kernel/smp.c:712}
[    1.303653] CPUunderclocking:   !! Rdmsr(1of2): core:2 idx:c001006b ... {Rdmsr kernel/smp.c:696}
[    1.304005] CPUunderclocking:     !! Rdmsr(2of2): core:2 idx:c001006b done. (resultx==8000012500006504 hi:80000125 lo:00006504) {Rdmsr kernel/smp.c:712}
[    1.305001] CPUunderclocking:   !! Rdmsr(1of2): core:3 idx:c001006b ... {Rdmsr kernel/smp.c:696}
[    1.305164] CPUunderclocking:     !! Rdmsr(2of2): core:3 idx:c001006b done. (resultx==8000012500006504 hi:80000125 lo:00006504) {Rdmsr kernel/smp.c:712}
[    1.305328] CPUunderclocking: !! Write(1of3) PState7 read : fid:16 did:4 vid:50 Multi:N/A {WritePState kernel/smp.c:854}
[    1.305491] CPUunderclocking: !! Write(2of3) PState7 write:0 did:2 vid:67 (multi:8) ... {WritePState kernel/smp.c:882}
[    1.305651] CPUunderclocking:   !! Wrmsr(before write): core:0/64 idx:c001006b valx:8000012500008602 ...  {Wrmsr kernel/smp.c:637}
[    1.305812] CPUunderclocking:     !! Wrmsr(after write): done. {Wrmsr kernel/smp.c:676}
[    1.306002] CPUunderclocking:   !! Wrmsr(before write): core:1/64 idx:c001006b valx:8000012500008602 ...  {Wrmsr kernel/smp.c:637}
[    1.306168] CPUunderclocking:     !! Wrmsr(after write): done. {Wrmsr kernel/smp.c:676}
[    1.306328] CPUunderclocking:   !! Wrmsr(before write): core:2/64 idx:c001006b valx:8000012500008602 ...  {Wrmsr kernel/smp.c:637}
[    1.306494] CPUunderclocking:     !! Wrmsr(after write): done. {Wrmsr kernel/smp.c:676}
[    1.306653] CPUunderclocking:   !! Wrmsr(before write): core:3/64 idx:c001006b valx:8000012500008602 ...  {Wrmsr kernel/smp.c:637}
[    1.306819] CPUunderclocking:     !! Wrmsr(after write): done. {Wrmsr kernel/smp.c:676}
[    1.306978] CPUunderclocking: !! Write(3of3) PState7 done. status:0 (0=success) {WritePState kernel/smp.c:884}
[    1.307001] CPUunderclocking: Switching to another p-state temporarily so to ensure that the current one uses newly applied values {apply_underclocking_if_needed kernel/smp.c:954}
[    1.307205] CPUunderclocking:   !! Rdmsr(1of2): core:0 idx:c0010071 ... {Rdmsr kernel/smp.c:696}
[    1.307366] CPUunderclocking:     !! Rdmsr(2of2): core:0 idx:c0010071 done. (resultx==003160975a014e40 hi:00316097 lo:5a014e40) {Rdmsr kernel/smp.c:712}
[    1.307529] CPUunderclocking:   !! Rdmsr(1of2): core:1 idx:c0010071 ... {Rdmsr kernel/smp.c:696}
[    1.307693] CPUunderclocking:     !! Rdmsr(2of2): core:1 idx:c0010071 done. (resultx==003160975a014fa3 hi:00316097 lo:5a014fa3) {Rdmsr kernel/smp.c:712}
[    1.308001] CPUunderclocking:     !! Rdmsr(3of2): different results for cores(this is expected to be so, depending on load) core[0] != core[1] (see above KERN_DEBUG msgs) {Rdmsr kernel/smp.c:717}
[    1.308206] CPUunderclocking:   !! Rdmsr(1of2): core:2 idx:c0010071 ... {Rdmsr kernel/smp.c:696}
[    1.308371] CPUunderclocking:     !! Rdmsr(2of2): core:2 idx:c0010071 done. (resultx==003160975a014fa3 hi:00316097 lo:5a014fa3) {Rdmsr kernel/smp.c:712}
[    1.308534] CPUunderclocking:   !! Rdmsr(1of2): core:3 idx:c0010071 ... {Rdmsr kernel/smp.c:696}
[    1.308698] CPUunderclocking:     !! Rdmsr(2of2): core:3 idx:c0010071 done. (resultx==003160975a014e40 hi:00316097 lo:5a014e40) {Rdmsr kernel/smp.c:712}
[    1.308862] CPUunderclocking:     !! Rdmsr(3of2): different results for cores(this is expected to be so, depending on load) core[2] != core[3] (see above KERN_DEBUG msgs) {Rdmsr kernel/smp.c:717}
[    1.309002] CPUunderclocking: !! currentpstate:1 temppstate:7 {apply_underclocking_if_needed kernel/smp.c:962}
[    1.309163] CPUunderclocking:   !! Rdmsr(1of2): core:0 idx:c0010062 ... {Rdmsr kernel/smp.c:696}
[    1.309325] CPUunderclocking:     !! Rdmsr(2of2): core:0 idx:c0010062 done. (resultx==0000000000000000 hi:00000000 lo:00000000) {Rdmsr kernel/smp.c:712}
[    1.309488] CPUunderclocking:   !! Rdmsr(1of2): core:1 idx:c0010062 ... {Rdmsr kernel/smp.c:696}
[    1.309652] CPUunderclocking:     !! Rdmsr(2of2): core:1 idx:c0010062 done. (resultx==0000000000000000 hi:00000000 lo:00000000) {Rdmsr kernel/smp.c:712}
[    1.309816] CPUunderclocking:   !! Rdmsr(1of2): core:2 idx:c0010062 ... {Rdmsr kernel/smp.c:696}
[    1.310005] CPUunderclocking:     !! Rdmsr(2of2): core:2 idx:c0010062 done. (resultx==0000000000000000 hi:00000000 lo:00000000) {Rdmsr kernel/smp.c:712}
[    1.310169] CPUunderclocking:   !! Rdmsr(1of2): core:3 idx:c0010062 ... {Rdmsr kernel/smp.c:696}
[    1.310332] CPUunderclocking:     !! Rdmsr(2of2): core:3 idx:c0010062 done. (resultx==0000000000000000 hi:00000000 lo:00000000) {Rdmsr kernel/smp.c:712}
[    1.310497] CPUunderclocking:   !! Wrmsr(before write): core:0/64 idx:c0010062 valx:0000000000000006 ...  {Wrmsr kernel/smp.c:637}
[    1.310662] CPUunderclocking:     !! Wrmsr(after write): done. {Wrmsr kernel/smp.c:676}
[    1.310838] CPUunderclocking:   !! Wrmsr(before write): core:1/64 idx:c0010062 valx:0000000000000006 ...  {Wrmsr kernel/smp.c:637}
[    1.311008] CPUunderclocking:     !! Wrmsr(after write): done. {Wrmsr kernel/smp.c:676}
[    1.311184] CPUunderclocking:   !! Wrmsr(before write): core:2/64 idx:c0010062 valx:0000000000000006 ...  {Wrmsr kernel/smp.c:637}
[    1.311369] CPUunderclocking:     !! Wrmsr(after write): done. {Wrmsr kernel/smp.c:676}
[    1.311545] CPUunderclocking:   !! Wrmsr(before write): core:3/64 idx:c0010062 valx:0000000000000006 ...  {Wrmsr kernel/smp.c:637}
[    1.311732] CPUunderclocking:     !! Wrmsr(after write): done. {Wrmsr kernel/smp.c:676}
[    1.311908] CPUunderclocking:   !! Rdmsr(1of2): core:0 idx:c0010063 ... {Rdmsr kernel/smp.c:696}
[    1.312007] CPUunderclocking:     !! Rdmsr(2of2): core:0 idx:c0010063 done. (resultx==0000000000000006 hi:00000000 lo:00000006) {Rdmsr kernel/smp.c:712}
[    1.312190] CPUunderclocking:   !! Rdmsr(1of2): core:1 idx:c0010063 ... {Rdmsr kernel/smp.c:696}
[    1.312373] CPUunderclocking:     !! Rdmsr(2of2): core:1 idx:c0010063 done. (resultx==0000000000000000 hi:00000000 lo:00000000) {Rdmsr kernel/smp.c:712}
[    1.312557] CPUunderclocking:     !! Rdmsr(3of2): different results for cores(this is expected to be so, depending on load) core[0] != core[1] (see above KERN_DEBUG msgs) {Rdmsr kernel/smp.c:717}
[    1.312786] CPUunderclocking:   !! Rdmsr(1of2): core:2 idx:c0010063 ... {Rdmsr kernel/smp.c:696}
[    1.313011] CPUunderclocking:     !! Rdmsr(2of2): core:2 idx:c0010063 done. (resultx==0000000000000000 hi:00000000 lo:00000000) {Rdmsr kernel/smp.c:712}
[    1.313195] CPUunderclocking:   !! Rdmsr(1of2): core:3 idx:c0010063 ... {Rdmsr kernel/smp.c:696}
[    1.313378] CPUunderclocking:     !! Rdmsr(2of2): core:3 idx:c0010063 done. (resultx==0000000000000006 hi:00000000 lo:00000006) {Rdmsr kernel/smp.c:712}
[    1.313561] CPUunderclocking:     !! Rdmsr(3of2): different results for cores(this is expected to be so, depending on load) core[2] != core[3] (see above KERN_DEBUG msgs) {Rdmsr kernel/smp.c:717}
[    1.313793] CPUunderclocking: Waiting for PState to settle at wanted. Current: i(16bits)=6 j(64bits)=6 wantedpstate=6 tries left:9 {SetCurrentPState kernel/smp.c:926}
[    1.314004] CPUunderclocking:   !! Rdmsr(1of2): core:0 idx:c0010071 ... {Rdmsr kernel/smp.c:696}
[    1.314183] CPUunderclocking:     !! Rdmsr(2of2): core:0 idx:c0010071 done. (resultx==003160975a074e02 hi:00316097 lo:5a074e02) {Rdmsr kernel/smp.c:712}
[    1.314365] CPUunderclocking:   !! Rdmsr(1of2): core:1 idx:c0010071 ... {Rdmsr kernel/smp.c:696}
[    1.314544] CPUunderclocking:     !! Rdmsr(2of2): core:1 idx:c0010071 done. (resultx==003160975a014fa3 hi:00316097 lo:5a014fa3) {Rdmsr kernel/smp.c:712}
[    1.314726] CPUunderclocking:     !! Rdmsr(3of2): different results for cores(this is expected to be so, depending on load) core[0] != core[1] (see above KERN_DEBUG msgs) {Rdmsr kernel/smp.c:717}
[    1.315004] CPUunderclocking:   !! Rdmsr(1of2): core:2 idx:c0010071 ... {Rdmsr kernel/smp.c:696}
[    1.315185] CPUunderclocking:     !! Rdmsr(2of2): core:2 idx:c0010071 done. (resultx==003160975a014fa3 hi:00316097 lo:5a014fa3) {Rdmsr kernel/smp.c:712}
[    1.315366] CPUunderclocking:   !! Rdmsr(1of2): core:3 idx:c0010071 ... {Rdmsr kernel/smp.c:696}
[    1.315546] CPUunderclocking:     !! Rdmsr(2of2): core:3 idx:c0010071 done. (resultx==003160975a074e02 hi:00316097 lo:5a074e02) {Rdmsr kernel/smp.c:712}
[    1.315728] CPUunderclocking:     !! Rdmsr(3of2): different results for cores(this is expected to be so, depending on load) core[2] != core[3] (see above KERN_DEBUG msgs) {Rdmsr kernel/smp.c:717}
[    1.316004] CPUunderclocking: !! currentpstate:7 {apply_underclocking_if_needed kernel/smp.c:964}
[    1.316177] CPUunderclocking:   !! Rdmsr(1of2): core:0 idx:c0010062 ... {Rdmsr kernel/smp.c:696}
[    1.316352] CPUunderclocking:     !! Rdmsr(2of2): core:0 idx:c0010062 done. (resultx==0000000000000006 hi:00000000 lo:00000006) {Rdmsr kernel/smp.c:712}
[    1.316534] CPUunderclocking:   !! Rdmsr(1of2): core:1 idx:c0010062 ... {Rdmsr kernel/smp.c:696}
[    1.316713] CPUunderclocking:     !! Rdmsr(2of2): core:1 idx:c0010062 done. (resultx==0000000000000006 hi:00000000 lo:00000006) {Rdmsr kernel/smp.c:712}
[    1.316894] CPUunderclocking:   !! Rdmsr(1of2): core:2 idx:c0010062 ... {Rdmsr kernel/smp.c:696}
[    1.317009] CPUunderclocking:     !! Rdmsr(2of2): core:2 idx:c0010062 done. (resultx==0000000000000006 hi:00000000 lo:00000006) {Rdmsr kernel/smp.c:712}
[    1.317188] CPUunderclocking:   !! Rdmsr(1of2): core:3 idx:c0010062 ... {Rdmsr kernel/smp.c:696}
[    1.317367] CPUunderclocking:     !! Rdmsr(2of2): core:3 idx:c0010062 done. (resultx==0000000000000006 hi:00000000 lo:00000006) {Rdmsr kernel/smp.c:712}
[    1.317547] CPUunderclocking:   !! Wrmsr(before write): core:0/64 idx:c0010062 valx:0000000000000000 ...  {Wrmsr kernel/smp.c:637}
[    1.317727] CPUunderclocking:     !! Wrmsr(after write): done. {Wrmsr kernel/smp.c:676}
[    1.317884] CPUunderclocking:   !! Wrmsr(before write): core:1/64 idx:c0010062 valx:0000000000000000 ...  {Wrmsr kernel/smp.c:637}
[    1.318005] CPUunderclocking:     !! Wrmsr(after write): done. {Wrmsr kernel/smp.c:676}
[    1.318161] CPUunderclocking:   !! Wrmsr(before write): core:2/64 idx:c0010062 valx:0000000000000000 ...  {Wrmsr kernel/smp.c:637}
[    1.318323] CPUunderclocking:     !! Wrmsr(after write): done. {Wrmsr kernel/smp.c:676}
[    1.318479] CPUunderclocking:   !! Wrmsr(before write): core:3/64 idx:c0010062 valx:0000000000000000 ...  {Wrmsr kernel/smp.c:637}
[    1.318647] CPUunderclocking:     !! Wrmsr(after write): done. {Wrmsr kernel/smp.c:676}
[    1.318806] CPUunderclocking:   !! Rdmsr(1of2): core:0 idx:c0010063 ... {Rdmsr kernel/smp.c:696}
[    1.319003] CPUunderclocking:     !! Rdmsr(2of2): core:0 idx:c0010063 done. (resultx==0000000000000000 hi:00000000 lo:00000000) {Rdmsr kernel/smp.c:712}
[    1.319166] CPUunderclocking:   !! Rdmsr(1of2): core:1 idx:c0010063 ... {Rdmsr kernel/smp.c:696}
[    1.319330] CPUunderclocking:     !! Rdmsr(2of2): core:1 idx:c0010063 done. (resultx==0000000000000000 hi:00000000 lo:00000000) {Rdmsr kernel/smp.c:712}
[    1.319494] CPUunderclocking:   !! Rdmsr(1of2): core:2 idx:c0010063 ... {Rdmsr kernel/smp.c:696}
[    1.319659] CPUunderclocking:     !! Rdmsr(2of2): core:2 idx:c0010063 done. (resultx==0000000000000000 hi:00000000 lo:00000000) {Rdmsr kernel/smp.c:712}
[    1.320001] CPUunderclocking:   !! Rdmsr(1of2): core:3 idx:c0010063 ... {Rdmsr kernel/smp.c:696}
[    1.321005] CPUunderclocking:     !! Rdmsr(2of2): core:3 idx:c0010063 done. (resultx==0000000000000000 hi:00000000 lo:00000000) {Rdmsr kernel/smp.c:712}
[    1.321169] CPUunderclocking: Waiting for PState to settle at wanted. Current: i(16bits)=0 j(64bits)=0 wantedpstate=0 tries left:9 {SetCurrentPState kernel/smp.c:926}
[    1.321372] CPUunderclocking:   !! Rdmsr(1of2): core:0 idx:c0010071 ... {Rdmsr kernel/smp.c:696}
[    1.321533] CPUunderclocking:     !! Rdmsr(2of2): core:0 idx:c0010071 done. (resultx==003160975a014e40 hi:00316097 lo:5a014e40) {Rdmsr kernel/smp.c:712}
[    1.321696] CPUunderclocking:   !! Rdmsr(1of2): core:1 idx:c0010071 ... {Rdmsr kernel/smp.c:696}
[    1.321860] CPUunderclocking:     !! Rdmsr(2of2): core:1 idx:c0010071 done. (resultx==003160975a014fa3 hi:00316097 lo:5a014fa3) {Rdmsr kernel/smp.c:712}
[    1.322002] CPUunderclocking:     !! Rdmsr(3of2): different results for cores(this is expected to be so, depending on load) core[0] != core[1] (see above KERN_DEBUG msgs) {Rdmsr kernel/smp.c:717}
[    1.322206] CPUunderclocking:   !! Rdmsr(1of2): core:2 idx:c0010071 ... {Rdmsr kernel/smp.c:696}
[    1.322370] CPUunderclocking:     !! Rdmsr(2of2): core:2 idx:c0010071 done. (resultx==003160975a014fa3 hi:00316097 lo:5a014fa3) {Rdmsr kernel/smp.c:712}
[    1.322533] CPUunderclocking:   !! Rdmsr(1of2): core:3 idx:c0010071 ... {Rdmsr kernel/smp.c:696}
[    1.322697] CPUunderclocking:     !! Rdmsr(2of2): core:3 idx:c0010071 done. (resultx==003160975a014e40 hi:00316097 lo:5a014e40) {Rdmsr kernel/smp.c:712}
[    1.322860] CPUunderclocking:     !! Rdmsr(3of2): different results for cores(this is expected to be so, depending on load) core[2] != core[3] (see above KERN_DEBUG msgs) {Rdmsr kernel/smp.c:717}
[    1.323001] CPUunderclocking: !! currentpstate:1 {apply_underclocking_if_needed kernel/smp.c:966}
[    1.323161] CPUunderclocking: done. {apply_underclocking_if_needed kernel/smp.c:969}
[    1.323321] smpboot: Boot done
[    1.323441] ----------------
[    1.323560] | NMI testsuite:
[    1.323679] --------------------
[    1.323799]   remote IPI:  ok  |
[    1.326232]    local IPI:  ok  |
[    1.334007] --------------------
[    1.334187] Good, all   2 testcases passed! |
[    1.334313] ---------------------------------
[    1.334442] smpboot: Before bogomips
[    1.334570] smpboot: Total of 4 processors activated (11178.97 BogoMIPS)
[    1.334698] smpboot: Before bogocount - setting activated=1
[    1.337821] devtmpfs: initialized
[    1.338224] device: 'platform': device_add
[    1.338748] bus: 'platform': registered
[    1.339091] bus: 'cpu': registered
[    1.339278] device: 'cpu': device_add
[    1.339912] bus: 'container': registered
[    1.340014] device: 'container': device_add
[    1.343570] bus: 'workqueue': registered
[    1.343755] device: 'workqueue': device_add
[    1.344388] clocksource: jiffies: mask: 0xffffffff max_cycles: 0xffffffff, max_idle_ns: 1911260446275000 ns
[    1.344763] xor: measuring software checksum speed
[    1.354002]    prefetch64-sse:  8796.000 MB/sec
[    1.364002]    generic_sse:  7916.000 MB/sec
[    1.364174] xor: using function: prefetch64-sse (8796.000 MB/sec)
[    1.364311] atomic64_test: passed for x86-64 platform with CX8 and with SSE
[    1.364440] device class 'regulator': registering
[    1.364784] Registering platform device 'reg-dummy'. Parent at platform
[    1.364963] device: 'reg-dummy': device_add
[    1.365065] bus: 'platform': add device reg-dummy
[    1.365526] bus: 'platform': add driver reg-dummy
[    1.365732] bus: 'platform': driver_probe_device: matched device reg-dummy with driver reg-dummy
[    1.365904] bus: 'platform': really_probe: probing driver reg-dummy with device reg-dummy
[    1.366061] devices_kset: Moving reg-dummy to end of list
[    1.366279] regulator-dummy: no parameters
[    1.366460] device: 'regulator.0': device_add
[    1.367504] driver: 'reg-dummy': driver_bound: bound to device 'reg-dummy'
[    1.367677] bus: 'platform': really_probe: bound device reg-dummy to driver reg-dummy
[    1.368893] NET: Registered protocol family 16
[    1.369531] device class 'bdi': registering
[    1.369814] bus: 'platform': add driver ramoops
[    1.370177] device class 'pci_bus': registering
[    1.370605] bus: 'pci': registered
[    1.370788] device class 'backlight': registering
[    1.371036] device class 'tty': registering
[    1.371272] device class 'vtconsole': registering
[    1.371523] device: 'vtcon0': device_add
[    1.372293] bus: 'node': registered
[    1.372482] device: 'node': device_add
[    1.373088] bus: 'i2c': registered
[    1.373298] bus: 'i2c': add driver dummy
[    1.373598] i2c-core: driver [dummy] registered
[    1.376011] cpuidle: using governor ladder
[    1.380008] cpuidle: using governor menu
[    1.380872] ACPI FADT declares the system doesn't support PCIe ASPM, so disable it
[    1.381007] ACPI: bus type PCI registered
[    1.381133] acpiphp: ACPI Hot Plug PCI Controller Driver version: 0.5
[    1.381261] device class 'dmi': registering
[    1.381453] device: 'id': device_add
[    1.382764] PCI: MMCONFIG for domain 0000 [bus 00-3f] at [mem 0xf8000000-0xfbffffff] (base 0xf8000000)
[    1.382984] PCI: not using MMCONFIG
[    1.383008] PCI: Using configuration type 1 for base access
[    1.383133] PCI: Using configuration type 1 for extended access
[    1.383843] device: 'node0': device_add
[    1.384211] bus: 'node': add device node0
[    1.384655] device: 'cpu0': device_add
[    1.385027] bus: 'cpu': add device cpu0
[    1.385542] device: 'cpu1': device_add
[    1.385794] bus: 'cpu': add device cpu1
[    1.386304] device: 'cpu2': device_add
[    1.386558] bus: 'cpu': add device cpu2
[    1.387060] device: 'cpu3': device_add
[    1.387316] bus: 'cpu': add device cpu3
[    1.451649] device: 'writeback': device_add
[    1.451902] bus: 'workqueue': add device writeback
[    1.452591] HugeTLB registered 2 MB page size, pre-allocated 0 pages
[    1.453747] device class 'block': registering
[    1.471015] raid6: sse2x1   gen()  3027 MB/s
[    1.488002] raid6: sse2x1   xor()  3417 MB/s
[    1.505009] raid6: sse2x2   gen()  4593 MB/s
[    1.522001] raid6: sse2x2   xor()  4939 MB/s
[    1.539006] raid6: sse2x4   gen()  5566 MB/s
[    1.556003] raid6: sse2x4   xor()  2943 MB/s
[    1.556176] raid6: using algorithm sse2x4 gen() 5566 MB/s
[    1.556303] raid6: .... xor() 2943 MB/s, rmw enabled
[    1.556431] raid6: using intx1 recovery algorithm
[    1.556643] device class 'graphics': registering
[    1.557026] ACPI: Added _OSI(Module Device)
[    1.557200] ACPI: Added _OSI(Processor Device)
[    1.557326] ACPI: Added _OSI(3.0 _SCP Extensions)
[    1.557453] ACPI: Added _OSI(Processor Aggregator Device)
[    1.715682] ACPI: [Firmware Bug]: BIOS _OSI(Linux) query ignored
[    1.734436] ACPI : EC: +++++ EC started +++++
[    1.787463] ACPI: Interpreter enabled
[    1.787651] ACPI: (supports S0 S5)
[    1.787825] ACPI: Using IOAPIC for interrupt routing
[    1.793241] bus: 'acpi': registered
[    1.793431] PCI: MMCONFIG for domain 0000 [bus 00-3f] at [mem 0xf8000000-0xfbffffff] (base 0xf8000000)
[    1.808184] PCI: MMCONFIG at [mem 0xf8000000-0xfbffffff] reserved in ACPI motherboard resources
[    1.808448] PCI: Using host bridge windows from ACPI; if necessary, use "pci=nocrs" and report a bug
[    1.809117] device: 'LNXSYSTM:00': device_add
[    1.809369] bus: 'acpi': add device LNXSYSTM:00
[    1.810484] device: 'LNXCPU:00': device_add
[    1.810735] bus: 'acpi': add device LNXCPU:00
[    1.811854] device: 'LNXCPU:01': device_add
[    1.812080] bus: 'acpi': add device LNXCPU:01
[    1.813209] device: 'LNXCPU:02': device_add
[    1.813463] bus: 'acpi': add device LNXCPU:02
[    1.814593] device: 'LNXCPU:03': device_add
[    1.814843] bus: 'acpi': add device LNXCPU:03
[    1.816760] device: 'LNXSYBUS:00': device_add
[    1.817023] bus: 'acpi': add device LNXSYBUS:00
[    1.819012] device: 'PNP0C0C:00': device_add
[    1.819271] bus: 'acpi': add device PNP0C0C:00
[    1.821378] device: 'PNP0A08:00': device_add
[    1.821631] bus: 'acpi': add device PNP0A08:00
[    1.823663] device: 'PNP0C02:00': device_add
[    1.823914] bus: 'acpi': add device PNP0C02:00
[    1.826249] device: 'device:00': device_add
[    1.826502] bus: 'acpi': add device device:00
[    1.828494] device: 'device:01': device_add
[    1.828745] bus: 'acpi': add device device:01
[    1.830671] device: 'device:02': device_add
[    1.830921] bus: 'acpi': add device device:02
[    1.833244] device: 'device:03': device_add
[    1.833496] bus: 'acpi': add device device:03
[    1.835406] device: 'LNXVIDEO:00': device_add
[    1.835656] bus: 'acpi': add device LNXVIDEO:00
[    1.837961] device: 'device:04': device_add
[    1.838082] bus: 'acpi': add device device:04
[    1.840397] device: 'device:05': device_add
[    1.840649] bus: 'acpi': add device device:05
[    1.842545] device: 'device:06': device_add
[    1.842795] bus: 'acpi': add device device:06
[    1.845012] device: 'device:07': device_add
[    1.845265] bus: 'acpi': add device device:07
[    1.847156] device: 'device:08': device_add
[    1.848084] bus: 'acpi': add device device:08
[    1.850547] device: 'device:09': device_add
[    1.850796] bus: 'acpi': add device device:09
[    1.852712] device: 'device:0a': device_add
[    1.852963] bus: 'acpi': add device device:0a
[    1.855249] device: 'device:0b': device_add
[    1.855499] bus: 'acpi': add device device:0b
[    1.857422] device: 'device:0c': device_add
[    1.857673] bus: 'acpi': add device device:0c
[    1.859966] device: 'device:0d': device_add
[    1.860081] bus: 'acpi': add device device:0d
[    1.862170] device: 'device:0e': device_add
[    1.862423] bus: 'acpi': add device device:0e
[    1.864714] device: 'device:0f': device_add
[    1.864963] bus: 'acpi': add device device:0f
[    1.866871] device: 'device:10': device_add
[    1.867085] bus: 'acpi': add device device:10
[    1.869447] device: 'device:11': device_add
[    1.869699] bus: 'acpi': add device device:11
[    1.871598] device: 'device:12': device_add
[    1.871848] bus: 'acpi': add device device:12
[    1.873768] device: 'device:13': device_add
[    1.874024] bus: 'acpi': add device device:13
[    1.875922] device: 'device:14': device_add
[    1.876084] bus: 'acpi': add device device:14
[    1.878511] device: 'device:15': device_add
[    1.878765] bus: 'acpi': add device device:15
[    1.880651] device: 'device:16': device_add
[    1.880899] bus: 'acpi': add device device:16
[    1.882797] device: 'device:17': device_add
[    1.883057] bus: 'acpi': add device device:17
[    1.884952] device: 'device:18': device_add
[    1.885080] bus: 'acpi': add device device:18
[    1.887487] device: 'device:19': device_add
[    1.887737] bus: 'acpi': add device device:19
[    1.889628] device: 'device:1a': device_add
[    1.889879] bus: 'acpi': add device device:1a
[    1.891766] device: 'device:1b': device_add
[    1.892023] bus: 'acpi': add device device:1b
[    1.894335] device: 'device:1c': device_add
[    1.894587] bus: 'acpi': add device device:1c
[    1.896492] device: 'device:1d': device_add
[    1.896744] bus: 'acpi': add device device:1d
[    1.898662] device: 'device:1e': device_add
[    1.898912] bus: 'acpi': add device device:1e
[    1.901193] device: 'device:1f': device_add
[    1.901444] bus: 'acpi': add device device:1f
[    1.903338] device: 'device:20': device_add
[    1.903589] bus: 'acpi': add device device:20
[    1.905904] device: 'device:21': device_add
[    1.906081] bus: 'acpi': add device device:21
[    1.908058] device: 'device:22': device_add
[    1.908309] bus: 'acpi': add device device:22
[    1.910619] device: 'device:23': device_add
[    1.910876] bus: 'acpi': add device device:23
[    1.913140] device: 'device:24': device_add
[    1.913391] bus: 'acpi': add device device:24
[    1.916014] device: 'device:25': device_add
[    1.916264] bus: 'acpi': add device device:25
[    1.918168] device: 'device:26': device_add
[    1.918419] bus: 'acpi': add device device:26
[    1.920613] device: 'device:27': device_add
[    1.920864] bus: 'acpi': add device device:27
[    1.927377] device: 'device:28': device_add
[    1.927629] bus: 'acpi': add device device:28
[    1.934106] device: 'device:29': device_add
[    1.934355] bus: 'acpi': add device device:29
[    1.936589] device: 'device:2a': device_add
[    1.936841] bus: 'acpi': add device device:2a
[    1.943318] device: 'device:2b': device_add
[    1.943570] bus: 'acpi': add device device:2b
[    1.950163] device: 'device:2c': device_add
[    1.950419] bus: 'acpi': add device device:2c
[    1.953685] device: 'device:2d': device_add
[    1.953938] bus: 'acpi': add device device:2d
[    1.955871] device: 'device:2e': device_add
[    1.956080] bus: 'acpi': add device device:2e
[    1.959497] device: 'device:2f': device_add
[    1.959754] bus: 'acpi': add device device:2f
[    1.961682] device: 'device:30': device_add
[    1.961932] bus: 'acpi': add device device:30
[    1.963986] device: 'device:31': device_add
[    1.964082] bus: 'acpi': add device device:31
[    1.966416] device: 'device:32': device_add
[    1.966664] bus: 'acpi': add device device:32
[    1.969625] device: 'PNP0C0F:00': device_add
[    1.969876] bus: 'acpi': add device PNP0C0F:00
[    1.972911] device: 'PNP0C0F:01': device_add
[    1.973080] bus: 'acpi': add device PNP0C0F:01
[    1.976210] device: 'PNP0C0F:02': device_add
[    1.976463] bus: 'acpi': add device PNP0C0F:02
[    1.979533] device: 'PNP0C0F:03': device_add
[    1.979786] bus: 'acpi': add device PNP0C0F:03
[    1.982861] device: 'PNP0C0F:04': device_add
[    1.983081] bus: 'acpi': add device PNP0C0F:04
[    1.986213] device: 'PNP0C0F:05': device_add
[    1.986465] bus: 'acpi': add device PNP0C0F:05
[    1.989545] device: 'PNP0C0F:06': device_add
[    1.989796] bus: 'acpi': add device PNP0C0F:06
[    1.992884] device: 'PNP0C0F:07': device_add
[    1.993081] bus: 'acpi': add device PNP0C0F:07
[    1.995194] device: 'PNP0200:00': device_add
[    1.995446] bus: 'acpi': add device PNP0200:00
[    1.997425] device: 'PNP0C04:00': device_add
[    1.997675] bus: 'acpi': add device PNP0C04:00
[    1.999616] device: 'PNP0000:00': device_add
[    1.999871] bus: 'acpi': add device PNP0000:00
[    2.001807] device: 'PNP0B00:00': device_add
[    2.002057] bus: 'acpi': add device PNP0B00:00
[    2.004032] device: 'PNP0800:00': device_add
[    2.004285] bus: 'acpi': add device PNP0800:00
[    2.006220] device: 'PNP0100:00': device_add
[    2.006472] bus: 'acpi': add device PNP0100:00
[    2.008412] device: 'PNP0C02:01': device_add
[    2.008667] bus: 'acpi': add device PNP0C02:01
[    2.011139] device: 'PNP0C01:00': device_add
[    2.011390] bus: 'acpi': add device PNP0C01:00
[    2.013981] device: 'PNP0C09:00': device_add
[    2.014080] bus: 'acpi': add device PNP0C09:00
[    2.016862] device: 'ACPI0003:00': device_add
[    2.017081] bus: 'acpi': add device ACPI0003:00
[    2.022120] device: 'PNP0C0A:00': device_add
[    2.022379] bus: 'acpi': add device PNP0C0A:00
[    2.025071] device: 'VPC2004:00': device_add
[    2.025323] bus: 'acpi': add device VPC2004:00
[    2.027351] device: 'PNP0303:00': device_add
[    2.027603] bus: 'acpi': add device PNP0303:00
[    2.031752] device: 'SYN0326:00': device_add
[    2.032013] bus: 'acpi': add device SYN0326:00
[    2.034314] device: 'device:33': device_add
[    2.034565] bus: 'acpi': add device device:33
[    2.036837] device: 'device:34': device_add
[    2.037080] bus: 'acpi': add device device:34
[    2.038972] device: 'device:35': device_add
[    2.039080] bus: 'acpi': add device device:35
