[    0.000000] Linux version 4.7.0-g52ddb7e (z@myzee) (gcc version 6.1.1 20160707 (GCC) ) #15 SMP PREEMPT Mon Aug 8 00:38:07 EEST 2016
[    0.000000] Command line: BOOT_IMAGE=/boot/vmlinuz-linux-git root=UUID=96efaea0-86dc-485a-af36-36706f9f3908 rw root_trim=yes rd.luks.allow-discards ipv6.disable=1 pnp.debug=1 loglevel=9 log_buf_len=10M printk.always_kmsg_dump=y printk.time=y printk.devkmsg=on mminit_loglevel=0 memory_corruption_check=1 nohz=on rcu_nocbs=1-3 fbcon=scrollback:4096k fbcon=font:ProFont6x11 apic=debug dynamic_debug.verbose=1 "dyndbg=file arch/x86/kernel/apic/* +pflmt ; file drivers/video/* +pflmt ; file drivers/input/* -pflmt ; file drivers/acpi/* -pflmt" acpi_backlight=vendor radeon.audio=0 radeon.lockup_timeout=999000 radeon.test=0 radeon.agpmode=-1 radeon.benchmark=0 radeon.tv=0 radeon.hard_reset=1 radeon.msi=1 radeon.pcie_gen2=-1 radeon.no_wb=1 radeon.dynclks=0 radeon.r4xx_atom=0 radeonfb radeon.fastfb=1 radeon.dpm=1 radeon.runpm=1 rd.debug rd.udev.debug rd.memdebug=3 net.ifnames=1 slub_debug=U pax_sanitize_slab=full noefi nolvm dobtrfs console=tty1 earlyprintk=vga CPUunderclocking radeon.modeset=1 audit
[    0.000000] KERNEL supported cpus:
[    0.000000]   AMD AuthenticAMD
[    0.000000] x86/fpu: Legacy x87 FPU detected.
[    0.000000] x86/fpu: Using 'eager' FPU context switches.
[    0.000000] e820: BIOS-provided physical RAM map:
[    0.000000] BIOS-e820: [mem 0x0000000000000000-0x000000000009d7ff] usable
[    0.000000] BIOS-e820: [mem 0x000000000009d800-0x000000000009ffff] reserved
[    0.000000] BIOS-e820: [mem 0x00000000000e0000-0x00000000000fffff] reserved
[    0.000000] BIOS-e820: [mem 0x0000000000100000-0x00000000bed9afff] usable
[    0.000000] BIOS-e820: [mem 0x00000000bed9b000-0x00000000bf39afff] reserved
[    0.000000] BIOS-e820: [mem 0x00000000bf39b000-0x00000000bf49afff] ACPI NVS
[    0.000000] BIOS-e820: [mem 0x00000000bf49b000-0x00000000bf51afff] ACPI data
[    0.000000] BIOS-e820: [mem 0x00000000bf51b000-0x00000000bfdfffff] usable
[    0.000000] BIOS-e820: [mem 0x00000000bfe00000-0x00000000bfffffff] reserved
[    0.000000] BIOS-e820: [mem 0x00000000fec00000-0x00000000fecfffff] reserved
[    0.000000] BIOS-e820: [mem 0x00000000fed80000-0x00000000fed80fff] reserved
[    0.000000] BIOS-e820: [mem 0x00000000ffe00000-0x00000000ffffffff] reserved
[    0.000000] BIOS-e820: [mem 0x0000000100000000-0x000000041effffff] usable
[    0.000000] bootconsole [earlyvga0] enabled
[    0.000000] NX (Execute Disable) protection: active
[    0.000000] SMBIOS 2.6 present.
[    0.000000] DMI: LENOVO Sabine/Torpedo, BIOS 54CN18WW 07/20/2011
[    0.000000] e820: update [mem 0x00000000-0x00000fff] usable ==> reserved
[    0.000000] e820: remove [mem 0x000a0000-0x000fffff] usable
[    0.000000] e820: last_pfn = 0x41f000 max_arch_pfn = 0x400000000
[    0.000000] MTRR default type: uncachable
[    0.000000] MTRR fixed ranges enabled:
[    0.000000]   00000-9FFFF write-back
[    0.000000]   A0000-BFFFF uncachable
[    0.000000]   C0000-FFFFF write-protect
[    0.000000] MTRR variable ranges enabled:
[    0.000000]   0 base 0000000000 mask FF80000000 write-back
[    0.000000]   1 base 0080000000 mask FFC0000000 write-back
[    0.000000]   2 base 00FFF90000 mask FFFFFF0000 uncachable
[    0.000000]   3 base 00FED80000 mask 0FFFFFF000 uncachable
[    0.000000]   4 disabled
[    0.000000]   5 disabled
[    0.000000]   6 disabled
[    0.000000]   7 base 00FFE00000 mask FFFFE00000 write-protect
[    0.000000] TOM2: 000000041f000000 aka 16880M
[    0.000000] x86/PAT: Configuration [0-7]: WB  WC  UC- UC  WB  WC  UC- WT  
[    0.000000] mtrr: your BIOS has configured an incorrect mask, fixing it.
[    0.000000] e820: last_pfn = 0xbfe00 max_arch_pfn = 0x400000000
[    0.000000] Scan for SMP in [mem 0x00000000-0x000003ff]
[    0.000000] Scan for SMP in [mem 0x0009fc00-0x0009ffff]
[    0.000000] Scan for SMP in [mem 0x000f0000-0x000fffff]
[    0.000000] found SMP MP-table at [mem 0x000fa8b0-0x000fa8bf] mapped at [ffffa4fc400fa8b0]
[    0.000000]   mpc: fa8c0-faa24
[    0.000000] Base memory trampoline at [ffffa4fc40097000] 97000 size 24576
[    0.000000] Using GB pages for direct mapping
[    0.000000] BRK [0x203030000, 0x203030fff] PGTABLE
[    0.000000] BRK [0x203031000, 0x203031fff] PGTABLE
[    0.000000] BRK [0x203032000, 0x203032fff] PGTABLE
[    0.000000] BRK [0x203033000, 0x203033fff] PGTABLE
[    0.000000] BRK [0x203034000, 0x203034fff] PGTABLE
[    0.000000] BRK [0x203035000, 0x203035fff] PGTABLE
[    0.000000] log_buf_len: 16777216 bytes
[    0.000000] early log buf free: 2092580(99%)
[    0.000000] RAMDISK: [mem 0x37b83000-0x37db8fff]
[    0.000000] ACPI: Early table checksum verification disabled
[    0.000000] ACPI: RSDP 0x00000000000F0110 000024 (v02 LENOVO)
[    0.000000] ACPI: XSDT 0x00000000BF51A120 000074 (v01 LENOVO CB-01    00000001 LENO 00000001)
[    0.000000] ACPI: FACP 0x00000000BF508000 0000F4 (v04 LENOVO CB-01    00000001 PTL  00000001)
[    0.000000] ACPI: DSDT 0x00000000BF50A000 00FD10 (v01 LENOVO CB-01    00001000 LENO 00000001)
[    0.000000] ACPI: FACS 0x00000000BF478000 000040
[    0.000000] ACPI: FACS 0x00000000BF478000 000040
[    0.000000] ACPI: HPET 0x00000000BF507000 000038 (v01 LENOVO CB-01    00000001 PTL  00000001)
[    0.000000] ACPI: APIC 0x00000000BF506000 00007A (v02 LENOVO CB-01    00000001 PTL  00000001)
[    0.000000] ACPI: MCFG 0x00000000BF505000 00003C (v01 LENOVO CB-01    00000001 PTL  00000001)
[    0.000000] ACPI: SLIC 0x00000000BF504000 000176 (v01 LENOVO CB-01    00000001 LENO 00000001)
[    0.000000] ACPI: UEFI 0x00000000BF503000 00003E (v01 LENOVO CB-01    00000001 PTL  00000001)
[    0.000000] ACPI: UEFI 0x00000000BF502000 000042 (v01 PTL    COMBUF   00000001 PTL  00000001)
[    0.000000] ACPI: SSDT 0x00000000BF501000 000E34 (v01 AMD    POWERNOW 00000001 AMD  00000001)
[    0.000000] ACPI: SSDT 0x00000000BF4FF000 00193D (v02 AMD    ALIB     00000001 MSFT 04000000)
[    0.000000] ACPI: UEFI 0x00000000BF4FE000 0001DE (v01 LENOVO CB-01    00000001 PTL  00000001)
[    0.000000] ACPI: Local APIC address 0xfee00000
[    0.000000] mapped APIC to ffffffffff7fc000 (        fee00000)
[    0.000000] No NUMA configuration found
[    0.000000] Faking a node at [mem 0x0000000000000000-0x000000041effffff]
[    0.000000] NODE_DATA(0) allocated [mem 0x41dff8000-0x41dffbfff]
[    0.000000] Zone ranges:
[    0.000000]   DMA      [mem 0x0000000000001000-0x0000000000ffffff]
[    0.000000]   DMA32    [mem 0x0000000001000000-0x00000000ffffffff]
[    0.000000]   Normal   [mem 0x0000000100000000-0x000000041effffff]
[    0.000000] Movable zone start for each node
[    0.000000] Early memory node ranges
[    0.000000]   node   0: [mem 0x0000000000001000-0x000000000009cfff]
[    0.000000]   node   0: [mem 0x0000000000100000-0x00000000bed9afff]
[    0.000000]   node   0: [mem 0x00000000bf51b000-0x00000000bfdfffff]
[    0.000000]   node   0: [mem 0x0000000100000000-0x000000041effffff]
[    0.000000] Initmem setup node 0 [mem 0x0000000000001000-0x000000041effffff]
[    0.000000] On node 0 totalpages: 4056604
[    0.000000]   DMA zone: 64 pages used for memmap
[    0.000000]   DMA zone: 21 pages reserved
[    0.000000]   DMA zone: 3996 pages, LIFO batch:0
[    0.000000]   DMA32 zone: 12186 pages used for memmap
[    0.000000]   DMA32 zone: 779904 pages, LIFO batch:31
[    0.000000]   Normal zone: 51136 pages used for memmap
[    0.000000]   Normal zone: 3272704 pages, LIFO batch:31
[    0.000000] ACPI: PM-Timer IO Port: 0x808
[    0.000000] ACPI: Local APIC address 0xfee00000
[    0.000000] mapped APIC to ffffffffff7fc000 (        fee00000)
[    0.000000] ACPI: LAPIC (acpi_id[0x00] lapic_id[0x00] enabled)
[    0.000000] ACPI: LAPIC (acpi_id[0x01] lapic_id[0x01] enabled)
[    0.000000] ACPI: LAPIC (acpi_id[0x02] lapic_id[0x02] enabled)
[    0.000000] ACPI: LAPIC (acpi_id[0x03] lapic_id[0x03] enabled)
[    0.000000] ACPI: LAPIC_NMI (acpi_id[0x00] high edge lint[0x1])
[    0.000000] ACPI: LAPIC_NMI (acpi_id[0x01] high edge lint[0x1])
[    0.000000] ACPI: LAPIC_NMI (acpi_id[0x02] high edge lint[0x1])
[    0.000000] ACPI: LAPIC_NMI (acpi_id[0x03] high edge lint[0x1])
[    0.000000] ACPI: IOAPIC (id[0x02] address[0xfec00000] gsi_base[0])
[    0.000000] IOAPIC[0]: apic_id 2, version 33, address 0xfec00000, GSI 0-23
[    0.000000] ACPI: INT_SRC_OVR (bus 0 bus_irq 0 global_irq 2 dfl dfl)
[    0.000000] Int: type 0, pol 0, trig 0, bus 00, IRQ 00, APIC ID 2, APIC INT 02
[    0.000000] Int: type 0, pol 3, trig 3, bus 00, IRQ 09, APIC ID 2, APIC INT 09
[    0.000000] ACPI: IRQ0 used by override.
[    0.000000] Int: type 0, pol 0, trig 0, bus 00, IRQ 01, APIC ID 2, APIC INT 01
[    0.000000] Int: type 0, pol 0, trig 0, bus 00, IRQ 03, APIC ID 2, APIC INT 03
[    0.000000] Int: type 0, pol 0, trig 0, bus 00, IRQ 04, APIC ID 2, APIC INT 04
[    0.000000] Int: type 0, pol 0, trig 0, bus 00, IRQ 05, APIC ID 2, APIC INT 05
[    0.000000] Int: type 0, pol 0, trig 0, bus 00, IRQ 06, APIC ID 2, APIC INT 06
[    0.000000] Int: type 0, pol 0, trig 0, bus 00, IRQ 07, APIC ID 2, APIC INT 07
[    0.000000] Int: type 0, pol 0, trig 0, bus 00, IRQ 08, APIC ID 2, APIC INT 08
[    0.000000] ACPI: IRQ9 used by override.
[    0.000000] Int: type 0, pol 0, trig 0, bus 00, IRQ 0a, APIC ID 2, APIC INT 0a
[    0.000000] Int: type 0, pol 0, trig 0, bus 00, IRQ 0b, APIC ID 2, APIC INT 0b
[    0.000000] Int: type 0, pol 0, trig 0, bus 00, IRQ 0c, APIC ID 2, APIC INT 0c
[    0.000000] Int: type 0, pol 0, trig 0, bus 00, IRQ 0d, APIC ID 2, APIC INT 0d
[    0.000000] Int: type 0, pol 0, trig 0, bus 00, IRQ 0e, APIC ID 2, APIC INT 0e
[    0.000000] Int: type 0, pol 0, trig 0, bus 00, IRQ 0f, APIC ID 2, APIC INT 0f
[    0.000000] Using ACPI (MADT) for SMP configuration information
[    0.000000] ACPI: HPET id: 0x43538210 base: 0xfed00000
[    0.000000] smpboot: Allowing 4 CPUs, 0 hotplug CPUs
[    0.000000] mapped IOAPIC to ffffffffff7fb000 (fec00000)
[    0.000000] e820: [mem 0xc0000000-0xfebfffff] available for PCI devices
[    0.000000] clocksource: refined-jiffies: mask: 0xffffffff max_cycles: 0xffffffff, max_idle_ns: 1910969940391419 ns
[    0.000000] setup_percpu: NR_CPUS:64 nr_cpumask_bits:64 nr_cpu_ids:4 nr_node_ids:1
[    0.000000] percpu: Embedded 33 pages/cpu @ffffa5005dc00000 s95832 r8192 d31144 u524288
[    0.000000] pcpu-alloc: s95832 r8192 d31144 u524288 alloc=1*2097152
[    0.000000] pcpu-alloc: [0] 0 1 2 3 
[    0.000000] Built 1 zonelists in Node order, mobility grouping on.  Total pages: 3993197
[    0.000000] Policy zone: Normal
[    0.000000] Kernel command line: BOOT_IMAGE=/boot/vmlinuz-linux-git root=UUID=96efaea0-86dc-485a-af36-36706f9f3908 rw root_trim=yes rd.luks.allow-discards ipv6.disable=1 pnp.debug=1 loglevel=9 log_buf_len=10M printk.always_kmsg_dump=y printk.time=y printk.devkmsg=on mminit_loglevel=0 memory_corruption_check=1 nohz=on rcu_nocbs=1-3 fbcon=scrollback:4096k fbcon=font:ProFont6x11 apic=debug dynamic_debug.verbose=1 "dyndbg=file arch/x86/kernel/apic/* +pflmt ; file drivers/video/* +pflmt ; file drivers/input/* -pflmt ; file drivers/acpi/* -pflmt" acpi_backlight=vendor radeon.audio=0 radeon.lockup_timeout=999000 radeon.test=0 radeon.agpmode=-1 radeon.benchmark=0 radeon.tv=0 radeon.hard_reset=1 radeon.msi=1 radeon.pcie_gen2=-1 radeon.no_wb=1 radeon.dynclks=0 radeon.r4xx_atom=0 radeonfb radeon.fastfb=1 radeon.dpm=1 radeon.runpm=1 rd.debug rd.udev.debug rd.memdebug=3 net.ifnames=1 slub_debug=U pax_sanitize_slab=full noefi nolvm dobtrfs console=tty1 earlyprintk=vga CPUunderclocking radeon.modeset=1 
[    0.000000] PCIe ASPM is disabled
[    0.000000] PID hash table entries: 4096 (order: 3, 32768 bytes)
[    0.000000] Memory: 15870368K/16226416K available (7820K kernel code, 740K rwdata, 3032K rodata, 880K init, 2628K bss, 356048K reserved, 0K cma-reserved)
[    0.000000] SLUB: HWalign=64, Order=0-3, MinObjects=0, CPUs=4, Nodes=1
[    0.000000] Preemptible hierarchical RCU implementation.
[    0.000000] 	Build-time adjustment of leaf fanout to 64.
[    0.000000] 	RCU restricting CPUs from NR_CPUS=64 to nr_cpu_ids=4.
[    0.000000] RCU: Adjusting geometry for rcu_fanout_leaf=64, nr_cpu_ids=4
[    0.000000] NR_IRQS:4352 nr_irqs:456 16
[    0.000000] spurious 8259A interrupt: IRQ7.
[    0.000000] vgacon: allocated 4194304 bytes of memory for scrollback. CONFIG_VGACON_SOFT_SCROLLBACK_SIZE=4096
[    0.000000] Console: colour VGA+ 80x25
[    0.000000] console [tty1] enabled
[    0.000000] bootconsole [earlyvga0] disabled
[    0.000000] clocksource: hpet: mask: 0xffffffff max_cycles: 0xffffffff, max_idle_ns: 133484873504 ns
[    0.000000] hpet clockevent registered
[    0.000000] tsc: Fast TSC calibration using PIT
[    0.000000] tsc: Detected 1397.545 MHz processor
[    0.000047] Calibrating delay loop (skipped), value calculated using timer frequency.. 2795.09 BogoMIPS (lpj=1397545)
[    0.000255] pid_max: default: 32768 minimum: 301
[    0.000461] ACPI: Core revision 20160422
[    0.000648] ACPI: acpi_os_initialize: map reset_reg status 0
[    0.254662] random: fast init done
[    0.906915] ACPI: 3 ACPI AML tables successfully acquired and loaded

[    0.907493] Security Framework initialized
[    0.909418] Dentry cache hash table entries: 2097152 (order: 12, 16777216 bytes)
[    0.916366] Inode-cache hash table entries: 1048576 (order: 11, 8388608 bytes)
[    0.919576] Mount-cache hash table entries: 32768 (order: 6, 262144 bytes)
[    0.919790] Mountpoint-cache hash table entries: 32768 (order: 6, 262144 bytes)
[    0.922681] [Firmware Info]: CPU: 'AMD A6-3400M APU with Radeon(tm) HD Graphics' has AMD errata 665 Integer Divide Instruction May Cause Unpredictable Behavior.'
[    0.922956] [Firmware Info]: CPU: Double-checked CPU type. 'AMD A6-3400M APU with Radeon(tm) HD Graphics'
[    0.923134] [Firmware Info]: CPU: Setting workaround for 665...(set 'no665wo' in /proc/cmdline to disable)
[    0.923314] CPU: Physical Processor ID: 0
[    0.923442] CPU: Processor Core ID: 0
[    0.923579] mce: CPU supports 6 MCE banks
[    0.923745] Last level iTLB entries: 4KB 512, 2MB 16, 4MB 8
[    0.923923] Last level dTLB entries: 4KB 1024, 2MB 128, 4MB 64, 1GB 0
[    0.924408] Freeing SMP alternatives memory: 28K (ffffffff89197000 - ffffffff8919e000)
[    0.925345] smpboot: Max logical packages: 1
[    0.925522] smpboot: APIC(0) Converting physical 0 to logical package 0
[    0.925675] enabled ExtINT on CPU#0
[    0.925977] ENABLING IO-APIC IRQs
[    0.926117] init IO_APIC IRQs
[    0.926244]  apic 2 pin 0 not connected
[    0.926415] IOAPIC[0]: Set routing entry (2-1 -> 0x31 -> IRQ 1 Mode:0 Active:0 Dest:1)
[    0.926698] IOAPIC[0]: Set routing entry (2-2 -> 0x30 -> IRQ 0 Mode:0 Active:0 Dest:1)
[    0.926910] IOAPIC[0]: Set routing entry (2-3 -> 0x33 -> IRQ 3 Mode:0 Active:0 Dest:1)
[    0.927121] IOAPIC[0]: Set routing entry (2-4 -> 0x34 -> IRQ 4 Mode:0 Active:0 Dest:1)
[    0.927332] IOAPIC[0]: Set routing entry (2-5 -> 0x35 -> IRQ 5 Mode:0 Active:0 Dest:1)
[    0.927543] IOAPIC[0]: Set routing entry (2-6 -> 0x36 -> IRQ 6 Mode:0 Active:0 Dest:1)
[    0.927811] IOAPIC[0]: Set routing entry (2-7 -> 0x37 -> IRQ 7 Mode:0 Active:0 Dest:1)
[    0.928023] IOAPIC[0]: Set routing entry (2-8 -> 0x38 -> IRQ 8 Mode:0 Active:0 Dest:1)
[    0.928236] IOAPIC[0]: Set routing entry (2-9 -> 0x39 -> IRQ 9 Mode:1 Active:1 Dest:1)
[    0.928437] IOAPIC[0]: Set routing entry (2-10 -> 0x3a -> IRQ 10 Mode:0 Active:0 Dest:1)
[    0.928635] IOAPIC[0]: Set routing entry (2-11 -> 0x3b -> IRQ 11 Mode:0 Active:0 Dest:1)
[    0.928832] IOAPIC[0]: Set routing entry (2-12 -> 0x3c -> IRQ 12 Mode:0 Active:0 Dest:1)
[    0.929027] IOAPIC[0]: Set routing entry (2-13 -> 0x3d -> IRQ 13 Mode:0 Active:0 Dest:1)
[    0.929223] IOAPIC[0]: Set routing entry (2-14 -> 0x3e -> IRQ 14 Mode:0 Active:0 Dest:1)
[    0.929417] IOAPIC[0]: Set routing entry (2-15 -> 0x3f -> IRQ 15 Mode:0 Active:0 Dest:1)
[    0.929577]  apic 2 pin 16 not connected
[    0.929697]  apic 2 pin 17 not connected
[    0.929817]  apic 2 pin 18 not connected
[    0.929938]  apic 2 pin 19 not connected
[    0.930058]  apic 2 pin 20 not connected
[    0.930179]  apic 2 pin 21 not connected
[    0.930299]  apic 2 pin 22 not connected
[    0.930419]  apic 2 pin 23 not connected
[    0.930717] ..TIMER: vector=0x30 apic1=0 pin1=2 apic2=-1 pin2=-1
[    0.940843] Using local APIC timer interrupts.
               calibrating APIC timer ...
[    1.042590] ... lapic delta = 1247732
[    1.042718] ... PM-Timer delta = 357955
[    1.042847] ... PM-Timer result ok
[    1.042975] ..... delta 1247732
[    1.043103] ..... mult: 53589681
[    1.043231] ..... calibration result: 199637
[    1.043359] ..... CPU clock speed is 1397.0461 MHz.
[    1.043490] ..... host bus clock speed is 199.0637 MHz.
[    1.043585] smpboot: CPU0: AMD A6-3400M APU with Radeon(tm) HD Graphics (family: 0x12, model: 0x1, stepping: 0x0)
[    1.043913] Performance Events: AMD PMU driver.
[    1.044080] ... version:                0
[    1.044208] ... bit width:              48
[    1.044336] ... generic registers:      4
[    1.044464] ... value mask:             0000ffffffffffff
[    1.044596] ... max period:             00007fffffffffff
[    1.044724] ... fixed-purpose events:   0
[    1.044851] ... event mask:             000000000000000f
[    1.050620] dynamic_debug:ddebug_add_module: 2 debug prints in module main
[    1.050821] dynamic_debug:ddebug_add_module: 1 debug prints in module initramfs
[    1.050998] dynamic_debug:ddebug_add_module: 3 debug prints in module ibs
[    1.051130] dynamic_debug:ddebug_add_module: 1 debug prints in module common
[    1.051269] dynamic_debug:ddebug_add_module: 1 debug prints in module amd
[    1.051402] dynamic_debug:ddebug_add_module: 2 debug prints in module main
[    1.051536] dynamic_debug:ddebug_add_module: 7 debug prints in module generic
[    1.051676] dynamic_debug:ddebug_add_module: 15 debug prints in module cleanup
[    1.051854] dynamic_debug:ddebug_add_module: 8 debug prints in module microcode
[    1.052031] dynamic_debug:ddebug_add_module: 3 debug prints in module boot
[    1.052167] dynamic_debug:ddebug_add_module: 22 debug prints in module smpboot
[    1.052342] dynamic_debug:ddebug_add_module: 1 debug prints in module tsc_sync
[    1.052504] dynamic_debug:ddebug_add_module: 2 debug prints in module setup_percpu
[    1.052672] dynamic_debug:ddebug_add_module: 30 debug prints in module vector
[    1.052797] dynamic_debug:ddebug_add_module: 2 debug prints in module init
[    1.052922] dynamic_debug:ddebug_add_module: 6 debug prints in module init_64
[    1.053046] dynamic_debug:ddebug_add_module: 1 debug prints in module numa
[    1.053170] dynamic_debug:ddebug_add_module: 4 debug prints in module params
[    1.053295] dynamic_debug:ddebug_add_module: 4 debug prints in module async
[    1.053419] dynamic_debug:ddebug_add_module: 1 debug prints in module manage
[    1.053545] dynamic_debug:ddebug_add_module: 14 debug prints in module irqdomain
[    1.053714] dynamic_debug:ddebug_add_module: 2 debug prints in module msi
[    1.053839] dynamic_debug:ddebug_add_module: 2 debug prints in module freezer
[    1.053966] dynamic_debug:ddebug_add_module: 19 debug prints in module module
[    1.054091] dynamic_debug:ddebug_add_module: 1 debug prints in module cgroup
[    1.054215] dynamic_debug:ddebug_add_module: 6 debug prints in module mempolicy
[    1.054381] dynamic_debug:ddebug_add_module: 1 debug prints in module sparse_vmemmap
[    1.054543] dynamic_debug:ddebug_add_module: 1 debug prints in module vmpressure
[    1.054708] dynamic_debug:ddebug_add_module: 1 debug prints in module fsnotify
[    1.054871] dynamic_debug:ddebug_add_module: 2 debug prints in module notification
[    1.055039] dynamic_debug:ddebug_add_module: 1 debug prints in module inotify_fsnotify
[    1.055206] dynamic_debug:ddebug_add_module: 5 debug prints in module inotify_user
[    1.055373] dynamic_debug:ddebug_add_module: 6 debug prints in module fanotify
[    1.055541] dynamic_debug:ddebug_add_module: 13 debug prints in module fanotify_user
[    1.055714] dynamic_debug:ddebug_add_module: 20 debug prints in module aio
[    1.055849] dynamic_debug:ddebug_add_module: 14 debug prints in module binfmt_misc
[    1.056021] dynamic_debug:ddebug_add_module: 2 debug prints in module mount
[    1.056149] dynamic_debug:ddebug_add_module: 1 debug prints in module dir
[    1.056275] dynamic_debug:ddebug_add_module: 8 debug prints in module configfs
[    1.056437] dynamic_debug:ddebug_add_module: 1 debug prints in module debugfs
[    1.056567] dynamic_debug:ddebug_add_module: 22 debug prints in module btrfs
[    1.056694] dynamic_debug:ddebug_add_module: 2 debug prints in module ramoops
[    1.056819] dynamic_debug:ddebug_add_module: 1 debug prints in module inode
[    1.056944] dynamic_debug:ddebug_add_module: 6 debug prints in module asymmetric_keys
[    1.057112] dynamic_debug:ddebug_add_module: 13 debug prints in module x509_key_parser
[    1.057287] dynamic_debug:ddebug_add_module: 13 debug prints in module efi
[    1.057418] dynamic_debug:ddebug_add_module: 1 debug prints in module decompress
[    1.057588] dynamic_debug:ddebug_add_module: 10 debug prints in module kobject
[    1.057754] dynamic_debug:ddebug_add_module: 6 debug prints in module kobject_uevent
[    1.057917] dynamic_debug:ddebug_add_module: 1 debug prints in module list_sort
[    1.058080] dynamic_debug:ddebug_add_module: 1 debug prints in module percpu_refcount
[    1.058244] dynamic_debug:ddebug_add_module: 11 debug prints in module asn1_decoder
[    1.058407] dynamic_debug:ddebug_add_module: 5 debug prints in module probe
[    1.058535] dynamic_debug:ddebug_add_module: 4 debug prints in module pci
[    1.058671] dynamic_debug:ddebug_add_module: 1 debug prints in module pci_driver
[    1.058843] dynamic_debug:ddebug_add_module: 3 debug prints in module slot
[    1.058972] dynamic_debug:ddebug_add_module: 3 debug prints in module quirks
[    1.059097] dynamic_debug:ddebug_add_module: 2 debug prints in module pme
[    1.059221] dynamic_debug:ddebug_add_module: 1 debug prints in module pci_hotplug
[    1.061293] dynamic_debug:ddebug_add_module: 12 debug prints in module acpiphp
[    1.061452] dynamic_debug:ddebug_add_module: 1 debug prints in module htirq
[    1.061576] dynamic_debug:ddebug_add_module: 1 debug prints in module pci_acpi
[    1.061749] dynamic_debug:ddebug_add_module: 3 debug prints in module backlight
[    1.061919] dynamic_debug:ddebug_add_module: 4 debug prints in module fb
[    1.062048] dynamic_debug:ddebug_add_module: 7 debug prints in module tables
[    1.062180] dynamic_debug:ddebug_add_module: 48 debug prints in module acpi
[    1.062305] dynamic_debug:ddebug_add_module: 3 debug prints in module fan
[    1.062429] dynamic_debug:ddebug_add_module: 1 debug prints in module video
[    1.062553] dynamic_debug:ddebug_add_module: 4 debug prints in module pci_slot
[    1.062715] dynamic_debug:ddebug_add_module: 7 debug prints in module processor
[    1.062878] dynamic_debug:ddebug_add_module: 4 debug prints in module pnp
[    1.063008] dynamic_debug:ddebug_add_module: 3 debug prints in module acpi_dma
[    1.063173] dynamic_debug:ddebug_add_module: 11 debug prints in module core
[    1.063302] dynamic_debug:ddebug_add_module: 1 debug prints in module fixed
[    1.063434] dynamic_debug:ddebug_add_module: 6 debug prints in module virtual
[    1.063566] dynamic_debug:ddebug_add_module: 3 debug prints in module lp3971
[    1.063695] dynamic_debug:ddebug_add_module: 3 debug prints in module lp3972
[    1.063820] dynamic_debug:ddebug_add_module: 6 debug prints in module tty_io
[    1.063945] dynamic_debug:ddebug_add_module: 1 debug prints in module vt_ioctl
[    1.064104] dynamic_debug:ddebug_add_module: 5 debug prints in module serial_core
[    1.064263] dynamic_debug:ddebug_add_module: 4 debug prints in module 8250
[    1.064388] dynamic_debug:ddebug_add_module: 5 debug prints in module 8250_base
[    1.064547] dynamic_debug:ddebug_add_module: 1 debug prints in module tpm
[    1.064681] dynamic_debug:ddebug_add_module: 10 debug prints in module tpm_tis_core
[    1.064843] dynamic_debug:ddebug_add_module: 2 debug prints in module dmar
[    1.064974] dynamic_debug:ddebug_add_module: 3 debug prints in module drm
[    1.065098] dynamic_debug:ddebug_add_module: 3 debug prints in module ttm
[    1.065226] dynamic_debug:ddebug_add_module: 2 debug prints in module radeon
[    1.065355] dynamic_debug:ddebug_add_module: 17 debug prints in module vgaarb
[    1.065485] dynamic_debug:ddebug_add_module: 7 debug prints in module component
[    1.065661] dynamic_debug:ddebug_add_module: 11 debug prints in module core
[    1.065791] dynamic_debug:ddebug_add_module: 9 debug prints in module bus
[    1.065920] dynamic_debug:ddebug_add_module: 17 debug prints in module dd
[    1.066046] dynamic_debug:ddebug_add_module: 5 debug prints in module class
[    1.066171] dynamic_debug:ddebug_add_module: 4 debug prints in module platform
[    1.066334] dynamic_debug:ddebug_add_module: 7 debug prints in module firmware_class
[    1.066497] dynamic_debug:ddebug_add_module: 1 debug prints in module regmap
[    1.066624] dynamic_debug:ddebug_add_module: 7 debug prints in module regcache
[    1.066787] dynamic_debug:ddebug_add_module: 1 debug prints in module regcache_lzo
[    1.066959] dynamic_debug:ddebug_add_module: 1 debug prints in module dma_buf
[    1.067084] dynamic_debug:ddebug_add_module: 3 debug prints in module scsi_mod
[    1.067246] dynamic_debug:ddebug_add_module: 2 debug prints in module libphy
[    1.067374] dynamic_debug:ddebug_add_module: 1 debug prints in module r8169
[    1.067512] dynamic_debug:ddebug_add_module: 98 debug prints in module cdrom
[    1.067664] dynamic_debug:ddebug_add_module: 150 debug prints in module usbcore
[    1.067831] dynamic_debug:ddebug_add_module: 5 debug prints in module phy
[    1.067960] dynamic_debug:ddebug_add_module: 10 debug prints in module pci_quirks
[    1.068133] dynamic_debug:ddebug_add_module: 55 debug prints in module ehci_hcd
[    1.068295] dynamic_debug:ddebug_add_module: 2 debug prints in module ehci_pci
[    1.068479] dynamic_debug:ddebug_add_module: 46 debug prints in module ohci_hcd
[    1.068702] dynamic_debug:ddebug_add_module: 263 debug prints in module xhci_hcd
[    1.068910] dynamic_debug:ddebug_add_module: 3 debug prints in module xhci_pci
[    1.069074] dynamic_debug:ddebug_add_module: 10 debug prints in module usb_storage
[    1.069236] dynamic_debug:ddebug_add_module: 1 debug prints in module ums_realtek
[    1.069402] dynamic_debug:ddebug_add_module: 6 debug prints in module input_core
[    1.069566] dynamic_debug:ddebug_add_module: 4 debug prints in module atkbd
[    1.069702] dynamic_debug:ddebug_add_module: 15 debug prints in module psmouse
[    1.069875] dynamic_debug:ddebug_add_module: 7 debug prints in module rtc_core
[    1.070048] dynamic_debug:ddebug_add_module: 5 debug prints in module rtc_cmos
[    1.070213] dynamic_debug:ddebug_add_module: 1 debug prints in module i2c_boardinfo
[    1.070378] dynamic_debug:ddebug_add_module: 20 debug prints in module i2c_core
[    1.070541] dynamic_debug:ddebug_add_module: 2 debug prints in module i2c_smbus
[    1.070707] dynamic_debug:ddebug_add_module: 17 debug prints in module i2c_algo_bit
[    1.070871] dynamic_debug:ddebug_add_module: 11 debug prints in module power_supply
[    1.071033] dynamic_debug:ddebug_add_module: 1 debug prints in module hwmon
[    1.071164] dynamic_debug:ddebug_add_module: 9 debug prints in module thermal_sys
[    1.071335] dynamic_debug:ddebug_add_module: 43 debug prints in module cpufreq
[    1.071503] dynamic_debug:ddebug_add_module: 9 debug prints in module freq_table
[    1.071673] dynamic_debug:ddebug_add_module: 2 debug prints in module cpufreq_stats
[    1.071840] dynamic_debug:ddebug_add_module: 1 debug prints in module cpufreq_performance
[    1.072010] dynamic_debug:ddebug_add_module: 22 debug prints in module acpi_cpufreq
[    1.072172] dynamic_debug:ddebug_add_module: 3 debug prints in module dmi_scan
[    1.072344] dynamic_debug:ddebug_add_module: 1 debug prints in module hid
[    1.072477] dynamic_debug:ddebug_add_module: 8 debug prints in module usbhid
[    1.072608] dynamic_debug:ddebug_add_module: 2 debug prints in module i386
[    1.072732] dynamic_debug:ddebug_add_module: 2 debug prints in module fixup
[    1.072862] dynamic_debug:ddebug_add_module: 7 debug prints in module irq
[    1.072987] dynamic_debug:ddebug_add_module: 1 debug prints in module sock
[    1.073115] dynamic_debug:ddebug_add_module: 17 debug prints in module dev
[    1.073240] dynamic_debug:ddebug_add_module: 2 debug prints in module sch_api
[    1.073365] dynamic_debug:ddebug_add_module: 1 debug prints in module act_api
[    1.073490] dynamic_debug:ddebug_add_module: 1 debug prints in module route
[    1.073627] dynamic_debug:ddebug_add_module: 1 debug prints in module ip_fragment
[    1.073792] dynamic_debug:ddebug_add_module: 1 debug prints in module ip_output
[    1.073955] dynamic_debug:ddebug_add_module: 1 debug prints in module tcp
[    1.074083] dynamic_debug:ddebug_add_module: 5 debug prints in module tcp_input
[    1.074255] dynamic_debug:ddebug_add_module: 3 debug prints in module tcp_output
[    1.074427] dynamic_debug:ddebug_add_module: 2 debug prints in module tcp_timer
[    1.074594] dynamic_debug:ddebug_add_module: 1 debug prints in module tcp_ipv4
[    1.074756] dynamic_debug:ddebug_add_module: 1 debug prints in module tcp_cong
[    1.074919] dynamic_debug:ddebug_add_module: 8 debug prints in module udp
[    1.075043] dynamic_debug:ddebug_add_module: 1 debug prints in module arp
[    1.075167] dynamic_debug:ddebug_add_module: 2 debug prints in module icmp
[    1.075292] dynamic_debug:ddebug_add_module: 1 debug prints in module devinet
[    1.075417] dynamic_debug:ddebug_add_module: 8 debug prints in module fib_trie
[    1.075588] dynamic_debug:ddebug_add_module: 1 debug prints in module inet_fragment
[    1.075763] dynamic_debug:ddebug_add_module: 24 debug prints in module ping
[    1.075893] dynamic_debug:ddebug_add_module: 1 debug prints in module sysctl_net_ipv4
[    1.076059] dynamic_debug:ddebug_add_module: 2 debug prints in module ip6_checksum
[    1.076217] dynamic_debug:dynamic_debug_init: 158 modules, 1525 entries and 6320 bytes in ddebug tables, 122011 bytes in (readonly) verbose section
[    1.076387] dynamic_debug:ddebug_dyndbg_boot_param_cb: BOOT_IMAGE="/boot/vmlinuz-linux-git"
[    1.076545] dynamic_debug:ddebug_dyndbg_boot_param_cb: root="UUID=96efaea0-86dc-485a-af36-36706f9f3908"
[    1.076705] dynamic_debug:ddebug_dyndbg_boot_param_cb: rw="(null)"
[    1.076824] dynamic_debug:ddebug_dyndbg_boot_param_cb: root_trim="yes"
[    1.076943] dynamic_debug:ddebug_dyndbg_boot_param_cb: rd.luks.allow-discards="(null)"
[    1.077104] dynamic_debug:ddebug_dyndbg_boot_param_cb: ipv6.disable="1"
[    1.077227] dynamic_debug:ddebug_dyndbg_boot_param_cb: pnp.debug="1"
[    1.077346] dynamic_debug:ddebug_dyndbg_boot_param_cb: loglevel="9"
[    1.077465] dynamic_debug:ddebug_dyndbg_boot_param_cb: log_buf_len="10M"
[    1.077589] dynamic_debug:ddebug_dyndbg_boot_param_cb: printk.always_kmsg_dump="y"
[    1.077752] dynamic_debug:ddebug_dyndbg_boot_param_cb: printk.time="y"
[    1.077876] dynamic_debug:ddebug_dyndbg_boot_param_cb: printk.devkmsg="on"
[    1.077996] dynamic_debug:ddebug_dyndbg_boot_param_cb: mminit_loglevel="0"
[    1.078115] dynamic_debug:ddebug_dyndbg_boot_param_cb: memory_corruption_check="1"
[    1.078269] dynamic_debug:ddebug_dyndbg_boot_param_cb: nohz="on"
[    1.078388] dynamic_debug:ddebug_dyndbg_boot_param_cb: rcu_nocbs="1-3"
[    1.078458] dynamic_debug:ddebug_dyndbg_boot_param_cb: fbcon="scrollback:4096k"
[    1.078612] dynamic_debug:ddebug_dyndbg_boot_param_cb: fbcon="font:ProFont6x11"
[    1.080527] dynamic_debug:ddebug_dyndbg_boot_param_cb: apic="debug"
[    1.080653] dynamic_debug:ddebug_dyndbg_boot_param_cb: dynamic_debug.verbose="1"
[    1.080813] dynamic_debug:ddebug_dyndbg_boot_param_cb: dyndbg="file arch/x86/kernel/apic/* +pflmt ; file drivers/video/* +pflmt ; file drivers/input/* -pflmt ; file drivers/acpi/* -pflmt"
[    1.081019] dynamic_debug:ddebug_exec_queries: query 0: "file arch/x86/kernel/apic/* +pflmt "
[    1.081173] dynamic_debug:ddebug_tokenize: split into words: "file" "arch/x86/kernel/apic/*" "+pflmt"
[    1.081451] dynamic_debug:ddebug_parse_flags: op='+'
[    1.081521] dynamic_debug:ddebug_parse_flags: flags=0x1f
[    1.081641] dynamic_debug:ddebug_parse_flags: *flagsp=0x1f *maskp=0xffffffff
[    1.081761] dynamic_debug:vpr_info_dq: parsed: func="" file="arch/x86/kernel/apic/*" module="" format="" lineno=0-0
[    1.081938] dynamic_debug:ddebug_change: changed arch/x86/kernel/apic/vector.c:919 [vector]print_PIC =pmflt
[    1.082103] dynamic_debug:ddebug_change: changed arch/x86/kernel/apic/vector.c:916 [vector]print_PIC =pmflt
[    1.082273] dynamic_debug:ddebug_change: changed arch/x86/kernel/apic/vector.c:906 [vector]print_PIC =pmflt
[    1.082441] dynamic_debug:ddebug_change: changed arch/x86/kernel/apic/vector.c:903 [vector]print_PIC =pmflt
[    1.082607] dynamic_debug:ddebug_change: changed arch/x86/kernel/apic/vector.c:898 [vector]print_PIC =pmflt
[    1.082770] dynamic_debug:ddebug_change: changed arch/x86/kernel/apic/vector.c:868 [vector]print_local_APIC =pmflt
[    1.082933] dynamic_debug:ddebug_change: changed arch/x86/kernel/apic/vector.c:865 [vector]print_local_APIC =pmflt
[    1.083097] dynamic_debug:ddebug_change: changed arch/x86/kernel/apic/vector.c:863 [vector]print_local_APIC =pmflt
[    1.083261] dynamic_debug:ddebug_change: changed arch/x86/kernel/apic/vector.c:858 [vector]print_local_APIC =pmflt
[    1.083425] dynamic_debug:ddebug_change: changed arch/x86/kernel/apic/vector.c:856 [vector]print_local_APIC =pmflt
[    1.083593] dynamic_debug:ddebug_change: changed arch/x86/kernel/apic/vector.c:854 [vector]print_local_APIC =pmflt
[    1.083757] dynamic_debug:ddebug_change: changed arch/x86/kernel/apic/vector.c:850 [vector]print_local_APIC =pmflt
[    1.083930] dynamic_debug:ddebug_change: changed arch/x86/kernel/apic/vector.c:845 [vector]print_local_APIC =pmflt
[    1.084102] dynamic_debug:ddebug_change: changed arch/x86/kernel/apic/vector.c:843 [vector]print_local_APIC =pmflt
[    1.084269] dynamic_debug:ddebug_change: changed arch/x86/kernel/apic/vector.c:840 [vector]print_local_APIC =pmflt
[    1.084433] dynamic_debug:ddebug_change: changed arch/x86/kernel/apic/vector.c:835 [vector]print_local_APIC =pmflt
[    1.084598] dynamic_debug:ddebug_change: changed arch/x86/kernel/apic/vector.c:832 [vector]print_local_APIC =pmflt
[    1.084762] dynamic_debug:ddebug_change: changed arch/x86/kernel/apic/vector.c:831 [vector]print_local_APIC =pmflt
[    1.084925] dynamic_debug:ddebug_change: changed arch/x86/kernel/apic/vector.c:827 [vector]print_local_APIC =pmflt
[    1.085089] dynamic_debug:ddebug_change: changed arch/x86/kernel/apic/vector.c:817 [vector]print_local_APIC =pmflt
[    1.085256] dynamic_debug:ddebug_change: changed arch/x86/kernel/apic/vector.c:815 [vector]print_local_APIC =pmflt
[    1.085429] dynamic_debug:ddebug_change: changed arch/x86/kernel/apic/vector.c:813 [vector]print_local_APIC =pmflt
[    1.085605] dynamic_debug:ddebug_change: changed arch/x86/kernel/apic/vector.c:811 [vector]print_local_APIC =pmflt
[    1.085770] dynamic_debug:ddebug_change: changed arch/x86/kernel/apic/vector.c:808 [vector]print_local_APIC =pmflt
[    1.085934] dynamic_debug:ddebug_change: changed arch/x86/kernel/apic/vector.c:805 [vector]print_local_APIC =pmflt
[    1.086097] dynamic_debug:ddebug_change: changed arch/x86/kernel/apic/vector.c:801 [vector]print_local_APIC =pmflt
[    1.086261] dynamic_debug:ddebug_change: changed arch/x86/kernel/apic/vector.c:792 [vector]print_local_APIC =pmflt
[    1.086424] dynamic_debug:ddebug_change: changed arch/x86/kernel/apic/vector.c:789 [vector]print_local_APIC =pmflt
[    1.086590] dynamic_debug:ddebug_change: changed arch/x86/kernel/apic/vector.c:782 [vector]print_local_APIC =pmflt
[    1.086757] dynamic_debug:ddebug_change: changed arch/x86/kernel/apic/vector.c:773 [vector]print_local_APIC =pmflt
[    1.087001] dynamic_debug:vpr_info_dq: applied: func="" file="arch/x86/kernel/apic/*" module="" format="" lineno=0-0
[    1.087211] dynamic_debug:ddebug_exec_queries: query 1: "file drivers/video/* +pflmt "
[    1.087369] dynamic_debug:ddebug_tokenize: split into words: "file" "drivers/video/*" "+pflmt"
[    1.087604] dynamic_debug:ddebug_parse_flags: op='+'
[    1.087727] dynamic_debug:ddebug_parse_flags: flags=0x1f
[    1.087849] dynamic_debug:ddebug_parse_flags: *flagsp=0x1f *maskp=0xffffffff
[    1.087974] dynamic_debug:vpr_info_dq: parsed: func="" file="drivers/video/*" module="" format="" lineno=0-0
[    1.088158] dynamic_debug:ddebug_change: changed drivers/video/backlight/backlight.c:333 [backlight]backlight_device_register =pmflt
[    1.088322] dynamic_debug:ddebug_change: changed drivers/video/backlight/backlight.c:177 [backlight]backlight_device_set_brightness =pmflt
[    1.088487] dynamic_debug:ddebug_change: changed drivers/video/backlight/backlight.c:146 [backlight]bl_power_store =pmflt
[    1.088652] dynamic_debug:ddebug_change: changed drivers/video/fbdev/core/fbmon.c:1082 [fb]fb_edid_add_monspecs =pmflt
[    1.088816] dynamic_debug:ddebug_change: changed drivers/video/fbdev/core/fbmon.c:1070 [fb]fb_edid_add_monspecs =pmflt
[    1.088979] dynamic_debug:ddebug_change: changed drivers/video/fbdev/core/fbmon.c:1033 [fb]fb_edid_add_monspecs =pmflt
[    1.089151] dynamic_debug:ddebug_change: changed drivers/video/fbdev/core/fbmon.c:1027 [fb]fb_edid_add_monspecs =pmflt
[    1.089451] dynamic_debug:vpr_info_dq: applied: func="" file="drivers/video/*" module="" format="" lineno=0-0
[    1.089658] dynamic_debug:ddebug_exec_queries: query 2: "file drivers/input/* -pflmt "
[    1.089814] dynamic_debug:ddebug_tokenize: split into words: "file" "drivers/input/*" "-pflmt"
[    1.090044] dynamic_debug:ddebug_parse_flags: op='-'
[    1.090163] dynamic_debug:ddebug_parse_flags: flags=0x1f
[    1.090286] dynamic_debug:ddebug_parse_flags: *flagsp=0x0 *maskp=0xffffffe0
[    1.090412] dynamic_debug:vpr_info_dq: parsed: func="" file="drivers/input/*" module="" format="" lineno=0-0
[    1.090765] dynamic_debug:vpr_info_dq: applied: func="" file="drivers/input/*" module="" format="" lineno=0-0
[    1.090977] dynamic_debug:ddebug_exec_queries: query 3: "file drivers/acpi/* -pflmt"
[    1.091139] dynamic_debug:ddebug_tokenize: split into words: "file" "drivers/acpi/*" "-pflmt"
[    1.091368] dynamic_debug:ddebug_parse_flags: op='-'
[    1.091487] dynamic_debug:ddebug_parse_flags: flags=0x1f
[    1.091608] dynamic_debug:ddebug_parse_flags: *flagsp=0x0 *maskp=0xffffffe0
[    1.091728] dynamic_debug:vpr_info_dq: parsed: func="" file="drivers/acpi/*" module="" format="" lineno=0-0
[    1.091913] dynamic_debug:ddebug_change: changed drivers/acpi/tables.c:211 [tables]acpi_table_print_madt_entry =_
[    1.092076] dynamic_debug:ddebug_change: changed drivers/acpi/tables.c:200 [tables]acpi_table_print_madt_entry =_
[    1.092243] dynamic_debug:ddebug_change: changed drivers/acpi/tables.c:177 [tables]acpi_table_print_madt_entry =_
[    1.092411] dynamic_debug:ddebug_change: changed drivers/acpi/tables.c:167 [tables]acpi_table_print_madt_entry =_
[    1.092586] dynamic_debug:ddebug_change: changed drivers/acpi/tables.c:92 [tables]acpi_table_print_madt_entry =_
[    1.092757] dynamic_debug:ddebug_change: changed drivers/acpi/tables.c:83 [tables]acpi_table_print_madt_entry =_
[    1.092923] dynamic_debug:ddebug_change: changed drivers/acpi/tables.c:73 [tables]acpi_table_print_madt_entry =_
[    1.093088] dynamic_debug:ddebug_change: changed drivers/acpi/osl.c:1644 [acpi]acpi_os_initialize =_
[    1.093251] dynamic_debug:ddebug_change: changed drivers/acpi/device_pm.c:734 [acpi]acpi_pm_device_run_wake =_
[    1.093414] dynamic_debug:ddebug_change: changed drivers/acpi/device_pm.c:633 [acpi]acpi_pm_device_sleep_state =_
[    1.093579] dynamic_debug:ddebug_change: changed drivers/acpi/bus.c:190 [acpi]acpi_print_osc_error =_
[    1.093743] dynamic_debug:ddebug_change: changed drivers/acpi/bus.c:188 [acpi]acpi_print_osc_error =_
[    1.093908] dynamic_debug:ddebug_change: changed drivers/acpi/bus.c:186 [acpi]acpi_print_osc_error =_
[    1.094079] dynamic_debug:ddebug_change: changed drivers/acpi/scan.c:1640 [acpi]acpi_device_dep_initialize =_
[    1.094251] dynamic_debug:ddebug_change: changed drivers/acpi/scan.c:1630 [acpi]acpi_device_dep_initialize =_
[    1.094417] dynamic_debug:ddebug_change: changed drivers/acpi/resource.c:230 [acpi]acpi_decode_space =_
[    1.094582] dynamic_debug:ddebug_change: changed drivers/acpi/resource.c:217 [acpi]acpi_decode_space =_
[    1.094743] dynamic_debug:ddebug_change: changed drivers/acpi/resource.c:61 [acpi]acpi_dev_resource_len_valid =_
[    1.094903] dynamic_debug:ddebug_change: changed drivers/acpi/ec.c:1557 [acpi]ec_correct_ecdt =_
[    1.095062] dynamic_debug:ddebug_change: changed drivers/acpi/ec.c:1544 [acpi]ec_clear_on_resume =_
[    1.095223] dynamic_debug:ddebug_change: changed drivers/acpi/ec.c:1165 [acpi]acpi_ec_event_handler =_
[    1.095385] dynamic_debug:ddebug_change: changed drivers/acpi/ec.c:1143 [acpi]acpi_ec_event_handler =_
[    1.095556] dynamic_debug:ddebug_change: changed drivers/acpi/ec.c:1108 [acpi]acpi_ec_query =_
[    1.095718] dynamic_debug:ddebug_change: changed drivers/acpi/ec.c:1106 [acpi]acpi_ec_query =_
[    1.095877] dynamic_debug:ddebug_change: changed drivers/acpi/ec.c:1066 [acpi]acpi_ec_event_processor =_
[    1.096044] dynamic_debug:ddebug_change: changed drivers/acpi/ec.c:1061 [acpi]acpi_ec_event_processor =_
[    1.096212] dynamic_debug:ddebug_change: changed drivers/acpi/ec.c:898 [acpi]acpi_ec_stop =_
[    1.096377] dynamic_debug:ddebug_change: changed drivers/acpi/ec.c:890 [acpi]acpi_ec_stop =_
[    1.096536] dynamic_debug:ddebug_change: changed drivers/acpi/ec.c:866 [acpi]acpi_ec_start =_
[    1.098467] dynamic_debug:ddebug_change: changed drivers/acpi/ec.c:862 [acpi]acpi_ec_start =_
[    1.098627] dynamic_debug:ddebug_change: changed drivers/acpi/ec.c:703 [acpi]acpi_ec_transaction_unlocked =_
[    1.098788] dynamic_debug:ddebug_change: changed drivers/acpi/ec.c:699 [acpi]acpi_ec_transaction_unlocked =_
[    1.098955] dynamic_debug:ddebug_change: changed drivers/acpi/ec.c:690 [acpi]acpi_ec_transaction_unlocked =_
[    1.099127] dynamic_debug:ddebug_change: changed drivers/acpi/ec.c:687 [acpi]acpi_ec_transaction_unlocked =_
[    1.099296] dynamic_debug:ddebug_change: changed drivers/acpi/ec.c:666 [acpi]ec_poll =_
[    1.099458] dynamic_debug:ddebug_change: changed drivers/acpi/ec.c:561 [acpi]advance_transaction =_
[    1.099622] dynamic_debug:ddebug_change: changed drivers/acpi/ec.c:525 [acpi]advance_transaction =_
[    1.099785] dynamic_debug:ddebug_change: changed drivers/acpi/ec.c:445 [acpi]acpi_ec_complete_query =_
[    1.099947] dynamic_debug:ddebug_change: changed drivers/acpi/ec.c:434 [acpi]acpi_ec_submit_query =_
[    1.100110] dynamic_debug:ddebug_change: changed drivers/acpi/ec.c:407 [acpi]acpi_ec_clear_storm =_
[    1.100273] dynamic_debug:ddebug_change: changed drivers/acpi/ec.c:397 [acpi]acpi_ec_set_storm =_
[    1.100453] dynamic_debug:ddebug_change: changed drivers/acpi/ec.c:336 [acpi]acpi_ec_enable_gpe =_
[    1.100626] dynamic_debug:ddebug_change: changed drivers/acpi/ec.c:284 [acpi]acpi_ec_write_data =_
[    1.100795] dynamic_debug:ddebug_change: changed drivers/acpi/ec.c:277 [acpi]acpi_ec_write_cmd =_
[    1.100957] dynamic_debug:ddebug_change: changed drivers/acpi/ec.c:271 [acpi]acpi_ec_read_data =_
[    1.101123] dynamic_debug:ddebug_change: changed drivers/acpi/ec.c:262 [acpi]acpi_ec_read_status =_
[    1.101286] dynamic_debug:ddebug_change: changed drivers/acpi/pci_root.c:770 [acpi]acpi_pci_probe_root_resources =_
[    1.101449] dynamic_debug:ddebug_change: changed drivers/acpi/pci_root.c:339 [acpi]acpi_get_pci_dev =_
[    1.101614] dynamic_debug:ddebug_change: changed drivers/acpi/pci_irq.c:526 [acpi]acpi_pci_irq_disable =_
[    1.101777] dynamic_debug:ddebug_change: changed drivers/acpi/pci_irq.c:486 [acpi]acpi_pci_irq_enable =_
[    1.101947] dynamic_debug:ddebug_change: changed drivers/acpi/acpi_platform.c:103 [acpi]acpi_create_platform_device =_
[    1.102115] dynamic_debug:ddebug_change: changed drivers/acpi/numa.c:181 [acpi]acpi_table_print_srat_entry =_
[    1.102287] dynamic_debug:ddebug_change: changed drivers/acpi/numa.c:169 [acpi]acpi_table_print_srat_entry =_
[    1.102459] dynamic_debug:ddebug_change: changed drivers/acpi/numa.c:157 [acpi]acpi_table_print_srat_entry =_
[    1.102626] dynamic_debug:ddebug_change: changed drivers/acpi/numa.c:140 [acpi]acpi_table_print_srat_entry =_
[    1.102789] dynamic_debug:ddebug_change: changed drivers/acpi/fan.c:359 [fan]acpi_fan_probe =_
[    1.102952] dynamic_debug:ddebug_change: changed drivers/acpi/fan.c:195 [fan]fan_set_state_acpi4 =_
[    1.103115] dynamic_debug:ddebug_change: changed drivers/acpi/fan.c:136 [fan]fan_get_state_acpi4 =_
[    1.103277] dynamic_debug:ddebug_change: changed drivers/acpi/acpi_video.c:1759 [video]acpi_video_should_register_backlight =_
[    1.103441] dynamic_debug:ddebug_change: changed drivers/acpi/pci_slot.c:136 [pci_slot]register_slot =_
[    1.103610] dynamic_debug:ddebug_change: changed drivers/acpi/pci_slot.c:81 [pci_slot]check_slot =_
[    1.103781] dynamic_debug:ddebug_change: changed drivers/acpi/pci_slot.c:73 [pci_slot]check_slot =_
[    1.103952] dynamic_debug:ddebug_change: changed drivers/acpi/pci_slot.c:61 [pci_slot]check_slot =_
[    1.104118] dynamic_debug:ddebug_change: changed drivers/acpi/processor_driver.c:184 [processor]acpi_pss_perf_init =_
[    1.104281] dynamic_debug:ddebug_change: changed drivers/acpi/processor_idle.c:1443 [processor]acpi_processor_power_init =_
[    1.104445] dynamic_debug:ddebug_change: changed drivers/acpi/processor_idle.c:1039 [processor]acpi_processor_evaluate_lpi =_
[    1.104611] dynamic_debug:ddebug_change: changed drivers/acpi/processor_idle.c:1034 [processor]acpi_processor_evaluate_lpi =_
[    1.104775] dynamic_debug:ddebug_change: changed drivers/acpi/processor_idle.c:981 [processor]acpi_processor_evaluate_lpi =_
[    1.104939] dynamic_debug:ddebug_change: changed drivers/acpi/processor_idle.c:972 [processor]acpi_processor_evaluate_lpi =_
[    1.105108] dynamic_debug:ddebug_change: changed drivers/acpi/processor_perflib.c:138 [processor]acpi_processor_get_platform_limit =_
[    1.105455] dynamic_debug:vpr_info_dq: applied: func="" file="drivers/acpi/*" module="" format="" lineno=0-0
[    1.105662] dynamic_debug:ddebug_exec_queries: processed 4 queries, with 132 matches, 0 errs
[    1.105820] dynamic_debug:ddebug_dyndbg_boot_param_cb: acpi_backlight="vendor"
[    1.105977] dynamic_debug:ddebug_dyndbg_boot_param_cb: radeon.audio="0"
[    1.106097] dynamic_debug:ddebug_dyndbg_boot_param_cb: radeon.lockup_timeout="999000"
[    1.106253] dynamic_debug:ddebug_dyndbg_boot_param_cb: radeon.test="0"
[    1.106373] dynamic_debug:ddebug_dyndbg_boot_param_cb: radeon.agpmode="-1"
[    1.106492] dynamic_debug:ddebug_dyndbg_boot_param_cb: radeon.benchmark="0"
[    1.106613] dynamic_debug:ddebug_dyndbg_boot_param_cb: radeon.tv="0"
[    1.106735] dynamic_debug:ddebug_dyndbg_boot_param_cb: radeon.hard_reset="1"
[    1.106854] dynamic_debug:ddebug_dyndbg_boot_param_cb: radeon.msi="1"
[    1.106974] dynamic_debug:ddebug_dyndbg_boot_param_cb: radeon.pcie_gen2="-1"
[    1.107098] dynamic_debug:ddebug_dyndbg_boot_param_cb: radeon.no_wb="1"
[    1.107217] dynamic_debug:ddebug_dyndbg_boot_param_cb: radeon.dynclks="0"
[    1.107339] dynamic_debug:ddebug_dyndbg_boot_param_cb: radeon.r4xx_atom="0"
[    1.107463] dynamic_debug:ddebug_dyndbg_boot_param_cb: radeonfb="(null)"
[    1.107589] dynamic_debug:ddebug_dyndbg_boot_param_cb: radeon.fastfb="1"
[    1.107710] dynamic_debug:ddebug_dyndbg_boot_param_cb: radeon.dpm="1"
[    1.107829] dynamic_debug:ddebug_dyndbg_boot_param_cb: radeon.runpm="1"
[    1.107949] dynamic_debug:ddebug_dyndbg_boot_param_cb: rd.debug="(null)"
[    1.108068] dynamic_debug:ddebug_dyndbg_boot_param_cb: rd.udev.debug="(null)"
[    1.108187] dynamic_debug:ddebug_dyndbg_boot_param_cb: rd.memdebug="3"
[    1.108305] dynamic_debug:ddebug_dyndbg_boot_param_cb: net.ifnames="1"
[    1.108425] dynamic_debug:ddebug_dyndbg_boot_param_cb: slub_debug="U"
[    1.108544] dynamic_debug:ddebug_dyndbg_boot_param_cb: pax_sanitize_slab="full"
[    1.108702] dynamic_debug:ddebug_dyndbg_boot_param_cb: noefi="(null)"
[    1.108822] dynamic_debug:ddebug_dyndbg_boot_param_cb: nolvm="(null)"
[    1.108945] dynamic_debug:ddebug_dyndbg_boot_param_cb: dobtrfs="(null)"
[    1.109069] dynamic_debug:ddebug_dyndbg_boot_param_cb: console="tty1"
[    1.109191] dynamic_debug:ddebug_dyndbg_boot_param_cb: earlyprintk="vga"
[    1.109310] dynamic_debug:ddebug_dyndbg_boot_param_cb: CPUunderclocking="(null)"
[    1.109468] dynamic_debug:ddebug_dyndbg_boot_param_cb: radeon.modeset="1"
[    1.109588] dynamic_debug:ddebug_dyndbg_boot_param_cb: audit="0"
[    1.109707] dynamic_debug:ddebug_dyndbg_boot_param_cb: systemd.log_target="kmsg"
[    1.109864] dynamic_debug:ddebug_dyndbg_boot_param_cb: enforcing="0"
[    1.109983] dynamic_debug:ddebug_dyndbg_boot_param_cb: pcie_aspm="off"
[    1.110103] dynamic_debug:ddebug_dyndbg_boot_param_cb: radeon.aspm="0"
[    1.110222] dynamic_debug:ddebug_dyndbg_boot_param_cb: udev.children-max="1256"
[    1.110379] dynamic_debug:ddebug_dyndbg_boot_param_cb: rd.udev.children-max="1256"
[    1.110633] MCE: In-kernel MCE decoding enabled.
[    1.111962] NMI watchdog: enabled on all CPUs, permanently consumes one hw-PMU counter.
[    1.112592] started {early_reset_EHCIs kernel/smp.c:1294}
[    1.112777] early_pci_allowed {early_reset_EHCIs kernel/smp.c:1300}
[    1.113067] Found EHCI on 00:12.2 {kline kernel/smp.c:1220}
[    1.113194] bar_val: f014a900 {kline kernel/smp.c:1223}
[    1.113320] ehci_bar: ffffffffff7fe900 {kline kernel/smp.c:1245}
[    1.113447] n_ports:    5 {kline kernel/smp.c:1252}
[    1.113574] FLAG_CF was already set which likely means BIOS USB Legacy is Disabled. {ehci_status kernel/smp.c:1036}
[    1.113746]   ehci cmd     : 00080B00 {ehci_status kernel/smp.c:1038}
[    1.113871]   ehci conf flg: 00000001 {ehci_status kernel/smp.c:1039}
[    1.113997]   ehci status  : 0000100C {ehci_status kernel/smp.c:1040}
[    1.114124] port 1 status 00001000 {ehci_status kernel/smp.c:1043}
[    1.114250] port 2 status 00001000 {ehci_status kernel/smp.c:1043}
[    1.114376] port 3 status 00001000 {ehci_status kernel/smp.c:1043}
[    1.114446] port 4 status 00001000 {ehci_status kernel/smp.c:1043}
[    1.114566] port 5 status 00001000 {ehci_status kernel/smp.c:1043}
[    1.114687] ended {kline kernel/smp.c:1285}
[    1.114765] Found EHCI on 00:13.2 {kline kernel/smp.c:1220}
[    1.114887] bar_val: f014a800 {kline kernel/smp.c:1223}
[    1.115009] ehci_bar: ffffffffff7fe800 {kline kernel/smp.c:1245}
[    1.115133] n_ports:    5 {kline kernel/smp.c:1252}
[    1.115205] FLAG_CF was already set which likely means BIOS USB Legacy is Disabled. {ehci_status kernel/smp.c:1036}
[    1.115360]   ehci cmd     : 00080B00 {ehci_status kernel/smp.c:1038}
[    1.115481]   ehci conf flg: 00000001 {ehci_status kernel/smp.c:1039}
[    1.115604]   ehci status  : 0000100C {ehci_status kernel/smp.c:1040}
[    1.115725] port 1 status 00001803 {ehci_status kernel/smp.c:1043}
[    1.115844] port 2 status 00001000 {ehci_status kernel/smp.c:1043}
[    1.115964] port 3 status 00001803 {ehci_status kernel/smp.c:1043}
[    1.116084] port 4 status 00001000 {ehci_status kernel/smp.c:1043}
[    1.116205] port 5 status 00001000 {ehci_status kernel/smp.c:1043}
[    1.116324] ended {kline kernel/smp.c:1285}
[    1.186726] ended, failed 0 times {early_reset_EHCIs kernel/smp.c:1313}
[    1.186845] All EHCI controllers were reset. {smp_init kernel/smp.c:1333}
[    1.190780] smpboot: ++++++++++++++++++++=_---CPU UP  1
[    1.190971] x86: Booting SMP configuration:
[    1.191098] .... node  #0, CPUs:      #1
[    1.191201] smpboot: Setting warm reset code and vector.
[    1.191448] smpboot: 1.
[    1.191578] smpboot: 2.
[    1.191702] smpboot: 3.
[    1.191827] smpboot: Asserting INIT
[    1.191952] smpboot: Waiting for send to finish...
[    1.192078] smpboot: Deasserting INIT
[    1.192202] smpboot: Waiting for send to finish...
[    1.192328] smpboot: #startup loops: 2
[    1.192453] smpboot: Sending STARTUP #1
[    1.194622] smpboot: After apic_write
[    1.194757] smpboot: Startup point 1
[    1.194879] smpboot: Waiting for send to finish...
[    1.195013] smpboot: Sending STARTUP #2
[    1.195136] smpboot: After apic_write
[    1.195269] smpboot: Startup point 1
[    1.195392] smpboot: Waiting for send to finish...
[    1.195526] smpboot: After Startup
[    1.101037] masked ExtINT on CPU#1
[    1.101051] [Firmware Info]: CPU: 'AMD A6-3400M APU with Radeon(tm) HD Graphics' has AMD errata 665 Integer Divide Instruction May Cause Unpredictable Behavior.'
[    1.101052] [Firmware Info]: CPU: Double-checked CPU type. 'AMD A6-3400M APU with Radeon(tm) HD Graphics'
[    1.101052] [Firmware Info]: CPU: Setting workaround for 665...(set 'no665wo' in /proc/cmdline to disable)
[    1.160909] smpboot: Stack at about ffffa5004bb33f30
[    1.257614] TSC synchronization [CPU#0 -> CPU#1]:
[    1.258596] Measured 132267527 cycles TSC warp between CPUs, turning off TSC clock.
[    1.258778] tsc: Marking TSC unstable due to check_tsc_sync_source failed
[    1.262672] smpboot: ++++++++++++++++++++=_---CPU UP  2
[    1.262866]  #2
[    1.262902] smpboot: Setting warm reset code and vector.
[    1.263149] smpboot: 1.
[    1.263271] smpboot: 2.
[    1.263394] smpboot: 3.
[    1.263517] smpboot: Asserting INIT
[    1.263646] smpboot: Waiting for send to finish...
[    1.263772] smpboot: Deasserting INIT
[    1.263896] smpboot: Waiting for send to finish...
[    1.264021] smpboot: #startup loops: 2
[    1.264144] smpboot: Sending STARTUP #1
[    1.264267] smpboot: After apic_write
[    1.264400] smpboot: Startup point 1
[    1.264522] smpboot: Waiting for send to finish...
[    1.264659] smpboot: Sending STARTUP #2
[    1.264782] smpboot: After apic_write
[    1.264915] smpboot: Startup point 1
[    1.265039] smpboot: Waiting for send to finish...
[    1.265173] smpboot: After Startup
[    1.136272] masked ExtINT on CPU#2
[    1.136287] [Firmware Info]: CPU: 'AMD A6-3400M APU with Radeon(tm) HD Graphics' has AMD errata 665 Integer Divide Instruction May Cause Unpredictable Behavior.'
[    1.136288] [Firmware Info]: CPU: Double-checked CPU type. 'AMD A6-3400M APU with Radeon(tm) HD Graphics'
[    1.136289] [Firmware Info]: CPU: Setting workaround for 665...(set 'no665wo' in /proc/cmdline to disable)
[    1.195493] smpboot: Stack at about ffffa5004bb37f30
[    1.218031] smpboot: ++++++++++++++++++++=_---CPU UP  3
[    1.219007]  #3
[    1.219043] smpboot: Setting warm reset code and vector.
[    1.219292] smpboot: 1.
[    1.219417] smpboot: 2.
[    1.219540] smpboot: 3.
[    1.219610] smpboot: Asserting INIT
[    1.219731] smpboot: Waiting for send to finish...
[    1.219854] smpboot: Deasserting INIT
[    1.220002] smpboot: Waiting for send to finish...
[    1.220124] smpboot: #startup loops: 2
[    1.220246] smpboot: Sending STARTUP #1
[    1.220365] smpboot: After apic_write
[    1.220445] smpboot: Startup point 1
[    1.220552] smpboot: Waiting for send to finish...
[    1.220681] smpboot: Sending STARTUP #2
[    1.220802] smpboot: After apic_write
[    1.220933] smpboot: Startup point 1
[    1.221002] smpboot: Waiting for send to finish...
[    1.221133] smpboot: After Startup
[    0.002000] masked ExtINT on CPU#3
[    0.002000] [Firmware Info]: CPU: 'AMD A6-3400M APU with Radeon(tm) HD Graphics' has AMD errata 665 Integer Divide Instruction May Cause Unpredictable Behavior.'
[    0.002000] [Firmware Info]: CPU: Double-checked CPU type. 'AMD A6-3400M APU with Radeon(tm) HD Graphics'
[    0.002000] [Firmware Info]: CPU: Setting workaround for 665...(set 'no665wo' in /proc/cmdline to disable)
[    0.002000] smpboot: Stack at about ffffa5004bb43f30
[    1.281146] x86: Booted up 1 node, 4 CPUs
[    1.282131] CPUunderclocking: activating(?)=1 {apply_underclocking_if_needed kernel/smp.c:946}
[    1.282308] CPUunderclocking: activating... {apply_underclocking_if_needed kernel/smp.c:948}
[    1.282485] CPUunderclocking:   !! Rdmsr(1of2): core:0 idx:c0010064 ... {Rdmsr kernel/smp.c:696}
[    1.282646] CPUunderclocking:     !! Rdmsr(2of2): core:0 idx:c0010064 done. (resultx==8000017d000025e2 hi:8000017d lo:000025e2) {Rdmsr kernel/smp.c:712}
[    1.282810] CPUunderclocking:   !! Rdmsr(1of2): core:1 idx:c0010064 ... {Rdmsr kernel/smp.c:696}
[    1.282981] CPUunderclocking:     !! Rdmsr(2of2): core:1 idx:c0010064 done. (resultx==8000017d000025e2 hi:8000017d lo:000025e2) {Rdmsr kernel/smp.c:712}
[    1.283170] CPUunderclocking:   !! Rdmsr(1of2): core:2 idx:c0010064 ... {Rdmsr kernel/smp.c:696}
[    1.283341] CPUunderclocking:     !! Rdmsr(2of2): core:2 idx:c0010064 done. (resultx==8000017d000025e2 hi:8000017d lo:000025e2) {Rdmsr kernel/smp.c:712}
[    1.283508] CPUunderclocking:   !! Rdmsr(1of2): core:3 idx:c0010064 ... {Rdmsr kernel/smp.c:696}
[    1.283672] CPUunderclocking:     !! Rdmsr(2of2): core:3 idx:c0010064 done. (resultx==8000017d000025e2 hi:8000017d lo:000025e2) {Rdmsr kernel/smp.c:712}
[    1.283835] CPUunderclocking: !! Write(1of3) PState0 read : fid:30 did:2 vid:18 Multi:N/A {WritePState kernel/smp.c:854}
[    1.284003] CPUunderclocking: !! Write(2of3) PState0 write:6 did:0 vid:37 (multi:22) ... {WritePState kernel/smp.c:882}
[    1.284170] CPUunderclocking:   !! Wrmsr(before write): core:0/64 idx:c0010064 valx:8000017d00004a60 ...  {Wrmsr kernel/smp.c:637}
[    1.284338] CPUunderclocking:     !! Wrmsr(after write): done. {Wrmsr kernel/smp.c:676}
[    1.284501] CPUunderclocking:   !! Wrmsr(before write): core:1/64 idx:c0010064 valx:8000017d00004a60 ...  {Wrmsr kernel/smp.c:637}
[    1.284665] CPUunderclocking:     !! Wrmsr(after write): done. {Wrmsr kernel/smp.c:676}
[    1.284820] CPUunderclocking:   !! Wrmsr(before write): core:2/64 idx:c0010064 valx:8000017d00004a60 ...  {Wrmsr kernel/smp.c:637}
[    1.284988] CPUunderclocking:     !! Wrmsr(after write): done. {Wrmsr kernel/smp.c:676}
[    1.285003] CPUunderclocking:   !! Wrmsr(before write): core:3/64 idx:c0010064 valx:8000017d00004a60 ...  {Wrmsr kernel/smp.c:637}
[    1.285171] CPUunderclocking:     !! Wrmsr(after write): done. {Wrmsr kernel/smp.c:676}
[    1.285328] CPUunderclocking: !! Write(3of3) PState0 done. status:0 (0=success) {WritePState kernel/smp.c:884}
[    1.285483] CPUunderclocking:   !! Rdmsr(1of2): core:0 idx:c0010065 ... {Rdmsr kernel/smp.c:696}
[    1.285642] CPUunderclocking:     !! Rdmsr(2of2): core:0 idx:c0010065 done. (resultx==8000014000004fa3 hi:80000140 lo:00004fa3) {Rdmsr kernel/smp.c:712}
[    1.285808] CPUunderclocking:   !! Rdmsr(1of2): core:1 idx:c0010065 ... {Rdmsr kernel/smp.c:696}
[    1.286006] CPUunderclocking:     !! Rdmsr(2of2): core:1 idx:c0010065 done. (resultx==8000014000004fa3 hi:80000140 lo:00004fa3) {Rdmsr kernel/smp.c:712}
[    1.286172] CPUunderclocking:   !! Rdmsr(1of2): core:2 idx:c0010065 ... {Rdmsr kernel/smp.c:696}
[    1.286334] CPUunderclocking:     !! Rdmsr(2of2): core:2 idx:c0010065 done. (resultx==8000014000004fa3 hi:80000140 lo:00004fa3) {Rdmsr kernel/smp.c:712}
[    1.286494] CPUunderclocking:   !! Rdmsr(1of2): core:3 idx:c0010065 ... {Rdmsr kernel/smp.c:696}
[    1.286654] CPUunderclocking:     !! Rdmsr(2of2): core:3 idx:c0010065 done. (resultx==8000014000004fa3 hi:80000140 lo:00004fa3) {Rdmsr kernel/smp.c:712}
[    1.286821] CPUunderclocking: !! Write(1of3) PState1 read : fid:26 did:3 vid:39 Multi:N/A {WritePState kernel/smp.c:854}
[    1.287003] CPUunderclocking: !! Write(2of3) PState1 write:4 did:0 vid:42 (multi:20) ... {WritePState kernel/smp.c:882}
[    1.287165] CPUunderclocking:   !! Wrmsr(before write): core:0/64 idx:c0010065 valx:8000014000005440 ...  {Wrmsr kernel/smp.c:637}
[    1.287325] CPUunderclocking:     !! Wrmsr(after write): done. {Wrmsr kernel/smp.c:676}
[    1.287481] CPUunderclocking:   !! Wrmsr(before write): core:1/64 idx:c0010065 valx:8000014000005440 ...  {Wrmsr kernel/smp.c:637}
[    1.287643] CPUunderclocking:     !! Wrmsr(after write): done. {Wrmsr kernel/smp.c:676}
[    1.287800] CPUunderclocking:   !! Wrmsr(before write): core:2/64 idx:c0010065 valx:8000014000005440 ...  {Wrmsr kernel/smp.c:637}
[    1.288005] CPUunderclocking:     !! Wrmsr(after write): done. {Wrmsr kernel/smp.c:676}
[    1.288163] CPUunderclocking:   !! Wrmsr(before write): core:3/64 idx:c0010065 valx:8000014000005440 ...  {Wrmsr kernel/smp.c:637}
[    1.288325] CPUunderclocking:     !! Wrmsr(after write): done. {Wrmsr kernel/smp.c:676}
[    1.288481] CPUunderclocking: !! Write(3of3) PState1 done. status:0 (0=success) {WritePState kernel/smp.c:884}
[    1.288636] CPUunderclocking:   !! Rdmsr(1of2): core:0 idx:c0010066 ... {Rdmsr kernel/smp.c:696}
[    1.288794] CPUunderclocking:     !! Rdmsr(2of2): core:0 idx:c0010066 done. (resultx==8000013700005573 hi:80000137 lo:00005573) {Rdmsr kernel/smp.c:712}
[    1.289001] CPUunderclocking:   !! Rdmsr(1of2): core:1 idx:c0010066 ... {Rdmsr kernel/smp.c:696}
[    1.289165] CPUunderclocking:     !! Rdmsr(2of2): core:1 idx:c0010066 done. (resultx==8000013700005573 hi:80000137 lo:00005573) {Rdmsr kernel/smp.c:712}
[    1.289329] CPUunderclocking:   !! Rdmsr(1of2): core:2 idx:c0010066 ... {Rdmsr kernel/smp.c:696}
[    1.289495] CPUunderclocking:     !! Rdmsr(2of2): core:2 idx:c0010066 done. (resultx==8000013700005573 hi:80000137 lo:00005573) {Rdmsr kernel/smp.c:712}
[    1.289657] CPUunderclocking:   !! Rdmsr(1of2): core:3 idx:c0010066 ... {Rdmsr kernel/smp.c:696}
[    1.289821] CPUunderclocking:     !! Rdmsr(2of2): core:3 idx:c0010066 done. (resultx==8000013700005573 hi:80000137 lo:00005573) {Rdmsr kernel/smp.c:712}
[    1.290002] CPUunderclocking: !! Write(1of3) PState2 read : fid:23 did:3 vid:42 Multi:N/A {WritePState kernel/smp.c:854}
[    1.290163] CPUunderclocking: !! Write(2of3) PState2 write:2 did:0 vid:47 (multi:18) ... {WritePState kernel/smp.c:882}
[    1.291002] CPUunderclocking:   !! Wrmsr(before write): core:0/64 idx:c0010066 valx:8000013700005e20 ...  {Wrmsr kernel/smp.c:637}
[    1.291165] CPUunderclocking:     !! Wrmsr(after write): done. {Wrmsr kernel/smp.c:676}
[    1.291324] CPUunderclocking:   !! Wrmsr(before write): core:1/64 idx:c0010066 valx:8000013700005e20 ...  {Wrmsr kernel/smp.c:637}
[    1.291490] CPUunderclocking:     !! Wrmsr(after write): done. {Wrmsr kernel/smp.c:676}
[    1.291649] CPUunderclocking:   !! Wrmsr(before write): core:2/64 idx:c0010066 valx:8000013700005e20 ...  {Wrmsr kernel/smp.c:637}
[    1.292004] CPUunderclocking:     !! Wrmsr(after write): done. {Wrmsr kernel/smp.c:676}
[    1.292163] CPUunderclocking:   !! Wrmsr(before write): core:3/64 idx:c0010066 valx:8000013700005e20 ...  {Wrmsr kernel/smp.c:637}
[    1.292329] CPUunderclocking:     !! Wrmsr(after write): done. {Wrmsr kernel/smp.c:676}
[    1.292488] CPUunderclocking: !! Write(3of3) PState2 done. status:0 (0=success) {WritePState kernel/smp.c:884}
[    1.292649] CPUunderclocking:   !! Rdmsr(1of2): core:0 idx:c0010067 ... {Rdmsr kernel/smp.c:696}
[    1.292809] CPUunderclocking:     !! Rdmsr(2of2): core:0 idx:c0010067 done. (resultx==8000013200005b43 hi:80000132 lo:00005b43) {Rdmsr kernel/smp.c:712}
[    1.293001] CPUunderclocking:   !! Rdmsr(1of2): core:1 idx:c0010067 ... {Rdmsr kernel/smp.c:696}
[    1.293165] CPUunderclocking:     !! Rdmsr(2of2): core:1 idx:c0010067 done. (resultx==8000013200005b43 hi:80000132 lo:00005b43) {Rdmsr kernel/smp.c:712}
[    1.293329] CPUunderclocking:   !! Rdmsr(1of2): core:2 idx:c0010067 ... {Rdmsr kernel/smp.c:696}
[    1.293493] CPUunderclocking:     !! Rdmsr(2of2): core:2 idx:c0010067 done. (resultx==8000013200005b43 hi:80000132 lo:00005b43) {Rdmsr kernel/smp.c:712}
[    1.293656] CPUunderclocking:   !! Rdmsr(1of2): core:3 idx:c0010067 ... {Rdmsr kernel/smp.c:696}
[    1.293820] CPUunderclocking:     !! Rdmsr(2of2): core:3 idx:c0010067 done. (resultx==8000013200005b43 hi:80000132 lo:00005b43) {Rdmsr kernel/smp.c:712}
[    1.294002] CPUunderclocking: !! Write(1of3) PState3 read : fid:20 did:3 vid:45 Multi:N/A {WritePState kernel/smp.c:854}
[    1.294163] CPUunderclocking: !! Write(2of3) PState3 write:1 did:0 vid:49 (multi:17) ... {WritePState kernel/smp.c:882}
[    1.294323] CPUunderclocking:   !! Wrmsr(before write): core:0/64 idx:c0010067 valx:8000013200006210 ...  {Wrmsr kernel/smp.c:637}
[    1.294486] CPUunderclocking:     !! Wrmsr(after write): done. {Wrmsr kernel/smp.c:676}
[    1.294646] CPUunderclocking:   !! Wrmsr(before write): core:1/64 idx:c0010067 valx:8000013200006210 ...  {Wrmsr kernel/smp.c:637}
[    1.294811] CPUunderclocking:     !! Wrmsr(after write): done. {Wrmsr kernel/smp.c:676}
[    1.295002] CPUunderclocking:   !! Wrmsr(before write): core:2/64 idx:c0010067 valx:8000013200006210 ...  {Wrmsr kernel/smp.c:637}
[    1.295169] CPUunderclocking:     !! Wrmsr(after write): done. {Wrmsr kernel/smp.c:676}
[    1.295328] CPUunderclocking:   !! Wrmsr(before write): core:3/64 idx:c0010067 valx:8000013200006210 ...  {Wrmsr kernel/smp.c:637}
[    1.295492] CPUunderclocking:     !! Wrmsr(after write): done. {Wrmsr kernel/smp.c:676}
[    1.295653] CPUunderclocking: !! Write(3of3) PState3 done. status:0 (0=success) {WritePState kernel/smp.c:884}
[    1.295814] CPUunderclocking:   !! Rdmsr(1of2): core:0 idx:c0010068 ... {Rdmsr kernel/smp.c:696}
[    1.295975] CPUunderclocking:     !! Rdmsr(2of2): core:0 idx:c0010068 done. (resultx==8000012e00005d13 hi:8000012e lo:00005d13) {Rdmsr kernel/smp.c:712}
[    1.296004] CPUunderclocking:   !! Rdmsr(1of2): core:1 idx:c0010068 ... {Rdmsr kernel/smp.c:696}
[    1.296168] CPUunderclocking:     !! Rdmsr(2of2): core:1 idx:c0010068 done. (resultx==8000012e00005d13 hi:8000012e lo:00005d13) {Rdmsr kernel/smp.c:712}
[    1.296330] CPUunderclocking:   !! Rdmsr(1of2): core:2 idx:c0010068 ... {Rdmsr kernel/smp.c:696}
[    1.296495] CPUunderclocking:     !! Rdmsr(2of2): core:2 idx:c0010068 done. (resultx==8000012e00005d13 hi:8000012e lo:00005d13) {Rdmsr kernel/smp.c:712}
[    1.296658] CPUunderclocking:   !! Rdmsr(1of2): core:3 idx:c0010068 ... {Rdmsr kernel/smp.c:696}
[    1.296822] CPUunderclocking:     !! Rdmsr(2of2): core:3 idx:c0010068 done. (resultx==8000012e00005d13 hi:8000012e lo:00005d13) {Rdmsr kernel/smp.c:712}
[    1.297002] CPUunderclocking: !! Write(1of3) PState4 read : fid:17 did:3 vid:46 Multi:N/A {WritePState kernel/smp.c:854}
[    1.297165] CPUunderclocking: !! Write(2of3) PState4 write:0 did:0 vid:52 (multi:16) ... {WritePState kernel/smp.c:882}
[    1.297325] CPUunderclocking:   !! Wrmsr(before write): core:0/64 idx:c0010068 valx:8000012e00006800 ...  {Wrmsr kernel/smp.c:637}
[    1.297487] CPUunderclocking:     !! Wrmsr(after write): done. {Wrmsr kernel/smp.c:676}
[    1.297648] CPUunderclocking:   !! Wrmsr(before write): core:1/64 idx:c0010068 valx:8000012e00006800 ...  {Wrmsr kernel/smp.c:637}
[    1.297814] CPUunderclocking:     !! Wrmsr(after write): done. {Wrmsr kernel/smp.c:676}
[    1.298002] CPUunderclocking:   !! Wrmsr(before write): core:2/64 idx:c0010068 valx:8000012e00006800 ...  {Wrmsr kernel/smp.c:637}
[    1.298167] CPUunderclocking:     !! Wrmsr(after write): done. {Wrmsr kernel/smp.c:676}
[    1.298328] CPUunderclocking:   !! Wrmsr(before write): core:3/64 idx:c0010068 valx:8000012e00006800 ...  {Wrmsr kernel/smp.c:637}
[    1.298493] CPUunderclocking:     !! Wrmsr(after write): done. {Wrmsr kernel/smp.c:676}
[    1.298652] CPUunderclocking: !! Write(3of3) PState4 done. status:0 (0=success) {WritePState kernel/smp.c:884}
[    1.298812] CPUunderclocking:   !! Rdmsr(1of2): core:0 idx:c0010069 ... {Rdmsr kernel/smp.c:696}
[    1.299002] CPUunderclocking:     !! Rdmsr(2of2): core:0 idx:c0010069 done. (resultx==8000012b00005ee3 hi:8000012b lo:00005ee3) {Rdmsr kernel/smp.c:712}
[    1.299166] CPUunderclocking:   !! Rdmsr(1of2): core:1 idx:c0010069 ... {Rdmsr kernel/smp.c:696}
[    1.299330] CPUunderclocking:     !! Rdmsr(2of2): core:1 idx:c0010069 done. (resultx==8000012b00005ee3 hi:8000012b lo:00005ee3) {Rdmsr kernel/smp.c:712}
[    1.299493] CPUunderclocking:   !! Rdmsr(1of2): core:2 idx:c0010069 ... {Rdmsr kernel/smp.c:696}
[    1.299657] CPUunderclocking:     !! Rdmsr(2of2): core:2 idx:c0010069 done. (resultx==8000012b00005ee3 hi:8000012b lo:00005ee3) {Rdmsr kernel/smp.c:712}
[    1.299822] CPUunderclocking:   !! Rdmsr(1of2): core:3 idx:c0010069 ... {Rdmsr kernel/smp.c:696}
[    1.300004] CPUunderclocking:     !! Rdmsr(2of2): core:3 idx:c0010069 done. (resultx==8000012b00005ee3 hi:8000012b lo:00005ee3) {Rdmsr kernel/smp.c:712}
[    1.300168] CPUunderclocking: !! Write(1of3) PState5 read : fid:14 did:3 vid:47 Multi:N/A {WritePState kernel/smp.c:854}
[    1.300327] CPUunderclocking: !! Write(2of3) PState5 write:5 did:1 vid:55 (multi:14) ... {WritePState kernel/smp.c:882}
[    1.300487] CPUunderclocking:   !! Wrmsr(before write): core:0/64 idx:c0010069 valx:8000012b00006e51 ...  {Wrmsr kernel/smp.c:637}
[    1.300645] CPUunderclocking:     !! Wrmsr(after write): done. {Wrmsr kernel/smp.c:676}
[    1.300802] CPUunderclocking:   !! Wrmsr(before write): core:1/64 idx:c0010069 valx:8000012b00006e51 ...  {Wrmsr kernel/smp.c:637}
[    1.301004] CPUunderclocking:     !! Wrmsr(after write): done. {Wrmsr kernel/smp.c:676}
[    1.301161] CPUunderclocking:   !! Wrmsr(before write): core:2/64 idx:c0010069 valx:8000012b00006e51 ...  {Wrmsr kernel/smp.c:637}
[    1.301324] CPUunderclocking:     !! Wrmsr(after write): done. {Wrmsr kernel/smp.c:676}
[    1.301483] CPUunderclocking:   !! Wrmsr(before write): core:3/64 idx:c0010069 valx:8000012b00006e51 ...  {Wrmsr kernel/smp.c:637}
[    1.301645] CPUunderclocking:     !! Wrmsr(after write): done. {Wrmsr kernel/smp.c:676}
[    1.301800] CPUunderclocking: !! Write(3of3) PState5 done. status:0 (0=success) {WritePState kernel/smp.c:884}
[    1.301957] CPUunderclocking:   !! Rdmsr(1of2): core:0 idx:c001006a ... {Rdmsr kernel/smp.c:696}
[    1.302002] CPUunderclocking:     !! Rdmsr(2of2): core:0 idx:c001006a done. (resultx==80000127000060b3 hi:80000127 lo:000060b3) {Rdmsr kernel/smp.c:712}
[    1.302162] CPUunderclocking:   !! Rdmsr(1of2): core:1 idx:c001006a ... {Rdmsr kernel/smp.c:696}
[    1.302322] CPUunderclocking:     !! Rdmsr(2of2): core:1 idx:c001006a done. (resultx==80000127000060b3 hi:80000127 lo:000060b3) {Rdmsr kernel/smp.c:712}
[    1.302482] CPUunderclocking:   !! Rdmsr(1of2): core:2 idx:c001006a ... {Rdmsr kernel/smp.c:696}
[    1.302641] CPUunderclocking:     !! Rdmsr(2of2): core:2 idx:c001006a done. (resultx==80000127000060b3 hi:80000127 lo:000060b3) {Rdmsr kernel/smp.c:712}
[    1.302801] CPUunderclocking:   !! Rdmsr(1of2): core:3 idx:c001006a ... {Rdmsr kernel/smp.c:696}
[    1.303004] CPUunderclocking:     !! Rdmsr(2of2): core:3 idx:c001006a done. (resultx==80000127000060b3 hi:80000127 lo:000060b3) {Rdmsr kernel/smp.c:712}
[    1.303164] CPUunderclocking: !! Write(1of3) PState6 read : fid:11 did:3 vid:48 Multi:N/A {WritePState kernel/smp.c:854}
[    1.303324] CPUunderclocking: !! Write(2of3) PState6 write:2 did:1 vid:59 (multi:12) ... {WritePState kernel/smp.c:882}
[    1.303483] CPUunderclocking:   !! Wrmsr(before write): core:0/64 idx:c001006a valx:8000012700007621 ...  {Wrmsr kernel/smp.c:637}
[    1.303643] CPUunderclocking:     !! Wrmsr(after write): done. {Wrmsr kernel/smp.c:676}
[    1.303797] CPUunderclocking:   !! Wrmsr(before write): core:1/64 idx:c001006a valx:8000012700007621 ...  {Wrmsr kernel/smp.c:637}
[    1.304004] CPUunderclocking:     !! Wrmsr(after write): done. {Wrmsr kernel/smp.c:676}
[    1.304164] CPUunderclocking:   !! Wrmsr(before write): core:2/64 idx:c001006a valx:8000012700007621 ...  {Wrmsr kernel/smp.c:637}
[    1.304327] CPUunderclocking:     !! Wrmsr(after write): done. {Wrmsr kernel/smp.c:676}
[    1.304484] CPUunderclocking:   !! Wrmsr(before write): core:3/64 idx:c001006a valx:8000012700007621 ...  {Wrmsr kernel/smp.c:637}
[    1.304650] CPUunderclocking:     !! Wrmsr(after write): done. {Wrmsr kernel/smp.c:676}
[    1.304809] CPUunderclocking: !! Write(3of3) PState6 done. status:0 (0=success) {WritePState kernel/smp.c:884}
[    1.305001] CPUunderclocking:   !! Rdmsr(1of2): core:0 idx:c001006b ... {Rdmsr kernel/smp.c:696}
[    1.305161] CPUunderclocking:     !! Rdmsr(2of2): core:0 idx:c001006b done. (resultx==8000012500006504 hi:80000125 lo:00006504) {Rdmsr kernel/smp.c:712}
[    1.305324] CPUunderclocking:   !! Rdmsr(1of2): core:1 idx:c001006b ... {Rdmsr kernel/smp.c:696}
[    1.305488] CPUunderclocking:     !! Rdmsr(2of2): core:1 idx:c001006b done. (resultx==8000012500006504 hi:80000125 lo:00006504) {Rdmsr kernel/smp.c:712}
[    1.305652] CPUunderclocking:   !! Rdmsr(1of2): core:2 idx:c001006b ... {Rdmsr kernel/smp.c:696}
[    1.306005] CPUunderclocking:     !! Rdmsr(2of2): core:2 idx:c001006b done. (resultx==8000012500006504 hi:80000125 lo:00006504) {Rdmsr kernel/smp.c:712}
[    1.306169] CPUunderclocking:   !! Rdmsr(1of2): core:3 idx:c001006b ... {Rdmsr kernel/smp.c:696}
[    1.307004] CPUunderclocking:     !! Rdmsr(2of2): core:3 idx:c001006b done. (resultx==8000012500006504 hi:80000125 lo:00006504) {Rdmsr kernel/smp.c:712}
[    1.307168] CPUunderclocking: !! Write(1of3) PState7 read : fid:16 did:4 vid:50 Multi:N/A {WritePState kernel/smp.c:854}
[    1.307330] CPUunderclocking: !! Write(2of3) PState7 write:0 did:2 vid:67 (multi:8) ... {WritePState kernel/smp.c:882}
[    1.307491] CPUunderclocking:   !! Wrmsr(before write): core:0/64 idx:c001006b valx:8000012500008602 ...  {Wrmsr kernel/smp.c:637}
[    1.307653] CPUunderclocking:     !! Wrmsr(after write): done. {Wrmsr kernel/smp.c:676}
[    1.307812] CPUunderclocking:   !! Wrmsr(before write): core:1/64 idx:c001006b valx:8000012500008602 ...  {Wrmsr kernel/smp.c:637}
[    1.308005] CPUunderclocking:     !! Wrmsr(after write): done. {Wrmsr kernel/smp.c:676}
[    1.308165] CPUunderclocking:   !! Wrmsr(before write): core:2/64 idx:c001006b valx:8000012500008602 ...  {Wrmsr kernel/smp.c:637}
[    1.308330] CPUunderclocking:     !! Wrmsr(after write): done. {Wrmsr kernel/smp.c:676}
[    1.308488] CPUunderclocking:   !! Wrmsr(before write): core:3/64 idx:c001006b valx:8000012500008602 ...  {Wrmsr kernel/smp.c:637}
[    1.308653] CPUunderclocking:     !! Wrmsr(after write): done. {Wrmsr kernel/smp.c:676}
[    1.308812] CPUunderclocking: !! Write(3of3) PState7 done. status:0 (0=success) {WritePState kernel/smp.c:884}
[    1.309001] CPUunderclocking: Switching to another p-state temporarily so to ensure that the current one uses newly applied values {apply_underclocking_if_needed kernel/smp.c:954}
[    1.309205] CPUunderclocking:   !! Rdmsr(1of2): core:0 idx:c0010071 ... {Rdmsr kernel/smp.c:696}
[    1.309367] CPUunderclocking:     !! Rdmsr(2of2): core:0 idx:c0010071 done. (resultx==003160975a014e40 hi:00316097 lo:5a014e40) {Rdmsr kernel/smp.c:712}
[    1.309531] CPUunderclocking:   !! Rdmsr(1of2): core:1 idx:c0010071 ... {Rdmsr kernel/smp.c:696}
[    1.309696] CPUunderclocking:     !! Rdmsr(2of2): core:1 idx:c0010071 done. (resultx==003160975a014fa3 hi:00316097 lo:5a014fa3) {Rdmsr kernel/smp.c:712}
[    1.309860] CPUunderclocking:     !! Rdmsr(3of2): different results for cores(this is expected to be so, depending on load) core[0] != core[1] (see above KERN_DEBUG msgs) {Rdmsr kernel/smp.c:717}
[    1.310001] CPUunderclocking:   !! Rdmsr(1of2): core:2 idx:c0010071 ... {Rdmsr kernel/smp.c:696}
[    1.310165] CPUunderclocking:     !! Rdmsr(2of2): core:2 idx:c0010071 done. (resultx==003160975a014fa3 hi:00316097 lo:5a014fa3) {Rdmsr kernel/smp.c:712}
[    1.310329] CPUunderclocking:   !! Rdmsr(1of2): core:3 idx:c0010071 ... {Rdmsr kernel/smp.c:696}
[    1.310493] CPUunderclocking:     !! Rdmsr(2of2): core:3 idx:c0010071 done. (resultx==003160975a014e40 hi:00316097 lo:5a014e40) {Rdmsr kernel/smp.c:712}
[    1.310657] CPUunderclocking:     !! Rdmsr(3of2): different results for cores(this is expected to be so, depending on load) core[2] != core[3] (see above KERN_DEBUG msgs) {Rdmsr kernel/smp.c:717}
[    1.310862] CPUunderclocking: !! currentpstate:1 temppstate:7 {apply_underclocking_if_needed kernel/smp.c:962}
[    1.311001] CPUunderclocking:   !! Rdmsr(1of2): core:0 idx:c0010062 ... {Rdmsr kernel/smp.c:696}
[    1.311162] CPUunderclocking:     !! Rdmsr(2of2): core:0 idx:c0010062 done. (resultx==0000000000000000 hi:00000000 lo:00000000) {Rdmsr kernel/smp.c:712}
[    1.311326] CPUunderclocking:   !! Rdmsr(1of2): core:1 idx:c0010062 ... {Rdmsr kernel/smp.c:696}
[    1.311492] CPUunderclocking:     !! Rdmsr(2of2): core:1 idx:c0010062 done. (resultx==0000000000000000 hi:00000000 lo:00000000) {Rdmsr kernel/smp.c:712}
[    1.311655] CPUunderclocking:   !! Rdmsr(1of2): core:2 idx:c0010062 ... {Rdmsr kernel/smp.c:696}
[    1.311819] CPUunderclocking:     !! Rdmsr(2of2): core:2 idx:c0010062 done. (resultx==0000000000000000 hi:00000000 lo:00000000) {Rdmsr kernel/smp.c:712}
[    1.312002] CPUunderclocking:   !! Rdmsr(1of2): core:3 idx:c0010062 ... {Rdmsr kernel/smp.c:696}
[    1.312165] CPUunderclocking:     !! Rdmsr(2of2): core:3 idx:c0010062 done. (resultx==0000000000000000 hi:00000000 lo:00000000) {Rdmsr kernel/smp.c:712}
[    1.312330] CPUunderclocking:   !! Wrmsr(before write): core:0/64 idx:c0010062 valx:0000000000000006 ...  {Wrmsr kernel/smp.c:637}
[    1.312495] CPUunderclocking:     !! Wrmsr(after write): done. {Wrmsr kernel/smp.c:676}
[    1.312672] CPUunderclocking:   !! Wrmsr(before write): core:1/64 idx:c0010062 valx:0000000000000006 ...  {Wrmsr kernel/smp.c:637}
[    1.312857] CPUunderclocking:     !! Wrmsr(after write): done. {Wrmsr kernel/smp.c:676}
[    1.313005] CPUunderclocking:   !! Wrmsr(before write): core:2/64 idx:c0010062 valx:0000000000000006 ...  {Wrmsr kernel/smp.c:637}
[    1.313191] CPUunderclocking:     !! Wrmsr(after write): done. {Wrmsr kernel/smp.c:676}
[    1.313367] CPUunderclocking:   !! Wrmsr(before write): core:3/64 idx:c0010062 valx:0000000000000006 ...  {Wrmsr kernel/smp.c:637}
[    1.313553] CPUunderclocking:     !! Wrmsr(after write): done. {Wrmsr kernel/smp.c:676}
[    1.313729] CPUunderclocking:   !! Rdmsr(1of2): core:0 idx:c0010063 ... {Rdmsr kernel/smp.c:696}
[    1.314007] CPUunderclocking:     !! Rdmsr(2of2): core:0 idx:c0010063 done. (resultx==0000000000000006 hi:00000000 lo:00000006) {Rdmsr kernel/smp.c:712}
[    1.314191] CPUunderclocking:   !! Rdmsr(1of2): core:1 idx:c0010063 ... {Rdmsr kernel/smp.c:696}
[    1.314374] CPUunderclocking:     !! Rdmsr(2of2): core:1 idx:c0010063 done. (resultx==0000000000000000 hi:00000000 lo:00000000) {Rdmsr kernel/smp.c:712}
[    1.314558] CPUunderclocking:     !! Rdmsr(3of2): different results for cores(this is expected to be so, depending on load) core[0] != core[1] (see above KERN_DEBUG msgs) {Rdmsr kernel/smp.c:717}
[    1.314788] CPUunderclocking:   !! Rdmsr(1of2): core:2 idx:c0010063 ... {Rdmsr kernel/smp.c:696}
[    1.315010] CPUunderclocking:     !! Rdmsr(2of2): core:2 idx:c0010063 done. (resultx==0000000000000000 hi:00000000 lo:00000000) {Rdmsr kernel/smp.c:712}
[    1.315193] CPUunderclocking:   !! Rdmsr(1of2): core:3 idx:c0010063 ... {Rdmsr kernel/smp.c:696}
[    1.315377] CPUunderclocking:     !! Rdmsr(2of2): core:3 idx:c0010063 done. (resultx==0000000000000006 hi:00000000 lo:00000006) {Rdmsr kernel/smp.c:712}
[    1.315560] CPUunderclocking:     !! Rdmsr(3of2): different results for cores(this is expected to be so, depending on load) core[2] != core[3] (see above KERN_DEBUG msgs) {Rdmsr kernel/smp.c:717}
[    1.315792] CPUunderclocking: Waiting for PState to settle at wanted. Current: i(16bits)=6 j(64bits)=6 wantedpstate=6 tries left:9 {SetCurrentPState kernel/smp.c:926}
[    1.316004] CPUunderclocking:   !! Rdmsr(1of2): core:0 idx:c0010071 ... {Rdmsr kernel/smp.c:696}
[    1.316180] CPUunderclocking:     !! Rdmsr(2of2): core:0 idx:c0010071 done. (resultx==003160975a074e02 hi:00316097 lo:5a074e02) {Rdmsr kernel/smp.c:712}
[    1.316360] CPUunderclocking:   !! Rdmsr(1of2): core:1 idx:c0010071 ... {Rdmsr kernel/smp.c:696}
[    1.316539] CPUunderclocking:     !! Rdmsr(2of2): core:1 idx:c0010071 done. (resultx==003160975a014fa3 hi:00316097 lo:5a014fa3) {Rdmsr kernel/smp.c:712}
[    1.316721] CPUunderclocking:     !! Rdmsr(3of2): different results for cores(this is expected to be so, depending on load) core[0] != core[1] (see above KERN_DEBUG msgs) {Rdmsr kernel/smp.c:717}
[    1.316947] CPUunderclocking:   !! Rdmsr(1of2): core:2 idx:c0010071 ... {Rdmsr kernel/smp.c:696}
[    1.317010] CPUunderclocking:     !! Rdmsr(2of2): core:2 idx:c0010071 done. (resultx==003160975a014fa3 hi:00316097 lo:5a014fa3) {Rdmsr kernel/smp.c:712}
[    1.317191] CPUunderclocking:   !! Rdmsr(1of2): core:3 idx:c0010071 ... {Rdmsr kernel/smp.c:696}
[    1.317371] CPUunderclocking:     !! Rdmsr(2of2): core:3 idx:c0010071 done. (resultx==003160975a074e02 hi:00316097 lo:5a074e02) {Rdmsr kernel/smp.c:712}
[    1.317554] CPUunderclocking:     !! Rdmsr(3of2): different results for cores(this is expected to be so, depending on load) core[2] != core[3] (see above KERN_DEBUG msgs) {Rdmsr kernel/smp.c:717}
[    1.317778] CPUunderclocking: !! currentpstate:7 {apply_underclocking_if_needed kernel/smp.c:964}
[    1.318004] CPUunderclocking:   !! Rdmsr(1of2): core:0 idx:c0010062 ... {Rdmsr kernel/smp.c:696}
[    1.318180] CPUunderclocking:     !! Rdmsr(2of2): core:0 idx:c0010062 done. (resultx==0000000000000006 hi:00000000 lo:00000006) {Rdmsr kernel/smp.c:712}
[    1.318359] CPUunderclocking:   !! Rdmsr(1of2): core:1 idx:c0010062 ... {Rdmsr kernel/smp.c:696}
[    1.318537] CPUunderclocking:     !! Rdmsr(2of2): core:1 idx:c0010062 done. (resultx==0000000000000006 hi:00000000 lo:00000006) {Rdmsr kernel/smp.c:712}
[    1.318717] CPUunderclocking:   !! Rdmsr(1of2): core:2 idx:c0010062 ... {Rdmsr kernel/smp.c:696}
[    1.319009] CPUunderclocking:     !! Rdmsr(2of2): core:2 idx:c0010062 done. (resultx==0000000000000006 hi:00000000 lo:00000006) {Rdmsr kernel/smp.c:712}
[    1.319190] CPUunderclocking:   !! Rdmsr(1of2): core:3 idx:c0010062 ... {Rdmsr kernel/smp.c:696}
[    1.319369] CPUunderclocking:     !! Rdmsr(2of2): core:3 idx:c0010062 done. (resultx==0000000000000006 hi:00000000 lo:00000006) {Rdmsr kernel/smp.c:712}
[    1.319551] CPUunderclocking:   !! Wrmsr(before write): core:0/64 idx:c0010062 valx:0000000000000000 ...  {Wrmsr kernel/smp.c:637}
[    1.319731] CPUunderclocking:     !! Wrmsr(after write): done. {Wrmsr kernel/smp.c:676}
[    1.319888] CPUunderclocking:   !! Wrmsr(before write): core:1/64 idx:c0010062 valx:0000000000000000 ...  {Wrmsr kernel/smp.c:637}
[    1.320005] CPUunderclocking:     !! Wrmsr(after write): done. {Wrmsr kernel/smp.c:676}
[    1.320162] CPUunderclocking:   !! Wrmsr(before write): core:2/64 idx:c0010062 valx:0000000000000000 ...  {Wrmsr kernel/smp.c:637}
[    1.320328] CPUunderclocking:     !! Wrmsr(after write): done. {Wrmsr kernel/smp.c:676}
[    1.320488] CPUunderclocking:   !! Wrmsr(before write): core:3/64 idx:c0010062 valx:0000000000000000 ...  {Wrmsr kernel/smp.c:637}
[    1.320655] CPUunderclocking:     !! Wrmsr(after write): done. {Wrmsr kernel/smp.c:676}
[    1.320815] CPUunderclocking:   !! Rdmsr(1of2): core:0 idx:c0010063 ... {Rdmsr kernel/smp.c:696}
[    1.321003] CPUunderclocking:     !! Rdmsr(2of2): core:0 idx:c0010063 done. (resultx==0000000000000000 hi:00000000 lo:00000000) {Rdmsr kernel/smp.c:712}
[    1.321168] CPUunderclocking:   !! Rdmsr(1of2): core:1 idx:c0010063 ... {Rdmsr kernel/smp.c:696}
[    1.321333] CPUunderclocking:     !! Rdmsr(2of2): core:1 idx:c0010063 done. (resultx==0000000000000000 hi:00000000 lo:00000000) {Rdmsr kernel/smp.c:712}
[    1.321496] CPUunderclocking:   !! Rdmsr(1of2): core:2 idx:c0010063 ... {Rdmsr kernel/smp.c:696}
[    1.321661] CPUunderclocking:     !! Rdmsr(2of2): core:2 idx:c0010063 done. (resultx==0000000000000000 hi:00000000 lo:00000000) {Rdmsr kernel/smp.c:712}
[    1.322001] CPUunderclocking:   !! Rdmsr(1of2): core:3 idx:c0010063 ... {Rdmsr kernel/smp.c:696}
[    1.322165] CPUunderclocking:     !! Rdmsr(2of2): core:3 idx:c0010063 done. (resultx==0000000000000000 hi:00000000 lo:00000000) {Rdmsr kernel/smp.c:712}
[    1.323002] CPUunderclocking: Waiting for PState to settle at wanted. Current: i(16bits)=0 j(64bits)=0 wantedpstate=0 tries left:9 {SetCurrentPState kernel/smp.c:926}
[    1.323204] CPUunderclocking:   !! Rdmsr(1of2): core:0 idx:c0010071 ... {Rdmsr kernel/smp.c:696}
[    1.323365] CPUunderclocking:     !! Rdmsr(2of2): core:0 idx:c0010071 done. (resultx==003160975a014e40 hi:00316097 lo:5a014e40) {Rdmsr kernel/smp.c:712}
[    1.323529] CPUunderclocking:   !! Rdmsr(1of2): core:1 idx:c0010071 ... {Rdmsr kernel/smp.c:696}
[    1.323694] CPUunderclocking:     !! Rdmsr(2of2): core:1 idx:c0010071 done. (resultx==003160975a014fa3 hi:00316097 lo:5a014fa3) {Rdmsr kernel/smp.c:712}
[    1.323857] CPUunderclocking:     !! Rdmsr(3of2): different results for cores(this is expected to be so, depending on load) core[0] != core[1] (see above KERN_DEBUG msgs) {Rdmsr kernel/smp.c:717}
[    1.324001] CPUunderclocking:   !! Rdmsr(1of2): core:2 idx:c0010071 ... {Rdmsr kernel/smp.c:696}
[    1.324166] CPUunderclocking:     !! Rdmsr(2of2): core:2 idx:c0010071 done. (resultx==003160975a014fa3 hi:00316097 lo:5a014fa3) {Rdmsr kernel/smp.c:712}
[    1.324330] CPUunderclocking:   !! Rdmsr(1of2): core:3 idx:c0010071 ... {Rdmsr kernel/smp.c:696}
[    1.324494] CPUunderclocking:     !! Rdmsr(2of2): core:3 idx:c0010071 done. (resultx==003160975a014e40 hi:00316097 lo:5a014e40) {Rdmsr kernel/smp.c:712}
[    1.324659] CPUunderclocking:     !! Rdmsr(3of2): different results for cores(this is expected to be so, depending on load) core[2] != core[3] (see above KERN_DEBUG msgs) {Rdmsr kernel/smp.c:717}
[    1.325002] CPUunderclocking: !! currentpstate:1 {apply_underclocking_if_needed kernel/smp.c:966}
[    1.325162] CPUunderclocking: done. {apply_underclocking_if_needed kernel/smp.c:969}
[    1.325321] smpboot: Boot done
[    1.325443] ----------------
[    1.325562] | NMI testsuite:
[    1.325680] --------------------
[    1.325799]   remote IPI:  ok  |
[    1.331237]    local IPI:  ok  |
[    1.338007] --------------------
[    1.338189] Good, all   2 testcases passed! |
[    1.338316] ---------------------------------
[    1.338444] smpboot: Before bogomips
[    1.338572] smpboot: Total of 4 processors activated (11179.31 BogoMIPS)
[    1.338700] smpboot: Before bogocount - setting activated=1
[    1.341789] devtmpfs: initialized
[    1.342193] device: 'platform': device_add
[    1.342712] bus: 'platform': registered
[    1.343050] bus: 'cpu': registered
[    1.343238] device: 'cpu': device_add
[    1.343870] bus: 'container': registered
[    1.344014] device: 'container': device_add
[    1.347598] bus: 'workqueue': registered
[    1.347792] device: 'workqueue': device_add
[    1.348443] clocksource: jiffies: mask: 0xffffffff max_cycles: 0xffffffff, max_idle_ns: 1911260446275000 ns
[    1.348823] xor: measuring software checksum speed
[    1.359002]    prefetch64-sse:  8796.000 MB/sec
[    1.369002]    generic_sse:  7912.000 MB/sec
[    1.369174] xor: using function: prefetch64-sse (8796.000 MB/sec)
[    1.369309] atomic64_test: passed for x86-64 platform with CX8 and with SSE
[    1.369439] device class 'regulator': registering
[    1.369793] Registering platform device 'reg-dummy'. Parent at platform
[    1.369975] device: 'reg-dummy': device_add
[    1.370066] bus: 'platform': add device reg-dummy
[    1.370529] bus: 'platform': add driver reg-dummy
[    1.370736] bus: 'platform': driver_probe_device: matched device reg-dummy with driver reg-dummy
[    1.371002] bus: 'platform': really_probe: probing driver reg-dummy with device reg-dummy
[    1.371234] devices_kset: Moving reg-dummy to end of list
[    1.371452] regulator-dummy: no parameters
[    1.371634] device: 'regulator.0': device_add
[    1.372516] driver: 'reg-dummy': driver_bound: bound to device 'reg-dummy'
[    1.372692] bus: 'platform': really_probe: bound device reg-dummy to driver reg-dummy
[    1.373903] NET: Registered protocol family 16
[    1.374532] device class 'bdi': registering
[    1.374817] bus: 'platform': add driver ramoops
[    1.375177] device class 'pci_bus': registering
[    1.375606] bus: 'pci': registered
[    1.375790] device class 'backlight': registering
[    1.376052] device class 'tty': registering
[    1.376288] device class 'vtconsole': registering
[    1.376540] device: 'vtcon0': device_add
[    1.377303] bus: 'node': registered
[    1.377492] device: 'node': device_add
[    1.378130] bus: 'i2c': registered
[    1.378342] bus: 'i2c': add driver dummy
[    1.378646] i2c-core: driver [dummy] registered
[    1.383010] cpuidle: using governor ladder
[    1.387013] cpuidle: using governor menu
[    1.387857] ACPI FADT declares the system doesn't support PCIe ASPM, so disable it
[    1.388007] ACPI: bus type PCI registered
[    1.388135] acpiphp: ACPI Hot Plug PCI Controller Driver version: 0.5
[    1.388265] device class 'dmi': registering
[    1.388459] device: 'id': device_add
[    1.389768] PCI: MMCONFIG for domain 0000 [bus 00-3f] at [mem 0xf8000000-0xfbffffff] (base 0xf8000000)
[    1.389991] PCI: not using MMCONFIG
[    1.390008] PCI: Using configuration type 1 for base access
[    1.390135] PCI: Using configuration type 1 for extended access
[    1.390804] device: 'node0': device_add
[    1.391212] bus: 'node': add device node0
[    1.391652] device: 'cpu0': device_add
[    1.391884] bus: 'cpu': add device cpu0
[    1.392351] device: 'cpu1': device_add
[    1.392605] bus: 'cpu': add device cpu1
[    1.393281] device: 'cpu2': device_add
[    1.393536] bus: 'cpu': add device cpu2
[    1.394047] device: 'cpu3': device_add
[    1.394307] bus: 'cpu': add device cpu3
[    1.460692] device: 'writeback': device_add
[    1.460929] bus: 'workqueue': add device writeback
[    1.461507] HugeTLB registered 2 MB page size, pre-allocated 0 pages
[    1.462634] device class 'block': registering
[    1.480021] raid6: sse2x1   gen()  3011 MB/s
[    1.497002] raid6: sse2x1   xor()  3417 MB/s
[    1.514009] raid6: sse2x2   gen()  4566 MB/s
[    1.531001] raid6: sse2x2   xor()  4939 MB/s
[    1.548002] raid6: sse2x4   gen()  5566 MB/s
[    1.565004] raid6: sse2x4   xor()  2939 MB/s
[    1.565178] raid6: using algorithm sse2x4 gen() 5566 MB/s
[    1.565304] raid6: .... xor() 2939 MB/s, rmw enabled
[    1.565432] raid6: using intx1 recovery algorithm
[    1.565644] device class 'graphics': registering
[    1.566029] ACPI: Added _OSI(Module Device)
[    1.566203] ACPI: Added _OSI(Processor Device)
[    1.566328] ACPI: Added _OSI(3.0 _SCP Extensions)
[    1.566453] ACPI: Added _OSI(Processor Aggregator Device)
[    1.730242] ACPI: [Firmware Bug]: BIOS _OSI(Linux) query ignored
[    1.749043] ACPI : EC: +++++ EC started +++++
[    1.804463] ACPI: Interpreter enabled
[    1.804652] ACPI: (supports S0 S5)
[    1.804826] ACPI: Using IOAPIC for interrupt routing
[    1.810241] bus: 'acpi': registered
[    1.810432] PCI: MMCONFIG for domain 0000 [bus 00-3f] at [mem 0xf8000000-0xfbffffff] (base 0xf8000000)
[    1.825184] PCI: MMCONFIG at [mem 0xf8000000-0xfbffffff] reserved in ACPI motherboard resources
[    1.825448] PCI: Using host bridge windows from ACPI; if necessary, use "pci=nocrs" and report a bug
[    1.826110] device: 'LNXSYSTM:00': device_add
[    1.826364] bus: 'acpi': add device LNXSYSTM:00
[    1.827469] device: 'LNXCPU:00': device_add
[    1.827719] bus: 'acpi': add device LNXCPU:00
[    1.828831] device: 'LNXCPU:01': device_add
[    1.829080] bus: 'acpi': add device LNXCPU:01
[    1.830188] device: 'LNXCPU:02': device_add
[    1.830443] bus: 'acpi': add device LNXCPU:02
[    1.831550] device: 'LNXCPU:03': device_add
[    1.831799] bus: 'acpi': add device LNXCPU:03
[    1.833728] device: 'LNXSYBUS:00': device_add
[    1.833984] bus: 'acpi': add device LNXSYBUS:00
[    1.835928] device: 'PNP0C0C:00': device_add
[    1.836086] bus: 'acpi': add device PNP0C0C:00
[    1.838266] device: 'PNP0A08:00': device_add
[    1.838517] bus: 'acpi': add device PNP0A08:00
[    1.840556] device: 'PNP0C02:00': device_add
[    1.840807] bus: 'acpi': add device PNP0C02:00
[    1.843143] device: 'device:00': device_add
[    1.843395] bus: 'acpi': add device device:00
[    1.845310] device: 'device:01': device_add
[    1.845560] bus: 'acpi': add device device:01
[    1.847482] device: 'device:02': device_add
[    1.847732] bus: 'acpi': add device device:02
[    1.850023] device: 'device:03': device_add
[    1.850272] bus: 'acpi': add device device:03
[    1.852179] device: 'LNXVIDEO:00': device_add
[    1.852427] bus: 'acpi': add device LNXVIDEO:00
[    1.854693] device: 'device:04': device_add
[    1.854945] bus: 'acpi': add device device:04
[    1.857121] device: 'device:05': device_add
[    1.857372] bus: 'acpi': add device device:05
[    1.859277] device: 'device:06': device_add
[    1.859528] bus: 'acpi': add device device:06
[    1.861692] device: 'device:07': device_add
[    1.861943] bus: 'acpi': add device device:07
[    1.863838] device: 'device:08': device_add
[    1.864085] bus: 'acpi': add device device:08
[    1.866429] device: 'device:09': device_add
[    1.866677] bus: 'acpi': add device device:09
[    1.868586] device: 'device:0a': device_add
[    1.868836] bus: 'acpi': add device device:0a
[    1.871131] device: 'device:0b': device_add
[    1.871381] bus: 'acpi': add device device:0b
[    1.873298] device: 'device:0c': device_add
[    1.873550] bus: 'acpi': add device device:0c
[    1.875851] device: 'device:0d': device_add
[    1.876081] bus: 'acpi': add device device:0d
[    1.878022] device: 'device:0e': device_add
[    1.878273] bus: 'acpi': add device device:0e
[    1.880560] device: 'device:0f': device_add
[    1.880811] bus: 'acpi': add device device:0f
[    1.882725] device: 'device:10': device_add
[    1.882979] bus: 'acpi': add device device:10
[    1.885252] device: 'device:11': device_add
[    1.885502] bus: 'acpi': add device device:11
[    1.887400] device: 'device:12': device_add
[    1.887651] bus: 'acpi': add device device:12
[    1.889543] device: 'device:13': device_add
[    1.889793] bus: 'acpi': add device device:13
[    1.891691] device: 'device:14': device_add
[    1.891947] bus: 'acpi': add device device:14
[    1.894238] device: 'device:15': device_add
[    1.894491] bus: 'acpi': add device device:15
[    1.896380] device: 'device:16': device_add
[    1.896631] bus: 'acpi': add device device:16
[    1.898534] device: 'device:17': device_add
[    1.898782] bus: 'acpi': add device device:17
[    1.900681] device: 'device:18': device_add
[    1.900930] bus: 'acpi': add device device:18
[    1.903211] device: 'device:19': device_add
[    1.903461] bus: 'acpi': add device device:19
[    1.905358] device: 'device:1a': device_add
[    1.905609] bus: 'acpi': add device device:1a
[    1.907491] device: 'device:1b': device_add
[    1.907746] bus: 'acpi': add device device:1b
[    1.910023] device: 'device:1c': device_add
[    1.910273] bus: 'acpi': add device device:1c
[    1.912176] device: 'device:1d': device_add
[    1.912429] bus: 'acpi': add device device:1d
[    1.914317] device: 'device:1e': device_add
[    1.914566] bus: 'acpi': add device device:1e
[    1.916851] device: 'device:1f': device_add
[    1.917080] bus: 'acpi': add device device:1f
[    1.918993] device: 'device:20': device_add
[    1.919080] bus: 'acpi': add device device:20
[    1.921522] device: 'device:21': device_add
[    1.921773] bus: 'acpi': add device device:21
[    1.923670] device: 'device:22': device_add
[    1.923920] bus: 'acpi': add device device:22
[    1.926189] device: 'device:23': device_add
[    1.926445] bus: 'acpi': add device device:23
[    1.928711] device: 'device:24': device_add
[    1.928961] bus: 'acpi': add device device:24
[    1.931579] device: 'device:25': device_add
[    1.931830] bus: 'acpi': add device device:25
[    1.933728] device: 'device:26': device_add
[    1.933977] bus: 'acpi': add device device:26
[    1.936181] device: 'device:27': device_add
[    1.936432] bus: 'acpi': add device device:27
[    1.942933] device: 'device:28': device_add
[    1.943081] bus: 'acpi': add device device:28
[    1.949662] device: 'device:29': device_add
[    1.949911] bus: 'acpi': add device device:29
[    1.952115] device: 'device:2a': device_add
[    1.952365] bus: 'acpi': add device device:2a
[    1.958837] device: 'device:2b': device_add
[    1.959080] bus: 'acpi': add device device:2b
[    1.965548] device: 'device:2c': device_add
[    1.965802] bus: 'acpi': add device device:2c
[    1.969002] device: 'device:2d': device_add
[    1.969254] bus: 'acpi': add device device:2d
[    1.971186] device: 'device:2e': device_add
[    1.971438] bus: 'acpi': add device device:2e
[    1.974805] device: 'device:2f': device_add
[    1.975063] bus: 'acpi': add device device:2f
[    1.977002] device: 'device:30': device_add
[    1.977252] bus: 'acpi': add device device:30
[    1.979277] device: 'device:31': device_add
[    1.979528] bus: 'acpi': add device device:31
[    1.981699] device: 'device:32': device_add
[    1.981947] bus: 'acpi': add device device:32
[    1.984906] device: 'PNP0C0F:00': device_add
[    1.985080] bus: 'acpi': add device PNP0C0F:00
[    1.988194] device: 'PNP0C0F:01': device_add
[    1.988445] bus: 'acpi': add device PNP0C0F:01
[    1.991488] device: 'PNP0C0F:02': device_add
[    1.991740] bus: 'acpi': add device PNP0C0F:02
[    1.994765] device: 'PNP0C0F:03': device_add
[    1.995013] bus: 'acpi': add device PNP0C0F:03
[    1.998090] device: 'PNP0C0F:04': device_add
[    1.998339] bus: 'acpi': add device PNP0C0F:04
[    2.001432] device: 'PNP0C0F:05': device_add
[    2.001682] bus: 'acpi': add device PNP0C0F:05
[    2.004758] device: 'PNP0C0F:06': device_add
[    2.005013] bus: 'acpi': add device PNP0C0F:06
[    2.008097] device: 'PNP0C0F:07': device_add
[    2.008349] bus: 'acpi': add device PNP0C0F:07
[    2.010369] device: 'PNP0200:00': device_add
[    2.010620] bus: 'acpi': add device PNP0200:00
[    2.012563] device: 'PNP0C04:00': device_add
[    2.012813] bus: 'acpi': add device PNP0C04:00
[    2.014755] device: 'PNP0000:00': device_add
[    2.015013] bus: 'acpi': add device PNP0000:00
[    2.016942] device: 'PNP0B00:00': device_add
[    2.017080] bus: 'acpi': add device PNP0B00:00
[    2.019140] device: 'PNP0800:00': device_add
[    2.019391] bus: 'acpi': add device PNP0800:00
[    2.021324] device: 'PNP0100:00': device_add
[    2.021576] bus: 'acpi': add device PNP0100:00
[    2.023514] device: 'PNP0C02:01': device_add
[    2.023769] bus: 'acpi': add device PNP0C02:01
[    2.026239] device: 'PNP0C01:00': device_add
[    2.026490] bus: 'acpi': add device PNP0C01:00
[    2.029088] device: 'PNP0C09:00': device_add
[    2.029340] bus: 'acpi': add device PNP0C09:00
[    2.031967] device: 'ACPI0003:00': device_add
[    2.032080] bus: 'acpi': add device ACPI0003:00
[    2.037129] device: 'PNP0C0A:00': device_add
[    2.037385] bus: 'acpi': add device PNP0C0A:00
[    2.040081] device: 'VPC2004:00': device_add
[    2.040332] bus: 'acpi': add device VPC2004:00
[    2.042351] device: 'PNP0303:00': device_add
[    2.042603] bus: 'acpi': add device PNP0303:00
[    2.046687] device: 'SYN0326:00': device_add
[    2.046939] bus: 'acpi': add device SYN0326:00
[    2.049244] device: 'device:33': device_add
[    2.049494] bus: 'acpi': add device device:33
[    2.051768] device: 'device:34': device_add
[    2.052013] bus: 'acpi': add device device:34
[    2.053902] device: 'device:35': device_add
[    2.054080] bus: 'acpi': add device device:35
