[    0.000000] Linux version 4.7.0-g52ddb7e (z@myzee) (gcc version 6.1.1 20160707 (GCC) ) #13 SMP PREEMPT Sun Aug 7 17:51:14 EEST 2016
[    0.000000] Command line: BOOT_IMAGE=/boot/vmlinuz-linux-git root=UUID=96efaea0-86dc-485a-af36-36706f9f3908 rw root_trim=yes rd.luks.allow-discards ipv6.disable=1 pnp.debug=1 loglevel=9 log_buf_len=10M printk.always_kmsg_dump=y printk.time=y printk.devkmsg=on mminit_loglevel=0 memory_corruption_check=1 nohz=on rcu_nocbs=1-3 fbcon=scrollback:4096k fbcon=font:ProFont6x11 apic=debug dynamic_debug.verbose=1 "dyndbg=file arch/x86/kernel/apic/* +pflmt ; file drivers/video/* +pflmt ; file drivers/input/* -pflmt ; file drivers/acpi/* -pflmt" acpi_backlight=vendor radeon.audio=0 radeon.lockup_timeout=999000 radeon.test=0 radeon.agpmode=-1 radeon.benchmark=0 radeon.tv=0 radeon.hard_reset=1 radeon.msi=1 radeon.pcie_gen2=-1 radeon.no_wb=1 radeon.dynclks=0 radeon.r4xx_atom=0 radeonfb radeon.fastfb=1 radeon.dpm=1 radeon.runpm=1 rd.debug rd.udev.debug rd.memdebug=3 net.ifnames=1 slub_debug=U pax_sanitize_slab=full noefi nolvm dobtrfs console=tty1 earlyprintk=vga CPUunderclocking radeon.modeset=1 audit
[    0.000000] KERNEL supported cpus:
[    0.000000]   AMD AuthenticAMD
[    0.000000] x86/fpu: Legacy x87 FPU detected.
[    0.000000] x86/fpu: Using 'eager' FPU context switches.
[    0.000000] e820: BIOS-provided physical RAM map:
[    0.000000] BIOS-e820: [mem 0x0000000000000000-0x000000000009d7ff] usable
[    0.000000] BIOS-e820: [mem 0x000000000009d800-0x000000000009ffff] reserved
[    0.000000] BIOS-e820: [mem 0x00000000000e0000-0x00000000000fffff] reserved
[    0.000000] BIOS-e820: [mem 0x0000000000100000-0x00000000bed9afff] usable
[    0.000000] BIOS-e820: [mem 0x00000000bed9b000-0x00000000bf39afff] reserved
[    0.000000] BIOS-e820: [mem 0x00000000bf39b000-0x00000000bf49afff] ACPI NVS
[    0.000000] BIOS-e820: [mem 0x00000000bf49b000-0x00000000bf51afff] ACPI data
[    0.000000] BIOS-e820: [mem 0x00000000bf51b000-0x00000000bfdfffff] usable
[    0.000000] BIOS-e820: [mem 0x00000000bfe00000-0x00000000bfffffff] reserved
[    0.000000] BIOS-e820: [mem 0x00000000fec00000-0x00000000fecfffff] reserved
[    0.000000] BIOS-e820: [mem 0x00000000fed80000-0x00000000fed80fff] reserved
[    0.000000] BIOS-e820: [mem 0x00000000ffe00000-0x00000000ffffffff] reserved
[    0.000000] BIOS-e820: [mem 0x0000000100000000-0x000000041effffff] usable
[    0.000000] bootconsole [earlyvga0] enabled
[    0.000000] NX (Execute Disable) protection: active
[    0.000000] SMBIOS 2.6 present.
[    0.000000] DMI: LENOVO Sabine/Torpedo, BIOS 54CN18WW 07/20/2011
[    0.000000] e820: update [mem 0x00000000-0x00000fff] usable ==> reserved
[    0.000000] e820: remove [mem 0x000a0000-0x000fffff] usable
[    0.000000] e820: last_pfn = 0x41f000 max_arch_pfn = 0x400000000
[    0.000000] MTRR default type: uncachable
[    0.000000] MTRR fixed ranges enabled:
[    0.000000]   00000-9FFFF write-back
[    0.000000]   A0000-BFFFF uncachable
[    0.000000]   C0000-FFFFF write-protect
[    0.000000] MTRR variable ranges enabled:
[    0.000000]   0 base 0000000000 mask FF80000000 write-back
[    0.000000]   1 base 0080000000 mask FFC0000000 write-back
[    0.000000]   2 base 00FFF90000 mask FFFFFF0000 uncachable
[    0.000000]   3 base 00FED80000 mask 0FFFFFF000 uncachable
[    0.000000]   4 disabled
[    0.000000]   5 disabled
[    0.000000]   6 disabled
[    0.000000]   7 base 00FFE00000 mask FFFFE00000 write-protect
[    0.000000] TOM2: 000000041f000000 aka 16880M
[    0.000000] x86/PAT: Configuration [0-7]: WB  WC  UC- UC  WB  WC  UC- WT  
[    0.000000] mtrr: your BIOS has configured an incorrect mask, fixing it.
[    0.000000] e820: last_pfn = 0xbfe00 max_arch_pfn = 0x400000000
[    0.000000] Scan for SMP in [mem 0x00000000-0x000003ff]
[    0.000000] Scan for SMP in [mem 0x0009fc00-0x0009ffff]
[    0.000000] Scan for SMP in [mem 0x000f0000-0x000fffff]
[    0.000000] found SMP MP-table at [mem 0x000fa8b0-0x000fa8bf] mapped at [ffff8a5c400fa8b0]
[    0.000000]   mpc: fa8c0-faa24
[    0.000000] Base memory trampoline at [ffff8a5c40097000] 97000 size 24576
[    0.000000] Using GB pages for direct mapping
[    0.000000] BRK [0x252c30000, 0x252c30fff] PGTABLE
[    0.000000] BRK [0x252c31000, 0x252c31fff] PGTABLE
[    0.000000] BRK [0x252c32000, 0x252c32fff] PGTABLE
[    0.000000] BRK [0x252c33000, 0x252c33fff] PGTABLE
[    0.000000] BRK [0x252c34000, 0x252c34fff] PGTABLE
[    0.000000] BRK [0x252c35000, 0x252c35fff] PGTABLE
[    0.000000] log_buf_len: 16777216 bytes
[    0.000000] early log buf free: 2092580(99%)
[    0.000000] RAMDISK: [mem 0x37b83000-0x37db8fff]
[    0.000000] ACPI: Early table checksum verification disabled
[    0.000000] ACPI: RSDP 0x00000000000F0110 000024 (v02 LENOVO)
[    0.000000] ACPI: XSDT 0x00000000BF51A120 000074 (v01 LENOVO CB-01    00000001 LENO 00000001)
[    0.000000] ACPI: FACP 0x00000000BF508000 0000F4 (v04 LENOVO CB-01    00000001 PTL  00000001)
[    0.000000] ACPI: DSDT 0x00000000BF50A000 00FD10 (v01 LENOVO CB-01    00001000 LENO 00000001)
[    0.000000] ACPI: FACS 0x00000000BF478000 000040
[    0.000000] ACPI: FACS 0x00000000BF478000 000040
[    0.000000] ACPI: HPET 0x00000000BF507000 000038 (v01 LENOVO CB-01    00000001 PTL  00000001)
[    0.000000] ACPI: APIC 0x00000000BF506000 00007A (v02 LENOVO CB-01    00000001 PTL  00000001)
[    0.000000] ACPI: MCFG 0x00000000BF505000 00003C (v01 LENOVO CB-01    00000001 PTL  00000001)
[    0.000000] ACPI: SLIC 0x00000000BF504000 000176 (v01 LENOVO CB-01    00000001 LENO 00000001)
[    0.000000] ACPI: UEFI 0x00000000BF503000 00003E (v01 LENOVO CB-01    00000001 PTL  00000001)
[    0.000000] ACPI: UEFI 0x00000000BF502000 000042 (v01 PTL    COMBUF   00000001 PTL  00000001)
[    0.000000] ACPI: SSDT 0x00000000BF501000 000E34 (v01 AMD    POWERNOW 00000001 AMD  00000001)
[    0.000000] ACPI: SSDT 0x00000000BF4FF000 00193D (v02 AMD    ALIB     00000001 MSFT 04000000)
[    0.000000] ACPI: UEFI 0x00000000BF4FE000 0001DE (v01 LENOVO CB-01    00000001 PTL  00000001)
[    0.000000] ACPI: Local APIC address 0xfee00000
[    0.000000] mapped APIC to ffffffffff7fc000 (        fee00000)
[    0.000000] No NUMA configuration found
[    0.000000] Faking a node at [mem 0x0000000000000000-0x000000041effffff]
[    0.000000] NODE_DATA(0) allocated [mem 0x41dff9000-0x41dffcfff]
[    0.000000] Zone ranges:
[    0.000000]   DMA      [mem 0x0000000000001000-0x0000000000ffffff]
[    0.000000]   DMA32    [mem 0x0000000001000000-0x00000000ffffffff]
[    0.000000]   Normal   [mem 0x0000000100000000-0x000000041effffff]
[    0.000000] Movable zone start for each node
[    0.000000] Early memory node ranges
[    0.000000]   node   0: [mem 0x0000000000001000-0x000000000009cfff]
[    0.000000]   node   0: [mem 0x0000000000100000-0x00000000bed9afff]
[    0.000000]   node   0: [mem 0x00000000bf51b000-0x00000000bfdfffff]
[    0.000000]   node   0: [mem 0x0000000100000000-0x000000041effffff]
[    0.000000] Initmem setup node 0 [mem 0x0000000000001000-0x000000041effffff]
[    0.000000] On node 0 totalpages: 4056604
[    0.000000]   DMA zone: 64 pages used for memmap
[    0.000000]   DMA zone: 21 pages reserved
[    0.000000]   DMA zone: 3996 pages, LIFO batch:0
[    0.000000]   DMA32 zone: 12186 pages used for memmap
[    0.000000]   DMA32 zone: 779904 pages, LIFO batch:31
[    0.000000]   Normal zone: 51136 pages used for memmap
[    0.000000]   Normal zone: 3272704 pages, LIFO batch:31
[    0.000000] ACPI: PM-Timer IO Port: 0x808
[    0.000000] ACPI: Local APIC address 0xfee00000
[    0.000000] mapped APIC to ffffffffff7fc000 (        fee00000)
[    0.000000] ACPI: LAPIC (acpi_id[0x00] lapic_id[0x00] enabled)
[    0.000000] ACPI: LAPIC (acpi_id[0x01] lapic_id[0x01] enabled)
[    0.000000] ACPI: LAPIC (acpi_id[0x02] lapic_id[0x02] enabled)
[    0.000000] ACPI: LAPIC (acpi_id[0x03] lapic_id[0x03] enabled)
[    0.000000] ACPI: LAPIC_NMI (acpi_id[0x00] high edge lint[0x1])
[    0.000000] ACPI: LAPIC_NMI (acpi_id[0x01] high edge lint[0x1])
[    0.000000] ACPI: LAPIC_NMI (acpi_id[0x02] high edge lint[0x1])
[    0.000000] ACPI: LAPIC_NMI (acpi_id[0x03] high edge lint[0x1])
[    0.000000] ACPI: IOAPIC (id[0x02] address[0xfec00000] gsi_base[0])
[    0.000000] IOAPIC[0]: apic_id 2, version 33, address 0xfec00000, GSI 0-23
[    0.000000] ACPI: INT_SRC_OVR (bus 0 bus_irq 0 global_irq 2 dfl dfl)
[    0.000000] Int: type 0, pol 0, trig 0, bus 00, IRQ 00, APIC ID 2, APIC INT 02
[    0.000000] Int: type 0, pol 3, trig 3, bus 00, IRQ 09, APIC ID 2, APIC INT 09
[    0.000000] ACPI: IRQ0 used by override.
[    0.000000] Int: type 0, pol 0, trig 0, bus 00, IRQ 01, APIC ID 2, APIC INT 01
[    0.000000] Int: type 0, pol 0, trig 0, bus 00, IRQ 03, APIC ID 2, APIC INT 03
[    0.000000] Int: type 0, pol 0, trig 0, bus 00, IRQ 04, APIC ID 2, APIC INT 04
[    0.000000] Int: type 0, pol 0, trig 0, bus 00, IRQ 05, APIC ID 2, APIC INT 05
[    0.000000] Int: type 0, pol 0, trig 0, bus 00, IRQ 06, APIC ID 2, APIC INT 06
[    0.000000] Int: type 0, pol 0, trig 0, bus 00, IRQ 07, APIC ID 2, APIC INT 07
[    0.000000] Int: type 0, pol 0, trig 0, bus 00, IRQ 08, APIC ID 2, APIC INT 08
[    0.000000] ACPI: IRQ9 used by override.
[    0.000000] Int: type 0, pol 0, trig 0, bus 00, IRQ 0a, APIC ID 2, APIC INT 0a
[    0.000000] Int: type 0, pol 0, trig 0, bus 00, IRQ 0b, APIC ID 2, APIC INT 0b
[    0.000000] Int: type 0, pol 0, trig 0, bus 00, IRQ 0c, APIC ID 2, APIC INT 0c
[    0.000000] Int: type 0, pol 0, trig 0, bus 00, IRQ 0d, APIC ID 2, APIC INT 0d
[    0.000000] Int: type 0, pol 0, trig 0, bus 00, IRQ 0e, APIC ID 2, APIC INT 0e
[    0.000000] Int: type 0, pol 0, trig 0, bus 00, IRQ 0f, APIC ID 2, APIC INT 0f
[    0.000000] Using ACPI (MADT) for SMP configuration information
[    0.000000] ACPI: HPET id: 0x43538210 base: 0xfed00000
[    0.000000] smpboot: Allowing 4 CPUs, 0 hotplug CPUs
[    0.000000] mapped IOAPIC to ffffffffff7fb000 (fec00000)
[    0.000000] e820: [mem 0xc0000000-0xfebfffff] available for PCI devices
[    0.000000] clocksource: refined-jiffies: mask: 0xffffffff max_cycles: 0xffffffff, max_idle_ns: 1910969940391419 ns
[    0.000000] setup_percpu: NR_CPUS:64 nr_cpumask_bits:64 nr_cpu_ids:4 nr_node_ids:1
[    0.000000] percpu: Embedded 33 pages/cpu @ffff8a605dc00000 s95832 r8192 d31144 u524288
[    0.000000] pcpu-alloc: s95832 r8192 d31144 u524288 alloc=1*2097152
[    0.000000] pcpu-alloc: [0] 0 1 2 3 
[    0.000000] Built 1 zonelists in Node order, mobility grouping on.  Total pages: 3993197
[    0.000000] Policy zone: Normal
[    0.000000] Kernel command line: BOOT_IMAGE=/boot/vmlinuz-linux-git root=UUID=96efaea0-86dc-485a-af36-36706f9f3908 rw root_trim=yes rd.luks.allow-discards ipv6.disable=1 pnp.debug=1 loglevel=9 log_buf_len=10M printk.always_kmsg_dump=y printk.time=y printk.devkmsg=on mminit_loglevel=0 memory_corruption_check=1 nohz=on rcu_nocbs=1-3 fbcon=scrollback:4096k fbcon=font:ProFont6x11 apic=debug dynamic_debug.verbose=1 "dyndbg=file arch/x86/kernel/apic/* +pflmt ; file drivers/video/* +pflmt ; file drivers/input/* -pflmt ; file drivers/acpi/* -pflmt" acpi_backlight=vendor radeon.audio=0 radeon.lockup_timeout=999000 radeon.test=0 radeon.agpmode=-1 radeon.benchmark=0 radeon.tv=0 radeon.hard_reset=1 radeon.msi=1 radeon.pcie_gen2=-1 radeon.no_wb=1 radeon.dynclks=0 radeon.r4xx_atom=0 radeonfb radeon.fastfb=1 radeon.dpm=1 radeon.runpm=1 rd.debug rd.udev.debug rd.memdebug=3 net.ifnames=1 slub_debug=U pax_sanitize_slab=full noefi nolvm dobtrfs console=tty1 earlyprintk=vga CPUunderclocking radeon.modeset=1 
[    0.000000] PCIe ASPM is disabled
[    0.000000] PID hash table entries: 4096 (order: 3, 32768 bytes)
[    0.000000] Memory: 15870372K/16226416K available (7820K kernel code, 740K rwdata, 3032K rodata, 880K init, 2628K bss, 356044K reserved, 0K cma-reserved)
[    0.000000] SLUB: HWalign=64, Order=0-3, MinObjects=0, CPUs=4, Nodes=1
[    0.000000] Preemptible hierarchical RCU implementation.
[    0.000000] 	Build-time adjustment of leaf fanout to 64.
[    0.000000] 	RCU restricting CPUs from NR_CPUS=64 to nr_cpu_ids=4.
[    0.000000] RCU: Adjusting geometry for rcu_fanout_leaf=64, nr_cpu_ids=4
[    0.000000] NR_IRQS:4352 nr_irqs:456 16
[    0.000000] spurious 8259A interrupt: IRQ7.
[    0.000000] vgacon: allocated 4194304 bytes of memory for scrollback. CONFIG_VGACON_SOFT_SCROLLBACK_SIZE=4096
[    0.000000] Console: colour VGA+ 80x25
[    0.000000] console [tty1] enabled
[    0.000000] bootconsole [earlyvga0] disabled
[    0.000000] clocksource: hpet: mask: 0xffffffff max_cycles: 0xffffffff, max_idle_ns: 133484873504 ns
[    0.000000] hpet clockevent registered
[    0.000000] tsc: Fast TSC calibration using PIT
[    0.000000] tsc: Detected 1397.527 MHz processor
[    0.000047] Calibrating delay loop (skipped), value calculated using timer frequency.. 2795.05 BogoMIPS (lpj=1397527)
[    0.000256] pid_max: default: 32768 minimum: 301
[    0.000462] ACPI: Core revision 20160422
[    0.000648] ACPI: acpi_os_initialize: map reset_reg status 0
[    0.254658] random: fast init done
[    0.883988] ACPI: 3 ACPI AML tables successfully acquired and loaded

[    0.884567] Security Framework initialized
[    0.886468] Dentry cache hash table entries: 2097152 (order: 12, 16777216 bytes)
[    0.893265] Inode-cache hash table entries: 1048576 (order: 11, 8388608 bytes)
[    0.896484] Mount-cache hash table entries: 32768 (order: 6, 262144 bytes)
[    0.896731] Mountpoint-cache hash table entries: 32768 (order: 6, 262144 bytes)
[    0.899516] [Firmware Info]: CPU: 'AMD A6-3400M APU with Radeon(tm) HD Graphics' has AMD errata 665 Integer Divide Instruction May Cause Unpredictable Behavior.'
[    0.899798] [Firmware Info]: CPU: Double-checked CPU type. 'AMD A6-3400M APU with Radeon(tm) HD Graphics'
[    0.899972] [Firmware Info]: CPU: Setting workaround for 665...(set 'no665wo' in /proc/cmdline to disable)
[    0.900151] CPU: Physical Processor ID: 0
[    0.900277] CPU: Processor Core ID: 0
[    0.900404] mce: CPU supports 6 MCE banks
[    0.900577] Last level iTLB entries: 4KB 512, 2MB 16, 4MB 8
[    0.900706] Last level dTLB entries: 4KB 1024, 2MB 128, 4MB 64, 1GB 0
[    0.901941] Freeing SMP alternatives memory: 28K (ffffffff95197000 - ffffffff9519e000)
[    0.902921] smpboot: Max logical packages: 1
[    0.903097] smpboot: APIC(0) Converting physical 0 to logical package 0
[    0.903236] enabled ExtINT on CPU#0
[    0.903537] ENABLING IO-APIC IRQs
[    0.903688] init IO_APIC IRQs
[    0.903816]  apic 2 pin 0 not connected
[    0.904036] IOAPIC[0]: Set routing entry (2-1 -> 0x31 -> IRQ 1 Mode:0 Active:0 Dest:1)
[    0.904311] IOAPIC[0]: Set routing entry (2-2 -> 0x30 -> IRQ 0 Mode:0 Active:0 Dest:1)
[    0.904523] IOAPIC[0]: Set routing entry (2-3 -> 0x33 -> IRQ 3 Mode:0 Active:0 Dest:1)
[    0.904736] IOAPIC[0]: Set routing entry (2-4 -> 0x34 -> IRQ 4 Mode:0 Active:0 Dest:1)
[    0.904947] IOAPIC[0]: Set routing entry (2-5 -> 0x35 -> IRQ 5 Mode:0 Active:0 Dest:1)
[    0.905159] IOAPIC[0]: Set routing entry (2-6 -> 0x36 -> IRQ 6 Mode:0 Active:0 Dest:1)
[    0.905429] IOAPIC[0]: Set routing entry (2-7 -> 0x37 -> IRQ 7 Mode:0 Active:0 Dest:1)
[    0.905645] IOAPIC[0]: Set routing entry (2-8 -> 0x38 -> IRQ 8 Mode:0 Active:0 Dest:1)
[    0.905861] IOAPIC[0]: Set routing entry (2-9 -> 0x39 -> IRQ 9 Mode:1 Active:1 Dest:1)
[    0.906076] IOAPIC[0]: Set routing entry (2-10 -> 0x3a -> IRQ 10 Mode:0 Active:0 Dest:1)
[    0.906290] IOAPIC[0]: Set routing entry (2-11 -> 0x3b -> IRQ 11 Mode:0 Active:0 Dest:1)
[    0.906491] IOAPIC[0]: Set routing entry (2-12 -> 0x3c -> IRQ 12 Mode:0 Active:0 Dest:1)
[    0.906692] IOAPIC[0]: Set routing entry (2-13 -> 0x3d -> IRQ 13 Mode:0 Active:0 Dest:1)
[    0.906892] IOAPIC[0]: Set routing entry (2-14 -> 0x3e -> IRQ 14 Mode:0 Active:0 Dest:1)
[    0.907092] IOAPIC[0]: Set routing entry (2-15 -> 0x3f -> IRQ 15 Mode:0 Active:0 Dest:1)
[    0.907256]  apic 2 pin 16 not connected
[    0.907376]  apic 2 pin 17 not connected
[    0.907497]  apic 2 pin 18 not connected
[    0.907618]  apic 2 pin 19 not connected
[    0.907738]  apic 2 pin 20 not connected
[    0.907859]  apic 2 pin 21 not connected
[    0.907979]  apic 2 pin 22 not connected
[    0.908099]  apic 2 pin 23 not connected
[    0.908399] ..TIMER: vector=0x30 apic1=0 pin1=2 apic2=-1 pin2=-1
[    0.918526] Using local APIC timer interrupts.
               calibrating APIC timer ...
[    1.020605] ... lapic delta = 1247720
[    1.020733] ... PM-Timer delta = 357952
[    1.020861] ... PM-Timer result ok
[    1.020989] ..... delta 1247720
[    1.021117] ..... mult: 53589165
[    1.021244] ..... calibration result: 199635
[    1.021373] ..... CPU clock speed is 1397.0446 MHz.
[    1.021503] ..... host bus clock speed is 199.0635 MHz.
[    1.021598] smpboot: CPU0: AMD A6-3400M APU with Radeon(tm) HD Graphics (family: 0x12, model: 0x1, stepping: 0x0)
[    1.021926] Performance Events: AMD PMU driver.
[    1.022093] ... version:                0
[    1.022221] ... bit width:              48
[    1.022349] ... generic registers:      4
[    1.022477] ... value mask:             0000ffffffffffff
[    1.022611] ... max period:             00007fffffffffff
[    1.022741] ... fixed-purpose events:   0
[    1.022869] ... event mask:             000000000000000f
[    1.028630] dynamic_debug:ddebug_add_module: 2 debug prints in module main
[    1.028834] dynamic_debug:ddebug_add_module: 1 debug prints in module initramfs
[    1.029019] dynamic_debug:ddebug_add_module: 3 debug prints in module ibs
[    1.029153] dynamic_debug:ddebug_add_module: 1 debug prints in module common
[    1.029289] dynamic_debug:ddebug_add_module: 1 debug prints in module amd
[    1.029422] dynamic_debug:ddebug_add_module: 2 debug prints in module main
[    1.029557] dynamic_debug:ddebug_add_module: 7 debug prints in module generic
[    1.029697] dynamic_debug:ddebug_add_module: 15 debug prints in module cleanup
[    1.029874] dynamic_debug:ddebug_add_module: 8 debug prints in module microcode
[    1.030051] dynamic_debug:ddebug_add_module: 3 debug prints in module boot
[    1.030197] dynamic_debug:ddebug_add_module: 22 debug prints in module smpboot
[    1.030381] dynamic_debug:ddebug_add_module: 1 debug prints in module tsc_sync
[    1.030548] dynamic_debug:ddebug_add_module: 2 debug prints in module setup_percpu
[    1.030716] dynamic_debug:ddebug_add_module: 30 debug prints in module vector
[    1.030841] dynamic_debug:ddebug_add_module: 2 debug prints in module init
[    1.030966] dynamic_debug:ddebug_add_module: 6 debug prints in module init_64
[    1.031090] dynamic_debug:ddebug_add_module: 1 debug prints in module numa
[    1.031215] dynamic_debug:ddebug_add_module: 4 debug prints in module params
[    1.031340] dynamic_debug:ddebug_add_module: 4 debug prints in module async
[    1.031468] dynamic_debug:ddebug_add_module: 1 debug prints in module manage
[    1.031606] dynamic_debug:ddebug_add_module: 14 debug prints in module irqdomain
[    1.031777] dynamic_debug:ddebug_add_module: 2 debug prints in module msi
[    1.031906] dynamic_debug:ddebug_add_module: 2 debug prints in module freezer
[    1.032033] dynamic_debug:ddebug_add_module: 19 debug prints in module module
[    1.032157] dynamic_debug:ddebug_add_module: 1 debug prints in module cgroup
[    1.032282] dynamic_debug:ddebug_add_module: 6 debug prints in module mempolicy
[    1.032447] dynamic_debug:ddebug_add_module: 1 debug prints in module sparse_vmemmap
[    1.032616] dynamic_debug:ddebug_add_module: 1 debug prints in module vmpressure
[    1.032778] dynamic_debug:ddebug_add_module: 1 debug prints in module fsnotify
[    1.032943] dynamic_debug:ddebug_add_module: 2 debug prints in module notification
[    1.033105] dynamic_debug:ddebug_add_module: 1 debug prints in module inotify_fsnotify
[    1.033276] dynamic_debug:ddebug_add_module: 5 debug prints in module inotify_user
[    1.033446] dynamic_debug:ddebug_add_module: 6 debug prints in module fanotify
[    1.033613] dynamic_debug:ddebug_add_module: 13 debug prints in module fanotify_user
[    1.033775] dynamic_debug:ddebug_add_module: 20 debug prints in module aio
[    1.033901] dynamic_debug:ddebug_add_module: 14 debug prints in module binfmt_misc
[    1.034060] dynamic_debug:ddebug_add_module: 2 debug prints in module mount
[    1.034184] dynamic_debug:ddebug_add_module: 1 debug prints in module dir
[    1.034309] dynamic_debug:ddebug_add_module: 8 debug prints in module configfs
[    1.034468] dynamic_debug:ddebug_add_module: 1 debug prints in module debugfs
[    1.034607] dynamic_debug:ddebug_add_module: 22 debug prints in module btrfs
[    1.034738] dynamic_debug:ddebug_add_module: 2 debug prints in module ramoops
[    1.034869] dynamic_debug:ddebug_add_module: 1 debug prints in module inode
[    1.034996] dynamic_debug:ddebug_add_module: 6 debug prints in module asymmetric_keys
[    1.035156] dynamic_debug:ddebug_add_module: 13 debug prints in module x509_key_parser
[    1.035316] dynamic_debug:ddebug_add_module: 13 debug prints in module efi
[    1.035391] dynamic_debug:ddebug_add_module: 1 debug prints in module decompress
[    1.035550] dynamic_debug:ddebug_add_module: 10 debug prints in module kobject
[    1.035714] dynamic_debug:ddebug_add_module: 6 debug prints in module kobject_uevent
[    1.035874] dynamic_debug:ddebug_add_module: 1 debug prints in module list_sort
[    1.036039] dynamic_debug:ddebug_add_module: 1 debug prints in module percpu_refcount
[    1.036205] dynamic_debug:ddebug_add_module: 11 debug prints in module asn1_decoder
[    1.036369] dynamic_debug:ddebug_add_module: 5 debug prints in module probe
[    1.036498] dynamic_debug:ddebug_add_module: 4 debug prints in module pci
[    1.036628] dynamic_debug:ddebug_add_module: 1 debug prints in module pci_driver
[    1.036794] dynamic_debug:ddebug_add_module: 3 debug prints in module slot
[    1.036925] dynamic_debug:ddebug_add_module: 3 debug prints in module quirks
[    1.037057] dynamic_debug:ddebug_add_module: 2 debug prints in module pme
[    1.037181] dynamic_debug:ddebug_add_module: 1 debug prints in module pci_hotplug
[    1.039247] dynamic_debug:ddebug_add_module: 12 debug prints in module acpiphp
[    1.039409] dynamic_debug:ddebug_add_module: 1 debug prints in module htirq
[    1.039534] dynamic_debug:ddebug_add_module: 1 debug prints in module pci_acpi
[    1.039698] dynamic_debug:ddebug_add_module: 3 debug prints in module backlight
[    1.039864] dynamic_debug:ddebug_add_module: 4 debug prints in module fb
[    1.039989] dynamic_debug:ddebug_add_module: 7 debug prints in module tables
[    1.040124] dynamic_debug:ddebug_add_module: 48 debug prints in module acpi
[    1.040248] dynamic_debug:ddebug_add_module: 3 debug prints in module fan
[    1.040378] dynamic_debug:ddebug_add_module: 1 debug prints in module video
[    1.040510] dynamic_debug:ddebug_add_module: 4 debug prints in module pci_slot
[    1.040681] dynamic_debug:ddebug_add_module: 7 debug prints in module processor
[    1.040847] dynamic_debug:ddebug_add_module: 4 debug prints in module pnp
[    1.040972] dynamic_debug:ddebug_add_module: 3 debug prints in module acpi_dma
[    1.041136] dynamic_debug:ddebug_add_module: 11 debug prints in module core
[    1.041261] dynamic_debug:ddebug_add_module: 1 debug prints in module fixed
[    1.041386] dynamic_debug:ddebug_add_module: 6 debug prints in module virtual
[    1.041511] dynamic_debug:ddebug_add_module: 3 debug prints in module lp3971
[    1.041638] dynamic_debug:ddebug_add_module: 3 debug prints in module lp3972
[    1.041772] dynamic_debug:ddebug_add_module: 6 debug prints in module tty_io
[    1.041905] dynamic_debug:ddebug_add_module: 1 debug prints in module vt_ioctl
[    1.042073] dynamic_debug:ddebug_add_module: 5 debug prints in module serial_core
[    1.042235] dynamic_debug:ddebug_add_module: 4 debug prints in module 8250
[    1.042360] dynamic_debug:ddebug_add_module: 5 debug prints in module 8250_base
[    1.042523] dynamic_debug:ddebug_add_module: 1 debug prints in module tpm
[    1.042650] dynamic_debug:ddebug_add_module: 10 debug prints in module tpm_tis_core
[    1.042813] dynamic_debug:ddebug_add_module: 2 debug prints in module dmar
[    1.042937] dynamic_debug:ddebug_add_module: 3 debug prints in module drm
[    1.043062] dynamic_debug:ddebug_add_module: 3 debug prints in module ttm
[    1.043194] dynamic_debug:ddebug_add_module: 2 debug prints in module radeon
[    1.043329] dynamic_debug:ddebug_add_module: 17 debug prints in module vgaarb
[    1.043459] dynamic_debug:ddebug_add_module: 7 debug prints in module component
[    1.043624] dynamic_debug:ddebug_add_module: 11 debug prints in module core
[    1.043749] dynamic_debug:ddebug_add_module: 9 debug prints in module bus
[    1.043878] dynamic_debug:ddebug_add_module: 17 debug prints in module dd
[    1.044004] dynamic_debug:ddebug_add_module: 5 debug prints in module class
[    1.044129] dynamic_debug:ddebug_add_module: 4 debug prints in module platform
[    1.044292] dynamic_debug:ddebug_add_module: 7 debug prints in module firmware_class
[    1.044454] dynamic_debug:ddebug_add_module: 1 debug prints in module regmap
[    1.044589] dynamic_debug:ddebug_add_module: 7 debug prints in module regcache
[    1.044763] dynamic_debug:ddebug_add_module: 1 debug prints in module regcache_lzo
[    1.044931] dynamic_debug:ddebug_add_module: 1 debug prints in module dma_buf
[    1.045056] dynamic_debug:ddebug_add_module: 3 debug prints in module scsi_mod
[    1.045218] dynamic_debug:ddebug_add_module: 2 debug prints in module libphy
[    1.045343] dynamic_debug:ddebug_add_module: 1 debug prints in module r8169
[    1.045479] dynamic_debug:ddebug_add_module: 98 debug prints in module cdrom
[    1.045628] dynamic_debug:ddebug_add_module: 150 debug prints in module usbcore
[    1.045791] dynamic_debug:ddebug_add_module: 5 debug prints in module phy
[    1.045920] dynamic_debug:ddebug_add_module: 10 debug prints in module pci_quirks
[    1.046090] dynamic_debug:ddebug_add_module: 55 debug prints in module ehci_hcd
[    1.046264] dynamic_debug:ddebug_add_module: 2 debug prints in module ehci_pci
[    1.046446] dynamic_debug:ddebug_add_module: 46 debug prints in module ohci_hcd
[    1.046654] dynamic_debug:ddebug_add_module: 263 debug prints in module xhci_hcd
[    1.046862] dynamic_debug:ddebug_add_module: 3 debug prints in module xhci_pci
[    1.047025] dynamic_debug:ddebug_add_module: 10 debug prints in module usb_storage
[    1.047187] dynamic_debug:ddebug_add_module: 1 debug prints in module ums_realtek
[    1.047354] dynamic_debug:ddebug_add_module: 6 debug prints in module input_core
[    1.047521] dynamic_debug:ddebug_add_module: 4 debug prints in module atkbd
[    1.047655] dynamic_debug:ddebug_add_module: 15 debug prints in module psmouse
[    1.047820] dynamic_debug:ddebug_add_module: 7 debug prints in module rtc_core
[    1.047983] dynamic_debug:ddebug_add_module: 5 debug prints in module rtc_cmos
[    1.048156] dynamic_debug:ddebug_add_module: 1 debug prints in module i2c_boardinfo
[    1.048333] dynamic_debug:ddebug_add_module: 20 debug prints in module i2c_core
[    1.048497] dynamic_debug:ddebug_add_module: 2 debug prints in module i2c_smbus
[    1.048664] dynamic_debug:ddebug_add_module: 17 debug prints in module i2c_algo_bit
[    1.048826] dynamic_debug:ddebug_add_module: 11 debug prints in module power_supply
[    1.048988] dynamic_debug:ddebug_add_module: 1 debug prints in module hwmon
[    1.049114] dynamic_debug:ddebug_add_module: 9 debug prints in module thermal_sys
[    1.049283] dynamic_debug:ddebug_add_module: 43 debug prints in module cpufreq
[    1.049450] dynamic_debug:ddebug_add_module: 9 debug prints in module freq_table
[    1.049616] dynamic_debug:ddebug_add_module: 2 debug prints in module cpufreq_stats
[    1.049784] dynamic_debug:ddebug_add_module: 1 debug prints in module cpufreq_performance
[    1.049953] dynamic_debug:ddebug_add_module: 22 debug prints in module acpi_cpufreq
[    1.050117] dynamic_debug:ddebug_add_module: 3 debug prints in module dmi_scan
[    1.050278] dynamic_debug:ddebug_add_module: 1 debug prints in module hid
[    1.050403] dynamic_debug:ddebug_add_module: 8 debug prints in module usbhid
[    1.050528] dynamic_debug:ddebug_add_module: 2 debug prints in module i386
[    1.050655] dynamic_debug:ddebug_add_module: 2 debug prints in module fixup
[    1.050790] dynamic_debug:ddebug_add_module: 7 debug prints in module irq
[    1.050923] dynamic_debug:ddebug_add_module: 1 debug prints in module sock
[    1.051054] dynamic_debug:ddebug_add_module: 17 debug prints in module dev
[    1.051179] dynamic_debug:ddebug_add_module: 2 debug prints in module sch_api
[    1.051304] dynamic_debug:ddebug_add_module: 1 debug prints in module act_api
[    1.051379] dynamic_debug:ddebug_add_module: 1 debug prints in module route
[    1.051503] dynamic_debug:ddebug_add_module: 1 debug prints in module ip_fragment
[    1.051665] dynamic_debug:ddebug_add_module: 1 debug prints in module ip_output
[    1.051825] dynamic_debug:ddebug_add_module: 1 debug prints in module tcp
[    1.051950] dynamic_debug:ddebug_add_module: 5 debug prints in module tcp_input
[    1.052113] dynamic_debug:ddebug_add_module: 3 debug prints in module tcp_output
[    1.052275] dynamic_debug:ddebug_add_module: 2 debug prints in module tcp_timer
[    1.052437] dynamic_debug:ddebug_add_module: 1 debug prints in module tcp_ipv4
[    1.052597] dynamic_debug:ddebug_add_module: 1 debug prints in module tcp_cong
[    1.052767] dynamic_debug:ddebug_add_module: 8 debug prints in module udp
[    1.052897] dynamic_debug:ddebug_add_module: 1 debug prints in module arp
[    1.053023] dynamic_debug:ddebug_add_module: 2 debug prints in module icmp
[    1.053148] dynamic_debug:ddebug_add_module: 1 debug prints in module devinet
[    1.053273] dynamic_debug:ddebug_add_module: 8 debug prints in module fib_trie
[    1.053432] dynamic_debug:ddebug_add_module: 1 debug prints in module inet_fragment
[    1.053595] dynamic_debug:ddebug_add_module: 24 debug prints in module ping
[    1.053720] dynamic_debug:ddebug_add_module: 1 debug prints in module sysctl_net_ipv4
[    1.053883] dynamic_debug:ddebug_add_module: 2 debug prints in module ip6_checksum
[    1.054040] dynamic_debug:dynamic_debug_init: 158 modules, 1525 entries and 6320 bytes in ddebug tables, 122011 bytes in (readonly) verbose section
[    1.054215] dynamic_debug:ddebug_dyndbg_boot_param_cb: BOOT_IMAGE="/boot/vmlinuz-linux-git"
[    1.054377] dynamic_debug:ddebug_dyndbg_boot_param_cb: root="UUID=96efaea0-86dc-485a-af36-36706f9f3908"
[    1.054542] dynamic_debug:ddebug_dyndbg_boot_param_cb: rw="(null)"
[    1.054667] dynamic_debug:ddebug_dyndbg_boot_param_cb: root_trim="yes"
[    1.054786] dynamic_debug:ddebug_dyndbg_boot_param_cb: rd.luks.allow-discards="(null)"
[    1.054943] dynamic_debug:ddebug_dyndbg_boot_param_cb: ipv6.disable="1"
[    1.055062] dynamic_debug:ddebug_dyndbg_boot_param_cb: pnp.debug="1"
[    1.055181] dynamic_debug:ddebug_dyndbg_boot_param_cb: loglevel="9"
[    1.055300] dynamic_debug:ddebug_dyndbg_boot_param_cb: log_buf_len="10M"
[    1.055420] dynamic_debug:ddebug_dyndbg_boot_param_cb: printk.always_kmsg_dump="y"
[    1.055576] dynamic_debug:ddebug_dyndbg_boot_param_cb: printk.time="y"
[    1.055696] dynamic_debug:ddebug_dyndbg_boot_param_cb: printk.devkmsg="on"
[    1.055815] dynamic_debug:ddebug_dyndbg_boot_param_cb: mminit_loglevel="0"
[    1.055941] dynamic_debug:ddebug_dyndbg_boot_param_cb: memory_corruption_check="1"
[    1.056104] dynamic_debug:ddebug_dyndbg_boot_param_cb: nohz="on"
[    1.056225] dynamic_debug:ddebug_dyndbg_boot_param_cb: rcu_nocbs="1-3"
[    1.056344] dynamic_debug:ddebug_dyndbg_boot_param_cb: fbcon="scrollback:4096k"
[    1.056501] dynamic_debug:ddebug_dyndbg_boot_param_cb: fbcon="font:ProFont6x11"
[    1.058569] dynamic_debug:ddebug_dyndbg_boot_param_cb: apic="debug"
[    1.058689] dynamic_debug:ddebug_dyndbg_boot_param_cb: dynamic_debug.verbose="1"
[    1.058847] dynamic_debug:ddebug_dyndbg_boot_param_cb: dyndbg="file arch/x86/kernel/apic/* +pflmt ; file drivers/video/* +pflmt ; file drivers/input/* -pflmt ; file drivers/acpi/* -pflmt"
[    1.059054] dynamic_debug:ddebug_exec_queries: query 0: "file arch/x86/kernel/apic/* +pflmt "
[    1.059211] dynamic_debug:ddebug_tokenize: split into words: "file" "arch/x86/kernel/apic/*" "+pflmt"
[    1.059504] dynamic_debug:ddebug_parse_flags: op='+'
[    1.059627] dynamic_debug:ddebug_parse_flags: flags=0x1f
[    1.059746] dynamic_debug:ddebug_parse_flags: *flagsp=0x1f *maskp=0xffffffff
[    1.059867] dynamic_debug:vpr_info_dq: parsed: func="" file="arch/x86/kernel/apic/*" module="" format="" lineno=0-0
[    1.060045] dynamic_debug:ddebug_change: changed arch/x86/kernel/apic/vector.c:919 [vector]print_PIC =pmflt
[    1.060208] dynamic_debug:ddebug_change: changed arch/x86/kernel/apic/vector.c:916 [vector]print_PIC =pmflt
[    1.060371] dynamic_debug:ddebug_change: changed arch/x86/kernel/apic/vector.c:906 [vector]print_PIC =pmflt
[    1.060534] dynamic_debug:ddebug_change: changed arch/x86/kernel/apic/vector.c:903 [vector]print_PIC =pmflt
[    1.060698] dynamic_debug:ddebug_change: changed arch/x86/kernel/apic/vector.c:898 [vector]print_PIC =pmflt
[    1.060871] dynamic_debug:ddebug_change: changed arch/x86/kernel/apic/vector.c:868 [vector]print_local_APIC =pmflt
[    1.061043] dynamic_debug:ddebug_change: changed arch/x86/kernel/apic/vector.c:865 [vector]print_local_APIC =pmflt
[    1.061211] dynamic_debug:ddebug_change: changed arch/x86/kernel/apic/vector.c:863 [vector]print_local_APIC =pmflt
[    1.061374] dynamic_debug:ddebug_change: changed arch/x86/kernel/apic/vector.c:858 [vector]print_local_APIC =pmflt
[    1.061537] dynamic_debug:ddebug_change: changed arch/x86/kernel/apic/vector.c:856 [vector]print_local_APIC =pmflt
[    1.061702] dynamic_debug:ddebug_change: changed arch/x86/kernel/apic/vector.c:854 [vector]print_local_APIC =pmflt
[    1.061865] dynamic_debug:ddebug_change: changed arch/x86/kernel/apic/vector.c:850 [vector]print_local_APIC =pmflt
[    1.062029] dynamic_debug:ddebug_change: changed arch/x86/kernel/apic/vector.c:845 [vector]print_local_APIC =pmflt
[    1.062195] dynamic_debug:ddebug_change: changed arch/x86/kernel/apic/vector.c:843 [vector]print_local_APIC =pmflt
[    1.062367] dynamic_debug:ddebug_change: changed arch/x86/kernel/apic/vector.c:840 [vector]print_local_APIC =pmflt
[    1.062540] dynamic_debug:ddebug_change: changed arch/x86/kernel/apic/vector.c:835 [vector]print_local_APIC =pmflt
[    1.062707] dynamic_debug:ddebug_change: changed arch/x86/kernel/apic/vector.c:832 [vector]print_local_APIC =pmflt
[    1.062870] dynamic_debug:ddebug_change: changed arch/x86/kernel/apic/vector.c:831 [vector]print_local_APIC =pmflt
[    1.063033] dynamic_debug:ddebug_change: changed arch/x86/kernel/apic/vector.c:827 [vector]print_local_APIC =pmflt
[    1.063197] dynamic_debug:ddebug_change: changed arch/x86/kernel/apic/vector.c:817 [vector]print_local_APIC =pmflt
[    1.063360] dynamic_debug:ddebug_change: changed arch/x86/kernel/apic/vector.c:815 [vector]print_local_APIC =pmflt
[    1.063523] dynamic_debug:ddebug_change: changed arch/x86/kernel/apic/vector.c:813 [vector]print_local_APIC =pmflt
[    1.063693] dynamic_debug:ddebug_change: changed arch/x86/kernel/apic/vector.c:811 [vector]print_local_APIC =pmflt
[    1.063866] dynamic_debug:ddebug_change: changed arch/x86/kernel/apic/vector.c:808 [vector]print_local_APIC =pmflt
[    1.064039] dynamic_debug:ddebug_change: changed arch/x86/kernel/apic/vector.c:805 [vector]print_local_APIC =pmflt
[    1.064205] dynamic_debug:ddebug_change: changed arch/x86/kernel/apic/vector.c:801 [vector]print_local_APIC =pmflt
[    1.064368] dynamic_debug:ddebug_change: changed arch/x86/kernel/apic/vector.c:792 [vector]print_local_APIC =pmflt
[    1.064531] dynamic_debug:ddebug_change: changed arch/x86/kernel/apic/vector.c:789 [vector]print_local_APIC =pmflt
[    1.064697] dynamic_debug:ddebug_change: changed arch/x86/kernel/apic/vector.c:782 [vector]print_local_APIC =pmflt
[    1.064860] dynamic_debug:ddebug_change: changed arch/x86/kernel/apic/vector.c:773 [vector]print_local_APIC =pmflt
[    1.065118] dynamic_debug:vpr_info_dq: applied: func="" file="arch/x86/kernel/apic/*" module="" format="" lineno=0-0
[    1.065331] dynamic_debug:ddebug_exec_queries: query 1: "file drivers/video/* +pflmt "
[    1.065493] dynamic_debug:ddebug_tokenize: split into words: "file" "drivers/video/*" "+pflmt"
[    1.065725] dynamic_debug:ddebug_parse_flags: op='+'
[    1.065844] dynamic_debug:ddebug_parse_flags: flags=0x1f
[    1.065963] dynamic_debug:ddebug_parse_flags: *flagsp=0x1f *maskp=0xffffffff
[    1.066083] dynamic_debug:vpr_info_dq: parsed: func="" file="drivers/video/*" module="" format="" lineno=0-0
[    1.066266] dynamic_debug:ddebug_change: changed drivers/video/backlight/backlight.c:333 [backlight]backlight_device_register =pmflt
[    1.066430] dynamic_debug:ddebug_change: changed drivers/video/backlight/backlight.c:177 [backlight]backlight_device_set_brightness =pmflt
[    1.066601] dynamic_debug:ddebug_change: changed drivers/video/backlight/backlight.c:146 [backlight]bl_power_store =pmflt
[    1.066766] dynamic_debug:ddebug_change: changed drivers/video/fbdev/core/fbmon.c:1082 [fb]fb_edid_add_monspecs =pmflt
[    1.066933] dynamic_debug:ddebug_change: changed drivers/video/fbdev/core/fbmon.c:1070 [fb]fb_edid_add_monspecs =pmflt
[    1.067101] dynamic_debug:ddebug_change: changed drivers/video/fbdev/core/fbmon.c:1033 [fb]fb_edid_add_monspecs =pmflt
[    1.067267] dynamic_debug:ddebug_change: changed drivers/video/fbdev/core/fbmon.c:1027 [fb]fb_edid_add_monspecs =pmflt
[    1.067538] dynamic_debug:vpr_info_dq: applied: func="" file="drivers/video/*" module="" format="" lineno=0-0
[    1.067740] dynamic_debug:ddebug_exec_queries: query 2: "file drivers/input/* -pflmt "
[    1.067892] dynamic_debug:ddebug_tokenize: split into words: "file" "drivers/input/*" "-pflmt"
[    1.068126] dynamic_debug:ddebug_parse_flags: op='-'
[    1.068244] dynamic_debug:ddebug_parse_flags: flags=0x1f
[    1.068364] dynamic_debug:ddebug_parse_flags: *flagsp=0x0 *maskp=0xffffffe0
[    1.068486] dynamic_debug:vpr_info_dq: parsed: func="" file="drivers/input/*" module="" format="" lineno=0-0
[    1.068784] dynamic_debug:vpr_info_dq: applied: func="" file="drivers/input/*" module="" format="" lineno=0-0
[    1.068986] dynamic_debug:ddebug_exec_queries: query 3: "file drivers/acpi/* -pflmt"
[    1.069138] dynamic_debug:ddebug_tokenize: split into words: "file" "drivers/acpi/*" "-pflmt"
[    1.069363] dynamic_debug:ddebug_parse_flags: op='-'
[    1.069484] dynamic_debug:ddebug_parse_flags: flags=0x1f
[    1.069604] dynamic_debug:ddebug_parse_flags: *flagsp=0x0 *maskp=0xffffffe0
[    1.069725] dynamic_debug:vpr_info_dq: parsed: func="" file="drivers/acpi/*" module="" format="" lineno=0-0
[    1.069931] dynamic_debug:ddebug_change: changed drivers/acpi/tables.c:211 [tables]acpi_table_print_madt_entry =_
[    1.070143] dynamic_debug:ddebug_change: changed drivers/acpi/tables.c:200 [tables]acpi_table_print_madt_entry =_
[    1.070304] dynamic_debug:ddebug_change: changed drivers/acpi/tables.c:177 [tables]acpi_table_print_madt_entry =_
[    1.070463] dynamic_debug:ddebug_change: changed drivers/acpi/tables.c:167 [tables]acpi_table_print_madt_entry =_
[    1.070624] dynamic_debug:ddebug_change: changed drivers/acpi/tables.c:92 [tables]acpi_table_print_madt_entry =_
[    1.070785] dynamic_debug:ddebug_change: changed drivers/acpi/tables.c:83 [tables]acpi_table_print_madt_entry =_
[    1.070948] dynamic_debug:ddebug_change: changed drivers/acpi/tables.c:73 [tables]acpi_table_print_madt_entry =_
[    1.071112] dynamic_debug:ddebug_change: changed drivers/acpi/osl.c:1644 [acpi]acpi_os_initialize =_
[    1.071280] dynamic_debug:ddebug_change: changed drivers/acpi/device_pm.c:734 [acpi]acpi_pm_device_run_wake =_
[    1.071447] dynamic_debug:ddebug_change: changed drivers/acpi/device_pm.c:633 [acpi]acpi_pm_device_sleep_state =_
[    1.071621] dynamic_debug:ddebug_change: changed drivers/acpi/bus.c:190 [acpi]acpi_print_osc_error =_
[    1.071794] dynamic_debug:ddebug_change: changed drivers/acpi/bus.c:188 [acpi]acpi_print_osc_error =_
[    1.071956] dynamic_debug:ddebug_change: changed drivers/acpi/bus.c:186 [acpi]acpi_print_osc_error =_
[    1.072118] dynamic_debug:ddebug_change: changed drivers/acpi/scan.c:1640 [acpi]acpi_device_dep_initialize =_
[    1.072281] dynamic_debug:ddebug_change: changed drivers/acpi/scan.c:1630 [acpi]acpi_device_dep_initialize =_
[    1.072444] dynamic_debug:ddebug_change: changed drivers/acpi/resource.c:230 [acpi]acpi_decode_space =_
[    1.072608] dynamic_debug:ddebug_change: changed drivers/acpi/resource.c:217 [acpi]acpi_decode_space =_
[    1.072771] dynamic_debug:ddebug_change: changed drivers/acpi/resource.c:61 [acpi]acpi_dev_resource_len_valid =_
[    1.072938] dynamic_debug:ddebug_change: changed drivers/acpi/ec.c:1557 [acpi]ec_correct_ecdt =_
[    1.073104] dynamic_debug:ddebug_change: changed drivers/acpi/ec.c:1544 [acpi]ec_clear_on_resume =_
[    1.073271] dynamic_debug:ddebug_change: changed drivers/acpi/ec.c:1165 [acpi]acpi_ec_event_handler =_
[    1.073442] dynamic_debug:ddebug_change: changed drivers/acpi/ec.c:1143 [acpi]acpi_ec_event_handler =_
[    1.073612] dynamic_debug:ddebug_change: changed drivers/acpi/ec.c:1108 [acpi]acpi_ec_query =_
[    1.073775] dynamic_debug:ddebug_change: changed drivers/acpi/ec.c:1106 [acpi]acpi_ec_query =_
[    1.073937] dynamic_debug:ddebug_change: changed drivers/acpi/ec.c:1066 [acpi]acpi_ec_event_processor =_
[    1.074099] dynamic_debug:ddebug_change: changed drivers/acpi/ec.c:1061 [acpi]acpi_ec_event_processor =_
[    1.074261] dynamic_debug:ddebug_change: changed drivers/acpi/ec.c:898 [acpi]acpi_ec_stop =_
[    1.074423] dynamic_debug:ddebug_change: changed drivers/acpi/ec.c:890 [acpi]acpi_ec_stop =_
[    1.074584] dynamic_debug:ddebug_change: changed drivers/acpi/ec.c:866 [acpi]acpi_ec_start =_
[    1.076664] dynamic_debug:ddebug_change: changed drivers/acpi/ec.c:862 [acpi]acpi_ec_start =_
[    1.076831] dynamic_debug:ddebug_change: changed drivers/acpi/ec.c:703 [acpi]acpi_ec_transaction_unlocked =_
[    1.077003] dynamic_debug:ddebug_change: changed drivers/acpi/ec.c:699 [acpi]acpi_ec_transaction_unlocked =_
[    1.077172] dynamic_debug:ddebug_change: changed drivers/acpi/ec.c:690 [acpi]acpi_ec_transaction_unlocked =_
[    1.077334] dynamic_debug:ddebug_change: changed drivers/acpi/ec.c:687 [acpi]acpi_ec_transaction_unlocked =_
[    1.077497] dynamic_debug:ddebug_change: changed drivers/acpi/ec.c:666 [acpi]ec_poll =_
[    1.077660] dynamic_debug:ddebug_change: changed drivers/acpi/ec.c:561 [acpi]advance_transaction =_
[    1.077823] dynamic_debug:ddebug_change: changed drivers/acpi/ec.c:525 [acpi]advance_transaction =_
[    1.077985] dynamic_debug:ddebug_change: changed drivers/acpi/ec.c:445 [acpi]acpi_ec_complete_query =_
[    1.078147] dynamic_debug:ddebug_change: changed drivers/acpi/ec.c:434 [acpi]acpi_ec_submit_query =_
[    1.078315] dynamic_debug:ddebug_change: changed drivers/acpi/ec.c:407 [acpi]acpi_ec_clear_storm =_
[    1.078485] dynamic_debug:ddebug_change: changed drivers/acpi/ec.c:397 [acpi]acpi_ec_set_storm =_
[    1.078664] dynamic_debug:ddebug_change: changed drivers/acpi/ec.c:336 [acpi]acpi_ec_enable_gpe =_
[    1.078827] dynamic_debug:ddebug_change: changed drivers/acpi/ec.c:284 [acpi]acpi_ec_write_data =_
[    1.078989] dynamic_debug:ddebug_change: changed drivers/acpi/ec.c:277 [acpi]acpi_ec_write_cmd =_
[    1.079150] dynamic_debug:ddebug_change: changed drivers/acpi/ec.c:271 [acpi]acpi_ec_read_data =_
[    1.079317] dynamic_debug:ddebug_change: changed drivers/acpi/ec.c:262 [acpi]acpi_ec_read_status =_
[    1.079479] dynamic_debug:ddebug_change: changed drivers/acpi/pci_root.c:770 [acpi]acpi_pci_probe_root_resources =_
[    1.079644] dynamic_debug:ddebug_change: changed drivers/acpi/pci_root.c:339 [acpi]acpi_get_pci_dev =_
[    1.079811] dynamic_debug:ddebug_change: changed drivers/acpi/pci_irq.c:526 [acpi]acpi_pci_irq_disable =_
[    1.079976] dynamic_debug:ddebug_change: changed drivers/acpi/pci_irq.c:486 [acpi]acpi_pci_irq_enable =_
[    1.080147] dynamic_debug:ddebug_change: changed drivers/acpi/acpi_platform.c:103 [acpi]acpi_create_platform_device =_
[    1.080320] dynamic_debug:ddebug_change: changed drivers/acpi/numa.c:181 [acpi]acpi_table_print_srat_entry =_
[    1.080486] dynamic_debug:ddebug_change: changed drivers/acpi/numa.c:169 [acpi]acpi_table_print_srat_entry =_
[    1.080651] dynamic_debug:ddebug_change: changed drivers/acpi/numa.c:157 [acpi]acpi_table_print_srat_entry =_
[    1.080814] dynamic_debug:ddebug_change: changed drivers/acpi/numa.c:140 [acpi]acpi_table_print_srat_entry =_
[    1.080977] dynamic_debug:ddebug_change: changed drivers/acpi/fan.c:359 [fan]acpi_fan_probe =_
[    1.081138] dynamic_debug:ddebug_change: changed drivers/acpi/fan.c:195 [fan]fan_set_state_acpi4 =_
[    1.081301] dynamic_debug:ddebug_change: changed drivers/acpi/fan.c:136 [fan]fan_get_state_acpi4 =_
[    1.081463] dynamic_debug:ddebug_change: changed drivers/acpi/acpi_video.c:1759 [video]acpi_video_should_register_backlight =_
[    1.081640] dynamic_debug:ddebug_change: changed drivers/acpi/pci_slot.c:136 [pci_slot]register_slot =_
[    1.081812] dynamic_debug:ddebug_change: changed drivers/acpi/pci_slot.c:81 [pci_slot]check_slot =_
[    1.081978] dynamic_debug:ddebug_change: changed drivers/acpi/pci_slot.c:73 [pci_slot]check_slot =_
[    1.082140] dynamic_debug:ddebug_change: changed drivers/acpi/pci_slot.c:61 [pci_slot]check_slot =_
[    1.082303] dynamic_debug:ddebug_change: changed drivers/acpi/processor_driver.c:184 [processor]acpi_pss_perf_init =_
[    1.082467] dynamic_debug:ddebug_change: changed drivers/acpi/processor_idle.c:1443 [processor]acpi_processor_power_init =_
[    1.082632] dynamic_debug:ddebug_change: changed drivers/acpi/processor_idle.c:1039 [processor]acpi_processor_evaluate_lpi =_
[    1.082797] dynamic_debug:ddebug_change: changed drivers/acpi/processor_idle.c:1034 [processor]acpi_processor_evaluate_lpi =_
[    1.082964] dynamic_debug:ddebug_change: changed drivers/acpi/processor_idle.c:981 [processor]acpi_processor_evaluate_lpi =_
[    1.083137] dynamic_debug:ddebug_change: changed drivers/acpi/processor_idle.c:972 [processor]acpi_processor_evaluate_lpi =_
[    1.083308] dynamic_debug:ddebug_change: changed drivers/acpi/processor_perflib.c:138 [processor]acpi_processor_get_platform_limit =_
[    1.083577] dynamic_debug:vpr_info_dq: applied: func="" file="drivers/acpi/*" module="" format="" lineno=0-0
[    1.083781] dynamic_debug:ddebug_exec_queries: processed 4 queries, with 132 matches, 0 errs
[    1.083936] dynamic_debug:ddebug_dyndbg_boot_param_cb: acpi_backlight="vendor"
[    1.084090] dynamic_debug:ddebug_dyndbg_boot_param_cb: radeon.audio="0"
[    1.084210] dynamic_debug:ddebug_dyndbg_boot_param_cb: radeon.lockup_timeout="999000"
[    1.084365] dynamic_debug:ddebug_dyndbg_boot_param_cb: radeon.test="0"
[    1.084485] dynamic_debug:ddebug_dyndbg_boot_param_cb: radeon.agpmode="-1"
[    1.084608] dynamic_debug:ddebug_dyndbg_boot_param_cb: radeon.benchmark="0"
[    1.084727] dynamic_debug:ddebug_dyndbg_boot_param_cb: radeon.tv="0"
[    1.084849] dynamic_debug:ddebug_dyndbg_boot_param_cb: radeon.hard_reset="1"
[    1.084968] dynamic_debug:ddebug_dyndbg_boot_param_cb: radeon.msi="1"
[    1.085088] dynamic_debug:ddebug_dyndbg_boot_param_cb: radeon.pcie_gen2="-1"
[    1.085211] dynamic_debug:ddebug_dyndbg_boot_param_cb: radeon.no_wb="1"
[    1.085333] dynamic_debug:ddebug_dyndbg_boot_param_cb: radeon.dynclks="0"
[    1.085455] dynamic_debug:ddebug_dyndbg_boot_param_cb: radeon.r4xx_atom="0"
[    1.085574] dynamic_debug:ddebug_dyndbg_boot_param_cb: radeonfb="(null)"
[    1.085694] dynamic_debug:ddebug_dyndbg_boot_param_cb: radeon.fastfb="1"
[    1.085813] dynamic_debug:ddebug_dyndbg_boot_param_cb: radeon.dpm="1"
[    1.085932] dynamic_debug:ddebug_dyndbg_boot_param_cb: radeon.runpm="1"
[    1.086051] dynamic_debug:ddebug_dyndbg_boot_param_cb: rd.debug="(null)"
[    1.086169] dynamic_debug:ddebug_dyndbg_boot_param_cb: rd.udev.debug="(null)"
[    1.086289] dynamic_debug:ddebug_dyndbg_boot_param_cb: rd.memdebug="3"
[    1.086408] dynamic_debug:ddebug_dyndbg_boot_param_cb: net.ifnames="1"
[    1.086527] dynamic_debug:ddebug_dyndbg_boot_param_cb: slub_debug="U"
[    1.086649] dynamic_debug:ddebug_dyndbg_boot_param_cb: pax_sanitize_slab="full"
[    1.086807] dynamic_debug:ddebug_dyndbg_boot_param_cb: noefi="(null)"
[    1.086926] dynamic_debug:ddebug_dyndbg_boot_param_cb: nolvm="(null)"
[    1.087048] dynamic_debug:ddebug_dyndbg_boot_param_cb: dobtrfs="(null)"
[    1.087167] dynamic_debug:ddebug_dyndbg_boot_param_cb: console="tty1"
[    1.087289] dynamic_debug:ddebug_dyndbg_boot_param_cb: earlyprintk="vga"
[    1.087408] dynamic_debug:ddebug_dyndbg_boot_param_cb: CPUunderclocking="(null)"
[    1.087568] dynamic_debug:ddebug_dyndbg_boot_param_cb: radeon.modeset="1"
[    1.087694] dynamic_debug:ddebug_dyndbg_boot_param_cb: audit="0"
[    1.087817] dynamic_debug:ddebug_dyndbg_boot_param_cb: systemd.log_target="kmsg"
[    1.087976] dynamic_debug:ddebug_dyndbg_boot_param_cb: enforcing="0"
[    1.088095] dynamic_debug:ddebug_dyndbg_boot_param_cb: pcie_aspm="off"
[    1.088215] dynamic_debug:ddebug_dyndbg_boot_param_cb: radeon.aspm="0"
[    1.088333] dynamic_debug:ddebug_dyndbg_boot_param_cb: udev.children-max="1256"
[    1.088491] dynamic_debug:ddebug_dyndbg_boot_param_cb: rd.udev.children-max="1256"
[    1.088704] MCE: In-kernel MCE decoding enabled.
[    1.090110] NMI watchdog: enabled on all CPUs, permanently consumes one hw-PMU counter.
[    1.090789] started {early_reset_EHCIs kernel/smp.c:1294}
[    1.090978] early_pci_allowed {early_reset_EHCIs kernel/smp.c:1300}
[    1.091270] Found EHCI on 00:12.2 {kline kernel/smp.c:1220}
[    1.091398] bar_val: f014a900 {kline kernel/smp.c:1223}
[    1.091528] ehci_bar: ffffffffff7fe900 {kline kernel/smp.c:1245}
[    1.091661] n_ports:    5 {kline kernel/smp.c:1252}
[    1.091789] FLAG_CF was already set which likely means BIOS USB Legacy is Disabled. {ehci_status kernel/smp.c:1036}
[    1.091963]   ehci cmd     : 00080B00 {ehci_status kernel/smp.c:1038}
[    1.092091]   ehci conf flg: 00000001 {ehci_status kernel/smp.c:1039}
[    1.092219]   ehci status  : 0000100C {ehci_status kernel/smp.c:1040}
[    1.092347] port 1 status 00001000 {ehci_status kernel/smp.c:1043}
[    1.092475] port 2 status 00001000 {ehci_status kernel/smp.c:1043}
[    1.092604] port 3 status 00001000 {ehci_status kernel/smp.c:1043}
[    1.092724] port 4 status 00001000 {ehci_status kernel/smp.c:1043}
[    1.092844] port 5 status 00001000 {ehci_status kernel/smp.c:1043}
[    1.092963] ended {kline kernel/smp.c:1285}
[    1.093092] Found EHCI on 00:13.2 {kline kernel/smp.c:1220}
[    1.093211] bar_val: f014a800 {kline kernel/smp.c:1223}
[    1.093331] ehci_bar: ffffffffff7fe800 {kline kernel/smp.c:1245}
[    1.093453] n_ports:    5 {kline kernel/smp.c:1252}
[    1.093573] FLAG_CF was already set which likely means BIOS USB Legacy is Disabled. {ehci_status kernel/smp.c:1036}
[    1.093734]   ehci cmd     : 00080B00 {ehci_status kernel/smp.c:1038}
[    1.093854]   ehci conf flg: 00000001 {ehci_status kernel/smp.c:1039}
[    1.093975]   ehci status  : 0000100C {ehci_status kernel/smp.c:1040}
[    1.094094] port 1 status 00001803 {ehci_status kernel/smp.c:1043}
[    1.094214] port 2 status 00001000 {ehci_status kernel/smp.c:1043}
[    1.094334] port 3 status 00001803 {ehci_status kernel/smp.c:1043}
[    1.094456] port 4 status 00001000 {ehci_status kernel/smp.c:1043}
[    1.094576] port 5 status 00001000 {ehci_status kernel/smp.c:1043}
[    1.094707] ended {kline kernel/smp.c:1285}
[    1.165008] ended, failed 0 times {early_reset_EHCIs kernel/smp.c:1313}
[    1.165128] All EHCI controllers were reset. {smp_init kernel/smp.c:1333}
[    1.168613] smpboot: ++++++++++++++++++++=_---CPU UP  1
[    1.168808] x86: Booting SMP configuration:
[    1.168933] .... node  #0, CPUs:      #1
[    1.169037] smpboot: Setting warm reset code and vector.
[    1.169283] smpboot: 1.
[    1.169406] smpboot: 2.
[    1.169529] smpboot: 3.
[    1.169655] smpboot: Asserting INIT
[    1.169779] smpboot: Waiting for send to finish...
[    1.169904] smpboot: Deasserting INIT
[    1.170029] smpboot: Waiting for send to finish...
[    1.170153] smpboot: #startup loops: 2
[    1.170276] smpboot: Sending STARTUP #1
[    1.172320] smpboot: After apic_write
[    1.172449] smpboot: Startup point 1
[    1.172518] smpboot: Waiting for send to finish...
[    1.172649] smpboot: Sending STARTUP #2
[    1.172768] smpboot: After apic_write
[    1.172897] smpboot: Startup point 1
[    1.173015] smpboot: Waiting for send to finish...
[    1.173144] smpboot: After Startup
[    1.079428] masked ExtINT on CPU#1
[    1.079443] [Firmware Info]: CPU: 'AMD A6-3400M APU with Radeon(tm) HD Graphics' has AMD errata 665 Integer Divide Instruction May Cause Unpredictable Behavior.'
[    1.079444] [Firmware Info]: CPU: Double-checked CPU type. 'AMD A6-3400M APU with Radeon(tm) HD Graphics'
[    1.079444] [Firmware Info]: CPU: Setting workaround for 665...(set 'no665wo' in /proc/cmdline to disable)
[    1.138709] smpboot: Stack at about ffff8a604bb33f30
[    1.234630] TSC synchronization [CPU#0 -> CPU#1]:
[    1.235622] Measured 131168967 cycles TSC warp between CPUs, turning off TSC clock.
[    1.235796] tsc: Marking TSC unstable due to check_tsc_sync_source failed
[    1.239601] smpboot: ++++++++++++++++++++=_---CPU UP  2
[    1.239798]  #2
[    1.239835] smpboot: Setting warm reset code and vector.
[    1.240084] smpboot: 1.
[    1.240208] smpboot: 2.
[    1.240332] smpboot: 3.
[    1.240457] smpboot: Asserting INIT
[    1.240587] smpboot: Waiting for send to finish...
[    1.240713] smpboot: Deasserting INIT
[    1.240838] smpboot: Waiting for send to finish...
[    1.240964] smpboot: #startup loops: 2
[    1.241088] smpboot: Sending STARTUP #1
[    1.241213] smpboot: After apic_write
[    1.241348] smpboot: Startup point 1
[    1.241469] smpboot: Waiting for send to finish...
[    1.241608] smpboot: Sending STARTUP #2
[    1.241733] smpboot: After apic_write
[    1.241867] smpboot: Startup point 1
[    1.241992] smpboot: Waiting for send to finish...
[    1.242128] smpboot: After Startup
[    1.113980] masked ExtINT on CPU#2
[    1.113994] [Firmware Info]: CPU: 'AMD A6-3400M APU with Radeon(tm) HD Graphics' has AMD errata 665 Integer Divide Instruction May Cause Unpredictable Behavior.'
[    1.113995] [Firmware Info]: CPU: Double-checked CPU type. 'AMD A6-3400M APU with Radeon(tm) HD Graphics'
[    1.113996] [Firmware Info]: CPU: Setting workaround for 665...(set 'no665wo' in /proc/cmdline to disable)
[    1.173262] smpboot: Stack at about ffff8a604bb37f30
[    1.194031] smpboot: ++++++++++++++++++++=_---CPU UP  3
[    1.195007]  #3
[    1.195044] smpboot: Setting warm reset code and vector.
[    1.195293] smpboot: 1.
[    1.195418] smpboot: 2.
[    1.195541] smpboot: 3.
[    1.195611] smpboot: Asserting INIT
[    1.195732] smpboot: Waiting for send to finish...
[    1.195855] smpboot: Deasserting INIT
[    1.196002] smpboot: Waiting for send to finish...
[    1.196124] smpboot: #startup loops: 2
[    1.196244] smpboot: Sending STARTUP #1
[    1.196364] smpboot: After apic_write
[    1.196445] smpboot: Startup point 1
[    1.196551] smpboot: Waiting for send to finish...
[    1.196680] smpboot: Sending STARTUP #2
[    1.196800] smpboot: After apic_write
[    1.196931] smpboot: Startup point 1
[    1.197001] smpboot: Waiting for send to finish...
[    1.197134] smpboot: After Startup
[    0.002000] masked ExtINT on CPU#3
[    0.002000] [Firmware Info]: CPU: 'AMD A6-3400M APU with Radeon(tm) HD Graphics' has AMD errata 665 Integer Divide Instruction May Cause Unpredictable Behavior.'
[    0.002000] [Firmware Info]: CPU: Double-checked CPU type. 'AMD A6-3400M APU with Radeon(tm) HD Graphics'
[    0.002000] [Firmware Info]: CPU: Setting workaround for 665...(set 'no665wo' in /proc/cmdline to disable)
[    0.002000] smpboot: Stack at about ffff8a604bb43f30
[    1.257150] x86: Booted up 1 node, 4 CPUs
[    1.258131] CPUunderclocking: activating(?)=1 {apply_underclocking_if_needed kernel/smp.c:946}
[    1.258308] CPUunderclocking: activating... {apply_underclocking_if_needed kernel/smp.c:948}
[    1.258486] CPUunderclocking:   !! Rdmsr(1of2): core:0 idx:c0010064 ... {Rdmsr kernel/smp.c:696}
[    1.258648] CPUunderclocking:     !! Rdmsr(2of2): core:0 idx:c0010064 done. (resultx==8000017d000025e2 hi:8000017d lo:000025e2) {Rdmsr kernel/smp.c:712}
[    1.258810] CPUunderclocking:   !! Rdmsr(1of2): core:1 idx:c0010064 ... {Rdmsr kernel/smp.c:696}
[    1.258975] CPUunderclocking:     !! Rdmsr(2of2): core:1 idx:c0010064 done. (resultx==8000017d000025e2 hi:8000017d lo:000025e2) {Rdmsr kernel/smp.c:712}
[    1.259002] CPUunderclocking:   !! Rdmsr(1of2): core:2 idx:c0010064 ... {Rdmsr kernel/smp.c:696}
[    1.259173] CPUunderclocking:     !! Rdmsr(2of2): core:2 idx:c0010064 done. (resultx==8000017d000025e2 hi:8000017d lo:000025e2) {Rdmsr kernel/smp.c:712}
[    1.259342] CPUunderclocking:   !! Rdmsr(1of2): core:3 idx:c0010064 ... {Rdmsr kernel/smp.c:696}
[    1.259509] CPUunderclocking:     !! Rdmsr(2of2): core:3 idx:c0010064 done. (resultx==8000017d000025e2 hi:8000017d lo:000025e2) {Rdmsr kernel/smp.c:712}
[    1.259670] CPUunderclocking: !! Write(1of3) PState0 read : fid:30 did:2 vid:18 Multi:N/A {WritePState kernel/smp.c:854}
[    1.259830] CPUunderclocking: !! Write(2of3) PState0 write:6 did:0 vid:37 (multi:22) ... {WritePState kernel/smp.c:882}
[    1.260170] CPUunderclocking:   !! Wrmsr(before write): core:0/64 idx:c0010064 valx:8000017d00004a60 ...  {Wrmsr kernel/smp.c:637}
[    1.260338] CPUunderclocking:     !! Wrmsr(after write): done. {Wrmsr kernel/smp.c:676}
[    1.260502] CPUunderclocking:   !! Wrmsr(before write): core:1/64 idx:c0010064 valx:8000017d00004a60 ...  {Wrmsr kernel/smp.c:637}
[    1.260670] CPUunderclocking:     !! Wrmsr(after write): done. {Wrmsr kernel/smp.c:676}
[    1.260829] CPUunderclocking:   !! Wrmsr(before write): core:2/64 idx:c0010064 valx:8000017d00004a60 ...  {Wrmsr kernel/smp.c:637}
[    1.260994] CPUunderclocking:     !! Wrmsr(after write): done. {Wrmsr kernel/smp.c:676}
[    1.261003] CPUunderclocking:   !! Wrmsr(before write): core:3/64 idx:c0010064 valx:8000017d00004a60 ...  {Wrmsr kernel/smp.c:637}
[    1.261173] CPUunderclocking:     !! Wrmsr(after write): done. {Wrmsr kernel/smp.c:676}
[    1.261338] CPUunderclocking: !! Write(3of3) PState0 done. status:0 (0=success) {WritePState kernel/smp.c:884}
[    1.261498] CPUunderclocking:   !! Rdmsr(1of2): core:0 idx:c0010065 ... {Rdmsr kernel/smp.c:696}
[    1.261658] CPUunderclocking:     !! Rdmsr(2of2): core:0 idx:c0010065 done. (resultx==8000014000004fa3 hi:80000140 lo:00004fa3) {Rdmsr kernel/smp.c:712}
[    1.261823] CPUunderclocking:   !! Rdmsr(1of2): core:1 idx:c0010065 ... {Rdmsr kernel/smp.c:696}
[    1.262007] CPUunderclocking:     !! Rdmsr(2of2): core:1 idx:c0010065 done. (resultx==8000014000004fa3 hi:80000140 lo:00004fa3) {Rdmsr kernel/smp.c:712}
[    1.262176] CPUunderclocking:   !! Rdmsr(1of2): core:2 idx:c0010065 ... {Rdmsr kernel/smp.c:696}
[    1.262344] CPUunderclocking:     !! Rdmsr(2of2): core:2 idx:c0010065 done. (resultx==8000014000004fa3 hi:80000140 lo:00004fa3) {Rdmsr kernel/smp.c:712}
[    1.262507] CPUunderclocking:   !! Rdmsr(1of2): core:3 idx:c0010065 ... {Rdmsr kernel/smp.c:696}
[    1.262669] CPUunderclocking:     !! Rdmsr(2of2): core:3 idx:c0010065 done. (resultx==8000014000004fa3 hi:80000140 lo:00004fa3) {Rdmsr kernel/smp.c:712}
[    1.262838] CPUunderclocking: !! Write(1of3) PState1 read : fid:26 did:3 vid:39 Multi:N/A {WritePState kernel/smp.c:854}
[    1.263003] CPUunderclocking: !! Write(2of3) PState1 write:4 did:0 vid:42 (multi:20) ... {WritePState kernel/smp.c:882}
[    1.263169] CPUunderclocking:   !! Wrmsr(before write): core:0/64 idx:c0010065 valx:8000014000005440 ...  {Wrmsr kernel/smp.c:637}
[    1.263337] CPUunderclocking:     !! Wrmsr(after write): done. {Wrmsr kernel/smp.c:676}
[    1.263495] CPUunderclocking:   !! Wrmsr(before write): core:1/64 idx:c0010065 valx:8000014000005440 ...  {Wrmsr kernel/smp.c:637}
[    1.263659] CPUunderclocking:     !! Wrmsr(after write): done. {Wrmsr kernel/smp.c:676}
[    1.263820] CPUunderclocking:   !! Wrmsr(before write): core:2/64 idx:c0010065 valx:8000014000005440 ...  {Wrmsr kernel/smp.c:637}
[    1.264005] CPUunderclocking:     !! Wrmsr(after write): done. {Wrmsr kernel/smp.c:676}
[    1.264164] CPUunderclocking:   !! Wrmsr(before write): core:3/64 idx:c0010065 valx:8000014000005440 ...  {Wrmsr kernel/smp.c:637}
[    1.264330] CPUunderclocking:     !! Wrmsr(after write): done. {Wrmsr kernel/smp.c:676}
[    1.264489] CPUunderclocking: !! Write(3of3) PState1 done. status:0 (0=success) {WritePState kernel/smp.c:884}
[    1.264648] CPUunderclocking:   !! Rdmsr(1of2): core:0 idx:c0010066 ... {Rdmsr kernel/smp.c:696}
[    1.264808] CPUunderclocking:     !! Rdmsr(2of2): core:0 idx:c0010066 done. (resultx==8000013700005573 hi:80000137 lo:00005573) {Rdmsr kernel/smp.c:712}
[    1.265002] CPUunderclocking:   !! Rdmsr(1of2): core:1 idx:c0010066 ... {Rdmsr kernel/smp.c:696}
[    1.265166] CPUunderclocking:     !! Rdmsr(2of2): core:1 idx:c0010066 done. (resultx==8000013700005573 hi:80000137 lo:00005573) {Rdmsr kernel/smp.c:712}
[    1.265329] CPUunderclocking:   !! Rdmsr(1of2): core:2 idx:c0010066 ... {Rdmsr kernel/smp.c:696}
[    1.265495] CPUunderclocking:     !! Rdmsr(2of2): core:2 idx:c0010066 done. (resultx==8000013700005573 hi:80000137 lo:00005573) {Rdmsr kernel/smp.c:712}
[    1.265657] CPUunderclocking:   !! Rdmsr(1of2): core:3 idx:c0010066 ... {Rdmsr kernel/smp.c:696}
[    1.265819] CPUunderclocking:     !! Rdmsr(2of2): core:3 idx:c0010066 done. (resultx==8000013700005573 hi:80000137 lo:00005573) {Rdmsr kernel/smp.c:712}
[    1.266002] CPUunderclocking: !! Write(1of3) PState2 read : fid:23 did:3 vid:42 Multi:N/A {WritePState kernel/smp.c:854}
[    1.266163] CPUunderclocking: !! Write(2of3) PState2 write:2 did:0 vid:47 (multi:18) ... {WritePState kernel/smp.c:882}
[    1.267005] CPUunderclocking:   !! Wrmsr(before write): core:0/64 idx:c0010066 valx:8000013700005e20 ...  {Wrmsr kernel/smp.c:637}
[    1.267167] CPUunderclocking:     !! Wrmsr(after write): done. {Wrmsr kernel/smp.c:676}
[    1.267326] CPUunderclocking:   !! Wrmsr(before write): core:1/64 idx:c0010066 valx:8000013700005e20 ...  {Wrmsr kernel/smp.c:637}
[    1.267492] CPUunderclocking:     !! Wrmsr(after write): done. {Wrmsr kernel/smp.c:676}
[    1.267653] CPUunderclocking:   !! Wrmsr(before write): core:2/64 idx:c0010066 valx:8000013700005e20 ...  {Wrmsr kernel/smp.c:637}
[    1.268004] CPUunderclocking:     !! Wrmsr(after write): done. {Wrmsr kernel/smp.c:676}
[    1.268163] CPUunderclocking:   !! Wrmsr(before write): core:3/64 idx:c0010066 valx:8000013700005e20 ...  {Wrmsr kernel/smp.c:637}
[    1.268329] CPUunderclocking:     !! Wrmsr(after write): done. {Wrmsr kernel/smp.c:676}
[    1.268489] CPUunderclocking: !! Write(3of3) PState2 done. status:0 (0=success) {WritePState kernel/smp.c:884}
[    1.268649] CPUunderclocking:   !! Rdmsr(1of2): core:0 idx:c0010067 ... {Rdmsr kernel/smp.c:696}
[    1.268810] CPUunderclocking:     !! Rdmsr(2of2): core:0 idx:c0010067 done. (resultx==8000013200005b43 hi:80000132 lo:00005b43) {Rdmsr kernel/smp.c:712}
[    1.269001] CPUunderclocking:   !! Rdmsr(1of2): core:1 idx:c0010067 ... {Rdmsr kernel/smp.c:696}
[    1.269164] CPUunderclocking:     !! Rdmsr(2of2): core:1 idx:c0010067 done. (resultx==8000013200005b43 hi:80000132 lo:00005b43) {Rdmsr kernel/smp.c:712}
[    1.269327] CPUunderclocking:   !! Rdmsr(1of2): core:2 idx:c0010067 ... {Rdmsr kernel/smp.c:696}
[    1.269493] CPUunderclocking:     !! Rdmsr(2of2): core:2 idx:c0010067 done. (resultx==8000013200005b43 hi:80000132 lo:00005b43) {Rdmsr kernel/smp.c:712}
[    1.269656] CPUunderclocking:   !! Rdmsr(1of2): core:3 idx:c0010067 ... {Rdmsr kernel/smp.c:696}
[    1.269820] CPUunderclocking:     !! Rdmsr(2of2): core:3 idx:c0010067 done. (resultx==8000013200005b43 hi:80000132 lo:00005b43) {Rdmsr kernel/smp.c:712}
[    1.270005] CPUunderclocking: !! Write(1of3) PState3 read : fid:20 did:3 vid:45 Multi:N/A {WritePState kernel/smp.c:854}
[    1.270166] CPUunderclocking: !! Write(2of3) PState3 write:1 did:0 vid:49 (multi:17) ... {WritePState kernel/smp.c:882}
[    1.270326] CPUunderclocking:   !! Wrmsr(before write): core:0/64 idx:c0010067 valx:8000013200006210 ...  {Wrmsr kernel/smp.c:637}
[    1.270489] CPUunderclocking:     !! Wrmsr(after write): done. {Wrmsr kernel/smp.c:676}
[    1.270649] CPUunderclocking:   !! Wrmsr(before write): core:1/64 idx:c0010067 valx:8000013200006210 ...  {Wrmsr kernel/smp.c:637}
[    1.270814] CPUunderclocking:     !! Wrmsr(after write): done. {Wrmsr kernel/smp.c:676}
[    1.271002] CPUunderclocking:   !! Wrmsr(before write): core:2/64 idx:c0010067 valx:8000013200006210 ...  {Wrmsr kernel/smp.c:637}
[    1.271168] CPUunderclocking:     !! Wrmsr(after write): done. {Wrmsr kernel/smp.c:676}
[    1.271324] CPUunderclocking:   !! Wrmsr(before write): core:3/64 idx:c0010067 valx:8000013200006210 ...  {Wrmsr kernel/smp.c:637}
[    1.271483] CPUunderclocking:     !! Wrmsr(after write): done. {Wrmsr kernel/smp.c:676}
[    1.271641] CPUunderclocking: !! Write(3of3) PState3 done. status:0 (0=success) {WritePState kernel/smp.c:884}
[    1.271798] CPUunderclocking:   !! Rdmsr(1of2): core:0 idx:c0010068 ... {Rdmsr kernel/smp.c:696}
[    1.272002] CPUunderclocking:     !! Rdmsr(2of2): core:0 idx:c0010068 done. (resultx==8000012e00005d13 hi:8000012e lo:00005d13) {Rdmsr kernel/smp.c:712}
[    1.272164] CPUunderclocking:   !! Rdmsr(1of2): core:1 idx:c0010068 ... {Rdmsr kernel/smp.c:696}
[    1.272326] CPUunderclocking:     !! Rdmsr(2of2): core:1 idx:c0010068 done. (resultx==8000012e00005d13 hi:8000012e lo:00005d13) {Rdmsr kernel/smp.c:712}
[    1.272486] CPUunderclocking:   !! Rdmsr(1of2): core:2 idx:c0010068 ... {Rdmsr kernel/smp.c:696}
[    1.272647] CPUunderclocking:     !! Rdmsr(2of2): core:2 idx:c0010068 done. (resultx==8000012e00005d13 hi:8000012e lo:00005d13) {Rdmsr kernel/smp.c:712}
[    1.272807] CPUunderclocking:   !! Rdmsr(1of2): core:3 idx:c0010068 ... {Rdmsr kernel/smp.c:696}
[    1.273004] CPUunderclocking:     !! Rdmsr(2of2): core:3 idx:c0010068 done. (resultx==8000012e00005d13 hi:8000012e lo:00005d13) {Rdmsr kernel/smp.c:712}
[    1.273166] CPUunderclocking: !! Write(1of3) PState4 read : fid:17 did:3 vid:46 Multi:N/A {WritePState kernel/smp.c:854}
[    1.273326] CPUunderclocking: !! Write(2of3) PState4 write:0 did:0 vid:52 (multi:16) ... {WritePState kernel/smp.c:882}
[    1.273482] CPUunderclocking:   !! Wrmsr(before write): core:0/64 idx:c0010068 valx:8000012e00006800 ...  {Wrmsr kernel/smp.c:637}
[    1.273640] CPUunderclocking:     !! Wrmsr(after write): done. {Wrmsr kernel/smp.c:676}
[    1.273798] CPUunderclocking:   !! Wrmsr(before write): core:1/64 idx:c0010068 valx:8000012e00006800 ...  {Wrmsr kernel/smp.c:637}
[    1.273962] CPUunderclocking:     !! Wrmsr(after write): done. {Wrmsr kernel/smp.c:676}
[    1.274002] CPUunderclocking:   !! Wrmsr(before write): core:2/64 idx:c0010068 valx:8000012e00006800 ...  {Wrmsr kernel/smp.c:637}
[    1.274165] CPUunderclocking:     !! Wrmsr(after write): done. {Wrmsr kernel/smp.c:676}
[    1.274321] CPUunderclocking:   !! Wrmsr(before write): core:3/64 idx:c0010068 valx:8000012e00006800 ...  {Wrmsr kernel/smp.c:637}
[    1.274486] CPUunderclocking:     !! Wrmsr(after write): done. {Wrmsr kernel/smp.c:676}
[    1.274640] CPUunderclocking: !! Write(3of3) PState4 done. status:0 (0=success) {WritePState kernel/smp.c:884}
[    1.274799] CPUunderclocking:   !! Rdmsr(1of2): core:0 idx:c0010069 ... {Rdmsr kernel/smp.c:696}
[    1.275003] CPUunderclocking:     !! Rdmsr(2of2): core:0 idx:c0010069 done. (resultx==8000012b00005ee3 hi:8000012b lo:00005ee3) {Rdmsr kernel/smp.c:712}
[    1.275164] CPUunderclocking:   !! Rdmsr(1of2): core:1 idx:c0010069 ... {Rdmsr kernel/smp.c:696}
[    1.275324] CPUunderclocking:     !! Rdmsr(2of2): core:1 idx:c0010069 done. (resultx==8000012b00005ee3 hi:8000012b lo:00005ee3) {Rdmsr kernel/smp.c:712}
[    1.275491] CPUunderclocking:   !! Rdmsr(1of2): core:2 idx:c0010069 ... {Rdmsr kernel/smp.c:696}
[    1.275654] CPUunderclocking:     !! Rdmsr(2of2): core:2 idx:c0010069 done. (resultx==8000012b00005ee3 hi:8000012b lo:00005ee3) {Rdmsr kernel/smp.c:712}
[    1.275816] CPUunderclocking:   !! Rdmsr(1of2): core:3 idx:c0010069 ... {Rdmsr kernel/smp.c:696}
[    1.276004] CPUunderclocking:     !! Rdmsr(2of2): core:3 idx:c0010069 done. (resultx==8000012b00005ee3 hi:8000012b lo:00005ee3) {Rdmsr kernel/smp.c:712}
[    1.276169] CPUunderclocking: !! Write(1of3) PState5 read : fid:14 did:3 vid:47 Multi:N/A {WritePState kernel/smp.c:854}
[    1.276331] CPUunderclocking: !! Write(2of3) PState5 write:5 did:1 vid:55 (multi:14) ... {WritePState kernel/smp.c:882}
[    1.276494] CPUunderclocking:   !! Wrmsr(before write): core:0/64 idx:c0010069 valx:8000012b00006e51 ...  {Wrmsr kernel/smp.c:637}
[    1.276655] CPUunderclocking:     !! Wrmsr(after write): done. {Wrmsr kernel/smp.c:676}
[    1.276813] CPUunderclocking:   !! Wrmsr(before write): core:1/64 idx:c0010069 valx:8000012b00006e51 ...  {Wrmsr kernel/smp.c:637}
[    1.277004] CPUunderclocking:     !! Wrmsr(after write): done. {Wrmsr kernel/smp.c:676}
[    1.277164] CPUunderclocking:   !! Wrmsr(before write): core:2/64 idx:c0010069 valx:8000012b00006e51 ...  {Wrmsr kernel/smp.c:637}
[    1.277330] CPUunderclocking:     !! Wrmsr(after write): done. {Wrmsr kernel/smp.c:676}
[    1.277491] CPUunderclocking:   !! Wrmsr(before write): core:3/64 idx:c0010069 valx:8000012b00006e51 ...  {Wrmsr kernel/smp.c:637}
[    1.277657] CPUunderclocking:     !! Wrmsr(after write): done. {Wrmsr kernel/smp.c:676}
[    1.277815] CPUunderclocking: !! Write(3of3) PState5 done. status:0 (0=success) {WritePState kernel/smp.c:884}
[    1.278001] CPUunderclocking:   !! Rdmsr(1of2): core:0 idx:c001006a ... {Rdmsr kernel/smp.c:696}
[    1.278163] CPUunderclocking:     !! Rdmsr(2of2): core:0 idx:c001006a done. (resultx==80000127000060b3 hi:80000127 lo:000060b3) {Rdmsr kernel/smp.c:712}
[    1.278327] CPUunderclocking:   !! Rdmsr(1of2): core:1 idx:c001006a ... {Rdmsr kernel/smp.c:696}
[    1.278492] CPUunderclocking:     !! Rdmsr(2of2): core:1 idx:c001006a done. (resultx==80000127000060b3 hi:80000127 lo:000060b3) {Rdmsr kernel/smp.c:712}
[    1.278655] CPUunderclocking:   !! Rdmsr(1of2): core:2 idx:c001006a ... {Rdmsr kernel/smp.c:696}
[    1.278819] CPUunderclocking:     !! Rdmsr(2of2): core:2 idx:c001006a done. (resultx==80000127000060b3 hi:80000127 lo:000060b3) {Rdmsr kernel/smp.c:712}
[    1.279001] CPUunderclocking:   !! Rdmsr(1of2): core:3 idx:c001006a ... {Rdmsr kernel/smp.c:696}
[    1.279164] CPUunderclocking:     !! Rdmsr(2of2): core:3 idx:c001006a done. (resultx==80000127000060b3 hi:80000127 lo:000060b3) {Rdmsr kernel/smp.c:712}
[    1.279328] CPUunderclocking: !! Write(1of3) PState6 read : fid:11 did:3 vid:48 Multi:N/A {WritePState kernel/smp.c:854}
[    1.279490] CPUunderclocking: !! Write(2of3) PState6 write:2 did:1 vid:59 (multi:12) ... {WritePState kernel/smp.c:882}
[    1.279651] CPUunderclocking:   !! Wrmsr(before write): core:0/64 idx:c001006a valx:8000012700007621 ...  {Wrmsr kernel/smp.c:637}
[    1.279815] CPUunderclocking:     !! Wrmsr(after write): done. {Wrmsr kernel/smp.c:676}
[    1.279973] CPUunderclocking:   !! Wrmsr(before write): core:1/64 idx:c001006a valx:8000012700007621 ...  {Wrmsr kernel/smp.c:637}
[    1.280004] CPUunderclocking:     !! Wrmsr(after write): done. {Wrmsr kernel/smp.c:676}
[    1.280165] CPUunderclocking:   !! Wrmsr(before write): core:2/64 idx:c001006a valx:8000012700007621 ...  {Wrmsr kernel/smp.c:637}
[    1.280330] CPUunderclocking:     !! Wrmsr(after write): done. {Wrmsr kernel/smp.c:676}
[    1.280489] CPUunderclocking:   !! Wrmsr(before write): core:3/64 idx:c001006a valx:8000012700007621 ...  {Wrmsr kernel/smp.c:637}
[    1.280655] CPUunderclocking:     !! Wrmsr(after write): done. {Wrmsr kernel/smp.c:676}
[    1.280816] CPUunderclocking: !! Write(3of3) PState6 done. status:0 (0=success) {WritePState kernel/smp.c:884}
[    1.281001] CPUunderclocking:   !! Rdmsr(1of2): core:0 idx:c001006b ... {Rdmsr kernel/smp.c:696}
[    1.281161] CPUunderclocking:     !! Rdmsr(2of2): core:0 idx:c001006b done. (resultx==8000012500006504 hi:80000125 lo:00006504) {Rdmsr kernel/smp.c:712}
[    1.281325] CPUunderclocking:   !! Rdmsr(1of2): core:1 idx:c001006b ... {Rdmsr kernel/smp.c:696}
[    1.281489] CPUunderclocking:     !! Rdmsr(2of2): core:1 idx:c001006b done. (resultx==8000012500006504 hi:80000125 lo:00006504) {Rdmsr kernel/smp.c:712}
[    1.281653] CPUunderclocking:   !! Rdmsr(1of2): core:2 idx:c001006b ... {Rdmsr kernel/smp.c:696}
[    1.282005] CPUunderclocking:     !! Rdmsr(2of2): core:2 idx:c001006b done. (resultx==8000012500006504 hi:80000125 lo:00006504) {Rdmsr kernel/smp.c:712}
[    1.283001] CPUunderclocking:   !! Rdmsr(1of2): core:3 idx:c001006b ... {Rdmsr kernel/smp.c:696}
[    1.283165] CPUunderclocking:     !! Rdmsr(2of2): core:3 idx:c001006b done. (resultx==8000012500006504 hi:80000125 lo:00006504) {Rdmsr kernel/smp.c:712}
[    1.283329] CPUunderclocking: !! Write(1of3) PState7 read : fid:16 did:4 vid:50 Multi:N/A {WritePState kernel/smp.c:854}
[    1.283489] CPUunderclocking: !! Write(2of3) PState7 write:0 did:2 vid:67 (multi:8) ... {WritePState kernel/smp.c:882}
[    1.283650] CPUunderclocking:   !! Wrmsr(before write): core:0/64 idx:c001006b valx:8000012500008602 ...  {Wrmsr kernel/smp.c:637}
[    1.283813] CPUunderclocking:     !! Wrmsr(after write): done. {Wrmsr kernel/smp.c:676}
[    1.283973] CPUunderclocking:   !! Wrmsr(before write): core:1/64 idx:c001006b valx:8000012500008602 ...  {Wrmsr kernel/smp.c:637}
[    1.284004] CPUunderclocking:     !! Wrmsr(after write): done. {Wrmsr kernel/smp.c:676}
[    1.284164] CPUunderclocking:   !! Wrmsr(before write): core:2/64 idx:c001006b valx:8000012500008602 ...  {Wrmsr kernel/smp.c:637}
[    1.284366] CPUunderclocking:     !! Wrmsr(after write): done. {Wrmsr kernel/smp.c:676}
[    1.284573] CPUunderclocking:   !! Wrmsr(before write): core:3/64 idx:c001006b valx:8000012500008602 ...  {Wrmsr kernel/smp.c:637}
[    1.284740] CPUunderclocking:     !! Wrmsr(after write): done. {Wrmsr kernel/smp.c:676}
[    1.285001] CPUunderclocking: !! Write(3of3) PState7 done. status:0 (0=success) {WritePState kernel/smp.c:884}
[    1.285163] CPUunderclocking: Switching to another p-state temporarily so to ensure that the current one uses newly applied values {apply_underclocking_if_needed kernel/smp.c:954}
[    1.285367] CPUunderclocking:   !! Rdmsr(1of2): core:0 idx:c0010071 ... {Rdmsr kernel/smp.c:696}
[    1.285528] CPUunderclocking:     !! Rdmsr(2of2): core:0 idx:c0010071 done. (resultx==003160975a014e40 hi:00316097 lo:5a014e40) {Rdmsr kernel/smp.c:712}
[    1.285692] CPUunderclocking:   !! Rdmsr(1of2): core:1 idx:c0010071 ... {Rdmsr kernel/smp.c:696}
[    1.285856] CPUunderclocking:     !! Rdmsr(2of2): core:1 idx:c0010071 done. (resultx==003160975a014ba3 hi:00316097 lo:5a014ba3) {Rdmsr kernel/smp.c:712}
[    1.286002] CPUunderclocking:     !! Rdmsr(3of2): different results for cores(this is expected to be so, depending on load) core[0] != core[1] (see above KERN_DEBUG msgs) {Rdmsr kernel/smp.c:717}
[    1.286206] CPUunderclocking:   !! Rdmsr(1of2): core:2 idx:c0010071 ... {Rdmsr kernel/smp.c:696}
[    1.286371] CPUunderclocking:     !! Rdmsr(2of2): core:2 idx:c0010071 done. (resultx==003160975a014fa3 hi:00316097 lo:5a014fa3) {Rdmsr kernel/smp.c:712}
[    1.286535] CPUunderclocking:     !! Rdmsr(3of2): different results for cores(this is expected to be so, depending on load) core[1] != core[2] (see above KERN_DEBUG msgs) {Rdmsr kernel/smp.c:717}
[    1.286739] CPUunderclocking:   !! Rdmsr(1of2): core:3 idx:c0010071 ... {Rdmsr kernel/smp.c:696}
[    1.286899] CPUunderclocking:     !! Rdmsr(2of2): core:3 idx:c0010071 done. (resultx==003160975a014e40 hi:00316097 lo:5a014e40) {Rdmsr kernel/smp.c:712}
[    1.287002] CPUunderclocking:     !! Rdmsr(3of2): different results for cores(this is expected to be so, depending on load) core[2] != core[3] (see above KERN_DEBUG msgs) {Rdmsr kernel/smp.c:717}
[    1.287200] CPUunderclocking: !! currentpstate:1 temppstate:7 {apply_underclocking_if_needed kernel/smp.c:962}
[    1.287357] CPUunderclocking:   !! Rdmsr(1of2): core:0 idx:c0010062 ... {Rdmsr kernel/smp.c:696}
[    1.287515] CPUunderclocking:     !! Rdmsr(2of2): core:0 idx:c0010062 done. (resultx==0000000000000000 hi:00000000 lo:00000000) {Rdmsr kernel/smp.c:712}
[    1.287676] CPUunderclocking:   !! Rdmsr(1of2): core:1 idx:c0010062 ... {Rdmsr kernel/smp.c:696}
[    1.287838] CPUunderclocking:     !! Rdmsr(2of2): core:1 idx:c0010062 done. (resultx==0000000000000000 hi:00000000 lo:00000000) {Rdmsr kernel/smp.c:712}
[    1.288001] CPUunderclocking:   !! Rdmsr(1of2): core:2 idx:c0010062 ... {Rdmsr kernel/smp.c:696}
[    1.288163] CPUunderclocking:     !! Rdmsr(2of2): core:2 idx:c0010062 done. (resultx==0000000000000000 hi:00000000 lo:00000000) {Rdmsr kernel/smp.c:712}
[    1.288322] CPUunderclocking:   !! Rdmsr(1of2): core:3 idx:c0010062 ... {Rdmsr kernel/smp.c:696}
[    1.288483] CPUunderclocking:     !! Rdmsr(2of2): core:3 idx:c0010062 done. (resultx==0000000000000000 hi:00000000 lo:00000000) {Rdmsr kernel/smp.c:712}
[    1.288644] CPUunderclocking:   !! Wrmsr(before write): core:0/64 idx:c0010062 valx:0000000000000006 ...  {Wrmsr kernel/smp.c:637}
[    1.288805] CPUunderclocking:     !! Wrmsr(after write): done. {Wrmsr kernel/smp.c:676}
[    1.289005] CPUunderclocking:   !! Wrmsr(before write): core:1/64 idx:c0010062 valx:0000000000000006 ...  {Wrmsr kernel/smp.c:637}
[    1.289187] CPUunderclocking:     !! Wrmsr(after write): done. {Wrmsr kernel/smp.c:676}
[    1.289360] CPUunderclocking:   !! Wrmsr(before write): core:2/64 idx:c0010062 valx:0000000000000006 ...  {Wrmsr kernel/smp.c:637}
[    1.289542] CPUunderclocking:     !! Wrmsr(after write): done. {Wrmsr kernel/smp.c:676}
[    1.289715] CPUunderclocking:   !! Wrmsr(before write): core:3/64 idx:c0010062 valx:0000000000000006 ...  {Wrmsr kernel/smp.c:637}
[    1.290008] CPUunderclocking:     !! Wrmsr(after write): done. {Wrmsr kernel/smp.c:676}
[    1.290181] CPUunderclocking:   !! Rdmsr(1of2): core:0 idx:c0010063 ... {Rdmsr kernel/smp.c:696}
[    1.290357] CPUunderclocking:     !! Rdmsr(2of2): core:0 idx:c0010063 done. (resultx==0000000000000006 hi:00000000 lo:00000006) {Rdmsr kernel/smp.c:712}
[    1.290538] CPUunderclocking:   !! Rdmsr(1of2): core:1 idx:c0010063 ... {Rdmsr kernel/smp.c:696}
[    1.290718] CPUunderclocking:     !! Rdmsr(2of2): core:1 idx:c0010063 done. (resultx==0000000000000000 hi:00000000 lo:00000000) {Rdmsr kernel/smp.c:712}
[    1.290899] CPUunderclocking:     !! Rdmsr(3of2): different results for cores(this is expected to be so, depending on load) core[0] != core[1] (see above KERN_DEBUG msgs) {Rdmsr kernel/smp.c:717}
[    1.291004] CPUunderclocking:   !! Rdmsr(1of2): core:2 idx:c0010063 ... {Rdmsr kernel/smp.c:696}
[    1.291187] CPUunderclocking:     !! Rdmsr(2of2): core:2 idx:c0010063 done. (resultx==0000000000000000 hi:00000000 lo:00000000) {Rdmsr kernel/smp.c:712}
[    1.291371] CPUunderclocking:   !! Rdmsr(1of2): core:3 idx:c0010063 ... {Rdmsr kernel/smp.c:696}
[    1.291553] CPUunderclocking:     !! Rdmsr(2of2): core:3 idx:c0010063 done. (resultx==0000000000000006 hi:00000000 lo:00000006) {Rdmsr kernel/smp.c:712}
[    1.291737] CPUunderclocking:     !! Rdmsr(3of2): different results for cores(this is expected to be so, depending on load) core[2] != core[3] (see above KERN_DEBUG msgs) {Rdmsr kernel/smp.c:717}
[    1.292005] CPUunderclocking: Waiting for PState to settle at wanted. Current: i(16bits)=6 j(64bits)=6 wantedpstate=6 tries left:9 {SetCurrentPState kernel/smp.c:926}
[    1.292232] CPUunderclocking:   !! Rdmsr(1of2): core:0 idx:c0010071 ... {Rdmsr kernel/smp.c:696}
[    1.292411] CPUunderclocking:     !! Rdmsr(2of2): core:0 idx:c0010071 done. (resultx==003160975a074e02 hi:00316097 lo:5a074e02) {Rdmsr kernel/smp.c:712}
[    1.292595] CPUunderclocking:   !! Rdmsr(1of2): core:1 idx:c0010071 ... {Rdmsr kernel/smp.c:696}
[    1.292778] CPUunderclocking:     !! Rdmsr(2of2): core:1 idx:c0010071 done. (resultx==003160975a014fa3 hi:00316097 lo:5a014fa3) {Rdmsr kernel/smp.c:712}
[    1.293005] CPUunderclocking:     !! Rdmsr(3of2): different results for cores(this is expected to be so, depending on load) core[0] != core[1] (see above KERN_DEBUG msgs) {Rdmsr kernel/smp.c:717}
[    1.293235] CPUunderclocking:   !! Rdmsr(1of2): core:2 idx:c0010071 ... {Rdmsr kernel/smp.c:696}
[    1.293417] CPUunderclocking:     !! Rdmsr(2of2): core:2 idx:c0010071 done. (resultx==003160975a014fa3 hi:00316097 lo:5a014fa3) {Rdmsr kernel/smp.c:712}
[    1.293599] CPUunderclocking:   !! Rdmsr(1of2): core:3 idx:c0010071 ... {Rdmsr kernel/smp.c:696}
[    1.293782] CPUunderclocking:     !! Rdmsr(2of2): core:3 idx:c0010071 done. (resultx==003160975a074e02 hi:00316097 lo:5a074e02) {Rdmsr kernel/smp.c:712}
[    1.294004] CPUunderclocking:     !! Rdmsr(3of2): different results for cores(this is expected to be so, depending on load) core[2] != core[3] (see above KERN_DEBUG msgs) {Rdmsr kernel/smp.c:717}
[    1.294235] CPUunderclocking: !! currentpstate:7 {apply_underclocking_if_needed kernel/smp.c:964}
[    1.294413] CPUunderclocking:   !! Rdmsr(1of2): core:0 idx:c0010062 ... {Rdmsr kernel/smp.c:696}
[    1.294591] CPUunderclocking:     !! Rdmsr(2of2): core:0 idx:c0010062 done. (resultx==0000000000000006 hi:00000000 lo:00000006) {Rdmsr kernel/smp.c:712}
[    1.294775] CPUunderclocking:   !! Rdmsr(1of2): core:1 idx:c0010062 ... {Rdmsr kernel/smp.c:696}
[    1.295005] CPUunderclocking:     !! Rdmsr(2of2): core:1 idx:c0010062 done. (resultx==0000000000000006 hi:00000000 lo:00000006) {Rdmsr kernel/smp.c:712}
[    1.295189] CPUunderclocking:   !! Rdmsr(1of2): core:2 idx:c0010062 ... {Rdmsr kernel/smp.c:696}
[    1.295372] CPUunderclocking:     !! Rdmsr(2of2): core:2 idx:c0010062 done. (resultx==0000000000000006 hi:00000000 lo:00000006) {Rdmsr kernel/smp.c:712}
[    1.295556] CPUunderclocking:   !! Rdmsr(1of2): core:3 idx:c0010062 ... {Rdmsr kernel/smp.c:696}
[    1.295739] CPUunderclocking:     !! Rdmsr(2of2): core:3 idx:c0010062 done. (resultx==0000000000000006 hi:00000000 lo:00000006) {Rdmsr kernel/smp.c:712}
[    1.295924] CPUunderclocking:   !! Wrmsr(before write): core:0/64 idx:c0010062 valx:0000000000000000 ...  {Wrmsr kernel/smp.c:637}
[    1.296007] CPUunderclocking:     !! Wrmsr(after write): done. {Wrmsr kernel/smp.c:676}
[    1.296166] CPUunderclocking:   !! Wrmsr(before write): core:1/64 idx:c0010062 valx:0000000000000000 ...  {Wrmsr kernel/smp.c:637}
[    1.296332] CPUunderclocking:     !! Wrmsr(after write): done. {Wrmsr kernel/smp.c:676}
[    1.296492] CPUunderclocking:   !! Wrmsr(before write): core:2/64 idx:c0010062 valx:0000000000000000 ...  {Wrmsr kernel/smp.c:637}
[    1.296658] CPUunderclocking:     !! Wrmsr(after write): done. {Wrmsr kernel/smp.c:676}
[    1.296817] CPUunderclocking:   !! Wrmsr(before write): core:3/64 idx:c0010062 valx:0000000000000000 ...  {Wrmsr kernel/smp.c:637}
[    1.297006] CPUunderclocking:     !! Wrmsr(after write): done. {Wrmsr kernel/smp.c:676}
[    1.297166] CPUunderclocking:   !! Rdmsr(1of2): core:0 idx:c0010063 ... {Rdmsr kernel/smp.c:696}
[    1.297327] CPUunderclocking:     !! Rdmsr(2of2): core:0 idx:c0010063 done. (resultx==0000000000000000 hi:00000000 lo:00000000) {Rdmsr kernel/smp.c:712}
[    1.297491] CPUunderclocking:   !! Rdmsr(1of2): core:1 idx:c0010063 ... {Rdmsr kernel/smp.c:696}
[    1.297655] CPUunderclocking:     !! Rdmsr(2of2): core:1 idx:c0010063 done. (resultx==0000000000000000 hi:00000000 lo:00000000) {Rdmsr kernel/smp.c:712}
[    1.297818] CPUunderclocking:   !! Rdmsr(1of2): core:2 idx:c0010063 ... {Rdmsr kernel/smp.c:696}
[    1.298006] CPUunderclocking:     !! Rdmsr(2of2): core:2 idx:c0010063 done. (resultx==0000000000000000 hi:00000000 lo:00000000) {Rdmsr kernel/smp.c:712}
[    1.299002] CPUunderclocking:   !! Rdmsr(1of2): core:3 idx:c0010063 ... {Rdmsr kernel/smp.c:696}
[    1.299165] CPUunderclocking:     !! Rdmsr(2of2): core:3 idx:c0010063 done. (resultx==0000000000000000 hi:00000000 lo:00000000) {Rdmsr kernel/smp.c:712}
[    1.299330] CPUunderclocking: Waiting for PState to settle at wanted. Current: i(16bits)=0 j(64bits)=0 wantedpstate=0 tries left:9 {SetCurrentPState kernel/smp.c:926}
[    1.299533] CPUunderclocking:   !! Rdmsr(1of2): core:0 idx:c0010071 ... {Rdmsr kernel/smp.c:696}
[    1.299694] CPUunderclocking:     !! Rdmsr(2of2): core:0 idx:c0010071 done. (resultx==003160975a014e40 hi:00316097 lo:5a014e40) {Rdmsr kernel/smp.c:712}
[    1.300001] CPUunderclocking:   !! Rdmsr(1of2): core:1 idx:c0010071 ... {Rdmsr kernel/smp.c:696}
[    1.300166] CPUunderclocking:     !! Rdmsr(2of2): core:1 idx:c0010071 done. (resultx==003160975a014fa3 hi:00316097 lo:5a014fa3) {Rdmsr kernel/smp.c:712}
[    1.300330] CPUunderclocking:     !! Rdmsr(3of2): different results for cores(this is expected to be so, depending on load) core[0] != core[1] (see above KERN_DEBUG msgs) {Rdmsr kernel/smp.c:717}
[    1.300534] CPUunderclocking:   !! Rdmsr(1of2): core:2 idx:c0010071 ... {Rdmsr kernel/smp.c:696}
[    1.300699] CPUunderclocking:     !! Rdmsr(2of2): core:2 idx:c0010071 done. (resultx==003160975a014fa3 hi:00316097 lo:5a014fa3) {Rdmsr kernel/smp.c:712}
[    1.300863] CPUunderclocking:   !! Rdmsr(1of2): core:3 idx:c0010071 ... {Rdmsr kernel/smp.c:696}
[    1.301004] CPUunderclocking:     !! Rdmsr(2of2): core:3 idx:c0010071 done. (resultx==003160975a014e40 hi:00316097 lo:5a014e40) {Rdmsr kernel/smp.c:712}
[    1.301169] CPUunderclocking:     !! Rdmsr(3of2): different results for cores(this is expected to be so, depending on load) core[2] != core[3] (see above KERN_DEBUG msgs) {Rdmsr kernel/smp.c:717}
[    1.301373] CPUunderclocking: !! currentpstate:1 {apply_underclocking_if_needed kernel/smp.c:966}
[    1.301533] CPUunderclocking: done. {apply_underclocking_if_needed kernel/smp.c:969}
[    1.301692] smpboot: Boot done
[    1.301813] ----------------
[    1.301932] | NMI testsuite:
[    1.302002] --------------------
[    1.302121]   remote IPI:  ok  |
[    1.306217]    local IPI:  ok  |
[    1.317007] --------------------
[    1.317187] Good, all   2 testcases passed! |
[    1.317313] ---------------------------------
[    1.317439] smpboot: Before bogomips
[    1.317566] smpboot: Total of 4 processors activated (11179.37 BogoMIPS)
[    1.317694] smpboot: Before bogocount - setting activated=1
[    1.320832] devtmpfs: initialized
[    1.321224] device: 'platform': device_add
[    1.321742] bus: 'platform': registered
[    1.322092] bus: 'cpu': registered
[    1.322277] device: 'cpu': device_add
[    1.322909] bus: 'container': registered
[    1.323014] device: 'container': device_add
[    1.326677] bus: 'workqueue': registered
[    1.326873] device: 'workqueue': device_add
[    1.327517] clocksource: jiffies: mask: 0xffffffff max_cycles: 0xffffffff, max_idle_ns: 1911260446275000 ns
[    1.327903] xor: measuring software checksum speed
[    1.338002]    prefetch64-sse:  8796.000 MB/sec
[    1.348001]    generic_sse:  7916.000 MB/sec
[    1.348175] xor: using function: prefetch64-sse (8796.000 MB/sec)
[    1.348313] atomic64_test: passed for x86-64 platform with CX8 and with SSE
[    1.348442] device class 'regulator': registering
[    1.348800] Registering platform device 'reg-dummy'. Parent at platform
[    1.348981] device: 'reg-dummy': device_add
[    1.349066] bus: 'platform': add device reg-dummy
[    1.349528] bus: 'platform': add driver reg-dummy
[    1.349734] bus: 'platform': driver_probe_device: matched device reg-dummy with driver reg-dummy
[    1.350003] bus: 'platform': really_probe: probing driver reg-dummy with device reg-dummy
[    1.350235] devices_kset: Moving reg-dummy to end of list
[    1.350452] regulator-dummy: no parameters
[    1.350635] device: 'regulator.0': device_add
[    1.351527] driver: 'reg-dummy': driver_bound: bound to device 'reg-dummy'
[    1.351703] bus: 'platform': really_probe: bound device reg-dummy to driver reg-dummy
[    1.352902] NET: Registered protocol family 16
[    1.353532] device class 'bdi': registering
[    1.353816] bus: 'platform': add driver ramoops
[    1.354177] device class 'pci_bus': registering
[    1.354606] bus: 'pci': registered
[    1.354787] device class 'backlight': registering
[    1.355051] device class 'tty': registering
[    1.355285] device class 'vtconsole': registering
[    1.355538] device: 'vtcon0': device_add
[    1.356303] bus: 'node': registered
[    1.356490] device: 'node': device_add
[    1.357118] bus: 'i2c': registered
[    1.357330] bus: 'i2c': add driver dummy
[    1.357635] i2c-core: driver [dummy] registered
[    1.361019] cpuidle: using governor ladder
[    1.365009] cpuidle: using governor menu
[    1.365887] ACPI FADT declares the system doesn't support PCIe ASPM, so disable it
[    1.366010] ACPI: bus type PCI registered
[    1.366138] acpiphp: ACPI Hot Plug PCI Controller Driver version: 0.5
[    1.366269] device class 'dmi': registering
[    1.366470] device: 'id': device_add
[    1.367756] PCI: MMCONFIG for domain 0000 [bus 00-3f] at [mem 0xf8000000-0xfbffffff] (base 0xf8000000)
[    1.367979] PCI: not using MMCONFIG
[    1.368008] PCI: Using configuration type 1 for base access
[    1.368135] PCI: Using configuration type 1 for extended access
[    1.368828] device: 'node0': device_add
[    1.369208] bus: 'node': add device node0
[    1.369648] device: 'cpu0': device_add
[    1.370003] bus: 'cpu': add device cpu0
[    1.370515] device: 'cpu1': device_add
[    1.370767] bus: 'cpu': add device cpu1
[    1.371275] device: 'cpu2': device_add
[    1.371526] bus: 'cpu': add device cpu2
[    1.372025] device: 'cpu3': device_add
[    1.372281] bus: 'cpu': add device cpu3
[    1.436552] device: 'writeback': device_add
[    1.436805] bus: 'workqueue': add device writeback
[    1.437530] HugeTLB registered 2 MB page size, pre-allocated 0 pages
[    1.438583] device class 'block': registering
[    1.456007] raid6: sse2x1   gen()  3000 MB/s
[    1.473011] raid6: sse2x1   xor()  3419 MB/s
[    1.490005] raid6: sse2x2   gen()  4582 MB/s
[    1.507006] raid6: sse2x2   xor()  4941 MB/s
[    1.524008] raid6: sse2x4   gen()  5566 MB/s
[    1.541008] raid6: sse2x4   xor()  2941 MB/s
[    1.541181] raid6: using algorithm sse2x4 gen() 5566 MB/s
[    1.541308] raid6: .... xor() 2941 MB/s, rmw enabled
[    1.541435] raid6: using intx1 recovery algorithm
[    1.541647] device class 'graphics': registering
[    1.542021] ACPI: Added _OSI(Module Device)
[    1.542194] ACPI: Added _OSI(Processor Device)
[    1.542321] ACPI: Added _OSI(3.0 _SCP Extensions)
[    1.542448] ACPI: Added _OSI(Processor Aggregator Device)
[    1.706451] ACPI: [Firmware Bug]: BIOS _OSI(Linux) query ignored
[    1.725253] ACPI : EC: +++++ EC started +++++
[    1.778493] ACPI: Interpreter enabled
[    1.778683] ACPI: (supports S0 S5)
[    1.778857] ACPI: Using IOAPIC for interrupt routing
[    1.784307] bus: 'acpi': registered
[    1.784503] PCI: MMCONFIG for domain 0000 [bus 00-3f] at [mem 0xf8000000-0xfbffffff] (base 0xf8000000)
[    1.798659] PCI: MMCONFIG at [mem 0xf8000000-0xfbffffff] reserved in ACPI motherboard resources
[    1.798922] PCI: Using host bridge windows from ACPI; if necessary, use "pci=nocrs" and report a bug
[    1.799421] device: 'LNXSYSTM:00': device_add
[    1.799671] bus: 'acpi': add device LNXSYSTM:00
[    1.800897] device: 'LNXCPU:00': device_add
[    1.801078] bus: 'acpi': add device LNXCPU:00
[    1.802234] device: 'LNXCPU:01': device_add
[    1.802482] bus: 'acpi': add device LNXCPU:01
[    1.803570] device: 'LNXCPU:02': device_add
[    1.803821] bus: 'acpi': add device LNXCPU:02
[    1.804897] device: 'LNXCPU:03': device_add
[    1.805077] bus: 'acpi': add device LNXCPU:03
[    1.807031] device: 'LNXSYBUS:00': device_add
[    1.807284] bus: 'acpi': add device LNXSYBUS:00
[    1.809196] device: 'PNP0C0C:00': device_add
[    1.809451] bus: 'acpi': add device PNP0C0C:00
[    1.811472] device: 'PNP0A08:00': device_add
[    1.811721] bus: 'acpi': add device PNP0A08:00
[    1.813715] device: 'PNP0C02:00': device_add
[    1.813964] bus: 'acpi': add device PNP0C02:00
[    1.816238] device: 'device:00': device_add
[    1.816488] bus: 'acpi': add device device:00
[    1.818372] device: 'device:01': device_add
[    1.818620] bus: 'acpi': add device device:01
[    1.820489] device: 'device:02': device_add
[    1.820736] bus: 'acpi': add device device:02
[    1.822974] device: 'device:03': device_add
[    1.823078] bus: 'acpi': add device device:03
[    1.825086] device: 'LNXVIDEO:00': device_add
[    1.825334] bus: 'acpi': add device LNXVIDEO:00
[    1.827552] device: 'device:04': device_add
[    1.827802] bus: 'acpi': add device device:04
[    1.829923] device: 'device:05': device_add
[    1.830079] bus: 'acpi': add device device:05
[    1.832030] device: 'device:06': device_add
[    1.832279] bus: 'acpi': add device device:06
[    1.835438] device: 'device:07': device_add
[    1.835688] bus: 'acpi': add device device:07
[    1.837541] device: 'device:08': device_add
[    1.837792] bus: 'acpi': add device device:08
[    1.840022] device: 'device:09': device_add
[    1.840268] bus: 'acpi': add device device:09
[    1.842142] device: 'device:0a': device_add
[    1.842391] bus: 'acpi': add device device:0a
[    1.844622] device: 'device:0b': device_add
[    1.844869] bus: 'acpi': add device device:0b
[    1.846747] device: 'device:0c': device_add
[    1.847002] bus: 'acpi': add device device:0c
[    1.849243] device: 'device:0d': device_add
[    1.849493] bus: 'acpi': add device device:0d
[    1.851371] device: 'device:0e': device_add
[    1.851620] bus: 'acpi': add device device:0e
[    1.853856] device: 'device:0f': device_add
[    1.854078] bus: 'acpi': add device device:0f
[    1.855968] device: 'device:10': device_add
[    1.856084] bus: 'acpi': add device device:10
[    1.858457] device: 'device:11': device_add
[    1.858705] bus: 'acpi': add device device:11
[    1.860551] device: 'device:12': device_add
[    1.860800] bus: 'acpi': add device device:12
[    1.862642] device: 'device:13': device_add
[    1.862890] bus: 'acpi': add device device:13
[    1.864746] device: 'device:14': device_add
[    1.865013] bus: 'acpi': add device device:14
[    1.867241] device: 'device:15': device_add
[    1.867491] bus: 'acpi': add device device:15
[    1.869341] device: 'device:16': device_add
[    1.869587] bus: 'acpi': add device device:16
[    1.871439] device: 'device:17': device_add
[    1.871686] bus: 'acpi': add device device:17
[    1.873542] device: 'device:18': device_add
[    1.873792] bus: 'acpi': add device device:18
[    1.876022] device: 'device:19': device_add
[    1.876271] bus: 'acpi': add device device:19
[    1.878122] device: 'device:1a': device_add
[    1.878370] bus: 'acpi': add device device:1a
[    1.880220] device: 'device:1b': device_add
[    1.880474] bus: 'acpi': add device device:1b
[    1.882689] device: 'device:1c': device_add
[    1.882938] bus: 'acpi': add device device:1c
[    1.884798] device: 'device:1d': device_add
[    1.885056] bus: 'acpi': add device device:1d
[    1.886898] device: 'device:1e': device_add
[    1.887078] bus: 'acpi': add device device:1e
[    1.889380] device: 'device:1f': device_add
[    1.889629] bus: 'acpi': add device device:1f
[    1.891469] device: 'device:20': device_add
[    1.891718] bus: 'acpi': add device device:20
[    1.893948] device: 'device:21': device_add
[    1.894077] bus: 'acpi': add device device:21
[    1.896048] device: 'device:22': device_add
[    1.896296] bus: 'acpi': add device device:22
[    1.898515] device: 'device:23': device_add
[    1.898769] bus: 'acpi': add device device:23
[    1.900976] device: 'device:24': device_add
[    1.901077] bus: 'acpi': add device device:24
[    1.903779] device: 'device:25': device_add
[    1.904034] bus: 'acpi': add device device:25
[    1.905893] device: 'device:26': device_add
[    1.906078] bus: 'acpi': add device device:26
[    1.908285] device: 'device:27': device_add
[    1.908535] bus: 'acpi': add device device:27
[    1.914879] device: 'device:28': device_add
[    1.915079] bus: 'acpi': add device device:28
[    1.921445] device: 'device:29': device_add
[    1.921692] bus: 'acpi': add device device:29
[    1.923837] device: 'device:2a': device_add
[    1.924078] bus: 'acpi': add device device:2a
[    1.930396] device: 'device:2b': device_add
[    1.930645] bus: 'acpi': add device device:2b
[    1.936949] device: 'device:2c': device_add
[    1.937082] bus: 'acpi': add device device:2c
[    1.940331] device: 'device:2d': device_add
[    1.940581] bus: 'acpi': add device device:2d
[    1.942460] device: 'device:2e': device_add
[    1.942710] bus: 'acpi': add device device:2e
[    1.946002] device: 'device:2f': device_add
[    1.946256] bus: 'acpi': add device device:2f
[    1.948142] device: 'device:30': device_add
[    1.948391] bus: 'acpi': add device device:30
[    1.950377] device: 'device:31': device_add
[    1.950626] bus: 'acpi': add device device:31
[    1.952763] device: 'device:32': device_add
[    1.953013] bus: 'acpi': add device device:32
[    1.955901] device: 'PNP0C0F:00': device_add
[    1.956078] bus: 'acpi': add device PNP0C0F:00
[    1.959121] device: 'PNP0C0F:01': device_add
[    1.959370] bus: 'acpi': add device PNP0C0F:01
[    1.962333] device: 'PNP0C0F:02': device_add
[    1.962584] bus: 'acpi': add device PNP0C0F:02
[    1.965540] device: 'PNP0C0F:03': device_add
[    1.965789] bus: 'acpi': add device PNP0C0F:03
[    1.968789] device: 'PNP0C0F:04': device_add
[    1.969045] bus: 'acpi': add device PNP0C0F:04
[    1.972068] device: 'PNP0C0F:05': device_add
[    1.972317] bus: 'acpi': add device PNP0C0F:05
[    1.975331] device: 'PNP0C0F:06': device_add
[    1.975581] bus: 'acpi': add device PNP0C0F:06
[    1.978589] device: 'PNP0C0F:07': device_add
[    1.978840] bus: 'acpi': add device PNP0C0F:07
[    1.980810] device: 'PNP0200:00': device_add
[    1.981066] bus: 'acpi': add device PNP0200:00
[    1.982971] device: 'PNP0C04:00': device_add
[    1.983077] bus: 'acpi': add device PNP0C04:00
[    1.985115] device: 'PNP0000:00': device_add
[    1.985369] bus: 'acpi': add device PNP0000:00
[    1.987266] device: 'PNP0B00:00': device_add
[    1.987514] bus: 'acpi': add device PNP0B00:00
[    1.989405] device: 'PNP0800:00': device_add
[    1.989653] bus: 'acpi': add device PNP0800:00
[    1.991545] device: 'PNP0100:00': device_add
[    1.991795] bus: 'acpi': add device PNP0100:00
[    1.993685] device: 'PNP0C02:01': device_add
[    1.993939] bus: 'acpi': add device PNP0C02:01
[    1.996356] device: 'PNP0C01:00': device_add
[    1.996605] bus: 'acpi': add device PNP0C01:00
[    1.999137] device: 'PNP0C09:00': device_add
[    1.999387] bus: 'acpi': add device PNP0C09:00
[    2.001966] device: 'ACPI0003:00': device_add
[    2.002079] bus: 'acpi': add device ACPI0003:00
[    2.007002] device: 'PNP0C0A:00': device_add
[    2.007256] bus: 'acpi': add device PNP0C0A:00
[    2.009894] device: 'VPC2004:00': device_add
[    2.010079] bus: 'acpi': add device VPC2004:00
[    2.012125] device: 'PNP0303:00': device_add
[    2.012375] bus: 'acpi': add device PNP0303:00
[    2.016351] device: 'SYN0326:00': device_add
[    2.016601] bus: 'acpi': add device SYN0326:00
[    2.018855] device: 'device:33': device_add
[    2.019078] bus: 'acpi': add device device:33
