[    0.000000] Linux version 4.7.0-g0cbbc42 (z@myzee) (gcc version 6.1.1 20160707 (GCC) ) #8 SMP PREEMPT Sat Aug 6 19:09:43 EEST 2016
[    0.000000] Command line: BOOT_IMAGE=/boot/vmlinuz-linux-git root=UUID=96efaea0-86dc-485a-af36-36706f9f3908 rw root_trim=yes rd.luks.allow-discards ipv6.disable=1 pnp.debug=1 loglevel=9 log_buf_len=10M printk.always_kmsg_dump=y printk.time=y printk.devkmsg=on mminit_loglevel=0 memory_corruption_check=1 nohz=on rcu_nocbs=1-3 fbcon=scrollback:4096k fbcon=font:ProFont6x11 apic=debug dynamic_debug.verbose=1 "dyndbg=file arch/x86/kernel/apic/* +pflmt ; file drivers/video/* +pflmt ; file drivers/input/* -pflmt ; file drivers/acpi/* -pflmt" acpi_backlight=vendor radeon.audio=0 radeon.lockup_timeout=999000 radeon.test=0 radeon.agpmode=-1 radeon.benchmark=0 radeon.tv=0 radeon.hard_reset=1 radeon.msi=1 radeon.pcie_gen2=-1 radeon.no_wb=1 radeon.dynclks=0 radeon.r4xx_atom=0 radeonfb radeon.fastfb=1 radeon.dpm=1 radeon.runpm=1 rd.debug rd.udev.debug rd.memdebug=3 net.ifnames=1 slub_debug=U pax_sanitize_slab=full noefi nolvm dobtrfs console=tty1 earlyprintk=vga CPUunderclocking radeon.modeset=1 audit
[    0.000000] KERNEL supported cpus:
[    0.000000]   AMD AuthenticAMD
[    0.000000] x86/fpu: Legacy x87 FPU detected.
[    0.000000] x86/fpu: Using 'eager' FPU context switches.
[    0.000000] e820: BIOS-provided physical RAM map:
[    0.000000] BIOS-e820: [mem 0x0000000000000000-0x000000000009d7ff] usable
[    0.000000] BIOS-e820: [mem 0x000000000009d800-0x000000000009ffff] reserved
[    0.000000] BIOS-e820: [mem 0x00000000000e0000-0x00000000000fffff] reserved
[    0.000000] BIOS-e820: [mem 0x0000000000100000-0x00000000bed9afff] usable
[    0.000000] BIOS-e820: [mem 0x00000000bed9b000-0x00000000bf39afff] reserved
[    0.000000] BIOS-e820: [mem 0x00000000bf39b000-0x00000000bf49afff] ACPI NVS
[    0.000000] BIOS-e820: [mem 0x00000000bf49b000-0x00000000bf51afff] ACPI data
[    0.000000] BIOS-e820: [mem 0x00000000bf51b000-0x00000000bfdfffff] usable
[    0.000000] BIOS-e820: [mem 0x00000000bfe00000-0x00000000bfffffff] reserved
[    0.000000] BIOS-e820: [mem 0x00000000fec00000-0x00000000fecfffff] reserved
[    0.000000] BIOS-e820: [mem 0x00000000fed80000-0x00000000fed80fff] reserved
[    0.000000] BIOS-e820: [mem 0x00000000ffe00000-0x00000000ffffffff] reserved
[    0.000000] BIOS-e820: [mem 0x0000000100000000-0x000000041effffff] usable
[    0.000000] bootconsole [earlyvga0] enabled
[    0.000000] NX (Execute Disable) protection: active
[    0.000000] SMBIOS 2.6 present.
[    0.000000] DMI: LENOVO Sabine/Torpedo, BIOS 54CN18WW 07/20/2011
[    0.000000] e820: update [mem 0x00000000-0x00000fff] usable ==> reserved
[    0.000000] e820: remove [mem 0x000a0000-0x000fffff] usable
[    0.000000] e820: last_pfn = 0x41f000 max_arch_pfn = 0x400000000
[    0.000000] MTRR default type: uncachable
[    0.000000] MTRR fixed ranges enabled:
[    0.000000]   00000-9FFFF write-back
[    0.000000]   A0000-BFFFF uncachable
[    0.000000]   C0000-FFFFF write-protect
[    0.000000] MTRR variable ranges enabled:
[    0.000000]   0 base 0000000000 mask FF80000000 write-back
[    0.000000]   1 base 0080000000 mask FFC0000000 write-back
[    0.000000]   2 base 00FFF90000 mask FFFFFF0000 uncachable
[    0.000000]   3 base 00FED80000 mask 0FFFFFF000 uncachable
[    0.000000]   4 disabled
[    0.000000]   5 disabled
[    0.000000]   6 disabled
[    0.000000]   7 base 00FFE00000 mask FFFFE00000 write-protect
[    0.000000] TOM2: 000000041f000000 aka 16880M
[    0.000000] x86/PAT: Configuration [0-7]: WB  WC  UC- UC  WB  WC  UC- WT  
[    0.000000] mtrr: your BIOS has configured an incorrect mask, fixing it.
[    0.000000] e820: last_pfn = 0xbfe00 max_arch_pfn = 0x400000000
[    0.000000] Scan for SMP in [mem 0x00000000-0x000003ff]
[    0.000000] Scan for SMP in [mem 0x0009fc00-0x0009ffff]
[    0.000000] Scan for SMP in [mem 0x000f0000-0x000fffff]
[    0.000000] found SMP MP-table at [mem 0x000fa8b0-0x000fa8bf] mapped at [ffff88a6c00fa8b0]
[    0.000000]   mpc: fa8c0-faa24
[    0.000000] Base memory trampoline at [ffff88a6c0097000] 97000 size 24576
[    0.000000] Using GB pages for direct mapping
[    0.000000] BRK [0x167c30000, 0x167c30fff] PGTABLE
[    0.000000] BRK [0x167c31000, 0x167c31fff] PGTABLE
[    0.000000] BRK [0x167c32000, 0x167c32fff] PGTABLE
[    0.000000] BRK [0x167c33000, 0x167c33fff] PGTABLE
[    0.000000] BRK [0x167c34000, 0x167c34fff] PGTABLE
[    0.000000] BRK [0x167c35000, 0x167c35fff] PGTABLE
[    0.000000] log_buf_len: 16777216 bytes
[    0.000000] early log buf free: 2092580(99%)
[    0.000000] RAMDISK: [mem 0x37b83000-0x37db8fff]
[    0.000000] ACPI: Early table checksum verification disabled
[    0.000000] ACPI: RSDP 0x00000000000F0110 000024 (v02 LENOVO)
[    0.000000] ACPI: XSDT 0x00000000BF51A120 000074 (v01 LENOVO CB-01    00000001 LENO 00000001)
[    0.000000] ACPI: FACP 0x00000000BF508000 0000F4 (v04 LENOVO CB-01    00000001 PTL  00000001)
[    0.000000] ACPI: DSDT 0x00000000BF50A000 00FD10 (v01 LENOVO CB-01    00001000 LENO 00000001)
[    0.000000] ACPI: FACS 0x00000000BF478000 000040
[    0.000000] ACPI: FACS 0x00000000BF478000 000040
[    0.000000] ACPI: HPET 0x00000000BF507000 000038 (v01 LENOVO CB-01    00000001 PTL  00000001)
[    0.000000] ACPI: APIC 0x00000000BF506000 00007A (v02 LENOVO CB-01    00000001 PTL  00000001)
[    0.000000] ACPI: MCFG 0x00000000BF505000 00003C (v01 LENOVO CB-01    00000001 PTL  00000001)
[    0.000000] ACPI: SLIC 0x00000000BF504000 000176 (v01 LENOVO CB-01    00000001 LENO 00000001)
[    0.000000] ACPI: UEFI 0x00000000BF503000 00003E (v01 LENOVO CB-01    00000001 PTL  00000001)
[    0.000000] ACPI: UEFI 0x00000000BF502000 000042 (v01 PTL    COMBUF   00000001 PTL  00000001)
[    0.000000] ACPI: SSDT 0x00000000BF501000 000E34 (v01 AMD    POWERNOW 00000001 AMD  00000001)
[    0.000000] ACPI: SSDT 0x00000000BF4FF000 00193D (v02 AMD    ALIB     00000001 MSFT 04000000)
[    0.000000] ACPI: UEFI 0x00000000BF4FE000 0001DE (v01 LENOVO CB-01    00000001 PTL  00000001)
[    0.000000] ACPI: Local APIC address 0xfee00000
[    0.000000] mapped APIC to ffffffffff7fc000 (        fee00000)
[    0.000000] No NUMA configuration found
[    0.000000] Faking a node at [mem 0x0000000000000000-0x000000041effffff]
[    0.000000] NODE_DATA(0) allocated [mem 0x41dff9000-0x41dffcfff]
[    0.000000] Zone ranges:
[    0.000000]   DMA      [mem 0x0000000000001000-0x0000000000ffffff]
[    0.000000]   DMA32    [mem 0x0000000001000000-0x00000000ffffffff]
[    0.000000]   Normal   [mem 0x0000000100000000-0x000000041effffff]
[    0.000000] Movable zone start for each node
[    0.000000] Early memory node ranges
[    0.000000]   node   0: [mem 0x0000000000001000-0x000000000009cfff]
[    0.000000]   node   0: [mem 0x0000000000100000-0x00000000bed9afff]
[    0.000000]   node   0: [mem 0x00000000bf51b000-0x00000000bfdfffff]
[    0.000000]   node   0: [mem 0x0000000100000000-0x000000041effffff]
[    0.000000] Initmem setup node 0 [mem 0x0000000000001000-0x000000041effffff]
[    0.000000] On node 0 totalpages: 4056604
[    0.000000]   DMA zone: 64 pages used for memmap
[    0.000000]   DMA zone: 21 pages reserved
[    0.000000]   DMA zone: 3996 pages, LIFO batch:0
[    0.000000]   DMA32 zone: 12186 pages used for memmap
[    0.000000]   DMA32 zone: 779904 pages, LIFO batch:31
[    0.000000]   Normal zone: 51136 pages used for memmap
[    0.000000]   Normal zone: 3272704 pages, LIFO batch:31
[    0.000000] ACPI: PM-Timer IO Port: 0x808
[    0.000000] ACPI: Local APIC address 0xfee00000
[    0.000000] mapped APIC to ffffffffff7fc000 (        fee00000)
[    0.000000] ACPI: LAPIC (acpi_id[0x00] lapic_id[0x00] enabled)
[    0.000000] ACPI: LAPIC (acpi_id[0x01] lapic_id[0x01] enabled)
[    0.000000] ACPI: LAPIC (acpi_id[0x02] lapic_id[0x02] enabled)
[    0.000000] ACPI: LAPIC (acpi_id[0x03] lapic_id[0x03] enabled)
[    0.000000] ACPI: LAPIC_NMI (acpi_id[0x00] high edge lint[0x1])
[    0.000000] ACPI: LAPIC_NMI (acpi_id[0x01] high edge lint[0x1])
[    0.000000] ACPI: LAPIC_NMI (acpi_id[0x02] high edge lint[0x1])
[    0.000000] ACPI: LAPIC_NMI (acpi_id[0x03] high edge lint[0x1])
[    0.000000] ACPI: IOAPIC (id[0x02] address[0xfec00000] gsi_base[0])
[    0.000000] IOAPIC[0]: apic_id 2, version 33, address 0xfec00000, GSI 0-23
[    0.000000] ACPI: INT_SRC_OVR (bus 0 bus_irq 0 global_irq 2 dfl dfl)
[    0.000000] Int: type 0, pol 0, trig 0, bus 00, IRQ 00, APIC ID 2, APIC INT 02
[    0.000000] Int: type 0, pol 3, trig 3, bus 00, IRQ 09, APIC ID 2, APIC INT 09
[    0.000000] ACPI: IRQ0 used by override.
[    0.000000] Int: type 0, pol 0, trig 0, bus 00, IRQ 01, APIC ID 2, APIC INT 01
[    0.000000] Int: type 0, pol 0, trig 0, bus 00, IRQ 03, APIC ID 2, APIC INT 03
[    0.000000] Int: type 0, pol 0, trig 0, bus 00, IRQ 04, APIC ID 2, APIC INT 04
[    0.000000] Int: type 0, pol 0, trig 0, bus 00, IRQ 05, APIC ID 2, APIC INT 05
[    0.000000] Int: type 0, pol 0, trig 0, bus 00, IRQ 06, APIC ID 2, APIC INT 06
[    0.000000] Int: type 0, pol 0, trig 0, bus 00, IRQ 07, APIC ID 2, APIC INT 07
[    0.000000] Int: type 0, pol 0, trig 0, bus 00, IRQ 08, APIC ID 2, APIC INT 08
[    0.000000] ACPI: IRQ9 used by override.
[    0.000000] Int: type 0, pol 0, trig 0, bus 00, IRQ 0a, APIC ID 2, APIC INT 0a
[    0.000000] Int: type 0, pol 0, trig 0, bus 00, IRQ 0b, APIC ID 2, APIC INT 0b
[    0.000000] Int: type 0, pol 0, trig 0, bus 00, IRQ 0c, APIC ID 2, APIC INT 0c
[    0.000000] Int: type 0, pol 0, trig 0, bus 00, IRQ 0d, APIC ID 2, APIC INT 0d
[    0.000000] Int: type 0, pol 0, trig 0, bus 00, IRQ 0e, APIC ID 2, APIC INT 0e
[    0.000000] Int: type 0, pol 0, trig 0, bus 00, IRQ 0f, APIC ID 2, APIC INT 0f
[    0.000000] Using ACPI (MADT) for SMP configuration information
[    0.000000] ACPI: HPET id: 0x43538210 base: 0xfed00000
[    0.000000] smpboot: Allowing 4 CPUs, 0 hotplug CPUs
[    0.000000] mapped IOAPIC to ffffffffff7fb000 (fec00000)
[    0.000000] e820: [mem 0xc0000000-0xfebfffff] available for PCI devices
[    0.000000] clocksource: refined-jiffies: mask: 0xffffffff max_cycles: 0xffffffff, max_idle_ns: 1910969940391419 ns
[    0.000000] setup_percpu: NR_CPUS:64 nr_cpumask_bits:64 nr_cpu_ids:4 nr_node_ids:1
[    0.000000] percpu: Embedded 33 pages/cpu @ffff88aaddc00000 s95832 r8192 d31144 u524288
[    0.000000] pcpu-alloc: s95832 r8192 d31144 u524288 alloc=1*2097152
[    0.000000] pcpu-alloc: [0] 0 1 2 3 
[    0.000000] Built 1 zonelists in Node order, mobility grouping on.  Total pages: 3993197
[    0.000000] Policy zone: Normal
[    0.000000] Kernel command line: BOOT_IMAGE=/boot/vmlinuz-linux-git root=UUID=96efaea0-86dc-485a-af36-36706f9f3908 rw root_trim=yes rd.luks.allow-discards ipv6.disable=1 pnp.debug=1 loglevel=9 log_buf_len=10M printk.always_kmsg_dump=y printk.time=y printk.devkmsg=on mminit_loglevel=0 memory_corruption_check=1 nohz=on rcu_nocbs=1-3 fbcon=scrollback:4096k fbcon=font:ProFont6x11 apic=debug dynamic_debug.verbose=1 "dyndbg=file arch/x86/kernel/apic/* +pflmt ; file drivers/video/* +pflmt ; file drivers/input/* -pflmt ; file drivers/acpi/* -pflmt" acpi_backlight=vendor radeon.audio=0 radeon.lockup_timeout=999000 radeon.test=0 radeon.agpmode=-1 radeon.benchmark=0 radeon.tv=0 radeon.hard_reset=1 radeon.msi=1 radeon.pcie_gen2=-1 radeon.no_wb=1 radeon.dynclks=0 radeon.r4xx_atom=0 radeonfb radeon.fastfb=1 radeon.dpm=1 radeon.runpm=1 rd.debug rd.udev.debug rd.memdebug=3 net.ifnames=1 slub_debug=U pax_sanitize_slab=full noefi nolvm dobtrfs console=tty1 earlyprintk=vga CPUunderclocking radeon.modeset=1 
[    0.000000] PCIe ASPM is disabled
[    0.000000] PID hash table entries: 4096 (order: 3, 32768 bytes)
[    0.000000] Memory: 15870372K/16226416K available (7819K kernel code, 740K rwdata, 3032K rodata, 880K init, 2628K bss, 356044K reserved, 0K cma-reserved)
[    0.000000] SLUB: HWalign=64, Order=0-3, MinObjects=0, CPUs=4, Nodes=1
[    0.000000] Preemptible hierarchical RCU implementation.
[    0.000000] 	Build-time adjustment of leaf fanout to 64.
[    0.000000] 	RCU restricting CPUs from NR_CPUS=64 to nr_cpu_ids=4.
[    0.000000] RCU: Adjusting geometry for rcu_fanout_leaf=64, nr_cpu_ids=4
[    0.000000] NR_IRQS:4352 nr_irqs:456 16
[    0.000000] spurious 8259A interrupt: IRQ7.
[    0.000000] vgacon: allocated 4194304 bytes of memory for scrollback. CONFIG_VGACON_SOFT_SCROLLBACK_SIZE=4096
[    0.000000] Console: colour VGA+ 80x25
[    0.000000] console [tty1] enabled
[    0.000000] bootconsole [earlyvga0] disabled
[    0.000000] clocksource: hpet: mask: 0xffffffff max_cycles: 0xffffffff, max_idle_ns: 133484873504 ns
[    0.000000] hpet clockevent registered
[    0.000000] tsc: Fast TSC calibration using PIT
[    0.000000] tsc: Detected 1397.501 MHz processor
[    0.000034] Calibrating delay loop (skipped), value calculated using timer frequency.. 2795.00 BogoMIPS (lpj=1397501)
[    0.000105] pid_max: default: 32768 minimum: 301
[    0.000193] ACPI: Core revision 20160422
[    0.000323] ACPI: acpi_os_initialize: map reset_reg status 0
[    0.254315] random: fast init done
[    0.534153] ACPI: 3 ACPI AML tables successfully acquired and loaded

[    0.534641] Security Framework initialized
[    0.535873] Dentry cache hash table entries: 2097152 (order: 12, 16777216 bytes)
[    0.540773] Inode-cache hash table entries: 1048576 (order: 11, 8388608 bytes)
[    0.543153] Mount-cache hash table entries: 32768 (order: 6, 262144 bytes)
[    0.543325] Mountpoint-cache hash table entries: 32768 (order: 6, 262144 bytes)
[    0.545154] [Firmware Info]: CPU: 'AMD A6-3400M APU with Radeon(tm) HD Graphics' has AMD errata 665 Integer Divide Instruction May Cause Unpredictable Behavior.'
[    0.545424] [Firmware Info]: CPU: Double-checked CPU type. 'AMD A6-3400M APU with Radeon(tm) HD Graphics'
[    0.545594] [Firmware Info]: CPU: Setting workaround for 665...(set 'no665wo' in /proc/cmdline to disable)
[    0.545764] CPU: Physical Processor ID: 0
[    0.545888] CPU: Processor Core ID: 0
[    0.546012] mce: CPU supports 6 MCE banks
[    0.546158] Last level iTLB entries: 4KB 512, 2MB 16, 4MB 8
[    0.546290] Last level dTLB entries: 4KB 1024, 2MB 128, 4MB 64, 1GB 0
[    0.547731] Freeing SMP alternatives memory: 28K (ffffffff8e597000 - ffffffff8e59e000)
[    0.548517] smpboot: Max logical packages: 1
[    0.548690] smpboot: APIC(0) Converting physical 0 to logical package 0
[    0.548824] enabled ExtINT on CPU#0
[    0.549118] ENABLING IO-APIC IRQs
[    0.549260] init IO_APIC IRQs
[    0.549384]  apic 2 pin 0 not connected
[    0.549539] IOAPIC[0]: Set routing entry (2-1 -> 0x31 -> IRQ 1 Mode:0 Active:0 Dest:1)
[    0.549745] IOAPIC[0]: Set routing entry (2-2 -> 0x30 -> IRQ 0 Mode:0 Active:0 Dest:1)
[    0.549940] IOAPIC[0]: Set routing entry (2-3 -> 0x33 -> IRQ 3 Mode:0 Active:0 Dest:1)
[    0.550135] IOAPIC[0]: Set routing entry (2-4 -> 0x34 -> IRQ 4 Mode:0 Active:0 Dest:1)
[    0.550324] IOAPIC[0]: Set routing entry (2-5 -> 0x35 -> IRQ 5 Mode:0 Active:0 Dest:1)
[    0.550503] IOAPIC[0]: Set routing entry (2-6 -> 0x36 -> IRQ 6 Mode:0 Active:0 Dest:1)
[    0.550692] IOAPIC[0]: Set routing entry (2-7 -> 0x37 -> IRQ 7 Mode:0 Active:0 Dest:1)
[    0.550874] IOAPIC[0]: Set routing entry (2-8 -> 0x38 -> IRQ 8 Mode:0 Active:0 Dest:1)
[    0.551056] IOAPIC[0]: Set routing entry (2-9 -> 0x39 -> IRQ 9 Mode:1 Active:1 Dest:1)
[    0.551238] IOAPIC[0]: Set routing entry (2-10 -> 0x3a -> IRQ 10 Mode:0 Active:0 Dest:1)
[    0.551420] IOAPIC[0]: Set routing entry (2-11 -> 0x3b -> IRQ 11 Mode:0 Active:0 Dest:1)
[    0.551602] IOAPIC[0]: Set routing entry (2-12 -> 0x3c -> IRQ 12 Mode:0 Active:0 Dest:1)
[    0.551783] IOAPIC[0]: Set routing entry (2-13 -> 0x3d -> IRQ 13 Mode:0 Active:0 Dest:1)
[    0.551964] IOAPIC[0]: Set routing entry (2-14 -> 0x3e -> IRQ 14 Mode:0 Active:0 Dest:1)
[    0.552144] IOAPIC[0]: Set routing entry (2-15 -> 0x3f -> IRQ 15 Mode:0 Active:0 Dest:1)
[    0.552302]  apic 2 pin 16 not connected
[    0.552420]  apic 2 pin 17 not connected
[    0.552539]  apic 2 pin 18 not connected
[    0.552657]  apic 2 pin 19 not connected
[    0.552776]  apic 2 pin 20 not connected
[    0.552894]  apic 2 pin 21 not connected
[    0.553013]  apic 2 pin 22 not connected
[    0.553132]  apic 2 pin 23 not connected
[    0.553426] ..TIMER: vector=0x30 apic1=0 pin1=2 apic2=-1 pin2=-1
[    0.563549] Using local APIC timer interrupts.
               calibrating APIC timer ...
[    0.665293] ... lapic delta = 1247730
[    0.665418] ... PM-Timer delta = 357954
[    0.665543] ... PM-Timer result ok
[    0.665668] ..... delta 1247730
[    0.665793] ..... mult: 53589595
[    0.665917] ..... calibration result: 199636
[    0.666042] ..... CPU clock speed is 1397.0455 MHz.
[    0.666168] ..... host bus clock speed is 199.0636 MHz.
[    0.666300] smpboot: CPU0: AMD A6-3400M APU with Radeon(tm) HD Graphics (family: 0x12, model: 0x1, stepping: 0x0)
[    0.666619] Performance Events: AMD PMU driver.
[    0.666780] ... version:                0
[    0.666905] ... bit width:              48
[    0.667030] ... generic registers:      4
[    0.667155] ... value mask:             0000ffffffffffff
[    0.667281] ... max period:             00007fffffffffff
[    0.667410] ... fixed-purpose events:   0
[    0.667535] ... event mask:             000000000000000f
[    0.673524] dynamic_debug:ddebug_add_module: 2 debug prints in module main
[    0.673719] dynamic_debug:ddebug_add_module: 1 debug prints in module initramfs
[    0.673896] dynamic_debug:ddebug_add_module: 3 debug prints in module ibs
[    0.674028] dynamic_debug:ddebug_add_module: 1 debug prints in module common
[    0.674170] dynamic_debug:ddebug_add_module: 1 debug prints in module amd
[    0.674308] dynamic_debug:ddebug_add_module: 2 debug prints in module main
[    0.674443] dynamic_debug:ddebug_add_module: 7 debug prints in module generic
[    0.674578] dynamic_debug:ddebug_add_module: 15 debug prints in module cleanup
[    0.674756] dynamic_debug:ddebug_add_module: 8 debug prints in module microcode
[    0.674932] dynamic_debug:ddebug_add_module: 3 debug prints in module boot
[    0.675068] dynamic_debug:ddebug_add_module: 22 debug prints in module smpboot
[    0.675230] dynamic_debug:ddebug_add_module: 1 debug prints in module tsc_sync
[    0.675394] dynamic_debug:ddebug_add_module: 2 debug prints in module setup_percpu
[    0.675560] dynamic_debug:ddebug_add_module: 30 debug prints in module vector
[    0.675684] dynamic_debug:ddebug_add_module: 2 debug prints in module init
[    0.675810] dynamic_debug:ddebug_add_module: 6 debug prints in module init_64
[    0.675935] dynamic_debug:ddebug_add_module: 1 debug prints in module numa
[    0.676060] dynamic_debug:ddebug_add_module: 4 debug prints in module params
[    0.676185] dynamic_debug:ddebug_add_module: 4 debug prints in module async
[    0.676311] dynamic_debug:ddebug_add_module: 1 debug prints in module manage
[    0.676438] dynamic_debug:ddebug_add_module: 14 debug prints in module irqdomain
[    0.676600] dynamic_debug:ddebug_add_module: 2 debug prints in module msi
[    0.676724] dynamic_debug:ddebug_add_module: 2 debug prints in module freezer
[    0.676850] dynamic_debug:ddebug_add_module: 19 debug prints in module module
[    0.676974] dynamic_debug:ddebug_add_module: 1 debug prints in module cgroup
[    0.677099] dynamic_debug:ddebug_add_module: 6 debug prints in module mempolicy
[    0.677265] dynamic_debug:ddebug_add_module: 1 debug prints in module sparse_vmemmap
[    0.677434] dynamic_debug:ddebug_add_module: 1 debug prints in module vmpressure
[    0.677594] dynamic_debug:ddebug_add_module: 1 debug prints in module fsnotify
[    0.677753] dynamic_debug:ddebug_add_module: 2 debug prints in module notification
[    0.677913] dynamic_debug:ddebug_add_module: 1 debug prints in module inotify_fsnotify
[    0.678072] dynamic_debug:ddebug_add_module: 5 debug prints in module inotify_user
[    0.678232] dynamic_debug:ddebug_add_module: 6 debug prints in module fanotify
[    0.678395] dynamic_debug:ddebug_add_module: 13 debug prints in module fanotify_user
[    0.678556] dynamic_debug:ddebug_add_module: 20 debug prints in module aio
[    0.678683] dynamic_debug:ddebug_add_module: 13 debug prints in module binfmt_misc
[    0.678843] dynamic_debug:ddebug_add_module: 2 debug prints in module mount
[    0.678967] dynamic_debug:ddebug_add_module: 1 debug prints in module dir
[    0.679093] dynamic_debug:ddebug_add_module: 8 debug prints in module configfs
[    0.679253] dynamic_debug:ddebug_add_module: 1 debug prints in module debugfs
[    0.679384] dynamic_debug:ddebug_add_module: 22 debug prints in module btrfs
[    0.679508] dynamic_debug:ddebug_add_module: 2 debug prints in module ramoops
[    0.679633] dynamic_debug:ddebug_add_module: 1 debug prints in module inode
[    0.679758] dynamic_debug:ddebug_add_module: 6 debug prints in module asymmetric_keys
[    0.679918] dynamic_debug:ddebug_add_module: 13 debug prints in module x509_key_parser
[    0.680079] dynamic_debug:ddebug_add_module: 13 debug prints in module efi
[    0.680203] dynamic_debug:ddebug_add_module: 1 debug prints in module decompress
[    0.680365] dynamic_debug:ddebug_add_module: 10 debug prints in module kobject
[    0.680529] dynamic_debug:ddebug_add_module: 6 debug prints in module kobject_uevent
[    0.680689] dynamic_debug:ddebug_add_module: 1 debug prints in module list_sort
[    0.680850] dynamic_debug:ddebug_add_module: 1 debug prints in module percpu_refcount
[    0.681011] dynamic_debug:ddebug_add_module: 11 debug prints in module asn1_decoder
[    0.681171] dynamic_debug:ddebug_add_module: 5 debug prints in module probe
[    0.681295] dynamic_debug:ddebug_add_module: 4 debug prints in module pci
[    0.681421] dynamic_debug:ddebug_add_module: 1 debug prints in module pci_driver
[    0.681583] dynamic_debug:ddebug_add_module: 3 debug prints in module slot
[    0.681708] dynamic_debug:ddebug_add_module: 3 debug prints in module quirks
[    0.681833] dynamic_debug:ddebug_add_module: 2 debug prints in module pme
[    0.681957] dynamic_debug:ddebug_add_module: 1 debug prints in module pci_hotplug
[    0.682121] dynamic_debug:ddebug_add_module: 12 debug prints in module acpiphp
[    0.684194] dynamic_debug:ddebug_add_module: 1 debug prints in module htirq
[    0.684320] dynamic_debug:ddebug_add_module: 1 debug prints in module pci_acpi
[    0.684483] dynamic_debug:ddebug_add_module: 3 debug prints in module backlight
[    0.684645] dynamic_debug:ddebug_add_module: 4 debug prints in module fb
[    0.684770] dynamic_debug:ddebug_add_module: 7 debug prints in module tables
[    0.684903] dynamic_debug:ddebug_add_module: 48 debug prints in module acpi
[    0.685028] dynamic_debug:ddebug_add_module: 3 debug prints in module fan
[    0.685152] dynamic_debug:ddebug_add_module: 1 debug prints in module video
[    0.685276] dynamic_debug:ddebug_add_module: 4 debug prints in module pci_slot
[    0.685442] dynamic_debug:ddebug_add_module: 7 debug prints in module processor
[    0.685609] dynamic_debug:ddebug_add_module: 4 debug prints in module pnp
[    0.685733] dynamic_debug:ddebug_add_module: 3 debug prints in module acpi_dma
[    0.685898] dynamic_debug:ddebug_add_module: 11 debug prints in module core
[    0.686022] dynamic_debug:ddebug_add_module: 1 debug prints in module fixed
[    0.686147] dynamic_debug:ddebug_add_module: 6 debug prints in module virtual
[    0.686272] dynamic_debug:ddebug_add_module: 3 debug prints in module lp3971
[    0.686399] dynamic_debug:ddebug_add_module: 3 debug prints in module lp3972
[    0.686524] dynamic_debug:ddebug_add_module: 6 debug prints in module tty_io
[    0.686648] dynamic_debug:ddebug_add_module: 1 debug prints in module vt_ioctl
[    0.686811] dynamic_debug:ddebug_add_module: 5 debug prints in module serial_core
[    0.686973] dynamic_debug:ddebug_add_module: 4 debug prints in module 8250
[    0.687098] dynamic_debug:ddebug_add_module: 5 debug prints in module 8250_base
[    0.687260] dynamic_debug:ddebug_add_module: 1 debug prints in module tpm
[    0.687387] dynamic_debug:ddebug_add_module: 10 debug prints in module tpm_tis_core
[    0.687550] dynamic_debug:ddebug_add_module: 2 debug prints in module dmar
[    0.687674] dynamic_debug:ddebug_add_module: 3 debug prints in module drm
[    0.687799] dynamic_debug:ddebug_add_module: 3 debug prints in module ttm
[    0.687924] dynamic_debug:ddebug_add_module: 2 debug prints in module radeon
[    0.688050] dynamic_debug:ddebug_add_module: 17 debug prints in module vgaarb
[    0.688175] dynamic_debug:ddebug_add_module: 7 debug prints in module component
[    0.688339] dynamic_debug:ddebug_add_module: 11 debug prints in module core
[    0.688465] dynamic_debug:ddebug_add_module: 9 debug prints in module bus
[    0.688594] dynamic_debug:ddebug_add_module: 17 debug prints in module dd
[    0.688720] dynamic_debug:ddebug_add_module: 5 debug prints in module class
[    0.688846] dynamic_debug:ddebug_add_module: 4 debug prints in module platform
[    0.689009] dynamic_debug:ddebug_add_module: 7 debug prints in module firmware_class
[    0.689171] dynamic_debug:ddebug_add_module: 1 debug prints in module regmap
[    0.689299] dynamic_debug:ddebug_add_module: 7 debug prints in module regcache
[    0.689460] dynamic_debug:ddebug_add_module: 1 debug prints in module regcache_lzo
[    0.689622] dynamic_debug:ddebug_add_module: 1 debug prints in module dma_buf
[    0.689747] dynamic_debug:ddebug_add_module: 3 debug prints in module scsi_mod
[    0.689909] dynamic_debug:ddebug_add_module: 2 debug prints in module libphy
[    0.690034] dynamic_debug:ddebug_add_module: 1 debug prints in module r8169
[    0.690170] dynamic_debug:ddebug_add_module: 98 debug prints in module cdrom
[    0.690320] dynamic_debug:ddebug_add_module: 150 debug prints in module usbcore
[    0.690483] dynamic_debug:ddebug_add_module: 5 debug prints in module phy
[    0.690609] dynamic_debug:ddebug_add_module: 10 debug prints in module pci_quirks
[    0.690780] dynamic_debug:ddebug_add_module: 55 debug prints in module ehci_hcd
[    0.690941] dynamic_debug:ddebug_add_module: 2 debug prints in module ehci_pci
[    0.691110] dynamic_debug:ddebug_add_module: 46 debug prints in module ohci_hcd
[    0.691319] dynamic_debug:ddebug_add_module: 263 debug prints in module xhci_hcd
[    0.691527] dynamic_debug:ddebug_add_module: 3 debug prints in module xhci_pci
[    0.691690] dynamic_debug:ddebug_add_module: 10 debug prints in module usb_storage
[    0.691852] dynamic_debug:ddebug_add_module: 1 debug prints in module ums_realtek
[    0.692018] dynamic_debug:ddebug_add_module: 6 debug prints in module input_core
[    0.692181] dynamic_debug:ddebug_add_module: 4 debug prints in module atkbd
[    0.692311] dynamic_debug:ddebug_add_module: 15 debug prints in module psmouse
[    0.692474] dynamic_debug:ddebug_add_module: 7 debug prints in module rtc_core
[    0.692638] dynamic_debug:ddebug_add_module: 5 debug prints in module rtc_cmos
[    0.692800] dynamic_debug:ddebug_add_module: 1 debug prints in module i2c_boardinfo
[    0.692965] dynamic_debug:ddebug_add_module: 20 debug prints in module i2c_core
[    0.693127] dynamic_debug:ddebug_add_module: 2 debug prints in module i2c_smbus
[    0.693291] dynamic_debug:ddebug_add_module: 17 debug prints in module i2c_algo_bit
[    0.693457] dynamic_debug:ddebug_add_module: 11 debug prints in module power_supply
[    0.693620] dynamic_debug:ddebug_add_module: 1 debug prints in module hwmon
[    0.693746] dynamic_debug:ddebug_add_module: 9 debug prints in module thermal_sys
[    0.693914] dynamic_debug:ddebug_add_module: 43 debug prints in module cpufreq
[    0.694075] dynamic_debug:ddebug_add_module: 9 debug prints in module freq_table
[    0.694234] dynamic_debug:ddebug_add_module: 2 debug prints in module cpufreq_stats
[    0.694396] dynamic_debug:ddebug_add_module: 1 debug prints in module cpufreq_performance
[    0.694557] dynamic_debug:ddebug_add_module: 22 debug prints in module acpi_cpufreq
[    0.694717] dynamic_debug:ddebug_add_module: 3 debug prints in module dmi_scan
[    0.694876] dynamic_debug:ddebug_add_module: 1 debug prints in module hid
[    0.695001] dynamic_debug:ddebug_add_module: 8 debug prints in module usbhid
[    0.695125] dynamic_debug:ddebug_add_module: 2 debug prints in module i386
[    0.695249] dynamic_debug:ddebug_add_module: 2 debug prints in module fixup
[    0.695380] dynamic_debug:ddebug_add_module: 7 debug prints in module irq
[    0.695505] dynamic_debug:ddebug_add_module: 1 debug prints in module sock
[    0.695632] dynamic_debug:ddebug_add_module: 17 debug prints in module dev
[    0.695757] dynamic_debug:ddebug_add_module: 2 debug prints in module sch_api
[    0.695881] dynamic_debug:ddebug_add_module: 1 debug prints in module act_api
[    0.696005] dynamic_debug:ddebug_add_module: 1 debug prints in module route
[    0.696129] dynamic_debug:ddebug_add_module: 1 debug prints in module ip_fragment
[    0.696288] dynamic_debug:ddebug_add_module: 1 debug prints in module ip_output
[    0.696449] dynamic_debug:ddebug_add_module: 1 debug prints in module tcp
[    0.696574] dynamic_debug:ddebug_add_module: 5 debug prints in module tcp_input
[    0.696733] dynamic_debug:ddebug_add_module: 3 debug prints in module tcp_output
[    0.696892] dynamic_debug:ddebug_add_module: 2 debug prints in module tcp_timer
[    0.697050] dynamic_debug:ddebug_add_module: 1 debug prints in module tcp_ipv4
[    0.697209] dynamic_debug:ddebug_add_module: 1 debug prints in module tcp_cong
[    0.697371] dynamic_debug:ddebug_add_module: 8 debug prints in module udp
[    0.697494] dynamic_debug:ddebug_add_module: 1 debug prints in module arp
[    0.697569] dynamic_debug:ddebug_add_module: 2 debug prints in module icmp
[    0.697693] dynamic_debug:ddebug_add_module: 1 debug prints in module devinet
[    0.697818] dynamic_debug:ddebug_add_module: 8 debug prints in module fib_trie
[    0.697976] dynamic_debug:ddebug_add_module: 1 debug prints in module inet_fragment
[    0.698138] dynamic_debug:ddebug_add_module: 24 debug prints in module ping
[    0.698262] dynamic_debug:ddebug_add_module: 1 debug prints in module sysctl_net_ipv4
[    0.698429] dynamic_debug:ddebug_add_module: 2 debug prints in module ip6_checksum
[    0.698586] dynamic_debug:dynamic_debug_init: 158 modules, 1524 entries and 6320 bytes in ddebug tables, 121919 bytes in (readonly) verbose section
[    0.698756] dynamic_debug:ddebug_dyndbg_boot_param_cb: BOOT_IMAGE="/boot/vmlinuz-linux-git"
[    0.698913] dynamic_debug:ddebug_dyndbg_boot_param_cb: root="UUID=96efaea0-86dc-485a-af36-36706f9f3908"
[    0.699071] dynamic_debug:ddebug_dyndbg_boot_param_cb: rw="(null)"
[    0.699190] dynamic_debug:ddebug_dyndbg_boot_param_cb: root_trim="yes"
[    0.699312] dynamic_debug:ddebug_dyndbg_boot_param_cb: rd.luks.allow-discards="(null)"
[    0.699469] dynamic_debug:ddebug_dyndbg_boot_param_cb: ipv6.disable="1"
[    0.699588] dynamic_debug:ddebug_dyndbg_boot_param_cb: pnp.debug="1"
[    0.699707] dynamic_debug:ddebug_dyndbg_boot_param_cb: loglevel="9"
[    0.699826] dynamic_debug:ddebug_dyndbg_boot_param_cb: log_buf_len="10M"
[    0.699945] dynamic_debug:ddebug_dyndbg_boot_param_cb: printk.always_kmsg_dump="y"
[    0.700102] dynamic_debug:ddebug_dyndbg_boot_param_cb: printk.time="y"
[    0.700221] dynamic_debug:ddebug_dyndbg_boot_param_cb: printk.devkmsg="on"
[    0.700342] dynamic_debug:ddebug_dyndbg_boot_param_cb: mminit_loglevel="0"
[    0.700461] dynamic_debug:ddebug_dyndbg_boot_param_cb: memory_corruption_check="1"
[    0.700618] dynamic_debug:ddebug_dyndbg_boot_param_cb: nohz="on"
[    0.700737] dynamic_debug:ddebug_dyndbg_boot_param_cb: rcu_nocbs="1-3"
[    0.700856] dynamic_debug:ddebug_dyndbg_boot_param_cb: fbcon="scrollback:4096k"
[    0.701013] dynamic_debug:ddebug_dyndbg_boot_param_cb: fbcon="font:ProFont6x11"
[    0.701169] dynamic_debug:ddebug_dyndbg_boot_param_cb: apic="debug"
[    0.701288] dynamic_debug:ddebug_dyndbg_boot_param_cb: dynamic_debug.verbose="1"
[    0.703360] dynamic_debug:ddebug_dyndbg_boot_param_cb: dyndbg="file arch/x86/kernel/apic/* +pflmt ; file drivers/video/* +pflmt ; file drivers/input/* -pflmt ; file drivers/acpi/* -pflmt"
[    0.703560] dynamic_debug:ddebug_exec_queries: query 0: "file arch/x86/kernel/apic/* +pflmt "
[    0.703717] dynamic_debug:ddebug_tokenize: split into words: "file" "arch/x86/kernel/apic/*" "+pflmt"
[    0.703949] dynamic_debug:ddebug_parse_flags: op='+'
[    0.704068] dynamic_debug:ddebug_parse_flags: flags=0x1f
[    0.704187] dynamic_debug:ddebug_parse_flags: *flagsp=0x1f *maskp=0xffffffff
[    0.704309] dynamic_debug:vpr_info_dq: parsed: func="" file="arch/x86/kernel/apic/*" module="" format="" lineno=0-0
[    0.704490] dynamic_debug:ddebug_change: changed arch/x86/kernel/apic/vector.c:919 [vector]print_PIC =pmflt
[    0.704652] dynamic_debug:ddebug_change: changed arch/x86/kernel/apic/vector.c:916 [vector]print_PIC =pmflt
[    0.704815] dynamic_debug:ddebug_change: changed arch/x86/kernel/apic/vector.c:906 [vector]print_PIC =pmflt
[    0.704978] dynamic_debug:ddebug_change: changed arch/x86/kernel/apic/vector.c:903 [vector]print_PIC =pmflt
[    0.705141] dynamic_debug:ddebug_change: changed arch/x86/kernel/apic/vector.c:898 [vector]print_PIC =pmflt
[    0.705306] dynamic_debug:ddebug_change: changed arch/x86/kernel/apic/vector.c:868 [vector]print_local_APIC =pmflt
[    0.705469] dynamic_debug:ddebug_change: changed arch/x86/kernel/apic/vector.c:865 [vector]print_local_APIC =pmflt
[    0.705633] dynamic_debug:ddebug_change: changed arch/x86/kernel/apic/vector.c:863 [vector]print_local_APIC =pmflt
[    0.705796] dynamic_debug:ddebug_change: changed arch/x86/kernel/apic/vector.c:858 [vector]print_local_APIC =pmflt
[    0.705960] dynamic_debug:ddebug_change: changed arch/x86/kernel/apic/vector.c:856 [vector]print_local_APIC =pmflt
[    0.706124] dynamic_debug:ddebug_change: changed arch/x86/kernel/apic/vector.c:854 [vector]print_local_APIC =pmflt
[    0.706287] dynamic_debug:ddebug_change: changed arch/x86/kernel/apic/vector.c:850 [vector]print_local_APIC =pmflt
[    0.706453] dynamic_debug:ddebug_change: changed arch/x86/kernel/apic/vector.c:845 [vector]print_local_APIC =pmflt
[    0.706616] dynamic_debug:ddebug_change: changed arch/x86/kernel/apic/vector.c:843 [vector]print_local_APIC =pmflt
[    0.706779] dynamic_debug:ddebug_change: changed arch/x86/kernel/apic/vector.c:840 [vector]print_local_APIC =pmflt
[    0.706943] dynamic_debug:ddebug_change: changed arch/x86/kernel/apic/vector.c:835 [vector]print_local_APIC =pmflt
[    0.707106] dynamic_debug:ddebug_change: changed arch/x86/kernel/apic/vector.c:832 [vector]print_local_APIC =pmflt
[    0.707269] dynamic_debug:ddebug_change: changed arch/x86/kernel/apic/vector.c:831 [vector]print_local_APIC =pmflt
[    0.707435] dynamic_debug:ddebug_change: changed arch/x86/kernel/apic/vector.c:827 [vector]print_local_APIC =pmflt
[    0.707598] dynamic_debug:ddebug_change: changed arch/x86/kernel/apic/vector.c:817 [vector]print_local_APIC =pmflt
[    0.707762] dynamic_debug:ddebug_change: changed arch/x86/kernel/apic/vector.c:815 [vector]print_local_APIC =pmflt
[    0.707925] dynamic_debug:ddebug_change: changed arch/x86/kernel/apic/vector.c:813 [vector]print_local_APIC =pmflt
[    0.708089] dynamic_debug:ddebug_change: changed arch/x86/kernel/apic/vector.c:811 [vector]print_local_APIC =pmflt
[    0.708252] dynamic_debug:ddebug_change: changed arch/x86/kernel/apic/vector.c:808 [vector]print_local_APIC =pmflt
[    0.708417] dynamic_debug:ddebug_change: changed arch/x86/kernel/apic/vector.c:805 [vector]print_local_APIC =pmflt
[    0.708581] dynamic_debug:ddebug_change: changed arch/x86/kernel/apic/vector.c:801 [vector]print_local_APIC =pmflt
[    0.708745] dynamic_debug:ddebug_change: changed arch/x86/kernel/apic/vector.c:792 [vector]print_local_APIC =pmflt
[    0.708907] dynamic_debug:ddebug_change: changed arch/x86/kernel/apic/vector.c:789 [vector]print_local_APIC =pmflt
[    0.709071] dynamic_debug:ddebug_change: changed arch/x86/kernel/apic/vector.c:782 [vector]print_local_APIC =pmflt
[    0.709234] dynamic_debug:ddebug_change: changed arch/x86/kernel/apic/vector.c:773 [vector]print_local_APIC =pmflt
[    0.709472] dynamic_debug:vpr_info_dq: applied: func="" file="arch/x86/kernel/apic/*" module="" format="" lineno=0-0
[    0.709677] dynamic_debug:ddebug_exec_queries: query 1: "file drivers/video/* +pflmt "
[    0.709834] dynamic_debug:ddebug_tokenize: split into words: "file" "drivers/video/*" "+pflmt"
[    0.710064] dynamic_debug:ddebug_parse_flags: op='+'
[    0.710183] dynamic_debug:ddebug_parse_flags: flags=0x1f
[    0.710305] dynamic_debug:ddebug_parse_flags: *flagsp=0x1f *maskp=0xffffffff
[    0.710424] dynamic_debug:vpr_info_dq: parsed: func="" file="drivers/video/*" module="" format="" lineno=0-0
[    0.710608] dynamic_debug:ddebug_change: changed drivers/video/backlight/backlight.c:333 [backlight]backlight_device_register =pmflt
[    0.710768] dynamic_debug:ddebug_change: changed drivers/video/backlight/backlight.c:177 [backlight]backlight_device_set_brightness =pmflt
[    0.710931] dynamic_debug:ddebug_change: changed drivers/video/backlight/backlight.c:146 [backlight]bl_power_store =pmflt
[    0.711092] dynamic_debug:ddebug_change: changed drivers/video/fbdev/core/fbmon.c:1082 [fb]fb_edid_add_monspecs =pmflt
[    0.711253] dynamic_debug:ddebug_change: changed drivers/video/fbdev/core/fbmon.c:1070 [fb]fb_edid_add_monspecs =pmflt
[    0.711415] dynamic_debug:ddebug_change: changed drivers/video/fbdev/core/fbmon.c:1033 [fb]fb_edid_add_monspecs =pmflt
[    0.711577] dynamic_debug:ddebug_change: changed drivers/video/fbdev/core/fbmon.c:1027 [fb]fb_edid_add_monspecs =pmflt
[    0.711851] dynamic_debug:vpr_info_dq: applied: func="" file="drivers/video/*" module="" format="" lineno=0-0
[    0.712051] dynamic_debug:ddebug_exec_queries: query 2: "file drivers/input/* -pflmt "
[    0.712205] dynamic_debug:ddebug_tokenize: split into words: "file" "drivers/input/*" "-pflmt"
[    0.712434] dynamic_debug:ddebug_parse_flags: op='-'
[    0.712552] dynamic_debug:ddebug_parse_flags: flags=0x1f
[    0.712671] dynamic_debug:ddebug_parse_flags: *flagsp=0x0 *maskp=0xffffffe0
[    0.712790] dynamic_debug:vpr_info_dq: parsed: func="" file="drivers/input/*" module="" format="" lineno=0-0
[    0.713084] dynamic_debug:vpr_info_dq: applied: func="" file="drivers/input/*" module="" format="" lineno=0-0
[    0.713286] dynamic_debug:ddebug_exec_queries: query 3: "file drivers/acpi/* -pflmt"
[    0.713443] dynamic_debug:ddebug_tokenize: split into words: "file" "drivers/acpi/*" "-pflmt"
[    0.713669] dynamic_debug:ddebug_parse_flags: op='-'
[    0.713788] dynamic_debug:ddebug_parse_flags: flags=0x1f
[    0.713857] dynamic_debug:ddebug_parse_flags: *flagsp=0x0 *maskp=0xffffffe0
[    0.713977] dynamic_debug:vpr_info_dq: parsed: func="" file="drivers/acpi/*" module="" format="" lineno=0-0
[    0.714161] dynamic_debug:ddebug_change: changed drivers/acpi/tables.c:211 [tables]acpi_table_print_madt_entry =_
[    0.714323] dynamic_debug:ddebug_change: changed drivers/acpi/tables.c:200 [tables]acpi_table_print_madt_entry =_
[    0.714484] dynamic_debug:ddebug_change: changed drivers/acpi/tables.c:177 [tables]acpi_table_print_madt_entry =_
[    0.714645] dynamic_debug:ddebug_change: changed drivers/acpi/tables.c:167 [tables]acpi_table_print_madt_entry =_
[    0.714806] dynamic_debug:ddebug_change: changed drivers/acpi/tables.c:92 [tables]acpi_table_print_madt_entry =_
[    0.714968] dynamic_debug:ddebug_change: changed drivers/acpi/tables.c:83 [tables]acpi_table_print_madt_entry =_
[    0.715131] dynamic_debug:ddebug_change: changed drivers/acpi/tables.c:73 [tables]acpi_table_print_madt_entry =_
[    0.715296] dynamic_debug:ddebug_change: changed drivers/acpi/osl.c:1644 [acpi]acpi_os_initialize =_
[    0.715459] dynamic_debug:ddebug_change: changed drivers/acpi/device_pm.c:734 [acpi]acpi_pm_device_run_wake =_
[    0.715623] dynamic_debug:ddebug_change: changed drivers/acpi/device_pm.c:633 [acpi]acpi_pm_device_sleep_state =_
[    0.715786] dynamic_debug:ddebug_change: changed drivers/acpi/bus.c:190 [acpi]acpi_print_osc_error =_
[    0.715948] dynamic_debug:ddebug_change: changed drivers/acpi/bus.c:188 [acpi]acpi_print_osc_error =_
[    0.716110] dynamic_debug:ddebug_change: changed drivers/acpi/bus.c:186 [acpi]acpi_print_osc_error =_
[    0.716272] dynamic_debug:ddebug_change: changed drivers/acpi/scan.c:1640 [acpi]acpi_device_dep_initialize =_
[    0.716437] dynamic_debug:ddebug_change: changed drivers/acpi/scan.c:1630 [acpi]acpi_device_dep_initialize =_
[    0.716600] dynamic_debug:ddebug_change: changed drivers/acpi/resource.c:230 [acpi]acpi_decode_space =_
[    0.716762] dynamic_debug:ddebug_change: changed drivers/acpi/resource.c:217 [acpi]acpi_decode_space =_
[    0.716925] dynamic_debug:ddebug_change: changed drivers/acpi/resource.c:61 [acpi]acpi_dev_resource_len_valid =_
[    0.717088] dynamic_debug:ddebug_change: changed drivers/acpi/ec.c:1557 [acpi]ec_correct_ecdt =_
[    0.717249] dynamic_debug:ddebug_change: changed drivers/acpi/ec.c:1544 [acpi]ec_clear_on_resume =_
[    0.717414] dynamic_debug:ddebug_change: changed drivers/acpi/ec.c:1165 [acpi]acpi_ec_event_handler =_
[    0.717577] dynamic_debug:ddebug_change: changed drivers/acpi/ec.c:1143 [acpi]acpi_ec_event_handler =_
[    0.717739] dynamic_debug:ddebug_change: changed drivers/acpi/ec.c:1108 [acpi]acpi_ec_query =_
[    0.717901] dynamic_debug:ddebug_change: changed drivers/acpi/ec.c:1106 [acpi]acpi_ec_query =_
[    0.718063] dynamic_debug:ddebug_change: changed drivers/acpi/ec.c:1066 [acpi]acpi_ec_event_processor =_
[    0.718226] dynamic_debug:ddebug_change: changed drivers/acpi/ec.c:1061 [acpi]acpi_ec_event_processor =_
[    0.718391] dynamic_debug:ddebug_change: changed drivers/acpi/ec.c:898 [acpi]acpi_ec_stop =_
[    0.718552] dynamic_debug:ddebug_change: changed drivers/acpi/ec.c:890 [acpi]acpi_ec_stop =_
[    0.718714] dynamic_debug:ddebug_change: changed drivers/acpi/ec.c:866 [acpi]acpi_ec_start =_
[    0.718875] dynamic_debug:ddebug_change: changed drivers/acpi/ec.c:862 [acpi]acpi_ec_start =_
[    0.720949] dynamic_debug:ddebug_change: changed drivers/acpi/ec.c:703 [acpi]acpi_ec_transaction_unlocked =_
[    0.721112] dynamic_debug:ddebug_change: changed drivers/acpi/ec.c:699 [acpi]acpi_ec_transaction_unlocked =_
[    0.721274] dynamic_debug:ddebug_change: changed drivers/acpi/ec.c:690 [acpi]acpi_ec_transaction_unlocked =_
[    0.721439] dynamic_debug:ddebug_change: changed drivers/acpi/ec.c:687 [acpi]acpi_ec_transaction_unlocked =_
[    0.721602] dynamic_debug:ddebug_change: changed drivers/acpi/ec.c:666 [acpi]ec_poll =_
[    0.721764] dynamic_debug:ddebug_change: changed drivers/acpi/ec.c:561 [acpi]advance_transaction =_
[    0.721926] dynamic_debug:ddebug_change: changed drivers/acpi/ec.c:525 [acpi]advance_transaction =_
[    0.722088] dynamic_debug:ddebug_change: changed drivers/acpi/ec.c:445 [acpi]acpi_ec_complete_query =_
[    0.722252] dynamic_debug:ddebug_change: changed drivers/acpi/ec.c:434 [acpi]acpi_ec_submit_query =_
[    0.722416] dynamic_debug:ddebug_change: changed drivers/acpi/ec.c:407 [acpi]acpi_ec_clear_storm =_
[    0.722579] dynamic_debug:ddebug_change: changed drivers/acpi/ec.c:397 [acpi]acpi_ec_set_storm =_
[    0.722749] dynamic_debug:ddebug_change: changed drivers/acpi/ec.c:336 [acpi]acpi_ec_enable_gpe =_
[    0.722912] dynamic_debug:ddebug_change: changed drivers/acpi/ec.c:284 [acpi]acpi_ec_write_data =_
[    0.723075] dynamic_debug:ddebug_change: changed drivers/acpi/ec.c:277 [acpi]acpi_ec_write_cmd =_
[    0.723237] dynamic_debug:ddebug_change: changed drivers/acpi/ec.c:271 [acpi]acpi_ec_read_data =_
[    0.723405] dynamic_debug:ddebug_change: changed drivers/acpi/ec.c:262 [acpi]acpi_ec_read_status =_
[    0.723568] dynamic_debug:ddebug_change: changed drivers/acpi/pci_root.c:770 [acpi]acpi_pci_probe_root_resources =_
[    0.723732] dynamic_debug:ddebug_change: changed drivers/acpi/pci_root.c:339 [acpi]acpi_get_pci_dev =_
[    0.723894] dynamic_debug:ddebug_change: changed drivers/acpi/pci_irq.c:526 [acpi]acpi_pci_irq_disable =_
[    0.724057] dynamic_debug:ddebug_change: changed drivers/acpi/pci_irq.c:486 [acpi]acpi_pci_irq_enable =_
[    0.724219] dynamic_debug:ddebug_change: changed drivers/acpi/acpi_platform.c:103 [acpi]acpi_create_platform_device =_
[    0.724386] dynamic_debug:ddebug_change: changed drivers/acpi/numa.c:181 [acpi]acpi_table_print_srat_entry =_
[    0.724548] dynamic_debug:ddebug_change: changed drivers/acpi/numa.c:169 [acpi]acpi_table_print_srat_entry =_
[    0.724711] dynamic_debug:ddebug_change: changed drivers/acpi/numa.c:157 [acpi]acpi_table_print_srat_entry =_
[    0.724873] dynamic_debug:ddebug_change: changed drivers/acpi/numa.c:140 [acpi]acpi_table_print_srat_entry =_
[    0.725036] dynamic_debug:ddebug_change: changed drivers/acpi/fan.c:359 [fan]acpi_fan_probe =_
[    0.725198] dynamic_debug:ddebug_change: changed drivers/acpi/fan.c:195 [fan]fan_set_state_acpi4 =_
[    0.725363] dynamic_debug:ddebug_change: changed drivers/acpi/fan.c:136 [fan]fan_get_state_acpi4 =_
[    0.725525] dynamic_debug:ddebug_change: changed drivers/acpi/acpi_video.c:1759 [video]acpi_video_should_register_backlight =_
[    0.725689] dynamic_debug:ddebug_change: changed drivers/acpi/pci_slot.c:136 [pci_slot]register_slot =_
[    0.725853] dynamic_debug:ddebug_change: changed drivers/acpi/pci_slot.c:81 [pci_slot]check_slot =_
[    0.726015] dynamic_debug:ddebug_change: changed drivers/acpi/pci_slot.c:73 [pci_slot]check_slot =_
[    0.726178] dynamic_debug:ddebug_change: changed drivers/acpi/pci_slot.c:61 [pci_slot]check_slot =_
[    0.726342] dynamic_debug:ddebug_change: changed drivers/acpi/processor_driver.c:184 [processor]acpi_pss_perf_init =_
[    0.726506] dynamic_debug:ddebug_change: changed drivers/acpi/processor_idle.c:1443 [processor]acpi_processor_power_init =_
[    0.726669] dynamic_debug:ddebug_change: changed drivers/acpi/processor_idle.c:1039 [processor]acpi_processor_evaluate_lpi =_
[    0.726833] dynamic_debug:ddebug_change: changed drivers/acpi/processor_idle.c:1034 [processor]acpi_processor_evaluate_lpi =_
[    0.726997] dynamic_debug:ddebug_change: changed drivers/acpi/processor_idle.c:981 [processor]acpi_processor_evaluate_lpi =_
[    0.727161] dynamic_debug:ddebug_change: changed drivers/acpi/processor_idle.c:972 [processor]acpi_processor_evaluate_lpi =_
[    0.727326] dynamic_debug:ddebug_change: changed drivers/acpi/processor_perflib.c:138 [processor]acpi_processor_get_platform_limit =_
[    0.727594] dynamic_debug:vpr_info_dq: applied: func="" file="drivers/acpi/*" module="" format="" lineno=0-0
[    0.727795] dynamic_debug:ddebug_exec_queries: processed 4 queries, with 132 matches, 0 errs
[    0.727950] dynamic_debug:ddebug_dyndbg_boot_param_cb: acpi_backlight="vendor"
[    0.728105] dynamic_debug:ddebug_dyndbg_boot_param_cb: radeon.audio="0"
[    0.728224] dynamic_debug:ddebug_dyndbg_boot_param_cb: radeon.lockup_timeout="999000"
[    0.728380] dynamic_debug:ddebug_dyndbg_boot_param_cb: radeon.test="0"
[    0.728500] dynamic_debug:ddebug_dyndbg_boot_param_cb: radeon.agpmode="-1"
[    0.728619] dynamic_debug:ddebug_dyndbg_boot_param_cb: radeon.benchmark="0"
[    0.728737] dynamic_debug:ddebug_dyndbg_boot_param_cb: radeon.tv="0"
[    0.728856] dynamic_debug:ddebug_dyndbg_boot_param_cb: radeon.hard_reset="1"
[    0.728975] dynamic_debug:ddebug_dyndbg_boot_param_cb: radeon.msi="1"
[    0.729094] dynamic_debug:ddebug_dyndbg_boot_param_cb: radeon.pcie_gen2="-1"
[    0.729213] dynamic_debug:ddebug_dyndbg_boot_param_cb: radeon.no_wb="1"
[    0.729334] dynamic_debug:ddebug_dyndbg_boot_param_cb: radeon.dynclks="0"
[    0.729453] dynamic_debug:ddebug_dyndbg_boot_param_cb: radeon.r4xx_atom="0"
[    0.729572] dynamic_debug:ddebug_dyndbg_boot_param_cb: radeonfb="(null)"
[    0.729691] dynamic_debug:ddebug_dyndbg_boot_param_cb: radeon.fastfb="1"
[    0.729810] dynamic_debug:ddebug_dyndbg_boot_param_cb: radeon.dpm="1"
[    0.729880] dynamic_debug:ddebug_dyndbg_boot_param_cb: radeon.runpm="1"
[    0.729999] dynamic_debug:ddebug_dyndbg_boot_param_cb: rd.debug="(null)"
[    0.730117] dynamic_debug:ddebug_dyndbg_boot_param_cb: rd.udev.debug="(null)"
[    0.730236] dynamic_debug:ddebug_dyndbg_boot_param_cb: rd.memdebug="3"
[    0.730356] dynamic_debug:ddebug_dyndbg_boot_param_cb: net.ifnames="1"
[    0.730475] dynamic_debug:ddebug_dyndbg_boot_param_cb: slub_debug="U"
[    0.730594] dynamic_debug:ddebug_dyndbg_boot_param_cb: pax_sanitize_slab="full"
[    0.730748] dynamic_debug:ddebug_dyndbg_boot_param_cb: noefi="(null)"
[    0.730866] dynamic_debug:ddebug_dyndbg_boot_param_cb: nolvm="(null)"
[    0.730985] dynamic_debug:ddebug_dyndbg_boot_param_cb: dobtrfs="(null)"
[    0.731104] dynamic_debug:ddebug_dyndbg_boot_param_cb: console="tty1"
[    0.731173] dynamic_debug:ddebug_dyndbg_boot_param_cb: earlyprintk="vga"
[    0.731294] dynamic_debug:ddebug_dyndbg_boot_param_cb: CPUunderclocking="(null)"
[    0.731448] dynamic_debug:ddebug_dyndbg_boot_param_cb: radeon.modeset="1"
[    0.731567] dynamic_debug:ddebug_dyndbg_boot_param_cb: audit="0"
[    0.731687] dynamic_debug:ddebug_dyndbg_boot_param_cb: systemd.log_target="kmsg"
[    0.731843] dynamic_debug:ddebug_dyndbg_boot_param_cb: enforcing="0"
[    0.731962] dynamic_debug:ddebug_dyndbg_boot_param_cb: pcie_aspm="off"
[    0.732081] dynamic_debug:ddebug_dyndbg_boot_param_cb: radeon.aspm="0"
[    0.732200] dynamic_debug:ddebug_dyndbg_boot_param_cb: udev.children-max="1256"
[    0.732358] dynamic_debug:ddebug_dyndbg_boot_param_cb: rd.udev.children-max="1256"
[    0.732572] MCE: In-kernel MCE decoding enabled.
[    0.733813] NMI watchdog: enabled on all CPUs, permanently consumes one hw-PMU counter.
[    0.734493] started {early_reset_EHCIs kernel/smp.c:1294}
[    0.734673] early_pci_allowed {early_reset_EHCIs kernel/smp.c:1300}
[    0.734944] Found EHCI on 00:12.2 {kline kernel/smp.c:1220}
[    0.735065] bar_val: f014a900 {kline kernel/smp.c:1223}
[    0.735187] ehci_bar: ffffffffff7fe900 {kline kernel/smp.c:1245}
[    0.735313] n_ports:    5 {kline kernel/smp.c:1252}
[    0.735434] FLAG_CF was already set which likely means BIOS USB Legacy is Disabled. {ehci_status kernel/smp.c:1036}
[    0.735593]   ehci cmd     : 00080B00 {ehci_status kernel/smp.c:1038}
[    0.735713]   ehci conf flg: 00000001 {ehci_status kernel/smp.c:1039}
[    0.735833]   ehci status  : 0000100C {ehci_status kernel/smp.c:1040}
[    0.735953] port 1 status 00001000 {ehci_status kernel/smp.c:1043}
[    0.736073] port 2 status 00001000 {ehci_status kernel/smp.c:1043}
[    0.736193] port 3 status 00001000 {ehci_status kernel/smp.c:1043}
[    0.736315] port 4 status 00001000 {ehci_status kernel/smp.c:1043}
[    0.736435] port 5 status 00001000 {ehci_status kernel/smp.c:1043}
[    0.736554] ended {kline kernel/smp.c:1285}
[    0.736683] Found EHCI on 00:13.2 {kline kernel/smp.c:1220}
[    0.736802] bar_val: f014a800 {kline kernel/smp.c:1223}
[    0.736922] ehci_bar: ffffffffff7fe800 {kline kernel/smp.c:1245}
[    0.737044] n_ports:    5 {kline kernel/smp.c:1252}
[    0.737164] FLAG_CF was already set which likely means BIOS USB Legacy is Disabled. {ehci_status kernel/smp.c:1036}
[    0.737325]   ehci cmd     : 00080B00 {ehci_status kernel/smp.c:1038}
[    0.737445]   ehci conf flg: 00000001 {ehci_status kernel/smp.c:1039}
[    0.737565]   ehci status  : 0000100C {ehci_status kernel/smp.c:1040}
[    0.737685] port 1 status 00001803 {ehci_status kernel/smp.c:1043}
[    0.737804] port 2 status 00001000 {ehci_status kernel/smp.c:1043}
[    0.737925] port 3 status 00001803 {ehci_status kernel/smp.c:1043}
[    0.738045] port 4 status 00001000 {ehci_status kernel/smp.c:1043}
[    0.738165] port 5 status 00001000 {ehci_status kernel/smp.c:1043}
[    0.738284] ended {kline kernel/smp.c:1285}
[    0.807453] ended, failed 0 times {early_reset_EHCIs kernel/smp.c:1313}
[    0.807572] All EHCI controllers were reset. {smp_init kernel/smp.c:1333}
[    0.811319] smpboot: ++++++++++++++++++++=_---CPU UP  1
[    0.811513] x86: Booting SMP configuration:
[    0.811638] .... node  #0, CPUs:      #1
[    0.811741] smpboot: Setting warm reset code and vector.
[    0.811989] smpboot: 1.
[    0.812111] smpboot: 2.
[    0.812233] smpboot: 3.
[    0.812360] smpboot: Asserting INIT
[    0.812483] smpboot: Waiting for send to finish...
[    0.812608] smpboot: Deasserting INIT
[    0.812730] smpboot: Waiting for send to finish...
[    0.812853] smpboot: #startup loops: 2
[    0.812976] smpboot: Sending STARTUP #1
[    0.813098] smpboot: After apic_write
[    0.813232] smpboot: Startup point 1
[    0.815157] smpboot: Waiting for send to finish...
[    0.815236] smpboot: Sending STARTUP #2
[    0.815357] smpboot: After apic_write
[    0.815437] smpboot: Startup point 1
[    0.815555] smpboot: Waiting for send to finish...
[    0.815684] smpboot: After Startup
[    0.723066] masked ExtINT on CPU#1
[    0.723080] [Firmware Info]: CPU: 'AMD A6-3400M APU with Radeon(tm) HD Graphics' has AMD errata 665 Integer Divide Instruction May Cause Unpredictable Behavior.'
[    0.723081] [Firmware Info]: CPU: Double-checked CPU type. 'AMD A6-3400M APU with Radeon(tm) HD Graphics'
[    0.723082] [Firmware Info]: CPU: Setting workaround for 665...(set 'no665wo' in /proc/cmdline to disable)
[    0.782514] smpboot: Stack at about ffff88aacbb33f30
[    0.877336] TSC synchronization [CPU#0 -> CPU#1]:
[    0.878313] Measured 129631862 cycles TSC warp between CPUs, turning off TSC clock.
[    0.878490] tsc: Marking TSC unstable due to check_tsc_sync_source failed
[    0.882308] smpboot: ++++++++++++++++++++=_---CPU UP  2
[    0.882505]  #2
[    0.882541] smpboot: Setting warm reset code and vector.
[    0.882790] smpboot: 1.
[    0.882915] smpboot: 2.
[    0.883038] smpboot: 3.
[    0.883164] smpboot: Asserting INIT
[    0.883294] smpboot: Waiting for send to finish...
[    0.883421] smpboot: Deasserting INIT
[    0.883546] smpboot: Waiting for send to finish...
[    0.883672] smpboot: #startup loops: 2
[    0.883797] smpboot: Sending STARTUP #1
[    0.883922] smpboot: After apic_write
[    0.884057] smpboot: Startup point 1
[    0.884178] smpboot: Waiting for send to finish...
[    0.884316] smpboot: Sending STARTUP #2
[    0.884441] smpboot: After apic_write
[    0.884576] smpboot: Startup point 1
[    0.884701] smpboot: Waiting for send to finish...
[    0.884837] smpboot: After Startup
[    0.759244] masked ExtINT on CPU#2
[    0.759259] [Firmware Info]: CPU: 'AMD A6-3400M APU with Radeon(tm) HD Graphics' has AMD errata 665 Integer Divide Instruction May Cause Unpredictable Behavior.'
[    0.759260] [Firmware Info]: CPU: Double-checked CPU type. 'AMD A6-3400M APU with Radeon(tm) HD Graphics'
[    0.759260] [Firmware Info]: CPU: Setting workaround for 665...(set 'no665wo' in /proc/cmdline to disable)
[    0.818525] smpboot: Stack at about ffff88aacbb37f30
[    0.837031] smpboot: ++++++++++++++++++++=_---CPU UP  3
[    0.838007]  #3
[    0.838043] smpboot: Setting warm reset code and vector.
[    0.838291] smpboot: 1.
[    0.838415] smpboot: 2.
[    0.838539] smpboot: 3.
[    0.838662] smpboot: Asserting INIT
[    0.838782] smpboot: Waiting for send to finish...
[    0.838902] smpboot: Deasserting INIT
[    0.839001] smpboot: Waiting for send to finish...
[    0.839121] smpboot: #startup loops: 2
[    0.839239] smpboot: Sending STARTUP #1
[    0.839358] smpboot: After apic_write
[    0.839487] smpboot: Startup point 1
[    0.839593] smpboot: Waiting for send to finish...
[    0.839722] smpboot: Sending STARTUP #2
[    0.839841] smpboot: After apic_write
[    0.840011] smpboot: Startup point 1
[    0.840130] smpboot: Waiting for send to finish...
[    0.840260] smpboot: After Startup
[    0.002000] masked ExtINT on CPU#3
[    0.002000] [Firmware Info]: CPU: 'AMD A6-3400M APU with Radeon(tm) HD Graphics' has AMD errata 665 Integer Divide Instruction May Cause Unpredictable Behavior.'
[    0.002000] [Firmware Info]: CPU: Double-checked CPU type. 'AMD A6-3400M APU with Radeon(tm) HD Graphics'
[    0.002000] [Firmware Info]: CPU: Setting workaround for 665...(set 'no665wo' in /proc/cmdline to disable)
[    0.002000] smpboot: Stack at about ffff88aacbb43f30
[    0.900153] x86: Booted up 1 node, 4 CPUs
[    0.901131] CPUunderclocking: activating(?)=1 {apply_underclocking_if_needed kernel/smp.c:946}
[    0.901308] CPUunderclocking: activating... {apply_underclocking_if_needed kernel/smp.c:948}
[    0.901485] CPUunderclocking:   !! Rdmsr(1of2): core:0 idx:c0010064 ... {Rdmsr kernel/smp.c:696}
[    0.901652] CPUunderclocking:     !! Rdmsr(2of2): core:0 idx:c0010064 done. (resultx==8000017d000025e2 hi:8000017d lo:000025e2) {Rdmsr kernel/smp.c:712}
[    0.901814] CPUunderclocking:   !! Rdmsr(1of2): core:1 idx:c0010064 ... {Rdmsr kernel/smp.c:696}
[    0.902009] CPUunderclocking:     !! Rdmsr(2of2): core:1 idx:c0010064 done. (resultx==8000017d000025e2 hi:8000017d lo:000025e2) {Rdmsr kernel/smp.c:712}
[    0.902178] CPUunderclocking:   !! Rdmsr(1of2): core:2 idx:c0010064 ... {Rdmsr kernel/smp.c:696}
[    0.902347] CPUunderclocking:     !! Rdmsr(2of2): core:2 idx:c0010064 done. (resultx==8000017d000025e2 hi:8000017d lo:000025e2) {Rdmsr kernel/smp.c:712}
[    0.902513] CPUunderclocking:   !! Rdmsr(1of2): core:3 idx:c0010064 ... {Rdmsr kernel/smp.c:696}
[    0.902675] CPUunderclocking:     !! Rdmsr(2of2): core:3 idx:c0010064 done. (resultx==8000017d000025e2 hi:8000017d lo:000025e2) {Rdmsr kernel/smp.c:712}
[    0.902838] CPUunderclocking: !! Write(1of3) PState0 read : fid:30 did:2 vid:18 Multi:N/A {WritePState kernel/smp.c:854}
[    0.903003] CPUunderclocking: !! Write(2of3) PState0 write:6 did:0 vid:37 (multi:22) ... {WritePState kernel/smp.c:882}
[    0.903170] CPUunderclocking:   !! Wrmsr(before write): core:0/64 idx:c0010064 valx:8000017d00004a60 ...  {Wrmsr kernel/smp.c:637}
[    0.903338] CPUunderclocking:     !! Wrmsr(after write): done. {Wrmsr kernel/smp.c:676}
[    0.903499] CPUunderclocking:   !! Wrmsr(before write): core:1/64 idx:c0010064 valx:8000017d00004a60 ...  {Wrmsr kernel/smp.c:637}
[    0.903664] CPUunderclocking:     !! Wrmsr(after write): done. {Wrmsr kernel/smp.c:676}
[    0.903823] CPUunderclocking:   !! Wrmsr(before write): core:2/64 idx:c0010064 valx:8000017d00004a60 ...  {Wrmsr kernel/smp.c:637}
[    0.904005] CPUunderclocking:     !! Wrmsr(after write): done. {Wrmsr kernel/smp.c:676}
[    0.904170] CPUunderclocking:   !! Wrmsr(before write): core:3/64 idx:c0010064 valx:8000017d00004a60 ...  {Wrmsr kernel/smp.c:637}
[    0.904341] CPUunderclocking:     !! Wrmsr(after write): done. {Wrmsr kernel/smp.c:676}
[    0.904499] CPUunderclocking: !! Write(3of3) PState0 done. status:0 (0=success) {WritePState kernel/smp.c:884}
[    0.904659] CPUunderclocking:   !! Rdmsr(1of2): core:0 idx:c0010065 ... {Rdmsr kernel/smp.c:696}
[    0.904819] CPUunderclocking:     !! Rdmsr(2of2): core:0 idx:c0010065 done. (resultx==8000014000004fa3 hi:80000140 lo:00004fa3) {Rdmsr kernel/smp.c:712}
[    0.904989] CPUunderclocking:   !! Rdmsr(1of2): core:1 idx:c0010065 ... {Rdmsr kernel/smp.c:696}
[    0.905006] CPUunderclocking:     !! Rdmsr(2of2): core:1 idx:c0010065 done. (resultx==8000014000004fa3 hi:80000140 lo:00004fa3) {Rdmsr kernel/smp.c:712}
[    0.905174] CPUunderclocking:   !! Rdmsr(1of2): core:2 idx:c0010065 ... {Rdmsr kernel/smp.c:696}
[    0.905337] CPUunderclocking:     !! Rdmsr(2of2): core:2 idx:c0010065 done. (resultx==8000014000004fa3 hi:80000140 lo:00004fa3) {Rdmsr kernel/smp.c:712}
[    0.905500] CPUunderclocking:   !! Rdmsr(1of2): core:3 idx:c0010065 ... {Rdmsr kernel/smp.c:696}
[    0.905666] CPUunderclocking:     !! Rdmsr(2of2): core:3 idx:c0010065 done. (resultx==8000014000004fa3 hi:80000140 lo:00004fa3) {Rdmsr kernel/smp.c:712}
[    0.905835] CPUunderclocking: !! Write(1of3) PState1 read : fid:26 did:3 vid:39 Multi:N/A {WritePState kernel/smp.c:854}
[    0.906002] CPUunderclocking: !! Write(2of3) PState1 write:4 did:0 vid:42 (multi:20) ... {WritePState kernel/smp.c:882}
[    0.906169] CPUunderclocking:   !! Wrmsr(before write): core:0/64 idx:c0010065 valx:8000014000005440 ...  {Wrmsr kernel/smp.c:637}
[    0.906330] CPUunderclocking:     !! Wrmsr(after write): done. {Wrmsr kernel/smp.c:676}
[    0.906488] CPUunderclocking:   !! Wrmsr(before write): core:1/64 idx:c0010065 valx:8000014000005440 ...  {Wrmsr kernel/smp.c:637}
[    0.906655] CPUunderclocking:     !! Wrmsr(after write): done. {Wrmsr kernel/smp.c:676}
[    0.906814] CPUunderclocking:   !! Wrmsr(before write): core:2/64 idx:c0010065 valx:8000014000005440 ...  {Wrmsr kernel/smp.c:637}
[    0.907004] CPUunderclocking:     !! Wrmsr(after write): done. {Wrmsr kernel/smp.c:676}
[    0.907164] CPUunderclocking:   !! Wrmsr(before write): core:3/64 idx:c0010065 valx:8000014000005440 ...  {Wrmsr kernel/smp.c:637}
[    0.907330] CPUunderclocking:     !! Wrmsr(after write): done. {Wrmsr kernel/smp.c:676}
[    0.907488] CPUunderclocking: !! Write(3of3) PState1 done. status:0 (0=success) {WritePState kernel/smp.c:884}
[    0.907648] CPUunderclocking:   !! Rdmsr(1of2): core:0 idx:c0010066 ... {Rdmsr kernel/smp.c:696}
[    0.907808] CPUunderclocking:     !! Rdmsr(2of2): core:0 idx:c0010066 done. (resultx==8000013700005573 hi:80000137 lo:00005573) {Rdmsr kernel/smp.c:712}
[    0.908001] CPUunderclocking:   !! Rdmsr(1of2): core:1 idx:c0010066 ... {Rdmsr kernel/smp.c:696}
[    0.908166] CPUunderclocking:     !! Rdmsr(2of2): core:1 idx:c0010066 done. (resultx==8000013700005573 hi:80000137 lo:00005573) {Rdmsr kernel/smp.c:712}
[    0.908329] CPUunderclocking:   !! Rdmsr(1of2): core:2 idx:c0010066 ... {Rdmsr kernel/smp.c:696}
[    0.908491] CPUunderclocking:     !! Rdmsr(2of2): core:2 idx:c0010066 done. (resultx==8000013700005573 hi:80000137 lo:00005573) {Rdmsr kernel/smp.c:712}
[    0.908654] CPUunderclocking:   !! Rdmsr(1of2): core:3 idx:c0010066 ... {Rdmsr kernel/smp.c:696}
[    0.908818] CPUunderclocking:     !! Rdmsr(2of2): core:3 idx:c0010066 done. (resultx==8000013700005573 hi:80000137 lo:00005573) {Rdmsr kernel/smp.c:712}
[    0.909002] CPUunderclocking: !! Write(1of3) PState2 read : fid:23 did:3 vid:42 Multi:N/A {WritePState kernel/smp.c:854}
[    0.909163] CPUunderclocking: !! Write(2of3) PState2 write:2 did:0 vid:47 (multi:18) ... {WritePState kernel/smp.c:882}
[    0.909325] CPUunderclocking:   !! Wrmsr(before write): core:0/64 idx:c0010066 valx:8000013700005e20 ...  {Wrmsr kernel/smp.c:637}
[    0.910002] CPUunderclocking:     !! Wrmsr(after write): done. {Wrmsr kernel/smp.c:676}
[    0.910161] CPUunderclocking:   !! Wrmsr(before write): core:1/64 idx:c0010066 valx:8000013700005e20 ...  {Wrmsr kernel/smp.c:637}
[    0.910326] CPUunderclocking:     !! Wrmsr(after write): done. {Wrmsr kernel/smp.c:676}
[    0.910488] CPUunderclocking:   !! Wrmsr(before write): core:2/64 idx:c0010066 valx:8000013700005e20 ...  {Wrmsr kernel/smp.c:637}
[    0.911004] CPUunderclocking:     !! Wrmsr(after write): done. {Wrmsr kernel/smp.c:676}
[    0.911162] CPUunderclocking:   !! Wrmsr(before write): core:3/64 idx:c0010066 valx:8000013700005e20 ...  {Wrmsr kernel/smp.c:637}
[    0.911329] CPUunderclocking:     !! Wrmsr(after write): done. {Wrmsr kernel/smp.c:676}
[    0.911488] CPUunderclocking: !! Write(3of3) PState2 done. status:0 (0=success) {WritePState kernel/smp.c:884}
[    0.911648] CPUunderclocking:   !! Rdmsr(1of2): core:0 idx:c0010067 ... {Rdmsr kernel/smp.c:696}
[    0.911811] CPUunderclocking:     !! Rdmsr(2of2): core:0 idx:c0010067 done. (resultx==8000013200005b43 hi:80000132 lo:00005b43) {Rdmsr kernel/smp.c:712}
[    0.912001] CPUunderclocking:   !! Rdmsr(1of2): core:1 idx:c0010067 ... {Rdmsr kernel/smp.c:696}
[    0.912164] CPUunderclocking:     !! Rdmsr(2of2): core:1 idx:c0010067 done. (resultx==8000013200005b43 hi:80000132 lo:00005b43) {Rdmsr kernel/smp.c:712}
[    0.912329] CPUunderclocking:   !! Rdmsr(1of2): core:2 idx:c0010067 ... {Rdmsr kernel/smp.c:696}
[    0.912492] CPUunderclocking:     !! Rdmsr(2of2): core:2 idx:c0010067 done. (resultx==8000013200005b43 hi:80000132 lo:00005b43) {Rdmsr kernel/smp.c:712}
[    0.912656] CPUunderclocking:   !! Rdmsr(1of2): core:3 idx:c0010067 ... {Rdmsr kernel/smp.c:696}
[    0.912819] CPUunderclocking:     !! Rdmsr(2of2): core:3 idx:c0010067 done. (resultx==8000013200005b43 hi:80000132 lo:00005b43) {Rdmsr kernel/smp.c:712}
[    0.913002] CPUunderclocking: !! Write(1of3) PState3 read : fid:20 did:3 vid:45 Multi:N/A {WritePState kernel/smp.c:854}
[    0.913162] CPUunderclocking: !! Write(2of3) PState3 write:1 did:0 vid:49 (multi:17) ... {WritePState kernel/smp.c:882}
[    0.913323] CPUunderclocking:   !! Wrmsr(before write): core:0/64 idx:c0010067 valx:8000013200006210 ...  {Wrmsr kernel/smp.c:637}
[    0.913487] CPUunderclocking:     !! Wrmsr(after write): done. {Wrmsr kernel/smp.c:676}
[    0.913647] CPUunderclocking:   !! Wrmsr(before write): core:1/64 idx:c0010067 valx:8000013200006210 ...  {Wrmsr kernel/smp.c:637}
[    0.913813] CPUunderclocking:     !! Wrmsr(after write): done. {Wrmsr kernel/smp.c:676}
[    0.914002] CPUunderclocking:   !! Wrmsr(before write): core:2/64 idx:c0010067 valx:8000013200006210 ...  {Wrmsr kernel/smp.c:637}
[    0.914166] CPUunderclocking:     !! Wrmsr(after write): done. {Wrmsr kernel/smp.c:676}
[    0.914325] CPUunderclocking:   !! Wrmsr(before write): core:3/64 idx:c0010067 valx:8000013200006210 ...  {Wrmsr kernel/smp.c:637}
[    0.914491] CPUunderclocking:     !! Wrmsr(after write): done. {Wrmsr kernel/smp.c:676}
[    0.914650] CPUunderclocking: !! Write(3of3) PState3 done. status:0 (0=success) {WritePState kernel/smp.c:884}
[    0.914811] CPUunderclocking:   !! Rdmsr(1of2): core:0 idx:c0010068 ... {Rdmsr kernel/smp.c:696}
[    0.915002] CPUunderclocking:     !! Rdmsr(2of2): core:0 idx:c0010068 done. (resultx==8000012e00005d13 hi:8000012e lo:00005d13) {Rdmsr kernel/smp.c:712}
[    0.915168] CPUunderclocking:   !! Rdmsr(1of2): core:1 idx:c0010068 ... {Rdmsr kernel/smp.c:696}
[    0.915330] CPUunderclocking:     !! Rdmsr(2of2): core:1 idx:c0010068 done. (resultx==8000012e00005d13 hi:8000012e lo:00005d13) {Rdmsr kernel/smp.c:712}
[    0.915492] CPUunderclocking:   !! Rdmsr(1of2): core:2 idx:c0010068 ... {Rdmsr kernel/smp.c:696}
[    0.915658] CPUunderclocking:     !! Rdmsr(2of2): core:2 idx:c0010068 done. (resultx==8000012e00005d13 hi:8000012e lo:00005d13) {Rdmsr kernel/smp.c:712}
[    0.915818] CPUunderclocking:   !! Rdmsr(1of2): core:3 idx:c0010068 ... {Rdmsr kernel/smp.c:696}
[    0.916004] CPUunderclocking:     !! Rdmsr(2of2): core:3 idx:c0010068 done. (resultx==8000012e00005d13 hi:8000012e lo:00005d13) {Rdmsr kernel/smp.c:712}
[    0.916165] CPUunderclocking: !! Write(1of3) PState4 read : fid:17 did:3 vid:46 Multi:N/A {WritePState kernel/smp.c:854}
[    0.916324] CPUunderclocking: !! Write(2of3) PState4 write:0 did:0 vid:52 (multi:16) ... {WritePState kernel/smp.c:882}
[    0.916482] CPUunderclocking:   !! Wrmsr(before write): core:0/64 idx:c0010068 valx:8000012e00006800 ...  {Wrmsr kernel/smp.c:637}
[    0.916640] CPUunderclocking:     !! Wrmsr(after write): done. {Wrmsr kernel/smp.c:676}
[    0.916795] CPUunderclocking:   !! Wrmsr(before write): core:1/64 idx:c0010068 valx:8000012e00006800 ...  {Wrmsr kernel/smp.c:637}
[    0.916959] CPUunderclocking:     !! Wrmsr(after write): done. {Wrmsr kernel/smp.c:676}
[    0.917002] CPUunderclocking:   !! Wrmsr(before write): core:2/64 idx:c0010068 valx:8000012e00006800 ...  {Wrmsr kernel/smp.c:637}
[    0.917163] CPUunderclocking:     !! Wrmsr(after write): done. {Wrmsr kernel/smp.c:676}
[    0.917318] CPUunderclocking:   !! Wrmsr(before write): core:3/64 idx:c0010068 valx:8000012e00006800 ...  {Wrmsr kernel/smp.c:637}
[    0.917479] CPUunderclocking:     !! Wrmsr(after write): done. {Wrmsr kernel/smp.c:676}
[    0.917636] CPUunderclocking: !! Write(3of3) PState4 done. status:0 (0=success) {WritePState kernel/smp.c:884}
[    0.917793] CPUunderclocking:   !! Rdmsr(1of2): core:0 idx:c0010069 ... {Rdmsr kernel/smp.c:696}
[    0.918002] CPUunderclocking:     !! Rdmsr(2of2): core:0 idx:c0010069 done. (resultx==8000012b00005ee3 hi:8000012b lo:00005ee3) {Rdmsr kernel/smp.c:712}
[    0.918161] CPUunderclocking:   !! Rdmsr(1of2): core:1 idx:c0010069 ... {Rdmsr kernel/smp.c:696}
[    0.918322] CPUunderclocking:     !! Rdmsr(2of2): core:1 idx:c0010069 done. (resultx==8000012b00005ee3 hi:8000012b lo:00005ee3) {Rdmsr kernel/smp.c:712}
[    0.918482] CPUunderclocking:   !! Rdmsr(1of2): core:2 idx:c0010069 ... {Rdmsr kernel/smp.c:696}
[    0.918642] CPUunderclocking:     !! Rdmsr(2of2): core:2 idx:c0010069 done. (resultx==8000012b00005ee3 hi:8000012b lo:00005ee3) {Rdmsr kernel/smp.c:712}
[    0.918802] CPUunderclocking:   !! Rdmsr(1of2): core:3 idx:c0010069 ... {Rdmsr kernel/smp.c:696}
[    0.919004] CPUunderclocking:     !! Rdmsr(2of2): core:3 idx:c0010069 done. (resultx==8000012b00005ee3 hi:8000012b lo:00005ee3) {Rdmsr kernel/smp.c:712}
[    0.919166] CPUunderclocking: !! Write(1of3) PState5 read : fid:14 did:3 vid:47 Multi:N/A {WritePState kernel/smp.c:854}
[    0.919323] CPUunderclocking: !! Write(2of3) PState5 write:5 did:1 vid:55 (multi:14) ... {WritePState kernel/smp.c:882}
[    0.919483] CPUunderclocking:   !! Wrmsr(before write): core:0/64 idx:c0010069 valx:8000012b00006e51 ...  {Wrmsr kernel/smp.c:637}
[    0.919642] CPUunderclocking:     !! Wrmsr(after write): done. {Wrmsr kernel/smp.c:676}
[    0.919799] CPUunderclocking:   !! Wrmsr(before write): core:1/64 idx:c0010069 valx:8000012b00006e51 ...  {Wrmsr kernel/smp.c:637}
[    0.920004] CPUunderclocking:     !! Wrmsr(after write): done. {Wrmsr kernel/smp.c:676}
[    0.920164] CPUunderclocking:   !! Wrmsr(before write): core:2/64 idx:c0010069 valx:8000012b00006e51 ...  {Wrmsr kernel/smp.c:637}
[    0.920330] CPUunderclocking:     !! Wrmsr(after write): done. {Wrmsr kernel/smp.c:676}
[    0.920489] CPUunderclocking:   !! Wrmsr(before write): core:3/64 idx:c0010069 valx:8000012b00006e51 ...  {Wrmsr kernel/smp.c:637}
[    0.920653] CPUunderclocking:     !! Wrmsr(after write): done. {Wrmsr kernel/smp.c:676}
[    0.920811] CPUunderclocking: !! Write(3of3) PState5 done. status:0 (0=success) {WritePState kernel/smp.c:884}
[    0.921001] CPUunderclocking:   !! Rdmsr(1of2): core:0 idx:c001006a ... {Rdmsr kernel/smp.c:696}
[    0.921162] CPUunderclocking:     !! Rdmsr(2of2): core:0 idx:c001006a done. (resultx==80000127000060b3 hi:80000127 lo:000060b3) {Rdmsr kernel/smp.c:712}
[    0.921326] CPUunderclocking:   !! Rdmsr(1of2): core:1 idx:c001006a ... {Rdmsr kernel/smp.c:696}
[    0.921490] CPUunderclocking:     !! Rdmsr(2of2): core:1 idx:c001006a done. (resultx==80000127000060b3 hi:80000127 lo:000060b3) {Rdmsr kernel/smp.c:712}
[    0.921654] CPUunderclocking:   !! Rdmsr(1of2): core:2 idx:c001006a ... {Rdmsr kernel/smp.c:696}
[    0.921817] CPUunderclocking:     !! Rdmsr(2of2): core:2 idx:c001006a done. (resultx==80000127000060b3 hi:80000127 lo:000060b3) {Rdmsr kernel/smp.c:712}
[    0.921980] CPUunderclocking:   !! Rdmsr(1of2): core:3 idx:c001006a ... {Rdmsr kernel/smp.c:696}
[    0.922004] CPUunderclocking:     !! Rdmsr(2of2): core:3 idx:c001006a done. (resultx==80000127000060b3 hi:80000127 lo:000060b3) {Rdmsr kernel/smp.c:712}
[    0.922168] CPUunderclocking: !! Write(1of3) PState6 read : fid:11 did:3 vid:48 Multi:N/A {WritePState kernel/smp.c:854}
[    0.922330] CPUunderclocking: !! Write(2of3) PState6 write:2 did:1 vid:59 (multi:12) ... {WritePState kernel/smp.c:882}
[    0.922493] CPUunderclocking:   !! Wrmsr(before write): core:0/64 idx:c001006a valx:8000012700007621 ...  {Wrmsr kernel/smp.c:637}
[    0.922655] CPUunderclocking:     !! Wrmsr(after write): done. {Wrmsr kernel/smp.c:676}
[    0.922813] CPUunderclocking:   !! Wrmsr(before write): core:1/64 idx:c001006a valx:8000012700007621 ...  {Wrmsr kernel/smp.c:637}
[    0.923005] CPUunderclocking:     !! Wrmsr(after write): done. {Wrmsr kernel/smp.c:676}
[    0.923164] CPUunderclocking:   !! Wrmsr(before write): core:2/64 idx:c001006a valx:8000012700007621 ...  {Wrmsr kernel/smp.c:637}
[    0.923329] CPUunderclocking:     !! Wrmsr(after write): done. {Wrmsr kernel/smp.c:676}
[    0.923489] CPUunderclocking:   !! Wrmsr(before write): core:3/64 idx:c001006a valx:8000012700007621 ...  {Wrmsr kernel/smp.c:637}
[    0.923657] CPUunderclocking:     !! Wrmsr(after write): done. {Wrmsr kernel/smp.c:676}
[    0.923816] CPUunderclocking: !! Write(3of3) PState6 done. status:0 (0=success) {WritePState kernel/smp.c:884}
[    0.924001] CPUunderclocking:   !! Rdmsr(1of2): core:0 idx:c001006b ... {Rdmsr kernel/smp.c:696}
[    0.924163] CPUunderclocking:     !! Rdmsr(2of2): core:0 idx:c001006b done. (resultx==8000012500006504 hi:80000125 lo:00006504) {Rdmsr kernel/smp.c:712}
[    0.924327] CPUunderclocking:   !! Rdmsr(1of2): core:1 idx:c001006b ... {Rdmsr kernel/smp.c:696}
[    0.924490] CPUunderclocking:     !! Rdmsr(2of2): core:1 idx:c001006b done. (resultx==8000012500006504 hi:80000125 lo:00006504) {Rdmsr kernel/smp.c:712}
[    0.924653] CPUunderclocking:   !! Rdmsr(1of2): core:2 idx:c001006b ... {Rdmsr kernel/smp.c:696}
[    0.924819] CPUunderclocking:     !! Rdmsr(2of2): core:2 idx:c001006b done. (resultx==8000012500006504 hi:80000125 lo:00006504) {Rdmsr kernel/smp.c:712}
[    0.925001] CPUunderclocking:   !! Rdmsr(1of2): core:3 idx:c001006b ... {Rdmsr kernel/smp.c:696}
[    0.925166] CPUunderclocking:     !! Rdmsr(2of2): core:3 idx:c001006b done. (resultx==8000012500006504 hi:80000125 lo:00006504) {Rdmsr kernel/smp.c:712}
[    0.925328] CPUunderclocking: !! Write(1of3) PState7 read : fid:16 did:4 vid:50 Multi:N/A {WritePState kernel/smp.c:854}
[    0.925491] CPUunderclocking: !! Write(2of3) PState7 write:0 did:2 vid:67 (multi:8) ... {WritePState kernel/smp.c:882}
[    0.925652] CPUunderclocking:   !! Wrmsr(before write): core:0/64 idx:c001006b valx:8000012500008602 ...  {Wrmsr kernel/smp.c:637}
[    0.925814] CPUunderclocking:     !! Wrmsr(after write): done. {Wrmsr kernel/smp.c:676}
[    0.925974] CPUunderclocking:   !! Wrmsr(before write): core:1/64 idx:c001006b valx:8000012500008602 ...  {Wrmsr kernel/smp.c:637}
[    0.926004] CPUunderclocking:     !! Wrmsr(after write): done. {Wrmsr kernel/smp.c:676}
[    0.926163] CPUunderclocking:   !! Wrmsr(before write): core:2/64 idx:c001006b valx:8000012500008602 ...  {Wrmsr kernel/smp.c:637}
[    0.926329] CPUunderclocking:     !! Wrmsr(after write): done. {Wrmsr kernel/smp.c:676}
[    0.926488] CPUunderclocking:   !! Wrmsr(before write): core:3/64 idx:c001006b valx:8000012500008602 ...  {Wrmsr kernel/smp.c:637}
[    0.926654] CPUunderclocking:     !! Wrmsr(after write): done. {Wrmsr kernel/smp.c:676}
[    0.926813] CPUunderclocking: !! Write(3of3) PState7 done. status:0 (0=success) {WritePState kernel/smp.c:884}
[    0.927001] CPUunderclocking: Switching to another p-state temporarily so to ensure that the current one uses newly applied values {apply_underclocking_if_needed kernel/smp.c:954}
[    0.927203] CPUunderclocking:   !! Rdmsr(1of2): core:0 idx:c0010071 ... {Rdmsr kernel/smp.c:696}
[    0.927363] CPUunderclocking:     !! Rdmsr(2of2): core:0 idx:c0010071 done. (resultx==003160975a004a60 hi:00316097 lo:5a004a60) {Rdmsr kernel/smp.c:712}
[    0.927527] CPUunderclocking:   !! Rdmsr(1of2): core:1 idx:c0010071 ... {Rdmsr kernel/smp.c:696}
[    0.927693] CPUunderclocking:     !! Rdmsr(2of2): core:1 idx:c0010071 done. (resultx==003160975a014fa3 hi:00316097 lo:5a014fa3) {Rdmsr kernel/smp.c:712}
[    0.927856] CPUunderclocking:     !! Rdmsr(3of2): different results for cores(this is expected to be so, depending on load) core[0] != core[1] (see above KERN_DEBUG msgs) {Rdmsr kernel/smp.c:717}
[    0.928001] CPUunderclocking:   !! Rdmsr(1of2): core:2 idx:c0010071 ... {Rdmsr kernel/smp.c:696}
[    0.928165] CPUunderclocking:     !! Rdmsr(2of2): core:2 idx:c0010071 done. (resultx==003160975a014ba3 hi:00316097 lo:5a014ba3) {Rdmsr kernel/smp.c:712}
[    0.928328] CPUunderclocking:     !! Rdmsr(3of2): different results for cores(this is expected to be so, depending on load) core[1] != core[2] (see above KERN_DEBUG msgs) {Rdmsr kernel/smp.c:717}
[    0.928532] CPUunderclocking:   !! Rdmsr(1of2): core:3 idx:c0010071 ... {Rdmsr kernel/smp.c:696}
[    0.928696] CPUunderclocking:     !! Rdmsr(2of2): core:3 idx:c0010071 done. (resultx==003160975a014e40 hi:00316097 lo:5a014e40) {Rdmsr kernel/smp.c:712}
[    0.929001] CPUunderclocking:     !! Rdmsr(3of2): different results for cores(this is expected to be so, depending on load) core[2] != core[3] (see above KERN_DEBUG msgs) {Rdmsr kernel/smp.c:717}
[    0.929206] CPUunderclocking: !! currentpstate:0 temppstate:7 {apply_underclocking_if_needed kernel/smp.c:962}
[    0.929367] CPUunderclocking:   !! Rdmsr(1of2): core:0 idx:c0010062 ... {Rdmsr kernel/smp.c:696}
[    0.929527] CPUunderclocking:     !! Rdmsr(2of2): core:0 idx:c0010062 done. (resultx==0000000000000000 hi:00000000 lo:00000000) {Rdmsr kernel/smp.c:712}
[    0.929691] CPUunderclocking:   !! Rdmsr(1of2): core:1 idx:c0010062 ... {Rdmsr kernel/smp.c:696}
[    0.929855] CPUunderclocking:     !! Rdmsr(2of2): core:1 idx:c0010062 done. (resultx==0000000000000000 hi:00000000 lo:00000000) {Rdmsr kernel/smp.c:712}
[    0.930001] CPUunderclocking:   !! Rdmsr(1of2): core:2 idx:c0010062 ... {Rdmsr kernel/smp.c:696}
[    0.930165] CPUunderclocking:     !! Rdmsr(2of2): core:2 idx:c0010062 done. (resultx==0000000000000000 hi:00000000 lo:00000000) {Rdmsr kernel/smp.c:712}
[    0.930330] CPUunderclocking:   !! Rdmsr(1of2): core:3 idx:c0010062 ... {Rdmsr kernel/smp.c:696}
[    0.930489] CPUunderclocking:     !! Rdmsr(2of2): core:3 idx:c0010062 done. (resultx==0000000000000000 hi:00000000 lo:00000000) {Rdmsr kernel/smp.c:712}
[    0.930650] CPUunderclocking:   !! Wrmsr(before write): core:0/64 idx:c0010062 valx:0000000000000006 ...  {Wrmsr kernel/smp.c:637}
[    0.930811] CPUunderclocking:     !! Wrmsr(after write): done. {Wrmsr kernel/smp.c:676}
[    0.931005] CPUunderclocking:   !! Wrmsr(before write): core:1/64 idx:c0010062 valx:0000000000000006 ...  {Wrmsr kernel/smp.c:637}
[    0.931186] CPUunderclocking:     !! Wrmsr(after write): done. {Wrmsr kernel/smp.c:676}
[    0.931359] CPUunderclocking:   !! Wrmsr(before write): core:2/64 idx:c0010062 valx:0000000000000006 ...  {Wrmsr kernel/smp.c:637}
[    0.931541] CPUunderclocking:     !! Wrmsr(after write): done. {Wrmsr kernel/smp.c:676}
[    0.931714] CPUunderclocking:   !! Wrmsr(before write): core:3/64 idx:c0010062 valx:0000000000000006 ...  {Wrmsr kernel/smp.c:637}
[    0.931898] CPUunderclocking:     !! Wrmsr(after write): done. {Wrmsr kernel/smp.c:676}
[    0.932004] CPUunderclocking:   !! Rdmsr(1of2): core:0 idx:c0010063 ... {Rdmsr kernel/smp.c:696}
[    0.932179] CPUunderclocking:     !! Rdmsr(2of2): core:0 idx:c0010063 done. (resultx==0000000000000006 hi:00000000 lo:00000006) {Rdmsr kernel/smp.c:712}
[    0.932361] CPUunderclocking:   !! Rdmsr(1of2): core:1 idx:c0010063 ... {Rdmsr kernel/smp.c:696}
[    0.932540] CPUunderclocking:     !! Rdmsr(2of2): core:1 idx:c0010063 done. (resultx==0000000000000000 hi:00000000 lo:00000000) {Rdmsr kernel/smp.c:712}
[    0.932721] CPUunderclocking:     !! Rdmsr(3of2): different results for cores(this is expected to be so, depending on load) core[0] != core[1] (see above KERN_DEBUG msgs) {Rdmsr kernel/smp.c:717}
[    0.933004] CPUunderclocking:   !! Rdmsr(1of2): core:2 idx:c0010063 ... {Rdmsr kernel/smp.c:696}
[    0.933183] CPUunderclocking:     !! Rdmsr(2of2): core:2 idx:c0010063 done. (resultx==0000000000000000 hi:00000000 lo:00000000) {Rdmsr kernel/smp.c:712}
[    0.933364] CPUunderclocking:   !! Rdmsr(1of2): core:3 idx:c0010063 ... {Rdmsr kernel/smp.c:696}
[    0.933543] CPUunderclocking:     !! Rdmsr(2of2): core:3 idx:c0010063 done. (resultx==0000000000000006 hi:00000000 lo:00000006) {Rdmsr kernel/smp.c:712}
[    0.933723] CPUunderclocking:     !! Rdmsr(3of2): different results for cores(this is expected to be so, depending on load) core[2] != core[3] (see above KERN_DEBUG msgs) {Rdmsr kernel/smp.c:717}
[    0.934005] CPUunderclocking: Waiting for PState to settle at wanted. Current: i(16bits)=6 j(64bits)=6 wantedpstate=6 tries left:9 {SetCurrentPState kernel/smp.c:926}
[    0.934226] CPUunderclocking:   !! Rdmsr(1of2): core:0 idx:c0010071 ... {Rdmsr kernel/smp.c:696}
[    0.934403] CPUunderclocking:     !! Rdmsr(2of2): core:0 idx:c0010071 done. (resultx==003160975a074e02 hi:00316097 lo:5a074e02) {Rdmsr kernel/smp.c:712}
[    0.934583] CPUunderclocking:   !! Rdmsr(1of2): core:1 idx:c0010071 ... {Rdmsr kernel/smp.c:696}
[    0.934766] CPUunderclocking:     !! Rdmsr(2of2): core:1 idx:c0010071 done. (resultx==003160975a014fa3 hi:00316097 lo:5a014fa3) {Rdmsr kernel/smp.c:712}
[    0.934950] CPUunderclocking:     !! Rdmsr(3of2): different results for cores(this is expected to be so, depending on load) core[0] != core[1] (see above KERN_DEBUG msgs) {Rdmsr kernel/smp.c:717}
[    0.935004] CPUunderclocking:   !! Rdmsr(1of2): core:2 idx:c0010071 ... {Rdmsr kernel/smp.c:696}
[    0.935186] CPUunderclocking:     !! Rdmsr(2of2): core:2 idx:c0010071 done. (resultx==003160975a014fa3 hi:00316097 lo:5a014fa3) {Rdmsr kernel/smp.c:712}
[    0.935370] CPUunderclocking:   !! Rdmsr(1of2): core:3 idx:c0010071 ... {Rdmsr kernel/smp.c:696}
[    0.935553] CPUunderclocking:     !! Rdmsr(2of2): core:3 idx:c0010071 done. (resultx==003160975a074e02 hi:00316097 lo:5a074e02) {Rdmsr kernel/smp.c:712}
[    0.935736] CPUunderclocking:     !! Rdmsr(3of2): different results for cores(this is expected to be so, depending on load) core[2] != core[3] (see above KERN_DEBUG msgs) {Rdmsr kernel/smp.c:717}
[    0.936004] CPUunderclocking: !! currentpstate:7 {apply_underclocking_if_needed kernel/smp.c:964}
[    0.936180] CPUunderclocking:   !! Rdmsr(1of2): core:0 idx:c0010062 ... {Rdmsr kernel/smp.c:696}
[    0.936359] CPUunderclocking:     !! Rdmsr(2of2): core:0 idx:c0010062 done. (resultx==0000000000000006 hi:00000000 lo:00000006) {Rdmsr kernel/smp.c:712}
[    0.936542] CPUunderclocking:   !! Rdmsr(1of2): core:1 idx:c0010062 ... {Rdmsr kernel/smp.c:696}
[    0.936725] CPUunderclocking:     !! Rdmsr(2of2): core:1 idx:c0010062 done. (resultx==0000000000000006 hi:00000000 lo:00000006) {Rdmsr kernel/smp.c:712}
[    0.937004] CPUunderclocking:   !! Rdmsr(1of2): core:2 idx:c0010062 ... {Rdmsr kernel/smp.c:696}
[    0.937187] CPUunderclocking:     !! Rdmsr(2of2): core:2 idx:c0010062 done. (resultx==0000000000000006 hi:00000000 lo:00000006) {Rdmsr kernel/smp.c:712}
[    0.937371] CPUunderclocking:   !! Rdmsr(1of2): core:3 idx:c0010062 ... {Rdmsr kernel/smp.c:696}
[    0.937553] CPUunderclocking:     !! Rdmsr(2of2): core:3 idx:c0010062 done. (resultx==0000000000000006 hi:00000000 lo:00000006) {Rdmsr kernel/smp.c:712}
[    0.937737] CPUunderclocking:   !! Wrmsr(before write): core:0/64 idx:c0010062 valx:0000000000000000 ...  {Wrmsr kernel/smp.c:637}
[    0.937921] CPUunderclocking:     !! Wrmsr(after write): done. {Wrmsr kernel/smp.c:676}
[    0.938002] CPUunderclocking:   !! Wrmsr(before write): core:1/64 idx:c0010062 valx:0000000000000000 ...  {Wrmsr kernel/smp.c:637}
[    0.938168] CPUunderclocking:     !! Wrmsr(after write): done. {Wrmsr kernel/smp.c:676}
[    0.938327] CPUunderclocking:   !! Wrmsr(before write): core:2/64 idx:c0010062 valx:0000000000000000 ...  {Wrmsr kernel/smp.c:637}
[    0.938493] CPUunderclocking:     !! Wrmsr(after write): done. {Wrmsr kernel/smp.c:676}
[    0.938653] CPUunderclocking:   !! Wrmsr(before write): core:3/64 idx:c0010062 valx:0000000000000000 ...  {Wrmsr kernel/smp.c:637}
[    0.938820] CPUunderclocking:     !! Wrmsr(after write): done. {Wrmsr kernel/smp.c:676}
[    0.939001] CPUunderclocking:   !! Rdmsr(1of2): core:0 idx:c0010063 ... {Rdmsr kernel/smp.c:696}
[    0.939163] CPUunderclocking:     !! Rdmsr(2of2): core:0 idx:c0010063 done. (resultx==0000000000000000 hi:00000000 lo:00000000) {Rdmsr kernel/smp.c:712}
[    0.939327] CPUunderclocking:   !! Rdmsr(1of2): core:1 idx:c0010063 ... {Rdmsr kernel/smp.c:696}
[    0.939491] CPUunderclocking:     !! Rdmsr(2of2): core:1 idx:c0010063 done. (resultx==0000000000000000 hi:00000000 lo:00000000) {Rdmsr kernel/smp.c:712}
[    0.939655] CPUunderclocking:   !! Rdmsr(1of2): core:2 idx:c0010063 ... {Rdmsr kernel/smp.c:696}
[    0.939819] CPUunderclocking:     !! Rdmsr(2of2): core:2 idx:c0010063 done. (resultx==0000000000000000 hi:00000000 lo:00000000) {Rdmsr kernel/smp.c:712}
[    0.940001] CPUunderclocking:   !! Rdmsr(1of2): core:3 idx:c0010063 ... {Rdmsr kernel/smp.c:696}
[    0.940165] CPUunderclocking:     !! Rdmsr(2of2): core:3 idx:c0010063 done. (resultx==0000000000000000 hi:00000000 lo:00000000) {Rdmsr kernel/smp.c:712}
[    0.940329] CPUunderclocking: Waiting for PState to settle at wanted. Current: i(16bits)=0 j(64bits)=0 wantedpstate=0 tries left:9 {SetCurrentPState kernel/smp.c:926}
[    0.940532] CPUunderclocking:   !! Rdmsr(1of2): core:0 idx:c0010071 ... {Rdmsr kernel/smp.c:696}
[    0.940693] CPUunderclocking:     !! Rdmsr(2of2): core:0 idx:c0010071 done. (resultx==003160975a014e40 hi:00316097 lo:5a014e40) {Rdmsr kernel/smp.c:712}
[    0.940856] CPUunderclocking:   !! Rdmsr(1of2): core:1 idx:c0010071 ... {Rdmsr kernel/smp.c:696}
[    0.941005] CPUunderclocking:     !! Rdmsr(2of2): core:1 idx:c0010071 done. (resultx==003160975a014fa3 hi:00316097 lo:5a014fa3) {Rdmsr kernel/smp.c:712}
[    0.941170] CPUunderclocking:     !! Rdmsr(3of2): different results for cores(this is expected to be so, depending on load) core[0] != core[1] (see above KERN_DEBUG msgs) {Rdmsr kernel/smp.c:717}
[    0.941374] CPUunderclocking:   !! Rdmsr(1of2): core:2 idx:c0010071 ... {Rdmsr kernel/smp.c:696}
[    0.941539] CPUunderclocking:     !! Rdmsr(2of2): core:2 idx:c0010071 done. (resultx==003160975a014fa3 hi:00316097 lo:5a014fa3) {Rdmsr kernel/smp.c:712}
[    0.941702] CPUunderclocking:   !! Rdmsr(1of2): core:3 idx:c0010071 ... {Rdmsr kernel/smp.c:696}
[    0.941865] CPUunderclocking:     !! Rdmsr(2of2): core:3 idx:c0010071 done. (resultx==003160975a014e40 hi:00316097 lo:5a014e40) {Rdmsr kernel/smp.c:712}
[    0.942002] CPUunderclocking:     !! Rdmsr(3of2): different results for cores(this is expected to be so, depending on load) core[2] != core[3] (see above KERN_DEBUG msgs) {Rdmsr kernel/smp.c:717}
[    0.942206] CPUunderclocking: !! currentpstate:1 {apply_underclocking_if_needed kernel/smp.c:966}
[    0.942365] CPUunderclocking: done. {apply_underclocking_if_needed kernel/smp.c:969}
[    0.942525] smpboot: Boot done
[    0.942646] ----------------
[    0.942764] | NMI testsuite:
[    0.942883] --------------------
[    0.943001]   remote IPI:  ok  |
[    0.947219]    local IPI:  ok  |
[    0.957013] --------------------
[    0.957207] Good, all   2 testcases passed! |
[    0.957334] ---------------------------------
[    0.957463] smpboot: Before bogomips
[    0.957591] smpboot: Total of 4 processors activated (11179.26 BogoMIPS)
[    0.957719] smpboot: Before bogocount - setting activated=1
[    0.960903] devtmpfs: initialized
[    0.961248] device: 'platform': device_add
[    0.961798] bus: 'platform': registered
[    0.962167] bus: 'cpu': registered
[    0.962355] device: 'cpu': device_add
[    0.963073] bus: 'container': registered
[    0.963259] device: 'container': device_add
[    0.966791] bus: 'workqueue': registered
[    0.966983] device: 'workqueue': device_add
[    0.967529] clocksource: jiffies: mask: 0xffffffff max_cycles: 0xffffffff, max_idle_ns: 1911260446275000 ns
[    0.968031] xor: measuring software checksum speed
[    0.978002]    prefetch64-sse:  8796.000 MB/sec
[    0.988002]    generic_sse:  7916.000 MB/sec
[    0.988175] xor: using function: prefetch64-sse (8796.000 MB/sec)
[    0.988314] atomic64_test: passed for x86-64 platform with CX8 and with SSE
[    0.988443] device class 'regulator': registering
[    0.988807] Registering platform device 'reg-dummy'. Parent at platform
[    0.988989] device: 'reg-dummy': device_add
[    0.989069] bus: 'platform': add device reg-dummy
[    0.989545] bus: 'platform': add driver reg-dummy
[    0.989752] bus: 'platform': driver_probe_device: matched device reg-dummy with driver reg-dummy
[    0.990002] bus: 'platform': really_probe: probing driver reg-dummy with device reg-dummy
[    0.990235] devices_kset: Moving reg-dummy to end of list
[    0.990453] regulator-dummy: no parameters
[    0.990635] device: 'regulator.0': device_add
[    0.991578] driver: 'reg-dummy': driver_bound: bound to device 'reg-dummy'
[    0.991754] bus: 'platform': really_probe: bound device reg-dummy to driver reg-dummy
[    0.992973] NET: Registered protocol family 16
[    0.993533] device class 'bdi': registering
[    0.993821] bus: 'platform': add driver ramoops
[    0.994181] device class 'pci_bus': registering
[    0.994616] bus: 'pci': registered
[    0.994799] device class 'backlight': registering
[    0.995066] device class 'tty': registering
[    0.995301] device class 'vtconsole': registering
[    0.995553] device: 'vtcon0': device_add
[    0.996408] bus: 'node': registered
[    0.996596] device: 'node': device_add
[    0.997234] bus: 'i2c': registered
[    0.997445] bus: 'i2c': add driver dummy
[    0.997751] i2c-core: driver [dummy] registered
[    1.001023] cpuidle: using governor ladder
[    1.005035] cpuidle: using governor menu
[    1.005939] ACPI FADT declares the system doesn't support PCIe ASPM, so disable it
[    1.006012] ACPI: bus type PCI registered
[    1.006141] acpiphp: ACPI Hot Plug PCI Controller Driver version: 0.5
[    1.006271] device class 'dmi': registering
[    1.006474] device: 'id': device_add
[    1.007818] PCI: MMCONFIG for domain 0000 [bus 00-3f] at [mem 0xf8000000-0xfbffffff] (base 0xf8000000)
[    1.008003] PCI: not using MMCONFIG
[    1.008134] PCI: Using configuration type 1 for base access
[    1.008262] PCI: Using configuration type 1 for extended access
[    1.009007] device: 'node0': device_add
[    1.009404] bus: 'node': add device node0
[    1.009849] device: 'cpu0': device_add
[    1.010063] bus: 'cpu': add device cpu0
[    1.010588] device: 'cpu1': device_add
[    1.010844] bus: 'cpu': add device cpu1
[    1.011346] device: 'cpu2': device_add
[    1.011601] bus: 'cpu': add device cpu2
[    1.012158] device: 'cpu3': device_add
[    1.012415] bus: 'cpu': add device cpu3
[    1.078645] device: 'writeback': device_add
[    1.078902] bus: 'workqueue': add device writeback
[    1.079594] HugeTLB registered 2 MB page size, pre-allocated 0 pages
[    1.080795] device class 'block': registering
[    1.098010] raid6: sse2x1   gen()  3054 MB/s
[    1.115003] raid6: sse2x1   xor()  3417 MB/s
[    1.132009] raid6: sse2x2   gen()  4597 MB/s
[    1.149002] raid6: sse2x2   xor()  4939 MB/s
[    1.166006] raid6: sse2x4   gen()  5566 MB/s
[    1.183004] raid6: sse2x4   xor()  2943 MB/s
[    1.183178] raid6: using algorithm sse2x4 gen() 5566 MB/s
[    1.183305] raid6: .... xor() 2943 MB/s, rmw enabled
[    1.183432] raid6: using intx1 recovery algorithm
[    1.183647] device class 'graphics': registering
[    1.184029] ACPI: Added _OSI(Module Device)
[    1.184203] ACPI: Added _OSI(Processor Device)
[    1.184330] ACPI: Added _OSI(3.0 _SCP Extensions)
[    1.184457] ACPI: Added _OSI(Processor Aggregator Device)
[    1.345620] ACPI: [Firmware Bug]: BIOS _OSI(Linux) query ignored
[    1.364864] ACPI : EC: +++++ EC started +++++
[    1.418485] ACPI: Interpreter enabled
[    1.418678] ACPI: (supports S0 S5)
[    1.418853] ACPI: Using IOAPIC for interrupt routing
[    1.424410] bus: 'acpi': registered
[    1.424606] PCI: MMCONFIG for domain 0000 [bus 00-3f] at [mem 0xf8000000-0xfbffffff] (base 0xf8000000)
[    1.439386] PCI: MMCONFIG at [mem 0xf8000000-0xfbffffff] reserved in ACPI motherboard resources
[    1.439651] PCI: Using host bridge windows from ACPI; if necessary, use "pci=nocrs" and report a bug
[    1.440310] device: 'LNXSYSTM:00': device_add
[    1.440566] bus: 'acpi': add device LNXSYSTM:00
[    1.441706] device: 'LNXCPU:00': device_add
[    1.441960] bus: 'acpi': add device LNXCPU:00
[    1.443119] device: 'LNXCPU:01': device_add
[    1.443372] bus: 'acpi': add device LNXCPU:01
[    1.444490] device: 'LNXCPU:02': device_add
[    1.444747] bus: 'acpi': add device LNXCPU:02
[    1.445876] device: 'LNXCPU:03': device_add
[    1.446081] bus: 'acpi': add device LNXCPU:03
[    1.448103] device: 'LNXSYBUS:00': device_add
[    1.448360] bus: 'acpi': add device LNXSYBUS:00
[    1.450354] device: 'PNP0C0C:00': device_add
[    1.450613] bus: 'acpi': add device PNP0C0C:00
[    1.452723] device: 'PNP0A08:00': device_add
[    1.452975] bus: 'acpi': add device PNP0A08:00
[    1.455071] device: 'PNP0C02:00': device_add
[    1.455324] bus: 'acpi': add device PNP0C02:00
[    1.457669] device: 'device:00': device_add
[    1.457920] bus: 'acpi': add device device:00
[    1.459856] device: 'device:01': device_add
[    1.460079] bus: 'acpi': add device device:01
[    1.462069] device: 'device:02': device_add
[    1.462322] bus: 'acpi': add device device:02
[    1.464641] device: 'device:03': device_add
[    1.464892] bus: 'acpi': add device device:03
[    1.466826] device: 'LNXVIDEO:00': device_add
[    1.467078] bus: 'acpi': add device LNXVIDEO:00
[    1.469388] device: 'device:04': device_add
[    1.469641] bus: 'acpi': add device device:04
[    1.471862] device: 'device:05': device_add
[    1.472083] bus: 'acpi': add device device:05
[    1.474059] device: 'device:06': device_add
[    1.474312] bus: 'acpi': add device device:06
[    1.476524] device: 'device:07': device_add
[    1.476777] bus: 'acpi': add device device:07
[    1.478750] device: 'device:08': device_add
[    1.479013] bus: 'acpi': add device device:08
[    1.481329] device: 'device:09': device_add
[    1.481579] bus: 'acpi': add device device:09
[    1.483524] device: 'device:0a': device_add
[    1.483777] bus: 'acpi': add device device:0a
[    1.486109] device: 'device:0b': device_add
[    1.486361] bus: 'acpi': add device device:0b
[    1.488315] device: 'device:0c': device_add
[    1.488569] bus: 'acpi': add device device:0c
[    1.490901] device: 'device:0d': device_add
[    1.491083] bus: 'acpi': add device device:0d
[    1.493119] device: 'device:0e': device_add
[    1.493371] bus: 'acpi': add device device:0e
[    1.495697] device: 'device:0f': device_add
[    1.495948] bus: 'acpi': add device device:0f
[    1.497901] device: 'device:10': device_add
[    1.498087] bus: 'acpi': add device device:10
[    1.500477] device: 'device:11': device_add
[    1.500729] bus: 'acpi': add device device:11
[    1.502653] device: 'device:12': device_add
[    1.502906] bus: 'acpi': add device device:12
[    1.504836] device: 'device:13': device_add
[    1.505081] bus: 'acpi': add device device:13
[    1.507039] device: 'device:14': device_add
[    1.507295] bus: 'acpi': add device device:14
[    1.509617] device: 'device:15': device_add
[    1.509871] bus: 'acpi': add device device:15
[    1.511804] device: 'device:16': device_add
[    1.512058] bus: 'acpi': add device device:16
[    1.513985] device: 'device:17': device_add
[    1.514082] bus: 'acpi': add device device:17
[    1.516180] device: 'device:18': device_add
[    1.516434] bus: 'acpi': add device device:18
[    1.518745] device: 'device:19': device_add
[    1.519002] bus: 'acpi': add device device:19
[    1.520942] device: 'device:1a': device_add
[    1.521082] bus: 'acpi': add device device:1a
[    1.523127] device: 'device:1b': device_add
[    1.523384] bus: 'acpi': add device device:1b
[    1.525691] device: 'device:1c': device_add
[    1.525943] bus: 'acpi': add device device:1c
[    1.527852] device: 'device:1d': device_add
[    1.528080] bus: 'acpi': add device device:1d
[    1.530040] device: 'device:1e': device_add
[    1.530292] bus: 'acpi': add device device:1e
[    1.532609] device: 'device:1f': device_add
[    1.532862] bus: 'acpi': add device device:1f
[    1.534793] device: 'device:20': device_add
[    1.535047] bus: 'acpi': add device device:20
[    1.537365] device: 'device:21': device_add
[    1.537617] bus: 'acpi': add device device:21
[    1.539557] device: 'device:22': device_add
[    1.539809] bus: 'acpi': add device device:22
[    1.542120] device: 'device:23': device_add
[    1.542377] bus: 'acpi': add device device:23
[    1.544657] device: 'device:24': device_add
[    1.544905] bus: 'acpi': add device device:24
[    1.547544] device: 'device:25': device_add
[    1.547795] bus: 'acpi': add device device:25
[    1.549744] device: 'device:26': device_add
[    1.550002] bus: 'acpi': add device device:26
[    1.552242] device: 'device:27': device_add
[    1.552496] bus: 'acpi': add device device:27
[    1.559031] device: 'device:28': device_add
[    1.559283] bus: 'acpi': add device device:28
[    1.566072] device: 'device:29': device_add
[    1.566327] bus: 'acpi': add device device:29
[    1.568628] device: 'device:2a': device_add
[    1.568882] bus: 'acpi': add device device:2a
[    1.575569] device: 'device:2b': device_add
[    1.575822] bus: 'acpi': add device device:2b
[    1.582548] device: 'device:2c': device_add
[    1.582805] bus: 'acpi': add device device:2c
[    1.586164] device: 'device:2d': device_add
[    1.586419] bus: 'acpi': add device device:2d
[    1.588431] device: 'device:2e': device_add
[    1.588686] bus: 'acpi': add device device:2e
[    1.592216] device: 'device:2f': device_add
[    1.592477] bus: 'acpi': add device device:2f
[    1.594494] device: 'device:30': device_add
[    1.594747] bus: 'acpi': add device device:30
[    1.596855] device: 'device:31': device_add
[    1.597085] bus: 'acpi': add device device:31
[    1.599369] device: 'device:32': device_add
[    1.599623] bus: 'acpi': add device device:32
[    1.602609] device: 'PNP0C0F:00': device_add
[    1.602859] bus: 'acpi': add device PNP0C0F:00
[    1.605962] device: 'PNP0C0F:01': device_add
[    1.606081] bus: 'acpi': add device PNP0C0F:01
[    1.609329] device: 'PNP0C0F:02': device_add
[    1.609584] bus: 'acpi': add device PNP0C0F:02
[    1.612622] device: 'PNP0C0F:03': device_add
[    1.612871] bus: 'acpi': add device PNP0C0F:03
[    1.616002] device: 'PNP0C0F:04': device_add
[    1.616256] bus: 'acpi': add device PNP0C0F:04
[    1.619423] device: 'PNP0C0F:05': device_add
[    1.619676] bus: 'acpi': add device PNP0C0F:05
[    1.622829] device: 'PNP0C0F:06': device_add
[    1.623082] bus: 'acpi': add device PNP0C0F:06
[    1.626178] device: 'PNP0C0F:07': device_add
[    1.626430] bus: 'acpi': add device PNP0C0F:07
[    1.628480] device: 'PNP0200:00': device_add
[    1.628730] bus: 'acpi': add device PNP0200:00
[    1.630716] device: 'PNP0C04:00': device_add
[    1.630966] bus: 'acpi': add device PNP0C04:00
[    1.632951] device: 'PNP0000:00': device_add
[    1.633086] bus: 'acpi': add device PNP0000:00
[    1.635185] device: 'PNP0B00:00': device_add
[    1.635438] bus: 'acpi': add device PNP0B00:00
[    1.637415] device: 'PNP0800:00': device_add
[    1.637667] bus: 'acpi': add device PNP0800:00
[    1.639648] device: 'PNP0100:00': device_add
[    1.639902] bus: 'acpi': add device PNP0100:00
[    1.641880] device: 'PNP0C02:01': device_add
[    1.642086] bus: 'acpi': add device PNP0C02:01
[    1.644668] device: 'PNP0C01:00': device_add
[    1.644919] bus: 'acpi': add device PNP0C01:00
[    1.647558] device: 'PNP0C09:00': device_add
[    1.647810] bus: 'acpi': add device PNP0C09:00
[    1.650494] device: 'ACPI0003:00': device_add
[    1.650748] bus: 'acpi': add device ACPI0003:00
[    1.655853] device: 'PNP0C0A:00': device_add
[    1.656086] bus: 'acpi': add device PNP0C0A:00
[    1.658921] device: 'VPC2004:00': device_add
[    1.659084] bus: 'acpi': add device VPC2004:00
[    1.661293] device: 'PNP0303:00': device_add
[    1.661548] bus: 'acpi': add device PNP0303:00
[    1.665818] device: 'SYN0326:00': device_add
[    1.666085] bus: 'acpi': add device SYN0326:00
[    1.668464] device: 'device:33': device_add
[    1.668720] bus: 'acpi': add device device:33
