[    0.000000] Linux version 4.7.0-g0cbbc42 (z@myzee) (gcc version 6.1.1 20160707 (GCC) ) #8 SMP PREEMPT Sat Aug 6 19:09:43 EEST 2016
[    0.000000] Command line: BOOT_IMAGE=/boot/vmlinuz-linux-git root=UUID=96efaea0-86dc-485a-af36-36706f9f3908 rw root_trim=yes rd.luks.allow-discards ipv6.disable=1 pnp.debug=1 loglevel=9 log_buf_len=10M printk.always_kmsg_dump=y printk.time=y printk.devkmsg=on mminit_loglevel=0 memory_corruption_check=1 nohz=on rcu_nocbs=1-3 fbcon=scrollback:4096k fbcon=font:ProFont6x11 apic=debug dynamic_debug.verbose=1 "dyndbg=file arch/x86/kernel/apic/* +pflmt ; file drivers/video/* +pflmt ; file drivers/input/* -pflmt ; file drivers/acpi/* -pflmt" acpi_backlight=vendor radeon.audio=0 radeon.lockup_timeout=999000 radeon.test=0 radeon.agpmode=-1 radeon.benchmark=0 radeon.tv=0 radeon.hard_reset=1 radeon.msi=1 radeon.pcie_gen2=-1 radeon.no_wb=1 radeon.dynclks=0 radeon.r4xx_atom=0 radeonfb radeon.fastfb=1 radeon.dpm=1 radeon.runpm=1 rd.debug rd.udev.debug rd.memdebug=3 net.ifnames=1 slub_debug=U pax_sanitize_slab=full noefi nolvm dobtrfs console=tty1 earlyprintk=vga CPUunderclocking radeon.modeset=1 audit
[    0.000000] KERNEL supported cpus:
[    0.000000]   AMD AuthenticAMD
[    0.000000] x86/fpu: Legacy x87 FPU detected.
[    0.000000] x86/fpu: Using 'eager' FPU context switches.
[    0.000000] e820: BIOS-provided physical RAM map:
[    0.000000] BIOS-e820: [mem 0x0000000000000000-0x000000000009d7ff] usable
[    0.000000] BIOS-e820: [mem 0x000000000009d800-0x000000000009ffff] reserved
[    0.000000] BIOS-e820: [mem 0x00000000000e0000-0x00000000000fffff] reserved
[    0.000000] BIOS-e820: [mem 0x0000000000100000-0x00000000bed9afff] usable
[    0.000000] BIOS-e820: [mem 0x00000000bed9b000-0x00000000bf39afff] reserved
[    0.000000] BIOS-e820: [mem 0x00000000bf39b000-0x00000000bf49afff] ACPI NVS
[    0.000000] BIOS-e820: [mem 0x00000000bf49b000-0x00000000bf51afff] ACPI data
[    0.000000] BIOS-e820: [mem 0x00000000bf51b000-0x00000000bfdfffff] usable
[    0.000000] BIOS-e820: [mem 0x00000000bfe00000-0x00000000bfffffff] reserved
[    0.000000] BIOS-e820: [mem 0x00000000fec00000-0x00000000fecfffff] reserved
[    0.000000] BIOS-e820: [mem 0x00000000fed80000-0x00000000fed80fff] reserved
[    0.000000] BIOS-e820: [mem 0x00000000ffe00000-0x00000000ffffffff] reserved
[    0.000000] BIOS-e820: [mem 0x0000000100000000-0x000000041effffff] usable
[    0.000000] bootconsole [earlyvga0] enabled
[    0.000000] NX (Execute Disable) protection: active
[    0.000000] SMBIOS 2.6 present.
[    0.000000] DMI: LENOVO Sabine/Torpedo, BIOS 54CN18WW 07/20/2011
[    0.000000] e820: update [mem 0x00000000-0x00000fff] usable ==> reserved
[    0.000000] e820: remove [mem 0x000a0000-0x000fffff] usable
[    0.000000] e820: last_pfn = 0x41f000 max_arch_pfn = 0x400000000
[    0.000000] MTRR default type: uncachable
[    0.000000] MTRR fixed ranges enabled:
[    0.000000]   00000-9FFFF write-back
[    0.000000]   A0000-BFFFF uncachable
[    0.000000]   C0000-FFFFF write-protect
[    0.000000] MTRR variable ranges enabled:
[    0.000000]   0 base 0000000000 mask FF80000000 write-back
[    0.000000]   1 base 0080000000 mask FFC0000000 write-back
[    0.000000]   2 base 00FFF90000 mask FFFFFF0000 uncachable
[    0.000000]   3 base 00FED80000 mask 0FFFFFF000 uncachable
[    0.000000]   4 disabled
[    0.000000]   5 disabled
[    0.000000]   6 disabled
[    0.000000]   7 base 00FFE00000 mask FFFFE00000 write-protect
[    0.000000] TOM2: 000000041f000000 aka 16880M
[    0.000000] x86/PAT: Configuration [0-7]: WB  WC  UC- UC  WB  WC  UC- WT  
[    0.000000] mtrr: your BIOS has configured an incorrect mask, fixing it.
[    0.000000] e820: last_pfn = 0xbfe00 max_arch_pfn = 0x400000000
[    0.000000] Scan for SMP in [mem 0x00000000-0x000003ff]
[    0.000000] Scan for SMP in [mem 0x0009fc00-0x0009ffff]
[    0.000000] Scan for SMP in [mem 0x000f0000-0x000fffff]
[    0.000000] found SMP MP-table at [mem 0x000fa8b0-0x000fa8bf] mapped at [ffff90fb400fa8b0]
[    0.000000]   mpc: fa8c0-faa24
[    0.000000] Base memory trampoline at [ffff90fb40097000] 97000 size 24576
[    0.000000] Using GB pages for direct mapping
[    0.000000] BRK [0x21a030000, 0x21a030fff] PGTABLE
[    0.000000] BRK [0x21a031000, 0x21a031fff] PGTABLE
[    0.000000] BRK [0x21a032000, 0x21a032fff] PGTABLE
[    0.000000] BRK [0x21a033000, 0x21a033fff] PGTABLE
[    0.000000] BRK [0x21a034000, 0x21a034fff] PGTABLE
[    0.000000] BRK [0x21a035000, 0x21a035fff] PGTABLE
[    0.000000] log_buf_len: 16777216 bytes
[    0.000000] early log buf free: 2092580(99%)
[    0.000000] RAMDISK: [mem 0x37b83000-0x37db8fff]
[    0.000000] ACPI: Early table checksum verification disabled
[    0.000000] ACPI: RSDP 0x00000000000F0110 000024 (v02 LENOVO)
[    0.000000] ACPI: XSDT 0x00000000BF51A120 000074 (v01 LENOVO CB-01    00000001 LENO 00000001)
[    0.000000] ACPI: FACP 0x00000000BF508000 0000F4 (v04 LENOVO CB-01    00000001 PTL  00000001)
[    0.000000] ACPI: DSDT 0x00000000BF50A000 00FD10 (v01 LENOVO CB-01    00001000 LENO 00000001)
[    0.000000] ACPI: FACS 0x00000000BF478000 000040
[    0.000000] ACPI: FACS 0x00000000BF478000 000040
[    0.000000] ACPI: HPET 0x00000000BF507000 000038 (v01 LENOVO CB-01    00000001 PTL  00000001)
[    0.000000] ACPI: APIC 0x00000000BF506000 00007A (v02 LENOVO CB-01    00000001 PTL  00000001)
[    0.000000] ACPI: MCFG 0x00000000BF505000 00003C (v01 LENOVO CB-01    00000001 PTL  00000001)
[    0.000000] ACPI: SLIC 0x00000000BF504000 000176 (v01 LENOVO CB-01    00000001 LENO 00000001)
[    0.000000] ACPI: UEFI 0x00000000BF503000 00003E (v01 LENOVO CB-01    00000001 PTL  00000001)
[    0.000000] ACPI: UEFI 0x00000000BF502000 000042 (v01 PTL    COMBUF   00000001 PTL  00000001)
[    0.000000] ACPI: SSDT 0x00000000BF501000 000E34 (v01 AMD    POWERNOW 00000001 AMD  00000001)
[    0.000000] ACPI: SSDT 0x00000000BF4FF000 00193D (v02 AMD    ALIB     00000001 MSFT 04000000)
[    0.000000] ACPI: UEFI 0x00000000BF4FE000 0001DE (v01 LENOVO CB-01    00000001 PTL  00000001)
[    0.000000] ACPI: Local APIC address 0xfee00000
[    0.000000] mapped APIC to ffffffffff7fc000 (        fee00000)
[    0.000000] No NUMA configuration found
[    0.000000] Faking a node at [mem 0x0000000000000000-0x000000041effffff]
[    0.000000] NODE_DATA(0) allocated [mem 0x41dff9000-0x41dffcfff]
[    0.000000] Zone ranges:
[    0.000000]   DMA      [mem 0x0000000000001000-0x0000000000ffffff]
[    0.000000]   DMA32    [mem 0x0000000001000000-0x00000000ffffffff]
[    0.000000]   Normal   [mem 0x0000000100000000-0x000000041effffff]
[    0.000000] Movable zone start for each node
[    0.000000] Early memory node ranges
[    0.000000]   node   0: [mem 0x0000000000001000-0x000000000009cfff]
[    0.000000]   node   0: [mem 0x0000000000100000-0x00000000bed9afff]
[    0.000000]   node   0: [mem 0x00000000bf51b000-0x00000000bfdfffff]
[    0.000000]   node   0: [mem 0x0000000100000000-0x000000041effffff]
[    0.000000] Initmem setup node 0 [mem 0x0000000000001000-0x000000041effffff]
[    0.000000] On node 0 totalpages: 4056604
[    0.000000]   DMA zone: 64 pages used for memmap
[    0.000000]   DMA zone: 21 pages reserved
[    0.000000]   DMA zone: 3996 pages, LIFO batch:0
[    0.000000]   DMA32 zone: 12186 pages used for memmap
[    0.000000]   DMA32 zone: 779904 pages, LIFO batch:31
[    0.000000]   Normal zone: 51136 pages used for memmap
[    0.000000]   Normal zone: 3272704 pages, LIFO batch:31
[    0.000000] ACPI: PM-Timer IO Port: 0x808
[    0.000000] ACPI: Local APIC address 0xfee00000
[    0.000000] mapped APIC to ffffffffff7fc000 (        fee00000)
[    0.000000] ACPI: LAPIC (acpi_id[0x00] lapic_id[0x00] enabled)
[    0.000000] ACPI: LAPIC (acpi_id[0x01] lapic_id[0x01] enabled)
[    0.000000] ACPI: LAPIC (acpi_id[0x02] lapic_id[0x02] enabled)
[    0.000000] ACPI: LAPIC (acpi_id[0x03] lapic_id[0x03] enabled)
[    0.000000] ACPI: LAPIC_NMI (acpi_id[0x00] high edge lint[0x1])
[    0.000000] ACPI: LAPIC_NMI (acpi_id[0x01] high edge lint[0x1])
[    0.000000] ACPI: LAPIC_NMI (acpi_id[0x02] high edge lint[0x1])
[    0.000000] ACPI: LAPIC_NMI (acpi_id[0x03] high edge lint[0x1])
[    0.000000] ACPI: IOAPIC (id[0x02] address[0xfec00000] gsi_base[0])
[    0.000000] IOAPIC[0]: apic_id 2, version 33, address 0xfec00000, GSI 0-23
[    0.000000] ACPI: INT_SRC_OVR (bus 0 bus_irq 0 global_irq 2 dfl dfl)
[    0.000000] Int: type 0, pol 0, trig 0, bus 00, IRQ 00, APIC ID 2, APIC INT 02
[    0.000000] Int: type 0, pol 3, trig 3, bus 00, IRQ 09, APIC ID 2, APIC INT 09
[    0.000000] ACPI: IRQ0 used by override.
[    0.000000] Int: type 0, pol 0, trig 0, bus 00, IRQ 01, APIC ID 2, APIC INT 01
[    0.000000] Int: type 0, pol 0, trig 0, bus 00, IRQ 03, APIC ID 2, APIC INT 03
[    0.000000] Int: type 0, pol 0, trig 0, bus 00, IRQ 04, APIC ID 2, APIC INT 04
[    0.000000] Int: type 0, pol 0, trig 0, bus 00, IRQ 05, APIC ID 2, APIC INT 05
[    0.000000] Int: type 0, pol 0, trig 0, bus 00, IRQ 06, APIC ID 2, APIC INT 06
[    0.000000] Int: type 0, pol 0, trig 0, bus 00, IRQ 07, APIC ID 2, APIC INT 07
[    0.000000] Int: type 0, pol 0, trig 0, bus 00, IRQ 08, APIC ID 2, APIC INT 08
[    0.000000] ACPI: IRQ9 used by override.
[    0.000000] Int: type 0, pol 0, trig 0, bus 00, IRQ 0a, APIC ID 2, APIC INT 0a
[    0.000000] Int: type 0, pol 0, trig 0, bus 00, IRQ 0b, APIC ID 2, APIC INT 0b
[    0.000000] Int: type 0, pol 0, trig 0, bus 00, IRQ 0c, APIC ID 2, APIC INT 0c
[    0.000000] Int: type 0, pol 0, trig 0, bus 00, IRQ 0d, APIC ID 2, APIC INT 0d
[    0.000000] Int: type 0, pol 0, trig 0, bus 00, IRQ 0e, APIC ID 2, APIC INT 0e
[    0.000000] Int: type 0, pol 0, trig 0, bus 00, IRQ 0f, APIC ID 2, APIC INT 0f
[    0.000000] Using ACPI (MADT) for SMP configuration information
[    0.000000] ACPI: HPET id: 0x43538210 base: 0xfed00000
[    0.000000] smpboot: Allowing 4 CPUs, 0 hotplug CPUs
[    0.000000] mapped IOAPIC to ffffffffff7fb000 (fec00000)
[    0.000000] e820: [mem 0xc0000000-0xfebfffff] available for PCI devices
[    0.000000] clocksource: refined-jiffies: mask: 0xffffffff max_cycles: 0xffffffff, max_idle_ns: 1910969940391419 ns
[    0.000000] setup_percpu: NR_CPUS:64 nr_cpumask_bits:64 nr_cpu_ids:4 nr_node_ids:1
[    0.000000] percpu: Embedded 33 pages/cpu @ffff90ff5dc00000 s95832 r8192 d31144 u524288
[    0.000000] pcpu-alloc: s95832 r8192 d31144 u524288 alloc=1*2097152
[    0.000000] pcpu-alloc: [0] 0 1 2 3 
[    0.000000] Built 1 zonelists in Node order, mobility grouping on.  Total pages: 3993197
[    0.000000] Policy zone: Normal
[    0.000000] Kernel command line: BOOT_IMAGE=/boot/vmlinuz-linux-git root=UUID=96efaea0-86dc-485a-af36-36706f9f3908 rw root_trim=yes rd.luks.allow-discards ipv6.disable=1 pnp.debug=1 loglevel=9 log_buf_len=10M printk.always_kmsg_dump=y printk.time=y printk.devkmsg=on mminit_loglevel=0 memory_corruption_check=1 nohz=on rcu_nocbs=1-3 fbcon=scrollback:4096k fbcon=font:ProFont6x11 apic=debug dynamic_debug.verbose=1 "dyndbg=file arch/x86/kernel/apic/* +pflmt ; file drivers/video/* +pflmt ; file drivers/input/* -pflmt ; file drivers/acpi/* -pflmt" acpi_backlight=vendor radeon.audio=0 radeon.lockup_timeout=999000 radeon.test=0 radeon.agpmode=-1 radeon.benchmark=0 radeon.tv=0 radeon.hard_reset=1 radeon.msi=1 radeon.pcie_gen2=-1 radeon.no_wb=1 radeon.dynclks=0 radeon.r4xx_atom=0 radeonfb radeon.fastfb=1 radeon.dpm=1 radeon.runpm=1 rd.debug rd.udev.debug rd.memdebug=3 net.ifnames=1 slub_debug=U pax_sanitize_slab=full noefi nolvm dobtrfs console=tty1 earlyprintk=vga CPUunderclocking radeon.modeset=1 
[    0.000000] PCIe ASPM is disabled
[    0.000000] PID hash table entries: 4096 (order: 3, 32768 bytes)
[    0.000000] Memory: 15870372K/16226416K available (7819K kernel code, 740K rwdata, 3032K rodata, 880K init, 2628K bss, 356044K reserved, 0K cma-reserved)
[    0.000000] SLUB: HWalign=64, Order=0-3, MinObjects=0, CPUs=4, Nodes=1
[    0.000000] Preemptible hierarchical RCU implementation.
[    0.000000] 	Build-time adjustment of leaf fanout to 64.
[    0.000000] 	RCU restricting CPUs from NR_CPUS=64 to nr_cpu_ids=4.
[    0.000000] RCU: Adjusting geometry for rcu_fanout_leaf=64, nr_cpu_ids=4
[    0.000000] NR_IRQS:4352 nr_irqs:456 16
[    0.000000] spurious 8259A interrupt: IRQ7.
[    0.000000] vgacon: allocated 4194304 bytes of memory for scrollback. CONFIG_VGACON_SOFT_SCROLLBACK_SIZE=4096
[    0.000000] Console: colour VGA+ 80x25
[    0.000000] console [tty1] enabled
[    0.000000] bootconsole [earlyvga0] disabled
[    0.000000] clocksource: hpet: mask: 0xffffffff max_cycles: 0xffffffff, max_idle_ns: 133484873504 ns
[    0.000000] hpet clockevent registered
[    0.000000] tsc: Fast TSC calibration using PIT
[    0.000000] tsc: Detected 1397.488 MHz processor
[    0.000046] Calibrating delay loop (skipped), value calculated using timer frequency.. 2794.97 BogoMIPS (lpj=1397488)
[    0.000169] pid_max: default: 32768 minimum: 301
[    0.000292] ACPI: Core revision 20160422
[    0.000472] ACPI: acpi_os_initialize: map reset_reg status 0
[    0.254668] random: fast init done
[    0.861306] ACPI: 3 ACPI AML tables successfully acquired and loaded

[    0.861883] Security Framework initialized
[    0.863807] Dentry cache hash table entries: 2097152 (order: 12, 16777216 bytes)
[    0.870627] Inode-cache hash table entries: 1048576 (order: 11, 8388608 bytes)
[    0.873808] Mount-cache hash table entries: 32768 (order: 6, 262144 bytes)
[    0.874042] Mountpoint-cache hash table entries: 32768 (order: 6, 262144 bytes)
[    0.877020] [Firmware Info]: CPU: 'AMD A6-3400M APU with Radeon(tm) HD Graphics' has AMD errata 665 Integer Divide Instruction May Cause Unpredictable Behavior.'
[    0.877291] [Firmware Info]: CPU: Double-checked CPU type. 'AMD A6-3400M APU with Radeon(tm) HD Graphics'
[    0.877467] [Firmware Info]: CPU: Setting workaround for 665...(set 'no665wo' in /proc/cmdline to disable)
[    0.877646] CPU: Physical Processor ID: 0
[    0.877775] CPU: Processor Core ID: 0
[    0.877903] mce: CPU supports 6 MCE banks
[    0.878067] Last level iTLB entries: 4KB 512, 2MB 16, 4MB 8
[    0.878244] Last level dTLB entries: 4KB 1024, 2MB 128, 4MB 64, 1GB 0
[    0.879821] Freeing SMP alternatives memory: 28K (ffffffffa6997000 - ffffffffa699e000)
[    0.880783] smpboot: Max logical packages: 1
[    0.880960] smpboot: APIC(0) Converting physical 0 to logical package 0
[    0.881101] enabled ExtINT on CPU#0
[    0.881402] ENABLING IO-APIC IRQs
[    0.881541] init IO_APIC IRQs
[    0.881635]  apic 2 pin 0 not connected
[    0.881855] IOAPIC[0]: Set routing entry (2-1 -> 0x31 -> IRQ 1 Mode:0 Active:0 Dest:1)
[    0.882132] IOAPIC[0]: Set routing entry (2-2 -> 0x30 -> IRQ 0 Mode:0 Active:0 Dest:1)
[    0.882347] IOAPIC[0]: Set routing entry (2-3 -> 0x33 -> IRQ 3 Mode:0 Active:0 Dest:1)
[    0.882562] IOAPIC[0]: Set routing entry (2-4 -> 0x34 -> IRQ 4 Mode:0 Active:0 Dest:1)
[    0.882776] IOAPIC[0]: Set routing entry (2-5 -> 0x35 -> IRQ 5 Mode:0 Active:0 Dest:1)
[    0.882989] IOAPIC[0]: Set routing entry (2-6 -> 0x36 -> IRQ 6 Mode:0 Active:0 Dest:1)
[    0.883262] IOAPIC[0]: Set routing entry (2-7 -> 0x37 -> IRQ 7 Mode:0 Active:0 Dest:1)
[    0.883479] IOAPIC[0]: Set routing entry (2-8 -> 0x38 -> IRQ 8 Mode:0 Active:0 Dest:1)
[    0.883696] IOAPIC[0]: Set routing entry (2-9 -> 0x39 -> IRQ 9 Mode:1 Active:1 Dest:1)
[    0.883902] IOAPIC[0]: Set routing entry (2-10 -> 0x3a -> IRQ 10 Mode:0 Active:0 Dest:1)
[    0.884105] IOAPIC[0]: Set routing entry (2-11 -> 0x3b -> IRQ 11 Mode:0 Active:0 Dest:1)
[    0.884308] IOAPIC[0]: Set routing entry (2-12 -> 0x3c -> IRQ 12 Mode:0 Active:0 Dest:1)
[    0.884510] IOAPIC[0]: Set routing entry (2-13 -> 0x3d -> IRQ 13 Mode:0 Active:0 Dest:1)
[    0.884712] IOAPIC[0]: Set routing entry (2-14 -> 0x3e -> IRQ 14 Mode:0 Active:0 Dest:1)
[    0.884914] IOAPIC[0]: Set routing entry (2-15 -> 0x3f -> IRQ 15 Mode:0 Active:0 Dest:1)
[    0.885078]  apic 2 pin 16 not connected
[    0.885198]  apic 2 pin 17 not connected
[    0.885319]  apic 2 pin 18 not connected
[    0.885439]  apic 2 pin 19 not connected
[    0.885560]  apic 2 pin 20 not connected
[    0.885680]  apic 2 pin 21 not connected
[    0.885801]  apic 2 pin 22 not connected
[    0.885921]  apic 2 pin 23 not connected
[    0.886220] ..TIMER: vector=0x30 apic1=0 pin1=2 apic2=-1 pin2=-1
[    0.896348] Using local APIC timer interrupts.
               calibrating APIC timer ...
[    0.997634] ... lapic delta = 1247725
[    0.997762] ... PM-Timer delta = 357953
[    0.997890] ... PM-Timer result ok
[    0.998018] ..... delta 1247725
[    0.998147] ..... mult: 53589380
[    0.998274] ..... calibration result: 199636
[    0.998403] ..... CPU clock speed is 1397.0453 MHz.
[    0.998533] ..... host bus clock speed is 199.0636 MHz.
[    0.998628] smpboot: CPU0: AMD A6-3400M APU with Radeon(tm) HD Graphics (family: 0x12, model: 0x1, stepping: 0x0)
[    0.998957] Performance Events: AMD PMU driver.
[    0.999123] ... version:                0
[    0.999251] ... bit width:              48
[    0.999380] ... generic registers:      4
[    0.999508] ... value mask:             0000ffffffffffff
[    0.999643] ... max period:             00007fffffffffff
[    0.999773] ... fixed-purpose events:   0
[    0.999901] ... event mask:             000000000000000f
[    1.005664] dynamic_debug:ddebug_add_module: 2 debug prints in module main
[    1.005868] dynamic_debug:ddebug_add_module: 1 debug prints in module initramfs
[    1.006054] dynamic_debug:ddebug_add_module: 3 debug prints in module ibs
[    1.006193] dynamic_debug:ddebug_add_module: 1 debug prints in module common
[    1.006342] dynamic_debug:ddebug_add_module: 1 debug prints in module amd
[    1.006483] dynamic_debug:ddebug_add_module: 2 debug prints in module main
[    1.006632] dynamic_debug:ddebug_add_module: 7 debug prints in module generic
[    1.006776] dynamic_debug:ddebug_add_module: 15 debug prints in module cleanup
[    1.006963] dynamic_debug:ddebug_add_module: 8 debug prints in module microcode
[    1.007148] dynamic_debug:ddebug_add_module: 3 debug prints in module boot
[    1.007293] dynamic_debug:ddebug_add_module: 22 debug prints in module smpboot
[    1.007465] dynamic_debug:ddebug_add_module: 1 debug prints in module tsc_sync
[    1.007640] dynamic_debug:ddebug_add_module: 2 debug prints in module setup_percpu
[    1.007817] dynamic_debug:ddebug_add_module: 30 debug prints in module vector
[    1.007950] dynamic_debug:ddebug_add_module: 2 debug prints in module init
[    1.008084] dynamic_debug:ddebug_add_module: 6 debug prints in module init_64
[    1.008215] dynamic_debug:ddebug_add_module: 1 debug prints in module numa
[    1.008346] dynamic_debug:ddebug_add_module: 4 debug prints in module params
[    1.008477] dynamic_debug:ddebug_add_module: 4 debug prints in module async
[    1.008607] dynamic_debug:ddebug_add_module: 1 debug prints in module manage
[    1.008751] dynamic_debug:ddebug_add_module: 14 debug prints in module irqdomain
[    1.008919] dynamic_debug:ddebug_add_module: 2 debug prints in module msi
[    1.009049] dynamic_debug:ddebug_add_module: 2 debug prints in module freezer
[    1.009184] dynamic_debug:ddebug_add_module: 19 debug prints in module module
[    1.009314] dynamic_debug:ddebug_add_module: 1 debug prints in module cgroup
[    1.009445] dynamic_debug:ddebug_add_module: 6 debug prints in module mempolicy
[    1.009620] dynamic_debug:ddebug_add_module: 1 debug prints in module sparse_vmemmap
[    1.009794] dynamic_debug:ddebug_add_module: 1 debug prints in module vmpressure
[    1.009963] dynamic_debug:ddebug_add_module: 1 debug prints in module fsnotify
[    1.010132] dynamic_debug:ddebug_add_module: 2 debug prints in module notification
[    1.010300] dynamic_debug:ddebug_add_module: 1 debug prints in module inotify_fsnotify
[    1.010470] dynamic_debug:ddebug_add_module: 5 debug prints in module inotify_user
[    1.010642] dynamic_debug:ddebug_add_module: 6 debug prints in module fanotify
[    1.010813] dynamic_debug:ddebug_add_module: 13 debug prints in module fanotify_user
[    1.010985] dynamic_debug:ddebug_add_module: 20 debug prints in module aio
[    1.011118] dynamic_debug:ddebug_add_module: 13 debug prints in module binfmt_misc
[    1.011287] dynamic_debug:ddebug_add_module: 2 debug prints in module mount
[    1.011417] dynamic_debug:ddebug_add_module: 1 debug prints in module dir
[    1.011550] dynamic_debug:ddebug_add_module: 8 debug prints in module configfs
[    1.011722] dynamic_debug:ddebug_add_module: 1 debug prints in module debugfs
[    1.011854] dynamic_debug:ddebug_add_module: 22 debug prints in module btrfs
[    1.011979] dynamic_debug:ddebug_add_module: 2 debug prints in module ramoops
[    1.012103] dynamic_debug:ddebug_add_module: 1 debug prints in module inode
[    1.012228] dynamic_debug:ddebug_add_module: 6 debug prints in module asymmetric_keys
[    1.012391] dynamic_debug:ddebug_add_module: 13 debug prints in module x509_key_parser
[    1.012554] dynamic_debug:ddebug_add_module: 13 debug prints in module efi
[    1.012680] dynamic_debug:ddebug_add_module: 1 debug prints in module decompress
[    1.012844] dynamic_debug:ddebug_add_module: 10 debug prints in module kobject
[    1.013023] dynamic_debug:ddebug_add_module: 6 debug prints in module kobject_uevent
[    1.013195] dynamic_debug:ddebug_add_module: 1 debug prints in module list_sort
[    1.013360] dynamic_debug:ddebug_add_module: 1 debug prints in module percpu_refcount
[    1.013523] dynamic_debug:ddebug_add_module: 11 debug prints in module asn1_decoder
[    1.013688] dynamic_debug:ddebug_add_module: 5 debug prints in module probe
[    1.013813] dynamic_debug:ddebug_add_module: 4 debug prints in module pci
[    1.013937] dynamic_debug:ddebug_add_module: 1 debug prints in module pci_driver
[    1.014100] dynamic_debug:ddebug_add_module: 3 debug prints in module slot
[    1.014224] dynamic_debug:ddebug_add_module: 3 debug prints in module quirks
[    1.014351] dynamic_debug:ddebug_add_module: 2 debug prints in module pme
[    1.014475] dynamic_debug:ddebug_add_module: 1 debug prints in module pci_hotplug
[    1.014651] dynamic_debug:ddebug_add_module: 12 debug prints in module acpiphp
[    1.016730] dynamic_debug:ddebug_add_module: 1 debug prints in module htirq
[    1.016854] dynamic_debug:ddebug_add_module: 1 debug prints in module pci_acpi
[    1.017016] dynamic_debug:ddebug_add_module: 3 debug prints in module backlight
[    1.017178] dynamic_debug:ddebug_add_module: 4 debug prints in module fb
[    1.017304] dynamic_debug:ddebug_add_module: 7 debug prints in module tables
[    1.017447] dynamic_debug:ddebug_add_module: 48 debug prints in module acpi
[    1.017580] dynamic_debug:ddebug_add_module: 3 debug prints in module fan
[    1.017714] dynamic_debug:ddebug_add_module: 1 debug prints in module video
[    1.017842] dynamic_debug:ddebug_add_module: 4 debug prints in module pci_slot
[    1.018005] dynamic_debug:ddebug_add_module: 7 debug prints in module processor
[    1.018171] dynamic_debug:ddebug_add_module: 4 debug prints in module pnp
[    1.018296] dynamic_debug:ddebug_add_module: 3 debug prints in module acpi_dma
[    1.018460] dynamic_debug:ddebug_add_module: 11 debug prints in module core
[    1.018585] dynamic_debug:ddebug_add_module: 1 debug prints in module fixed
[    1.018712] dynamic_debug:ddebug_add_module: 6 debug prints in module virtual
[    1.018837] dynamic_debug:ddebug_add_module: 3 debug prints in module lp3971
[    1.018971] dynamic_debug:ddebug_add_module: 3 debug prints in module lp3972
[    1.019104] dynamic_debug:ddebug_add_module: 6 debug prints in module tty_io
[    1.019232] dynamic_debug:ddebug_add_module: 1 debug prints in module vt_ioctl
[    1.019396] dynamic_debug:ddebug_add_module: 5 debug prints in module serial_core
[    1.019558] dynamic_debug:ddebug_add_module: 4 debug prints in module 8250
[    1.019686] dynamic_debug:ddebug_add_module: 5 debug prints in module 8250_base
[    1.019848] dynamic_debug:ddebug_add_module: 1 debug prints in module tpm
[    1.019974] dynamic_debug:ddebug_add_module: 10 debug prints in module tpm_tis_core
[    1.020135] dynamic_debug:ddebug_add_module: 2 debug prints in module dmar
[    1.020260] dynamic_debug:ddebug_add_module: 3 debug prints in module drm
[    1.020393] dynamic_debug:ddebug_add_module: 3 debug prints in module ttm
[    1.020525] dynamic_debug:ddebug_add_module: 2 debug prints in module radeon
[    1.020657] dynamic_debug:ddebug_add_module: 17 debug prints in module vgaarb
[    1.020783] dynamic_debug:ddebug_add_module: 7 debug prints in module component
[    1.020946] dynamic_debug:ddebug_add_module: 11 debug prints in module core
[    1.021071] dynamic_debug:ddebug_add_module: 9 debug prints in module bus
[    1.021200] dynamic_debug:ddebug_add_module: 17 debug prints in module dd
[    1.021325] dynamic_debug:ddebug_add_module: 5 debug prints in module class
[    1.021450] dynamic_debug:ddebug_add_module: 4 debug prints in module platform
[    1.021614] dynamic_debug:ddebug_add_module: 7 debug prints in module firmware_class
[    1.021782] dynamic_debug:ddebug_add_module: 1 debug prints in module regmap
[    1.021911] dynamic_debug:ddebug_add_module: 7 debug prints in module regcache
[    1.022083] dynamic_debug:ddebug_add_module: 1 debug prints in module regcache_lzo
[    1.022254] dynamic_debug:ddebug_add_module: 1 debug prints in module dma_buf
[    1.022381] dynamic_debug:ddebug_add_module: 3 debug prints in module scsi_mod
[    1.022543] dynamic_debug:ddebug_add_module: 2 debug prints in module libphy
[    1.022669] dynamic_debug:ddebug_add_module: 1 debug prints in module r8169
[    1.022806] dynamic_debug:ddebug_add_module: 98 debug prints in module cdrom
[    1.022954] dynamic_debug:ddebug_add_module: 150 debug prints in module usbcore
[    1.023117] dynamic_debug:ddebug_add_module: 5 debug prints in module phy
[    1.023242] dynamic_debug:ddebug_add_module: 10 debug prints in module pci_quirks
[    1.023427] dynamic_debug:ddebug_add_module: 55 debug prints in module ehci_hcd
[    1.023598] dynamic_debug:ddebug_add_module: 2 debug prints in module ehci_pci
[    1.023773] dynamic_debug:ddebug_add_module: 46 debug prints in module ohci_hcd
[    1.023979] dynamic_debug:ddebug_add_module: 263 debug prints in module xhci_hcd
[    1.024187] dynamic_debug:ddebug_add_module: 3 debug prints in module xhci_pci
[    1.024350] dynamic_debug:ddebug_add_module: 10 debug prints in module usb_storage
[    1.024511] dynamic_debug:ddebug_add_module: 1 debug prints in module ums_realtek
[    1.024687] dynamic_debug:ddebug_add_module: 6 debug prints in module input_core
[    1.024858] dynamic_debug:ddebug_add_module: 4 debug prints in module atkbd
[    1.024994] dynamic_debug:ddebug_add_module: 15 debug prints in module psmouse
[    1.025158] dynamic_debug:ddebug_add_module: 7 debug prints in module rtc_core
[    1.025317] dynamic_debug:ddebug_add_module: 5 debug prints in module rtc_cmos
[    1.025476] dynamic_debug:ddebug_add_module: 1 debug prints in module i2c_boardinfo
[    1.025640] dynamic_debug:ddebug_add_module: 20 debug prints in module i2c_core
[    1.025799] dynamic_debug:ddebug_add_module: 2 debug prints in module i2c_smbus
[    1.025961] dynamic_debug:ddebug_add_module: 17 debug prints in module i2c_algo_bit
[    1.026121] dynamic_debug:ddebug_add_module: 11 debug prints in module power_supply
[    1.026290] dynamic_debug:ddebug_add_module: 1 debug prints in module hwmon
[    1.026423] dynamic_debug:ddebug_add_module: 9 debug prints in module thermal_sys
[    1.026592] dynamic_debug:ddebug_add_module: 43 debug prints in module cpufreq
[    1.026754] dynamic_debug:ddebug_add_module: 9 debug prints in module freq_table
[    1.026912] dynamic_debug:ddebug_add_module: 2 debug prints in module cpufreq_stats
[    1.027069] dynamic_debug:ddebug_add_module: 1 debug prints in module cpufreq_performance
[    1.027233] dynamic_debug:ddebug_add_module: 22 debug prints in module acpi_cpufreq
[    1.027392] dynamic_debug:ddebug_add_module: 3 debug prints in module dmi_scan
[    1.027551] dynamic_debug:ddebug_add_module: 1 debug prints in module hid
[    1.027681] dynamic_debug:ddebug_add_module: 8 debug prints in module usbhid
[    1.027805] dynamic_debug:ddebug_add_module: 2 debug prints in module i386
[    1.027935] dynamic_debug:ddebug_add_module: 2 debug prints in module fixup
[    1.028071] dynamic_debug:ddebug_add_module: 7 debug prints in module irq
[    1.028198] dynamic_debug:ddebug_add_module: 1 debug prints in module sock
[    1.028326] dynamic_debug:ddebug_add_module: 17 debug prints in module dev
[    1.028402] dynamic_debug:ddebug_add_module: 2 debug prints in module sch_api
[    1.028526] dynamic_debug:ddebug_add_module: 1 debug prints in module act_api
[    1.028653] dynamic_debug:ddebug_add_module: 1 debug prints in module route
[    1.028728] dynamic_debug:ddebug_add_module: 1 debug prints in module ip_fragment
[    1.028886] dynamic_debug:ddebug_add_module: 1 debug prints in module ip_output
[    1.029045] dynamic_debug:ddebug_add_module: 1 debug prints in module tcp
[    1.029173] dynamic_debug:ddebug_add_module: 5 debug prints in module tcp_input
[    1.029344] dynamic_debug:ddebug_add_module: 3 debug prints in module tcp_output
[    1.029516] dynamic_debug:ddebug_add_module: 2 debug prints in module tcp_timer
[    1.029682] dynamic_debug:ddebug_add_module: 1 debug prints in module tcp_ipv4
[    1.029844] dynamic_debug:ddebug_add_module: 1 debug prints in module tcp_cong
[    1.030007] dynamic_debug:ddebug_add_module: 8 debug prints in module udp
[    1.030131] dynamic_debug:ddebug_add_module: 1 debug prints in module arp
[    1.030255] dynamic_debug:ddebug_add_module: 2 debug prints in module icmp
[    1.030380] dynamic_debug:ddebug_add_module: 1 debug prints in module devinet
[    1.030505] dynamic_debug:ddebug_add_module: 8 debug prints in module fib_trie
[    1.030675] dynamic_debug:ddebug_add_module: 1 debug prints in module inet_fragment
[    1.030850] dynamic_debug:ddebug_add_module: 24 debug prints in module ping
[    1.030978] dynamic_debug:ddebug_add_module: 1 debug prints in module sysctl_net_ipv4
[    1.031143] dynamic_debug:ddebug_add_module: 2 debug prints in module ip6_checksum
[    1.031300] dynamic_debug:dynamic_debug_init: 158 modules, 1524 entries and 6320 bytes in ddebug tables, 121919 bytes in (readonly) verbose section
[    1.031469] dynamic_debug:ddebug_dyndbg_boot_param_cb: BOOT_IMAGE="/boot/vmlinuz-linux-git"
[    1.031628] dynamic_debug:ddebug_dyndbg_boot_param_cb: root="UUID=96efaea0-86dc-485a-af36-36706f9f3908"
[    1.031786] dynamic_debug:ddebug_dyndbg_boot_param_cb: rw="(null)"
[    1.031906] dynamic_debug:ddebug_dyndbg_boot_param_cb: root_trim="yes"
[    1.032025] dynamic_debug:ddebug_dyndbg_boot_param_cb: rd.luks.allow-discards="(null)"
[    1.032186] dynamic_debug:ddebug_dyndbg_boot_param_cb: ipv6.disable="1"
[    1.032309] dynamic_debug:ddebug_dyndbg_boot_param_cb: pnp.debug="1"
[    1.032433] dynamic_debug:ddebug_dyndbg_boot_param_cb: loglevel="9"
[    1.032552] dynamic_debug:ddebug_dyndbg_boot_param_cb: log_buf_len="10M"
[    1.032673] dynamic_debug:ddebug_dyndbg_boot_param_cb: printk.always_kmsg_dump="y"
[    1.032830] dynamic_debug:ddebug_dyndbg_boot_param_cb: printk.time="y"
[    1.032949] dynamic_debug:ddebug_dyndbg_boot_param_cb: printk.devkmsg="on"
[    1.033068] dynamic_debug:ddebug_dyndbg_boot_param_cb: mminit_loglevel="0"
[    1.033187] dynamic_debug:ddebug_dyndbg_boot_param_cb: memory_corruption_check="1"
[    1.033344] dynamic_debug:ddebug_dyndbg_boot_param_cb: nohz="on"
[    1.033463] dynamic_debug:ddebug_dyndbg_boot_param_cb: rcu_nocbs="1-3"
[    1.033582] dynamic_debug:ddebug_dyndbg_boot_param_cb: fbcon="scrollback:4096k"
[    1.033744] dynamic_debug:ddebug_dyndbg_boot_param_cb: fbcon="font:ProFont6x11"
[    1.033900] dynamic_debug:ddebug_dyndbg_boot_param_cb: apic="debug"
[    1.034024] dynamic_debug:ddebug_dyndbg_boot_param_cb: dynamic_debug.verbose="1"
[    1.036101] dynamic_debug:ddebug_dyndbg_boot_param_cb: dyndbg="file arch/x86/kernel/apic/* +pflmt ; file drivers/video/* +pflmt ; file drivers/input/* -pflmt ; file drivers/acpi/* -pflmt"
[    1.036302] dynamic_debug:ddebug_exec_queries: query 0: "file arch/x86/kernel/apic/* +pflmt "
[    1.036460] dynamic_debug:ddebug_tokenize: split into words: "file" "arch/x86/kernel/apic/*" "+pflmt"
[    1.036742] dynamic_debug:ddebug_parse_flags: op='+'
[    1.036862] dynamic_debug:ddebug_parse_flags: flags=0x1f
[    1.036982] dynamic_debug:ddebug_parse_flags: *flagsp=0x1f *maskp=0xffffffff
[    1.037102] dynamic_debug:vpr_info_dq: parsed: func="" file="arch/x86/kernel/apic/*" module="" format="" lineno=0-0
[    1.037285] dynamic_debug:ddebug_change: changed arch/x86/kernel/apic/vector.c:919 [vector]print_PIC =pmflt
[    1.037451] dynamic_debug:ddebug_change: changed arch/x86/kernel/apic/vector.c:916 [vector]print_PIC =pmflt
[    1.037618] dynamic_debug:ddebug_change: changed arch/x86/kernel/apic/vector.c:906 [vector]print_PIC =pmflt
[    1.037789] dynamic_debug:ddebug_change: changed arch/x86/kernel/apic/vector.c:903 [vector]print_PIC =pmflt
[    1.037961] dynamic_debug:ddebug_change: changed arch/x86/kernel/apic/vector.c:898 [vector]print_PIC =pmflt
[    1.038132] dynamic_debug:ddebug_change: changed arch/x86/kernel/apic/vector.c:868 [vector]print_local_APIC =pmflt
[    1.038296] dynamic_debug:ddebug_change: changed arch/x86/kernel/apic/vector.c:865 [vector]print_local_APIC =pmflt
[    1.038459] dynamic_debug:ddebug_change: changed arch/x86/kernel/apic/vector.c:863 [vector]print_local_APIC =pmflt
[    1.038624] dynamic_debug:ddebug_change: changed arch/x86/kernel/apic/vector.c:858 [vector]print_local_APIC =pmflt
[    1.038788] dynamic_debug:ddebug_change: changed arch/x86/kernel/apic/vector.c:856 [vector]print_local_APIC =pmflt
[    1.038951] dynamic_debug:ddebug_change: changed arch/x86/kernel/apic/vector.c:854 [vector]print_local_APIC =pmflt
[    1.039114] dynamic_debug:ddebug_change: changed arch/x86/kernel/apic/vector.c:850 [vector]print_local_APIC =pmflt
[    1.039280] dynamic_debug:ddebug_change: changed arch/x86/kernel/apic/vector.c:845 [vector]print_local_APIC =pmflt
[    1.039444] dynamic_debug:ddebug_change: changed arch/x86/kernel/apic/vector.c:843 [vector]print_local_APIC =pmflt
[    1.039617] dynamic_debug:ddebug_change: changed arch/x86/kernel/apic/vector.c:840 [vector]print_local_APIC =pmflt
[    1.039792] dynamic_debug:ddebug_change: changed arch/x86/kernel/apic/vector.c:835 [vector]print_local_APIC =pmflt
[    1.039959] dynamic_debug:ddebug_change: changed arch/x86/kernel/apic/vector.c:832 [vector]print_local_APIC =pmflt
[    1.040123] dynamic_debug:ddebug_change: changed arch/x86/kernel/apic/vector.c:831 [vector]print_local_APIC =pmflt
[    1.040286] dynamic_debug:ddebug_change: changed arch/x86/kernel/apic/vector.c:827 [vector]print_local_APIC =pmflt
[    1.040449] dynamic_debug:ddebug_change: changed arch/x86/kernel/apic/vector.c:817 [vector]print_local_APIC =pmflt
[    1.040613] dynamic_debug:ddebug_change: changed arch/x86/kernel/apic/vector.c:815 [vector]print_local_APIC =pmflt
[    1.040778] dynamic_debug:ddebug_change: changed arch/x86/kernel/apic/vector.c:813 [vector]print_local_APIC =pmflt
[    1.040941] dynamic_debug:ddebug_change: changed arch/x86/kernel/apic/vector.c:811 [vector]print_local_APIC =pmflt
[    1.041115] dynamic_debug:ddebug_change: changed arch/x86/kernel/apic/vector.c:808 [vector]print_local_APIC =pmflt
[    1.041287] dynamic_debug:ddebug_change: changed arch/x86/kernel/apic/vector.c:805 [vector]print_local_APIC =pmflt
[    1.041454] dynamic_debug:ddebug_change: changed arch/x86/kernel/apic/vector.c:801 [vector]print_local_APIC =pmflt
[    1.041615] dynamic_debug:ddebug_change: changed arch/x86/kernel/apic/vector.c:792 [vector]print_local_APIC =pmflt
[    1.041777] dynamic_debug:ddebug_change: changed arch/x86/kernel/apic/vector.c:789 [vector]print_local_APIC =pmflt
[    1.041937] dynamic_debug:ddebug_change: changed arch/x86/kernel/apic/vector.c:782 [vector]print_local_APIC =pmflt
[    1.042098] dynamic_debug:ddebug_change: changed arch/x86/kernel/apic/vector.c:773 [vector]print_local_APIC =pmflt
[    1.042357] dynamic_debug:vpr_info_dq: applied: func="" file="arch/x86/kernel/apic/*" module="" format="" lineno=0-0
[    1.042564] dynamic_debug:ddebug_exec_queries: query 1: "file drivers/video/* +pflmt "
[    1.042726] dynamic_debug:ddebug_tokenize: split into words: "file" "drivers/video/*" "+pflmt"
[    1.042953] dynamic_debug:ddebug_parse_flags: op='+'
[    1.043023] dynamic_debug:ddebug_parse_flags: flags=0x1f
[    1.043141] dynamic_debug:ddebug_parse_flags: *flagsp=0x1f *maskp=0xffffffff
[    1.043261] dynamic_debug:vpr_info_dq: parsed: func="" file="drivers/video/*" module="" format="" lineno=0-0
[    1.043442] dynamic_debug:ddebug_change: changed drivers/video/backlight/backlight.c:333 [backlight]backlight_device_register =pmflt
[    1.043603] dynamic_debug:ddebug_change: changed drivers/video/backlight/backlight.c:177 [backlight]backlight_device_set_brightness =pmflt
[    1.043768] dynamic_debug:ddebug_change: changed drivers/video/backlight/backlight.c:146 [backlight]bl_power_store =pmflt
[    1.043939] dynamic_debug:ddebug_change: changed drivers/video/fbdev/core/fbmon.c:1082 [fb]fb_edid_add_monspecs =pmflt
[    1.044108] dynamic_debug:ddebug_change: changed drivers/video/fbdev/core/fbmon.c:1070 [fb]fb_edid_add_monspecs =pmflt
[    1.044274] dynamic_debug:ddebug_change: changed drivers/video/fbdev/core/fbmon.c:1033 [fb]fb_edid_add_monspecs =pmflt
[    1.044434] dynamic_debug:ddebug_change: changed drivers/video/fbdev/core/fbmon.c:1027 [fb]fb_edid_add_monspecs =pmflt
[    1.044711] dynamic_debug:vpr_info_dq: applied: func="" file="drivers/video/*" module="" format="" lineno=0-0
[    1.044914] dynamic_debug:ddebug_exec_queries: query 2: "file drivers/input/* -pflmt "
[    1.045073] dynamic_debug:ddebug_tokenize: split into words: "file" "drivers/input/*" "-pflmt"
[    1.045308] dynamic_debug:ddebug_parse_flags: op='-'
[    1.045426] dynamic_debug:ddebug_parse_flags: flags=0x1f
[    1.045545] dynamic_debug:ddebug_parse_flags: *flagsp=0x0 *maskp=0xffffffe0
[    1.045667] dynamic_debug:vpr_info_dq: parsed: func="" file="drivers/input/*" module="" format="" lineno=0-0
[    1.045963] dynamic_debug:vpr_info_dq: applied: func="" file="drivers/input/*" module="" format="" lineno=0-0
[    1.046173] dynamic_debug:ddebug_exec_queries: query 3: "file drivers/acpi/* -pflmt"
[    1.046330] dynamic_debug:ddebug_tokenize: split into words: "file" "drivers/acpi/*" "-pflmt"
[    1.046564] dynamic_debug:ddebug_parse_flags: op='-'
[    1.046686] dynamic_debug:ddebug_parse_flags: flags=0x1f
[    1.046805] dynamic_debug:ddebug_parse_flags: *flagsp=0x0 *maskp=0xffffffe0
[    1.046925] dynamic_debug:vpr_info_dq: parsed: func="" file="drivers/acpi/*" module="" format="" lineno=0-0
[    1.047118] dynamic_debug:ddebug_change: changed drivers/acpi/tables.c:211 [tables]acpi_table_print_madt_entry =_
[    1.047290] dynamic_debug:ddebug_change: changed drivers/acpi/tables.c:200 [tables]acpi_table_print_madt_entry =_
[    1.047462] dynamic_debug:ddebug_change: changed drivers/acpi/tables.c:177 [tables]acpi_table_print_madt_entry =_
[    1.047629] dynamic_debug:ddebug_change: changed drivers/acpi/tables.c:167 [tables]acpi_table_print_madt_entry =_
[    1.047792] dynamic_debug:ddebug_change: changed drivers/acpi/tables.c:92 [tables]acpi_table_print_madt_entry =_
[    1.047955] dynamic_debug:ddebug_change: changed drivers/acpi/tables.c:83 [tables]acpi_table_print_madt_entry =_
[    1.048119] dynamic_debug:ddebug_change: changed drivers/acpi/tables.c:73 [tables]acpi_table_print_madt_entry =_
[    1.048282] dynamic_debug:ddebug_change: changed drivers/acpi/osl.c:1644 [acpi]acpi_os_initialize =_
[    1.048445] dynamic_debug:ddebug_change: changed drivers/acpi/device_pm.c:734 [acpi]acpi_pm_device_run_wake =_
[    1.048607] dynamic_debug:ddebug_change: changed drivers/acpi/device_pm.c:633 [acpi]acpi_pm_device_sleep_state =_
[    1.048783] dynamic_debug:ddebug_change: changed drivers/acpi/bus.c:190 [acpi]acpi_print_osc_error =_
[    1.048953] dynamic_debug:ddebug_change: changed drivers/acpi/bus.c:188 [acpi]acpi_print_osc_error =_
[    1.049118] dynamic_debug:ddebug_change: changed drivers/acpi/bus.c:186 [acpi]acpi_print_osc_error =_
[    1.049281] dynamic_debug:ddebug_change: changed drivers/acpi/scan.c:1640 [acpi]acpi_device_dep_initialize =_
[    1.049443] dynamic_debug:ddebug_change: changed drivers/acpi/scan.c:1630 [acpi]acpi_device_dep_initialize =_
[    1.049606] dynamic_debug:ddebug_change: changed drivers/acpi/resource.c:230 [acpi]acpi_decode_space =_
[    1.049771] dynamic_debug:ddebug_change: changed drivers/acpi/resource.c:217 [acpi]acpi_decode_space =_
[    1.049933] dynamic_debug:ddebug_change: changed drivers/acpi/resource.c:61 [acpi]acpi_dev_resource_len_valid =_
[    1.050096] dynamic_debug:ddebug_change: changed drivers/acpi/ec.c:1557 [acpi]ec_correct_ecdt =_
[    1.050265] dynamic_debug:ddebug_change: changed drivers/acpi/ec.c:1544 [acpi]ec_clear_on_resume =_
[    1.050436] dynamic_debug:ddebug_change: changed drivers/acpi/ec.c:1165 [acpi]acpi_ec_event_handler =_
[    1.050603] dynamic_debug:ddebug_change: changed drivers/acpi/ec.c:1143 [acpi]acpi_ec_event_handler =_
[    1.050767] dynamic_debug:ddebug_change: changed drivers/acpi/ec.c:1108 [acpi]acpi_ec_query =_
[    1.050930] dynamic_debug:ddebug_change: changed drivers/acpi/ec.c:1106 [acpi]acpi_ec_query =_
[    1.051091] dynamic_debug:ddebug_change: changed drivers/acpi/ec.c:1066 [acpi]acpi_ec_event_processor =_
[    1.051253] dynamic_debug:ddebug_change: changed drivers/acpi/ec.c:1061 [acpi]acpi_ec_event_processor =_
[    1.051417] dynamic_debug:ddebug_change: changed drivers/acpi/ec.c:898 [acpi]acpi_ec_stop =_
[    1.051579] dynamic_debug:ddebug_change: changed drivers/acpi/ec.c:890 [acpi]acpi_ec_stop =_
[    1.051747] dynamic_debug:ddebug_change: changed drivers/acpi/ec.c:866 [acpi]acpi_ec_start =_
[    1.051912] dynamic_debug:ddebug_change: changed drivers/acpi/ec.c:862 [acpi]acpi_ec_start =_
[    1.053995] dynamic_debug:ddebug_change: changed drivers/acpi/ec.c:703 [acpi]acpi_ec_transaction_unlocked =_
[    1.054158] dynamic_debug:ddebug_change: changed drivers/acpi/ec.c:699 [acpi]acpi_ec_transaction_unlocked =_
[    1.054320] dynamic_debug:ddebug_change: changed drivers/acpi/ec.c:690 [acpi]acpi_ec_transaction_unlocked =_
[    1.054482] dynamic_debug:ddebug_change: changed drivers/acpi/ec.c:687 [acpi]acpi_ec_transaction_unlocked =_
[    1.054647] dynamic_debug:ddebug_change: changed drivers/acpi/ec.c:666 [acpi]ec_poll =_
[    1.054811] dynamic_debug:ddebug_change: changed drivers/acpi/ec.c:561 [acpi]advance_transaction =_
[    1.054978] dynamic_debug:ddebug_change: changed drivers/acpi/ec.c:525 [acpi]advance_transaction =_
[    1.055146] dynamic_debug:ddebug_change: changed drivers/acpi/ec.c:445 [acpi]acpi_ec_complete_query =_
[    1.055318] dynamic_debug:ddebug_change: changed drivers/acpi/ec.c:434 [acpi]acpi_ec_submit_query =_
[    1.055487] dynamic_debug:ddebug_change: changed drivers/acpi/ec.c:407 [acpi]acpi_ec_clear_storm =_
[    1.055651] dynamic_debug:ddebug_change: changed drivers/acpi/ec.c:397 [acpi]acpi_ec_set_storm =_
[    1.055822] dynamic_debug:ddebug_change: changed drivers/acpi/ec.c:336 [acpi]acpi_ec_enable_gpe =_
[    1.055984] dynamic_debug:ddebug_change: changed drivers/acpi/ec.c:284 [acpi]acpi_ec_write_data =_
[    1.056146] dynamic_debug:ddebug_change: changed drivers/acpi/ec.c:277 [acpi]acpi_ec_write_cmd =_
[    1.056308] dynamic_debug:ddebug_change: changed drivers/acpi/ec.c:271 [acpi]acpi_ec_read_data =_
[    1.056475] dynamic_debug:ddebug_change: changed drivers/acpi/ec.c:262 [acpi]acpi_ec_read_status =_
[    1.056646] dynamic_debug:ddebug_change: changed drivers/acpi/pci_root.c:770 [acpi]acpi_pci_probe_root_resources =_
[    1.056818] dynamic_debug:ddebug_change: changed drivers/acpi/pci_root.c:339 [acpi]acpi_get_pci_dev =_
[    1.056987] dynamic_debug:ddebug_change: changed drivers/acpi/pci_irq.c:526 [acpi]acpi_pci_irq_disable =_
[    1.057149] dynamic_debug:ddebug_change: changed drivers/acpi/pci_irq.c:486 [acpi]acpi_pci_irq_enable =_
[    1.057312] dynamic_debug:ddebug_change: changed drivers/acpi/acpi_platform.c:103 [acpi]acpi_create_platform_device =_
[    1.057475] dynamic_debug:ddebug_change: changed drivers/acpi/numa.c:181 [acpi]acpi_table_print_srat_entry =_
[    1.057640] dynamic_debug:ddebug_change: changed drivers/acpi/numa.c:169 [acpi]acpi_table_print_srat_entry =_
[    1.057803] dynamic_debug:ddebug_change: changed drivers/acpi/numa.c:157 [acpi]acpi_table_print_srat_entry =_
[    1.057965] dynamic_debug:ddebug_change: changed drivers/acpi/numa.c:140 [acpi]acpi_table_print_srat_entry =_
[    1.058135] dynamic_debug:ddebug_change: changed drivers/acpi/fan.c:359 [fan]acpi_fan_probe =_
[    1.058302] dynamic_debug:ddebug_change: changed drivers/acpi/fan.c:195 [fan]fan_set_state_acpi4 =_
[    1.058469] dynamic_debug:ddebug_change: changed drivers/acpi/fan.c:136 [fan]fan_get_state_acpi4 =_
[    1.058629] dynamic_debug:ddebug_change: changed drivers/acpi/acpi_video.c:1759 [video]acpi_video_should_register_backlight =_
[    1.058791] dynamic_debug:ddebug_change: changed drivers/acpi/pci_slot.c:136 [pci_slot]register_slot =_
[    1.058951] dynamic_debug:ddebug_change: changed drivers/acpi/pci_slot.c:81 [pci_slot]check_slot =_
[    1.059110] dynamic_debug:ddebug_change: changed drivers/acpi/pci_slot.c:73 [pci_slot]check_slot =_
[    1.059268] dynamic_debug:ddebug_change: changed drivers/acpi/pci_slot.c:61 [pci_slot]check_slot =_
[    1.059427] dynamic_debug:ddebug_change: changed drivers/acpi/processor_driver.c:184 [processor]acpi_pss_perf_init =_
[    1.059592] dynamic_debug:ddebug_change: changed drivers/acpi/processor_idle.c:1443 [processor]acpi_processor_power_init =_
[    1.059755] dynamic_debug:ddebug_change: changed drivers/acpi/processor_idle.c:1039 [processor]acpi_processor_evaluate_lpi =_
[    1.059926] dynamic_debug:ddebug_change: changed drivers/acpi/processor_idle.c:1034 [processor]acpi_processor_evaluate_lpi =_
[    1.060096] dynamic_debug:ddebug_change: changed drivers/acpi/processor_idle.c:981 [processor]acpi_processor_evaluate_lpi =_
[    1.060260] dynamic_debug:ddebug_change: changed drivers/acpi/processor_idle.c:972 [processor]acpi_processor_evaluate_lpi =_
[    1.060422] dynamic_debug:ddebug_change: changed drivers/acpi/processor_perflib.c:138 [processor]acpi_processor_get_platform_limit =_
[    1.060704] dynamic_debug:vpr_info_dq: applied: func="" file="drivers/acpi/*" module="" format="" lineno=0-0
[    1.060904] dynamic_debug:ddebug_exec_queries: processed 4 queries, with 132 matches, 0 errs
[    1.061064] dynamic_debug:ddebug_dyndbg_boot_param_cb: acpi_backlight="vendor"
[    1.061219] dynamic_debug:ddebug_dyndbg_boot_param_cb: radeon.audio="0"
[    1.061341] dynamic_debug:ddebug_dyndbg_boot_param_cb: radeon.lockup_timeout="999000"
[    1.061501] dynamic_debug:ddebug_dyndbg_boot_param_cb: radeon.test="0"
[    1.061623] dynamic_debug:ddebug_dyndbg_boot_param_cb: radeon.agpmode="-1"
[    1.061743] dynamic_debug:ddebug_dyndbg_boot_param_cb: radeon.benchmark="0"
[    1.061861] dynamic_debug:ddebug_dyndbg_boot_param_cb: radeon.tv="0"
[    1.061981] dynamic_debug:ddebug_dyndbg_boot_param_cb: radeon.hard_reset="1"
[    1.062100] dynamic_debug:ddebug_dyndbg_boot_param_cb: radeon.msi="1"
[    1.062219] dynamic_debug:ddebug_dyndbg_boot_param_cb: radeon.pcie_gen2="-1"
[    1.062338] dynamic_debug:ddebug_dyndbg_boot_param_cb: radeon.no_wb="1"
[    1.062456] dynamic_debug:ddebug_dyndbg_boot_param_cb: radeon.dynclks="0"
[    1.062576] dynamic_debug:ddebug_dyndbg_boot_param_cb: radeon.r4xx_atom="0"
[    1.062697] dynamic_debug:ddebug_dyndbg_boot_param_cb: radeonfb="(null)"
[    1.062817] dynamic_debug:ddebug_dyndbg_boot_param_cb: radeon.fastfb="1"
[    1.062940] dynamic_debug:ddebug_dyndbg_boot_param_cb: radeon.dpm="1"
[    1.063058] dynamic_debug:ddebug_dyndbg_boot_param_cb: radeon.runpm="1"
[    1.063183] dynamic_debug:ddebug_dyndbg_boot_param_cb: rd.debug="(null)"
[    1.063307] dynamic_debug:ddebug_dyndbg_boot_param_cb: rd.udev.debug="(null)"
[    1.063431] dynamic_debug:ddebug_dyndbg_boot_param_cb: rd.memdebug="3"
[    1.063552] dynamic_debug:ddebug_dyndbg_boot_param_cb: net.ifnames="1"
[    1.063673] dynamic_debug:ddebug_dyndbg_boot_param_cb: slub_debug="U"
[    1.063792] dynamic_debug:ddebug_dyndbg_boot_param_cb: pax_sanitize_slab="full"
[    1.063948] dynamic_debug:ddebug_dyndbg_boot_param_cb: noefi="(null)"
[    1.064068] dynamic_debug:ddebug_dyndbg_boot_param_cb: nolvm="(null)"
[    1.064187] dynamic_debug:ddebug_dyndbg_boot_param_cb: dobtrfs="(null)"
[    1.064306] dynamic_debug:ddebug_dyndbg_boot_param_cb: console="tty1"
[    1.064425] dynamic_debug:ddebug_dyndbg_boot_param_cb: earlyprintk="vga"
[    1.064544] dynamic_debug:ddebug_dyndbg_boot_param_cb: CPUunderclocking="(null)"
[    1.064704] dynamic_debug:ddebug_dyndbg_boot_param_cb: radeon.modeset="1"
[    1.064826] dynamic_debug:ddebug_dyndbg_boot_param_cb: audit="0"
[    1.064947] dynamic_debug:ddebug_dyndbg_boot_param_cb: systemd.log_target="kmsg"
[    1.065110] dynamic_debug:ddebug_dyndbg_boot_param_cb: enforcing="0"
[    1.065233] dynamic_debug:ddebug_dyndbg_boot_param_cb: pcie_aspm="off"
[    1.065357] dynamic_debug:ddebug_dyndbg_boot_param_cb: radeon.aspm="0"
[    1.065476] dynamic_debug:ddebug_dyndbg_boot_param_cb: udev.children-max="1256"
[    1.065634] dynamic_debug:ddebug_dyndbg_boot_param_cb: rd.udev.children-max="1256"
[    1.065846] MCE: In-kernel MCE decoding enabled.
[    1.066992] NMI watchdog: enabled on all CPUs, permanently consumes one hw-PMU counter.
[    1.067822] started {early_reset_EHCIs kernel/smp.c:1294}
[    1.068010] early_pci_allowed {early_reset_EHCIs kernel/smp.c:1300}
[    1.068302] Found EHCI on 00:12.2 {kline kernel/smp.c:1220}
[    1.068430] bar_val: f014a900 {kline kernel/smp.c:1223}
[    1.068558] ehci_bar: ffffffffff7fe900 {kline kernel/smp.c:1245}
[    1.068692] n_ports:    5 {kline kernel/smp.c:1252}
[    1.068819] FLAG_CF was already set which likely means BIOS USB Legacy is Disabled. {ehci_status kernel/smp.c:1036}
[    1.068993]   ehci cmd     : 00080B00 {ehci_status kernel/smp.c:1038}
[    1.069121]   ehci conf flg: 00000001 {ehci_status kernel/smp.c:1039}
[    1.069249]   ehci status  : 0000100C {ehci_status kernel/smp.c:1040}
[    1.069377] port 1 status 00001000 {ehci_status kernel/smp.c:1043}
[    1.069505] port 2 status 00001000 {ehci_status kernel/smp.c:1043}
[    1.069634] port 3 status 00001000 {ehci_status kernel/smp.c:1043}
[    1.069762] port 4 status 00001000 {ehci_status kernel/smp.c:1043}
[    1.069885] port 5 status 00001000 {ehci_status kernel/smp.c:1043}
[    1.070004] ended {kline kernel/smp.c:1285}
[    1.070132] Found EHCI on 00:13.2 {kline kernel/smp.c:1220}
[    1.070252] bar_val: f014a800 {kline kernel/smp.c:1223}
[    1.070372] ehci_bar: ffffffffff7fe800 {kline kernel/smp.c:1245}
[    1.070493] n_ports:    5 {kline kernel/smp.c:1252}
[    1.070613] FLAG_CF was already set which likely means BIOS USB Legacy is Disabled. {ehci_status kernel/smp.c:1036}
[    1.070774]   ehci cmd     : 00080B00 {ehci_status kernel/smp.c:1038}
[    1.070894]   ehci conf flg: 00000001 {ehci_status kernel/smp.c:1039}
[    1.071014]   ehci status  : 0000100C {ehci_status kernel/smp.c:1040}
[    1.071137] port 1 status 00001803 {ehci_status kernel/smp.c:1043}
[    1.071262] port 2 status 00001000 {ehci_status kernel/smp.c:1043}
[    1.071385] port 3 status 00001803 {ehci_status kernel/smp.c:1043}
[    1.071507] port 4 status 00001000 {ehci_status kernel/smp.c:1043}
[    1.071635] port 5 status 00001000 {ehci_status kernel/smp.c:1043}
[    1.071754] ended {kline kernel/smp.c:1285}
[    1.142103] ended, failed 0 times {early_reset_EHCIs kernel/smp.c:1313}
[    1.142222] All EHCI controllers were reset. {smp_init kernel/smp.c:1333}
[    1.145831] smpboot: ++++++++++++++++++++=_---CPU UP  1
[    1.146022] x86: Booting SMP configuration:
[    1.146149] .... node  #0, CPUs:      #1
[    1.146252] smpboot: Setting warm reset code and vector.
[    1.146501] smpboot: 1.
[    1.146630] smpboot: 2.
[    1.146754] smpboot: 3.
[    1.146879] smpboot: Asserting INIT
[    1.147004] smpboot: Waiting for send to finish...
[    1.147130] smpboot: Deasserting INIT
[    1.147255] smpboot: Waiting for send to finish...
[    1.147380] smpboot: #startup loops: 2
[    1.147505] smpboot: Sending STARTUP #1
[    1.147632] smpboot: After apic_write
[    1.147767] smpboot: Startup point 1
[    1.149935] smpboot: Waiting for send to finish...
[    1.150071] smpboot: Sending STARTUP #2
[    1.150196] smpboot: After apic_write
[    1.150331] smpboot: Startup point 1
[    1.150456] smpboot: Waiting for send to finish...
[    1.150594] smpboot: After Startup
[    1.054580] masked ExtINT on CPU#1
[    1.054597] [Firmware Info]: CPU: 'AMD A6-3400M APU with Radeon(tm) HD Graphics' has AMD errata 665 Integer Divide Instruction May Cause Unpredictable Behavior.'
[    1.054598] [Firmware Info]: CPU: Double-checked CPU type. 'AMD A6-3400M APU with Radeon(tm) HD Graphics'
[    1.054599] [Firmware Info]: CPU: Setting workaround for 665...(set 'no665wo' in /proc/cmdline to disable)
[    1.114422] smpboot: Stack at about ffff90ff4bb33f30
[    1.212666] TSC synchronization [CPU#0 -> CPU#1]:
[    1.213653] Measured 134412726 cycles TSC warp between CPUs, turning off TSC clock.
[    1.213833] tsc: Marking TSC unstable due to check_tsc_sync_source failed
[    1.217638] smpboot: ++++++++++++++++++++=_---CPU UP  2
[    1.217836]  #2
[    1.217872] smpboot: Setting warm reset code and vector.
[    1.218120] smpboot: 1.
[    1.218244] smpboot: 2.
[    1.218368] smpboot: 3.
[    1.218492] smpboot: Asserting INIT
[    1.218622] smpboot: Waiting for send to finish...
[    1.218749] smpboot: Deasserting INIT
[    1.218874] smpboot: Waiting for send to finish...
[    1.219000] smpboot: #startup loops: 2
[    1.219124] smpboot: Sending STARTUP #1
[    1.219250] smpboot: After apic_write
[    1.219384] smpboot: Startup point 1
[    1.219506] smpboot: Waiting for send to finish...
[    1.219644] smpboot: Sending STARTUP #2
[    1.219769] smpboot: After apic_write
[    1.219904] smpboot: Startup point 1
[    1.220029] smpboot: Waiting for send to finish...
[    1.220165] smpboot: After Startup
[    1.089914] masked ExtINT on CPU#2
[    1.089928] [Firmware Info]: CPU: 'AMD A6-3400M APU with Radeon(tm) HD Graphics' has AMD errata 665 Integer Divide Instruction May Cause Unpredictable Behavior.'
[    1.089929] [Firmware Info]: CPU: Double-checked CPU type. 'AMD A6-3400M APU with Radeon(tm) HD Graphics'
[    1.089930] [Firmware Info]: CPU: Setting workaround for 665...(set 'no665wo' in /proc/cmdline to disable)
[    1.149198] smpboot: Stack at about ffff90ff4bb37f30
[    1.173031] smpboot: ++++++++++++++++++++=_---CPU UP  3
[    1.174007]  #3
[    1.174043] smpboot: Setting warm reset code and vector.
[    1.174291] smpboot: 1.
[    1.174416] smpboot: 2.
[    1.174540] smpboot: 3.
[    1.174665] smpboot: Asserting INIT
[    1.174791] smpboot: Waiting for send to finish...
[    1.174914] smpboot: Deasserting INIT
[    1.175002] smpboot: Waiting for send to finish...
[    1.175124] smpboot: #startup loops: 2
[    1.175245] smpboot: Sending STARTUP #1
[    1.175365] smpboot: After apic_write
[    1.175494] smpboot: Startup point 1
[    1.175600] smpboot: Waiting for send to finish...
[    1.175729] smpboot: Sending STARTUP #2
[    1.175848] smpboot: After apic_write
[    1.176012] smpboot: Startup point 1
[    1.176132] smpboot: Waiting for send to finish...
[    1.176264] smpboot: After Startup
[    0.002000] masked ExtINT on CPU#3
[    0.002000] [Firmware Info]: CPU: 'AMD A6-3400M APU with Radeon(tm) HD Graphics' has AMD errata 665 Integer Divide Instruction May Cause Unpredictable Behavior.'
[    0.002000] [Firmware Info]: CPU: Double-checked CPU type. 'AMD A6-3400M APU with Radeon(tm) HD Graphics'
[    0.002000] [Firmware Info]: CPU: Setting workaround for 665...(set 'no665wo' in /proc/cmdline to disable)
[    0.002000] smpboot: Stack at about ffff90ff4bb43f30
[    1.236152] x86: Booted up 1 node, 4 CPUs
[    1.237131] CPUunderclocking: activating(?)=1 {apply_underclocking_if_needed kernel/smp.c:946}
[    1.237309] CPUunderclocking: activating... {apply_underclocking_if_needed kernel/smp.c:948}
[    1.237480] CPUunderclocking:   !! Rdmsr(1of2): core:0 idx:c0010064 ... {Rdmsr kernel/smp.c:696}
[    1.237639] CPUunderclocking:     !! Rdmsr(2of2): core:0 idx:c0010064 done. (resultx==8000017d000025e2 hi:8000017d lo:000025e2) {Rdmsr kernel/smp.c:712}
[    1.237808] CPUunderclocking:   !! Rdmsr(1of2): core:1 idx:c0010064 ... {Rdmsr kernel/smp.c:696}
[    1.238008] CPUunderclocking:     !! Rdmsr(2of2): core:1 idx:c0010064 done. (resultx==8000017d000025e2 hi:8000017d lo:000025e2) {Rdmsr kernel/smp.c:712}
[    1.238177] CPUunderclocking:   !! Rdmsr(1of2): core:2 idx:c0010064 ... {Rdmsr kernel/smp.c:696}
[    1.238345] CPUunderclocking:     !! Rdmsr(2of2): core:2 idx:c0010064 done. (resultx==8000017d000025e2 hi:8000017d lo:000025e2) {Rdmsr kernel/smp.c:712}
[    1.238507] CPUunderclocking:   !! Rdmsr(1of2): core:3 idx:c0010064 ... {Rdmsr kernel/smp.c:696}
[    1.238671] CPUunderclocking:     !! Rdmsr(2of2): core:3 idx:c0010064 done. (resultx==8000017d000025e2 hi:8000017d lo:000025e2) {Rdmsr kernel/smp.c:712}
[    1.238835] CPUunderclocking: !! Write(1of3) PState0 read : fid:30 did:2 vid:18 Multi:N/A {WritePState kernel/smp.c:854}
[    1.239003] CPUunderclocking: !! Write(2of3) PState0 write:6 did:0 vid:37 (multi:22) ... {WritePState kernel/smp.c:882}
[    1.239170] CPUunderclocking:   !! Wrmsr(before write): core:0/64 idx:c0010064 valx:8000017d00004a60 ...  {Wrmsr kernel/smp.c:637}
[    1.239337] CPUunderclocking:     !! Wrmsr(after write): done. {Wrmsr kernel/smp.c:676}
[    1.239495] CPUunderclocking:   !! Wrmsr(before write): core:1/64 idx:c0010064 valx:8000017d00004a60 ...  {Wrmsr kernel/smp.c:637}
[    1.239659] CPUunderclocking:     !! Wrmsr(after write): done. {Wrmsr kernel/smp.c:676}
[    1.239817] CPUunderclocking:   !! Wrmsr(before write): core:2/64 idx:c0010064 valx:8000017d00004a60 ...  {Wrmsr kernel/smp.c:637}
[    1.239987] CPUunderclocking:     !! Wrmsr(after write): done. {Wrmsr kernel/smp.c:676}
[    1.240003] CPUunderclocking:   !! Wrmsr(before write): core:3/64 idx:c0010064 valx:8000017d00004a60 ...  {Wrmsr kernel/smp.c:637}
[    1.240172] CPUunderclocking:     !! Wrmsr(after write): done. {Wrmsr kernel/smp.c:676}
[    1.240331] CPUunderclocking: !! Write(3of3) PState0 done. status:0 (0=success) {WritePState kernel/smp.c:884}
[    1.240491] CPUunderclocking:   !! Rdmsr(1of2): core:0 idx:c0010065 ... {Rdmsr kernel/smp.c:696}
[    1.240653] CPUunderclocking:     !! Rdmsr(2of2): core:0 idx:c0010065 done. (resultx==8000014000004fa3 hi:80000140 lo:00004fa3) {Rdmsr kernel/smp.c:712}
[    1.240822] CPUunderclocking:   !! Rdmsr(1of2): core:1 idx:c0010065 ... {Rdmsr kernel/smp.c:696}
[    1.241006] CPUunderclocking:     !! Rdmsr(2of2): core:1 idx:c0010065 done. (resultx==8000014000004fa3 hi:80000140 lo:00004fa3) {Rdmsr kernel/smp.c:712}
[    1.241175] CPUunderclocking:   !! Rdmsr(1of2): core:2 idx:c0010065 ... {Rdmsr kernel/smp.c:696}
[    1.241337] CPUunderclocking:     !! Rdmsr(2of2): core:2 idx:c0010065 done. (resultx==8000014000004fa3 hi:80000140 lo:00004fa3) {Rdmsr kernel/smp.c:712}
[    1.241500] CPUunderclocking:   !! Rdmsr(1of2): core:3 idx:c0010065 ... {Rdmsr kernel/smp.c:696}
[    1.241665] CPUunderclocking:     !! Rdmsr(2of2): core:3 idx:c0010065 done. (resultx==8000014000004fa3 hi:80000140 lo:00004fa3) {Rdmsr kernel/smp.c:712}
[    1.241835] CPUunderclocking: !! Write(1of3) PState1 read : fid:26 did:3 vid:39 Multi:N/A {WritePState kernel/smp.c:854}
[    1.242003] CPUunderclocking: !! Write(2of3) PState1 write:4 did:0 vid:42 (multi:20) ... {WritePState kernel/smp.c:882}
[    1.242169] CPUunderclocking:   !! Wrmsr(before write): core:0/64 idx:c0010065 valx:8000014000005440 ...  {Wrmsr kernel/smp.c:637}
[    1.242331] CPUunderclocking:     !! Wrmsr(after write): done. {Wrmsr kernel/smp.c:676}
[    1.242490] CPUunderclocking:   !! Wrmsr(before write): core:1/64 idx:c0010065 valx:8000014000005440 ...  {Wrmsr kernel/smp.c:637}
[    1.242656] CPUunderclocking:     !! Wrmsr(after write): done. {Wrmsr kernel/smp.c:676}
[    1.242816] CPUunderclocking:   !! Wrmsr(before write): core:2/64 idx:c0010065 valx:8000014000005440 ...  {Wrmsr kernel/smp.c:637}
[    1.243005] CPUunderclocking:     !! Wrmsr(after write): done. {Wrmsr kernel/smp.c:676}
[    1.243164] CPUunderclocking:   !! Wrmsr(before write): core:3/64 idx:c0010065 valx:8000014000005440 ...  {Wrmsr kernel/smp.c:637}
[    1.243332] CPUunderclocking:     !! Wrmsr(after write): done. {Wrmsr kernel/smp.c:676}
[    1.243491] CPUunderclocking: !! Write(3of3) PState1 done. status:0 (0=success) {WritePState kernel/smp.c:884}
[    1.243651] CPUunderclocking:   !! Rdmsr(1of2): core:0 idx:c0010066 ... {Rdmsr kernel/smp.c:696}
[    1.243812] CPUunderclocking:     !! Rdmsr(2of2): core:0 idx:c0010066 done. (resultx==8000013700005573 hi:80000137 lo:00005573) {Rdmsr kernel/smp.c:712}
[    1.244001] CPUunderclocking:   !! Rdmsr(1of2): core:1 idx:c0010066 ... {Rdmsr kernel/smp.c:696}
[    1.244165] CPUunderclocking:     !! Rdmsr(2of2): core:1 idx:c0010066 done. (resultx==8000013700005573 hi:80000137 lo:00005573) {Rdmsr kernel/smp.c:712}
[    1.244331] CPUunderclocking:   !! Rdmsr(1of2): core:2 idx:c0010066 ... {Rdmsr kernel/smp.c:696}
[    1.244494] CPUunderclocking:     !! Rdmsr(2of2): core:2 idx:c0010066 done. (resultx==8000013700005573 hi:80000137 lo:00005573) {Rdmsr kernel/smp.c:712}
[    1.244655] CPUunderclocking:   !! Rdmsr(1of2): core:3 idx:c0010066 ... {Rdmsr kernel/smp.c:696}
[    1.244819] CPUunderclocking:     !! Rdmsr(2of2): core:3 idx:c0010066 done. (resultx==8000013700005573 hi:80000137 lo:00005573) {Rdmsr kernel/smp.c:712}
[    1.245002] CPUunderclocking: !! Write(1of3) PState2 read : fid:23 did:3 vid:42 Multi:N/A {WritePState kernel/smp.c:854}
[    1.245164] CPUunderclocking: !! Write(2of3) PState2 write:2 did:0 vid:47 (multi:18) ... {WritePState kernel/smp.c:882}
[    1.245325] CPUunderclocking:   !! Wrmsr(before write): core:0/64 idx:c0010066 valx:8000013700005e20 ...  {Wrmsr kernel/smp.c:637}
[    1.246002] CPUunderclocking:     !! Wrmsr(after write): done. {Wrmsr kernel/smp.c:676}
[    1.246161] CPUunderclocking:   !! Wrmsr(before write): core:1/64 idx:c0010066 valx:8000013700005e20 ...  {Wrmsr kernel/smp.c:637}
[    1.246327] CPUunderclocking:     !! Wrmsr(after write): done. {Wrmsr kernel/smp.c:676}
[    1.246486] CPUunderclocking:   !! Wrmsr(before write): core:2/64 idx:c0010066 valx:8000013700005e20 ...  {Wrmsr kernel/smp.c:637}
[    1.247004] CPUunderclocking:     !! Wrmsr(after write): done. {Wrmsr kernel/smp.c:676}
[    1.247162] CPUunderclocking:   !! Wrmsr(before write): core:3/64 idx:c0010066 valx:8000013700005e20 ...  {Wrmsr kernel/smp.c:637}
[    1.247324] CPUunderclocking:     !! Wrmsr(after write): done. {Wrmsr kernel/smp.c:676}
[    1.247480] CPUunderclocking: !! Write(3of3) PState2 done. status:0 (0=success) {WritePState kernel/smp.c:884}
[    1.247638] CPUunderclocking:   !! Rdmsr(1of2): core:0 idx:c0010067 ... {Rdmsr kernel/smp.c:696}
[    1.247797] CPUunderclocking:     !! Rdmsr(2of2): core:0 idx:c0010067 done. (resultx==8000013200005b43 hi:80000132 lo:00005b43) {Rdmsr kernel/smp.c:712}
[    1.248001] CPUunderclocking:   !! Rdmsr(1of2): core:1 idx:c0010067 ... {Rdmsr kernel/smp.c:696}
[    1.248161] CPUunderclocking:     !! Rdmsr(2of2): core:1 idx:c0010067 done. (resultx==8000013200005b43 hi:80000132 lo:00005b43) {Rdmsr kernel/smp.c:712}
[    1.248323] CPUunderclocking:   !! Rdmsr(1of2): core:2 idx:c0010067 ... {Rdmsr kernel/smp.c:696}
[    1.248485] CPUunderclocking:     !! Rdmsr(2of2): core:2 idx:c0010067 done. (resultx==8000013200005b43 hi:80000132 lo:00005b43) {Rdmsr kernel/smp.c:712}
[    1.248645] CPUunderclocking:   !! Rdmsr(1of2): core:3 idx:c0010067 ... {Rdmsr kernel/smp.c:696}
[    1.248806] CPUunderclocking:     !! Rdmsr(2of2): core:3 idx:c0010067 done. (resultx==8000013200005b43 hi:80000132 lo:00005b43) {Rdmsr kernel/smp.c:712}
[    1.249002] CPUunderclocking: !! Write(1of3) PState3 read : fid:20 did:3 vid:45 Multi:N/A {WritePState kernel/smp.c:854}
[    1.249159] CPUunderclocking: !! Write(2of3) PState3 write:1 did:0 vid:49 (multi:17) ... {WritePState kernel/smp.c:882}
[    1.249319] CPUunderclocking:   !! Wrmsr(before write): core:0/64 idx:c0010067 valx:8000013200006210 ...  {Wrmsr kernel/smp.c:637}
[    1.249478] CPUunderclocking:     !! Wrmsr(after write): done. {Wrmsr kernel/smp.c:676}
[    1.249635] CPUunderclocking:   !! Wrmsr(before write): core:1/64 idx:c0010067 valx:8000013200006210 ...  {Wrmsr kernel/smp.c:637}
[    1.249798] CPUunderclocking:     !! Wrmsr(after write): done. {Wrmsr kernel/smp.c:676}
[    1.250002] CPUunderclocking:   !! Wrmsr(before write): core:2/64 idx:c0010067 valx:8000013200006210 ...  {Wrmsr kernel/smp.c:637}
[    1.250162] CPUunderclocking:     !! Wrmsr(after write): done. {Wrmsr kernel/smp.c:676}
[    1.250317] CPUunderclocking:   !! Wrmsr(before write): core:3/64 idx:c0010067 valx:8000013200006210 ...  {Wrmsr kernel/smp.c:637}
[    1.250477] CPUunderclocking:     !! Wrmsr(after write): done. {Wrmsr kernel/smp.c:676}
[    1.250633] CPUunderclocking: !! Write(3of3) PState3 done. status:0 (0=success) {WritePState kernel/smp.c:884}
[    1.250790] CPUunderclocking:   !! Rdmsr(1of2): core:0 idx:c0010068 ... {Rdmsr kernel/smp.c:696}
[    1.250949] CPUunderclocking:     !! Rdmsr(2of2): core:0 idx:c0010068 done. (resultx==8000012e00005d13 hi:8000012e lo:00005d13) {Rdmsr kernel/smp.c:712}
[    1.251001] CPUunderclocking:   !! Rdmsr(1of2): core:1 idx:c0010068 ... {Rdmsr kernel/smp.c:696}
[    1.251162] CPUunderclocking:     !! Rdmsr(2of2): core:1 idx:c0010068 done. (resultx==8000012e00005d13 hi:8000012e lo:00005d13) {Rdmsr kernel/smp.c:712}
[    1.251323] CPUunderclocking:   !! Rdmsr(1of2): core:2 idx:c0010068 ... {Rdmsr kernel/smp.c:696}
[    1.251488] CPUunderclocking:     !! Rdmsr(2of2): core:2 idx:c0010068 done. (resultx==8000012e00005d13 hi:8000012e lo:00005d13) {Rdmsr kernel/smp.c:712}
[    1.251651] CPUunderclocking:   !! Rdmsr(1of2): core:3 idx:c0010068 ... {Rdmsr kernel/smp.c:696}
[    1.251815] CPUunderclocking:     !! Rdmsr(2of2): core:3 idx:c0010068 done. (resultx==8000012e00005d13 hi:8000012e lo:00005d13) {Rdmsr kernel/smp.c:712}
[    1.252002] CPUunderclocking: !! Write(1of3) PState4 read : fid:17 did:3 vid:46 Multi:N/A {WritePState kernel/smp.c:854}
[    1.252165] CPUunderclocking: !! Write(2of3) PState4 write:0 did:0 vid:52 (multi:16) ... {WritePState kernel/smp.c:882}
[    1.252325] CPUunderclocking:   !! Wrmsr(before write): core:0/64 idx:c0010068 valx:8000012e00006800 ...  {Wrmsr kernel/smp.c:637}
[    1.252487] CPUunderclocking:     !! Wrmsr(after write): done. {Wrmsr kernel/smp.c:676}
[    1.252646] CPUunderclocking:   !! Wrmsr(before write): core:1/64 idx:c0010068 valx:8000012e00006800 ...  {Wrmsr kernel/smp.c:637}
[    1.252811] CPUunderclocking:     !! Wrmsr(after write): done. {Wrmsr kernel/smp.c:676}
[    1.253002] CPUunderclocking:   !! Wrmsr(before write): core:2/64 idx:c0010068 valx:8000012e00006800 ...  {Wrmsr kernel/smp.c:637}
[    1.253167] CPUunderclocking:     !! Wrmsr(after write): done. {Wrmsr kernel/smp.c:676}
[    1.253326] CPUunderclocking:   !! Wrmsr(before write): core:3/64 idx:c0010068 valx:8000012e00006800 ...  {Wrmsr kernel/smp.c:637}
[    1.253490] CPUunderclocking:     !! Wrmsr(after write): done. {Wrmsr kernel/smp.c:676}
[    1.253650] CPUunderclocking: !! Write(3of3) PState4 done. status:0 (0=success) {WritePState kernel/smp.c:884}
[    1.253810] CPUunderclocking:   !! Rdmsr(1of2): core:0 idx:c0010069 ... {Rdmsr kernel/smp.c:696}
[    1.254002] CPUunderclocking:     !! Rdmsr(2of2): core:0 idx:c0010069 done. (resultx==8000012b00005ee3 hi:8000012b lo:00005ee3) {Rdmsr kernel/smp.c:712}
[    1.254166] CPUunderclocking:   !! Rdmsr(1of2): core:1 idx:c0010069 ... {Rdmsr kernel/smp.c:696}
[    1.254331] CPUunderclocking:     !! Rdmsr(2of2): core:1 idx:c0010069 done. (resultx==8000012b00005ee3 hi:8000012b lo:00005ee3) {Rdmsr kernel/smp.c:712}
[    1.254494] CPUunderclocking:   !! Rdmsr(1of2): core:2 idx:c0010069 ... {Rdmsr kernel/smp.c:696}
[    1.254659] CPUunderclocking:     !! Rdmsr(2of2): core:2 idx:c0010069 done. (resultx==8000012b00005ee3 hi:8000012b lo:00005ee3) {Rdmsr kernel/smp.c:712}
[    1.254823] CPUunderclocking:   !! Rdmsr(1of2): core:3 idx:c0010069 ... {Rdmsr kernel/smp.c:696}
[    1.255004] CPUunderclocking:     !! Rdmsr(2of2): core:3 idx:c0010069 done. (resultx==8000012b00005ee3 hi:8000012b lo:00005ee3) {Rdmsr kernel/smp.c:712}
[    1.255169] CPUunderclocking: !! Write(1of3) PState5 read : fid:14 did:3 vid:47 Multi:N/A {WritePState kernel/smp.c:854}
[    1.255332] CPUunderclocking: !! Write(2of3) PState5 write:5 did:1 vid:55 (multi:14) ... {WritePState kernel/smp.c:882}
[    1.255492] CPUunderclocking:   !! Wrmsr(before write): core:0/64 idx:c0010069 valx:8000012b00006e51 ...  {Wrmsr kernel/smp.c:637}
[    1.255653] CPUunderclocking:     !! Wrmsr(after write): done. {Wrmsr kernel/smp.c:676}
[    1.255812] CPUunderclocking:   !! Wrmsr(before write): core:1/64 idx:c0010069 valx:8000012b00006e51 ...  {Wrmsr kernel/smp.c:637}
[    1.256004] CPUunderclocking:     !! Wrmsr(after write): done. {Wrmsr kernel/smp.c:676}
[    1.256164] CPUunderclocking:   !! Wrmsr(before write): core:2/64 idx:c0010069 valx:8000012b00006e51 ...  {Wrmsr kernel/smp.c:637}
[    1.256330] CPUunderclocking:     !! Wrmsr(after write): done. {Wrmsr kernel/smp.c:676}
[    1.256491] CPUunderclocking:   !! Wrmsr(before write): core:3/64 idx:c0010069 valx:8000012b00006e51 ...  {Wrmsr kernel/smp.c:637}
[    1.256655] CPUunderclocking:     !! Wrmsr(after write): done. {Wrmsr kernel/smp.c:676}
[    1.256813] CPUunderclocking: !! Write(3of3) PState5 done. status:0 (0=success) {WritePState kernel/smp.c:884}
[    1.256974] CPUunderclocking:   !! Rdmsr(1of2): core:0 idx:c001006a ... {Rdmsr kernel/smp.c:696}
[    1.257161] CPUunderclocking:     !! Rdmsr(2of2): core:0 idx:c001006a done. (resultx==80000127000060b3 hi:80000127 lo:000060b3) {Rdmsr kernel/smp.c:712}
[    1.257325] CPUunderclocking:   !! Rdmsr(1of2): core:1 idx:c001006a ... {Rdmsr kernel/smp.c:696}
[    1.257489] CPUunderclocking:     !! Rdmsr(2of2): core:1 idx:c001006a done. (resultx==80000127000060b3 hi:80000127 lo:000060b3) {Rdmsr kernel/smp.c:712}
[    1.257654] CPUunderclocking:   !! Rdmsr(1of2): core:2 idx:c001006a ... {Rdmsr kernel/smp.c:696}
[    1.257817] CPUunderclocking:     !! Rdmsr(2of2): core:2 idx:c001006a done. (resultx==80000127000060b3 hi:80000127 lo:000060b3) {Rdmsr kernel/smp.c:712}
[    1.257980] CPUunderclocking:   !! Rdmsr(1of2): core:3 idx:c001006a ... {Rdmsr kernel/smp.c:696}
[    1.258013] CPUunderclocking:     !! Rdmsr(2of2): core:3 idx:c001006a done. (resultx==80000127000060b3 hi:80000127 lo:000060b3) {Rdmsr kernel/smp.c:712}
[    1.258177] CPUunderclocking: !! Write(1of3) PState6 read : fid:11 did:3 vid:48 Multi:N/A {WritePState kernel/smp.c:854}
[    1.258339] CPUunderclocking: !! Write(2of3) PState6 write:2 did:1 vid:59 (multi:12) ... {WritePState kernel/smp.c:882}
[    1.258499] CPUunderclocking:   !! Wrmsr(before write): core:0/64 idx:c001006a valx:8000012700007621 ...  {Wrmsr kernel/smp.c:637}
[    1.258661] CPUunderclocking:     !! Wrmsr(after write): done. {Wrmsr kernel/smp.c:676}
[    1.258819] CPUunderclocking:   !! Wrmsr(before write): core:1/64 idx:c001006a valx:8000012700007621 ...  {Wrmsr kernel/smp.c:637}
[    1.259004] CPUunderclocking:     !! Wrmsr(after write): done. {Wrmsr kernel/smp.c:676}
[    1.259164] CPUunderclocking:   !! Wrmsr(before write): core:2/64 idx:c001006a valx:8000012700007621 ...  {Wrmsr kernel/smp.c:637}
[    1.259331] CPUunderclocking:     !! Wrmsr(after write): done. {Wrmsr kernel/smp.c:676}
[    1.259490] CPUunderclocking:   !! Wrmsr(before write): core:3/64 idx:c001006a valx:8000012700007621 ...  {Wrmsr kernel/smp.c:637}
[    1.259657] CPUunderclocking:     !! Wrmsr(after write): done. {Wrmsr kernel/smp.c:676}
[    1.259816] CPUunderclocking: !! Write(3of3) PState6 done. status:0 (0=success) {WritePState kernel/smp.c:884}
[    1.260001] CPUunderclocking:   !! Rdmsr(1of2): core:0 idx:c001006b ... {Rdmsr kernel/smp.c:696}
[    1.260162] CPUunderclocking:     !! Rdmsr(2of2): core:0 idx:c001006b done. (resultx==8000012500006504 hi:80000125 lo:00006504) {Rdmsr kernel/smp.c:712}
[    1.260325] CPUunderclocking:   !! Rdmsr(1of2): core:1 idx:c001006b ... {Rdmsr kernel/smp.c:696}
[    1.260489] CPUunderclocking:     !! Rdmsr(2of2): core:1 idx:c001006b done. (resultx==8000012500006504 hi:80000125 lo:00006504) {Rdmsr kernel/smp.c:712}
[    1.260652] CPUunderclocking:   !! Rdmsr(1of2): core:2 idx:c001006b ... {Rdmsr kernel/smp.c:696}
[    1.260815] CPUunderclocking:     !! Rdmsr(2of2): core:2 idx:c001006b done. (resultx==8000012500006504 hi:80000125 lo:00006504) {Rdmsr kernel/smp.c:712}
[    1.261001] CPUunderclocking:   !! Rdmsr(1of2): core:3 idx:c001006b ... {Rdmsr kernel/smp.c:696}
[    1.261164] CPUunderclocking:     !! Rdmsr(2of2): core:3 idx:c001006b done. (resultx==8000012500006504 hi:80000125 lo:00006504) {Rdmsr kernel/smp.c:712}
[    1.261327] CPUunderclocking: !! Write(1of3) PState7 read : fid:16 did:4 vid:50 Multi:N/A {WritePState kernel/smp.c:854}
[    1.261491] CPUunderclocking: !! Write(2of3) PState7 write:0 did:2 vid:67 (multi:8) ... {WritePState kernel/smp.c:882}
[    1.261652] CPUunderclocking:   !! Wrmsr(before write): core:0/64 idx:c001006b valx:8000012500008602 ...  {Wrmsr kernel/smp.c:637}
[    1.261815] CPUunderclocking:     !! Wrmsr(after write): done. {Wrmsr kernel/smp.c:676}
[    1.261973] CPUunderclocking:   !! Wrmsr(before write): core:1/64 idx:c001006b valx:8000012500008602 ...  {Wrmsr kernel/smp.c:637}
[    1.262004] CPUunderclocking:     !! Wrmsr(after write): done. {Wrmsr kernel/smp.c:676}
[    1.262159] CPUunderclocking:   !! Wrmsr(before write): core:2/64 idx:c001006b valx:8000012500008602 ...  {Wrmsr kernel/smp.c:637}
[    1.262322] CPUunderclocking:     !! Wrmsr(after write): done. {Wrmsr kernel/smp.c:676}
[    1.262478] CPUunderclocking:   !! Wrmsr(before write): core:3/64 idx:c001006b valx:8000012500008602 ...  {Wrmsr kernel/smp.c:637}
[    1.262640] CPUunderclocking:     !! Wrmsr(after write): done. {Wrmsr kernel/smp.c:676}
[    1.262796] CPUunderclocking: !! Write(3of3) PState7 done. status:0 (0=success) {WritePState kernel/smp.c:884}
[    1.263001] CPUunderclocking: Switching to another p-state temporarily so to ensure that the current one uses newly applied values {apply_underclocking_if_needed kernel/smp.c:954}
[    1.263198] CPUunderclocking:   !! Rdmsr(1of2): core:0 idx:c0010071 ... {Rdmsr kernel/smp.c:696}
[    1.263355] CPUunderclocking:     !! Rdmsr(2of2): core:0 idx:c0010071 done. (resultx==003160975a004a60 hi:00316097 lo:5a004a60) {Rdmsr kernel/smp.c:712}
[    1.263516] CPUunderclocking:   !! Rdmsr(1of2): core:1 idx:c0010071 ... {Rdmsr kernel/smp.c:696}
[    1.263678] CPUunderclocking:     !! Rdmsr(2of2): core:1 idx:c0010071 done. (resultx==003160975a014fa3 hi:00316097 lo:5a014fa3) {Rdmsr kernel/smp.c:712}
[    1.263839] CPUunderclocking:     !! Rdmsr(3of2): different results for cores(this is expected to be so, depending on load) core[0] != core[1] (see above KERN_DEBUG msgs) {Rdmsr kernel/smp.c:717}
[    1.264001] CPUunderclocking:   !! Rdmsr(1of2): core:2 idx:c0010071 ... {Rdmsr kernel/smp.c:696}
[    1.264164] CPUunderclocking:     !! Rdmsr(2of2): core:2 idx:c0010071 done. (resultx==003160975a014fa3 hi:00316097 lo:5a014fa3) {Rdmsr kernel/smp.c:712}
[    1.264325] CPUunderclocking:   !! Rdmsr(1of2): core:3 idx:c0010071 ... {Rdmsr kernel/smp.c:696}
[    1.264486] CPUunderclocking:     !! Rdmsr(2of2): core:3 idx:c0010071 done. (resultx==003160975a114a40 hi:00316097 lo:5a114a40) {Rdmsr kernel/smp.c:712}
[    1.264646] CPUunderclocking:     !! Rdmsr(3of2): different results for cores(this is expected to be so, depending on load) core[2] != core[3] (see above KERN_DEBUG msgs) {Rdmsr kernel/smp.c:717}
[    1.264846] CPUunderclocking: !! currentpstate:0 temppstate:7 {apply_underclocking_if_needed kernel/smp.c:962}
[    1.265001] CPUunderclocking:   !! Rdmsr(1of2): core:0 idx:c0010062 ... {Rdmsr kernel/smp.c:696}
[    1.265158] CPUunderclocking:     !! Rdmsr(2of2): core:0 idx:c0010062 done. (resultx==0000000000000000 hi:00000000 lo:00000000) {Rdmsr kernel/smp.c:712}
[    1.265319] CPUunderclocking:   !! Rdmsr(1of2): core:1 idx:c0010062 ... {Rdmsr kernel/smp.c:696}
[    1.265480] CPUunderclocking:     !! Rdmsr(2of2): core:1 idx:c0010062 done. (resultx==0000000000000000 hi:00000000 lo:00000000) {Rdmsr kernel/smp.c:712}
[    1.265639] CPUunderclocking:   !! Rdmsr(1of2): core:2 idx:c0010062 ... {Rdmsr kernel/smp.c:696}
[    1.265802] CPUunderclocking:     !! Rdmsr(2of2): core:2 idx:c0010062 done. (resultx==0000000000000000 hi:00000000 lo:00000000) {Rdmsr kernel/smp.c:712}
[    1.266001] CPUunderclocking:   !! Rdmsr(1of2): core:3 idx:c0010062 ... {Rdmsr kernel/smp.c:696}
[    1.266165] CPUunderclocking:     !! Rdmsr(2of2): core:3 idx:c0010062 done. (resultx==0000000000000000 hi:00000000 lo:00000000) {Rdmsr kernel/smp.c:712}
[    1.266330] CPUunderclocking:   !! Wrmsr(before write): core:0/64 idx:c0010062 valx:0000000000000006 ...  {Wrmsr kernel/smp.c:637}
[    1.266495] CPUunderclocking:     !! Wrmsr(after write): done. {Wrmsr kernel/smp.c:676}
[    1.266671] CPUunderclocking:   !! Wrmsr(before write): core:1/64 idx:c0010062 valx:0000000000000006 ...  {Wrmsr kernel/smp.c:637}
[    1.266856] CPUunderclocking:     !! Wrmsr(after write): done. {Wrmsr kernel/smp.c:676}
[    1.267005] CPUunderclocking:   !! Wrmsr(before write): core:2/64 idx:c0010062 valx:0000000000000006 ...  {Wrmsr kernel/smp.c:637}
[    1.267190] CPUunderclocking:     !! Wrmsr(after write): done. {Wrmsr kernel/smp.c:676}
[    1.267367] CPUunderclocking:   !! Wrmsr(before write): core:3/64 idx:c0010062 valx:0000000000000006 ...  {Wrmsr kernel/smp.c:637}
[    1.267554] CPUunderclocking:     !! Wrmsr(after write): done. {Wrmsr kernel/smp.c:676}
[    1.267729] CPUunderclocking:   !! Rdmsr(1of2): core:0 idx:c0010063 ... {Rdmsr kernel/smp.c:696}
[    1.268007] CPUunderclocking:     !! Rdmsr(2of2): core:0 idx:c0010063 done. (resultx==0000000000000006 hi:00000000 lo:00000006) {Rdmsr kernel/smp.c:712}
[    1.268191] CPUunderclocking:   !! Rdmsr(1of2): core:1 idx:c0010063 ... {Rdmsr kernel/smp.c:696}
[    1.268373] CPUunderclocking:     !! Rdmsr(2of2): core:1 idx:c0010063 done. (resultx==0000000000000000 hi:00000000 lo:00000000) {Rdmsr kernel/smp.c:712}
[    1.268557] CPUunderclocking:     !! Rdmsr(3of2): different results for cores(this is expected to be so, depending on load) core[0] != core[1] (see above KERN_DEBUG msgs) {Rdmsr kernel/smp.c:717}
[    1.268787] CPUunderclocking:   !! Rdmsr(1of2): core:2 idx:c0010063 ... {Rdmsr kernel/smp.c:696}
[    1.269010] CPUunderclocking:     !! Rdmsr(2of2): core:2 idx:c0010063 done. (resultx==0000000000000000 hi:00000000 lo:00000000) {Rdmsr kernel/smp.c:712}
[    1.269193] CPUunderclocking:   !! Rdmsr(1of2): core:3 idx:c0010063 ... {Rdmsr kernel/smp.c:696}
[    1.269376] CPUunderclocking:     !! Rdmsr(2of2): core:3 idx:c0010063 done. (resultx==0000000000000006 hi:00000000 lo:00000006) {Rdmsr kernel/smp.c:712}
[    1.269560] CPUunderclocking:     !! Rdmsr(3of2): different results for cores(this is expected to be so, depending on load) core[2] != core[3] (see above KERN_DEBUG msgs) {Rdmsr kernel/smp.c:717}
[    1.269791] CPUunderclocking: Waiting for PState to settle at wanted. Current: i(16bits)=6 j(64bits)=6 wantedpstate=6 tries left:9 {SetCurrentPState kernel/smp.c:926}
[    1.270004] CPUunderclocking:   !! Rdmsr(1of2): core:0 idx:c0010071 ... {Rdmsr kernel/smp.c:696}
[    1.270183] CPUunderclocking:     !! Rdmsr(2of2): core:0 idx:c0010071 done. (resultx==003160975a074e02 hi:00316097 lo:5a074e02) {Rdmsr kernel/smp.c:712}
[    1.270367] CPUunderclocking:   !! Rdmsr(1of2): core:1 idx:c0010071 ... {Rdmsr kernel/smp.c:696}
[    1.270550] CPUunderclocking:     !! Rdmsr(2of2): core:1 idx:c0010071 done. (resultx==003160975a014fa3 hi:00316097 lo:5a014fa3) {Rdmsr kernel/smp.c:712}
[    1.270734] CPUunderclocking:     !! Rdmsr(3of2): different results for cores(this is expected to be so, depending on load) core[0] != core[1] (see above KERN_DEBUG msgs) {Rdmsr kernel/smp.c:717}
[    1.270964] CPUunderclocking:   !! Rdmsr(1of2): core:2 idx:c0010071 ... {Rdmsr kernel/smp.c:696}
[    1.271010] CPUunderclocking:     !! Rdmsr(2of2): core:2 idx:c0010071 done. (resultx==003160975a014fa3 hi:00316097 lo:5a014fa3) {Rdmsr kernel/smp.c:712}
[    1.271194] CPUunderclocking:   !! Rdmsr(1of2): core:3 idx:c0010071 ... {Rdmsr kernel/smp.c:696}
[    1.271376] CPUunderclocking:     !! Rdmsr(2of2): core:3 idx:c0010071 done. (resultx==003160975a074e02 hi:00316097 lo:5a074e02) {Rdmsr kernel/smp.c:712}
[    1.271561] CPUunderclocking:     !! Rdmsr(3of2): different results for cores(this is expected to be so, depending on load) core[2] != core[3] (see above KERN_DEBUG msgs) {Rdmsr kernel/smp.c:717}
[    1.271790] CPUunderclocking: !! currentpstate:7 {apply_underclocking_if_needed kernel/smp.c:964}
[    1.272004] CPUunderclocking:   !! Rdmsr(1of2): core:0 idx:c0010062 ... {Rdmsr kernel/smp.c:696}
[    1.272183] CPUunderclocking:     !! Rdmsr(2of2): core:0 idx:c0010062 done. (resultx==0000000000000006 hi:00000000 lo:00000006) {Rdmsr kernel/smp.c:712}
[    1.272366] CPUunderclocking:   !! Rdmsr(1of2): core:1 idx:c0010062 ... {Rdmsr kernel/smp.c:696}
[    1.272548] CPUunderclocking:     !! Rdmsr(2of2): core:1 idx:c0010062 done. (resultx==0000000000000006 hi:00000000 lo:00000006) {Rdmsr kernel/smp.c:712}
[    1.272731] CPUunderclocking:   !! Rdmsr(1of2): core:2 idx:c0010062 ... {Rdmsr kernel/smp.c:696}
[    1.273009] CPUunderclocking:     !! Rdmsr(2of2): core:2 idx:c0010062 done. (resultx==0000000000000006 hi:00000000 lo:00000006) {Rdmsr kernel/smp.c:712}
[    1.273192] CPUunderclocking:   !! Rdmsr(1of2): core:3 idx:c0010062 ... {Rdmsr kernel/smp.c:696}
[    1.273374] CPUunderclocking:     !! Rdmsr(2of2): core:3 idx:c0010062 done. (resultx==0000000000000006 hi:00000000 lo:00000006) {Rdmsr kernel/smp.c:712}
[    1.273558] CPUunderclocking:   !! Wrmsr(before write): core:0/64 idx:c0010062 valx:0000000000000000 ...  {Wrmsr kernel/smp.c:637}
[    1.273741] CPUunderclocking:     !! Wrmsr(after write): done. {Wrmsr kernel/smp.c:676}
[    1.273900] CPUunderclocking:   !! Wrmsr(before write): core:1/64 idx:c0010062 valx:0000000000000000 ...  {Wrmsr kernel/smp.c:637}
[    1.274005] CPUunderclocking:     !! Wrmsr(after write): done. {Wrmsr kernel/smp.c:676}
[    1.274164] CPUunderclocking:   !! Wrmsr(before write): core:2/64 idx:c0010062 valx:0000000000000000 ...  {Wrmsr kernel/smp.c:637}
[    1.274330] CPUunderclocking:     !! Wrmsr(after write): done. {Wrmsr kernel/smp.c:676}
[    1.274489] CPUunderclocking:   !! Wrmsr(before write): core:3/64 idx:c0010062 valx:0000000000000000 ...  {Wrmsr kernel/smp.c:637}
[    1.274657] CPUunderclocking:     !! Wrmsr(after write): done. {Wrmsr kernel/smp.c:676}
[    1.274817] CPUunderclocking:   !! Rdmsr(1of2): core:0 idx:c0010063 ... {Rdmsr kernel/smp.c:696}
[    1.275003] CPUunderclocking:     !! Rdmsr(2of2): core:0 idx:c0010063 done. (resultx==0000000000000000 hi:00000000 lo:00000000) {Rdmsr kernel/smp.c:712}
[    1.275166] CPUunderclocking:   !! Rdmsr(1of2): core:1 idx:c0010063 ... {Rdmsr kernel/smp.c:696}
[    1.275331] CPUunderclocking:     !! Rdmsr(2of2): core:1 idx:c0010063 done. (resultx==0000000000000000 hi:00000000 lo:00000000) {Rdmsr kernel/smp.c:712}
[    1.275495] CPUunderclocking:   !! Rdmsr(1of2): core:2 idx:c0010063 ... {Rdmsr kernel/smp.c:696}
[    1.275660] CPUunderclocking:     !! Rdmsr(2of2): core:2 idx:c0010063 done. (resultx==0000000000000000 hi:00000000 lo:00000000) {Rdmsr kernel/smp.c:712}
[    1.275823] CPUunderclocking:   !! Rdmsr(1of2): core:3 idx:c0010063 ... {Rdmsr kernel/smp.c:696}
[    1.277005] CPUunderclocking:     !! Rdmsr(2of2): core:3 idx:c0010063 done. (resultx==0000000000000000 hi:00000000 lo:00000000) {Rdmsr kernel/smp.c:712}
[    1.277170] CPUunderclocking: Waiting for PState to settle at wanted. Current: i(16bits)=0 j(64bits)=0 wantedpstate=0 tries left:9 {SetCurrentPState kernel/smp.c:926}
[    1.277372] CPUunderclocking:   !! Rdmsr(1of2): core:0 idx:c0010071 ... {Rdmsr kernel/smp.c:696}
[    1.277533] CPUunderclocking:     !! Rdmsr(2of2): core:0 idx:c0010071 done. (resultx==003160975a014e40 hi:00316097 lo:5a014e40) {Rdmsr kernel/smp.c:712}
[    1.277694] CPUunderclocking:   !! Rdmsr(1of2): core:1 idx:c0010071 ... {Rdmsr kernel/smp.c:696}
[    1.277855] CPUunderclocking:     !! Rdmsr(2of2): core:1 idx:c0010071 done. (resultx==003160975a014fa3 hi:00316097 lo:5a014fa3) {Rdmsr kernel/smp.c:712}
[    1.278002] CPUunderclocking:     !! Rdmsr(3of2): different results for cores(this is expected to be so, depending on load) core[0] != core[1] (see above KERN_DEBUG msgs) {Rdmsr kernel/smp.c:717}
[    1.278200] CPUunderclocking:   !! Rdmsr(1of2): core:2 idx:c0010071 ... {Rdmsr kernel/smp.c:696}
[    1.278361] CPUunderclocking:     !! Rdmsr(2of2): core:2 idx:c0010071 done. (resultx==003160975a014fa3 hi:00316097 lo:5a014fa3) {Rdmsr kernel/smp.c:712}
[    1.278522] CPUunderclocking:   !! Rdmsr(1of2): core:3 idx:c0010071 ... {Rdmsr kernel/smp.c:696}
[    1.278683] CPUunderclocking:     !! Rdmsr(2of2): core:3 idx:c0010071 done. (resultx==003160975a014e40 hi:00316097 lo:5a014e40) {Rdmsr kernel/smp.c:712}
[    1.278844] CPUunderclocking:     !! Rdmsr(3of2): different results for cores(this is expected to be so, depending on load) core[2] != core[3] (see above KERN_DEBUG msgs) {Rdmsr kernel/smp.c:717}
[    1.279001] CPUunderclocking: !! currentpstate:1 {apply_underclocking_if_needed kernel/smp.c:966}
[    1.279157] CPUunderclocking: done. {apply_underclocking_if_needed kernel/smp.c:969}
[    1.279315] smpboot: Boot done
[    1.279385] ----------------
[    1.279454] | NMI testsuite:
[    1.279522] --------------------
[    1.279592]   remote IPI:  ok  |
[    1.283236]    local IPI:  ok  |
[    1.291007] --------------------
[    1.291190] Good, all   2 testcases passed! |
[    1.291316] ---------------------------------
[    1.291444] smpboot: Before bogomips
[    1.291572] smpboot: Total of 4 processors activated (11179.23 BogoMIPS)
[    1.291700] smpboot: Before bogocount - setting activated=1
[    1.294815] devtmpfs: initialized
[    1.295226] device: 'platform': device_add
[    1.295773] bus: 'platform': registered
[    1.296111] bus: 'cpu': registered
[    1.296297] device: 'cpu': device_add
[    1.296947] bus: 'container': registered
[    1.297014] device: 'container': device_add
[    1.300690] bus: 'workqueue': registered
[    1.300885] device: 'workqueue': device_add
[    1.301517] clocksource: jiffies: mask: 0xffffffff max_cycles: 0xffffffff, max_idle_ns: 1911260446275000 ns
[    1.301901] xor: measuring software checksum speed
[    1.312002]    prefetch64-sse:  8796.000 MB/sec
[    1.322001]    generic_sse:  7912.000 MB/sec
[    1.322175] xor: using function: prefetch64-sse (8796.000 MB/sec)
[    1.322312] atomic64_test: passed for x86-64 platform with CX8 and with SSE
[    1.322443] device class 'regulator': registering
[    1.322807] Registering platform device 'reg-dummy'. Parent at platform
[    1.322988] device: 'reg-dummy': device_add
[    1.323068] bus: 'platform': add device reg-dummy
[    1.323543] bus: 'platform': add driver reg-dummy
[    1.323751] bus: 'platform': driver_probe_device: matched device reg-dummy with driver reg-dummy
[    1.324002] bus: 'platform': really_probe: probing driver reg-dummy with device reg-dummy
[    1.324235] devices_kset: Moving reg-dummy to end of list
[    1.324453] regulator-dummy: no parameters
[    1.324635] device: 'regulator.0': device_add
[    1.325578] driver: 'reg-dummy': driver_bound: bound to device 'reg-dummy'
[    1.325754] bus: 'platform': really_probe: bound device reg-dummy to driver reg-dummy
[    1.326975] NET: Registered protocol family 16
[    1.327534] device class 'bdi': registering
[    1.327818] bus: 'platform': add driver ramoops
[    1.328181] device class 'pci_bus': registering
[    1.328614] bus: 'pci': registered
[    1.328796] device class 'backlight': registering
[    1.329067] device class 'tty': registering
[    1.329301] device class 'vtconsole': registering
[    1.329554] device: 'vtcon0': device_add
[    1.330389] bus: 'node': registered
[    1.330577] device: 'node': device_add
[    1.331226] bus: 'i2c': registered
[    1.331437] bus: 'i2c': add driver dummy
[    1.331744] i2c-core: driver [dummy] registered
[    1.335036] cpuidle: using governor ladder
[    1.339009] cpuidle: using governor menu
[    1.339895] ACPI FADT declares the system doesn't support PCIe ASPM, so disable it
[    1.340012] ACPI: bus type PCI registered
[    1.340141] acpiphp: ACPI Hot Plug PCI Controller Driver version: 0.5
[    1.340272] device class 'dmi': registering
[    1.340474] device: 'id': device_add
[    1.341777] PCI: MMCONFIG for domain 0000 [bus 00-3f] at [mem 0xf8000000-0xfbffffff] (base 0xf8000000)
[    1.342003] PCI: not using MMCONFIG
[    1.342135] PCI: Using configuration type 1 for base access
[    1.342262] PCI: Using configuration type 1 for extended access
[    1.342959] device: 'node0': device_add
[    1.343225] bus: 'node': add device node0
[    1.343672] device: 'cpu0': device_add
[    1.344054] bus: 'cpu': add device cpu0
[    1.344577] device: 'cpu1': device_add
[    1.344831] bus: 'cpu': add device cpu1
[    1.345345] device: 'cpu2': device_add
[    1.345600] bus: 'cpu': add device cpu2
[    1.346111] device: 'cpu3': device_add
[    1.346370] bus: 'cpu': add device cpu3
[    1.411750] device: 'writeback': device_add
[    1.412021] bus: 'workqueue': add device writeback
[    1.412787] HugeTLB registered 2 MB page size, pre-allocated 0 pages
[    1.413864] device class 'block': registering
[    1.431003] raid6: sse2x1   gen()  3046 MB/s
[    1.448009] raid6: sse2x1   xor()  3419 MB/s
[    1.465003] raid6: sse2x2   gen()  4570 MB/s
[    1.482002] raid6: sse2x2   xor()  4931 MB/s
[    1.499005] raid6: sse2x4   gen()  5566 MB/s
[    1.516002] raid6: sse2x4   xor()  2931 MB/s
[    1.516175] raid6: using algorithm sse2x4 gen() 5566 MB/s
[    1.516302] raid6: .... xor() 2931 MB/s, rmw enabled
[    1.516429] raid6: using intx1 recovery algorithm
[    1.516641] device class 'graphics': registering
[    1.517028] ACPI: Added _OSI(Module Device)
[    1.517202] ACPI: Added _OSI(Processor Device)
[    1.517329] ACPI: Added _OSI(3.0 _SCP Extensions)
[    1.517455] ACPI: Added _OSI(Processor Aggregator Device)
[    1.677177] ACPI: [Firmware Bug]: BIOS _OSI(Linux) query ignored
[    1.696206] ACPI : EC: +++++ EC started +++++
[    1.749483] ACPI: Interpreter enabled
[    1.749676] ACPI: (supports S0 S5)
[    1.749850] ACPI: Using IOAPIC for interrupt routing
[    1.755403] bus: 'acpi': registered
[    1.755599] PCI: MMCONFIG for domain 0000 [bus 00-3f] at [mem 0xf8000000-0xfbffffff] (base 0xf8000000)
[    1.770495] PCI: MMCONFIG at [mem 0xf8000000-0xfbffffff] reserved in ACPI motherboard resources
[    1.770759] PCI: Using host bridge windows from ACPI; if necessary, use "pci=nocrs" and report a bug
[    1.771398] device: 'LNXSYSTM:00': device_add
[    1.771652] bus: 'acpi': add device LNXSYSTM:00
[    1.772792] device: 'LNXCPU:00': device_add
[    1.773048] bus: 'acpi': add device LNXCPU:00
[    1.774194] device: 'LNXCPU:01': device_add
[    1.774446] bus: 'acpi': add device LNXCPU:01
[    1.775575] device: 'LNXCPU:02': device_add
[    1.775832] bus: 'acpi': add device LNXCPU:02
[    1.776954] device: 'LNXCPU:03': device_add
[    1.777081] bus: 'acpi': add device LNXCPU:03
[    1.779177] device: 'LNXSYBUS:00': device_add
[    1.779436] bus: 'acpi': add device LNXSYBUS:00
[    1.781433] device: 'PNP0C0C:00': device_add
[    1.781691] bus: 'acpi': add device PNP0C0C:00
[    1.783810] device: 'PNP0A08:00': device_add
[    1.784069] bus: 'acpi': add device PNP0A08:00
[    1.786117] device: 'PNP0C02:00': device_add
[    1.786367] bus: 'acpi': add device PNP0C02:00
[    1.788730] device: 'device:00': device_add
[    1.788983] bus: 'acpi': add device device:00
[    1.790946] device: 'device:01': device_add
[    1.791081] bus: 'acpi': add device device:01
[    1.793169] device: 'device:02': device_add
[    1.793422] bus: 'acpi': add device device:02
[    1.795746] device: 'device:03': device_add
[    1.796002] bus: 'acpi': add device device:03
[    1.797947] device: 'LNXVIDEO:00': device_add
[    1.798081] bus: 'acpi': add device LNXVIDEO:00
[    1.800514] device: 'device:04': device_add
[    1.800767] bus: 'acpi': add device device:04
[    1.802983] device: 'device:05': device_add
[    1.803083] bus: 'acpi': add device device:05
[    1.805179] device: 'device:06': device_add
[    1.805432] bus: 'acpi': add device device:06
[    1.807642] device: 'device:07': device_add
[    1.807896] bus: 'acpi': add device device:07
[    1.809836] device: 'device:08': device_add
[    1.810086] bus: 'acpi': add device device:08
[    1.812397] device: 'device:09': device_add
[    1.813079] bus: 'acpi': add device device:09
[    1.815450] device: 'device:0a': device_add
[    1.815702] bus: 'acpi': add device device:0a
[    1.818022] device: 'device:0b': device_add
[    1.818274] bus: 'acpi': add device device:0b
[    1.820241] device: 'device:0c': device_add
[    1.820495] bus: 'acpi': add device device:0c
[    1.822818] device: 'device:0d': device_add
[    1.823083] bus: 'acpi': add device device:0d
[    1.825031] device: 'device:0e': device_add
[    1.825284] bus: 'acpi': add device device:0e
[    1.827613] device: 'device:0f': device_add
[    1.827864] bus: 'acpi': add device device:0f
[    1.829814] device: 'device:10': device_add
[    1.830074] bus: 'acpi': add device device:10
[    1.832379] device: 'device:11': device_add
[    1.832629] bus: 'acpi': add device device:11
[    1.834556] device: 'device:12': device_add
[    1.834808] bus: 'acpi': add device device:12
[    1.836739] device: 'device:13': device_add
[    1.836990] bus: 'acpi': add device device:13
[    1.838931] device: 'device:14': device_add
[    1.839086] bus: 'acpi': add device device:14
[    1.841513] device: 'device:15': device_add
[    1.841767] bus: 'acpi': add device device:15
[    1.843697] device: 'device:16': device_add
[    1.843949] bus: 'acpi': add device device:16
[    1.845890] device: 'device:17': device_add
[    1.846082] bus: 'acpi': add device device:17
[    1.848078] device: 'device:18': device_add
[    1.848330] bus: 'acpi': add device device:18
[    1.850641] device: 'device:19': device_add
[    1.850893] bus: 'acpi': add device device:19
[    1.852825] device: 'device:1a': device_add
[    1.853082] bus: 'acpi': add device device:1a
[    1.855012] device: 'device:1b': device_add
[    1.855269] bus: 'acpi': add device device:1b
[    1.857587] device: 'device:1c': device_add
[    1.857839] bus: 'acpi': add device device:1c
[    1.859771] device: 'device:1d': device_add
[    1.860035] bus: 'acpi': add device device:1d
[    1.861961] device: 'device:1e': device_add
[    1.862081] bus: 'acpi': add device device:1e
[    1.864526] device: 'device:1f': device_add
[    1.864778] bus: 'acpi': add device device:1f
[    1.866716] device: 'device:20': device_add
[    1.866969] bus: 'acpi': add device device:20
[    1.869253] device: 'device:21': device_add
[    1.869505] bus: 'acpi': add device device:21
[    1.871470] device: 'device:22': device_add
[    1.871722] bus: 'acpi': add device device:22
[    1.874030] device: 'device:23': device_add
[    1.874288] bus: 'acpi': add device device:23
[    1.876591] device: 'device:24': device_add
[    1.876843] bus: 'acpi': add device device:24
[    1.879494] device: 'device:25': device_add
[    1.879747] bus: 'acpi': add device device:25
[    1.881689] device: 'device:26': device_add
[    1.881940] bus: 'acpi': add device device:26
[    1.884186] device: 'device:27': device_add
[    1.884439] bus: 'acpi': add device device:27
[    1.891012] device: 'device:28': device_add
[    1.891264] bus: 'acpi': add device device:28
[    1.897890] device: 'device:29': device_add
[    1.898081] bus: 'acpi': add device device:29
[    1.900384] device: 'device:2a': device_add
[    1.900637] bus: 'acpi': add device device:2a
[    1.907203] device: 'device:2b': device_add
[    1.907456] bus: 'acpi': add device device:2b
[    1.914050] device: 'device:2c': device_add
[    1.914306] bus: 'acpi': add device device:2c
[    1.917570] device: 'device:2d': device_add
[    1.917824] bus: 'acpi': add device device:2d
[    1.919804] device: 'device:2e': device_add
[    1.920058] bus: 'acpi': add device device:2e
[    1.923424] device: 'device:2f': device_add
[    1.923679] bus: 'acpi': add device device:2f
[    1.925654] device: 'device:30': device_add
[    1.925906] bus: 'acpi': add device device:30
[    1.927972] device: 'device:31': device_add
[    1.928082] bus: 'acpi': add device device:31
[    1.930425] device: 'device:32': device_add
[    1.930675] bus: 'acpi': add device device:32
[    1.933704] device: 'PNP0C0F:00': device_add
[    1.933957] bus: 'acpi': add device PNP0C0F:00
[    1.937011] device: 'PNP0C0F:01': device_add
[    1.937262] bus: 'acpi': add device PNP0C0F:01
[    1.940360] device: 'PNP0C0F:02': device_add
[    1.940615] bus: 'acpi': add device PNP0C0F:02
[    1.943706] device: 'PNP0C0F:03': device_add
[    1.943959] bus: 'acpi': add device PNP0C0F:03
[    1.947040] device: 'PNP0C0F:04': device_add
[    1.947289] bus: 'acpi': add device PNP0C0F:04
[    1.950410] device: 'PNP0C0F:05': device_add
[    1.950661] bus: 'acpi': add device PNP0C0F:05
[    1.953808] device: 'PNP0C0F:06': device_add
[    1.954070] bus: 'acpi': add device PNP0C0F:06
[    1.957216] device: 'PNP0C0F:07': device_add
[    1.957470] bus: 'acpi': add device PNP0C0F:07
[    1.959533] device: 'PNP0200:00': device_add
[    1.959785] bus: 'acpi': add device PNP0200:00
[    1.961772] device: 'PNP0C04:00': device_add
[    1.962024] bus: 'acpi': add device PNP0C04:00
[    1.964002] device: 'PNP0000:00': device_add
[    1.964258] bus: 'acpi': add device PNP0000:00
[    1.966236] device: 'PNP0B00:00': device_add
[    1.966489] bus: 'acpi': add device PNP0B00:00
[    1.968466] device: 'PNP0800:00': device_add
[    1.968719] bus: 'acpi': add device PNP0800:00
[    1.970649] device: 'PNP0100:00': device_add
[    1.970900] bus: 'acpi': add device PNP0100:00
[    1.972870] device: 'PNP0C02:01': device_add
[    1.973087] bus: 'acpi': add device PNP0C02:01
[    1.975657] device: 'PNP0C01:00': device_add
[    1.975910] bus: 'acpi': add device PNP0C01:00
[    1.978558] device: 'PNP0C09:00': device_add
[    1.978810] bus: 'acpi': add device PNP0C09:00
[    1.981494] device: 'ACPI0003:00': device_add
[    1.981747] bus: 'acpi': add device ACPI0003:00
[    1.986868] device: 'PNP0C0A:00': device_add
[    1.987088] bus: 'acpi': add device PNP0C0A:00
[    1.989942] device: 'VPC2004:00': device_add
[    1.990084] bus: 'acpi': add device VPC2004:00
[    1.992315] device: 'PNP0303:00': device_add
[    1.992570] bus: 'acpi': add device PNP0303:00
[    1.996841] device: 'SYN0326:00': device_add
[    1.997085] bus: 'acpi': add device SYN0326:00
[    1.999496] device: 'device:33': device_add
[    1.999751] bus: 'acpi': add device device:33
[    2.002121] device: 'device:34': device_add
[    2.002376] bus: 'acpi': add device device:34
[    2.004351] device: 'device:35': device_add
[    2.004606] bus: 'acpi': add device device:35
