[    0.000000] Linux version 4.7.0-g52ddb7e (z@myzee) (gcc version 6.1.1 20160707 (GCC) ) #16 SMP PREEMPT Mon Aug 8 01:56:31 EEST 2016
[    0.000000] Command line: BOOT_IMAGE=/boot/vmlinuz-linux-git root=UUID=96efaea0-86dc-485a-af36-36706f9f3908 rw root_trim=yes rd.luks.allow-discards ipv6.disable=1 pnp.debug=1 loglevel=9 log_buf_len=10M printk.always_kmsg_dump=y printk.time=y printk.devkmsg=on mminit_loglevel=0 memory_corruption_check=1 nohz=on rcu_nocbs=1-3 fbcon=scrollback:4096k fbcon=font:ProFont6x11 apic=debug dynamic_debug.verbose=1 "dyndbg=file arch/x86/kernel/apic/* +pflmt ; file drivers/video/* +pflmt ; file drivers/input/* -pflmt ; file drivers/acpi/* -pflmt" acpi_backlight=vendor radeon.audio=0 radeon.lockup_timeout=999000 radeon.test=0 radeon.agpmode=-1 radeon.benchmark=0 radeon.tv=0 radeon.hard_reset=1 radeon.msi=1 radeon.pcie_gen2=-1 radeon.no_wb=1 radeon.dynclks=0 radeon.r4xx_atom=0 radeonfb radeon.fastfb=1 radeon.dpm=1 radeon.runpm=1 rd.debug rd.udev.debug rd.memdebug=3 net.ifnames=1 slub_debug=U pax_sanitize_slab=full noefi nolvm dobtrfs console=tty1 earlyprintk=vga CPUunderclocking radeon.modeset=1 audit
[    0.000000] KERNEL supported cpus:
[    0.000000]   AMD AuthenticAMD
[    0.000000] x86/fpu: Legacy x87 FPU detected.
[    0.000000] x86/fpu: Using 'eager' FPU context switches.
[    0.000000] e820: BIOS-provided physical RAM map:
[    0.000000] BIOS-e820: [mem 0x0000000000000000-0x000000000009d7ff] usable
[    0.000000] BIOS-e820: [mem 0x000000000009d800-0x000000000009ffff] reserved
[    0.000000] BIOS-e820: [mem 0x00000000000e0000-0x00000000000fffff] reserved
[    0.000000] BIOS-e820: [mem 0x0000000000100000-0x00000000bed9afff] usable
[    0.000000] BIOS-e820: [mem 0x00000000bed9b000-0x00000000bf39afff] reserved
[    0.000000] BIOS-e820: [mem 0x00000000bf39b000-0x00000000bf49afff] ACPI NVS
[    0.000000] BIOS-e820: [mem 0x00000000bf49b000-0x00000000bf51afff] ACPI data
[    0.000000] BIOS-e820: [mem 0x00000000bf51b000-0x00000000bfdfffff] usable
[    0.000000] BIOS-e820: [mem 0x00000000bfe00000-0x00000000bfffffff] reserved
[    0.000000] BIOS-e820: [mem 0x00000000fec00000-0x00000000fecfffff] reserved
[    0.000000] BIOS-e820: [mem 0x00000000fed80000-0x00000000fed80fff] reserved
[    0.000000] BIOS-e820: [mem 0x00000000ffe00000-0x00000000ffffffff] reserved
[    0.000000] BIOS-e820: [mem 0x0000000100000000-0x000000041effffff] usable
[    0.000000] bootconsole [earlyvga0] enabled
[    0.000000] NX (Execute Disable) protection: active
[    0.000000] SMBIOS 2.6 present.
[    0.000000] DMI: LENOVO Sabine/Torpedo, BIOS 54CN18WW 07/20/2011
[    0.000000] e820: update [mem 0x00000000-0x00000fff] usable ==> reserved
[    0.000000] e820: remove [mem 0x000a0000-0x000fffff] usable
[    0.000000] e820: last_pfn = 0x41f000 max_arch_pfn = 0x400000000
[    0.000000] MTRR default type: uncachable
[    0.000000] MTRR fixed ranges enabled:
[    0.000000]   00000-9FFFF write-back
[    0.000000]   A0000-BFFFF uncachable
[    0.000000]   C0000-FFFFF write-protect
[    0.000000] MTRR variable ranges enabled:
[    0.000000]   0 base 0000000000 mask FF80000000 write-back
[    0.000000]   1 base 0080000000 mask FFC0000000 write-back
[    0.000000]   2 base 00FFF90000 mask FFFFFF0000 uncachable
[    0.000000]   3 base 00FED80000 mask 0FFFFFF000 uncachable
[    0.000000]   4 disabled
[    0.000000]   5 disabled
[    0.000000]   6 disabled
[    0.000000]   7 base 00FFE00000 mask FFFFE00000 write-protect
[    0.000000] TOM2: 000000041f000000 aka 16880M
[    0.000000] x86/PAT: Configuration [0-7]: WB  WC  UC- UC  WB  WC  UC- WT  
[    0.000000] mtrr: your BIOS has configured an incorrect mask, fixing it.
[    0.000000] e820: last_pfn = 0xbfe00 max_arch_pfn = 0x400000000
[    0.000000] Scan for SMP in [mem 0x00000000-0x000003ff]
[    0.000000] Scan for SMP in [mem 0x0009fc00-0x0009ffff]
[    0.000000] Scan for SMP in [mem 0x000f0000-0x000fffff]
[    0.000000] found SMP MP-table at [mem 0x000fa8b0-0x000fa8bf] mapped at [ffff9be4800fa8b0]
[    0.000000]   mpc: fa8c0-faa24
[    0.000000] Base memory trampoline at [ffff9be480097000] 97000 size 24576
[    0.000000] Using GB pages for direct mapping
[    0.000000] BRK [0x3f430000, 0x3f430fff] PGTABLE
[    0.000000] BRK [0x3f431000, 0x3f431fff] PGTABLE
[    0.000000] BRK [0x3f432000, 0x3f432fff] PGTABLE
[    0.000000] BRK [0x3f433000, 0x3f433fff] PGTABLE
[    0.000000] BRK [0x3f434000, 0x3f434fff] PGTABLE
[    0.000000] BRK [0x3f435000, 0x3f435fff] PGTABLE
[    0.000000] log_buf_len: 16777216 bytes
[    0.000000] early log buf free: 2092604(99%)
[    0.000000] RAMDISK: [mem 0x37b83000-0x37db8fff]
[    0.000000] ACPI: Early table checksum verification disabled
[    0.000000] ACPI: RSDP 0x00000000000F0110 000024 (v02 LENOVO)
[    0.000000] ACPI: XSDT 0x00000000BF51A120 000074 (v01 LENOVO CB-01    00000001 LENO 00000001)
[    0.000000] ACPI: FACP 0x00000000BF508000 0000F4 (v04 LENOVO CB-01    00000001 PTL  00000001)
[    0.000000] ACPI: DSDT 0x00000000BF50A000 00FD10 (v01 LENOVO CB-01    00001000 LENO 00000001)
[    0.000000] ACPI: FACS 0x00000000BF478000 000040
[    0.000000] ACPI: FACS 0x00000000BF478000 000040
[    0.000000] ACPI: HPET 0x00000000BF507000 000038 (v01 LENOVO CB-01    00000001 PTL  00000001)
[    0.000000] ACPI: APIC 0x00000000BF506000 00007A (v02 LENOVO CB-01    00000001 PTL  00000001)
[    0.000000] ACPI: MCFG 0x00000000BF505000 00003C (v01 LENOVO CB-01    00000001 PTL  00000001)
[    0.000000] ACPI: SLIC 0x00000000BF504000 000176 (v01 LENOVO CB-01    00000001 LENO 00000001)
[    0.000000] ACPI: UEFI 0x00000000BF503000 00003E (v01 LENOVO CB-01    00000001 PTL  00000001)
[    0.000000] ACPI: UEFI 0x00000000BF502000 000042 (v01 PTL    COMBUF   00000001 PTL  00000001)
[    0.000000] ACPI: SSDT 0x00000000BF501000 000E34 (v01 AMD    POWERNOW 00000001 AMD  00000001)
[    0.000000] ACPI: SSDT 0x00000000BF4FF000 00193D (v02 AMD    ALIB     00000001 MSFT 04000000)
[    0.000000] ACPI: UEFI 0x00000000BF4FE000 0001DE (v01 LENOVO CB-01    00000001 PTL  00000001)
[    0.000000] ACPI: Local APIC address 0xfee00000
[    0.000000] mapped APIC to ffffffffff7fc000 (        fee00000)
[    0.000000] No NUMA configuration found
[    0.000000] Faking a node at [mem 0x0000000000000000-0x000000041effffff]
[    0.000000] NODE_DATA(0) allocated [mem 0x41dff9000-0x41dffcfff]
[    0.000000] Zone ranges:
[    0.000000]   DMA      [mem 0x0000000000001000-0x0000000000ffffff]
[    0.000000]   DMA32    [mem 0x0000000001000000-0x00000000ffffffff]
[    0.000000]   Normal   [mem 0x0000000100000000-0x000000041effffff]
[    0.000000] Movable zone start for each node
[    0.000000] Early memory node ranges
[    0.000000]   node   0: [mem 0x0000000000001000-0x000000000009cfff]
[    0.000000]   node   0: [mem 0x0000000000100000-0x00000000bed9afff]
[    0.000000]   node   0: [mem 0x00000000bf51b000-0x00000000bfdfffff]
[    0.000000]   node   0: [mem 0x0000000100000000-0x000000041effffff]
[    0.000000] Initmem setup node 0 [mem 0x0000000000001000-0x000000041effffff]
[    0.000000] On node 0 totalpages: 4056604
[    0.000000]   DMA zone: 64 pages used for memmap
[    0.000000]   DMA zone: 21 pages reserved
[    0.000000]   DMA zone: 3996 pages, LIFO batch:0
[    0.000000]   DMA32 zone: 12186 pages used for memmap
[    0.000000]   DMA32 zone: 779904 pages, LIFO batch:31
[    0.000000]   Normal zone: 51136 pages used for memmap
[    0.000000]   Normal zone: 3272704 pages, LIFO batch:31
[    0.000000] ACPI: PM-Timer IO Port: 0x808
[    0.000000] ACPI: Local APIC address 0xfee00000
[    0.000000] mapped APIC to ffffffffff7fc000 (        fee00000)
[    0.000000] ACPI: LAPIC (acpi_id[0x00] lapic_id[0x00] enabled)
[    0.000000] ACPI: LAPIC (acpi_id[0x01] lapic_id[0x01] enabled)
[    0.000000] ACPI: LAPIC (acpi_id[0x02] lapic_id[0x02] enabled)
[    0.000000] ACPI: LAPIC (acpi_id[0x03] lapic_id[0x03] enabled)
[    0.000000] ACPI: LAPIC_NMI (acpi_id[0x00] high edge lint[0x1])
[    0.000000] ACPI: LAPIC_NMI (acpi_id[0x01] high edge lint[0x1])
[    0.000000] ACPI: LAPIC_NMI (acpi_id[0x02] high edge lint[0x1])
[    0.000000] ACPI: LAPIC_NMI (acpi_id[0x03] high edge lint[0x1])
[    0.000000] ACPI: IOAPIC (id[0x02] address[0xfec00000] gsi_base[0])
[    0.000000] IOAPIC[0]: apic_id 2, version 33, address 0xfec00000, GSI 0-23
[    0.000000] ACPI: INT_SRC_OVR (bus 0 bus_irq 0 global_irq 2 dfl dfl)
[    0.000000] Int: type 0, pol 0, trig 0, bus 00, IRQ 00, APIC ID 2, APIC INT 02
[    0.000000] Int: type 0, pol 3, trig 3, bus 00, IRQ 09, APIC ID 2, APIC INT 09
[    0.000000] ACPI: IRQ0 used by override.
[    0.000000] Int: type 0, pol 0, trig 0, bus 00, IRQ 01, APIC ID 2, APIC INT 01
[    0.000000] Int: type 0, pol 0, trig 0, bus 00, IRQ 03, APIC ID 2, APIC INT 03
[    0.000000] Int: type 0, pol 0, trig 0, bus 00, IRQ 04, APIC ID 2, APIC INT 04
[    0.000000] Int: type 0, pol 0, trig 0, bus 00, IRQ 05, APIC ID 2, APIC INT 05
[    0.000000] Int: type 0, pol 0, trig 0, bus 00, IRQ 06, APIC ID 2, APIC INT 06
[    0.000000] Int: type 0, pol 0, trig 0, bus 00, IRQ 07, APIC ID 2, APIC INT 07
[    0.000000] Int: type 0, pol 0, trig 0, bus 00, IRQ 08, APIC ID 2, APIC INT 08
[    0.000000] ACPI: IRQ9 used by override.
[    0.000000] Int: type 0, pol 0, trig 0, bus 00, IRQ 0a, APIC ID 2, APIC INT 0a
[    0.000000] Int: type 0, pol 0, trig 0, bus 00, IRQ 0b, APIC ID 2, APIC INT 0b
[    0.000000] Int: type 0, pol 0, trig 0, bus 00, IRQ 0c, APIC ID 2, APIC INT 0c
[    0.000000] Int: type 0, pol 0, trig 0, bus 00, IRQ 0d, APIC ID 2, APIC INT 0d
[    0.000000] Int: type 0, pol 0, trig 0, bus 00, IRQ 0e, APIC ID 2, APIC INT 0e
[    0.000000] Int: type 0, pol 0, trig 0, bus 00, IRQ 0f, APIC ID 2, APIC INT 0f
[    0.000000] Using ACPI (MADT) for SMP configuration information
[    0.000000] ACPI: HPET id: 0x43538210 base: 0xfed00000
[    0.000000] smpboot: Allowing 4 CPUs, 0 hotplug CPUs
[    0.000000] mapped IOAPIC to ffffffffff7fb000 (fec00000)
[    0.000000] e820: [mem 0xc0000000-0xfebfffff] available for PCI devices
[    0.000000] clocksource: refined-jiffies: mask: 0xffffffff max_cycles: 0xffffffff, max_idle_ns: 1910969940391419 ns
[    0.000000] setup_percpu: NR_CPUS:64 nr_cpumask_bits:64 nr_cpu_ids:4 nr_node_ids:1
[    0.000000] percpu: Embedded 33 pages/cpu @ffff9be89dc00000 s95832 r8192 d31144 u524288
[    0.000000] pcpu-alloc: s95832 r8192 d31144 u524288 alloc=1*2097152
[    0.000000] pcpu-alloc: [0] 0 1 2 3 
[    0.000000] Built 1 zonelists in Node order, mobility grouping on.  Total pages: 3993197
[    0.000000] Policy zone: Normal
[    0.000000] Kernel command line: BOOT_IMAGE=/boot/vmlinuz-linux-git root=UUID=96efaea0-86dc-485a-af36-36706f9f3908 rw root_trim=yes rd.luks.allow-discards ipv6.disable=1 pnp.debug=1 loglevel=9 log_buf_len=10M printk.always_kmsg_dump=y printk.time=y printk.devkmsg=on mminit_loglevel=0 memory_corruption_check=1 nohz=on rcu_nocbs=1-3 fbcon=scrollback:4096k fbcon=font:ProFont6x11 apic=debug dynamic_debug.verbose=1 "dyndbg=file arch/x86/kernel/apic/* +pflmt ; file drivers/video/* +pflmt ; file drivers/input/* -pflmt ; file drivers/acpi/* -pflmt" acpi_backlight=vendor radeon.audio=0 radeon.lockup_timeout=999000 radeon.test=0 radeon.agpmode=-1 radeon.benchmark=0 radeon.tv=0 radeon.hard_reset=1 radeon.msi=1 radeon.pcie_gen2=-1 radeon.no_wb=1 radeon.dynclks=0 radeon.r4xx_atom=0 radeonfb radeon.fastfb=1 radeon.dpm=1 radeon.runpm=1 rd.debug rd.udev.debug rd.memdebug=3 net.ifnames=1 slub_debug=U pax_sanitize_slab=full noefi nolvm dobtrfs console=tty1 earlyprintk=vga CPUunderclocking radeon.modeset=1 
[    0.000000] PCIe ASPM is disabled
[    0.000000] PID hash table entries: 4096 (order: 3, 32768 bytes)
[    0.000000] Memory: 15870372K/16226416K available (7820K kernel code, 740K rwdata, 3032K rodata, 880K init, 2628K bss, 356044K reserved, 0K cma-reserved)
[    0.000000] SLUB: HWalign=64, Order=0-3, MinObjects=0, CPUs=4, Nodes=1
[    0.000000] Preemptible hierarchical RCU implementation.
[    0.000000] 	Build-time adjustment of leaf fanout to 64.
[    0.000000] 	RCU restricting CPUs from NR_CPUS=64 to nr_cpu_ids=4.
[    0.000000] RCU: Adjusting geometry for rcu_fanout_leaf=64, nr_cpu_ids=4
[    0.000000] NR_IRQS:4352 nr_irqs:456 16
[    0.000000] spurious 8259A interrupt: IRQ7.
[    0.000000] vgacon: allocated 4194304 bytes of memory for scrollback. CONFIG_VGACON_SOFT_SCROLLBACK_SIZE=4096
[    0.000000] Console: colour VGA+ 80x25
[    0.000000] console [tty1] enabled
[    0.000000] bootconsole [earlyvga0] disabled
[    0.000000] clocksource: hpet: mask: 0xffffffff max_cycles: 0xffffffff, max_idle_ns: 133484873504 ns
[    0.000000] hpet clockevent registered
[    0.000000] tsc: Fast TSC calibration using PIT
[    0.000000] tsc: Detected 1397.502 MHz processor
[    0.000047] Calibrating delay loop (skipped), value calculated using timer frequency.. 2795.00 BogoMIPS (lpj=1397502)
[    0.000256] pid_max: default: 32768 minimum: 301
[    0.000461] ACPI: Core revision 20160422
[    0.000647] ACPI: acpi_os_initialize: map reset_reg status 0
[    0.254661] random: fast init done
[    0.884128] ACPI: 3 ACPI AML tables successfully acquired and loaded

[    0.884716] Security Framework initialized
[    0.886643] Dentry cache hash table entries: 2097152 (order: 12, 16777216 bytes)
[    0.893421] Inode-cache hash table entries: 1048576 (order: 11, 8388608 bytes)
[    0.896637] Mount-cache hash table entries: 32768 (order: 6, 262144 bytes)
[    0.896827] Mountpoint-cache hash table entries: 32768 (order: 6, 262144 bytes)
[    0.899731] [Firmware Info]: CPU: 'AMD A6-3400M APU with Radeon(tm) HD Graphics' has AMD errata 665 Integer Divide Instruction May Cause Unpredictable Behavior.'
[    0.900002] [Firmware Info]: CPU: Double-checked CPU type. 'AMD A6-3400M APU with Radeon(tm) HD Graphics'
[    0.900178] [Firmware Info]: CPU: Setting workaround for 665...(set 'no665wo' in /proc/cmdline to disable)
[    0.900354] CPU: Physical Processor ID: 0
[    0.900481] CPU: Processor Core ID: 0
[    0.900616] mce: CPU supports 6 MCE banks
[    0.900780] Last level iTLB entries: 4KB 512, 2MB 16, 4MB 8
[    0.900958] Last level dTLB entries: 4KB 1024, 2MB 128, 4MB 64, 1GB 0
[    0.901319] Freeing SMP alternatives memory: 28K (ffffffffbe597000 - ffffffffbe59e000)
[    0.902298] smpboot: Max logical packages: 1
[    0.902474] smpboot: APIC(0) Converting physical 0 to logical package 0
[    0.902625] enabled ExtINT on CPU#0
[    0.902925] ENABLING IO-APIC IRQs
[    0.903065] init IO_APIC IRQs
[    0.903193]  apic 2 pin 0 not connected
[    0.903413] IOAPIC[0]: Set routing entry (2-1 -> 0x31 -> IRQ 1 Mode:0 Active:0 Dest:1)
[    0.903695] IOAPIC[0]: Set routing entry (2-2 -> 0x30 -> IRQ 0 Mode:0 Active:0 Dest:1)
[    0.903907] IOAPIC[0]: Set routing entry (2-3 -> 0x33 -> IRQ 3 Mode:0 Active:0 Dest:1)
[    0.904118] IOAPIC[0]: Set routing entry (2-4 -> 0x34 -> IRQ 4 Mode:0 Active:0 Dest:1)
[    0.904330] IOAPIC[0]: Set routing entry (2-5 -> 0x35 -> IRQ 5 Mode:0 Active:0 Dest:1)
[    0.904541] IOAPIC[0]: Set routing entry (2-6 -> 0x36 -> IRQ 6 Mode:0 Active:0 Dest:1)
[    0.904812] IOAPIC[0]: Set routing entry (2-7 -> 0x37 -> IRQ 7 Mode:0 Active:0 Dest:1)
[    0.905026] IOAPIC[0]: Set routing entry (2-8 -> 0x38 -> IRQ 8 Mode:0 Active:0 Dest:1)
[    0.905227] IOAPIC[0]: Set routing entry (2-9 -> 0x39 -> IRQ 9 Mode:1 Active:1 Dest:1)
[    0.905428] IOAPIC[0]: Set routing entry (2-10 -> 0x3a -> IRQ 10 Mode:0 Active:0 Dest:1)
[    0.905629] IOAPIC[0]: Set routing entry (2-11 -> 0x3b -> IRQ 11 Mode:0 Active:0 Dest:1)
[    0.905828] IOAPIC[0]: Set routing entry (2-12 -> 0x3c -> IRQ 12 Mode:0 Active:0 Dest:1)
[    0.906028] IOAPIC[0]: Set routing entry (2-13 -> 0x3d -> IRQ 13 Mode:0 Active:0 Dest:1)
[    0.906227] IOAPIC[0]: Set routing entry (2-14 -> 0x3e -> IRQ 14 Mode:0 Active:0 Dest:1)
[    0.906426] IOAPIC[0]: Set routing entry (2-15 -> 0x3f -> IRQ 15 Mode:0 Active:0 Dest:1)
[    0.906590]  apic 2 pin 16 not connected
[    0.906711]  apic 2 pin 17 not connected
[    0.906832]  apic 2 pin 18 not connected
[    0.906953]  apic 2 pin 19 not connected
[    0.907073]  apic 2 pin 20 not connected
[    0.907194]  apic 2 pin 21 not connected
[    0.907314]  apic 2 pin 22 not connected
[    0.907435]  apic 2 pin 23 not connected
[    0.907733] ..TIMER: vector=0x30 apic1=0 pin1=2 apic2=-1 pin2=-1
[    0.917861] Using local APIC timer interrupts.
               calibrating APIC timer ...
[    1.019622] ... lapic delta = 1247696
[    1.019750] ... PM-Timer delta = 357944
[    1.019878] ... PM-Timer result ok
[    1.020007] ..... delta 1247696
[    1.020135] ..... mult: 53588135
[    1.020262] ..... calibration result: 199631
[    1.020391] ..... CPU clock speed is 1397.0418 MHz.
[    1.020521] ..... host bus clock speed is 199.0631 MHz.
[    1.020616] smpboot: CPU0: AMD A6-3400M APU with Radeon(tm) HD Graphics (family: 0x12, model: 0x1, stepping: 0x0)
[    1.020946] Performance Events: AMD PMU driver.
[    1.021112] ... version:                0
[    1.021240] ... bit width:              48
[    1.021368] ... generic registers:      4
[    1.021496] ... value mask:             0000ffffffffffff
[    1.021630] ... max period:             00007fffffffffff
[    1.021760] ... fixed-purpose events:   0
[    1.021888] ... event mask:             000000000000000f
[    1.027840] dynamic_debug:ddebug_add_module: 2 debug prints in module main
[    1.028039] dynamic_debug:ddebug_add_module: 1 debug prints in module initramfs
[    1.028221] dynamic_debug:ddebug_add_module: 3 debug prints in module ibs
[    1.028353] dynamic_debug:ddebug_add_module: 1 debug prints in module common
[    1.028495] dynamic_debug:ddebug_add_module: 1 debug prints in module amd
[    1.028633] dynamic_debug:ddebug_add_module: 2 debug prints in module main
[    1.028768] dynamic_debug:ddebug_add_module: 7 debug prints in module generic
[    1.028903] dynamic_debug:ddebug_add_module: 15 debug prints in module cleanup
[    1.029081] dynamic_debug:ddebug_add_module: 8 debug prints in module microcode
[    1.029263] dynamic_debug:ddebug_add_module: 3 debug prints in module boot
[    1.029409] dynamic_debug:ddebug_add_module: 22 debug prints in module smpboot
[    1.029589] dynamic_debug:ddebug_add_module: 1 debug prints in module tsc_sync
[    1.029758] dynamic_debug:ddebug_add_module: 2 debug prints in module setup_percpu
[    1.029924] dynamic_debug:ddebug_add_module: 30 debug prints in module vector
[    1.030049] dynamic_debug:ddebug_add_module: 2 debug prints in module init
[    1.030174] dynamic_debug:ddebug_add_module: 6 debug prints in module init_64
[    1.030298] dynamic_debug:ddebug_add_module: 1 debug prints in module numa
[    1.030422] dynamic_debug:ddebug_add_module: 4 debug prints in module params
[    1.030547] dynamic_debug:ddebug_add_module: 4 debug prints in module async
[    1.030678] dynamic_debug:ddebug_add_module: 1 debug prints in module manage
[    1.030809] dynamic_debug:ddebug_add_module: 14 debug prints in module irqdomain
[    1.030977] dynamic_debug:ddebug_add_module: 2 debug prints in module msi
[    1.031109] dynamic_debug:ddebug_add_module: 2 debug prints in module freezer
[    1.031245] dynamic_debug:ddebug_add_module: 19 debug prints in module module
[    1.031373] dynamic_debug:ddebug_add_module: 1 debug prints in module cgroup
[    1.031498] dynamic_debug:ddebug_add_module: 6 debug prints in module mempolicy
[    1.031674] dynamic_debug:ddebug_add_module: 1 debug prints in module sparse_vmemmap
[    1.031837] dynamic_debug:ddebug_add_module: 1 debug prints in module vmpressure
[    1.031999] dynamic_debug:ddebug_add_module: 1 debug prints in module fsnotify
[    1.032162] dynamic_debug:ddebug_add_module: 2 debug prints in module notification
[    1.032327] dynamic_debug:ddebug_add_module: 1 debug prints in module inotify_fsnotify
[    1.032495] dynamic_debug:ddebug_add_module: 5 debug prints in module inotify_user
[    1.032668] dynamic_debug:ddebug_add_module: 6 debug prints in module fanotify
[    1.032830] dynamic_debug:ddebug_add_module: 13 debug prints in module fanotify_user
[    1.032993] dynamic_debug:ddebug_add_module: 20 debug prints in module aio
[    1.033120] dynamic_debug:ddebug_add_module: 14 debug prints in module binfmt_misc
[    1.033279] dynamic_debug:ddebug_add_module: 2 debug prints in module mount
[    1.033404] dynamic_debug:ddebug_add_module: 1 debug prints in module dir
[    1.033530] dynamic_debug:ddebug_add_module: 8 debug prints in module configfs
[    1.033692] dynamic_debug:ddebug_add_module: 1 debug prints in module debugfs
[    1.033828] dynamic_debug:ddebug_add_module: 22 debug prints in module btrfs
[    1.033959] dynamic_debug:ddebug_add_module: 2 debug prints in module ramoops
[    1.034087] dynamic_debug:ddebug_add_module: 1 debug prints in module inode
[    1.034212] dynamic_debug:ddebug_add_module: 6 debug prints in module asymmetric_keys
[    1.034374] dynamic_debug:ddebug_add_module: 13 debug prints in module x509_key_parser
[    1.034535] dynamic_debug:ddebug_add_module: 13 debug prints in module efi
[    1.034661] dynamic_debug:ddebug_add_module: 1 debug prints in module decompress
[    1.034820] dynamic_debug:ddebug_add_module: 10 debug prints in module kobject
[    1.034984] dynamic_debug:ddebug_add_module: 6 debug prints in module kobject_uevent
[    1.035148] dynamic_debug:ddebug_add_module: 1 debug prints in module list_sort
[    1.035312] dynamic_debug:ddebug_add_module: 1 debug prints in module percpu_refcount
[    1.035476] dynamic_debug:ddebug_add_module: 11 debug prints in module asn1_decoder
[    1.035640] dynamic_debug:ddebug_add_module: 5 debug prints in module probe
[    1.035772] dynamic_debug:ddebug_add_module: 4 debug prints in module pci
[    1.035902] dynamic_debug:ddebug_add_module: 1 debug prints in module pci_driver
[    1.036067] dynamic_debug:ddebug_add_module: 3 debug prints in module slot
[    1.036192] dynamic_debug:ddebug_add_module: 3 debug prints in module quirks
[    1.036317] dynamic_debug:ddebug_add_module: 2 debug prints in module pme
[    1.036442] dynamic_debug:ddebug_add_module: 1 debug prints in module pci_hotplug
[    1.038517] dynamic_debug:ddebug_add_module: 12 debug prints in module acpiphp
[    1.038680] dynamic_debug:ddebug_add_module: 1 debug prints in module htirq
[    1.038809] dynamic_debug:ddebug_add_module: 1 debug prints in module pci_acpi
[    1.038971] dynamic_debug:ddebug_add_module: 3 debug prints in module backlight
[    1.039145] dynamic_debug:ddebug_add_module: 4 debug prints in module fb
[    1.039278] dynamic_debug:ddebug_add_module: 7 debug prints in module tables
[    1.039414] dynamic_debug:ddebug_add_module: 48 debug prints in module acpi
[    1.039539] dynamic_debug:ddebug_add_module: 3 debug prints in module fan
[    1.039665] dynamic_debug:ddebug_add_module: 1 debug prints in module video
[    1.039790] dynamic_debug:ddebug_add_module: 4 debug prints in module pci_slot
[    1.039952] dynamic_debug:ddebug_add_module: 7 debug prints in module processor
[    1.040119] dynamic_debug:ddebug_add_module: 4 debug prints in module pnp
[    1.040244] dynamic_debug:ddebug_add_module: 3 debug prints in module acpi_dma
[    1.040415] dynamic_debug:ddebug_add_module: 11 debug prints in module core
[    1.040548] dynamic_debug:ddebug_add_module: 1 debug prints in module fixed
[    1.040684] dynamic_debug:ddebug_add_module: 6 debug prints in module virtual
[    1.040812] dynamic_debug:ddebug_add_module: 3 debug prints in module lp3971
[    1.040937] dynamic_debug:ddebug_add_module: 3 debug prints in module lp3972
[    1.041063] dynamic_debug:ddebug_add_module: 6 debug prints in module tty_io
[    1.041187] dynamic_debug:ddebug_add_module: 1 debug prints in module vt_ioctl
[    1.041349] dynamic_debug:ddebug_add_module: 5 debug prints in module serial_core
[    1.041512] dynamic_debug:ddebug_add_module: 4 debug prints in module 8250
[    1.041640] dynamic_debug:ddebug_add_module: 5 debug prints in module 8250_base
[    1.041801] dynamic_debug:ddebug_add_module: 1 debug prints in module tpm
[    1.041935] dynamic_debug:ddebug_add_module: 10 debug prints in module tpm_tis_core
[    1.042107] dynamic_debug:ddebug_add_module: 2 debug prints in module dmar
[    1.042236] dynamic_debug:ddebug_add_module: 3 debug prints in module drm
[    1.042360] dynamic_debug:ddebug_add_module: 3 debug prints in module ttm
[    1.042485] dynamic_debug:ddebug_add_module: 2 debug prints in module radeon
[    1.042613] dynamic_debug:ddebug_add_module: 17 debug prints in module vgaarb
[    1.042737] dynamic_debug:ddebug_add_module: 7 debug prints in module component
[    1.042901] dynamic_debug:ddebug_add_module: 11 debug prints in module core
[    1.043025] dynamic_debug:ddebug_add_module: 9 debug prints in module bus
[    1.043154] dynamic_debug:ddebug_add_module: 17 debug prints in module dd
[    1.043284] dynamic_debug:ddebug_add_module: 5 debug prints in module class
[    1.043409] dynamic_debug:ddebug_add_module: 4 debug prints in module platform
[    1.043584] dynamic_debug:ddebug_add_module: 7 debug prints in module firmware_class
[    1.043759] dynamic_debug:ddebug_add_module: 1 debug prints in module regmap
[    1.043886] dynamic_debug:ddebug_add_module: 7 debug prints in module regcache
[    1.044048] dynamic_debug:ddebug_add_module: 1 debug prints in module regcache_lzo
[    1.044210] dynamic_debug:ddebug_add_module: 1 debug prints in module dma_buf
[    1.044334] dynamic_debug:ddebug_add_module: 3 debug prints in module scsi_mod
[    1.044497] dynamic_debug:ddebug_add_module: 2 debug prints in module libphy
[    1.044623] dynamic_debug:ddebug_add_module: 1 debug prints in module r8169
[    1.044758] dynamic_debug:ddebug_add_module: 98 debug prints in module cdrom
[    1.044925] dynamic_debug:ddebug_add_module: 150 debug prints in module usbcore
[    1.045144] dynamic_debug:ddebug_add_module: 5 debug prints in module phy
[    1.045273] dynamic_debug:ddebug_add_module: 10 debug prints in module pci_quirks
[    1.045443] dynamic_debug:ddebug_add_module: 55 debug prints in module ehci_hcd
[    1.045604] dynamic_debug:ddebug_add_module: 2 debug prints in module ehci_pci
[    1.045775] dynamic_debug:ddebug_add_module: 46 debug prints in module ohci_hcd
[    1.045979] dynamic_debug:ddebug_add_module: 263 debug prints in module xhci_hcd
[    1.046192] dynamic_debug:ddebug_add_module: 3 debug prints in module xhci_pci
[    1.046360] dynamic_debug:ddebug_add_module: 10 debug prints in module usb_storage
[    1.046525] dynamic_debug:ddebug_add_module: 1 debug prints in module ums_realtek
[    1.046697] dynamic_debug:ddebug_add_module: 6 debug prints in module input_core
[    1.046870] dynamic_debug:ddebug_add_module: 4 debug prints in module atkbd
[    1.047007] dynamic_debug:ddebug_add_module: 15 debug prints in module psmouse
[    1.047175] dynamic_debug:ddebug_add_module: 7 debug prints in module rtc_core
[    1.047338] dynamic_debug:ddebug_add_module: 5 debug prints in module rtc_cmos
[    1.047500] dynamic_debug:ddebug_add_module: 1 debug prints in module i2c_boardinfo
[    1.047667] dynamic_debug:ddebug_add_module: 20 debug prints in module i2c_core
[    1.047829] dynamic_debug:ddebug_add_module: 2 debug prints in module i2c_smbus
[    1.047994] dynamic_debug:ddebug_add_module: 17 debug prints in module i2c_algo_bit
[    1.048162] dynamic_debug:ddebug_add_module: 11 debug prints in module power_supply
[    1.048327] dynamic_debug:ddebug_add_module: 1 debug prints in module hwmon
[    1.048460] dynamic_debug:ddebug_add_module: 9 debug prints in module thermal_sys
[    1.048630] dynamic_debug:ddebug_add_module: 43 debug prints in module cpufreq
[    1.048806] dynamic_debug:ddebug_add_module: 9 debug prints in module freq_table
[    1.048977] dynamic_debug:ddebug_add_module: 2 debug prints in module cpufreq_stats
[    1.049138] dynamic_debug:ddebug_add_module: 1 debug prints in module cpufreq_performance
[    1.049299] dynamic_debug:ddebug_add_module: 22 debug prints in module acpi_cpufreq
[    1.049458] dynamic_debug:ddebug_add_module: 3 debug prints in module dmi_scan
[    1.049620] dynamic_debug:ddebug_add_module: 1 debug prints in module hid
[    1.049745] dynamic_debug:ddebug_add_module: 8 debug prints in module usbhid
[    1.049869] dynamic_debug:ddebug_add_module: 2 debug prints in module i386
[    1.049993] dynamic_debug:ddebug_add_module: 2 debug prints in module fixup
[    1.050124] dynamic_debug:ddebug_add_module: 7 debug prints in module irq
[    1.050248] dynamic_debug:ddebug_add_module: 1 debug prints in module sock
[    1.050383] dynamic_debug:ddebug_add_module: 17 debug prints in module dev
[    1.050515] dynamic_debug:ddebug_add_module: 2 debug prints in module sch_api
[    1.050645] dynamic_debug:ddebug_add_module: 1 debug prints in module act_api
[    1.050770] dynamic_debug:ddebug_add_module: 1 debug prints in module route
[    1.050894] dynamic_debug:ddebug_add_module: 1 debug prints in module ip_fragment
[    1.051054] dynamic_debug:ddebug_add_module: 1 debug prints in module ip_output
[    1.051212] dynamic_debug:ddebug_add_module: 1 debug prints in module tcp
[    1.051337] dynamic_debug:ddebug_add_module: 5 debug prints in module tcp_input
[    1.051496] dynamic_debug:ddebug_add_module: 3 debug prints in module tcp_output
[    1.051656] dynamic_debug:ddebug_add_module: 2 debug prints in module tcp_timer
[    1.051822] dynamic_debug:ddebug_add_module: 1 debug prints in module tcp_ipv4
[    1.051984] dynamic_debug:ddebug_add_module: 1 debug prints in module tcp_cong
[    1.052148] dynamic_debug:ddebug_add_module: 8 debug prints in module udp
[    1.052278] dynamic_debug:ddebug_add_module: 1 debug prints in module arp
[    1.052403] dynamic_debug:ddebug_add_module: 2 debug prints in module icmp
[    1.052531] dynamic_debug:ddebug_add_module: 1 debug prints in module devinet
[    1.052666] dynamic_debug:ddebug_add_module: 8 debug prints in module fib_trie
[    1.052832] dynamic_debug:ddebug_add_module: 1 debug prints in module inet_fragment
[    1.052993] dynamic_debug:ddebug_add_module: 24 debug prints in module ping
[    1.053117] dynamic_debug:ddebug_add_module: 1 debug prints in module sysctl_net_ipv4
[    1.053280] dynamic_debug:ddebug_add_module: 2 debug prints in module ip6_checksum
[    1.053437] dynamic_debug:dynamic_debug_init: 158 modules, 1525 entries and 6320 bytes in ddebug tables, 122011 bytes in (readonly) verbose section
[    1.053607] dynamic_debug:ddebug_dyndbg_boot_param_cb: BOOT_IMAGE="/boot/vmlinuz-linux-git"
[    1.053766] dynamic_debug:ddebug_dyndbg_boot_param_cb: root="UUID=96efaea0-86dc-485a-af36-36706f9f3908"
[    1.053925] dynamic_debug:ddebug_dyndbg_boot_param_cb: rw="(null)"
[    1.054048] dynamic_debug:ddebug_dyndbg_boot_param_cb: root_trim="yes"
[    1.054172] dynamic_debug:ddebug_dyndbg_boot_param_cb: rd.luks.allow-discards="(null)"
[    1.054335] dynamic_debug:ddebug_dyndbg_boot_param_cb: ipv6.disable="1"
[    1.054455] dynamic_debug:ddebug_dyndbg_boot_param_cb: pnp.debug="1"
[    1.054574] dynamic_debug:ddebug_dyndbg_boot_param_cb: loglevel="9"
[    1.054695] dynamic_debug:ddebug_dyndbg_boot_param_cb: log_buf_len="10M"
[    1.054814] dynamic_debug:ddebug_dyndbg_boot_param_cb: printk.always_kmsg_dump="y"
[    1.054971] dynamic_debug:ddebug_dyndbg_boot_param_cb: printk.time="y"
[    1.055090] dynamic_debug:ddebug_dyndbg_boot_param_cb: printk.devkmsg="on"
[    1.055209] dynamic_debug:ddebug_dyndbg_boot_param_cb: mminit_loglevel="0"
[    1.055329] dynamic_debug:ddebug_dyndbg_boot_param_cb: memory_corruption_check="1"
[    1.055487] dynamic_debug:ddebug_dyndbg_boot_param_cb: nohz="on"
[    1.055613] dynamic_debug:ddebug_dyndbg_boot_param_cb: rcu_nocbs="1-3"
[    1.055736] dynamic_debug:ddebug_dyndbg_boot_param_cb: fbcon="scrollback:4096k"
[    1.055900] dynamic_debug:ddebug_dyndbg_boot_param_cb: fbcon="font:ProFont6x11"
[    1.057968] dynamic_debug:ddebug_dyndbg_boot_param_cb: apic="debug"
[    1.058087] dynamic_debug:ddebug_dyndbg_boot_param_cb: dynamic_debug.verbose="1"
[    1.058244] dynamic_debug:ddebug_dyndbg_boot_param_cb: dyndbg="file arch/x86/kernel/apic/* +pflmt ; file drivers/video/* +pflmt ; file drivers/input/* -pflmt ; file drivers/acpi/* -pflmt"
[    1.058445] dynamic_debug:ddebug_exec_queries: query 0: "file arch/x86/kernel/apic/* +pflmt "
[    1.058606] dynamic_debug:ddebug_tokenize: split into words: "file" "arch/x86/kernel/apic/*" "+pflmt"
[    1.058845] dynamic_debug:ddebug_parse_flags: op='+'
[    1.058967] dynamic_debug:ddebug_parse_flags: flags=0x1f
[    1.059086] dynamic_debug:ddebug_parse_flags: *flagsp=0x1f *maskp=0xffffffff
[    1.059209] dynamic_debug:vpr_info_dq: parsed: func="" file="arch/x86/kernel/apic/*" module="" format="" lineno=0-0
[    1.059394] dynamic_debug:ddebug_change: changed arch/x86/kernel/apic/vector.c:919 [vector]print_PIC =pmflt
[    1.059566] dynamic_debug:ddebug_change: changed arch/x86/kernel/apic/vector.c:916 [vector]print_PIC =pmflt
[    1.059741] dynamic_debug:ddebug_change: changed arch/x86/kernel/apic/vector.c:906 [vector]print_PIC =pmflt
[    1.059907] dynamic_debug:ddebug_change: changed arch/x86/kernel/apic/vector.c:903 [vector]print_PIC =pmflt
[    1.060069] dynamic_debug:ddebug_change: changed arch/x86/kernel/apic/vector.c:898 [vector]print_PIC =pmflt
[    1.060232] dynamic_debug:ddebug_change: changed arch/x86/kernel/apic/vector.c:868 [vector]print_local_APIC =pmflt
[    1.060395] dynamic_debug:ddebug_change: changed arch/x86/kernel/apic/vector.c:865 [vector]print_local_APIC =pmflt
[    1.060558] dynamic_debug:ddebug_change: changed arch/x86/kernel/apic/vector.c:863 [vector]print_local_APIC =pmflt
[    1.060723] dynamic_debug:ddebug_change: changed arch/x86/kernel/apic/vector.c:858 [vector]print_local_APIC =pmflt
[    1.060890] dynamic_debug:ddebug_change: changed arch/x86/kernel/apic/vector.c:856 [vector]print_local_APIC =pmflt
[    1.061059] dynamic_debug:ddebug_change: changed arch/x86/kernel/apic/vector.c:854 [vector]print_local_APIC =pmflt
[    1.061225] dynamic_debug:ddebug_change: changed arch/x86/kernel/apic/vector.c:850 [vector]print_local_APIC =pmflt
[    1.061389] dynamic_debug:ddebug_change: changed arch/x86/kernel/apic/vector.c:845 [vector]print_local_APIC =pmflt
[    1.061562] dynamic_debug:ddebug_change: changed arch/x86/kernel/apic/vector.c:843 [vector]print_local_APIC =pmflt
[    1.061737] dynamic_debug:ddebug_change: changed arch/x86/kernel/apic/vector.c:840 [vector]print_local_APIC =pmflt
[    1.061904] dynamic_debug:ddebug_change: changed arch/x86/kernel/apic/vector.c:835 [vector]print_local_APIC =pmflt
[    1.062068] dynamic_debug:ddebug_change: changed arch/x86/kernel/apic/vector.c:832 [vector]print_local_APIC =pmflt
[    1.062231] dynamic_debug:ddebug_change: changed arch/x86/kernel/apic/vector.c:831 [vector]print_local_APIC =pmflt
[    1.062395] dynamic_debug:ddebug_change: changed arch/x86/kernel/apic/vector.c:827 [vector]print_local_APIC =pmflt
[    1.062559] dynamic_debug:ddebug_change: changed arch/x86/kernel/apic/vector.c:817 [vector]print_local_APIC =pmflt
[    1.062724] dynamic_debug:ddebug_change: changed arch/x86/kernel/apic/vector.c:815 [vector]print_local_APIC =pmflt
[    1.062888] dynamic_debug:ddebug_change: changed arch/x86/kernel/apic/vector.c:813 [vector]print_local_APIC =pmflt
[    1.063063] dynamic_debug:ddebug_change: changed arch/x86/kernel/apic/vector.c:811 [vector]print_local_APIC =pmflt
[    1.063235] dynamic_debug:ddebug_change: changed arch/x86/kernel/apic/vector.c:808 [vector]print_local_APIC =pmflt
[    1.063402] dynamic_debug:ddebug_change: changed arch/x86/kernel/apic/vector.c:805 [vector]print_local_APIC =pmflt
[    1.063565] dynamic_debug:ddebug_change: changed arch/x86/kernel/apic/vector.c:801 [vector]print_local_APIC =pmflt
[    1.063730] dynamic_debug:ddebug_change: changed arch/x86/kernel/apic/vector.c:792 [vector]print_local_APIC =pmflt
[    1.063894] dynamic_debug:ddebug_change: changed arch/x86/kernel/apic/vector.c:789 [vector]print_local_APIC =pmflt
[    1.064058] dynamic_debug:ddebug_change: changed arch/x86/kernel/apic/vector.c:782 [vector]print_local_APIC =pmflt
[    1.064221] dynamic_debug:ddebug_change: changed arch/x86/kernel/apic/vector.c:773 [vector]print_local_APIC =pmflt
[    1.064504] dynamic_debug:vpr_info_dq: applied: func="" file="arch/x86/kernel/apic/*" module="" format="" lineno=0-0
[    1.064721] dynamic_debug:ddebug_exec_queries: query 1: "file drivers/video/* +pflmt "
[    1.064883] dynamic_debug:ddebug_tokenize: split into words: "file" "drivers/video/*" "+pflmt"
[    1.065113] dynamic_debug:ddebug_parse_flags: op='+'
[    1.065233] dynamic_debug:ddebug_parse_flags: flags=0x1f
[    1.065352] dynamic_debug:ddebug_parse_flags: *flagsp=0x1f *maskp=0xffffffff
[    1.065472] dynamic_debug:vpr_info_dq: parsed: func="" file="drivers/video/*" module="" format="" lineno=0-0
[    1.065657] dynamic_debug:ddebug_change: changed drivers/video/backlight/backlight.c:333 [backlight]backlight_device_register =pmflt
[    1.065819] dynamic_debug:ddebug_change: changed drivers/video/backlight/backlight.c:177 [backlight]backlight_device_set_brightness =pmflt
[    1.065989] dynamic_debug:ddebug_change: changed drivers/video/backlight/backlight.c:146 [backlight]bl_power_store =pmflt
[    1.066158] dynamic_debug:ddebug_change: changed drivers/video/fbdev/core/fbmon.c:1082 [fb]fb_edid_add_monspecs =pmflt
[    1.066325] dynamic_debug:ddebug_change: changed drivers/video/fbdev/core/fbmon.c:1070 [fb]fb_edid_add_monspecs =pmflt
[    1.066485] dynamic_debug:ddebug_change: changed drivers/video/fbdev/core/fbmon.c:1033 [fb]fb_edid_add_monspecs =pmflt
[    1.066648] dynamic_debug:ddebug_change: changed drivers/video/fbdev/core/fbmon.c:1027 [fb]fb_edid_add_monspecs =pmflt
[    1.066920] dynamic_debug:vpr_info_dq: applied: func="" file="drivers/video/*" module="" format="" lineno=0-0
[    1.067126] dynamic_debug:ddebug_exec_queries: query 2: "file drivers/input/* -pflmt "
[    1.067279] dynamic_debug:ddebug_tokenize: split into words: "file" "drivers/input/*" "-pflmt"
[    1.067564] dynamic_debug:ddebug_parse_flags: op='-'
[    1.067685] dynamic_debug:ddebug_parse_flags: flags=0x1f
[    1.067755] dynamic_debug:ddebug_parse_flags: *flagsp=0x0 *maskp=0xffffffe0
[    1.067874] dynamic_debug:vpr_info_dq: parsed: func="" file="drivers/input/*" module="" format="" lineno=0-0
[    1.068164] dynamic_debug:vpr_info_dq: applied: func="" file="drivers/input/*" module="" format="" lineno=0-0
[    1.068365] dynamic_debug:ddebug_exec_queries: query 3: "file drivers/acpi/* -pflmt"
[    1.068525] dynamic_debug:ddebug_tokenize: split into words: "file" "drivers/acpi/*" "-pflmt"
[    1.068766] dynamic_debug:ddebug_parse_flags: op='-'
[    1.068884] dynamic_debug:ddebug_parse_flags: flags=0x1f
[    1.068953] dynamic_debug:ddebug_parse_flags: *flagsp=0x0 *maskp=0xffffffe0
[    1.069072] dynamic_debug:vpr_info_dq: parsed: func="" file="drivers/acpi/*" module="" format="" lineno=0-0
[    1.069255] dynamic_debug:ddebug_change: changed drivers/acpi/tables.c:211 [tables]acpi_table_print_madt_entry =_
[    1.069414] dynamic_debug:ddebug_change: changed drivers/acpi/tables.c:200 [tables]acpi_table_print_madt_entry =_
[    1.069574] dynamic_debug:ddebug_change: changed drivers/acpi/tables.c:177 [tables]acpi_table_print_madt_entry =_
[    1.069735] dynamic_debug:ddebug_change: changed drivers/acpi/tables.c:167 [tables]acpi_table_print_madt_entry =_
[    1.069899] dynamic_debug:ddebug_change: changed drivers/acpi/tables.c:92 [tables]acpi_table_print_madt_entry =_
[    1.070062] dynamic_debug:ddebug_change: changed drivers/acpi/tables.c:83 [tables]acpi_table_print_madt_entry =_
[    1.070235] dynamic_debug:ddebug_change: changed drivers/acpi/tables.c:73 [tables]acpi_table_print_madt_entry =_
[    1.070408] dynamic_debug:ddebug_change: changed drivers/acpi/osl.c:1644 [acpi]acpi_os_initialize =_
[    1.070575] dynamic_debug:ddebug_change: changed drivers/acpi/device_pm.c:734 [acpi]acpi_pm_device_run_wake =_
[    1.070740] dynamic_debug:ddebug_change: changed drivers/acpi/device_pm.c:633 [acpi]acpi_pm_device_sleep_state =_
[    1.070903] dynamic_debug:ddebug_change: changed drivers/acpi/bus.c:190 [acpi]acpi_print_osc_error =_
[    1.071066] dynamic_debug:ddebug_change: changed drivers/acpi/bus.c:188 [acpi]acpi_print_osc_error =_
[    1.071228] dynamic_debug:ddebug_change: changed drivers/acpi/bus.c:186 [acpi]acpi_print_osc_error =_
[    1.071391] dynamic_debug:ddebug_change: changed drivers/acpi/scan.c:1640 [acpi]acpi_device_dep_initialize =_
[    1.071554] dynamic_debug:ddebug_change: changed drivers/acpi/scan.c:1630 [acpi]acpi_device_dep_initialize =_
[    1.071726] dynamic_debug:ddebug_change: changed drivers/acpi/resource.c:230 [acpi]acpi_decode_space =_
[    1.071892] dynamic_debug:ddebug_change: changed drivers/acpi/resource.c:217 [acpi]acpi_decode_space =_
[    1.072057] dynamic_debug:ddebug_change: changed drivers/acpi/resource.c:61 [acpi]acpi_dev_resource_len_valid =_
[    1.072227] dynamic_debug:ddebug_change: changed drivers/acpi/ec.c:1557 [acpi]ec_correct_ecdt =_
[    1.072397] dynamic_debug:ddebug_change: changed drivers/acpi/ec.c:1544 [acpi]ec_clear_on_resume =_
[    1.072566] dynamic_debug:ddebug_change: changed drivers/acpi/ec.c:1165 [acpi]acpi_ec_event_handler =_
[    1.072731] dynamic_debug:ddebug_change: changed drivers/acpi/ec.c:1143 [acpi]acpi_ec_event_handler =_
[    1.072893] dynamic_debug:ddebug_change: changed drivers/acpi/ec.c:1108 [acpi]acpi_ec_query =_
[    1.073054] dynamic_debug:ddebug_change: changed drivers/acpi/ec.c:1106 [acpi]acpi_ec_query =_
[    1.073217] dynamic_debug:ddebug_change: changed drivers/acpi/ec.c:1066 [acpi]acpi_ec_event_processor =_
[    1.073380] dynamic_debug:ddebug_change: changed drivers/acpi/ec.c:1061 [acpi]acpi_ec_event_processor =_
[    1.073542] dynamic_debug:ddebug_change: changed drivers/acpi/ec.c:898 [acpi]acpi_ec_stop =_
[    1.073714] dynamic_debug:ddebug_change: changed drivers/acpi/ec.c:890 [acpi]acpi_ec_stop =_
[    1.073884] dynamic_debug:ddebug_change: changed drivers/acpi/ec.c:866 [acpi]acpi_ec_start =_
[    1.075963] dynamic_debug:ddebug_change: changed drivers/acpi/ec.c:862 [acpi]acpi_ec_start =_
[    1.076124] dynamic_debug:ddebug_change: changed drivers/acpi/ec.c:703 [acpi]acpi_ec_transaction_unlocked =_
[    1.076287] dynamic_debug:ddebug_change: changed drivers/acpi/ec.c:699 [acpi]acpi_ec_transaction_unlocked =_
[    1.076449] dynamic_debug:ddebug_change: changed drivers/acpi/ec.c:690 [acpi]acpi_ec_transaction_unlocked =_
[    1.076614] dynamic_debug:ddebug_change: changed drivers/acpi/ec.c:687 [acpi]acpi_ec_transaction_unlocked =_
[    1.076787] dynamic_debug:ddebug_change: changed drivers/acpi/ec.c:666 [acpi]ec_poll =_
[    1.076957] dynamic_debug:ddebug_change: changed drivers/acpi/ec.c:561 [acpi]advance_transaction =_
[    1.077123] dynamic_debug:ddebug_change: changed drivers/acpi/ec.c:525 [acpi]advance_transaction =_
[    1.077285] dynamic_debug:ddebug_change: changed drivers/acpi/ec.c:445 [acpi]acpi_ec_complete_query =_
[    1.077448] dynamic_debug:ddebug_change: changed drivers/acpi/ec.c:434 [acpi]acpi_ec_submit_query =_
[    1.077612] dynamic_debug:ddebug_change: changed drivers/acpi/ec.c:407 [acpi]acpi_ec_clear_storm =_
[    1.077774] dynamic_debug:ddebug_change: changed drivers/acpi/ec.c:397 [acpi]acpi_ec_set_storm =_
[    1.077944] dynamic_debug:ddebug_change: changed drivers/acpi/ec.c:336 [acpi]acpi_ec_enable_gpe =_
[    1.078107] dynamic_debug:ddebug_change: changed drivers/acpi/ec.c:284 [acpi]acpi_ec_write_data =_
[    1.078278] dynamic_debug:ddebug_change: changed drivers/acpi/ec.c:277 [acpi]acpi_ec_write_cmd =_
[    1.078448] dynamic_debug:ddebug_change: changed drivers/acpi/ec.c:271 [acpi]acpi_ec_read_data =_
[    1.078621] dynamic_debug:ddebug_change: changed drivers/acpi/ec.c:262 [acpi]acpi_ec_read_status =_
[    1.078783] dynamic_debug:ddebug_change: changed drivers/acpi/pci_root.c:770 [acpi]acpi_pci_probe_root_resources =_
[    1.078946] dynamic_debug:ddebug_change: changed drivers/acpi/pci_root.c:339 [acpi]acpi_get_pci_dev =_
[    1.079109] dynamic_debug:ddebug_change: changed drivers/acpi/pci_irq.c:526 [acpi]acpi_pci_irq_disable =_
[    1.079271] dynamic_debug:ddebug_change: changed drivers/acpi/pci_irq.c:486 [acpi]acpi_pci_irq_enable =_
[    1.079434] dynamic_debug:ddebug_change: changed drivers/acpi/acpi_platform.c:103 [acpi]acpi_create_platform_device =_
[    1.079598] dynamic_debug:ddebug_change: changed drivers/acpi/numa.c:181 [acpi]acpi_table_print_srat_entry =_
[    1.079773] dynamic_debug:ddebug_change: changed drivers/acpi/numa.c:169 [acpi]acpi_table_print_srat_entry =_
[    1.079946] dynamic_debug:ddebug_change: changed drivers/acpi/numa.c:157 [acpi]acpi_table_print_srat_entry =_
[    1.080110] dynamic_debug:ddebug_change: changed drivers/acpi/numa.c:140 [acpi]acpi_table_print_srat_entry =_
[    1.080273] dynamic_debug:ddebug_change: changed drivers/acpi/fan.c:359 [fan]acpi_fan_probe =_
[    1.080436] dynamic_debug:ddebug_change: changed drivers/acpi/fan.c:195 [fan]fan_set_state_acpi4 =_
[    1.080598] dynamic_debug:ddebug_change: changed drivers/acpi/fan.c:136 [fan]fan_get_state_acpi4 =_
[    1.080763] dynamic_debug:ddebug_change: changed drivers/acpi/acpi_video.c:1759 [video]acpi_video_should_register_backlight =_
[    1.080927] dynamic_debug:ddebug_change: changed drivers/acpi/pci_slot.c:136 [pci_slot]register_slot =_
[    1.081094] dynamic_debug:ddebug_change: changed drivers/acpi/pci_slot.c:81 [pci_slot]check_slot =_
[    1.081265] dynamic_debug:ddebug_change: changed drivers/acpi/pci_slot.c:73 [pci_slot]check_slot =_
[    1.081436] dynamic_debug:ddebug_change: changed drivers/acpi/pci_slot.c:61 [pci_slot]check_slot =_
[    1.081600] dynamic_debug:ddebug_change: changed drivers/acpi/processor_driver.c:184 [processor]acpi_pss_perf_init =_
[    1.081766] dynamic_debug:ddebug_change: changed drivers/acpi/processor_idle.c:1443 [processor]acpi_processor_power_init =_
[    1.081930] dynamic_debug:ddebug_change: changed drivers/acpi/processor_idle.c:1039 [processor]acpi_processor_evaluate_lpi =_
[    1.082094] dynamic_debug:ddebug_change: changed drivers/acpi/processor_idle.c:1034 [processor]acpi_processor_evaluate_lpi =_
[    1.082258] dynamic_debug:ddebug_change: changed drivers/acpi/processor_idle.c:981 [processor]acpi_processor_evaluate_lpi =_
[    1.082421] dynamic_debug:ddebug_change: changed drivers/acpi/processor_idle.c:972 [processor]acpi_processor_evaluate_lpi =_
[    1.082586] dynamic_debug:ddebug_change: changed drivers/acpi/processor_perflib.c:138 [processor]acpi_processor_get_platform_limit =_
[    1.082915] dynamic_debug:vpr_info_dq: applied: func="" file="drivers/acpi/*" module="" format="" lineno=0-0
[    1.083125] dynamic_debug:ddebug_exec_queries: processed 4 queries, with 132 matches, 0 errs
[    1.083283] dynamic_debug:ddebug_dyndbg_boot_param_cb: acpi_backlight="vendor"
[    1.083436] dynamic_debug:ddebug_dyndbg_boot_param_cb: radeon.audio="0"
[    1.083555] dynamic_debug:ddebug_dyndbg_boot_param_cb: radeon.lockup_timeout="999000"
[    1.083710] dynamic_debug:ddebug_dyndbg_boot_param_cb: radeon.test="0"
[    1.083830] dynamic_debug:ddebug_dyndbg_boot_param_cb: radeon.agpmode="-1"
[    1.083949] dynamic_debug:ddebug_dyndbg_boot_param_cb: radeon.benchmark="0"
[    1.084067] dynamic_debug:ddebug_dyndbg_boot_param_cb: radeon.tv="0"
[    1.084186] dynamic_debug:ddebug_dyndbg_boot_param_cb: radeon.hard_reset="1"
[    1.084305] dynamic_debug:ddebug_dyndbg_boot_param_cb: radeon.msi="1"
[    1.084425] dynamic_debug:ddebug_dyndbg_boot_param_cb: radeon.pcie_gen2="-1"
[    1.084547] dynamic_debug:ddebug_dyndbg_boot_param_cb: radeon.no_wb="1"
[    1.084670] dynamic_debug:ddebug_dyndbg_boot_param_cb: radeon.dynclks="0"
[    1.084791] dynamic_debug:ddebug_dyndbg_boot_param_cb: radeon.r4xx_atom="0"
[    1.084910] dynamic_debug:ddebug_dyndbg_boot_param_cb: radeonfb="(null)"
[    1.085029] dynamic_debug:ddebug_dyndbg_boot_param_cb: radeon.fastfb="1"
[    1.085148] dynamic_debug:ddebug_dyndbg_boot_param_cb: radeon.dpm="1"
[    1.085217] dynamic_debug:ddebug_dyndbg_boot_param_cb: radeon.runpm="1"
[    1.085336] dynamic_debug:ddebug_dyndbg_boot_param_cb: rd.debug="(null)"
[    1.085455] dynamic_debug:ddebug_dyndbg_boot_param_cb: rd.udev.debug="(null)"
[    1.085574] dynamic_debug:ddebug_dyndbg_boot_param_cb: rd.memdebug="3"
[    1.085694] dynamic_debug:ddebug_dyndbg_boot_param_cb: net.ifnames="1"
[    1.085814] dynamic_debug:ddebug_dyndbg_boot_param_cb: slub_debug="U"
[    1.085934] dynamic_debug:ddebug_dyndbg_boot_param_cb: pax_sanitize_slab="full"
[    1.086092] dynamic_debug:ddebug_dyndbg_boot_param_cb: noefi="(null)"
[    1.086212] dynamic_debug:ddebug_dyndbg_boot_param_cb: nolvm="(null)"
[    1.086333] dynamic_debug:ddebug_dyndbg_boot_param_cb: dobtrfs="(null)"
[    1.086452] dynamic_debug:ddebug_dyndbg_boot_param_cb: console="tty1"
[    1.086572] dynamic_debug:ddebug_dyndbg_boot_param_cb: earlyprintk="vga"
[    1.086698] dynamic_debug:ddebug_dyndbg_boot_param_cb: CPUunderclocking="(null)"
[    1.086861] dynamic_debug:ddebug_dyndbg_boot_param_cb: radeon.modeset="1"
[    1.086980] dynamic_debug:ddebug_dyndbg_boot_param_cb: audit="0"
[    1.087099] dynamic_debug:ddebug_dyndbg_boot_param_cb: systemd.log_target="kmsg"
[    1.087256] dynamic_debug:ddebug_dyndbg_boot_param_cb: enforcing="0"
[    1.087375] dynamic_debug:ddebug_dyndbg_boot_param_cb: pcie_aspm="off"
[    1.087494] dynamic_debug:ddebug_dyndbg_boot_param_cb: radeon.aspm="0"
[    1.087615] dynamic_debug:ddebug_dyndbg_boot_param_cb: udev.children-max="1256"
[    1.087772] dynamic_debug:ddebug_dyndbg_boot_param_cb: rd.udev.children-max="1256"
[    1.088001] MCE: In-kernel MCE decoding enabled.
[    1.089124] NMI watchdog: enabled on all CPUs, permanently consumes one hw-PMU counter.
[    1.089805] started {early_reset_EHCIs kernel/smp.c:1294}
[    1.089994] early_pci_allowed {early_reset_EHCIs kernel/smp.c:1300}
[    1.090286] Found EHCI on 00:12.2 {kline kernel/smp.c:1220}
[    1.090414] bar_val: f014a900 {kline kernel/smp.c:1223}
[    1.090543] ehci_bar: ffffffffff7fe900 {kline kernel/smp.c:1245}
[    1.090676] n_ports:    5 {kline kernel/smp.c:1252}
[    1.090804] FLAG_CF was already set which likely means BIOS USB Legacy is Disabled. {ehci_status kernel/smp.c:1036}
[    1.090978]   ehci cmd     : 00080B00 {ehci_status kernel/smp.c:1038}
[    1.091105]   ehci conf flg: 00000001 {ehci_status kernel/smp.c:1039}
[    1.091233]   ehci status  : 0000100C {ehci_status kernel/smp.c:1040}
[    1.091361] port 1 status 00001000 {ehci_status kernel/smp.c:1043}
[    1.091489] port 2 status 00001000 {ehci_status kernel/smp.c:1043}
[    1.091614] port 3 status 00001000 {ehci_status kernel/smp.c:1043}
[    1.091734] port 4 status 00001000 {ehci_status kernel/smp.c:1043}
[    1.091854] port 5 status 00001000 {ehci_status kernel/smp.c:1043}
[    1.091973] ended {kline kernel/smp.c:1285}
[    1.092103] Found EHCI on 00:13.2 {kline kernel/smp.c:1220}
[    1.092223] bar_val: f014a800 {kline kernel/smp.c:1223}
[    1.092343] ehci_bar: ffffffffff7fe800 {kline kernel/smp.c:1245}
[    1.092465] n_ports:    5 {kline kernel/smp.c:1252}
[    1.092585] FLAG_CF was already set which likely means BIOS USB Legacy is Disabled. {ehci_status kernel/smp.c:1036}
[    1.092746]   ehci cmd     : 00080B00 {ehci_status kernel/smp.c:1038}
[    1.092866]   ehci conf flg: 00000001 {ehci_status kernel/smp.c:1039}
[    1.092989]   ehci status  : 0000100C {ehci_status kernel/smp.c:1040}
[    1.093109] port 1 status 00001803 {ehci_status kernel/smp.c:1043}
[    1.093230] port 2 status 00001000 {ehci_status kernel/smp.c:1043}
[    1.093354] port 3 status 00001803 {ehci_status kernel/smp.c:1043}
[    1.093474] port 4 status 00001000 {ehci_status kernel/smp.c:1043}
[    1.093597] port 5 status 00001000 {ehci_status kernel/smp.c:1043}
[    1.093731] ended {kline kernel/smp.c:1285}
[    1.164020] ended, failed 0 times {early_reset_EHCIs kernel/smp.c:1313}
[    1.164140] All EHCI controllers were reset. {smp_init kernel/smp.c:1333}
[    1.167620] smpboot: ++++++++++++++++++++=_---CPU UP  1
[    1.167814] x86: Booting SMP configuration:
[    1.167939] .... node  #0, CPUs:      #1
[    1.168042] smpboot: Setting warm reset code and vector.
[    1.168289] smpboot: 1.
[    1.168412] smpboot: 2.
[    1.168534] smpboot: 3.
[    1.168662] smpboot: Asserting INIT
[    1.168784] smpboot: Waiting for send to finish...
[    1.168910] smpboot: Deasserting INIT
[    1.169032] smpboot: Waiting for send to finish...
[    1.169156] smpboot: #startup loops: 2
[    1.169281] smpboot: Sending STARTUP #1
[    1.171312] smpboot: After apic_write
[    1.171441] smpboot: Startup point 1
[    1.171548] smpboot: Waiting for send to finish...
[    1.171679] smpboot: Sending STARTUP #2
[    1.171797] smpboot: After apic_write
[    1.171926] smpboot: Startup point 1
[    1.172044] smpboot: Waiting for send to finish...
[    1.172174] smpboot: After Startup
[    1.077170] masked ExtINT on CPU#1
[    1.077188] [Firmware Info]: CPU: 'AMD A6-3400M APU with Radeon(tm) HD Graphics' has AMD errata 665 Integer Divide Instruction May Cause Unpredictable Behavior.'
[    1.077189] [Firmware Info]: CPU: Double-checked CPU type. 'AMD A6-3400M APU with Radeon(tm) HD Graphics'
[    1.077190] [Firmware Info]: CPU: Setting workaround for 665...(set 'no665wo' in /proc/cmdline to disable)
[    1.136423] smpboot: Stack at about ffff9be88bb33f30
[    1.233632] TSC synchronization [CPU#0 -> CPU#1]:
[    1.234614] Measured 132971616 cycles TSC warp between CPUs, turning off TSC clock.
[    1.234792] tsc: Marking TSC unstable due to check_tsc_sync_source failed
[    1.238591] smpboot: ++++++++++++++++++++=_---CPU UP  2
[    1.238777]  #2
[    1.238812] smpboot: Setting warm reset code and vector.
[    1.239060] smpboot: 1.
[    1.239184] smpboot: 2.
[    1.239308] smpboot: 3.
[    1.239432] smpboot: Asserting INIT
[    1.239557] smpboot: Waiting for send to finish...
[    1.239686] smpboot: Deasserting INIT
[    1.239811] smpboot: Waiting for send to finish...
[    1.239937] smpboot: #startup loops: 2
[    1.240062] smpboot: Sending STARTUP #1
[    1.240187] smpboot: After apic_write
[    1.240322] smpboot: Startup point 1
[    1.240443] smpboot: Waiting for send to finish...
[    1.240582] smpboot: Sending STARTUP #2
[    1.240707] smpboot: After apic_write
[    1.240842] smpboot: Startup point 1
[    1.240967] smpboot: Waiting for send to finish...
[    1.241103] smpboot: After Startup
[    1.111991] masked ExtINT on CPU#2
[    1.112006] [Firmware Info]: CPU: 'AMD A6-3400M APU with Radeon(tm) HD Graphics' has AMD errata 665 Integer Divide Instruction May Cause Unpredictable Behavior.'
[    1.112007] [Firmware Info]: CPU: Double-checked CPU type. 'AMD A6-3400M APU with Radeon(tm) HD Graphics'
[    1.112008] [Firmware Info]: CPU: Setting workaround for 665...(set 'no665wo' in /proc/cmdline to disable)
[    1.171300] smpboot: Stack at about ffff9be88bb37f30
[    1.194028] smpboot: ++++++++++++++++++++=_---CPU UP  3
[    1.195007]  #3
[    1.195043] smpboot: Setting warm reset code and vector.
[    1.195296] smpboot: 1.
[    1.195424] smpboot: 2.
[    1.195549] smpboot: 3.
[    1.195670] smpboot: Asserting INIT
[    1.195791] smpboot: Waiting for send to finish...
[    1.195911] smpboot: Deasserting INIT
[    1.196001] smpboot: Waiting for send to finish...
[    1.196120] smpboot: #startup loops: 2
[    1.196242] smpboot: Sending STARTUP #1
[    1.196363] smpboot: After apic_write
[    1.196494] smpboot: Startup point 1
[    1.196615] smpboot: Waiting for send to finish...
[    1.196746] smpboot: Sending STARTUP #2
[    1.196864] smpboot: After apic_write
[    1.197011] smpboot: Startup point 1
[    1.197130] smpboot: Waiting for send to finish...
[    1.197261] smpboot: After Startup
[    0.002000] masked ExtINT on CPU#3
[    0.002000] [Firmware Info]: CPU: 'AMD A6-3400M APU with Radeon(tm) HD Graphics' has AMD errata 665 Integer Divide Instruction May Cause Unpredictable Behavior.'
[    0.002000] [Firmware Info]: CPU: Double-checked CPU type. 'AMD A6-3400M APU with Radeon(tm) HD Graphics'
[    0.002000] [Firmware Info]: CPU: Setting workaround for 665...(set 'no665wo' in /proc/cmdline to disable)
[    0.002000] smpboot: Stack at about ffff9be88bb43f30
[    1.257137] x86: Booted up 1 node, 4 CPUs
[    1.258129] CPUunderclocking: activating(?)=1 {apply_underclocking_if_needed kernel/smp.c:946}
[    1.258301] CPUunderclocking: activating... {apply_underclocking_if_needed kernel/smp.c:948}
[    1.258477] CPUunderclocking:   !! Rdmsr(1of2): core:0 idx:c0010064 ... {Rdmsr kernel/smp.c:696}
[    1.258657] CPUunderclocking:     !! Rdmsr(2of2): core:0 idx:c0010064 done. (resultx==8000017d000025e2 hi:8000017d lo:000025e2) {Rdmsr kernel/smp.c:712}
[    1.258831] CPUunderclocking:   !! Rdmsr(1of2): core:1 idx:c0010064 ... {Rdmsr kernel/smp.c:696}
[    1.259008] CPUunderclocking:     !! Rdmsr(2of2): core:1 idx:c0010064 done. (resultx==8000017d000025e2 hi:8000017d lo:000025e2) {Rdmsr kernel/smp.c:712}
[    1.259175] CPUunderclocking:   !! Rdmsr(1of2): core:2 idx:c0010064 ... {Rdmsr kernel/smp.c:696}
[    1.259337] CPUunderclocking:     !! Rdmsr(2of2): core:2 idx:c0010064 done. (resultx==8000017d000025e2 hi:8000017d lo:000025e2) {Rdmsr kernel/smp.c:712}
[    1.259500] CPUunderclocking:   !! Rdmsr(1of2): core:3 idx:c0010064 ... {Rdmsr kernel/smp.c:696}
[    1.259669] CPUunderclocking:     !! Rdmsr(2of2): core:3 idx:c0010064 done. (resultx==8000017d000025e2 hi:8000017d lo:000025e2) {Rdmsr kernel/smp.c:712}
[    1.259839] CPUunderclocking: !! Write(1of3) PState0 read : fid:30 did:2 vid:18 Multi:N/A {WritePState kernel/smp.c:854}
[    1.260003] CPUunderclocking: !! Write(2of3) PState0 write:6 did:0 vid:37 (multi:22) ... {WritePState kernel/smp.c:882}
[    1.260169] CPUunderclocking:   !! Wrmsr(before write): core:0/64 idx:c0010064 valx:8000017d00004a60 ...  {Wrmsr kernel/smp.c:637}
[    1.260330] CPUunderclocking:     !! Wrmsr(after write): done. {Wrmsr kernel/smp.c:676}
[    1.260488] CPUunderclocking:   !! Wrmsr(before write): core:1/64 idx:c0010064 valx:8000017d00004a60 ...  {Wrmsr kernel/smp.c:637}
[    1.260658] CPUunderclocking:     !! Wrmsr(after write): done. {Wrmsr kernel/smp.c:676}
[    1.260821] CPUunderclocking:   !! Wrmsr(before write): core:2/64 idx:c0010064 valx:8000017d00004a60 ...  {Wrmsr kernel/smp.c:637}
[    1.261005] CPUunderclocking:     !! Wrmsr(after write): done. {Wrmsr kernel/smp.c:676}
[    1.261167] CPUunderclocking:   !! Wrmsr(before write): core:3/64 idx:c0010064 valx:8000017d00004a60 ...  {Wrmsr kernel/smp.c:637}
[    1.261331] CPUunderclocking:     !! Wrmsr(after write): done. {Wrmsr kernel/smp.c:676}
[    1.261490] CPUunderclocking: !! Write(3of3) PState0 done. status:0 (0=success) {WritePState kernel/smp.c:884}
[    1.261658] CPUunderclocking:   !! Rdmsr(1of2): core:0 idx:c0010065 ... {Rdmsr kernel/smp.c:696}
[    1.261824] CPUunderclocking:     !! Rdmsr(2of2): core:0 idx:c0010065 done. (resultx==8000014000004fa3 hi:80000140 lo:00004fa3) {Rdmsr kernel/smp.c:712}
[    1.262002] CPUunderclocking:   !! Rdmsr(1of2): core:1 idx:c0010065 ... {Rdmsr kernel/smp.c:696}
[    1.262168] CPUunderclocking:     !! Rdmsr(2of2): core:1 idx:c0010065 done. (resultx==8000014000004fa3 hi:80000140 lo:00004fa3) {Rdmsr kernel/smp.c:712}
[    1.262331] CPUunderclocking:   !! Rdmsr(1of2): core:2 idx:c0010065 ... {Rdmsr kernel/smp.c:696}
[    1.262495] CPUunderclocking:     !! Rdmsr(2of2): core:2 idx:c0010065 done. (resultx==8000014000004fa3 hi:80000140 lo:00004fa3) {Rdmsr kernel/smp.c:712}
[    1.262665] CPUunderclocking:   !! Rdmsr(1of2): core:3 idx:c0010065 ... {Rdmsr kernel/smp.c:696}
[    1.262833] CPUunderclocking:     !! Rdmsr(2of2): core:3 idx:c0010065 done. (resultx==8000014000004fa3 hi:80000140 lo:00004fa3) {Rdmsr kernel/smp.c:712}
[    1.263002] CPUunderclocking: !! Write(1of3) PState1 read : fid:26 did:3 vid:39 Multi:N/A {WritePState kernel/smp.c:854}
[    1.263162] CPUunderclocking: !! Write(2of3) PState1 write:4 did:0 vid:42 (multi:20) ... {WritePState kernel/smp.c:882}
[    1.263323] CPUunderclocking:   !! Wrmsr(before write): core:0/64 idx:c0010065 valx:8000014000005440 ...  {Wrmsr kernel/smp.c:637}
[    1.263487] CPUunderclocking:     !! Wrmsr(after write): done. {Wrmsr kernel/smp.c:676}
[    1.263651] CPUunderclocking:   !! Wrmsr(before write): core:1/64 idx:c0010065 valx:8000014000005440 ...  {Wrmsr kernel/smp.c:637}
[    1.263822] CPUunderclocking:     !! Wrmsr(after write): done. {Wrmsr kernel/smp.c:676}
[    1.263985] CPUunderclocking:   !! Wrmsr(before write): core:2/64 idx:c0010065 valx:8000014000005440 ...  {Wrmsr kernel/smp.c:637}
[    1.264004] CPUunderclocking:     !! Wrmsr(after write): done. {Wrmsr kernel/smp.c:676}
[    1.264162] CPUunderclocking:   !! Wrmsr(before write): core:3/64 idx:c0010065 valx:8000014000005440 ...  {Wrmsr kernel/smp.c:637}
[    1.264328] CPUunderclocking:     !! Wrmsr(after write): done. {Wrmsr kernel/smp.c:676}
[    1.264488] CPUunderclocking: !! Write(3of3) PState1 done. status:0 (0=success) {WritePState kernel/smp.c:884}
[    1.264648] CPUunderclocking:   !! Rdmsr(1of2): core:0 idx:c0010066 ... {Rdmsr kernel/smp.c:696}
[    1.264809] CPUunderclocking:     !! Rdmsr(2of2): core:0 idx:c0010066 done. (resultx==8000013700005573 hi:80000137 lo:00005573) {Rdmsr kernel/smp.c:712}
[    1.265001] CPUunderclocking:   !! Rdmsr(1of2): core:1 idx:c0010066 ... {Rdmsr kernel/smp.c:696}
[    1.265164] CPUunderclocking:     !! Rdmsr(2of2): core:1 idx:c0010066 done. (resultx==8000013700005573 hi:80000137 lo:00005573) {Rdmsr kernel/smp.c:712}
[    1.265327] CPUunderclocking:   !! Rdmsr(1of2): core:2 idx:c0010066 ... {Rdmsr kernel/smp.c:696}
[    1.265491] CPUunderclocking:     !! Rdmsr(2of2): core:2 idx:c0010066 done. (resultx==8000013700005573 hi:80000137 lo:00005573) {Rdmsr kernel/smp.c:712}
[    1.265654] CPUunderclocking:   !! Rdmsr(1of2): core:3 idx:c0010066 ... {Rdmsr kernel/smp.c:696}
[    1.265818] CPUunderclocking:     !! Rdmsr(2of2): core:3 idx:c0010066 done. (resultx==8000013700005573 hi:80000137 lo:00005573) {Rdmsr kernel/smp.c:712}
[    1.266002] CPUunderclocking: !! Write(1of3) PState2 read : fid:23 did:3 vid:42 Multi:N/A {WritePState kernel/smp.c:854}
[    1.266162] CPUunderclocking: !! Write(2of3) PState2 write:2 did:0 vid:47 (multi:18) ... {WritePState kernel/smp.c:882}
[    1.267002] CPUunderclocking:   !! Wrmsr(before write): core:0/64 idx:c0010066 valx:8000013700005e20 ...  {Wrmsr kernel/smp.c:637}
[    1.267163] CPUunderclocking:     !! Wrmsr(after write): done. {Wrmsr kernel/smp.c:676}
[    1.267321] CPUunderclocking:   !! Wrmsr(before write): core:1/64 idx:c0010066 valx:8000013700005e20 ...  {Wrmsr kernel/smp.c:637}
[    1.267489] CPUunderclocking:     !! Wrmsr(after write): done. {Wrmsr kernel/smp.c:676}
[    1.268002] CPUunderclocking:   !! Wrmsr(before write): core:2/64 idx:c0010066 valx:8000013700005e20 ...  {Wrmsr kernel/smp.c:637}
[    1.268168] CPUunderclocking:     !! Wrmsr(after write): done. {Wrmsr kernel/smp.c:676}
[    1.268329] CPUunderclocking:   !! Wrmsr(before write): core:3/64 idx:c0010066 valx:8000013700005e20 ...  {Wrmsr kernel/smp.c:637}
[    1.268495] CPUunderclocking:     !! Wrmsr(after write): done. {Wrmsr kernel/smp.c:676}
[    1.268654] CPUunderclocking: !! Write(3of3) PState2 done. status:0 (0=success) {WritePState kernel/smp.c:884}
[    1.268816] CPUunderclocking:   !! Rdmsr(1of2): core:0 idx:c0010067 ... {Rdmsr kernel/smp.c:696}
[    1.268977] CPUunderclocking:     !! Rdmsr(2of2): core:0 idx:c0010067 done. (resultx==8000013200005b43 hi:80000132 lo:00005b43) {Rdmsr kernel/smp.c:712}
[    1.269002] CPUunderclocking:   !! Rdmsr(1of2): core:1 idx:c0010067 ... {Rdmsr kernel/smp.c:696}
[    1.269165] CPUunderclocking:     !! Rdmsr(2of2): core:1 idx:c0010067 done. (resultx==8000013200005b43 hi:80000132 lo:00005b43) {Rdmsr kernel/smp.c:712}
[    1.269331] CPUunderclocking:   !! Rdmsr(1of2): core:2 idx:c0010067 ... {Rdmsr kernel/smp.c:696}
[    1.269493] CPUunderclocking:     !! Rdmsr(2of2): core:2 idx:c0010067 done. (resultx==8000013200005b43 hi:80000132 lo:00005b43) {Rdmsr kernel/smp.c:712}
[    1.269656] CPUunderclocking:   !! Rdmsr(1of2): core:3 idx:c0010067 ... {Rdmsr kernel/smp.c:696}
[    1.269821] CPUunderclocking:     !! Rdmsr(2of2): core:3 idx:c0010067 done. (resultx==8000013200005b43 hi:80000132 lo:00005b43) {Rdmsr kernel/smp.c:712}
[    1.270002] CPUunderclocking: !! Write(1of3) PState3 read : fid:20 did:3 vid:45 Multi:N/A {WritePState kernel/smp.c:854}
[    1.270163] CPUunderclocking: !! Write(2of3) PState3 write:1 did:0 vid:49 (multi:17) ... {WritePState kernel/smp.c:882}
[    1.270327] CPUunderclocking:   !! Wrmsr(before write): core:0/64 idx:c0010067 valx:8000013200006210 ...  {Wrmsr kernel/smp.c:637}
[    1.270488] CPUunderclocking:     !! Wrmsr(after write): done. {Wrmsr kernel/smp.c:676}
[    1.270646] CPUunderclocking:   !! Wrmsr(before write): core:1/64 idx:c0010067 valx:8000013200006210 ...  {Wrmsr kernel/smp.c:637}
[    1.270811] CPUunderclocking:     !! Wrmsr(after write): done. {Wrmsr kernel/smp.c:676}
[    1.271002] CPUunderclocking:   !! Wrmsr(before write): core:2/64 idx:c0010067 valx:8000013200006210 ...  {Wrmsr kernel/smp.c:637}
[    1.271168] CPUunderclocking:     !! Wrmsr(after write): done. {Wrmsr kernel/smp.c:676}
[    1.271326] CPUunderclocking:   !! Wrmsr(before write): core:3/64 idx:c0010067 valx:8000013200006210 ...  {Wrmsr kernel/smp.c:637}
[    1.271489] CPUunderclocking:     !! Wrmsr(after write): done. {Wrmsr kernel/smp.c:676}
[    1.271645] CPUunderclocking: !! Write(3of3) PState3 done. status:0 (0=success) {WritePState kernel/smp.c:884}
[    1.271801] CPUunderclocking:   !! Rdmsr(1of2): core:0 idx:c0010068 ... {Rdmsr kernel/smp.c:696}
[    1.272002] CPUunderclocking:     !! Rdmsr(2of2): core:0 idx:c0010068 done. (resultx==8000012e00005d13 hi:8000012e lo:00005d13) {Rdmsr kernel/smp.c:712}
[    1.272163] CPUunderclocking:   !! Rdmsr(1of2): core:1 idx:c0010068 ... {Rdmsr kernel/smp.c:696}
[    1.272324] CPUunderclocking:     !! Rdmsr(2of2): core:1 idx:c0010068 done. (resultx==8000012e00005d13 hi:8000012e lo:00005d13) {Rdmsr kernel/smp.c:712}
[    1.272485] CPUunderclocking:   !! Rdmsr(1of2): core:2 idx:c0010068 ... {Rdmsr kernel/smp.c:696}
[    1.272647] CPUunderclocking:     !! Rdmsr(2of2): core:2 idx:c0010068 done. (resultx==8000012e00005d13 hi:8000012e lo:00005d13) {Rdmsr kernel/smp.c:712}
[    1.272805] CPUunderclocking:   !! Rdmsr(1of2): core:3 idx:c0010068 ... {Rdmsr kernel/smp.c:696}
[    1.273004] CPUunderclocking:     !! Rdmsr(2of2): core:3 idx:c0010068 done. (resultx==8000012e00005d13 hi:8000012e lo:00005d13) {Rdmsr kernel/smp.c:712}
[    1.273168] CPUunderclocking: !! Write(1of3) PState4 read : fid:17 did:3 vid:46 Multi:N/A {WritePState kernel/smp.c:854}
[    1.273325] CPUunderclocking: !! Write(2of3) PState4 write:0 did:0 vid:52 (multi:16) ... {WritePState kernel/smp.c:882}
[    1.273484] CPUunderclocking:   !! Wrmsr(before write): core:0/64 idx:c0010068 valx:8000012e00006800 ...  {Wrmsr kernel/smp.c:637}
[    1.273642] CPUunderclocking:     !! Wrmsr(after write): done. {Wrmsr kernel/smp.c:676}
[    1.273799] CPUunderclocking:   !! Wrmsr(before write): core:1/64 idx:c0010068 valx:8000012e00006800 ...  {Wrmsr kernel/smp.c:637}
[    1.273960] CPUunderclocking:     !! Wrmsr(after write): done. {Wrmsr kernel/smp.c:676}
[    1.274002] CPUunderclocking:   !! Wrmsr(before write): core:2/64 idx:c0010068 valx:8000012e00006800 ...  {Wrmsr kernel/smp.c:637}
[    1.274165] CPUunderclocking:     !! Wrmsr(after write): done. {Wrmsr kernel/smp.c:676}
[    1.274323] CPUunderclocking:   !! Wrmsr(before write): core:3/64 idx:c0010068 valx:8000012e00006800 ...  {Wrmsr kernel/smp.c:637}
[    1.274486] CPUunderclocking:     !! Wrmsr(after write): done. {Wrmsr kernel/smp.c:676}
[    1.274641] CPUunderclocking: !! Write(3of3) PState4 done. status:0 (0=success) {WritePState kernel/smp.c:884}
[    1.274798] CPUunderclocking:   !! Rdmsr(1of2): core:0 idx:c0010069 ... {Rdmsr kernel/smp.c:696}
[    1.275002] CPUunderclocking:     !! Rdmsr(2of2): core:0 idx:c0010069 done. (resultx==8000012b00005ee3 hi:8000012b lo:00005ee3) {Rdmsr kernel/smp.c:712}
[    1.275164] CPUunderclocking:   !! Rdmsr(1of2): core:1 idx:c0010069 ... {Rdmsr kernel/smp.c:696}
[    1.275325] CPUunderclocking:     !! Rdmsr(2of2): core:1 idx:c0010069 done. (resultx==8000012b00005ee3 hi:8000012b lo:00005ee3) {Rdmsr kernel/smp.c:712}
[    1.275487] CPUunderclocking:   !! Rdmsr(1of2): core:2 idx:c0010069 ... {Rdmsr kernel/smp.c:696}
[    1.275651] CPUunderclocking:     !! Rdmsr(2of2): core:2 idx:c0010069 done. (resultx==8000012b00005ee3 hi:8000012b lo:00005ee3) {Rdmsr kernel/smp.c:712}
[    1.275816] CPUunderclocking:   !! Rdmsr(1of2): core:3 idx:c0010069 ... {Rdmsr kernel/smp.c:696}
[    1.276004] CPUunderclocking:     !! Rdmsr(2of2): core:3 idx:c0010069 done. (resultx==8000012b00005ee3 hi:8000012b lo:00005ee3) {Rdmsr kernel/smp.c:712}
[    1.276167] CPUunderclocking: !! Write(1of3) PState5 read : fid:14 did:3 vid:47 Multi:N/A {WritePState kernel/smp.c:854}
[    1.276331] CPUunderclocking: !! Write(2of3) PState5 write:5 did:1 vid:55 (multi:14) ... {WritePState kernel/smp.c:882}
[    1.276492] CPUunderclocking:   !! Wrmsr(before write): core:0/64 idx:c0010069 valx:8000012b00006e51 ...  {Wrmsr kernel/smp.c:637}
[    1.276655] CPUunderclocking:     !! Wrmsr(after write): done. {Wrmsr kernel/smp.c:676}
[    1.276814] CPUunderclocking:   !! Wrmsr(before write): core:1/64 idx:c0010069 valx:8000012b00006e51 ...  {Wrmsr kernel/smp.c:637}
[    1.277004] CPUunderclocking:     !! Wrmsr(after write): done. {Wrmsr kernel/smp.c:676}
[    1.277163] CPUunderclocking:   !! Wrmsr(before write): core:2/64 idx:c0010069 valx:8000012b00006e51 ...  {Wrmsr kernel/smp.c:637}
[    1.277330] CPUunderclocking:     !! Wrmsr(after write): done. {Wrmsr kernel/smp.c:676}
[    1.277490] CPUunderclocking:   !! Wrmsr(before write): core:3/64 idx:c0010069 valx:8000012b00006e51 ...  {Wrmsr kernel/smp.c:637}
[    1.277655] CPUunderclocking:     !! Wrmsr(after write): done. {Wrmsr kernel/smp.c:676}
[    1.277814] CPUunderclocking: !! Write(3of3) PState5 done. status:0 (0=success) {WritePState kernel/smp.c:884}
[    1.278001] CPUunderclocking:   !! Rdmsr(1of2): core:0 idx:c001006a ... {Rdmsr kernel/smp.c:696}
[    1.278162] CPUunderclocking:     !! Rdmsr(2of2): core:0 idx:c001006a done. (resultx==80000127000060b3 hi:80000127 lo:000060b3) {Rdmsr kernel/smp.c:712}
[    1.278324] CPUunderclocking:   !! Rdmsr(1of2): core:1 idx:c001006a ... {Rdmsr kernel/smp.c:696}
[    1.278489] CPUunderclocking:     !! Rdmsr(2of2): core:1 idx:c001006a done. (resultx==80000127000060b3 hi:80000127 lo:000060b3) {Rdmsr kernel/smp.c:712}
[    1.278652] CPUunderclocking:   !! Rdmsr(1of2): core:2 idx:c001006a ... {Rdmsr kernel/smp.c:696}
[    1.278816] CPUunderclocking:     !! Rdmsr(2of2): core:2 idx:c001006a done. (resultx==80000127000060b3 hi:80000127 lo:000060b3) {Rdmsr kernel/smp.c:712}
[    1.279001] CPUunderclocking:   !! Rdmsr(1of2): core:3 idx:c001006a ... {Rdmsr kernel/smp.c:696}
[    1.279168] CPUunderclocking:     !! Rdmsr(2of2): core:3 idx:c001006a done. (resultx==80000127000060b3 hi:80000127 lo:000060b3) {Rdmsr kernel/smp.c:712}
[    1.279331] CPUunderclocking: !! Write(1of3) PState6 read : fid:11 did:3 vid:48 Multi:N/A {WritePState kernel/smp.c:854}
[    1.279492] CPUunderclocking: !! Write(2of3) PState6 write:2 did:1 vid:59 (multi:12) ... {WritePState kernel/smp.c:882}
[    1.279653] CPUunderclocking:   !! Wrmsr(before write): core:0/64 idx:c001006a valx:8000012700007621 ...  {Wrmsr kernel/smp.c:637}
[    1.279816] CPUunderclocking:     !! Wrmsr(after write): done. {Wrmsr kernel/smp.c:676}
[    1.279975] CPUunderclocking:   !! Wrmsr(before write): core:1/64 idx:c001006a valx:8000012700007621 ...  {Wrmsr kernel/smp.c:637}
[    1.280004] CPUunderclocking:     !! Wrmsr(after write): done. {Wrmsr kernel/smp.c:676}
[    1.280162] CPUunderclocking:   !! Wrmsr(before write): core:2/64 idx:c001006a valx:8000012700007621 ...  {Wrmsr kernel/smp.c:637}
[    1.280327] CPUunderclocking:     !! Wrmsr(after write): done. {Wrmsr kernel/smp.c:676}
[    1.280488] CPUunderclocking:   !! Wrmsr(before write): core:3/64 idx:c001006a valx:8000012700007621 ...  {Wrmsr kernel/smp.c:637}
[    1.280653] CPUunderclocking:     !! Wrmsr(after write): done. {Wrmsr kernel/smp.c:676}
[    1.280812] CPUunderclocking: !! Write(3of3) PState6 done. status:0 (0=success) {WritePState kernel/smp.c:884}
[    1.281002] CPUunderclocking:   !! Rdmsr(1of2): core:0 idx:c001006b ... {Rdmsr kernel/smp.c:696}
[    1.281162] CPUunderclocking:     !! Rdmsr(2of2): core:0 idx:c001006b done. (resultx==8000012500006504 hi:80000125 lo:00006504) {Rdmsr kernel/smp.c:712}
[    1.281325] CPUunderclocking:   !! Rdmsr(1of2): core:1 idx:c001006b ... {Rdmsr kernel/smp.c:696}
[    1.281488] CPUunderclocking:     !! Rdmsr(2of2): core:1 idx:c001006b done. (resultx==8000012500006504 hi:80000125 lo:00006504) {Rdmsr kernel/smp.c:712}
[    1.281651] CPUunderclocking:   !! Rdmsr(1of2): core:2 idx:c001006b ... {Rdmsr kernel/smp.c:696}
[    1.282005] CPUunderclocking:     !! Rdmsr(2of2): core:2 idx:c001006b done. (resultx==8000012500006504 hi:80000125 lo:00006504) {Rdmsr kernel/smp.c:712}
[    1.283001] CPUunderclocking:   !! Rdmsr(1of2): core:3 idx:c001006b ... {Rdmsr kernel/smp.c:696}
[    1.283164] CPUunderclocking:     !! Rdmsr(2of2): core:3 idx:c001006b done. (resultx==8000012500006504 hi:80000125 lo:00006504) {Rdmsr kernel/smp.c:712}
[    1.283328] CPUunderclocking: !! Write(1of3) PState7 read : fid:16 did:4 vid:50 Multi:N/A {WritePState kernel/smp.c:854}
[    1.283489] CPUunderclocking: !! Write(2of3) PState7 write:0 did:2 vid:67 (multi:8) ... {WritePState kernel/smp.c:882}
[    1.283651] CPUunderclocking:   !! Wrmsr(before write): core:0/64 idx:c001006b valx:8000012500008602 ...  {Wrmsr kernel/smp.c:637}
[    1.283813] CPUunderclocking:     !! Wrmsr(after write): done. {Wrmsr kernel/smp.c:676}
[    1.284002] CPUunderclocking:   !! Wrmsr(before write): core:1/64 idx:c001006b valx:8000012500008602 ...  {Wrmsr kernel/smp.c:637}
[    1.284168] CPUunderclocking:     !! Wrmsr(after write): done. {Wrmsr kernel/smp.c:676}
[    1.284328] CPUunderclocking:   !! Wrmsr(before write): core:2/64 idx:c001006b valx:8000012500008602 ...  {Wrmsr kernel/smp.c:637}
[    1.284494] CPUunderclocking:     !! Wrmsr(after write): done. {Wrmsr kernel/smp.c:676}
[    1.284653] CPUunderclocking:   !! Wrmsr(before write): core:3/64 idx:c001006b valx:8000012500008602 ...  {Wrmsr kernel/smp.c:637}
[    1.284819] CPUunderclocking:     !! Wrmsr(after write): done. {Wrmsr kernel/smp.c:676}
[    1.284978] CPUunderclocking: !! Write(3of3) PState7 done. status:0 (0=success) {WritePState kernel/smp.c:884}
[    1.285001] CPUunderclocking: Switching to another p-state temporarily so to ensure that the current one uses newly applied values {apply_underclocking_if_needed kernel/smp.c:954}
[    1.285205] CPUunderclocking:   !! Rdmsr(1of2): core:0 idx:c0010071 ... {Rdmsr kernel/smp.c:696}
[    1.285366] CPUunderclocking:     !! Rdmsr(2of2): core:0 idx:c0010071 done. (resultx==003160975a014e40 hi:00316097 lo:5a014e40) {Rdmsr kernel/smp.c:712}
[    1.285530] CPUunderclocking:   !! Rdmsr(1of2): core:1 idx:c0010071 ... {Rdmsr kernel/smp.c:696}
[    1.285695] CPUunderclocking:     !! Rdmsr(2of2): core:1 idx:c0010071 done. (resultx==003160975a014fa3 hi:00316097 lo:5a014fa3) {Rdmsr kernel/smp.c:712}
[    1.286001] CPUunderclocking:     !! Rdmsr(3of2): different results for cores(this is expected to be so, depending on load) core[0] != core[1] (see above KERN_DEBUG msgs) {Rdmsr kernel/smp.c:717}
[    1.286206] CPUunderclocking:   !! Rdmsr(1of2): core:2 idx:c0010071 ... {Rdmsr kernel/smp.c:696}
[    1.286370] CPUunderclocking:     !! Rdmsr(2of2): core:2 idx:c0010071 done. (resultx==003160975a014fa3 hi:00316097 lo:5a014fa3) {Rdmsr kernel/smp.c:712}
[    1.286534] CPUunderclocking:   !! Rdmsr(1of2): core:3 idx:c0010071 ... {Rdmsr kernel/smp.c:696}
[    1.286697] CPUunderclocking:     !! Rdmsr(2of2): core:3 idx:c0010071 done. (resultx==003160975a014e40 hi:00316097 lo:5a014e40) {Rdmsr kernel/smp.c:712}
[    1.286861] CPUunderclocking:     !! Rdmsr(3of2): different results for cores(this is expected to be so, depending on load) core[2] != core[3] (see above KERN_DEBUG msgs) {Rdmsr kernel/smp.c:717}
[    1.287002] CPUunderclocking: !! currentpstate:1 temppstate:7 {apply_underclocking_if_needed kernel/smp.c:962}
[    1.287159] CPUunderclocking:   !! Rdmsr(1of2): core:0 idx:c0010062 ... {Rdmsr kernel/smp.c:696}
[    1.287315] CPUunderclocking:     !! Rdmsr(2of2): core:0 idx:c0010062 done. (resultx==0000000000000000 hi:00000000 lo:00000000) {Rdmsr kernel/smp.c:712}
[    1.287476] CPUunderclocking:   !! Rdmsr(1of2): core:1 idx:c0010062 ... {Rdmsr kernel/smp.c:696}
[    1.287637] CPUunderclocking:     !! Rdmsr(2of2): core:1 idx:c0010062 done. (resultx==0000000000000000 hi:00000000 lo:00000000) {Rdmsr kernel/smp.c:712}
[    1.287799] CPUunderclocking:   !! Rdmsr(1of2): core:2 idx:c0010062 ... {Rdmsr kernel/smp.c:696}
[    1.288005] CPUunderclocking:     !! Rdmsr(2of2): core:2 idx:c0010062 done. (resultx==0000000000000000 hi:00000000 lo:00000000) {Rdmsr kernel/smp.c:712}
[    1.288164] CPUunderclocking:   !! Rdmsr(1of2): core:3 idx:c0010062 ... {Rdmsr kernel/smp.c:696}
[    1.288325] CPUunderclocking:     !! Rdmsr(2of2): core:3 idx:c0010062 done. (resultx==0000000000000000 hi:00000000 lo:00000000) {Rdmsr kernel/smp.c:712}
[    1.288487] CPUunderclocking:   !! Wrmsr(before write): core:0/64 idx:c0010062 valx:0000000000000006 ...  {Wrmsr kernel/smp.c:637}
[    1.288648] CPUunderclocking:     !! Wrmsr(after write): done. {Wrmsr kernel/smp.c:676}
[    1.288821] CPUunderclocking:   !! Wrmsr(before write): core:1/64 idx:c0010062 valx:0000000000000006 ...  {Wrmsr kernel/smp.c:637}
[    1.289007] CPUunderclocking:     !! Wrmsr(after write): done. {Wrmsr kernel/smp.c:676}
[    1.289182] CPUunderclocking:   !! Wrmsr(before write): core:2/64 idx:c0010062 valx:0000000000000006 ...  {Wrmsr kernel/smp.c:637}
[    1.289363] CPUunderclocking:     !! Wrmsr(after write): done. {Wrmsr kernel/smp.c:676}
[    1.289536] CPUunderclocking:   !! Wrmsr(before write): core:3/64 idx:c0010062 valx:0000000000000006 ...  {Wrmsr kernel/smp.c:637}
[    1.289720] CPUunderclocking:     !! Wrmsr(after write): done. {Wrmsr kernel/smp.c:676}
[    1.289893] CPUunderclocking:   !! Rdmsr(1of2): core:0 idx:c0010063 ... {Rdmsr kernel/smp.c:696}
[    1.290007] CPUunderclocking:     !! Rdmsr(2of2): core:0 idx:c0010063 done. (resultx==0000000000000006 hi:00000000 lo:00000006) {Rdmsr kernel/smp.c:712}
[    1.290189] CPUunderclocking:   !! Rdmsr(1of2): core:1 idx:c0010063 ... {Rdmsr kernel/smp.c:696}
[    1.290369] CPUunderclocking:     !! Rdmsr(2of2): core:1 idx:c0010063 done. (resultx==0000000000000000 hi:00000000 lo:00000000) {Rdmsr kernel/smp.c:712}
[    1.290550] CPUunderclocking:     !! Rdmsr(3of2): different results for cores(this is expected to be so, depending on load) core[0] != core[1] (see above KERN_DEBUG msgs) {Rdmsr kernel/smp.c:717}
[    1.290774] CPUunderclocking:   !! Rdmsr(1of2): core:2 idx:c0010063 ... {Rdmsr kernel/smp.c:696}
[    1.291010] CPUunderclocking:     !! Rdmsr(2of2): core:2 idx:c0010063 done. (resultx==0000000000000000 hi:00000000 lo:00000000) {Rdmsr kernel/smp.c:712}
[    1.291191] CPUunderclocking:   !! Rdmsr(1of2): core:3 idx:c0010063 ... {Rdmsr kernel/smp.c:696}
[    1.291373] CPUunderclocking:     !! Rdmsr(2of2): core:3 idx:c0010063 done. (resultx==0000000000000006 hi:00000000 lo:00000006) {Rdmsr kernel/smp.c:712}
[    1.291556] CPUunderclocking:     !! Rdmsr(3of2): different results for cores(this is expected to be so, depending on load) core[2] != core[3] (see above KERN_DEBUG msgs) {Rdmsr kernel/smp.c:717}
[    1.291788] CPUunderclocking: Waiting for PState to settle at wanted. Current: i(16bits)=6 j(64bits)=6 wantedpstate=6 tries left:9 {SetCurrentPState kernel/smp.c:926}
[    1.292004] CPUunderclocking:   !! Rdmsr(1of2): core:0 idx:c0010071 ... {Rdmsr kernel/smp.c:696}
[    1.292183] CPUunderclocking:     !! Rdmsr(2of2): core:0 idx:c0010071 done. (resultx==003160975a074e02 hi:00316097 lo:5a074e02) {Rdmsr kernel/smp.c:712}
[    1.292367] CPUunderclocking:   !! Rdmsr(1of2): core:1 idx:c0010071 ... {Rdmsr kernel/smp.c:696}
[    1.292550] CPUunderclocking:     !! Rdmsr(2of2): core:1 idx:c0010071 done. (resultx==003160975a014fa3 hi:00316097 lo:5a014fa3) {Rdmsr kernel/smp.c:712}
[    1.292735] CPUunderclocking:     !! Rdmsr(3of2): different results for cores(this is expected to be so, depending on load) core[0] != core[1] (see above KERN_DEBUG msgs) {Rdmsr kernel/smp.c:717}
[    1.293004] CPUunderclocking:   !! Rdmsr(1of2): core:2 idx:c0010071 ... {Rdmsr kernel/smp.c:696}
[    1.293187] CPUunderclocking:     !! Rdmsr(2of2): core:2 idx:c0010071 done. (resultx==003160975a014fa3 hi:00316097 lo:5a014fa3) {Rdmsr kernel/smp.c:712}
[    1.293372] CPUunderclocking:   !! Rdmsr(1of2): core:3 idx:c0010071 ... {Rdmsr kernel/smp.c:696}
[    1.293555] CPUunderclocking:     !! Rdmsr(2of2): core:3 idx:c0010071 done. (resultx==003160975a074e02 hi:00316097 lo:5a074e02) {Rdmsr kernel/smp.c:712}
[    1.293739] CPUunderclocking:     !! Rdmsr(3of2): different results for cores(this is expected to be so, depending on load) core[2] != core[3] (see above KERN_DEBUG msgs) {Rdmsr kernel/smp.c:717}
[    1.294004] CPUunderclocking: !! currentpstate:7 {apply_underclocking_if_needed kernel/smp.c:964}
[    1.294181] CPUunderclocking:   !! Rdmsr(1of2): core:0 idx:c0010062 ... {Rdmsr kernel/smp.c:696}
[    1.294359] CPUunderclocking:     !! Rdmsr(2of2): core:0 idx:c0010062 done. (resultx==0000000000000006 hi:00000000 lo:00000006) {Rdmsr kernel/smp.c:712}
[    1.294544] CPUunderclocking:   !! Rdmsr(1of2): core:1 idx:c0010062 ... {Rdmsr kernel/smp.c:696}
[    1.294725] CPUunderclocking:     !! Rdmsr(2of2): core:1 idx:c0010062 done. (resultx==0000000000000006 hi:00000000 lo:00000006) {Rdmsr kernel/smp.c:712}
[    1.294908] CPUunderclocking:   !! Rdmsr(1of2): core:2 idx:c0010062 ... {Rdmsr kernel/smp.c:696}
[    1.295009] CPUunderclocking:     !! Rdmsr(2of2): core:2 idx:c0010062 done. (resultx==0000000000000006 hi:00000000 lo:00000006) {Rdmsr kernel/smp.c:712}
[    1.295193] CPUunderclocking:   !! Rdmsr(1of2): core:3 idx:c0010062 ... {Rdmsr kernel/smp.c:696}
[    1.295375] CPUunderclocking:     !! Rdmsr(2of2): core:3 idx:c0010062 done. (resultx==0000000000000006 hi:00000000 lo:00000006) {Rdmsr kernel/smp.c:712}
[    1.295559] CPUunderclocking:   !! Wrmsr(before write): core:0/64 idx:c0010062 valx:0000000000000000 ...  {Wrmsr kernel/smp.c:637}
[    1.295742] CPUunderclocking:     !! Wrmsr(after write): done. {Wrmsr kernel/smp.c:676}
[    1.295902] CPUunderclocking:   !! Wrmsr(before write): core:1/64 idx:c0010062 valx:0000000000000000 ...  {Wrmsr kernel/smp.c:637}
[    1.296005] CPUunderclocking:     !! Wrmsr(after write): done. {Wrmsr kernel/smp.c:676}
[    1.296164] CPUunderclocking:   !! Wrmsr(before write): core:2/64 idx:c0010062 valx:0000000000000000 ...  {Wrmsr kernel/smp.c:637}
[    1.296330] CPUunderclocking:     !! Wrmsr(after write): done. {Wrmsr kernel/smp.c:676}
[    1.296490] CPUunderclocking:   !! Wrmsr(before write): core:3/64 idx:c0010062 valx:0000000000000000 ...  {Wrmsr kernel/smp.c:637}
[    1.296660] CPUunderclocking:     !! Wrmsr(after write): done. {Wrmsr kernel/smp.c:676}
[    1.296819] CPUunderclocking:   !! Rdmsr(1of2): core:0 idx:c0010063 ... {Rdmsr kernel/smp.c:696}
[    1.297003] CPUunderclocking:     !! Rdmsr(2of2): core:0 idx:c0010063 done. (resultx==0000000000000000 hi:00000000 lo:00000000) {Rdmsr kernel/smp.c:712}
[    1.297166] CPUunderclocking:   !! Rdmsr(1of2): core:1 idx:c0010063 ... {Rdmsr kernel/smp.c:696}
[    1.297331] CPUunderclocking:     !! Rdmsr(2of2): core:1 idx:c0010063 done. (resultx==0000000000000000 hi:00000000 lo:00000000) {Rdmsr kernel/smp.c:712}
[    1.297495] CPUunderclocking:   !! Rdmsr(1of2): core:2 idx:c0010063 ... {Rdmsr kernel/smp.c:696}
[    1.297659] CPUunderclocking:     !! Rdmsr(2of2): core:2 idx:c0010063 done. (resultx==0000000000000000 hi:00000000 lo:00000000) {Rdmsr kernel/smp.c:712}
[    1.298001] CPUunderclocking:   !! Rdmsr(1of2): core:3 idx:c0010063 ... {Rdmsr kernel/smp.c:696}
[    1.299006] CPUunderclocking:     !! Rdmsr(2of2): core:3 idx:c0010063 done. (resultx==0000000000000000 hi:00000000 lo:00000000) {Rdmsr kernel/smp.c:712}
[    1.299170] CPUunderclocking: Waiting for PState to settle at wanted. Current: i(16bits)=0 j(64bits)=0 wantedpstate=0 tries left:9 {SetCurrentPState kernel/smp.c:926}
[    1.299374] CPUunderclocking:   !! Rdmsr(1of2): core:0 idx:c0010071 ... {Rdmsr kernel/smp.c:696}
[    1.299535] CPUunderclocking:     !! Rdmsr(2of2): core:0 idx:c0010071 done. (resultx==003160975a014e40 hi:00316097 lo:5a014e40) {Rdmsr kernel/smp.c:712}
[    1.299699] CPUunderclocking:   !! Rdmsr(1of2): core:1 idx:c0010071 ... {Rdmsr kernel/smp.c:696}
[    1.299863] CPUunderclocking:     !! Rdmsr(2of2): core:1 idx:c0010071 done. (resultx==003160975a014fa3 hi:00316097 lo:5a014fa3) {Rdmsr kernel/smp.c:712}
[    1.300001] CPUunderclocking:     !! Rdmsr(3of2): different results for cores(this is expected to be so, depending on load) core[0] != core[1] (see above KERN_DEBUG msgs) {Rdmsr kernel/smp.c:717}
[    1.300205] CPUunderclocking:   !! Rdmsr(1of2): core:2 idx:c0010071 ... {Rdmsr kernel/smp.c:696}
[    1.300370] CPUunderclocking:     !! Rdmsr(2of2): core:2 idx:c0010071 done. (resultx==003160975a014fa3 hi:00316097 lo:5a014fa3) {Rdmsr kernel/smp.c:712}
[    1.300534] CPUunderclocking:   !! Rdmsr(1of2): core:3 idx:c0010071 ... {Rdmsr kernel/smp.c:696}
[    1.300697] CPUunderclocking:     !! Rdmsr(2of2): core:3 idx:c0010071 done. (resultx==003160975a014e40 hi:00316097 lo:5a014e40) {Rdmsr kernel/smp.c:712}
[    1.300861] CPUunderclocking:     !! Rdmsr(3of2): different results for cores(this is expected to be so, depending on load) core[2] != core[3] (see above KERN_DEBUG msgs) {Rdmsr kernel/smp.c:717}
[    1.301002] CPUunderclocking: !! currentpstate:1 {apply_underclocking_if_needed kernel/smp.c:966}
[    1.301161] CPUunderclocking: done. {apply_underclocking_if_needed kernel/smp.c:969}
[    1.301321] smpboot: Boot done
[    1.301442] ----------------
[    1.301560] | NMI testsuite:
[    1.301679] --------------------
[    1.301798]   remote IPI:  ok  |
[    1.305256]    local IPI:  ok  |
[    1.315020] --------------------
[    1.315213] Good, all   2 testcases passed! |
[    1.315341] ---------------------------------
[    1.315470] smpboot: Before bogomips
[    1.315598] smpboot: Total of 4 processors activated (11178.60 BogoMIPS)
[    1.315726] smpboot: Before bogocount - setting activated=1
[    1.318912] devtmpfs: initialized
[    1.319220] device: 'platform': device_add
[    1.319739] bus: 'platform': registered
[    1.320169] bus: 'cpu': registered
[    1.320356] device: 'cpu': device_add
[    1.320987] bus: 'container': registered
[    1.321014] device: 'container': device_add
[    1.324722] bus: 'workqueue': registered
[    1.324916] device: 'workqueue': device_add
[    1.325518] clocksource: jiffies: mask: 0xffffffff max_cycles: 0xffffffff, max_idle_ns: 1911260446275000 ns
[    1.325901] xor: measuring software checksum speed
[    1.336002]    prefetch64-sse:  8796.000 MB/sec
[    1.346002]    generic_sse:  7912.000 MB/sec
[    1.346175] xor: using function: prefetch64-sse (8796.000 MB/sec)
[    1.346314] atomic64_test: passed for x86-64 platform with CX8 and with SSE
[    1.346443] device class 'regulator': registering
[    1.346800] Registering platform device 'reg-dummy'. Parent at platform
[    1.346982] device: 'reg-dummy': device_add
[    1.347066] bus: 'platform': add device reg-dummy
[    1.347527] bus: 'platform': add driver reg-dummy
[    1.347734] bus: 'platform': driver_probe_device: matched device reg-dummy with driver reg-dummy
[    1.348002] bus: 'platform': really_probe: probing driver reg-dummy with device reg-dummy
[    1.348234] devices_kset: Moving reg-dummy to end of list
[    1.348451] regulator-dummy: no parameters
[    1.348633] device: 'regulator.0': device_add
[    1.349529] driver: 'reg-dummy': driver_bound: bound to device 'reg-dummy'
[    1.349705] bus: 'platform': really_probe: bound device reg-dummy to driver reg-dummy
[    1.350903] NET: Registered protocol family 16
[    1.351532] device class 'bdi': registering
[    1.351818] bus: 'platform': add driver ramoops
[    1.352177] device class 'pci_bus': registering
[    1.352606] bus: 'pci': registered
[    1.352789] device class 'backlight': registering
[    1.353058] device class 'tty': registering
[    1.353293] device class 'vtconsole': registering
[    1.353543] device: 'vtcon0': device_add
[    1.354303] bus: 'node': registered
[    1.354491] device: 'node': device_add
[    1.355130] bus: 'i2c': registered
[    1.355340] bus: 'i2c': add driver dummy
[    1.355643] i2c-core: driver [dummy] registered
[    1.361016] cpuidle: using governor ladder
[    1.365009] cpuidle: using governor menu
[    1.365885] ACPI FADT declares the system doesn't support PCIe ASPM, so disable it
[    1.366007] ACPI: bus type PCI registered
[    1.366136] acpiphp: ACPI Hot Plug PCI Controller Driver version: 0.5
[    1.366267] device class 'dmi': registering
[    1.366464] device: 'id': device_add
[    1.367731] PCI: MMCONFIG for domain 0000 [bus 00-3f] at [mem 0xf8000000-0xfbffffff] (base 0xf8000000)
[    1.367954] PCI: not using MMCONFIG
[    1.368009] PCI: Using configuration type 1 for base access
[    1.368136] PCI: Using configuration type 1 for extended access
[    1.368835] device: 'node0': device_add
[    1.369212] bus: 'node': add device node0
[    1.369651] device: 'cpu0': device_add
[    1.369881] bus: 'cpu': add device cpu0
[    1.370342] device: 'cpu1': device_add
[    1.370594] bus: 'cpu': add device cpu1
[    1.371257] device: 'cpu2': device_add
[    1.371509] bus: 'cpu': add device cpu2
[    1.372010] device: 'cpu3': device_add
[    1.372267] bus: 'cpu': add device cpu3
[    1.437567] device: 'writeback': device_add
[    1.437822] bus: 'workqueue': add device writeback
[    1.438622] HugeTLB registered 2 MB page size, pre-allocated 0 pages
[    1.439603] device class 'block': registering
[    1.457017] raid6: sse2x1   gen()  2984 MB/s
[    1.474010] raid6: sse2x1   xor()  3419 MB/s
[    1.491015] raid6: sse2x2   gen()  4566 MB/s
[    1.508006] raid6: sse2x2   xor()  4941 MB/s
[    1.525003] raid6: sse2x4   gen()  5566 MB/s
[    1.542001] raid6: sse2x4   xor()  2937 MB/s
[    1.542175] raid6: using algorithm sse2x4 gen() 5566 MB/s
[    1.542301] raid6: .... xor() 2937 MB/s, rmw enabled
[    1.542429] raid6: using intx1 recovery algorithm
[    1.542641] device class 'graphics': registering
[    1.543022] ACPI: Added _OSI(Module Device)
[    1.543195] ACPI: Added _OSI(Processor Device)
[    1.543322] ACPI: Added _OSI(3.0 _SCP Extensions)
[    1.543449] ACPI: Added _OSI(Processor Aggregator Device)
[    1.707443] ACPI: [Firmware Bug]: BIOS _OSI(Linux) query ignored
[    1.726799] ACPI : EC: +++++ EC started +++++
[    1.780497] ACPI: Interpreter enabled
[    1.780686] ACPI: (supports S0 S5)
[    1.780860] ACPI: Using IOAPIC for interrupt routing
[    1.786307] bus: 'acpi': registered
[    1.786502] PCI: MMCONFIG for domain 0000 [bus 00-3f] at [mem 0xf8000000-0xfbffffff] (base 0xf8000000)
[    1.800648] PCI: MMCONFIG at [mem 0xf8000000-0xfbffffff] reserved in ACPI motherboard resources
[    1.800911] PCI: Using host bridge windows from ACPI; if necessary, use "pci=nocrs" and report a bug
[    1.801420] device: 'LNXSYSTM:00': device_add
[    1.801670] bus: 'acpi': add device LNXSYSTM:00
[    1.802887] device: 'LNXCPU:00': device_add
[    1.803078] bus: 'acpi': add device LNXCPU:00
[    1.804225] device: 'LNXCPU:01': device_add
[    1.804472] bus: 'acpi': add device LNXCPU:01
[    1.805549] device: 'LNXCPU:02': device_add
[    1.805799] bus: 'acpi': add device LNXCPU:02
[    1.806887] device: 'LNXCPU:03': device_add
[    1.807077] bus: 'acpi': add device LNXCPU:03
[    1.809021] device: 'LNXSYBUS:00': device_add
[    1.809276] bus: 'acpi': add device LNXSYBUS:00
[    1.811185] device: 'PNP0C0C:00': device_add
[    1.811439] bus: 'acpi': add device PNP0C0C:00
[    1.813462] device: 'PNP0A08:00': device_add
[    1.813711] bus: 'acpi': add device PNP0A08:00
[    1.815705] device: 'PNP0C02:00': device_add
[    1.815955] bus: 'acpi': add device PNP0C02:00
[    1.818238] device: 'device:00': device_add
[    1.818488] bus: 'acpi': add device device:00
[    1.820362] device: 'device:01': device_add
[    1.820609] bus: 'acpi': add device device:01
[    1.822489] device: 'device:02': device_add
[    1.822736] bus: 'acpi': add device device:02
[    1.824965] device: 'device:03': device_add
[    1.825078] bus: 'acpi': add device device:03
[    1.827085] device: 'LNXVIDEO:00': device_add
[    1.827333] bus: 'acpi': add device LNXVIDEO:00
[    1.829552] device: 'device:04': device_add
[    1.829803] bus: 'acpi': add device device:04
[    1.831923] device: 'device:05': device_add
[    1.832079] bus: 'acpi': add device device:05
[    1.834030] device: 'device:06': device_add
[    1.834279] bus: 'acpi': add device device:06
[    1.836390] device: 'device:07': device_add
[    1.836639] bus: 'acpi': add device device:07
[    1.838489] device: 'device:08': device_add
[    1.839082] bus: 'acpi': add device device:08
[    1.841833] device: 'device:09': device_add
[    1.842077] bus: 'acpi': add device device:09
[    1.843947] device: 'device:0a': device_add
[    1.844078] bus: 'acpi': add device device:0a
[    1.846436] device: 'device:0b': device_add
[    1.846683] bus: 'acpi': add device device:0b
[    1.848562] device: 'device:0c': device_add
[    1.848811] bus: 'acpi': add device device:0c
[    1.851059] device: 'device:0d': device_add
[    1.851309] bus: 'acpi': add device device:0d
[    1.853183] device: 'device:0e': device_add
[    1.853430] bus: 'acpi': add device device:0e
[    1.855665] device: 'device:0f': device_add
[    1.855913] bus: 'acpi': add device device:0f
[    1.857788] device: 'device:10': device_add
[    1.858045] bus: 'acpi': add device device:10
[    1.860237] device: 'device:11': device_add
[    1.860485] bus: 'acpi': add device device:11
[    1.862360] device: 'device:12': device_add
[    1.862609] bus: 'acpi': add device device:12
[    1.864448] device: 'device:13': device_add
[    1.864695] bus: 'acpi': add device device:13
[    1.866560] device: 'device:14': device_add
[    1.866814] bus: 'acpi': add device device:14
[    1.869034] device: 'device:15': device_add
[    1.869284] bus: 'acpi': add device device:15
[    1.871133] device: 'device:16': device_add
[    1.871379] bus: 'acpi': add device device:16
[    1.873240] device: 'device:17': device_add
[    1.873487] bus: 'acpi': add device device:17
[    1.875340] device: 'device:18': device_add
[    1.875590] bus: 'acpi': add device device:18
[    1.877809] device: 'device:19': device_add
[    1.878066] bus: 'acpi': add device device:19
[    1.879916] device: 'device:1a': device_add
[    1.880078] bus: 'acpi': add device device:1a
[    1.882011] device: 'device:1b': device_add
[    1.882264] bus: 'acpi': add device device:1b
[    1.884482] device: 'device:1c': device_add
[    1.884730] bus: 'acpi': add device device:1c
[    1.886593] device: 'device:1d': device_add
[    1.886840] bus: 'acpi': add device device:1d
[    1.888684] device: 'device:1e': device_add
[    1.888929] bus: 'acpi': add device device:1e
[    1.891150] device: 'device:1f': device_add
[    1.891399] bus: 'acpi': add device device:1f
[    1.893250] device: 'device:20': device_add
[    1.893500] bus: 'acpi': add device device:20
[    1.895726] device: 'device:21': device_add
[    1.895974] bus: 'acpi': add device device:21
[    1.897826] device: 'device:22': device_add
[    1.898077] bus: 'acpi': add device device:22
[    1.900301] device: 'device:23': device_add
[    1.900555] bus: 'acpi': add device device:23
[    1.902765] device: 'device:24': device_add
[    1.903013] bus: 'acpi': add device device:24
[    1.905564] device: 'device:25': device_add
[    1.905813] bus: 'acpi': add device device:25
[    1.907679] device: 'device:26': device_add
[    1.907928] bus: 'acpi': add device device:26
[    1.910077] device: 'device:27': device_add
[    1.910326] bus: 'acpi': add device device:27
[    1.916665] device: 'device:28': device_add
[    1.916916] bus: 'acpi': add device device:28
[    1.923229] device: 'device:29': device_add
[    1.923477] bus: 'acpi': add device device:29
[    1.925624] device: 'device:2a': device_add
[    1.925873] bus: 'acpi': add device device:2a
[    1.932193] device: 'device:2b': device_add
[    1.932443] bus: 'acpi': add device device:2b
[    1.938743] device: 'device:2c': device_add
[    1.939002] bus: 'acpi': add device device:2c
[    1.942113] device: 'device:2d': device_add
[    1.942362] bus: 'acpi': add device device:2d
[    1.944251] device: 'device:2e': device_add
[    1.944501] bus: 'acpi': add device device:2e
[    1.947785] device: 'device:2f': device_add
[    1.948050] bus: 'acpi': add device device:2f
[    1.949926] device: 'device:30': device_add
[    1.950077] bus: 'acpi': add device device:30
[    1.952166] device: 'device:31': device_add
[    1.952415] bus: 'acpi': add device device:31
[    1.954557] device: 'device:32': device_add
[    1.954805] bus: 'acpi': add device device:32
[    1.957690] device: 'PNP0C0F:00': device_add
[    1.957939] bus: 'acpi': add device PNP0C0F:00
[    1.960916] device: 'PNP0C0F:01': device_add
[    1.961078] bus: 'acpi': add device PNP0C0F:01
[    1.964127] device: 'PNP0C0F:02': device_add
[    1.964378] bus: 'acpi': add device PNP0C0F:02
[    1.967338] device: 'PNP0C0F:03': device_add
[    1.967587] bus: 'acpi': add device PNP0C0F:03
[    1.970585] device: 'PNP0C0F:04': device_add
[    1.970833] bus: 'acpi': add device PNP0C0F:04
[    1.973857] device: 'PNP0C0F:05': device_add
[    1.974078] bus: 'acpi': add device PNP0C0F:05
[    1.977125] device: 'PNP0C0F:06': device_add
[    1.977374] bus: 'acpi': add device PNP0C0F:06
[    1.980380] device: 'PNP0C0F:07': device_add
[    1.980630] bus: 'acpi': add device PNP0C0F:07
[    1.982602] device: 'PNP0200:00': device_add
[    1.982850] bus: 'acpi': add device PNP0200:00
[    1.984756] device: 'PNP0C04:00': device_add
[    1.985013] bus: 'acpi': add device PNP0C04:00
[    1.986897] device: 'PNP0000:00': device_add
[    1.987083] bus: 'acpi': add device PNP0000:00
[    1.989049] device: 'PNP0B00:00': device_add
[    1.989297] bus: 'acpi': add device PNP0B00:00
[    1.991196] device: 'PNP0800:00': device_add
[    1.991445] bus: 'acpi': add device PNP0800:00
[    1.993337] device: 'PNP0100:00': device_add
[    1.993586] bus: 'acpi': add device PNP0100:00
[    1.995469] device: 'PNP0C02:01': device_add
[    1.995722] bus: 'acpi': add device PNP0C02:01
[    1.998145] device: 'PNP0C01:00': device_add
[    1.998394] bus: 'acpi': add device PNP0C01:00
[    2.000924] device: 'PNP0C09:00': device_add
[    2.001078] bus: 'acpi': add device PNP0C09:00
[    2.003740] device: 'ACPI0003:00': device_add
[    2.003988] bus: 'acpi': add device ACPI0003:00
[    2.008775] device: 'PNP0C0A:00': device_add
[    2.009034] bus: 'acpi': add device PNP0C0A:00
[    2.011673] device: 'VPC2004:00': device_add
[    2.011923] bus: 'acpi': add device VPC2004:00
[    2.013893] device: 'PNP0303:00': device_add
[    2.014078] bus: 'acpi': add device PNP0303:00
[    2.018135] device: 'SYN0326:00': device_add
[    2.018386] bus: 'acpi': add device SYN0326:00
[    2.020631] device: 'device:33': device_add
[    2.020878] bus: 'acpi': add device device:33
[    2.023096] device: 'device:34': device_add
[    2.023343] bus: 'acpi': add device device:34
[    2.025189] device: 'device:35': device_add
[    2.025439] bus: 'acpi': add device device:35
