[    0.000000] Linux version 4.7.0-g0cbbc42 (z@myzee) (gcc version 6.1.1 20160707 (GCC) ) #8 SMP PREEMPT Sat Aug 6 19:09:43 EEST 2016
[    0.000000] Command line: BOOT_IMAGE=/boot/vmlinuz-linux-git root=UUID=96efaea0-86dc-485a-af36-36706f9f3908 rw root_trim=yes rd.luks.allow-discards ipv6.disable=1 pnp.debug=1 loglevel=9 log_buf_len=10M printk.always_kmsg_dump=y printk.time=y printk.devkmsg=on mminit_loglevel=0 memory_corruption_check=1 nohz=on rcu_nocbs=1-3 fbcon=scrollback:4096k fbcon=font:ProFont6x11 apic=debug dynamic_debug.verbose=1 "dyndbg=file arch/x86/kernel/apic/* +pflmt ; file drivers/video/* +pflmt ; file drivers/input/* -pflmt ; file drivers/acpi/* -pflmt" acpi_backlight=vendor radeon.audio=0 radeon.lockup_timeout=999000 radeon.test=0 radeon.agpmode=-1 radeon.benchmark=0 radeon.tv=0 radeon.hard_reset=1 radeon.msi=1 radeon.pcie_gen2=-1 radeon.no_wb=1 radeon.dynclks=0 radeon.r4xx_atom=0 radeonfb radeon.fastfb=1 radeon.dpm=1 radeon.runpm=1 rd.debug rd.udev.debug rd.memdebug=3 net.ifnames=1 slub_debug=U pax_sanitize_slab=full noefi nolvm dobtrfs console=tty1 earlyprintk=vga CPUunderclocking radeon.modeset=1 audit
[    0.000000] KERNEL supported cpus:
[    0.000000]   AMD AuthenticAMD
[    0.000000] x86/fpu: Legacy x87 FPU detected.
[    0.000000] x86/fpu: Using 'eager' FPU context switches.
[    0.000000] e820: BIOS-provided physical RAM map:
[    0.000000] BIOS-e820: [mem 0x0000000000000000-0x000000000009d7ff] usable
[    0.000000] BIOS-e820: [mem 0x000000000009d800-0x000000000009ffff] reserved
[    0.000000] BIOS-e820: [mem 0x00000000000e0000-0x00000000000fffff] reserved
[    0.000000] BIOS-e820: [mem 0x0000000000100000-0x00000000bed9afff] usable
[    0.000000] BIOS-e820: [mem 0x00000000bed9b000-0x00000000bf39afff] reserved
[    0.000000] BIOS-e820: [mem 0x00000000bf39b000-0x00000000bf49afff] ACPI NVS
[    0.000000] BIOS-e820: [mem 0x00000000bf49b000-0x00000000bf51afff] ACPI data
[    0.000000] BIOS-e820: [mem 0x00000000bf51b000-0x00000000bfdfffff] usable
[    0.000000] BIOS-e820: [mem 0x00000000bfe00000-0x00000000bfffffff] reserved
[    0.000000] BIOS-e820: [mem 0x00000000fec00000-0x00000000fecfffff] reserved
[    0.000000] BIOS-e820: [mem 0x00000000fed80000-0x00000000fed80fff] reserved
[    0.000000] BIOS-e820: [mem 0x00000000ffe00000-0x00000000ffffffff] reserved
[    0.000000] BIOS-e820: [mem 0x0000000100000000-0x000000041effffff] usable
[    0.000000] bootconsole [earlyvga0] enabled
[    0.000000] NX (Execute Disable) protection: active
[    0.000000] SMBIOS 2.6 present.
[    0.000000] DMI: LENOVO Sabine/Torpedo, BIOS 54CN18WW 07/20/2011
[    0.000000] e820: update [mem 0x00000000-0x00000fff] usable ==> reserved
[    0.000000] e820: remove [mem 0x000a0000-0x000fffff] usable
[    0.000000] e820: last_pfn = 0x41f000 max_arch_pfn = 0x400000000
[    0.000000] MTRR default type: uncachable
[    0.000000] MTRR fixed ranges enabled:
[    0.000000]   00000-9FFFF write-back
[    0.000000]   A0000-BFFFF uncachable
[    0.000000]   C0000-FFFFF write-protect
[    0.000000] MTRR variable ranges enabled:
[    0.000000]   0 base 0000000000 mask FF80000000 write-back
[    0.000000]   1 base 0080000000 mask FFC0000000 write-back
[    0.000000]   2 base 00FFF90000 mask FFFFFF0000 uncachable
[    0.000000]   3 base 00FED80000 mask 0FFFFFF000 uncachable
[    0.000000]   4 disabled
[    0.000000]   5 disabled
[    0.000000]   6 disabled
[    0.000000]   7 base 00FFE00000 mask FFFFE00000 write-protect
[    0.000000] TOM2: 000000041f000000 aka 16880M
[    0.000000] x86/PAT: Configuration [0-7]: WB  WC  UC- UC  WB  WC  UC- WT  
[    0.000000] mtrr: your BIOS has configured an incorrect mask, fixing it.
[    0.000000] e820: last_pfn = 0xbfe00 max_arch_pfn = 0x400000000
[    0.000000] Scan for SMP in [mem 0x00000000-0x000003ff]
[    0.000000] Scan for SMP in [mem 0x0009fc00-0x0009ffff]
[    0.000000] Scan for SMP in [mem 0x000f0000-0x000fffff]
[    0.000000] found SMP MP-table at [mem 0x000fa8b0-0x000fa8bf] mapped at [ffff966f800fa8b0]
[    0.000000]   mpc: fa8c0-faa24
[    0.000000] Base memory trampoline at [ffff966f80097000] 97000 size 24576
[    0.000000] Using GB pages for direct mapping
[    0.000000] BRK [0x2d5030000, 0x2d5030fff] PGTABLE
[    0.000000] BRK [0x2d5031000, 0x2d5031fff] PGTABLE
[    0.000000] BRK [0x2d5032000, 0x2d5032fff] PGTABLE
[    0.000000] BRK [0x2d5033000, 0x2d5033fff] PGTABLE
[    0.000000] BRK [0x2d5034000, 0x2d5034fff] PGTABLE
[    0.000000] BRK [0x2d5035000, 0x2d5035fff] PGTABLE
[    0.000000] log_buf_len: 16777216 bytes
[    0.000000] early log buf free: 2092580(99%)
[    0.000000] RAMDISK: [mem 0x37b83000-0x37db8fff]
[    0.000000] ACPI: Early table checksum verification disabled
[    0.000000] ACPI: RSDP 0x00000000000F0110 000024 (v02 LENOVO)
[    0.000000] ACPI: XSDT 0x00000000BF51A120 000074 (v01 LENOVO CB-01    00000001 LENO 00000001)
[    0.000000] ACPI: FACP 0x00000000BF508000 0000F4 (v04 LENOVO CB-01    00000001 PTL  00000001)
[    0.000000] ACPI: DSDT 0x00000000BF50A000 00FD10 (v01 LENOVO CB-01    00001000 LENO 00000001)
[    0.000000] ACPI: FACS 0x00000000BF478000 000040
[    0.000000] ACPI: FACS 0x00000000BF478000 000040
[    0.000000] ACPI: HPET 0x00000000BF507000 000038 (v01 LENOVO CB-01    00000001 PTL  00000001)
[    0.000000] ACPI: APIC 0x00000000BF506000 00007A (v02 LENOVO CB-01    00000001 PTL  00000001)
[    0.000000] ACPI: MCFG 0x00000000BF505000 00003C (v01 LENOVO CB-01    00000001 PTL  00000001)
[    0.000000] ACPI: SLIC 0x00000000BF504000 000176 (v01 LENOVO CB-01    00000001 LENO 00000001)
[    0.000000] ACPI: UEFI 0x00000000BF503000 00003E (v01 LENOVO CB-01    00000001 PTL  00000001)
[    0.000000] ACPI: UEFI 0x00000000BF502000 000042 (v01 PTL    COMBUF   00000001 PTL  00000001)
[    0.000000] ACPI: SSDT 0x00000000BF501000 000E34 (v01 AMD    POWERNOW 00000001 AMD  00000001)
[    0.000000] ACPI: SSDT 0x00000000BF4FF000 00193D (v02 AMD    ALIB     00000001 MSFT 04000000)
[    0.000000] ACPI: UEFI 0x00000000BF4FE000 0001DE (v01 LENOVO CB-01    00000001 PTL  00000001)
[    0.000000] ACPI: Local APIC address 0xfee00000
[    0.000000] mapped APIC to ffffffffff7fc000 (        fee00000)
[    0.000000] No NUMA configuration found
[    0.000000] Faking a node at [mem 0x0000000000000000-0x000000041effffff]
[    0.000000] NODE_DATA(0) allocated [mem 0x41dff9000-0x41dffcfff]
[    0.000000] Zone ranges:
[    0.000000]   DMA      [mem 0x0000000000001000-0x0000000000ffffff]
[    0.000000]   DMA32    [mem 0x0000000001000000-0x00000000ffffffff]
[    0.000000]   Normal   [mem 0x0000000100000000-0x000000041effffff]
[    0.000000] Movable zone start for each node
[    0.000000] Early memory node ranges
[    0.000000]   node   0: [mem 0x0000000000001000-0x000000000009cfff]
[    0.000000]   node   0: [mem 0x0000000000100000-0x00000000bed9afff]
[    0.000000]   node   0: [mem 0x00000000bf51b000-0x00000000bfdfffff]
[    0.000000]   node   0: [mem 0x0000000100000000-0x000000041effffff]
[    0.000000] Initmem setup node 0 [mem 0x0000000000001000-0x000000041effffff]
[    0.000000] On node 0 totalpages: 4056604
[    0.000000]   DMA zone: 64 pages used for memmap
[    0.000000]   DMA zone: 21 pages reserved
[    0.000000]   DMA zone: 3996 pages, LIFO batch:0
[    0.000000]   DMA32 zone: 12186 pages used for memmap
[    0.000000]   DMA32 zone: 779904 pages, LIFO batch:31
[    0.000000]   Normal zone: 51136 pages used for memmap
[    0.000000]   Normal zone: 3272704 pages, LIFO batch:31
[    0.000000] ACPI: PM-Timer IO Port: 0x808
[    0.000000] ACPI: Local APIC address 0xfee00000
[    0.000000] mapped APIC to ffffffffff7fc000 (        fee00000)
[    0.000000] ACPI: LAPIC (acpi_id[0x00] lapic_id[0x00] enabled)
[    0.000000] ACPI: LAPIC (acpi_id[0x01] lapic_id[0x01] enabled)
[    0.000000] ACPI: LAPIC (acpi_id[0x02] lapic_id[0x02] enabled)
[    0.000000] ACPI: LAPIC (acpi_id[0x03] lapic_id[0x03] enabled)
[    0.000000] ACPI: LAPIC_NMI (acpi_id[0x00] high edge lint[0x1])
[    0.000000] ACPI: LAPIC_NMI (acpi_id[0x01] high edge lint[0x1])
[    0.000000] ACPI: LAPIC_NMI (acpi_id[0x02] high edge lint[0x1])
[    0.000000] ACPI: LAPIC_NMI (acpi_id[0x03] high edge lint[0x1])
[    0.000000] ACPI: IOAPIC (id[0x02] address[0xfec00000] gsi_base[0])
[    0.000000] IOAPIC[0]: apic_id 2, version 33, address 0xfec00000, GSI 0-23
[    0.000000] ACPI: INT_SRC_OVR (bus 0 bus_irq 0 global_irq 2 dfl dfl)
[    0.000000] Int: type 0, pol 0, trig 0, bus 00, IRQ 00, APIC ID 2, APIC INT 02
[    0.000000] Int: type 0, pol 3, trig 3, bus 00, IRQ 09, APIC ID 2, APIC INT 09
[    0.000000] ACPI: IRQ0 used by override.
[    0.000000] Int: type 0, pol 0, trig 0, bus 00, IRQ 01, APIC ID 2, APIC INT 01
[    0.000000] Int: type 0, pol 0, trig 0, bus 00, IRQ 03, APIC ID 2, APIC INT 03
[    0.000000] Int: type 0, pol 0, trig 0, bus 00, IRQ 04, APIC ID 2, APIC INT 04
[    0.000000] Int: type 0, pol 0, trig 0, bus 00, IRQ 05, APIC ID 2, APIC INT 05
[    0.000000] Int: type 0, pol 0, trig 0, bus 00, IRQ 06, APIC ID 2, APIC INT 06
[    0.000000] Int: type 0, pol 0, trig 0, bus 00, IRQ 07, APIC ID 2, APIC INT 07
[    0.000000] Int: type 0, pol 0, trig 0, bus 00, IRQ 08, APIC ID 2, APIC INT 08
[    0.000000] ACPI: IRQ9 used by override.
[    0.000000] Int: type 0, pol 0, trig 0, bus 00, IRQ 0a, APIC ID 2, APIC INT 0a
[    0.000000] Int: type 0, pol 0, trig 0, bus 00, IRQ 0b, APIC ID 2, APIC INT 0b
[    0.000000] Int: type 0, pol 0, trig 0, bus 00, IRQ 0c, APIC ID 2, APIC INT 0c
[    0.000000] Int: type 0, pol 0, trig 0, bus 00, IRQ 0d, APIC ID 2, APIC INT 0d
[    0.000000] Int: type 0, pol 0, trig 0, bus 00, IRQ 0e, APIC ID 2, APIC INT 0e
[    0.000000] Int: type 0, pol 0, trig 0, bus 00, IRQ 0f, APIC ID 2, APIC INT 0f
[    0.000000] Using ACPI (MADT) for SMP configuration information
[    0.000000] ACPI: HPET id: 0x43538210 base: 0xfed00000
[    0.000000] smpboot: Allowing 4 CPUs, 0 hotplug CPUs
[    0.000000] mapped IOAPIC to ffffffffff7fb000 (fec00000)
[    0.000000] e820: [mem 0xc0000000-0xfebfffff] available for PCI devices
[    0.000000] clocksource: refined-jiffies: mask: 0xffffffff max_cycles: 0xffffffff, max_idle_ns: 1910969940391419 ns
[    0.000000] setup_percpu: NR_CPUS:64 nr_cpumask_bits:64 nr_cpu_ids:4 nr_node_ids:1
[    0.000000] percpu: Embedded 33 pages/cpu @ffff96739dc00000 s95832 r8192 d31144 u524288
[    0.000000] pcpu-alloc: s95832 r8192 d31144 u524288 alloc=1*2097152
[    0.000000] pcpu-alloc: [0] 0 1 2 3 
[    0.000000] Built 1 zonelists in Node order, mobility grouping on.  Total pages: 3993197
[    0.000000] Policy zone: Normal
[    0.000000] Kernel command line: BOOT_IMAGE=/boot/vmlinuz-linux-git root=UUID=96efaea0-86dc-485a-af36-36706f9f3908 rw root_trim=yes rd.luks.allow-discards ipv6.disable=1 pnp.debug=1 loglevel=9 log_buf_len=10M printk.always_kmsg_dump=y printk.time=y printk.devkmsg=on mminit_loglevel=0 memory_corruption_check=1 nohz=on rcu_nocbs=1-3 fbcon=scrollback:4096k fbcon=font:ProFont6x11 apic=debug dynamic_debug.verbose=1 "dyndbg=file arch/x86/kernel/apic/* +pflmt ; file drivers/video/* +pflmt ; file drivers/input/* -pflmt ; file drivers/acpi/* -pflmt" acpi_backlight=vendor radeon.audio=0 radeon.lockup_timeout=999000 radeon.test=0 radeon.agpmode=-1 radeon.benchmark=0 radeon.tv=0 radeon.hard_reset=1 radeon.msi=1 radeon.pcie_gen2=-1 radeon.no_wb=1 radeon.dynclks=0 radeon.r4xx_atom=0 radeonfb radeon.fastfb=1 radeon.dpm=1 radeon.runpm=1 rd.debug rd.udev.debug rd.memdebug=3 net.ifnames=1 slub_debug=U pax_sanitize_slab=full noefi nolvm dobtrfs console=tty1 earlyprintk=vga CPUunderclocking radeon.modeset=1 
[    0.000000] PCIe ASPM is disabled
[    0.000000] PID hash table entries: 4096 (order: 3, 32768 bytes)
[    0.000000] Memory: 15870372K/16226416K available (7819K kernel code, 740K rwdata, 3032K rodata, 880K init, 2628K bss, 356044K reserved, 0K cma-reserved)
[    0.000000] SLUB: HWalign=64, Order=0-3, MinObjects=0, CPUs=4, Nodes=1
[    0.000000] Preemptible hierarchical RCU implementation.
[    0.000000] 	Build-time adjustment of leaf fanout to 64.
[    0.000000] 	RCU restricting CPUs from NR_CPUS=64 to nr_cpu_ids=4.
[    0.000000] RCU: Adjusting geometry for rcu_fanout_leaf=64, nr_cpu_ids=4
[    0.000000] NR_IRQS:4352 nr_irqs:456 16
[    0.000000] spurious 8259A interrupt: IRQ7.
[    0.000000] vgacon: allocated 4194304 bytes of memory for scrollback. CONFIG_VGACON_SOFT_SCROLLBACK_SIZE=4096
[    0.000000] Console: colour VGA+ 80x25
[    0.000000] console [tty1] enabled
[    0.000000] bootconsole [earlyvga0] disabled
[    0.000000] clocksource: hpet: mask: 0xffffffff max_cycles: 0xffffffff, max_idle_ns: 133484873504 ns
[    0.000000] hpet clockevent registered
[    0.000000] tsc: Fast TSC calibration using PIT
[    0.000000] tsc: Detected 1397.571 MHz processor
[    0.000034] Calibrating delay loop (skipped), value calculated using timer frequency.. 2795.14 BogoMIPS (lpj=1397571)
[    0.000112] pid_max: default: 32768 minimum: 301
[    0.000199] ACPI: Core revision 20160422
[    0.000371] ACPI: acpi_os_initialize: map reset_reg status 0
[    0.254089] random: fast init done
[    0.534117] ACPI: 3 ACPI AML tables successfully acquired and loaded

[    0.534597] Security Framework initialized
[    0.535825] Dentry cache hash table entries: 2097152 (order: 12, 16777216 bytes)
[    0.540711] Inode-cache hash table entries: 1048576 (order: 11, 8388608 bytes)
[    0.543124] Mount-cache hash table entries: 32768 (order: 6, 262144 bytes)
[    0.543332] Mountpoint-cache hash table entries: 32768 (order: 6, 262144 bytes)
[    0.545155] [Firmware Info]: CPU: 'AMD A6-3400M APU with Radeon(tm) HD Graphics' has AMD errata 665 Integer Divide Instruction May Cause Unpredictable Behavior.'
[    0.545423] [Firmware Info]: CPU: Double-checked CPU type. 'AMD A6-3400M APU with Radeon(tm) HD Graphics'
[    0.545595] [Firmware Info]: CPU: Setting workaround for 665...(set 'no665wo' in /proc/cmdline to disable)
[    0.545768] CPU: Physical Processor ID: 0
[    0.545891] CPU: Processor Core ID: 0
[    0.546022] mce: CPU supports 6 MCE banks
[    0.546169] Last level iTLB entries: 4KB 512, 2MB 16, 4MB 8
[    0.546293] Last level dTLB entries: 4KB 1024, 2MB 128, 4MB 64, 1GB 0
[    0.547200] Freeing SMP alternatives memory: 28K (ffffffffb8d97000 - ffffffffb8d9e000)
[    0.547983] smpboot: Max logical packages: 1
[    0.548164] smpboot: APIC(0) Converting physical 0 to logical package 0
[    0.548297] enabled ExtINT on CPU#0
[    0.548590] ENABLING IO-APIC IRQs
[    0.548721] init IO_APIC IRQs
[    0.548844]  apic 2 pin 0 not connected
[    0.548995] IOAPIC[0]: Set routing entry (2-1 -> 0x31 -> IRQ 1 Mode:0 Active:0 Dest:1)
[    0.549203] IOAPIC[0]: Set routing entry (2-2 -> 0x30 -> IRQ 0 Mode:0 Active:0 Dest:1)
[    0.549394] IOAPIC[0]: Set routing entry (2-3 -> 0x33 -> IRQ 3 Mode:0 Active:0 Dest:1)
[    0.549584] IOAPIC[0]: Set routing entry (2-4 -> 0x34 -> IRQ 4 Mode:0 Active:0 Dest:1)
[    0.549777] IOAPIC[0]: Set routing entry (2-5 -> 0x35 -> IRQ 5 Mode:0 Active:0 Dest:1)
[    0.549951] IOAPIC[0]: Set routing entry (2-6 -> 0x36 -> IRQ 6 Mode:0 Active:0 Dest:1)
[    0.550140] IOAPIC[0]: Set routing entry (2-7 -> 0x37 -> IRQ 7 Mode:0 Active:0 Dest:1)
[    0.550321] IOAPIC[0]: Set routing entry (2-8 -> 0x38 -> IRQ 8 Mode:0 Active:0 Dest:1)
[    0.550502] IOAPIC[0]: Set routing entry (2-9 -> 0x39 -> IRQ 9 Mode:1 Active:1 Dest:1)
[    0.550682] IOAPIC[0]: Set routing entry (2-10 -> 0x3a -> IRQ 10 Mode:0 Active:0 Dest:1)
[    0.550863] IOAPIC[0]: Set routing entry (2-11 -> 0x3b -> IRQ 11 Mode:0 Active:0 Dest:1)
[    0.551043] IOAPIC[0]: Set routing entry (2-12 -> 0x3c -> IRQ 12 Mode:0 Active:0 Dest:1)
[    0.551223] IOAPIC[0]: Set routing entry (2-13 -> 0x3d -> IRQ 13 Mode:0 Active:0 Dest:1)
[    0.551403] IOAPIC[0]: Set routing entry (2-14 -> 0x3e -> IRQ 14 Mode:0 Active:0 Dest:1)
[    0.551582] IOAPIC[0]: Set routing entry (2-15 -> 0x3f -> IRQ 15 Mode:0 Active:0 Dest:1)
[    0.551738]  apic 2 pin 16 not connected
[    0.551857]  apic 2 pin 17 not connected
[    0.551975]  apic 2 pin 18 not connected
[    0.552093]  apic 2 pin 19 not connected
[    0.552212]  apic 2 pin 20 not connected
[    0.552330]  apic 2 pin 21 not connected
[    0.552449]  apic 2 pin 22 not connected
[    0.552567]  apic 2 pin 23 not connected
[    0.552861] ..TIMER: vector=0x30 apic1=0 pin1=2 apic2=-1 pin2=-1
[    0.562984] Using local APIC timer interrupts.
               calibrating APIC timer ...
[    0.665046] ... lapic delta = 1247724
[    0.665170] ... PM-Timer delta = 357952
[    0.665295] ... PM-Timer result ok
[    0.665420] ..... delta 1247724
[    0.665545] ..... mult: 53589337
[    0.665669] ..... calibration result: 199635
[    0.665794] ..... CPU clock speed is 1397.0450 MHz.
[    0.665920] ..... host bus clock speed is 199.0635 MHz.
[    0.666051] smpboot: CPU0: AMD A6-3400M APU with Radeon(tm) HD Graphics (family: 0x12, model: 0x1, stepping: 0x0)
[    0.666370] Performance Events: AMD PMU driver.
[    0.666531] ... version:                0
[    0.666655] ... bit width:              48
[    0.666780] ... generic registers:      4
[    0.666905] ... value mask:             0000ffffffffffff
[    0.667032] ... max period:             00007fffffffffff
[    0.667160] ... fixed-purpose events:   0
[    0.667285] ... event mask:             000000000000000f
[    0.673087] dynamic_debug:ddebug_add_module: 2 debug prints in module main
[    0.673288] dynamic_debug:ddebug_add_module: 1 debug prints in module initramfs
[    0.673465] dynamic_debug:ddebug_add_module: 3 debug prints in module ibs
[    0.673597] dynamic_debug:ddebug_add_module: 1 debug prints in module common
[    0.673736] dynamic_debug:ddebug_add_module: 1 debug prints in module amd
[    0.673869] dynamic_debug:ddebug_add_module: 2 debug prints in module main
[    0.674004] dynamic_debug:ddebug_add_module: 7 debug prints in module generic
[    0.674143] dynamic_debug:ddebug_add_module: 15 debug prints in module cleanup
[    0.674321] dynamic_debug:ddebug_add_module: 8 debug prints in module microcode
[    0.674497] dynamic_debug:ddebug_add_module: 3 debug prints in module boot
[    0.674633] dynamic_debug:ddebug_add_module: 22 debug prints in module smpboot
[    0.674807] dynamic_debug:ddebug_add_module: 1 debug prints in module tsc_sync
[    0.674970] dynamic_debug:ddebug_add_module: 2 debug prints in module setup_percpu
[    0.675138] dynamic_debug:ddebug_add_module: 30 debug prints in module vector
[    0.675262] dynamic_debug:ddebug_add_module: 2 debug prints in module init
[    0.675388] dynamic_debug:ddebug_add_module: 6 debug prints in module init_64
[    0.675512] dynamic_debug:ddebug_add_module: 1 debug prints in module numa
[    0.675637] dynamic_debug:ddebug_add_module: 4 debug prints in module params
[    0.675762] dynamic_debug:ddebug_add_module: 4 debug prints in module async
[    0.675886] dynamic_debug:ddebug_add_module: 1 debug prints in module manage
[    0.676013] dynamic_debug:ddebug_add_module: 14 debug prints in module irqdomain
[    0.676182] dynamic_debug:ddebug_add_module: 2 debug prints in module msi
[    0.676307] dynamic_debug:ddebug_add_module: 2 debug prints in module freezer
[    0.676433] dynamic_debug:ddebug_add_module: 19 debug prints in module module
[    0.676557] dynamic_debug:ddebug_add_module: 1 debug prints in module cgroup
[    0.676681] dynamic_debug:ddebug_add_module: 6 debug prints in module mempolicy
[    0.676848] dynamic_debug:ddebug_add_module: 1 debug prints in module sparse_vmemmap
[    0.677011] dynamic_debug:ddebug_add_module: 1 debug prints in module vmpressure
[    0.677175] dynamic_debug:ddebug_add_module: 1 debug prints in module fsnotify
[    0.677337] dynamic_debug:ddebug_add_module: 2 debug prints in module notification
[    0.677499] dynamic_debug:ddebug_add_module: 1 debug prints in module inotify_fsnotify
[    0.677662] dynamic_debug:ddebug_add_module: 5 debug prints in module inotify_user
[    0.677825] dynamic_debug:ddebug_add_module: 6 debug prints in module fanotify
[    0.677989] dynamic_debug:ddebug_add_module: 13 debug prints in module fanotify_user
[    0.678155] dynamic_debug:ddebug_add_module: 20 debug prints in module aio
[    0.678282] dynamic_debug:ddebug_add_module: 13 debug prints in module binfmt_misc
[    0.678444] dynamic_debug:ddebug_add_module: 2 debug prints in module mount
[    0.678568] dynamic_debug:ddebug_add_module: 1 debug prints in module dir
[    0.678694] dynamic_debug:ddebug_add_module: 8 debug prints in module configfs
[    0.678856] dynamic_debug:ddebug_add_module: 1 debug prints in module debugfs
[    0.678986] dynamic_debug:ddebug_add_module: 22 debug prints in module btrfs
[    0.679112] dynamic_debug:ddebug_add_module: 2 debug prints in module ramoops
[    0.679237] dynamic_debug:ddebug_add_module: 1 debug prints in module inode
[    0.679362] dynamic_debug:ddebug_add_module: 6 debug prints in module asymmetric_keys
[    0.679524] dynamic_debug:ddebug_add_module: 13 debug prints in module x509_key_parser
[    0.679684] dynamic_debug:ddebug_add_module: 13 debug prints in module efi
[    0.679809] dynamic_debug:ddebug_add_module: 1 debug prints in module decompress
[    0.679969] dynamic_debug:ddebug_add_module: 10 debug prints in module kobject
[    0.680136] dynamic_debug:ddebug_add_module: 6 debug prints in module kobject_uevent
[    0.680296] dynamic_debug:ddebug_add_module: 1 debug prints in module list_sort
[    0.680454] dynamic_debug:ddebug_add_module: 1 debug prints in module percpu_refcount
[    0.680615] dynamic_debug:ddebug_add_module: 11 debug prints in module asn1_decoder
[    0.680775] dynamic_debug:ddebug_add_module: 5 debug prints in module probe
[    0.680851] dynamic_debug:ddebug_add_module: 4 debug prints in module pci
[    0.680975] dynamic_debug:ddebug_add_module: 1 debug prints in module pci_driver
[    0.681136] dynamic_debug:ddebug_add_module: 3 debug prints in module slot
[    0.681260] dynamic_debug:ddebug_add_module: 3 debug prints in module quirks
[    0.681385] dynamic_debug:ddebug_add_module: 2 debug prints in module pme
[    0.681460] dynamic_debug:ddebug_add_module: 1 debug prints in module pci_hotplug
[    0.681621] dynamic_debug:ddebug_add_module: 12 debug prints in module acpiphp
[    0.683542] dynamic_debug:ddebug_add_module: 1 debug prints in module htirq
[    0.683666] dynamic_debug:ddebug_add_module: 1 debug prints in module pci_acpi
[    0.683828] dynamic_debug:ddebug_add_module: 3 debug prints in module backlight
[    0.683991] dynamic_debug:ddebug_add_module: 4 debug prints in module fb
[    0.684118] dynamic_debug:ddebug_add_module: 7 debug prints in module tables
[    0.684252] dynamic_debug:ddebug_add_module: 48 debug prints in module acpi
[    0.684376] dynamic_debug:ddebug_add_module: 3 debug prints in module fan
[    0.684500] dynamic_debug:ddebug_add_module: 1 debug prints in module video
[    0.684625] dynamic_debug:ddebug_add_module: 4 debug prints in module pci_slot
[    0.684788] dynamic_debug:ddebug_add_module: 7 debug prints in module processor
[    0.684954] dynamic_debug:ddebug_add_module: 4 debug prints in module pnp
[    0.685081] dynamic_debug:ddebug_add_module: 3 debug prints in module acpi_dma
[    0.685246] dynamic_debug:ddebug_add_module: 11 debug prints in module core
[    0.685371] dynamic_debug:ddebug_add_module: 1 debug prints in module fixed
[    0.685496] dynamic_debug:ddebug_add_module: 6 debug prints in module virtual
[    0.685620] dynamic_debug:ddebug_add_module: 3 debug prints in module lp3971
[    0.685745] dynamic_debug:ddebug_add_module: 3 debug prints in module lp3972
[    0.685870] dynamic_debug:ddebug_add_module: 6 debug prints in module tty_io
[    0.685995] dynamic_debug:ddebug_add_module: 1 debug prints in module vt_ioctl
[    0.686160] dynamic_debug:ddebug_add_module: 5 debug prints in module serial_core
[    0.686322] dynamic_debug:ddebug_add_module: 4 debug prints in module 8250
[    0.686448] dynamic_debug:ddebug_add_module: 5 debug prints in module 8250_base
[    0.686611] dynamic_debug:ddebug_add_module: 1 debug prints in module tpm
[    0.686736] dynamic_debug:ddebug_add_module: 10 debug prints in module tpm_tis_core
[    0.686898] dynamic_debug:ddebug_add_module: 2 debug prints in module dmar
[    0.687023] dynamic_debug:ddebug_add_module: 3 debug prints in module drm
[    0.687149] dynamic_debug:ddebug_add_module: 3 debug prints in module ttm
[    0.687273] dynamic_debug:ddebug_add_module: 2 debug prints in module radeon
[    0.687399] dynamic_debug:ddebug_add_module: 17 debug prints in module vgaarb
[    0.687524] dynamic_debug:ddebug_add_module: 7 debug prints in module component
[    0.687687] dynamic_debug:ddebug_add_module: 11 debug prints in module core
[    0.687811] dynamic_debug:ddebug_add_module: 9 debug prints in module bus
[    0.687941] dynamic_debug:ddebug_add_module: 17 debug prints in module dd
[    0.688068] dynamic_debug:ddebug_add_module: 5 debug prints in module class
[    0.688194] dynamic_debug:ddebug_add_module: 4 debug prints in module platform
[    0.688357] dynamic_debug:ddebug_add_module: 7 debug prints in module firmware_class
[    0.688520] dynamic_debug:ddebug_add_module: 1 debug prints in module regmap
[    0.688645] dynamic_debug:ddebug_add_module: 7 debug prints in module regcache
[    0.688807] dynamic_debug:ddebug_add_module: 1 debug prints in module regcache_lzo
[    0.688970] dynamic_debug:ddebug_add_module: 1 debug prints in module dma_buf
[    0.689097] dynamic_debug:ddebug_add_module: 3 debug prints in module scsi_mod
[    0.689259] dynamic_debug:ddebug_add_module: 2 debug prints in module libphy
[    0.689384] dynamic_debug:ddebug_add_module: 1 debug prints in module r8169
[    0.689520] dynamic_debug:ddebug_add_module: 98 debug prints in module cdrom
[    0.689668] dynamic_debug:ddebug_add_module: 150 debug prints in module usbcore
[    0.689831] dynamic_debug:ddebug_add_module: 5 debug prints in module phy
[    0.689956] dynamic_debug:ddebug_add_module: 10 debug prints in module pci_quirks
[    0.690129] dynamic_debug:ddebug_add_module: 55 debug prints in module ehci_hcd
[    0.690291] dynamic_debug:ddebug_add_module: 2 debug prints in module ehci_pci
[    0.690460] dynamic_debug:ddebug_add_module: 46 debug prints in module ohci_hcd
[    0.690666] dynamic_debug:ddebug_add_module: 263 debug prints in module xhci_hcd
[    0.690874] dynamic_debug:ddebug_add_module: 3 debug prints in module xhci_pci
[    0.691037] dynamic_debug:ddebug_add_module: 10 debug prints in module usb_storage
[    0.691200] dynamic_debug:ddebug_add_module: 1 debug prints in module ums_realtek
[    0.691367] dynamic_debug:ddebug_add_module: 6 debug prints in module input_core
[    0.691530] dynamic_debug:ddebug_add_module: 4 debug prints in module atkbd
[    0.691657] dynamic_debug:ddebug_add_module: 15 debug prints in module psmouse
[    0.691821] dynamic_debug:ddebug_add_module: 7 debug prints in module rtc_core
[    0.691983] dynamic_debug:ddebug_add_module: 5 debug prints in module rtc_cmos
[    0.692148] dynamic_debug:ddebug_add_module: 1 debug prints in module i2c_boardinfo
[    0.692314] dynamic_debug:ddebug_add_module: 20 debug prints in module i2c_core
[    0.692476] dynamic_debug:ddebug_add_module: 2 debug prints in module i2c_smbus
[    0.692641] dynamic_debug:ddebug_add_module: 17 debug prints in module i2c_algo_bit
[    0.692805] dynamic_debug:ddebug_add_module: 11 debug prints in module power_supply
[    0.692967] dynamic_debug:ddebug_add_module: 1 debug prints in module hwmon
[    0.693095] dynamic_debug:ddebug_add_module: 9 debug prints in module thermal_sys
[    0.693264] dynamic_debug:ddebug_add_module: 43 debug prints in module cpufreq
[    0.693427] dynamic_debug:ddebug_add_module: 9 debug prints in module freq_table
[    0.693589] dynamic_debug:ddebug_add_module: 2 debug prints in module cpufreq_stats
[    0.693750] dynamic_debug:ddebug_add_module: 1 debug prints in module cpufreq_performance
[    0.693915] dynamic_debug:ddebug_add_module: 22 debug prints in module acpi_cpufreq
[    0.694080] dynamic_debug:ddebug_add_module: 3 debug prints in module dmi_scan
[    0.694242] dynamic_debug:ddebug_add_module: 1 debug prints in module hid
[    0.694368] dynamic_debug:ddebug_add_module: 8 debug prints in module usbhid
[    0.694492] dynamic_debug:ddebug_add_module: 2 debug prints in module i386
[    0.694616] dynamic_debug:ddebug_add_module: 2 debug prints in module fixup
[    0.694746] dynamic_debug:ddebug_add_module: 7 debug prints in module irq
[    0.694871] dynamic_debug:ddebug_add_module: 1 debug prints in module sock
[    0.694999] dynamic_debug:ddebug_add_module: 17 debug prints in module dev
[    0.695126] dynamic_debug:ddebug_add_module: 2 debug prints in module sch_api
[    0.695251] dynamic_debug:ddebug_add_module: 1 debug prints in module act_api
[    0.695375] dynamic_debug:ddebug_add_module: 1 debug prints in module route
[    0.695500] dynamic_debug:ddebug_add_module: 1 debug prints in module ip_fragment
[    0.695662] dynamic_debug:ddebug_add_module: 1 debug prints in module ip_output
[    0.695824] dynamic_debug:ddebug_add_module: 1 debug prints in module tcp
[    0.695949] dynamic_debug:ddebug_add_module: 5 debug prints in module tcp_input
[    0.696112] dynamic_debug:ddebug_add_module: 3 debug prints in module tcp_output
[    0.696271] dynamic_debug:ddebug_add_module: 2 debug prints in module tcp_timer
[    0.696429] dynamic_debug:ddebug_add_module: 1 debug prints in module tcp_ipv4
[    0.696589] dynamic_debug:ddebug_add_module: 1 debug prints in module tcp_cong
[    0.696750] dynamic_debug:ddebug_add_module: 8 debug prints in module udp
[    0.696874] dynamic_debug:ddebug_add_module: 1 debug prints in module arp
[    0.696998] dynamic_debug:ddebug_add_module: 2 debug prints in module icmp
[    0.697075] dynamic_debug:ddebug_add_module: 1 debug prints in module devinet
[    0.697200] dynamic_debug:ddebug_add_module: 8 debug prints in module fib_trie
[    0.697358] dynamic_debug:ddebug_add_module: 1 debug prints in module inet_fragment
[    0.697519] dynamic_debug:ddebug_add_module: 24 debug prints in module ping
[    0.697643] dynamic_debug:ddebug_add_module: 1 debug prints in module sysctl_net_ipv4
[    0.697806] dynamic_debug:ddebug_add_module: 2 debug prints in module ip6_checksum
[    0.697960] dynamic_debug:dynamic_debug_init: 158 modules, 1524 entries and 6320 bytes in ddebug tables, 121919 bytes in (readonly) verbose section
[    0.698129] dynamic_debug:ddebug_dyndbg_boot_param_cb: BOOT_IMAGE="/boot/vmlinuz-linux-git"
[    0.698284] dynamic_debug:ddebug_dyndbg_boot_param_cb: root="UUID=96efaea0-86dc-485a-af36-36706f9f3908"
[    0.698439] dynamic_debug:ddebug_dyndbg_boot_param_cb: rw="(null)"
[    0.698558] dynamic_debug:ddebug_dyndbg_boot_param_cb: root_trim="yes"
[    0.698677] dynamic_debug:ddebug_dyndbg_boot_param_cb: rd.luks.allow-discards="(null)"
[    0.698832] dynamic_debug:ddebug_dyndbg_boot_param_cb: ipv6.disable="1"
[    0.698951] dynamic_debug:ddebug_dyndbg_boot_param_cb: pnp.debug="1"
[    0.699072] dynamic_debug:ddebug_dyndbg_boot_param_cb: loglevel="9"
[    0.699191] dynamic_debug:ddebug_dyndbg_boot_param_cb: log_buf_len="10M"
[    0.699310] dynamic_debug:ddebug_dyndbg_boot_param_cb: printk.always_kmsg_dump="y"
[    0.699464] dynamic_debug:ddebug_dyndbg_boot_param_cb: printk.time="y"
[    0.699582] dynamic_debug:ddebug_dyndbg_boot_param_cb: printk.devkmsg="on"
[    0.699701] dynamic_debug:ddebug_dyndbg_boot_param_cb: mminit_loglevel="0"
[    0.699821] dynamic_debug:ddebug_dyndbg_boot_param_cb: memory_corruption_check="1"
[    0.699974] dynamic_debug:ddebug_dyndbg_boot_param_cb: nohz="on"
[    0.700095] dynamic_debug:ddebug_dyndbg_boot_param_cb: rcu_nocbs="1-3"
[    0.700165] dynamic_debug:ddebug_dyndbg_boot_param_cb: fbcon="scrollback:4096k"
[    0.700320] dynamic_debug:ddebug_dyndbg_boot_param_cb: fbcon="font:ProFont6x11"
[    0.700477] dynamic_debug:ddebug_dyndbg_boot_param_cb: apic="debug"
[    0.700596] dynamic_debug:ddebug_dyndbg_boot_param_cb: dynamic_debug.verbose="1"
[    0.702664] dynamic_debug:ddebug_dyndbg_boot_param_cb: dyndbg="file arch/x86/kernel/apic/* +pflmt ; file drivers/video/* +pflmt ; file drivers/input/* -pflmt ; file drivers/acpi/* -pflmt"
[    0.702865] dynamic_debug:ddebug_exec_queries: query 0: "file arch/x86/kernel/apic/* +pflmt "
[    0.703023] dynamic_debug:ddebug_tokenize: split into words: "file" "arch/x86/kernel/apic/*" "+pflmt"
[    0.703306] dynamic_debug:ddebug_parse_flags: op='+'
[    0.703425] dynamic_debug:ddebug_parse_flags: flags=0x1f
[    0.703544] dynamic_debug:ddebug_parse_flags: *flagsp=0x1f *maskp=0xffffffff
[    0.703665] dynamic_debug:vpr_info_dq: parsed: func="" file="arch/x86/kernel/apic/*" module="" format="" lineno=0-0
[    0.703845] dynamic_debug:ddebug_change: changed arch/x86/kernel/apic/vector.c:919 [vector]print_PIC =pmflt
[    0.704008] dynamic_debug:ddebug_change: changed arch/x86/kernel/apic/vector.c:916 [vector]print_PIC =pmflt
[    0.704173] dynamic_debug:ddebug_change: changed arch/x86/kernel/apic/vector.c:906 [vector]print_PIC =pmflt
[    0.704335] dynamic_debug:ddebug_change: changed arch/x86/kernel/apic/vector.c:903 [vector]print_PIC =pmflt
[    0.704498] dynamic_debug:ddebug_change: changed arch/x86/kernel/apic/vector.c:898 [vector]print_PIC =pmflt
[    0.704661] dynamic_debug:ddebug_change: changed arch/x86/kernel/apic/vector.c:868 [vector]print_local_APIC =pmflt
[    0.704825] dynamic_debug:ddebug_change: changed arch/x86/kernel/apic/vector.c:865 [vector]print_local_APIC =pmflt
[    0.704988] dynamic_debug:ddebug_change: changed arch/x86/kernel/apic/vector.c:863 [vector]print_local_APIC =pmflt
[    0.705154] dynamic_debug:ddebug_change: changed arch/x86/kernel/apic/vector.c:858 [vector]print_local_APIC =pmflt
[    0.705318] dynamic_debug:ddebug_change: changed arch/x86/kernel/apic/vector.c:856 [vector]print_local_APIC =pmflt
[    0.705481] dynamic_debug:ddebug_change: changed arch/x86/kernel/apic/vector.c:854 [vector]print_local_APIC =pmflt
[    0.705644] dynamic_debug:ddebug_change: changed arch/x86/kernel/apic/vector.c:850 [vector]print_local_APIC =pmflt
[    0.705808] dynamic_debug:ddebug_change: changed arch/x86/kernel/apic/vector.c:845 [vector]print_local_APIC =pmflt
[    0.705971] dynamic_debug:ddebug_change: changed arch/x86/kernel/apic/vector.c:843 [vector]print_local_APIC =pmflt
[    0.706136] dynamic_debug:ddebug_change: changed arch/x86/kernel/apic/vector.c:840 [vector]print_local_APIC =pmflt
[    0.706300] dynamic_debug:ddebug_change: changed arch/x86/kernel/apic/vector.c:835 [vector]print_local_APIC =pmflt
[    0.706464] dynamic_debug:ddebug_change: changed arch/x86/kernel/apic/vector.c:832 [vector]print_local_APIC =pmflt
[    0.706627] dynamic_debug:ddebug_change: changed arch/x86/kernel/apic/vector.c:831 [vector]print_local_APIC =pmflt
[    0.706790] dynamic_debug:ddebug_change: changed arch/x86/kernel/apic/vector.c:827 [vector]print_local_APIC =pmflt
[    0.706954] dynamic_debug:ddebug_change: changed arch/x86/kernel/apic/vector.c:817 [vector]print_local_APIC =pmflt
[    0.707120] dynamic_debug:ddebug_change: changed arch/x86/kernel/apic/vector.c:815 [vector]print_local_APIC =pmflt
[    0.707283] dynamic_debug:ddebug_change: changed arch/x86/kernel/apic/vector.c:813 [vector]print_local_APIC =pmflt
[    0.707446] dynamic_debug:ddebug_change: changed arch/x86/kernel/apic/vector.c:811 [vector]print_local_APIC =pmflt
[    0.707609] dynamic_debug:ddebug_change: changed arch/x86/kernel/apic/vector.c:808 [vector]print_local_APIC =pmflt
[    0.707773] dynamic_debug:ddebug_change: changed arch/x86/kernel/apic/vector.c:805 [vector]print_local_APIC =pmflt
[    0.707936] dynamic_debug:ddebug_change: changed arch/x86/kernel/apic/vector.c:801 [vector]print_local_APIC =pmflt
[    0.708101] dynamic_debug:ddebug_change: changed arch/x86/kernel/apic/vector.c:792 [vector]print_local_APIC =pmflt
[    0.708265] dynamic_debug:ddebug_change: changed arch/x86/kernel/apic/vector.c:789 [vector]print_local_APIC =pmflt
[    0.708429] dynamic_debug:ddebug_change: changed arch/x86/kernel/apic/vector.c:782 [vector]print_local_APIC =pmflt
[    0.708593] dynamic_debug:ddebug_change: changed arch/x86/kernel/apic/vector.c:773 [vector]print_local_APIC =pmflt
[    0.708829] dynamic_debug:vpr_info_dq: applied: func="" file="arch/x86/kernel/apic/*" module="" format="" lineno=0-0
[    0.709035] dynamic_debug:ddebug_exec_queries: query 1: "file drivers/video/* +pflmt "
[    0.709193] dynamic_debug:ddebug_tokenize: split into words: "file" "drivers/video/*" "+pflmt"
[    0.709423] dynamic_debug:ddebug_parse_flags: op='+'
[    0.709543] dynamic_debug:ddebug_parse_flags: flags=0x1f
[    0.709662] dynamic_debug:ddebug_parse_flags: *flagsp=0x1f *maskp=0xffffffff
[    0.709781] dynamic_debug:vpr_info_dq: parsed: func="" file="drivers/video/*" module="" format="" lineno=0-0
[    0.709965] dynamic_debug:ddebug_change: changed drivers/video/backlight/backlight.c:333 [backlight]backlight_device_register =pmflt
[    0.710133] dynamic_debug:ddebug_change: changed drivers/video/backlight/backlight.c:177 [backlight]backlight_device_set_brightness =pmflt
[    0.710298] dynamic_debug:ddebug_change: changed drivers/video/backlight/backlight.c:146 [backlight]bl_power_store =pmflt
[    0.710462] dynamic_debug:ddebug_change: changed drivers/video/fbdev/core/fbmon.c:1082 [fb]fb_edid_add_monspecs =pmflt
[    0.710625] dynamic_debug:ddebug_change: changed drivers/video/fbdev/core/fbmon.c:1070 [fb]fb_edid_add_monspecs =pmflt
[    0.710789] dynamic_debug:ddebug_change: changed drivers/video/fbdev/core/fbmon.c:1033 [fb]fb_edid_add_monspecs =pmflt
[    0.710954] dynamic_debug:ddebug_change: changed drivers/video/fbdev/core/fbmon.c:1027 [fb]fb_edid_add_monspecs =pmflt
[    0.711233] dynamic_debug:vpr_info_dq: applied: func="" file="drivers/video/*" module="" format="" lineno=0-0
[    0.711437] dynamic_debug:ddebug_exec_queries: query 2: "file drivers/input/* -pflmt "
[    0.711594] dynamic_debug:ddebug_tokenize: split into words: "file" "drivers/input/*" "-pflmt"
[    0.711824] dynamic_debug:ddebug_parse_flags: op='-'
[    0.711943] dynamic_debug:ddebug_parse_flags: flags=0x1f
[    0.712064] dynamic_debug:ddebug_parse_flags: *flagsp=0x0 *maskp=0xffffffe0
[    0.712184] dynamic_debug:vpr_info_dq: parsed: func="" file="drivers/input/*" module="" format="" lineno=0-0
[    0.712481] dynamic_debug:vpr_info_dq: applied: func="" file="drivers/input/*" module="" format="" lineno=0-0
[    0.712685] dynamic_debug:ddebug_exec_queries: query 3: "file drivers/acpi/* -pflmt"
[    0.712839] dynamic_debug:ddebug_tokenize: split into words: "file" "drivers/acpi/*" "-pflmt"
[    0.713068] dynamic_debug:ddebug_parse_flags: op='-'
[    0.713138] dynamic_debug:ddebug_parse_flags: flags=0x1f
[    0.713207] dynamic_debug:ddebug_parse_flags: *flagsp=0x0 *maskp=0xffffffe0
[    0.713326] dynamic_debug:vpr_info_dq: parsed: func="" file="drivers/acpi/*" module="" format="" lineno=0-0
[    0.713509] dynamic_debug:ddebug_change: changed drivers/acpi/tables.c:211 [tables]acpi_table_print_madt_entry =_
[    0.713670] dynamic_debug:ddebug_change: changed drivers/acpi/tables.c:200 [tables]acpi_table_print_madt_entry =_
[    0.713831] dynamic_debug:ddebug_change: changed drivers/acpi/tables.c:177 [tables]acpi_table_print_madt_entry =_
[    0.713992] dynamic_debug:ddebug_change: changed drivers/acpi/tables.c:167 [tables]acpi_table_print_madt_entry =_
[    0.714155] dynamic_debug:ddebug_change: changed drivers/acpi/tables.c:92 [tables]acpi_table_print_madt_entry =_
[    0.714314] dynamic_debug:ddebug_change: changed drivers/acpi/tables.c:83 [tables]acpi_table_print_madt_entry =_
[    0.714473] dynamic_debug:ddebug_change: changed drivers/acpi/tables.c:73 [tables]acpi_table_print_madt_entry =_
[    0.714634] dynamic_debug:ddebug_change: changed drivers/acpi/osl.c:1644 [acpi]acpi_os_initialize =_
[    0.714794] dynamic_debug:ddebug_change: changed drivers/acpi/device_pm.c:734 [acpi]acpi_pm_device_run_wake =_
[    0.714954] dynamic_debug:ddebug_change: changed drivers/acpi/device_pm.c:633 [acpi]acpi_pm_device_sleep_state =_
[    0.715115] dynamic_debug:ddebug_change: changed drivers/acpi/bus.c:190 [acpi]acpi_print_osc_error =_
[    0.715276] dynamic_debug:ddebug_change: changed drivers/acpi/bus.c:188 [acpi]acpi_print_osc_error =_
[    0.715436] dynamic_debug:ddebug_change: changed drivers/acpi/bus.c:186 [acpi]acpi_print_osc_error =_
[    0.715597] dynamic_debug:ddebug_change: changed drivers/acpi/scan.c:1640 [acpi]acpi_device_dep_initialize =_
[    0.715756] dynamic_debug:ddebug_change: changed drivers/acpi/scan.c:1630 [acpi]acpi_device_dep_initialize =_
[    0.715917] dynamic_debug:ddebug_change: changed drivers/acpi/resource.c:230 [acpi]acpi_decode_space =_
[    0.716079] dynamic_debug:ddebug_change: changed drivers/acpi/resource.c:217 [acpi]acpi_decode_space =_
[    0.716239] dynamic_debug:ddebug_change: changed drivers/acpi/resource.c:61 [acpi]acpi_dev_resource_len_valid =_
[    0.716398] dynamic_debug:ddebug_change: changed drivers/acpi/ec.c:1557 [acpi]ec_correct_ecdt =_
[    0.716558] dynamic_debug:ddebug_change: changed drivers/acpi/ec.c:1544 [acpi]ec_clear_on_resume =_
[    0.716718] dynamic_debug:ddebug_change: changed drivers/acpi/ec.c:1165 [acpi]acpi_ec_event_handler =_
[    0.716879] dynamic_debug:ddebug_change: changed drivers/acpi/ec.c:1143 [acpi]acpi_ec_event_handler =_
[    0.717042] dynamic_debug:ddebug_change: changed drivers/acpi/ec.c:1108 [acpi]acpi_ec_query =_
[    0.717204] dynamic_debug:ddebug_change: changed drivers/acpi/ec.c:1106 [acpi]acpi_ec_query =_
[    0.717366] dynamic_debug:ddebug_change: changed drivers/acpi/ec.c:1066 [acpi]acpi_ec_event_processor =_
[    0.717529] dynamic_debug:ddebug_change: changed drivers/acpi/ec.c:1061 [acpi]acpi_ec_event_processor =_
[    0.717691] dynamic_debug:ddebug_change: changed drivers/acpi/ec.c:898 [acpi]acpi_ec_stop =_
[    0.717854] dynamic_debug:ddebug_change: changed drivers/acpi/ec.c:890 [acpi]acpi_ec_stop =_
[    0.718015] dynamic_debug:ddebug_change: changed drivers/acpi/ec.c:866 [acpi]acpi_ec_start =_
[    0.718179] dynamic_debug:ddebug_change: changed drivers/acpi/ec.c:862 [acpi]acpi_ec_start =_
[    0.720251] dynamic_debug:ddebug_change: changed drivers/acpi/ec.c:703 [acpi]acpi_ec_transaction_unlocked =_
[    0.720414] dynamic_debug:ddebug_change: changed drivers/acpi/ec.c:699 [acpi]acpi_ec_transaction_unlocked =_
[    0.720577] dynamic_debug:ddebug_change: changed drivers/acpi/ec.c:690 [acpi]acpi_ec_transaction_unlocked =_
[    0.720739] dynamic_debug:ddebug_change: changed drivers/acpi/ec.c:687 [acpi]acpi_ec_transaction_unlocked =_
[    0.720903] dynamic_debug:ddebug_change: changed drivers/acpi/ec.c:666 [acpi]ec_poll =_
[    0.721066] dynamic_debug:ddebug_change: changed drivers/acpi/ec.c:561 [acpi]advance_transaction =_
[    0.721229] dynamic_debug:ddebug_change: changed drivers/acpi/ec.c:525 [acpi]advance_transaction =_
[    0.721391] dynamic_debug:ddebug_change: changed drivers/acpi/ec.c:445 [acpi]acpi_ec_complete_query =_
[    0.721554] dynamic_debug:ddebug_change: changed drivers/acpi/ec.c:434 [acpi]acpi_ec_submit_query =_
[    0.721717] dynamic_debug:ddebug_change: changed drivers/acpi/ec.c:407 [acpi]acpi_ec_clear_storm =_
[    0.721879] dynamic_debug:ddebug_change: changed drivers/acpi/ec.c:397 [acpi]acpi_ec_set_storm =_
[    0.722052] dynamic_debug:ddebug_change: changed drivers/acpi/ec.c:336 [acpi]acpi_ec_enable_gpe =_
[    0.722214] dynamic_debug:ddebug_change: changed drivers/acpi/ec.c:284 [acpi]acpi_ec_write_data =_
[    0.722377] dynamic_debug:ddebug_change: changed drivers/acpi/ec.c:277 [acpi]acpi_ec_write_cmd =_
[    0.722539] dynamic_debug:ddebug_change: changed drivers/acpi/ec.c:271 [acpi]acpi_ec_read_data =_
[    0.722706] dynamic_debug:ddebug_change: changed drivers/acpi/ec.c:262 [acpi]acpi_ec_read_status =_
[    0.722869] dynamic_debug:ddebug_change: changed drivers/acpi/pci_root.c:770 [acpi]acpi_pci_probe_root_resources =_
[    0.723033] dynamic_debug:ddebug_change: changed drivers/acpi/pci_root.c:339 [acpi]acpi_get_pci_dev =_
[    0.723197] dynamic_debug:ddebug_change: changed drivers/acpi/pci_irq.c:526 [acpi]acpi_pci_irq_disable =_
[    0.723360] dynamic_debug:ddebug_change: changed drivers/acpi/pci_irq.c:486 [acpi]acpi_pci_irq_enable =_
[    0.723523] dynamic_debug:ddebug_change: changed drivers/acpi/acpi_platform.c:103 [acpi]acpi_create_platform_device =_
[    0.723687] dynamic_debug:ddebug_change: changed drivers/acpi/numa.c:181 [acpi]acpi_table_print_srat_entry =_
[    0.723850] dynamic_debug:ddebug_change: changed drivers/acpi/numa.c:169 [acpi]acpi_table_print_srat_entry =_
[    0.724013] dynamic_debug:ddebug_change: changed drivers/acpi/numa.c:157 [acpi]acpi_table_print_srat_entry =_
[    0.724179] dynamic_debug:ddebug_change: changed drivers/acpi/numa.c:140 [acpi]acpi_table_print_srat_entry =_
[    0.724342] dynamic_debug:ddebug_change: changed drivers/acpi/fan.c:359 [fan]acpi_fan_probe =_
[    0.724503] dynamic_debug:ddebug_change: changed drivers/acpi/fan.c:195 [fan]fan_set_state_acpi4 =_
[    0.724666] dynamic_debug:ddebug_change: changed drivers/acpi/fan.c:136 [fan]fan_get_state_acpi4 =_
[    0.724829] dynamic_debug:ddebug_change: changed drivers/acpi/acpi_video.c:1759 [video]acpi_video_should_register_backlight =_
[    0.724993] dynamic_debug:ddebug_change: changed drivers/acpi/pci_slot.c:136 [pci_slot]register_slot =_
[    0.725158] dynamic_debug:ddebug_change: changed drivers/acpi/pci_slot.c:81 [pci_slot]check_slot =_
[    0.725320] dynamic_debug:ddebug_change: changed drivers/acpi/pci_slot.c:73 [pci_slot]check_slot =_
[    0.725483] dynamic_debug:ddebug_change: changed drivers/acpi/pci_slot.c:61 [pci_slot]check_slot =_
[    0.725645] dynamic_debug:ddebug_change: changed drivers/acpi/processor_driver.c:184 [processor]acpi_pss_perf_init =_
[    0.725809] dynamic_debug:ddebug_change: changed drivers/acpi/processor_idle.c:1443 [processor]acpi_processor_power_init =_
[    0.725972] dynamic_debug:ddebug_change: changed drivers/acpi/processor_idle.c:1039 [processor]acpi_processor_evaluate_lpi =_
[    0.726139] dynamic_debug:ddebug_change: changed drivers/acpi/processor_idle.c:1034 [processor]acpi_processor_evaluate_lpi =_
[    0.726303] dynamic_debug:ddebug_change: changed drivers/acpi/processor_idle.c:981 [processor]acpi_processor_evaluate_lpi =_
[    0.726467] dynamic_debug:ddebug_change: changed drivers/acpi/processor_idle.c:972 [processor]acpi_processor_evaluate_lpi =_
[    0.726632] dynamic_debug:ddebug_change: changed drivers/acpi/processor_perflib.c:138 [processor]acpi_processor_get_platform_limit =_
[    0.726956] dynamic_debug:vpr_info_dq: applied: func="" file="drivers/acpi/*" module="" format="" lineno=0-0
[    0.727164] dynamic_debug:ddebug_exec_queries: processed 4 queries, with 132 matches, 0 errs
[    0.727321] dynamic_debug:ddebug_dyndbg_boot_param_cb: acpi_backlight="vendor"
[    0.727478] dynamic_debug:ddebug_dyndbg_boot_param_cb: radeon.audio="0"
[    0.727597] dynamic_debug:ddebug_dyndbg_boot_param_cb: radeon.lockup_timeout="999000"
[    0.727755] dynamic_debug:ddebug_dyndbg_boot_param_cb: radeon.test="0"
[    0.727874] dynamic_debug:ddebug_dyndbg_boot_param_cb: radeon.agpmode="-1"
[    0.727993] dynamic_debug:ddebug_dyndbg_boot_param_cb: radeon.benchmark="0"
[    0.728114] dynamic_debug:ddebug_dyndbg_boot_param_cb: radeon.tv="0"
[    0.728232] dynamic_debug:ddebug_dyndbg_boot_param_cb: radeon.hard_reset="1"
[    0.728352] dynamic_debug:ddebug_dyndbg_boot_param_cb: radeon.msi="1"
[    0.728471] dynamic_debug:ddebug_dyndbg_boot_param_cb: radeon.pcie_gen2="-1"
[    0.728590] dynamic_debug:ddebug_dyndbg_boot_param_cb: radeon.no_wb="1"
[    0.728709] dynamic_debug:ddebug_dyndbg_boot_param_cb: radeon.dynclks="0"
[    0.728827] dynamic_debug:ddebug_dyndbg_boot_param_cb: radeon.r4xx_atom="0"
[    0.728947] dynamic_debug:ddebug_dyndbg_boot_param_cb: radeonfb="(null)"
[    0.729067] dynamic_debug:ddebug_dyndbg_boot_param_cb: radeon.fastfb="1"
[    0.729187] dynamic_debug:ddebug_dyndbg_boot_param_cb: radeon.dpm="1"
[    0.729305] dynamic_debug:ddebug_dyndbg_boot_param_cb: radeon.runpm="1"
[    0.729424] dynamic_debug:ddebug_dyndbg_boot_param_cb: rd.debug="(null)"
[    0.729543] dynamic_debug:ddebug_dyndbg_boot_param_cb: rd.udev.debug="(null)"
[    0.729663] dynamic_debug:ddebug_dyndbg_boot_param_cb: rd.memdebug="3"
[    0.729781] dynamic_debug:ddebug_dyndbg_boot_param_cb: net.ifnames="1"
[    0.729900] dynamic_debug:ddebug_dyndbg_boot_param_cb: slub_debug="U"
[    0.730018] dynamic_debug:ddebug_dyndbg_boot_param_cb: pax_sanitize_slab="full"
[    0.730174] dynamic_debug:ddebug_dyndbg_boot_param_cb: noefi="(null)"
[    0.730293] dynamic_debug:ddebug_dyndbg_boot_param_cb: nolvm="(null)"
[    0.730413] dynamic_debug:ddebug_dyndbg_boot_param_cb: dobtrfs="(null)"
[    0.730532] dynamic_debug:ddebug_dyndbg_boot_param_cb: console="tty1"
[    0.730650] dynamic_debug:ddebug_dyndbg_boot_param_cb: earlyprintk="vga"
[    0.730770] dynamic_debug:ddebug_dyndbg_boot_param_cb: CPUunderclocking="(null)"
[    0.730922] dynamic_debug:ddebug_dyndbg_boot_param_cb: radeon.modeset="1"
[    0.731042] dynamic_debug:ddebug_dyndbg_boot_param_cb: audit="0"
[    0.731161] dynamic_debug:ddebug_dyndbg_boot_param_cb: systemd.log_level="debug"
[    0.731315] dynamic_debug:ddebug_dyndbg_boot_param_cb: systemd.log_target="kmsg"
[    0.731469] dynamic_debug:ddebug_dyndbg_boot_param_cb: enforcing="0"
[    0.731588] dynamic_debug:ddebug_dyndbg_boot_param_cb: pcie_aspm="off"
[    0.731707] dynamic_debug:ddebug_dyndbg_boot_param_cb: radeon.aspm="0"
[    0.731826] dynamic_debug:ddebug_dyndbg_boot_param_cb: udev.children-max="1256"
[    0.731980] dynamic_debug:ddebug_dyndbg_boot_param_cb: rd.udev.children-max="1256"
[    0.732191] MCE: In-kernel MCE decoding enabled.
[    0.733411] NMI watchdog: enabled on all CPUs, permanently consumes one hw-PMU counter.
[    0.734057] started {early_reset_EHCIs kernel/smp.c:1294}
[    0.734233] early_pci_allowed {early_reset_EHCIs kernel/smp.c:1300}
[    0.734505] Found EHCI on 00:12.2 {kline kernel/smp.c:1220}
[    0.734626] bar_val: f014a900 {kline kernel/smp.c:1223}
[    0.734747] ehci_bar: ffffffffff7fe900 {kline kernel/smp.c:1245}
[    0.734868] n_ports:    5 {kline kernel/smp.c:1252}
[    0.734988] FLAG_CF was already set which likely means BIOS USB Legacy is Disabled. {ehci_status kernel/smp.c:1036}
[    0.735150]   ehci cmd     : 00080B00 {ehci_status kernel/smp.c:1038}
[    0.735270]   ehci conf flg: 00000001 {ehci_status kernel/smp.c:1039}
[    0.735390]   ehci status  : 0000100C {ehci_status kernel/smp.c:1040}
[    0.735510] port 1 status 00001000 {ehci_status kernel/smp.c:1043}
[    0.735630] port 2 status 00001000 {ehci_status kernel/smp.c:1043}
[    0.735750] port 3 status 00001000 {ehci_status kernel/smp.c:1043}
[    0.735870] port 4 status 00001000 {ehci_status kernel/smp.c:1043}
[    0.735990] port 5 status 00001000 {ehci_status kernel/smp.c:1043}
[    0.736111] ended {kline kernel/smp.c:1285}
[    0.736240] Found EHCI on 00:13.2 {kline kernel/smp.c:1220}
[    0.736359] bar_val: f014a800 {kline kernel/smp.c:1223}
[    0.736480] ehci_bar: ffffffffff7fe800 {kline kernel/smp.c:1245}
[    0.736601] n_ports:    5 {kline kernel/smp.c:1252}
[    0.736721] FLAG_CF was already set which likely means BIOS USB Legacy is Disabled. {ehci_status kernel/smp.c:1036}
[    0.736880]   ehci cmd     : 00080B00 {ehci_status kernel/smp.c:1038}
[    0.737000]   ehci conf flg: 00000001 {ehci_status kernel/smp.c:1039}
[    0.737124]   ehci status  : 0000100C {ehci_status kernel/smp.c:1040}
[    0.737244] port 1 status 00001803 {ehci_status kernel/smp.c:1043}
[    0.737363] port 2 status 00001000 {ehci_status kernel/smp.c:1043}
[    0.737483] port 3 status 00001803 {ehci_status kernel/smp.c:1043}
[    0.737604] port 4 status 00001000 {ehci_status kernel/smp.c:1043}
[    0.737724] port 5 status 00001000 {ehci_status kernel/smp.c:1043}
[    0.737843] ended {kline kernel/smp.c:1285}
[    0.807000] ended, failed 0 times {early_reset_EHCIs kernel/smp.c:1313}
[    0.807121] All EHCI controllers were reset. {smp_init kernel/smp.c:1333}
[    0.811054] smpboot: ++++++++++++++++++++=_---CPU UP  1
[    0.811242] x86: Booting SMP configuration:
[    0.811367] .... node  #0, CPUs:      #1
[    0.811470] smpboot: Setting warm reset code and vector.
[    0.811718] smpboot: 1.
[    0.811842] smpboot: 2.
[    0.811965] smpboot: 3.
[    0.812093] smpboot: Asserting INIT
[    0.812218] smpboot: Waiting for send to finish...
[    0.812345] smpboot: Deasserting INIT
[    0.812469] smpboot: Waiting for send to finish...
[    0.812595] smpboot: #startup loops: 2
[    0.812720] smpboot: Sending STARTUP #1
[    0.814658] smpboot: After apic_write
[    0.814737] smpboot: Startup point 1
[    0.814805] smpboot: Waiting for send to finish...
[    0.814934] smpboot: Sending STARTUP #2
[    0.815003] smpboot: After apic_write
[    0.815083] smpboot: Startup point 1
[    0.815152] smpboot: Waiting for send to finish...
[    0.815232] smpboot: After Startup
[    0.720639] masked ExtINT on CPU#1
[    0.720652] [Firmware Info]: CPU: 'AMD A6-3400M APU with Radeon(tm) HD Graphics' has AMD errata 665 Integer Divide Instruction May Cause Unpredictable Behavior.'
[    0.720654] [Firmware Info]: CPU: Double-checked CPU type. 'AMD A6-3400M APU with Radeon(tm) HD Graphics'
[    0.720654] [Firmware Info]: CPU: Setting workaround for 665...(set 'no665wo' in /proc/cmdline to disable)
[    0.780331] smpboot: Stack at about ffff96738bb33f30
[    0.877074] TSC synchronization [CPU#0 -> CPU#1]:
[    0.878060] Measured 132327243 cycles TSC warp between CPUs, turning off TSC clock.
[    0.878240] tsc: Marking TSC unstable due to check_tsc_sync_source failed
[    0.882033] smpboot: ++++++++++++++++++++=_---CPU UP  2
[    0.882218]  #2
[    0.882253] smpboot: Setting warm reset code and vector.
[    0.882499] smpboot: 1.
[    0.882621] smpboot: 2.
[    0.882743] smpboot: 3.
[    0.882866] smpboot: Asserting INIT
[    0.882988] smpboot: Waiting for send to finish...
[    0.883115] smpboot: Deasserting INIT
[    0.883238] smpboot: Waiting for send to finish...
[    0.883363] smpboot: #startup loops: 2
[    0.883486] smpboot: Sending STARTUP #1
[    0.883610] smpboot: After apic_write
[    0.883743] smpboot: Startup point 1
[    0.883865] smpboot: Waiting for send to finish...
[    0.884000] smpboot: Sending STARTUP #2
[    0.884127] smpboot: After apic_write
[    0.884262] smpboot: Startup point 1
[    0.884386] smpboot: Waiting for send to finish...
[    0.884522] smpboot: After Startup
[    0.755971] masked ExtINT on CPU#2
[    0.755986] [Firmware Info]: CPU: 'AMD A6-3400M APU with Radeon(tm) HD Graphics' has AMD errata 665 Integer Divide Instruction May Cause Unpredictable Behavior.'
[    0.755987] [Firmware Info]: CPU: Double-checked CPU type. 'AMD A6-3400M APU with Radeon(tm) HD Graphics'
[    0.755987] [Firmware Info]: CPU: Setting workaround for 665...(set 'no665wo' in /proc/cmdline to disable)
[    0.815304] smpboot: Stack at about ffff96738bb37f30
[    0.839029] smpboot: ++++++++++++++++++++=_---CPU UP  3
[    0.840007]  #3
[    0.840044] smpboot: Setting warm reset code and vector.
[    0.840292] smpboot: 1.
[    0.840417] smpboot: 2.
[    0.840540] smpboot: 3.
[    0.840662] smpboot: Asserting INIT
[    0.840781] smpboot: Waiting for send to finish...
[    0.840902] smpboot: Deasserting INIT
[    0.841001] smpboot: Waiting for send to finish...
[    0.841121] smpboot: #startup loops: 2
[    0.841239] smpboot: Sending STARTUP #1
[    0.841359] smpboot: After apic_write
[    0.841488] smpboot: Startup point 1
[    0.841594] smpboot: Waiting for send to finish...
[    0.841723] smpboot: Sending STARTUP #2
[    0.841842] smpboot: After apic_write
[    0.842011] smpboot: Startup point 1
[    0.842081] smpboot: Waiting for send to finish...
[    0.842210] smpboot: After Startup
[    0.002000] masked ExtINT on CPU#3
[    0.002000] [Firmware Info]: CPU: 'AMD A6-3400M APU with Radeon(tm) HD Graphics' has AMD errata 665 Integer Divide Instruction May Cause Unpredictable Behavior.'
[    0.002000] [Firmware Info]: CPU: Double-checked CPU type. 'AMD A6-3400M APU with Radeon(tm) HD Graphics'
[    0.002000] [Firmware Info]: CPU: Setting workaround for 665...(set 'no665wo' in /proc/cmdline to disable)
[    0.002000] smpboot: Stack at about ffff96738bb43f30
[    0.902151] x86: Booted up 1 node, 4 CPUs
[    0.903131] CPUunderclocking: activating(?)=1 {apply_underclocking_if_needed kernel/smp.c:946}
[    0.903308] CPUunderclocking: activating... {apply_underclocking_if_needed kernel/smp.c:948}
[    0.903487] CPUunderclocking:   !! Rdmsr(1of2): core:0 idx:c0010064 ... {Rdmsr kernel/smp.c:696}
[    0.903648] CPUunderclocking:     !! Rdmsr(2of2): core:0 idx:c0010064 done. (resultx==8000017d000025e2 hi:8000017d lo:000025e2) {Rdmsr kernel/smp.c:712}
[    0.903809] CPUunderclocking:   !! Rdmsr(1of2): core:1 idx:c0010064 ... {Rdmsr kernel/smp.c:696}
[    0.904003] CPUunderclocking:     !! Rdmsr(2of2): core:1 idx:c0010064 done. (resultx==8000017d000025e2 hi:8000017d lo:000025e2) {Rdmsr kernel/smp.c:712}
[    0.904173] CPUunderclocking:   !! Rdmsr(1of2): core:2 idx:c0010064 ... {Rdmsr kernel/smp.c:696}
[    0.904342] CPUunderclocking:     !! Rdmsr(2of2): core:2 idx:c0010064 done. (resultx==8000017d000025e2 hi:8000017d lo:000025e2) {Rdmsr kernel/smp.c:712}
[    0.904508] CPUunderclocking:   !! Rdmsr(1of2): core:3 idx:c0010064 ... {Rdmsr kernel/smp.c:696}
[    0.904670] CPUunderclocking:     !! Rdmsr(2of2): core:3 idx:c0010064 done. (resultx==8000017d000025e2 hi:8000017d lo:000025e2) {Rdmsr kernel/smp.c:712}
[    0.904828] CPUunderclocking: !! Write(1of3) PState0 read : fid:30 did:2 vid:18 Multi:N/A {WritePState kernel/smp.c:854}
[    0.904989] CPUunderclocking: !! Write(2of3) PState0 write:6 did:0 vid:37 (multi:22) ... {WritePState kernel/smp.c:882}
[    0.905003] CPUunderclocking:   !! Wrmsr(before write): core:0/64 idx:c0010064 valx:8000017d00004a60 ...  {Wrmsr kernel/smp.c:637}
[    0.905166] CPUunderclocking:     !! Wrmsr(after write): done. {Wrmsr kernel/smp.c:676}
[    0.905326] CPUunderclocking:   !! Wrmsr(before write): core:1/64 idx:c0010064 valx:8000017d00004a60 ...  {Wrmsr kernel/smp.c:637}
[    0.905488] CPUunderclocking:     !! Wrmsr(after write): done. {Wrmsr kernel/smp.c:676}
[    0.905643] CPUunderclocking:   !! Wrmsr(before write): core:2/64 idx:c0010064 valx:8000017d00004a60 ...  {Wrmsr kernel/smp.c:637}
[    0.905809] CPUunderclocking:     !! Wrmsr(after write): done. {Wrmsr kernel/smp.c:676}
[    0.906003] CPUunderclocking:   !! Wrmsr(before write): core:3/64 idx:c0010064 valx:8000017d00004a60 ...  {Wrmsr kernel/smp.c:637}
[    0.906171] CPUunderclocking:     !! Wrmsr(after write): done. {Wrmsr kernel/smp.c:676}
[    0.906332] CPUunderclocking: !! Write(3of3) PState0 done. status:0 (0=success) {WritePState kernel/smp.c:884}
[    0.906488] CPUunderclocking:   !! Rdmsr(1of2): core:0 idx:c0010065 ... {Rdmsr kernel/smp.c:696}
[    0.906643] CPUunderclocking:     !! Rdmsr(2of2): core:0 idx:c0010065 done. (resultx==8000014000004fa3 hi:80000140 lo:00004fa3) {Rdmsr kernel/smp.c:712}
[    0.906809] CPUunderclocking:   !! Rdmsr(1of2): core:1 idx:c0010065 ... {Rdmsr kernel/smp.c:696}
[    0.907006] CPUunderclocking:     !! Rdmsr(2of2): core:1 idx:c0010065 done. (resultx==8000014000004fa3 hi:80000140 lo:00004fa3) {Rdmsr kernel/smp.c:712}
[    0.907173] CPUunderclocking:   !! Rdmsr(1of2): core:2 idx:c0010065 ... {Rdmsr kernel/smp.c:696}
[    0.907337] CPUunderclocking:     !! Rdmsr(2of2): core:2 idx:c0010065 done. (resultx==8000014000004fa3 hi:80000140 lo:00004fa3) {Rdmsr kernel/smp.c:712}
[    0.907497] CPUunderclocking:   !! Rdmsr(1of2): core:3 idx:c0010065 ... {Rdmsr kernel/smp.c:696}
[    0.907655] CPUunderclocking:     !! Rdmsr(2of2): core:3 idx:c0010065 done. (resultx==8000014000004fa3 hi:80000140 lo:00004fa3) {Rdmsr kernel/smp.c:712}
[    0.907821] CPUunderclocking: !! Write(1of3) PState1 read : fid:26 did:3 vid:39 Multi:N/A {WritePState kernel/smp.c:854}
[    0.908002] CPUunderclocking: !! Write(2of3) PState1 write:4 did:0 vid:42 (multi:20) ... {WritePState kernel/smp.c:882}
[    0.908166] CPUunderclocking:   !! Wrmsr(before write): core:0/64 idx:c0010065 valx:8000014000005440 ...  {Wrmsr kernel/smp.c:637}
[    0.908329] CPUunderclocking:     !! Wrmsr(after write): done. {Wrmsr kernel/smp.c:676}
[    0.908484] CPUunderclocking:   !! Wrmsr(before write): core:1/64 idx:c0010065 valx:8000014000005440 ...  {Wrmsr kernel/smp.c:637}
[    0.908648] CPUunderclocking:     !! Wrmsr(after write): done. {Wrmsr kernel/smp.c:676}
[    0.908808] CPUunderclocking:   !! Wrmsr(before write): core:2/64 idx:c0010065 valx:8000014000005440 ...  {Wrmsr kernel/smp.c:637}
[    0.909004] CPUunderclocking:     !! Wrmsr(after write): done. {Wrmsr kernel/smp.c:676}
[    0.909164] CPUunderclocking:   !! Wrmsr(before write): core:3/64 idx:c0010065 valx:8000014000005440 ...  {Wrmsr kernel/smp.c:637}
[    0.909332] CPUunderclocking:     !! Wrmsr(after write): done. {Wrmsr kernel/smp.c:676}
[    0.909491] CPUunderclocking: !! Write(3of3) PState1 done. status:0 (0=success) {WritePState kernel/smp.c:884}
[    0.909650] CPUunderclocking:   !! Rdmsr(1of2): core:0 idx:c0010066 ... {Rdmsr kernel/smp.c:696}
[    0.909810] CPUunderclocking:     !! Rdmsr(2of2): core:0 idx:c0010066 done. (resultx==8000013700005573 hi:80000137 lo:00005573) {Rdmsr kernel/smp.c:712}
[    0.910001] CPUunderclocking:   !! Rdmsr(1of2): core:1 idx:c0010066 ... {Rdmsr kernel/smp.c:696}
[    0.910166] CPUunderclocking:     !! Rdmsr(2of2): core:1 idx:c0010066 done. (resultx==8000013700005573 hi:80000137 lo:00005573) {Rdmsr kernel/smp.c:712}
[    0.910330] CPUunderclocking:   !! Rdmsr(1of2): core:2 idx:c0010066 ... {Rdmsr kernel/smp.c:696}
[    0.910495] CPUunderclocking:     !! Rdmsr(2of2): core:2 idx:c0010066 done. (resultx==8000013700005573 hi:80000137 lo:00005573) {Rdmsr kernel/smp.c:712}
[    0.910657] CPUunderclocking:   !! Rdmsr(1of2): core:3 idx:c0010066 ... {Rdmsr kernel/smp.c:696}
[    0.910819] CPUunderclocking:     !! Rdmsr(2of2): core:3 idx:c0010066 done. (resultx==8000013700005573 hi:80000137 lo:00005573) {Rdmsr kernel/smp.c:712}
[    0.911002] CPUunderclocking: !! Write(1of3) PState2 read : fid:23 did:3 vid:42 Multi:N/A {WritePState kernel/smp.c:854}
[    0.911163] CPUunderclocking: !! Write(2of3) PState2 write:2 did:0 vid:47 (multi:18) ... {WritePState kernel/smp.c:882}
[    0.912002] CPUunderclocking:   !! Wrmsr(before write): core:0/64 idx:c0010066 valx:8000013700005e20 ...  {Wrmsr kernel/smp.c:637}
[    0.912164] CPUunderclocking:     !! Wrmsr(after write): done. {Wrmsr kernel/smp.c:676}
[    0.912324] CPUunderclocking:   !! Wrmsr(before write): core:1/64 idx:c0010066 valx:8000013700005e20 ...  {Wrmsr kernel/smp.c:637}
[    0.912489] CPUunderclocking:     !! Wrmsr(after write): done. {Wrmsr kernel/smp.c:676}
[    0.912649] CPUunderclocking:   !! Wrmsr(before write): core:2/64 idx:c0010066 valx:8000013700005e20 ...  {Wrmsr kernel/smp.c:637}
[    0.913005] CPUunderclocking:     !! Wrmsr(after write): done. {Wrmsr kernel/smp.c:676}
[    0.913163] CPUunderclocking:   !! Wrmsr(before write): core:3/64 idx:c0010066 valx:8000013700005e20 ...  {Wrmsr kernel/smp.c:637}
[    0.913328] CPUunderclocking:     !! Wrmsr(after write): done. {Wrmsr kernel/smp.c:676}
[    0.913487] CPUunderclocking: !! Write(3of3) PState2 done. status:0 (0=success) {WritePState kernel/smp.c:884}
[    0.913647] CPUunderclocking:   !! Rdmsr(1of2): core:0 idx:c0010067 ... {Rdmsr kernel/smp.c:696}
[    0.913808] CPUunderclocking:     !! Rdmsr(2of2): core:0 idx:c0010067 done. (resultx==8000013200005b43 hi:80000132 lo:00005b43) {Rdmsr kernel/smp.c:712}
[    0.914001] CPUunderclocking:   !! Rdmsr(1of2): core:1 idx:c0010067 ... {Rdmsr kernel/smp.c:696}
[    0.914164] CPUunderclocking:     !! Rdmsr(2of2): core:1 idx:c0010067 done. (resultx==8000013200005b43 hi:80000132 lo:00005b43) {Rdmsr kernel/smp.c:712}
[    0.914327] CPUunderclocking:   !! Rdmsr(1of2): core:2 idx:c0010067 ... {Rdmsr kernel/smp.c:696}
[    0.914493] CPUunderclocking:     !! Rdmsr(2of2): core:2 idx:c0010067 done. (resultx==8000013200005b43 hi:80000132 lo:00005b43) {Rdmsr kernel/smp.c:712}
[    0.914657] CPUunderclocking:   !! Rdmsr(1of2): core:3 idx:c0010067 ... {Rdmsr kernel/smp.c:696}
[    0.914820] CPUunderclocking:     !! Rdmsr(2of2): core:3 idx:c0010067 done. (resultx==8000013200005b43 hi:80000132 lo:00005b43) {Rdmsr kernel/smp.c:712}
[    0.915002] CPUunderclocking: !! Write(1of3) PState3 read : fid:20 did:3 vid:45 Multi:N/A {WritePState kernel/smp.c:854}
[    0.915162] CPUunderclocking: !! Write(2of3) PState3 write:1 did:0 vid:49 (multi:17) ... {WritePState kernel/smp.c:882}
[    0.915322] CPUunderclocking:   !! Wrmsr(before write): core:0/64 idx:c0010067 valx:8000013200006210 ...  {Wrmsr kernel/smp.c:637}
[    0.915485] CPUunderclocking:     !! Wrmsr(after write): done. {Wrmsr kernel/smp.c:676}
[    0.915645] CPUunderclocking:   !! Wrmsr(before write): core:1/64 idx:c0010067 valx:8000013200006210 ...  {Wrmsr kernel/smp.c:637}
[    0.915811] CPUunderclocking:     !! Wrmsr(after write): done. {Wrmsr kernel/smp.c:676}
[    0.916002] CPUunderclocking:   !! Wrmsr(before write): core:2/64 idx:c0010067 valx:8000013200006210 ...  {Wrmsr kernel/smp.c:637}
[    0.916169] CPUunderclocking:     !! Wrmsr(after write): done. {Wrmsr kernel/smp.c:676}
[    0.916327] CPUunderclocking:   !! Wrmsr(before write): core:3/64 idx:c0010067 valx:8000013200006210 ...  {Wrmsr kernel/smp.c:637}
[    0.916492] CPUunderclocking:     !! Wrmsr(after write): done. {Wrmsr kernel/smp.c:676}
[    0.916652] CPUunderclocking: !! Write(3of3) PState3 done. status:0 (0=success) {WritePState kernel/smp.c:884}
[    0.916812] CPUunderclocking:   !! Rdmsr(1of2): core:0 idx:c0010068 ... {Rdmsr kernel/smp.c:696}
[    0.916973] CPUunderclocking:     !! Rdmsr(2of2): core:0 idx:c0010068 done. (resultx==8000012e00005d13 hi:8000012e lo:00005d13) {Rdmsr kernel/smp.c:712}
[    0.917002] CPUunderclocking:   !! Rdmsr(1of2): core:1 idx:c0010068 ... {Rdmsr kernel/smp.c:696}
[    0.917164] CPUunderclocking:     !! Rdmsr(2of2): core:1 idx:c0010068 done. (resultx==8000012e00005d13 hi:8000012e lo:00005d13) {Rdmsr kernel/smp.c:712}
[    0.917327] CPUunderclocking:   !! Rdmsr(1of2): core:2 idx:c0010068 ... {Rdmsr kernel/smp.c:696}
[    0.917491] CPUunderclocking:     !! Rdmsr(2of2): core:2 idx:c0010068 done. (resultx==8000012e00005d13 hi:8000012e lo:00005d13) {Rdmsr kernel/smp.c:712}
[    0.917655] CPUunderclocking:   !! Rdmsr(1of2): core:3 idx:c0010068 ... {Rdmsr kernel/smp.c:696}
[    0.917819] CPUunderclocking:     !! Rdmsr(2of2): core:3 idx:c0010068 done. (resultx==8000012e00005d13 hi:8000012e lo:00005d13) {Rdmsr kernel/smp.c:712}
[    0.918002] CPUunderclocking: !! Write(1of3) PState4 read : fid:17 did:3 vid:46 Multi:N/A {WritePState kernel/smp.c:854}
[    0.918164] CPUunderclocking: !! Write(2of3) PState4 write:0 did:0 vid:52 (multi:16) ... {WritePState kernel/smp.c:882}
[    0.918325] CPUunderclocking:   !! Wrmsr(before write): core:0/64 idx:c0010068 valx:8000012e00006800 ...  {Wrmsr kernel/smp.c:637}
[    0.918486] CPUunderclocking:     !! Wrmsr(after write): done. {Wrmsr kernel/smp.c:676}
[    0.918647] CPUunderclocking:   !! Wrmsr(before write): core:1/64 idx:c0010068 valx:8000012e00006800 ...  {Wrmsr kernel/smp.c:637}
[    0.918815] CPUunderclocking:     !! Wrmsr(after write): done. {Wrmsr kernel/smp.c:676}
[    0.919002] CPUunderclocking:   !! Wrmsr(before write): core:2/64 idx:c0010068 valx:8000012e00006800 ...  {Wrmsr kernel/smp.c:637}
[    0.919170] CPUunderclocking:     !! Wrmsr(after write): done. {Wrmsr kernel/smp.c:676}
[    0.919329] CPUunderclocking:   !! Wrmsr(before write): core:3/64 idx:c0010068 valx:8000012e00006800 ...  {Wrmsr kernel/smp.c:637}
[    0.919496] CPUunderclocking:     !! Wrmsr(after write): done. {Wrmsr kernel/smp.c:676}
[    0.919654] CPUunderclocking: !! Write(3of3) PState4 done. status:0 (0=success) {WritePState kernel/smp.c:884}
[    0.919815] CPUunderclocking:   !! Rdmsr(1of2): core:0 idx:c0010069 ... {Rdmsr kernel/smp.c:696}
[    0.920002] CPUunderclocking:     !! Rdmsr(2of2): core:0 idx:c0010069 done. (resultx==8000012b00005ee3 hi:8000012b lo:00005ee3) {Rdmsr kernel/smp.c:712}
[    0.920163] CPUunderclocking:   !! Rdmsr(1of2): core:1 idx:c0010069 ... {Rdmsr kernel/smp.c:696}
[    0.920325] CPUunderclocking:     !! Rdmsr(2of2): core:1 idx:c0010069 done. (resultx==8000012b00005ee3 hi:8000012b lo:00005ee3) {Rdmsr kernel/smp.c:712}
[    0.920485] CPUunderclocking:   !! Rdmsr(1of2): core:2 idx:c0010069 ... {Rdmsr kernel/smp.c:696}
[    0.920645] CPUunderclocking:     !! Rdmsr(2of2): core:2 idx:c0010069 done. (resultx==8000012b00005ee3 hi:8000012b lo:00005ee3) {Rdmsr kernel/smp.c:712}
[    0.920806] CPUunderclocking:   !! Rdmsr(1of2): core:3 idx:c0010069 ... {Rdmsr kernel/smp.c:696}
[    0.921004] CPUunderclocking:     !! Rdmsr(2of2): core:3 idx:c0010069 done. (resultx==8000012b00005ee3 hi:8000012b lo:00005ee3) {Rdmsr kernel/smp.c:712}
[    0.921165] CPUunderclocking: !! Write(1of3) PState5 read : fid:14 did:3 vid:47 Multi:N/A {WritePState kernel/smp.c:854}
[    0.921323] CPUunderclocking: !! Write(2of3) PState5 write:5 did:1 vid:55 (multi:14) ... {WritePState kernel/smp.c:882}
[    0.921483] CPUunderclocking:   !! Wrmsr(before write): core:0/64 idx:c0010069 valx:8000012b00006e51 ...  {Wrmsr kernel/smp.c:637}
[    0.921642] CPUunderclocking:     !! Wrmsr(after write): done. {Wrmsr kernel/smp.c:676}
[    0.921798] CPUunderclocking:   !! Wrmsr(before write): core:1/64 idx:c0010069 valx:8000012b00006e51 ...  {Wrmsr kernel/smp.c:637}
[    0.922004] CPUunderclocking:     !! Wrmsr(after write): done. {Wrmsr kernel/smp.c:676}
[    0.922160] CPUunderclocking:   !! Wrmsr(before write): core:2/64 idx:c0010069 valx:8000012b00006e51 ...  {Wrmsr kernel/smp.c:637}
[    0.922323] CPUunderclocking:     !! Wrmsr(after write): done. {Wrmsr kernel/smp.c:676}
[    0.922482] CPUunderclocking:   !! Wrmsr(before write): core:3/64 idx:c0010069 valx:8000012b00006e51 ...  {Wrmsr kernel/smp.c:637}
[    0.922641] CPUunderclocking:     !! Wrmsr(after write): done. {Wrmsr kernel/smp.c:676}
[    0.922797] CPUunderclocking: !! Write(3of3) PState5 done. status:0 (0=success) {WritePState kernel/smp.c:884}
[    0.922952] CPUunderclocking:   !! Rdmsr(1of2): core:0 idx:c001006a ... {Rdmsr kernel/smp.c:696}
[    0.923002] CPUunderclocking:     !! Rdmsr(2of2): core:0 idx:c001006a done. (resultx==80000127000060b3 hi:80000127 lo:000060b3) {Rdmsr kernel/smp.c:712}
[    0.923164] CPUunderclocking:   !! Rdmsr(1of2): core:1 idx:c001006a ... {Rdmsr kernel/smp.c:696}
[    0.923324] CPUunderclocking:     !! Rdmsr(2of2): core:1 idx:c001006a done. (resultx==80000127000060b3 hi:80000127 lo:000060b3) {Rdmsr kernel/smp.c:712}
[    0.923484] CPUunderclocking:   !! Rdmsr(1of2): core:2 idx:c001006a ... {Rdmsr kernel/smp.c:696}
[    0.923645] CPUunderclocking:     !! Rdmsr(2of2): core:2 idx:c001006a done. (resultx==80000127000060b3 hi:80000127 lo:000060b3) {Rdmsr kernel/smp.c:712}
[    0.923804] CPUunderclocking:   !! Rdmsr(1of2): core:3 idx:c001006a ... {Rdmsr kernel/smp.c:696}
[    0.924005] CPUunderclocking:     !! Rdmsr(2of2): core:3 idx:c001006a done. (resultx==80000127000060b3 hi:80000127 lo:000060b3) {Rdmsr kernel/smp.c:712}
[    0.924165] CPUunderclocking: !! Write(1of3) PState6 read : fid:11 did:3 vid:48 Multi:N/A {WritePState kernel/smp.c:854}
[    0.924327] CPUunderclocking: !! Write(2of3) PState6 write:2 did:1 vid:59 (multi:12) ... {WritePState kernel/smp.c:882}
[    0.924488] CPUunderclocking:   !! Wrmsr(before write): core:0/64 idx:c001006a valx:8000012700007621 ...  {Wrmsr kernel/smp.c:637}
[    0.924652] CPUunderclocking:     !! Wrmsr(after write): done. {Wrmsr kernel/smp.c:676}
[    0.924810] CPUunderclocking:   !! Wrmsr(before write): core:1/64 idx:c001006a valx:8000012700007621 ...  {Wrmsr kernel/smp.c:637}
[    0.925006] CPUunderclocking:     !! Wrmsr(after write): done. {Wrmsr kernel/smp.c:676}
[    0.925166] CPUunderclocking:   !! Wrmsr(before write): core:2/64 idx:c001006a valx:8000012700007621 ...  {Wrmsr kernel/smp.c:637}
[    0.925332] CPUunderclocking:     !! Wrmsr(after write): done. {Wrmsr kernel/smp.c:676}
[    0.925493] CPUunderclocking:   !! Wrmsr(before write): core:3/64 idx:c001006a valx:8000012700007621 ...  {Wrmsr kernel/smp.c:637}
[    0.925658] CPUunderclocking:     !! Wrmsr(after write): done. {Wrmsr kernel/smp.c:676}
[    0.925816] CPUunderclocking: !! Write(3of3) PState6 done. status:0 (0=success) {WritePState kernel/smp.c:884}
[    0.926001] CPUunderclocking:   !! Rdmsr(1of2): core:0 idx:c001006b ... {Rdmsr kernel/smp.c:696}
[    0.926164] CPUunderclocking:     !! Rdmsr(2of2): core:0 idx:c001006b done. (resultx==8000012500006504 hi:80000125 lo:00006504) {Rdmsr kernel/smp.c:712}
[    0.926327] CPUunderclocking:   !! Rdmsr(1of2): core:1 idx:c001006b ... {Rdmsr kernel/smp.c:696}
[    0.926490] CPUunderclocking:     !! Rdmsr(2of2): core:1 idx:c001006b done. (resultx==8000012500006504 hi:80000125 lo:00006504) {Rdmsr kernel/smp.c:712}
[    0.926654] CPUunderclocking:   !! Rdmsr(1of2): core:2 idx:c001006b ... {Rdmsr kernel/smp.c:696}
[    0.927005] CPUunderclocking:     !! Rdmsr(2of2): core:2 idx:c001006b done. (resultx==8000012500006504 hi:80000125 lo:00006504) {Rdmsr kernel/smp.c:712}
[    0.927168] CPUunderclocking:   !! Rdmsr(1of2): core:3 idx:c001006b ... {Rdmsr kernel/smp.c:696}
[    0.928004] CPUunderclocking:     !! Rdmsr(2of2): core:3 idx:c001006b done. (resultx==8000012500006504 hi:80000125 lo:00006504) {Rdmsr kernel/smp.c:712}
[    0.928168] CPUunderclocking: !! Write(1of3) PState7 read : fid:16 did:4 vid:50 Multi:N/A {WritePState kernel/smp.c:854}
[    0.928329] CPUunderclocking: !! Write(2of3) PState7 write:0 did:2 vid:67 (multi:8) ... {WritePState kernel/smp.c:882}
[    0.928489] CPUunderclocking:   !! Wrmsr(before write): core:0/64 idx:c001006b valx:8000012500008602 ...  {Wrmsr kernel/smp.c:637}
[    0.928651] CPUunderclocking:     !! Wrmsr(after write): done. {Wrmsr kernel/smp.c:676}
[    0.928811] CPUunderclocking:   !! Wrmsr(before write): core:1/64 idx:c001006b valx:8000012500008602 ...  {Wrmsr kernel/smp.c:637}
[    0.929004] CPUunderclocking:     !! Wrmsr(after write): done. {Wrmsr kernel/smp.c:676}
[    0.929164] CPUunderclocking:   !! Wrmsr(before write): core:2/64 idx:c001006b valx:8000012500008602 ...  {Wrmsr kernel/smp.c:637}
[    0.929330] CPUunderclocking:     !! Wrmsr(after write): done. {Wrmsr kernel/smp.c:676}
[    0.929489] CPUunderclocking:   !! Wrmsr(before write): core:3/64 idx:c001006b valx:8000012500008602 ...  {Wrmsr kernel/smp.c:637}
[    0.929653] CPUunderclocking:     !! Wrmsr(after write): done. {Wrmsr kernel/smp.c:676}
[    0.929813] CPUunderclocking: !! Write(3of3) PState7 done. status:0 (0=success) {WritePState kernel/smp.c:884}
[    0.930001] CPUunderclocking: Switching to another p-state temporarily so to ensure that the current one uses newly applied values {apply_underclocking_if_needed kernel/smp.c:954}
[    0.930205] CPUunderclocking:   !! Rdmsr(1of2): core:0 idx:c0010071 ... {Rdmsr kernel/smp.c:696}
[    0.930365] CPUunderclocking:     !! Rdmsr(2of2): core:0 idx:c0010071 done. (resultx==003160975a004a60 hi:00316097 lo:5a004a60) {Rdmsr kernel/smp.c:712}
[    0.930528] CPUunderclocking:   !! Rdmsr(1of2): core:1 idx:c0010071 ... {Rdmsr kernel/smp.c:696}
[    0.930692] CPUunderclocking:     !! Rdmsr(2of2): core:1 idx:c0010071 done. (resultx==003160975a014ba3 hi:00316097 lo:5a014ba3) {Rdmsr kernel/smp.c:712}
[    0.930856] CPUunderclocking:     !! Rdmsr(3of2): different results for cores(this is expected to be so, depending on load) core[0] != core[1] (see above KERN_DEBUG msgs) {Rdmsr kernel/smp.c:717}
[    0.931001] CPUunderclocking:   !! Rdmsr(1of2): core:2 idx:c0010071 ... {Rdmsr kernel/smp.c:696}
[    0.931166] CPUunderclocking:     !! Rdmsr(2of2): core:2 idx:c0010071 done. (resultx==003160975a014fa3 hi:00316097 lo:5a014fa3) {Rdmsr kernel/smp.c:712}
[    0.931330] CPUunderclocking:     !! Rdmsr(3of2): different results for cores(this is expected to be so, depending on load) core[1] != core[2] (see above KERN_DEBUG msgs) {Rdmsr kernel/smp.c:717}
[    0.931535] CPUunderclocking:   !! Rdmsr(1of2): core:3 idx:c0010071 ... {Rdmsr kernel/smp.c:696}
[    0.931698] CPUunderclocking:     !! Rdmsr(2of2): core:3 idx:c0010071 done. (resultx==003160975a014a40 hi:00316097 lo:5a014a40) {Rdmsr kernel/smp.c:712}
[    0.931864] CPUunderclocking:     !! Rdmsr(3of2): different results for cores(this is expected to be so, depending on load) core[2] != core[3] (see above KERN_DEBUG msgs) {Rdmsr kernel/smp.c:717}
[    0.932002] CPUunderclocking: !! currentpstate:0 temppstate:7 {apply_underclocking_if_needed kernel/smp.c:962}
[    0.932163] CPUunderclocking:   !! Rdmsr(1of2): core:0 idx:c0010062 ... {Rdmsr kernel/smp.c:696}
[    0.932326] CPUunderclocking:     !! Rdmsr(2of2): core:0 idx:c0010062 done. (resultx==0000000000000000 hi:00000000 lo:00000000) {Rdmsr kernel/smp.c:712}
[    0.932488] CPUunderclocking:   !! Rdmsr(1of2): core:1 idx:c0010062 ... {Rdmsr kernel/smp.c:696}
[    0.932650] CPUunderclocking:     !! Rdmsr(2of2): core:1 idx:c0010062 done. (resultx==0000000000000000 hi:00000000 lo:00000000) {Rdmsr kernel/smp.c:712}
[    0.932814] CPUunderclocking:   !! Rdmsr(1of2): core:2 idx:c0010062 ... {Rdmsr kernel/smp.c:696}
[    0.933005] CPUunderclocking:     !! Rdmsr(2of2): core:2 idx:c0010062 done. (resultx==0000000000000000 hi:00000000 lo:00000000) {Rdmsr kernel/smp.c:712}
[    0.933169] CPUunderclocking:   !! Rdmsr(1of2): core:3 idx:c0010062 ... {Rdmsr kernel/smp.c:696}
[    0.933332] CPUunderclocking:     !! Rdmsr(2of2): core:3 idx:c0010062 done. (resultx==0000000000000000 hi:00000000 lo:00000000) {Rdmsr kernel/smp.c:712}
[    0.933498] CPUunderclocking:   !! Wrmsr(before write): core:0/64 idx:c0010062 valx:0000000000000006 ...  {Wrmsr kernel/smp.c:637}
[    0.933663] CPUunderclocking:     !! Wrmsr(after write): done. {Wrmsr kernel/smp.c:676}
[    0.933839] CPUunderclocking:   !! Wrmsr(before write): core:1/64 idx:c0010062 valx:0000000000000006 ...  {Wrmsr kernel/smp.c:637}
[    0.934007] CPUunderclocking:     !! Wrmsr(after write): done. {Wrmsr kernel/smp.c:676}
[    0.934184] CPUunderclocking:   !! Wrmsr(before write): core:2/64 idx:c0010062 valx:0000000000000006 ...  {Wrmsr kernel/smp.c:637}
[    0.934370] CPUunderclocking:     !! Wrmsr(after write): done. {Wrmsr kernel/smp.c:676}
[    0.934545] CPUunderclocking:   !! Wrmsr(before write): core:3/64 idx:c0010062 valx:0000000000000006 ...  {Wrmsr kernel/smp.c:637}
[    0.934731] CPUunderclocking:     !! Wrmsr(after write): done. {Wrmsr kernel/smp.c:676}
[    0.935004] CPUunderclocking:   !! Rdmsr(1of2): core:0 idx:c0010063 ... {Rdmsr kernel/smp.c:696}
[    0.935183] CPUunderclocking:     !! Rdmsr(2of2): core:0 idx:c0010063 done. (resultx==0000000000000006 hi:00000000 lo:00000006) {Rdmsr kernel/smp.c:712}
[    0.935367] CPUunderclocking:   !! Rdmsr(1of2): core:1 idx:c0010063 ... {Rdmsr kernel/smp.c:696}
[    0.935550] CPUunderclocking:     !! Rdmsr(2of2): core:1 idx:c0010063 done. (resultx==0000000000000000 hi:00000000 lo:00000000) {Rdmsr kernel/smp.c:712}
[    0.935730] CPUunderclocking:     !! Rdmsr(3of2): different results for cores(this is expected to be so, depending on load) core[0] != core[1] (see above KERN_DEBUG msgs) {Rdmsr kernel/smp.c:717}
[    0.936004] CPUunderclocking:   !! Rdmsr(1of2): core:2 idx:c0010063 ... {Rdmsr kernel/smp.c:696}
[    0.936182] CPUunderclocking:     !! Rdmsr(2of2): core:2 idx:c0010063 done. (resultx==0000000000000000 hi:00000000 lo:00000000) {Rdmsr kernel/smp.c:712}
[    0.936363] CPUunderclocking:   !! Rdmsr(1of2): core:3 idx:c0010063 ... {Rdmsr kernel/smp.c:696}
[    0.936542] CPUunderclocking:     !! Rdmsr(2of2): core:3 idx:c0010063 done. (resultx==0000000000000006 hi:00000000 lo:00000006) {Rdmsr kernel/smp.c:712}
[    0.936722] CPUunderclocking:     !! Rdmsr(3of2): different results for cores(this is expected to be so, depending on load) core[2] != core[3] (see above KERN_DEBUG msgs) {Rdmsr kernel/smp.c:717}
[    0.936946] CPUunderclocking: Waiting for PState to settle at wanted. Current: i(16bits)=6 j(64bits)=6 wantedpstate=6 tries left:9 {SetCurrentPState kernel/smp.c:926}
[    0.937004] CPUunderclocking:   !! Rdmsr(1of2): core:0 idx:c0010071 ... {Rdmsr kernel/smp.c:696}
[    0.937179] CPUunderclocking:     !! Rdmsr(2of2): core:0 idx:c0010071 done. (resultx==003160975a074e02 hi:00316097 lo:5a074e02) {Rdmsr kernel/smp.c:712}
[    0.937361] CPUunderclocking:   !! Rdmsr(1of2): core:1 idx:c0010071 ... {Rdmsr kernel/smp.c:696}
[    0.937540] CPUunderclocking:     !! Rdmsr(2of2): core:1 idx:c0010071 done. (resultx==003160975a014fa3 hi:00316097 lo:5a014fa3) {Rdmsr kernel/smp.c:712}
[    0.937720] CPUunderclocking:     !! Rdmsr(3of2): different results for cores(this is expected to be so, depending on load) core[0] != core[1] (see above KERN_DEBUG msgs) {Rdmsr kernel/smp.c:717}
[    0.938004] CPUunderclocking:   !! Rdmsr(1of2): core:2 idx:c0010071 ... {Rdmsr kernel/smp.c:696}
[    0.938185] CPUunderclocking:     !! Rdmsr(2of2): core:2 idx:c0010071 done. (resultx==003160975a014fa3 hi:00316097 lo:5a014fa3) {Rdmsr kernel/smp.c:712}
[    0.938366] CPUunderclocking:   !! Rdmsr(1of2): core:3 idx:c0010071 ... {Rdmsr kernel/smp.c:696}
[    0.938547] CPUunderclocking:     !! Rdmsr(2of2): core:3 idx:c0010071 done. (resultx==003160975a074e02 hi:00316097 lo:5a074e02) {Rdmsr kernel/smp.c:712}
[    0.938726] CPUunderclocking:     !! Rdmsr(3of2): different results for cores(this is expected to be so, depending on load) core[2] != core[3] (see above KERN_DEBUG msgs) {Rdmsr kernel/smp.c:717}
[    0.939004] CPUunderclocking: !! currentpstate:7 {apply_underclocking_if_needed kernel/smp.c:964}
[    0.939178] CPUunderclocking:   !! Rdmsr(1of2): core:0 idx:c0010062 ... {Rdmsr kernel/smp.c:696}
[    0.939353] CPUunderclocking:     !! Rdmsr(2of2): core:0 idx:c0010062 done. (resultx==0000000000000006 hi:00000000 lo:00000006) {Rdmsr kernel/smp.c:712}
[    0.939534] CPUunderclocking:   !! Rdmsr(1of2): core:1 idx:c0010062 ... {Rdmsr kernel/smp.c:696}
[    0.939712] CPUunderclocking:     !! Rdmsr(2of2): core:1 idx:c0010062 done. (resultx==0000000000000006 hi:00000000 lo:00000006) {Rdmsr kernel/smp.c:712}
[    0.939893] CPUunderclocking:   !! Rdmsr(1of2): core:2 idx:c0010062 ... {Rdmsr kernel/smp.c:696}
[    0.940182] CPUunderclocking:     !! Rdmsr(2of2): core:2 idx:c0010062 done. (resultx==0000000000000006 hi:00000000 lo:00000006) {Rdmsr kernel/smp.c:712}
[    0.940365] CPUunderclocking:   !! Rdmsr(1of2): core:3 idx:c0010062 ... {Rdmsr kernel/smp.c:696}
[    0.940548] CPUunderclocking:     !! Rdmsr(2of2): core:3 idx:c0010062 done. (resultx==0000000000000006 hi:00000000 lo:00000006) {Rdmsr kernel/smp.c:712}
[    0.940732] CPUunderclocking:   !! Wrmsr(before write): core:0/64 idx:c0010062 valx:0000000000000000 ...  {Wrmsr kernel/smp.c:637}
[    0.940915] CPUunderclocking:     !! Wrmsr(after write): done. {Wrmsr kernel/smp.c:676}
[    0.941002] CPUunderclocking:   !! Wrmsr(before write): core:1/64 idx:c0010062 valx:0000000000000000 ...  {Wrmsr kernel/smp.c:637}
[    0.941168] CPUunderclocking:     !! Wrmsr(after write): done. {Wrmsr kernel/smp.c:676}
[    0.941328] CPUunderclocking:   !! Wrmsr(before write): core:2/64 idx:c0010062 valx:0000000000000000 ...  {Wrmsr kernel/smp.c:637}
[    0.941494] CPUunderclocking:     !! Wrmsr(after write): done. {Wrmsr kernel/smp.c:676}
[    0.941653] CPUunderclocking:   !! Wrmsr(before write): core:3/64 idx:c0010062 valx:0000000000000000 ...  {Wrmsr kernel/smp.c:637}
[    0.941822] CPUunderclocking:     !! Wrmsr(after write): done. {Wrmsr kernel/smp.c:676}
[    0.942001] CPUunderclocking:   !! Rdmsr(1of2): core:0 idx:c0010063 ... {Rdmsr kernel/smp.c:696}
[    0.942162] CPUunderclocking:     !! Rdmsr(2of2): core:0 idx:c0010063 done. (resultx==0000000000000000 hi:00000000 lo:00000000) {Rdmsr kernel/smp.c:712}
[    0.942326] CPUunderclocking:   !! Rdmsr(1of2): core:1 idx:c0010063 ... {Rdmsr kernel/smp.c:696}
[    0.942490] CPUunderclocking:     !! Rdmsr(2of2): core:1 idx:c0010063 done. (resultx==0000000000000000 hi:00000000 lo:00000000) {Rdmsr kernel/smp.c:712}
[    0.942654] CPUunderclocking:   !! Rdmsr(1of2): core:2 idx:c0010063 ... {Rdmsr kernel/smp.c:696}
[    0.943006] CPUunderclocking:     !! Rdmsr(2of2): core:2 idx:c0010063 done. (resultx==0000000000000000 hi:00000000 lo:00000000) {Rdmsr kernel/smp.c:712}
[    0.943169] CPUunderclocking:   !! Rdmsr(1of2): core:3 idx:c0010063 ... {Rdmsr kernel/smp.c:696}
[    0.944005] CPUunderclocking:     !! Rdmsr(2of2): core:3 idx:c0010063 done. (resultx==0000000000000000 hi:00000000 lo:00000000) {Rdmsr kernel/smp.c:712}
[    0.944169] CPUunderclocking: Waiting for PState to settle at wanted. Current: i(16bits)=0 j(64bits)=0 wantedpstate=0 tries left:9 {SetCurrentPState kernel/smp.c:926}
[    0.944372] CPUunderclocking:   !! Rdmsr(1of2): core:0 idx:c0010071 ... {Rdmsr kernel/smp.c:696}
[    0.944532] CPUunderclocking:     !! Rdmsr(2of2): core:0 idx:c0010071 done. (resultx==003160975a014e40 hi:00316097 lo:5a014e40) {Rdmsr kernel/smp.c:712}
[    0.944696] CPUunderclocking:   !! Rdmsr(1of2): core:1 idx:c0010071 ... {Rdmsr kernel/smp.c:696}
[    0.944860] CPUunderclocking:     !! Rdmsr(2of2): core:1 idx:c0010071 done. (resultx==003160975a014fa3 hi:00316097 lo:5a014fa3) {Rdmsr kernel/smp.c:712}
[    0.945002] CPUunderclocking:     !! Rdmsr(3of2): different results for cores(this is expected to be so, depending on load) core[0] != core[1] (see above KERN_DEBUG msgs) {Rdmsr kernel/smp.c:717}
[    0.945207] CPUunderclocking:   !! Rdmsr(1of2): core:2 idx:c0010071 ... {Rdmsr kernel/smp.c:696}
[    0.945371] CPUunderclocking:     !! Rdmsr(2of2): core:2 idx:c0010071 done. (resultx==003160975a014fa3 hi:00316097 lo:5a014fa3) {Rdmsr kernel/smp.c:712}
[    0.945535] CPUunderclocking:   !! Rdmsr(1of2): core:3 idx:c0010071 ... {Rdmsr kernel/smp.c:696}
[    0.945699] CPUunderclocking:     !! Rdmsr(2of2): core:3 idx:c0010071 done. (resultx==003160975a014e40 hi:00316097 lo:5a014e40) {Rdmsr kernel/smp.c:712}
[    0.946002] CPUunderclocking:     !! Rdmsr(3of2): different results for cores(this is expected to be so, depending on load) core[2] != core[3] (see above KERN_DEBUG msgs) {Rdmsr kernel/smp.c:717}
[    0.946206] CPUunderclocking: !! currentpstate:1 {apply_underclocking_if_needed kernel/smp.c:966}
[    0.946365] CPUunderclocking: done. {apply_underclocking_if_needed kernel/smp.c:969}
[    0.946526] smpboot: Boot done
[    0.946646] ----------------
[    0.946765] | NMI testsuite:
[    0.946884] --------------------
[    0.947001]   remote IPI:  ok  |
[    0.950218]    local IPI:  ok  |
[    0.958007] --------------------
[    0.958186] Good, all   2 testcases passed! |
[    0.958313] ---------------------------------
[    0.958439] smpboot: Before bogomips
[    0.958567] smpboot: Total of 4 processors activated (11179.49 BogoMIPS)
[    0.958695] smpboot: Before bogocount - setting activated=1
[    0.961871] devtmpfs: initialized
[    0.962246] device: 'platform': device_add
[    0.962798] bus: 'platform': registered
[    0.963168] bus: 'cpu': registered
[    0.963358] device: 'cpu': device_add
[    0.964045] bus: 'container': registered
[    0.964230] device: 'container': device_add
[    0.967813] bus: 'workqueue': registered
[    0.968002] device: 'workqueue': device_add
[    0.968646] clocksource: jiffies: mask: 0xffffffff max_cycles: 0xffffffff, max_idle_ns: 1911260446275000 ns
[    0.969023] xor: measuring software checksum speed
[    0.979002]    prefetch64-sse:  8796.000 MB/sec
[    0.989002]    generic_sse:  7916.000 MB/sec
[    0.989175] xor: using function: prefetch64-sse (8796.000 MB/sec)
[    0.989313] atomic64_test: passed for x86-64 platform with CX8 and with SSE
[    0.989443] device class 'regulator': registering
[    0.989802] Registering platform device 'reg-dummy'. Parent at platform
[    0.989983] device: 'reg-dummy': device_add
[    0.990066] bus: 'platform': add device reg-dummy
[    0.990541] bus: 'platform': add driver reg-dummy
[    0.990749] bus: 'platform': driver_probe_device: matched device reg-dummy with driver reg-dummy
[    0.991002] bus: 'platform': really_probe: probing driver reg-dummy with device reg-dummy
[    0.991236] devices_kset: Moving reg-dummy to end of list
[    0.991453] regulator-dummy: no parameters
[    0.991635] device: 'regulator.0': device_add
[    0.992568] driver: 'reg-dummy': driver_bound: bound to device 'reg-dummy'
[    0.992744] bus: 'platform': really_probe: bound device reg-dummy to driver reg-dummy
[    0.993968] NET: Registered protocol family 16
[    0.994546] device class 'bdi': registering
[    0.994833] bus: 'platform': add driver ramoops
[    0.995180] device class 'pci_bus': registering
[    0.995615] bus: 'pci': registered
[    0.995797] device class 'backlight': registering
[    0.996066] device class 'tty': registering
[    0.996302] device class 'vtconsole': registering
[    0.996556] device: 'vtcon0': device_add
[    0.997407] bus: 'node': registered
[    0.997597] device: 'node': device_add
[    0.998242] bus: 'i2c': registered
[    0.998455] bus: 'i2c': add driver dummy
[    0.998761] i2c-core: driver [dummy] registered
[    1.002017] cpuidle: using governor ladder
[    1.006009] cpuidle: using governor menu
[    1.006893] ACPI FADT declares the system doesn't support PCIe ASPM, so disable it
[    1.007009] ACPI: bus type PCI registered
[    1.007137] acpiphp: ACPI Hot Plug PCI Controller Driver version: 0.5
[    1.007269] device class 'dmi': registering
[    1.007469] device: 'id': device_add
[    1.008768] PCI: MMCONFIG for domain 0000 [bus 00-3f] at [mem 0xf8000000-0xfbffffff] (base 0xf8000000)
[    1.008990] PCI: not using MMCONFIG
[    1.009132] PCI: Using configuration type 1 for base access
[    1.009260] PCI: Using configuration type 1 for extended access
[    1.009971] device: 'node0': device_add
[    1.010220] bus: 'node': add device node0
[    1.010661] device: 'cpu0': device_add
[    1.011046] bus: 'cpu': add device cpu0
[    1.011570] device: 'cpu1': device_add
[    1.011826] bus: 'cpu': add device cpu1
[    1.012347] device: 'cpu2': device_add
[    1.012603] bus: 'cpu': add device cpu2
[    1.013118] device: 'cpu3': device_add
[    1.013377] bus: 'cpu': add device cpu3
[    1.079581] device: 'writeback': device_add
[    1.079836] bus: 'workqueue': add device writeback
[    1.080654] HugeTLB registered 2 MB page size, pre-allocated 0 pages
[    1.081776] device class 'block': registering
[    1.099019] raid6: sse2x1   gen()  3042 MB/s
[    1.116002] raid6: sse2x1   xor()  3417 MB/s
[    1.133003] raid6: sse2x2   gen()  4589 MB/s
[    1.150001] raid6: sse2x2   xor()  4939 MB/s
[    1.167005] raid6: sse2x4   gen()  5566 MB/s
[    1.184010] raid6: sse2x4   xor()  2945 MB/s
[    1.184184] raid6: using algorithm sse2x4 gen() 5566 MB/s
[    1.184310] raid6: .... xor() 2945 MB/s, rmw enabled
[    1.184438] raid6: using intx1 recovery algorithm
[    1.184651] device class 'graphics': registering
[    1.185047] ACPI: Added _OSI(Module Device)
[    1.185220] ACPI: Added _OSI(Processor Device)
[    1.185346] ACPI: Added _OSI(3.0 _SCP Extensions)
[    1.185471] ACPI: Added _OSI(Processor Aggregator Device)
[    1.352165] ACPI: [Firmware Bug]: BIOS _OSI(Linux) query ignored
[    1.370908] ACPI : EC: +++++ EC started +++++
[    1.424467] ACPI: Interpreter enabled
[    1.424656] ACPI: (supports S0 S5)
[    1.424831] ACPI: Using IOAPIC for interrupt routing
[    1.430381] bus: 'acpi': registered
[    1.430571] PCI: MMCONFIG for domain 0000 [bus 00-3f] at [mem 0xf8000000-0xfbffffff] (base 0xf8000000)
[    1.445375] PCI: MMCONFIG at [mem 0xf8000000-0xfbffffff] reserved in ACPI motherboard resources
[    1.445640] PCI: Using host bridge windows from ACPI; if necessary, use "pci=nocrs" and report a bug
[    1.446302] device: 'LNXSYSTM:00': device_add
[    1.446556] bus: 'acpi': add device LNXSYSTM:00
[    1.447695] device: 'LNXCPU:00': device_add
[    1.447949] bus: 'acpi': add device LNXCPU:00
[    1.449100] device: 'LNXCPU:01': device_add
[    1.449353] bus: 'acpi': add device LNXCPU:01
[    1.450478] device: 'LNXCPU:02': device_add
[    1.450735] bus: 'acpi': add device LNXCPU:02
[    1.451864] device: 'LNXCPU:03': device_add
[    1.452081] bus: 'acpi': add device LNXCPU:03
[    1.454083] device: 'LNXSYBUS:00': device_add
[    1.454340] bus: 'acpi': add device LNXSYBUS:00
[    1.456333] device: 'PNP0C0C:00': device_add
[    1.456590] bus: 'acpi': add device PNP0C0C:00
[    1.458712] device: 'PNP0A08:00': device_add
[    1.458964] bus: 'acpi': add device PNP0A08:00
[    1.461051] device: 'PNP0C02:00': device_add
[    1.461305] bus: 'acpi': add device PNP0C02:00
[    1.463678] device: 'device:00': device_add
[    1.463931] bus: 'acpi': add device device:00
[    1.465854] device: 'device:01': device_add
[    1.466079] bus: 'acpi': add device device:01
[    1.468078] device: 'device:02': device_add
[    1.468330] bus: 'acpi': add device device:02
[    1.470641] device: 'device:03': device_add
[    1.470892] bus: 'acpi': add device device:03
[    1.472842] device: 'LNXVIDEO:00': device_add
[    1.473081] bus: 'acpi': add device LNXVIDEO:00
[    1.475420] device: 'device:04': device_add
[    1.475674] bus: 'acpi': add device device:04
[    1.477881] device: 'device:05': device_add
[    1.478083] bus: 'acpi': add device device:05
[    1.480079] device: 'device:06': device_add
[    1.480330] bus: 'acpi': add device device:06
[    1.483588] device: 'device:07': device_add
[    1.483841] bus: 'acpi': add device device:07
[    1.485782] device: 'device:08': device_add
[    1.486040] bus: 'acpi': add device device:08
[    1.488357] device: 'device:09': device_add
[    1.488608] bus: 'acpi': add device device:09
[    1.490555] device: 'device:0a': device_add
[    1.490808] bus: 'acpi': add device device:0a
[    1.493129] device: 'device:0b': device_add
[    1.493380] bus: 'acpi': add device device:0b
[    1.495346] device: 'device:0c': device_add
[    1.495599] bus: 'acpi': add device device:0c
[    1.497934] device: 'device:0d': device_add
[    1.498083] bus: 'acpi': add device device:0d
[    1.500140] device: 'device:0e': device_add
[    1.500393] bus: 'acpi': add device device:0e
[    1.502727] device: 'device:0f': device_add
[    1.502978] bus: 'acpi': add device device:0f
[    1.504920] device: 'device:10': device_add
[    1.505087] bus: 'acpi': add device device:10
[    1.507497] device: 'device:11': device_add
[    1.507749] bus: 'acpi': add device device:11
[    1.509684] device: 'device:12': device_add
[    1.509937] bus: 'acpi': add device device:12
[    1.511840] device: 'device:13': device_add
[    1.512078] bus: 'acpi': add device device:13
[    1.514030] device: 'device:14': device_add
[    1.514287] bus: 'acpi': add device device:14
[    1.516605] device: 'device:15': device_add
[    1.516859] bus: 'acpi': add device device:15
[    1.518794] device: 'device:16': device_add
[    1.519046] bus: 'acpi': add device device:16
[    1.520984] device: 'device:17': device_add
[    1.521082] bus: 'acpi': add device device:17
[    1.523180] device: 'device:18': device_add
[    1.523434] bus: 'acpi': add device device:18
[    1.525745] device: 'device:19': device_add
[    1.526002] bus: 'acpi': add device device:19
[    1.527932] device: 'device:1a': device_add
[    1.528082] bus: 'acpi': add device device:1a
[    1.530117] device: 'device:1b': device_add
[    1.530373] bus: 'acpi': add device device:1b
[    1.532691] device: 'device:1c': device_add
[    1.532943] bus: 'acpi': add device device:1c
[    1.534852] device: 'device:1d': device_add
[    1.535080] bus: 'acpi': add device device:1d
[    1.537040] device: 'device:1e': device_add
[    1.537290] bus: 'acpi': add device device:1e
[    1.539598] device: 'device:1f': device_add
[    1.539851] bus: 'acpi': add device device:1f
[    1.541793] device: 'device:20': device_add
[    1.542047] bus: 'acpi': add device device:20
[    1.544365] device: 'device:21': device_add
[    1.544617] bus: 'acpi': add device device:21
[    1.546556] device: 'device:22': device_add
[    1.546808] bus: 'acpi': add device device:22
[    1.549120] device: 'device:23': device_add
[    1.549378] bus: 'acpi': add device device:23
[    1.551656] device: 'device:24': device_add
[    1.551903] bus: 'acpi': add device device:24
[    1.554545] device: 'device:25': device_add
[    1.554798] bus: 'acpi': add device device:25
[    1.556744] device: 'device:26': device_add
[    1.557002] bus: 'acpi': add device device:26
[    1.559242] device: 'device:27': device_add
[    1.559495] bus: 'acpi': add device device:27
[    1.566031] device: 'device:28': device_add
[    1.566284] bus: 'acpi': add device device:28
[    1.573079] device: 'device:29': device_add
[    1.573331] bus: 'acpi': add device device:29
[    1.575627] device: 'device:2a': device_add
[    1.575882] bus: 'acpi': add device device:2a
[    1.582568] device: 'device:2b': device_add
[    1.582822] bus: 'acpi': add device device:2b
[    1.589548] device: 'device:2c': device_add
[    1.589805] bus: 'acpi': add device device:2c
[    1.593154] device: 'device:2d': device_add
[    1.593411] bus: 'acpi': add device device:2d
[    1.595399] device: 'device:2e': device_add
[    1.595653] bus: 'acpi': add device device:2e
[    1.599098] device: 'device:2f': device_add
[    1.599356] bus: 'acpi': add device device:2f
[    1.601324] device: 'device:30': device_add
[    1.601577] bus: 'acpi': add device device:30
[    1.603649] device: 'device:31': device_add
[    1.603901] bus: 'acpi': add device device:31
[    1.606076] device: 'device:32': device_add
[    1.606325] bus: 'acpi': add device device:32
[    1.609349] device: 'PNP0C0F:00': device_add
[    1.609602] bus: 'acpi': add device PNP0C0F:00
[    1.612709] device: 'PNP0C0F:01': device_add
[    1.612963] bus: 'acpi': add device PNP0C0F:01
[    1.616012] device: 'PNP0C0F:02': device_add
[    1.616264] bus: 'acpi': add device PNP0C0F:02
[    1.619355] device: 'PNP0C0F:03': device_add
[    1.619607] bus: 'acpi': add device PNP0C0F:03
[    1.622743] device: 'PNP0C0F:04': device_add
[    1.623002] bus: 'acpi': add device PNP0C0F:04
[    1.626163] device: 'PNP0C0F:05': device_add
[    1.626417] bus: 'acpi': add device PNP0C0F:05
[    1.629576] device: 'PNP0C0F:06': device_add
[    1.629830] bus: 'acpi': add device PNP0C0F:06
[    1.632973] device: 'PNP0C0F:07': device_add
[    1.633082] bus: 'acpi': add device PNP0C0F:07
[    1.635291] device: 'PNP0200:00': device_add
[    1.635542] bus: 'acpi': add device PNP0200:00
[    1.637532] device: 'PNP0C04:00': device_add
[    1.637782] bus: 'acpi': add device PNP0C04:00
[    1.639790] device: 'PNP0000:00': device_add
[    1.640060] bus: 'acpi': add device PNP0000:00
[    1.642084] device: 'PNP0B00:00': device_add
[    1.642339] bus: 'acpi': add device PNP0B00:00
[    1.644363] device: 'PNP0800:00': device_add
[    1.644619] bus: 'acpi': add device PNP0800:00
[    1.646641] device: 'PNP0100:00': device_add
[    1.646897] bus: 'acpi': add device PNP0100:00
[    1.648913] device: 'PNP0C02:01': device_add
[    1.649088] bus: 'acpi': add device PNP0C02:01
[    1.651763] device: 'PNP0C01:00': device_add
[    1.652025] bus: 'acpi': add device PNP0C01:00
[    1.654722] device: 'PNP0C09:00': device_add
[    1.654975] bus: 'acpi': add device PNP0C09:00
[    1.657728] device: 'ACPI0003:00': device_add
[    1.657983] bus: 'acpi': add device ACPI0003:00
[    1.663064] device: 'PNP0C0A:00': device_add
[    1.663323] bus: 'acpi': add device PNP0C0A:00
[    1.666082] device: 'VPC2004:00': device_add
[    1.666335] bus: 'acpi': add device VPC2004:00
[    1.668438] device: 'PNP0303:00': device_add
[    1.668691] bus: 'acpi': add device PNP0303:00
[    1.672971] device: 'SYN0326:00': device_add
[    1.673085] bus: 'acpi': add device SYN0326:00
