[    0.000000] Initializing cgroup subsys cpuset
[    0.000000] Initializing cgroup subsys cpu
[    0.000000] Initializing cgroup subsys cpuacct
[    0.000000] Linux version 3.12.23-1-MANJARO (emacs@manji) (gcc version 4.9.0 20140604 (prerelease) (GCC) ) #8 SMP PREEMPT Mon Jul 14 04:09:43 CEST 2014
[    0.000000] Command line: BOOT_IMAGE=/vmlinuz-312-x86_64 root=UUID=bfa4ab6e-19a3-4601-ba2b-267c55841c73 rw cryptdevice=/dev/disk/by-uuid/70c08890-417a-497d-b6ab-c0d0357a63e2:cryptManjaro:allow-discards ipv6.disable=1 pnp.debug=1 loglevel=9 log_buf_len=10M printk.always_kmsg_dump=y printk.time=y mminit_loglevel=0 memory_corruption_check=1 fbcon=scrollback:4096k fbcon=font:ProFont6x11 acpi.debug_layer=0xfbff0000 acpi.debug_level=0xFFFFFFFD pnp.debug=1 radeon.dpm=1 radeonfb radeon.audio=0
[    0.000000] KERNEL supported cpus:
[    0.000000]   AMD AuthenticAMD
[    0.000000] e820: BIOS-provided physical RAM map:
[    0.000000] BIOS-e820: [mem 0x0000000000000000-0x000000000009d7ff] usable
[    0.000000] BIOS-e820: [mem 0x000000000009d800-0x000000000009ffff] reserved
[    0.000000] BIOS-e820: [mem 0x00000000000e0000-0x00000000000fffff] reserved
[    0.000000] BIOS-e820: [mem 0x0000000000100000-0x00000000bed9afff] usable
[    0.000000] BIOS-e820: [mem 0x00000000bed9b000-0x00000000bf39afff] reserved
[    0.000000] BIOS-e820: [mem 0x00000000bf39b000-0x00000000bf49afff] ACPI NVS
[    0.000000] BIOS-e820: [mem 0x00000000bf49b000-0x00000000bf51afff] ACPI data
[    0.000000] BIOS-e820: [mem 0x00000000bf51b000-0x00000000bfdfffff] usable
[    0.000000] BIOS-e820: [mem 0x00000000bfe00000-0x00000000bfffffff] reserved
[    0.000000] BIOS-e820: [mem 0x00000000fec00000-0x00000000fecfffff] reserved
[    0.000000] BIOS-e820: [mem 0x00000000fed80000-0x00000000fed80fff] reserved
[    0.000000] BIOS-e820: [mem 0x00000000ffe00000-0x00000000ffffffff] reserved
[    0.000000] BIOS-e820: [mem 0x0000000100000000-0x000000041effffff] usable
[    0.000000] NX (Execute Disable) protection: active
[    0.000000] SMBIOS 2.6 present.
[    0.000000] DMI: LENOVO Sabine/Torpedo, BIOS 54CN18WW 07/20/2011
[    0.000000] e820: update [mem 0x00000000-0x00000fff] usable ==> reserved
[    0.000000] e820: remove [mem 0x000a0000-0x000fffff] usable
[    0.000000] No AGP bridge found
[    0.000000] e820: last_pfn = 0x41f000 max_arch_pfn = 0x400000000
[    0.000000] MTRR default type: uncachable
[    0.000000] MTRR fixed ranges enabled:
[    0.000000]   00000-9FFFF write-back
[    0.000000]   A0000-BFFFF uncachable
[    0.000000]   C0000-FFFFF write-protect
[    0.000000] MTRR variable ranges enabled:
[    0.000000]   0 base 0000000000 mask FF80000000 write-back
[    0.000000]   1 base 0080000000 mask FFC0000000 write-back
[    0.000000]   2 base 00FFF90000 mask FFFFFF0000 uncachable
[    0.000000]   3 base 00FED80000 mask 0FFFFFF000 uncachable
[    0.000000]   4 disabled
[    0.000000]   5 disabled
[    0.000000]   6 disabled
[    0.000000]   7 base 00FFE00000 mask FFFFE00000 write-protect
[    0.000000] TOM2: 000000041f000000 aka 16880M
[    0.000000] x86 PAT enabled: cpu 0, old 0x7040600070406, new 0x7010600070106
[    0.000000] mtrr: your BIOS has configured an incorrect mask, fixing it.
[    0.000000] e820: last_pfn = 0xbfe00 max_arch_pfn = 0x400000000
[    0.000000] found SMP MP-table at [mem 0x000fa8b0-0x000fa8bf] mapped at [ffff8800000fa8b0]
[    0.000000] Scanning 1 areas for low memory corruption
[    0.000000] Base memory trampoline at [ffff880000097000] 97000 size 24576
[    0.000000] Using GB pages for direct mapping
[    0.000000] init_memory_mapping: [mem 0x00000000-0x000fffff]
[    0.000000]  [mem 0x00000000-0x000fffff] page 4k
[    0.000000] BRK [0x0203e000, 0x0203efff] PGTABLE
[    0.000000] BRK [0x0203f000, 0x0203ffff] PGTABLE
[    0.000000] BRK [0x02040000, 0x02040fff] PGTABLE
[    0.000000] init_memory_mapping: [mem 0x41ee00000-0x41effffff]
[    0.000000]  [mem 0x41ee00000-0x41effffff] page 2M
[    0.000000] BRK [0x02041000, 0x02041fff] PGTABLE
[    0.000000] init_memory_mapping: [mem 0x41c000000-0x41edfffff]
[    0.000000]  [mem 0x41c000000-0x41edfffff] page 2M
[    0.000000] init_memory_mapping: [mem 0x400000000-0x41bffffff]
[    0.000000]  [mem 0x400000000-0x41bffffff] page 2M
[    0.000000] init_memory_mapping: [mem 0x00100000-0xbed9afff]
[    0.000000]  [mem 0x00100000-0x001fffff] page 4k
[    0.000000]  [mem 0x00200000-0x3fffffff] page 2M
[    0.000000]  [mem 0x40000000-0x7fffffff] page 1G
[    0.000000]  [mem 0x80000000-0xbebfffff] page 2M
[    0.000000]  [mem 0xbec00000-0xbed9afff] page 4k
[    0.000000] init_memory_mapping: [mem 0xbf51b000-0xbfdfffff]
[    0.000000]  [mem 0xbf51b000-0xbf5fffff] page 4k
[    0.000000]  [mem 0xbf600000-0xbfdfffff] page 2M
[    0.000000] BRK [0x02042000, 0x02042fff] PGTABLE
[    0.000000] init_memory_mapping: [mem 0x100000000-0x3ffffffff]
[    0.000000]  [mem 0x100000000-0x3ffffffff] page 1G
[    0.000000] log_buf_len: 16777216
[    0.000000] early log buf free: 2092172(99%)
[    0.000000] RAMDISK: [mem 0x37880000-0x37c37fff]
[    0.000000] ACPI: RSDP 00000000000f0110 00024 (v02 LENOVO)
[    0.000000] ACPI: XSDT 00000000bf51a120 00074 (v01 LENOVO CB-01    00000001 LENO 00000001)
[    0.000000] ACPI: FACP 00000000bf508000 000F4 (v04 LENOVO CB-01    00000001 PTL  00000001)
[    0.000000] ACPI: DSDT 00000000bf50a000 0FD10 (v01 LENOVO CB-01    00001000 LENO 00000001)
[    0.000000] ACPI: FACS 00000000bf478000 00040
[    0.000000] ACPI: HPET 00000000bf507000 00038 (v01 LENOVO CB-01    00000001 PTL  00000001)
[    0.000000] ACPI: APIC 00000000bf506000 0007A (v02 LENOVO CB-01    00000001 PTL  00000001)
[    0.000000] ACPI: MCFG 00000000bf505000 0003C (v01 LENOVO CB-01    00000001 PTL  00000001)
[    0.000000] ACPI: SLIC 00000000bf504000 00176 (v01 LENOVO CB-01    00000001 LENO 00000001)
[    0.000000] ACPI: UEFI 00000000bf503000 0003E (v01 LENOVO CB-01    00000001 PTL  00000001)
[    0.000000] ACPI: UEFI 00000000bf502000 00042 (v01 PTL      COMBUF 00000001 PTL  00000001)
[    0.000000] ACPI: SSDT 00000000bf501000 00E34 (v01 AMD    POWERNOW 00000001 AMD  00000001)
[    0.000000] ACPI: SSDT 00000000bf4ff000 0193D (v02    AMD     ALIB 00000001 MSFT 04000000)
[    0.000000] ACPI: UEFI 00000000bf4fe000 0021A (v01 LENOVO CB-01    00000001 PTL  00000001)
[    0.000000] ACPI: Local APIC address 0xfee00000
[    0.000000] No NUMA configuration found
[    0.000000] Faking a node at [mem 0x0000000000000000-0x000000041effffff]
[    0.000000] Initmem setup node 0 [mem 0x00000000-0x41effffff]
[    0.000000]   NODE_DATA [mem 0x41dffa000-0x41dffdfff]
[    0.000000]  [ffffea0000000000-ffffea00107fffff] PMD -> [ffff88040de00000-ffff88041d5fffff] on node 0
[    0.000000] Zone ranges:
[    0.000000]   DMA      [mem 0x00001000-0x00ffffff]
[    0.000000]   DMA32    [mem 0x01000000-0xffffffff]
[    0.000000]   Normal   [mem 0x100000000-0x41effffff]
[    0.000000] Movable zone start for each node
[    0.000000] Early memory node ranges
[    0.000000]   node   0: [mem 0x00001000-0x0009cfff]
[    0.000000]   node   0: [mem 0x00100000-0xbed9afff]
[    0.000000]   node   0: [mem 0xbf51b000-0xbfdfffff]
[    0.000000]   node   0: [mem 0x100000000-0x41effffff]
[    0.000000] On node 0 totalpages: 4056604
[    0.000000]   DMA zone: 64 pages used for memmap
[    0.000000]   DMA zone: 21 pages reserved
[    0.000000]   DMA zone: 3996 pages, LIFO batch:0
[    0.000000]   DMA32 zone: 12186 pages used for memmap
[    0.000000]   DMA32 zone: 779904 pages, LIFO batch:31
[    0.000000]   Normal zone: 51136 pages used for memmap
[    0.000000]   Normal zone: 3272704 pages, LIFO batch:31
[    0.000000] ACPI: PM-Timer IO Port: 0x808
[    0.000000] ACPI: Local APIC address 0xfee00000
[    0.000000] ACPI: LAPIC (acpi_id[0x00] lapic_id[0x00] enabled)
[    0.000000] ACPI: LAPIC (acpi_id[0x01] lapic_id[0x01] enabled)
[    0.000000] ACPI: LAPIC (acpi_id[0x02] lapic_id[0x02] enabled)
[    0.000000] ACPI: LAPIC (acpi_id[0x03] lapic_id[0x03] enabled)
[    0.000000] ACPI: LAPIC_NMI (acpi_id[0x00] high edge lint[0x1])
[    0.000000] ACPI: LAPIC_NMI (acpi_id[0x01] high edge lint[0x1])
[    0.000000] ACPI: LAPIC_NMI (acpi_id[0x02] high edge lint[0x1])
[    0.000000] ACPI: LAPIC_NMI (acpi_id[0x03] high edge lint[0x1])
[    0.000000] ACPI: IOAPIC (id[0x02] address[0xfec00000] gsi_base[0])
[    0.000000] IOAPIC[0]: apic_id 2, version 33, address 0xfec00000, GSI 0-23
[    0.000000] ACPI: INT_SRC_OVR (bus 0 bus_irq 0 global_irq 2 dfl dfl)
[    0.000000] ACPI: IRQ0 used by override.
[    0.000000] ACPI: IRQ2 used by override.
[    0.000000] ACPI: IRQ9 used by override.
[    0.000000] Using ACPI (MADT) for SMP configuration information
[    0.000000] ACPI: HPET id: 0x43538210 base: 0xfed00000
[    0.000000] smpboot: Allowing 4 CPUs, 0 hotplug CPUs
[    0.000000] nr_irqs_gsi: 40
[    0.000000] e820: [mem 0xc0000000-0xfebfffff] available for PCI devices
[    0.000000] setup_percpu: NR_CPUS:128 nr_cpumask_bits:128 nr_cpu_ids:4 nr_node_ids:1
[    0.000000] PERCPU: Embedded 27 pages/cpu @ffff88041dc00000 s80896 r8192 d21504 u524288
[    0.000000] pcpu-alloc: s80896 r8192 d21504 u524288 alloc=1*2097152
[    0.000000] pcpu-alloc: [0] 0 1 2 3 
[    0.000000] Built 1 zonelists in Zone order, mobility grouping on.  Total pages: 3993197
[    0.000000] Policy zone: Normal
[    0.000000] Kernel command line: BOOT_IMAGE=/vmlinuz-312-x86_64 root=UUID=bfa4ab6e-19a3-4601-ba2b-267c55841c73 rw cryptdevice=/dev/disk/by-uuid/70c08890-417a-497d-b6ab-c0d0357a63e2:cryptManjaro:allow-discards ipv6.disable=1 pnp.debug=1 loglevel=9 log_buf_len=10M printk.always_kmsg_dump=y printk.time=y mminit_loglevel=0 memory_corruption_check=1 fbcon=scrollback:4096k fbcon=font:ProFont6x11 acpi.debug_layer=0xfbff0000 acpi.debug_level=0xFFFFFFFD pnp.debug=1 radeon.dpm=1 radeonfb radeon.audio=0
[    0.000000] PID hash table entries: 4096 (order: 3, 32768 bytes)
[    0.000000] Checking aperture...
[    0.000000] No AGP bridge found
[    0.000000] Memory: 15868864K/16226416K available (6307K kernel code, 720K rwdata, 2776K rodata, 864K init, 2728K bss, 357552K reserved)
[    0.000000] SLUB: HWalign=64, Order=0-3, MinObjects=0, CPUs=4, Nodes=1
[    0.000000] Preemptible hierarchical RCU implementation.
[    0.000000] 	RCU dyntick-idle grace-period acceleration is enabled.
[    0.000000] 	Additional per-CPU info printed with stalls.
[    0.000000] 	RCU restricting CPUs from NR_CPUS=128 to nr_cpu_ids=4.
[    0.000000] NR_IRQS:8448 nr_irqs:712 16
[    0.000000] spurious 8259A interrupt: IRQ7.
[    0.000000] Console: colour dummy device 80x25
[    0.000000] console [tty0] enabled
[    0.000000] allocated 65011712 bytes of page_cgroup
[    0.000000] please try 'cgroup_disable=memory' option if you don't want memory cgroups
[    0.000000] hpet clockevent registered
[    0.000000] tsc: Fast TSC calibration using PIT
[    0.001000] tsc: Detected 1397.456 MHz processor
[    0.000004] Calibrating delay loop (skipped), value calculated using timer frequency.. 2794.91 BogoMIPS (lpj=1397456)
[    0.000014] pid_max: default: 32768 minimum: 301
[    0.000053] Security Framework initialized
[    0.001675] Dentry cache hash table entries: 2097152 (order: 12, 16777216 bytes)
[    0.008248] Inode-cache hash table entries: 1048576 (order: 11, 8388608 bytes)
[    0.011254] Mount-cache hash table entries: 256
[    0.011555] Initializing cgroup subsys memory
[    0.011574] Initializing cgroup subsys devices
[    0.011579] Initializing cgroup subsys freezer
[    0.011584] Initializing cgroup subsys blkio
[    0.011615] tseg: 00bfe00000
[    0.011620] CPU: Physical Processor ID: 0
[    0.011624] CPU: Processor Core ID: 0
[    0.011628] mce: CPU supports 6 MCE banks
[    0.011642] Last level iTLB entries: 4KB 512, 2MB 16, 4MB 8
Last level dTLB entries: 4KB 1024, 2MB 128, 4MB 64
tlb_flushall_shift: 5
[    0.011817] Freeing SMP alternatives memory: 20K (ffffffff81d8e000 - ffffffff81d93000)
[    0.011824] ACPI: Core revision 20130725
[    0.023624] ACPI: All ACPI Tables successfully acquired
[    0.025851] ..TIMER: vector=0x30 apic1=0 pin1=2 apic2=-1 pin2=-1
[    0.035863] smpboot: CPU0: AMD A6-3400M APU with Radeon(tm) HD Graphics (fam: 12, model: 01, stepping: 00)
[    0.137324] Performance Events: AMD PMU driver.
[    0.137333] ... version:                0
[    0.137337] ... bit width:              48
[    0.137341] ... generic registers:      4
[    0.137345] ... value mask:             0000ffffffffffff
[    0.137349] ... max period:             00007fffffffffff
[    0.137353] ... fixed-purpose events:   0
[    0.137356] ... event mask:             000000000000000f
[    0.143488] MCE: In-kernel MCE decoding enabled.
[    0.145481] NMI watchdog: enabled on all CPUs, permanently consumes one hw-PMU counter.
[    0.147458] smpboot: Booting Node   0, Processors  #   1
[    0.160632] TSC synchronization [CPU#0 -> CPU#1]:
[    0.160639] Measured 132692536 cycles TSC warp between CPUs, turning off TSC clock.
[    0.002000] tsc: Marking TSC unstable due to check_tsc_sync_source failed
[    0.060113]  #   2 #   3 OK
[    0.084367] Brought up 4 CPUs
[    0.084376] smpboot: Total of 4 processors activated (11179.64 BogoMIPS)
[    0.086004] devtmpfs: initialized
[    0.086039] device: 'platform': device_add
[    0.086067] bus: 'platform': registered
[    0.086078] bus: 'cpu': registered
[    0.086083] device: 'cpu': device_add
[    0.086361] kworker/u8:0 (36) used greatest stack depth: 5904 bytes left
[    0.086361] bus: 'workqueue': registered
[    0.086361] device: 'workqueue': device_add
[    0.087075] atomic64 test passed for x86-64 platform with CX8 and with SSE
[    0.087081] device class 'regulator': registering
[    0.087099] Registering platform device 'reg-dummy'. Parent at platform
[    0.087099] device: 'reg-dummy': device_add
[    0.087099] bus: 'platform': add device reg-dummy
[    0.087099] bus: 'platform': add driver reg-dummy
[    0.087099] bus: 'platform': driver_probe_device: matched device reg-dummy with driver reg-dummy
[    0.087099] bus: 'platform': really_probe: probing driver reg-dummy with device reg-dummy
[    0.087099] device: 'regulator.0': device_add
[    0.087099] regulator-dummy: no parameters
[    0.087099] driver: 'reg-dummy': driver_bound: bound to device 'reg-dummy'
[    0.087099] bus: 'platform': really_probe: bound device reg-dummy to driver reg-dummy
[    0.087099] NET: Registered protocol family 16
[    0.087230] device class 'bdi': registering
[    0.087243] bus: 'platform': add driver ramoops
[    0.087243] device class 'pci_bus': registering
[    0.087243] bus: 'pci': registered
[    0.087243] device class 'backlight': registering
[    0.087243] device class 'tty': registering
[    0.087243] device class 'vtconsole': registering
[    0.088009] device: 'vtcon0': device_add
[    0.088089] bus: 'node': registered
[    0.088089] device: 'node': device_add
[    0.088095] bus: 'i2c': registered
[    0.088095] bus: 'i2c': add driver dummy
[    0.088095] i2c-core: driver [dummy] registered
[    0.088095] cpuidle: using governor ladder
[    0.088095] cpuidle: using governor menu
[    0.088326] ACPI FADT declares the system doesn't support PCIe ASPM, so disable it
[    0.088333] ACPI: bus type PCI registered
[    0.088338] acpiphp: ACPI Hot Plug PCI Controller Driver version: 0.5
[    0.088343] device class 'dmi': registering
[    0.088356] device: 'id': device_add
[    0.088356] PCI: MMCONFIG for domain 0000 [bus 00-3f] at [mem 0xf8000000-0xfbffffff] (base 0xf8000000)
[    0.088356] PCI: not using MMCONFIG
[    0.088356] PCI: Using configuration type 1 for base access
[    0.088356] PCI: Using configuration type 1 for extended access
[    0.089069] device: 'node0': device_add
[    0.089075] bus: 'node': add device node0
[    0.089098] device: 'cpu0': device_add
[    0.089098] bus: 'cpu': add device cpu0
[    0.089098] device: 'cpu1': device_add
[    0.089098] bus: 'cpu': add device cpu1
[    0.089098] device: 'cpu2': device_add
[    0.089098] bus: 'cpu': add device cpu2
[    0.089109] device: 'cpu3': device_add
[    0.089109] bus: 'cpu': add device cpu3
[    0.089109] mtrr: your CPUs had inconsistent variable MTRR settings
[    0.089109] mtrr: probably your BIOS does not setup all CPUs.
[    0.089109] mtrr: corrected configuration.
[    0.101097] device: 'writeback': device_add
[    0.101097] bus: 'workqueue': add device writeback
[    0.101097] device: 'default': device_add
[    0.102056] bio: create slab <bio-0> at 0
[    0.102087] device class 'block': registering
[    0.102087] device class 'graphics': registering
[    0.102087] ACPI: Added _OSI(Module Device)
[    0.102087] ACPI: Added _OSI(Processor Device)
[    0.102087] ACPI: Added _OSI(3.0 _SCP Extensions)
[    0.102087] ACPI: Added _OSI(Processor Aggregator Device)
[    0.104726] ACPI: EC: Look up EC in DSDT
[    0.105015] 
**** Context Switch from TID 4294967295 to TID 137068544 ****

[    0.105026]    utils-0288 [137068544] [02] evaluate_integer      : Return value [3]
[    0.105042]    utils-0052 [137068544] [02] util_eval_error       : Evaluate [\_SB_.PCI0.LPC0.EC0_._GLK]: AE_NOT_FOUND
[    0.105397] Executing  Method       \_SB_.PCI0.LPC0.EC0_._REG
[    0.105967] Executing  Method       \_SB_.PCI0.LPC0.EC0_._REG
[    0.105992] Executing  Method       \_SB_.PCI0.LPC0.EC0_._REG
[    0.106066] Executing  Method       \_SB_.PCI0.LPC0.EC0_._REG
[    0.109047] Initializing Region       \_SB_.OSTY
[    0.109079] Initializing Region       \_SB_.PCI0.NBMS
[    0.109099] Initializing Region       \_SB_.PCI0.NBXP
[    0.109122] Initializing Region       \_SB_.PCI0.K8ST
[    0.109179] Initializing Region       \_SB_.PCI0.BAR1
[    0.109212] Initializing Region       \_SB_.PCI0.PB2_.XPEX
[    0.109232] Initializing Region       \_SB_.PCI0.PB2_.PCFG
[    0.109251] Initializing Region       \_SB_.PCI0.PB2_.XPCB
[    0.109272] Initializing Region       \_SB_.PCI0.PB2_.XPRI
[    0.109295] Initializing Region       \_SB_.PCI0.PB2_.VGA_.PCFG
[    0.109372] Initializing Region       \_SB_.PCI0.PB2_.HDAU.PCFG
[    0.109406] Initializing Region       \_SB_.PCI0.PB3_.XPEX
[    0.109426] Initializing Region       \_SB_.PCI0.PB3_.PCFG
[    0.109445] Initializing Region       \_SB_.PCI0.PB3_.XPCB
[    0.109466] Initializing Region       \_SB_.PCI0.PB3_.XPRI
[    0.109490] Initializing Region       \_SB_.PCI0.PB3_.VGA_.PCFG
[    0.109575] Initializing Region       \_SB_.PCI0.PB3_.HDAU.PCFG
[    0.109608] Initializing Region       \_SB_.PCI0.PB4_.XPEX
[    0.109628] Initializing Region       \_SB_.PCI0.PB4_.PCFG
[    0.109648] Initializing Region       \_SB_.PCI0.PB4_.XPCB
[    0.109669] Initializing Region       \_SB_.PCI0.PB4_.XPRI
[    0.109692] Initializing Region       \_SB_.PCI0.PB4_.XPDV.PCFG
[    0.109726] Initializing Region       \_SB_.PCI0.PB5_.XPEX
[    0.109745] Initializing Region       \_SB_.PCI0.PB5_.PCFG
[    0.109765] Initializing Region       \_SB_.PCI0.PB5_.XPCB
[    0.109786] Initializing Region       \_SB_.PCI0.PB5_.XPRI
[    0.109809] Initializing Region       \_SB_.PCI0.PB5_.XPDV.PCFG
[    0.109842] Initializing Region       \_SB_.PCI0.PB6_.XPEX
[    0.109861] Initializing Region       \_SB_.PCI0.PB6_.PCFG
[    0.109881] Initializing Region       \_SB_.PCI0.PB6_.XPCB
[    0.109902] Initializing Region       \_SB_.PCI0.PB6_.XPRI
[    0.109925] Initializing Region       \_SB_.PCI0.PB6_.XPDV.PCFG
[    0.109958] Initializing Region       \_SB_.PCI0.PB7_.XPEX
[    0.109978] Initializing Region       \_SB_.PCI0.PB7_.PCFG
[    0.109997] Initializing Region       \_SB_.PCI0.PB7_.XPCB
[    0.110021] Initializing Region       \_SB_.PCI0.PB7_.XPRI
[    0.110045] Initializing Region       \_SB_.PCI0.PB7_.XPDV.PCFG
[    0.110332] Initializing Region       \_SB_.PCI0.SATC
[    0.110353] Initializing Region       \_SB_.PCI0.RMEM
[    0.110452] Initializing Region       \_SB_.PCI0.SATA.SATX
[    0.110476] Initializing Region       \_SB_.PCI0.SATA.BAR5
[    0.114172] Initializing Region       \_SB_.PCI0.SMB_.SBRV
[    0.114210] Initializing Region       \_SB_.PCI0.SMB_.PMIO
[    0.114232] Initializing Region       \_SB_.PCI0.SMB_.ERMM
[    0.114422] Initializing Region       \_SB_.PCI0.SMB_.P1E0
[    0.114502] Initializing Region       \_SB_.PCI0.SMB_.ABIO
[    0.114525] Initializing Region       \_SB_.PCI0.SMB_.SMB0
[    0.114549] Initializing Region       \_SB_.PCI0.LPC0.PIRQ
[    0.114620] Initializing Region       \_SB_.PCI0.LPC0.LPCR
[    0.114718] Initializing Region       \_SB_.PCI0.LPC0.LPCS
[    0.114749] Initializing Region       \_SB_.PCI0.LPC0.SMI0
[    0.114769] Initializing Region       \_SB_.PCI0.LPC0.SMI1
[    0.114797] Initializing Region       \_SB_.PCI0.LPC0.EC0_.ECO1
[    0.114817] Initializing Region       \_SB_.PCI0.LPC0.EC0_.ECO2
[    0.114836] Initializing Region       \_SB_.PCI0.LPC0.EC0_.ECMB
[    0.114855] Initializing Region       \_SB_.PCI0.LPC0.EC0_.RAM_
[    0.114985] Initializing Region       \_SB_.PCI0.LPC0.EC0_.CMOS
[    0.115036] Initializing Region       \_SB_.PCI0.LPC0.EC0_.VPC0.ERAM
[    0.115109] Initializing Region       \_SB_.PCI0.SPB0.PCFG
[    0.115130] Initializing Region       \_SB_.PCI0.SPB0.XPCB
[    0.115154] Initializing Region       \_SB_.PCI0.SPB0.XPDV.PCFG
[    0.115187] Initializing Region       \_SB_.PCI0.SPB1.PCFG
[    0.115206] Initializing Region       \_SB_.PCI0.SPB1.XPCB
[    0.115230] Initializing Region       \_SB_.PCI0.SPB1.XPDV.PCFG
[    0.115263] Initializing Region       \_SB_.PCI0.SPB2.PCFG
[    0.115283] Initializing Region       \_SB_.PCI0.SPB2.XPCB
[    0.115307] Initializing Region       \_SB_.PCI0.SPB2.XPDV.PCFG
[    0.115339] Initializing Region       \_SB_.PCI0.SPB3.PCFG
[    0.115359] Initializing Region       \_SB_.PCI0.SPB3.XPCB
[    0.115383] Initializing Region       \_SB_.PCI0.SPB3.XPDV.PCFG
[    0.115564] Initializing Region       \_SB_.PCI0.VGA_.REVD
[    0.115785] Initializing BufferField  \_SB_.AMW0.WLID
[    0.116235] Initializing Region       \DEB2
[    0.116256] Initializing Region       \PMIO
[    0.116275] Initializing Region       \P01_
[    0.116320] Initializing Region       \CNVS
[    0.116352] Initializing Region       \SPRT
[    0.116386] Initializing Region       \CMIO
[    0.116549] Executing  Method       \_SB_._STA
[    0.116558] Executing  Method       \_SB_._INI
[    0.116566] Executing  Method       \_SB_.PCI0._STA
[    0.116574] Executing  Method       \_SB_.PCI0._INI
[    0.116836] [Firmware Bug]: ACPI: BIOS _OSI(Linux) query ignored
[    0.117214] Executing  Method       \_SB_.PCI0.SATA._STA
[    0.117225] Executing  Method       \_SB_.PCI0.SATA._INI
[    0.118168] Executing  Method       \_SB_.PCI0.LPC0.EC0_._REG
[    0.141138] ACPI: Interpreter enabled
[    0.141163] ACPI: (supports S0 S5)
[    0.141168] ACPI: Using IOAPIC for interrupt routing
[    0.142058] PCI: MMCONFIG for domain 0000 [bus 00-3f] at [mem 0xf8000000-0xfbffffff] (base 0xf8000000)
[    0.142832] PCI: MMCONFIG at [mem 0xf8000000-0xfbffffff] reserved in ACPI motherboard resources
[    0.148011] bus: 'acpi': registered
[    0.148020] PCI: Using host bridge windows from ACPI; if necessary, use "pci=nocrs" and report a bug
[    0.148037]     scan-0964 [137068544] [00] bus_get_device        : No context for object [ffffffffffffffff]
[    0.148055]    utils-0052 [137068544] [00] util_eval_error       : Evaluate [\._STA]: AE_NOT_FOUND
[    0.148083] device: 'LNXSYSTM:00': device_add
[    0.148092] bus: 'acpi': add device LNXSYSTM:00
[    0.148118]    utils-0052 [137068544] [00] util_eval_error       : Evaluate [\._SUN]: AE_NOT_FOUND
[    0.148142]     scan-1711 [137068544] [00] add_single_object     : Added LNXSYSTM:00 [\] parent (null)
[    0.148142]     scan-0964 [137068544] [02] bus_get_device        : No context for object [ffff88040823c000]
[    0.148142]     scan-0964 [137068544] [02] bus_get_device        : No context for object [ffff88040827e7d0]
[    0.148142]     scan-0964 [137068544] [02] bus_get_device        : No context for object [ffff88040827e7f8]
[    0.148142]     scan-0964 [137068544] [02] bus_get_device        : No context for object [ffff88040827e820]
[    0.148142]     scan-0964 [137068544] [02] bus_get_device        : No context for object [ffff88040827e848]
[    0.148142]     scan-0964 [137068544] [02] bus_get_device        : No context for object [ffff88040827e870]
[    0.148142]     scan-0964 [137068544] [02] bus_get_device        : No context for object [ffff88040827e898]
[    0.148142]     scan-0964 [137068544] [02] bus_get_device        : No context for object [ffff88040827e8c0]
[    0.148142]     scan-0964 [137068544] [02] bus_get_device        : No context for object [ffff88040827e8e8]
[    0.148142]     scan-0964 [137068544] [02] bus_get_device        : No context for object [ffff880408280398]
[    0.148142]     scan-0964 [137068544] [02] bus_get_device        : No context for object [ffff88040823c028]
[    0.148142]     scan-0964 [137068544] [02] bus_get_device        : No context for object [ffff88040823c168]
[    0.148142]    utils-0052 [137068544] [02] util_eval_error       : Evaluate [\_PR_.C000._STA]: AE_NOT_FOUND
[    0.148142]     scan-0964 [137068544] [02] bus_get_device        : No context for object [ffff88040823c028]
[    0.148142] device: 'LNXCPU:00': device_add
[    0.148142] bus: 'acpi': add device LNXCPU:00
[    0.148142]    utils-0052 [137068544] [02] util_eval_error       : Evaluate [\_PR_.C000._SUN]: AE_NOT_FOUND
[    0.148171]     scan-1711 [137068544] [02] add_single_object     : Added LNXCPU:00 [\_PR_.C000] parent LNXSYSTM:00
[    0.148171]     scan-0964 [137068544] [02] bus_get_device        : No context for object [ffff880408283398]
[    0.148171]     scan-0964 [137068544] [02] bus_get_device        : No context for object [ffff8804082833c0]
[    0.148171]     scan-0964 [137068544] [02] bus_get_device        : No context for object [ffff8804082833e8]
[    0.148171]     scan-0964 [137068544] [02] bus_get_device        : No context for object [ffff880408283410]
[    0.148171]     scan-0964 [137068544] [02] bus_get_device        : No context for object [ffff880408283438]
[    0.148171]     scan-0964 [137068544] [02] bus_get_device        : No context for object [ffff880408283460]
[    0.148171]     scan-0964 [137068544] [02] bus_get_device        : No context for object [ffff88040823c190]
[    0.148171]    utils-0052 [137068544] [02] util_eval_error       : Evaluate [\_PR_.C001._STA]: AE_NOT_FOUND
[    0.148171]     scan-0964 [137068544] [02] bus_get_device        : No context for object [ffff88040823c028]
[    0.148171] device: 'LNXCPU:01': device_add
[    0.148171] bus: 'acpi': add device LNXCPU:01
[    0.148171]    utils-0052 [137068544] [02] util_eval_error       : Evaluate [\_PR_.C001._SUN]: AE_NOT_FOUND
[    0.148171]     scan-1711 [137068544] [02] add_single_object     : Added LNXCPU:01 [\_PR_.C001] parent LNXSYSTM:00
[    0.148171]     scan-0964 [137068544] [02] bus_get_device        : No context for object [ffff880408283488]
[    0.148171]     scan-0964 [137068544] [02] bus_get_device        : No context for object [ffff8804082834b0]
[    0.148171]     scan-0964 [137068544] [02] bus_get_device        : No context for object [ffff8804082834d8]
[    0.148171]     scan-0964 [137068544] [02] bus_get_device        : No context for object [ffff880408283500]
[    0.148171]     scan-0964 [137068544] [02] bus_get_device        : No context for object [ffff880408283528]
[    0.148171]     scan-0964 [137068544] [02] bus_get_device        : No context for object [ffff880408283550]
[    0.148171]     scan-0964 [137068544] [02] bus_get_device        : No context for object [ffff88040823c1b8]
[    0.148171]    utils-0052 [137068544] [02] util_eval_error       : Evaluate [\_PR_.C002._STA]: AE_NOT_FOUND
[    0.148171]     scan-0964 [137068544] [02] bus_get_device        : No context for object [ffff88040823c028]
[    0.148171] device: 'LNXCPU:02': device_add
[    0.148171] bus: 'acpi': add device LNXCPU:02
[    0.148171]    utils-0052 [137068544] [02] util_eval_error       : Evaluate [\_PR_.C002._SUN]: AE_NOT_FOUND
[    0.148171]     scan-1711 [137068544] [02] add_single_object     : Added LNXCPU:02 [\_PR_.C002] parent LNXSYSTM:00
[    0.148171]     scan-0964 [137068544] [02] bus_get_device        : No context for object [ffff880408283578]
[    0.148171]     scan-0964 [137068544] [02] bus_get_device        : No context for object [ffff8804082835a0]
[    0.148171]     scan-0964 [137068544] [02] bus_get_device        : No context for object [ffff8804082835c8]
[    0.148171]     scan-0964 [137068544] [02] bus_get_device        : No context for object [ffff8804082835f0]
[    0.148171]     scan-0964 [137068544] [02] bus_get_device        : No context for object [ffff880408283618]
[    0.148171]     scan-0964 [137068544] [02] bus_get_device        : No context for object [ffff880408283640]
[    0.148171]     scan-0964 [137068544] [02] bus_get_device        : No context for object [ffff88040823c1e0]
[    0.148171]    utils-0052 [137068544] [02] util_eval_error       : Evaluate [\_PR_.C003._STA]: AE_NOT_FOUND
[    0.148171]     scan-0964 [137068544] [02] bus_get_device        : No context for object [ffff88040823c028]
[    0.148171] device: 'LNXCPU:03': device_add
[    0.148171] bus: 'acpi': add device LNXCPU:03
[    0.148171]    utils-0052 [137068544] [02] util_eval_error       : Evaluate [\_PR_.C003._SUN]: AE_NOT_FOUND
[    0.149014]     scan-1711 [137068544] [02] add_single_object     : Added LNXCPU:03 [\_PR_.C003] parent LNXSYSTM:00
[    0.149014]     scan-0964 [137068544] [02] bus_get_device        : No context for object [ffff880408283668]
[    0.149024]     scan-0964 [137068544] [02] bus_get_device        : No context for object [ffff880408283690]
[    0.149034]     scan-0964 [137068544] [02] bus_get_device        : No context for object [ffff8804082836b8]
[    0.149044]     scan-0964 [137068544] [02] bus_get_device        : No context for object [ffff8804082836e0]
[    0.149054]     scan-0964 [137068544] [02] bus_get_device        : No context for object [ffff880408283708]
[    0.149064]     scan-0964 [137068544] [02] bus_get_device        : No context for object [ffff880408283730]
[    0.149074]     scan-0964 [137068544] [02] bus_get_device        : No context for object [ffff88040823c050]
[    0.149086]    utils-0052 [137068544] [02] util_eval_error       : Evaluate [\_SB_._STA]: AE_NOT_FOUND
[    0.149151] device: 'device:00': device_add
[    0.149157] bus: 'acpi': add device device:00
[    0.149171]    utils-0052 [137068544] [02] util_eval_error       : Evaluate [\_SB_._SUN]: AE_NOT_FOUND
[    0.149189]     scan-1711 [137068544] [02] add_single_object     : Added device:00 [\_SB_] parent LNXSYSTM:00
[    0.149189]     scan-0964 [137068544] [02] bus_get_device        : No context for object [ffff88040823c3c0]
[    0.149189]     scan-0964 [137068544] [02] bus_get_device        : No context for object [ffff88040823c3e8]
[    0.149189]     scan-0964 [137068544] [02] bus_get_device        : No context for object [ffff88040823c410]
[    0.149189]     scan-0964 [137068544] [02] bus_get_device        : No context for object [ffff88040823c438]
[    0.149189]     scan-0964 [137068544] [02] bus_get_device        : No context for object [ffff88040823c460]
[    0.149189]     scan-0964 [137068544] [02] bus_get_device        : No context for object [ffff88040823c488]
[    0.149189]     scan-0964 [137068544] [02] bus_get_device        : No context for object [ffff88040823c4b0]
[    0.149189]     scan-0964 [137068544] [02] bus_get_device        : No context for object [ffff88040823c5a0]
[    0.149189]    utils-0052 [137068544] [02] util_eval_error       : Evaluate [\_SB_.PWRB._STA]: AE_NOT_FOUND
[    0.149189] device: 'PNP0C0C:00': device_add
[    0.149189] bus: 'acpi': add device PNP0C0C:00
[    0.149189]    utils-0052 [137068544] [02] util_eval_error       : Evaluate [\_SB_.PWRB._SUN]: AE_NOT_FOUND
[    0.149189]     scan-1711 [137068544] [02] add_single_object     : Added PNP0C0C:00 [\_SB_.PWRB] parent device:00
[    0.149189]     scan-0964 [137068544] [02] bus_get_device        : No context for object [ffff88040823c5c8]
[    0.149189]     scan-0964 [137068544] [02] bus_get_device        : No context for object [ffff88040823c5f0]
[    0.149189]    utils-0052 [137068544] [02] util_eval_error       : Evaluate [\_SB_.PCI0._STA]: AE_NOT_FOUND
[    0.149189] device: 'PNP0A08:00': device_add
[    0.149189] bus: 'acpi': add device PNP0A08:00
[    0.149189]    utils-0052 [137068544] [02] util_eval_error       : Evaluate [\_SB_.PCI0._SUN]: AE_NOT_FOUND
[    0.149189]     scan-1711 [137068544] [02] add_single_object     : Added PNP0A08:00 [\_SB_.PCI0] parent device:00
[    0.149189]     scan-0964 [137068544] [02] bus_get_device        : No context for object [ffff88040823c618]
[    0.149189]     scan-0964 [137068544] [02] bus_get_device        : No context for object [ffff88040823c640]
[    0.149189]     scan-0964 [137068544] [02] bus_get_device        : No context for object [ffff88040823c668]
[    0.149189]     scan-0964 [137068544] [02] bus_get_device        : No context for object [ffff88040823c690]
[    0.149189]     scan-0964 [137068544] [02] bus_get_device        : No context for object [ffff88040823c6b8]
[    0.149189]     scan-0964 [137068544] [02] bus_get_device        : No context for object [ffff88040823c6e0]
[    0.149189]     scan-0964 [137068544] [02] bus_get_device        : No context for object [ffff88040823c708]
[    0.149189]     scan-0964 [137068544] [02] bus_get_device        : No context for object [ffff88040823c730]
[    0.149189]     scan-0964 [137068544] [02] bus_get_device        : No context for object [ffff88040823c758]
[    0.149189]     scan-0964 [137068544] [02] bus_get_device        : No context for object [ffff88040823c780]
[    0.149189]     scan-0964 [137068544] [02] bus_get_device        : No context for object [ffff88040823c7a8]
[    0.149189]     scan-0964 [137068544] [02] bus_get_device        : No context for object [ffff88040823c7d0]
[    0.149189]     scan-0964 [137068544] [02] bus_get_device        : No context for object [ffff88040823c7f8]
[    0.149189]     scan-0964 [137068544] [02] bus_get_device        : No context for object [ffff88040823c820]
[    0.149189]     scan-0964 [137068544] [02] bus_get_device        : No context for object [ffff88040823c848]
[    0.149189]     scan-0964 [137068544] [02] bus_get_device        : No context for object [ffff88040823c870]
[    0.149189]     scan-0964 [137068544] [02] bus_get_device        : No context for object [ffff88040823c898]
[    0.149189]     scan-0964 [137068544] [02] bus_get_device        : No context for object [ffff88040823c8c0]
[    0.149193]     scan-0964 [137068544] [02] bus_get_device        : No context for object [ffff88040823c8e8]
[    0.149203]     scan-0964 [137068544] [02] bus_get_device        : No context for object [ffff88040823c910]
[    0.149213]     scan-0964 [137068544] [02] bus_get_device        : No context for object [ffff88040823c938]
[    0.149223]     scan-0964 [137068544] [02] bus_get_device        : No context for object [ffff88040823c960]
[    0.149233]     scan-0964 [137068544] [02] bus_get_device        : No context for object [ffff88040823c988]
[    0.149243]     scan-0964 [137068544] [02] bus_get_device        : No context for object [ffff88040823c9b0]
[    0.149253]     scan-0964 [137068544] [02] bus_get_device        : No context for object [ffff88040823c9d8]
[    0.149263]     scan-0964 [137068544] [02] bus_get_device        : No context for object [ffff88040823ca00]
[    0.149273]     scan-0964 [137068544] [02] bus_get_device        : No context for object [ffff88040823ca28]
[    0.149283]     scan-0964 [137068544] [02] bus_get_device        : No context for object [ffff88040823ca50]
[    0.149293]     scan-0964 [137068544] [02] bus_get_device        : No context for object [ffff88040823ca78]
[    0.149302]     scan-0964 [137068544] [02] bus_get_device        : No context for object [ffff88040823caa0]
[    0.149312]     scan-0964 [137068544] [02] bus_get_device        : No context for object [ffff88040823cac8]
[    0.149322]     scan-0964 [137068544] [02] bus_get_device        : No context for object [ffff88040823caf0]
[    0.149332]     scan-0964 [137068544] [02] bus_get_device        : No context for object [ffff88040823cb18]
[    0.149342]     scan-0964 [137068544] [02] bus_get_device        : No context for object [ffff88040823cb40]
[    0.149352]     scan-0964 [137068544] [02] bus_get_device        : No context for object [ffff88040823cb68]
[    0.149362]     scan-0964 [137068544] [02] bus_get_device        : No context for object [ffff88040823cb90]
[    0.149372]     scan-0964 [137068544] [02] bus_get_device        : No context for object [ffff88040823cbb8]
[    0.149382]     scan-0964 [137068544] [02] bus_get_device        : No context for object [ffff88040823cbe0]
[    0.149392]     scan-0964 [137068544] [02] bus_get_device        : No context for object [ffff88040823cc08]
[    0.149402]     scan-0964 [137068544] [02] bus_get_device        : No context for object [ffff88040823cc30]
[    0.149411]     scan-0964 [137068544] [02] bus_get_device        : No context for object [ffff88040823cc58]
[    0.149422]     scan-0964 [137068544] [02] bus_get_device        : No context for object [ffff88040823cc80]
[    0.149431]     scan-0964 [137068544] [02] bus_get_device        : No context for object [ffff88040823cca8]
[    0.149442]     scan-0964 [137068544] [02] bus_get_device        : No context for object [ffff88040823ccd0]
[    0.149452]     scan-0964 [137068544] [02] bus_get_device        : No context for object [ffff88040823ccf8]
[    0.149462]     scan-0964 [137068544] [02] bus_get_device        : No context for object [ffff88040823cd20]
[    0.149471]     scan-0964 [137068544] [02] bus_get_device        : No context for object [ffff88040823cd48]
[    0.149481]     scan-0964 [137068544] [02] bus_get_device        : No context for object [ffff88040823cd70]
[    0.150013]     scan-0964 [137068544] [02] bus_get_device        : No context for object [ffff88040823cd98]
[    0.150023]     scan-0964 [137068544] [02] bus_get_device        : No context for object [ffff88040823cdc0]
[    0.150033]     scan-0964 [137068544] [02] bus_get_device        : No context for object [ffff88040823cde8]
[    0.150043]     scan-0964 [137068544] [02] bus_get_device        : No context for object [ffff88040823ce10]
[    0.150053]     scan-0964 [137068544] [02] bus_get_device        : No context for object [ffff88040823ce38]
[    0.150063]     scan-0964 [137068544] [02] bus_get_device        : No context for object [ffff88040823ce60]
[    0.150073]     scan-0964 [137068544] [02] bus_get_device        : No context for object [ffff88040823ce88]
[    0.150083]     scan-0964 [137068544] [02] bus_get_device        : No context for object [ffff88040823ceb0]
[    0.150093]     scan-0964 [137068544] [02] bus_get_device        : No context for object [ffff88040823ced8]
[    0.150103]     scan-0964 [137068544] [02] bus_get_device        : No context for object [ffff88040823cf00]
[    0.150113]     scan-0964 [137068544] [02] bus_get_device        : No context for object [ffff88040823cf28]
[    0.150123]     scan-0964 [137068544] [02] bus_get_device        : No context for object [ffff88040823cf50]
[    0.150133]     scan-0964 [137068544] [02] bus_get_device        : No context for object [ffff88040823cf78]
[    0.150142]     scan-0964 [137068544] [02] bus_get_device        : No context for object [ffff88040823cfa0]
[    0.150152]     scan-0964 [137068544] [02] bus_get_device        : No context for object [ffff88040823cfc8]
[    0.150163]     scan-0964 [137068544] [02] bus_get_device        : No context for object [ffff880408241000]
[    0.150173]     scan-0964 [137068544] [02] bus_get_device        : No context for object [ffff880408241028]
[    0.150184]    utils-0052 [137068544] [02] util_eval_error       : Evaluate [\_SB_.PCI0.MEMR._STA]: AE_NOT_FOUND
[    0.150244] device: 'PNP0C02:00': device_add
[    0.150251] bus: 'acpi': add device PNP0C02:00
[    0.150265]    utils-0052 [137068544] [02] util_eval_error       : Evaluate [\_SB_.PCI0.MEMR._SUN]: AE_NOT_FOUND
[    0.150286]     scan-1711 [137068544] [02] add_single_object     : Added PNP0C02:00 [\_SB_.PCI0.MEMR] parent PNP0A08:00
[    0.150286]     scan-0964 [137068544] [02] bus_get_device        : No context for object [ffff880408241050]
[    0.150286]     scan-0964 [137068544] [02] bus_get_device        : No context for object [ffff880408241078]
[    0.150286]     scan-0964 [137068544] [02] bus_get_device        : No context for object [ffff8804082410a0]
[    0.150286]     scan-0964 [137068544] [02] bus_get_device        : No context for object [ffff8804082410c8]
[    0.150286]     scan-0964 [137068544] [02] bus_get_device        : No context for object [ffff8804082410f0]
[    0.150286]     scan-0964 [137068544] [02] bus_get_device        : No context for object [ffff880408241118]
[    0.150286]     scan-0964 [137068544] [02] bus_get_device        : No context for object [ffff880408241140]
[    0.150286]     scan-0964 [137068544] [02] bus_get_device        : No context for object [ffff880408241168]
[    0.150286]     scan-0964 [137068544] [02] bus_get_device        : No context for object [ffff880408241190]
[    0.150286]     scan-0964 [137068544] [02] bus_get_device        : No context for object [ffff8804082411b8]
[    0.150286]     scan-0964 [137068544] [02] bus_get_device        : No context for object [ffff8804082411e0]
[    0.150286]     scan-0964 [137068544] [02] bus_get_device        : No context for object [ffff880408241208]
[    0.150286]     scan-0964 [137068544] [02] bus_get_device        : No context for object [ffff880408241230]
[    0.150286]     scan-0964 [137068544] [02] bus_get_device        : No context for object [ffff880408241258]
[    0.150286]     scan-0964 [137068544] [02] bus_get_device        : No context for object [ffff880408241280]
[    0.150286]     scan-0964 [137068544] [02] bus_get_device        : No context for object [ffff8804082412a8]
[    0.150286]    utils-0052 [137068544] [02] util_eval_error       : Evaluate [\_SB_.PCI0.PB2_._STA]: AE_NOT_FOUND
[    0.150337] device: 'device:01': device_add
[    0.150357] bus: 'acpi': add device device:01
[    0.150377]    utils-0052 [137068544] [02] util_eval_error       : Evaluate [\_SB_.PCI0.PB2_._SUN]: AE_NOT_FOUND
[    0.151017]     scan-1711 [137068544] [02] add_single_object     : Added device:01 [\_SB_.PCI0.PB2_] parent PNP0A08:00
[    0.151017]     scan-0964 [137068544] [02] bus_get_device        : No context for object [ffff8804082412d0]
[    0.151025]     scan-0964 [137068544] [02] bus_get_device        : No context for object [ffff8804082412f8]
[    0.151035]     scan-0964 [137068544] [02] bus_get_device        : No context for object [ffff880408241320]
[    0.151045]     scan-0964 [137068544] [02] bus_get_device        : No context for object [ffff880408241348]
[    0.151055]     scan-0964 [137068544] [02] bus_get_device        : No context for object [ffff880408241370]
[    0.151065]     scan-0964 [137068544] [02] bus_get_device        : No context for object [ffff880408241398]
[    0.151075]     scan-0964 [137068544] [02] bus_get_device        : No context for object [ffff8804082413c0]
[    0.151085]     scan-0964 [137068544] [02] bus_get_device        : No context for object [ffff8804082413e8]
[    0.151095]     scan-0964 [137068544] [02] bus_get_device        : No context for object [ffff880408241410]
[    0.151105]     scan-0964 [137068544] [02] bus_get_device        : No context for object [ffff880408241438]
[    0.151115]     scan-0964 [137068544] [02] bus_get_device        : No context for object [ffff880408241460]
[    0.151125]     scan-0964 [137068544] [02] bus_get_device        : No context for object [ffff880408241488]
[    0.151135]     scan-0964 [137068544] [02] bus_get_device        : No context for object [ffff8804082414b0]
[    0.151145]     scan-0964 [137068544] [02] bus_get_device        : No context for object [ffff8804082414d8]
[    0.151155]     scan-0964 [137068544] [02] bus_get_device        : No context for object [ffff880408241500]
[    0.151165]     scan-0964 [137068544] [02] bus_get_device        : No context for object [ffff880408241528]
[    0.151175]     scan-0964 [137068544] [02] bus_get_device        : No context for object [ffff880408241550]
[    0.151185]     scan-0964 [137068544] [02] bus_get_device        : No context for object [ffff880408241578]
[    0.151195]     scan-0964 [137068544] [02] bus_get_device        : No context for object [ffff8804082415a0]
[    0.151205]     scan-0964 [137068544] [02] bus_get_device        : No context for object [ffff8804082415c8]
[    0.151215]     scan-0964 [137068544] [02] bus_get_device        : No context for object [ffff8804082415f0]
[    0.151225]     scan-0964 [137068544] [02] bus_get_device        : No context for object [ffff880408241618]
[    0.151225]     scan-0964 [137068544] [02] bus_get_device        : No context for object [ffff880408241640]
[    0.151225]     scan-0964 [137068544] [02] bus_get_device        : No context for object [ffff880408241668]
[    0.151225]     scan-0964 [137068544] [02] bus_get_device        : No context for object [ffff880408241690]
[    0.151225]     scan-0964 [137068544] [02] bus_get_device        : No context for object [ffff8804082416b8]
[    0.151225]     scan-0964 [137068544] [02] bus_get_device        : No context for object [ffff8804082416e0]
[    0.151225]     scan-0964 [137068544] [02] bus_get_device        : No context for object [ffff880408241708]
[    0.151225]     scan-0964 [137068544] [02] bus_get_device        : No context for object [ffff880408241730]
[    0.151225]     scan-0964 [137068544] [02] bus_get_device        : No context for object [ffff880408241758]
[    0.151225]     scan-0964 [137068544] [02] bus_get_device        : No context for object [ffff880408241780]
[    0.151225]    utils-0052 [137068544] [02] util_eval_error       : Evaluate [\_SB_.PCI0.PB2_.VGA_._STA]: AE_NOT_FOUND
[    0.151225] device: 'device:02': device_add
[    0.151225] bus: 'acpi': add device device:02
[    0.151225]    utils-0052 [137068544] [02] util_eval_error       : Evaluate [\_SB_.PCI0.PB2_.VGA_._SUN]: AE_NOT_FOUND
[    0.151225]     scan-1711 [137068544] [02] add_single_object     : Added device:02 [\_SB_.PCI0.PB2_.VGA_] parent device:01
[    0.151225]     scan-0964 [137068544] [02] bus_get_device        : No context for object [ffff8804082417a8]
[    0.151225]     scan-0964 [137068544] [02] bus_get_device        : No context for object [ffff8804082417d0]
[    0.151225]     scan-0964 [137068544] [02] bus_get_device        : No context for object [ffff8804082417f8]
[    0.151225]     scan-0964 [137068544] [02] bus_get_device        : No context for object [ffff880408241820]
[    0.151225]     scan-0964 [137068544] [02] bus_get_device        : No context for object [ffff880408241848]
[    0.151225]     scan-0964 [137068544] [02] bus_get_device        : No context for object [ffff880408241870]
[    0.151225]     scan-0964 [137068544] [02] bus_get_device        : No context for object [ffff880408241898]
[    0.151225]     scan-0964 [137068544] [02] bus_get_device        : No context for object [ffff8804082418c0]
[    0.151225]     scan-0964 [137068544] [02] bus_get_device        : No context for object [ffff8804082418e8]
[    0.151225]     scan-0964 [137068544] [02] bus_get_device        : No context for object [ffff880408241910]
[    0.151225]     scan-0964 [137068544] [02] bus_get_device        : No context for object [ffff880408241938]
[    0.151225]     scan-0964 [137068544] [02] bus_get_device        : No context for object [ffff880408241960]
[    0.151225]     scan-0964 [137068544] [02] bus_get_device        : No context for object [ffff880408241988]
[    0.151225]     scan-0964 [137068544] [02] bus_get_device        : No context for object [ffff8804082419b0]
[    0.151225]     scan-0964 [137068544] [02] bus_get_device        : No context for object [ffff8804082419d8]
[    0.151225]     scan-0964 [137068544] [02] bus_get_device        : No context for object [ffff880408241a00]
[    0.151225]     scan-0964 [137068544] [02] bus_get_device        : No context for object [ffff880408241a28]
[    0.151225]     scan-0964 [137068544] [02] bus_get_device        : No context for object [ffff880408241a50]
[    0.151225]     scan-0964 [137068544] [02] bus_get_device        : No context for object [ffff880408241a78]
[    0.151225]     scan-0964 [137068544] [02] bus_get_device        : No context for object [ffff880408241aa0]
[    0.151225]     scan-0964 [137068544] [02] bus_get_device        : No context for object [ffff880408241ac8]
[    0.151230]     scan-0964 [137068544] [02] bus_get_device        : No context for object [ffff880408241af0]
[    0.151240]     scan-0964 [137068544] [02] bus_get_device        : No context for object [ffff880408241b18]
[    0.151250]     scan-0964 [137068544] [02] bus_get_device        : No context for object [ffff880408241b40]
[    0.151261]     scan-0964 [137068544] [02] bus_get_device        : No context for object [ffff880408241b68]
[    0.151271]     scan-0964 [137068544] [02] bus_get_device        : No context for object [ffff880408241b90]
[    0.151281]     scan-0964 [137068544] [02] bus_get_device        : No context for object [ffff880408241bb8]
[    0.151291]     scan-0964 [137068544] [02] bus_get_device        : No context for object [ffff880408241be0]
[    0.151301]     scan-0964 [137068544] [02] bus_get_device        : No context for object [ffff880408241c08]
[    0.151312]     scan-0964 [137068544] [02] bus_get_device        : No context for object [ffff880408241c30]
[    0.151322]     scan-0964 [137068544] [02] bus_get_device        : No context for object [ffff880408241c58]
[    0.151332]     scan-0964 [137068544] [02] bus_get_device        : No context for object [ffff880408241c80]
[    0.151342]     scan-0964 [137068544] [02] bus_get_device        : No context for object [ffff880408241ca8]
[    0.151352]     scan-0964 [137068544] [02] bus_get_device        : No context for object [ffff880408241cd0]
[    0.151363]     scan-0964 [137068544] [02] bus_get_device        : No context for object [ffff880408241cf8]
[    0.151373]     scan-0964 [137068544] [02] bus_get_device        : No context for object [ffff880408241d20]
[    0.151383]     scan-0964 [137068544] [02] bus_get_device        : No context for object [ffff880408241d48]
[    0.151394]     scan-0964 [137068544] [02] bus_get_device        : No context for object [ffff880408241d70]
[    0.151404]     scan-0964 [137068544] [02] bus_get_device        : No context for object [ffff880408241d98]
[    0.151414]     scan-0964 [137068544] [02] bus_get_device        : No context for object [ffff88040827e438]
[    0.151425]     scan-0964 [137068544] [02] bus_get_device        : No context for object [ffff880408241dc0]
[    0.151436]    utils-0052 [137068544] [02] util_eval_error       : Evaluate [\_SB_.PCI0.PB2_.HDAU._STA]: AE_NOT_FOUND
[    0.151493] device: 'device:03': device_add
[    0.151499] bus: 'acpi': add device device:03
[    0.151512]    utils-0052 [137068544] [02] util_eval_error       : Evaluate [\_SB_.PCI0.PB2_.HDAU._SUN]: AE_NOT_FOUND
[    0.152016]     scan-1711 [137068544] [02] add_single_object     : Added device:03 [\_SB_.PCI0.PB2_.HDAU] parent device:01
[    0.152035]     scan-0964 [137068544] [02] bus_get_device        : No context for object [ffff880408241de8]
[    0.152047]     scan-0964 [137068544] [02] bus_get_device        : No context for object [ffff880408241e10]
[    0.152057]     scan-0964 [137068544] [02] bus_get_device        : No context for object [ffff880408241e38]
[    0.152067]     scan-0964 [137068544] [02] bus_get_device        : No context for object [ffff880408241e60]
[    0.152076]     scan-0964 [137068544] [02] bus_get_device        : No context for object [ffff880408241e88]
[    0.152086]     scan-0964 [137068544] [02] bus_get_device        : No context for object [ffff880408241eb0]
[    0.152096]     scan-0964 [137068544] [02] bus_get_device        : No context for object [ffff880408241ed8]
[    0.152113]    utils-0052 [137068544] [02] util_eval_error       : Evaluate [\_SB_.PCI0.PB3_._STA]: AE_NOT_FOUND
[    0.152113] device: 'device:04': device_add
[    0.152113] bus: 'acpi': add device device:04
[    0.152122]    utils-0052 [137068544] [02] util_eval_error       : Evaluate [\_SB_.PCI0.PB3_._SUN]: AE_NOT_FOUND
[    0.152149]     scan-1711 [137068544] [02] add_single_object     : Added device:04 [\_SB_.PCI0.PB3_] parent PNP0A08:00
[    0.152149]     scan-0964 [137068544] [02] bus_get_device        : No context for object [ffff880408241f00]
[    0.152149]     scan-0964 [137068544] [02] bus_get_device        : No context for object [ffff880408241f28]
[    0.152149]     scan-0964 [137068544] [02] bus_get_device        : No context for object [ffff880408241f50]
[    0.152149]     scan-0964 [137068544] [02] bus_get_device        : No context for object [ffff880408241f78]
[    0.152149]     scan-0964 [137068544] [02] bus_get_device        : No context for object [ffff880408241fa0]
[    0.152149]     scan-0964 [137068544] [02] bus_get_device        : No context for object [ffff880408241fc8]
[    0.152149]     scan-0964 [137068544] [02] bus_get_device        : No context for object [ffff880408242000]
[    0.152149]     scan-0964 [137068544] [02] bus_get_device        : No context for object [ffff880408242028]
[    0.152149]     scan-0964 [137068544] [02] bus_get_device        : No context for object [ffff880408242050]
[    0.152149]     scan-0964 [137068544] [02] bus_get_device        : No context for object [ffff880408242078]
[    0.152149]     scan-0964 [137068544] [02] bus_get_device        : No context for object [ffff8804082420a0]
[    0.152149]     scan-0964 [137068544] [02] bus_get_device        : No context for object [ffff8804082420c8]
[    0.152149]     scan-0964 [137068544] [02] bus_get_device        : No context for object [ffff8804082420f0]
[    0.152149]     scan-0964 [137068544] [02] bus_get_device        : No context for object [ffff880408242118]
[    0.152158]     scan-0964 [137068544] [02] bus_get_device        : No context for object [ffff880408242140]
[    0.152168]     scan-0964 [137068544] [02] bus_get_device        : No context for object [ffff880408242168]
[    0.152179]     scan-0964 [137068544] [02] bus_get_device        : No context for object [ffff880408242190]
[    0.152189]     scan-0964 [137068544] [02] bus_get_device        : No context for object [ffff8804082421b8]
[    0.152199]     scan-0964 [137068544] [02] bus_get_device        : No context for object [ffff8804082421e0]
[    0.152210]     scan-0964 [137068544] [02] bus_get_device        : No context for object [ffff880408242208]
[    0.152220]     scan-0964 [137068544] [02] bus_get_device        : No context for object [ffff880408242230]
[    0.152230]     scan-0964 [137068544] [02] bus_get_device        : No context for object [ffff880408242258]
[    0.152240]     scan-0964 [137068544] [02] bus_get_device        : No context for object [ffff880408242280]
[    0.152251]     scan-0964 [137068544] [02] bus_get_device        : No context for object [ffff8804082422a8]
[    0.152261]     scan-0964 [137068544] [02] bus_get_device        : No context for object [ffff8804082422d0]
[    0.152271]     scan-0964 [137068544] [02] bus_get_device        : No context for object [ffff8804082422f8]
[    0.152281]     scan-0964 [137068544] [02] bus_get_device        : No context for object [ffff880408242320]
[    0.152292]     scan-0964 [137068544] [02] bus_get_device        : No context for object [ffff880408242348]
[    0.152302]     scan-0964 [137068544] [02] bus_get_device        : No context for object [ffff880408242370]
[    0.152312]     scan-0964 [137068544] [02] bus_get_device        : No context for object [ffff880408242398]
[    0.152322]     scan-0964 [137068544] [02] bus_get_device        : No context for object [ffff8804082423c0]
[    0.152335]    utils-0052 [137068544] [02] util_eval_error       : Evaluate [\_SB_.PCI0.PB3_.VGA_._STA]: AE_NOT_FOUND
[    0.152396] device: 'device:05': device_add
[    0.152403] bus: 'acpi': add device device:05
[    0.152423]    utils-0052 [137068544] [02] util_eval_error       : Evaluate [\_SB_.PCI0.PB3_.VGA_._SUN]: AE_NOT_FOUND
[    0.152444]     scan-1711 [137068544] [02] add_single_object     : Added device:05 [\_SB_.PCI0.PB3_.VGA_] parent device:04
[    0.152444]     scan-0964 [137068544] [02] bus_get_device        : No context for object [ffff8804082423e8]
[    0.152444]     scan-0964 [137068544] [02] bus_get_device        : No context for object [ffff880408242410]
[    0.152444]     scan-0964 [137068544] [02] bus_get_device        : No context for object [ffff880408242438]
[    0.152444]     scan-0964 [137068544] [02] bus_get_device        : No context for object [ffff880408242460]
[    0.152444]     scan-0964 [137068544] [02] bus_get_device        : No context for object [ffff880408242488]
[    0.152444]     scan-0964 [137068544] [02] bus_get_device        : No context for object [ffff8804082424b0]
[    0.152444]     scan-0964 [137068544] [02] bus_get_device        : No context for object [ffff8804082424d8]
[    0.152444]     scan-0964 [137068544] [02] bus_get_device        : No context for object [ffff880408242500]
[    0.152444]     scan-0964 [137068544] [02] bus_get_device        : No context for object [ffff880408242528]
[    0.152444]     scan-0964 [137068544] [02] bus_get_device        : No context for object [ffff880408242550]
[    0.152444]     scan-0964 [137068544] [02] bus_get_device        : No context for object [ffff880408242578]
[    0.152444]     scan-0964 [137068544] [02] bus_get_device        : No context for object [ffff8804082425a0]
[    0.152444]     scan-0964 [137068544] [02] bus_get_device        : No context for object [ffff8804082425c8]
[    0.152444]     scan-0964 [137068544] [02] bus_get_device        : No context for object [ffff8804082425f0]
[    0.152444]     scan-0964 [137068544] [02] bus_get_device        : No context for object [ffff880408242618]
[    0.152444]     scan-0964 [137068544] [02] bus_get_device        : No context for object [ffff880408242640]
[    0.152444]     scan-0964 [137068544] [02] bus_get_device        : No context for object [ffff880408242668]
[    0.152444]     scan-0964 [137068544] [02] bus_get_device        : No context for object [ffff880408242690]
[    0.152444]     scan-0964 [137068544] [02] bus_get_device        : No context for object [ffff8804082426b8]
[    0.152444]     scan-0964 [137068544] [02] bus_get_device        : No context for object [ffff8804082426e0]
[    0.152444]     scan-0964 [137068544] [02] bus_get_device        : No context for object [ffff880408242708]
[    0.152444]     scan-0964 [137068544] [02] bus_get_device        : No context for object [ffff880408242730]
[    0.152444]     scan-0964 [137068544] [02] bus_get_device        : No context for object [ffff880408242758]
[    0.152444]     scan-0964 [137068544] [02] bus_get_device        : No context for object [ffff880408242780]
[    0.152444]     scan-0964 [137068544] [02] bus_get_device        : No context for object [ffff8804082427a8]
[    0.152444]     scan-0964 [137068544] [02] bus_get_device        : No context for object [ffff8804082427d0]
[    0.152444]     scan-0964 [137068544] [02] bus_get_device        : No context for object [ffff8804082427f8]
[    0.152444]     scan-0964 [137068544] [02] bus_get_device        : No context for object [ffff880408242820]
[    0.152444]     scan-0964 [137068544] [02] bus_get_device        : No context for object [ffff880408242848]
[    0.152444]     scan-0964 [137068544] [02] bus_get_device        : No context for object [ffff880408242870]
[    0.152444]     scan-0964 [137068544] [02] bus_get_device        : No context for object [ffff880408242898]
[    0.152444]     scan-0964 [137068544] [02] bus_get_device        : No context for object [ffff8804082428c0]
[    0.153010]     scan-0964 [137068544] [02] bus_get_device        : No context for object [ffff8804082428e8]
[    0.153019]     scan-0964 [137068544] [02] bus_get_device        : No context for object [ffff880408242910]
[    0.153029]     scan-0964 [137068544] [02] bus_get_device        : No context for object [ffff880408242938]
[    0.153038]     scan-0964 [137068544] [02] bus_get_device        : No context for object [ffff880408242960]
[    0.153047]     scan-0964 [137068544] [02] bus_get_device        : No context for object [ffff880408242988]
[    0.153057]     scan-0964 [137068544] [02] bus_get_device        : No context for object [ffff8804082429b0]
[    0.153066]     scan-0964 [137068544] [02] bus_get_device        : No context for object [ffff8804082429d8]
[    0.153076]     scan-0964 [137068544] [02] bus_get_device        : No context for object [ffff88040827e460]
[    0.153085]     scan-0964 [137068544] [02] bus_get_device        : No context for object [ffff880408281c08]
[    0.153095]     scan-0964 [137068544] [02] bus_get_device        : No context for object [ffff880408281c30]
[    0.153104]     scan-0964 [137068544] [02] bus_get_device        : No context for object [ffff880408281c58]
[    0.153120]    utils-0052 [137068544] [02] util_eval_error       : Evaluate [\_SB_.PCI0.PB3_.VGA_.CRT_._STA]: AE_NOT_FOUND
[    0.153222] device: 'device:06': device_add
[    0.153236] bus: 'acpi': add device device:06
[    0.153257]    utils-0052 [137068544] [02] util_eval_error       : Evaluate [\_SB_.PCI0.PB3_.VGA_.CRT_._SUN]: AE_NOT_FOUND
[    0.153291]     scan-1711 [137068544] [02] add_single_object     : Added device:06 [\_SB_.PCI0.PB3_.VGA_.CRT_] parent device:05
[    0.153291]     scan-0964 [137068544] [02] bus_get_device        : No context for object [ffff880408281c80]
[    0.153291]     scan-0964 [137068544] [02] bus_get_device        : No context for object [ffff880408281ca8]
[    0.153291]     scan-0964 [137068544] [02] bus_get_device        : No context for object [ffff880408281cd0]
[    0.153291]     scan-0964 [137068544] [02] bus_get_device        : No context for object [ffff880408281cf8]
[    0.153291]     scan-0964 [137068544] [02] bus_get_device        : No context for object [ffff880408281d20]
[    0.153291]    utils-0052 [137068544] [02] util_eval_error       : Evaluate [\_SB_.PCI0.PB3_.VGA_.LCD_._STA]: AE_NOT_FOUND
[    0.153291] device: 'device:07': device_add
[    0.153291] bus: 'acpi': add device device:07
[    0.153291]    utils-0052 [137068544] [02] util_eval_error       : Evaluate [\_SB_.PCI0.PB3_.VGA_.LCD_._SUN]: AE_NOT_FOUND
[    0.153291]     scan-1711 [137068544] [02] add_single_object     : Added device:07 [\_SB_.PCI0.PB3_.VGA_.LCD_] parent device:05
[    0.153291]     scan-0964 [137068544] [02] bus_get_device        : No context for object [ffff880408281d48]
[    0.153291]     scan-0964 [137068544] [02] bus_get_device        : No context for object [ffff880408281d70]
[    0.153291]     scan-0964 [137068544] [02] bus_get_device        : No context for object [ffff880408281d98]
[    0.153291]     scan-0964 [137068544] [02] bus_get_device        : No context for object [ffff880408281dc0]
[    0.153291]     scan-0964 [137068544] [02] bus_get_device        : No context for object [ffff880408281de8]
[    0.153291]     scan-0964 [137068544] [02] bus_get_device        : No context for object [ffff880408281e10]
[    0.153291]     scan-0964 [137068544] [02] bus_get_device        : No context for object [ffff880408281e38]
[    0.153291]     scan-0964 [137068544] [02] bus_get_device        : No context for object [ffff880408281e60]
[    0.153291]    utils-0052 [137068544] [02] util_eval_error       : Evaluate [\_SB_.PCI0.PB3_.VGA_.TV0_._STA]: AE_NOT_FOUND
[    0.153291] device: 'device:08': device_add
[    0.153291] bus: 'acpi': add device device:08
[    0.153291]    utils-0052 [137068544] [02] util_eval_error       : Evaluate [\_SB_.PCI0.PB3_.VGA_.TV0_._SUN]: AE_NOT_FOUND
[    0.154014]     scan-1711 [137068544] [02] add_single_object     : Added device:08 [\_SB_.PCI0.PB3_.VGA_.TV0_] parent device:05
[    0.154015]     scan-0964 [137068544] [02] bus_get_device        : No context for object [ffff880408281e88]
[    0.154026]     scan-0964 [137068544] [02] bus_get_device        : No context for object [ffff880408281eb0]
[    0.154036]     scan-0964 [137068544] [02] bus_get_device        : No context for object [ffff880408281ed8]
[    0.154046]     scan-0964 [137068544] [02] bus_get_device        : No context for object [ffff880408281f00]
[    0.154056]     scan-0964 [137068544] [02] bus_get_device        : No context for object [ffff880408281f28]
[    0.154067]    utils-0052 [137068544] [02] util_eval_error       : Evaluate [\_SB_.PCI0.PB3_.VGA_.HDMI._STA]: AE_NOT_FOUND
[    0.154138] device: 'device:09': device_add
[    0.154145] bus: 'acpi': add device device:09
[    0.154160]    utils-0052 [137068544] [02] util_eval_error       : Evaluate [\_SB_.PCI0.PB3_.VGA_.HDMI._SUN]: AE_NOT_FOUND
[    0.154180]     scan-1711 [137068544] [02] add_single_object     : Added device:09 [\_SB_.PCI0.PB3_.VGA_.HDMI] parent device:05
[    0.154180]     scan-0964 [137068544] [02] bus_get_device        : No context for object [ffff880408281f50]
[    0.154180]     scan-0964 [137068544] [02] bus_get_device        : No context for object [ffff880408281f78]
[    0.154180]     scan-0964 [137068544] [02] bus_get_device        : No context for object [ffff880408281fa0]
[    0.154180]     scan-0964 [137068544] [02] bus_get_device        : No context for object [ffff880408281fc8]
[    0.154180]     scan-0964 [137068544] [02] bus_get_device        : No context for object [ffff880408242a00]
[    0.154180]    utils-0052 [137068544] [02] util_eval_error       : Evaluate [\_SB_.PCI0.PB3_.HDAU._STA]: AE_NOT_FOUND
[    0.154180] device: 'device:0a': device_add
[    0.154180] bus: 'acpi': add device device:0a
[    0.154195]    utils-0052 [137068544] [02] util_eval_error       : Evaluate [\_SB_.PCI0.PB3_.HDAU._SUN]: AE_NOT_FOUND
[    0.154223]     scan-1711 [137068544] [02] add_single_object     : Added device:0a [\_SB_.PCI0.PB3_.HDAU] parent device:04
[    0.154223]     scan-0964 [137068544] [02] bus_get_device        : No context for object [ffff880408242a28]
[    0.154223]     scan-0964 [137068544] [02] bus_get_device        : No context for object [ffff880408242a50]
[    0.154223]     scan-0964 [137068544] [02] bus_get_device        : No context for object [ffff880408242a78]
[    0.154223]     scan-0964 [137068544] [02] bus_get_device        : No context for object [ffff880408242aa0]
[    0.154223]     scan-0964 [137068544] [02] bus_get_device        : No context for object [ffff880408242ac8]
[    0.154223]     scan-0964 [137068544] [02] bus_get_device        : No context for object [ffff880408242af0]
[    0.154223]     scan-0964 [137068544] [02] bus_get_device        : No context for object [ffff880408242b18]
[    0.154223]    utils-0052 [137068544] [02] util_eval_error       : Evaluate [\_SB_.PCI0.PB4_._STA]: AE_NOT_FOUND
[    0.154223] device: 'device:0b': device_add
[    0.154223] bus: 'acpi': add device device:0b
[    0.154232]    utils-0052 [137068544] [02] util_eval_error       : Evaluate [\_SB_.PCI0.PB4_._SUN]: AE_NOT_FOUND
[    0.154252]     scan-1711 [137068544] [02] add_single_object     : Added device:0b [\_SB_.PCI0.PB4_] parent PNP0A08:00
[    0.154252]     scan-0964 [137068544] [02] bus_get_device        : No context for object [ffff880408242b40]
[    0.154252]     scan-0964 [137068544] [02] bus_get_device        : No context for object [ffff880408242b68]
[    0.154252]     scan-0964 [137068544] [02] bus_get_device        : No context for object [ffff880408242b90]
[    0.154252]     scan-0964 [137068544] [02] bus_get_device        : No context for object [ffff880408242bb8]
[    0.154252]     scan-0964 [137068544] [02] bus_get_device        : No context for object [ffff880408242be0]
[    0.154252]     scan-0964 [137068544] [02] bus_get_device        : No context for object [ffff880408242c08]
[    0.154252]     scan-0964 [137068544] [02] bus_get_device        : No context for object [ffff880408242c30]
[    0.154252]     scan-0964 [137068544] [02] bus_get_device        : No context for object [ffff880408242c58]
[    0.154252]     scan-0964 [137068544] [02] bus_get_device        : No context for object [ffff880408242c80]
[    0.154252]     scan-0964 [137068544] [02] bus_get_device        : No context for object [ffff880408242ca8]
[    0.154252]     scan-0964 [137068544] [02] bus_get_device        : No context for object [ffff880408242cd0]
[    0.154252]     scan-0964 [137068544] [02] bus_get_device        : No context for object [ffff880408242cf8]
[    0.154252]     scan-0964 [137068544] [02] bus_get_device        : No context for object [ffff880408242d20]
[    0.154252]     scan-0964 [137068544] [02] bus_get_device        : No context for object [ffff880408242d48]
[    0.154252]     scan-0964 [137068544] [02] bus_get_device        : No context for object [ffff880408242d70]
[    0.154252]     scan-0964 [137068544] [02] bus_get_device        : No context for object [ffff880408242d98]
[    0.154252]     scan-0964 [137068544] [02] bus_get_device        : No context for object [ffff880408242dc0]
[    0.154252]     scan-0964 [137068544] [02] bus_get_device        : No context for object [ffff880408242de8]
[    0.154252]     scan-0964 [137068544] [02] bus_get_device        : No context for object [ffff880408242e10]
[    0.154252]     scan-0964 [137068544] [02] bus_get_device        : No context for object [ffff880408242e38]
[    0.154252]     scan-0964 [137068544] [02] bus_get_device        : No context for object [ffff880408242e60]
[    0.154252]     scan-0964 [137068544] [02] bus_get_device        : No context for object [ffff880408242e88]
[    0.154252]     scan-0964 [137068544] [02] bus_get_device        : No context for object [ffff880408242eb0]
[    0.154252]     scan-0964 [137068544] [02] bus_get_device        : No context for object [ffff880408242ed8]
[    0.154254]     scan-0964 [137068544] [02] bus_get_device        : No context for object [ffff880408242f00]
[    0.154264]     scan-0964 [137068544] [02] bus_get_device        : No context for object [ffff880408242f28]
[    0.154274]     scan-0964 [137068544] [02] bus_get_device        : No context for object [ffff880408242f50]
[    0.154284]     scan-0964 [137068544] [02] bus_get_device        : No context for object [ffff880408242f78]
[    0.154294]     scan-0964 [137068544] [02] bus_get_device        : No context for object [ffff880408242fa0]
[    0.154304]     scan-0964 [137068544] [02] bus_get_device        : No context for object [ffff880408242fc8]
[    0.154314]     scan-0964 [137068544] [02] bus_get_device        : No context for object [ffff880408244000]
[    0.154325]    utils-0052 [137068544] [02] util_eval_error       : Evaluate [\_SB_.PCI0.PB4_.XPDV._STA]: AE_NOT_FOUND
[    0.154382] device: 'device:0c': device_add
[    0.154389] bus: 'acpi': add device device:0c
[    0.154404]    utils-0052 [137068544] [02] util_eval_error       : Evaluate [\_SB_.PCI0.PB4_.XPDV._SUN]: AE_NOT_FOUND
[    0.155015]     scan-1711 [137068544] [02] add_single_object     : Added device:0c [\_SB_.PCI0.PB4_.XPDV] parent device:0b
[    0.155015]     scan-0964 [137068544] [02] bus_get_device        : No context for object [ffff880408244028]
[    0.155023]     scan-0964 [137068544] [02] bus_get_device        : No context for object [ffff880408244050]
[    0.155033]     scan-0964 [137068544] [02] bus_get_device        : No context for object [ffff880408244078]
[    0.155043]     scan-0964 [137068544] [02] bus_get_device        : No context for object [ffff8804082440a0]
[    0.155054]     scan-0964 [137068544] [02] bus_get_device        : No context for object [ffff8804082440c8]
[    0.155064]     scan-0964 [137068544] [02] bus_get_device        : No context for object [ffff88040827e500]
[    0.155075]     scan-0964 [137068544] [02] bus_get_device        : No context for object [ffff8804082440f0]
[    0.155085]     scan-0964 [137068544] [02] bus_get_device        : No context for object [ffff880408244118]
[    0.155097]    utils-0052 [137068544] [02] util_eval_error       : Evaluate [\_SB_.PCI0.PB5_._STA]: AE_NOT_FOUND
[    0.155214] device: 'device:0d': device_add
[    0.155224] bus: 'acpi': add device device:0d
[    0.155239]    utils-0052 [137068544] [02] util_eval_error       : Evaluate [\_SB_.PCI0.PB5_._SUN]: AE_NOT_FOUND
[    0.155258]     scan-1711 [137068544] [02] add_single_object     : Added device:0d [\_SB_.PCI0.PB5_] parent PNP0A08:00
[    0.155258]     scan-0964 [137068544] [02] bus_get_device        : No context for object [ffff880408244140]
[    0.155258]     scan-0964 [137068544] [02] bus_get_device        : No context for object [ffff880408244168]
[    0.155258]     scan-0964 [137068544] [02] bus_get_device        : No context for object [ffff880408244190]
[    0.155258]     scan-0964 [137068544] [02] bus_get_device        : No context for object [ffff8804082441b8]
[    0.155258]     scan-0964 [137068544] [02] bus_get_device        : No context for object [ffff8804082441e0]
[    0.155258]     scan-0964 [137068544] [02] bus_get_device        : No context for object [ffff880408244208]
[    0.155258]     scan-0964 [137068544] [02] bus_get_device        : No context for object [ffff880408244230]
[    0.155258]     scan-0964 [137068544] [02] bus_get_device        : No context for object [ffff880408244258]
[    0.155258]     scan-0964 [137068544] [02] bus_get_device        : No context for object [ffff880408244280]
[    0.155258]     scan-0964 [137068544] [02] bus_get_device        : No context for object [ffff8804082442a8]
[    0.155258]     scan-0964 [137068544] [02] bus_get_device        : No context for object [ffff8804082442d0]
[    0.155258]     scan-0964 [137068544] [02] bus_get_device        : No context for object [ffff8804082442f8]
[    0.155258]     scan-0964 [137068544] [02] bus_get_device        : No context for object [ffff880408244320]
[    0.155258]     scan-0964 [137068544] [02] bus_get_device        : No context for object [ffff880408244348]
[    0.155258]     scan-0964 [137068544] [02] bus_get_device        : No context for object [ffff880408244370]
[    0.155258]     scan-0964 [137068544] [02] bus_get_device        : No context for object [ffff880408244398]
[    0.155258]     scan-0964 [137068544] [02] bus_get_device        : No context for object [ffff8804082443c0]
[    0.155258]     scan-0964 [137068544] [02] bus_get_device        : No context for object [ffff8804082443e8]
[    0.155258]     scan-0964 [137068544] [02] bus_get_device        : No context for object [ffff880408244410]
[    0.155258]     scan-0964 [137068544] [02] bus_get_device        : No context for object [ffff880408244438]
[    0.155258]     scan-0964 [137068544] [02] bus_get_device        : No context for object [ffff880408244460]
[    0.155258]     scan-0964 [137068544] [02] bus_get_device        : No context for object [ffff880408244488]
[    0.155258]     scan-0964 [137068544] [02] bus_get_device        : No context for object [ffff8804082444b0]
[    0.155258]     scan-0964 [137068544] [02] bus_get_device        : No context for object [ffff8804082444d8]
[    0.155266]     scan-0964 [137068544] [02] bus_get_device        : No context for object [ffff880408244500]
[    0.155275]     scan-0964 [137068544] [02] bus_get_device        : No context for object [ffff880408244528]
[    0.155284]     scan-0964 [137068544] [02] bus_get_device        : No context for object [ffff880408244550]
[    0.155293]     scan-0964 [137068544] [02] bus_get_device        : No context for object [ffff880408244578]
[    0.155302]     scan-0964 [137068544] [02] bus_get_device        : No context for object [ffff8804082445a0]
[    0.155311]     scan-0964 [137068544] [02] bus_get_device        : No context for object [ffff8804082445c8]
[    0.155321]     scan-0964 [137068544] [02] bus_get_device        : No context for object [ffff8804082445f0]
[    0.155338]    utils-0052 [137068544] [02] util_eval_error       : Evaluate [\_SB_.PCI0.PB5_.XPDV._STA]: AE_NOT_FOUND
[    0.155409] device: 'device:0e': device_add
[    0.155425] bus: 'acpi': add device device:0e
[    0.155447]    utils-0052 [137068544] [02] util_eval_error       : Evaluate [\_SB_.PCI0.PB5_.XPDV._SUN]: AE_NOT_FOUND
[    0.156015]     scan-1711 [137068544] [02] add_single_object     : Added device:0e [\_SB_.PCI0.PB5_.XPDV] parent device:0d
[    0.156016]     scan-0964 [137068544] [02] bus_get_device        : No context for object [ffff880408244618]
[    0.156026]     scan-0964 [137068544] [02] bus_get_device        : No context for object [ffff880408244640]
[    0.156037]     scan-0964 [137068544] [02] bus_get_device        : No context for object [ffff880408244668]
[    0.156047]     scan-0964 [137068544] [02] bus_get_device        : No context for object [ffff880408244690]
[    0.156058]     scan-0964 [137068544] [02] bus_get_device        : No context for object [ffff8804082446b8]
[    0.156068]     scan-0964 [137068544] [02] bus_get_device        : No context for object [ffff88040827e528]
[    0.156079]     scan-0964 [137068544] [02] bus_get_device        : No context for object [ffff8804082446e0]
[    0.156079]     scan-0964 [137068544] [02] bus_get_device        : No context for object [ffff880408244708]
[    0.156079]    utils-0052 [137068544] [02] util_eval_error       : Evaluate [\_SB_.PCI0.PB6_._STA]: AE_NOT_FOUND
[    0.156161] device: 'device:0f': device_add
[    0.156168] bus: 'acpi': add device device:0f
[    0.156184]    utils-0052 [137068544] [02] util_eval_error       : Evaluate [\_SB_.PCI0.PB6_._SUN]: AE_NOT_FOUND
[    0.156204]     scan-1711 [137068544] [02] add_single_object     : Added device:0f [\_SB_.PCI0.PB6_] parent PNP0A08:00
[    0.156204]     scan-0964 [137068544] [02] bus_get_device        : No context for object [ffff880408244730]
[    0.156204]     scan-0964 [137068544] [02] bus_get_device        : No context for object [ffff880408244758]
[    0.156204]     scan-0964 [137068544] [02] bus_get_device        : No context for object [ffff880408244780]
[    0.156204]     scan-0964 [137068544] [02] bus_get_device        : No context for object [ffff8804082447a8]
[    0.156204]     scan-0964 [137068544] [02] bus_get_device        : No context for object [ffff8804082447d0]
[    0.156204]     scan-0964 [137068544] [02] bus_get_device        : No context for object [ffff8804082447f8]
[    0.156204]     scan-0964 [137068544] [02] bus_get_device        : No context for object [ffff880408244820]
[    0.156204]     scan-0964 [137068544] [02] bus_get_device        : No context for object [ffff880408244848]
[    0.156204]     scan-0964 [137068544] [02] bus_get_device        : No context for object [ffff880408244870]
[    0.156204]     scan-0964 [137068544] [02] bus_get_device        : No context for object [ffff880408244898]
[    0.156204]     scan-0964 [137068544] [02] bus_get_device        : No context for object [ffff8804082448c0]
[    0.156204]     scan-0964 [137068544] [02] bus_get_device        : No context for object [ffff8804082448e8]
[    0.156204]     scan-0964 [137068544] [02] bus_get_device        : No context for object [ffff880408244910]
[    0.156204]     scan-0964 [137068544] [02] bus_get_device        : No context for object [ffff880408244938]
[    0.156204]     scan-0964 [137068544] [02] bus_get_device        : No context for object [ffff880408244960]
[    0.156204]     scan-0964 [137068544] [02] bus_get_device        : No context for object [ffff880408244988]
[    0.156204]     scan-0964 [137068544] [02] bus_get_device        : No context for object [ffff8804082449b0]
[    0.156204]     scan-0964 [137068544] [02] bus_get_device        : No context for object [ffff8804082449d8]
[    0.156206]     scan-0964 [137068544] [02] bus_get_device        : No context for object [ffff880408244a00]
[    0.156215]     scan-0964 [137068544] [02] bus_get_device        : No context for object [ffff880408244a28]
[    0.156225]     scan-0964 [137068544] [02] bus_get_device        : No context for object [ffff880408244a50]
[    0.156234]     scan-0964 [137068544] [02] bus_get_device        : No context for object [ffff880408244a78]
[    0.156243]     scan-0964 [137068544] [02] bus_get_device        : No context for object [ffff880408244aa0]
[    0.156252]     scan-0964 [137068544] [02] bus_get_device        : No context for object [ffff880408244ac8]
[    0.156262]     scan-0964 [137068544] [02] bus_get_device        : No context for object [ffff880408244af0]
[    0.156272]     scan-0964 [137068544] [02] bus_get_device        : No context for object [ffff880408244b18]
[    0.156281]     scan-0964 [137068544] [02] bus_get_device        : No context for object [ffff880408244b40]
[    0.156290]     scan-0964 [137068544] [02] bus_get_device        : No context for object [ffff880408244b68]
[    0.156300]     scan-0964 [137068544] [02] bus_get_device        : No context for object [ffff880408244b90]
[    0.156309]     scan-0964 [137068544] [02] bus_get_device        : No context for object [ffff880408244bb8]
[    0.156319]     scan-0964 [137068544] [02] bus_get_device        : No context for object [ffff880408244be0]
[    0.156335]    utils-0052 [137068544] [02] util_eval_error       : Evaluate [\_SB_.PCI0.PB6_.XPDV._STA]: AE_NOT_FOUND
[    0.156402] device: 'device:10': device_add
[    0.156424] bus: 'acpi': add device device:10
[    0.156444]    utils-0052 [137068544] [02] util_eval_error       : Evaluate [\_SB_.PCI0.PB6_.XPDV._SUN]: AE_NOT_FOUND
[    0.157014]     scan-1711 [137068544] [02] add_single_object     : Added device:10 [\_SB_.PCI0.PB6_.XPDV] parent device:0f
[    0.157015]     scan-0964 [137068544] [02] bus_get_device        : No context for object [ffff880408244c08]
[    0.157026]     scan-0964 [137068544] [02] bus_get_device        : No context for object [ffff880408244c30]
[    0.157036]     scan-0964 [137068544] [02] bus_get_device        : No context for object [ffff880408244c58]
[    0.157046]     scan-0964 [137068544] [02] bus_get_device        : No context for object [ffff880408244c80]
[    0.157056]     scan-0964 [137068544] [02] bus_get_device        : No context for object [ffff880408244ca8]
[    0.157067]     scan-0964 [137068544] [02] bus_get_device        : No context for object [ffff88040827e550]
[    0.157077]     scan-0964 [137068544] [02] bus_get_device        : No context for object [ffff880408244cd0]
[    0.157087]     scan-0964 [137068544] [02] bus_get_device        : No context for object [ffff880408244cf8]
[    0.157099]    utils-0052 [137068544] [02] util_eval_error       : Evaluate [\_SB_.PCI0.PB7_._STA]: AE_NOT_FOUND
[    0.157175] device: 'device:11': device_add
[    0.157182] bus: 'acpi': add device device:11
[    0.157197]    utils-0052 [137068544] [02] util_eval_error       : Evaluate [\_SB_.PCI0.PB7_._SUN]: AE_NOT_FOUND
[    0.157216]     scan-1711 [137068544] [02] add_single_object     : Added device:11 [\_SB_.PCI0.PB7_] parent PNP0A08:00
[    0.157216]     scan-0964 [137068544] [02] bus_get_device        : No context for object [ffff880408244d20]
[    0.157216]     scan-0964 [137068544] [02] bus_get_device        : No context for object [ffff880408244d48]
[    0.157216]     scan-0964 [137068544] [02] bus_get_device        : No context for object [ffff880408244d70]
[    0.157216]     scan-0964 [137068544] [02] bus_get_device        : No context for object [ffff880408244d98]
[    0.157216]     scan-0964 [137068544] [02] bus_get_device        : No context for object [ffff880408244dc0]
[    0.157216]     scan-0964 [137068544] [02] bus_get_device        : No context for object [ffff880408244de8]
[    0.157216]     scan-0964 [137068544] [02] bus_get_device        : No context for object [ffff880408244e10]
[    0.157216]     scan-0964 [137068544] [02] bus_get_device        : No context for object [ffff880408244e38]
[    0.157216]     scan-0964 [137068544] [02] bus_get_device        : No context for object [ffff880408244e60]
[    0.157216]     scan-0964 [137068544] [02] bus_get_device        : No context for object [ffff880408244e88]
[    0.157216]     scan-0964 [137068544] [02] bus_get_device        : No context for object [ffff880408244eb0]
[    0.157216]     scan-0964 [137068544] [02] bus_get_device        : No context for object [ffff880408244ed8]
[    0.157216]     scan-0964 [137068544] [02] bus_get_device        : No context for object [ffff880408244f00]
[    0.157216]     scan-0964 [137068544] [02] bus_get_device        : No context for object [ffff880408244f28]
[    0.157216]     scan-0964 [137068544] [02] bus_get_device        : No context for object [ffff880408244f50]
[    0.157216]     scan-0964 [137068544] [02] bus_get_device        : No context for object [ffff880408244f78]
[    0.157216]     scan-0964 [137068544] [02] bus_get_device        : No context for object [ffff880408244fa0]
[    0.157216]     scan-0964 [137068544] [02] bus_get_device        : No context for object [ffff880408244fc8]
[    0.157216]     scan-0964 [137068544] [02] bus_get_device        : No context for object [ffff880408246000]
[    0.157216]     scan-0964 [137068544] [02] bus_get_device        : No context for object [ffff880408246028]
[    0.157221]     scan-0964 [137068544] [02] bus_get_device        : No context for object [ffff880408246050]
[    0.157231]     scan-0964 [137068544] [02] bus_get_device        : No context for object [ffff880408246078]
[    0.157241]     scan-0964 [137068544] [02] bus_get_device        : No context for object [ffff8804082460a0]
[    0.157250]     scan-0964 [137068544] [02] bus_get_device        : No context for object [ffff8804082460c8]
[    0.157260]     scan-0964 [137068544] [02] bus_get_device        : No context for object [ffff8804082460f0]
[    0.157270]     scan-0964 [137068544] [02] bus_get_device        : No context for object [ffff880408246118]
[    0.157280]     scan-0964 [137068544] [02] bus_get_device        : No context for object [ffff880408246140]
[    0.157290]     scan-0964 [137068544] [02] bus_get_device        : No context for object [ffff880408246168]
[    0.157300]     scan-0964 [137068544] [02] bus_get_device        : No context for object [ffff880408246190]
[    0.157310]     scan-0964 [137068544] [02] bus_get_device        : No context for object [ffff8804082461b8]
[    0.157319]     scan-0964 [137068544] [02] bus_get_device        : No context for object [ffff8804082461e0]
[    0.157331]    utils-0052 [137068544] [02] util_eval_error       : Evaluate [\_SB_.PCI0.PB7_.XPDV._STA]: AE_NOT_FOUND
[    0.157387] device: 'device:12': device_add
[    0.157394] bus: 'acpi': add device device:12
[    0.157409]    utils-0052 [137068544] [02] util_eval_error       : Evaluate [\_SB_.PCI0.PB7_.XPDV._SUN]: AE_NOT_FOUND
[    0.157428]     scan-1711 [137068544] [02] add_single_object     : Added device:12 [\_SB_.PCI0.PB7_.XPDV] parent device:11
[    0.157428]     scan-0964 [137068544] [02] bus_get_device        : No context for object [ffff880408246208]
[    0.157428]     scan-0964 [137068544] [02] bus_get_device        : No context for object [ffff880408246230]
[    0.157428]     scan-0964 [137068544] [02] bus_get_device        : No context for object [ffff880408246258]
[    0.157428]     scan-0964 [137068544] [02] bus_get_device        : No context for object [ffff880408246280]
[    0.157428]     scan-0964 [137068544] [02] bus_get_device        : No context for object [ffff8804082462a8]
[    0.157428]     scan-0964 [137068544] [02] bus_get_device        : No context for object [ffff88040827e488]
[    0.157428]     scan-0964 [137068544] [02] bus_get_device        : No context for object [ffff8804082462d0]
[    0.157428]     scan-0964 [137068544] [02] bus_get_device        : No context for object [ffff8804082462f8]
[    0.157428]    utils-0052 [137068544] [02] util_eval_error       : Evaluate [\_SB_.PCI0.OHC1._STA]: AE_NOT_FOUND
[    0.157428] device: 'device:13': device_add
[    0.157428] bus: 'acpi': add device device:13
[    0.157428]    utils-0052 [137068544] [02] util_eval_error       : Evaluate [\_SB_.PCI0.OHC1._SUN]: AE_NOT_FOUND
[    0.158014]     scan-1711 [137068544] [02] add_single_object     : Added device:13 [\_SB_.PCI0.OHC1] parent PNP0A08:00
[    0.158014]     scan-0964 [137068544] [02] bus_get_device        : No context for object [ffff880408246320]
[    0.158024]     scan-0964 [137068544] [02] bus_get_device        : No context for object [ffff880408246348]
[    0.158034]     scan-0964 [137068544] [02] bus_get_device        : No context for object [ffff8804082822f8]
[    0.158045]    utils-0052 [137068544] [02] util_eval_error       : Evaluate [\_SB_.PCI0.OHC1.RHUB._STA]: AE_NOT_FOUND
[    0.158101] device: 'device:14': device_add
[    0.158107] bus: 'acpi': add device device:14
[    0.158122]    utils-0052 [137068544] [02] util_eval_error       : Evaluate [\_SB_.PCI0.OHC1.RHUB._SUN]: AE_NOT_FOUND
[    0.158142]     scan-1711 [137068544] [02] add_single_object     : Added device:14 [\_SB_.PCI0.OHC1.RHUB] parent device:13
[    0.158142]     scan-0964 [137068544] [02] bus_get_device        : No context for object [ffff880408282320]
[    0.158142]     scan-0964 [137068544] [02] bus_get_device        : No context for object [ffff880408282348]
[    0.158142]    utils-0052 [137068544] [02] util_eval_error       : Evaluate [\_SB_.PCI0.OHC1.RHUB.PRT3._STA]: AE_NOT_FOUND
[    0.158142] device: 'device:15': device_add
[    0.158142] bus: 'acpi': add device device:15
[    0.158142]    utils-0052 [137068544] [02] util_eval_error       : Evaluate [\_SB_.PCI0.OHC1.RHUB.PRT3._SUN]: AE_NOT_FOUND
[    0.158144]     scan-1711 [137068544] [02] add_single_object     : Added device:15 [\_SB_.PCI0.OHC1.RHUB.PRT3] parent device:14
[    0.158144]     scan-0964 [137068544] [02] bus_get_device        : No context for object [ffff880408282370]
[    0.158144]     scan-0964 [137068544] [02] bus_get_device        : No context for object [ffff880408282398]
[    0.158144]     scan-0964 [137068544] [02] bus_get_device        : No context for object [ffff8804082823c0]
[    0.158144]     scan-0964 [137068544] [02] bus_get_device        : No context for object [ffff8804082823e8]
[    0.158144]    utils-0052 [137068544] [02] util_eval_error       : Evaluate [\_SB_.PCI0.OHC1.RHUB.PRT4._STA]: AE_NOT_FOUND
[    0.158144] device: 'device:16': device_add
[    0.158144] bus: 'acpi': add device device:16
[    0.158144]    utils-0052 [137068544] [02] util_eval_error       : Evaluate [\_SB_.PCI0.OHC1.RHUB.PRT4._SUN]: AE_NOT_FOUND
[    0.158164]     scan-1711 [137068544] [02] add_single_object     : Added device:16 [\_SB_.PCI0.OHC1.RHUB.PRT4] parent device:14
[    0.158164]     scan-0964 [137068544] [02] bus_get_device        : No context for object [ffff880408282410]
[    0.158164]     scan-0964 [137068544] [02] bus_get_device        : No context for object [ffff880408282438]
[    0.158164]     scan-0964 [137068544] [02] bus_get_device        : No context for object [ffff880408282460]
[    0.158164]     scan-0964 [137068544] [02] bus_get_device        : No context for object [ffff880408246370]
[    0.158164]    utils-0052 [137068544] [02] util_eval_error       : Evaluate [\_SB_.PCI0.EHC1._STA]: AE_NOT_FOUND
[    0.158171] device: 'device:17': device_add
[    0.158178] bus: 'acpi': add device device:17
[    0.158192]    utils-0052 [137068544] [02] util_eval_error       : Evaluate [\_SB_.PCI0.EHC1._SUN]: AE_NOT_FOUND
[    0.158212]     scan-1711 [137068544] [02] add_single_object     : Added device:17 [\_SB_.PCI0.EHC1] parent PNP0A08:00
[    0.158212]     scan-0964 [137068544] [02] bus_get_device        : No context for object [ffff880408246398]
[    0.158212]     scan-0964 [137068544] [02] bus_get_device        : No context for object [ffff8804082463c0]
[    0.158212]     scan-0964 [137068544] [02] bus_get_device        : No context for object [ffff880408282028]
[    0.158212]    utils-0052 [137068544] [02] util_eval_error       : Evaluate [\_SB_.PCI0.EHC1.RHUB._STA]: AE_NOT_FOUND
[    0.158212] device: 'device:18': device_add
[    0.158212] bus: 'acpi': add device device:18
[    0.158212]    utils-0052 [137068544] [02] util_eval_error       : Evaluate [\_SB_.PCI0.EHC1.RHUB._SUN]: AE_NOT_FOUND
[    0.159050]     scan-1711 [137068544] [02] add_single_object     : Added device:18 [\_SB_.PCI0.EHC1.RHUB] parent device:17
[    0.159050]     scan-0964 [137068544] [02] bus_get_device        : No context for object [ffff880408282050]
[    0.159050]     scan-0964 [137068544] [02] bus_get_device        : No context for object [ffff880408282078]
[    0.159050]    utils-0052 [137068544] [02] util_eval_error       : Evaluate [\_SB_.PCI0.EHC1.RHUB.PRT3._STA]: AE_NOT_FOUND
[    0.159050] device: 'device:19': device_add
[    0.159050] bus: 'acpi': add device device:19
[    0.159050]    utils-0052 [137068544] [02] util_eval_error       : Evaluate [\_SB_.PCI0.EHC1.RHUB.PRT3._SUN]: AE_NOT_FOUND
[    0.159080]     scan-1711 [137068544] [02] add_single_object     : Added device:19 [\_SB_.PCI0.EHC1.RHUB.PRT3] parent device:18
[    0.159080]     scan-0964 [137068544] [02] bus_get_device        : No context for object [ffff8804082820a0]
[    0.159080]     scan-0964 [137068544] [02] bus_get_device        : No context for object [ffff8804082820c8]
[    0.159080]     scan-0964 [137068544] [02] bus_get_device        : No context for object [ffff8804082820f0]
[    0.159080]     scan-0964 [137068544] [02] bus_get_device        : No context for object [ffff880408282118]
[    0.159080]    utils-0052 [137068544] [02] util_eval_error       : Evaluate [\_SB_.PCI0.EHC1.RHUB.PRT4._STA]: AE_NOT_FOUND
[    0.159113] device: 'device:1a': device_add
[    0.159119] bus: 'acpi': add device device:1a
[    0.159134]    utils-0052 [137068544] [02] util_eval_error       : Evaluate [\_SB_.PCI0.EHC1.RHUB.PRT4._SUN]: AE_NOT_FOUND
[    0.159154]     scan-1711 [137068544] [02] add_single_object     : Added device:1a [\_SB_.PCI0.EHC1.RHUB.PRT4] parent device:18
[    0.159154]     scan-0964 [137068544] [02] bus_get_device        : No context for object [ffff880408282140]
[    0.159154]     scan-0964 [137068544] [02] bus_get_device        : No context for object [ffff880408282168]
[    0.159154]     scan-0964 [137068544] [02] bus_get_device        : No context for object [ffff880408282190]
[    0.159154]     scan-0964 [137068544] [02] bus_get_device        : No context for object [ffff8804082463e8]
[    0.159154]    utils-0052 [137068544] [02] util_eval_error       : Evaluate [\_SB_.PCI0.OHC2._STA]: AE_NOT_FOUND
[    0.159170] device: 'device:1b': device_add
[    0.159176] bus: 'acpi': add device device:1b
[    0.159191]    utils-0052 [137068544] [02] util_eval_error       : Evaluate [\_SB_.PCI0.OHC2._SUN]: AE_NOT_FOUND
[    0.159210]     scan-1711 [137068544] [02] add_single_object     : Added device:1b [\_SB_.PCI0.OHC2] parent PNP0A08:00
[    0.159210]     scan-0964 [137068544] [02] bus_get_device        : No context for object [ffff880408246410]
[    0.159210]     scan-0964 [137068544] [02] bus_get_device        : No context for object [ffff880408246438]
[    0.159210]     scan-0964 [137068544] [02] bus_get_device        : No context for object [ffff880408282488]
[    0.159210]    utils-0052 [137068544] [02] util_eval_error       : Evaluate [\_SB_.PCI0.OHC2.RHUB._STA]: AE_NOT_FOUND
[    0.159210] device: 'device:1c': device_add
[    0.159210] bus: 'acpi': add device device:1c
[    0.159210]    utils-0052 [137068544] [02] util_eval_error       : Evaluate [\_SB_.PCI0.OHC2.RHUB._SUN]: AE_NOT_FOUND
[    0.160017]     scan-1711 [137068544] [02] add_single_object     : Added device:1c [\_SB_.PCI0.OHC2.RHUB] parent device:1b
[    0.160017]     scan-0964 [137068544] [02] bus_get_device        : No context for object [ffff8804082824b0]
[    0.160025]     scan-0964 [137068544] [02] bus_get_device        : No context for object [ffff8804082824d8]
[    0.160036]    utils-0052 [137068544] [02] util_eval_error       : Evaluate [\_SB_.PCI0.OHC2.RHUB.PRT4._STA]: AE_NOT_FOUND
[    0.160092] device: 'device:1d': device_add
[    0.160099] bus: 'acpi': add device device:1d
[    0.160113]    utils-0052 [137068544] [02] util_eval_error       : Evaluate [\_SB_.PCI0.OHC2.RHUB.PRT4._SUN]: AE_NOT_FOUND
[    0.160133]     scan-1711 [137068544] [02] add_single_object     : Added device:1d [\_SB_.PCI0.OHC2.RHUB.PRT4] parent device:1c
[    0.160133]     scan-0964 [137068544] [02] bus_get_device        : No context for object [ffff880408282500]
[    0.160133]     scan-0964 [137068544] [02] bus_get_device        : No context for object [ffff880408282528]
[    0.160133]     scan-0964 [137068544] [02] bus_get_device        : No context for object [ffff880408282550]
[    0.160133]     scan-0964 [137068544] [02] bus_get_device        : No context for object [ffff880408246460]
[    0.160133]    utils-0052 [137068544] [02] util_eval_error       : Evaluate [\_SB_.PCI0.EHC2._STA]: AE_NOT_FOUND
[    0.160133] device: 'device:1e': device_add
[    0.160135] bus: 'acpi': add device device:1e
[    0.160154]    utils-0052 [137068544] [02] util_eval_error       : Evaluate [\_SB_.PCI0.EHC2._SUN]: AE_NOT_FOUND
[    0.160182]     scan-1711 [137068544] [02] add_single_object     : Added device:1e [\_SB_.PCI0.EHC2] parent PNP0A08:00
[    0.160182]     scan-0964 [137068544] [02] bus_get_device        : No context for object [ffff880408246488]
[    0.160182]     scan-0964 [137068544] [02] bus_get_device        : No context for object [ffff8804082464b0]
[    0.160182]     scan-0964 [137068544] [02] bus_get_device        : No context for object [ffff8804082821b8]
[    0.160182]    utils-0052 [137068544] [02] util_eval_error       : Evaluate [\_SB_.PCI0.EHC2.RHUB._STA]: AE_NOT_FOUND
[    0.160182] device: 'device:1f': device_add
[    0.160182] bus: 'acpi': add device device:1f
[    0.160182]    utils-0052 [137068544] [02] util_eval_error       : Evaluate [\_SB_.PCI0.EHC2.RHUB._SUN]: AE_NOT_FOUND
[    0.160182]     scan-1711 [137068544] [02] add_single_object     : Added device:1f [\_SB_.PCI0.EHC2.RHUB] parent device:1e
[    0.160182]     scan-0964 [137068544] [02] bus_get_device        : No context for object [ffff8804082821e0]
[    0.160182]     scan-0964 [137068544] [02] bus_get_device        : No context for object [ffff880408282208]
[    0.160182]    utils-0052 [137068544] [02] util_eval_error       : Evaluate [\_SB_.PCI0.EHC2.RHUB.PRT2._STA]: AE_NOT_FOUND
[    0.160182] device: 'device:20': device_add
[    0.160182] bus: 'acpi': add device device:20
[    0.160182]    utils-0052 [137068544] [02] util_eval_error       : Evaluate [\_SB_.PCI0.EHC2.RHUB.PRT2._SUN]: AE_NOT_FOUND
[    0.160182]     scan-1711 [137068544] [02] add_single_object     : Added device:20 [\_SB_.PCI0.EHC2.RHUB.PRT2] parent device:1f
[    0.160182]     scan-0964 [137068544] [02] bus_get_device        : No context for object [ffff880408282230]
[    0.160182]     scan-0964 [137068544] [02] bus_get_device        : No context for object [ffff880408282258]
[    0.160182]     scan-0964 [137068544] [02] bus_get_device        : No context for object [ffff880408282280]
[    0.160182]     scan-0964 [137068544] [02] bus_get_device        : No context for object [ffff8804082464d8]
[    0.160182]    utils-0052 [137068544] [02] util_eval_error       : Evaluate [\_SB_.PCI0.OHC3._STA]: AE_NOT_FOUND
[    0.160182] device: 'device:21': device_add
[    0.160182] bus: 'acpi': add device device:21
[    0.160194]    utils-0052 [137068544] [02] util_eval_error       : Evaluate [\_SB_.PCI0.OHC3._SUN]: AE_NOT_FOUND
[    0.161015]     scan-1711 [137068544] [02] add_single_object     : Added device:21 [\_SB_.PCI0.OHC3] parent PNP0A08:00
[    0.161015]     scan-0964 [137068544] [02] bus_get_device        : No context for object [ffff880408246500]
