[    0.000000] Initializing cgroup subsys cpuset
[    0.000000] Initializing cgroup subsys cpu
[    0.000000] Initializing cgroup subsys cpuacct
[    0.000000] Linux version 3.17.0-rc5-g9e82bf0 (emacs@manji) (gcc version 4.9.1 (GCC) ) #95 SMP Mon Sep 15 22:22:30 CEST 2014
[    0.000000] Command line: BOOT_IMAGE=/vmlinuz-linux-git root=UUID=bfa4ab6e-19a3-4601-ba2b-267c55841c73 rw cryptdevice=/dev/disk/by-uuid/70c08890-417a-497d-b6ab-c0d0357a63e2:cryptManjaro:allow-discards ipv6.disable=1 pnp.debug=1 loglevel=9 log_buf_len=10M printk.always_kmsg_dump=y printk.time=y mminit_loglevel=0 memory_corruption_check=1 acpi.debug_layer=0xfbff0000 acpi.debug_level=0xFFFFFFFD nohz=on rcu_nocbs=1-3 pcie_aspm=force fbcon=scrollback:4096k fbcon=font:ProFont6x11 radeon.audio=0 radeon.lockup_timeout=0 radeon.test=0 radeon.agpmode=-1 radeon.benchmark=0 radeon.tv=0 radeon.hard_reset=1 radeon.aspm=1 radeon.dpm=1 radeon.msi=1 radeon.pcie_gen2=-1 radeon.no_wb=1 radeon.modeset=1 radeon.dynclks=1 radeon.r4xx_atom=0 radeon.runpm=0 radeonfb radeon.fastfb=1 nomodeset apic=debug earlyprintk=dbgp
[    0.000000] KERNEL supported cpus:
[    0.000000]   AMD AuthenticAMD
[    0.000000] tseg: 00bfe00000
[    0.000000] e820: BIOS-provided physical RAM map:
[    0.000000] BIOS-e820: [mem 0x0000000000000000-0x000000000009d7ff] usable
[    0.000000] BIOS-e820: [mem 0x000000000009d800-0x000000000009ffff] reserved
[    0.000000] BIOS-e820: [mem 0x00000000000e0000-0x00000000000fffff] reserved
[    0.000000] BIOS-e820: [mem 0x0000000000100000-0x00000000bed9afff] usable
[    0.000000] BIOS-e820: [mem 0x00000000bed9b000-0x00000000bf39afff] reserved
[    0.000000] BIOS-e820: [mem 0x00000000bf39b000-0x00000000bf49afff] ACPI NVS
[    0.000000] BIOS-e820: [mem 0x00000000bf49b000-0x00000000bf51afff] ACPI data
[    0.000000] BIOS-e820: [mem 0x00000000bf51b000-0x00000000bfdfffff] usable
[    0.000000] BIOS-e820: [mem 0x00000000bfe00000-0x00000000bfffffff] reserved
[    0.000000] BIOS-e820: [mem 0x00000000fec00000-0x00000000fecfffff] reserved
[    0.000000] BIOS-e820: [mem 0x00000000fed80000-0x00000000fed80fff] reserved
[    0.000000] BIOS-e820: [mem 0x00000000ffe00000-0x00000000ffffffff] reserved
[    0.000000] BIOS-e820: [mem 0x0000000100000000-0x000000041effffff] usable
[    0.000000] early_pci_allowed
[    0.000000] dbgp_num: 0
[    0.000000] Found EHCI debug port on 00:12.2
[    0.000000] bar: 10 offset: 0e0
[    0.000000] bar_val: f014a900 offset: 0e0
[    0.000000] ehci_bar: ffffffffff5ff900
[    0.000000] dbgp: ehci BIOS state 00010001
[    0.000000] dbgp: BIOS handoff
[    0.000000] disabled EHCI SMI via usb
[    0.000000] debug_port: 1
[    0.000000] n_ports:    5
[    0.000000] dbgp: 
[    0.000000]   Debug control: 00000000  ehci cmd     : 00080b00  ehci conf flg: 00000000
[    0.000000]   ehci status  : 00001000  ehci portsc  : 00003000
[    0.000000] portstatus1: 00003000
[    0.000000] portstatus2: 00003000
[    0.000000] portstatus3: 00003000
[    0.000000] portstatus4: 00003000
[    0.000000] portstatus5: 00003000
[    0.000000] dbgp: ehci reset done
[    0.000000]   Debug control: 00000000  ehci cmd     : 00080b00  ehci conf flg: 00000000
[    0.000000]   ehci status  : 00001000  ehci portsc  : 00003000
[    0.000000] dbgp: EHCI startup
[    0.000000]   Debug control: 40000000  ehci cmd     : 00080b00  ehci conf flg: 00000000
[    0.000000]   ehci status  : 00001000  ehci portsc  : 00003000
[    0.000000] ehci started
[    0.000000] dbgp: reset port
[    0.000000]   Debug control: 40000000  ehci cmd     : 00080b01  ehci conf flg: 00000001
[    0.000000]   ehci status  : 00000000  ehci portsc  : 00001000
[    0.000000] dbgp: Trying to force debug port online
[    0.000000]   Debug control: 40000000  ehci cmd     : 00080b00  ehci conf flg: 00000001
[    0.000000]   ehci status  : 00000000  ehci portsc  : 00041080
[    0.000000] dbgp: ehci reset done
[    0.000000]   Debug control: 00000000  ehci cmd     : 00080b00  ehci conf flg: 00000000
[    0.000000]   ehci status  : 00001000  ehci portsc  : 00003000
[    0.000000] dbgp: EHCI startup
[    0.000000]   Debug control: 40000000  ehci cmd     : 00080b00  ehci conf flg: 00000000
[    0.000000]   ehci status  : 00001000  ehci portsc  : 00003000
[    0.000000] ehci started
[    0.000000] dbgp: reset port
[    0.000000]   Debug control: 40000000  ehci cmd     : 00080b01  ehci conf flg: 00000001
[    0.000000]   ehci status  : 00000000  ehci portsc  : 00001000
[    0.000000] dbgp: EHCI startup
[    0.000000]   Debug control: 40000000  ehci cmd     : 00080b01  ehci conf flg: 00000001
[    0.000000]   ehci status  : 00000000  ehci portsc  : 00001000
[    0.000000] ehci started
[    0.000000] dbgp: reset port
[    0.000000]   Debug control: 40000000  ehci cmd     : 00080b01  ehci conf flg: 00000001
[    0.000000]   ehci status  : 00000000  ehci portsc  : 00001000
[    0.000000] No device found in debug port
[    0.000000] debug_port: 1
[    0.000000] n_ports:    5
[    0.000000] dbgp: 
[    0.000000]   Debug control: 40000000  ehci cmd     : 00080b01  ehci conf flg: 00000001
[    0.000000]   ehci status  : 00000000  ehci portsc  : 00001000
[    0.000000] portstatus1: 00001000
[    0.000000] portstatus2: 00001000
[    0.000000] portstatus3: 00001000
[    0.000000] portstatus4: 00001000
[    0.000000] portstatus5: 00001000
[    0.000000] debug_port: 1
[    0.000000] n_ports:    5
[    0.000000] dbgp: 
[    0.000000]   Debug control: 40000000  ehci cmd     : 00080b01  ehci conf flg: 00000001
[    0.000000]   ehci status  : 00000000  ehci portsc  : 00001000
[    0.000000] portstatus1: 00001000
[    0.000000] portstatus2: 00001000
[    0.000000] portstatus3: 00001000
[    0.000000] portstatus4: 00001000
[    0.000000] portstatus5: 00001000
[    0.000000] dbgp: ehci skip - already configured
[    0.000000]   Debug control: 40000000  ehci cmd     : 00080b01  ehci conf flg: 00000001
[    0.000000]   ehci status  : 00000000  ehci portsc  : 00001000
[    0.000000] dbgp: EHCI startup
[    0.000000]   Debug control: 40000000  ehci cmd     : 00080b01  ehci conf flg: 00000001
[    0.000000]   ehci status  : 00000000  ehci portsc  : 00001000
[    0.000000] ehci started
[    0.000000] dbgp: reset port
[    0.000000]   Debug control: 40000000  ehci cmd     : 00080b01  ehci conf flg: 00000001
[    0.000000]   ehci status  : 00000000  ehci portsc  : 00001000
[    0.000000] dbgp: Trying to force debug port online
[    0.000000]   Debug control: 40000000  ehci cmd     : 00080b00  ehci conf flg: 00000001
[    0.000000]   ehci status  : 00000000  ehci portsc  : 00041480
[    0.000000] dbgp: ehci reset done
[    0.000000]   Debug control: 00000000  ehci cmd     : 00080b00  ehci conf flg: 00000000
[    0.000000]   ehci status  : 00001000  ehci portsc  : 00003000
[    0.000000] dbgp: EHCI startup
[    0.000000]   Debug control: 40000000  ehci cmd     : 00080b00  ehci conf flg: 00000000
[    0.000000]   ehci status  : 00001000  ehci portsc  : 00003000
[    0.000000] ehci started
[    0.000000] dbgp: reset port
[    0.000000]   Debug control: 40000000  ehci cmd     : 00080b01  ehci conf flg: 00000001
[    0.000000]   ehci status  : 00000000  ehci portsc  : 00001000
[    0.000000] dbgp: EHCI startup
[    0.000000]   Debug control: 40000000  ehci cmd     : 00080b01  ehci conf flg: 00000001
[    0.000000]   ehci status  : 00000000  ehci portsc  : 00001000
[    0.000000] ehci started
[    0.000000] dbgp: reset port
[    0.000000]   Debug control: 40000000  ehci cmd     : 00080b01  ehci conf flg: 00000001
[    0.000000]   ehci status  : 00000000  ehci portsc  : 00001000
[    0.000000] No device found in debug port
[    0.000000] debug_port: 1
[    0.000000] n_ports:    5
[    0.000000] dbgp: 
[    0.000000]   Debug control: 40000000  ehci cmd     : 00080b01  ehci conf flg: 00000001
[    0.000000]   ehci status  : 00000000  ehci portsc  : 00001000
[    0.000000] portstatus1: 00001000
[    0.000000] portstatus2: 00001000
[    0.000000] portstatus3: 00001000
[    0.000000] portstatus4: 00001000
[    0.000000] portstatus5: 00001000
[    0.000000] debug_port: 1
[    0.000000] n_ports:    5
[    0.000000] dbgp: 
[    0.000000]   Debug control: 40000000  ehci cmd     : 00080b01  ehci conf flg: 00000001
[    0.000000]   ehci status  : 00000000  ehci portsc  : 00001000
[    0.000000] portstatus1: 00001000
[    0.000000] portstatus2: 00001000
[    0.000000] portstatus3: 00001000
[    0.000000] portstatus4: 00001000
[    0.000000] portstatus5: 00001000
[    0.000000] dbgp: ehci skip - already configured
[    0.000000]   Debug control: 40000000  ehci cmd     : 00080b01  ehci conf flg: 00000001
[    0.000000]   ehci status  : 00000000  ehci portsc  : 00001000
[    0.000000] dbgp: EHCI startup
[    0.000000]   Debug control: 40000000  ehci cmd     : 00080b01  ehci conf flg: 00000001
[    0.000000]   ehci status  : 00000000  ehci portsc  : 00001000
[    0.000000] ehci started
[    0.000000] dbgp: reset port
[    0.000000]   Debug control: 40000000  ehci cmd     : 00080b01  ehci conf flg: 00000001
[    0.000000]   ehci status  : 00000000  ehci portsc  : 00001000
[    0.000000] dbgp: Trying to force debug port online
[    0.000000]   Debug control: 40000000  ehci cmd     : 00080b00  ehci conf flg: 00000001
[    0.000000]   ehci status  : 00000000  ehci portsc  : 00041480
[    0.000000] dbgp: ehci reset done
[    0.000000]   Debug control: 00000000  ehci cmd     : 00080b00  ehci conf flg: 00000000
[    0.000000]   ehci status  : 00001000  ehci portsc  : 00003000
[    0.000000] dbgp: EHCI startup
[    0.000000]   Debug control: 40000000  ehci cmd     : 00080b00  ehci conf flg: 00000000
[    0.000000]   ehci status  : 00001000  ehci portsc  : 00003000
[    0.000000] ehci started
[    0.000000] dbgp: reset port
[    0.000000]   Debug control: 40000000  ehci cmd     : 00080b01  ehci conf flg: 00000001
[    0.000000]   ehci status  : 00000000  ehci portsc  : 00001000
[    0.000000] dbgp: EHCI startup
[    0.000000]   Debug control: 40000000  ehci cmd     : 00080b01  ehci conf flg: 00000001
[    0.000000]   ehci status  : 00000000  ehci portsc  : 00001000
[    0.000000] ehci started
[    0.000000] dbgp: reset port
[    0.000000]   Debug control: 40000000  ehci cmd     : 00080b01  ehci conf flg: 00000001
[    0.000000]   ehci status  : 00000000  ehci portsc  : 00001000
[    0.000000] No device found in debug port
[    0.000000] debug_port: 1
[    0.000000] n_ports:    5
[    0.000000] dbgp: 
[    0.000000]   Debug control: 40000000  ehci cmd     : 00080b01  ehci conf flg: 00000001
[    0.000000]   ehci status  : 00000000  ehci portsc  : 00001000
[    0.000000] portstatus1: 00001000
[    0.000000] portstatus2: 00001000
[    0.000000] portstatus3: 00001000
[    0.000000] portstatus4: 00001000
[    0.000000] portstatus5: 00001000
[    0.000000] ehci_setup failed
[    0.000000] NX (Execute Disable) protection: active
[    0.000000] SMBIOS 2.6 present.
[    0.000000] DMI: LENOVO Sabine/Torpedo, BIOS 54CN18WW 07/20/2011
[    0.000000] e820: update [mem 0x00000000-0x00000fff] usable ==> reserved
[    0.000000] e820: remove [mem 0x000a0000-0x000fffff] usable
[    0.000000] e820: last_pfn = 0x41f000 max_arch_pfn = 0x400000000
[    0.000000] MTRR default type: uncachable
[    0.000000] MTRR fixed ranges enabled:
[    0.000000]   00000-9FFFF write-back
[    0.000000]   A0000-BFFFF uncachable
[    0.000000]   C0000-FFFFF write-protect
[    0.000000] MTRR variable ranges enabled:
[    0.000000]   0 base 0000000000 mask FF80000000 write-back
[    0.000000]   1 base 0080000000 mask FFC0000000 write-back
[    0.000000]   2 base 00FFF90000 mask FFFFFF0000 uncachable
[    0.000000]   3 base 00FED80000 mask 0FFFFFF000 uncachable
[    0.000000]   4 disabled
[    0.000000]   5 disabled
[    0.000000]   6 disabled
[    0.000000]   7 base 00FFE00000 mask FFFFE00000 write-protect
[    0.000000] TOM2: 000000041f000000 aka 16880M
[    0.000000] mtrr: your BIOS has configured an incorrect mask, fixing it.
[    0.000000] e820: last_pfn = 0xbfe00 max_arch_pfn = 0x400000000
[    0.000000] Scan for SMP in [mem 0x00000000-0x000003ff]
[    0.000000] Scan for SMP in [mem 0x0009fc00-0x0009ffff]
[    0.000000] Scan for SMP in [mem 0x000f0000-0x000fffff]
[    0.000000] found SMP MP-table at [mem 0x000fa8b0-0x000fa8bf] mapped at [ffff8800000fa8b0]
[    0.000000]   mpc: fa8c0-faa24
[    0.000000] Base memory trampoline at [ffff880000097000] 97000 size 24576
[    0.000000] Using GB pages for direct mapping
[    0.000000] init_memory_mapping: [mem 0x00000000-0x000fffff]
[    0.000000]  [mem 0x00000000-0x000fffff] page 4k
[    0.000000] BRK [0x01e1e000, 0x01e1efff] PGTABLE
[    0.000000] BRK [0x01e1f000, 0x01e1ffff] PGTABLE
[    0.000000] BRK [0x01e20000, 0x01e20fff] PGTABLE
[    0.000000] init_memory_mapping: [mem 0x41ee00000-0x41effffff]
[    0.000000]  [mem 0x41ee00000-0x41effffff] page 2M
[    0.000000] BRK [0x01e21000, 0x01e21fff] PGTABLE
[    0.000000] init_memory_mapping: [mem 0x41c000000-0x41edfffff]
[    0.000000]  [mem 0x41c000000-0x41edfffff] page 2M
[    0.000000] init_memory_mapping: [mem 0x400000000-0x41bffffff]
[    0.000000]  [mem 0x400000000-0x41bffffff] page 2M
[    0.000000] init_memory_mapping: [mem 0x00100000-0xbed9afff]
[    0.000000]  [mem 0x00100000-0x001fffff] page 4k
[    0.000000]  [mem 0x00200000-0x3fffffff] page 2M
[    0.000000]  [mem 0x40000000-0x7fffffff] page 1G
[    0.000000]  [mem 0x80000000-0xbebfffff] page 2M
[    0.000000]  [mem 0xbec00000-0xbed9afff] page 4k
[    0.000000] init_memory_mapping: [mem 0xbf51b000-0xbfdfffff]
[    0.000000]  [mem 0xbf51b000-0xbf5fffff] page 4k
[    0.000000]  [mem 0xbf600000-0xbfdfffff] page 2M
[    0.000000] BRK [0x01e22000, 0x01e22fff] PGTABLE
[    0.000000] init_memory_mapping: [mem 0x100000000-0x3ffffffff]
[    0.000000]  [mem 0x100000000-0x3ffffffff] page 1G
[    0.000000] log_buf_len: 16777216 bytes
[    0.000000] early log buf free: 2082960(99%)
[    0.000000] RAMDISK: [mem 0x3781c000-0x37c05fff]
[    0.000000] ACPI: Early table checksum verification disabled
[    0.000000] ACPI: RSDP 0x00000000000F0110 000024 (v02 LENOVO)
[    0.000000] ACPI: XSDT 0x00000000BF51A120 000074 (v01 LENOVO CB-01    00000001 LENO 00000001)
[    0.000000] ACPI: FACP 0x00000000BF508000 0000F4 (v04 LENOVO CB-01    00000001 PTL  00000001)
[    0.000000] ACPI: DSDT 0x00000000BF50A000 00FD10 (v01 LENOVO CB-01    00001000 LENO 00000001)
[    0.000000] ACPI: FACS 0x00000000BF478000 000040
[    0.000000] ACPI: HPET 0x00000000BF507000 000038 (v01 LENOVO CB-01    00000001 PTL  00000001)
[    0.000000] ACPI: APIC 0x00000000BF506000 00007A (v02 LENOVO CB-01    00000001 PTL  00000001)
[    0.000000] ACPI: MCFG 0x00000000BF505000 00003C (v01 LENOVO CB-01    00000001 PTL  00000001)
[    0.000000] ACPI: SLIC 0x00000000BF504000 000176 (v01 LENOVO CB-01    00000001 LENO 00000001)
[    0.000000] ACPI: UEFI 0x00000000BF503000 00003E (v01 LENOVO CB-01    00000001 PTL  00000001)
[    0.000000] ACPI: UEFI 0x00000000BF502000 000042 (v01 PTL    COMBUF   00000001 PTL  00000001)
[    0.000000] ACPI: SSDT 0x00000000BF501000 000E34 (v01 AMD    POWERNOW 00000001 AMD  00000001)
[    0.000000] ACPI: SSDT 0x00000000BF4FF000 00193D (v02 AMD    ALIB     00000001 MSFT 04000000)
[    0.000000] ACPI: UEFI 0x00000000BF4FE000 00021A (v01 LENOVO CB-01    00000001 PTL  00000001)
[    0.000000] ACPI: Local APIC address 0xfee00000
[    0.000000] mapped APIC to ffffffffff5fd000 (        fee00000)
[    0.000000] No NUMA configuration found
[    0.000000] Faking a node at [mem 0x0000000000000000-0x000000041effffff]
[    0.000000] Initmem setup node 0 [mem 0x00000000-0x41effffff]
[    0.000000]   NODE_DATA [mem 0x41dffa000-0x41dffdfff]
[    0.000000]  [ffffea0000000000-ffffea00107fffff] PMD -> [ffff88040de00000-ffff88041d5fffff] on node 0
[    0.000000] Zone ranges:
[    0.000000]   DMA      [mem 0x00001000-0x00ffffff]
[    0.000000]   DMA32    [mem 0x01000000-0xffffffff]
[    0.000000]   Normal   [mem 0x100000000-0x41effffff]
[    0.000000] Movable zone start for each node
[    0.000000] Early memory node ranges
[    0.000000]   node   0: [mem 0x00001000-0x0009cfff]
[    0.000000]   node   0: [mem 0x00100000-0xbed9afff]
[    0.000000]   node   0: [mem 0xbf51b000-0xbfdfffff]
[    0.000000]   node   0: [mem 0x100000000-0x41effffff]
[    0.000000] On node 0 totalpages: 4056604
[    0.000000]   DMA zone: 64 pages used for memmap
[    0.000000]   DMA zone: 21 pages reserved
[    0.000000]   DMA zone: 3996 pages, LIFO batch:0
[    0.000000]   DMA32 zone: 12186 pages used for memmap
[    0.000000]   DMA32 zone: 779904 pages, LIFO batch:31
[    0.000000]   Normal zone: 51136 pages used for memmap
[    0.000000]   Normal zone: 3272704 pages, LIFO batch:31
[    0.000000] ACPI: PM-Timer IO Port: 0x808
[    0.000000] ACPI: Local APIC address 0xfee00000
[    0.000000] mapped APIC to ffffffffff5fd000 (        fee00000)
[    0.000000] ACPI: LAPIC (acpi_id[0x00] lapic_id[0x00] enabled)
[    0.000000] ACPI: LAPIC (acpi_id[0x01] lapic_id[0x01] enabled)
[    0.000000] ACPI: LAPIC (acpi_id[0x02] lapic_id[0x02] enabled)
[    0.000000] ACPI: LAPIC (acpi_id[0x03] lapic_id[0x03] enabled)
[    0.000000] ACPI: LAPIC_NMI (acpi_id[0x00] high edge lint[0x1])
[    0.000000] ACPI: LAPIC_NMI (acpi_id[0x01] high edge lint[0x1])
[    0.000000] ACPI: LAPIC_NMI (acpi_id[0x02] high edge lint[0x1])
[    0.000000] ACPI: LAPIC_NMI (acpi_id[0x03] high edge lint[0x1])
[    0.000000] ACPI: IOAPIC (id[0x02] address[0xfec00000] gsi_base[0])
[    0.000000] IOAPIC[0]: apic_id 2, version 33, address 0xfec00000, GSI 0-23
[    0.000000] ACPI: INT_SRC_OVR (bus 0 bus_irq 0 global_irq 2 dfl dfl)
[    0.000000] Int: type 0, pol 0, trig 0, bus 00, IRQ 00, APIC ID 2, APIC INT 02
[    0.000000] Int: type 0, pol 3, trig 3, bus 00, IRQ 09, APIC ID 2, APIC INT 09
[    0.000000] ACPI: IRQ0 used by override.
[    0.000000] Int: type 0, pol 0, trig 0, bus 00, IRQ 01, APIC ID 2, APIC INT 01
[    0.000000] Int: type 0, pol 0, trig 0, bus 00, IRQ 03, APIC ID 2, APIC INT 03
[    0.000000] Int: type 0, pol 0, trig 0, bus 00, IRQ 04, APIC ID 2, APIC INT 04
[    0.000000] Int: type 0, pol 0, trig 0, bus 00, IRQ 05, APIC ID 2, APIC INT 05
[    0.000000] Int: type 0, pol 0, trig 0, bus 00, IRQ 06, APIC ID 2, APIC INT 06
[    0.000000] Int: type 0, pol 0, trig 0, bus 00, IRQ 07, APIC ID 2, APIC INT 07
[    0.000000] Int: type 0, pol 0, trig 0, bus 00, IRQ 08, APIC ID 2, APIC INT 08
[    0.000000] ACPI: IRQ9 used by override.
[    0.000000] Int: type 0, pol 0, trig 0, bus 00, IRQ 0a, APIC ID 2, APIC INT 0a
[    0.000000] Int: type 0, pol 0, trig 0, bus 00, IRQ 0b, APIC ID 2, APIC INT 0b
[    0.000000] Int: type 0, pol 0, trig 0, bus 00, IRQ 0c, APIC ID 2, APIC INT 0c
[    0.000000] Int: type 0, pol 0, trig 0, bus 00, IRQ 0d, APIC ID 2, APIC INT 0d
[    0.000000] Int: type 0, pol 0, trig 0, bus 00, IRQ 0e, APIC ID 2, APIC INT 0e
[    0.000000] Int: type 0, pol 0, trig 0, bus 00, IRQ 0f, APIC ID 2, APIC INT 0f
[    0.000000] Using ACPI (MADT) for SMP configuration information
[    0.000000] ACPI: HPET id: 0x43538210 base: 0xfed00000
[    0.000000] smpboot: Allowing 4 CPUs, 0 hotplug CPUs
[    0.000000] mapped IOAPIC to ffffffffff5fc000 (fec00000)
[    0.000000] e820: [mem 0xc0000000-0xfebfffff] available for PCI devices
[    0.000000] setup_percpu: NR_CPUS:64 nr_cpumask_bits:64 nr_cpu_ids:4 nr_node_ids:1
[    0.000000] PERCPU: Embedded 27 pages/cpu @ffff88041dc00000 s80256 r8192 d22144 u524288
[    0.000000] pcpu-alloc: s80256 r8192 d22144 u524288 alloc=1*2097152
[    0.000000] pcpu-alloc: [0] 0 1 2 3 
[    0.000000] Built 1 zonelists in Zone order, mobility grouping on.  Total pages: 3993197
[    0.000000] Policy zone: Normal
[    0.000000] Kernel command line: BOOT_IMAGE=/vmlinuz-linux-git root=UUID=bfa4ab6e-19a3-4601-ba2b-267c55841c73 rw cryptdevice=/dev/disk/by-uuid/70c08890-417a-497d-b6ab-c0d0357a63e2:cryptManjaro:allow-discards ipv6.disable=1 pnp.debug=1 loglevel=9 log_buf_len=10M printk.always_kmsg_dump=y printk.time=y mminit_loglevel=0 memory_corruption_check=1 acpi.debug_layer=0xfbff0000 acpi.debug_level=0xFFFFFFFD nohz=on rcu_nocbs=1-3 pcie_aspm=force fbcon=scrollback:4096k fbcon=font:ProFont6x11 radeon.audio=0 radeon.lockup_timeout=0 radeon.test=0 radeon.agpmode=-1 radeon.benchmark=0 radeon.tv=0 radeon.hard_reset=1 radeon.aspm=1 radeon.dpm=1 radeon.msi=1 radeon.pcie_gen2=-1 radeon.no_wb=1 radeon.modeset=1 radeon.dynclks=1 radeon.r4xx_atom=0 radeon.runpm=0 radeonfb radeon.fastfb=1 nomodeset apic=debug earlyprintk=dbgp
[    0.000000] PCIe ASPM is forcibly enabled
[    0.000000] PID hash table entries: 4096 (order: 3, 32768 bytes)
[    0.000000] Memory: 15870840K/16226416K available (5261K kernel code, 722K rwdata, 2208K rodata, 848K init, 2616K bss, 355576K reserved)
[    0.000000] SLUB: HWalign=64, Order=0-3, MinObjects=0, CPUs=4, Nodes=1
[    0.000000] Hierarchical RCU implementation.
[    0.000000] 	RCU dyntick-idle grace-period acceleration is enabled.
[    0.000000] 	Additional per-CPU info printed with stalls.
[    0.000000] 	RCU restricting CPUs from NR_CPUS=64 to nr_cpu_ids=4.
[    0.000000] 	Offload RCU callbacks from all CPUs
[    0.000000] 	Offload RCU callbacks from CPUs: 0-3.
[    0.000000] RCU: Adjusting geometry for rcu_fanout_leaf=16, nr_cpu_ids=4
[    0.000000] NR_IRQS:4352 nr_irqs:456 0
[    0.000000] spurious 8259A interrupt: IRQ7.
[    0.000000] vgacon: allocated 4194304 bytes of memory for scrollback. CONFIG_VGACON_SOFT_SCROLLBACK_SIZE=4096
[    0.000000] Console: colour VGA+ 80x25
[    0.000000] console [tty0] enabled
[    0.000000] allocated 65011712 bytes of page_cgroup
[    0.000000] please try 'cgroup_disable=memory' option if you don't want memory cgroups
[    0.000000] hpet clockevent registered
[    0.000000] tsc: Fast TSC calibration using PIT
[    0.000000] tsc: Detected 1397.421 MHz processor
[    0.000042] Calibrating delay loop (skipped), value calculated using timer frequency.. 2795.29 BogoMIPS (lpj=4658070)
[    0.000201] pid_max: default: 32768 minimum: 301
[    0.000271] ACPI: Core revision 20140724
[    0.016047] ACPI: All ACPI Tables successfully acquired
[    0.017155] Security Framework initialized
[    0.018288] Dentry cache hash table entries: 2097152 (order: 12, 16777216 bytes)
[    0.024361] Inode-cache hash table entries: 1048576 (order: 11, 8388608 bytes)
[    0.027240] Mount-cache hash table entries: 32768 (order: 6, 262144 bytes)
[    0.027389] Mountpoint-cache hash table entries: 32768 (order: 6, 262144 bytes)
[    0.027910] Initializing cgroup subsys memory
[    0.028024] Initializing cgroup subsys devices
[    0.028088] Initializing cgroup subsys freezer
[    0.028151] Initializing cgroup subsys net_cls
[    0.028214] Initializing cgroup subsys blkio
[    0.028296] CPU: Physical Processor ID: 0
[    0.028358] CPU: Processor Core ID: 0
[    0.028419] mce: CPU supports 6 MCE banks
[    0.028489] Last level iTLB entries: 4KB 512, 2MB 16, 4MB 8
Last level dTLB entries: 4KB 1024, 2MB 128, 4MB 64, 1GB 0
[    0.028776] Freeing SMP alternatives memory: 20K (ffffffff81b8a000 - ffffffff81b8f000)
[    0.029031] Getting VERSION: 80050010
[    0.029139] Getting VERSION: 80050010
[    0.029200] Getting ID: 0
[    0.029260] Getting ID: ff000000
[    0.029321] Getting LVT0: 700
[    0.029382] Getting LVT1: 400
[    0.029447] enabled ExtINT on CPU#0
[    0.029675] ENABLING IO-APIC IRQs
[    0.029732] init IO_APIC IRQs
[    0.029789]  apic 2 pin 0 not connected
[    0.029853] IOAPIC[0]: Set routing entry (2-1 -> 0x31 -> IRQ 1 Mode:0 Active:0 Dest:1)
[    0.029967] IOAPIC[0]: Set routing entry (2-2 -> 0x30 -> IRQ 0 Mode:0 Active:0 Dest:1)
[    0.030102] IOAPIC[0]: Set routing entry (2-2 -> 0x30 -> IRQ 0 Mode:0 Active:0 Dest:1)
[    0.030237] IOAPIC[0]: Set routing entry (2-3 -> 0x33 -> IRQ 3 Mode:0 Active:0 Dest:1)
[    0.030369] IOAPIC[0]: Set routing entry (2-4 -> 0x34 -> IRQ 4 Mode:0 Active:0 Dest:1)
[    0.030479] IOAPIC[0]: Set routing entry (2-5 -> 0x35 -> IRQ 5 Mode:0 Active:0 Dest:1)
[    0.030565] IOAPIC[0]: Set routing entry (2-6 -> 0x36 -> IRQ 6 Mode:0 Active:0 Dest:1)
[    0.030703] IOAPIC[0]: Set routing entry (2-7 -> 0x37 -> IRQ 7 Mode:0 Active:0 Dest:1)
[    0.030834] IOAPIC[0]: Set routing entry (2-8 -> 0x38 -> IRQ 8 Mode:0 Active:0 Dest:1)
[    0.030966] IOAPIC[0]: Set routing entry (2-9 -> 0x39 -> IRQ 9 Mode:1 Active:1 Dest:1)
[    0.031098] IOAPIC[0]: Set routing entry (2-10 -> 0x3a -> IRQ 10 Mode:0 Active:0 Dest:1)
[    0.031231] IOAPIC[0]: Set routing entry (2-11 -> 0x3b -> IRQ 11 Mode:0 Active:0 Dest:1)
[    0.031365] IOAPIC[0]: Set routing entry (2-12 -> 0x3c -> IRQ 12 Mode:0 Active:0 Dest:1)
[    0.031476] IOAPIC[0]: Set routing entry (2-13 -> 0x3d -> IRQ 13 Mode:0 Active:0 Dest:1)
[    0.031811] IOAPIC[0]: Set routing entry (2-14 -> 0x3e -> IRQ 14 Mode:0 Active:0 Dest:1)
[    0.031946] IOAPIC[0]: Set routing entry (2-15 -> 0x3f -> IRQ 15 Mode:0 Active:0 Dest:1)
[    0.032080]  apic 2 pin 16 not connected
[    0.032137]  apic 2 pin 17 not connected
[    0.032193]  apic 2 pin 18 not connected
[    0.032251]  apic 2 pin 19 not connected
[    0.032308]  apic 2 pin 20 not connected
[    0.032366]  apic 2 pin 21 not connected
[    0.032423]  apic 2 pin 22 not connected
[    0.032480]  apic 2 pin 23 not connected
[    0.032668] ..TIMER: vector=0x30 apic1=0 pin1=2 apic2=-1 pin2=-1
[    0.065741] smpboot: CPU0: AMD A6-3400M APU with Radeon(tm) HD Graphics (fam: 12, model: 01, stepping: 00)
[    0.065981] Using local APIC timer interrupts.
calibrating APIC timer ...
[    0.170794] ... lapic delta = 1247731
[    0.170855] ... PM-Timer delta = 357954
[    0.170916] ... PM-Timer result ok
[    0.170977] ..... delta 1247731
[    0.171038] ..... mult: 53589643
[    0.171099] ..... calibration result: 665456
[    0.171161] ..... CPU clock speed is 1397.1992 MHz.
[    0.171223] ..... host bus clock speed is 199.2189 MHz.
[    0.171311] Performance Events: AMD PMU driver.
[    0.171409] ... version:                0
[    0.171471] ... bit width:              48
[    0.171532] ... generic registers:      4
[    0.171593] ... value mask:             0000ffffffffffff
[    0.171655] ... max period:             00007fffffffffff
[    0.171717] ... fixed-purpose events:   0
[    0.171778] ... event mask:             000000000000000f
[    0.172170] MCE: In-kernel MCE decoding enabled.
[    0.172340] NMI watchdog: enabled on all CPUs, permanently consumes one hw-PMU counter.
[    0.172596] smpboot: ++++++++++++++++++++=_---CPU UP  1
[    0.172661] x86: Booting SMP configuration:
[    0.172723] .... node  #0, CPUs:      #1
[    0.172827] smpboot: Setting warm reset code and vector.
[    0.172946] smpboot: 1.
[    0.173006] smpboot: 2.
[    0.173065] smpboot: 3.
[    0.173125] smpboot: Asserting INIT
[    0.173184] smpboot: Waiting for send to finish...
[    0.612008] smpboot: Deasserting INIT
[    0.612118] smpboot: Waiting for send to finish...
[    0.612182] smpboot: #startup loops: 2
[    0.612246] smpboot: Sending STARTUP #1
[    0.612310] smpboot: After apic_write
[    0.612673] smpboot: Startup point 1
[    0.612736] smpboot: Waiting for send to finish...
[    0.613001] smpboot: Sending STARTUP #2
[    0.613110] smpboot: After apic_write
[    0.613473] smpboot: Startup point 1
[    0.613583] smpboot: Waiting for send to finish...
[    0.613854] smpboot: After Startup
[    0.613918] smpboot: Before Callout 1
[    0.613981] smpboot: After Callout 1
[    5.690949] smpboot: CPU1: Not responding
[    5.692158] smpboot: Inquiring remote APIC 0x1...
[    5.692220] smpboot: ... APIC 0x1 ID: 01000000
[    5.692416] smpboot: ... APIC 0x1 VERSION: 80050010
[    5.692663] smpboot: ... APIC 0x1 SPIV: 000000ff
[    5.692913] smpboot: do_boot_cpu failed(1) to wakeup CPU#1
[    5.693065] smpboot: ++++++++++++++++++++=_---CPU UP  2
[    5.693175]  #2
[    5.693210] smpboot: Setting warm reset code and vector.
[    5.693335] smpboot: 1.
[    5.693398] smpboot: 2.
[    5.693459] smpboot: 3.
[    5.693522] smpboot: Asserting INIT
[    5.693585] smpboot: Waiting for send to finish...
[    5.703655] smpboot: Deasserting INIT
[    5.703764] smpboot: Waiting for send to finish...
[    5.703827] smpboot: #startup loops: 2
[    5.703887] smpboot: Sending STARTUP #1
[    5.703947] smpboot: After apic_write
[    5.574807] smpboot: CPU#2 (phys ID: 2) waiting for CALLOUT
[    5.704307] smpboot: Startup point 1
[    5.704447] smpboot: Waiting for send to finish...
[    5.704712] smpboot: Sending STARTUP #2
[    5.704819] smpboot: After apic_write
[    5.705181] smpboot: Startup point 1
[    5.705288] smpboot: Waiting for send to finish...
[    5.705552] smpboot: After Startup
[    5.705658] smpboot: Before Callout 2
[    5.705721] smpboot: After Callout 2
[    5.576421] masked ExtINT on CPU#2
[    5.576454] smpboot: Stack at about ffff88040780bf44
[    5.705912] smpboot: CPU2: has booted.
[    5.707985] TSC synchronization [CPU#0 -> CPU#2]:
[    5.708095] Measured 180636683 cycles TSC warp between CPUs, turning off TSC clock.
[    5.708236] tsc: Marking TSC unstable due to check_tsc_sync_source failed
[    5.708466] smpboot: ++++++++++++++++++++=_---CPU UP  3
[    5.708576]  #3
[    5.708611] smpboot: Setting warm reset code and vector.
[    5.708731] smpboot: 1.
[    5.708794] smpboot: 2.
[    5.708856] smpboot: 3.
[    5.708919] smpboot: Asserting INIT
[    5.708982] smpboot: Waiting for send to finish...
[    5.719050] smpboot: Deasserting INIT
[    5.719160] smpboot: Waiting for send to finish...
[    5.719220] smpboot: #startup loops: 2
[    5.719280] smpboot: Sending STARTUP #1
[    5.719340] smpboot: After apic_write
[    5.556132] smpboot: CPU#3 (phys ID: 3) waiting for CALLOUT
[    5.719703] smpboot: Startup point 1
[    5.719876] smpboot: Waiting for send to finish...
[    5.720139] smpboot: Sending STARTUP #2
[    5.720248] smpboot: After apic_write
[    5.720610] smpboot: Startup point 1
[    5.720717] smpboot: Waiting for send to finish...
[    5.720980] smpboot: After Startup
[    5.721089] smpboot: Before Callout 3
[    5.721150] smpboot: After Callout 3
[    5.557739] masked ExtINT on CPU#3
[    5.557772] smpboot: Stack at about ffff88040780ff44
[    5.721340] smpboot: CPU3: has booted.
[    5.721433] x86: Booted up 1 node, 3 CPUs
[    5.721496] smpboot: Boot done
[    5.721557] smpboot: Before bogomips
[    5.721622] smpboot: Total of 3 processors activated (8387.88 BogoMIPS)
[    5.721683] smpboot: Before bogocount - setting activated=1
[    5.200111] devtmpfs: initialized
[    5.200149] device: 'platform': device_add
[    5.200245] bus: 'platform': registered
[    5.200320] bus: 'cpu': registered
[    5.200385] device: 'cpu': device_add
[    5.200475] bus: 'container': registered
[    5.200540] device: 'container': device_add
[    5.200950] bus: 'workqueue': registered
[    5.200950] device: 'workqueue': device_add
[    5.200950] kworker/u8:0 (39) used greatest stack depth: 14848 bytes left
[    5.200950] atomic64_test: passed for x86-64 platform with CX8 and with SSE
[    5.200950] device class 'regulator': registering
[    5.200950] Registering platform device 'reg-dummy'. Parent at platform
[    5.200950] device: 'reg-dummy': device_add
[    5.200950] bus: 'platform': add device reg-dummy
[    5.201041] bus: 'platform': add driver reg-dummy
[    5.201109] bus: 'platform': driver_probe_device: matched device reg-dummy with driver reg-dummy
[    5.201222] bus: 'platform': really_probe: probing driver reg-dummy with device reg-dummy
[    5.201366] device: 'regulator.0': device_add
[    5.201458] regulator-dummy: no parameters
[    5.201534] driver: 'reg-dummy': driver_bound: bound to device 'reg-dummy'
[    5.201602] bus: 'platform': really_probe: bound device reg-dummy to driver reg-dummy
[    5.201875] NET: Registered protocol family 16
[    5.202134] device class 'bdi': registering
[    5.203350] bus: 'platform': add driver ramoops
[    5.203363] device class 'pci_bus': registering
[    5.203363] bus: 'pci': registered
[    5.203363] device class 'backlight': registering
[    5.203400] device class 'tty': registering
[    5.203403] device class 'vtconsole': registering
[    5.203403] device: 'vtcon0': device_add
[    5.203403] bus: 'node': registered
[    5.203403] device: 'node': device_add
[    5.203403] bus: 'i2c': registered
[    5.203403] bus: 'i2c': add driver dummy
[    5.203403] i2c-core: driver [dummy] registered
[    5.203403] cpuidle: using governor ladder
[    5.203403] cpuidle: using governor menu
[    5.203723] ACPI FADT declares the system doesn't support PCIe ASPM, so disable it
[    5.203856] ACPI: bus type PCI registered
[    5.203917] acpiphp: ACPI Hot Plug PCI Controller Driver version: 0.5
[    5.203982] device class 'dmi': registering
[    5.204051] device: 'id': device_add
[    5.204233] PCI: MMCONFIG for domain 0000 [bus 00-3f] at [mem 0xf8000000-0xfbffffff] (base 0xf8000000)
[    5.204369] PCI: not using MMCONFIG
[    5.204429] PCI: Using configuration type 1 for base access
[    5.204487] PCI: Using configuration type 1 for extended access
[    5.204811] device: 'node0': device_add
[    5.204873] bus: 'node': add device node0
[    5.204962] device: 'cpu0': device_add
[    5.205024] bus: 'cpu': add device cpu0
[    5.205122] device: 'cpu1': device_add
[    5.206693] kworker/u8:0 (58) used greatest stack depth: 14176 bytes left
[    5.205294] bus: 'cpu': add device cpu1
[    5.206682] device: 'cpu2': device_add
[    5.206682] bus: 'cpu': add device cpu2
[    5.206695] device: 'cpu3': device_add
[    5.206695] bus: 'cpu': add device cpu3
[    5.226774] device: 'writeback': device_add
[    5.226829] bus: 'workqueue': add device writeback
[    5.226950] device: 'default': device_add
[    5.227143] device class 'block': registering
[    5.227143] ACPI: Added _OSI(Module Device)
[    5.227143] ACPI: Added _OSI(Processor Device)
[    5.227143] ACPI: Added _OSI(3.0 _SCP Extensions)
[    5.227143] ACPI: Added _OSI(Processor Aggregator Device)
[    5.230814] IOAPIC[0]: Set routing entry (2-9 -> 0x39 -> IRQ 9 Mode:1 Active:1 Dest:13)
[    5.231296] 
**** Context Switch from TID 4294967295 to TID 133431296 ****

[    5.231510]     utils-0051 util_eval_error       : Evaluate [\_SB_.PCI0.LPC0.EC0_._GLK]: AE_NOT_FOUND
[    5.232136] Executing  Method       \_SB_.PCI0.LPC0.EC0_._REG
[    5.232875] Executing  Method       \_SB_.PCI0.LPC0.EC0_._REG
[    5.233074] Executing  Method       \_SB_.PCI0.LPC0.EC0_._REG
[    5.233282] Executing  Method       \_SB_.PCI0.LPC0.EC0_._REG
[    5.236314] Initializing Region       \_SB_.OSTY
[    5.236516] Initializing Region       \_SB_.PCI0.NBMS
[    5.236684] Initializing Region       \_SB_.PCI0.NBXP
[    5.236834] Initializing Region       \_SB_.PCI0.K8ST
[    5.237020] Initializing Region       \_SB_.PCI0.BAR1
[    5.237202] Initializing Region       \_SB_.PCI0.PB2_.XPEX
[    5.237349] Initializing Region       \_SB_.PCI0.PB2_.PCFG
[    5.237496] Initializing Region       \_SB_.PCI0.PB2_.XPCB
[    5.237636] Initializing Region       \_SB_.PCI0.PB2_.XPRI
[    5.237786] Initializing Region       \_SB_.PCI0.PB2_.VGA_.PCFG
[    5.237993] Initializing Region       \_SB_.PCI0.PB2_.HDAU.PCFG
[    5.238168] Initializing Region       \_SB_.PCI0.PB3_.XPEX
[    5.238315] Initializing Region       \_SB_.PCI0.PB3_.PCFG
[    5.238463] Initializing Region       \_SB_.PCI0.PB3_.XPCB
[    5.240021] Initializing Region       \_SB_.PCI0.PB3_.XPRI
[    5.240021] Initializing Region       \_SB_.PCI0.PB3_.VGA_.PCFG
[    5.240021] Initializing Region       \_SB_.PCI0.PB3_.HDAU.PCFG
[    5.240021] Initializing Region       \_SB_.PCI0.PB4_.XPEX
[    5.240021] Initializing Region       \_SB_.PCI0.PB4_.PCFG
[    5.240021] Initializing Region       \_SB_.PCI0.PB4_.XPCB
[    5.240021] Initializing Region       \_SB_.PCI0.PB4_.XPRI
[    5.240021] Initializing Region       \_SB_.PCI0.PB4_.XPDV.PCFG
[    5.240021] Initializing Region       \_SB_.PCI0.PB5_.XPEX
[    5.240021] Initializing Region       \_SB_.PCI0.PB5_.PCFG
[    5.240147] Initializing Region       \_SB_.PCI0.PB5_.XPCB
[    5.240297] Initializing Region       \_SB_.PCI0.PB5_.XPRI
[    5.240448] Initializing Region       \_SB_.PCI0.PB5_.XPDV.PCFG
[    5.240610] Initializing Region       \_SB_.PCI0.PB6_.XPEX
[    5.240757] Initializing Region       \_SB_.PCI0.PB6_.PCFG
[    5.240904] Initializing Region       \_SB_.PCI0.PB6_.XPCB
[    5.241052] Initializing Region       \_SB_.PCI0.PB6_.XPRI
[    5.241200] Initializing Region       \_SB_.PCI0.PB6_.XPDV.PCFG
[    5.242445] Initializing Region       \_SB_.PCI0.PB7_.XPEX
[    5.242582] Initializing Region       \_SB_.PCI0.PB7_.PCFG
[    5.242729] Initializing Region       \_SB_.PCI0.PB7_.XPCB
[    5.242877] Initializing Region       \_SB_.PCI0.PB7_.XPRI
[    5.243029] Initializing Region       \_SB_.PCI0.PB7_.XPDV.PCFG
[    5.243481] Initializing Region       \_SB_.PCI0.SATC
[    5.243676] Initializing Region       \_SB_.PCI0.RMEM
[    5.243838] Initializing Region       \_SB_.PCI0.SATA.SATX
[    5.243990] Initializing Region       \_SB_.PCI0.SATA.BAR5
[    5.263572] Initializing Region       \_SB_.PCI0.SMB_.SBRV
[    5.263572] Initializing Region       \_SB_.PCI0.SMB_.PMIO
[    5.263609] Initializing Region       \_SB_.PCI0.SMB_.ERMM
[    5.263885] Initializing Region       \_SB_.PCI0.SMB_.P1E0
[    5.264084] Initializing Region       \_SB_.PCI0.SMB_.ABIO
[    5.264222] Initializing Region       \_SB_.PCI0.SMB_.SMB0
[    5.264374] Initializing Region       \_SB_.PCI0.LPC0.PIRQ
[    5.264576] Initializing Region       \_SB_.PCI0.LPC0.LPCR
[    5.264813] Initializing Region       \_SB_.PCI0.LPC0.LPCS
[    5.265017] Initializing Region       \_SB_.PCI0.LPC0.SMI0
[    5.265164] Initializing Region       \_SB_.PCI0.LPC0.SMI1
[    5.265310] Initializing Region       \_SB_.PCI0.LPC0.EC0_.ECO1
[    5.265447] Initializing Region       \_SB_.PCI0.LPC0.EC0_.ECO2
[    5.265592] Initializing Region       \_SB_.PCI0.LPC0.EC0_.ECMB
[    5.265738] Initializing Region       \_SB_.PCI0.LPC0.EC0_.RAM_
[    5.265996] Initializing Region       \_SB_.PCI0.LPC0.EC0_.CMOS
[    5.266168] Initializing Region       \_SB_.PCI0.LPC0.EC0_.VPC0.ERAM
[    5.266417] Initializing Region       \_SB_.PCI0.SPB0.PCFG
[    5.266574] Initializing Region       \_SB_.PCI0.SPB0.XPCB
[    5.266746] Initializing Region       \_SB_.PCI0.SPB0.XPDV.PCFG
[    5.266907] Initializing Region       \_SB_.PCI0.SPB1.PCFG
[    5.267054] Initializing Region       \_SB_.PCI0.SPB1.XPCB
[    5.267204] Initializing Region       \_SB_.PCI0.SPB1.XPDV.PCFG
[    5.267365] Initializing Region       \_SB_.PCI0.SPB2.PCFG
[    5.267512] Initializing Region       \_SB_.PCI0.SPB2.XPCB
[    5.267663] Initializing Region       \_SB_.PCI0.SPB2.XPDV.PCFG
[    5.267813] Initializing Region       \_SB_.PCI0.SPB3.PCFG
[    5.267950] Initializing Region       \_SB_.PCI0.SPB3.XPCB
[    5.268102] Initializing Region       \_SB_.PCI0.SPB3.XPDV.PCFG
[    5.268412] Initializing Region       \_SB_.PCI0.VGA_.REVD
[    5.268806] Initializing BufferField  \_SB_.AMW0.WLID
[    5.269309] Initializing Region       \DEB2
[    5.269467] Initializing Region       \PMIO
[    5.269613] Initializing Region       \P01_
[    5.269785] Initializing Region       \CNVS
[    5.270023] Initializing Region       \SPRT
[    5.270184] Initializing Region       \CMIO
[    5.270409] Executing  Method       \_SB_._STA
[    5.270579] Executing  Method       \_SB_._INI
[    5.270749] Executing  Method       \_SB_.PCI0._STA
[    5.270919] Executing  Method       \_SB_.PCI0._INI
[    5.271350] [Firmware Bug]: ACPI: BIOS _OSI(Linux) query ignored
[    5.271719] Executing  Method       \_SB_.PCI0.SATA._STA
[    5.271937] Executing  Method       \_SB_.PCI0.SATA._INI
[    5.272967] Executing  Method       \_SB_.PCI0.LPC0.EC0_._REG
[    5.300149] ACPI: Interpreter enabled
[    5.300280] ACPI: (supports S0 S5)
[    5.300347] ACPI: Using IOAPIC for interrupt routing
[    5.300766] PCI: MMCONFIG for domain 0000 [bus 00-3f] at [mem 0xf8000000-0xfbffffff] (base 0xf8000000)
[    5.301597] PCI: MMCONFIG at [mem 0xf8000000-0xfbffffff] reserved in ACPI motherboard resources
[    5.303335] bus: 'acpi': registered
[    5.303335] PCI: Using host bridge windows from ACPI; if necessary, use "pci=nocrs" and report a bug
[    5.303335]      scan-1142 get_device_data       : No context for object [ffffffffffffffff]
[    5.303335]     utils-0051 util_eval_error       : Evaluate [\._STA]: AE_NOT_FOUND
[    5.303335] device: 'LNXSYSTM:00': device_add
[    5.303335] bus: 'acpi': add device LNXSYSTM:00
[    5.303384]      scan-1934 add_single_object     : Added LNXSYSTM:00 [\] parent (null)
[    5.303384]      scan-1142 get_device_data       : No context for object [ffff88040d81d000]
[    5.303384]      scan-1142 get_device_data       : No context for object [ffff88040d8377d0]
[    5.303510]      scan-1142 get_device_data       : No context for object [ffff88040d8377f8]
[    5.303717]      scan-1142 get_device_data       : No context for object [ffff88040d837820]
[    5.303882]      scan-1142 get_device_data       : No context for object [ffff88040d837848]
[    5.304067]      scan-1142 get_device_data       : No context for object [ffff88040d837870]
[    5.304273]      scan-1142 get_device_data       : No context for object [ffff88040d837898]
[    5.304471]      scan-1142 get_device_data       : No context for object [ffff88040d8378c0]
[    5.304668]      scan-1142 get_device_data       : No context for object [ffff88040d8378e8]
[    5.304844]      scan-1142 get_device_data       : No context for object [ffff88040d839398]
[    5.305037]      scan-1142 get_device_data       : No context for object [ffff88040d81d028]
[    5.305234]      scan-1142 get_device_data       : No context for object [ffff88040d81d168]
[    5.305434]     utils-0051 util_eval_error       : Evaluate [\_PR_.C000._STA]: AE_NOT_FOUND
[    5.305633]      scan-1142 get_device_data       : No context for object [ffff88040d81d028]
[    5.305820] device: 'LNXCPU:00': device_add
[    5.305883] bus: 'acpi': add device LNXCPU:00
[    5.306671]      scan-1934 add_single_object     : Added LNXCPU:00 [\_PR_.C000] parent LNXSYSTM:00
[    5.306671]      scan-1142 get_device_data       : No context for object [ffff88040d83c398]
[    5.306671]      scan-1142 get_device_data       : No context for object [ffff88040d83c3c0]
[    5.306671]      scan-1142 get_device_data       : No context for object [ffff88040d83c3e8]
[    5.306671]      scan-1142 get_device_data       : No context for object [ffff88040d83c410]
[    5.306868]      scan-1142 get_device_data       : No context for object [ffff88040d83c438]
[    5.307065]      scan-1142 get_device_data       : No context for object [ffff88040d83c460]
[    5.307261]      scan-1142 get_device_data       : No context for object [ffff88040d81d190]
[    5.307459]     utils-0051 util_eval_error       : Evaluate [\_PR_.C001._STA]: AE_NOT_FOUND
[    5.307658]      scan-1142 get_device_data       : No context for object [ffff88040d81d028]
[    5.307864] device: 'LNXCPU:01': device_add
[    5.307926] bus: 'acpi': add device LNXCPU:01
[    5.308009]      scan-1934 add_single_object     : Added LNXCPU:01 [\_PR_.C001] parent LNXSYSTM:00
[    5.308211]      scan-1142 get_device_data       : No context for object [ffff88040d83c488]
[    5.308409]      scan-1142 get_device_data       : No context for object [ffff88040d83c4b0]
[    5.308602]      scan-1142 get_device_data       : No context for object [ffff88040d83c4d8]
[    5.308754]      scan-1142 get_device_data       : No context for object [ffff88040d83c500]
[    5.308931]      scan-1142 get_device_data       : No context for object [ffff88040d83c528]
[    5.309128]      scan-1142 get_device_data       : No context for object [ffff88040d83c550]
[    5.309326]      scan-1142 get_device_data       : No context for object [ffff88040d81d1b8]
[    5.309525]     utils-0051 util_eval_error       : Evaluate [\_PR_.C002._STA]: AE_NOT_FOUND
[    5.309703]      scan-1142 get_device_data       : No context for object [ffff88040d81d028]
[    5.310011] device: 'LNXCPU:02': device_add
[    5.310073] bus: 'acpi': add device LNXCPU:02
[    5.310157]      scan-1934 add_single_object     : Added LNXCPU:02 [\_PR_.C002] parent LNXSYSTM:00
[    5.310359]      scan-1142 get_device_data       : No context for object [ffff88040d83c578]
[    5.310558]      scan-1142 get_device_data       : No context for object [ffff88040d83c5a0]
[    5.310752]      scan-1142 get_device_data       : No context for object [ffff88040d83c5c8]
[    5.310928]      scan-1142 get_device_data       : No context for object [ffff88040d83c5f0]
[    5.311119]      scan-1142 get_device_data       : No context for object [ffff88040d83c618]
[    5.311315]      scan-1142 get_device_data       : No context for object [ffff88040d83c640]
[    5.311509]      scan-1142 get_device_data       : No context for object [ffff88040d81d1e0]
[    5.311705]     utils-0051 util_eval_error       : Evaluate [\_PR_.C003._STA]: AE_NOT_FOUND
[    5.311854]      scan-1142 get_device_data       : No context for object [ffff88040d81d028]
[    5.312041] device: 'LNXCPU:03': device_add
[    5.312103] bus: 'acpi': add device LNXCPU:03
[    5.313334]      scan-1934 add_single_object     : Added LNXCPU:03 [\_PR_.C003] parent LNXSYSTM:00
[    5.313334]      scan-1142 get_device_data       : No context for object [ffff88040d83c668]
[    5.313334]      scan-1142 get_device_data       : No context for object [ffff88040d83c690]
[    5.313334]      scan-1142 get_device_data       : No context for object [ffff88040d83c6b8]
[    5.313334]      scan-1142 get_device_data       : No context for object [ffff88040d83c6e0]
[    5.313334]      scan-1142 get_device_data       : No context for object [ffff88040d83c708]
[    5.313336]      scan-1142 get_device_data       : No context for object [ffff88040d83c730]
[    5.313532]      scan-1142 get_device_data       : No context for object [ffff88040d81d050]
[    5.313727]     utils-0051 util_eval_error       : Evaluate [\_SB_._STA]: AE_NOT_FOUND
[    5.313958] device: 'LNXSYBUS:00': device_add
[    5.314066] bus: 'acpi': add device LNXSYBUS:00
[    5.314153]      scan-1934 add_single_object     : Added LNXSYBUS:00 [\_SB_] parent LNXSYSTM:00
[    5.314360]      scan-1142 get_device_data       : No context for object [ffff88040d81d3c0]
[    5.314558]      scan-1142 get_device_data       : No context for object [ffff88040d81d3e8]
[    5.314755]      scan-1142 get_device_data       : No context for object [ffff88040d81d410]
[    5.314906]      scan-1142 get_device_data       : No context for object [ffff88040d81d438]
[    5.315081]      scan-1142 get_device_data       : No context for object [ffff88040d81d460]
[    5.315278]      scan-1142 get_device_data       : No context for object [ffff88040d81d488]
[    5.315476]      scan-1142 get_device_data       : No context for object [ffff88040d81d4b0]
[    5.315673]      scan-1142 get_device_data       : No context for object [ffff88040d81d5a0]
[    5.316779]     utils-0051 util_eval_error       : Evaluate [\_SB_.PWRB._STA]: AE_NOT_FOUND
[    5.317013] device: 'PNP0C0C:00': device_add
[    5.317075] bus: 'acpi': add device PNP0C0C:00
[    5.317150]      scan-1934 add_single_object     : Added PNP0C0C:00 [\_SB_.PWRB] parent LNXSYBUS:00
[    5.317355]      scan-1142 get_device_data       : No context for object [ffff88040d81d5c8]
[    5.317552]      scan-1142 get_device_data       : No context for object [ffff88040d81d5f0]
[    5.317753]     utils-0051 util_eval_error       : Evaluate [\_SB_.PCI0._STA]: AE_NOT_FOUND
[    5.318012] device: 'PNP0A08:00': device_add
[    5.318121] bus: 'acpi': add device PNP0A08:00
[    5.318211]      scan-1934 add_single_object     : Added PNP0A08:00 [\_SB_.PCI0] parent LNXSYBUS:00
[    5.318413]      scan-1142 get_device_data       : No context for object [ffff88040d81d618]
[    5.318609]      scan-1142 get_device_data       : No context for object [ffff88040d81d640]
[    5.318786]      scan-1142 get_device_data       : No context for object [ffff88040d81d668]
[    5.318983]      scan-1142 get_device_data       : No context for object [ffff88040d81d690]
[    5.319181]      scan-1142 get_device_data       : No context for object [ffff88040d81d6b8]
[    5.319378]      scan-1142 get_device_data       : No context for object [ffff88040d81d6e0]
[    5.319575]      scan-1142 get_device_data       : No context for object [ffff88040d81d708]
[    5.319770]      scan-1142 get_device_data       : No context for object [ffff88040d81d730]
[    5.319967]      scan-1142 get_device_data       : No context for object [ffff88040d81d758]
[    5.320164]      scan-1142 get_device_data       : No context for object [ffff88040d81d780]
[    5.320362]      scan-1142 get_device_data       : No context for object [ffff88040d81d7a8]
[    5.320559]      scan-1142 get_device_data       : No context for object [ffff88040d81d7d0]
[    5.320756]      scan-1142 get_device_data       : No context for object [ffff88040d81d7f8]
[    5.320949]      scan-1142 get_device_data       : No context for object [ffff88040d81d820]
[    5.321147]      scan-1142 get_device_data       : No context for object [ffff88040d81d848]
[    5.321344]      scan-1142 get_device_data       : No context for object [ffff88040d81d870]
[    5.321541]      scan-1142 get_device_data       : No context for object [ffff88040d81d898]
[    5.321738]      scan-1142 get_device_data       : No context for object [ffff88040d81d8c0]
[    5.321916]      scan-1142 get_device_data       : No context for object [ffff88040d81d8e8]
[    5.322111]      scan-1142 get_device_data       : No context for object [ffff88040d81d910]
[    5.322309]      scan-1142 get_device_data       : No context for object [ffff88040d81d938]
[    5.322506]      scan-1142 get_device_data       : No context for object [ffff88040d81d960]
[    5.322704]      scan-1142 get_device_data       : No context for object [ffff88040d81d988]
[    5.322855]      scan-1142 get_device_data       : No context for object [ffff88040d81d9b0]
[    5.323032]      scan-1142 get_device_data       : No context for object [ffff88040d81d9d8]
[    5.323229]      scan-1142 get_device_data       : No context for object [ffff88040d81da00]
[    5.323335]      scan-1142 get_device_data       : No context for object [ffff88040d81da28]
[    5.323533]      scan-1142 get_device_data       : No context for object [ffff88040d81da50]
[    5.323710]      scan-1142 get_device_data       : No context for object [ffff88040d81da78]
[    5.323908]      scan-1142 get_device_data       : No context for object [ffff88040d81daa0]
[    5.324106]      scan-1142 get_device_data       : No context for object [ffff88040d81dac8]
[    5.324304]      scan-1142 get_device_data       : No context for object [ffff88040d81daf0]
[    5.324496]      scan-1142 get_device_data       : No context for object [ffff88040d81db18]
[    5.324685]      scan-1142 get_device_data       : No context for object [ffff88040d81db40]
[    5.324882]      scan-1142 get_device_data       : No context for object [ffff88040d81db68]
[    5.325079]      scan-1142 get_device_data       : No context for object [ffff88040d81db90]
[    5.325277]      scan-1142 get_device_data       : No context for object [ffff88040d81dbb8]
[    5.325474]      scan-1142 get_device_data       : No context for object [ffff88040d81dbe0]
[    5.325670]      scan-1142 get_device_data       : No context for object [ffff88040d81dc08]
[    5.325866]      scan-1142 get_device_data       : No context for object [ffff88040d81dc30]
[    5.326063]      scan-1142 get_device_data       : No context for object [ffff88040d81dc58]
[    5.326260]      scan-1142 get_device_data       : No context for object [ffff88040d81dc80]
[    5.326457]      scan-1142 get_device_data       : No context for object [ffff88040d81dca8]
[    5.326669]      scan-1142 get_device_data       : No context for object [ffff88040d81dcd0]
[    5.326865]      scan-1142 get_device_data       : No context for object [ffff88040d81dcf8]
[    5.327061]      scan-1142 get_device_data       : No context for object [ffff88040d81dd20]
[    5.327256]      scan-1142 get_device_data       : No context for object [ffff88040d81dd48]
[    5.327451]      scan-1142 get_device_data       : No context for object [ffff88040d81dd70]
[    5.327645]      scan-1142 get_device_data       : No context for object [ffff88040d81dd98]
[    5.327794]      scan-1142 get_device_data       : No context for object [ffff88040d81ddc0]
[    5.327971]      scan-1142 get_device_data       : No context for object [ffff88040d81dde8]
[    5.328163]      scan-1142 get_device_data       : No context for object [ffff88040d81de10]
[    5.328357]      scan-1142 get_device_data       : No context for object [ffff88040d81de38]
[    5.328550]      scan-1142 get_device_data       : No context for object [ffff88040d81de60]
[    5.328726]      scan-1142 get_device_data       : No context for object [ffff88040d81de88]
[    5.328922]      scan-1142 get_device_data       : No context for object [ffff88040d81deb0]
[    5.329116]      scan-1142 get_device_data       : No context for object [ffff88040d81ded8]
[    5.329311]      scan-1142 get_device_data       : No context for object [ffff88040d81df00]
[    5.329503]      scan-1142 get_device_data       : No context for object [ffff88040d81df28]
[    5.329697]      scan-1142 get_device_data       : No context for object [ffff88040d81df50]
[    5.329893]      scan-1142 get_device_data       : No context for object [ffff88040d81df78]
[    5.330161]      scan-1142 get_device_data       : No context for object [ffff88040d81dfa0]
[    5.330356]      scan-1142 get_device_data       : No context for object [ffff88040d81dfc8]
[    5.330549]      scan-1142 get_device_data       : No context for object [ffff88040d822000]
[    5.330739]      scan-1142 get_device_data       : No context for object [ffff88040d822028]
[    5.330935]     utils-0051 util_eval_error       : Evaluate [\_SB_.PCI0.MEMR._STA]: AE_NOT_FOUND
[    5.331168] device: 'PNP0C02:00': device_add
[    5.331277] bus: 'acpi': add device PNP0C02:00
[    5.331360]      scan-1934 add_single_object     : Added PNP0C02:00 [\_SB_.PCI0.MEMR] parent PNP0A08:00
[    5.331564]      scan-1142 get_device_data       : No context for object [ffff88040d822050]
[    5.332770]      scan-1142 get_device_data       : No context for object [ffff88040d822078]
[    5.332968]      scan-1142 get_device_data       : No context for object [ffff88040d8220a0]
[    5.333163]      scan-1142 get_device_data       : No context for object [ffff88040d8220c8]
[    5.333336]      scan-1142 get_device_data       : No context for object [ffff88040d8220f0]
[    5.333533]      scan-1142 get_device_data       : No context for object [ffff88040d822118]
[    5.333731]      scan-1142 get_device_data       : No context for object [ffff88040d822140]
[    5.333929]      scan-1142 get_device_data       : No context for object [ffff88040d822168]
[    5.334127]      scan-1142 get_device_data       : No context for object [ffff88040d822190]
[    5.334322]      scan-1142 get_device_data       : No context for object [ffff88040d8221b8]
[    5.334518]      scan-1142 get_device_data       : No context for object [ffff88040d8221e0]
[    5.334715]      scan-1142 get_device_data       : No context for object [ffff88040d822208]
[    5.334912]      scan-1142 get_device_data       : No context for object [ffff88040d822230]
[    5.335109]      scan-1142 get_device_data       : No context for object [ffff88040d822258]
[    5.335307]      scan-1142 get_device_data       : No context for object [ffff88040d822280]
[    5.335503]      scan-1142 get_device_data       : No context for object [ffff88040d8222a8]
[    5.335700]     utils-0051 util_eval_error       : Evaluate [\_SB_.PCI0.PB2_._STA]: AE_NOT_FOUND
[    5.335988] device: 'device:00': device_add
[    5.336050] bus: 'acpi': add device device:00
[    5.336672]      scan-1934 add_single_object     : Added device:00 [\_SB_.PCI0.PB2_] parent PNP0A08:00
[    5.336672]      scan-1142 get_device_data       : No context for object [ffff88040d8222d0]
[    5.336672]      scan-1142 get_device_data       : No context for object [ffff88040d8222f8]
[    5.336672]      scan-1142 get_device_data       : No context for object [ffff88040d822320]
[    5.336863]      scan-1142 get_device_data       : No context for object [ffff88040d822348]
[    5.337060]      scan-1142 get_device_data       : No context for object [ffff88040d822370]
[    5.337259]      scan-1142 get_device_data       : No context for object [ffff88040d822398]
[    5.337456]      scan-1142 get_device_data       : No context for object [ffff88040d8223c0]
[    5.337653]      scan-1142 get_device_data       : No context for object [ffff88040d8223e8]
[    5.337852]      scan-1142 get_device_data       : No context for object [ffff88040d822410]
[    5.338045]      scan-1142 get_device_data       : No context for object [ffff88040d822438]
[    5.338242]      scan-1142 get_device_data       : No context for object [ffff88040d822460]
[    5.338439]      scan-1142 get_device_data       : No context for object [ffff88040d822488]
[    5.338636]      scan-1142 get_device_data       : No context for object [ffff88040d8224b0]
[    5.338814]      scan-1142 get_device_data       : No context for object [ffff88040d8224d8]
[    5.339011]      scan-1142 get_device_data       : No context for object [ffff88040d822500]
[    5.339204]      scan-1142 get_device_data       : No context for object [ffff88040d822528]
[    5.339403]      scan-1142 get_device_data       : No context for object [ffff88040d822550]
[    5.339600]      scan-1142 get_device_data       : No context for object [ffff88040d822578]
[    5.339750]      scan-1142 get_device_data       : No context for object [ffff88040d8225a0]
[    5.340002]      scan-1142 get_device_data       : No context for object [ffff88040d8225c8]
[    5.340199]      scan-1142 get_device_data       : No context for object [ffff88040d8225f0]
[    5.340396]      scan-1142 get_device_data       : No context for object [ffff88040d822618]
[    5.340590]      scan-1142 get_device_data       : No context for object [ffff88040d822640]
[    5.340767]      scan-1142 get_device_data       : No context for object [ffff88040d822668]
[    5.340964]      scan-1142 get_device_data       : No context for object [ffff88040d822690]
[    5.341161]      scan-1142 get_device_data       : No context for object [ffff88040d8226b8]
[    5.341359]      scan-1142 get_device_data       : No context for object [ffff88040d8226e0]
[    5.341556]      scan-1142 get_device_data       : No context for object [ffff88040d822708]
[    5.341750]      scan-1142 get_device_data       : No context for object [ffff88040d822730]
[    5.341947]      scan-1142 get_device_data       : No context for object [ffff88040d822758]
[    5.342144]      scan-1142 get_device_data       : No context for object [ffff88040d822780]
[    5.342343]     utils-0051 util_eval_error       : Evaluate [\_SB_.PCI0.PB2_.VGA_._STA]: AE_NOT_FOUND
[    5.342583] device: 'device:01': device_add
[    5.342692] bus: 'acpi': add device device:01
[    5.343338]      scan-1934 add_single_object     : Added device:01 [\_SB_.PCI0.PB2_.VGA_] parent device:00
[    5.343338]      scan-1142 get_device_data       : No context for object [ffff88040d8227a8]
[    5.343338]      scan-1142 get_device_data       : No context for object [ffff88040d8227d0]
[    5.343338]      scan-1142 get_device_data       : No context for object [ffff88040d8227f8]
[    5.343533]      scan-1142 get_device_data       : No context for object [ffff88040d822820]
[    5.343731]      scan-1142 get_device_data       : No context for object [ffff88040d822848]
[    5.343928]      scan-1142 get_device_data       : No context for object [ffff88040d822870]
[    5.344122]      scan-1142 get_device_data       : No context for object [ffff88040d822898]
[    5.344316]      scan-1142 get_device_data       : No context for object [ffff88040d8228c0]
[    5.344511]      scan-1142 get_device_data       : No context for object [ffff88040d8228e8]
[    5.344707]      scan-1142 get_device_data       : No context for object [ffff88040d822910]
[    5.344901]      scan-1142 get_device_data       : No context for object [ffff88040d822938]
[    5.345095]      scan-1142 get_device_data       : No context for object [ffff88040d822960]
[    5.345290]      scan-1142 get_device_data       : No context for object [ffff88040d822988]
[    5.345482]      scan-1142 get_device_data       : No context for object [ffff88040d8229b0]
[    5.345677]      scan-1142 get_device_data       : No context for object [ffff88040d8229d8]
[    5.345826]      scan-1142 get_device_data       : No context for object [ffff88040d822a00]
[    5.346002]      scan-1142 get_device_data       : No context for object [ffff88040d822a28]
[    5.346197]      scan-1142 get_device_data       : No context for object [ffff88040d822a50]
[    5.346392]      scan-1142 get_device_data       : No context for object [ffff88040d822a78]
[    5.346585]      scan-1142 get_device_data       : No context for object [ffff88040d822aa0]
[    5.346811]      scan-1142 get_device_data       : No context for object [ffff88040d822ac8]
[    5.347005]      scan-1142 get_device_data       : No context for object [ffff88040d822af0]
[    5.347201]      scan-1142 get_device_data       : No context for object [ffff88040d822b18]
[    5.347396]      scan-1142 get_device_data       : No context for object [ffff88040d822b40]
[    5.347590]      scan-1142 get_device_data       : No context for object [ffff88040d822b68]
[    5.347783]      scan-1142 get_device_data       : No context for object [ffff88040d822b90]
[    5.347973]      scan-1142 get_device_data       : No context for object [ffff88040d822bb8]
[    5.348167]      scan-1142 get_device_data       : No context for object [ffff88040d822be0]
[    5.348364]      scan-1142 get_device_data       : No context for object [ffff88040d822c08]
[    5.348562]      scan-1142 get_device_data       : No context for object [ffff88040d822c30]
[    5.348760]      scan-1142 get_device_data       : No context for object [ffff88040d822c58]
[    5.348957]      scan-1142 get_device_data       : No context for object [ffff88040d822c80]
[    5.349152]      scan-1142 get_device_data       : No context for object [ffff88040d822ca8]
[    5.349348]      scan-1142 get_device_data       : No context for object [ffff88040d822cd0]
[    5.349545]      scan-1142 get_device_data       : No context for object [ffff88040d822cf8]
[    5.349743]      scan-1142 get_device_data       : No context for object [ffff88040d822d20]
[    5.349927]      scan-1142 get_device_data       : No context for object [ffff88040d822d48]
[    5.350130]      scan-1142 get_device_data       : No context for object [ffff88040d822d70]
[    5.351343]      scan-1142 get_device_data       : No context for object [ffff88040d822d98]
[    5.351538]      scan-1142 get_device_data       : No context for object [ffff88040d837438]
[    5.351735]      scan-1142 get_device_data       : No context for object [ffff88040d822dc0]
[    5.351888]     utils-0051 util_eval_error       : Evaluate [\_SB_.PCI0.PB2_.HDAU._STA]: AE_NOT_FOUND
[    5.352101] device: 'device:02': device_add
[    5.352164] bus: 'acpi': add device device:02
[    5.353346]      scan-1934 add_single_object     : Added device:02 [\_SB_.PCI0.PB2_.HDAU] parent device:00
[    5.353346]      scan-1142 get_device_data       : No context for object [ffff88040d822de8]
[    5.353346]      scan-1142 get_device_data       : No context for object [ffff88040d822e10]
[    5.353346]      scan-1142 get_device_data       : No context for object [ffff88040d822e38]
[    5.353346]      scan-1142 get_device_data       : No context for object [ffff88040d822e60]
[    5.353346]      scan-1142 get_device_data       : No context for object [ffff88040d822e88]
[    5.353346]      scan-1142 get_device_data       : No context for object [ffff88040d822eb0]
[    5.353534]      scan-1142 get_device_data       : No context for object [ffff88040d822ed8]
[    5.353713]     utils-0051 util_eval_error       : Evaluate [\_SB_.PCI0.PB3_._STA]: AE_NOT_FOUND
[    5.353944] device: 'device:03': device_add
[    5.354006] bus: 'acpi': add device device:03
[    5.354092]      scan-1934 add_single_object     : Added device:03 [\_SB_.PCI0.PB3_] parent PNP0A08:00
[    5.354296]      scan-1142 get_device_data       : No context for object [ffff88040d822f00]
[    5.354494]      scan-1142 get_device_data       : No context for object [ffff88040d822f28]
[    5.354691]      scan-1142 get_device_data       : No context for object [ffff88040d822f50]
[    5.354888]      scan-1142 get_device_data       : No context for object [ffff88040d822f78]
[    5.355085]      scan-1142 get_device_data       : No context for object [ffff88040d822fa0]
[    5.355279]      scan-1142 get_device_data       : No context for object [ffff88040d822fc8]
[    5.355476]      scan-1142 get_device_data       : No context for object [ffff88040d823000]
[    5.355674]      scan-1142 get_device_data       : No context for object [ffff88040d823028]
[    5.355853]      scan-1142 get_device_data       : No context for object [ffff88040d823050]
[    5.356050]      scan-1142 get_device_data       : No context for object [ffff88040d823078]
[    5.356247]      scan-1142 get_device_data       : No context for object [ffff88040d8230a0]
[    5.356441]      scan-1142 get_device_data       : No context for object [ffff88040d8230c8]
[    5.356669]      scan-1142 get_device_data       : No context for object [ffff88040d8230f0]
[    5.356821]      scan-1142 get_device_data       : No context for object [ffff88040d823118]
[    5.356997]      scan-1142 get_device_data       : No context for object [ffff88040d823140]
[    5.357197]      scan-1142 get_device_data       : No context for object [ffff88040d823168]
[    5.357394]      scan-1142 get_device_data       : No context for object [ffff88040d823190]
[    5.357591]      scan-1142 get_device_data       : No context for object [ffff88040d8231b8]
[    5.357764]      scan-1142 get_device_data       : No context for object [ffff88040d8231e0]
[    5.357962]      scan-1142 get_device_data       : No context for object [ffff88040d823208]
[    5.358159]      scan-1142 get_device_data       : No context for object [ffff88040d823230]
[    5.358357]      scan-1142 get_device_data       : No context for object [ffff88040d823258]
[    5.358554]      scan-1142 get_device_data       : No context for object [ffff88040d823280]
[    5.358738]      scan-1142 get_device_data       : No context for object [ffff88040d8232a8]
[    5.358932]      scan-1142 get_device_data       : No context for object [ffff88040d8232d0]
[    5.359129]      scan-1142 get_device_data       : No context for object [ffff88040d8232f8]
[    5.359327]      scan-1142 get_device_data       : No context for object [ffff88040d823320]
[    5.359524]      scan-1142 get_device_data       : No context for object [ffff88040d823348]
[    5.359721]      scan-1142 get_device_data       : No context for object [ffff88040d823370]
[    5.359918]      scan-1142 get_device_data       : No context for object [ffff88040d823398]
[    5.360159]      scan-1142 get_device_data       : No context for object [ffff88040d8233c0]
[    5.360360]     utils-0051 util_eval_error       : Evaluate [\_SB_.PCI0.PB3_.VGA_._STA]: AE_NOT_FOUND
[    5.360589]     video-0058 backlight_cap_match   : Found generic backlight support
[    5.360800] device: 'LNXVIDEO:00': device_add
[    5.360862] bus: 'acpi': add device LNXVIDEO:00
[    5.360948]      scan-1934 add_single_object     : Added LNXVIDEO:00 [\_SB_.PCI0.PB3_.VGA_] parent device:03
[    5.361152]      scan-1142 get_device_data       : No context for object [ffff88040d8233e8]
[    5.361346]      scan-1142 get_device_data       : No context for object [ffff88040d823410]
[    5.361540]      scan-1142 get_device_data       : No context for object [ffff88040d823438]
[    5.361735]      scan-1142 get_device_data       : No context for object [ffff88040d823460]
[    5.361883]      scan-1142 get_device_data       : No context for object [ffff88040d823488]
[    5.362060]      scan-1142 get_device_data       : No context for object [ffff88040d8234b0]
[    5.362254]      scan-1142 get_device_data       : No context for object [ffff88040d8234d8]
[    5.362449]      scan-1142 get_device_data       : No context for object [ffff88040d823500]
[    5.362639]      scan-1142 get_device_data       : No context for object [ffff88040d823528]
[    5.362818]      scan-1142 get_device_data       : No context for object [ffff88040d823550]
[    5.363013]      scan-1142 get_device_data       : No context for object [ffff88040d823578]
[    5.363207]      scan-1142 get_device_data       : No context for object [ffff88040d8235a0]
[    5.363336]      scan-1142 get_device_data       : No context for object [ffff88040d8235c8]
[    5.363530]      scan-1142 get_device_data       : No context for object [ffff88040d8235f0]
[    5.363717]      scan-1142 get_device_data       : No context for object [ffff88040d823618]
[    5.363909]      scan-1142 get_device_data       : No context for object [ffff88040d823640]
[    5.364103]      scan-1142 get_device_data       : No context for object [ffff88040d823668]
[    5.364298]      scan-1142 get_device_data       : No context for object [ffff88040d823690]
[    5.364492]      scan-1142 get_device_data       : No context for object [ffff88040d8236b8]
[    5.364687]      scan-1142 get_device_data       : No context for object [ffff88040d8236e0]
[    5.364883]      scan-1142 get_device_data       : No context for object [ffff88040d823708]
[    5.365077]      scan-1142 get_device_data       : No context for object [ffff88040d823730]
[    5.365275]      scan-1142 get_device_data       : No context for object [ffff88040d823758]
[    5.365472]      scan-1142 get_device_data       : No context for object [ffff88040d823780]
[    5.365670]      scan-1142 get_device_data       : No context for object [ffff88040d8237a8]
[    5.365821]      scan-1142 get_device_data       : No context for object [ffff88040d8237d0]
[    5.365998]      scan-1142 get_device_data       : No context for object [ffff88040d8237f8]
[    5.366195]      scan-1142 get_device_data       : No context for object [ffff88040d823820]
[    5.366390]      scan-1142 get_device_data       : No context for object [ffff88040d823848]
[    5.366588]      scan-1142 get_device_data       : No context for object [ffff88040d823870]
[    5.366810]      scan-1142 get_device_data       : No context for object [ffff88040d823898]
[    5.367008]      scan-1142 get_device_data       : No context for object [ffff88040d8238c0]
[    5.367205]      scan-1142 get_device_data       : No context for object [ffff88040d8238e8]
[    5.367402]      scan-1142 get_device_data       : No context for object [ffff88040d823910]
[    5.367597]      scan-1142 get_device_data       : No context for object [ffff88040d823938]
[    5.367774]      scan-1142 get_device_data       : No context for object [ffff88040d823960]
[    5.367973]      scan-1142 get_device_data       : No context for object [ffff88040d823988]
[    5.368170]      scan-1142 get_device_data       : No context for object [ffff88040d8239b0]
[    5.368368]      scan-1142 get_device_data       : No context for object [ffff88040d8239d8]
[    5.369582]      scan-1142 get_device_data       : No context for object [ffff88040d837460]
[    5.369763]      scan-1142 get_device_data       : No context for object [ffff88040d83ac08]
[    5.369959]      scan-1142 get_device_data       : No context for object [ffff88040d83ac30]
[    5.370164]      scan-1142 get_device_data       : No context for object [ffff88040d83ac58]
[    5.370363]     utils-0051 util_eval_error       : Evaluate [\_SB_.PCI0.PB3_.VGA_.CRT_._STA]: AE_NOT_FOUND
[    5.370609] device: 'device:04': device_add
[    5.370719] bus: 'acpi': add device device:04
[    5.370805]      scan-1934 add_single_object     : Added device:04 [\_SB_.PCI0.PB3_.VGA_.CRT_] parent LNXVIDEO:00
[    5.370987]      scan-1142 get_device_data       : No context for object [ffff88040d83ac80]
[    5.371181]      scan-1142 get_device_data       : No context for object [ffff88040d83aca8]
[    5.371379]      scan-1142 get_device_data       : No context for object [ffff88040d83acd0]
[    5.371576]      scan-1142 get_device_data       : No context for object [ffff88040d83acf8]
[    5.371769]      scan-1142 get_device_data       : No context for object [ffff88040d83ad20]
[    5.371967]     utils-0051 util_eval_error       : Evaluate [\_SB_.PCI0.PB3_.VGA_.LCD_._STA]: AE_NOT_FOUND
[    5.372212] device: 'device:05': device_add
[    5.372318] bus: 'acpi': add device device:05
[    5.373346]      scan-1934 add_single_object     : Added device:05 [\_SB_.PCI0.PB3_.VGA_.LCD_] parent LNXVIDEO:00
[    5.373346]      scan-1142 get_device_data       : No context for object [ffff88040d83ad48]
[    5.373346]      scan-1142 get_device_data       : No context for object [ffff88040d83ad70]
[    5.373346]      scan-1142 get_device_data       : No context for object [ffff88040d83ad98]
[    5.373346]      scan-1142 get_device_data       : No context for object [ffff88040d83adc0]
[    5.373346]      scan-1142 get_device_data       : No context for object [ffff88040d83ade8]
[    5.373533]      scan-1142 get_device_data       : No context for object [ffff88040d83ae10]
[    5.373727]      scan-1142 get_device_data       : No context for object [ffff88040d83ae38]
[    5.373924]      scan-1142 get_device_data       : No context for object [ffff88040d83ae60]
[    5.374123]     utils-0051 util_eval_error       : Evaluate [\_SB_.PCI0.PB3_.VGA_.TV0_._STA]: AE_NOT_FOUND
[    5.374357] device: 'device:06': device_add
[    5.374420] bus: 'acpi': add device device:06
[    5.374503]      scan-1934 add_single_object     : Added device:06 [\_SB_.PCI0.PB3_.VGA_.TV0_] parent LNXVIDEO:00
[    5.374704]      scan-1142 get_device_data       : No context for object [ffff88040d83ae88]
[    5.374879]      scan-1142 get_device_data       : No context for object [ffff88040d83aeb0]
[    5.375077]      scan-1142 get_device_data       : No context for object [ffff88040d83aed8]
[    5.375274]      scan-1142 get_device_data       : No context for object [ffff88040d83af00]
[    5.375472]      scan-1142 get_device_data       : No context for object [ffff88040d83af28]
[    5.375672]     utils-0051 util_eval_error       : Evaluate [\_SB_.PCI0.PB3_.VGA_.HDMI._STA]: AE_NOT_FOUND
[    5.375870] device: 'device:07': device_add
[    5.375959] bus: 'acpi': add device device:07
[    5.376672]      scan-1934 add_single_object     : Added device:07 [\_SB_.PCI0.PB3_.VGA_.HDMI] parent LNXVIDEO:00
[    5.376672]      scan-1142 get_device_data       : No context for object [ffff88040d83af50]
[    5.376672]      scan-1142 get_device_data       : No context for object [ffff88040d83af78]
[    5.376672]      scan-1142 get_device_data       : No context for object [ffff88040d83afa0]
[    5.376847]      scan-1142 get_device_data       : No context for object [ffff88040d83afc8]
[    5.377045]      scan-1142 get_device_data       : No context for object [ffff88040d823a00]
[    5.377243]     utils-0051 util_eval_error       : Evaluate [\_SB_.PCI0.PB3_.HDAU._STA]: AE_NOT_FOUND
[    5.377470] device: 'device:08': device_add
[    5.377531] bus: 'acpi': add device device:08
[    5.377613]      scan-1934 add_single_object     : Added device:08 [\_SB_.PCI0.PB3_.HDAU] parent device:03
[    5.377794]      scan-1142 get_device_data       : No context for object [ffff88040d823a28]
[    5.377989]      scan-1142 get_device_data       : No context for object [ffff88040d823a50]
[    5.378184]      scan-1142 get_device_data       : No context for object [ffff88040d823a78]
[    5.378378]      scan-1142 get_device_data       : No context for object [ffff88040d823aa0]
[    5.378570]      scan-1142 get_device_data       : No context for object [ffff88040d823ac8]
[    5.378766]      scan-1142 get_device_data       : No context for object [ffff88040d823af0]
[    5.378960]      scan-1142 get_device_data       : No context for object [ffff88040d823b18]
[    5.379156]     utils-0051 util_eval_error       : Evaluate [\_SB_.PCI0.PB4_._STA]: AE_NOT_FOUND
[    5.379450] device: 'device:09': device_add
[    5.379511] bus: 'acpi': add device device:09
[    5.380008]      scan-1934 add_single_object     : Added device:09 [\_SB_.PCI0.PB4_] parent PNP0A08:00
[    5.380008]      scan-1142 get_device_data       : No context for object [ffff88040d823b40]
[    5.380008]      scan-1142 get_device_data       : No context for object [ffff88040d823b68]
[    5.380162]      scan-1142 get_device_data       : No context for object [ffff88040d823b90]
[    5.380358]      scan-1142 get_device_data       : No context for object [ffff88040d823bb8]
[    5.380553]      scan-1142 get_device_data       : No context for object [ffff88040d823be0]
[    5.380747]      scan-1142 get_device_data       : No context for object [ffff88040d823c08]
[    5.380942]      scan-1142 get_device_data       : No context for object [ffff88040d823c30]
[    5.381134]      scan-1142 get_device_data       : No context for object [ffff88040d823c58]
[    5.381330]      scan-1142 get_device_data       : No context for object [ffff88040d823c80]
[    5.381526]      scan-1142 get_device_data       : No context for object [ffff88040d823ca8]
[    5.381723]      scan-1142 get_device_data       : No context for object [ffff88040d823cd0]
[    5.381911]      scan-1142 get_device_data       : No context for object [ffff88040d823cf8]
[    5.382107]      scan-1142 get_device_data       : No context for object [ffff88040d823d20]
[    5.382300]      scan-1142 get_device_data       : No context for object [ffff88040d823d48]
[    5.382498]      scan-1142 get_device_data       : No context for object [ffff88040d823d70]
[    5.382695]      scan-1142 get_device_data       : No context for object [ffff88040d823d98]
[    5.382846]      scan-1142 get_device_data       : No context for object [ffff88040d823dc0]
[    5.383023]      scan-1142 get_device_data       : No context for object [ffff88040d823de8]
[    5.383221]      scan-1142 get_device_data       : No context for object [ffff88040d823e10]
[    5.383334]      scan-1142 get_device_data       : No context for object [ffff88040d823e38]
[    5.383531]      scan-1142 get_device_data       : No context for object [ffff88040d823e60]
[    5.383709]      scan-1142 get_device_data       : No context for object [ffff88040d823e88]
[    5.383906]      scan-1142 get_device_data       : No context for object [ffff88040d823eb0]
[    5.384103]      scan-1142 get_device_data       : No context for object [ffff88040d823ed8]
[    5.384300]      scan-1142 get_device_data       : No context for object [ffff88040d823f00]
[    5.384497]      scan-1142 get_device_data       : No context for object [ffff88040d823f28]
[    5.384686]      scan-1142 get_device_data       : No context for object [ffff88040d823f50]
[    5.384883]      scan-1142 get_device_data       : No context for object [ffff88040d823f78]
[    5.385080]      scan-1142 get_device_data       : No context for object [ffff88040d823fa0]
[    5.385278]      scan-1142 get_device_data       : No context for object [ffff88040d823fc8]
[    5.385475]      scan-1142 get_device_data       : No context for object [ffff88040d825000]
[    5.385674]     utils-0051 util_eval_error       : Evaluate [\_SB_.PCI0.PB4_.XPDV._STA]: AE_NOT_FOUND
[    5.385904] device: 'device:0a': device_add
[    5.385967] bus: 'acpi': add device device:0a
[    5.386679]      scan-1934 add_single_object     : Added device:0a [\_SB_.PCI0.PB4_.XPDV] parent device:09
[    5.386679]      scan-1142 get_device_data       : No context for object [ffff88040d825028]
[    5.386679]      scan-1142 get_device_data       : No context for object [ffff88040d825050]
[    5.386679]      scan-1142 get_device_data       : No context for object [ffff88040d825078]
[    5.386846]      scan-1142 get_device_data       : No context for object [ffff88040d8250a0]
[    5.388064]      scan-1142 get_device_data       : No context for object [ffff88040d8250c8]
[    5.388261]      scan-1142 get_device_data       : No context for object [ffff88040d837500]
[    5.388457]      scan-1142 get_device_data       : No context for object [ffff88040d8250f0]
[    5.388655]      scan-1142 get_device_data       : No context for object [ffff88040d825118]
[    5.388838]     utils-0051 util_eval_error       : Evaluate [\_SB_.PCI0.PB5_._STA]: AE_NOT_FOUND
[    5.389134] device: 'device:0b': device_add
[    5.389196] bus: 'acpi': add device device:0b
[    5.390005]      scan-1934 add_single_object     : Added device:0b [\_SB_.PCI0.PB5_] parent PNP0A08:00
[    5.390005]      scan-1142 get_device_data       : No context for object [ffff88040d825140]
[    5.390005]      scan-1142 get_device_data       : No context for object [ffff88040d825168]
[    5.390005]      scan-1142 get_device_data       : No context for object [ffff88040d825190]
[    5.390130]      scan-1142 get_device_data       : No context for object [ffff88040d8251b8]
[    5.390327]      scan-1142 get_device_data       : No context for object [ffff88040d8251e0]
[    5.390524]      scan-1142 get_device_data       : No context for object [ffff88040d825208]
[    5.390721]      scan-1142 get_device_data       : No context for object [ffff88040d825230]
[    5.390895]      scan-1142 get_device_data       : No context for object [ffff88040d825258]
[    5.391093]      scan-1142 get_device_data       : No context for object [ffff88040d825280]
[    5.391290]      scan-1142 get_device_data       : No context for object [ffff88040d8252a8]
[    5.391488]      scan-1142 get_device_data       : No context for object [ffff88040d8252d0]
[    5.391686]      scan-1142 get_device_data       : No context for object [ffff88040d8252f8]
[    5.391836]      scan-1142 get_device_data       : No context for object [ffff88040d825320]
[    5.392012]      scan-1142 get_device_data       : No context for object [ffff88040d825348]
[    5.392208]      scan-1142 get_device_data       : No context for object [ffff88040d825370]
[    5.392406]      scan-1142 get_device_data       : No context for object [ffff88040d825398]
[    5.392603]      scan-1142 get_device_data       : No context for object [ffff88040d8253c0]
[    5.392780]      scan-1142 get_device_data       : No context for object [ffff88040d8253e8]
[    5.392978]      scan-1142 get_device_data       : No context for object [ffff88040d825410]
[    5.393176]      scan-1142 get_device_data       : No context for object [ffff88040d825438]
[    5.393335]      scan-1142 get_device_data       : No context for object [ffff88040d825460]
[    5.393533]      scan-1142 get_device_data       : No context for object [ffff88040d825488]
[    5.393726]      scan-1142 get_device_data       : No context for object [ffff88040d8254b0]
[    5.393923]      scan-1142 get_device_data       : No context for object [ffff88040d8254d8]
[    5.394118]      scan-1142 get_device_data       : No context for object [ffff88040d825500]
[    5.394312]      scan-1142 get_device_data       : No context for object [ffff88040d825528]
[    5.394502]      scan-1142 get_device_data       : No context for object [ffff88040d825550]
[    5.394697]      scan-1142 get_device_data       : No context for object [ffff88040d825578]
[    5.394893]      scan-1142 get_device_data       : No context for object [ffff88040d8255a0]
[    5.395088]      scan-1142 get_device_data       : No context for object [ffff88040d8255c8]
[    5.395282]      scan-1142 get_device_data       : No context for object [ffff88040d8255f0]
[    5.395478]     utils-0051 util_eval_error       : Evaluate [\_SB_.PCI0.PB5_.XPDV._STA]: AE_NOT_FOUND
[    5.395692] device: 'device:0c': device_add
[    5.395753] bus: 'acpi': add device device:0c
[    5.396672]      scan-1934 add_single_object     : Added device:0c [\_SB_.PCI0.PB5_.XPDV] parent device:0b
[    5.396672]      scan-1142 get_device_data       : No context for object [ffff88040d825618]
[    5.396672]      scan-1142 get_device_data       : No context for object [ffff88040d825640]
[    5.396672]      scan-1142 get_device_data       : No context for object [ffff88040d825668]
[    5.396672]      scan-1142 get_device_data       : No context for object [ffff88040d825690]
[    5.396845]      scan-1142 get_device_data       : No context for object [ffff88040d8256b8]
[    5.397035]      scan-1142 get_device_data       : No context for object [ffff88040d837528]
[    5.397230]      scan-1142 get_device_data       : No context for object [ffff88040d8256e0]
[    5.397425]      scan-1142 get_device_data       : No context for object [ffff88040d825708]
[    5.397621]     utils-0051 util_eval_error       : Evaluate [\_SB_.PCI0.PB6_._STA]: AE_NOT_FOUND
[    5.397850] device: 'device:0d': device_add
[    5.397910] bus: 'acpi': add device device:0d
[    5.397994]      scan-1934 add_single_object     : Added device:0d [\_SB_.PCI0.PB6_] parent PNP0A08:00
[    5.398189]      scan-1142 get_device_data       : No context for object [ffff88040d825730]
[    5.398386]      scan-1142 get_device_data       : No context for object [ffff88040d825758]
[    5.398584]      scan-1142 get_device_data       : No context for object [ffff88040d825780]
[    5.398781]      scan-1142 get_device_data       : No context for object [ffff88040d8257a8]
[    5.398978]      scan-1142 get_device_data       : No context for object [ffff88040d8257d0]
[    5.399175]      scan-1142 get_device_data       : No context for object [ffff88040d8257f8]
[    5.399372]      scan-1142 get_device_data       : No context for object [ffff88040d825820]
[    5.399566]      scan-1142 get_device_data       : No context for object [ffff88040d825848]
[    5.399764]      scan-1142 get_device_data       : No context for object [ffff88040d825870]
[    5.399962]      scan-1142 get_device_data       : No context for object [ffff88040d825898]
[    5.400165]      scan-1142 get_device_data       : No context for object [ffff88040d8258c0]
[    5.400362]      scan-1142 get_device_data       : No context for object [ffff88040d8258e8]
[    5.400559]      scan-1142 get_device_data       : No context for object [ffff88040d825910]
[    5.400753]      scan-1142 get_device_data       : No context for object [ffff88040d825938]
[    5.400930]      scan-1142 get_device_data       : No context for object [ffff88040d825960]
[    5.401129]      scan-1142 get_device_data       : No context for object [ffff88040d825988]
[    5.401327]      scan-1142 get_device_data       : No context for object [ffff88040d8259b0]
[    5.401524]      scan-1142 get_device_data       : No context for object [ffff88040d8259d8]
[    5.401722]      scan-1142 get_device_data       : No context for object [ffff88040d825a00]
[    5.401867]      scan-1142 get_device_data       : No context for object [ffff88040d825a28]
[    5.402044]      scan-1142 get_device_data       : No context for object [ffff88040d825a50]
[    5.402241]      scan-1142 get_device_data       : No context for object [ffff88040d825a78]
[    5.402439]      scan-1142 get_device_data       : No context for object [ffff88040d825aa0]
[    5.402636]      scan-1142 get_device_data       : No context for object [ffff88040d825ac8]
[    5.402814]      scan-1142 get_device_data       : No context for object [ffff88040d825af0]
[    5.403011]      scan-1142 get_device_data       : No context for object [ffff88040d825b18]
[    5.403205]      scan-1142 get_device_data       : No context for object [ffff88040d825b40]
[    5.403335]      scan-1142 get_device_data       : No context for object [ffff88040d825b68]
[    5.403533]      scan-1142 get_device_data       : No context for object [ffff88040d825b90]
[    5.403726]      scan-1142 get_device_data       : No context for object [ffff88040d825bb8]
[    5.403924]      scan-1142 get_device_data       : No context for object [ffff88040d825be0]
[    5.404122]     utils-0051 util_eval_error       : Evaluate [\_SB_.PCI0.PB6_.XPDV._STA]: AE_NOT_FOUND
[    5.404354] device: 'device:0e': device_add
[    5.404465] bus: 'acpi': add device device:0e
[    5.404548]      scan-1934 add_single_object     : Added device:0e [\_SB_.PCI0.PB6_.XPDV] parent device:0d
[    5.404729]      scan-1142 get_device_data       : No context for object [ffff88040d825c08]
[    5.404927]      scan-1142 get_device_data       : No context for object [ffff88040d825c30]
[    5.405125]      scan-1142 get_device_data       : No context for object [ffff88040d825c58]
[    5.405322]      scan-1142 get_device_data       : No context for object [ffff88040d825c80]
[    5.406537]      scan-1142 get_device_data       : No context for object [ffff88040d825ca8]
[    5.406786]      scan-1142 get_device_data       : No context for object [ffff88040d837550]
[    5.406984]      scan-1142 get_device_data       : No context for object [ffff88040d825cd0]
[    5.407181]      scan-1142 get_device_data       : No context for object [ffff88040d825cf8]
[    5.407380]     utils-0051 util_eval_error       : Evaluate [\_SB_.PCI0.PB7_._STA]: AE_NOT_FOUND
[    5.407677] device: 'device:0f': device_add
[    5.407739] bus: 'acpi': add device device:0f
[    5.407823]      scan-1934 add_single_object     : Added device:0f [\_SB_.PCI0.PB7_] parent PNP0A08:00
[    5.408002]      scan-1142 get_device_data       : No context for object [ffff88040d825d20]
[    5.408199]      scan-1142 get_device_data       : No context for object [ffff88040d825d48]
[    5.408397]      scan-1142 get_device_data       : No context for object [ffff88040d825d70]
[    5.408595]      scan-1142 get_device_data       : No context for object [ffff88040d825d98]
[    5.408787]      scan-1142 get_device_data       : No context for object [ffff88040d825dc0]
[    5.408984]      scan-1142 get_device_data       : No context for object [ffff88040d825de8]
[    5.409179]      scan-1142 get_device_data       : No context for object [ffff88040d825e10]
[    5.409374]      scan-1142 get_device_data       : No context for object [ffff88040d825e38]
[    5.409571]      scan-1142 get_device_data       : No context for object [ffff88040d825e60]
[    5.409768]      scan-1142 get_device_data       : No context for object [ffff88040d825e88]
[    5.409965]      scan-1142 get_device_data       : No context for object [ffff88040d825eb0]
[    5.410164]      scan-1142 get_device_data       : No context for object [ffff88040d825ed8]
[    5.410363]      scan-1142 get_device_data       : No context for object [ffff88040d825f00]
[    5.410556]      scan-1142 get_device_data       : No context for object [ffff88040d825f28]
[    5.410754]      scan-1142 get_device_data       : No context for object [ffff88040d825f50]
[    5.410930]      scan-1142 get_device_data       : No context for object [ffff88040d825f78]
[    5.411126]      scan-1142 get_device_data       : No context for object [ffff88040d825fa0]
[    5.411320]      scan-1142 get_device_data       : No context for object [ffff88040d825fc8]
[    5.411515]      scan-1142 get_device_data       : No context for object [ffff88040d827000]
[    5.411706]      scan-1142 get_device_data       : No context for object [ffff88040d827028]
[    5.411855]      scan-1142 get_device_data       : No context for object [ffff88040d827050]
[    5.412032]      scan-1142 get_device_data       : No context for object [ffff88040d827078]
[    5.412227]      scan-1142 get_device_data       : No context for object [ffff88040d8270a0]
[    5.412422]      scan-1142 get_device_data       : No context for object [ffff88040d8270c8]
[    5.412616]      scan-1142 get_device_data       : No context for object [ffff88040d8270f0]
[    5.412791]      scan-1142 get_device_data       : No context for object [ffff88040d827118]
[    5.412980]      scan-1142 get_device_data       : No context for object [ffff88040d827140]
[    5.413175]      scan-1142 get_device_data       : No context for object [ffff88040d827168]
[    5.413335]      scan-1142 get_device_data       : No context for object [ffff88040d827190]
[    5.413530]      scan-1142 get_device_data       : No context for object [ffff88040d8271b8]
[    5.413723]      scan-1142 get_device_data       : No context for object [ffff88040d8271e0]
[    5.413920]     utils-0051 util_eval_error       : Evaluate [\_SB_.PCI0.PB7_.XPDV._STA]: AE_NOT_FOUND
[    5.414133] device: 'device:10': device_add
[    5.414196] bus: 'acpi': add device device:10
[    5.414280]      scan-1934 add_single_object     : Added device:10 [\_SB_.PCI0.PB7_.XPDV] parent device:0f
[    5.414481]      scan-1142 get_device_data       : No context for object [ffff88040d827208]
[    5.414676]      scan-1142 get_device_data       : No context for object [ffff88040d827230]
[    5.414825]      scan-1142 get_device_data       : No context for object [ffff88040d827258]
[    5.415002]      scan-1142 get_device_data       : No context for object [ffff88040d827280]
[    5.415198]      scan-1142 get_device_data       : No context for object [ffff88040d8272a8]
[    5.415391]      scan-1142 get_device_data       : No context for object [ffff88040d837488]
[    5.415589]      scan-1142 get_device_data       : No context for object [ffff88040d8272d0]
[    5.415767]      scan-1142 get_device_data       : No context for object [ffff88040d8272f8]
[    5.415966]     utils-0051 util_eval_error       : Evaluate [\_SB_.PCI0.OHC1._STA]: AE_NOT_FOUND
[    5.416260] device: 'device:11': device_add
[    5.416323] bus: 'acpi': add device device:11
[    5.416672]      scan-1934 add_single_object     : Added device:11 [\_SB_.PCI0.OHC1] parent PNP0A08:00
[    5.416672]      scan-1142 get_device_data       : No context for object [ffff88040d827320]
[    5.416811]      scan-1142 get_device_data       : No context for object [ffff88040d827348]
[    5.417008]      scan-1142 get_device_data       : No context for object [ffff88040d83b2f8]
[    5.417207]     utils-0051 util_eval_error       : Evaluate [\_SB_.PCI0.OHC1.RHUB._STA]: AE_NOT_FOUND
[    5.417443] device: 'device:12': device_add
[    5.417505] bus: 'acpi': add device device:12
[    5.417589]      scan-1934 add_single_object     : Added device:12 [\_SB_.PCI0.OHC1.RHUB] parent device:11
[    5.417781]      scan-1142 get_device_data       : No context for object [ffff88040d83b320]
[    5.417978]      scan-1142 get_device_data       : No context for object [ffff88040d83b348]
[    5.418177]     utils-0051 util_eval_error       : Evaluate [\_SB_.PCI0.OHC1.RHUB.PRT3._STA]: AE_NOT_FOUND
[    5.418411] device: 'device:13': device_add
[    5.418475] bus: 'acpi': add device device:13
[    5.420013]      scan-1934 add_single_object     : Added device:13 [\_SB_.PCI0.OHC1.RHUB.PRT3] parent device:12
[    5.420013]      scan-1142 get_device_data       : No context for object [ffff88040d83b370]
[    5.420013]      scan-1142 get_device_data       : No context for object [ffff88040d83b398]
[    5.420013]      scan-1142 get_device_data       : No context for object [ffff88040d83b3c0]
[    5.420013]      scan-1142 get_device_data       : No context for object [ffff88040d83b3e8]
[    5.420013]     utils-0051 util_eval_error       : Evaluate [\_SB_.PCI0.OHC1.RHUB.PRT4._STA]: AE_NOT_FOUND
[    5.420013] device: 'device:14': device_add
[    5.420013] bus: 'acpi': add device device:14
[    5.420051]      scan-1934 add_single_object     : Added device:14 [\_SB_.PCI0.OHC1.RHUB.PRT4] parent device:12
[    5.420114]      scan-1142 get_device_data       : No context for object [ffff88040d83b410]
[    5.420307]      scan-1142 get_device_data       : No context for object [ffff88040d83b438]
[    5.420506]      scan-1142 get_device_data       : No context for object [ffff88040d83b460]
[    5.420703]      scan-1142 get_device_data       : No context for object [ffff88040d827370]
[    5.420856]     utils-0051 util_eval_error       : Evaluate [\_SB_.PCI0.EHC1._STA]: AE_NOT_FOUND
[    5.421129] device: 'device:15': device_add
[    5.421193] bus: 'acpi': add device device:15
[    5.421277]      scan-1934 add_single_object     : Added device:15 [\_SB_.PCI0.EHC1] parent PNP0A08:00
[    5.421476]      scan-1142 get_device_data       : No context for object [ffff88040d827398]
[    5.421673]      scan-1142 get_device_data       : No context for object [ffff88040d8273c0]
[    5.421849]      scan-1142 get_device_data       : No context for object [ffff88040d83b028]
[    5.422048]     utils-0051 util_eval_error       : Evaluate [\_SB_.PCI0.EHC1.RHUB._STA]: AE_NOT_FOUND
[    5.422281] device: 'device:16': device_add
[    5.422344] bus: 'acpi': add device device:16
[    5.423337]      scan-1934 add_single_object     : Added device:16 [\_SB_.PCI0.EHC1.RHUB] parent device:15
[    5.423337]      scan-1142 get_device_data       : No context for object [ffff88040d83b050]
[    5.423337]      scan-1142 get_device_data       : No context for object [ffff88040d83b078]
[    5.423337]     utils-0051 util_eval_error       : Evaluate [\_SB_.PCI0.EHC1.RHUB.PRT3._STA]: AE_NOT_FOUND
[    5.423337] device: 'device:17': device_add
[    5.423337] bus: 'acpi': add device device:17
[    5.423375]      scan-1934 add_single_object     : Added device:17 [\_SB_.PCI0.EHC1.RHUB.PRT3] parent device:16
[    5.423562]      scan-1142 get_device_data       : No context for object [ffff88040d83b0a0]
[    5.423760]      scan-1142 get_device_data       : No context for object [ffff88040d83b0c8]
[    5.424974]      scan-1142 get_device_data       : No context for object [ffff88040d83b0f0]
[    5.425170]      scan-1142 get_device_data       : No context for object [ffff88040d83b118]
[    5.425370]     utils-0051 util_eval_error       : Evaluate [\_SB_.PCI0.EHC1.RHUB.PRT4._STA]: AE_NOT_FOUND
[    5.425606] device: 'device:18': device_add
[    5.425669] bus: 'acpi': add device device:18
[    5.426671]      scan-1934 add_single_object     : Added device:18 [\_SB_.PCI0.EHC1.RHUB.PRT4] parent device:16
[    5.426671]      scan-1142 get_device_data       : No context for object [ffff88040d83b140]
[    5.426671]      scan-1142 get_device_data       : No context for object [ffff88040d83b168]
[    5.426671]      scan-1142 get_device_data       : No context for object [ffff88040d83b190]
[    5.426671]      scan-1142 get_device_data       : No context for object [ffff88040d8273e8]
[    5.426671]     utils-0051 util_eval_error       : Evaluate [\_SB_.PCI0.OHC2._STA]: AE_NOT_FOUND
[    5.426944] device: 'device:19': device_add
[    5.427007] bus: 'acpi': add device device:19
[    5.427091]      scan-1934 add_single_object     : Added device:19 [\_SB_.PCI0.OHC2] parent PNP0A08:00
[    5.427293]      scan-1142 get_device_data       : No context for object [ffff88040d827410]
[    5.427487]      scan-1142 get_device_data       : No context for object [ffff88040d827438]
[    5.427679]      scan-1142 get_device_data       : No context for object [ffff88040d83b488]
[    5.427875]     utils-0051 util_eval_error       : Evaluate [\_SB_.PCI0.OHC2.RHUB._STA]: AE_NOT_FOUND
[    5.428106] device: 'device:1a': device_add
[    5.428167] bus: 'acpi': add device device:1a
[    5.428249]      scan-1934 add_single_object     : Added device:1a [\_SB_.PCI0.OHC2.RHUB] parent device:19
[    5.428451]      scan-1142 get_device_data       : No context for object [ffff88040d83b4b0]
[    5.428644]      scan-1142 get_device_data       : No context for object [ffff88040d83b4d8]
[    5.428787]     utils-0051 util_eval_error       : Evaluate [\_SB_.PCI0.OHC2.RHUB.PRT4._STA]: AE_NOT_FOUND
[    5.429000] device: 'device:1b': device_add
[    5.429061] bus: 'acpi': add device device:1b
[    5.430008]      scan-1934 add_single_object     : Added device:1b [\_SB_.PCI0.OHC2.RHUB.PRT4] parent device:1a
