[    0.000000] Initializing cgroup subsys cpuset
[    0.000000] Initializing cgroup subsys cpu
[    0.000000] Initializing cgroup subsys cpuacct
[    0.000000] Linux version 3.17.0-rc3-g86ba8b0 (emacs@manji) (gcc version 4.9.1 (GCC) ) #78 SMP Sat Sep 6 03:38:29 CEST 2014
[    0.000000] Command line: BOOT_IMAGE=/vmlinuz-linux-git root=UUID=bfa4ab6e-19a3-4601-ba2b-267c55841c73 rw cryptdevice=/dev/disk/by-uuid/70c08890-417a-497d-b6ab-c0d0357a63e2:cryptManjaro:allow-discards ipv6.disable=1 pnp.debug=1 loglevel=9 log_buf_len=10M printk.always_kmsg_dump=y printk.time=y mminit_loglevel=0 memory_corruption_check=1 acpi.debug_layer=0xfbff0000 acpi.debug_level=0xFFFFFFFD pnp.debug=1 nohz=on rcu_nocbs=1-3 pcie_aspm=force fbcon=scrollback:4096k fbcon=font:ProFont6x11 radeon.audio=0 radeon.lockup_timeout=0 radeon.test=0 radeon.agpmode=-1 radeon.benchmark=0 radeon.tv=0 radeon.hard_reset=1 radeon.aspm=1 radeon.dpm=1 radeon.msi=1 radeon.pcie_gen2=-1 radeon.no_wb=1 radeon.modeset=1 radeon.dynclks=1 radeon.r4xx_atom=0 radeon.runpm=0 radeonfb radeon.fastfb=1 nomodeset apic=debug
[    0.000000] KERNEL supported cpus:
[    0.000000]   AMD AuthenticAMD
[    0.000000] tseg: 00bfe00000
[    0.000000] e820: BIOS-provided physical RAM map:
[    0.000000] BIOS-e820: [mem 0x0000000000000000-0x000000000009d7ff] usable
[    0.000000] BIOS-e820: [mem 0x000000000009d800-0x000000000009ffff] reserved
[    0.000000] BIOS-e820: [mem 0x00000000000e0000-0x00000000000fffff] reserved
[    0.000000] BIOS-e820: [mem 0x0000000000100000-0x00000000bed9afff] usable
[    0.000000] BIOS-e820: [mem 0x00000000bed9b000-0x00000000bf39afff] reserved
[    0.000000] BIOS-e820: [mem 0x00000000bf39b000-0x00000000bf49afff] ACPI NVS
[    0.000000] BIOS-e820: [mem 0x00000000bf49b000-0x00000000bf51afff] ACPI data
[    0.000000] BIOS-e820: [mem 0x00000000bf51b000-0x00000000bfdfffff] usable
[    0.000000] BIOS-e820: [mem 0x00000000bfe00000-0x00000000bfffffff] reserved
[    0.000000] BIOS-e820: [mem 0x00000000fec00000-0x00000000fecfffff] reserved
[    0.000000] BIOS-e820: [mem 0x00000000fed80000-0x00000000fed80fff] reserved
[    0.000000] BIOS-e820: [mem 0x00000000ffe00000-0x00000000ffffffff] reserved
[    0.000000] BIOS-e820: [mem 0x0000000100000000-0x000000041effffff] usable
[    0.000000] NX (Execute Disable) protection: active
[    0.000000] SMBIOS 2.6 present.
[    0.000000] DMI: LENOVO Sabine/Torpedo, BIOS 54CN18WW 07/20/2011
[    0.000000] e820: update [mem 0x00000000-0x00000fff] usable ==> reserved
[    0.000000] e820: remove [mem 0x000a0000-0x000fffff] usable
[    0.000000] e820: last_pfn = 0x41f000 max_arch_pfn = 0x400000000
[    0.000000] MTRR default type: uncachable
[    0.000000] MTRR fixed ranges enabled:
[    0.000000]   00000-9FFFF write-back
[    0.000000]   A0000-BFFFF uncachable
[    0.000000]   C0000-FFFFF write-protect
[    0.000000] MTRR variable ranges enabled:
[    0.000000]   0 base 0000000000 mask FF80000000 write-back
[    0.000000]   1 base 0080000000 mask FFC0000000 write-back
[    0.000000]   2 base 00FFF90000 mask FFFFFF0000 uncachable
[    0.000000]   3 base 00FED80000 mask 0FFFFFF000 uncachable
[    0.000000]   4 disabled
[    0.000000]   5 disabled
[    0.000000]   6 disabled
[    0.000000]   7 base 00FFE00000 mask FFFFE00000 write-protect
[    0.000000] TOM2: 000000041f000000 aka 16880M
[    0.000000] mtrr: your BIOS has configured an incorrect mask, fixing it.
[    0.000000] e820: last_pfn = 0xbfe00 max_arch_pfn = 0x400000000
[    0.000000] Scan for SMP in [mem 0x00000000-0x000003ff]
[    0.000000] Scan for SMP in [mem 0x0009fc00-0x0009ffff]
[    0.000000] Scan for SMP in [mem 0x000f0000-0x000fffff]
[    0.000000] found SMP MP-table at [mem 0x000fa8b0-0x000fa8bf] mapped at [ffff8800000fa8b0]
[    0.000000]   mpc: fa8c0-faa24
[    0.000000] Base memory trampoline at [ffff880000097000] 97000 size 24576
[    0.000000] Using GB pages for direct mapping
[    0.000000] init_memory_mapping: [mem 0x00000000-0x000fffff]
[    0.000000]  [mem 0x00000000-0x000fffff] page 4k
[    0.000000] BRK [0x01e17000, 0x01e17fff] PGTABLE
[    0.000000] BRK [0x01e18000, 0x01e18fff] PGTABLE
[    0.000000] BRK [0x01e19000, 0x01e19fff] PGTABLE
[    0.000000] init_memory_mapping: [mem 0x41ee00000-0x41effffff]
[    0.000000]  [mem 0x41ee00000-0x41effffff] page 2M
[    0.000000] BRK [0x01e1a000, 0x01e1afff] PGTABLE
[    0.000000] init_memory_mapping: [mem 0x41c000000-0x41edfffff]
[    0.000000]  [mem 0x41c000000-0x41edfffff] page 2M
[    0.000000] init_memory_mapping: [mem 0x400000000-0x41bffffff]
[    0.000000]  [mem 0x400000000-0x41bffffff] page 2M
[    0.000000] init_memory_mapping: [mem 0x00100000-0xbed9afff]
[    0.000000]  [mem 0x00100000-0x001fffff] page 4k
[    0.000000]  [mem 0x00200000-0x3fffffff] page 2M
[    0.000000]  [mem 0x40000000-0x7fffffff] page 1G
[    0.000000]  [mem 0x80000000-0xbebfffff] page 2M
[    0.000000]  [mem 0xbec00000-0xbed9afff] page 4k
[    0.000000] init_memory_mapping: [mem 0xbf51b000-0xbfdfffff]
[    0.000000]  [mem 0xbf51b000-0xbf5fffff] page 4k
[    0.000000]  [mem 0xbf600000-0xbfdfffff] page 2M
[    0.000000] BRK [0x01e1b000, 0x01e1bfff] PGTABLE
[    0.000000] init_memory_mapping: [mem 0x100000000-0x3ffffffff]
[    0.000000]  [mem 0x100000000-0x3ffffffff] page 1G
[    0.000000] log_buf_len: 16777216 bytes
[    0.000000] early log buf free: 2091816(99%)
[    0.000000] RAMDISK: [mem 0x37828000-0x37c0bfff]
[    0.000000] ACPI: Early table checksum verification disabled
[    0.000000] ACPI: RSDP 0x00000000000F0110 000024 (v02 LENOVO)
[    0.000000] ACPI: XSDT 0x00000000BF51A120 000074 (v01 LENOVO CB-01    00000001 LENO 00000001)
[    0.000000] ACPI: FACP 0x00000000BF508000 0000F4 (v04 LENOVO CB-01    00000001 PTL  00000001)
[    0.000000] ACPI: DSDT 0x00000000BF50A000 00FD10 (v01 LENOVO CB-01    00001000 LENO 00000001)
[    0.000000] ACPI: FACS 0x00000000BF478000 000040
[    0.000000] ACPI: HPET 0x00000000BF507000 000038 (v01 LENOVO CB-01    00000001 PTL  00000001)
[    0.000000] ACPI: APIC 0x00000000BF506000 00007A (v02 LENOVO CB-01    00000001 PTL  00000001)
[    0.000000] ACPI: MCFG 0x00000000BF505000 00003C (v01 LENOVO CB-01    00000001 PTL  00000001)
[    0.000000] ACPI: SLIC 0x00000000BF504000 000176 (v01 LENOVO CB-01    00000001 LENO 00000001)
[    0.000000] ACPI: UEFI 0x00000000BF503000 00003E (v01 LENOVO CB-01    00000001 PTL  00000001)
[    0.000000] ACPI: UEFI 0x00000000BF502000 000042 (v01 PTL    COMBUF   00000001 PTL  00000001)
[    0.000000] ACPI: SSDT 0x00000000BF501000 000E34 (v01 AMD    POWERNOW 00000001 AMD  00000001)
[    0.000000] ACPI: SSDT 0x00000000BF4FF000 00193D (v02 AMD    ALIB     00000001 MSFT 04000000)
[    0.000000] ACPI: UEFI 0x00000000BF4FE000 00021A (v01 LENOVO CB-01    00000001 PTL  00000001)
[    0.000000] ACPI: Local APIC address 0xfee00000
[    0.000000] mapped APIC to ffffffffff5fd000 (        fee00000)
[    0.000000] No NUMA configuration found
[    0.000000] Faking a node at [mem 0x0000000000000000-0x000000041effffff]
[    0.000000] Initmem setup node 0 [mem 0x00000000-0x41effffff]
[    0.000000]   NODE_DATA [mem 0x41dffa000-0x41dffdfff]
[    0.000000]  [ffffea0000000000-ffffea00107fffff] PMD -> [ffff88040de00000-ffff88041d5fffff] on node 0
[    0.000000] Zone ranges:
[    0.000000]   DMA      [mem 0x00001000-0x00ffffff]
[    0.000000]   DMA32    [mem 0x01000000-0xffffffff]
[    0.000000]   Normal   [mem 0x100000000-0x41effffff]
[    0.000000] Movable zone start for each node
[    0.000000] Early memory node ranges
[    0.000000]   node   0: [mem 0x00001000-0x0009cfff]
[    0.000000]   node   0: [mem 0x00100000-0xbed9afff]
[    0.000000]   node   0: [mem 0xbf51b000-0xbfdfffff]
[    0.000000]   node   0: [mem 0x100000000-0x41effffff]
[    0.000000] On node 0 totalpages: 4056604
[    0.000000]   DMA zone: 64 pages used for memmap
[    0.000000]   DMA zone: 21 pages reserved
[    0.000000]   DMA zone: 3996 pages, LIFO batch:0
[    0.000000]   DMA32 zone: 12186 pages used for memmap
[    0.000000]   DMA32 zone: 779904 pages, LIFO batch:31
[    0.000000]   Normal zone: 51136 pages used for memmap
[    0.000000]   Normal zone: 3272704 pages, LIFO batch:31
[    0.000000] ACPI: PM-Timer IO Port: 0x808
[    0.000000] ACPI: Local APIC address 0xfee00000
[    0.000000] mapped APIC to ffffffffff5fd000 (        fee00000)
[    0.000000] ACPI: LAPIC (acpi_id[0x00] lapic_id[0x00] enabled)
[    0.000000] ACPI: LAPIC (acpi_id[0x01] lapic_id[0x01] enabled)
[    0.000000] ACPI: LAPIC (acpi_id[0x02] lapic_id[0x02] enabled)
[    0.000000] ACPI: LAPIC (acpi_id[0x03] lapic_id[0x03] enabled)
[    0.000000] ACPI: LAPIC_NMI (acpi_id[0x00] high edge lint[0x1])
[    0.000000] ACPI: LAPIC_NMI (acpi_id[0x01] high edge lint[0x1])
[    0.000000] ACPI: LAPIC_NMI (acpi_id[0x02] high edge lint[0x1])
[    0.000000] ACPI: LAPIC_NMI (acpi_id[0x03] high edge lint[0x1])
[    0.000000] ACPI: IOAPIC (id[0x02] address[0xfec00000] gsi_base[0])
[    0.000000] IOAPIC[0]: apic_id 2, version 33, address 0xfec00000, GSI 0-23
[    0.000000] ACPI: INT_SRC_OVR (bus 0 bus_irq 0 global_irq 2 dfl dfl)
[    0.000000] Int: type 0, pol 0, trig 0, bus 00, IRQ 00, APIC ID 2, APIC INT 02
[    0.000000] Int: type 0, pol 3, trig 3, bus 00, IRQ 09, APIC ID 2, APIC INT 09
[    0.000000] ACPI: IRQ0 used by override.
[    0.000000] Int: type 0, pol 0, trig 0, bus 00, IRQ 01, APIC ID 2, APIC INT 01
[    0.000000] Int: type 0, pol 0, trig 0, bus 00, IRQ 03, APIC ID 2, APIC INT 03
[    0.000000] Int: type 0, pol 0, trig 0, bus 00, IRQ 04, APIC ID 2, APIC INT 04
[    0.000000] Int: type 0, pol 0, trig 0, bus 00, IRQ 05, APIC ID 2, APIC INT 05
[    0.000000] Int: type 0, pol 0, trig 0, bus 00, IRQ 06, APIC ID 2, APIC INT 06
[    0.000000] Int: type 0, pol 0, trig 0, bus 00, IRQ 07, APIC ID 2, APIC INT 07
[    0.000000] Int: type 0, pol 0, trig 0, bus 00, IRQ 08, APIC ID 2, APIC INT 08
[    0.000000] ACPI: IRQ9 used by override.
[    0.000000] Int: type 0, pol 0, trig 0, bus 00, IRQ 0a, APIC ID 2, APIC INT 0a
[    0.000000] Int: type 0, pol 0, trig 0, bus 00, IRQ 0b, APIC ID 2, APIC INT 0b
[    0.000000] Int: type 0, pol 0, trig 0, bus 00, IRQ 0c, APIC ID 2, APIC INT 0c
[    0.000000] Int: type 0, pol 0, trig 0, bus 00, IRQ 0d, APIC ID 2, APIC INT 0d
[    0.000000] Int: type 0, pol 0, trig 0, bus 00, IRQ 0e, APIC ID 2, APIC INT 0e
[    0.000000] Int: type 0, pol 0, trig 0, bus 00, IRQ 0f, APIC ID 2, APIC INT 0f
[    0.000000] Using ACPI (MADT) for SMP configuration information
[    0.000000] ACPI: HPET id: 0x43538210 base: 0xfed00000
[    0.000000] smpboot: Allowing 4 CPUs, 0 hotplug CPUs
[    0.000000] mapped IOAPIC to ffffffffff5fc000 (fec00000)
[    0.000000] e820: [mem 0xc0000000-0xfebfffff] available for PCI devices
[    0.000000] setup_percpu: NR_CPUS:64 nr_cpumask_bits:64 nr_cpu_ids:4 nr_node_ids:1
[    0.000000] PERCPU: Embedded 27 pages/cpu @ffff88041dc00000 s80256 r8192 d22144 u524288
[    0.000000] pcpu-alloc: s80256 r8192 d22144 u524288 alloc=1*2097152
[    0.000000] pcpu-alloc: [0] 0 1 2 3 
[    0.000000] Built 1 zonelists in Zone order, mobility grouping on.  Total pages: 3993197
[    0.000000] Policy zone: Normal
[    0.000000] Kernel command line: BOOT_IMAGE=/vmlinuz-linux-git root=UUID=bfa4ab6e-19a3-4601-ba2b-267c55841c73 rw cryptdevice=/dev/disk/by-uuid/70c08890-417a-497d-b6ab-c0d0357a63e2:cryptManjaro:allow-discards ipv6.disable=1 pnp.debug=1 loglevel=9 log_buf_len=10M printk.always_kmsg_dump=y printk.time=y mminit_loglevel=0 memory_corruption_check=1 acpi.debug_layer=0xfbff0000 acpi.debug_level=0xFFFFFFFD pnp.debug=1 nohz=on rcu_nocbs=1-3 pcie_aspm=force fbcon=scrollback:4096k fbcon=font:ProFont6x11 radeon.audio=0 radeon.lockup_timeout=0 radeon.test=0 radeon.agpmode=-1 radeon.benchmark=0 radeon.tv=0 radeon.hard_reset=1 radeon.aspm=1 radeon.dpm=1 radeon.msi=1 radeon.pcie_gen2=-1 radeon.no_wb=1 radeon.modeset=1 radeon.dynclks=1 radeon.r4xx_atom=0 radeon.runpm=0 radeonfb radeon.fastfb=1 nomodeset apic=debug
[    0.000000] PCIe ASPM is forcibly enabled
[    0.000000] PID hash table entries: 4096 (order: 3, 32768 bytes)
[    0.000000] Memory: 15870892K/16226416K available (5248K kernel code, 721K rwdata, 2208K rodata, 848K init, 2588K bss, 355524K reserved)
[    0.000000] SLUB: HWalign=64, Order=0-3, MinObjects=0, CPUs=4, Nodes=1
[    0.000000] Hierarchical RCU implementation.
[    0.000000] 	RCU dyntick-idle grace-period acceleration is enabled.
[    0.000000] 	Additional per-CPU info printed with stalls.
[    0.000000] 	RCU restricting CPUs from NR_CPUS=64 to nr_cpu_ids=4.
[    0.000000] 	Offload RCU callbacks from all CPUs
[    0.000000] 	Offload RCU callbacks from CPUs: 0-3.
[    0.000000] RCU: Adjusting geometry for rcu_fanout_leaf=16, nr_cpu_ids=4
[    0.000000] NR_IRQS:4352 nr_irqs:456 0
[    0.000000] spurious 8259A interrupt: IRQ7.
[    0.000000] vgacon: allocated 4194304 bytes of memory for scrollback. CONFIG_VGACON_SOFT_SCROLLBACK_SIZE=4096
[    0.000000] Console: colour VGA+ 80x25
[    0.000000] console [tty0] enabled
[    0.000000] allocated 65011712 bytes of page_cgroup
[    0.000000] please try 'cgroup_disable=memory' option if you don't want memory cgroups
[    0.000000] hpet clockevent registered
[    0.000000] tsc: Fast TSC calibration using PIT
[    0.000000] tsc: Detected 1397.481 MHz processor
[    0.000065] Calibrating delay loop (skipped), value calculated using timer frequency.. 2796.41 BogoMIPS (lpj=4658270)
[    0.000197] pid_max: default: 32768 minimum: 301
[    0.000270] ACPI: Core revision 20140724
[    0.026518] ACPI: All ACPI Tables successfully acquired
[    0.028867] Security Framework initialized
[    0.030521] Dentry cache hash table entries: 2097152 (order: 12, 16777216 bytes)
[    0.037459] Inode-cache hash table entries: 1048576 (order: 11, 8388608 bytes)
[    0.040533] Mount-cache hash table entries: 32768 (order: 6, 262144 bytes)
[    0.040675] Mountpoint-cache hash table entries: 32768 (order: 6, 262144 bytes)
[    0.041206] Initializing cgroup subsys memory
[    0.041326] Initializing cgroup subsys devices
[    0.041393] Initializing cgroup subsys freezer
[    0.041460] Initializing cgroup subsys net_cls
[    0.041527] Initializing cgroup subsys blkio
[    0.041619] CPU: Physical Processor ID: 0
[    0.041683] CPU: Processor Core ID: 0
[    0.041748] mce: CPU supports 6 MCE banks
[    0.041822] Last level iTLB entries: 4KB 512, 2MB 16, 4MB 8
Last level dTLB entries: 4KB 1024, 2MB 128, 4MB 64, 1GB 0
[    0.042102] Freeing SMP alternatives memory: 20K (ffffffff81b8a000 - ffffffff81b8f000)
[    0.042378] Getting VERSION: 80050010
[    0.042489] Getting VERSION: 80050010
[    0.042552] Getting ID: 0
[    0.042614] Getting ID: ff000000
[    0.042677] Getting LVT0: 700
[    0.042740] Getting LVT1: 400
[    0.042809] enabled ExtINT on CPU#0
[    0.043047] ENABLING IO-APIC IRQs
[    0.043112] init IO_APIC IRQs
[    0.043175]  apic 2 pin 0 not connected
[    0.043246] IOAPIC[0]: Set routing entry (2-1 -> 0x31 -> IRQ 1 Mode:0 Active:0 Dest:1)
[    0.043362] IOAPIC[0]: Set routing entry (2-2 -> 0x30 -> IRQ 0 Mode:0 Active:0 Dest:1)
[    0.043511] IOAPIC[0]: Set routing entry (2-2 -> 0x30 -> IRQ 0 Mode:0 Active:0 Dest:1)
[    0.043646] IOAPIC[0]: Set routing entry (2-3 -> 0x33 -> IRQ 3 Mode:0 Active:0 Dest:1)
[    0.043759] IOAPIC[0]: Set routing entry (2-4 -> 0x34 -> IRQ 4 Mode:0 Active:0 Dest:1)
[    0.043895] IOAPIC[0]: Set routing entry (2-5 -> 0x35 -> IRQ 5 Mode:0 Active:0 Dest:1)
[    0.044030] IOAPIC[0]: Set routing entry (2-6 -> 0x36 -> IRQ 6 Mode:0 Active:0 Dest:1)
[    0.044166] IOAPIC[0]: Set routing entry (2-7 -> 0x37 -> IRQ 7 Mode:0 Active:0 Dest:1)
[    0.044301] IOAPIC[0]: Set routing entry (2-8 -> 0x38 -> IRQ 8 Mode:0 Active:0 Dest:1)
[    0.044436] IOAPIC[0]: Set routing entry (2-9 -> 0x39 -> IRQ 9 Mode:1 Active:1 Dest:1)
[    0.044572] IOAPIC[0]: Set routing entry (2-10 -> 0x3a -> IRQ 10 Mode:0 Active:0 Dest:1)
[    0.044708] IOAPIC[0]: Set routing entry (2-11 -> 0x3b -> IRQ 11 Mode:0 Active:0 Dest:1)
[    0.044797] IOAPIC[0]: Set routing entry (2-12 -> 0x3c -> IRQ 12 Mode:0 Active:0 Dest:1)
[    0.044932] IOAPIC[0]: Set routing entry (2-13 -> 0x3d -> IRQ 13 Mode:0 Active:0 Dest:1)
[    0.045068] IOAPIC[0]: Set routing entry (2-14 -> 0x3e -> IRQ 14 Mode:0 Active:0 Dest:1)
[    0.045203] IOAPIC[0]: Set routing entry (2-15 -> 0x3f -> IRQ 15 Mode:0 Active:0 Dest:1)
[    0.045337]  apic 2 pin 16 not connected
[    0.045397]  apic 2 pin 17 not connected
[    0.045456]  apic 2 pin 18 not connected
[    0.045515]  apic 2 pin 19 not connected
[    0.045574]  apic 2 pin 20 not connected
[    0.045633]  apic 2 pin 21 not connected
[    0.045692]  apic 2 pin 22 not connected
[    0.045751]  apic 2 pin 23 not connected
[    0.045943] ..TIMER: vector=0x30 apic1=0 pin1=2 apic2=-1 pin2=-1
[    0.079022] smpboot: CPU0: AMD A6-3400M APU with Radeon(tm) HD Graphics (fam: 12, model: 01, stepping: 00)
[    0.079270] Using local APIC timer interrupts.
calibrating APIC timer ...
[    0.183472] ... lapic delta = 1247725
[    0.183536] ... PM-Timer delta = 357953
[    0.183597] ... PM-Timer result ok
[    0.183661] ..... delta 1247725
[    0.183722] ..... mult: 53589386
[    0.183784] ..... calibration result: 665453
[    0.183847] ..... CPU clock speed is 1397.1978 MHz.
[    0.183911] ..... host bus clock speed is 199.2186 MHz.
[    0.184009] Performance Events: AMD PMU driver.
[    0.184113] ... version:                0
[    0.184175] ... bit width:              48
[    0.184238] ... generic registers:      4
[    0.184300] ... value mask:             0000ffffffffffff
[    0.184363] ... max period:             00007fffffffffff
[    0.184427] ... fixed-purpose events:   0
[    0.184489] ... event mask:             000000000000000f
[    0.185032] MCE: In-kernel MCE decoding enabled.
[    0.185201] trying cpu_up:
[    0.185314] NMI watchdog: enabled on all CPUs, permanently consumes one hw-PMU counter.
[    0.185626] smpboot: ++++++++++++++++++++=_---CPU UP  1
[    0.185738] x86: Booting SMP configuration:
[    0.185803] .... node  #0, CPUs:      #1
[    0.185911] smpboot: Setting warm reset code and vector.
[    0.186033] smpboot: 1.
[    0.186094] smpboot: 2.
[    0.186155] smpboot: 3.
[    0.186217] smpboot: Asserting INIT
[    0.186279] smpboot: disabling irqs:
[    0.186352] smpboot: done disabling irqs
[    0.186415] smpboot: waiting 3 sec for mouse movements to 'crash' this cpu
[    3.191884] smpboot: done waiting
[    3.191993] smpboot: Waiting for INIT send to finish...
[    3.202062] smpboot: status for above ^ is: 0
[    3.202172] smpboot: Deasserting INIT
[    3.202235] smpboot: Waiting for above send to finish...
[    3.202300] smpboot: #startup loops: 2
[    3.202363] smpboot: Sending STARTUP #1
[    3.202427] smpboot: After apic_write
[    3.202489] smpboot: enabling irqs:
[    3.202574] smpboot: done enabling irqs
[    3.108203] smpboot: CPU#1 (phys ID: 1) waiting for CALLOUT
[    3.108205] smpboot: Waiting max 15 sec for callout
[    3.203065] smpboot: Startup point 1
[    3.203175] smpboot: Waiting for send to finish...
[    3.203440] smpboot: Sending STARTUP #2
[    3.203549] smpboot: After apic_write
[    3.203913] smpboot: Startup point 1
[    3.204023] smpboot: Waiting for send to finish...
[    3.204287] smpboot: After Startup
[    3.204397] smpboot: Before Callout 1
[    3.204461] smpboot: After Callout 1
[    3.110030] smpboot: done waiting max 15 sec for callout
[    3.110035] masked ExtINT on CPU#1
[    3.110067] smpboot: Stack at about ffff880407807f3c
[    3.204716] smpboot: start waiting 5sec for response
[    3.204755] smpboot: done waiting 5sec for response
[    3.204855] smpboot: cpumask_test_cpu result: -1
[    3.204918] smpboot: cpu_callin_mask: 0000000000000003
[    3.205015] smpboot: cpu_callout_mask: 0000000000000003
[    3.206177] smpboot: CPU1: has booted.
[    3.208304] TSC synchronization [CPU#0 -> CPU#1]:
[    3.208414] Measured 131919485 cycles TSC warp between CPUs, turning off TSC clock.
[    3.208555] tsc: Marking TSC unstable due to check_tsc_sync_source failed
[    3.208679] after cpu_up !!!!!!!!!!!!
[    3.208764] trying cpu_up:
[    3.208978] smpboot: ++++++++++++++++++++=_---CPU UP  2
[    3.209160]  #2
[    3.209197] smpboot: Setting warm reset code and vector.
[    3.209320] smpboot: 1.
[    3.209379] smpboot: 2.
[    3.209440] smpboot: 3.
[    3.209502] smpboot: Asserting INIT
[    3.209564] smpboot: disabling irqs:
[    3.209635] smpboot: done disabling irqs
[    3.209698] smpboot: waiting 3 sec for mouse movements to 'crash' this cpu
[    7.075147] smpboot: done waiting
[    7.075257] smpboot: Waiting for INIT send to finish...
[    7.085326] smpboot: status for above ^ is: 0
[    7.085435] smpboot: Deasserting INIT
[    7.085497] smpboot: Waiting for above send to finish...
[    7.085560] smpboot: #startup loops: 2
[    7.085623] smpboot: Sending STARTUP #1
[    7.085685] smpboot: After apic_write
[    7.085747] smpboot: enabling irqs:
[    7.085822] smpboot: done enabling irqs
[    7.086185] smpboot: Startup point 1
[    7.086293] smpboot: Waiting for send to finish...
[    7.086556] smpboot: Sending STARTUP #2
[    7.086666] smpboot: After apic_write
[    7.087029] smpboot: Startup point 1
[    7.087092] smpboot: Waiting for send to finish...
[    7.087356] smpboot: After Startup
[    7.087466] smpboot: Before Callout 2
[    7.087529] smpboot: After Callout 2
[    7.087592] smpboot: start waiting 5sec for response
[   12.106138] smpboot: done waiting 5sec for response
[   12.106282] smpboot: cpumask_test_cpu result: 0
[   12.106345] smpboot: cpu_callin_mask: 0000000000000003
[   12.106443] smpboot: cpu_callout_mask: 0000000000000007
[   12.106506] smpboot: CPU2: Not responding
[   12.106628] smpboot: Inquiring remote APIC 0x2...
[   12.106692] smpboot: ... APIC 0x2 ID: 02000000
[   12.106892] smpboot: ... APIC 0x2 VERSION: 80050010
[   12.107138] smpboot: ... APIC 0x2 SPIV: 000000ff
[   12.107387] smpboot: do_boot_cpu failed(1) to wakeup CPU#2
[   12.107458] after cpu_up !!!!!!!!!!!!
[   12.107497] trying cpu_up:
[   12.107705] smpboot: ++++++++++++++++++++=_---CPU UP  3
[   12.107844]  #3
[   12.107880] smpboot: Setting warm reset code and vector.
[   12.108004] smpboot: 1.
[   12.108066] smpboot: 2.
[   12.108129] smpboot: 3.
[   12.108191] smpboot: Asserting INIT
[   12.108254] smpboot: disabling irqs:
[   12.108326] smpboot: done disabling irqs
[   12.108390] smpboot: waiting 3 sec for mouse movements to 'crash' this cpu
[   15.114007] smpboot: done waiting
[   15.114116] smpboot: Waiting for INIT send to finish...
[   15.124183] smpboot: status for above ^ is: 0
[   15.124293] smpboot: Deasserting INIT
[   15.124356] smpboot: Waiting for above send to finish...
[   15.124421] smpboot: #startup loops: 2
[   15.124484] smpboot: Sending STARTUP #1
[   15.124547] smpboot: After apic_write
[   15.124611] smpboot: enabling irqs:
[   15.124686] smpboot: done enabling irqs
[   14.962402] smpboot: CPU#3 (phys ID: 3) waiting for CALLOUT
[   14.962405] smpboot: Waiting max 15 sec for callout
[   15.125180] smpboot: Startup point 1
[   15.125288] smpboot: Waiting for send to finish...
[   15.125552] smpboot: Sending STARTUP #2
[   15.125661] smpboot: After apic_write
[   15.126025] smpboot: Startup point 1
[   15.126134] smpboot: Waiting for send to finish...
[   15.126398] smpboot: After Startup
[   15.126505] smpboot: Before Callout 3
[   15.126568] smpboot: After Callout 3
[   14.964222] smpboot: done waiting max 15 sec for callout
[   14.964226] masked ExtINT on CPU#3
[   14.964258] smpboot: Stack at about ffff88040780ff3c
[   15.126824] smpboot: start waiting 5sec for response
[   15.126864] smpboot: done waiting 5sec for response
[   15.126961] smpboot: cpumask_test_cpu result: -1
[   15.127023] smpboot: cpu_callin_mask: 000000000000000b
[   15.127121] smpboot: cpu_callout_mask: 000000000000000b
[   15.127184] smpboot: CPU3: has booted.
[   15.127336] after cpu_up !!!!!!!!!!!!
[   15.127374] trying cpu_up:
[   15.127477] ------------[ cut here ]------------
[   15.127547] WARNING: CPU: 0 PID: 1 at arch/x86/kernel/smpboot.c:1059 native_cpu_up+0x4d1/0xb20()
[   15.127658] Modules linked in:
[   15.127747] CPU: 0 PID: 1 Comm: swapper/0 Tainted: G          I    3.17.0-rc3-g86ba8b0 #78
[   15.127879] Hardware name: LENOVO Sabine/Torpedo, BIOS 54CN18WW 07/20/2011
[   15.127942]  0000000000000009 ffff880407f0fde0 ffffffff81515681 0000000000000000
[   15.128154]  ffff880407f0fe18 ffffffff8103f978 0000000000000000 ffff880407fa2d50
[   15.128365]  0000000000000002 0000000000000002 ffffffff81aaebd0 ffff880407f0fe28
[   15.128576] Call Trace:
[   15.128642]  [<ffffffff81515681>] dump_stack+0x45/0x56
[   15.128705]  [<ffffffff8103f978>] warn_slowpath_common+0x78/0xa0
[   15.128768]  [<ffffffff8103fa55>] warn_slowpath_null+0x15/0x20
[   15.128830]  [<ffffffff81024291>] native_cpu_up+0x4d1/0xb20
[   15.128891]  [<ffffffff8105b7cd>] ? notifier_call_chain+0x4d/0x70
[   15.128950]  [<ffffffff8103fda4>] cpu_up+0x154/0x1a0
[   15.129013]  [<ffffffff81ae0867>] smp_init+0x8d/0xe7
[   15.129077]  [<ffffffff81acaf3b>] kernel_init_freeable+0xf3/0x200
[   15.129140]  [<ffffffff81511d60>] ? rest_init+0x80/0x80
[   15.129202]  [<ffffffff81511d69>] kernel_init+0x9/0xf0
[   15.129264]  [<ffffffff8151beac>] ret_from_fork+0x7c/0xb0
[   15.129327]  [<ffffffff81511d60>] ? rest_init+0x80/0x80
[   15.129393] ---[ end trace 4c0e4c6d440e537d ]---
[   15.129454] smpboot: ++++++++++++++++++++=_---CPU UP  2
[   15.129514] ------------[ cut here ]------------
[   15.129576] WARNING: CPU: 0 PID: 1 at kernel/smp.c:294 smp_call_function_single+0x89/0xa0()
[   15.129685] Modules linked in:
[   15.129775] CPU: 0 PID: 1 Comm: swapper/0 Tainted: G        W I    3.17.0-rc3-g86ba8b0 #78
[   15.129907] Hardware name: LENOVO Sabine/Torpedo, BIOS 54CN18WW 07/20/2011
[   15.129969]  0000000000000009 ffff880407f0fda0 ffffffff81515681 0000000000000000
[   15.130177]  ffff880407f0fdd8 ffffffff8103f978 0000000000000000 ffffffff8101fc70
[   15.130387]  0000000000000002 0000000000000002 ffffffff81aaebd0 ffff880407f0fde8
[   15.130598] Call Trace:
[   15.130659]  [<ffffffff81515681>] dump_stack+0x45/0x56
[   15.130721]  [<ffffffff8103f978>] warn_slowpath_common+0x78/0xa0
[   15.130785]  [<ffffffff8101fc70>] ? get_fixed_ranges.constprop.6+0x120/0x120
[   15.130848]  [<ffffffff8103fa55>] warn_slowpath_null+0x15/0x20
[   15.130910]  [<ffffffff810a6059>] smp_call_function_single+0x89/0xa0
[   15.130973]  [<ffffffff8101e68f>] mtrr_save_state+0x2f/0x40
[   15.131035]  [<ffffffff81023e51>] native_cpu_up+0x91/0xb20
[   15.131099]  [<ffffffff8105b7cd>] ? notifier_call_chain+0x4d/0x70
[   15.131162]  [<ffffffff8103fda4>] cpu_up+0x154/0x1a0
[   15.131223]  [<ffffffff81ae0867>] smp_init+0x8d/0xe7
[   15.131285]  [<ffffffff81acaf3b>] kernel_init_freeable+0xf3/0x200
[   15.131344]  [<ffffffff81511d60>] ? rest_init+0x80/0x80
[   15.131403]  [<ffffffff81511d69>] kernel_init+0x9/0xf0
[   15.131465]  [<ffffffff8151beac>] ret_from_fork+0x7c/0xb0
[   15.131527]  [<ffffffff81511d60>] ? rest_init+0x80/0x80
[   15.131588] ---[ end trace 4c0e4c6d440e537e ]---
[   15.131649]  #2
[   15.131683] smpboot: Setting warm reset code and vector.
[   15.131798] smpboot: 1.
[   15.131855] smpboot: 2.
[   15.131913] smpboot: 3.
[   15.131971] smpboot: Asserting INIT
[   15.132029] smpboot: disabling irqs:
[   15.132097] smpboot: done disabling irqs
[   15.132156] smpboot: waiting 3 sec for mouse movements to 'crash' this cpu
[   18.137776] smpboot: done waiting
[   18.137884] smpboot: Waiting for INIT send to finish...
[   18.147954] smpboot: status for above ^ is: 0
[   18.148061] smpboot: Deasserting INIT
[   18.148124] smpboot: Waiting for above send to finish...
[   18.148188] smpboot: #startup loops: 2
[   18.148251] smpboot: Sending STARTUP #1
[   18.148314] smpboot: After apic_write
[   18.148377] smpboot: enabling irqs:
[   18.148448] smpboot: done enabling irqs
[   18.148812] smpboot: Startup point 1
[   18.148921] smpboot: Waiting for send to finish...
[   18.149186] smpboot: Sending STARTUP #2
[   18.149294] smpboot: After apic_write
[   18.149656] smpboot: Startup point 1
[   18.149733] smpboot: Waiting for send to finish...
[   18.149997] smpboot: After Startup
[   18.150107] smpboot: Before Callout 2
[   18.150170] smpboot: After Callout 2
[   18.150233] smpboot: start waiting 5sec for response
[   23.168728] smpboot: done waiting 5sec for response
[   23.168871] smpboot: cpumask_test_cpu result: 0
[   23.168934] smpboot: cpu_callin_mask: 000000000000000b
[   23.170134] smpboot: cpu_callout_mask: 000000000000000f
[   23.170197] smpboot: CPU2: Not responding
[   23.170317] smpboot: Inquiring remote APIC 0x2...
[   23.170381] smpboot: ... APIC 0x2 ID: 02000000
[   23.170581] smpboot: ... APIC 0x2 VERSION: 80050010
[   23.170827] smpboot: ... APIC 0x2 SPIV: 000000ff
[   23.171075] smpboot: do_boot_cpu failed(1) to wakeup CPU#2
[   23.171144] after cpu_up !!!!!!!!!!!!
[   23.171180] x86: Booted up 1 node, 3 CPUs
[   23.171298] smpboot: Boot done
[   23.171362] smpboot: Before bogomips
[   23.171426] smpboot: Total of 3 processors activated (8388.25 BogoMIPS)
[   23.171492] smpboot: Before bogocount - setting activated=1
[   10.150109] devtmpfs: initialized
[   10.150149] device: 'platform': device_add
[   10.150245] bus: 'platform': registered
[   10.150319] bus: 'cpu': registered
[   10.150384] device: 'cpu': device_add
[   10.150461] bus: 'container': registered
[   10.150524] device: 'container': device_add
[   10.153749] bus: 'workqueue': registered
[   10.153869] device: 'workqueue': device_add
[   10.153736] kworker/u8:0 (39) used greatest stack depth: 15104 bytes left
[   10.154240] atomic64_test: passed for x86-64 platform with CX8 and with SSE
[   10.154345] device class 'regulator': registering
[   10.154461] Registering platform device 'reg-dummy'. Parent at platform
[   10.154417] kworker/u8:0 (40) used greatest stack depth: 14848 bytes left
[   10.154461] device: 'reg-dummy': device_add
[   10.154461] bus: 'platform': add device reg-dummy
[   10.154461] bus: 'platform': add driver reg-dummy
[   10.154461] bus: 'platform': driver_probe_device: matched device reg-dummy with driver reg-dummy
[   10.154461] bus: 'platform': really_probe: probing driver reg-dummy with device reg-dummy
[   10.154461] device: 'regulator.0': device_add
[   10.154461] regulator-dummy: no parameters
[   10.154461] driver: 'reg-dummy': driver_bound: bound to device 'reg-dummy'
[   10.154461] bus: 'platform': really_probe: bound device reg-dummy to driver reg-dummy
[   10.154461] NET: Registered protocol family 16
[   10.154836] device class 'bdi': registering
[   10.154969] bus: 'platform': add driver ramoops
[   10.156683] device class 'pci_bus': registering
[   10.156693] bus: 'pci': registered
[   10.156693] device class 'backlight': registering
[   10.156693] device class 'tty': registering
[   10.156693] device class 'vtconsole': registering
[   10.156693] device: 'vtcon0': device_add
[   10.156711] bus: 'node': registered
[   10.156711] device: 'node': device_add
[   10.156744] bus: 'i2c': registered
[   10.156744] bus: 'i2c': add driver dummy
[   10.156744] i2c-core: driver [dummy] registered
[   10.156744] cpuidle: using governor ladder
[   10.156744] cpuidle: using governor menu
[   10.156744] ACPI FADT declares the system doesn't support PCIe ASPM, so disable it
[   10.156744] ACPI: bus type PCI registered
[   10.156744] acpiphp: ACPI Hot Plug PCI Controller Driver version: 0.5
[   10.156744] device class 'dmi': registering
[   10.156813] device: 'id': device_add
[   10.156999] PCI: MMCONFIG for domain 0000 [bus 00-3f] at [mem 0xf8000000-0xfbffffff] (base 0xf8000000)
[   10.157113] PCI: not using MMCONFIG
[   10.157177] PCI: Using configuration type 1 for base access
[   10.157242] PCI: Using configuration type 1 for extended access
[   10.157556] device: 'node0': device_add
[   10.157669] bus: 'node': add device node0
[   10.157763] device: 'cpu0': device_add
[   10.157829] bus: 'cpu': add device cpu0
[   10.157934] device: 'cpu1': device_add
[   10.158047] bus: 'cpu': add device cpu1
[   10.158150] device: 'cpu2': device_add
[   10.158219] bus: 'cpu': add device cpu2
[   10.160019] device: 'cpu3': device_add
[   10.160019] bus: 'cpu': add device cpu3
[   10.160061] kworker/u8:0 (70) used greatest stack depth: 14176 bytes left
[   10.170053] device: 'writeback': device_add
[   10.170111] bus: 'workqueue': add device writeback
[   10.170231] device: 'default': device_add
[   10.170445] device class 'block': registering
[   10.170445] ACPI: Added _OSI(Module Device)
[   10.170445] ACPI: Added _OSI(Processor Device)
[   10.170445] ACPI: Added _OSI(3.0 _SCP Extensions)
[   10.170445] ACPI: Added _OSI(Processor Aggregator Device)
[   10.174423] IOAPIC[0]: Set routing entry (2-9 -> 0x39 -> IRQ 9 Mode:1 Active:1 Dest:11)
[   10.174941] 
**** Context Switch from TID 4294967295 to TID 133431296 ****

[   10.175156]     utils-0051 util_eval_error       : Evaluate [\_SB_.PCI0.LPC0.EC0_._GLK]: AE_NOT_FOUND
[   10.175731] Executing  Method       \_SB_.PCI0.LPC0.EC0_._REG
[   10.176515] Executing  Method       \_SB_.PCI0.LPC0.EC0_._REG
[   10.176691] Executing  Method       \_SB_.PCI0.LPC0.EC0_._REG
[   10.176895] Executing  Method       \_SB_.PCI0.LPC0.EC0_._REG
[   10.180095] Initializing Region       \_SB_.OSTY
[   10.180288] Initializing Region       \_SB_.PCI0.NBMS
[   10.180438] Initializing Region       \_SB_.PCI0.NBXP
[   10.180590] Initializing Region       \_SB_.PCI0.K8ST
[   10.180777] Initializing Region       \_SB_.PCI0.BAR1
[   10.180986] Initializing Region       \_SB_.PCI0.PB2_.XPEX
[   10.181133] Initializing Region       \_SB_.PCI0.PB2_.PCFG
[   10.181281] Initializing Region       \_SB_.PCI0.PB2_.XPCB
[   10.181421] Initializing Region       \_SB_.PCI0.PB2_.XPRI
[   10.181570] Initializing Region       \_SB_.PCI0.PB2_.VGA_.PCFG
[   10.181782] Initializing Region       \_SB_.PCI0.PB2_.HDAU.PCFG
[   10.181992] Initializing Region       \_SB_.PCI0.PB3_.XPEX
[   10.182141] Initializing Region       \_SB_.PCI0.PB3_.PCFG
[   10.182288] Initializing Region       \_SB_.PCI0.PB3_.XPCB
[   10.182437] Initializing Region       \_SB_.PCI0.PB3_.XPRI
[   10.182582] Initializing Region       \_SB_.PCI0.PB3_.VGA_.PCFG
[   10.182773] Initializing Region       \_SB_.PCI0.PB3_.HDAU.PCFG
[   10.182983] Initializing Region       \_SB_.PCI0.PB4_.XPEX
[   10.183132] Initializing Region       \_SB_.PCI0.PB4_.PCFG
[   10.183280] Initializing Region       \_SB_.PCI0.PB4_.XPCB
[   10.183410] Initializing Region       \_SB_.PCI0.PB4_.XPRI
[   10.183562] Initializing Region       \_SB_.PCI0.PB4_.XPDV.PCFG
[   10.183726] Initializing Region       \_SB_.PCI0.PB5_.XPEX
[   10.183866] Initializing Region       \_SB_.PCI0.PB5_.PCFG
[   10.184010] Initializing Region       \_SB_.PCI0.PB5_.XPCB
[   10.184159] Initializing Region       \_SB_.PCI0.PB5_.XPRI
[   10.184312] Initializing Region       \_SB_.PCI0.PB5_.XPDV.PCFG
[   10.184475] Initializing Region       \_SB_.PCI0.PB6_.XPEX
[   10.184622] Initializing Region       \_SB_.PCI0.PB6_.PCFG
[   10.184770] Initializing Region       \_SB_.PCI0.PB6_.XPCB
[   10.184920] Initializing Region       \_SB_.PCI0.PB6_.XPRI
[   10.185064] Initializing Region       \_SB_.PCI0.PB6_.XPDV.PCFG
[   10.185225] Initializing Region       \_SB_.PCI0.PB7_.XPEX
[   10.185373] Initializing Region       \_SB_.PCI0.PB7_.PCFG
[   10.185522] Initializing Region       \_SB_.PCI0.PB7_.XPCB
[   10.185672] Initializing Region       \_SB_.PCI0.PB7_.XPRI
[   10.185825] Initializing Region       \_SB_.PCI0.PB7_.XPDV.PCFG
[   10.186247] Initializing Region       \_SB_.PCI0.SATC
[   10.186439] Initializing Region       \_SB_.PCI0.RMEM
[   10.186617] Initializing Region       \_SB_.PCI0.SATA.SATX
[   10.186785] Initializing Region       \_SB_.PCI0.SATA.BAR5
[   10.200249] Initializing Region       \_SB_.PCI0.SMB_.SBRV
[   10.200403] Initializing Region       \_SB_.PCI0.SMB_.PMIO
[   10.200549] Initializing Region       \_SB_.PCI0.SMB_.ERMM
[   10.200834] Initializing Region       \_SB_.PCI0.SMB_.P1E0
[   10.201044] Initializing Region       \_SB_.PCI0.SMB_.ABIO
[   10.201044] Initializing Region       \_SB_.PCI0.SMB_.SMB0
[   10.201044] Initializing Region       \_SB_.PCI0.LPC0.PIRQ
[   10.201044] Initializing Region       \_SB_.PCI0.LPC0.LPCR
[   10.201044] Initializing Region       \_SB_.PCI0.LPC0.LPCS
[   10.201044] Initializing Region       \_SB_.PCI0.LPC0.SMI0
[   10.201044] Initializing Region       \_SB_.PCI0.LPC0.SMI1
[   10.201177] Initializing Region       \_SB_.PCI0.LPC0.EC0_.ECO1
[   10.201325] Initializing Region       \_SB_.PCI0.LPC0.EC0_.ECO2
[   10.201474] Initializing Region       \_SB_.PCI0.LPC0.EC0_.ECMB
[   10.201622] Initializing Region       \_SB_.PCI0.LPC0.EC0_.RAM_
[   10.201840] Initializing Region       \_SB_.PCI0.LPC0.EC0_.CMOS
[   10.202015] Initializing Region       \_SB_.PCI0.LPC0.EC0_.VPC0.ERAM
[   10.202268] Initializing Region       \_SB_.PCI0.SPB0.PCFG
[   10.202464] Initializing Region       \_SB_.PCI0.SPB0.XPCB
[   10.202616] Initializing Region       \_SB_.PCI0.SPB0.XPDV.PCFG
[   10.202779] Initializing Region       \_SB_.PCI0.SPB1.PCFG
[   10.202922] Initializing Region       \_SB_.PCI0.SPB1.XPCB
[   10.203067] Initializing Region       \_SB_.PCI0.SPB1.XPDV.PCFG
[   10.203230] Initializing Region       \_SB_.PCI0.SPB2.PCFG
[   10.203351] Initializing Region       \_SB_.PCI0.SPB2.XPCB
[   10.203504] Initializing Region       \_SB_.PCI0.SPB2.XPDV.PCFG
[   10.203667] Initializing Region       \_SB_.PCI0.SPB3.PCFG
[   10.203817] Initializing Region       \_SB_.PCI0.SPB3.XPCB
[   10.203969] Initializing Region       \_SB_.PCI0.SPB3.XPDV.PCFG
[   10.204223] Initializing Region       \_SB_.PCI0.VGA_.REVD
[   10.204591] Initializing BufferField  \_SB_.AMW0.WLID
[   10.205252] Initializing Region       \DEB2
[   10.205438] Initializing Region       \PMIO
[   10.205585] Initializing Region       \P01_
[   10.205761] Initializing Region       \CNVS
[   10.205968] Initializing Region       \SPRT
[   10.206133] Initializing Region       \CMIO
[   10.206434] Executing  Method       \_SB_._STA
[   10.206670] Executing  Method       \_SB_._INI
[   10.206841] Executing  Method       \_SB_.PCI0._STA
[   10.207011] Executing  Method       \_SB_.PCI0._INI
[   10.207459] [Firmware Bug]: ACPI: BIOS _OSI(Linux) query ignored
[   10.209050] Executing  Method       \_SB_.PCI0.SATA._STA
[   10.209218] Executing  Method       \_SB_.PCI0.SATA._INI
[   10.210305] Executing  Method       \_SB_.PCI0.LPC0.EC0_._REG
[   10.236817] ACPI: Interpreter enabled
[   10.236930] ACPI: (supports S0 S5)
[   10.236996] ACPI: Using IOAPIC for interrupt routing
[   10.237414] PCI: MMCONFIG for domain 0000 [bus 00-3f] at [mem 0xf8000000-0xfbffffff] (base 0xf8000000)
[   10.237414] PCI: MMCONFIG at [mem 0xf8000000-0xfbffffff] reserved in ACPI motherboard resources
[   10.237663] bus: 'acpi': registered
[   10.237777] PCI: Using host bridge windows from ACPI; if necessary, use "pci=nocrs" and report a bug
[   10.237928]      scan-1141 get_device_data       : No context for object [ffffffffffffffff]
[   10.238124]     utils-0051 util_eval_error       : Evaluate [\._STA]: AE_NOT_FOUND
[   10.238351] device: 'LNXSYSTM:00': device_add
[   10.238422] bus: 'acpi': add device LNXSYSTM:00
[   10.238509]     utils-0051 util_eval_error       : Evaluate [\._SUN]: AE_NOT_FOUND
[   10.240006]      scan-1933 add_single_object     : Added LNXSYSTM:00 [\] parent (null)
[   10.240006]      scan-1141 get_device_data       : No context for object [ffff88040d81d000]
[   10.240006]      scan-1141 get_device_data       : No context for object [ffff88040d8377d0]
[   10.240006]      scan-1141 get_device_data       : No context for object [ffff88040d8377f8]
[   10.240006]      scan-1141 get_device_data       : No context for object [ffff88040d837820]
[   10.240006]      scan-1141 get_device_data       : No context for object [ffff88040d837848]
[   10.240006]      scan-1141 get_device_data       : No context for object [ffff88040d837870]
[   10.240216]      scan-1141 get_device_data       : No context for object [ffff88040d837898]
[   10.240427]      scan-1141 get_device_data       : No context for object [ffff88040d8378c0]
[   10.240633]      scan-1141 get_device_data       : No context for object [ffff88040d8378e8]
[   10.240842]      scan-1141 get_device_data       : No context for object [ffff88040d839398]
[   10.241028]      scan-1141 get_device_data       : No context for object [ffff88040d81d028]
[   10.241238]      scan-1141 get_device_data       : No context for object [ffff88040d81d168]
[   10.241450]     utils-0051 util_eval_error       : Evaluate [\_PR_.C000._STA]: AE_NOT_FOUND
[   10.241661]      scan-1141 get_device_data       : No context for object [ffff88040d81d028]
[   10.241874] device: 'LNXCPU:00': device_add
[   10.241941] bus: 'acpi': add device LNXCPU:00
[   10.242023]     utils-0051 util_eval_error       : Evaluate [\_PR_.C000._SUN]: AE_NOT_FOUND
[   10.243347]      scan-1933 add_single_object     : Added LNXCPU:00 [\_PR_.C000] parent LNXSYSTM:00
[   10.243347]      scan-1141 get_device_data       : No context for object [ffff88040d83c398]
[   10.243347]      scan-1141 get_device_data       : No context for object [ffff88040d83c3c0]
[   10.243347]      scan-1141 get_device_data       : No context for object [ffff88040d83c3e8]
[   10.243347]      scan-1141 get_device_data       : No context for object [ffff88040d83c410]
[   10.243347]      scan-1141 get_device_data       : No context for object [ffff88040d83c438]
[   10.243464]      scan-1141 get_device_data       : No context for object [ffff88040d83c460]
[   10.243662]      scan-1141 get_device_data       : No context for object [ffff88040d81d190]
[   10.243862]     utils-0051 util_eval_error       : Evaluate [\_PR_.C001._STA]: AE_NOT_FOUND
[   10.244061]      scan-1141 get_device_data       : No context for object [ffff88040d81d028]
[   10.244263] device: 'LNXCPU:01': device_add
[   10.244322] bus: 'acpi': add device LNXCPU:01
[   10.244389]     utils-0051 util_eval_error       : Evaluate [\_PR_.C001._SUN]: AE_NOT_FOUND
[   10.244596]      scan-1933 add_single_object     : Added LNXCPU:01 [\_PR_.C001] parent LNXSYSTM:00
[   10.244798]      scan-1141 get_device_data       : No context for object [ffff88040d83c488]
[   10.244995]      scan-1141 get_device_data       : No context for object [ffff88040d83c4b0]
[   10.245146]      scan-1141 get_device_data       : No context for object [ffff88040d83c4d8]
[   10.245324]      scan-1141 get_device_data       : No context for object [ffff88040d83c500]
[   10.245521]      scan-1141 get_device_data       : No context for object [ffff88040d83c528]
[   10.245711]      scan-1141 get_device_data       : No context for object [ffff88040d83c550]
[   10.245905]      scan-1141 get_device_data       : No context for object [ffff88040d81d1b8]
[   10.246084]     utils-0051 util_eval_error       : Evaluate [\_PR_.C002._STA]: AE_NOT_FOUND
[   10.246281]      scan-1141 get_device_data       : No context for object [ffff88040d81d028]
[   10.246484] device: 'LNXCPU:02': device_add
[   10.246546] bus: 'acpi': add device LNXCPU:02
[   10.246619]     utils-0051 util_eval_error       : Evaluate [\_PR_.C002._SUN]: AE_NOT_FOUND
[   10.246834]      scan-1933 add_single_object     : Added LNXCPU:02 [\_PR_.C002] parent LNXSYSTM:00
[   10.247032]      scan-1141 get_device_data       : No context for object [ffff88040d83c578]
[   10.247214]      scan-1141 get_device_data       : No context for object [ffff88040d83c5a0]
[   10.247410]      scan-1141 get_device_data       : No context for object [ffff88040d83c5c8]
[   10.247605]      scan-1141 get_device_data       : No context for object [ffff88040d83c5f0]
[   10.247800]      scan-1141 get_device_data       : No context for object [ffff88040d83c618]
[   10.247994]      scan-1141 get_device_data       : No context for object [ffff88040d83c640]
[   10.248138]      scan-1141 get_device_data       : No context for object [ffff88040d81d1e0]
[   10.248317]     utils-0051 util_eval_error       : Evaluate [\_PR_.C003._STA]: AE_NOT_FOUND
[   10.248511]      scan-1141 get_device_data       : No context for object [ffff88040d81d028]
[   10.248715] device: 'LNXCPU:03': device_add
[   10.248776] bus: 'acpi': add device LNXCPU:03
[   10.248852]     utils-0051 util_eval_error       : Evaluate [\_PR_.C003._SUN]: AE_NOT_FOUND
[   10.250022]      scan-1933 add_single_object     : Added LNXCPU:03 [\_PR_.C003] parent LNXSYSTM:00
[   10.250022]      scan-1141 get_device_data       : No context for object [ffff88040d83c668]
[   10.250022]      scan-1141 get_device_data       : No context for object [ffff88040d83c690]
[   10.250022]      scan-1141 get_device_data       : No context for object [ffff88040d83c6b8]
[   10.250022]      scan-1141 get_device_data       : No context for object [ffff88040d83c6e0]
[   10.250022]      scan-1141 get_device_data       : No context for object [ffff88040d83c708]
[   10.250154]      scan-1141 get_device_data       : No context for object [ffff88040d83c730]
[   10.250332]      scan-1141 get_device_data       : No context for object [ffff88040d81d050]
[   10.250528]     utils-0051 util_eval_error       : Evaluate [\_SB_._STA]: AE_NOT_FOUND
[   10.250782] device: 'LNXSYBUS:00': device_add
[   10.250891] bus: 'acpi': add device LNXSYBUS:00
[   10.250966]     utils-0051 util_eval_error       : Evaluate [\_SB_._SUN]: AE_NOT_FOUND
[   10.251129]      scan-1933 add_single_object     : Added LNXSYBUS:00 [\_SB_] parent LNXSYSTM:00
[   10.251316]      scan-1141 get_device_data       : No context for object [ffff88040d81d3c0]
[   10.251513]      scan-1141 get_device_data       : No context for object [ffff88040d81d3e8]
[   10.251709]      scan-1141 get_device_data       : No context for object [ffff88040d81d410]
[   10.251904]      scan-1141 get_device_data       : No context for object [ffff88040d81d438]
[   10.252081]      scan-1141 get_device_data       : No context for object [ffff88040d81d460]
[   10.252278]      scan-1141 get_device_data       : No context for object [ffff88040d81d488]
[   10.252477]      scan-1141 get_device_data       : No context for object [ffff88040d81d4b0]
[   10.252675]      scan-1141 get_device_data       : No context for object [ffff88040d81d5a0]
[   10.252873]     utils-0051 util_eval_error       : Evaluate [\_SB_.PWRB._STA]: AE_NOT_FOUND
[   10.253097] device: 'PNP0C0C:00': device_add
[   10.253160] bus: 'acpi': add device PNP0C0C:00
[   10.253237]     utils-0051 util_eval_error       : Evaluate [\_SB_.PWRB._SUN]: AE_NOT_FOUND
[   10.253474]      scan-1933 add_single_object     : Added PNP0C0C:00 [\_SB_.PWRB] parent LNXSYBUS:00
[   10.253682]      scan-1141 get_device_data       : No context for object [ffff88040d81d5c8]
[   10.253880]      scan-1141 get_device_data       : No context for object [ffff88040d81d5f0]
[   10.254079]     utils-0051 util_eval_error       : Evaluate [\_SB_.PCI0._STA]: AE_NOT_FOUND
[   10.255333] device: 'PNP0A08:00': device_add
[   10.255441] bus: 'acpi': add device PNP0A08:00
[   10.255518]     utils-0051 util_eval_error       : Evaluate [\_SB_.PCI0._SUN]: AE_NOT_FOUND
[   10.256687]      scan-1933 add_single_object     : Added PNP0A08:00 [\_SB_.PCI0] parent LNXSYBUS:00
[   10.256687]      scan-1141 get_device_data       : No context for object [ffff88040d81d618]
[   10.256687]      scan-1141 get_device_data       : No context for object [ffff88040d81d640]
[   10.256687]      scan-1141 get_device_data       : No context for object [ffff88040d81d668]
[   10.256687]      scan-1141 get_device_data       : No context for object [ffff88040d81d690]
[   10.256687]      scan-1141 get_device_data       : No context for object [ffff88040d81d6b8]
[   10.256866]      scan-1141 get_device_data       : No context for object [ffff88040d81d6e0]
[   10.257052]      scan-1141 get_device_data       : No context for object [ffff88040d81d708]
[   10.257249]      scan-1141 get_device_data       : No context for object [ffff88040d81d730]
[   10.257447]      scan-1141 get_device_data       : No context for object [ffff88040d81d758]
[   10.257645]      scan-1141 get_device_data       : No context for object [ffff88040d81d780]
[   10.257841]      scan-1141 get_device_data       : No context for object [ffff88040d81d7a8]
[   10.258038]      scan-1141 get_device_data       : No context for object [ffff88040d81d7d0]
[   10.258236]      scan-1141 get_device_data       : No context for object [ffff88040d81d7f8]
[   10.258434]      scan-1141 get_device_data       : No context for object [ffff88040d81d820]
[   10.258632]      scan-1141 get_device_data       : No context for object [ffff88040d81d848]
[   10.258830]      scan-1141 get_device_data       : No context for object [ffff88040d81d870]
[   10.259027]      scan-1141 get_device_data       : No context for object [ffff88040d81d898]
[   10.259221]      scan-1141 get_device_data       : No context for object [ffff88040d81d8c0]
[   10.259419]      scan-1141 get_device_data       : No context for object [ffff88040d81d8e8]
[   10.259617]      scan-1141 get_device_data       : No context for object [ffff88040d81d910]
[   10.259815]      scan-1141 get_device_data       : No context for object [ffff88040d81d938]
[   10.260002]      scan-1141 get_device_data       : No context for object [ffff88040d81d960]
[   10.260181]      scan-1141 get_device_data       : No context for object [ffff88040d81d988]
[   10.260375]      scan-1141 get_device_data       : No context for object [ffff88040d81d9b0]
[   10.260572]      scan-1141 get_device_data       : No context for object [ffff88040d81d9d8]
[   10.260770]      scan-1141 get_device_data       : No context for object [ffff88040d81da00]
[   10.260967]      scan-1141 get_device_data       : No context for object [ffff88040d81da28]
[   10.261119]      scan-1141 get_device_data       : No context for object [ffff88040d81da50]
[   10.261296]      scan-1141 get_device_data       : No context for object [ffff88040d81da78]
[   10.261494]      scan-1141 get_device_data       : No context for object [ffff88040d81daa0]
[   10.261690]      scan-1141 get_device_data       : No context for object [ffff88040d81dac8]
[   10.261888]      scan-1141 get_device_data       : No context for object [ffff88040d81daf0]
[   10.262066]      scan-1141 get_device_data       : No context for object [ffff88040d81db18]
[   10.262264]      scan-1141 get_device_data       : No context for object [ffff88040d81db40]
[   10.262460]      scan-1141 get_device_data       : No context for object [ffff88040d81db68]
[   10.262654]      scan-1141 get_device_data       : No context for object [ffff88040d81db90]
[   10.262844]      scan-1141 get_device_data       : No context for object [ffff88040d81dbb8]
[   10.263038]      scan-1141 get_device_data       : No context for object [ffff88040d81dbe0]
[   10.263234]      scan-1141 get_device_data       : No context for object [ffff88040d81dc08]
[   10.263461]      scan-1141 get_device_data       : No context for object [ffff88040d81dc30]
[   10.263656]      scan-1141 get_device_data       : No context for object [ffff88040d81dc58]
[   10.263852]      scan-1141 get_device_data       : No context for object [ffff88040d81dc80]
[   10.264044]      scan-1141 get_device_data       : No context for object [ffff88040d81dca8]
[   10.264242]      scan-1141 get_device_data       : No context for object [ffff88040d81dcd0]
[   10.264441]      scan-1141 get_device_data       : No context for object [ffff88040d81dcf8]
[   10.264636]      scan-1141 get_device_data       : No context for object [ffff88040d81dd20]
[   10.264831]      scan-1141 get_device_data       : No context for object [ffff88040d81dd48]
[   10.265025]      scan-1141 get_device_data       : No context for object [ffff88040d81dd70]
[   10.265202]      scan-1141 get_device_data       : No context for object [ffff88040d81dd98]
[   10.265396]      scan-1141 get_device_data       : No context for object [ffff88040d81ddc0]
[   10.265591]      scan-1141 get_device_data       : No context for object [ffff88040d81dde8]
[   10.265784]      scan-1141 get_device_data       : No context for object [ffff88040d81de10]
[   10.265978]      scan-1141 get_device_data       : No context for object [ffff88040d81de38]
[   10.266126]      scan-1141 get_device_data       : No context for object [ffff88040d81de60]
[   10.266303]      scan-1141 get_device_data       : No context for object [ffff88040d81de88]
[   10.266494]      scan-1141 get_device_data       : No context for object [ffff88040d81deb0]
[   10.266669]      scan-1141 get_device_data       : No context for object [ffff88040d81ded8]
[   10.266866]      scan-1141 get_device_data       : No context for object [ffff88040d81df00]
[   10.267045]      scan-1141 get_device_data       : No context for object [ffff88040d81df28]
[   10.267243]      scan-1141 get_device_data       : No context for object [ffff88040d81df50]
[   10.267441]      scan-1141 get_device_data       : No context for object [ffff88040d81df78]
[   10.267639]      scan-1141 get_device_data       : No context for object [ffff88040d81dfa0]
[   10.267835]      scan-1141 get_device_data       : No context for object [ffff88040d81dfc8]
[   10.268033]      scan-1141 get_device_data       : No context for object [ffff88040d822000]
[   10.268230]      scan-1141 get_device_data       : No context for object [ffff88040d822028]
[   10.268430]     utils-0051 util_eval_error       : Evaluate [\_SB_.PCI0.MEMR._STA]: AE_NOT_FOUND
[   10.268666] device: 'PNP0C02:00': device_add
[   10.268775] bus: 'acpi': add device PNP0C02:00
[   10.268842]     utils-0051 util_eval_error       : Evaluate [\_SB_.PCI0.MEMR._SUN]: AE_NOT_FOUND
[   10.270035]      scan-1933 add_single_object     : Added PNP0C02:00 [\_SB_.PCI0.MEMR] parent PNP0A08:00
[   10.270035]      scan-1141 get_device_data       : No context for object [ffff88040d822050]
[   10.270035]      scan-1141 get_device_data       : No context for object [ffff88040d822078]
[   10.270035]      scan-1141 get_device_data       : No context for object [ffff88040d8220a0]
[   10.270035]      scan-1141 get_device_data       : No context for object [ffff88040d8220c8]
[   10.270035]      scan-1141 get_device_data       : No context for object [ffff88040d8220f0]
[   10.270196]      scan-1141 get_device_data       : No context for object [ffff88040d822118]
[   10.270394]      scan-1141 get_device_data       : No context for object [ffff88040d822140]
[   10.270592]      scan-1141 get_device_data       : No context for object [ffff88040d822168]
[   10.270789]      scan-1141 get_device_data       : No context for object [ffff88040d822190]
[   10.270987]      scan-1141 get_device_data       : No context for object [ffff88040d8221b8]
[   10.271184]      scan-1141 get_device_data       : No context for object [ffff88040d8221e0]
[   10.271378]      scan-1141 get_device_data       : No context for object [ffff88040d822208]
[   10.271576]      scan-1141 get_device_data       : No context for object [ffff88040d822230]
[   10.271774]      scan-1141 get_device_data       : No context for object [ffff88040d822258]
[   10.271971]      scan-1141 get_device_data       : No context for object [ffff88040d822280]
[   10.272149]      scan-1141 get_device_data       : No context for object [ffff88040d8222a8]
[   10.272349]     utils-0051 util_eval_error       : Evaluate [\_SB_.PCI0.PB2_._STA]: AE_NOT_FOUND
[   10.272584] device: 'device:00': device_add
[   10.273336] bus: 'acpi': add device device:00
[   10.273404]     utils-0051 util_eval_error       : Evaluate [\_SB_.PCI0.PB2_._SUN]: AE_NOT_FOUND
[   10.273612]      scan-1933 add_single_object     : Added device:00 [\_SB_.PCI0.PB2_] parent PNP0A08:00
[   10.273816]      scan-1141 get_device_data       : No context for object [ffff88040d8222d0]
[   10.274013]      scan-1141 get_device_data       : No context for object [ffff88040d8222f8]
[   10.274211]      scan-1141 get_device_data       : No context for object [ffff88040d822320]
[   10.274410]      scan-1141 get_device_data       : No context for object [ffff88040d822348]
[   10.274605]      scan-1141 get_device_data       : No context for object [ffff88040d822370]
[   10.274804]      scan-1141 get_device_data       : No context for object [ffff88040d822398]
[   10.275001]      scan-1141 get_device_data       : No context for object [ffff88040d8223c0]
[   10.275199]      scan-1141 get_device_data       : No context for object [ffff88040d8223e8]
[   10.275396]      scan-1141 get_device_data       : No context for object [ffff88040d822410]
[   10.275594]      scan-1141 get_device_data       : No context for object [ffff88040d822438]
[   10.275771]      scan-1141 get_device_data       : No context for object [ffff88040d822460]
[   10.275965]      scan-1141 get_device_data       : No context for object [ffff88040d822488]
[   10.276162]      scan-1141 get_device_data       : No context for object [ffff88040d8224b0]
[   10.276831]      scan-1141 get_device_data       : No context for object [ffff88040d8224d8]
[   10.277029]      scan-1141 get_device_data       : No context for object [ffff88040d822500]
[   10.277181]      scan-1141 get_device_data       : No context for object [ffff88040d822528]
[   10.277358]      scan-1141 get_device_data       : No context for object [ffff88040d822550]
[   10.277554]      scan-1141 get_device_data       : No context for object [ffff88040d822578]
[   10.277752]      scan-1141 get_device_data       : No context for object [ffff88040d8225a0]
[   10.277950]      scan-1141 get_device_data       : No context for object [ffff88040d8225c8]
[   10.278127]      scan-1141 get_device_data       : No context for object [ffff88040d8225f0]
[   10.278325]      scan-1141 get_device_data       : No context for object [ffff88040d822618]
[   10.278522]      scan-1141 get_device_data       : No context for object [ffff88040d822640]
[   10.278720]      scan-1141 get_device_data       : No context for object [ffff88040d822668]
[   10.278915]      scan-1141 get_device_data       : No context for object [ffff88040d822690]
[   10.279097]      scan-1141 get_device_data       : No context for object [ffff88040d8226b8]
[   10.279292]      scan-1141 get_device_data       : No context for object [ffff88040d8226e0]
[   10.279486]      scan-1141 get_device_data       : No context for object [ffff88040d822708]
[   10.279681]      scan-1141 get_device_data       : No context for object [ffff88040d822730]
[   10.279875]      scan-1141 get_device_data       : No context for object [ffff88040d822758]
[   10.280002]      scan-1141 get_device_data       : No context for object [ffff88040d822780]
[   10.280181]     utils-0051 util_eval_error       : Evaluate [\_SB_.PCI0.PB2_.VGA_._STA]: AE_NOT_FOUND
[   10.280420] device: 'device:01': device_add
[   10.280528] bus: 'acpi': add device device:01
[   10.280601]     utils-0051 util_eval_error       : Evaluate [\_SB_.PCI0.PB2_.VGA_._SUN]: AE_NOT_FOUND
[   10.280806]      scan-1933 add_single_object     : Added device:01 [\_SB_.PCI0.PB2_.VGA_] parent device:00
[   10.281006]      scan-1141 get_device_data       : No context for object [ffff88040d8227a8]
[   10.281197]      scan-1141 get_device_data       : No context for object [ffff88040d8227d0]
[   10.281392]      scan-1141 get_device_data       : No context for object [ffff88040d8227f8]
[   10.281586]      scan-1141 get_device_data       : No context for object [ffff88040d822820]
[   10.281782]      scan-1141 get_device_data       : No context for object [ffff88040d822848]
[   10.281978]      scan-1141 get_device_data       : No context for object [ffff88040d822870]
[   10.282126]      scan-1141 get_device_data       : No context for object [ffff88040d822898]
[   10.282302]      scan-1141 get_device_data       : No context for object [ffff88040d8228c0]
[   10.282494]      scan-1141 get_device_data       : No context for object [ffff88040d8228e8]
[   10.282688]      scan-1141 get_device_data       : No context for object [ffff88040d822910]
[   10.282882]      scan-1141 get_device_data       : No context for object [ffff88040d822938]
[   10.283060]      scan-1141 get_device_data       : No context for object [ffff88040d822960]
[   10.283255]      scan-1141 get_device_data       : No context for object [ffff88040d822988]
[   10.283498]      scan-1141 get_device_data       : No context for object [ffff88040d8229b0]
[   10.283692]      scan-1141 get_device_data       : No context for object [ffff88040d8229d8]
[   10.283890]      scan-1141 get_device_data       : No context for object [ffff88040d822a00]
[   10.284075]      scan-1141 get_device_data       : No context for object [ffff88040d822a28]
[   10.284272]      scan-1141 get_device_data       : No context for object [ffff88040d822a50]
[   10.284470]      scan-1141 get_device_data       : No context for object [ffff88040d822a78]
[   10.284668]      scan-1141 get_device_data       : No context for object [ffff88040d822aa0]
[   10.284865]      scan-1141 get_device_data       : No context for object [ffff88040d822ac8]
[   10.285062]      scan-1141 get_device_data       : No context for object [ffff88040d822af0]
[   10.285260]      scan-1141 get_device_data       : No context for object [ffff88040d822b18]
[   10.285458]      scan-1141 get_device_data       : No context for object [ffff88040d822b40]
[   10.285656]      scan-1141 get_device_data       : No context for object [ffff88040d822b68]
[   10.285854]      scan-1141 get_device_data       : No context for object [ffff88040d822b90]
[   10.286051]      scan-1141 get_device_data       : No context for object [ffff88040d822bb8]
[   10.286245]      scan-1141 get_device_data       : No context for object [ffff88040d822be0]
[   10.286442]      scan-1141 get_device_data       : No context for object [ffff88040d822c08]
[   10.286668]      scan-1141 get_device_data       : No context for object [ffff88040d822c30]
[   10.286866]      scan-1141 get_device_data       : No context for object [ffff88040d822c58]
[   10.287064]      scan-1141 get_device_data       : No context for object [ffff88040d822c80]
[   10.287241]      scan-1141 get_device_data       : No context for object [ffff88040d822ca8]
[   10.287434]      scan-1141 get_device_data       : No context for object [ffff88040d822cd0]
[   10.287631]      scan-1141 get_device_data       : No context for object [ffff88040d822cf8]
[   10.287829]      scan-1141 get_device_data       : No context for object [ffff88040d822d20]
[   10.288028]      scan-1141 get_device_data       : No context for object [ffff88040d822d48]
[   10.288179]      scan-1141 get_device_data       : No context for object [ffff88040d822d70]
[   10.288358]      scan-1141 get_device_data       : No context for object [ffff88040d822d98]
[   10.288555]      scan-1141 get_device_data       : No context for object [ffff88040d837438]
[   10.288751]      scan-1141 get_device_data       : No context for object [ffff88040d822dc0]
[   10.288950]     utils-0051 util_eval_error       : Evaluate [\_SB_.PCI0.PB2_.HDAU._STA]: AE_NOT_FOUND
[   10.289163] device: 'device:02': device_add
[   10.289226] bus: 'acpi': add device device:02
[   10.289300]     utils-0051 util_eval_error       : Evaluate [\_SB_.PCI0.PB2_.HDAU._SUN]: AE_NOT_FOUND
[   10.290037]      scan-1933 add_single_object     : Added device:02 [\_SB_.PCI0.PB2_.HDAU] parent device:00
[   10.290037]      scan-1141 get_device_data       : No context for object [ffff88040d822de8]
[   10.290037]      scan-1141 get_device_data       : No context for object [ffff88040d822e10]
[   10.290037]      scan-1141 get_device_data       : No context for object [ffff88040d822e38]
[   10.290201]      scan-1141 get_device_data       : No context for object [ffff88040d822e60]
[   10.290399]      scan-1141 get_device_data       : No context for object [ffff88040d822e88]
[   10.290597]      scan-1141 get_device_data       : No context for object [ffff88040d822eb0]
[   10.290795]      scan-1141 get_device_data       : No context for object [ffff88040d822ed8]
[   10.290992]     utils-0051 util_eval_error       : Evaluate [\_SB_.PCI0.PB3_._STA]: AE_NOT_FOUND
[   10.292308] device: 'device:03': device_add
[   10.292373] bus: 'acpi': add device device:03
[   10.292453]     utils-0051 util_eval_error       : Evaluate [\_SB_.PCI0.PB3_._SUN]: AE_NOT_FOUND
[   10.293339]      scan-1933 add_single_object     : Added device:03 [\_SB_.PCI0.PB3_] parent PNP0A08:00
[   10.293339]      scan-1141 get_device_data       : No context for object [ffff88040d822f00]
[   10.293339]      scan-1141 get_device_data       : No context for object [ffff88040d822f28]
[   10.293339]      scan-1141 get_device_data       : No context for object [ffff88040d822f50]
[   10.293530]      scan-1141 get_device_data       : No context for object [ffff88040d822f78]
[   10.293728]      scan-1141 get_device_data       : No context for object [ffff88040d822fa0]
[   10.293926]      scan-1141 get_device_data       : No context for object [ffff88040d822fc8]
[   10.294103]      scan-1141 get_device_data       : No context for object [ffff88040d823000]
[   10.294301]      scan-1141 get_device_data       : No context for object [ffff88040d823028]
[   10.294498]      scan-1141 get_device_data       : No context for object [ffff88040d823050]
[   10.294695]      scan-1141 get_device_data       : No context for object [ffff88040d823078]
[   10.294892]      scan-1141 get_device_data       : No context for object [ffff88040d8230a0]
[   10.295090]      scan-1141 get_device_data       : No context for object [ffff88040d8230c8]
[   10.295288]      scan-1141 get_device_data       : No context for object [ffff88040d8230f0]
[   10.295485]      scan-1141 get_device_data       : No context for object [ffff88040d823118]
[   10.295683]      scan-1141 get_device_data       : No context for object [ffff88040d823140]
[   10.295877]      scan-1141 get_device_data       : No context for object [ffff88040d823168]
[   10.296070]      scan-1141 get_device_data       : No context for object [ffff88040d823190]
[   10.296265]      scan-1141 get_device_data       : No context for object [ffff88040d8231b8]
[   10.296460]      scan-1141 get_device_data       : No context for object [ffff88040d8231e0]
[   10.296655]      scan-1141 get_device_data       : No context for object [ffff88040d823208]
[   10.296829]      scan-1141 get_device_data       : No context for object [ffff88040d823230]
[   10.297022]      scan-1141 get_device_data       : No context for object [ffff88040d823258]
[   10.297166]      scan-1141 get_device_data       : No context for object [ffff88040d823280]
[   10.297343]      scan-1141 get_device_data       : No context for object [ffff88040d8232a8]
[   10.297539]      scan-1141 get_device_data       : No context for object [ffff88040d8232d0]
[   10.297733]      scan-1141 get_device_data       : No context for object [ffff88040d8232f8]
[   10.297930]      scan-1141 get_device_data       : No context for object [ffff88040d823320]
[   10.298107]      scan-1141 get_device_data       : No context for object [ffff88040d823348]
[   10.298301]      scan-1141 get_device_data       : No context for object [ffff88040d823370]
[   10.298493]      scan-1141 get_device_data       : No context for object [ffff88040d823398]
[   10.298687]      scan-1141 get_device_data       : No context for object [ffff88040d8233c0]
[   10.298884]     utils-0051 util_eval_error       : Evaluate [\_SB_.PCI0.PB3_.VGA_._STA]: AE_NOT_FOUND
[   10.299105]     video-0058 backlight_cap_match   : Found generic backlight support
[   10.299312] device: 'LNXVIDEO:00': device_add
[   10.299374] bus: 'acpi': add device LNXVIDEO:00
[   10.299447]     utils-0051 util_eval_error       : Evaluate [\_SB_.PCI0.PB3_.VGA_._SUN]: AE_NOT_FOUND
[   10.300005]      scan-1933 add_single_object     : Added LNXVIDEO:00 [\_SB_.PCI0.PB3_.VGA_] parent device:03
[   10.300005]      scan-1141 get_device_data       : No context for object [ffff88040d8233e8]
[   10.300005]      scan-1141 get_device_data       : No context for object [ffff88040d823410]
[   10.300201]      scan-1141 get_device_data       : No context for object [ffff88040d823438]
[   10.300399]      scan-1141 get_device_data       : No context for object [ffff88040d823460]
[   10.300597]      scan-1141 get_device_data       : No context for object [ffff88040d823488]
[   10.300792]      scan-1141 get_device_data       : No context for object [ffff88040d8234b0]
[   10.300990]      scan-1141 get_device_data       : No context for object [ffff88040d8234d8]
[   10.301187]      scan-1141 get_device_data       : No context for object [ffff88040d823500]
[   10.301385]      scan-1141 get_device_data       : No context for object [ffff88040d823528]
[   10.301583]      scan-1141 get_device_data       : No context for object [ffff88040d823550]
[   10.301780]      scan-1141 get_device_data       : No context for object [ffff88040d823578]
[   10.301976]      scan-1141 get_device_data       : No context for object [ffff88040d8235a0]
[   10.302162]      scan-1141 get_device_data       : No context for object [ffff88040d8235c8]
[   10.302361]      scan-1141 get_device_data       : No context for object [ffff88040d8235f0]
[   10.302559]      scan-1141 get_device_data       : No context for object [ffff88040d823618]
[   10.302757]      scan-1141 get_device_data       : No context for object [ffff88040d823640]
[   10.302955]      scan-1141 get_device_data       : No context for object [ffff88040d823668]
[   10.303106]      scan-1141 get_device_data       : No context for object [ffff88040d823690]
[   10.303335]      scan-1141 get_device_data       : No context for object [ffff88040d8236b8]
[   10.303534]      scan-1141 get_device_data       : No context for object [ffff88040d8236e0]
[   10.303731]      scan-1141 get_device_data       : No context for object [ffff88040d823708]
[   10.303929]      scan-1141 get_device_data       : No context for object [ffff88040d823730]
[   10.304106]      scan-1141 get_device_data       : No context for object [ffff88040d823758]
[   10.304303]      scan-1141 get_device_data       : No context for object [ffff88040d823780]
[   10.304499]      scan-1141 get_device_data       : No context for object [ffff88040d8237a8]
[   10.304697]      scan-1141 get_device_data       : No context for object [ffff88040d8237d0]
[   10.304895]      scan-1141 get_device_data       : No context for object [ffff88040d8237f8]
[   10.305073]      scan-1141 get_device_data       : No context for object [ffff88040d823820]
[   10.305270]      scan-1141 get_device_data       : No context for object [ffff88040d823848]
[   10.305468]      scan-1141 get_device_data       : No context for object [ffff88040d823870]
[   10.305665]      scan-1141 get_device_data       : No context for object [ffff88040d823898]
[   10.305860]      scan-1141 get_device_data       : No context for object [ffff88040d8238c0]
[   10.306058]      scan-1141 get_device_data       : No context for object [ffff88040d8238e8]
[   10.306256]      scan-1141 get_device_data       : No context for object [ffff88040d823910]
[   10.306453]      scan-1141 get_device_data       : No context for object [ffff88040d823938]
[   10.306669]      scan-1141 get_device_data       : No context for object [ffff88040d823960]
[   10.306866]      scan-1141 get_device_data       : No context for object [ffff88040d823988]
[   10.307059]      scan-1141 get_device_data       : No context for object [ffff88040d8239b0]
[   10.307256]      scan-1141 get_device_data       : No context for object [ffff88040d8239d8]
[   10.307454]      scan-1141 get_device_data       : No context for object [ffff88040d837460]
[   10.307652]      scan-1141 get_device_data       : No context for object [ffff88040d83ac08]
[   10.307850]      scan-1141 get_device_data       : No context for object [ffff88040d83ac30]
[   10.308049]      scan-1141 get_device_data       : No context for object [ffff88040d83ac58]
[   10.308232]     utils-0051 util_eval_error       : Evaluate [\_SB_.PCI0.PB3_.VGA_.CRT_._STA]: AE_NOT_FOUND
[   10.308481] device: 'device:04': device_add
[   10.308590] bus: 'acpi': add device device:04
[   10.308668]     utils-0051 util_eval_error       : Evaluate [\_SB_.PCI0.PB3_.VGA_.CRT_._SUN]: AE_NOT_FOUND
[   10.310035]      scan-1933 add_single_object     : Added device:04 [\_SB_.PCI0.PB3_.VGA_.CRT_] parent LNXVIDEO:00
[   10.310035]      scan-1141 get_device_data       : No context for object [ffff88040d83ac80]
[   10.310035]      scan-1141 get_device_data       : No context for object [ffff88040d83aca8]
[   10.310035]      scan-1141 get_device_data       : No context for object [ffff88040d83acd0]
[   10.310035]      scan-1141 get_device_data       : No context for object [ffff88040d83acf8]
[   10.310035]      scan-1141 get_device_data       : No context for object [ffff88040d83ad20]
[   10.310203]     utils-0051 util_eval_error       : Evaluate [\_SB_.PCI0.PB3_.VGA_.LCD_._STA]: AE_NOT_FOUND
[   10.310446] device: 'device:05': device_add
[   10.310556] bus: 'acpi': add device device:05
[   10.310630]     utils-0051 util_eval_error       : Evaluate [\_SB_.PCI0.PB3_.VGA_.LCD_._SUN]: AE_NOT_FOUND
[   10.313339]      scan-1933 add_single_object     : Added device:05 [\_SB_.PCI0.PB3_.VGA_.LCD_] parent LNXVIDEO:00
[   10.313339]      scan-1141 get_device_data       : No context for object [ffff88040d83ad48]
[   10.313339]      scan-1141 get_device_data       : No context for object [ffff88040d83ad70]
[   10.313339]      scan-1141 get_device_data       : No context for object [ffff88040d83ad98]
[   10.313339]      scan-1141 get_device_data       : No context for object [ffff88040d83adc0]
[   10.313339]      scan-1141 get_device_data       : No context for object [ffff88040d83ade8]
[   10.313339]      scan-1141 get_device_data       : No context for object [ffff88040d83ae10]
[   10.313339]      scan-1141 get_device_data       : No context for object [ffff88040d83ae38]
[   10.313339]      scan-1141 get_device_data       : No context for object [ffff88040d83ae60]
[   10.313463]     utils-0051 util_eval_error       : Evaluate [\_SB_.PCI0.PB3_.VGA_.TV0_._STA]: AE_NOT_FOUND
[   10.313694] device: 'device:06': device_add
[   10.313755] bus: 'acpi': add device device:06
[   10.313829]     utils-0051 util_eval_error       : Evaluate [\_SB_.PCI0.PB3_.VGA_.TV0_._SUN]: AE_NOT_FOUND
[   10.314034]      scan-1933 add_single_object     : Added device:06 [\_SB_.PCI0.PB3_.VGA_.TV0_] parent LNXVIDEO:00
[   10.314236]      scan-1141 get_device_data       : No context for object [ffff88040d83ae88]
[   10.314427]      scan-1141 get_device_data       : No context for object [ffff88040d83aeb0]
[   10.314622]      scan-1141 get_device_data       : No context for object [ffff88040d83aed8]
[   10.314818]      scan-1141 get_device_data       : No context for object [ffff88040d83af00]
[   10.315013]      scan-1141 get_device_data       : No context for object [ffff88040d83af28]
[   10.315163]     utils-0051 util_eval_error       : Evaluate [\_SB_.PCI0.PB3_.VGA_.HDMI._STA]: AE_NOT_FOUND
[   10.315386] device: 'device:07': device_add
[   10.315491] bus: 'acpi': add device device:07
[   10.315558]     utils-0051 util_eval_error       : Evaluate [\_SB_.PCI0.PB3_.VGA_.HDMI._SUN]: AE_NOT_FOUND
[   10.316703]      scan-1933 add_single_object     : Added device:07 [\_SB_.PCI0.PB3_.VGA_.HDMI] parent LNXVIDEO:00
[   10.316703]      scan-1141 get_device_data       : No context for object [ffff88040d83af50]
[   10.316703]      scan-1141 get_device_data       : No context for object [ffff88040d83af78]
[   10.316703]      scan-1141 get_device_data       : No context for object [ffff88040d83afa0]
[   10.316703]      scan-1141 get_device_data       : No context for object [ffff88040d83afc8]
[   10.316703]      scan-1141 get_device_data       : No context for object [ffff88040d823a00]
[   10.316865]     utils-0051 util_eval_error       : Evaluate [\_SB_.PCI0.PB3_.HDAU._STA]: AE_NOT_FOUND
[   10.317078] device: 'device:08': device_add
[   10.317141] bus: 'acpi': add device device:08
[   10.317217]     utils-0051 util_eval_error       : Evaluate [\_SB_.PCI0.PB3_.HDAU._SUN]: AE_NOT_FOUND
[   10.317424]      scan-1933 add_single_object     : Added device:08 [\_SB_.PCI0.PB3_.HDAU] parent device:03
[   10.317628]      scan-1141 get_device_data       : No context for object [ffff88040d823a28]
[   10.317825]      scan-1141 get_device_data       : No context for object [ffff88040d823a50]
[   10.318018]      scan-1141 get_device_data       : No context for object [ffff88040d823a78]
[   10.318216]      scan-1141 get_device_data       : No context for object [ffff88040d823aa0]
[   10.318414]      scan-1141 get_device_data       : No context for object [ffff88040d823ac8]
[   10.318612]      scan-1141 get_device_data       : No context for object [ffff88040d823af0]
[   10.318810]      scan-1141 get_device_data       : No context for object [ffff88040d823b18]
[   10.319009]     utils-0051 util_eval_error       : Evaluate [\_SB_.PCI0.PB4_._STA]: AE_NOT_FOUND
[   10.319249] device: 'device:09': device_add
[   10.319312] bus: 'acpi': add device device:09
[   10.319387]     utils-0051 util_eval_error       : Evaluate [\_SB_.PCI0.PB4_._SUN]: AE_NOT_FOUND
[   10.320004]      scan-1933 add_single_object     : Added device:09 [\_SB_.PCI0.PB4_] parent PNP0A08:00
[   10.320004]      scan-1141 get_device_data       : No context for object [ffff88040d823b40]
[   10.320004]      scan-1141 get_device_data       : No context for object [ffff88040d823b68]
[   10.320201]      scan-1141 get_device_data       : No context for object [ffff88040d823b90]
[   10.320397]      scan-1141 get_device_data       : No context for object [ffff88040d823bb8]
[   10.320594]      scan-1141 get_device_data       : No context for object [ffff88040d823be0]
[   10.320792]      scan-1141 get_device_data       : No context for object [ffff88040d823c08]
[   10.320989]      scan-1141 get_device_data       : No context for object [ffff88040d823c30]
[   10.321167]      scan-1141 get_device_data       : No context for object [ffff88040d823c58]
[   10.321365]      scan-1141 get_device_data       : No context for object [ffff88040d823c80]
[   10.321565]      scan-1141 get_device_data       : No context for object [ffff88040d823ca8]
[   10.321759]      scan-1141 get_device_data       : No context for object [ffff88040d823cd0]
[   10.321957]      scan-1141 get_device_data       : No context for object [ffff88040d823cf8]
[   10.322108]      scan-1141 get_device_data       : No context for object [ffff88040d823d20]
[   10.322286]      scan-1141 get_device_data       : No context for object [ffff88040d823d48]
[   10.322483]      scan-1141 get_device_data       : No context for object [ffff88040d823d70]
[   10.322682]      scan-1141 get_device_data       : No context for object [ffff88040d823d98]
[   10.322878]      scan-1141 get_device_data       : No context for object [ffff88040d823dc0]
[   10.323056]      scan-1141 get_device_data       : No context for object [ffff88040d823de8]
[   10.323335]      scan-1141 get_device_data       : No context for object [ffff88040d823e10]
[   10.323533]      scan-1141 get_device_data       : No context for object [ffff88040d823e38]
[   10.323730]      scan-1141 get_device_data       : No context for object [ffff88040d823e60]
[   10.323928]      scan-1141 get_device_data       : No context for object [ffff88040d823e88]
[   10.324104]      scan-1141 get_device_data       : No context for object [ffff88040d823eb0]
[   10.324298]      scan-1141 get_device_data       : No context for object [ffff88040d823ed8]
[   10.324496]      scan-1141 get_device_data       : No context for object [ffff88040d823f00]
[   10.324694]      scan-1141 get_device_data       : No context for object [ffff88040d823f28]
[   10.324892]      scan-1141 get_device_data       : No context for object [ffff88040d823f50]
[   10.325091]      scan-1141 get_device_data       : No context for object [ffff88040d823f78]
[   10.325288]      scan-1141 get_device_data       : No context for object [ffff88040d823fa0]
[   10.325481]      scan-1141 get_device_data       : No context for object [ffff88040d823fc8]
[   10.325678]      scan-1141 get_device_data       : No context for object [ffff88040d825000]
[   10.325878]     utils-0051 util_eval_error       : Evaluate [\_SB_.PCI0.PB4_.XPDV._STA]: AE_NOT_FOUND
[   10.326113] device: 'device:0a': device_add
[   10.326176] bus: 'acpi': add device device:0a
[   10.326252]     utils-0051 util_eval_error       : Evaluate [\_SB_.PCI0.PB4_.XPDV._SUN]: AE_NOT_FOUND
[   10.326672]      scan-1933 add_single_object     : Added device:0a [\_SB_.PCI0.PB4_.XPDV] parent device:09
[   10.326672]      scan-1141 get_device_data       : No context for object [ffff88040d825028]
[   10.326832]      scan-1141 get_device_data       : No context for object [ffff88040d825050]
[   10.327029]      scan-1141 get_device_data       : No context for object [ffff88040d825078]
[   10.327208]      scan-1141 get_device_data       : No context for object [ffff88040d8250a0]
[   10.327406]      scan-1141 get_device_data       : No context for object [ffff88040d8250c8]
[   10.327604]      scan-1141 get_device_data       : No context for object [ffff88040d837500]
[   10.327800]      scan-1141 get_device_data       : No context for object [ffff88040d8250f0]
[   10.327997]      scan-1141 get_device_data       : No context for object [ffff88040d825118]
[   10.328151]     utils-0051 util_eval_error       : Evaluate [\_SB_.PCI0.PB5_._STA]: AE_NOT_FOUND
[   10.329448] device: 'device:0b': device_add
[   10.329509] bus: 'acpi': add device device:0b
[   10.329582]     utils-0051 util_eval_error       : Evaluate [\_SB_.PCI0.PB5_._SUN]: AE_NOT_FOUND
[   10.330035]      scan-1933 add_single_object     : Added device:0b [\_SB_.PCI0.PB5_] parent PNP0A08:00
[   10.330035]      scan-1141 get_device_data       : No context for object [ffff88040d825140]
[   10.330155]      scan-1141 get_device_data       : No context for object [ffff88040d825168]
[   10.330328]      scan-1141 get_device_data       : No context for object [ffff88040d825190]
[   10.330525]      scan-1141 get_device_data       : No context for object [ffff88040d8251b8]
[   10.330721]      scan-1141 get_device_data       : No context for object [ffff88040d8251e0]
[   10.330916]      scan-1141 get_device_data       : No context for object [ffff88040d825208]
[   10.331093]      scan-1141 get_device_data       : No context for object [ffff88040d825230]
[   10.331287]      scan-1141 get_device_data       : No context for object [ffff88040d825258]
[   10.331483]      scan-1141 get_device_data       : No context for object [ffff88040d825280]
[   10.331677]      scan-1141 get_device_data       : No context for object [ffff88040d8252a8]
[   10.331873]      scan-1141 get_device_data       : No context for object [ffff88040d8252d0]
[   10.332069]      scan-1141 get_device_data       : No context for object [ffff88040d8252f8]
[   10.332265]      scan-1141 get_device_data       : No context for object [ffff88040d825320]
[   10.332459]      scan-1141 get_device_data       : No context for object [ffff88040d825348]
[   10.332655]      scan-1141 get_device_data       : No context for object [ffff88040d825370]
[   10.332845]      scan-1141 get_device_data       : No context for object [ffff88040d825398]
[   10.333041]      scan-1141 get_device_data       : No context for object [ffff88040d8253c0]
[   10.333237]      scan-1141 get_device_data       : No context for object [ffff88040d8253e8]
[   10.333335]      scan-1141 get_device_data       : No context for object [ffff88040d825410]
[   10.333533]      scan-1141 get_device_data       : No context for object [ffff88040d825438]
[   10.333731]      scan-1141 get_device_data       : No context for object [ffff88040d825460]
[   10.333926]      scan-1141 get_device_data       : No context for object [ffff88040d825488]
[   10.334077]      scan-1141 get_device_data       : No context for object [ffff88040d8254b0]
[   10.334255]      scan-1141 get_device_data       : No context for object [ffff88040d8254d8]
[   10.334453]      scan-1141 get_device_data       : No context for object [ffff88040d825500]
[   10.334650]      scan-1141 get_device_data       : No context for object [ffff88040d825528]
[   10.334848]      scan-1141 get_device_data       : No context for object [ffff88040d825550]
[   10.335024]      scan-1141 get_device_data       : No context for object [ffff88040d825578]
[   10.335219]      scan-1141 get_device_data       : No context for object [ffff88040d8255a0]
[   10.335417]      scan-1141 get_device_data       : No context for object [ffff88040d8255c8]
[   10.335615]      scan-1141 get_device_data       : No context for object [ffff88040d8255f0]
[   10.335815]     utils-0051 util_eval_error       : Evaluate [\_SB_.PCI0.PB5_.XPDV._STA]: AE_NOT_FOUND
[   10.336031] device: 'device:0c': device_add
[   10.336093] bus: 'acpi': add device device:0c
[   10.336168]     utils-0051 util_eval_error       : Evaluate [\_SB_.PCI0.PB5_.XPDV._SUN]: AE_NOT_FOUND
[   10.336702]      scan-1933 add_single_object     : Added device:0c [\_SB_.PCI0.PB5_.XPDV] parent device:0b
[   10.336702]      scan-1141 get_device_data       : No context for object [ffff88040d825618]
[   10.336871]      scan-1141 get_device_data       : No context for object [ffff88040d825640]
[   10.337069]      scan-1141 get_device_data       : No context for object [ffff88040d825668]
[   10.337267]      scan-1141 get_device_data       : No context for object [ffff88040d825690]
[   10.337465]      scan-1141 get_device_data       : No context for object [ffff88040d8256b8]
[   10.337660]      scan-1141 get_device_data       : No context for object [ffff88040d837528]
[   10.337858]      scan-1141 get_device_data       : No context for object [ffff88040d8256e0]
[   10.338055]      scan-1141 get_device_data       : No context for object [ffff88040d825708]
[   10.338238]     utils-0051 util_eval_error       : Evaluate [\_SB_.PCI0.PB6_._STA]: AE_NOT_FOUND
[   10.338535] device: 'device:0d': device_add
[   10.338598] bus: 'acpi': add device device:0d
[   10.338678]     utils-0051 util_eval_error       : Evaluate [\_SB_.PCI0.PB6_._SUN]: AE_NOT_FOUND
[   10.340005]      scan-1933 add_single_object     : Added device:0d [\_SB_.PCI0.PB6_] parent PNP0A08:00
[   10.340005]      scan-1141 get_device_data       : No context for object [ffff88040d825730]
[   10.340005]      scan-1141 get_device_data       : No context for object [ffff88040d825758]
[   10.340005]      scan-1141 get_device_data       : No context for object [ffff88040d825780]
[   10.340005]      scan-1141 get_device_data       : No context for object [ffff88040d8257a8]
[   10.340005]      scan-1141 get_device_data       : No context for object [ffff88040d8257d0]
[   10.340005]      scan-1141 get_device_data       : No context for object [ffff88040d8257f8]
[   10.340197]      scan-1141 get_device_data       : No context for object [ffff88040d825820]
[   10.340395]      scan-1141 get_device_data       : No context for object [ffff88040d825848]
[   10.340593]      scan-1141 get_device_data       : No context for object [ffff88040d825870]
[   10.340791]      scan-1141 get_device_data       : No context for object [ffff88040d825898]
[   10.340989]      scan-1141 get_device_data       : No context for object [ffff88040d8258c0]
[   10.341165]      scan-1141 get_device_data       : No context for object [ffff88040d8258e8]
[   10.341359]      scan-1141 get_device_data       : No context for object [ffff88040d825910]
[   10.341558]      scan-1141 get_device_data       : No context for object [ffff88040d825938]
[   10.341755]      scan-1141 get_device_data       : No context for object [ffff88040d825960]
[   10.341953]      scan-1141 get_device_data       : No context for object [ffff88040d825988]
[   10.342105]      scan-1141 get_device_data       : No context for object [ffff88040d8259b0]
[   10.342282]      scan-1141 get_device_data       : No context for object [ffff88040d8259d8]
[   10.342478]      scan-1141 get_device_data       : No context for object [ffff88040d825a00]
[   10.342673]      scan-1141 get_device_data       : No context for object [ffff88040d825a28]
[   10.342871]      scan-1141 get_device_data       : No context for object [ffff88040d825a50]
[   10.343049]      scan-1141 get_device_data       : No context for object [ffff88040d825a78]
[   10.343247]      scan-1141 get_device_data       : No context for object [ffff88040d825aa0]
[   10.343498]      scan-1141 get_device_data       : No context for object [ffff88040d825ac8]
[   10.343696]      scan-1141 get_device_data       : No context for object [ffff88040d825af0]
[   10.343890]      scan-1141 get_device_data       : No context for object [ffff88040d825b18]
[   10.344076]      scan-1141 get_device_data       : No context for object [ffff88040d825b40]
[   10.344274]      scan-1141 get_device_data       : No context for object [ffff88040d825b68]
[   10.344473]      scan-1141 get_device_data       : No context for object [ffff88040d825b90]
[   10.344670]      scan-1141 get_device_data       : No context for object [ffff88040d825bb8]
[   10.344867]      scan-1141 get_device_data       : No context for object [ffff88040d825be0]
[   10.345063]     utils-0051 util_eval_error       : Evaluate [\_SB_.PCI0.PB6_.XPDV._STA]: AE_NOT_FOUND
[   10.345302] device: 'device:0e': device_add
[   10.345411] bus: 'acpi': add device device:0e
[   10.345486]     utils-0051 util_eval_error       : Evaluate [\_SB_.PCI0.PB6_.XPDV._SUN]: AE_NOT_FOUND
[   10.346671]      scan-1933 add_single_object     : Added device:0e [\_SB_.PCI0.PB6_.XPDV] parent device:0d
[   10.346671]      scan-1141 get_device_data       : No context for object [ffff88040d825c08]
[   10.346671]      scan-1141 get_device_data       : No context for object [ffff88040d825c30]
[   10.346671]      scan-1141 get_device_data       : No context for object [ffff88040d825c58]
[   10.346671]      scan-1141 get_device_data       : No context for object [ffff88040d825c80]
[   10.346671]      scan-1141 get_device_data       : No context for object [ffff88040d825ca8]
[   10.347791]      scan-1141 get_device_data       : No context for object [ffff88040d837550]
[   10.347987]      scan-1141 get_device_data       : No context for object [ffff88040d825cd0]
[   10.348136]      scan-1141 get_device_data       : No context for object [ffff88040d825cf8]
[   10.348315]     utils-0051 util_eval_error       : Evaluate [\_SB_.PCI0.PB7_._STA]: AE_NOT_FOUND
[   10.348554] device: 'device:0f': device_add
[   10.348613] bus: 'acpi': add device device:0f
[   10.348678]     utils-0051 util_eval_error       : Evaluate [\_SB_.PCI0.PB7_._SUN]: AE_NOT_FOUND
[   10.350035]      scan-1933 add_single_object     : Added device:0f [\_SB_.PCI0.PB7_] parent PNP0A08:00
[   10.350035]      scan-1141 get_device_data       : No context for object [ffff88040d825d20]
[   10.350035]      scan-1141 get_device_data       : No context for object [ffff88040d825d48]
[   10.350035]      scan-1141 get_device_data       : No context for object [ffff88040d825d70]
[   10.350035]      scan-1141 get_device_data       : No context for object [ffff88040d825d98]
[   10.350035]      scan-1141 get_device_data       : No context for object [ffff88040d825dc0]
[   10.350035]      scan-1141 get_device_data       : No context for object [ffff88040d825de8]
[   10.350180]      scan-1141 get_device_data       : No context for object [ffff88040d825e10]
[   10.350378]      scan-1141 get_device_data       : No context for object [ffff88040d825e38]
[   10.350575]      scan-1141 get_device_data       : No context for object [ffff88040d825e60]
[   10.350773]      scan-1141 get_device_data       : No context for object [ffff88040d825e88]
[   10.350970]      scan-1141 get_device_data       : No context for object [ffff88040d825eb0]
[   10.351116]      scan-1141 get_device_data       : No context for object [ffff88040d825ed8]
[   10.351294]      scan-1141 get_device_data       : No context for object [ffff88040d825f00]
[   10.351491]      scan-1141 get_device_data       : No context for object [ffff88040d825f28]
[   10.351689]      scan-1141 get_device_data       : No context for object [ffff88040d825f50]
[   10.351887]      scan-1141 get_device_data       : No context for object [ffff88040d825f78]
[   10.352065]      scan-1141 get_device_data       : No context for object [ffff88040d825fa0]
[   10.352263]      scan-1141 get_device_data       : No context for object [ffff88040d825fc8]
[   10.352457]      scan-1141 get_device_data       : No context for object [ffff88040d827000]
[   10.352655]      scan-1141 get_device_data       : No context for object [ffff88040d827028]
[   10.352854]      scan-1141 get_device_data       : No context for object [ffff88040d827050]
[   10.353033]      scan-1141 get_device_data       : No context for object [ffff88040d827078]
[   10.353231]      scan-1141 get_device_data       : No context for object [ffff88040d8270a0]
[   10.353497]      scan-1141 get_device_data       : No context for object [ffff88040d8270c8]
[   10.353691]      scan-1141 get_device_data       : No context for object [ffff88040d8270f0]
[   10.353888]      scan-1141 get_device_data       : No context for object [ffff88040d827118]
[   10.354086]      scan-1141 get_device_data       : No context for object [ffff88040d827140]
[   10.354283]      scan-1141 get_device_data       : No context for object [ffff88040d827168]
[   10.354482]      scan-1141 get_device_data       : No context for object [ffff88040d827190]
[   10.354679]      scan-1141 get_device_data       : No context for object [ffff88040d8271b8]
[   10.354873]      scan-1141 get_device_data       : No context for object [ffff88040d8271e0]
[   10.355074]     utils-0051 util_eval_error       : Evaluate [\_SB_.PCI0.PB7_.XPDV._STA]: AE_NOT_FOUND
[   10.355308] device: 'device:10': device_add
[   10.355373] bus: 'acpi': add device device:10
[   10.355448]     utils-0051 util_eval_error       : Evaluate [\_SB_.PCI0.PB7_.XPDV._SUN]: AE_NOT_FOUND
[   10.356701]      scan-1933 add_single_object     : Added device:10 [\_SB_.PCI0.PB7_.XPDV] parent device:0f
[   10.356701]      scan-1141 get_device_data       : No context for object [ffff88040d827208]
[   10.356701]      scan-1141 get_device_data       : No context for object [ffff88040d827230]
[   10.356701]      scan-1141 get_device_data       : No context for object [ffff88040d827258]
[   10.356701]      scan-1141 get_device_data       : No context for object [ffff88040d827280]
[   10.356701]      scan-1141 get_device_data       : No context for object [ffff88040d8272a8]
[   10.356832]      scan-1141 get_device_data       : No context for object [ffff88040d837488]
[   10.357030]      scan-1141 get_device_data       : No context for object [ffff88040d8272d0]
[   10.357182]      scan-1141 get_device_data       : No context for object [ffff88040d8272f8]
[   10.357357]     utils-0051 util_eval_error       : Evaluate [\_SB_.PCI0.OHC1._STA]: AE_NOT_FOUND
[   10.357651] device: 'device:11': device_add
[   10.357714] bus: 'acpi': add device device:11
[   10.357788]     utils-0051 util_eval_error       : Evaluate [\_SB_.PCI0.OHC1._SUN]: AE_NOT_FOUND
[   10.357995]      scan-1933 add_single_object     : Added device:11 [\_SB_.PCI0.OHC1] parent PNP0A08:00
[   10.358152]      scan-1141 get_device_data       : No context for object [ffff88040d827320]
[   10.358330]      scan-1141 get_device_data       : No context for object [ffff88040d827348]
[   10.358524]      scan-1141 get_device_data       : No context for object [ffff88040d83b2f8]
[   10.358723]     utils-0051 util_eval_error       : Evaluate [\_SB_.PCI0.OHC1.RHUB._STA]: AE_NOT_FOUND
[   10.358957] device: 'device:12': device_add
[   10.359020] bus: 'acpi': add device device:12
[   10.359097]     utils-0051 util_eval_error       : Evaluate [\_SB_.PCI0.OHC1.RHUB._SUN]: AE_NOT_FOUND
[   10.360006]      scan-1933 add_single_object     : Added device:12 [\_SB_.PCI0.OHC1.RHUB] parent device:11
[   10.360006]      scan-1141 get_device_data       : No context for object [ffff88040d83b320]
[   10.360006]      scan-1141 get_device_data       : No context for object [ffff88040d83b348]
[   10.360006]     utils-0051 util_eval_error       : Evaluate [\_SB_.PCI0.OHC1.RHUB.PRT3._STA]: AE_NOT_FOUND
[   10.360037] device: 'device:13': device_add
[   10.360100] bus: 'acpi': add device device:13
[   10.360174]     utils-0051 util_eval_error       : Evaluate [\_SB_.PCI0.OHC1.RHUB.PRT3._SUN]: AE_NOT_FOUND
[   10.360383]      scan-1933 add_single_object     : Added device:13 [\_SB_.PCI0.OHC1.RHUB.PRT3] parent device:12
[   10.360586]      scan-1141 get_device_data       : No context for object [ffff88040d83b370]
[   10.360784]      scan-1141 get_device_data       : No context for object [ffff88040d83b398]
[   10.360977]      scan-1141 get_device_data       : No context for object [ffff88040d83b3c0]
[   10.361155]      scan-1141 get_device_data       : No context for object [ffff88040d83b3e8]
[   10.361353]     utils-0051 util_eval_error       : Evaluate [\_SB_.PCI0.OHC1.RHUB.PRT4._STA]: AE_NOT_FOUND
[   10.361587] device: 'device:14': device_add
[   10.361650] bus: 'acpi': add device device:14
[   10.361724]     utils-0051 util_eval_error       : Evaluate [\_SB_.PCI0.OHC1.RHUB.PRT4._SUN]: AE_NOT_FOUND
[   10.363368]      scan-1933 add_single_object     : Added device:14 [\_SB_.PCI0.OHC1.RHUB.PRT4] parent device:12
[   10.363368]      scan-1141 get_device_data       : No context for object [ffff88040d83b410]
[   10.363368]      scan-1141 get_device_data       : No context for object [ffff88040d83b438]
[   10.363368]      scan-1141 get_device_data       : No context for object [ffff88040d83b460]
[   10.363368]      scan-1141 get_device_data       : No context for object [ffff88040d827370]
[   10.363368]     utils-0051 util_eval_error       : Evaluate [\_SB_.PCI0.EHC1._STA]: AE_NOT_FOUND
[   10.363368] device: 'device:15': device_add
[   10.363368] bus: 'acpi': add device device:15
[   10.363368]     utils-0051 util_eval_error       : Evaluate [\_SB_.PCI0.EHC1._SUN]: AE_NOT_FOUND
[   10.363470]      scan-1933 add_single_object     : Added device:15 [\_SB_.PCI0.EHC1] parent PNP0A08:00
[   10.363670]      scan-1141 get_device_data       : No context for object [ffff88040d827398]
[   10.363865]      scan-1141 get_device_data       : No context for object [ffff88040d8273c0]
[   10.364060]      scan-1141 get_device_data       : No context for object [ffff88040d83b028]
[   10.364257]     utils-0051 util_eval_error       : Evaluate [\_SB_.PCI0.EHC1.RHUB._STA]: AE_NOT_FOUND
[   10.364486] device: 'device:16': device_add
[   10.364544] bus: 'acpi': add device device:16
[   10.364609]     utils-0051 util_eval_error       : Evaluate [\_SB_.PCI0.EHC1.RHUB._SUN]: AE_NOT_FOUND
[   10.364815]      scan-1933 add_single_object     : Added device:16 [\_SB_.PCI0.EHC1.RHUB] parent device:15
[   10.365940]      scan-1141 get_device_data       : No context for object [ffff88040d83b050]
[   10.366118]      scan-1141 get_device_data       : No context for object [ffff88040d83b078]
[   10.366315]     utils-0051 util_eval_error       : Evaluate [\_SB_.PCI0.EHC1.RHUB.PRT3._STA]: AE_NOT_FOUND
[   10.366547] device: 'device:17': device_add
[   10.366608] bus: 'acpi': add device device:17
[   10.366683]     utils-0051 util_eval_error       : Evaluate [\_SB_.PCI0.EHC1.RHUB.PRT3._SUN]: AE_NOT_FOUND
[   10.366888]      scan-1933 add_single_object     : Added device:17 [\_SB_.PCI0.EHC1.RHUB.PRT3] parent device:16
[   10.367075]      scan-1141 get_device_data       : No context for object [ffff88040d83b0a0]
[   10.367272]      scan-1141 get_device_data       : No context for object [ffff88040d83b0c8]
