[    0.000000] Initializing cgroup subsys cpuset
[    0.000000] Initializing cgroup subsys cpu
[    0.000000] Initializing cgroup subsys cpuacct
[    0.000000] Linux version 3.17.0-rc3-g86ba8b0 (emacs@manji) (gcc version 4.9.1 (GCC) ) #78 SMP Sat Sep 6 03:38:29 CEST 2014
[    0.000000] Command line: BOOT_IMAGE=/vmlinuz-linux-git root=UUID=bfa4ab6e-19a3-4601-ba2b-267c55841c73 rw cryptdevice=/dev/disk/by-uuid/70c08890-417a-497d-b6ab-c0d0357a63e2:cryptManjaro:allow-discards ipv6.disable=1 pnp.debug=1 loglevel=9 log_buf_len=10M printk.always_kmsg_dump=y printk.time=y mminit_loglevel=0 memory_corruption_check=1 acpi.debug_layer=0xfbff0000 acpi.debug_level=0xFFFFFFFD pnp.debug=1 nohz=on rcu_nocbs=1-3 pcie_aspm=force fbcon=scrollback:4096k fbcon=font:ProFont6x11 radeon.audio=0 radeon.lockup_timeout=0 radeon.test=0 radeon.agpmode=-1 radeon.benchmark=0 radeon.tv=0 radeon.hard_reset=1 radeon.aspm=1 radeon.dpm=1 radeon.msi=1 radeon.pcie_gen2=-1 radeon.no_wb=1 radeon.modeset=1 radeon.dynclks=1 radeon.r4xx_atom=0 radeon.runpm=0 radeonfb radeon.fastfb=1 nomodeset apic=debug
[    0.000000] KERNEL supported cpus:
[    0.000000]   AMD AuthenticAMD
[    0.000000] tseg: 00bfe00000
[    0.000000] e820: BIOS-provided physical RAM map:
[    0.000000] BIOS-e820: [mem 0x0000000000000000-0x000000000009d7ff] usable
[    0.000000] BIOS-e820: [mem 0x000000000009d800-0x000000000009ffff] reserved
[    0.000000] BIOS-e820: [mem 0x00000000000e0000-0x00000000000fffff] reserved
[    0.000000] BIOS-e820: [mem 0x0000000000100000-0x00000000bed9afff] usable
[    0.000000] BIOS-e820: [mem 0x00000000bed9b000-0x00000000bf39afff] reserved
[    0.000000] BIOS-e820: [mem 0x00000000bf39b000-0x00000000bf49afff] ACPI NVS
[    0.000000] BIOS-e820: [mem 0x00000000bf49b000-0x00000000bf51afff] ACPI data
[    0.000000] BIOS-e820: [mem 0x00000000bf51b000-0x00000000bfdfffff] usable
[    0.000000] BIOS-e820: [mem 0x00000000bfe00000-0x00000000bfffffff] reserved
[    0.000000] BIOS-e820: [mem 0x00000000fec00000-0x00000000fecfffff] reserved
[    0.000000] BIOS-e820: [mem 0x00000000fed80000-0x00000000fed80fff] reserved
[    0.000000] BIOS-e820: [mem 0x00000000ffe00000-0x00000000ffffffff] reserved
[    0.000000] BIOS-e820: [mem 0x0000000100000000-0x000000041effffff] usable
[    0.000000] NX (Execute Disable) protection: active
[    0.000000] SMBIOS 2.6 present.
[    0.000000] DMI: LENOVO Sabine/Torpedo, BIOS 54CN18WW 07/20/2011
[    0.000000] e820: update [mem 0x00000000-0x00000fff] usable ==> reserved
[    0.000000] e820: remove [mem 0x000a0000-0x000fffff] usable
[    0.000000] e820: last_pfn = 0x41f000 max_arch_pfn = 0x400000000
[    0.000000] MTRR default type: uncachable
[    0.000000] MTRR fixed ranges enabled:
[    0.000000]   00000-9FFFF write-back
[    0.000000]   A0000-BFFFF uncachable
[    0.000000]   C0000-FFFFF write-protect
[    0.000000] MTRR variable ranges enabled:
[    0.000000]   0 base 0000000000 mask FF80000000 write-back
[    0.000000]   1 base 0080000000 mask FFC0000000 write-back
[    0.000000]   2 base 00FFF90000 mask FFFFFF0000 uncachable
[    0.000000]   3 base 00FED80000 mask 0FFFFFF000 uncachable
[    0.000000]   4 disabled
[    0.000000]   5 disabled
[    0.000000]   6 disabled
[    0.000000]   7 base 00FFE00000 mask FFFFE00000 write-protect
[    0.000000] TOM2: 000000041f000000 aka 16880M
[    0.000000] mtrr: your BIOS has configured an incorrect mask, fixing it.
[    0.000000] e820: last_pfn = 0xbfe00 max_arch_pfn = 0x400000000
[    0.000000] Scan for SMP in [mem 0x00000000-0x000003ff]
[    0.000000] Scan for SMP in [mem 0x0009fc00-0x0009ffff]
[    0.000000] Scan for SMP in [mem 0x000f0000-0x000fffff]
[    0.000000] found SMP MP-table at [mem 0x000fa8b0-0x000fa8bf] mapped at [ffff8800000fa8b0]
[    0.000000]   mpc: fa8c0-faa24
[    0.000000] Base memory trampoline at [ffff880000097000] 97000 size 24576
[    0.000000] Using GB pages for direct mapping
[    0.000000] init_memory_mapping: [mem 0x00000000-0x000fffff]
[    0.000000]  [mem 0x00000000-0x000fffff] page 4k
[    0.000000] BRK [0x01e17000, 0x01e17fff] PGTABLE
[    0.000000] BRK [0x01e18000, 0x01e18fff] PGTABLE
[    0.000000] BRK [0x01e19000, 0x01e19fff] PGTABLE
[    0.000000] init_memory_mapping: [mem 0x41ee00000-0x41effffff]
[    0.000000]  [mem 0x41ee00000-0x41effffff] page 2M
[    0.000000] BRK [0x01e1a000, 0x01e1afff] PGTABLE
[    0.000000] init_memory_mapping: [mem 0x41c000000-0x41edfffff]
[    0.000000]  [mem 0x41c000000-0x41edfffff] page 2M
[    0.000000] init_memory_mapping: [mem 0x400000000-0x41bffffff]
[    0.000000]  [mem 0x400000000-0x41bffffff] page 2M
[    0.000000] init_memory_mapping: [mem 0x00100000-0xbed9afff]
[    0.000000]  [mem 0x00100000-0x001fffff] page 4k
[    0.000000]  [mem 0x00200000-0x3fffffff] page 2M
[    0.000000]  [mem 0x40000000-0x7fffffff] page 1G
[    0.000000]  [mem 0x80000000-0xbebfffff] page 2M
[    0.000000]  [mem 0xbec00000-0xbed9afff] page 4k
[    0.000000] init_memory_mapping: [mem 0xbf51b000-0xbfdfffff]
[    0.000000]  [mem 0xbf51b000-0xbf5fffff] page 4k
[    0.000000]  [mem 0xbf600000-0xbfdfffff] page 2M
[    0.000000] BRK [0x01e1b000, 0x01e1bfff] PGTABLE
[    0.000000] init_memory_mapping: [mem 0x100000000-0x3ffffffff]
[    0.000000]  [mem 0x100000000-0x3ffffffff] page 1G
[    0.000000] log_buf_len: 16777216 bytes
[    0.000000] early log buf free: 2091816(99%)
[    0.000000] RAMDISK: [mem 0x37828000-0x37c0bfff]
[    0.000000] ACPI: Early table checksum verification disabled
[    0.000000] ACPI: RSDP 0x00000000000F0110 000024 (v02 LENOVO)
[    0.000000] ACPI: XSDT 0x00000000BF51A120 000074 (v01 LENOVO CB-01    00000001 LENO 00000001)
[    0.000000] ACPI: FACP 0x00000000BF508000 0000F4 (v04 LENOVO CB-01    00000001 PTL  00000001)
[    0.000000] ACPI: DSDT 0x00000000BF50A000 00FD10 (v01 LENOVO CB-01    00001000 LENO 00000001)
[    0.000000] ACPI: FACS 0x00000000BF478000 000040
[    0.000000] ACPI: HPET 0x00000000BF507000 000038 (v01 LENOVO CB-01    00000001 PTL  00000001)
[    0.000000] ACPI: APIC 0x00000000BF506000 00007A (v02 LENOVO CB-01    00000001 PTL  00000001)
[    0.000000] ACPI: MCFG 0x00000000BF505000 00003C (v01 LENOVO CB-01    00000001 PTL  00000001)
[    0.000000] ACPI: SLIC 0x00000000BF504000 000176 (v01 LENOVO CB-01    00000001 LENO 00000001)
[    0.000000] ACPI: UEFI 0x00000000BF503000 00003E (v01 LENOVO CB-01    00000001 PTL  00000001)
[    0.000000] ACPI: UEFI 0x00000000BF502000 000042 (v01 PTL    COMBUF   00000001 PTL  00000001)
[    0.000000] ACPI: SSDT 0x00000000BF501000 000E34 (v01 AMD    POWERNOW 00000001 AMD  00000001)
[    0.000000] ACPI: SSDT 0x00000000BF4FF000 00193D (v02 AMD    ALIB     00000001 MSFT 04000000)
[    0.000000] ACPI: UEFI 0x00000000BF4FE000 00021A (v01 LENOVO CB-01    00000001 PTL  00000001)
[    0.000000] ACPI: Local APIC address 0xfee00000
[    0.000000] mapped APIC to ffffffffff5fd000 (        fee00000)
[    0.000000] No NUMA configuration found
[    0.000000] Faking a node at [mem 0x0000000000000000-0x000000041effffff]
[    0.000000] Initmem setup node 0 [mem 0x00000000-0x41effffff]
[    0.000000]   NODE_DATA [mem 0x41dffa000-0x41dffdfff]
[    0.000000]  [ffffea0000000000-ffffea00107fffff] PMD -> [ffff88040de00000-ffff88041d5fffff] on node 0
[    0.000000] Zone ranges:
[    0.000000]   DMA      [mem 0x00001000-0x00ffffff]
[    0.000000]   DMA32    [mem 0x01000000-0xffffffff]
[    0.000000]   Normal   [mem 0x100000000-0x41effffff]
[    0.000000] Movable zone start for each node
[    0.000000] Early memory node ranges
[    0.000000]   node   0: [mem 0x00001000-0x0009cfff]
[    0.000000]   node   0: [mem 0x00100000-0xbed9afff]
[    0.000000]   node   0: [mem 0xbf51b000-0xbfdfffff]
[    0.000000]   node   0: [mem 0x100000000-0x41effffff]
[    0.000000] On node 0 totalpages: 4056604
[    0.000000]   DMA zone: 64 pages used for memmap
[    0.000000]   DMA zone: 21 pages reserved
[    0.000000]   DMA zone: 3996 pages, LIFO batch:0
[    0.000000]   DMA32 zone: 12186 pages used for memmap
[    0.000000]   DMA32 zone: 779904 pages, LIFO batch:31
[    0.000000]   Normal zone: 51136 pages used for memmap
[    0.000000]   Normal zone: 3272704 pages, LIFO batch:31
[    0.000000] ACPI: PM-Timer IO Port: 0x808
[    0.000000] ACPI: Local APIC address 0xfee00000
[    0.000000] mapped APIC to ffffffffff5fd000 (        fee00000)
[    0.000000] ACPI: LAPIC (acpi_id[0x00] lapic_id[0x00] enabled)
[    0.000000] ACPI: LAPIC (acpi_id[0x01] lapic_id[0x01] enabled)
[    0.000000] ACPI: LAPIC (acpi_id[0x02] lapic_id[0x02] enabled)
[    0.000000] ACPI: LAPIC (acpi_id[0x03] lapic_id[0x03] enabled)
[    0.000000] ACPI: LAPIC_NMI (acpi_id[0x00] high edge lint[0x1])
[    0.000000] ACPI: LAPIC_NMI (acpi_id[0x01] high edge lint[0x1])
[    0.000000] ACPI: LAPIC_NMI (acpi_id[0x02] high edge lint[0x1])
[    0.000000] ACPI: LAPIC_NMI (acpi_id[0x03] high edge lint[0x1])
[    0.000000] ACPI: IOAPIC (id[0x02] address[0xfec00000] gsi_base[0])
[    0.000000] IOAPIC[0]: apic_id 2, version 33, address 0xfec00000, GSI 0-23
[    0.000000] ACPI: INT_SRC_OVR (bus 0 bus_irq 0 global_irq 2 dfl dfl)
[    0.000000] Int: type 0, pol 0, trig 0, bus 00, IRQ 00, APIC ID 2, APIC INT 02
[    0.000000] Int: type 0, pol 3, trig 3, bus 00, IRQ 09, APIC ID 2, APIC INT 09
[    0.000000] ACPI: IRQ0 used by override.
[    0.000000] Int: type 0, pol 0, trig 0, bus 00, IRQ 01, APIC ID 2, APIC INT 01
[    0.000000] Int: type 0, pol 0, trig 0, bus 00, IRQ 03, APIC ID 2, APIC INT 03
[    0.000000] Int: type 0, pol 0, trig 0, bus 00, IRQ 04, APIC ID 2, APIC INT 04
[    0.000000] Int: type 0, pol 0, trig 0, bus 00, IRQ 05, APIC ID 2, APIC INT 05
[    0.000000] Int: type 0, pol 0, trig 0, bus 00, IRQ 06, APIC ID 2, APIC INT 06
[    0.000000] Int: type 0, pol 0, trig 0, bus 00, IRQ 07, APIC ID 2, APIC INT 07
[    0.000000] Int: type 0, pol 0, trig 0, bus 00, IRQ 08, APIC ID 2, APIC INT 08
[    0.000000] ACPI: IRQ9 used by override.
[    0.000000] Int: type 0, pol 0, trig 0, bus 00, IRQ 0a, APIC ID 2, APIC INT 0a
[    0.000000] Int: type 0, pol 0, trig 0, bus 00, IRQ 0b, APIC ID 2, APIC INT 0b
[    0.000000] Int: type 0, pol 0, trig 0, bus 00, IRQ 0c, APIC ID 2, APIC INT 0c
[    0.000000] Int: type 0, pol 0, trig 0, bus 00, IRQ 0d, APIC ID 2, APIC INT 0d
[    0.000000] Int: type 0, pol 0, trig 0, bus 00, IRQ 0e, APIC ID 2, APIC INT 0e
[    0.000000] Int: type 0, pol 0, trig 0, bus 00, IRQ 0f, APIC ID 2, APIC INT 0f
[    0.000000] Using ACPI (MADT) for SMP configuration information
[    0.000000] ACPI: HPET id: 0x43538210 base: 0xfed00000
[    0.000000] smpboot: Allowing 4 CPUs, 0 hotplug CPUs
[    0.000000] mapped IOAPIC to ffffffffff5fc000 (fec00000)
[    0.000000] e820: [mem 0xc0000000-0xfebfffff] available for PCI devices
[    0.000000] setup_percpu: NR_CPUS:64 nr_cpumask_bits:64 nr_cpu_ids:4 nr_node_ids:1
[    0.000000] PERCPU: Embedded 27 pages/cpu @ffff88041dc00000 s80256 r8192 d22144 u524288
[    0.000000] pcpu-alloc: s80256 r8192 d22144 u524288 alloc=1*2097152
[    0.000000] pcpu-alloc: [0] 0 1 2 3 
[    0.000000] Built 1 zonelists in Zone order, mobility grouping on.  Total pages: 3993197
[    0.000000] Policy zone: Normal
[    0.000000] Kernel command line: BOOT_IMAGE=/vmlinuz-linux-git root=UUID=bfa4ab6e-19a3-4601-ba2b-267c55841c73 rw cryptdevice=/dev/disk/by-uuid/70c08890-417a-497d-b6ab-c0d0357a63e2:cryptManjaro:allow-discards ipv6.disable=1 pnp.debug=1 loglevel=9 log_buf_len=10M printk.always_kmsg_dump=y printk.time=y mminit_loglevel=0 memory_corruption_check=1 acpi.debug_layer=0xfbff0000 acpi.debug_level=0xFFFFFFFD pnp.debug=1 nohz=on rcu_nocbs=1-3 pcie_aspm=force fbcon=scrollback:4096k fbcon=font:ProFont6x11 radeon.audio=0 radeon.lockup_timeout=0 radeon.test=0 radeon.agpmode=-1 radeon.benchmark=0 radeon.tv=0 radeon.hard_reset=1 radeon.aspm=1 radeon.dpm=1 radeon.msi=1 radeon.pcie_gen2=-1 radeon.no_wb=1 radeon.modeset=1 radeon.dynclks=1 radeon.r4xx_atom=0 radeon.runpm=0 radeonfb radeon.fastfb=1 nomodeset apic=debug
[    0.000000] PCIe ASPM is forcibly enabled
[    0.000000] PID hash table entries: 4096 (order: 3, 32768 bytes)
[    0.000000] Memory: 15870892K/16226416K available (5248K kernel code, 721K rwdata, 2208K rodata, 848K init, 2588K bss, 355524K reserved)
[    0.000000] SLUB: HWalign=64, Order=0-3, MinObjects=0, CPUs=4, Nodes=1
[    0.000000] Hierarchical RCU implementation.
[    0.000000] 	RCU dyntick-idle grace-period acceleration is enabled.
[    0.000000] 	Additional per-CPU info printed with stalls.
[    0.000000] 	RCU restricting CPUs from NR_CPUS=64 to nr_cpu_ids=4.
[    0.000000] 	Offload RCU callbacks from all CPUs
[    0.000000] 	Offload RCU callbacks from CPUs: 0-3.
[    0.000000] RCU: Adjusting geometry for rcu_fanout_leaf=16, nr_cpu_ids=4
[    0.000000] NR_IRQS:4352 nr_irqs:456 0
[    0.000000] spurious 8259A interrupt: IRQ7.
[    0.000000] vgacon: allocated 4194304 bytes of memory for scrollback. CONFIG_VGACON_SOFT_SCROLLBACK_SIZE=4096
[    0.000000] Console: colour VGA+ 80x25
[    0.000000] console [tty0] enabled
[    0.000000] allocated 65011712 bytes of page_cgroup
[    0.000000] please try 'cgroup_disable=memory' option if you don't want memory cgroups
[    0.000000] hpet clockevent registered
[    0.000000] tsc: Fast TSC calibration using PIT
[    0.000000] tsc: Detected 1397.482 MHz processor
[    0.000065] Calibrating delay loop (skipped), value calculated using timer frequency.. 2796.42 BogoMIPS (lpj=4658273)
[    0.000196] pid_max: default: 32768 minimum: 301
[    0.000271] ACPI: Core revision 20140724
[    0.026512] ACPI: All ACPI Tables successfully acquired
[    0.028775] Security Framework initialized
[    0.030438] Dentry cache hash table entries: 2097152 (order: 12, 16777216 bytes)
[    0.037244] Inode-cache hash table entries: 1048576 (order: 11, 8388608 bytes)
[    0.040321] Mount-cache hash table entries: 32768 (order: 6, 262144 bytes)
[    0.040463] Mountpoint-cache hash table entries: 32768 (order: 6, 262144 bytes)
[    0.041016] Initializing cgroup subsys memory
[    0.041135] Initializing cgroup subsys devices
[    0.041202] Initializing cgroup subsys freezer
[    0.041269] Initializing cgroup subsys net_cls
[    0.041335] Initializing cgroup subsys blkio
[    0.041427] CPU: Physical Processor ID: 0
[    0.041492] CPU: Processor Core ID: 0
[    0.041557] mce: CPU supports 6 MCE banks
[    0.041631] Last level iTLB entries: 4KB 512, 2MB 16, 4MB 8
Last level dTLB entries: 4KB 1024, 2MB 128, 4MB 64, 1GB 0
[    0.041911] Freeing SMP alternatives memory: 20K (ffffffff81b8a000 - ffffffff81b8f000)
[    0.042186] Getting VERSION: 80050010
[    0.042297] Getting VERSION: 80050010
[    0.042359] Getting ID: 0
[    0.042421] Getting ID: ff000000
[    0.042483] Getting LVT0: 700
[    0.042544] Getting LVT1: 400
[    0.042612] enabled ExtINT on CPU#0
[    0.042847] ENABLING IO-APIC IRQs
[    0.042911] init IO_APIC IRQs
[    0.042972]  apic 2 pin 0 not connected
[    0.043036] IOAPIC[0]: Set routing entry (2-1 -> 0x31 -> IRQ 1 Mode:0 Active:0 Dest:1)
[    0.043151] IOAPIC[0]: Set routing entry (2-2 -> 0x30 -> IRQ 0 Mode:0 Active:0 Dest:1)
[    0.043283] IOAPIC[0]: Set routing entry (2-2 -> 0x30 -> IRQ 0 Mode:0 Active:0 Dest:1)
[    0.043429] IOAPIC[0]: Set routing entry (2-3 -> 0x33 -> IRQ 3 Mode:0 Active:0 Dest:1)
[    0.043563] IOAPIC[0]: Set routing entry (2-4 -> 0x34 -> IRQ 4 Mode:0 Active:0 Dest:1)
[    0.043648] IOAPIC[0]: Set routing entry (2-5 -> 0x35 -> IRQ 5 Mode:0 Active:0 Dest:1)
[    0.043781] IOAPIC[0]: Set routing entry (2-6 -> 0x36 -> IRQ 6 Mode:0 Active:0 Dest:1)
[    0.043915] IOAPIC[0]: Set routing entry (2-7 -> 0x37 -> IRQ 7 Mode:0 Active:0 Dest:1)
[    0.044047] IOAPIC[0]: Set routing entry (2-8 -> 0x38 -> IRQ 8 Mode:0 Active:0 Dest:1)
[    0.044181] IOAPIC[0]: Set routing entry (2-9 -> 0x39 -> IRQ 9 Mode:1 Active:1 Dest:1)
[    0.044314] IOAPIC[0]: Set routing entry (2-10 -> 0x3a -> IRQ 10 Mode:0 Active:0 Dest:1)
[    0.044448] IOAPIC[0]: Set routing entry (2-11 -> 0x3b -> IRQ 11 Mode:0 Active:0 Dest:1)
[    0.044563] IOAPIC[0]: Set routing entry (2-12 -> 0x3c -> IRQ 12 Mode:0 Active:0 Dest:1)
[    0.044649] IOAPIC[0]: Set routing entry (2-13 -> 0x3d -> IRQ 13 Mode:0 Active:0 Dest:1)
[    0.044782] IOAPIC[0]: Set routing entry (2-14 -> 0x3e -> IRQ 14 Mode:0 Active:0 Dest:1)
[    0.044915] IOAPIC[0]: Set routing entry (2-15 -> 0x3f -> IRQ 15 Mode:0 Active:0 Dest:1)
[    0.045047]  apic 2 pin 16 not connected
[    0.045105]  apic 2 pin 17 not connected
[    0.045164]  apic 2 pin 18 not connected
[    0.045223]  apic 2 pin 19 not connected
[    0.045280]  apic 2 pin 20 not connected
[    0.045338]  apic 2 pin 21 not connected
[    0.045397]  apic 2 pin 22 not connected
[    0.045454]  apic 2 pin 23 not connected
[    0.045644] ..TIMER: vector=0x30 apic1=0 pin1=2 apic2=-1 pin2=-1
[    0.078721] smpboot: CPU0: AMD A6-3400M APU with Radeon(tm) HD Graphics (fam: 12, model: 01, stepping: 00)
[    0.078969] Using local APIC timer interrupts.
calibrating APIC timer ...
[    0.183473] ... lapic delta = 1247715
[    0.183537] ... PM-Timer delta = 357950
[    0.183600] ... PM-Timer result ok
[    0.183664] ..... delta 1247715
[    0.183727] ..... mult: 53588956
[    0.183790] ..... calibration result: 665448
[    0.183854] ..... CPU clock speed is 1397.1941 MHz.
[    0.183919] ..... host bus clock speed is 199.2181 MHz.
[    0.184018] Performance Events: AMD PMU driver.
[    0.184123] ... version:                0
[    0.184186] ... bit width:              48
[    0.184250] ... generic registers:      4
[    0.184314] ... value mask:             0000ffffffffffff
[    0.184379] ... max period:             00007fffffffffff
[    0.184444] ... fixed-purpose events:   0
[    0.184508] ... event mask:             000000000000000f
[    0.185042] MCE: In-kernel MCE decoding enabled.
[    0.185210] trying cpu_up:
[    0.185323] NMI watchdog: enabled on all CPUs, permanently consumes one hw-PMU counter.
[    0.185635] smpboot: ++++++++++++++++++++=_---CPU UP  1
[    0.185704] x86: Booting SMP configuration:
[    0.185769] .... node  #0, CPUs:      #1
[    0.185878] smpboot: Setting warm reset code and vector.
[    0.186003] smpboot: 1.
[    0.186066] smpboot: 2.
[    0.186129] smpboot: 3.
[    0.186192] smpboot: Asserting INIT
[    0.186255] smpboot: disabling irqs:
[    0.186330] smpboot: done disabling irqs
[    0.186394] smpboot: waiting 3 sec for mouse movements to 'crash' this cpu
[    3.191863] smpboot: done waiting
[    3.191973] smpboot: Waiting for INIT send to finish...
[    3.202042] smpboot: status for above ^ is: 0
[    3.202150] smpboot: Deasserting INIT
[    3.202212] smpboot: Waiting for above send to finish...
[    3.202276] smpboot: #startup loops: 2
[    3.202339] smpboot: Sending STARTUP #1
[    3.202401] smpboot: After apic_write
[    3.202462] smpboot: enabling irqs:
[    3.202545] smpboot: done enabling irqs
[    3.108361] smpboot: CPU#1 (phys ID: 1) waiting for CALLOUT
[    3.108363] smpboot: Waiting max 15 sec for callout
[    3.203035] smpboot: Startup point 1
[    3.203144] smpboot: Waiting for send to finish...
[    3.203407] smpboot: Sending STARTUP #2
[    3.203516] smpboot: After apic_write
[    3.203880] smpboot: Startup point 1
[    3.203989] smpboot: Waiting for send to finish...
[    3.204254] smpboot: After Startup
[    3.204364] smpboot: Before Callout 1
[    3.204427] smpboot: After Callout 1
[    3.110182] smpboot: done waiting max 15 sec for callout
[    3.110186] masked ExtINT on CPU#1
[    3.110219] smpboot: Stack at about ffff880407807f3c
[    3.204683] smpboot: start waiting 5sec for response
[    3.204723] smpboot: done waiting 5sec for response
[    3.204820] smpboot: cpumask_test_cpu result: -1
[    3.204886] smpboot: cpu_callin_mask: 0000000000000003
[    3.204984] smpboot: cpu_callout_mask: 0000000000000003
[    3.206147] smpboot: CPU1: has booted.
[    3.208277] TSC synchronization [CPU#0 -> CPU#1]:
[    3.208389] Measured 131661659 cycles TSC warp between CPUs, turning off TSC clock.
[    3.208531] tsc: Marking TSC unstable due to check_tsc_sync_source failed
[    3.208655] after cpu_up !!!!!!!!!!!!
[    3.208694] trying cpu_up:
[    3.208906] smpboot: ++++++++++++++++++++=_---CPU UP  2
[    3.209045]  #2
[    3.209082] smpboot: Setting warm reset code and vector.
[    3.209206] smpboot: 1.
[    3.209268] smpboot: 2.
[    3.209331] smpboot: 3.
[    3.209393] smpboot: Asserting INIT
[    3.209456] smpboot: disabling irqs:
[    3.209530] smpboot: done disabling irqs
[    3.209594] smpboot: waiting 3 sec for mouse movements to 'crash' this cpu
[    6.214939] smpboot: done waiting
[    6.215047] smpboot: Waiting for INIT send to finish...
[    6.225113] smpboot: status for above ^ is: 0
[    6.225221] smpboot: Deasserting INIT
[    6.225283] smpboot: Waiting for above send to finish...
[    6.225346] smpboot: #startup loops: 2
[    6.225408] smpboot: Sending STARTUP #1
[    6.225470] smpboot: After apic_write
[    6.225532] smpboot: enabling irqs:
[    6.225606] smpboot: done enabling irqs
[    6.097343] smpboot: CPU#2 (phys ID: 2) waiting for CALLOUT
[    6.097345] smpboot: Waiting max 15 sec for callout
[    6.225969] smpboot: Startup point 1
[    6.226202] smpboot: Waiting for send to finish...
[    6.226465] smpboot: Sending STARTUP #2
[    6.226574] smpboot: After apic_write
[    6.226936] smpboot: Startup point 1
[    6.227046] smpboot: Waiting for send to finish...
[    6.227312] smpboot: After Startup
[    6.227421] smpboot: Before Callout 2
[    6.227484] smpboot: After Callout 2
[    6.099151] smpboot: done waiting max 15 sec for callout
[    6.099156] masked ExtINT on CPU#2
[    6.099188] smpboot: Stack at about ffff88040780bf3c
[    6.227741] smpboot: start waiting 5sec for response
[    6.227781] smpboot: done waiting 5sec for response
[    6.227878] smpboot: cpumask_test_cpu result: -1
[    6.227940] smpboot: cpu_callin_mask: 0000000000000007
[    6.228038] smpboot: cpu_callout_mask: 0000000000000007
[    6.228101] smpboot: CPU2: has booted.
[    6.228252] after cpu_up !!!!!!!!!!!!
[    6.228291] trying cpu_up:
[    6.228497] smpboot: ++++++++++++++++++++=_---CPU UP  3
[    6.228610]  #3
[    6.228647] smpboot: Setting warm reset code and vector.
[    6.228772] smpboot: 1.
[    6.228834] smpboot: 2.
[    6.228895] smpboot: 3.
[    6.228957] smpboot: Asserting INIT
[    6.229015] smpboot: disabling irqs:
[    6.229088] smpboot: done disabling irqs
[    6.229147] smpboot: waiting 3 sec for mouse movements to 'crash' this cpu
[    9.234073] smpboot: done waiting
[    9.234180] smpboot: Waiting for INIT send to finish...
[    9.244247] smpboot: status for above ^ is: 0
[    9.244354] smpboot: Deasserting INIT
[    9.244415] smpboot: Waiting for above send to finish...
[    9.244478] smpboot: #startup loops: 2
[    9.244539] smpboot: Sending STARTUP #1
[    9.244600] smpboot: After apic_write
[    9.244661] smpboot: enabling irqs:
[    9.244729] smpboot: done enabling irqs
[    9.082544] smpboot: CPU#3 (phys ID: 3) waiting for CALLOUT
[    9.082545] smpboot: Waiting max 15 sec for callout
[    9.245214] smpboot: Startup point 1
[    9.245323] smpboot: Waiting for send to finish...
[    9.245588] smpboot: Sending STARTUP #2
[    9.245649] smpboot: After apic_write
[    9.246010] smpboot: Startup point 1
[    9.246117] smpboot: Waiting for send to finish...
[    9.246380] smpboot: After Startup
[    9.246489] smpboot: Before Callout 3
[    9.246550] smpboot: After Callout 3
[    9.084341] smpboot: done waiting max 15 sec for callout
[    9.084344] masked ExtINT on CPU#3
[    9.084373] smpboot: Stack at about ffff88040780ff3c
[    9.246795] smpboot: start waiting 5sec for response
[    9.246832] smpboot: done waiting 5sec for response
[    9.246925] smpboot: cpumask_test_cpu result: -1
[    9.246985] smpboot: cpu_callin_mask: 000000000000000f
[    9.247076] smpboot: cpu_callout_mask: 000000000000000f
[    9.247136] smpboot: CPU3: has booted.
[    9.247270] after cpu_up !!!!!!!!!!!!
[    9.247307] x86: Booted up 1 node, 4 CPUs
[    9.247423] smpboot: Boot done
[    9.247483] smpboot: Before bogomips
[    9.247544] smpboot: Total of 4 processors activated (11184.68 BogoMIPS)
[    9.247606] smpboot: Before bogocount - setting activated=1
[    0.110090] devtmpfs: initialized
[    0.110136] device: 'platform': device_add
[    0.110214] bus: 'platform': registered
[    0.110282] bus: 'cpu': registered
[    0.110340] device: 'cpu': device_add
[    0.110414] bus: 'container': registered
[    0.110475] device: 'container': device_add
[    0.113731] bus: 'workqueue': registered
[    0.113731] device: 'workqueue': device_add
[    0.113782] kworker/u8:0 (39) used greatest stack depth: 14160 bytes left
[    0.113937] atomic64_test: passed for x86-64 platform with CX8 and with SSE
[    0.113940] device class 'regulator': registering
[    0.113977] Registering platform device 'reg-dummy'. Parent at platform
[    0.113978] device: 'reg-dummy': device_add
[    0.113982] bus: 'platform': add device reg-dummy
[    0.114007] bus: 'platform': add driver reg-dummy
[    0.114012] bus: 'platform': driver_probe_device: matched device reg-dummy with driver reg-dummy
[    0.114014] bus: 'platform': really_probe: probing driver reg-dummy with device reg-dummy
[    0.114022] device: 'regulator.0': device_add
[    0.114052] regulator-dummy: no parameters
[    0.114065] driver: 'reg-dummy': driver_bound: bound to device 'reg-dummy'
[    0.114067] bus: 'platform': really_probe: bound device reg-dummy to driver reg-dummy
[    0.114199] NET: Registered protocol family 16
[    0.114484] device class 'bdi': registering
[    0.114495] bus: 'platform': add driver ramoops
[    0.114506] device class 'pci_bus': registering
[    0.114520] bus: 'pci': registered
[    0.114524] device class 'backlight': registering
[    0.114530] device class 'tty': registering
[    0.114536] device class 'vtconsole': registering
[    0.114542] device: 'vtcon0': device_add
[    0.114564] bus: 'node': registered
[    0.114566] device: 'node': device_add
[    0.114587] bus: 'i2c': registered
[    0.114589] bus: 'i2c': add driver dummy
[    0.114595] i2c-core: driver [dummy] registered
[    0.114598] cpuidle: using governor ladder
[    0.114600] cpuidle: using governor menu
[    0.115105] ACPI FADT declares the system doesn't support PCIe ASPM, so disable it
[    0.115106] ACPI: bus type PCI registered
[    0.115108] acpiphp: ACPI Hot Plug PCI Controller Driver version: 0.5
[    0.115112] device class 'dmi': registering
[    0.115120] device: 'id': device_add
[    0.115197] PCI: MMCONFIG for domain 0000 [bus 00-3f] at [mem 0xf8000000-0xfbffffff] (base 0xf8000000)
[    0.115199] PCI: not using MMCONFIG
[    0.115200] PCI: Using configuration type 1 for base access
[    0.115201] PCI: Using configuration type 1 for extended access
[    0.115514] device: 'node0': device_add
[    0.115518] bus: 'node': add device node0
[    0.115546] device: 'cpu0': device_add
[    0.115549] bus: 'cpu': add device cpu0
[    0.115588] device: 'cpu1': device_add
[    0.115592] bus: 'cpu': add device cpu1
[    0.115628] device: 'cpu2': device_add
[    0.115632] bus: 'cpu': add device cpu2
[    0.115674] device: 'cpu3': device_add
[    0.115678] bus: 'cpu': add device cpu3
[    0.140073] device: 'writeback': device_add
[    0.140168] bus: 'workqueue': add device writeback
[    0.140265] device: 'default': device_add
[    0.140423] device class 'block': registering
[    0.140423] ACPI: Added _OSI(Module Device)
[    0.140423] ACPI: Added _OSI(Processor Device)
[    0.140423] ACPI: Added _OSI(3.0 _SCP Extensions)
[    0.140423] ACPI: Added _OSI(Processor Aggregator Device)
[    0.142050] IOAPIC[0]: Set routing entry (2-9 -> 0x39 -> IRQ 9 Mode:1 Active:1 Dest:15)
[    0.143565] 
**** Context Switch from TID 4294967295 to TID 133431296 ****

[    0.143770]     utils-0051 util_eval_error       : Evaluate [\_SB_.PCI0.LPC0.EC0_._GLK]: AE_NOT_FOUND
[    0.144236] Executing  Method       \_SB_.PCI0.LPC0.EC0_._REG
[    0.144912] Executing  Method       \_SB_.PCI0.LPC0.EC0_._REG
[    0.145111] Executing  Method       \_SB_.PCI0.LPC0.EC0_._REG
[    0.145289] Executing  Method       \_SB_.PCI0.LPC0.EC0_._REG
[    0.148456] Initializing Region       \_SB_.OSTY
[    0.148649] Initializing Region       \_SB_.PCI0.NBMS
[    0.148795] Initializing Region       \_SB_.PCI0.NBXP
[    0.150015] Initializing Region       \_SB_.PCI0.K8ST
[    0.150201] Initializing Region       \_SB_.PCI0.BAR1
[    0.150410] Initializing Region       \_SB_.PCI0.PB2_.XPEX
[    0.150554] Initializing Region       \_SB_.PCI0.PB2_.PCFG
[    0.150692] Initializing Region       \_SB_.PCI0.PB2_.XPCB
[    0.150831] Initializing Region       \_SB_.PCI0.PB2_.XPRI
[    0.150972] Initializing Region       \_SB_.PCI0.PB2_.VGA_.PCFG
[    0.151148] Initializing Region       \_SB_.PCI0.PB2_.HDAU.PCFG
[    0.151329] Initializing Region       \_SB_.PCI0.PB3_.XPEX
[    0.151477] Initializing Region       \_SB_.PCI0.PB3_.PCFG
[    0.151626] Initializing Region       \_SB_.PCI0.PB3_.XPCB
[    0.151769] Initializing Region       \_SB_.PCI0.PB3_.XPRI
[    0.151910] Initializing Region       \_SB_.PCI0.PB3_.VGA_.PCFG
[    0.152093] Initializing Region       \_SB_.PCI0.PB3_.HDAU.PCFG
[    0.152263] Initializing Region       \_SB_.PCI0.PB4_.XPEX
[    0.152400] Initializing Region       \_SB_.PCI0.PB4_.PCFG
[    0.152546] Initializing Region       \_SB_.PCI0.PB4_.XPCB
[    0.152687] Initializing Region       \_SB_.PCI0.PB4_.XPRI
[    0.152832] Initializing Region       \_SB_.PCI0.PB4_.XPDV.PCFG
[    0.152994] Initializing Region       \_SB_.PCI0.PB5_.XPEX
[    0.153134] Initializing Region       \_SB_.PCI0.PB5_.PCFG
[    0.153279] Initializing Region       \_SB_.PCI0.PB5_.XPCB
[    0.153446] Initializing Region       \_SB_.PCI0.PB5_.XPRI
[    0.153589] Initializing Region       \_SB_.PCI0.PB5_.XPDV.PCFG
[    0.153754] Initializing Region       \_SB_.PCI0.PB6_.XPEX
[    0.153902] Initializing Region       \_SB_.PCI0.PB6_.PCFG
[    0.154045] Initializing Region       \_SB_.PCI0.PB6_.XPCB
[    0.154183] Initializing Region       \_SB_.PCI0.PB6_.XPRI
[    0.154323] Initializing Region       \_SB_.PCI0.PB6_.XPDV.PCFG
[    0.154470] Initializing Region       \_SB_.PCI0.PB7_.XPEX
[    0.154608] Initializing Region       \_SB_.PCI0.PB7_.PCFG
[    0.154746] Initializing Region       \_SB_.PCI0.PB7_.XPCB
[    0.154889] Initializing Region       \_SB_.PCI0.PB7_.XPRI
[    0.155042] Initializing Region       \_SB_.PCI0.PB7_.XPDV.PCFG
[    0.155399] Initializing Region       \_SB_.PCI0.SATC
[    0.155584] Initializing Region       \_SB_.PCI0.RMEM
[    0.155745] Initializing Region       \_SB_.PCI0.SATA.SATX
[    0.155898] Initializing Region       \_SB_.PCI0.SATA.BAR5
[    0.166770] Initializing Region       \_SB_.PCI0.SMB_.SBRV
[    0.166938] Initializing Region       \_SB_.PCI0.SMB_.PMIO
[    0.167076] Initializing Region       \_SB_.PCI0.SMB_.ERMM
[    0.167298] Initializing Region       \_SB_.PCI0.SMB_.P1E0
[    0.167492] Initializing Region       \_SB_.PCI0.SMB_.ABIO
[    0.167631] Initializing Region       \_SB_.PCI0.SMB_.SMB0
[    0.167770] Initializing Region       \_SB_.PCI0.LPC0.PIRQ
[    0.167941] Initializing Region       \_SB_.PCI0.LPC0.LPCR
[    0.168159] Initializing Region       \_SB_.PCI0.LPC0.LPCS
[    0.168350] Initializing Region       \_SB_.PCI0.LPC0.SMI0
[    0.168486] Initializing Region       \_SB_.PCI0.LPC0.SMI1
[    0.168629] Initializing Region       \_SB_.PCI0.LPC0.EC0_.ECO1
[    0.168766] Initializing Region       \_SB_.PCI0.LPC0.EC0_.ECO2
[    0.168902] Initializing Region       \_SB_.PCI0.LPC0.EC0_.ECMB
[    0.169039] Initializing Region       \_SB_.PCI0.LPC0.EC0_.RAM_
[    0.169246] Initializing Region       \_SB_.PCI0.LPC0.EC0_.CMOS
[    0.169409] Initializing Region       \_SB_.PCI0.LPC0.EC0_.VPC0.ERAM
[    0.169578] Initializing Region       \_SB_.PCI0.SPB0.PCFG
[    0.169751] Initializing Region       \_SB_.PCI0.SPB0.XPCB
[    0.169891] Initializing Region       \_SB_.PCI0.SPB0.XPDV.PCFG
[    0.170020] Initializing Region       \_SB_.PCI0.SPB1.PCFG
[    0.170157] Initializing Region       \_SB_.PCI0.SPB1.XPCB
[    0.170297] Initializing Region       \_SB_.PCI0.SPB1.XPDV.PCFG
[    0.170442] Initializing Region       \_SB_.PCI0.SPB2.PCFG
[    0.170579] Initializing Region       \_SB_.PCI0.SPB2.XPCB
[    0.170719] Initializing Region       \_SB_.PCI0.SPB2.XPDV.PCFG
[    0.170863] Initializing Region       \_SB_.PCI0.SPB3.PCFG
[    0.171001] Initializing Region       \_SB_.PCI0.SPB3.XPCB
[    0.171140] Initializing Region       \_SB_.PCI0.SPB3.XPDV.PCFG
[    0.171370] Initializing Region       \_SB_.PCI0.VGA_.REVD
[    0.171646] Initializing BufferField  \_SB_.AMW0.WLID
[    0.172174] Initializing Region       \DEB2
[    0.172349] Initializing Region       \PMIO
[    0.172476] Initializing Region       \P01_
[    0.172635] Initializing Region       \CNVS
[    0.172786] Initializing Region       \SPRT
[    0.172941] Initializing Region       \CMIO
[    0.173168] Executing  Method       \_SB_._STA
[    0.173337] Executing  Method       \_SB_._INI
[    0.173487] Executing  Method       \_SB_.PCI0._STA
[    0.173637] Executing  Method       \_SB_.PCI0._INI
[    0.174064] [Firmware Bug]: ACPI: BIOS _OSI(Linux) query ignored
[    0.174490] Executing  Method       \_SB_.PCI0.SATA._STA
[    0.174641] Executing  Method       \_SB_.PCI0.SATA._INI
[    0.175618] Executing  Method       \_SB_.PCI0.LPC0.EC0_._REG
[    0.203418] ACPI: Interpreter enabled
[    0.203541] ACPI: (supports S0 S5)
[    0.203603] ACPI: Using IOAPIC for interrupt routing
[    0.203861] PCI: MMCONFIG for domain 0000 [bus 00-3f] at [mem 0xf8000000-0xfbffffff] (base 0xf8000000)
[    0.204758] PCI: MMCONFIG at [mem 0xf8000000-0xfbffffff] reserved in ACPI motherboard resources
[    0.205062] bus: 'acpi': registered
[    0.205174] PCI: Using host bridge windows from ACPI; if necessary, use "pci=nocrs" and report a bug
[    0.205311]      scan-1141 get_device_data       : No context for object [ffffffffffffffff]
[    0.205529]     utils-0051 util_eval_error       : Evaluate [\._STA]: AE_NOT_FOUND
[    0.205759] device: 'LNXSYSTM:00': device_add
[    0.205830] bus: 'acpi': add device LNXSYSTM:00
[    0.206685]     utils-0051 util_eval_error       : Evaluate [\._SUN]: AE_NOT_FOUND
[    0.206898]      scan-1933 add_single_object     : Added LNXSYSTM:00 [\] parent (null)
[    0.207094]      scan-1141 get_device_data       : No context for object [ffff88040d81d000]
[    0.207304]      scan-1141 get_device_data       : No context for object [ffff88040d8377d0]
[    0.207514]      scan-1141 get_device_data       : No context for object [ffff88040d8377f8]
[    0.207723]      scan-1141 get_device_data       : No context for object [ffff88040d837820]
[    0.207927]      scan-1141 get_device_data       : No context for object [ffff88040d837848]
[    0.208132]      scan-1141 get_device_data       : No context for object [ffff88040d837870]
[    0.208342]      scan-1141 get_device_data       : No context for object [ffff88040d837898]
[    0.208551]      scan-1141 get_device_data       : No context for object [ffff88040d8378c0]
[    0.208761]      scan-1141 get_device_data       : No context for object [ffff88040d8378e8]
[    0.208941]      scan-1141 get_device_data       : No context for object [ffff88040d839398]
[    0.209146]      scan-1141 get_device_data       : No context for object [ffff88040d81d028]
[    0.209343]      scan-1141 get_device_data       : No context for object [ffff88040d81d168]
[    0.209543]     utils-0051 util_eval_error       : Evaluate [\_PR_.C000._STA]: AE_NOT_FOUND
[    0.209738]      scan-1141 get_device_data       : No context for object [ffff88040d81d028]
[    0.209934] device: 'LNXCPU:00': device_add
[    0.210003] bus: 'acpi': add device LNXCPU:00
[    0.210071]     utils-0051 util_eval_error       : Evaluate [\_PR_.C000._SUN]: AE_NOT_FOUND
[    0.210277]      scan-1933 add_single_object     : Added LNXCPU:00 [\_PR_.C000] parent LNXSYSTM:00
[    0.210478]      scan-1141 get_device_data       : No context for object [ffff88040d83c398]
[    0.210674]      scan-1141 get_device_data       : No context for object [ffff88040d83c3c0]
[    0.210867]      scan-1141 get_device_data       : No context for object [ffff88040d83c3e8]
[    0.211011]      scan-1141 get_device_data       : No context for object [ffff88040d83c410]
[    0.211184]      scan-1141 get_device_data       : No context for object [ffff88040d83c438]
[    0.211379]      scan-1141 get_device_data       : No context for object [ffff88040d83c460]
[    0.211574]      scan-1141 get_device_data       : No context for object [ffff88040d81d190]
[    0.211771]     utils-0051 util_eval_error       : Evaluate [\_PR_.C001._STA]: AE_NOT_FOUND
[    0.211944]      scan-1141 get_device_data       : No context for object [ffff88040d81d028]
[    0.212139] device: 'LNXCPU:01': device_add
[    0.212202] bus: 'acpi': add device LNXCPU:01
[    0.212276]     utils-0051 util_eval_error       : Evaluate [\_PR_.C001._SUN]: AE_NOT_FOUND
[    0.212477]      scan-1933 add_single_object     : Added LNXCPU:01 [\_PR_.C001] parent LNXSYSTM:00
[    0.212677]      scan-1141 get_device_data       : No context for object [ffff88040d83c488]
[    0.212870]      scan-1141 get_device_data       : No context for object [ffff88040d83c4b0]
[    0.213013]      scan-1141 get_device_data       : No context for object [ffff88040d83c4d8]
[    0.213188]      scan-1141 get_device_data       : No context for object [ffff88040d83c500]
[    0.213336]      scan-1141 get_device_data       : No context for object [ffff88040d83c528]
[    0.213531]      scan-1141 get_device_data       : No context for object [ffff88040d83c550]
[    0.213727]      scan-1141 get_device_data       : No context for object [ffff88040d81d1b8]
[    0.213901]     utils-0051 util_eval_error       : Evaluate [\_PR_.C002._STA]: AE_NOT_FOUND
[    0.214095]      scan-1141 get_device_data       : No context for object [ffff88040d81d028]
[    0.214302] device: 'LNXCPU:02': device_add
[    0.215423] bus: 'acpi': add device LNXCPU:02
[    0.215497]     utils-0051 util_eval_error       : Evaluate [\_PR_.C002._SUN]: AE_NOT_FOUND
[    0.215704]      scan-1933 add_single_object     : Added LNXCPU:02 [\_PR_.C002] parent LNXSYSTM:00
[    0.215894]      scan-1141 get_device_data       : No context for object [ffff88040d83c578]
[    0.216086]      scan-1141 get_device_data       : No context for object [ffff88040d83c5a0]
[    0.216281]      scan-1141 get_device_data       : No context for object [ffff88040d83c5c8]
[    0.216478]      scan-1141 get_device_data       : No context for object [ffff88040d83c5f0]
[    0.216669]      scan-1141 get_device_data       : No context for object [ffff88040d83c618]
[    0.216867]      scan-1141 get_device_data       : No context for object [ffff88040d83c640]
[    0.217059]      scan-1141 get_device_data       : No context for object [ffff88040d81d1e0]
[    0.217256]     utils-0051 util_eval_error       : Evaluate [\_PR_.C003._STA]: AE_NOT_FOUND
[    0.217454]      scan-1141 get_device_data       : No context for object [ffff88040d81d028]
[    0.217660] device: 'LNXCPU:03': device_add
[    0.217723] bus: 'acpi': add device LNXCPU:03
[    0.217795]     utils-0051 util_eval_error       : Evaluate [\_PR_.C003._SUN]: AE_NOT_FOUND
[    0.217947]      scan-1933 add_single_object     : Added LNXCPU:03 [\_PR_.C003] parent LNXSYSTM:00
[    0.218123]      scan-1141 get_device_data       : No context for object [ffff88040d83c668]
[    0.218320]      scan-1141 get_device_data       : No context for object [ffff88040d83c690]
[    0.218518]      scan-1141 get_device_data       : No context for object [ffff88040d83c6b8]
[    0.218716]      scan-1141 get_device_data       : No context for object [ffff88040d83c6e0]
[    0.218892]      scan-1141 get_device_data       : No context for object [ffff88040d83c708]
[    0.219083]      scan-1141 get_device_data       : No context for object [ffff88040d83c730]
[    0.219280]      scan-1141 get_device_data       : No context for object [ffff88040d81d050]
[    0.219479]     utils-0051 util_eval_error       : Evaluate [\_SB_._STA]: AE_NOT_FOUND
[    0.219733] device: 'LNXSYBUS:00': device_add
[    0.219840] bus: 'acpi': add device LNXSYBUS:00
[    0.220011]     utils-0051 util_eval_error       : Evaluate [\_SB_._SUN]: AE_NOT_FOUND
[    0.220191]      scan-1933 add_single_object     : Added LNXSYBUS:00 [\_SB_] parent LNXSYSTM:00
[    0.220395]      scan-1141 get_device_data       : No context for object [ffff88040d81d3c0]
[    0.220593]      scan-1141 get_device_data       : No context for object [ffff88040d81d3e8]
[    0.220791]      scan-1141 get_device_data       : No context for object [ffff88040d81d410]
[    0.220984]      scan-1141 get_device_data       : No context for object [ffff88040d81d438]
[    0.221177]      scan-1141 get_device_data       : No context for object [ffff88040d81d460]
[    0.221370]      scan-1141 get_device_data       : No context for object [ffff88040d81d488]
[    0.221567]      scan-1141 get_device_data       : No context for object [ffff88040d81d4b0]
[    0.221765]      scan-1141 get_device_data       : No context for object [ffff88040d81d5a0]
[    0.221965]     utils-0051 util_eval_error       : Evaluate [\_SB_.PWRB._STA]: AE_NOT_FOUND
[    0.222178] device: 'PNP0C0C:00': device_add
[    0.222238] bus: 'acpi': add device PNP0C0C:00
[    0.222312]     utils-0051 util_eval_error       : Evaluate [\_SB_.PWRB._SUN]: AE_NOT_FOUND
[    0.222520]      scan-1933 add_single_object     : Added PNP0C0C:00 [\_SB_.PWRB] parent LNXSYBUS:00
[    0.222728]      scan-1141 get_device_data       : No context for object [ffff88040d81d5c8]
[    0.222925]      scan-1141 get_device_data       : No context for object [ffff88040d81d5f0]
[    0.223073]     utils-0051 util_eval_error       : Evaluate [\_SB_.PCI0._STA]: AE_NOT_FOUND
[    0.223290] device: 'PNP0A08:00': device_add
[    0.223340] bus: 'acpi': add device PNP0A08:00
[    0.223419]     utils-0051 util_eval_error       : Evaluate [\_SB_.PCI0._SUN]: AE_NOT_FOUND
[    0.223628]      scan-1933 add_single_object     : Added PNP0A08:00 [\_SB_.PCI0] parent LNXSYBUS:00
[    0.223836]      scan-1141 get_device_data       : No context for object [ffff88040d81d618]
[    0.223983]      scan-1141 get_device_data       : No context for object [ffff88040d81d640]
[    0.224156]      scan-1141 get_device_data       : No context for object [ffff88040d81d668]
[    0.224351]      scan-1141 get_device_data       : No context for object [ffff88040d81d690]
[    0.224548]      scan-1141 get_device_data       : No context for object [ffff88040d81d6b8]
[    0.224746]      scan-1141 get_device_data       : No context for object [ffff88040d81d6e0]
[    0.224922]      scan-1141 get_device_data       : No context for object [ffff88040d81d708]
[    0.225114]      scan-1141 get_device_data       : No context for object [ffff88040d81d730]
[    0.225307]      scan-1141 get_device_data       : No context for object [ffff88040d81d758]
[    0.225505]      scan-1141 get_device_data       : No context for object [ffff88040d81d780]
[    0.225704]      scan-1141 get_device_data       : No context for object [ffff88040d81d7a8]
[    0.225901]      scan-1141 get_device_data       : No context for object [ffff88040d81d7d0]
[    0.226093]      scan-1141 get_device_data       : No context for object [ffff88040d81d7f8]
[    0.226283]      scan-1141 get_device_data       : No context for object [ffff88040d81d820]
[    0.226479]      scan-1141 get_device_data       : No context for object [ffff88040d81d848]
[    0.226669]      scan-1141 get_device_data       : No context for object [ffff88040d81d870]
[    0.226865]      scan-1141 get_device_data       : No context for object [ffff88040d81d898]
[    0.227008]      scan-1141 get_device_data       : No context for object [ffff88040d81d8c0]
[    0.227181]      scan-1141 get_device_data       : No context for object [ffff88040d81d8e8]
[    0.227372]      scan-1141 get_device_data       : No context for object [ffff88040d81d910]
[    0.227567]      scan-1141 get_device_data       : No context for object [ffff88040d81d938]
[    0.227761]      scan-1141 get_device_data       : No context for object [ffff88040d81d960]
[    0.227937]      scan-1141 get_device_data       : No context for object [ffff88040d81d988]
[    0.228126]      scan-1141 get_device_data       : No context for object [ffff88040d81d9b0]
[    0.228317]      scan-1141 get_device_data       : No context for object [ffff88040d81d9d8]
[    0.228513]      scan-1141 get_device_data       : No context for object [ffff88040d81da00]
[    0.228708]      scan-1141 get_device_data       : No context for object [ffff88040d81da28]
[    0.228903]      scan-1141 get_device_data       : No context for object [ffff88040d81da50]
[    0.229093]      scan-1141 get_device_data       : No context for object [ffff88040d81da78]
[    0.229283]      scan-1141 get_device_data       : No context for object [ffff88040d81daa0]
[    0.229478]      scan-1141 get_device_data       : No context for object [ffff88040d81dac8]
[    0.229674]      scan-1141 get_device_data       : No context for object [ffff88040d81daf0]
[    0.229867]      scan-1141 get_device_data       : No context for object [ffff88040d81db18]
[    0.230109]      scan-1141 get_device_data       : No context for object [ffff88040d81db40]
[    0.230298]      scan-1141 get_device_data       : No context for object [ffff88040d81db68]
[    0.230491]      scan-1141 get_device_data       : No context for object [ffff88040d81db90]
[    0.230688]      scan-1141 get_device_data       : No context for object [ffff88040d81dbb8]
[    0.230886]      scan-1141 get_device_data       : No context for object [ffff88040d81dbe0]
[    0.231036]      scan-1141 get_device_data       : No context for object [ffff88040d81dc08]
[    0.231208]      scan-1141 get_device_data       : No context for object [ffff88040d81dc30]
[    0.231404]      scan-1141 get_device_data       : No context for object [ffff88040d81dc58]
[    0.231601]      scan-1141 get_device_data       : No context for object [ffff88040d81dc80]
[    0.231799]      scan-1141 get_device_data       : No context for object [ffff88040d81dca8]
[    0.231979]      scan-1141 get_device_data       : No context for object [ffff88040d81dcd0]
[    0.232171]      scan-1141 get_device_data       : No context for object [ffff88040d81dcf8]
[    0.232363]      scan-1141 get_device_data       : No context for object [ffff88040d81dd20]
[    0.232560]      scan-1141 get_device_data       : No context for object [ffff88040d81dd48]
[    0.233336]      scan-1141 get_device_data       : No context for object [ffff88040d81dd70]
[    0.233533]      scan-1141 get_device_data       : No context for object [ffff88040d81dd98]
[    0.233729]      scan-1141 get_device_data       : No context for object [ffff88040d81ddc0]
[    0.233921]      scan-1141 get_device_data       : No context for object [ffff88040d81dde8]
[    0.234116]      scan-1141 get_device_data       : No context for object [ffff88040d81de10]
[    0.234314]      scan-1141 get_device_data       : No context for object [ffff88040d81de38]
[    0.234512]      scan-1141 get_device_data       : No context for object [ffff88040d81de60]
[    0.234688]      scan-1141 get_device_data       : No context for object [ffff88040d81de88]
[    0.234881]      scan-1141 get_device_data       : No context for object [ffff88040d81deb0]
[    0.235074]      scan-1141 get_device_data       : No context for object [ffff88040d81ded8]
[    0.235267]      scan-1141 get_device_data       : No context for object [ffff88040d81df00]
[    0.235459]      scan-1141 get_device_data       : No context for object [ffff88040d81df28]
[    0.235605]      scan-1141 get_device_data       : No context for object [ffff88040d81df50]
[    0.235779]      scan-1141 get_device_data       : No context for object [ffff88040d81df78]
[    0.235972]      scan-1141 get_device_data       : No context for object [ffff88040d81dfa0]
[    0.236167]      scan-1141 get_device_data       : No context for object [ffff88040d81dfc8]
[    0.236797]      scan-1141 get_device_data       : No context for object [ffff88040d822000]
[    0.236974]      scan-1141 get_device_data       : No context for object [ffff88040d822028]
[    0.237170]     utils-0051 util_eval_error       : Evaluate [\_SB_.PCI0.MEMR._STA]: AE_NOT_FOUND
[    0.237383] device: 'PNP0C02:00': device_add
[    0.237443] bus: 'acpi': add device PNP0C02:00
[    0.237510]     utils-0051 util_eval_error       : Evaluate [\_SB_.PCI0.MEMR._SUN]: AE_NOT_FOUND
[    0.237709]      scan-1933 add_single_object     : Added PNP0C02:00 [\_SB_.PCI0.MEMR] parent PNP0A08:00
[    0.237906]      scan-1141 get_device_data       : No context for object [ffff88040d822050]
[    0.238059]      scan-1141 get_device_data       : No context for object [ffff88040d822078]
[    0.238236]      scan-1141 get_device_data       : No context for object [ffff88040d8220a0]
[    0.238428]      scan-1141 get_device_data       : No context for object [ffff88040d8220c8]
[    0.238625]      scan-1141 get_device_data       : No context for object [ffff88040d8220f0]
[    0.238824]      scan-1141 get_device_data       : No context for object [ffff88040d822118]
[    0.239000]      scan-1141 get_device_data       : No context for object [ffff88040d822140]
[    0.239191]      scan-1141 get_device_data       : No context for object [ffff88040d822168]
[    0.239384]      scan-1141 get_device_data       : No context for object [ffff88040d822190]
[    0.239576]      scan-1141 get_device_data       : No context for object [ffff88040d8221b8]
[    0.239768]      scan-1141 get_device_data       : No context for object [ffff88040d8221e0]
[    0.239960]      scan-1141 get_device_data       : No context for object [ffff88040d822208]
[    0.240165]      scan-1141 get_device_data       : No context for object [ffff88040d822230]
[    0.240362]      scan-1141 get_device_data       : No context for object [ffff88040d822258]
[    0.240555]      scan-1141 get_device_data       : No context for object [ffff88040d822280]
[    0.240748]      scan-1141 get_device_data       : No context for object [ffff88040d8222a8]
[    0.240941]     utils-0051 util_eval_error       : Evaluate [\_SB_.PCI0.PB2_._STA]: AE_NOT_FOUND
[    0.241157] device: 'device:00': device_add
[    0.241216] bus: 'acpi': add device device:00
[    0.241288]     utils-0051 util_eval_error       : Evaluate [\_SB_.PCI0.PB2_._SUN]: AE_NOT_FOUND
[    0.241495]      scan-1933 add_single_object     : Added device:00 [\_SB_.PCI0.PB2_] parent PNP0A08:00
[    0.241696]      scan-1141 get_device_data       : No context for object [ffff88040d8222d0]
[    0.241888]      scan-1141 get_device_data       : No context for object [ffff88040d8222f8]
[    0.242034]      scan-1141 get_device_data       : No context for object [ffff88040d822320]
[    0.242207]      scan-1141 get_device_data       : No context for object [ffff88040d822348]
[    0.242399]      scan-1141 get_device_data       : No context for object [ffff88040d822370]
[    0.242591]      scan-1141 get_device_data       : No context for object [ffff88040d822398]
[    0.242784]      scan-1141 get_device_data       : No context for object [ffff88040d8223c0]
[    0.242977]      scan-1141 get_device_data       : No context for object [ffff88040d8223e8]
[    0.243171]      scan-1141 get_device_data       : No context for object [ffff88040d822410]
[    0.243336]      scan-1141 get_device_data       : No context for object [ffff88040d822438]
[    0.243530]      scan-1141 get_device_data       : No context for object [ffff88040d822460]
[    0.243720]      scan-1141 get_device_data       : No context for object [ffff88040d822488]
[    0.243915]      scan-1141 get_device_data       : No context for object [ffff88040d8224b0]
[    0.244092]      scan-1141 get_device_data       : No context for object [ffff88040d8224d8]
[    0.244285]      scan-1141 get_device_data       : No context for object [ffff88040d822500]
[    0.244474]      scan-1141 get_device_data       : No context for object [ffff88040d822528]
[    0.244664]      scan-1141 get_device_data       : No context for object [ffff88040d822550]
[    0.244853]      scan-1141 get_device_data       : No context for object [ffff88040d822578]
[    0.244995]      scan-1141 get_device_data       : No context for object [ffff88040d8225a0]
[    0.245168]      scan-1141 get_device_data       : No context for object [ffff88040d8225c8]
[    0.245360]      scan-1141 get_device_data       : No context for object [ffff88040d8225f0]
[    0.245556]      scan-1141 get_device_data       : No context for object [ffff88040d822618]
[    0.245751]      scan-1141 get_device_data       : No context for object [ffff88040d822640]
[    0.245939]      scan-1141 get_device_data       : No context for object [ffff88040d822668]
[    0.246128]      scan-1141 get_device_data       : No context for object [ffff88040d822690]
[    0.246318]      scan-1141 get_device_data       : No context for object [ffff88040d8226b8]
[    0.246507]      scan-1141 get_device_data       : No context for object [ffff88040d8226e0]
[    0.246668]      scan-1141 get_device_data       : No context for object [ffff88040d822708]
[    0.246864]      scan-1141 get_device_data       : No context for object [ffff88040d822730]
[    0.247008]      scan-1141 get_device_data       : No context for object [ffff88040d822758]
[    0.247180]      scan-1141 get_device_data       : No context for object [ffff88040d822780]
[    0.247379]     utils-0051 util_eval_error       : Evaluate [\_SB_.PCI0.PB2_.VGA_._STA]: AE_NOT_FOUND
[    0.247616] device: 'device:01': device_add
[    0.247725] bus: 'acpi': add device device:01
[    0.247799]     utils-0051 util_eval_error       : Evaluate [\_SB_.PCI0.PB2_.VGA_._SUN]: AE_NOT_FOUND
[    0.247983]      scan-1933 add_single_object     : Added device:01 [\_SB_.PCI0.PB2_.VGA_] parent device:00
[    0.248178]      scan-1141 get_device_data       : No context for object [ffff88040d8227a8]
[    0.248371]      scan-1141 get_device_data       : No context for object [ffff88040d8227d0]
[    0.248563]      scan-1141 get_device_data       : No context for object [ffff88040d8227f8]
[    0.248755]      scan-1141 get_device_data       : No context for object [ffff88040d822820]
[    0.248929]      scan-1141 get_device_data       : No context for object [ffff88040d822848]
[    0.249126]      scan-1141 get_device_data       : No context for object [ffff88040d822870]
[    0.249320]      scan-1141 get_device_data       : No context for object [ffff88040d822898]
[    0.249518]      scan-1141 get_device_data       : No context for object [ffff88040d8228c0]
[    0.249715]      scan-1141 get_device_data       : No context for object [ffff88040d8228e8]
[    0.249907]      scan-1141 get_device_data       : No context for object [ffff88040d822910]
[    0.250160]      scan-1141 get_device_data       : No context for object [ffff88040d822938]
[    0.250352]      scan-1141 get_device_data       : No context for object [ffff88040d822960]
[    0.250544]      scan-1141 get_device_data       : No context for object [ffff88040d822988]
[    0.251748]      scan-1141 get_device_data       : No context for object [ffff88040d8229b0]
[    0.251939]      scan-1141 get_device_data       : No context for object [ffff88040d8229d8]
[    0.252112]      scan-1141 get_device_data       : No context for object [ffff88040d822a00]
[    0.252306]      scan-1141 get_device_data       : No context for object [ffff88040d822a28]
[    0.252504]      scan-1141 get_device_data       : No context for object [ffff88040d822a50]
[    0.252701]      scan-1141 get_device_data       : No context for object [ffff88040d822a78]
[    0.252893]      scan-1141 get_device_data       : No context for object [ffff88040d822aa0]
[    0.253040]      scan-1141 get_device_data       : No context for object [ffff88040d822ac8]
[    0.253213]      scan-1141 get_device_data       : No context for object [ffff88040d822af0]
[    0.253335]      scan-1141 get_device_data       : No context for object [ffff88040d822b18]
[    0.253527]      scan-1141 get_device_data       : No context for object [ffff88040d822b40]
[    0.253725]      scan-1141 get_device_data       : No context for object [ffff88040d822b68]
[    0.253908]      scan-1141 get_device_data       : No context for object [ffff88040d822b90]
[    0.254106]      scan-1141 get_device_data       : No context for object [ffff88040d822bb8]
[    0.254303]      scan-1141 get_device_data       : No context for object [ffff88040d822be0]
[    0.254495]      scan-1141 get_device_data       : No context for object [ffff88040d822c08]
[    0.254687]      scan-1141 get_device_data       : No context for object [ffff88040d822c30]
[    0.254880]      scan-1141 get_device_data       : No context for object [ffff88040d822c58]
[    0.255072]      scan-1141 get_device_data       : No context for object [ffff88040d822c80]
[    0.255264]      scan-1141 get_device_data       : No context for object [ffff88040d822ca8]
[    0.255459]      scan-1141 get_device_data       : No context for object [ffff88040d822cd0]
[    0.255657]      scan-1141 get_device_data       : No context for object [ffff88040d822cf8]
[    0.255853]      scan-1141 get_device_data       : No context for object [ffff88040d822d20]
[    0.255999]      scan-1141 get_device_data       : No context for object [ffff88040d822d48]
[    0.256172]      scan-1141 get_device_data       : No context for object [ffff88040d822d70]
[    0.256364]      scan-1141 get_device_data       : No context for object [ffff88040d822d98]
[    0.256557]      scan-1141 get_device_data       : No context for object [ffff88040d837438]
[    0.256827]      scan-1141 get_device_data       : No context for object [ffff88040d822dc0]
[    0.257005]     utils-0051 util_eval_error       : Evaluate [\_SB_.PCI0.PB2_.HDAU._STA]: AE_NOT_FOUND
[    0.257237] device: 'device:02': device_add
[    0.257300] bus: 'acpi': add device device:02
[    0.257366]     utils-0051 util_eval_error       : Evaluate [\_SB_.PCI0.PB2_.HDAU._SUN]: AE_NOT_FOUND
[    0.257568]      scan-1933 add_single_object     : Added device:02 [\_SB_.PCI0.PB2_.HDAU] parent device:00
[    0.257771]      scan-1141 get_device_data       : No context for object [ffff88040d822de8]
[    0.257969]      scan-1141 get_device_data       : No context for object [ffff88040d822e10]
[    0.258161]      scan-1141 get_device_data       : No context for object [ffff88040d822e38]
[    0.258354]      scan-1141 get_device_data       : No context for object [ffff88040d822e60]
[    0.258546]      scan-1141 get_device_data       : No context for object [ffff88040d822e88]
[    0.258738]      scan-1141 get_device_data       : No context for object [ffff88040d822eb0]
[    0.258931]      scan-1141 get_device_data       : No context for object [ffff88040d822ed8]
[    0.259080]     utils-0051 util_eval_error       : Evaluate [\_SB_.PCI0.PB3_._STA]: AE_NOT_FOUND
[    0.259356] device: 'device:03': device_add
[    0.259419] bus: 'acpi': add device device:03
[    0.259489]     utils-0051 util_eval_error       : Evaluate [\_SB_.PCI0.PB3_._SUN]: AE_NOT_FOUND
[    0.259687]      scan-1933 add_single_object     : Added device:03 [\_SB_.PCI0.PB3_] parent PNP0A08:00
[    0.259879]      scan-1141 get_device_data       : No context for object [ffff88040d822f00]
[    0.260001]      scan-1141 get_device_data       : No context for object [ffff88040d822f28]
[    0.260191]      scan-1141 get_device_data       : No context for object [ffff88040d822f50]
[    0.260381]      scan-1141 get_device_data       : No context for object [ffff88040d822f78]
[    0.260576]      scan-1141 get_device_data       : No context for object [ffff88040d822fa0]
[    0.260768]      scan-1141 get_device_data       : No context for object [ffff88040d822fc8]
[    0.260945]      scan-1141 get_device_data       : No context for object [ffff88040d823000]
[    0.261139]      scan-1141 get_device_data       : No context for object [ffff88040d823028]
[    0.261328]      scan-1141 get_device_data       : No context for object [ffff88040d823050]
[    0.261518]      scan-1141 get_device_data       : No context for object [ffff88040d823078]
[    0.261708]      scan-1141 get_device_data       : No context for object [ffff88040d8230a0]
[    0.261898]      scan-1141 get_device_data       : No context for object [ffff88040d8230c8]
[    0.262071]      scan-1141 get_device_data       : No context for object [ffff88040d8230f0]
[    0.262265]      scan-1141 get_device_data       : No context for object [ffff88040d823118]
[    0.262456]      scan-1141 get_device_data       : No context for object [ffff88040d823140]
[    0.262647]      scan-1141 get_device_data       : No context for object [ffff88040d823168]
[    0.262841]      scan-1141 get_device_data       : No context for object [ffff88040d823190]
[    0.262986]      scan-1141 get_device_data       : No context for object [ffff88040d8231b8]
[    0.263163]      scan-1141 get_device_data       : No context for object [ffff88040d8231e0]
[    0.263335]      scan-1141 get_device_data       : No context for object [ffff88040d823208]
[    0.263524]      scan-1141 get_device_data       : No context for object [ffff88040d823230]
[    0.263713]      scan-1141 get_device_data       : No context for object [ffff88040d823258]
[    0.263904]      scan-1141 get_device_data       : No context for object [ffff88040d823280]
[    0.264097]      scan-1141 get_device_data       : No context for object [ffff88040d8232a8]
[    0.264290]      scan-1141 get_device_data       : No context for object [ffff88040d8232d0]
[    0.264484]      scan-1141 get_device_data       : No context for object [ffff88040d8232f8]
[    0.264682]      scan-1141 get_device_data       : No context for object [ffff88040d823320]
[    0.264878]      scan-1141 get_device_data       : No context for object [ffff88040d823348]
[    0.265052]      scan-1141 get_device_data       : No context for object [ffff88040d823370]
[    0.265245]      scan-1141 get_device_data       : No context for object [ffff88040d823398]
[    0.265437]      scan-1141 get_device_data       : No context for object [ffff88040d8233c0]
[    0.265631]     utils-0051 util_eval_error       : Evaluate [\_SB_.PCI0.PB3_.VGA_._STA]: AE_NOT_FOUND
[    0.265846]     video-0058 backlight_cap_match   : Found generic backlight support
[    0.266010] device: 'LNXVIDEO:00': device_add
[    0.266073] bus: 'acpi': add device LNXVIDEO:00
[    0.266150]     utils-0051 util_eval_error       : Evaluate [\_SB_.PCI0.PB3_.VGA_._SUN]: AE_NOT_FOUND
[    0.266335]      scan-1933 add_single_object     : Added LNXVIDEO:00 [\_SB_.PCI0.PB3_.VGA_] parent device:03
[    0.266533]      scan-1141 get_device_data       : No context for object [ffff88040d8233e8]
[    0.266795]      scan-1141 get_device_data       : No context for object [ffff88040d823410]
[    0.266977]      scan-1141 get_device_data       : No context for object [ffff88040d823438]
[    0.267169]      scan-1141 get_device_data       : No context for object [ffff88040d823460]
[    0.267364]      scan-1141 get_device_data       : No context for object [ffff88040d823488]
[    0.267560]      scan-1141 get_device_data       : No context for object [ffff88040d8234b0]
[    0.267757]      scan-1141 get_device_data       : No context for object [ffff88040d8234d8]
[    0.267955]      scan-1141 get_device_data       : No context for object [ffff88040d823500]
[    0.268150]      scan-1141 get_device_data       : No context for object [ffff88040d823528]
[    0.268343]      scan-1141 get_device_data       : No context for object [ffff88040d823550]
[    0.268535]      scan-1141 get_device_data       : No context for object [ffff88040d823578]
[    0.269734]      scan-1141 get_device_data       : No context for object [ffff88040d8235a0]
[    0.269926]      scan-1141 get_device_data       : No context for object [ffff88040d8235c8]
[    0.270117]      scan-1141 get_device_data       : No context for object [ffff88040d8235f0]
[    0.270309]      scan-1141 get_device_data       : No context for object [ffff88040d823618]
[    0.270502]      scan-1141 get_device_data       : No context for object [ffff88040d823640]
[    0.270699]      scan-1141 get_device_data       : No context for object [ffff88040d823668]
[    0.270897]      scan-1141 get_device_data       : No context for object [ffff88040d823690]
[    0.271045]      scan-1141 get_device_data       : No context for object [ffff88040d8236b8]
[    0.271217]      scan-1141 get_device_data       : No context for object [ffff88040d8236e0]
[    0.271409]      scan-1141 get_device_data       : No context for object [ffff88040d823708]
[    0.271602]      scan-1141 get_device_data       : No context for object [ffff88040d823730]
[    0.271794]      scan-1141 get_device_data       : No context for object [ffff88040d823758]
[    0.271986]      scan-1141 get_device_data       : No context for object [ffff88040d823780]
[    0.272183]      scan-1141 get_device_data       : No context for object [ffff88040d8237a8]
[    0.272378]      scan-1141 get_device_data       : No context for object [ffff88040d8237d0]
[    0.272577]      scan-1141 get_device_data       : No context for object [ffff88040d8237f8]
[    0.272773]      scan-1141 get_device_data       : No context for object [ffff88040d823820]
[    0.272966]      scan-1141 get_device_data       : No context for object [ffff88040d823848]
[    0.273158]      scan-1141 get_device_data       : No context for object [ffff88040d823870]
[    0.273334]      scan-1141 get_device_data       : No context for object [ffff88040d823898]
[    0.273526]      scan-1141 get_device_data       : No context for object [ffff88040d8238c0]
[    0.273719]      scan-1141 get_device_data       : No context for object [ffff88040d8238e8]
[    0.273917]      scan-1141 get_device_data       : No context for object [ffff88040d823910]
[    0.274103]      scan-1141 get_device_data       : No context for object [ffff88040d823938]
[    0.274295]      scan-1141 get_device_data       : No context for object [ffff88040d823960]
[    0.274488]      scan-1141 get_device_data       : No context for object [ffff88040d823988]
[    0.274680]      scan-1141 get_device_data       : No context for object [ffff88040d8239b0]
[    0.274872]      scan-1141 get_device_data       : No context for object [ffff88040d8239d8]
[    0.275045]      scan-1141 get_device_data       : No context for object [ffff88040d837460]
[    0.275238]      scan-1141 get_device_data       : No context for object [ffff88040d83ac08]
[    0.275434]      scan-1141 get_device_data       : No context for object [ffff88040d83ac30]
[    0.275630]      scan-1141 get_device_data       : No context for object [ffff88040d83ac58]
[    0.275830]     utils-0051 util_eval_error       : Evaluate [\_SB_.PCI0.PB3_.VGA_.CRT_._STA]: AE_NOT_FOUND
[    0.276034] device: 'device:04': device_add
[    0.276093] bus: 'acpi': add device device:04
[    0.276159]     utils-0051 util_eval_error       : Evaluate [\_SB_.PCI0.PB3_.VGA_.CRT_._SUN]: AE_NOT_FOUND
[    0.276359]      scan-1933 add_single_object     : Added device:04 [\_SB_.PCI0.PB3_.VGA_.CRT_] parent LNXVIDEO:00
[    0.276553]      scan-1141 get_device_data       : No context for object [ffff88040d83ac80]
[    0.276668]      scan-1141 get_device_data       : No context for object [ffff88040d83aca8]
[    0.276863]      scan-1141 get_device_data       : No context for object [ffff88040d83acd0]
[    0.277054]      scan-1141 get_device_data       : No context for object [ffff88040d83acf8]
[    0.277250]      scan-1141 get_device_data       : No context for object [ffff88040d83ad20]
[    0.277445]     utils-0051 util_eval_error       : Evaluate [\_SB_.PCI0.PB3_.VGA_.LCD_._STA]: AE_NOT_FOUND
[    0.277666] device: 'device:05': device_add
[    0.277726] bus: 'acpi': add device device:05
[    0.277790]     utils-0051 util_eval_error       : Evaluate [\_SB_.PCI0.PB3_.VGA_.LCD_._SUN]: AE_NOT_FOUND
[    0.277969]      scan-1933 add_single_object     : Added device:05 [\_SB_.PCI0.PB3_.VGA_.LCD_] parent LNXVIDEO:00
[    0.278162]      scan-1141 get_device_data       : No context for object [ffff88040d83ad48]
[    0.278355]      scan-1141 get_device_data       : No context for object [ffff88040d83ad70]
[    0.278550]      scan-1141 get_device_data       : No context for object [ffff88040d83ad98]
[    0.278740]      scan-1141 get_device_data       : No context for object [ffff88040d83adc0]
[    0.278916]      scan-1141 get_device_data       : No context for object [ffff88040d83ade8]
[    0.279110]      scan-1141 get_device_data       : No context for object [ffff88040d83ae10]
[    0.279304]      scan-1141 get_device_data       : No context for object [ffff88040d83ae38]
[    0.279493]      scan-1141 get_device_data       : No context for object [ffff88040d83ae60]
[    0.279683]     utils-0051 util_eval_error       : Evaluate [\_SB_.PCI0.PB3_.VGA_.TV0_._STA]: AE_NOT_FOUND
[    0.279895] device: 'device:06': device_add
[    0.280003] bus: 'acpi': add device device:06
[    0.280069]     utils-0051 util_eval_error       : Evaluate [\_SB_.PCI0.PB3_.VGA_.TV0_._SUN]: AE_NOT_FOUND
[    0.280273]      scan-1933 add_single_object     : Added device:06 [\_SB_.PCI0.PB3_.VGA_.TV0_] parent LNXVIDEO:00
[    0.280469]      scan-1141 get_device_data       : No context for object [ffff88040d83ae88]
[    0.280662]      scan-1141 get_device_data       : No context for object [ffff88040d83aeb0]
[    0.280858]      scan-1141 get_device_data       : No context for object [ffff88040d83aed8]
[    0.281006]      scan-1141 get_device_data       : No context for object [ffff88040d83af00]
[    0.281182]      scan-1141 get_device_data       : No context for object [ffff88040d83af28]
[    0.281377]     utils-0051 util_eval_error       : Evaluate [\_SB_.PCI0.PB3_.VGA_.HDMI._STA]: AE_NOT_FOUND
[    0.281614] device: 'device:07': device_add
[    0.281724] bus: 'acpi': add device device:07
[    0.281801]     utils-0051 util_eval_error       : Evaluate [\_SB_.PCI0.PB3_.VGA_.HDMI._SUN]: AE_NOT_FOUND
[    0.281983]      scan-1933 add_single_object     : Added device:07 [\_SB_.PCI0.PB3_.VGA_.HDMI] parent LNXVIDEO:00
[    0.282179]      scan-1141 get_device_data       : No context for object [ffff88040d83af50]
[    0.282371]      scan-1141 get_device_data       : No context for object [ffff88040d83af78]
[    0.282564]      scan-1141 get_device_data       : No context for object [ffff88040d83afa0]
[    0.282756]      scan-1141 get_device_data       : No context for object [ffff88040d83afc8]
[    0.282942]      scan-1141 get_device_data       : No context for object [ffff88040d823a00]
[    0.283139]     utils-0051 util_eval_error       : Evaluate [\_SB_.PCI0.PB3_.HDAU._STA]: AE_NOT_FOUND
[    0.283371] device: 'device:08': device_add
[    0.283481] bus: 'acpi': add device device:08
[    0.283556]     utils-0051 util_eval_error       : Evaluate [\_SB_.PCI0.PB3_.HDAU._SUN]: AE_NOT_FOUND
[    0.283759]      scan-1933 add_single_object     : Added device:08 [\_SB_.PCI0.PB3_.HDAU] parent device:03
[    0.283943]      scan-1141 get_device_data       : No context for object [ffff88040d823a28]
[    0.284136]      scan-1141 get_device_data       : No context for object [ffff88040d823a50]
[    0.284327]      scan-1141 get_device_data       : No context for object [ffff88040d823a78]
[    0.284519]      scan-1141 get_device_data       : No context for object [ffff88040d823aa0]
[    0.284713]      scan-1141 get_device_data       : No context for object [ffff88040d823ac8]
[    0.284911]      scan-1141 get_device_data       : No context for object [ffff88040d823af0]
[    0.285087]      scan-1141 get_device_data       : No context for object [ffff88040d823b18]
[    0.285281]     utils-0051 util_eval_error       : Evaluate [\_SB_.PCI0.PB4_._STA]: AE_NOT_FOUND
[    0.285505] device: 'device:09': device_add
[    0.285564] bus: 'acpi': add device device:09
[    0.285631]     utils-0051 util_eval_error       : Evaluate [\_SB_.PCI0.PB4_._SUN]: AE_NOT_FOUND
[    0.285828]      scan-1933 add_single_object     : Added device:09 [\_SB_.PCI0.PB4_] parent PNP0A08:00
[    0.286008]      scan-1141 get_device_data       : No context for object [ffff88040d823b40]
[    0.286206]      scan-1141 get_device_data       : No context for object [ffff88040d823b68]
[    0.286403]      scan-1141 get_device_data       : No context for object [ffff88040d823b90]
[    0.286596]      scan-1141 get_device_data       : No context for object [ffff88040d823bb8]
[    0.287834]      scan-1141 get_device_data       : No context for object [ffff88040d823be0]
[    0.288011]      scan-1141 get_device_data       : No context for object [ffff88040d823c08]
[    0.288203]      scan-1141 get_device_data       : No context for object [ffff88040d823c30]
[    0.288395]      scan-1141 get_device_data       : No context for object [ffff88040d823c58]
[    0.288588]      scan-1141 get_device_data       : No context for object [ffff88040d823c80]
[    0.288780]      scan-1141 get_device_data       : No context for object [ffff88040d823ca8]
[    0.288975]      scan-1141 get_device_data       : No context for object [ffff88040d823cd0]
[    0.289172]      scan-1141 get_device_data       : No context for object [ffff88040d823cf8]
[    0.289369]      scan-1141 get_device_data       : No context for object [ffff88040d823d20]
[    0.289566]      scan-1141 get_device_data       : No context for object [ffff88040d823d48]
[    0.289761]      scan-1141 get_device_data       : No context for object [ffff88040d823d70]
[    0.289953]      scan-1141 get_device_data       : No context for object [ffff88040d823d98]
[    0.290160]      scan-1141 get_device_data       : No context for object [ffff88040d823dc0]
[    0.290353]      scan-1141 get_device_data       : No context for object [ffff88040d823de8]
[    0.290545]      scan-1141 get_device_data       : No context for object [ffff88040d823e10]
[    0.290738]      scan-1141 get_device_data       : No context for object [ffff88040d823e38]
[    0.290934]      scan-1141 get_device_data       : No context for object [ffff88040d823e60]
[    0.291084]      scan-1141 get_device_data       : No context for object [ffff88040d823e88]
[    0.291259]      scan-1141 get_device_data       : No context for object [ffff88040d823eb0]
[    0.291462]      scan-1141 get_device_data       : No context for object [ffff88040d823ed8]
[    0.291654]      scan-1141 get_device_data       : No context for object [ffff88040d823f00]
[    0.291847]      scan-1141 get_device_data       : No context for object [ffff88040d823f28]
[    0.292024]      scan-1141 get_device_data       : No context for object [ffff88040d823f50]
[    0.292222]      scan-1141 get_device_data       : No context for object [ffff88040d823f78]
[    0.292414]      scan-1141 get_device_data       : No context for object [ffff88040d823fa0]
[    0.292607]      scan-1141 get_device_data       : No context for object [ffff88040d823fc8]
[    0.292799]      scan-1141 get_device_data       : No context for object [ffff88040d825000]
[    0.292991]     utils-0051 util_eval_error       : Evaluate [\_SB_.PCI0.PB4_.XPDV._STA]: AE_NOT_FOUND
[    0.293204] device: 'device:0a': device_add
[    0.293267] bus: 'acpi': add device device:0a
[    0.293347]     utils-0051 util_eval_error       : Evaluate [\_SB_.PCI0.PB4_.XPDV._SUN]: AE_NOT_FOUND
[    0.293552]      scan-1933 add_single_object     : Added device:0a [\_SB_.PCI0.PB4_.XPDV] parent device:09
[    0.293747]      scan-1141 get_device_data       : No context for object [ffff88040d825028]
[    0.293937]      scan-1141 get_device_data       : No context for object [ffff88040d825050]
[    0.294079]      scan-1141 get_device_data       : No context for object [ffff88040d825078]
[    0.294252]      scan-1141 get_device_data       : No context for object [ffff88040d8250a0]
[    0.294442]      scan-1141 get_device_data       : No context for object [ffff88040d8250c8]
[    0.294631]      scan-1141 get_device_data       : No context for object [ffff88040d837500]
[    0.294826]      scan-1141 get_device_data       : No context for object [ffff88040d8250f0]
[    0.295003]      scan-1141 get_device_data       : No context for object [ffff88040d825118]
[    0.295196]     utils-0051 util_eval_error       : Evaluate [\_SB_.PCI0.PB5_._STA]: AE_NOT_FOUND
[    0.295419] device: 'device:0b': device_add
[    0.295478] bus: 'acpi': add device device:0b
[    0.295543]     utils-0051 util_eval_error       : Evaluate [\_SB_.PCI0.PB5_._SUN]: AE_NOT_FOUND
[    0.295738]      scan-1933 add_single_object     : Added device:0b [\_SB_.PCI0.PB5_] parent PNP0A08:00
[    0.295931]      scan-1141 get_device_data       : No context for object [ffff88040d825140]
[    0.296079]      scan-1141 get_device_data       : No context for object [ffff88040d825168]
[    0.296253]      scan-1141 get_device_data       : No context for object [ffff88040d825190]
[    0.296447]      scan-1141 get_device_data       : No context for object [ffff88040d8251b8]
[    0.296643]      scan-1141 get_device_data       : No context for object [ffff88040d8251e0]
[    0.296825]      scan-1141 get_device_data       : No context for object [ffff88040d825208]
[    0.296997]      scan-1141 get_device_data       : No context for object [ffff88040d825230]
[    0.297186]      scan-1141 get_device_data       : No context for object [ffff88040d825258]
[    0.297379]      scan-1141 get_device_data       : No context for object [ffff88040d825280]
[    0.297571]      scan-1141 get_device_data       : No context for object [ffff88040d8252a8]
[    0.297766]      scan-1141 get_device_data       : No context for object [ffff88040d8252d0]
[    0.297963]      scan-1141 get_device_data       : No context for object [ffff88040d8252f8]
[    0.298159]      scan-1141 get_device_data       : No context for object [ffff88040d825320]
[    0.298351]      scan-1141 get_device_data       : No context for object [ffff88040d825348]
[    0.298543]      scan-1141 get_device_data       : No context for object [ffff88040d825370]
[    0.298736]      scan-1141 get_device_data       : No context for object [ffff88040d825398]
[    0.298928]      scan-1141 get_device_data       : No context for object [ffff88040d8253c0]
[    0.299074]      scan-1141 get_device_data       : No context for object [ffff88040d8253e8]
[    0.299249]      scan-1141 get_device_data       : No context for object [ffff88040d825410]
[    0.299442]      scan-1141 get_device_data       : No context for object [ffff88040d825438]
[    0.299636]      scan-1141 get_device_data       : No context for object [ffff88040d825460]
[    0.299835]      scan-1141 get_device_data       : No context for object [ffff88040d825488]
[    0.300002]      scan-1141 get_device_data       : No context for object [ffff88040d8254b0]
[    0.300202]      scan-1141 get_device_data       : No context for object [ffff88040d8254d8]
[    0.300394]      scan-1141 get_device_data       : No context for object [ffff88040d825500]
[    0.300589]      scan-1141 get_device_data       : No context for object [ffff88040d825528]
[    0.300786]      scan-1141 get_device_data       : No context for object [ffff88040d825550]
[    0.300974]      scan-1141 get_device_data       : No context for object [ffff88040d825578]
[    0.301167]      scan-1141 get_device_data       : No context for object [ffff88040d8255a0]
[    0.301359]      scan-1141 get_device_data       : No context for object [ffff88040d8255c8]
[    0.301551]      scan-1141 get_device_data       : No context for object [ffff88040d8255f0]
[    0.301745]     utils-0051 util_eval_error       : Evaluate [\_SB_.PCI0.PB5_.XPDV._STA]: AE_NOT_FOUND
[    0.301971] device: 'device:0c': device_add
[    0.302034] bus: 'acpi': add device device:0c
[    0.302108]     utils-0051 util_eval_error       : Evaluate [\_SB_.PCI0.PB5_.XPDV._SUN]: AE_NOT_FOUND
[    0.302295]      scan-1933 add_single_object     : Added device:0c [\_SB_.PCI0.PB5_.XPDV] parent device:0b
[    0.302494]      scan-1141 get_device_data       : No context for object [ffff88040d825618]
[    0.302686]      scan-1141 get_device_data       : No context for object [ffff88040d825640]
[    0.302878]      scan-1141 get_device_data       : No context for object [ffff88040d825668]
[    0.303051]      scan-1141 get_device_data       : No context for object [ffff88040d825690]
[    0.303243]      scan-1141 get_device_data       : No context for object [ffff88040d8256b8]
[    0.303336]      scan-1141 get_device_data       : No context for object [ffff88040d837528]
[    0.303532]      scan-1141 get_device_data       : No context for object [ffff88040d8256e0]
[    0.303732]      scan-1141 get_device_data       : No context for object [ffff88040d825708]
[    0.303908]     utils-0051 util_eval_error       : Evaluate [\_SB_.PCI0.PB6_._STA]: AE_NOT_FOUND
[    0.304147] device: 'device:0d': device_add
[    0.304210] bus: 'acpi': add device device:0d
[    0.304288]     utils-0051 util_eval_error       : Evaluate [\_SB_.PCI0.PB6_._SUN]: AE_NOT_FOUND
[    0.304495]      scan-1933 add_single_object     : Added device:0d [\_SB_.PCI0.PB6_] parent PNP0A08:00
[    0.305699]      scan-1141 get_device_data       : No context for object [ffff88040d825730]
[    0.305876]      scan-1141 get_device_data       : No context for object [ffff88040d825758]
[    0.306072]      scan-1141 get_device_data       : No context for object [ffff88040d825780]
[    0.306264]      scan-1141 get_device_data       : No context for object [ffff88040d8257a8]
[    0.306457]      scan-1141 get_device_data       : No context for object [ffff88040d8257d0]
[    0.306668]      scan-1141 get_device_data       : No context for object [ffff88040d8257f8]
[    0.306861]      scan-1141 get_device_data       : No context for object [ffff88040d825820]
[    0.307053]      scan-1141 get_device_data       : No context for object [ffff88040d825848]
[    0.307252]      scan-1141 get_device_data       : No context for object [ffff88040d825870]
[    0.307449]      scan-1141 get_device_data       : No context for object [ffff88040d825898]
[    0.307641]      scan-1141 get_device_data       : No context for object [ffff88040d8258c0]
[    0.307833]      scan-1141 get_device_data       : No context for object [ffff88040d8258e8]
[    0.307979]      scan-1141 get_device_data       : No context for object [ffff88040d825910]
[    0.308152]      scan-1141 get_device_data       : No context for object [ffff88040d825938]
[    0.308345]      scan-1141 get_device_data       : No context for object [ffff88040d825960]
[    0.308537]      scan-1141 get_device_data       : No context for object [ffff88040d825988]
[    0.308733]      scan-1141 get_device_data       : No context for object [ffff88040d8259b0]
[    0.308909]      scan-1141 get_device_data       : No context for object [ffff88040d8259d8]
[    0.309108]      scan-1141 get_device_data       : No context for object [ffff88040d825a00]
[    0.309302]      scan-1141 get_device_data       : No context for object [ffff88040d825a28]
[    0.309495]      scan-1141 get_device_data       : No context for object [ffff88040d825a50]
[    0.309687]      scan-1141 get_device_data       : No context for object [ffff88040d825a78]
[    0.309876]      scan-1141 get_device_data       : No context for object [ffff88040d825aa0]
[    0.310156]      scan-1141 get_device_data       : No context for object [ffff88040d825ac8]
[    0.310348]      scan-1141 get_device_data       : No context for object [ffff88040d825af0]
[    0.310543]      scan-1141 get_device_data       : No context for object [ffff88040d825b18]
[    0.310738]      scan-1141 get_device_data       : No context for object [ffff88040d825b40]
[    0.310927]      scan-1141 get_device_data       : No context for object [ffff88040d825b68]
[    0.311069]      scan-1141 get_device_data       : No context for object [ffff88040d825b90]
[    0.311242]      scan-1141 get_device_data       : No context for object [ffff88040d825bb8]
[    0.311432]      scan-1141 get_device_data       : No context for object [ffff88040d825be0]
[    0.311623]     utils-0051 util_eval_error       : Evaluate [\_SB_.PCI0.PB6_.XPDV._STA]: AE_NOT_FOUND
[    0.311852] device: 'device:0e': device_add
[    0.311914] bus: 'acpi': add device device:0e
[    0.311986]     utils-0051 util_eval_error       : Evaluate [\_SB_.PCI0.PB6_.XPDV._SUN]: AE_NOT_FOUND
[    0.312172]      scan-1933 add_single_object     : Added device:0e [\_SB_.PCI0.PB6_.XPDV] parent device:0d
[    0.312367]      scan-1141 get_device_data       : No context for object [ffff88040d825c08]
[    0.312557]      scan-1141 get_device_data       : No context for object [ffff88040d825c30]
[    0.312746]      scan-1141 get_device_data       : No context for object [ffff88040d825c58]
[    0.312936]      scan-1141 get_device_data       : No context for object [ffff88040d825c80]
[    0.313080]      scan-1141 get_device_data       : No context for object [ffff88040d825ca8]
[    0.313252]      scan-1141 get_device_data       : No context for object [ffff88040d837550]
[    0.313460]      scan-1141 get_device_data       : No context for object [ffff88040d825cd0]
[    0.313652]      scan-1141 get_device_data       : No context for object [ffff88040d825cf8]
[    0.313850]     utils-0051 util_eval_error       : Evaluate [\_SB_.PCI0.PB7_._STA]: AE_NOT_FOUND
[    0.314059] device: 'device:0f': device_add
[    0.314119] bus: 'acpi': add device device:0f
[    0.314185]     utils-0051 util_eval_error       : Evaluate [\_SB_.PCI0.PB7_._SUN]: AE_NOT_FOUND
[    0.314383]      scan-1933 add_single_object     : Added device:0f [\_SB_.PCI0.PB7_] parent PNP0A08:00
[    0.314578]      scan-1141 get_device_data       : No context for object [ffff88040d825d20]
[    0.314771]      scan-1141 get_device_data       : No context for object [ffff88040d825d48]
[    0.314966]      scan-1141 get_device_data       : No context for object [ffff88040d825d70]
[    0.315165]      scan-1141 get_device_data       : No context for object [ffff88040d825d98]
[    0.315359]      scan-1141 get_device_data       : No context for object [ffff88040d825dc0]
[    0.315552]      scan-1141 get_device_data       : No context for object [ffff88040d825de8]
[    0.315744]      scan-1141 get_device_data       : No context for object [ffff88040d825e10]
[    0.315936]      scan-1141 get_device_data       : No context for object [ffff88040d825e38]
[    0.316082]      scan-1141 get_device_data       : No context for object [ffff88040d825e60]
[    0.316255]      scan-1141 get_device_data       : No context for object [ffff88040d825e88]
[    0.316452]      scan-1141 get_device_data       : No context for object [ffff88040d825eb0]
[    0.316652]      scan-1141 get_device_data       : No context for object [ffff88040d825ed8]
[    0.316827]      scan-1141 get_device_data       : No context for object [ffff88040d825f00]
[    0.317000]      scan-1141 get_device_data       : No context for object [ffff88040d825f28]
[    0.317193]      scan-1141 get_device_data       : No context for object [ffff88040d825f50]
[    0.317386]      scan-1141 get_device_data       : No context for object [ffff88040d825f78]
[    0.317579]      scan-1141 get_device_data       : No context for object [ffff88040d825fa0]
[    0.317772]      scan-1141 get_device_data       : No context for object [ffff88040d825fc8]
[    0.317967]      scan-1141 get_device_data       : No context for object [ffff88040d827000]
[    0.318165]      scan-1141 get_device_data       : No context for object [ffff88040d827028]
[    0.318363]      scan-1141 get_device_data       : No context for object [ffff88040d827050]
[    0.318557]      scan-1141 get_device_data       : No context for object [ffff88040d827078]
[    0.318749]      scan-1141 get_device_data       : No context for object [ffff88040d8270a0]
[    0.318942]      scan-1141 get_device_data       : No context for object [ffff88040d8270c8]
[    0.319134]      scan-1141 get_device_data       : No context for object [ffff88040d8270f0]
[    0.319326]      scan-1141 get_device_data       : No context for object [ffff88040d827118]
[    0.319519]      scan-1141 get_device_data       : No context for object [ffff88040d827140]
[    0.319714]      scan-1141 get_device_data       : No context for object [ffff88040d827168]
[    0.319913]      scan-1141 get_device_data       : No context for object [ffff88040d827190]
[    0.320080]      scan-1141 get_device_data       : No context for object [ffff88040d8271b8]
[    0.320253]      scan-1141 get_device_data       : No context for object [ffff88040d8271e0]
[    0.320452]     utils-0051 util_eval_error       : Evaluate [\_SB_.PCI0.PB7_.XPDV._STA]: AE_NOT_FOUND
[    0.320679] device: 'device:10': device_add
[    0.320739] bus: 'acpi': add device device:10
[    0.320806]     utils-0051 util_eval_error       : Evaluate [\_SB_.PCI0.PB7_.XPDV._SUN]: AE_NOT_FOUND
[    0.320998]      scan-1933 add_single_object     : Added device:10 [\_SB_.PCI0.PB7_.XPDV] parent device:0f
[    0.321194]      scan-1141 get_device_data       : No context for object [ffff88040d827208]
[    0.321387]      scan-1141 get_device_data       : No context for object [ffff88040d827230]
[    0.321579]      scan-1141 get_device_data       : No context for object [ffff88040d827258]
[    0.321777]      scan-1141 get_device_data       : No context for object [ffff88040d827280]
[    0.321970]      scan-1141 get_device_data       : No context for object [ffff88040d8272a8]
[    0.322168]      scan-1141 get_device_data       : No context for object [ffff88040d837488]
[    0.322365]      scan-1141 get_device_data       : No context for object [ffff88040d8272d0]
[    0.322557]      scan-1141 get_device_data       : No context for object [ffff88040d8272f8]
[    0.323336]     utils-0051 util_eval_error       : Evaluate [\_SB_.PCI0.OHC1._STA]: AE_NOT_FOUND
[    0.323557] device: 'device:11': device_add
[    0.323617] bus: 'acpi': add device device:11
[    0.323683]     utils-0051 util_eval_error       : Evaluate [\_SB_.PCI0.OHC1._SUN]: AE_NOT_FOUND
[    0.323861]      scan-1933 add_single_object     : Added device:11 [\_SB_.PCI0.OHC1] parent PNP0A08:00
[    0.324056]      scan-1141 get_device_data       : No context for object [ffff88040d827320]
[    0.324251]      scan-1141 get_device_data       : No context for object [ffff88040d827348]
[    0.324449]      scan-1141 get_device_data       : No context for object [ffff88040d83b2f8]
[    0.324627]     utils-0051 util_eval_error       : Evaluate [\_SB_.PCI0.OHC1.RHUB._STA]: AE_NOT_FOUND
[    0.324841] device: 'device:12': device_add
[    0.324900] bus: 'acpi': add device device:12
[    0.324966]     utils-0051 util_eval_error       : Evaluate [\_SB_.PCI0.OHC1.RHUB._SUN]: AE_NOT_FOUND
[    0.325164]      scan-1933 add_single_object     : Added device:12 [\_SB_.PCI0.OHC1.RHUB] parent device:11
[    0.325360]      scan-1141 get_device_data       : No context for object [ffff88040d83b320]
[    0.325552]      scan-1141 get_device_data       : No context for object [ffff88040d83b348]
[    0.325753]     utils-0051 util_eval_error       : Evaluate [\_SB_.PCI0.OHC1.RHUB.PRT3._STA]: AE_NOT_FOUND
[    0.325973] device: 'device:13': device_add
[    0.326031] bus: 'acpi': add device device:13
[    0.326097]     utils-0051 util_eval_error       : Evaluate [\_SB_.PCI0.OHC1.RHUB.PRT3._SUN]: AE_NOT_FOUND
[    0.326674]      scan-1933 add_single_object     : Added device:13 [\_SB_.PCI0.OHC1.RHUB.PRT3] parent device:12
[    0.326867]      scan-1141 get_device_data       : No context for object [ffff88040d83b370]
[    0.327010]      scan-1141 get_device_data       : No context for object [ffff88040d83b398]
[    0.327182]      scan-1141 get_device_data       : No context for object [ffff88040d83b3c0]
[    0.327374]      scan-1141 get_device_data       : No context for object [ffff88040d83b3e8]
[    0.327566]     utils-0051 util_eval_error       : Evaluate [\_SB_.PCI0.OHC1.RHUB.PRT4._STA]: AE_NOT_FOUND
[    0.327787] device: 'device:14': device_add
[    0.327848] bus: 'acpi': add device device:14
[    0.327920]     utils-0051 util_eval_error       : Evaluate [\_SB_.PCI0.OHC1.RHUB.PRT4._SUN]: AE_NOT_FOUND
[    0.328106]      scan-1933 add_single_object     : Added device:14 [\_SB_.PCI0.OHC1.RHUB.PRT4] parent device:12
[    0.328303]      scan-1141 get_device_data       : No context for object [ffff88040d83b410]
[    0.328492]      scan-1141 get_device_data       : No context for object [ffff88040d83b438]
[    0.328682]      scan-1141 get_device_data       : No context for object [ffff88040d83b460]
[    0.328870]      scan-1141 get_device_data       : No context for object [ffff88040d827370]
[    0.329014]     utils-0051 util_eval_error       : Evaluate [\_SB_.PCI0.EHC1._STA]: AE_NOT_FOUND
[    0.329234] device: 'device:15': device_add
[    0.329296] bus: 'acpi': add device device:15
[    0.329369]     utils-0051 util_eval_error       : Evaluate [\_SB_.PCI0.EHC1._SUN]: AE_NOT_FOUND
[    0.329572]      scan-1933 add_single_object     : Added device:15 [\_SB_.PCI0.EHC1] parent PNP0A08:00
[    0.329767]      scan-1141 get_device_data       : No context for object [ffff88040d827398]
[    0.329953]      scan-1141 get_device_data       : No context for object [ffff88040d8273c0]
[    0.330158]      scan-1141 get_device_data       : No context for object [ffff88040d83b028]
[    0.330348]     utils-0051 util_eval_error       : Evaluate [\_SB_.PCI0.EHC1.RHUB._STA]: AE_NOT_FOUND
[    0.330561] device: 'device:16': device_add
[    0.330622] bus: 'acpi': add device device:16
[    0.330696]     utils-0051 util_eval_error       : Evaluate [\_SB_.PCI0.EHC1.RHUB._SUN]: AE_NOT_FOUND
[    0.330904]      scan-1933 add_single_object     : Added device:16 [\_SB_.PCI0.EHC1.RHUB] parent device:15
[    0.331060]      scan-1141 get_device_data       : No context for object [ffff88040d83b050]
[    0.331233]      scan-1141 get_device_data       : No context for object [ffff88040d83b078]
[    0.331427]     utils-0051 util_eval_error       : Evaluate [\_SB_.PCI0.EHC1.RHUB.PRT3._STA]: AE_NOT_FOUND
[    0.331642] device: 'device:17': device_add
[    0.331700] bus: 'acpi': add device device:17
[    0.331767]     utils-0051 util_eval_error       : Evaluate [\_SB_.PCI0.EHC1.RHUB.PRT3._SUN]: AE_NOT_FOUND
[    0.331971]      scan-1933 add_single_object     : Added device:17 [\_SB_.PCI0.EHC1.RHUB.PRT3] parent device:16
[    0.332174]      scan-1141 get_device_data       : No context for object [ffff88040d83b0a0]
[    0.332373]      scan-1141 get_device_data       : No context for object [ffff88040d83b0c8]
[    0.332565]      scan-1141 get_device_data       : No context for object [ffff88040d83b0f0]
[    0.332758]      scan-1141 get_device_data       : No context for object [ffff88040d83b118]
[    0.332951]     utils-0051 util_eval_error       : Evaluate [\_SB_.PCI0.EHC1.RHUB.PRT4._STA]: AE_NOT_FOUND
[    0.333165] device: 'device:18': device_add
[    0.333224] bus: 'acpi': add device device:18
[    0.333292]     utils-0051 util_eval_error       : Evaluate [\_SB_.PCI0.EHC1.RHUB.PRT4._SUN]: AE_NOT_FOUND
[    0.333505]      scan-1933 add_single_object     : Added device:18 [\_SB_.PCI0.EHC1.RHUB.PRT4] parent device:16
[    0.333707]      scan-1141 get_device_data       : No context for object [ffff88040d83b140]
[    0.333905]      scan-1141 get_device_data       : No context for object [ffff88040d83b168]
[    0.334053]      scan-1141 get_device_data       : No context for object [ffff88040d83b190]
[    0.334226]      scan-1141 get_device_data       : No context for object [ffff88040d8273e8]
[    0.334420]     utils-0051 util_eval_error       : Evaluate [\_SB_.PCI0.OHC2._STA]: AE_NOT_FOUND
[    0.334642] device: 'device:19': device_add
[    0.334701] bus: 'acpi': add device device:19
[    0.334768]     utils-0051 util_eval_error       : Evaluate [\_SB_.PCI0.OHC2._SUN]: AE_NOT_FOUND
[    0.334972]      scan-1933 add_single_object     : Added device:19 [\_SB_.PCI0.OHC2] parent PNP0A08:00
[    0.335170]      scan-1141 get_device_data       : No context for object [ffff88040d827410]
[    0.335362]      scan-1141 get_device_data       : No context for object [ffff88040d827438]
[    0.335559]      scan-1141 get_device_data       : No context for object [ffff88040d83b488]
[    0.335760]     utils-0051 util_eval_error       : Evaluate [\_SB_.PCI0.OHC2.RHUB._STA]: AE_NOT_FOUND
[    0.335975] device: 'device:1a': device_add
[    0.336034] bus: 'acpi': add device device:1a
[    0.336101]     utils-0051 util_eval_error       : Evaluate [\_SB_.PCI0.OHC2.RHUB._SUN]: AE_NOT_FOUND
[    0.336300]      scan-1933 add_single_object     : Added device:1a [\_SB_.PCI0.OHC2.RHUB] parent device:19
[    0.336495]      scan-1141 get_device_data       : No context for object [ffff88040d83b4b0]
[    0.336668]      scan-1141 get_device_data       : No context for object [ffff88040d83b4d8]
[    0.336867]     utils-0051 util_eval_error       : Evaluate [\_SB_.PCI0.OHC2.RHUB.PRT4._STA]: AE_NOT_FOUND
[    0.337052] device: 'device:1b': device_add
[    0.337115] bus: 'acpi': add device device:1b
[    0.337193]     utils-0051 util_eval_error       : Evaluate [\_SB_.PCI0.OHC2.RHUB.PRT4._SUN]: AE_NOT_FOUND
[    0.337376]      scan-1933 add_single_object     : Added device:1b [\_SB_.PCI0.OHC2.RHUB.PRT4] parent device:1a
[    0.337572]      scan-1141 get_device_data       : No context for object [ffff88040d83b500]
[    0.337764]      scan-1141 get_device_data       : No context for object [ffff88040d83b528]
[    0.337950]      scan-1141 get_device_data       : No context for object [ffff88040d83b550]
[    0.338142]      scan-1141 get_device_data       : No context for object [ffff88040d827460]
[    0.338335]     utils-0051 util_eval_error       : Evaluate [\_SB_.PCI0.EHC2._STA]: AE_NOT_FOUND
[    0.338576] device: 'device:1c': device_add
[    0.338639] bus: 'acpi': add device device:1c
[    0.338714]     utils-0051 util_eval_error       : Evaluate [\_SB_.PCI0.EHC2._SUN]: AE_NOT_FOUND
[    0.338918]      scan-1933 add_single_object     : Added device:1c [\_SB_.PCI0.EHC2] parent PNP0A08:00
[    0.339095]      scan-1141 get_device_data       : No context for object [ffff88040d827488]
[    0.339287]      scan-1141 get_device_data       : No context for object [ffff88040d8274b0]
[    0.339480]      scan-1141 get_device_data       : No context for object [ffff88040d83b1b8]
[    0.339673]     utils-0051 util_eval_error       : Evaluate [\_SB_.PCI0.EHC2.RHUB._STA]: AE_NOT_FOUND
[    0.339896] device: 'device:1d': device_add
[    0.340005] bus: 'acpi': add device device:1d
[    0.340080]     utils-0051 util_eval_error       : Evaluate [\_SB_.PCI0.EHC2.RHUB._SUN]: AE_NOT_FOUND
[    0.340266]      scan-1933 add_single_object     : Added device:1d [\_SB_.PCI0.EHC2.RHUB] parent device:1c
[    0.341470]      scan-1141 get_device_data       : No context for object [ffff88040d83b1e0]
[    0.341669]      scan-1141 get_device_data       : No context for object [ffff88040d83b208]
[    0.341869]     utils-0051 util_eval_error       : Evaluate [\_SB_.PCI0.EHC2.RHUB.PRT2._STA]: AE_NOT_FOUND
[    0.342063] device: 'device:1e': device_add
[    0.342122] bus: 'acpi': add device device:1e
[    0.342191]     utils-0051 util_eval_error       : Evaluate [\_SB_.PCI0.EHC2.RHUB.PRT2._SUN]: AE_NOT_FOUND
[    0.342390]      scan-1933 add_single_object     : Added device:1e [\_SB_.PCI0.EHC2.RHUB.PRT2] parent device:1d
[    0.342587]      scan-1141 get_device_data       : No context for object [ffff88040d83b230]
[    0.342782]      scan-1141 get_device_data       : No context for object [ffff88040d83b258]
[    0.342981]      scan-1141 get_device_data       : No context for object [ffff88040d83b280]
