[    0.000000] Initializing cgroup subsys cpuset
[    0.000000] Initializing cgroup subsys cpu
[    0.000000] Initializing cgroup subsys cpuacct
[    0.000000] Linux version 3.17.0-rc3-g86ba8b0 (emacs@manji) (gcc version 4.9.1 (GCC) ) #77 SMP Sat Sep 6 02:47:29 CEST 2014
[    0.000000] Command line: BOOT_IMAGE=/vmlinuz-linux-git root=UUID=bfa4ab6e-19a3-4601-ba2b-267c55841c73 rw cryptdevice=/dev/disk/by-uuid/70c08890-417a-497d-b6ab-c0d0357a63e2:cryptManjaro:allow-discards ipv6.disable=1 pnp.debug=1 loglevel=9 log_buf_len=10M printk.always_kmsg_dump=y printk.time=y mminit_loglevel=0 memory_corruption_check=1 acpi.debug_layer=0xfbff0000 acpi.debug_level=0xFFFFFFFD pnp.debug=1 nohz=on rcu_nocbs=1-3 pcie_aspm=force fbcon=scrollback:4096k fbcon=font:ProFont6x11 radeon.audio=0 radeon.lockup_timeout=0 radeon.test=0 radeon.agpmode=-1 radeon.benchmark=0 radeon.tv=0 radeon.hard_reset=1 radeon.aspm=1 radeon.dpm=1 radeon.msi=1 radeon.pcie_gen2=-1 radeon.no_wb=1 radeon.modeset=1 radeon.dynclks=1 radeon.r4xx_atom=0 radeon.runpm=0 radeonfb radeon.fastfb=1 nomodeset
[    0.000000] KERNEL supported cpus:
[    0.000000]   AMD AuthenticAMD
[    0.000000] tseg: 00bfe00000
[    0.000000] e820: BIOS-provided physical RAM map:
[    0.000000] BIOS-e820: [mem 0x0000000000000000-0x000000000009d7ff] usable
[    0.000000] BIOS-e820: [mem 0x000000000009d800-0x000000000009ffff] reserved
[    0.000000] BIOS-e820: [mem 0x00000000000e0000-0x00000000000fffff] reserved
[    0.000000] BIOS-e820: [mem 0x0000000000100000-0x00000000bed9afff] usable
[    0.000000] BIOS-e820: [mem 0x00000000bed9b000-0x00000000bf39afff] reserved
[    0.000000] BIOS-e820: [mem 0x00000000bf39b000-0x00000000bf49afff] ACPI NVS
[    0.000000] BIOS-e820: [mem 0x00000000bf49b000-0x00000000bf51afff] ACPI data
[    0.000000] BIOS-e820: [mem 0x00000000bf51b000-0x00000000bfdfffff] usable
[    0.000000] BIOS-e820: [mem 0x00000000bfe00000-0x00000000bfffffff] reserved
[    0.000000] BIOS-e820: [mem 0x00000000fec00000-0x00000000fecfffff] reserved
[    0.000000] BIOS-e820: [mem 0x00000000fed80000-0x00000000fed80fff] reserved
[    0.000000] BIOS-e820: [mem 0x00000000ffe00000-0x00000000ffffffff] reserved
[    0.000000] BIOS-e820: [mem 0x0000000100000000-0x000000041effffff] usable
[    0.000000] NX (Execute Disable) protection: active
[    0.000000] SMBIOS 2.6 present.
[    0.000000] DMI: LENOVO Sabine/Torpedo, BIOS 54CN18WW 07/20/2011
[    0.000000] e820: update [mem 0x00000000-0x00000fff] usable ==> reserved
[    0.000000] e820: remove [mem 0x000a0000-0x000fffff] usable
[    0.000000] e820: last_pfn = 0x41f000 max_arch_pfn = 0x400000000
[    0.000000] MTRR default type: uncachable
[    0.000000] MTRR fixed ranges enabled:
[    0.000000]   00000-9FFFF write-back
[    0.000000]   A0000-BFFFF uncachable
[    0.000000]   C0000-FFFFF write-protect
[    0.000000] MTRR variable ranges enabled:
[    0.000000]   0 base 0000000000 mask FF80000000 write-back
[    0.000000]   1 base 0080000000 mask FFC0000000 write-back
[    0.000000]   2 base 00FFF90000 mask FFFFFF0000 uncachable
[    0.000000]   3 base 00FED80000 mask 0FFFFFF000 uncachable
[    0.000000]   4 disabled
[    0.000000]   5 disabled
[    0.000000]   6 disabled
[    0.000000]   7 base 00FFE00000 mask FFFFE00000 write-protect
[    0.000000] TOM2: 000000041f000000 aka 16880M
[    0.000000] mtrr: your BIOS has configured an incorrect mask, fixing it.
[    0.000000] e820: last_pfn = 0xbfe00 max_arch_pfn = 0x400000000
[    0.000000] found SMP MP-table at [mem 0x000fa8b0-0x000fa8bf] mapped at [ffff8800000fa8b0]
[    0.000000] Base memory trampoline at [ffff880000097000] 97000 size 24576
[    0.000000] Using GB pages for direct mapping
[    0.000000] init_memory_mapping: [mem 0x00000000-0x000fffff]
[    0.000000]  [mem 0x00000000-0x000fffff] page 4k
[    0.000000] BRK [0x01e17000, 0x01e17fff] PGTABLE
[    0.000000] BRK [0x01e18000, 0x01e18fff] PGTABLE
[    0.000000] BRK [0x01e19000, 0x01e19fff] PGTABLE
[    0.000000] init_memory_mapping: [mem 0x41ee00000-0x41effffff]
[    0.000000]  [mem 0x41ee00000-0x41effffff] page 2M
[    0.000000] BRK [0x01e1a000, 0x01e1afff] PGTABLE
[    0.000000] init_memory_mapping: [mem 0x41c000000-0x41edfffff]
[    0.000000]  [mem 0x41c000000-0x41edfffff] page 2M
[    0.000000] init_memory_mapping: [mem 0x400000000-0x41bffffff]
[    0.000000]  [mem 0x400000000-0x41bffffff] page 2M
[    0.000000] init_memory_mapping: [mem 0x00100000-0xbed9afff]
[    0.000000]  [mem 0x00100000-0x001fffff] page 4k
[    0.000000]  [mem 0x00200000-0x3fffffff] page 2M
[    0.000000]  [mem 0x40000000-0x7fffffff] page 1G
[    0.000000]  [mem 0x80000000-0xbebfffff] page 2M
[    0.000000]  [mem 0xbec00000-0xbed9afff] page 4k
[    0.000000] init_memory_mapping: [mem 0xbf51b000-0xbfdfffff]
[    0.000000]  [mem 0xbf51b000-0xbf5fffff] page 4k
[    0.000000]  [mem 0xbf600000-0xbfdfffff] page 2M
[    0.000000] BRK [0x01e1b000, 0x01e1bfff] PGTABLE
[    0.000000] init_memory_mapping: [mem 0x100000000-0x3ffffffff]
[    0.000000]  [mem 0x100000000-0x3ffffffff] page 1G
[    0.000000] log_buf_len: 16777216 bytes
[    0.000000] early log buf free: 2092044(99%)
[    0.000000] RAMDISK: [mem 0x37828000-0x37c0bfff]
[    0.000000] ACPI: Early table checksum verification disabled
[    0.000000] ACPI: RSDP 0x00000000000F0110 000024 (v02 LENOVO)
[    0.000000] ACPI: XSDT 0x00000000BF51A120 000074 (v01 LENOVO CB-01    00000001 LENO 00000001)
[    0.000000] ACPI: FACP 0x00000000BF508000 0000F4 (v04 LENOVO CB-01    00000001 PTL  00000001)
[    0.000000] ACPI: DSDT 0x00000000BF50A000 00FD10 (v01 LENOVO CB-01    00001000 LENO 00000001)
[    0.000000] ACPI: FACS 0x00000000BF478000 000040
[    0.000000] ACPI: HPET 0x00000000BF507000 000038 (v01 LENOVO CB-01    00000001 PTL  00000001)
[    0.000000] ACPI: APIC 0x00000000BF506000 00007A (v02 LENOVO CB-01    00000001 PTL  00000001)
[    0.000000] ACPI: MCFG 0x00000000BF505000 00003C (v01 LENOVO CB-01    00000001 PTL  00000001)
[    0.000000] ACPI: SLIC 0x00000000BF504000 000176 (v01 LENOVO CB-01    00000001 LENO 00000001)
[    0.000000] ACPI: UEFI 0x00000000BF503000 00003E (v01 LENOVO CB-01    00000001 PTL  00000001)
[    0.000000] ACPI: UEFI 0x00000000BF502000 000042 (v01 PTL    COMBUF   00000001 PTL  00000001)
[    0.000000] ACPI: SSDT 0x00000000BF501000 000E34 (v01 AMD    POWERNOW 00000001 AMD  00000001)
[    0.000000] ACPI: SSDT 0x00000000BF4FF000 00193D (v02 AMD    ALIB     00000001 MSFT 04000000)
[    0.000000] ACPI: UEFI 0x00000000BF4FE000 00021A (v01 LENOVO CB-01    00000001 PTL  00000001)
[    0.000000] ACPI: Local APIC address 0xfee00000
[    0.000000] No NUMA configuration found
[    0.000000] Faking a node at [mem 0x0000000000000000-0x000000041effffff]
[    0.000000] Initmem setup node 0 [mem 0x00000000-0x41effffff]
[    0.000000]   NODE_DATA [mem 0x41dffa000-0x41dffdfff]
[    0.000000]  [ffffea0000000000-ffffea00107fffff] PMD -> [ffff88040de00000-ffff88041d5fffff] on node 0
[    0.000000] Zone ranges:
[    0.000000]   DMA      [mem 0x00001000-0x00ffffff]
[    0.000000]   DMA32    [mem 0x01000000-0xffffffff]
[    0.000000]   Normal   [mem 0x100000000-0x41effffff]
[    0.000000] Movable zone start for each node
[    0.000000] Early memory node ranges
[    0.000000]   node   0: [mem 0x00001000-0x0009cfff]
[    0.000000]   node   0: [mem 0x00100000-0xbed9afff]
[    0.000000]   node   0: [mem 0xbf51b000-0xbfdfffff]
[    0.000000]   node   0: [mem 0x100000000-0x41effffff]
[    0.000000] On node 0 totalpages: 4056604
[    0.000000]   DMA zone: 64 pages used for memmap
[    0.000000]   DMA zone: 21 pages reserved
[    0.000000]   DMA zone: 3996 pages, LIFO batch:0
[    0.000000]   DMA32 zone: 12186 pages used for memmap
[    0.000000]   DMA32 zone: 779904 pages, LIFO batch:31
[    0.000000]   Normal zone: 51136 pages used for memmap
[    0.000000]   Normal zone: 3272704 pages, LIFO batch:31
[    0.000000] ACPI: PM-Timer IO Port: 0x808
[    0.000000] ACPI: Local APIC address 0xfee00000
[    0.000000] ACPI: LAPIC (acpi_id[0x00] lapic_id[0x00] enabled)
[    0.000000] ACPI: LAPIC (acpi_id[0x01] lapic_id[0x01] enabled)
[    0.000000] ACPI: LAPIC (acpi_id[0x02] lapic_id[0x02] enabled)
[    0.000000] ACPI: LAPIC (acpi_id[0x03] lapic_id[0x03] enabled)
[    0.000000] ACPI: LAPIC_NMI (acpi_id[0x00] high edge lint[0x1])
[    0.000000] ACPI: LAPIC_NMI (acpi_id[0x01] high edge lint[0x1])
[    0.000000] ACPI: LAPIC_NMI (acpi_id[0x02] high edge lint[0x1])
[    0.000000] ACPI: LAPIC_NMI (acpi_id[0x03] high edge lint[0x1])
[    0.000000] ACPI: IOAPIC (id[0x02] address[0xfec00000] gsi_base[0])
[    0.000000] IOAPIC[0]: apic_id 2, version 33, address 0xfec00000, GSI 0-23
[    0.000000] ACPI: INT_SRC_OVR (bus 0 bus_irq 0 global_irq 2 dfl dfl)
[    0.000000] ACPI: IRQ0 used by override.
[    0.000000] ACPI: IRQ9 used by override.
[    0.000000] Using ACPI (MADT) for SMP configuration information
[    0.000000] ACPI: HPET id: 0x43538210 base: 0xfed00000
[    0.000000] smpboot: Allowing 4 CPUs, 0 hotplug CPUs
[    0.000000] e820: [mem 0xc0000000-0xfebfffff] available for PCI devices
[    0.000000] setup_percpu: NR_CPUS:64 nr_cpumask_bits:64 nr_cpu_ids:4 nr_node_ids:1
[    0.000000] PERCPU: Embedded 27 pages/cpu @ffff88041dc00000 s80256 r8192 d22144 u524288
[    0.000000] pcpu-alloc: s80256 r8192 d22144 u524288 alloc=1*2097152
[    0.000000] pcpu-alloc: [0] 0 1 2 3 
[    0.000000] Built 1 zonelists in Zone order, mobility grouping on.  Total pages: 3993197
[    0.000000] Policy zone: Normal
[    0.000000] Kernel command line: BOOT_IMAGE=/vmlinuz-linux-git root=UUID=bfa4ab6e-19a3-4601-ba2b-267c55841c73 rw cryptdevice=/dev/disk/by-uuid/70c08890-417a-497d-b6ab-c0d0357a63e2:cryptManjaro:allow-discards ipv6.disable=1 pnp.debug=1 loglevel=9 log_buf_len=10M printk.always_kmsg_dump=y printk.time=y mminit_loglevel=0 memory_corruption_check=1 acpi.debug_layer=0xfbff0000 acpi.debug_level=0xFFFFFFFD pnp.debug=1 nohz=on rcu_nocbs=1-3 pcie_aspm=force fbcon=scrollback:4096k fbcon=font:ProFont6x11 radeon.audio=0 radeon.lockup_timeout=0 radeon.test=0 radeon.agpmode=-1 radeon.benchmark=0 radeon.tv=0 radeon.hard_reset=1 radeon.aspm=1 radeon.dpm=1 radeon.msi=1 radeon.pcie_gen2=-1 radeon.no_wb=1 radeon.modeset=1 radeon.dynclks=1 radeon.r4xx_atom=0 radeon.runpm=0 radeonfb radeon.fastfb=1 nomodeset
[    0.000000] PCIe ASPM is forcibly enabled
[    0.000000] PID hash table entries: 4096 (order: 3, 32768 bytes)
[    0.000000] Memory: 15870892K/16226416K available (5248K kernel code, 721K rwdata, 2208K rodata, 848K init, 2588K bss, 355524K reserved)
[    0.000000] SLUB: HWalign=64, Order=0-3, MinObjects=0, CPUs=4, Nodes=1
[    0.000000] Hierarchical RCU implementation.
[    0.000000] 	RCU dyntick-idle grace-period acceleration is enabled.
[    0.000000] 	Additional per-CPU info printed with stalls.
[    0.000000] 	RCU restricting CPUs from NR_CPUS=64 to nr_cpu_ids=4.
[    0.000000] 	Offload RCU callbacks from all CPUs
[    0.000000] 	Offload RCU callbacks from CPUs: 0-3.
[    0.000000] RCU: Adjusting geometry for rcu_fanout_leaf=16, nr_cpu_ids=4
[    0.000000] NR_IRQS:4352 nr_irqs:456 0
[    0.000000] spurious 8259A interrupt: IRQ7.
[    0.000000] vgacon: allocated 4194304 bytes of memory for scrollback. CONFIG_VGACON_SOFT_SCROLLBACK_SIZE=4096
[    0.000000] Console: colour VGA+ 80x25
[    0.000000] console [tty0] enabled
[    0.000000] allocated 65011712 bytes of page_cgroup
[    0.000000] please try 'cgroup_disable=memory' option if you don't want memory cgroups
[    0.000000] hpet clockevent registered
[    0.000000] tsc: Fast TSC calibration using PIT
[    0.000000] tsc: Detected 1397.443 MHz processor
[    0.000000] smp_call_function_many BEGINs:
[    0.000000] CPU 0 online? -1
[    0.000000] smp_call_function_many END.
[    0.000000] smp_call_function_many BEGINs:
[    0.000000] CPU 0 online? -1
[    0.000000] smp_call_function_many END.
[    0.000000] smp_call_function_many BEGINs:
[    0.000000] CPU 0 online? -1
[    0.000000] smp_call_function_many END.
[    0.007228] smp_call_function_many BEGINs:
[    0.007290] CPU 0 online? -1
[    0.007351] smp_call_function_many END.
[    0.007414] smp_call_function_many BEGINs:
[    0.007475] CPU 0 online? -1
[    0.007535] smp_call_function_many END.
[    0.007598] smp_call_function_many BEGINs:
[    0.007656] CPU 0 online? -1
[    0.007712] smp_call_function_many END.
[    0.007771] smp_call_function_many BEGINs:
[    0.007828] CPU 0 online? -1
[    0.007884] smp_call_function_many END.
[    0.007942] smp_call_function_many BEGINs:
[    0.008000] CPU 0 online? -1
[    0.008056] smp_call_function_many END.
[    0.001448] smp_call_function_many BEGINs:
[    0.001504] CPU 0 online? -1
[    0.001560] smp_call_function_many END.
[    0.001618] smp_call_function_many BEGINs:
[    0.001675] CPU 0 online? -1
[    0.001731] smp_call_function_many END.
[    0.001789] smp_call_function_many BEGINs:
[    0.001846] CPU 0 online? -1
[    0.001902] smp_call_function_many END.
[    0.001959] smp_call_function_many BEGINs:
[    0.002016] CPU 0 online? -1
[    0.002072] smp_call_function_many END.
[    0.002130] smp_call_function_many BEGINs:
[    0.002187] CPU 0 online? -1
[    0.002242] smp_call_function_many END.
[    0.002300] smp_call_function_many BEGINs:
[    0.002357] CPU 0 online? -1
[    0.002413] smp_call_function_many END.
[    0.002471] smp_call_function_many BEGINs:
[    0.002528] CPU 0 online? -1
[    0.002585] smp_call_function_many END.
[    0.002643] smp_call_function_many BEGINs:
[    0.002700] CPU 0 online? -1
[    0.002757] smp_call_function_many END.
[    0.002814] smp_call_function_many BEGINs:
[    0.002871] CPU 0 online? -1
[    0.002927] smp_call_function_many END.
[    0.002985] smp_call_function_many BEGINs:
[    0.003042] CPU 0 online? -1
[    0.003098] smp_call_function_many END.
[    0.003156] smp_call_function_many BEGINs:
[    0.003213] CPU 0 online? -1
[    0.003275] smp_call_function_many END.
[    0.003333] smp_call_function_many BEGINs:
[    0.003390] CPU 0 online? -1
[    0.003445] smp_call_function_many END.
[    0.003503] smp_call_function_many BEGINs:
[    0.003560] CPU 0 online? -1
[    0.003616] smp_call_function_many END.
[    0.003674] smp_call_function_many BEGINs:
[    0.003731] CPU 0 online? -1
[    0.003788] smp_call_function_many END.
[    0.003846] smp_call_function_many BEGINs:
[    0.003902] CPU 0 online? -1
[    0.003958] smp_call_function_many END.
[    0.004016] smp_call_function_many BEGINs:
[    0.004072] CPU 0 online? -1
[    0.004129] smp_call_function_many END.
[    0.004186] Calibrating delay loop (skipped), value calculated using timer frequency.. 2796.33 BogoMIPS (lpj=4658143)
[    0.004303] pid_max: default: 32768 minimum: 301
[    0.004367] ACPI: Core revision 20140724
[    0.020542] ACPI: All ACPI Tables successfully acquired
[    0.022677] Security Framework initialized
[    0.023813] Dentry cache hash table entries: 2097152 (order: 12, 16777216 bytes)
[    0.515443] Inode-cache hash table entries: 1048576 (order: 11, 8388608 bytes)
[    0.518535] Mount-cache hash table entries: 32768 (order: 6, 262144 bytes)
[    0.518677] Mountpoint-cache hash table entries: 32768 (order: 6, 262144 bytes)
[    0.519208] Initializing cgroup subsys memory
[    0.519326] Initializing cgroup subsys devices
[    0.519394] Initializing cgroup subsys freezer
[    0.519461] Initializing cgroup subsys net_cls
[    0.519528] Initializing cgroup subsys blkio
[    0.519621] CPU: Physical Processor ID: 0
[    0.519685] CPU: Processor Core ID: 0
[    0.519750] mce: CPU supports 6 MCE banks
[    0.519825] Last level iTLB entries: 4KB 512, 2MB 16, 4MB 8
Last level dTLB entries: 4KB 1024, 2MB 128, 4MB 64, 1GB 0
[    0.520066] smp_call_function_many BEGINs:
[    0.520193] CPU 0 online? -1
[    0.520257] smp_call_function_many END.
[    0.520324] smp_call_function_many BEGINs:
[    0.520387] CPU 0 online? -1
[    0.520450] smp_call_function_many END.
[    0.520550] Freeing SMP alternatives memory: 20K (ffffffff81b8a000 - ffffffff81b8f000)
[    0.521257] ..TIMER: vector=0x30 apic1=0 pin1=2 apic2=-1 pin2=-1
[    0.554340] smpboot: CPU0: AMD A6-3400M APU with Radeon(tm) HD Graphics (fam: 12, model: 01, stepping: 00)
[    0.660205] smp_call_function_many BEGINs:
[    0.660270] CPU 0 online? -1
[    0.660332] smp_call_function_many END.
[    0.660398] smp_call_function_many BEGINs:
[    0.660462] CPU 0 online? -1
[    0.660524] smp_call_function_many END.
[    0.660600] Performance Events: AMD PMU driver.
[    0.660704] ... version:                0
[    0.660767] ... bit width:              48
[    0.660831] ... generic registers:      4
[    0.660894] ... value mask:             0000ffffffffffff
[    0.660959] ... max period:             00007fffffffffff
[    0.661024] ... fixed-purpose events:   0
[    0.661087] ... event mask:             000000000000000f
[    0.661615] MCE: In-kernel MCE decoding enabled.
[    0.661782] trying cpu_up:
[    0.661848] NMI watchdog: enabled on all CPUs, permanently consumes one hw-PMU counter.
[    0.662135] smpboot: ++++++++++++++++++++=_---CPU UP  1
[    0.662250] x86: Booting SMP configuration:
[    0.662315] .... node  #0, CPUs:      #1
[    0.662424] smpboot: Setting warm reset code and vector.
[    0.662548] smpboot: 1.
[    0.662611] smpboot: 2.
[    0.662673] smpboot: 3.
[    0.662737] smpboot: Asserting INIT
[    0.662799] smpboot: disabling irqs:
[    0.662874] smpboot: done disabling irqs
[    0.662938] smpboot: waiting 3 sec for mouse movements to 'crash' this cpu
[    3.955352] smpboot: done waiting
[    3.955462] smpboot: Waiting for INIT send to finish...
[    3.965532] smpboot: status for above ^ is: 0
[    3.965640] smpboot: Deasserting INIT
[    3.965702] smpboot: Waiting for above send to finish...
[    3.965765] smpboot: #startup loops: 2
[    3.965827] smpboot: Sending STARTUP #1
[    3.965890] smpboot: After apic_write
[    3.965952] smpboot: enabling irqs:
[    3.966036] smpboot: done enabling irqs
[    3.966399] smpboot: Startup point 1
[    3.966507] smpboot: Waiting for send to finish...
[    3.966770] smpboot: Sending STARTUP #2
[    3.966855] smpboot: After apic_write
[    3.967217] smpboot: Startup point 1
[    3.967324] smpboot: Waiting for send to finish...
[    3.967587] smpboot: After Startup
[    3.967696] smpboot: Before Callout 1
[    3.967760] smpboot: After Callout 1
[    3.967825] smpboot: start waiting 5sec for response
[    8.987317] smpboot: done waiting 5sec for response
[    8.987461] smpboot: cpumask_test_cpu result: 0
[    8.987524] smpboot: cpu_callin_mask: 0000000000000001
[    8.987621] smpboot: cpu_callout_mask: 0000000000000003
[    8.987684] smpboot: CPU1: Not responding
[    8.987807] smpboot: do_boot_cpu failed(1) to wakeup CPU#1
[    8.987876] after cpu_up !!!!!!!!!!!!
[    8.987912] trying cpu_up:
[    8.988105] smpboot: ++++++++++++++++++++=_---CPU UP  2
[    8.988244]  #2
[    8.988280] smpboot: Setting warm reset code and vector.
[    8.988404] smpboot: 1.
[    8.988466] smpboot: 2.
[    8.988528] smpboot: 3.
[    8.988589] smpboot: Asserting INIT
[    8.988649] smpboot: disabling irqs:
[    8.988716] smpboot: done disabling irqs
[    8.988778] smpboot: waiting 3 sec for mouse movements to 'crash' this cpu
[   11.995168] smpboot: done waiting
[   11.995277] smpboot: Waiting for INIT send to finish...
[   12.005346] smpboot: status for above ^ is: 0
[   12.005456] smpboot: Deasserting INIT
[   12.005519] smpboot: Waiting for above send to finish...
[   12.006682] smpboot: #startup loops: 2
[   12.006745] smpboot: Sending STARTUP #1
[   12.006808] smpboot: After apic_write
[   12.006871] smpboot: enabling irqs:
[   12.006947] smpboot: done enabling irqs
[   11.875642] smpboot: CPU#2 (phys ID: 2) waiting for CALLOUT
[   11.875644] smpboot: Waiting max 15 sec for callout
[   12.007439] smpboot: Startup point 1
[   12.007516] smpboot: Waiting for send to finish...
[   12.007781] smpboot: Sending STARTUP #2
[   12.007890] smpboot: After apic_write
[   12.008254] smpboot: Startup point 1
[   12.008363] smpboot: Waiting for send to finish...
[   12.008627] smpboot: After Startup
[   12.008736] smpboot: Before Callout 2
[   12.008799] smpboot: After Callout 2
[   11.877438] smpboot: done waiting max 15 sec for callout
[   11.877475] smpboot: Stack at about ffff88040780bf3c
[   12.008990] smpboot: start waiting 5sec for response
[   12.009030] smpboot: done waiting 5sec for response
[   12.009127] smpboot: cpumask_test_cpu result: -1
[   12.009190] smpboot: cpu_callin_mask: 0000000000000005
[   12.009288] smpboot: cpu_callout_mask: 0000000000000005
[   12.009351] smpboot: CPU2: has booted.
[   12.011482] TSC synchronization [CPU#0 -> CPU#2]:
[   12.011547] Measured 183511551 cycles TSC warp between CPUs, turning off TSC clock.
[   12.011689] tsc: Marking TSC unstable due to check_tsc_sync_source failed
[   12.011814] after cpu_up !!!!!!!!!!!!
[   12.011899] trying cpu_up:
[   12.012107] smpboot: ++++++++++++++++++++=_---CPU UP  3
[   12.012289]  #3
[   12.012324] smpboot: Setting warm reset code and vector.
[   12.012449] smpboot: 1.
[   12.012511] smpboot: 2.
[   12.012573] smpboot: 3.
[   12.012635] smpboot: Asserting INIT
[   12.012698] smpboot: disabling irqs:
[   12.012771] smpboot: done disabling irqs
[   12.012834] smpboot: waiting 3 sec for mouse movements to 'crash' this cpu
[   15.305710] smpboot: done waiting
[   15.305819] smpboot: Waiting for INIT send to finish...
[   15.315889] smpboot: status for above ^ is: 0
[   15.315999] smpboot: Deasserting INIT
[   15.316062] smpboot: Waiting for above send to finish...
[   15.316127] smpboot: #startup loops: 2
[   15.316190] smpboot: Sending STARTUP #1
[   15.316253] smpboot: After apic_write
[   15.316316] smpboot: enabling irqs:
[   15.316393] smpboot: done enabling irqs
[   15.316757] smpboot: Startup point 1
[   15.316866] smpboot: Waiting for send to finish...
[   15.317130] smpboot: Sending STARTUP #2
[   15.317239] smpboot: After apic_write
[   15.317602] smpboot: Startup point 1
[   15.317668] smpboot: Waiting for send to finish...
[   15.317932] smpboot: After Startup
[   15.318042] smpboot: Before Callout 3
[   15.318104] smpboot: After Callout 3
[   15.318167] smpboot: start waiting 5sec for response
[   20.336975] smpboot: done waiting 5sec for response
[   20.337119] smpboot: cpumask_test_cpu result: 0
[   20.337182] smpboot: cpu_callin_mask: 0000000000000005
[   20.337279] smpboot: cpu_callout_mask: 000000000000000d
[   20.337342] smpboot: CPU3: Not responding
[   20.337465] smpboot: do_boot_cpu failed(1) to wakeup CPU#3
[   20.337538] after cpu_up !!!!!!!!!!!!
[   20.337577] trying cpu_up:
[   20.337679] ------------[ cut here ]------------
[   20.337750] WARNING: CPU: 0 PID: 1 at arch/x86/kernel/smpboot.c:1059 native_cpu_up+0x4d1/0xb20()
[   20.337860] Modules linked in:
[   20.337958] CPU: 0 PID: 1 Comm: swapper/0 Tainted: G          I    3.17.0-rc3-g86ba8b0 #77
[   20.338097] Hardware name: LENOVO Sabine/Torpedo, BIOS 54CN18WW 07/20/2011
[   20.338164]  0000000000000009 ffff880407f0fde0 ffffffff815156a1 0000000000000000
[   20.338394]  ffff880407f0fe18 ffffffff8103f978 0000000000000000 ffff880407fa2440
[   20.338605]  0000000000000001 0000000000000001 ffffffff81aaebd0 ffff880407f0fe28
[   20.338817] Call Trace:
[   20.338882]  [<ffffffff815156a1>] dump_stack+0x45/0x56
[   20.338945]  [<ffffffff8103f978>] warn_slowpath_common+0x78/0xa0
[   20.339006]  [<ffffffff8103fa55>] warn_slowpath_null+0x15/0x20
[   20.339066]  [<ffffffff81024291>] native_cpu_up+0x4d1/0xb20
[   20.339128]  [<ffffffff8105b7cd>] ? notifier_call_chain+0x4d/0x70
[   20.339191]  [<ffffffff8103fda4>] cpu_up+0x154/0x1a0
[   20.339253]  [<ffffffff81ae0867>] smp_init+0x8d/0xe7
[   20.339317]  [<ffffffff81acaf3b>] kernel_init_freeable+0xf3/0x200
[   20.339379]  [<ffffffff81511d80>] ? rest_init+0x80/0x80
[   20.339441]  [<ffffffff81511d89>] kernel_init+0x9/0xf0
[   20.339503]  [<ffffffff8151beec>] ret_from_fork+0x7c/0xb0
[   20.339566]  [<ffffffff81511d80>] ? rest_init+0x80/0x80
[   20.339632] ---[ end trace fe45cdba1de37014 ]---
[   20.339692] smpboot: ++++++++++++++++++++=_---CPU UP  1
[   20.339752] ------------[ cut here ]------------
[   20.339815] WARNING: CPU: 0 PID: 1 at kernel/smp.c:294 smp_call_function_single+0x89/0xa0()
[   20.339922] Modules linked in:
[   20.340013] CPU: 0 PID: 1 Comm: swapper/0 Tainted: G        W I    3.17.0-rc3-g86ba8b0 #77
[   20.340145] Hardware name: LENOVO Sabine/Torpedo, BIOS 54CN18WW 07/20/2011
[   20.340207]  0000000000000009 ffff880407f0fda0 ffffffff815156a1 0000000000000000
[   20.340414]  ffff880407f0fdd8 ffffffff8103f978 0000000000000000 ffffffff8101fc70
[   20.340625]  0000000000000001 0000000000000001 ffffffff81aaebd0 ffff880407f0fde8
[   20.340836] Call Trace:
[   20.340896]  [<ffffffff815156a1>] dump_stack+0x45/0x56
[   20.340958]  [<ffffffff8103f978>] warn_slowpath_common+0x78/0xa0
[   20.341022]  [<ffffffff8101fc70>] ? get_fixed_ranges.constprop.6+0x120/0x120
[   20.341085]  [<ffffffff8103fa55>] warn_slowpath_null+0x15/0x20
[   20.341147]  [<ffffffff810a6059>] smp_call_function_single+0x89/0xa0
[   20.341209]  [<ffffffff8101e68f>] mtrr_save_state+0x2f/0x40
[   20.341272]  [<ffffffff81023e51>] native_cpu_up+0x91/0xb20
[   20.341335]  [<ffffffff8105b7cd>] ? notifier_call_chain+0x4d/0x70
[   20.341398]  [<ffffffff8103fda4>] cpu_up+0x154/0x1a0
[   20.341458]  [<ffffffff81ae0867>] smp_init+0x8d/0xe7
[   20.341517]  [<ffffffff81acaf3b>] kernel_init_freeable+0xf3/0x200
[   20.341576]  [<ffffffff81511d80>] ? rest_init+0x80/0x80
[   20.341637]  [<ffffffff81511d89>] kernel_init+0x9/0xf0
[   20.341699]  [<ffffffff8151beec>] ret_from_fork+0x7c/0xb0
[   20.341761]  [<ffffffff81511d80>] ? rest_init+0x80/0x80
[   20.341822] ---[ end trace fe45cdba1de37015 ]---
[   20.341883] x86: Booting SMP configuration:
[   20.341942]     #1
[   20.342008] smpboot: Setting warm reset code and vector.
[   20.342123] smpboot: 1.
[   20.342181] smpboot: 2.
[   20.342238] smpboot: 3.
[   20.342297] smpboot: Asserting INIT
[   20.342355] smpboot: disabling irqs:
[   20.342422] smpboot: done disabling irqs
[   20.342481] smpboot: waiting 3 sec for mouse movements to 'crash' this cpu
[   23.349135] smpboot: done waiting
[   23.349243] smpboot: Waiting for INIT send to finish...
[   23.359312] smpboot: status for above ^ is: 0
[   23.359421] smpboot: Deasserting INIT
[   23.359482] smpboot: Waiting for above send to finish...
[   23.359545] smpboot: #startup loops: 2
[   23.359607] smpboot: Sending STARTUP #1
[   23.359669] smpboot: After apic_write
[   23.359731] smpboot: enabling irqs:
[   23.359801] smpboot: done enabling irqs
[   23.360164] smpboot: Startup point 1
[   23.360245] smpboot: Waiting for send to finish...
[   23.360510] smpboot: Sending STARTUP #2
[   23.360619] smpboot: After apic_write
[   23.360982] smpboot: Startup point 1
[   23.361092] smpboot: Waiting for send to finish...
[   23.361356] smpboot: After Startup
[   23.361465] smpboot: Before Callout 1
[   23.361528] smpboot: After Callout 1
[   23.361590] smpboot: start waiting 5sec for response
[   28.380414] smpboot: done waiting 5sec for response
[   28.380558] smpboot: cpumask_test_cpu result: 0
[   28.380621] smpboot: cpu_callin_mask: 0000000000000005
[   28.380718] smpboot: cpu_callout_mask: 0000000000000007
[   28.380781] smpboot: CPU1: Not responding
[   28.380903] smpboot: do_boot_cpu failed(1) to wakeup CPU#1
[   28.380970] after cpu_up !!!!!!!!!!!!
[   28.381006] trying cpu_up:
[   28.381107] smpboot: ++++++++++++++++++++=_---CPU UP  3
[   28.381219]  #3
[   28.381256] smpboot: Setting warm reset code and vector.
[   28.381382] smpboot: 1.
[   28.381445] smpboot: 2.
[   28.381507] smpboot: 3.
[   28.381570] smpboot: Asserting INIT
[   28.381632] smpboot: disabling irqs:
[   28.381704] smpboot: done disabling irqs
[   28.381768] smpboot: waiting 3 sec for mouse movements to 'crash' this cpu
[   31.388161] smpboot: done waiting
[   31.388270] smpboot: Waiting for INIT send to finish...
[   31.398339] smpboot: status for above ^ is: 0
[   31.398446] smpboot: Deasserting INIT
[   31.398510] smpboot: Waiting for above send to finish...
[   31.398575] smpboot: #startup loops: 2
[   31.398638] smpboot: Sending STARTUP #1
[   31.399801] smpboot: After apic_write
[   31.399864] smpboot: enabling irqs:
[   31.399937] smpboot: done enabling irqs
[   31.400300] smpboot: Startup point 1
[   31.400409] smpboot: Waiting for send to finish...
[   31.400674] smpboot: Sending STARTUP #2
[   31.400782] smpboot: After apic_write
[   31.401143] smpboot: Startup point 1
[   31.401253] smpboot: Waiting for send to finish...
[   31.401517] smpboot: After Startup
[   31.401627] smpboot: Before Callout 3
[   31.401689] smpboot: After Callout 3
[   31.401752] smpboot: start waiting 5sec for response
[   36.420669] smpboot: done waiting 5sec for response
[   36.420813] smpboot: cpumask_test_cpu result: 0
[   36.420876] smpboot: cpu_callin_mask: 0000000000000005
[   36.420974] smpboot: cpu_callout_mask: 000000000000000d
[   36.421038] smpboot: CPU3: Not responding
[   36.421161] smpboot: do_boot_cpu failed(1) to wakeup CPU#3
[   36.421232] after cpu_up !!!!!!!!!!!!
[   36.421271] x86: Booted up 1 node, 2 CPUs
[   36.421393] smpboot: Boot done
[   36.421455] smpboot: Before bogomips
[   36.421519] smpboot: Total of 2 processors activated (5592.67 BogoMIPS)
[   36.421585] smpboot: Before bogocount - setting activated=1
[   36.422274] smp_call_function_many BEGINs:
[   36.422347] CPU 0 online? -1
[   36.422444] smp_call_function_many END.
[   36.422511] smp_call_function_many BEGINs:
[   36.422574] CPU 0 online? -1
[   36.422640] smp_call_function_many END.
[   36.422705] smp_call_function_many BEGINs:
[   36.422769] CPU 0 online? -1
[   36.422834] smp_call_function_many END.
[   36.422898] smp_call_function_many BEGINs:
[   36.422960] CPU 0 online? -1
[   36.423026] smp_call_function_many END.
[   36.423092] smp_call_function_many BEGINs:
[   36.423156] CPU 0 online? -1
[   36.423221] smp_call_function_many END.
[   36.423287] smp_call_function_many BEGINs:
[   36.423350] CPU 0 online? -1
[   36.423415] smp_call_function_many END.
[   36.423480] smp_call_function_many BEGINs:
[   36.423544] CPU 0 online? -1
[   36.423626] smp_call_function_many END.
[   36.423691] smp_call_function_many BEGINs:
[   36.423753] CPU 0 online? -1
[   36.423814] smp_call_function_many END.
[   36.423875] smp_call_function_many BEGINs:
[   36.423933] CPU 0 online? -1
[   36.423994] smp_call_function_many END.
[   20.180439] smp_call_function_many BEGINs:
[   20.180496] CPU 0 online? -1
[   20.180554] smp_call_function_many END.
[   20.180616] smp_call_function_many BEGINs:
[   20.180675] CPU 0 online? -1
[   20.180736] smp_call_function_many END.
[   20.180797] smp_call_function_many BEGINs:
[   20.180856] CPU 0 online? -1
[   20.180916] smp_call_function_many END.
[   20.180977] smp_call_function_many BEGINs:
[   20.181036] CPU 0 online? -1
[   20.181097] smp_call_function_many END.
[   20.181158] smp_call_function_many BEGINs:
[   20.181217] CPU 0 online? -1
[   20.181277] smp_call_function_many END.
[   20.181339] smp_call_function_many BEGINs:
[   20.181398] CPU 0 online? -1
[   20.181458] smp_call_function_many END.
[   20.181519] smp_call_function_many BEGINs:
[   20.181578] CPU 0 online? -1
[   20.181639] smp_call_function_many END.
[   20.181696] smp_call_function_many BEGINs:
[   20.181753] CPU 0 online? -1
[   20.181814] smp_call_function_many END.
[   20.181875] smp_call_function_many BEGINs:
[   20.181934] CPU 0 online? -1
[   20.181994] smp_call_function_many END.
[   20.182055] smp_call_function_many BEGINs:
[   20.182115] CPU 0 online? -1
[   20.182175] smp_call_function_many END.
[   20.182236] smp_call_function_many BEGINs:
[   20.182295] CPU 0 online? -1
[   20.182356] smp_call_function_many END.
[   20.182417] smp_call_function_many BEGINs:
[   20.182476] CPU 0 online? -1
[   20.182537] smp_call_function_many END.
[   20.182727] devtmpfs: initialized
[   20.182727] device: 'platform': device_add
[   20.182727] bus: 'platform': registered
[   20.182727] bus: 'cpu': registered
[   20.182727] device: 'cpu': device_add
[   20.182727] bus: 'container': registered
[   20.182727] device: 'container': device_add
[   20.183350] bus: 'workqueue': registered
[   20.183350] device: 'workqueue': device_add
[   20.183473] kworker/u8:0 (39) used greatest stack depth: 15104 bytes left
[   20.183495] atomic64_test: passed for x86-64 platform with CX8 and with SSE
[   20.183495] device class 'regulator': registering
[   20.183495] Registering platform device 'reg-dummy'. Parent at platform
[   20.183495] device: 'reg-dummy': device_add
[   20.183511] bus: 'platform': add device reg-dummy
[   20.183595] bus: 'platform': add driver reg-dummy
[   20.183654] bus: 'platform': driver_probe_device: matched device reg-dummy with driver reg-dummy
[   20.183785] bus: 'platform': really_probe: probing driver reg-dummy with device reg-dummy
[   20.183924] device: 'regulator.0': device_add
[   20.184014] regulator-dummy: no parameters
[   20.184086] driver: 'reg-dummy': driver_bound: bound to device 'reg-dummy'
[   20.184149] bus: 'platform': really_probe: bound device reg-dummy to driver reg-dummy
[   20.184389] NET: Registered protocol family 16
[   20.184839] device class 'bdi': registering
[   20.184956] bus: 'platform': add driver ramoops
[   20.186690] device class 'pci_bus': registering
[   20.186693] bus: 'pci': registered
[   20.186693] device class 'backlight': registering
[   20.186725] device class 'tty': registering
[   20.186725] device class 'vtconsole': registering
[   20.186725] device: 'vtcon0': device_add
[   20.186725] bus: 'node': registered
[   20.186725] device: 'node': device_add
[   20.186725] bus: 'i2c': registered
[   20.186725] kworker/u8:1 (53) used greatest stack depth: 14176 bytes left
[   20.186725] bus: 'i2c': add driver dummy
[   20.186725] i2c-core: driver [dummy] registered
[   20.186725] cpuidle: using governor ladder
[   20.186725] cpuidle: using governor menu
[   20.186725] ACPI FADT declares the system doesn't support PCIe ASPM, so disable it
[   20.186725] ACPI: bus type PCI registered
[   20.186725] acpiphp: ACPI Hot Plug PCI Controller Driver version: 0.5
[   20.186735] device class 'dmi': registering
[   20.186804] device: 'id': device_add
[   20.186986] PCI: MMCONFIG for domain 0000 [bus 00-3f] at [mem 0xf8000000-0xfbffffff] (base 0xf8000000)
[   20.187123] PCI: not using MMCONFIG
[   20.187182] PCI: Using configuration type 1 for base access
[   20.187242] PCI: Using configuration type 1 for extended access
[   20.187559] device: 'node0': device_add
[   20.187667] bus: 'node': add device node0
[   20.187753] device: 'cpu0': device_add
[   20.187815] bus: 'cpu': add device cpu0
[   20.187917] device: 'cpu1': device_add
[   20.188026] bus: 'cpu': add device cpu1
[   20.188128] device: 'cpu2': device_add
[   20.188223] bus: 'cpu': add device cpu2
[   20.190018] device: 'cpu3': device_add
[   20.190018] bus: 'cpu': add device cpu3
[   20.200051] device: 'writeback': device_add
[   20.200144] bus: 'workqueue': add device writeback
[   20.200252] device: 'default': device_add
[   20.200526] device class 'block': registering
[   20.200526] ACPI: Added _OSI(Module Device)
[   20.200526] ACPI: Added _OSI(Processor Device)
[   20.200526] ACPI: Added _OSI(3.0 _SCP Extensions)
[   20.200526] ACPI: Added _OSI(Processor Aggregator Device)
[   20.202523] 
**** Context Switch from TID 4294967295 to TID 133431296 ****

[   20.202738]     utils-0051 util_eval_error       : Evaluate [\_SB_.PCI0.LPC0.EC0_._GLK]: AE_NOT_FOUND
[   20.203266] Executing  Method       \_SB_.PCI0.LPC0.EC0_._REG
[   20.204012] Executing  Method       \_SB_.PCI0.LPC0.EC0_._REG
[   20.204211] Executing  Method       \_SB_.PCI0.LPC0.EC0_._REG
[   20.204415] Executing  Method       \_SB_.PCI0.LPC0.EC0_._REG
[   20.207763] Initializing Region       \_SB_.OSTY
[   20.207970] Initializing Region       \_SB_.PCI0.NBMS
[   20.208117] Initializing Region       \_SB_.PCI0.NBXP
[   20.208268] Initializing Region       \_SB_.PCI0.K8ST
[   20.208457] Initializing Region       \_SB_.PCI0.BAR1
[   20.208637] Initializing Region       \_SB_.PCI0.PB2_.XPEX
[   20.208785] Initializing Region       \_SB_.PCI0.PB2_.PCFG
[   20.208933] Initializing Region       \_SB_.PCI0.PB2_.XPCB
[   20.209082] Initializing Region       \_SB_.PCI0.PB2_.XPRI
[   20.209234] Initializing Region       \_SB_.PCI0.PB2_.VGA_.PCFG
[   20.209447] Initializing Region       \_SB_.PCI0.PB2_.HDAU.PCFG
[   20.209617] Initializing Region       \_SB_.PCI0.PB3_.XPEX
[   20.210017] Initializing Region       \_SB_.PCI0.PB3_.PCFG
[   20.210167] Initializing Region       \_SB_.PCI0.PB3_.XPCB
[   20.210317] Initializing Region       \_SB_.PCI0.PB3_.XPRI
[   20.210470] Initializing Region       \_SB_.PCI0.PB3_.VGA_.PCFG
[   20.210691] Initializing Region       \_SB_.PCI0.PB3_.HDAU.PCFG
[   20.210856] Initializing Region       \_SB_.PCI0.PB4_.XPEX
[   20.211004] Initializing Region       \_SB_.PCI0.PB4_.PCFG
[   20.211153] Initializing Region       \_SB_.PCI0.PB4_.XPCB
[   20.211303] Initializing Region       \_SB_.PCI0.PB4_.XPRI
[   20.211456] Initializing Region       \_SB_.PCI0.PB4_.XPDV.PCFG
[   20.211621] Initializing Region       \_SB_.PCI0.PB5_.XPEX
[   20.211769] Initializing Region       \_SB_.PCI0.PB5_.PCFG
[   20.211918] Initializing Region       \_SB_.PCI0.PB5_.XPCB
[   20.212068] Initializing Region       \_SB_.PCI0.PB5_.XPRI
[   20.212221] Initializing Region       \_SB_.PCI0.PB5_.XPDV.PCFG
[   20.212386] Initializing Region       \_SB_.PCI0.PB6_.XPEX
[   20.212534] Initializing Region       \_SB_.PCI0.PB6_.PCFG
[   20.213447] Initializing Region       \_SB_.PCI0.PB6_.XPCB
[   20.213597] Initializing Region       \_SB_.PCI0.PB6_.XPRI
[   20.213751] Initializing Region       \_SB_.PCI0.PB6_.XPDV.PCFG
[   20.213915] Initializing Region       \_SB_.PCI0.PB7_.XPEX
[   20.214063] Initializing Region       \_SB_.PCI0.PB7_.PCFG
[   20.214212] Initializing Region       \_SB_.PCI0.PB7_.XPCB
[   20.214362] Initializing Region       \_SB_.PCI0.PB7_.XPRI
[   20.214515] Initializing Region       \_SB_.PCI0.PB7_.XPDV.PCFG
[   20.214958] Initializing Region       \_SB_.PCI0.SATC
[   20.216681] Initializing Region       \_SB_.PCI0.RMEM
[   20.216681] Initializing Region       \_SB_.PCI0.SATA.SATX
[   20.216681] Initializing Region       \_SB_.PCI0.SATA.BAR5
[   20.233516] Initializing Region       \_SB_.PCI0.SMB_.SBRV
[   20.233726] Initializing Region       \_SB_.PCI0.SMB_.PMIO
[   20.233874] Initializing Region       \_SB_.PCI0.SMB_.ERMM
[   20.234154] Initializing Region       \_SB_.PCI0.SMB_.P1E0
[   20.234330] Initializing Region       \_SB_.PCI0.SMB_.ABIO
[   20.234479] Initializing Region       \_SB_.PCI0.SMB_.SMB0
[   20.234622] Initializing Region       \_SB_.PCI0.LPC0.PIRQ
[   20.236688] Initializing Region       \_SB_.PCI0.LPC0.LPCR
[   20.236957] Initializing Region       \_SB_.PCI0.LPC0.LPCS
[   20.237115] Initializing Region       \_SB_.PCI0.LPC0.SMI0
[   20.237261] Initializing Region       \_SB_.PCI0.LPC0.SMI1
[   20.237415] Initializing Region       \_SB_.PCI0.LPC0.EC0_.ECO1
[   20.237562] Initializing Region       \_SB_.PCI0.LPC0.EC0_.ECO2
[   20.237702] Initializing Region       \_SB_.PCI0.LPC0.EC0_.ECMB
[   20.237844] Initializing Region       \_SB_.PCI0.LPC0.EC0_.RAM_
[   20.238099] Initializing Region       \_SB_.PCI0.LPC0.EC0_.CMOS
[   20.238272] Initializing Region       \_SB_.PCI0.LPC0.EC0_.VPC0.ERAM
[   20.238520] Initializing Region       \_SB_.PCI0.SPB0.PCFG
[   20.238714] Initializing Region       \_SB_.PCI0.SPB0.XPCB
[   20.238858] Initializing Region       \_SB_.PCI0.SPB0.XPDV.PCFG
[   20.239004] Initializing Region       \_SB_.PCI0.SPB1.PCFG
[   20.239152] Initializing Region       \_SB_.PCI0.SPB1.XPCB
[   20.239302] Initializing Region       \_SB_.PCI0.SPB1.XPDV.PCFG
[   20.239462] Initializing Region       \_SB_.PCI0.SPB2.PCFG
[   20.239610] Initializing Region       \_SB_.PCI0.SPB2.XPCB
[   20.239760] Initializing Region       \_SB_.PCI0.SPB2.XPDV.PCFG
[   20.239920] Initializing Region       \_SB_.PCI0.SPB3.PCFG
[   20.240070] Initializing Region       \_SB_.PCI0.SPB3.XPCB
[   20.240209] Initializing Region       \_SB_.PCI0.SPB3.XPDV.PCFG
[   20.240519] Initializing Region       \_SB_.PCI0.VGA_.REVD
[   20.240915] Initializing BufferField  \_SB_.AMW0.WLID
[   20.241434] Initializing Region       \DEB2
[   20.241629] Initializing Region       \PMIO
[   20.241776] Initializing Region       \P01_
[   20.241950] Initializing Region       \CNVS
[   20.242110] Initializing Region       \SPRT
[   20.242274] Initializing Region       \CMIO
[   20.242553] Executing  Method       \_SB_._STA
[   20.242766] Executing  Method       \_SB_._INI
[   20.242936] Executing  Method       \_SB_.PCI0._STA
[   20.243105] Executing  Method       \_SB_.PCI0._INI
[   20.243557] [Firmware Bug]: ACPI: BIOS _OSI(Linux) query ignored
[   20.243981] Executing  Method       \_SB_.PCI0.SATA._STA
[   20.244190] Executing  Method       \_SB_.PCI0.SATA._INI
[   20.244464] smp_call_function_many BEGINs:
[   20.244576] CPU 0 online? -1
[   20.244676] smp_call_function_many END.
[   20.244794] smp_call_function_many BEGINs:
[   20.244857] CPU 0 online? -1
[   20.244954] smp_call_function_many END.
[   20.245019] smp_call_function_many BEGINs:
[   20.245079] CPU 0 online? -1
[   20.245155] smp_call_function_many END.
[   20.245224] smp_call_function_many BEGINs:
[   20.245288] CPU 0 online? -1
[   20.245349] smp_call_function_many END.
[   20.246174] Executing  Method       \_SB_.PCI0.LPC0.EC0_._REG
[   20.283482] ACPI: Interpreter enabled
[   20.283582] ACPI: (supports S0 S5)
[   20.283648] ACPI: Using IOAPIC for interrupt routing
[   20.284022] PCI: MMCONFIG for domain 0000 [bus 00-3f] at [mem 0xf8000000-0xfbffffff] (base 0xf8000000)
[   20.284921] PCI: MMCONFIG at [mem 0xf8000000-0xfbffffff] reserved in ACPI motherboard resources
[   20.286679] bus: 'acpi': registered
[   20.286712] PCI: Using host bridge windows from ACPI; if necessary, use "pci=nocrs" and report a bug
[   20.286712]      scan-1141 get_device_data       : No context for object [ffffffffffffffff]
[   20.286712]     utils-0051 util_eval_error       : Evaluate [\._STA]: AE_NOT_FOUND
[   20.286712] device: 'LNXSYSTM:00': device_add
[   20.286712] bus: 'acpi': add device LNXSYSTM:00
[   20.286712]     utils-0051 util_eval_error       : Evaluate [\._SUN]: AE_NOT_FOUND
[   20.286922]      scan-1933 add_single_object     : Added LNXSYSTM:00 [\] parent (null)
[   20.287140]      scan-1141 get_device_data       : No context for object [ffff88040d81d000]
[   20.287348]      scan-1141 get_device_data       : No context for object [ffff88040d8377d0]
[   20.287558]      scan-1141 get_device_data       : No context for object [ffff88040d8377f8]
[   20.287768]      scan-1141 get_device_data       : No context for object [ffff88040d837820]
[   20.287977]      scan-1141 get_device_data       : No context for object [ffff88040d837848]
[   20.288162]      scan-1141 get_device_data       : No context for object [ffff88040d837870]
[   20.288369]      scan-1141 get_device_data       : No context for object [ffff88040d837898]
[   20.288577]      scan-1141 get_device_data       : No context for object [ffff88040d8378c0]
[   20.288774]      scan-1141 get_device_data       : No context for object [ffff88040d8378e8]
[   20.288972]      scan-1141 get_device_data       : No context for object [ffff88040d839398]
[   20.289150]      scan-1141 get_device_data       : No context for object [ffff88040d81d028]
[   20.289347]      scan-1141 get_device_data       : No context for object [ffff88040d81d168]
[   20.289545]     utils-0051 util_eval_error       : Evaluate [\_PR_.C000._STA]: AE_NOT_FOUND
[   20.289740]      scan-1141 get_device_data       : No context for object [ffff88040d81d028]
[   20.290004] device: 'LNXCPU:00': device_add
[   20.290066] bus: 'acpi': add device LNXCPU:00
[   20.290141]     utils-0051 util_eval_error       : Evaluate [\_PR_.C000._SUN]: AE_NOT_FOUND
[   20.290333]      scan-1933 add_single_object     : Added LNXCPU:00 [\_PR_.C000] parent LNXSYSTM:00
[   20.290532]      scan-1141 get_device_data       : No context for object [ffff88040d83c398]
[   20.290728]      scan-1141 get_device_data       : No context for object [ffff88040d83c3c0]
[   20.290920]      scan-1141 get_device_data       : No context for object [ffff88040d83c3e8]
[   20.291115]      scan-1141 get_device_data       : No context for object [ffff88040d83c410]
[   20.291264]      scan-1141 get_device_data       : No context for object [ffff88040d83c438]
[   20.291440]      scan-1141 get_device_data       : No context for object [ffff88040d83c460]
[   20.291637]      scan-1141 get_device_data       : No context for object [ffff88040d81d190]
[   20.291833]     utils-0051 util_eval_error       : Evaluate [\_PR_.C001._STA]: AE_NOT_FOUND
[   20.292029]      scan-1141 get_device_data       : No context for object [ffff88040d81d028]
[   20.292212] device: 'LNXCPU:01': device_add
[   20.292274] bus: 'acpi': add device LNXCPU:01
[   20.292348]     utils-0051 util_eval_error       : Evaluate [\_PR_.C001._SUN]: AE_NOT_FOUND
[   20.293347]      scan-1933 add_single_object     : Added LNXCPU:01 [\_PR_.C001] parent LNXSYSTM:00
[   20.293347]      scan-1141 get_device_data       : No context for object [ffff88040d83c488]
[   20.293347]      scan-1141 get_device_data       : No context for object [ffff88040d83c4b0]
[   20.293347]      scan-1141 get_device_data       : No context for object [ffff88040d83c4d8]
[   20.293347]      scan-1141 get_device_data       : No context for object [ffff88040d83c500]
[   20.293443]      scan-1141 get_device_data       : No context for object [ffff88040d83c528]
[   20.293637]      scan-1141 get_device_data       : No context for object [ffff88040d83c550]
[   20.293833]      scan-1141 get_device_data       : No context for object [ffff88040d81d1b8]
[   20.294030]     utils-0051 util_eval_error       : Evaluate [\_PR_.C002._STA]: AE_NOT_FOUND
[   20.295200]      scan-1141 get_device_data       : No context for object [ffff88040d81d028]
[   20.295407] device: 'LNXCPU:02': device_add
[   20.295470] bus: 'acpi': add device LNXCPU:02
[   20.295547]     utils-0051 util_eval_error       : Evaluate [\_PR_.C002._SUN]: AE_NOT_FOUND
[   20.296678]      scan-1933 add_single_object     : Added LNXCPU:02 [\_PR_.C002] parent LNXSYSTM:00
[   20.296678]      scan-1141 get_device_data       : No context for object [ffff88040d83c578]
[   20.296678]      scan-1141 get_device_data       : No context for object [ffff88040d83c5a0]
[   20.296678]      scan-1141 get_device_data       : No context for object [ffff88040d83c5c8]
[   20.296678]      scan-1141 get_device_data       : No context for object [ffff88040d83c5f0]
[   20.296678]      scan-1141 get_device_data       : No context for object [ffff88040d83c618]
[   20.296867]      scan-1141 get_device_data       : No context for object [ffff88040d83c640]
[   20.297061]      scan-1141 get_device_data       : No context for object [ffff88040d81d1e0]
[   20.297241]     utils-0051 util_eval_error       : Evaluate [\_PR_.C003._STA]: AE_NOT_FOUND
[   20.297439]      scan-1141 get_device_data       : No context for object [ffff88040d81d028]
[   20.297646] device: 'LNXCPU:03': device_add
[   20.297709] bus: 'acpi': add device LNXCPU:03
[   20.297783]     utils-0051 util_eval_error       : Evaluate [\_PR_.C003._SUN]: AE_NOT_FOUND
[   20.297988]      scan-1933 add_single_object     : Added LNXCPU:03 [\_PR_.C003] parent LNXSYSTM:00
[   20.298166]      scan-1141 get_device_data       : No context for object [ffff88040d83c668]
[   20.300012]      scan-1141 get_device_data       : No context for object [ffff88040d83c690]
[   20.300012]      scan-1141 get_device_data       : No context for object [ffff88040d83c6b8]
[   20.300012]      scan-1141 get_device_data       : No context for object [ffff88040d83c6e0]
[   20.300012]      scan-1141 get_device_data       : No context for object [ffff88040d83c708]
[   20.300012]      scan-1141 get_device_data       : No context for object [ffff88040d83c730]
[   20.300012]      scan-1141 get_device_data       : No context for object [ffff88040d81d050]
[   20.300012]     utils-0051 util_eval_error       : Evaluate [\_SB_._STA]: AE_NOT_FOUND
[   20.300012] device: 'LNXSYBUS:00': device_add
[   20.300012] bus: 'acpi': add device LNXSYBUS:00
[   20.300024]     utils-0051 util_eval_error       : Evaluate [\_SB_._SUN]: AE_NOT_FOUND
[   20.300212]      scan-1933 add_single_object     : Added LNXSYBUS:00 [\_SB_] parent LNXSYSTM:00
[   20.300418]      scan-1141 get_device_data       : No context for object [ffff88040d81d3c0]
[   20.300615]      scan-1141 get_device_data       : No context for object [ffff88040d81d3e8]
[   20.300810]      scan-1141 get_device_data       : No context for object [ffff88040d81d410]
[   20.301007]      scan-1141 get_device_data       : No context for object [ffff88040d81d438]
[   20.301185]      scan-1141 get_device_data       : No context for object [ffff88040d81d460]
[   20.301382]      scan-1141 get_device_data       : No context for object [ffff88040d81d488]
[   20.301580]      scan-1141 get_device_data       : No context for object [ffff88040d81d4b0]
[   20.301776]      scan-1141 get_device_data       : No context for object [ffff88040d81d5a0]
[   20.301970]     utils-0051 util_eval_error       : Evaluate [\_SB_.PWRB._STA]: AE_NOT_FOUND
[   20.302183] device: 'PNP0C0C:00': device_add
[   20.302247] bus: 'acpi': add device PNP0C0C:00
[   20.302322]     utils-0051 util_eval_error       : Evaluate [\_SB_.PWRB._SUN]: AE_NOT_FOUND
[   20.303347]      scan-1933 add_single_object     : Added PNP0C0C:00 [\_SB_.PWRB] parent LNXSYBUS:00
[   20.303347]      scan-1141 get_device_data       : No context for object [ffff88040d81d5c8]
[   20.303347]      scan-1141 get_device_data       : No context for object [ffff88040d81d5f0]
[   20.303347]     utils-0051 util_eval_error       : Evaluate [\_SB_.PCI0._STA]: AE_NOT_FOUND
[   20.303396] device: 'PNP0A08:00': device_add
[   20.303506] bus: 'acpi': add device PNP0A08:00
[   20.303585]     utils-0051 util_eval_error       : Evaluate [\_SB_.PCI0._SUN]: AE_NOT_FOUND
[   20.303793]      scan-1933 add_single_object     : Added PNP0A08:00 [\_SB_.PCI0] parent LNXSYBUS:00
[   20.304002]      scan-1141 get_device_data       : No context for object [ffff88040d81d618]
[   20.304180]      scan-1141 get_device_data       : No context for object [ffff88040d81d640]
[   20.304375]      scan-1141 get_device_data       : No context for object [ffff88040d81d668]
[   20.304573]      scan-1141 get_device_data       : No context for object [ffff88040d81d690]
[   20.304771]      scan-1141 get_device_data       : No context for object [ffff88040d81d6b8]
[   20.304969]      scan-1141 get_device_data       : No context for object [ffff88040d81d6e0]
[   20.305152]      scan-1141 get_device_data       : No context for object [ffff88040d81d708]
[   20.305349]      scan-1141 get_device_data       : No context for object [ffff88040d81d730]
[   20.305545]      scan-1141 get_device_data       : No context for object [ffff88040d81d758]
[   20.305741]      scan-1141 get_device_data       : No context for object [ffff88040d81d780]
[   20.305938]      scan-1141 get_device_data       : No context for object [ffff88040d81d7a8]
[   20.306136]      scan-1141 get_device_data       : No context for object [ffff88040d81d7d0]
[   20.306334]      scan-1141 get_device_data       : No context for object [ffff88040d81d7f8]
[   20.306529]      scan-1141 get_device_data       : No context for object [ffff88040d81d820]
[   20.306668]      scan-1141 get_device_data       : No context for object [ffff88040d81d848]
[   20.306858]      scan-1141 get_device_data       : No context for object [ffff88040d81d870]
[   20.307054]      scan-1141 get_device_data       : No context for object [ffff88040d81d898]
[   20.307237]      scan-1141 get_device_data       : No context for object [ffff88040d81d8c0]
[   20.307433]      scan-1141 get_device_data       : No context for object [ffff88040d81d8e8]
[   20.307629]      scan-1141 get_device_data       : No context for object [ffff88040d81d910]
[   20.307828]      scan-1141 get_device_data       : No context for object [ffff88040d81d938]
[   20.308017]      scan-1141 get_device_data       : No context for object [ffff88040d81d960]
[   20.308168]      scan-1141 get_device_data       : No context for object [ffff88040d81d988]
[   20.308345]      scan-1141 get_device_data       : No context for object [ffff88040d81d9b0]
[   20.308539]      scan-1141 get_device_data       : No context for object [ffff88040d81d9d8]
[   20.308734]      scan-1141 get_device_data       : No context for object [ffff88040d81da00]
[   20.308930]      scan-1141 get_device_data       : No context for object [ffff88040d81da28]
[   20.309107]      scan-1141 get_device_data       : No context for object [ffff88040d81da50]
[   20.309297]      scan-1141 get_device_data       : No context for object [ffff88040d81da78]
[   20.309494]      scan-1141 get_device_data       : No context for object [ffff88040d81daa0]
[   20.309688]      scan-1141 get_device_data       : No context for object [ffff88040d81dac8]
[   20.309883]      scan-1141 get_device_data       : No context for object [ffff88040d81daf0]
[   20.310160]      scan-1141 get_device_data       : No context for object [ffff88040d81db18]
[   20.310354]      scan-1141 get_device_data       : No context for object [ffff88040d81db40]
[   20.310545]      scan-1141 get_device_data       : No context for object [ffff88040d81db68]
[   20.310741]      scan-1141 get_device_data       : No context for object [ffff88040d81db90]
[   20.310940]      scan-1141 get_device_data       : No context for object [ffff88040d81dbb8]
[   20.311137]      scan-1141 get_device_data       : No context for object [ffff88040d81dbe0]
[   20.311320]      scan-1141 get_device_data       : No context for object [ffff88040d81dc08]
[   20.311518]      scan-1141 get_device_data       : No context for object [ffff88040d81dc30]
[   20.311715]      scan-1141 get_device_data       : No context for object [ffff88040d81dc58]
[   20.311911]      scan-1141 get_device_data       : No context for object [ffff88040d81dc80]
[   20.312108]      scan-1141 get_device_data       : No context for object [ffff88040d81dca8]
[   20.312260]      scan-1141 get_device_data       : No context for object [ffff88040d81dcd0]
[   20.312437]      scan-1141 get_device_data       : No context for object [ffff88040d81dcf8]
[   20.313335]      scan-1141 get_device_data       : No context for object [ffff88040d81dd20]
[   20.313533]      scan-1141 get_device_data       : No context for object [ffff88040d81dd48]
[   20.313731]      scan-1141 get_device_data       : No context for object [ffff88040d81dd70]
[   20.313903]      scan-1141 get_device_data       : No context for object [ffff88040d81dd98]
[   20.314102]      scan-1141 get_device_data       : No context for object [ffff88040d81ddc0]
[   20.314299]      scan-1141 get_device_data       : No context for object [ffff88040d81dde8]
[   20.314496]      scan-1141 get_device_data       : No context for object [ffff88040d81de10]
[   20.314694]      scan-1141 get_device_data       : No context for object [ffff88040d81de38]
[   20.314871]      scan-1141 get_device_data       : No context for object [ffff88040d81de60]
[   20.315067]      scan-1141 get_device_data       : No context for object [ffff88040d81de88]
[   20.315263]      scan-1141 get_device_data       : No context for object [ffff88040d81deb0]
[   20.315461]      scan-1141 get_device_data       : No context for object [ffff88040d81ded8]
[   20.315658]      scan-1141 get_device_data       : No context for object [ffff88040d81df00]
[   20.315855]      scan-1141 get_device_data       : No context for object [ffff88040d81df28]
[   20.316053]      scan-1141 get_device_data       : No context for object [ffff88040d81df50]
[   20.316250]      scan-1141 get_device_data       : No context for object [ffff88040d81df78]
[   20.316669]      scan-1141 get_device_data       : No context for object [ffff88040d81dfa0]
[   20.316866]      scan-1141 get_device_data       : No context for object [ffff88040d81dfc8]
[   20.317063]      scan-1141 get_device_data       : No context for object [ffff88040d822000]
[   20.317262]      scan-1141 get_device_data       : No context for object [ffff88040d822028]
[   20.317461]     utils-0051 util_eval_error       : Evaluate [\_SB_.PCI0.MEMR._STA]: AE_NOT_FOUND
[   20.317682] device: 'PNP0C02:00': device_add
[   20.317741] bus: 'acpi': add device PNP0C02:00
[   20.317809]     utils-0051 util_eval_error       : Evaluate [\_SB_.PCI0.MEMR._SUN]: AE_NOT_FOUND
[   20.318018]      scan-1933 add_single_object     : Added PNP0C02:00 [\_SB_.PCI0.MEMR] parent PNP0A08:00
[   20.318177]      scan-1141 get_device_data       : No context for object [ffff88040d822050]
[   20.318354]      scan-1141 get_device_data       : No context for object [ffff88040d822078]
[   20.318552]      scan-1141 get_device_data       : No context for object [ffff88040d8220a0]
[   20.318750]      scan-1141 get_device_data       : No context for object [ffff88040d8220c8]
[   20.318946]      scan-1141 get_device_data       : No context for object [ffff88040d8220f0]
[   20.319120]      scan-1141 get_device_data       : No context for object [ffff88040d822118]
[   20.319317]      scan-1141 get_device_data       : No context for object [ffff88040d822140]
[   20.319514]      scan-1141 get_device_data       : No context for object [ffff88040d822168]
[   20.319712]      scan-1141 get_device_data       : No context for object [ffff88040d822190]
[   20.320002]      scan-1141 get_device_data       : No context for object [ffff88040d8221b8]
[   20.320181]      scan-1141 get_device_data       : No context for object [ffff88040d8221e0]
[   20.320375]      scan-1141 get_device_data       : No context for object [ffff88040d822208]
[   20.320573]      scan-1141 get_device_data       : No context for object [ffff88040d822230]
[   20.320770]      scan-1141 get_device_data       : No context for object [ffff88040d822258]
[   20.320967]      scan-1141 get_device_data       : No context for object [ffff88040d822280]
[   20.321165]      scan-1141 get_device_data       : No context for object [ffff88040d8222a8]
[   20.321365]     utils-0051 util_eval_error       : Evaluate [\_SB_.PCI0.PB2_._STA]: AE_NOT_FOUND
[   20.321598] device: 'device:00': device_add
[   20.321662] bus: 'acpi': add device device:00
[   20.321741]     utils-0051 util_eval_error       : Evaluate [\_SB_.PCI0.PB2_._SUN]: AE_NOT_FOUND
[   20.323345]      scan-1933 add_single_object     : Added device:00 [\_SB_.PCI0.PB2_] parent PNP0A08:00
[   20.323345]      scan-1141 get_device_data       : No context for object [ffff88040d8222d0]
[   20.323345]      scan-1141 get_device_data       : No context for object [ffff88040d8222f8]
[   20.323345]      scan-1141 get_device_data       : No context for object [ffff88040d822320]
[   20.323345]      scan-1141 get_device_data       : No context for object [ffff88040d822348]
[   20.323345]      scan-1141 get_device_data       : No context for object [ffff88040d822370]
[   20.323345]      scan-1141 get_device_data       : No context for object [ffff88040d822398]
[   20.323345]      scan-1141 get_device_data       : No context for object [ffff88040d8223c0]
[   20.323530]      scan-1141 get_device_data       : No context for object [ffff88040d8223e8]
[   20.323725]      scan-1141 get_device_data       : No context for object [ffff88040d822410]
[   20.323918]      scan-1141 get_device_data       : No context for object [ffff88040d822438]
[   20.324107]      scan-1141 get_device_data       : No context for object [ffff88040d822460]
[   20.324255]      scan-1141 get_device_data       : No context for object [ffff88040d822488]
[   20.324431]      scan-1141 get_device_data       : No context for object [ffff88040d8224b0]
[   20.324626]      scan-1141 get_device_data       : No context for object [ffff88040d8224d8]
[   20.324822]      scan-1141 get_device_data       : No context for object [ffff88040d822500]
[   20.325017]      scan-1141 get_device_data       : No context for object [ffff88040d822528]
[   20.325193]      scan-1141 get_device_data       : No context for object [ffff88040d822550]
[   20.325386]      scan-1141 get_device_data       : No context for object [ffff88040d822578]
[   20.325581]      scan-1141 get_device_data       : No context for object [ffff88040d8225a0]
[   20.325774]      scan-1141 get_device_data       : No context for object [ffff88040d8225c8]
[   20.325968]      scan-1141 get_device_data       : No context for object [ffff88040d8225f0]
[   20.326162]      scan-1141 get_device_data       : No context for object [ffff88040d822618]
[   20.326358]      scan-1141 get_device_data       : No context for object [ffff88040d822640]
[   20.326548]      scan-1141 get_device_data       : No context for object [ffff88040d822668]
[   20.326669]      scan-1141 get_device_data       : No context for object [ffff88040d822690]
[   20.326865]      scan-1141 get_device_data       : No context for object [ffff88040d8226b8]
[   20.327059]      scan-1141 get_device_data       : No context for object [ffff88040d8226e0]
[   20.327206]      scan-1141 get_device_data       : No context for object [ffff88040d822708]
[   20.327383]      scan-1141 get_device_data       : No context for object [ffff88040d822730]
[   20.327581]      scan-1141 get_device_data       : No context for object [ffff88040d822758]
[   20.327775]      scan-1141 get_device_data       : No context for object [ffff88040d822780]
[   20.327974]     utils-0051 util_eval_error       : Evaluate [\_SB_.PCI0.PB2_.VGA_._STA]: AE_NOT_FOUND
[   20.328195] device: 'device:01': device_add
[   20.328304] bus: 'acpi': add device device:01
[   20.328379]     utils-0051 util_eval_error       : Evaluate [\_SB_.PCI0.PB2_.VGA_._SUN]: AE_NOT_FOUND
[   20.330012]      scan-1933 add_single_object     : Added device:01 [\_SB_.PCI0.PB2_.VGA_] parent device:00
[   20.330012]      scan-1141 get_device_data       : No context for object [ffff88040d8227a8]
[   20.330012]      scan-1141 get_device_data       : No context for object [ffff88040d8227d0]
[   20.330012]      scan-1141 get_device_data       : No context for object [ffff88040d8227f8]
[   20.330012]      scan-1141 get_device_data       : No context for object [ffff88040d822820]
[   20.330012]      scan-1141 get_device_data       : No context for object [ffff88040d822848]
[   20.330012]      scan-1141 get_device_data       : No context for object [ffff88040d822870]
[   20.330012]      scan-1141 get_device_data       : No context for object [ffff88040d822898]
[   20.330174]      scan-1141 get_device_data       : No context for object [ffff88040d8228c0]
[   20.330373]      scan-1141 get_device_data       : No context for object [ffff88040d8228e8]
[   20.330571]      scan-1141 get_device_data       : No context for object [ffff88040d822910]
[   20.330768]      scan-1141 get_device_data       : No context for object [ffff88040d822938]
[   20.331983]      scan-1141 get_device_data       : No context for object [ffff88040d822960]
[   20.332166]      scan-1141 get_device_data       : No context for object [ffff88040d822988]
[   20.332364]      scan-1141 get_device_data       : No context for object [ffff88040d8229b0]
[   20.332561]      scan-1141 get_device_data       : No context for object [ffff88040d8229d8]
[   20.332756]      scan-1141 get_device_data       : No context for object [ffff88040d822a00]
[   20.332954]      scan-1141 get_device_data       : No context for object [ffff88040d822a28]
[   20.333152]      scan-1141 get_device_data       : No context for object [ffff88040d822a50]
[   20.333335]      scan-1141 get_device_data       : No context for object [ffff88040d822a78]
[   20.333533]      scan-1141 get_device_data       : No context for object [ffff88040d822aa0]
[   20.333730]      scan-1141 get_device_data       : No context for object [ffff88040d822ac8]
[   20.333924]      scan-1141 get_device_data       : No context for object [ffff88040d822af0]
[   20.334122]      scan-1141 get_device_data       : No context for object [ffff88040d822b18]
[   20.334320]      scan-1141 get_device_data       : No context for object [ffff88040d822b40]
[   20.334517]      scan-1141 get_device_data       : No context for object [ffff88040d822b68]
[   20.334715]      scan-1141 get_device_data       : No context for object [ffff88040d822b90]
[   20.334911]      scan-1141 get_device_data       : No context for object [ffff88040d822bb8]
[   20.335104]      scan-1141 get_device_data       : No context for object [ffff88040d822be0]
[   20.335255]      scan-1141 get_device_data       : No context for object [ffff88040d822c08]
[   20.335433]      scan-1141 get_device_data       : No context for object [ffff88040d822c30]
[   20.335631]      scan-1141 get_device_data       : No context for object [ffff88040d822c58]
[   20.335829]      scan-1141 get_device_data       : No context for object [ffff88040d822c80]
[   20.336027]      scan-1141 get_device_data       : No context for object [ffff88040d822ca8]
[   20.336204]      scan-1141 get_device_data       : No context for object [ffff88040d822cd0]
[   20.336398]      scan-1141 get_device_data       : No context for object [ffff88040d822cf8]
[   20.336596]      scan-1141 get_device_data       : No context for object [ffff88040d822d20]
[   20.336831]      scan-1141 get_device_data       : No context for object [ffff88040d822d48]
[   20.337028]      scan-1141 get_device_data       : No context for object [ffff88040d822d70]
[   20.337206]      scan-1141 get_device_data       : No context for object [ffff88040d822d98]
[   20.337402]      scan-1141 get_device_data       : No context for object [ffff88040d837438]
[   20.337595]      scan-1141 get_device_data       : No context for object [ffff88040d822dc0]
[   20.337794]     utils-0051 util_eval_error       : Evaluate [\_SB_.PCI0.PB2_.HDAU._STA]: AE_NOT_FOUND
[   20.338028] device: 'device:02': device_add
[   20.338093] bus: 'acpi': add device device:02
[   20.338167]     utils-0051 util_eval_error       : Evaluate [\_SB_.PCI0.PB2_.HDAU._SUN]: AE_NOT_FOUND
[   20.340028]      scan-1933 add_single_object     : Added device:02 [\_SB_.PCI0.PB2_.HDAU] parent device:00
[   20.340028]      scan-1141 get_device_data       : No context for object [ffff88040d822de8]
[   20.340028]      scan-1141 get_device_data       : No context for object [ffff88040d822e10]
[   20.340028]      scan-1141 get_device_data       : No context for object [ffff88040d822e38]
[   20.340028]      scan-1141 get_device_data       : No context for object [ffff88040d822e60]
[   20.340028]      scan-1141 get_device_data       : No context for object [ffff88040d822e88]
[   20.340028]      scan-1141 get_device_data       : No context for object [ffff88040d822eb0]
[   20.340028]      scan-1141 get_device_data       : No context for object [ffff88040d822ed8]
[   20.340028]     utils-0051 util_eval_error       : Evaluate [\_SB_.PCI0.PB3_._STA]: AE_NOT_FOUND
[   20.340084] device: 'device:03': device_add
[   20.340146] bus: 'acpi': add device device:03
[   20.340220]     utils-0051 util_eval_error       : Evaluate [\_SB_.PCI0.PB3_._SUN]: AE_NOT_FOUND
[   20.340425]      scan-1933 add_single_object     : Added device:03 [\_SB_.PCI0.PB3_] parent PNP0A08:00
[   20.340625]      scan-1141 get_device_data       : No context for object [ffff88040d822f00]
[   20.340820]      scan-1141 get_device_data       : No context for object [ffff88040d822f28]
[   20.341014]      scan-1141 get_device_data       : No context for object [ffff88040d822f50]
[   20.341160]      scan-1141 get_device_data       : No context for object [ffff88040d822f78]
[   20.341337]      scan-1141 get_device_data       : No context for object [ffff88040d822fa0]
[   20.341532]      scan-1141 get_device_data       : No context for object [ffff88040d822fc8]
[   20.341727]      scan-1141 get_device_data       : No context for object [ffff88040d823000]
[   20.341922]      scan-1141 get_device_data       : No context for object [ffff88040d823028]
[   20.342099]      scan-1141 get_device_data       : No context for object [ffff88040d823050]
[   20.342292]      scan-1141 get_device_data       : No context for object [ffff88040d823078]
[   20.342485]      scan-1141 get_device_data       : No context for object [ffff88040d8230a0]
[   20.342679]      scan-1141 get_device_data       : No context for object [ffff88040d8230c8]
[   20.342873]      scan-1141 get_device_data       : No context for object [ffff88040d8230f0]
[   20.343068]      scan-1141 get_device_data       : No context for object [ffff88040d823118]
[   20.343336]      scan-1141 get_device_data       : No context for object [ffff88040d823140]
[   20.343530]      scan-1141 get_device_data       : No context for object [ffff88040d823168]
[   20.343720]      scan-1141 get_device_data       : No context for object [ffff88040d823190]
[   20.343916]      scan-1141 get_device_data       : No context for object [ffff88040d8231b8]
[   20.344111]      scan-1141 get_device_data       : No context for object [ffff88040d8231e0]
[   20.344288]      scan-1141 get_device_data       : No context for object [ffff88040d823208]
[   20.344487]      scan-1141 get_device_data       : No context for object [ffff88040d823230]
[   20.344684]      scan-1141 get_device_data       : No context for object [ffff88040d823258]
[   20.344878]      scan-1141 get_device_data       : No context for object [ffff88040d823280]
[   20.345077]      scan-1141 get_device_data       : No context for object [ffff88040d8232a8]
[   20.345228]      scan-1141 get_device_data       : No context for object [ffff88040d8232d0]
[   20.345405]      scan-1141 get_device_data       : No context for object [ffff88040d8232f8]
[   20.345602]      scan-1141 get_device_data       : No context for object [ffff88040d823320]
[   20.345800]      scan-1141 get_device_data       : No context for object [ffff88040d823348]
[   20.345997]      scan-1141 get_device_data       : No context for object [ffff88040d823370]
[   20.346171]      scan-1141 get_device_data       : No context for object [ffff88040d823398]
[   20.346368]      scan-1141 get_device_data       : No context for object [ffff88040d8233c0]
[   20.346567]     utils-0051 util_eval_error       : Evaluate [\_SB_.PCI0.PB3_.VGA_._STA]: AE_NOT_FOUND
[   20.346829]     video-0058 backlight_cap_match   : Found generic backlight support
[   20.347037] device: 'LNXVIDEO:00': device_add
[   20.347100] bus: 'acpi': add device LNXVIDEO:00
[   20.347179]     utils-0051 util_eval_error       : Evaluate [\_SB_.PCI0.PB3_.VGA_._SUN]: AE_NOT_FOUND
[   20.347360]      scan-1933 add_single_object     : Added LNXVIDEO:00 [\_SB_.PCI0.PB3_.VGA_] parent device:03
[   20.347568]      scan-1141 get_device_data       : No context for object [ffff88040d8233e8]
[   20.347766]      scan-1141 get_device_data       : No context for object [ffff88040d823410]
[   20.347964]      scan-1141 get_device_data       : No context for object [ffff88040d823438]
[   20.348162]      scan-1141 get_device_data       : No context for object [ffff88040d823460]
[   20.348359]      scan-1141 get_device_data       : No context for object [ffff88040d823488]
[   20.348554]      scan-1141 get_device_data       : No context for object [ffff88040d8234b0]
[   20.348751]      scan-1141 get_device_data       : No context for object [ffff88040d8234d8]
[   20.348948]      scan-1141 get_device_data       : No context for object [ffff88040d823500]
[   20.349147]      scan-1141 get_device_data       : No context for object [ffff88040d823528]
[   20.350002]      scan-1141 get_device_data       : No context for object [ffff88040d823550]
[   20.350200]      scan-1141 get_device_data       : No context for object [ffff88040d823578]
[   20.350398]      scan-1141 get_device_data       : No context for object [ffff88040d8235a0]
[   20.350594]      scan-1141 get_device_data       : No context for object [ffff88040d8235c8]
[   20.350789]      scan-1141 get_device_data       : No context for object [ffff88040d8235f0]
[   20.350987]      scan-1141 get_device_data       : No context for object [ffff88040d823618]
[   20.351184]      scan-1141 get_device_data       : No context for object [ffff88040d823640]
[   20.351383]      scan-1141 get_device_data       : No context for object [ffff88040d823668]
[   20.351580]      scan-1141 get_device_data       : No context for object [ffff88040d823690]
[   20.351777]      scan-1141 get_device_data       : No context for object [ffff88040d8236b8]
[   20.351950]      scan-1141 get_device_data       : No context for object [ffff88040d8236e0]
[   20.352148]      scan-1141 get_device_data       : No context for object [ffff88040d823708]
[   20.352345]      scan-1141 get_device_data       : No context for object [ffff88040d823730]
[   20.352543]      scan-1141 get_device_data       : No context for object [ffff88040d823758]
[   20.352740]      scan-1141 get_device_data       : No context for object [ffff88040d823780]
[   20.352892]      scan-1141 get_device_data       : No context for object [ffff88040d8237a8]
[   20.353441]      scan-1141 get_device_data       : No context for object [ffff88040d8237d0]
[   20.353637]      scan-1141 get_device_data       : No context for object [ffff88040d8237f8]
[   20.353834]      scan-1141 get_device_data       : No context for object [ffff88040d823820]
[   20.354032]      scan-1141 get_device_data       : No context for object [ffff88040d823848]
[   20.354209]      scan-1141 get_device_data       : No context for object [ffff88040d823870]
[   20.354406]      scan-1141 get_device_data       : No context for object [ffff88040d823898]
[   20.354603]      scan-1141 get_device_data       : No context for object [ffff88040d8238c0]
[   20.354796]      scan-1141 get_device_data       : No context for object [ffff88040d8238e8]
[   20.354994]      scan-1141 get_device_data       : No context for object [ffff88040d823910]
[   20.355189]      scan-1141 get_device_data       : No context for object [ffff88040d823938]
[   20.355386]      scan-1141 get_device_data       : No context for object [ffff88040d823960]
[   20.355583]      scan-1141 get_device_data       : No context for object [ffff88040d823988]
[   20.355782]      scan-1141 get_device_data       : No context for object [ffff88040d8239b0]
[   20.355974]      scan-1141 get_device_data       : No context for object [ffff88040d8239d8]
[   20.356172]      scan-1141 get_device_data       : No context for object [ffff88040d837460]
[   20.356370]      scan-1141 get_device_data       : No context for object [ffff88040d83ac08]
[   20.356567]      scan-1141 get_device_data       : No context for object [ffff88040d83ac30]
[   20.356669]      scan-1141 get_device_data       : No context for object [ffff88040d83ac58]
[   20.356865]     utils-0051 util_eval_error       : Evaluate [\_SB_.PCI0.PB3_.VGA_.CRT_._STA]: AE_NOT_FOUND
[   20.357089] device: 'device:04': device_add
[   20.357151] bus: 'acpi': add device device:04
[   20.357224]     utils-0051 util_eval_error       : Evaluate [\_SB_.PCI0.PB3_.VGA_.CRT_._SUN]: AE_NOT_FOUND
[   20.357411]      scan-1933 add_single_object     : Added device:04 [\_SB_.PCI0.PB3_.VGA_.CRT_] parent LNXVIDEO:00
[   20.357612]      scan-1141 get_device_data       : No context for object [ffff88040d83ac80]
[   20.357808]      scan-1141 get_device_data       : No context for object [ffff88040d83aca8]
[   20.358003]      scan-1141 get_device_data       : No context for object [ffff88040d83acd0]
[   20.358152]      scan-1141 get_device_data       : No context for object [ffff88040d83acf8]
[   20.358325]      scan-1141 get_device_data       : No context for object [ffff88040d83ad20]
[   20.358522]     utils-0051 util_eval_error       : Evaluate [\_SB_.PCI0.PB3_.VGA_.LCD_._STA]: AE_NOT_FOUND
[   20.358764] device: 'device:05': device_add
[   20.358873] bus: 'acpi': add device device:05
[   20.358947]     utils-0051 util_eval_error       : Evaluate [\_SB_.PCI0.PB3_.VGA_.LCD_._SUN]: AE_NOT_FOUND
[   20.360024]      scan-1933 add_single_object     : Added device:05 [\_SB_.PCI0.PB3_.VGA_.LCD_] parent LNXVIDEO:00
[   20.360024]      scan-1141 get_device_data       : No context for object [ffff88040d83ad48]
[   20.360024]      scan-1141 get_device_data       : No context for object [ffff88040d83ad70]
[   20.360024]      scan-1141 get_device_data       : No context for object [ffff88040d83ad98]
[   20.360024]      scan-1141 get_device_data       : No context for object [ffff88040d83adc0]
[   20.360182]      scan-1141 get_device_data       : No context for object [ffff88040d83ade8]
[   20.360376]      scan-1141 get_device_data       : No context for object [ffff88040d83ae10]
[   20.360572]      scan-1141 get_device_data       : No context for object [ffff88040d83ae38]
[   20.360767]      scan-1141 get_device_data       : No context for object [ffff88040d83ae60]
[   20.360963]     utils-0051 util_eval_error       : Evaluate [\_SB_.PCI0.PB3_.VGA_.TV0_._STA]: AE_NOT_FOUND
[   20.361196] device: 'device:06': device_add
[   20.361259] bus: 'acpi': add device device:06
[   20.361336]     utils-0051 util_eval_error       : Evaluate [\_SB_.PCI0.PB3_.VGA_.TV0_._SUN]: AE_NOT_FOUND
[   20.361544]      scan-1933 add_single_object     : Added device:06 [\_SB_.PCI0.PB3_.VGA_.TV0_] parent LNXVIDEO:00
[   20.361747]      scan-1141 get_device_data       : No context for object [ffff88040d83ae88]
[   20.361944]      scan-1141 get_device_data       : No context for object [ffff88040d83aeb0]
[   20.362137]      scan-1141 get_device_data       : No context for object [ffff88040d83aed8]
[   20.362315]      scan-1141 get_device_data       : No context for object [ffff88040d83af00]
[   20.362512]      scan-1141 get_device_data       : No context for object [ffff88040d83af28]
[   20.362712]     utils-0051 util_eval_error       : Evaluate [\_SB_.PCI0.PB3_.VGA_.HDMI._STA]: AE_NOT_FOUND
[   20.362956] device: 'device:07': device_add
[   20.363066] bus: 'acpi': add device device:07
[   20.363139]     utils-0051 util_eval_error       : Evaluate [\_SB_.PCI0.PB3_.VGA_.HDMI._SUN]: AE_NOT_FOUND
[   20.363415]      scan-1933 add_single_object     : Added device:07 [\_SB_.PCI0.PB3_.VGA_.HDMI] parent LNXVIDEO:00
[   20.363482]      scan-1141 get_device_data       : No context for object [ffff88040d83af50]
[   20.363680]      scan-1141 get_device_data       : No context for object [ffff88040d83af78]
[   20.363877]      scan-1141 get_device_data       : No context for object [ffff88040d83afa0]
[   20.364075]      scan-1141 get_device_data       : No context for object [ffff88040d83afc8]
[   20.364252]      scan-1141 get_device_data       : No context for object [ffff88040d823a00]
[   20.364450]     utils-0051 util_eval_error       : Evaluate [\_SB_.PCI0.PB3_.HDAU._STA]: AE_NOT_FOUND
[   20.364679] device: 'device:08': device_add
[   20.364742] bus: 'acpi': add device device:08
[   20.364816]     utils-0051 util_eval_error       : Evaluate [\_SB_.PCI0.PB3_.HDAU._SUN]: AE_NOT_FOUND
[   20.366701]      scan-1933 add_single_object     : Added device:08 [\_SB_.PCI0.PB3_.HDAU] parent device:03
[   20.366701]      scan-1141 get_device_data       : No context for object [ffff88040d823a28]
[   20.366701]      scan-1141 get_device_data       : No context for object [ffff88040d823a50]
[   20.366701]      scan-1141 get_device_data       : No context for object [ffff88040d823a78]
[   20.366701]      scan-1141 get_device_data       : No context for object [ffff88040d823aa0]
[   20.366701]      scan-1141 get_device_data       : No context for object [ffff88040d823ac8]
[   20.366701]      scan-1141 get_device_data       : No context for object [ffff88040d823af0]
[   20.366701]      scan-1141 get_device_data       : No context for object [ffff88040d823b18]
[   20.366701]     utils-0051 util_eval_error       : Evaluate [\_SB_.PCI0.PB4_._STA]: AE_NOT_FOUND
[   20.366762] device: 'device:09': device_add
[   20.366822] bus: 'acpi': add device device:09
[   20.366890]     utils-0051 util_eval_error       : Evaluate [\_SB_.PCI0.PB4_._SUN]: AE_NOT_FOUND
[   20.367081]      scan-1933 add_single_object     : Added device:09 [\_SB_.PCI0.PB4_] parent PNP0A08:00
[   20.367283]      scan-1141 get_device_data       : No context for object [ffff88040d823b40]
[   20.367481]      scan-1141 get_device_data       : No context for object [ffff88040d823b68]
[   20.368696]      scan-1141 get_device_data       : No context for object [ffff88040d823b90]
[   20.368894]      scan-1141 get_device_data       : No context for object [ffff88040d823bb8]
[   20.369072]      scan-1141 get_device_data       : No context for object [ffff88040d823be0]
[   20.369270]      scan-1141 get_device_data       : No context for object [ffff88040d823c08]
[   20.369464]      scan-1141 get_device_data       : No context for object [ffff88040d823c30]
[   20.369662]      scan-1141 get_device_data       : No context for object [ffff88040d823c58]
[   20.369859]      scan-1141 get_device_data       : No context for object [ffff88040d823c80]
[   20.370165]      scan-1141 get_device_data       : No context for object [ffff88040d823ca8]
[   20.370362]      scan-1141 get_device_data       : No context for object [ffff88040d823cd0]
[   20.370560]      scan-1141 get_device_data       : No context for object [ffff88040d823cf8]
[   20.370753]      scan-1141 get_device_data       : No context for object [ffff88040d823d20]
[   20.370950]      scan-1141 get_device_data       : No context for object [ffff88040d823d48]
[   20.371148]      scan-1141 get_device_data       : No context for object [ffff88040d823d70]
[   20.371345]      scan-1141 get_device_data       : No context for object [ffff88040d823d98]
[   20.371543]      scan-1141 get_device_data       : No context for object [ffff88040d823dc0]
[   20.371739]      scan-1141 get_device_data       : No context for object [ffff88040d823de8]
[   20.371932]      scan-1141 get_device_data       : No context for object [ffff88040d823e10]
[   20.372129]      scan-1141 get_device_data       : No context for object [ffff88040d823e38]
[   20.372310]      scan-1141 get_device_data       : No context for object [ffff88040d823e60]
[   20.372508]      scan-1141 get_device_data       : No context for object [ffff88040d823e88]
[   20.372705]      scan-1141 get_device_data       : No context for object [ffff88040d823eb0]
[   20.372902]      scan-1141 get_device_data       : No context for object [ffff88040d823ed8]
[   20.373098]      scan-1141 get_device_data       : No context for object [ffff88040d823f00]
[   20.373250]      scan-1141 get_device_data       : No context for object [ffff88040d823f28]
[   20.373444]      scan-1141 get_device_data       : No context for object [ffff88040d823f50]
[   20.373639]      scan-1141 get_device_data       : No context for object [ffff88040d823f78]
[   20.373835]      scan-1141 get_device_data       : No context for object [ffff88040d823fa0]
[   20.374030]      scan-1141 get_device_data       : No context for object [ffff88040d823fc8]
[   20.374206]      scan-1141 get_device_data       : No context for object [ffff88040d825000]
[   20.374400]     utils-0051 util_eval_error       : Evaluate [\_SB_.PCI0.PB4_.XPDV._STA]: AE_NOT_FOUND
[   20.374633] device: 'device:0a': device_add
[   20.374743] bus: 'acpi': add device device:0a
[   20.374816]     utils-0051 util_eval_error       : Evaluate [\_SB_.PCI0.PB4_.XPDV._SUN]: AE_NOT_FOUND
[   20.376672]      scan-1933 add_single_object     : Added device:0a [\_SB_.PCI0.PB4_.XPDV] parent device:09
[   20.376672]      scan-1141 get_device_data       : No context for object [ffff88040d825028]
[   20.376672]      scan-1141 get_device_data       : No context for object [ffff88040d825050]
[   20.376672]      scan-1141 get_device_data       : No context for object [ffff88040d825078]
[   20.376672]      scan-1141 get_device_data       : No context for object [ffff88040d8250a0]
[   20.376672]      scan-1141 get_device_data       : No context for object [ffff88040d8250c8]
[   20.376672]      scan-1141 get_device_data       : No context for object [ffff88040d837500]
[   20.376672]      scan-1141 get_device_data       : No context for object [ffff88040d8250f0]
[   20.376672]      scan-1141 get_device_data       : No context for object [ffff88040d825118]
[   20.376672]     utils-0051 util_eval_error       : Evaluate [\_SB_.PCI0.PB5_._STA]: AE_NOT_FOUND
[   20.376962] device: 'device:0b': device_add
[   20.377024] bus: 'acpi': add device device:0b
[   20.377098]     utils-0051 util_eval_error       : Evaluate [\_SB_.PCI0.PB5_._SUN]: AE_NOT_FOUND
[   20.377284]      scan-1933 add_single_object     : Added device:0b [\_SB_.PCI0.PB5_] parent PNP0A08:00
[   20.377484]      scan-1141 get_device_data       : No context for object [ffff88040d825140]
[   20.377682]      scan-1141 get_device_data       : No context for object [ffff88040d825168]
[   20.377879]      scan-1141 get_device_data       : No context for object [ffff88040d825190]
[   20.378073]      scan-1141 get_device_data       : No context for object [ffff88040d8251b8]
[   20.378270]      scan-1141 get_device_data       : No context for object [ffff88040d8251e0]
[   20.378468]      scan-1141 get_device_data       : No context for object [ffff88040d825208]
[   20.378666]      scan-1141 get_device_data       : No context for object [ffff88040d825230]
[   20.378863]      scan-1141 get_device_data       : No context for object [ffff88040d825258]
[   20.379060]      scan-1141 get_device_data       : No context for object [ffff88040d825280]
[   20.379244]      scan-1141 get_device_data       : No context for object [ffff88040d8252a8]
[   20.379441]      scan-1141 get_device_data       : No context for object [ffff88040d8252d0]
[   20.379639]      scan-1141 get_device_data       : No context for object [ffff88040d8252f8]
[   20.379836]      scan-1141 get_device_data       : No context for object [ffff88040d825320]
[   20.380130]      scan-1141 get_device_data       : No context for object [ffff88040d825348]
[   20.380281]      scan-1141 get_device_data       : No context for object [ffff88040d825370]
[   20.380457]      scan-1141 get_device_data       : No context for object [ffff88040d825398]
[   20.380653]      scan-1141 get_device_data       : No context for object [ffff88040d8253c0]
[   20.380851]      scan-1141 get_device_data       : No context for object [ffff88040d8253e8]
[   20.381048]      scan-1141 get_device_data       : No context for object [ffff88040d825410]
[   20.381225]      scan-1141 get_device_data       : No context for object [ffff88040d825438]
[   20.381423]      scan-1141 get_device_data       : No context for object [ffff88040d825460]
[   20.381621]      scan-1141 get_device_data       : No context for object [ffff88040d825488]
[   20.381814]      scan-1141 get_device_data       : No context for object [ffff88040d8254b0]
[   20.382011]      scan-1141 get_device_data       : No context for object [ffff88040d8254d8]
[   20.382196]      scan-1141 get_device_data       : No context for object [ffff88040d825500]
[   20.382393]      scan-1141 get_device_data       : No context for object [ffff88040d825528]
[   20.382591]      scan-1141 get_device_data       : No context for object [ffff88040d825550]
[   20.382788]      scan-1141 get_device_data       : No context for object [ffff88040d825578]
[   20.382980]      scan-1141 get_device_data       : No context for object [ffff88040d8255a0]
[   20.383178]      scan-1141 get_device_data       : No context for object [ffff88040d8255c8]
[   20.383335]      scan-1141 get_device_data       : No context for object [ffff88040d8255f0]
[   20.383534]     utils-0051 util_eval_error       : Evaluate [\_SB_.PCI0.PB5_.XPDV._STA]: AE_NOT_FOUND
[   20.383768] device: 'device:0c': device_add
[   20.383831] bus: 'acpi': add device device:0c
[   20.383908]     utils-0051 util_eval_error       : Evaluate [\_SB_.PCI0.PB5_.XPDV._SUN]: AE_NOT_FOUND
[   20.384111]      scan-1933 add_single_object     : Added device:0c [\_SB_.PCI0.PB5_.XPDV] parent device:0b
[   20.384292]      scan-1141 get_device_data       : No context for object [ffff88040d825618]
[   20.384489]      scan-1141 get_device_data       : No context for object [ffff88040d825640]
[   20.384687]      scan-1141 get_device_data       : No context for object [ffff88040d825668]
[   20.384885]      scan-1141 get_device_data       : No context for object [ffff88040d825690]
[   20.385082]      scan-1141 get_device_data       : No context for object [ffff88040d8256b8]
[   20.385233]      scan-1141 get_device_data       : No context for object [ffff88040d837528]
[   20.385408]      scan-1141 get_device_data       : No context for object [ffff88040d8256e0]
[   20.385606]      scan-1141 get_device_data       : No context for object [ffff88040d825708]
[   20.385805]     utils-0051 util_eval_error       : Evaluate [\_SB_.PCI0.PB6_._STA]: AE_NOT_FOUND
[   20.386100] device: 'device:0d': device_add
[   20.386164] bus: 'acpi': add device device:0d
[   20.386684]     utils-0051 util_eval_error       : Evaluate [\_SB_.PCI0.PB6_._SUN]: AE_NOT_FOUND
[   20.386891]      scan-1933 add_single_object     : Added device:0d [\_SB_.PCI0.PB6_] parent PNP0A08:00
[   20.387091]      scan-1141 get_device_data       : No context for object [ffff88040d825730]
[   20.387285]      scan-1141 get_device_data       : No context for object [ffff88040d825758]
[   20.387483]      scan-1141 get_device_data       : No context for object [ffff88040d825780]
[   20.387634]      scan-1141 get_device_data       : No context for object [ffff88040d8257a8]
[   20.387812]      scan-1141 get_device_data       : No context for object [ffff88040d8257d0]
[   20.388010]      scan-1141 get_device_data       : No context for object [ffff88040d8257f8]
[   20.388207]      scan-1141 get_device_data       : No context for object [ffff88040d825820]
[   20.388404]      scan-1141 get_device_data       : No context for object [ffff88040d825848]
[   20.388580]      scan-1141 get_device_data       : No context for object [ffff88040d825870]
[   20.388778]      scan-1141 get_device_data       : No context for object [ffff88040d825898]
[   20.388976]      scan-1141 get_device_data       : No context for object [ffff88040d8258c0]
[   20.389173]      scan-1141 get_device_data       : No context for object [ffff88040d8258e8]
[   20.389370]      scan-1141 get_device_data       : No context for object [ffff88040d825910]
[   20.390160]      scan-1141 get_device_data       : No context for object [ffff88040d825938]
[   20.390351]      scan-1141 get_device_data       : No context for object [ffff88040d825960]
[   20.390546]      scan-1141 get_device_data       : No context for object [ffff88040d825988]
[   20.390741]      scan-1141 get_device_data       : No context for object [ffff88040d8259b0]
[   20.390936]      scan-1141 get_device_data       : No context for object [ffff88040d8259d8]
[   20.391130]      scan-1141 get_device_data       : No context for object [ffff88040d825a00]
[   20.391279]      scan-1141 get_device_data       : No context for object [ffff88040d825a28]
[   20.391456]      scan-1141 get_device_data       : No context for object [ffff88040d825a50]
[   20.391648]      scan-1141 get_device_data       : No context for object [ffff88040d825a78]
[   20.391842]      scan-1141 get_device_data       : No context for object [ffff88040d825aa0]
[   20.392037]      scan-1141 get_device_data       : No context for object [ffff88040d825ac8]
[   20.392214]      scan-1141 get_device_data       : No context for object [ffff88040d825af0]
[   20.392409]      scan-1141 get_device_data       : No context for object [ffff88040d825b18]
[   20.392604]      scan-1141 get_device_data       : No context for object [ffff88040d825b40]
[   20.392796]      scan-1141 get_device_data       : No context for object [ffff88040d825b68]
[   20.392992]      scan-1141 get_device_data       : No context for object [ffff88040d825b90]
[   20.393176]      scan-1141 get_device_data       : No context for object [ffff88040d825bb8]
[   20.393335]      scan-1141 get_device_data       : No context for object [ffff88040d825be0]
[   20.393532]     utils-0051 util_eval_error       : Evaluate [\_SB_.PCI0.PB6_.XPDV._STA]: AE_NOT_FOUND
[   20.393769] device: 'device:0e': device_add
[   20.393874] bus: 'acpi': add device device:0e
[   20.393939]     utils-0051 util_eval_error       : Evaluate [\_SB_.PCI0.PB6_.XPDV._SUN]: AE_NOT_FOUND
[   20.394145]      scan-1933 add_single_object     : Added device:0e [\_SB_.PCI0.PB6_.XPDV] parent device:0d
[   20.394348]      scan-1141 get_device_data       : No context for object [ffff88040d825c08]
[   20.394546]      scan-1141 get_device_data       : No context for object [ffff88040d825c30]
[   20.394744]      scan-1141 get_device_data       : No context for object [ffff88040d825c58]
[   20.394941]      scan-1141 get_device_data       : No context for object [ffff88040d825c80]
[   20.395138]      scan-1141 get_device_data       : No context for object [ffff88040d825ca8]
[   20.395334]      scan-1141 get_device_data       : No context for object [ffff88040d837550]
[   20.395531]      scan-1141 get_device_data       : No context for object [ffff88040d825cd0]
[   20.395729]      scan-1141 get_device_data       : No context for object [ffff88040d825cf8]
[   20.395929]     utils-0051 util_eval_error       : Evaluate [\_SB_.PCI0.PB7_._STA]: AE_NOT_FOUND
[   20.396179] device: 'device:0f': device_add
[   20.396244] bus: 'acpi': add device device:0f
[   20.396311]     utils-0051 util_eval_error       : Evaluate [\_SB_.PCI0.PB7_._SUN]: AE_NOT_FOUND
[   20.396672]      scan-1933 add_single_object     : Added device:0f [\_SB_.PCI0.PB7_] parent PNP0A08:00
[   20.396673]      scan-1141 get_device_data       : No context for object [ffff88040d825d20]
[   20.396871]      scan-1141 get_device_data       : No context for object [ffff88040d825d48]
[   20.397068]      scan-1141 get_device_data       : No context for object [ffff88040d825d70]
[   20.397266]      scan-1141 get_device_data       : No context for object [ffff88040d825d98]
[   20.397462]      scan-1141 get_device_data       : No context for object [ffff88040d825dc0]
[   20.397655]      scan-1141 get_device_data       : No context for object [ffff88040d825de8]
[   20.397852]      scan-1141 get_device_data       : No context for object [ffff88040d825e10]
[   20.398050]      scan-1141 get_device_data       : No context for object [ffff88040d825e38]
[   20.398227]      scan-1141 get_device_data       : No context for object [ffff88040d825e60]
[   20.398425]      scan-1141 get_device_data       : No context for object [ffff88040d825e88]
[   20.398622]      scan-1141 get_device_data       : No context for object [ffff88040d825eb0]
[   20.398817]      scan-1141 get_device_data       : No context for object [ffff88040d825ed8]
[   20.399016]      scan-1141 get_device_data       : No context for object [ffff88040d825f00]
[   20.399167]      scan-1141 get_device_data       : No context for object [ffff88040d825f28]
[   20.399344]      scan-1141 get_device_data       : No context for object [ffff88040d825f50]
[   20.399542]      scan-1141 get_device_data       : No context for object [ffff88040d825f78]
[   20.399739]      scan-1141 get_device_data       : No context for object [ffff88040d825fa0]
[   20.400001]      scan-1141 get_device_data       : No context for object [ffff88040d825fc8]
[   20.400175]      scan-1141 get_device_data       : No context for object [ffff88040d827000]
[   20.400372]      scan-1141 get_device_data       : No context for object [ffff88040d827028]
[   20.400570]      scan-1141 get_device_data       : No context for object [ffff88040d827050]
[   20.400767]      scan-1141 get_device_data       : No context for object [ffff88040d827078]
[   20.400965]      scan-1141 get_device_data       : No context for object [ffff88040d8270a0]
[   20.401157]      scan-1141 get_device_data       : No context for object [ffff88040d8270c8]
[   20.401349]      scan-1141 get_device_data       : No context for object [ffff88040d8270f0]
[   20.401548]      scan-1141 get_device_data       : No context for object [ffff88040d827118]
[   20.401746]      scan-1141 get_device_data       : No context for object [ffff88040d827140]
[   20.401944]      scan-1141 get_device_data       : No context for object [ffff88040d827168]
[   20.402141]      scan-1141 get_device_data       : No context for object [ffff88040d827190]
[   20.402339]      scan-1141 get_device_data       : No context for object [ffff88040d8271b8]
[   20.402534]      scan-1141 get_device_data       : No context for object [ffff88040d8271e0]
[   20.402732]     utils-0051 util_eval_error       : Evaluate [\_SB_.PCI0.PB7_.XPDV._STA]: AE_NOT_FOUND
[   20.402966] device: 'device:10': device_add
[   20.403029] bus: 'acpi': add device device:10
[   20.403103]     utils-0051 util_eval_error       : Evaluate [\_SB_.PCI0.PB7_.XPDV._SUN]: AE_NOT_FOUND
[   20.403339]      scan-1933 add_single_object     : Added device:10 [\_SB_.PCI0.PB7_.XPDV] parent device:0f
[   20.403482]      scan-1141 get_device_data       : No context for object [ffff88040d827208]
[   20.403680]      scan-1141 get_device_data       : No context for object [ffff88040d827230]
[   20.403873]      scan-1141 get_device_data       : No context for object [ffff88040d827258]
[   20.404071]      scan-1141 get_device_data       : No context for object [ffff88040d827280]
[   20.404248]      scan-1141 get_device_data       : No context for object [ffff88040d8272a8]
[   20.404446]      scan-1141 get_device_data       : No context for object [ffff88040d837488]
[   20.405662]      scan-1141 get_device_data       : No context for object [ffff88040d8272d0]
[   20.405860]      scan-1141 get_device_data       : No context for object [ffff88040d8272f8]
[   20.406059]     utils-0051 util_eval_error       : Evaluate [\_SB_.PCI0.OHC1._STA]: AE_NOT_FOUND
[   20.406264] device: 'device:11': device_add
[   20.406327] bus: 'acpi': add device device:11
[   20.406404]     utils-0051 util_eval_error       : Evaluate [\_SB_.PCI0.OHC1._SUN]: AE_NOT_FOUND
[   20.406695]      scan-1933 add_single_object     : Added device:11 [\_SB_.PCI0.OHC1] parent PNP0A08:00
[   20.406800]      scan-1141 get_device_data       : No context for object [ffff88040d827320]
[   20.406996]      scan-1141 get_device_data       : No context for object [ffff88040d827348]
[   20.407177]      scan-1141 get_device_data       : No context for object [ffff88040d83b2f8]
[   20.407372]     utils-0051 util_eval_error       : Evaluate [\_SB_.PCI0.OHC1.RHUB._STA]: AE_NOT_FOUND
[   20.407598] device: 'device:12': device_add
[   20.407660] bus: 'acpi': add device device:12
[   20.407734]     utils-0051 util_eval_error       : Evaluate [\_SB_.PCI0.OHC1.RHUB._SUN]: AE_NOT_FOUND
[   20.407937]      scan-1933 add_single_object     : Added device:12 [\_SB_.PCI0.OHC1.RHUB] parent device:11
[   20.408137]      scan-1141 get_device_data       : No context for object [ffff88040d83b320]
[   20.408315]      scan-1141 get_device_data       : No context for object [ffff88040d83b348]
[   20.408511]     utils-0051 util_eval_error       : Evaluate [\_SB_.PCI0.OHC1.RHUB.PRT3._STA]: AE_NOT_FOUND
[   20.408725] device: 'device:13': device_add
[   20.408786] bus: 'acpi': add device device:13
[   20.408859]     utils-0051 util_eval_error       : Evaluate [\_SB_.PCI0.OHC1.RHUB.PRT3._SUN]: AE_NOT_FOUND
[   20.410005]      scan-1933 add_single_object     : Added device:13 [\_SB_.PCI0.OHC1.RHUB.PRT3] parent device:12
