[    0.000000] Initializing cgroup subsys cpuset
[    0.000000] Initializing cgroup subsys cpu
[    0.000000] Initializing cgroup subsys cpuacct
[    0.000000] Linux version 3.17.0-rc3-g86ba8b0 (emacs@manji) (gcc version 4.9.1 (GCC) ) #77 SMP Sat Sep 6 02:47:29 CEST 2014
[    0.000000] Command line: BOOT_IMAGE=/vmlinuz-linux-git root=UUID=bfa4ab6e-19a3-4601-ba2b-267c55841c73 rw cryptdevice=/dev/disk/by-uuid/70c08890-417a-497d-b6ab-c0d0357a63e2:cryptManjaro:allow-discards ipv6.disable=1 pnp.debug=1 loglevel=9 log_buf_len=10M printk.always_kmsg_dump=y printk.time=y mminit_loglevel=0 memory_corruption_check=1 acpi.debug_layer=0xfbff0000 acpi.debug_level=0xFFFFFFFD pnp.debug=1 nohz=on rcu_nocbs=1-3 pcie_aspm=force fbcon=scrollback:4096k fbcon=font:ProFont6x11 radeon.audio=0 radeon.lockup_timeout=0 radeon.test=0 radeon.agpmode=-1 radeon.benchmark=0 radeon.tv=0 radeon.hard_reset=1 radeon.aspm=1 radeon.dpm=1 radeon.msi=1 radeon.pcie_gen2=-1 radeon.no_wb=1 radeon.modeset=1 radeon.dynclks=1 radeon.r4xx_atom=0 radeon.runpm=0 radeonfb radeon.fastfb=1 nomodeset
[    0.000000] KERNEL supported cpus:
[    0.000000]   AMD AuthenticAMD
[    0.000000] tseg: 00bfe00000
[    0.000000] e820: BIOS-provided physical RAM map:
[    0.000000] BIOS-e820: [mem 0x0000000000000000-0x000000000009d7ff] usable
[    0.000000] BIOS-e820: [mem 0x000000000009d800-0x000000000009ffff] reserved
[    0.000000] BIOS-e820: [mem 0x00000000000e0000-0x00000000000fffff] reserved
[    0.000000] BIOS-e820: [mem 0x0000000000100000-0x00000000bed9afff] usable
[    0.000000] BIOS-e820: [mem 0x00000000bed9b000-0x00000000bf39afff] reserved
[    0.000000] BIOS-e820: [mem 0x00000000bf39b000-0x00000000bf49afff] ACPI NVS
[    0.000000] BIOS-e820: [mem 0x00000000bf49b000-0x00000000bf51afff] ACPI data
[    0.000000] BIOS-e820: [mem 0x00000000bf51b000-0x00000000bfdfffff] usable
[    0.000000] BIOS-e820: [mem 0x00000000bfe00000-0x00000000bfffffff] reserved
[    0.000000] BIOS-e820: [mem 0x00000000fec00000-0x00000000fecfffff] reserved
[    0.000000] BIOS-e820: [mem 0x00000000fed80000-0x00000000fed80fff] reserved
[    0.000000] BIOS-e820: [mem 0x00000000ffe00000-0x00000000ffffffff] reserved
[    0.000000] BIOS-e820: [mem 0x0000000100000000-0x000000041effffff] usable
[    0.000000] NX (Execute Disable) protection: active
[    0.000000] SMBIOS 2.6 present.
[    0.000000] DMI: LENOVO Sabine/Torpedo, BIOS 54CN18WW 07/20/2011
[    0.000000] e820: update [mem 0x00000000-0x00000fff] usable ==> reserved
[    0.000000] e820: remove [mem 0x000a0000-0x000fffff] usable
[    0.000000] e820: last_pfn = 0x41f000 max_arch_pfn = 0x400000000
[    0.000000] MTRR default type: uncachable
[    0.000000] MTRR fixed ranges enabled:
[    0.000000]   00000-9FFFF write-back
[    0.000000]   A0000-BFFFF uncachable
[    0.000000]   C0000-FFFFF write-protect
[    0.000000] MTRR variable ranges enabled:
[    0.000000]   0 base 0000000000 mask FF80000000 write-back
[    0.000000]   1 base 0080000000 mask FFC0000000 write-back
[    0.000000]   2 base 00FFF90000 mask FFFFFF0000 uncachable
[    0.000000]   3 base 00FED80000 mask 0FFFFFF000 uncachable
[    0.000000]   4 disabled
[    0.000000]   5 disabled
[    0.000000]   6 disabled
[    0.000000]   7 base 00FFE00000 mask FFFFE00000 write-protect
[    0.000000] TOM2: 000000041f000000 aka 16880M
[    0.000000] mtrr: your BIOS has configured an incorrect mask, fixing it.
[    0.000000] e820: last_pfn = 0xbfe00 max_arch_pfn = 0x400000000
[    0.000000] found SMP MP-table at [mem 0x000fa8b0-0x000fa8bf] mapped at [ffff8800000fa8b0]
[    0.000000] Base memory trampoline at [ffff880000097000] 97000 size 24576
[    0.000000] Using GB pages for direct mapping
[    0.000000] init_memory_mapping: [mem 0x00000000-0x000fffff]
[    0.000000]  [mem 0x00000000-0x000fffff] page 4k
[    0.000000] BRK [0x01e17000, 0x01e17fff] PGTABLE
[    0.000000] BRK [0x01e18000, 0x01e18fff] PGTABLE
[    0.000000] BRK [0x01e19000, 0x01e19fff] PGTABLE
[    0.000000] init_memory_mapping: [mem 0x41ee00000-0x41effffff]
[    0.000000]  [mem 0x41ee00000-0x41effffff] page 2M
[    0.000000] BRK [0x01e1a000, 0x01e1afff] PGTABLE
[    0.000000] init_memory_mapping: [mem 0x41c000000-0x41edfffff]
[    0.000000]  [mem 0x41c000000-0x41edfffff] page 2M
[    0.000000] init_memory_mapping: [mem 0x400000000-0x41bffffff]
[    0.000000]  [mem 0x400000000-0x41bffffff] page 2M
[    0.000000] init_memory_mapping: [mem 0x00100000-0xbed9afff]
[    0.000000]  [mem 0x00100000-0x001fffff] page 4k
[    0.000000]  [mem 0x00200000-0x3fffffff] page 2M
[    0.000000]  [mem 0x40000000-0x7fffffff] page 1G
[    0.000000]  [mem 0x80000000-0xbebfffff] page 2M
[    0.000000]  [mem 0xbec00000-0xbed9afff] page 4k
[    0.000000] init_memory_mapping: [mem 0xbf51b000-0xbfdfffff]
[    0.000000]  [mem 0xbf51b000-0xbf5fffff] page 4k
[    0.000000]  [mem 0xbf600000-0xbfdfffff] page 2M
[    0.000000] BRK [0x01e1b000, 0x01e1bfff] PGTABLE
[    0.000000] init_memory_mapping: [mem 0x100000000-0x3ffffffff]
[    0.000000]  [mem 0x100000000-0x3ffffffff] page 1G
[    0.000000] log_buf_len: 16777216 bytes
[    0.000000] early log buf free: 2092044(99%)
[    0.000000] RAMDISK: [mem 0x37828000-0x37c0bfff]
[    0.000000] ACPI: Early table checksum verification disabled
[    0.000000] ACPI: RSDP 0x00000000000F0110 000024 (v02 LENOVO)
[    0.000000] ACPI: XSDT 0x00000000BF51A120 000074 (v01 LENOVO CB-01    00000001 LENO 00000001)
[    0.000000] ACPI: FACP 0x00000000BF508000 0000F4 (v04 LENOVO CB-01    00000001 PTL  00000001)
[    0.000000] ACPI: DSDT 0x00000000BF50A000 00FD10 (v01 LENOVO CB-01    00001000 LENO 00000001)
[    0.000000] ACPI: FACS 0x00000000BF478000 000040
[    0.000000] ACPI: HPET 0x00000000BF507000 000038 (v01 LENOVO CB-01    00000001 PTL  00000001)
[    0.000000] ACPI: APIC 0x00000000BF506000 00007A (v02 LENOVO CB-01    00000001 PTL  00000001)
[    0.000000] ACPI: MCFG 0x00000000BF505000 00003C (v01 LENOVO CB-01    00000001 PTL  00000001)
[    0.000000] ACPI: SLIC 0x00000000BF504000 000176 (v01 LENOVO CB-01    00000001 LENO 00000001)
[    0.000000] ACPI: UEFI 0x00000000BF503000 00003E (v01 LENOVO CB-01    00000001 PTL  00000001)
[    0.000000] ACPI: UEFI 0x00000000BF502000 000042 (v01 PTL    COMBUF   00000001 PTL  00000001)
[    0.000000] ACPI: SSDT 0x00000000BF501000 000E34 (v01 AMD    POWERNOW 00000001 AMD  00000001)
[    0.000000] ACPI: SSDT 0x00000000BF4FF000 00193D (v02 AMD    ALIB     00000001 MSFT 04000000)
[    0.000000] ACPI: UEFI 0x00000000BF4FE000 00021A (v01 LENOVO CB-01    00000001 PTL  00000001)
[    0.000000] ACPI: Local APIC address 0xfee00000
[    0.000000] No NUMA configuration found
[    0.000000] Faking a node at [mem 0x0000000000000000-0x000000041effffff]
[    0.000000] Initmem setup node 0 [mem 0x00000000-0x41effffff]
[    0.000000]   NODE_DATA [mem 0x41dffa000-0x41dffdfff]
[    0.000000]  [ffffea0000000000-ffffea00107fffff] PMD -> [ffff88040de00000-ffff88041d5fffff] on node 0
[    0.000000] Zone ranges:
[    0.000000]   DMA      [mem 0x00001000-0x00ffffff]
[    0.000000]   DMA32    [mem 0x01000000-0xffffffff]
[    0.000000]   Normal   [mem 0x100000000-0x41effffff]
[    0.000000] Movable zone start for each node
[    0.000000] Early memory node ranges
[    0.000000]   node   0: [mem 0x00001000-0x0009cfff]
[    0.000000]   node   0: [mem 0x00100000-0xbed9afff]
[    0.000000]   node   0: [mem 0xbf51b000-0xbfdfffff]
[    0.000000]   node   0: [mem 0x100000000-0x41effffff]
[    0.000000] On node 0 totalpages: 4056604
[    0.000000]   DMA zone: 64 pages used for memmap
[    0.000000]   DMA zone: 21 pages reserved
[    0.000000]   DMA zone: 3996 pages, LIFO batch:0
[    0.000000]   DMA32 zone: 12186 pages used for memmap
[    0.000000]   DMA32 zone: 779904 pages, LIFO batch:31
[    0.000000]   Normal zone: 51136 pages used for memmap
[    0.000000]   Normal zone: 3272704 pages, LIFO batch:31
[    0.000000] ACPI: PM-Timer IO Port: 0x808
[    0.000000] ACPI: Local APIC address 0xfee00000
[    0.000000] ACPI: LAPIC (acpi_id[0x00] lapic_id[0x00] enabled)
[    0.000000] ACPI: LAPIC (acpi_id[0x01] lapic_id[0x01] enabled)
[    0.000000] ACPI: LAPIC (acpi_id[0x02] lapic_id[0x02] enabled)
[    0.000000] ACPI: LAPIC (acpi_id[0x03] lapic_id[0x03] enabled)
[    0.000000] ACPI: LAPIC_NMI (acpi_id[0x00] high edge lint[0x1])
[    0.000000] ACPI: LAPIC_NMI (acpi_id[0x01] high edge lint[0x1])
[    0.000000] ACPI: LAPIC_NMI (acpi_id[0x02] high edge lint[0x1])
[    0.000000] ACPI: LAPIC_NMI (acpi_id[0x03] high edge lint[0x1])
[    0.000000] ACPI: IOAPIC (id[0x02] address[0xfec00000] gsi_base[0])
[    0.000000] IOAPIC[0]: apic_id 2, version 33, address 0xfec00000, GSI 0-23
[    0.000000] ACPI: INT_SRC_OVR (bus 0 bus_irq 0 global_irq 2 dfl dfl)
[    0.000000] ACPI: IRQ0 used by override.
[    0.000000] ACPI: IRQ9 used by override.
[    0.000000] Using ACPI (MADT) for SMP configuration information
[    0.000000] ACPI: HPET id: 0x43538210 base: 0xfed00000
[    0.000000] smpboot: Allowing 4 CPUs, 0 hotplug CPUs
[    0.000000] e820: [mem 0xc0000000-0xfebfffff] available for PCI devices
[    0.000000] setup_percpu: NR_CPUS:64 nr_cpumask_bits:64 nr_cpu_ids:4 nr_node_ids:1
[    0.000000] PERCPU: Embedded 27 pages/cpu @ffff88041dc00000 s80256 r8192 d22144 u524288
[    0.000000] pcpu-alloc: s80256 r8192 d22144 u524288 alloc=1*2097152
[    0.000000] pcpu-alloc: [0] 0 1 2 3 
[    0.000000] Built 1 zonelists in Zone order, mobility grouping on.  Total pages: 3993197
[    0.000000] Policy zone: Normal
[    0.000000] Kernel command line: BOOT_IMAGE=/vmlinuz-linux-git root=UUID=bfa4ab6e-19a3-4601-ba2b-267c55841c73 rw cryptdevice=/dev/disk/by-uuid/70c08890-417a-497d-b6ab-c0d0357a63e2:cryptManjaro:allow-discards ipv6.disable=1 pnp.debug=1 loglevel=9 log_buf_len=10M printk.always_kmsg_dump=y printk.time=y mminit_loglevel=0 memory_corruption_check=1 acpi.debug_layer=0xfbff0000 acpi.debug_level=0xFFFFFFFD pnp.debug=1 nohz=on rcu_nocbs=1-3 pcie_aspm=force fbcon=scrollback:4096k fbcon=font:ProFont6x11 radeon.audio=0 radeon.lockup_timeout=0 radeon.test=0 radeon.agpmode=-1 radeon.benchmark=0 radeon.tv=0 radeon.hard_reset=1 radeon.aspm=1 radeon.dpm=1 radeon.msi=1 radeon.pcie_gen2=-1 radeon.no_wb=1 radeon.modeset=1 radeon.dynclks=1 radeon.r4xx_atom=0 radeon.runpm=0 radeonfb radeon.fastfb=1 nomodeset
[    0.000000] PCIe ASPM is forcibly enabled
[    0.000000] PID hash table entries: 4096 (order: 3, 32768 bytes)
[    0.000000] Memory: 15870892K/16226416K available (5248K kernel code, 721K rwdata, 2208K rodata, 848K init, 2588K bss, 355524K reserved)
[    0.000000] SLUB: HWalign=64, Order=0-3, MinObjects=0, CPUs=4, Nodes=1
[    0.000000] Hierarchical RCU implementation.
[    0.000000] 	RCU dyntick-idle grace-period acceleration is enabled.
[    0.000000] 	Additional per-CPU info printed with stalls.
[    0.000000] 	RCU restricting CPUs from NR_CPUS=64 to nr_cpu_ids=4.
[    0.000000] 	Offload RCU callbacks from all CPUs
[    0.000000] 	Offload RCU callbacks from CPUs: 0-3.
[    0.000000] RCU: Adjusting geometry for rcu_fanout_leaf=16, nr_cpu_ids=4
[    0.000000] NR_IRQS:4352 nr_irqs:456 0
[    0.000000] spurious 8259A interrupt: IRQ7.
[    0.000000] vgacon: allocated 4194304 bytes of memory for scrollback. CONFIG_VGACON_SOFT_SCROLLBACK_SIZE=4096
[    0.000000] Console: colour VGA+ 80x25
[    0.000000] console [tty0] enabled
[    0.000000] allocated 65011712 bytes of page_cgroup
[    0.000000] please try 'cgroup_disable=memory' option if you don't want memory cgroups
[    0.000000] hpet clockevent registered
[    0.000000] tsc: Fast TSC calibration using PIT
[    0.000000] tsc: Detected 1397.371 MHz processor
[    0.000000] smp_call_function_many BEGINs:
[    0.000000] CPU 0 online? -1
[    0.000000] smp_call_function_many END.
[    0.000000] smp_call_function_many BEGINs:
[    0.000000] CPU 0 online? -1
[    0.000000] smp_call_function_many END.
[    0.000000] smp_call_function_many BEGINs:
[    0.000000] CPU 0 online? -1
[    0.000000] smp_call_function_many END.
[    0.003895] smp_call_function_many BEGINs:
[    0.003956] CPU 0 online? -1
[    0.004017] smp_call_function_many END.
[    0.004079] smp_call_function_many BEGINs:
[    0.004140] CPU 0 online? -1
[    0.004196] smp_call_function_many END.
[    0.004254] smp_call_function_many BEGINs:
[    0.004311] CPU 0 online? -1
[    0.004367] smp_call_function_many END.
[    0.004427] smp_call_function_many BEGINs:
[    0.004484] CPU 0 online? -1
[    0.004540] smp_call_function_many END.
[    0.004599] smp_call_function_many BEGINs:
[    0.004656] CPU 0 online? -1
[    0.004712] smp_call_function_many END.
[    0.001437] smp_call_function_many BEGINs:
[    0.001494] CPU 0 online? -1
[    0.001551] smp_call_function_many END.
[    0.001609] smp_call_function_many BEGINs:
[    0.001666] CPU 0 online? -1
[    0.001722] smp_call_function_many END.
[    0.001780] smp_call_function_many BEGINs:
[    0.001836] CPU 0 online? -1
[    0.001892] smp_call_function_many END.
[    0.001950] smp_call_function_many BEGINs:
[    0.002007] CPU 0 online? -1
[    0.002063] smp_call_function_many END.
[    0.002121] smp_call_function_many BEGINs:
[    0.002178] CPU 0 online? -1
[    0.002234] smp_call_function_many END.
[    0.002292] smp_call_function_many BEGINs:
[    0.002349] CPU 0 online? -1
[    0.002405] smp_call_function_many END.
[    0.002463] smp_call_function_many BEGINs:
[    0.002520] CPU 0 online? -1
[    0.002576] smp_call_function_many END.
[    0.002633] smp_call_function_many BEGINs:
[    0.002690] CPU 0 online? -1
[    0.002746] smp_call_function_many END.
[    0.002804] smp_call_function_many BEGINs:
[    0.002861] CPU 0 online? -1
[    0.002917] smp_call_function_many END.
[    0.002975] smp_call_function_many BEGINs:
[    0.003031] CPU 0 online? -1
[    0.003087] smp_call_function_many END.
[    0.003146] smp_call_function_many BEGINs:
[    0.003202] CPU 0 online? -1
[    0.003265] smp_call_function_many END.
[    0.003322] smp_call_function_many BEGINs:
[    0.003380] CPU 0 online? -1
[    0.003436] smp_call_function_many END.
[    0.003494] smp_call_function_many BEGINs:
[    0.003551] CPU 0 online? -1
[    0.003607] smp_call_function_many END.
[    0.003665] smp_call_function_many BEGINs:
[    0.003722] CPU 0 online? -1
[    0.003778] smp_call_function_many END.
[    0.003836] smp_call_function_many BEGINs:
[    0.003893] CPU 0 online? -1
[    0.003949] smp_call_function_many END.
[    0.004007] smp_call_function_many BEGINs:
[    0.004064] CPU 0 online? -1
[    0.004119] smp_call_function_many END.
[    0.004177] Calibrating delay loop (skipped), value calculated using timer frequency.. 2795.18 BogoMIPS (lpj=4657903)
[    0.004294] pid_max: default: 32768 minimum: 301
[    0.004358] ACPI: Core revision 20140724
[    0.020501] ACPI: All ACPI Tables successfully acquired
[    0.022804] Security Framework initialized
[    0.023934] Dentry cache hash table entries: 2097152 (order: 12, 16777216 bytes)
[    0.515476] Inode-cache hash table entries: 1048576 (order: 11, 8388608 bytes)
[    0.518571] Mount-cache hash table entries: 32768 (order: 6, 262144 bytes)
[    0.518713] Mountpoint-cache hash table entries: 32768 (order: 6, 262144 bytes)
[    0.519263] Initializing cgroup subsys memory
[    0.519381] Initializing cgroup subsys devices
[    0.519449] Initializing cgroup subsys freezer
[    0.519516] Initializing cgroup subsys net_cls
[    0.519583] Initializing cgroup subsys blkio
[    0.519675] CPU: Physical Processor ID: 0
[    0.519739] CPU: Processor Core ID: 0
[    0.519803] mce: CPU supports 6 MCE banks
[    0.519877] Last level iTLB entries: 4KB 512, 2MB 16, 4MB 8
Last level dTLB entries: 4KB 1024, 2MB 128, 4MB 64, 1GB 0
[    0.520132] smp_call_function_many BEGINs:
[    0.520197] CPU 0 online? -1
[    0.520261] smp_call_function_many END.
[    0.520328] smp_call_function_many BEGINs:
[    0.520392] CPU 0 online? -1
[    0.520454] smp_call_function_many END.
[    0.520555] Freeing SMP alternatives memory: 20K (ffffffff81b8a000 - ffffffff81b8f000)
[    0.521238] ..TIMER: vector=0x30 apic1=0 pin1=2 apic2=-1 pin2=-1
[    0.554315] smpboot: CPU0: AMD A6-3400M APU with Radeon(tm) HD Graphics (fam: 12, model: 01, stepping: 00)
[    0.660165] smp_call_function_many BEGINs:
[    0.660229] CPU 0 online? -1
[    0.660291] smp_call_function_many END.
[    0.660357] smp_call_function_many BEGINs:
[    0.660421] CPU 0 online? -1
[    0.660483] smp_call_function_many END.
[    0.660559] Performance Events: AMD PMU driver.
[    0.660663] ... version:                0
[    0.660727] ... bit width:              48
[    0.660791] ... generic registers:      4
[    0.660854] ... value mask:             0000ffffffffffff
[    0.660919] ... max period:             00007fffffffffff
[    0.660984] ... fixed-purpose events:   0
[    0.661047] ... event mask:             000000000000000f
[    0.661578] MCE: In-kernel MCE decoding enabled.
[    0.661745] trying cpu_up:
[    0.661856] NMI watchdog: enabled on all CPUs, permanently consumes one hw-PMU counter.
[    0.662168] smpboot: ++++++++++++++++++++=_---CPU UP  1
[    0.662283] x86: Booting SMP configuration:
[    0.662348] .... node  #0, CPUs:      #1
[    0.662457] smpboot: Setting warm reset code and vector.
[    0.662582] smpboot: 1.
[    0.662645] smpboot: 2.
[    0.662707] smpboot: 3.
[    0.662770] smpboot: Asserting INIT
[    0.662834] smpboot: disabling irqs:
[    0.662909] smpboot: done disabling irqs
[    0.662973] smpboot: waiting 3 sec for mouse movements to 'crash' this cpu
[    3.668671] smpboot: done waiting
[    3.668781] smpboot: Waiting for INIT send to finish...
[    3.678849] smpboot: status for above ^ is: 0
[    3.678913] smpboot: Deasserting INIT
[    3.678976] smpboot: Waiting for above send to finish...
[    3.679041] smpboot: #startup loops: 2
[    3.679104] smpboot: Sending STARTUP #1
[    3.679167] smpboot: After apic_write
[    3.679230] smpboot: enabling irqs:
[    3.679313] smpboot: done enabling irqs
[    3.582315] smpboot: CPU#1 (phys ID: 1) waiting for CALLOUT
[    3.582316] smpboot: Waiting max 15 sec for callout
[    3.679805] smpboot: Startup point 1
[    3.679869] smpboot: Waiting for send to finish...
[    3.680134] smpboot: Sending STARTUP #2
[    3.680243] smpboot: After apic_write
[    3.680606] smpboot: Startup point 1
[    3.680716] smpboot: Waiting for send to finish...
[    3.680980] smpboot: After Startup
[    3.681092] smpboot: Before Callout 1
[    3.681156] smpboot: After Callout 1
[    3.584099] smpboot: done waiting max 15 sec for callout
[    3.584135] smpboot: Stack at about ffff880407807f3c
[    3.681348] smpboot: start waiting 5sec for response
[    3.681387] smpboot: done waiting 5sec for response
[    3.681485] smpboot: cpumask_test_cpu result: -1
[    3.681548] smpboot: cpu_callin_mask: 0000000000000003
[    3.681646] smpboot: cpu_callout_mask: 0000000000000003
[    3.681709] smpboot: CPU1: has booted.
[    3.683837] TSC synchronization [CPU#0 -> CPU#1]:
[    3.683900] Measured 135588856 cycles TSC warp between CPUs, turning off TSC clock.
[    3.684039] tsc: Marking TSC unstable due to check_tsc_sync_source failed
[    3.684161] after cpu_up !!!!!!!!!!!!
[    3.684247] trying cpu_up:
[    3.684463] smpboot: ++++++++++++++++++++=_---CPU UP  2
[    3.684645]  #2
[    3.684682] smpboot: Setting warm reset code and vector.
[    3.684804] smpboot: 1.
[    3.684864] smpboot: 2.
[    3.684925] smpboot: 3.
[    3.684986] smpboot: Asserting INIT
[    3.685047] smpboot: disabling irqs:
[    3.686129] smpboot: done disabling irqs
[    3.686192] smpboot: waiting 3 sec for mouse movements to 'crash' this cpu
[    6.691481] smpboot: done waiting
[    6.691592] smpboot: Waiting for INIT send to finish...
[    6.701660] smpboot: status for above ^ is: 0
[    6.701770] smpboot: Deasserting INIT
[    6.701833] smpboot: Waiting for above send to finish...
[    6.701897] smpboot: #startup loops: 2
[    6.701961] smpboot: Sending STARTUP #1
[    6.702024] smpboot: After apic_write
[    6.702085] smpboot: enabling irqs:
[    6.702154] smpboot: done enabling irqs
[    6.570748] smpboot: CPU#2 (phys ID: 2) waiting for CALLOUT
[    6.570749] smpboot: Waiting max 15 sec for callout
[    6.702640] smpboot: Startup point 1
[    6.702750] smpboot: Waiting for send to finish...
[    6.703014] smpboot: Sending STARTUP #2
[    6.703123] smpboot: After apic_write
[    6.703485] smpboot: Startup point 1
[    6.703594] smpboot: Waiting for send to finish...
[    6.703859] smpboot: After Startup
[    6.703922] smpboot: Before Callout 2
[    6.703985] smpboot: After Callout 2
[    6.572556] smpboot: done waiting max 15 sec for callout
[    6.572593] smpboot: Stack at about ffff88040780bf3c
[    6.704180] smpboot: start waiting 5sec for response
[    6.704219] smpboot: done waiting 5sec for response
[    6.704316] smpboot: cpumask_test_cpu result: -1
[    6.704378] smpboot: cpu_callin_mask: 0000000000000007
[    6.704475] smpboot: cpu_callout_mask: 0000000000000007
[    6.704538] smpboot: CPU2: has booted.
[    6.704679] after cpu_up !!!!!!!!!!!!
[    6.704715] trying cpu_up:
[    6.704885] smpboot: ++++++++++++++++++++=_---CPU UP  3
[    6.705057]  #3
[    6.705093] smpboot: Setting warm reset code and vector.
[    6.705213] smpboot: 1.
[    6.705272] smpboot: 2.
[    6.705331] smpboot: 3.
[    6.705391] smpboot: Asserting INIT
[    6.705445] smpboot: disabling irqs:
[    6.705507] smpboot: done disabling irqs
[    6.705562] smpboot: waiting 3 sec for mouse movements to 'crash' this cpu
[    9.710177] smpboot: done waiting
[    9.710284] smpboot: Waiting for INIT send to finish...
[    9.720349] smpboot: status for above ^ is: 0
[    9.720457] smpboot: Deasserting INIT
[    9.720518] smpboot: Waiting for above send to finish...
[    9.720579] smpboot: #startup loops: 2
[    9.720641] smpboot: Sending STARTUP #1
[    9.720702] smpboot: After apic_write
[    9.720762] smpboot: enabling irqs:
[    9.720831] smpboot: done enabling irqs
[    9.555267] smpboot: CPU#3 (phys ID: 3) waiting for CALLOUT
[    9.555268] smpboot: Waiting max 15 sec for callout
[    9.721316] smpboot: Startup point 1
[    9.721425] smpboot: Waiting for send to finish...
[    9.721689] smpboot: Sending STARTUP #2
[    9.721797] smpboot: After apic_write
[    9.722158] smpboot: Startup point 1
[    9.722267] smpboot: Waiting for send to finish...
[    9.722532] smpboot: After Startup
[    9.722640] smpboot: Before Callout 3
[    9.722703] smpboot: After Callout 3
[    9.557116] smpboot: done waiting max 15 sec for callout
[    9.557151] smpboot: Stack at about ffff88040780ff3c
[    9.722898] smpboot: start waiting 5sec for response
[    9.722940] smpboot: done waiting 5sec for response
[    9.723037] smpboot: cpumask_test_cpu result: -1
[    9.723100] smpboot: cpu_callin_mask: 000000000000000f
[    9.723197] smpboot: cpu_callout_mask: 000000000000000f
[    9.723260] smpboot: CPU3: has booted.
[    9.723397] after cpu_up !!!!!!!!!!!!
[    9.723434] x86: Booted up 1 node, 4 CPUs
[    9.723551] smpboot: Boot done
[    9.723612] smpboot: Before bogomips
[    9.723674] smpboot: Total of 4 processors activated (11183.75 BogoMIPS)
[    9.723736] smpboot: Before bogocount - setting activated=1
[    9.724673] smp_call_function_many BEGINs:
[    9.724741] CPU 0 online? -1
[    9.724837] smp_call_function_many END.
[    9.724900] smp_call_function_many BEGINs:
[    9.724958] CPU 0 online? -1
[    9.725048] smp_call_function_many END.
[    9.725107] smp_call_function_many BEGINs:
[    9.725164] CPU 0 online? -1
[    9.725254] smp_call_function_many END.
[    9.725314] smp_call_function_many BEGINs:
[    9.725372] CPU 0 online? -1
[    9.725463] smp_call_function_many END.
[    9.725521] smp_call_function_many BEGINs:
[    9.725579] CPU 0 online? -1
[    9.725669] smp_call_function_many END.
[    9.725727] smp_call_function_many BEGINs:
[    9.725783] CPU 0 online? -1
[    9.725874] smp_call_function_many END.
[    9.725933] smp_call_function_many BEGINs:
[    9.725991] CPU 0 online? -1
[    9.726054] smp_call_function_many END.
[    9.726115] smp_call_function_many BEGINs:
[    9.726174] CPU 0 online? -1
[    9.726237] smp_call_function_many END.
[    9.726316] smp_call_function_many BEGINs:
[    9.726375] CPU 0 online? -1
[    9.726439] smp_call_function_many END.
[    0.100193] smp_call_function_many BEGINs:
[    0.100250] CPU 0 online? -1
[    0.100313] smp_call_function_many END.
[    0.100371] smp_call_function_many BEGINs:
[    0.100429] CPU 0 online? -1
[    0.100492] smp_call_function_many END.
[    0.100551] smp_call_function_many BEGINs:
[    0.100608] CPU 0 online? -1
[    0.100672] smp_call_function_many END.
[    0.100731] smp_call_function_many BEGINs:
[    0.100788] CPU 0 online? -1
[    0.100852] smp_call_function_many END.
[    0.100910] smp_call_function_many BEGINs:
[    0.100970] CPU 0 online? -1
[    0.101036] smp_call_function_many END.
[    0.101096] smp_call_function_many BEGINs:
[    0.101153] CPU 0 online? -1
[    0.101216] smp_call_function_many END.
[    0.101277] smp_call_function_many BEGINs:
[    0.101337] CPU 0 online? -1
[    0.101399] smp_call_function_many END.
[    0.101460] smp_call_function_many BEGINs:
[    0.101519] CPU 0 online? -1
[    0.101585] smp_call_function_many END.
[    0.101643] smp_call_function_many BEGINs:
[    0.101700] CPU 0 online? -1
[    0.101762] smp_call_function_many END.
[    0.101820] smp_call_function_many BEGINs:
[    0.101877] CPU 0 online? -1
[    0.101938] smp_call_function_many END.
[    0.101996] smp_call_function_many BEGINs:
[    0.102054] CPU 0 online? -1
[    0.102114] smp_call_function_many END.
[    0.102173] smp_call_function_many BEGINs:
[    0.102232] CPU 0 online? -1
[    0.102294] smp_call_function_many END.
[    0.102472] devtmpfs: initialized
[    0.102472] device: 'platform': device_add
[    0.102472] bus: 'platform': registered
[    0.102472] bus: 'cpu': registered
[    0.102472] device: 'cpu': device_add
[    0.102472] bus: 'container': registered
[    0.103341] device: 'container': device_add
[    0.103845] bus: 'workqueue': registered
[    0.103845] device: 'workqueue': device_add
[    0.103845] kworker/u8:0 (39) used greatest stack depth: 14160 bytes left
[    0.104125] atomic64_test: passed for x86-64 platform with CX8 and with SSE
[    0.104236] device class 'regulator': registering
[    0.104331] Registering platform device 'reg-dummy'. Parent at platform
[    0.104442] device: 'reg-dummy': device_add
[    0.104503] bus: 'platform': add device reg-dummy
[    0.104587] bus: 'platform': add driver reg-dummy
[    0.104649] bus: 'platform': driver_probe_device: matched device reg-dummy with driver reg-dummy
[    0.104780] bus: 'platform': really_probe: probing driver reg-dummy with device reg-dummy
[    0.104914] device: 'regulator.0': device_add
[    0.104989] regulator-dummy: no parameters
[    0.105053] driver: 'reg-dummy': driver_bound: bound to device 'reg-dummy'
[    0.105111] bus: 'platform': really_probe: bound device reg-dummy to driver reg-dummy
[    0.105355] NET: Registered protocol family 16
[    0.105774] device class 'bdi': registering
[    0.105898] bus: 'platform': add driver ramoops
[    0.105976] device class 'pci_bus': registering
[    0.106063] bus: 'pci': registered
[    0.106677] device class 'backlight': registering
[    0.106742] device class 'tty': registering
[    0.106807] device class 'vtconsole': registering
[    0.106873] device: 'vtcon0': device_add
[    0.106962] bus: 'node': registered
[    0.107025] device: 'node': device_add
[    0.107118] bus: 'i2c': registered
[    0.107181] bus: 'i2c': add driver dummy
[    0.107250] i2c-core: driver [dummy] registered
[    0.108371] cpuidle: using governor ladder
[    0.108433] cpuidle: using governor menu
[    0.108805] ACPI FADT declares the system doesn't support PCIe ASPM, so disable it
[    0.108985] ACPI: bus type PCI registered
[    0.109046] acpiphp: ACPI Hot Plug PCI Controller Driver version: 0.5
[    0.109110] device class 'dmi': registering
[    0.109178] device: 'id': device_add
[    0.109361] PCI: MMCONFIG for domain 0000 [bus 00-3f] at [mem 0xf8000000-0xfbffffff] (base 0xf8000000)
[    0.109497] PCI: not using MMCONFIG
[    0.109554] PCI: Using configuration type 1 for base access
[    0.109612] PCI: Using configuration type 1 for extended access
[    0.109932] device: 'node0': device_add
[    0.110005] bus: 'node': add device node0
[    0.110094] device: 'cpu0': device_add
[    0.110156] bus: 'cpu': add device cpu0
[    0.110255] device: 'cpu1': device_add
[    0.110364] bus: 'cpu': add device cpu1
[    0.110454] device: 'cpu2': device_add
[    0.110513] bus: 'cpu': add device cpu2
[    0.110596] device: 'cpu3': device_add
[    0.110655] bus: 'cpu': add device cpu3
[    0.123402] device: 'writeback': device_add
[    0.123509] bus: 'workqueue': add device writeback
[    0.123606] device: 'default': device_add
[    0.123763] device class 'block': registering
[    0.123763] ACPI: Added _OSI(Module Device)
[    0.123763] ACPI: Added _OSI(Processor Device)
[    0.123763] ACPI: Added _OSI(3.0 _SCP Extensions)
[    0.123763] ACPI: Added _OSI(Processor Aggregator Device)
[    0.127141] 
**** Context Switch from TID 4294967295 to TID 133431296 ****

[    0.127355]     utils-0051 util_eval_error       : Evaluate [\_SB_.PCI0.LPC0.EC0_._GLK]: AE_NOT_FOUND
[    0.127861] Executing  Method       \_SB_.PCI0.LPC0.EC0_._REG
[    0.128643] Executing  Method       \_SB_.PCI0.LPC0.EC0_._REG
[    0.128843] Executing  Method       \_SB_.PCI0.LPC0.EC0_._REG
[    0.129024] Executing  Method       \_SB_.PCI0.LPC0.EC0_._REG
[    0.132205] Initializing Region       \_SB_.OSTY
[    0.132397] Initializing Region       \_SB_.PCI0.NBMS
[    0.132545] Initializing Region       \_SB_.PCI0.NBXP
[    0.132696] Initializing Region       \_SB_.PCI0.K8ST
[    0.132885] Initializing Region       \_SB_.PCI0.BAR1
[    0.133068] Initializing Region       \_SB_.PCI0.PB2_.XPEX
[    0.133208] Initializing Region       \_SB_.PCI0.PB2_.PCFG
[    0.133344] Initializing Region       \_SB_.PCI0.PB2_.XPCB
[    0.133492] Initializing Region       \_SB_.PCI0.PB2_.XPRI
[    0.133646] Initializing Region       \_SB_.PCI0.PB2_.VGA_.PCFG
[    0.133860] Initializing Region       \_SB_.PCI0.PB2_.HDAU.PCFG
[    0.134031] Initializing Region       \_SB_.PCI0.PB3_.XPEX
[    0.134174] Initializing Region       \_SB_.PCI0.PB3_.PCFG
[    0.134312] Initializing Region       \_SB_.PCI0.PB3_.XPCB
[    0.134450] Initializing Region       \_SB_.PCI0.PB3_.XPRI
[    0.134600] Initializing Region       \_SB_.PCI0.PB3_.VGA_.PCFG
[    0.134822] Initializing Region       \_SB_.PCI0.PB3_.HDAU.PCFG
[    0.134986] Initializing Region       \_SB_.PCI0.PB4_.XPEX
[    0.135135] Initializing Region       \_SB_.PCI0.PB4_.PCFG
[    0.135278] Initializing Region       \_SB_.PCI0.PB4_.XPCB
[    0.135416] Initializing Region       \_SB_.PCI0.PB4_.XPRI
[    0.135556] Initializing Region       \_SB_.PCI0.PB4_.XPDV.PCFG
[    0.135718] Initializing Region       \_SB_.PCI0.PB5_.XPEX
[    0.135866] Initializing Region       \_SB_.PCI0.PB5_.PCFG
[    0.136015] Initializing Region       \_SB_.PCI0.PB5_.XPCB
[    0.136164] Initializing Region       \_SB_.PCI0.PB5_.XPRI
[    0.136307] Initializing Region       \_SB_.PCI0.PB5_.XPDV.PCFG
[    0.136453] Initializing Region       \_SB_.PCI0.PB6_.XPEX
[    0.136589] Initializing Region       \_SB_.PCI0.PB6_.PCFG
[    0.136742] Initializing Region       \_SB_.PCI0.PB6_.XPCB
[    0.136891] Initializing Region       \_SB_.PCI0.PB6_.XPRI
[    0.137042] Initializing Region       \_SB_.PCI0.PB6_.XPDV.PCFG
[    0.137206] Initializing Region       \_SB_.PCI0.PB7_.XPEX
[    0.137345] Initializing Region       \_SB_.PCI0.PB7_.PCFG
[    0.137483] Initializing Region       \_SB_.PCI0.PB7_.XPCB
[    0.137623] Initializing Region       \_SB_.PCI0.PB7_.XPRI
[    0.137775] Initializing Region       \_SB_.PCI0.PB7_.XPDV.PCFG
[    0.138222] Initializing Region       \_SB_.PCI0.SATC
[    0.138413] Initializing Region       \_SB_.PCI0.RMEM
[    0.138573] Initializing Region       \_SB_.PCI0.SATA.SATX
[    0.138713] Initializing Region       \_SB_.PCI0.SATA.BAR5
[    0.150226] Initializing Region       \_SB_.PCI0.SMB_.SBRV
[    0.150423] Initializing Region       \_SB_.PCI0.SMB_.PMIO
[    0.150561] Initializing Region       \_SB_.PCI0.SMB_.ERMM
[    0.150788] Initializing Region       \_SB_.PCI0.SMB_.P1E0
[    0.150950] Initializing Region       \_SB_.PCI0.SMB_.ABIO
[    0.151089] Initializing Region       \_SB_.PCI0.SMB_.SMB0
[    0.151230] Initializing Region       \_SB_.PCI0.LPC0.PIRQ
[    0.151403] Initializing Region       \_SB_.PCI0.LPC0.LPCR
[    0.151592] Initializing Region       \_SB_.PCI0.LPC0.LPCS
[    0.151754] Initializing Region       \_SB_.PCI0.LPC0.SMI0
[    0.151754] Initializing Region       \_SB_.PCI0.LPC0.SMI1
[    0.151754] Initializing Region       \_SB_.PCI0.LPC0.EC0_.ECO1
[    0.151754] Initializing Region       \_SB_.PCI0.LPC0.EC0_.ECO2
[    0.151754] Initializing Region       \_SB_.PCI0.LPC0.EC0_.ECMB
[    0.151754] Initializing Region       \_SB_.PCI0.LPC0.EC0_.RAM_
[    0.151754] Initializing Region       \_SB_.PCI0.LPC0.EC0_.CMOS
[    0.151754] Initializing Region       \_SB_.PCI0.LPC0.EC0_.VPC0.ERAM
[    0.151754] Initializing Region       \_SB_.PCI0.SPB0.PCFG
[    0.151754] Initializing Region       \_SB_.PCI0.SPB0.XPCB
[    0.151754] Initializing Region       \_SB_.PCI0.SPB0.XPDV.PCFG
[    0.151754] Initializing Region       \_SB_.PCI0.SPB1.PCFG
[    0.151754] Initializing Region       \_SB_.PCI0.SPB1.XPCB
[    0.151854] Initializing Region       \_SB_.PCI0.SPB1.XPDV.PCFG
[    0.151999] Initializing Region       \_SB_.PCI0.SPB2.PCFG
[    0.152136] Initializing Region       \_SB_.PCI0.SPB2.XPCB
[    0.152275] Initializing Region       \_SB_.PCI0.SPB2.XPDV.PCFG
[    0.152419] Initializing Region       \_SB_.PCI0.SPB3.PCFG
[    0.152555] Initializing Region       \_SB_.PCI0.SPB3.XPCB
[    0.152694] Initializing Region       \_SB_.PCI0.SPB3.XPDV.PCFG
[    0.152935] Initializing Region       \_SB_.PCI0.VGA_.REVD
[    0.153216] Initializing BufferField  \_SB_.AMW0.WLID
[    0.153798] Initializing Region       \DEB2
[    0.153970] Initializing Region       \PMIO
[    0.154098] Initializing Region       \P01_
[    0.154263] Initializing Region       \CNVS
[    0.154458] Initializing Region       \SPRT
[    0.154597] Initializing Region       \CMIO
[    0.154818] Executing  Method       \_SB_._STA
[    0.154969] Executing  Method       \_SB_._INI
[    0.155119] Executing  Method       \_SB_.PCI0._STA
[    0.155276] Executing  Method       \_SB_.PCI0._INI
[    0.155691] [Firmware Bug]: ACPI: BIOS _OSI(Linux) query ignored
[    0.156115] Executing  Method       \_SB_.PCI0.SATA._STA
[    0.156267] Executing  Method       \_SB_.PCI0.SATA._INI
[    0.156521] smp_call_function_many BEGINs:
[    0.156599] CPU 2 online? -1
[    0.156704] smp_call_function_many END.
[    0.156817] smp_call_function_many BEGINs:
[    0.156877] CPU 2 online? -1
[    0.156970] smp_call_function_many END.
[    0.157028] smp_call_function_many BEGINs:
[    0.157085] CPU 2 online? -1
[    0.157182] smp_call_function_many END.
[    0.157289] smp_call_function_many BEGINs:
[    0.157346] CPU 2 online? -1
[    0.157403] smp_call_function_many END.
[    0.158147] Executing  Method       \_SB_.PCI0.LPC0.EC0_._REG
[    0.186753] ACPI: Interpreter enabled
[    0.186878] ACPI: (supports S0 S5)
[    0.186941] ACPI: Using IOAPIC for interrupt routing
[    0.187207] PCI: MMCONFIG for domain 0000 [bus 00-3f] at [mem 0xf8000000-0xfbffffff] (base 0xf8000000)
[    0.188086] PCI: MMCONFIG at [mem 0xf8000000-0xfbffffff] reserved in ACPI motherboard resources
[    0.188391] bus: 'acpi': registered
[    0.188503] PCI: Using host bridge windows from ACPI; if necessary, use "pci=nocrs" and report a bug
[    0.188503]      scan-1141 get_device_data       : No context for object [ffffffffffffffff]
[    0.188503]     utils-0051 util_eval_error       : Evaluate [\._STA]: AE_NOT_FOUND
[    0.188503] device: 'LNXSYSTM:00': device_add
[    0.188503] bus: 'acpi': add device LNXSYSTM:00
[    0.188503]     utils-0051 util_eval_error       : Evaluate [\._SUN]: AE_NOT_FOUND
[    0.188503]      scan-1933 add_single_object     : Added LNXSYSTM:00 [\] parent (null)
[    0.188503]      scan-1141 get_device_data       : No context for object [ffff88040d81d000]
[    0.188503]      scan-1141 get_device_data       : No context for object [ffff88040d8377d0]
[    0.188503]      scan-1141 get_device_data       : No context for object [ffff88040d8377f8]
[    0.188503]      scan-1141 get_device_data       : No context for object [ffff88040d837820]
[    0.188503]      scan-1141 get_device_data       : No context for object [ffff88040d837848]
[    0.188706]      scan-1141 get_device_data       : No context for object [ffff88040d837870]
[    0.188916]      scan-1141 get_device_data       : No context for object [ffff88040d837898]
[    0.189126]      scan-1141 get_device_data       : No context for object [ffff88040d8378c0]
[    0.189310]      scan-1141 get_device_data       : No context for object [ffff88040d8378e8]
[    0.189514]      scan-1141 get_device_data       : No context for object [ffff88040d839398]
[    0.189718]      scan-1141 get_device_data       : No context for object [ffff88040d81d028]
[    0.193336]      scan-1141 get_device_data       : No context for object [ffff88040d81d168]
[    0.193548]     utils-0051 util_eval_error       : Evaluate [\_PR_.C000._STA]: AE_NOT_FOUND
[    0.193711]      scan-1141 get_device_data       : No context for object [ffff88040d81d028]
[    0.193897] device: 'LNXCPU:00': device_add
[    0.193961] bus: 'acpi': add device LNXCPU:00
[    0.194034]     utils-0051 util_eval_error       : Evaluate [\_PR_.C000._SUN]: AE_NOT_FOUND
[    0.194254]      scan-1933 add_single_object     : Added LNXCPU:00 [\_PR_.C000] parent LNXSYSTM:00
[    0.194468]      scan-1141 get_device_data       : No context for object [ffff88040d83c398]
[    0.194656]      scan-1141 get_device_data       : No context for object [ffff88040d83c3c0]
[    0.194859]      scan-1141 get_device_data       : No context for object [ffff88040d83c3e8]
[    0.195058]      scan-1141 get_device_data       : No context for object [ffff88040d83c410]
[    0.195255]      scan-1141 get_device_data       : No context for object [ffff88040d83c438]
[    0.195452]      scan-1141 get_device_data       : No context for object [ffff88040d83c460]
[    0.195452]      scan-1141 get_device_data       : No context for object [ffff88040d81d190]
[    0.195452]     utils-0051 util_eval_error       : Evaluate [\_PR_.C001._STA]: AE_NOT_FOUND
[    0.195452]      scan-1141 get_device_data       : No context for object [ffff88040d81d028]
[    0.195452] device: 'LNXCPU:01': device_add
[    0.195452] bus: 'acpi': add device LNXCPU:01
[    0.195452]     utils-0051 util_eval_error       : Evaluate [\_PR_.C001._SUN]: AE_NOT_FOUND
[    0.195452]      scan-1933 add_single_object     : Added LNXCPU:01 [\_PR_.C001] parent LNXSYSTM:00
[    0.195452]      scan-1141 get_device_data       : No context for object [ffff88040d83c488]
[    0.195452]      scan-1141 get_device_data       : No context for object [ffff88040d83c4b0]
[    0.195452]      scan-1141 get_device_data       : No context for object [ffff88040d83c4d8]
[    0.195452]      scan-1141 get_device_data       : No context for object [ffff88040d83c500]
[    0.195452]      scan-1141 get_device_data       : No context for object [ffff88040d83c528]
[    0.195452]      scan-1141 get_device_data       : No context for object [ffff88040d83c550]
[    0.195560]      scan-1141 get_device_data       : No context for object [ffff88040d81d1b8]
[    0.195752]     utils-0051 util_eval_error       : Evaluate [\_PR_.C002._STA]: AE_NOT_FOUND
[    0.195947]      scan-1141 get_device_data       : No context for object [ffff88040d81d028]
[    0.196153] device: 'LNXCPU:02': device_add
[    0.196216] bus: 'acpi': add device LNXCPU:02
[    0.196290]     utils-0051 util_eval_error       : Evaluate [\_PR_.C002._SUN]: AE_NOT_FOUND
[    0.196722]      scan-1933 add_single_object     : Added LNXCPU:02 [\_PR_.C002] parent LNXSYSTM:00
[    0.196722]      scan-1141 get_device_data       : No context for object [ffff88040d83c578]
[    0.196862]      scan-1141 get_device_data       : No context for object [ffff88040d83c5a0]
[    0.197062]      scan-1141 get_device_data       : No context for object [ffff88040d83c5c8]
[    0.197260]      scan-1141 get_device_data       : No context for object [ffff88040d83c5f0]
[    0.197411]      scan-1141 get_device_data       : No context for object [ffff88040d83c618]
[    0.197588]      scan-1141 get_device_data       : No context for object [ffff88040d83c640]
[    0.197780]      scan-1141 get_device_data       : No context for object [ffff88040d81d1e0]
[    0.197975]     utils-0051 util_eval_error       : Evaluate [\_PR_.C003._STA]: AE_NOT_FOUND
[    0.198173]      scan-1141 get_device_data       : No context for object [ffff88040d81d028]
[    0.198359] device: 'LNXCPU:03': device_add
[    0.198422] bus: 'acpi': add device LNXCPU:03
[    0.198493]     utils-0051 util_eval_error       : Evaluate [\_PR_.C003._SUN]: AE_NOT_FOUND
[    0.198692]      scan-1933 add_single_object     : Added LNXCPU:03 [\_PR_.C003] parent LNXSYSTM:00
[    0.198887]      scan-1141 get_device_data       : No context for object [ffff88040d83c668]
[    0.199086]      scan-1141 get_device_data       : No context for object [ffff88040d83c690]
[    0.199284]      scan-1141 get_device_data       : No context for object [ffff88040d83c6b8]
[    0.199480]      scan-1141 get_device_data       : No context for object [ffff88040d83c6e0]
[    0.199669]      scan-1141 get_device_data       : No context for object [ffff88040d83c708]
[    0.199858]      scan-1141 get_device_data       : No context for object [ffff88040d83c730]
[    0.200003]      scan-1141 get_device_data       : No context for object [ffff88040d81d050]
[    0.200199]     utils-0051 util_eval_error       : Evaluate [\_SB_._STA]: AE_NOT_FOUND
[    0.200403] device: 'LNXSYBUS:00': device_add
[    0.200482] bus: 'acpi': add device LNXSYBUS:00
[    0.200548]     utils-0051 util_eval_error       : Evaluate [\_SB_._SUN]: AE_NOT_FOUND
[    0.200744]      scan-1933 add_single_object     : Added LNXSYBUS:00 [\_SB_] parent LNXSYSTM:00
[    0.200944]      scan-1141 get_device_data       : No context for object [ffff88040d81d3c0]
[    0.201138]      scan-1141 get_device_data       : No context for object [ffff88040d81d3e8]
[    0.201315]      scan-1141 get_device_data       : No context for object [ffff88040d81d410]
[    0.201510]      scan-1141 get_device_data       : No context for object [ffff88040d81d438]
[    0.201699]      scan-1141 get_device_data       : No context for object [ffff88040d81d460]
[    0.201890]      scan-1141 get_device_data       : No context for object [ffff88040d81d488]
[    0.202085]      scan-1141 get_device_data       : No context for object [ffff88040d81d4b0]
[    0.202279]      scan-1141 get_device_data       : No context for object [ffff88040d81d5a0]
[    0.202475]     utils-0051 util_eval_error       : Evaluate [\_SB_.PWRB._STA]: AE_NOT_FOUND
[    0.202685] device: 'PNP0C0C:00': device_add
[    0.202743] bus: 'acpi': add device PNP0C0C:00
[    0.202808]     utils-0051 util_eval_error       : Evaluate [\_SB_.PWRB._SUN]: AE_NOT_FOUND
[    0.203379]      scan-1933 add_single_object     : Added PNP0C0C:00 [\_SB_.PWRB] parent LNXSYBUS:00
[    0.203379]      scan-1141 get_device_data       : No context for object [ffff88040d81d5c8]
[    0.203450]      scan-1141 get_device_data       : No context for object [ffff88040d81d5f0]
[    0.203628]     utils-0051 util_eval_error       : Evaluate [\_SB_.PCI0._STA]: AE_NOT_FOUND
[    0.203857] device: 'PNP0A08:00': device_add
[    0.203922] bus: 'acpi': add device PNP0A08:00
[    0.204001]     utils-0051 util_eval_error       : Evaluate [\_SB_.PCI0._SUN]: AE_NOT_FOUND
[    0.204209]      scan-1933 add_single_object     : Added PNP0A08:00 [\_SB_.PCI0] parent LNXSYBUS:00
[    0.204398]      scan-1141 get_device_data       : No context for object [ffff88040d81d618]
[    0.204596]      scan-1141 get_device_data       : No context for object [ffff88040d81d640]
[    0.204788]      scan-1141 get_device_data       : No context for object [ffff88040d81d668]
[    0.204981]      scan-1141 get_device_data       : No context for object [ffff88040d81d690]
[    0.205178]      scan-1141 get_device_data       : No context for object [ffff88040d81d6b8]
[    0.205366]      scan-1141 get_device_data       : No context for object [ffff88040d81d6e0]
[    0.205562]      scan-1141 get_device_data       : No context for object [ffff88040d81d708]
[    0.205754]      scan-1141 get_device_data       : No context for object [ffff88040d81d730]
[    0.205946]      scan-1141 get_device_data       : No context for object [ffff88040d81d758]
[    0.206143]      scan-1141 get_device_data       : No context for object [ffff88040d81d780]
[    0.206340]      scan-1141 get_device_data       : No context for object [ffff88040d81d7a8]
[    0.206539]      scan-1141 get_device_data       : No context for object [ffff88040d81d7d0]
[    0.206668]      scan-1141 get_device_data       : No context for object [ffff88040d81d7f8]
[    0.206860]      scan-1141 get_device_data       : No context for object [ffff88040d81d820]
[    0.207058]      scan-1141 get_device_data       : No context for object [ffff88040d81d848]
[    0.207255]      scan-1141 get_device_data       : No context for object [ffff88040d81d870]
[    0.207435]      scan-1141 get_device_data       : No context for object [ffff88040d81d898]
[    0.207631]      scan-1141 get_device_data       : No context for object [ffff88040d81d8c0]
[    0.207823]      scan-1141 get_device_data       : No context for object [ffff88040d81d8e8]
[    0.209031]      scan-1141 get_device_data       : No context for object [ffff88040d81d910]
[    0.209228]      scan-1141 get_device_data       : No context for object [ffff88040d81d938]
[    0.209379]      scan-1141 get_device_data       : No context for object [ffff88040d81d960]
[    0.209555]      scan-1141 get_device_data       : No context for object [ffff88040d81d988]
[    0.209747]      scan-1141 get_device_data       : No context for object [ffff88040d81d9b0]
[    0.210001]      scan-1141 get_device_data       : No context for object [ffff88040d81d9d8]
[    0.210199]      scan-1141 get_device_data       : No context for object [ffff88040d81da00]
[    0.210376]      scan-1141 get_device_data       : No context for object [ffff88040d81da28]
[    0.210574]      scan-1141 get_device_data       : No context for object [ffff88040d81da50]
[    0.210768]      scan-1141 get_device_data       : No context for object [ffff88040d81da78]
[    0.210961]      scan-1141 get_device_data       : No context for object [ffff88040d81daa0]
[    0.211157]      scan-1141 get_device_data       : No context for object [ffff88040d81dac8]
[    0.211355]      scan-1141 get_device_data       : No context for object [ffff88040d81daf0]
[    0.211554]      scan-1141 get_device_data       : No context for object [ffff88040d81db18]
[    0.211750]      scan-1141 get_device_data       : No context for object [ffff88040d81db40]
[    0.211942]      scan-1141 get_device_data       : No context for object [ffff88040d81db68]
[    0.212135]      scan-1141 get_device_data       : No context for object [ffff88040d81db90]
[    0.212333]      scan-1141 get_device_data       : No context for object [ffff88040d81dbb8]
[    0.212510]      scan-1141 get_device_data       : No context for object [ffff88040d81dbe0]
[    0.212707]      scan-1141 get_device_data       : No context for object [ffff88040d81dc08]
[    0.212899]      scan-1141 get_device_data       : No context for object [ffff88040d81dc30]
[    0.213092]      scan-1141 get_device_data       : No context for object [ffff88040d81dc58]
[    0.213290]      scan-1141 get_device_data       : No context for object [ffff88040d81dc80]
[    0.213418]      scan-1141 get_device_data       : No context for object [ffff88040d81dca8]
[    0.213595]      scan-1141 get_device_data       : No context for object [ffff88040d81dcd0]
[    0.213790]      scan-1141 get_device_data       : No context for object [ffff88040d81dcf8]
[    0.213983]      scan-1141 get_device_data       : No context for object [ffff88040d81dd20]
[    0.214178]      scan-1141 get_device_data       : No context for object [ffff88040d81dd48]
[    0.214356]      scan-1141 get_device_data       : No context for object [ffff88040d81dd70]
[    0.214554]      scan-1141 get_device_data       : No context for object [ffff88040d81dd98]
[    0.214751]      scan-1141 get_device_data       : No context for object [ffff88040d81ddc0]
[    0.214944]      scan-1141 get_device_data       : No context for object [ffff88040d81dde8]
[    0.215138]      scan-1141 get_device_data       : No context for object [ffff88040d81de10]
[    0.215335]      scan-1141 get_device_data       : No context for object [ffff88040d81de38]
[    0.215533]      scan-1141 get_device_data       : No context for object [ffff88040d81de60]
[    0.215732]      scan-1141 get_device_data       : No context for object [ffff88040d81de88]
[    0.215924]      scan-1141 get_device_data       : No context for object [ffff88040d81deb0]
[    0.216114]      scan-1141 get_device_data       : No context for object [ffff88040d81ded8]
[    0.216310]      scan-1141 get_device_data       : No context for object [ffff88040d81df00]
[    0.216504]      scan-1141 get_device_data       : No context for object [ffff88040d81df28]
[    0.216668]      scan-1141 get_device_data       : No context for object [ffff88040d81df50]
[    0.216857]      scan-1141 get_device_data       : No context for object [ffff88040d81df78]
[    0.217047]      scan-1141 get_device_data       : No context for object [ffff88040d81dfa0]
[    0.217241]      scan-1141 get_device_data       : No context for object [ffff88040d81dfc8]
[    0.217390]      scan-1141 get_device_data       : No context for object [ffff88040d822000]
[    0.217567]      scan-1141 get_device_data       : No context for object [ffff88040d822028]
[    0.217761]     utils-0051 util_eval_error       : Evaluate [\_SB_.PCI0.MEMR._STA]: AE_NOT_FOUND
[    0.217972] device: 'PNP0C02:00': device_add
[    0.218030] bus: 'acpi': add device PNP0C02:00
[    0.218103]     utils-0051 util_eval_error       : Evaluate [\_SB_.PCI0.MEMR._SUN]: AE_NOT_FOUND
[    0.218308]      scan-1933 add_single_object     : Added PNP0C02:00 [\_SB_.PCI0.MEMR] parent PNP0A08:00
[    0.218510]      scan-1141 get_device_data       : No context for object [ffff88040d822050]
[    0.218703]      scan-1141 get_device_data       : No context for object [ffff88040d822078]
[    0.218892]      scan-1141 get_device_data       : No context for object [ffff88040d8220a0]
[    0.219081]      scan-1141 get_device_data       : No context for object [ffff88040d8220c8]
[    0.219270]      scan-1141 get_device_data       : No context for object [ffff88040d8220f0]
[    0.219443]      scan-1141 get_device_data       : No context for object [ffff88040d822118]
[    0.219637]      scan-1141 get_device_data       : No context for object [ffff88040d822140]
[    0.219831]      scan-1141 get_device_data       : No context for object [ffff88040d822168]
[    0.220001]      scan-1141 get_device_data       : No context for object [ffff88040d822190]
[    0.220192]      scan-1141 get_device_data       : No context for object [ffff88040d8221b8]
[    0.220337]      scan-1141 get_device_data       : No context for object [ffff88040d8221e0]
[    0.220510]      scan-1141 get_device_data       : No context for object [ffff88040d822208]
[    0.220702]      scan-1141 get_device_data       : No context for object [ffff88040d822230]
[    0.220896]      scan-1141 get_device_data       : No context for object [ffff88040d822258]
[    0.221094]      scan-1141 get_device_data       : No context for object [ffff88040d822280]
[    0.221287]      scan-1141 get_device_data       : No context for object [ffff88040d8222a8]
[    0.221480]     utils-0051 util_eval_error       : Evaluate [\_SB_.PCI0.PB2_._STA]: AE_NOT_FOUND
[    0.221708] device: 'device:00': device_add
[    0.221768] bus: 'acpi': add device device:00
[    0.221835]     utils-0051 util_eval_error       : Evaluate [\_SB_.PCI0.PB2_._SUN]: AE_NOT_FOUND
[    0.222035]      scan-1933 add_single_object     : Added device:00 [\_SB_.PCI0.PB2_] parent PNP0A08:00
[    0.222234]      scan-1141 get_device_data       : No context for object [ffff88040d8222d0]
[    0.222382]      scan-1141 get_device_data       : No context for object [ffff88040d8222f8]
[    0.222559]      scan-1141 get_device_data       : No context for object [ffff88040d822320]
[    0.222757]      scan-1141 get_device_data       : No context for object [ffff88040d822348]
[    0.222949]      scan-1141 get_device_data       : No context for object [ffff88040d822370]
[    0.223141]      scan-1141 get_device_data       : No context for object [ffff88040d822398]
[    0.223335]      scan-1141 get_device_data       : No context for object [ffff88040d8223c0]
[    0.223527]      scan-1141 get_device_data       : No context for object [ffff88040d8223e8]
[    0.223718]      scan-1141 get_device_data       : No context for object [ffff88040d822410]
[    0.223912]      scan-1141 get_device_data       : No context for object [ffff88040d822438]
[    0.224110]      scan-1141 get_device_data       : No context for object [ffff88040d822460]
[    0.224307]      scan-1141 get_device_data       : No context for object [ffff88040d822488]
[    0.224499]      scan-1141 get_device_data       : No context for object [ffff88040d8224b0]
[    0.224692]      scan-1141 get_device_data       : No context for object [ffff88040d8224d8]
[    0.224884]      scan-1141 get_device_data       : No context for object [ffff88040d822500]
[    0.225076]      scan-1141 get_device_data       : No context for object [ffff88040d822528]
[    0.225267]      scan-1141 get_device_data       : No context for object [ffff88040d822550]
[    0.225445]      scan-1141 get_device_data       : No context for object [ffff88040d822578]
[    0.225643]      scan-1141 get_device_data       : No context for object [ffff88040d8225a0]
[    0.225838]      scan-1141 get_device_data       : No context for object [ffff88040d8225c8]
[    0.230002]      scan-1141 get_device_data       : No context for object [ffff88040d8225f0]
[    0.230199]      scan-1141 get_device_data       : No context for object [ffff88040d822618]
[    0.230345]      scan-1141 get_device_data       : No context for object [ffff88040d822640]
[    0.230517]      scan-1141 get_device_data       : No context for object [ffff88040d822668]
[    0.230710]      scan-1141 get_device_data       : No context for object [ffff88040d822690]
[    0.230901]      scan-1141 get_device_data       : No context for object [ffff88040d8226b8]
[    0.231093]      scan-1141 get_device_data       : No context for object [ffff88040d8226e0]
[    0.231275]      scan-1141 get_device_data       : No context for object [ffff88040d822708]
[    0.231473]      scan-1141 get_device_data       : No context for object [ffff88040d822730]
[    0.231670]      scan-1141 get_device_data       : No context for object [ffff88040d822758]
[    0.231862]      scan-1141 get_device_data       : No context for object [ffff88040d822780]
[    0.232056]     utils-0051 util_eval_error       : Evaluate [\_SB_.PCI0.PB2_.VGA_._STA]: AE_NOT_FOUND
[    0.232274] device: 'device:01': device_add
[    0.232333] bus: 'acpi': add device device:01
[    0.232399]     utils-0051 util_eval_error       : Evaluate [\_SB_.PCI0.PB2_.VGA_._SUN]: AE_NOT_FOUND
[    0.232604]      scan-1933 add_single_object     : Added device:01 [\_SB_.PCI0.PB2_.VGA_] parent device:00
[    0.232807]      scan-1141 get_device_data       : No context for object [ffff88040d8227a8]
[    0.232807]      scan-1141 get_device_data       : No context for object [ffff88040d8227d0]
[    0.232807]      scan-1141 get_device_data       : No context for object [ffff88040d8227f8]
[    0.232807]      scan-1141 get_device_data       : No context for object [ffff88040d822820]
[    0.232807]      scan-1141 get_device_data       : No context for object [ffff88040d822848]
[    0.232807]      scan-1141 get_device_data       : No context for object [ffff88040d822870]
[    0.232807]      scan-1141 get_device_data       : No context for object [ffff88040d822898]
[    0.232807]      scan-1141 get_device_data       : No context for object [ffff88040d8228c0]
[    0.232807]      scan-1141 get_device_data       : No context for object [ffff88040d8228e8]
[    0.232807]      scan-1141 get_device_data       : No context for object [ffff88040d822910]
[    0.232807]      scan-1141 get_device_data       : No context for object [ffff88040d822938]
[    0.232807]      scan-1141 get_device_data       : No context for object [ffff88040d822960]
[    0.232807]      scan-1141 get_device_data       : No context for object [ffff88040d822988]
[    0.232807]      scan-1141 get_device_data       : No context for object [ffff88040d8229b0]
[    0.232807]      scan-1141 get_device_data       : No context for object [ffff88040d8229d8]
[    0.232807]      scan-1141 get_device_data       : No context for object [ffff88040d822a00]
[    0.232807]      scan-1141 get_device_data       : No context for object [ffff88040d822a28]
[    0.232990]      scan-1141 get_device_data       : No context for object [ffff88040d822a50]
[    0.233179]      scan-1141 get_device_data       : No context for object [ffff88040d822a78]
[    0.233412]      scan-1141 get_device_data       : No context for object [ffff88040d822aa0]
[    0.233585]      scan-1141 get_device_data       : No context for object [ffff88040d822ac8]
[    0.233775]      scan-1141 get_device_data       : No context for object [ffff88040d822af0]
[    0.233966]      scan-1141 get_device_data       : No context for object [ffff88040d822b18]
[    0.234161]      scan-1141 get_device_data       : No context for object [ffff88040d822b40]
[    0.234358]      scan-1141 get_device_data       : No context for object [ffff88040d822b68]
[    0.234547]      scan-1141 get_device_data       : No context for object [ffff88040d822b90]
[    0.234736]      scan-1141 get_device_data       : No context for object [ffff88040d822bb8]
[    0.234926]      scan-1141 get_device_data       : No context for object [ffff88040d822be0]
[    0.235115]      scan-1141 get_device_data       : No context for object [ffff88040d822c08]
[    0.235304]      scan-1141 get_device_data       : No context for object [ffff88040d822c30]
[    0.235448]      scan-1141 get_device_data       : No context for object [ffff88040d822c58]
[    0.235625]      scan-1141 get_device_data       : No context for object [ffff88040d822c80]
[    0.235819]      scan-1141 get_device_data       : No context for object [ffff88040d822ca8]
[    0.236009]      scan-1141 get_device_data       : No context for object [ffff88040d822cd0]
[    0.236198]      scan-1141 get_device_data       : No context for object [ffff88040d822cf8]
[    0.236370]      scan-1141 get_device_data       : No context for object [ffff88040d822d20]
[    0.236559]      scan-1141 get_device_data       : No context for object [ffff88040d822d48]
[    0.236668]      scan-1141 get_device_data       : No context for object [ffff88040d822d70]
[    0.236858]      scan-1141 get_device_data       : No context for object [ffff88040d822d98]
[    0.237056]      scan-1141 get_device_data       : No context for object [ffff88040d837438]
[    0.237252]      scan-1141 get_device_data       : No context for object [ffff88040d822dc0]
[    0.237445]     utils-0051 util_eval_error       : Evaluate [\_SB_.PCI0.PB2_.HDAU._STA]: AE_NOT_FOUND
[    0.237659] device: 'device:02': device_add
[    0.237719] bus: 'acpi': add device device:02
[    0.237785]     utils-0051 util_eval_error       : Evaluate [\_SB_.PCI0.PB2_.HDAU._SUN]: AE_NOT_FOUND
[    0.237983]      scan-1933 add_single_object     : Added device:02 [\_SB_.PCI0.PB2_.HDAU] parent device:00
[    0.238179]      scan-1141 get_device_data       : No context for object [ffff88040d822de8]
[    0.238332]      scan-1141 get_device_data       : No context for object [ffff88040d822e10]
[    0.238508]      scan-1141 get_device_data       : No context for object [ffff88040d822e38]
[    0.238704]      scan-1141 get_device_data       : No context for object [ffff88040d822e60]
[    0.238896]      scan-1141 get_device_data       : No context for object [ffff88040d822e88]
[    0.239089]      scan-1141 get_device_data       : No context for object [ffff88040d822eb0]
[    0.239277]      scan-1141 get_device_data       : No context for object [ffff88040d822ed8]
[    0.239470]     utils-0051 util_eval_error       : Evaluate [\_SB_.PCI0.PB3_._STA]: AE_NOT_FOUND
[    0.239762] device: 'device:03': device_add
[    0.239825] bus: 'acpi': add device device:03
[    0.239905]     utils-0051 util_eval_error       : Evaluate [\_SB_.PCI0.PB3_._SUN]: AE_NOT_FOUND
[    0.240171]      scan-1933 add_single_object     : Added device:03 [\_SB_.PCI0.PB3_] parent PNP0A08:00
[    0.240347]      scan-1141 get_device_data       : No context for object [ffff88040d822f00]
[    0.240539]      scan-1141 get_device_data       : No context for object [ffff88040d822f28]
[    0.240731]      scan-1141 get_device_data       : No context for object [ffff88040d822f50]
[    0.240924]      scan-1141 get_device_data       : No context for object [ffff88040d822f78]
[    0.241116]      scan-1141 get_device_data       : No context for object [ffff88040d822fa0]
[    0.241310]      scan-1141 get_device_data       : No context for object [ffff88040d822fc8]
[    0.241508]      scan-1141 get_device_data       : No context for object [ffff88040d823000]
[    0.241704]      scan-1141 get_device_data       : No context for object [ffff88040d823028]
[    0.241897]      scan-1141 get_device_data       : No context for object [ffff88040d823050]
[    0.242089]      scan-1141 get_device_data       : No context for object [ffff88040d823078]
[    0.242281]      scan-1141 get_device_data       : No context for object [ffff88040d8230a0]
[    0.242427]      scan-1141 get_device_data       : No context for object [ffff88040d8230c8]
[    0.242600]      scan-1141 get_device_data       : No context for object [ffff88040d8230f0]
[    0.242795]      scan-1141 get_device_data       : No context for object [ffff88040d823118]
[    0.242992]      scan-1141 get_device_data       : No context for object [ffff88040d823140]
[    0.243187]      scan-1141 get_device_data       : No context for object [ffff88040d823168]
[    0.243335]      scan-1141 get_device_data       : No context for object [ffff88040d823190]
[    0.243526]      scan-1141 get_device_data       : No context for object [ffff88040d8231b8]
[    0.243718]      scan-1141 get_device_data       : No context for object [ffff88040d8231e0]
[    0.244922]      scan-1141 get_device_data       : No context for object [ffff88040d823208]
[    0.245114]      scan-1141 get_device_data       : No context for object [ffff88040d823230]
[    0.245306]      scan-1141 get_device_data       : No context for object [ffff88040d823258]
[    0.245498]      scan-1141 get_device_data       : No context for object [ffff88040d823280]
[    0.245691]      scan-1141 get_device_data       : No context for object [ffff88040d8232a8]
[    0.245883]      scan-1141 get_device_data       : No context for object [ffff88040d8232d0]
[    0.246077]      scan-1141 get_device_data       : No context for object [ffff88040d8232f8]
[    0.246274]      scan-1141 get_device_data       : No context for object [ffff88040d823320]
[    0.246451]      scan-1141 get_device_data       : No context for object [ffff88040d823348]
[    0.246668]      scan-1141 get_device_data       : No context for object [ffff88040d823370]
[    0.246860]      scan-1141 get_device_data       : No context for object [ffff88040d823398]
[    0.247052]      scan-1141 get_device_data       : No context for object [ffff88040d8233c0]
[    0.247245]     utils-0051 util_eval_error       : Evaluate [\_SB_.PCI0.PB3_.VGA_._STA]: AE_NOT_FOUND
[    0.247413]     video-0058 backlight_cap_match   : Found generic backlight support
[    0.247598] device: 'LNXVIDEO:00': device_add
[    0.247658] bus: 'acpi': add device LNXVIDEO:00
[    0.247727]     utils-0051 util_eval_error       : Evaluate [\_SB_.PCI0.PB3_.VGA_._SUN]: AE_NOT_FOUND
[    0.247937]      scan-1933 add_single_object     : Added LNXVIDEO:00 [\_SB_.PCI0.PB3_.VGA_] parent device:03
[    0.248141]      scan-1141 get_device_data       : No context for object [ffff88040d8233e8]
[    0.248333]      scan-1141 get_device_data       : No context for object [ffff88040d823410]
[    0.248525]      scan-1141 get_device_data       : No context for object [ffff88040d823438]
[    0.248717]      scan-1141 get_device_data       : No context for object [ffff88040d823460]
[    0.248909]      scan-1141 get_device_data       : No context for object [ffff88040d823488]
[    0.249101]      scan-1141 get_device_data       : No context for object [ffff88040d8234b0]
[    0.249296]      scan-1141 get_device_data       : No context for object [ffff88040d8234d8]
[    0.249473]      scan-1141 get_device_data       : No context for object [ffff88040d823500]
[    0.249668]      scan-1141 get_device_data       : No context for object [ffff88040d823528]
[    0.249858]      scan-1141 get_device_data       : No context for object [ffff88040d823550]
[    0.250001]      scan-1141 get_device_data       : No context for object [ffff88040d823578]
[    0.250191]      scan-1141 get_device_data       : No context for object [ffff88040d8235a0]
[    0.250334]      scan-1141 get_device_data       : No context for object [ffff88040d8235c8]
[    0.250507]      scan-1141 get_device_data       : No context for object [ffff88040d8235f0]
[    0.250698]      scan-1141 get_device_data       : No context for object [ffff88040d823618]
[    0.250895]      scan-1141 get_device_data       : No context for object [ffff88040d823640]
[    0.251089]      scan-1141 get_device_data       : No context for object [ffff88040d823668]
[    0.251279]      scan-1141 get_device_data       : No context for object [ffff88040d823690]
[    0.251468]      scan-1141 get_device_data       : No context for object [ffff88040d8236b8]
[    0.251656]      scan-1141 get_device_data       : No context for object [ffff88040d8236e0]
[    0.251845]      scan-1141 get_device_data       : No context for object [ffff88040d823708]
[    0.252035]      scan-1141 get_device_data       : No context for object [ffff88040d823730]
[    0.252227]      scan-1141 get_device_data       : No context for object [ffff88040d823758]
[    0.252370]      scan-1141 get_device_data       : No context for object [ffff88040d823780]
[    0.252548]      scan-1141 get_device_data       : No context for object [ffff88040d8237a8]
[    0.252743]      scan-1141 get_device_data       : No context for object [ffff88040d8237d0]
[    0.252932]      scan-1141 get_device_data       : No context for object [ffff88040d8237f8]
[    0.253122]      scan-1141 get_device_data       : No context for object [ffff88040d823820]
[    0.253334]      scan-1141 get_device_data       : No context for object [ffff88040d823848]
[    0.253524]      scan-1141 get_device_data       : No context for object [ffff88040d823870]
[    0.253716]      scan-1141 get_device_data       : No context for object [ffff88040d823898]
[    0.253908]      scan-1141 get_device_data       : No context for object [ffff88040d8238c0]
[    0.254103]      scan-1141 get_device_data       : No context for object [ffff88040d8238e8]
[    0.254299]      scan-1141 get_device_data       : No context for object [ffff88040d823910]
[    0.254496]      scan-1141 get_device_data       : No context for object [ffff88040d823938]
[    0.254691]      scan-1141 get_device_data       : No context for object [ffff88040d823960]
[    0.254883]      scan-1141 get_device_data       : No context for object [ffff88040d823988]
[    0.255076]      scan-1141 get_device_data       : No context for object [ffff88040d8239b0]
[    0.255269]      scan-1141 get_device_data       : No context for object [ffff88040d8239d8]
[    0.255414]      scan-1141 get_device_data       : No context for object [ffff88040d837460]
[    0.255587]      scan-1141 get_device_data       : No context for object [ffff88040d83ac08]
[    0.255785]      scan-1141 get_device_data       : No context for object [ffff88040d83ac30]
[    0.255984]      scan-1141 get_device_data       : No context for object [ffff88040d83ac58]
[    0.256178]     utils-0051 util_eval_error       : Evaluate [\_SB_.PCI0.PB3_.VGA_.CRT_._STA]: AE_NOT_FOUND
[    0.256379] device: 'device:04': device_add
[    0.256439] bus: 'acpi': add device device:04
[    0.256505]     utils-0051 util_eval_error       : Evaluate [\_SB_.PCI0.PB3_.VGA_.CRT_._SUN]: AE_NOT_FOUND
[    0.256674]      scan-1933 add_single_object     : Added device:04 [\_SB_.PCI0.PB3_.VGA_.CRT_] parent LNXVIDEO:00
[    0.256870]      scan-1141 get_device_data       : No context for object [ffff88040d83ac80]
[    0.257070]      scan-1141 get_device_data       : No context for object [ffff88040d83aca8]
[    0.257266]      scan-1141 get_device_data       : No context for object [ffff88040d83acd0]
[    0.257459]      scan-1141 get_device_data       : No context for object [ffff88040d83acf8]
[    0.257651]      scan-1141 get_device_data       : No context for object [ffff88040d83ad20]
[    0.257844]     utils-0051 util_eval_error       : Evaluate [\_SB_.PCI0.PB3_.VGA_.LCD_._STA]: AE_NOT_FOUND
[    0.258068] device: 'device:05': device_add
[    0.258129] bus: 'acpi': add device device:05
[    0.258195]     utils-0051 util_eval_error       : Evaluate [\_SB_.PCI0.PB3_.VGA_.LCD_._SUN]: AE_NOT_FOUND
[    0.260015]      scan-1933 add_single_object     : Added device:05 [\_SB_.PCI0.PB3_.VGA_.LCD_] parent LNXVIDEO:00
[    0.260015]      scan-1141 get_device_data       : No context for object [ffff88040d83ad48]
[    0.260015]      scan-1141 get_device_data       : No context for object [ffff88040d83ad70]
[    0.260015]      scan-1141 get_device_data       : No context for object [ffff88040d83ad98]
[    0.260015]      scan-1141 get_device_data       : No context for object [ffff88040d83adc0]
[    0.260015]      scan-1141 get_device_data       : No context for object [ffff88040d83ade8]
[    0.260015]      scan-1141 get_device_data       : No context for object [ffff88040d83ae10]
[    0.260015]      scan-1141 get_device_data       : No context for object [ffff88040d83ae38]
[    0.260015]      scan-1141 get_device_data       : No context for object [ffff88040d83ae60]
[    0.260134]     utils-0051 util_eval_error       : Evaluate [\_SB_.PCI0.PB3_.VGA_.TV0_._STA]: AE_NOT_FOUND
[    0.260367] device: 'device:06': device_add
[    0.260426] bus: 'acpi': add device device:06
[    0.260492]     utils-0051 util_eval_error       : Evaluate [\_SB_.PCI0.PB3_.VGA_.TV0_._SUN]: AE_NOT_FOUND
[    0.260691]      scan-1933 add_single_object     : Added device:06 [\_SB_.PCI0.PB3_.VGA_.TV0_] parent LNXVIDEO:00
[    0.260887]      scan-1141 get_device_data       : No context for object [ffff88040d83ae88]
[    0.261079]      scan-1141 get_device_data       : No context for object [ffff88040d83aeb0]
[    0.261271]      scan-1141 get_device_data       : No context for object [ffff88040d83aed8]
[    0.261424]      scan-1141 get_device_data       : No context for object [ffff88040d83af00]
[    0.261597]      scan-1141 get_device_data       : No context for object [ffff88040d83af28]
[    0.262800]     utils-0051 util_eval_error       : Evaluate [\_SB_.PCI0.PB3_.VGA_.HDMI._STA]: AE_NOT_FOUND
[    0.263027] device: 'device:07': device_add
[    0.263090] bus: 'acpi': add device device:07
[    0.263167]     utils-0051 util_eval_error       : Evaluate [\_SB_.PCI0.PB3_.VGA_.HDMI._SUN]: AE_NOT_FOUND
[    0.263378]      scan-1933 add_single_object     : Added device:07 [\_SB_.PCI0.PB3_.VGA_.HDMI] parent LNXVIDEO:00
[    0.263544]      scan-1141 get_device_data       : No context for object [ffff88040d83af50]
[    0.263736]      scan-1141 get_device_data       : No context for object [ffff88040d83af78]
[    0.263928]      scan-1141 get_device_data       : No context for object [ffff88040d83afa0]
[    0.264119]      scan-1141 get_device_data       : No context for object [ffff88040d83afc8]
[    0.264311]      scan-1141 get_device_data       : No context for object [ffff88040d823a00]
[    0.264506]     utils-0051 util_eval_error       : Evaluate [\_SB_.PCI0.PB3_.HDAU._STA]: AE_NOT_FOUND
[    0.264731] device: 'device:08': device_add
[    0.264794] bus: 'acpi': add device device:08
[    0.264868]     utils-0051 util_eval_error       : Evaluate [\_SB_.PCI0.PB3_.HDAU._SUN]: AE_NOT_FOUND
[    0.266682]      scan-1933 add_single_object     : Added device:08 [\_SB_.PCI0.PB3_.HDAU] parent device:03
[    0.266682]      scan-1141 get_device_data       : No context for object [ffff88040d823a28]
[    0.266682]      scan-1141 get_device_data       : No context for object [ffff88040d823a50]
[    0.266682]      scan-1141 get_device_data       : No context for object [ffff88040d823a78]
[    0.266682]      scan-1141 get_device_data       : No context for object [ffff88040d823aa0]
[    0.266682]      scan-1141 get_device_data       : No context for object [ffff88040d823ac8]
[    0.266682]      scan-1141 get_device_data       : No context for object [ffff88040d823af0]
[    0.266682]      scan-1141 get_device_data       : No context for object [ffff88040d823b18]
[    0.266682]     utils-0051 util_eval_error       : Evaluate [\_SB_.PCI0.PB4_._STA]: AE_NOT_FOUND
[    0.266765] device: 'device:09': device_add
[    0.266823] bus: 'acpi': add device device:09
[    0.266888]     utils-0051 util_eval_error       : Evaluate [\_SB_.PCI0.PB4_._SUN]: AE_NOT_FOUND
[    0.267085]      scan-1933 add_single_object     : Added device:09 [\_SB_.PCI0.PB4_] parent PNP0A08:00
[    0.267271]      scan-1141 get_device_data       : No context for object [ffff88040d823b40]
[    0.267460]      scan-1141 get_device_data       : No context for object [ffff88040d823b68]
[    0.267649]      scan-1141 get_device_data       : No context for object [ffff88040d823b90]
[    0.267840]      scan-1141 get_device_data       : No context for object [ffff88040d823bb8]
[    0.268034]      scan-1141 get_device_data       : No context for object [ffff88040d823be0]
[    0.268229]      scan-1141 get_device_data       : No context for object [ffff88040d823c08]
[    0.268402]      scan-1141 get_device_data       : No context for object [ffff88040d823c30]
[    0.268591]      scan-1141 get_device_data       : No context for object [ffff88040d823c58]
[    0.268780]      scan-1141 get_device_data       : No context for object [ffff88040d823c80]
[    0.268969]      scan-1141 get_device_data       : No context for object [ffff88040d823ca8]
[    0.269158]      scan-1141 get_device_data       : No context for object [ffff88040d823cd0]
[    0.269332]      scan-1141 get_device_data       : No context for object [ffff88040d823cf8]
[    0.269526]      scan-1141 get_device_data       : No context for object [ffff88040d823d20]
[    0.269721]      scan-1141 get_device_data       : No context for object [ffff88040d823d48]
[    0.270001]      scan-1141 get_device_data       : No context for object [ffff88040d823d70]
[    0.270188]      scan-1141 get_device_data       : No context for object [ffff88040d823d98]
[    0.270361]      scan-1141 get_device_data       : No context for object [ffff88040d823dc0]
[    0.270553]      scan-1141 get_device_data       : No context for object [ffff88040d823de8]
[    0.270745]      scan-1141 get_device_data       : No context for object [ffff88040d823e10]
[    0.270941]      scan-1141 get_device_data       : No context for object [ffff88040d823e38]
[    0.271134]      scan-1141 get_device_data       : No context for object [ffff88040d823e60]
[    0.271331]      scan-1141 get_device_data       : No context for object [ffff88040d823e88]
[    0.271529]      scan-1141 get_device_data       : No context for object [ffff88040d823eb0]
[    0.271721]      scan-1141 get_device_data       : No context for object [ffff88040d823ed8]
[    0.271913]      scan-1141 get_device_data       : No context for object [ffff88040d823f00]
[    0.272105]      scan-1141 get_device_data       : No context for object [ffff88040d823f28]
[    0.272297]      scan-1141 get_device_data       : No context for object [ffff88040d823f50]
[    0.272443]      scan-1141 get_device_data       : No context for object [ffff88040d823f78]
[    0.272616]      scan-1141 get_device_data       : No context for object [ffff88040d823fa0]
[    0.272814]      scan-1141 get_device_data       : No context for object [ffff88040d823fc8]
[    0.273010]      scan-1141 get_device_data       : No context for object [ffff88040d825000]
[    0.273203]     utils-0051 util_eval_error       : Evaluate [\_SB_.PCI0.PB4_.XPDV._STA]: AE_NOT_FOUND
[    0.273355] device: 'device:0a': device_add
[    0.273415] bus: 'acpi': add device device:0a
[    0.273483]     utils-0051 util_eval_error       : Evaluate [\_SB_.PCI0.PB4_.XPDV._SUN]: AE_NOT_FOUND
[    0.273681]      scan-1933 add_single_object     : Added device:0a [\_SB_.PCI0.PB4_.XPDV] parent device:09
[    0.273880]      scan-1141 get_device_data       : No context for object [ffff88040d825028]
[    0.274077]      scan-1141 get_device_data       : No context for object [ffff88040d825050]
[    0.274276]      scan-1141 get_device_data       : No context for object [ffff88040d825078]
[    0.274449]      scan-1141 get_device_data       : No context for object [ffff88040d8250a0]
[    0.274641]      scan-1141 get_device_data       : No context for object [ffff88040d8250c8]
[    0.274833]      scan-1141 get_device_data       : No context for object [ffff88040d837500]
[    0.275026]      scan-1141 get_device_data       : No context for object [ffff88040d8250f0]
[    0.275218]      scan-1141 get_device_data       : No context for object [ffff88040d825118]
[    0.275395]     utils-0051 util_eval_error       : Evaluate [\_SB_.PCI0.PB5_._STA]: AE_NOT_FOUND
[    0.275692] device: 'device:0b': device_add
[    0.275751] bus: 'acpi': add device device:0b
[    0.275817]     utils-0051 util_eval_error       : Evaluate [\_SB_.PCI0.PB5_._SUN]: AE_NOT_FOUND
[    0.276716]      scan-1933 add_single_object     : Added device:0b [\_SB_.PCI0.PB5_] parent PNP0A08:00
[    0.276716]      scan-1141 get_device_data       : No context for object [ffff88040d825140]
[    0.276716]      scan-1141 get_device_data       : No context for object [ffff88040d825168]
[    0.276716]      scan-1141 get_device_data       : No context for object [ffff88040d825190]
[    0.276796]      scan-1141 get_device_data       : No context for object [ffff88040d8251b8]
[    0.276991]      scan-1141 get_device_data       : No context for object [ffff88040d8251e0]
[    0.277184]      scan-1141 get_device_data       : No context for object [ffff88040d825208]
[    0.277360]      scan-1141 get_device_data       : No context for object [ffff88040d825230]
[    0.277555]      scan-1141 get_device_data       : No context for object [ffff88040d825258]
[    0.277752]      scan-1141 get_device_data       : No context for object [ffff88040d825280]
[    0.277947]      scan-1141 get_device_data       : No context for object [ffff88040d8252a8]
[    0.278139]      scan-1141 get_device_data       : No context for object [ffff88040d8252d0]
[    0.278331]      scan-1141 get_device_data       : No context for object [ffff88040d8252f8]
[    0.278524]      scan-1141 get_device_data       : No context for object [ffff88040d825320]
[    0.278716]      scan-1141 get_device_data       : No context for object [ffff88040d825348]
[    0.278908]      scan-1141 get_device_data       : No context for object [ffff88040d825370]
[    0.279106]      scan-1141 get_device_data       : No context for object [ffff88040d825398]
[    0.279302]      scan-1141 get_device_data       : No context for object [ffff88040d8253c0]
[    0.279475]      scan-1141 get_device_data       : No context for object [ffff88040d8253e8]
[    0.279667]      scan-1141 get_device_data       : No context for object [ffff88040d825410]
[    0.283335]      scan-1141 get_device_data       : No context for object [ffff88040d825438]
[    0.283530]      scan-1141 get_device_data       : No context for object [ffff88040d825460]
[    0.283724]      scan-1141 get_device_data       : No context for object [ffff88040d825488]
[    0.283875]      scan-1141 get_device_data       : No context for object [ffff88040d8254b0]
[    0.284052]      scan-1141 get_device_data       : No context for object [ffff88040d8254d8]
[    0.284244]      scan-1141 get_device_data       : No context for object [ffff88040d825500]
[    0.284436]      scan-1141 get_device_data       : No context for object [ffff88040d825528]
[    0.284628]      scan-1141 get_device_data       : No context for object [ffff88040d825550]
[    0.284809]      scan-1141 get_device_data       : No context for object [ffff88040d825578]
[    0.285001]      scan-1141 get_device_data       : No context for object [ffff88040d8255a0]
[    0.285196]      scan-1141 get_device_data       : No context for object [ffff88040d8255c8]
[    0.285391]      scan-1141 get_device_data       : No context for object [ffff88040d8255f0]
[    0.285587]     utils-0051 util_eval_error       : Evaluate [\_SB_.PCI0.PB5_.XPDV._STA]: AE_NOT_FOUND
[    0.285587] device: 'device:0c': device_add
[    0.285587] bus: 'acpi': add device device:0c
[    0.285587]     utils-0051 util_eval_error       : Evaluate [\_SB_.PCI0.PB5_.XPDV._SUN]: AE_NOT_FOUND
[    0.285587]      scan-1933 add_single_object     : Added device:0c [\_SB_.PCI0.PB5_.XPDV] parent device:0b
[    0.285587]      scan-1141 get_device_data       : No context for object [ffff88040d825618]
[    0.285587]      scan-1141 get_device_data       : No context for object [ffff88040d825640]
[    0.285587]      scan-1141 get_device_data       : No context for object [ffff88040d825668]
[    0.285587]      scan-1141 get_device_data       : No context for object [ffff88040d825690]
[    0.285587]      scan-1141 get_device_data       : No context for object [ffff88040d8256b8]
[    0.285587]      scan-1141 get_device_data       : No context for object [ffff88040d837528]
[    0.285587]      scan-1141 get_device_data       : No context for object [ffff88040d8256e0]
[    0.285587]      scan-1141 get_device_data       : No context for object [ffff88040d825708]
[    0.285587]     utils-0051 util_eval_error       : Evaluate [\_SB_.PCI0.PB6_._STA]: AE_NOT_FOUND
[    0.285587] device: 'device:0d': device_add
[    0.285644] bus: 'acpi': add device device:0d
[    0.285720]     utils-0051 util_eval_error       : Evaluate [\_SB_.PCI0.PB6_._SUN]: AE_NOT_FOUND
[    0.286713]      scan-1933 add_single_object     : Added device:0d [\_SB_.PCI0.PB6_] parent PNP0A08:00
[    0.286713]      scan-1141 get_device_data       : No context for object [ffff88040d825730]
[    0.286713]      scan-1141 get_device_data       : No context for object [ffff88040d825758]
[    0.286713]      scan-1141 get_device_data       : No context for object [ffff88040d825780]
[    0.286713]      scan-1141 get_device_data       : No context for object [ffff88040d8257a8]
[    0.286792]      scan-1141 get_device_data       : No context for object [ffff88040d8257d0]
[    0.286981]      scan-1141 get_device_data       : No context for object [ffff88040d8257f8]
[    0.287175]      scan-1141 get_device_data       : No context for object [ffff88040d825820]
[    0.287353]      scan-1141 get_device_data       : No context for object [ffff88040d825848]
[    0.287550]      scan-1141 get_device_data       : No context for object [ffff88040d825870]
[    0.287743]      scan-1141 get_device_data       : No context for object [ffff88040d825898]
[    0.287935]      scan-1141 get_device_data       : No context for object [ffff88040d8258c0]
[    0.288126]      scan-1141 get_device_data       : No context for object [ffff88040d8258e8]
[    0.288318]      scan-1141 get_device_data       : No context for object [ffff88040d825910]
[    0.288511]      scan-1141 get_device_data       : No context for object [ffff88040d825938]
[    0.288707]      scan-1141 get_device_data       : No context for object [ffff88040d825960]
[    0.288904]      scan-1141 get_device_data       : No context for object [ffff88040d825988]
[    0.289098]      scan-1141 get_device_data       : No context for object [ffff88040d8259b0]
[    0.289290]      scan-1141 get_device_data       : No context for object [ffff88040d8259d8]
[    0.289471]      scan-1141 get_device_data       : No context for object [ffff88040d825a00]
[    0.289663]      scan-1141 get_device_data       : No context for object [ffff88040d825a28]
[    0.289855]      scan-1141 get_device_data       : No context for object [ffff88040d825a50]
[    0.290002]      scan-1141 get_device_data       : No context for object [ffff88040d825a78]
[    0.290199]      scan-1141 get_device_data       : No context for object [ffff88040d825aa0]
[    0.290349]      scan-1141 get_device_data       : No context for object [ffff88040d825ac8]
[    0.290524]      scan-1141 get_device_data       : No context for object [ffff88040d825af0]
[    0.290722]      scan-1141 get_device_data       : No context for object [ffff88040d825b18]
[    0.290918]      scan-1141 get_device_data       : No context for object [ffff88040d825b40]
[    0.291110]      scan-1141 get_device_data       : No context for object [ffff88040d825b68]
[    0.291291]      scan-1141 get_device_data       : No context for object [ffff88040d825b90]
[    0.291483]      scan-1141 get_device_data       : No context for object [ffff88040d825bb8]
[    0.291675]      scan-1141 get_device_data       : No context for object [ffff88040d825be0]
[    0.291869]     utils-0051 util_eval_error       : Evaluate [\_SB_.PCI0.PB6_.XPDV._STA]: AE_NOT_FOUND
[    0.292097] device: 'device:0e': device_add
[    0.292161] bus: 'acpi': add device device:0e
[    0.292235]     utils-0051 util_eval_error       : Evaluate [\_SB_.PCI0.PB6_.XPDV._SUN]: AE_NOT_FOUND
[    0.292430]      scan-1933 add_single_object     : Added device:0e [\_SB_.PCI0.PB6_.XPDV] parent device:0d
[    0.292626]      scan-1141 get_device_data       : No context for object [ffff88040d825c08]
[    0.292818]      scan-1141 get_device_data       : No context for object [ffff88040d825c30]
[    0.293010]      scan-1141 get_device_data       : No context for object [ffff88040d825c58]
[    0.293202]      scan-1141 get_device_data       : No context for object [ffff88040d825c80]
[    0.293414]      scan-1141 get_device_data       : No context for object [ffff88040d825ca8]
[    0.293588]      scan-1141 get_device_data       : No context for object [ffff88040d837550]
[    0.293786]      scan-1141 get_device_data       : No context for object [ffff88040d825cd0]
[    0.293983]      scan-1141 get_device_data       : No context for object [ffff88040d825cf8]
[    0.294176]     utils-0051 util_eval_error       : Evaluate [\_SB_.PCI0.PB7_._STA]: AE_NOT_FOUND
[    0.294388] device: 'device:0f': device_add
[    0.294448] bus: 'acpi': add device device:0f
[    0.294514]     utils-0051 util_eval_error       : Evaluate [\_SB_.PCI0.PB7_._SUN]: AE_NOT_FOUND
[    0.294711]      scan-1933 add_single_object     : Added device:0f [\_SB_.PCI0.PB7_] parent PNP0A08:00
[    0.294912]      scan-1141 get_device_data       : No context for object [ffff88040d825d20]
[    0.295109]      scan-1141 get_device_data       : No context for object [ffff88040d825d48]
[    0.295306]      scan-1141 get_device_data       : No context for object [ffff88040d825d70]
[    0.295489]      scan-1141 get_device_data       : No context for object [ffff88040d825d98]
[    0.295681]      scan-1141 get_device_data       : No context for object [ffff88040d825dc0]
[    0.295874]      scan-1141 get_device_data       : No context for object [ffff88040d825de8]
[    0.296066]      scan-1141 get_device_data       : No context for object [ffff88040d825e10]
[    0.296259]      scan-1141 get_device_data       : No context for object [ffff88040d825e38]
[    0.296410]      scan-1141 get_device_data       : No context for object [ffff88040d825e60]
[    0.296588]      scan-1141 get_device_data       : No context for object [ffff88040d825e88]
[    0.296794]      scan-1141 get_device_data       : No context for object [ffff88040d825eb0]
[    0.296986]      scan-1141 get_device_data       : No context for object [ffff88040d825ed8]
[    0.297178]      scan-1141 get_device_data       : No context for object [ffff88040d825f00]
[    0.297366]      scan-1141 get_device_data       : No context for object [ffff88040d825f28]
[    0.297558]      scan-1141 get_device_data       : No context for object [ffff88040d825f50]
[    0.298763]      scan-1141 get_device_data       : No context for object [ffff88040d825f78]
[    0.298955]      scan-1141 get_device_data       : No context for object [ffff88040d825fa0]
[    0.299147]      scan-1141 get_device_data       : No context for object [ffff88040d825fc8]
[    0.299345]      scan-1141 get_device_data       : No context for object [ffff88040d827000]
[    0.299540]      scan-1141 get_device_data       : No context for object [ffff88040d827028]
[    0.299732]      scan-1141 get_device_data       : No context for object [ffff88040d827050]
[    0.299922]      scan-1141 get_device_data       : No context for object [ffff88040d827078]
[    0.300001]      scan-1141 get_device_data       : No context for object [ffff88040d8270a0]
[    0.300190]      scan-1141 get_device_data       : No context for object [ffff88040d8270c8]
[    0.300333]      scan-1141 get_device_data       : No context for object [ffff88040d8270f0]
[    0.300505]      scan-1141 get_device_data       : No context for object [ffff88040d827118]
[    0.300700]      scan-1141 get_device_data       : No context for object [ffff88040d827140]
[    0.300890]      scan-1141 get_device_data       : No context for object [ffff88040d827168]
[    0.301082]      scan-1141 get_device_data       : No context for object [ffff88040d827190]
[    0.301258]      scan-1141 get_device_data       : No context for object [ffff88040d8271b8]
[    0.301449]      scan-1141 get_device_data       : No context for object [ffff88040d8271e0]
[    0.301645]     utils-0051 util_eval_error       : Evaluate [\_SB_.PCI0.PB7_.XPDV._STA]: AE_NOT_FOUND
[    0.301861] device: 'device:10': device_add
[    0.301920] bus: 'acpi': add device device:10
[    0.301986]     utils-0051 util_eval_error       : Evaluate [\_SB_.PCI0.PB7_.XPDV._SUN]: AE_NOT_FOUND
[    0.302183]      scan-1933 add_single_object     : Added device:10 [\_SB_.PCI0.PB7_.XPDV] parent device:0f
[    0.302330]      scan-1141 get_device_data       : No context for object [ffff88040d827208]
[    0.302503]      scan-1141 get_device_data       : No context for object [ffff88040d827230]
[    0.302693]      scan-1141 get_device_data       : No context for object [ffff88040d827258]
[    0.302889]      scan-1141 get_device_data       : No context for object [ffff88040d827280]
[    0.303084]      scan-1141 get_device_data       : No context for object [ffff88040d8272a8]
[    0.303335]      scan-1141 get_device_data       : No context for object [ffff88040d837488]
[    0.303524]      scan-1141 get_device_data       : No context for object [ffff88040d8272d0]
[    0.303715]      scan-1141 get_device_data       : No context for object [ffff88040d8272f8]
[    0.303908]     utils-0051 util_eval_error       : Evaluate [\_SB_.PCI0.OHC1._STA]: AE_NOT_FOUND
[    0.304129] device: 'device:11': device_add
[    0.304192] bus: 'acpi': add device device:11
[    0.304266]     utils-0051 util_eval_error       : Evaluate [\_SB_.PCI0.OHC1._SUN]: AE_NOT_FOUND
[    0.304426]      scan-1933 add_single_object     : Added device:11 [\_SB_.PCI0.OHC1] parent PNP0A08:00
[    0.304605]      scan-1141 get_device_data       : No context for object [ffff88040d827320]
[    0.304798]      scan-1141 get_device_data       : No context for object [ffff88040d827348]
[    0.304990]      scan-1141 get_device_data       : No context for object [ffff88040d83b2f8]
[    0.305183]     utils-0051 util_eval_error       : Evaluate [\_SB_.PCI0.OHC1.RHUB._STA]: AE_NOT_FOUND
[    0.305378] device: 'device:12': device_add
[    0.305437] bus: 'acpi': add device device:12
[    0.305503]     utils-0051 util_eval_error       : Evaluate [\_SB_.PCI0.OHC1.RHUB._SUN]: AE_NOT_FOUND
[    0.306722]      scan-1933 add_single_object     : Added device:12 [\_SB_.PCI0.OHC1.RHUB] parent device:11
[    0.306722]      scan-1141 get_device_data       : No context for object [ffff88040d83b320]
[    0.306722]      scan-1141 get_device_data       : No context for object [ffff88040d83b348]
[    0.306722]     utils-0051 util_eval_error       : Evaluate [\_SB_.PCI0.OHC1.RHUB.PRT3._STA]: AE_NOT_FOUND
[    0.306722] device: 'device:13': device_add
[    0.306722] bus: 'acpi': add device device:13
[    0.306722]     utils-0051 util_eval_error       : Evaluate [\_SB_.PCI0.OHC1.RHUB.PRT3._SUN]: AE_NOT_FOUND
[    0.306834]      scan-1933 add_single_object     : Added device:13 [\_SB_.PCI0.OHC1.RHUB.PRT3] parent device:12
[    0.307039]      scan-1141 get_device_data       : No context for object [ffff88040d83b370]
[    0.307235]      scan-1141 get_device_data       : No context for object [ffff88040d83b398]
[    0.307408]      scan-1141 get_device_data       : No context for object [ffff88040d83b3c0]
[    0.307601]      scan-1141 get_device_data       : No context for object [ffff88040d83b3e8]
[    0.307794]     utils-0051 util_eval_error       : Evaluate [\_SB_.PCI0.OHC1.RHUB.PRT4._STA]: AE_NOT_FOUND
[    0.308008] device: 'device:14': device_add
[    0.308068] bus: 'acpi': add device device:14
[    0.308133]     utils-0051 util_eval_error       : Evaluate [\_SB_.PCI0.OHC1.RHUB.PRT4._SUN]: AE_NOT_FOUND
[    0.310059]      scan-1933 add_single_object     : Added device:14 [\_SB_.PCI0.OHC1.RHUB.PRT4] parent device:12
[    0.310059]      scan-1141 get_device_data       : No context for object [ffff88040d83b410]
[    0.310059]      scan-1141 get_device_data       : No context for object [ffff88040d83b438]
[    0.310059]      scan-1141 get_device_data       : No context for object [ffff88040d83b460]
[    0.310059]      scan-1141 get_device_data       : No context for object [ffff88040d827370]
[    0.310059]     utils-0051 util_eval_error       : Evaluate [\_SB_.PCI0.EHC1._STA]: AE_NOT_FOUND
[    0.310059] device: 'device:15': device_add
[    0.310059] bus: 'acpi': add device device:15
[    0.310059]     utils-0051 util_eval_error       : Evaluate [\_SB_.PCI0.EHC1._SUN]: AE_NOT_FOUND
[    0.310079]      scan-1933 add_single_object     : Added device:15 [\_SB_.PCI0.EHC1] parent PNP0A08:00
[    0.310079]      scan-1141 get_device_data       : No context for object [ffff88040d827398]
[    0.310195]      scan-1141 get_device_data       : No context for object [ffff88040d8273c0]
[    0.310341]      scan-1141 get_device_data       : No context for object [ffff88040d83b028]
[    0.310515]     utils-0051 util_eval_error       : Evaluate [\_SB_.PCI0.EHC1.RHUB._STA]: AE_NOT_FOUND
[    0.310728] device: 'device:16': device_add
[    0.310789] bus: 'acpi': add device device:16
[    0.310862]     utils-0051 util_eval_error       : Evaluate [\_SB_.PCI0.EHC1.RHUB._SUN]: AE_NOT_FOUND
[    0.311070]      scan-1933 add_single_object     : Added device:16 [\_SB_.PCI0.EHC1.RHUB] parent device:15
[    0.311271]      scan-1141 get_device_data       : No context for object [ffff88040d83b050]
[    0.311463]      scan-1141 get_device_data       : No context for object [ffff88040d83b078]
[    0.311656]     utils-0051 util_eval_error       : Evaluate [\_SB_.PCI0.EHC1.RHUB.PRT3._STA]: AE_NOT_FOUND
[    0.311872] device: 'device:17': device_add
[    0.311931] bus: 'acpi': add device device:17
[    0.311997]     utils-0051 util_eval_error       : Evaluate [\_SB_.PCI0.EHC1.RHUB.PRT3._SUN]: AE_NOT_FOUND
[    0.313382]      scan-1933 add_single_object     : Added device:17 [\_SB_.PCI0.EHC1.RHUB.PRT3] parent device:16
[    0.313382]      scan-1141 get_device_data       : No context for object [ffff88040d83b0a0]
[    0.313382]      scan-1141 get_device_data       : No context for object [ffff88040d83b0c8]
[    0.313382]      scan-1141 get_device_data       : No context for object [ffff88040d83b0f0]
[    0.313382]      scan-1141 get_device_data       : No context for object [ffff88040d83b118]
[    0.313382]     utils-0051 util_eval_error       : Evaluate [\_SB_.PCI0.EHC1.RHUB.PRT4._STA]: AE_NOT_FOUND
[    0.313382] device: 'device:18': device_add
[    0.313415] bus: 'acpi': add device device:18
[    0.313483]     utils-0051 util_eval_error       : Evaluate [\_SB_.PCI0.EHC1.RHUB.PRT4._SUN]: AE_NOT_FOUND
[    0.313690]      scan-1933 add_single_object     : Added device:18 [\_SB_.PCI0.EHC1.RHUB.PRT4] parent device:16
[    0.313893]      scan-1141 get_device_data       : No context for object [ffff88040d83b140]
[    0.314090]      scan-1141 get_device_data       : No context for object [ffff88040d83b168]
[    0.314282]      scan-1141 get_device_data       : No context for object [ffff88040d83b190]
[    0.314477]      scan-1141 get_device_data       : No context for object [ffff88040d8273e8]
[    0.314670]     utils-0051 util_eval_error       : Evaluate [\_SB_.PCI0.OHC2._STA]: AE_NOT_FOUND
[    0.314893] device: 'device:19': device_add
[    0.314955] bus: 'acpi': add device device:19
[    0.315030]     utils-0051 util_eval_error       : Evaluate [\_SB_.PCI0.OHC2._SUN]: AE_NOT_FOUND
[    0.316710]      scan-1933 add_single_object     : Added device:19 [\_SB_.PCI0.OHC2] parent PNP0A08:00
[    0.316710]      scan-1141 get_device_data       : No context for object [ffff88040d827410]
[    0.316710]      scan-1141 get_device_data       : No context for object [ffff88040d827438]
[    0.316793]      scan-1141 get_device_data       : No context for object [ffff88040d83b488]
[    0.316984]     utils-0051 util_eval_error       : Evaluate [\_SB_.PCI0.OHC2.RHUB._STA]: AE_NOT_FOUND
[    0.317196] device: 'device:1a': device_add
[    0.317254] bus: 'acpi': add device device:1a
[    0.317320]     utils-0051 util_eval_error       : Evaluate [\_SB_.PCI0.OHC2.RHUB._SUN]: AE_NOT_FOUND
[    0.317498]      scan-1933 add_single_object     : Added device:1a [\_SB_.PCI0.OHC2.RHUB] parent device:19
[    0.317691]      scan-1141 get_device_data       : No context for object [ffff88040d83b4b0]
[    0.317885]      scan-1141 get_device_data       : No context for object [ffff88040d83b4d8]
[    0.318082]     utils-0051 util_eval_error       : Evaluate [\_SB_.PCI0.OHC2.RHUB.PRT4._STA]: AE_NOT_FOUND
[    0.318297] device: 'device:1b': device_add
[    0.318354] bus: 'acpi': add device device:1b
[    0.318420]     utils-0051 util_eval_error       : Evaluate [\_SB_.PCI0.OHC2.RHUB.PRT4._SUN]: AE_NOT_FOUND
[    0.320036]      scan-1933 add_single_object     : Added device:1b [\_SB_.PCI0.OHC2.RHUB.PRT4] parent device:1a
[    0.320036]      scan-1141 get_device_data       : No context for object [ffff88040d83b500]
[    0.320036]      scan-1141 get_device_data       : No context for object [ffff88040d83b528]
[    0.320036]      scan-1141 get_device_data       : No context for object [ffff88040d83b550]
[    0.320036]      scan-1141 get_device_data       : No context for object [ffff88040d827460]
[    0.320036]     utils-0051 util_eval_error       : Evaluate [\_SB_.PCI0.EHC2._STA]: AE_NOT_FOUND
