[    0.000000] Initializing cgroup subsys cpuset
[    0.000000] Initializing cgroup subsys cpu
[    0.000000] Initializing cgroup subsys cpuacct
[    0.000000] Linux version 3.17.0-rc2-g81bbadc (emacs@manji) (gcc version 4.9.1 (GCC) ) #58 SMP Sun Aug 31 20:50:53 CEST 2014
[    0.000000] Command line: BOOT_IMAGE=/vmlinuz-linux-git root=UUID=bfa4ab6e-19a3-4601-ba2b-267c55841c73 rw cryptdevice=/dev/disk/by-uuid/70c08890-417a-497d-b6ab-c0d0357a63e2:cryptManjaro:allow-discards ipv6.disable=1 pnp.debug=1 loglevel=9 log_buf_len=10M printk.always_kmsg_dump=y printk.time=y mminit_loglevel=0 memory_corruption_check=1 acpi.debug_layer=0xfbff0000 acpi.debug_level=0xFFFFFFFD pnp.debug=1 nohz=on rcu_nocbs=1-3 pcie_aspm=force fbcon=scrollback:4096k fbcon=font:ProFont6x11 radeon.audio=0 radeon.lockup_timeout=0 radeon.test=0 radeon.agpmode=-1 radeon.benchmark=0 radeon.tv=0 radeon.hard_reset=1 radeon.aspm=1 radeon.dpm=1 radeon.msi=1 radeon.pcie_gen2=-1 radeon.no_wb=1 radeon.modeset=1 radeon.dynclks=1 radeon.r4xx_atom=0 radeon.runpm=0 radeonfb radeon.fastfb=1 nomodeset
[    0.000000] KERNEL supported cpus:
[    0.000000]   AMD AuthenticAMD
[    0.000000] tseg: 00bfe00000
[    0.000000] e820: BIOS-provided physical RAM map:
[    0.000000] BIOS-e820: [mem 0x0000000000000000-0x000000000009d7ff] usable
[    0.000000] BIOS-e820: [mem 0x000000000009d800-0x000000000009ffff] reserved
[    0.000000] BIOS-e820: [mem 0x00000000000e0000-0x00000000000fffff] reserved
[    0.000000] BIOS-e820: [mem 0x0000000000100000-0x00000000bed9afff] usable
[    0.000000] BIOS-e820: [mem 0x00000000bed9b000-0x00000000bf39afff] reserved
[    0.000000] BIOS-e820: [mem 0x00000000bf39b000-0x00000000bf49afff] ACPI NVS
[    0.000000] BIOS-e820: [mem 0x00000000bf49b000-0x00000000bf51afff] ACPI data
[    0.000000] BIOS-e820: [mem 0x00000000bf51b000-0x00000000bfdfffff] usable
[    0.000000] BIOS-e820: [mem 0x00000000bfe00000-0x00000000bfffffff] reserved
[    0.000000] BIOS-e820: [mem 0x00000000fec00000-0x00000000fecfffff] reserved
[    0.000000] BIOS-e820: [mem 0x00000000fed80000-0x00000000fed80fff] reserved
[    0.000000] BIOS-e820: [mem 0x00000000ffe00000-0x00000000ffffffff] reserved
[    0.000000] BIOS-e820: [mem 0x0000000100000000-0x000000041effffff] usable
[    0.000000] NX (Execute Disable) protection: active
[    0.000000] SMBIOS 2.6 present.
[    0.000000] DMI: LENOVO Sabine/Torpedo, BIOS 54CN18WW 07/20/2011
[    0.000000] e820: update [mem 0x00000000-0x00000fff] usable ==> reserved
[    0.000000] e820: remove [mem 0x000a0000-0x000fffff] usable
[    0.000000] e820: last_pfn = 0x41f000 max_arch_pfn = 0x400000000
[    0.000000] MTRR default type: uncachable
[    0.000000] MTRR fixed ranges enabled:
[    0.000000]   00000-9FFFF write-back
[    0.000000]   A0000-BFFFF uncachable
[    0.000000]   C0000-FFFFF write-protect
[    0.000000] MTRR variable ranges enabled:
[    0.000000]   0 base 0000000000 mask FF80000000 write-back
[    0.000000]   1 base 0080000000 mask FFC0000000 write-back
[    0.000000]   2 base 00FFF90000 mask FFFFFF0000 uncachable
[    0.000000]   3 base 00FED80000 mask 0FFFFFF000 uncachable
[    0.000000]   4 disabled
[    0.000000]   5 disabled
[    0.000000]   6 disabled
[    0.000000]   7 base 00FFE00000 mask FFFFE00000 write-protect
[    0.000000] TOM2: 000000041f000000 aka 16880M
[    0.000000] mtrr: your BIOS has configured an incorrect mask, fixing it.
[    0.000000] e820: last_pfn = 0xbfe00 max_arch_pfn = 0x400000000
[    0.000000] found SMP MP-table at [mem 0x000fa8b0-0x000fa8bf] mapped at [ffff8800000fa8b0]
[    0.000000] Base memory trampoline at [ffff880000097000] 97000 size 24576
[    0.000000] Using GB pages for direct mapping
[    0.000000] init_memory_mapping: [mem 0x00000000-0x000fffff]
[    0.000000]  [mem 0x00000000-0x000fffff] page 4k
[    0.000000] BRK [0x01e17000, 0x01e17fff] PGTABLE
[    0.000000] BRK [0x01e18000, 0x01e18fff] PGTABLE
[    0.000000] BRK [0x01e19000, 0x01e19fff] PGTABLE
[    0.000000] init_memory_mapping: [mem 0x41ee00000-0x41effffff]
[    0.000000]  [mem 0x41ee00000-0x41effffff] page 2M
[    0.000000] BRK [0x01e1a000, 0x01e1afff] PGTABLE
[    0.000000] init_memory_mapping: [mem 0x41c000000-0x41edfffff]
[    0.000000]  [mem 0x41c000000-0x41edfffff] page 2M
[    0.000000] init_memory_mapping: [mem 0x400000000-0x41bffffff]
[    0.000000]  [mem 0x400000000-0x41bffffff] page 2M
[    0.000000] init_memory_mapping: [mem 0x00100000-0xbed9afff]
[    0.000000]  [mem 0x00100000-0x001fffff] page 4k
[    0.000000]  [mem 0x00200000-0x3fffffff] page 2M
[    0.000000]  [mem 0x40000000-0x7fffffff] page 1G
[    0.000000]  [mem 0x80000000-0xbebfffff] page 2M
[    0.000000]  [mem 0xbec00000-0xbed9afff] page 4k
[    0.000000] init_memory_mapping: [mem 0xbf51b000-0xbfdfffff]
[    0.000000]  [mem 0xbf51b000-0xbf5fffff] page 4k
[    0.000000]  [mem 0xbf600000-0xbfdfffff] page 2M
[    0.000000] BRK [0x01e1b000, 0x01e1bfff] PGTABLE
[    0.000000] init_memory_mapping: [mem 0x100000000-0x3ffffffff]
[    0.000000]  [mem 0x100000000-0x3ffffffff] page 1G
[    0.000000] log_buf_len: 16777216 bytes
[    0.000000] early log buf free: 2092044(99%)
[    0.000000] RAMDISK: [mem 0x3782c000-0x37c0dfff]
[    0.000000] ACPI: Early table checksum verification disabled
[    0.000000] ACPI: RSDP 0x00000000000F0110 000024 (v02 LENOVO)
[    0.000000] ACPI: XSDT 0x00000000BF51A120 000074 (v01 LENOVO CB-01    00000001 LENO 00000001)
[    0.000000] ACPI: FACP 0x00000000BF508000 0000F4 (v04 LENOVO CB-01    00000001 PTL  00000001)
[    0.000000] ACPI: DSDT 0x00000000BF50A000 00FD10 (v01 LENOVO CB-01    00001000 LENO 00000001)
[    0.000000] ACPI: FACS 0x00000000BF478000 000040
[    0.000000] ACPI: HPET 0x00000000BF507000 000038 (v01 LENOVO CB-01    00000001 PTL  00000001)
[    0.000000] ACPI: APIC 0x00000000BF506000 00007A (v02 LENOVO CB-01    00000001 PTL  00000001)
[    0.000000] ACPI: MCFG 0x00000000BF505000 00003C (v01 LENOVO CB-01    00000001 PTL  00000001)
[    0.000000] ACPI: SLIC 0x00000000BF504000 000176 (v01 LENOVO CB-01    00000001 LENO 00000001)
[    0.000000] ACPI: UEFI 0x00000000BF503000 00003E (v01 LENOVO CB-01    00000001 PTL  00000001)
[    0.000000] ACPI: UEFI 0x00000000BF502000 000042 (v01 PTL    COMBUF   00000001 PTL  00000001)
[    0.000000] ACPI: SSDT 0x00000000BF501000 000E34 (v01 AMD    POWERNOW 00000001 AMD  00000001)
[    0.000000] ACPI: SSDT 0x00000000BF4FF000 00193D (v02 AMD    ALIB     00000001 MSFT 04000000)
[    0.000000] ACPI: UEFI 0x00000000BF4FE000 00021A (v01 LENOVO CB-01    00000001 PTL  00000001)
[    0.000000] ACPI: Local APIC address 0xfee00000
[    0.000000] No NUMA configuration found
[    0.000000] Faking a node at [mem 0x0000000000000000-0x000000041effffff]
[    0.000000] Initmem setup node 0 [mem 0x00000000-0x41effffff]
[    0.000000]   NODE_DATA [mem 0x41dffa000-0x41dffdfff]
[    0.000000]  [ffffea0000000000-ffffea00107fffff] PMD -> [ffff88040de00000-ffff88041d5fffff] on node 0
[    0.000000] Zone ranges:
[    0.000000]   DMA      [mem 0x00001000-0x00ffffff]
[    0.000000]   DMA32    [mem 0x01000000-0xffffffff]
[    0.000000]   Normal   [mem 0x100000000-0x41effffff]
[    0.000000] Movable zone start for each node
[    0.000000] Early memory node ranges
[    0.000000]   node   0: [mem 0x00001000-0x0009cfff]
[    0.000000]   node   0: [mem 0x00100000-0xbed9afff]
[    0.000000]   node   0: [mem 0xbf51b000-0xbfdfffff]
[    0.000000]   node   0: [mem 0x100000000-0x41effffff]
[    0.000000] On node 0 totalpages: 4056604
[    0.000000]   DMA zone: 64 pages used for memmap
[    0.000000]   DMA zone: 21 pages reserved
[    0.000000]   DMA zone: 3996 pages, LIFO batch:0
[    0.000000]   DMA32 zone: 12186 pages used for memmap
[    0.000000]   DMA32 zone: 779904 pages, LIFO batch:31
[    0.000000]   Normal zone: 51136 pages used for memmap
[    0.000000]   Normal zone: 3272704 pages, LIFO batch:31
[    0.000000] ACPI: PM-Timer IO Port: 0x808
[    0.000000] ACPI: Local APIC address 0xfee00000
[    0.000000] ACPI: LAPIC (acpi_id[0x00] lapic_id[0x00] enabled)
[    0.000000] ACPI: LAPIC (acpi_id[0x01] lapic_id[0x01] enabled)
[    0.000000] ACPI: LAPIC (acpi_id[0x02] lapic_id[0x02] enabled)
[    0.000000] ACPI: LAPIC (acpi_id[0x03] lapic_id[0x03] enabled)
[    0.000000] ACPI: LAPIC_NMI (acpi_id[0x00] high edge lint[0x1])
[    0.000000] ACPI: LAPIC_NMI (acpi_id[0x01] high edge lint[0x1])
[    0.000000] ACPI: LAPIC_NMI (acpi_id[0x02] high edge lint[0x1])
[    0.000000] ACPI: LAPIC_NMI (acpi_id[0x03] high edge lint[0x1])
[    0.000000] ACPI: IOAPIC (id[0x02] address[0xfec00000] gsi_base[0])
[    0.000000] IOAPIC[0]: apic_id 2, version 33, address 0xfec00000, GSI 0-23
[    0.000000] ACPI: INT_SRC_OVR (bus 0 bus_irq 0 global_irq 2 dfl dfl)
[    0.000000] ACPI: IRQ0 used by override.
[    0.000000] ACPI: IRQ9 used by override.
[    0.000000] Using ACPI (MADT) for SMP configuration information
[    0.000000] ACPI: HPET id: 0x43538210 base: 0xfed00000
[    0.000000] smpboot: Allowing 4 CPUs, 0 hotplug CPUs
[    0.000000] e820: [mem 0xc0000000-0xfebfffff] available for PCI devices
[    0.000000] setup_percpu: NR_CPUS:64 nr_cpumask_bits:64 nr_cpu_ids:4 nr_node_ids:1
[    0.000000] PERCPU: Embedded 27 pages/cpu @ffff88041dc00000 s80256 r8192 d22144 u524288
[    0.000000] pcpu-alloc: s80256 r8192 d22144 u524288 alloc=1*2097152
[    0.000000] pcpu-alloc: [0] 0 1 2 3 
[    0.000000] Built 1 zonelists in Zone order, mobility grouping on.  Total pages: 3993197
[    0.000000] Policy zone: Normal
[    0.000000] Kernel command line: BOOT_IMAGE=/vmlinuz-linux-git root=UUID=bfa4ab6e-19a3-4601-ba2b-267c55841c73 rw cryptdevice=/dev/disk/by-uuid/70c08890-417a-497d-b6ab-c0d0357a63e2:cryptManjaro:allow-discards ipv6.disable=1 pnp.debug=1 loglevel=9 log_buf_len=10M printk.always_kmsg_dump=y printk.time=y mminit_loglevel=0 memory_corruption_check=1 acpi.debug_layer=0xfbff0000 acpi.debug_level=0xFFFFFFFD pnp.debug=1 nohz=on rcu_nocbs=1-3 pcie_aspm=force fbcon=scrollback:4096k fbcon=font:ProFont6x11 radeon.audio=0 radeon.lockup_timeout=0 radeon.test=0 radeon.agpmode=-1 radeon.benchmark=0 radeon.tv=0 radeon.hard_reset=1 radeon.aspm=1 radeon.dpm=1 radeon.msi=1 radeon.pcie_gen2=-1 radeon.no_wb=1 radeon.modeset=1 radeon.dynclks=1 radeon.r4xx_atom=0 radeon.runpm=0 radeonfb radeon.fastfb=1 nomodeset
[    0.000000] PCIe ASPM is forcibly enabled
[    0.000000] PID hash table entries: 4096 (order: 3, 32768 bytes)
[    0.000000] Memory: 15870900K/16226416K available (5251K kernel code, 721K rwdata, 2208K rodata, 848K init, 2588K bss, 355516K reserved)
[    0.000000] SLUB: HWalign=64, Order=0-3, MinObjects=0, CPUs=4, Nodes=1
[    0.000000] Hierarchical RCU implementation.
[    0.000000] 	RCU dyntick-idle grace-period acceleration is enabled.
[    0.000000] 	Additional per-CPU info printed with stalls.
[    0.000000] 	RCU restricting CPUs from NR_CPUS=64 to nr_cpu_ids=4.
[    0.000000] 	Offload RCU callbacks from all CPUs
[    0.000000] 	Offload RCU callbacks from CPUs: 0-3.
[    0.000000] RCU: Adjusting geometry for rcu_fanout_leaf=16, nr_cpu_ids=4
[    0.000000] NR_IRQS:4352 nr_irqs:456 0
[    0.000000] spurious 8259A interrupt: IRQ7.
[    0.000000] vgacon: allocated 4194304 bytes of memory for scrollback. CONFIG_VGACON_SOFT_SCROLLBACK_SIZE=4096
[    0.000000] Console: colour VGA+ 80x25
[    0.000000] console [tty0] enabled
[    0.000000] allocated 65011712 bytes of page_cgroup
[    0.000000] please try 'cgroup_disable=memory' option if you don't want memory cgroups
[    0.000000] hpet clockevent registered
[    0.000000] tsc: Fast TSC calibration using PIT
[    0.000000] tsc: Detected 1397.445 MHz processor
[    0.000042] Calibrating delay loop (skipped), value calculated using timer frequency.. 2796.34 BogoMIPS (lpj=4658150)
[    0.000201] pid_max: default: 32768 minimum: 301
[    0.000270] ACPI: Core revision 20140724
[    0.016159] ACPI: All ACPI Tables successfully acquired
[    0.017755] Security Framework initialized
[    0.018885] Dentry cache hash table entries: 2097152 (order: 12, 16777216 bytes)
[    0.024351] Inode-cache hash table entries: 1048576 (order: 11, 8388608 bytes)
[    0.027162] Mount-cache hash table entries: 32768 (order: 6, 262144 bytes)
[    0.027305] Mountpoint-cache hash table entries: 32768 (order: 6, 262144 bytes)
[    0.027783] Initializing cgroup subsys memory
[    0.027902] Initializing cgroup subsys devices
[    0.027969] Initializing cgroup subsys freezer
[    0.028036] Initializing cgroup subsys net_cls
[    0.028103] Initializing cgroup subsys blkio
[    0.028186] CPU: Physical Processor ID: 0
[    0.028248] CPU: Processor Core ID: 0
[    0.028310] mce: CPU supports 6 MCE banks
[    0.028380] Last level iTLB entries: 4KB 512, 2MB 16, 4MB 8
Last level dTLB entries: 4KB 1024, 2MB 128, 4MB 64, 1GB 0
[    0.028650] Freeing SMP alternatives memory: 20K (ffffffff81b8a000 - ffffffff81b8f000)
[    0.029366] ..TIMER: vector=0x30 apic1=0 pin1=2 apic2=-1 pin2=-1
[    0.062446] smpboot: CPU0: AMD A6-3400M APU with Radeon(tm) HD Graphics (fam: 12, model: 01, stepping: 00)
[    0.166646] Performance Events: AMD PMU driver.
[    0.166750] ... version:                0
[    0.166814] ... bit width:              48
[    0.166878] ... generic registers:      4
[    0.166941] ... value mask:             0000ffffffffffff
[    0.167006] ... max period:             00007fffffffffff
[    0.167071] ... fixed-purpose events:   0
[    0.167135] ... event mask:             000000000000000f
[    0.167674] MCE: In-kernel MCE decoding enabled.
[    0.167843] trying cpu_up:
[    0.167955] NMI watchdog: enabled on all CPUs, permanently consumes one hw-PMU counter.
[    0.168271] smpboot: ++++++++++++++++++++=_---CPU UP  1
[    0.168386] x86: Booting SMP configuration:
[    0.168452] .... node  #0, CPUs:      #1
[    0.168561] smpboot: Setting warm reset code and vector.
[    0.168685] smpboot: 1.
[    0.168748] smpboot: 2.
[    0.168810] smpboot: 3.
[    0.168874] smpboot: Asserting INIT
[    0.168937] smpboot: Waiting for INIT send to finish...
[    0.179008] smpboot: status for above ^ is: 0
[    0.179118] smpboot: Deasserting INIT
[    0.179181] smpboot: Waiting for above send to finish...
[    0.179246] smpboot: waiting 3 sec
[    3.184773] smpboot: done waiting
[    3.184882] smpboot: waiting 3 sec
[    6.190374] smpboot: done waiting
[    6.190484] smpboot: #startup loops: 2
[    6.190547] smpboot: Sending STARTUP #1
[    6.190610] smpboot: After apic_write
[    6.094011] smpboot: CPU#1 (phys ID: 1) waiting for CALLOUT
[    6.190975] smpboot: Startup point 1
[    6.191149] smpboot: Waiting for send to finish...
[    6.191413] smpboot: Sending STARTUP #2
[    6.191523] smpboot: After apic_write
[    6.191886] smpboot: Startup point 1
[    6.191996] smpboot: Waiting for send to finish...
[    6.192260] smpboot: After Startup
[    6.192370] smpboot: waiting 3 sec
[    8.092076] Kernel panic - not syncing: smp_callin: CPU1 started up but did not get a callout!

[    8.092080] CPU: 1 PID: 0 Comm: swapper/1 Tainted: G          I    3.17.0-rc2-g81bbadc #58
[    8.092082] Hardware name: LENOVO Sabine/Torpedo, BIOS 54CN18WW 07/20/2011
[    8.092087]  ffff880407807f40 ffff880407807eb0 ffffffff81516031 ffffffff8176c010
[    8.092089]  ffff880407807f30 ffffffff81514a47 0000000000000018 ffff880407807f40
[    8.092091]  ffff880407807ed8 ffffffff81514c95 ffffffff8160378a 0000000000000001
[    8.092092] Call Trace:
[    8.092102]  [<ffffffff81516031>] dump_stack+0x45/0x56
[    8.092106]  [<ffffffff81514a47>] panic+0xbb/0x1d2
[    8.092109]  [<ffffffff81514c95>] ? printk+0x4a/0x52
[    8.092114]  [<ffffffff81023ae3>] start_secondary+0x1e3/0x200
[    8.092134] ---[ end Kernel panic - not syncing: smp_callin: CPU1 started up but did not get a callout!

[    8.092188] do_IRQ: 1.55 No irq handler for vector (irq -1)
[    9.197963] smpboot: done waiting
[    9.198303] smpboot: Before Callout 1
[    9.198366] smpboot: After Callout 1
[    9.198430] smpboot: start waiting 5sec for response
[    9.198573] [sched_delayed] sched: RT throttling activated
[   14.218095] smpboot: done waiting 5sec for response
[   14.218181] smpboot: cpumask_test_cpu result: 0
[   14.218279] smpboot: cpu_callin_mask: 0000000000000001
[   14.218342] smpboot: cpu_callout_mask: 0000000000000003
[   14.218440] smpboot: CPU1: Stuck ??
[   14.218579] smpboot: do_boot_cpu failed(1) to wakeup CPU#1
[   14.218653] doing it one more time: cpu_up !!!!!!!!!!!!
[   14.218699] smpboot: ++++++++++++++++++++=_---CPU UP  1
[   14.218823] x86: Booting SMP configuration:
[   14.218886]     #1
[   14.218959] smpboot: Setting warm reset code and vector.
[   14.219083] smpboot: 1.
[   14.219146] smpboot: 2.
[   14.219208] smpboot: 3.
[   14.219271] smpboot: Asserting INIT
[   14.219334] smpboot: Waiting for INIT send to finish...
[   14.229403] smpboot: status for above ^ is: 0
[   14.229513] smpboot: Deasserting INIT
[   14.229576] smpboot: Waiting for above send to finish...
[   14.229641] smpboot: waiting 3 sec
[   17.235336] smpboot: done waiting
[   17.235445] smpboot: waiting 3 sec
[   20.241220] smpboot: done waiting
[   20.241283] smpboot: #startup loops: 2
[   20.241347] smpboot: Sending STARTUP #1
[   20.241411] smpboot: After apic_write
[   20.144807] smpboot: CPU#1 (phys ID: 1) waiting for CALLOUT
[   20.241775] smpboot: Startup point 1
[   20.241949] smpboot: Waiting for send to finish...
[   20.242214] smpboot: Sending STARTUP #2
[   20.242279] smpboot: After apic_write
[   20.242643] smpboot: Startup point 1
[   20.242752] smpboot: Waiting for send to finish...
[   20.243017] smpboot: After Startup
[   20.243125] smpboot: waiting 3 sec
[   23.249048] smpboot: done waiting
[   23.249157] smpboot: Before Callout 1
[   23.249220] smpboot: After Callout 1
[   23.249283] smpboot: start waiting 5sec for response
[   28.269131] smpboot: done waiting 5sec for response
[   28.269274] smpboot: cpumask_test_cpu result: 0
[   28.269337] smpboot: cpu_callin_mask: 0000000000000001
[   28.269435] smpboot: cpu_callout_mask: 0000000000000003
[   28.269498] smpboot: CPU1: Stuck ??
[   28.269621] smpboot: do_boot_cpu failed(1) to wakeup CPU#1
[   28.269691] after cpu_up !!!!!!!!!!!!
[   28.269729] trying cpu_up:
[   28.269942] smpboot: ++++++++++++++++++++=_---CPU UP  2
[   28.270083]  #2
[   28.270120] smpboot: Setting warm reset code and vector.
[   28.270245] smpboot: 1.
[   28.270307] smpboot: 2.
[   28.270369] smpboot: 3.
[   28.270432] smpboot: Asserting INIT
[   28.270495] smpboot: Waiting for INIT send to finish...
[   28.280564] smpboot: status for above ^ is: 0
[   28.280673] smpboot: Deasserting INIT
[   28.280735] smpboot: Waiting for above send to finish...
[   28.280797] smpboot: waiting 3 sec
[   31.286729] smpboot: done waiting
[   31.286839] smpboot: waiting 3 sec
[   34.292759] smpboot: done waiting
[   34.292848] smpboot: #startup loops: 2
[   34.292913] smpboot: Sending STARTUP #1
[   34.292976] smpboot: After apic_write
[   34.162119] smpboot: CPU#2 (phys ID: 2) waiting for CALLOUT
[   34.293340] smpboot: Startup point 1
[   34.293513] smpboot: Waiting for send to finish...
[   34.293778] smpboot: Sending STARTUP #2
[   34.293857] smpboot: After apic_write
[   34.294220] smpboot: Startup point 1
[   34.294329] smpboot: Waiting for send to finish...
[   34.294594] smpboot: After Startup
[   34.294703] smpboot: waiting 3 sec
[   37.300630] smpboot: done waiting
[   37.300739] smpboot: Before Callout 2
[   37.300803] smpboot: After Callout 2
[   37.300866] smpboot: start waiting 5sec for response
[   42.320810] smpboot: done waiting 5sec for response
[   42.320954] smpboot: cpumask_test_cpu result: 0
[   42.321018] smpboot: cpu_callin_mask: 0000000000000001
[   42.321115] smpboot: cpu_callout_mask: 0000000000000005
[   42.321179] smpboot: CPU2: Stuck ??
[   42.321302] smpboot: do_boot_cpu failed(1) to wakeup CPU#2
[   42.321372] doing it one more time: cpu_up !!!!!!!!!!!!
[   42.321418] smpboot: ++++++++++++++++++++=_---CPU UP  2
[   42.321542]  #2
[   42.321578] smpboot: Setting warm reset code and vector.
[   42.321702] smpboot: 1.
[   42.321764] smpboot: 2.
[   42.321827] smpboot: 3.
[   42.321891] smpboot: Asserting INIT
[   42.321954] smpboot: Waiting for INIT send to finish...
[   42.332024] smpboot: status for above ^ is: 0
[   42.332134] smpboot: Deasserting INIT
[   42.332197] smpboot: Waiting for above send to finish...
[   42.332261] smpboot: waiting 3 sec
[   45.481529] smpboot: done waiting
[   45.481593] smpboot: waiting 3 sec
[   48.487532] smpboot: done waiting
[   48.487595] smpboot: #startup loops: 2
[   48.488759] smpboot: Sending STARTUP #1
[   48.488822] smpboot: After apic_write
[   48.489185] smpboot: Startup point 1
[   48.489294] smpboot: Waiting for send to finish...
[   48.489557] smpboot: Sending STARTUP #2
[   48.489619] smpboot: After apic_write
[   48.489981] smpboot: Startup point 1
[   48.490090] smpboot: Waiting for send to finish...
[   48.490353] smpboot: After Startup
[   48.490460] smpboot: waiting 3 sec
[   51.496400] smpboot: done waiting
[   51.496509] smpboot: Before Callout 2
[   51.496573] smpboot: After Callout 2
[   51.496636] smpboot: start waiting 5sec for response
[   56.516438] smpboot: done waiting 5sec for response
[   56.516582] smpboot: cpumask_test_cpu result: 0
[   56.516644] smpboot: cpu_callin_mask: 0000000000000001
[   56.516742] smpboot: cpu_callout_mask: 0000000000000005
[   56.516806] smpboot: CPU2: Not responding
[   56.516930] smpboot: do_boot_cpu failed(1) to wakeup CPU#2
[   56.516999] after cpu_up !!!!!!!!!!!!
[   56.517038] trying cpu_up:
[   56.517245] smpboot: ++++++++++++++++++++=_---CPU UP  3
[   56.517389]  #3
[   56.517426] smpboot: Setting warm reset code and vector.
[   56.517550] smpboot: 1.
[   56.517613] smpboot: 2.
[   56.517675] smpboot: 3.
[   56.517738] smpboot: Asserting INIT
[   56.517802] smpboot: Waiting for INIT send to finish...
[   56.527871] smpboot: status for above ^ is: 0
[   56.527981] smpboot: Deasserting INIT
[   56.528044] smpboot: Waiting for above send to finish...
[   56.528109] smpboot: waiting 3 sec
[   59.534029] smpboot: done waiting
[   59.534138] smpboot: waiting 3 sec
[   62.540054] smpboot: done waiting
[   62.540154] smpboot: #startup loops: 2
[   62.540217] smpboot: Sending STARTUP #1
[   62.540281] smpboot: After apic_write
[   62.375379] smpboot: CPU#3 (phys ID: 3) waiting for CALLOUT
[   62.540644] smpboot: Startup point 1
[   62.540818] smpboot: Waiting for send to finish...
[   62.541084] smpboot: Sending STARTUP #2
[   62.541162] smpboot: After apic_write
[   62.541525] smpboot: Startup point 1
[   62.541635] smpboot: Waiting for send to finish...
[   62.541900] smpboot: After Startup
[   62.542009] smpboot: waiting 3 sec
[   65.547931] smpboot: done waiting
[   65.548040] smpboot: Before Callout 3
[   65.548104] smpboot: After Callout 3
[   65.548167] smpboot: start waiting 5sec for response
[   70.568048] smpboot: done waiting 5sec for response
[   70.568192] smpboot: cpumask_test_cpu result: 0
[   70.568254] smpboot: cpu_callin_mask: 0000000000000001
[   70.568351] smpboot: cpu_callout_mask: 0000000000000009
[   70.568415] smpboot: CPU3: Stuck ??
[   70.568538] smpboot: do_boot_cpu failed(1) to wakeup CPU#3
[   70.568609] doing it one more time: cpu_up !!!!!!!!!!!!
[   70.568653] smpboot: ++++++++++++++++++++=_---CPU UP  3
[   70.568777]  #3
[   70.568814] smpboot: Setting warm reset code and vector.
[   70.568938] smpboot: 1.
[   70.569000] smpboot: 2.
[   70.569062] smpboot: 3.
[   70.569124] smpboot: Asserting INIT
[   70.569188] smpboot: Waiting for INIT send to finish...
[   70.579257] smpboot: status for above ^ is: 0
[   70.579367] smpboot: Deasserting INIT
[   70.579430] smpboot: Waiting for above send to finish...
[   70.579494] smpboot: waiting 3 sec
[   73.585409] smpboot: done waiting
[   73.585518] smpboot: waiting 3 sec
[   76.591444] smpboot: done waiting
[   76.591554] smpboot: #startup loops: 2
[   76.591618] smpboot: Sending STARTUP #1
[   76.591681] smpboot: After apic_write
[   76.426757] smpboot: CPU#3 (phys ID: 3) waiting for CALLOUT
[   76.592045] smpboot: Startup point 1
[   76.592218] smpboot: Waiting for send to finish...
[   76.592483] smpboot: Sending STARTUP #2
[   76.592592] smpboot: After apic_write
[   76.592956] smpboot: Startup point 1
[   76.593066] smpboot: Waiting for send to finish...
[   76.593330] smpboot: After Startup
[   76.593440] smpboot: waiting 3 sec
[   79.599347] smpboot: done waiting
[   79.599457] smpboot: Before Callout 3
[   79.599520] smpboot: After Callout 3
[   79.599583] smpboot: start waiting 5sec for response
[   84.619338] smpboot: done waiting 5sec for response
[   84.619463] smpboot: cpumask_test_cpu result: 0
[   84.619526] smpboot: cpu_callin_mask: 0000000000000001
[   84.619624] smpboot: cpu_callout_mask: 0000000000000009
[   84.619688] smpboot: CPU3: Stuck ??
[   84.619811] smpboot: do_boot_cpu failed(1) to wakeup CPU#3
[   84.619880] after cpu_up !!!!!!!!!!!!
[   84.619919] x86: Booted up 1 node, 1 CPUs
[   84.620040] smpboot: Boot done
[   84.620102] smpboot: Before bogomips
[   84.620167] smpboot: Total of 1 processors activated (2796.34 BogoMIPS)
[   84.620232] smpboot: Before bogocount - setting activated=1
[   84.620913] devtmpfs: initialized
[   84.621055] device: 'platform': device_add
[   84.621149] bus: 'platform': registered
[   84.621225] bus: 'cpu': registered
[   84.621291] device: 'cpu': device_add
[   84.621379] bus: 'container': registered
[   84.621445] device: 'container': device_add
[   84.622235] bus: 'workqueue': registered
[   84.622347] device: 'workqueue': device_add
[   84.622612] atomic64_test: passed for x86-64 platform with CX8 and with SSE
[   84.622729] device class 'regulator': registering
[   84.622817] Registering platform device 'reg-dummy'. Parent at platform
[   84.622884] device: 'reg-dummy': device_add
[   84.622951] bus: 'platform': add device reg-dummy
[   84.623037] bus: 'platform': add driver reg-dummy
[   84.623105] bus: 'platform': driver_probe_device: matched device reg-dummy with driver reg-dummy
[   84.623245] bus: 'platform': really_probe: probing driver reg-dummy with device reg-dummy
[   84.623390] device: 'regulator.0': device_add
[   84.623478] regulator-dummy: no parameters
[   84.623553] driver: 'reg-dummy': driver_bound: bound to device 'reg-dummy'
[   84.623620] bus: 'platform': really_probe: bound device reg-dummy to driver reg-dummy
[   84.623894] NET: Registered protocol family 16
[   84.624313] device class 'bdi': registering
[   84.624441] bus: 'platform': add driver ramoops
[   84.624523] device class 'pci_bus': registering
[   84.624609] bus: 'pci': registered
[   84.624676] device class 'backlight': registering
[   84.624749] device class 'tty': registering
[   84.624821] device class 'vtconsole': registering
[   84.624892] device: 'vtcon0': device_add
[   84.624991] bus: 'node': registered
[   84.625055] device: 'node': device_add
[   84.625151] bus: 'i2c': registered
[   84.625217] bus: 'i2c': add driver dummy
[   84.625288] i2c-core: driver [dummy] registered
[   84.625357] cpuidle: using governor ladder
[   84.625423] cpuidle: using governor menu
[   84.625912] ACPI FADT declares the system doesn't support PCIe ASPM, so disable it
[   84.626097] ACPI: bus type PCI registered
[   84.626162] acpiphp: ACPI Hot Plug PCI Controller Driver version: 0.5
[   84.626230] device class 'dmi': registering
[   84.626301] device: 'id': device_add
[   84.626464] PCI: MMCONFIG for domain 0000 [bus 00-3f] at [mem 0xf8000000-0xfbffffff] (base 0xf8000000)
[   84.626605] PCI: not using MMCONFIG
[   84.626670] PCI: Using configuration type 1 for base access
[   84.626734] PCI: Using configuration type 1 for extended access
[   84.627105] device: 'node0': device_add
[   84.627219] bus: 'node': add device node0
[   84.627309] device: 'cpu0': device_add
[   84.627375] bus: 'cpu': add device cpu0
[   84.627478] device: 'cpu1': device_add
[   84.627581] bus: 'cpu': add device cpu1
[   84.627680] device: 'cpu2': device_add
[   84.627747] bus: 'cpu': add device cpu2
[   84.627849] device: 'cpu3': device_add
[   84.627964] bus: 'cpu': add device cpu3
[   84.630425] device: 'writeback': device_add
[   84.630506] bus: 'workqueue': add device writeback
[   84.630603] device: 'default': device_add
[   84.630861] kworker/u8:0 (41) used greatest stack depth: 15104 bytes left
[   84.631013] device class 'block': registering
[   84.631237] ACPI: Added _OSI(Module Device)
[   84.631349] ACPI: Added _OSI(Processor Device)
[   84.631413] ACPI: Added _OSI(3.0 _SCP Extensions)
[   84.631478] ACPI: Added _OSI(Processor Aggregator Device)
[   84.634316] 
**** Context Switch from TID 4294967295 to TID 133431296 ****

[   84.634533]     utils-0051 util_eval_error       : Evaluate [\_SB_.PCI0.LPC0.EC0_._GLK]: AE_NOT_FOUND
[   84.635102] Executing  Method       \_SB_.PCI0.LPC0.EC0_._REG
[   84.635873] Executing  Method       \_SB_.PCI0.LPC0.EC0_._REG
[   84.637091] Executing  Method       \_SB_.PCI0.LPC0.EC0_._REG
[   84.637270] Executing  Method       \_SB_.PCI0.LPC0.EC0_._REG
[   84.640457] Initializing Region       \_SB_.OSTY
[   84.640617] Initializing Region       \_SB_.PCI0.NBMS
[   84.640765] Initializing Region       \_SB_.PCI0.NBXP
[   84.640915] Initializing Region       \_SB_.PCI0.K8ST
[   84.641100] Initializing Region       \_SB_.PCI0.BAR1
[   84.641306] Initializing Region       \_SB_.PCI0.PB2_.XPEX
[   84.641454] Initializing Region       \_SB_.PCI0.PB2_.PCFG
[   84.641601] Initializing Region       \_SB_.PCI0.PB2_.XPCB
[   84.641749] Initializing Region       \_SB_.PCI0.PB2_.XPRI
[   84.641900] Initializing Region       \_SB_.PCI0.PB2_.VGA_.PCFG
[   84.642106] Initializing Region       \_SB_.PCI0.PB2_.HDAU.PCFG
[   84.642284] Initializing Region       \_SB_.PCI0.PB3_.XPEX
[   84.642431] Initializing Region       \_SB_.PCI0.PB3_.PCFG
[   84.642579] Initializing Region       \_SB_.PCI0.PB3_.XPCB
[   84.642728] Initializing Region       \_SB_.PCI0.PB3_.XPRI
[   84.642879] Initializing Region       \_SB_.PCI0.PB3_.VGA_.PCFG
[   84.643093] Initializing Region       \_SB_.PCI0.PB3_.HDAU.PCFG
[   84.643262] Initializing Region       \_SB_.PCI0.PB4_.XPEX
[   84.643408] Initializing Region       \_SB_.PCI0.PB4_.PCFG
[   84.643556] Initializing Region       \_SB_.PCI0.PB4_.XPCB
[   84.643705] Initializing Region       \_SB_.PCI0.PB4_.XPRI
[   84.643860] Initializing Region       \_SB_.PCI0.PB4_.XPDV.PCFG
[   84.644022] Initializing Region       \_SB_.PCI0.PB5_.XPEX
[   84.644170] Initializing Region       \_SB_.PCI0.PB5_.PCFG
[   84.644317] Initializing Region       \_SB_.PCI0.PB5_.XPCB
[   84.644465] Initializing Region       \_SB_.PCI0.PB5_.XPRI
[   84.644617] Initializing Region       \_SB_.PCI0.PB5_.XPDV.PCFG
[   84.644779] Initializing Region       \_SB_.PCI0.PB6_.XPEX
[   84.644926] Initializing Region       \_SB_.PCI0.PB6_.PCFG
[   84.645073] Initializing Region       \_SB_.PCI0.PB6_.XPCB
[   84.645222] Initializing Region       \_SB_.PCI0.PB6_.XPRI
[   84.645373] Initializing Region       \_SB_.PCI0.PB6_.XPDV.PCFG
[   84.645535] Initializing Region       \_SB_.PCI0.PB7_.XPEX
[   84.645682] Initializing Region       \_SB_.PCI0.PB7_.PCFG
[   84.645829] Initializing Region       \_SB_.PCI0.PB7_.XPCB
[   84.645979] Initializing Region       \_SB_.PCI0.PB7_.XPRI
[   84.646131] Initializing Region       \_SB_.PCI0.PB7_.XPDV.PCFG
[   84.646546] Initializing Region       \_SB_.PCI0.SATC
[   84.646740] Initializing Region       \_SB_.PCI0.RMEM
[   84.646918] Initializing Region       \_SB_.PCI0.SATA.SATX
[   84.647072] Initializing Region       \_SB_.PCI0.SATA.BAR5
[   84.648465] Initializing Region       \_SB_.PCI0.SMB_.SBRV
[   84.648618] Initializing Region       \_SB_.PCI0.SMB_.PMIO
[   84.648768] Initializing Region       \_SB_.PCI0.SMB_.ERMM
[   84.649046] Initializing Region       \_SB_.PCI0.SMB_.P1E0
[   84.649255] Initializing Region       \_SB_.PCI0.SMB_.ABIO
[   84.649404] Initializing Region       \_SB_.PCI0.SMB_.SMB0
[   84.649557] Initializing Region       \_SB_.PCI0.LPC0.PIRQ
[   84.649761] Initializing Region       \_SB_.PCI0.LPC0.LPCR
[   84.650007] Initializing Region       \_SB_.PCI0.LPC0.LPCS
[   84.650212] Initializing Region       \_SB_.PCI0.LPC0.SMI0
[   84.650360] Initializing Region       \_SB_.PCI0.LPC0.SMI1
[   84.650519] Initializing Region       \_SB_.PCI0.LPC0.EC0_.ECO1
[   84.650666] Initializing Region       \_SB_.PCI0.LPC0.EC0_.ECO2
[   84.650813] Initializing Region       \_SB_.PCI0.LPC0.EC0_.ECMB
[   84.650960] Initializing Region       \_SB_.PCI0.LPC0.EC0_.RAM_
[   84.651217] Initializing Region       \_SB_.PCI0.LPC0.EC0_.CMOS
[   84.651390] Initializing Region       \_SB_.PCI0.LPC0.EC0_.VPC0.ERAM
[   84.651630] Initializing Region       \_SB_.PCI0.SPB0.PCFG
[   84.651825] Initializing Region       \_SB_.PCI0.SPB0.XPCB
[   84.651977] Initializing Region       \_SB_.PCI0.SPB0.XPDV.PCFG
[   84.652138] Initializing Region       \_SB_.PCI0.SPB1.PCFG
[   84.652285] Initializing Region       \_SB_.PCI0.SPB1.XPCB
[   84.652435] Initializing Region       \_SB_.PCI0.SPB1.XPDV.PCFG
[   84.652596] Initializing Region       \_SB_.PCI0.SPB2.PCFG
[   84.652742] Initializing Region       \_SB_.PCI0.SPB2.XPCB
[   84.652886] Initializing Region       \_SB_.PCI0.SPB2.XPDV.PCFG
[   84.653042] Initializing Region       \_SB_.PCI0.SPB3.PCFG
[   84.653189] Initializing Region       \_SB_.PCI0.SPB3.XPCB
[   84.653339] Initializing Region       \_SB_.PCI0.SPB3.XPDV.PCFG
[   84.653660] Initializing Region       \_SB_.PCI0.VGA_.REVD
[   84.654071] Initializing BufferField  \_SB_.AMW0.WLID
[   84.654715] Initializing Region       \DEB2
[   84.654910] Initializing Region       \PMIO
[   84.655056] Initializing Region       \P01_
[   84.655228] Initializing Region       \CNVS
[   84.655433] Initializing Region       \SPRT
[   84.655594] Initializing Region       \CMIO
[   84.655892] Executing  Method       \_SB_._STA
[   84.656109] Executing  Method       \_SB_._INI
[   84.656279] Executing  Method       \_SB_.PCI0._STA
[   84.656449] Executing  Method       \_SB_.PCI0._INI
[   84.656875] [Firmware Bug]: ACPI: BIOS _OSI(Linux) query ignored
[   84.657388] Executing  Method       \_SB_.PCI0.SATA._STA
[   84.657591] Executing  Method       \_SB_.PCI0.SATA._INI
[   84.658536] Executing  Method       \_SB_.PCI0.LPC0.EC0_._REG
[   84.659452] kworker/u8:0 (61) used greatest stack depth: 14464 bytes left
[   84.659549] kworker/u8:0 (62) used greatest stack depth: 14176 bytes left
[   84.697872] ACPI: Interpreter enabled
[   84.698002] ACPI: (supports S0 S5)
[   84.698066] ACPI: Using IOAPIC for interrupt routing
[   84.698494] PCI: MMCONFIG for domain 0000 [bus 00-3f] at [mem 0xf8000000-0xfbffffff] (base 0xf8000000)
[   84.699378] PCI: MMCONFIG at [mem 0xf8000000-0xfbffffff] reserved in ACPI motherboard resources
[   84.699646] bus: 'acpi': registered
[   84.699761] PCI: Using host bridge windows from ACPI; if necessary, use "pci=nocrs" and report a bug
[   84.699912]      scan-1141 get_device_data       : No context for object [ffffffffffffffff]
[   84.700129]     utils-0051 util_eval_error       : Evaluate [\._STA]: AE_NOT_FOUND
[   84.700355] device: 'LNXSYSTM:00': device_add
[   84.700425] bus: 'acpi': add device LNXSYSTM:00
[   84.700520]     utils-0051 util_eval_error       : Evaluate [\._SUN]: AE_NOT_FOUND
[   84.700716]      scan-1933 add_single_object     : Added LNXSYSTM:00 [\] parent (null)
[   84.700936]      scan-1141 get_device_data       : No context for object [ffff88040d81d000]
[   84.701145]      scan-1141 get_device_data       : No context for object [ffff88040d8377d0]
[   84.701356]      scan-1141 get_device_data       : No context for object [ffff88040d8377f8]
[   84.701554]      scan-1141 get_device_data       : No context for object [ffff88040d837820]
[   84.701764]      scan-1141 get_device_data       : No context for object [ffff88040d837848]
[   84.701973]      scan-1141 get_device_data       : No context for object [ffff88040d837870]
[   84.702173]      scan-1141 get_device_data       : No context for object [ffff88040d837898]
[   84.702368]      scan-1141 get_device_data       : No context for object [ffff88040d8378c0]
[   84.702545]      scan-1141 get_device_data       : No context for object [ffff88040d8378e8]
[   84.702740]      scan-1141 get_device_data       : No context for object [ffff88040d839398]
[   84.702935]      scan-1141 get_device_data       : No context for object [ffff88040d81d028]
[   84.703131]      scan-1141 get_device_data       : No context for object [ffff88040d81d168]
[   84.703329]     utils-0051 util_eval_error       : Evaluate [\_PR_.C000._STA]: AE_NOT_FOUND
[   84.703479]      scan-1141 get_device_data       : No context for object [ffff88040d81d028]
[   84.703666] device: 'LNXCPU:00': device_add
[   84.703728] bus: 'acpi': add device LNXCPU:00
[   84.703810]     utils-0051 util_eval_error       : Evaluate [\_PR_.C000._SUN]: AE_NOT_FOUND
[   84.704012]      scan-1933 add_single_object     : Added LNXCPU:00 [\_PR_.C000] parent LNXSYSTM:00
[   84.704211]      scan-1141 get_device_data       : No context for object [ffff88040d83c398]
[   84.704406]      scan-1141 get_device_data       : No context for object [ffff88040d83c3c0]
[   84.704601]      scan-1141 get_device_data       : No context for object [ffff88040d83c3e8]
[   84.704795]      scan-1141 get_device_data       : No context for object [ffff88040d83c410]
[   84.704990]      scan-1141 get_device_data       : No context for object [ffff88040d83c438]
[   84.705185]      scan-1141 get_device_data       : No context for object [ffff88040d83c460]
[   84.705379]      scan-1141 get_device_data       : No context for object [ffff88040d81d190]
[   84.705558]     utils-0051 util_eval_error       : Evaluate [\_PR_.C001._STA]: AE_NOT_FOUND
[   84.705754]      scan-1141 get_device_data       : No context for object [ffff88040d81d028]
[   84.705957] device: 'LNXCPU:01': device_add
[   84.706018] bus: 'acpi': add device LNXCPU:01
[   84.706093]     utils-0051 util_eval_error       : Evaluate [\_PR_.C001._SUN]: AE_NOT_FOUND
[   84.706295]      scan-1933 add_single_object     : Added LNXCPU:01 [\_PR_.C001] parent LNXSYSTM:00
[   84.706475]      scan-1141 get_device_data       : No context for object [ffff88040d83c488]
[   84.706673]      scan-1141 get_device_data       : No context for object [ffff88040d83c4b0]
[   84.706870]      scan-1141 get_device_data       : No context for object [ffff88040d83c4d8]
[   84.707068]      scan-1141 get_device_data       : No context for object [ffff88040d83c500]
[   84.707269]      scan-1141 get_device_data       : No context for object [ffff88040d83c528]
[   84.707446]      scan-1141 get_device_data       : No context for object [ffff88040d83c550]
[   84.708664]      scan-1141 get_device_data       : No context for object [ffff88040d81d1b8]
[   84.708863]     utils-0051 util_eval_error       : Evaluate [\_PR_.C002._STA]: AE_NOT_FOUND
[   84.709061]      scan-1141 get_device_data       : No context for object [ffff88040d81d028]
[   84.709267] device: 'LNXCPU:02': device_add
[   84.709330] bus: 'acpi': add device LNXCPU:02
[   84.709407]     utils-0051 util_eval_error       : Evaluate [\_PR_.C002._SUN]: AE_NOT_FOUND
[   84.709590]      scan-1933 add_single_object     : Added LNXCPU:02 [\_PR_.C002] parent LNXSYSTM:00
[   84.709792]      scan-1141 get_device_data       : No context for object [ffff88040d83c578]
[   84.709990]      scan-1141 get_device_data       : No context for object [ffff88040d83c5a0]
[   84.710188]      scan-1141 get_device_data       : No context for object [ffff88040d83c5c8]
[   84.710384]      scan-1141 get_device_data       : No context for object [ffff88040d83c5f0]
[   84.710580]      scan-1141 get_device_data       : No context for object [ffff88040d83c618]
[   84.710777]      scan-1141 get_device_data       : No context for object [ffff88040d83c640]
[   84.710975]      scan-1141 get_device_data       : No context for object [ffff88040d81d1e0]
[   84.711173]     utils-0051 util_eval_error       : Evaluate [\_PR_.C003._STA]: AE_NOT_FOUND
[   84.711372]      scan-1141 get_device_data       : No context for object [ffff88040d81d028]
[   84.711565] device: 'LNXCPU:03': device_add
[   84.711627] bus: 'acpi': add device LNXCPU:03
[   84.711702]     utils-0051 util_eval_error       : Evaluate [\_PR_.C003._SUN]: AE_NOT_FOUND
[   84.711905]      scan-1933 add_single_object     : Added LNXCPU:03 [\_PR_.C003] parent LNXSYSTM:00
[   84.712107]      scan-1141 get_device_data       : No context for object [ffff88040d83c668]
[   84.712304]      scan-1141 get_device_data       : No context for object [ffff88040d83c690]
[   84.712481]      scan-1141 get_device_data       : No context for object [ffff88040d83c6b8]
[   84.712678]      scan-1141 get_device_data       : No context for object [ffff88040d83c6e0]
[   84.712876]      scan-1141 get_device_data       : No context for object [ffff88040d83c708]
[   84.713073]      scan-1141 get_device_data       : No context for object [ffff88040d83c730]
[   84.713271]      scan-1141 get_device_data       : No context for object [ffff88040d81d050]
[   84.713450]     utils-0051 util_eval_error       : Evaluate [\_SB_._STA]: AE_NOT_FOUND
[   84.713697] device: 'LNXSYBUS:00': device_add
[   84.713808] bus: 'acpi': add device LNXSYBUS:00
[   84.713885]     utils-0051 util_eval_error       : Evaluate [\_SB_._SUN]: AE_NOT_FOUND
[   84.714090]      scan-1933 add_single_object     : Added LNXSYBUS:00 [\_SB_] parent LNXSYSTM:00
[   84.714296]      scan-1141 get_device_data       : No context for object [ffff88040d81d3c0]
[   84.714473]      scan-1141 get_device_data       : No context for object [ffff88040d81d3e8]
[   84.714670]      scan-1141 get_device_data       : No context for object [ffff88040d81d410]
[   84.714867]      scan-1141 get_device_data       : No context for object [ffff88040d81d438]
[   84.715064]      scan-1141 get_device_data       : No context for object [ffff88040d81d460]
[   84.715261]      scan-1141 get_device_data       : No context for object [ffff88040d81d488]
[   84.715438]      scan-1141 get_device_data       : No context for object [ffff88040d81d4b0]
[   84.715635]      scan-1141 get_device_data       : No context for object [ffff88040d81d5a0]
[   84.715833]     utils-0051 util_eval_error       : Evaluate [\_SB_.PWRB._STA]: AE_NOT_FOUND
[   84.716064] device: 'PNP0C0C:00': device_add
[   84.716126] bus: 'acpi': add device PNP0C0C:00
[   84.716203]     utils-0051 util_eval_error       : Evaluate [\_SB_.PWRB._SUN]: AE_NOT_FOUND
[   84.716408]      scan-1933 add_single_object     : Added PNP0C0C:00 [\_SB_.PWRB] parent LNXSYBUS:00
[   84.716615]      scan-1141 get_device_data       : No context for object [ffff88040d81d5c8]
[   84.716813]      scan-1141 get_device_data       : No context for object [ffff88040d81d5f0]
[   84.717012]     utils-0051 util_eval_error       : Evaluate [\_SB_.PCI0._STA]: AE_NOT_FOUND
[   84.717267] device: 'PNP0A08:00': device_add
[   84.717376] bus: 'acpi': add device PNP0A08:00
[   84.717455]     utils-0051 util_eval_error       : Evaluate [\_SB_.PCI0._SUN]: AE_NOT_FOUND
[   84.717640]      scan-1933 add_single_object     : Added PNP0A08:00 [\_SB_.PCI0] parent LNXSYBUS:00
[   84.717848]      scan-1141 get_device_data       : No context for object [ffff88040d81d618]
[   84.718046]      scan-1141 get_device_data       : No context for object [ffff88040d81d640]
[   84.718243]      scan-1141 get_device_data       : No context for object [ffff88040d81d668]
[   84.718420]      scan-1141 get_device_data       : No context for object [ffff88040d81d690]
[   84.718619]      scan-1141 get_device_data       : No context for object [ffff88040d81d6b8]
[   84.718816]      scan-1141 get_device_data       : No context for object [ffff88040d81d6e0]
[   84.719010]      scan-1141 get_device_data       : No context for object [ffff88040d81d708]
[   84.719205]      scan-1141 get_device_data       : No context for object [ffff88040d81d730]
[   84.719398]      scan-1141 get_device_data       : No context for object [ffff88040d81d758]
[   84.719594]      scan-1141 get_device_data       : No context for object [ffff88040d81d780]
[   84.719789]      scan-1141 get_device_data       : No context for object [ffff88040d81d7a8]
[   84.719985]      scan-1141 get_device_data       : No context for object [ffff88040d81d7d0]
[   84.720180]      scan-1141 get_device_data       : No context for object [ffff88040d81d7f8]
[   84.720375]      scan-1141 get_device_data       : No context for object [ffff88040d81d820]
[   84.720555]      scan-1141 get_device_data       : No context for object [ffff88040d81d848]
[   84.720750]      scan-1141 get_device_data       : No context for object [ffff88040d81d870]
[   84.720945]      scan-1141 get_device_data       : No context for object [ffff88040d81d898]
[   84.721139]      scan-1141 get_device_data       : No context for object [ffff88040d81d8c0]
[   84.721335]      scan-1141 get_device_data       : No context for object [ffff88040d81d8e8]
[   84.721484]      scan-1141 get_device_data       : No context for object [ffff88040d81d910]
[   84.721661]      scan-1141 get_device_data       : No context for object [ffff88040d81d938]
[   84.721856]      scan-1141 get_device_data       : No context for object [ffff88040d81d960]
[   84.722051]      scan-1141 get_device_data       : No context for object [ffff88040d81d988]
[   84.722246]      scan-1141 get_device_data       : No context for object [ffff88040d81d9b0]
[   84.722423]      scan-1141 get_device_data       : No context for object [ffff88040d81d9d8]
[   84.722618]      scan-1141 get_device_data       : No context for object [ffff88040d81da00]
[   84.722814]      scan-1141 get_device_data       : No context for object [ffff88040d81da28]
[   84.723008]      scan-1141 get_device_data       : No context for object [ffff88040d81da50]
[   84.723204]      scan-1141 get_device_data       : No context for object [ffff88040d81da78]
[   84.723401]      scan-1141 get_device_data       : No context for object [ffff88040d81daa0]
[   84.723599]      scan-1141 get_device_data       : No context for object [ffff88040d81dac8]
[   84.723799]      scan-1141 get_device_data       : No context for object [ffff88040d81daf0]
[   84.723996]      scan-1141 get_device_data       : No context for object [ffff88040d81db18]
[   84.724194]      scan-1141 get_device_data       : No context for object [ffff88040d81db40]
[   84.724392]      scan-1141 get_device_data       : No context for object [ffff88040d81db68]
[   84.724589]      scan-1141 get_device_data       : No context for object [ffff88040d81db90]
[   84.724787]      scan-1141 get_device_data       : No context for object [ffff88040d81dbb8]
[   84.724984]      scan-1141 get_device_data       : No context for object [ffff88040d81dbe0]
[   84.725182]      scan-1141 get_device_data       : No context for object [ffff88040d81dc08]
[   84.725379]      scan-1141 get_device_data       : No context for object [ffff88040d81dc30]
[   84.725560]      scan-1141 get_device_data       : No context for object [ffff88040d81dc58]
[   84.725758]      scan-1141 get_device_data       : No context for object [ffff88040d81dc80]
[   84.725955]      scan-1141 get_device_data       : No context for object [ffff88040d81dca8]
[   84.727173]      scan-1141 get_device_data       : No context for object [ffff88040d81dcd0]
[   84.727370]      scan-1141 get_device_data       : No context for object [ffff88040d81dcf8]
[   84.727522]      scan-1141 get_device_data       : No context for object [ffff88040d81dd20]
[   84.727699]      scan-1141 get_device_data       : No context for object [ffff88040d81dd48]
[   84.727896]      scan-1141 get_device_data       : No context for object [ffff88040d81dd70]
[   84.728094]      scan-1141 get_device_data       : No context for object [ffff88040d81dd98]
[   84.728291]      scan-1141 get_device_data       : No context for object [ffff88040d81ddc0]
[   84.728469]      scan-1141 get_device_data       : No context for object [ffff88040d81dde8]
[   84.728666]      scan-1141 get_device_data       : No context for object [ffff88040d81de10]
[   84.728864]      scan-1141 get_device_data       : No context for object [ffff88040d81de38]
[   84.729060]      scan-1141 get_device_data       : No context for object [ffff88040d81de60]
[   84.729259]      scan-1141 get_device_data       : No context for object [ffff88040d81de88]
[   84.729436]      scan-1141 get_device_data       : No context for object [ffff88040d81deb0]
[   84.729633]      scan-1141 get_device_data       : No context for object [ffff88040d81ded8]
[   84.729830]      scan-1141 get_device_data       : No context for object [ffff88040d81df00]
[   84.730028]      scan-1141 get_device_data       : No context for object [ffff88040d81df28]
[   84.730225]      scan-1141 get_device_data       : No context for object [ffff88040d81df50]
[   84.730420]      scan-1141 get_device_data       : No context for object [ffff88040d81df78]
[   84.730619]      scan-1141 get_device_data       : No context for object [ffff88040d81dfa0]
[   84.730817]      scan-1141 get_device_data       : No context for object [ffff88040d81dfc8]
[   84.731014]      scan-1141 get_device_data       : No context for object [ffff88040d822000]
[   84.731212]      scan-1141 get_device_data       : No context for object [ffff88040d822028]
[   84.731411]     utils-0051 util_eval_error       : Evaluate [\_SB_.PCI0.MEMR._STA]: AE_NOT_FOUND
[   84.731643] device: 'PNP0C02:00': device_add
[   84.731706] bus: 'acpi': add device PNP0C02:00
[   84.731781]     utils-0051 util_eval_error       : Evaluate [\_SB_.PCI0.MEMR._SUN]: AE_NOT_FOUND
[   84.731986]      scan-1933 add_single_object     : Added PNP0C02:00 [\_SB_.PCI0.MEMR] parent PNP0A08:00
[   84.732191]      scan-1141 get_device_data       : No context for object [ffff88040d822050]
[   84.732390]      scan-1141 get_device_data       : No context for object [ffff88040d822078]
[   84.732587]      scan-1141 get_device_data       : No context for object [ffff88040d8220a0]
[   84.732786]      scan-1141 get_device_data       : No context for object [ffff88040d8220c8]
[   84.732983]      scan-1141 get_device_data       : No context for object [ffff88040d8220f0]
[   84.733180]      scan-1141 get_device_data       : No context for object [ffff88040d822118]
[   84.733377]      scan-1141 get_device_data       : No context for object [ffff88040d822140]
[   84.733564]      scan-1141 get_device_data       : No context for object [ffff88040d822168]
[   84.733761]      scan-1141 get_device_data       : No context for object [ffff88040d822190]
[   84.733962]      scan-1141 get_device_data       : No context for object [ffff88040d8221b8]
[   84.734159]      scan-1141 get_device_data       : No context for object [ffff88040d8221e0]
[   84.734357]      scan-1141 get_device_data       : No context for object [ffff88040d822208]
[   84.734508]      scan-1141 get_device_data       : No context for object [ffff88040d822230]
[   84.734685]      scan-1141 get_device_data       : No context for object [ffff88040d822258]
[   84.734883]      scan-1141 get_device_data       : No context for object [ffff88040d822280]
[   84.735080]      scan-1141 get_device_data       : No context for object [ffff88040d8222a8]
[   84.735279]     utils-0051 util_eval_error       : Evaluate [\_SB_.PCI0.PB2_._STA]: AE_NOT_FOUND
[   84.735512] device: 'device:00': device_add
[   84.735577] bus: 'acpi': add device device:00
[   84.735651]     utils-0051 util_eval_error       : Evaluate [\_SB_.PCI0.PB2_._SUN]: AE_NOT_FOUND
[   84.735853]      scan-1933 add_single_object     : Added device:00 [\_SB_.PCI0.PB2_] parent PNP0A08:00
[   84.736051]      scan-1141 get_device_data       : No context for object [ffff88040d8222d0]
[   84.736247]      scan-1141 get_device_data       : No context for object [ffff88040d8222f8]
[   84.736423]      scan-1141 get_device_data       : No context for object [ffff88040d822320]
[   84.736618]      scan-1141 get_device_data       : No context for object [ffff88040d822348]
[   84.736813]      scan-1141 get_device_data       : No context for object [ffff88040d822370]
[   84.737006]      scan-1141 get_device_data       : No context for object [ffff88040d822398]
[   84.737204]      scan-1141 get_device_data       : No context for object [ffff88040d8223c0]
[   84.737399]      scan-1141 get_device_data       : No context for object [ffff88040d8223e8]
[   84.737593]      scan-1141 get_device_data       : No context for object [ffff88040d822410]
[   84.737789]      scan-1141 get_device_data       : No context for object [ffff88040d822438]
[   84.737985]      scan-1141 get_device_data       : No context for object [ffff88040d822460]
[   84.738180]      scan-1141 get_device_data       : No context for object [ffff88040d822488]
[   84.738373]      scan-1141 get_device_data       : No context for object [ffff88040d8224b0]
[   84.738555]      scan-1141 get_device_data       : No context for object [ffff88040d8224d8]
[   84.738750]      scan-1141 get_device_data       : No context for object [ffff88040d822500]
[   84.738945]      scan-1141 get_device_data       : No context for object [ffff88040d822528]
[   84.739140]      scan-1141 get_device_data       : No context for object [ffff88040d822550]
[   84.739335]      scan-1141 get_device_data       : No context for object [ffff88040d822578]
[   84.739484]      scan-1141 get_device_data       : No context for object [ffff88040d8225a0]
[   84.739661]      scan-1141 get_device_data       : No context for object [ffff88040d8225c8]
[   84.739855]      scan-1141 get_device_data       : No context for object [ffff88040d8225f0]
[   84.740053]      scan-1141 get_device_data       : No context for object [ffff88040d822618]
[   84.740251]      scan-1141 get_device_data       : No context for object [ffff88040d822640]
[   84.740428]      scan-1141 get_device_data       : No context for object [ffff88040d822668]
[   84.740628]      scan-1141 get_device_data       : No context for object [ffff88040d822690]
[   84.740825]      scan-1141 get_device_data       : No context for object [ffff88040d8226b8]
[   84.741022]      scan-1141 get_device_data       : No context for object [ffff88040d8226e0]
[   84.741219]      scan-1141 get_device_data       : No context for object [ffff88040d822708]
[   84.741417]      scan-1141 get_device_data       : No context for object [ffff88040d822730]
[   84.741614]      scan-1141 get_device_data       : No context for object [ffff88040d822758]
[   84.741811]      scan-1141 get_device_data       : No context for object [ffff88040d822780]
[   84.742010]     utils-0051 util_eval_error       : Evaluate [\_SB_.PCI0.PB2_.VGA_._STA]: AE_NOT_FOUND
[   84.742244] device: 'device:01': device_add
[   84.742353] bus: 'acpi': add device device:01
[   84.742427]     utils-0051 util_eval_error       : Evaluate [\_SB_.PCI0.PB2_.VGA_._SUN]: AE_NOT_FOUND
[   84.742611]      scan-1933 add_single_object     : Added device:01 [\_SB_.PCI0.PB2_.VGA_] parent device:00
[   84.742814]      scan-1141 get_device_data       : No context for object [ffff88040d8227a8]
[   84.743011]      scan-1141 get_device_data       : No context for object [ffff88040d8227d0]
[   84.743209]      scan-1141 get_device_data       : No context for object [ffff88040d8227f8]
[   84.743406]      scan-1141 get_device_data       : No context for object [ffff88040d822820]
[   84.743604]      scan-1141 get_device_data       : No context for object [ffff88040d822848]
[   84.743804]      scan-1141 get_device_data       : No context for object [ffff88040d822870]
[   84.744001]      scan-1141 get_device_data       : No context for object [ffff88040d822898]
[   84.744199]      scan-1141 get_device_data       : No context for object [ffff88040d8228c0]
[   84.744396]      scan-1141 get_device_data       : No context for object [ffff88040d8228e8]
[   84.745614]      scan-1141 get_device_data       : No context for object [ffff88040d822910]
[   84.745811]      scan-1141 get_device_data       : No context for object [ffff88040d822938]
[   84.746008]      scan-1141 get_device_data       : No context for object [ffff88040d822960]
[   84.746206]      scan-1141 get_device_data       : No context for object [ffff88040d822988]
[   84.746403]      scan-1141 get_device_data       : No context for object [ffff88040d8229b0]
[   84.746601]      scan-1141 get_device_data       : No context for object [ffff88040d8229d8]
[   84.746798]      scan-1141 get_device_data       : No context for object [ffff88040d822a00]
[   84.746996]      scan-1141 get_device_data       : No context for object [ffff88040d822a28]
[   84.747195]      scan-1141 get_device_data       : No context for object [ffff88040d822a50]
[   84.747392]      scan-1141 get_device_data       : No context for object [ffff88040d822a78]
[   84.747569]      scan-1141 get_device_data       : No context for object [ffff88040d822aa0]
[   84.747767]      scan-1141 get_device_data       : No context for object [ffff88040d822ac8]
[   84.747964]      scan-1141 get_device_data       : No context for object [ffff88040d822af0]
[   84.748162]      scan-1141 get_device_data       : No context for object [ffff88040d822b18]
[   84.748359]      scan-1141 get_device_data       : No context for object [ffff88040d822b40]
[   84.748510]      scan-1141 get_device_data       : No context for object [ffff88040d822b68]
[   84.748687]      scan-1141 get_device_data       : No context for object [ffff88040d822b90]
[   84.748885]      scan-1141 get_device_data       : No context for object [ffff88040d822bb8]
[   84.749082]      scan-1141 get_device_data       : No context for object [ffff88040d822be0]
[   84.749279]      scan-1141 get_device_data       : No context for object [ffff88040d822c08]
[   84.749456]      scan-1141 get_device_data       : No context for object [ffff88040d822c30]
[   84.749654]      scan-1141 get_device_data       : No context for object [ffff88040d822c58]
[   84.749851]      scan-1141 get_device_data       : No context for object [ffff88040d822c80]
[   84.750048]      scan-1141 get_device_data       : No context for object [ffff88040d822ca8]
[   84.750245]      scan-1141 get_device_data       : No context for object [ffff88040d822cd0]
[   84.750426]      scan-1141 get_device_data       : No context for object [ffff88040d822cf8]
[   84.750625]      scan-1141 get_device_data       : No context for object [ffff88040d822d20]
[   84.750822]      scan-1141 get_device_data       : No context for object [ffff88040d822d48]
[   84.751019]      scan-1141 get_device_data       : No context for object [ffff88040d822d70]
[   84.751217]      scan-1141 get_device_data       : No context for object [ffff88040d822d98]
[   84.751415]      scan-1141 get_device_data       : No context for object [ffff88040d837438]
[   84.751612]      scan-1141 get_device_data       : No context for object [ffff88040d822dc0]
[   84.751810]     utils-0051 util_eval_error       : Evaluate [\_SB_.PCI0.PB2_.HDAU._STA]: AE_NOT_FOUND
[   84.752043] device: 'device:02': device_add
[   84.752106] bus: 'acpi': add device device:02
[   84.752182]     utils-0051 util_eval_error       : Evaluate [\_SB_.PCI0.PB2_.HDAU._SUN]: AE_NOT_FOUND
[   84.752385]      scan-1933 add_single_object     : Added device:02 [\_SB_.PCI0.PB2_.HDAU] parent device:00
[   84.752565]      scan-1141 get_device_data       : No context for object [ffff88040d822de8]
[   84.752759]      scan-1141 get_device_data       : No context for object [ffff88040d822e10]
[   84.752954]      scan-1141 get_device_data       : No context for object [ffff88040d822e38]
[   84.753150]      scan-1141 get_device_data       : No context for object [ffff88040d822e60]
[   84.753345]      scan-1141 get_device_data       : No context for object [ffff88040d822e88]
[   84.753493]      scan-1141 get_device_data       : No context for object [ffff88040d822eb0]
[   84.753670]      scan-1141 get_device_data       : No context for object [ffff88040d822ed8]
[   84.753869]     utils-0051 util_eval_error       : Evaluate [\_SB_.PCI0.PB3_._STA]: AE_NOT_FOUND
[   84.754164] device: 'device:03': device_add
[   84.754226] bus: 'acpi': add device device:03
[   84.754299]     utils-0051 util_eval_error       : Evaluate [\_SB_.PCI0.PB3_._SUN]: AE_NOT_FOUND
[   84.754483]      scan-1933 add_single_object     : Added device:03 [\_SB_.PCI0.PB3_] parent PNP0A08:00
[   84.754681]      scan-1141 get_device_data       : No context for object [ffff88040d822f00]
[   84.754877]      scan-1141 get_device_data       : No context for object [ffff88040d822f28]
[   84.755072]      scan-1141 get_device_data       : No context for object [ffff88040d822f50]
[   84.755266]      scan-1141 get_device_data       : No context for object [ffff88040d822f78]
[   84.755443]      scan-1141 get_device_data       : No context for object [ffff88040d822fa0]
[   84.755638]      scan-1141 get_device_data       : No context for object [ffff88040d822fc8]
[   84.755832]      scan-1141 get_device_data       : No context for object [ffff88040d823000]
[   84.756027]      scan-1141 get_device_data       : No context for object [ffff88040d823028]
[   84.756221]      scan-1141 get_device_data       : No context for object [ffff88040d823050]
[   84.756416]      scan-1141 get_device_data       : No context for object [ffff88040d823078]
[   84.756611]      scan-1141 get_device_data       : No context for object [ffff88040d8230a0]
[   84.756808]      scan-1141 get_device_data       : No context for object [ffff88040d8230c8]
[   84.757006]      scan-1141 get_device_data       : No context for object [ffff88040d8230f0]
[   84.757207]      scan-1141 get_device_data       : No context for object [ffff88040d823118]
[   84.757405]      scan-1141 get_device_data       : No context for object [ffff88040d823140]
[   84.757602]      scan-1141 get_device_data       : No context for object [ffff88040d823168]
[   84.757799]      scan-1141 get_device_data       : No context for object [ffff88040d823190]
[   84.757995]      scan-1141 get_device_data       : No context for object [ffff88040d8231b8]
[   84.758192]      scan-1141 get_device_data       : No context for object [ffff88040d8231e0]
[   84.758390]      scan-1141 get_device_data       : No context for object [ffff88040d823208]
[   84.758566]      scan-1141 get_device_data       : No context for object [ffff88040d823230]
[   84.758764]      scan-1141 get_device_data       : No context for object [ffff88040d823258]
[   84.758961]      scan-1141 get_device_data       : No context for object [ffff88040d823280]
[   84.759159]      scan-1141 get_device_data       : No context for object [ffff88040d8232a8]
[   84.759357]      scan-1141 get_device_data       : No context for object [ffff88040d8232d0]
[   84.759508]      scan-1141 get_device_data       : No context for object [ffff88040d8232f8]
[   84.759686]      scan-1141 get_device_data       : No context for object [ffff88040d823320]
[   84.759883]      scan-1141 get_device_data       : No context for object [ffff88040d823348]
[   84.760080]      scan-1141 get_device_data       : No context for object [ffff88040d823370]
[   84.760278]      scan-1141 get_device_data       : No context for object [ffff88040d823398]
[   84.760455]      scan-1141 get_device_data       : No context for object [ffff88040d8233c0]
[   84.760656]     utils-0051 util_eval_error       : Evaluate [\_SB_.PCI0.PB3_.VGA_._STA]: AE_NOT_FOUND
[   84.760885]     video-0058 backlight_cap_match   : Found generic backlight support
[   84.761094] device: 'LNXVIDEO:00': device_add
[   84.761157] bus: 'acpi': add device LNXVIDEO:00
[   84.761234]     utils-0051 util_eval_error       : Evaluate [\_SB_.PCI0.PB3_.VGA_._SUN]: AE_NOT_FOUND
[   84.761437]      scan-1933 add_single_object     : Added LNXVIDEO:00 [\_SB_.PCI0.PB3_.VGA_] parent device:03
[   84.761643]      scan-1141 get_device_data       : No context for object [ffff88040d8233e8]
[   84.761841]      scan-1141 get_device_data       : No context for object [ffff88040d823410]
[   84.762038]      scan-1141 get_device_data       : No context for object [ffff88040d823438]
[   84.762236]      scan-1141 get_device_data       : No context for object [ffff88040d823460]
[   84.762430]      scan-1141 get_device_data       : No context for object [ffff88040d823488]
[   84.762627]      scan-1141 get_device_data       : No context for object [ffff88040d8234b0]
[   84.762825]      scan-1141 get_device_data       : No context for object [ffff88040d8234d8]
[   84.764047]      scan-1141 get_device_data       : No context for object [ffff88040d823500]
[   84.764246]      scan-1141 get_device_data       : No context for object [ffff88040d823528]
[   84.764431]      scan-1141 get_device_data       : No context for object [ffff88040d823550]
[   84.764630]      scan-1141 get_device_data       : No context for object [ffff88040d823578]
[   84.764827]      scan-1141 get_device_data       : No context for object [ffff88040d8235a0]
[   84.765025]      scan-1141 get_device_data       : No context for object [ffff88040d8235c8]
[   84.765222]      scan-1141 get_device_data       : No context for object [ffff88040d8235f0]
[   84.765420]      scan-1141 get_device_data       : No context for object [ffff88040d823618]
[   84.765617]      scan-1141 get_device_data       : No context for object [ffff88040d823640]
[   84.765815]      scan-1141 get_device_data       : No context for object [ffff88040d823668]
[   84.766012]      scan-1141 get_device_data       : No context for object [ffff88040d823690]
[   84.766210]      scan-1141 get_device_data       : No context for object [ffff88040d8236b8]
[   84.766407]      scan-1141 get_device_data       : No context for object [ffff88040d8236e0]
[   84.766606]      scan-1141 get_device_data       : No context for object [ffff88040d823708]
[   84.766803]      scan-1141 get_device_data       : No context for object [ffff88040d823730]
[   84.767001]      scan-1141 get_device_data       : No context for object [ffff88040d823758]
[   84.767200]      scan-1141 get_device_data       : No context for object [ffff88040d823780]
[   84.767397]      scan-1141 get_device_data       : No context for object [ffff88040d8237a8]
[   84.767574]      scan-1141 get_device_data       : No context for object [ffff88040d8237d0]
[   84.767771]      scan-1141 get_device_data       : No context for object [ffff88040d8237f8]
[   84.767969]      scan-1141 get_device_data       : No context for object [ffff88040d823820]
[   84.768166]      scan-1141 get_device_data       : No context for object [ffff88040d823848]
[   84.768363]      scan-1141 get_device_data       : No context for object [ffff88040d823870]
[   84.768514]      scan-1141 get_device_data       : No context for object [ffff88040d823898]
[   84.768691]      scan-1141 get_device_data       : No context for object [ffff88040d8238c0]
[   84.768888]      scan-1141 get_device_data       : No context for object [ffff88040d8238e8]
[   84.769084]      scan-1141 get_device_data       : No context for object [ffff88040d823910]
[   84.769277]      scan-1141 get_device_data       : No context for object [ffff88040d823938]
[   84.769455]      scan-1141 get_device_data       : No context for object [ffff88040d823960]
[   84.769650]      scan-1141 get_device_data       : No context for object [ffff88040d823988]
[   84.769844]      scan-1141 get_device_data       : No context for object [ffff88040d8239b0]
[   84.770039]      scan-1141 get_device_data       : No context for object [ffff88040d8239d8]
[   84.770233]      scan-1141 get_device_data       : No context for object [ffff88040d837460]
[   84.770429]      scan-1141 get_device_data       : No context for object [ffff88040d83ac08]
[   84.770625]      scan-1141 get_device_data       : No context for object [ffff88040d83ac30]
[   84.770820]      scan-1141 get_device_data       : No context for object [ffff88040d83ac58]
[   84.771016]     utils-0051 util_eval_error       : Evaluate [\_SB_.PCI0.PB3_.VGA_.CRT_._STA]: AE_NOT_FOUND
[   84.771258] device: 'device:04': device_add
[   84.771366] bus: 'acpi': add device device:04
[   84.771442]     utils-0051 util_eval_error       : Evaluate [\_SB_.PCI0.PB3_.VGA_.CRT_._SUN]: AE_NOT_FOUND
[   84.771626]      scan-1933 add_single_object     : Added device:04 [\_SB_.PCI0.PB3_.VGA_.CRT_] parent LNXVIDEO:00
[   84.771825]      scan-1141 get_device_data       : No context for object [ffff88040d83ac80]
[   84.772019]      scan-1141 get_device_data       : No context for object [ffff88040d83aca8]
[   84.772213]      scan-1141 get_device_data       : No context for object [ffff88040d83acd0]
[   84.772408]      scan-1141 get_device_data       : No context for object [ffff88040d83acf8]
[   84.772604]      scan-1141 get_device_data       : No context for object [ffff88040d83ad20]
[   84.772799]     utils-0051 util_eval_error       : Evaluate [\_SB_.PCI0.PB3_.VGA_.LCD_._STA]: AE_NOT_FOUND
[   84.773042] device: 'device:05': device_add
[   84.773149] bus: 'acpi': add device device:05
[   84.773223]     utils-0051 util_eval_error       : Evaluate [\_SB_.PCI0.PB3_.VGA_.LCD_._SUN]: AE_NOT_FOUND
[   84.773427]      scan-1933 add_single_object     : Added device:05 [\_SB_.PCI0.PB3_.VGA_.LCD_] parent LNXVIDEO:00
[   84.773625]      scan-1141 get_device_data       : No context for object [ffff88040d83ad48]
[   84.773826]      scan-1141 get_device_data       : No context for object [ffff88040d83ad70]
[   84.774024]      scan-1141 get_device_data       : No context for object [ffff88040d83ad98]
[   84.774221]      scan-1141 get_device_data       : No context for object [ffff88040d83adc0]
[   84.774420]      scan-1141 get_device_data       : No context for object [ffff88040d83ade8]
[   84.774617]      scan-1141 get_device_data       : No context for object [ffff88040d83ae10]
[   84.774815]      scan-1141 get_device_data       : No context for object [ffff88040d83ae38]
[   84.775012]      scan-1141 get_device_data       : No context for object [ffff88040d83ae60]
[   84.775211]     utils-0051 util_eval_error       : Evaluate [\_SB_.PCI0.PB3_.VGA_.TV0_._STA]: AE_NOT_FOUND
[   84.775445] device: 'device:06': device_add
[   84.775507] bus: 'acpi': add device device:06
[   84.775581]     utils-0051 util_eval_error       : Evaluate [\_SB_.PCI0.PB3_.VGA_.TV0_._SUN]: AE_NOT_FOUND
[   84.775787]      scan-1933 add_single_object     : Added device:06 [\_SB_.PCI0.PB3_.VGA_.TV0_] parent LNXVIDEO:00
[   84.775989]      scan-1141 get_device_data       : No context for object [ffff88040d83ae88]
[   84.776186]      scan-1141 get_device_data       : No context for object [ffff88040d83aeb0]
[   84.776383]      scan-1141 get_device_data       : No context for object [ffff88040d83aed8]
[   84.776567]      scan-1141 get_device_data       : No context for object [ffff88040d83af00]
[   84.776765]      scan-1141 get_device_data       : No context for object [ffff88040d83af28]
[   84.776963]     utils-0051 util_eval_error       : Evaluate [\_SB_.PCI0.PB3_.VGA_.HDMI._STA]: AE_NOT_FOUND
[   84.777209] device: 'device:07': device_add
[   84.777318] bus: 'acpi': add device device:07
[   84.777395]     utils-0051 util_eval_error       : Evaluate [\_SB_.PCI0.PB3_.VGA_.HDMI._SUN]: AE_NOT_FOUND
[   84.777584]      scan-1933 add_single_object     : Added device:07 [\_SB_.PCI0.PB3_.VGA_.HDMI] parent LNXVIDEO:00
[   84.777787]      scan-1141 get_device_data       : No context for object [ffff88040d83af50]
[   84.777984]      scan-1141 get_device_data       : No context for object [ffff88040d83af78]
[   84.778182]      scan-1141 get_device_data       : No context for object [ffff88040d83afa0]
[   84.778379]      scan-1141 get_device_data       : No context for object [ffff88040d83afc8]
[   84.778530]      scan-1141 get_device_data       : No context for object [ffff88040d823a00]
[   84.778708]     utils-0051 util_eval_error       : Evaluate [\_SB_.PCI0.PB3_.HDAU._STA]: AE_NOT_FOUND
[   84.778940] device: 'device:08': device_add
[   84.779003] bus: 'acpi': add device device:08
[   84.779077]     utils-0051 util_eval_error       : Evaluate [\_SB_.PCI0.PB3_.HDAU._SUN]: AE_NOT_FOUND
[   84.779281]      scan-1933 add_single_object     : Added device:08 [\_SB_.PCI0.PB3_.HDAU] parent device:03
[   84.779461]      scan-1141 get_device_data       : No context for object [ffff88040d823a28]
[   84.779659]      scan-1141 get_device_data       : No context for object [ffff88040d823a50]
[   84.779856]      scan-1141 get_device_data       : No context for object [ffff88040d823a78]
[   84.780053]      scan-1141 get_device_data       : No context for object [ffff88040d823aa0]
[   84.780250]      scan-1141 get_device_data       : No context for object [ffff88040d823ac8]
[   84.780436]      scan-1141 get_device_data       : No context for object [ffff88040d823af0]
[   84.780638]      scan-1141 get_device_data       : No context for object [ffff88040d823b18]
[   84.780838]     utils-0051 util_eval_error       : Evaluate [\_SB_.PCI0.PB4_._STA]: AE_NOT_FOUND
[   84.781132] device: 'device:09': device_add
[   84.781195] bus: 'acpi': add device device:09
[   84.781270]     utils-0051 util_eval_error       : Evaluate [\_SB_.PCI0.PB4_._SUN]: AE_NOT_FOUND
[   84.781453]      scan-1933 add_single_object     : Added device:09 [\_SB_.PCI0.PB4_] parent PNP0A08:00
[   84.782676]      scan-1141 get_device_data       : No context for object [ffff88040d823b40]
[   84.782873]      scan-1141 get_device_data       : No context for object [ffff88040d823b68]
[   84.783071]      scan-1141 get_device_data       : No context for object [ffff88040d823b90]
[   84.783268]      scan-1141 get_device_data       : No context for object [ffff88040d823bb8]
[   84.783445]      scan-1141 get_device_data       : No context for object [ffff88040d823be0]
[   84.783643]      scan-1141 get_device_data       : No context for object [ffff88040d823c08]
[   84.783843]      scan-1141 get_device_data       : No context for object [ffff88040d823c30]
[   84.784041]      scan-1141 get_device_data       : No context for object [ffff88040d823c58]
[   84.784238]      scan-1141 get_device_data       : No context for object [ffff88040d823c80]
[   84.784437]      scan-1141 get_device_data       : No context for object [ffff88040d823ca8]
[   84.784634]      scan-1141 get_device_data       : No context for object [ffff88040d823cd0]
[   84.784832]      scan-1141 get_device_data       : No context for object [ffff88040d823cf8]
[   84.785029]      scan-1141 get_device_data       : No context for object [ffff88040d823d20]
[   84.785227]      scan-1141 get_device_data       : No context for object [ffff88040d823d48]
[   84.785424]      scan-1141 get_device_data       : No context for object [ffff88040d823d70]
[   84.785622]      scan-1141 get_device_data       : No context for object [ffff88040d823d98]
[   84.785817]      scan-1141 get_device_data       : No context for object [ffff88040d823dc0]
[   84.786012]      scan-1141 get_device_data       : No context for object [ffff88040d823de8]
[   84.786206]      scan-1141 get_device_data       : No context for object [ffff88040d823e10]
[   84.786400]      scan-1141 get_device_data       : No context for object [ffff88040d823e38]
[   84.786577]      scan-1141 get_device_data       : No context for object [ffff88040d823e60]
[   84.786772]      scan-1141 get_device_data       : No context for object [ffff88040d823e88]
[   84.786967]      scan-1141 get_device_data       : No context for object [ffff88040d823eb0]
[   84.787163]      scan-1141 get_device_data       : No context for object [ffff88040d823ed8]
[   84.787359]      scan-1141 get_device_data       : No context for object [ffff88040d823f00]
[   84.787507]      scan-1141 get_device_data       : No context for object [ffff88040d823f28]
[   84.787684]      scan-1141 get_device_data       : No context for object [ffff88040d823f50]
[   84.787880]      scan-1141 get_device_data       : No context for object [ffff88040d823f78]
[   84.788076]      scan-1141 get_device_data       : No context for object [ffff88040d823fa0]
[   84.788270]      scan-1141 get_device_data       : No context for object [ffff88040d823fc8]
[   84.788446]      scan-1141 get_device_data       : No context for object [ffff88040d825000]
[   84.788642]     utils-0051 util_eval_error       : Evaluate [\_SB_.PCI0.PB4_.XPDV._STA]: AE_NOT_FOUND
[   84.788874] device: 'device:0a': device_add
[   84.788935] bus: 'acpi': add device device:0a
[   84.789009]     utils-0051 util_eval_error       : Evaluate [\_SB_.PCI0.PB4_.XPDV._SUN]: AE_NOT_FOUND
[   84.789207]      scan-1933 add_single_object     : Added device:0a [\_SB_.PCI0.PB4_.XPDV] parent device:09
[   84.789407]      scan-1141 get_device_data       : No context for object [ffff88040d825028]
[   84.789584]      scan-1141 get_device_data       : No context for object [ffff88040d825050]
[   84.789778]      scan-1141 get_device_data       : No context for object [ffff88040d825078]
[   84.789973]      scan-1141 get_device_data       : No context for object [ffff88040d8250a0]
[   84.790170]      scan-1141 get_device_data       : No context for object [ffff88040d8250c8]
[   84.790367]      scan-1141 get_device_data       : No context for object [ffff88040d837500]
[   84.790520]      scan-1141 get_device_data       : No context for object [ffff88040d8250f0]
[   84.790698]      scan-1141 get_device_data       : No context for object [ffff88040d825118]
[   84.790897]     utils-0051 util_eval_error       : Evaluate [\_SB_.PCI0.PB5_._STA]: AE_NOT_FOUND
[   84.791194] device: 'device:0b': device_add
[   84.791257] bus: 'acpi': add device device:0b
[   84.791331]     utils-0051 util_eval_error       : Evaluate [\_SB_.PCI0.PB5_._SUN]: AE_NOT_FOUND
[   84.791515]      scan-1933 add_single_object     : Added device:0b [\_SB_.PCI0.PB5_] parent PNP0A08:00
[   84.791717]      scan-1141 get_device_data       : No context for object [ffff88040d825140]
[   84.791914]      scan-1141 get_device_data       : No context for object [ffff88040d825168]
[   84.792112]      scan-1141 get_device_data       : No context for object [ffff88040d825190]
[   84.792310]      scan-1141 get_device_data       : No context for object [ffff88040d8251b8]
[   84.792487]      scan-1141 get_device_data       : No context for object [ffff88040d8251e0]
[   84.792684]      scan-1141 get_device_data       : No context for object [ffff88040d825208]
[   84.792882]      scan-1141 get_device_data       : No context for object [ffff88040d825230]
[   84.793080]      scan-1141 get_device_data       : No context for object [ffff88040d825258]
[   84.793277]      scan-1141 get_device_data       : No context for object [ffff88040d825280]
[   84.793455]      scan-1141 get_device_data       : No context for object [ffff88040d8252a8]
[   84.793652]      scan-1141 get_device_data       : No context for object [ffff88040d8252d0]
[   84.793853]      scan-1141 get_device_data       : No context for object [ffff88040d8252f8]
[   84.794051]      scan-1141 get_device_data       : No context for object [ffff88040d825320]
[   84.794248]      scan-1141 get_device_data       : No context for object [ffff88040d825348]
[   84.794441]      scan-1141 get_device_data       : No context for object [ffff88040d825370]
[   84.794638]      scan-1141 get_device_data       : No context for object [ffff88040d825398]
[   84.794835]      scan-1141 get_device_data       : No context for object [ffff88040d8253c0]
[   84.795032]      scan-1141 get_device_data       : No context for object [ffff88040d8253e8]
[   84.795229]      scan-1141 get_device_data       : No context for object [ffff88040d825410]
[   84.795426]      scan-1141 get_device_data       : No context for object [ffff88040d825438]
[   84.795624]      scan-1141 get_device_data       : No context for object [ffff88040d825460]
[   84.795821]      scan-1141 get_device_data       : No context for object [ffff88040d825488]
[   84.796019]      scan-1141 get_device_data       : No context for object [ffff88040d8254b0]
[   84.796216]      scan-1141 get_device_data       : No context for object [ffff88040d8254d8]
[   84.796415]      scan-1141 get_device_data       : No context for object [ffff88040d825500]
[   84.796612]      scan-1141 get_device_data       : No context for object [ffff88040d825528]
[   84.796810]      scan-1141 get_device_data       : No context for object [ffff88040d825550]
[   84.797007]      scan-1141 get_device_data       : No context for object [ffff88040d825578]
[   84.797207]      scan-1141 get_device_data       : No context for object [ffff88040d8255a0]
[   84.797404]      scan-1141 get_device_data       : No context for object [ffff88040d8255c8]
[   84.797584]      scan-1141 get_device_data       : No context for object [ffff88040d8255f0]
[   84.797783]     utils-0051 util_eval_error       : Evaluate [\_SB_.PCI0.PB5_.XPDV._STA]: AE_NOT_FOUND
[   84.798016] device: 'device:0c': device_add
[   84.798079] bus: 'acpi': add device device:0c
[   84.798153]     utils-0051 util_eval_error       : Evaluate [\_SB_.PCI0.PB5_.XPDV._SUN]: AE_NOT_FOUND
[   84.798359]      scan-1933 add_single_object     : Added device:0c [\_SB_.PCI0.PB5_.XPDV] parent device:0b
[   84.798514]      scan-1141 get_device_data       : No context for object [ffff88040d825618]
[   84.798691]      scan-1141 get_device_data       : No context for object [ffff88040d825640]
[   84.798889]      scan-1141 get_device_data       : No context for object [ffff88040d825668]
[   84.799086]      scan-1141 get_device_data       : No context for object [ffff88040d825690]
[   84.799283]      scan-1141 get_device_data       : No context for object [ffff88040d8256b8]
[   84.799460]      scan-1141 get_device_data       : No context for object [ffff88040d837528]
[   84.799658]      scan-1141 get_device_data       : No context for object [ffff88040d8256e0]
[   84.799856]      scan-1141 get_device_data       : No context for object [ffff88040d825708]
[   84.801078]     utils-0051 util_eval_error       : Evaluate [\_SB_.PCI0.PB6_._STA]: AE_NOT_FOUND
[   84.801372] device: 'device:0d': device_add
[   84.801437] bus: 'acpi': add device device:0d
[   84.801512]     utils-0051 util_eval_error       : Evaluate [\_SB_.PCI0.PB6_._SUN]: AE_NOT_FOUND
[   84.801695]      scan-1933 add_single_object     : Added device:0d [\_SB_.PCI0.PB6_] parent PNP0A08:00
[   84.801897]      scan-1141 get_device_data       : No context for object [ffff88040d825730]
[   84.802094]      scan-1141 get_device_data       : No context for object [ffff88040d825758]
[   84.802292]      scan-1141 get_device_data       : No context for object [ffff88040d825780]
[   84.802469]      scan-1141 get_device_data       : No context for object [ffff88040d8257a8]
[   84.802663]      scan-1141 get_device_data       : No context for object [ffff88040d8257d0]
[   84.802859]      scan-1141 get_device_data       : No context for object [ffff88040d8257f8]
[   84.803052]      scan-1141 get_device_data       : No context for object [ffff88040d825820]
[   84.803248]      scan-1141 get_device_data       : No context for object [ffff88040d825848]
[   84.803442]      scan-1141 get_device_data       : No context for object [ffff88040d825870]
[   84.803638]      scan-1141 get_device_data       : No context for object [ffff88040d825898]
[   84.803836]      scan-1141 get_device_data       : No context for object [ffff88040d8258c0]
[   84.804031]      scan-1141 get_device_data       : No context for object [ffff88040d8258e8]
[   84.804227]      scan-1141 get_device_data       : No context for object [ffff88040d825910]
[   84.804422]      scan-1141 get_device_data       : No context for object [ffff88040d825938]
[   84.804616]      scan-1141 get_device_data       : No context for object [ffff88040d825960]
[   84.804808]      scan-1141 get_device_data       : No context for object [ffff88040d825988]
[   84.805000]      scan-1141 get_device_data       : No context for object [ffff88040d8259b0]
[   84.805194]      scan-1141 get_device_data       : No context for object [ffff88040d8259d8]
[   84.805389]      scan-1141 get_device_data       : No context for object [ffff88040d825a00]
[   84.805538]      scan-1141 get_device_data       : No context for object [ffff88040d825a28]
[   84.805715]      scan-1141 get_device_data       : No context for object [ffff88040d825a50]
[   84.805909]      scan-1141 get_device_data       : No context for object [ffff88040d825a78]
[   84.806104]      scan-1141 get_device_data       : No context for object [ffff88040d825aa0]
[   84.806298]      scan-1141 get_device_data       : No context for object [ffff88040d825ac8]
[   84.806475]      scan-1141 get_device_data       : No context for object [ffff88040d825af0]
[   84.806670]      scan-1141 get_device_data       : No context for object [ffff88040d825b18]
[   84.806867]      scan-1141 get_device_data       : No context for object [ffff88040d825b40]
[   84.807064]      scan-1141 get_device_data       : No context for object [ffff88040d825b68]
[   84.807262]      scan-1141 get_device_data       : No context for object [ffff88040d825b90]
[   84.807445]      scan-1141 get_device_data       : No context for object [ffff88040d825bb8]
[   84.807642]      scan-1141 get_device_data       : No context for object [ffff88040d825be0]
[   84.807840]     utils-0051 util_eval_error       : Evaluate [\_SB_.PCI0.PB6_.XPDV._STA]: AE_NOT_FOUND
[   84.808073] device: 'device:0e': device_add
[   84.808136] bus: 'acpi': add device device:0e
[   84.808210]     utils-0051 util_eval_error       : Evaluate [\_SB_.PCI0.PB6_.XPDV._SUN]: AE_NOT_FOUND
[   84.808415]      scan-1933 add_single_object     : Added device:0e [\_SB_.PCI0.PB6_.XPDV] parent device:0d
[   84.808595]      scan-1141 get_device_data       : No context for object [ffff88040d825c08]
[   84.808793]      scan-1141 get_device_data       : No context for object [ffff88040d825c30]
[   84.808990]      scan-1141 get_device_data       : No context for object [ffff88040d825c58]
[   84.809187]      scan-1141 get_device_data       : No context for object [ffff88040d825c80]
[   84.809385]      scan-1141 get_device_data       : No context for object [ffff88040d825ca8]
[   84.809536]      scan-1141 get_device_data       : No context for object [ffff88040d837550]
[   84.809713]      scan-1141 get_device_data       : No context for object [ffff88040d825cd0]
[   84.809911]      scan-1141 get_device_data       : No context for object [ffff88040d825cf8]
[   84.810110]     utils-0051 util_eval_error       : Evaluate [\_SB_.PCI0.PB7_._STA]: AE_NOT_FOUND
[   84.810404] device: 'device:0f': device_add
[   84.810467] bus: 'acpi': add device device:0f
[   84.810547]     utils-0051 util_eval_error       : Evaluate [\_SB_.PCI0.PB7_._SUN]: AE_NOT_FOUND
[   84.810731]      scan-1933 add_single_object     : Added device:0f [\_SB_.PCI0.PB7_] parent PNP0A08:00
[   84.810934]      scan-1141 get_device_data       : No context for object [ffff88040d825d20]
[   84.811131]      scan-1141 get_device_data       : No context for object [ffff88040d825d48]
[   84.811329]      scan-1141 get_device_data       : No context for object [ffff88040d825d70]
[   84.811506]      scan-1141 get_device_data       : No context for object [ffff88040d825d98]
[   84.811703]      scan-1141 get_device_data       : No context for object [ffff88040d825dc0]
[   84.811900]      scan-1141 get_device_data       : No context for object [ffff88040d825de8]
[   84.812098]      scan-1141 get_device_data       : No context for object [ffff88040d825e10]
[   84.812295]      scan-1141 get_device_data       : No context for object [ffff88040d825e38]
[   84.812473]      scan-1141 get_device_data       : No context for object [ffff88040d825e60]
[   84.812671]      scan-1141 get_device_data       : No context for object [ffff88040d825e88]
[   84.812868]      scan-1141 get_device_data       : No context for object [ffff88040d825eb0]
[   84.813066]      scan-1141 get_device_data       : No context for object [ffff88040d825ed8]
[   84.813263]      scan-1141 get_device_data       : No context for object [ffff88040d825f00]
[   84.813447]      scan-1141 get_device_data       : No context for object [ffff88040d825f28]
[   84.813645]      scan-1141 get_device_data       : No context for object [ffff88040d825f50]
[   84.813845]      scan-1141 get_device_data       : No context for object [ffff88040d825f78]
[   84.814042]      scan-1141 get_device_data       : No context for object [ffff88040d825fa0]
[   84.814240]      scan-1141 get_device_data       : No context for object [ffff88040d825fc8]
[   84.814437]      scan-1141 get_device_data       : No context for object [ffff88040d827000]
[   84.814634]      scan-1141 get_device_data       : No context for object [ffff88040d827028]
[   84.814831]      scan-1141 get_device_data       : No context for object [ffff88040d827050]
[   84.815028]      scan-1141 get_device_data       : No context for object [ffff88040d827078]
[   84.815226]      scan-1141 get_device_data       : No context for object [ffff88040d8270a0]
[   84.815423]      scan-1141 get_device_data       : No context for object [ffff88040d8270c8]
[   84.815621]      scan-1141 get_device_data       : No context for object [ffff88040d8270f0]
[   84.815818]      scan-1141 get_device_data       : No context for object [ffff88040d827118]
[   84.816016]      scan-1141 get_device_data       : No context for object [ffff88040d827140]
[   84.816213]      scan-1141 get_device_data       : No context for object [ffff88040d827168]
[   84.816411]      scan-1141 get_device_data       : No context for object [ffff88040d827190]
[   84.816589]      scan-1141 get_device_data       : No context for object [ffff88040d8271b8]
[   84.816786]      scan-1141 get_device_data       : No context for object [ffff88040d8271e0]
[   84.816985]     utils-0051 util_eval_error       : Evaluate [\_SB_.PCI0.PB7_.XPDV._STA]: AE_NOT_FOUND
[   84.817220] device: 'device:10': device_add
[   84.817331] bus: 'acpi': add device device:10
[   84.817405]     utils-0051 util_eval_error       : Evaluate [\_SB_.PCI0.PB7_.XPDV._SUN]: AE_NOT_FOUND
[   84.817597]      scan-1933 add_single_object     : Added device:10 [\_SB_.PCI0.PB7_.XPDV] parent device:0f
[   84.817799]      scan-1141 get_device_data       : No context for object [ffff88040d827208]
[   84.817996]      scan-1141 get_device_data       : No context for object [ffff88040d827230]
[   84.818193]      scan-1141 get_device_data       : No context for object [ffff88040d827258]
[   84.818391]      scan-1141 get_device_data       : No context for object [ffff88040d827280]
[   84.819521]      scan-1141 get_device_data       : No context for object [ffff88040d8272a8]
[   84.819716]      scan-1141 get_device_data       : No context for object [ffff88040d837488]
[   84.819911]      scan-1141 get_device_data       : No context for object [ffff88040d8272d0]
[   84.820105]      scan-1141 get_device_data       : No context for object [ffff88040d8272f8]
[   84.820300]     utils-0051 util_eval_error       : Evaluate [\_SB_.PCI0.OHC1._STA]: AE_NOT_FOUND
[   84.820512] device: 'device:11': device_add
[   84.820570] bus: 'acpi': add device device:11
[   84.820635]     utils-0051 util_eval_error       : Evaluate [\_SB_.PCI0.OHC1._SUN]: AE_NOT_FOUND
[   84.820839]      scan-1933 add_single_object     : Added device:11 [\_SB_.PCI0.OHC1] parent PNP0A08:00
[   84.821036]      scan-1141 get_device_data       : No context for object [ffff88040d827320]
[   84.821231]      scan-1141 get_device_data       : No context for object [ffff88040d827348]
[   84.821426]      scan-1141 get_device_data       : No context for object [ffff88040d83b2f8]
[   84.821621]     utils-0051 util_eval_error       : Evaluate [\_SB_.PCI0.OHC1.RHUB._STA]: AE_NOT_FOUND
[   84.821852] device: 'device:12': device_add
[   84.821913] bus: 'acpi': add device device:12
[   84.821991]     utils-0051 util_eval_error       : Evaluate [\_SB_.PCI0.OHC1.RHUB._SUN]: AE_NOT_FOUND
[   84.822194]      scan-1933 add_single_object     : Added device:12 [\_SB_.PCI0.OHC1.RHUB] parent device:11
[   84.822391]      scan-1141 get_device_data       : No context for object [ffff88040d83b320]
[   84.822538]      scan-1141 get_device_data       : No context for object [ffff88040d83b348]
[   84.822717]     utils-0051 util_eval_error       : Evaluate [\_SB_.PCI0.OHC1.RHUB.PRT3._STA]: AE_NOT_FOUND
[   84.822947] device: 'device:13': device_add
[   84.823008] bus: 'acpi': add device device:13
[   84.823081]     utils-0051 util_eval_error       : Evaluate [\_SB_.PCI0.OHC1.RHUB.PRT3._SUN]: AE_NOT_FOUND
[   84.823284]      scan-1933 add_single_object     : Added device:13 [\_SB_.PCI0.OHC1.RHUB.PRT3] parent device:12
[   84.823465]      scan-1141 get_device_data       : No context for object [ffff88040d83b370]
[   84.823662]      scan-1141 get_device_data       : No context for object [ffff88040d83b398]
[   84.823863]      scan-1141 get_device_data       : No context for object [ffff88040d83b3c0]
[   84.824061]      scan-1141 get_device_data       : No context for object [ffff88040d83b3e8]
[   84.824260]     utils-0051 util_eval_error       : Evaluate [\_SB_.PCI0.OHC1.RHUB.PRT4._STA]: AE_NOT_FOUND
[   84.824485] device: 'device:14': device_add
[   84.824548] bus: 'acpi': add device device:14
[   84.824622]     utils-0051 util_eval_error       : Evaluate [\_SB_.PCI0.OHC1.RHUB.PRT4._SUN]: AE_NOT_FOUND
[   84.824827]      scan-1933 add_single_object     : Added device:14 [\_SB_.PCI0.OHC1.RHUB.PRT4] parent device:12
[   84.825029]      scan-1141 get_device_data       : No context for object [ffff88040d83b410]
[   84.825227]      scan-1141 get_device_data       : No context for object [ffff88040d83b438]
[   84.825424]      scan-1141 get_device_data       : No context for object [ffff88040d83b460]
[   84.825623]      scan-1141 get_device_data       : No context for object [ffff88040d827370]
[   84.825822]     utils-0051 util_eval_error       : Evaluate [\_SB_.PCI0.EHC1._STA]: AE_NOT_FOUND
[   84.826065] device: 'device:15': device_add
[   84.826128] bus: 'acpi': add device device:15
[   84.826205]     utils-0051 util_eval_error       : Evaluate [\_SB_.PCI0.EHC1._SUN]: AE_NOT_FOUND
[   84.826409]      scan-1933 add_single_object     : Added device:15 [\_SB_.PCI0.EHC1] parent PNP0A08:00
[   84.826589]      scan-1141 get_device_data       : No context for object [ffff88040d827398]
[   84.826786]      scan-1141 get_device_data       : No context for object [ffff88040d8273c0]
[   84.826984]      scan-1141 get_device_data       : No context for object [ffff88040d83b028]
[   84.827186]     utils-0051 util_eval_error       : Evaluate [\_SB_.PCI0.EHC1.RHUB._STA]: AE_NOT_FOUND
[   84.827418] device: 'device:16': device_add
[   84.827480] bus: 'acpi': add device device:16
[   84.827555]     utils-0051 util_eval_error       : Evaluate [\_SB_.PCI0.EHC1.RHUB._SUN]: AE_NOT_FOUND
[   84.827739]      scan-1933 add_single_object     : Added device:16 [\_SB_.PCI0.EHC1.RHUB] parent device:15
[   84.827941]      scan-1141 get_device_data       : No context for object [ffff88040d83b050]
[   84.828140]      scan-1141 get_device_data       : No context for object [ffff88040d83b078]
[   84.828338]     utils-0051 util_eval_error       : Evaluate [\_SB_.PCI0.EHC1.RHUB.PRT3._STA]: AE_NOT_FOUND
[   84.828549] device: 'device:17': device_add
[   84.828611] bus: 'acpi': add device device:17
[   84.828686]     utils-0051 util_eval_error       : Evaluate [\_SB_.PCI0.EHC1.RHUB.PRT3._SUN]: AE_NOT_FOUND
[   84.828891]      scan-1933 add_single_object     : Added device:17 [\_SB_.PCI0.EHC1.RHUB.PRT3] parent device:16
[   84.829093]      scan-1141 get_device_data       : No context for object [ffff88040d83b0a0]
[   84.829290]      scan-1141 get_device_data       : No context for object [ffff88040d83b0c8]
[   84.829467]      scan-1141 get_device_data       : No context for object [ffff88040d83b0f0]
[   84.829665]      scan-1141 get_device_data       : No context for object [ffff88040d83b118]
[   84.829863]     utils-0051 util_eval_error       : Evaluate [\_SB_.PCI0.EHC1.RHUB.PRT4._STA]: AE_NOT_FOUND
[   84.830095] device: 'device:18': device_add
[   84.830158] bus: 'acpi': add device device:18
[   84.830234]     utils-0051 util_eval_error       : Evaluate [\_SB_.PCI0.EHC1.RHUB.PRT4._SUN]: AE_NOT_FOUND
[   84.830440]      scan-1933 add_single_object     : Added device:18 [\_SB_.PCI0.EHC1.RHUB.PRT4] parent device:16
[   84.830646]      scan-1141 get_device_data       : No context for object [ffff88040d83b140]
[   84.830844]      scan-1141 get_device_data       : No context for object [ffff88040d83b168]
[   84.831042]      scan-1141 get_device_data       : No context for object [ffff88040d83b190]
[   84.831239]      scan-1141 get_device_data       : No context for object [ffff88040d8273e8]
[   84.831438]     utils-0051 util_eval_error       : Evaluate [\_SB_.PCI0.OHC2._STA]: AE_NOT_FOUND
[   84.831682] device: 'device:19': device_add
[   84.831745] bus: 'acpi': add device device:19
[   84.831819]     utils-0051 util_eval_error       : Evaluate [\_SB_.PCI0.OHC2._SUN]: AE_NOT_FOUND
[   84.832023]      scan-1933 add_single_object     : Added device:19 [\_SB_.PCI0.OHC2] parent PNP0A08:00
[   84.832224]      scan-1141 get_device_data       : No context for object [ffff88040d827410]
[   84.832421]      scan-1141 get_device_data       : No context for object [ffff88040d827438]
[   84.832598]      scan-1141 get_device_data       : No context for object [ffff88040d83b488]
[   84.832797]     utils-0051 util_eval_error       : Evaluate [\_SB_.PCI0.OHC2.RHUB._STA]: AE_NOT_FOUND
[   84.833028] device: 'device:1a': device_add
[   84.833091] bus: 'acpi': add device device:1a
[   84.833165]     utils-0051 util_eval_error       : Evaluate [\_SB_.PCI0.OHC2.RHUB._SUN]: AE_NOT_FOUND
[   84.833370]      scan-1933 add_single_object     : Added device:1a [\_SB_.PCI0.OHC2.RHUB] parent device:19
[   84.833525]      scan-1141 get_device_data       : No context for object [ffff88040d83b4b0]
[   84.833702]      scan-1141 get_device_data       : No context for object [ffff88040d83b4d8]
[   84.833905]     utils-0051 util_eval_error       : Evaluate [\_SB_.PCI0.OHC2.RHUB.PRT4._STA]: AE_NOT_FOUND
[   84.834137] device: 'device:1b': device_add
[   84.834200] bus: 'acpi': add device device:1b
[   84.834277]     utils-0051 util_eval_error       : Evaluate [\_SB_.PCI0.OHC2.RHUB.PRT4._SUN]: AE_NOT_FOUND
[   84.834461]      scan-1933 add_single_object     : Added device:1b [\_SB_.PCI0.OHC2.RHUB.PRT4] parent device:1a
[   84.834663]      scan-1141 get_device_data       : No context for object [ffff88040d83b500]
[   84.834861]      scan-1141 get_device_data       : No context for object [ffff88040d83b528]
[   84.835059]      scan-1141 get_device_data       : No context for object [ffff88040d83b550]
[   84.835257]      scan-1141 get_device_data       : No context for object [ffff88040d827460]
[   84.835455]     utils-0051 util_eval_error       : Evaluate [\_SB_.PCI0.EHC2._STA]: AE_NOT_FOUND
[   84.835699] device: 'device:1c': device_add
[   84.835761] bus: 'acpi': add device device:1c
[   84.835836]     utils-0051 util_eval_error       : Evaluate [\_SB_.PCI0.EHC2._SUN]: AE_NOT_FOUND
[   84.836036]      scan-1933 add_single_object     : Added device:1c [\_SB_.PCI0.EHC2] parent PNP0A08:00
[   84.836234]      scan-1141 get_device_data       : No context for object [ffff88040d827488]
[   84.836427]      scan-1141 get_device_data       : No context for object [ffff88040d8274b0]
[   84.836624]      scan-1141 get_device_data       : No context for object [ffff88040d83b1b8]
[   84.837749]     utils-0051 util_eval_error       : Evaluate [\_SB_.PCI0.EHC2.RHUB._STA]: AE_NOT_FOUND
[   84.837978] device: 'device:1d': device_add
[   84.838040] bus: 'acpi': add device device:1d
