[    0.000000] Initializing cgroup subsys cpuset
[    0.000000] Initializing cgroup subsys cpu
[    0.000000] Initializing cgroup subsys cpuacct
[    0.000000] Linux version 3.17.0-rc2-gfd5984d (emacs@manji) (gcc version 4.9.1 (GCC) ) #52 SMP Sun Aug 31 16:53:44 CEST 2014
[    0.000000] Command line: BOOT_IMAGE=/vmlinuz-linux-git root=UUID=bfa4ab6e-19a3-4601-ba2b-267c55841c73 rw cryptdevice=/dev/disk/by-uuid/70c08890-417a-497d-b6ab-c0d0357a63e2:cryptManjaro:allow-discards ipv6.disable=1 pnp.debug=1 loglevel=9 log_buf_len=10M printk.always_kmsg_dump=y printk.time=y mminit_loglevel=0 memory_corruption_check=1 acpi.debug_layer=0xfbff0000 acpi.debug_level=0xFFFFFFFD pnp.debug=1 nohz=on rcu_nocbs=1-3 pcie_aspm=force fbcon=scrollback:4096k fbcon=font:ProFont6x11 radeon.audio=0 radeon.lockup_timeout=0 radeon.test=0 radeon.agpmode=-1 radeon.benchmark=0 radeon.tv=0 radeon.hard_reset=1 radeon.aspm=1 radeon.dpm=1 radeon.msi=1 radeon.pcie_gen2=-1 radeon.no_wb=1 radeon.modeset=1 radeon.dynclks=1 radeon.r4xx_atom=0 radeon.runpm=0 radeonfb radeon.fastfb=1 nomodeset
[    0.000000] KERNEL supported cpus:
[    0.000000]   AMD AuthenticAMD
[    0.000000] tseg: 00bfe00000
[    0.000000] e820: BIOS-provided physical RAM map:
[    0.000000] BIOS-e820: [mem 0x0000000000000000-0x000000000009d7ff] usable
[    0.000000] BIOS-e820: [mem 0x000000000009d800-0x000000000009ffff] reserved
[    0.000000] BIOS-e820: [mem 0x00000000000e0000-0x00000000000fffff] reserved
[    0.000000] BIOS-e820: [mem 0x0000000000100000-0x00000000bed9afff] usable
[    0.000000] BIOS-e820: [mem 0x00000000bed9b000-0x00000000bf39afff] reserved
[    0.000000] BIOS-e820: [mem 0x00000000bf39b000-0x00000000bf49afff] ACPI NVS
[    0.000000] BIOS-e820: [mem 0x00000000bf49b000-0x00000000bf51afff] ACPI data
[    0.000000] BIOS-e820: [mem 0x00000000bf51b000-0x00000000bfdfffff] usable
[    0.000000] BIOS-e820: [mem 0x00000000bfe00000-0x00000000bfffffff] reserved
[    0.000000] BIOS-e820: [mem 0x00000000fec00000-0x00000000fecfffff] reserved
[    0.000000] BIOS-e820: [mem 0x00000000fed80000-0x00000000fed80fff] reserved
[    0.000000] BIOS-e820: [mem 0x00000000ffe00000-0x00000000ffffffff] reserved
[    0.000000] BIOS-e820: [mem 0x0000000100000000-0x000000041effffff] usable
[    0.000000] NX (Execute Disable) protection: active
[    0.000000] SMBIOS 2.6 present.
[    0.000000] DMI: LENOVO Sabine/Torpedo, BIOS 54CN18WW 07/20/2011
[    0.000000] e820: update [mem 0x00000000-0x00000fff] usable ==> reserved
[    0.000000] e820: remove [mem 0x000a0000-0x000fffff] usable
[    0.000000] e820: last_pfn = 0x41f000 max_arch_pfn = 0x400000000
[    0.000000] MTRR default type: uncachable
[    0.000000] MTRR fixed ranges enabled:
[    0.000000]   00000-9FFFF write-back
[    0.000000]   A0000-BFFFF uncachable
[    0.000000]   C0000-FFFFF write-protect
[    0.000000] MTRR variable ranges enabled:
[    0.000000]   0 base 0000000000 mask FF80000000 write-back
[    0.000000]   1 base 0080000000 mask FFC0000000 write-back
[    0.000000]   2 base 00FFF90000 mask FFFFFF0000 uncachable
[    0.000000]   3 base 00FED80000 mask 0FFFFFF000 uncachable
[    0.000000]   4 disabled
[    0.000000]   5 disabled
[    0.000000]   6 disabled
[    0.000000]   7 base 00FFE00000 mask FFFFE00000 write-protect
[    0.000000] TOM2: 000000041f000000 aka 16880M
[    0.000000] mtrr: your BIOS has configured an incorrect mask, fixing it.
[    0.000000] e820: last_pfn = 0xbfe00 max_arch_pfn = 0x400000000
[    0.000000] found SMP MP-table at [mem 0x000fa8b0-0x000fa8bf] mapped at [ffff8800000fa8b0]
[    0.000000] Base memory trampoline at [ffff880000097000] 97000 size 24576
[    0.000000] Using GB pages for direct mapping
[    0.000000] init_memory_mapping: [mem 0x00000000-0x000fffff]
[    0.000000]  [mem 0x00000000-0x000fffff] page 4k
[    0.000000] BRK [0x01e17000, 0x01e17fff] PGTABLE
[    0.000000] BRK [0x01e18000, 0x01e18fff] PGTABLE
[    0.000000] BRK [0x01e19000, 0x01e19fff] PGTABLE
[    0.000000] init_memory_mapping: [mem 0x41ee00000-0x41effffff]
[    0.000000]  [mem 0x41ee00000-0x41effffff] page 2M
[    0.000000] BRK [0x01e1a000, 0x01e1afff] PGTABLE
[    0.000000] init_memory_mapping: [mem 0x41c000000-0x41edfffff]
[    0.000000]  [mem 0x41c000000-0x41edfffff] page 2M
[    0.000000] init_memory_mapping: [mem 0x400000000-0x41bffffff]
[    0.000000]  [mem 0x400000000-0x41bffffff] page 2M
[    0.000000] init_memory_mapping: [mem 0x00100000-0xbed9afff]
[    0.000000]  [mem 0x00100000-0x001fffff] page 4k
[    0.000000]  [mem 0x00200000-0x3fffffff] page 2M
[    0.000000]  [mem 0x40000000-0x7fffffff] page 1G
[    0.000000]  [mem 0x80000000-0xbebfffff] page 2M
[    0.000000]  [mem 0xbec00000-0xbed9afff] page 4k
[    0.000000] init_memory_mapping: [mem 0xbf51b000-0xbfdfffff]
[    0.000000]  [mem 0xbf51b000-0xbf5fffff] page 4k
[    0.000000]  [mem 0xbf600000-0xbfdfffff] page 2M
[    0.000000] BRK [0x01e1b000, 0x01e1bfff] PGTABLE
[    0.000000] init_memory_mapping: [mem 0x100000000-0x3ffffffff]
[    0.000000]  [mem 0x100000000-0x3ffffffff] page 1G
[    0.000000] log_buf_len: 16777216 bytes
[    0.000000] early log buf free: 2092044(99%)
[    0.000000] RAMDISK: [mem 0x3782c000-0x37c0dfff]
[    0.000000] ACPI: Early table checksum verification disabled
[    0.000000] ACPI: RSDP 0x00000000000F0110 000024 (v02 LENOVO)
[    0.000000] ACPI: XSDT 0x00000000BF51A120 000074 (v01 LENOVO CB-01    00000001 LENO 00000001)
[    0.000000] ACPI: FACP 0x00000000BF508000 0000F4 (v04 LENOVO CB-01    00000001 PTL  00000001)
[    0.000000] ACPI: DSDT 0x00000000BF50A000 00FD10 (v01 LENOVO CB-01    00001000 LENO 00000001)
[    0.000000] ACPI: FACS 0x00000000BF478000 000040
[    0.000000] ACPI: HPET 0x00000000BF507000 000038 (v01 LENOVO CB-01    00000001 PTL  00000001)
[    0.000000] ACPI: APIC 0x00000000BF506000 00007A (v02 LENOVO CB-01    00000001 PTL  00000001)
[    0.000000] ACPI: MCFG 0x00000000BF505000 00003C (v01 LENOVO CB-01    00000001 PTL  00000001)
[    0.000000] ACPI: SLIC 0x00000000BF504000 000176 (v01 LENOVO CB-01    00000001 LENO 00000001)
[    0.000000] ACPI: UEFI 0x00000000BF503000 00003E (v01 LENOVO CB-01    00000001 PTL  00000001)
[    0.000000] ACPI: UEFI 0x00000000BF502000 000042 (v01 PTL    COMBUF   00000001 PTL  00000001)
[    0.000000] ACPI: SSDT 0x00000000BF501000 000E34 (v01 AMD    POWERNOW 00000001 AMD  00000001)
[    0.000000] ACPI: SSDT 0x00000000BF4FF000 00193D (v02 AMD    ALIB     00000001 MSFT 04000000)
[    0.000000] ACPI: UEFI 0x00000000BF4FE000 00021A (v01 LENOVO CB-01    00000001 PTL  00000001)
[    0.000000] ACPI: Local APIC address 0xfee00000
[    0.000000] No NUMA configuration found
[    0.000000] Faking a node at [mem 0x0000000000000000-0x000000041effffff]
[    0.000000] Initmem setup node 0 [mem 0x00000000-0x41effffff]
[    0.000000]   NODE_DATA [mem 0x41dffa000-0x41dffdfff]
[    0.000000]  [ffffea0000000000-ffffea00107fffff] PMD -> [ffff88040de00000-ffff88041d5fffff] on node 0
[    0.000000] Zone ranges:
[    0.000000]   DMA      [mem 0x00001000-0x00ffffff]
[    0.000000]   DMA32    [mem 0x01000000-0xffffffff]
[    0.000000]   Normal   [mem 0x100000000-0x41effffff]
[    0.000000] Movable zone start for each node
[    0.000000] Early memory node ranges
[    0.000000]   node   0: [mem 0x00001000-0x0009cfff]
[    0.000000]   node   0: [mem 0x00100000-0xbed9afff]
[    0.000000]   node   0: [mem 0xbf51b000-0xbfdfffff]
[    0.000000]   node   0: [mem 0x100000000-0x41effffff]
[    0.000000] On node 0 totalpages: 4056604
[    0.000000]   DMA zone: 64 pages used for memmap
[    0.000000]   DMA zone: 21 pages reserved
[    0.000000]   DMA zone: 3996 pages, LIFO batch:0
[    0.000000]   DMA32 zone: 12186 pages used for memmap
[    0.000000]   DMA32 zone: 779904 pages, LIFO batch:31
[    0.000000]   Normal zone: 51136 pages used for memmap
[    0.000000]   Normal zone: 3272704 pages, LIFO batch:31
[    0.000000] ACPI: PM-Timer IO Port: 0x808
[    0.000000] ACPI: Local APIC address 0xfee00000
[    0.000000] ACPI: LAPIC (acpi_id[0x00] lapic_id[0x00] enabled)
[    0.000000] ACPI: LAPIC (acpi_id[0x01] lapic_id[0x01] enabled)
[    0.000000] ACPI: LAPIC (acpi_id[0x02] lapic_id[0x02] enabled)
[    0.000000] ACPI: LAPIC (acpi_id[0x03] lapic_id[0x03] enabled)
[    0.000000] ACPI: LAPIC_NMI (acpi_id[0x00] high edge lint[0x1])
[    0.000000] ACPI: LAPIC_NMI (acpi_id[0x01] high edge lint[0x1])
[    0.000000] ACPI: LAPIC_NMI (acpi_id[0x02] high edge lint[0x1])
[    0.000000] ACPI: LAPIC_NMI (acpi_id[0x03] high edge lint[0x1])
[    0.000000] ACPI: IOAPIC (id[0x02] address[0xfec00000] gsi_base[0])
[    0.000000] IOAPIC[0]: apic_id 2, version 33, address 0xfec00000, GSI 0-23
[    0.000000] ACPI: INT_SRC_OVR (bus 0 bus_irq 0 global_irq 2 dfl dfl)
[    0.000000] ACPI: IRQ0 used by override.
[    0.000000] ACPI: IRQ9 used by override.
[    0.000000] Using ACPI (MADT) for SMP configuration information
[    0.000000] ACPI: HPET id: 0x43538210 base: 0xfed00000
[    0.000000] smpboot: Allowing 4 CPUs, 0 hotplug CPUs
[    0.000000] e820: [mem 0xc0000000-0xfebfffff] available for PCI devices
[    0.000000] setup_percpu: NR_CPUS:64 nr_cpumask_bits:64 nr_cpu_ids:4 nr_node_ids:1
[    0.000000] PERCPU: Embedded 27 pages/cpu @ffff88041dc00000 s80256 r8192 d22144 u524288
[    0.000000] pcpu-alloc: s80256 r8192 d22144 u524288 alloc=1*2097152
[    0.000000] pcpu-alloc: [0] 0 1 2 3 
[    0.000000] Built 1 zonelists in Zone order, mobility grouping on.  Total pages: 3993197
[    0.000000] Policy zone: Normal
[    0.000000] Kernel command line: BOOT_IMAGE=/vmlinuz-linux-git root=UUID=bfa4ab6e-19a3-4601-ba2b-267c55841c73 rw cryptdevice=/dev/disk/by-uuid/70c08890-417a-497d-b6ab-c0d0357a63e2:cryptManjaro:allow-discards ipv6.disable=1 pnp.debug=1 loglevel=9 log_buf_len=10M printk.always_kmsg_dump=y printk.time=y mminit_loglevel=0 memory_corruption_check=1 acpi.debug_layer=0xfbff0000 acpi.debug_level=0xFFFFFFFD pnp.debug=1 nohz=on rcu_nocbs=1-3 pcie_aspm=force fbcon=scrollback:4096k fbcon=font:ProFont6x11 radeon.audio=0 radeon.lockup_timeout=0 radeon.test=0 radeon.agpmode=-1 radeon.benchmark=0 radeon.tv=0 radeon.hard_reset=1 radeon.aspm=1 radeon.dpm=1 radeon.msi=1 radeon.pcie_gen2=-1 radeon.no_wb=1 radeon.modeset=1 radeon.dynclks=1 radeon.r4xx_atom=0 radeon.runpm=0 radeonfb radeon.fastfb=1 nomodeset
[    0.000000] PCIe ASPM is forcibly enabled
[    0.000000] PID hash table entries: 4096 (order: 3, 32768 bytes)
[    0.000000] Memory: 15870900K/16226416K available (5251K kernel code, 721K rwdata, 2208K rodata, 848K init, 2588K bss, 355516K reserved)
[    0.000000] SLUB: HWalign=64, Order=0-3, MinObjects=0, CPUs=4, Nodes=1
[    0.000000] Hierarchical RCU implementation.
[    0.000000] 	RCU dyntick-idle grace-period acceleration is enabled.
[    0.000000] 	Additional per-CPU info printed with stalls.
[    0.000000] 	RCU restricting CPUs from NR_CPUS=64 to nr_cpu_ids=4.
[    0.000000] 	Offload RCU callbacks from all CPUs
[    0.000000] 	Offload RCU callbacks from CPUs: 0-3.
[    0.000000] RCU: Adjusting geometry for rcu_fanout_leaf=16, nr_cpu_ids=4
[    0.000000] NR_IRQS:4352 nr_irqs:456 0
[    0.000000] spurious 8259A interrupt: IRQ7.
[    0.000000] vgacon: allocated 4194304 bytes of memory for scrollback. CONFIG_VGACON_SOFT_SCROLLBACK_SIZE=4096
[    0.000000] Console: colour VGA+ 80x25
[    0.000000] console [tty0] enabled
[    0.000000] allocated 65011712 bytes of page_cgroup
[    0.000000] please try 'cgroup_disable=memory' option if you don't want memory cgroups
[    0.000000] hpet clockevent registered
[    0.000000] tsc: Fast TSC calibration using PIT
[    0.000000] tsc: Detected 1397.439 MHz processor
[    0.000065] Calibrating delay loop (skipped), value calculated using timer frequency.. 2795.33 BogoMIPS (lpj=4658130)
[    0.000195] pid_max: default: 32768 minimum: 301
[    0.000268] ACPI: Core revision 20140724
[    0.025835] ACPI: All ACPI Tables successfully acquired
[    0.027417] Security Framework initialized
[    0.029075] Dentry cache hash table entries: 2097152 (order: 12, 16777216 bytes)
[    0.035982] Inode-cache hash table entries: 1048576 (order: 11, 8388608 bytes)
[    0.039078] Mount-cache hash table entries: 32768 (order: 6, 262144 bytes)
[    0.039218] Mountpoint-cache hash table entries: 32768 (order: 6, 262144 bytes)
[    0.039796] Initializing cgroup subsys memory
[    0.039875] Initializing cgroup subsys devices
[    0.039942] Initializing cgroup subsys freezer
[    0.040009] Initializing cgroup subsys net_cls
[    0.040090] Initializing cgroup subsys blkio
[    0.040183] CPU: Physical Processor ID: 0
[    0.040246] CPU: Processor Core ID: 0
[    0.040311] mce: CPU supports 6 MCE banks
[    0.040387] Last level iTLB entries: 4KB 512, 2MB 16, 4MB 8
Last level dTLB entries: 4KB 1024, 2MB 128, 4MB 64, 1GB 0
[    0.040703] Freeing SMP alternatives memory: 20K (ffffffff81b8a000 - ffffffff81b8f000)
[    0.041408] ..TIMER: vector=0x30 apic1=0 pin1=2 apic2=-1 pin2=-1
[    0.074491] smpboot: CPU0: AMD A6-3400M APU with Radeon(tm) HD Graphics (fam: 12, model: 01, stepping: 00)
[    0.180176] Performance Events: AMD PMU driver.
[    0.180281] ... version:                0
[    0.180344] ... bit width:              48
[    0.180408] ... generic registers:      4
[    0.180471] ... value mask:             0000ffffffffffff
[    0.180536] ... max period:             00007fffffffffff
[    0.180601] ... fixed-purpose events:   0
[    0.180664] ... event mask:             000000000000000f
[    0.181203] MCE: In-kernel MCE decoding enabled.
[    0.181372] trying cpu_up:
[    0.181484] NMI watchdog: enabled on all CPUs, permanently consumes one hw-PMU counter.
[    0.181800] smpboot: ++++++++++++++++++++=_---CPU UP  1
[    0.181905] x86: Booting SMP configuration:
[    0.181970] .... node  #0, CPUs:      #1
[    0.182079] smpboot: Setting warm reset code and vector.
[    0.182203] smpboot: 1.
[    0.182266] smpboot: 2.
[    0.182328] smpboot: 3.
[    0.182391] smpboot: Asserting INIT
[    0.182454] smpboot: waiting 5 sec
[    5.191666] smpboot: done waiting
[    5.191811] smpboot: Waiting for INIT send to finish...
[    5.201952] smpboot: status for above ^ is: 0
[    5.202062] smpboot: Deasserting INIT
[    5.202125] smpboot: Waiting for above send to finish...
[    5.202190] smpboot: #startup loops: 2
[    5.202253] smpboot: Sending STARTUP #1
[    5.202317] smpboot: After apic_write
[    5.105736] smpboot: CPU#1 (phys ID: 1) waiting for CALLOUT
[    5.202681] smpboot: Startup point 1
[    5.202854] smpboot: Waiting for send to finish...
[    5.203119] smpboot: Sending STARTUP #2
[    5.203229] smpboot: After apic_write
[    5.203592] smpboot: Startup point 1
[    5.203655] smpboot: Waiting for send to finish...
[    5.203919] smpboot: After Startup
[    5.204029] smpboot: Before Callout 1
[    5.204092] smpboot: After Callout 1
[    5.107339] smpboot: Stack at about ffff880407807f44
[    5.204221] smpboot: start waiting 5sec for response
[    5.204260] smpboot: done waiting 5sec for response
[    5.204357] smpboot: cpumask_test_cpu result: -1
[    5.204420] smpboot: cpu_callin_mask: 0000000000000003
[    5.204517] smpboot: cpu_callout_mask: 0000000000000003
[    5.204581] smpboot: CPU1: has booted.
[    5.206713] TSC synchronization [CPU#0 -> CPU#1]:
[    5.206824] Measured 135213851 cycles TSC warp between CPUs, turning off TSC clock.
[    5.206966] tsc: Marking TSC unstable due to check_tsc_sync_source failed
[    5.207093] after cpu_up !!!!!!!!!!!!
[    5.207178] trying cpu_up:
[    5.207389] smpboot: ++++++++++++++++++++=_---CPU UP  2
[    5.207548]  #2
[    5.207585] smpboot: Setting warm reset code and vector.
[    5.207709] smpboot: 1.
[    5.207772] smpboot: 2.
[    5.207834] smpboot: 3.
[    5.207896] smpboot: Asserting INIT
[    5.207959] smpboot: waiting 5 sec
[   13.370543] smpboot: done waiting
[   13.370687] smpboot: Waiting for INIT send to finish...
[   13.380828] smpboot: status for above ^ is: 0
[   13.380939] smpboot: Deasserting INIT
[   13.381001] smpboot: Waiting for above send to finish...
[   13.381065] smpboot: #startup loops: 2
[   13.381125] smpboot: Sending STARTUP #1
[   13.381185] smpboot: After apic_write
[   13.381545] smpboot: Startup point 1
[   13.381653] smpboot: Waiting for send to finish...
[   13.381917] smpboot: Sending STARTUP #2
[   13.382025] smpboot: After apic_write
[   13.382387] smpboot: Startup point 1
[   13.382495] smpboot: Waiting for send to finish...
[   13.382758] smpboot: After Startup
[   13.382868] smpboot: Before Callout 2
[   13.382931] smpboot: After Callout 2
[   13.382993] smpboot: start waiting 5sec for response
[   13.383137] [sched_delayed] sched: RT throttling activated
[   18.401677] smpboot: done waiting 5sec for response
[   18.401760] smpboot: cpumask_test_cpu result: 0
[   18.401854] smpboot: cpu_callin_mask: 0000000000000003
[   18.401918] smpboot: cpu_callout_mask: 0000000000000007
[   18.402016] smpboot: CPU2: Not responding
[   18.402130] smpboot: do_boot_cpu failed(1) to wakeup CPU#2
[   18.402207] doing it one more time: cpu_up !!!!!!!!!!!!
[   18.402253] smpboot: ++++++++++++++++++++=_---CPU UP  2
[   18.402376]  #2
[   18.402416] smpboot: Setting warm reset code and vector.
[   18.402540] smpboot: 1.
[   18.402602] smpboot: 2.
[   18.402664] smpboot: 3.
[   18.402727] smpboot: Asserting INIT
[   18.402790] smpboot: waiting 5 sec
[   23.412094] smpboot: done waiting
[   23.412237] smpboot: Waiting for INIT send to finish...
[   23.422378] smpboot: status for above ^ is: 0
[   23.422487] smpboot: Deasserting INIT
[   23.422548] smpboot: Waiting for above send to finish...
[   23.422610] smpboot: #startup loops: 2
[   23.422673] smpboot: Sending STARTUP #1
[   23.422736] smpboot: After apic_write
[   23.423099] smpboot: Startup point 1
[   23.423209] smpboot: Waiting for send to finish...
[   23.423474] smpboot: Sending STARTUP #2
[   23.423558] smpboot: After apic_write
[   23.423921] smpboot: Startup point 1
[   23.424033] smpboot: Waiting for send to finish...
[   23.424298] smpboot: After Startup
[   23.424407] smpboot: Before Callout 2
[   23.424470] smpboot: After Callout 2
[   23.424533] smpboot: start waiting 5sec for response
[   28.443266] smpboot: done waiting 5sec for response
[   28.443408] smpboot: cpumask_test_cpu result: 0
[   28.443471] smpboot: cpu_callin_mask: 0000000000000003
[   28.443568] smpboot: cpu_callout_mask: 0000000000000007
[   28.443631] smpboot: CPU2: Not responding
[   28.443754] smpboot: do_boot_cpu failed(1) to wakeup CPU#2
[   28.443826] after cpu_up !!!!!!!!!!!!
[   28.443864] trying cpu_up:
[   28.444075] smpboot: ++++++++++++++++++++=_---CPU UP  3
[   28.444242]  #3
[   28.444279] smpboot: Setting warm reset code and vector.
[   28.444402] smpboot: 1.
[   28.444464] smpboot: 2.
[   28.444525] smpboot: 3.
[   28.444585] smpboot: Asserting INIT
[   28.444649] smpboot: waiting 5 sec
[   33.453952] smpboot: done waiting
[   33.454094] smpboot: Waiting for INIT send to finish...
[   33.464235] smpboot: status for above ^ is: 0
[   33.464345] smpboot: Deasserting INIT
[   33.464408] smpboot: Waiting for above send to finish...
[   33.464473] smpboot: #startup loops: 2
[   33.464537] smpboot: Sending STARTUP #1
[   33.464600] smpboot: After apic_write
[   33.299966] smpboot: CPU#3 (phys ID: 3) waiting for CALLOUT
[   33.464964] smpboot: Startup point 1
[   33.465137] smpboot: Waiting for send to finish...
[   33.465403] smpboot: Sending STARTUP #2
[   33.465513] smpboot: After apic_write
[   33.465877] smpboot: Startup point 1
[   33.465940] smpboot: Waiting for send to finish...
[   33.466205] smpboot: After Startup
[   33.466315] smpboot: Before Callout 3
[   33.466379] smpboot: After Callout 3
[   33.301572] smpboot: Stack at about ffff88040780ff44
[   33.466507] smpboot: start waiting 5sec for response
[   33.466544] smpboot: done waiting 5sec for response
[   33.467738] smpboot: cpumask_test_cpu result: -1
[   33.467799] smpboot: cpu_callin_mask: 000000000000000b
[   33.467897] smpboot: cpu_callout_mask: 000000000000000b
[   33.467961] smpboot: CPU3: has booted.
[   33.468113] after cpu_up !!!!!!!!!!!!
[   33.468152] x86: Booted up 1 node, 3 CPUs
[   33.468275] smpboot: Boot done
[   33.468337] smpboot: Before bogomips
[   33.468402] smpboot: Total of 3 processors activated (8387.99 BogoMIPS)
[   33.468467] smpboot: Before bogocount - setting activated=1
[   30.276759] devtmpfs: initialized
[   30.276770] device: 'platform': device_add
[   30.276866] bus: 'platform': registered
[   30.276937] bus: 'cpu': registered
[   30.277000] device: 'cpu': device_add
[   30.277078] bus: 'container': registered
[   30.277143] device: 'container': device_add
[   30.280401] bus: 'workqueue': registered
[   30.280519] device: 'workqueue': device_add
[   30.280817] atomic64_test: passed for x86-64 platform with CX8 and with SSE
[   30.280934] device class 'regulator': registering
[   30.281047] Registering platform device 'reg-dummy'. Parent at platform
[   30.281139] device: 'reg-dummy': device_add
[   30.281207] bus: 'platform': add device reg-dummy
[   30.281294] bus: 'platform': add driver reg-dummy
[   30.281362] bus: 'platform': driver_probe_device: matched device reg-dummy with driver reg-dummy
[   30.281502] bus: 'platform': really_probe: probing driver reg-dummy with device reg-dummy
[   30.281646] device: 'regulator.0': device_add
[   30.281726] regulator-dummy: no parameters
[   30.281795] driver: 'reg-dummy': driver_bound: bound to device 'reg-dummy'
[   30.281861] bus: 'platform': really_probe: bound device reg-dummy to driver reg-dummy
[   30.282109] NET: Registered protocol family 16
[   30.282109] device class 'bdi': registering
[   30.282109] bus: 'platform': add driver ramoops
[   30.282109] device class 'pci_bus': registering
[   30.282109] bus: 'pci': registered
[   30.282109] device class 'backlight': registering
[   30.282109] device class 'tty': registering
[   30.282109] device class 'vtconsole': registering
[   30.282109] device: 'vtcon0': device_add
[   30.282109] bus: 'node': registered
[   30.282109] device: 'node': device_add
[   30.282109] bus: 'i2c': registered
[   30.282109] bus: 'i2c': add driver dummy
[   30.282109] i2c-core: driver [dummy] registered
[   30.282109] cpuidle: using governor ladder
[   30.282109] cpuidle: using governor menu
[   30.282109] ACPI FADT declares the system doesn't support PCIe ASPM, so disable it
[   30.282109] ACPI: bus type PCI registered
[   30.282149] acpiphp: ACPI Hot Plug PCI Controller Driver version: 0.5
[   30.282216] device class 'dmi': registering
[   30.282287] device: 'id': device_add
[   30.282470] PCI: MMCONFIG for domain 0000 [bus 00-3f] at [mem 0xf8000000-0xfbffffff] (base 0xf8000000)
[   30.282611] PCI: not using MMCONFIG
[   30.282674] PCI: Using configuration type 1 for base access
[   30.282737] PCI: Using configuration type 1 for extended access
[   30.283102] device: 'node0': device_add
[   30.283211] bus: 'node': add device node0
[   30.283288] device: 'cpu0': device_add
[   30.283338] bus: 'cpu': add device cpu0
[   30.283438] device: 'cpu1': device_add
[   30.283552] bus: 'cpu': add device cpu1
[   30.283649] device: 'cpu2': device_add
[   30.283718] bus: 'cpu': add device cpu2
[   30.283814] device: 'cpu3': device_add
[   30.283879] bus: 'cpu': add device cpu3
[   30.286755] kworker/u8:0 (39) used greatest stack depth: 15104 bytes left
[   30.286763] kworker/u8:0 (40) used greatest stack depth: 14848 bytes left
[   30.286887] kworker/u8:0 (57) used greatest stack depth: 14176 bytes left
[   30.293432] device: 'writeback': device_add
[   30.293432] bus: 'workqueue': add device writeback
[   30.293551] device: 'default': device_add
[   30.293744] device class 'block': registering
[   30.293744] ACPI: Added _OSI(Module Device)
[   30.293744] ACPI: Added _OSI(Processor Device)
[   30.293744] ACPI: Added _OSI(3.0 _SCP Extensions)
[   30.293744] ACPI: Added _OSI(Processor Aggregator Device)
[   30.297196] 
**** Context Switch from TID 4294967295 to TID 133431296 ****

[   30.297406]     utils-0051 util_eval_error       : Evaluate [\_SB_.PCI0.LPC0.EC0_._GLK]: AE_NOT_FOUND
[   30.297952] Executing  Method       \_SB_.PCI0.LPC0.EC0_._REG
[   30.298676] Executing  Method       \_SB_.PCI0.LPC0.EC0_._REG
[   30.298870] Executing  Method       \_SB_.PCI0.LPC0.EC0_._REG
[   30.299068] Executing  Method       \_SB_.PCI0.LPC0.EC0_._REG
[   30.303348] Initializing Region       \_SB_.OSTY
[   30.303348] Initializing Region       \_SB_.PCI0.NBMS
[   30.303348] Initializing Region       \_SB_.PCI0.NBXP
[   30.303348] Initializing Region       \_SB_.PCI0.K8ST
[   30.303348] Initializing Region       \_SB_.PCI0.BAR1
[   30.303348] Initializing Region       \_SB_.PCI0.PB2_.XPEX
[   30.303348] Initializing Region       \_SB_.PCI0.PB2_.PCFG
[   30.303348] Initializing Region       \_SB_.PCI0.PB2_.XPCB
[   30.303348] Initializing Region       \_SB_.PCI0.PB2_.XPRI
[   30.303450] Initializing Region       \_SB_.PCI0.PB2_.VGA_.PCFG
[   30.303628] Initializing Region       \_SB_.PCI0.PB2_.HDAU.PCFG
[   30.303820] Initializing Region       \_SB_.PCI0.PB3_.XPEX
[   30.303967] Initializing Region       \_SB_.PCI0.PB3_.PCFG
[   30.304115] Initializing Region       \_SB_.PCI0.PB3_.XPCB
[   30.304264] Initializing Region       \_SB_.PCI0.PB3_.XPRI
[   30.304417] Initializing Region       \_SB_.PCI0.PB3_.VGA_.PCFG
[   30.304635] Initializing Region       \_SB_.PCI0.PB3_.HDAU.PCFG
[   30.304789] Initializing Region       \_SB_.PCI0.PB4_.XPEX
[   30.304934] Initializing Region       \_SB_.PCI0.PB4_.PCFG
[   30.305082] Initializing Region       \_SB_.PCI0.PB4_.XPCB
[   30.305230] Initializing Region       \_SB_.PCI0.PB4_.XPRI
[   30.305383] Initializing Region       \_SB_.PCI0.PB4_.XPDV.PCFG
[   30.305544] Initializing Region       \_SB_.PCI0.PB5_.XPEX
[   30.305692] Initializing Region       \_SB_.PCI0.PB5_.PCFG
[   30.305840] Initializing Region       \_SB_.PCI0.PB5_.XPCB
[   30.305983] Initializing Region       \_SB_.PCI0.PB5_.XPRI
[   30.306122] Initializing Region       \_SB_.PCI0.PB5_.XPDV.PCFG
[   30.306285] Initializing Region       \_SB_.PCI0.PB6_.XPEX
[   30.306432] Initializing Region       \_SB_.PCI0.PB6_.PCFG
[   30.306579] Initializing Region       \_SB_.PCI0.PB6_.XPCB
[   30.306743] Initializing Region       \_SB_.PCI0.PB6_.XPRI
[   30.306894] Initializing Region       \_SB_.PCI0.PB6_.XPDV.PCFG
[   30.307056] Initializing Region       \_SB_.PCI0.PB7_.XPEX
[   30.307199] Initializing Region       \_SB_.PCI0.PB7_.PCFG
[   30.307336] Initializing Region       \_SB_.PCI0.PB7_.XPCB
[   30.307484] Initializing Region       \_SB_.PCI0.PB7_.XPRI
[   30.307636] Initializing Region       \_SB_.PCI0.PB7_.XPDV.PCFG
[   30.308049] Initializing Region       \_SB_.PCI0.SATC
[   30.308243] Initializing Region       \_SB_.PCI0.RMEM
[   30.308418] Initializing Region       \_SB_.PCI0.SATA.SATX
[   30.308559] Initializing Region       \_SB_.PCI0.SATA.BAR5
[   30.326888] Initializing Region       \_SB_.PCI0.SMB_.SBRV
[   30.327098] Initializing Region       \_SB_.PCI0.SMB_.PMIO
[   30.327248] Initializing Region       \_SB_.PCI0.SMB_.ERMM
[   30.327499] Initializing Region       \_SB_.PCI0.SMB_.P1E0
[   30.327647] Initializing Region       \_SB_.PCI0.SMB_.ABIO
[   30.327798] Initializing Region       \_SB_.PCI0.SMB_.SMB0
[   30.327951] Initializing Region       \_SB_.PCI0.LPC0.PIRQ
[   30.328153] Initializing Region       \_SB_.PCI0.LPC0.LPCR
[   30.328424] Initializing Region       \_SB_.PCI0.LPC0.LPCS
[   30.328424] Initializing Region       \_SB_.PCI0.LPC0.SMI0
[   30.328424] Initializing Region       \_SB_.PCI0.LPC0.SMI1
[   30.328424] Initializing Region       \_SB_.PCI0.LPC0.EC0_.ECO1
[   30.328424] Initializing Region       \_SB_.PCI0.LPC0.EC0_.ECO2
[   30.328424] Initializing Region       \_SB_.PCI0.LPC0.EC0_.ECMB
[   30.328424] Initializing Region       \_SB_.PCI0.LPC0.EC0_.RAM_
[   30.328424] Initializing Region       \_SB_.PCI0.LPC0.EC0_.CMOS
[   30.328424] Initializing Region       \_SB_.PCI0.LPC0.EC0_.VPC0.ERAM
[   30.328424] Initializing Region       \_SB_.PCI0.SPB0.PCFG
[   30.328424] Initializing Region       \_SB_.PCI0.SPB0.XPCB
[   30.328488] Initializing Region       \_SB_.PCI0.SPB0.XPDV.PCFG
[   30.328649] Initializing Region       \_SB_.PCI0.SPB1.PCFG
[   30.328797] Initializing Region       \_SB_.PCI0.SPB1.XPCB
[   30.328949] Initializing Region       \_SB_.PCI0.SPB1.XPDV.PCFG
[   30.329111] Initializing Region       \_SB_.PCI0.SPB2.PCFG
[   30.329253] Initializing Region       \_SB_.PCI0.SPB2.XPCB
[   30.329393] Initializing Region       \_SB_.PCI0.SPB2.XPDV.PCFG
[   30.329554] Initializing Region       \_SB_.PCI0.SPB3.PCFG
[   30.329702] Initializing Region       \_SB_.PCI0.SPB3.XPCB
[   30.329855] Initializing Region       \_SB_.PCI0.SPB3.XPDV.PCFG
[   30.330182] Initializing Region       \_SB_.PCI0.VGA_.REVD
[   30.330535] Initializing BufferField  \_SB_.AMW0.WLID
[   30.331174] Initializing Region       \DEB2
[   30.331369] Initializing Region       \PMIO
[   30.331515] Initializing Region       \P01_
[   30.331687] Initializing Region       \CNVS
[   30.331864] Initializing Region       \SPRT
[   30.332026] Initializing Region       \CMIO
[   30.332331] Executing  Method       \_SB_._STA
[   30.332548] Executing  Method       \_SB_._INI
[   30.332718] Executing  Method       \_SB_.PCI0._STA
[   30.332886] Executing  Method       \_SB_.PCI0._INI
[   30.333281] [Firmware Bug]: ACPI: BIOS _OSI(Linux) query ignored
[   30.333737] Executing  Method       \_SB_.PCI0.SATA._STA
[   30.333955] Executing  Method       \_SB_.PCI0.SATA._INI
[   30.334994] Executing  Method       \_SB_.PCI0.LPC0.EC0_._REG
[   30.366780] ACPI: Interpreter enabled
[   30.366864] ACPI: (supports S0 S5)
[   30.368027] ACPI: Using IOAPIC for interrupt routing
[   30.368304] PCI: MMCONFIG for domain 0000 [bus 00-3f] at [mem 0xf8000000-0xfbffffff] (base 0xf8000000)
[   30.368304] PCI: MMCONFIG at [mem 0xf8000000-0xfbffffff] reserved in ACPI motherboard resources
[   30.370000] bus: 'acpi': registered
[   30.370000] PCI: Using host bridge windows from ACPI; if necessary, use "pci=nocrs" and report a bug
[   30.370000]      scan-1141 get_device_data       : No context for object [ffffffffffffffff]
[   30.370000]     utils-0051 util_eval_error       : Evaluate [\._STA]: AE_NOT_FOUND
[   30.370000] device: 'LNXSYSTM:00': device_add
[   30.370000] bus: 'acpi': add device LNXSYSTM:00
[   30.370000]     utils-0051 util_eval_error       : Evaluate [\._SUN]: AE_NOT_FOUND
[   30.370055]      scan-1933 add_single_object     : Added LNXSYSTM:00 [\] parent (null)
[   30.370055]      scan-1141 get_device_data       : No context for object [ffff88040d81d000]
[   30.370055]      scan-1141 get_device_data       : No context for object [ffff88040d8377d0]
[   30.370055]      scan-1141 get_device_data       : No context for object [ffff88040d8377f8]
[   30.370055]      scan-1141 get_device_data       : No context for object [ffff88040d837820]
[   30.370055]      scan-1141 get_device_data       : No context for object [ffff88040d837848]
[   30.370055]      scan-1141 get_device_data       : No context for object [ffff88040d837870]
[   30.370137]      scan-1141 get_device_data       : No context for object [ffff88040d837898]
[   30.370346]      scan-1141 get_device_data       : No context for object [ffff88040d8378c0]
[   30.370556]      scan-1141 get_device_data       : No context for object [ffff88040d8378e8]
[   30.370741]      scan-1141 get_device_data       : No context for object [ffff88040d839398]
[   30.370951]      scan-1141 get_device_data       : No context for object [ffff88040d81d028]
[   30.371161]      scan-1141 get_device_data       : No context for object [ffff88040d81d168]
[   30.371367]     utils-0051 util_eval_error       : Evaluate [\_PR_.C000._STA]: AE_NOT_FOUND
[   30.371578]      scan-1141 get_device_data       : No context for object [ffff88040d81d028]
[   30.371752] device: 'LNXCPU:00': device_add
[   30.371819] bus: 'acpi': add device LNXCPU:00
[   30.371895]     utils-0051 util_eval_error       : Evaluate [\_PR_.C000._SUN]: AE_NOT_FOUND
[   30.373345]      scan-1933 add_single_object     : Added LNXCPU:00 [\_PR_.C000] parent LNXSYSTM:00
[   30.373345]      scan-1141 get_device_data       : No context for object [ffff88040d83c398]
[   30.373345]      scan-1141 get_device_data       : No context for object [ffff88040d83c3c0]
[   30.373345]      scan-1141 get_device_data       : No context for object [ffff88040d83c3e8]
[   30.373345]      scan-1141 get_device_data       : No context for object [ffff88040d83c410]
[   30.373345]      scan-1141 get_device_data       : No context for object [ffff88040d83c438]
[   30.373345]      scan-1141 get_device_data       : No context for object [ffff88040d83c460]
[   30.373498]      scan-1141 get_device_data       : No context for object [ffff88040d81d190]
[   30.373696]     utils-0051 util_eval_error       : Evaluate [\_PR_.C001._STA]: AE_NOT_FOUND
[   30.373892]      scan-1141 get_device_data       : No context for object [ffff88040d81d028]
[   30.374099] device: 'LNXCPU:01': device_add
[   30.374162] bus: 'acpi': add device LNXCPU:01
[   30.374239]     utils-0051 util_eval_error       : Evaluate [\_PR_.C001._SUN]: AE_NOT_FOUND
[   30.376682]      scan-1933 add_single_object     : Added LNXCPU:01 [\_PR_.C001] parent LNXSYSTM:00
[   30.376682]      scan-1141 get_device_data       : No context for object [ffff88040d83c488]
[   30.376682]      scan-1141 get_device_data       : No context for object [ffff88040d83c4b0]
[   30.376682]      scan-1141 get_device_data       : No context for object [ffff88040d83c4d8]
[   30.376682]      scan-1141 get_device_data       : No context for object [ffff88040d83c500]
[   30.376682]      scan-1141 get_device_data       : No context for object [ffff88040d83c528]
[   30.376682]      scan-1141 get_device_data       : No context for object [ffff88040d83c550]
[   30.376682]      scan-1141 get_device_data       : No context for object [ffff88040d81d1b8]
[   30.376682]     utils-0051 util_eval_error       : Evaluate [\_PR_.C002._STA]: AE_NOT_FOUND
[   30.376682]      scan-1141 get_device_data       : No context for object [ffff88040d81d028]
[   30.376682] device: 'LNXCPU:02': device_add
[   30.376682] bus: 'acpi': add device LNXCPU:02
[   30.376682]     utils-0051 util_eval_error       : Evaluate [\_PR_.C002._SUN]: AE_NOT_FOUND
[   30.376722]      scan-1933 add_single_object     : Added LNXCPU:02 [\_PR_.C002] parent LNXSYSTM:00
[   30.376859]      scan-1141 get_device_data       : No context for object [ffff88040d83c578]
[   30.377057]      scan-1141 get_device_data       : No context for object [ffff88040d83c5a0]
[   30.377254]      scan-1141 get_device_data       : No context for object [ffff88040d83c5c8]
[   30.377449]      scan-1141 get_device_data       : No context for object [ffff88040d83c5f0]
[   30.377647]      scan-1141 get_device_data       : No context for object [ffff88040d83c618]
[   30.377797]      scan-1141 get_device_data       : No context for object [ffff88040d83c640]
[   30.377975]      scan-1141 get_device_data       : No context for object [ffff88040d81d1e0]
[   30.378173]     utils-0051 util_eval_error       : Evaluate [\_PR_.C003._STA]: AE_NOT_FOUND
[   30.378372]      scan-1141 get_device_data       : No context for object [ffff88040d81d028]
[   30.378576] device: 'LNXCPU:03': device_add
[   30.378635] bus: 'acpi': add device LNXCPU:03
[   30.378707]     utils-0051 util_eval_error       : Evaluate [\_PR_.C003._SUN]: AE_NOT_FOUND
[   30.380012]      scan-1933 add_single_object     : Added LNXCPU:03 [\_PR_.C003] parent LNXSYSTM:00
[   30.380012]      scan-1141 get_device_data       : No context for object [ffff88040d83c668]
[   30.380012]      scan-1141 get_device_data       : No context for object [ffff88040d83c690]
[   30.380012]      scan-1141 get_device_data       : No context for object [ffff88040d83c6b8]
[   30.380012]      scan-1141 get_device_data       : No context for object [ffff88040d83c6e0]
[   30.380012]      scan-1141 get_device_data       : No context for object [ffff88040d83c708]
[   30.380012]      scan-1141 get_device_data       : No context for object [ffff88040d83c730]
[   30.380198]      scan-1141 get_device_data       : No context for object [ffff88040d81d050]
[   30.380396]     utils-0051 util_eval_error       : Evaluate [\_SB_._STA]: AE_NOT_FOUND
[   30.380644] device: 'LNXSYBUS:00': device_add
[   30.380736] bus: 'acpi': add device LNXSYBUS:00
[   30.380813]     utils-0051 util_eval_error       : Evaluate [\_SB_._SUN]: AE_NOT_FOUND
[   30.383350]      scan-1933 add_single_object     : Added LNXSYBUS:00 [\_SB_] parent LNXSYSTM:00
[   30.383350]      scan-1141 get_device_data       : No context for object [ffff88040d81d3c0]
[   30.383350]      scan-1141 get_device_data       : No context for object [ffff88040d81d3e8]
[   30.383350]      scan-1141 get_device_data       : No context for object [ffff88040d81d410]
[   30.383350]      scan-1141 get_device_data       : No context for object [ffff88040d81d438]
[   30.383350]      scan-1141 get_device_data       : No context for object [ffff88040d81d460]
[   30.383350]      scan-1141 get_device_data       : No context for object [ffff88040d81d488]
[   30.383350]      scan-1141 get_device_data       : No context for object [ffff88040d81d4b0]
[   30.383350]      scan-1141 get_device_data       : No context for object [ffff88040d81d5a0]
[   30.383350]     utils-0051 util_eval_error       : Evaluate [\_SB_.PWRB._STA]: AE_NOT_FOUND
[   30.383350] device: 'PNP0C0C:00': device_add
[   30.383350] bus: 'acpi': add device PNP0C0C:00
[   30.383350]     utils-0051 util_eval_error       : Evaluate [\_SB_.PWRB._SUN]: AE_NOT_FOUND
[   30.383377]      scan-1933 add_single_object     : Added PNP0C0C:00 [\_SB_.PWRB] parent LNXSYBUS:00
[   30.383542]      scan-1141 get_device_data       : No context for object [ffff88040d81d5c8]
[   30.383691]      scan-1141 get_device_data       : No context for object [ffff88040d81d5f0]
[   30.383872]     utils-0051 util_eval_error       : Evaluate [\_SB_.PCI0._STA]: AE_NOT_FOUND
[   30.384120] device: 'PNP0A08:00': device_add
[   30.384230] bus: 'acpi': add device PNP0A08:00
[   30.384309]     utils-0051 util_eval_error       : Evaluate [\_SB_.PCI0._SUN]: AE_NOT_FOUND
[   30.386679]      scan-1933 add_single_object     : Added PNP0A08:00 [\_SB_.PCI0] parent LNXSYBUS:00
[   30.386679]      scan-1141 get_device_data       : No context for object [ffff88040d81d618]
[   30.386679]      scan-1141 get_device_data       : No context for object [ffff88040d81d640]
[   30.386679]      scan-1141 get_device_data       : No context for object [ffff88040d81d668]
[   30.386679]      scan-1141 get_device_data       : No context for object [ffff88040d81d690]
[   30.386679]      scan-1141 get_device_data       : No context for object [ffff88040d81d6b8]
[   30.386679]      scan-1141 get_device_data       : No context for object [ffff88040d81d6e0]
[   30.386867]      scan-1141 get_device_data       : No context for object [ffff88040d81d708]
[   30.387066]      scan-1141 get_device_data       : No context for object [ffff88040d81d730]
[   30.387259]      scan-1141 get_device_data       : No context for object [ffff88040d81d758]
[   30.387457]      scan-1141 get_device_data       : No context for object [ffff88040d81d780]
[   30.387634]      scan-1141 get_device_data       : No context for object [ffff88040d81d7a8]
[   30.387832]      scan-1141 get_device_data       : No context for object [ffff88040d81d7d0]
[   30.388030]      scan-1141 get_device_data       : No context for object [ffff88040d81d7f8]
[   30.388228]      scan-1141 get_device_data       : No context for object [ffff88040d81d820]
[   30.388421]      scan-1141 get_device_data       : No context for object [ffff88040d81d848]
[   30.388620]      scan-1141 get_device_data       : No context for object [ffff88040d81d870]
[   30.388817]      scan-1141 get_device_data       : No context for object [ffff88040d81d898]
[   30.389014]      scan-1141 get_device_data       : No context for object [ffff88040d81d8c0]
[   30.389211]      scan-1141 get_device_data       : No context for object [ffff88040d81d8e8]
[   30.389408]      scan-1141 get_device_data       : No context for object [ffff88040d81d910]
[   30.389604]      scan-1141 get_device_data       : No context for object [ffff88040d81d938]
[   30.389800]      scan-1141 get_device_data       : No context for object [ffff88040d81d960]
[   30.390002]      scan-1141 get_device_data       : No context for object [ffff88040d81d988]
[   30.390200]      scan-1141 get_device_data       : No context for object [ffff88040d81d9b0]
[   30.390398]      scan-1141 get_device_data       : No context for object [ffff88040d81d9d8]
[   30.390595]      scan-1141 get_device_data       : No context for object [ffff88040d81da00]
[   30.390792]      scan-1141 get_device_data       : No context for object [ffff88040d81da28]
[   30.390986]      scan-1141 get_device_data       : No context for object [ffff88040d81da50]
[   30.391183]      scan-1141 get_device_data       : No context for object [ffff88040d81da78]
[   30.391380]      scan-1141 get_device_data       : No context for object [ffff88040d81daa0]
[   30.391577]      scan-1141 get_device_data       : No context for object [ffff88040d81dac8]
[   30.391777]      scan-1141 get_device_data       : No context for object [ffff88040d81daf0]
[   30.391974]      scan-1141 get_device_data       : No context for object [ffff88040d81db18]
[   30.392167]      scan-1141 get_device_data       : No context for object [ffff88040d81db40]
[   30.392364]      scan-1141 get_device_data       : No context for object [ffff88040d81db68]
[   30.392562]      scan-1141 get_device_data       : No context for object [ffff88040d81db90]
[   30.392713]      scan-1141 get_device_data       : No context for object [ffff88040d81dbb8]
[   30.392890]      scan-1141 get_device_data       : No context for object [ffff88040d81dbe0]
[   30.393087]      scan-1141 get_device_data       : No context for object [ffff88040d81dc08]
[   30.393334]      scan-1141 get_device_data       : No context for object [ffff88040d81dc30]
[   30.393531]      scan-1141 get_device_data       : No context for object [ffff88040d81dc58]
[   30.393708]      scan-1141 get_device_data       : No context for object [ffff88040d81dc80]
[   30.393907]      scan-1141 get_device_data       : No context for object [ffff88040d81dca8]
[   30.394104]      scan-1141 get_device_data       : No context for object [ffff88040d81dcd0]
[   30.394302]      scan-1141 get_device_data       : No context for object [ffff88040d81dcf8]
[   30.394499]      scan-1141 get_device_data       : No context for object [ffff88040d81dd20]
[   30.394674]      scan-1141 get_device_data       : No context for object [ffff88040d81dd48]
[   30.394872]      scan-1141 get_device_data       : No context for object [ffff88040d81dd70]
[   30.395070]      scan-1141 get_device_data       : No context for object [ffff88040d81dd98]
[   30.395267]      scan-1141 get_device_data       : No context for object [ffff88040d81ddc0]
[   30.395465]      scan-1141 get_device_data       : No context for object [ffff88040d81dde8]
[   30.395663]      scan-1141 get_device_data       : No context for object [ffff88040d81de10]
[   30.395857]      scan-1141 get_device_data       : No context for object [ffff88040d81de38]
[   30.396055]      scan-1141 get_device_data       : No context for object [ffff88040d81de60]
[   30.396252]      scan-1141 get_device_data       : No context for object [ffff88040d81de88]
[   30.396449]      scan-1141 get_device_data       : No context for object [ffff88040d81deb0]
[   30.396669]      scan-1141 get_device_data       : No context for object [ffff88040d81ded8]
[   30.396864]      scan-1141 get_device_data       : No context for object [ffff88040d81df00]
[   30.397056]      scan-1141 get_device_data       : No context for object [ffff88040d81df28]
[   30.397247]      scan-1141 get_device_data       : No context for object [ffff88040d81df50]
[   30.397441]      scan-1141 get_device_data       : No context for object [ffff88040d81df78]
[   30.397636]      scan-1141 get_device_data       : No context for object [ffff88040d81dfa0]
[   30.397785]      scan-1141 get_device_data       : No context for object [ffff88040d81dfc8]
[   30.397962]      scan-1141 get_device_data       : No context for object [ffff88040d822000]
[   30.398156]      scan-1141 get_device_data       : No context for object [ffff88040d822028]
[   30.398348]     utils-0051 util_eval_error       : Evaluate [\_SB_.PCI0.MEMR._STA]: AE_NOT_FOUND
[   30.398576] device: 'PNP0C02:00': device_add
[   30.398641] bus: 'acpi': add device PNP0C02:00
[   30.398713]     utils-0051 util_eval_error       : Evaluate [\_SB_.PCI0.MEMR._SUN]: AE_NOT_FOUND
[   30.400013]      scan-1933 add_single_object     : Added PNP0C02:00 [\_SB_.PCI0.MEMR] parent PNP0A08:00
[   30.400013]      scan-1141 get_device_data       : No context for object [ffff88040d822050]
[   30.400013]      scan-1141 get_device_data       : No context for object [ffff88040d822078]
[   30.400013]      scan-1141 get_device_data       : No context for object [ffff88040d8220a0]
[   30.400013]      scan-1141 get_device_data       : No context for object [ffff88040d8220c8]
[   30.400013]      scan-1141 get_device_data       : No context for object [ffff88040d8220f0]
[   30.400013]      scan-1141 get_device_data       : No context for object [ffff88040d822118]
[   30.400197]      scan-1141 get_device_data       : No context for object [ffff88040d822140]
[   30.400391]      scan-1141 get_device_data       : No context for object [ffff88040d822168]
[   30.400586]      scan-1141 get_device_data       : No context for object [ffff88040d822190]
[   30.400760]      scan-1141 get_device_data       : No context for object [ffff88040d8221b8]
[   30.400957]      scan-1141 get_device_data       : No context for object [ffff88040d8221e0]
[   30.401154]      scan-1141 get_device_data       : No context for object [ffff88040d822208]
[   30.401352]      scan-1141 get_device_data       : No context for object [ffff88040d822230]
[   30.401549]      scan-1141 get_device_data       : No context for object [ffff88040d822258]
[   30.401700]      scan-1141 get_device_data       : No context for object [ffff88040d822280]
[   30.401876]      scan-1141 get_device_data       : No context for object [ffff88040d8222a8]
[   30.402074]     utils-0051 util_eval_error       : Evaluate [\_SB_.PCI0.PB2_._STA]: AE_NOT_FOUND
[   30.402373] device: 'device:00': device_add
[   30.402436] bus: 'acpi': add device device:00
[   30.402511]     utils-0051 util_eval_error       : Evaluate [\_SB_.PCI0.PB2_._SUN]: AE_NOT_FOUND
[   30.403362]      scan-1933 add_single_object     : Added device:00 [\_SB_.PCI0.PB2_] parent PNP0A08:00
[   30.406673]      scan-1141 get_device_data       : No context for object [ffff88040d8222d0]
[   30.406870]      scan-1141 get_device_data       : No context for object [ffff88040d8222f8]
[   30.407067]      scan-1141 get_device_data       : No context for object [ffff88040d822320]
[   30.407264]      scan-1141 get_device_data       : No context for object [ffff88040d822348]
[   30.407441]      scan-1141 get_device_data       : No context for object [ffff88040d822370]
[   30.407638]      scan-1141 get_device_data       : No context for object [ffff88040d822398]
[   30.407836]      scan-1141 get_device_data       : No context for object [ffff88040d8223c0]
[   30.408034]      scan-1141 get_device_data       : No context for object [ffff88040d8223e8]
[   30.408230]      scan-1141 get_device_data       : No context for object [ffff88040d822410]
[   30.408404]      scan-1141 get_device_data       : No context for object [ffff88040d822438]
[   30.408602]      scan-1141 get_device_data       : No context for object [ffff88040d822460]
[   30.408800]      scan-1141 get_device_data       : No context for object [ffff88040d822488]
[   30.408997]      scan-1141 get_device_data       : No context for object [ffff88040d8224b0]
[   30.409195]      scan-1141 get_device_data       : No context for object [ffff88040d8224d8]
[   30.409195]      scan-1141 get_device_data       : No context for object [ffff88040d822500]
[   30.409195]      scan-1141 get_device_data       : No context for object [ffff88040d822528]
[   30.409195]      scan-1141 get_device_data       : No context for object [ffff88040d822550]
[   30.409195]      scan-1141 get_device_data       : No context for object [ffff88040d822578]
[   30.409195]      scan-1141 get_device_data       : No context for object [ffff88040d8225a0]
[   30.409195]      scan-1141 get_device_data       : No context for object [ffff88040d8225c8]
[   30.409195]      scan-1141 get_device_data       : No context for object [ffff88040d8225f0]
[   30.409195]      scan-1141 get_device_data       : No context for object [ffff88040d822618]
[   30.409195]      scan-1141 get_device_data       : No context for object [ffff88040d822640]
[   30.409195]      scan-1141 get_device_data       : No context for object [ffff88040d822668]
[   30.409195]      scan-1141 get_device_data       : No context for object [ffff88040d822690]
[   30.409195]      scan-1141 get_device_data       : No context for object [ffff88040d8226b8]
[   30.409195]      scan-1141 get_device_data       : No context for object [ffff88040d8226e0]
[   30.409232]      scan-1141 get_device_data       : No context for object [ffff88040d822708]
[   30.409426]      scan-1141 get_device_data       : No context for object [ffff88040d822730]
[   30.409624]      scan-1141 get_device_data       : No context for object [ffff88040d822758]
[   30.409809]      scan-1141 get_device_data       : No context for object [ffff88040d822780]
[   30.410004]     utils-0051 util_eval_error       : Evaluate [\_SB_.PCI0.PB2_.VGA_._STA]: AE_NOT_FOUND
[   30.410245] device: 'device:01': device_add
[   30.410355] bus: 'acpi': add device device:01
[   30.410425]     utils-0051 util_eval_error       : Evaluate [\_SB_.PCI0.PB2_.VGA_._SUN]: AE_NOT_FOUND
[   30.413343]      scan-1933 add_single_object     : Added device:01 [\_SB_.PCI0.PB2_.VGA_] parent device:00
[   30.413343]      scan-1141 get_device_data       : No context for object [ffff88040d8227a8]
[   30.413343]      scan-1141 get_device_data       : No context for object [ffff88040d8227d0]
[   30.413343]      scan-1141 get_device_data       : No context for object [ffff88040d8227f8]
[   30.413343]      scan-1141 get_device_data       : No context for object [ffff88040d822820]
[   30.413343]      scan-1141 get_device_data       : No context for object [ffff88040d822848]
[   30.413343]      scan-1141 get_device_data       : No context for object [ffff88040d822870]
[   30.413343]      scan-1141 get_device_data       : No context for object [ffff88040d822898]
[   30.413343]      scan-1141 get_device_data       : No context for object [ffff88040d8228c0]
[   30.413343]      scan-1141 get_device_data       : No context for object [ffff88040d8228e8]
[   30.413343]      scan-1141 get_device_data       : No context for object [ffff88040d822910]
[   30.413343]      scan-1141 get_device_data       : No context for object [ffff88040d822938]
[   30.413343]      scan-1141 get_device_data       : No context for object [ffff88040d822960]
[   30.413343]      scan-1141 get_device_data       : No context for object [ffff88040d822988]
[   30.413343]      scan-1141 get_device_data       : No context for object [ffff88040d8229b0]
[   30.413531]      scan-1141 get_device_data       : No context for object [ffff88040d8229d8]
[   30.413712]      scan-1141 get_device_data       : No context for object [ffff88040d822a00]
[   30.413906]      scan-1141 get_device_data       : No context for object [ffff88040d822a28]
[   30.414100]      scan-1141 get_device_data       : No context for object [ffff88040d822a50]
[   30.414290]      scan-1141 get_device_data       : No context for object [ffff88040d822a78]
[   30.414486]      scan-1141 get_device_data       : No context for object [ffff88040d822aa0]
[   30.414682]      scan-1141 get_device_data       : No context for object [ffff88040d822ac8]
[   30.414876]      scan-1141 get_device_data       : No context for object [ffff88040d822af0]
[   30.415071]      scan-1141 get_device_data       : No context for object [ffff88040d822b18]
[   30.415265]      scan-1141 get_device_data       : No context for object [ffff88040d822b40]
[   30.415458]      scan-1141 get_device_data       : No context for object [ffff88040d822b68]
[   30.415655]      scan-1141 get_device_data       : No context for object [ffff88040d822b90]
[   30.415803]      scan-1141 get_device_data       : No context for object [ffff88040d822bb8]
[   30.415980]      scan-1141 get_device_data       : No context for object [ffff88040d822be0]
[   30.416174]      scan-1141 get_device_data       : No context for object [ffff88040d822c08]
[   30.416369]      scan-1141 get_device_data       : No context for object [ffff88040d822c30]
[   30.416564]      scan-1141 get_device_data       : No context for object [ffff88040d822c58]
[   30.416668]      scan-1141 get_device_data       : No context for object [ffff88040d822c80]
[   30.416865]      scan-1141 get_device_data       : No context for object [ffff88040d822ca8]
[   30.417061]      scan-1141 get_device_data       : No context for object [ffff88040d822cd0]
[   30.417256]      scan-1141 get_device_data       : No context for object [ffff88040d822cf8]
[   30.417452]      scan-1141 get_device_data       : No context for object [ffff88040d822d20]
[   30.417645]      scan-1141 get_device_data       : No context for object [ffff88040d822d48]
[   30.417841]      scan-1141 get_device_data       : No context for object [ffff88040d822d70]
[   30.418037]      scan-1141 get_device_data       : No context for object [ffff88040d822d98]
[   30.418235]      scan-1141 get_device_data       : No context for object [ffff88040d837438]
[   30.418432]      scan-1141 get_device_data       : No context for object [ffff88040d822dc0]
[   30.418631]     utils-0051 util_eval_error       : Evaluate [\_SB_.PCI0.PB2_.HDAU._STA]: AE_NOT_FOUND
[   30.418864] device: 'device:02': device_add
[   30.418927] bus: 'acpi': add device device:02
[   30.418996]     utils-0051 util_eval_error       : Evaluate [\_SB_.PCI0.PB2_.HDAU._SUN]: AE_NOT_FOUND
[   30.420013]      scan-1933 add_single_object     : Added device:02 [\_SB_.PCI0.PB2_.HDAU] parent device:00
[   30.420013]      scan-1141 get_device_data       : No context for object [ffff88040d822de8]
[   30.420013]      scan-1141 get_device_data       : No context for object [ffff88040d822e10]
[   30.420013]      scan-1141 get_device_data       : No context for object [ffff88040d822e38]
[   30.420013]      scan-1141 get_device_data       : No context for object [ffff88040d822e60]
[   30.420164]      scan-1141 get_device_data       : No context for object [ffff88040d822e88]
[   30.420359]      scan-1141 get_device_data       : No context for object [ffff88040d822eb0]
[   30.420557]      scan-1141 get_device_data       : No context for object [ffff88040d822ed8]
[   30.420737]     utils-0051 util_eval_error       : Evaluate [\_SB_.PCI0.PB3_._STA]: AE_NOT_FOUND
[   30.421033] device: 'device:03': device_add
[   30.421096] bus: 'acpi': add device device:03
[   30.421171]     utils-0051 util_eval_error       : Evaluate [\_SB_.PCI0.PB3_._SUN]: AE_NOT_FOUND
[   30.423364]      scan-1933 add_single_object     : Added device:03 [\_SB_.PCI0.PB3_] parent PNP0A08:00
[   30.423364]      scan-1141 get_device_data       : No context for object [ffff88040d822f00]
[   30.423364]      scan-1141 get_device_data       : No context for object [ffff88040d822f28]
[   30.423364]      scan-1141 get_device_data       : No context for object [ffff88040d822f50]
[   30.423364]      scan-1141 get_device_data       : No context for object [ffff88040d822f78]
[   30.423364]      scan-1141 get_device_data       : No context for object [ffff88040d822fa0]
[   30.423533]      scan-1141 get_device_data       : No context for object [ffff88040d822fc8]
[   30.423711]      scan-1141 get_device_data       : No context for object [ffff88040d823000]
[   30.423909]      scan-1141 get_device_data       : No context for object [ffff88040d823028]
[   30.424103]      scan-1141 get_device_data       : No context for object [ffff88040d823050]
[   30.424301]      scan-1141 get_device_data       : No context for object [ffff88040d823078]
[   30.424498]      scan-1141 get_device_data       : No context for object [ffff88040d8230a0]
[   30.424696]      scan-1141 get_device_data       : No context for object [ffff88040d8230c8]
[   30.424893]      scan-1141 get_device_data       : No context for object [ffff88040d8230f0]
[   30.425090]      scan-1141 get_device_data       : No context for object [ffff88040d823118]
[   30.425286]      scan-1141 get_device_data       : No context for object [ffff88040d823140]
[   30.425482]      scan-1141 get_device_data       : No context for object [ffff88040d823168]
[   30.425680]      scan-1141 get_device_data       : No context for object [ffff88040d823190]
[   30.425878]      scan-1141 get_device_data       : No context for object [ffff88040d8231b8]
[   30.426075]      scan-1141 get_device_data       : No context for object [ffff88040d8231e0]
[   30.426272]      scan-1141 get_device_data       : No context for object [ffff88040d823208]
[   30.426469]      scan-1141 get_device_data       : No context for object [ffff88040d823230]
[   30.426669]      scan-1141 get_device_data       : No context for object [ffff88040d823258]
[   30.426846]      scan-1141 get_device_data       : No context for object [ffff88040d823280]
[   30.427043]      scan-1141 get_device_data       : No context for object [ffff88040d8232a8]
[   30.427240]      scan-1141 get_device_data       : No context for object [ffff88040d8232d0]
[   30.427437]      scan-1141 get_device_data       : No context for object [ffff88040d8232f8]
[   30.427634]      scan-1141 get_device_data       : No context for object [ffff88040d823320]
[   30.427780]      scan-1141 get_device_data       : No context for object [ffff88040d823348]
[   30.427959]      scan-1141 get_device_data       : No context for object [ffff88040d823370]
[   30.428156]      scan-1141 get_device_data       : No context for object [ffff88040d823398]
[   30.428353]      scan-1141 get_device_data       : No context for object [ffff88040d8233c0]
[   30.428553]     utils-0051 util_eval_error       : Evaluate [\_SB_.PCI0.PB3_.VGA_._STA]: AE_NOT_FOUND
[   30.428760]     video-0058 backlight_cap_match   : Found generic backlight support
[   30.428963] device: 'LNXVIDEO:00': device_add
[   30.429025] bus: 'acpi': add device LNXVIDEO:00
[   30.429104]     utils-0051 util_eval_error       : Evaluate [\_SB_.PCI0.PB3_.VGA_._SUN]: AE_NOT_FOUND
[   30.430029]      scan-1933 add_single_object     : Added LNXVIDEO:00 [\_SB_.PCI0.PB3_.VGA_] parent device:03
[   30.430029]      scan-1141 get_device_data       : No context for object [ffff88040d8233e8]
[   30.430029]      scan-1141 get_device_data       : No context for object [ffff88040d823410]
[   30.430029]      scan-1141 get_device_data       : No context for object [ffff88040d823438]
[   30.430029]      scan-1141 get_device_data       : No context for object [ffff88040d823460]
[   30.430192]      scan-1141 get_device_data       : No context for object [ffff88040d823488]
[   30.430387]      scan-1141 get_device_data       : No context for object [ffff88040d8234b0]
[   30.430583]      scan-1141 get_device_data       : No context for object [ffff88040d8234d8]
[   30.430778]      scan-1141 get_device_data       : No context for object [ffff88040d823500]
[   30.430975]      scan-1141 get_device_data       : No context for object [ffff88040d823528]
[   30.431171]      scan-1141 get_device_data       : No context for object [ffff88040d823550]
[   30.431359]      scan-1141 get_device_data       : No context for object [ffff88040d823578]
[   30.431555]      scan-1141 get_device_data       : No context for object [ffff88040d8235a0]
[   30.431705]      scan-1141 get_device_data       : No context for object [ffff88040d8235c8]
[   30.431882]      scan-1141 get_device_data       : No context for object [ffff88040d8235f0]
[   30.432075]      scan-1141 get_device_data       : No context for object [ffff88040d823618]
[   30.432272]      scan-1141 get_device_data       : No context for object [ffff88040d823640]
[   30.432464]      scan-1141 get_device_data       : No context for object [ffff88040d823668]
[   30.432637]      scan-1141 get_device_data       : No context for object [ffff88040d823690]
[   30.432832]      scan-1141 get_device_data       : No context for object [ffff88040d8236b8]
[   30.433026]      scan-1141 get_device_data       : No context for object [ffff88040d8236e0]
[   30.433221]      scan-1141 get_device_data       : No context for object [ffff88040d823708]
[   30.433495]      scan-1141 get_device_data       : No context for object [ffff88040d823730]
[   30.433685]      scan-1141 get_device_data       : No context for object [ffff88040d823758]
[   30.433876]      scan-1141 get_device_data       : No context for object [ffff88040d823780]
[   30.434071]      scan-1141 get_device_data       : No context for object [ffff88040d8237a8]
[   30.434266]      scan-1141 get_device_data       : No context for object [ffff88040d8237d0]
[   30.434463]      scan-1141 get_device_data       : No context for object [ffff88040d8237f8]
[   30.434661]      scan-1141 get_device_data       : No context for object [ffff88040d823820]
[   30.434858]      scan-1141 get_device_data       : No context for object [ffff88040d823848]
[   30.435055]      scan-1141 get_device_data       : No context for object [ffff88040d823870]
[   30.435250]      scan-1141 get_device_data       : No context for object [ffff88040d823898]
[   30.435447]      scan-1141 get_device_data       : No context for object [ffff88040d8238c0]
[   30.435644]      scan-1141 get_device_data       : No context for object [ffff88040d8238e8]
[   30.435828]      scan-1141 get_device_data       : No context for object [ffff88040d823910]
[   30.436025]      scan-1141 get_device_data       : No context for object [ffff88040d823938]
[   30.436222]      scan-1141 get_device_data       : No context for object [ffff88040d823960]
[   30.436415]      scan-1141 get_device_data       : No context for object [ffff88040d823988]
[   30.436613]      scan-1141 get_device_data       : No context for object [ffff88040d8239b0]
[   30.436785]      scan-1141 get_device_data       : No context for object [ffff88040d8239d8]
[   30.436962]      scan-1141 get_device_data       : No context for object [ffff88040d837460]
[   30.437159]      scan-1141 get_device_data       : No context for object [ffff88040d83ac08]
[   30.437357]      scan-1141 get_device_data       : No context for object [ffff88040d83ac30]
[   30.437552]      scan-1141 get_device_data       : No context for object [ffff88040d83ac58]
[   30.437729]     utils-0051 util_eval_error       : Evaluate [\_SB_.PCI0.PB3_.VGA_.CRT_._STA]: AE_NOT_FOUND
[   30.437972] device: 'device:04': device_add
[   30.438082] bus: 'acpi': add device device:04
[   30.438156]     utils-0051 util_eval_error       : Evaluate [\_SB_.PCI0.PB3_.VGA_.CRT_._SUN]: AE_NOT_FOUND
[   30.440012]      scan-1933 add_single_object     : Added device:04 [\_SB_.PCI0.PB3_.VGA_.CRT_] parent LNXVIDEO:00
[   30.440012]      scan-1141 get_device_data       : No context for object [ffff88040d83ac80]
[   30.440012]      scan-1141 get_device_data       : No context for object [ffff88040d83aca8]
[   30.440012]      scan-1141 get_device_data       : No context for object [ffff88040d83acd0]
[   30.440012]      scan-1141 get_device_data       : No context for object [ffff88040d83acf8]
[   30.440012]      scan-1141 get_device_data       : No context for object [ffff88040d83ad20]
[   30.440012]     utils-0051 util_eval_error       : Evaluate [\_SB_.PCI0.PB3_.VGA_.LCD_._STA]: AE_NOT_FOUND
[   30.443380] device: 'device:05': device_add
[   30.443443] bus: 'acpi': add device device:05
[   30.443517]     utils-0051 util_eval_error       : Evaluate [\_SB_.PCI0.PB3_.VGA_.LCD_._SUN]: AE_NOT_FOUND
[   30.443721]      scan-1933 add_single_object     : Added device:05 [\_SB_.PCI0.PB3_.VGA_.LCD_] parent LNXVIDEO:00
[   30.443919]      scan-1141 get_device_data       : No context for object [ffff88040d83ad48]
[   30.444117]      scan-1141 get_device_data       : No context for object [ffff88040d83ad70]
[   30.444315]      scan-1141 get_device_data       : No context for object [ffff88040d83ad98]
[   30.444513]      scan-1141 get_device_data       : No context for object [ffff88040d83adc0]
[   30.444711]      scan-1141 get_device_data       : No context for object [ffff88040d83ade8]
[   30.444908]      scan-1141 get_device_data       : No context for object [ffff88040d83ae10]
[   30.445103]      scan-1141 get_device_data       : No context for object [ffff88040d83ae38]
[   30.445301]      scan-1141 get_device_data       : No context for object [ffff88040d83ae60]
[   30.445500]     utils-0051 util_eval_error       : Evaluate [\_SB_.PCI0.PB3_.VGA_.TV0_._STA]: AE_NOT_FOUND
[   30.445732] device: 'device:06': device_add
[   30.445794] bus: 'acpi': add device device:06
[   30.445871]     utils-0051 util_eval_error       : Evaluate [\_SB_.PCI0.PB3_.VGA_.TV0_._SUN]: AE_NOT_FOUND
[   30.445871]      scan-1933 add_single_object     : Added device:06 [\_SB_.PCI0.PB3_.VGA_.TV0_] parent LNXVIDEO:00
[   30.445871]      scan-1141 get_device_data       : No context for object [ffff88040d83ae88]
[   30.445871]      scan-1141 get_device_data       : No context for object [ffff88040d83aeb0]
[   30.445871]      scan-1141 get_device_data       : No context for object [ffff88040d83aed8]
[   30.445871]      scan-1141 get_device_data       : No context for object [ffff88040d83af00]
[   30.445871]      scan-1141 get_device_data       : No context for object [ffff88040d83af28]
[   30.445871]     utils-0051 util_eval_error       : Evaluate [\_SB_.PCI0.PB3_.VGA_.HDMI._STA]: AE_NOT_FOUND
[   30.445871] device: 'device:07': device_add
[   30.445871] bus: 'acpi': add device device:07
[   30.445871]     utils-0051 util_eval_error       : Evaluate [\_SB_.PCI0.PB3_.VGA_.HDMI._SUN]: AE_NOT_FOUND
[   30.446679]      scan-1933 add_single_object     : Added device:07 [\_SB_.PCI0.PB3_.VGA_.HDMI] parent LNXVIDEO:00
[   30.446679]      scan-1141 get_device_data       : No context for object [ffff88040d83af50]
[   30.446679]      scan-1141 get_device_data       : No context for object [ffff88040d83af78]
[   30.446679]      scan-1141 get_device_data       : No context for object [ffff88040d83afa0]
[   30.446679]      scan-1141 get_device_data       : No context for object [ffff88040d83afc8]
[   30.446679]      scan-1141 get_device_data       : No context for object [ffff88040d823a00]
[   30.446679]     utils-0051 util_eval_error       : Evaluate [\_SB_.PCI0.PB3_.HDAU._STA]: AE_NOT_FOUND
[   30.446679] device: 'device:08': device_add
[   30.446679] bus: 'acpi': add device device:08
[   30.446679]     utils-0051 util_eval_error       : Evaluate [\_SB_.PCI0.PB3_.HDAU._SUN]: AE_NOT_FOUND
[   30.446866]      scan-1933 add_single_object     : Added device:08 [\_SB_.PCI0.PB3_.HDAU] parent device:03
[   30.447065]      scan-1141 get_device_data       : No context for object [ffff88040d823a28]
[   30.447258]      scan-1141 get_device_data       : No context for object [ffff88040d823a50]
[   30.447449]      scan-1141 get_device_data       : No context for object [ffff88040d823a78]
[   30.447644]      scan-1141 get_device_data       : No context for object [ffff88040d823aa0]
[   30.447793]      scan-1141 get_device_data       : No context for object [ffff88040d823ac8]
[   30.447970]      scan-1141 get_device_data       : No context for object [ffff88040d823af0]
[   30.448164]      scan-1141 get_device_data       : No context for object [ffff88040d823b18]
[   30.448361]     utils-0051 util_eval_error       : Evaluate [\_SB_.PCI0.PB4_._STA]: AE_NOT_FOUND
[   30.448587] device: 'device:09': device_add
[   30.448646] bus: 'acpi': add device device:09
[   30.448719]     utils-0051 util_eval_error       : Evaluate [\_SB_.PCI0.PB4_._SUN]: AE_NOT_FOUND
[   30.450013]      scan-1933 add_single_object     : Added device:09 [\_SB_.PCI0.PB4_] parent PNP0A08:00
[   30.450013]      scan-1141 get_device_data       : No context for object [ffff88040d823b40]
[   30.450013]      scan-1141 get_device_data       : No context for object [ffff88040d823b68]
[   30.450013]      scan-1141 get_device_data       : No context for object [ffff88040d823b90]
[   30.450013]      scan-1141 get_device_data       : No context for object [ffff88040d823bb8]
[   30.450013]      scan-1141 get_device_data       : No context for object [ffff88040d823be0]
[   30.450013]      scan-1141 get_device_data       : No context for object [ffff88040d823c08]
[   30.450197]      scan-1141 get_device_data       : No context for object [ffff88040d823c30]
[   30.450393]      scan-1141 get_device_data       : No context for object [ffff88040d823c58]
[   30.450588]      scan-1141 get_device_data       : No context for object [ffff88040d823c80]
[   30.450766]      scan-1141 get_device_data       : No context for object [ffff88040d823ca8]
[   30.450962]      scan-1141 get_device_data       : No context for object [ffff88040d823cd0]
[   30.451158]      scan-1141 get_device_data       : No context for object [ffff88040d823cf8]
[   30.451356]      scan-1141 get_device_data       : No context for object [ffff88040d823d20]
[   30.451553]      scan-1141 get_device_data       : No context for object [ffff88040d823d48]
[   30.451704]      scan-1141 get_device_data       : No context for object [ffff88040d823d70]
[   30.451881]      scan-1141 get_device_data       : No context for object [ffff88040d823d98]
[   30.452078]      scan-1141 get_device_data       : No context for object [ffff88040d823dc0]
[   30.452272]      scan-1141 get_device_data       : No context for object [ffff88040d823de8]
[   30.452470]      scan-1141 get_device_data       : No context for object [ffff88040d823e10]
[   30.452648]      scan-1141 get_device_data       : No context for object [ffff88040d823e38]
[   30.452846]      scan-1141 get_device_data       : No context for object [ffff88040d823e60]
[   30.453043]      scan-1141 get_device_data       : No context for object [ffff88040d823e88]
[   30.453240]      scan-1141 get_device_data       : No context for object [ffff88040d823eb0]
[   30.453495]      scan-1141 get_device_data       : No context for object [ffff88040d823ed8]
[   30.453692]      scan-1141 get_device_data       : No context for object [ffff88040d823f00]
[   30.453890]      scan-1141 get_device_data       : No context for object [ffff88040d823f28]
[   30.454088]      scan-1141 get_device_data       : No context for object [ffff88040d823f50]
[   30.454285]      scan-1141 get_device_data       : No context for object [ffff88040d823f78]
[   30.454482]      scan-1141 get_device_data       : No context for object [ffff88040d823fa0]
[   30.454681]      scan-1141 get_device_data       : No context for object [ffff88040d823fc8]
[   30.454875]      scan-1141 get_device_data       : No context for object [ffff88040d825000]
[   30.455074]     utils-0051 util_eval_error       : Evaluate [\_SB_.PCI0.PB4_.XPDV._STA]: AE_NOT_FOUND
[   30.455307] device: 'device:0a': device_add
[   30.455370] bus: 'acpi': add device device:0a
[   30.455444]     utils-0051 util_eval_error       : Evaluate [\_SB_.PCI0.PB4_.XPDV._SUN]: AE_NOT_FOUND
[   30.456670]      scan-1933 add_single_object     : Added device:0a [\_SB_.PCI0.PB4_.XPDV] parent device:09
[   30.456670]      scan-1141 get_device_data       : No context for object [ffff88040d825028]
[   30.456670]      scan-1141 get_device_data       : No context for object [ffff88040d825050]
[   30.456670]      scan-1141 get_device_data       : No context for object [ffff88040d825078]
[   30.456670]      scan-1141 get_device_data       : No context for object [ffff88040d8250a0]
[   30.456670]      scan-1141 get_device_data       : No context for object [ffff88040d8250c8]
[   30.456785]      scan-1141 get_device_data       : No context for object [ffff88040d837500]
[   30.456962]      scan-1141 get_device_data       : No context for object [ffff88040d8250f0]
[   30.457160]      scan-1141 get_device_data       : No context for object [ffff88040d825118]
[   30.457358]     utils-0051 util_eval_error       : Evaluate [\_SB_.PCI0.PB5_._STA]: AE_NOT_FOUND
[   30.457653] device: 'device:0b': device_add
[   30.457717] bus: 'acpi': add device device:0b
[   30.457794]     utils-0051 util_eval_error       : Evaluate [\_SB_.PCI0.PB5_._SUN]: AE_NOT_FOUND
[   30.460012]      scan-1933 add_single_object     : Added device:0b [\_SB_.PCI0.PB5_] parent PNP0A08:00
[   30.460012]      scan-1141 get_device_data       : No context for object [ffff88040d825140]
[   30.460012]      scan-1141 get_device_data       : No context for object [ffff88040d825168]
[   30.460012]      scan-1141 get_device_data       : No context for object [ffff88040d825190]
[   30.460012]      scan-1141 get_device_data       : No context for object [ffff88040d8251b8]
[   30.460012]      scan-1141 get_device_data       : No context for object [ffff88040d8251e0]
[   30.460131]      scan-1141 get_device_data       : No context for object [ffff88040d825208]
[   30.460329]      scan-1141 get_device_data       : No context for object [ffff88040d825230]
[   30.460527]      scan-1141 get_device_data       : No context for object [ffff88040d825258]
[   30.460703]      scan-1141 get_device_data       : No context for object [ffff88040d825280]
[   30.460897]      scan-1141 get_device_data       : No context for object [ffff88040d8252a8]
[   30.461096]      scan-1141 get_device_data       : No context for object [ffff88040d8252d0]
[   30.461293]      scan-1141 get_device_data       : No context for object [ffff88040d8252f8]
[   30.461491]      scan-1141 get_device_data       : No context for object [ffff88040d825320]
[   30.461688]      scan-1141 get_device_data       : No context for object [ffff88040d825348]
[   30.461886]      scan-1141 get_device_data       : No context for object [ffff88040d825370]
[   30.462081]      scan-1141 get_device_data       : No context for object [ffff88040d825398]
[   30.462277]      scan-1141 get_device_data       : No context for object [ffff88040d8253c0]
[   30.462474]      scan-1141 get_device_data       : No context for object [ffff88040d8253e8]
[   30.462672]      scan-1141 get_device_data       : No context for object [ffff88040d825410]
[   30.462869]      scan-1141 get_device_data       : No context for object [ffff88040d825438]
[   30.463066]      scan-1141 get_device_data       : No context for object [ffff88040d825460]
[   30.463263]      scan-1141 get_device_data       : No context for object [ffff88040d825488]
[   30.463459]      scan-1141 get_device_data       : No context for object [ffff88040d8254b0]
[   30.463654]      scan-1141 get_device_data       : No context for object [ffff88040d8254d8]
[   30.463838]      scan-1141 get_device_data       : No context for object [ffff88040d825500]
[   30.464033]      scan-1141 get_device_data       : No context for object [ffff88040d825528]
[   30.464229]      scan-1141 get_device_data       : No context for object [ffff88040d825550]
[   30.464424]      scan-1141 get_device_data       : No context for object [ffff88040d825578]
[   30.464615]      scan-1141 get_device_data       : No context for object [ffff88040d8255a0]
[   30.464763]      scan-1141 get_device_data       : No context for object [ffff88040d8255c8]
[   30.464941]      scan-1141 get_device_data       : No context for object [ffff88040d8255f0]
[   30.465138]     utils-0051 util_eval_error       : Evaluate [\_SB_.PCI0.PB5_.XPDV._STA]: AE_NOT_FOUND
[   30.465370] device: 'device:0c': device_add
[   30.465432] bus: 'acpi': add device device:0c
[   30.465505]     utils-0051 util_eval_error       : Evaluate [\_SB_.PCI0.PB5_.XPDV._SUN]: AE_NOT_FOUND
[   30.466679]      scan-1933 add_single_object     : Added device:0c [\_SB_.PCI0.PB5_.XPDV] parent device:0b
[   30.466679]      scan-1141 get_device_data       : No context for object [ffff88040d825618]
[   30.466679]      scan-1141 get_device_data       : No context for object [ffff88040d825640]
[   30.466679]      scan-1141 get_device_data       : No context for object [ffff88040d825668]
[   30.466679]      scan-1141 get_device_data       : No context for object [ffff88040d825690]
[   30.466679]      scan-1141 get_device_data       : No context for object [ffff88040d8256b8]
[   30.466864]      scan-1141 get_device_data       : No context for object [ffff88040d837528]
[   30.467055]      scan-1141 get_device_data       : No context for object [ffff88040d8256e0]
[   30.467249]      scan-1141 get_device_data       : No context for object [ffff88040d825708]
[   30.467446]     utils-0051 util_eval_error       : Evaluate [\_SB_.PCI0.PB6_._STA]: AE_NOT_FOUND
[   30.467727] device: 'device:0d': device_add
[   30.467790] bus: 'acpi': add device device:0d
[   30.467865]     utils-0051 util_eval_error       : Evaluate [\_SB_.PCI0.PB6_._SUN]: AE_NOT_FOUND
[   30.470030]      scan-1933 add_single_object     : Added device:0d [\_SB_.PCI0.PB6_] parent PNP0A08:00
[   30.470030]      scan-1141 get_device_data       : No context for object [ffff88040d825730]
[   30.470030]      scan-1141 get_device_data       : No context for object [ffff88040d825758]
[   30.470030]      scan-1141 get_device_data       : No context for object [ffff88040d825780]
[   30.470030]      scan-1141 get_device_data       : No context for object [ffff88040d8257a8]
[   30.470030]      scan-1141 get_device_data       : No context for object [ffff88040d8257d0]
[   30.470030]      scan-1141 get_device_data       : No context for object [ffff88040d8257f8]
[   30.470030]      scan-1141 get_device_data       : No context for object [ffff88040d825820]
[   30.470030]      scan-1141 get_device_data       : No context for object [ffff88040d825848]
[   30.470030]      scan-1141 get_device_data       : No context for object [ffff88040d825870]
[   30.470030]      scan-1141 get_device_data       : No context for object [ffff88040d825898]
[   30.470200]      scan-1141 get_device_data       : No context for object [ffff88040d8258c0]
[   30.470398]      scan-1141 get_device_data       : No context for object [ffff88040d8258e8]
[   30.470593]      scan-1141 get_device_data       : No context for object [ffff88040d825910]
[   30.470742]      scan-1141 get_device_data       : No context for object [ffff88040d825938]
[   30.470919]      scan-1141 get_device_data       : No context for object [ffff88040d825960]
[   30.471116]      scan-1141 get_device_data       : No context for object [ffff88040d825988]
[   30.471314]      scan-1141 get_device_data       : No context for object [ffff88040d8259b0]
[   30.471511]      scan-1141 get_device_data       : No context for object [ffff88040d8259d8]
[   30.471689]      scan-1141 get_device_data       : No context for object [ffff88040d825a00]
[   30.471884]      scan-1141 get_device_data       : No context for object [ffff88040d825a28]
[   30.472080]      scan-1141 get_device_data       : No context for object [ffff88040d825a50]
[   30.472277]      scan-1141 get_device_data       : No context for object [ffff88040d825a78]
[   30.472475]      scan-1141 get_device_data       : No context for object [ffff88040d825aa0]
[   30.472659]      scan-1141 get_device_data       : No context for object [ffff88040d825ac8]
[   30.472857]      scan-1141 get_device_data       : No context for object [ffff88040d825af0]
[   30.473056]      scan-1141 get_device_data       : No context for object [ffff88040d825b18]
[   30.473251]      scan-1141 get_device_data       : No context for object [ffff88040d825b40]
[   30.473499]      scan-1141 get_device_data       : No context for object [ffff88040d825b68]
[   30.473696]      scan-1141 get_device_data       : No context for object [ffff88040d825b90]
[   30.473894]      scan-1141 get_device_data       : No context for object [ffff88040d825bb8]
[   30.474091]      scan-1141 get_device_data       : No context for object [ffff88040d825be0]
[   30.474289]     utils-0051 util_eval_error       : Evaluate [\_SB_.PCI0.PB6_.XPDV._STA]: AE_NOT_FOUND
[   30.474519] device: 'device:0e': device_add
[   30.474582] bus: 'acpi': add device device:0e
[   30.474659]     utils-0051 util_eval_error       : Evaluate [\_SB_.PCI0.PB6_.XPDV._SUN]: AE_NOT_FOUND
[   30.476696]      scan-1933 add_single_object     : Added device:0e [\_SB_.PCI0.PB6_.XPDV] parent device:0d
[   30.476696]      scan-1141 get_device_data       : No context for object [ffff88040d825c08]
[   30.476696]      scan-1141 get_device_data       : No context for object [ffff88040d825c30]
[   30.476696]      scan-1141 get_device_data       : No context for object [ffff88040d825c58]
[   30.476696]      scan-1141 get_device_data       : No context for object [ffff88040d825c80]
[   30.476696]      scan-1141 get_device_data       : No context for object [ffff88040d825ca8]
[   30.476696]      scan-1141 get_device_data       : No context for object [ffff88040d837550]
[   30.476696]      scan-1141 get_device_data       : No context for object [ffff88040d825cd0]
[   30.480003]      scan-1141 get_device_data       : No context for object [ffff88040d825cf8]
[   30.480202]     utils-0051 util_eval_error       : Evaluate [\_SB_.PCI0.PB7_._STA]: AE_NOT_FOUND
[   30.480431] device: 'device:0f': device_add
[   30.480494] bus: 'acpi': add device device:0f
[   30.480562]     utils-0051 util_eval_error       : Evaluate [\_SB_.PCI0.PB7_._SUN]: AE_NOT_FOUND
[   30.480764]      scan-1933 add_single_object     : Added device:0f [\_SB_.PCI0.PB7_] parent PNP0A08:00
[   30.480967]      scan-1141 get_device_data       : No context for object [ffff88040d825d20]
[   30.481164]      scan-1141 get_device_data       : No context for object [ffff88040d825d48]
[   30.481341]      scan-1141 get_device_data       : No context for object [ffff88040d825d70]
[   30.481538]      scan-1141 get_device_data       : No context for object [ffff88040d825d98]
[   30.481736]      scan-1141 get_device_data       : No context for object [ffff88040d825dc0]
[   30.481930]      scan-1141 get_device_data       : No context for object [ffff88040d825de8]
[   30.482129]      scan-1141 get_device_data       : No context for object [ffff88040d825e10]
[   30.482324]      scan-1141 get_device_data       : No context for object [ffff88040d825e38]
[   30.482521]      scan-1141 get_device_data       : No context for object [ffff88040d825e60]
[   30.482521]      scan-1141 get_device_data       : No context for object [ffff88040d825e88]
[   30.482521]      scan-1141 get_device_data       : No context for object [ffff88040d825eb0]
[   30.482521]      scan-1141 get_device_data       : No context for object [ffff88040d825ed8]
[   30.482521]      scan-1141 get_device_data       : No context for object [ffff88040d825f00]
[   30.482521]      scan-1141 get_device_data       : No context for object [ffff88040d825f28]
[   30.482521]      scan-1141 get_device_data       : No context for object [ffff88040d825f50]
[   30.482521]      scan-1141 get_device_data       : No context for object [ffff88040d825f78]
[   30.482521]      scan-1141 get_device_data       : No context for object [ffff88040d825fa0]
[   30.482521]      scan-1141 get_device_data       : No context for object [ffff88040d825fc8]
[   30.482521]      scan-1141 get_device_data       : No context for object [ffff88040d827000]
[   30.482521]      scan-1141 get_device_data       : No context for object [ffff88040d827028]
[   30.482521]      scan-1141 get_device_data       : No context for object [ffff88040d827050]
[   30.482521]      scan-1141 get_device_data       : No context for object [ffff88040d827078]
[   30.482521]      scan-1141 get_device_data       : No context for object [ffff88040d8270a0]
[   30.482644]      scan-1141 get_device_data       : No context for object [ffff88040d8270c8]
[   30.482836]      scan-1141 get_device_data       : No context for object [ffff88040d8270f0]
[   30.483028]      scan-1141 get_device_data       : No context for object [ffff88040d827118]
[   30.483223]      scan-1141 get_device_data       : No context for object [ffff88040d827140]
[   30.483497]      scan-1141 get_device_data       : No context for object [ffff88040d827168]
[   30.483681]      scan-1141 get_device_data       : No context for object [ffff88040d827190]
[   30.483876]      scan-1141 get_device_data       : No context for object [ffff88040d8271b8]
[   30.484073]      scan-1141 get_device_data       : No context for object [ffff88040d8271e0]
[   30.484264]     utils-0051 util_eval_error       : Evaluate [\_SB_.PCI0.PB7_.XPDV._STA]: AE_NOT_FOUND
[   30.484499] device: 'device:10': device_add
[   30.484610] bus: 'acpi': add device device:10
[   30.484685]     utils-0051 util_eval_error       : Evaluate [\_SB_.PCI0.PB7_.XPDV._SUN]: AE_NOT_FOUND
[   30.486680]      scan-1933 add_single_object     : Added device:10 [\_SB_.PCI0.PB7_.XPDV] parent device:0f
[   30.486680]      scan-1141 get_device_data       : No context for object [ffff88040d827208]
[   30.486680]      scan-1141 get_device_data       : No context for object [ffff88040d827230]
[   30.486680]      scan-1141 get_device_data       : No context for object [ffff88040d827258]
[   30.486680]      scan-1141 get_device_data       : No context for object [ffff88040d827280]
[   30.486680]      scan-1141 get_device_data       : No context for object [ffff88040d8272a8]
[   30.486680]      scan-1141 get_device_data       : No context for object [ffff88040d837488]
[   30.486680]      scan-1141 get_device_data       : No context for object [ffff88040d8272d0]
[   30.486680]      scan-1141 get_device_data       : No context for object [ffff88040d8272f8]
[   30.486680]     utils-0051 util_eval_error       : Evaluate [\_SB_.PCI0.OHC1._STA]: AE_NOT_FOUND
[   30.486893] device: 'device:11': device_add
[   30.486956] bus: 'acpi': add device device:11
[   30.487032]     utils-0051 util_eval_error       : Evaluate [\_SB_.PCI0.OHC1._SUN]: AE_NOT_FOUND
[   30.487240]      scan-1933 add_single_object     : Added device:11 [\_SB_.PCI0.OHC1] parent PNP0A08:00
[   30.487442]      scan-1141 get_device_data       : No context for object [ffff88040d827320]
[   30.487640]      scan-1141 get_device_data       : No context for object [ffff88040d827348]
[   30.487790]      scan-1141 get_device_data       : No context for object [ffff88040d83b2f8]
[   30.487965]     utils-0051 util_eval_error       : Evaluate [\_SB_.PCI0.OHC1.RHUB._STA]: AE_NOT_FOUND
[   30.488198] device: 'device:12': device_add
[   30.488261] bus: 'acpi': add device device:12
[   30.488336]     utils-0051 util_eval_error       : Evaluate [\_SB_.PCI0.OHC1.RHUB._SUN]: AE_NOT_FOUND
[   30.490070]      scan-1933 add_single_object     : Added device:12 [\_SB_.PCI0.OHC1.RHUB] parent device:11
[   30.490070]      scan-1141 get_device_data       : No context for object [ffff88040d83b320]
[   30.490070]      scan-1141 get_device_data       : No context for object [ffff88040d83b348]
[   30.490070]     utils-0051 util_eval_error       : Evaluate [\_SB_.PCI0.OHC1.RHUB.PRT3._STA]: AE_NOT_FOUND
[   30.490070] device: 'device:13': device_add
[   30.490070] bus: 'acpi': add device device:13
[   30.490070]     utils-0051 util_eval_error       : Evaluate [\_SB_.PCI0.OHC1.RHUB.PRT3._SUN]: AE_NOT_FOUND
[   30.490078]      scan-1933 add_single_object     : Added device:13 [\_SB_.PCI0.OHC1.RHUB.PRT3] parent device:12
[   30.490078]      scan-1141 get_device_data       : No context for object [ffff88040d83b370]
[   30.490078]      scan-1141 get_device_data       : No context for object [ffff88040d83b398]
[   30.490200]      scan-1141 get_device_data       : No context for object [ffff88040d83b3c0]
[   30.490396]      scan-1141 get_device_data       : No context for object [ffff88040d83b3e8]
[   30.490595]     utils-0051 util_eval_error       : Evaluate [\_SB_.PCI0.OHC1.RHUB.PRT4._STA]: AE_NOT_FOUND
[   30.490827] device: 'device:14': device_add
[   30.490890] bus: 'acpi': add device device:14
[   30.490967]     utils-0051 util_eval_error       : Evaluate [\_SB_.PCI0.OHC1.RHUB.PRT4._SUN]: AE_NOT_FOUND
[   30.493346]      scan-1933 add_single_object     : Added device:14 [\_SB_.PCI0.OHC1.RHUB.PRT4] parent device:12
[   30.493346]      scan-1141 get_device_data       : No context for object [ffff88040d83b410]
[   30.493346]      scan-1141 get_device_data       : No context for object [ffff88040d83b438]
[   30.493346]      scan-1141 get_device_data       : No context for object [ffff88040d83b460]
[   30.493346]      scan-1141 get_device_data       : No context for object [ffff88040d827370]
[   30.493346]     utils-0051 util_eval_error       : Evaluate [\_SB_.PCI0.EHC1._STA]: AE_NOT_FOUND
[   30.493346] device: 'device:15': device_add
[   30.493346] bus: 'acpi': add device device:15
[   30.493346]     utils-0051 util_eval_error       : Evaluate [\_SB_.PCI0.EHC1._SUN]: AE_NOT_FOUND
[   30.493387]      scan-1933 add_single_object     : Added device:15 [\_SB_.PCI0.EHC1] parent PNP0A08:00
[   30.493387]      scan-1141 get_device_data       : No context for object [ffff88040d827398]
[   30.493387]      scan-1141 get_device_data       : No context for object [ffff88040d8273c0]
[   30.493387]      scan-1141 get_device_data       : No context for object [ffff88040d83b028]
[   30.493535]     utils-0051 util_eval_error       : Evaluate [\_SB_.PCI0.EHC1.RHUB._STA]: AE_NOT_FOUND
[   30.493721] device: 'device:16': device_add
[   30.493783] bus: 'acpi': add device device:16
[   30.493849]     utils-0051 util_eval_error       : Evaluate [\_SB_.PCI0.EHC1.RHUB._SUN]: AE_NOT_FOUND
[   30.496671]      scan-1933 add_single_object     : Added device:16 [\_SB_.PCI0.EHC1.RHUB] parent device:15
[   30.496671]      scan-1141 get_device_data       : No context for object [ffff88040d83b050]
[   30.496671]      scan-1141 get_device_data       : No context for object [ffff88040d83b078]
[   30.496671]     utils-0051 util_eval_error       : Evaluate [\_SB_.PCI0.EHC1.RHUB.PRT3._STA]: AE_NOT_FOUND
[   30.496671] device: 'device:17': device_add
[   30.496671] bus: 'acpi': add device device:17
[   30.496671]     utils-0051 util_eval_error       : Evaluate [\_SB_.PCI0.EHC1.RHUB.PRT3._SUN]: AE_NOT_FOUND
[   30.496718]      scan-1933 add_single_object     : Added device:17 [\_SB_.PCI0.EHC1.RHUB.PRT3] parent device:16
[   30.496718]      scan-1141 get_device_data       : No context for object [ffff88040d83b0a0]
[   30.496718]      scan-1141 get_device_data       : No context for object [ffff88040d83b0c8]
[   30.496865]      scan-1141 get_device_data       : No context for object [ffff88040d83b0f0]
[   30.497058]      scan-1141 get_device_data       : No context for object [ffff88040d83b118]
[   30.497253]     utils-0051 util_eval_error       : Evaluate [\_SB_.PCI0.EHC1.RHUB.PRT4._STA]: AE_NOT_FOUND
[   30.497485] device: 'device:18': device_add
[   30.497547] bus: 'acpi': add device device:18
[   30.497611]     utils-0051 util_eval_error       : Evaluate [\_SB_.PCI0.EHC1.RHUB.PRT4._SUN]: AE_NOT_FOUND
[   30.500006]      scan-1933 add_single_object     : Added device:18 [\_SB_.PCI0.EHC1.RHUB.PRT4] parent device:16
[   30.500006]      scan-1141 get_device_data       : No context for object [ffff88040d83b140]
[   30.500006]      scan-1141 get_device_data       : No context for object [ffff88040d83b168]
[   30.500006]      scan-1141 get_device_data       : No context for object [ffff88040d83b190]
[   30.500006]      scan-1141 get_device_data       : No context for object [ffff88040d8273e8]
[   30.500006]     utils-0051 util_eval_error       : Evaluate [\_SB_.PCI0.OHC2._STA]: AE_NOT_FOUND
[   30.500006] device: 'device:19': device_add
[   30.500006] bus: 'acpi': add device device:19
[   30.500006]     utils-0051 util_eval_error       : Evaluate [\_SB_.PCI0.OHC2._SUN]: AE_NOT_FOUND
[   30.500044]      scan-1933 add_single_object     : Added device:19 [\_SB_.PCI0.OHC2] parent PNP0A08:00
[   30.500044]      scan-1141 get_device_data       : No context for object [ffff88040d827410]
[   30.500044]      scan-1141 get_device_data       : No context for object [ffff88040d827438]
[   30.500044]      scan-1141 get_device_data       : No context for object [ffff88040d83b488]
[   30.500044]     utils-0051 util_eval_error       : Evaluate [\_SB_.PCI0.OHC2.RHUB._STA]: AE_NOT_FOUND
[   30.500228] device: 'device:1a': device_add
[   30.500294] bus: 'acpi': add device device:1a
[   30.500367]     utils-0051 util_eval_error       : Evaluate [\_SB_.PCI0.OHC2.RHUB._SUN]: AE_NOT_FOUND
[   30.503334]      scan-1933 add_single_object     : Added device:1a [\_SB_.PCI0.OHC2.RHUB] parent device:19
[   30.503334]      scan-1141 get_device_data       : No context for object [ffff88040d83b4b0]
[   30.503334]      scan-1141 get_device_data       : No context for object [ffff88040d83b4d8]
[   30.503334]     utils-0051 util_eval_error       : Evaluate [\_SB_.PCI0.OHC2.RHUB.PRT4._STA]: AE_NOT_FOUND
[   30.503334] device: 'device:1b': device_add
[   30.503334] bus: 'acpi': add device device:1b
[   30.503334]     utils-0051 util_eval_error       : Evaluate [\_SB_.PCI0.OHC2.RHUB.PRT4._SUN]: AE_NOT_FOUND
[   30.503378]      scan-1933 add_single_object     : Added device:1b [\_SB_.PCI0.OHC2.RHUB.PRT4] parent device:1a
[   30.503378]      scan-1141 get_device_data       : No context for object [ffff88040d83b500]
[   30.503378]      scan-1141 get_device_data       : No context for object [ffff88040d83b528]
[   30.503378]      scan-1141 get_device_data       : No context for object [ffff88040d83b550]
[   30.503378]      scan-1141 get_device_data       : No context for object [ffff88040d827460]
[   30.503378]     utils-0051 util_eval_error       : Evaluate [\_SB_.PCI0.EHC2._STA]: AE_NOT_FOUND
[   30.503378] device: 'device:1c': device_add
[   30.503378] bus: 'acpi': add device device:1c
[   30.503378]     utils-0051 util_eval_error       : Evaluate [\_SB_.PCI0.EHC2._SUN]: AE_NOT_FOUND
[   30.503416]      scan-1933 add_single_object     : Added device:1c [\_SB_.PCI0.EHC2] parent PNP0A08:00
[   30.503547]      scan-1141 get_device_data       : No context for object [ffff88040d827488]
[   30.503724]      scan-1141 get_device_data       : No context for object [ffff88040d8274b0]
[   30.503917]      scan-1141 get_device_data       : No context for object [ffff88040d83b1b8]
[   30.504116]     utils-0051 util_eval_error       : Evaluate [\_SB_.PCI0.EHC2.RHUB._STA]: AE_NOT_FOUND
[   30.504348] device: 'device:1d': device_add
[   30.504411] bus: 'acpi': add device device:1d
[   30.504486]     utils-0051 util_eval_error       : Evaluate [\_SB_.PCI0.EHC2.RHUB._SUN]: AE_NOT_FOUND
[   30.506669]      scan-1933 add_single_object     : Added device:1d [\_SB_.PCI0.EHC2.RHUB] parent device:1c
[   30.506669]      scan-1141 get_device_data       : No context for object [ffff88040d83b1e0]
[   30.506669]      scan-1141 get_device_data       : No context for object [ffff88040d83b208]
[   30.506669]     utils-0051 util_eval_error       : Evaluate [\_SB_.PCI0.EHC2.RHUB.PRT2._STA]: AE_NOT_FOUND
[   30.506669] device: 'device:1e': device_add
[   30.506669] bus: 'acpi': add device device:1e
[   30.506669]     utils-0051 util_eval_error       : Evaluate [\_SB_.PCI0.EHC2.RHUB.PRT2._SUN]: AE_NOT_FOUND
[   30.506709]      scan-1933 add_single_object     : Added device:1e [\_SB_.PCI0.EHC2.RHUB.PRT2] parent device:1d
[   30.506709]      scan-1141 get_device_data       : No context for object [ffff88040d83b230]
[   30.506709]      scan-1141 get_device_data       : No context for object [ffff88040d83b258]
[   30.506709]      scan-1141 get_device_data       : No context for object [ffff88040d83b280]
[   30.506709]      scan-1141 get_device_data       : No context for object [ffff88040d8274d8]
[   30.506821]     utils-0051 util_eval_error       : Evaluate [\_SB_.PCI0.OHC3._STA]: AE_NOT_FOUND
[   30.507064] device: 'device:1f': device_add
[   30.507128] bus: 'acpi': add device device:1f
[   30.507205]     utils-0051 util_eval_error       : Evaluate [\_SB_.PCI0.OHC3._SUN]: AE_NOT_FOUND
[   30.510000]      scan-1933 add_single_object     : Added device:1f [\_SB_.PCI0.OHC3] parent PNP0A08:00
[   30.510000]      scan-1141 get_device_data       : No context for object [ffff88040d827500]
[   30.510000]      scan-1141 get_device_data       : No context for object [ffff88040d827528]
[   30.510000]      scan-1141 get_device_data       : No context for object [ffff88040d83b578]
[   30.510000]     utils-0051 util_eval_error       : Evaluate [\_SB_.PCI0.OHC3.RHUB._STA]: AE_NOT_FOUND
[   30.510000] device: 'device:20': device_add
[   30.510000] bus: 'acpi': add device device:20
[   30.510000]     utils-0051 util_eval_error       : Evaluate [\_SB_.PCI0.OHC3.RHUB._SUN]: AE_NOT_FOUND
[   30.510036]      scan-1933 add_single_object     : Added device:20 [\_SB_.PCI0.OHC3.RHUB] parent device:1f
[   30.510036]      scan-1141 get_device_data       : No context for object [ffff88040d83b5a0]
[   30.510036]      scan-1141 get_device_data       : No context for object [ffff88040d827550]
[   30.510036]     utils-0051 util_eval_error       : Evaluate [\_SB_.PCI0.EHC3._STA]: AE_NOT_FOUND
[   30.510036] device: 'device:21': device_add
[   30.510036] bus: 'acpi': add device device:21
[   30.510036]     utils-0051 util_eval_error       : Evaluate [\_SB_.PCI0.EHC3._SUN]: AE_NOT_FOUND
[   30.510072]      scan-1933 add_single_object     : Added device:21 [\_SB_.PCI0.EHC3] parent PNP0A08:00
[   30.510072]      scan-1141 get_device_data       : No context for object [ffff88040d827578]
[   30.510203]      scan-1141 get_device_data       : No context for object [ffff88040d8275a0]
[   30.510401]      scan-1141 get_device_data       : No context for object [ffff88040d83b2a8]
[   30.510594]     utils-0051 util_eval_error       : Evaluate [\_SB_.PCI0.EHC3.RHUB._STA]: AE_NOT_FOUND
[   30.510826] device: 'device:22': device_add
[   30.510889] bus: 'acpi': add device device:22
[   30.510960]     utils-0051 util_eval_error       : Evaluate [\_SB_.PCI0.EHC3.RHUB._SUN]: AE_NOT_FOUND
[   30.513335]      scan-1933 add_single_object     : Added device:22 [\_SB_.PCI0.EHC3.RHUB] parent device:21
[   30.513335]      scan-1141 get_device_data       : No context for object [ffff88040d83b2d0]
[   30.513335]      scan-1141 get_device_data       : No context for object [ffff88040d8275c8]
[   30.513335]     utils-0051 util_eval_error       : Evaluate [\_SB_.PCI0.OHC4._STA]: AE_NOT_FOUND
[   30.513335] device: 'device:23': device_add
[   30.513335] bus: 'acpi': add device device:23
[   30.513335]     utils-0051 util_eval_error       : Evaluate [\_SB_.PCI0.OHC4._SUN]: AE_NOT_FOUND
[   30.513377]      scan-1933 add_single_object     : Added device:23 [\_SB_.PCI0.OHC4] parent PNP0A08:00
[   30.513377]      scan-1141 get_device_data       : No context for object [ffff88040d8275f0]
[   30.513377]      scan-1141 get_device_data       : No context for object [ffff88040d827618]
[   30.516670]      scan-1141 get_device_data       : No context for object [ffff88040d827640]
[   30.516868]     utils-0051 util_eval_error       : Evaluate [\_SB_.PCI0.SBAZ._STA]: AE_NOT_FOUND
[   30.517109] device: 'device:24': device_add
[   30.517171] bus: 'acpi': add device device:24
[   30.517245]     utils-0051 util_eval_error       : Evaluate [\_SB_.PCI0.SBAZ._SUN]: AE_NOT_FOUND
[   30.517428]      scan-1933 add_single_object     : Added device:24 [\_SB_.PCI0.SBAZ] parent PNP0A08:00
