[    0.000000] Initializing cgroup subsys cpuset
[    0.000000] Initializing cgroup subsys cpu
[    0.000000] Initializing cgroup subsys cpuacct
[    0.000000] Linux version 3.17.0-rc2-g81bbadc (emacs@manji) (gcc version 4.9.1 (GCC) ) #55 SMP Sun Aug 31 19:46:24 CEST 2014
[    0.000000] Command line: BOOT_IMAGE=/vmlinuz-linux-git root=UUID=bfa4ab6e-19a3-4601-ba2b-267c55841c73 rw cryptdevice=/dev/disk/by-uuid/70c08890-417a-497d-b6ab-c0d0357a63e2:cryptManjaro:allow-discards ipv6.disable=1 pnp.debug=1 loglevel=9 log_buf_len=10M printk.always_kmsg_dump=y printk.time=y mminit_loglevel=0 memory_corruption_check=1 acpi.debug_layer=0xfbff0000 acpi.debug_level=0xFFFFFFFD pnp.debug=1 nohz=on rcu_nocbs=1-3 pcie_aspm=force fbcon=scrollback:4096k fbcon=font:ProFont6x11 radeon.audio=0 radeon.lockup_timeout=0 radeon.test=0 radeon.agpmode=-1 radeon.benchmark=0 radeon.tv=0 radeon.hard_reset=1 radeon.aspm=1 radeon.dpm=1 radeon.msi=1 radeon.pcie_gen2=-1 radeon.no_wb=1 radeon.modeset=1 radeon.dynclks=1 radeon.r4xx_atom=0 radeon.runpm=0 radeonfb radeon.fastfb=1 nomodeset
[    0.000000] KERNEL supported cpus:
[    0.000000]   AMD AuthenticAMD
[    0.000000] tseg: 00bfe00000
[    0.000000] e820: BIOS-provided physical RAM map:
[    0.000000] BIOS-e820: [mem 0x0000000000000000-0x000000000009d7ff] usable
[    0.000000] BIOS-e820: [mem 0x000000000009d800-0x000000000009ffff] reserved
[    0.000000] BIOS-e820: [mem 0x00000000000e0000-0x00000000000fffff] reserved
[    0.000000] BIOS-e820: [mem 0x0000000000100000-0x00000000bed9afff] usable
[    0.000000] BIOS-e820: [mem 0x00000000bed9b000-0x00000000bf39afff] reserved
[    0.000000] BIOS-e820: [mem 0x00000000bf39b000-0x00000000bf49afff] ACPI NVS
[    0.000000] BIOS-e820: [mem 0x00000000bf49b000-0x00000000bf51afff] ACPI data
[    0.000000] BIOS-e820: [mem 0x00000000bf51b000-0x00000000bfdfffff] usable
[    0.000000] BIOS-e820: [mem 0x00000000bfe00000-0x00000000bfffffff] reserved
[    0.000000] BIOS-e820: [mem 0x00000000fec00000-0x00000000fecfffff] reserved
[    0.000000] BIOS-e820: [mem 0x00000000fed80000-0x00000000fed80fff] reserved
[    0.000000] BIOS-e820: [mem 0x00000000ffe00000-0x00000000ffffffff] reserved
[    0.000000] BIOS-e820: [mem 0x0000000100000000-0x000000041effffff] usable
[    0.000000] NX (Execute Disable) protection: active
[    0.000000] SMBIOS 2.6 present.
[    0.000000] DMI: LENOVO Sabine/Torpedo, BIOS 54CN18WW 07/20/2011
[    0.000000] e820: update [mem 0x00000000-0x00000fff] usable ==> reserved
[    0.000000] e820: remove [mem 0x000a0000-0x000fffff] usable
[    0.000000] e820: last_pfn = 0x41f000 max_arch_pfn = 0x400000000
[    0.000000] MTRR default type: uncachable
[    0.000000] MTRR fixed ranges enabled:
[    0.000000]   00000-9FFFF write-back
[    0.000000]   A0000-BFFFF uncachable
[    0.000000]   C0000-FFFFF write-protect
[    0.000000] MTRR variable ranges enabled:
[    0.000000]   0 base 0000000000 mask FF80000000 write-back
[    0.000000]   1 base 0080000000 mask FFC0000000 write-back
[    0.000000]   2 base 00FFF90000 mask FFFFFF0000 uncachable
[    0.000000]   3 base 00FED80000 mask 0FFFFFF000 uncachable
[    0.000000]   4 disabled
[    0.000000]   5 disabled
[    0.000000]   6 disabled
[    0.000000]   7 base 00FFE00000 mask FFFFE00000 write-protect
[    0.000000] TOM2: 000000041f000000 aka 16880M
[    0.000000] mtrr: your BIOS has configured an incorrect mask, fixing it.
[    0.000000] e820: last_pfn = 0xbfe00 max_arch_pfn = 0x400000000
[    0.000000] found SMP MP-table at [mem 0x000fa8b0-0x000fa8bf] mapped at [ffff8800000fa8b0]
[    0.000000] Base memory trampoline at [ffff880000097000] 97000 size 24576
[    0.000000] Using GB pages for direct mapping
[    0.000000] init_memory_mapping: [mem 0x00000000-0x000fffff]
[    0.000000]  [mem 0x00000000-0x000fffff] page 4k
[    0.000000] BRK [0x01e17000, 0x01e17fff] PGTABLE
[    0.000000] BRK [0x01e18000, 0x01e18fff] PGTABLE
[    0.000000] BRK [0x01e19000, 0x01e19fff] PGTABLE
[    0.000000] init_memory_mapping: [mem 0x41ee00000-0x41effffff]
[    0.000000]  [mem 0x41ee00000-0x41effffff] page 2M
[    0.000000] BRK [0x01e1a000, 0x01e1afff] PGTABLE
[    0.000000] init_memory_mapping: [mem 0x41c000000-0x41edfffff]
[    0.000000]  [mem 0x41c000000-0x41edfffff] page 2M
[    0.000000] init_memory_mapping: [mem 0x400000000-0x41bffffff]
[    0.000000]  [mem 0x400000000-0x41bffffff] page 2M
[    0.000000] init_memory_mapping: [mem 0x00100000-0xbed9afff]
[    0.000000]  [mem 0x00100000-0x001fffff] page 4k
[    0.000000]  [mem 0x00200000-0x3fffffff] page 2M
[    0.000000]  [mem 0x40000000-0x7fffffff] page 1G
[    0.000000]  [mem 0x80000000-0xbebfffff] page 2M
[    0.000000]  [mem 0xbec00000-0xbed9afff] page 4k
[    0.000000] init_memory_mapping: [mem 0xbf51b000-0xbfdfffff]
[    0.000000]  [mem 0xbf51b000-0xbf5fffff] page 4k
[    0.000000]  [mem 0xbf600000-0xbfdfffff] page 2M
[    0.000000] BRK [0x01e1b000, 0x01e1bfff] PGTABLE
[    0.000000] init_memory_mapping: [mem 0x100000000-0x3ffffffff]
[    0.000000]  [mem 0x100000000-0x3ffffffff] page 1G
[    0.000000] log_buf_len: 16777216 bytes
[    0.000000] early log buf free: 2092044(99%)
[    0.000000] RAMDISK: [mem 0x3782c000-0x37c0dfff]
[    0.000000] ACPI: Early table checksum verification disabled
[    0.000000] ACPI: RSDP 0x00000000000F0110 000024 (v02 LENOVO)
[    0.000000] ACPI: XSDT 0x00000000BF51A120 000074 (v01 LENOVO CB-01    00000001 LENO 00000001)
[    0.000000] ACPI: FACP 0x00000000BF508000 0000F4 (v04 LENOVO CB-01    00000001 PTL  00000001)
[    0.000000] ACPI: DSDT 0x00000000BF50A000 00FD10 (v01 LENOVO CB-01    00001000 LENO 00000001)
[    0.000000] ACPI: FACS 0x00000000BF478000 000040
[    0.000000] ACPI: HPET 0x00000000BF507000 000038 (v01 LENOVO CB-01    00000001 PTL  00000001)
[    0.000000] ACPI: APIC 0x00000000BF506000 00007A (v02 LENOVO CB-01    00000001 PTL  00000001)
[    0.000000] ACPI: MCFG 0x00000000BF505000 00003C (v01 LENOVO CB-01    00000001 PTL  00000001)
[    0.000000] ACPI: SLIC 0x00000000BF504000 000176 (v01 LENOVO CB-01    00000001 LENO 00000001)
[    0.000000] ACPI: UEFI 0x00000000BF503000 00003E (v01 LENOVO CB-01    00000001 PTL  00000001)
[    0.000000] ACPI: UEFI 0x00000000BF502000 000042 (v01 PTL    COMBUF   00000001 PTL  00000001)
[    0.000000] ACPI: SSDT 0x00000000BF501000 000E34 (v01 AMD    POWERNOW 00000001 AMD  00000001)
[    0.000000] ACPI: SSDT 0x00000000BF4FF000 00193D (v02 AMD    ALIB     00000001 MSFT 04000000)
[    0.000000] ACPI: UEFI 0x00000000BF4FE000 00021A (v01 LENOVO CB-01    00000001 PTL  00000001)
[    0.000000] ACPI: Local APIC address 0xfee00000
[    0.000000] No NUMA configuration found
[    0.000000] Faking a node at [mem 0x0000000000000000-0x000000041effffff]
[    0.000000] Initmem setup node 0 [mem 0x00000000-0x41effffff]
[    0.000000]   NODE_DATA [mem 0x41dffa000-0x41dffdfff]
[    0.000000]  [ffffea0000000000-ffffea00107fffff] PMD -> [ffff88040de00000-ffff88041d5fffff] on node 0
[    0.000000] Zone ranges:
[    0.000000]   DMA      [mem 0x00001000-0x00ffffff]
[    0.000000]   DMA32    [mem 0x01000000-0xffffffff]
[    0.000000]   Normal   [mem 0x100000000-0x41effffff]
[    0.000000] Movable zone start for each node
[    0.000000] Early memory node ranges
[    0.000000]   node   0: [mem 0x00001000-0x0009cfff]
[    0.000000]   node   0: [mem 0x00100000-0xbed9afff]
[    0.000000]   node   0: [mem 0xbf51b000-0xbfdfffff]
[    0.000000]   node   0: [mem 0x100000000-0x41effffff]
[    0.000000] On node 0 totalpages: 4056604
[    0.000000]   DMA zone: 64 pages used for memmap
[    0.000000]   DMA zone: 21 pages reserved
[    0.000000]   DMA zone: 3996 pages, LIFO batch:0
[    0.000000]   DMA32 zone: 12186 pages used for memmap
[    0.000000]   DMA32 zone: 779904 pages, LIFO batch:31
[    0.000000]   Normal zone: 51136 pages used for memmap
[    0.000000]   Normal zone: 3272704 pages, LIFO batch:31
[    0.000000] ACPI: PM-Timer IO Port: 0x808
[    0.000000] ACPI: Local APIC address 0xfee00000
[    0.000000] ACPI: LAPIC (acpi_id[0x00] lapic_id[0x00] enabled)
[    0.000000] ACPI: LAPIC (acpi_id[0x01] lapic_id[0x01] enabled)
[    0.000000] ACPI: LAPIC (acpi_id[0x02] lapic_id[0x02] enabled)
[    0.000000] ACPI: LAPIC (acpi_id[0x03] lapic_id[0x03] enabled)
[    0.000000] ACPI: LAPIC_NMI (acpi_id[0x00] high edge lint[0x1])
[    0.000000] ACPI: LAPIC_NMI (acpi_id[0x01] high edge lint[0x1])
[    0.000000] ACPI: LAPIC_NMI (acpi_id[0x02] high edge lint[0x1])
[    0.000000] ACPI: LAPIC_NMI (acpi_id[0x03] high edge lint[0x1])
[    0.000000] ACPI: IOAPIC (id[0x02] address[0xfec00000] gsi_base[0])
[    0.000000] IOAPIC[0]: apic_id 2, version 33, address 0xfec00000, GSI 0-23
[    0.000000] ACPI: INT_SRC_OVR (bus 0 bus_irq 0 global_irq 2 dfl dfl)
[    0.000000] ACPI: IRQ0 used by override.
[    0.000000] ACPI: IRQ9 used by override.
[    0.000000] Using ACPI (MADT) for SMP configuration information
[    0.000000] ACPI: HPET id: 0x43538210 base: 0xfed00000
[    0.000000] smpboot: Allowing 4 CPUs, 0 hotplug CPUs
[    0.000000] e820: [mem 0xc0000000-0xfebfffff] available for PCI devices
[    0.000000] setup_percpu: NR_CPUS:64 nr_cpumask_bits:64 nr_cpu_ids:4 nr_node_ids:1
[    0.000000] PERCPU: Embedded 27 pages/cpu @ffff88041dc00000 s80256 r8192 d22144 u524288
[    0.000000] pcpu-alloc: s80256 r8192 d22144 u524288 alloc=1*2097152
[    0.000000] pcpu-alloc: [0] 0 1 2 3 
[    0.000000] Built 1 zonelists in Zone order, mobility grouping on.  Total pages: 3993197
[    0.000000] Policy zone: Normal
[    0.000000] Kernel command line: BOOT_IMAGE=/vmlinuz-linux-git root=UUID=bfa4ab6e-19a3-4601-ba2b-267c55841c73 rw cryptdevice=/dev/disk/by-uuid/70c08890-417a-497d-b6ab-c0d0357a63e2:cryptManjaro:allow-discards ipv6.disable=1 pnp.debug=1 loglevel=9 log_buf_len=10M printk.always_kmsg_dump=y printk.time=y mminit_loglevel=0 memory_corruption_check=1 acpi.debug_layer=0xfbff0000 acpi.debug_level=0xFFFFFFFD pnp.debug=1 nohz=on rcu_nocbs=1-3 pcie_aspm=force fbcon=scrollback:4096k fbcon=font:ProFont6x11 radeon.audio=0 radeon.lockup_timeout=0 radeon.test=0 radeon.agpmode=-1 radeon.benchmark=0 radeon.tv=0 radeon.hard_reset=1 radeon.aspm=1 radeon.dpm=1 radeon.msi=1 radeon.pcie_gen2=-1 radeon.no_wb=1 radeon.modeset=1 radeon.dynclks=1 radeon.r4xx_atom=0 radeon.runpm=0 radeonfb radeon.fastfb=1 nomodeset
[    0.000000] PCIe ASPM is forcibly enabled
[    0.000000] PID hash table entries: 4096 (order: 3, 32768 bytes)
[    0.000000] Memory: 15870900K/16226416K available (5251K kernel code, 721K rwdata, 2208K rodata, 848K init, 2588K bss, 355516K reserved)
[    0.000000] SLUB: HWalign=64, Order=0-3, MinObjects=0, CPUs=4, Nodes=1
[    0.000000] Hierarchical RCU implementation.
[    0.000000] 	RCU dyntick-idle grace-period acceleration is enabled.
[    0.000000] 	Additional per-CPU info printed with stalls.
[    0.000000] 	RCU restricting CPUs from NR_CPUS=64 to nr_cpu_ids=4.
[    0.000000] 	Offload RCU callbacks from all CPUs
[    0.000000] 	Offload RCU callbacks from CPUs: 0-3.
[    0.000000] RCU: Adjusting geometry for rcu_fanout_leaf=16, nr_cpu_ids=4
[    0.000000] NR_IRQS:4352 nr_irqs:456 0
[    0.000000] spurious 8259A interrupt: IRQ7.
[    0.000000] vgacon: allocated 4194304 bytes of memory for scrollback. CONFIG_VGACON_SOFT_SCROLLBACK_SIZE=4096
[    0.000000] Console: colour VGA+ 80x25
[    0.000000] console [tty0] enabled
[    0.000000] allocated 65011712 bytes of page_cgroup
[    0.000000] please try 'cgroup_disable=memory' option if you don't want memory cgroups
[    0.000000] hpet clockevent registered
[    0.000000] tsc: Fast TSC calibration using PIT
[    0.000000] tsc: Detected 1397.391 MHz processor
[    0.000055] Calibrating delay loop (skipped), value calculated using timer frequency.. 2795.23 BogoMIPS (lpj=4657970)
[    0.000206] pid_max: default: 32768 minimum: 301
[    0.000280] ACPI: Core revision 20140724
[    0.025636] ACPI: All ACPI Tables successfully acquired
[    0.028064] Security Framework initialized
[    0.029731] Dentry cache hash table entries: 2097152 (order: 12, 16777216 bytes)
[    0.036527] Inode-cache hash table entries: 1048576 (order: 11, 8388608 bytes)
[    0.039603] Mount-cache hash table entries: 32768 (order: 6, 262144 bytes)
[    0.039743] Mountpoint-cache hash table entries: 32768 (order: 6, 262144 bytes)
[    0.040322] Initializing cgroup subsys memory
[    0.040441] Initializing cgroup subsys devices
[    0.040508] Initializing cgroup subsys freezer
[    0.040575] Initializing cgroup subsys net_cls
[    0.040642] Initializing cgroup subsys blkio
[    0.040734] CPU: Physical Processor ID: 0
[    0.040798] CPU: Processor Core ID: 0
[    0.040862] mce: CPU supports 6 MCE banks
[    0.040936] Last level iTLB entries: 4KB 512, 2MB 16, 4MB 8
Last level dTLB entries: 4KB 1024, 2MB 128, 4MB 64, 1GB 0
[    0.041252] Freeing SMP alternatives memory: 20K (ffffffff81b8a000 - ffffffff81b8f000)
[    0.041985] ..TIMER: vector=0x30 apic1=0 pin1=2 apic2=-1 pin2=-1
[    0.075066] smpboot: CPU0: AMD A6-3400M APU with Radeon(tm) HD Graphics (fam: 12, model: 01, stepping: 00)
[    0.179408] Performance Events: AMD PMU driver.
[    0.179512] ... version:                0
[    0.179577] ... bit width:              48
[    0.179641] ... generic registers:      4
[    0.179704] ... value mask:             0000ffffffffffff
[    0.179769] ... max period:             00007fffffffffff
[    0.179834] ... fixed-purpose events:   0
[    0.179898] ... event mask:             000000000000000f
[    0.180435] MCE: In-kernel MCE decoding enabled.
[    0.180604] trying cpu_up:
[    0.180717] NMI watchdog: enabled on all CPUs, permanently consumes one hw-PMU counter.
[    0.181033] smpboot: ++++++++++++++++++++=_---CPU UP  1
[    0.181148] x86: Booting SMP configuration:
[    0.181214] .... node  #0, CPUs:      #1
[    0.181322] smpboot: Setting warm reset code and vector.
[    0.181446] smpboot: 1.
[    0.181509] smpboot: 2.
[    0.181571] smpboot: 3.
[    0.181634] smpboot: Asserting INIT
[    0.181697] smpboot: Waiting for INIT send to finish...
[    0.191766] smpboot: status for above ^ is: 0
[    0.191875] smpboot: waiting 5 sec
[    5.917586] smpboot: done waiting
[    5.917729] smpboot: Deasserting INIT
[    5.917792] smpboot: Waiting for above send to finish...
[    5.917859] smpboot: #startup loops: 2
[    5.917922] smpboot: Sending STARTUP #1
[    5.917986] smpboot: After apic_write
[    5.918349] smpboot: Startup point 1
[    5.918459] smpboot: Waiting for send to finish...
[    5.918723] smpboot: Sending STARTUP #2
[    5.918834] smpboot: After apic_write
[    5.919197] smpboot: Startup point 1
[    5.919306] smpboot: Waiting for send to finish...
[    5.919570] smpboot: After Startup
[    5.919680] smpboot: Before Callout 1
[    5.919743] smpboot: After Callout 1
[    5.919806] smpboot: start waiting 5sec for response
[    5.919949] [sched_delayed] sched: RT throttling activated
[   10.939456] smpboot: done waiting 5sec for response
[   10.939542] smpboot: cpumask_test_cpu result: 0
[   10.939639] smpboot: cpu_callin_mask: 0000000000000001
[   10.939702] smpboot: cpu_callout_mask: 0000000000000003
[   10.939801] smpboot: CPU1: Not responding
[   10.939915] smpboot: do_boot_cpu failed(1) to wakeup CPU#1
[   10.939988] doing it one more time: cpu_up !!!!!!!!!!!!
[   10.940034] smpboot: ++++++++++++++++++++=_---CPU UP  1
[   10.940157] x86: Booting SMP configuration:
[   10.940221]     #1
[   10.940293] smpboot: Setting warm reset code and vector.
[   10.940417] smpboot: 1.
[   10.940479] smpboot: 2.
[   10.940541] smpboot: 3.
[   10.940603] smpboot: Asserting INIT
[   10.940666] smpboot: Waiting for INIT send to finish...
[   10.950736] smpboot: status for above ^ is: 0
[   10.950800] smpboot: waiting 5 sec
[   15.959797] smpboot: done waiting
[   15.959938] smpboot: Deasserting INIT
[   15.960001] smpboot: Waiting for above send to finish...
[   15.960063] smpboot: #startup loops: 2
[   15.960125] smpboot: Sending STARTUP #1
[   15.960186] smpboot: After apic_write
[   15.960548] smpboot: Startup point 1
[   15.960656] smpboot: Waiting for send to finish...
[   15.960920] smpboot: Sending STARTUP #2
[   15.961029] smpboot: After apic_write
[   15.961391] smpboot: Startup point 1
[   15.961453] smpboot: Waiting for send to finish...
[   15.961716] smpboot: After Startup
[   15.961825] smpboot: Before Callout 1
[   15.961886] smpboot: After Callout 1
[   15.961948] smpboot: start waiting 5sec for response
[   20.981777] smpboot: done waiting 5sec for response
[   20.981920] smpboot: cpumask_test_cpu result: 0
[   20.981983] smpboot: cpu_callin_mask: 0000000000000001
[   20.982080] smpboot: cpu_callout_mask: 0000000000000003
[   20.982144] smpboot: CPU1: Not responding
[   20.982267] smpboot: do_boot_cpu failed(1) to wakeup CPU#1
[   20.982337] after cpu_up !!!!!!!!!!!!
[   20.982375] trying cpu_up:
[   20.982593] smpboot: ++++++++++++++++++++=_---CPU UP  2
[   20.982731]  #2
[   20.982768] smpboot: Setting warm reset code and vector.
[   20.982892] smpboot: 1.
[   20.982954] smpboot: 2.
[   20.983016] smpboot: 3.
[   20.983078] smpboot: Asserting INIT
[   20.983141] smpboot: Waiting for INIT send to finish...
[   20.993211] smpboot: status for above ^ is: 0
[   20.993320] smpboot: waiting 5 sec
[   26.003219] smpboot: done waiting
[   26.003361] smpboot: Deasserting INIT
[   26.003424] smpboot: Waiting for above send to finish...
[   26.003489] smpboot: #startup loops: 2
[   26.003552] smpboot: Sending STARTUP #1
[   26.003616] smpboot: After apic_write
[   25.874812] smpboot: CPU#2 (phys ID: 2) waiting for CALLOUT
[   26.003979] smpboot: Startup point 1
[   26.004152] smpboot: Waiting for send to finish...
[   26.004417] smpboot: Sending STARTUP #2
[   26.004526] smpboot: After apic_write
[   26.004889] smpboot: Startup point 1
[   26.004999] smpboot: Waiting for send to finish...
[   26.005264] smpboot: After Startup
[   26.005373] smpboot: Before Callout 2
[   26.005436] smpboot: After Callout 2
[   25.876462] smpboot: Stack at about ffff88040780bf44
[   26.005563] smpboot: start waiting 5sec for response
[   26.005602] smpboot: done waiting 5sec for response
[   26.005699] smpboot: cpumask_test_cpu result: -1
[   26.005762] smpboot: cpu_callin_mask: 0000000000000005
[   26.005859] smpboot: cpu_callout_mask: 0000000000000005
[   26.005922] smpboot: CPU2: has booted.
[   26.008050] TSC synchronization [CPU#0 -> CPU#2]:
[   26.008161] Measured 180226368 cycles TSC warp between CPUs, turning off TSC clock.
[   26.008303] tsc: Marking TSC unstable due to check_tsc_sync_source failed
[   26.008430] after cpu_up !!!!!!!!!!!!
[   26.008516] trying cpu_up:
[   26.008726] smpboot: ++++++++++++++++++++=_---CPU UP  3
[   26.008865]  #3
[   26.008902] smpboot: Setting warm reset code and vector.
[   26.009025] smpboot: 1.
[   26.009088] smpboot: 2.
[   26.009150] smpboot: 3.
[   26.009212] smpboot: Asserting INIT
[   26.009275] smpboot: Waiting for INIT send to finish...
[   26.019344] smpboot: status for above ^ is: 0
[   26.019453] smpboot: waiting 5 sec
[   31.028876] smpboot: done waiting
[   31.029018] smpboot: Deasserting INIT
[   31.029081] smpboot: Waiting for above send to finish...
[   31.029146] smpboot: #startup loops: 2
[   31.029210] smpboot: Sending STARTUP #1
[   31.029273] smpboot: After apic_write
[   30.866715] smpboot: CPU#3 (phys ID: 3) waiting for CALLOUT
[   31.029636] smpboot: Startup point 1
[   31.029809] smpboot: Waiting for send to finish...
[   31.030074] smpboot: Sending STARTUP #2
[   31.030184] smpboot: After apic_write
[   31.030547] smpboot: Startup point 1
[   31.030656] smpboot: Waiting for send to finish...
[   31.030920] smpboot: After Startup
[   31.031027] smpboot: Before Callout 3
[   31.031090] smpboot: After Callout 3
[   30.868360] smpboot: Stack at about ffff88040780ff44
[   31.031221] smpboot: start waiting 5sec for response
[   31.031260] smpboot: done waiting 5sec for response
[   31.031357] smpboot: cpumask_test_cpu result: -1
[   31.031419] smpboot: cpu_callin_mask: 000000000000000d
[   31.031517] smpboot: cpu_callout_mask: 000000000000000d
[   31.031580] smpboot: CPU3: has booted.
[   31.032834] after cpu_up !!!!!!!!!!!!
[   31.032873] x86: Booted up 1 node, 3 CPUs
[   31.032994] smpboot: Boot done
[   31.033057] smpboot: Before bogomips
[   31.033121] smpboot: Total of 3 processors activated (8387.69 BogoMIPS)
[   31.033187] smpboot: Before bogocount - setting activated=1
[   30.220110] devtmpfs: initialized
[   30.220172] device: 'platform': device_add
[   30.220314] bus: 'platform': registered
[   30.220388] bus: 'cpu': registered
[   30.220454] device: 'cpu': device_add
[   30.220543] bus: 'container': registered
[   30.220609] device: 'container': device_add
[   30.223734] bus: 'workqueue': registered
[   30.223807] device: 'workqueue': device_add
[   30.223938] kworker/u8:0 (39) used greatest stack depth: 15104 bytes left
[   30.224108] atomic64_test: passed for x86-64 platform with CX8 and with SSE
[   30.224113] device class 'regulator': registering
[   30.224166] Registering platform device 'reg-dummy'. Parent at platform
[   30.224167] device: 'reg-dummy': device_add
[   30.224171] bus: 'platform': add device reg-dummy
[   30.224198] bus: 'platform': add driver reg-dummy
[   30.224203] bus: 'platform': driver_probe_device: matched device reg-dummy with driver reg-dummy
[   30.224204] bus: 'platform': really_probe: probing driver reg-dummy with device reg-dummy
[   30.224212] device: 'regulator.0': device_add
[   30.224240] regulator-dummy: no parameters
[   30.224251] driver: 'reg-dummy': driver_bound: bound to device 'reg-dummy'
[   30.224253] bus: 'platform': really_probe: bound device reg-dummy to driver reg-dummy
[   30.224389] NET: Registered protocol family 16
[   30.224698] device class 'bdi': registering
[   30.224720] bus: 'platform': add driver ramoops
[   30.224739] device class 'pci_bus': registering
[   30.224765] bus: 'pci': registered
[   30.224768] device class 'backlight': registering
[   30.224782] device class 'tty': registering
[   30.224794] device class 'vtconsole': registering
[   30.224801] device: 'vtcon0': device_add
[   30.224838] bus: 'node': registered
[   30.224840] device: 'node': device_add
[   30.224872] bus: 'i2c': registered
[   30.224876] bus: 'i2c': add driver dummy
[   30.224886] i2c-core: driver [dummy] registered
[   30.224891] cpuidle: using governor ladder
[   30.224894] cpuidle: using governor menu
[   30.224894] ACPI FADT declares the system doesn't support PCIe ASPM, so disable it
[   30.224894] ACPI: bus type PCI registered
[   30.224894] acpiphp: ACPI Hot Plug PCI Controller Driver version: 0.5
[   30.224894] device class 'dmi': registering
[   30.224894] device: 'id': device_add
[   30.224894] PCI: MMCONFIG for domain 0000 [bus 00-3f] at [mem 0xf8000000-0xfbffffff] (base 0xf8000000)
[   30.224894] PCI: not using MMCONFIG
[   30.224894] PCI: Using configuration type 1 for base access
[   30.224894] PCI: Using configuration type 1 for extended access
[   30.224894] device: 'node0': device_add
[   30.224894] bus: 'node': add device node0
[   30.224894] device: 'cpu0': device_add
[   30.224894] bus: 'cpu': add device cpu0
[   30.224894] device: 'cpu1': device_add
[   30.224894] bus: 'cpu': add device cpu1
[   30.224894] device: 'cpu2': device_add
[   30.224894] bus: 'cpu': add device cpu2
[   30.224894] device: 'cpu3': device_add
[   30.224894] bus: 'cpu': add device cpu3
[   30.226922] kworker/u8:0 (40) used greatest stack depth: 15008 bytes left
[   30.227044] kworker/u8:0 (51) used greatest stack depth: 14848 bytes left
[   30.230028] kworker/u8:0 (57) used greatest stack depth: 14176 bytes left
[   30.243450] device: 'writeback': device_add
[   30.243492] bus: 'workqueue': add device writeback
[   30.243603] device: 'default': device_add
[   30.243893] device class 'block': registering
[   30.243893] ACPI: Added _OSI(Module Device)
[   30.243893] ACPI: Added _OSI(Processor Device)
[   30.243893] ACPI: Added _OSI(3.0 _SCP Extensions)
[   30.243893] ACPI: Added _OSI(Processor Aggregator Device)
[   30.245436] 
**** Context Switch from TID 4294967295 to TID 133431296 ****

[   30.245647]     utils-0051 util_eval_error       : Evaluate [\_SB_.PCI0.LPC0.EC0_._GLK]: AE_NOT_FOUND
[   30.246097] Executing  Method       \_SB_.PCI0.LPC0.EC0_._REG
[   30.246875] Executing  Method       \_SB_.PCI0.LPC0.EC0_._REG
[   30.247027] Executing  Method       \_SB_.PCI0.LPC0.EC0_._REG
[   30.247226] Executing  Method       \_SB_.PCI0.LPC0.EC0_._REG
[   30.250388] Initializing Region       \_SB_.OSTY
[   30.250595] Initializing Region       \_SB_.PCI0.NBMS
[   30.250743] Initializing Region       \_SB_.PCI0.NBXP
[   30.250894] Initializing Region       \_SB_.PCI0.K8ST
[   30.251079] Initializing Region       \_SB_.PCI0.BAR1
[   30.251262] Initializing Region       \_SB_.PCI0.PB2_.XPEX
[   30.251410] Initializing Region       \_SB_.PCI0.PB2_.PCFG
[   30.251557] Initializing Region       \_SB_.PCI0.PB2_.XPCB
[   30.251707] Initializing Region       \_SB_.PCI0.PB2_.XPRI
[   30.251858] Initializing Region       \_SB_.PCI0.PB2_.VGA_.PCFG
[   30.252065] Initializing Region       \_SB_.PCI0.PB2_.HDAU.PCFG
[   30.252241] Initializing Region       \_SB_.PCI0.PB3_.XPEX
[   30.252389] Initializing Region       \_SB_.PCI0.PB3_.PCFG
[   30.252536] Initializing Region       \_SB_.PCI0.PB3_.XPCB
[   30.252685] Initializing Region       \_SB_.PCI0.PB3_.XPRI
[   30.252838] Initializing Region       \_SB_.PCI0.PB3_.VGA_.PCFG
[   30.253055] Initializing Region       \_SB_.PCI0.PB3_.HDAU.PCFG
[   30.253221] Initializing Region       \_SB_.PCI0.PB4_.XPEX
[   30.253350] Initializing Region       \_SB_.PCI0.PB4_.PCFG
[   30.253498] Initializing Region       \_SB_.PCI0.PB4_.XPCB
[   30.253646] Initializing Region       \_SB_.PCI0.PB4_.XPRI
[   30.253798] Initializing Region       \_SB_.PCI0.PB4_.XPDV.PCFG
[   30.253960] Initializing Region       \_SB_.PCI0.PB5_.XPEX
[   30.254108] Initializing Region       \_SB_.PCI0.PB5_.PCFG
[   30.254256] Initializing Region       \_SB_.PCI0.PB5_.XPCB
[   30.254404] Initializing Region       \_SB_.PCI0.PB5_.XPRI
[   30.254556] Initializing Region       \_SB_.PCI0.PB5_.XPDV.PCFG
[   30.254717] Initializing Region       \_SB_.PCI0.PB6_.XPEX
[   30.254864] Initializing Region       \_SB_.PCI0.PB6_.PCFG
[   30.255012] Initializing Region       \_SB_.PCI0.PB6_.XPCB
[   30.255160] Initializing Region       \_SB_.PCI0.PB6_.XPRI
[   30.255313] Initializing Region       \_SB_.PCI0.PB6_.XPDV.PCFG
[   30.255475] Initializing Region       \_SB_.PCI0.PB7_.XPEX
[   30.255623] Initializing Region       \_SB_.PCI0.PB7_.PCFG
[   30.255770] Initializing Region       \_SB_.PCI0.PB7_.XPCB
[   30.255919] Initializing Region       \_SB_.PCI0.PB7_.XPRI
[   30.256071] Initializing Region       \_SB_.PCI0.PB7_.XPDV.PCFG
[   30.256484] Initializing Region       \_SB_.PCI0.SATC
[   30.256684] Initializing Region       \_SB_.PCI0.RMEM
[   30.256862] Initializing Region       \_SB_.PCI0.SATA.SATX
[   30.257017] Initializing Region       \_SB_.PCI0.SATA.BAR5
[   30.280220] Initializing Region       \_SB_.PCI0.SMB_.SBRV
[   30.280430] Initializing Region       \_SB_.PCI0.SMB_.PMIO
[   30.280579] Initializing Region       \_SB_.PCI0.SMB_.ERMM
[   30.280857] Initializing Region       \_SB_.PCI0.SMB_.P1E0
[   30.281030] Initializing Region       \_SB_.PCI0.SMB_.ABIO
[   30.281030] Initializing Region       \_SB_.PCI0.SMB_.SMB0
[   30.281030] Initializing Region       \_SB_.PCI0.LPC0.PIRQ
[   30.281030] Initializing Region       \_SB_.PCI0.LPC0.LPCR
[   30.281030] Initializing Region       \_SB_.PCI0.LPC0.LPCS
[   30.281030] Initializing Region       \_SB_.PCI0.LPC0.SMI0
[   30.281089] Initializing Region       \_SB_.PCI0.LPC0.SMI1
[   30.281244] Initializing Region       \_SB_.PCI0.LPC0.EC0_.ECO1
[   30.281392] Initializing Region       \_SB_.PCI0.LPC0.EC0_.ECO2
[   30.281540] Initializing Region       \_SB_.PCI0.LPC0.EC0_.ECMB
[   30.281687] Initializing Region       \_SB_.PCI0.LPC0.EC0_.RAM_
[   30.281944] Initializing Region       \_SB_.PCI0.LPC0.EC0_.CMOS
[   30.282117] Initializing Region       \_SB_.PCI0.LPC0.EC0_.VPC0.ERAM
[   30.282366] Initializing Region       \_SB_.PCI0.SPB0.PCFG
[   30.282561] Initializing Region       \_SB_.PCI0.SPB0.XPCB
[   30.282713] Initializing Region       \_SB_.PCI0.SPB0.XPDV.PCFG
[   30.282875] Initializing Region       \_SB_.PCI0.SPB1.PCFG
[   30.283022] Initializing Region       \_SB_.PCI0.SPB1.XPCB
[   30.283173] Initializing Region       \_SB_.PCI0.SPB1.XPDV.PCFG
[   30.283363] Initializing Region       \_SB_.PCI0.SPB2.PCFG
[   30.283512] Initializing Region       \_SB_.PCI0.SPB2.XPCB
[   30.283663] Initializing Region       \_SB_.PCI0.SPB2.XPDV.PCFG
[   30.283825] Initializing Region       \_SB_.PCI0.SPB3.PCFG
[   30.283973] Initializing Region       \_SB_.PCI0.SPB3.XPCB
[   30.284125] Initializing Region       \_SB_.PCI0.SPB3.XPDV.PCFG
[   30.284443] Initializing Region       \_SB_.PCI0.VGA_.REVD
[   30.284846] Initializing BufferField  \_SB_.AMW0.WLID
[   30.285448] Initializing Region       \DEB2
[   30.285643] Initializing Region       \PMIO
[   30.285790] Initializing Region       \P01_
[   30.285964] Initializing Region       \CNVS
[   30.286158] Initializing Region       \SPRT
[   30.286321] Initializing Region       \CMIO
[   30.286628] Executing  Method       \_SB_._STA
[   30.286802] Executing  Method       \_SB_._INI
[   30.286972] Executing  Method       \_SB_.PCI0._STA
[   30.287142] Executing  Method       \_SB_.PCI0._INI
[   30.287575] [Firmware Bug]: ACPI: BIOS _OSI(Linux) query ignored
[   30.288083] Executing  Method       \_SB_.PCI0.SATA._STA
[   30.288301] Executing  Method       \_SB_.PCI0.SATA._INI
[   30.289375] Executing  Method       \_SB_.PCI0.LPC0.EC0_._REG
[   30.316784] ACPI: Interpreter enabled
[   30.316894] ACPI: (supports S0 S5)
[   30.316960] ACPI: Using IOAPIC for interrupt routing
[   30.317374] PCI: MMCONFIG for domain 0000 [bus 00-3f] at [mem 0xf8000000-0xfbffffff] (base 0xf8000000)
[   30.317429] PCI: MMCONFIG at [mem 0xf8000000-0xfbffffff] reserved in ACPI motherboard resources
[   30.320000] bus: 'acpi': registered
[   30.320045] PCI: Using host bridge windows from ACPI; if necessary, use "pci=nocrs" and report a bug
[   30.320045]      scan-1141 get_device_data       : No context for object [ffffffffffffffff]
[   30.320045]     utils-0051 util_eval_error       : Evaluate [\._STA]: AE_NOT_FOUND
[   30.320045] device: 'LNXSYSTM:00': device_add
[   30.320045] bus: 'acpi': add device LNXSYSTM:00
[   30.320045]     utils-0051 util_eval_error       : Evaluate [\._SUN]: AE_NOT_FOUND
[   30.320054]      scan-1933 add_single_object     : Added LNXSYSTM:00 [\] parent (null)
[   30.320054]      scan-1141 get_device_data       : No context for object [ffff88040d81d000]
[   30.320224]      scan-1141 get_device_data       : No context for object [ffff88040d8377d0]
[   30.320433]      scan-1141 get_device_data       : No context for object [ffff88040d8377f8]
[   30.320642]      scan-1141 get_device_data       : No context for object [ffff88040d837820]
[   30.320828]      scan-1141 get_device_data       : No context for object [ffff88040d837848]
[   30.321037]      scan-1141 get_device_data       : No context for object [ffff88040d837870]
[   30.321246]      scan-1141 get_device_data       : No context for object [ffff88040d837898]
[   30.321456]      scan-1141 get_device_data       : No context for object [ffff88040d8378c0]
[   30.321665]      scan-1141 get_device_data       : No context for object [ffff88040d8378e8]
[   30.321828]      scan-1141 get_device_data       : No context for object [ffff88040d839398]
[   30.322014]      scan-1141 get_device_data       : No context for object [ffff88040d81d028]
[   30.323460]      scan-1141 get_device_data       : No context for object [ffff88040d81d168]
[   30.323460]     utils-0051 util_eval_error       : Evaluate [\_PR_.C000._STA]: AE_NOT_FOUND
[   30.323460]      scan-1141 get_device_data       : No context for object [ffff88040d81d028]
[   30.323460] device: 'LNXCPU:00': device_add
[   30.323460] bus: 'acpi': add device LNXCPU:00
[   30.323460]     utils-0051 util_eval_error       : Evaluate [\_PR_.C000._SUN]: AE_NOT_FOUND
[   30.323463]      scan-1933 add_single_object     : Added LNXCPU:00 [\_PR_.C000] parent LNXSYSTM:00
[   30.323463]      scan-1141 get_device_data       : No context for object [ffff88040d83c398]
[   30.323538]      scan-1141 get_device_data       : No context for object [ffff88040d83c3c0]
[   30.323735]      scan-1141 get_device_data       : No context for object [ffff88040d83c3e8]
[   30.323934]      scan-1141 get_device_data       : No context for object [ffff88040d83c410]
[   30.324132]      scan-1141 get_device_data       : No context for object [ffff88040d83c438]
[   30.326680]      scan-1141 get_device_data       : No context for object [ffff88040d83c460]
[   30.326723]      scan-1141 get_device_data       : No context for object [ffff88040d81d190]
[   30.326723]     utils-0051 util_eval_error       : Evaluate [\_PR_.C001._STA]: AE_NOT_FOUND
[   30.326723]      scan-1141 get_device_data       : No context for object [ffff88040d81d028]
[   30.326723] device: 'LNXCPU:01': device_add
[   30.326723] bus: 'acpi': add device LNXCPU:01
[   30.326723]     utils-0051 util_eval_error       : Evaluate [\_PR_.C001._SUN]: AE_NOT_FOUND
[   30.326730]      scan-1933 add_single_object     : Added LNXCPU:01 [\_PR_.C001] parent LNXSYSTM:00
[   30.326730]      scan-1141 get_device_data       : No context for object [ffff88040d83c488]
[   30.326730]      scan-1141 get_device_data       : No context for object [ffff88040d83c4b0]
[   30.326730]      scan-1141 get_device_data       : No context for object [ffff88040d83c4d8]
[   30.326730]      scan-1141 get_device_data       : No context for object [ffff88040d83c500]
[   30.326730]      scan-1141 get_device_data       : No context for object [ffff88040d83c528]
[   30.326730]      scan-1141 get_device_data       : No context for object [ffff88040d83c550]
[   30.326847]      scan-1141 get_device_data       : No context for object [ffff88040d81d1b8]
[   30.327045]     utils-0051 util_eval_error       : Evaluate [\_PR_.C002._STA]: AE_NOT_FOUND
[   30.327244]      scan-1141 get_device_data       : No context for object [ffff88040d81d028]
[   30.327451] device: 'LNXCPU:02': device_add
[   30.327513] bus: 'acpi': add device LNXCPU:02
[   30.327590]     utils-0051 util_eval_error       : Evaluate [\_PR_.C002._SUN]: AE_NOT_FOUND
[   30.330042]      scan-1933 add_single_object     : Added LNXCPU:02 [\_PR_.C002] parent LNXSYSTM:00
[   30.330042]      scan-1141 get_device_data       : No context for object [ffff88040d83c578]
[   30.330042]      scan-1141 get_device_data       : No context for object [ffff88040d83c5a0]
[   30.330042]      scan-1141 get_device_data       : No context for object [ffff88040d83c5c8]
[   30.330042]      scan-1141 get_device_data       : No context for object [ffff88040d83c5f0]
[   30.330042]      scan-1141 get_device_data       : No context for object [ffff88040d83c618]
[   30.330042]      scan-1141 get_device_data       : No context for object [ffff88040d83c640]
[   30.330042]      scan-1141 get_device_data       : No context for object [ffff88040d81d1e0]
[   30.330042]     utils-0051 util_eval_error       : Evaluate [\_PR_.C003._STA]: AE_NOT_FOUND
[   30.330042]      scan-1141 get_device_data       : No context for object [ffff88040d81d028]
[   30.330042] device: 'LNXCPU:03': device_add
[   30.330042] bus: 'acpi': add device LNXCPU:03
[   30.330042]     utils-0051 util_eval_error       : Evaluate [\_PR_.C003._SUN]: AE_NOT_FOUND
[   30.330055]      scan-1933 add_single_object     : Added LNXCPU:03 [\_PR_.C003] parent LNXSYSTM:00
[   30.330211]      scan-1141 get_device_data       : No context for object [ffff88040d83c668]
[   30.330407]      scan-1141 get_device_data       : No context for object [ffff88040d83c690]
[   30.330603]      scan-1141 get_device_data       : No context for object [ffff88040d83c6b8]
[   30.330780]      scan-1141 get_device_data       : No context for object [ffff88040d83c6e0]
[   30.330976]      scan-1141 get_device_data       : No context for object [ffff88040d83c708]
[   30.331171]      scan-1141 get_device_data       : No context for object [ffff88040d83c730]
[   30.331367]      scan-1141 get_device_data       : No context for object [ffff88040d81d050]
[   30.331563]     utils-0051 util_eval_error       : Evaluate [\_SB_._STA]: AE_NOT_FOUND
[   30.331808] device: 'LNXSYBUS:00': device_add
[   30.331870] bus: 'acpi': add device LNXSYBUS:00
[   30.331947]     utils-0051 util_eval_error       : Evaluate [\_SB_._SUN]: AE_NOT_FOUND
[   30.333346]      scan-1933 add_single_object     : Added LNXSYBUS:00 [\_SB_] parent LNXSYSTM:00
[   30.333346]      scan-1141 get_device_data       : No context for object [ffff88040d81d3c0]
[   30.333346]      scan-1141 get_device_data       : No context for object [ffff88040d81d3e8]
[   30.333346]      scan-1141 get_device_data       : No context for object [ffff88040d81d410]
[   30.333346]      scan-1141 get_device_data       : No context for object [ffff88040d81d438]
[   30.333346]      scan-1141 get_device_data       : No context for object [ffff88040d81d460]
[   30.333346]      scan-1141 get_device_data       : No context for object [ffff88040d81d488]
[   30.333533]      scan-1141 get_device_data       : No context for object [ffff88040d81d4b0]
[   30.333731]      scan-1141 get_device_data       : No context for object [ffff88040d81d5a0]
[   30.333916]     utils-0051 util_eval_error       : Evaluate [\_SB_.PWRB._STA]: AE_NOT_FOUND
[   30.334148] device: 'PNP0C0C:00': device_add
[   30.334211] bus: 'acpi': add device PNP0C0C:00
[   30.334286]     utils-0051 util_eval_error       : Evaluate [\_SB_.PWRB._SUN]: AE_NOT_FOUND
[   30.336676]      scan-1933 add_single_object     : Added PNP0C0C:00 [\_SB_.PWRB] parent LNXSYBUS:00
[   30.336676]      scan-1141 get_device_data       : No context for object [ffff88040d81d5c8]
[   30.336676]      scan-1141 get_device_data       : No context for object [ffff88040d81d5f0]
[   30.336676]     utils-0051 util_eval_error       : Evaluate [\_SB_.PCI0._STA]: AE_NOT_FOUND
[   30.336676] device: 'PNP0A08:00': device_add
[   30.336676] bus: 'acpi': add device PNP0A08:00
[   30.336676]     utils-0051 util_eval_error       : Evaluate [\_SB_.PCI0._SUN]: AE_NOT_FOUND
[   30.336709]      scan-1933 add_single_object     : Added PNP0A08:00 [\_SB_.PCI0] parent LNXSYBUS:00
[   30.336709]      scan-1141 get_device_data       : No context for object [ffff88040d81d618]
[   30.336709]      scan-1141 get_device_data       : No context for object [ffff88040d81d640]
[   30.336867]      scan-1141 get_device_data       : No context for object [ffff88040d81d668]
[   30.337064]      scan-1141 get_device_data       : No context for object [ffff88040d81d690]
[   30.337261]      scan-1141 get_device_data       : No context for object [ffff88040d81d6b8]
[   30.337438]      scan-1141 get_device_data       : No context for object [ffff88040d81d6e0]
[   30.337636]      scan-1141 get_device_data       : No context for object [ffff88040d81d708]
[   30.337833]      scan-1141 get_device_data       : No context for object [ffff88040d81d730]
[   30.338030]      scan-1141 get_device_data       : No context for object [ffff88040d81d758]
[   30.338227]      scan-1141 get_device_data       : No context for object [ffff88040d81d780]
[   30.338405]      scan-1141 get_device_data       : No context for object [ffff88040d81d7a8]
[   30.338602]      scan-1141 get_device_data       : No context for object [ffff88040d81d7d0]
[   30.338799]      scan-1141 get_device_data       : No context for object [ffff88040d81d7f8]
[   30.338996]      scan-1141 get_device_data       : No context for object [ffff88040d81d820]
[   30.339194]      scan-1141 get_device_data       : No context for object [ffff88040d81d848]
[   30.339373]      scan-1141 get_device_data       : No context for object [ffff88040d81d870]
[   30.340002]      scan-1141 get_device_data       : No context for object [ffff88040d81d898]
[   30.340200]      scan-1141 get_device_data       : No context for object [ffff88040d81d8c0]
[   30.340397]      scan-1141 get_device_data       : No context for object [ffff88040d81d8e8]
[   30.340594]      scan-1141 get_device_data       : No context for object [ffff88040d81d910]
[   30.340792]      scan-1141 get_device_data       : No context for object [ffff88040d81d938]
[   30.340989]      scan-1141 get_device_data       : No context for object [ffff88040d81d960]
[   30.341187]      scan-1141 get_device_data       : No context for object [ffff88040d81d988]
[   30.341384]      scan-1141 get_device_data       : No context for object [ffff88040d81d9b0]
[   30.341582]      scan-1141 get_device_data       : No context for object [ffff88040d81d9d8]
[   30.341780]      scan-1141 get_device_data       : No context for object [ffff88040d81da00]
[   30.341977]      scan-1141 get_device_data       : No context for object [ffff88040d81da28]
[   30.342175]      scan-1141 get_device_data       : No context for object [ffff88040d81da50]
[   30.342373]      scan-1141 get_device_data       : No context for object [ffff88040d81da78]
[   30.342570]      scan-1141 get_device_data       : No context for object [ffff88040d81daa0]
[   30.342768]      scan-1141 get_device_data       : No context for object [ffff88040d81dac8]
[   30.342944]      scan-1141 get_device_data       : No context for object [ffff88040d81daf0]
[   30.343142]      scan-1141 get_device_data       : No context for object [ffff88040d81db18]
[   30.343335]      scan-1141 get_device_data       : No context for object [ffff88040d81db40]
[   30.343533]      scan-1141 get_device_data       : No context for object [ffff88040d81db68]
[   30.343730]      scan-1141 get_device_data       : No context for object [ffff88040d81db90]
[   30.343882]      scan-1141 get_device_data       : No context for object [ffff88040d81dbb8]
[   30.344059]      scan-1141 get_device_data       : No context for object [ffff88040d81dbe0]
[   30.344257]      scan-1141 get_device_data       : No context for object [ffff88040d81dc08]
[   30.344454]      scan-1141 get_device_data       : No context for object [ffff88040d81dc30]
[   30.344651]      scan-1141 get_device_data       : No context for object [ffff88040d81dc58]
[   30.344828]      scan-1141 get_device_data       : No context for object [ffff88040d81dc80]
[   30.345027]      scan-1141 get_device_data       : No context for object [ffff88040d81dca8]
[   30.345220]      scan-1141 get_device_data       : No context for object [ffff88040d81dcd0]
[   30.345417]      scan-1141 get_device_data       : No context for object [ffff88040d81dcf8]
[   30.345613]      scan-1141 get_device_data       : No context for object [ffff88040d81dd20]
[   30.345798]      scan-1141 get_device_data       : No context for object [ffff88040d81dd48]
[   30.345995]      scan-1141 get_device_data       : No context for object [ffff88040d81dd70]
[   30.346190]      scan-1141 get_device_data       : No context for object [ffff88040d81dd98]
[   30.346383]      scan-1141 get_device_data       : No context for object [ffff88040d81ddc0]
[   30.346579]      scan-1141 get_device_data       : No context for object [ffff88040d81dde8]
[   30.346795]      scan-1141 get_device_data       : No context for object [ffff88040d81de10]
[   30.346990]      scan-1141 get_device_data       : No context for object [ffff88040d81de38]
[   30.347185]      scan-1141 get_device_data       : No context for object [ffff88040d81de60]
[   30.347380]      scan-1141 get_device_data       : No context for object [ffff88040d81de88]
[   30.347574]      scan-1141 get_device_data       : No context for object [ffff88040d81deb0]
[   30.347771]      scan-1141 get_device_data       : No context for object [ffff88040d81ded8]
[   30.347917]      scan-1141 get_device_data       : No context for object [ffff88040d81df00]
[   30.348094]      scan-1141 get_device_data       : No context for object [ffff88040d81df28]
[   30.348288]      scan-1141 get_device_data       : No context for object [ffff88040d81df50]
[   30.348481]      scan-1141 get_device_data       : No context for object [ffff88040d81df78]
[   30.348676]      scan-1141 get_device_data       : No context for object [ffff88040d81dfa0]
[   30.348853]      scan-1141 get_device_data       : No context for object [ffff88040d81dfc8]
[   30.349047]      scan-1141 get_device_data       : No context for object [ffff88040d822000]
[   30.349242]      scan-1141 get_device_data       : No context for object [ffff88040d822028]
[   30.349436]     utils-0051 util_eval_error       : Evaluate [\_SB_.PCI0.MEMR._STA]: AE_NOT_FOUND
[   30.349666] device: 'PNP0C02:00': device_add
[   30.349728] bus: 'acpi': add device PNP0C02:00
[   30.349804]     utils-0051 util_eval_error       : Evaluate [\_SB_.PCI0.MEMR._SUN]: AE_NOT_FOUND
[   30.350031]      scan-1933 add_single_object     : Added PNP0C02:00 [\_SB_.PCI0.MEMR] parent PNP0A08:00
[   30.350207]      scan-1141 get_device_data       : No context for object [ffff88040d822050]
[   30.350405]      scan-1141 get_device_data       : No context for object [ffff88040d822078]
[   30.350602]      scan-1141 get_device_data       : No context for object [ffff88040d8220a0]
[   30.350800]      scan-1141 get_device_data       : No context for object [ffff88040d8220c8]
[   30.350997]      scan-1141 get_device_data       : No context for object [ffff88040d8220f0]
[   30.351194]      scan-1141 get_device_data       : No context for object [ffff88040d822118]
[   30.351391]      scan-1141 get_device_data       : No context for object [ffff88040d822140]
[   30.351589]      scan-1141 get_device_data       : No context for object [ffff88040d822168]
[   30.351786]      scan-1141 get_device_data       : No context for object [ffff88040d822190]
[   30.351970]      scan-1141 get_device_data       : No context for object [ffff88040d8221b8]
[   30.352168]      scan-1141 get_device_data       : No context for object [ffff88040d8221e0]
[   30.352365]      scan-1141 get_device_data       : No context for object [ffff88040d822208]
[   30.352562]      scan-1141 get_device_data       : No context for object [ffff88040d822230]
[   30.352760]      scan-1141 get_device_data       : No context for object [ffff88040d822258]
[   30.352911]      scan-1141 get_device_data       : No context for object [ffff88040d822280]
[   30.353088]      scan-1141 get_device_data       : No context for object [ffff88040d8222a8]
[   30.353287]     utils-0051 util_eval_error       : Evaluate [\_SB_.PCI0.PB2_._STA]: AE_NOT_FOUND
[   30.353566] device: 'device:00': device_add
[   30.353629] bus: 'acpi': add device device:00
[   30.353703]     utils-0051 util_eval_error       : Evaluate [\_SB_.PCI0.PB2_._SUN]: AE_NOT_FOUND
[   30.353889]      scan-1933 add_single_object     : Added device:00 [\_SB_.PCI0.PB2_] parent PNP0A08:00
[   30.354091]      scan-1141 get_device_data       : No context for object [ffff88040d8222d0]
[   30.354289]      scan-1141 get_device_data       : No context for object [ffff88040d8222f8]
[   30.355505]      scan-1141 get_device_data       : No context for object [ffff88040d822320]
[   30.355702]      scan-1141 get_device_data       : No context for object [ffff88040d822348]
[   30.355879]      scan-1141 get_device_data       : No context for object [ffff88040d822370]
[   30.356077]      scan-1141 get_device_data       : No context for object [ffff88040d822398]
[   30.356274]      scan-1141 get_device_data       : No context for object [ffff88040d8223c0]
[   30.356471]      scan-1141 get_device_data       : No context for object [ffff88040d8223e8]
[   30.356669]      scan-1141 get_device_data       : No context for object [ffff88040d822410]
[   30.356847]      scan-1141 get_device_data       : No context for object [ffff88040d822438]
[   30.357044]      scan-1141 get_device_data       : No context for object [ffff88040d822460]
[   30.357242]      scan-1141 get_device_data       : No context for object [ffff88040d822488]
[   30.357439]      scan-1141 get_device_data       : No context for object [ffff88040d8224b0]
[   30.357637]      scan-1141 get_device_data       : No context for object [ffff88040d8224d8]
[   30.357814]      scan-1141 get_device_data       : No context for object [ffff88040d822500]
[   30.358011]      scan-1141 get_device_data       : No context for object [ffff88040d822528]
[   30.358209]      scan-1141 get_device_data       : No context for object [ffff88040d822550]
[   30.358406]      scan-1141 get_device_data       : No context for object [ffff88040d822578]
[   30.358604]      scan-1141 get_device_data       : No context for object [ffff88040d8225a0]
[   30.358802]      scan-1141 get_device_data       : No context for object [ffff88040d8225c8]
[   30.358999]      scan-1141 get_device_data       : No context for object [ffff88040d8225f0]
[   30.359197]      scan-1141 get_device_data       : No context for object [ffff88040d822618]
[   30.359394]      scan-1141 get_device_data       : No context for object [ffff88040d822640]
[   30.359592]      scan-1141 get_device_data       : No context for object [ffff88040d822668]
[   30.359789]      scan-1141 get_device_data       : No context for object [ffff88040d822690]
[   30.360002]      scan-1141 get_device_data       : No context for object [ffff88040d8226b8]
[   30.360200]      scan-1141 get_device_data       : No context for object [ffff88040d8226e0]
[   30.360397]      scan-1141 get_device_data       : No context for object [ffff88040d822708]
[   30.360594]      scan-1141 get_device_data       : No context for object [ffff88040d822730]
[   30.360790]      scan-1141 get_device_data       : No context for object [ffff88040d822758]
[   30.360986]      scan-1141 get_device_data       : No context for object [ffff88040d822780]
[   30.361185]     utils-0051 util_eval_error       : Evaluate [\_SB_.PCI0.PB2_.VGA_._STA]: AE_NOT_FOUND
[   30.361423] device: 'device:01': device_add
[   30.361532] bus: 'acpi': add device device:01
[   30.361607]     utils-0051 util_eval_error       : Evaluate [\_SB_.PCI0.PB2_.VGA_._SUN]: AE_NOT_FOUND
[   30.363363]      scan-1933 add_single_object     : Added device:01 [\_SB_.PCI0.PB2_.VGA_] parent device:00
[   30.363363]      scan-1141 get_device_data       : No context for object [ffff88040d8227a8]
[   30.363363]      scan-1141 get_device_data       : No context for object [ffff88040d8227d0]
[   30.363363]      scan-1141 get_device_data       : No context for object [ffff88040d8227f8]
[   30.363363]      scan-1141 get_device_data       : No context for object [ffff88040d822820]
[   30.363363]      scan-1141 get_device_data       : No context for object [ffff88040d822848]
[   30.363363]      scan-1141 get_device_data       : No context for object [ffff88040d822870]
[   30.363363]      scan-1141 get_device_data       : No context for object [ffff88040d822898]
[   30.363363]      scan-1141 get_device_data       : No context for object [ffff88040d8228c0]
[   30.363530]      scan-1141 get_device_data       : No context for object [ffff88040d8228e8]
[   30.363725]      scan-1141 get_device_data       : No context for object [ffff88040d822910]
[   30.363908]      scan-1141 get_device_data       : No context for object [ffff88040d822938]
[   30.364104]      scan-1141 get_device_data       : No context for object [ffff88040d822960]
[   30.364299]      scan-1141 get_device_data       : No context for object [ffff88040d822988]
[   30.364494]      scan-1141 get_device_data       : No context for object [ffff88040d8229b0]
[   30.364687]      scan-1141 get_device_data       : No context for object [ffff88040d8229d8]
[   30.364835]      scan-1141 get_device_data       : No context for object [ffff88040d822a00]
[   30.365012]      scan-1141 get_device_data       : No context for object [ffff88040d822a28]
[   30.365207]      scan-1141 get_device_data       : No context for object [ffff88040d822a50]
[   30.365401]      scan-1141 get_device_data       : No context for object [ffff88040d822a78]
[   30.365597]      scan-1141 get_device_data       : No context for object [ffff88040d822aa0]
[   30.365774]      scan-1141 get_device_data       : No context for object [ffff88040d822ac8]
[   30.365969]      scan-1141 get_device_data       : No context for object [ffff88040d822af0]
[   30.366165]      scan-1141 get_device_data       : No context for object [ffff88040d822b18]
[   30.366361]      scan-1141 get_device_data       : No context for object [ffff88040d822b40]
[   30.366557]      scan-1141 get_device_data       : No context for object [ffff88040d822b68]
[   30.366797]      scan-1141 get_device_data       : No context for object [ffff88040d822b90]
[   30.366995]      scan-1141 get_device_data       : No context for object [ffff88040d822bb8]
[   30.367192]      scan-1141 get_device_data       : No context for object [ffff88040d822be0]
[   30.367390]      scan-1141 get_device_data       : No context for object [ffff88040d822c08]
[   30.367587]      scan-1141 get_device_data       : No context for object [ffff88040d822c30]
[   30.367785]      scan-1141 get_device_data       : No context for object [ffff88040d822c58]
[   30.367982]      scan-1141 get_device_data       : No context for object [ffff88040d822c80]
[   30.368181]      scan-1141 get_device_data       : No context for object [ffff88040d822ca8]
[   30.368378]      scan-1141 get_device_data       : No context for object [ffff88040d822cd0]
[   30.368576]      scan-1141 get_device_data       : No context for object [ffff88040d822cf8]
[   30.368773]      scan-1141 get_device_data       : No context for object [ffff88040d822d20]
[   30.368950]      scan-1141 get_device_data       : No context for object [ffff88040d822d48]
[   30.369147]      scan-1141 get_device_data       : No context for object [ffff88040d822d70]
[   30.369345]      scan-1141 get_device_data       : No context for object [ffff88040d822d98]
[   30.369542]      scan-1141 get_device_data       : No context for object [ffff88040d837438]
[   30.369739]      scan-1141 get_device_data       : No context for object [ffff88040d822dc0]
[   30.369891]     utils-0051 util_eval_error       : Evaluate [\_SB_.PCI0.PB2_.HDAU._STA]: AE_NOT_FOUND
[   30.370036] device: 'device:02': device_add
[   30.370148] bus: 'acpi': add device device:02
[   30.370224]     utils-0051 util_eval_error       : Evaluate [\_SB_.PCI0.PB2_.HDAU._SUN]: AE_NOT_FOUND
[   30.370431]      scan-1933 add_single_object     : Added device:02 [\_SB_.PCI0.PB2_.HDAU] parent device:00
[   30.370633]      scan-1141 get_device_data       : No context for object [ffff88040d822de8]
[   30.370811]      scan-1141 get_device_data       : No context for object [ffff88040d822e10]
[   30.371008]      scan-1141 get_device_data       : No context for object [ffff88040d822e38]
[   30.371206]      scan-1141 get_device_data       : No context for object [ffff88040d822e60]
[   30.371403]      scan-1141 get_device_data       : No context for object [ffff88040d822e88]
[   30.371601]      scan-1141 get_device_data       : No context for object [ffff88040d822eb0]
[   30.371778]      scan-1141 get_device_data       : No context for object [ffff88040d822ed8]
[   30.371977]     utils-0051 util_eval_error       : Evaluate [\_SB_.PCI0.PB3_._STA]: AE_NOT_FOUND
[   30.372271] device: 'device:03': device_add
[   30.372334] bus: 'acpi': add device device:03
[   30.372410]     utils-0051 util_eval_error       : Evaluate [\_SB_.PCI0.PB3_._SUN]: AE_NOT_FOUND
[   30.373346]      scan-1933 add_single_object     : Added device:03 [\_SB_.PCI0.PB3_] parent PNP0A08:00
[   30.373346]      scan-1141 get_device_data       : No context for object [ffff88040d822f00]
[   30.373346]      scan-1141 get_device_data       : No context for object [ffff88040d822f28]
[   30.373535]      scan-1141 get_device_data       : No context for object [ffff88040d822f50]
[   30.373733]      scan-1141 get_device_data       : No context for object [ffff88040d822f78]
[   30.373931]      scan-1141 get_device_data       : No context for object [ffff88040d822fa0]
[   30.374108]      scan-1141 get_device_data       : No context for object [ffff88040d822fc8]
[   30.374305]      scan-1141 get_device_data       : No context for object [ffff88040d823000]
[   30.374502]      scan-1141 get_device_data       : No context for object [ffff88040d823028]
[   30.374700]      scan-1141 get_device_data       : No context for object [ffff88040d823050]
[   30.374898]      scan-1141 get_device_data       : No context for object [ffff88040d823078]
[   30.375075]      scan-1141 get_device_data       : No context for object [ffff88040d8230a0]
[   30.375273]      scan-1141 get_device_data       : No context for object [ffff88040d8230c8]
[   30.375470]      scan-1141 get_device_data       : No context for object [ffff88040d8230f0]
[   30.375668]      scan-1141 get_device_data       : No context for object [ffff88040d823118]
[   30.375861]      scan-1141 get_device_data       : No context for object [ffff88040d823140]
[   30.376829]      scan-1141 get_device_data       : No context for object [ffff88040d823168]
[   30.377027]      scan-1141 get_device_data       : No context for object [ffff88040d823190]
[   30.377224]      scan-1141 get_device_data       : No context for object [ffff88040d8231b8]
[   30.377422]      scan-1141 get_device_data       : No context for object [ffff88040d8231e0]
[   30.377619]      scan-1141 get_device_data       : No context for object [ffff88040d823208]
[   30.377817]      scan-1141 get_device_data       : No context for object [ffff88040d823230]
[   30.378014]      scan-1141 get_device_data       : No context for object [ffff88040d823258]
[   30.378212]      scan-1141 get_device_data       : No context for object [ffff88040d823280]
[   30.378409]      scan-1141 get_device_data       : No context for object [ffff88040d8232a8]
[   30.378607]      scan-1141 get_device_data       : No context for object [ffff88040d8232d0]
[   30.378804]      scan-1141 get_device_data       : No context for object [ffff88040d8232f8]
[   30.379003]      scan-1141 get_device_data       : No context for object [ffff88040d823320]
[   30.379198]      scan-1141 get_device_data       : No context for object [ffff88040d823348]
[   30.379393]      scan-1141 get_device_data       : No context for object [ffff88040d823370]
[   30.379587]      scan-1141 get_device_data       : No context for object [ffff88040d823398]
[   30.379781]      scan-1141 get_device_data       : No context for object [ffff88040d8233c0]
[   30.379931]     utils-0051 util_eval_error       : Evaluate [\_SB_.PCI0.PB3_.VGA_._STA]: AE_NOT_FOUND
[   30.380140]     video-0058 backlight_cap_match   : Found generic backlight support
[   30.380347] device: 'LNXVIDEO:00': device_add
[   30.380409] bus: 'acpi': add device LNXVIDEO:00
[   30.380487]     utils-0051 util_eval_error       : Evaluate [\_SB_.PCI0.PB3_.VGA_._SUN]: AE_NOT_FOUND
[   30.380694]      scan-1933 add_single_object     : Added LNXVIDEO:00 [\_SB_.PCI0.PB3_.VGA_] parent device:03
[   30.380879]      scan-1141 get_device_data       : No context for object [ffff88040d8233e8]
[   30.381074]      scan-1141 get_device_data       : No context for object [ffff88040d823410]
[   30.381268]      scan-1141 get_device_data       : No context for object [ffff88040d823438]
[   30.381462]      scan-1141 get_device_data       : No context for object [ffff88040d823460]
[   30.381656]      scan-1141 get_device_data       : No context for object [ffff88040d823488]
[   30.381833]      scan-1141 get_device_data       : No context for object [ffff88040d8234b0]
[   30.382028]      scan-1141 get_device_data       : No context for object [ffff88040d8234d8]
[   30.382222]      scan-1141 get_device_data       : No context for object [ffff88040d823500]
[   30.382418]      scan-1141 get_device_data       : No context for object [ffff88040d823528]
[   30.382614]      scan-1141 get_device_data       : No context for object [ffff88040d823550]
[   30.382810]      scan-1141 get_device_data       : No context for object [ffff88040d823578]
[   30.383004]      scan-1141 get_device_data       : No context for object [ffff88040d8235a0]
[   30.383198]      scan-1141 get_device_data       : No context for object [ffff88040d8235c8]
[   30.383336]      scan-1141 get_device_data       : No context for object [ffff88040d8235f0]
[   30.383534]      scan-1141 get_device_data       : No context for object [ffff88040d823618]
[   30.383731]      scan-1141 get_device_data       : No context for object [ffff88040d823640]
[   30.383909]      scan-1141 get_device_data       : No context for object [ffff88040d823668]
[   30.384106]      scan-1141 get_device_data       : No context for object [ffff88040d823690]
[   30.384303]      scan-1141 get_device_data       : No context for object [ffff88040d8236b8]
[   30.384501]      scan-1141 get_device_data       : No context for object [ffff88040d8236e0]
[   30.384698]      scan-1141 get_device_data       : No context for object [ffff88040d823708]
[   30.384850]      scan-1141 get_device_data       : No context for object [ffff88040d823730]
[   30.385027]      scan-1141 get_device_data       : No context for object [ffff88040d823758]
[   30.385224]      scan-1141 get_device_data       : No context for object [ffff88040d823780]
[   30.385422]      scan-1141 get_device_data       : No context for object [ffff88040d8237a8]
[   30.385619]      scan-1141 get_device_data       : No context for object [ffff88040d8237d0]
[   30.385796]      scan-1141 get_device_data       : No context for object [ffff88040d8237f8]
[   30.385993]      scan-1141 get_device_data       : No context for object [ffff88040d823820]
[   30.386191]      scan-1141 get_device_data       : No context for object [ffff88040d823848]
[   30.386388]      scan-1141 get_device_data       : No context for object [ffff88040d823870]
[   30.386585]      scan-1141 get_device_data       : No context for object [ffff88040d823898]
[   30.386814]      scan-1141 get_device_data       : No context for object [ffff88040d8238c0]
[   30.387012]      scan-1141 get_device_data       : No context for object [ffff88040d8238e8]
[   30.387209]      scan-1141 get_device_data       : No context for object [ffff88040d823910]
[   30.387406]      scan-1141 get_device_data       : No context for object [ffff88040d823938]
[   30.387604]      scan-1141 get_device_data       : No context for object [ffff88040d823960]
[   30.387801]      scan-1141 get_device_data       : No context for object [ffff88040d823988]
[   30.387998]      scan-1141 get_device_data       : No context for object [ffff88040d8239b0]
[   30.388195]      scan-1141 get_device_data       : No context for object [ffff88040d8239d8]
[   30.388392]      scan-1141 get_device_data       : No context for object [ffff88040d837460]
[   30.388589]      scan-1141 get_device_data       : No context for object [ffff88040d83ac08]
[   30.388787]      scan-1141 get_device_data       : No context for object [ffff88040d83ac30]
[   30.388984]      scan-1141 get_device_data       : No context for object [ffff88040d83ac58]
[   30.389183]     utils-0051 util_eval_error       : Evaluate [\_SB_.PCI0.PB3_.VGA_.CRT_._STA]: AE_NOT_FOUND
[   30.389426] device: 'device:04': device_add
[   30.389536] bus: 'acpi': add device device:04
[   30.389611]     utils-0051 util_eval_error       : Evaluate [\_SB_.PCI0.PB3_.VGA_.CRT_._SUN]: AE_NOT_FOUND
[   30.390029]      scan-1933 add_single_object     : Added device:04 [\_SB_.PCI0.PB3_.VGA_.CRT_] parent LNXVIDEO:00
[   30.390029]      scan-1141 get_device_data       : No context for object [ffff88040d83ac80]
[   30.390203]      scan-1141 get_device_data       : No context for object [ffff88040d83aca8]
[   30.390401]      scan-1141 get_device_data       : No context for object [ffff88040d83acd0]
[   30.390598]      scan-1141 get_device_data       : No context for object [ffff88040d83acf8]
[   30.390795]      scan-1141 get_device_data       : No context for object [ffff88040d83ad20]
[   30.390993]     utils-0051 util_eval_error       : Evaluate [\_SB_.PCI0.PB3_.VGA_.LCD_._STA]: AE_NOT_FOUND
[   30.391237] device: 'device:05': device_add
[   30.391347] bus: 'acpi': add device device:05
[   30.391422]     utils-0051 util_eval_error       : Evaluate [\_SB_.PCI0.PB3_.VGA_.LCD_._SUN]: AE_NOT_FOUND
[   30.393346]      scan-1933 add_single_object     : Added device:05 [\_SB_.PCI0.PB3_.VGA_.LCD_] parent LNXVIDEO:00
[   30.393346]      scan-1141 get_device_data       : No context for object [ffff88040d83ad48]
[   30.393346]      scan-1141 get_device_data       : No context for object [ffff88040d83ad70]
[   30.393346]      scan-1141 get_device_data       : No context for object [ffff88040d83ad98]
[   30.393346]      scan-1141 get_device_data       : No context for object [ffff88040d83adc0]
[   30.393534]      scan-1141 get_device_data       : No context for object [ffff88040d83ade8]
[   30.393711]      scan-1141 get_device_data       : No context for object [ffff88040d83ae10]
[   30.393908]      scan-1141 get_device_data       : No context for object [ffff88040d83ae38]
[   30.394106]      scan-1141 get_device_data       : No context for object [ffff88040d83ae60]
[   30.394305]     utils-0051 util_eval_error       : Evaluate [\_SB_.PCI0.PB3_.VGA_.TV0_._STA]: AE_NOT_FOUND
[   30.394538] device: 'device:06': device_add
[   30.394600] bus: 'acpi': add device device:06
[   30.394678]     utils-0051 util_eval_error       : Evaluate [\_SB_.PCI0.PB3_.VGA_.TV0_._SUN]: AE_NOT_FOUND
[   30.396696]      scan-1933 add_single_object     : Added device:06 [\_SB_.PCI0.PB3_.VGA_.TV0_] parent LNXVIDEO:00
[   30.396696]      scan-1141 get_device_data       : No context for object [ffff88040d83ae88]
[   30.396696]      scan-1141 get_device_data       : No context for object [ffff88040d83aeb0]
[   30.396696]      scan-1141 get_device_data       : No context for object [ffff88040d83aed8]
[   30.396696]      scan-1141 get_device_data       : No context for object [ffff88040d83af00]
[   30.396696]      scan-1141 get_device_data       : No context for object [ffff88040d83af28]
[   30.396696]     utils-0051 util_eval_error       : Evaluate [\_SB_.PCI0.PB3_.VGA_.HDMI._STA]: AE_NOT_FOUND
[   30.396696] device: 'device:07': device_add
[   30.396696] bus: 'acpi': add device device:07
[   30.396696]     utils-0051 util_eval_error       : Evaluate [\_SB_.PCI0.PB3_.VGA_.HDMI._SUN]: AE_NOT_FOUND
[   30.396721]      scan-1933 add_single_object     : Added device:07 [\_SB_.PCI0.PB3_.VGA_.HDMI] parent LNXVIDEO:00
[   30.396831]      scan-1141 get_device_data       : No context for object [ffff88040d83af50]
[   30.397009]      scan-1141 get_device_data       : No context for object [ffff88040d83af78]
[   30.397204]      scan-1141 get_device_data       : No context for object [ffff88040d83afa0]
[   30.397399]      scan-1141 get_device_data       : No context for object [ffff88040d83afc8]
[   30.397593]      scan-1141 get_device_data       : No context for object [ffff88040d823a00]
[   30.397777]     utils-0051 util_eval_error       : Evaluate [\_SB_.PCI0.PB3_.HDAU._STA]: AE_NOT_FOUND
[   30.398007] device: 'device:08': device_add
[   30.398069] bus: 'acpi': add device device:08
[   30.398142]     utils-0051 util_eval_error       : Evaluate [\_SB_.PCI0.PB3_.HDAU._SUN]: AE_NOT_FOUND
[   30.400013]      scan-1933 add_single_object     : Added device:08 [\_SB_.PCI0.PB3_.HDAU] parent device:03
[   30.400013]      scan-1141 get_device_data       : No context for object [ffff88040d823a28]
[   30.400013]      scan-1141 get_device_data       : No context for object [ffff88040d823a50]
[   30.400013]      scan-1141 get_device_data       : No context for object [ffff88040d823a78]
[   30.400013]      scan-1141 get_device_data       : No context for object [ffff88040d823aa0]
[   30.400013]      scan-1141 get_device_data       : No context for object [ffff88040d823ac8]
[   30.400013]      scan-1141 get_device_data       : No context for object [ffff88040d823af0]
[   30.400013]      scan-1141 get_device_data       : No context for object [ffff88040d823b18]
[   30.400013]     utils-0051 util_eval_error       : Evaluate [\_SB_.PCI0.PB4_._STA]: AE_NOT_FOUND
[   30.400099] device: 'device:09': device_add
[   30.400162] bus: 'acpi': add device device:09
[   30.400239]     utils-0051 util_eval_error       : Evaluate [\_SB_.PCI0.PB4_._SUN]: AE_NOT_FOUND
[   30.400447]      scan-1933 add_single_object     : Added device:09 [\_SB_.PCI0.PB4_] parent PNP0A08:00
[   30.400649]      scan-1141 get_device_data       : No context for object [ffff88040d823b40]
[   30.400827]      scan-1141 get_device_data       : No context for object [ffff88040d823b68]
[   30.401024]      scan-1141 get_device_data       : No context for object [ffff88040d823b90]
[   30.401221]      scan-1141 get_device_data       : No context for object [ffff88040d823bb8]
[   30.401419]      scan-1141 get_device_data       : No context for object [ffff88040d823be0]
[   30.401616]      scan-1141 get_device_data       : No context for object [ffff88040d823c08]
[   30.401793]      scan-1141 get_device_data       : No context for object [ffff88040d823c30]
[   30.401991]      scan-1141 get_device_data       : No context for object [ffff88040d823c58]
[   30.402188]      scan-1141 get_device_data       : No context for object [ffff88040d823c80]
[   30.402386]      scan-1141 get_device_data       : No context for object [ffff88040d823ca8]
[   30.402583]      scan-1141 get_device_data       : No context for object [ffff88040d823cd0]
[   30.402760]      scan-1141 get_device_data       : No context for object [ffff88040d823cf8]
[   30.402958]      scan-1141 get_device_data       : No context for object [ffff88040d823d20]
[   30.403156]      scan-1141 get_device_data       : No context for object [ffff88040d823d48]
[   30.403336]      scan-1141 get_device_data       : No context for object [ffff88040d823d70]
[   30.403534]      scan-1141 get_device_data       : No context for object [ffff88040d823d98]
[   30.403731]      scan-1141 get_device_data       : No context for object [ffff88040d823dc0]
[   30.403929]      scan-1141 get_device_data       : No context for object [ffff88040d823de8]
[   30.404126]      scan-1141 get_device_data       : No context for object [ffff88040d823e10]
[   30.404324]      scan-1141 get_device_data       : No context for object [ffff88040d823e38]
[   30.404521]      scan-1141 get_device_data       : No context for object [ffff88040d823e60]
[   30.404719]      scan-1141 get_device_data       : No context for object [ffff88040d823e88]
[   30.404917]      scan-1141 get_device_data       : No context for object [ffff88040d823eb0]
[   30.405115]      scan-1141 get_device_data       : No context for object [ffff88040d823ed8]
[   30.405312]      scan-1141 get_device_data       : No context for object [ffff88040d823f00]
[   30.405510]      scan-1141 get_device_data       : No context for object [ffff88040d823f28]
[   30.405707]      scan-1141 get_device_data       : No context for object [ffff88040d823f50]
[   30.405905]      scan-1141 get_device_data       : No context for object [ffff88040d823f78]
[   30.406102]      scan-1141 get_device_data       : No context for object [ffff88040d823fa0]
[   30.406300]      scan-1141 get_device_data       : No context for object [ffff88040d823fc8]
[   30.406497]      scan-1141 get_device_data       : No context for object [ffff88040d825000]
[   30.406670]     utils-0051 util_eval_error       : Evaluate [\_SB_.PCI0.PB4_.XPDV._STA]: AE_NOT_FOUND
[   30.406882] device: 'device:0a': device_add
[   30.406945] bus: 'acpi': add device device:0a
[   30.407020]     utils-0051 util_eval_error       : Evaluate [\_SB_.PCI0.PB4_.XPDV._SUN]: AE_NOT_FOUND
[   30.407226]      scan-1933 add_single_object     : Added device:0a [\_SB_.PCI0.PB4_.XPDV] parent device:09
[   30.407428]      scan-1141 get_device_data       : No context for object [ffff88040d825028]
[   30.407626]      scan-1141 get_device_data       : No context for object [ffff88040d825050]
[   30.407777]      scan-1141 get_device_data       : No context for object [ffff88040d825078]
[   30.407953]      scan-1141 get_device_data       : No context for object [ffff88040d8250a0]
[   30.408151]      scan-1141 get_device_data       : No context for object [ffff88040d8250c8]
[   30.408348]      scan-1141 get_device_data       : No context for object [ffff88040d837500]
[   30.408546]      scan-1141 get_device_data       : No context for object [ffff88040d8250f0]
[   30.408723]      scan-1141 get_device_data       : No context for object [ffff88040d825118]
[   30.408922]     utils-0051 util_eval_error       : Evaluate [\_SB_.PCI0.PB5_._STA]: AE_NOT_FOUND
[   30.409215] device: 'device:0b': device_add
[   30.409278] bus: 'acpi': add device device:0b
[   30.409353]     utils-0051 util_eval_error       : Evaluate [\_SB_.PCI0.PB5_._SUN]: AE_NOT_FOUND
[   30.410028]      scan-1933 add_single_object     : Added device:0b [\_SB_.PCI0.PB5_] parent PNP0A08:00
[   30.410028]      scan-1141 get_device_data       : No context for object [ffff88040d825140]
[   30.413336]      scan-1141 get_device_data       : No context for object [ffff88040d825168]
[   30.413535]      scan-1141 get_device_data       : No context for object [ffff88040d825190]
[   30.413732]      scan-1141 get_device_data       : No context for object [ffff88040d8251b8]
[   30.413930]      scan-1141 get_device_data       : No context for object [ffff88040d8251e0]
[   30.414107]      scan-1141 get_device_data       : No context for object [ffff88040d825208]
[   30.414304]      scan-1141 get_device_data       : No context for object [ffff88040d825230]
[   30.414502]      scan-1141 get_device_data       : No context for object [ffff88040d825258]
[   30.414697]      scan-1141 get_device_data       : No context for object [ffff88040d825280]
[   30.414893]      scan-1141 get_device_data       : No context for object [ffff88040d8252a8]
[   30.415080]      scan-1141 get_device_data       : No context for object [ffff88040d8252d0]
[   30.415277]      scan-1141 get_device_data       : No context for object [ffff88040d8252f8]
[   30.415472]      scan-1141 get_device_data       : No context for object [ffff88040d825320]
[   30.415472]      scan-1141 get_device_data       : No context for object [ffff88040d825348]
[   30.415472]      scan-1141 get_device_data       : No context for object [ffff88040d825370]
[   30.415472]      scan-1141 get_device_data       : No context for object [ffff88040d825398]
[   30.415472]      scan-1141 get_device_data       : No context for object [ffff88040d8253c0]
[   30.415472]      scan-1141 get_device_data       : No context for object [ffff88040d8253e8]
[   30.415472]      scan-1141 get_device_data       : No context for object [ffff88040d825410]
[   30.415472]      scan-1141 get_device_data       : No context for object [ffff88040d825438]
[   30.415472]      scan-1141 get_device_data       : No context for object [ffff88040d825460]
[   30.415472]      scan-1141 get_device_data       : No context for object [ffff88040d825488]
[   30.415472]      scan-1141 get_device_data       : No context for object [ffff88040d8254b0]
[   30.415472]      scan-1141 get_device_data       : No context for object [ffff88040d8254d8]
[   30.415472]      scan-1141 get_device_data       : No context for object [ffff88040d825500]
[   30.415658]      scan-1141 get_device_data       : No context for object [ffff88040d825528]
[   30.415807]      scan-1141 get_device_data       : No context for object [ffff88040d825550]
[   30.415984]      scan-1141 get_device_data       : No context for object [ffff88040d825578]
[   30.416180]      scan-1141 get_device_data       : No context for object [ffff88040d8255a0]
[   30.416375]      scan-1141 get_device_data       : No context for object [ffff88040d8255c8]
[   30.416570]      scan-1141 get_device_data       : No context for object [ffff88040d8255f0]
[   30.416812]     utils-0051 util_eval_error       : Evaluate [\_SB_.PCI0.PB5_.XPDV._STA]: AE_NOT_FOUND
[   30.417045] device: 'device:0c': device_add
[   30.417108] bus: 'acpi': add device device:0c
[   30.417185]     utils-0051 util_eval_error       : Evaluate [\_SB_.PCI0.PB5_.XPDV._SUN]: AE_NOT_FOUND
[   30.417392]      scan-1933 add_single_object     : Added device:0c [\_SB_.PCI0.PB5_.XPDV] parent device:0b
[   30.417595]      scan-1141 get_device_data       : No context for object [ffff88040d825618]
[   30.417792]      scan-1141 get_device_data       : No context for object [ffff88040d825640]
[   30.417989]      scan-1141 get_device_data       : No context for object [ffff88040d825668]
[   30.418187]      scan-1141 get_device_data       : No context for object [ffff88040d825690]
[   30.418384]      scan-1141 get_device_data       : No context for object [ffff88040d8256b8]
[   30.418581]      scan-1141 get_device_data       : No context for object [ffff88040d837528]
[   30.418779]      scan-1141 get_device_data       : No context for object [ffff88040d8256e0]
[   30.418977]      scan-1141 get_device_data       : No context for object [ffff88040d825708]
[   30.419176]     utils-0051 util_eval_error       : Evaluate [\_SB_.PCI0.PB6_._STA]: AE_NOT_FOUND
[   30.419472] device: 'device:0d': device_add
[   30.419535] bus: 'acpi': add device device:0d
[   30.419610]     utils-0051 util_eval_error       : Evaluate [\_SB_.PCI0.PB6_._SUN]: AE_NOT_FOUND
[   30.420011]      scan-1933 add_single_object     : Added device:0d [\_SB_.PCI0.PB6_] parent PNP0A08:00
[   30.420011]      scan-1141 get_device_data       : No context for object [ffff88040d825730]
[   30.420204]      scan-1141 get_device_data       : No context for object [ffff88040d825758]
[   30.420402]      scan-1141 get_device_data       : No context for object [ffff88040d825780]
[   30.420599]      scan-1141 get_device_data       : No context for object [ffff88040d8257a8]
[   30.420793]      scan-1141 get_device_data       : No context for object [ffff88040d8257d0]
[   30.420991]      scan-1141 get_device_data       : No context for object [ffff88040d8257f8]
[   30.421189]      scan-1141 get_device_data       : No context for object [ffff88040d825820]
[   30.421386]      scan-1141 get_device_data       : No context for object [ffff88040d825848]
[   30.421583]      scan-1141 get_device_data       : No context for object [ffff88040d825870]
[   30.421780]      scan-1141 get_device_data       : No context for object [ffff88040d825898]
[   30.421977]      scan-1141 get_device_data       : No context for object [ffff88040d8258c0]
[   30.422175]      scan-1141 get_device_data       : No context for object [ffff88040d8258e8]
[   30.422372]      scan-1141 get_device_data       : No context for object [ffff88040d825910]
[   30.422570]      scan-1141 get_device_data       : No context for object [ffff88040d825938]
[   30.422768]      scan-1141 get_device_data       : No context for object [ffff88040d825960]
[   30.422966]      scan-1141 get_device_data       : No context for object [ffff88040d825988]
[   30.423163]      scan-1141 get_device_data       : No context for object [ffff88040d8259b0]
[   30.423336]      scan-1141 get_device_data       : No context for object [ffff88040d8259d8]
[   30.423532]      scan-1141 get_device_data       : No context for object [ffff88040d825a00]
[   30.423728]      scan-1141 get_device_data       : No context for object [ffff88040d825a28]
[   30.423909]      scan-1141 get_device_data       : No context for object [ffff88040d825a50]
[   30.424107]      scan-1141 get_device_data       : No context for object [ffff88040d825a78]
[   30.424305]      scan-1141 get_device_data       : No context for object [ffff88040d825aa0]
[   30.424502]      scan-1141 get_device_data       : No context for object [ffff88040d825ac8]
[   30.424700]      scan-1141 get_device_data       : No context for object [ffff88040d825af0]
[   30.424851]      scan-1141 get_device_data       : No context for object [ffff88040d825b18]
[   30.425028]      scan-1141 get_device_data       : No context for object [ffff88040d825b40]
[   30.425225]      scan-1141 get_device_data       : No context for object [ffff88040d825b68]
[   30.425423]      scan-1141 get_device_data       : No context for object [ffff88040d825b90]
[   30.425620]      scan-1141 get_device_data       : No context for object [ffff88040d825bb8]
[   30.425798]      scan-1141 get_device_data       : No context for object [ffff88040d825be0]
[   30.425996]     utils-0051 util_eval_error       : Evaluate [\_SB_.PCI0.PB6_.XPDV._STA]: AE_NOT_FOUND
[   30.426228] device: 'device:0e': device_add
[   30.426291] bus: 'acpi': add device device:0e
[   30.426366]     utils-0051 util_eval_error       : Evaluate [\_SB_.PCI0.PB6_.XPDV._SUN]: AE_NOT_FOUND
[   30.426679]      scan-1933 add_single_object     : Added device:0e [\_SB_.PCI0.PB6_.XPDV] parent device:0d
[   30.426828]      scan-1141 get_device_data       : No context for object [ffff88040d825c08]
[   30.427026]      scan-1141 get_device_data       : No context for object [ffff88040d825c30]
[   30.427224]      scan-1141 get_device_data       : No context for object [ffff88040d825c58]
[   30.427421]      scan-1141 get_device_data       : No context for object [ffff88040d825c80]
[   30.427618]      scan-1141 get_device_data       : No context for object [ffff88040d825ca8]
[   30.427815]      scan-1141 get_device_data       : No context for object [ffff88040d837550]
[   30.428013]      scan-1141 get_device_data       : No context for object [ffff88040d825cd0]
[   30.428211]      scan-1141 get_device_data       : No context for object [ffff88040d825cf8]
[   30.428411]     utils-0051 util_eval_error       : Evaluate [\_SB_.PCI0.PB7_._STA]: AE_NOT_FOUND
[   30.429674] device: 'device:0f': device_add
[   30.429736] bus: 'acpi': add device device:0f
[   30.429812]     utils-0051 util_eval_error       : Evaluate [\_SB_.PCI0.PB7_._SUN]: AE_NOT_FOUND
[   30.430029]      scan-1933 add_single_object     : Added device:0f [\_SB_.PCI0.PB7_] parent PNP0A08:00
[   30.430205]      scan-1141 get_device_data       : No context for object [ffff88040d825d20]
[   30.430400]      scan-1141 get_device_data       : No context for object [ffff88040d825d48]
[   30.430596]      scan-1141 get_device_data       : No context for object [ffff88040d825d70]
[   30.430791]      scan-1141 get_device_data       : No context for object [ffff88040d825d98]
[   30.430968]      scan-1141 get_device_data       : No context for object [ffff88040d825dc0]
[   30.431162]      scan-1141 get_device_data       : No context for object [ffff88040d825de8]
[   30.431357]      scan-1141 get_device_data       : No context for object [ffff88040d825e10]
[   30.431552]      scan-1141 get_device_data       : No context for object [ffff88040d825e38]
[   30.431746]      scan-1141 get_device_data       : No context for object [ffff88040d825e60]
[   30.431895]      scan-1141 get_device_data       : No context for object [ffff88040d825e88]
[   30.432072]      scan-1141 get_device_data       : No context for object [ffff88040d825eb0]
[   30.432265]      scan-1141 get_device_data       : No context for object [ffff88040d825ed8]
[   30.432460]      scan-1141 get_device_data       : No context for object [ffff88040d825f00]
[   30.432655]      scan-1141 get_device_data       : No context for object [ffff88040d825f28]
[   30.432832]      scan-1141 get_device_data       : No context for object [ffff88040d825f50]
[   30.433027]      scan-1141 get_device_data       : No context for object [ffff88040d825f78]
[   30.433222]      scan-1141 get_device_data       : No context for object [ffff88040d825fa0]
[   30.433336]      scan-1141 get_device_data       : No context for object [ffff88040d825fc8]
[   30.433533]      scan-1141 get_device_data       : No context for object [ffff88040d827000]
[   30.433730]      scan-1141 get_device_data       : No context for object [ffff88040d827028]
[   30.433927]      scan-1141 get_device_data       : No context for object [ffff88040d827050]
[   30.434125]      scan-1141 get_device_data       : No context for object [ffff88040d827078]
[   30.434323]      scan-1141 get_device_data       : No context for object [ffff88040d8270a0]
[   30.434520]      scan-1141 get_device_data       : No context for object [ffff88040d8270c8]
[   30.434718]      scan-1141 get_device_data       : No context for object [ffff88040d8270f0]
[   30.434915]      scan-1141 get_device_data       : No context for object [ffff88040d827118]
[   30.435113]      scan-1141 get_device_data       : No context for object [ffff88040d827140]
[   30.435310]      scan-1141 get_device_data       : No context for object [ffff88040d827168]
[   30.435508]      scan-1141 get_device_data       : No context for object [ffff88040d827190]
[   30.435705]      scan-1141 get_device_data       : No context for object [ffff88040d8271b8]
[   30.435890]      scan-1141 get_device_data       : No context for object [ffff88040d8271e0]
[   30.436089]     utils-0051 util_eval_error       : Evaluate [\_SB_.PCI0.PB7_.XPDV._STA]: AE_NOT_FOUND
[   30.436322] device: 'device:10': device_add
[   30.436385] bus: 'acpi': add device device:10
[   30.436459]     utils-0051 util_eval_error       : Evaluate [\_SB_.PCI0.PB7_.XPDV._SUN]: AE_NOT_FOUND
[   30.436695]      scan-1933 add_single_object     : Added device:10 [\_SB_.PCI0.PB7_.XPDV] parent device:0f
[   30.436833]      scan-1141 get_device_data       : No context for object [ffff88040d827208]
[   30.437010]      scan-1141 get_device_data       : No context for object [ffff88040d827230]
[   30.437207]      scan-1141 get_device_data       : No context for object [ffff88040d827258]
[   30.437404]      scan-1141 get_device_data       : No context for object [ffff88040d827280]
[   30.437602]      scan-1141 get_device_data       : No context for object [ffff88040d8272a8]
[   30.437779]      scan-1141 get_device_data       : No context for object [ffff88040d837488]
[   30.437976]      scan-1141 get_device_data       : No context for object [ffff88040d8272d0]
[   30.438174]      scan-1141 get_device_data       : No context for object [ffff88040d8272f8]
[   30.438374]     utils-0051 util_eval_error       : Evaluate [\_SB_.PCI0.OHC1._STA]: AE_NOT_FOUND
[   30.438617] device: 'device:11': device_add
[   30.438680] bus: 'acpi': add device device:11
[   30.438754]     utils-0051 util_eval_error       : Evaluate [\_SB_.PCI0.OHC1._SUN]: AE_NOT_FOUND
[   30.440012]      scan-1933 add_single_object     : Added device:11 [\_SB_.PCI0.OHC1] parent PNP0A08:00
[   30.440012]      scan-1141 get_device_data       : No context for object [ffff88040d827320]
[   30.440012]      scan-1141 get_device_data       : No context for object [ffff88040d827348]
[   30.440012]      scan-1141 get_device_data       : No context for object [ffff88040d83b2f8]
[   30.440012]     utils-0051 util_eval_error       : Evaluate [\_SB_.PCI0.OHC1.RHUB._STA]: AE_NOT_FOUND
[   30.440036] device: 'device:12': device_add
[   30.440149] bus: 'acpi': add device device:12
[   30.440224]     utils-0051 util_eval_error       : Evaluate [\_SB_.PCI0.OHC1.RHUB._SUN]: AE_NOT_FOUND
[   30.440431]      scan-1933 add_single_object     : Added device:12 [\_SB_.PCI0.OHC1.RHUB] parent device:11
[   30.440633]      scan-1141 get_device_data       : No context for object [ffff88040d83b320]
[   30.440827]      scan-1141 get_device_data       : No context for object [ffff88040d83b348]
[   30.441026]     utils-0051 util_eval_error       : Evaluate [\_SB_.PCI0.OHC1.RHUB.PRT3._STA]: AE_NOT_FOUND
[   30.441258] device: 'device:13': device_add
[   30.441321] bus: 'acpi': add device device:13
[   30.441396]     utils-0051 util_eval_error       : Evaluate [\_SB_.PCI0.OHC1.RHUB.PRT3._SUN]: AE_NOT_FOUND
[   30.443362]      scan-1933 add_single_object     : Added device:13 [\_SB_.PCI0.OHC1.RHUB.PRT3] parent device:12
[   30.443362]      scan-1141 get_device_data       : No context for object [ffff88040d83b370]
[   30.443362]      scan-1141 get_device_data       : No context for object [ffff88040d83b398]
[   30.443362]      scan-1141 get_device_data       : No context for object [ffff88040d83b3c0]
[   30.443362]      scan-1141 get_device_data       : No context for object [ffff88040d83b3e8]
[   30.443362]     utils-0051 util_eval_error       : Evaluate [\_SB_.PCI0.OHC1.RHUB.PRT4._STA]: AE_NOT_FOUND
[   30.443362] device: 'device:14': device_add
[   30.443362] bus: 'acpi': add device device:14
[   30.443362]     utils-0051 util_eval_error       : Evaluate [\_SB_.PCI0.OHC1.RHUB.PRT4._SUN]: AE_NOT_FOUND
[   30.443387]      scan-1933 add_single_object     : Added device:14 [\_SB_.PCI0.OHC1.RHUB.PRT4] parent device:12
[   30.443387]      scan-1141 get_device_data       : No context for object [ffff88040d83b410]
[   30.443536]      scan-1141 get_device_data       : No context for object [ffff88040d83b438]
[   30.443734]      scan-1141 get_device_data       : No context for object [ffff88040d83b460]
[   30.443885]      scan-1141 get_device_data       : No context for object [ffff88040d827370]
[   30.444063]     utils-0051 util_eval_error       : Evaluate [\_SB_.PCI0.EHC1._STA]: AE_NOT_FOUND
[   30.444356] device: 'device:15': device_add
[   30.444419] bus: 'acpi': add device device:15
[   30.444493]     utils-0051 util_eval_error       : Evaluate [\_SB_.PCI0.EHC1._SUN]: AE_NOT_FOUND
[   30.446677]      scan-1933 add_single_object     : Added device:15 [\_SB_.PCI0.EHC1] parent PNP0A08:00
[   30.446677]      scan-1141 get_device_data       : No context for object [ffff88040d827398]
[   30.446677]      scan-1141 get_device_data       : No context for object [ffff88040d8273c0]
[   30.446677]      scan-1141 get_device_data       : No context for object [ffff88040d83b028]
[   30.446677]     utils-0051 util_eval_error       : Evaluate [\_SB_.PCI0.EHC1.RHUB._STA]: AE_NOT_FOUND
[   30.446677] device: 'device:16': device_add
[   30.446677] bus: 'acpi': add device device:16
[   30.446677]     utils-0051 util_eval_error       : Evaluate [\_SB_.PCI0.EHC1.RHUB._SUN]: AE_NOT_FOUND
[   30.446709]      scan-1933 add_single_object     : Added device:16 [\_SB_.PCI0.EHC1.RHUB] parent device:15
[   30.446709]      scan-1141 get_device_data       : No context for object [ffff88040d83b050]
[   30.446709]      scan-1141 get_device_data       : No context for object [ffff88040d83b078]
[   30.446709]     utils-0051 util_eval_error       : Evaluate [\_SB_.PCI0.EHC1.RHUB.PRT3._STA]: AE_NOT_FOUND
[   30.446851] device: 'device:17': device_add
[   30.446913] bus: 'acpi': add device device:17
[   30.447909]     utils-0051 util_eval_error       : Evaluate [\_SB_.PCI0.EHC1.RHUB.PRT3._SUN]: AE_NOT_FOUND
[   30.450010]      scan-1933 add_single_object     : Added device:17 [\_SB_.PCI0.EHC1.RHUB.PRT3] parent device:16
[   30.450010]      scan-1141 get_device_data       : No context for object [ffff88040d83b0a0]
[   30.450010]      scan-1141 get_device_data       : No context for object [ffff88040d83b0c8]
[   30.450010]      scan-1141 get_device_data       : No context for object [ffff88040d83b0f0]
[   30.450010]      scan-1141 get_device_data       : No context for object [ffff88040d83b118]
[   30.450010]     utils-0051 util_eval_error       : Evaluate [\_SB_.PCI0.EHC1.RHUB.PRT4._STA]: AE_NOT_FOUND
[   30.450010] device: 'device:18': device_add
[   30.450010] bus: 'acpi': add device device:18
[   30.450010]     utils-0051 util_eval_error       : Evaluate [\_SB_.PCI0.EHC1.RHUB.PRT4._SUN]: AE_NOT_FOUND
[   30.450044]      scan-1933 add_single_object     : Added device:18 [\_SB_.PCI0.EHC1.RHUB.PRT4] parent device:16
[   30.450044]      scan-1141 get_device_data       : No context for object [ffff88040d83b140]
[   30.450044]      scan-1141 get_device_data       : No context for object [ffff88040d83b168]
[   30.450200]      scan-1141 get_device_data       : No context for object [ffff88040d83b190]
[   30.450399]      scan-1141 get_device_data       : No context for object [ffff88040d8273e8]
[   30.450598]     utils-0051 util_eval_error       : Evaluate [\_SB_.PCI0.OHC2._STA]: AE_NOT_FOUND
[   30.450836] device: 'device:19': device_add
[   30.450899] bus: 'acpi': add device device:19
[   30.450974]     utils-0051 util_eval_error       : Evaluate [\_SB_.PCI0.OHC2._SUN]: AE_NOT_FOUND
[   30.453335]      scan-1933 add_single_object     : Added device:19 [\_SB_.PCI0.OHC2] parent PNP0A08:00
[   30.453335]      scan-1141 get_device_data       : No context for object [ffff88040d827410]
[   30.453335]      scan-1141 get_device_data       : No context for object [ffff88040d827438]
[   30.453335]      scan-1141 get_device_data       : No context for object [ffff88040d83b488]
[   30.453335]     utils-0051 util_eval_error       : Evaluate [\_SB_.PCI0.OHC2.RHUB._STA]: AE_NOT_FOUND
[   30.453335] device: 'device:1a': device_add
[   30.453335] bus: 'acpi': add device device:1a
[   30.453335]     utils-0051 util_eval_error       : Evaluate [\_SB_.PCI0.OHC2.RHUB._SUN]: AE_NOT_FOUND
[   30.453377]      scan-1933 add_single_object     : Added device:1a [\_SB_.PCI0.OHC2.RHUB] parent device:19
[   30.453377]      scan-1141 get_device_data       : No context for object [ffff88040d83b4b0]
[   30.453377]      scan-1141 get_device_data       : No context for object [ffff88040d83b4d8]
[   30.453377]     utils-0051 util_eval_error       : Evaluate [\_SB_.PCI0.OHC2.RHUB.PRT4._STA]: AE_NOT_FOUND
[   30.453377] device: 'device:1b': device_add
[   30.453482] bus: 'acpi': add device device:1b
[   30.453556]     utils-0051 util_eval_error       : Evaluate [\_SB_.PCI0.OHC2.RHUB.PRT4._SUN]: AE_NOT_FOUND
[   30.453765]      scan-1933 add_single_object     : Added device:1b [\_SB_.PCI0.OHC2.RHUB.PRT4] parent device:1a
[   30.453946]      scan-1141 get_device_data       : No context for object [ffff88040d83b500]
[   30.454144]      scan-1141 get_device_data       : No context for object [ffff88040d83b528]
[   30.454342]      scan-1141 get_device_data       : No context for object [ffff88040d83b550]
[   30.454540]      scan-1141 get_device_data       : No context for object [ffff88040d827460]
[   30.454739]     utils-0051 util_eval_error       : Evaluate [\_SB_.PCI0.EHC2._STA]: AE_NOT_FOUND
[   30.454970] device: 'device:1c': device_add
[   30.455033] bus: 'acpi': add device device:1c
[   30.455108]     utils-0051 util_eval_error       : Evaluate [\_SB_.PCI0.EHC2._SUN]: AE_NOT_FOUND
[   30.456680]      scan-1933 add_single_object     : Added device:1c [\_SB_.PCI0.EHC2] parent PNP0A08:00
[   30.456680]      scan-1141 get_device_data       : No context for object [ffff88040d827488]
[   30.456680]      scan-1141 get_device_data       : No context for object [ffff88040d8274b0]
[   30.456680]      scan-1141 get_device_data       : No context for object [ffff88040d83b1b8]
[   30.456680]     utils-0051 util_eval_error       : Evaluate [\_SB_.PCI0.EHC2.RHUB._STA]: AE_NOT_FOUND
[   30.456680] device: 'device:1d': device_add
[   30.456680] bus: 'acpi': add device device:1d
[   30.456680]     utils-0051 util_eval_error       : Evaluate [\_SB_.PCI0.EHC2.RHUB._SUN]: AE_NOT_FOUND
[   30.456686]      scan-1933 add_single_object     : Added device:1d [\_SB_.PCI0.EHC2.RHUB] parent device:1c
[   30.456859]      scan-1141 get_device_data       : No context for object [ffff88040d83b1e0]
[   30.457057]      scan-1141 get_device_data       : No context for object [ffff88040d83b208]
[   30.457255]     utils-0051 util_eval_error       : Evaluate [\_SB_.PCI0.EHC2.RHUB.PRT2._STA]: AE_NOT_FOUND
[   30.457488] device: 'device:1e': device_add
[   30.457551] bus: 'acpi': add device device:1e
[   30.457626]     utils-0051 util_eval_error       : Evaluate [\_SB_.PCI0.EHC2.RHUB.PRT2._SUN]: AE_NOT_FOUND
[   30.460006]      scan-1933 add_single_object     : Added device:1e [\_SB_.PCI0.EHC2.RHUB.PRT2] parent device:1d
[   30.460006]      scan-1141 get_device_data       : No context for object [ffff88040d83b230]
[   30.460006]      scan-1141 get_device_data       : No context for object [ffff88040d83b258]
[   30.460006]      scan-1141 get_device_data       : No context for object [ffff88040d83b280]
[   30.460006]      scan-1141 get_device_data       : No context for object [ffff88040d8274d8]
[   30.460006]     utils-0051 util_eval_error       : Evaluate [\_SB_.PCI0.OHC3._STA]: AE_NOT_FOUND
[   30.460006] device: 'device:1f': device_add
[   30.460006] bus: 'acpi': add device device:1f
[   30.460006]     utils-0051 util_eval_error       : Evaluate [\_SB_.PCI0.OHC3._SUN]: AE_NOT_FOUND
[   30.460042]      scan-1933 add_single_object     : Added device:1f [\_SB_.PCI0.OHC3] parent PNP0A08:00
[   30.460042]      scan-1141 get_device_data       : No context for object [ffff88040d827500]
[   30.460042]      scan-1141 get_device_data       : No context for object [ffff88040d827528]
[   30.460042]      scan-1141 get_device_data       : No context for object [ffff88040d83b578]
[   30.460202]     utils-0051 util_eval_error       : Evaluate [\_SB_.PCI0.OHC3.RHUB._STA]: AE_NOT_FOUND
[   30.460434] device: 'device:20': device_add
[   30.460497] bus: 'acpi': add device device:20
[   30.460574]     utils-0051 util_eval_error       : Evaluate [\_SB_.PCI0.OHC3.RHUB._SUN]: AE_NOT_FOUND
[   30.460782]      scan-1933 add_single_object     : Added device:20 [\_SB_.PCI0.OHC3.RHUB] parent device:1f
[   30.460963]      scan-1141 get_device_data       : No context for object [ffff88040d83b5a0]
[   30.461160]      scan-1141 get_device_data       : No context for object [ffff88040d827550]
[   30.461359]     utils-0051 util_eval_error       : Evaluate [\_SB_.PCI0.EHC3._STA]: AE_NOT_FOUND
[   30.461603] device: 'device:21': device_add
[   30.461666] bus: 'acpi': add device device:21
[   30.461741]     utils-0051 util_eval_error       : Evaluate [\_SB_.PCI0.EHC3._SUN]: AE_NOT_FOUND
[   30.463337]      scan-1933 add_single_object     : Added device:21 [\_SB_.PCI0.EHC3] parent PNP0A08:00
[   30.463337]      scan-1141 get_device_data       : No context for object [ffff88040d827578]
[   30.463337]      scan-1141 get_device_data       : No context for object [ffff88040d8275a0]
[   30.463337]      scan-1141 get_device_data       : No context for object [ffff88040d83b2a8]
[   30.463337]     utils-0051 util_eval_error       : Evaluate [\_SB_.PCI0.EHC3.RHUB._STA]: AE_NOT_FOUND
[   30.463337] device: 'device:22': device_add
[   30.463337] bus: 'acpi': add device device:22
[   30.463337]     utils-0051 util_eval_error       : Evaluate [\_SB_.PCI0.EHC3.RHUB._SUN]: AE_NOT_FOUND
[   30.463375]      scan-1933 add_single_object     : Added device:22 [\_SB_.PCI0.EHC3.RHUB] parent device:21
[   30.463375]      scan-1141 get_device_data       : No context for object [ffff88040d83b2d0]
[   30.463535]      scan-1141 get_device_data       : No context for object [ffff88040d8275c8]
[   30.463727]     utils-0051 util_eval_error       : Evaluate [\_SB_.PCI0.OHC4._STA]: AE_NOT_FOUND
[   30.463969] device: 'device:23': device_add
[   30.464034] bus: 'acpi': add device device:23
[   30.464107]     utils-0051 util_eval_error       : Evaluate [\_SB_.PCI0.OHC4._SUN]: AE_NOT_FOUND
[   30.466669]      scan-1933 add_single_object     : Added device:23 [\_SB_.PCI0.OHC4] parent PNP0A08:00
[   30.466669]      scan-1141 get_device_data       : No context for object [ffff88040d8275f0]
[   30.466669]      scan-1141 get_device_data       : No context for object [ffff88040d827618]
[   30.466669]      scan-1141 get_device_data       : No context for object [ffff88040d827640]
[   30.466669]     utils-0051 util_eval_error       : Evaluate [\_SB_.PCI0.SBAZ._STA]: AE_NOT_FOUND
[   30.466669] device: 'device:24': device_add
[   30.466669] bus: 'acpi': add device device:24
[   30.466669]     utils-0051 util_eval_error       : Evaluate [\_SB_.PCI0.SBAZ._SUN]: AE_NOT_FOUND
