[    0.000000] Initializing cgroup subsys cpuset
[    0.000000] Initializing cgroup subsys cpu
[    0.000000] Initializing cgroup subsys cpuacct
[    0.000000] Linux version 3.17.0-rc2-gfd5984d (emacs@manji) (gcc version 4.9.1 (GCC) ) #45 SMP Sun Aug 31 15:04:04 CEST 2014
[    0.000000] Command line: BOOT_IMAGE=/vmlinuz-linux-git root=UUID=bfa4ab6e-19a3-4601-ba2b-267c55841c73 rw cryptdevice=/dev/disk/by-uuid/70c08890-417a-497d-b6ab-c0d0357a63e2:cryptManjaro:allow-discards ipv6.disable=1 pnp.debug=1 loglevel=9 log_buf_len=10M printk.always_kmsg_dump=y printk.time=y mminit_loglevel=0 memory_corruption_check=1 acpi.debug_layer=0xfbff0000 acpi.debug_level=0xFFFFFFFD pnp.debug=1 nohz=on rcu_nocbs=1-3 pcie_aspm=force fbcon=scrollback:4096k fbcon=font:ProFont6x11 radeon.audio=0 radeon.lockup_timeout=0 radeon.test=0 radeon.agpmode=-1 radeon.benchmark=0 radeon.tv=0 radeon.hard_reset=1 radeon.aspm=1 radeon.dpm=1 radeon.msi=1 radeon.pcie_gen2=-1 radeon.no_wb=1 radeon.modeset=1 radeon.dynclks=1 radeon.r4xx_atom=0 radeon.runpm=0 radeonfb radeon.fastfb=1 nomodeset
[    0.000000] KERNEL supported cpus:
[    0.000000]   AMD AuthenticAMD
[    0.000000] tseg: 00bfe00000
[    0.000000] e820: BIOS-provided physical RAM map:
[    0.000000] BIOS-e820: [mem 0x0000000000000000-0x000000000009d7ff] usable
[    0.000000] BIOS-e820: [mem 0x000000000009d800-0x000000000009ffff] reserved
[    0.000000] BIOS-e820: [mem 0x00000000000e0000-0x00000000000fffff] reserved
[    0.000000] BIOS-e820: [mem 0x0000000000100000-0x00000000bed9afff] usable
[    0.000000] BIOS-e820: [mem 0x00000000bed9b000-0x00000000bf39afff] reserved
[    0.000000] BIOS-e820: [mem 0x00000000bf39b000-0x00000000bf49afff] ACPI NVS
[    0.000000] BIOS-e820: [mem 0x00000000bf49b000-0x00000000bf51afff] ACPI data
[    0.000000] BIOS-e820: [mem 0x00000000bf51b000-0x00000000bfdfffff] usable
[    0.000000] BIOS-e820: [mem 0x00000000bfe00000-0x00000000bfffffff] reserved
[    0.000000] BIOS-e820: [mem 0x00000000fec00000-0x00000000fecfffff] reserved
[    0.000000] BIOS-e820: [mem 0x00000000fed80000-0x00000000fed80fff] reserved
[    0.000000] BIOS-e820: [mem 0x00000000ffe00000-0x00000000ffffffff] reserved
[    0.000000] BIOS-e820: [mem 0x0000000100000000-0x000000041effffff] usable
[    0.000000] NX (Execute Disable) protection: active
[    0.000000] SMBIOS 2.6 present.
[    0.000000] DMI: LENOVO Sabine/Torpedo, BIOS 54CN18WW 07/20/2011
[    0.000000] e820: update [mem 0x00000000-0x00000fff] usable ==> reserved
[    0.000000] e820: remove [mem 0x000a0000-0x000fffff] usable
[    0.000000] e820: last_pfn = 0x41f000 max_arch_pfn = 0x400000000
[    0.000000] MTRR default type: uncachable
[    0.000000] MTRR fixed ranges enabled:
[    0.000000]   00000-9FFFF write-back
[    0.000000]   A0000-BFFFF uncachable
[    0.000000]   C0000-FFFFF write-protect
[    0.000000] MTRR variable ranges enabled:
[    0.000000]   0 base 0000000000 mask FF80000000 write-back
[    0.000000]   1 base 0080000000 mask FFC0000000 write-back
[    0.000000]   2 base 00FFF90000 mask FFFFFF0000 uncachable
[    0.000000]   3 base 00FED80000 mask 0FFFFFF000 uncachable
[    0.000000]   4 disabled
[    0.000000]   5 disabled
[    0.000000]   6 disabled
[    0.000000]   7 base 00FFE00000 mask FFFFE00000 write-protect
[    0.000000] TOM2: 000000041f000000 aka 16880M
[    0.000000] mtrr: your BIOS has configured an incorrect mask, fixing it.
[    0.000000] e820: last_pfn = 0xbfe00 max_arch_pfn = 0x400000000
[    0.000000] found SMP MP-table at [mem 0x000fa8b0-0x000fa8bf] mapped at [ffff8800000fa8b0]
[    0.000000] Base memory trampoline at [ffff880000097000] 97000 size 24576
[    0.000000] Using GB pages for direct mapping
[    0.000000] init_memory_mapping: [mem 0x00000000-0x000fffff]
[    0.000000]  [mem 0x00000000-0x000fffff] page 4k
[    0.000000] BRK [0x01e17000, 0x01e17fff] PGTABLE
[    0.000000] BRK [0x01e18000, 0x01e18fff] PGTABLE
[    0.000000] BRK [0x01e19000, 0x01e19fff] PGTABLE
[    0.000000] init_memory_mapping: [mem 0x41ee00000-0x41effffff]
[    0.000000]  [mem 0x41ee00000-0x41effffff] page 2M
[    0.000000] BRK [0x01e1a000, 0x01e1afff] PGTABLE
[    0.000000] init_memory_mapping: [mem 0x41c000000-0x41edfffff]
[    0.000000]  [mem 0x41c000000-0x41edfffff] page 2M
[    0.000000] init_memory_mapping: [mem 0x400000000-0x41bffffff]
[    0.000000]  [mem 0x400000000-0x41bffffff] page 2M
[    0.000000] init_memory_mapping: [mem 0x00100000-0xbed9afff]
[    0.000000]  [mem 0x00100000-0x001fffff] page 4k
[    0.000000]  [mem 0x00200000-0x3fffffff] page 2M
[    0.000000]  [mem 0x40000000-0x7fffffff] page 1G
[    0.000000]  [mem 0x80000000-0xbebfffff] page 2M
[    0.000000]  [mem 0xbec00000-0xbed9afff] page 4k
[    0.000000] init_memory_mapping: [mem 0xbf51b000-0xbfdfffff]
[    0.000000]  [mem 0xbf51b000-0xbf5fffff] page 4k
[    0.000000]  [mem 0xbf600000-0xbfdfffff] page 2M
[    0.000000] BRK [0x01e1b000, 0x01e1bfff] PGTABLE
[    0.000000] init_memory_mapping: [mem 0x100000000-0x3ffffffff]
[    0.000000]  [mem 0x100000000-0x3ffffffff] page 1G
[    0.000000] log_buf_len: 16777216 bytes
[    0.000000] early log buf free: 2092044(99%)
[    0.000000] RAMDISK: [mem 0x3782c000-0x37c0dfff]
[    0.000000] ACPI: Early table checksum verification disabled
[    0.000000] ACPI: RSDP 0x00000000000F0110 000024 (v02 LENOVO)
[    0.000000] ACPI: XSDT 0x00000000BF51A120 000074 (v01 LENOVO CB-01    00000001 LENO 00000001)
[    0.000000] ACPI: FACP 0x00000000BF508000 0000F4 (v04 LENOVO CB-01    00000001 PTL  00000001)
[    0.000000] ACPI: DSDT 0x00000000BF50A000 00FD10 (v01 LENOVO CB-01    00001000 LENO 00000001)
[    0.000000] ACPI: FACS 0x00000000BF478000 000040
[    0.000000] ACPI: HPET 0x00000000BF507000 000038 (v01 LENOVO CB-01    00000001 PTL  00000001)
[    0.000000] ACPI: APIC 0x00000000BF506000 00007A (v02 LENOVO CB-01    00000001 PTL  00000001)
[    0.000000] ACPI: MCFG 0x00000000BF505000 00003C (v01 LENOVO CB-01    00000001 PTL  00000001)
[    0.000000] ACPI: SLIC 0x00000000BF504000 000176 (v01 LENOVO CB-01    00000001 LENO 00000001)
[    0.000000] ACPI: UEFI 0x00000000BF503000 00003E (v01 LENOVO CB-01    00000001 PTL  00000001)
[    0.000000] ACPI: UEFI 0x00000000BF502000 000042 (v01 PTL    COMBUF   00000001 PTL  00000001)
[    0.000000] ACPI: SSDT 0x00000000BF501000 000E34 (v01 AMD    POWERNOW 00000001 AMD  00000001)
[    0.000000] ACPI: SSDT 0x00000000BF4FF000 00193D (v02 AMD    ALIB     00000001 MSFT 04000000)
[    0.000000] ACPI: UEFI 0x00000000BF4FE000 00021A (v01 LENOVO CB-01    00000001 PTL  00000001)
[    0.000000] ACPI: Local APIC address 0xfee00000
[    0.000000] No NUMA configuration found
[    0.000000] Faking a node at [mem 0x0000000000000000-0x000000041effffff]
[    0.000000] Initmem setup node 0 [mem 0x00000000-0x41effffff]
[    0.000000]   NODE_DATA [mem 0x41dffa000-0x41dffdfff]
[    0.000000]  [ffffea0000000000-ffffea00107fffff] PMD -> [ffff88040de00000-ffff88041d5fffff] on node 0
[    0.000000] Zone ranges:
[    0.000000]   DMA      [mem 0x00001000-0x00ffffff]
[    0.000000]   DMA32    [mem 0x01000000-0xffffffff]
[    0.000000]   Normal   [mem 0x100000000-0x41effffff]
[    0.000000] Movable zone start for each node
[    0.000000] Early memory node ranges
[    0.000000]   node   0: [mem 0x00001000-0x0009cfff]
[    0.000000]   node   0: [mem 0x00100000-0xbed9afff]
[    0.000000]   node   0: [mem 0xbf51b000-0xbfdfffff]
[    0.000000]   node   0: [mem 0x100000000-0x41effffff]
[    0.000000] On node 0 totalpages: 4056604
[    0.000000]   DMA zone: 64 pages used for memmap
[    0.000000]   DMA zone: 21 pages reserved
[    0.000000]   DMA zone: 3996 pages, LIFO batch:0
[    0.000000]   DMA32 zone: 12186 pages used for memmap
[    0.000000]   DMA32 zone: 779904 pages, LIFO batch:31
[    0.000000]   Normal zone: 51136 pages used for memmap
[    0.000000]   Normal zone: 3272704 pages, LIFO batch:31
[    0.000000] ACPI: PM-Timer IO Port: 0x808
[    0.000000] ACPI: Local APIC address 0xfee00000
[    0.000000] ACPI: LAPIC (acpi_id[0x00] lapic_id[0x00] enabled)
[    0.000000] ACPI: LAPIC (acpi_id[0x01] lapic_id[0x01] enabled)
[    0.000000] ACPI: LAPIC (acpi_id[0x02] lapic_id[0x02] enabled)
[    0.000000] ACPI: LAPIC (acpi_id[0x03] lapic_id[0x03] enabled)
[    0.000000] ACPI: LAPIC_NMI (acpi_id[0x00] high edge lint[0x1])
[    0.000000] ACPI: LAPIC_NMI (acpi_id[0x01] high edge lint[0x1])
[    0.000000] ACPI: LAPIC_NMI (acpi_id[0x02] high edge lint[0x1])
[    0.000000] ACPI: LAPIC_NMI (acpi_id[0x03] high edge lint[0x1])
[    0.000000] ACPI: IOAPIC (id[0x02] address[0xfec00000] gsi_base[0])
[    0.000000] IOAPIC[0]: apic_id 2, version 33, address 0xfec00000, GSI 0-23
[    0.000000] ACPI: INT_SRC_OVR (bus 0 bus_irq 0 global_irq 2 dfl dfl)
[    0.000000] ACPI: IRQ0 used by override.
[    0.000000] ACPI: IRQ9 used by override.
[    0.000000] Using ACPI (MADT) for SMP configuration information
[    0.000000] ACPI: HPET id: 0x43538210 base: 0xfed00000
[    0.000000] smpboot: Allowing 4 CPUs, 0 hotplug CPUs
[    0.000000] e820: [mem 0xc0000000-0xfebfffff] available for PCI devices
[    0.000000] setup_percpu: NR_CPUS:64 nr_cpumask_bits:64 nr_cpu_ids:4 nr_node_ids:1
[    0.000000] PERCPU: Embedded 27 pages/cpu @ffff88041dc00000 s80256 r8192 d22144 u524288
[    0.000000] pcpu-alloc: s80256 r8192 d22144 u524288 alloc=1*2097152
[    0.000000] pcpu-alloc: [0] 0 1 2 3 
[    0.000000] Built 1 zonelists in Zone order, mobility grouping on.  Total pages: 3993197
[    0.000000] Policy zone: Normal
[    0.000000] Kernel command line: BOOT_IMAGE=/vmlinuz-linux-git root=UUID=bfa4ab6e-19a3-4601-ba2b-267c55841c73 rw cryptdevice=/dev/disk/by-uuid/70c08890-417a-497d-b6ab-c0d0357a63e2:cryptManjaro:allow-discards ipv6.disable=1 pnp.debug=1 loglevel=9 log_buf_len=10M printk.always_kmsg_dump=y printk.time=y mminit_loglevel=0 memory_corruption_check=1 acpi.debug_layer=0xfbff0000 acpi.debug_level=0xFFFFFFFD pnp.debug=1 nohz=on rcu_nocbs=1-3 pcie_aspm=force fbcon=scrollback:4096k fbcon=font:ProFont6x11 radeon.audio=0 radeon.lockup_timeout=0 radeon.test=0 radeon.agpmode=-1 radeon.benchmark=0 radeon.tv=0 radeon.hard_reset=1 radeon.aspm=1 radeon.dpm=1 radeon.msi=1 radeon.pcie_gen2=-1 radeon.no_wb=1 radeon.modeset=1 radeon.dynclks=1 radeon.r4xx_atom=0 radeon.runpm=0 radeonfb radeon.fastfb=1 nomodeset
[    0.000000] PCIe ASPM is forcibly enabled
[    0.000000] PID hash table entries: 4096 (order: 3, 32768 bytes)
[    0.000000] Memory: 15870900K/16226416K available (5251K kernel code, 721K rwdata, 2208K rodata, 848K init, 2588K bss, 355516K reserved)
[    0.000000] SLUB: HWalign=64, Order=0-3, MinObjects=0, CPUs=4, Nodes=1
[    0.000000] Hierarchical RCU implementation.
[    0.000000] 	RCU dyntick-idle grace-period acceleration is enabled.
[    0.000000] 	Additional per-CPU info printed with stalls.
[    0.000000] 	RCU restricting CPUs from NR_CPUS=64 to nr_cpu_ids=4.
[    0.000000] 	Offload RCU callbacks from all CPUs
[    0.000000] 	Offload RCU callbacks from CPUs: 0-3.
[    0.000000] RCU: Adjusting geometry for rcu_fanout_leaf=16, nr_cpu_ids=4
[    0.000000] NR_IRQS:4352 nr_irqs:456 0
[    0.000000] spurious 8259A interrupt: IRQ7.
[    0.000000] vgacon: allocated 4194304 bytes of memory for scrollback. CONFIG_VGACON_SOFT_SCROLLBACK_SIZE=4096
[    0.000000] Console: colour VGA+ 80x25
[    0.000000] console [tty0] enabled
[    0.000000] allocated 65011712 bytes of page_cgroup
[    0.000000] please try 'cgroup_disable=memory' option if you don't want memory cgroups
[    0.000000] hpet clockevent registered
[    0.000000] tsc: Fast TSC calibration using PIT
[    0.000000] tsc: Detected 1397.412 MHz processor
[    0.000041] Calibrating delay loop (skipped), value calculated using timer frequency.. 2795.27 BogoMIPS (lpj=4658040)
[    0.000201] pid_max: default: 32768 minimum: 301
[    0.000269] ACPI: Core revision 20140724
[    0.016120] ACPI: All ACPI Tables successfully acquired
[    0.017650] Security Framework initialized
[    0.018773] Dentry cache hash table entries: 2097152 (order: 12, 16777216 bytes)
[    0.024152] Inode-cache hash table entries: 1048576 (order: 11, 8388608 bytes)
[    0.026966] Mount-cache hash table entries: 32768 (order: 6, 262144 bytes)
[    0.027106] Mountpoint-cache hash table entries: 32768 (order: 6, 262144 bytes)
[    0.027580] Initializing cgroup subsys memory
[    0.027698] Initializing cgroup subsys devices
[    0.027766] Initializing cgroup subsys freezer
[    0.027833] Initializing cgroup subsys net_cls
[    0.027899] Initializing cgroup subsys blkio
[    0.027992] CPU: Physical Processor ID: 0
[    0.028057] CPU: Processor Core ID: 0
[    0.028120] mce: CPU supports 6 MCE banks
[    0.028190] Last level iTLB entries: 4KB 512, 2MB 16, 4MB 8
Last level dTLB entries: 4KB 1024, 2MB 128, 4MB 64, 1GB 0
[    0.028441] Freeing SMP alternatives memory: 20K (ffffffff81b8a000 - ffffffff81b8f000)
[    0.029134] ..TIMER: vector=0x30 apic1=0 pin1=2 apic2=-1 pin2=-1
[    0.062214] smpboot: CPU0: AMD A6-3400M APU with Radeon(tm) HD Graphics (fam: 12, model: 01, stepping: 00)
[    0.166792] Performance Events: AMD PMU driver.
[    0.166897] ... version:                0
[    0.166961] ... bit width:              48
[    0.167025] ... generic registers:      4
[    0.167088] ... value mask:             0000ffffffffffff
[    0.167153] ... max period:             00007fffffffffff
[    0.167218] ... fixed-purpose events:   0
[    0.167281] ... event mask:             000000000000000f
[    0.167822] MCE: In-kernel MCE decoding enabled.
[    0.167945] trying cpu_up:
[    0.168057] NMI watchdog: enabled on all CPUs, permanently consumes one hw-PMU counter.
[    0.168373] smpboot: ++++++++++++++++++++=_---CPU UP  1
[    0.168486] smpboot: before calling do_boot_cpu: waiting 5 sec before continuing
[    5.186919] x86: Booting SMP configuration:
[    5.187088] .... node  #0, CPUs:      #1
[    5.187198] smpboot: Setting warm reset code and vector.
[    5.187322] smpboot: 1.
[    5.187385] smpboot: 2.
[    5.187447] smpboot: 3.
[    5.187510] smpboot: Asserting INIT
[    5.187574] smpboot: Waiting for send to finish...
[    5.197643] smpboot: Deasserting INIT
[    5.197753] smpboot: Waiting for send to finish...
[    5.197817] smpboot: #startup loops: 2
[    5.197880] smpboot: Sending STARTUP #1
[    5.197943] smpboot: After apic_write
[    5.104008] smpboot: CPU#1 (phys ID: 1) waiting for CALLOUT
[    5.198307] smpboot: Startup point 1
[    5.198482] smpboot: Waiting for send to finish...
[    5.198746] smpboot: Sending STARTUP #2
[    5.198856] smpboot: After apic_write
[    5.199219] smpboot: Startup point 1
[    5.199329] smpboot: Waiting for send to finish...
[    5.199593] smpboot: After Startup
[    5.199702] smpboot: Before Callout 1
[    5.199765] smpboot: After Callout 1
[    5.105658] smpboot: Stack at about ffff880407807f44
[    5.199893] smpboot: CPU1: has booted.
[    5.201965] TSC synchronization [CPU#0 -> CPU#1]:
[    5.202076] Measured 131517292 cycles TSC warp between CPUs, turning off TSC clock.
[    5.202219] tsc: Marking TSC unstable due to check_tsc_sync_source failed
[    5.202305] after cpu_up !!!!!!!!!!!!
[    5.202344] trying cpu_up:
[    5.202586] smpboot: ++++++++++++++++++++=_---CPU UP  2
[    5.202723] smpboot: before calling do_boot_cpu: waiting 5 sec before continuing #2
[   10.261171] smpboot: Setting warm reset code and vector.
[   10.261292] smpboot: 1.
[   10.261353] smpboot: 2.
[   10.261413] smpboot: 3.
[   10.261474] smpboot: Asserting INIT
[   10.261537] smpboot: Waiting for send to finish...
[   10.843657] smpboot: Deasserting INIT
[   10.843720] smpboot: Waiting for send to finish...
[   10.843784] smpboot: #startup loops: 2
[   10.843848] smpboot: Sending STARTUP #1
[   10.843911] smpboot: After apic_write
[   10.844274] smpboot: Startup point 1
[   10.844356] smpboot: Waiting for send to finish...
[   10.844620] smpboot: Sending STARTUP #2
[   10.844730] smpboot: After apic_write
[   10.845093] smpboot: Startup point 1
[   10.845202] smpboot: Waiting for send to finish...
[   10.845467] smpboot: After Startup
[   10.845576] smpboot: Before Callout 2
[   10.845639] smpboot: After Callout 2
[   15.880490] smpboot: CPU2: Not responding
[   15.880603] smpboot: do_boot_cpu failed(1) to wakeup CPU#2
[   15.880675] doing it one more time: cpu_up !!!!!!!!!!!!
[   15.880716] smpboot: ++++++++++++++++++++=_---CPU UP  2
[   15.880834] smpboot: before calling do_boot_cpu: waiting 5 sec before continuing #2
[   20.897840] smpboot: Setting warm reset code and vector.
[   20.897961] smpboot: 1.
[   20.898020] smpboot: 2.
[   20.898083] smpboot: 3.
[   20.898145] smpboot: Asserting INIT
[   20.898209] smpboot: Waiting for send to finish...
[   20.908277] smpboot: Deasserting INIT
[   20.908386] smpboot: Waiting for send to finish...
[   20.908450] smpboot: #startup loops: 2
[   20.908512] smpboot: Sending STARTUP #1
[   20.908577] smpboot: After apic_write
[   20.908937] smpboot: Startup point 1
[   20.909045] smpboot: Waiting for send to finish...
[   20.909308] smpboot: Sending STARTUP #2
[   20.909415] smpboot: After apic_write
[   20.909774] smpboot: Startup point 1
[   20.909885] smpboot: Waiting for send to finish...
[   20.910148] smpboot: After Startup
[   20.910254] smpboot: Before Callout 2
[   20.910314] smpboot: After Callout 2
[   25.927376] smpboot: CPU2: Not responding
[   25.927486] smpboot: do_boot_cpu failed(1) to wakeup CPU#2
[   25.927557] after cpu_up !!!!!!!!!!!!
[   25.927595] trying cpu_up:
[   25.927801] smpboot: ++++++++++++++++++++=_---CPU UP  3
[   25.927989] smpboot: before calling do_boot_cpu: waiting 5 sec before continuing #3
[   30.944923] smpboot: Setting warm reset code and vector.
[   30.945047] smpboot: 1.
[   30.945111] smpboot: 2.
[   30.945171] smpboot: 3.
[   30.945231] smpboot: Asserting INIT
[   30.945292] smpboot: Waiting for send to finish...
[   30.955359] smpboot: Deasserting INIT
[   30.955466] smpboot: Waiting for send to finish...
[   30.955530] smpboot: #startup loops: 2
[   30.955594] smpboot: Sending STARTUP #1
[   30.955657] smpboot: After apic_write
[   30.793398] smpboot: CPU#3 (phys ID: 3) waiting for CALLOUT
[   30.956020] smpboot: Startup point 1
[   30.956143] smpboot: Waiting for send to finish...
[   30.956407] smpboot: Sending STARTUP #2
[   30.956517] smpboot: After apic_write
[   30.956880] smpboot: Startup point 1
[   30.956981] smpboot: Waiting for send to finish...
[   30.957245] smpboot: After Startup
[   30.957354] smpboot: Before Callout 3
[   30.957417] smpboot: After Callout 3
[   30.794986] smpboot: Stack at about ffff88040780ff44
[   30.957547] smpboot: CPU3: has booted.
[   30.957623] after cpu_up !!!!!!!!!!!!
[   30.957659] x86: Booted up 1 node, 3 CPUs
[   30.957778] smpboot: Boot done
[   30.957840] smpboot: Before bogomips
[   30.957905] smpboot: Total of 3 processors activated (8387.82 BogoMIPS)
[   30.957970] smpboot: Before bogocount - setting activated=1
[   30.286759] devtmpfs: initialized
[   30.286840] device: 'platform': device_add
[   30.286983] bus: 'platform': registered
[   30.287057] bus: 'cpu': registered
[   30.287122] device: 'cpu': device_add
[   30.287212] bus: 'container': registered
[   30.287277] device: 'container': device_add
[   30.290318] bus: 'workqueue': registered
[   30.290318] device: 'workqueue': device_add
[   30.290353] kworker/u8:0 (39) used greatest stack depth: 15104 bytes left
[   30.290552] atomic64_test: passed for x86-64 platform with CX8 and with SSE
[   30.290669] device class 'regulator': registering
[   30.290771] Registering platform device 'reg-dummy'. Parent at platform
[   30.290883] device: 'reg-dummy': device_add
[   30.290950] bus: 'platform': add device reg-dummy
[   30.291040] bus: 'platform': add driver reg-dummy
[   30.291108] bus: 'platform': driver_probe_device: matched device reg-dummy with driver reg-dummy
[   30.291202] bus: 'platform': really_probe: probing driver reg-dummy with device reg-dummy
[   30.292398] device: 'regulator.0': device_add
[   30.293338] regulator-dummy: no parameters
[   30.293338] driver: 'reg-dummy': driver_bound: bound to device 'reg-dummy'
[   30.293338] bus: 'platform': really_probe: bound device reg-dummy to driver reg-dummy
[   30.293349] NET: Registered protocol family 16
[   30.293349] device class 'bdi': registering
[   30.293359] bus: 'platform': add driver ramoops
[   30.293442] device class 'pci_bus': registering
[   30.293433] kworker/u8:0 (45) used greatest stack depth: 14848 bytes left
[   30.293598] bus: 'pci': registered
[   30.293663] device class 'backlight': registering
[   30.293736] device class 'tty': registering
[   30.293809] device class 'vtconsole': registering
[   30.293882] device: 'vtcon0': device_add
[   30.293985] bus: 'node': registered
[   30.294095] device: 'node': device_add
[   30.294191] bus: 'i2c': registered
[   30.294256] bus: 'i2c': add driver dummy
[   30.294326] i2c-core: driver [dummy] registered
[   30.294389] cpuidle: using governor ladder
[   30.294451] cpuidle: using governor menu
[   30.294940] ACPI FADT declares the system doesn't support PCIe ASPM, so disable it
[   30.295099] ACPI: bus type PCI registered
[   30.295164] acpiphp: ACPI Hot Plug PCI Controller Driver version: 0.5
[   30.295233] device class 'dmi': registering
[   30.295305] device: 'id': device_add
[   30.296679] PCI: MMCONFIG for domain 0000 [bus 00-3f] at [mem 0xf8000000-0xfbffffff] (base 0xf8000000)
[   30.296679] PCI: not using MMCONFIG
[   30.296679] PCI: Using configuration type 1 for base access
[   30.296679] PCI: Using configuration type 1 for extended access
[   30.296679] device: 'node0': device_add
[   30.296679] bus: 'node': add device node0
[   30.296682] device: 'cpu0': device_add
[   30.296682] bus: 'cpu': add device cpu0
[   30.296690] device: 'cpu1': device_add
[   30.296690] bus: 'cpu': add device cpu1
[   30.296690] device: 'cpu2': device_add
[   30.296797] bus: 'cpu': add device cpu2
[   30.296881] device: 'cpu3': device_add
[   30.296877] kworker/u8:0 (60) used greatest stack depth: 14176 bytes left
[   30.297008] bus: 'cpu': add device cpu3
[   30.306700] device: 'writeback': device_add
[   30.306819] bus: 'workqueue': add device writeback
[   30.306934] device: 'default': device_add
[   30.307150] device class 'block': registering
[   30.307150] ACPI: Added _OSI(Module Device)
[   30.307150] ACPI: Added _OSI(Processor Device)
[   30.307150] ACPI: Added _OSI(3.0 _SCP Extensions)
[   30.307150] ACPI: Added _OSI(Processor Aggregator Device)
[   30.310463] 
**** Context Switch from TID 4294967295 to TID 133431296 ****

[   30.310630]     utils-0051 util_eval_error       : Evaluate [\_SB_.PCI0.LPC0.EC0_._GLK]: AE_NOT_FOUND
[   30.311197] Executing  Method       \_SB_.PCI0.LPC0.EC0_._REG
[   30.311846] Executing  Method       \_SB_.PCI0.LPC0.EC0_._REG
[   30.312043] Executing  Method       \_SB_.PCI0.LPC0.EC0_._REG
[   30.312241] Executing  Method       \_SB_.PCI0.LPC0.EC0_._REG
[   30.315167] Initializing Region       \_SB_.OSTY
[   30.315372] Initializing Region       \_SB_.PCI0.NBMS
[   30.315510] Initializing Region       \_SB_.PCI0.NBXP
[   30.315656] Initializing Region       \_SB_.PCI0.K8ST
[   30.315841] Initializing Region       \_SB_.PCI0.BAR1
[   30.316024] Initializing Region       \_SB_.PCI0.PB2_.XPEX
[   30.316171] Initializing Region       \_SB_.PCI0.PB2_.PCFG
[   30.316319] Initializing Region       \_SB_.PCI0.PB2_.XPCB
[   30.316468] Initializing Region       \_SB_.PCI0.PB2_.XPRI
[   30.316619] Initializing Region       \_SB_.PCI0.PB2_.VGA_.PCFG
[   30.316770] Initializing Region       \_SB_.PCI0.PB2_.HDAU.PCFG
[   30.316964] Initializing Region       \_SB_.PCI0.PB3_.XPEX
[   30.317112] Initializing Region       \_SB_.PCI0.PB3_.PCFG
[   30.317259] Initializing Region       \_SB_.PCI0.PB3_.XPCB
[   30.317408] Initializing Region       \_SB_.PCI0.PB3_.XPRI
[   30.317560] Initializing Region       \_SB_.PCI0.PB3_.VGA_.PCFG
[   30.317776] Initializing Region       \_SB_.PCI0.PB3_.HDAU.PCFG
[   30.317931] Initializing Region       \_SB_.PCI0.PB4_.XPEX
[   30.318077] Initializing Region       \_SB_.PCI0.PB4_.PCFG
[   30.318225] Initializing Region       \_SB_.PCI0.PB4_.XPCB
[   30.318373] Initializing Region       \_SB_.PCI0.PB4_.XPRI
[   30.318525] Initializing Region       \_SB_.PCI0.PB4_.XPDV.PCFG
[   30.318687] Initializing Region       \_SB_.PCI0.PB5_.XPEX
[   30.318834] Initializing Region       \_SB_.PCI0.PB5_.PCFG
[   30.318981] Initializing Region       \_SB_.PCI0.PB5_.XPCB
[   30.319124] Initializing Region       \_SB_.PCI0.PB5_.XPRI
[   30.319264] Initializing Region       \_SB_.PCI0.PB5_.XPDV.PCFG
[   30.319425] Initializing Region       \_SB_.PCI0.PB6_.XPEX
[   30.319573] Initializing Region       \_SB_.PCI0.PB6_.PCFG
[   30.319720] Initializing Region       \_SB_.PCI0.PB6_.XPCB
[   30.319868] Initializing Region       \_SB_.PCI0.PB6_.XPRI
[   30.320020] Initializing Region       \_SB_.PCI0.PB6_.XPDV.PCFG
[   30.320182] Initializing Region       \_SB_.PCI0.PB7_.XPEX
[   30.320324] Initializing Region       \_SB_.PCI0.PB7_.PCFG
[   30.320461] Initializing Region       \_SB_.PCI0.PB7_.XPCB
[   30.320610] Initializing Region       \_SB_.PCI0.PB7_.XPRI
[   30.320762] Initializing Region       \_SB_.PCI0.PB7_.XPDV.PCFG
[   30.321175] Initializing Region       \_SB_.PCI0.SATC
[   30.321369] Initializing Region       \_SB_.PCI0.RMEM
[   30.321542] Initializing Region       \_SB_.PCI0.SATA.SATX
[   30.321682] Initializing Region       \_SB_.PCI0.SATA.BAR5
[   30.336890] Initializing Region       \_SB_.PCI0.SMB_.SBRV
[   30.337100] Initializing Region       \_SB_.PCI0.SMB_.PMIO
[   30.337250] Initializing Region       \_SB_.PCI0.SMB_.ERMM
[   30.337474] Initializing Region       \_SB_.PCI0.SMB_.P1E0
[   30.337682] Initializing Region       \_SB_.PCI0.SMB_.ABIO
[   30.337832] Initializing Region       \_SB_.PCI0.SMB_.SMB0
[   30.337984] Initializing Region       \_SB_.PCI0.LPC0.PIRQ
[   30.338187] Initializing Region       \_SB_.PCI0.LPC0.LPCR
[   30.338428] Initializing Region       \_SB_.PCI0.LPC0.LPCS
[   30.340024] Initializing Region       \_SB_.PCI0.LPC0.SMI0
[   30.340182] Initializing Region       \_SB_.PCI0.LPC0.SMI1
[   30.340337] Initializing Region       \_SB_.PCI0.LPC0.EC0_.ECO1
[   30.340485] Initializing Region       \_SB_.PCI0.LPC0.EC0_.ECO2
[   30.340633] Initializing Region       \_SB_.PCI0.LPC0.EC0_.ECMB
[   30.340780] Initializing Region       \_SB_.PCI0.LPC0.EC0_.RAM_
[   30.341038] Initializing Region       \_SB_.PCI0.LPC0.EC0_.CMOS
[   30.341195] Initializing Region       \_SB_.PCI0.LPC0.EC0_.VPC0.ERAM
[   30.341395] Initializing Region       \_SB_.PCI0.SPB0.PCFG
[   30.341558] Initializing Region       \_SB_.PCI0.SPB0.XPCB
[   30.341710] Initializing Region       \_SB_.PCI0.SPB0.XPDV.PCFG
[   30.341872] Initializing Region       \_SB_.PCI0.SPB1.PCFG
[   30.342020] Initializing Region       \_SB_.PCI0.SPB1.XPCB
[   30.342171] Initializing Region       \_SB_.PCI0.SPB1.XPDV.PCFG
[   30.342333] Initializing Region       \_SB_.PCI0.SPB2.PCFG
[   30.342472] Initializing Region       \_SB_.PCI0.SPB2.XPCB
[   30.342623] Initializing Region       \_SB_.PCI0.SPB2.XPDV.PCFG
[   30.342784] Initializing Region       \_SB_.PCI0.SPB3.PCFG
[   30.342933] Initializing Region       \_SB_.PCI0.SPB3.XPCB
[   30.343084] Initializing Region       \_SB_.PCI0.SPB3.XPDV.PCFG
[   30.343458] Initializing Region       \_SB_.PCI0.VGA_.REVD
[   30.343741] Initializing BufferField  \_SB_.AMW0.WLID
[   30.344377] Initializing Region       \DEB2
[   30.344550] Initializing Region       \PMIO
[   30.344695] Initializing Region       \P01_
[   30.344861] Initializing Region       \CNVS
[   30.345005] Initializing Region       \SPRT
[   30.345164] Initializing Region       \CMIO
[   30.345468] Executing  Method       \_SB_._STA
[   30.345638] Executing  Method       \_SB_._INI
[   30.345806] Executing  Method       \_SB_.PCI0._STA
[   30.345974] Executing  Method       \_SB_.PCI0._INI
[   30.346323] [Firmware Bug]: ACPI: BIOS _OSI(Linux) query ignored
[   30.346858] Executing  Method       \_SB_.PCI0.SATA._STA
[   30.347074] Executing  Method       \_SB_.PCI0.SATA._INI
[   30.347994] Executing  Method       \_SB_.PCI0.LPC0.EC0_._REG
[   30.373467] ACPI: Interpreter enabled
[   30.373598] ACPI: (supports S0 S5)
[   30.373663] ACPI: Using IOAPIC for interrupt routing
[   30.374019] PCI: MMCONFIG for domain 0000 [bus 00-3f] at [mem 0xf8000000-0xfbffffff] (base 0xf8000000)
[   30.374917] PCI: MMCONFIG at [mem 0xf8000000-0xfbffffff] reserved in ACPI motherboard resources
[   30.375212] bus: 'acpi': registered
[   30.375278] PCI: Using host bridge windows from ACPI; if necessary, use "pci=nocrs" and report a bug
[   30.375429]      scan-1141 get_device_data       : No context for object [ffffffffffffffff]
[   30.375645]     utils-0051 util_eval_error       : Evaluate [\._STA]: AE_NOT_FOUND
[   30.375873] device: 'LNXSYSTM:00': device_add
[   30.375943] bus: 'acpi': add device LNXSYSTM:00
[   30.376034]     utils-0051 util_eval_error       : Evaluate [\._SUN]: AE_NOT_FOUND
[   30.376682]      scan-1933 add_single_object     : Added LNXSYSTM:00 [\] parent (null)
[   30.376682]      scan-1141 get_device_data       : No context for object [ffff88040d81d000]
[   30.376682]      scan-1141 get_device_data       : No context for object [ffff88040d8377d0]
[   30.376807]      scan-1141 get_device_data       : No context for object [ffff88040d8377f8]
[   30.377003]      scan-1141 get_device_data       : No context for object [ffff88040d837820]
[   30.377180]      scan-1141 get_device_data       : No context for object [ffff88040d837848]
[   30.377375]      scan-1141 get_device_data       : No context for object [ffff88040d837870]
[   30.378495]      scan-1141 get_device_data       : No context for object [ffff88040d837898]
[   30.378689]      scan-1141 get_device_data       : No context for object [ffff88040d8378c0]
[   30.378882]      scan-1141 get_device_data       : No context for object [ffff88040d8378e8]
[   30.379076]      scan-1141 get_device_data       : No context for object [ffff88040d839398]
[   30.379273]      scan-1141 get_device_data       : No context for object [ffff88040d81d028]
[   30.379467]      scan-1141 get_device_data       : No context for object [ffff88040d81d168]
[   30.379663]     utils-0051 util_eval_error       : Evaluate [\_PR_.C000._STA]: AE_NOT_FOUND
[   30.379859]      scan-1141 get_device_data       : No context for object [ffff88040d81d028]
[   30.380007] device: 'LNXCPU:00': device_add
[   30.380065] bus: 'acpi': add device LNXCPU:00
[   30.380139]     utils-0051 util_eval_error       : Evaluate [\_PR_.C000._SUN]: AE_NOT_FOUND
[   30.380325]      scan-1933 add_single_object     : Added LNXCPU:00 [\_PR_.C000] parent LNXSYSTM:00
[   30.380525]      scan-1141 get_device_data       : No context for object [ffff88040d83c398]
[   30.380719]      scan-1141 get_device_data       : No context for object [ffff88040d83c3c0]
[   30.380913]      scan-1141 get_device_data       : No context for object [ffff88040d83c3e8]
[   30.381090]      scan-1141 get_device_data       : No context for object [ffff88040d83c410]
[   30.381285]      scan-1141 get_device_data       : No context for object [ffff88040d83c438]
[   30.381482]      scan-1141 get_device_data       : No context for object [ffff88040d83c460]
[   30.381679]      scan-1141 get_device_data       : No context for object [ffff88040d81d190]
[   30.381878]     utils-0051 util_eval_error       : Evaluate [\_PR_.C001._STA]: AE_NOT_FOUND
[   30.382056]      scan-1141 get_device_data       : No context for object [ffff88040d81d028]
[   30.382262] device: 'LNXCPU:01': device_add
[   30.382325] bus: 'acpi': add device LNXCPU:01
[   30.382396]     utils-0051 util_eval_error       : Evaluate [\_PR_.C001._SUN]: AE_NOT_FOUND
[   30.382597]      scan-1933 add_single_object     : Added LNXCPU:01 [\_PR_.C001] parent LNXSYSTM:00
[   30.382798]      scan-1141 get_device_data       : No context for object [ffff88040d83c488]
[   30.382995]      scan-1141 get_device_data       : No context for object [ffff88040d83c4b0]
[   30.383146]      scan-1141 get_device_data       : No context for object [ffff88040d83c4d8]
[   30.383336]      scan-1141 get_device_data       : No context for object [ffff88040d83c500]
[   30.383533]      scan-1141 get_device_data       : No context for object [ffff88040d83c528]
[   30.383730]      scan-1141 get_device_data       : No context for object [ffff88040d83c550]
[   30.383927]      scan-1141 get_device_data       : No context for object [ffff88040d81d1b8]
[   30.384105]     utils-0051 util_eval_error       : Evaluate [\_PR_.C002._STA]: AE_NOT_FOUND
[   30.384304]      scan-1141 get_device_data       : No context for object [ffff88040d81d028]
[   30.384510] device: 'LNXCPU:02': device_add
[   30.384573] bus: 'acpi': add device LNXCPU:02
[   30.384647]     utils-0051 util_eval_error       : Evaluate [\_PR_.C002._SUN]: AE_NOT_FOUND
[   30.384852]      scan-1933 add_single_object     : Added LNXCPU:02 [\_PR_.C002] parent LNXSYSTM:00
[   30.385050]      scan-1141 get_device_data       : No context for object [ffff88040d83c578]
[   30.385247]      scan-1141 get_device_data       : No context for object [ffff88040d83c5a0]
[   30.385444]      scan-1141 get_device_data       : No context for object [ffff88040d83c5c8]
[   30.385641]      scan-1141 get_device_data       : No context for object [ffff88040d83c5f0]
[   30.385839]      scan-1141 get_device_data       : No context for object [ffff88040d83c618]
[   30.386036]      scan-1141 get_device_data       : No context for object [ffff88040d83c640]
[   30.386230]      scan-1141 get_device_data       : No context for object [ffff88040d81d1e0]
[   30.386430]     utils-0051 util_eval_error       : Evaluate [\_PR_.C003._STA]: AE_NOT_FOUND
[   30.386669]      scan-1141 get_device_data       : No context for object [ffff88040d81d028]
[   30.386876] device: 'LNXCPU:03': device_add
[   30.386939] bus: 'acpi': add device LNXCPU:03
[   30.387013]     utils-0051 util_eval_error       : Evaluate [\_PR_.C003._SUN]: AE_NOT_FOUND
[   30.387174]      scan-1933 add_single_object     : Added LNXCPU:03 [\_PR_.C003] parent LNXSYSTM:00
[   30.387352]      scan-1141 get_device_data       : No context for object [ffff88040d83c668]
[   30.387545]      scan-1141 get_device_data       : No context for object [ffff88040d83c690]
[   30.387743]      scan-1141 get_device_data       : No context for object [ffff88040d83c6b8]
[   30.387940]      scan-1141 get_device_data       : No context for object [ffff88040d83c6e0]
[   30.388117]      scan-1141 get_device_data       : No context for object [ffff88040d83c708]
[   30.388315]      scan-1141 get_device_data       : No context for object [ffff88040d83c730]
[   30.388512]      scan-1141 get_device_data       : No context for object [ffff88040d81d050]
[   30.388708]     utils-0051 util_eval_error       : Evaluate [\_SB_._STA]: AE_NOT_FOUND
[   30.388955] device: 'LNXSYBUS:00': device_add
[   30.389064] bus: 'acpi': add device LNXSYBUS:00
[   30.389142]     utils-0051 util_eval_error       : Evaluate [\_SB_._SUN]: AE_NOT_FOUND
[   30.389329]      scan-1933 add_single_object     : Added LNXSYBUS:00 [\_SB_] parent LNXSYSTM:00
[   30.389535]      scan-1141 get_device_data       : No context for object [ffff88040d81d3c0]
[   30.389732]      scan-1141 get_device_data       : No context for object [ffff88040d81d3e8]
[   30.389927]      scan-1141 get_device_data       : No context for object [ffff88040d81d410]
[   30.390110]      scan-1141 get_device_data       : No context for object [ffff88040d81d438]
[   30.390307]      scan-1141 get_device_data       : No context for object [ffff88040d81d460]
[   30.390504]      scan-1141 get_device_data       : No context for object [ffff88040d81d488]
[   30.390701]      scan-1141 get_device_data       : No context for object [ffff88040d81d4b0]
[   30.390898]      scan-1141 get_device_data       : No context for object [ffff88040d81d5a0]
[   30.391096]     utils-0051 util_eval_error       : Evaluate [\_SB_.PWRB._STA]: AE_NOT_FOUND
[   30.391323] device: 'PNP0C0C:00': device_add
[   30.391386] bus: 'acpi': add device PNP0C0C:00
[   30.391462]     utils-0051 util_eval_error       : Evaluate [\_SB_.PWRB._SUN]: AE_NOT_FOUND
[   30.391668]      scan-1933 add_single_object     : Added PNP0C0C:00 [\_SB_.PWRB] parent LNXSYBUS:00
[   30.391876]      scan-1141 get_device_data       : No context for object [ffff88040d81d5c8]
[   30.392075]      scan-1141 get_device_data       : No context for object [ffff88040d81d5f0]
[   30.392252]     utils-0051 util_eval_error       : Evaluate [\_SB_.PCI0._STA]: AE_NOT_FOUND
[   30.392501] device: 'PNP0A08:00': device_add
[   30.392610] bus: 'acpi': add device PNP0A08:00
[   30.392691]     utils-0051 util_eval_error       : Evaluate [\_SB_.PCI0._SUN]: AE_NOT_FOUND
[   30.393356]      scan-1933 add_single_object     : Added PNP0A08:00 [\_SB_.PCI0] parent LNXSYBUS:00
[   30.393356]      scan-1141 get_device_data       : No context for object [ffff88040d81d618]
[   30.393356]      scan-1141 get_device_data       : No context for object [ffff88040d81d640]
[   30.393497]      scan-1141 get_device_data       : No context for object [ffff88040d81d668]
[   30.393687]      scan-1141 get_device_data       : No context for object [ffff88040d81d690]
[   30.393883]      scan-1141 get_device_data       : No context for object [ffff88040d81d6b8]
[   30.394077]      scan-1141 get_device_data       : No context for object [ffff88040d81d6e0]
[   30.394272]      scan-1141 get_device_data       : No context for object [ffff88040d81d708]
[   30.394466]      scan-1141 get_device_data       : No context for object [ffff88040d81d730]
[   30.394660]      scan-1141 get_device_data       : No context for object [ffff88040d81d758]
[   30.394852]      scan-1141 get_device_data       : No context for object [ffff88040d81d780]
[   30.395046]      scan-1141 get_device_data       : No context for object [ffff88040d81d7a8]
[   30.395195]      scan-1141 get_device_data       : No context for object [ffff88040d81d7d0]
[   30.395371]      scan-1141 get_device_data       : No context for object [ffff88040d81d7f8]
[   30.395566]      scan-1141 get_device_data       : No context for object [ffff88040d81d820]
[   30.396669]      scan-1141 get_device_data       : No context for object [ffff88040d81d848]
[   30.396863]      scan-1141 get_device_data       : No context for object [ffff88040d81d870]
[   30.397057]      scan-1141 get_device_data       : No context for object [ffff88040d81d898]
[   30.397250]      scan-1141 get_device_data       : No context for object [ffff88040d81d8c0]
[   30.397444]      scan-1141 get_device_data       : No context for object [ffff88040d81d8e8]
[   30.397639]      scan-1141 get_device_data       : No context for object [ffff88040d81d910]
[   30.397836]      scan-1141 get_device_data       : No context for object [ffff88040d81d938]
[   30.398034]      scan-1141 get_device_data       : No context for object [ffff88040d81d960]
[   30.398213]      scan-1141 get_device_data       : No context for object [ffff88040d81d988]
[   30.398411]      scan-1141 get_device_data       : No context for object [ffff88040d81d9b0]
[   30.398606]      scan-1141 get_device_data       : No context for object [ffff88040d81d9d8]
[   30.398803]      scan-1141 get_device_data       : No context for object [ffff88040d81da00]
[   30.399000]      scan-1141 get_device_data       : No context for object [ffff88040d81da28]
[   30.399151]      scan-1141 get_device_data       : No context for object [ffff88040d81da50]
[   30.399328]      scan-1141 get_device_data       : No context for object [ffff88040d81da78]
[   30.399526]      scan-1141 get_device_data       : No context for object [ffff88040d81daa0]
[   30.399720]      scan-1141 get_device_data       : No context for object [ffff88040d81dac8]
[   30.399918]      scan-1141 get_device_data       : No context for object [ffff88040d81daf0]
[   30.400109]      scan-1141 get_device_data       : No context for object [ffff88040d81db18]
[   30.400307]      scan-1141 get_device_data       : No context for object [ffff88040d81db40]
[   30.400504]      scan-1141 get_device_data       : No context for object [ffff88040d81db68]
[   30.400701]      scan-1141 get_device_data       : No context for object [ffff88040d81db90]
[   30.400898]      scan-1141 get_device_data       : No context for object [ffff88040d81dbb8]
[   30.401092]      scan-1141 get_device_data       : No context for object [ffff88040d81dbe0]
[   30.401290]      scan-1141 get_device_data       : No context for object [ffff88040d81dc08]
[   30.401487]      scan-1141 get_device_data       : No context for object [ffff88040d81dc30]
[   30.401684]      scan-1141 get_device_data       : No context for object [ffff88040d81dc58]
[   30.401881]      scan-1141 get_device_data       : No context for object [ffff88040d81dc80]
[   30.402078]      scan-1141 get_device_data       : No context for object [ffff88040d81dca8]
[   30.402270]      scan-1141 get_device_data       : No context for object [ffff88040d81dcd0]
[   30.402468]      scan-1141 get_device_data       : No context for object [ffff88040d81dcf8]
[   30.402666]      scan-1141 get_device_data       : No context for object [ffff88040d81dd20]
[   30.402863]      scan-1141 get_device_data       : No context for object [ffff88040d81dd48]
[   30.403061]      scan-1141 get_device_data       : No context for object [ffff88040d81dd70]
[   30.403237]      scan-1141 get_device_data       : No context for object [ffff88040d81dd98]
[   30.403461]      scan-1141 get_device_data       : No context for object [ffff88040d81ddc0]
[   30.403658]      scan-1141 get_device_data       : No context for object [ffff88040d81dde8]
[   30.403855]      scan-1141 get_device_data       : No context for object [ffff88040d81de10]
[   30.404052]      scan-1141 get_device_data       : No context for object [ffff88040d81de38]
[   30.404204]      scan-1141 get_device_data       : No context for object [ffff88040d81de60]
[   30.404381]      scan-1141 get_device_data       : No context for object [ffff88040d81de88]
[   30.404578]      scan-1141 get_device_data       : No context for object [ffff88040d81deb0]
[   30.404771]      scan-1141 get_device_data       : No context for object [ffff88040d81ded8]
[   30.404968]      scan-1141 get_device_data       : No context for object [ffff88040d81df00]
[   30.405145]      scan-1141 get_device_data       : No context for object [ffff88040d81df28]
[   30.405343]      scan-1141 get_device_data       : No context for object [ffff88040d81df50]
[   30.405540]      scan-1141 get_device_data       : No context for object [ffff88040d81df78]
[   30.405739]      scan-1141 get_device_data       : No context for object [ffff88040d81dfa0]
[   30.405931]      scan-1141 get_device_data       : No context for object [ffff88040d81dfc8]
[   30.406122]      scan-1141 get_device_data       : No context for object [ffff88040d822000]
[   30.406320]      scan-1141 get_device_data       : No context for object [ffff88040d822028]
[   30.406519]     utils-0051 util_eval_error       : Evaluate [\_SB_.PCI0.MEMR._STA]: AE_NOT_FOUND
[   30.406702] device: 'PNP0C02:00': device_add
[   30.406766] bus: 'acpi': add device PNP0C02:00
[   30.406841]     utils-0051 util_eval_error       : Evaluate [\_SB_.PCI0.MEMR._SUN]: AE_NOT_FOUND
[   30.407043]      scan-1933 add_single_object     : Added PNP0C02:00 [\_SB_.PCI0.MEMR] parent PNP0A08:00
[   30.407225]      scan-1141 get_device_data       : No context for object [ffff88040d822050]
[   30.407422]      scan-1141 get_device_data       : No context for object [ffff88040d822078]
[   30.407620]      scan-1141 get_device_data       : No context for object [ffff88040d8220a0]
[   30.407817]      scan-1141 get_device_data       : No context for object [ffff88040d8220c8]
[   30.408015]      scan-1141 get_device_data       : No context for object [ffff88040d8220f0]
[   30.408166]      scan-1141 get_device_data       : No context for object [ffff88040d822118]
[   30.408338]      scan-1141 get_device_data       : No context for object [ffff88040d822140]
[   30.408536]      scan-1141 get_device_data       : No context for object [ffff88040d822168]
[   30.408733]      scan-1141 get_device_data       : No context for object [ffff88040d822190]
[   30.408931]      scan-1141 get_device_data       : No context for object [ffff88040d8221b8]
[   30.409109]      scan-1141 get_device_data       : No context for object [ffff88040d8221e0]
[   30.409306]      scan-1141 get_device_data       : No context for object [ffff88040d822208]
[   30.409501]      scan-1141 get_device_data       : No context for object [ffff88040d822230]
[   30.409698]      scan-1141 get_device_data       : No context for object [ffff88040d822258]
[   30.409896]      scan-1141 get_device_data       : No context for object [ffff88040d822280]
[   30.410110]      scan-1141 get_device_data       : No context for object [ffff88040d8222a8]
[   30.410306]     utils-0051 util_eval_error       : Evaluate [\_SB_.PCI0.PB2_._STA]: AE_NOT_FOUND
[   30.410606] device: 'device:00': device_add
[   30.410667] bus: 'acpi': add device device:00
[   30.410733]     utils-0051 util_eval_error       : Evaluate [\_SB_.PCI0.PB2_._SUN]: AE_NOT_FOUND
[   30.410934]      scan-1933 add_single_object     : Added device:00 [\_SB_.PCI0.PB2_] parent PNP0A08:00
[   30.411115]      scan-1141 get_device_data       : No context for object [ffff88040d8222d0]
[   30.411311]      scan-1141 get_device_data       : No context for object [ffff88040d8222f8]
[   30.411506]      scan-1141 get_device_data       : No context for object [ffff88040d822320]
[   30.411700]      scan-1141 get_device_data       : No context for object [ffff88040d822348]
[   30.411893]      scan-1141 get_device_data       : No context for object [ffff88040d822370]
[   30.412082]      scan-1141 get_device_data       : No context for object [ffff88040d822398]
[   30.412277]      scan-1141 get_device_data       : No context for object [ffff88040d8223c0]
[   30.412473]      scan-1141 get_device_data       : No context for object [ffff88040d8223e8]
[   30.412667]      scan-1141 get_device_data       : No context for object [ffff88040d822410]
[   30.412862]      scan-1141 get_device_data       : No context for object [ffff88040d822438]
[   30.413057]      scan-1141 get_device_data       : No context for object [ffff88040d822460]
[   30.413203]      scan-1141 get_device_data       : No context for object [ffff88040d822488]
[   30.413336]      scan-1141 get_device_data       : No context for object [ffff88040d8224b0]
[   30.413531]      scan-1141 get_device_data       : No context for object [ffff88040d8224d8]
[   30.413726]      scan-1141 get_device_data       : No context for object [ffff88040d822500]
[   30.414891]      scan-1141 get_device_data       : No context for object [ffff88040d822528]
[   30.415069]      scan-1141 get_device_data       : No context for object [ffff88040d822550]
[   30.415265]      scan-1141 get_device_data       : No context for object [ffff88040d822578]
[   30.415463]      scan-1141 get_device_data       : No context for object [ffff88040d8225a0]
[   30.415657]      scan-1141 get_device_data       : No context for object [ffff88040d8225c8]
[   30.415855]      scan-1141 get_device_data       : No context for object [ffff88040d8225f0]
[   30.416052]      scan-1141 get_device_data       : No context for object [ffff88040d822618]
[   30.416250]      scan-1141 get_device_data       : No context for object [ffff88040d822640]
[   30.416447]      scan-1141 get_device_data       : No context for object [ffff88040d822668]
[   30.416669]      scan-1141 get_device_data       : No context for object [ffff88040d822690]
[   30.416864]      scan-1141 get_device_data       : No context for object [ffff88040d8226b8]
[   30.417060]      scan-1141 get_device_data       : No context for object [ffff88040d8226e0]
[   30.417258]      scan-1141 get_device_data       : No context for object [ffff88040d822708]
[   30.417455]      scan-1141 get_device_data       : No context for object [ffff88040d822730]
[   30.417653]      scan-1141 get_device_data       : No context for object [ffff88040d822758]
[   30.417850]      scan-1141 get_device_data       : No context for object [ffff88040d822780]
[   30.418049]     utils-0051 util_eval_error       : Evaluate [\_SB_.PCI0.PB2_.VGA_._STA]: AE_NOT_FOUND
[   30.418262] device: 'device:01': device_add
[   30.418371] bus: 'acpi': add device device:01
[   30.418448]     utils-0051 util_eval_error       : Evaluate [\_SB_.PCI0.PB2_.VGA_._SUN]: AE_NOT_FOUND
[   30.418655]      scan-1933 add_single_object     : Added device:01 [\_SB_.PCI0.PB2_.VGA_] parent device:00
[   30.418858]      scan-1141 get_device_data       : No context for object [ffff88040d8227a8]
[   30.419055]      scan-1141 get_device_data       : No context for object [ffff88040d8227d0]
[   30.419232]      scan-1141 get_device_data       : No context for object [ffff88040d8227f8]
[   30.419424]      scan-1141 get_device_data       : No context for object [ffff88040d822820]
[   30.419621]      scan-1141 get_device_data       : No context for object [ffff88040d822848]
[   30.419819]      scan-1141 get_device_data       : No context for object [ffff88040d822870]
[   30.420002]      scan-1141 get_device_data       : No context for object [ffff88040d822898]
[   30.420153]      scan-1141 get_device_data       : No context for object [ffff88040d8228c0]
[   30.420330]      scan-1141 get_device_data       : No context for object [ffff88040d8228e8]
[   30.420526]      scan-1141 get_device_data       : No context for object [ffff88040d822910]
[   30.420721]      scan-1141 get_device_data       : No context for object [ffff88040d822938]
[   30.420919]      scan-1141 get_device_data       : No context for object [ffff88040d822960]
[   30.421096]      scan-1141 get_device_data       : No context for object [ffff88040d822988]
[   30.421293]      scan-1141 get_device_data       : No context for object [ffff88040d8229b0]
[   30.421490]      scan-1141 get_device_data       : No context for object [ffff88040d8229d8]
[   30.421687]      scan-1141 get_device_data       : No context for object [ffff88040d822a00]
[   30.421880]      scan-1141 get_device_data       : No context for object [ffff88040d822a28]
[   30.422072]      scan-1141 get_device_data       : No context for object [ffff88040d822a50]
[   30.422269]      scan-1141 get_device_data       : No context for object [ffff88040d822a78]
[   30.422466]      scan-1141 get_device_data       : No context for object [ffff88040d822aa0]
[   30.422663]      scan-1141 get_device_data       : No context for object [ffff88040d822ac8]
[   30.422861]      scan-1141 get_device_data       : No context for object [ffff88040d822af0]
[   30.423053]      scan-1141 get_device_data       : No context for object [ffff88040d822b18]
[   30.423251]      scan-1141 get_device_data       : No context for object [ffff88040d822b40]
[   30.423497]      scan-1141 get_device_data       : No context for object [ffff88040d822b68]
[   30.423694]      scan-1141 get_device_data       : No context for object [ffff88040d822b90]
[   30.423891]      scan-1141 get_device_data       : No context for object [ffff88040d822bb8]
[   30.424089]      scan-1141 get_device_data       : No context for object [ffff88040d822be0]
[   30.424284]      scan-1141 get_device_data       : No context for object [ffff88040d822c08]
[   30.424481]      scan-1141 get_device_data       : No context for object [ffff88040d822c30]
[   30.424678]      scan-1141 get_device_data       : No context for object [ffff88040d822c58]
[   30.424876]      scan-1141 get_device_data       : No context for object [ffff88040d822c80]
[   30.425073]      scan-1141 get_device_data       : No context for object [ffff88040d822ca8]
[   30.425273]      scan-1141 get_device_data       : No context for object [ffff88040d822cd0]
[   30.425469]      scan-1141 get_device_data       : No context for object [ffff88040d822cf8]
[   30.425663]      scan-1141 get_device_data       : No context for object [ffff88040d822d20]
[   30.425861]      scan-1141 get_device_data       : No context for object [ffff88040d822d48]
[   30.426058]      scan-1141 get_device_data       : No context for object [ffff88040d822d70]
[   30.426211]      scan-1141 get_device_data       : No context for object [ffff88040d822d98]
[   30.426388]      scan-1141 get_device_data       : No context for object [ffff88040d837438]
[   30.426586]      scan-1141 get_device_data       : No context for object [ffff88040d822dc0]
[   30.426669]     utils-0051 util_eval_error       : Evaluate [\_SB_.PCI0.PB2_.HDAU._STA]: AE_NOT_FOUND
[   30.426902] device: 'device:02': device_add
[   30.426962] bus: 'acpi': add device device:02
[   30.427036]     utils-0051 util_eval_error       : Evaluate [\_SB_.PCI0.PB2_.HDAU._SUN]: AE_NOT_FOUND
[   30.427222]      scan-1933 add_single_object     : Added device:02 [\_SB_.PCI0.PB2_.HDAU] parent device:00
[   30.427422]      scan-1141 get_device_data       : No context for object [ffff88040d822de8]
[   30.427616]      scan-1141 get_device_data       : No context for object [ffff88040d822e10]
[   30.427812]      scan-1141 get_device_data       : No context for object [ffff88040d822e38]
[   30.428003]      scan-1141 get_device_data       : No context for object [ffff88040d822e60]
[   30.428196]      scan-1141 get_device_data       : No context for object [ffff88040d822e88]
[   30.428392]      scan-1141 get_device_data       : No context for object [ffff88040d822eb0]
[   30.428587]      scan-1141 get_device_data       : No context for object [ffff88040d822ed8]
[   30.428782]     utils-0051 util_eval_error       : Evaluate [\_SB_.PCI0.PB3_._STA]: AE_NOT_FOUND
[   30.429008] device: 'device:03': device_add
[   30.429066] bus: 'acpi': add device device:03
[   30.429139]     utils-0051 util_eval_error       : Evaluate [\_SB_.PCI0.PB3_._SUN]: AE_NOT_FOUND
[   30.430006]      scan-1933 add_single_object     : Added device:03 [\_SB_.PCI0.PB3_] parent PNP0A08:00
[   30.430006]      scan-1141 get_device_data       : No context for object [ffff88040d822f00]
[   30.430006]      scan-1141 get_device_data       : No context for object [ffff88040d822f28]
[   30.430006]      scan-1141 get_device_data       : No context for object [ffff88040d822f50]
[   30.430149]      scan-1141 get_device_data       : No context for object [ffff88040d822f78]
[   30.430326]      scan-1141 get_device_data       : No context for object [ffff88040d822fa0]
[   30.430517]      scan-1141 get_device_data       : No context for object [ffff88040d822fc8]
[   30.430712]      scan-1141 get_device_data       : No context for object [ffff88040d823000]
[   30.430905]      scan-1141 get_device_data       : No context for object [ffff88040d823028]
[   30.431097]      scan-1141 get_device_data       : No context for object [ffff88040d823050]
[   30.431294]      scan-1141 get_device_data       : No context for object [ffff88040d823078]
[   30.431490]      scan-1141 get_device_data       : No context for object [ffff88040d8230a0]
[   30.431683]      scan-1141 get_device_data       : No context for object [ffff88040d8230c8]
[   30.431880]      scan-1141 get_device_data       : No context for object [ffff88040d8230f0]
[   30.432077]      scan-1141 get_device_data       : No context for object [ffff88040d823118]
[   30.433293]      scan-1141 get_device_data       : No context for object [ffff88040d823140]
[   30.433497]      scan-1141 get_device_data       : No context for object [ffff88040d823168]
[   30.433694]      scan-1141 get_device_data       : No context for object [ffff88040d823190]
[   30.433892]      scan-1141 get_device_data       : No context for object [ffff88040d8231b8]
[   30.434086]      scan-1141 get_device_data       : No context for object [ffff88040d8231e0]
[   30.434284]      scan-1141 get_device_data       : No context for object [ffff88040d823208]
[   30.434481]      scan-1141 get_device_data       : No context for object [ffff88040d823230]
[   30.434678]      scan-1141 get_device_data       : No context for object [ffff88040d823258]
[   30.434876]      scan-1141 get_device_data       : No context for object [ffff88040d823280]
[   30.435074]      scan-1141 get_device_data       : No context for object [ffff88040d8232a8]
[   30.435270]      scan-1141 get_device_data       : No context for object [ffff88040d8232d0]
[   30.435465]      scan-1141 get_device_data       : No context for object [ffff88040d8232f8]
[   30.435662]      scan-1141 get_device_data       : No context for object [ffff88040d823320]
[   30.435860]      scan-1141 get_device_data       : No context for object [ffff88040d823348]
[   30.436057]      scan-1141 get_device_data       : No context for object [ffff88040d823370]
[   30.436235]      scan-1141 get_device_data       : No context for object [ffff88040d823398]
[   30.436433]      scan-1141 get_device_data       : No context for object [ffff88040d8233c0]
[   30.436628]     utils-0051 util_eval_error       : Evaluate [\_SB_.PCI0.PB3_.VGA_._STA]: AE_NOT_FOUND
[   30.436862]     video-0058 backlight_cap_match   : Found generic backlight support
[   30.437070] device: 'LNXVIDEO:00': device_add
[   30.437133] bus: 'acpi': add device LNXVIDEO:00
[   30.437213]     utils-0051 util_eval_error       : Evaluate [\_SB_.PCI0.PB3_.VGA_._SUN]: AE_NOT_FOUND
[   30.437399]      scan-1933 add_single_object     : Added LNXVIDEO:00 [\_SB_.PCI0.PB3_.VGA_] parent device:03
[   30.437607]      scan-1141 get_device_data       : No context for object [ffff88040d8233e8]
[   30.437798]      scan-1141 get_device_data       : No context for object [ffff88040d823410]
[   30.437997]      scan-1141 get_device_data       : No context for object [ffff88040d823438]
[   30.438175]      scan-1141 get_device_data       : No context for object [ffff88040d823460]
[   30.438372]      scan-1141 get_device_data       : No context for object [ffff88040d823488]
[   30.438570]      scan-1141 get_device_data       : No context for object [ffff88040d8234b0]
[   30.438767]      scan-1141 get_device_data       : No context for object [ffff88040d8234d8]
[   30.438962]      scan-1141 get_device_data       : No context for object [ffff88040d823500]
[   30.439139]      scan-1141 get_device_data       : No context for object [ffff88040d823528]
[   30.439336]      scan-1141 get_device_data       : No context for object [ffff88040d823550]
[   30.439534]      scan-1141 get_device_data       : No context for object [ffff88040d823578]
[   30.439731]      scan-1141 get_device_data       : No context for object [ffff88040d8235a0]
[   30.439929]      scan-1141 get_device_data       : No context for object [ffff88040d8235c8]
[   30.440110]      scan-1141 get_device_data       : No context for object [ffff88040d8235f0]
[   30.440303]      scan-1141 get_device_data       : No context for object [ffff88040d823618]
[   30.440500]      scan-1141 get_device_data       : No context for object [ffff88040d823640]
[   30.440698]      scan-1141 get_device_data       : No context for object [ffff88040d823668]
[   30.440895]      scan-1141 get_device_data       : No context for object [ffff88040d823690]
[   30.441093]      scan-1141 get_device_data       : No context for object [ffff88040d8236b8]
[   30.441292]      scan-1141 get_device_data       : No context for object [ffff88040d8236e0]
[   30.441484]      scan-1141 get_device_data       : No context for object [ffff88040d823708]
[   30.441682]      scan-1141 get_device_data       : No context for object [ffff88040d823730]
[   30.441879]      scan-1141 get_device_data       : No context for object [ffff88040d823758]
[   30.442076]      scan-1141 get_device_data       : No context for object [ffff88040d823780]
[   30.442253]      scan-1141 get_device_data       : No context for object [ffff88040d8237a8]
[   30.442450]      scan-1141 get_device_data       : No context for object [ffff88040d8237d0]
[   30.442646]      scan-1141 get_device_data       : No context for object [ffff88040d8237f8]
[   30.442843]      scan-1141 get_device_data       : No context for object [ffff88040d823820]
[   30.443040]      scan-1141 get_device_data       : No context for object [ffff88040d823848]
[   30.443192]      scan-1141 get_device_data       : No context for object [ffff88040d823870]
[   30.443335]      scan-1141 get_device_data       : No context for object [ffff88040d823898]
[   30.443530]      scan-1141 get_device_data       : No context for object [ffff88040d8238c0]
[   30.443723]      scan-1141 get_device_data       : No context for object [ffff88040d8238e8]
[   30.443915]      scan-1141 get_device_data       : No context for object [ffff88040d823910]
[   30.444092]      scan-1141 get_device_data       : No context for object [ffff88040d823938]
[   30.444286]      scan-1141 get_device_data       : No context for object [ffff88040d823960]
[   30.444481]      scan-1141 get_device_data       : No context for object [ffff88040d823988]
[   30.444675]      scan-1141 get_device_data       : No context for object [ffff88040d8239b0]
[   30.444870]      scan-1141 get_device_data       : No context for object [ffff88040d8239d8]
[   30.445063]      scan-1141 get_device_data       : No context for object [ffff88040d837460]
[   30.445256]      scan-1141 get_device_data       : No context for object [ffff88040d83ac08]
[   30.445450]      scan-1141 get_device_data       : No context for object [ffff88040d83ac30]
[   30.445644]      scan-1141 get_device_data       : No context for object [ffff88040d83ac58]
[   30.445841]     utils-0051 util_eval_error       : Evaluate [\_SB_.PCI0.PB3_.VGA_.CRT_._STA]: AE_NOT_FOUND
[   30.446081] device: 'device:04': device_add
[   30.446171] bus: 'acpi': add device device:04
[   30.446236]     utils-0051 util_eval_error       : Evaluate [\_SB_.PCI0.PB3_.VGA_.CRT_._SUN]: AE_NOT_FOUND
[   30.446704]      scan-1933 add_single_object     : Added device:04 [\_SB_.PCI0.PB3_.VGA_.CRT_] parent LNXVIDEO:00
[   30.446704]      scan-1141 get_device_data       : No context for object [ffff88040d83ac80]
[   30.446869]      scan-1141 get_device_data       : No context for object [ffff88040d83aca8]
[   30.447065]      scan-1141 get_device_data       : No context for object [ffff88040d83acd0]
[   30.447248]      scan-1141 get_device_data       : No context for object [ffff88040d83acf8]
[   30.447442]      scan-1141 get_device_data       : No context for object [ffff88040d83ad20]
[   30.447633]     utils-0051 util_eval_error       : Evaluate [\_SB_.PCI0.PB3_.VGA_.LCD_._STA]: AE_NOT_FOUND
[   30.447875] device: 'device:05': device_add
[   30.447985] bus: 'acpi': add device device:05
[   30.448060]     utils-0051 util_eval_error       : Evaluate [\_SB_.PCI0.PB3_.VGA_.LCD_._SUN]: AE_NOT_FOUND
[   30.448248]      scan-1933 add_single_object     : Added device:05 [\_SB_.PCI0.PB3_.VGA_.LCD_] parent LNXVIDEO:00
[   30.448450]      scan-1141 get_device_data       : No context for object [ffff88040d83ad48]
[   30.448647]      scan-1141 get_device_data       : No context for object [ffff88040d83ad70]
[   30.448842]      scan-1141 get_device_data       : No context for object [ffff88040d83ad98]
[   30.449039]      scan-1141 get_device_data       : No context for object [ffff88040d83adc0]
[   30.449191]      scan-1141 get_device_data       : No context for object [ffff88040d83ade8]
[   30.449368]      scan-1141 get_device_data       : No context for object [ffff88040d83ae10]
[   30.449566]      scan-1141 get_device_data       : No context for object [ffff88040d83ae38]
[   30.449764]      scan-1141 get_device_data       : No context for object [ffff88040d83ae60]
[   30.449961]     utils-0051 util_eval_error       : Evaluate [\_SB_.PCI0.PB3_.VGA_.TV0_._STA]: AE_NOT_FOUND
[   30.450176] device: 'device:06': device_add
[   30.450239] bus: 'acpi': add device device:06
[   30.450316]     utils-0051 util_eval_error       : Evaluate [\_SB_.PCI0.PB3_.VGA_.TV0_._SUN]: AE_NOT_FOUND
[   30.450524]      scan-1933 add_single_object     : Added device:06 [\_SB_.PCI0.PB3_.VGA_.TV0_] parent LNXVIDEO:00
[   30.451743]      scan-1141 get_device_data       : No context for object [ffff88040d83ae88]
[   30.451940]      scan-1141 get_device_data       : No context for object [ffff88040d83aeb0]
[   30.452117]      scan-1141 get_device_data       : No context for object [ffff88040d83aed8]
[   30.452314]      scan-1141 get_device_data       : No context for object [ffff88040d83af00]
[   30.452509]      scan-1141 get_device_data       : No context for object [ffff88040d83af28]
[   30.452709]     utils-0051 util_eval_error       : Evaluate [\_SB_.PCI0.PB3_.VGA_.HDMI._STA]: AE_NOT_FOUND
[   30.452951] device: 'device:07': device_add
[   30.453060] bus: 'acpi': add device device:07
[   30.453134]     utils-0051 util_eval_error       : Evaluate [\_SB_.PCI0.PB3_.VGA_.HDMI._SUN]: AE_NOT_FOUND
[   30.453370]      scan-1933 add_single_object     : Added device:07 [\_SB_.PCI0.PB3_.VGA_.HDMI] parent LNXVIDEO:00
[   30.453538]      scan-1141 get_device_data       : No context for object [ffff88040d83af50]
[   30.453733]      scan-1141 get_device_data       : No context for object [ffff88040d83af78]
[   30.453931]      scan-1141 get_device_data       : No context for object [ffff88040d83afa0]
[   30.454125]      scan-1141 get_device_data       : No context for object [ffff88040d83afc8]
[   30.454323]      scan-1141 get_device_data       : No context for object [ffff88040d823a00]
[   30.454521]     utils-0051 util_eval_error       : Evaluate [\_SB_.PCI0.PB3_.HDAU._STA]: AE_NOT_FOUND
[   30.454754] device: 'device:08': device_add
[   30.454819] bus: 'acpi': add device device:08
[   30.454885]     utils-0051 util_eval_error       : Evaluate [\_SB_.PCI0.PB3_.HDAU._SUN]: AE_NOT_FOUND
[   30.455089]      scan-1933 add_single_object     : Added device:08 [\_SB_.PCI0.PB3_.HDAU] parent device:03
[   30.455270]      scan-1141 get_device_data       : No context for object [ffff88040d823a28]
[   30.455468]      scan-1141 get_device_data       : No context for object [ffff88040d823a50]
[   30.455665]      scan-1141 get_device_data       : No context for object [ffff88040d823a78]
[   30.455862]      scan-1141 get_device_data       : No context for object [ffff88040d823aa0]
[   30.456059]      scan-1141 get_device_data       : No context for object [ffff88040d823ac8]
[   30.456204]      scan-1141 get_device_data       : No context for object [ffff88040d823af0]
[   30.456382]      scan-1141 get_device_data       : No context for object [ffff88040d823b18]
[   30.456581]     utils-0051 util_eval_error       : Evaluate [\_SB_.PCI0.PB4_._STA]: AE_NOT_FOUND
[   30.456765] device: 'device:09': device_add
[   30.456831] bus: 'acpi': add device device:09
[   30.456906]     utils-0051 util_eval_error       : Evaluate [\_SB_.PCI0.PB4_._SUN]: AE_NOT_FOUND
[   30.457092]      scan-1933 add_single_object     : Added device:09 [\_SB_.PCI0.PB4_] parent PNP0A08:00
[   30.457289]      scan-1141 get_device_data       : No context for object [ffff88040d823b40]
[   30.457485]      scan-1141 get_device_data       : No context for object [ffff88040d823b68]
[   30.457682]      scan-1141 get_device_data       : No context for object [ffff88040d823b90]
[   30.457880]      scan-1141 get_device_data       : No context for object [ffff88040d823bb8]
[   30.458057]      scan-1141 get_device_data       : No context for object [ffff88040d823be0]
[   30.458254]      scan-1141 get_device_data       : No context for object [ffff88040d823c08]
[   30.458450]      scan-1141 get_device_data       : No context for object [ffff88040d823c30]
[   30.458645]      scan-1141 get_device_data       : No context for object [ffff88040d823c58]
[   30.458843]      scan-1141 get_device_data       : No context for object [ffff88040d823c80]
[   30.459019]      scan-1141 get_device_data       : No context for object [ffff88040d823ca8]
[   30.459217]      scan-1141 get_device_data       : No context for object [ffff88040d823cd0]
[   30.459414]      scan-1141 get_device_data       : No context for object [ffff88040d823cf8]
[   30.459610]      scan-1141 get_device_data       : No context for object [ffff88040d823d20]
[   30.459803]      scan-1141 get_device_data       : No context for object [ffff88040d823d48]
[   30.460003]      scan-1141 get_device_data       : No context for object [ffff88040d823d70]
[   30.460198]      scan-1141 get_device_data       : No context for object [ffff88040d823d98]
[   30.460393]      scan-1141 get_device_data       : No context for object [ffff88040d823dc0]
[   30.460589]      scan-1141 get_device_data       : No context for object [ffff88040d823de8]
[   30.460784]      scan-1141 get_device_data       : No context for object [ffff88040d823e10]
[   30.460977]      scan-1141 get_device_data       : No context for object [ffff88040d823e38]
[   30.461155]      scan-1141 get_device_data       : No context for object [ffff88040d823e60]
[   30.461349]      scan-1141 get_device_data       : No context for object [ffff88040d823e88]
[   30.461545]      scan-1141 get_device_data       : No context for object [ffff88040d823eb0]
[   30.461740]      scan-1141 get_device_data       : No context for object [ffff88040d823ed8]
[   30.461935]      scan-1141 get_device_data       : No context for object [ffff88040d823f00]
[   30.462083]      scan-1141 get_device_data       : No context for object [ffff88040d823f28]
[   30.462257]      scan-1141 get_device_data       : No context for object [ffff88040d823f50]
[   30.462450]      scan-1141 get_device_data       : No context for object [ffff88040d823f78]
[   30.462644]      scan-1141 get_device_data       : No context for object [ffff88040d823fa0]
[   30.462839]      scan-1141 get_device_data       : No context for object [ffff88040d823fc8]
[   30.463016]      scan-1141 get_device_data       : No context for object [ffff88040d825000]
[   30.463212]     utils-0051 util_eval_error       : Evaluate [\_SB_.PCI0.PB4_.XPDV._STA]: AE_NOT_FOUND
[   30.463513] device: 'device:0a': device_add
[   30.463574] bus: 'acpi': add device device:0a
[   30.463646]     utils-0051 util_eval_error       : Evaluate [\_SB_.PCI0.PB4_.XPDV._SUN]: AE_NOT_FOUND
[   30.463850]      scan-1933 add_single_object     : Added device:0a [\_SB_.PCI0.PB4_.XPDV] parent device:09
[   30.464049]      scan-1141 get_device_data       : No context for object [ffff88040d825028]
[   30.464232]      scan-1141 get_device_data       : No context for object [ffff88040d825050]
[   30.464426]      scan-1141 get_device_data       : No context for object [ffff88040d825078]
[   30.464623]      scan-1141 get_device_data       : No context for object [ffff88040d8250a0]
[   30.464815]      scan-1141 get_device_data       : No context for object [ffff88040d8250c8]
[   30.465013]      scan-1141 get_device_data       : No context for object [ffff88040d837500]
[   30.465165]      scan-1141 get_device_data       : No context for object [ffff88040d8250f0]
[   30.465342]      scan-1141 get_device_data       : No context for object [ffff88040d825118]
[   30.465541]     utils-0051 util_eval_error       : Evaluate [\_SB_.PCI0.PB5_._STA]: AE_NOT_FOUND
[   30.465832] device: 'device:0b': device_add
[   30.465891] bus: 'acpi': add device device:0b
[   30.465959]     utils-0051 util_eval_error       : Evaluate [\_SB_.PCI0.PB5_._SUN]: AE_NOT_FOUND
[   30.466703]      scan-1933 add_single_object     : Added device:0b [\_SB_.PCI0.PB5_] parent PNP0A08:00
[   30.466703]      scan-1141 get_device_data       : No context for object [ffff88040d825140]
[   30.466703]      scan-1141 get_device_data       : No context for object [ffff88040d825168]
[   30.466703]      scan-1141 get_device_data       : No context for object [ffff88040d825190]
[   30.466867]      scan-1141 get_device_data       : No context for object [ffff88040d8251b8]
[   30.467044]      scan-1141 get_device_data       : No context for object [ffff88040d8251e0]
[   30.467239]      scan-1141 get_device_data       : No context for object [ffff88040d825208]
[   30.467436]      scan-1141 get_device_data       : No context for object [ffff88040d825230]
[   30.467633]      scan-1141 get_device_data       : No context for object [ffff88040d825258]
[   30.467830]      scan-1141 get_device_data       : No context for object [ffff88040d825280]
[   30.468025]      scan-1141 get_device_data       : No context for object [ffff88040d8252a8]
[   30.468221]      scan-1141 get_device_data       : No context for object [ffff88040d8252d0]
[   30.468414]      scan-1141 get_device_data       : No context for object [ffff88040d8252f8]
[   30.468612]      scan-1141 get_device_data       : No context for object [ffff88040d825320]
[   30.468809]      scan-1141 get_device_data       : No context for object [ffff88040d825348]
[   30.470002]      scan-1141 get_device_data       : No context for object [ffff88040d825370]
[   30.470200]      scan-1141 get_device_data       : No context for object [ffff88040d825398]
[   30.470398]      scan-1141 get_device_data       : No context for object [ffff88040d8253c0]
[   30.470595]      scan-1141 get_device_data       : No context for object [ffff88040d8253e8]
[   30.470788]      scan-1141 get_device_data       : No context for object [ffff88040d825410]
[   30.470986]      scan-1141 get_device_data       : No context for object [ffff88040d825438]
[   30.471183]      scan-1141 get_device_data       : No context for object [ffff88040d825460]
[   30.471380]      scan-1141 get_device_data       : No context for object [ffff88040d825488]
[   30.471578]      scan-1141 get_device_data       : No context for object [ffff88040d8254b0]
[   30.471775]      scan-1141 get_device_data       : No context for object [ffff88040d8254d8]
[   30.471971]      scan-1141 get_device_data       : No context for object [ffff88040d825500]
[   30.472166]      scan-1141 get_device_data       : No context for object [ffff88040d825528]
[   30.472363]      scan-1141 get_device_data       : No context for object [ffff88040d825550]
[   30.472561]      scan-1141 get_device_data       : No context for object [ffff88040d825578]
[   30.472758]      scan-1141 get_device_data       : No context for object [ffff88040d8255a0]
[   30.472955]      scan-1141 get_device_data       : No context for object [ffff88040d8255c8]
[   30.473104]      scan-1141 get_device_data       : No context for object [ffff88040d8255f0]
[   30.473337]     utils-0051 util_eval_error       : Evaluate [\_SB_.PCI0.PB5_.XPDV._STA]: AE_NOT_FOUND
[   30.473569] device: 'device:0c': device_add
[   30.473633] bus: 'acpi': add device device:0c
[   30.473708]     utils-0051 util_eval_error       : Evaluate [\_SB_.PCI0.PB5_.XPDV._SUN]: AE_NOT_FOUND
[   30.473914]      scan-1933 add_single_object     : Added device:0c [\_SB_.PCI0.PB5_.XPDV] parent device:0b
[   30.474095]      scan-1141 get_device_data       : No context for object [ffff88040d825618]
[   30.474292]      scan-1141 get_device_data       : No context for object [ffff88040d825640]
[   30.474488]      scan-1141 get_device_data       : No context for object [ffff88040d825668]
[   30.474684]      scan-1141 get_device_data       : No context for object [ffff88040d825690]
[   30.474881]      scan-1141 get_device_data       : No context for object [ffff88040d8256b8]
[   30.475058]      scan-1141 get_device_data       : No context for object [ffff88040d837528]
[   30.475255]      scan-1141 get_device_data       : No context for object [ffff88040d8256e0]
[   30.475452]      scan-1141 get_device_data       : No context for object [ffff88040d825708]
[   30.475650]     utils-0051 util_eval_error       : Evaluate [\_SB_.PCI0.PB6_._STA]: AE_NOT_FOUND
[   30.475941] device: 'device:0d': device_add
[   30.476003] bus: 'acpi': add device device:0d
[   30.476078]     utils-0051 util_eval_error       : Evaluate [\_SB_.PCI0.PB6_._SUN]: AE_NOT_FOUND
[   30.476673]      scan-1933 add_single_object     : Added device:0d [\_SB_.PCI0.PB6_] parent PNP0A08:00
[   30.476673]      scan-1141 get_device_data       : No context for object [ffff88040d825730]
[   30.476673]      scan-1141 get_device_data       : No context for object [ffff88040d825758]
[   30.476867]      scan-1141 get_device_data       : No context for object [ffff88040d825780]
[   30.477059]      scan-1141 get_device_data       : No context for object [ffff88040d8257a8]
[   30.477254]      scan-1141 get_device_data       : No context for object [ffff88040d8257d0]
[   30.477450]      scan-1141 get_device_data       : No context for object [ffff88040d8257f8]
[   30.477644]      scan-1141 get_device_data       : No context for object [ffff88040d825820]
[   30.477838]      scan-1141 get_device_data       : No context for object [ffff88040d825848]
[   30.478033]      scan-1141 get_device_data       : No context for object [ffff88040d825870]
[   30.478225]      scan-1141 get_device_data       : No context for object [ffff88040d825898]
[   30.478419]      scan-1141 get_device_data       : No context for object [ffff88040d8258c0]
[   30.478613]      scan-1141 get_device_data       : No context for object [ffff88040d8258e8]
[   30.478808]      scan-1141 get_device_data       : No context for object [ffff88040d825910]
[   30.479002]      scan-1141 get_device_data       : No context for object [ffff88040d825938]
[   30.479149]      scan-1141 get_device_data       : No context for object [ffff88040d825960]
[   30.479326]      scan-1141 get_device_data       : No context for object [ffff88040d825988]
[   30.479516]      scan-1141 get_device_data       : No context for object [ffff88040d8259b0]
[   30.479710]      scan-1141 get_device_data       : No context for object [ffff88040d8259d8]
[   30.479904]      scan-1141 get_device_data       : No context for object [ffff88040d825a00]
[   30.480144]      scan-1141 get_device_data       : No context for object [ffff88040d825a28]
[   30.480338]      scan-1141 get_device_data       : No context for object [ffff88040d825a50]
[   30.480534]      scan-1141 get_device_data       : No context for object [ffff88040d825a78]
[   30.480725]      scan-1141 get_device_data       : No context for object [ffff88040d825aa0]
[   30.480920]      scan-1141 get_device_data       : No context for object [ffff88040d825ac8]
[   30.481114]      scan-1141 get_device_data       : No context for object [ffff88040d825af0]
[   30.481311]      scan-1141 get_device_data       : No context for object [ffff88040d825b18]
[   30.481509]      scan-1141 get_device_data       : No context for object [ffff88040d825b40]
[   30.481706]      scan-1141 get_device_data       : No context for object [ffff88040d825b68]
[   30.481903]      scan-1141 get_device_data       : No context for object [ffff88040d825b90]
[   30.482098]      scan-1141 get_device_data       : No context for object [ffff88040d825bb8]
[   30.482295]      scan-1141 get_device_data       : No context for object [ffff88040d825be0]
[   30.482495]     utils-0051 util_eval_error       : Evaluate [\_SB_.PCI0.PB6_.XPDV._STA]: AE_NOT_FOUND
[   30.482728] device: 'device:0e': device_add
[   30.482791] bus: 'acpi': add device device:0e
[   30.482869]     utils-0051 util_eval_error       : Evaluate [\_SB_.PCI0.PB6_.XPDV._SUN]: AE_NOT_FOUND
[   30.483339]      scan-1933 add_single_object     : Added device:0e [\_SB_.PCI0.PB6_.XPDV] parent device:0d
[   30.483339]      scan-1141 get_device_data       : No context for object [ffff88040d825c08]
[   30.483339]      scan-1141 get_device_data       : No context for object [ffff88040d825c30]
[   30.483533]      scan-1141 get_device_data       : No context for object [ffff88040d825c58]
[   30.483731]      scan-1141 get_device_data       : No context for object [ffff88040d825c80]
[   30.483929]      scan-1141 get_device_data       : No context for object [ffff88040d825ca8]
[   30.484105]      scan-1141 get_device_data       : No context for object [ffff88040d837550]
[   30.484300]      scan-1141 get_device_data       : No context for object [ffff88040d825cd0]
[   30.484498]      scan-1141 get_device_data       : No context for object [ffff88040d825cf8]
[   30.484696]     utils-0051 util_eval_error       : Evaluate [\_SB_.PCI0.PB7_._STA]: AE_NOT_FOUND
[   30.484994] device: 'device:0f': device_add
[   30.485057] bus: 'acpi': add device device:0f
[   30.485132]     utils-0051 util_eval_error       : Evaluate [\_SB_.PCI0.PB7_._SUN]: AE_NOT_FOUND
[   30.485317]      scan-1933 add_single_object     : Added device:0f [\_SB_.PCI0.PB7_] parent PNP0A08:00
[   30.485517]      scan-1141 get_device_data       : No context for object [ffff88040d825d20]
[   30.485715]      scan-1141 get_device_data       : No context for object [ffff88040d825d48]
[   30.485912]      scan-1141 get_device_data       : No context for object [ffff88040d825d70]
[   30.486088]      scan-1141 get_device_data       : No context for object [ffff88040d825d98]
[   30.486286]      scan-1141 get_device_data       : No context for object [ffff88040d825dc0]
[   30.486483]      scan-1141 get_device_data       : No context for object [ffff88040d825de8]
[   30.486668]      scan-1141 get_device_data       : No context for object [ffff88040d825e10]
[   30.486862]      scan-1141 get_device_data       : No context for object [ffff88040d825e38]
[   30.487043]      scan-1141 get_device_data       : No context for object [ffff88040d825e60]
[   30.487241]      scan-1141 get_device_data       : No context for object [ffff88040d825e88]
[   30.488456]      scan-1141 get_device_data       : No context for object [ffff88040d825eb0]
[   30.488653]      scan-1141 get_device_data       : No context for object [ffff88040d825ed8]
[   30.488851]      scan-1141 get_device_data       : No context for object [ffff88040d825f00]
[   30.489044]      scan-1141 get_device_data       : No context for object [ffff88040d825f28]
[   30.489235]      scan-1141 get_device_data       : No context for object [ffff88040d825f50]
[   30.489434]      scan-1141 get_device_data       : No context for object [ffff88040d825f78]
[   30.489632]      scan-1141 get_device_data       : No context for object [ffff88040d825fa0]
[   30.489830]      scan-1141 get_device_data       : No context for object [ffff88040d825fc8]
[   30.490002]      scan-1141 get_device_data       : No context for object [ffff88040d827000]
[   30.490199]      scan-1141 get_device_data       : No context for object [ffff88040d827028]
[   30.490394]      scan-1141 get_device_data       : No context for object [ffff88040d827050]
[   30.490590]      scan-1141 get_device_data       : No context for object [ffff88040d827078]
[   30.490788]      scan-1141 get_device_data       : No context for object [ffff88040d8270a0]
[   30.490985]      scan-1141 get_device_data       : No context for object [ffff88040d8270c8]
[   30.491162]      scan-1141 get_device_data       : No context for object [ffff88040d8270f0]
[   30.491359]      scan-1141 get_device_data       : No context for object [ffff88040d827118]
[   30.491555]      scan-1141 get_device_data       : No context for object [ffff88040d827140]
[   30.491748]      scan-1141 get_device_data       : No context for object [ffff88040d827168]
[   30.491946]      scan-1141 get_device_data       : No context for object [ffff88040d827190]
[   30.492097]      scan-1141 get_device_data       : No context for object [ffff88040d8271b8]
[   30.492274]      scan-1141 get_device_data       : No context for object [ffff88040d8271e0]
[   30.492473]     utils-0051 util_eval_error       : Evaluate [\_SB_.PCI0.PB7_.XPDV._STA]: AE_NOT_FOUND
[   30.492700] device: 'device:10': device_add
[   30.492759] bus: 'acpi': add device device:10
[   30.492825]     utils-0051 util_eval_error       : Evaluate [\_SB_.PCI0.PB7_.XPDV._SUN]: AE_NOT_FOUND
[   30.493370]      scan-1933 add_single_object     : Added device:10 [\_SB_.PCI0.PB7_.XPDV] parent device:0f
[   30.493370]      scan-1141 get_device_data       : No context for object [ffff88040d827208]
[   30.493536]      scan-1141 get_device_data       : No context for object [ffff88040d827230]
[   30.493730]      scan-1141 get_device_data       : No context for object [ffff88040d827258]
[   30.493925]      scan-1141 get_device_data       : No context for object [ffff88040d827280]
[   30.494120]      scan-1141 get_device_data       : No context for object [ffff88040d8272a8]
[   30.494313]      scan-1141 get_device_data       : No context for object [ffff88040d837488]
[   30.494507]      scan-1141 get_device_data       : No context for object [ffff88040d8272d0]
[   30.494702]      scan-1141 get_device_data       : No context for object [ffff88040d8272f8]
[   30.494899]     utils-0051 util_eval_error       : Evaluate [\_SB_.PCI0.OHC1._STA]: AE_NOT_FOUND
[   30.495140] device: 'device:11': device_add
[   30.495201] bus: 'acpi': add device device:11
[   30.495270]     utils-0051 util_eval_error       : Evaluate [\_SB_.PCI0.OHC1._SUN]: AE_NOT_FOUND
[   30.495451]      scan-1933 add_single_object     : Added device:11 [\_SB_.PCI0.OHC1] parent PNP0A08:00
[   30.495650]      scan-1141 get_device_data       : No context for object [ffff88040d827320]
[   30.495846]      scan-1141 get_device_data       : No context for object [ffff88040d827348]
[   30.496041]      scan-1141 get_device_data       : No context for object [ffff88040d83b2f8]
[   30.496191]     utils-0051 util_eval_error       : Evaluate [\_SB_.PCI0.OHC1.RHUB._STA]: AE_NOT_FOUND
[   30.496402] device: 'device:12': device_add
[   30.496463] bus: 'acpi': add device device:12
[   30.496530]     utils-0051 util_eval_error       : Evaluate [\_SB_.PCI0.OHC1.RHUB._SUN]: AE_NOT_FOUND
[   30.496724]      scan-1933 add_single_object     : Added device:12 [\_SB_.PCI0.OHC1.RHUB] parent device:11
[   30.496879]      scan-1141 get_device_data       : No context for object [ffff88040d83b320]
[   30.497072]      scan-1141 get_device_data       : No context for object [ffff88040d83b348]
[   30.497268]     utils-0051 util_eval_error       : Evaluate [\_SB_.PCI0.OHC1.RHUB.PRT3._STA]: AE_NOT_FOUND
[   30.497498] device: 'device:13': device_add
[   30.497560] bus: 'acpi': add device device:13
[   30.497633]     utils-0051 util_eval_error       : Evaluate [\_SB_.PCI0.OHC1.RHUB.PRT3._SUN]: AE_NOT_FOUND
[   30.497830]      scan-1933 add_single_object     : Added device:13 [\_SB_.PCI0.OHC1.RHUB.PRT3] parent device:12
[   30.498034]      scan-1141 get_device_data       : No context for object [ffff88040d83b370]
[   30.498212]      scan-1141 get_device_data       : No context for object [ffff88040d83b398]
[   30.498409]      scan-1141 get_device_data       : No context for object [ffff88040d83b3c0]
[   30.498606]      scan-1141 get_device_data       : No context for object [ffff88040d83b3e8]
[   30.498805]     utils-0051 util_eval_error       : Evaluate [\_SB_.PCI0.OHC1.RHUB.PRT4._STA]: AE_NOT_FOUND
[   30.499024] device: 'device:14': device_add
[   30.499086] bus: 'acpi': add device device:14
[   30.499163]     utils-0051 util_eval_error       : Evaluate [\_SB_.PCI0.OHC1.RHUB.PRT4._SUN]: AE_NOT_FOUND
[   30.500018]      scan-1933 add_single_object     : Added device:14 [\_SB_.PCI0.OHC1.RHUB.PRT4] parent device:12
[   30.500018]      scan-1141 get_device_data       : No context for object [ffff88040d83b410]
[   30.500018]      scan-1141 get_device_data       : No context for object [ffff88040d83b438]
[   30.500018]      scan-1141 get_device_data       : No context for object [ffff88040d83b460]
[   30.500179]      scan-1141 get_device_data       : No context for object [ffff88040d827370]
[   30.500373]     utils-0051 util_eval_error       : Evaluate [\_SB_.PCI0.EHC1._STA]: AE_NOT_FOUND
[   30.500617] device: 'device:15': device_add
[   30.500681] bus: 'acpi': add device device:15
[   30.500755]     utils-0051 util_eval_error       : Evaluate [\_SB_.PCI0.EHC1._SUN]: AE_NOT_FOUND
[   30.500961]      scan-1933 add_single_object     : Added device:15 [\_SB_.PCI0.EHC1] parent PNP0A08:00
[   30.501142]      scan-1141 get_device_data       : No context for object [ffff88040d827398]
[   30.501340]      scan-1141 get_device_data       : No context for object [ffff88040d8273c0]
[   30.501536]      scan-1141 get_device_data       : No context for object [ffff88040d83b028]
[   30.501734]     utils-0051 util_eval_error       : Evaluate [\_SB_.PCI0.EHC1.RHUB._STA]: AE_NOT_FOUND
[   30.501966] device: 'device:16': device_add
[   30.502028] bus: 'acpi': add device device:16
[   30.502103]     utils-0051 util_eval_error       : Evaluate [\_SB_.PCI0.EHC1.RHUB._SUN]: AE_NOT_FOUND
[   30.502288]      scan-1933 add_single_object     : Added device:16 [\_SB_.PCI0.EHC1.RHUB] parent device:15
[   30.502490]      scan-1141 get_device_data       : No context for object [ffff88040d83b050]
[   30.502687]      scan-1141 get_device_data       : No context for object [ffff88040d83b078]
[   30.502882]     utils-0051 util_eval_error       : Evaluate [\_SB_.PCI0.EHC1.RHUB.PRT3._STA]: AE_NOT_FOUND
[   30.503114] device: 'device:17': device_add
[   30.503177] bus: 'acpi': add device device:17
[   30.503254]     utils-0051 util_eval_error       : Evaluate [\_SB_.PCI0.EHC1.RHUB.PRT3._SUN]: AE_NOT_FOUND
[   30.503389]      scan-1933 add_single_object     : Added device:17 [\_SB_.PCI0.EHC1.RHUB.PRT3] parent device:16
[   30.503547]      scan-1141 get_device_data       : No context for object [ffff88040d83b0a0]
[   30.503744]      scan-1141 get_device_data       : No context for object [ffff88040d83b0c8]
[   30.503938]      scan-1141 get_device_data       : No context for object [ffff88040d83b0f0]
[   30.504089]      scan-1141 get_device_data       : No context for object [ffff88040d83b118]
[   30.504267]     utils-0051 util_eval_error       : Evaluate [\_SB_.PCI0.EHC1.RHUB.PRT4._STA]: AE_NOT_FOUND
[   30.504500] device: 'device:18': device_add
[   30.504563] bus: 'acpi': add device device:18
[   30.504638]     utils-0051 util_eval_error       : Evaluate [\_SB_.PCI0.EHC1.RHUB.PRT4._SUN]: AE_NOT_FOUND
[   30.504845]      scan-1933 add_single_object     : Added device:18 [\_SB_.PCI0.EHC1.RHUB.PRT4] parent device:16
[   30.505028]      scan-1141 get_device_data       : No context for object [ffff88040d83b140]
[   30.505221]      scan-1141 get_device_data       : No context for object [ffff88040d83b168]
[   30.505419]      scan-1141 get_device_data       : No context for object [ffff88040d83b190]
[   30.506670]      scan-1141 get_device_data       : No context for object [ffff88040d8273e8]
[   30.506869]     utils-0051 util_eval_error       : Evaluate [\_SB_.PCI0.OHC2._STA]: AE_NOT_FOUND
[   30.507105] device: 'device:19': device_add
[   30.507168] bus: 'acpi': add device device:19
[   30.507243]     utils-0051 util_eval_error       : Evaluate [\_SB_.PCI0.OHC2._SUN]: AE_NOT_FOUND
[   30.507450]      scan-1933 add_single_object     : Added device:19 [\_SB_.PCI0.OHC2] parent PNP0A08:00
[   30.507644]      scan-1141 get_device_data       : No context for object [ffff88040d827410]
[   30.507843]      scan-1141 get_device_data       : No context for object [ffff88040d827438]
[   30.508042]      scan-1141 get_device_data       : No context for object [ffff88040d83b488]
[   30.508240]     utils-0051 util_eval_error       : Evaluate [\_SB_.PCI0.OHC2.RHUB._STA]: AE_NOT_FOUND
[   30.508472] device: 'device:1a': device_add
[   30.508537] bus: 'acpi': add device device:1a
[   30.508612]     utils-0051 util_eval_error       : Evaluate [\_SB_.PCI0.OHC2.RHUB._SUN]: AE_NOT_FOUND
[   30.508814]      scan-1933 add_single_object     : Added device:1a [\_SB_.PCI0.OHC2.RHUB] parent device:19
[   30.509014]      scan-1141 get_device_data       : No context for object [ffff88040d83b4b0]
[   30.509202]      scan-1141 get_device_data       : No context for object [ffff88040d83b4d8]
[   30.509400]     utils-0051 util_eval_error       : Evaluate [\_SB_.PCI0.OHC2.RHUB.PRT4._STA]: AE_NOT_FOUND
[   30.509634] device: 'device:1b': device_add
[   30.509696] bus: 'acpi': add device device:1b
[   30.509770]     utils-0051 util_eval_error       : Evaluate [\_SB_.PCI0.OHC2.RHUB.PRT4._SUN]: AE_NOT_FOUND
[   30.510044]      scan-1933 add_single_object     : Added device:1b [\_SB_.PCI0.OHC2.RHUB.PRT4] parent device:1a
[   30.510159]      scan-1141 get_device_data       : No context for object [ffff88040d83b500]
[   30.510337]      scan-1141 get_device_data       : No context for object [ffff88040d83b528]
[   30.510531]      scan-1141 get_device_data       : No context for object [ffff88040d83b550]
[   30.510728]      scan-1141 get_device_data       : No context for object [ffff88040d827460]
[   30.510924]     utils-0051 util_eval_error       : Evaluate [\_SB_.PCI0.EHC2._STA]: AE_NOT_FOUND
[   30.511147] device: 'device:1c': device_add
[   30.511208] bus: 'acpi': add device device:1c
[   30.511274]     utils-0051 util_eval_error       : Evaluate [\_SB_.PCI0.EHC2._SUN]: AE_NOT_FOUND
[   30.511475]      scan-1933 add_single_object     : Added device:1c [\_SB_.PCI0.EHC2] parent PNP0A08:00
[   30.511675]      scan-1141 get_device_data       : No context for object [ffff88040d827488]
[   30.511870]      scan-1141 get_device_data       : No context for object [ffff88040d8274b0]
[   30.512065]      scan-1141 get_device_data       : No context for object [ffff88040d83b1b8]
[   30.512265]     utils-0051 util_eval_error       : Evaluate [\_SB_.PCI0.EHC2.RHUB._STA]: AE_NOT_FOUND
[   30.512479] device: 'device:1d': device_add
[   30.512536] bus: 'acpi': add device device:1d
[   30.512609]     utils-0051 util_eval_error       : Evaluate [\_SB_.PCI0.EHC2.RHUB._SUN]: AE_NOT_FOUND
[   30.513339]      scan-1933 add_single_object     : Added device:1d [\_SB_.PCI0.EHC2.RHUB] parent device:1c
[   30.513339]      scan-1141 get_device_data       : No context for object [ffff88040d83b1e0]
[   30.513339]      scan-1141 get_device_data       : No context for object [ffff88040d83b208]
[   30.513339]     utils-0051 util_eval_error       : Evaluate [\_SB_.PCI0.EHC2.RHUB.PRT2._STA]: AE_NOT_FOUND
[   30.513567] device: 'device:1e': device_add
[   30.513626] bus: 'acpi': add device device:1e
[   30.513692]     utils-0051 util_eval_error       : Evaluate [\_SB_.PCI0.EHC2.RHUB.PRT2._SUN]: AE_NOT_FOUND
[   30.513892]      scan-1933 add_single_object     : Added device:1e [\_SB_.PCI0.EHC2.RHUB.PRT2] parent device:1d
[   30.514091]      scan-1141 get_device_data       : No context for object [ffff88040d83b230]
[   30.514285]      scan-1141 get_device_data       : No context for object [ffff88040d83b258]
[   30.514480]      scan-1141 get_device_data       : No context for object [ffff88040d83b280]
[   30.514678]      scan-1141 get_device_data       : No context for object [ffff88040d8274d8]
[   30.514876]     utils-0051 util_eval_error       : Evaluate [\_SB_.PCI0.OHC3._STA]: AE_NOT_FOUND
[   30.515155] device: 'device:1f': device_add
[   30.515217] bus: 'acpi': add device device:1f
[   30.515295]     utils-0051 util_eval_error       : Evaluate [\_SB_.PCI0.OHC3._SUN]: AE_NOT_FOUND
[   30.515501]      scan-1933 add_single_object     : Added device:1f [\_SB_.PCI0.OHC3] parent PNP0A08:00
[   30.515703]      scan-1141 get_device_data       : No context for object [ffff88040d827500]
[   30.515900]      scan-1141 get_device_data       : No context for object [ffff88040d827528]
[   30.516088]      scan-1141 get_device_data       : No context for object [ffff88040d83b578]
[   30.516282]     utils-0051 util_eval_error       : Evaluate [\_SB_.PCI0.OHC3.RHUB._STA]: AE_NOT_FOUND
[   30.516515] device: 'device:20': device_add
[   30.516578] bus: 'acpi': add device device:20
[   30.516684]     utils-0051 util_eval_error       : Evaluate [\_SB_.PCI0.OHC3.RHUB._SUN]: AE_NOT_FOUND
[   30.516891]      scan-1933 add_single_object     : Added device:20 [\_SB_.PCI0.OHC3.RHUB] parent device:1f
[   30.517093]      scan-1141 get_device_data       : No context for object [ffff88040d83b5a0]
[   30.517292]      scan-1141 get_device_data       : No context for object [ffff88040d827550]
[   30.517487]     utils-0051 util_eval_error       : Evaluate [\_SB_.PCI0.EHC3._STA]: AE_NOT_FOUND
[   30.517731] device: 'device:21': device_add
[   30.517794] bus: 'acpi': add device device:21
[   30.517869]     utils-0051 util_eval_error       : Evaluate [\_SB_.PCI0.EHC3._SUN]: AE_NOT_FOUND
[   30.518075]      scan-1933 add_single_object     : Added device:21 [\_SB_.PCI0.EHC3] parent PNP0A08:00
[   30.518256]      scan-1141 get_device_data       : No context for object [ffff88040d827578]
[   30.518454]      scan-1141 get_device_data       : No context for object [ffff88040d8275a0]
[   30.518650]      scan-1141 get_device_data       : No context for object [ffff88040d83b2a8]
[   30.518848]     utils-0051 util_eval_error       : Evaluate [\_SB_.PCI0.EHC3.RHUB._STA]: AE_NOT_FOUND
[   30.519080] device: 'device:22': device_add
[   30.519143] bus: 'acpi': add device device:22
[   30.519220]     utils-0051 util_eval_error       : Evaluate [\_SB_.PCI0.EHC3.RHUB._SUN]: AE_NOT_FOUND
[   30.520015]      scan-1933 add_single_object     : Added device:22 [\_SB_.PCI0.EHC3.RHUB] parent device:21
[   30.520015]      scan-1141 get_device_data       : No context for object [ffff88040d83b2d0]
[   30.520015]      scan-1141 get_device_data       : No context for object [ffff88040d8275c8]
[   30.520015]     utils-0051 util_eval_error       : Evaluate [\_SB_.PCI0.OHC4._STA]: AE_NOT_FOUND
[   30.520227] device: 'device:23': device_add
[   30.520290] bus: 'acpi': add device device:23
[   30.520365]     utils-0051 util_eval_error       : Evaluate [\_SB_.PCI0.OHC4._SUN]: AE_NOT_FOUND
[   30.520571]      scan-1933 add_single_object     : Added device:23 [\_SB_.PCI0.OHC4] parent PNP0A08:00
[   30.520773]      scan-1141 get_device_data       : No context for object [ffff88040d8275f0]
[   30.520970]      scan-1141 get_device_data       : No context for object [ffff88040d827618]
[   30.521145]      scan-1141 get_device_data       : No context for object [ffff88040d827640]
[   30.521344]     utils-0051 util_eval_error       : Evaluate [\_SB_.PCI0.SBAZ._STA]: AE_NOT_FOUND
[   30.521588] device: 'device:24': device_add
[   30.521651] bus: 'acpi': add device device:24
[   30.521725]     utils-0051 util_eval_error       : Evaluate [\_SB_.PCI0.SBAZ._SUN]: AE_NOT_FOUND
[   30.521932]      scan-1933 add_single_object     : Added device:24 [\_SB_.PCI0.SBAZ] parent PNP0A08:00
[   30.522124]      scan-1141 get_device_data       : No context for object [ffff88040d827668]
[   30.522321]      scan-1141 get_device_data       : No context for object [ffff88040d827690]
[   30.522515]      scan-1141 get_device_data       : No context for object [ffff88040d8276b8]
[   30.522714]     utils-0051 util_eval_error       : Evaluate [\_SB_.PCI0.GEC_._STA]: AE_NOT_FOUND
[   30.522973] device: 'device:25': device_add
[   30.523036] bus: 'acpi': add device device:25
[   30.523115]     utils-0051 util_eval_error       : Evaluate [\_SB_.PCI0.GEC_._SUN]: AE_NOT_FOUND
[   30.523334]      scan-1933 add_single_object     : Added device:25 [\_SB_.PCI0.GEC_] parent PNP0A08:00
[   30.523502]      scan-1141 get_device_data       : No context for object [ffff88040d8276e0]
[   30.523694]      scan-1141 get_device_data       : No context for object [ffff88040d827708]
[   30.523892]      scan-1141 get_device_data       : No context for object [ffff88040d827730]
[   30.525107]      scan-1141 get_device_data       : No context for object [ffff88040d827758]
[   30.525305]      scan-1141 get_device_data       : No context for object [ffff88040d827780]
[   30.525502]      scan-1141 get_device_data       : No context for object [ffff88040d8277a8]
[   30.525699]      scan-1141 get_device_data       : No context for object [ffff88040d8277d0]
[   30.525897]      scan-1141 get_device_data       : No context for object [ffff88040d8277f8]
