[    0.000000] Initializing cgroup subsys cpuset
[    0.000000] Initializing cgroup subsys cpu
[    0.000000] Initializing cgroup subsys cpuacct
[    0.000000] Linux version 3.17.0-rc2-gfd5984d (emacs@manji) (gcc version 4.9.1 (GCC) ) #52 SMP Sun Aug 31 16:53:44 CEST 2014
[    0.000000] Command line: BOOT_IMAGE=/vmlinuz-linux-git root=UUID=bfa4ab6e-19a3-4601-ba2b-267c55841c73 rw cryptdevice=/dev/disk/by-uuid/70c08890-417a-497d-b6ab-c0d0357a63e2:cryptManjaro:allow-discards ipv6.disable=1 pnp.debug=1 loglevel=9 log_buf_len=10M printk.always_kmsg_dump=y printk.time=y mminit_loglevel=0 memory_corruption_check=1 acpi.debug_layer=0xfbff0000 acpi.debug_level=0xFFFFFFFD pnp.debug=1 nohz=on rcu_nocbs=1-3 pcie_aspm=force fbcon=scrollback:4096k fbcon=font:ProFont6x11 radeon.audio=0 radeon.lockup_timeout=0 radeon.test=0 radeon.agpmode=-1 radeon.benchmark=0 radeon.tv=0 radeon.hard_reset=1 radeon.aspm=1 radeon.dpm=1 radeon.msi=1 radeon.pcie_gen2=-1 radeon.no_wb=1 radeon.modeset=1 radeon.dynclks=1 radeon.r4xx_atom=0 radeon.runpm=0 radeonfb radeon.fastfb=1 nomodeset
[    0.000000] KERNEL supported cpus:
[    0.000000]   AMD AuthenticAMD
[    0.000000] tseg: 00bfe00000
[    0.000000] e820: BIOS-provided physical RAM map:
[    0.000000] BIOS-e820: [mem 0x0000000000000000-0x000000000009d7ff] usable
[    0.000000] BIOS-e820: [mem 0x000000000009d800-0x000000000009ffff] reserved
[    0.000000] BIOS-e820: [mem 0x00000000000e0000-0x00000000000fffff] reserved
[    0.000000] BIOS-e820: [mem 0x0000000000100000-0x00000000bed9afff] usable
[    0.000000] BIOS-e820: [mem 0x00000000bed9b000-0x00000000bf39afff] reserved
[    0.000000] BIOS-e820: [mem 0x00000000bf39b000-0x00000000bf49afff] ACPI NVS
[    0.000000] BIOS-e820: [mem 0x00000000bf49b000-0x00000000bf51afff] ACPI data
[    0.000000] BIOS-e820: [mem 0x00000000bf51b000-0x00000000bfdfffff] usable
[    0.000000] BIOS-e820: [mem 0x00000000bfe00000-0x00000000bfffffff] reserved
[    0.000000] BIOS-e820: [mem 0x00000000fec00000-0x00000000fecfffff] reserved
[    0.000000] BIOS-e820: [mem 0x00000000fed80000-0x00000000fed80fff] reserved
[    0.000000] BIOS-e820: [mem 0x00000000ffe00000-0x00000000ffffffff] reserved
[    0.000000] BIOS-e820: [mem 0x0000000100000000-0x000000041effffff] usable
[    0.000000] NX (Execute Disable) protection: active
[    0.000000] SMBIOS 2.6 present.
[    0.000000] DMI: LENOVO Sabine/Torpedo, BIOS 54CN18WW 07/20/2011
[    0.000000] e820: update [mem 0x00000000-0x00000fff] usable ==> reserved
[    0.000000] e820: remove [mem 0x000a0000-0x000fffff] usable
[    0.000000] e820: last_pfn = 0x41f000 max_arch_pfn = 0x400000000
[    0.000000] MTRR default type: uncachable
[    0.000000] MTRR fixed ranges enabled:
[    0.000000]   00000-9FFFF write-back
[    0.000000]   A0000-BFFFF uncachable
[    0.000000]   C0000-FFFFF write-protect
[    0.000000] MTRR variable ranges enabled:
[    0.000000]   0 base 0000000000 mask FF80000000 write-back
[    0.000000]   1 base 0080000000 mask FFC0000000 write-back
[    0.000000]   2 base 00FFF90000 mask FFFFFF0000 uncachable
[    0.000000]   3 base 00FED80000 mask 0FFFFFF000 uncachable
[    0.000000]   4 disabled
[    0.000000]   5 disabled
[    0.000000]   6 disabled
[    0.000000]   7 base 00FFE00000 mask FFFFE00000 write-protect
[    0.000000] TOM2: 000000041f000000 aka 16880M
[    0.000000] mtrr: your BIOS has configured an incorrect mask, fixing it.
[    0.000000] e820: last_pfn = 0xbfe00 max_arch_pfn = 0x400000000
[    0.000000] found SMP MP-table at [mem 0x000fa8b0-0x000fa8bf] mapped at [ffff8800000fa8b0]
[    0.000000] Base memory trampoline at [ffff880000097000] 97000 size 24576
[    0.000000] Using GB pages for direct mapping
[    0.000000] init_memory_mapping: [mem 0x00000000-0x000fffff]
[    0.000000]  [mem 0x00000000-0x000fffff] page 4k
[    0.000000] BRK [0x01e17000, 0x01e17fff] PGTABLE
[    0.000000] BRK [0x01e18000, 0x01e18fff] PGTABLE
[    0.000000] BRK [0x01e19000, 0x01e19fff] PGTABLE
[    0.000000] init_memory_mapping: [mem 0x41ee00000-0x41effffff]
[    0.000000]  [mem 0x41ee00000-0x41effffff] page 2M
[    0.000000] BRK [0x01e1a000, 0x01e1afff] PGTABLE
[    0.000000] init_memory_mapping: [mem 0x41c000000-0x41edfffff]
[    0.000000]  [mem 0x41c000000-0x41edfffff] page 2M
[    0.000000] init_memory_mapping: [mem 0x400000000-0x41bffffff]
[    0.000000]  [mem 0x400000000-0x41bffffff] page 2M
[    0.000000] init_memory_mapping: [mem 0x00100000-0xbed9afff]
[    0.000000]  [mem 0x00100000-0x001fffff] page 4k
[    0.000000]  [mem 0x00200000-0x3fffffff] page 2M
[    0.000000]  [mem 0x40000000-0x7fffffff] page 1G
[    0.000000]  [mem 0x80000000-0xbebfffff] page 2M
[    0.000000]  [mem 0xbec00000-0xbed9afff] page 4k
[    0.000000] init_memory_mapping: [mem 0xbf51b000-0xbfdfffff]
[    0.000000]  [mem 0xbf51b000-0xbf5fffff] page 4k
[    0.000000]  [mem 0xbf600000-0xbfdfffff] page 2M
[    0.000000] BRK [0x01e1b000, 0x01e1bfff] PGTABLE
[    0.000000] init_memory_mapping: [mem 0x100000000-0x3ffffffff]
[    0.000000]  [mem 0x100000000-0x3ffffffff] page 1G
[    0.000000] log_buf_len: 16777216 bytes
[    0.000000] early log buf free: 2092044(99%)
[    0.000000] RAMDISK: [mem 0x3782c000-0x37c0dfff]
[    0.000000] ACPI: Early table checksum verification disabled
[    0.000000] ACPI: RSDP 0x00000000000F0110 000024 (v02 LENOVO)
[    0.000000] ACPI: XSDT 0x00000000BF51A120 000074 (v01 LENOVO CB-01    00000001 LENO 00000001)
[    0.000000] ACPI: FACP 0x00000000BF508000 0000F4 (v04 LENOVO CB-01    00000001 PTL  00000001)
[    0.000000] ACPI: DSDT 0x00000000BF50A000 00FD10 (v01 LENOVO CB-01    00001000 LENO 00000001)
[    0.000000] ACPI: FACS 0x00000000BF478000 000040
[    0.000000] ACPI: HPET 0x00000000BF507000 000038 (v01 LENOVO CB-01    00000001 PTL  00000001)
[    0.000000] ACPI: APIC 0x00000000BF506000 00007A (v02 LENOVO CB-01    00000001 PTL  00000001)
[    0.000000] ACPI: MCFG 0x00000000BF505000 00003C (v01 LENOVO CB-01    00000001 PTL  00000001)
[    0.000000] ACPI: SLIC 0x00000000BF504000 000176 (v01 LENOVO CB-01    00000001 LENO 00000001)
[    0.000000] ACPI: UEFI 0x00000000BF503000 00003E (v01 LENOVO CB-01    00000001 PTL  00000001)
[    0.000000] ACPI: UEFI 0x00000000BF502000 000042 (v01 PTL    COMBUF   00000001 PTL  00000001)
[    0.000000] ACPI: SSDT 0x00000000BF501000 000E34 (v01 AMD    POWERNOW 00000001 AMD  00000001)
[    0.000000] ACPI: SSDT 0x00000000BF4FF000 00193D (v02 AMD    ALIB     00000001 MSFT 04000000)
[    0.000000] ACPI: UEFI 0x00000000BF4FE000 00021A (v01 LENOVO CB-01    00000001 PTL  00000001)
[    0.000000] ACPI: Local APIC address 0xfee00000
[    0.000000] No NUMA configuration found
[    0.000000] Faking a node at [mem 0x0000000000000000-0x000000041effffff]
[    0.000000] Initmem setup node 0 [mem 0x00000000-0x41effffff]
[    0.000000]   NODE_DATA [mem 0x41dffa000-0x41dffdfff]
[    0.000000]  [ffffea0000000000-ffffea00107fffff] PMD -> [ffff88040de00000-ffff88041d5fffff] on node 0
[    0.000000] Zone ranges:
[    0.000000]   DMA      [mem 0x00001000-0x00ffffff]
[    0.000000]   DMA32    [mem 0x01000000-0xffffffff]
[    0.000000]   Normal   [mem 0x100000000-0x41effffff]
[    0.000000] Movable zone start for each node
[    0.000000] Early memory node ranges
[    0.000000]   node   0: [mem 0x00001000-0x0009cfff]
[    0.000000]   node   0: [mem 0x00100000-0xbed9afff]
[    0.000000]   node   0: [mem 0xbf51b000-0xbfdfffff]
[    0.000000]   node   0: [mem 0x100000000-0x41effffff]
[    0.000000] On node 0 totalpages: 4056604
[    0.000000]   DMA zone: 64 pages used for memmap
[    0.000000]   DMA zone: 21 pages reserved
[    0.000000]   DMA zone: 3996 pages, LIFO batch:0
[    0.000000]   DMA32 zone: 12186 pages used for memmap
[    0.000000]   DMA32 zone: 779904 pages, LIFO batch:31
[    0.000000]   Normal zone: 51136 pages used for memmap
[    0.000000]   Normal zone: 3272704 pages, LIFO batch:31
[    0.000000] ACPI: PM-Timer IO Port: 0x808
[    0.000000] ACPI: Local APIC address 0xfee00000
[    0.000000] ACPI: LAPIC (acpi_id[0x00] lapic_id[0x00] enabled)
[    0.000000] ACPI: LAPIC (acpi_id[0x01] lapic_id[0x01] enabled)
[    0.000000] ACPI: LAPIC (acpi_id[0x02] lapic_id[0x02] enabled)
[    0.000000] ACPI: LAPIC (acpi_id[0x03] lapic_id[0x03] enabled)
[    0.000000] ACPI: LAPIC_NMI (acpi_id[0x00] high edge lint[0x1])
[    0.000000] ACPI: LAPIC_NMI (acpi_id[0x01] high edge lint[0x1])
[    0.000000] ACPI: LAPIC_NMI (acpi_id[0x02] high edge lint[0x1])
[    0.000000] ACPI: LAPIC_NMI (acpi_id[0x03] high edge lint[0x1])
[    0.000000] ACPI: IOAPIC (id[0x02] address[0xfec00000] gsi_base[0])
[    0.000000] IOAPIC[0]: apic_id 2, version 33, address 0xfec00000, GSI 0-23
[    0.000000] ACPI: INT_SRC_OVR (bus 0 bus_irq 0 global_irq 2 dfl dfl)
[    0.000000] ACPI: IRQ0 used by override.
[    0.000000] ACPI: IRQ9 used by override.
[    0.000000] Using ACPI (MADT) for SMP configuration information
[    0.000000] ACPI: HPET id: 0x43538210 base: 0xfed00000
[    0.000000] smpboot: Allowing 4 CPUs, 0 hotplug CPUs
[    0.000000] e820: [mem 0xc0000000-0xfebfffff] available for PCI devices
[    0.000000] setup_percpu: NR_CPUS:64 nr_cpumask_bits:64 nr_cpu_ids:4 nr_node_ids:1
[    0.000000] PERCPU: Embedded 27 pages/cpu @ffff88041dc00000 s80256 r8192 d22144 u524288
[    0.000000] pcpu-alloc: s80256 r8192 d22144 u524288 alloc=1*2097152
[    0.000000] pcpu-alloc: [0] 0 1 2 3 
[    0.000000] Built 1 zonelists in Zone order, mobility grouping on.  Total pages: 3993197
[    0.000000] Policy zone: Normal
[    0.000000] Kernel command line: BOOT_IMAGE=/vmlinuz-linux-git root=UUID=bfa4ab6e-19a3-4601-ba2b-267c55841c73 rw cryptdevice=/dev/disk/by-uuid/70c08890-417a-497d-b6ab-c0d0357a63e2:cryptManjaro:allow-discards ipv6.disable=1 pnp.debug=1 loglevel=9 log_buf_len=10M printk.always_kmsg_dump=y printk.time=y mminit_loglevel=0 memory_corruption_check=1 acpi.debug_layer=0xfbff0000 acpi.debug_level=0xFFFFFFFD pnp.debug=1 nohz=on rcu_nocbs=1-3 pcie_aspm=force fbcon=scrollback:4096k fbcon=font:ProFont6x11 radeon.audio=0 radeon.lockup_timeout=0 radeon.test=0 radeon.agpmode=-1 radeon.benchmark=0 radeon.tv=0 radeon.hard_reset=1 radeon.aspm=1 radeon.dpm=1 radeon.msi=1 radeon.pcie_gen2=-1 radeon.no_wb=1 radeon.modeset=1 radeon.dynclks=1 radeon.r4xx_atom=0 radeon.runpm=0 radeonfb radeon.fastfb=1 nomodeset
[    0.000000] PCIe ASPM is forcibly enabled
[    0.000000] PID hash table entries: 4096 (order: 3, 32768 bytes)
[    0.000000] Memory: 15870900K/16226416K available (5251K kernel code, 721K rwdata, 2208K rodata, 848K init, 2588K bss, 355516K reserved)
[    0.000000] SLUB: HWalign=64, Order=0-3, MinObjects=0, CPUs=4, Nodes=1
[    0.000000] Hierarchical RCU implementation.
[    0.000000] 	RCU dyntick-idle grace-period acceleration is enabled.
[    0.000000] 	Additional per-CPU info printed with stalls.
[    0.000000] 	RCU restricting CPUs from NR_CPUS=64 to nr_cpu_ids=4.
[    0.000000] 	Offload RCU callbacks from all CPUs
[    0.000000] 	Offload RCU callbacks from CPUs: 0-3.
[    0.000000] RCU: Adjusting geometry for rcu_fanout_leaf=16, nr_cpu_ids=4
[    0.000000] NR_IRQS:4352 nr_irqs:456 0
[    0.000000] spurious 8259A interrupt: IRQ7.
[    0.000000] vgacon: allocated 4194304 bytes of memory for scrollback. CONFIG_VGACON_SOFT_SCROLLBACK_SIZE=4096
[    0.000000] Console: colour VGA+ 80x25
[    0.000000] console [tty0] enabled
[    0.000000] allocated 65011712 bytes of page_cgroup
[    0.000000] please try 'cgroup_disable=memory' option if you don't want memory cgroups
[    0.000000] hpet clockevent registered
[    0.000000] tsc: Fast TSC calibration using PIT
[    0.000000] tsc: Detected 1397.548 MHz processor
[    0.000041] Calibrating delay loop (skipped), value calculated using timer frequency.. 2796.55 BogoMIPS (lpj=4658493)
[    0.000166] pid_max: default: 32768 minimum: 301
[    0.000235] ACPI: Core revision 20140724
[    0.016136] ACPI: All ACPI Tables successfully acquired
[    0.018154] Security Framework initialized
[    0.019286] Dentry cache hash table entries: 2097152 (order: 12, 16777216 bytes)
[    0.024996] Inode-cache hash table entries: 1048576 (order: 11, 8388608 bytes)
[    0.027736] Mount-cache hash table entries: 32768 (order: 6, 262144 bytes)
[    0.027866] Mountpoint-cache hash table entries: 32768 (order: 6, 262144 bytes)
[    0.028407] Initializing cgroup subsys memory
[    0.028526] Initializing cgroup subsys devices
[    0.028590] Initializing cgroup subsys freezer
[    0.028654] Initializing cgroup subsys net_cls
[    0.028717] Initializing cgroup subsys blkio
[    0.028801] CPU: Physical Processor ID: 0
[    0.028863] CPU: Processor Core ID: 0
[    0.028925] mce: CPU supports 6 MCE banks
[    0.028995] Last level iTLB entries: 4KB 512, 2MB 16, 4MB 8
Last level dTLB entries: 4KB 1024, 2MB 128, 4MB 64, 1GB 0
[    0.029244] Freeing SMP alternatives memory: 20K (ffffffff81b8a000 - ffffffff81b8f000)
[    0.029957] ..TIMER: vector=0x30 apic1=0 pin1=2 apic2=-1 pin2=-1
[    0.063048] smpboot: CPU0: AMD A6-3400M APU with Radeon(tm) HD Graphics (fam: 12, model: 01, stepping: 00)
[    0.166721] Performance Events: AMD PMU driver.
[    0.166825] ... version:                0
[    0.166889] ... bit width:              48
[    0.166952] ... generic registers:      4
[    0.167017] ... value mask:             0000ffffffffffff
[    0.167080] ... max period:             00007fffffffffff
[    0.167142] ... fixed-purpose events:   0
[    0.167203] ... event mask:             000000000000000f
[    0.167741] MCE: In-kernel MCE decoding enabled.
[    0.167910] trying cpu_up:
[    0.168022] NMI watchdog: enabled on all CPUs, permanently consumes one hw-PMU counter.
[    0.168314] smpboot: ++++++++++++++++++++=_---CPU UP  1
[    0.168426] x86: Booting SMP configuration:
[    0.168490] .... node  #0, CPUs:      #1
[    0.168598] smpboot: Setting warm reset code and vector.
[    0.168722] smpboot: 1.
[    0.168784] smpboot: 2.
[    0.168846] smpboot: 3.
[    0.168908] smpboot: Asserting INIT
[    0.168970] smpboot: waiting 5 sec
[    5.608861] smpboot: done waiting
[    5.608957] smpboot: Waiting for INIT send to finish...
[    5.619099] smpboot: status for above ^ is: 0
[    5.619209] smpboot: Deasserting INIT
[    5.619272] smpboot: Waiting for above send to finish...
[    5.619336] smpboot: #startup loops: 2
[    5.619400] smpboot: Sending STARTUP #1
[    5.619463] smpboot: After apic_write
[    5.619826] smpboot: Startup point 1
[    5.619889] smpboot: Waiting for send to finish...
[    5.620154] smpboot: Sending STARTUP #2
[    5.620263] smpboot: After apic_write
[    5.620627] smpboot: Startup point 1
[    5.620736] smpboot: Waiting for send to finish...
[    5.621000] smpboot: After Startup
[    5.621110] smpboot: Before Callout 1
[    5.621173] smpboot: After Callout 1
[    5.621236] smpboot: start waiting 5sec for response
[    5.621378] [sched_delayed] sched: RT throttling activated
[   10.641288] smpboot: done waiting 5sec for response
[   10.641374] smpboot: cpumask_test_cpu result: 0
[   10.641471] smpboot: cpu_callin_mask: 0000000000000001
[   10.641534] smpboot: cpu_callout_mask: 0000000000000003
[   10.641632] smpboot: CPU1: Not responding
[   10.641747] smpboot: do_boot_cpu failed(1) to wakeup CPU#1
[   10.641820] doing it one more time: cpu_up !!!!!!!!!!!!
[   10.641866] smpboot: ++++++++++++++++++++=_---CPU UP  1
[   10.641989] x86: Booting SMP configuration:
[   10.642053]     #1
[   10.642125] smpboot: Setting warm reset code and vector.
[   10.642248] smpboot: 1.
[   10.642310] smpboot: 2.
[   10.642372] smpboot: 3.
[   10.642435] smpboot: Asserting INIT
[   10.642498] smpboot: waiting 5 sec
[   15.651548] smpboot: done waiting
[   15.651690] smpboot: Waiting for INIT send to finish...
[   15.661832] smpboot: status for above ^ is: 0
[   15.661942] smpboot: Deasserting INIT
[   15.662005] smpboot: Waiting for above send to finish...
[   15.662069] smpboot: #startup loops: 2
[   15.662133] smpboot: Sending STARTUP #1
[   15.662196] smpboot: After apic_write
[   15.662560] smpboot: Startup point 1
[   15.662669] smpboot: Waiting for send to finish...
[   15.662934] smpboot: Sending STARTUP #2
[   15.663043] smpboot: After apic_write
[   15.663407] smpboot: Startup point 1
[   15.663516] smpboot: Waiting for send to finish...
[   15.663780] smpboot: After Startup
[   15.663890] smpboot: Before Callout 1
[   15.663953] smpboot: After Callout 1
[   15.664016] smpboot: start waiting 5sec for response
[   20.683708] smpboot: done waiting 5sec for response
[   20.683852] smpboot: cpumask_test_cpu result: 0
[   20.683915] smpboot: cpu_callin_mask: 0000000000000001
[   20.684013] smpboot: cpu_callout_mask: 0000000000000003
[   20.684075] smpboot: CPU1: Not responding
[   20.684198] smpboot: do_boot_cpu failed(1) to wakeup CPU#1
[   20.684268] after cpu_up !!!!!!!!!!!!
[   20.684306] trying cpu_up:
[   20.684522] smpboot: ++++++++++++++++++++=_---CPU UP  2
[   20.684707]  #2
[   20.684744] smpboot: Setting warm reset code and vector.
[   20.684868] smpboot: 1.
[   20.684930] smpboot: 2.
[   20.684992] smpboot: 3.
[   20.685055] smpboot: Asserting INIT
[   20.685117] smpboot: waiting 5 sec
[   25.695005] smpboot: done waiting
[   25.695148] smpboot: Waiting for INIT send to finish...
[   25.705290] smpboot: status for above ^ is: 0
[   25.705400] smpboot: Deasserting INIT
[   25.705463] smpboot: Waiting for above send to finish...
[   25.705528] smpboot: #startup loops: 2
[   25.705591] smpboot: Sending STARTUP #1
[   25.705655] smpboot: After apic_write
[   25.574161] smpboot: CPU#2 (phys ID: 2) waiting for CALLOUT
[   25.706018] smpboot: Startup point 1
[   25.706192] smpboot: Waiting for send to finish...
[   25.706457] smpboot: Sending STARTUP #2
[   25.706521] smpboot: After apic_write
[   25.706884] smpboot: Startup point 1
[   25.706993] smpboot: Waiting for send to finish...
[   25.707258] smpboot: After Startup
[   25.707367] smpboot: Before Callout 2
[   25.707429] smpboot: After Callout 2
[   25.575766] smpboot: Stack at about ffff88040780bf44
[   25.707554] smpboot: start waiting 5sec for response
[   25.707593] smpboot: done waiting 5sec for response
[   25.707689] smpboot: cpumask_test_cpu result: -1
[   25.707752] smpboot: cpu_callin_mask: 0000000000000005
[   25.707851] smpboot: cpu_callout_mask: 0000000000000005
[   25.707912] smpboot: CPU2: has booted.
[   25.710040] TSC synchronization [CPU#0 -> CPU#2]:
[   25.710151] Measured 183985759 cycles TSC warp between CPUs, turning off TSC clock.
[   25.710293] tsc: Marking TSC unstable due to check_tsc_sync_source failed
[   25.710417] after cpu_up !!!!!!!!!!!!
[   25.710481] trying cpu_up:
[   25.710694] smpboot: ++++++++++++++++++++=_---CPU UP  3
[   25.710876]  #3
[   25.710913] smpboot: Setting warm reset code and vector.
[   25.711036] smpboot: 1.
[   25.711098] smpboot: 2.
[   25.711159] smpboot: 3.
[   25.711225] smpboot: Asserting INIT
[   25.711287] smpboot: waiting 5 sec
[   34.017523] smpboot: done waiting
[   34.017666] smpboot: Waiting for INIT send to finish...
[   34.027807] smpboot: status for above ^ is: 0
[   34.027916] smpboot: Deasserting INIT
[   34.027977] smpboot: Waiting for above send to finish...
[   34.028041] smpboot: #startup loops: 2
[   34.028102] smpboot: Sending STARTUP #1
[   34.028165] smpboot: After apic_write
[   34.028527] smpboot: Startup point 1
[   34.028636] smpboot: Waiting for send to finish...
[   34.028901] smpboot: Sending STARTUP #2
[   34.029010] smpboot: After apic_write
[   34.029371] smpboot: Startup point 1
[   34.029479] smpboot: Waiting for send to finish...
[   34.029742] smpboot: After Startup
[   34.029849] smpboot: Before Callout 3
[   34.029911] smpboot: After Callout 3
[   34.029973] smpboot: start waiting 5sec for response
[   39.049471] smpboot: done waiting 5sec for response
[   39.049614] smpboot: cpumask_test_cpu result: 0
[   39.049677] smpboot: cpu_callin_mask: 0000000000000005
[   39.049775] smpboot: cpu_callout_mask: 000000000000000d
[   39.050891] smpboot: CPU3: Not responding
[   39.051015] smpboot: do_boot_cpu failed(1) to wakeup CPU#3
[   39.051088] doing it one more time: cpu_up !!!!!!!!!!!!
[   39.051133] smpboot: ++++++++++++++++++++=_---CPU UP  3
[   39.051258]  #3
[   39.051295] smpboot: Setting warm reset code and vector.
[   39.051416] smpboot: 1.
[   39.051478] smpboot: 2.
[   39.051540] smpboot: 3.
[   39.051603] smpboot: Asserting INIT
[   39.051665] smpboot: waiting 5 sec
[   44.060954] smpboot: done waiting
[   44.061096] smpboot: Waiting for INIT send to finish...
[   44.071238] smpboot: status for above ^ is: 0
[   44.071348] smpboot: Deasserting INIT
[   44.071412] smpboot: Waiting for above send to finish...
[   44.071476] smpboot: #startup loops: 2
[   44.071540] smpboot: Sending STARTUP #1
[   44.071603] smpboot: After apic_write
[   44.071966] smpboot: Startup point 1
[   44.072076] smpboot: Waiting for send to finish...
[   44.072340] smpboot: Sending STARTUP #2
[   44.072450] smpboot: After apic_write
[   44.072813] smpboot: Startup point 1
[   44.072922] smpboot: Waiting for send to finish...
[   44.073186] smpboot: After Startup
[   44.073295] smpboot: Before Callout 3
[   44.073358] smpboot: After Callout 3
[   44.073421] smpboot: start waiting 5sec for response
[   49.093016] smpboot: done waiting 5sec for response
[   49.093159] smpboot: cpumask_test_cpu result: 0
[   49.093223] smpboot: cpu_callin_mask: 0000000000000005
[   49.093320] smpboot: cpu_callout_mask: 000000000000000d
[   49.093383] smpboot: CPU3: Not responding
[   49.093507] smpboot: do_boot_cpu failed(1) to wakeup CPU#3
[   49.093578] after cpu_up !!!!!!!!!!!!
[   49.093617] x86: Booted up 1 node, 2 CPUs
[   49.093738] smpboot: Boot done
[   49.093801] smpboot: Before bogomips
[   49.093865] smpboot: Total of 2 processors activated (5592.11 BogoMIPS)
[   49.093930] smpboot: Before bogocount - setting activated=1
[   45.340071] devtmpfs: initialized
[   45.340117] device: 'platform': device_add
[   45.340261] bus: 'platform': registered
[   45.340334] bus: 'cpu': registered
[   45.340399] device: 'cpu': device_add
[   45.340489] bus: 'container': registered
[   45.340554] device: 'container': device_add
[   45.341417] bus: 'workqueue': registered
[   45.341529] device: 'workqueue': device_add
[   45.341409] kworker/u8:0 (39) used greatest stack depth: 15104 bytes left
[   45.341883] atomic64_test: passed for x86-64 platform with CX8 and with SSE
[   45.342000] device class 'regulator': registering
[   45.342111] Registering platform device 'reg-dummy'. Parent at platform
[   45.342205] device: 'reg-dummy': device_add
[   45.342271] bus: 'platform': add device reg-dummy
[   45.342358] bus: 'platform': add driver reg-dummy
[   45.342358] bus: 'platform': driver_probe_device: matched device reg-dummy with driver reg-dummy
[   45.342358] bus: 'platform': really_probe: probing driver reg-dummy with device reg-dummy
[   45.342358] device: 'regulator.0': device_add
[   45.342358] regulator-dummy: no parameters
[   45.342358] driver: 'reg-dummy': driver_bound: bound to device 'reg-dummy'
[   45.342358] bus: 'platform': really_probe: bound device reg-dummy to driver reg-dummy
[   45.342358] NET: Registered protocol family 16
[   45.342358] device class 'bdi': registering
[   45.343346] bus: 'platform': add driver ramoops
[   45.343363] device class 'pci_bus': registering
[   45.343363] bus: 'pci': registered
[   45.343363] device class 'backlight': registering
[   45.343396] device class 'tty': registering
[   45.343396] device class 'vtconsole': registering
[   45.343396] device: 'vtcon0': device_add
[   45.343396] bus: 'node': registered
[   45.343396] device: 'node': device_add
[   45.343396] bus: 'i2c': registered
[   45.343396] kworker/u8:1 (53) used greatest stack depth: 14176 bytes left
[   45.343396] bus: 'i2c': add driver dummy
[   45.343396] i2c-core: driver [dummy] registered
[   45.343396] cpuidle: using governor ladder
[   45.343396] cpuidle: using governor menu
[   45.343396] ACPI FADT declares the system doesn't support PCIe ASPM, so disable it
[   45.343396] ACPI: bus type PCI registered
[   45.343396] acpiphp: ACPI Hot Plug PCI Controller Driver version: 0.5
[   45.343396] device class 'dmi': registering
[   45.343396] device: 'id': device_add
[   45.343526] PCI: MMCONFIG for domain 0000 [bus 00-3f] at [mem 0xf8000000-0xfbffffff] (base 0xf8000000)
[   45.343639] PCI: not using MMCONFIG
[   45.343704] PCI: Using configuration type 1 for base access
[   45.343768] PCI: Using configuration type 1 for extended access
[   45.344135] device: 'node0': device_add
[   45.344249] bus: 'node': add device node0
[   45.346678] device: 'cpu0': device_add
[   45.346678] bus: 'cpu': add device cpu0
[   45.346695] device: 'cpu1': device_add
[   45.346695] bus: 'cpu': add device cpu1
[   45.346696] device: 'cpu2': device_add
[   45.346696] bus: 'cpu': add device cpu2
[   45.346696] device: 'cpu3': device_add
[   45.346696] bus: 'cpu': add device cpu3
[   45.356710] device: 'writeback': device_add
[   45.356805] bus: 'workqueue': add device writeback
[   45.356912] device: 'default': device_add
[   45.357111] device class 'block': registering
[   45.357111] ACPI: Added _OSI(Module Device)
[   45.357111] ACPI: Added _OSI(Processor Device)
[   45.357111] ACPI: Added _OSI(3.0 _SCP Extensions)
[   45.357159] ACPI: Added _OSI(Processor Aggregator Device)
[   45.358101] 
**** Context Switch from TID 4294967295 to TID 133431296 ****

[   45.358316]     utils-0051 util_eval_error       : Evaluate [\_SB_.PCI0.LPC0.EC0_._GLK]: AE_NOT_FOUND
[   45.358884] Executing  Method       \_SB_.PCI0.LPC0.EC0_._REG
[   45.359657] Executing  Method       \_SB_.PCI0.LPC0.EC0_._REG
[   45.359809] Executing  Method       \_SB_.PCI0.LPC0.EC0_._REG
[   45.360014] Executing  Method       \_SB_.PCI0.LPC0.EC0_._REG
[   45.363182] Initializing Region       \_SB_.OSTY
[   45.363364] Initializing Region       \_SB_.PCI0.NBMS
[   45.363513] Initializing Region       \_SB_.PCI0.NBXP
[   45.363664] Initializing Region       \_SB_.PCI0.K8ST
[   45.363850] Initializing Region       \_SB_.PCI0.BAR1
[   45.364031] Initializing Region       \_SB_.PCI0.PB2_.XPEX
[   45.364179] Initializing Region       \_SB_.PCI0.PB2_.PCFG
[   45.364327] Initializing Region       \_SB_.PCI0.PB2_.XPCB
[   45.364475] Initializing Region       \_SB_.PCI0.PB2_.XPRI
[   45.364620] Initializing Region       \_SB_.PCI0.PB2_.VGA_.PCFG
[   45.364811] Initializing Region       \_SB_.PCI0.PB2_.HDAU.PCFG
[   45.364988] Initializing Region       \_SB_.PCI0.PB3_.XPEX
[   45.365135] Initializing Region       \_SB_.PCI0.PB3_.PCFG
[   45.365283] Initializing Region       \_SB_.PCI0.PB3_.XPCB
[   45.365432] Initializing Region       \_SB_.PCI0.PB3_.XPRI
[   45.365585] Initializing Region       \_SB_.PCI0.PB3_.VGA_.PCFG
[   45.365802] Initializing Region       \_SB_.PCI0.PB3_.HDAU.PCFG
[   45.365967] Initializing Region       \_SB_.PCI0.PB4_.XPEX
[   45.366115] Initializing Region       \_SB_.PCI0.PB4_.PCFG
[   45.366262] Initializing Region       \_SB_.PCI0.PB4_.XPCB
[   45.366412] Initializing Region       \_SB_.PCI0.PB4_.XPRI
[   45.366564] Initializing Region       \_SB_.PCI0.PB4_.XPDV.PCFG
[   45.366756] Initializing Region       \_SB_.PCI0.PB5_.XPEX
[   45.366903] Initializing Region       \_SB_.PCI0.PB5_.PCFG
[   45.367050] Initializing Region       \_SB_.PCI0.PB5_.XPCB
[   45.367199] Initializing Region       \_SB_.PCI0.PB5_.XPRI
[   45.367350] Initializing Region       \_SB_.PCI0.PB5_.XPDV.PCFG
[   45.367513] Initializing Region       \_SB_.PCI0.PB6_.XPEX
[   45.367660] Initializing Region       \_SB_.PCI0.PB6_.PCFG
[   45.367808] Initializing Region       \_SB_.PCI0.PB6_.XPCB
[   45.367957] Initializing Region       \_SB_.PCI0.PB6_.XPRI
[   45.368109] Initializing Region       \_SB_.PCI0.PB6_.XPDV.PCFG
[   45.368270] Initializing Region       \_SB_.PCI0.PB7_.XPEX
[   45.368415] Initializing Region       \_SB_.PCI0.PB7_.PCFG
[   45.368562] Initializing Region       \_SB_.PCI0.PB7_.XPCB
[   45.368711] Initializing Region       \_SB_.PCI0.PB7_.XPRI
[   45.368861] Initializing Region       \_SB_.PCI0.PB7_.XPDV.PCFG
[   45.369271] Initializing Region       \_SB_.PCI0.SATC
[   45.369464] Initializing Region       \_SB_.PCI0.RMEM
[   45.369642] Initializing Region       \_SB_.PCI0.SATA.SATX
[   45.369796] Initializing Region       \_SB_.PCI0.SATA.BAR5
[   45.390183] Initializing Region       \_SB_.PCI0.SMB_.SBRV
[   45.390392] Initializing Region       \_SB_.PCI0.SMB_.PMIO
[   45.390541] Initializing Region       \_SB_.PCI0.SMB_.ERMM
[   45.390817] Initializing Region       \_SB_.PCI0.SMB_.P1E0
[   45.391023] Initializing Region       \_SB_.PCI0.SMB_.ABIO
[   45.391173] Initializing Region       \_SB_.PCI0.SMB_.SMB0
[   45.391324] Initializing Region       \_SB_.PCI0.LPC0.PIRQ
[   45.391526] Initializing Region       \_SB_.PCI0.LPC0.LPCR
[   45.391766] Initializing Region       \_SB_.PCI0.LPC0.LPCS
[   45.391971] Initializing Region       \_SB_.PCI0.LPC0.SMI0
[   45.392118] Initializing Region       \_SB_.PCI0.LPC0.SMI1
[   45.392273] Initializing Region       \_SB_.PCI0.LPC0.EC0_.ECO1
[   45.392421] Initializing Region       \_SB_.PCI0.LPC0.EC0_.ECO2
[   45.392568] Initializing Region       \_SB_.PCI0.LPC0.EC0_.ECMB
[   45.392716] Initializing Region       \_SB_.PCI0.LPC0.EC0_.RAM_
[   45.392973] Initializing Region       \_SB_.PCI0.LPC0.EC0_.CMOS
[   45.393146] Initializing Region       \_SB_.PCI0.LPC0.EC0_.VPC0.ERAM
[   45.394611] Initializing Region       \_SB_.PCI0.SPB0.PCFG
[   45.394806] Initializing Region       \_SB_.PCI0.SPB0.XPCB
[   45.394958] Initializing Region       \_SB_.PCI0.SPB0.XPDV.PCFG
[   45.395119] Initializing Region       \_SB_.PCI0.SPB1.PCFG
[   45.395268] Initializing Region       \_SB_.PCI0.SPB1.XPCB
[   45.395419] Initializing Region       \_SB_.PCI0.SPB1.XPDV.PCFG
[   45.395580] Initializing Region       \_SB_.PCI0.SPB2.PCFG
[   45.395727] Initializing Region       \_SB_.PCI0.SPB2.XPCB
[   45.395879] Initializing Region       \_SB_.PCI0.SPB2.XPDV.PCFG
[   45.396040] Initializing Region       \_SB_.PCI0.SPB3.PCFG
[   45.396188] Initializing Region       \_SB_.PCI0.SPB3.XPCB
[   45.396340] Initializing Region       \_SB_.PCI0.SPB3.XPDV.PCFG
[   45.396692] Initializing Region       \_SB_.PCI0.VGA_.REVD
[   45.397094] Initializing BufferField  \_SB_.AMW0.WLID
[   45.397717] Initializing Region       \DEB2
[   45.397912] Initializing Region       \PMIO
[   45.398058] Initializing Region       \P01_
[   45.398232] Initializing Region       \CNVS
[   45.398426] Initializing Region       \SPRT
[   45.398588] Initializing Region       \CMIO
[   45.398834] Executing  Method       \_SB_._STA
[   45.399053] Executing  Method       \_SB_._INI
[   45.399223] Executing  Method       \_SB_.PCI0._STA
[   45.399393] Executing  Method       \_SB_.PCI0._INI
[   45.399827] [Firmware Bug]: ACPI: BIOS _OSI(Linux) query ignored
[   45.400181] Executing  Method       \_SB_.PCI0.SATA._STA
[   45.400382] Executing  Method       \_SB_.PCI0.SATA._INI
[   45.401460] Executing  Method       \_SB_.PCI0.LPC0.EC0_._REG
[   45.426780] ACPI: Interpreter enabled
[   45.426910] ACPI: (supports S0 S5)
[   45.426975] ACPI: Using IOAPIC for interrupt routing
[   45.427386] PCI: MMCONFIG for domain 0000 [bus 00-3f] at [mem 0xf8000000-0xfbffffff] (base 0xf8000000)
[   45.428305] PCI: MMCONFIG at [mem 0xf8000000-0xfbffffff] reserved in ACPI motherboard resources
[   45.428305] bus: 'acpi': registered
[   45.428305] PCI: Using host bridge windows from ACPI; if necessary, use "pci=nocrs" and report a bug
[   45.428305]      scan-1141 get_device_data       : No context for object [ffffffffffffffff]
[   45.428305]     utils-0051 util_eval_error       : Evaluate [\._STA]: AE_NOT_FOUND
[   45.428305] device: 'LNXSYSTM:00': device_add
[   45.428305] bus: 'acpi': add device LNXSYSTM:00
[   45.428305]     utils-0051 util_eval_error       : Evaluate [\._SUN]: AE_NOT_FOUND
[   45.430013]      scan-1933 add_single_object     : Added LNXSYSTM:00 [\] parent (null)
[   45.430013]      scan-1141 get_device_data       : No context for object [ffff88040d81d000]
[   45.430013]      scan-1141 get_device_data       : No context for object [ffff88040d8377d0]
[   45.430013]      scan-1141 get_device_data       : No context for object [ffff88040d8377f8]
[   45.430013]      scan-1141 get_device_data       : No context for object [ffff88040d837820]
[   45.430013]      scan-1141 get_device_data       : No context for object [ffff88040d837848]
[   45.430013]      scan-1141 get_device_data       : No context for object [ffff88040d837870]
[   45.430013]      scan-1141 get_device_data       : No context for object [ffff88040d837898]
[   45.430013]      scan-1141 get_device_data       : No context for object [ffff88040d8378c0]
[   45.430013]      scan-1141 get_device_data       : No context for object [ffff88040d8378e8]
[   45.430013]      scan-1141 get_device_data       : No context for object [ffff88040d839398]
[   45.430013]      scan-1141 get_device_data       : No context for object [ffff88040d81d028]
[   45.430202]      scan-1141 get_device_data       : No context for object [ffff88040d81d168]
[   45.430401]     utils-0051 util_eval_error       : Evaluate [\_PR_.C000._STA]: AE_NOT_FOUND
[   45.430579]      scan-1141 get_device_data       : No context for object [ffff88040d81d028]
[   45.430786] device: 'LNXCPU:00': device_add
[   45.430848] bus: 'acpi': add device LNXCPU:00
[   45.430924]     utils-0051 util_eval_error       : Evaluate [\_PR_.C000._SUN]: AE_NOT_FOUND
[   45.433344]      scan-1933 add_single_object     : Added LNXCPU:00 [\_PR_.C000] parent LNXSYSTM:00
[   45.433344]      scan-1141 get_device_data       : No context for object [ffff88040d83c398]
[   45.433344]      scan-1141 get_device_data       : No context for object [ffff88040d83c3c0]
[   45.433344]      scan-1141 get_device_data       : No context for object [ffff88040d83c3e8]
[   45.433344]      scan-1141 get_device_data       : No context for object [ffff88040d83c410]
[   45.433344]      scan-1141 get_device_data       : No context for object [ffff88040d83c438]
[   45.433344]      scan-1141 get_device_data       : No context for object [ffff88040d83c460]
[   45.433344]      scan-1141 get_device_data       : No context for object [ffff88040d81d190]
[   45.433344]     utils-0051 util_eval_error       : Evaluate [\_PR_.C001._STA]: AE_NOT_FOUND
[   45.433344]      scan-1141 get_device_data       : No context for object [ffff88040d81d028]
[   45.433344] device: 'LNXCPU:01': device_add
[   45.433344] bus: 'acpi': add device LNXCPU:01
[   45.433344]     utils-0051 util_eval_error       : Evaluate [\_PR_.C001._SUN]: AE_NOT_FOUND
[   45.433507]      scan-1933 add_single_object     : Added LNXCPU:01 [\_PR_.C001] parent LNXSYSTM:00
[   45.433663]      scan-1141 get_device_data       : No context for object [ffff88040d83c488]
[   45.433835]      scan-1141 get_device_data       : No context for object [ffff88040d83c4b0]
[   45.434034]      scan-1141 get_device_data       : No context for object [ffff88040d83c4d8]
[   45.436679]      scan-1141 get_device_data       : No context for object [ffff88040d83c500]
[   45.436679]      scan-1141 get_device_data       : No context for object [ffff88040d83c528]
[   45.436679]      scan-1141 get_device_data       : No context for object [ffff88040d83c550]
[   45.436679]      scan-1141 get_device_data       : No context for object [ffff88040d81d1b8]
[   45.436679]     utils-0051 util_eval_error       : Evaluate [\_PR_.C002._STA]: AE_NOT_FOUND
[   45.436679]      scan-1141 get_device_data       : No context for object [ffff88040d81d028]
[   45.436679] device: 'LNXCPU:02': device_add
[   45.436679] bus: 'acpi': add device LNXCPU:02
[   45.436679]     utils-0051 util_eval_error       : Evaluate [\_PR_.C002._SUN]: AE_NOT_FOUND
[   45.436709]      scan-1933 add_single_object     : Added LNXCPU:02 [\_PR_.C002] parent LNXSYSTM:00
[   45.436709]      scan-1141 get_device_data       : No context for object [ffff88040d83c578]
[   45.436709]      scan-1141 get_device_data       : No context for object [ffff88040d83c5a0]
[   45.436709]      scan-1141 get_device_data       : No context for object [ffff88040d83c5c8]
[   45.436709]      scan-1141 get_device_data       : No context for object [ffff88040d83c5f0]
[   45.436709]      scan-1141 get_device_data       : No context for object [ffff88040d83c618]
[   45.436849]      scan-1141 get_device_data       : No context for object [ffff88040d83c640]
[   45.437043]      scan-1141 get_device_data       : No context for object [ffff88040d81d1e0]
[   45.437240]     utils-0051 util_eval_error       : Evaluate [\_PR_.C003._STA]: AE_NOT_FOUND
[   45.437437]      scan-1141 get_device_data       : No context for object [ffff88040d81d028]
[   45.437623] device: 'LNXCPU:03': device_add
[   45.437685] bus: 'acpi': add device LNXCPU:03
[   45.437757]     utils-0051 util_eval_error       : Evaluate [\_PR_.C003._SUN]: AE_NOT_FOUND
[   45.440015]      scan-1933 add_single_object     : Added LNXCPU:03 [\_PR_.C003] parent LNXSYSTM:00
[   45.440015]      scan-1141 get_device_data       : No context for object [ffff88040d83c668]
[   45.440015]      scan-1141 get_device_data       : No context for object [ffff88040d83c690]
[   45.440015]      scan-1141 get_device_data       : No context for object [ffff88040d83c6b8]
[   45.440015]      scan-1141 get_device_data       : No context for object [ffff88040d83c6e0]
[   45.440015]      scan-1141 get_device_data       : No context for object [ffff88040d83c708]
[   45.440015]      scan-1141 get_device_data       : No context for object [ffff88040d83c730]
[   45.440015]      scan-1141 get_device_data       : No context for object [ffff88040d81d050]
[   45.440015]     utils-0051 util_eval_error       : Evaluate [\_SB_._STA]: AE_NOT_FOUND
[   45.440015] device: 'LNXSYBUS:00': device_add
[   45.440015] bus: 'acpi': add device LNXSYBUS:00
[   45.440015]     utils-0051 util_eval_error       : Evaluate [\_SB_._SUN]: AE_NOT_FOUND
[   45.440111]      scan-1933 add_single_object     : Added LNXSYBUS:00 [\_SB_] parent LNXSYSTM:00
[   45.440219]      scan-1141 get_device_data       : No context for object [ffff88040d81d3c0]
[   45.440417]      scan-1141 get_device_data       : No context for object [ffff88040d81d3e8]
[   45.441587]      scan-1141 get_device_data       : No context for object [ffff88040d81d410]
[   45.441784]      scan-1141 get_device_data       : No context for object [ffff88040d81d438]
[   45.441982]      scan-1141 get_device_data       : No context for object [ffff88040d81d460]
[   45.442179]      scan-1141 get_device_data       : No context for object [ffff88040d81d488]
[   45.442377]      scan-1141 get_device_data       : No context for object [ffff88040d81d4b0]
[   45.442554]      scan-1141 get_device_data       : No context for object [ffff88040d81d5a0]
[   45.442752]     utils-0051 util_eval_error       : Evaluate [\_SB_.PWRB._STA]: AE_NOT_FOUND
[   45.442985] device: 'PNP0C0C:00': device_add
[   45.443048] bus: 'acpi': add device PNP0C0C:00
[   45.443123]     utils-0051 util_eval_error       : Evaluate [\_SB_.PWRB._SUN]: AE_NOT_FOUND
[   45.443362]      scan-1933 add_single_object     : Added PNP0C0C:00 [\_SB_.PWRB] parent LNXSYBUS:00
[   45.443533]      scan-1141 get_device_data       : No context for object [ffff88040d81d5c8]
[   45.443731]      scan-1141 get_device_data       : No context for object [ffff88040d81d5f0]
[   45.443931]     utils-0051 util_eval_error       : Evaluate [\_SB_.PCI0._STA]: AE_NOT_FOUND
[   45.444183] device: 'PNP0A08:00': device_add
[   45.444293] bus: 'acpi': add device PNP0A08:00
[   45.444371]     utils-0051 util_eval_error       : Evaluate [\_SB_.PCI0._SUN]: AE_NOT_FOUND
[   45.446678]      scan-1933 add_single_object     : Added PNP0A08:00 [\_SB_.PCI0] parent LNXSYBUS:00
[   45.446678]      scan-1141 get_device_data       : No context for object [ffff88040d81d618]
[   45.446678]      scan-1141 get_device_data       : No context for object [ffff88040d81d640]
[   45.446678]      scan-1141 get_device_data       : No context for object [ffff88040d81d668]
[   45.446678]      scan-1141 get_device_data       : No context for object [ffff88040d81d690]
[   45.446678]      scan-1141 get_device_data       : No context for object [ffff88040d81d6b8]
[   45.446678]      scan-1141 get_device_data       : No context for object [ffff88040d81d6e0]
[   45.446678]      scan-1141 get_device_data       : No context for object [ffff88040d81d708]
[   45.446678]      scan-1141 get_device_data       : No context for object [ffff88040d81d730]
[   45.446678]      scan-1141 get_device_data       : No context for object [ffff88040d81d758]
[   45.446678]      scan-1141 get_device_data       : No context for object [ffff88040d81d780]
[   45.446798]      scan-1141 get_device_data       : No context for object [ffff88040d81d7a8]
[   45.446995]      scan-1141 get_device_data       : No context for object [ffff88040d81d7d0]
[   45.447192]      scan-1141 get_device_data       : No context for object [ffff88040d81d7f8]
[   45.447390]      scan-1141 get_device_data       : No context for object [ffff88040d81d820]
[   45.447587]      scan-1141 get_device_data       : No context for object [ffff88040d81d848]
[   45.447784]      scan-1141 get_device_data       : No context for object [ffff88040d81d870]
[   45.447981]      scan-1141 get_device_data       : No context for object [ffff88040d81d898]
[   45.448179]      scan-1141 get_device_data       : No context for object [ffff88040d81d8c0]
[   45.448376]      scan-1141 get_device_data       : No context for object [ffff88040d81d8e8]
[   45.448574]      scan-1141 get_device_data       : No context for object [ffff88040d81d910]
[   45.448771]      scan-1141 get_device_data       : No context for object [ffff88040d81d938]
[   45.448969]      scan-1141 get_device_data       : No context for object [ffff88040d81d960]
[   45.449166]      scan-1141 get_device_data       : No context for object [ffff88040d81d988]
[   45.449363]      scan-1141 get_device_data       : No context for object [ffff88040d81d9b0]
[   45.449559]      scan-1141 get_device_data       : No context for object [ffff88040d81d9d8]
[   45.449736]      scan-1141 get_device_data       : No context for object [ffff88040d81da00]
[   45.449933]      scan-1141 get_device_data       : No context for object [ffff88040d81da28]
[   45.450130]      scan-1141 get_device_data       : No context for object [ffff88040d81da50]
[   45.450327]      scan-1141 get_device_data       : No context for object [ffff88040d81da78]
[   45.450525]      scan-1141 get_device_data       : No context for object [ffff88040d81daa0]
[   45.450676]      scan-1141 get_device_data       : No context for object [ffff88040d81dac8]
[   45.450853]      scan-1141 get_device_data       : No context for object [ffff88040d81daf0]
[   45.451050]      scan-1141 get_device_data       : No context for object [ffff88040d81db18]
[   45.451248]      scan-1141 get_device_data       : No context for object [ffff88040d81db40]
[   45.451445]      scan-1141 get_device_data       : No context for object [ffff88040d81db68]
[   45.451623]      scan-1141 get_device_data       : No context for object [ffff88040d81db90]
[   45.451818]      scan-1141 get_device_data       : No context for object [ffff88040d81dbb8]
[   45.452012]      scan-1141 get_device_data       : No context for object [ffff88040d81dbe0]
[   45.452206]      scan-1141 get_device_data       : No context for object [ffff88040d81dc08]
[   45.452401]      scan-1141 get_device_data       : No context for object [ffff88040d81dc30]
[   45.452595]      scan-1141 get_device_data       : No context for object [ffff88040d81dc58]
[   45.452790]      scan-1141 get_device_data       : No context for object [ffff88040d81dc80]
[   45.452984]      scan-1141 get_device_data       : No context for object [ffff88040d81dca8]
[   45.453179]      scan-1141 get_device_data       : No context for object [ffff88040d81dcd0]
[   45.453336]      scan-1141 get_device_data       : No context for object [ffff88040d81dcf8]
[   45.453530]      scan-1141 get_device_data       : No context for object [ffff88040d81dd20]
[   45.453724]      scan-1141 get_device_data       : No context for object [ffff88040d81dd48]
[   45.453919]      scan-1141 get_device_data       : No context for object [ffff88040d81dd70]
[   45.454114]      scan-1141 get_device_data       : No context for object [ffff88040d81dd98]
[   45.454309]      scan-1141 get_device_data       : No context for object [ffff88040d81ddc0]
[   45.454503]      scan-1141 get_device_data       : No context for object [ffff88040d81dde8]
[   45.454651]      scan-1141 get_device_data       : No context for object [ffff88040d81de10]
[   45.454828]      scan-1141 get_device_data       : No context for object [ffff88040d81de38]
[   45.455022]      scan-1141 get_device_data       : No context for object [ffff88040d81de60]
[   45.455217]      scan-1141 get_device_data       : No context for object [ffff88040d81de88]
[   45.455412]      scan-1141 get_device_data       : No context for object [ffff88040d81deb0]
[   45.455588]      scan-1141 get_device_data       : No context for object [ffff88040d81ded8]
[   45.455782]      scan-1141 get_device_data       : No context for object [ffff88040d81df00]
[   45.455976]      scan-1141 get_device_data       : No context for object [ffff88040d81df28]
[   45.456174]      scan-1141 get_device_data       : No context for object [ffff88040d81df50]
[   45.456371]      scan-1141 get_device_data       : No context for object [ffff88040d81df78]
[   45.456557]      scan-1141 get_device_data       : No context for object [ffff88040d81dfa0]
[   45.456797]      scan-1141 get_device_data       : No context for object [ffff88040d81dfc8]
[   45.456995]      scan-1141 get_device_data       : No context for object [ffff88040d822000]
[   45.457192]      scan-1141 get_device_data       : No context for object [ffff88040d822028]
[   45.457391]     utils-0051 util_eval_error       : Evaluate [\_SB_.PCI0.MEMR._STA]: AE_NOT_FOUND
[   45.457626] device: 'PNP0C02:00': device_add
[   45.457689] bus: 'acpi': add device PNP0C02:00
[   45.457767]     utils-0051 util_eval_error       : Evaluate [\_SB_.PCI0.MEMR._SUN]: AE_NOT_FOUND
[   45.460012]      scan-1933 add_single_object     : Added PNP0C02:00 [\_SB_.PCI0.MEMR] parent PNP0A08:00
[   45.460012]      scan-1141 get_device_data       : No context for object [ffff88040d822050]
[   45.460012]      scan-1141 get_device_data       : No context for object [ffff88040d822078]
[   45.460012]      scan-1141 get_device_data       : No context for object [ffff88040d8220a0]
[   45.460012]      scan-1141 get_device_data       : No context for object [ffff88040d8220c8]
[   45.460012]      scan-1141 get_device_data       : No context for object [ffff88040d8220f0]
[   45.460012]      scan-1141 get_device_data       : No context for object [ffff88040d822118]
[   45.460200]      scan-1141 get_device_data       : No context for object [ffff88040d822140]
[   45.460397]      scan-1141 get_device_data       : No context for object [ffff88040d822168]
[   45.460594]      scan-1141 get_device_data       : No context for object [ffff88040d822190]
[   45.460791]      scan-1141 get_device_data       : No context for object [ffff88040d8221b8]
[   45.460989]      scan-1141 get_device_data       : No context for object [ffff88040d8221e0]
[   45.461186]      scan-1141 get_device_data       : No context for object [ffff88040d822208]
[   45.461384]      scan-1141 get_device_data       : No context for object [ffff88040d822230]
[   45.461581]      scan-1141 get_device_data       : No context for object [ffff88040d822258]
[   45.461779]      scan-1141 get_device_data       : No context for object [ffff88040d822280]
[   45.461977]      scan-1141 get_device_data       : No context for object [ffff88040d8222a8]
[   45.462176]     utils-0051 util_eval_error       : Evaluate [\_SB_.PCI0.PB2_._STA]: AE_NOT_FOUND
[   45.462459] device: 'device:00': device_add
[   45.462522] bus: 'acpi': add device device:00
[   45.462601]     utils-0051 util_eval_error       : Evaluate [\_SB_.PCI0.PB2_._SUN]: AE_NOT_FOUND
[   45.463362]      scan-1933 add_single_object     : Added device:00 [\_SB_.PCI0.PB2_] parent PNP0A08:00
[   45.463362]      scan-1141 get_device_data       : No context for object [ffff88040d8222d0]
[   45.463362]      scan-1141 get_device_data       : No context for object [ffff88040d8222f8]
[   45.463534]      scan-1141 get_device_data       : No context for object [ffff88040d822320]
[   45.463731]      scan-1141 get_device_data       : No context for object [ffff88040d822348]
[   45.463928]      scan-1141 get_device_data       : No context for object [ffff88040d822370]
[   45.464125]      scan-1141 get_device_data       : No context for object [ffff88040d822398]
[   45.464322]      scan-1141 get_device_data       : No context for object [ffff88040d8223c0]
[   45.464519]      scan-1141 get_device_data       : No context for object [ffff88040d8223e8]
[   45.464716]      scan-1141 get_device_data       : No context for object [ffff88040d822410]
[   45.464912]      scan-1141 get_device_data       : No context for object [ffff88040d822438]
[   45.465106]      scan-1141 get_device_data       : No context for object [ffff88040d822460]
[   45.465304]      scan-1141 get_device_data       : No context for object [ffff88040d822488]
[   45.465501]      scan-1141 get_device_data       : No context for object [ffff88040d8224b0]
[   45.465678]      scan-1141 get_device_data       : No context for object [ffff88040d8224d8]
[   45.465875]      scan-1141 get_device_data       : No context for object [ffff88040d822500]
[   45.466073]      scan-1141 get_device_data       : No context for object [ffff88040d822528]
[   45.466270]      scan-1141 get_device_data       : No context for object [ffff88040d822550]
[   45.466467]      scan-1141 get_device_data       : No context for object [ffff88040d822578]
[   45.466669]      scan-1141 get_device_data       : No context for object [ffff88040d8225a0]
[   45.466845]      scan-1141 get_device_data       : No context for object [ffff88040d8225c8]
[   45.467043]      scan-1141 get_device_data       : No context for object [ffff88040d8225f0]
[   45.467240]      scan-1141 get_device_data       : No context for object [ffff88040d822618]
[   45.467437]      scan-1141 get_device_data       : No context for object [ffff88040d822640]
[   45.467614]      scan-1141 get_device_data       : No context for object [ffff88040d822668]
[   45.467812]      scan-1141 get_device_data       : No context for object [ffff88040d822690]
[   45.468009]      scan-1141 get_device_data       : No context for object [ffff88040d8226b8]
[   45.468206]      scan-1141 get_device_data       : No context for object [ffff88040d8226e0]
[   45.468403]      scan-1141 get_device_data       : No context for object [ffff88040d822708]
[   45.468587]      scan-1141 get_device_data       : No context for object [ffff88040d822730]
[   45.468781]      scan-1141 get_device_data       : No context for object [ffff88040d822758]
[   45.468978]      scan-1141 get_device_data       : No context for object [ffff88040d822780]
[   45.469174]     utils-0051 util_eval_error       : Evaluate [\_SB_.PCI0.PB2_.VGA_._STA]: AE_NOT_FOUND
[   45.469411] device: 'device:01': device_add
[   45.469518] bus: 'acpi': add device device:01
[   45.469591]     utils-0051 util_eval_error       : Evaluate [\_SB_.PCI0.PB2_.VGA_._SUN]: AE_NOT_FOUND
[   45.470028]      scan-1933 add_single_object     : Added device:01 [\_SB_.PCI0.PB2_.VGA_] parent device:00
[   45.470028]      scan-1141 get_device_data       : No context for object [ffff88040d8227a8]
[   45.470197]      scan-1141 get_device_data       : No context for object [ffff88040d8227d0]
[   45.470392]      scan-1141 get_device_data       : No context for object [ffff88040d8227f8]
[   45.470587]      scan-1141 get_device_data       : No context for object [ffff88040d822820]
[   45.470782]      scan-1141 get_device_data       : No context for object [ffff88040d822848]
[   45.470977]      scan-1141 get_device_data       : No context for object [ffff88040d822870]
[   45.471174]      scan-1141 get_device_data       : No context for object [ffff88040d822898]
[   45.471367]      scan-1141 get_device_data       : No context for object [ffff88040d8228c0]
[   45.471560]      scan-1141 get_device_data       : No context for object [ffff88040d8228e8]
[   45.471741]      scan-1141 get_device_data       : No context for object [ffff88040d822910]
[   45.471935]      scan-1141 get_device_data       : No context for object [ffff88040d822938]
[   45.472130]      scan-1141 get_device_data       : No context for object [ffff88040d822960]
[   45.472325]      scan-1141 get_device_data       : No context for object [ffff88040d822988]
[   45.472523]      scan-1141 get_device_data       : No context for object [ffff88040d8229b0]
[   45.472671]      scan-1141 get_device_data       : No context for object [ffff88040d8229d8]
[   45.472848]      scan-1141 get_device_data       : No context for object [ffff88040d822a00]
[   45.473045]      scan-1141 get_device_data       : No context for object [ffff88040d822a28]
[   45.473242]      scan-1141 get_device_data       : No context for object [ffff88040d822a50]
[   45.473335]      scan-1141 get_device_data       : No context for object [ffff88040d822a78]
[   45.473513]      scan-1141 get_device_data       : No context for object [ffff88040d822aa0]
[   45.473710]      scan-1141 get_device_data       : No context for object [ffff88040d822ac8]
[   45.473907]      scan-1141 get_device_data       : No context for object [ffff88040d822af0]
[   45.474104]      scan-1141 get_device_data       : No context for object [ffff88040d822b18]
[   45.474302]      scan-1141 get_device_data       : No context for object [ffff88040d822b40]
[   45.474499]      scan-1141 get_device_data       : No context for object [ffff88040d822b68]
[   45.474697]      scan-1141 get_device_data       : No context for object [ffff88040d822b90]
[   45.474893]      scan-1141 get_device_data       : No context for object [ffff88040d822bb8]
[   45.475090]      scan-1141 get_device_data       : No context for object [ffff88040d822be0]
[   45.475288]      scan-1141 get_device_data       : No context for object [ffff88040d822c08]
[   45.475486]      scan-1141 get_device_data       : No context for object [ffff88040d822c30]
[   45.475683]      scan-1141 get_device_data       : No context for object [ffff88040d822c58]
[   45.475881]      scan-1141 get_device_data       : No context for object [ffff88040d822c80]
[   45.476078]      scan-1141 get_device_data       : No context for object [ffff88040d822ca8]
[   45.476275]      scan-1141 get_device_data       : No context for object [ffff88040d822cd0]
[   45.476472]      scan-1141 get_device_data       : No context for object [ffff88040d822cf8]
[   45.476669]      scan-1141 get_device_data       : No context for object [ffff88040d822d20]
[   45.476866]      scan-1141 get_device_data       : No context for object [ffff88040d822d48]
[   45.477063]      scan-1141 get_device_data       : No context for object [ffff88040d822d70]
[   45.477260]      scan-1141 get_device_data       : No context for object [ffff88040d822d98]
[   45.477458]      scan-1141 get_device_data       : No context for object [ffff88040d837438]
[   45.478677]      scan-1141 get_device_data       : No context for object [ffff88040d822dc0]
[   45.478876]     utils-0051 util_eval_error       : Evaluate [\_SB_.PCI0.PB2_.HDAU._STA]: AE_NOT_FOUND
[   45.479109] device: 'device:02': device_add
[   45.479173] bus: 'acpi': add device device:02
[   45.479247]     utils-0051 util_eval_error       : Evaluate [\_SB_.PCI0.PB2_.HDAU._SUN]: AE_NOT_FOUND
[   45.480012]      scan-1933 add_single_object     : Added device:02 [\_SB_.PCI0.PB2_.HDAU] parent device:00
[   45.480012]      scan-1141 get_device_data       : No context for object [ffff88040d822de8]
[   45.480012]      scan-1141 get_device_data       : No context for object [ffff88040d822e10]
[   45.480012]      scan-1141 get_device_data       : No context for object [ffff88040d822e38]
[   45.480201]      scan-1141 get_device_data       : No context for object [ffff88040d822e60]
[   45.480398]      scan-1141 get_device_data       : No context for object [ffff88040d822e88]
[   45.480575]      scan-1141 get_device_data       : No context for object [ffff88040d822eb0]
[   45.480769]      scan-1141 get_device_data       : No context for object [ffff88040d822ed8]
[   45.480968]     utils-0051 util_eval_error       : Evaluate [\_SB_.PCI0.PB3_._STA]: AE_NOT_FOUND
[   45.481263] device: 'device:03': device_add
[   45.481326] bus: 'acpi': add device device:03
[   45.481402]     utils-0051 util_eval_error       : Evaluate [\_SB_.PCI0.PB3_._SUN]: AE_NOT_FOUND
[   45.483363]      scan-1933 add_single_object     : Added device:03 [\_SB_.PCI0.PB3_] parent PNP0A08:00
[   45.483363]      scan-1141 get_device_data       : No context for object [ffff88040d822f00]
[   45.483363]      scan-1141 get_device_data       : No context for object [ffff88040d822f28]
[   45.483363]      scan-1141 get_device_data       : No context for object [ffff88040d822f50]
[   45.483363]      scan-1141 get_device_data       : No context for object [ffff88040d822f78]
[   45.483363]      scan-1141 get_device_data       : No context for object [ffff88040d822fa0]
[   45.483363]      scan-1141 get_device_data       : No context for object [ffff88040d822fc8]
[   45.483363]      scan-1141 get_device_data       : No context for object [ffff88040d823000]
[   45.483363]      scan-1141 get_device_data       : No context for object [ffff88040d823028]
[   45.483363]      scan-1141 get_device_data       : No context for object [ffff88040d823050]
[   45.483523]      scan-1141 get_device_data       : No context for object [ffff88040d823078]
[   45.483720]      scan-1141 get_device_data       : No context for object [ffff88040d8230a0]
[   45.483918]      scan-1141 get_device_data       : No context for object [ffff88040d8230c8]
[   45.484114]      scan-1141 get_device_data       : No context for object [ffff88040d8230f0]
[   45.484313]      scan-1141 get_device_data       : No context for object [ffff88040d823118]
[   45.484510]      scan-1141 get_device_data       : No context for object [ffff88040d823140]
[   45.484708]      scan-1141 get_device_data       : No context for object [ffff88040d823168]
[   45.484905]      scan-1141 get_device_data       : No context for object [ffff88040d823190]
[   45.485103]      scan-1141 get_device_data       : No context for object [ffff88040d8231b8]
[   45.485297]      scan-1141 get_device_data       : No context for object [ffff88040d8231e0]
[   45.485493]      scan-1141 get_device_data       : No context for object [ffff88040d823208]
[   45.485689]      scan-1141 get_device_data       : No context for object [ffff88040d823230]
[   45.485883]      scan-1141 get_device_data       : No context for object [ffff88040d823258]
[   45.486078]      scan-1141 get_device_data       : No context for object [ffff88040d823280]
[   45.486272]      scan-1141 get_device_data       : No context for object [ffff88040d8232a8]
[   45.486467]      scan-1141 get_device_data       : No context for object [ffff88040d8232d0]
[   45.486669]      scan-1141 get_device_data       : No context for object [ffff88040d8232f8]
[   45.486846]      scan-1141 get_device_data       : No context for object [ffff88040d823320]
[   45.487041]      scan-1141 get_device_data       : No context for object [ffff88040d823348]
[   45.487235]      scan-1141 get_device_data       : No context for object [ffff88040d823370]
[   45.487430]      scan-1141 get_device_data       : No context for object [ffff88040d823398]
[   45.487608]      scan-1141 get_device_data       : No context for object [ffff88040d8233c0]
[   45.487805]     utils-0051 util_eval_error       : Evaluate [\_SB_.PCI0.PB3_.VGA_._STA]: AE_NOT_FOUND
[   45.488030]     video-0058 backlight_cap_match   : Found generic backlight support
[   45.488236] device: 'LNXVIDEO:00': device_add
[   45.488297] bus: 'acpi': add device LNXVIDEO:00
[   45.488378]     utils-0051 util_eval_error       : Evaluate [\_SB_.PCI0.PB3_.VGA_._SUN]: AE_NOT_FOUND
[   45.490032]      scan-1933 add_single_object     : Added LNXVIDEO:00 [\_SB_.PCI0.PB3_.VGA_] parent device:03
[   45.490032]      scan-1141 get_device_data       : No context for object [ffff88040d8233e8]
[   45.490032]      scan-1141 get_device_data       : No context for object [ffff88040d823410]
[   45.490032]      scan-1141 get_device_data       : No context for object [ffff88040d823438]
[   45.490032]      scan-1141 get_device_data       : No context for object [ffff88040d823460]
[   45.490032]      scan-1141 get_device_data       : No context for object [ffff88040d823488]
[   45.490032]      scan-1141 get_device_data       : No context for object [ffff88040d8234b0]
[   45.490032]      scan-1141 get_device_data       : No context for object [ffff88040d8234d8]
[   45.490201]      scan-1141 get_device_data       : No context for object [ffff88040d823500]
[   45.490398]      scan-1141 get_device_data       : No context for object [ffff88040d823528]
[   45.490595]      scan-1141 get_device_data       : No context for object [ffff88040d823550]
[   45.490792]      scan-1141 get_device_data       : No context for object [ffff88040d823578]
[   45.490989]      scan-1141 get_device_data       : No context for object [ffff88040d8235a0]
[   45.491187]      scan-1141 get_device_data       : No context for object [ffff88040d8235c8]
[   45.491383]      scan-1141 get_device_data       : No context for object [ffff88040d8235f0]
[   45.491580]      scan-1141 get_device_data       : No context for object [ffff88040d823618]
[   45.491778]      scan-1141 get_device_data       : No context for object [ffff88040d823640]
[   45.491975]      scan-1141 get_device_data       : No context for object [ffff88040d823668]
[   45.492173]      scan-1141 get_device_data       : No context for object [ffff88040d823690]
[   45.492370]      scan-1141 get_device_data       : No context for object [ffff88040d8236b8]
[   45.492568]      scan-1141 get_device_data       : No context for object [ffff88040d8236e0]
[   45.492752]      scan-1141 get_device_data       : No context for object [ffff88040d823708]
[   45.492949]      scan-1141 get_device_data       : No context for object [ffff88040d823730]
[   45.493146]      scan-1141 get_device_data       : No context for object [ffff88040d823758]
[   45.493335]      scan-1141 get_device_data       : No context for object [ffff88040d823780]
[   45.493532]      scan-1141 get_device_data       : No context for object [ffff88040d8237a8]
[   45.493683]      scan-1141 get_device_data       : No context for object [ffff88040d8237d0]
[   45.493860]      scan-1141 get_device_data       : No context for object [ffff88040d8237f8]
[   45.494057]      scan-1141 get_device_data       : No context for object [ffff88040d823820]
[   45.494255]      scan-1141 get_device_data       : No context for object [ffff88040d823848]
[   45.494452]      scan-1141 get_device_data       : No context for object [ffff88040d823870]
[   45.494629]      scan-1141 get_device_data       : No context for object [ffff88040d823898]
[   45.494826]      scan-1141 get_device_data       : No context for object [ffff88040d8238c0]
[   45.495023]      scan-1141 get_device_data       : No context for object [ffff88040d8238e8]
[   45.495221]      scan-1141 get_device_data       : No context for object [ffff88040d823910]
[   45.495418]      scan-1141 get_device_data       : No context for object [ffff88040d823938]
[   45.495600]      scan-1141 get_device_data       : No context for object [ffff88040d823960]
[   45.495798]      scan-1141 get_device_data       : No context for object [ffff88040d823988]
[   45.495995]      scan-1141 get_device_data       : No context for object [ffff88040d8239b0]
[   45.496669]      scan-1141 get_device_data       : No context for object [ffff88040d8239d8]
[   45.496867]      scan-1141 get_device_data       : No context for object [ffff88040d837460]
[   45.497059]      scan-1141 get_device_data       : No context for object [ffff88040d83ac08]
[   45.497257]      scan-1141 get_device_data       : No context for object [ffff88040d83ac30]
[   45.497454]      scan-1141 get_device_data       : No context for object [ffff88040d83ac58]
[   45.497654]     utils-0051 util_eval_error       : Evaluate [\_SB_.PCI0.PB3_.VGA_.CRT_._STA]: AE_NOT_FOUND
[   45.497898] device: 'device:04': device_add
[   45.498007] bus: 'acpi': add device device:04
[   45.498082]     utils-0051 util_eval_error       : Evaluate [\_SB_.PCI0.PB3_.VGA_.CRT_._SUN]: AE_NOT_FOUND
[   45.500012]      scan-1933 add_single_object     : Added device:04 [\_SB_.PCI0.PB3_.VGA_.CRT_] parent LNXVIDEO:00
[   45.500012]      scan-1141 get_device_data       : No context for object [ffff88040d83ac80]
[   45.500012]      scan-1141 get_device_data       : No context for object [ffff88040d83aca8]
[   45.500012]      scan-1141 get_device_data       : No context for object [ffff88040d83acd0]
[   45.500012]      scan-1141 get_device_data       : No context for object [ffff88040d83acf8]
[   45.500012]      scan-1141 get_device_data       : No context for object [ffff88040d83ad20]
[   45.500012]     utils-0051 util_eval_error       : Evaluate [\_SB_.PCI0.PB3_.VGA_.LCD_._STA]: AE_NOT_FOUND
[   45.500247] device: 'device:05': device_add
[   45.500356] bus: 'acpi': add device device:05
[   45.500430]     utils-0051 util_eval_error       : Evaluate [\_SB_.PCI0.PB3_.VGA_.LCD_._SUN]: AE_NOT_FOUND
[   45.500616]      scan-1933 add_single_object     : Added device:05 [\_SB_.PCI0.PB3_.VGA_.LCD_] parent LNXVIDEO:00
[   45.500819]      scan-1141 get_device_data       : No context for object [ffff88040d83ad48]
[   45.501016]      scan-1141 get_device_data       : No context for object [ffff88040d83ad70]
[   45.501213]      scan-1141 get_device_data       : No context for object [ffff88040d83ad98]
[   45.501410]      scan-1141 get_device_data       : No context for object [ffff88040d83adc0]
[   45.501605]      scan-1141 get_device_data       : No context for object [ffff88040d83ade8]
[   45.501802]      scan-1141 get_device_data       : No context for object [ffff88040d83ae10]
[   45.501996]      scan-1141 get_device_data       : No context for object [ffff88040d83ae38]
[   45.502192]      scan-1141 get_device_data       : No context for object [ffff88040d83ae60]
[   45.502390]     utils-0051 util_eval_error       : Evaluate [\_SB_.PCI0.PB3_.VGA_.TV0_._STA]: AE_NOT_FOUND
[   45.502621] device: 'device:06': device_add
[   45.502681] bus: 'acpi': add device device:06
[   45.502758]     utils-0051 util_eval_error       : Evaluate [\_SB_.PCI0.PB3_.VGA_.TV0_._SUN]: AE_NOT_FOUND
[   45.503362]      scan-1933 add_single_object     : Added device:06 [\_SB_.PCI0.PB3_.VGA_.TV0_] parent LNXVIDEO:00
[   45.503362]      scan-1141 get_device_data       : No context for object [ffff88040d83ae88]
[   45.503362]      scan-1141 get_device_data       : No context for object [ffff88040d83aeb0]
[   45.503531]      scan-1141 get_device_data       : No context for object [ffff88040d83aed8]
[   45.503714]      scan-1141 get_device_data       : No context for object [ffff88040d83af00]
[   45.503910]      scan-1141 get_device_data       : No context for object [ffff88040d83af28]
[   45.504106]     utils-0051 util_eval_error       : Evaluate [\_SB_.PCI0.PB3_.VGA_.HDMI._STA]: AE_NOT_FOUND
[   45.504346] device: 'device:07': device_add
[   45.504453] bus: 'acpi': add device device:07
[   45.504526]     utils-0051 util_eval_error       : Evaluate [\_SB_.PCI0.PB3_.VGA_.HDMI._SUN]: AE_NOT_FOUND
[   45.506679]      scan-1933 add_single_object     : Added device:07 [\_SB_.PCI0.PB3_.VGA_.HDMI] parent LNXVIDEO:00
[   45.506679]      scan-1141 get_device_data       : No context for object [ffff88040d83af50]
[   45.506679]      scan-1141 get_device_data       : No context for object [ffff88040d83af78]
[   45.506679]      scan-1141 get_device_data       : No context for object [ffff88040d83afa0]
[   45.506679]      scan-1141 get_device_data       : No context for object [ffff88040d83afc8]
[   45.506679]      scan-1141 get_device_data       : No context for object [ffff88040d823a00]
[   45.506679]     utils-0051 util_eval_error       : Evaluate [\_SB_.PCI0.PB3_.HDAU._STA]: AE_NOT_FOUND
[   45.506679] device: 'device:08': device_add
[   45.506679] bus: 'acpi': add device device:08
[   45.506679]     utils-0051 util_eval_error       : Evaluate [\_SB_.PCI0.PB3_.HDAU._SUN]: AE_NOT_FOUND
[   45.506779]      scan-1933 add_single_object     : Added device:08 [\_SB_.PCI0.PB3_.HDAU] parent device:03
[   45.506779]      scan-1141 get_device_data       : No context for object [ffff88040d823a28]
[   45.506798]      scan-1141 get_device_data       : No context for object [ffff88040d823a50]
[   45.506995]      scan-1141 get_device_data       : No context for object [ffff88040d823a78]
[   45.507192]      scan-1141 get_device_data       : No context for object [ffff88040d823aa0]
[   45.507390]      scan-1141 get_device_data       : No context for object [ffff88040d823ac8]
[   45.507587]      scan-1141 get_device_data       : No context for object [ffff88040d823af0]
[   45.507784]      scan-1141 get_device_data       : No context for object [ffff88040d823b18]
[   45.507983]     utils-0051 util_eval_error       : Evaluate [\_SB_.PCI0.PB4_._STA]: AE_NOT_FOUND
[   45.508277] device: 'device:09': device_add
[   45.508340] bus: 'acpi': add device device:09
[   45.508417]     utils-0051 util_eval_error       : Evaluate [\_SB_.PCI0.PB4_._SUN]: AE_NOT_FOUND
[   45.510029]      scan-1933 add_single_object     : Added device:09 [\_SB_.PCI0.PB4_] parent PNP0A08:00
[   45.510029]      scan-1141 get_device_data       : No context for object [ffff88040d823b40]
[   45.510029]      scan-1141 get_device_data       : No context for object [ffff88040d823b68]
[   45.510029]      scan-1141 get_device_data       : No context for object [ffff88040d823b90]
[   45.510029]      scan-1141 get_device_data       : No context for object [ffff88040d823bb8]
[   45.510029]      scan-1141 get_device_data       : No context for object [ffff88040d823be0]
[   45.510029]      scan-1141 get_device_data       : No context for object [ffff88040d823c08]
[   45.510029]      scan-1141 get_device_data       : No context for object [ffff88040d823c30]
[   45.510200]      scan-1141 get_device_data       : No context for object [ffff88040d823c58]
[   45.510397]      scan-1141 get_device_data       : No context for object [ffff88040d823c80]
[   45.510594]      scan-1141 get_device_data       : No context for object [ffff88040d823ca8]
[   45.510792]      scan-1141 get_device_data       : No context for object [ffff88040d823cd0]
[   45.510989]      scan-1141 get_device_data       : No context for object [ffff88040d823cf8]
[   45.511187]      scan-1141 get_device_data       : No context for object [ffff88040d823d20]
[   45.511384]      scan-1141 get_device_data       : No context for object [ffff88040d823d48]
[   45.511581]      scan-1141 get_device_data       : No context for object [ffff88040d823d70]
[   45.511778]      scan-1141 get_device_data       : No context for object [ffff88040d823d98]
[   45.511975]      scan-1141 get_device_data       : No context for object [ffff88040d823dc0]
[   45.512172]      scan-1141 get_device_data       : No context for object [ffff88040d823de8]
[   45.512369]      scan-1141 get_device_data       : No context for object [ffff88040d823e10]
[   45.512566]      scan-1141 get_device_data       : No context for object [ffff88040d823e38]
[   45.512750]      scan-1141 get_device_data       : No context for object [ffff88040d823e60]
[   45.512947]      scan-1141 get_device_data       : No context for object [ffff88040d823e88]
[   45.513145]      scan-1141 get_device_data       : No context for object [ffff88040d823eb0]
[   45.513336]      scan-1141 get_device_data       : No context for object [ffff88040d823ed8]
[   45.513533]      scan-1141 get_device_data       : No context for object [ffff88040d823f00]
[   45.513684]      scan-1141 get_device_data       : No context for object [ffff88040d823f28]
[   45.513861]      scan-1141 get_device_data       : No context for object [ffff88040d823f50]
[   45.514059]      scan-1141 get_device_data       : No context for object [ffff88040d823f78]
[   45.514256]      scan-1141 get_device_data       : No context for object [ffff88040d823fa0]
[   45.514453]      scan-1141 get_device_data       : No context for object [ffff88040d823fc8]
[   45.514630]      scan-1141 get_device_data       : No context for object [ffff88040d825000]
[   45.515849]     utils-0051 util_eval_error       : Evaluate [\_SB_.PCI0.PB4_.XPDV._STA]: AE_NOT_FOUND
[   45.516083] device: 'device:0a': device_add
[   45.516146] bus: 'acpi': add device device:0a
[   45.516220]     utils-0051 util_eval_error       : Evaluate [\_SB_.PCI0.PB4_.XPDV._SUN]: AE_NOT_FOUND
[   45.516696]      scan-1933 add_single_object     : Added device:0a [\_SB_.PCI0.PB4_.XPDV] parent device:09
[   45.516696]      scan-1141 get_device_data       : No context for object [ffff88040d825028]
[   45.516797]      scan-1141 get_device_data       : No context for object [ffff88040d825050]
[   45.516995]      scan-1141 get_device_data       : No context for object [ffff88040d825078]
[   45.517192]      scan-1141 get_device_data       : No context for object [ffff88040d8250a0]
[   45.517389]      scan-1141 get_device_data       : No context for object [ffff88040d8250c8]
[   45.517588]      scan-1141 get_device_data       : No context for object [ffff88040d837500]
[   45.517785]      scan-1141 get_device_data       : No context for object [ffff88040d8250f0]
[   45.517982]      scan-1141 get_device_data       : No context for object [ffff88040d825118]
[   45.518181]     utils-0051 util_eval_error       : Evaluate [\_SB_.PCI0.PB5_._STA]: AE_NOT_FOUND
[   45.518475] device: 'device:0b': device_add
[   45.518537] bus: 'acpi': add device device:0b
[   45.518610]     utils-0051 util_eval_error       : Evaluate [\_SB_.PCI0.PB5_._SUN]: AE_NOT_FOUND
[   45.520012]      scan-1933 add_single_object     : Added device:0b [\_SB_.PCI0.PB5_] parent PNP0A08:00
[   45.520012]      scan-1141 get_device_data       : No context for object [ffff88040d825140]
[   45.520012]      scan-1141 get_device_data       : No context for object [ffff88040d825168]
[   45.520012]      scan-1141 get_device_data       : No context for object [ffff88040d825190]
[   45.520012]      scan-1141 get_device_data       : No context for object [ffff88040d8251b8]
[   45.520012]      scan-1141 get_device_data       : No context for object [ffff88040d8251e0]
[   45.520012]      scan-1141 get_device_data       : No context for object [ffff88040d825208]
[   45.520163]      scan-1141 get_device_data       : No context for object [ffff88040d825230]
[   45.520357]      scan-1141 get_device_data       : No context for object [ffff88040d825258]
[   45.520552]      scan-1141 get_device_data       : No context for object [ffff88040d825280]
[   45.520729]      scan-1141 get_device_data       : No context for object [ffff88040d8252a8]
[   45.520923]      scan-1141 get_device_data       : No context for object [ffff88040d8252d0]
[   45.521121]      scan-1141 get_device_data       : No context for object [ffff88040d8252f8]
[   45.521315]      scan-1141 get_device_data       : No context for object [ffff88040d825320]
[   45.521511]      scan-1141 get_device_data       : No context for object [ffff88040d825348]
[   45.521659]      scan-1141 get_device_data       : No context for object [ffff88040d825370]
[   45.521836]      scan-1141 get_device_data       : No context for object [ffff88040d825398]
[   45.522030]      scan-1141 get_device_data       : No context for object [ffff88040d8253c0]
[   45.522225]      scan-1141 get_device_data       : No context for object [ffff88040d8253e8]
[   45.522420]      scan-1141 get_device_data       : No context for object [ffff88040d825410]
[   45.522597]      scan-1141 get_device_data       : No context for object [ffff88040d825438]
[   45.522790]      scan-1141 get_device_data       : No context for object [ffff88040d825460]
[   45.522988]      scan-1141 get_device_data       : No context for object [ffff88040d825488]
[   45.523185]      scan-1141 get_device_data       : No context for object [ffff88040d8254b0]
[   45.523335]      scan-1141 get_device_data       : No context for object [ffff88040d8254d8]
[   45.523533]      scan-1141 get_device_data       : No context for object [ffff88040d825500]
[   45.523731]      scan-1141 get_device_data       : No context for object [ffff88040d825528]
[   45.523928]      scan-1141 get_device_data       : No context for object [ffff88040d825550]
[   45.524126]      scan-1141 get_device_data       : No context for object [ffff88040d825578]
[   45.524323]      scan-1141 get_device_data       : No context for object [ffff88040d8255a0]
[   45.524521]      scan-1141 get_device_data       : No context for object [ffff88040d8255c8]
[   45.524718]      scan-1141 get_device_data       : No context for object [ffff88040d8255f0]
[   45.524916]     utils-0051 util_eval_error       : Evaluate [\_SB_.PCI0.PB5_.XPDV._STA]: AE_NOT_FOUND
[   45.525149] device: 'device:0c': device_add
[   45.525212] bus: 'acpi': add device device:0c
[   45.525288]     utils-0051 util_eval_error       : Evaluate [\_SB_.PCI0.PB5_.XPDV._SUN]: AE_NOT_FOUND
[   45.526678]      scan-1933 add_single_object     : Added device:0c [\_SB_.PCI0.PB5_.XPDV] parent device:0b
[   45.526678]      scan-1141 get_device_data       : No context for object [ffff88040d825618]
[   45.526678]      scan-1141 get_device_data       : No context for object [ffff88040d825640]
[   45.526678]      scan-1141 get_device_data       : No context for object [ffff88040d825668]
[   45.526678]      scan-1141 get_device_data       : No context for object [ffff88040d825690]
[   45.526678]      scan-1141 get_device_data       : No context for object [ffff88040d8256b8]
[   45.526678]      scan-1141 get_device_data       : No context for object [ffff88040d837528]
[   45.526846]      scan-1141 get_device_data       : No context for object [ffff88040d8256e0]
[   45.527045]      scan-1141 get_device_data       : No context for object [ffff88040d825708]
[   45.527244]     utils-0051 util_eval_error       : Evaluate [\_SB_.PCI0.PB6_._STA]: AE_NOT_FOUND
[   45.527537] device: 'device:0d': device_add
[   45.527600] bus: 'acpi': add device device:0d
[   45.527678]     utils-0051 util_eval_error       : Evaluate [\_SB_.PCI0.PB6_._SUN]: AE_NOT_FOUND
[   45.530029]      scan-1933 add_single_object     : Added device:0d [\_SB_.PCI0.PB6_] parent PNP0A08:00
[   45.530029]      scan-1141 get_device_data       : No context for object [ffff88040d825730]
[   45.530029]      scan-1141 get_device_data       : No context for object [ffff88040d825758]
[   45.530029]      scan-1141 get_device_data       : No context for object [ffff88040d825780]
[   45.530029]      scan-1141 get_device_data       : No context for object [ffff88040d8257a8]
[   45.530029]      scan-1141 get_device_data       : No context for object [ffff88040d8257d0]
[   45.530029]      scan-1141 get_device_data       : No context for object [ffff88040d8257f8]
[   45.530029]      scan-1141 get_device_data       : No context for object [ffff88040d825820]
[   45.530029]      scan-1141 get_device_data       : No context for object [ffff88040d825848]
[   45.530029]      scan-1141 get_device_data       : No context for object [ffff88040d825870]
[   45.530029]      scan-1141 get_device_data       : No context for object [ffff88040d825898]
[   45.530029]      scan-1141 get_device_data       : No context for object [ffff88040d8258c0]
[   45.530200]      scan-1141 get_device_data       : No context for object [ffff88040d8258e8]
[   45.530397]      scan-1141 get_device_data       : No context for object [ffff88040d825910]
[   45.530594]      scan-1141 get_device_data       : No context for object [ffff88040d825938]
[   45.530791]      scan-1141 get_device_data       : No context for object [ffff88040d825960]
[   45.530989]      scan-1141 get_device_data       : No context for object [ffff88040d825988]
[   45.531186]      scan-1141 get_device_data       : No context for object [ffff88040d8259b0]
[   45.531383]      scan-1141 get_device_data       : No context for object [ffff88040d8259d8]
[   45.531580]      scan-1141 get_device_data       : No context for object [ffff88040d825a00]
[   45.531777]      scan-1141 get_device_data       : No context for object [ffff88040d825a28]
[   45.531975]      scan-1141 get_device_data       : No context for object [ffff88040d825a50]
[   45.532172]      scan-1141 get_device_data       : No context for object [ffff88040d825a78]
[   45.532370]      scan-1141 get_device_data       : No context for object [ffff88040d825aa0]
[   45.532567]      scan-1141 get_device_data       : No context for object [ffff88040d825ac8]
[   45.532765]      scan-1141 get_device_data       : No context for object [ffff88040d825af0]
[   45.532963]      scan-1141 get_device_data       : No context for object [ffff88040d825b18]
[   45.533161]      scan-1141 get_device_data       : No context for object [ffff88040d825b40]
[   45.536669]      scan-1141 get_device_data       : No context for object [ffff88040d825b68]
[   45.536867]      scan-1141 get_device_data       : No context for object [ffff88040d825b90]
[   45.537064]      scan-1141 get_device_data       : No context for object [ffff88040d825bb8]
[   45.537262]      scan-1141 get_device_data       : No context for object [ffff88040d825be0]
[   45.537461]     utils-0051 util_eval_error       : Evaluate [\_SB_.PCI0.PB6_.XPDV._STA]: AE_NOT_FOUND
[   45.537693] device: 'device:0e': device_add
[   45.537803] bus: 'acpi': add device device:0e
[   45.537876]     utils-0051 util_eval_error       : Evaluate [\_SB_.PCI0.PB6_.XPDV._SUN]: AE_NOT_FOUND
[   45.538062]      scan-1933 add_single_object     : Added device:0e [\_SB_.PCI0.PB6_.XPDV] parent device:0d
[   45.538262]      scan-1141 get_device_data       : No context for object [ffff88040d825c08]
[   45.538458]      scan-1141 get_device_data       : No context for object [ffff88040d825c30]
[   45.538652]      scan-1141 get_device_data       : No context for object [ffff88040d825c58]
[   45.538846]      scan-1141 get_device_data       : No context for object [ffff88040d825c80]
[   45.538846]      scan-1141 get_device_data       : No context for object [ffff88040d825ca8]
[   45.538846]      scan-1141 get_device_data       : No context for object [ffff88040d837550]
[   45.538846]      scan-1141 get_device_data       : No context for object [ffff88040d825cd0]
[   45.538846]      scan-1141 get_device_data       : No context for object [ffff88040d825cf8]
[   45.538846]     utils-0051 util_eval_error       : Evaluate [\_SB_.PCI0.PB7_._STA]: AE_NOT_FOUND
[   45.538846] device: 'device:0f': device_add
[   45.538846] bus: 'acpi': add device device:0f
[   45.538846]     utils-0051 util_eval_error       : Evaluate [\_SB_.PCI0.PB7_._SUN]: AE_NOT_FOUND
[   45.540012]      scan-1933 add_single_object     : Added device:0f [\_SB_.PCI0.PB7_] parent PNP0A08:00
[   45.540012]      scan-1141 get_device_data       : No context for object [ffff88040d825d20]
[   45.540012]      scan-1141 get_device_data       : No context for object [ffff88040d825d48]
[   45.540012]      scan-1141 get_device_data       : No context for object [ffff88040d825d70]
[   45.540012]      scan-1141 get_device_data       : No context for object [ffff88040d825d98]
[   45.540012]      scan-1141 get_device_data       : No context for object [ffff88040d825dc0]
[   45.540012]      scan-1141 get_device_data       : No context for object [ffff88040d825de8]
[   45.540012]      scan-1141 get_device_data       : No context for object [ffff88040d825e10]
[   45.540012]      scan-1141 get_device_data       : No context for object [ffff88040d825e38]
[   45.540012]      scan-1141 get_device_data       : No context for object [ffff88040d825e60]
[   45.540012]      scan-1141 get_device_data       : No context for object [ffff88040d825e88]
[   45.540200]      scan-1141 get_device_data       : No context for object [ffff88040d825eb0]
[   45.540398]      scan-1141 get_device_data       : No context for object [ffff88040d825ed8]
[   45.540584]      scan-1141 get_device_data       : No context for object [ffff88040d825f00]
[   45.540781]      scan-1141 get_device_data       : No context for object [ffff88040d825f28]
[   45.540978]      scan-1141 get_device_data       : No context for object [ffff88040d825f50]
[   45.541177]      scan-1141 get_device_data       : No context for object [ffff88040d825f78]
[   45.541374]      scan-1141 get_device_data       : No context for object [ffff88040d825fa0]
[   45.541572]      scan-1141 get_device_data       : No context for object [ffff88040d825fc8]
[   45.541769]      scan-1141 get_device_data       : No context for object [ffff88040d827000]
[   45.541967]      scan-1141 get_device_data       : No context for object [ffff88040d827028]
[   45.542164]      scan-1141 get_device_data       : No context for object [ffff88040d827050]
[   45.542362]      scan-1141 get_device_data       : No context for object [ffff88040d827078]
[   45.542559]      scan-1141 get_device_data       : No context for object [ffff88040d8270a0]
[   45.542757]      scan-1141 get_device_data       : No context for object [ffff88040d8270c8]
[   45.542954]      scan-1141 get_device_data       : No context for object [ffff88040d8270f0]
[   45.543152]      scan-1141 get_device_data       : No context for object [ffff88040d827118]
[   45.543336]      scan-1141 get_device_data       : No context for object [ffff88040d827140]
[   45.543531]      scan-1141 get_device_data       : No context for object [ffff88040d827168]
[   45.543708]      scan-1141 get_device_data       : No context for object [ffff88040d827190]
[   45.543905]      scan-1141 get_device_data       : No context for object [ffff88040d8271b8]
[   45.544102]      scan-1141 get_device_data       : No context for object [ffff88040d8271e0]
[   45.544300]     utils-0051 util_eval_error       : Evaluate [\_SB_.PCI0.PB7_.XPDV._STA]: AE_NOT_FOUND
[   45.544533] device: 'device:10': device_add
[   45.544596] bus: 'acpi': add device device:10
[   45.544670]     utils-0051 util_eval_error       : Evaluate [\_SB_.PCI0.PB7_.XPDV._SUN]: AE_NOT_FOUND
[   45.546679]      scan-1933 add_single_object     : Added device:10 [\_SB_.PCI0.PB7_.XPDV] parent device:0f
[   45.546679]      scan-1141 get_device_data       : No context for object [ffff88040d827208]
[   45.546679]      scan-1141 get_device_data       : No context for object [ffff88040d827230]
[   45.546679]      scan-1141 get_device_data       : No context for object [ffff88040d827258]
[   45.546679]      scan-1141 get_device_data       : No context for object [ffff88040d827280]
[   45.546679]      scan-1141 get_device_data       : No context for object [ffff88040d8272a8]
[   45.546679]      scan-1141 get_device_data       : No context for object [ffff88040d837488]
[   45.546679]      scan-1141 get_device_data       : No context for object [ffff88040d8272d0]
[   45.546679]      scan-1141 get_device_data       : No context for object [ffff88040d8272f8]
[   45.546679]     utils-0051 util_eval_error       : Evaluate [\_SB_.PCI0.OHC1._STA]: AE_NOT_FOUND
[   45.546878] device: 'device:11': device_add
[   45.546941] bus: 'acpi': add device device:11
[   45.547017]     utils-0051 util_eval_error       : Evaluate [\_SB_.PCI0.OHC1._SUN]: AE_NOT_FOUND
[   45.547223]      scan-1933 add_single_object     : Added device:11 [\_SB_.PCI0.OHC1] parent PNP0A08:00
[   45.547424]      scan-1141 get_device_data       : No context for object [ffff88040d827320]
[   45.547602]      scan-1141 get_device_data       : No context for object [ffff88040d827348]
[   45.547800]      scan-1141 get_device_data       : No context for object [ffff88040d83b2f8]
[   45.547998]     utils-0051 util_eval_error       : Evaluate [\_SB_.PCI0.OHC1.RHUB._STA]: AE_NOT_FOUND
[   45.548232] device: 'device:12': device_add
[   45.548295] bus: 'acpi': add device device:12
[   45.548369]     utils-0051 util_eval_error       : Evaluate [\_SB_.PCI0.OHC1.RHUB._SUN]: AE_NOT_FOUND
[   45.550028]      scan-1933 add_single_object     : Added device:12 [\_SB_.PCI0.OHC1.RHUB] parent device:11
[   45.550028]      scan-1141 get_device_data       : No context for object [ffff88040d83b320]
[   45.550028]      scan-1141 get_device_data       : No context for object [ffff88040d83b348]
[   45.550028]     utils-0051 util_eval_error       : Evaluate [\_SB_.PCI0.OHC1.RHUB.PRT3._STA]: AE_NOT_FOUND
[   45.550028] device: 'device:13': device_add
[   45.550028] bus: 'acpi': add device device:13
[   45.550028]     utils-0051 util_eval_error       : Evaluate [\_SB_.PCI0.OHC1.RHUB.PRT3._SUN]: AE_NOT_FOUND
[   45.550108]      scan-1933 add_single_object     : Added device:13 [\_SB_.PCI0.OHC1.RHUB.PRT3] parent device:12
[   45.550108]      scan-1141 get_device_data       : No context for object [ffff88040d83b370]
[   45.550108]      scan-1141 get_device_data       : No context for object [ffff88040d83b398]
[   45.550204]      scan-1141 get_device_data       : No context for object [ffff88040d83b3c0]
[   45.550401]      scan-1141 get_device_data       : No context for object [ffff88040d83b3e8]
[   45.550579]     utils-0051 util_eval_error       : Evaluate [\_SB_.PCI0.OHC1.RHUB.PRT4._STA]: AE_NOT_FOUND
[   45.550812] device: 'device:14': device_add
[   45.550874] bus: 'acpi': add device device:14
[   45.550951]     utils-0051 util_eval_error       : Evaluate [\_SB_.PCI0.OHC1.RHUB.PRT4._SUN]: AE_NOT_FOUND
[   45.553345]      scan-1933 add_single_object     : Added device:14 [\_SB_.PCI0.OHC1.RHUB.PRT4] parent device:12
[   45.553345]      scan-1141 get_device_data       : No context for object [ffff88040d83b410]
[   45.553345]      scan-1141 get_device_data       : No context for object [ffff88040d83b438]
[   45.553345]      scan-1141 get_device_data       : No context for object [ffff88040d83b460]
[   45.553345]      scan-1141 get_device_data       : No context for object [ffff88040d827370]
[   45.553345]     utils-0051 util_eval_error       : Evaluate [\_SB_.PCI0.EHC1._STA]: AE_NOT_FOUND
[   45.553345] device: 'device:15': device_add
[   45.553399] bus: 'acpi': add device device:15
[   45.553472]     utils-0051 util_eval_error       : Evaluate [\_SB_.PCI0.EHC1._SUN]: AE_NOT_FOUND
[   45.553657]      scan-1933 add_single_object     : Added device:15 [\_SB_.PCI0.EHC1] parent PNP0A08:00
[   45.553858]      scan-1141 get_device_data       : No context for object [ffff88040d827398]
[   45.554052]      scan-1141 get_device_data       : No context for object [ffff88040d8273c0]
[   45.554246]      scan-1141 get_device_data       : No context for object [ffff88040d83b028]
[   45.554443]     utils-0051 util_eval_error       : Evaluate [\_SB_.PCI0.EHC1.RHUB._STA]: AE_NOT_FOUND
[   45.554655] device: 'device:16': device_add
[   45.554716] bus: 'acpi': add device device:16
[   45.554790]     utils-0051 util_eval_error       : Evaluate [\_SB_.PCI0.EHC1.RHUB._SUN]: AE_NOT_FOUND
[   45.556697]      scan-1933 add_single_object     : Added device:16 [\_SB_.PCI0.EHC1.RHUB] parent device:15
[   45.556697]      scan-1141 get_device_data       : No context for object [ffff88040d83b050]
[   45.556697]      scan-1141 get_device_data       : No context for object [ffff88040d83b078]
[   45.556697]     utils-0051 util_eval_error       : Evaluate [\_SB_.PCI0.EHC1.RHUB.PRT3._STA]: AE_NOT_FOUND
[   45.556697] device: 'device:17': device_add
[   45.556697] bus: 'acpi': add device device:17
[   45.556697]     utils-0051 util_eval_error       : Evaluate [\_SB_.PCI0.EHC1.RHUB.PRT3._SUN]: AE_NOT_FOUND
[   45.556777]      scan-1933 add_single_object     : Added device:17 [\_SB_.PCI0.EHC1.RHUB.PRT3] parent device:16
[   45.556777]      scan-1141 get_device_data       : No context for object [ffff88040d83b0a0]
[   45.556777]      scan-1141 get_device_data       : No context for object [ffff88040d83b0c8]
[   45.556777]      scan-1141 get_device_data       : No context for object [ffff88040d83b0f0]
[   45.556846]      scan-1141 get_device_data       : No context for object [ffff88040d83b118]
[   45.557045]     utils-0051 util_eval_error       : Evaluate [\_SB_.PCI0.EHC1.RHUB.PRT4._STA]: AE_NOT_FOUND
[   45.557278] device: 'device:18': device_add
[   45.557341] bus: 'acpi': add device device:18
[   45.557416]     utils-0051 util_eval_error       : Evaluate [\_SB_.PCI0.EHC1.RHUB.PRT4._SUN]: AE_NOT_FOUND
[   45.560012]      scan-1933 add_single_object     : Added device:18 [\_SB_.PCI0.EHC1.RHUB.PRT4] parent device:16
[   45.560012]      scan-1141 get_device_data       : No context for object [ffff88040d83b140]
[   45.560012]      scan-1141 get_device_data       : No context for object [ffff88040d83b168]
[   45.560012]      scan-1141 get_device_data       : No context for object [ffff88040d83b190]
[   45.560012]      scan-1141 get_device_data       : No context for object [ffff88040d8273e8]
[   45.560012]     utils-0051 util_eval_error       : Evaluate [\_SB_.PCI0.OHC2._STA]: AE_NOT_FOUND
[   45.560012] device: 'device:19': device_add
[   45.560012] bus: 'acpi': add device device:19
[   45.560012]     utils-0051 util_eval_error       : Evaluate [\_SB_.PCI0.OHC2._SUN]: AE_NOT_FOUND
[   45.560107]      scan-1933 add_single_object     : Added device:19 [\_SB_.PCI0.OHC2] parent PNP0A08:00
[   45.560107]      scan-1141 get_device_data       : No context for object [ffff88040d827410]
[   45.560107]      scan-1141 get_device_data       : No context for object [ffff88040d827438]
[   45.560107]      scan-1141 get_device_data       : No context for object [ffff88040d83b488]
[   45.560107]     utils-0051 util_eval_error       : Evaluate [\_SB_.PCI0.OHC2.RHUB._STA]: AE_NOT_FOUND
[   45.560201] device: 'device:1a': device_add
[   45.560264] bus: 'acpi': add device device:1a
[   45.560340]     utils-0051 util_eval_error       : Evaluate [\_SB_.PCI0.OHC2.RHUB._SUN]: AE_NOT_FOUND
[   45.560548]      scan-1933 add_single_object     : Added device:1a [\_SB_.PCI0.OHC2.RHUB] parent device:19
[   45.560728]      scan-1141 get_device_data       : No context for object [ffff88040d83b4b0]
[   45.560926]      scan-1141 get_device_data       : No context for object [ffff88040d83b4d8]
[   45.561124]     utils-0051 util_eval_error       : Evaluate [\_SB_.PCI0.OHC2.RHUB.PRT4._STA]: AE_NOT_FOUND
[   45.561357] device: 'device:1b': device_add
[   45.561420] bus: 'acpi': add device device:1b
[   45.561494]     utils-0051 util_eval_error       : Evaluate [\_SB_.PCI0.OHC2.RHUB.PRT4._SUN]: AE_NOT_FOUND
[   45.563362]      scan-1933 add_single_object     : Added device:1b [\_SB_.PCI0.OHC2.RHUB.PRT4] parent device:1a
[   45.563362]      scan-1141 get_device_data       : No context for object [ffff88040d83b500]
[   45.563362]      scan-1141 get_device_data       : No context for object [ffff88040d83b528]
[   45.563362]      scan-1141 get_device_data       : No context for object [ffff88040d83b550]
[   45.563362]      scan-1141 get_device_data       : No context for object [ffff88040d827460]
[   45.563362]     utils-0051 util_eval_error       : Evaluate [\_SB_.PCI0.EHC2._STA]: AE_NOT_FOUND
[   45.563362] device: 'device:1c': device_add
[   45.563362] bus: 'acpi': add device device:1c
[   45.563362]     utils-0051 util_eval_error       : Evaluate [\_SB_.PCI0.EHC2._SUN]: AE_NOT_FOUND
[   45.563441]      scan-1933 add_single_object     : Added device:1c [\_SB_.PCI0.EHC2] parent PNP0A08:00
[   45.563441]      scan-1141 get_device_data       : No context for object [ffff88040d827488]
[   45.563519]      scan-1141 get_device_data       : No context for object [ffff88040d8274b0]
[   45.563716]      scan-1141 get_device_data       : No context for object [ffff88040d83b1b8]
[   45.563914]     utils-0051 util_eval_error       : Evaluate [\_SB_.PCI0.EHC2.RHUB._STA]: AE_NOT_FOUND
[   45.564146] device: 'device:1d': device_add
[   45.564209] bus: 'acpi': add device device:1d
[   45.564286]     utils-0051 util_eval_error       : Evaluate [\_SB_.PCI0.EHC2.RHUB._SUN]: AE_NOT_FOUND
[   45.566679]      scan-1933 add_single_object     : Added device:1d [\_SB_.PCI0.EHC2.RHUB] parent device:1c
[   45.566679]      scan-1141 get_device_data       : No context for object [ffff88040d83b1e0]
[   45.566679]      scan-1141 get_device_data       : No context for object [ffff88040d83b208]
[   45.566679]     utils-0051 util_eval_error       : Evaluate [\_SB_.PCI0.EHC2.RHUB.PRT2._STA]: AE_NOT_FOUND
[   45.566679] device: 'device:1e': device_add
[   45.566679] bus: 'acpi': add device device:1e
[   45.566679]     utils-0051 util_eval_error       : Evaluate [\_SB_.PCI0.EHC2.RHUB.PRT2._SUN]: AE_NOT_FOUND
[   45.566774]      scan-1933 add_single_object     : Added device:1e [\_SB_.PCI0.EHC2.RHUB.PRT2] parent device:1d
[   45.566774]      scan-1141 get_device_data       : No context for object [ffff88040d83b230]
[   45.566774]      scan-1141 get_device_data       : No context for object [ffff88040d83b258]
[   45.566774]      scan-1141 get_device_data       : No context for object [ffff88040d83b280]
[   45.566774]      scan-1141 get_device_data       : No context for object [ffff88040d8274d8]
[   45.566774]     utils-0051 util_eval_error       : Evaluate [\_SB_.PCI0.OHC3._STA]: AE_NOT_FOUND
[   45.566914] device: 'device:1f': device_add
[   45.566977] bus: 'acpi': add device device:1f
[   45.567052]     utils-0051 util_eval_error       : Evaluate [\_SB_.PCI0.OHC3._SUN]: AE_NOT_FOUND
[   45.567258]      scan-1933 add_single_object     : Added device:1f [\_SB_.PCI0.OHC3] parent PNP0A08:00
[   45.567460]      scan-1141 get_device_data       : No context for object [ffff88040d827500]
[   45.567646]      scan-1141 get_device_data       : No context for object [ffff88040d827528]
[   45.567843]      scan-1141 get_device_data       : No context for object [ffff88040d83b578]
[   45.568042]     utils-0051 util_eval_error       : Evaluate [\_SB_.PCI0.OHC3.RHUB._STA]: AE_NOT_FOUND
[   45.568274] device: 'device:20': device_add
[   45.568340] bus: 'acpi': add device device:20
[   45.568415]     utils-0051 util_eval_error       : Evaluate [\_SB_.PCI0.OHC3.RHUB._SUN]: AE_NOT_FOUND
[   45.570040]      scan-1933 add_single_object     : Added device:20 [\_SB_.PCI0.OHC3.RHUB] parent device:1f
[   45.570040]      scan-1141 get_device_data       : No context for object [ffff88040d83b5a0]
[   45.570040]      scan-1141 get_device_data       : No context for object [ffff88040d827550]
[   45.570040]     utils-0051 util_eval_error       : Evaluate [\_SB_.PCI0.EHC3._STA]: AE_NOT_FOUND
[   45.570040] device: 'device:21': device_add
[   45.570040] bus: 'acpi': add device device:21
[   45.570040]     utils-0051 util_eval_error       : Evaluate [\_SB_.PCI0.EHC3._SUN]: AE_NOT_FOUND
[   45.570040]      scan-1933 add_single_object     : Added device:21 [\_SB_.PCI0.EHC3] parent PNP0A08:00
[   45.573339]      scan-1141 get_device_data       : No context for object [ffff88040d827578]
[   45.573534]      scan-1141 get_device_data       : No context for object [ffff88040d8275a0]
[   45.573728]      scan-1141 get_device_data       : No context for object [ffff88040d83b2a8]
[   45.573923]     utils-0051 util_eval_error       : Evaluate [\_SB_.PCI0.EHC3.RHUB._STA]: AE_NOT_FOUND
[   45.574137] device: 'device:22': device_add
[   45.574199] bus: 'acpi': add device device:22
[   45.574274]     utils-0051 util_eval_error       : Evaluate [\_SB_.PCI0.EHC3.RHUB._SUN]: AE_NOT_FOUND
