[    0.000000] Initializing cgroup subsys cpuset
[    0.000000] Initializing cgroup subsys cpu
[    0.000000] Initializing cgroup subsys cpuacct
[    0.000000] Linux version 3.17.0-rc2-gfd5984d (emacs@manji) (gcc version 4.9.1 (GCC) ) #48 SMP Sun Aug 31 15:53:30 CEST 2014
[    0.000000] Command line: BOOT_IMAGE=/vmlinuz-linux-git root=UUID=bfa4ab6e-19a3-4601-ba2b-267c55841c73 rw cryptdevice=/dev/disk/by-uuid/70c08890-417a-497d-b6ab-c0d0357a63e2:cryptManjaro:allow-discards ipv6.disable=1 pnp.debug=1 loglevel=9 log_buf_len=10M printk.always_kmsg_dump=y printk.time=y mminit_loglevel=0 memory_corruption_check=1 acpi.debug_layer=0xfbff0000 acpi.debug_level=0xFFFFFFFD pnp.debug=1 nohz=on rcu_nocbs=1-3 pcie_aspm=force fbcon=scrollback:4096k fbcon=font:ProFont6x11 radeon.audio=0 radeon.lockup_timeout=0 radeon.test=0 radeon.agpmode=-1 radeon.benchmark=0 radeon.tv=0 radeon.hard_reset=1 radeon.aspm=1 radeon.dpm=1 radeon.msi=1 radeon.pcie_gen2=-1 radeon.no_wb=1 radeon.modeset=1 radeon.dynclks=1 radeon.r4xx_atom=0 radeon.runpm=0 radeonfb radeon.fastfb=1 nomodeset
[    0.000000] KERNEL supported cpus:
[    0.000000]   AMD AuthenticAMD
[    0.000000] tseg: 00bfe00000
[    0.000000] e820: BIOS-provided physical RAM map:
[    0.000000] BIOS-e820: [mem 0x0000000000000000-0x000000000009d7ff] usable
[    0.000000] BIOS-e820: [mem 0x000000000009d800-0x000000000009ffff] reserved
[    0.000000] BIOS-e820: [mem 0x00000000000e0000-0x00000000000fffff] reserved
[    0.000000] BIOS-e820: [mem 0x0000000000100000-0x00000000bed9afff] usable
[    0.000000] BIOS-e820: [mem 0x00000000bed9b000-0x00000000bf39afff] reserved
[    0.000000] BIOS-e820: [mem 0x00000000bf39b000-0x00000000bf49afff] ACPI NVS
[    0.000000] BIOS-e820: [mem 0x00000000bf49b000-0x00000000bf51afff] ACPI data
[    0.000000] BIOS-e820: [mem 0x00000000bf51b000-0x00000000bfdfffff] usable
[    0.000000] BIOS-e820: [mem 0x00000000bfe00000-0x00000000bfffffff] reserved
[    0.000000] BIOS-e820: [mem 0x00000000fec00000-0x00000000fecfffff] reserved
[    0.000000] BIOS-e820: [mem 0x00000000fed80000-0x00000000fed80fff] reserved
[    0.000000] BIOS-e820: [mem 0x00000000ffe00000-0x00000000ffffffff] reserved
[    0.000000] BIOS-e820: [mem 0x0000000100000000-0x000000041effffff] usable
[    0.000000] NX (Execute Disable) protection: active
[    0.000000] SMBIOS 2.6 present.
[    0.000000] DMI: LENOVO Sabine/Torpedo, BIOS 54CN18WW 07/20/2011
[    0.000000] e820: update [mem 0x00000000-0x00000fff] usable ==> reserved
[    0.000000] e820: remove [mem 0x000a0000-0x000fffff] usable
[    0.000000] e820: last_pfn = 0x41f000 max_arch_pfn = 0x400000000
[    0.000000] MTRR default type: uncachable
[    0.000000] MTRR fixed ranges enabled:
[    0.000000]   00000-9FFFF write-back
[    0.000000]   A0000-BFFFF uncachable
[    0.000000]   C0000-FFFFF write-protect
[    0.000000] MTRR variable ranges enabled:
[    0.000000]   0 base 0000000000 mask FF80000000 write-back
[    0.000000]   1 base 0080000000 mask FFC0000000 write-back
[    0.000000]   2 base 00FFF90000 mask FFFFFF0000 uncachable
[    0.000000]   3 base 00FED80000 mask 0FFFFFF000 uncachable
[    0.000000]   4 disabled
[    0.000000]   5 disabled
[    0.000000]   6 disabled
[    0.000000]   7 base 00FFE00000 mask FFFFE00000 write-protect
[    0.000000] TOM2: 000000041f000000 aka 16880M
[    0.000000] mtrr: your BIOS has configured an incorrect mask, fixing it.
[    0.000000] e820: last_pfn = 0xbfe00 max_arch_pfn = 0x400000000
[    0.000000] found SMP MP-table at [mem 0x000fa8b0-0x000fa8bf] mapped at [ffff8800000fa8b0]
[    0.000000] Base memory trampoline at [ffff880000097000] 97000 size 24576
[    0.000000] Using GB pages for direct mapping
[    0.000000] init_memory_mapping: [mem 0x00000000-0x000fffff]
[    0.000000]  [mem 0x00000000-0x000fffff] page 4k
[    0.000000] BRK [0x01e17000, 0x01e17fff] PGTABLE
[    0.000000] BRK [0x01e18000, 0x01e18fff] PGTABLE
[    0.000000] BRK [0x01e19000, 0x01e19fff] PGTABLE
[    0.000000] init_memory_mapping: [mem 0x41ee00000-0x41effffff]
[    0.000000]  [mem 0x41ee00000-0x41effffff] page 2M
[    0.000000] BRK [0x01e1a000, 0x01e1afff] PGTABLE
[    0.000000] init_memory_mapping: [mem 0x41c000000-0x41edfffff]
[    0.000000]  [mem 0x41c000000-0x41edfffff] page 2M
[    0.000000] init_memory_mapping: [mem 0x400000000-0x41bffffff]
[    0.000000]  [mem 0x400000000-0x41bffffff] page 2M
[    0.000000] init_memory_mapping: [mem 0x00100000-0xbed9afff]
[    0.000000]  [mem 0x00100000-0x001fffff] page 4k
[    0.000000]  [mem 0x00200000-0x3fffffff] page 2M
[    0.000000]  [mem 0x40000000-0x7fffffff] page 1G
[    0.000000]  [mem 0x80000000-0xbebfffff] page 2M
[    0.000000]  [mem 0xbec00000-0xbed9afff] page 4k
[    0.000000] init_memory_mapping: [mem 0xbf51b000-0xbfdfffff]
[    0.000000]  [mem 0xbf51b000-0xbf5fffff] page 4k
[    0.000000]  [mem 0xbf600000-0xbfdfffff] page 2M
[    0.000000] BRK [0x01e1b000, 0x01e1bfff] PGTABLE
[    0.000000] init_memory_mapping: [mem 0x100000000-0x3ffffffff]
[    0.000000]  [mem 0x100000000-0x3ffffffff] page 1G
[    0.000000] log_buf_len: 16777216 bytes
[    0.000000] early log buf free: 2092044(99%)
[    0.000000] RAMDISK: [mem 0x3782c000-0x37c0dfff]
[    0.000000] ACPI: Early table checksum verification disabled
[    0.000000] ACPI: RSDP 0x00000000000F0110 000024 (v02 LENOVO)
[    0.000000] ACPI: XSDT 0x00000000BF51A120 000074 (v01 LENOVO CB-01    00000001 LENO 00000001)
[    0.000000] ACPI: FACP 0x00000000BF508000 0000F4 (v04 LENOVO CB-01    00000001 PTL  00000001)
[    0.000000] ACPI: DSDT 0x00000000BF50A000 00FD10 (v01 LENOVO CB-01    00001000 LENO 00000001)
[    0.000000] ACPI: FACS 0x00000000BF478000 000040
[    0.000000] ACPI: HPET 0x00000000BF507000 000038 (v01 LENOVO CB-01    00000001 PTL  00000001)
[    0.000000] ACPI: APIC 0x00000000BF506000 00007A (v02 LENOVO CB-01    00000001 PTL  00000001)
[    0.000000] ACPI: MCFG 0x00000000BF505000 00003C (v01 LENOVO CB-01    00000001 PTL  00000001)
[    0.000000] ACPI: SLIC 0x00000000BF504000 000176 (v01 LENOVO CB-01    00000001 LENO 00000001)
[    0.000000] ACPI: UEFI 0x00000000BF503000 00003E (v01 LENOVO CB-01    00000001 PTL  00000001)
[    0.000000] ACPI: UEFI 0x00000000BF502000 000042 (v01 PTL    COMBUF   00000001 PTL  00000001)
[    0.000000] ACPI: SSDT 0x00000000BF501000 000E34 (v01 AMD    POWERNOW 00000001 AMD  00000001)
[    0.000000] ACPI: SSDT 0x00000000BF4FF000 00193D (v02 AMD    ALIB     00000001 MSFT 04000000)
[    0.000000] ACPI: UEFI 0x00000000BF4FE000 00021A (v01 LENOVO CB-01    00000001 PTL  00000001)
[    0.000000] ACPI: Local APIC address 0xfee00000
[    0.000000] No NUMA configuration found
[    0.000000] Faking a node at [mem 0x0000000000000000-0x000000041effffff]
[    0.000000] Initmem setup node 0 [mem 0x00000000-0x41effffff]
[    0.000000]   NODE_DATA [mem 0x41dffa000-0x41dffdfff]
[    0.000000]  [ffffea0000000000-ffffea00107fffff] PMD -> [ffff88040de00000-ffff88041d5fffff] on node 0
[    0.000000] Zone ranges:
[    0.000000]   DMA      [mem 0x00001000-0x00ffffff]
[    0.000000]   DMA32    [mem 0x01000000-0xffffffff]
[    0.000000]   Normal   [mem 0x100000000-0x41effffff]
[    0.000000] Movable zone start for each node
[    0.000000] Early memory node ranges
[    0.000000]   node   0: [mem 0x00001000-0x0009cfff]
[    0.000000]   node   0: [mem 0x00100000-0xbed9afff]
[    0.000000]   node   0: [mem 0xbf51b000-0xbfdfffff]
[    0.000000]   node   0: [mem 0x100000000-0x41effffff]
[    0.000000] On node 0 totalpages: 4056604
[    0.000000]   DMA zone: 64 pages used for memmap
[    0.000000]   DMA zone: 21 pages reserved
[    0.000000]   DMA zone: 3996 pages, LIFO batch:0
[    0.000000]   DMA32 zone: 12186 pages used for memmap
[    0.000000]   DMA32 zone: 779904 pages, LIFO batch:31
[    0.000000]   Normal zone: 51136 pages used for memmap
[    0.000000]   Normal zone: 3272704 pages, LIFO batch:31
[    0.000000] ACPI: PM-Timer IO Port: 0x808
[    0.000000] ACPI: Local APIC address 0xfee00000
[    0.000000] ACPI: LAPIC (acpi_id[0x00] lapic_id[0x00] enabled)
[    0.000000] ACPI: LAPIC (acpi_id[0x01] lapic_id[0x01] enabled)
[    0.000000] ACPI: LAPIC (acpi_id[0x02] lapic_id[0x02] enabled)
[    0.000000] ACPI: LAPIC (acpi_id[0x03] lapic_id[0x03] enabled)
[    0.000000] ACPI: LAPIC_NMI (acpi_id[0x00] high edge lint[0x1])
[    0.000000] ACPI: LAPIC_NMI (acpi_id[0x01] high edge lint[0x1])
[    0.000000] ACPI: LAPIC_NMI (acpi_id[0x02] high edge lint[0x1])
[    0.000000] ACPI: LAPIC_NMI (acpi_id[0x03] high edge lint[0x1])
[    0.000000] ACPI: IOAPIC (id[0x02] address[0xfec00000] gsi_base[0])
[    0.000000] IOAPIC[0]: apic_id 2, version 33, address 0xfec00000, GSI 0-23
[    0.000000] ACPI: INT_SRC_OVR (bus 0 bus_irq 0 global_irq 2 dfl dfl)
[    0.000000] ACPI: IRQ0 used by override.
[    0.000000] ACPI: IRQ9 used by override.
[    0.000000] Using ACPI (MADT) for SMP configuration information
[    0.000000] ACPI: HPET id: 0x43538210 base: 0xfed00000
[    0.000000] smpboot: Allowing 4 CPUs, 0 hotplug CPUs
[    0.000000] e820: [mem 0xc0000000-0xfebfffff] available for PCI devices
[    0.000000] setup_percpu: NR_CPUS:64 nr_cpumask_bits:64 nr_cpu_ids:4 nr_node_ids:1
[    0.000000] PERCPU: Embedded 27 pages/cpu @ffff88041dc00000 s80256 r8192 d22144 u524288
[    0.000000] pcpu-alloc: s80256 r8192 d22144 u524288 alloc=1*2097152
[    0.000000] pcpu-alloc: [0] 0 1 2 3 
[    0.000000] Built 1 zonelists in Zone order, mobility grouping on.  Total pages: 3993197
[    0.000000] Policy zone: Normal
[    0.000000] Kernel command line: BOOT_IMAGE=/vmlinuz-linux-git root=UUID=bfa4ab6e-19a3-4601-ba2b-267c55841c73 rw cryptdevice=/dev/disk/by-uuid/70c08890-417a-497d-b6ab-c0d0357a63e2:cryptManjaro:allow-discards ipv6.disable=1 pnp.debug=1 loglevel=9 log_buf_len=10M printk.always_kmsg_dump=y printk.time=y mminit_loglevel=0 memory_corruption_check=1 acpi.debug_layer=0xfbff0000 acpi.debug_level=0xFFFFFFFD pnp.debug=1 nohz=on rcu_nocbs=1-3 pcie_aspm=force fbcon=scrollback:4096k fbcon=font:ProFont6x11 radeon.audio=0 radeon.lockup_timeout=0 radeon.test=0 radeon.agpmode=-1 radeon.benchmark=0 radeon.tv=0 radeon.hard_reset=1 radeon.aspm=1 radeon.dpm=1 radeon.msi=1 radeon.pcie_gen2=-1 radeon.no_wb=1 radeon.modeset=1 radeon.dynclks=1 radeon.r4xx_atom=0 radeon.runpm=0 radeonfb radeon.fastfb=1 nomodeset
[    0.000000] PCIe ASPM is forcibly enabled
[    0.000000] PID hash table entries: 4096 (order: 3, 32768 bytes)
[    0.000000] Memory: 15870900K/16226416K available (5251K kernel code, 721K rwdata, 2208K rodata, 848K init, 2588K bss, 355516K reserved)
[    0.000000] SLUB: HWalign=64, Order=0-3, MinObjects=0, CPUs=4, Nodes=1
[    0.000000] Hierarchical RCU implementation.
[    0.000000] 	RCU dyntick-idle grace-period acceleration is enabled.
[    0.000000] 	Additional per-CPU info printed with stalls.
[    0.000000] 	RCU restricting CPUs from NR_CPUS=64 to nr_cpu_ids=4.
[    0.000000] 	Offload RCU callbacks from all CPUs
[    0.000000] 	Offload RCU callbacks from CPUs: 0-3.
[    0.000000] RCU: Adjusting geometry for rcu_fanout_leaf=16, nr_cpu_ids=4
[    0.000000] NR_IRQS:4352 nr_irqs:456 0
[    0.000000] spurious 8259A interrupt: IRQ7.
[    0.000000] vgacon: allocated 4194304 bytes of memory for scrollback. CONFIG_VGACON_SOFT_SCROLLBACK_SIZE=4096
[    0.000000] Console: colour VGA+ 80x25
[    0.000000] console [tty0] enabled
[    0.000000] allocated 65011712 bytes of page_cgroup
[    0.000000] please try 'cgroup_disable=memory' option if you don't want memory cgroups
[    0.000000] hpet clockevent registered
[    0.000000] tsc: Fast TSC calibration using PIT
[    0.000000] tsc: Detected 1397.538 MHz processor
[    0.000041] Calibrating delay loop (skipped), value calculated using timer frequency.. 2796.53 BogoMIPS (lpj=4658460)
[    0.000198] pid_max: default: 32768 minimum: 301
[    0.000266] ACPI: Core revision 20140724
[    0.016078] ACPI: All ACPI Tables successfully acquired
[    0.017672] Security Framework initialized
[    0.018794] Dentry cache hash table entries: 2097152 (order: 12, 16777216 bytes)
[    0.024206] Inode-cache hash table entries: 1048576 (order: 11, 8388608 bytes)
[    0.027035] Mount-cache hash table entries: 32768 (order: 6, 262144 bytes)
[    0.027175] Mountpoint-cache hash table entries: 32768 (order: 6, 262144 bytes)
[    0.027657] Initializing cgroup subsys memory
[    0.027776] Initializing cgroup subsys devices
[    0.027844] Initializing cgroup subsys freezer
[    0.027911] Initializing cgroup subsys net_cls
[    0.027978] Initializing cgroup subsys blkio
[    0.028061] CPU: Physical Processor ID: 0
[    0.028124] CPU: Processor Core ID: 0
[    0.028186] mce: CPU supports 6 MCE banks
[    0.028257] Last level iTLB entries: 4KB 512, 2MB 16, 4MB 8
Last level dTLB entries: 4KB 1024, 2MB 128, 4MB 64, 1GB 0
[    0.028533] Freeing SMP alternatives memory: 20K (ffffffff81b8a000 - ffffffff81b8f000)
[    0.029196] ..TIMER: vector=0x30 apic1=0 pin1=2 apic2=-1 pin2=-1
[    0.062278] smpboot: CPU0: AMD A6-3400M APU with Radeon(tm) HD Graphics (fam: 12, model: 01, stepping: 00)
[    0.166790] Performance Events: AMD PMU driver.
[    0.166894] ... version:                0
[    0.166958] ... bit width:              48
[    0.167021] ... generic registers:      4
[    0.167085] ... value mask:             0000ffffffffffff
[    0.167150] ... max period:             00007fffffffffff
[    0.167215] ... fixed-purpose events:   0
[    0.167278] ... event mask:             000000000000000f
[    0.167826] MCE: In-kernel MCE decoding enabled.
[    0.167994] trying cpu_up:
[    0.168107] NMI watchdog: enabled on all CPUs, permanently consumes one hw-PMU counter.
[    0.168424] smpboot: ++++++++++++++++++++=_---CPU UP  1
[    0.168540] x86: Booting SMP configuration:
[    0.168605] .... node  #0, CPUs:      #1
[    0.168714] smpboot: Setting warm reset code and vector.
[    0.168838] smpboot: 1.
[    0.168901] smpboot: 2.
[    0.168963] smpboot: 3.
[    0.169026] smpboot: Asserting INIT
[    0.169089] smpboot: waiting 5 sec
[    5.179049] smpboot: done waiting
[    5.179192] smpboot: Waiting for INIT send to finish...
[    5.189287] smpboot: status for above ^ is: 0
[    5.189351] smpboot: Deasserting INIT
[    5.189414] smpboot: Waiting for above send to finish...
[    5.189479] smpboot: #startup loops: 2
[    5.189542] smpboot: Sending STARTUP #1
[    5.189606] smpboot: After apic_write
[    5.094721] smpboot: CPU#1 (phys ID: 1) waiting for CALLOUT
[    5.189970] smpboot: Startup point 1
[    5.190143] smpboot: Waiting for send to finish...
[    5.190408] smpboot: Sending STARTUP #2
[    5.190518] smpboot: After apic_write
[    5.190881] smpboot: Startup point 1
[    5.190989] smpboot: Waiting for send to finish...
[    5.191252] smpboot: After Startup
[    5.191314] smpboot: Before Callout 1
[    5.191376] smpboot: After Callout 1
[    5.096320] smpboot: Stack at about ffff880407807f44
[    5.191502] smpboot: CPU1: has booted.
[    5.193577] TSC synchronization [CPU#0 -> CPU#1]:
[    5.193687] Measured 132844072 cycles TSC warp between CPUs, turning off TSC clock.
[    5.193827] tsc: Marking TSC unstable due to check_tsc_sync_source failed
[    5.193953] after cpu_up !!!!!!!!!!!!
[    5.194038] trying cpu_up:
[    5.194252] smpboot: ++++++++++++++++++++=_---CPU UP  2
[    5.194388]  #2
[    5.194425] smpboot: Setting warm reset code and vector.
[    5.194549] smpboot: 1.
[    5.194610] smpboot: 2.
[    5.194671] smpboot: 3.
[    5.194732] smpboot: Asserting INIT
[    5.194794] smpboot: waiting 5 sec
[   10.203640] smpboot: done waiting
[   10.203779] smpboot: Waiting for INIT send to finish...
[   10.213897] smpboot: status for above ^ is: 0
[   10.213961] smpboot: Deasserting INIT
[   10.214024] smpboot: Waiting for above send to finish...
[   10.214089] smpboot: #startup loops: 2
[   10.214152] smpboot: Sending STARTUP #1
[   10.214215] smpboot: After apic_write
[   10.085387] smpboot: CPU#2 (phys ID: 2) waiting for CALLOUT
[   10.214580] smpboot: Startup point 1
[   10.214749] smpboot: Waiting for send to finish...
[   10.215014] smpboot: Sending STARTUP #2
[   10.215124] smpboot: After apic_write
[   10.215487] smpboot: Startup point 1
[   10.215594] smpboot: Waiting for send to finish...
[   10.215856] smpboot: After Startup
[   10.215933] smpboot: Before Callout 2
[   10.215996] smpboot: After Callout 2
[   10.087014] smpboot: Stack at about ffff88040780bf44
[   10.216126] smpboot: CPU2: has booted.
[   10.216221] after cpu_up !!!!!!!!!!!!
[   10.216260] trying cpu_up:
[   10.216471] smpboot: ++++++++++++++++++++=_---CPU UP  3
[   10.216656]  #3
[   10.216693] smpboot: Setting warm reset code and vector.
[   10.216817] smpboot: 1.
[   10.216879] smpboot: 2.
[   10.216942] smpboot: 3.
[   10.217004] smpboot: Asserting INIT
[   10.217067] smpboot: waiting 5 sec
[   19.239050] smpboot: done waiting
[   19.239193] smpboot: Waiting for INIT send to finish...
[   19.249331] smpboot: status for above ^ is: 0
[   19.249440] smpboot: Deasserting INIT
[   19.249504] smpboot: Waiting for above send to finish...
[   19.249568] smpboot: #startup loops: 2
[   19.249631] smpboot: Sending STARTUP #1
[   19.249694] smpboot: After apic_write
[   19.250058] smpboot: Startup point 1
[   19.250165] smpboot: Waiting for send to finish...
[   19.250427] smpboot: Sending STARTUP #2
[   19.250537] smpboot: After apic_write
[   19.250900] smpboot: Startup point 1
[   19.250963] smpboot: Waiting for send to finish...
[   19.251227] smpboot: After Startup
[   19.251337] smpboot: Before Callout 3
[   19.251398] smpboot: After Callout 3
[   19.251562] [sched_delayed] sched: RT throttling activated
[   24.270166] smpboot: CPU3: Not responding
[   24.270281] smpboot: do_boot_cpu failed(1) to wakeup CPU#3
[   24.270358] doing it one more time: cpu_up !!!!!!!!!!!!
[   24.270404] smpboot: ++++++++++++++++++++=_---CPU UP  3
[   24.270528]  #3
[   24.270565] smpboot: Setting warm reset code and vector.
[   24.270689] smpboot: 1.
[   24.270752] smpboot: 2.
[   24.270814] smpboot: 3.
[   24.270876] smpboot: Asserting INIT
[   24.270937] smpboot: waiting 5 sec
[   29.281597] smpboot: done waiting
[   29.281738] smpboot: Waiting for INIT send to finish...
[   29.291879] smpboot: status for above ^ is: 0
[   29.291988] smpboot: Deasserting INIT
[   29.292052] smpboot: Waiting for above send to finish...
[   29.292116] smpboot: #startup loops: 2
[   29.292180] smpboot: Sending STARTUP #1
[   29.292243] smpboot: After apic_write
[   29.292606] smpboot: Startup point 1
[   29.292714] smpboot: Waiting for send to finish...
[   29.292976] smpboot: Sending STARTUP #2
[   29.293086] smpboot: After apic_write
[   29.293449] smpboot: Startup point 1
[   29.293559] smpboot: Waiting for send to finish...
[   29.293823] smpboot: After Startup
[   29.293931] smpboot: Before Callout 3
[   29.293992] smpboot: After Callout 3
[   34.312567] smpboot: CPU3: Not responding
[   34.312680] smpboot: do_boot_cpu failed(1) to wakeup CPU#3
[   34.312752] after cpu_up !!!!!!!!!!!!
[   34.312791] x86: Booted up 1 node, 3 CPUs
[   34.312913] smpboot: Boot done
[   34.312976] smpboot: Before bogomips
[   34.313040] smpboot: Total of 3 processors activated (8388.61 BogoMIPS)
[   34.313108] smpboot: Before bogocount - setting activated=1
[   30.283443] devtmpfs: initialized
[   30.283498] device: 'platform': device_add
[   30.283594] bus: 'platform': registered
[   30.283669] bus: 'cpu': registered
[   30.283734] device: 'cpu': device_add
[   30.283824] bus: 'container': registered
[   30.283889] device: 'container': device_add
[   30.283889] bus: 'workqueue': registered
[   30.283889] device: 'workqueue': device_add
[   30.283889] kworker/u8:0 (39) used greatest stack depth: 15104 bytes left
[   30.286684] atomic64_test: passed for x86-64 platform with CX8 and with SSE
[   30.286684] device class 'regulator': registering
[   30.286684] Registering platform device 'reg-dummy'. Parent at platform
[   30.286684] device: 'reg-dummy': device_add
[   30.286684] bus: 'platform': add device reg-dummy
[   30.286710] bus: 'platform': add driver reg-dummy
[   30.286710] bus: 'platform': driver_probe_device: matched device reg-dummy with driver reg-dummy
[   30.286710] bus: 'platform': really_probe: probing driver reg-dummy with device reg-dummy
[   30.286710] device: 'regulator.0': device_add
[   30.286710] regulator-dummy: no parameters
[   30.286710] driver: 'reg-dummy': driver_bound: bound to device 'reg-dummy'
[   30.286710] bus: 'platform': really_probe: bound device reg-dummy to driver reg-dummy
[   30.286710] NET: Registered protocol family 16
[   30.286710] device class 'bdi': registering
[   30.286710] bus: 'platform': add driver ramoops
[   30.286761] device class 'pci_bus': registering
[   30.286754] kworker/u8:0 (45) used greatest stack depth: 14848 bytes left
[   30.290022] bus: 'pci': registered
[   30.290022] device class 'backlight': registering
[   30.290022] device class 'tty': registering
[   30.290022] device class 'vtconsole': registering
[   30.290022] device: 'vtcon0': device_add
[   30.290022] bus: 'node': registered
[   30.290022] device: 'node': device_add
[   30.290065] bus: 'i2c': registered
[   30.290065] bus: 'i2c': add driver dummy
[   30.290065] i2c-core: driver [dummy] registered
[   30.290065] cpuidle: using governor ladder
[   30.290065] cpuidle: using governor menu
[   30.290065] ACPI FADT declares the system doesn't support PCIe ASPM, so disable it
[   30.290065] ACPI: bus type PCI registered
[   30.290065] acpiphp: ACPI Hot Plug PCI Controller Driver version: 0.5
[   30.290065] device class 'dmi': registering
[   30.290065] device: 'id': device_add
[   30.290065] PCI: MMCONFIG for domain 0000 [bus 00-3f] at [mem 0xf8000000-0xfbffffff] (base 0xf8000000)
[   30.290065] PCI: not using MMCONFIG
[   30.290065] PCI: Using configuration type 1 for base access
[   30.290065] PCI: Using configuration type 1 for extended access
[   30.290065] device: 'node0': device_add
[   30.290065] bus: 'node': add device node0
[   30.290065] device: 'cpu0': device_add
[   30.290065] bus: 'cpu': add device cpu0
[   30.290065] device: 'cpu1': device_add
[   30.290065] bus: 'cpu': add device cpu1
[   30.290065] device: 'cpu2': device_add
[   30.290065] bus: 'cpu': add device cpu2
[   30.290108] device: 'cpu3': device_add
[   30.290101] kworker/u8:0 (60) used greatest stack depth: 14176 bytes left
[   30.290287] bus: 'cpu': add device cpu3
[   30.303361] device: 'writeback': device_add
[   30.303477] bus: 'workqueue': add device writeback
[   30.303589] device: 'default': device_add
[   30.303800] device class 'block': registering
[   30.303800] ACPI: Added _OSI(Module Device)
[   30.303800] ACPI: Added _OSI(Processor Device)
[   30.303800] ACPI: Added _OSI(3.0 _SCP Extensions)
[   30.303800] ACPI: Added _OSI(Processor Aggregator Device)
[   30.303899] 
**** Context Switch from TID 4294967295 to TID 133431296 ****

[   30.304057]     utils-0051 util_eval_error       : Evaluate [\_SB_.PCI0.LPC0.EC0_._GLK]: AE_NOT_FOUND
[   30.304631] Executing  Method       \_SB_.PCI0.LPC0.EC0_._REG
[   30.305284] Executing  Method       \_SB_.PCI0.LPC0.EC0_._REG
[   30.305483] Executing  Method       \_SB_.PCI0.LPC0.EC0_._REG
[   30.305682] Executing  Method       \_SB_.PCI0.LPC0.EC0_._REG
[   30.308650] Initializing Region       \_SB_.OSTY
[   30.308845] Initializing Region       \_SB_.PCI0.NBMS
[   30.308982] Initializing Region       \_SB_.PCI0.NBXP
[   30.309133] Initializing Region       \_SB_.PCI0.K8ST
[   30.309319] Initializing Region       \_SB_.PCI0.BAR1
[   30.309502] Initializing Region       \_SB_.PCI0.PB2_.XPEX
[   30.309649] Initializing Region       \_SB_.PCI0.PB2_.PCFG
[   30.309795] Initializing Region       \_SB_.PCI0.PB2_.XPCB
[   30.309942] Initializing Region       \_SB_.PCI0.PB2_.XPRI
[   30.310072] Initializing Region       \_SB_.PCI0.PB2_.VGA_.PCFG
[   30.310270] Initializing Region       \_SB_.PCI0.PB2_.HDAU.PCFG
[   30.310448] Initializing Region       \_SB_.PCI0.PB3_.XPEX
[   30.310594] Initializing Region       \_SB_.PCI0.PB3_.PCFG
[   30.310743] Initializing Region       \_SB_.PCI0.PB3_.XPCB
[   30.310892] Initializing Region       \_SB_.PCI0.PB3_.XPRI
[   30.311044] Initializing Region       \_SB_.PCI0.PB3_.VGA_.PCFG
[   30.311253] Initializing Region       \_SB_.PCI0.PB3_.HDAU.PCFG
[   30.311410] Initializing Region       \_SB_.PCI0.PB4_.XPEX
[   30.311558] Initializing Region       \_SB_.PCI0.PB4_.PCFG
[   30.311705] Initializing Region       \_SB_.PCI0.PB4_.XPCB
[   30.311855] Initializing Region       \_SB_.PCI0.PB4_.XPRI
[   30.312007] Initializing Region       \_SB_.PCI0.PB4_.XPDV.PCFG
[   30.312169] Initializing Region       \_SB_.PCI0.PB5_.XPEX
[   30.312316] Initializing Region       \_SB_.PCI0.PB5_.PCFG
[   30.312465] Initializing Region       \_SB_.PCI0.PB5_.XPCB
[   30.312603] Initializing Region       \_SB_.PCI0.PB5_.XPRI
[   30.312753] Initializing Region       \_SB_.PCI0.PB5_.XPDV.PCFG
[   30.312915] Initializing Region       \_SB_.PCI0.PB6_.XPEX
[   30.313062] Initializing Region       \_SB_.PCI0.PB6_.PCFG
[   30.313210] Initializing Region       \_SB_.PCI0.PB6_.XPCB
[   30.313351] Initializing Region       \_SB_.PCI0.PB6_.XPRI
[   30.313504] Initializing Region       \_SB_.PCI0.PB6_.XPDV.PCFG
[   30.316682] Initializing Region       \_SB_.PCI0.PB7_.XPEX
[   30.316682] Initializing Region       \_SB_.PCI0.PB7_.PCFG
[   30.316682] Initializing Region       \_SB_.PCI0.PB7_.XPCB
[   30.316682] Initializing Region       \_SB_.PCI0.PB7_.XPRI
[   30.316682] Initializing Region       \_SB_.PCI0.PB7_.XPDV.PCFG
[   30.316682] Initializing Region       \_SB_.PCI0.SATC
[   30.316682] Initializing Region       \_SB_.PCI0.RMEM
[   30.316682] Initializing Region       \_SB_.PCI0.SATA.SATX
[   30.316682] Initializing Region       \_SB_.PCI0.SATA.BAR5
[   30.330221] Initializing Region       \_SB_.PCI0.SMB_.SBRV
[   30.330419] Initializing Region       \_SB_.PCI0.SMB_.PMIO
[   30.330567] Initializing Region       \_SB_.PCI0.SMB_.ERMM
[   30.330567] Initializing Region       \_SB_.PCI0.SMB_.P1E0
[   30.330567] Initializing Region       \_SB_.PCI0.SMB_.ABIO
[   30.330575] Initializing Region       \_SB_.PCI0.SMB_.SMB0
[   30.330728] Initializing Region       \_SB_.PCI0.LPC0.PIRQ
[   30.330915] Initializing Region       \_SB_.PCI0.LPC0.LPCR
[   30.331156] Initializing Region       \_SB_.PCI0.LPC0.LPCS
[   30.331362] Initializing Region       \_SB_.PCI0.LPC0.SMI0
[   30.331509] Initializing Region       \_SB_.PCI0.LPC0.SMI1
[   30.331665] Initializing Region       \_SB_.PCI0.LPC0.EC0_.ECO1
[   30.331813] Initializing Region       \_SB_.PCI0.LPC0.EC0_.ECO2
[   30.331961] Initializing Region       \_SB_.PCI0.LPC0.EC0_.ECMB
[   30.332110] Initializing Region       \_SB_.PCI0.LPC0.EC0_.RAM_
[   30.332329] Initializing Region       \_SB_.PCI0.LPC0.EC0_.CMOS
[   30.332503] Initializing Region       \_SB_.PCI0.LPC0.EC0_.VPC0.ERAM
[   30.332754] Initializing Region       \_SB_.PCI0.SPB0.PCFG
[   30.332948] Initializing Region       \_SB_.PCI0.SPB0.XPCB
[   30.333100] Initializing Region       \_SB_.PCI0.SPB0.XPDV.PCFG
[   30.333261] Initializing Region       \_SB_.PCI0.SPB1.PCFG
[   30.333401] Initializing Region       \_SB_.PCI0.SPB1.XPCB
[   30.333549] Initializing Region       \_SB_.PCI0.SPB1.XPDV.PCFG
[   30.333710] Initializing Region       \_SB_.PCI0.SPB2.PCFG
[   30.333858] Initializing Region       \_SB_.PCI0.SPB2.XPCB
[   30.334009] Initializing Region       \_SB_.PCI0.SPB2.XPDV.PCFG
[   30.334170] Initializing Region       \_SB_.PCI0.SPB3.PCFG
[   30.334318] Initializing Region       \_SB_.PCI0.SPB3.XPCB
[   30.334470] Initializing Region       \_SB_.PCI0.SPB3.XPDV.PCFG
[   30.334715] Initializing Region       \_SB_.PCI0.VGA_.REVD
[   30.335067] Initializing BufferField  \_SB_.AMW0.WLID
[   30.335709] Initializing Region       \DEB2
[   30.335895] Initializing Region       \PMIO
[   30.336039] Initializing Region       \P01_
[   30.336212] Initializing Region       \CNVS
[   30.336405] Initializing Region       \SPRT
[   30.336567] Initializing Region       \CMIO
[   30.336844] Executing  Method       \_SB_._STA
[   30.337060] Executing  Method       \_SB_._INI
[   30.337226] Executing  Method       \_SB_.PCI0._STA
[   30.337396] Executing  Method       \_SB_.PCI0._INI
[   30.337831] [Firmware Bug]: ACPI: BIOS _OSI(Linux) query ignored
[   30.338312] Executing  Method       \_SB_.PCI0.SATA._STA
[   30.338481] Executing  Method       \_SB_.PCI0.SATA._INI
[   30.339530] Executing  Method       \_SB_.PCI0.LPC0.EC0_._REG
[   30.370111] ACPI: Interpreter enabled
[   30.370237] ACPI: (supports S0 S5)
[   30.370299] ACPI: Using IOAPIC for interrupt routing
[   30.370653] PCI: MMCONFIG for domain 0000 [bus 00-3f] at [mem 0xf8000000-0xfbffffff] (base 0xf8000000)
[   30.371500] PCI: MMCONFIG at [mem 0xf8000000-0xfbffffff] reserved in ACPI motherboard resources
[   30.371841] bus: 'acpi': registered
[   30.371909] PCI: Using host bridge windows from ACPI; if necessary, use "pci=nocrs" and report a bug
[   30.372060]      scan-1141 get_device_data       : No context for object [ffffffffffffffff]
[   30.372276]     utils-0051 util_eval_error       : Evaluate [\._STA]: AE_NOT_FOUND
[   30.372503] device: 'LNXSYSTM:00': device_add
[   30.372574] bus: 'acpi': add device LNXSYSTM:00
[   30.372657]     utils-0051 util_eval_error       : Evaluate [\._SUN]: AE_NOT_FOUND
[   30.372657]      scan-1933 add_single_object     : Added LNXSYSTM:00 [\] parent (null)
[   30.372657]      scan-1141 get_device_data       : No context for object [ffff88040d81d000]
[   30.372657]      scan-1141 get_device_data       : No context for object [ffff88040d8377d0]
[   30.372657]      scan-1141 get_device_data       : No context for object [ffff88040d8377f8]
[   30.372657]      scan-1141 get_device_data       : No context for object [ffff88040d837820]
[   30.372657]      scan-1141 get_device_data       : No context for object [ffff88040d837848]
[   30.372657]      scan-1141 get_device_data       : No context for object [ffff88040d837870]
[   30.372657]      scan-1141 get_device_data       : No context for object [ffff88040d837898]
[   30.372755]      scan-1141 get_device_data       : No context for object [ffff88040d8378c0]
[   30.372943]      scan-1141 get_device_data       : No context for object [ffff88040d8378e8]
[   30.373151]      scan-1141 get_device_data       : No context for object [ffff88040d839398]
[   30.373337]      scan-1141 get_device_data       : No context for object [ffff88040d81d028]
[   30.373544]      scan-1141 get_device_data       : No context for object [ffff88040d81d168]
[   30.373748]     utils-0051 util_eval_error       : Evaluate [\_PR_.C000._STA]: AE_NOT_FOUND
[   30.373935]      scan-1141 get_device_data       : No context for object [ffff88040d81d028]
[   30.374151] device: 'LNXCPU:00': device_add
[   30.374217] bus: 'acpi': add device LNXCPU:00
[   30.374296]     utils-0051 util_eval_error       : Evaluate [\_PR_.C000._SUN]: AE_NOT_FOUND
[   30.374511]      scan-1933 add_single_object     : Added LNXCPU:00 [\_PR_.C000] parent LNXSYSTM:00
[   30.374721]      scan-1141 get_device_data       : No context for object [ffff88040d83c398]
[   30.374917]      scan-1141 get_device_data       : No context for object [ffff88040d83c3c0]
[   30.375124]      scan-1141 get_device_data       : No context for object [ffff88040d83c3e8]
[   30.375328]      scan-1141 get_device_data       : No context for object [ffff88040d83c410]
[   30.375522]      scan-1141 get_device_data       : No context for object [ffff88040d83c438]
[   30.375718]      scan-1141 get_device_data       : No context for object [ffff88040d83c460]
[   30.375914]      scan-1141 get_device_data       : No context for object [ffff88040d81d190]
[   30.376107]     utils-0051 util_eval_error       : Evaluate [\_PR_.C001._STA]: AE_NOT_FOUND
[   30.376302]      scan-1141 get_device_data       : No context for object [ffff88040d81d028]
[   30.376506] device: 'LNXCPU:01': device_add
[   30.376567] bus: 'acpi': add device LNXCPU:01
[   30.376684]     utils-0051 util_eval_error       : Evaluate [\_PR_.C001._SUN]: AE_NOT_FOUND
[   30.376890]      scan-1933 add_single_object     : Added LNXCPU:01 [\_PR_.C001] parent LNXSYSTM:00
[   30.377046]      scan-1141 get_device_data       : No context for object [ffff88040d83c488]
[   30.377223]      scan-1141 get_device_data       : No context for object [ffff88040d83c4b0]
[   30.377415]      scan-1141 get_device_data       : No context for object [ffff88040d83c4d8]
[   30.377613]      scan-1141 get_device_data       : No context for object [ffff88040d83c500]
[   30.377811]      scan-1141 get_device_data       : No context for object [ffff88040d83c528]
[   30.377988]      scan-1141 get_device_data       : No context for object [ffff88040d83c550]
[   30.378187]      scan-1141 get_device_data       : No context for object [ffff88040d81d1b8]
[   30.378385]     utils-0051 util_eval_error       : Evaluate [\_PR_.C002._STA]: AE_NOT_FOUND
[   30.378580]      scan-1141 get_device_data       : No context for object [ffff88040d81d028]
[   30.378788] device: 'LNXCPU:02': device_add
[   30.378850] bus: 'acpi': add device LNXCPU:02
[   30.378927]     utils-0051 util_eval_error       : Evaluate [\_PR_.C002._SUN]: AE_NOT_FOUND
[   30.380057]      scan-1933 add_single_object     : Added LNXCPU:02 [\_PR_.C002] parent LNXSYSTM:00
[   30.380057]      scan-1141 get_device_data       : No context for object [ffff88040d83c578]
[   30.380057]      scan-1141 get_device_data       : No context for object [ffff88040d83c5a0]
[   30.380057]      scan-1141 get_device_data       : No context for object [ffff88040d83c5c8]
[   30.380057]      scan-1141 get_device_data       : No context for object [ffff88040d83c5f0]
[   30.380057]      scan-1141 get_device_data       : No context for object [ffff88040d83c618]
[   30.380180]      scan-1141 get_device_data       : No context for object [ffff88040d83c640]
[   30.380378]      scan-1141 get_device_data       : No context for object [ffff88040d81d1e0]
[   30.380577]     utils-0051 util_eval_error       : Evaluate [\_PR_.C003._STA]: AE_NOT_FOUND
[   30.380776]      scan-1141 get_device_data       : No context for object [ffff88040d81d028]
[   30.380957] device: 'LNXCPU:03': device_add
[   30.381020] bus: 'acpi': add device LNXCPU:03
[   30.381095]     utils-0051 util_eval_error       : Evaluate [\_PR_.C003._SUN]: AE_NOT_FOUND
[   30.381301]      scan-1933 add_single_object     : Added LNXCPU:03 [\_PR_.C003] parent LNXSYSTM:00
[   30.381503]      scan-1141 get_device_data       : No context for object [ffff88040d83c668]
[   30.381700]      scan-1141 get_device_data       : No context for object [ffff88040d83c690]
[   30.381898]      scan-1141 get_device_data       : No context for object [ffff88040d83c6b8]
[   30.382094]      scan-1141 get_device_data       : No context for object [ffff88040d83c6e0]
[   30.382289]      scan-1141 get_device_data       : No context for object [ffff88040d83c708]
[   30.382486]      scan-1141 get_device_data       : No context for object [ffff88040d83c730]
[   30.382684]      scan-1141 get_device_data       : No context for object [ffff88040d81d050]
[   30.382883]     utils-0051 util_eval_error       : Evaluate [\_SB_._STA]: AE_NOT_FOUND
[   30.383131] device: 'LNXSYBUS:00': device_add
[   30.383240] bus: 'acpi': add device LNXSYBUS:00
[   30.383345]     utils-0051 util_eval_error       : Evaluate [\_SB_._SUN]: AE_NOT_FOUND
[   30.383547]      scan-1933 add_single_object     : Added LNXSYBUS:00 [\_SB_] parent LNXSYSTM:00
[   30.383753]      scan-1141 get_device_data       : No context for object [ffff88040d81d3c0]
[   30.383936]      scan-1141 get_device_data       : No context for object [ffff88040d81d3e8]
[   30.384133]      scan-1141 get_device_data       : No context for object [ffff88040d81d410]
[   30.384331]      scan-1141 get_device_data       : No context for object [ffff88040d81d438]
[   30.384527]      scan-1141 get_device_data       : No context for object [ffff88040d81d460]
[   30.384721]      scan-1141 get_device_data       : No context for object [ffff88040d81d488]
[   30.384918]      scan-1141 get_device_data       : No context for object [ffff88040d81d4b0]
[   30.385115]      scan-1141 get_device_data       : No context for object [ffff88040d81d5a0]
[   30.385314]     utils-0051 util_eval_error       : Evaluate [\_SB_.PWRB._STA]: AE_NOT_FOUND
[   30.385545] device: 'PNP0C0C:00': device_add
[   30.385611] bus: 'acpi': add device PNP0C0C:00
[   30.385686]     utils-0051 util_eval_error       : Evaluate [\_SB_.PWRB._SUN]: AE_NOT_FOUND
[   30.386710]      scan-1933 add_single_object     : Added PNP0C0C:00 [\_SB_.PWRB] parent LNXSYBUS:00
[   30.386710]      scan-1141 get_device_data       : No context for object [ffff88040d81d5c8]
[   30.386710]      scan-1141 get_device_data       : No context for object [ffff88040d81d5f0]
[   30.386710]     utils-0051 util_eval_error       : Evaluate [\_SB_.PCI0._STA]: AE_NOT_FOUND
[   30.386710] device: 'PNP0A08:00': device_add
[   30.386819] bus: 'acpi': add device PNP0A08:00
[   30.386898]     utils-0051 util_eval_error       : Evaluate [\_SB_.PCI0._SUN]: AE_NOT_FOUND
[   30.387055]      scan-1933 add_single_object     : Added PNP0A08:00 [\_SB_.PCI0] parent LNXSYBUS:00
[   30.387238]      scan-1141 get_device_data       : No context for object [ffff88040d81d618]
[   30.387436]      scan-1141 get_device_data       : No context for object [ffff88040d81d640]
[   30.387633]      scan-1141 get_device_data       : No context for object [ffff88040d81d668]
[   30.387831]      scan-1141 get_device_data       : No context for object [ffff88040d81d690]
[   30.388008]      scan-1141 get_device_data       : No context for object [ffff88040d81d6b8]
[   30.388205]      scan-1141 get_device_data       : No context for object [ffff88040d81d6e0]
[   30.388400]      scan-1141 get_device_data       : No context for object [ffff88040d81d708]
[   30.388597]      scan-1141 get_device_data       : No context for object [ffff88040d81d730]
[   30.388795]      scan-1141 get_device_data       : No context for object [ffff88040d81d758]
[   30.388973]      scan-1141 get_device_data       : No context for object [ffff88040d81d780]
[   30.390003]      scan-1141 get_device_data       : No context for object [ffff88040d81d7a8]
[   30.390199]      scan-1141 get_device_data       : No context for object [ffff88040d81d7d0]
[   30.390393]      scan-1141 get_device_data       : No context for object [ffff88040d81d7f8]
[   30.390587]      scan-1141 get_device_data       : No context for object [ffff88040d81d820]
[   30.390779]      scan-1141 get_device_data       : No context for object [ffff88040d81d848]
[   30.390955]      scan-1141 get_device_data       : No context for object [ffff88040d81d870]
[   30.391151]      scan-1141 get_device_data       : No context for object [ffff88040d81d898]
[   30.391346]      scan-1141 get_device_data       : No context for object [ffff88040d81d8c0]
[   30.391541]      scan-1141 get_device_data       : No context for object [ffff88040d81d8e8]
[   30.391735]      scan-1141 get_device_data       : No context for object [ffff88040d81d910]
[   30.391911]      scan-1141 get_device_data       : No context for object [ffff88040d81d938]
[   30.392101]      scan-1141 get_device_data       : No context for object [ffff88040d81d960]
[   30.392296]      scan-1141 get_device_data       : No context for object [ffff88040d81d988]
[   30.392490]      scan-1141 get_device_data       : No context for object [ffff88040d81d9b0]
[   30.392682]      scan-1141 get_device_data       : No context for object [ffff88040d81d9d8]
[   30.392876]      scan-1141 get_device_data       : No context for object [ffff88040d81da00]
[   30.393053]      scan-1141 get_device_data       : No context for object [ffff88040d81da28]
[   30.393245]      scan-1141 get_device_data       : No context for object [ffff88040d81da50]
[   30.393495]      scan-1141 get_device_data       : No context for object [ffff88040d81da78]
[   30.393691]      scan-1141 get_device_data       : No context for object [ffff88040d81daa0]
[   30.393888]      scan-1141 get_device_data       : No context for object [ffff88040d81dac8]
[   30.394039]      scan-1141 get_device_data       : No context for object [ffff88040d81daf0]
[   30.394217]      scan-1141 get_device_data       : No context for object [ffff88040d81db18]
[   30.394415]      scan-1141 get_device_data       : No context for object [ffff88040d81db40]
[   30.394608]      scan-1141 get_device_data       : No context for object [ffff88040d81db68]
[   30.394806]      scan-1141 get_device_data       : No context for object [ffff88040d81db90]
[   30.394983]      scan-1141 get_device_data       : No context for object [ffff88040d81dbb8]
[   30.395180]      scan-1141 get_device_data       : No context for object [ffff88040d81dbe0]
[   30.395377]      scan-1141 get_device_data       : No context for object [ffff88040d81dc08]
[   30.395574]      scan-1141 get_device_data       : No context for object [ffff88040d81dc30]
[   30.395769]      scan-1141 get_device_data       : No context for object [ffff88040d81dc58]
[   30.395963]      scan-1141 get_device_data       : No context for object [ffff88040d81dc80]
[   30.396160]      scan-1141 get_device_data       : No context for object [ffff88040d81dca8]
[   30.396357]      scan-1141 get_device_data       : No context for object [ffff88040d81dcd0]
[   30.396554]      scan-1141 get_device_data       : No context for object [ffff88040d81dcf8]
[   30.396669]      scan-1141 get_device_data       : No context for object [ffff88040d81dd20]
[   30.396864]      scan-1141 get_device_data       : No context for object [ffff88040d81dd48]
[   30.397060]      scan-1141 get_device_data       : No context for object [ffff88040d81dd70]
[   30.397257]      scan-1141 get_device_data       : No context for object [ffff88040d81dd98]
[   30.397455]      scan-1141 get_device_data       : No context for object [ffff88040d81ddc0]
[   30.397653]      scan-1141 get_device_data       : No context for object [ffff88040d81dde8]
[   30.397850]      scan-1141 get_device_data       : No context for object [ffff88040d81de10]
[   30.398047]      scan-1141 get_device_data       : No context for object [ffff88040d81de38]
[   30.398242]      scan-1141 get_device_data       : No context for object [ffff88040d81de60]
[   30.398439]      scan-1141 get_device_data       : No context for object [ffff88040d81de88]
[   30.398636]      scan-1141 get_device_data       : No context for object [ffff88040d81deb0]
[   30.398834]      scan-1141 get_device_data       : No context for object [ffff88040d81ded8]
[   30.399011]      scan-1141 get_device_data       : No context for object [ffff88040d81df00]
[   30.399207]      scan-1141 get_device_data       : No context for object [ffff88040d81df28]
[   30.399400]      scan-1141 get_device_data       : No context for object [ffff88040d81df50]
[   30.399598]      scan-1141 get_device_data       : No context for object [ffff88040d81df78]
[   30.399795]      scan-1141 get_device_data       : No context for object [ffff88040d81dfa0]
[   30.400002]      scan-1141 get_device_data       : No context for object [ffff88040d81dfc8]
[   30.400179]      scan-1141 get_device_data       : No context for object [ffff88040d822000]
[   30.400376]      scan-1141 get_device_data       : No context for object [ffff88040d822028]
[   30.400573]     utils-0051 util_eval_error       : Evaluate [\_SB_.PCI0.MEMR._STA]: AE_NOT_FOUND
[   30.400804] device: 'PNP0C02:00': device_add
[   30.400867] bus: 'acpi': add device PNP0C02:00
[   30.400948]     utils-0051 util_eval_error       : Evaluate [\_SB_.PCI0.MEMR._SUN]: AE_NOT_FOUND
[   30.401133]      scan-1933 add_single_object     : Added PNP0C02:00 [\_SB_.PCI0.MEMR] parent PNP0A08:00
[   30.401338]      scan-1141 get_device_data       : No context for object [ffff88040d822050]
[   30.401536]      scan-1141 get_device_data       : No context for object [ffff88040d822078]
[   30.401733]      scan-1141 get_device_data       : No context for object [ffff88040d8220a0]
[   30.401926]      scan-1141 get_device_data       : No context for object [ffff88040d8220c8]
[   30.402124]      scan-1141 get_device_data       : No context for object [ffff88040d8220f0]
[   30.402322]      scan-1141 get_device_data       : No context for object [ffff88040d822118]
[   30.402519]      scan-1141 get_device_data       : No context for object [ffff88040d822140]
[   30.402717]      scan-1141 get_device_data       : No context for object [ffff88040d822168]
[   30.402915]      scan-1141 get_device_data       : No context for object [ffff88040d822190]
[   30.403107]      scan-1141 get_device_data       : No context for object [ffff88040d8221b8]
[   30.403336]      scan-1141 get_device_data       : No context for object [ffff88040d8221e0]
[   30.403533]      scan-1141 get_device_data       : No context for object [ffff88040d822208]
[   30.403731]      scan-1141 get_device_data       : No context for object [ffff88040d822230]
[   30.403929]      scan-1141 get_device_data       : No context for object [ffff88040d822258]
[   30.404127]      scan-1141 get_device_data       : No context for object [ffff88040d822280]
[   30.404321]      scan-1141 get_device_data       : No context for object [ffff88040d8222a8]
[   30.404520]     utils-0051 util_eval_error       : Evaluate [\_SB_.PCI0.PB2_._STA]: AE_NOT_FOUND
[   30.404822] device: 'device:00': device_add
[   30.404885] bus: 'acpi': add device device:00
[   30.404959]     utils-0051 util_eval_error       : Evaluate [\_SB_.PCI0.PB2_._SUN]: AE_NOT_FOUND
[   30.405146]      scan-1933 add_single_object     : Added device:00 [\_SB_.PCI0.PB2_] parent PNP0A08:00
[   30.405348]      scan-1141 get_device_data       : No context for object [ffff88040d8222d0]
[   30.405543]      scan-1141 get_device_data       : No context for object [ffff88040d8222f8]
[   30.405741]      scan-1141 get_device_data       : No context for object [ffff88040d822320]
[   30.405939]      scan-1141 get_device_data       : No context for object [ffff88040d822348]
[   30.406135]      scan-1141 get_device_data       : No context for object [ffff88040d822370]
[   30.406331]      scan-1141 get_device_data       : No context for object [ffff88040d822398]
[   30.406526]      scan-1141 get_device_data       : No context for object [ffff88040d8223c0]
[   30.406668]      scan-1141 get_device_data       : No context for object [ffff88040d8223e8]
[   30.406860]      scan-1141 get_device_data       : No context for object [ffff88040d822410]
[   30.407039]      scan-1141 get_device_data       : No context for object [ffff88040d822438]
[   30.407234]      scan-1141 get_device_data       : No context for object [ffff88040d822460]
[   30.408351]      scan-1141 get_device_data       : No context for object [ffff88040d822488]
[   30.408544]      scan-1141 get_device_data       : No context for object [ffff88040d8224b0]
[   30.408739]      scan-1141 get_device_data       : No context for object [ffff88040d8224d8]
[   30.408917]      scan-1141 get_device_data       : No context for object [ffff88040d822500]
[   30.409110]      scan-1141 get_device_data       : No context for object [ffff88040d822528]
[   30.409302]      scan-1141 get_device_data       : No context for object [ffff88040d822550]
[   30.409498]      scan-1141 get_device_data       : No context for object [ffff88040d822578]
[   30.409693]      scan-1141 get_device_data       : No context for object [ffff88040d8225a0]
[   30.409887]      scan-1141 get_device_data       : No context for object [ffff88040d8225c8]
[   30.410128]      scan-1141 get_device_data       : No context for object [ffff88040d8225f0]
[   30.410322]      scan-1141 get_device_data       : No context for object [ffff88040d822618]
[   30.410515]      scan-1141 get_device_data       : No context for object [ffff88040d822640]
[   30.410712]      scan-1141 get_device_data       : No context for object [ffff88040d822668]
[   30.410910]      scan-1141 get_device_data       : No context for object [ffff88040d822690]
[   30.411087]      scan-1141 get_device_data       : No context for object [ffff88040d8226b8]
[   30.411284]      scan-1141 get_device_data       : No context for object [ffff88040d8226e0]
[   30.411481]      scan-1141 get_device_data       : No context for object [ffff88040d822708]
[   30.411675]      scan-1141 get_device_data       : No context for object [ffff88040d822730]
[   30.411873]      scan-1141 get_device_data       : No context for object [ffff88040d822758]
[   30.412024]      scan-1141 get_device_data       : No context for object [ffff88040d822780]
[   30.412203]     utils-0051 util_eval_error       : Evaluate [\_SB_.PCI0.PB2_.VGA_._STA]: AE_NOT_FOUND
[   30.412440] device: 'device:01': device_add
[   30.412549] bus: 'acpi': add device device:01
[   30.412625]     utils-0051 util_eval_error       : Evaluate [\_SB_.PCI0.PB2_.VGA_._SUN]: AE_NOT_FOUND
[   30.413339]      scan-1933 add_single_object     : Added device:01 [\_SB_.PCI0.PB2_.VGA_] parent device:00
[   30.413339]      scan-1141 get_device_data       : No context for object [ffff88040d8227a8]
[   30.413339]      scan-1141 get_device_data       : No context for object [ffff88040d8227d0]
[   30.413339]      scan-1141 get_device_data       : No context for object [ffff88040d8227f8]
[   30.413533]      scan-1141 get_device_data       : No context for object [ffff88040d822820]
[   30.413730]      scan-1141 get_device_data       : No context for object [ffff88040d822848]
[   30.413907]      scan-1141 get_device_data       : No context for object [ffff88040d822870]
[   30.414099]      scan-1141 get_device_data       : No context for object [ffff88040d822898]
[   30.414298]      scan-1141 get_device_data       : No context for object [ffff88040d8228c0]
[   30.414495]      scan-1141 get_device_data       : No context for object [ffff88040d8228e8]
[   30.414693]      scan-1141 get_device_data       : No context for object [ffff88040d822910]
[   30.414884]      scan-1141 get_device_data       : No context for object [ffff88040d822938]
[   30.415082]      scan-1141 get_device_data       : No context for object [ffff88040d822960]
[   30.415276]      scan-1141 get_device_data       : No context for object [ffff88040d822988]
[   30.415472]      scan-1141 get_device_data       : No context for object [ffff88040d8229b0]
[   30.415670]      scan-1141 get_device_data       : No context for object [ffff88040d8229d8]
[   30.415867]      scan-1141 get_device_data       : No context for object [ffff88040d822a00]
[   30.416064]      scan-1141 get_device_data       : No context for object [ffff88040d822a28]
[   30.416262]      scan-1141 get_device_data       : No context for object [ffff88040d822a50]
[   30.416458]      scan-1141 get_device_data       : No context for object [ffff88040d822a78]
[   30.416669]      scan-1141 get_device_data       : No context for object [ffff88040d822aa0]
[   30.416866]      scan-1141 get_device_data       : No context for object [ffff88040d822ac8]
[   30.417043]      scan-1141 get_device_data       : No context for object [ffff88040d822af0]
[   30.417241]      scan-1141 get_device_data       : No context for object [ffff88040d822b18]
[   30.417438]      scan-1141 get_device_data       : No context for object [ffff88040d822b40]
[   30.417635]      scan-1141 get_device_data       : No context for object [ffff88040d822b68]
[   30.417828]      scan-1141 get_device_data       : No context for object [ffff88040d822b90]
[   30.417980]      scan-1141 get_device_data       : No context for object [ffff88040d822bb8]
[   30.418157]      scan-1141 get_device_data       : No context for object [ffff88040d822be0]
[   30.418354]      scan-1141 get_device_data       : No context for object [ffff88040d822c08]
[   30.418551]      scan-1141 get_device_data       : No context for object [ffff88040d822c30]
[   30.418748]      scan-1141 get_device_data       : No context for object [ffff88040d822c58]
[   30.418926]      scan-1141 get_device_data       : No context for object [ffff88040d822c80]
[   30.419121]      scan-1141 get_device_data       : No context for object [ffff88040d822ca8]
[   30.419318]      scan-1141 get_device_data       : No context for object [ffff88040d822cd0]
[   30.419515]      scan-1141 get_device_data       : No context for object [ffff88040d822cf8]
[   30.419712]      scan-1141 get_device_data       : No context for object [ffff88040d822d20]
[   30.419901]      scan-1141 get_device_data       : No context for object [ffff88040d822d48]
[   30.420164]      scan-1141 get_device_data       : No context for object [ffff88040d822d70]
[   30.420357]      scan-1141 get_device_data       : No context for object [ffff88040d822d98]
[   30.420554]      scan-1141 get_device_data       : No context for object [ffff88040d837438]
[   30.420752]      scan-1141 get_device_data       : No context for object [ffff88040d822dc0]
[   30.420951]     utils-0051 util_eval_error       : Evaluate [\_SB_.PCI0.PB2_.HDAU._STA]: AE_NOT_FOUND
[   30.421183] device: 'device:02': device_add
[   30.421245] bus: 'acpi': add device device:02
[   30.421322]     utils-0051 util_eval_error       : Evaluate [\_SB_.PCI0.PB2_.HDAU._SUN]: AE_NOT_FOUND
[   30.421523]      scan-1933 add_single_object     : Added device:02 [\_SB_.PCI0.PB2_.HDAU] parent device:00
[   30.421726]      scan-1141 get_device_data       : No context for object [ffff88040d822de8]
[   30.421924]      scan-1141 get_device_data       : No context for object [ffff88040d822e10]
[   30.422107]      scan-1141 get_device_data       : No context for object [ffff88040d822e38]
[   30.422304]      scan-1141 get_device_data       : No context for object [ffff88040d822e60]
[   30.422502]      scan-1141 get_device_data       : No context for object [ffff88040d822e88]
[   30.422697]      scan-1141 get_device_data       : No context for object [ffff88040d822eb0]
[   30.422890]      scan-1141 get_device_data       : No context for object [ffff88040d822ed8]
[   30.423040]     utils-0051 util_eval_error       : Evaluate [\_SB_.PCI0.PB3_._STA]: AE_NOT_FOUND
[   30.423313] device: 'device:03': device_add
[   30.423338] bus: 'acpi': add device device:03
[   30.423413]     utils-0051 util_eval_error       : Evaluate [\_SB_.PCI0.PB3_._SUN]: AE_NOT_FOUND
[   30.423616]      scan-1933 add_single_object     : Added device:03 [\_SB_.PCI0.PB3_] parent PNP0A08:00
[   30.423815]      scan-1141 get_device_data       : No context for object [ffff88040d822f00]
[   30.423988]      scan-1141 get_device_data       : No context for object [ffff88040d822f28]
[   30.424183]      scan-1141 get_device_data       : No context for object [ffff88040d822f50]
[   30.424378]      scan-1141 get_device_data       : No context for object [ffff88040d822f78]
[   30.424574]      scan-1141 get_device_data       : No context for object [ffff88040d822fa0]
[   30.424771]      scan-1141 get_device_data       : No context for object [ffff88040d822fc8]
[   30.424947]      scan-1141 get_device_data       : No context for object [ffff88040d823000]
[   30.425139]      scan-1141 get_device_data       : No context for object [ffff88040d823028]
[   30.425333]      scan-1141 get_device_data       : No context for object [ffff88040d823050]
[   30.425528]      scan-1141 get_device_data       : No context for object [ffff88040d823078]
[   30.426669]      scan-1141 get_device_data       : No context for object [ffff88040d8230a0]
[   30.426864]      scan-1141 get_device_data       : No context for object [ffff88040d8230c8]
[   30.427015]      scan-1141 get_device_data       : No context for object [ffff88040d8230f0]
[   30.427191]      scan-1141 get_device_data       : No context for object [ffff88040d823118]
[   30.427389]      scan-1141 get_device_data       : No context for object [ffff88040d823140]
[   30.427586]      scan-1141 get_device_data       : No context for object [ffff88040d823168]
[   30.427781]      scan-1141 get_device_data       : No context for object [ffff88040d823190]
[   30.427958]      scan-1141 get_device_data       : No context for object [ffff88040d8231b8]
[   30.428156]      scan-1141 get_device_data       : No context for object [ffff88040d8231e0]
[   30.428354]      scan-1141 get_device_data       : No context for object [ffff88040d823208]
[   30.428551]      scan-1141 get_device_data       : No context for object [ffff88040d823230]
[   30.428750]      scan-1141 get_device_data       : No context for object [ffff88040d823258]
[   30.428943]      scan-1141 get_device_data       : No context for object [ffff88040d823280]
[   30.429141]      scan-1141 get_device_data       : No context for object [ffff88040d8232a8]
[   30.429338]      scan-1141 get_device_data       : No context for object [ffff88040d8232d0]
[   30.429538]      scan-1141 get_device_data       : No context for object [ffff88040d8232f8]
[   30.429735]      scan-1141 get_device_data       : No context for object [ffff88040d823320]
[   30.429932]      scan-1141 get_device_data       : No context for object [ffff88040d823348]
[   30.430129]      scan-1141 get_device_data       : No context for object [ffff88040d823370]
[   30.430326]      scan-1141 get_device_data       : No context for object [ffff88040d823398]
[   30.430524]      scan-1141 get_device_data       : No context for object [ffff88040d8233c0]
[   30.430723]     utils-0051 util_eval_error       : Evaluate [\_SB_.PCI0.PB3_.VGA_._STA]: AE_NOT_FOUND
[   30.430951]     video-0058 backlight_cap_match   : Found generic backlight support
[   30.431157] device: 'LNXVIDEO:00': device_add
[   30.431216] bus: 'acpi': add device LNXVIDEO:00
[   30.431285]     utils-0051 util_eval_error       : Evaluate [\_SB_.PCI0.PB3_.VGA_._SUN]: AE_NOT_FOUND
[   30.431491]      scan-1933 add_single_object     : Added LNXVIDEO:00 [\_SB_.PCI0.PB3_.VGA_] parent device:03
[   30.431697]      scan-1141 get_device_data       : No context for object [ffff88040d8233e8]
[   30.431895]      scan-1141 get_device_data       : No context for object [ffff88040d823410]
[   30.432046]      scan-1141 get_device_data       : No context for object [ffff88040d823438]
[   30.432224]      scan-1141 get_device_data       : No context for object [ffff88040d823460]
[   30.432421]      scan-1141 get_device_data       : No context for object [ffff88040d823488]
[   30.432614]      scan-1141 get_device_data       : No context for object [ffff88040d8234b0]
[   30.432811]      scan-1141 get_device_data       : No context for object [ffff88040d8234d8]
[   30.432989]      scan-1141 get_device_data       : No context for object [ffff88040d823500]
[   30.433186]      scan-1141 get_device_data       : No context for object [ffff88040d823528]
[   30.433336]      scan-1141 get_device_data       : No context for object [ffff88040d823550]
[   30.433533]      scan-1141 get_device_data       : No context for object [ffff88040d823578]
[   30.433726]      scan-1141 get_device_data       : No context for object [ffff88040d8235a0]
[   30.433903]      scan-1141 get_device_data       : No context for object [ffff88040d8235c8]
[   30.434101]      scan-1141 get_device_data       : No context for object [ffff88040d8235f0]
[   30.434299]      scan-1141 get_device_data       : No context for object [ffff88040d823618]
[   30.434496]      scan-1141 get_device_data       : No context for object [ffff88040d823640]
[   30.434693]      scan-1141 get_device_data       : No context for object [ffff88040d823668]
[   30.434890]      scan-1141 get_device_data       : No context for object [ffff88040d823690]
[   30.435084]      scan-1141 get_device_data       : No context for object [ffff88040d8236b8]
[   30.435281]      scan-1141 get_device_data       : No context for object [ffff88040d8236e0]
[   30.435479]      scan-1141 get_device_data       : No context for object [ffff88040d823708]
[   30.435677]      scan-1141 get_device_data       : No context for object [ffff88040d823730]
[   30.435874]      scan-1141 get_device_data       : No context for object [ffff88040d823758]
[   30.436072]      scan-1141 get_device_data       : No context for object [ffff88040d823780]
[   30.436266]      scan-1141 get_device_data       : No context for object [ffff88040d8237a8]
[   30.436463]      scan-1141 get_device_data       : No context for object [ffff88040d8237d0]
[   30.436669]      scan-1141 get_device_data       : No context for object [ffff88040d8237f8]
[   30.436866]      scan-1141 get_device_data       : No context for object [ffff88040d823820]
[   30.437044]      scan-1141 get_device_data       : No context for object [ffff88040d823848]
[   30.437242]      scan-1141 get_device_data       : No context for object [ffff88040d823870]
[   30.437434]      scan-1141 get_device_data       : No context for object [ffff88040d823898]
[   30.437632]      scan-1141 get_device_data       : No context for object [ffff88040d8238c0]
[   30.437829]      scan-1141 get_device_data       : No context for object [ffff88040d8238e8]
[   30.437981]      scan-1141 get_device_data       : No context for object [ffff88040d823910]
[   30.438158]      scan-1141 get_device_data       : No context for object [ffff88040d823938]
[   30.438355]      scan-1141 get_device_data       : No context for object [ffff88040d823960]
[   30.438552]      scan-1141 get_device_data       : No context for object [ffff88040d823988]
[   30.438745]      scan-1141 get_device_data       : No context for object [ffff88040d8239b0]
[   30.438922]      scan-1141 get_device_data       : No context for object [ffff88040d8239d8]
[   30.439120]      scan-1141 get_device_data       : No context for object [ffff88040d837460]
[   30.439317]      scan-1141 get_device_data       : No context for object [ffff88040d83ac08]
[   30.439511]      scan-1141 get_device_data       : No context for object [ffff88040d83ac30]
[   30.439705]      scan-1141 get_device_data       : No context for object [ffff88040d83ac58]
[   30.439899]     utils-0051 util_eval_error       : Evaluate [\_SB_.PCI0.PB3_.VGA_.CRT_._STA]: AE_NOT_FOUND
[   30.440172] device: 'device:04': device_add
[   30.440281] bus: 'acpi': add device device:04
[   30.440355]     utils-0051 util_eval_error       : Evaluate [\_SB_.PCI0.PB3_.VGA_.CRT_._SUN]: AE_NOT_FOUND
[   30.440560]      scan-1933 add_single_object     : Added device:04 [\_SB_.PCI0.PB3_.VGA_.CRT_] parent LNXVIDEO:00
[   30.440761]      scan-1141 get_device_data       : No context for object [ffff88040d83ac80]
[   30.440939]      scan-1141 get_device_data       : No context for object [ffff88040d83aca8]
[   30.441129]      scan-1141 get_device_data       : No context for object [ffff88040d83acd0]
[   30.441325]      scan-1141 get_device_data       : No context for object [ffff88040d83acf8]
[   30.441520]      scan-1141 get_device_data       : No context for object [ffff88040d83ad20]
[   30.441716]     utils-0051 util_eval_error       : Evaluate [\_SB_.PCI0.PB3_.VGA_.LCD_._STA]: AE_NOT_FOUND
[   30.441955] device: 'device:05': device_add
[   30.442056] bus: 'acpi': add device device:05
[   30.442128]     utils-0051 util_eval_error       : Evaluate [\_SB_.PCI0.PB3_.VGA_.LCD_._SUN]: AE_NOT_FOUND
[   30.443390]      scan-1933 add_single_object     : Added device:05 [\_SB_.PCI0.PB3_.VGA_.LCD_] parent LNXVIDEO:00
[   30.443390]      scan-1141 get_device_data       : No context for object [ffff88040d83ad48]
[   30.443390]      scan-1141 get_device_data       : No context for object [ffff88040d83ad70]
[   30.443390]      scan-1141 get_device_data       : No context for object [ffff88040d83ad98]
[   30.443390]      scan-1141 get_device_data       : No context for object [ffff88040d83adc0]
[   30.443390]      scan-1141 get_device_data       : No context for object [ffff88040d83ade8]
[   30.443530]      scan-1141 get_device_data       : No context for object [ffff88040d83ae10]
[   30.443724]      scan-1141 get_device_data       : No context for object [ffff88040d83ae38]
[   30.443922]      scan-1141 get_device_data       : No context for object [ffff88040d83ae60]
[   30.445140]     utils-0051 util_eval_error       : Evaluate [\_SB_.PCI0.PB3_.VGA_.TV0_._STA]: AE_NOT_FOUND
[   30.445376] device: 'device:06': device_add
[   30.445439] bus: 'acpi': add device device:06
[   30.445515]     utils-0051 util_eval_error       : Evaluate [\_SB_.PCI0.PB3_.VGA_.TV0_._SUN]: AE_NOT_FOUND
[   30.445722]      scan-1933 add_single_object     : Added device:06 [\_SB_.PCI0.PB3_.VGA_.TV0_] parent LNXVIDEO:00
[   30.445922]      scan-1141 get_device_data       : No context for object [ffff88040d83ae88]
[   30.446068]      scan-1141 get_device_data       : No context for object [ffff88040d83aeb0]
[   30.446246]      scan-1141 get_device_data       : No context for object [ffff88040d83aed8]
[   30.446443]      scan-1141 get_device_data       : No context for object [ffff88040d83af00]
[   30.446641]      scan-1141 get_device_data       : No context for object [ffff88040d83af28]
[   30.446833]     utils-0051 util_eval_error       : Evaluate [\_SB_.PCI0.PB3_.VGA_.HDMI._STA]: AE_NOT_FOUND
[   30.447053] device: 'device:07': device_add
[   30.447159] bus: 'acpi': add device device:07
[   30.447225]     utils-0051 util_eval_error       : Evaluate [\_SB_.PCI0.PB3_.VGA_.HDMI._SUN]: AE_NOT_FOUND
[   30.447430]      scan-1933 add_single_object     : Added device:07 [\_SB_.PCI0.PB3_.VGA_.HDMI] parent LNXVIDEO:00
[   30.447632]      scan-1141 get_device_data       : No context for object [ffff88040d83af50]
[   30.447830]      scan-1141 get_device_data       : No context for object [ffff88040d83af78]
[   30.448008]      scan-1141 get_device_data       : No context for object [ffff88040d83afa0]
[   30.448205]      scan-1141 get_device_data       : No context for object [ffff88040d83afc8]
[   30.448402]      scan-1141 get_device_data       : No context for object [ffff88040d823a00]
[   30.448598]     utils-0051 util_eval_error       : Evaluate [\_SB_.PCI0.PB3_.HDAU._STA]: AE_NOT_FOUND
[   30.448829] device: 'device:08': device_add
[   30.448892] bus: 'acpi': add device device:08
[   30.448966]     utils-0051 util_eval_error       : Evaluate [\_SB_.PCI0.PB3_.HDAU._SUN]: AE_NOT_FOUND
[   30.450055]      scan-1933 add_single_object     : Added device:08 [\_SB_.PCI0.PB3_.HDAU] parent device:03
[   30.450055]      scan-1141 get_device_data       : No context for object [ffff88040d823a28]
[   30.450055]      scan-1141 get_device_data       : No context for object [ffff88040d823a50]
[   30.450055]      scan-1141 get_device_data       : No context for object [ffff88040d823a78]
[   30.450055]      scan-1141 get_device_data       : No context for object [ffff88040d823aa0]
[   30.450131]      scan-1141 get_device_data       : No context for object [ffff88040d823ac8]
[   30.450329]      scan-1141 get_device_data       : No context for object [ffff88040d823af0]
[   30.450526]      scan-1141 get_device_data       : No context for object [ffff88040d823b18]
[   30.450726]     utils-0051 util_eval_error       : Evaluate [\_SB_.PCI0.PB4_._STA]: AE_NOT_FOUND
[   30.450952] device: 'device:09': device_add
[   30.451015] bus: 'acpi': add device device:09
[   30.451092]     utils-0051 util_eval_error       : Evaluate [\_SB_.PCI0.PB4_._SUN]: AE_NOT_FOUND
[   30.451298]      scan-1933 add_single_object     : Added device:09 [\_SB_.PCI0.PB4_] parent PNP0A08:00
[   30.451500]      scan-1141 get_device_data       : No context for object [ffff88040d823b40]
[   30.451698]      scan-1141 get_device_data       : No context for object [ffff88040d823b68]
[   30.451895]      scan-1141 get_device_data       : No context for object [ffff88040d823b90]
[   30.452046]      scan-1141 get_device_data       : No context for object [ffff88040d823bb8]
[   30.452219]      scan-1141 get_device_data       : No context for object [ffff88040d823be0]
[   30.452416]      scan-1141 get_device_data       : No context for object [ffff88040d823c08]
[   30.452614]      scan-1141 get_device_data       : No context for object [ffff88040d823c30]
[   30.452812]      scan-1141 get_device_data       : No context for object [ffff88040d823c58]
[   30.452989]      scan-1141 get_device_data       : No context for object [ffff88040d823c80]
[   30.453187]      scan-1141 get_device_data       : No context for object [ffff88040d823ca8]
[   30.453335]      scan-1141 get_device_data       : No context for object [ffff88040d823cd0]
[   30.453532]      scan-1141 get_device_data       : No context for object [ffff88040d823cf8]
[   30.453730]      scan-1141 get_device_data       : No context for object [ffff88040d823d20]
[   30.453907]      scan-1141 get_device_data       : No context for object [ffff88040d823d48]
[   30.454105]      scan-1141 get_device_data       : No context for object [ffff88040d823d70]
[   30.454302]      scan-1141 get_device_data       : No context for object [ffff88040d823d98]
[   30.454499]      scan-1141 get_device_data       : No context for object [ffff88040d823dc0]
[   30.454694]      scan-1141 get_device_data       : No context for object [ffff88040d823de8]
[   30.454891]      scan-1141 get_device_data       : No context for object [ffff88040d823e10]
[   30.455089]      scan-1141 get_device_data       : No context for object [ffff88040d823e38]
[   30.455286]      scan-1141 get_device_data       : No context for object [ffff88040d823e60]
[   30.455484]      scan-1141 get_device_data       : No context for object [ffff88040d823e88]
[   30.455681]      scan-1141 get_device_data       : No context for object [ffff88040d823eb0]
[   30.455874]      scan-1141 get_device_data       : No context for object [ffff88040d823ed8]
[   30.456070]      scan-1141 get_device_data       : No context for object [ffff88040d823f00]
[   30.456265]      scan-1141 get_device_data       : No context for object [ffff88040d823f28]
[   30.456459]      scan-1141 get_device_data       : No context for object [ffff88040d823f50]
[   30.456669]      scan-1141 get_device_data       : No context for object [ffff88040d823f78]
[   30.456864]      scan-1141 get_device_data       : No context for object [ffff88040d823fa0]
[   30.457041]      scan-1141 get_device_data       : No context for object [ffff88040d823fc8]
[   30.457237]      scan-1141 get_device_data       : No context for object [ffff88040d825000]
[   30.457433]     utils-0051 util_eval_error       : Evaluate [\_SB_.PCI0.PB4_.XPDV._STA]: AE_NOT_FOUND
[   30.457664] device: 'device:0a': device_add
[   30.457726] bus: 'acpi': add device device:0a
[   30.457799]     utils-0051 util_eval_error       : Evaluate [\_SB_.PCI0.PB4_.XPDV._SUN]: AE_NOT_FOUND
[   30.457985]      scan-1933 add_single_object     : Added device:0a [\_SB_.PCI0.PB4_.XPDV] parent device:09
[   30.458182]      scan-1141 get_device_data       : No context for object [ffff88040d825028]
[   30.458373]      scan-1141 get_device_data       : No context for object [ffff88040d825050]
[   30.458568]      scan-1141 get_device_data       : No context for object [ffff88040d825078]
[   30.458764]      scan-1141 get_device_data       : No context for object [ffff88040d8250a0]
[   30.458940]      scan-1141 get_device_data       : No context for object [ffff88040d8250c8]
[   30.459135]      scan-1141 get_device_data       : No context for object [ffff88040d837500]
[   30.459331]      scan-1141 get_device_data       : No context for object [ffff88040d8250f0]
[   30.459520]      scan-1141 get_device_data       : No context for object [ffff88040d825118]
[   30.459716]     utils-0051 util_eval_error       : Evaluate [\_SB_.PCI0.PB5_._STA]: AE_NOT_FOUND
[   30.460021] device: 'device:0b': device_add
[   30.460082] bus: 'acpi': add device device:0b
[   30.460154]     utils-0051 util_eval_error       : Evaluate [\_SB_.PCI0.PB5_._SUN]: AE_NOT_FOUND
[   30.460360]      scan-1933 add_single_object     : Added device:0b [\_SB_.PCI0.PB5_] parent PNP0A08:00
[   30.460563]      scan-1141 get_device_data       : No context for object [ffff88040d825140]
[   30.460759]      scan-1141 get_device_data       : No context for object [ffff88040d825168]
[   30.460957]      scan-1141 get_device_data       : No context for object [ffff88040d825190]
[   30.461154]      scan-1141 get_device_data       : No context for object [ffff88040d8251b8]
[   30.461352]      scan-1141 get_device_data       : No context for object [ffff88040d8251e0]
[   30.461549]      scan-1141 get_device_data       : No context for object [ffff88040d825208]
[   30.461747]      scan-1141 get_device_data       : No context for object [ffff88040d825230]
[   30.461946]      scan-1141 get_device_data       : No context for object [ffff88040d825258]
[   30.462140]      scan-1141 get_device_data       : No context for object [ffff88040d825280]
[   30.462338]      scan-1141 get_device_data       : No context for object [ffff88040d8252a8]
[   30.463336]      scan-1141 get_device_data       : No context for object [ffff88040d8252d0]
[   30.463534]      scan-1141 get_device_data       : No context for object [ffff88040d8252f8]
[   30.463732]      scan-1141 get_device_data       : No context for object [ffff88040d825320]
[   30.463929]      scan-1141 get_device_data       : No context for object [ffff88040d825348]
[   30.464125]      scan-1141 get_device_data       : No context for object [ffff88040d825370]
[   30.464317]      scan-1141 get_device_data       : No context for object [ffff88040d825398]
[   30.464516]      scan-1141 get_device_data       : No context for object [ffff88040d8253c0]
[   30.464713]      scan-1141 get_device_data       : No context for object [ffff88040d8253e8]
[   30.464889]      scan-1141 get_device_data       : No context for object [ffff88040d825410]
[   30.465086]      scan-1141 get_device_data       : No context for object [ffff88040d825438]
[   30.465285]      scan-1141 get_device_data       : No context for object [ffff88040d825460]
[   30.465479]      scan-1141 get_device_data       : No context for object [ffff88040d825488]
[   30.465678]      scan-1141 get_device_data       : No context for object [ffff88040d8254b0]
[   30.465828]      scan-1141 get_device_data       : No context for object [ffff88040d8254d8]
[   30.466005]      scan-1141 get_device_data       : No context for object [ffff88040d825500]
[   30.466204]      scan-1141 get_device_data       : No context for object [ffff88040d825528]
[   30.466401]      scan-1141 get_device_data       : No context for object [ffff88040d825550]
[   30.466796]      scan-1141 get_device_data       : No context for object [ffff88040d825578]
[   30.466970]      scan-1141 get_device_data       : No context for object [ffff88040d8255a0]
[   30.467167]      scan-1141 get_device_data       : No context for object [ffff88040d8255c8]
[   30.467364]      scan-1141 get_device_data       : No context for object [ffff88040d8255f0]
[   30.467563]     utils-0051 util_eval_error       : Evaluate [\_SB_.PCI0.PB5_.XPDV._STA]: AE_NOT_FOUND
[   30.467795] device: 'device:0c': device_add
[   30.467858] bus: 'acpi': add device device:0c
[   30.467934]     utils-0051 util_eval_error       : Evaluate [\_SB_.PCI0.PB5_.XPDV._SUN]: AE_NOT_FOUND
[   30.468115]      scan-1933 add_single_object     : Added device:0c [\_SB_.PCI0.PB5_.XPDV] parent device:0b
[   30.468317]      scan-1141 get_device_data       : No context for object [ffff88040d825618]
[   30.468515]      scan-1141 get_device_data       : No context for object [ffff88040d825640]
[   30.468713]      scan-1141 get_device_data       : No context for object [ffff88040d825668]
[   30.468911]      scan-1141 get_device_data       : No context for object [ffff88040d825690]
[   30.469088]      scan-1141 get_device_data       : No context for object [ffff88040d8256b8]
[   30.469286]      scan-1141 get_device_data       : No context for object [ffff88040d837528]
[   30.469481]      scan-1141 get_device_data       : No context for object [ffff88040d8256e0]
[   30.469679]      scan-1141 get_device_data       : No context for object [ffff88040d825708]
[   30.469877]     utils-0051 util_eval_error       : Evaluate [\_SB_.PCI0.PB6_._STA]: AE_NOT_FOUND
[   30.470083] device: 'device:0d': device_add
[   30.470146] bus: 'acpi': add device device:0d
[   30.470221]     utils-0051 util_eval_error       : Evaluate [\_SB_.PCI0.PB6_._SUN]: AE_NOT_FOUND
[   30.470424]      scan-1933 add_single_object     : Added device:0d [\_SB_.PCI0.PB6_] parent PNP0A08:00
[   30.470621]      scan-1141 get_device_data       : No context for object [ffff88040d825730]
[   30.470820]      scan-1141 get_device_data       : No context for object [ffff88040d825758]
[   30.470971]      scan-1141 get_device_data       : No context for object [ffff88040d825780]
[   30.471148]      scan-1141 get_device_data       : No context for object [ffff88040d8257a8]
[   30.471347]      scan-1141 get_device_data       : No context for object [ffff88040d8257d0]
[   30.471544]      scan-1141 get_device_data       : No context for object [ffff88040d8257f8]
[   30.471739]      scan-1141 get_device_data       : No context for object [ffff88040d825820]
[   30.471919]      scan-1141 get_device_data       : No context for object [ffff88040d825848]
[   30.472116]      scan-1141 get_device_data       : No context for object [ffff88040d825870]
[   30.472313]      scan-1141 get_device_data       : No context for object [ffff88040d825898]
[   30.472510]      scan-1141 get_device_data       : No context for object [ffff88040d8258c0]
[   30.472708]      scan-1141 get_device_data       : No context for object [ffff88040d8258e8]
[   30.472902]      scan-1141 get_device_data       : No context for object [ffff88040d825910]
[   30.473094]      scan-1141 get_device_data       : No context for object [ffff88040d825938]
[   30.473336]      scan-1141 get_device_data       : No context for object [ffff88040d825960]
[   30.473531]      scan-1141 get_device_data       : No context for object [ffff88040d825988]
[   30.473726]      scan-1141 get_device_data       : No context for object [ffff88040d8259b0]
[   30.473921]      scan-1141 get_device_data       : No context for object [ffff88040d8259d8]
[   30.474107]      scan-1141 get_device_data       : No context for object [ffff88040d825a00]
[   30.474296]      scan-1141 get_device_data       : No context for object [ffff88040d825a28]
[   30.474492]      scan-1141 get_device_data       : No context for object [ffff88040d825a50]
[   30.474688]      scan-1141 get_device_data       : No context for object [ffff88040d825a78]
[   30.474882]      scan-1141 get_device_data       : No context for object [ffff88040d825aa0]
[   30.475031]      scan-1141 get_device_data       : No context for object [ffff88040d825ac8]
[   30.475208]      scan-1141 get_device_data       : No context for object [ffff88040d825af0]
[   30.475404]      scan-1141 get_device_data       : No context for object [ffff88040d825b18]
[   30.475595]      scan-1141 get_device_data       : No context for object [ffff88040d825b40]
[   30.475789]      scan-1141 get_device_data       : No context for object [ffff88040d825b68]
[   30.475965]      scan-1141 get_device_data       : No context for object [ffff88040d825b90]
[   30.476161]      scan-1141 get_device_data       : No context for object [ffff88040d825bb8]
[   30.476356]      scan-1141 get_device_data       : No context for object [ffff88040d825be0]
[   30.476552]     utils-0051 util_eval_error       : Evaluate [\_SB_.PCI0.PB6_.XPDV._STA]: AE_NOT_FOUND
[   30.476701] device: 'device:0e': device_add
[   30.476763] bus: 'acpi': add device device:0e
[   30.476837]     utils-0051 util_eval_error       : Evaluate [\_SB_.PCI0.PB6_.XPDV._SUN]: AE_NOT_FOUND
[   30.477028]      scan-1933 add_single_object     : Added device:0e [\_SB_.PCI0.PB6_.XPDV] parent device:0d
[   30.477231]      scan-1141 get_device_data       : No context for object [ffff88040d825c08]
[   30.477428]      scan-1141 get_device_data       : No context for object [ffff88040d825c30]
[   30.477627]      scan-1141 get_device_data       : No context for object [ffff88040d825c58]
[   30.477823]      scan-1141 get_device_data       : No context for object [ffff88040d825c80]
[   30.477973]      scan-1141 get_device_data       : No context for object [ffff88040d825ca8]
[   30.478151]      scan-1141 get_device_data       : No context for object [ffff88040d837550]
[   30.478349]      scan-1141 get_device_data       : No context for object [ffff88040d825cd0]
[   30.478546]      scan-1141 get_device_data       : No context for object [ffff88040d825cf8]
[   30.478745]     utils-0051 util_eval_error       : Evaluate [\_SB_.PCI0.PB7_._STA]: AE_NOT_FOUND
[   30.478957] device: 'device:0f': device_add
[   30.479017] bus: 'acpi': add device device:0f
[   30.479086]     utils-0051 util_eval_error       : Evaluate [\_SB_.PCI0.PB7_._SUN]: AE_NOT_FOUND
[   30.480056]      scan-1933 add_single_object     : Added device:0f [\_SB_.PCI0.PB7_] parent PNP0A08:00
[   30.480056]      scan-1141 get_device_data       : No context for object [ffff88040d825d20]
[   30.480056]      scan-1141 get_device_data       : No context for object [ffff88040d825d48]
[   30.480056]      scan-1141 get_device_data       : No context for object [ffff88040d825d70]
[   30.480165]      scan-1141 get_device_data       : No context for object [ffff88040d825d98]
[   30.480361]      scan-1141 get_device_data       : No context for object [ffff88040d825dc0]
[   30.480557]      scan-1141 get_device_data       : No context for object [ffff88040d825de8]
[   30.481772]      scan-1141 get_device_data       : No context for object [ffff88040d825e10]
[   30.481964]      scan-1141 get_device_data       : No context for object [ffff88040d825e38]
[   30.482162]      scan-1141 get_device_data       : No context for object [ffff88040d825e60]
[   30.482359]      scan-1141 get_device_data       : No context for object [ffff88040d825e88]
[   30.482557]      scan-1141 get_device_data       : No context for object [ffff88040d825eb0]
[   30.482753]      scan-1141 get_device_data       : No context for object [ffff88040d825ed8]
[   30.482946]      scan-1141 get_device_data       : No context for object [ffff88040d825f00]
[   30.483144]      scan-1141 get_device_data       : No context for object [ffff88040d825f28]
[   30.483335]      scan-1141 get_device_data       : No context for object [ffff88040d825f50]
[   30.483534]      scan-1141 get_device_data       : No context for object [ffff88040d825f78]
[   30.483731]      scan-1141 get_device_data       : No context for object [ffff88040d825fa0]
[   30.483928]      scan-1141 get_device_data       : No context for object [ffff88040d825fc8]
[   30.484122]      scan-1141 get_device_data       : No context for object [ffff88040d827000]
[   30.484319]      scan-1141 get_device_data       : No context for object [ffff88040d827028]
[   30.484516]      scan-1141 get_device_data       : No context for object [ffff88040d827050]
[   30.484714]      scan-1141 get_device_data       : No context for object [ffff88040d827078]
[   30.484911]      scan-1141 get_device_data       : No context for object [ffff88040d8270a0]
[   30.485089]      scan-1141 get_device_data       : No context for object [ffff88040d8270c8]
[   30.485285]      scan-1141 get_device_data       : No context for object [ffff88040d8270f0]
[   30.485482]      scan-1141 get_device_data       : No context for object [ffff88040d827118]
[   30.485679]      scan-1141 get_device_data       : No context for object [ffff88040d827140]
[   30.485876]      scan-1141 get_device_data       : No context for object [ffff88040d827168]
[   30.486027]      scan-1141 get_device_data       : No context for object [ffff88040d827190]
[   30.486204]      scan-1141 get_device_data       : No context for object [ffff88040d8271b8]
[   30.486400]      scan-1141 get_device_data       : No context for object [ffff88040d8271e0]
[   30.486595]     utils-0051 util_eval_error       : Evaluate [\_SB_.PCI0.PB7_.XPDV._STA]: AE_NOT_FOUND
[   30.486832] device: 'device:10': device_add
[   30.486894] bus: 'acpi': add device device:10
[   30.486969]     utils-0051 util_eval_error       : Evaluate [\_SB_.PCI0.PB7_.XPDV._SUN]: AE_NOT_FOUND
[   30.487155]      scan-1933 add_single_object     : Added device:10 [\_SB_.PCI0.PB7_.XPDV] parent device:0f
[   30.487358]      scan-1141 get_device_data       : No context for object [ffff88040d827208]
[   30.487556]      scan-1141 get_device_data       : No context for object [ffff88040d827230]
[   30.487751]      scan-1141 get_device_data       : No context for object [ffff88040d827258]
[   30.487947]      scan-1141 get_device_data       : No context for object [ffff88040d827280]
[   30.488144]      scan-1141 get_device_data       : No context for object [ffff88040d8272a8]
[   30.488341]      scan-1141 get_device_data       : No context for object [ffff88040d837488]
[   30.488539]      scan-1141 get_device_data       : No context for object [ffff88040d8272d0]
[   30.488737]      scan-1141 get_device_data       : No context for object [ffff88040d8272f8]
[   30.488935]     utils-0051 util_eval_error       : Evaluate [\_SB_.PCI0.OHC1._STA]: AE_NOT_FOUND
[   30.489176] device: 'device:11': device_add
[   30.489239] bus: 'acpi': add device device:11
[   30.489313]     utils-0051 util_eval_error       : Evaluate [\_SB_.PCI0.OHC1._SUN]: AE_NOT_FOUND
[   30.490056]      scan-1933 add_single_object     : Added device:11 [\_SB_.PCI0.OHC1] parent PNP0A08:00
[   30.490056]      scan-1141 get_device_data       : No context for object [ffff88040d827320]
[   30.490056]      scan-1141 get_device_data       : No context for object [ffff88040d827348]
[   30.490056]      scan-1141 get_device_data       : No context for object [ffff88040d83b2f8]
[   30.490175]     utils-0051 util_eval_error       : Evaluate [\_SB_.PCI0.OHC1.RHUB._STA]: AE_NOT_FOUND
[   30.490405] device: 'device:12': device_add
[   30.490469] bus: 'acpi': add device device:12
[   30.490542]     utils-0051 util_eval_error       : Evaluate [\_SB_.PCI0.OHC1.RHUB._SUN]: AE_NOT_FOUND
[   30.490747]      scan-1933 add_single_object     : Added device:12 [\_SB_.PCI0.OHC1.RHUB] parent device:11
[   30.490927]      scan-1141 get_device_data       : No context for object [ffff88040d83b320]
[   30.491123]      scan-1141 get_device_data       : No context for object [ffff88040d83b348]
[   30.491320]     utils-0051 util_eval_error       : Evaluate [\_SB_.PCI0.OHC1.RHUB.PRT3._STA]: AE_NOT_FOUND
[   30.491547] device: 'device:13': device_add
[   30.491609] bus: 'acpi': add device device:13
[   30.491682]     utils-0051 util_eval_error       : Evaluate [\_SB_.PCI0.OHC1.RHUB.PRT3._SUN]: AE_NOT_FOUND
[   30.493391]      scan-1933 add_single_object     : Added device:13 [\_SB_.PCI0.OHC1.RHUB.PRT3] parent device:12
[   30.493391]      scan-1141 get_device_data       : No context for object [ffff88040d83b370]
[   30.493391]      scan-1141 get_device_data       : No context for object [ffff88040d83b398]
[   30.493391]      scan-1141 get_device_data       : No context for object [ffff88040d83b3c0]
[   30.493391]      scan-1141 get_device_data       : No context for object [ffff88040d83b3e8]
[   30.493391]     utils-0051 util_eval_error       : Evaluate [\_SB_.PCI0.OHC1.RHUB.PRT4._STA]: AE_NOT_FOUND
[   30.493391] device: 'device:14': device_add
[   30.493391] bus: 'acpi': add device device:14
[   30.493391]     utils-0051 util_eval_error       : Evaluate [\_SB_.PCI0.OHC1.RHUB.PRT4._SUN]: AE_NOT_FOUND
[   30.493473]      scan-1933 add_single_object     : Added device:14 [\_SB_.PCI0.OHC1.RHUB.PRT4] parent device:12
[   30.493673]      scan-1141 get_device_data       : No context for object [ffff88040d83b410]
[   30.493868]      scan-1141 get_device_data       : No context for object [ffff88040d83b438]
[   30.494020]      scan-1141 get_device_data       : No context for object [ffff88040d83b460]
[   30.494198]      scan-1141 get_device_data       : No context for object [ffff88040d827370]
[   30.494397]     utils-0051 util_eval_error       : Evaluate [\_SB_.PCI0.EHC1._STA]: AE_NOT_FOUND
[   30.494640] device: 'device:15': device_add
[   30.494704] bus: 'acpi': add device device:15
[   30.494780]     utils-0051 util_eval_error       : Evaluate [\_SB_.PCI0.EHC1._SUN]: AE_NOT_FOUND
[   30.496720]      scan-1933 add_single_object     : Added device:15 [\_SB_.PCI0.EHC1] parent PNP0A08:00
[   30.496720]      scan-1141 get_device_data       : No context for object [ffff88040d827398]
[   30.496720]      scan-1141 get_device_data       : No context for object [ffff88040d8273c0]
[   30.496720]      scan-1141 get_device_data       : No context for object [ffff88040d83b028]
[   30.496720]     utils-0051 util_eval_error       : Evaluate [\_SB_.PCI0.EHC1.RHUB._STA]: AE_NOT_FOUND
[   30.496720] device: 'device:16': device_add
[   30.496720] bus: 'acpi': add device device:16
[   30.496720]     utils-0051 util_eval_error       : Evaluate [\_SB_.PCI0.EHC1.RHUB._SUN]: AE_NOT_FOUND
[   30.496758]      scan-1933 add_single_object     : Added device:16 [\_SB_.PCI0.EHC1.RHUB] parent device:15
[   30.496758]      scan-1141 get_device_data       : No context for object [ffff88040d83b050]
[   30.496758]      scan-1141 get_device_data       : No context for object [ffff88040d83b078]
[   30.496868]     utils-0051 util_eval_error       : Evaluate [\_SB_.PCI0.EHC1.RHUB.PRT3._STA]: AE_NOT_FOUND
[   30.497100] device: 'device:17': device_add
[   30.497163] bus: 'acpi': add device device:17
[   30.497240]     utils-0051 util_eval_error       : Evaluate [\_SB_.PCI0.EHC1.RHUB.PRT3._SUN]: AE_NOT_FOUND
[   30.497444]      scan-1933 add_single_object     : Added device:17 [\_SB_.PCI0.EHC1.RHUB.PRT3] parent device:16
[   30.497644]      scan-1141 get_device_data       : No context for object [ffff88040d83b0a0]
[   30.497842]      scan-1141 get_device_data       : No context for object [ffff88040d83b0c8]
[   30.497993]      scan-1141 get_device_data       : No context for object [ffff88040d83b0f0]
[   30.498170]      scan-1141 get_device_data       : No context for object [ffff88040d83b118]
[   30.498369]     utils-0051 util_eval_error       : Evaluate [\_SB_.PCI0.EHC1.RHUB.PRT4._STA]: AE_NOT_FOUND
[   30.498589] device: 'device:18': device_add
[   30.498649] bus: 'acpi': add device device:18
[   30.498715]     utils-0051 util_eval_error       : Evaluate [\_SB_.PCI0.EHC1.RHUB.PRT4._SUN]: AE_NOT_FOUND
[   30.500036]      scan-1933 add_single_object     : Added device:18 [\_SB_.PCI0.EHC1.RHUB.PRT4] parent device:16
[   30.500166]      scan-1141 get_device_data       : No context for object [ffff88040d83b140]
[   30.500365]      scan-1141 get_device_data       : No context for object [ffff88040d83b168]
[   30.500562]      scan-1141 get_device_data       : No context for object [ffff88040d83b190]
[   30.500760]      scan-1141 get_device_data       : No context for object [ffff88040d8273e8]
[   30.500956]     utils-0051 util_eval_error       : Evaluate [\_SB_.PCI0.OHC2._STA]: AE_NOT_FOUND
[   30.501182] device: 'device:19': device_add
[   30.501241] bus: 'acpi': add device device:19
[   30.501315]     utils-0051 util_eval_error       : Evaluate [\_SB_.PCI0.OHC2._SUN]: AE_NOT_FOUND
[   30.501523]      scan-1933 add_single_object     : Added device:19 [\_SB_.PCI0.OHC2] parent PNP0A08:00
[   30.501724]      scan-1141 get_device_data       : No context for object [ffff88040d827410]
[   30.501922]      scan-1141 get_device_data       : No context for object [ffff88040d827438]
[   30.502099]      scan-1141 get_device_data       : No context for object [ffff88040d83b488]
[   30.502298]     utils-0051 util_eval_error       : Evaluate [\_SB_.PCI0.OHC2.RHUB._STA]: AE_NOT_FOUND
[   30.502520] device: 'device:1a': device_add
[   30.502582] bus: 'acpi': add device device:1a
[   30.502660]     utils-0051 util_eval_error       : Evaluate [\_SB_.PCI0.OHC2.RHUB._SUN]: AE_NOT_FOUND
[   30.503376]      scan-1933 add_single_object     : Added device:1a [\_SB_.PCI0.OHC2.RHUB] parent device:19
[   30.503376]      scan-1141 get_device_data       : No context for object [ffff88040d83b4b0]
[   30.503376]      scan-1141 get_device_data       : No context for object [ffff88040d83b4d8]
[   30.503376]     utils-0051 util_eval_error       : Evaluate [\_SB_.PCI0.OHC2.RHUB.PRT4._STA]: AE_NOT_FOUND
[   30.503558] device: 'device:1b': device_add
[   30.503617] bus: 'acpi': add device device:1b
[   30.503692]     utils-0051 util_eval_error       : Evaluate [\_SB_.PCI0.OHC2.RHUB.PRT4._SUN]: AE_NOT_FOUND
[   30.503897]      scan-1933 add_single_object     : Added device:1b [\_SB_.PCI0.OHC2.RHUB.PRT4] parent device:1a
[   30.504099]      scan-1141 get_device_data       : No context for object [ffff88040d83b500]
[   30.504297]      scan-1141 get_device_data       : No context for object [ffff88040d83b528]
[   30.504495]      scan-1141 get_device_data       : No context for object [ffff88040d83b550]
[   30.504692]      scan-1141 get_device_data       : No context for object [ffff88040d827460]
[   30.504887]     utils-0051 util_eval_error       : Evaluate [\_SB_.PCI0.EHC2._STA]: AE_NOT_FOUND
[   30.505133] device: 'device:1c': device_add
[   30.505196] bus: 'acpi': add device device:1c
[   30.505270]     utils-0051 util_eval_error       : Evaluate [\_SB_.PCI0.EHC2._SUN]: AE_NOT_FOUND
[   30.506723]      scan-1933 add_single_object     : Added device:1c [\_SB_.PCI0.EHC2] parent PNP0A08:00
[   30.506723]      scan-1141 get_device_data       : No context for object [ffff88040d827488]
[   30.506723]      scan-1141 get_device_data       : No context for object [ffff88040d8274b0]
[   30.506723]      scan-1141 get_device_data       : No context for object [ffff88040d83b1b8]
[   30.506723]     utils-0051 util_eval_error       : Evaluate [\_SB_.PCI0.EHC2.RHUB._STA]: AE_NOT_FOUND
[   30.506723] device: 'device:1d': device_add
[   30.506723] bus: 'acpi': add device device:1d
[   30.506723]     utils-0051 util_eval_error       : Evaluate [\_SB_.PCI0.EHC2.RHUB._SUN]: AE_NOT_FOUND
[   30.506889]      scan-1933 add_single_object     : Added device:1d [\_SB_.PCI0.EHC2.RHUB] parent device:1c
[   30.507073]      scan-1141 get_device_data       : No context for object [ffff88040d83b1e0]
[   30.507267]      scan-1141 get_device_data       : No context for object [ffff88040d83b208]
[   30.507457]     utils-0051 util_eval_error       : Evaluate [\_SB_.PCI0.EHC2.RHUB.PRT2._STA]: AE_NOT_FOUND
[   30.507692] device: 'device:1e': device_add
[   30.507802] bus: 'acpi': add device device:1e
[   30.507876]     utils-0051 util_eval_error       : Evaluate [\_SB_.PCI0.EHC2.RHUB.PRT2._SUN]: AE_NOT_FOUND
[   30.510055]      scan-1933 add_single_object     : Added device:1e [\_SB_.PCI0.EHC2.RHUB.PRT2] parent device:1d
[   30.510055]      scan-1141 get_device_data       : No context for object [ffff88040d83b230]
[   30.510055]      scan-1141 get_device_data       : No context for object [ffff88040d83b258]
[   30.510055]      scan-1141 get_device_data       : No context for object [ffff88040d83b280]
[   30.510055]      scan-1141 get_device_data       : No context for object [ffff88040d8274d8]
[   30.510055]     utils-0051 util_eval_error       : Evaluate [\_SB_.PCI0.OHC3._STA]: AE_NOT_FOUND
[   30.510055] device: 'device:1f': device_add
[   30.510055] bus: 'acpi': add device device:1f
[   30.510055]     utils-0051 util_eval_error       : Evaluate [\_SB_.PCI0.OHC3._SUN]: AE_NOT_FOUND
[   30.510084]      scan-1933 add_single_object     : Added device:1f [\_SB_.PCI0.OHC3] parent PNP0A08:00
[   30.510084]      scan-1141 get_device_data       : No context for object [ffff88040d827500]
[   30.510084]      scan-1141 get_device_data       : No context for object [ffff88040d827528]
[   30.510163]      scan-1141 get_device_data       : No context for object [ffff88040d83b578]
[   30.510359]     utils-0051 util_eval_error       : Evaluate [\_SB_.PCI0.OHC3.RHUB._STA]: AE_NOT_FOUND
[   30.510590] device: 'device:20': device_add
[   30.510653] bus: 'acpi': add device device:20
[   30.510730]     utils-0051 util_eval_error       : Evaluate [\_SB_.PCI0.OHC3.RHUB._SUN]: AE_NOT_FOUND
[   30.510933]      scan-1933 add_single_object     : Added device:20 [\_SB_.PCI0.OHC3.RHUB] parent device:1f
[   30.511111]      scan-1141 get_device_data       : No context for object [ffff88040d83b5a0]
[   30.511309]      scan-1141 get_device_data       : No context for object [ffff88040d827550]
[   30.511508]     utils-0051 util_eval_error       : Evaluate [\_SB_.PCI0.EHC3._STA]: AE_NOT_FOUND
[   30.511752] device: 'device:21': device_add
[   30.511815] bus: 'acpi': add device device:21
[   30.511889]     utils-0051 util_eval_error       : Evaluate [\_SB_.PCI0.EHC3._SUN]: AE_NOT_FOUND
[   30.513370]      scan-1933 add_single_object     : Added device:21 [\_SB_.PCI0.EHC3] parent PNP0A08:00
[   30.513370]      scan-1141 get_device_data       : No context for object [ffff88040d827578]
[   30.513370]      scan-1141 get_device_data       : No context for object [ffff88040d8275a0]
[   30.513370]      scan-1141 get_device_data       : No context for object [ffff88040d83b2a8]
[   30.513370]     utils-0051 util_eval_error       : Evaluate [\_SB_.PCI0.EHC3.RHUB._STA]: AE_NOT_FOUND
[   30.513370] device: 'device:22': device_add
[   30.513370] bus: 'acpi': add device device:22
[   30.513370]     utils-0051 util_eval_error       : Evaluate [\_SB_.PCI0.EHC3.RHUB._SUN]: AE_NOT_FOUND
[   30.513405]      scan-1933 add_single_object     : Added device:22 [\_SB_.PCI0.EHC3.RHUB] parent device:21
[   30.513538]      scan-1141 get_device_data       : No context for object [ffff88040d83b2d0]
[   30.513736]      scan-1141 get_device_data       : No context for object [ffff88040d8275c8]
[   30.513931]     utils-0051 util_eval_error       : Evaluate [\_SB_.PCI0.OHC4._STA]: AE_NOT_FOUND
[   30.514174] device: 'device:23': device_add
[   30.514240] bus: 'acpi': add device device:23
[   30.514315]     utils-0051 util_eval_error       : Evaluate [\_SB_.PCI0.OHC4._SUN]: AE_NOT_FOUND
[   30.514522]      scan-1933 add_single_object     : Added device:23 [\_SB_.PCI0.OHC4] parent PNP0A08:00
[   30.514720]      scan-1141 get_device_data       : No context for object [ffff88040d8275f0]
[   30.514918]      scan-1141 get_device_data       : No context for object [ffff88040d827618]
[   30.515115]      scan-1141 get_device_data       : No context for object [ffff88040d827640]
[   30.515314]     utils-0051 util_eval_error       : Evaluate [\_SB_.PCI0.SBAZ._STA]: AE_NOT_FOUND
[   30.515558] device: 'device:24': device_add
[   30.515621] bus: 'acpi': add device device:24
[   30.515696]     utils-0051 util_eval_error       : Evaluate [\_SB_.PCI0.SBAZ._SUN]: AE_NOT_FOUND
[   30.516706]      scan-1933 add_single_object     : Added device:24 [\_SB_.PCI0.SBAZ] parent PNP0A08:00
[   30.516706]      scan-1141 get_device_data       : No context for object [ffff88040d827668]
[   30.516706]      scan-1141 get_device_data       : No context for object [ffff88040d827690]
[   30.516706]      scan-1141 get_device_data       : No context for object [ffff88040d8276b8]
[   30.516706]     utils-0051 util_eval_error       : Evaluate [\_SB_.PCI0.GEC_._STA]: AE_NOT_FOUND
[   30.516971] device: 'device:25': device_add
[   30.517033] bus: 'acpi': add device device:25
[   30.517101]     utils-0051 util_eval_error       : Evaluate [\_SB_.PCI0.GEC_._SUN]: AE_NOT_FOUND
[   30.518322]      scan-1933 add_single_object     : Added device:25 [\_SB_.PCI0.GEC_] parent PNP0A08:00
[   30.518520]      scan-1141 get_device_data       : No context for object [ffff88040d8276e0]
[   30.518717]      scan-1141 get_device_data       : No context for object [ffff88040d827708]
[   30.518914]      scan-1141 get_device_data       : No context for object [ffff88040d827730]
[   30.519113]      scan-1141 get_device_data       : No context for object [ffff88040d827758]
[   30.519311]      scan-1141 get_device_data       : No context for object [ffff88040d827780]
