[    0.000000] Initializing cgroup subsys cpuset
[    0.000000] Initializing cgroup subsys cpu
[    0.000000] Initializing cgroup subsys cpuacct
[    0.000000] Linux version 3.17.0-rc2-g81bbadc (emacs@manji) (gcc version 4.9.1 (GCC) ) #60 SMP Sun Aug 31 21:21:25 CEST 2014
[    0.000000] Command line: BOOT_IMAGE=/vmlinuz-linux-git root=UUID=bfa4ab6e-19a3-4601-ba2b-267c55841c73 rw cryptdevice=/dev/disk/by-uuid/70c08890-417a-497d-b6ab-c0d0357a63e2:cryptManjaro:allow-discards ipv6.disable=1 pnp.debug=1 loglevel=9 log_buf_len=10M printk.always_kmsg_dump=y printk.time=y mminit_loglevel=0 memory_corruption_check=1 acpi.debug_layer=0xfbff0000 acpi.debug_level=0xFFFFFFFD pnp.debug=1 nohz=on rcu_nocbs=1-3 pcie_aspm=force fbcon=scrollback:4096k fbcon=font:ProFont6x11 radeon.audio=0 radeon.lockup_timeout=0 radeon.test=0 radeon.agpmode=-1 radeon.benchmark=0 radeon.tv=0 radeon.hard_reset=1 radeon.aspm=1 radeon.dpm=1 radeon.msi=1 radeon.pcie_gen2=-1 radeon.no_wb=1 radeon.modeset=1 radeon.dynclks=1 radeon.r4xx_atom=0 radeon.runpm=0 radeonfb radeon.fastfb=1 nomodeset
[    0.000000] KERNEL supported cpus:
[    0.000000]   AMD AuthenticAMD
[    0.000000] tseg: 00bfe00000
[    0.000000] e820: BIOS-provided physical RAM map:
[    0.000000] BIOS-e820: [mem 0x0000000000000000-0x000000000009d7ff] usable
[    0.000000] BIOS-e820: [mem 0x000000000009d800-0x000000000009ffff] reserved
[    0.000000] BIOS-e820: [mem 0x00000000000e0000-0x00000000000fffff] reserved
[    0.000000] BIOS-e820: [mem 0x0000000000100000-0x00000000bed9afff] usable
[    0.000000] BIOS-e820: [mem 0x00000000bed9b000-0x00000000bf39afff] reserved
[    0.000000] BIOS-e820: [mem 0x00000000bf39b000-0x00000000bf49afff] ACPI NVS
[    0.000000] BIOS-e820: [mem 0x00000000bf49b000-0x00000000bf51afff] ACPI data
[    0.000000] BIOS-e820: [mem 0x00000000bf51b000-0x00000000bfdfffff] usable
[    0.000000] BIOS-e820: [mem 0x00000000bfe00000-0x00000000bfffffff] reserved
[    0.000000] BIOS-e820: [mem 0x00000000fec00000-0x00000000fecfffff] reserved
[    0.000000] BIOS-e820: [mem 0x00000000fed80000-0x00000000fed80fff] reserved
[    0.000000] BIOS-e820: [mem 0x00000000ffe00000-0x00000000ffffffff] reserved
[    0.000000] BIOS-e820: [mem 0x0000000100000000-0x000000041effffff] usable
[    0.000000] NX (Execute Disable) protection: active
[    0.000000] SMBIOS 2.6 present.
[    0.000000] DMI: LENOVO Sabine/Torpedo, BIOS 54CN18WW 07/20/2011
[    0.000000] e820: update [mem 0x00000000-0x00000fff] usable ==> reserved
[    0.000000] e820: remove [mem 0x000a0000-0x000fffff] usable
[    0.000000] e820: last_pfn = 0x41f000 max_arch_pfn = 0x400000000
[    0.000000] MTRR default type: uncachable
[    0.000000] MTRR fixed ranges enabled:
[    0.000000]   00000-9FFFF write-back
[    0.000000]   A0000-BFFFF uncachable
[    0.000000]   C0000-FFFFF write-protect
[    0.000000] MTRR variable ranges enabled:
[    0.000000]   0 base 0000000000 mask FF80000000 write-back
[    0.000000]   1 base 0080000000 mask FFC0000000 write-back
[    0.000000]   2 base 00FFF90000 mask FFFFFF0000 uncachable
[    0.000000]   3 base 00FED80000 mask 0FFFFFF000 uncachable
[    0.000000]   4 disabled
[    0.000000]   5 disabled
[    0.000000]   6 disabled
[    0.000000]   7 base 00FFE00000 mask FFFFE00000 write-protect
[    0.000000] TOM2: 000000041f000000 aka 16880M
[    0.000000] mtrr: your BIOS has configured an incorrect mask, fixing it.
[    0.000000] e820: last_pfn = 0xbfe00 max_arch_pfn = 0x400000000
[    0.000000] found SMP MP-table at [mem 0x000fa8b0-0x000fa8bf] mapped at [ffff8800000fa8b0]
[    0.000000] Base memory trampoline at [ffff880000097000] 97000 size 24576
[    0.000000] Using GB pages for direct mapping
[    0.000000] init_memory_mapping: [mem 0x00000000-0x000fffff]
[    0.000000]  [mem 0x00000000-0x000fffff] page 4k
[    0.000000] BRK [0x01e17000, 0x01e17fff] PGTABLE
[    0.000000] BRK [0x01e18000, 0x01e18fff] PGTABLE
[    0.000000] BRK [0x01e19000, 0x01e19fff] PGTABLE
[    0.000000] init_memory_mapping: [mem 0x41ee00000-0x41effffff]
[    0.000000]  [mem 0x41ee00000-0x41effffff] page 2M
[    0.000000] BRK [0x01e1a000, 0x01e1afff] PGTABLE
[    0.000000] init_memory_mapping: [mem 0x41c000000-0x41edfffff]
[    0.000000]  [mem 0x41c000000-0x41edfffff] page 2M
[    0.000000] init_memory_mapping: [mem 0x400000000-0x41bffffff]
[    0.000000]  [mem 0x400000000-0x41bffffff] page 2M
[    0.000000] init_memory_mapping: [mem 0x00100000-0xbed9afff]
[    0.000000]  [mem 0x00100000-0x001fffff] page 4k
[    0.000000]  [mem 0x00200000-0x3fffffff] page 2M
[    0.000000]  [mem 0x40000000-0x7fffffff] page 1G
[    0.000000]  [mem 0x80000000-0xbebfffff] page 2M
[    0.000000]  [mem 0xbec00000-0xbed9afff] page 4k
[    0.000000] init_memory_mapping: [mem 0xbf51b000-0xbfdfffff]
[    0.000000]  [mem 0xbf51b000-0xbf5fffff] page 4k
[    0.000000]  [mem 0xbf600000-0xbfdfffff] page 2M
[    0.000000] BRK [0x01e1b000, 0x01e1bfff] PGTABLE
[    0.000000] init_memory_mapping: [mem 0x100000000-0x3ffffffff]
[    0.000000]  [mem 0x100000000-0x3ffffffff] page 1G
[    0.000000] log_buf_len: 16777216 bytes
[    0.000000] early log buf free: 2092044(99%)
[    0.000000] RAMDISK: [mem 0x3782c000-0x37c0dfff]
[    0.000000] ACPI: Early table checksum verification disabled
[    0.000000] ACPI: RSDP 0x00000000000F0110 000024 (v02 LENOVO)
[    0.000000] ACPI: XSDT 0x00000000BF51A120 000074 (v01 LENOVO CB-01    00000001 LENO 00000001)
[    0.000000] ACPI: FACP 0x00000000BF508000 0000F4 (v04 LENOVO CB-01    00000001 PTL  00000001)
[    0.000000] ACPI: DSDT 0x00000000BF50A000 00FD10 (v01 LENOVO CB-01    00001000 LENO 00000001)
[    0.000000] ACPI: FACS 0x00000000BF478000 000040
[    0.000000] ACPI: HPET 0x00000000BF507000 000038 (v01 LENOVO CB-01    00000001 PTL  00000001)
[    0.000000] ACPI: APIC 0x00000000BF506000 00007A (v02 LENOVO CB-01    00000001 PTL  00000001)
[    0.000000] ACPI: MCFG 0x00000000BF505000 00003C (v01 LENOVO CB-01    00000001 PTL  00000001)
[    0.000000] ACPI: SLIC 0x00000000BF504000 000176 (v01 LENOVO CB-01    00000001 LENO 00000001)
[    0.000000] ACPI: UEFI 0x00000000BF503000 00003E (v01 LENOVO CB-01    00000001 PTL  00000001)
[    0.000000] ACPI: UEFI 0x00000000BF502000 000042 (v01 PTL    COMBUF   00000001 PTL  00000001)
[    0.000000] ACPI: SSDT 0x00000000BF501000 000E34 (v01 AMD    POWERNOW 00000001 AMD  00000001)
[    0.000000] ACPI: SSDT 0x00000000BF4FF000 00193D (v02 AMD    ALIB     00000001 MSFT 04000000)
[    0.000000] ACPI: UEFI 0x00000000BF4FE000 00021A (v01 LENOVO CB-01    00000001 PTL  00000001)
[    0.000000] ACPI: Local APIC address 0xfee00000
[    0.000000] No NUMA configuration found
[    0.000000] Faking a node at [mem 0x0000000000000000-0x000000041effffff]
[    0.000000] Initmem setup node 0 [mem 0x00000000-0x41effffff]
[    0.000000]   NODE_DATA [mem 0x41dffa000-0x41dffdfff]
[    0.000000]  [ffffea0000000000-ffffea00107fffff] PMD -> [ffff88040de00000-ffff88041d5fffff] on node 0
[    0.000000] Zone ranges:
[    0.000000]   DMA      [mem 0x00001000-0x00ffffff]
[    0.000000]   DMA32    [mem 0x01000000-0xffffffff]
[    0.000000]   Normal   [mem 0x100000000-0x41effffff]
[    0.000000] Movable zone start for each node
[    0.000000] Early memory node ranges
[    0.000000]   node   0: [mem 0x00001000-0x0009cfff]
[    0.000000]   node   0: [mem 0x00100000-0xbed9afff]
[    0.000000]   node   0: [mem 0xbf51b000-0xbfdfffff]
[    0.000000]   node   0: [mem 0x100000000-0x41effffff]
[    0.000000] On node 0 totalpages: 4056604
[    0.000000]   DMA zone: 64 pages used for memmap
[    0.000000]   DMA zone: 21 pages reserved
[    0.000000]   DMA zone: 3996 pages, LIFO batch:0
[    0.000000]   DMA32 zone: 12186 pages used for memmap
[    0.000000]   DMA32 zone: 779904 pages, LIFO batch:31
[    0.000000]   Normal zone: 51136 pages used for memmap
[    0.000000]   Normal zone: 3272704 pages, LIFO batch:31
[    0.000000] ACPI: PM-Timer IO Port: 0x808
[    0.000000] ACPI: Local APIC address 0xfee00000
[    0.000000] ACPI: LAPIC (acpi_id[0x00] lapic_id[0x00] enabled)
[    0.000000] ACPI: LAPIC (acpi_id[0x01] lapic_id[0x01] enabled)
[    0.000000] ACPI: LAPIC (acpi_id[0x02] lapic_id[0x02] enabled)
[    0.000000] ACPI: LAPIC (acpi_id[0x03] lapic_id[0x03] enabled)
[    0.000000] ACPI: LAPIC_NMI (acpi_id[0x00] high edge lint[0x1])
[    0.000000] ACPI: LAPIC_NMI (acpi_id[0x01] high edge lint[0x1])
[    0.000000] ACPI: LAPIC_NMI (acpi_id[0x02] high edge lint[0x1])
[    0.000000] ACPI: LAPIC_NMI (acpi_id[0x03] high edge lint[0x1])
[    0.000000] ACPI: IOAPIC (id[0x02] address[0xfec00000] gsi_base[0])
[    0.000000] IOAPIC[0]: apic_id 2, version 33, address 0xfec00000, GSI 0-23
[    0.000000] ACPI: INT_SRC_OVR (bus 0 bus_irq 0 global_irq 2 dfl dfl)
[    0.000000] ACPI: IRQ0 used by override.
[    0.000000] ACPI: IRQ9 used by override.
[    0.000000] Using ACPI (MADT) for SMP configuration information
[    0.000000] ACPI: HPET id: 0x43538210 base: 0xfed00000
[    0.000000] smpboot: Allowing 4 CPUs, 0 hotplug CPUs
[    0.000000] e820: [mem 0xc0000000-0xfebfffff] available for PCI devices
[    0.000000] setup_percpu: NR_CPUS:64 nr_cpumask_bits:64 nr_cpu_ids:4 nr_node_ids:1
[    0.000000] PERCPU: Embedded 27 pages/cpu @ffff88041dc00000 s80256 r8192 d22144 u524288
[    0.000000] pcpu-alloc: s80256 r8192 d22144 u524288 alloc=1*2097152
[    0.000000] pcpu-alloc: [0] 0 1 2 3 
[    0.000000] Built 1 zonelists in Zone order, mobility grouping on.  Total pages: 3993197
[    0.000000] Policy zone: Normal
[    0.000000] Kernel command line: BOOT_IMAGE=/vmlinuz-linux-git root=UUID=bfa4ab6e-19a3-4601-ba2b-267c55841c73 rw cryptdevice=/dev/disk/by-uuid/70c08890-417a-497d-b6ab-c0d0357a63e2:cryptManjaro:allow-discards ipv6.disable=1 pnp.debug=1 loglevel=9 log_buf_len=10M printk.always_kmsg_dump=y printk.time=y mminit_loglevel=0 memory_corruption_check=1 acpi.debug_layer=0xfbff0000 acpi.debug_level=0xFFFFFFFD pnp.debug=1 nohz=on rcu_nocbs=1-3 pcie_aspm=force fbcon=scrollback:4096k fbcon=font:ProFont6x11 radeon.audio=0 radeon.lockup_timeout=0 radeon.test=0 radeon.agpmode=-1 radeon.benchmark=0 radeon.tv=0 radeon.hard_reset=1 radeon.aspm=1 radeon.dpm=1 radeon.msi=1 radeon.pcie_gen2=-1 radeon.no_wb=1 radeon.modeset=1 radeon.dynclks=1 radeon.r4xx_atom=0 radeon.runpm=0 radeonfb radeon.fastfb=1 nomodeset
[    0.000000] PCIe ASPM is forcibly enabled
[    0.000000] PID hash table entries: 4096 (order: 3, 32768 bytes)
[    0.000000] Memory: 15870900K/16226416K available (5251K kernel code, 721K rwdata, 2208K rodata, 848K init, 2588K bss, 355516K reserved)
[    0.000000] SLUB: HWalign=64, Order=0-3, MinObjects=0, CPUs=4, Nodes=1
[    0.000000] Hierarchical RCU implementation.
[    0.000000] 	RCU dyntick-idle grace-period acceleration is enabled.
[    0.000000] 	Additional per-CPU info printed with stalls.
[    0.000000] 	RCU restricting CPUs from NR_CPUS=64 to nr_cpu_ids=4.
[    0.000000] 	Offload RCU callbacks from all CPUs
[    0.000000] 	Offload RCU callbacks from CPUs: 0-3.
[    0.000000] RCU: Adjusting geometry for rcu_fanout_leaf=16, nr_cpu_ids=4
[    0.000000] NR_IRQS:4352 nr_irqs:456 0
[    0.000000] spurious 8259A interrupt: IRQ7.
[    0.000000] vgacon: allocated 4194304 bytes of memory for scrollback. CONFIG_VGACON_SOFT_SCROLLBACK_SIZE=4096
[    0.000000] Console: colour VGA+ 80x25
[    0.000000] console [tty0] enabled
[    0.000000] allocated 65011712 bytes of page_cgroup
[    0.000000] please try 'cgroup_disable=memory' option if you don't want memory cgroups
[    0.000000] hpet clockevent registered
[    0.000000] tsc: Fast TSC calibration using PIT
[    0.000000] tsc: Detected 1397.547 MHz processor
[    0.000040] Calibrating delay loop (skipped), value calculated using timer frequency.. 2796.55 BogoMIPS (lpj=4658490)
[    0.000167] pid_max: default: 32768 minimum: 301
[    0.000235] ACPI: Core revision 20140724
[    0.016217] ACPI: All ACPI Tables successfully acquired
[    0.017728] Security Framework initialized
[    0.018817] Dentry cache hash table entries: 2097152 (order: 12, 16777216 bytes)
[    0.023571] Inode-cache hash table entries: 1048576 (order: 11, 8388608 bytes)
[    0.025841] Mount-cache hash table entries: 32768 (order: 6, 262144 bytes)
[    0.025925] Mountpoint-cache hash table entries: 32768 (order: 6, 262144 bytes)
[    0.026395] Initializing cgroup subsys memory
[    0.026517] Initializing cgroup subsys devices
[    0.026581] Initializing cgroup subsys freezer
[    0.026645] Initializing cgroup subsys net_cls
[    0.026706] Initializing cgroup subsys blkio
[    0.026788] CPU: Physical Processor ID: 0
[    0.026848] CPU: Processor Core ID: 0
[    0.026910] mce: CPU supports 6 MCE banks
[    0.026978] Last level iTLB entries: 4KB 512, 2MB 16, 4MB 8
Last level dTLB entries: 4KB 1024, 2MB 128, 4MB 64, 1GB 0
[    0.027225] Freeing SMP alternatives memory: 20K (ffffffff81b8a000 - ffffffff81b8f000)
[    0.027875] ..TIMER: vector=0x30 apic1=0 pin1=2 apic2=-1 pin2=-1
[    0.060953] smpboot: CPU0: AMD A6-3400M APU with Radeon(tm) HD Graphics (fam: 12, model: 01, stepping: 00)
[    0.166525] Performance Events: AMD PMU driver.
[    0.166624] ... version:                0
[    0.166685] ... bit width:              48
[    0.166747] ... generic registers:      4
[    0.166809] ... value mask:             0000ffffffffffff
[    0.166871] ... max period:             00007fffffffffff
[    0.166933] ... fixed-purpose events:   0
[    0.166994] ... event mask:             000000000000000f
[    0.167384] MCE: In-kernel MCE decoding enabled.
[    0.167535] trying cpu_up:
[    0.167638] NMI watchdog: enabled on all CPUs, permanently consumes one hw-PMU counter.
[    0.167914] smpboot: ++++++++++++++++++++=_---CPU UP  1
[    0.167983] x86: Booting SMP configuration:
[    0.168045] .... node  #0, CPUs:      #1
[    0.168150] smpboot: Setting warm reset code and vector.
[    0.168270] smpboot: 1.
[    0.168331] smpboot: 2.
[    0.168391] smpboot: 3.
[    0.168452] smpboot: Asserting INIT
[    0.168513] smpboot: Waiting for INIT send to finish...
[    0.178580] smpboot: status for above ^ is: 0
[    0.178687] smpboot: Deasserting INIT
[    0.178747] smpboot: Waiting for above send to finish...
[    0.178808] smpboot: #startup loops: 2
[    0.178868] smpboot: Sending STARTUP #1
[    0.178929] smpboot: After apic_write
[    0.085001] smpboot: CPU#1 (phys ID: 1) waiting for CALLOUT
[    0.179289] smpboot: Startup point 1
[    0.179456] smpboot: Waiting for send to finish...
[    0.179716] smpboot: Sending STARTUP #2
[    0.179822] smpboot: After apic_write
[    0.180184] smpboot: Startup point 1
[    0.180290] smpboot: Waiting for send to finish...
[    0.180552] smpboot: After Startup
[    0.180659] smpboot: waiting 3 sec
[    2.082996] Kernel panic - not syncing: smp_callin: CPU1 started up but did not get a callout!

[    2.082999] CPU: 1 PID: 0 Comm: swapper/1 Tainted: G          I    3.17.0-rc2-g81bbadc #60
[    2.083000] Hardware name: LENOVO Sabine/Torpedo, BIOS 54CN18WW 07/20/2011
[    2.083003]  ffff880407807f40 ffff880407807eb0 ffffffff81515fb1 ffffffff8176c010
[    2.083005]  ffff880407807f30 ffffffff815149c7 0000000000000018 ffff880407807f40
[    2.083006]  ffff880407807ed8 ffffffff81514c15 ffffffff8160378a 0000000000000001
[    2.083007] Call Trace:
[    2.083014]  [<ffffffff81515fb1>] dump_stack+0x45/0x56
[    2.083016]  [<ffffffff815149c7>] panic+0xbb/0x1d2
[    2.083018]  [<ffffffff81514c15>] ? printk+0x4a/0x52
[    2.083022]  [<ffffffff81023ae3>] start_secondary+0x1e3/0x200
[    2.083036] ---[ end Kernel panic - not syncing: smp_callin: CPU1 started up but did not get a callout!

[    2.083088] do_IRQ: 1.55 No irq handler for vector (irq -1)
[    3.185850] smpboot: done waiting
[    3.186121] smpboot: Before Callout 1
[    3.186184] smpboot: After Callout 1
[    3.186248] smpboot: start waiting 5sec for response
[    8.202392] smpboot: done waiting 5sec for response
[    8.202536] smpboot: cpumask_test_cpu result: 0
[    8.202599] smpboot: cpu_callin_mask: 0000000000000001
[    8.202694] smpboot: cpu_callout_mask: 0000000000000003
[    8.202756] smpboot: CPU1: Stuck ??
[    8.202877] smpboot: do_boot_cpu failed(1) to wakeup CPU#1
[    8.202945] doing it one more time: cpu_up !!!!!!!!!!!!
[    8.202986] smpboot: ++++++++++++++++++++=_---CPU UP  1
[    8.203106] x86: Booting SMP configuration:
[    8.203168]     #1
[    8.203238] smpboot: Setting warm reset code and vector.
[    8.203362] smpboot: 1.
[    8.203424] smpboot: 2.
[    8.203486] smpboot: 3.
[    8.203549] smpboot: Asserting INIT
[    8.203613] smpboot: Waiting for INIT send to finish...
[    8.213683] smpboot: status for above ^ is: 0
[    8.213790] smpboot: Deasserting INIT
[    8.213852] smpboot: Waiting for above send to finish...
[    8.213915] smpboot: #startup loops: 2
[    8.213976] smpboot: Sending STARTUP #1
[    8.214039] smpboot: After apic_write
[    8.120101] smpboot: CPU#1 (phys ID: 1) waiting for CALLOUT
[    8.214398] smpboot: Startup point 1
[    8.214565] smpboot: Waiting for send to finish...
[    8.214826] smpboot: Sending STARTUP #2
[    8.214936] smpboot: After apic_write
[    8.215299] smpboot: Startup point 1
[    8.215405] smpboot: Waiting for send to finish...
[    8.215669] smpboot: After Startup
[    8.215778] smpboot: waiting 3 sec
[   11.221092] smpboot: done waiting
[   11.221202] smpboot: Before Callout 1
[   11.221265] smpboot: After Callout 1
[   11.221330] smpboot: start waiting 5sec for response
[   16.238404] smpboot: done waiting 5sec for response
[   16.238548] smpboot: cpumask_test_cpu result: 0
[   16.238610] smpboot: cpu_callin_mask: 0000000000000001
[   16.238705] smpboot: cpu_callout_mask: 0000000000000003
[   16.238766] smpboot: CPU1: Stuck ??
[   16.238886] smpboot: do_boot_cpu failed(1) to wakeup CPU#1
[   16.238957] after cpu_up !!!!!!!!!!!!
[   16.238995] trying cpu_up:
[   16.239209] smpboot: ++++++++++++++++++++=_---CPU UP  2
[   16.239348]  #2
[   16.239384] smpboot: Setting warm reset code and vector.
[   16.239504] smpboot: 1.
[   16.239565] smpboot: 2.
[   16.239625] smpboot: 3.
[   16.239687] smpboot: Asserting INIT
[   16.239750] smpboot: Waiting for INIT send to finish...
[   16.249820] smpboot: status for above ^ is: 0
[   16.249930] smpboot: Deasserting INIT
[   16.249993] smpboot: Waiting for above send to finish...
[   16.250057] smpboot: #startup loops: 2
[   16.250121] smpboot: Sending STARTUP #1
[   16.250184] smpboot: After apic_write
[   16.121928] smpboot: CPU#2 (phys ID: 2) waiting for CALLOUT
[   16.250549] smpboot: Startup point 1
[   16.250723] smpboot: Waiting for send to finish...
[   16.250988] smpboot: Sending STARTUP #2
[   16.251097] smpboot: After apic_write
[   16.251458] smpboot: Startup point 1
[   16.251568] smpboot: Waiting for send to finish...
[   16.251832] smpboot: After Startup
[   16.251939] smpboot: waiting 3 sec
[   19.257578] smpboot: done waiting
[   19.257687] smpboot: Before Callout 2
[   19.257750] smpboot: After Callout 2
[   19.257813] smpboot: start waiting 5sec for response
[   24.276669] smpboot: done waiting 5sec for response
[   24.276810] smpboot: cpumask_test_cpu result: 0
[   24.276873] smpboot: cpu_callin_mask: 0000000000000001
[   24.276970] smpboot: cpu_callout_mask: 0000000000000005
[   24.277033] smpboot: CPU2: Stuck ??
[   24.277156] smpboot: do_boot_cpu failed(1) to wakeup CPU#2
[   24.277227] doing it one more time: cpu_up !!!!!!!!!!!!
[   24.277272] smpboot: ++++++++++++++++++++=_---CPU UP  2
[   24.277395]  #2
[   24.277432] smpboot: Setting warm reset code and vector.
[   24.277555] smpboot: 1.
[   24.277617] smpboot: 2.
[   24.277679] smpboot: 3.
[   24.277742] smpboot: Asserting INIT
[   24.277803] smpboot: Waiting for INIT send to finish...
[   24.287870] smpboot: status for above ^ is: 0
[   24.287934] smpboot: Deasserting INIT
[   24.287997] smpboot: Waiting for above send to finish...
[   24.288061] smpboot: #startup loops: 2
[   24.288125] smpboot: Sending STARTUP #1
[   24.288186] smpboot: After apic_write
[   24.159941] smpboot: CPU#2 (phys ID: 2) waiting for CALLOUT
[   24.288548] smpboot: Startup point 1
[   24.288721] smpboot: Waiting for send to finish...
[   24.288986] smpboot: Sending STARTUP #2
[   24.289095] smpboot: After apic_write
[   24.289459] smpboot: Startup point 1
[   24.289568] smpboot: Waiting for send to finish...
[   24.289832] smpboot: After Startup
[   24.289903] smpboot: waiting 3 sec
[   27.295652] smpboot: done waiting
[   27.295761] smpboot: Before Callout 2
[   27.295824] smpboot: After Callout 2
[   27.295887] smpboot: start waiting 5sec for response
[   32.314732] smpboot: done waiting 5sec for response
[   32.314875] smpboot: cpumask_test_cpu result: 0
[   32.314935] smpboot: cpu_callin_mask: 0000000000000001
[   32.316130] smpboot: cpu_callout_mask: 0000000000000005
[   32.316194] smpboot: CPU2: Stuck ??
[   32.316317] smpboot: do_boot_cpu failed(1) to wakeup CPU#2
[   32.316386] after cpu_up !!!!!!!!!!!!
[   32.316424] trying cpu_up:
[   32.316630] smpboot: ++++++++++++++++++++=_---CPU UP  3
[   32.316768]  #3
[   32.316805] smpboot: Setting warm reset code and vector.
[   32.316930] smpboot: 1.
[   32.316992] smpboot: 2.
[   32.317054] smpboot: 3.
[   32.317116] smpboot: Asserting INIT
[   32.317179] smpboot: Waiting for INIT send to finish...
[   32.327247] smpboot: status for above ^ is: 0
[   32.327357] smpboot: Deasserting INIT
[   32.327420] smpboot: Waiting for above send to finish...
[   32.327484] smpboot: #startup loops: 2
[   32.327545] smpboot: Sending STARTUP #1
[   32.327606] smpboot: After apic_write
[   32.165262] smpboot: CPU#3 (phys ID: 3) waiting for CALLOUT
[   32.327968] smpboot: Startup point 1
[   32.328141] smpboot: Waiting for send to finish...
[   32.328406] smpboot: Sending STARTUP #2
[   32.328516] smpboot: After apic_write
[   32.328880] smpboot: Startup point 1
[   32.328991] smpboot: Waiting for send to finish...
[   32.329256] smpboot: After Startup
[   32.329366] smpboot: waiting 3 sec
[   35.335071] smpboot: done waiting
[   35.335180] smpboot: Before Callout 3
[   35.335243] smpboot: After Callout 3
[   35.335306] smpboot: start waiting 5sec for response
[   40.355008] smpboot: done waiting 5sec for response
[   40.355151] smpboot: cpumask_test_cpu result: 0
[   40.355214] smpboot: cpu_callin_mask: 0000000000000001
[   40.355312] smpboot: cpu_callout_mask: 0000000000000009
[   40.355376] smpboot: CPU3: Stuck ??
[   40.355500] smpboot: do_boot_cpu failed(1) to wakeup CPU#3
[   40.355570] doing it one more time: cpu_up !!!!!!!!!!!!
[   40.355616] smpboot: ++++++++++++++++++++=_---CPU UP  3
[   40.355739]  #3
[   40.355776] smpboot: Setting warm reset code and vector.
[   40.355900] smpboot: 1.
[   40.355963] smpboot: 2.
[   40.356025] smpboot: 3.
[   40.356087] smpboot: Asserting INIT
[   40.356150] smpboot: Waiting for INIT send to finish...
[   40.366221] smpboot: status for above ^ is: 0
[   40.366283] smpboot: Deasserting INIT
[   40.366345] smpboot: Waiting for above send to finish...
[   40.366408] smpboot: #startup loops: 2
[   40.366469] smpboot: Sending STARTUP #1
[   40.366532] smpboot: After apic_write
[   40.204168] smpboot: CPU#3 (phys ID: 3) waiting for CALLOUT
[   40.366894] smpboot: Startup point 1
[   40.367066] smpboot: Waiting for send to finish...
[   40.367330] smpboot: Sending STARTUP #2
[   40.367438] smpboot: After apic_write
[   40.367800] smpboot: Startup point 1
[   40.367909] smpboot: Waiting for send to finish...
[   40.368172] smpboot: After Startup
[   40.368233] smpboot: waiting 3 sec
[   43.374144] smpboot: done waiting
[   43.374207] smpboot: Before Callout 3
[   43.374270] smpboot: After Callout 3
[   43.374333] smpboot: start waiting 5sec for response
[   48.394026] smpboot: done waiting 5sec for response
[   48.394169] smpboot: cpumask_test_cpu result: 0
[   48.394232] smpboot: cpu_callin_mask: 0000000000000001
[   48.394330] smpboot: cpu_callout_mask: 0000000000000009
[   48.394393] smpboot: CPU3: Stuck ??
[   48.394516] smpboot: do_boot_cpu failed(1) to wakeup CPU#3
[   48.394585] after cpu_up !!!!!!!!!!!!
[   48.394623] x86: Booted up 1 node, 1 CPUs
[   48.394744] smpboot: Boot done
[   48.394807] smpboot: Before bogomips
[   48.394871] smpboot: Total of 1 processors activated (2796.55 BogoMIPS)
[   48.394936] smpboot: Before bogocount - setting activated=1
[   48.395609] devtmpfs: initialized
[   48.395751] device: 'platform': device_add
[   48.395845] bus: 'platform': registered
[   48.395921] bus: 'cpu': registered
[   48.395987] device: 'cpu': device_add
[   48.396076] bus: 'container': registered
[   48.396141] device: 'container': device_add
[   48.397003] bus: 'workqueue': registered
[   48.397115] device: 'workqueue': device_add
[   48.397381] atomic64_test: passed for x86-64 platform with CX8 and with SSE
[   48.397498] device class 'regulator': registering
[   48.397586] Registering platform device 'reg-dummy'. Parent at platform
[   48.397652] device: 'reg-dummy': device_add
[   48.397719] bus: 'platform': add device reg-dummy
[   48.397805] bus: 'platform': add driver reg-dummy
[   48.397873] bus: 'platform': driver_probe_device: matched device reg-dummy with driver reg-dummy
[   48.397985] bus: 'platform': really_probe: probing driver reg-dummy with device reg-dummy
[   48.398130] device: 'regulator.0': device_add
[   48.398218] regulator-dummy: no parameters
[   48.398294] driver: 'reg-dummy': driver_bound: bound to device 'reg-dummy'
[   48.398361] bus: 'platform': really_probe: bound device reg-dummy to driver reg-dummy
[   48.398626] NET: Registered protocol family 16
[   48.398971] device class 'bdi': registering
[   48.399100] bus: 'platform': add driver ramoops
[   48.399182] device class 'pci_bus': registering
[   48.399268] bus: 'pci': registered
[   48.399335] device class 'backlight': registering
[   48.399407] device class 'tty': registering
[   48.399480] device class 'vtconsole': registering
[   48.399549] device: 'vtcon0': device_add
[   48.399647] bus: 'node': registered
[   48.399711] device: 'node': device_add
[   48.399804] bus: 'i2c': registered
[   48.399869] bus: 'i2c': add driver dummy
[   48.399940] i2c-core: driver [dummy] registered
[   48.400007] cpuidle: using governor ladder
[   48.400072] cpuidle: using governor menu
[   48.400565] ACPI FADT declares the system doesn't support PCIe ASPM, so disable it
[   48.400749] ACPI: bus type PCI registered
[   48.400812] acpiphp: ACPI Hot Plug PCI Controller Driver version: 0.5
[   48.400879] device class 'dmi': registering
[   48.400949] device: 'id': device_add
[   48.401113] PCI: MMCONFIG for domain 0000 [bus 00-3f] at [mem 0xf8000000-0xfbffffff] (base 0xf8000000)
[   48.401252] PCI: not using MMCONFIG
[   48.401314] PCI: Using configuration type 1 for base access
[   48.401378] PCI: Using configuration type 1 for extended access
[   48.401742] device: 'node0': device_add
[   48.401837] bus: 'node': add device node0
[   48.401924] device: 'cpu0': device_add
[   48.401990] bus: 'cpu': add device cpu0
[   48.402092] device: 'cpu1': device_add
[   48.402205] bus: 'cpu': add device cpu1
[   48.402302] device: 'cpu2': device_add
[   48.402368] bus: 'cpu': add device cpu2
[   48.402468] device: 'cpu3': device_add
[   48.402582] bus: 'cpu': add device cpu3
[   48.405003] kworker/u8:0 (39) used greatest stack depth: 15104 bytes left
[   48.405227] device: 'writeback': device_add
[   48.405344] bus: 'workqueue': add device writeback
[   48.405443] device: 'default': device_add
[   48.405682] device class 'block': registering
[   48.405903] ACPI: Added _OSI(Module Device)
[   48.405983] ACPI: Added _OSI(Processor Device)
[   48.406048] ACPI: Added _OSI(3.0 _SCP Extensions)
[   48.406112] ACPI: Added _OSI(Processor Aggregator Device)
[   48.408966] 
**** Context Switch from TID 4294967295 to TID 133431296 ****

[   48.409182]     utils-0051 util_eval_error       : Evaluate [\_SB_.PCI0.LPC0.EC0_._GLK]: AE_NOT_FOUND
[   48.409704] Executing  Method       \_SB_.PCI0.LPC0.EC0_._REG
[   48.410481] Executing  Method       \_SB_.PCI0.LPC0.EC0_._REG
[   48.410681] Executing  Method       \_SB_.PCI0.LPC0.EC0_._REG
[   48.410880] Executing  Method       \_SB_.PCI0.LPC0.EC0_._REG
[   48.414072] Initializing Region       \_SB_.OSTY
[   48.414279] Initializing Region       \_SB_.PCI0.NBMS
[   48.414427] Initializing Region       \_SB_.PCI0.NBXP
[   48.414577] Initializing Region       \_SB_.PCI0.K8ST
[   48.414763] Initializing Region       \_SB_.PCI0.BAR1
[   48.414945] Initializing Region       \_SB_.PCI0.PB2_.XPEX
[   48.415092] Initializing Region       \_SB_.PCI0.PB2_.PCFG
[   48.415235] Initializing Region       \_SB_.PCI0.PB2_.XPCB
[   48.415381] Initializing Region       \_SB_.PCI0.PB2_.XPRI
[   48.415533] Initializing Region       \_SB_.PCI0.PB2_.VGA_.PCFG
[   48.415742] Initializing Region       \_SB_.PCI0.PB2_.HDAU.PCFG
[   48.415938] Initializing Region       \_SB_.PCI0.PB3_.XPEX
[   48.416086] Initializing Region       \_SB_.PCI0.PB3_.PCFG
[   48.416233] Initializing Region       \_SB_.PCI0.PB3_.XPCB
[   48.416381] Initializing Region       \_SB_.PCI0.PB3_.XPRI
[   48.416531] Initializing Region       \_SB_.PCI0.PB3_.VGA_.PCFG
[   48.416746] Initializing Region       \_SB_.PCI0.PB3_.HDAU.PCFG
[   48.416942] Initializing Region       \_SB_.PCI0.PB4_.XPEX
[   48.417087] Initializing Region       \_SB_.PCI0.PB4_.PCFG
[   48.417235] Initializing Region       \_SB_.PCI0.PB4_.XPCB
[   48.417383] Initializing Region       \_SB_.PCI0.PB4_.XPRI
[   48.417533] Initializing Region       \_SB_.PCI0.PB4_.XPDV.PCFG
[   48.418712] Initializing Region       \_SB_.PCI0.PB5_.XPEX
[   48.418857] Initializing Region       \_SB_.PCI0.PB5_.PCFG
[   48.419004] Initializing Region       \_SB_.PCI0.PB5_.XPCB
[   48.419151] Initializing Region       \_SB_.PCI0.PB5_.XPRI
[   48.419302] Initializing Region       \_SB_.PCI0.PB5_.XPDV.PCFG
[   48.419462] Initializing Region       \_SB_.PCI0.PB6_.XPEX
[   48.419608] Initializing Region       \_SB_.PCI0.PB6_.PCFG
[   48.419755] Initializing Region       \_SB_.PCI0.PB6_.XPCB
[   48.419903] Initializing Region       \_SB_.PCI0.PB6_.XPRI
[   48.420053] Initializing Region       \_SB_.PCI0.PB6_.XPDV.PCFG
[   48.420218] Initializing Region       \_SB_.PCI0.PB7_.XPEX
[   48.420366] Initializing Region       \_SB_.PCI0.PB7_.PCFG
[   48.420513] Initializing Region       \_SB_.PCI0.PB7_.XPCB
[   48.420654] Initializing Region       \_SB_.PCI0.PB7_.XPRI
[   48.420803] Initializing Region       \_SB_.PCI0.PB7_.XPDV.PCFG
[   48.421222] Initializing Region       \_SB_.PCI0.SATC
[   48.421416] Initializing Region       \_SB_.PCI0.RMEM
[   48.421593] Initializing Region       \_SB_.PCI0.SATA.SATX
[   48.421747] Initializing Region       \_SB_.PCI0.SATA.BAR5
[   48.423134] Initializing Region       \_SB_.PCI0.SMB_.SBRV
[   48.423333] Initializing Region       \_SB_.PCI0.SMB_.PMIO
[   48.423487] Initializing Region       \_SB_.PCI0.SMB_.ERMM
[   48.423766] Initializing Region       \_SB_.PCI0.SMB_.P1E0
[   48.423943] Initializing Region       \_SB_.PCI0.SMB_.ABIO
[   48.424093] Initializing Region       \_SB_.PCI0.SMB_.SMB0
[   48.424246] Initializing Region       \_SB_.PCI0.LPC0.PIRQ
[   48.424449] Initializing Region       \_SB_.PCI0.LPC0.LPCR
[   48.424725] Initializing Region       \_SB_.PCI0.LPC0.LPCS
[   48.424931] Initializing Region       \_SB_.PCI0.LPC0.SMI0
[   48.425080] Initializing Region       \_SB_.PCI0.LPC0.SMI1
[   48.425234] Initializing Region       \_SB_.PCI0.LPC0.EC0_.ECO1
[   48.425383] Initializing Region       \_SB_.PCI0.LPC0.EC0_.ECO2
[   48.425531] Initializing Region       \_SB_.PCI0.LPC0.EC0_.ECMB
[   48.425679] Initializing Region       \_SB_.PCI0.LPC0.EC0_.RAM_
[   48.425937] Initializing Region       \_SB_.PCI0.LPC0.EC0_.CMOS
[   48.426092] Initializing Region       \_SB_.PCI0.LPC0.EC0_.VPC0.ERAM
[   48.426297] Initializing Region       \_SB_.PCI0.SPB0.PCFG
[   48.426493] Initializing Region       \_SB_.PCI0.SPB0.XPCB
[   48.426645] Initializing Region       \_SB_.PCI0.SPB0.XPDV.PCFG
[   48.426812] Initializing Region       \_SB_.PCI0.SPB1.PCFG
[   48.426960] Initializing Region       \_SB_.PCI0.SPB1.XPCB
[   48.427113] Initializing Region       \_SB_.PCI0.SPB1.XPDV.PCFG
[   48.427275] Initializing Region       \_SB_.PCI0.SPB2.PCFG
[   48.427423] Initializing Region       \_SB_.PCI0.SPB2.XPCB
[   48.427575] Initializing Region       \_SB_.PCI0.SPB2.XPDV.PCFG
[   48.427737] Initializing Region       \_SB_.PCI0.SPB3.PCFG
[   48.427886] Initializing Region       \_SB_.PCI0.SPB3.XPCB
[   48.428037] Initializing Region       \_SB_.PCI0.SPB3.XPDV.PCFG
[   48.428359] Initializing Region       \_SB_.PCI0.VGA_.REVD
[   48.428767] Initializing BufferField  \_SB_.AMW0.WLID
[   48.429380] Initializing Region       \DEB2
[   48.429575] Initializing Region       \PMIO
[   48.429722] Initializing Region       \P01_
[   48.429896] Initializing Region       \CNVS
[   48.430088] Initializing Region       \SPRT
[   48.430256] Initializing Region       \CMIO
[   48.430557] Executing  Method       \_SB_._STA
[   48.430774] Executing  Method       \_SB_._INI
[   48.430944] Executing  Method       \_SB_.PCI0._STA
[   48.431114] Executing  Method       \_SB_.PCI0._INI
[   48.431458] [Firmware Bug]: ACPI: BIOS _OSI(Linux) query ignored
[   48.431949] Executing  Method       \_SB_.PCI0.SATA._STA
[   48.432168] Executing  Method       \_SB_.PCI0.SATA._INI
[   48.433111] Executing  Method       \_SB_.PCI0.LPC0.EC0_._REG
[   48.433962] kworker/u8:0 (65) used greatest stack depth: 14464 bytes left
[   48.434103] kworker/u8:0 (66) used greatest stack depth: 14176 bytes left
[   48.463808] ACPI: Interpreter enabled
[   48.463893] ACPI: (supports S0 S5)
[   48.463959] ACPI: Using IOAPIC for interrupt routing
[   48.464385] PCI: MMCONFIG for domain 0000 [bus 00-3f] at [mem 0xf8000000-0xfbffffff] (base 0xf8000000)
[   48.465255] PCI: MMCONFIG at [mem 0xf8000000-0xfbffffff] reserved in ACPI motherboard resources
[   48.465601] bus: 'acpi': registered
[   48.465716] PCI: Using host bridge windows from ACPI; if necessary, use "pci=nocrs" and report a bug
[   48.465839]      scan-1141 get_device_data       : No context for object [ffffffffffffffff]
[   48.466056]     utils-0051 util_eval_error       : Evaluate [\._STA]: AE_NOT_FOUND
[   48.466285] device: 'LNXSYSTM:00': device_add
[   48.466353] bus: 'acpi': add device LNXSYSTM:00
[   48.466439]     utils-0051 util_eval_error       : Evaluate [\._SUN]: AE_NOT_FOUND
[   48.466656]      scan-1933 add_single_object     : Added LNXSYSTM:00 [\] parent (null)
[   48.466858]      scan-1141 get_device_data       : No context for object [ffff88040d81d000]
[   48.467065]      scan-1141 get_device_data       : No context for object [ffff88040d8377d0]
[   48.467274]      scan-1141 get_device_data       : No context for object [ffff88040d8377f8]
[   48.467476]      scan-1141 get_device_data       : No context for object [ffff88040d837820]
[   48.467682]      scan-1141 get_device_data       : No context for object [ffff88040d837848]
[   48.467867]      scan-1141 get_device_data       : No context for object [ffff88040d837870]
[   48.468074]      scan-1141 get_device_data       : No context for object [ffff88040d837898]
[   48.468280]      scan-1141 get_device_data       : No context for object [ffff88040d8378c0]
[   48.468475]      scan-1141 get_device_data       : No context for object [ffff88040d8378e8]
[   48.468670]      scan-1141 get_device_data       : No context for object [ffff88040d839398]
[   48.468847]      scan-1141 get_device_data       : No context for object [ffff88040d81d028]
[   48.469041]      scan-1141 get_device_data       : No context for object [ffff88040d81d168]
[   48.469237]     utils-0051 util_eval_error       : Evaluate [\_PR_.C000._STA]: AE_NOT_FOUND
[   48.469432]      scan-1141 get_device_data       : No context for object [ffff88040d81d028]
[   48.469638] device: 'LNXCPU:00': device_add
[   48.469700] bus: 'acpi': add device LNXCPU:00
[   48.469779]     utils-0051 util_eval_error       : Evaluate [\_PR_.C000._SUN]: AE_NOT_FOUND
[   48.469962]      scan-1933 add_single_object     : Added LNXCPU:00 [\_PR_.C000] parent LNXSYSTM:00
[   48.470165]      scan-1141 get_device_data       : No context for object [ffff88040d83c398]
[   48.470359]      scan-1141 get_device_data       : No context for object [ffff88040d83c3c0]
[   48.470556]      scan-1141 get_device_data       : No context for object [ffff88040d83c3e8]
[   48.470753]      scan-1141 get_device_data       : No context for object [ffff88040d83c410]
[   48.470904]      scan-1141 get_device_data       : No context for object [ffff88040d83c438]
[   48.471081]      scan-1141 get_device_data       : No context for object [ffff88040d83c460]
[   48.471279]      scan-1141 get_device_data       : No context for object [ffff88040d81d190]
[   48.471477]     utils-0051 util_eval_error       : Evaluate [\_PR_.C001._STA]: AE_NOT_FOUND
[   48.471675]      scan-1141 get_device_data       : No context for object [ffff88040d81d028]
[   48.471863] device: 'LNXCPU:01': device_add
[   48.471926] bus: 'acpi': add device LNXCPU:01
[   48.472001]     utils-0051 util_eval_error       : Evaluate [\_PR_.C001._SUN]: AE_NOT_FOUND
[   48.472205]      scan-1933 add_single_object     : Added LNXCPU:01 [\_PR_.C001] parent LNXSYSTM:00
[   48.472406]      scan-1141 get_device_data       : No context for object [ffff88040d83c488]
[   48.472604]      scan-1141 get_device_data       : No context for object [ffff88040d83c4b0]
[   48.472801]      scan-1141 get_device_data       : No context for object [ffff88040d83c4d8]
[   48.472996]      scan-1141 get_device_data       : No context for object [ffff88040d83c500]
[   48.473194]      scan-1141 get_device_data       : No context for object [ffff88040d83c528]
[   48.473391]      scan-1141 get_device_data       : No context for object [ffff88040d83c550]
[   48.473592]      scan-1141 get_device_data       : No context for object [ffff88040d81d1b8]
[   48.473791]     utils-0051 util_eval_error       : Evaluate [\_PR_.C002._STA]: AE_NOT_FOUND
[   48.473989]      scan-1141 get_device_data       : No context for object [ffff88040d81d028]
[   48.474196] device: 'LNXCPU:02': device_add
[   48.474258] bus: 'acpi': add device LNXCPU:02
[   48.474336]     utils-0051 util_eval_error       : Evaluate [\_PR_.C002._SUN]: AE_NOT_FOUND
[   48.474539]      scan-1933 add_single_object     : Added LNXCPU:02 [\_PR_.C002] parent LNXSYSTM:00
[   48.474741]      scan-1141 get_device_data       : No context for object [ffff88040d83c578]
[   48.474892]      scan-1141 get_device_data       : No context for object [ffff88040d83c5a0]
[   48.475069]      scan-1141 get_device_data       : No context for object [ffff88040d83c5c8]
[   48.475267]      scan-1141 get_device_data       : No context for object [ffff88040d83c5f0]
[   48.475464]      scan-1141 get_device_data       : No context for object [ffff88040d83c618]
[   48.475661]      scan-1141 get_device_data       : No context for object [ffff88040d83c640]
[   48.476837]      scan-1141 get_device_data       : No context for object [ffff88040d81d1e0]
[   48.477036]     utils-0051 util_eval_error       : Evaluate [\_PR_.C003._STA]: AE_NOT_FOUND
[   48.477234]      scan-1141 get_device_data       : No context for object [ffff88040d81d028]
[   48.477441] device: 'LNXCPU:03': device_add
[   48.477504] bus: 'acpi': add device LNXCPU:03
[   48.477578]     utils-0051 util_eval_error       : Evaluate [\_PR_.C003._SUN]: AE_NOT_FOUND
[   48.477782]      scan-1933 add_single_object     : Added LNXCPU:03 [\_PR_.C003] parent LNXSYSTM:00
[   48.477962]      scan-1141 get_device_data       : No context for object [ffff88040d83c668]
[   48.478159]      scan-1141 get_device_data       : No context for object [ffff88040d83c690]
[   48.478352]      scan-1141 get_device_data       : No context for object [ffff88040d83c6b8]
[   48.478550]      scan-1141 get_device_data       : No context for object [ffff88040d83c6e0]
[   48.478747]      scan-1141 get_device_data       : No context for object [ffff88040d83c708]
[   48.478899]      scan-1141 get_device_data       : No context for object [ffff88040d83c730]
[   48.479076]      scan-1141 get_device_data       : No context for object [ffff88040d81d050]
[   48.479275]     utils-0051 util_eval_error       : Evaluate [\_SB_._STA]: AE_NOT_FOUND
[   48.479521] device: 'LNXSYBUS:00': device_add
[   48.479630] bus: 'acpi': add device LNXSYBUS:00
[   48.479707]     utils-0051 util_eval_error       : Evaluate [\_SB_._SUN]: AE_NOT_FOUND
[   48.479891]      scan-1933 add_single_object     : Added LNXSYBUS:00 [\_SB_] parent LNXSYSTM:00
[   48.480098]      scan-1141 get_device_data       : No context for object [ffff88040d81d3c0]
[   48.480298]      scan-1141 get_device_data       : No context for object [ffff88040d81d3e8]
[   48.480496]      scan-1141 get_device_data       : No context for object [ffff88040d81d410]
[   48.480693]      scan-1141 get_device_data       : No context for object [ffff88040d81d438]
[   48.480870]      scan-1141 get_device_data       : No context for object [ffff88040d81d460]
[   48.481067]      scan-1141 get_device_data       : No context for object [ffff88040d81d488]
[   48.481264]      scan-1141 get_device_data       : No context for object [ffff88040d81d4b0]
[   48.481462]      scan-1141 get_device_data       : No context for object [ffff88040d81d5a0]
[   48.481661]     utils-0051 util_eval_error       : Evaluate [\_SB_.PWRB._STA]: AE_NOT_FOUND
[   48.481872] device: 'PNP0C0C:00': device_add
[   48.481935] bus: 'acpi': add device PNP0C0C:00
[   48.482015]     utils-0051 util_eval_error       : Evaluate [\_SB_.PWRB._SUN]: AE_NOT_FOUND
[   48.482219]      scan-1933 add_single_object     : Added PNP0C0C:00 [\_SB_.PWRB] parent LNXSYBUS:00
[   48.482426]      scan-1141 get_device_data       : No context for object [ffff88040d81d5c8]
[   48.482624]      scan-1141 get_device_data       : No context for object [ffff88040d81d5f0]
[   48.482818]     utils-0051 util_eval_error       : Evaluate [\_SB_.PCI0._STA]: AE_NOT_FOUND
[   48.483068] device: 'PNP0A08:00': device_add
[   48.483174] bus: 'acpi': add device PNP0A08:00
[   48.483252]     utils-0051 util_eval_error       : Evaluate [\_SB_.PCI0._SUN]: AE_NOT_FOUND
[   48.483454]      scan-1933 add_single_object     : Added PNP0A08:00 [\_SB_.PCI0] parent LNXSYBUS:00
[   48.483659]      scan-1141 get_device_data       : No context for object [ffff88040d81d618]
[   48.483834]      scan-1141 get_device_data       : No context for object [ffff88040d81d640]
[   48.484029]      scan-1141 get_device_data       : No context for object [ffff88040d81d668]
[   48.484224]      scan-1141 get_device_data       : No context for object [ffff88040d81d690]
[   48.484420]      scan-1141 get_device_data       : No context for object [ffff88040d81d6b8]
[   48.484614]      scan-1141 get_device_data       : No context for object [ffff88040d81d6e0]
[   48.484807]      scan-1141 get_device_data       : No context for object [ffff88040d81d708]
[   48.485002]      scan-1141 get_device_data       : No context for object [ffff88040d81d730]
[   48.485196]      scan-1141 get_device_data       : No context for object [ffff88040d81d758]
[   48.485390]      scan-1141 get_device_data       : No context for object [ffff88040d81d780]
[   48.485585]      scan-1141 get_device_data       : No context for object [ffff88040d81d7a8]
[   48.485777]      scan-1141 get_device_data       : No context for object [ffff88040d81d7d0]
[   48.485953]      scan-1141 get_device_data       : No context for object [ffff88040d81d7f8]
[   48.486148]      scan-1141 get_device_data       : No context for object [ffff88040d81d820]
[   48.486343]      scan-1141 get_device_data       : No context for object [ffff88040d81d848]
[   48.486539]      scan-1141 get_device_data       : No context for object [ffff88040d81d870]
[   48.486735]      scan-1141 get_device_data       : No context for object [ffff88040d81d898]
[   48.486886]      scan-1141 get_device_data       : No context for object [ffff88040d81d8c0]
[   48.487063]      scan-1141 get_device_data       : No context for object [ffff88040d81d8e8]
[   48.487258]      scan-1141 get_device_data       : No context for object [ffff88040d81d910]
[   48.487456]      scan-1141 get_device_data       : No context for object [ffff88040d81d938]
[   48.487653]      scan-1141 get_device_data       : No context for object [ffff88040d81d960]
[   48.487830]      scan-1141 get_device_data       : No context for object [ffff88040d81d988]
[   48.488027]      scan-1141 get_device_data       : No context for object [ffff88040d81d9b0]
[   48.488224]      scan-1141 get_device_data       : No context for object [ffff88040d81d9d8]
[   48.488421]      scan-1141 get_device_data       : No context for object [ffff88040d81da00]
[   48.488619]      scan-1141 get_device_data       : No context for object [ffff88040d81da28]
[   48.488816]      scan-1141 get_device_data       : No context for object [ffff88040d81da50]
[   48.489014]      scan-1141 get_device_data       : No context for object [ffff88040d81da78]
[   48.489208]      scan-1141 get_device_data       : No context for object [ffff88040d81daa0]
[   48.489406]      scan-1141 get_device_data       : No context for object [ffff88040d81dac8]
[   48.489603]      scan-1141 get_device_data       : No context for object [ffff88040d81daf0]
[   48.489801]      scan-1141 get_device_data       : No context for object [ffff88040d81db18]
[   48.489998]      scan-1141 get_device_data       : No context for object [ffff88040d81db40]
[   48.490198]      scan-1141 get_device_data       : No context for object [ffff88040d81db68]
[   48.490395]      scan-1141 get_device_data       : No context for object [ffff88040d81db90]
[   48.490592]      scan-1141 get_device_data       : No context for object [ffff88040d81dbb8]
[   48.490789]      scan-1141 get_device_data       : No context for object [ffff88040d81dbe0]
[   48.490987]      scan-1141 get_device_data       : No context for object [ffff88040d81dc08]
[   48.491184]      scan-1141 get_device_data       : No context for object [ffff88040d81dc30]
[   48.491382]      scan-1141 get_device_data       : No context for object [ffff88040d81dc58]
[   48.491579]      scan-1141 get_device_data       : No context for object [ffff88040d81dc80]
[   48.491777]      scan-1141 get_device_data       : No context for object [ffff88040d81dca8]
[   48.491954]      scan-1141 get_device_data       : No context for object [ffff88040d81dcd0]
[   48.492152]      scan-1141 get_device_data       : No context for object [ffff88040d81dcf8]
[   48.492349]      scan-1141 get_device_data       : No context for object [ffff88040d81dd20]
[   48.492546]      scan-1141 get_device_data       : No context for object [ffff88040d81dd48]
[   48.492743]      scan-1141 get_device_data       : No context for object [ffff88040d81dd70]
[   48.492894]      scan-1141 get_device_data       : No context for object [ffff88040d81dd98]
[   48.493070]      scan-1141 get_device_data       : No context for object [ffff88040d81ddc0]
[   48.493268]      scan-1141 get_device_data       : No context for object [ffff88040d81dde8]
[   48.493467]      scan-1141 get_device_data       : No context for object [ffff88040d81de10]
[   48.493664]      scan-1141 get_device_data       : No context for object [ffff88040d81de38]
[   48.493841]      scan-1141 get_device_data       : No context for object [ffff88040d81de60]
[   48.494038]      scan-1141 get_device_data       : No context for object [ffff88040d81de88]
[   48.495253]      scan-1141 get_device_data       : No context for object [ffff88040d81deb0]
[   48.495450]      scan-1141 get_device_data       : No context for object [ffff88040d81ded8]
[   48.495648]      scan-1141 get_device_data       : No context for object [ffff88040d81df00]
[   48.495825]      scan-1141 get_device_data       : No context for object [ffff88040d81df28]
[   48.496023]      scan-1141 get_device_data       : No context for object [ffff88040d81df50]
[   48.496221]      scan-1141 get_device_data       : No context for object [ffff88040d81df78]
[   48.496418]      scan-1141 get_device_data       : No context for object [ffff88040d81dfa0]
[   48.496616]      scan-1141 get_device_data       : No context for object [ffff88040d81dfc8]
[   48.496815]      scan-1141 get_device_data       : No context for object [ffff88040d822000]
[   48.497012]      scan-1141 get_device_data       : No context for object [ffff88040d822028]
[   48.497211]     utils-0051 util_eval_error       : Evaluate [\_SB_.PCI0.MEMR._STA]: AE_NOT_FOUND
[   48.497442] device: 'PNP0C02:00': device_add
[   48.497505] bus: 'acpi': add device PNP0C02:00
[   48.497580]     utils-0051 util_eval_error       : Evaluate [\_SB_.PCI0.MEMR._SUN]: AE_NOT_FOUND
[   48.497785]      scan-1933 add_single_object     : Added PNP0C02:00 [\_SB_.PCI0.MEMR] parent PNP0A08:00
[   48.497969]      scan-1141 get_device_data       : No context for object [ffff88040d822050]
[   48.498167]      scan-1141 get_device_data       : No context for object [ffff88040d822078]
[   48.498364]      scan-1141 get_device_data       : No context for object [ffff88040d8220a0]
[   48.498562]      scan-1141 get_device_data       : No context for object [ffff88040d8220c8]
[   48.498760]      scan-1141 get_device_data       : No context for object [ffff88040d8220f0]
[   48.498911]      scan-1141 get_device_data       : No context for object [ffff88040d822118]
[   48.499088]      scan-1141 get_device_data       : No context for object [ffff88040d822140]
[   48.499285]      scan-1141 get_device_data       : No context for object [ffff88040d822168]
[   48.499482]      scan-1141 get_device_data       : No context for object [ffff88040d822190]
[   48.499680]      scan-1141 get_device_data       : No context for object [ffff88040d8221b8]
[   48.499856]      scan-1141 get_device_data       : No context for object [ffff88040d8221e0]
[   48.500046]      scan-1141 get_device_data       : No context for object [ffff88040d822208]
[   48.500245]      scan-1141 get_device_data       : No context for object [ffff88040d822230]
[   48.500438]      scan-1141 get_device_data       : No context for object [ffff88040d822258]
[   48.500634]      scan-1141 get_device_data       : No context for object [ffff88040d822280]
[   48.500822]      scan-1141 get_device_data       : No context for object [ffff88040d8222a8]
[   48.501019]     utils-0051 util_eval_error       : Evaluate [\_SB_.PCI0.PB2_._STA]: AE_NOT_FOUND
[   48.501317] device: 'device:00': device_add
[   48.501381] bus: 'acpi': add device device:00
[   48.501454]     utils-0051 util_eval_error       : Evaluate [\_SB_.PCI0.PB2_._SUN]: AE_NOT_FOUND
[   48.501657]      scan-1933 add_single_object     : Added device:00 [\_SB_.PCI0.PB2_] parent PNP0A08:00
[   48.501837]      scan-1141 get_device_data       : No context for object [ffff88040d8222d0]
[   48.502033]      scan-1141 get_device_data       : No context for object [ffff88040d8222f8]
[   48.502229]      scan-1141 get_device_data       : No context for object [ffff88040d822320]
[   48.502425]      scan-1141 get_device_data       : No context for object [ffff88040d822348]
[   48.502620]      scan-1141 get_device_data       : No context for object [ffff88040d822370]
[   48.502815]      scan-1141 get_device_data       : No context for object [ffff88040d822398]
[   48.503009]      scan-1141 get_device_data       : No context for object [ffff88040d8223c0]
[   48.503204]      scan-1141 get_device_data       : No context for object [ffff88040d8223e8]
[   48.503401]      scan-1141 get_device_data       : No context for object [ffff88040d822410]
[   48.503599]      scan-1141 get_device_data       : No context for object [ffff88040d822438]
[   48.503796]      scan-1141 get_device_data       : No context for object [ffff88040d822460]
[   48.503993]      scan-1141 get_device_data       : No context for object [ffff88040d822488]
[   48.504190]      scan-1141 get_device_data       : No context for object [ffff88040d8224b0]
[   48.504387]      scan-1141 get_device_data       : No context for object [ffff88040d8224d8]
[   48.504584]      scan-1141 get_device_data       : No context for object [ffff88040d822500]
[   48.504781]      scan-1141 get_device_data       : No context for object [ffff88040d822528]
[   48.504965]      scan-1141 get_device_data       : No context for object [ffff88040d822550]
[   48.505162]      scan-1141 get_device_data       : No context for object [ffff88040d822578]
[   48.505359]      scan-1141 get_device_data       : No context for object [ffff88040d8225a0]
[   48.505556]      scan-1141 get_device_data       : No context for object [ffff88040d8225c8]
[   48.505753]      scan-1141 get_device_data       : No context for object [ffff88040d8225f0]
[   48.505904]      scan-1141 get_device_data       : No context for object [ffff88040d822618]
[   48.506082]      scan-1141 get_device_data       : No context for object [ffff88040d822640]
[   48.506279]      scan-1141 get_device_data       : No context for object [ffff88040d822668]
[   48.506476]      scan-1141 get_device_data       : No context for object [ffff88040d822690]
[   48.506674]      scan-1141 get_device_data       : No context for object [ffff88040d8226b8]
[   48.506853]      scan-1141 get_device_data       : No context for object [ffff88040d8226e0]
[   48.507051]      scan-1141 get_device_data       : No context for object [ffff88040d822708]
[   48.507249]      scan-1141 get_device_data       : No context for object [ffff88040d822730]
[   48.507446]      scan-1141 get_device_data       : No context for object [ffff88040d822758]
[   48.507643]      scan-1141 get_device_data       : No context for object [ffff88040d822780]
[   48.507825]     utils-0051 util_eval_error       : Evaluate [\_SB_.PCI0.PB2_.VGA_._STA]: AE_NOT_FOUND
[   48.508064] device: 'device:01': device_add
[   48.508173] bus: 'acpi': add device device:01
[   48.508247]     utils-0051 util_eval_error       : Evaluate [\_SB_.PCI0.PB2_.VGA_._SUN]: AE_NOT_FOUND
[   48.508452]      scan-1933 add_single_object     : Added device:01 [\_SB_.PCI0.PB2_.VGA_] parent device:00
[   48.508654]      scan-1141 get_device_data       : No context for object [ffff88040d8227a8]
[   48.508832]      scan-1141 get_device_data       : No context for object [ffff88040d8227d0]
[   48.509030]      scan-1141 get_device_data       : No context for object [ffff88040d8227f8]
[   48.509227]      scan-1141 get_device_data       : No context for object [ffff88040d822820]
[   48.509425]      scan-1141 get_device_data       : No context for object [ffff88040d822848]
[   48.509622]      scan-1141 get_device_data       : No context for object [ffff88040d822870]
[   48.509820]      scan-1141 get_device_data       : No context for object [ffff88040d822898]
[   48.510018]      scan-1141 get_device_data       : No context for object [ffff88040d8228c0]
[   48.510219]      scan-1141 get_device_data       : No context for object [ffff88040d8228e8]
[   48.510416]      scan-1141 get_device_data       : No context for object [ffff88040d822910]
[   48.510613]      scan-1141 get_device_data       : No context for object [ffff88040d822938]
[   48.510808]      scan-1141 get_device_data       : No context for object [ffff88040d822960]
[   48.511006]      scan-1141 get_device_data       : No context for object [ffff88040d822988]
[   48.511203]      scan-1141 get_device_data       : No context for object [ffff88040d8229b0]
[   48.511401]      scan-1141 get_device_data       : No context for object [ffff88040d8229d8]
[   48.511598]      scan-1141 get_device_data       : No context for object [ffff88040d822a00]
[   48.511796]      scan-1141 get_device_data       : No context for object [ffff88040d822a28]
[   48.511993]      scan-1141 get_device_data       : No context for object [ffff88040d822a50]
[   48.512191]      scan-1141 get_device_data       : No context for object [ffff88040d822a78]
[   48.512389]      scan-1141 get_device_data       : No context for object [ffff88040d822aa0]
[   48.512587]      scan-1141 get_device_data       : No context for object [ffff88040d822ac8]
[   48.513806]      scan-1141 get_device_data       : No context for object [ffff88040d822af0]
[   48.514003]      scan-1141 get_device_data       : No context for object [ffff88040d822b18]
[   48.514201]      scan-1141 get_device_data       : No context for object [ffff88040d822b40]
[   48.514398]      scan-1141 get_device_data       : No context for object [ffff88040d822b68]
[   48.514596]      scan-1141 get_device_data       : No context for object [ffff88040d822b90]
[   48.514794]      scan-1141 get_device_data       : No context for object [ffff88040d822bb8]
[   48.514970]      scan-1141 get_device_data       : No context for object [ffff88040d822be0]
[   48.515167]      scan-1141 get_device_data       : No context for object [ffff88040d822c08]
[   48.515364]      scan-1141 get_device_data       : No context for object [ffff88040d822c30]
[   48.515562]      scan-1141 get_device_data       : No context for object [ffff88040d822c58]
[   48.515759]      scan-1141 get_device_data       : No context for object [ffff88040d822c80]
[   48.515910]      scan-1141 get_device_data       : No context for object [ffff88040d822ca8]
[   48.516088]      scan-1141 get_device_data       : No context for object [ffff88040d822cd0]
[   48.516281]      scan-1141 get_device_data       : No context for object [ffff88040d822cf8]
[   48.516476]      scan-1141 get_device_data       : No context for object [ffff88040d822d20]
[   48.516671]      scan-1141 get_device_data       : No context for object [ffff88040d822d48]
[   48.516850]      scan-1141 get_device_data       : No context for object [ffff88040d822d70]
[   48.517045]      scan-1141 get_device_data       : No context for object [ffff88040d822d98]
[   48.517241]      scan-1141 get_device_data       : No context for object [ffff88040d837438]
[   48.517434]      scan-1141 get_device_data       : No context for object [ffff88040d822dc0]
[   48.517631]     utils-0051 util_eval_error       : Evaluate [\_SB_.PCI0.PB2_.HDAU._STA]: AE_NOT_FOUND
[   48.517860] device: 'device:02': device_add
[   48.517921] bus: 'acpi': add device device:02
[   48.517997]     utils-0051 util_eval_error       : Evaluate [\_SB_.PCI0.PB2_.HDAU._SUN]: AE_NOT_FOUND
[   48.518201]      scan-1933 add_single_object     : Added device:02 [\_SB_.PCI0.PB2_.HDAU] parent device:00
[   48.518400]      scan-1141 get_device_data       : No context for object [ffff88040d822de8]
[   48.518596]      scan-1141 get_device_data       : No context for object [ffff88040d822e10]
[   48.518789]      scan-1141 get_device_data       : No context for object [ffff88040d822e38]
[   48.518970]      scan-1141 get_device_data       : No context for object [ffff88040d822e60]
[   48.519165]      scan-1141 get_device_data       : No context for object [ffff88040d822e88]
[   48.519360]      scan-1141 get_device_data       : No context for object [ffff88040d822eb0]
[   48.519555]      scan-1141 get_device_data       : No context for object [ffff88040d822ed8]
[   48.519751]     utils-0051 util_eval_error       : Evaluate [\_SB_.PCI0.PB3_._STA]: AE_NOT_FOUND
[   48.519985] device: 'device:03': device_add
[   48.520046] bus: 'acpi': add device device:03
[   48.520120]     utils-0051 util_eval_error       : Evaluate [\_SB_.PCI0.PB3_._SUN]: AE_NOT_FOUND
[   48.520325]      scan-1933 add_single_object     : Added device:03 [\_SB_.PCI0.PB3_] parent PNP0A08:00
[   48.520524]      scan-1141 get_device_data       : No context for object [ffff88040d822f00]
[   48.520722]      scan-1141 get_device_data       : No context for object [ffff88040d822f28]
[   48.520898]      scan-1141 get_device_data       : No context for object [ffff88040d822f50]
[   48.521096]      scan-1141 get_device_data       : No context for object [ffff88040d822f78]
[   48.521293]      scan-1141 get_device_data       : No context for object [ffff88040d822fa0]
[   48.521491]      scan-1141 get_device_data       : No context for object [ffff88040d822fc8]
[   48.521689]      scan-1141 get_device_data       : No context for object [ffff88040d823000]
[   48.521866]      scan-1141 get_device_data       : No context for object [ffff88040d823028]
[   48.522063]      scan-1141 get_device_data       : No context for object [ffff88040d823050]
[   48.522261]      scan-1141 get_device_data       : No context for object [ffff88040d823078]
[   48.522458]      scan-1141 get_device_data       : No context for object [ffff88040d8230a0]
[   48.522656]      scan-1141 get_device_data       : No context for object [ffff88040d8230c8]
[   48.522833]      scan-1141 get_device_data       : No context for object [ffff88040d8230f0]
[   48.523030]      scan-1141 get_device_data       : No context for object [ffff88040d823118]
[   48.523227]      scan-1141 get_device_data       : No context for object [ffff88040d823140]
[   48.523424]      scan-1141 get_device_data       : No context for object [ffff88040d823168]
[   48.523624]      scan-1141 get_device_data       : No context for object [ffff88040d823190]
[   48.523821]      scan-1141 get_device_data       : No context for object [ffff88040d8231b8]
[   48.524019]      scan-1141 get_device_data       : No context for object [ffff88040d8231e0]
[   48.524216]      scan-1141 get_device_data       : No context for object [ffff88040d823208]
[   48.524414]      scan-1141 get_device_data       : No context for object [ffff88040d823230]
[   48.524611]      scan-1141 get_device_data       : No context for object [ffff88040d823258]
[   48.524809]      scan-1141 get_device_data       : No context for object [ffff88040d823280]
[   48.525006]      scan-1141 get_device_data       : No context for object [ffff88040d8232a8]
[   48.525204]      scan-1141 get_device_data       : No context for object [ffff88040d8232d0]
[   48.525402]      scan-1141 get_device_data       : No context for object [ffff88040d8232f8]
[   48.525599]      scan-1141 get_device_data       : No context for object [ffff88040d823320]
[   48.525797]      scan-1141 get_device_data       : No context for object [ffff88040d823348]
[   48.525973]      scan-1141 get_device_data       : No context for object [ffff88040d823370]
[   48.526171]      scan-1141 get_device_data       : No context for object [ffff88040d823398]
[   48.526369]      scan-1141 get_device_data       : No context for object [ffff88040d8233c0]
[   48.526569]     utils-0051 util_eval_error       : Evaluate [\_SB_.PCI0.PB3_.VGA_._STA]: AE_NOT_FOUND
[   48.526798]     video-0058 backlight_cap_match   : Found generic backlight support
[   48.526984] device: 'LNXVIDEO:00': device_add
[   48.527044] bus: 'acpi': add device LNXVIDEO:00
[   48.527116]     utils-0051 util_eval_error       : Evaluate [\_SB_.PCI0.PB3_.VGA_._SUN]: AE_NOT_FOUND
[   48.527321]      scan-1933 add_single_object     : Added LNXVIDEO:00 [\_SB_.PCI0.PB3_.VGA_] parent device:03
[   48.527527]      scan-1141 get_device_data       : No context for object [ffff88040d8233e8]
[   48.527725]      scan-1141 get_device_data       : No context for object [ffff88040d823410]
[   48.527902]      scan-1141 get_device_data       : No context for object [ffff88040d823438]
[   48.528099]      scan-1141 get_device_data       : No context for object [ffff88040d823460]
[   48.528297]      scan-1141 get_device_data       : No context for object [ffff88040d823488]
[   48.528495]      scan-1141 get_device_data       : No context for object [ffff88040d8234b0]
[   48.528692]      scan-1141 get_device_data       : No context for object [ffff88040d8234d8]
[   48.528869]      scan-1141 get_device_data       : No context for object [ffff88040d823500]
[   48.529066]      scan-1141 get_device_data       : No context for object [ffff88040d823528]
[   48.529264]      scan-1141 get_device_data       : No context for object [ffff88040d823550]
[   48.529461]      scan-1141 get_device_data       : No context for object [ffff88040d823578]
[   48.529659]      scan-1141 get_device_data       : No context for object [ffff88040d8235a0]
[   48.529835]      scan-1141 get_device_data       : No context for object [ffff88040d8235c8]
[   48.530033]      scan-1141 get_device_data       : No context for object [ffff88040d8235f0]
[   48.530234]      scan-1141 get_device_data       : No context for object [ffff88040d823618]
[   48.530431]      scan-1141 get_device_data       : No context for object [ffff88040d823640]
[   48.530629]      scan-1141 get_device_data       : No context for object [ffff88040d823668]
[   48.530826]      scan-1141 get_device_data       : No context for object [ffff88040d823690]
[   48.531023]      scan-1141 get_device_data       : No context for object [ffff88040d8236b8]
[   48.532242]      scan-1141 get_device_data       : No context for object [ffff88040d8236e0]
[   48.532439]      scan-1141 get_device_data       : No context for object [ffff88040d823708]
[   48.532633]      scan-1141 get_device_data       : No context for object [ffff88040d823730]
[   48.532831]      scan-1141 get_device_data       : No context for object [ffff88040d823758]
[   48.533028]      scan-1141 get_device_data       : No context for object [ffff88040d823780]
[   48.533223]      scan-1141 get_device_data       : No context for object [ffff88040d8237a8]
[   48.533417]      scan-1141 get_device_data       : No context for object [ffff88040d8237d0]
[   48.533614]      scan-1141 get_device_data       : No context for object [ffff88040d8237f8]
[   48.533808]      scan-1141 get_device_data       : No context for object [ffff88040d823820]
[   48.534003]      scan-1141 get_device_data       : No context for object [ffff88040d823848]
[   48.534197]      scan-1141 get_device_data       : No context for object [ffff88040d823870]
[   48.534391]      scan-1141 get_device_data       : No context for object [ffff88040d823898]
[   48.534586]      scan-1141 get_device_data       : No context for object [ffff88040d8238c0]
[   48.534781]      scan-1141 get_device_data       : No context for object [ffff88040d8238e8]
[   48.534928]      scan-1141 get_device_data       : No context for object [ffff88040d823910]
[   48.535105]      scan-1141 get_device_data       : No context for object [ffff88040d823938]
[   48.535299]      scan-1141 get_device_data       : No context for object [ffff88040d823960]
[   48.535495]      scan-1141 get_device_data       : No context for object [ffff88040d823988]
[   48.535690]      scan-1141 get_device_data       : No context for object [ffff88040d8239b0]
[   48.535866]      scan-1141 get_device_data       : No context for object [ffff88040d8239d8]
[   48.536061]      scan-1141 get_device_data       : No context for object [ffff88040d837460]
[   48.536256]      scan-1141 get_device_data       : No context for object [ffff88040d83ac08]
[   48.536452]      scan-1141 get_device_data       : No context for object [ffff88040d83ac30]
[   48.536647]      scan-1141 get_device_data       : No context for object [ffff88040d83ac58]
[   48.536837]     utils-0051 util_eval_error       : Evaluate [\_SB_.PCI0.PB3_.VGA_.CRT_._STA]: AE_NOT_FOUND
[   48.537079] device: 'device:04': device_add
[   48.537187] bus: 'acpi': add device device:04
[   48.537263]     utils-0051 util_eval_error       : Evaluate [\_SB_.PCI0.PB3_.VGA_.CRT_._SUN]: AE_NOT_FOUND
[   48.537468]      scan-1933 add_single_object     : Added device:04 [\_SB_.PCI0.PB3_.VGA_.CRT_] parent LNXVIDEO:00
[   48.537671]      scan-1141 get_device_data       : No context for object [ffff88040d83ac80]
[   48.537848]      scan-1141 get_device_data       : No context for object [ffff88040d83aca8]
[   48.538042]      scan-1141 get_device_data       : No context for object [ffff88040d83acd0]
[   48.538240]      scan-1141 get_device_data       : No context for object [ffff88040d83acf8]
[   48.538438]      scan-1141 get_device_data       : No context for object [ffff88040d83ad20]
[   48.538636]     utils-0051 util_eval_error       : Evaluate [\_SB_.PCI0.PB3_.VGA_.LCD_._STA]: AE_NOT_FOUND
[   48.538878] device: 'device:05': device_add
[   48.538941] bus: 'acpi': add device device:05
[   48.539015]     utils-0051 util_eval_error       : Evaluate [\_SB_.PCI0.PB3_.VGA_.LCD_._SUN]: AE_NOT_FOUND
[   48.539221]      scan-1933 add_single_object     : Added device:05 [\_SB_.PCI0.PB3_.VGA_.LCD_] parent LNXVIDEO:00
[   48.539423]      scan-1141 get_device_data       : No context for object [ffff88040d83ad48]
[   48.539621]      scan-1141 get_device_data       : No context for object [ffff88040d83ad70]
[   48.539818]      scan-1141 get_device_data       : No context for object [ffff88040d83ad98]
[   48.540015]      scan-1141 get_device_data       : No context for object [ffff88040d83adc0]
[   48.540216]      scan-1141 get_device_data       : No context for object [ffff88040d83ade8]
[   48.540415]      scan-1141 get_device_data       : No context for object [ffff88040d83ae10]
[   48.540612]      scan-1141 get_device_data       : No context for object [ffff88040d83ae38]
[   48.540810]      scan-1141 get_device_data       : No context for object [ffff88040d83ae60]
[   48.541008]     utils-0051 util_eval_error       : Evaluate [\_SB_.PCI0.PB3_.VGA_.TV0_._STA]: AE_NOT_FOUND
[   48.541241] device: 'device:06': device_add
[   48.541304] bus: 'acpi': add device device:06
[   48.541378]     utils-0051 util_eval_error       : Evaluate [\_SB_.PCI0.PB3_.VGA_.TV0_._SUN]: AE_NOT_FOUND
[   48.541584]      scan-1933 add_single_object     : Added device:06 [\_SB_.PCI0.PB3_.VGA_.TV0_] parent LNXVIDEO:00
[   48.541787]      scan-1141 get_device_data       : No context for object [ffff88040d83ae88]
[   48.541968]      scan-1141 get_device_data       : No context for object [ffff88040d83aeb0]
[   48.542165]      scan-1141 get_device_data       : No context for object [ffff88040d83aed8]
[   48.542362]      scan-1141 get_device_data       : No context for object [ffff88040d83af00]
[   48.542560]      scan-1141 get_device_data       : No context for object [ffff88040d83af28]
[   48.542758]     utils-0051 util_eval_error       : Evaluate [\_SB_.PCI0.PB3_.VGA_.HDMI._STA]: AE_NOT_FOUND
[   48.542953] device: 'device:07': device_add
[   48.543047] bus: 'acpi': add device device:07
[   48.543124]     utils-0051 util_eval_error       : Evaluate [\_SB_.PCI0.PB3_.VGA_.HDMI._SUN]: AE_NOT_FOUND
[   48.543327]      scan-1933 add_single_object     : Added device:07 [\_SB_.PCI0.PB3_.VGA_.HDMI] parent LNXVIDEO:00
[   48.543532]      scan-1141 get_device_data       : No context for object [ffff88040d83af50]
[   48.543730]      scan-1141 get_device_data       : No context for object [ffff88040d83af78]
[   48.543907]      scan-1141 get_device_data       : No context for object [ffff88040d83afa0]
[   48.544104]      scan-1141 get_device_data       : No context for object [ffff88040d83afc8]
[   48.544302]      scan-1141 get_device_data       : No context for object [ffff88040d823a00]
[   48.544500]     utils-0051 util_eval_error       : Evaluate [\_SB_.PCI0.PB3_.HDAU._STA]: AE_NOT_FOUND
[   48.544734] device: 'device:08': device_add
[   48.544796] bus: 'acpi': add device device:08
[   48.544871]     utils-0051 util_eval_error       : Evaluate [\_SB_.PCI0.PB3_.HDAU._SUN]: AE_NOT_FOUND
[   48.545054]      scan-1933 add_single_object     : Added device:08 [\_SB_.PCI0.PB3_.HDAU] parent device:03
[   48.545256]      scan-1141 get_device_data       : No context for object [ffff88040d823a28]
[   48.545454]      scan-1141 get_device_data       : No context for object [ffff88040d823a50]
[   48.545651]      scan-1141 get_device_data       : No context for object [ffff88040d823a78]
[   48.545836]      scan-1141 get_device_data       : No context for object [ffff88040d823aa0]
[   48.546034]      scan-1141 get_device_data       : No context for object [ffff88040d823ac8]
[   48.546232]      scan-1141 get_device_data       : No context for object [ffff88040d823af0]
[   48.546429]      scan-1141 get_device_data       : No context for object [ffff88040d823b18]
[   48.546629]     utils-0051 util_eval_error       : Evaluate [\_SB_.PCI0.PB4_._STA]: AE_NOT_FOUND
[   48.546881] device: 'device:09': device_add
[   48.546944] bus: 'acpi': add device device:09
[   48.547019]     utils-0051 util_eval_error       : Evaluate [\_SB_.PCI0.PB4_._SUN]: AE_NOT_FOUND
[   48.547223]      scan-1933 add_single_object     : Added device:09 [\_SB_.PCI0.PB4_] parent PNP0A08:00
[   48.547426]      scan-1141 get_device_data       : No context for object [ffff88040d823b40]
[   48.547623]      scan-1141 get_device_data       : No context for object [ffff88040d823b68]
[   48.547820]      scan-1141 get_device_data       : No context for object [ffff88040d823b90]
[   48.548018]      scan-1141 get_device_data       : No context for object [ffff88040d823bb8]
[   48.548215]      scan-1141 get_device_data       : No context for object [ffff88040d823be0]
[   48.548413]      scan-1141 get_device_data       : No context for object [ffff88040d823c08]
[   48.548610]      scan-1141 get_device_data       : No context for object [ffff88040d823c30]
[   48.548804]      scan-1141 get_device_data       : No context for object [ffff88040d823c58]
[   48.548982]      scan-1141 get_device_data       : No context for object [ffff88040d823c80]
[   48.549180]      scan-1141 get_device_data       : No context for object [ffff88040d823ca8]
[   48.549378]      scan-1141 get_device_data       : No context for object [ffff88040d823cd0]
[   48.549576]      scan-1141 get_device_data       : No context for object [ffff88040d823cf8]
[   48.550703]      scan-1141 get_device_data       : No context for object [ffff88040d823d20]
[   48.550880]      scan-1141 get_device_data       : No context for object [ffff88040d823d48]
[   48.551074]      scan-1141 get_device_data       : No context for object [ffff88040d823d70]
[   48.551269]      scan-1141 get_device_data       : No context for object [ffff88040d823d98]
[   48.551464]      scan-1141 get_device_data       : No context for object [ffff88040d823dc0]
[   48.551659]      scan-1141 get_device_data       : No context for object [ffff88040d823de8]
[   48.551838]      scan-1141 get_device_data       : No context for object [ffff88040d823e10]
[   48.552033]      scan-1141 get_device_data       : No context for object [ffff88040d823e38]
[   48.552227]      scan-1141 get_device_data       : No context for object [ffff88040d823e60]
[   48.552422]      scan-1141 get_device_data       : No context for object [ffff88040d823e88]
[   48.552617]      scan-1141 get_device_data       : No context for object [ffff88040d823eb0]
[   48.552813]      scan-1141 get_device_data       : No context for object [ffff88040d823ed8]
[   48.553008]      scan-1141 get_device_data       : No context for object [ffff88040d823f00]
[   48.553201]      scan-1141 get_device_data       : No context for object [ffff88040d823f28]
[   48.553397]      scan-1141 get_device_data       : No context for object [ffff88040d823f50]
[   48.553593]      scan-1141 get_device_data       : No context for object [ffff88040d823f78]
[   48.553786]      scan-1141 get_device_data       : No context for object [ffff88040d823fa0]
[   48.553982]      scan-1141 get_device_data       : No context for object [ffff88040d823fc8]
[   48.554179]      scan-1141 get_device_data       : No context for object [ffff88040d825000]
[   48.554377]     utils-0051 util_eval_error       : Evaluate [\_SB_.PCI0.PB4_.XPDV._STA]: AE_NOT_FOUND
[   48.554610] device: 'device:0a': device_add
[   48.554673] bus: 'acpi': add device device:0a
[   48.554749]     utils-0051 util_eval_error       : Evaluate [\_SB_.PCI0.PB4_.XPDV._SUN]: AE_NOT_FOUND
[   48.554908]      scan-1933 add_single_object     : Added device:0a [\_SB_.PCI0.PB4_.XPDV] parent device:09
[   48.555089]      scan-1141 get_device_data       : No context for object [ffff88040d825028]
[   48.555287]      scan-1141 get_device_data       : No context for object [ffff88040d825050]
[   48.555485]      scan-1141 get_device_data       : No context for object [ffff88040d825078]
[   48.555682]      scan-1141 get_device_data       : No context for object [ffff88040d8250a0]
[   48.555859]      scan-1141 get_device_data       : No context for object [ffff88040d8250c8]
[   48.556056]      scan-1141 get_device_data       : No context for object [ffff88040d837500]
[   48.556254]      scan-1141 get_device_data       : No context for object [ffff88040d8250f0]
[   48.556452]      scan-1141 get_device_data       : No context for object [ffff88040d825118]
[   48.556650]     utils-0051 util_eval_error       : Evaluate [\_SB_.PCI0.PB5_._STA]: AE_NOT_FOUND
[   48.556894] device: 'device:0b': device_add
[   48.556957] bus: 'acpi': add device device:0b
[   48.557031]     utils-0051 util_eval_error       : Evaluate [\_SB_.PCI0.PB5_._SUN]: AE_NOT_FOUND
[   48.557236]      scan-1933 add_single_object     : Added device:0b [\_SB_.PCI0.PB5_] parent PNP0A08:00
[   48.557439]      scan-1141 get_device_data       : No context for object [ffff88040d825140]
[   48.557636]      scan-1141 get_device_data       : No context for object [ffff88040d825168]
[   48.557834]      scan-1141 get_device_data       : No context for object [ffff88040d825190]
[   48.558031]      scan-1141 get_device_data       : No context for object [ffff88040d8251b8]
[   48.558229]      scan-1141 get_device_data       : No context for object [ffff88040d8251e0]
[   48.558427]      scan-1141 get_device_data       : No context for object [ffff88040d825208]
[   48.558624]      scan-1141 get_device_data       : No context for object [ffff88040d825230]
[   48.558822]      scan-1141 get_device_data       : No context for object [ffff88040d825258]
[   48.559019]      scan-1141 get_device_data       : No context for object [ffff88040d825280]
[   48.559216]      scan-1141 get_device_data       : No context for object [ffff88040d8252a8]
[   48.559414]      scan-1141 get_device_data       : No context for object [ffff88040d8252d0]
[   48.559612]      scan-1141 get_device_data       : No context for object [ffff88040d8252f8]
[   48.559810]      scan-1141 get_device_data       : No context for object [ffff88040d825320]
[   48.559987]      scan-1141 get_device_data       : No context for object [ffff88040d825348]
[   48.560187]      scan-1141 get_device_data       : No context for object [ffff88040d825370]
[   48.560385]      scan-1141 get_device_data       : No context for object [ffff88040d825398]
[   48.560582]      scan-1141 get_device_data       : No context for object [ffff88040d8253c0]
[   48.560779]      scan-1141 get_device_data       : No context for object [ffff88040d8253e8]
[   48.560931]      scan-1141 get_device_data       : No context for object [ffff88040d825410]
[   48.561107]      scan-1141 get_device_data       : No context for object [ffff88040d825438]
[   48.561305]      scan-1141 get_device_data       : No context for object [ffff88040d825460]
[   48.561503]      scan-1141 get_device_data       : No context for object [ffff88040d825488]
[   48.561700]      scan-1141 get_device_data       : No context for object [ffff88040d8254b0]
[   48.561877]      scan-1141 get_device_data       : No context for object [ffff88040d8254d8]
[   48.562076]      scan-1141 get_device_data       : No context for object [ffff88040d825500]
[   48.562273]      scan-1141 get_device_data       : No context for object [ffff88040d825528]
[   48.562471]      scan-1141 get_device_data       : No context for object [ffff88040d825550]
[   48.562668]      scan-1141 get_device_data       : No context for object [ffff88040d825578]
[   48.562845]      scan-1141 get_device_data       : No context for object [ffff88040d8255a0]
[   48.563043]      scan-1141 get_device_data       : No context for object [ffff88040d8255c8]
[   48.563241]      scan-1141 get_device_data       : No context for object [ffff88040d8255f0]
[   48.563440]     utils-0051 util_eval_error       : Evaluate [\_SB_.PCI0.PB5_.XPDV._STA]: AE_NOT_FOUND
[   48.563675] device: 'device:0c': device_add
[   48.563739] bus: 'acpi': add device device:0c
[   48.563813]     utils-0051 util_eval_error       : Evaluate [\_SB_.PCI0.PB5_.XPDV._SUN]: AE_NOT_FOUND
[   48.563997]      scan-1933 add_single_object     : Added device:0c [\_SB_.PCI0.PB5_.XPDV] parent device:0b
[   48.564199]      scan-1141 get_device_data       : No context for object [ffff88040d825618]
[   48.564398]      scan-1141 get_device_data       : No context for object [ffff88040d825640]
[   48.564595]      scan-1141 get_device_data       : No context for object [ffff88040d825668]
[   48.564793]      scan-1141 get_device_data       : No context for object [ffff88040d825690]
[   48.564944]      scan-1141 get_device_data       : No context for object [ffff88040d8256b8]
[   48.565117]      scan-1141 get_device_data       : No context for object [ffff88040d837528]
[   48.565315]      scan-1141 get_device_data       : No context for object [ffff88040d8256e0]
[   48.565513]      scan-1141 get_device_data       : No context for object [ffff88040d825708]
[   48.565712]     utils-0051 util_eval_error       : Evaluate [\_SB_.PCI0.PB6_._STA]: AE_NOT_FOUND
[   48.565986] device: 'device:0d': device_add
[   48.566051] bus: 'acpi': add device device:0d
[   48.566126]     utils-0051 util_eval_error       : Evaluate [\_SB_.PCI0.PB6_._SUN]: AE_NOT_FOUND
[   48.566330]      scan-1933 add_single_object     : Added device:0d [\_SB_.PCI0.PB6_] parent PNP0A08:00
[   48.566530]      scan-1141 get_device_data       : No context for object [ffff88040d825730]
[   48.566726]      scan-1141 get_device_data       : No context for object [ffff88040d825758]
[   48.566907]      scan-1141 get_device_data       : No context for object [ffff88040d825780]
[   48.567102]      scan-1141 get_device_data       : No context for object [ffff88040d8257a8]
[   48.567298]      scan-1141 get_device_data       : No context for object [ffff88040d8257d0]
[   48.567492]      scan-1141 get_device_data       : No context for object [ffff88040d8257f8]
[   48.567687]      scan-1141 get_device_data       : No context for object [ffff88040d825820]
[   48.567865]      scan-1141 get_device_data       : No context for object [ffff88040d825848]
[   48.568936]      scan-1141 get_device_data       : No context for object [ffff88040d825870]
[   48.569131]      scan-1141 get_device_data       : No context for object [ffff88040d825898]
[   48.569325]      scan-1141 get_device_data       : No context for object [ffff88040d8258c0]
[   48.569520]      scan-1141 get_device_data       : No context for object [ffff88040d8258e8]
[   48.569714]      scan-1141 get_device_data       : No context for object [ffff88040d825910]
[   48.569890]      scan-1141 get_device_data       : No context for object [ffff88040d825938]
[   48.570085]      scan-1141 get_device_data       : No context for object [ffff88040d825960]
[   48.570282]      scan-1141 get_device_data       : No context for object [ffff88040d825988]
[   48.570475]      scan-1141 get_device_data       : No context for object [ffff88040d8259b0]
[   48.570669]      scan-1141 get_device_data       : No context for object [ffff88040d8259d8]
[   48.570846]      scan-1141 get_device_data       : No context for object [ffff88040d825a00]
[   48.571043]      scan-1141 get_device_data       : No context for object [ffff88040d825a28]
[   48.571241]      scan-1141 get_device_data       : No context for object [ffff88040d825a50]
[   48.571439]      scan-1141 get_device_data       : No context for object [ffff88040d825a78]
[   48.571636]      scan-1141 get_device_data       : No context for object [ffff88040d825aa0]
[   48.571834]      scan-1141 get_device_data       : No context for object [ffff88040d825ac8]
[   48.572031]      scan-1141 get_device_data       : No context for object [ffff88040d825af0]
[   48.572229]      scan-1141 get_device_data       : No context for object [ffff88040d825b18]
[   48.572426]      scan-1141 get_device_data       : No context for object [ffff88040d825b40]
[   48.572624]      scan-1141 get_device_data       : No context for object [ffff88040d825b68]
[   48.572821]      scan-1141 get_device_data       : No context for object [ffff88040d825b90]
[   48.573019]      scan-1141 get_device_data       : No context for object [ffff88040d825bb8]
[   48.573217]      scan-1141 get_device_data       : No context for object [ffff88040d825be0]
[   48.573416]     utils-0051 util_eval_error       : Evaluate [\_SB_.PCI0.PB6_.XPDV._STA]: AE_NOT_FOUND
[   48.573653] device: 'device:0e': device_add
[   48.573764] bus: 'acpi': add device device:0e
[   48.573838]     utils-0051 util_eval_error       : Evaluate [\_SB_.PCI0.PB6_.XPDV._SUN]: AE_NOT_FOUND
[   48.574022]      scan-1933 add_single_object     : Added device:0e [\_SB_.PCI0.PB6_.XPDV] parent device:0d
[   48.574224]      scan-1141 get_device_data       : No context for object [ffff88040d825c08]
[   48.574422]      scan-1141 get_device_data       : No context for object [ffff88040d825c30]
[   48.574620]      scan-1141 get_device_data       : No context for object [ffff88040d825c58]
[   48.574818]      scan-1141 get_device_data       : No context for object [ffff88040d825c80]
[   48.575015]      scan-1141 get_device_data       : No context for object [ffff88040d825ca8]
[   48.575213]      scan-1141 get_device_data       : No context for object [ffff88040d837550]
[   48.575411]      scan-1141 get_device_data       : No context for object [ffff88040d825cd0]
[   48.575608]      scan-1141 get_device_data       : No context for object [ffff88040d825cf8]
[   48.575806]     utils-0051 util_eval_error       : Evaluate [\_SB_.PCI0.PB7_._STA]: AE_NOT_FOUND
[   48.576076] device: 'device:0f': device_add
[   48.576138] bus: 'acpi': add device device:0f
[   48.576215]     utils-0051 util_eval_error       : Evaluate [\_SB_.PCI0.PB7_._SUN]: AE_NOT_FOUND
[   48.576420]      scan-1933 add_single_object     : Added device:0f [\_SB_.PCI0.PB7_] parent PNP0A08:00
[   48.576622]      scan-1141 get_device_data       : No context for object [ffff88040d825d20]
[   48.576823]      scan-1141 get_device_data       : No context for object [ffff88040d825d48]
[   48.577021]      scan-1141 get_device_data       : No context for object [ffff88040d825d70]
[   48.577218]      scan-1141 get_device_data       : No context for object [ffff88040d825d98]
[   48.577416]      scan-1141 get_device_data       : No context for object [ffff88040d825dc0]
[   48.577614]      scan-1141 get_device_data       : No context for object [ffff88040d825de8]
[   48.577812]      scan-1141 get_device_data       : No context for object [ffff88040d825e10]
[   48.577989]      scan-1141 get_device_data       : No context for object [ffff88040d825e38]
[   48.578185]      scan-1141 get_device_data       : No context for object [ffff88040d825e60]
[   48.578382]      scan-1141 get_device_data       : No context for object [ffff88040d825e88]
[   48.578580]      scan-1141 get_device_data       : No context for object [ffff88040d825eb0]
[   48.578777]      scan-1141 get_device_data       : No context for object [ffff88040d825ed8]
[   48.578928]      scan-1141 get_device_data       : No context for object [ffff88040d825f00]
[   48.579105]      scan-1141 get_device_data       : No context for object [ffff88040d825f28]
[   48.579303]      scan-1141 get_device_data       : No context for object [ffff88040d825f50]
[   48.579500]      scan-1141 get_device_data       : No context for object [ffff88040d825f78]
[   48.579698]      scan-1141 get_device_data       : No context for object [ffff88040d825fa0]
[   48.579875]      scan-1141 get_device_data       : No context for object [ffff88040d825fc8]
[   48.580072]      scan-1141 get_device_data       : No context for object [ffff88040d827000]
[   48.580272]      scan-1141 get_device_data       : No context for object [ffff88040d827028]
[   48.580470]      scan-1141 get_device_data       : No context for object [ffff88040d827050]
[   48.580667]      scan-1141 get_device_data       : No context for object [ffff88040d827078]
[   48.580848]      scan-1141 get_device_data       : No context for object [ffff88040d8270a0]
[   48.581045]      scan-1141 get_device_data       : No context for object [ffff88040d8270c8]
[   48.581242]      scan-1141 get_device_data       : No context for object [ffff88040d8270f0]
[   48.581436]      scan-1141 get_device_data       : No context for object [ffff88040d827118]
[   48.581633]      scan-1141 get_device_data       : No context for object [ffff88040d827140]
[   48.581830]      scan-1141 get_device_data       : No context for object [ffff88040d827168]
[   48.582027]      scan-1141 get_device_data       : No context for object [ffff88040d827190]
[   48.582225]      scan-1141 get_device_data       : No context for object [ffff88040d8271b8]
[   48.582423]      scan-1141 get_device_data       : No context for object [ffff88040d8271e0]
[   48.582622]     utils-0051 util_eval_error       : Evaluate [\_SB_.PCI0.PB7_.XPDV._STA]: AE_NOT_FOUND
[   48.582855] device: 'device:10': device_add
[   48.582918] bus: 'acpi': add device device:10
[   48.582992]     utils-0051 util_eval_error       : Evaluate [\_SB_.PCI0.PB7_.XPDV._SUN]: AE_NOT_FOUND
[   48.583197]      scan-1933 add_single_object     : Added device:10 [\_SB_.PCI0.PB7_.XPDV] parent device:0f
[   48.583396]      scan-1141 get_device_data       : No context for object [ffff88040d827208]
[   48.583594]      scan-1141 get_device_data       : No context for object [ffff88040d827230]
[   48.583790]      scan-1141 get_device_data       : No context for object [ffff88040d827258]
[   48.583938]      scan-1141 get_device_data       : No context for object [ffff88040d827280]
[   48.584115]      scan-1141 get_device_data       : No context for object [ffff88040d8272a8]
[   48.584309]      scan-1141 get_device_data       : No context for object [ffff88040d837488]
[   48.584504]      scan-1141 get_device_data       : No context for object [ffff88040d8272d0]
[   48.584699]      scan-1141 get_device_data       : No context for object [ffff88040d8272f8]
[   48.584877]     utils-0051 util_eval_error       : Evaluate [\_SB_.PCI0.OHC1._STA]: AE_NOT_FOUND
[   48.585119] device: 'device:11': device_add
[   48.585179] bus: 'acpi': add device device:11
[   48.585252]     utils-0051 util_eval_error       : Evaluate [\_SB_.PCI0.OHC1._SUN]: AE_NOT_FOUND
[   48.585454]      scan-1933 add_single_object     : Added device:11 [\_SB_.PCI0.OHC1] parent PNP0A08:00
[   48.585653]      scan-1141 get_device_data       : No context for object [ffff88040d827320]
[   48.585848]      scan-1141 get_device_data       : No context for object [ffff88040d827348]
[   48.586043]      scan-1141 get_device_data       : No context for object [ffff88040d83b2f8]
[   48.586239]     utils-0051 util_eval_error       : Evaluate [\_SB_.PCI0.OHC1.RHUB._STA]: AE_NOT_FOUND
[   48.587402] device: 'device:12': device_add
[   48.587511] bus: 'acpi': add device device:12
[   48.587587]     utils-0051 util_eval_error       : Evaluate [\_SB_.PCI0.OHC1.RHUB._SUN]: AE_NOT_FOUND
[   48.587792]      scan-1933 add_single_object     : Added device:12 [\_SB_.PCI0.OHC1.RHUB] parent device:11
[   48.587947]      scan-1141 get_device_data       : No context for object [ffff88040d83b320]
[   48.588124]      scan-1141 get_device_data       : No context for object [ffff88040d83b348]
[   48.588323]     utils-0051 util_eval_error       : Evaluate [\_SB_.PCI0.OHC1.RHUB.PRT3._STA]: AE_NOT_FOUND
[   48.588556] device: 'device:13': device_add
[   48.588618] bus: 'acpi': add device device:13
[   48.588692]     utils-0051 util_eval_error       : Evaluate [\_SB_.PCI0.OHC1.RHUB.PRT3._SUN]: AE_NOT_FOUND
[   48.588876]      scan-1933 add_single_object     : Added device:13 [\_SB_.PCI0.OHC1.RHUB.PRT3] parent device:12
[   48.589079]      scan-1141 get_device_data       : No context for object [ffff88040d83b370]
[   48.589276]      scan-1141 get_device_data       : No context for object [ffff88040d83b398]
[   48.589473]      scan-1141 get_device_data       : No context for object [ffff88040d83b3c0]
[   48.589670]      scan-1141 get_device_data       : No context for object [ffff88040d83b3e8]
[   48.589852]     utils-0051 util_eval_error       : Evaluate [\_SB_.PCI0.OHC1.RHUB.PRT4._STA]: AE_NOT_FOUND
[   48.590084] device: 'device:14': device_add
[   48.590147] bus: 'acpi': add device device:14
[   48.590225]     utils-0051 util_eval_error       : Evaluate [\_SB_.PCI0.OHC1.RHUB.PRT4._SUN]: AE_NOT_FOUND
[   48.590431]      scan-1933 add_single_object     : Added device:14 [\_SB_.PCI0.OHC1.RHUB.PRT4] parent device:12
[   48.590633]      scan-1141 get_device_data       : No context for object [ffff88040d83b410]
[   48.590831]      scan-1141 get_device_data       : No context for object [ffff88040d83b438]
[   48.591028]      scan-1141 get_device_data       : No context for object [ffff88040d83b460]
[   48.591226]      scan-1141 get_device_data       : No context for object [ffff88040d827370]
[   48.591424]     utils-0051 util_eval_error       : Evaluate [\_SB_.PCI0.EHC1._STA]: AE_NOT_FOUND
[   48.591668] device: 'device:15': device_add
[   48.591731] bus: 'acpi': add device device:15
[   48.591807]     utils-0051 util_eval_error       : Evaluate [\_SB_.PCI0.EHC1._SUN]: AE_NOT_FOUND
[   48.591991]      scan-1933 add_single_object     : Added device:15 [\_SB_.PCI0.EHC1] parent PNP0A08:00
[   48.592189]      scan-1141 get_device_data       : No context for object [ffff88040d827398]
[   48.592387]      scan-1141 get_device_data       : No context for object [ffff88040d8273c0]
[   48.592584]      scan-1141 get_device_data       : No context for object [ffff88040d83b028]
[   48.592782]     utils-0051 util_eval_error       : Evaluate [\_SB_.PCI0.EHC1.RHUB._STA]: AE_NOT_FOUND
[   48.592967] device: 'device:16': device_add
[   48.593030] bus: 'acpi': add device device:16
[   48.593105]     utils-0051 util_eval_error       : Evaluate [\_SB_.PCI0.EHC1.RHUB._SUN]: AE_NOT_FOUND
[   48.593289]      scan-1933 add_single_object     : Added device:16 [\_SB_.PCI0.EHC1.RHUB] parent device:15
[   48.593494]      scan-1141 get_device_data       : No context for object [ffff88040d83b050]
[   48.593693]      scan-1141 get_device_data       : No context for object [ffff88040d83b078]
[   48.593871]     utils-0051 util_eval_error       : Evaluate [\_SB_.PCI0.EHC1.RHUB.PRT3._STA]: AE_NOT_FOUND
[   48.594105] device: 'device:17': device_add
[   48.594167] bus: 'acpi': add device device:17
[   48.594242]     utils-0051 util_eval_error       : Evaluate [\_SB_.PCI0.EHC1.RHUB.PRT3._SUN]: AE_NOT_FOUND
[   48.594447]      scan-1933 add_single_object     : Added device:17 [\_SB_.PCI0.EHC1.RHUB.PRT3] parent device:16
[   48.594650]      scan-1141 get_device_data       : No context for object [ffff88040d83b0a0]
[   48.594848]      scan-1141 get_device_data       : No context for object [ffff88040d83b0c8]
[   48.595046]      scan-1141 get_device_data       : No context for object [ffff88040d83b0f0]
[   48.595244]      scan-1141 get_device_data       : No context for object [ffff88040d83b118]
[   48.595442]     utils-0051 util_eval_error       : Evaluate [\_SB_.PCI0.EHC1.RHUB.PRT4._STA]: AE_NOT_FOUND
[   48.595675] device: 'device:18': device_add
[   48.595738] bus: 'acpi': add device device:18
[   48.595815]     utils-0051 util_eval_error       : Evaluate [\_SB_.PCI0.EHC1.RHUB.PRT4._SUN]: AE_NOT_FOUND
[   48.595999]      scan-1933 add_single_object     : Added device:18 [\_SB_.PCI0.EHC1.RHUB.PRT4] parent device:16
[   48.596202]      scan-1141 get_device_data       : No context for object [ffff88040d83b140]
[   48.596399]      scan-1141 get_device_data       : No context for object [ffff88040d83b168]
[   48.596596]      scan-1141 get_device_data       : No context for object [ffff88040d83b190]
[   48.596795]      scan-1141 get_device_data       : No context for object [ffff88040d8273e8]
[   48.596951]     utils-0051 util_eval_error       : Evaluate [\_SB_.PCI0.OHC2._STA]: AE_NOT_FOUND
[   48.597174] device: 'device:19': device_add
[   48.597237] bus: 'acpi': add device device:19
[   48.597311]     utils-0051 util_eval_error       : Evaluate [\_SB_.PCI0.OHC2._SUN]: AE_NOT_FOUND
[   48.597512]      scan-1933 add_single_object     : Added device:19 [\_SB_.PCI0.OHC2] parent PNP0A08:00
[   48.597710]      scan-1141 get_device_data       : No context for object [ffff88040d827410]
[   48.597887]      scan-1141 get_device_data       : No context for object [ffff88040d827438]
[   48.598085]      scan-1141 get_device_data       : No context for object [ffff88040d83b488]
[   48.598283]     utils-0051 util_eval_error       : Evaluate [\_SB_.PCI0.OHC2.RHUB._STA]: AE_NOT_FOUND
[   48.598516] device: 'device:1a': device_add
[   48.598578] bus: 'acpi': add device device:1a
[   48.598653]     utils-0051 util_eval_error       : Evaluate [\_SB_.PCI0.OHC2.RHUB._SUN]: AE_NOT_FOUND
[   48.598857]      scan-1933 add_single_object     : Added device:1a [\_SB_.PCI0.OHC2.RHUB] parent device:19
[   48.599059]      scan-1141 get_device_data       : No context for object [ffff88040d83b4b0]
[   48.599257]      scan-1141 get_device_data       : No context for object [ffff88040d83b4d8]
[   48.599455]     utils-0051 util_eval_error       : Evaluate [\_SB_.PCI0.OHC2.RHUB.PRT4._STA]: AE_NOT_FOUND
[   48.599687] device: 'device:1b': device_add
[   48.599750] bus: 'acpi': add device device:1b
[   48.599826]     utils-0051 util_eval_error       : Evaluate [\_SB_.PCI0.OHC2.RHUB.PRT4._SUN]: AE_NOT_FOUND
[   48.600010]      scan-1933 add_single_object     : Added device:1b [\_SB_.PCI0.OHC2.RHUB.PRT4] parent device:1a
[   48.600213]      scan-1141 get_device_data       : No context for object [ffff88040d83b500]
[   48.600407]      scan-1141 get_device_data       : No context for object [ffff88040d83b528]
[   48.600602]      scan-1141 get_device_data       : No context for object [ffff88040d83b550]
[   48.600796]      scan-1141 get_device_data       : No context for object [ffff88040d827460]
[   48.600946]     utils-0051 util_eval_error       : Evaluate [\_SB_.PCI0.EHC2._STA]: AE_NOT_FOUND
[   48.601170] device: 'device:1c': device_add
[   48.601232] bus: 'acpi': add device device:1c
[   48.601305]     utils-0051 util_eval_error       : Evaluate [\_SB_.PCI0.EHC2._SUN]: AE_NOT_FOUND
[   48.601506]      scan-1933 add_single_object     : Added device:1c [\_SB_.PCI0.EHC2] parent PNP0A08:00
[   48.601706]      scan-1141 get_device_data       : No context for object [ffff88040d827488]
[   48.601883]      scan-1141 get_device_data       : No context for object [ffff88040d8274b0]
[   48.602078]      scan-1141 get_device_data       : No context for object [ffff88040d83b1b8]
[   48.602274]     utils-0051 util_eval_error       : Evaluate [\_SB_.PCI0.EHC2.RHUB._STA]: AE_NOT_FOUND
[   48.602503] device: 'device:1d': device_add
[   48.602564] bus: 'acpi': add device device:1d
[   48.602637]     utils-0051 util_eval_error       : Evaluate [\_SB_.PCI0.EHC2.RHUB._SUN]: AE_NOT_FOUND
[   48.602838]      scan-1933 add_single_object     : Added device:1d [\_SB_.PCI0.EHC2.RHUB] parent device:1c
[   48.603036]      scan-1141 get_device_data       : No context for object [ffff88040d83b1e0]
[   48.603231]      scan-1141 get_device_data       : No context for object [ffff88040d83b208]
[   48.603429]     utils-0051 util_eval_error       : Evaluate [\_SB_.PCI0.EHC2.RHUB.PRT2._STA]: AE_NOT_FOUND
[   48.603663] device: 'device:1e': device_add
[   48.603727] bus: 'acpi': add device device:1e
[   48.603800]     utils-0051 util_eval_error       : Evaluate [\_SB_.PCI0.EHC2.RHUB.PRT2._SUN]: AE_NOT_FOUND
[   48.603995]      scan-1933 add_single_object     : Added device:1e [\_SB_.PCI0.EHC2.RHUB.PRT2] parent device:1d
[   48.604195]      scan-1141 get_device_data       : No context for object [ffff88040d83b230]
