[    0.000000] Initializing cgroup subsys cpuset
[    0.000000] Initializing cgroup subsys cpu
[    0.000000] Initializing cgroup subsys cpuacct
[    0.000000] Linux version 3.17.0-rc2-gfd5984d (emacs@manji) (gcc version 4.9.1 (GCC) ) #54 SMP Sun Aug 31 19:13:27 CEST 2014
[    0.000000] Command line: BOOT_IMAGE=/vmlinuz-linux-git root=UUID=bfa4ab6e-19a3-4601-ba2b-267c55841c73 rw cryptdevice=/dev/disk/by-uuid/70c08890-417a-497d-b6ab-c0d0357a63e2:cryptManjaro:allow-discards ipv6.disable=1 pnp.debug=1 loglevel=9 log_buf_len=10M printk.always_kmsg_dump=y printk.time=y mminit_loglevel=0 memory_corruption_check=1 acpi.debug_layer=0xfbff0000 acpi.debug_level=0xFFFFFFFD pnp.debug=1 nohz=on rcu_nocbs=1-3 pcie_aspm=force fbcon=scrollback:4096k fbcon=font:ProFont6x11 radeon.audio=0 radeon.lockup_timeout=0 radeon.test=0 radeon.agpmode=-1 radeon.benchmark=0 radeon.tv=0 radeon.hard_reset=1 radeon.aspm=1 radeon.dpm=1 radeon.msi=1 radeon.pcie_gen2=-1 radeon.no_wb=1 radeon.modeset=1 radeon.dynclks=1 radeon.r4xx_atom=0 radeon.runpm=0 radeonfb radeon.fastfb=1 nomodeset
[    0.000000] KERNEL supported cpus:
[    0.000000]   AMD AuthenticAMD
[    0.000000] tseg: 00bfe00000
[    0.000000] e820: BIOS-provided physical RAM map:
[    0.000000] BIOS-e820: [mem 0x0000000000000000-0x000000000009d7ff] usable
[    0.000000] BIOS-e820: [mem 0x000000000009d800-0x000000000009ffff] reserved
[    0.000000] BIOS-e820: [mem 0x00000000000e0000-0x00000000000fffff] reserved
[    0.000000] BIOS-e820: [mem 0x0000000000100000-0x00000000bed9afff] usable
[    0.000000] BIOS-e820: [mem 0x00000000bed9b000-0x00000000bf39afff] reserved
[    0.000000] BIOS-e820: [mem 0x00000000bf39b000-0x00000000bf49afff] ACPI NVS
[    0.000000] BIOS-e820: [mem 0x00000000bf49b000-0x00000000bf51afff] ACPI data
[    0.000000] BIOS-e820: [mem 0x00000000bf51b000-0x00000000bfdfffff] usable
[    0.000000] BIOS-e820: [mem 0x00000000bfe00000-0x00000000bfffffff] reserved
[    0.000000] BIOS-e820: [mem 0x00000000fec00000-0x00000000fecfffff] reserved
[    0.000000] BIOS-e820: [mem 0x00000000fed80000-0x00000000fed80fff] reserved
[    0.000000] BIOS-e820: [mem 0x00000000ffe00000-0x00000000ffffffff] reserved
[    0.000000] BIOS-e820: [mem 0x0000000100000000-0x000000041effffff] usable
[    0.000000] NX (Execute Disable) protection: active
[    0.000000] SMBIOS 2.6 present.
[    0.000000] DMI: LENOVO Sabine/Torpedo, BIOS 54CN18WW 07/20/2011
[    0.000000] e820: update [mem 0x00000000-0x00000fff] usable ==> reserved
[    0.000000] e820: remove [mem 0x000a0000-0x000fffff] usable
[    0.000000] e820: last_pfn = 0x41f000 max_arch_pfn = 0x400000000
[    0.000000] MTRR default type: uncachable
[    0.000000] MTRR fixed ranges enabled:
[    0.000000]   00000-9FFFF write-back
[    0.000000]   A0000-BFFFF uncachable
[    0.000000]   C0000-FFFFF write-protect
[    0.000000] MTRR variable ranges enabled:
[    0.000000]   0 base 0000000000 mask FF80000000 write-back
[    0.000000]   1 base 0080000000 mask FFC0000000 write-back
[    0.000000]   2 base 00FFF90000 mask FFFFFF0000 uncachable
[    0.000000]   3 base 00FED80000 mask 0FFFFFF000 uncachable
[    0.000000]   4 disabled
[    0.000000]   5 disabled
[    0.000000]   6 disabled
[    0.000000]   7 base 00FFE00000 mask FFFFE00000 write-protect
[    0.000000] TOM2: 000000041f000000 aka 16880M
[    0.000000] mtrr: your BIOS has configured an incorrect mask, fixing it.
[    0.000000] e820: last_pfn = 0xbfe00 max_arch_pfn = 0x400000000
[    0.000000] found SMP MP-table at [mem 0x000fa8b0-0x000fa8bf] mapped at [ffff8800000fa8b0]
[    0.000000] Base memory trampoline at [ffff880000097000] 97000 size 24576
[    0.000000] Using GB pages for direct mapping
[    0.000000] init_memory_mapping: [mem 0x00000000-0x000fffff]
[    0.000000]  [mem 0x00000000-0x000fffff] page 4k
[    0.000000] BRK [0x01e17000, 0x01e17fff] PGTABLE
[    0.000000] BRK [0x01e18000, 0x01e18fff] PGTABLE
[    0.000000] BRK [0x01e19000, 0x01e19fff] PGTABLE
[    0.000000] init_memory_mapping: [mem 0x41ee00000-0x41effffff]
[    0.000000]  [mem 0x41ee00000-0x41effffff] page 2M
[    0.000000] BRK [0x01e1a000, 0x01e1afff] PGTABLE
[    0.000000] init_memory_mapping: [mem 0x41c000000-0x41edfffff]
[    0.000000]  [mem 0x41c000000-0x41edfffff] page 2M
[    0.000000] init_memory_mapping: [mem 0x400000000-0x41bffffff]
[    0.000000]  [mem 0x400000000-0x41bffffff] page 2M
[    0.000000] init_memory_mapping: [mem 0x00100000-0xbed9afff]
[    0.000000]  [mem 0x00100000-0x001fffff] page 4k
[    0.000000]  [mem 0x00200000-0x3fffffff] page 2M
[    0.000000]  [mem 0x40000000-0x7fffffff] page 1G
[    0.000000]  [mem 0x80000000-0xbebfffff] page 2M
[    0.000000]  [mem 0xbec00000-0xbed9afff] page 4k
[    0.000000] init_memory_mapping: [mem 0xbf51b000-0xbfdfffff]
[    0.000000]  [mem 0xbf51b000-0xbf5fffff] page 4k
[    0.000000]  [mem 0xbf600000-0xbfdfffff] page 2M
[    0.000000] BRK [0x01e1b000, 0x01e1bfff] PGTABLE
[    0.000000] init_memory_mapping: [mem 0x100000000-0x3ffffffff]
[    0.000000]  [mem 0x100000000-0x3ffffffff] page 1G
[    0.000000] log_buf_len: 16777216 bytes
[    0.000000] early log buf free: 2092044(99%)
[    0.000000] RAMDISK: [mem 0x3782c000-0x37c0dfff]
[    0.000000] ACPI: Early table checksum verification disabled
[    0.000000] ACPI: RSDP 0x00000000000F0110 000024 (v02 LENOVO)
[    0.000000] ACPI: XSDT 0x00000000BF51A120 000074 (v01 LENOVO CB-01    00000001 LENO 00000001)
[    0.000000] ACPI: FACP 0x00000000BF508000 0000F4 (v04 LENOVO CB-01    00000001 PTL  00000001)
[    0.000000] ACPI: DSDT 0x00000000BF50A000 00FD10 (v01 LENOVO CB-01    00001000 LENO 00000001)
[    0.000000] ACPI: FACS 0x00000000BF478000 000040
[    0.000000] ACPI: HPET 0x00000000BF507000 000038 (v01 LENOVO CB-01    00000001 PTL  00000001)
[    0.000000] ACPI: APIC 0x00000000BF506000 00007A (v02 LENOVO CB-01    00000001 PTL  00000001)
[    0.000000] ACPI: MCFG 0x00000000BF505000 00003C (v01 LENOVO CB-01    00000001 PTL  00000001)
[    0.000000] ACPI: SLIC 0x00000000BF504000 000176 (v01 LENOVO CB-01    00000001 LENO 00000001)
[    0.000000] ACPI: UEFI 0x00000000BF503000 00003E (v01 LENOVO CB-01    00000001 PTL  00000001)
[    0.000000] ACPI: UEFI 0x00000000BF502000 000042 (v01 PTL    COMBUF   00000001 PTL  00000001)
[    0.000000] ACPI: SSDT 0x00000000BF501000 000E34 (v01 AMD    POWERNOW 00000001 AMD  00000001)
[    0.000000] ACPI: SSDT 0x00000000BF4FF000 00193D (v02 AMD    ALIB     00000001 MSFT 04000000)
[    0.000000] ACPI: UEFI 0x00000000BF4FE000 00021A (v01 LENOVO CB-01    00000001 PTL  00000001)
[    0.000000] ACPI: Local APIC address 0xfee00000
[    0.000000] No NUMA configuration found
[    0.000000] Faking a node at [mem 0x0000000000000000-0x000000041effffff]
[    0.000000] Initmem setup node 0 [mem 0x00000000-0x41effffff]
[    0.000000]   NODE_DATA [mem 0x41dffa000-0x41dffdfff]
[    0.000000]  [ffffea0000000000-ffffea00107fffff] PMD -> [ffff88040de00000-ffff88041d5fffff] on node 0
[    0.000000] Zone ranges:
[    0.000000]   DMA      [mem 0x00001000-0x00ffffff]
[    0.000000]   DMA32    [mem 0x01000000-0xffffffff]
[    0.000000]   Normal   [mem 0x100000000-0x41effffff]
[    0.000000] Movable zone start for each node
[    0.000000] Early memory node ranges
[    0.000000]   node   0: [mem 0x00001000-0x0009cfff]
[    0.000000]   node   0: [mem 0x00100000-0xbed9afff]
[    0.000000]   node   0: [mem 0xbf51b000-0xbfdfffff]
[    0.000000]   node   0: [mem 0x100000000-0x41effffff]
[    0.000000] On node 0 totalpages: 4056604
[    0.000000]   DMA zone: 64 pages used for memmap
[    0.000000]   DMA zone: 21 pages reserved
[    0.000000]   DMA zone: 3996 pages, LIFO batch:0
[    0.000000]   DMA32 zone: 12186 pages used for memmap
[    0.000000]   DMA32 zone: 779904 pages, LIFO batch:31
[    0.000000]   Normal zone: 51136 pages used for memmap
[    0.000000]   Normal zone: 3272704 pages, LIFO batch:31
[    0.000000] ACPI: PM-Timer IO Port: 0x808
[    0.000000] ACPI: Local APIC address 0xfee00000
[    0.000000] ACPI: LAPIC (acpi_id[0x00] lapic_id[0x00] enabled)
[    0.000000] ACPI: LAPIC (acpi_id[0x01] lapic_id[0x01] enabled)
[    0.000000] ACPI: LAPIC (acpi_id[0x02] lapic_id[0x02] enabled)
[    0.000000] ACPI: LAPIC (acpi_id[0x03] lapic_id[0x03] enabled)
[    0.000000] ACPI: LAPIC_NMI (acpi_id[0x00] high edge lint[0x1])
[    0.000000] ACPI: LAPIC_NMI (acpi_id[0x01] high edge lint[0x1])
[    0.000000] ACPI: LAPIC_NMI (acpi_id[0x02] high edge lint[0x1])
[    0.000000] ACPI: LAPIC_NMI (acpi_id[0x03] high edge lint[0x1])
[    0.000000] ACPI: IOAPIC (id[0x02] address[0xfec00000] gsi_base[0])
[    0.000000] IOAPIC[0]: apic_id 2, version 33, address 0xfec00000, GSI 0-23
[    0.000000] ACPI: INT_SRC_OVR (bus 0 bus_irq 0 global_irq 2 dfl dfl)
[    0.000000] ACPI: IRQ0 used by override.
[    0.000000] ACPI: IRQ9 used by override.
[    0.000000] Using ACPI (MADT) for SMP configuration information
[    0.000000] ACPI: HPET id: 0x43538210 base: 0xfed00000
[    0.000000] smpboot: Allowing 4 CPUs, 0 hotplug CPUs
[    0.000000] e820: [mem 0xc0000000-0xfebfffff] available for PCI devices
[    0.000000] setup_percpu: NR_CPUS:64 nr_cpumask_bits:64 nr_cpu_ids:4 nr_node_ids:1
[    0.000000] PERCPU: Embedded 27 pages/cpu @ffff88041dc00000 s80256 r8192 d22144 u524288
[    0.000000] pcpu-alloc: s80256 r8192 d22144 u524288 alloc=1*2097152
[    0.000000] pcpu-alloc: [0] 0 1 2 3 
[    0.000000] Built 1 zonelists in Zone order, mobility grouping on.  Total pages: 3993197
[    0.000000] Policy zone: Normal
[    0.000000] Kernel command line: BOOT_IMAGE=/vmlinuz-linux-git root=UUID=bfa4ab6e-19a3-4601-ba2b-267c55841c73 rw cryptdevice=/dev/disk/by-uuid/70c08890-417a-497d-b6ab-c0d0357a63e2:cryptManjaro:allow-discards ipv6.disable=1 pnp.debug=1 loglevel=9 log_buf_len=10M printk.always_kmsg_dump=y printk.time=y mminit_loglevel=0 memory_corruption_check=1 acpi.debug_layer=0xfbff0000 acpi.debug_level=0xFFFFFFFD pnp.debug=1 nohz=on rcu_nocbs=1-3 pcie_aspm=force fbcon=scrollback:4096k fbcon=font:ProFont6x11 radeon.audio=0 radeon.lockup_timeout=0 radeon.test=0 radeon.agpmode=-1 radeon.benchmark=0 radeon.tv=0 radeon.hard_reset=1 radeon.aspm=1 radeon.dpm=1 radeon.msi=1 radeon.pcie_gen2=-1 radeon.no_wb=1 radeon.modeset=1 radeon.dynclks=1 radeon.r4xx_atom=0 radeon.runpm=0 radeonfb radeon.fastfb=1 nomodeset
[    0.000000] PCIe ASPM is forcibly enabled
[    0.000000] PID hash table entries: 4096 (order: 3, 32768 bytes)
[    0.000000] Memory: 15870900K/16226416K available (5251K kernel code, 721K rwdata, 2208K rodata, 848K init, 2588K bss, 355516K reserved)
[    0.000000] SLUB: HWalign=64, Order=0-3, MinObjects=0, CPUs=4, Nodes=1
[    0.000000] Hierarchical RCU implementation.
[    0.000000] 	RCU dyntick-idle grace-period acceleration is enabled.
[    0.000000] 	Additional per-CPU info printed with stalls.
[    0.000000] 	RCU restricting CPUs from NR_CPUS=64 to nr_cpu_ids=4.
[    0.000000] 	Offload RCU callbacks from all CPUs
[    0.000000] 	Offload RCU callbacks from CPUs: 0-3.
[    0.000000] RCU: Adjusting geometry for rcu_fanout_leaf=16, nr_cpu_ids=4
[    0.000000] NR_IRQS:4352 nr_irqs:456 0
[    0.000000] spurious 8259A interrupt: IRQ7.
[    0.000000] vgacon: allocated 4194304 bytes of memory for scrollback. CONFIG_VGACON_SOFT_SCROLLBACK_SIZE=4096
[    0.000000] Console: colour VGA+ 80x25
[    0.000000] console [tty0] enabled
[    0.000000] allocated 65011712 bytes of page_cgroup
[    0.000000] please try 'cgroup_disable=memory' option if you don't want memory cgroups
[    0.000000] hpet clockevent registered
[    0.000000] tsc: Fast TSC calibration using PIT
[    0.000000] tsc: Detected 1397.566 MHz processor
[    0.000040] Calibrating delay loop (skipped), value calculated using timer frequency.. 2796.59 BogoMIPS (lpj=4658553)
[    0.000201] pid_max: default: 32768 minimum: 301
[    0.000270] ACPI: Core revision 20140724
[    0.016258] ACPI: All ACPI Tables successfully acquired
[    0.018129] Security Framework initialized
[    0.019251] Dentry cache hash table entries: 2097152 (order: 12, 16777216 bytes)
[    0.024746] Inode-cache hash table entries: 1048576 (order: 11, 8388608 bytes)
[    0.027580] Mount-cache hash table entries: 32768 (order: 6, 262144 bytes)
[    0.027709] Mountpoint-cache hash table entries: 32768 (order: 6, 262144 bytes)
[    0.028280] Initializing cgroup subsys memory
[    0.028397] Initializing cgroup subsys devices
[    0.028460] Initializing cgroup subsys freezer
[    0.028523] Initializing cgroup subsys net_cls
[    0.028586] Initializing cgroup subsys blkio
[    0.028669] CPU: Physical Processor ID: 0
[    0.028730] CPU: Processor Core ID: 0
[    0.028791] mce: CPU supports 6 MCE banks
[    0.028860] Last level iTLB entries: 4KB 512, 2MB 16, 4MB 8
Last level dTLB entries: 4KB 1024, 2MB 128, 4MB 64, 1GB 0
[    0.029108] Freeing SMP alternatives memory: 20K (ffffffff81b8a000 - ffffffff81b8f000)
[    0.029829] ..TIMER: vector=0x30 apic1=0 pin1=2 apic2=-1 pin2=-1
[    0.062910] smpboot: CPU0: AMD A6-3400M APU with Radeon(tm) HD Graphics (fam: 12, model: 01, stepping: 00)
[    0.166758] Performance Events: AMD PMU driver.
[    0.166862] ... version:                0
[    0.166926] ... bit width:              48
[    0.166989] ... generic registers:      4
[    0.167050] ... value mask:             0000ffffffffffff
[    0.167112] ... max period:             00007fffffffffff
[    0.167174] ... fixed-purpose events:   0
[    0.167237] ... event mask:             000000000000000f
[    0.167771] MCE: In-kernel MCE decoding enabled.
[    0.167940] trying cpu_up:
[    0.168023] NMI watchdog: enabled on all CPUs, permanently consumes one hw-PMU counter.
[    0.168339] smpboot: ++++++++++++++++++++=_---CPU UP  1
[    0.168454] x86: Booting SMP configuration:
[    0.168520] .... node  #0, CPUs:      #1
[    0.168629] smpboot: Setting warm reset code and vector.
[    0.168753] smpboot: 1.
[    0.168817] smpboot: 2.
[    0.168879] smpboot: 3.
[    0.168942] smpboot: waiting 5 sec before INIT
[    5.188506] smpboot: done waiting
[    5.188646] smpboot: Asserting INIT
[    5.188707] smpboot: waiting 5 sec
[   10.196698] smpboot: done waiting
[   10.196840] smpboot: Waiting for INIT send to finish...
[   10.206983] smpboot: status for above ^ is: 0
[   10.207090] smpboot: Deasserting INIT
[   10.207151] smpboot: Waiting for above send to finish...
[   10.207213] smpboot: #startup loops: 2
[   10.207274] smpboot: Sending STARTUP #1
[   10.207335] smpboot: After apic_write
[   10.113120] smpboot: CPU#1 (phys ID: 1) waiting for CALLOUT
[   10.207697] smpboot: Startup point 1
[   10.207871] smpboot: Waiting for send to finish...
[   10.208133] smpboot: Sending STARTUP #2
[   10.208241] smpboot: After apic_write
[   10.208602] smpboot: Startup point 1
[   10.208711] smpboot: Waiting for send to finish...
[   10.208975] smpboot: After Startup
[   10.209082] smpboot: Before Callout 1
[   10.209144] smpboot: After Callout 1
[   10.114805] smpboot: Stack at about ffff880407807f44
[   10.209268] smpboot: start waiting 5sec for response
[   10.209307] smpboot: done waiting 5sec for response
[   10.209404] smpboot: cpumask_test_cpu result: -1
[   10.209467] smpboot: cpu_callin_mask: 0000000000000003
[   10.209567] smpboot: cpu_callout_mask: 0000000000000003
[   10.209630] smpboot: CPU1: has booted.
[   10.211759] TSC synchronization [CPU#0 -> CPU#1]:
[   10.211869] Measured 131832889 cycles TSC warp between CPUs, turning off TSC clock.
[   10.212010] tsc: Marking TSC unstable due to check_tsc_sync_source failed
[   10.212136] after cpu_up !!!!!!!!!!!!
[   10.212222] trying cpu_up:
[   10.212398] smpboot: ++++++++++++++++++++=_---CPU UP  2
[   10.212548]  #2
[   10.212583] smpboot: Setting warm reset code and vector.
[   10.212703] smpboot: 1.
[   10.212763] smpboot: 2.
[   10.212824] smpboot: 3.
[   10.212885] smpboot: waiting 5 sec before INIT
[   15.239854] smpboot: done waiting
[   15.239993] smpboot: Asserting INIT
[   15.240054] smpboot: waiting 5 sec
[   20.965592] smpboot: done waiting
[   20.965734] smpboot: Waiting for INIT send to finish...
[   20.975850] smpboot: status for above ^ is: 0
[   20.975910] smpboot: Deasserting INIT
[   20.975971] smpboot: Waiting for above send to finish...
[   20.976032] smpboot: #startup loops: 2
[   20.976094] smpboot: Sending STARTUP #1
[   20.976156] smpboot: After apic_write
[   20.976518] smpboot: Startup point 1
[   20.976626] smpboot: Waiting for send to finish...
[   20.976890] smpboot: Sending STARTUP #2
[   20.976952] smpboot: After apic_write
[   20.977314] smpboot: Startup point 1
[   20.977423] smpboot: Waiting for send to finish...
[   20.977687] smpboot: After Startup
[   20.977797] smpboot: Before Callout 2
[   20.977860] smpboot: After Callout 2
[   20.977923] smpboot: start waiting 5sec for response
[   20.978065] [sched_delayed] sched: RT throttling activated
[   25.996961] smpboot: done waiting 5sec for response
[   25.997046] smpboot: cpumask_test_cpu result: 0
[   25.997143] smpboot: cpu_callin_mask: 0000000000000003
[   25.997206] smpboot: cpu_callout_mask: 0000000000000007
[   25.997305] smpboot: CPU2: Not responding
[   25.997446] smpboot: do_boot_cpu failed(1) to wakeup CPU#2
[   25.997522] doing it one more time: cpu_up !!!!!!!!!!!!
[   25.997568] smpboot: ++++++++++++++++++++=_---CPU UP  2
[   25.997690]  #2
[   25.997725] smpboot: Setting warm reset code and vector.
[   25.997849] smpboot: 1.
[   25.997911] smpboot: 2.
[   25.997973] smpboot: 3.
[   25.998035] smpboot: waiting 5 sec before INIT
[   31.007347] smpboot: done waiting
[   31.007486] smpboot: Asserting INIT
[   31.007549] smpboot: waiting 5 sec
[   36.016874] smpboot: done waiting
[   36.017016] smpboot: Waiting for INIT send to finish...
[   36.027156] smpboot: status for above ^ is: 0
[   36.027264] smpboot: Deasserting INIT
[   36.027326] smpboot: Waiting for above send to finish...
[   36.027391] smpboot: #startup loops: 2
[   36.027455] smpboot: Sending STARTUP #1
[   36.027518] smpboot: After apic_write
[   36.027881] smpboot: Startup point 1
[   36.027990] smpboot: Waiting for send to finish...
[   36.028254] smpboot: Sending STARTUP #2
[   36.028364] smpboot: After apic_write
[   36.028727] smpboot: Startup point 1
[   36.028835] smpboot: Waiting for send to finish...
[   36.029099] smpboot: After Startup
[   36.029209] smpboot: Before Callout 2
[   36.029272] smpboot: After Callout 2
[   36.029334] smpboot: start waiting 5sec for response
[   41.048173] smpboot: done waiting 5sec for response
[   41.048319] smpboot: cpumask_test_cpu result: 0
[   41.048382] smpboot: cpu_callin_mask: 0000000000000003
[   41.048479] smpboot: cpu_callout_mask: 0000000000000007
[   41.048542] smpboot: CPU2: Not responding
[   41.048666] smpboot: do_boot_cpu failed(1) to wakeup CPU#2
[   41.048737] after cpu_up !!!!!!!!!!!!
[   41.048775] trying cpu_up:
[   41.048948] smpboot: ++++++++++++++++++++=_---CPU UP  3
[   41.049095]  #3
[   41.049132] smpboot: Setting warm reset code and vector.
[   41.049256] smpboot: 1.
[   41.049318] smpboot: 2.
[   41.049380] smpboot: 3.
[   41.049443] smpboot: waiting 5 sec before INIT
[   46.058749] smpboot: done waiting
[   46.058892] smpboot: Asserting INIT
[   46.058955] smpboot: waiting 5 sec
[   51.068268] smpboot: done waiting
[   51.068408] smpboot: Waiting for INIT send to finish...
[   51.078548] smpboot: status for above ^ is: 0
[   51.078659] smpboot: Deasserting INIT
[   51.078721] smpboot: Waiting for above send to finish...
[   51.078786] smpboot: #startup loops: 2
[   51.078849] smpboot: Sending STARTUP #1
[   51.078913] smpboot: After apic_write
[   50.917096] smpboot: CPU#3 (phys ID: 3) waiting for CALLOUT
[   51.079277] smpboot: Startup point 1
[   51.079446] smpboot: Waiting for send to finish...
[   51.079708] smpboot: Sending STARTUP #2
[   51.079794] smpboot: After apic_write
[   51.080157] smpboot: Startup point 1
[   51.080267] smpboot: Waiting for send to finish...
[   51.080531] smpboot: After Startup
[   51.080639] smpboot: Before Callout 3
[   51.080700] smpboot: After Callout 3
[   50.918704] smpboot: Stack at about ffff88040780ff44
[   51.081882] smpboot: start waiting 5sec for response
[   51.081919] smpboot: done waiting 5sec for response
[   51.082016] smpboot: cpumask_test_cpu result: -1
[   51.082079] smpboot: cpu_callin_mask: 000000000000000b
[   51.082176] smpboot: cpu_callout_mask: 000000000000000b
[   51.082240] smpboot: CPU3: has booted.
[   51.082393] after cpu_up !!!!!!!!!!!!
[   51.082432] x86: Booted up 1 node, 3 CPUs
[   51.082554] smpboot: Boot done
[   51.082617] smpboot: Before bogomips
[   51.082681] smpboot: Total of 3 processors activated (8388.78 BogoMIPS)
[   51.082747] smpboot: Before bogocount - setting activated=1
[   50.266775] devtmpfs: initialized
[   50.266826] device: 'platform': device_add
[   50.266965] bus: 'platform': registered
[   50.267036] bus: 'cpu': registered
[   50.267096] device: 'cpu': device_add
[   50.267181] bus: 'container': registered
[   50.267242] device: 'container': device_add
[   50.270294] bus: 'workqueue': registered
[   50.270375] device: 'workqueue': device_add
[   50.270677] atomic64_test: passed for x86-64 platform with CX8 and with SSE
[   50.270790] device class 'regulator': registering
[   50.270899] Registering platform device 'reg-dummy'. Parent at platform
[   50.271008] device: 'reg-dummy': device_add
[   50.271071] bus: 'platform': add device reg-dummy
[   50.271156] bus: 'platform': add driver reg-dummy
[   50.271220] bus: 'platform': driver_probe_device: matched device reg-dummy with driver reg-dummy
[   50.271329] bus: 'platform': really_probe: probing driver reg-dummy with device reg-dummy
[   50.271417] device: 'regulator.0': device_add
[   50.271502] regulator-dummy: no parameters
[   50.271572] driver: 'reg-dummy': driver_bound: bound to device 'reg-dummy'
[   50.271635] bus: 'platform': really_probe: bound device reg-dummy to driver reg-dummy
[   50.271905] NET: Registered protocol family 16
[   50.271905] device class 'bdi': registering
[   50.273337] bus: 'platform': add driver ramoops
[   50.273337] device class 'pci_bus': registering
[   50.273337] bus: 'pci': registered
[   50.273337] device class 'backlight': registering
[   50.273337] device class 'tty': registering
[   50.273337] device class 'vtconsole': registering
[   50.273337] device: 'vtcon0': device_add
[   50.273337] bus: 'node': registered
[   50.273337] device: 'node': device_add
[   50.273337] bus: 'i2c': registered
[   50.273337] bus: 'i2c': add driver dummy
[   50.273337] i2c-core: driver [dummy] registered
[   50.273337] cpuidle: using governor ladder
[   50.273337] cpuidle: using governor menu
[   50.273337] ACPI FADT declares the system doesn't support PCIe ASPM, so disable it
[   50.273337] ACPI: bus type PCI registered
[   50.273337] acpiphp: ACPI Hot Plug PCI Controller Driver version: 0.5
[   50.273337] device class 'dmi': registering
[   50.273337] device: 'id': device_add
[   50.273337] PCI: MMCONFIG for domain 0000 [bus 00-3f] at [mem 0xf8000000-0xfbffffff] (base 0xf8000000)
[   50.273337] PCI: not using MMCONFIG
[   50.273337] PCI: Using configuration type 1 for base access
[   50.273337] PCI: Using configuration type 1 for extended access
[   50.273337] device: 'node0': device_add
[   50.273337] bus: 'node': add device node0
[   50.273337] device: 'cpu0': device_add
[   50.273337] bus: 'cpu': add device cpu0
[   50.273337] device: 'cpu1': device_add
[   50.273339] bus: 'cpu': add device cpu1
[   50.273434] device: 'cpu2': device_add
[   50.273546] bus: 'cpu': add device cpu2
[   50.276669] device: 'cpu3': device_add
[   50.276669] bus: 'cpu': add device cpu3
[   50.276683] kworker/u8:0 (39) used greatest stack depth: 15104 bytes left
[   50.280084] kworker/u8:0 (49) used greatest stack depth: 14848 bytes left
[   50.280166] kworker/u8:0 (56) used greatest stack depth: 14176 bytes left
[   50.283401] device: 'writeback': device_add
[   50.283482] bus: 'workqueue': add device writeback
[   50.283595] device: 'default': device_add
[   50.283789] device class 'block': registering
[   50.283789] ACPI: Added _OSI(Module Device)
[   50.283789] ACPI: Added _OSI(Processor Device)
[   50.283789] ACPI: Added _OSI(3.0 _SCP Extensions)
[   50.283789] ACPI: Added _OSI(Processor Aggregator Device)
[   50.284353] 
**** Context Switch from TID 4294967295 to TID 133431296 ****

[   50.284522]     utils-0051 util_eval_error       : Evaluate [\_SB_.PCI0.LPC0.EC0_._GLK]: AE_NOT_FOUND
[   50.285092] Executing  Method       \_SB_.PCI0.LPC0.EC0_._REG
[   50.285791] Executing  Method       \_SB_.PCI0.LPC0.EC0_._REG
[   50.285990] Executing  Method       \_SB_.PCI0.LPC0.EC0_._REG
[   50.286189] Executing  Method       \_SB_.PCI0.LPC0.EC0_._REG
[   50.289267] Initializing Region       \_SB_.OSTY
[   50.289460] Initializing Region       \_SB_.PCI0.NBMS
[   50.289607] Initializing Region       \_SB_.PCI0.NBXP
[   50.289756] Initializing Region       \_SB_.PCI0.K8ST
[   50.289922] Initializing Region       \_SB_.PCI0.BAR1
[   50.290018] Initializing Region       \_SB_.PCI0.PB2_.XPEX
[   50.290166] Initializing Region       \_SB_.PCI0.PB2_.PCFG
[   50.290312] Initializing Region       \_SB_.PCI0.PB2_.XPCB
[   50.290459] Initializing Region       \_SB_.PCI0.PB2_.XPRI
[   50.290610] Initializing Region       \_SB_.PCI0.PB2_.VGA_.PCFG
[   50.290818] Initializing Region       \_SB_.PCI0.PB2_.HDAU.PCFG
[   50.290990] Initializing Region       \_SB_.PCI0.PB3_.XPEX
[   50.291131] Initializing Region       \_SB_.PCI0.PB3_.PCFG
[   50.291267] Initializing Region       \_SB_.PCI0.PB3_.XPCB
[   50.291414] Initializing Region       \_SB_.PCI0.PB3_.XPRI
[   50.291564] Initializing Region       \_SB_.PCI0.PB3_.VGA_.PCFG
[   50.291780] Initializing Region       \_SB_.PCI0.PB3_.HDAU.PCFG
[   50.291944] Initializing Region       \_SB_.PCI0.PB4_.XPEX
[   50.292090] Initializing Region       \_SB_.PCI0.PB4_.PCFG
[   50.292237] Initializing Region       \_SB_.PCI0.PB4_.XPCB
[   50.292378] Initializing Region       \_SB_.PCI0.PB4_.XPRI
[   50.292518] Initializing Region       \_SB_.PCI0.PB4_.XPDV.PCFG
[   50.292678] Initializing Region       \_SB_.PCI0.PB5_.XPEX
[   50.292824] Initializing Region       \_SB_.PCI0.PB5_.PCFG
[   50.292971] Initializing Region       \_SB_.PCI0.PB5_.XPCB
[   50.293118] Initializing Region       \_SB_.PCI0.PB5_.XPRI
[   50.293269] Initializing Region       \_SB_.PCI0.PB5_.XPDV.PCFG
[   50.293460] Initializing Region       \_SB_.PCI0.PB6_.XPEX
[   50.293603] Initializing Region       \_SB_.PCI0.PB6_.PCFG
[   50.293741] Initializing Region       \_SB_.PCI0.PB6_.XPCB
[   50.293888] Initializing Region       \_SB_.PCI0.PB6_.XPRI
[   50.294040] Initializing Region       \_SB_.PCI0.PB6_.XPDV.PCFG
[   50.294202] Initializing Region       \_SB_.PCI0.PB7_.XPEX
[   50.294349] Initializing Region       \_SB_.PCI0.PB7_.PCFG
[   50.294496] Initializing Region       \_SB_.PCI0.PB7_.XPCB
[   50.294645] Initializing Region       \_SB_.PCI0.PB7_.XPRI
[   50.294797] Initializing Region       \_SB_.PCI0.PB7_.XPDV.PCFG
[   50.295165] Initializing Region       \_SB_.PCI0.SATC
[   50.295359] Initializing Region       \_SB_.PCI0.RMEM
[   50.295537] Initializing Region       \_SB_.PCI0.SATA.SATX
[   50.295691] Initializing Region       \_SB_.PCI0.SATA.BAR5
[   50.316850] Initializing Region       \_SB_.PCI0.SMB_.SBRV
[   50.317059] Initializing Region       \_SB_.PCI0.SMB_.PMIO
[   50.317208] Initializing Region       \_SB_.PCI0.SMB_.ERMM
[   50.317487] Initializing Region       \_SB_.PCI0.SMB_.P1E0
[   50.317648] Initializing Region       \_SB_.PCI0.SMB_.ABIO
[   50.317799] Initializing Region       \_SB_.PCI0.SMB_.SMB0
[   50.317951] Initializing Region       \_SB_.PCI0.LPC0.PIRQ
[   50.318125] Initializing Region       \_SB_.PCI0.LPC0.LPCR
[   50.318393] Initializing Region       \_SB_.PCI0.LPC0.LPCS
[   50.318600] Initializing Region       \_SB_.PCI0.LPC0.SMI0
[   50.318748] Initializing Region       \_SB_.PCI0.LPC0.SMI1
[   50.318903] Initializing Region       \_SB_.PCI0.LPC0.EC0_.ECO1
[   50.319051] Initializing Region       \_SB_.PCI0.LPC0.EC0_.ECO2
[   50.319200] Initializing Region       \_SB_.PCI0.LPC0.EC0_.ECMB
[   50.319336] Initializing Region       \_SB_.PCI0.LPC0.EC0_.RAM_
[   50.319595] Initializing Region       \_SB_.PCI0.LPC0.EC0_.CMOS
[   50.319767] Initializing Region       \_SB_.PCI0.LPC0.EC0_.VPC0.ERAM
[   50.320178] Initializing Region       \_SB_.PCI0.SPB0.PCFG
[   50.320373] Initializing Region       \_SB_.PCI0.SPB0.XPCB
[   50.320525] Initializing Region       \_SB_.PCI0.SPB0.XPDV.PCFG
[   50.320675] Initializing Region       \_SB_.PCI0.SPB1.PCFG
[   50.320819] Initializing Region       \_SB_.PCI0.SPB1.XPCB
[   50.320971] Initializing Region       \_SB_.PCI0.SPB1.XPDV.PCFG
[   50.321132] Initializing Region       \_SB_.PCI0.SPB2.PCFG
[   50.321280] Initializing Region       \_SB_.PCI0.SPB2.XPCB
[   50.321432] Initializing Region       \_SB_.PCI0.SPB2.XPDV.PCFG
[   50.321593] Initializing Region       \_SB_.PCI0.SPB3.PCFG
[   50.321741] Initializing Region       \_SB_.PCI0.SPB3.XPCB
[   50.321884] Initializing Region       \_SB_.PCI0.SPB3.XPDV.PCFG
[   50.322198] Initializing Region       \_SB_.PCI0.VGA_.REVD
[   50.322602] Initializing BufferField  \_SB_.AMW0.WLID
[   50.323165] Initializing Region       \DEB2
[   50.323351] Initializing Region       \PMIO
[   50.323497] Initializing Region       \P01_
[   50.323671] Initializing Region       \CNVS
[   50.323862] Initializing Region       \SPRT
[   50.324023] Initializing Region       \CMIO
[   50.324293] Executing  Method       \_SB_._STA
[   50.324460] Executing  Method       \_SB_._INI
[   50.324629] Executing  Method       \_SB_.PCI0._STA
[   50.324796] Executing  Method       \_SB_.PCI0._INI
[   50.325227] [Firmware Bug]: ACPI: BIOS _OSI(Linux) query ignored
[   50.325626] Executing  Method       \_SB_.PCI0.SATA._STA
[   50.325796] Executing  Method       \_SB_.PCI0.SATA._INI
[   50.326871] Executing  Method       \_SB_.PCI0.LPC0.EC0_._REG
[   50.353451] ACPI: Interpreter enabled
[   50.353582] ACPI: (supports S0 S5)
[   50.353648] ACPI: Using IOAPIC for interrupt routing
[   50.353648] PCI: MMCONFIG for domain 0000 [bus 00-3f] at [mem 0xf8000000-0xfbffffff] (base 0xf8000000)
[   50.354264] PCI: MMCONFIG at [mem 0xf8000000-0xfbffffff] reserved in ACPI motherboard resources
[   50.354557] bus: 'acpi': registered
[   50.356709] PCI: Using host bridge windows from ACPI; if necessary, use "pci=nocrs" and report a bug
[   50.356709]      scan-1141 get_device_data       : No context for object [ffffffffffffffff]
[   50.356709]     utils-0051 util_eval_error       : Evaluate [\._STA]: AE_NOT_FOUND
[   50.356709] device: 'LNXSYSTM:00': device_add
[   50.356709] bus: 'acpi': add device LNXSYSTM:00
[   50.356709]     utils-0051 util_eval_error       : Evaluate [\._SUN]: AE_NOT_FOUND
[   50.356709]      scan-1933 add_single_object     : Added LNXSYSTM:00 [\] parent (null)
[   50.356709]      scan-1141 get_device_data       : No context for object [ffff88040d81d000]
[   50.356709]      scan-1141 get_device_data       : No context for object [ffff88040d8377d0]
[   50.356709]      scan-1141 get_device_data       : No context for object [ffff88040d8377f8]
[   50.356709]      scan-1141 get_device_data       : No context for object [ffff88040d837820]
[   50.356709]      scan-1141 get_device_data       : No context for object [ffff88040d837848]
[   50.356796]      scan-1141 get_device_data       : No context for object [ffff88040d837870]
[   50.356991]      scan-1141 get_device_data       : No context for object [ffff88040d837898]
[   50.360067]      scan-1141 get_device_data       : No context for object [ffff88040d8378c0]
[   50.360067]      scan-1141 get_device_data       : No context for object [ffff88040d8378e8]
[   50.360067]      scan-1141 get_device_data       : No context for object [ffff88040d839398]
[   50.360067]      scan-1141 get_device_data       : No context for object [ffff88040d81d028]
[   50.360067]      scan-1141 get_device_data       : No context for object [ffff88040d81d168]
[   50.360067]     utils-0051 util_eval_error       : Evaluate [\_PR_.C000._STA]: AE_NOT_FOUND
[   50.360067]      scan-1141 get_device_data       : No context for object [ffff88040d81d028]
[   50.360067] device: 'LNXCPU:00': device_add
[   50.360067] bus: 'acpi': add device LNXCPU:00
[   50.360067]     utils-0051 util_eval_error       : Evaluate [\_PR_.C000._SUN]: AE_NOT_FOUND
[   50.360100]      scan-1933 add_single_object     : Added LNXCPU:00 [\_PR_.C000] parent LNXSYSTM:00
[   50.360100]      scan-1141 get_device_data       : No context for object [ffff88040d83c398]
[   50.360100]      scan-1141 get_device_data       : No context for object [ffff88040d83c3c0]
[   50.360100]      scan-1141 get_device_data       : No context for object [ffff88040d83c3e8]
[   50.360100]      scan-1141 get_device_data       : No context for object [ffff88040d83c410]
[   50.360100]      scan-1141 get_device_data       : No context for object [ffff88040d83c438]
[   50.360100]      scan-1141 get_device_data       : No context for object [ffff88040d83c460]
[   50.360166]      scan-1141 get_device_data       : No context for object [ffff88040d81d190]
[   50.360345]     utils-0051 util_eval_error       : Evaluate [\_PR_.C001._STA]: AE_NOT_FOUND
[   50.360543]      scan-1141 get_device_data       : No context for object [ffff88040d81d028]
[   50.360750] device: 'LNXCPU:01': device_add
[   50.360813] bus: 'acpi': add device LNXCPU:01
[   50.360883]     utils-0051 util_eval_error       : Evaluate [\_PR_.C001._SUN]: AE_NOT_FOUND
[   50.363345]      scan-1933 add_single_object     : Added LNXCPU:01 [\_PR_.C001] parent LNXSYSTM:00
[   50.363345]      scan-1141 get_device_data       : No context for object [ffff88040d83c488]
[   50.363345]      scan-1141 get_device_data       : No context for object [ffff88040d83c4b0]
[   50.363345]      scan-1141 get_device_data       : No context for object [ffff88040d83c4d8]
[   50.363345]      scan-1141 get_device_data       : No context for object [ffff88040d83c500]
[   50.363345]      scan-1141 get_device_data       : No context for object [ffff88040d83c528]
[   50.363345]      scan-1141 get_device_data       : No context for object [ffff88040d83c550]
[   50.363345]      scan-1141 get_device_data       : No context for object [ffff88040d81d1b8]
[   50.363345]     utils-0051 util_eval_error       : Evaluate [\_PR_.C002._STA]: AE_NOT_FOUND
[   50.363345]      scan-1141 get_device_data       : No context for object [ffff88040d81d028]
[   50.363345] device: 'LNXCPU:02': device_add
[   50.363345] bus: 'acpi': add device LNXCPU:02
[   50.363345]     utils-0051 util_eval_error       : Evaluate [\_PR_.C002._SUN]: AE_NOT_FOUND
[   50.363371]      scan-1933 add_single_object     : Added LNXCPU:02 [\_PR_.C002] parent LNXSYSTM:00
[   50.363539]      scan-1141 get_device_data       : No context for object [ffff88040d83c578]
[   50.363736]      scan-1141 get_device_data       : No context for object [ffff88040d83c5a0]
[   50.363935]      scan-1141 get_device_data       : No context for object [ffff88040d83c5c8]
[   50.364132]      scan-1141 get_device_data       : No context for object [ffff88040d83c5f0]
[   50.364309]      scan-1141 get_device_data       : No context for object [ffff88040d83c618]
[   50.364506]      scan-1141 get_device_data       : No context for object [ffff88040d83c640]
[   50.364699]      scan-1141 get_device_data       : No context for object [ffff88040d81d1e0]
[   50.364898]     utils-0051 util_eval_error       : Evaluate [\_PR_.C003._STA]: AE_NOT_FOUND
[   50.365097]      scan-1141 get_device_data       : No context for object [ffff88040d81d028]
[   50.365288] device: 'LNXCPU:03': device_add
[   50.365351] bus: 'acpi': add device LNXCPU:03
[   50.365426]     utils-0051 util_eval_error       : Evaluate [\_PR_.C003._SUN]: AE_NOT_FOUND
[   50.366674]      scan-1933 add_single_object     : Added LNXCPU:03 [\_PR_.C003] parent LNXSYSTM:00
[   50.366674]      scan-1141 get_device_data       : No context for object [ffff88040d83c668]
[   50.366674]      scan-1141 get_device_data       : No context for object [ffff88040d83c690]
[   50.366674]      scan-1141 get_device_data       : No context for object [ffff88040d83c6b8]
[   50.366674]      scan-1141 get_device_data       : No context for object [ffff88040d83c6e0]
[   50.366674]      scan-1141 get_device_data       : No context for object [ffff88040d83c708]
[   50.366674]      scan-1141 get_device_data       : No context for object [ffff88040d83c730]
[   50.366867]      scan-1141 get_device_data       : No context for object [ffff88040d81d050]
[   50.367063]     utils-0051 util_eval_error       : Evaluate [\_SB_._STA]: AE_NOT_FOUND
[   50.367290] device: 'LNXSYBUS:00': device_add
[   50.367399] bus: 'acpi': add device LNXSYBUS:00
[   50.367475]     utils-0051 util_eval_error       : Evaluate [\_SB_._SUN]: AE_NOT_FOUND
[   50.370008]      scan-1933 add_single_object     : Added LNXSYBUS:00 [\_SB_] parent LNXSYSTM:00
[   50.370008]      scan-1141 get_device_data       : No context for object [ffff88040d81d3c0]
[   50.370008]      scan-1141 get_device_data       : No context for object [ffff88040d81d3e8]
[   50.370008]      scan-1141 get_device_data       : No context for object [ffff88040d81d410]
[   50.370008]      scan-1141 get_device_data       : No context for object [ffff88040d81d438]
[   50.370008]      scan-1141 get_device_data       : No context for object [ffff88040d81d460]
[   50.370008]      scan-1141 get_device_data       : No context for object [ffff88040d81d488]
[   50.370008]      scan-1141 get_device_data       : No context for object [ffff88040d81d4b0]
[   50.370008]      scan-1141 get_device_data       : No context for object [ffff88040d81d5a0]
[   50.370008]     utils-0051 util_eval_error       : Evaluate [\_SB_.PWRB._STA]: AE_NOT_FOUND
[   50.370008] device: 'PNP0C0C:00': device_add
[   50.370008] bus: 'acpi': add device PNP0C0C:00
[   50.370008]     utils-0051 util_eval_error       : Evaluate [\_SB_.PWRB._SUN]: AE_NOT_FOUND
[   50.370042]      scan-1933 add_single_object     : Added PNP0C0C:00 [\_SB_.PWRB] parent LNXSYBUS:00
[   50.370214]      scan-1141 get_device_data       : No context for object [ffff88040d81d5c8]
[   50.370412]      scan-1141 get_device_data       : No context for object [ffff88040d81d5f0]
[   50.370610]     utils-0051 util_eval_error       : Evaluate [\_SB_.PCI0._STA]: AE_NOT_FOUND
[   50.370864] device: 'PNP0A08:00': device_add
[   50.370977] bus: 'acpi': add device PNP0A08:00
[   50.372121]     utils-0051 util_eval_error       : Evaluate [\_SB_.PCI0._SUN]: AE_NOT_FOUND
[   50.373339]      scan-1933 add_single_object     : Added PNP0A08:00 [\_SB_.PCI0] parent LNXSYBUS:00
[   50.373339]      scan-1141 get_device_data       : No context for object [ffff88040d81d618]
[   50.373339]      scan-1141 get_device_data       : No context for object [ffff88040d81d640]
[   50.373339]      scan-1141 get_device_data       : No context for object [ffff88040d81d668]
[   50.373339]      scan-1141 get_device_data       : No context for object [ffff88040d81d690]
[   50.373339]      scan-1141 get_device_data       : No context for object [ffff88040d81d6b8]
[   50.373530]      scan-1141 get_device_data       : No context for object [ffff88040d81d6e0]
[   50.373724]      scan-1141 get_device_data       : No context for object [ffff88040d81d708]
[   50.373919]      scan-1141 get_device_data       : No context for object [ffff88040d81d730]
[   50.374113]      scan-1141 get_device_data       : No context for object [ffff88040d81d758]
[   50.374308]      scan-1141 get_device_data       : No context for object [ffff88040d81d780]
[   50.374500]      scan-1141 get_device_data       : No context for object [ffff88040d81d7a8]
[   50.374696]      scan-1141 get_device_data       : No context for object [ffff88040d81d7d0]
[   50.374891]      scan-1141 get_device_data       : No context for object [ffff88040d81d7f8]
[   50.375085]      scan-1141 get_device_data       : No context for object [ffff88040d81d820]
[   50.375279]      scan-1141 get_device_data       : No context for object [ffff88040d81d848]
[   50.375455]      scan-1141 get_device_data       : No context for object [ffff88040d81d870]
[   50.375649]      scan-1141 get_device_data       : No context for object [ffff88040d81d898]
[   50.375840]      scan-1141 get_device_data       : No context for object [ffff88040d81d8c0]
[   50.376034]      scan-1141 get_device_data       : No context for object [ffff88040d81d8e8]
[   50.376230]      scan-1141 get_device_data       : No context for object [ffff88040d81d910]
[   50.376379]      scan-1141 get_device_data       : No context for object [ffff88040d81d938]
[   50.376556]      scan-1141 get_device_data       : No context for object [ffff88040d81d960]
[   50.376669]      scan-1141 get_device_data       : No context for object [ffff88040d81d988]
[   50.376863]      scan-1141 get_device_data       : No context for object [ffff88040d81d9b0]
[   50.377061]      scan-1141 get_device_data       : No context for object [ffff88040d81d9d8]
[   50.377238]      scan-1141 get_device_data       : No context for object [ffff88040d81da00]
[   50.377436]      scan-1141 get_device_data       : No context for object [ffff88040d81da28]
[   50.377633]      scan-1141 get_device_data       : No context for object [ffff88040d81da50]
[   50.377831]      scan-1141 get_device_data       : No context for object [ffff88040d81da78]
[   50.378027]      scan-1141 get_device_data       : No context for object [ffff88040d81daa0]
[   50.378222]      scan-1141 get_device_data       : No context for object [ffff88040d81dac8]
[   50.378420]      scan-1141 get_device_data       : No context for object [ffff88040d81daf0]
[   50.378617]      scan-1141 get_device_data       : No context for object [ffff88040d81db18]
[   50.378814]      scan-1141 get_device_data       : No context for object [ffff88040d81db40]
[   50.379011]      scan-1141 get_device_data       : No context for object [ffff88040d81db68]
[   50.379208]      scan-1141 get_device_data       : No context for object [ffff88040d81db90]
[   50.379400]      scan-1141 get_device_data       : No context for object [ffff88040d81dbb8]
[   50.379597]      scan-1141 get_device_data       : No context for object [ffff88040d81dbe0]
[   50.379794]      scan-1141 get_device_data       : No context for object [ffff88040d81dc08]
[   50.380002]      scan-1141 get_device_data       : No context for object [ffff88040d81dc30]
[   50.380199]      scan-1141 get_device_data       : No context for object [ffff88040d81dc58]
[   50.380376]      scan-1141 get_device_data       : No context for object [ffff88040d81dc80]
[   50.380569]      scan-1141 get_device_data       : No context for object [ffff88040d81dca8]
[   50.380769]      scan-1141 get_device_data       : No context for object [ffff88040d81dcd0]
[   50.380966]      scan-1141 get_device_data       : No context for object [ffff88040d81dcf8]
[   50.381163]      scan-1141 get_device_data       : No context for object [ffff88040d81dd20]
[   50.381314]      scan-1141 get_device_data       : No context for object [ffff88040d81dd48]
[   50.381491]      scan-1141 get_device_data       : No context for object [ffff88040d81dd70]
[   50.381688]      scan-1141 get_device_data       : No context for object [ffff88040d81dd98]
[   50.381882]      scan-1141 get_device_data       : No context for object [ffff88040d81ddc0]
[   50.382079]      scan-1141 get_device_data       : No context for object [ffff88040d81dde8]
[   50.382256]      scan-1141 get_device_data       : No context for object [ffff88040d81de10]
[   50.382453]      scan-1141 get_device_data       : No context for object [ffff88040d81de38]
[   50.382650]      scan-1141 get_device_data       : No context for object [ffff88040d81de60]
[   50.382848]      scan-1141 get_device_data       : No context for object [ffff88040d81de88]
[   50.383042]      scan-1141 get_device_data       : No context for object [ffff88040d81deb0]
[   50.383238]      scan-1141 get_device_data       : No context for object [ffff88040d81ded8]
[   50.383497]      scan-1141 get_device_data       : No context for object [ffff88040d81df00]
[   50.383695]      scan-1141 get_device_data       : No context for object [ffff88040d81df28]
[   50.383891]      scan-1141 get_device_data       : No context for object [ffff88040d81df50]
[   50.384088]      scan-1141 get_device_data       : No context for object [ffff88040d81df78]
[   50.384284]      scan-1141 get_device_data       : No context for object [ffff88040d81dfa0]
[   50.384480]      scan-1141 get_device_data       : No context for object [ffff88040d81dfc8]
[   50.384678]      scan-1141 get_device_data       : No context for object [ffff88040d822000]
[   50.384875]      scan-1141 get_device_data       : No context for object [ffff88040d822028]
[   50.385074]     utils-0051 util_eval_error       : Evaluate [\_SB_.PCI0.MEMR._STA]: AE_NOT_FOUND
[   50.385311] device: 'PNP0C02:00': device_add
[   50.385414] bus: 'acpi': add device PNP0C02:00
[   50.385483]     utils-0051 util_eval_error       : Evaluate [\_SB_.PCI0.MEMR._SUN]: AE_NOT_FOUND
[   50.386672]      scan-1933 add_single_object     : Added PNP0C02:00 [\_SB_.PCI0.MEMR] parent PNP0A08:00
[   50.386672]      scan-1141 get_device_data       : No context for object [ffff88040d822050]
[   50.386672]      scan-1141 get_device_data       : No context for object [ffff88040d822078]
[   50.386672]      scan-1141 get_device_data       : No context for object [ffff88040d8220a0]
[   50.386672]      scan-1141 get_device_data       : No context for object [ffff88040d8220c8]
[   50.386672]      scan-1141 get_device_data       : No context for object [ffff88040d8220f0]
[   50.386862]      scan-1141 get_device_data       : No context for object [ffff88040d822118]
[   50.387059]      scan-1141 get_device_data       : No context for object [ffff88040d822140]
[   50.387256]      scan-1141 get_device_data       : No context for object [ffff88040d822168]
[   50.387454]      scan-1141 get_device_data       : No context for object [ffff88040d822190]
[   50.387652]      scan-1141 get_device_data       : No context for object [ffff88040d8221b8]
[   50.387849]      scan-1141 get_device_data       : No context for object [ffff88040d8221e0]
[   50.388042]      scan-1141 get_device_data       : No context for object [ffff88040d822208]
[   50.388239]      scan-1141 get_device_data       : No context for object [ffff88040d822230]
[   50.388416]      scan-1141 get_device_data       : No context for object [ffff88040d822258]
[   50.388614]      scan-1141 get_device_data       : No context for object [ffff88040d822280]
[   50.388811]      scan-1141 get_device_data       : No context for object [ffff88040d8222a8]
[   50.389011]     utils-0051 util_eval_error       : Evaluate [\_SB_.PCI0.PB2_._STA]: AE_NOT_FOUND
[   50.389290] device: 'device:00': device_add
[   50.389352] bus: 'acpi': add device device:00
[   50.389424]     utils-0051 util_eval_error       : Evaluate [\_SB_.PCI0.PB2_._SUN]: AE_NOT_FOUND
[   50.393345]      scan-1933 add_single_object     : Added device:00 [\_SB_.PCI0.PB2_] parent PNP0A08:00
[   50.393544]      scan-1141 get_device_data       : No context for object [ffff88040d8222d0]
[   50.393738]      scan-1141 get_device_data       : No context for object [ffff88040d8222f8]
[   50.393933]      scan-1141 get_device_data       : No context for object [ffff88040d822320]
[   50.394110]      scan-1141 get_device_data       : No context for object [ffff88040d822348]
[   50.394304]      scan-1141 get_device_data       : No context for object [ffff88040d822370]
[   50.394494]      scan-1141 get_device_data       : No context for object [ffff88040d822398]
[   50.394687]      scan-1141 get_device_data       : No context for object [ffff88040d8223c0]
[   50.394882]      scan-1141 get_device_data       : No context for object [ffff88040d8223e8]
[   50.395071]      scan-1141 get_device_data       : No context for object [ffff88040d822410]
[   50.395266]      scan-1141 get_device_data       : No context for object [ffff88040d822438]
[   50.395461]      scan-1141 get_device_data       : No context for object [ffff88040d822460]
[   50.395652]      scan-1141 get_device_data       : No context for object [ffff88040d822488]
[   50.395845]      scan-1141 get_device_data       : No context for object [ffff88040d8224b0]
[   50.396039]      scan-1141 get_device_data       : No context for object [ffff88040d8224d8]
[   50.396039]      scan-1141 get_device_data       : No context for object [ffff88040d822500]
[   50.396039]      scan-1141 get_device_data       : No context for object [ffff88040d822528]
[   50.396039]      scan-1141 get_device_data       : No context for object [ffff88040d822550]
[   50.396039]      scan-1141 get_device_data       : No context for object [ffff88040d822578]
[   50.396039]      scan-1141 get_device_data       : No context for object [ffff88040d8225a0]
[   50.396039]      scan-1141 get_device_data       : No context for object [ffff88040d8225c8]
[   50.396039]      scan-1141 get_device_data       : No context for object [ffff88040d8225f0]
[   50.396039]      scan-1141 get_device_data       : No context for object [ffff88040d822618]
[   50.396039]      scan-1141 get_device_data       : No context for object [ffff88040d822640]
[   50.396039]      scan-1141 get_device_data       : No context for object [ffff88040d822668]
[   50.396039]      scan-1141 get_device_data       : No context for object [ffff88040d822690]
[   50.396039]      scan-1141 get_device_data       : No context for object [ffff88040d8226b8]
[   50.396039]      scan-1141 get_device_data       : No context for object [ffff88040d8226e0]
[   50.396039]      scan-1141 get_device_data       : No context for object [ffff88040d822708]
[   50.396115]      scan-1141 get_device_data       : No context for object [ffff88040d822730]
[   50.396297]      scan-1141 get_device_data       : No context for object [ffff88040d822758]
[   50.396495]      scan-1141 get_device_data       : No context for object [ffff88040d822780]
[   50.396671]     utils-0051 util_eval_error       : Evaluate [\_SB_.PCI0.PB2_.VGA_._STA]: AE_NOT_FOUND
[   50.396909] device: 'device:01': device_add
[   50.397019] bus: 'acpi': add device device:01
[   50.397093]     utils-0051 util_eval_error       : Evaluate [\_SB_.PCI0.PB2_.VGA_._SUN]: AE_NOT_FOUND
[   50.400005]      scan-1933 add_single_object     : Added device:01 [\_SB_.PCI0.PB2_.VGA_] parent device:00
[   50.400005]      scan-1141 get_device_data       : No context for object [ffff88040d8227a8]
[   50.400005]      scan-1141 get_device_data       : No context for object [ffff88040d8227d0]
[   50.400005]      scan-1141 get_device_data       : No context for object [ffff88040d8227f8]
[   50.400005]      scan-1141 get_device_data       : No context for object [ffff88040d822820]
[   50.400005]      scan-1141 get_device_data       : No context for object [ffff88040d822848]
[   50.400005]      scan-1141 get_device_data       : No context for object [ffff88040d822870]
[   50.400005]      scan-1141 get_device_data       : No context for object [ffff88040d822898]
[   50.400005]      scan-1141 get_device_data       : No context for object [ffff88040d8228c0]
[   50.400005]      scan-1141 get_device_data       : No context for object [ffff88040d8228e8]
[   50.400005]      scan-1141 get_device_data       : No context for object [ffff88040d822910]
[   50.400005]      scan-1141 get_device_data       : No context for object [ffff88040d822938]
[   50.400005]      scan-1141 get_device_data       : No context for object [ffff88040d822960]
[   50.400005]      scan-1141 get_device_data       : No context for object [ffff88040d822988]
[   50.400005]      scan-1141 get_device_data       : No context for object [ffff88040d8229b0]
[   50.400196]      scan-1141 get_device_data       : No context for object [ffff88040d8229d8]
[   50.400373]      scan-1141 get_device_data       : No context for object [ffff88040d822a00]
[   50.400571]      scan-1141 get_device_data       : No context for object [ffff88040d822a28]
[   50.400768]      scan-1141 get_device_data       : No context for object [ffff88040d822a50]
[   50.400965]      scan-1141 get_device_data       : No context for object [ffff88040d822a78]
[   50.401163]      scan-1141 get_device_data       : No context for object [ffff88040d822aa0]
[   50.401313]      scan-1141 get_device_data       : No context for object [ffff88040d822ac8]
[   50.401486]      scan-1141 get_device_data       : No context for object [ffff88040d822af0]
[   50.401684]      scan-1141 get_device_data       : No context for object [ffff88040d822b18]
[   50.401882]      scan-1141 get_device_data       : No context for object [ffff88040d822b40]
[   50.402080]      scan-1141 get_device_data       : No context for object [ffff88040d822b68]
[   50.402257]      scan-1141 get_device_data       : No context for object [ffff88040d822b90]
[   50.402454]      scan-1141 get_device_data       : No context for object [ffff88040d822bb8]
[   50.402648]      scan-1141 get_device_data       : No context for object [ffff88040d822be0]
[   50.402847]      scan-1141 get_device_data       : No context for object [ffff88040d822c08]
[   50.403044]      scan-1141 get_device_data       : No context for object [ffff88040d822c30]
[   50.403231]      scan-1141 get_device_data       : No context for object [ffff88040d822c58]
[   50.403497]      scan-1141 get_device_data       : No context for object [ffff88040d822c80]
[   50.403694]      scan-1141 get_device_data       : No context for object [ffff88040d822ca8]
[   50.403891]      scan-1141 get_device_data       : No context for object [ffff88040d822cd0]
[   50.404086]      scan-1141 get_device_data       : No context for object [ffff88040d822cf8]
[   50.404285]      scan-1141 get_device_data       : No context for object [ffff88040d822d20]
[   50.404482]      scan-1141 get_device_data       : No context for object [ffff88040d822d48]
[   50.404680]      scan-1141 get_device_data       : No context for object [ffff88040d822d70]
[   50.404877]      scan-1141 get_device_data       : No context for object [ffff88040d822d98]
[   50.405074]      scan-1141 get_device_data       : No context for object [ffff88040d837438]
[   50.405268]      scan-1141 get_device_data       : No context for object [ffff88040d822dc0]
[   50.405467]     utils-0051 util_eval_error       : Evaluate [\_SB_.PCI0.PB2_.HDAU._STA]: AE_NOT_FOUND
[   50.405699] device: 'device:02': device_add
[   50.405762] bus: 'acpi': add device device:02
[   50.405838]     utils-0051 util_eval_error       : Evaluate [\_SB_.PCI0.PB2_.HDAU._SUN]: AE_NOT_FOUND
[   50.406672]      scan-1933 add_single_object     : Added device:02 [\_SB_.PCI0.PB2_.HDAU] parent device:00
[   50.406672]      scan-1141 get_device_data       : No context for object [ffff88040d822de8]
[   50.406672]      scan-1141 get_device_data       : No context for object [ffff88040d822e10]
[   50.406672]      scan-1141 get_device_data       : No context for object [ffff88040d822e38]
[   50.406672]      scan-1141 get_device_data       : No context for object [ffff88040d822e60]
[   50.406864]      scan-1141 get_device_data       : No context for object [ffff88040d822e88]
[   50.407059]      scan-1141 get_device_data       : No context for object [ffff88040d822eb0]
[   50.407236]      scan-1141 get_device_data       : No context for object [ffff88040d822ed8]
[   50.407431]     utils-0051 util_eval_error       : Evaluate [\_SB_.PCI0.PB3_._STA]: AE_NOT_FOUND
[   50.407718] device: 'device:03': device_add
[   50.407780] bus: 'acpi': add device device:03
[   50.408825]     utils-0051 util_eval_error       : Evaluate [\_SB_.PCI0.PB3_._SUN]: AE_NOT_FOUND
[   50.410013]      scan-1933 add_single_object     : Added device:03 [\_SB_.PCI0.PB3_] parent PNP0A08:00
[   50.410013]      scan-1141 get_device_data       : No context for object [ffff88040d822f00]
[   50.410013]      scan-1141 get_device_data       : No context for object [ffff88040d822f28]
[   50.410013]      scan-1141 get_device_data       : No context for object [ffff88040d822f50]
[   50.410013]      scan-1141 get_device_data       : No context for object [ffff88040d822f78]
[   50.410013]      scan-1141 get_device_data       : No context for object [ffff88040d822fa0]
[   50.410198]      scan-1141 get_device_data       : No context for object [ffff88040d822fc8]
[   50.410396]      scan-1141 get_device_data       : No context for object [ffff88040d823000]
[   50.410594]      scan-1141 get_device_data       : No context for object [ffff88040d823028]
[   50.410792]      scan-1141 get_device_data       : No context for object [ffff88040d823050]
[   50.410989]      scan-1141 get_device_data       : No context for object [ffff88040d823078]
[   50.411185]      scan-1141 get_device_data       : No context for object [ffff88040d8230a0]
[   50.411364]      scan-1141 get_device_data       : No context for object [ffff88040d8230c8]
[   50.411561]      scan-1141 get_device_data       : No context for object [ffff88040d8230f0]
[   50.411759]      scan-1141 get_device_data       : No context for object [ffff88040d823118]
[   50.411956]      scan-1141 get_device_data       : No context for object [ffff88040d823140]
[   50.412154]      scan-1141 get_device_data       : No context for object [ffff88040d823168]
[   50.412305]      scan-1141 get_device_data       : No context for object [ffff88040d823190]
[   50.412479]      scan-1141 get_device_data       : No context for object [ffff88040d8231b8]
[   50.412677]      scan-1141 get_device_data       : No context for object [ffff88040d8231e0]
[   50.412874]      scan-1141 get_device_data       : No context for object [ffff88040d823208]
[   50.413072]      scan-1141 get_device_data       : No context for object [ffff88040d823230]
[   50.413336]      scan-1141 get_device_data       : No context for object [ffff88040d823258]
[   50.413533]      scan-1141 get_device_data       : No context for object [ffff88040d823280]
[   50.413730]      scan-1141 get_device_data       : No context for object [ffff88040d8232a8]
[   50.413926]      scan-1141 get_device_data       : No context for object [ffff88040d8232d0]
[   50.414123]      scan-1141 get_device_data       : No context for object [ffff88040d8232f8]
[   50.414307]      scan-1141 get_device_data       : No context for object [ffff88040d823320]
[   50.414505]      scan-1141 get_device_data       : No context for object [ffff88040d823348]
[   50.414703]      scan-1141 get_device_data       : No context for object [ffff88040d823370]
[   50.414900]      scan-1141 get_device_data       : No context for object [ffff88040d823398]
[   50.415094]      scan-1141 get_device_data       : No context for object [ffff88040d8233c0]
[   50.415294]     utils-0051 util_eval_error       : Evaluate [\_SB_.PCI0.PB3_.VGA_._STA]: AE_NOT_FOUND
[   50.415523]     video-0058 backlight_cap_match   : Found generic backlight support
[   50.415732] device: 'LNXVIDEO:00': device_add
[   50.415796] bus: 'acpi': add device LNXVIDEO:00
[   50.415873]     utils-0051 util_eval_error       : Evaluate [\_SB_.PCI0.PB3_.VGA_._SUN]: AE_NOT_FOUND
[   50.416677]      scan-1933 add_single_object     : Added LNXVIDEO:00 [\_SB_.PCI0.PB3_.VGA_] parent device:03
[   50.416677]      scan-1141 get_device_data       : No context for object [ffff88040d8233e8]
[   50.416677]      scan-1141 get_device_data       : No context for object [ffff88040d823410]
[   50.416677]      scan-1141 get_device_data       : No context for object [ffff88040d823438]
[   50.416867]      scan-1141 get_device_data       : No context for object [ffff88040d823460]
[   50.417064]      scan-1141 get_device_data       : No context for object [ffff88040d823488]
[   50.417262]      scan-1141 get_device_data       : No context for object [ffff88040d8234b0]
[   50.417410]      scan-1141 get_device_data       : No context for object [ffff88040d8234d8]
[   50.417585]      scan-1141 get_device_data       : No context for object [ffff88040d823500]
[   50.417782]      scan-1141 get_device_data       : No context for object [ffff88040d823528]
[   50.417979]      scan-1141 get_device_data       : No context for object [ffff88040d823550]
[   50.418176]      scan-1141 get_device_data       : No context for object [ffff88040d823578]
[   50.418353]      scan-1141 get_device_data       : No context for object [ffff88040d8235a0]
[   50.418549]      scan-1141 get_device_data       : No context for object [ffff88040d8235c8]
[   50.418743]      scan-1141 get_device_data       : No context for object [ffff88040d8235f0]
[   50.418940]      scan-1141 get_device_data       : No context for object [ffff88040d823618]
[   50.419137]      scan-1141 get_device_data       : No context for object [ffff88040d823640]
[   50.419324]      scan-1141 get_device_data       : No context for object [ffff88040d823668]
[   50.419521]      scan-1141 get_device_data       : No context for object [ffff88040d823690]
[   50.419719]      scan-1141 get_device_data       : No context for object [ffff88040d8236b8]
[   50.419914]      scan-1141 get_device_data       : No context for object [ffff88040d8236e0]
[   50.420002]      scan-1141 get_device_data       : No context for object [ffff88040d823708]
[   50.420200]      scan-1141 get_device_data       : No context for object [ffff88040d823730]
[   50.420398]      scan-1141 get_device_data       : No context for object [ffff88040d823758]
[   50.420596]      scan-1141 get_device_data       : No context for object [ffff88040d823780]
[   50.420793]      scan-1141 get_device_data       : No context for object [ffff88040d8237a8]
[   50.420988]      scan-1141 get_device_data       : No context for object [ffff88040d8237d0]
[   50.421183]      scan-1141 get_device_data       : No context for object [ffff88040d8237f8]
[   50.421381]      scan-1141 get_device_data       : No context for object [ffff88040d823820]
[   50.421578]      scan-1141 get_device_data       : No context for object [ffff88040d823848]
[   50.421775]      scan-1141 get_device_data       : No context for object [ffff88040d823870]
[   50.421972]      scan-1141 get_device_data       : No context for object [ffff88040d823898]
[   50.422170]      scan-1141 get_device_data       : No context for object [ffff88040d8238c0]
[   50.422344]      scan-1141 get_device_data       : No context for object [ffff88040d8238e8]
[   50.422541]      scan-1141 get_device_data       : No context for object [ffff88040d823910]
[   50.422735]      scan-1141 get_device_data       : No context for object [ffff88040d823938]
[   50.422929]      scan-1141 get_device_data       : No context for object [ffff88040d823960]
[   50.423123]      scan-1141 get_device_data       : No context for object [ffff88040d823988]
[   50.423335]      scan-1141 get_device_data       : No context for object [ffff88040d8239b0]
[   50.423511]      scan-1141 get_device_data       : No context for object [ffff88040d8239d8]
[   50.423704]      scan-1141 get_device_data       : No context for object [ffff88040d837460]
[   50.423898]      scan-1141 get_device_data       : No context for object [ffff88040d83ac08]
[   50.424092]      scan-1141 get_device_data       : No context for object [ffff88040d83ac30]
[   50.424275]      scan-1141 get_device_data       : No context for object [ffff88040d83ac58]
[   50.424471]     utils-0051 util_eval_error       : Evaluate [\_SB_.PCI0.PB3_.VGA_.CRT_._STA]: AE_NOT_FOUND
[   50.424695] device: 'device:04': device_add
[   50.424754] bus: 'acpi': add device device:04
[   50.424829]     utils-0051 util_eval_error       : Evaluate [\_SB_.PCI0.PB3_.VGA_.CRT_._SUN]: AE_NOT_FOUND
[   50.426697]      scan-1933 add_single_object     : Added device:04 [\_SB_.PCI0.PB3_.VGA_.CRT_] parent LNXVIDEO:00
[   50.426697]      scan-1141 get_device_data       : No context for object [ffff88040d83ac80]
[   50.426697]      scan-1141 get_device_data       : No context for object [ffff88040d83aca8]
[   50.426697]      scan-1141 get_device_data       : No context for object [ffff88040d83acd0]
[   50.426697]      scan-1141 get_device_data       : No context for object [ffff88040d83acf8]
[   50.426697]      scan-1141 get_device_data       : No context for object [ffff88040d83ad20]
[   50.430003]     utils-0051 util_eval_error       : Evaluate [\_SB_.PCI0.PB3_.VGA_.LCD_._STA]: AE_NOT_FOUND
[   50.430221] device: 'device:05': device_add
[   50.430284] bus: 'acpi': add device device:05
[   50.430358]     utils-0051 util_eval_error       : Evaluate [\_SB_.PCI0.PB3_.VGA_.LCD_._SUN]: AE_NOT_FOUND
[   50.430565]      scan-1933 add_single_object     : Added device:05 [\_SB_.PCI0.PB3_.VGA_.LCD_] parent LNXVIDEO:00
[   50.430769]      scan-1141 get_device_data       : No context for object [ffff88040d83ad48]
[   50.430966]      scan-1141 get_device_data       : No context for object [ffff88040d83ad70]
[   50.431144]      scan-1141 get_device_data       : No context for object [ffff88040d83ad98]
[   50.431336]      scan-1141 get_device_data       : No context for object [ffff88040d83adc0]
[   50.431534]      scan-1141 get_device_data       : No context for object [ffff88040d83ade8]
[   50.431732]      scan-1141 get_device_data       : No context for object [ffff88040d83ae10]
[   50.431929]      scan-1141 get_device_data       : No context for object [ffff88040d83ae38]
[   50.432127]      scan-1141 get_device_data       : No context for object [ffff88040d83ae60]
[   50.432326]     utils-0051 util_eval_error       : Evaluate [\_SB_.PCI0.PB3_.VGA_.TV0_._STA]: AE_NOT_FOUND
[   50.432543] device: 'device:06': device_add
[   50.432606] bus: 'acpi': add device device:06
[   50.432680]     utils-0051 util_eval_error       : Evaluate [\_SB_.PCI0.PB3_.VGA_.TV0_._SUN]: AE_NOT_FOUND
[   50.432680]      scan-1933 add_single_object     : Added device:06 [\_SB_.PCI0.PB3_.VGA_.TV0_] parent LNXVIDEO:00
[   50.432680]      scan-1141 get_device_data       : No context for object [ffff88040d83ae88]
[   50.432680]      scan-1141 get_device_data       : No context for object [ffff88040d83aeb0]
[   50.432680]      scan-1141 get_device_data       : No context for object [ffff88040d83aed8]
[   50.432680]      scan-1141 get_device_data       : No context for object [ffff88040d83af00]
[   50.432680]      scan-1141 get_device_data       : No context for object [ffff88040d83af28]
[   50.432680]     utils-0051 util_eval_error       : Evaluate [\_SB_.PCI0.PB3_.VGA_.HDMI._STA]: AE_NOT_FOUND
[   50.432680] device: 'device:07': device_add
[   50.432680] bus: 'acpi': add device device:07
[   50.432680]     utils-0051 util_eval_error       : Evaluate [\_SB_.PCI0.PB3_.VGA_.HDMI._SUN]: AE_NOT_FOUND
[   50.433362]      scan-1933 add_single_object     : Added device:07 [\_SB_.PCI0.PB3_.VGA_.HDMI] parent LNXVIDEO:00
[   50.433362]      scan-1141 get_device_data       : No context for object [ffff88040d83af50]
[   50.433362]      scan-1141 get_device_data       : No context for object [ffff88040d83af78]
[   50.433362]      scan-1141 get_device_data       : No context for object [ffff88040d83afa0]
[   50.433362]      scan-1141 get_device_data       : No context for object [ffff88040d83afc8]
[   50.433362]      scan-1141 get_device_data       : No context for object [ffff88040d823a00]
[   50.433362]     utils-0051 util_eval_error       : Evaluate [\_SB_.PCI0.PB3_.HDAU._STA]: AE_NOT_FOUND
[   50.433362] device: 'device:08': device_add
[   50.433362] bus: 'acpi': add device device:08
[   50.433362]     utils-0051 util_eval_error       : Evaluate [\_SB_.PCI0.PB3_.HDAU._SUN]: AE_NOT_FOUND
[   50.433525]      scan-1933 add_single_object     : Added device:08 [\_SB_.PCI0.PB3_.HDAU] parent device:03
[   50.433727]      scan-1141 get_device_data       : No context for object [ffff88040d823a28]
[   50.433925]      scan-1141 get_device_data       : No context for object [ffff88040d823a50]
[   50.434122]      scan-1141 get_device_data       : No context for object [ffff88040d823a78]
[   50.434318]      scan-1141 get_device_data       : No context for object [ffff88040d823aa0]
[   50.434515]      scan-1141 get_device_data       : No context for object [ffff88040d823ac8]
[   50.434708]      scan-1141 get_device_data       : No context for object [ffff88040d823af0]
[   50.434905]      scan-1141 get_device_data       : No context for object [ffff88040d823b18]
[   50.435104]     utils-0051 util_eval_error       : Evaluate [\_SB_.PCI0.PB4_._STA]: AE_NOT_FOUND
[   50.435387] device: 'device:09': device_add
[   50.435450] bus: 'acpi': add device device:09
[   50.435527]     utils-0051 util_eval_error       : Evaluate [\_SB_.PCI0.PB4_._SUN]: AE_NOT_FOUND
[   50.436684]      scan-1933 add_single_object     : Added device:09 [\_SB_.PCI0.PB4_] parent PNP0A08:00
[   50.436684]      scan-1141 get_device_data       : No context for object [ffff88040d823b40]
[   50.436684]      scan-1141 get_device_data       : No context for object [ffff88040d823b68]
[   50.436684]      scan-1141 get_device_data       : No context for object [ffff88040d823b90]
[   50.436684]      scan-1141 get_device_data       : No context for object [ffff88040d823bb8]
[   50.436684]      scan-1141 get_device_data       : No context for object [ffff88040d823be0]
[   50.436868]      scan-1141 get_device_data       : No context for object [ffff88040d823c08]
[   50.437059]      scan-1141 get_device_data       : No context for object [ffff88040d823c30]
[   50.437258]      scan-1141 get_device_data       : No context for object [ffff88040d823c58]
[   50.437456]      scan-1141 get_device_data       : No context for object [ffff88040d823c80]
[   50.437654]      scan-1141 get_device_data       : No context for object [ffff88040d823ca8]
[   50.437852]      scan-1141 get_device_data       : No context for object [ffff88040d823cd0]
[   50.438049]      scan-1141 get_device_data       : No context for object [ffff88040d823cf8]
[   50.438244]      scan-1141 get_device_data       : No context for object [ffff88040d823d20]
[   50.438441]      scan-1141 get_device_data       : No context for object [ffff88040d823d48]
[   50.438638]      scan-1141 get_device_data       : No context for object [ffff88040d823d70]
[   50.438835]      scan-1141 get_device_data       : No context for object [ffff88040d823d98]
[   50.439033]      scan-1141 get_device_data       : No context for object [ffff88040d823dc0]
[   50.439230]      scan-1141 get_device_data       : No context for object [ffff88040d823de8]
[   50.439414]      scan-1141 get_device_data       : No context for object [ffff88040d823e10]
[   50.439605]      scan-1141 get_device_data       : No context for object [ffff88040d823e38]
[   50.439800]      scan-1141 get_device_data       : No context for object [ffff88040d823e60]
[   50.440002]      scan-1141 get_device_data       : No context for object [ffff88040d823e88]
[   50.440197]      scan-1141 get_device_data       : No context for object [ffff88040d823eb0]
[   50.440346]      scan-1141 get_device_data       : No context for object [ffff88040d823ed8]
[   50.440522]      scan-1141 get_device_data       : No context for object [ffff88040d823f00]
[   50.440713]      scan-1141 get_device_data       : No context for object [ffff88040d823f28]
[   50.440908]      scan-1141 get_device_data       : No context for object [ffff88040d823f50]
[   50.441104]      scan-1141 get_device_data       : No context for object [ffff88040d823f78]
[   50.441281]      scan-1141 get_device_data       : No context for object [ffff88040d823fa0]
[   50.441475]      scan-1141 get_device_data       : No context for object [ffff88040d823fc8]
[   50.441669]      scan-1141 get_device_data       : No context for object [ffff88040d825000]
[   50.441866]     utils-0051 util_eval_error       : Evaluate [\_SB_.PCI0.PB4_.XPDV._STA]: AE_NOT_FOUND
[   50.442092] device: 'device:0a': device_add
[   50.442154] bus: 'acpi': add device device:0a
[   50.442228]     utils-0051 util_eval_error       : Evaluate [\_SB_.PCI0.PB4_.XPDV._SUN]: AE_NOT_FOUND
[   50.443346]      scan-1933 add_single_object     : Added device:0a [\_SB_.PCI0.PB4_.XPDV] parent device:09
[   50.443346]      scan-1141 get_device_data       : No context for object [ffff88040d825028]
[   50.443346]      scan-1141 get_device_data       : No context for object [ffff88040d825050]
[   50.443346]      scan-1141 get_device_data       : No context for object [ffff88040d825078]
[   50.443346]      scan-1141 get_device_data       : No context for object [ffff88040d8250a0]
[   50.443346]      scan-1141 get_device_data       : No context for object [ffff88040d8250c8]
[   50.443513]      scan-1141 get_device_data       : No context for object [ffff88040d837500]
[   50.443710]      scan-1141 get_device_data       : No context for object [ffff88040d8250f0]
[   50.443907]      scan-1141 get_device_data       : No context for object [ffff88040d825118]
[   50.444106]     utils-0051 util_eval_error       : Evaluate [\_SB_.PCI0.PB5_._STA]: AE_NOT_FOUND
[   50.444314] device: 'device:0b': device_add
[   50.444373] bus: 'acpi': add device device:0b
[   50.445507]     utils-0051 util_eval_error       : Evaluate [\_SB_.PCI0.PB5_._SUN]: AE_NOT_FOUND
[   50.446695]      scan-1933 add_single_object     : Added device:0b [\_SB_.PCI0.PB5_] parent PNP0A08:00
[   50.446695]      scan-1141 get_device_data       : No context for object [ffff88040d825140]
[   50.446695]      scan-1141 get_device_data       : No context for object [ffff88040d825168]
[   50.446695]      scan-1141 get_device_data       : No context for object [ffff88040d825190]
[   50.446695]      scan-1141 get_device_data       : No context for object [ffff88040d8251b8]
[   50.446695]      scan-1141 get_device_data       : No context for object [ffff88040d8251e0]
[   50.446862]      scan-1141 get_device_data       : No context for object [ffff88040d825208]
[   50.447059]      scan-1141 get_device_data       : No context for object [ffff88040d825230]
[   50.447250]      scan-1141 get_device_data       : No context for object [ffff88040d825258]
[   50.447447]      scan-1141 get_device_data       : No context for object [ffff88040d825280]
[   50.447646]      scan-1141 get_device_data       : No context for object [ffff88040d8252a8]
[   50.447843]      scan-1141 get_device_data       : No context for object [ffff88040d8252d0]
[   50.448037]      scan-1141 get_device_data       : No context for object [ffff88040d8252f8]
[   50.448233]      scan-1141 get_device_data       : No context for object [ffff88040d825320]
[   50.448430]      scan-1141 get_device_data       : No context for object [ffff88040d825348]
[   50.448628]      scan-1141 get_device_data       : No context for object [ffff88040d825370]
[   50.448825]      scan-1141 get_device_data       : No context for object [ffff88040d825398]
[   50.449022]      scan-1141 get_device_data       : No context for object [ffff88040d8253c0]
[   50.449218]      scan-1141 get_device_data       : No context for object [ffff88040d8253e8]
[   50.449412]      scan-1141 get_device_data       : No context for object [ffff88040d825410]
[   50.449611]      scan-1141 get_device_data       : No context for object [ffff88040d825438]
[   50.449808]      scan-1141 get_device_data       : No context for object [ffff88040d825460]
[   50.450002]      scan-1141 get_device_data       : No context for object [ffff88040d825488]
[   50.450200]      scan-1141 get_device_data       : No context for object [ffff88040d8254b0]
[   50.450377]      scan-1141 get_device_data       : No context for object [ffff88040d8254d8]
[   50.450570]      scan-1141 get_device_data       : No context for object [ffff88040d825500]
[   50.450768]      scan-1141 get_device_data       : No context for object [ffff88040d825528]
[   50.450965]      scan-1141 get_device_data       : No context for object [ffff88040d825550]
[   50.451163]      scan-1141 get_device_data       : No context for object [ffff88040d825578]
[   50.451314]      scan-1141 get_device_data       : No context for object [ffff88040d8255a0]
[   50.451491]      scan-1141 get_device_data       : No context for object [ffff88040d8255c8]
[   50.451687]      scan-1141 get_device_data       : No context for object [ffff88040d8255f0]
[   50.451884]     utils-0051 util_eval_error       : Evaluate [\_SB_.PCI0.PB5_.XPDV._STA]: AE_NOT_FOUND
[   50.452116] device: 'device:0c': device_add
[   50.452179] bus: 'acpi': add device device:0c
[   50.452256]     utils-0051 util_eval_error       : Evaluate [\_SB_.PCI0.PB5_.XPDV._SUN]: AE_NOT_FOUND
[   50.453361]      scan-1933 add_single_object     : Added device:0c [\_SB_.PCI0.PB5_.XPDV] parent device:0b
[   50.453361]      scan-1141 get_device_data       : No context for object [ffff88040d825618]
[   50.453361]      scan-1141 get_device_data       : No context for object [ffff88040d825640]
[   50.453361]      scan-1141 get_device_data       : No context for object [ffff88040d825668]
[   50.453361]      scan-1141 get_device_data       : No context for object [ffff88040d825690]
[   50.453498]      scan-1141 get_device_data       : No context for object [ffff88040d8256b8]
[   50.453696]      scan-1141 get_device_data       : No context for object [ffff88040d837528]
[   50.453893]      scan-1141 get_device_data       : No context for object [ffff88040d8256e0]
[   50.454092]      scan-1141 get_device_data       : No context for object [ffff88040d825708]
[   50.454285]     utils-0051 util_eval_error       : Evaluate [\_SB_.PCI0.PB6_._STA]: AE_NOT_FOUND
[   50.454580] device: 'device:0d': device_add
[   50.454643] bus: 'acpi': add device device:0d
[   50.454718]     utils-0051 util_eval_error       : Evaluate [\_SB_.PCI0.PB6_._SUN]: AE_NOT_FOUND
[   50.456679]      scan-1933 add_single_object     : Added device:0d [\_SB_.PCI0.PB6_] parent PNP0A08:00
[   50.456679]      scan-1141 get_device_data       : No context for object [ffff88040d825730]
[   50.456679]      scan-1141 get_device_data       : No context for object [ffff88040d825758]
[   50.456679]      scan-1141 get_device_data       : No context for object [ffff88040d825780]
[   50.456679]      scan-1141 get_device_data       : No context for object [ffff88040d8257a8]
[   50.456679]      scan-1141 get_device_data       : No context for object [ffff88040d8257d0]
[   50.456679]      scan-1141 get_device_data       : No context for object [ffff88040d8257f8]
[   50.456679]      scan-1141 get_device_data       : No context for object [ffff88040d825820]
[   50.456679]      scan-1141 get_device_data       : No context for object [ffff88040d825848]
[   50.456679]      scan-1141 get_device_data       : No context for object [ffff88040d825870]
[   50.456862]      scan-1141 get_device_data       : No context for object [ffff88040d825898]
[   50.457057]      scan-1141 get_device_data       : No context for object [ffff88040d8258c0]
[   50.457252]      scan-1141 get_device_data       : No context for object [ffff88040d8258e8]
[   50.457399]      scan-1141 get_device_data       : No context for object [ffff88040d825910]
[   50.457576]      scan-1141 get_device_data       : No context for object [ffff88040d825938]
[   50.457771]      scan-1141 get_device_data       : No context for object [ffff88040d825960]
[   50.457963]      scan-1141 get_device_data       : No context for object [ffff88040d825988]
[   50.458157]      scan-1141 get_device_data       : No context for object [ffff88040d8259b0]
[   50.458334]      scan-1141 get_device_data       : No context for object [ffff88040d8259d8]
[   50.458529]      scan-1141 get_device_data       : No context for object [ffff88040d825a00]
[   50.458723]      scan-1141 get_device_data       : No context for object [ffff88040d825a28]
[   50.458919]      scan-1141 get_device_data       : No context for object [ffff88040d825a50]
[   50.459111]      scan-1141 get_device_data       : No context for object [ffff88040d825a78]
[   50.459297]      scan-1141 get_device_data       : No context for object [ffff88040d825aa0]
[   50.459493]      scan-1141 get_device_data       : No context for object [ffff88040d825ac8]
[   50.459688]      scan-1141 get_device_data       : No context for object [ffff88040d825af0]
[   50.459883]      scan-1141 get_device_data       : No context for object [ffff88040d825b18]
[   50.460002]      scan-1141 get_device_data       : No context for object [ffff88040d825b40]
[   50.460197]      scan-1141 get_device_data       : No context for object [ffff88040d825b68]
[   50.460390]      scan-1141 get_device_data       : No context for object [ffff88040d825b90]
[   50.460587]      scan-1141 get_device_data       : No context for object [ffff88040d825bb8]
[   50.460784]      scan-1141 get_device_data       : No context for object [ffff88040d825be0]
[   50.460983]     utils-0051 util_eval_error       : Evaluate [\_SB_.PCI0.PB6_.XPDV._STA]: AE_NOT_FOUND
[   50.461218] device: 'device:0e': device_add
[   50.461330] bus: 'acpi': add device device:0e
[   50.461398]     utils-0051 util_eval_error       : Evaluate [\_SB_.PCI0.PB6_.XPDV._SUN]: AE_NOT_FOUND
[   50.463344]      scan-1933 add_single_object     : Added device:0e [\_SB_.PCI0.PB6_.XPDV] parent device:0d
[   50.463344]      scan-1141 get_device_data       : No context for object [ffff88040d825c08]
[   50.463344]      scan-1141 get_device_data       : No context for object [ffff88040d825c30]
[   50.463344]      scan-1141 get_device_data       : No context for object [ffff88040d825c58]
[   50.463344]      scan-1141 get_device_data       : No context for object [ffff88040d825c80]
[   50.463344]      scan-1141 get_device_data       : No context for object [ffff88040d825ca8]
[   50.463344]      scan-1141 get_device_data       : No context for object [ffff88040d837550]
[   50.466668]      scan-1141 get_device_data       : No context for object [ffff88040d825cd0]
[   50.466867]      scan-1141 get_device_data       : No context for object [ffff88040d825cf8]
[   50.467065]     utils-0051 util_eval_error       : Evaluate [\_SB_.PCI0.PB7_._STA]: AE_NOT_FOUND
[   50.467359] device: 'device:0f': device_add
[   50.467422] bus: 'acpi': add device device:0f
[   50.467499]     utils-0051 util_eval_error       : Evaluate [\_SB_.PCI0.PB7_._SUN]: AE_NOT_FOUND
[   50.467706]      scan-1933 add_single_object     : Added device:0f [\_SB_.PCI0.PB7_] parent PNP0A08:00
[   50.467885]      scan-1141 get_device_data       : No context for object [ffff88040d825d20]
[   50.468085]      scan-1141 get_device_data       : No context for object [ffff88040d825d48]
[   50.468282]      scan-1141 get_device_data       : No context for object [ffff88040d825d70]
[   50.468480]      scan-1141 get_device_data       : No context for object [ffff88040d825d98]
[   50.468677]      scan-1141 get_device_data       : No context for object [ffff88040d825dc0]
[   50.468875]      scan-1141 get_device_data       : No context for object [ffff88040d825de8]
[   50.469072]      scan-1141 get_device_data       : No context for object [ffff88040d825e10]
[   50.469072]      scan-1141 get_device_data       : No context for object [ffff88040d825e38]
[   50.469072]      scan-1141 get_device_data       : No context for object [ffff88040d825e60]
[   50.469072]      scan-1141 get_device_data       : No context for object [ffff88040d825e88]
[   50.469072]      scan-1141 get_device_data       : No context for object [ffff88040d825eb0]
[   50.469072]      scan-1141 get_device_data       : No context for object [ffff88040d825ed8]
[   50.469072]      scan-1141 get_device_data       : No context for object [ffff88040d825f00]
[   50.469072]      scan-1141 get_device_data       : No context for object [ffff88040d825f28]
[   50.469072]      scan-1141 get_device_data       : No context for object [ffff88040d825f50]
[   50.469072]      scan-1141 get_device_data       : No context for object [ffff88040d825f78]
[   50.469072]      scan-1141 get_device_data       : No context for object [ffff88040d825fa0]
[   50.469072]      scan-1141 get_device_data       : No context for object [ffff88040d825fc8]
[   50.469072]      scan-1141 get_device_data       : No context for object [ffff88040d827000]
[   50.469072]      scan-1141 get_device_data       : No context for object [ffff88040d827028]
[   50.469207]      scan-1141 get_device_data       : No context for object [ffff88040d827050]
[   50.469358]      scan-1141 get_device_data       : No context for object [ffff88040d827078]
[   50.469535]      scan-1141 get_device_data       : No context for object [ffff88040d8270a0]
[   50.469732]      scan-1141 get_device_data       : No context for object [ffff88040d8270c8]
[   50.469930]      scan-1141 get_device_data       : No context for object [ffff88040d8270f0]
[   50.470163]      scan-1141 get_device_data       : No context for object [ffff88040d827118]
[   50.470337]      scan-1141 get_device_data       : No context for object [ffff88040d827140]
[   50.470534]      scan-1141 get_device_data       : No context for object [ffff88040d827168]
[   50.470732]      scan-1141 get_device_data       : No context for object [ffff88040d827190]
[   50.470930]      scan-1141 get_device_data       : No context for object [ffff88040d8271b8]
[   50.471127]      scan-1141 get_device_data       : No context for object [ffff88040d8271e0]
[   50.471318]     utils-0051 util_eval_error       : Evaluate [\_SB_.PCI0.PB7_.XPDV._STA]: AE_NOT_FOUND
[   50.471546] device: 'device:10': device_add
[   50.471609] bus: 'acpi': add device device:10
[   50.471683]     utils-0051 util_eval_error       : Evaluate [\_SB_.PCI0.PB7_.XPDV._SUN]: AE_NOT_FOUND
[   50.473362]      scan-1933 add_single_object     : Added device:10 [\_SB_.PCI0.PB7_.XPDV] parent device:0f
[   50.473362]      scan-1141 get_device_data       : No context for object [ffff88040d827208]
[   50.473362]      scan-1141 get_device_data       : No context for object [ffff88040d827230]
[   50.473362]      scan-1141 get_device_data       : No context for object [ffff88040d827258]
[   50.473362]      scan-1141 get_device_data       : No context for object [ffff88040d827280]
[   50.473362]      scan-1141 get_device_data       : No context for object [ffff88040d8272a8]
[   50.473362]      scan-1141 get_device_data       : No context for object [ffff88040d837488]
[   50.473362]      scan-1141 get_device_data       : No context for object [ffff88040d8272d0]
[   50.473415]      scan-1141 get_device_data       : No context for object [ffff88040d8272f8]
[   50.473594]     utils-0051 util_eval_error       : Evaluate [\_SB_.PCI0.OHC1._STA]: AE_NOT_FOUND
[   50.473819] device: 'device:11': device_add
[   50.473877] bus: 'acpi': add device device:11
[   50.473950]     utils-0051 util_eval_error       : Evaluate [\_SB_.PCI0.OHC1._SUN]: AE_NOT_FOUND
[   50.476680]      scan-1933 add_single_object     : Added device:11 [\_SB_.PCI0.OHC1] parent PNP0A08:00
[   50.476680]      scan-1141 get_device_data       : No context for object [ffff88040d827320]
[   50.476680]      scan-1141 get_device_data       : No context for object [ffff88040d827348]
[   50.476680]      scan-1141 get_device_data       : No context for object [ffff88040d83b2f8]
[   50.476680]     utils-0051 util_eval_error       : Evaluate [\_SB_.PCI0.OHC1.RHUB._STA]: AE_NOT_FOUND
[   50.476680] device: 'device:12': device_add
[   50.476680] bus: 'acpi': add device device:12
[   50.476680]     utils-0051 util_eval_error       : Evaluate [\_SB_.PCI0.OHC1.RHUB._SUN]: AE_NOT_FOUND
[   50.476723]      scan-1933 add_single_object     : Added device:12 [\_SB_.PCI0.OHC1.RHUB] parent device:11
[   50.476723]      scan-1141 get_device_data       : No context for object [ffff88040d83b320]
[   50.476723]      scan-1141 get_device_data       : No context for object [ffff88040d83b348]
[   50.476723]     utils-0051 util_eval_error       : Evaluate [\_SB_.PCI0.OHC1.RHUB.PRT3._STA]: AE_NOT_FOUND
[   50.476723] device: 'device:13': device_add
[   50.476723] bus: 'acpi': add device device:13
[   50.476723]     utils-0051 util_eval_error       : Evaluate [\_SB_.PCI0.OHC1.RHUB.PRT3._SUN]: AE_NOT_FOUND
[   50.476750]      scan-1933 add_single_object     : Added device:13 [\_SB_.PCI0.OHC1.RHUB.PRT3] parent device:12
[   50.476800]      scan-1141 get_device_data       : No context for object [ffff88040d83b370]
[   50.476996]      scan-1141 get_device_data       : No context for object [ffff88040d83b398]
[   50.477194]      scan-1141 get_device_data       : No context for object [ffff88040d83b3c0]
[   50.477371]      scan-1141 get_device_data       : No context for object [ffff88040d83b3e8]
[   50.477568]     utils-0051 util_eval_error       : Evaluate [\_SB_.PCI0.OHC1.RHUB.PRT4._STA]: AE_NOT_FOUND
[   50.477800] device: 'device:14': device_add
[   50.477863] bus: 'acpi': add device device:14
[   50.477937]     utils-0051 util_eval_error       : Evaluate [\_SB_.PCI0.OHC1.RHUB.PRT4._SUN]: AE_NOT_FOUND
[   50.480016]      scan-1933 add_single_object     : Added device:14 [\_SB_.PCI0.OHC1.RHUB.PRT4] parent device:12
[   50.480016]      scan-1141 get_device_data       : No context for object [ffff88040d83b410]
[   50.480016]      scan-1141 get_device_data       : No context for object [ffff88040d83b438]
[   50.480016]      scan-1141 get_device_data       : No context for object [ffff88040d83b460]
[   50.480016]      scan-1141 get_device_data       : No context for object [ffff88040d827370]
[   50.480016]     utils-0051 util_eval_error       : Evaluate [\_SB_.PCI0.EHC1._STA]: AE_NOT_FOUND
[   50.480016] device: 'device:15': device_add
[   50.480016] bus: 'acpi': add device device:15
[   50.480016]     utils-0051 util_eval_error       : Evaluate [\_SB_.PCI0.EHC1._SUN]: AE_NOT_FOUND
[   50.480043]      scan-1933 add_single_object     : Added device:15 [\_SB_.PCI0.EHC1] parent PNP0A08:00
[   50.480043]      scan-1141 get_device_data       : No context for object [ffff88040d827398]
[   50.480043]      scan-1141 get_device_data       : No context for object [ffff88040d8273c0]
[   50.480200]      scan-1141 get_device_data       : No context for object [ffff88040d83b028]
[   50.480401]     utils-0051 util_eval_error       : Evaluate [\_SB_.PCI0.EHC1.RHUB._STA]: AE_NOT_FOUND
[   50.480634] device: 'device:16': device_add
[   50.480697] bus: 'acpi': add device device:16
[   50.480771]     utils-0051 util_eval_error       : Evaluate [\_SB_.PCI0.EHC1.RHUB._SUN]: AE_NOT_FOUND
[   50.483339]      scan-1933 add_single_object     : Added device:16 [\_SB_.PCI0.EHC1.RHUB] parent device:15
[   50.483339]      scan-1141 get_device_data       : No context for object [ffff88040d83b050]
[   50.483339]      scan-1141 get_device_data       : No context for object [ffff88040d83b078]
[   50.483339]     utils-0051 util_eval_error       : Evaluate [\_SB_.PCI0.EHC1.RHUB.PRT3._STA]: AE_NOT_FOUND
[   50.483339] device: 'device:17': device_add
[   50.483339] bus: 'acpi': add device device:17
[   50.483339]     utils-0051 util_eval_error       : Evaluate [\_SB_.PCI0.EHC1.RHUB.PRT3._SUN]: AE_NOT_FOUND
[   50.483369]      scan-1933 add_single_object     : Added device:17 [\_SB_.PCI0.EHC1.RHUB.PRT3] parent device:16
[   50.483422]      scan-1141 get_device_data       : No context for object [ffff88040d83b0a0]
[   50.483598]      scan-1141 get_device_data       : No context for object [ffff88040d83b0c8]
[   50.483791]      scan-1141 get_device_data       : No context for object [ffff88040d83b0f0]
[   50.483988]      scan-1141 get_device_data       : No context for object [ffff88040d83b118]
[   50.484189]     utils-0051 util_eval_error       : Evaluate [\_SB_.PCI0.EHC1.RHUB.PRT4._STA]: AE_NOT_FOUND
[   50.484400] device: 'device:18': device_add
[   50.484465] bus: 'acpi': add device device:18
[   50.484540]     utils-0051 util_eval_error       : Evaluate [\_SB_.PCI0.EHC1.RHUB.PRT4._SUN]: AE_NOT_FOUND
[   50.486679]      scan-1933 add_single_object     : Added device:18 [\_SB_.PCI0.EHC1.RHUB.PRT4] parent device:16
[   50.486679]      scan-1141 get_device_data       : No context for object [ffff88040d83b140]
[   50.486679]      scan-1141 get_device_data       : No context for object [ffff88040d83b168]
[   50.486679]      scan-1141 get_device_data       : No context for object [ffff88040d83b190]
[   50.486679]      scan-1141 get_device_data       : No context for object [ffff88040d8273e8]
[   50.486679]     utils-0051 util_eval_error       : Evaluate [\_SB_.PCI0.OHC2._STA]: AE_NOT_FOUND
[   50.486679] device: 'device:19': device_add
[   50.486679] bus: 'acpi': add device device:19
[   50.486679]     utils-0051 util_eval_error       : Evaluate [\_SB_.PCI0.OHC2._SUN]: AE_NOT_FOUND
[   50.486702]      scan-1933 add_single_object     : Added device:19 [\_SB_.PCI0.OHC2] parent PNP0A08:00
[   50.486702]      scan-1141 get_device_data       : No context for object [ffff88040d827410]
[   50.486702]      scan-1141 get_device_data       : No context for object [ffff88040d827438]
[   50.486868]      scan-1141 get_device_data       : No context for object [ffff88040d83b488]
[   50.487066]     utils-0051 util_eval_error       : Evaluate [\_SB_.PCI0.OHC2.RHUB._STA]: AE_NOT_FOUND
[   50.487279] device: 'device:1a': device_add
[   50.487338] bus: 'acpi': add device device:1a
[   50.487416]     utils-0051 util_eval_error       : Evaluate [\_SB_.PCI0.OHC2.RHUB._SUN]: AE_NOT_FOUND
[   50.490013]      scan-1933 add_single_object     : Added device:1a [\_SB_.PCI0.OHC2.RHUB] parent device:19
[   50.490013]      scan-1141 get_device_data       : No context for object [ffff88040d83b4b0]
[   50.490013]      scan-1141 get_device_data       : No context for object [ffff88040d83b4d8]
[   50.490013]     utils-0051 util_eval_error       : Evaluate [\_SB_.PCI0.OHC2.RHUB.PRT4._STA]: AE_NOT_FOUND
[   50.490013] device: 'device:1b': device_add
[   50.490013] bus: 'acpi': add device device:1b
[   50.490013]     utils-0051 util_eval_error       : Evaluate [\_SB_.PCI0.OHC2.RHUB.PRT4._SUN]: AE_NOT_FOUND
[   50.490051]      scan-1933 add_single_object     : Added device:1b [\_SB_.PCI0.OHC2.RHUB.PRT4] parent device:1a
[   50.490051]      scan-1141 get_device_data       : No context for object [ffff88040d83b500]
[   50.490051]      scan-1141 get_device_data       : No context for object [ffff88040d83b528]
[   50.490051]      scan-1141 get_device_data       : No context for object [ffff88040d83b550]
[   50.490051]      scan-1141 get_device_data       : No context for object [ffff88040d827460]
[   50.490051]     utils-0051 util_eval_error       : Evaluate [\_SB_.PCI0.EHC2._STA]: AE_NOT_FOUND
[   50.490076] device: 'device:1c': device_add
[   50.490138] bus: 'acpi': add device device:1c
[   50.490210]     utils-0051 util_eval_error       : Evaluate [\_SB_.PCI0.EHC2._SUN]: AE_NOT_FOUND
[   50.493343]      scan-1933 add_single_object     : Added device:1c [\_SB_.PCI0.EHC2] parent PNP0A08:00
[   50.493343]      scan-1141 get_device_data       : No context for object [ffff88040d827488]
[   50.493343]      scan-1141 get_device_data       : No context for object [ffff88040d8274b0]
[   50.493343]      scan-1141 get_device_data       : No context for object [ffff88040d83b1b8]
[   50.493343]     utils-0051 util_eval_error       : Evaluate [\_SB_.PCI0.EHC2.RHUB._STA]: AE_NOT_FOUND
[   50.493343] device: 'device:1d': device_add
[   50.493343] bus: 'acpi': add device device:1d
[   50.493343]     utils-0051 util_eval_error       : Evaluate [\_SB_.PCI0.EHC2.RHUB._SUN]: AE_NOT_FOUND
[   50.493377]      scan-1933 add_single_object     : Added device:1d [\_SB_.PCI0.EHC2.RHUB] parent device:1c
[   50.493377]      scan-1141 get_device_data       : No context for object [ffff88040d83b1e0]
[   50.493377]      scan-1141 get_device_data       : No context for object [ffff88040d83b208]
[   50.493377]     utils-0051 util_eval_error       : Evaluate [\_SB_.PCI0.EHC2.RHUB.PRT2._STA]: AE_NOT_FOUND
[   50.493377] device: 'device:1e': device_add
[   50.493377] bus: 'acpi': add device device:1e
[   50.493377]     utils-0051 util_eval_error       : Evaluate [\_SB_.PCI0.EHC2.RHUB.PRT2._SUN]: AE_NOT_FOUND
[   50.493417]      scan-1933 add_single_object     : Added device:1e [\_SB_.PCI0.EHC2.RHUB.PRT2] parent device:1d
[   50.493417]      scan-1141 get_device_data       : No context for object [ffff88040d83b230]
[   50.493417]      scan-1141 get_device_data       : No context for object [ffff88040d83b258]
[   50.493494]      scan-1141 get_device_data       : No context for object [ffff88040d83b280]
[   50.493691]      scan-1141 get_device_data       : No context for object [ffff88040d8274d8]
[   50.493889]     utils-0051 util_eval_error       : Evaluate [\_SB_.PCI0.OHC3._STA]: AE_NOT_FOUND
[   50.494183] device: 'device:1f': device_add
[   50.494247] bus: 'acpi': add device device:1f
[   50.494322]     utils-0051 util_eval_error       : Evaluate [\_SB_.PCI0.OHC3._SUN]: AE_NOT_FOUND
[   50.496669]      scan-1933 add_single_object     : Added device:1f [\_SB_.PCI0.OHC3] parent PNP0A08:00
[   50.496669]      scan-1141 get_device_data       : No context for object [ffff88040d827500]
[   50.496669]      scan-1141 get_device_data       : No context for object [ffff88040d827528]
[   50.496669]      scan-1141 get_device_data       : No context for object [ffff88040d83b578]
[   50.496669]     utils-0051 util_eval_error       : Evaluate [\_SB_.PCI0.OHC3.RHUB._STA]: AE_NOT_FOUND
[   50.496669] device: 'device:20': device_add
[   50.496669] bus: 'acpi': add device device:20
[   50.496669]     utils-0051 util_eval_error       : Evaluate [\_SB_.PCI0.OHC3.RHUB._SUN]: AE_NOT_FOUND
[   50.496681]      scan-1933 add_single_object     : Added device:20 [\_SB_.PCI0.OHC3.RHUB] parent device:1f
[   50.496681]      scan-1141 get_device_data       : No context for object [ffff88040d83b5a0]
[   50.496681]      scan-1141 get_device_data       : No context for object [ffff88040d827550]
[   50.496681]     utils-0051 util_eval_error       : Evaluate [\_SB_.PCI0.EHC3._STA]: AE_NOT_FOUND
[   50.496761] device: 'device:21': device_add
[   50.496825] bus: 'acpi': add device device:21
[   50.496899]     utils-0051 util_eval_error       : Evaluate [\_SB_.PCI0.EHC3._SUN]: AE_NOT_FOUND
[   50.500030]      scan-1933 add_single_object     : Added device:21 [\_SB_.PCI0.EHC3] parent PNP0A08:00
[   50.500030]      scan-1141 get_device_data       : No context for object [ffff88040d827578]
[   50.500030]      scan-1141 get_device_data       : No context for object [ffff88040d8275a0]
[   50.500030]      scan-1141 get_device_data       : No context for object [ffff88040d83b2a8]
[   50.500030]     utils-0051 util_eval_error       : Evaluate [\_SB_.PCI0.EHC3.RHUB._STA]: AE_NOT_FOUND
[   50.500030] device: 'device:22': device_add
[   50.500030] bus: 'acpi': add device device:22
[   50.500030]     utils-0051 util_eval_error       : Evaluate [\_SB_.PCI0.EHC3.RHUB._SUN]: AE_NOT_FOUND
[   50.500039]      scan-1933 add_single_object     : Added device:22 [\_SB_.PCI0.EHC3.RHUB] parent device:21
[   50.500039]      scan-1141 get_device_data       : No context for object [ffff88040d83b2d0]
[   50.500039]      scan-1141 get_device_data       : No context for object [ffff88040d8275c8]
[   50.500039]     utils-0051 util_eval_error       : Evaluate [\_SB_.PCI0.OHC4._STA]: AE_NOT_FOUND
[   50.500039] device: 'device:23': device_add
[   50.500039] bus: 'acpi': add device device:23
[   50.500039]     utils-0051 util_eval_error       : Evaluate [\_SB_.PCI0.OHC4._SUN]: AE_NOT_FOUND
[   50.500078]      scan-1933 add_single_object     : Added device:23 [\_SB_.PCI0.OHC4] parent PNP0A08:00
[   50.500078]      scan-1141 get_device_data       : No context for object [ffff88040d8275f0]
[   50.503336]      scan-1141 get_device_data       : No context for object [ffff88040d827618]
[   50.503533]      scan-1141 get_device_data       : No context for object [ffff88040d827640]
[   50.503686]     utils-0051 util_eval_error       : Evaluate [\_SB_.PCI0.SBAZ._STA]: AE_NOT_FOUND
