[    0.000000] Initializing cgroup subsys cpuset
[    0.000000] Initializing cgroup subsys cpu
[    0.000000] Initializing cgroup subsys cpuacct
[    0.000000] Linux version 3.17.0-rc2-gfd5984d (emacs@manji) (gcc version 4.9.1 (GCC) ) #47 SMP Sun Aug 31 15:27:41 CEST 2014
[    0.000000] Command line: BOOT_IMAGE=/vmlinuz-linux-git root=UUID=bfa4ab6e-19a3-4601-ba2b-267c55841c73 rw cryptdevice=/dev/disk/by-uuid/70c08890-417a-497d-b6ab-c0d0357a63e2:cryptManjaro:allow-discards ipv6.disable=1 pnp.debug=1 loglevel=9 log_buf_len=10M printk.always_kmsg_dump=y printk.time=y mminit_loglevel=0 memory_corruption_check=1 acpi.debug_layer=0xfbff0000 acpi.debug_level=0xFFFFFFFD pnp.debug=1 nohz=on rcu_nocbs=1-3 pcie_aspm=force fbcon=scrollback:4096k fbcon=font:ProFont6x11 radeon.audio=0 radeon.lockup_timeout=0 radeon.test=0 radeon.agpmode=-1 radeon.benchmark=0 radeon.tv=0 radeon.hard_reset=1 radeon.aspm=1 radeon.dpm=1 radeon.msi=1 radeon.pcie_gen2=-1 radeon.no_wb=1 radeon.modeset=1 radeon.dynclks=1 radeon.r4xx_atom=0 radeon.runpm=0 radeonfb radeon.fastfb=1 nomodeset
[    0.000000] KERNEL supported cpus:
[    0.000000]   AMD AuthenticAMD
[    0.000000] tseg: 00bfe00000
[    0.000000] e820: BIOS-provided physical RAM map:
[    0.000000] BIOS-e820: [mem 0x0000000000000000-0x000000000009d7ff] usable
[    0.000000] BIOS-e820: [mem 0x000000000009d800-0x000000000009ffff] reserved
[    0.000000] BIOS-e820: [mem 0x00000000000e0000-0x00000000000fffff] reserved
[    0.000000] BIOS-e820: [mem 0x0000000000100000-0x00000000bed9afff] usable
[    0.000000] BIOS-e820: [mem 0x00000000bed9b000-0x00000000bf39afff] reserved
[    0.000000] BIOS-e820: [mem 0x00000000bf39b000-0x00000000bf49afff] ACPI NVS
[    0.000000] BIOS-e820: [mem 0x00000000bf49b000-0x00000000bf51afff] ACPI data
[    0.000000] BIOS-e820: [mem 0x00000000bf51b000-0x00000000bfdfffff] usable
[    0.000000] BIOS-e820: [mem 0x00000000bfe00000-0x00000000bfffffff] reserved
[    0.000000] BIOS-e820: [mem 0x00000000fec00000-0x00000000fecfffff] reserved
[    0.000000] BIOS-e820: [mem 0x00000000fed80000-0x00000000fed80fff] reserved
[    0.000000] BIOS-e820: [mem 0x00000000ffe00000-0x00000000ffffffff] reserved
[    0.000000] BIOS-e820: [mem 0x0000000100000000-0x000000041effffff] usable
[    0.000000] NX (Execute Disable) protection: active
[    0.000000] SMBIOS 2.6 present.
[    0.000000] DMI: LENOVO Sabine/Torpedo, BIOS 54CN18WW 07/20/2011
[    0.000000] e820: update [mem 0x00000000-0x00000fff] usable ==> reserved
[    0.000000] e820: remove [mem 0x000a0000-0x000fffff] usable
[    0.000000] e820: last_pfn = 0x41f000 max_arch_pfn = 0x400000000
[    0.000000] MTRR default type: uncachable
[    0.000000] MTRR fixed ranges enabled:
[    0.000000]   00000-9FFFF write-back
[    0.000000]   A0000-BFFFF uncachable
[    0.000000]   C0000-FFFFF write-protect
[    0.000000] MTRR variable ranges enabled:
[    0.000000]   0 base 0000000000 mask FF80000000 write-back
[    0.000000]   1 base 0080000000 mask FFC0000000 write-back
[    0.000000]   2 base 00FFF90000 mask FFFFFF0000 uncachable
[    0.000000]   3 base 00FED80000 mask 0FFFFFF000 uncachable
[    0.000000]   4 disabled
[    0.000000]   5 disabled
[    0.000000]   6 disabled
[    0.000000]   7 base 00FFE00000 mask FFFFE00000 write-protect
[    0.000000] TOM2: 000000041f000000 aka 16880M
[    0.000000] mtrr: your BIOS has configured an incorrect mask, fixing it.
[    0.000000] e820: last_pfn = 0xbfe00 max_arch_pfn = 0x400000000
[    0.000000] found SMP MP-table at [mem 0x000fa8b0-0x000fa8bf] mapped at [ffff8800000fa8b0]
[    0.000000] Base memory trampoline at [ffff880000097000] 97000 size 24576
[    0.000000] Using GB pages for direct mapping
[    0.000000] init_memory_mapping: [mem 0x00000000-0x000fffff]
[    0.000000]  [mem 0x00000000-0x000fffff] page 4k
[    0.000000] BRK [0x01e17000, 0x01e17fff] PGTABLE
[    0.000000] BRK [0x01e18000, 0x01e18fff] PGTABLE
[    0.000000] BRK [0x01e19000, 0x01e19fff] PGTABLE
[    0.000000] init_memory_mapping: [mem 0x41ee00000-0x41effffff]
[    0.000000]  [mem 0x41ee00000-0x41effffff] page 2M
[    0.000000] BRK [0x01e1a000, 0x01e1afff] PGTABLE
[    0.000000] init_memory_mapping: [mem 0x41c000000-0x41edfffff]
[    0.000000]  [mem 0x41c000000-0x41edfffff] page 2M
[    0.000000] init_memory_mapping: [mem 0x400000000-0x41bffffff]
[    0.000000]  [mem 0x400000000-0x41bffffff] page 2M
[    0.000000] init_memory_mapping: [mem 0x00100000-0xbed9afff]
[    0.000000]  [mem 0x00100000-0x001fffff] page 4k
[    0.000000]  [mem 0x00200000-0x3fffffff] page 2M
[    0.000000]  [mem 0x40000000-0x7fffffff] page 1G
[    0.000000]  [mem 0x80000000-0xbebfffff] page 2M
[    0.000000]  [mem 0xbec00000-0xbed9afff] page 4k
[    0.000000] init_memory_mapping: [mem 0xbf51b000-0xbfdfffff]
[    0.000000]  [mem 0xbf51b000-0xbf5fffff] page 4k
[    0.000000]  [mem 0xbf600000-0xbfdfffff] page 2M
[    0.000000] BRK [0x01e1b000, 0x01e1bfff] PGTABLE
[    0.000000] init_memory_mapping: [mem 0x100000000-0x3ffffffff]
[    0.000000]  [mem 0x100000000-0x3ffffffff] page 1G
[    0.000000] log_buf_len: 16777216 bytes
[    0.000000] early log buf free: 2092044(99%)
[    0.000000] RAMDISK: [mem 0x3782c000-0x37c0dfff]
[    0.000000] ACPI: Early table checksum verification disabled
[    0.000000] ACPI: RSDP 0x00000000000F0110 000024 (v02 LENOVO)
[    0.000000] ACPI: XSDT 0x00000000BF51A120 000074 (v01 LENOVO CB-01    00000001 LENO 00000001)
[    0.000000] ACPI: FACP 0x00000000BF508000 0000F4 (v04 LENOVO CB-01    00000001 PTL  00000001)
[    0.000000] ACPI: DSDT 0x00000000BF50A000 00FD10 (v01 LENOVO CB-01    00001000 LENO 00000001)
[    0.000000] ACPI: FACS 0x00000000BF478000 000040
[    0.000000] ACPI: HPET 0x00000000BF507000 000038 (v01 LENOVO CB-01    00000001 PTL  00000001)
[    0.000000] ACPI: APIC 0x00000000BF506000 00007A (v02 LENOVO CB-01    00000001 PTL  00000001)
[    0.000000] ACPI: MCFG 0x00000000BF505000 00003C (v01 LENOVO CB-01    00000001 PTL  00000001)
[    0.000000] ACPI: SLIC 0x00000000BF504000 000176 (v01 LENOVO CB-01    00000001 LENO 00000001)
[    0.000000] ACPI: UEFI 0x00000000BF503000 00003E (v01 LENOVO CB-01    00000001 PTL  00000001)
[    0.000000] ACPI: UEFI 0x00000000BF502000 000042 (v01 PTL    COMBUF   00000001 PTL  00000001)
[    0.000000] ACPI: SSDT 0x00000000BF501000 000E34 (v01 AMD    POWERNOW 00000001 AMD  00000001)
[    0.000000] ACPI: SSDT 0x00000000BF4FF000 00193D (v02 AMD    ALIB     00000001 MSFT 04000000)
[    0.000000] ACPI: UEFI 0x00000000BF4FE000 00021A (v01 LENOVO CB-01    00000001 PTL  00000001)
[    0.000000] ACPI: Local APIC address 0xfee00000
[    0.000000] No NUMA configuration found
[    0.000000] Faking a node at [mem 0x0000000000000000-0x000000041effffff]
[    0.000000] Initmem setup node 0 [mem 0x00000000-0x41effffff]
[    0.000000]   NODE_DATA [mem 0x41dffa000-0x41dffdfff]
[    0.000000]  [ffffea0000000000-ffffea00107fffff] PMD -> [ffff88040de00000-ffff88041d5fffff] on node 0
[    0.000000] Zone ranges:
[    0.000000]   DMA      [mem 0x00001000-0x00ffffff]
[    0.000000]   DMA32    [mem 0x01000000-0xffffffff]
[    0.000000]   Normal   [mem 0x100000000-0x41effffff]
[    0.000000] Movable zone start for each node
[    0.000000] Early memory node ranges
[    0.000000]   node   0: [mem 0x00001000-0x0009cfff]
[    0.000000]   node   0: [mem 0x00100000-0xbed9afff]
[    0.000000]   node   0: [mem 0xbf51b000-0xbfdfffff]
[    0.000000]   node   0: [mem 0x100000000-0x41effffff]
[    0.000000] On node 0 totalpages: 4056604
[    0.000000]   DMA zone: 64 pages used for memmap
[    0.000000]   DMA zone: 21 pages reserved
[    0.000000]   DMA zone: 3996 pages, LIFO batch:0
[    0.000000]   DMA32 zone: 12186 pages used for memmap
[    0.000000]   DMA32 zone: 779904 pages, LIFO batch:31
[    0.000000]   Normal zone: 51136 pages used for memmap
[    0.000000]   Normal zone: 3272704 pages, LIFO batch:31
[    0.000000] ACPI: PM-Timer IO Port: 0x808
[    0.000000] ACPI: Local APIC address 0xfee00000
[    0.000000] ACPI: LAPIC (acpi_id[0x00] lapic_id[0x00] enabled)
[    0.000000] ACPI: LAPIC (acpi_id[0x01] lapic_id[0x01] enabled)
[    0.000000] ACPI: LAPIC (acpi_id[0x02] lapic_id[0x02] enabled)
[    0.000000] ACPI: LAPIC (acpi_id[0x03] lapic_id[0x03] enabled)
[    0.000000] ACPI: LAPIC_NMI (acpi_id[0x00] high edge lint[0x1])
[    0.000000] ACPI: LAPIC_NMI (acpi_id[0x01] high edge lint[0x1])
[    0.000000] ACPI: LAPIC_NMI (acpi_id[0x02] high edge lint[0x1])
[    0.000000] ACPI: LAPIC_NMI (acpi_id[0x03] high edge lint[0x1])
[    0.000000] ACPI: IOAPIC (id[0x02] address[0xfec00000] gsi_base[0])
[    0.000000] IOAPIC[0]: apic_id 2, version 33, address 0xfec00000, GSI 0-23
[    0.000000] ACPI: INT_SRC_OVR (bus 0 bus_irq 0 global_irq 2 dfl dfl)
[    0.000000] ACPI: IRQ0 used by override.
[    0.000000] ACPI: IRQ9 used by override.
[    0.000000] Using ACPI (MADT) for SMP configuration information
[    0.000000] ACPI: HPET id: 0x43538210 base: 0xfed00000
[    0.000000] smpboot: Allowing 4 CPUs, 0 hotplug CPUs
[    0.000000] e820: [mem 0xc0000000-0xfebfffff] available for PCI devices
[    0.000000] setup_percpu: NR_CPUS:64 nr_cpumask_bits:64 nr_cpu_ids:4 nr_node_ids:1
[    0.000000] PERCPU: Embedded 27 pages/cpu @ffff88041dc00000 s80256 r8192 d22144 u524288
[    0.000000] pcpu-alloc: s80256 r8192 d22144 u524288 alloc=1*2097152
[    0.000000] pcpu-alloc: [0] 0 1 2 3 
[    0.000000] Built 1 zonelists in Zone order, mobility grouping on.  Total pages: 3993197
[    0.000000] Policy zone: Normal
[    0.000000] Kernel command line: BOOT_IMAGE=/vmlinuz-linux-git root=UUID=bfa4ab6e-19a3-4601-ba2b-267c55841c73 rw cryptdevice=/dev/disk/by-uuid/70c08890-417a-497d-b6ab-c0d0357a63e2:cryptManjaro:allow-discards ipv6.disable=1 pnp.debug=1 loglevel=9 log_buf_len=10M printk.always_kmsg_dump=y printk.time=y mminit_loglevel=0 memory_corruption_check=1 acpi.debug_layer=0xfbff0000 acpi.debug_level=0xFFFFFFFD pnp.debug=1 nohz=on rcu_nocbs=1-3 pcie_aspm=force fbcon=scrollback:4096k fbcon=font:ProFont6x11 radeon.audio=0 radeon.lockup_timeout=0 radeon.test=0 radeon.agpmode=-1 radeon.benchmark=0 radeon.tv=0 radeon.hard_reset=1 radeon.aspm=1 radeon.dpm=1 radeon.msi=1 radeon.pcie_gen2=-1 radeon.no_wb=1 radeon.modeset=1 radeon.dynclks=1 radeon.r4xx_atom=0 radeon.runpm=0 radeonfb radeon.fastfb=1 nomodeset
[    0.000000] PCIe ASPM is forcibly enabled
[    0.000000] PID hash table entries: 4096 (order: 3, 32768 bytes)
[    0.000000] Memory: 15870900K/16226416K available (5251K kernel code, 721K rwdata, 2208K rodata, 848K init, 2588K bss, 355516K reserved)
[    0.000000] SLUB: HWalign=64, Order=0-3, MinObjects=0, CPUs=4, Nodes=1
[    0.000000] Hierarchical RCU implementation.
[    0.000000] 	RCU dyntick-idle grace-period acceleration is enabled.
[    0.000000] 	Additional per-CPU info printed with stalls.
[    0.000000] 	RCU restricting CPUs from NR_CPUS=64 to nr_cpu_ids=4.
[    0.000000] 	Offload RCU callbacks from all CPUs
[    0.000000] 	Offload RCU callbacks from CPUs: 0-3.
[    0.000000] RCU: Adjusting geometry for rcu_fanout_leaf=16, nr_cpu_ids=4
[    0.000000] NR_IRQS:4352 nr_irqs:456 0
[    0.000000] spurious 8259A interrupt: IRQ7.
[    0.000000] vgacon: allocated 4194304 bytes of memory for scrollback. CONFIG_VGACON_SOFT_SCROLLBACK_SIZE=4096
[    0.000000] Console: colour VGA+ 80x25
[    0.000000] console [tty0] enabled
[    0.000000] allocated 65011712 bytes of page_cgroup
[    0.000000] please try 'cgroup_disable=memory' option if you don't want memory cgroups
[    0.000000] hpet clockevent registered
[    0.000000] tsc: Fast TSC calibration using PIT
[    0.000000] tsc: Detected 1397.313 MHz processor
[    0.000056] Calibrating delay loop (skipped), value calculated using timer frequency.. 2795.06 BogoMIPS (lpj=4657710)
[    0.000205] pid_max: default: 32768 minimum: 301
[    0.000280] ACPI: Core revision 20140724
[    0.025703] ACPI: All ACPI Tables successfully acquired
[    0.027875] Security Framework initialized
[    0.029542] Dentry cache hash table entries: 2097152 (order: 12, 16777216 bytes)
[    0.036322] Inode-cache hash table entries: 1048576 (order: 11, 8388608 bytes)
[    0.039527] Mount-cache hash table entries: 32768 (order: 6, 262144 bytes)
[    0.039666] Mountpoint-cache hash table entries: 32768 (order: 6, 262144 bytes)
[    0.040256] Initializing cgroup subsys memory
[    0.040374] Initializing cgroup subsys devices
[    0.040442] Initializing cgroup subsys freezer
[    0.040509] Initializing cgroup subsys net_cls
[    0.040576] Initializing cgroup subsys blkio
[    0.040668] CPU: Physical Processor ID: 0
[    0.040732] CPU: Processor Core ID: 0
[    0.040797] mce: CPU supports 6 MCE banks
[    0.040871] Last level iTLB entries: 4KB 512, 2MB 16, 4MB 8
Last level dTLB entries: 4KB 1024, 2MB 128, 4MB 64, 1GB 0
[    0.041149] Freeing SMP alternatives memory: 20K (ffffffff81b8a000 - ffffffff81b8f000)
[    0.041884] ..TIMER: vector=0x30 apic1=0 pin1=2 apic2=-1 pin2=-1
[    0.074966] smpboot: CPU0: AMD A6-3400M APU with Radeon(tm) HD Graphics (fam: 12, model: 01, stepping: 00)
[    0.179105] Performance Events: AMD PMU driver.
[    0.179210] ... version:                0
[    0.179274] ... bit width:              48
[    0.179337] ... generic registers:      4
[    0.179401] ... value mask:             0000ffffffffffff
[    0.179465] ... max period:             00007fffffffffff
[    0.179531] ... fixed-purpose events:   0
[    0.179594] ... event mask:             000000000000000f
[    0.180138] MCE: In-kernel MCE decoding enabled.
[    0.180307] trying cpu_up:
[    0.180421] NMI watchdog: enabled on all CPUs, permanently consumes one hw-PMU counter.
[    0.180736] smpboot: ++++++++++++++++++++=_---CPU UP  1
[    0.180850] x86: Booting SMP configuration:
[    0.180915] .... node  #0, CPUs:      #1
[    0.181024] smpboot: Setting warm reset code and vector.
[    0.181148] smpboot: 1.
[    0.181212] smpboot: 2.
[    0.181273] smpboot: 3.
[    0.181337] smpboot: waiting 5 sec before init:
[    5.243609] smpboot: done waiting
[    5.243737] smpboot: Asserting INIT
[    5.243798] smpboot: Waiting for INIT send to finish...
[    5.253866] smpboot: status for above ^ is: 0
[    5.253974] smpboot: Deasserting INIT
[    5.254035] smpboot: Waiting for above send to finish...
[    5.254101] smpboot: #startup loops: 2
[    5.254165] smpboot: Sending STARTUP #1
[    5.254226] smpboot: After apic_write
[    5.160187] smpboot: CPU#1 (phys ID: 1) waiting for CALLOUT
[    5.254588] smpboot: Startup point 1
[    5.254762] smpboot: Waiting for send to finish...
[    5.255026] smpboot: Sending STARTUP #2
[    5.255134] smpboot: After apic_write
[    5.255495] smpboot: Startup point 1
[    5.255606] smpboot: Waiting for send to finish...
[    5.255870] smpboot: After Startup
[    5.255980] smpboot: Before Callout 1
[    5.256043] smpboot: After Callout 1
[    5.161844] smpboot: Stack at about ffff880407807f44
[    5.256167] smpboot: CPU1: has booted.
[    5.258236] TSC synchronization [CPU#0 -> CPU#1]:
[    5.258347] Measured 131637922 cycles TSC warp between CPUs, turning off TSC clock.
[    5.258488] tsc: Marking TSC unstable due to check_tsc_sync_source failed
[    5.258617] after cpu_up !!!!!!!!!!!!
[    5.258685] trying cpu_up:
[    5.258859] smpboot: ++++++++++++++++++++=_---CPU UP  2
[    5.259041]  #2
[    5.259076] smpboot: Setting warm reset code and vector.
[    5.259197] smpboot: 1.
[    5.259257] smpboot: 2.
[    5.259317] smpboot: 3.
[    5.259377] smpboot: waiting 5 sec before init:
[   10.266778] smpboot: done waiting
[   10.266921] smpboot: Asserting INIT
[   10.266984] smpboot: Waiting for INIT send to finish...
[   10.277053] smpboot: status for above ^ is: 0
[   10.277161] smpboot: Deasserting INIT
[   10.277220] smpboot: Waiting for above send to finish...
[   10.277282] smpboot: #startup loops: 2
[   10.277342] smpboot: Sending STARTUP #1
[   10.277402] smpboot: After apic_write
[   10.149139] smpboot: CPU#2 (phys ID: 2) waiting for CALLOUT
[   10.277762] smpboot: Startup point 1
[   10.277928] smpboot: Waiting for send to finish...
[   10.278189] smpboot: Sending STARTUP #2
[   10.278296] smpboot: After apic_write
[   10.278658] smpboot: Startup point 1
[   10.278764] smpboot: Waiting for send to finish...
[   10.279024] smpboot: After Startup
[   10.279133] smpboot: Before Callout 2
[   10.279195] smpboot: After Callout 2
[   10.150815] smpboot: Stack at about ffff88040780bf44
[   10.279322] smpboot: CPU2: has booted.
[   10.279418] after cpu_up !!!!!!!!!!!!
[   10.279456] trying cpu_up:
[   10.279628] smpboot: ++++++++++++++++++++=_---CPU UP  3
[   10.279774]  #3
[   10.279809] smpboot: Setting warm reset code and vector.
[   10.279930] smpboot: 1.
[   10.279990] smpboot: 2.
[   10.280050] smpboot: 3.
[   10.280111] smpboot: waiting 5 sec before init:
[   15.321584] smpboot: done waiting
[   15.321726] smpboot: Asserting INIT
[   15.321787] smpboot: Waiting for INIT send to finish...
[   15.474377] smpboot: status for above ^ is: 0
[   15.474487] smpboot: Deasserting INIT
[   15.474551] smpboot: Waiting for above send to finish...
[   15.474615] smpboot: #startup loops: 2
[   15.474679] smpboot: Sending STARTUP #1
[   15.474742] smpboot: After apic_write
[   15.475244] smpboot: Startup point 1
[   15.475308] smpboot: Waiting for send to finish...
[   15.475573] smpboot: Sending STARTUP #2
[   15.475682] smpboot: After apic_write
[   15.476045] smpboot: Startup point 1
[   15.476106] smpboot: Waiting for send to finish...
[   15.476368] smpboot: After Startup
[   15.476478] smpboot: Before Callout 3
[   15.476541] smpboot: After Callout 3
[   15.476708] [sched_delayed] sched: RT throttling activated
[   20.518138] smpboot: CPU3: Not responding
[   20.518253] smpboot: do_boot_cpu failed(1) to wakeup CPU#3
[   20.518330] doing it one more time: cpu_up !!!!!!!!!!!!
[   20.518372] smpboot: ++++++++++++++++++++=_---CPU UP  3
[   20.518492]  #3
[   20.518527] smpboot: Setting warm reset code and vector.
[   20.518649] smpboot: 1.
[   20.518712] smpboot: 2.
[   20.518773] smpboot: 3.
[   20.518836] smpboot: waiting 5 sec before init:
[   25.527009] smpboot: done waiting
[   25.527151] smpboot: Asserting INIT
[   25.527214] smpboot: Waiting for INIT send to finish...
[   25.537282] smpboot: status for above ^ is: 0
[   25.537392] smpboot: Deasserting INIT
[   25.537455] smpboot: Waiting for above send to finish...
[   25.537519] smpboot: #startup loops: 2
[   25.537580] smpboot: Sending STARTUP #1
[   25.537641] smpboot: After apic_write
[   25.538002] smpboot: Startup point 1
[   25.538111] smpboot: Waiting for send to finish...
[   25.538376] smpboot: Sending STARTUP #2
[   25.538436] smpboot: After apic_write
[   25.538798] smpboot: Startup point 1
[   25.538907] smpboot: Waiting for send to finish...
[   25.539171] smpboot: After Startup
[   25.539278] smpboot: Before Callout 3
[   25.539341] smpboot: After Callout 3
[   30.556304] smpboot: CPU3: Not responding
[   30.556416] smpboot: do_boot_cpu failed(1) to wakeup CPU#3
[   30.556488] after cpu_up !!!!!!!!!!!!
[   30.556527] x86: Booted up 1 node, 3 CPUs
[   30.556649] smpboot: Boot done
[   30.556709] smpboot: Before bogomips
[   30.556771] smpboot: Total of 3 processors activated (8387.20 BogoMIPS)
[   30.556834] smpboot: Before bogocount - setting activated=1
[   30.306765] devtmpfs: initialized
[   30.306819] device: 'platform': device_add
[   30.306915] bus: 'platform': registered
[   30.306990] bus: 'cpu': registered
[   30.307055] device: 'cpu': device_add
[   30.307144] bus: 'container': registered
[   30.307210] device: 'container': device_add
[   30.307210] bus: 'workqueue': registered
[   30.307210] device: 'workqueue': device_add
[   30.307263] kworker/u8:0 (39) used greatest stack depth: 14848 bytes left
[   30.307463] atomic64_test: passed for x86-64 platform with CX8 and with SSE
[   30.307581] device class 'regulator': registering
[   30.307696] Registering platform device 'reg-dummy'. Parent at platform
[   30.307809] device: 'reg-dummy': device_add
[   30.307873] bus: 'platform': add device reg-dummy
[   30.310031] bus: 'platform': add driver reg-dummy
[   30.310099] bus: 'platform': driver_probe_device: matched device reg-dummy with driver reg-dummy
[   30.310240] bus: 'platform': really_probe: probing driver reg-dummy with device reg-dummy
[   30.310338] device: 'regulator.0': device_add
[   30.310431] regulator-dummy: no parameters
[   30.310506] driver: 'reg-dummy': driver_bound: bound to device 'reg-dummy'
[   30.310571] bus: 'platform': really_probe: bound device reg-dummy to driver reg-dummy
[   30.310846] NET: Registered protocol family 16
[   30.311266] device class 'bdi': registering
[   30.311352] bus: 'platform': add driver ramoops
[   30.311435] device class 'pci_bus': registering
[   30.311525] bus: 'pci': registered
[   30.311591] device class 'backlight': registering
[   30.311667] device class 'tty': registering
[   30.311743] device class 'vtconsole': registering
[   30.311811] device: 'vtcon0': device_add
[   30.311902] bus: 'node': registered
[   30.311966] device: 'node': device_add
[   30.312063] bus: 'i2c': registered
[   30.312129] bus: 'i2c': add driver dummy
[   30.312202] i2c-core: driver [dummy] registered
[   30.312271] cpuidle: using governor ladder
[   30.312337] cpuidle: using governor menu
[   30.312829] ACPI FADT declares the system doesn't support PCIe ASPM, so disable it
[   30.313015] ACPI: bus type PCI registered
[   30.313077] acpiphp: ACPI Hot Plug PCI Controller Driver version: 0.5
[   30.313143] device class 'dmi': registering
[   30.313215] device: 'id': device_add
[   30.313412] PCI: MMCONFIG for domain 0000 [bus 00-3f] at [mem 0xf8000000-0xfbffffff] (base 0xf8000000)
[   30.313526] PCI: not using MMCONFIG
[   30.313590] PCI: Using configuration type 1 for base access
[   30.313654] PCI: Using configuration type 1 for extended access
[   30.314021] device: 'node0': device_add
[   30.314134] bus: 'node': add device node0
[   30.314226] device: 'cpu0': device_add
[   30.314292] bus: 'cpu': add device cpu0
[   30.314379] device: 'cpu1': device_add
[   30.314446] bus: 'cpu': add device cpu1
[   30.314547] device: 'cpu2': device_add
[   30.314540] kworker/u8:0 (59) used greatest stack depth: 14176 bytes left
[   30.314730] bus: 'cpu': add device cpu2
[   30.314830] device: 'cpu3': device_add
[   30.314897] bus: 'cpu': add device cpu3
[   30.326724] device: 'writeback': device_add
[   30.326774] bus: 'workqueue': add device writeback
[   30.326894] device: 'default': device_add
[   30.327087] device class 'block': registering
[   30.327087] ACPI: Added _OSI(Module Device)
[   30.327087] ACPI: Added _OSI(Processor Device)
[   30.327087] ACPI: Added _OSI(3.0 _SCP Extensions)
[   30.327087] ACPI: Added _OSI(Processor Aggregator Device)
[   30.330118] 
**** Context Switch from TID 4294967295 to TID 133431296 ****

[   30.330332]     utils-0051 util_eval_error       : Evaluate [\_SB_.PCI0.LPC0.EC0_._GLK]: AE_NOT_FOUND
[   30.330903] Executing  Method       \_SB_.PCI0.LPC0.EC0_._REG
[   30.331603] Executing  Method       \_SB_.PCI0.LPC0.EC0_._REG
[   30.331801] Executing  Method       \_SB_.PCI0.LPC0.EC0_._REG
[   30.332000] Executing  Method       \_SB_.PCI0.LPC0.EC0_._REG
[   30.334969] Initializing Region       \_SB_.OSTY
[   30.335169] Initializing Region       \_SB_.PCI0.NBMS
[   30.335304] Initializing Region       \_SB_.PCI0.NBXP
[   30.335453] Initializing Region       \_SB_.PCI0.K8ST
[   30.335637] Initializing Region       \_SB_.PCI0.BAR1
[   30.335819] Initializing Region       \_SB_.PCI0.PB2_.XPEX
[   30.335965] Initializing Region       \_SB_.PCI0.PB2_.PCFG
[   30.336111] Initializing Region       \_SB_.PCI0.PB2_.XPCB
[   30.336258] Initializing Region       \_SB_.PCI0.PB2_.XPRI
[   30.336402] Initializing Region       \_SB_.PCI0.PB2_.VGA_.PCFG
[   30.336573] Initializing Region       \_SB_.PCI0.PB2_.HDAU.PCFG
[   30.336755] Initializing Region       \_SB_.PCI0.PB3_.XPEX
[   30.336901] Initializing Region       \_SB_.PCI0.PB3_.PCFG
[   30.337047] Initializing Region       \_SB_.PCI0.PB3_.XPCB
[   30.337195] Initializing Region       \_SB_.PCI0.PB3_.XPRI
[   30.337347] Initializing Region       \_SB_.PCI0.PB3_.VGA_.PCFG
[   30.337563] Initializing Region       \_SB_.PCI0.PB3_.HDAU.PCFG
[   30.337713] Initializing Region       \_SB_.PCI0.PB4_.XPEX
[   30.337856] Initializing Region       \_SB_.PCI0.PB4_.PCFG
[   30.338002] Initializing Region       \_SB_.PCI0.PB4_.XPCB
[   30.338151] Initializing Region       \_SB_.PCI0.PB4_.XPRI
[   30.338301] Initializing Region       \_SB_.PCI0.PB4_.XPDV.PCFG
[   30.338462] Initializing Region       \_SB_.PCI0.PB5_.XPEX
[   30.338608] Initializing Region       \_SB_.PCI0.PB5_.PCFG
[   30.338754] Initializing Region       \_SB_.PCI0.PB5_.XPCB
[   30.338896] Initializing Region       \_SB_.PCI0.PB5_.XPRI
[   30.339045] Initializing Region       \_SB_.PCI0.PB5_.XPDV.PCFG
[   30.339204] Initializing Region       \_SB_.PCI0.PB6_.XPEX
[   30.339351] Initializing Region       \_SB_.PCI0.PB6_.PCFG
[   30.340015] Initializing Region       \_SB_.PCI0.PB6_.XPCB
[   30.340015] Initializing Region       \_SB_.PCI0.PB6_.XPRI
[   30.340015] Initializing Region       \_SB_.PCI0.PB6_.XPDV.PCFG
[   30.340015] Initializing Region       \_SB_.PCI0.PB7_.XPEX
[   30.340107] Initializing Region       \_SB_.PCI0.PB7_.PCFG
[   30.340244] Initializing Region       \_SB_.PCI0.PB7_.XPCB
[   30.340393] Initializing Region       \_SB_.PCI0.PB7_.XPRI
[   30.340545] Initializing Region       \_SB_.PCI0.PB7_.XPDV.PCFG
[   30.340957] Initializing Region       \_SB_.PCI0.SATC
[   30.341151] Initializing Region       \_SB_.PCI0.RMEM
[   30.341317] Initializing Region       \_SB_.PCI0.SATA.SATX
[   30.341458] Initializing Region       \_SB_.PCI0.SATA.BAR5
[   30.353560] Initializing Region       \_SB_.PCI0.SMB_.SBRV
[   30.353769] Initializing Region       \_SB_.PCI0.SMB_.PMIO
[   30.353915] Initializing Region       \_SB_.PCI0.SMB_.ERMM
[   30.354156] Initializing Region       \_SB_.PCI0.SMB_.P1E0
[   30.354362] Initializing Region       \_SB_.PCI0.SMB_.ABIO
[   30.354512] Initializing Region       \_SB_.PCI0.SMB_.SMB0
[   30.354662] Initializing Region       \_SB_.PCI0.LPC0.PIRQ
[   30.354863] Initializing Region       \_SB_.PCI0.LPC0.LPCR
[   30.355101] Initializing Region       \_SB_.PCI0.LPC0.LPCS
[   30.355292] Initializing Region       \_SB_.PCI0.LPC0.SMI0
[   30.355439] Initializing Region       \_SB_.PCI0.LPC0.SMI1
[   30.355594] Initializing Region       \_SB_.PCI0.LPC0.EC0_.ECO1
[   30.355742] Initializing Region       \_SB_.PCI0.LPC0.EC0_.ECO2
[   30.356751] Initializing Region       \_SB_.PCI0.LPC0.EC0_.ECMB
[   30.356897] Initializing Region       \_SB_.PCI0.LPC0.EC0_.RAM_
[   30.357154] Initializing Region       \_SB_.PCI0.LPC0.EC0_.CMOS
[   30.357312] Initializing Region       \_SB_.PCI0.LPC0.EC0_.VPC0.ERAM
[   30.357510] Initializing Region       \_SB_.PCI0.SPB0.PCFG
[   30.357673] Initializing Region       \_SB_.PCI0.SPB0.XPCB
[   30.357824] Initializing Region       \_SB_.PCI0.SPB0.XPDV.PCFG
[   30.357985] Initializing Region       \_SB_.PCI0.SPB1.PCFG
[   30.358132] Initializing Region       \_SB_.PCI0.SPB1.XPCB
[   30.358284] Initializing Region       \_SB_.PCI0.SPB1.XPDV.PCFG
[   30.358441] Initializing Region       \_SB_.PCI0.SPB2.PCFG
[   30.358578] Initializing Region       \_SB_.PCI0.SPB2.XPCB
[   30.358730] Initializing Region       \_SB_.PCI0.SPB2.XPDV.PCFG
[   30.358890] Initializing Region       \_SB_.PCI0.SPB3.PCFG
[   30.359038] Initializing Region       \_SB_.PCI0.SPB3.XPCB
[   30.359190] Initializing Region       \_SB_.PCI0.SPB3.XPDV.PCFG
[   30.359504] Initializing Region       \_SB_.PCI0.VGA_.REVD
[   30.359818] Initializing BufferField  \_SB_.AMW0.WLID
[   30.360467] Initializing Region       \DEB2
[   30.360661] Initializing Region       \PMIO
[   30.360809] Initializing Region       \P01_
[   30.360966] Initializing Region       \CNVS
[   30.361123] Initializing Region       \SPRT
[   30.361286] Initializing Region       \CMIO
[   30.361592] Executing  Method       \_SB_._STA
[   30.361810] Executing  Method       \_SB_._INI
[   30.361979] Executing  Method       \_SB_.PCI0._STA
[   30.362148] Executing  Method       \_SB_.PCI0._INI
[   30.362575] [Firmware Bug]: ACPI: BIOS _OSI(Linux) query ignored
[   30.363099] Executing  Method       \_SB_.PCI0.SATA._STA
[   30.363336] Executing  Method       \_SB_.PCI0.SATA._INI
[   30.364399] Executing  Method       \_SB_.PCI0.LPC0.EC0_._REG
[   30.390109] ACPI: Interpreter enabled
[   30.390240] ACPI: (supports S0 S5)
[   30.390306] ACPI: Using IOAPIC for interrupt routing
[   30.390306] PCI: MMCONFIG for domain 0000 [bus 00-3f] at [mem 0xf8000000-0xfbffffff] (base 0xf8000000)
[   30.391068] PCI: MMCONFIG at [mem 0xf8000000-0xfbffffff] reserved in ACPI motherboard resources
[   30.391364] bus: 'acpi': registered
[   30.391431] PCI: Using host bridge windows from ACPI; if necessary, use "pci=nocrs" and report a bug
[   30.391584]      scan-1141 get_device_data       : No context for object [ffffffffffffffff]
[   30.391800]     utils-0051 util_eval_error       : Evaluate [\._STA]: AE_NOT_FOUND
[   30.392028] device: 'LNXSYSTM:00': device_add
[   30.392099] bus: 'acpi': add device LNXSYSTM:00
[   30.392189]     utils-0051 util_eval_error       : Evaluate [\._SUN]: AE_NOT_FOUND
[   30.392387]      scan-1933 add_single_object     : Added LNXSYSTM:00 [\] parent (null)
[   30.392604]      scan-1141 get_device_data       : No context for object [ffff88040d81d000]
[   30.392812]      scan-1141 get_device_data       : No context for object [ffff88040d8377d0]
[   30.393022]      scan-1141 get_device_data       : No context for object [ffff88040d8377f8]
[   30.393232]      scan-1141 get_device_data       : No context for object [ffff88040d837820]
[   30.393340]      scan-1141 get_device_data       : No context for object [ffff88040d837848]
[   30.394601]      scan-1141 get_device_data       : No context for object [ffff88040d837870]
[   30.394811]      scan-1141 get_device_data       : No context for object [ffff88040d837898]
[   30.395017]      scan-1141 get_device_data       : No context for object [ffff88040d8378c0]
[   30.395227]      scan-1141 get_device_data       : No context for object [ffff88040d8378e8]
[   30.395420]      scan-1141 get_device_data       : No context for object [ffff88040d839398]
[   30.395630]      scan-1141 get_device_data       : No context for object [ffff88040d81d028]
[   30.395839]      scan-1141 get_device_data       : No context for object [ffff88040d81d168]
[   30.396050]     utils-0051 util_eval_error       : Evaluate [\_PR_.C000._STA]: AE_NOT_FOUND
[   30.396255]      scan-1141 get_device_data       : No context for object [ffff88040d81d028]
[   30.396475] device: 'LNXCPU:00': device_add
[   30.396542] bus: 'acpi': add device LNXCPU:00
[   30.396685]     utils-0051 util_eval_error       : Evaluate [\_PR_.C000._SUN]: AE_NOT_FOUND
[   30.396904]      scan-1933 add_single_object     : Added LNXCPU:00 [\_PR_.C000] parent LNXSYSTM:00
[   30.397118]      scan-1141 get_device_data       : No context for object [ffff88040d83c398]
[   30.397328]      scan-1141 get_device_data       : No context for object [ffff88040d83c3c0]
[   30.397534]      scan-1141 get_device_data       : No context for object [ffff88040d83c3e8]
[   30.397744]      scan-1141 get_device_data       : No context for object [ffff88040d83c410]
[   30.397953]      scan-1141 get_device_data       : No context for object [ffff88040d83c438]
[   30.398163]      scan-1141 get_device_data       : No context for object [ffff88040d83c460]
[   30.398349]      scan-1141 get_device_data       : No context for object [ffff88040d81d190]
[   30.398559]     utils-0051 util_eval_error       : Evaluate [\_PR_.C001._STA]: AE_NOT_FOUND
[   30.398766]      scan-1141 get_device_data       : No context for object [ffff88040d81d028]
[   30.398985] device: 'LNXCPU:01': device_add
[   30.399052] bus: 'acpi': add device LNXCPU:01
[   30.399132]     utils-0051 util_eval_error       : Evaluate [\_PR_.C001._SUN]: AE_NOT_FOUND
[   30.399347]      scan-1933 add_single_object     : Added LNXCPU:01 [\_PR_.C001] parent LNXSYSTM:00
[   30.399559]      scan-1141 get_device_data       : No context for object [ffff88040d83c488]
[   30.399756]      scan-1141 get_device_data       : No context for object [ffff88040d83c4b0]
[   30.399952]      scan-1141 get_device_data       : No context for object [ffff88040d83c4d8]
[   30.400166]      scan-1141 get_device_data       : No context for object [ffff88040d83c500]
[   30.400351]      scan-1141 get_device_data       : No context for object [ffff88040d83c528]
[   30.400548]      scan-1141 get_device_data       : No context for object [ffff88040d83c550]
[   30.400746]      scan-1141 get_device_data       : No context for object [ffff88040d81d1b8]
[   30.400945]     utils-0051 util_eval_error       : Evaluate [\_PR_.C002._STA]: AE_NOT_FOUND
[   30.401143]      scan-1141 get_device_data       : No context for object [ffff88040d81d028]
[   30.401346] device: 'LNXCPU:02': device_add
[   30.401409] bus: 'acpi': add device LNXCPU:02
[   30.401486]     utils-0051 util_eval_error       : Evaluate [\_PR_.C002._SUN]: AE_NOT_FOUND
[   30.401692]      scan-1933 add_single_object     : Added LNXCPU:02 [\_PR_.C002] parent LNXSYSTM:00
[   30.401891]      scan-1141 get_device_data       : No context for object [ffff88040d83c578]
[   30.402086]      scan-1141 get_device_data       : No context for object [ffff88040d83c5a0]
[   30.402281]      scan-1141 get_device_data       : No context for object [ffff88040d83c5c8]
[   30.402424]      scan-1141 get_device_data       : No context for object [ffff88040d83c5f0]
[   30.402601]      scan-1141 get_device_data       : No context for object [ffff88040d83c618]
[   30.402796]      scan-1141 get_device_data       : No context for object [ffff88040d83c640]
[   30.402991]      scan-1141 get_device_data       : No context for object [ffff88040d81d1e0]
[   30.403186]     utils-0051 util_eval_error       : Evaluate [\_PR_.C003._STA]: AE_NOT_FOUND
[   30.403336]      scan-1141 get_device_data       : No context for object [ffff88040d81d028]
[   30.403537] device: 'LNXCPU:03': device_add
[   30.403594] bus: 'acpi': add device LNXCPU:03
[   30.403660]     utils-0051 util_eval_error       : Evaluate [\_PR_.C003._SUN]: AE_NOT_FOUND
[   30.403867]      scan-1933 add_single_object     : Added LNXCPU:03 [\_PR_.C003] parent LNXSYSTM:00
[   30.404067]      scan-1141 get_device_data       : No context for object [ffff88040d83c668]
[   30.404260]      scan-1141 get_device_data       : No context for object [ffff88040d83c690]
[   30.404410]      scan-1141 get_device_data       : No context for object [ffff88040d83c6b8]
[   30.404587]      scan-1141 get_device_data       : No context for object [ffff88040d83c6e0]
[   30.404781]      scan-1141 get_device_data       : No context for object [ffff88040d83c708]
[   30.404972]      scan-1141 get_device_data       : No context for object [ffff88040d83c730]
[   30.405167]      scan-1141 get_device_data       : No context for object [ffff88040d81d050]
[   30.405346]     utils-0051 util_eval_error       : Evaluate [\_SB_._STA]: AE_NOT_FOUND
[   30.405593] device: 'LNXSYBUS:00': device_add
[   30.405700] bus: 'acpi': add device LNXSYBUS:00
[   30.405776]     utils-0051 util_eval_error       : Evaluate [\_SB_._SUN]: AE_NOT_FOUND
[   30.405976]      scan-1933 add_single_object     : Added LNXSYBUS:00 [\_SB_] parent LNXSYSTM:00
[   30.406177]      scan-1141 get_device_data       : No context for object [ffff88040d81d3c0]
[   30.406354]      scan-1141 get_device_data       : No context for object [ffff88040d81d3e8]
[   30.406552]      scan-1141 get_device_data       : No context for object [ffff88040d81d410]
[   30.406669]      scan-1141 get_device_data       : No context for object [ffff88040d81d438]
[   30.406867]      scan-1141 get_device_data       : No context for object [ffff88040d81d460]
[   30.407066]      scan-1141 get_device_data       : No context for object [ffff88040d81d488]
[   30.407238]      scan-1141 get_device_data       : No context for object [ffff88040d81d4b0]
[   30.407436]      scan-1141 get_device_data       : No context for object [ffff88040d81d5a0]
[   30.407635]     utils-0051 util_eval_error       : Evaluate [\_SB_.PWRB._STA]: AE_NOT_FOUND
[   30.407865] device: 'PNP0C0C:00': device_add
[   30.407931] bus: 'acpi': add device PNP0C0C:00
[   30.408006]     utils-0051 util_eval_error       : Evaluate [\_SB_.PWRB._SUN]: AE_NOT_FOUND
[   30.408213]      scan-1933 add_single_object     : Added PNP0C0C:00 [\_SB_.PWRB] parent LNXSYBUS:00
[   30.408396]      scan-1141 get_device_data       : No context for object [ffff88040d81d5c8]
[   30.408590]      scan-1141 get_device_data       : No context for object [ffff88040d81d5f0]
[   30.408790]     utils-0051 util_eval_error       : Evaluate [\_SB_.PCI0._STA]: AE_NOT_FOUND
[   30.409041] device: 'PNP0A08:00': device_add
[   30.409150] bus: 'acpi': add device PNP0A08:00
[   30.409229]     utils-0051 util_eval_error       : Evaluate [\_SB_.PCI0._SUN]: AE_NOT_FOUND
[   30.409417]      scan-1933 add_single_object     : Added PNP0A08:00 [\_SB_.PCI0] parent LNXSYBUS:00
[   30.409620]      scan-1141 get_device_data       : No context for object [ffff88040d81d618]
[   30.409814]      scan-1141 get_device_data       : No context for object [ffff88040d81d640]
[   30.410131]      scan-1141 get_device_data       : No context for object [ffff88040d81d668]
[   30.410328]      scan-1141 get_device_data       : No context for object [ffff88040d81d690]
[   30.410525]      scan-1141 get_device_data       : No context for object [ffff88040d81d6b8]
[   30.410723]      scan-1141 get_device_data       : No context for object [ffff88040d81d6e0]
[   30.410921]      scan-1141 get_device_data       : No context for object [ffff88040d81d708]
[   30.411114]      scan-1141 get_device_data       : No context for object [ffff88040d81d730]
[   30.411311]      scan-1141 get_device_data       : No context for object [ffff88040d81d758]
[   30.411499]      scan-1141 get_device_data       : No context for object [ffff88040d81d780]
[   30.411697]      scan-1141 get_device_data       : No context for object [ffff88040d81d7a8]
[   30.411894]      scan-1141 get_device_data       : No context for object [ffff88040d81d7d0]
[   30.412093]      scan-1141 get_device_data       : No context for object [ffff88040d81d7f8]
[   30.413305]      scan-1141 get_device_data       : No context for object [ffff88040d81d820]
[   30.413447]      scan-1141 get_device_data       : No context for object [ffff88040d81d848]
[   30.413623]      scan-1141 get_device_data       : No context for object [ffff88040d81d870]
[   30.413821]      scan-1141 get_device_data       : No context for object [ffff88040d81d898]
[   30.414018]      scan-1141 get_device_data       : No context for object [ffff88040d81d8c0]
[   30.414215]      scan-1141 get_device_data       : No context for object [ffff88040d81d8e8]
[   30.414392]      scan-1141 get_device_data       : No context for object [ffff88040d81d910]
[   30.414589]      scan-1141 get_device_data       : No context for object [ffff88040d81d938]
[   30.414782]      scan-1141 get_device_data       : No context for object [ffff88040d81d960]
[   30.414979]      scan-1141 get_device_data       : No context for object [ffff88040d81d988]
[   30.415176]      scan-1141 get_device_data       : No context for object [ffff88040d81d9b0]
[   30.415353]      scan-1141 get_device_data       : No context for object [ffff88040d81d9d8]
[   30.415551]      scan-1141 get_device_data       : No context for object [ffff88040d81da00]
[   30.415749]      scan-1141 get_device_data       : No context for object [ffff88040d81da28]
[   30.415943]      scan-1141 get_device_data       : No context for object [ffff88040d81da50]
[   30.416142]      scan-1141 get_device_data       : No context for object [ffff88040d81da78]
[   30.416339]      scan-1141 get_device_data       : No context for object [ffff88040d81daa0]
[   30.416536]      scan-1141 get_device_data       : No context for object [ffff88040d81dac8]
[   30.416669]      scan-1141 get_device_data       : No context for object [ffff88040d81daf0]
[   30.416866]      scan-1141 get_device_data       : No context for object [ffff88040d81db18]
[   30.417063]      scan-1141 get_device_data       : No context for object [ffff88040d81db40]
[   30.417259]      scan-1141 get_device_data       : No context for object [ffff88040d81db68]
[   30.417456]      scan-1141 get_device_data       : No context for object [ffff88040d81db90]
[   30.417654]      scan-1141 get_device_data       : No context for object [ffff88040d81dbb8]
[   30.417851]      scan-1141 get_device_data       : No context for object [ffff88040d81dbe0]
[   30.418048]      scan-1141 get_device_data       : No context for object [ffff88040d81dc08]
[   30.418245]      scan-1141 get_device_data       : No context for object [ffff88040d81dc30]
[   30.418419]      scan-1141 get_device_data       : No context for object [ffff88040d81dc58]
[   30.418614]      scan-1141 get_device_data       : No context for object [ffff88040d81dc80]
[   30.418808]      scan-1141 get_device_data       : No context for object [ffff88040d81dca8]
[   30.419002]      scan-1141 get_device_data       : No context for object [ffff88040d81dcd0]
[   30.419195]      scan-1141 get_device_data       : No context for object [ffff88040d81dcf8]
[   30.419345]      scan-1141 get_device_data       : No context for object [ffff88040d81dd20]
[   30.419520]      scan-1141 get_device_data       : No context for object [ffff88040d81dd48]
[   30.419714]      scan-1141 get_device_data       : No context for object [ffff88040d81dd70]
[   30.419908]      scan-1141 get_device_data       : No context for object [ffff88040d81dd98]
[   30.420159]      scan-1141 get_device_data       : No context for object [ffff88040d81ddc0]
[   30.420341]      scan-1141 get_device_data       : No context for object [ffff88040d81dde8]
[   30.420537]      scan-1141 get_device_data       : No context for object [ffff88040d81de10]
[   30.420731]      scan-1141 get_device_data       : No context for object [ffff88040d81de38]
[   30.420921]      scan-1141 get_device_data       : No context for object [ffff88040d81de60]
[   30.421116]      scan-1141 get_device_data       : No context for object [ffff88040d81de88]
[   30.421312]      scan-1141 get_device_data       : No context for object [ffff88040d81deb0]
[   30.421506]      scan-1141 get_device_data       : No context for object [ffff88040d81ded8]
[   30.421700]      scan-1141 get_device_data       : No context for object [ffff88040d81df00]
[   30.421896]      scan-1141 get_device_data       : No context for object [ffff88040d81df28]
[   30.422085]      scan-1141 get_device_data       : No context for object [ffff88040d81df50]
[   30.422280]      scan-1141 get_device_data       : No context for object [ffff88040d81df78]
[   30.422429]      scan-1141 get_device_data       : No context for object [ffff88040d81dfa0]
[   30.422605]      scan-1141 get_device_data       : No context for object [ffff88040d81dfc8]
[   30.422800]      scan-1141 get_device_data       : No context for object [ffff88040d822000]
[   30.422997]      scan-1141 get_device_data       : No context for object [ffff88040d822028]
[   30.423195]     utils-0051 util_eval_error       : Evaluate [\_SB_.PCI0.MEMR._STA]: AE_NOT_FOUND
[   30.423372] device: 'PNP0C02:00': device_add
[   30.423435] bus: 'acpi': add device PNP0C02:00
[   30.423516]     utils-0051 util_eval_error       : Evaluate [\_SB_.PCI0.MEMR._SUN]: AE_NOT_FOUND
[   30.423723]      scan-1933 add_single_object     : Added PNP0C02:00 [\_SB_.PCI0.MEMR] parent PNP0A08:00
[   30.423928]      scan-1141 get_device_data       : No context for object [ffff88040d822050]
[   30.424126]      scan-1141 get_device_data       : No context for object [ffff88040d822078]
[   30.424306]      scan-1141 get_device_data       : No context for object [ffff88040d8220a0]
[   30.424500]      scan-1141 get_device_data       : No context for object [ffff88040d8220c8]
[   30.424698]      scan-1141 get_device_data       : No context for object [ffff88040d8220f0]
[   30.424895]      scan-1141 get_device_data       : No context for object [ffff88040d822118]
[   30.425092]      scan-1141 get_device_data       : No context for object [ffff88040d822140]
[   30.425290]      scan-1141 get_device_data       : No context for object [ffff88040d822168]
[   30.425488]      scan-1141 get_device_data       : No context for object [ffff88040d822190]
[   30.425683]      scan-1141 get_device_data       : No context for object [ffff88040d8221b8]
[   30.425879]      scan-1141 get_device_data       : No context for object [ffff88040d8221e0]
[   30.426077]      scan-1141 get_device_data       : No context for object [ffff88040d822208]
[   30.426274]      scan-1141 get_device_data       : No context for object [ffff88040d822230]
[   30.426451]      scan-1141 get_device_data       : No context for object [ffff88040d822258]
[   30.426669]      scan-1141 get_device_data       : No context for object [ffff88040d822280]
[   30.426867]      scan-1141 get_device_data       : No context for object [ffff88040d8222a8]
[   30.427064]     utils-0051 util_eval_error       : Evaluate [\_SB_.PCI0.PB2_._STA]: AE_NOT_FOUND
[   30.427347] device: 'device:00': device_add
[   30.427410] bus: 'acpi': add device device:00
[   30.427484]     utils-0051 util_eval_error       : Evaluate [\_SB_.PCI0.PB2_._SUN]: AE_NOT_FOUND
[   30.427691]      scan-1933 add_single_object     : Added device:00 [\_SB_.PCI0.PB2_] parent PNP0A08:00
[   30.427893]      scan-1141 get_device_data       : No context for object [ffff88040d8222d0]
[   30.428090]      scan-1141 get_device_data       : No context for object [ffff88040d8222f8]
[   30.428285]      scan-1141 get_device_data       : No context for object [ffff88040d822320]
[   30.428462]      scan-1141 get_device_data       : No context for object [ffff88040d822348]
[   30.428660]      scan-1141 get_device_data       : No context for object [ffff88040d822370]
[   30.428857]      scan-1141 get_device_data       : No context for object [ffff88040d822398]
[   30.429055]      scan-1141 get_device_data       : No context for object [ffff88040d8223c0]
[   30.429252]      scan-1141 get_device_data       : No context for object [ffff88040d8223e8]
[   30.429397]      scan-1141 get_device_data       : No context for object [ffff88040d822410]
[   30.429574]      scan-1141 get_device_data       : No context for object [ffff88040d822438]
[   30.429771]      scan-1141 get_device_data       : No context for object [ffff88040d822460]
[   30.430002]      scan-1141 get_device_data       : No context for object [ffff88040d822488]
[   30.430199]      scan-1141 get_device_data       : No context for object [ffff88040d8224b0]
[   30.430377]      scan-1141 get_device_data       : No context for object [ffff88040d8224d8]
[   30.431590]      scan-1141 get_device_data       : No context for object [ffff88040d822500]
[   30.431787]      scan-1141 get_device_data       : No context for object [ffff88040d822528]
[   30.431980]      scan-1141 get_device_data       : No context for object [ffff88040d822550]
[   30.432177]      scan-1141 get_device_data       : No context for object [ffff88040d822578]
[   30.432357]      scan-1141 get_device_data       : No context for object [ffff88040d8225a0]
[   30.432554]      scan-1141 get_device_data       : No context for object [ffff88040d8225c8]
[   30.432751]      scan-1141 get_device_data       : No context for object [ffff88040d8225f0]
[   30.432949]      scan-1141 get_device_data       : No context for object [ffff88040d822618]
[   30.433141]      scan-1141 get_device_data       : No context for object [ffff88040d822640]
[   30.433336]      scan-1141 get_device_data       : No context for object [ffff88040d822668]
[   30.433533]      scan-1141 get_device_data       : No context for object [ffff88040d822690]
[   30.433731]      scan-1141 get_device_data       : No context for object [ffff88040d8226b8]
[   30.433929]      scan-1141 get_device_data       : No context for object [ffff88040d8226e0]
[   30.434126]      scan-1141 get_device_data       : No context for object [ffff88040d822708]
[   30.434322]      scan-1141 get_device_data       : No context for object [ffff88040d822730]
[   30.434519]      scan-1141 get_device_data       : No context for object [ffff88040d822758]
[   30.434716]      scan-1141 get_device_data       : No context for object [ffff88040d822780]
[   30.434916]     utils-0051 util_eval_error       : Evaluate [\_SB_.PCI0.PB2_.VGA_._STA]: AE_NOT_FOUND
[   30.435153] device: 'device:01': device_add
[   30.435261] bus: 'acpi': add device device:01
[   30.435335]     utils-0051 util_eval_error       : Evaluate [\_SB_.PCI0.PB2_.VGA_._SUN]: AE_NOT_FOUND
[   30.435518]      scan-1933 add_single_object     : Added device:01 [\_SB_.PCI0.PB2_.VGA_] parent device:00
[   30.435715]      scan-1141 get_device_data       : No context for object [ffff88040d8227a8]
[   30.435910]      scan-1141 get_device_data       : No context for object [ffff88040d8227d0]
[   30.436105]      scan-1141 get_device_data       : No context for object [ffff88040d8227f8]
[   30.436300]      scan-1141 get_device_data       : No context for object [ffff88040d822820]
[   30.436485]      scan-1141 get_device_data       : No context for object [ffff88040d822848]
[   30.436668]      scan-1141 get_device_data       : No context for object [ffff88040d822870]
[   30.436857]      scan-1141 get_device_data       : No context for object [ffff88040d822898]
[   30.437051]      scan-1141 get_device_data       : No context for object [ffff88040d8228c0]
[   30.437247]      scan-1141 get_device_data       : No context for object [ffff88040d8228e8]
[   30.437397]      scan-1141 get_device_data       : No context for object [ffff88040d822910]
[   30.437573]      scan-1141 get_device_data       : No context for object [ffff88040d822938]
[   30.437768]      scan-1141 get_device_data       : No context for object [ffff88040d822960]
[   30.437962]      scan-1141 get_device_data       : No context for object [ffff88040d822988]
[   30.438156]      scan-1141 get_device_data       : No context for object [ffff88040d8229b0]
[   30.438341]      scan-1141 get_device_data       : No context for object [ffff88040d8229d8]
[   30.438538]      scan-1141 get_device_data       : No context for object [ffff88040d822a00]
[   30.438734]      scan-1141 get_device_data       : No context for object [ffff88040d822a28]
[   30.438929]      scan-1141 get_device_data       : No context for object [ffff88040d822a50]
[   30.439121]      scan-1141 get_device_data       : No context for object [ffff88040d822a78]
[   30.439312]      scan-1141 get_device_data       : No context for object [ffff88040d822aa0]
[   30.439506]      scan-1141 get_device_data       : No context for object [ffff88040d822ac8]
[   30.439703]      scan-1141 get_device_data       : No context for object [ffff88040d822af0]
[   30.439900]      scan-1141 get_device_data       : No context for object [ffff88040d822b18]
[   30.440002]      scan-1141 get_device_data       : No context for object [ffff88040d822b40]
[   30.440200]      scan-1141 get_device_data       : No context for object [ffff88040d822b68]
[   30.440376]      scan-1141 get_device_data       : No context for object [ffff88040d822b90]
[   30.440573]      scan-1141 get_device_data       : No context for object [ffff88040d822bb8]
[   30.440770]      scan-1141 get_device_data       : No context for object [ffff88040d822be0]
[   30.440967]      scan-1141 get_device_data       : No context for object [ffff88040d822c08]
[   30.441165]      scan-1141 get_device_data       : No context for object [ffff88040d822c30]
[   30.441316]      scan-1141 get_device_data       : No context for object [ffff88040d822c58]
[   30.441492]      scan-1141 get_device_data       : No context for object [ffff88040d822c80]
[   30.441687]      scan-1141 get_device_data       : No context for object [ffff88040d822ca8]
[   30.441884]      scan-1141 get_device_data       : No context for object [ffff88040d822cd0]
[   30.442082]      scan-1141 get_device_data       : No context for object [ffff88040d822cf8]
[   30.442259]      scan-1141 get_device_data       : No context for object [ffff88040d822d20]
[   30.442457]      scan-1141 get_device_data       : No context for object [ffff88040d822d48]
[   30.442654]      scan-1141 get_device_data       : No context for object [ffff88040d822d70]
[   30.442846]      scan-1141 get_device_data       : No context for object [ffff88040d822d98]
[   30.443044]      scan-1141 get_device_data       : No context for object [ffff88040d837438]
[   30.443335]      scan-1141 get_device_data       : No context for object [ffff88040d822dc0]
[   30.443534]     utils-0051 util_eval_error       : Evaluate [\_SB_.PCI0.PB2_.HDAU._STA]: AE_NOT_FOUND
[   30.443765] device: 'device:02': device_add
[   30.443828] bus: 'acpi': add device device:02
[   30.443905]     utils-0051 util_eval_error       : Evaluate [\_SB_.PCI0.PB2_.HDAU._SUN]: AE_NOT_FOUND
[   30.444110]      scan-1933 add_single_object     : Added device:02 [\_SB_.PCI0.PB2_.HDAU] parent device:00
[   30.444311]      scan-1141 get_device_data       : No context for object [ffff88040d822de8]
[   30.444509]      scan-1141 get_device_data       : No context for object [ffff88040d822e10]
[   30.444706]      scan-1141 get_device_data       : No context for object [ffff88040d822e38]
[   30.444903]      scan-1141 get_device_data       : No context for object [ffff88040d822e60]
[   30.445101]      scan-1141 get_device_data       : No context for object [ffff88040d822e88]
[   30.445298]      scan-1141 get_device_data       : No context for object [ffff88040d822eb0]
[   30.445480]      scan-1141 get_device_data       : No context for object [ffff88040d822ed8]
[   30.445680]     utils-0051 util_eval_error       : Evaluate [\_SB_.PCI0.PB3_._STA]: AE_NOT_FOUND
[   30.445973] device: 'device:03': device_add
[   30.446036] bus: 'acpi': add device device:03
[   30.446111]     utils-0051 util_eval_error       : Evaluate [\_SB_.PCI0.PB3_._SUN]: AE_NOT_FOUND
[   30.446318]      scan-1933 add_single_object     : Added device:03 [\_SB_.PCI0.PB3_] parent PNP0A08:00
[   30.446518]      scan-1141 get_device_data       : No context for object [ffff88040d822f00]
[   30.446669]      scan-1141 get_device_data       : No context for object [ffff88040d822f28]
[   30.446867]      scan-1141 get_device_data       : No context for object [ffff88040d822f50]
[   30.447064]      scan-1141 get_device_data       : No context for object [ffff88040d822f78]
[   30.447261]      scan-1141 get_device_data       : No context for object [ffff88040d822fa0]
[   30.447438]      scan-1141 get_device_data       : No context for object [ffff88040d822fc8]
[   30.447635]      scan-1141 get_device_data       : No context for object [ffff88040d823000]
[   30.447828]      scan-1141 get_device_data       : No context for object [ffff88040d823028]
[   30.448025]      scan-1141 get_device_data       : No context for object [ffff88040d823050]
[   30.448222]      scan-1141 get_device_data       : No context for object [ffff88040d823078]
[   30.448374]      scan-1141 get_device_data       : No context for object [ffff88040d8230a0]
[   30.448551]      scan-1141 get_device_data       : No context for object [ffff88040d8230c8]
[   30.448748]      scan-1141 get_device_data       : No context for object [ffff88040d8230f0]
[   30.450002]      scan-1141 get_device_data       : No context for object [ffff88040d823118]
[   30.450198]      scan-1141 get_device_data       : No context for object [ffff88040d823140]
[   30.450372]      scan-1141 get_device_data       : No context for object [ffff88040d823168]
[   30.450569]      scan-1141 get_device_data       : No context for object [ffff88040d823190]
[   30.450766]      scan-1141 get_device_data       : No context for object [ffff88040d8231b8]
[   30.450964]      scan-1141 get_device_data       : No context for object [ffff88040d8231e0]
[   30.451161]      scan-1141 get_device_data       : No context for object [ffff88040d823208]
[   30.451337]      scan-1141 get_device_data       : No context for object [ffff88040d823230]
[   30.451531]      scan-1141 get_device_data       : No context for object [ffff88040d823258]
[   30.451729]      scan-1141 get_device_data       : No context for object [ffff88040d823280]
[   30.451927]      scan-1141 get_device_data       : No context for object [ffff88040d8232a8]
[   30.452122]      scan-1141 get_device_data       : No context for object [ffff88040d8232d0]
[   30.452317]      scan-1141 get_device_data       : No context for object [ffff88040d8232f8]
[   30.452512]      scan-1141 get_device_data       : No context for object [ffff88040d823320]
[   30.452705]      scan-1141 get_device_data       : No context for object [ffff88040d823348]
[   30.452898]      scan-1141 get_device_data       : No context for object [ffff88040d823370]
[   30.453092]      scan-1141 get_device_data       : No context for object [ffff88040d823398]
[   30.453287]      scan-1141 get_device_data       : No context for object [ffff88040d8233c0]
[   30.453483]     utils-0051 util_eval_error       : Evaluate [\_SB_.PCI0.PB3_.VGA_._STA]: AE_NOT_FOUND
[   30.453708]     video-0058 backlight_cap_match   : Found generic backlight support
[   30.453909] device: 'LNXVIDEO:00': device_add
[   30.453967] bus: 'acpi': add device LNXVIDEO:00
[   30.454043]     utils-0051 util_eval_error       : Evaluate [\_SB_.PCI0.PB3_.VGA_._SUN]: AE_NOT_FOUND
[   30.454247]      scan-1933 add_single_object     : Added LNXVIDEO:00 [\_SB_.PCI0.PB3_.VGA_] parent device:03
[   30.454405]      scan-1141 get_device_data       : No context for object [ffff88040d8233e8]
[   30.454582]      scan-1141 get_device_data       : No context for object [ffff88040d823410]
[   30.454777]      scan-1141 get_device_data       : No context for object [ffff88040d823438]
[   30.454971]      scan-1141 get_device_data       : No context for object [ffff88040d823460]
[   30.455164]      scan-1141 get_device_data       : No context for object [ffff88040d823488]
[   30.455341]      scan-1141 get_device_data       : No context for object [ffff88040d8234b0]
[   30.455535]      scan-1141 get_device_data       : No context for object [ffff88040d8234d8]
[   30.455730]      scan-1141 get_device_data       : No context for object [ffff88040d823500]
[   30.455925]      scan-1141 get_device_data       : No context for object [ffff88040d823528]
[   30.456120]      scan-1141 get_device_data       : No context for object [ffff88040d823550]
[   30.456316]      scan-1141 get_device_data       : No context for object [ffff88040d823578]
[   30.456510]      scan-1141 get_device_data       : No context for object [ffff88040d8235a0]
[   30.456669]      scan-1141 get_device_data       : No context for object [ffff88040d8235c8]
[   30.456867]      scan-1141 get_device_data       : No context for object [ffff88040d8235f0]
[   30.457065]      scan-1141 get_device_data       : No context for object [ffff88040d823618]
[   30.457262]      scan-1141 get_device_data       : No context for object [ffff88040d823640]
[   30.457441]      scan-1141 get_device_data       : No context for object [ffff88040d823668]
[   30.457636]      scan-1141 get_device_data       : No context for object [ffff88040d823690]
[   30.457833]      scan-1141 get_device_data       : No context for object [ffff88040d8236b8]
[   30.458030]      scan-1141 get_device_data       : No context for object [ffff88040d8236e0]
[   30.458228]      scan-1141 get_device_data       : No context for object [ffff88040d823708]
[   30.458379]      scan-1141 get_device_data       : No context for object [ffff88040d823730]
[   30.458556]      scan-1141 get_device_data       : No context for object [ffff88040d823758]
[   30.458752]      scan-1141 get_device_data       : No context for object [ffff88040d823780]
[   30.458946]      scan-1141 get_device_data       : No context for object [ffff88040d8237a8]
[   30.459144]      scan-1141 get_device_data       : No context for object [ffff88040d8237d0]
[   30.459321]      scan-1141 get_device_data       : No context for object [ffff88040d8237f8]
[   30.459518]      scan-1141 get_device_data       : No context for object [ffff88040d823820]
[   30.459715]      scan-1141 get_device_data       : No context for object [ffff88040d823848]
[   30.459912]      scan-1141 get_device_data       : No context for object [ffff88040d823870]
[   30.460160]      scan-1141 get_device_data       : No context for object [ffff88040d823898]
[   30.460354]      scan-1141 get_device_data       : No context for object [ffff88040d8238c0]
[   30.460551]      scan-1141 get_device_data       : No context for object [ffff88040d8238e8]
[   30.460749]      scan-1141 get_device_data       : No context for object [ffff88040d823910]
[   30.460946]      scan-1141 get_device_data       : No context for object [ffff88040d823938]
[   30.461144]      scan-1141 get_device_data       : No context for object [ffff88040d823960]
[   30.461338]      scan-1141 get_device_data       : No context for object [ffff88040d823988]
[   30.461535]      scan-1141 get_device_data       : No context for object [ffff88040d8239b0]
[   30.461732]      scan-1141 get_device_data       : No context for object [ffff88040d8239d8]
[   30.461929]      scan-1141 get_device_data       : No context for object [ffff88040d837460]
[   30.462126]      scan-1141 get_device_data       : No context for object [ffff88040d83ac08]
[   30.462323]      scan-1141 get_device_data       : No context for object [ffff88040d83ac30]
[   30.462520]      scan-1141 get_device_data       : No context for object [ffff88040d83ac58]
[   30.462717]     utils-0051 util_eval_error       : Evaluate [\_SB_.PCI0.PB3_.VGA_.CRT_._STA]: AE_NOT_FOUND
[   30.462962] device: 'device:04': device_add
[   30.463071] bus: 'acpi': add device device:04
[   30.463146]     utils-0051 util_eval_error       : Evaluate [\_SB_.PCI0.PB3_.VGA_.CRT_._SUN]: AE_NOT_FOUND
[   30.463345]      scan-1933 add_single_object     : Added device:04 [\_SB_.PCI0.PB3_.VGA_.CRT_] parent LNXVIDEO:00
[   30.463548]      scan-1141 get_device_data       : No context for object [ffff88040d83ac80]
[   30.463744]      scan-1141 get_device_data       : No context for object [ffff88040d83aca8]
[   30.463941]      scan-1141 get_device_data       : No context for object [ffff88040d83acd0]
[   30.464138]      scan-1141 get_device_data       : No context for object [ffff88040d83acf8]
[   30.464335]      scan-1141 get_device_data       : No context for object [ffff88040d83ad20]
[   30.464533]     utils-0051 util_eval_error       : Evaluate [\_SB_.PCI0.PB3_.VGA_.LCD_._STA]: AE_NOT_FOUND
[   30.464775] device: 'device:05': device_add
[   30.464883] bus: 'acpi': add device device:05
[   30.464950]     utils-0051 util_eval_error       : Evaluate [\_SB_.PCI0.PB3_.VGA_.LCD_._SUN]: AE_NOT_FOUND
[   30.465156]      scan-1933 add_single_object     : Added device:05 [\_SB_.PCI0.PB3_.VGA_.LCD_] parent LNXVIDEO:00
[   30.465346]      scan-1141 get_device_data       : No context for object [ffff88040d83ad48]
[   30.465543]      scan-1141 get_device_data       : No context for object [ffff88040d83ad70]
[   30.465741]      scan-1141 get_device_data       : No context for object [ffff88040d83ad98]
[   30.465939]      scan-1141 get_device_data       : No context for object [ffff88040d83adc0]
[   30.466136]      scan-1141 get_device_data       : No context for object [ffff88040d83ade8]
[   30.466330]      scan-1141 get_device_data       : No context for object [ffff88040d83ae10]
[   30.466527]      scan-1141 get_device_data       : No context for object [ffff88040d83ae38]
[   30.466670]      scan-1141 get_device_data       : No context for object [ffff88040d83ae60]
[   30.466868]     utils-0051 util_eval_error       : Evaluate [\_SB_.PCI0.PB3_.VGA_.TV0_._STA]: AE_NOT_FOUND
[   30.467101] device: 'device:06': device_add
[   30.467164] bus: 'acpi': add device device:06
[   30.467236]     utils-0051 util_eval_error       : Evaluate [\_SB_.PCI0.PB3_.VGA_.TV0_._SUN]: AE_NOT_FOUND
[   30.468457]      scan-1933 add_single_object     : Added device:06 [\_SB_.PCI0.PB3_.VGA_.TV0_] parent LNXVIDEO:00
[   30.468651]      scan-1141 get_device_data       : No context for object [ffff88040d83ae88]
[   30.468849]      scan-1141 get_device_data       : No context for object [ffff88040d83aeb0]
[   30.469044]      scan-1141 get_device_data       : No context for object [ffff88040d83aed8]
[   30.469239]      scan-1141 get_device_data       : No context for object [ffff88040d83af00]
[   30.469388]      scan-1141 get_device_data       : No context for object [ffff88040d83af28]
[   30.469566]     utils-0051 util_eval_error       : Evaluate [\_SB_.PCI0.PB3_.VGA_.HDMI._STA]: AE_NOT_FOUND
[   30.469787] device: 'device:07': device_add
[   30.469845] bus: 'acpi': add device device:07
[   30.470002]     utils-0051 util_eval_error       : Evaluate [\_SB_.PCI0.PB3_.VGA_.HDMI._SUN]: AE_NOT_FOUND
[   30.470207]      scan-1933 add_single_object     : Added device:07 [\_SB_.PCI0.PB3_.VGA_.HDMI] parent LNXVIDEO:00
[   30.470388]      scan-1141 get_device_data       : No context for object [ffff88040d83af50]
[   30.470582]      scan-1141 get_device_data       : No context for object [ffff88040d83af78]
[   30.470778]      scan-1141 get_device_data       : No context for object [ffff88040d83afa0]
[   30.470973]      scan-1141 get_device_data       : No context for object [ffff88040d83afc8]
[   30.471165]      scan-1141 get_device_data       : No context for object [ffff88040d823a00]
[   30.471362]     utils-0051 util_eval_error       : Evaluate [\_SB_.PCI0.PB3_.HDAU._STA]: AE_NOT_FOUND
[   30.471591] device: 'device:08': device_add
[   30.471653] bus: 'acpi': add device device:08
[   30.471726]     utils-0051 util_eval_error       : Evaluate [\_SB_.PCI0.PB3_.HDAU._SUN]: AE_NOT_FOUND
[   30.471931]      scan-1933 add_single_object     : Added device:08 [\_SB_.PCI0.PB3_.HDAU] parent device:03
[   30.472132]      scan-1141 get_device_data       : No context for object [ffff88040d823a28]
[   30.472327]      scan-1141 get_device_data       : No context for object [ffff88040d823a50]
[   30.472500]      scan-1141 get_device_data       : No context for object [ffff88040d823a78]
[   30.472696]      scan-1141 get_device_data       : No context for object [ffff88040d823aa0]
[   30.472891]      scan-1141 get_device_data       : No context for object [ffff88040d823ac8]
[   30.473089]      scan-1141 get_device_data       : No context for object [ffff88040d823af0]
[   30.473286]      scan-1141 get_device_data       : No context for object [ffff88040d823b18]
[   30.473421]     utils-0051 util_eval_error       : Evaluate [\_SB_.PCI0.PB4_._STA]: AE_NOT_FOUND
[   30.473630] device: 'device:09': device_add
[   30.473693] bus: 'acpi': add device device:09
[   30.473770]     utils-0051 util_eval_error       : Evaluate [\_SB_.PCI0.PB4_._SUN]: AE_NOT_FOUND
[   30.473976]      scan-1933 add_single_object     : Added device:09 [\_SB_.PCI0.PB4_] parent PNP0A08:00
[   30.474178]      scan-1141 get_device_data       : No context for object [ffff88040d823b40]
[   30.474355]      scan-1141 get_device_data       : No context for object [ffff88040d823b68]
[   30.474553]      scan-1141 get_device_data       : No context for object [ffff88040d823b90]
[   30.474750]      scan-1141 get_device_data       : No context for object [ffff88040d823bb8]
[   30.474944]      scan-1141 get_device_data       : No context for object [ffff88040d823be0]
[   30.475142]      scan-1141 get_device_data       : No context for object [ffff88040d823c08]
[   30.475339]      scan-1141 get_device_data       : No context for object [ffff88040d823c30]
[   30.475537]      scan-1141 get_device_data       : No context for object [ffff88040d823c58]
[   30.475735]      scan-1141 get_device_data       : No context for object [ffff88040d823c80]
[   30.475931]      scan-1141 get_device_data       : No context for object [ffff88040d823ca8]
[   30.476124]      scan-1141 get_device_data       : No context for object [ffff88040d823cd0]
[   30.476321]      scan-1141 get_device_data       : No context for object [ffff88040d823cf8]
[   30.476519]      scan-1141 get_device_data       : No context for object [ffff88040d823d20]
[   30.476669]      scan-1141 get_device_data       : No context for object [ffff88040d823d48]
[   30.476866]      scan-1141 get_device_data       : No context for object [ffff88040d823d70]
[   30.477064]      scan-1141 get_device_data       : No context for object [ffff88040d823d98]
[   30.477258]      scan-1141 get_device_data       : No context for object [ffff88040d823dc0]
[   30.477438]      scan-1141 get_device_data       : No context for object [ffff88040d823de8]
[   30.477636]      scan-1141 get_device_data       : No context for object [ffff88040d823e10]
[   30.477834]      scan-1141 get_device_data       : No context for object [ffff88040d823e38]
[   30.478032]      scan-1141 get_device_data       : No context for object [ffff88040d823e60]
[   30.478229]      scan-1141 get_device_data       : No context for object [ffff88040d823e88]
[   30.478379]      scan-1141 get_device_data       : No context for object [ffff88040d823eb0]
[   30.478553]      scan-1141 get_device_data       : No context for object [ffff88040d823ed8]
[   30.478751]      scan-1141 get_device_data       : No context for object [ffff88040d823f00]
[   30.478948]      scan-1141 get_device_data       : No context for object [ffff88040d823f28]
[   30.479146]      scan-1141 get_device_data       : No context for object [ffff88040d823f50]
[   30.479324]      scan-1141 get_device_data       : No context for object [ffff88040d823f78]
[   30.479521]      scan-1141 get_device_data       : No context for object [ffff88040d823fa0]
[   30.479715]      scan-1141 get_device_data       : No context for object [ffff88040d823fc8]
[   30.479912]      scan-1141 get_device_data       : No context for object [ffff88040d825000]
[   30.480166]     utils-0051 util_eval_error       : Evaluate [\_SB_.PCI0.PB4_.XPDV._STA]: AE_NOT_FOUND
[   30.480383] device: 'device:0a': device_add
[   30.480446] bus: 'acpi': add device device:0a
[   30.480521]     utils-0051 util_eval_error       : Evaluate [\_SB_.PCI0.PB4_.XPDV._SUN]: AE_NOT_FOUND
[   30.480728]      scan-1933 add_single_object     : Added device:0a [\_SB_.PCI0.PB4_.XPDV] parent device:09
[   30.480927]      scan-1141 get_device_data       : No context for object [ffff88040d825028]
[   30.481124]      scan-1141 get_device_data       : No context for object [ffff88040d825050]
[   30.481321]      scan-1141 get_device_data       : No context for object [ffff88040d825078]
[   30.481519]      scan-1141 get_device_data       : No context for object [ffff88040d8250a0]
[   30.481716]      scan-1141 get_device_data       : No context for object [ffff88040d8250c8]
[   30.481913]      scan-1141 get_device_data       : No context for object [ffff88040d837500]
[   30.482111]      scan-1141 get_device_data       : No context for object [ffff88040d8250f0]
[   30.482306]      scan-1141 get_device_data       : No context for object [ffff88040d825118]
[   30.482484]     utils-0051 util_eval_error       : Evaluate [\_SB_.PCI0.PB5_._STA]: AE_NOT_FOUND
[   30.482778] device: 'device:0b': device_add
[   30.482840] bus: 'acpi': add device device:0b
[   30.482915]     utils-0051 util_eval_error       : Evaluate [\_SB_.PCI0.PB5_._SUN]: AE_NOT_FOUND
[   30.483121]      scan-1933 add_single_object     : Added device:0b [\_SB_.PCI0.PB5_] parent PNP0A08:00
[   30.483337]      scan-1141 get_device_data       : No context for object [ffff88040d825140]
[   30.483531]      scan-1141 get_device_data       : No context for object [ffff88040d825168]
[   30.483728]      scan-1141 get_device_data       : No context for object [ffff88040d825190]
[   30.483925]      scan-1141 get_device_data       : No context for object [ffff88040d8251b8]
[   30.484122]      scan-1141 get_device_data       : No context for object [ffff88040d8251e0]
[   30.484320]      scan-1141 get_device_data       : No context for object [ffff88040d825208]
[   30.484496]      scan-1141 get_device_data       : No context for object [ffff88040d825230]
[   30.484690]      scan-1141 get_device_data       : No context for object [ffff88040d825258]
[   30.484888]      scan-1141 get_device_data       : No context for object [ffff88040d825280]
[   30.485086]      scan-1141 get_device_data       : No context for object [ffff88040d8252a8]
[   30.485284]      scan-1141 get_device_data       : No context for object [ffff88040d8252d0]
[   30.485433]      scan-1141 get_device_data       : No context for object [ffff88040d8252f8]
[   30.485609]      scan-1141 get_device_data       : No context for object [ffff88040d825320]
[   30.486669]      scan-1141 get_device_data       : No context for object [ffff88040d825348]
[   30.486863]      scan-1141 get_device_data       : No context for object [ffff88040d825370]
[   30.487055]      scan-1141 get_device_data       : No context for object [ffff88040d825398]
[   30.487250]      scan-1141 get_device_data       : No context for object [ffff88040d8253c0]
[   30.487399]      scan-1141 get_device_data       : No context for object [ffff88040d8253e8]
[   30.487575]      scan-1141 get_device_data       : No context for object [ffff88040d825410]
[   30.487769]      scan-1141 get_device_data       : No context for object [ffff88040d825438]
[   30.487964]      scan-1141 get_device_data       : No context for object [ffff88040d825460]
[   30.488156]      scan-1141 get_device_data       : No context for object [ffff88040d825488]
[   30.488329]      scan-1141 get_device_data       : No context for object [ffff88040d8254b0]
[   30.488525]      scan-1141 get_device_data       : No context for object [ffff88040d8254d8]
[   30.488719]      scan-1141 get_device_data       : No context for object [ffff88040d825500]
[   30.488914]      scan-1141 get_device_data       : No context for object [ffff88040d825528]
[   30.489106]      scan-1141 get_device_data       : No context for object [ffff88040d825550]
[   30.489301]      scan-1141 get_device_data       : No context for object [ffff88040d825578]
[   30.489494]      scan-1141 get_device_data       : No context for object [ffff88040d8255a0]
[   30.489691]      scan-1141 get_device_data       : No context for object [ffff88040d8255c8]
[   30.489888]      scan-1141 get_device_data       : No context for object [ffff88040d8255f0]
[   30.490131]     utils-0051 util_eval_error       : Evaluate [\_SB_.PCI0.PB5_.XPDV._STA]: AE_NOT_FOUND
[   30.490364] device: 'device:0c': device_add
[   30.490427] bus: 'acpi': add device device:0c
[   30.490504]     utils-0051 util_eval_error       : Evaluate [\_SB_.PCI0.PB5_.XPDV._SUN]: AE_NOT_FOUND
[   30.490707]      scan-1933 add_single_object     : Added device:0c [\_SB_.PCI0.PB5_.XPDV] parent device:0b
[   30.490905]      scan-1141 get_device_data       : No context for object [ffff88040d825618]
[   30.491103]      scan-1141 get_device_data       : No context for object [ffff88040d825640]
[   30.491300]      scan-1141 get_device_data       : No context for object [ffff88040d825668]
[   30.491451]      scan-1141 get_device_data       : No context for object [ffff88040d825690]
[   30.491628]      scan-1141 get_device_data       : No context for object [ffff88040d8256b8]
[   30.491826]      scan-1141 get_device_data       : No context for object [ffff88040d837528]
[   30.492019]      scan-1141 get_device_data       : No context for object [ffff88040d8256e0]
[   30.492218]      scan-1141 get_device_data       : No context for object [ffff88040d825708]
[   30.492397]     utils-0051 util_eval_error       : Evaluate [\_SB_.PCI0.PB6_._STA]: AE_NOT_FOUND
[   30.492690] device: 'device:0d': device_add
[   30.492753] bus: 'acpi': add device device:0d
[   30.492828]     utils-0051 util_eval_error       : Evaluate [\_SB_.PCI0.PB6_._SUN]: AE_NOT_FOUND
[   30.493034]      scan-1933 add_single_object     : Added device:0d [\_SB_.PCI0.PB6_] parent PNP0A08:00
[   30.493233]      scan-1141 get_device_data       : No context for object [ffff88040d825730]
[   30.493336]      scan-1141 get_device_data       : No context for object [ffff88040d825758]
[   30.493533]      scan-1141 get_device_data       : No context for object [ffff88040d825780]
[   30.493731]      scan-1141 get_device_data       : No context for object [ffff88040d8257a8]
[   30.493928]      scan-1141 get_device_data       : No context for object [ffff88040d8257d0]
[   30.494125]      scan-1141 get_device_data       : No context for object [ffff88040d8257f8]
[   30.494302]      scan-1141 get_device_data       : No context for object [ffff88040d825820]
[   30.494498]      scan-1141 get_device_data       : No context for object [ffff88040d825848]
[   30.494695]      scan-1141 get_device_data       : No context for object [ffff88040d825870]
[   30.494893]      scan-1141 get_device_data       : No context for object [ffff88040d825898]
[   30.495091]      scan-1141 get_device_data       : No context for object [ffff88040d8258c0]
[   30.495274]      scan-1141 get_device_data       : No context for object [ffff88040d8258e8]
[   30.495470]      scan-1141 get_device_data       : No context for object [ffff88040d825910]
[   30.495663]      scan-1141 get_device_data       : No context for object [ffff88040d825938]
[   30.495860]      scan-1141 get_device_data       : No context for object [ffff88040d825960]
[   30.496058]      scan-1141 get_device_data       : No context for object [ffff88040d825988]
[   30.496255]      scan-1141 get_device_data       : No context for object [ffff88040d8259b0]
[   30.496453]      scan-1141 get_device_data       : No context for object [ffff88040d8259d8]
[   30.496669]      scan-1141 get_device_data       : No context for object [ffff88040d825a00]
[   30.496863]      scan-1141 get_device_data       : No context for object [ffff88040d825a28]
[   30.497062]      scan-1141 get_device_data       : No context for object [ffff88040d825a50]
[   30.497260]      scan-1141 get_device_data       : No context for object [ffff88040d825a78]
[   30.497457]      scan-1141 get_device_data       : No context for object [ffff88040d825aa0]
[   30.497655]      scan-1141 get_device_data       : No context for object [ffff88040d825ac8]
[   30.497853]      scan-1141 get_device_data       : No context for object [ffff88040d825af0]
[   30.498049]      scan-1141 get_device_data       : No context for object [ffff88040d825b18]
[   30.498245]      scan-1141 get_device_data       : No context for object [ffff88040d825b40]
[   30.498424]      scan-1141 get_device_data       : No context for object [ffff88040d825b68]
[   30.498622]      scan-1141 get_device_data       : No context for object [ffff88040d825b90]
[   30.498820]      scan-1141 get_device_data       : No context for object [ffff88040d825bb8]
[   30.499018]      scan-1141 get_device_data       : No context for object [ffff88040d825be0]
[   30.499215]     utils-0051 util_eval_error       : Evaluate [\_SB_.PCI0.PB6_.XPDV._STA]: AE_NOT_FOUND
[   30.499400] device: 'device:0e': device_add
[   30.499512] bus: 'acpi': add device device:0e
[   30.499586]     utils-0051 util_eval_error       : Evaluate [\_SB_.PCI0.PB6_.XPDV._SUN]: AE_NOT_FOUND
[   30.499793]      scan-1933 add_single_object     : Added device:0e [\_SB_.PCI0.PB6_.XPDV] parent device:0d
[   30.500006]      scan-1141 get_device_data       : No context for object [ffff88040d825c08]
[   30.500203]      scan-1141 get_device_data       : No context for object [ffff88040d825c30]
[   30.500354]      scan-1141 get_device_data       : No context for object [ffff88040d825c58]
[   30.500528]      scan-1141 get_device_data       : No context for object [ffff88040d825c80]
[   30.500725]      scan-1141 get_device_data       : No context for object [ffff88040d825ca8]
[   30.500923]      scan-1141 get_device_data       : No context for object [ffff88040d837550]
[   30.501121]      scan-1141 get_device_data       : No context for object [ffff88040d825cd0]
[   30.501300]      scan-1141 get_device_data       : No context for object [ffff88040d825cf8]
[   30.501499]     utils-0051 util_eval_error       : Evaluate [\_SB_.PCI0.PB7_._STA]: AE_NOT_FOUND
[   30.501726] device: 'device:0f': device_add
[   30.501786] bus: 'acpi': add device device:0f
[   30.501863]     utils-0051 util_eval_error       : Evaluate [\_SB_.PCI0.PB7_._SUN]: AE_NOT_FOUND
[   30.502068]      scan-1933 add_single_object     : Added device:0f [\_SB_.PCI0.PB7_] parent PNP0A08:00
[   30.502266]      scan-1141 get_device_data       : No context for object [ffff88040d825d20]
[   30.502444]      scan-1141 get_device_data       : No context for object [ffff88040d825d48]
[   30.502638]      scan-1141 get_device_data       : No context for object [ffff88040d825d70]
[   30.502834]      scan-1141 get_device_data       : No context for object [ffff88040d825d98]
[   30.503026]      scan-1141 get_device_data       : No context for object [ffff88040d825dc0]
[   30.503221]      scan-1141 get_device_data       : No context for object [ffff88040d825de8]
[   30.503414]      scan-1141 get_device_data       : No context for object [ffff88040d825e10]
[   30.503592]      scan-1141 get_device_data       : No context for object [ffff88040d825e38]
[   30.503787]      scan-1141 get_device_data       : No context for object [ffff88040d825e60]
[   30.504906]      scan-1141 get_device_data       : No context for object [ffff88040d825e88]
[   30.505099]      scan-1141 get_device_data       : No context for object [ffff88040d825eb0]
[   30.505295]      scan-1141 get_device_data       : No context for object [ffff88040d825ed8]
[   30.505441]      scan-1141 get_device_data       : No context for object [ffff88040d825f00]
[   30.505616]      scan-1141 get_device_data       : No context for object [ffff88040d825f28]
[   30.505813]      scan-1141 get_device_data       : No context for object [ffff88040d825f50]
[   30.506006]      scan-1141 get_device_data       : No context for object [ffff88040d825f78]
[   30.506200]      scan-1141 get_device_data       : No context for object [ffff88040d825fa0]
[   30.506376]      scan-1141 get_device_data       : No context for object [ffff88040d825fc8]
[   30.506573]      scan-1141 get_device_data       : No context for object [ffff88040d827000]
[   30.506669]      scan-1141 get_device_data       : No context for object [ffff88040d827028]
[   30.506867]      scan-1141 get_device_data       : No context for object [ffff88040d827050]
[   30.507064]      scan-1141 get_device_data       : No context for object [ffff88040d827078]
[   30.507245]      scan-1141 get_device_data       : No context for object [ffff88040d8270a0]
[   30.507442]      scan-1141 get_device_data       : No context for object [ffff88040d8270c8]
[   30.507639]      scan-1141 get_device_data       : No context for object [ffff88040d8270f0]
[   30.507834]      scan-1141 get_device_data       : No context for object [ffff88040d827118]
[   30.508031]      scan-1141 get_device_data       : No context for object [ffff88040d827140]
[   30.508228]      scan-1141 get_device_data       : No context for object [ffff88040d827168]
[   30.508426]      scan-1141 get_device_data       : No context for object [ffff88040d827190]
[   30.508623]      scan-1141 get_device_data       : No context for object [ffff88040d8271b8]
[   30.508821]      scan-1141 get_device_data       : No context for object [ffff88040d8271e0]
[   30.509018]     utils-0051 util_eval_error       : Evaluate [\_SB_.PCI0.PB7_.XPDV._STA]: AE_NOT_FOUND
[   30.509249] device: 'device:10': device_add
[   30.509312] bus: 'acpi': add device device:10
[   30.509386]     utils-0051 util_eval_error       : Evaluate [\_SB_.PCI0.PB7_.XPDV._SUN]: AE_NOT_FOUND
[   30.509593]      scan-1933 add_single_object     : Added device:10 [\_SB_.PCI0.PB7_.XPDV] parent device:0f
[   30.509795]      scan-1141 get_device_data       : No context for object [ffff88040d827208]
[   30.510003]      scan-1141 get_device_data       : No context for object [ffff88040d827230]
[   30.510201]      scan-1141 get_device_data       : No context for object [ffff88040d827258]
[   30.510349]      scan-1141 get_device_data       : No context for object [ffff88040d827280]
[   30.510525]      scan-1141 get_device_data       : No context for object [ffff88040d8272a8]
[   30.510723]      scan-1141 get_device_data       : No context for object [ffff88040d837488]
[   30.510920]      scan-1141 get_device_data       : No context for object [ffff88040d8272d0]
[   30.511118]      scan-1141 get_device_data       : No context for object [ffff88040d8272f8]
[   30.511296]     utils-0051 util_eval_error       : Evaluate [\_SB_.PCI0.OHC1._STA]: AE_NOT_FOUND
[   30.511520] device: 'device:11': device_add
[   30.511583] bus: 'acpi': add device device:11
[   30.511658]     utils-0051 util_eval_error       : Evaluate [\_SB_.PCI0.OHC1._SUN]: AE_NOT_FOUND
[   30.511863]      scan-1933 add_single_object     : Added device:11 [\_SB_.PCI0.OHC1] parent PNP0A08:00
[   30.512065]      scan-1141 get_device_data       : No context for object [ffff88040d827320]
[   30.512253]      scan-1141 get_device_data       : No context for object [ffff88040d827348]
[   30.512451]      scan-1141 get_device_data       : No context for object [ffff88040d83b2f8]
[   30.512648]     utils-0051 util_eval_error       : Evaluate [\_SB_.PCI0.OHC1.RHUB._STA]: AE_NOT_FOUND
[   30.512874] device: 'device:12': device_add
[   30.512939] bus: 'acpi': add device device:12
[   30.513014]     utils-0051 util_eval_error       : Evaluate [\_SB_.PCI0.OHC1.RHUB._SUN]: AE_NOT_FOUND
[   30.513340]      scan-1933 add_single_object     : Added device:12 [\_SB_.PCI0.OHC1.RHUB] parent device:11
[   30.513521]      scan-1141 get_device_data       : No context for object [ffff88040d83b320]
[   30.513719]      scan-1141 get_device_data       : No context for object [ffff88040d83b348]
[   30.513918]     utils-0051 util_eval_error       : Evaluate [\_SB_.PCI0.OHC1.RHUB.PRT3._STA]: AE_NOT_FOUND
[   30.514139] device: 'device:13': device_add
[   30.514202] bus: 'acpi': add device device:13
[   30.514277]     utils-0051 util_eval_error       : Evaluate [\_SB_.PCI0.OHC1.RHUB.PRT3._SUN]: AE_NOT_FOUND
[   30.514438]      scan-1933 add_single_object     : Added device:13 [\_SB_.PCI0.OHC1.RHUB.PRT3] parent device:12
[   30.514619]      scan-1141 get_device_data       : No context for object [ffff88040d83b370]
[   30.514817]      scan-1141 get_device_data       : No context for object [ffff88040d83b398]
[   30.515015]      scan-1141 get_device_data       : No context for object [ffff88040d83b3c0]
[   30.515212]      scan-1141 get_device_data       : No context for object [ffff88040d83b3e8]
[   30.515386]     utils-0051 util_eval_error       : Evaluate [\_SB_.PCI0.OHC1.RHUB.PRT4._STA]: AE_NOT_FOUND
[   30.515619] device: 'device:14': device_add
[   30.515681] bus: 'acpi': add device device:14
[   30.515758]     utils-0051 util_eval_error       : Evaluate [\_SB_.PCI0.OHC1.RHUB.PRT4._SUN]: AE_NOT_FOUND
[   30.515965]      scan-1933 add_single_object     : Added device:14 [\_SB_.PCI0.OHC1.RHUB.PRT4] parent device:12
[   30.516167]      scan-1141 get_device_data       : No context for object [ffff88040d83b410]
[   30.516365]      scan-1141 get_device_data       : No context for object [ffff88040d83b438]
[   30.516560]      scan-1141 get_device_data       : No context for object [ffff88040d83b460]
[   30.516670]      scan-1141 get_device_data       : No context for object [ffff88040d827370]
[   30.516869]     utils-0051 util_eval_error       : Evaluate [\_SB_.PCI0.EHC1._STA]: AE_NOT_FOUND
[   30.517112] device: 'device:15': device_add
[   30.517176] bus: 'acpi': add device device:15
[   30.517251]     utils-0051 util_eval_error       : Evaluate [\_SB_.PCI0.EHC1._SUN]: AE_NOT_FOUND
[   30.517437]      scan-1933 add_single_object     : Added device:15 [\_SB_.PCI0.EHC1] parent PNP0A08:00
[   30.517638]      scan-1141 get_device_data       : No context for object [ffff88040d827398]
[   30.517832]      scan-1141 get_device_data       : No context for object [ffff88040d8273c0]
[   30.518029]      scan-1141 get_device_data       : No context for object [ffff88040d83b028]
[   30.518228]     utils-0051 util_eval_error       : Evaluate [\_SB_.PCI0.EHC1.RHUB._STA]: AE_NOT_FOUND
[   30.518445] device: 'device:16': device_add
[   30.518507] bus: 'acpi': add device device:16
[   30.518581]     utils-0051 util_eval_error       : Evaluate [\_SB_.PCI0.EHC1.RHUB._SUN]: AE_NOT_FOUND
[   30.518786]      scan-1933 add_single_object     : Added device:16 [\_SB_.PCI0.EHC1.RHUB] parent device:15
[   30.518980]      scan-1141 get_device_data       : No context for object [ffff88040d83b050]
[   30.519175]      scan-1141 get_device_data       : No context for object [ffff88040d83b078]
[   30.519353]     utils-0051 util_eval_error       : Evaluate [\_SB_.PCI0.EHC1.RHUB.PRT3._STA]: AE_NOT_FOUND
[   30.519581] device: 'device:17': device_add
[   30.519643] bus: 'acpi': add device device:17
[   30.519718]     utils-0051 util_eval_error       : Evaluate [\_SB_.PCI0.EHC1.RHUB.PRT3._SUN]: AE_NOT_FOUND
[   30.520011]      scan-1933 add_single_object     : Added device:17 [\_SB_.PCI0.EHC1.RHUB.PRT3] parent device:16
[   30.520208]      scan-1141 get_device_data       : No context for object [ffff88040d83b0a0]
[   30.520383]      scan-1141 get_device_data       : No context for object [ffff88040d83b0c8]
[   30.520578]      scan-1141 get_device_data       : No context for object [ffff88040d83b0f0]
[   30.520773]      scan-1141 get_device_data       : No context for object [ffff88040d83b118]
[   30.520968]     utils-0051 util_eval_error       : Evaluate [\_SB_.PCI0.EHC1.RHUB.PRT4._STA]: AE_NOT_FOUND
[   30.521198] device: 'device:18': device_add
[   30.521260] bus: 'acpi': add device device:18
[   30.521327]     utils-0051 util_eval_error       : Evaluate [\_SB_.PCI0.EHC1.RHUB.PRT4._SUN]: AE_NOT_FOUND
[   30.521515]      scan-1933 add_single_object     : Added device:18 [\_SB_.PCI0.EHC1.RHUB.PRT4] parent device:16
[   30.521716]      scan-1141 get_device_data       : No context for object [ffff88040d83b140]
[   30.521911]      scan-1141 get_device_data       : No context for object [ffff88040d83b168]
[   30.523029]      scan-1141 get_device_data       : No context for object [ffff88040d83b190]
[   30.523227]      scan-1141 get_device_data       : No context for object [ffff88040d8273e8]
[   30.523337]     utils-0051 util_eval_error       : Evaluate [\_SB_.PCI0.OHC2._STA]: AE_NOT_FOUND
[   30.523582] device: 'device:19': device_add
[   30.523645] bus: 'acpi': add device device:19
[   30.523713]     utils-0051 util_eval_error       : Evaluate [\_SB_.PCI0.OHC2._SUN]: AE_NOT_FOUND
[   30.523915]      scan-1933 add_single_object     : Added device:19 [\_SB_.PCI0.OHC2] parent PNP0A08:00
[   30.524117]      scan-1141 get_device_data       : No context for object [ffff88040d827410]
[   30.524294]      scan-1141 get_device_data       : No context for object [ffff88040d827438]
[   30.524492]      scan-1141 get_device_data       : No context for object [ffff88040d83b488]
[   30.524690]     utils-0051 util_eval_error       : Evaluate [\_SB_.PCI0.OHC2.RHUB._STA]: AE_NOT_FOUND
[   30.524915] device: 'device:1a': device_add
[   30.524974] bus: 'acpi': add device device:1a
[   30.525042]     utils-0051 util_eval_error       : Evaluate [\_SB_.PCI0.OHC2.RHUB._SUN]: AE_NOT_FOUND
[   30.525247]      scan-1933 add_single_object     : Added device:1a [\_SB_.PCI0.OHC2.RHUB] parent device:19
[   30.525451]      scan-1141 get_device_data       : No context for object [ffff88040d83b4b0]
[   30.525649]      scan-1141 get_device_data       : No context for object [ffff88040d83b4d8]
[   30.525847]     utils-0051 util_eval_error       : Evaluate [\_SB_.PCI0.OHC2.RHUB.PRT4._STA]: AE_NOT_FOUND
[   30.526080] device: 'device:1b': device_add
[   30.526142] bus: 'acpi': add device device:1b
[   30.526209]     utils-0051 util_eval_error       : Evaluate [\_SB_.PCI0.OHC2.RHUB.PRT4._SUN]: AE_NOT_FOUND
[   30.526366]      scan-1933 add_single_object     : Added device:1b [\_SB_.PCI0.OHC2.RHUB.PRT4] parent device:1a
[   30.526547]      scan-1141 get_device_data       : No context for object [ffff88040d83b500]
[   30.526798]      scan-1141 get_device_data       : No context for object [ffff88040d83b528]
[   30.526995]      scan-1141 get_device_data       : No context for object [ffff88040d83b550]
[   30.527193]      scan-1141 get_device_data       : No context for object [ffff88040d827460]
[   30.527371]     utils-0051 util_eval_error       : Evaluate [\_SB_.PCI0.EHC2._STA]: AE_NOT_FOUND
[   30.527594] device: 'device:1c': device_add
[   30.527658] bus: 'acpi': add device device:1c
[   30.527733]     utils-0051 util_eval_error       : Evaluate [\_SB_.PCI0.EHC2._SUN]: AE_NOT_FOUND
[   30.527938]      scan-1933 add_single_object     : Added device:1c [\_SB_.PCI0.EHC2] parent PNP0A08:00
[   30.528140]      scan-1141 get_device_data       : No context for object [ffff88040d827488]
[   30.528338]      scan-1141 get_device_data       : No context for object [ffff88040d8274b0]
[   30.528537]      scan-1141 get_device_data       : No context for object [ffff88040d83b1b8]
[   30.528734]     utils-0051 util_eval_error       : Evaluate [\_SB_.PCI0.EHC2.RHUB._STA]: AE_NOT_FOUND
[   30.528964] device: 'device:1d': device_add
[   30.529027] bus: 'acpi': add device device:1d
[   30.529104]     utils-0051 util_eval_error       : Evaluate [\_SB_.PCI0.EHC2.RHUB._SUN]: AE_NOT_FOUND
[   30.529311]      scan-1933 add_single_object     : Added device:1d [\_SB_.PCI0.EHC2.RHUB] parent device:1c
[   30.529492]      scan-1141 get_device_data       : No context for object [ffff88040d83b1e0]
[   30.529689]      scan-1141 get_device_data       : No context for object [ffff88040d83b208]
[   30.529887]     utils-0051 util_eval_error       : Evaluate [\_SB_.PCI0.EHC2.RHUB.PRT2._STA]: AE_NOT_FOUND
[   30.530038] device: 'device:1e': device_add
[   30.530148] bus: 'acpi': add device device:1e
[   30.530223]     utils-0051 util_eval_error       : Evaluate [\_SB_.PCI0.EHC2.RHUB.PRT2._SUN]: AE_NOT_FOUND
[   30.530410]      scan-1933 add_single_object     : Added device:1e [\_SB_.PCI0.EHC2.RHUB.PRT2] parent device:1d
[   30.530612]      scan-1141 get_device_data       : No context for object [ffff88040d83b230]
[   30.530809]      scan-1141 get_device_data       : No context for object [ffff88040d83b258]
[   30.531008]      scan-1141 get_device_data       : No context for object [ffff88040d83b280]
[   30.531201]      scan-1141 get_device_data       : No context for object [ffff88040d8274d8]
[   30.531354]     utils-0051 util_eval_error       : Evaluate [\_SB_.PCI0.OHC3._STA]: AE_NOT_FOUND
[   30.531577] device: 'device:1f': device_add
[   30.531640] bus: 'acpi': add device device:1f
[   30.531715]     utils-0051 util_eval_error       : Evaluate [\_SB_.PCI0.OHC3._SUN]: AE_NOT_FOUND
[   30.531921]      scan-1933 add_single_object     : Added device:1f [\_SB_.PCI0.OHC3] parent PNP0A08:00
[   30.532124]      scan-1141 get_device_data       : No context for object [ffff88040d827500]
[   30.532300]      scan-1141 get_device_data       : No context for object [ffff88040d827528]
[   30.532494]      scan-1141 get_device_data       : No context for object [ffff88040d83b578]
[   30.532693]     utils-0051 util_eval_error       : Evaluate [\_SB_.PCI0.OHC3.RHUB._STA]: AE_NOT_FOUND
[   30.532925] device: 'device:20': device_add
[   30.532988] bus: 'acpi': add device device:20
[   30.533065]     utils-0051 util_eval_error       : Evaluate [\_SB_.PCI0.OHC3.RHUB._SUN]: AE_NOT_FOUND
[   30.533345]      scan-1933 add_single_object     : Added device:20 [\_SB_.PCI0.OHC3.RHUB] parent device:1f
[   30.533545]      scan-1141 get_device_data       : No context for object [ffff88040d83b5a0]
[   30.533740]      scan-1141 get_device_data       : No context for object [ffff88040d827550]
[   30.533938]     utils-0051 util_eval_error       : Evaluate [\_SB_.PCI0.EHC3._STA]: AE_NOT_FOUND
[   30.534181] device: 'device:21': device_add
[   30.534244] bus: 'acpi': add device device:21
[   30.534319]     utils-0051 util_eval_error       : Evaluate [\_SB_.PCI0.EHC3._SUN]: AE_NOT_FOUND
[   30.534505]      scan-1933 add_single_object     : Added device:21 [\_SB_.PCI0.EHC3] parent PNP0A08:00
[   30.534707]      scan-1141 get_device_data       : No context for object [ffff88040d827578]
[   30.534903]      scan-1141 get_device_data       : No context for object [ffff88040d8275a0]
[   30.535100]      scan-1141 get_device_data       : No context for object [ffff88040d83b2a8]
[   30.535299]     utils-0051 util_eval_error       : Evaluate [\_SB_.PCI0.EHC3.RHUB._STA]: AE_NOT_FOUND
[   30.535512] device: 'device:22': device_add
[   30.535573] bus: 'acpi': add device device:22
[   30.535647]     utils-0051 util_eval_error       : Evaluate [\_SB_.PCI0.EHC3.RHUB._SUN]: AE_NOT_FOUND
[   30.535852]      scan-1933 add_single_object     : Added device:22 [\_SB_.PCI0.EHC3.RHUB] parent device:21
[   30.536049]      scan-1141 get_device_data       : No context for object [ffff88040d83b2d0]
[   30.536241]      scan-1141 get_device_data       : No context for object [ffff88040d8275c8]
[   30.536392]     utils-0051 util_eval_error       : Evaluate [\_SB_.PCI0.OHC4._STA]: AE_NOT_FOUND
[   30.536614] device: 'device:23': device_add
[   30.536674] bus: 'acpi': add device device:23
[   30.536747]     utils-0051 util_eval_error       : Evaluate [\_SB_.PCI0.OHC4._SUN]: AE_NOT_FOUND
[   30.536951]      scan-1933 add_single_object     : Added device:23 [\_SB_.PCI0.OHC4] parent PNP0A08:00
[   30.537152]      scan-1141 get_device_data       : No context for object [ffff88040d8275f0]
[   30.537328]      scan-1141 get_device_data       : No context for object [ffff88040d827618]
[   30.537520]      scan-1141 get_device_data       : No context for object [ffff88040d827640]
[   30.537716]     utils-0051 util_eval_error       : Evaluate [\_SB_.PCI0.SBAZ._STA]: AE_NOT_FOUND
[   30.537957] device: 'device:24': device_add
[   30.538017] bus: 'acpi': add device device:24
[   30.538091]     utils-0051 util_eval_error       : Evaluate [\_SB_.PCI0.SBAZ._SUN]: AE_NOT_FOUND
[   30.538294]      scan-1933 add_single_object     : Added device:24 [\_SB_.PCI0.SBAZ] parent PNP0A08:00
[   30.538472]      scan-1141 get_device_data       : No context for object [ffff88040d827668]
[   30.538663]      scan-1141 get_device_data       : No context for object [ffff88040d827690]
[   30.538859]      scan-1141 get_device_data       : No context for object [ffff88040d8276b8]
[   30.539054]     utils-0051 util_eval_error       : Evaluate [\_SB_.PCI0.GEC_._STA]: AE_NOT_FOUND
[   30.539314] device: 'device:25': device_add
[   30.539376] bus: 'acpi': add device device:25
[   30.539454]     utils-0051 util_eval_error       : Evaluate [\_SB_.PCI0.GEC_._SUN]: AE_NOT_FOUND
[   30.539640]      scan-1933 add_single_object     : Added device:25 [\_SB_.PCI0.GEC_] parent PNP0A08:00
[   30.539836]      scan-1141 get_device_data       : No context for object [ffff88040d8276e0]
[   30.540003]      scan-1141 get_device_data       : No context for object [ffff88040d827708]
[   30.541218]      scan-1141 get_device_data       : No context for object [ffff88040d827730]
[   30.541370]      scan-1141 get_device_data       : No context for object [ffff88040d827758]
[   30.541547]      scan-1141 get_device_data       : No context for object [ffff88040d827780]
