[    0.000000] Initializing cgroup subsys cpuset
[    0.000000] Initializing cgroup subsys cpu
[    0.000000] Initializing cgroup subsys cpuacct
[    0.000000] Linux version 3.17.0-rc2-gfd5984d (emacs@manji) (gcc version 4.9.1 (GCC) ) #51 SMP Sun Aug 31 16:37:04 CEST 2014
[    0.000000] Command line: BOOT_IMAGE=/vmlinuz-linux-git root=UUID=bfa4ab6e-19a3-4601-ba2b-267c55841c73 rw cryptdevice=/dev/disk/by-uuid/70c08890-417a-497d-b6ab-c0d0357a63e2:cryptManjaro:allow-discards ipv6.disable=1 pnp.debug=1 loglevel=9 log_buf_len=10M printk.always_kmsg_dump=y printk.time=y mminit_loglevel=0 memory_corruption_check=1 acpi.debug_layer=0xfbff0000 acpi.debug_level=0xFFFFFFFD pnp.debug=1 nohz=on rcu_nocbs=1-3 pcie_aspm=force fbcon=scrollback:4096k fbcon=font:ProFont6x11 radeon.audio=0 radeon.lockup_timeout=0 radeon.test=0 radeon.agpmode=-1 radeon.benchmark=0 radeon.tv=0 radeon.hard_reset=1 radeon.aspm=1 radeon.dpm=1 radeon.msi=1 radeon.pcie_gen2=-1 radeon.no_wb=1 radeon.modeset=1 radeon.dynclks=1 radeon.r4xx_atom=0 radeon.runpm=0 radeonfb radeon.fastfb=1 nomodeset
[    0.000000] KERNEL supported cpus:
[    0.000000]   AMD AuthenticAMD
[    0.000000] tseg: 00bfe00000
[    0.000000] e820: BIOS-provided physical RAM map:
[    0.000000] BIOS-e820: [mem 0x0000000000000000-0x000000000009d7ff] usable
[    0.000000] BIOS-e820: [mem 0x000000000009d800-0x000000000009ffff] reserved
[    0.000000] BIOS-e820: [mem 0x00000000000e0000-0x00000000000fffff] reserved
[    0.000000] BIOS-e820: [mem 0x0000000000100000-0x00000000bed9afff] usable
[    0.000000] BIOS-e820: [mem 0x00000000bed9b000-0x00000000bf39afff] reserved
[    0.000000] BIOS-e820: [mem 0x00000000bf39b000-0x00000000bf49afff] ACPI NVS
[    0.000000] BIOS-e820: [mem 0x00000000bf49b000-0x00000000bf51afff] ACPI data
[    0.000000] BIOS-e820: [mem 0x00000000bf51b000-0x00000000bfdfffff] usable
[    0.000000] BIOS-e820: [mem 0x00000000bfe00000-0x00000000bfffffff] reserved
[    0.000000] BIOS-e820: [mem 0x00000000fec00000-0x00000000fecfffff] reserved
[    0.000000] BIOS-e820: [mem 0x00000000fed80000-0x00000000fed80fff] reserved
[    0.000000] BIOS-e820: [mem 0x00000000ffe00000-0x00000000ffffffff] reserved
[    0.000000] BIOS-e820: [mem 0x0000000100000000-0x000000041effffff] usable
[    0.000000] NX (Execute Disable) protection: active
[    0.000000] SMBIOS 2.6 present.
[    0.000000] DMI: LENOVO Sabine/Torpedo, BIOS 54CN18WW 07/20/2011
[    0.000000] e820: update [mem 0x00000000-0x00000fff] usable ==> reserved
[    0.000000] e820: remove [mem 0x000a0000-0x000fffff] usable
[    0.000000] e820: last_pfn = 0x41f000 max_arch_pfn = 0x400000000
[    0.000000] MTRR default type: uncachable
[    0.000000] MTRR fixed ranges enabled:
[    0.000000]   00000-9FFFF write-back
[    0.000000]   A0000-BFFFF uncachable
[    0.000000]   C0000-FFFFF write-protect
[    0.000000] MTRR variable ranges enabled:
[    0.000000]   0 base 0000000000 mask FF80000000 write-back
[    0.000000]   1 base 0080000000 mask FFC0000000 write-back
[    0.000000]   2 base 00FFF90000 mask FFFFFF0000 uncachable
[    0.000000]   3 base 00FED80000 mask 0FFFFFF000 uncachable
[    0.000000]   4 disabled
[    0.000000]   5 disabled
[    0.000000]   6 disabled
[    0.000000]   7 base 00FFE00000 mask FFFFE00000 write-protect
[    0.000000] TOM2: 000000041f000000 aka 16880M
[    0.000000] mtrr: your BIOS has configured an incorrect mask, fixing it.
[    0.000000] e820: last_pfn = 0xbfe00 max_arch_pfn = 0x400000000
[    0.000000] found SMP MP-table at [mem 0x000fa8b0-0x000fa8bf] mapped at [ffff8800000fa8b0]
[    0.000000] Base memory trampoline at [ffff880000097000] 97000 size 24576
[    0.000000] Using GB pages for direct mapping
[    0.000000] init_memory_mapping: [mem 0x00000000-0x000fffff]
[    0.000000]  [mem 0x00000000-0x000fffff] page 4k
[    0.000000] BRK [0x01e17000, 0x01e17fff] PGTABLE
[    0.000000] BRK [0x01e18000, 0x01e18fff] PGTABLE
[    0.000000] BRK [0x01e19000, 0x01e19fff] PGTABLE
[    0.000000] init_memory_mapping: [mem 0x41ee00000-0x41effffff]
[    0.000000]  [mem 0x41ee00000-0x41effffff] page 2M
[    0.000000] BRK [0x01e1a000, 0x01e1afff] PGTABLE
[    0.000000] init_memory_mapping: [mem 0x41c000000-0x41edfffff]
[    0.000000]  [mem 0x41c000000-0x41edfffff] page 2M
[    0.000000] init_memory_mapping: [mem 0x400000000-0x41bffffff]
[    0.000000]  [mem 0x400000000-0x41bffffff] page 2M
[    0.000000] init_memory_mapping: [mem 0x00100000-0xbed9afff]
[    0.000000]  [mem 0x00100000-0x001fffff] page 4k
[    0.000000]  [mem 0x00200000-0x3fffffff] page 2M
[    0.000000]  [mem 0x40000000-0x7fffffff] page 1G
[    0.000000]  [mem 0x80000000-0xbebfffff] page 2M
[    0.000000]  [mem 0xbec00000-0xbed9afff] page 4k
[    0.000000] init_memory_mapping: [mem 0xbf51b000-0xbfdfffff]
[    0.000000]  [mem 0xbf51b000-0xbf5fffff] page 4k
[    0.000000]  [mem 0xbf600000-0xbfdfffff] page 2M
[    0.000000] BRK [0x01e1b000, 0x01e1bfff] PGTABLE
[    0.000000] init_memory_mapping: [mem 0x100000000-0x3ffffffff]
[    0.000000]  [mem 0x100000000-0x3ffffffff] page 1G
[    0.000000] log_buf_len: 16777216 bytes
[    0.000000] early log buf free: 2092044(99%)
[    0.000000] RAMDISK: [mem 0x3782c000-0x37c0dfff]
[    0.000000] ACPI: Early table checksum verification disabled
[    0.000000] ACPI: RSDP 0x00000000000F0110 000024 (v02 LENOVO)
[    0.000000] ACPI: XSDT 0x00000000BF51A120 000074 (v01 LENOVO CB-01    00000001 LENO 00000001)
[    0.000000] ACPI: FACP 0x00000000BF508000 0000F4 (v04 LENOVO CB-01    00000001 PTL  00000001)
[    0.000000] ACPI: DSDT 0x00000000BF50A000 00FD10 (v01 LENOVO CB-01    00001000 LENO 00000001)
[    0.000000] ACPI: FACS 0x00000000BF478000 000040
[    0.000000] ACPI: HPET 0x00000000BF507000 000038 (v01 LENOVO CB-01    00000001 PTL  00000001)
[    0.000000] ACPI: APIC 0x00000000BF506000 00007A (v02 LENOVO CB-01    00000001 PTL  00000001)
[    0.000000] ACPI: MCFG 0x00000000BF505000 00003C (v01 LENOVO CB-01    00000001 PTL  00000001)
[    0.000000] ACPI: SLIC 0x00000000BF504000 000176 (v01 LENOVO CB-01    00000001 LENO 00000001)
[    0.000000] ACPI: UEFI 0x00000000BF503000 00003E (v01 LENOVO CB-01    00000001 PTL  00000001)
[    0.000000] ACPI: UEFI 0x00000000BF502000 000042 (v01 PTL    COMBUF   00000001 PTL  00000001)
[    0.000000] ACPI: SSDT 0x00000000BF501000 000E34 (v01 AMD    POWERNOW 00000001 AMD  00000001)
[    0.000000] ACPI: SSDT 0x00000000BF4FF000 00193D (v02 AMD    ALIB     00000001 MSFT 04000000)
[    0.000000] ACPI: UEFI 0x00000000BF4FE000 00021A (v01 LENOVO CB-01    00000001 PTL  00000001)
[    0.000000] ACPI: Local APIC address 0xfee00000
[    0.000000] No NUMA configuration found
[    0.000000] Faking a node at [mem 0x0000000000000000-0x000000041effffff]
[    0.000000] Initmem setup node 0 [mem 0x00000000-0x41effffff]
[    0.000000]   NODE_DATA [mem 0x41dffa000-0x41dffdfff]
[    0.000000]  [ffffea0000000000-ffffea00107fffff] PMD -> [ffff88040de00000-ffff88041d5fffff] on node 0
[    0.000000] Zone ranges:
[    0.000000]   DMA      [mem 0x00001000-0x00ffffff]
[    0.000000]   DMA32    [mem 0x01000000-0xffffffff]
[    0.000000]   Normal   [mem 0x100000000-0x41effffff]
[    0.000000] Movable zone start for each node
[    0.000000] Early memory node ranges
[    0.000000]   node   0: [mem 0x00001000-0x0009cfff]
[    0.000000]   node   0: [mem 0x00100000-0xbed9afff]
[    0.000000]   node   0: [mem 0xbf51b000-0xbfdfffff]
[    0.000000]   node   0: [mem 0x100000000-0x41effffff]
[    0.000000] On node 0 totalpages: 4056604
[    0.000000]   DMA zone: 64 pages used for memmap
[    0.000000]   DMA zone: 21 pages reserved
[    0.000000]   DMA zone: 3996 pages, LIFO batch:0
[    0.000000]   DMA32 zone: 12186 pages used for memmap
[    0.000000]   DMA32 zone: 779904 pages, LIFO batch:31
[    0.000000]   Normal zone: 51136 pages used for memmap
[    0.000000]   Normal zone: 3272704 pages, LIFO batch:31
[    0.000000] ACPI: PM-Timer IO Port: 0x808
[    0.000000] ACPI: Local APIC address 0xfee00000
[    0.000000] ACPI: LAPIC (acpi_id[0x00] lapic_id[0x00] enabled)
[    0.000000] ACPI: LAPIC (acpi_id[0x01] lapic_id[0x01] enabled)
[    0.000000] ACPI: LAPIC (acpi_id[0x02] lapic_id[0x02] enabled)
[    0.000000] ACPI: LAPIC (acpi_id[0x03] lapic_id[0x03] enabled)
[    0.000000] ACPI: LAPIC_NMI (acpi_id[0x00] high edge lint[0x1])
[    0.000000] ACPI: LAPIC_NMI (acpi_id[0x01] high edge lint[0x1])
[    0.000000] ACPI: LAPIC_NMI (acpi_id[0x02] high edge lint[0x1])
[    0.000000] ACPI: LAPIC_NMI (acpi_id[0x03] high edge lint[0x1])
[    0.000000] ACPI: IOAPIC (id[0x02] address[0xfec00000] gsi_base[0])
[    0.000000] IOAPIC[0]: apic_id 2, version 33, address 0xfec00000, GSI 0-23
[    0.000000] ACPI: INT_SRC_OVR (bus 0 bus_irq 0 global_irq 2 dfl dfl)
[    0.000000] ACPI: IRQ0 used by override.
[    0.000000] ACPI: IRQ9 used by override.
[    0.000000] Using ACPI (MADT) for SMP configuration information
[    0.000000] ACPI: HPET id: 0x43538210 base: 0xfed00000
[    0.000000] smpboot: Allowing 4 CPUs, 0 hotplug CPUs
[    0.000000] e820: [mem 0xc0000000-0xfebfffff] available for PCI devices
[    0.000000] setup_percpu: NR_CPUS:64 nr_cpumask_bits:64 nr_cpu_ids:4 nr_node_ids:1
[    0.000000] PERCPU: Embedded 27 pages/cpu @ffff88041dc00000 s80256 r8192 d22144 u524288
[    0.000000] pcpu-alloc: s80256 r8192 d22144 u524288 alloc=1*2097152
[    0.000000] pcpu-alloc: [0] 0 1 2 3 
[    0.000000] Built 1 zonelists in Zone order, mobility grouping on.  Total pages: 3993197
[    0.000000] Policy zone: Normal
[    0.000000] Kernel command line: BOOT_IMAGE=/vmlinuz-linux-git root=UUID=bfa4ab6e-19a3-4601-ba2b-267c55841c73 rw cryptdevice=/dev/disk/by-uuid/70c08890-417a-497d-b6ab-c0d0357a63e2:cryptManjaro:allow-discards ipv6.disable=1 pnp.debug=1 loglevel=9 log_buf_len=10M printk.always_kmsg_dump=y printk.time=y mminit_loglevel=0 memory_corruption_check=1 acpi.debug_layer=0xfbff0000 acpi.debug_level=0xFFFFFFFD pnp.debug=1 nohz=on rcu_nocbs=1-3 pcie_aspm=force fbcon=scrollback:4096k fbcon=font:ProFont6x11 radeon.audio=0 radeon.lockup_timeout=0 radeon.test=0 radeon.agpmode=-1 radeon.benchmark=0 radeon.tv=0 radeon.hard_reset=1 radeon.aspm=1 radeon.dpm=1 radeon.msi=1 radeon.pcie_gen2=-1 radeon.no_wb=1 radeon.modeset=1 radeon.dynclks=1 radeon.r4xx_atom=0 radeon.runpm=0 radeonfb radeon.fastfb=1 nomodeset
[    0.000000] PCIe ASPM is forcibly enabled
[    0.000000] PID hash table entries: 4096 (order: 3, 32768 bytes)
[    0.000000] Memory: 15870900K/16226416K available (5251K kernel code, 721K rwdata, 2208K rodata, 848K init, 2588K bss, 355516K reserved)
[    0.000000] SLUB: HWalign=64, Order=0-3, MinObjects=0, CPUs=4, Nodes=1
[    0.000000] Hierarchical RCU implementation.
[    0.000000] 	RCU dyntick-idle grace-period acceleration is enabled.
[    0.000000] 	Additional per-CPU info printed with stalls.
[    0.000000] 	RCU restricting CPUs from NR_CPUS=64 to nr_cpu_ids=4.
[    0.000000] 	Offload RCU callbacks from all CPUs
[    0.000000] 	Offload RCU callbacks from CPUs: 0-3.
[    0.000000] RCU: Adjusting geometry for rcu_fanout_leaf=16, nr_cpu_ids=4
[    0.000000] NR_IRQS:4352 nr_irqs:456 0
[    0.000000] spurious 8259A interrupt: IRQ7.
[    0.000000] vgacon: allocated 4194304 bytes of memory for scrollback. CONFIG_VGACON_SOFT_SCROLLBACK_SIZE=4096
[    0.000000] Console: colour VGA+ 80x25
[    0.000000] console [tty0] enabled
[    0.000000] allocated 65011712 bytes of page_cgroup
[    0.000000] please try 'cgroup_disable=memory' option if you don't want memory cgroups
[    0.000000] hpet clockevent registered
[    0.000000] tsc: Fast TSC calibration using PIT
[    0.000000] tsc: Detected 1397.518 MHz processor
[    0.000040] Calibrating delay loop (skipped), value calculated using timer frequency.. 2796.49 BogoMIPS (lpj=4658393)
[    0.000201] pid_max: default: 32768 minimum: 301
[    0.000269] ACPI: Core revision 20140724
[    0.016077] ACPI: All ACPI Tables successfully acquired
[    0.018017] Security Framework initialized
[    0.019141] Dentry cache hash table entries: 2097152 (order: 12, 16777216 bytes)
[    0.024636] Inode-cache hash table entries: 1048576 (order: 11, 8388608 bytes)
[    0.027528] Mount-cache hash table entries: 32768 (order: 6, 262144 bytes)
[    0.027656] Mountpoint-cache hash table entries: 32768 (order: 6, 262144 bytes)
[    0.028202] Initializing cgroup subsys memory
[    0.028316] Initializing cgroup subsys devices
[    0.028380] Initializing cgroup subsys freezer
[    0.028444] Initializing cgroup subsys net_cls
[    0.028508] Initializing cgroup subsys blkio
[    0.028591] CPU: Physical Processor ID: 0
[    0.028652] CPU: Processor Core ID: 0
[    0.028715] mce: CPU supports 6 MCE banks
[    0.028784] Last level iTLB entries: 4KB 512, 2MB 16, 4MB 8
Last level dTLB entries: 4KB 1024, 2MB 128, 4MB 64, 1GB 0
[    0.029058] Freeing SMP alternatives memory: 20K (ffffffff81b8a000 - ffffffff81b8f000)
[    0.029744] ..TIMER: vector=0x30 apic1=0 pin1=2 apic2=-1 pin2=-1
[    0.062825] smpboot: CPU0: AMD A6-3400M APU with Radeon(tm) HD Graphics (fam: 12, model: 01, stepping: 00)
[    0.166715] Performance Events: AMD PMU driver.
[    0.166820] ... version:                0
[    0.166884] ... bit width:              48
[    0.166948] ... generic registers:      4
[    0.167011] ... value mask:             0000ffffffffffff
[    0.167076] ... max period:             00007fffffffffff
[    0.167140] ... fixed-purpose events:   0
[    0.167204] ... event mask:             000000000000000f
[    0.167741] MCE: In-kernel MCE decoding enabled.
[    0.167905] trying cpu_up:
[    0.168017] NMI watchdog: enabled on all CPUs, permanently consumes one hw-PMU counter.
[    0.168332] smpboot: ++++++++++++++++++++=_---CPU UP  1
[    0.168447] x86: Booting SMP configuration:
[    0.168511] .... node  #0, CPUs:      #1
[    0.168620] smpboot: Setting warm reset code and vector.
[    0.168745] smpboot: 1.
[    0.168807] smpboot: 2.
[    0.168869] smpboot: 3.
[    0.168933] smpboot: Asserting INIT
[    0.168996] smpboot: waiting 5 sec
[    5.178369] smpboot: done waiting
[    5.178512] smpboot: Waiting for INIT send to finish...
[    5.188654] smpboot: status for above ^ is: 0
[    5.188762] smpboot: Deasserting INIT
[    5.188824] smpboot: Waiting for above send to finish...
[    5.188887] smpboot: #startup loops: 2
[    5.188949] smpboot: Sending STARTUP #1
[    5.189011] smpboot: After apic_write
[    5.093907] smpboot: CPU#1 (phys ID: 1) waiting for CALLOUT
[    5.189374] smpboot: Startup point 1
[    5.189545] smpboot: Waiting for send to finish...
[    5.189808] smpboot: Sending STARTUP #2
[    5.189918] smpboot: After apic_write
[    5.190281] smpboot: Startup point 1
[    5.190390] smpboot: Waiting for send to finish...
[    5.190655] smpboot: After Startup
[    5.190764] smpboot: Before Callout 1
[    5.190828] smpboot: After Callout 1
[    5.095553] smpboot: Stack at about ffff880407807f44
[    5.190956] smpboot: start waiting 5sec for response
[    5.190995] smpboot: done waiting 5sec for response
[    5.191092] smpboot: ignoring cpu mask and assuming it has booted by now
[    5.191156] smpboot: cpumask_test_cpu result: -1
[    5.191253] smpboot: cpu_callin_mask: 0000000000000003
[    5.191317] smpboot: cpu_callout_mask: 0000000000000003
[    5.191414] smpboot: CPU1: has booted.
[    5.193533] TSC synchronization [CPU#0 -> CPU#1]:
[    5.193598] Measured 133149244 cycles TSC warp between CPUs, turning off TSC clock.
[    5.193740] tsc: Marking TSC unstable due to check_tsc_sync_source failed
[    5.193867] after cpu_up !!!!!!!!!!!!
[    5.193952] trying cpu_up:
[    5.194162] smpboot: ++++++++++++++++++++=_---CPU UP  2
[    5.194347]  #2
[    5.194384] smpboot: Setting warm reset code and vector.
[    5.194508] smpboot: 1.
[    5.194570] smpboot: 2.
[    5.194633] smpboot: 3.
[    5.194695] smpboot: Asserting INIT
[    5.194758] smpboot: waiting 5 sec
[   10.203233] smpboot: done waiting
[   10.203375] smpboot: Waiting for INIT send to finish...
[   10.213517] smpboot: status for above ^ is: 0
[   10.213627] smpboot: Deasserting INIT
[   10.213688] smpboot: Waiting for above send to finish...
[   10.213749] smpboot: #startup loops: 2
[   10.213808] smpboot: Sending STARTUP #1
[   10.213867] smpboot: After apic_write
[   10.084701] smpboot: CPU#2 (phys ID: 2) waiting for CALLOUT
[   10.214228] smpboot: Startup point 1
[   10.214399] smpboot: Waiting for send to finish...
[   10.214662] smpboot: Sending STARTUP #2
[   10.214768] smpboot: After apic_write
[   10.215128] smpboot: Startup point 1
[   10.215190] smpboot: Waiting for send to finish...
[   10.215452] smpboot: After Startup
[   10.215560] smpboot: Before Callout 2
[   10.215622] smpboot: After Callout 2
[   10.086338] smpboot: Stack at about ffff88040780bf44
[   10.215749] smpboot: start waiting 5sec for response
[   10.215788] smpboot: done waiting 5sec for response
[   10.215886] smpboot: ignoring cpu mask and assuming it has booted by now
[   10.215948] smpboot: cpumask_test_cpu result: -1
[   10.216040] smpboot: cpu_callin_mask: 0000000000000007
[   10.216100] smpboot: cpu_callout_mask: 0000000000000007
[   10.216193] smpboot: CPU2: has booted.
[   10.216319] after cpu_up !!!!!!!!!!!!
[   10.216355] trying cpu_up:
[   10.216529] smpboot: ++++++++++++++++++++=_---CPU UP  3
[   10.216710]  #3
[   10.216747] smpboot: Setting warm reset code and vector.
[   10.216869] smpboot: 1.
[   10.216931] smpboot: 2.
[   10.216992] smpboot: 3.
[   10.217053] smpboot: Asserting INIT
[   10.217113] smpboot: waiting 5 sec
[   15.225147] smpboot: done waiting
[   15.225289] smpboot: Waiting for INIT send to finish...
[   15.235430] smpboot: status for above ^ is: 0
[   15.235537] smpboot: Deasserting INIT
[   15.235598] smpboot: Waiting for above send to finish...
[   15.235660] smpboot: #startup loops: 2
[   15.235720] smpboot: Sending STARTUP #1
[   15.235782] smpboot: After apic_write
[   15.072743] smpboot: CPU#3 (phys ID: 3) waiting for CALLOUT
[   15.236144] smpboot: Startup point 1
[   15.236318] smpboot: Waiting for send to finish...
[   15.236580] smpboot: Sending STARTUP #2
[   15.236687] smpboot: After apic_write
[   15.237049] smpboot: Startup point 1
[   15.237158] smpboot: Waiting for send to finish...
[   15.237422] smpboot: After Startup
[   15.237529] smpboot: Before Callout 3
[   15.237590] smpboot: After Callout 3
[   15.074426] smpboot: Stack at about ffff88040780ff44
[   15.237726] smpboot: start waiting 5sec for response
[   15.237767] smpboot: done waiting 5sec for response
[   15.237860] smpboot: ignoring cpu mask and assuming it has booted by now
[   15.237922] smpboot: cpumask_test_cpu result: -1
[   15.238017] smpboot: cpu_callin_mask: 000000000000000f
[   15.238079] smpboot: cpu_callout_mask: 000000000000000f
[   15.238173] smpboot: CPU3: has booted.
[   15.238302] after cpu_up !!!!!!!!!!!!
[   15.238339] x86: Booted up 1 node, 4 CPUs
[   15.238458] smpboot: Boot done
[   15.238518] smpboot: Before bogomips
[   15.238580] smpboot: Total of 4 processors activated (11184.98 BogoMIPS)
[   15.238643] smpboot: Before bogocount - setting activated=1
[   15.130090] devtmpfs: initialized
[   15.130144] device: 'platform': device_add
[   15.130223] bus: 'platform': registered
[   15.130294] bus: 'cpu': registered
[   15.130357] device: 'cpu': device_add
[   15.130434] bus: 'container': registered
[   15.130497] device: 'container': device_add
[   15.133643] bus: 'workqueue': registered
[   15.133714] device: 'workqueue': device_add
[   15.133807] kworker/u8:0 (39) used greatest stack depth: 14160 bytes left
[   15.133982] atomic64_test: passed for x86-64 platform with CX8 and with SSE
[   15.134101] device class 'regulator': registering
[   15.134200] Registering platform device 'reg-dummy'. Parent at platform
[   15.134265] device: 'reg-dummy': device_add
[   15.134330] bus: 'platform': add device reg-dummy
[   15.134411] bus: 'platform': add driver reg-dummy
[   15.134474] bus: 'platform': driver_probe_device: matched device reg-dummy with driver reg-dummy
[   15.134609] bus: 'platform': really_probe: probing driver reg-dummy with device reg-dummy
[   15.134701] device: 'regulator.0': device_add
[   15.135796] regulator-dummy: no parameters
[   15.135866] driver: 'reg-dummy': driver_bound: bound to device 'reg-dummy'
[   15.135930] bus: 'platform': really_probe: bound device reg-dummy to driver reg-dummy
[   15.136199] NET: Registered protocol family 16
[   15.136812] device class 'bdi': registering
[   15.136896] bus: 'platform': add driver ramoops
[   15.136977] device class 'pci_bus': registering
[   15.137070] bus: 'pci': registered
[   15.137138] device class 'backlight': registering
[   15.137206] device class 'tty': registering
[   15.137274] device class 'vtconsole': registering
[   15.137343] device: 'vtcon0': device_add
[   15.137429] bus: 'node': registered
[   15.137497] device: 'node': device_add
[   15.137595] bus: 'i2c': registered
[   15.137662] bus: 'i2c': add driver dummy
[   15.137736] i2c-core: driver [dummy] registered
[   15.137804] cpuidle: using governor ladder
[   15.137871] cpuidle: using governor menu
[   15.138253] ACPI FADT declares the system doesn't support PCIe ASPM, so disable it
[   15.138441] ACPI: bus type PCI registered
[   15.138506] acpiphp: ACPI Hot Plug PCI Controller Driver version: 0.5
[   15.138575] device class 'dmi': registering
[   15.138648] device: 'id': device_add
[   15.138812] PCI: MMCONFIG for domain 0000 [bus 00-3f] at [mem 0xf8000000-0xfbffffff] (base 0xf8000000)
[   15.138953] PCI: not using MMCONFIG
[   15.139016] PCI: Using configuration type 1 for base access
[   15.139078] PCI: Using configuration type 1 for extended access
[   15.139398] device: 'node0': device_add
[   15.139511] bus: 'node': add device node0
[   15.139603] device: 'cpu0': device_add
[   15.139670] bus: 'cpu': add device cpu0
[   15.139773] device: 'cpu1': device_add
[   15.139876] bus: 'cpu': add device cpu1
[   15.139971] device: 'cpu2': device_add
[   15.140003] bus: 'cpu': add device cpu2
[   15.140090] device: 'cpu3': device_add
[   15.140154] bus: 'cpu': add device cpu3
[   15.160083] device: 'writeback': device_add
[   15.160182] bus: 'workqueue': add device writeback
[   15.160279] device: 'default': device_add
[   15.163447] device class 'block': registering
[   15.163580] ACPI: Added _OSI(Module Device)
[   15.163580] ACPI: Added _OSI(Processor Device)
[   15.163601] ACPI: Added _OSI(3.0 _SCP Extensions)
[   15.163663] ACPI: Added _OSI(Processor Aggregator Device)
[   15.165571] 
**** Context Switch from TID 4294967295 to TID 133431296 ****

[   15.165786]     utils-0051 util_eval_error       : Evaluate [\_SB_.PCI0.LPC0.EC0_._GLK]: AE_NOT_FOUND
[   15.165786] Executing  Method       \_SB_.PCI0.LPC0.EC0_._REG
[   15.165786] Executing  Method       \_SB_.PCI0.LPC0.EC0_._REG
[   15.165786] Executing  Method       \_SB_.PCI0.LPC0.EC0_._REG
[   15.165786] Executing  Method       \_SB_.PCI0.LPC0.EC0_._REG
[   15.168115] Initializing Region       \_SB_.OSTY
[   15.168307] Initializing Region       \_SB_.PCI0.NBMS
[   15.168455] Initializing Region       \_SB_.PCI0.NBXP
[   15.168607] Initializing Region       \_SB_.PCI0.K8ST
[   15.168793] Initializing Region       \_SB_.PCI0.BAR1
[   15.168965] Initializing Region       \_SB_.PCI0.PB2_.XPEX
[   15.169103] Initializing Region       \_SB_.PCI0.PB2_.PCFG
[   15.169240] Initializing Region       \_SB_.PCI0.PB2_.XPCB
[   15.169385] Initializing Region       \_SB_.PCI0.PB2_.XPRI
[   15.169537] Initializing Region       \_SB_.PCI0.PB2_.VGA_.PCFG
[   15.169744] Initializing Region       \_SB_.PCI0.PB2_.HDAU.PCFG
[   15.169927] Initializing Region       \_SB_.PCI0.PB3_.XPEX
[   15.170067] Initializing Region       \_SB_.PCI0.PB3_.PCFG
[   15.170204] Initializing Region       \_SB_.PCI0.PB3_.XPCB
[   15.170342] Initializing Region       \_SB_.PCI0.PB3_.XPRI
[   15.170494] Initializing Region       \_SB_.PCI0.PB3_.VGA_.PCFG
[   15.170709] Initializing Region       \_SB_.PCI0.PB3_.HDAU.PCFG
[   15.170916] Initializing Region       \_SB_.PCI0.PB4_.XPEX
[   15.171062] Initializing Region       \_SB_.PCI0.PB4_.PCFG
[   15.171198] Initializing Region       \_SB_.PCI0.PB4_.XPCB
[   15.171336] Initializing Region       \_SB_.PCI0.PB4_.XPRI
[   15.171484] Initializing Region       \_SB_.PCI0.PB4_.XPDV.PCFG
[   15.171645] Initializing Region       \_SB_.PCI0.PB5_.XPEX
[   15.171793] Initializing Region       \_SB_.PCI0.PB5_.PCFG
[   15.171940] Initializing Region       \_SB_.PCI0.PB5_.XPCB
[   15.172085] Initializing Region       \_SB_.PCI0.PB5_.XPRI
[   15.172224] Initializing Region       \_SB_.PCI0.PB5_.XPDV.PCFG
[   15.172371] Initializing Region       \_SB_.PCI0.PB6_.XPEX
[   15.172508] Initializing Region       \_SB_.PCI0.PB6_.PCFG
[   15.172656] Initializing Region       \_SB_.PCI0.PB6_.XPCB
[   15.172804] Initializing Region       \_SB_.PCI0.PB6_.XPRI
[   15.172948] Initializing Region       \_SB_.PCI0.PB6_.XPDV.PCFG
[   15.173094] Initializing Region       \_SB_.PCI0.PB7_.XPEX
[   15.173230] Initializing Region       \_SB_.PCI0.PB7_.PCFG
[   15.173343] Initializing Region       \_SB_.PCI0.PB7_.XPCB
[   15.173481] Initializing Region       \_SB_.PCI0.PB7_.XPRI
[   15.173621] Initializing Region       \_SB_.PCI0.PB7_.XPDV.PCFG
[   15.174031] Initializing Region       \_SB_.PCI0.SATC
[   15.174225] Initializing Region       \_SB_.PCI0.RMEM
[   15.174384] Initializing Region       \_SB_.PCI0.SATA.SATX
[   15.174525] Initializing Region       \_SB_.PCI0.SATA.BAR5
[   15.196871] Initializing Region       \_SB_.PCI0.SMB_.SBRV
[   15.197067] Initializing Region       \_SB_.PCI0.SMB_.PMIO
[   15.197205] Initializing Region       \_SB_.PCI0.SMB_.ERMM
[   15.197427] Initializing Region       \_SB_.PCI0.SMB_.P1E0
[   15.197621] Initializing Region       \_SB_.PCI0.SMB_.ABIO
[   15.197760] Initializing Region       \_SB_.PCI0.SMB_.SMB0
[   15.197899] Initializing Region       \_SB_.PCI0.LPC0.PIRQ
[   15.198070] Initializing Region       \_SB_.PCI0.LPC0.LPCR
[   15.198288] Initializing Region       \_SB_.PCI0.LPC0.LPCS
[   15.198478] Initializing Region       \_SB_.PCI0.LPC0.SMI0
[   15.198615] Initializing Region       \_SB_.PCI0.LPC0.SMI1
[   15.198756] Initializing Region       \_SB_.PCI0.LPC0.EC0_.ECO1
[   15.198893] Initializing Region       \_SB_.PCI0.LPC0.EC0_.ECO2
[   15.199030] Initializing Region       \_SB_.PCI0.LPC0.EC0_.ECMB
[   15.199167] Initializing Region       \_SB_.PCI0.LPC0.EC0_.RAM_
[   15.199373] Initializing Region       \_SB_.PCI0.LPC0.EC0_.CMOS
[   15.199373] Initializing Region       \_SB_.PCI0.LPC0.EC0_.VPC0.ERAM
[   15.199373] Initializing Region       \_SB_.PCI0.SPB0.PCFG
[   15.199373] Initializing Region       \_SB_.PCI0.SPB0.XPCB
[   15.199373] Initializing Region       \_SB_.PCI0.SPB0.XPDV.PCFG
[   15.199373] Initializing Region       \_SB_.PCI0.SPB1.PCFG
[   15.199373] Initializing Region       \_SB_.PCI0.SPB1.XPCB
[   15.199373] Initializing Region       \_SB_.PCI0.SPB1.XPDV.PCFG
[   15.199373] Initializing Region       \_SB_.PCI0.SPB2.PCFG
[   15.199373] Initializing Region       \_SB_.PCI0.SPB2.XPCB
[   15.199373] Initializing Region       \_SB_.PCI0.SPB2.XPDV.PCFG
[   15.199373] Initializing Region       \_SB_.PCI0.SPB3.PCFG
[   15.199373] Initializing Region       \_SB_.PCI0.SPB3.XPCB
[   15.199373] Initializing Region       \_SB_.PCI0.SPB3.XPDV.PCFG
[   15.199373] Initializing Region       \_SB_.PCI0.VGA_.REVD
[   15.199373] Initializing BufferField  \_SB_.AMW0.WLID
[   15.199548] Initializing Region       \DEB2
[   15.199731] Initializing Region       \PMIO
[   15.199879] Initializing Region       \P01_
[   15.200101] Initializing Region       \CNVS
[   15.200283] Initializing Region       \SPRT
[   15.200428] Initializing Region       \CMIO
[   15.200661] Executing  Method       \_SB_._STA
[   15.200874] Executing  Method       \_SB_._INI
[   15.201042] Executing  Method       \_SB_.PCI0._STA
[   15.201212] Executing  Method       \_SB_.PCI0._INI
[   15.201541] [Firmware Bug]: ACPI: BIOS _OSI(Linux) query ignored
[   15.202055] Executing  Method       \_SB_.PCI0.SATA._STA
[   15.202272] Executing  Method       \_SB_.PCI0.SATA._INI
[   15.203225] Executing  Method       \_SB_.PCI0.LPC0.EC0_._REG
[   15.233420] ACPI: Interpreter enabled
[   15.233543] ACPI: (supports S0 S5)
[   15.233606] ACPI: Using IOAPIC for interrupt routing
[   15.233871] PCI: MMCONFIG for domain 0000 [bus 00-3f] at [mem 0xf8000000-0xfbffffff] (base 0xf8000000)
[   15.234587] PCI: MMCONFIG at [mem 0xf8000000-0xfbffffff] reserved in ACPI motherboard resources
[   15.234931] bus: 'acpi': registered
[   15.235046] PCI: Using host bridge windows from ACPI; if necessary, use "pci=nocrs" and report a bug
[   15.235170]      scan-1141 get_device_data       : No context for object [ffffffffffffffff]
[   15.235379]     utils-0051 util_eval_error       : Evaluate [\._STA]: AE_NOT_FOUND
[   15.235596] device: 'LNXSYSTM:00': device_add
[   15.235669] bus: 'acpi': add device LNXSYSTM:00
[   15.235669]     utils-0051 util_eval_error       : Evaluate [\._SUN]: AE_NOT_FOUND
[   15.235669]      scan-1933 add_single_object     : Added LNXSYSTM:00 [\] parent (null)
[   15.235669]      scan-1141 get_device_data       : No context for object [ffff88040d81d000]
[   15.235669]      scan-1141 get_device_data       : No context for object [ffff88040d8377d0]
[   15.235669]      scan-1141 get_device_data       : No context for object [ffff88040d8377f8]
[   15.235669]      scan-1141 get_device_data       : No context for object [ffff88040d837820]
[   15.235669]      scan-1141 get_device_data       : No context for object [ffff88040d837848]
[   15.235669]      scan-1141 get_device_data       : No context for object [ffff88040d837870]
[   15.235669]      scan-1141 get_device_data       : No context for object [ffff88040d837898]
[   15.235669]      scan-1141 get_device_data       : No context for object [ffff88040d8378c0]
[   15.236460]      scan-1141 get_device_data       : No context for object [ffff88040d8378e8]
[   15.236670]      scan-1141 get_device_data       : No context for object [ffff88040d839398]
[   15.236865]      scan-1141 get_device_data       : No context for object [ffff88040d81d028]
[   15.237068]      scan-1141 get_device_data       : No context for object [ffff88040d81d168]
[   15.237272]     utils-0051 util_eval_error       : Evaluate [\_PR_.C000._STA]: AE_NOT_FOUND
[   15.237482]      scan-1141 get_device_data       : No context for object [ffff88040d81d028]
[   15.237701] device: 'LNXCPU:00': device_add
[   15.237769] bus: 'acpi': add device LNXCPU:00
[   15.237849]     utils-0051 util_eval_error       : Evaluate [\_PR_.C000._SUN]: AE_NOT_FOUND
[   15.240007]      scan-1933 add_single_object     : Added LNXCPU:00 [\_PR_.C000] parent LNXSYSTM:00
[   15.240007]      scan-1141 get_device_data       : No context for object [ffff88040d83c398]
[   15.240007]      scan-1141 get_device_data       : No context for object [ffff88040d83c3c0]
[   15.240007]      scan-1141 get_device_data       : No context for object [ffff88040d83c3e8]
[   15.240007]      scan-1141 get_device_data       : No context for object [ffff88040d83c410]
[   15.240007]      scan-1141 get_device_data       : No context for object [ffff88040d83c438]
[   15.240007]      scan-1141 get_device_data       : No context for object [ffff88040d83c460]
[   15.240007]      scan-1141 get_device_data       : No context for object [ffff88040d81d190]
[   15.240007]     utils-0051 util_eval_error       : Evaluate [\_PR_.C001._STA]: AE_NOT_FOUND
[   15.240007]      scan-1141 get_device_data       : No context for object [ffff88040d81d028]
[   15.240007] device: 'LNXCPU:01': device_add
[   15.240007] bus: 'acpi': add device LNXCPU:01
[   15.240072]     utils-0051 util_eval_error       : Evaluate [\_PR_.C001._SUN]: AE_NOT_FOUND
[   15.240270]      scan-1933 add_single_object     : Added LNXCPU:01 [\_PR_.C001] parent LNXSYSTM:00
[   15.240472]      scan-1141 get_device_data       : No context for object [ffff88040d83c488]
[   15.240669]      scan-1141 get_device_data       : No context for object [ffff88040d83c4b0]
[   15.240820]      scan-1141 get_device_data       : No context for object [ffff88040d83c4d8]
[   15.240997]      scan-1141 get_device_data       : No context for object [ffff88040d83c500]
[   15.241189]      scan-1141 get_device_data       : No context for object [ffff88040d83c528]
[   15.241382]      scan-1141 get_device_data       : No context for object [ffff88040d83c550]
[   15.241579]      scan-1141 get_device_data       : No context for object [ffff88040d81d1b8]
[   15.241757]     utils-0051 util_eval_error       : Evaluate [\_PR_.C002._STA]: AE_NOT_FOUND
[   15.241954]      scan-1141 get_device_data       : No context for object [ffff88040d81d028]
[   15.242152] device: 'LNXCPU:02': device_add
[   15.242211] bus: 'acpi': add device LNXCPU:02
[   15.242277]     utils-0051 util_eval_error       : Evaluate [\_PR_.C002._SUN]: AE_NOT_FOUND
[   15.243394]      scan-1933 add_single_object     : Added LNXCPU:02 [\_PR_.C002] parent LNXSYSTM:00
[   15.243394]      scan-1141 get_device_data       : No context for object [ffff88040d83c578]
[   15.243394]      scan-1141 get_device_data       : No context for object [ffff88040d83c5a0]
[   15.243394]      scan-1141 get_device_data       : No context for object [ffff88040d83c5c8]
[   15.243394]      scan-1141 get_device_data       : No context for object [ffff88040d83c5f0]
[   15.243496]      scan-1141 get_device_data       : No context for object [ffff88040d83c618]
[   15.243692]      scan-1141 get_device_data       : No context for object [ffff88040d83c640]
[   15.243843]      scan-1141 get_device_data       : No context for object [ffff88040d81d1e0]
[   15.244020]     utils-0051 util_eval_error       : Evaluate [\_PR_.C003._STA]: AE_NOT_FOUND
[   15.244213]      scan-1141 get_device_data       : No context for object [ffff88040d81d028]
[   15.244414] device: 'LNXCPU:03': device_add
[   15.244476] bus: 'acpi': add device LNXCPU:03
[   15.244553]     utils-0051 util_eval_error       : Evaluate [\_PR_.C003._SUN]: AE_NOT_FOUND
[   15.246672]      scan-1933 add_single_object     : Added LNXCPU:03 [\_PR_.C003] parent LNXSYSTM:00
[   15.246672]      scan-1141 get_device_data       : No context for object [ffff88040d83c668]
[   15.246672]      scan-1141 get_device_data       : No context for object [ffff88040d83c690]
[   15.246672]      scan-1141 get_device_data       : No context for object [ffff88040d83c6b8]
[   15.246672]      scan-1141 get_device_data       : No context for object [ffff88040d83c6e0]
[   15.246672]      scan-1141 get_device_data       : No context for object [ffff88040d83c708]
[   15.246672]      scan-1141 get_device_data       : No context for object [ffff88040d83c730]
[   15.246672]      scan-1141 get_device_data       : No context for object [ffff88040d81d050]
[   15.246672]     utils-0051 util_eval_error       : Evaluate [\_SB_._STA]: AE_NOT_FOUND
[   15.246672] device: 'LNXSYBUS:00': device_add
[   15.246672] bus: 'acpi': add device LNXSYBUS:00
[   15.246748]     utils-0051 util_eval_error       : Evaluate [\_SB_._SUN]: AE_NOT_FOUND
[   15.246936]      scan-1933 add_single_object     : Added LNXSYBUS:00 [\_SB_] parent LNXSYSTM:00
[   15.247135]      scan-1141 get_device_data       : No context for object [ffff88040d81d3c0]
[   15.247324]      scan-1141 get_device_data       : No context for object [ffff88040d81d3e8]
[   15.247514]      scan-1141 get_device_data       : No context for object [ffff88040d81d410]
[   15.247710]      scan-1141 get_device_data       : No context for object [ffff88040d81d438]
[   15.247858]      scan-1141 get_device_data       : No context for object [ffff88040d81d460]
[   15.248035]      scan-1141 get_device_data       : No context for object [ffff88040d81d488]
[   15.248229]      scan-1141 get_device_data       : No context for object [ffff88040d81d4b0]
[   15.248419]      scan-1141 get_device_data       : No context for object [ffff88040d81d5a0]
[   15.248613]     utils-0051 util_eval_error       : Evaluate [\_SB_.PWRB._STA]: AE_NOT_FOUND
[   15.248823] device: 'PNP0C0C:00': device_add
[   15.248884] bus: 'acpi': add device PNP0C0C:00
[   15.248957]     utils-0051 util_eval_error       : Evaluate [\_SB_.PWRB._SUN]: AE_NOT_FOUND
[   15.250044]      scan-1933 add_single_object     : Added PNP0C0C:00 [\_SB_.PWRB] parent LNXSYBUS:00
[   15.250044]      scan-1141 get_device_data       : No context for object [ffff88040d81d5c8]
[   15.250044]      scan-1141 get_device_data       : No context for object [ffff88040d81d5f0]
[   15.250044]     utils-0051 util_eval_error       : Evaluate [\_SB_.PCI0._STA]: AE_NOT_FOUND
[   15.250044] device: 'PNP0A08:00': device_add
[   15.250044] bus: 'acpi': add device PNP0A08:00
[   15.250086]     utils-0051 util_eval_error       : Evaluate [\_SB_.PCI0._SUN]: AE_NOT_FOUND
[   15.253338]      scan-1933 add_single_object     : Added PNP0A08:00 [\_SB_.PCI0] parent LNXSYBUS:00
[   15.253338]      scan-1141 get_device_data       : No context for object [ffff88040d81d618]
[   15.253338]      scan-1141 get_device_data       : No context for object [ffff88040d81d640]
[   15.253338]      scan-1141 get_device_data       : No context for object [ffff88040d81d668]
[   15.253338]      scan-1141 get_device_data       : No context for object [ffff88040d81d690]
[   15.253338]      scan-1141 get_device_data       : No context for object [ffff88040d81d6b8]
[   15.253338]      scan-1141 get_device_data       : No context for object [ffff88040d81d6e0]
[   15.253338]      scan-1141 get_device_data       : No context for object [ffff88040d81d708]
[   15.253338]      scan-1141 get_device_data       : No context for object [ffff88040d81d730]
[   15.253338]      scan-1141 get_device_data       : No context for object [ffff88040d81d758]
[   15.253338]      scan-1141 get_device_data       : No context for object [ffff88040d81d780]
[   15.253338]      scan-1141 get_device_data       : No context for object [ffff88040d81d7a8]
[   15.253338]      scan-1141 get_device_data       : No context for object [ffff88040d81d7d0]
[   15.253338]      scan-1141 get_device_data       : No context for object [ffff88040d81d7f8]
[   15.253338]      scan-1141 get_device_data       : No context for object [ffff88040d81d820]
[   15.253338]      scan-1141 get_device_data       : No context for object [ffff88040d81d848]
[   15.253338]      scan-1141 get_device_data       : No context for object [ffff88040d81d870]
[   15.254541]      scan-1141 get_device_data       : No context for object [ffff88040d81d898]
[   15.254717]      scan-1141 get_device_data       : No context for object [ffff88040d81d8c0]
[   15.254913]      scan-1141 get_device_data       : No context for object [ffff88040d81d8e8]
[   15.255111]      scan-1141 get_device_data       : No context for object [ffff88040d81d910]
[   15.255307]      scan-1141 get_device_data       : No context for object [ffff88040d81d938]
[   15.255498]      scan-1141 get_device_data       : No context for object [ffff88040d81d960]
[   15.255692]      scan-1141 get_device_data       : No context for object [ffff88040d81d988]
[   15.255889]      scan-1141 get_device_data       : No context for object [ffff88040d81d9b0]
[   15.256087]      scan-1141 get_device_data       : No context for object [ffff88040d81d9d8]
[   15.256283]      scan-1141 get_device_data       : No context for object [ffff88040d81da00]
[   15.256475]      scan-1141 get_device_data       : No context for object [ffff88040d81da28]
[   15.256669]      scan-1141 get_device_data       : No context for object [ffff88040d81da50]
[   15.256846]      scan-1141 get_device_data       : No context for object [ffff88040d81da78]
[   15.257044]      scan-1141 get_device_data       : No context for object [ffff88040d81daa0]
[   15.257241]      scan-1141 get_device_data       : No context for object [ffff88040d81dac8]
[   15.257433]      scan-1141 get_device_data       : No context for object [ffff88040d81daf0]
[   15.257625]      scan-1141 get_device_data       : No context for object [ffff88040d81db18]
[   15.257772]      scan-1141 get_device_data       : No context for object [ffff88040d81db40]
[   15.257948]      scan-1141 get_device_data       : No context for object [ffff88040d81db68]
[   15.258145]      scan-1141 get_device_data       : No context for object [ffff88040d81db90]
[   15.258339]      scan-1141 get_device_data       : No context for object [ffff88040d81dbb8]
[   15.258536]      scan-1141 get_device_data       : No context for object [ffff88040d81dbe0]
[   15.258713]      scan-1141 get_device_data       : No context for object [ffff88040d81dc08]
[   15.258905]      scan-1141 get_device_data       : No context for object [ffff88040d81dc30]
[   15.259097]      scan-1141 get_device_data       : No context for object [ffff88040d81dc58]
[   15.259288]      scan-1141 get_device_data       : No context for object [ffff88040d81dc80]
[   15.259480]      scan-1141 get_device_data       : No context for object [ffff88040d81dca8]
[   15.259672]      scan-1141 get_device_data       : No context for object [ffff88040d81dcd0]
[   15.259850]      scan-1141 get_device_data       : No context for object [ffff88040d81dcf8]
[   15.260002]      scan-1141 get_device_data       : No context for object [ffff88040d81dd20]
[   15.260198]      scan-1141 get_device_data       : No context for object [ffff88040d81dd48]
[   15.260390]      scan-1141 get_device_data       : No context for object [ffff88040d81dd70]
[   15.260582]      scan-1141 get_device_data       : No context for object [ffff88040d81dd98]
[   15.260728]      scan-1141 get_device_data       : No context for object [ffff88040d81ddc0]
[   15.260900]      scan-1141 get_device_data       : No context for object [ffff88040d81dde8]
[   15.261092]      scan-1141 get_device_data       : No context for object [ffff88040d81de10]
[   15.261288]      scan-1141 get_device_data       : No context for object [ffff88040d81de38]
[   15.261485]      scan-1141 get_device_data       : No context for object [ffff88040d81de60]
[   15.261661]      scan-1141 get_device_data       : No context for object [ffff88040d81de88]
[   15.261852]      scan-1141 get_device_data       : No context for object [ffff88040d81deb0]
[   15.262045]      scan-1141 get_device_data       : No context for object [ffff88040d81ded8]
[   15.262237]      scan-1141 get_device_data       : No context for object [ffff88040d81df00]
[   15.262429]      scan-1141 get_device_data       : No context for object [ffff88040d81df28]
[   15.262621]      scan-1141 get_device_data       : No context for object [ffff88040d81df50]
[   15.262799]      scan-1141 get_device_data       : No context for object [ffff88040d81df78]
[   15.262997]      scan-1141 get_device_data       : No context for object [ffff88040d81dfa0]
[   15.263189]      scan-1141 get_device_data       : No context for object [ffff88040d81dfc8]
[   15.263493]      scan-1141 get_device_data       : No context for object [ffff88040d822000]
[   15.263685]      scan-1141 get_device_data       : No context for object [ffff88040d822028]
[   15.263828]     utils-0051 util_eval_error       : Evaluate [\_SB_.PCI0.MEMR._STA]: AE_NOT_FOUND
[   15.264021] device: 'PNP0C02:00': device_add
[   15.264080] bus: 'acpi': add device PNP0C02:00
[   15.264154]     utils-0051 util_eval_error       : Evaluate [\_SB_.PCI0.MEMR._SUN]: AE_NOT_FOUND
[   15.266671]      scan-1933 add_single_object     : Added PNP0C02:00 [\_SB_.PCI0.MEMR] parent PNP0A08:00
[   15.266671]      scan-1141 get_device_data       : No context for object [ffff88040d822050]
[   15.266671]      scan-1141 get_device_data       : No context for object [ffff88040d822078]
[   15.266671]      scan-1141 get_device_data       : No context for object [ffff88040d8220a0]
[   15.266671]      scan-1141 get_device_data       : No context for object [ffff88040d8220c8]
[   15.266671]      scan-1141 get_device_data       : No context for object [ffff88040d8220f0]
[   15.266671]      scan-1141 get_device_data       : No context for object [ffff88040d822118]
[   15.266671]      scan-1141 get_device_data       : No context for object [ffff88040d822140]
[   15.266671]      scan-1141 get_device_data       : No context for object [ffff88040d822168]
[   15.266671]      scan-1141 get_device_data       : No context for object [ffff88040d822190]
[   15.266671]      scan-1141 get_device_data       : No context for object [ffff88040d8221b8]
[   15.266671]      scan-1141 get_device_data       : No context for object [ffff88040d8221e0]
[   15.266671]      scan-1141 get_device_data       : No context for object [ffff88040d822208]
[   15.266783]      scan-1141 get_device_data       : No context for object [ffff88040d822230]
[   15.266973]      scan-1141 get_device_data       : No context for object [ffff88040d822258]
[   15.267161]      scan-1141 get_device_data       : No context for object [ffff88040d822280]
[   15.267353]      scan-1141 get_device_data       : No context for object [ffff88040d8222a8]
[   15.267547]     utils-0051 util_eval_error       : Evaluate [\_SB_.PCI0.PB2_._STA]: AE_NOT_FOUND
[   15.267826] device: 'device:00': device_add
[   15.267887] bus: 'acpi': add device device:00
[   15.267962]     utils-0051 util_eval_error       : Evaluate [\_SB_.PCI0.PB2_._SUN]: AE_NOT_FOUND
[   15.270012]      scan-1933 add_single_object     : Added device:00 [\_SB_.PCI0.PB2_] parent PNP0A08:00
[   15.270012]      scan-1141 get_device_data       : No context for object [ffff88040d8222d0]
[   15.270012]      scan-1141 get_device_data       : No context for object [ffff88040d8222f8]
[   15.270012]      scan-1141 get_device_data       : No context for object [ffff88040d822320]
[   15.270012]      scan-1141 get_device_data       : No context for object [ffff88040d822348]
[   15.270012]      scan-1141 get_device_data       : No context for object [ffff88040d822370]
[   15.270012]      scan-1141 get_device_data       : No context for object [ffff88040d822398]
[   15.270012]      scan-1141 get_device_data       : No context for object [ffff88040d8223c0]
[   15.270012]      scan-1141 get_device_data       : No context for object [ffff88040d8223e8]
[   15.270012]      scan-1141 get_device_data       : No context for object [ffff88040d822410]
[   15.270012]      scan-1141 get_device_data       : No context for object [ffff88040d822438]
[   15.270194]      scan-1141 get_device_data       : No context for object [ffff88040d822460]
[   15.270385]      scan-1141 get_device_data       : No context for object [ffff88040d822488]
[   15.270577]      scan-1141 get_device_data       : No context for object [ffff88040d8224b0]
[   15.270760]      scan-1141 get_device_data       : No context for object [ffff88040d8224d8]
[   15.270953]      scan-1141 get_device_data       : No context for object [ffff88040d822500]
[   15.271147]      scan-1141 get_device_data       : No context for object [ffff88040d822528]
[   15.271344]      scan-1141 get_device_data       : No context for object [ffff88040d822550]
[   15.272542]      scan-1141 get_device_data       : No context for object [ffff88040d822578]
[   15.272739]      scan-1141 get_device_data       : No context for object [ffff88040d8225a0]
[   15.272936]      scan-1141 get_device_data       : No context for object [ffff88040d8225c8]
[   15.273128]      scan-1141 get_device_data       : No context for object [ffff88040d8225f0]
[   15.273334]      scan-1141 get_device_data       : No context for object [ffff88040d822618]
[   15.273526]      scan-1141 get_device_data       : No context for object [ffff88040d822640]
[   15.273718]      scan-1141 get_device_data       : No context for object [ffff88040d822668]
[   15.273865]      scan-1141 get_device_data       : No context for object [ffff88040d822690]
[   15.274038]      scan-1141 get_device_data       : No context for object [ffff88040d8226b8]
[   15.274236]      scan-1141 get_device_data       : No context for object [ffff88040d8226e0]
[   15.274433]      scan-1141 get_device_data       : No context for object [ffff88040d822708]
[   15.274625]      scan-1141 get_device_data       : No context for object [ffff88040d822730]
[   15.274798]      scan-1141 get_device_data       : No context for object [ffff88040d822758]
[   15.274990]      scan-1141 get_device_data       : No context for object [ffff88040d822780]
[   15.275183]     utils-0051 util_eval_error       : Evaluate [\_SB_.PCI0.PB2_.VGA_._STA]: AE_NOT_FOUND
[   15.275409] device: 'device:01': device_add
[   15.275473] bus: 'acpi': add device device:01
[   15.275548]     utils-0051 util_eval_error       : Evaluate [\_SB_.PCI0.PB2_.VGA_._SUN]: AE_NOT_FOUND
[   15.276671]      scan-1933 add_single_object     : Added device:01 [\_SB_.PCI0.PB2_.VGA_] parent device:00
[   15.276671]      scan-1141 get_device_data       : No context for object [ffff88040d8227a8]
[   15.276671]      scan-1141 get_device_data       : No context for object [ffff88040d8227d0]
[   15.276671]      scan-1141 get_device_data       : No context for object [ffff88040d8227f8]
[   15.276671]      scan-1141 get_device_data       : No context for object [ffff88040d822820]
[   15.276671]      scan-1141 get_device_data       : No context for object [ffff88040d822848]
[   15.276850]      scan-1141 get_device_data       : No context for object [ffff88040d822870]
[   15.277045]      scan-1141 get_device_data       : No context for object [ffff88040d822898]
[   15.277242]      scan-1141 get_device_data       : No context for object [ffff88040d8228c0]
[   15.277436]      scan-1141 get_device_data       : No context for object [ffff88040d8228e8]
[   15.277633]      scan-1141 get_device_data       : No context for object [ffff88040d822910]
[   15.277784]      scan-1141 get_device_data       : No context for object [ffff88040d822938]
[   15.277956]      scan-1141 get_device_data       : No context for object [ffff88040d822960]
[   15.278148]      scan-1141 get_device_data       : No context for object [ffff88040d822988]
[   15.278339]      scan-1141 get_device_data       : No context for object [ffff88040d8229b0]
[   15.278531]      scan-1141 get_device_data       : No context for object [ffff88040d8229d8]
[   15.278718]      scan-1141 get_device_data       : No context for object [ffff88040d822a00]
[   15.278913]      scan-1141 get_device_data       : No context for object [ffff88040d822a28]
[   15.279111]      scan-1141 get_device_data       : No context for object [ffff88040d822a50]
[   15.279308]      scan-1141 get_device_data       : No context for object [ffff88040d822a78]
[   15.279500]      scan-1141 get_device_data       : No context for object [ffff88040d822aa0]
[   15.279692]      scan-1141 get_device_data       : No context for object [ffff88040d822ac8]
[   15.279884]      scan-1141 get_device_data       : No context for object [ffff88040d822af0]
[   15.280127]      scan-1141 get_device_data       : No context for object [ffff88040d822b18]
[   15.280319]      scan-1141 get_device_data       : No context for object [ffff88040d822b40]
[   15.280514]      scan-1141 get_device_data       : No context for object [ffff88040d822b68]
[   15.280708]      scan-1141 get_device_data       : No context for object [ffff88040d822b90]
[   15.280850]      scan-1141 get_device_data       : No context for object [ffff88040d822bb8]
[   15.281022]      scan-1141 get_device_data       : No context for object [ffff88040d822be0]
[   15.281210]      scan-1141 get_device_data       : No context for object [ffff88040d822c08]
[   15.281398]      scan-1141 get_device_data       : No context for object [ffff88040d822c30]
[   15.281588]      scan-1141 get_device_data       : No context for object [ffff88040d822c58]
[   15.281769]      scan-1141 get_device_data       : No context for object [ffff88040d822c80]
[   15.281964]      scan-1141 get_device_data       : No context for object [ffff88040d822ca8]
[   15.282160]      scan-1141 get_device_data       : No context for object [ffff88040d822cd0]
[   15.282348]      scan-1141 get_device_data       : No context for object [ffff88040d822cf8]
[   15.282538]      scan-1141 get_device_data       : No context for object [ffff88040d822d20]
[   15.282726]      scan-1141 get_device_data       : No context for object [ffff88040d822d48]
[   15.282902]      scan-1141 get_device_data       : No context for object [ffff88040d822d70]
[   15.283091]      scan-1141 get_device_data       : No context for object [ffff88040d822d98]
[   15.283283]      scan-1141 get_device_data       : No context for object [ffff88040d837438]
[   15.283494]      scan-1141 get_device_data       : No context for object [ffff88040d822dc0]
[   15.283690]     utils-0051 util_eval_error       : Evaluate [\_SB_.PCI0.PB2_.HDAU._STA]: AE_NOT_FOUND
[   15.283854] device: 'device:02': device_add
[   15.283912] bus: 'acpi': add device device:02
[   15.283976]     utils-0051 util_eval_error       : Evaluate [\_SB_.PCI0.PB2_.HDAU._SUN]: AE_NOT_FOUND
[   15.286672]      scan-1933 add_single_object     : Added device:02 [\_SB_.PCI0.PB2_.HDAU] parent device:00
[   15.286672]      scan-1141 get_device_data       : No context for object [ffff88040d822de8]
[   15.286672]      scan-1141 get_device_data       : No context for object [ffff88040d822e10]
[   15.286672]      scan-1141 get_device_data       : No context for object [ffff88040d822e38]
[   15.286672]      scan-1141 get_device_data       : No context for object [ffff88040d822e60]
[   15.286672]      scan-1141 get_device_data       : No context for object [ffff88040d822e88]
[   15.286672]      scan-1141 get_device_data       : No context for object [ffff88040d822eb0]
[   15.286672]      scan-1141 get_device_data       : No context for object [ffff88040d822ed8]
[   15.286672]     utils-0051 util_eval_error       : Evaluate [\_SB_.PCI0.PB3_._STA]: AE_NOT_FOUND
[   15.286672] device: 'device:03': device_add
[   15.286672] bus: 'acpi': add device device:03
[   15.286672]     utils-0051 util_eval_error       : Evaluate [\_SB_.PCI0.PB3_._SUN]: AE_NOT_FOUND
[   15.286713]      scan-1933 add_single_object     : Added device:03 [\_SB_.PCI0.PB3_] parent PNP0A08:00
[   15.286713]      scan-1141 get_device_data       : No context for object [ffff88040d822f00]
[   15.286713]      scan-1141 get_device_data       : No context for object [ffff88040d822f28]
[   15.286713]      scan-1141 get_device_data       : No context for object [ffff88040d822f50]
[   15.286861]      scan-1141 get_device_data       : No context for object [ffff88040d822f78]
[   15.287052]      scan-1141 get_device_data       : No context for object [ffff88040d822fa0]
[   15.287245]      scan-1141 get_device_data       : No context for object [ffff88040d822fc8]
[   15.287436]      scan-1141 get_device_data       : No context for object [ffff88040d823000]
[   15.287631]      scan-1141 get_device_data       : No context for object [ffff88040d823028]
[   15.287815]      scan-1141 get_device_data       : No context for object [ffff88040d823050]
[   15.288013]      scan-1141 get_device_data       : No context for object [ffff88040d823078]
[   15.288206]      scan-1141 get_device_data       : No context for object [ffff88040d8230a0]
[   15.288398]      scan-1141 get_device_data       : No context for object [ffff88040d8230c8]
[   15.288590]      scan-1141 get_device_data       : No context for object [ffff88040d8230f0]
[   15.288736]      scan-1141 get_device_data       : No context for object [ffff88040d823118]
[   15.288908]      scan-1141 get_device_data       : No context for object [ffff88040d823140]
[   15.289103]      scan-1141 get_device_data       : No context for object [ffff88040d823168]
[   15.293335]      scan-1141 get_device_data       : No context for object [ffff88040d823190]
[   15.293527]      scan-1141 get_device_data       : No context for object [ffff88040d8231b8]
[   15.293703]      scan-1141 get_device_data       : No context for object [ffff88040d8231e0]
[   15.293899]      scan-1141 get_device_data       : No context for object [ffff88040d823208]
[   15.294097]      scan-1141 get_device_data       : No context for object [ffff88040d823230]
[   15.294291]      scan-1141 get_device_data       : No context for object [ffff88040d823258]
[   15.294483]      scan-1141 get_device_data       : No context for object [ffff88040d823280]
[   15.294675]      scan-1141 get_device_data       : No context for object [ffff88040d8232a8]
[   15.294867]      scan-1141 get_device_data       : No context for object [ffff88040d8232d0]
[   15.295060]      scan-1141 get_device_data       : No context for object [ffff88040d8232f8]
[   15.295252]      scan-1141 get_device_data       : No context for object [ffff88040d823320]
[   15.295446]      scan-1141 get_device_data       : No context for object [ffff88040d823348]
[   15.295643]      scan-1141 get_device_data       : No context for object [ffff88040d823370]
[   15.295794]      scan-1141 get_device_data       : No context for object [ffff88040d823398]
[   15.295971]      scan-1141 get_device_data       : No context for object [ffff88040d8233c0]
[   15.296164]     utils-0051 util_eval_error       : Evaluate [\_SB_.PCI0.PB3_.VGA_._STA]: AE_NOT_FOUND
[   15.296164]     video-0058 backlight_cap_match   : Found generic backlight support
[   15.296164] device: 'LNXVIDEO:00': device_add
[   15.296164] bus: 'acpi': add device LNXVIDEO:00
[   15.296164]     utils-0051 util_eval_error       : Evaluate [\_SB_.PCI0.PB3_.VGA_._SUN]: AE_NOT_FOUND
[   15.296671]      scan-1933 add_single_object     : Added LNXVIDEO:00 [\_SB_.PCI0.PB3_.VGA_] parent device:03
[   15.296671]      scan-1141 get_device_data       : No context for object [ffff88040d8233e8]
[   15.296671]      scan-1141 get_device_data       : No context for object [ffff88040d823410]
[   15.296671]      scan-1141 get_device_data       : No context for object [ffff88040d823438]
[   15.296671]      scan-1141 get_device_data       : No context for object [ffff88040d823460]
[   15.296671]      scan-1141 get_device_data       : No context for object [ffff88040d823488]
[   15.296671]      scan-1141 get_device_data       : No context for object [ffff88040d8234b0]
[   15.296671]      scan-1141 get_device_data       : No context for object [ffff88040d8234d8]
[   15.296671]      scan-1141 get_device_data       : No context for object [ffff88040d823500]
[   15.296671]      scan-1141 get_device_data       : No context for object [ffff88040d823528]
[   15.296671]      scan-1141 get_device_data       : No context for object [ffff88040d823550]
[   15.296671]      scan-1141 get_device_data       : No context for object [ffff88040d823578]
[   15.296671]      scan-1141 get_device_data       : No context for object [ffff88040d8235a0]
[   15.296671]      scan-1141 get_device_data       : No context for object [ffff88040d8235c8]
[   15.296671]      scan-1141 get_device_data       : No context for object [ffff88040d8235f0]
[   15.296774]      scan-1141 get_device_data       : No context for object [ffff88040d823618]
[   15.296974]      scan-1141 get_device_data       : No context for object [ffff88040d823640]
[   15.297168]      scan-1141 get_device_data       : No context for object [ffff88040d823668]
[   15.297357]      scan-1141 get_device_data       : No context for object [ffff88040d823690]
[   15.297547]      scan-1141 get_device_data       : No context for object [ffff88040d8236b8]
[   15.297736]      scan-1141 get_device_data       : No context for object [ffff88040d8236e0]
[   15.297924]      scan-1141 get_device_data       : No context for object [ffff88040d823708]
[   15.298112]      scan-1141 get_device_data       : No context for object [ffff88040d823730]
[   15.298302]      scan-1141 get_device_data       : No context for object [ffff88040d823758]
[   15.298493]      scan-1141 get_device_data       : No context for object [ffff88040d823780]
[   15.298687]      scan-1141 get_device_data       : No context for object [ffff88040d8237a8]
[   15.298834]      scan-1141 get_device_data       : No context for object [ffff88040d8237d0]
[   15.299012]      scan-1141 get_device_data       : No context for object [ffff88040d8237f8]
[   15.299201]      scan-1141 get_device_data       : No context for object [ffff88040d823820]
[   15.299390]      scan-1141 get_device_data       : No context for object [ffff88040d823848]
[   15.299579]      scan-1141 get_device_data       : No context for object [ffff88040d823870]
[   15.299764]      scan-1141 get_device_data       : No context for object [ffff88040d823898]
[   15.299952]      scan-1141 get_device_data       : No context for object [ffff88040d8238c0]
[   15.300160]      scan-1141 get_device_data       : No context for object [ffff88040d8238e8]
[   15.300357]      scan-1141 get_device_data       : No context for object [ffff88040d823910]
[   15.300548]      scan-1141 get_device_data       : No context for object [ffff88040d823938]
[   15.300737]      scan-1141 get_device_data       : No context for object [ffff88040d823960]
[   15.300911]      scan-1141 get_device_data       : No context for object [ffff88040d823988]
[   15.301100]      scan-1141 get_device_data       : No context for object [ffff88040d8239b0]
[   15.301289]      scan-1141 get_device_data       : No context for object [ffff88040d8239d8]
[   15.301481]      scan-1141 get_device_data       : No context for object [ffff88040d837460]
[   15.301677]      scan-1141 get_device_data       : No context for object [ffff88040d83ac08]
[   15.301851]      scan-1141 get_device_data       : No context for object [ffff88040d83ac30]
[   15.302048]      scan-1141 get_device_data       : No context for object [ffff88040d83ac58]
[   15.302246]     utils-0051 util_eval_error       : Evaluate [\_SB_.PCI0.PB3_.VGA_.CRT_._STA]: AE_NOT_FOUND
[   15.302467] device: 'device:04': device_add
[   15.302526] bus: 'acpi': add device device:04
[   15.302593]     utils-0051 util_eval_error       : Evaluate [\_SB_.PCI0.PB3_.VGA_.CRT_._SUN]: AE_NOT_FOUND
[   15.303339]      scan-1933 add_single_object     : Added device:04 [\_SB_.PCI0.PB3_.VGA_.CRT_] parent LNXVIDEO:00
[   15.303339]      scan-1141 get_device_data       : No context for object [ffff88040d83ac80]
[   15.303339]      scan-1141 get_device_data       : No context for object [ffff88040d83aca8]
[   15.303339]      scan-1141 get_device_data       : No context for object [ffff88040d83acd0]
[   15.303532]      scan-1141 get_device_data       : No context for object [ffff88040d83acf8]
[   15.303724]      scan-1141 get_device_data       : No context for object [ffff88040d83ad20]
[   15.303917]     utils-0051 util_eval_error       : Evaluate [\_SB_.PCI0.PB3_.VGA_.LCD_._STA]: AE_NOT_FOUND
[   15.304138] device: 'device:05': device_add
[   15.304197] bus: 'acpi': add device device:05
[   15.304265]     utils-0051 util_eval_error       : Evaluate [\_SB_.PCI0.PB3_.VGA_.LCD_._SUN]: AE_NOT_FOUND
[   15.306671]      scan-1933 add_single_object     : Added device:05 [\_SB_.PCI0.PB3_.VGA_.LCD_] parent LNXVIDEO:00
[   15.306671]      scan-1141 get_device_data       : No context for object [ffff88040d83ad48]
[   15.306671]      scan-1141 get_device_data       : No context for object [ffff88040d83ad70]
[   15.306671]      scan-1141 get_device_data       : No context for object [ffff88040d83ad98]
[   15.306671]      scan-1141 get_device_data       : No context for object [ffff88040d83adc0]
[   15.306671]      scan-1141 get_device_data       : No context for object [ffff88040d83ade8]
[   15.306671]      scan-1141 get_device_data       : No context for object [ffff88040d83ae10]
[   15.306671]      scan-1141 get_device_data       : No context for object [ffff88040d83ae38]
[   15.306671]      scan-1141 get_device_data       : No context for object [ffff88040d83ae60]
[   15.306671]     utils-0051 util_eval_error       : Evaluate [\_SB_.PCI0.PB3_.VGA_.TV0_._STA]: AE_NOT_FOUND
[   15.306671] device: 'device:06': device_add
[   15.306671] bus: 'acpi': add device device:06
[   15.306671]     utils-0051 util_eval_error       : Evaluate [\_SB_.PCI0.PB3_.VGA_.TV0_._SUN]: AE_NOT_FOUND
[   15.306722]      scan-1933 add_single_object     : Added device:06 [\_SB_.PCI0.PB3_.VGA_.TV0_] parent LNXVIDEO:00
[   15.306855]      scan-1141 get_device_data       : No context for object [ffff88040d83ae88]
[   15.307047]      scan-1141 get_device_data       : No context for object [ffff88040d83aeb0]
[   15.308247]      scan-1141 get_device_data       : No context for object [ffff88040d83aed8]
[   15.308443]      scan-1141 get_device_data       : No context for object [ffff88040d83af00]
[   15.308636]      scan-1141 get_device_data       : No context for object [ffff88040d83af28]
[   15.308782]     utils-0051 util_eval_error       : Evaluate [\_SB_.PCI0.PB3_.VGA_.HDMI._STA]: AE_NOT_FOUND
[   15.308983] device: 'device:07': device_add
[   15.309042] bus: 'acpi': add device device:07
[   15.309109]     utils-0051 util_eval_error       : Evaluate [\_SB_.PCI0.PB3_.VGA_.HDMI._SUN]: AE_NOT_FOUND
[   15.310010]      scan-1933 add_single_object     : Added device:07 [\_SB_.PCI0.PB3_.VGA_.HDMI] parent LNXVIDEO:00
[   15.310010]      scan-1141 get_device_data       : No context for object [ffff88040d83af50]
[   15.310010]      scan-1141 get_device_data       : No context for object [ffff88040d83af78]
[   15.310010]      scan-1141 get_device_data       : No context for object [ffff88040d83afa0]
[   15.310160]      scan-1141 get_device_data       : No context for object [ffff88040d83afc8]
[   15.310352]      scan-1141 get_device_data       : No context for object [ffff88040d823a00]
[   15.310545]     utils-0051 util_eval_error       : Evaluate [\_SB_.PCI0.PB3_.HDAU._STA]: AE_NOT_FOUND
[   15.310759] device: 'device:08': device_add
[   15.310821] bus: 'acpi': add device device:08
[   15.310898]     utils-0051 util_eval_error       : Evaluate [\_SB_.PCI0.PB3_.HDAU._SUN]: AE_NOT_FOUND
[   15.313338]      scan-1933 add_single_object     : Added device:08 [\_SB_.PCI0.PB3_.HDAU] parent device:03
[   15.313338]      scan-1141 get_device_data       : No context for object [ffff88040d823a28]
[   15.313338]      scan-1141 get_device_data       : No context for object [ffff88040d823a50]
[   15.313338]      scan-1141 get_device_data       : No context for object [ffff88040d823a78]
[   15.313338]      scan-1141 get_device_data       : No context for object [ffff88040d823aa0]
[   15.313338]      scan-1141 get_device_data       : No context for object [ffff88040d823ac8]
[   15.313338]      scan-1141 get_device_data       : No context for object [ffff88040d823af0]
[   15.313338]      scan-1141 get_device_data       : No context for object [ffff88040d823b18]
[   15.313338]     utils-0051 util_eval_error       : Evaluate [\_SB_.PCI0.PB4_._STA]: AE_NOT_FOUND
[   15.313338] device: 'device:09': device_add
[   15.313338] bus: 'acpi': add device device:09
[   15.313338]     utils-0051 util_eval_error       : Evaluate [\_SB_.PCI0.PB4_._SUN]: AE_NOT_FOUND
[   15.313389]      scan-1933 add_single_object     : Added device:09 [\_SB_.PCI0.PB4_] parent PNP0A08:00
[   15.313389]      scan-1141 get_device_data       : No context for object [ffff88040d823b40]
[   15.313529]      scan-1141 get_device_data       : No context for object [ffff88040d823b68]
[   15.313727]      scan-1141 get_device_data       : No context for object [ffff88040d823b90]
[   15.313872]      scan-1141 get_device_data       : No context for object [ffff88040d823bb8]
[   15.314049]      scan-1141 get_device_data       : No context for object [ffff88040d823be0]
[   15.314244]      scan-1141 get_device_data       : No context for object [ffff88040d823c08]
[   15.314432]      scan-1141 get_device_data       : No context for object [ffff88040d823c30]
[   15.314623]      scan-1141 get_device_data       : No context for object [ffff88040d823c58]
[   15.314796]      scan-1141 get_device_data       : No context for object [ffff88040d823c80]
[   15.314986]      scan-1141 get_device_data       : No context for object [ffff88040d823ca8]
[   15.315176]      scan-1141 get_device_data       : No context for object [ffff88040d823cd0]
[   15.315367]      scan-1141 get_device_data       : No context for object [ffff88040d823cf8]
[   15.315562]      scan-1141 get_device_data       : No context for object [ffff88040d823d20]
[   15.315756]      scan-1141 get_device_data       : No context for object [ffff88040d823d48]
[   15.315944]      scan-1141 get_device_data       : No context for object [ffff88040d823d70]
[   15.316133]      scan-1141 get_device_data       : No context for object [ffff88040d823d98]
[   15.316322]      scan-1141 get_device_data       : No context for object [ffff88040d823dc0]
[   15.316512]      scan-1141 get_device_data       : No context for object [ffff88040d823de8]
[   15.316668]      scan-1141 get_device_data       : No context for object [ffff88040d823e10]
[   15.316815]      scan-1141 get_device_data       : No context for object [ffff88040d823e38]
[   15.316991]      scan-1141 get_device_data       : No context for object [ffff88040d823e60]
[   15.317187]      scan-1141 get_device_data       : No context for object [ffff88040d823e88]
[   15.317376]      scan-1141 get_device_data       : No context for object [ffff88040d823eb0]
[   15.317566]      scan-1141 get_device_data       : No context for object [ffff88040d823ed8]
[   15.317738]      scan-1141 get_device_data       : No context for object [ffff88040d823f00]
[   15.317926]      scan-1141 get_device_data       : No context for object [ffff88040d823f28]
[   15.318118]      scan-1141 get_device_data       : No context for object [ffff88040d823f50]
[   15.318312]      scan-1141 get_device_data       : No context for object [ffff88040d823f78]
[   15.318510]      scan-1141 get_device_data       : No context for object [ffff88040d823fa0]
[   15.318706]      scan-1141 get_device_data       : No context for object [ffff88040d823fc8]
[   15.318898]      scan-1141 get_device_data       : No context for object [ffff88040d825000]
[   15.319090]     utils-0051 util_eval_error       : Evaluate [\_SB_.PCI0.PB4_.XPDV._STA]: AE_NOT_FOUND
[   15.319304] device: 'device:0a': device_add
[   15.319363] bus: 'acpi': add device device:0a
[   15.319429]     utils-0051 util_eval_error       : Evaluate [\_SB_.PCI0.PB4_.XPDV._SUN]: AE_NOT_FOUND
[   15.320006]      scan-1933 add_single_object     : Added device:0a [\_SB_.PCI0.PB4_.XPDV] parent device:09
[   15.320006]      scan-1141 get_device_data       : No context for object [ffff88040d825028]
[   15.320006]      scan-1141 get_device_data       : No context for object [ffff88040d825050]
[   15.320193]      scan-1141 get_device_data       : No context for object [ffff88040d825078]
[   15.320386]      scan-1141 get_device_data       : No context for object [ffff88040d8250a0]
[   15.320577]      scan-1141 get_device_data       : No context for object [ffff88040d8250c8]
[   15.320750]      scan-1141 get_device_data       : No context for object [ffff88040d837500]
[   15.320942]      scan-1141 get_device_data       : No context for object [ffff88040d8250f0]
[   15.321137]      scan-1141 get_device_data       : No context for object [ffff88040d825118]
[   15.321331]     utils-0051 util_eval_error       : Evaluate [\_SB_.PCI0.PB5_._STA]: AE_NOT_FOUND
[   15.321570] device: 'device:0b': device_add
[   15.321633] bus: 'acpi': add device device:0b
[   15.321710]     utils-0051 util_eval_error       : Evaluate [\_SB_.PCI0.PB5_._SUN]: AE_NOT_FOUND
[   15.323338]      scan-1933 add_single_object     : Added device:0b [\_SB_.PCI0.PB5_] parent PNP0A08:00
[   15.323338]      scan-1141 get_device_data       : No context for object [ffff88040d825140]
[   15.323338]      scan-1141 get_device_data       : No context for object [ffff88040d825168]
[   15.323338]      scan-1141 get_device_data       : No context for object [ffff88040d825190]
[   15.323338]      scan-1141 get_device_data       : No context for object [ffff88040d8251b8]
[   15.323338]      scan-1141 get_device_data       : No context for object [ffff88040d8251e0]
[   15.323338]      scan-1141 get_device_data       : No context for object [ffff88040d825208]
[   15.323338]      scan-1141 get_device_data       : No context for object [ffff88040d825230]
[   15.323338]      scan-1141 get_device_data       : No context for object [ffff88040d825258]
[   15.323527]      scan-1141 get_device_data       : No context for object [ffff88040d825280]
[   15.323700]      scan-1141 get_device_data       : No context for object [ffff88040d8252a8]
[   15.323893]      scan-1141 get_device_data       : No context for object [ffff88040d8252d0]
[   15.324085]      scan-1141 get_device_data       : No context for object [ffff88040d8252f8]
[   15.324277]      scan-1141 get_device_data       : No context for object [ffff88040d825320]
[   15.324471]      scan-1141 get_device_data       : No context for object [ffff88040d825348]
[   15.324664]      scan-1141 get_device_data       : No context for object [ffff88040d825370]
[   15.324861]      scan-1141 get_device_data       : No context for object [ffff88040d825398]
[   15.326062]      scan-1141 get_device_data       : No context for object [ffff88040d8253c0]
[   15.326254]      scan-1141 get_device_data       : No context for object [ffff88040d8253e8]
[   15.326447]      scan-1141 get_device_data       : No context for object [ffff88040d825410]
[   15.326668]      scan-1141 get_device_data       : No context for object [ffff88040d825438]
[   15.326844]      scan-1141 get_device_data       : No context for object [ffff88040d825460]
[   15.327042]      scan-1141 get_device_data       : No context for object [ffff88040d825488]
[   15.327237]      scan-1141 get_device_data       : No context for object [ffff88040d8254b0]
[   15.327429]      scan-1141 get_device_data       : No context for object [ffff88040d8254d8]
[   15.327622]      scan-1141 get_device_data       : No context for object [ffff88040d825500]
[   15.327768]      scan-1141 get_device_data       : No context for object [ffff88040d825528]
[   15.327940]      scan-1141 get_device_data       : No context for object [ffff88040d825550]
[   15.328132]      scan-1141 get_device_data       : No context for object [ffff88040d825578]
[   15.328330]      scan-1141 get_device_data       : No context for object [ffff88040d8255a0]
[   15.328528]      scan-1141 get_device_data       : No context for object [ffff88040d8255c8]
[   15.328701]      scan-1141 get_device_data       : No context for object [ffff88040d8255f0]
[   15.328894]     utils-0051 util_eval_error       : Evaluate [\_SB_.PCI0.PB5_.XPDV._STA]: AE_NOT_FOUND
[   15.329108] device: 'device:0c': device_add
[   15.329167] bus: 'acpi': add device device:0c
[   15.329233]     utils-0051 util_eval_error       : Evaluate [\_SB_.PCI0.PB5_.XPDV._SUN]: AE_NOT_FOUND
[   15.330013]      scan-1933 add_single_object     : Added device:0c [\_SB_.PCI0.PB5_.XPDV] parent device:0b
[   15.330013]      scan-1141 get_device_data       : No context for object [ffff88040d825618]
[   15.330013]      scan-1141 get_device_data       : No context for object [ffff88040d825640]
[   15.330013]      scan-1141 get_device_data       : No context for object [ffff88040d825668]
[   15.330194]      scan-1141 get_device_data       : No context for object [ffff88040d825690]
[   15.330386]      scan-1141 get_device_data       : No context for object [ffff88040d8256b8]
[   15.330573]      scan-1141 get_device_data       : No context for object [ffff88040d837528]
[   15.330746]      scan-1141 get_device_data       : No context for object [ffff88040d8256e0]
[   15.330935]      scan-1141 get_device_data       : No context for object [ffff88040d825708]
[   15.331128]     utils-0051 util_eval_error       : Evaluate [\_SB_.PCI0.PB6_._STA]: AE_NOT_FOUND
[   15.331357] device: 'device:0d': device_add
[   15.331415] bus: 'acpi': add device device:0d
[   15.331492]     utils-0051 util_eval_error       : Evaluate [\_SB_.PCI0.PB6_._SUN]: AE_NOT_FOUND
[   15.333338]      scan-1933 add_single_object     : Added device:0d [\_SB_.PCI0.PB6_] parent PNP0A08:00
[   15.333338]      scan-1141 get_device_data       : No context for object [ffff88040d825730]
[   15.333338]      scan-1141 get_device_data       : No context for object [ffff88040d825758]
[   15.333338]      scan-1141 get_device_data       : No context for object [ffff88040d825780]
[   15.333338]      scan-1141 get_device_data       : No context for object [ffff88040d8257a8]
[   15.333338]      scan-1141 get_device_data       : No context for object [ffff88040d8257d0]
[   15.333338]      scan-1141 get_device_data       : No context for object [ffff88040d8257f8]
[   15.333338]      scan-1141 get_device_data       : No context for object [ffff88040d825820]
[   15.333338]      scan-1141 get_device_data       : No context for object [ffff88040d825848]
[   15.333338]      scan-1141 get_device_data       : No context for object [ffff88040d825870]
[   15.333524]      scan-1141 get_device_data       : No context for object [ffff88040d825898]
[   15.333696]      scan-1141 get_device_data       : No context for object [ffff88040d8258c0]
[   15.333888]      scan-1141 get_device_data       : No context for object [ffff88040d8258e8]
[   15.334080]      scan-1141 get_device_data       : No context for object [ffff88040d825910]
[   15.334268]      scan-1141 get_device_data       : No context for object [ffff88040d825938]
[   15.334462]      scan-1141 get_device_data       : No context for object [ffff88040d825960]
[   15.334658]      scan-1141 get_device_data       : No context for object [ffff88040d825988]
[   15.334852]      scan-1141 get_device_data       : No context for object [ffff88040d8259b0]
[   15.335043]      scan-1141 get_device_data       : No context for object [ffff88040d8259d8]
[   15.335236]      scan-1141 get_device_data       : No context for object [ffff88040d825a00]
[   15.335428]      scan-1141 get_device_data       : No context for object [ffff88040d825a28]
[   15.335619]      scan-1141 get_device_data       : No context for object [ffff88040d825a50]
[   15.335765]      scan-1141 get_device_data       : No context for object [ffff88040d825a78]
[   15.335942]      scan-1141 get_device_data       : No context for object [ffff88040d825aa0]
[   15.336139]      scan-1141 get_device_data       : No context for object [ffff88040d825ac8]
[   15.336333]      scan-1141 get_device_data       : No context for object [ffff88040d825af0]
[   15.336525]      scan-1141 get_device_data       : No context for object [ffff88040d825b18]
[   15.336775]      scan-1141 get_device_data       : No context for object [ffff88040d825b40]
[   15.336967]      scan-1141 get_device_data       : No context for object [ffff88040d825b68]
[   15.337159]      scan-1141 get_device_data       : No context for object [ffff88040d825b90]
[   15.337352]      scan-1141 get_device_data       : No context for object [ffff88040d825bb8]
[   15.337547]      scan-1141 get_device_data       : No context for object [ffff88040d825be0]
[   15.337745]     utils-0051 util_eval_error       : Evaluate [\_SB_.PCI0.PB6_.XPDV._STA]: AE_NOT_FOUND
[   15.337973] device: 'device:0e': device_add
[   15.338038] bus: 'acpi': add device device:0e
[   15.338113]     utils-0051 util_eval_error       : Evaluate [\_SB_.PCI0.PB6_.XPDV._SUN]: AE_NOT_FOUND
[   15.340011]      scan-1933 add_single_object     : Added device:0e [\_SB_.PCI0.PB6_.XPDV] parent device:0d
[   15.340011]      scan-1141 get_device_data       : No context for object [ffff88040d825c08]
[   15.340011]      scan-1141 get_device_data       : No context for object [ffff88040d825c30]
[   15.340011]      scan-1141 get_device_data       : No context for object [ffff88040d825c58]
[   15.340011]      scan-1141 get_device_data       : No context for object [ffff88040d825c80]
[   15.340011]      scan-1141 get_device_data       : No context for object [ffff88040d825ca8]
[   15.340011]      scan-1141 get_device_data       : No context for object [ffff88040d837550]
[   15.340011]      scan-1141 get_device_data       : No context for object [ffff88040d825cd0]
[   15.340011]      scan-1141 get_device_data       : No context for object [ffff88040d825cf8]
[   15.340011]     utils-0051 util_eval_error       : Evaluate [\_SB_.PCI0.PB7_._STA]: AE_NOT_FOUND
[   15.340296] device: 'device:0f': device_add
[   15.340355] bus: 'acpi': add device device:0f
[   15.340422]     utils-0051 util_eval_error       : Evaluate [\_SB_.PCI0.PB7_._SUN]: AE_NOT_FOUND
[   15.343338]      scan-1933 add_single_object     : Added device:0f [\_SB_.PCI0.PB7_] parent PNP0A08:00
[   15.343338]      scan-1141 get_device_data       : No context for object [ffff88040d825d20]
[   15.343338]      scan-1141 get_device_data       : No context for object [ffff88040d825d48]
[   15.343338]      scan-1141 get_device_data       : No context for object [ffff88040d825d70]
[   15.343338]      scan-1141 get_device_data       : No context for object [ffff88040d825d98]
[   15.343338]      scan-1141 get_device_data       : No context for object [ffff88040d825dc0]
[   15.343338]      scan-1141 get_device_data       : No context for object [ffff88040d825de8]
[   15.343338]      scan-1141 get_device_data       : No context for object [ffff88040d825e10]
[   15.343338]      scan-1141 get_device_data       : No context for object [ffff88040d825e38]
[   15.343338]      scan-1141 get_device_data       : No context for object [ffff88040d825e60]
[   15.343338]      scan-1141 get_device_data       : No context for object [ffff88040d825e88]
[   15.343338]      scan-1141 get_device_data       : No context for object [ffff88040d825eb0]
[   15.343338]      scan-1141 get_device_data       : No context for object [ffff88040d825ed8]
[   15.346668]      scan-1141 get_device_data       : No context for object [ffff88040d825f00]
[   15.346860]      scan-1141 get_device_data       : No context for object [ffff88040d825f28]
[   15.347053]      scan-1141 get_device_data       : No context for object [ffff88040d825f50]
[   15.347245]      scan-1141 get_device_data       : No context for object [ffff88040d825f78]
[   15.347397]      scan-1141 get_device_data       : No context for object [ffff88040d825fa0]
[   15.347574]      scan-1141 get_device_data       : No context for object [ffff88040d825fc8]
[   15.347769]      scan-1141 get_device_data       : No context for object [ffff88040d827000]
[   15.347962]      scan-1141 get_device_data       : No context for object [ffff88040d827028]
[   15.348154]      scan-1141 get_device_data       : No context for object [ffff88040d827050]
[   15.348328]      scan-1141 get_device_data       : No context for object [ffff88040d827078]
[   15.348520]      scan-1141 get_device_data       : No context for object [ffff88040d8270a0]
[   15.348713]      scan-1141 get_device_data       : No context for object [ffff88040d8270c8]
[   15.348909]      scan-1141 get_device_data       : No context for object [ffff88040d8270f0]
[   15.349104]      scan-1141 get_device_data       : No context for object [ffff88040d827118]
[   15.349104]      scan-1141 get_device_data       : No context for object [ffff88040d827140]
[   15.349104]      scan-1141 get_device_data       : No context for object [ffff88040d827168]
[   15.349104]      scan-1141 get_device_data       : No context for object [ffff88040d827190]
[   15.349104]      scan-1141 get_device_data       : No context for object [ffff88040d8271b8]
[   15.349104]      scan-1141 get_device_data       : No context for object [ffff88040d8271e0]
[   15.349104]     utils-0051 util_eval_error       : Evaluate [\_SB_.PCI0.PB7_.XPDV._STA]: AE_NOT_FOUND
[   15.349104] device: 'device:10': device_add
[   15.349104] bus: 'acpi': add device device:10
[   15.349104]     utils-0051 util_eval_error       : Evaluate [\_SB_.PCI0.PB7_.XPDV._SUN]: AE_NOT_FOUND
[   15.350011]      scan-1933 add_single_object     : Added device:10 [\_SB_.PCI0.PB7_.XPDV] parent device:0f
[   15.350011]      scan-1141 get_device_data       : No context for object [ffff88040d827208]
[   15.350011]      scan-1141 get_device_data       : No context for object [ffff88040d827230]
[   15.350011]      scan-1141 get_device_data       : No context for object [ffff88040d827258]
[   15.350011]      scan-1141 get_device_data       : No context for object [ffff88040d827280]
[   15.350011]      scan-1141 get_device_data       : No context for object [ffff88040d8272a8]
[   15.350011]      scan-1141 get_device_data       : No context for object [ffff88040d837488]
[   15.350011]      scan-1141 get_device_data       : No context for object [ffff88040d8272d0]
[   15.350011]      scan-1141 get_device_data       : No context for object [ffff88040d8272f8]
[   15.350011]     utils-0051 util_eval_error       : Evaluate [\_SB_.PCI0.OHC1._STA]: AE_NOT_FOUND
[   15.350030] device: 'device:11': device_add
[   15.350087] bus: 'acpi': add device device:11
[   15.350153]     utils-0051 util_eval_error       : Evaluate [\_SB_.PCI0.OHC1._SUN]: AE_NOT_FOUND
[   15.353338]      scan-1933 add_single_object     : Added device:11 [\_SB_.PCI0.OHC1] parent PNP0A08:00
[   15.353338]      scan-1141 get_device_data       : No context for object [ffff88040d827320]
[   15.353338]      scan-1141 get_device_data       : No context for object [ffff88040d827348]
[   15.353338]      scan-1141 get_device_data       : No context for object [ffff88040d83b2f8]
[   15.353338]     utils-0051 util_eval_error       : Evaluate [\_SB_.PCI0.OHC1.RHUB._STA]: AE_NOT_FOUND
[   15.353338] device: 'device:12': device_add
[   15.353338] bus: 'acpi': add device device:12
[   15.353338]     utils-0051 util_eval_error       : Evaluate [\_SB_.PCI0.OHC1.RHUB._SUN]: AE_NOT_FOUND
[   15.353382]      scan-1933 add_single_object     : Added device:12 [\_SB_.PCI0.OHC1.RHUB] parent device:11
[   15.353382]      scan-1141 get_device_data       : No context for object [ffff88040d83b320]
[   15.353382]      scan-1141 get_device_data       : No context for object [ffff88040d83b348]
[   15.353382]     utils-0051 util_eval_error       : Evaluate [\_SB_.PCI0.OHC1.RHUB.PRT3._STA]: AE_NOT_FOUND
[   15.353382] device: 'device:13': device_add
[   15.353382] bus: 'acpi': add device device:13
[   15.353382]     utils-0051 util_eval_error       : Evaluate [\_SB_.PCI0.OHC1.RHUB.PRT3._SUN]: AE_NOT_FOUND
[   15.353408]      scan-1933 add_single_object     : Added device:13 [\_SB_.PCI0.OHC1.RHUB.PRT3] parent device:12
[   15.353408]      scan-1141 get_device_data       : No context for object [ffff88040d83b370]
[   15.353408]      scan-1141 get_device_data       : No context for object [ffff88040d83b398]
[   15.353408]      scan-1141 get_device_data       : No context for object [ffff88040d83b3c0]
[   15.353534]      scan-1141 get_device_data       : No context for object [ffff88040d83b3e8]
[   15.353731]     utils-0051 util_eval_error       : Evaluate [\_SB_.PCI0.OHC1.RHUB.PRT4._STA]: AE_NOT_FOUND
[   15.353927] device: 'device:14': device_add
[   15.353986] bus: 'acpi': add device device:14
[   15.354053]     utils-0051 util_eval_error       : Evaluate [\_SB_.PCI0.OHC1.RHUB.PRT4._SUN]: AE_NOT_FOUND
[   15.356670]      scan-1933 add_single_object     : Added device:14 [\_SB_.PCI0.OHC1.RHUB.PRT4] parent device:12
[   15.356670]      scan-1141 get_device_data       : No context for object [ffff88040d83b410]
[   15.356670]      scan-1141 get_device_data       : No context for object [ffff88040d83b438]
[   15.356670]      scan-1141 get_device_data       : No context for object [ffff88040d83b460]
[   15.356670]      scan-1141 get_device_data       : No context for object [ffff88040d827370]
[   15.356670]     utils-0051 util_eval_error       : Evaluate [\_SB_.PCI0.EHC1._STA]: AE_NOT_FOUND
[   15.356670] device: 'device:15': device_add
[   15.356670] bus: 'acpi': add device device:15
[   15.356670]     utils-0051 util_eval_error       : Evaluate [\_SB_.PCI0.EHC1._SUN]: AE_NOT_FOUND
[   15.356703]      scan-1933 add_single_object     : Added device:15 [\_SB_.PCI0.EHC1] parent PNP0A08:00
[   15.356703]      scan-1141 get_device_data       : No context for object [ffff88040d827398]
[   15.356703]      scan-1141 get_device_data       : No context for object [ffff88040d8273c0]
[   15.356703]      scan-1141 get_device_data       : No context for object [ffff88040d83b028]
[   15.356703]     utils-0051 util_eval_error       : Evaluate [\_SB_.PCI0.EHC1.RHUB._STA]: AE_NOT_FOUND
[   15.356703] device: 'device:16': device_add
[   15.356748] bus: 'acpi': add device device:16
[   15.356816]     utils-0051 util_eval_error       : Evaluate [\_SB_.PCI0.EHC1.RHUB._SUN]: AE_NOT_FOUND
[   15.360008]      scan-1933 add_single_object     : Added device:16 [\_SB_.PCI0.EHC1.RHUB] parent device:15
[   15.360008]      scan-1141 get_device_data       : No context for object [ffff88040d83b050]
[   15.360008]      scan-1141 get_device_data       : No context for object [ffff88040d83b078]
[   15.360008]     utils-0051 util_eval_error       : Evaluate [\_SB_.PCI0.EHC1.RHUB.PRT3._STA]: AE_NOT_FOUND
[   15.360008] device: 'device:17': device_add
[   15.360008] bus: 'acpi': add device device:17
[   15.360008]     utils-0051 util_eval_error       : Evaluate [\_SB_.PCI0.EHC1.RHUB.PRT3._SUN]: AE_NOT_FOUND
[   15.360036]      scan-1933 add_single_object     : Added device:17 [\_SB_.PCI0.EHC1.RHUB.PRT3] parent device:16
[   15.360036]      scan-1141 get_device_data       : No context for object [ffff88040d83b0a0]
[   15.360036]      scan-1141 get_device_data       : No context for object [ffff88040d83b0c8]
[   15.360036]      scan-1141 get_device_data       : No context for object [ffff88040d83b0f0]
[   15.360036]      scan-1141 get_device_data       : No context for object [ffff88040d83b118]
[   15.360036]     utils-0051 util_eval_error       : Evaluate [\_SB_.PCI0.EHC1.RHUB.PRT4._STA]: AE_NOT_FOUND
[   15.360036] device: 'device:18': device_add
[   15.360036] bus: 'acpi': add device device:18
[   15.360036]     utils-0051 util_eval_error       : Evaluate [\_SB_.PCI0.EHC1.RHUB.PRT4._SUN]: AE_NOT_FOUND
[   15.360078]      scan-1933 add_single_object     : Added device:18 [\_SB_.PCI0.EHC1.RHUB.PRT4] parent device:16
[   15.360078]      scan-1141 get_device_data       : No context for object [ffff88040d83b140]
[   15.360078]      scan-1141 get_device_data       : No context for object [ffff88040d83b168]
[   15.360198]      scan-1141 get_device_data       : No context for object [ffff88040d83b190]
[   15.360393]      scan-1141 get_device_data       : No context for object [ffff88040d8273e8]
[   15.360591]     utils-0051 util_eval_error       : Evaluate [\_SB_.PCI0.OHC2._STA]: AE_NOT_FOUND
[   15.361791] device: 'device:19': device_add
[   15.361855] bus: 'acpi': add device device:19
[   15.361931]     utils-0051 util_eval_error       : Evaluate [\_SB_.PCI0.OHC2._SUN]: AE_NOT_FOUND
[   15.363333]      scan-1933 add_single_object     : Added device:19 [\_SB_.PCI0.OHC2] parent PNP0A08:00
[   15.363333]      scan-1141 get_device_data       : No context for object [ffff88040d827410]
[   15.363333]      scan-1141 get_device_data       : No context for object [ffff88040d827438]
[   15.363333]      scan-1141 get_device_data       : No context for object [ffff88040d83b488]
[   15.363333]     utils-0051 util_eval_error       : Evaluate [\_SB_.PCI0.OHC2.RHUB._STA]: AE_NOT_FOUND
[   15.363333] device: 'device:1a': device_add
[   15.363333] bus: 'acpi': add device device:1a
[   15.363333]     utils-0051 util_eval_error       : Evaluate [\_SB_.PCI0.OHC2.RHUB._SUN]: AE_NOT_FOUND
[   15.363509]      scan-1933 add_single_object     : Added device:1a [\_SB_.PCI0.OHC2.RHUB] parent device:19
[   15.363708]      scan-1141 get_device_data       : No context for object [ffff88040d83b4b0]
[   15.363853]      scan-1141 get_device_data       : No context for object [ffff88040d83b4d8]
[   15.364027]     utils-0051 util_eval_error       : Evaluate [\_SB_.PCI0.OHC2.RHUB.PRT4._STA]: AE_NOT_FOUND
[   15.364239] device: 'device:1b': device_add
[   15.364297] bus: 'acpi': add device device:1b
[   15.364362]     utils-0051 util_eval_error       : Evaluate [\_SB_.PCI0.OHC2.RHUB.PRT4._SUN]: AE_NOT_FOUND
[   15.366669]      scan-1933 add_single_object     : Added device:1b [\_SB_.PCI0.OHC2.RHUB.PRT4] parent device:1a
[   15.366669]      scan-1141 get_device_data       : No context for object [ffff88040d83b500]
[   15.366669]      scan-1141 get_device_data       : No context for object [ffff88040d83b528]
[   15.366669]      scan-1141 get_device_data       : No context for object [ffff88040d83b550]
[   15.366669]      scan-1141 get_device_data       : No context for object [ffff88040d827460]
[   15.366669]     utils-0051 util_eval_error       : Evaluate [\_SB_.PCI0.EHC2._STA]: AE_NOT_FOUND
[   15.366669] device: 'device:1c': device_add
[   15.366669] bus: 'acpi': add device device:1c
[   15.366669]     utils-0051 util_eval_error       : Evaluate [\_SB_.PCI0.EHC2._SUN]: AE_NOT_FOUND
[   15.366704]      scan-1933 add_single_object     : Added device:1c [\_SB_.PCI0.EHC2] parent PNP0A08:00
[   15.366704]      scan-1141 get_device_data       : No context for object [ffff88040d827488]
[   15.366704]      scan-1141 get_device_data       : No context for object [ffff88040d8274b0]
[   15.366704]      scan-1141 get_device_data       : No context for object [ffff88040d83b1b8]
[   15.366812]     utils-0051 util_eval_error       : Evaluate [\_SB_.PCI0.EHC2.RHUB._STA]: AE_NOT_FOUND
[   15.367023] device: 'device:1d': device_add
[   15.367081] bus: 'acpi': add device device:1d
[   15.367147]     utils-0051 util_eval_error       : Evaluate [\_SB_.PCI0.EHC2.RHUB._SUN]: AE_NOT_FOUND
[   15.370004]      scan-1933 add_single_object     : Added device:1d [\_SB_.PCI0.EHC2.RHUB] parent device:1c
[   15.370004]      scan-1141 get_device_data       : No context for object [ffff88040d83b1e0]
[   15.370004]      scan-1141 get_device_data       : No context for object [ffff88040d83b208]
[   15.370004]     utils-0051 util_eval_error       : Evaluate [\_SB_.PCI0.EHC2.RHUB.PRT2._STA]: AE_NOT_FOUND
[   15.370004] device: 'device:1e': device_add
[   15.370004] bus: 'acpi': add device device:1e
[   15.370004]     utils-0051 util_eval_error       : Evaluate [\_SB_.PCI0.EHC2.RHUB.PRT2._SUN]: AE_NOT_FOUND
[   15.370015]      scan-1933 add_single_object     : Added device:1e [\_SB_.PCI0.EHC2.RHUB.PRT2] parent device:1d
[   15.370015]      scan-1141 get_device_data       : No context for object [ffff88040d83b230]
[   15.370015]      scan-1141 get_device_data       : No context for object [ffff88040d83b258]
[   15.370015]      scan-1141 get_device_data       : No context for object [ffff88040d83b280]
[   15.370015]      scan-1141 get_device_data       : No context for object [ffff88040d8274d8]
[   15.370015]     utils-0051 util_eval_error       : Evaluate [\_SB_.PCI0.OHC3._STA]: AE_NOT_FOUND
[   15.370015] device: 'device:1f': device_add
[   15.370015] bus: 'acpi': add device device:1f
[   15.370015]     utils-0051 util_eval_error       : Evaluate [\_SB_.PCI0.OHC3._SUN]: AE_NOT_FOUND
[   15.370027]      scan-1933 add_single_object     : Added device:1f [\_SB_.PCI0.OHC3] parent PNP0A08:00
[   15.370131]      scan-1141 get_device_data       : No context for object [ffff88040d827500]
[   15.370323]      scan-1141 get_device_data       : No context for object [ffff88040d827528]
[   15.370514]      scan-1141 get_device_data       : No context for object [ffff88040d83b578]
[   15.370712]     utils-0051 util_eval_error       : Evaluate [\_SB_.PCI0.OHC3.RHUB._STA]: AE_NOT_FOUND
[   15.370935] device: 'device:20': device_add
[   15.370994] bus: 'acpi': add device device:20
[   15.371060]     utils-0051 util_eval_error       : Evaluate [\_SB_.PCI0.OHC3.RHUB._SUN]: AE_NOT_FOUND
[   15.373338]      scan-1933 add_single_object     : Added device:20 [\_SB_.PCI0.OHC3.RHUB] parent device:1f
[   15.373338]      scan-1141 get_device_data       : No context for object [ffff88040d83b5a0]
[   15.373338]      scan-1141 get_device_data       : No context for object [ffff88040d827550]
[   15.373338]     utils-0051 util_eval_error       : Evaluate [\_SB_.PCI0.EHC3._STA]: AE_NOT_FOUND
[   15.373338] device: 'device:21': device_add
[   15.373338] bus: 'acpi': add device device:21
[   15.373338]     utils-0051 util_eval_error       : Evaluate [\_SB_.PCI0.EHC3._SUN]: AE_NOT_FOUND
[   15.373380]      scan-1933 add_single_object     : Added device:21 [\_SB_.PCI0.EHC3] parent PNP0A08:00
[   15.373380]      scan-1141 get_device_data       : No context for object [ffff88040d827578]
[   15.373380]      scan-1141 get_device_data       : No context for object [ffff88040d8275a0]
[   15.373380]      scan-1141 get_device_data       : No context for object [ffff88040d83b2a8]
[   15.373380]     utils-0051 util_eval_error       : Evaluate [\_SB_.PCI0.EHC3.RHUB._STA]: AE_NOT_FOUND
[   15.373380] device: 'device:22': device_add
[   15.373426] bus: 'acpi': add device device:22
[   15.373501]     utils-0051 util_eval_error       : Evaluate [\_SB_.PCI0.EHC3.RHUB._SUN]: AE_NOT_FOUND
[   15.376667]      scan-1933 add_single_object     : Added device:22 [\_SB_.PCI0.EHC3.RHUB] parent device:21
[   15.376667]      scan-1141 get_device_data       : No context for object [ffff88040d83b2d0]
[   15.376667]      scan-1141 get_device_data       : No context for object [ffff88040d8275c8]
[   15.376667]     utils-0051 util_eval_error       : Evaluate [\_SB_.PCI0.OHC4._STA]: AE_NOT_FOUND
[   15.376667] device: 'device:23': device_add
[   15.376667] bus: 'acpi': add device device:23
[   15.376667]     utils-0051 util_eval_error       : Evaluate [\_SB_.PCI0.OHC4._SUN]: AE_NOT_FOUND
[   15.376682]      scan-1933 add_single_object     : Added device:23 [\_SB_.PCI0.OHC4] parent PNP0A08:00
[   15.376682]      scan-1141 get_device_data       : No context for object [ffff88040d8275f0]
[   15.376682]      scan-1141 get_device_data       : No context for object [ffff88040d827618]
[   15.376682]      scan-1141 get_device_data       : No context for object [ffff88040d827640]
[   15.376682]     utils-0051 util_eval_error       : Evaluate [\_SB_.PCI0.SBAZ._STA]: AE_NOT_FOUND
[   15.376682] device: 'device:24': device_add
[   15.376682] bus: 'acpi': add device device:24
[   15.376682]     utils-0051 util_eval_error       : Evaluate [\_SB_.PCI0.SBAZ._SUN]: AE_NOT_FOUND
[   15.376694]      scan-1933 add_single_object     : Added device:24 [\_SB_.PCI0.SBAZ] parent PNP0A08:00
[   15.376694]      scan-1141 get_device_data       : No context for object [ffff88040d827668]
[   15.376694]      scan-1141 get_device_data       : No context for object [ffff88040d827690]
[   15.376694]      scan-1141 get_device_data       : No context for object [ffff88040d8276b8]
[   15.376842]     utils-0051 util_eval_error       : Evaluate [\_SB_.PCI0.GEC_._STA]: AE_NOT_FOUND
[   15.377076] device: 'device:25': device_add
[   15.377136] bus: 'acpi': add device device:25
[   15.377203]     utils-0051 util_eval_error       : Evaluate [\_SB_.PCI0.GEC_._SUN]: AE_NOT_FOUND
[   15.380008]      scan-1933 add_single_object     : Added device:25 [\_SB_.PCI0.GEC_] parent PNP0A08:00
[   15.380008]      scan-1141 get_device_data       : No context for object [ffff88040d8276e0]
[   15.380008]      scan-1141 get_device_data       : No context for object [ffff88040d827708]
[   15.380008]      scan-1141 get_device_data       : No context for object [ffff88040d827730]
[   15.380008]      scan-1141 get_device_data       : No context for object [ffff88040d827758]
[   15.380008]      scan-1141 get_device_data       : No context for object [ffff88040d827780]
[   15.380008]      scan-1141 get_device_data       : No context for object [ffff88040d8277a8]
[   15.380008]      scan-1141 get_device_data       : No context for object [ffff88040d8277d0]
[   15.380008]      scan-1141 get_device_data       : No context for object [ffff88040d8277f8]
