[    0.000000] Initializing cgroup subsys cpuset
[    0.000000] Initializing cgroup subsys cpu
[    0.000000] Initializing cgroup subsys cpuacct
[    0.000000] Linux version 3.17.0-rc2-gfd5984d (emacs@manji) (gcc version 4.9.1 (GCC) ) #52 SMP Sun Aug 31 16:53:44 CEST 2014
[    0.000000] Command line: BOOT_IMAGE=/vmlinuz-linux-git root=UUID=bfa4ab6e-19a3-4601-ba2b-267c55841c73 rw cryptdevice=/dev/disk/by-uuid/70c08890-417a-497d-b6ab-c0d0357a63e2:cryptManjaro:allow-discards ipv6.disable=1 pnp.debug=1 loglevel=9 log_buf_len=10M printk.always_kmsg_dump=y printk.time=y mminit_loglevel=0 memory_corruption_check=1 acpi.debug_layer=0xfbff0000 acpi.debug_level=0xFFFFFFFD pnp.debug=1 nohz=on rcu_nocbs=1-3 pcie_aspm=force fbcon=scrollback:4096k fbcon=font:ProFont6x11 radeon.audio=0 radeon.lockup_timeout=0 radeon.test=0 radeon.agpmode=-1 radeon.benchmark=0 radeon.tv=0 radeon.hard_reset=1 radeon.aspm=1 radeon.dpm=1 radeon.msi=1 radeon.pcie_gen2=-1 radeon.no_wb=1 radeon.modeset=1 radeon.dynclks=1 radeon.r4xx_atom=0 radeon.runpm=0 radeonfb radeon.fastfb=1 nomodeset
[    0.000000] KERNEL supported cpus:
[    0.000000]   AMD AuthenticAMD
[    0.000000] tseg: 00bfe00000
[    0.000000] e820: BIOS-provided physical RAM map:
[    0.000000] BIOS-e820: [mem 0x0000000000000000-0x000000000009d7ff] usable
[    0.000000] BIOS-e820: [mem 0x000000000009d800-0x000000000009ffff] reserved
[    0.000000] BIOS-e820: [mem 0x00000000000e0000-0x00000000000fffff] reserved
[    0.000000] BIOS-e820: [mem 0x0000000000100000-0x00000000bed9afff] usable
[    0.000000] BIOS-e820: [mem 0x00000000bed9b000-0x00000000bf39afff] reserved
[    0.000000] BIOS-e820: [mem 0x00000000bf39b000-0x00000000bf49afff] ACPI NVS
[    0.000000] BIOS-e820: [mem 0x00000000bf49b000-0x00000000bf51afff] ACPI data
[    0.000000] BIOS-e820: [mem 0x00000000bf51b000-0x00000000bfdfffff] usable
[    0.000000] BIOS-e820: [mem 0x00000000bfe00000-0x00000000bfffffff] reserved
[    0.000000] BIOS-e820: [mem 0x00000000fec00000-0x00000000fecfffff] reserved
[    0.000000] BIOS-e820: [mem 0x00000000fed80000-0x00000000fed80fff] reserved
[    0.000000] BIOS-e820: [mem 0x00000000ffe00000-0x00000000ffffffff] reserved
[    0.000000] BIOS-e820: [mem 0x0000000100000000-0x000000041effffff] usable
[    0.000000] NX (Execute Disable) protection: active
[    0.000000] SMBIOS 2.6 present.
[    0.000000] DMI: LENOVO Sabine/Torpedo, BIOS 54CN18WW 07/20/2011
[    0.000000] e820: update [mem 0x00000000-0x00000fff] usable ==> reserved
[    0.000000] e820: remove [mem 0x000a0000-0x000fffff] usable
[    0.000000] e820: last_pfn = 0x41f000 max_arch_pfn = 0x400000000
[    0.000000] MTRR default type: uncachable
[    0.000000] MTRR fixed ranges enabled:
[    0.000000]   00000-9FFFF write-back
[    0.000000]   A0000-BFFFF uncachable
[    0.000000]   C0000-FFFFF write-protect
[    0.000000] MTRR variable ranges enabled:
[    0.000000]   0 base 0000000000 mask FF80000000 write-back
[    0.000000]   1 base 0080000000 mask FFC0000000 write-back
[    0.000000]   2 base 00FFF90000 mask FFFFFF0000 uncachable
[    0.000000]   3 base 00FED80000 mask 0FFFFFF000 uncachable
[    0.000000]   4 disabled
[    0.000000]   5 disabled
[    0.000000]   6 disabled
[    0.000000]   7 base 00FFE00000 mask FFFFE00000 write-protect
[    0.000000] TOM2: 000000041f000000 aka 16880M
[    0.000000] mtrr: your BIOS has configured an incorrect mask, fixing it.
[    0.000000] e820: last_pfn = 0xbfe00 max_arch_pfn = 0x400000000
[    0.000000] found SMP MP-table at [mem 0x000fa8b0-0x000fa8bf] mapped at [ffff8800000fa8b0]
[    0.000000] Base memory trampoline at [ffff880000097000] 97000 size 24576
[    0.000000] Using GB pages for direct mapping
[    0.000000] init_memory_mapping: [mem 0x00000000-0x000fffff]
[    0.000000]  [mem 0x00000000-0x000fffff] page 4k
[    0.000000] BRK [0x01e17000, 0x01e17fff] PGTABLE
[    0.000000] BRK [0x01e18000, 0x01e18fff] PGTABLE
[    0.000000] BRK [0x01e19000, 0x01e19fff] PGTABLE
[    0.000000] init_memory_mapping: [mem 0x41ee00000-0x41effffff]
[    0.000000]  [mem 0x41ee00000-0x41effffff] page 2M
[    0.000000] BRK [0x01e1a000, 0x01e1afff] PGTABLE
[    0.000000] init_memory_mapping: [mem 0x41c000000-0x41edfffff]
[    0.000000]  [mem 0x41c000000-0x41edfffff] page 2M
[    0.000000] init_memory_mapping: [mem 0x400000000-0x41bffffff]
[    0.000000]  [mem 0x400000000-0x41bffffff] page 2M
[    0.000000] init_memory_mapping: [mem 0x00100000-0xbed9afff]
[    0.000000]  [mem 0x00100000-0x001fffff] page 4k
[    0.000000]  [mem 0x00200000-0x3fffffff] page 2M
[    0.000000]  [mem 0x40000000-0x7fffffff] page 1G
[    0.000000]  [mem 0x80000000-0xbebfffff] page 2M
[    0.000000]  [mem 0xbec00000-0xbed9afff] page 4k
[    0.000000] init_memory_mapping: [mem 0xbf51b000-0xbfdfffff]
[    0.000000]  [mem 0xbf51b000-0xbf5fffff] page 4k
[    0.000000]  [mem 0xbf600000-0xbfdfffff] page 2M
[    0.000000] BRK [0x01e1b000, 0x01e1bfff] PGTABLE
[    0.000000] init_memory_mapping: [mem 0x100000000-0x3ffffffff]
[    0.000000]  [mem 0x100000000-0x3ffffffff] page 1G
[    0.000000] log_buf_len: 16777216 bytes
[    0.000000] early log buf free: 2092044(99%)
[    0.000000] RAMDISK: [mem 0x3782c000-0x37c0dfff]
[    0.000000] ACPI: Early table checksum verification disabled
[    0.000000] ACPI: RSDP 0x00000000000F0110 000024 (v02 LENOVO)
[    0.000000] ACPI: XSDT 0x00000000BF51A120 000074 (v01 LENOVO CB-01    00000001 LENO 00000001)
[    0.000000] ACPI: FACP 0x00000000BF508000 0000F4 (v04 LENOVO CB-01    00000001 PTL  00000001)
[    0.000000] ACPI: DSDT 0x00000000BF50A000 00FD10 (v01 LENOVO CB-01    00001000 LENO 00000001)
[    0.000000] ACPI: FACS 0x00000000BF478000 000040
[    0.000000] ACPI: HPET 0x00000000BF507000 000038 (v01 LENOVO CB-01    00000001 PTL  00000001)
[    0.000000] ACPI: APIC 0x00000000BF506000 00007A (v02 LENOVO CB-01    00000001 PTL  00000001)
[    0.000000] ACPI: MCFG 0x00000000BF505000 00003C (v01 LENOVO CB-01    00000001 PTL  00000001)
[    0.000000] ACPI: SLIC 0x00000000BF504000 000176 (v01 LENOVO CB-01    00000001 LENO 00000001)
[    0.000000] ACPI: UEFI 0x00000000BF503000 00003E (v01 LENOVO CB-01    00000001 PTL  00000001)
[    0.000000] ACPI: UEFI 0x00000000BF502000 000042 (v01 PTL    COMBUF   00000001 PTL  00000001)
[    0.000000] ACPI: SSDT 0x00000000BF501000 000E34 (v01 AMD    POWERNOW 00000001 AMD  00000001)
[    0.000000] ACPI: SSDT 0x00000000BF4FF000 00193D (v02 AMD    ALIB     00000001 MSFT 04000000)
[    0.000000] ACPI: UEFI 0x00000000BF4FE000 00021A (v01 LENOVO CB-01    00000001 PTL  00000001)
[    0.000000] ACPI: Local APIC address 0xfee00000
[    0.000000] No NUMA configuration found
[    0.000000] Faking a node at [mem 0x0000000000000000-0x000000041effffff]
[    0.000000] Initmem setup node 0 [mem 0x00000000-0x41effffff]
[    0.000000]   NODE_DATA [mem 0x41dffa000-0x41dffdfff]
[    0.000000]  [ffffea0000000000-ffffea00107fffff] PMD -> [ffff88040de00000-ffff88041d5fffff] on node 0
[    0.000000] Zone ranges:
[    0.000000]   DMA      [mem 0x00001000-0x00ffffff]
[    0.000000]   DMA32    [mem 0x01000000-0xffffffff]
[    0.000000]   Normal   [mem 0x100000000-0x41effffff]
[    0.000000] Movable zone start for each node
[    0.000000] Early memory node ranges
[    0.000000]   node   0: [mem 0x00001000-0x0009cfff]
[    0.000000]   node   0: [mem 0x00100000-0xbed9afff]
[    0.000000]   node   0: [mem 0xbf51b000-0xbfdfffff]
[    0.000000]   node   0: [mem 0x100000000-0x41effffff]
[    0.000000] On node 0 totalpages: 4056604
[    0.000000]   DMA zone: 64 pages used for memmap
[    0.000000]   DMA zone: 21 pages reserved
[    0.000000]   DMA zone: 3996 pages, LIFO batch:0
[    0.000000]   DMA32 zone: 12186 pages used for memmap
[    0.000000]   DMA32 zone: 779904 pages, LIFO batch:31
[    0.000000]   Normal zone: 51136 pages used for memmap
[    0.000000]   Normal zone: 3272704 pages, LIFO batch:31
[    0.000000] ACPI: PM-Timer IO Port: 0x808
[    0.000000] ACPI: Local APIC address 0xfee00000
[    0.000000] ACPI: LAPIC (acpi_id[0x00] lapic_id[0x00] enabled)
[    0.000000] ACPI: LAPIC (acpi_id[0x01] lapic_id[0x01] enabled)
[    0.000000] ACPI: LAPIC (acpi_id[0x02] lapic_id[0x02] enabled)
[    0.000000] ACPI: LAPIC (acpi_id[0x03] lapic_id[0x03] enabled)
[    0.000000] ACPI: LAPIC_NMI (acpi_id[0x00] high edge lint[0x1])
[    0.000000] ACPI: LAPIC_NMI (acpi_id[0x01] high edge lint[0x1])
[    0.000000] ACPI: LAPIC_NMI (acpi_id[0x02] high edge lint[0x1])
[    0.000000] ACPI: LAPIC_NMI (acpi_id[0x03] high edge lint[0x1])
[    0.000000] ACPI: IOAPIC (id[0x02] address[0xfec00000] gsi_base[0])
[    0.000000] IOAPIC[0]: apic_id 2, version 33, address 0xfec00000, GSI 0-23
[    0.000000] ACPI: INT_SRC_OVR (bus 0 bus_irq 0 global_irq 2 dfl dfl)
[    0.000000] ACPI: IRQ0 used by override.
[    0.000000] ACPI: IRQ9 used by override.
[    0.000000] Using ACPI (MADT) for SMP configuration information
[    0.000000] ACPI: HPET id: 0x43538210 base: 0xfed00000
[    0.000000] smpboot: Allowing 4 CPUs, 0 hotplug CPUs
[    0.000000] e820: [mem 0xc0000000-0xfebfffff] available for PCI devices
[    0.000000] setup_percpu: NR_CPUS:64 nr_cpumask_bits:64 nr_cpu_ids:4 nr_node_ids:1
[    0.000000] PERCPU: Embedded 27 pages/cpu @ffff88041dc00000 s80256 r8192 d22144 u524288
[    0.000000] pcpu-alloc: s80256 r8192 d22144 u524288 alloc=1*2097152
[    0.000000] pcpu-alloc: [0] 0 1 2 3 
[    0.000000] Built 1 zonelists in Zone order, mobility grouping on.  Total pages: 3993197
[    0.000000] Policy zone: Normal
[    0.000000] Kernel command line: BOOT_IMAGE=/vmlinuz-linux-git root=UUID=bfa4ab6e-19a3-4601-ba2b-267c55841c73 rw cryptdevice=/dev/disk/by-uuid/70c08890-417a-497d-b6ab-c0d0357a63e2:cryptManjaro:allow-discards ipv6.disable=1 pnp.debug=1 loglevel=9 log_buf_len=10M printk.always_kmsg_dump=y printk.time=y mminit_loglevel=0 memory_corruption_check=1 acpi.debug_layer=0xfbff0000 acpi.debug_level=0xFFFFFFFD pnp.debug=1 nohz=on rcu_nocbs=1-3 pcie_aspm=force fbcon=scrollback:4096k fbcon=font:ProFont6x11 radeon.audio=0 radeon.lockup_timeout=0 radeon.test=0 radeon.agpmode=-1 radeon.benchmark=0 radeon.tv=0 radeon.hard_reset=1 radeon.aspm=1 radeon.dpm=1 radeon.msi=1 radeon.pcie_gen2=-1 radeon.no_wb=1 radeon.modeset=1 radeon.dynclks=1 radeon.r4xx_atom=0 radeon.runpm=0 radeonfb radeon.fastfb=1 nomodeset
[    0.000000] PCIe ASPM is forcibly enabled
[    0.000000] PID hash table entries: 4096 (order: 3, 32768 bytes)
[    0.000000] Memory: 15870900K/16226416K available (5251K kernel code, 721K rwdata, 2208K rodata, 848K init, 2588K bss, 355516K reserved)
[    0.000000] SLUB: HWalign=64, Order=0-3, MinObjects=0, CPUs=4, Nodes=1
[    0.000000] Hierarchical RCU implementation.
[    0.000000] 	RCU dyntick-idle grace-period acceleration is enabled.
[    0.000000] 	Additional per-CPU info printed with stalls.
[    0.000000] 	RCU restricting CPUs from NR_CPUS=64 to nr_cpu_ids=4.
[    0.000000] 	Offload RCU callbacks from all CPUs
[    0.000000] 	Offload RCU callbacks from CPUs: 0-3.
[    0.000000] RCU: Adjusting geometry for rcu_fanout_leaf=16, nr_cpu_ids=4
[    0.000000] NR_IRQS:4352 nr_irqs:456 0
[    0.000000] spurious 8259A interrupt: IRQ7.
[    0.000000] vgacon: allocated 4194304 bytes of memory for scrollback. CONFIG_VGACON_SOFT_SCROLLBACK_SIZE=4096
[    0.000000] Console: colour VGA+ 80x25
[    0.000000] console [tty0] enabled
[    0.000000] allocated 65011712 bytes of page_cgroup
[    0.000000] please try 'cgroup_disable=memory' option if you don't want memory cgroups
[    0.000000] hpet clockevent registered
[    0.000000] tsc: Fast TSC calibration using PIT
[    0.000000] tsc: Detected 1397.456 MHz processor
[    0.000041] Calibrating delay loop (skipped), value calculated using timer frequency.. 2796.36 BogoMIPS (lpj=4658186)
[    0.000201] pid_max: default: 32768 minimum: 301
[    0.000270] ACPI: Core revision 20140724
[    0.016144] ACPI: All ACPI Tables successfully acquired
[    0.018594] Security Framework initialized
[    0.019710] Dentry cache hash table entries: 2097152 (order: 12, 16777216 bytes)
[    0.025255] Inode-cache hash table entries: 1048576 (order: 11, 8388608 bytes)
[    0.028208] Mount-cache hash table entries: 32768 (order: 6, 262144 bytes)
[    0.028348] Mountpoint-cache hash table entries: 32768 (order: 6, 262144 bytes)
[    0.028785] Initializing cgroup subsys memory
[    0.028904] Initializing cgroup subsys devices
[    0.028971] Initializing cgroup subsys freezer
[    0.029038] Initializing cgroup subsys net_cls
[    0.029104] Initializing cgroup subsys blkio
[    0.029192] CPU: Physical Processor ID: 0
[    0.029253] CPU: Processor Core ID: 0
[    0.029315] mce: CPU supports 6 MCE banks
[    0.029386] Last level iTLB entries: 4KB 512, 2MB 16, 4MB 8
Last level dTLB entries: 4KB 1024, 2MB 128, 4MB 64, 1GB 0
[    0.029617] Freeing SMP alternatives memory: 20K (ffffffff81b8a000 - ffffffff81b8f000)
[    0.030339] ..TIMER: vector=0x30 apic1=0 pin1=2 apic2=-1 pin2=-1
[    0.063419] smpboot: CPU0: AMD A6-3400M APU with Radeon(tm) HD Graphics (fam: 12, model: 01, stepping: 00)
[    0.169807] Performance Events: AMD PMU driver.
[    0.169912] ... version:                0
[    0.169977] ... bit width:              48
[    0.170041] ... generic registers:      4
[    0.170105] ... value mask:             0000ffffffffffff
[    0.170170] ... max period:             00007fffffffffff
[    0.170234] ... fixed-purpose events:   0
[    0.170298] ... event mask:             000000000000000f
[    0.170839] MCE: In-kernel MCE decoding enabled.
[    0.171007] trying cpu_up:
[    0.171119] NMI watchdog: enabled on all CPUs, permanently consumes one hw-PMU counter.
[    0.171435] smpboot: ++++++++++++++++++++=_---CPU UP  1
[    0.171504] x86: Booting SMP configuration:
[    0.171569] .... node  #0, CPUs:      #1
[    0.171678] smpboot: Setting warm reset code and vector.
[    0.171803] smpboot: 1.
[    0.171865] smpboot: 2.
[    0.171928] smpboot: 3.
[    0.171991] smpboot: Asserting INIT
[    0.172054] smpboot: waiting 5 sec
[    5.181368] smpboot: done waiting
[    5.181511] smpboot: Waiting for INIT send to finish...
[    5.191653] smpboot: status for above ^ is: 0
[    5.191763] smpboot: Deasserting INIT
[    5.191826] smpboot: Waiting for above send to finish...
[    5.191891] smpboot: #startup loops: 2
[    5.191954] smpboot: Sending STARTUP #1
[    5.192017] smpboot: After apic_write
[    5.097179] smpboot: CPU#1 (phys ID: 1) waiting for CALLOUT
[    5.192381] smpboot: Startup point 1
[    5.192555] smpboot: Waiting for send to finish...
[    5.192820] smpboot: Sending STARTUP #2
[    5.192930] smpboot: After apic_write
[    5.193293] smpboot: Startup point 1
[    5.193402] smpboot: Waiting for send to finish...
[    5.193667] smpboot: After Startup
[    5.193777] smpboot: Before Callout 1
[    5.193840] smpboot: After Callout 1
[    5.098829] smpboot: Stack at about ffff880407807f44
[    5.193968] smpboot: start waiting 5sec for response
[    5.194007] smpboot: done waiting 5sec for response
[    5.194104] smpboot: cpumask_test_cpu result: -1
[    5.194168] smpboot: cpu_callin_mask: 0000000000000003
[    5.194265] smpboot: cpu_callout_mask: 0000000000000003
[    5.194329] smpboot: CPU1: has booted.
[    5.196460] TSC synchronization [CPU#0 -> CPU#1]:
[    5.196571] Measured 132780512 cycles TSC warp between CPUs, turning off TSC clock.
[    5.196713] tsc: Marking TSC unstable due to check_tsc_sync_source failed
[    5.196840] after cpu_up !!!!!!!!!!!!
[    5.196925] trying cpu_up:
[    5.197136] smpboot: ++++++++++++++++++++=_---CPU UP  2
[    5.197274]  #2
[    5.197311] smpboot: Setting warm reset code and vector.
[    5.197435] smpboot: 1.
[    5.197497] smpboot: 2.
[    5.197559] smpboot: 3.
[    5.197622] smpboot: Asserting INIT
[    5.197684] smpboot: waiting 5 sec
[   10.206351] smpboot: done waiting
[   10.206494] smpboot: Waiting for INIT send to finish...
[   10.216635] smpboot: status for above ^ is: 0
[   10.216744] smpboot: Deasserting INIT
[   10.216804] smpboot: Waiting for above send to finish...
[   10.216865] smpboot: #startup loops: 2
[   10.216926] smpboot: Sending STARTUP #1
[   10.216985] smpboot: After apic_write
[   10.087804] smpboot: CPU#2 (phys ID: 2) waiting for CALLOUT
[   10.217347] smpboot: Startup point 1
[   10.217521] smpboot: Waiting for send to finish...
[   10.217785] smpboot: Sending STARTUP #2
[   10.217846] smpboot: After apic_write
[   10.218207] smpboot: Startup point 1
[   10.218317] smpboot: Waiting for send to finish...
[   10.218582] smpboot: After Startup
[   10.218691] smpboot: Before Callout 2
[   10.218754] smpboot: After Callout 2
[   10.089437] smpboot: Stack at about ffff88040780bf44
[   10.218884] smpboot: start waiting 5sec for response
[   10.218923] smpboot: done waiting 5sec for response
[   10.219020] smpboot: cpumask_test_cpu result: -1
[   10.219082] smpboot: cpu_callin_mask: 0000000000000007
[   10.219176] smpboot: cpu_callout_mask: 0000000000000007
[   10.219237] smpboot: CPU2: has booted.
[   10.219373] after cpu_up !!!!!!!!!!!!
[   10.219409] trying cpu_up:
[   10.219580] smpboot: ++++++++++++++++++++=_---CPU UP  3
[   10.219725]  #3
[   10.219760] smpboot: Setting warm reset code and vector.
[   10.219885] smpboot: 1.
[   10.219947] smpboot: 2.
[   10.220009] smpboot: 3.
[   10.220071] smpboot: Asserting INIT
[   10.220129] smpboot: waiting 5 sec
[   15.227879] smpboot: done waiting
[   15.228019] smpboot: Waiting for INIT send to finish...
[   15.238157] smpboot: status for above ^ is: 0
[   15.238267] smpboot: Deasserting INIT
[   15.238328] smpboot: Waiting for above send to finish...
[   15.238390] smpboot: #startup loops: 2
[   15.238453] smpboot: Sending STARTUP #1
[   15.238516] smpboot: After apic_write
[   15.075182] smpboot: CPU#3 (phys ID: 3) waiting for CALLOUT
[   15.238879] smpboot: Startup point 1
[   15.239048] smpboot: Waiting for send to finish...
[   15.239311] smpboot: Sending STARTUP #2
[   15.239420] smpboot: After apic_write
[   15.239784] smpboot: Startup point 1
[   15.239894] smpboot: Waiting for send to finish...
[   15.240156] smpboot: After Startup
[   15.240265] smpboot: Before Callout 3
[   15.240328] smpboot: After Callout 3
[   15.076822] smpboot: Stack at about ffff88040780ff44
[   15.240458] smpboot: start waiting 5sec for response
[   15.240497] smpboot: done waiting 5sec for response
[   15.240594] smpboot: cpumask_test_cpu result: -1
[   15.240656] smpboot: cpu_callin_mask: 000000000000000f
[   15.240757] smpboot: cpu_callout_mask: 000000000000000f
[   15.240818] smpboot: CPU3: has booted.
[   15.240955] after cpu_up !!!!!!!!!!!!
[   15.240992] x86: Booted up 1 node, 4 CPUs
[   15.241107] smpboot: Boot done
[   15.241168] smpboot: Before bogomips
[   15.241229] smpboot: Total of 4 processors activated (11184.46 BogoMIPS)
[   15.241291] smpboot: Before bogocount - setting activated=1
[   15.133424] devtmpfs: initialized
[   15.133475] device: 'platform': device_add
[   15.133552] bus: 'platform': registered
[   15.133621] bus: 'cpu': registered
[   15.133678] device: 'cpu': device_add
[   15.133750] bus: 'container': registered
[   15.133806] device: 'container': device_add
[   15.136895] bus: 'workqueue': registered
[   15.137005] device: 'workqueue': device_add
[   15.137094] kworker/u8:0 (39) used greatest stack depth: 14160 bytes left
[   15.137258] atomic64_test: passed for x86-64 platform with CX8 and with SSE
[   15.137367] device class 'regulator': registering
[   15.137461] Registering platform device 'reg-dummy'. Parent at platform
[   15.137570] device: 'reg-dummy': device_add
[   15.137632] bus: 'platform': add device reg-dummy
[   15.137716] bus: 'platform': add driver reg-dummy
[   15.137780] bus: 'platform': driver_probe_device: matched device reg-dummy with driver reg-dummy
[   15.137914] bus: 'platform': really_probe: probing driver reg-dummy with device reg-dummy
[   15.138039] device: 'regulator.0': device_add
[   15.138118] regulator-dummy: no parameters
[   15.138183] driver: 'reg-dummy': driver_bound: bound to device 'reg-dummy'
[   15.138243] bus: 'platform': really_probe: bound device reg-dummy to driver reg-dummy
[   15.139485] NET: Registered protocol family 16
[   15.139900] device class 'bdi': registering
[   15.140023] bus: 'platform': add driver ramoops
[   15.140102] device class 'pci_bus': registering
[   15.140190] bus: 'pci': registered
[   15.140254] device class 'backlight': registering
[   15.140325] device class 'tty': registering
[   15.140393] device class 'vtconsole': registering
[   15.140458] device: 'vtcon0': device_add
[   15.140541] bus: 'node': registered
[   15.140602] device: 'node': device_add
[   15.140681] bus: 'i2c': registered
[   15.140744] bus: 'i2c': add driver dummy
[   15.140813] i2c-core: driver [dummy] registered
[   15.140877] cpuidle: using governor ladder
[   15.140939] cpuidle: using governor menu
[   15.141424] ACPI FADT declares the system doesn't support PCIe ASPM, so disable it
[   15.141604] ACPI: bus type PCI registered
[   15.141663] acpiphp: ACPI Hot Plug PCI Controller Driver version: 0.5
[   15.141723] device class 'dmi': registering
[   15.141787] device: 'id': device_add
[   15.141906] PCI: MMCONFIG for domain 0000 [bus 00-3f] at [mem 0xf8000000-0xfbffffff] (base 0xf8000000)
[   15.142029] PCI: not using MMCONFIG
[   15.142089] PCI: Using configuration type 1 for base access
[   15.142149] PCI: Using configuration type 1 for extended access
[   15.142512] device: 'node0': device_add
[   15.142620] bus: 'node': add device node0
[   15.142700] device: 'cpu0': device_add
[   15.142759] bus: 'cpu': add device cpu0
[   15.142843] device: 'cpu1': device_add
[   15.142902] bus: 'cpu': add device cpu1
[   15.142991] device: 'cpu2': device_add
[   15.143054] bus: 'cpu': add device cpu2
[   15.143153] device: 'cpu3': device_add
[   15.143251] bus: 'cpu': add device cpu3
[   15.153403] device: 'writeback': device_add
[   15.153512] bus: 'workqueue': add device writeback
[   15.153610] device: 'default': device_add
[   15.153827] device class 'block': registering
[   15.153827] ACPI: Added _OSI(Module Device)
[   15.153827] ACPI: Added _OSI(Processor Device)
[   15.153827] ACPI: Added _OSI(3.0 _SCP Extensions)
[   15.153827] ACPI: Added _OSI(Processor Aggregator Device)
[   15.157000] 
**** Context Switch from TID 4294967295 to TID 133431296 ****

[   15.157140]     utils-0051 util_eval_error       : Evaluate [\_SB_.PCI0.LPC0.EC0_._GLK]: AE_NOT_FOUND
[   15.157709] Executing  Method       \_SB_.PCI0.LPC0.EC0_._REG
[   15.158377] Executing  Method       \_SB_.PCI0.LPC0.EC0_._REG
[   15.158576] Executing  Method       \_SB_.PCI0.LPC0.EC0_._REG
[   15.158775] Executing  Method       \_SB_.PCI0.LPC0.EC0_._REG
[   15.161810] Initializing Region       \_SB_.OSTY
[   15.162007] Initializing Region       \_SB_.PCI0.NBMS
[   15.162145] Initializing Region       \_SB_.PCI0.NBXP
[   15.162283] Initializing Region       \_SB_.PCI0.K8ST
[   15.162468] Initializing Region       \_SB_.PCI0.BAR1
[   15.162652] Initializing Region       \_SB_.PCI0.PB2_.XPEX
[   15.162801] Initializing Region       \_SB_.PCI0.PB2_.PCFG
[   15.162949] Initializing Region       \_SB_.PCI0.PB2_.XPCB
[   15.163089] Initializing Region       \_SB_.PCI0.PB2_.XPRI
[   15.163229] Initializing Region       \_SB_.PCI0.PB2_.VGA_.PCFG
[   15.163404] Initializing Region       \_SB_.PCI0.PB2_.HDAU.PCFG
[   15.163581] Initializing Region       \_SB_.PCI0.PB3_.XPEX
[   15.163729] Initializing Region       \_SB_.PCI0.PB3_.PCFG
[   15.163877] Initializing Region       \_SB_.PCI0.PB3_.XPCB
[   15.164021] Initializing Region       \_SB_.PCI0.PB3_.XPRI
[   15.164161] Initializing Region       \_SB_.PCI0.PB3_.VGA_.PCFG
[   15.164340] Initializing Region       \_SB_.PCI0.PB3_.HDAU.PCFG
[   15.164527] Initializing Region       \_SB_.PCI0.PB4_.XPEX
[   15.164675] Initializing Region       \_SB_.PCI0.PB4_.PCFG
[   15.164823] Initializing Region       \_SB_.PCI0.PB4_.XPCB
[   15.164969] Initializing Region       \_SB_.PCI0.PB4_.XPRI
[   15.165109] Initializing Region       \_SB_.PCI0.PB4_.XPDV.PCFG
[   15.165255] Initializing Region       \_SB_.PCI0.PB5_.XPEX
[   15.165400] Initializing Region       \_SB_.PCI0.PB5_.PCFG
[   15.165547] Initializing Region       \_SB_.PCI0.PB5_.XPCB
[   15.165696] Initializing Region       \_SB_.PCI0.PB5_.XPRI
[   15.165848] Initializing Region       \_SB_.PCI0.PB5_.XPDV.PCFG
[   15.166000] Initializing Region       \_SB_.PCI0.PB6_.XPEX
[   15.166137] Initializing Region       \_SB_.PCI0.PB6_.PCFG
[   15.166274] Initializing Region       \_SB_.PCI0.PB6_.XPCB
[   15.166420] Initializing Region       \_SB_.PCI0.PB6_.XPRI
[   15.166572] Initializing Region       \_SB_.PCI0.PB6_.XPDV.PCFG
[   15.166755] Initializing Region       \_SB_.PCI0.PB7_.XPEX
[   15.166902] Initializing Region       \_SB_.PCI0.PB7_.PCFG
[   15.167043] Initializing Region       \_SB_.PCI0.PB7_.XPCB
[   15.167180] Initializing Region       \_SB_.PCI0.PB7_.XPRI
[   15.167318] Initializing Region       \_SB_.PCI0.PB7_.XPDV.PCFG
[   15.167731] Initializing Region       \_SB_.PCI0.SATC
[   15.167924] Initializing Region       \_SB_.PCI0.RMEM
[   15.168101] Initializing Region       \_SB_.PCI0.SATA.SATX
[   15.168245] Initializing Region       \_SB_.PCI0.SATA.BAR5
[   15.180250] Initializing Region       \_SB_.PCI0.SMB_.SBRV
[   15.180445] Initializing Region       \_SB_.PCI0.SMB_.PMIO
[   15.180583] Initializing Region       \_SB_.PCI0.SMB_.ERMM
[   15.180805] Initializing Region       \_SB_.PCI0.SMB_.P1E0
[   15.180998] Initializing Region       \_SB_.PCI0.SMB_.ABIO
[   15.181136] Initializing Region       \_SB_.PCI0.SMB_.SMB0
[   15.181274] Initializing Region       \_SB_.PCI0.LPC0.PIRQ
[   15.181445] Initializing Region       \_SB_.PCI0.LPC0.LPCR
[   15.181678] Initializing Region       \_SB_.PCI0.LPC0.LPCS
[   15.181868] Initializing Region       \_SB_.PCI0.LPC0.SMI0
[   15.182004] Initializing Region       \_SB_.PCI0.LPC0.SMI1
[   15.182144] Initializing Region       \_SB_.PCI0.LPC0.EC0_.ECO1
[   15.182280] Initializing Region       \_SB_.PCI0.LPC0.EC0_.ECO2
[   15.182418] Initializing Region       \_SB_.PCI0.LPC0.EC0_.ECMB
[   15.182554] Initializing Region       \_SB_.PCI0.LPC0.EC0_.RAM_
[   15.182760] Initializing Region       \_SB_.PCI0.LPC0.EC0_.CMOS
[   15.182920] Initializing Region       \_SB_.PCI0.LPC0.EC0_.VPC0.ERAM
[   15.183380] Initializing Region       \_SB_.PCI0.SPB0.PCFG
[   15.183537] Initializing Region       \_SB_.PCI0.SPB0.XPCB
[   15.183675] Initializing Region       \_SB_.PCI0.SPB0.XPDV.PCFG
[   15.183821] Initializing Region       \_SB_.PCI0.SPB1.PCFG
[   15.183958] Initializing Region       \_SB_.PCI0.SPB1.XPCB
[   15.184097] Initializing Region       \_SB_.PCI0.SPB1.XPDV.PCFG
[   15.184241] Initializing Region       \_SB_.PCI0.SPB2.PCFG
[   15.184378] Initializing Region       \_SB_.PCI0.SPB2.XPCB
[   15.184518] Initializing Region       \_SB_.PCI0.SPB2.XPDV.PCFG
[   15.184663] Initializing Region       \_SB_.PCI0.SPB3.PCFG
[   15.184799] Initializing Region       \_SB_.PCI0.SPB3.XPCB
[   15.184938] Initializing Region       \_SB_.PCI0.SPB3.XPDV.PCFG
[   15.185180] Initializing Region       \_SB_.PCI0.VGA_.REVD
[   15.185510] Initializing BufferField  \_SB_.AMW0.WLID
[   15.186008] Initializing Region       \DEB2
[   15.186195] Initializing Region       \PMIO
[   15.186338] Initializing Region       \P01_
[   15.186511] Initializing Region       \CNVS
[   15.186699] Initializing Region       \SPRT
[   15.186845] Initializing Region       \CMIO
[   15.187078] Executing  Method       \_SB_._STA
[   15.187288] Executing  Method       \_SB_._INI
[   15.187454] Executing  Method       \_SB_.PCI0._STA
[   15.187623] Executing  Method       \_SB_.PCI0._INI
[   15.187956] [Firmware Bug]: ACPI: BIOS _OSI(Linux) query ignored
[   15.188480] Executing  Method       \_SB_.PCI0.SATA._STA
[   15.188696] Executing  Method       \_SB_.PCI0.SATA._INI
[   15.189671] Executing  Method       \_SB_.PCI0.LPC0.EC0_._REG
[   15.216820] ACPI: Interpreter enabled
[   15.216870] ACPI: (supports S0 S5)
[   15.216933] ACPI: Using IOAPIC for interrupt routing
[   15.217199] PCI: MMCONFIG for domain 0000 [bus 00-3f] at [mem 0xf8000000-0xfbffffff] (base 0xf8000000)
[   15.218088] PCI: MMCONFIG at [mem 0xf8000000-0xfbffffff] reserved in ACPI motherboard resources
[   15.218384] bus: 'acpi': registered
[   15.220039] PCI: Using host bridge windows from ACPI; if necessary, use "pci=nocrs" and report a bug
[   15.220039]      scan-1141 get_device_data       : No context for object [ffffffffffffffff]
[   15.220039]     utils-0051 util_eval_error       : Evaluate [\._STA]: AE_NOT_FOUND
[   15.220039] device: 'LNXSYSTM:00': device_add
[   15.220039] bus: 'acpi': add device LNXSYSTM:00
[   15.220039]     utils-0051 util_eval_error       : Evaluate [\._SUN]: AE_NOT_FOUND
[   15.220069]      scan-1933 add_single_object     : Added LNXSYSTM:00 [\] parent (null)
[   15.220069]      scan-1141 get_device_data       : No context for object [ffff88040d81d000]
[   15.220069]      scan-1141 get_device_data       : No context for object [ffff88040d8377d0]
[   15.220069]      scan-1141 get_device_data       : No context for object [ffff88040d8377f8]
[   15.220214]      scan-1141 get_device_data       : No context for object [ffff88040d837820]
[   15.220418]      scan-1141 get_device_data       : No context for object [ffff88040d837848]
[   15.220626]      scan-1141 get_device_data       : No context for object [ffff88040d837870]
[   15.220835]      scan-1141 get_device_data       : No context for object [ffff88040d837898]
[   15.220998]      scan-1141 get_device_data       : No context for object [ffff88040d8378c0]
[   15.221183]      scan-1141 get_device_data       : No context for object [ffff88040d8378e8]
[   15.221382]      scan-1141 get_device_data       : No context for object [ffff88040d839398]
[   15.222590]      scan-1141 get_device_data       : No context for object [ffff88040d81d028]
[   15.222788]      scan-1141 get_device_data       : No context for object [ffff88040d81d168]
[   15.222967]     utils-0051 util_eval_error       : Evaluate [\_PR_.C000._STA]: AE_NOT_FOUND
[   15.223165]      scan-1141 get_device_data       : No context for object [ffff88040d81d028]
[   15.223341] device: 'LNXCPU:00': device_add
[   15.223400] bus: 'acpi': add device LNXCPU:00
[   15.223470]     utils-0051 util_eval_error       : Evaluate [\_PR_.C000._SUN]: AE_NOT_FOUND
[   15.223678]      scan-1933 add_single_object     : Added LNXCPU:00 [\_PR_.C000] parent LNXSYSTM:00
[   15.223880]      scan-1141 get_device_data       : No context for object [ffff88040d83c398]
[   15.224061]      scan-1141 get_device_data       : No context for object [ffff88040d83c3c0]
[   15.224254]      scan-1141 get_device_data       : No context for object [ffff88040d83c3e8]
[   15.224446]      scan-1141 get_device_data       : No context for object [ffff88040d83c410]
[   15.224643]      scan-1141 get_device_data       : No context for object [ffff88040d83c438]
[   15.224841]      scan-1141 get_device_data       : No context for object [ffff88040d83c460]
[   15.224992]      scan-1141 get_device_data       : No context for object [ffff88040d81d190]
[   15.225171]     utils-0051 util_eval_error       : Evaluate [\_PR_.C001._STA]: AE_NOT_FOUND
[   15.225363]      scan-1141 get_device_data       : No context for object [ffff88040d81d028]
[   15.225565] device: 'LNXCPU:01': device_add
[   15.225628] bus: 'acpi': add device LNXCPU:01
[   15.225703]     utils-0051 util_eval_error       : Evaluate [\_PR_.C001._SUN]: AE_NOT_FOUND
[   15.226721]      scan-1933 add_single_object     : Added LNXCPU:01 [\_PR_.C001] parent LNXSYSTM:00
[   15.226721]      scan-1141 get_device_data       : No context for object [ffff88040d83c488]
[   15.226721]      scan-1141 get_device_data       : No context for object [ffff88040d83c4b0]
[   15.226721]      scan-1141 get_device_data       : No context for object [ffff88040d83c4d8]
[   15.226721]      scan-1141 get_device_data       : No context for object [ffff88040d83c500]
[   15.226867]      scan-1141 get_device_data       : No context for object [ffff88040d83c528]
[   15.227065]      scan-1141 get_device_data       : No context for object [ffff88040d83c550]
[   15.227259]      scan-1141 get_device_data       : No context for object [ffff88040d81d1b8]
[   15.227453]     utils-0051 util_eval_error       : Evaluate [\_PR_.C002._STA]: AE_NOT_FOUND
[   15.227647]      scan-1141 get_device_data       : No context for object [ffff88040d81d028]
[   15.227853] device: 'LNXCPU:02': device_add
[   15.227916] bus: 'acpi': add device LNXCPU:02
[   15.227991]     utils-0051 util_eval_error       : Evaluate [\_PR_.C002._SUN]: AE_NOT_FOUND
[   15.228174]      scan-1933 add_single_object     : Added LNXCPU:02 [\_PR_.C002] parent LNXSYSTM:00
[   15.228368]      scan-1141 get_device_data       : No context for object [ffff88040d83c578]
[   15.228561]      scan-1141 get_device_data       : No context for object [ffff88040d83c5a0]
[   15.228760]      scan-1141 get_device_data       : No context for object [ffff88040d83c5c8]
[   15.228937]      scan-1141 get_device_data       : No context for object [ffff88040d83c5f0]
[   15.229135]      scan-1141 get_device_data       : No context for object [ffff88040d83c618]
[   15.229329]      scan-1141 get_device_data       : No context for object [ffff88040d83c640]
[   15.229522]      scan-1141 get_device_data       : No context for object [ffff88040d81d1e0]
[   15.229719]     utils-0051 util_eval_error       : Evaluate [\_PR_.C003._STA]: AE_NOT_FOUND
[   15.230003]      scan-1141 get_device_data       : No context for object [ffff88040d81d028]
[   15.230209] device: 'LNXCPU:03': device_add
[   15.230272] bus: 'acpi': add device LNXCPU:03
[   15.230342]     utils-0051 util_eval_error       : Evaluate [\_PR_.C003._SUN]: AE_NOT_FOUND
[   15.230541]      scan-1933 add_single_object     : Added LNXCPU:03 [\_PR_.C003] parent LNXSYSTM:00
[   15.230736]      scan-1141 get_device_data       : No context for object [ffff88040d83c668]
[   15.230932]      scan-1141 get_device_data       : No context for object [ffff88040d83c690]
[   15.231083]      scan-1141 get_device_data       : No context for object [ffff88040d83c6b8]
[   15.231259]      scan-1141 get_device_data       : No context for object [ffff88040d83c6e0]
[   15.231450]      scan-1141 get_device_data       : No context for object [ffff88040d83c708]
[   15.231640]      scan-1141 get_device_data       : No context for object [ffff88040d83c730]
[   15.231833]      scan-1141 get_device_data       : No context for object [ffff88040d81d050]
[   15.232012]     utils-0051 util_eval_error       : Evaluate [\_SB_._STA]: AE_NOT_FOUND
[   15.232259] device: 'LNXSYBUS:00': device_add
[   15.232364] bus: 'acpi': add device LNXSYBUS:00
[   15.232430]     utils-0051 util_eval_error       : Evaluate [\_SB_._SUN]: AE_NOT_FOUND
[   15.233370]      scan-1933 add_single_object     : Added LNXSYBUS:00 [\_SB_] parent LNXSYSTM:00
[   15.233370]      scan-1141 get_device_data       : No context for object [ffff88040d81d3c0]
[   15.233370]      scan-1141 get_device_data       : No context for object [ffff88040d81d3e8]
[   15.233370]      scan-1141 get_device_data       : No context for object [ffff88040d81d410]
[   15.233370]      scan-1141 get_device_data       : No context for object [ffff88040d81d438]
[   15.233524]      scan-1141 get_device_data       : No context for object [ffff88040d81d460]
[   15.233715]      scan-1141 get_device_data       : No context for object [ffff88040d81d488]
[   15.233911]      scan-1141 get_device_data       : No context for object [ffff88040d81d4b0]
[   15.234105]      scan-1141 get_device_data       : No context for object [ffff88040d81d5a0]
[   15.234302]     utils-0051 util_eval_error       : Evaluate [\_SB_.PWRB._STA]: AE_NOT_FOUND
[   15.234513] device: 'PNP0C0C:00': device_add
[   15.234570] bus: 'acpi': add device PNP0C0C:00
[   15.234639]     utils-0051 util_eval_error       : Evaluate [\_SB_.PWRB._SUN]: AE_NOT_FOUND
[   15.234843]      scan-1933 add_single_object     : Added PNP0C0C:00 [\_SB_.PWRB] parent LNXSYBUS:00
[   15.235004]      scan-1141 get_device_data       : No context for object [ffff88040d81d5c8]
[   15.235182]      scan-1141 get_device_data       : No context for object [ffff88040d81d5f0]
[   15.235380]     utils-0051 util_eval_error       : Evaluate [\_SB_.PCI0._STA]: AE_NOT_FOUND
[   15.235606] device: 'PNP0A08:00': device_add
[   15.235671] bus: 'acpi': add device PNP0A08:00
[   15.235749]     utils-0051 util_eval_error       : Evaluate [\_SB_.PCI0._SUN]: AE_NOT_FOUND
[   15.236709]      scan-1933 add_single_object     : Added PNP0A08:00 [\_SB_.PCI0] parent LNXSYBUS:00
[   15.236709]      scan-1141 get_device_data       : No context for object [ffff88040d81d618]
[   15.236709]      scan-1141 get_device_data       : No context for object [ffff88040d81d640]
[   15.236709]      scan-1141 get_device_data       : No context for object [ffff88040d81d668]
[   15.236796]      scan-1141 get_device_data       : No context for object [ffff88040d81d690]
[   15.236992]      scan-1141 get_device_data       : No context for object [ffff88040d81d6b8]
[   15.237190]      scan-1141 get_device_data       : No context for object [ffff88040d81d6e0]
[   15.237387]      scan-1141 get_device_data       : No context for object [ffff88040d81d708]
[   15.237579]      scan-1141 get_device_data       : No context for object [ffff88040d81d730]
[   15.237772]      scan-1141 get_device_data       : No context for object [ffff88040d81d758]
[   15.237970]      scan-1141 get_device_data       : No context for object [ffff88040d81d780]
[   15.238168]      scan-1141 get_device_data       : No context for object [ffff88040d81d7a8]
[   15.238366]      scan-1141 get_device_data       : No context for object [ffff88040d81d7d0]
[   15.238557]      scan-1141 get_device_data       : No context for object [ffff88040d81d7f8]
[   15.238749]      scan-1141 get_device_data       : No context for object [ffff88040d81d820]
[   15.238949]      scan-1141 get_device_data       : No context for object [ffff88040d81d848]
[   15.239126]      scan-1141 get_device_data       : No context for object [ffff88040d81d870]
[   15.239323]      scan-1141 get_device_data       : No context for object [ffff88040d81d898]
[   15.239517]      scan-1141 get_device_data       : No context for object [ffff88040d81d8c0]
[   15.243335]      scan-1141 get_device_data       : No context for object [ffff88040d81d8e8]
[   15.243532]      scan-1141 get_device_data       : No context for object [ffff88040d81d910]
[   15.243683]      scan-1141 get_device_data       : No context for object [ffff88040d81d938]
[   15.243860]      scan-1141 get_device_data       : No context for object [ffff88040d81d960]
[   15.244057]      scan-1141 get_device_data       : No context for object [ffff88040d81d988]
[   15.244249]      scan-1141 get_device_data       : No context for object [ffff88040d81d9b0]
[   15.244442]      scan-1141 get_device_data       : No context for object [ffff88040d81d9d8]
[   15.244619]      scan-1141 get_device_data       : No context for object [ffff88040d81da00]
[   15.244817]      scan-1141 get_device_data       : No context for object [ffff88040d81da28]
[   15.245014]      scan-1141 get_device_data       : No context for object [ffff88040d81da50]
[   15.245206]      scan-1141 get_device_data       : No context for object [ffff88040d81da78]
[   15.245398]      scan-1141 get_device_data       : No context for object [ffff88040d81daa0]
[   15.245596]      scan-1141 get_device_data       : No context for object [ffff88040d81dac8]
[   15.245793]      scan-1141 get_device_data       : No context for object [ffff88040d81daf0]
[   15.245793]      scan-1141 get_device_data       : No context for object [ffff88040d81db18]
[   15.245793]      scan-1141 get_device_data       : No context for object [ffff88040d81db40]
[   15.245793]      scan-1141 get_device_data       : No context for object [ffff88040d81db68]
[   15.245793]      scan-1141 get_device_data       : No context for object [ffff88040d81db90]
[   15.245793]      scan-1141 get_device_data       : No context for object [ffff88040d81dbb8]
[   15.245793]      scan-1141 get_device_data       : No context for object [ffff88040d81dbe0]
[   15.245793]      scan-1141 get_device_data       : No context for object [ffff88040d81dc08]
[   15.245793]      scan-1141 get_device_data       : No context for object [ffff88040d81dc30]
[   15.245793]      scan-1141 get_device_data       : No context for object [ffff88040d81dc58]
[   15.245793]      scan-1141 get_device_data       : No context for object [ffff88040d81dc80]
[   15.245793]      scan-1141 get_device_data       : No context for object [ffff88040d81dca8]
[   15.245793]      scan-1141 get_device_data       : No context for object [ffff88040d81dcd0]
[   15.245793]      scan-1141 get_device_data       : No context for object [ffff88040d81dcf8]
[   15.245860]      scan-1141 get_device_data       : No context for object [ffff88040d81dd20]
[   15.246011]      scan-1141 get_device_data       : No context for object [ffff88040d81dd48]
[   15.246188]      scan-1141 get_device_data       : No context for object [ffff88040d81dd70]
[   15.246387]      scan-1141 get_device_data       : No context for object [ffff88040d81dd98]
[   15.246580]      scan-1141 get_device_data       : No context for object [ffff88040d81ddc0]
[   15.246827]      scan-1141 get_device_data       : No context for object [ffff88040d81dde8]
[   15.247004]      scan-1141 get_device_data       : No context for object [ffff88040d81de10]
[   15.247201]      scan-1141 get_device_data       : No context for object [ffff88040d81de38]
[   15.247397]      scan-1141 get_device_data       : No context for object [ffff88040d81de60]
[   15.247590]      scan-1141 get_device_data       : No context for object [ffff88040d81de88]
[   15.247778]      scan-1141 get_device_data       : No context for object [ffff88040d81deb0]
[   15.247968]      scan-1141 get_device_data       : No context for object [ffff88040d81ded8]
[   15.248146]      scan-1141 get_device_data       : No context for object [ffff88040d81df00]
[   15.248340]      scan-1141 get_device_data       : No context for object [ffff88040d81df28]
[   15.248534]      scan-1141 get_device_data       : No context for object [ffff88040d81df50]
[   15.248723]      scan-1141 get_device_data       : No context for object [ffff88040d81df78]
[   15.248913]      scan-1141 get_device_data       : No context for object [ffff88040d81dfa0]
[   15.249061]      scan-1141 get_device_data       : No context for object [ffff88040d81dfc8]
[   15.249238]      scan-1141 get_device_data       : No context for object [ffff88040d822000]
[   15.249433]      scan-1141 get_device_data       : No context for object [ffff88040d822028]
[   15.249628]     utils-0051 util_eval_error       : Evaluate [\_SB_.PCI0.MEMR._STA]: AE_NOT_FOUND
[   15.249839] device: 'PNP0C02:00': device_add
[   15.249898] bus: 'acpi': add device PNP0C02:00
[   15.249972]     utils-0051 util_eval_error       : Evaluate [\_SB_.PCI0.MEMR._SUN]: AE_NOT_FOUND
[   15.250154]      scan-1933 add_single_object     : Added PNP0C02:00 [\_SB_.PCI0.MEMR] parent PNP0A08:00
[   15.250356]      scan-1141 get_device_data       : No context for object [ffff88040d822050]
[   15.250550]      scan-1141 get_device_data       : No context for object [ffff88040d822078]
[   15.250741]      scan-1141 get_device_data       : No context for object [ffff88040d8220a0]
[   15.250931]      scan-1141 get_device_data       : No context for object [ffff88040d8220c8]
[   15.251080]      scan-1141 get_device_data       : No context for object [ffff88040d8220f0]
[   15.251257]      scan-1141 get_device_data       : No context for object [ffff88040d822118]
[   15.251454]      scan-1141 get_device_data       : No context for object [ffff88040d822140]
[   15.251651]      scan-1141 get_device_data       : No context for object [ffff88040d822168]
[   15.251843]      scan-1141 get_device_data       : No context for object [ffff88040d822190]
[   15.252017]      scan-1141 get_device_data       : No context for object [ffff88040d8221b8]
[   15.252215]      scan-1141 get_device_data       : No context for object [ffff88040d8221e0]
[   15.252413]      scan-1141 get_device_data       : No context for object [ffff88040d822208]
[   15.252610]      scan-1141 get_device_data       : No context for object [ffff88040d822230]
[   15.252802]      scan-1141 get_device_data       : No context for object [ffff88040d822258]
[   15.252994]      scan-1141 get_device_data       : No context for object [ffff88040d822280]
[   15.253192]      scan-1141 get_device_data       : No context for object [ffff88040d8222a8]
[   15.253337]     utils-0051 util_eval_error       : Evaluate [\_SB_.PCI0.PB2_._STA]: AE_NOT_FOUND
[   15.253571] device: 'device:00': device_add
[   15.253630] bus: 'acpi': add device device:00
[   15.253698]     utils-0051 util_eval_error       : Evaluate [\_SB_.PCI0.PB2_._SUN]: AE_NOT_FOUND
[   15.253901]      scan-1933 add_single_object     : Added device:00 [\_SB_.PCI0.PB2_] parent PNP0A08:00
[   15.254085]      scan-1141 get_device_data       : No context for object [ffff88040d8222d0]
[   15.254283]      scan-1141 get_device_data       : No context for object [ffff88040d8222f8]
[   15.254479]      scan-1141 get_device_data       : No context for object [ffff88040d822320]
[   15.254671]      scan-1141 get_device_data       : No context for object [ffff88040d822348]
[   15.254863]      scan-1141 get_device_data       : No context for object [ffff88040d822370]
[   15.255014]      scan-1141 get_device_data       : No context for object [ffff88040d822398]
[   15.255191]      scan-1141 get_device_data       : No context for object [ffff88040d8223c0]
[   15.255388]      scan-1141 get_device_data       : No context for object [ffff88040d8223e8]
[   15.255584]      scan-1141 get_device_data       : No context for object [ffff88040d822410]
[   15.255777]      scan-1141 get_device_data       : No context for object [ffff88040d822438]
[   15.255950]      scan-1141 get_device_data       : No context for object [ffff88040d822460]
[   15.256148]      scan-1141 get_device_data       : No context for object [ffff88040d822488]
[   15.256345]      scan-1141 get_device_data       : No context for object [ffff88040d8224b0]
[   15.256542]      scan-1141 get_device_data       : No context for object [ffff88040d8224d8]
[   15.256795]      scan-1141 get_device_data       : No context for object [ffff88040d822500]
[   15.256988]      scan-1141 get_device_data       : No context for object [ffff88040d822528]
[   15.257186]      scan-1141 get_device_data       : No context for object [ffff88040d822550]
[   15.257384]      scan-1141 get_device_data       : No context for object [ffff88040d822578]
[   15.257580]      scan-1141 get_device_data       : No context for object [ffff88040d8225a0]
[   15.258784]      scan-1141 get_device_data       : No context for object [ffff88040d8225c8]
[   15.258977]      scan-1141 get_device_data       : No context for object [ffff88040d8225f0]
[   15.259168]      scan-1141 get_device_data       : No context for object [ffff88040d822618]
[   15.259361]      scan-1141 get_device_data       : No context for object [ffff88040d822640]
[   15.259554]      scan-1141 get_device_data       : No context for object [ffff88040d822668]
[   15.259748]      scan-1141 get_device_data       : No context for object [ffff88040d822690]
[   15.259946]      scan-1141 get_device_data       : No context for object [ffff88040d8226b8]
[   15.260118]      scan-1141 get_device_data       : No context for object [ffff88040d8226e0]
[   15.260295]      scan-1141 get_device_data       : No context for object [ffff88040d822708]
[   15.260488]      scan-1141 get_device_data       : No context for object [ffff88040d822730]
[   15.260680]      scan-1141 get_device_data       : No context for object [ffff88040d822758]
[   15.260872]      scan-1141 get_device_data       : No context for object [ffff88040d822780]
[   15.261046]     utils-0051 util_eval_error       : Evaluate [\_SB_.PCI0.PB2_.VGA_._STA]: AE_NOT_FOUND
[   15.261276] device: 'device:01': device_add
[   15.261387] bus: 'acpi': add device device:01
[   15.261462]     utils-0051 util_eval_error       : Evaluate [\_SB_.PCI0.PB2_.VGA_._SUN]: AE_NOT_FOUND
[   15.261665]      scan-1933 add_single_object     : Added device:01 [\_SB_.PCI0.PB2_.VGA_] parent device:00
[   15.261860]      scan-1141 get_device_data       : No context for object [ffff88040d8227a8]
[   15.262033]      scan-1141 get_device_data       : No context for object [ffff88040d8227d0]
[   15.262226]      scan-1141 get_device_data       : No context for object [ffff88040d8227f8]
[   15.262418]      scan-1141 get_device_data       : No context for object [ffff88040d822820]
[   15.262610]      scan-1141 get_device_data       : No context for object [ffff88040d822848]
[   15.262804]      scan-1141 get_device_data       : No context for object [ffff88040d822870]
[   15.263002]      scan-1141 get_device_data       : No context for object [ffff88040d822898]
[   15.263198]      scan-1141 get_device_data       : No context for object [ffff88040d8228c0]
[   15.263335]      scan-1141 get_device_data       : No context for object [ffff88040d8228e8]
[   15.263528]      scan-1141 get_device_data       : No context for object [ffff88040d822910]
[   15.263720]      scan-1141 get_device_data       : No context for object [ffff88040d822938]
[   15.263913]      scan-1141 get_device_data       : No context for object [ffff88040d822960]
[   15.264056]      scan-1141 get_device_data       : No context for object [ffff88040d822988]
[   15.264234]      scan-1141 get_device_data       : No context for object [ffff88040d8229b0]
[   15.264425]      scan-1141 get_device_data       : No context for object [ffff88040d8229d8]
[   15.264615]      scan-1141 get_device_data       : No context for object [ffff88040d822a00]
[   15.264809]      scan-1141 get_device_data       : No context for object [ffff88040d822a28]
[   15.264986]      scan-1141 get_device_data       : No context for object [ffff88040d822a50]
[   15.265177]      scan-1141 get_device_data       : No context for object [ffff88040d822a78]
[   15.265368]      scan-1141 get_device_data       : No context for object [ffff88040d822aa0]
[   15.265557]      scan-1141 get_device_data       : No context for object [ffff88040d822ac8]
[   15.265746]      scan-1141 get_device_data       : No context for object [ffff88040d822af0]
[   15.265935]      scan-1141 get_device_data       : No context for object [ffff88040d822b18]
[   15.266124]      scan-1141 get_device_data       : No context for object [ffff88040d822b40]
[   15.266320]      scan-1141 get_device_data       : No context for object [ffff88040d822b68]
[   15.266510]      scan-1141 get_device_data       : No context for object [ffff88040d822b90]
[   15.266669]      scan-1141 get_device_data       : No context for object [ffff88040d822bb8]
[   15.266864]      scan-1141 get_device_data       : No context for object [ffff88040d822be0]
[   15.267013]      scan-1141 get_device_data       : No context for object [ffff88040d822c08]
[   15.267187]      scan-1141 get_device_data       : No context for object [ffff88040d822c30]
[   15.267377]      scan-1141 get_device_data       : No context for object [ffff88040d822c58]
[   15.267566]      scan-1141 get_device_data       : No context for object [ffff88040d822c80]
[   15.267754]      scan-1141 get_device_data       : No context for object [ffff88040d822ca8]
[   15.267927]      scan-1141 get_device_data       : No context for object [ffff88040d822cd0]
[   15.268115]      scan-1141 get_device_data       : No context for object [ffff88040d822cf8]
[   15.268314]      scan-1141 get_device_data       : No context for object [ffff88040d822d20]
[   15.268508]      scan-1141 get_device_data       : No context for object [ffff88040d822d48]
[   15.268701]      scan-1141 get_device_data       : No context for object [ffff88040d822d70]
[   15.268897]      scan-1141 get_device_data       : No context for object [ffff88040d822d98]
[   15.269094]      scan-1141 get_device_data       : No context for object [ffff88040d837438]
[   15.269291]      scan-1141 get_device_data       : No context for object [ffff88040d822dc0]
[   15.269487]     utils-0051 util_eval_error       : Evaluate [\_SB_.PCI0.PB2_.HDAU._STA]: AE_NOT_FOUND
[   15.269701] device: 'device:02': device_add
[   15.269760] bus: 'acpi': add device device:02
[   15.269826]     utils-0051 util_eval_error       : Evaluate [\_SB_.PCI0.PB2_.HDAU._SUN]: AE_NOT_FOUND
[   15.270008]      scan-1933 add_single_object     : Added device:02 [\_SB_.PCI0.PB2_.HDAU] parent device:00
[   15.270202]      scan-1141 get_device_data       : No context for object [ffff88040d822de8]
[   15.270399]      scan-1141 get_device_data       : No context for object [ffff88040d822e10]
[   15.270597]      scan-1141 get_device_data       : No context for object [ffff88040d822e38]
[   15.270792]      scan-1141 get_device_data       : No context for object [ffff88040d822e60]
[   15.270965]      scan-1141 get_device_data       : No context for object [ffff88040d822e88]
[   15.271156]      scan-1141 get_device_data       : No context for object [ffff88040d822eb0]
[   15.271349]      scan-1141 get_device_data       : No context for object [ffff88040d822ed8]
[   15.271542]     utils-0051 util_eval_error       : Evaluate [\_SB_.PCI0.PB3_._STA]: AE_NOT_FOUND
[   15.271831] device: 'device:03': device_add
[   15.271894] bus: 'acpi': add device device:03
[   15.271972]     utils-0051 util_eval_error       : Evaluate [\_SB_.PCI0.PB3_._SUN]: AE_NOT_FOUND
[   15.272155]      scan-1933 add_single_object     : Added device:03 [\_SB_.PCI0.PB3_] parent PNP0A08:00
[   15.272350]      scan-1141 get_device_data       : No context for object [ffff88040d822f00]
[   15.272542]      scan-1141 get_device_data       : No context for object [ffff88040d822f28]
[   15.272735]      scan-1141 get_device_data       : No context for object [ffff88040d822f50]
[   15.272927]      scan-1141 get_device_data       : No context for object [ffff88040d822f78]
[   15.273119]      scan-1141 get_device_data       : No context for object [ffff88040d822fa0]
[   15.273336]      scan-1141 get_device_data       : No context for object [ffff88040d822fc8]
[   15.273534]      scan-1141 get_device_data       : No context for object [ffff88040d823000]
[   15.273730]      scan-1141 get_device_data       : No context for object [ffff88040d823028]
[   15.273922]      scan-1141 get_device_data       : No context for object [ffff88040d823050]
[   15.274115]      scan-1141 get_device_data       : No context for object [ffff88040d823078]
[   15.274307]      scan-1141 get_device_data       : No context for object [ffff88040d8230a0]
[   15.274499]      scan-1141 get_device_data       : No context for object [ffff88040d8230c8]
[   15.274691]      scan-1141 get_device_data       : No context for object [ffff88040d8230f0]
[   15.274892]      scan-1141 get_device_data       : No context for object [ffff88040d823118]
[   15.275038]      scan-1141 get_device_data       : No context for object [ffff88040d823140]
[   15.275211]      scan-1141 get_device_data       : No context for object [ffff88040d823168]
[   15.275408]      scan-1141 get_device_data       : No context for object [ffff88040d823190]
[   15.275606]      scan-1141 get_device_data       : No context for object [ffff88040d8231b8]
[   15.276669]      scan-1141 get_device_data       : No context for object [ffff88040d8231e0]
[   15.276846]      scan-1141 get_device_data       : No context for object [ffff88040d823208]
[   15.277044]      scan-1141 get_device_data       : No context for object [ffff88040d823230]
[   15.277236]      scan-1141 get_device_data       : No context for object [ffff88040d823258]
[   15.277429]      scan-1141 get_device_data       : No context for object [ffff88040d823280]
[   15.277620]      scan-1141 get_device_data       : No context for object [ffff88040d8232a8]
[   15.277812]      scan-1141 get_device_data       : No context for object [ffff88040d8232d0]
[   15.278004]      scan-1141 get_device_data       : No context for object [ffff88040d8232f8]
[   15.278201]      scan-1141 get_device_data       : No context for object [ffff88040d823320]
[   15.278398]      scan-1141 get_device_data       : No context for object [ffff88040d823348]
[   15.278589]      scan-1141 get_device_data       : No context for object [ffff88040d823370]
[   15.278781]      scan-1141 get_device_data       : No context for object [ffff88040d823398]
[   15.278973]      scan-1141 get_device_data       : No context for object [ffff88040d8233c0]
[   15.279166]     utils-0051 util_eval_error       : Evaluate [\_SB_.PCI0.PB3_.VGA_._STA]: AE_NOT_FOUND
[   15.279377]     video-0058 backlight_cap_match   : Found generic backlight support
[   15.279585] device: 'LNXVIDEO:00': device_add
[   15.279649] bus: 'acpi': add device LNXVIDEO:00
[   15.279725]     utils-0051 util_eval_error       : Evaluate [\_SB_.PCI0.PB3_.VGA_._SUN]: AE_NOT_FOUND
[   15.280091]      scan-1933 add_single_object     : Added LNXVIDEO:00 [\_SB_.PCI0.PB3_.VGA_] parent device:03
[   15.280268]      scan-1141 get_device_data       : No context for object [ffff88040d8233e8]
[   15.280461]      scan-1141 get_device_data       : No context for object [ffff88040d823410]
[   15.280653]      scan-1141 get_device_data       : No context for object [ffff88040d823438]
[   15.280843]      scan-1141 get_device_data       : No context for object [ffff88040d823460]
[   15.281016]      scan-1141 get_device_data       : No context for object [ffff88040d823488]
[   15.281209]      scan-1141 get_device_data       : No context for object [ffff88040d8234b0]
[   15.281400]      scan-1141 get_device_data       : No context for object [ffff88040d8234d8]
[   15.281592]      scan-1141 get_device_data       : No context for object [ffff88040d823500]
[   15.281787]      scan-1141 get_device_data       : No context for object [ffff88040d823528]
[   15.281981]      scan-1141 get_device_data       : No context for object [ffff88040d823550]
[   15.282160]      scan-1141 get_device_data       : No context for object [ffff88040d823578]
[   15.282349]      scan-1141 get_device_data       : No context for object [ffff88040d8235a0]
[   15.282538]      scan-1141 get_device_data       : No context for object [ffff88040d8235c8]
[   15.282727]      scan-1141 get_device_data       : No context for object [ffff88040d8235f0]
[   15.282916]      scan-1141 get_device_data       : No context for object [ffff88040d823618]
[   15.283088]      scan-1141 get_device_data       : No context for object [ffff88040d823640]
[   15.283282]      scan-1141 get_device_data       : No context for object [ffff88040d823668]
[   15.283462]      scan-1141 get_device_data       : No context for object [ffff88040d823690]
[   15.283652]      scan-1141 get_device_data       : No context for object [ffff88040d8236b8]
[   15.283840]      scan-1141 get_device_data       : No context for object [ffff88040d8236e0]
[   15.284012]      scan-1141 get_device_data       : No context for object [ffff88040d823708]
[   15.284203]      scan-1141 get_device_data       : No context for object [ffff88040d823730]
[   15.284393]      scan-1141 get_device_data       : No context for object [ffff88040d823758]
[   15.284583]      scan-1141 get_device_data       : No context for object [ffff88040d823780]
[   15.284781]      scan-1141 get_device_data       : No context for object [ffff88040d8237a8]
[   15.284970]      scan-1141 get_device_data       : No context for object [ffff88040d8237d0]
[   15.285164]      scan-1141 get_device_data       : No context for object [ffff88040d8237f8]
[   15.285361]      scan-1141 get_device_data       : No context for object [ffff88040d823820]
[   15.285558]      scan-1141 get_device_data       : No context for object [ffff88040d823848]
[   15.285750]      scan-1141 get_device_data       : No context for object [ffff88040d823870]
[   15.285942]      scan-1141 get_device_data       : No context for object [ffff88040d823898]
[   15.286089]      scan-1141 get_device_data       : No context for object [ffff88040d8238c0]
[   15.286261]      scan-1141 get_device_data       : No context for object [ffff88040d8238e8]
[   15.286453]      scan-1141 get_device_data       : No context for object [ffff88040d823910]
[   15.286646]      scan-1141 get_device_data       : No context for object [ffff88040d823938]
[   15.286862]      scan-1141 get_device_data       : No context for object [ffff88040d823960]
[   15.287038]      scan-1141 get_device_data       : No context for object [ffff88040d823988]
[   15.287232]      scan-1141 get_device_data       : No context for object [ffff88040d8239b0]
[   15.287430]      scan-1141 get_device_data       : No context for object [ffff88040d8239d8]
[   15.287627]      scan-1141 get_device_data       : No context for object [ffff88040d837460]
[   15.287820]      scan-1141 get_device_data       : No context for object [ffff88040d83ac08]
[   15.288012]      scan-1141 get_device_data       : No context for object [ffff88040d83ac30]
[   15.288204]      scan-1141 get_device_data       : No context for object [ffff88040d83ac58]
[   15.288397]     utils-0051 util_eval_error       : Evaluate [\_SB_.PCI0.PB3_.VGA_.CRT_._STA]: AE_NOT_FOUND
[   15.288634] device: 'device:04': device_add
[   15.288743] bus: 'acpi': add device device:04
[   15.288818]     utils-0051 util_eval_error       : Evaluate [\_SB_.PCI0.PB3_.VGA_.CRT_._SUN]: AE_NOT_FOUND
[   15.289022]      scan-1933 add_single_object     : Added device:04 [\_SB_.PCI0.PB3_.VGA_.CRT_] parent LNXVIDEO:00
[   15.289218]      scan-1141 get_device_data       : No context for object [ffff88040d83ac80]
[   15.289410]      scan-1141 get_device_data       : No context for object [ffff88040d83aca8]
[   15.289603]      scan-1141 get_device_data       : No context for object [ffff88040d83acd0]
[   15.289795]      scan-1141 get_device_data       : No context for object [ffff88040d83acf8]
[   15.289987]      scan-1141 get_device_data       : No context for object [ffff88040d83ad20]
[   15.290145]     utils-0051 util_eval_error       : Evaluate [\_SB_.PCI0.PB3_.VGA_.LCD_._STA]: AE_NOT_FOUND
[   15.290370] device: 'device:05': device_add
[   15.290431] bus: 'acpi': add device device:05
[   15.290505]     utils-0051 util_eval_error       : Evaluate [\_SB_.PCI0.PB3_.VGA_.LCD_._SUN]: AE_NOT_FOUND
[   15.290712]      scan-1933 add_single_object     : Added device:05 [\_SB_.PCI0.PB3_.VGA_.LCD_] parent LNXVIDEO:00
[   15.290914]      scan-1141 get_device_data       : No context for object [ffff88040d83ad48]
[   15.291060]      scan-1141 get_device_data       : No context for object [ffff88040d83ad70]
[   15.291233]      scan-1141 get_device_data       : No context for object [ffff88040d83ad98]
[   15.291425]      scan-1141 get_device_data       : No context for object [ffff88040d83adc0]
[   15.291617]      scan-1141 get_device_data       : No context for object [ffff88040d83ade8]
[   15.291809]      scan-1141 get_device_data       : No context for object [ffff88040d83ae10]
[   15.292000]      scan-1141 get_device_data       : No context for object [ffff88040d83ae38]
[   15.292198]      scan-1141 get_device_data       : No context for object [ffff88040d83ae60]
[   15.292395]     utils-0051 util_eval_error       : Evaluate [\_SB_.PCI0.PB3_.VGA_.TV0_._STA]: AE_NOT_FOUND
[   15.292610] device: 'device:06': device_add
[   15.292670] bus: 'acpi': add device device:06
[   15.292736]     utils-0051 util_eval_error       : Evaluate [\_SB_.PCI0.PB3_.VGA_.TV0_._SUN]: AE_NOT_FOUND
[   15.293390]      scan-1933 add_single_object     : Added device:06 [\_SB_.PCI0.PB3_.VGA_.TV0_] parent LNXVIDEO:00
[   15.293390]      scan-1141 get_device_data       : No context for object [ffff88040d83ae88]
[   15.293390]      scan-1141 get_device_data       : No context for object [ffff88040d83aeb0]
[   15.293462]      scan-1141 get_device_data       : No context for object [ffff88040d83aed8]
[   15.293659]      scan-1141 get_device_data       : No context for object [ffff88040d83af00]
[   15.294859]      scan-1141 get_device_data       : No context for object [ffff88040d83af28]
[   15.295034]     utils-0051 util_eval_error       : Evaluate [\_SB_.PCI0.PB3_.VGA_.HDMI._STA]: AE_NOT_FOUND
[   15.295275] device: 'device:07': device_add
[   15.295383] bus: 'acpi': add device device:07
[   15.295451]     utils-0051 util_eval_error       : Evaluate [\_SB_.PCI0.PB3_.VGA_.HDMI._SUN]: AE_NOT_FOUND
[   15.295650]      scan-1933 add_single_object     : Added device:07 [\_SB_.PCI0.PB3_.VGA_.HDMI] parent LNXVIDEO:00
[   15.295845]      scan-1141 get_device_data       : No context for object [ffff88040d83af50]
[   15.296018]      scan-1141 get_device_data       : No context for object [ffff88040d83af78]
[   15.296210]      scan-1141 get_device_data       : No context for object [ffff88040d83afa0]
[   15.296403]      scan-1141 get_device_data       : No context for object [ffff88040d83afc8]
[   15.296598]      scan-1141 get_device_data       : No context for object [ffff88040d823a00]
[   15.296799]     utils-0051 util_eval_error       : Evaluate [\_SB_.PCI0.PB3_.HDAU._STA]: AE_NOT_FOUND
[   15.297018] device: 'device:08': device_add
[   15.297078] bus: 'acpi': add device device:08
[   15.297144]     utils-0051 util_eval_error       : Evaluate [\_SB_.PCI0.PB3_.HDAU._SUN]: AE_NOT_FOUND
[   15.297343]      scan-1933 add_single_object     : Added device:08 [\_SB_.PCI0.PB3_.HDAU] parent device:03
[   15.297538]      scan-1141 get_device_data       : No context for object [ffff88040d823a28]
[   15.297726]      scan-1141 get_device_data       : No context for object [ffff88040d823a50]
[   15.297914]      scan-1141 get_device_data       : No context for object [ffff88040d823a78]
[   15.298061]      scan-1141 get_device_data       : No context for object [ffff88040d823aa0]
[   15.298237]      scan-1141 get_device_data       : No context for object [ffff88040d823ac8]
[   15.298430]      scan-1141 get_device_data       : No context for object [ffff88040d823af0]
[   15.298622]      scan-1141 get_device_data       : No context for object [ffff88040d823b18]
[   15.298812]     utils-0051 util_eval_error       : Evaluate [\_SB_.PCI0.PB4_._STA]: AE_NOT_FOUND
[   15.299031] device: 'device:09': device_add
[   15.299089] bus: 'acpi': add device device:09
[   15.299153]     utils-0051 util_eval_error       : Evaluate [\_SB_.PCI0.PB4_._SUN]: AE_NOT_FOUND
[   15.300048]      scan-1933 add_single_object     : Added device:09 [\_SB_.PCI0.PB4_] parent PNP0A08:00
[   15.300048]      scan-1141 get_device_data       : No context for object [ffff88040d823b40]
[   15.300048]      scan-1141 get_device_data       : No context for object [ffff88040d823b68]
[   15.300048]      scan-1141 get_device_data       : No context for object [ffff88040d823b90]
[   15.300079]      scan-1141 get_device_data       : No context for object [ffff88040d823bb8]
[   15.300251]      scan-1141 get_device_data       : No context for object [ffff88040d823be0]
[   15.300439]      scan-1141 get_device_data       : No context for object [ffff88040d823c08]
[   15.300629]      scan-1141 get_device_data       : No context for object [ffff88040d823c30]
[   15.300819]      scan-1141 get_device_data       : No context for object [ffff88040d823c58]
[   15.301007]      scan-1141 get_device_data       : No context for object [ffff88040d823c80]
[   15.301200]      scan-1141 get_device_data       : No context for object [ffff88040d823ca8]
[   15.301390]      scan-1141 get_device_data       : No context for object [ffff88040d823cd0]
[   15.301578]      scan-1141 get_device_data       : No context for object [ffff88040d823cf8]
[   15.301770]      scan-1141 get_device_data       : No context for object [ffff88040d823d20]
[   15.301962]      scan-1141 get_device_data       : No context for object [ffff88040d823d48]
[   15.302108]      scan-1141 get_device_data       : No context for object [ffff88040d823d70]
[   15.302281]      scan-1141 get_device_data       : No context for object [ffff88040d823d98]
[   15.302479]      scan-1141 get_device_data       : No context for object [ffff88040d823dc0]
[   15.302676]      scan-1141 get_device_data       : No context for object [ffff88040d823de8]
[   15.302868]      scan-1141 get_device_data       : No context for object [ffff88040d823e10]
[   15.303041]      scan-1141 get_device_data       : No context for object [ffff88040d823e38]
[   15.303232]      scan-1141 get_device_data       : No context for object [ffff88040d823e60]
[   15.303334]      scan-1141 get_device_data       : No context for object [ffff88040d823e88]
[   15.303526]      scan-1141 get_device_data       : No context for object [ffff88040d823eb0]
[   15.303722]      scan-1141 get_device_data       : No context for object [ffff88040d823ed8]
[   15.303916]      scan-1141 get_device_data       : No context for object [ffff88040d823f00]
[   15.304110]      scan-1141 get_device_data       : No context for object [ffff88040d823f28]
[   15.304302]      scan-1141 get_device_data       : No context for object [ffff88040d823f50]
[   15.304495]      scan-1141 get_device_data       : No context for object [ffff88040d823f78]
[   15.304687]      scan-1141 get_device_data       : No context for object [ffff88040d823fa0]
[   15.304879]      scan-1141 get_device_data       : No context for object [ffff88040d823fc8]
[   15.305052]      scan-1141 get_device_data       : No context for object [ffff88040d825000]
[   15.305253]     utils-0051 util_eval_error       : Evaluate [\_SB_.PCI0.PB4_.XPDV._STA]: AE_NOT_FOUND
[   15.305473] device: 'device:0a': device_add
[   15.305532] bus: 'acpi': add device device:0a
[   15.305600]     utils-0051 util_eval_error       : Evaluate [\_SB_.PCI0.PB4_.XPDV._SUN]: AE_NOT_FOUND
[   15.305799]      scan-1933 add_single_object     : Added device:0a [\_SB_.PCI0.PB4_.XPDV] parent device:09
[   15.305974]      scan-1141 get_device_data       : No context for object [ffff88040d825028]
[   15.306166]      scan-1141 get_device_data       : No context for object [ffff88040d825050]
[   15.306359]      scan-1141 get_device_data       : No context for object [ffff88040d825078]
[   15.306556]      scan-1141 get_device_data       : No context for object [ffff88040d8250a0]
[   15.306830]      scan-1141 get_device_data       : No context for object [ffff88040d8250c8]
[   15.307007]      scan-1141 get_device_data       : No context for object [ffff88040d837500]
[   15.307204]      scan-1141 get_device_data       : No context for object [ffff88040d8250f0]
[   15.307396]      scan-1141 get_device_data       : No context for object [ffff88040d825118]
[   15.307590]     utils-0051 util_eval_error       : Evaluate [\_SB_.PCI0.PB5_._STA]: AE_NOT_FOUND
[   15.307814] device: 'device:0b': device_add
[   15.307874] bus: 'acpi': add device device:0b
[   15.307940]     utils-0051 util_eval_error       : Evaluate [\_SB_.PCI0.PB5_._SUN]: AE_NOT_FOUND
[   15.308097]      scan-1933 add_single_object     : Added device:0b [\_SB_.PCI0.PB5_] parent PNP0A08:00
[   15.308280]      scan-1141 get_device_data       : No context for object [ffff88040d825140]
[   15.308472]      scan-1141 get_device_data       : No context for object [ffff88040d825168]
[   15.308667]      scan-1141 get_device_data       : No context for object [ffff88040d825190]
[   15.308865]      scan-1141 get_device_data       : No context for object [ffff88040d8251b8]
[   15.309041]      scan-1141 get_device_data       : No context for object [ffff88040d8251e0]
[   15.309233]      scan-1141 get_device_data       : No context for object [ffff88040d825208]
[   15.309425]      scan-1141 get_device_data       : No context for object [ffff88040d825230]
[   15.309617]      scan-1141 get_device_data       : No context for object [ffff88040d825258]
[   15.309808]      scan-1141 get_device_data       : No context for object [ffff88040d825280]
[   15.310002]      scan-1141 get_device_data       : No context for object [ffff88040d8252a8]
[   15.310199]      scan-1141 get_device_data       : No context for object [ffff88040d8252d0]
[   15.310394]      scan-1141 get_device_data       : No context for object [ffff88040d8252f8]
[   15.310591]      scan-1141 get_device_data       : No context for object [ffff88040d825320]
[   15.310787]      scan-1141 get_device_data       : No context for object [ffff88040d825348]
[   15.310980]      scan-1141 get_device_data       : No context for object [ffff88040d825370]
[   15.311172]      scan-1141 get_device_data       : No context for object [ffff88040d825398]
[   15.311364]      scan-1141 get_device_data       : No context for object [ffff88040d8253c0]
[   15.311556]      scan-1141 get_device_data       : No context for object [ffff88040d8253e8]
[   15.312756]      scan-1141 get_device_data       : No context for object [ffff88040d825410]
[   15.312948]      scan-1141 get_device_data       : No context for object [ffff88040d825438]
[   15.313095]      scan-1141 get_device_data       : No context for object [ffff88040d825460]
[   15.313269]      scan-1141 get_device_data       : No context for object [ffff88040d825488]
[   15.313463]      scan-1141 get_device_data       : No context for object [ffff88040d8254b0]
[   15.313655]      scan-1141 get_device_data       : No context for object [ffff88040d8254d8]
[   15.313848]      scan-1141 get_device_data       : No context for object [ffff88040d825500]
[   15.314024]      scan-1141 get_device_data       : No context for object [ffff88040d825528]
[   15.314213]      scan-1141 get_device_data       : No context for object [ffff88040d825550]
[   15.314405]      scan-1141 get_device_data       : No context for object [ffff88040d825578]
[   15.314599]      scan-1141 get_device_data       : No context for object [ffff88040d8255a0]
[   15.314793]      scan-1141 get_device_data       : No context for object [ffff88040d8255c8]
[   15.314981]      scan-1141 get_device_data       : No context for object [ffff88040d8255f0]
[   15.315171]     utils-0051 util_eval_error       : Evaluate [\_SB_.PCI0.PB5_.XPDV._STA]: AE_NOT_FOUND
[   15.315381] device: 'device:0c': device_add
[   15.315439] bus: 'acpi': add device device:0c
[   15.315504]     utils-0051 util_eval_error       : Evaluate [\_SB_.PCI0.PB5_.XPDV._SUN]: AE_NOT_FOUND
[   15.315703]      scan-1933 add_single_object     : Added device:0c [\_SB_.PCI0.PB5_.XPDV] parent device:0b
[   15.315897]      scan-1141 get_device_data       : No context for object [ffff88040d825618]
[   15.316048]      scan-1141 get_device_data       : No context for object [ffff88040d825640]
[   15.316225]      scan-1141 get_device_data       : No context for object [ffff88040d825668]
[   15.316416]      scan-1141 get_device_data       : No context for object [ffff88040d825690]
[   15.316605]      scan-1141 get_device_data       : No context for object [ffff88040d8256b8]
[   15.316824]      scan-1141 get_device_data       : No context for object [ffff88040d837528]
[   15.317014]      scan-1141 get_device_data       : No context for object [ffff88040d8256e0]
[   15.317204]      scan-1141 get_device_data       : No context for object [ffff88040d825708]
[   15.317394]     utils-0051 util_eval_error       : Evaluate [\_SB_.PCI0.PB6_._STA]: AE_NOT_FOUND
[   15.317687] device: 'device:0d': device_add
[   15.317749] bus: 'acpi': add device device:0d
[   15.317818]     utils-0051 util_eval_error       : Evaluate [\_SB_.PCI0.PB6_._SUN]: AE_NOT_FOUND
[   15.318013]      scan-1933 add_single_object     : Added device:0d [\_SB_.PCI0.PB6_] parent PNP0A08:00
[   15.318205]      scan-1141 get_device_data       : No context for object [ffff88040d825730]
[   15.318395]      scan-1141 get_device_data       : No context for object [ffff88040d825758]
[   15.318587]      scan-1141 get_device_data       : No context for object [ffff88040d825780]
[   15.318779]      scan-1141 get_device_data       : No context for object [ffff88040d8257a8]
[   15.318977]      scan-1141 get_device_data       : No context for object [ffff88040d8257d0]
[   15.319154]      scan-1141 get_device_data       : No context for object [ffff88040d8257f8]
[   15.319352]      scan-1141 get_device_data       : No context for object [ffff88040d825820]
[   15.319550]      scan-1141 get_device_data       : No context for object [ffff88040d825848]
[   15.319742]      scan-1141 get_device_data       : No context for object [ffff88040d825870]
[   15.319934]      scan-1141 get_device_data       : No context for object [ffff88040d825898]
[   15.320081]      scan-1141 get_device_data       : No context for object [ffff88040d8258c0]
[   15.320254]      scan-1141 get_device_data       : No context for object [ffff88040d8258e8]
[   15.320446]      scan-1141 get_device_data       : No context for object [ffff88040d825910]
[   15.320641]      scan-1141 get_device_data       : No context for object [ffff88040d825938]
[   15.320839]      scan-1141 get_device_data       : No context for object [ffff88040d825960]
[   15.321021]      scan-1141 get_device_data       : No context for object [ffff88040d825988]
[   15.321214]      scan-1141 get_device_data       : No context for object [ffff88040d8259b0]
[   15.321406]      scan-1141 get_device_data       : No context for object [ffff88040d8259d8]
[   15.321598]      scan-1141 get_device_data       : No context for object [ffff88040d825a00]
[   15.321790]      scan-1141 get_device_data       : No context for object [ffff88040d825a28]
[   15.321983]      scan-1141 get_device_data       : No context for object [ffff88040d825a50]
[   15.322164]      scan-1141 get_device_data       : No context for object [ffff88040d825a78]
[   15.322362]      scan-1141 get_device_data       : No context for object [ffff88040d825aa0]
[   15.322556]      scan-1141 get_device_data       : No context for object [ffff88040d825ac8]
[   15.322748]      scan-1141 get_device_data       : No context for object [ffff88040d825af0]
[   15.322941]      scan-1141 get_device_data       : No context for object [ffff88040d825b18]
[   15.323087]      scan-1141 get_device_data       : No context for object [ffff88040d825b40]
[   15.323260]      scan-1141 get_device_data       : No context for object [ffff88040d825b68]
[   15.323334]      scan-1141 get_device_data       : No context for object [ffff88040d825b90]
[   15.323530]      scan-1141 get_device_data       : No context for object [ffff88040d825bb8]
[   15.323724]      scan-1141 get_device_data       : No context for object [ffff88040d825be0]
[   15.323904]     utils-0051 util_eval_error       : Evaluate [\_SB_.PCI0.PB6_.XPDV._STA]: AE_NOT_FOUND
[   15.324124] device: 'device:0e': device_add
[   15.324187] bus: 'acpi': add device device:0e
[   15.324262]     utils-0051 util_eval_error       : Evaluate [\_SB_.PCI0.PB6_.XPDV._SUN]: AE_NOT_FOUND
[   15.324469]      scan-1933 add_single_object     : Added device:0e [\_SB_.PCI0.PB6_.XPDV] parent device:0d
[   15.324667]      scan-1141 get_device_data       : No context for object [ffff88040d825c08]
[   15.324860]      scan-1141 get_device_data       : No context for object [ffff88040d825c30]
[   15.325035]      scan-1141 get_device_data       : No context for object [ffff88040d825c58]
[   15.325227]      scan-1141 get_device_data       : No context for object [ffff88040d825c80]
[   15.325420]      scan-1141 get_device_data       : No context for object [ffff88040d825ca8]
[   15.325614]      scan-1141 get_device_data       : No context for object [ffff88040d837550]
[   15.325810]      scan-1141 get_device_data       : No context for object [ffff88040d825cd0]
[   15.325960]      scan-1141 get_device_data       : No context for object [ffff88040d825cf8]
[   15.326139]     utils-0051 util_eval_error       : Evaluate [\_SB_.PCI0.PB7_._STA]: AE_NOT_FOUND
[   15.326367] device: 'device:0f': device_add
[   15.326426] bus: 'acpi': add device device:0f
[   15.326492]     utils-0051 util_eval_error       : Evaluate [\_SB_.PCI0.PB7_._SUN]: AE_NOT_FOUND
[   15.326800]      scan-1933 add_single_object     : Added device:0f [\_SB_.PCI0.PB7_] parent PNP0A08:00
[   15.326995]      scan-1141 get_device_data       : No context for object [ffff88040d825d20]
[   15.327187]      scan-1141 get_device_data       : No context for object [ffff88040d825d48]
[   15.327381]      scan-1141 get_device_data       : No context for object [ffff88040d825d70]
[   15.327579]      scan-1141 get_device_data       : No context for object [ffff88040d825d98]
[   15.327774]      scan-1141 get_device_data       : No context for object [ffff88040d825dc0]
[   15.327966]      scan-1141 get_device_data       : No context for object [ffff88040d825de8]
[   15.328111]      scan-1141 get_device_data       : No context for object [ffff88040d825e10]
[   15.328284]      scan-1141 get_device_data       : No context for object [ffff88040d825e38]
[   15.328476]      scan-1141 get_device_data       : No context for object [ffff88040d825e60]
[   15.328669]      scan-1141 get_device_data       : No context for object [ffff88040d825e88]
[   15.328864]      scan-1141 get_device_data       : No context for object [ffff88040d825eb0]
[   15.329041]      scan-1141 get_device_data       : No context for object [ffff88040d825ed8]
[   15.329238]      scan-1141 get_device_data       : No context for object [ffff88040d825f00]
[   15.329430]      scan-1141 get_device_data       : No context for object [ffff88040d825f28]
[   15.333335]      scan-1141 get_device_data       : No context for object [ffff88040d825f50]
[   15.333527]      scan-1141 get_device_data       : No context for object [ffff88040d825f78]
[   15.333712]      scan-1141 get_device_data       : No context for object [ffff88040d825fa0]
[   15.333902]      scan-1141 get_device_data       : No context for object [ffff88040d825fc8]
[   15.334091]      scan-1141 get_device_data       : No context for object [ffff88040d827000]
[   15.334280]      scan-1141 get_device_data       : No context for object [ffff88040d827028]
[   15.334471]      scan-1141 get_device_data       : No context for object [ffff88040d827050]
[   15.334664]      scan-1141 get_device_data       : No context for object [ffff88040d827078]
[   15.334808]      scan-1141 get_device_data       : No context for object [ffff88040d8270a0]
[   15.334982]      scan-1141 get_device_data       : No context for object [ffff88040d8270c8]
[   15.335178]      scan-1141 get_device_data       : No context for object [ffff88040d8270f0]
[   15.335372]      scan-1141 get_device_data       : No context for object [ffff88040d827118]
[   15.335561]      scan-1141 get_device_data       : No context for object [ffff88040d827140]
[   15.335734]      scan-1141 get_device_data       : No context for object [ffff88040d827168]
[   15.335923]      scan-1141 get_device_data       : No context for object [ffff88040d827190]
[   15.335923]      scan-1141 get_device_data       : No context for object [ffff88040d8271b8]
[   15.335923]      scan-1141 get_device_data       : No context for object [ffff88040d8271e0]
[   15.335923]     utils-0051 util_eval_error       : Evaluate [\_SB_.PCI0.PB7_.XPDV._STA]: AE_NOT_FOUND
[   15.335923] device: 'device:10': device_add
[   15.335923] bus: 'acpi': add device device:10
[   15.335923]     utils-0051 util_eval_error       : Evaluate [\_SB_.PCI0.PB7_.XPDV._SUN]: AE_NOT_FOUND
[   15.335923]      scan-1933 add_single_object     : Added device:10 [\_SB_.PCI0.PB7_.XPDV] parent device:0f
[   15.335923]      scan-1141 get_device_data       : No context for object [ffff88040d827208]
[   15.335923]      scan-1141 get_device_data       : No context for object [ffff88040d827230]
[   15.335923]      scan-1141 get_device_data       : No context for object [ffff88040d827258]
[   15.335923]      scan-1141 get_device_data       : No context for object [ffff88040d827280]
[   15.335923]      scan-1141 get_device_data       : No context for object [ffff88040d8272a8]
[   15.335923]      scan-1141 get_device_data       : No context for object [ffff88040d837488]
[   15.335923]      scan-1141 get_device_data       : No context for object [ffff88040d8272d0]
[   15.335923]      scan-1141 get_device_data       : No context for object [ffff88040d8272f8]
[   15.335938]     utils-0051 util_eval_error       : Evaluate [\_SB_.PCI0.OHC1._STA]: AE_NOT_FOUND
[   15.336164] device: 'device:11': device_add
[   15.336224] bus: 'acpi': add device device:11
[   15.336290]     utils-0051 util_eval_error       : Evaluate [\_SB_.PCI0.OHC1._SUN]: AE_NOT_FOUND
[   15.336714]      scan-1933 add_single_object     : Added device:11 [\_SB_.PCI0.OHC1] parent PNP0A08:00
[   15.336714]      scan-1141 get_device_data       : No context for object [ffff88040d827320]
[   15.336862]      scan-1141 get_device_data       : No context for object [ffff88040d827348]
[   15.337008]      scan-1141 get_device_data       : No context for object [ffff88040d83b2f8]
[   15.337185]     utils-0051 util_eval_error       : Evaluate [\_SB_.PCI0.OHC1.RHUB._STA]: AE_NOT_FOUND
[   15.337413] device: 'device:12': device_add
[   15.337476] bus: 'acpi': add device device:12
[   15.337551]     utils-0051 util_eval_error       : Evaluate [\_SB_.PCI0.OHC1.RHUB._SUN]: AE_NOT_FOUND
[   15.337755]      scan-1933 add_single_object     : Added device:12 [\_SB_.PCI0.OHC1.RHUB] parent device:11
[   15.337930]      scan-1141 get_device_data       : No context for object [ffff88040d83b320]
[   15.338122]      scan-1141 get_device_data       : No context for object [ffff88040d83b348]
[   15.338315]     utils-0051 util_eval_error       : Evaluate [\_SB_.PCI0.OHC1.RHUB.PRT3._STA]: AE_NOT_FOUND
[   15.338529] device: 'device:13': device_add
[   15.338588] bus: 'acpi': add device device:13
[   15.338655]     utils-0051 util_eval_error       : Evaluate [\_SB_.PCI0.OHC1.RHUB.PRT3._SUN]: AE_NOT_FOUND
[   15.340045]      scan-1933 add_single_object     : Added device:13 [\_SB_.PCI0.OHC1.RHUB.PRT3] parent device:12
[   15.340045]      scan-1141 get_device_data       : No context for object [ffff88040d83b370]
[   15.340045]      scan-1141 get_device_data       : No context for object [ffff88040d83b398]
[   15.340045]      scan-1141 get_device_data       : No context for object [ffff88040d83b3c0]
[   15.340045]      scan-1141 get_device_data       : No context for object [ffff88040d83b3e8]
[   15.340045]     utils-0051 util_eval_error       : Evaluate [\_SB_.PCI0.OHC1.RHUB.PRT4._STA]: AE_NOT_FOUND
[   15.340045] device: 'device:14': device_add
[   15.340082] bus: 'acpi': add device device:14
[   15.340159]     utils-0051 util_eval_error       : Evaluate [\_SB_.PCI0.OHC1.RHUB.PRT4._SUN]: AE_NOT_FOUND
[   15.340367]      scan-1933 add_single_object     : Added device:14 [\_SB_.PCI0.OHC1.RHUB.PRT4] parent device:12
[   15.340568]      scan-1141 get_device_data       : No context for object [ffff88040d83b410]
[   15.340760]      scan-1141 get_device_data       : No context for object [ffff88040d83b438]
[   15.340953]      scan-1141 get_device_data       : No context for object [ffff88040d83b460]
[   15.341145]      scan-1141 get_device_data       : No context for object [ffff88040d827370]
[   15.341338]     utils-0051 util_eval_error       : Evaluate [\_SB_.PCI0.EHC1._STA]: AE_NOT_FOUND
[   15.341575] device: 'device:15': device_add
[   15.341638] bus: 'acpi': add device device:15
[   15.341713]     utils-0051 util_eval_error       : Evaluate [\_SB_.PCI0.EHC1._SUN]: AE_NOT_FOUND
[   15.343379]      scan-1933 add_single_object     : Added device:15 [\_SB_.PCI0.EHC1] parent PNP0A08:00
[   15.343379]      scan-1141 get_device_data       : No context for object [ffff88040d827398]
[   15.343379]      scan-1141 get_device_data       : No context for object [ffff88040d8273c0]
[   15.343379]      scan-1141 get_device_data       : No context for object [ffff88040d83b028]
[   15.343379]     utils-0051 util_eval_error       : Evaluate [\_SB_.PCI0.EHC1.RHUB._STA]: AE_NOT_FOUND
[   15.343379] device: 'device:16': device_add
[   15.343379] bus: 'acpi': add device device:16
[   15.343379]     utils-0051 util_eval_error       : Evaluate [\_SB_.PCI0.EHC1.RHUB._SUN]: AE_NOT_FOUND
[   15.343415]      scan-1933 add_single_object     : Added device:16 [\_SB_.PCI0.EHC1.RHUB] parent device:15
[   15.343415]      scan-1141 get_device_data       : No context for object [ffff88040d83b050]
[   15.343534]      scan-1141 get_device_data       : No context for object [ffff88040d83b078]
[   15.343730]     utils-0051 util_eval_error       : Evaluate [\_SB_.PCI0.EHC1.RHUB.PRT3._STA]: AE_NOT_FOUND
[   15.343962] device: 'device:17': device_add
[   15.344025] bus: 'acpi': add device device:17
[   15.344091]     utils-0051 util_eval_error       : Evaluate [\_SB_.PCI0.EHC1.RHUB.PRT3._SUN]: AE_NOT_FOUND
[   15.344291]      scan-1933 add_single_object     : Added device:17 [\_SB_.PCI0.EHC1.RHUB.PRT3] parent device:16
[   15.344486]      scan-1141 get_device_data       : No context for object [ffff88040d83b0a0]
[   15.344679]      scan-1141 get_device_data       : No context for object [ffff88040d83b0c8]
[   15.344871]      scan-1141 get_device_data       : No context for object [ffff88040d83b0f0]
[   15.345017]      scan-1141 get_device_data       : No context for object [ffff88040d83b118]
[   15.345195]     utils-0051 util_eval_error       : Evaluate [\_SB_.PCI0.EHC1.RHUB.PRT4._STA]: AE_NOT_FOUND
[   15.345424] device: 'device:18': device_add
[   15.345487] bus: 'acpi': add device device:18
[   15.345564]     utils-0051 util_eval_error       : Evaluate [\_SB_.PCI0.EHC1.RHUB.PRT4._SUN]: AE_NOT_FOUND
[   15.346702]      scan-1933 add_single_object     : Added device:18 [\_SB_.PCI0.EHC1.RHUB.PRT4] parent device:16
[   15.346702]      scan-1141 get_device_data       : No context for object [ffff88040d83b140]
[   15.346702]      scan-1141 get_device_data       : No context for object [ffff88040d83b168]
[   15.346702]      scan-1141 get_device_data       : No context for object [ffff88040d83b190]
[   15.346702]      scan-1141 get_device_data       : No context for object [ffff88040d8273e8]
[   15.346795]     utils-0051 util_eval_error       : Evaluate [\_SB_.PCI0.OHC2._STA]: AE_NOT_FOUND
[   15.347024] device: 'device:19': device_add
[   15.347084] bus: 'acpi': add device device:19
[   15.347150]     utils-0051 util_eval_error       : Evaluate [\_SB_.PCI0.OHC2._SUN]: AE_NOT_FOUND
[   15.348299]      scan-1933 add_single_object     : Added device:19 [\_SB_.PCI0.OHC2] parent PNP0A08:00
[   15.348498]      scan-1141 get_device_data       : No context for object [ffff88040d827410]
[   15.348687]      scan-1141 get_device_data       : No context for object [ffff88040d827438]
[   15.348877]      scan-1141 get_device_data       : No context for object [ffff88040d83b488]
[   15.349050]     utils-0051 util_eval_error       : Evaluate [\_SB_.PCI0.OHC2.RHUB._STA]: AE_NOT_FOUND
[   15.349261] device: 'device:1a': device_add
[   15.349319] bus: 'acpi': add device device:1a
[   15.349384]     utils-0051 util_eval_error       : Evaluate [\_SB_.PCI0.OHC2.RHUB._SUN]: AE_NOT_FOUND
[   15.350047]      scan-1933 add_single_object     : Added device:1a [\_SB_.PCI0.OHC2.RHUB] parent device:19
[   15.350047]      scan-1141 get_device_data       : No context for object [ffff88040d83b4b0]
[   15.350047]      scan-1141 get_device_data       : No context for object [ffff88040d83b4d8]
[   15.350116]     utils-0051 util_eval_error       : Evaluate [\_SB_.PCI0.OHC2.RHUB.PRT4._STA]: AE_NOT_FOUND
[   15.350324] device: 'device:1b': device_add
[   15.350384] bus: 'acpi': add device device:1b
[   15.350451]     utils-0051 util_eval_error       : Evaluate [\_SB_.PCI0.OHC2.RHUB.PRT4._SUN]: AE_NOT_FOUND
[   15.350652]      scan-1933 add_single_object     : Added device:1b [\_SB_.PCI0.OHC2.RHUB.PRT4] parent device:1a
[   15.350851]      scan-1141 get_device_data       : No context for object [ffff88040d83b500]
[   15.351028]      scan-1141 get_device_data       : No context for object [ffff88040d83b528]
[   15.351216]      scan-1141 get_device_data       : No context for object [ffff88040d83b550]
[   15.351406]      scan-1141 get_device_data       : No context for object [ffff88040d827460]
[   15.351596]     utils-0051 util_eval_error       : Evaluate [\_SB_.PCI0.EHC2._STA]: AE_NOT_FOUND
[   15.351815] device: 'device:1c': device_add
[   15.351875] bus: 'acpi': add device device:1c
[   15.351941]     utils-0051 util_eval_error       : Evaluate [\_SB_.PCI0.EHC2._SUN]: AE_NOT_FOUND
[   15.353377]      scan-1933 add_single_object     : Added device:1c [\_SB_.PCI0.EHC2] parent PNP0A08:00
[   15.353377]      scan-1141 get_device_data       : No context for object [ffff88040d827488]
[   15.353377]      scan-1141 get_device_data       : No context for object [ffff88040d8274b0]
[   15.353377]      scan-1141 get_device_data       : No context for object [ffff88040d83b1b8]
[   15.353377]     utils-0051 util_eval_error       : Evaluate [\_SB_.PCI0.EHC2.RHUB._STA]: AE_NOT_FOUND
[   15.353377] device: 'device:1d': device_add
[   15.353377] bus: 'acpi': add device device:1d
[   15.353377]     utils-0051 util_eval_error       : Evaluate [\_SB_.PCI0.EHC2.RHUB._SUN]: AE_NOT_FOUND
[   15.353418]      scan-1933 add_single_object     : Added device:1d [\_SB_.PCI0.EHC2.RHUB] parent device:1c
[   15.353539]      scan-1141 get_device_data       : No context for object [ffff88040d83b1e0]
[   15.353733]      scan-1141 get_device_data       : No context for object [ffff88040d83b208]
[   15.353932]     utils-0051 util_eval_error       : Evaluate [\_SB_.PCI0.EHC2.RHUB.PRT2._STA]: AE_NOT_FOUND
[   15.354151] device: 'device:1e': device_add
[   15.354213] bus: 'acpi': add device device:1e
[   15.354291]     utils-0051 util_eval_error       : Evaluate [\_SB_.PCI0.EHC2.RHUB.PRT2._SUN]: AE_NOT_FOUND
[   15.354496]      scan-1933 add_single_object     : Added device:1e [\_SB_.PCI0.EHC2.RHUB.PRT2] parent device:1d
[   15.354691]      scan-1141 get_device_data       : No context for object [ffff88040d83b230]
[   15.354884]      scan-1141 get_device_data       : No context for object [ffff88040d83b258]
[   15.355030]      scan-1141 get_device_data       : No context for object [ffff88040d83b280]
[   15.355203]      scan-1141 get_device_data       : No context for object [ffff88040d8274d8]
[   15.355396]     utils-0051 util_eval_error       : Evaluate [\_SB_.PCI0.OHC3._STA]: AE_NOT_FOUND
[   15.355638] device: 'device:1f': device_add
[   15.355701] bus: 'acpi': add device device:1f
[   15.355775]     utils-0051 util_eval_error       : Evaluate [\_SB_.PCI0.OHC3._SUN]: AE_NOT_FOUND
[   15.356701]      scan-1933 add_single_object     : Added device:1f [\_SB_.PCI0.OHC3] parent PNP0A08:00
[   15.356701]      scan-1141 get_device_data       : No context for object [ffff88040d827500]
[   15.356701]      scan-1141 get_device_data       : No context for object [ffff88040d827528]
[   15.356701]      scan-1141 get_device_data       : No context for object [ffff88040d83b578]
[   15.356796]     utils-0051 util_eval_error       : Evaluate [\_SB_.PCI0.OHC3.RHUB._STA]: AE_NOT_FOUND
[   15.357020] device: 'device:20': device_add
[   15.357083] bus: 'acpi': add device device:20
[   15.357158]     utils-0051 util_eval_error       : Evaluate [\_SB_.PCI0.OHC3.RHUB._SUN]: AE_NOT_FOUND
[   15.357365]      scan-1933 add_single_object     : Added device:20 [\_SB_.PCI0.OHC3.RHUB] parent device:1f
[   15.357562]      scan-1141 get_device_data       : No context for object [ffff88040d83b5a0]
[   15.357754]      scan-1141 get_device_data       : No context for object [ffff88040d827550]
[   15.357948]     utils-0051 util_eval_error       : Evaluate [\_SB_.PCI0.EHC3._STA]: AE_NOT_FOUND
[   15.358123] device: 'device:21': device_add
[   15.358183] bus: 'acpi': add device device:21
[   15.358251]     utils-0051 util_eval_error       : Evaluate [\_SB_.PCI0.EHC3._SUN]: AE_NOT_FOUND
[   15.360039]      scan-1933 add_single_object     : Added device:21 [\_SB_.PCI0.EHC3] parent PNP0A08:00
[   15.360039]      scan-1141 get_device_data       : No context for object [ffff88040d827578]
[   15.360039]      scan-1141 get_device_data       : No context for object [ffff88040d8275a0]
[   15.360039]      scan-1141 get_device_data       : No context for object [ffff88040d83b2a8]
[   15.360039]     utils-0051 util_eval_error       : Evaluate [\_SB_.PCI0.EHC3.RHUB._STA]: AE_NOT_FOUND
[   15.360039] device: 'device:22': device_add
[   15.360039] bus: 'acpi': add device device:22
[   15.360039]     utils-0051 util_eval_error       : Evaluate [\_SB_.PCI0.EHC3.RHUB._SUN]: AE_NOT_FOUND
[   15.360074]      scan-1933 add_single_object     : Added device:22 [\_SB_.PCI0.EHC3.RHUB] parent device:21
[   15.360074]      scan-1141 get_device_data       : No context for object [ffff88040d83b2d0]
[   15.360085]      scan-1141 get_device_data       : No context for object [ffff88040d8275c8]
[   15.360262]     utils-0051 util_eval_error       : Evaluate [\_SB_.PCI0.OHC4._STA]: AE_NOT_FOUND
[   15.360483] device: 'device:23': device_add
[   15.360542] bus: 'acpi': add device device:23
[   15.360608]     utils-0051 util_eval_error       : Evaluate [\_SB_.PCI0.OHC4._SUN]: AE_NOT_FOUND
[   15.360806]      scan-1933 add_single_object     : Added device:23 [\_SB_.PCI0.OHC4] parent PNP0A08:00
[   15.361001]      scan-1141 get_device_data       : No context for object [ffff88040d8275f0]
[   15.361195]      scan-1141 get_device_data       : No context for object [ffff88040d827618]
[   15.361389]      scan-1141 get_device_data       : No context for object [ffff88040d827640]
[   15.361590]     utils-0051 util_eval_error       : Evaluate [\_SB_.PCI0.SBAZ._STA]: AE_NOT_FOUND
[   15.361811] device: 'device:24': device_add
[   15.361870] bus: 'acpi': add device device:24
[   15.361947]     utils-0051 util_eval_error       : Evaluate [\_SB_.PCI0.SBAZ._SUN]: AE_NOT_FOUND
[   15.363348]      scan-1933 add_single_object     : Added device:24 [\_SB_.PCI0.SBAZ] parent PNP0A08:00
[   15.363348]      scan-1141 get_device_data       : No context for object [ffff88040d827668]
[   15.363348]      scan-1141 get_device_data       : No context for object [ffff88040d827690]
[   15.363348]      scan-1141 get_device_data       : No context for object [ffff88040d8276b8]
[   15.363348]     utils-0051 util_eval_error       : Evaluate [\_SB_.PCI0.GEC_._STA]: AE_NOT_FOUND
[   15.363348] device: 'device:25': device_add
[   15.363348] bus: 'acpi': add device device:25
[   15.363348]     utils-0051 util_eval_error       : Evaluate [\_SB_.PCI0.GEC_._SUN]: AE_NOT_FOUND
[   15.363359]      scan-1933 add_single_object     : Added device:25 [\_SB_.PCI0.GEC_] parent PNP0A08:00
[   15.363544]      scan-1141 get_device_data       : No context for object [ffff88040d8276e0]
[   15.363740]      scan-1141 get_device_data       : No context for object [ffff88040d827708]
[   15.363927]      scan-1141 get_device_data       : No context for object [ffff88040d827730]
[   15.364123]      scan-1141 get_device_data       : No context for object [ffff88040d827758]
[   15.364312]      scan-1141 get_device_data       : No context for object [ffff88040d827780]
[   15.364502]      scan-1141 get_device_data       : No context for object [ffff88040d8277a8]
[   15.364692]      scan-1141 get_device_data       : No context for object [ffff88040d8277d0]
[   15.365809]      scan-1141 get_device_data       : No context for object [ffff88040d8277f8]
[   15.365981]      scan-1141 get_device_data       : No context for object [ffff88040d827820]
[   15.366171]     utils-0051 util_eval_error       : Evaluate [\_SB_.PCI0.SATA._STA]: AE_NOT_FOUND
[   15.366385] device: 'device:26': device_add
