[    0.000000] Initializing cgroup subsys cpuset
[    0.000000] Initializing cgroup subsys cpu
[    0.000000] Initializing cgroup subsys cpuacct
[    0.000000] Linux version 3.17.0-rc2-gfd5984d (emacs@manji) (gcc version 4.9.1 (GCC) ) #46 SMP Sun Aug 31 15:16:50 CEST 2014
[    0.000000] Command line: BOOT_IMAGE=/vmlinuz-linux-git root=UUID=bfa4ab6e-19a3-4601-ba2b-267c55841c73 rw cryptdevice=/dev/disk/by-uuid/70c08890-417a-497d-b6ab-c0d0357a63e2:cryptManjaro:allow-discards ipv6.disable=1 pnp.debug=1 loglevel=9 log_buf_len=10M printk.always_kmsg_dump=y printk.time=y mminit_loglevel=0 memory_corruption_check=1 acpi.debug_layer=0xfbff0000 acpi.debug_level=0xFFFFFFFD pnp.debug=1 nohz=on rcu_nocbs=1-3 pcie_aspm=force fbcon=scrollback:4096k fbcon=font:ProFont6x11 radeon.audio=0 radeon.lockup_timeout=0 radeon.test=0 radeon.agpmode=-1 radeon.benchmark=0 radeon.tv=0 radeon.hard_reset=1 radeon.aspm=1 radeon.dpm=1 radeon.msi=1 radeon.pcie_gen2=-1 radeon.no_wb=1 radeon.modeset=1 radeon.dynclks=1 radeon.r4xx_atom=0 radeon.runpm=0 radeonfb radeon.fastfb=1 nomodeset
[    0.000000] KERNEL supported cpus:
[    0.000000]   AMD AuthenticAMD
[    0.000000] tseg: 00bfe00000
[    0.000000] e820: BIOS-provided physical RAM map:
[    0.000000] BIOS-e820: [mem 0x0000000000000000-0x000000000009d7ff] usable
[    0.000000] BIOS-e820: [mem 0x000000000009d800-0x000000000009ffff] reserved
[    0.000000] BIOS-e820: [mem 0x00000000000e0000-0x00000000000fffff] reserved
[    0.000000] BIOS-e820: [mem 0x0000000000100000-0x00000000bed9afff] usable
[    0.000000] BIOS-e820: [mem 0x00000000bed9b000-0x00000000bf39afff] reserved
[    0.000000] BIOS-e820: [mem 0x00000000bf39b000-0x00000000bf49afff] ACPI NVS
[    0.000000] BIOS-e820: [mem 0x00000000bf49b000-0x00000000bf51afff] ACPI data
[    0.000000] BIOS-e820: [mem 0x00000000bf51b000-0x00000000bfdfffff] usable
[    0.000000] BIOS-e820: [mem 0x00000000bfe00000-0x00000000bfffffff] reserved
[    0.000000] BIOS-e820: [mem 0x00000000fec00000-0x00000000fecfffff] reserved
[    0.000000] BIOS-e820: [mem 0x00000000fed80000-0x00000000fed80fff] reserved
[    0.000000] BIOS-e820: [mem 0x00000000ffe00000-0x00000000ffffffff] reserved
[    0.000000] BIOS-e820: [mem 0x0000000100000000-0x000000041effffff] usable
[    0.000000] NX (Execute Disable) protection: active
[    0.000000] SMBIOS 2.6 present.
[    0.000000] DMI: LENOVO Sabine/Torpedo, BIOS 54CN18WW 07/20/2011
[    0.000000] e820: update [mem 0x00000000-0x00000fff] usable ==> reserved
[    0.000000] e820: remove [mem 0x000a0000-0x000fffff] usable
[    0.000000] e820: last_pfn = 0x41f000 max_arch_pfn = 0x400000000
[    0.000000] MTRR default type: uncachable
[    0.000000] MTRR fixed ranges enabled:
[    0.000000]   00000-9FFFF write-back
[    0.000000]   A0000-BFFFF uncachable
[    0.000000]   C0000-FFFFF write-protect
[    0.000000] MTRR variable ranges enabled:
[    0.000000]   0 base 0000000000 mask FF80000000 write-back
[    0.000000]   1 base 0080000000 mask FFC0000000 write-back
[    0.000000]   2 base 00FFF90000 mask FFFFFF0000 uncachable
[    0.000000]   3 base 00FED80000 mask 0FFFFFF000 uncachable
[    0.000000]   4 disabled
[    0.000000]   5 disabled
[    0.000000]   6 disabled
[    0.000000]   7 base 00FFE00000 mask FFFFE00000 write-protect
[    0.000000] TOM2: 000000041f000000 aka 16880M
[    0.000000] mtrr: your BIOS has configured an incorrect mask, fixing it.
[    0.000000] e820: last_pfn = 0xbfe00 max_arch_pfn = 0x400000000
[    0.000000] found SMP MP-table at [mem 0x000fa8b0-0x000fa8bf] mapped at [ffff8800000fa8b0]
[    0.000000] Base memory trampoline at [ffff880000097000] 97000 size 24576
[    0.000000] Using GB pages for direct mapping
[    0.000000] init_memory_mapping: [mem 0x00000000-0x000fffff]
[    0.000000]  [mem 0x00000000-0x000fffff] page 4k
[    0.000000] BRK [0x01e17000, 0x01e17fff] PGTABLE
[    0.000000] BRK [0x01e18000, 0x01e18fff] PGTABLE
[    0.000000] BRK [0x01e19000, 0x01e19fff] PGTABLE
[    0.000000] init_memory_mapping: [mem 0x41ee00000-0x41effffff]
[    0.000000]  [mem 0x41ee00000-0x41effffff] page 2M
[    0.000000] BRK [0x01e1a000, 0x01e1afff] PGTABLE
[    0.000000] init_memory_mapping: [mem 0x41c000000-0x41edfffff]
[    0.000000]  [mem 0x41c000000-0x41edfffff] page 2M
[    0.000000] init_memory_mapping: [mem 0x400000000-0x41bffffff]
[    0.000000]  [mem 0x400000000-0x41bffffff] page 2M
[    0.000000] init_memory_mapping: [mem 0x00100000-0xbed9afff]
[    0.000000]  [mem 0x00100000-0x001fffff] page 4k
[    0.000000]  [mem 0x00200000-0x3fffffff] page 2M
[    0.000000]  [mem 0x40000000-0x7fffffff] page 1G
[    0.000000]  [mem 0x80000000-0xbebfffff] page 2M
[    0.000000]  [mem 0xbec00000-0xbed9afff] page 4k
[    0.000000] init_memory_mapping: [mem 0xbf51b000-0xbfdfffff]
[    0.000000]  [mem 0xbf51b000-0xbf5fffff] page 4k
[    0.000000]  [mem 0xbf600000-0xbfdfffff] page 2M
[    0.000000] BRK [0x01e1b000, 0x01e1bfff] PGTABLE
[    0.000000] init_memory_mapping: [mem 0x100000000-0x3ffffffff]
[    0.000000]  [mem 0x100000000-0x3ffffffff] page 1G
[    0.000000] log_buf_len: 16777216 bytes
[    0.000000] early log buf free: 2092044(99%)
[    0.000000] RAMDISK: [mem 0x3782c000-0x37c0dfff]
[    0.000000] ACPI: Early table checksum verification disabled
[    0.000000] ACPI: RSDP 0x00000000000F0110 000024 (v02 LENOVO)
[    0.000000] ACPI: XSDT 0x00000000BF51A120 000074 (v01 LENOVO CB-01    00000001 LENO 00000001)
[    0.000000] ACPI: FACP 0x00000000BF508000 0000F4 (v04 LENOVO CB-01    00000001 PTL  00000001)
[    0.000000] ACPI: DSDT 0x00000000BF50A000 00FD10 (v01 LENOVO CB-01    00001000 LENO 00000001)
[    0.000000] ACPI: FACS 0x00000000BF478000 000040
[    0.000000] ACPI: HPET 0x00000000BF507000 000038 (v01 LENOVO CB-01    00000001 PTL  00000001)
[    0.000000] ACPI: APIC 0x00000000BF506000 00007A (v02 LENOVO CB-01    00000001 PTL  00000001)
[    0.000000] ACPI: MCFG 0x00000000BF505000 00003C (v01 LENOVO CB-01    00000001 PTL  00000001)
[    0.000000] ACPI: SLIC 0x00000000BF504000 000176 (v01 LENOVO CB-01    00000001 LENO 00000001)
[    0.000000] ACPI: UEFI 0x00000000BF503000 00003E (v01 LENOVO CB-01    00000001 PTL  00000001)
[    0.000000] ACPI: UEFI 0x00000000BF502000 000042 (v01 PTL    COMBUF   00000001 PTL  00000001)
[    0.000000] ACPI: SSDT 0x00000000BF501000 000E34 (v01 AMD    POWERNOW 00000001 AMD  00000001)
[    0.000000] ACPI: SSDT 0x00000000BF4FF000 00193D (v02 AMD    ALIB     00000001 MSFT 04000000)
[    0.000000] ACPI: UEFI 0x00000000BF4FE000 00021A (v01 LENOVO CB-01    00000001 PTL  00000001)
[    0.000000] ACPI: Local APIC address 0xfee00000
[    0.000000] No NUMA configuration found
[    0.000000] Faking a node at [mem 0x0000000000000000-0x000000041effffff]
[    0.000000] Initmem setup node 0 [mem 0x00000000-0x41effffff]
[    0.000000]   NODE_DATA [mem 0x41dffa000-0x41dffdfff]
[    0.000000]  [ffffea0000000000-ffffea00107fffff] PMD -> [ffff88040de00000-ffff88041d5fffff] on node 0
[    0.000000] Zone ranges:
[    0.000000]   DMA      [mem 0x00001000-0x00ffffff]
[    0.000000]   DMA32    [mem 0x01000000-0xffffffff]
[    0.000000]   Normal   [mem 0x100000000-0x41effffff]
[    0.000000] Movable zone start for each node
[    0.000000] Early memory node ranges
[    0.000000]   node   0: [mem 0x00001000-0x0009cfff]
[    0.000000]   node   0: [mem 0x00100000-0xbed9afff]
[    0.000000]   node   0: [mem 0xbf51b000-0xbfdfffff]
[    0.000000]   node   0: [mem 0x100000000-0x41effffff]
[    0.000000] On node 0 totalpages: 4056604
[    0.000000]   DMA zone: 64 pages used for memmap
[    0.000000]   DMA zone: 21 pages reserved
[    0.000000]   DMA zone: 3996 pages, LIFO batch:0
[    0.000000]   DMA32 zone: 12186 pages used for memmap
[    0.000000]   DMA32 zone: 779904 pages, LIFO batch:31
[    0.000000]   Normal zone: 51136 pages used for memmap
[    0.000000]   Normal zone: 3272704 pages, LIFO batch:31
[    0.000000] ACPI: PM-Timer IO Port: 0x808
[    0.000000] ACPI: Local APIC address 0xfee00000
[    0.000000] ACPI: LAPIC (acpi_id[0x00] lapic_id[0x00] enabled)
[    0.000000] ACPI: LAPIC (acpi_id[0x01] lapic_id[0x01] enabled)
[    0.000000] ACPI: LAPIC (acpi_id[0x02] lapic_id[0x02] enabled)
[    0.000000] ACPI: LAPIC (acpi_id[0x03] lapic_id[0x03] enabled)
[    0.000000] ACPI: LAPIC_NMI (acpi_id[0x00] high edge lint[0x1])
[    0.000000] ACPI: LAPIC_NMI (acpi_id[0x01] high edge lint[0x1])
[    0.000000] ACPI: LAPIC_NMI (acpi_id[0x02] high edge lint[0x1])
[    0.000000] ACPI: LAPIC_NMI (acpi_id[0x03] high edge lint[0x1])
[    0.000000] ACPI: IOAPIC (id[0x02] address[0xfec00000] gsi_base[0])
[    0.000000] IOAPIC[0]: apic_id 2, version 33, address 0xfec00000, GSI 0-23
[    0.000000] ACPI: INT_SRC_OVR (bus 0 bus_irq 0 global_irq 2 dfl dfl)
[    0.000000] ACPI: IRQ0 used by override.
[    0.000000] ACPI: IRQ9 used by override.
[    0.000000] Using ACPI (MADT) for SMP configuration information
[    0.000000] ACPI: HPET id: 0x43538210 base: 0xfed00000
[    0.000000] smpboot: Allowing 4 CPUs, 0 hotplug CPUs
[    0.000000] e820: [mem 0xc0000000-0xfebfffff] available for PCI devices
[    0.000000] setup_percpu: NR_CPUS:64 nr_cpumask_bits:64 nr_cpu_ids:4 nr_node_ids:1
[    0.000000] PERCPU: Embedded 27 pages/cpu @ffff88041dc00000 s80256 r8192 d22144 u524288
[    0.000000] pcpu-alloc: s80256 r8192 d22144 u524288 alloc=1*2097152
[    0.000000] pcpu-alloc: [0] 0 1 2 3 
[    0.000000] Built 1 zonelists in Zone order, mobility grouping on.  Total pages: 3993197
[    0.000000] Policy zone: Normal
[    0.000000] Kernel command line: BOOT_IMAGE=/vmlinuz-linux-git root=UUID=bfa4ab6e-19a3-4601-ba2b-267c55841c73 rw cryptdevice=/dev/disk/by-uuid/70c08890-417a-497d-b6ab-c0d0357a63e2:cryptManjaro:allow-discards ipv6.disable=1 pnp.debug=1 loglevel=9 log_buf_len=10M printk.always_kmsg_dump=y printk.time=y mminit_loglevel=0 memory_corruption_check=1 acpi.debug_layer=0xfbff0000 acpi.debug_level=0xFFFFFFFD pnp.debug=1 nohz=on rcu_nocbs=1-3 pcie_aspm=force fbcon=scrollback:4096k fbcon=font:ProFont6x11 radeon.audio=0 radeon.lockup_timeout=0 radeon.test=0 radeon.agpmode=-1 radeon.benchmark=0 radeon.tv=0 radeon.hard_reset=1 radeon.aspm=1 radeon.dpm=1 radeon.msi=1 radeon.pcie_gen2=-1 radeon.no_wb=1 radeon.modeset=1 radeon.dynclks=1 radeon.r4xx_atom=0 radeon.runpm=0 radeonfb radeon.fastfb=1 nomodeset
[    0.000000] PCIe ASPM is forcibly enabled
[    0.000000] PID hash table entries: 4096 (order: 3, 32768 bytes)
[    0.000000] Memory: 15870900K/16226416K available (5251K kernel code, 721K rwdata, 2208K rodata, 848K init, 2588K bss, 355516K reserved)
[    0.000000] SLUB: HWalign=64, Order=0-3, MinObjects=0, CPUs=4, Nodes=1
[    0.000000] Hierarchical RCU implementation.
[    0.000000] 	RCU dyntick-idle grace-period acceleration is enabled.
[    0.000000] 	Additional per-CPU info printed with stalls.
[    0.000000] 	RCU restricting CPUs from NR_CPUS=64 to nr_cpu_ids=4.
[    0.000000] 	Offload RCU callbacks from all CPUs
[    0.000000] 	Offload RCU callbacks from CPUs: 0-3.
[    0.000000] RCU: Adjusting geometry for rcu_fanout_leaf=16, nr_cpu_ids=4
[    0.000000] NR_IRQS:4352 nr_irqs:456 0
[    0.000000] spurious 8259A interrupt: IRQ7.
[    0.000000] vgacon: allocated 4194304 bytes of memory for scrollback. CONFIG_VGACON_SOFT_SCROLLBACK_SIZE=4096
[    0.000000] Console: colour VGA+ 80x25
[    0.000000] console [tty0] enabled
[    0.000000] allocated 65011712 bytes of page_cgroup
[    0.000000] please try 'cgroup_disable=memory' option if you don't want memory cgroups
[    0.000000] hpet clockevent registered
[    0.000000] tsc: Fast TSC calibration using PIT
[    0.000000] tsc: Detected 1397.455 MHz processor
[    0.000057] Calibrating delay loop (skipped), value calculated using timer frequency.. 2796.36 BogoMIPS (lpj=4658183)
[    0.000206] pid_max: default: 32768 minimum: 301
[    0.000280] ACPI: Core revision 20140724
[    0.025705] ACPI: All ACPI Tables successfully acquired
[    0.027337] Security Framework initialized
[    0.028943] Dentry cache hash table entries: 2097152 (order: 12, 16777216 bytes)
[    0.035934] Inode-cache hash table entries: 1048576 (order: 11, 8388608 bytes)
[    0.039014] Mount-cache hash table entries: 32768 (order: 6, 262144 bytes)
[    0.039155] Mountpoint-cache hash table entries: 32768 (order: 6, 262144 bytes)
[    0.039756] Initializing cgroup subsys memory
[    0.039875] Initializing cgroup subsys devices
[    0.039941] Initializing cgroup subsys freezer
[    0.040007] Initializing cgroup subsys net_cls
[    0.040073] Initializing cgroup subsys blkio
[    0.040165] CPU: Physical Processor ID: 0
[    0.040229] CPU: Processor Core ID: 0
[    0.040293] mce: CPU supports 6 MCE banks
[    0.040366] Last level iTLB entries: 4KB 512, 2MB 16, 4MB 8
Last level dTLB entries: 4KB 1024, 2MB 128, 4MB 64, 1GB 0
[    0.040649] Freeing SMP alternatives memory: 20K (ffffffff81b8a000 - ffffffff81b8f000)
[    0.041335] ..TIMER: vector=0x30 apic1=0 pin1=2 apic2=-1 pin2=-1
[    0.074417] smpboot: CPU0: AMD A6-3400M APU with Radeon(tm) HD Graphics (fam: 12, model: 01, stepping: 00)
[    0.179394] Performance Events: AMD PMU driver.
[    0.179496] ... version:                0
[    0.179560] ... bit width:              48
[    0.179623] ... generic registers:      4
[    0.179687] ... value mask:             0000ffffffffffff
[    0.179752] ... max period:             00007fffffffffff
[    0.179817] ... fixed-purpose events:   0
[    0.179878] ... event mask:             000000000000000f
[    0.180293] MCE: In-kernel MCE decoding enabled.
[    0.180415] trying cpu_up:
[    0.180527] NMI watchdog: enabled on all CPUs, permanently consumes one hw-PMU counter.
[    0.180807] smpboot: ++++++++++++++++++++=_---CPU UP  1
[    0.180917] smpboot: before calling do_boot_cpu: waiting 5 sec before continuing
[    5.196293] x86: Booting SMP configuration:
[    5.196459] .... node  #0, CPUs:      #1
[    5.196564] smpboot: Setting warm reset code and vector.
[    5.196685] smpboot: 1.
[    5.196745] smpboot: 2.
[    5.196805] smpboot: 3.
[    5.196867] smpboot: Asserting INIT
[    5.196928] smpboot: Waiting for INIT send to finish...
[    5.206996] smpboot: status for above ^ is: 0
[    5.207104] smpboot: Deasserting INIT
[    5.207165] smpboot: Waiting for above send to finish...
[    5.207228] smpboot: #startup loops: 2
[    5.207289] smpboot: Sending STARTUP #1
[    5.207350] smpboot: After apic_write
[    5.113656] smpboot: CPU#1 (phys ID: 1) waiting for CALLOUT
[    5.207712] smpboot: Startup point 1
[    5.207881] smpboot: Waiting for send to finish...
[    5.208143] smpboot: Sending STARTUP #2
[    5.208253] smpboot: After apic_write
[    5.208616] smpboot: Startup point 1
[    5.208723] smpboot: Waiting for send to finish...
[    5.208987] smpboot: After Startup
[    5.209097] smpboot: Before Callout 1
[    5.209159] smpboot: After Callout 1
[    5.115347] smpboot: Stack at about ffff880407807f44
[    5.209287] smpboot: CPU1: has booted.
[    5.211353] TSC synchronization [CPU#0 -> CPU#1]:
[    5.211462] Measured 131104926 cycles TSC warp between CPUs, turning off TSC clock.
[    5.211600] tsc: Marking TSC unstable due to check_tsc_sync_source failed
[    5.211685] after cpu_up !!!!!!!!!!!!
[    5.211723] trying cpu_up:
[    5.211929] smpboot: ++++++++++++++++++++=_---CPU UP  2
[    5.212062] smpboot: before calling do_boot_cpu: waiting 5 sec before continuing #2
[   10.283441] smpboot: Setting warm reset code and vector.
[   10.283566] smpboot: 1.
[   10.283629] smpboot: 2.
[   10.283691] smpboot: 3.
[   10.283754] smpboot: Asserting INIT
[   10.283818] smpboot: Waiting for INIT send to finish...
[   10.579997] smpboot: status for above ^ is: 0
[   10.580061] smpboot: Deasserting INIT
[   10.580124] smpboot: Waiting for above send to finish...
[   10.580189] smpboot: #startup loops: 2
[   10.580253] smpboot: Sending STARTUP #1
[   10.580316] smpboot: After apic_write
[   10.580679] smpboot: Startup point 1
[   10.580742] smpboot: Waiting for send to finish...
[   10.581006] smpboot: Sending STARTUP #2
[   10.581116] smpboot: After apic_write
[   10.581479] smpboot: Startup point 1
[   10.581588] smpboot: Waiting for send to finish...
[   10.581853] smpboot: After Startup
[   10.581962] smpboot: Before Callout 2
[   10.582025] smpboot: After Callout 2
[   15.612859] smpboot: CPU2: Not responding
[   15.612973] smpboot: do_boot_cpu failed(1) to wakeup CPU#2
[   15.613049] doing it one more time: cpu_up !!!!!!!!!!!!
[   15.613093] smpboot: ++++++++++++++++++++=_---CPU UP  2
[   15.613211] smpboot: before calling do_boot_cpu: waiting 5 sec before continuing #2
[   20.653578] smpboot: Setting warm reset code and vector.
[   20.653700] smpboot: 1.
[   20.653763] smpboot: 2.
[   20.653824] smpboot: 3.
[   20.653887] smpboot: Asserting INIT
[   20.653950] smpboot: Waiting for INIT send to finish...
[   20.664020] smpboot: status for above ^ is: 0
[   20.664082] smpboot: Deasserting INIT
[   20.664146] smpboot: Waiting for above send to finish...
[   20.664208] smpboot: #startup loops: 2
[   20.664270] smpboot: Sending STARTUP #1
[   20.664331] smpboot: After apic_write
[   20.664692] smpboot: Startup point 1
[   20.664801] smpboot: Waiting for send to finish...
[   20.665065] smpboot: Sending STARTUP #2
[   20.665173] smpboot: After apic_write
[   20.665535] smpboot: Startup point 1
[   20.665646] smpboot: Waiting for send to finish...
[   20.665911] smpboot: After Startup
[   20.666015] smpboot: Before Callout 2
[   20.666078] smpboot: After Callout 2
[   25.685570] smpboot: CPU2: Not responding
[   25.685672] smpboot: do_boot_cpu failed(1) to wakeup CPU#2
[   25.685744] after cpu_up !!!!!!!!!!!!
[   25.685782] trying cpu_up:
[   25.685991] smpboot: ++++++++++++++++++++=_---CPU UP  3
[   25.686174] smpboot: before calling do_boot_cpu: waiting 5 sec before continuing #3
[   30.728482] smpboot: Setting warm reset code and vector.
[   30.728606] smpboot: 1.
[   30.728669] smpboot: 2.
[   30.728734] smpboot: 3.
[   30.728795] smpboot: Asserting INIT
[   30.728856] smpboot: Waiting for INIT send to finish...
[   31.167776] smpboot: status for above ^ is: 0
[   31.167887] smpboot: Deasserting INIT
[   31.167950] smpboot: Waiting for above send to finish...
[   31.168016] smpboot: #startup loops: 2
[   31.168079] smpboot: Sending STARTUP #1
[   31.168143] smpboot: After apic_write
[   31.168506] smpboot: Startup point 1
[   31.168569] smpboot: Waiting for send to finish...
[   31.168834] smpboot: Sending STARTUP #2
[   31.168945] smpboot: After apic_write
[   31.169309] smpboot: Startup point 1
[   31.169418] smpboot: Waiting for send to finish...
[   31.169849] smpboot: After Startup
[   31.169959] smpboot: Before Callout 3
[   31.170022] smpboot: After Callout 3
[   36.236516] smpboot: CPU3: Not responding
[   36.236629] smpboot: do_boot_cpu failed(1) to wakeup CPU#3
[   36.236702] doing it one more time: cpu_up !!!!!!!!!!!!
[   36.236747] smpboot: ++++++++++++++++++++=_---CPU UP  3
[   36.236871] smpboot: before calling do_boot_cpu: waiting 5 sec before continuing #3
[   41.255112] smpboot: Setting warm reset code and vector.
[   41.255237] smpboot: 1.
[   41.255302] smpboot: 2.
[   41.255362] smpboot: 3.
[   41.255422] smpboot: Asserting INIT
[   41.255483] smpboot: Waiting for INIT send to finish...
[   41.265551] smpboot: status for above ^ is: 0
[   41.265661] smpboot: Deasserting INIT
[   41.265724] smpboot: Waiting for above send to finish...
[   41.265788] smpboot: #startup loops: 2
[   41.265852] smpboot: Sending STARTUP #1
[   41.265916] smpboot: After apic_write
[   41.266279] smpboot: Startup point 1
[   41.266388] smpboot: Waiting for send to finish...
[   41.266651] smpboot: Sending STARTUP #2
[   41.266760] smpboot: After apic_write
[   41.267123] smpboot: Startup point 1
[   41.267233] smpboot: Waiting for send to finish...
[   41.268597] smpboot: After Startup
[   41.268708] smpboot: Before Callout 3
[   41.268771] smpboot: After Callout 3
[   46.287042] smpboot: CPU3: Not responding
[   46.287154] smpboot: do_boot_cpu failed(1) to wakeup CPU#3
[   46.287223] after cpu_up !!!!!!!!!!!!
[   46.287260] x86: Booted up 1 node, 2 CPUs
[   46.287378] smpboot: Boot done
[   46.287442] smpboot: Before bogomips
[   46.287506] smpboot: Total of 2 processors activated (5592.72 BogoMIPS)
[   46.287572] smpboot: Before bogocount - setting activated=1
[   45.470081] devtmpfs: initialized
[   45.470163] device: 'platform': device_add
[   45.470306] bus: 'platform': registered
[   45.470380] bus: 'cpu': registered
[   45.470445] device: 'cpu': device_add
[   45.470536] bus: 'container': registered
[   45.470601] device: 'container': device_add
[   45.471355] bus: 'workqueue': registered
[   45.471468] device: 'workqueue': device_add
[   45.473485] kworker/u8:0 (39) used greatest stack depth: 15104 bytes left
[   45.471743] atomic64_test: passed for x86-64 platform with CX8 and with SSE
[   45.471814] device class 'regulator': registering
[   45.473587] Registering platform device 'reg-dummy'. Parent at platform
[   45.473587] device: 'reg-dummy': device_add
[   45.473587] bus: 'platform': add device reg-dummy
[   45.473587] bus: 'platform': add driver reg-dummy
[   45.473587] bus: 'platform': driver_probe_device: matched device reg-dummy with driver reg-dummy
[   45.473587] bus: 'platform': really_probe: probing driver reg-dummy with device reg-dummy
[   45.473705] device: 'regulator.0': device_add
[   45.473800] regulator-dummy: no parameters
[   45.473876] driver: 'reg-dummy': driver_bound: bound to device 'reg-dummy'
[   45.473943] bus: 'platform': really_probe: bound device reg-dummy to driver reg-dummy
[   45.474185] NET: Registered protocol family 16
[   45.474550] device class 'bdi': registering
[   45.474679] bus: 'platform': add driver ramoops
[   45.474763] device class 'pci_bus': registering
[   45.474853] bus: 'pci': registered
[   45.474919] device class 'backlight': registering
[   45.474995] device class 'tty': registering
[   45.475071] device class 'vtconsole': registering
[   45.475145] device: 'vtcon0': device_add
[   45.475249] bus: 'node': registered
[   45.475348] device: 'node': device_add
[   45.475447] bus: 'i2c': registered
[   45.475439] kworker/u8:1 (53) used greatest stack depth: 14176 bytes left
[   45.475580] bus: 'i2c': add driver dummy
[   45.475654] i2c-core: driver [dummy] registered
[   45.475722] cpuidle: using governor ladder
[   45.475785] cpuidle: using governor menu
[   45.476268] ACPI FADT declares the system doesn't support PCIe ASPM, so disable it
[   45.476453] ACPI: bus type PCI registered
[   45.476518] acpiphp: ACPI Hot Plug PCI Controller Driver version: 0.5
[   45.476587] device class 'dmi': registering
[   45.476678] device: 'id': device_add
[   45.476842] PCI: MMCONFIG for domain 0000 [bus 00-3f] at [mem 0xf8000000-0xfbffffff] (base 0xf8000000)
[   45.476983] PCI: not using MMCONFIG
[   45.477045] PCI: Using configuration type 1 for base access
[   45.477108] PCI: Using configuration type 1 for extended access
[   45.477476] device: 'node0': device_add
[   45.477589] bus: 'node': add device node0
[   45.477680] device: 'cpu0': device_add
[   45.477746] bus: 'cpu': add device cpu0
[   45.477851] device: 'cpu1': device_add
[   45.477919] bus: 'cpu': add device cpu1
[   45.478024] device: 'cpu2': device_add
[   45.478125] bus: 'cpu': add device cpu2
[   45.478212] device: 'cpu3': device_add
[   45.478277] bus: 'cpu': add device cpu3
[   45.490324] device: 'writeback': device_add
[   45.490324] bus: 'workqueue': add device writeback
[   45.490324] device: 'default': device_add
[   45.490465] device class 'block': registering
[   45.490465] ACPI: Added _OSI(Module Device)
[   45.490465] ACPI: Added _OSI(Processor Device)
[   45.490465] ACPI: Added _OSI(3.0 _SCP Extensions)
[   45.490483] ACPI: Added _OSI(Processor Aggregator Device)
[   45.493567] 
**** Context Switch from TID 4294967295 to TID 133431296 ****

[   45.493782]     utils-0051 util_eval_error       : Evaluate [\_SB_.PCI0.LPC0.EC0_._GLK]: AE_NOT_FOUND
[   45.494337] Executing  Method       \_SB_.PCI0.LPC0.EC0_._REG
[   45.495118] Executing  Method       \_SB_.PCI0.LPC0.EC0_._REG
[   45.495317] Executing  Method       \_SB_.PCI0.LPC0.EC0_._REG
[   45.495517] Executing  Method       \_SB_.PCI0.LPC0.EC0_._REG
[   45.498720] Initializing Region       \_SB_.OSTY
[   45.498926] Initializing Region       \_SB_.PCI0.NBMS
[   45.499073] Initializing Region       \_SB_.PCI0.NBXP
[   45.499223] Initializing Region       \_SB_.PCI0.K8ST
[   45.500021] Initializing Region       \_SB_.PCI0.BAR1
[   45.500021] Initializing Region       \_SB_.PCI0.PB2_.XPEX
[   45.500021] Initializing Region       \_SB_.PCI0.PB2_.PCFG
[   45.500021] Initializing Region       \_SB_.PCI0.PB2_.XPCB
[   45.500021] Initializing Region       \_SB_.PCI0.PB2_.XPRI
[   45.500169] Initializing Region       \_SB_.PCI0.PB2_.VGA_.PCFG
[   45.500377] Initializing Region       \_SB_.PCI0.PB2_.HDAU.PCFG
[   45.500550] Initializing Region       \_SB_.PCI0.PB3_.XPEX
[   45.500697] Initializing Region       \_SB_.PCI0.PB3_.PCFG
[   45.500843] Initializing Region       \_SB_.PCI0.PB3_.XPCB
[   45.500991] Initializing Region       \_SB_.PCI0.PB3_.XPRI
[   45.501142] Initializing Region       \_SB_.PCI0.PB3_.VGA_.PCFG
[   45.501356] Initializing Region       \_SB_.PCI0.PB3_.HDAU.PCFG
[   45.501522] Initializing Region       \_SB_.PCI0.PB4_.XPEX
[   45.501668] Initializing Region       \_SB_.PCI0.PB4_.PCFG
[   45.501816] Initializing Region       \_SB_.PCI0.PB4_.XPCB
[   45.501963] Initializing Region       \_SB_.PCI0.PB4_.XPRI
[   45.502115] Initializing Region       \_SB_.PCI0.PB4_.XPDV.PCFG
[   45.502276] Initializing Region       \_SB_.PCI0.PB5_.XPEX
[   45.502422] Initializing Region       \_SB_.PCI0.PB5_.PCFG
[   45.502569] Initializing Region       \_SB_.PCI0.PB5_.XPCB
[   45.502717] Initializing Region       \_SB_.PCI0.PB5_.XPRI
[   45.502867] Initializing Region       \_SB_.PCI0.PB5_.XPDV.PCFG
[   45.503028] Initializing Region       \_SB_.PCI0.PB6_.XPEX
[   45.503174] Initializing Region       \_SB_.PCI0.PB6_.PCFG
[   45.503340] Initializing Region       \_SB_.PCI0.PB6_.XPCB
[   45.503489] Initializing Region       \_SB_.PCI0.PB6_.XPRI
[   45.503641] Initializing Region       \_SB_.PCI0.PB6_.XPDV.PCFG
[   45.503803] Initializing Region       \_SB_.PCI0.PB7_.XPEX
[   45.503950] Initializing Region       \_SB_.PCI0.PB7_.PCFG
[   45.504093] Initializing Region       \_SB_.PCI0.PB7_.XPCB
[   45.504230] Initializing Region       \_SB_.PCI0.PB7_.XPRI
[   45.504382] Initializing Region       \_SB_.PCI0.PB7_.XPDV.PCFG
[   45.504801] Initializing Region       \_SB_.PCI0.SATC
[   45.504963] Initializing Region       \_SB_.PCI0.RMEM
[   45.505140] Initializing Region       \_SB_.PCI0.SATA.SATX
[   45.505294] Initializing Region       \_SB_.PCI0.SATA.BAR5
[   45.513573] Initializing Region       \_SB_.PCI0.SMB_.SBRV
[   45.513784] Initializing Region       \_SB_.PCI0.SMB_.PMIO
[   45.513935] Initializing Region       \_SB_.PCI0.SMB_.ERMM
[   45.514173] Initializing Region       \_SB_.PCI0.SMB_.P1E0
[   45.514379] Initializing Region       \_SB_.PCI0.SMB_.ABIO
[   45.514529] Initializing Region       \_SB_.PCI0.SMB_.SMB0
[   45.514682] Initializing Region       \_SB_.PCI0.LPC0.PIRQ
[   45.514885] Initializing Region       \_SB_.PCI0.LPC0.LPCR
[   45.515127] Initializing Region       \_SB_.PCI0.LPC0.LPCS
[   45.515324] Initializing Region       \_SB_.PCI0.LPC0.SMI0
[   45.515461] Initializing Region       \_SB_.PCI0.LPC0.SMI1
[   45.515616] Initializing Region       \_SB_.PCI0.LPC0.EC0_.ECO1
[   45.515764] Initializing Region       \_SB_.PCI0.LPC0.EC0_.ECO2
[   45.515911] Initializing Region       \_SB_.PCI0.LPC0.EC0_.ECMB
[   45.516059] Initializing Region       \_SB_.PCI0.LPC0.EC0_.RAM_
[   45.516319] Initializing Region       \_SB_.PCI0.LPC0.EC0_.CMOS
[   45.516491] Initializing Region       \_SB_.PCI0.LPC0.EC0_.VPC0.ERAM
[   45.516812] Initializing Region       \_SB_.PCI0.SPB0.PCFG
[   45.517005] Initializing Region       \_SB_.PCI0.SPB0.XPCB
[   45.517155] Initializing Region       \_SB_.PCI0.SPB0.XPDV.PCFG
[   45.517315] Initializing Region       \_SB_.PCI0.SPB1.PCFG
[   45.517462] Initializing Region       \_SB_.PCI0.SPB1.XPCB
[   45.517613] Initializing Region       \_SB_.PCI0.SPB1.XPDV.PCFG
[   45.517773] Initializing Region       \_SB_.PCI0.SPB2.PCFG
[   45.517913] Initializing Region       \_SB_.PCI0.SPB2.XPCB
[   45.518053] Initializing Region       \_SB_.PCI0.SPB2.XPDV.PCFG
[   45.518213] Initializing Region       \_SB_.PCI0.SPB3.PCFG
[   45.518361] Initializing Region       \_SB_.PCI0.SPB3.XPCB
[   45.518511] Initializing Region       \_SB_.PCI0.SPB3.XPDV.PCFG
[   45.518829] Initializing Region       \_SB_.PCI0.VGA_.REVD
[   45.519176] Initializing BufferField  \_SB_.AMW0.WLID
[   45.519819] Initializing Region       \DEB2
[   45.520018] Initializing Region       \PMIO
[   45.520164] Initializing Region       \P01_
[   45.520329] Initializing Region       \CNVS
[   45.520473] Initializing Region       \SPRT
[   45.520636] Initializing Region       \CMIO
[   45.520942] Executing  Method       \_SB_._STA
[   45.521159] Executing  Method       \_SB_._INI
[   45.521329] Executing  Method       \_SB_.PCI0._STA
[   45.521499] Executing  Method       \_SB_.PCI0._INI
[   45.521882] [Firmware Bug]: ACPI: BIOS _OSI(Linux) query ignored
[   45.522406] Executing  Method       \_SB_.PCI0.SATA._STA
[   45.522624] Executing  Method       \_SB_.PCI0.SATA._INI
[   45.523684] Executing  Method       \_SB_.PCI0.LPC0.EC0_._REG
[   45.550154] ACPI: Interpreter enabled
[   45.550239] ACPI: (supports S0 S5)
[   45.550239] ACPI: Using IOAPIC for interrupt routing
[   45.551537] PCI: MMCONFIG for domain 0000 [bus 00-3f] at [mem 0xf8000000-0xfbffffff] (base 0xf8000000)
[   45.552464] PCI: MMCONFIG at [mem 0xf8000000-0xfbffffff] reserved in ACPI motherboard resources
[   45.553335] bus: 'acpi': registered
[   45.553392] PCI: Using host bridge windows from ACPI; if necessary, use "pci=nocrs" and report a bug
[   45.553392]      scan-1141 get_device_data       : No context for object [ffffffffffffffff]
[   45.553392]     utils-0051 util_eval_error       : Evaluate [\._STA]: AE_NOT_FOUND
[   45.553490] device: 'LNXSYSTM:00': device_add
[   45.553560] bus: 'acpi': add device LNXSYSTM:00
[   45.553651]     utils-0051 util_eval_error       : Evaluate [\._SUN]: AE_NOT_FOUND
[   45.553849]      scan-1933 add_single_object     : Added LNXSYSTM:00 [\] parent (null)
[   45.554069]      scan-1141 get_device_data       : No context for object [ffff88040d81d000]
[   45.554280]      scan-1141 get_device_data       : No context for object [ffff88040d8377d0]
[   45.554490]      scan-1141 get_device_data       : No context for object [ffff88040d8377f8]
[   45.554700]      scan-1141 get_device_data       : No context for object [ffff88040d837820]
[   45.554885]      scan-1141 get_device_data       : No context for object [ffff88040d837848]
[   45.555094]      scan-1141 get_device_data       : No context for object [ffff88040d837870]
[   45.555303]      scan-1141 get_device_data       : No context for object [ffff88040d837898]
[   45.555513]      scan-1141 get_device_data       : No context for object [ffff88040d8378c0]
[   45.555723]      scan-1141 get_device_data       : No context for object [ffff88040d8378e8]
[   45.555886]      scan-1141 get_device_data       : No context for object [ffff88040d839398]
[   45.556069]      scan-1141 get_device_data       : No context for object [ffff88040d81d028]
[   45.556266]      scan-1141 get_device_data       : No context for object [ffff88040d81d168]
[   45.556465]     utils-0051 util_eval_error       : Evaluate [\_PR_.C000._STA]: AE_NOT_FOUND
[   45.556668]      scan-1141 get_device_data       : No context for object [ffff88040d81d028]
[   45.556852] device: 'LNXCPU:00': device_add
[   45.556915] bus: 'acpi': add device LNXCPU:00
[   45.556990]     utils-0051 util_eval_error       : Evaluate [\_PR_.C000._SUN]: AE_NOT_FOUND
[   45.557197]      scan-1933 add_single_object     : Added LNXCPU:00 [\_PR_.C000] parent LNXSYSTM:00
[   45.557399]      scan-1141 get_device_data       : No context for object [ffff88040d83c398]
[   45.557597]      scan-1141 get_device_data       : No context for object [ffff88040d83c3c0]
[   45.557794]      scan-1141 get_device_data       : No context for object [ffff88040d83c3e8]
[   45.557973]      scan-1141 get_device_data       : No context for object [ffff88040d83c410]
[   45.558170]      scan-1141 get_device_data       : No context for object [ffff88040d83c438]
[   45.558367]      scan-1141 get_device_data       : No context for object [ffff88040d83c460]
[   45.558565]      scan-1141 get_device_data       : No context for object [ffff88040d81d190]
[   45.558763]     utils-0051 util_eval_error       : Evaluate [\_PR_.C001._STA]: AE_NOT_FOUND
[   45.558915]      scan-1141 get_device_data       : No context for object [ffff88040d81d028]
[   45.559101] device: 'LNXCPU:01': device_add
[   45.559164] bus: 'acpi': add device LNXCPU:01
[   45.559241]     utils-0051 util_eval_error       : Evaluate [\_PR_.C001._SUN]: AE_NOT_FOUND
[   45.560014]      scan-1933 add_single_object     : Added LNXCPU:01 [\_PR_.C001] parent LNXSYSTM:00
[   45.560014]      scan-1141 get_device_data       : No context for object [ffff88040d83c488]
[   45.560014]      scan-1141 get_device_data       : No context for object [ffff88040d83c4b0]
[   45.560014]      scan-1141 get_device_data       : No context for object [ffff88040d83c4d8]
[   45.560201]      scan-1141 get_device_data       : No context for object [ffff88040d83c500]
[   45.560398]      scan-1141 get_device_data       : No context for object [ffff88040d83c528]
[   45.560596]      scan-1141 get_device_data       : No context for object [ffff88040d83c550]
[   45.560793]      scan-1141 get_device_data       : No context for object [ffff88040d81d1b8]
[   45.560992]     utils-0051 util_eval_error       : Evaluate [\_PR_.C002._STA]: AE_NOT_FOUND
[   45.561191]      scan-1141 get_device_data       : No context for object [ffff88040d81d028]
[   45.561398] device: 'LNXCPU:02': device_add
[   45.561460] bus: 'acpi': add device LNXCPU:02
[   45.561535]     utils-0051 util_eval_error       : Evaluate [\_PR_.C002._SUN]: AE_NOT_FOUND
[   45.561742]      scan-1933 add_single_object     : Added LNXCPU:02 [\_PR_.C002] parent LNXSYSTM:00
[   45.561898]      scan-1141 get_device_data       : No context for object [ffff88040d83c578]
[   45.562075]      scan-1141 get_device_data       : No context for object [ffff88040d83c5a0]
[   45.562273]      scan-1141 get_device_data       : No context for object [ffff88040d83c5c8]
[   45.562470]      scan-1141 get_device_data       : No context for object [ffff88040d83c5f0]
[   45.562668]      scan-1141 get_device_data       : No context for object [ffff88040d83c618]
[   45.562845]      scan-1141 get_device_data       : No context for object [ffff88040d83c640]
[   45.563043]      scan-1141 get_device_data       : No context for object [ffff88040d81d1e0]
[   45.563241]     utils-0051 util_eval_error       : Evaluate [\_PR_.C003._STA]: AE_NOT_FOUND
[   45.563465]      scan-1141 get_device_data       : No context for object [ffff88040d81d028]
[   45.563672] device: 'LNXCPU:03': device_add
[   45.563734] bus: 'acpi': add device LNXCPU:03
[   45.563809]     utils-0051 util_eval_error       : Evaluate [\_PR_.C003._SUN]: AE_NOT_FOUND
[   45.563995]      scan-1933 add_single_object     : Added LNXCPU:03 [\_PR_.C003] parent LNXSYSTM:00
[   45.564198]      scan-1141 get_device_data       : No context for object [ffff88040d83c668]
[   45.564395]      scan-1141 get_device_data       : No context for object [ffff88040d83c690]
[   45.564593]      scan-1141 get_device_data       : No context for object [ffff88040d83c6b8]
[   45.564791]      scan-1141 get_device_data       : No context for object [ffff88040d83c6e0]
[   45.564968]      scan-1141 get_device_data       : No context for object [ffff88040d83c708]
[   45.565165]      scan-1141 get_device_data       : No context for object [ffff88040d83c730]
[   45.565363]      scan-1141 get_device_data       : No context for object [ffff88040d81d050]
[   45.565562]     utils-0051 util_eval_error       : Evaluate [\_SB_._STA]: AE_NOT_FOUND
[   45.565809] device: 'LNXSYBUS:00': device_add
[   45.565896] bus: 'acpi': add device LNXSYBUS:00
[   45.566680]     utils-0051 util_eval_error       : Evaluate [\_SB_._SUN]: AE_NOT_FOUND
[   45.566711]      scan-1933 add_single_object     : Added LNXSYBUS:00 [\_SB_] parent LNXSYSTM:00
[   45.566711]      scan-1141 get_device_data       : No context for object [ffff88040d81d3c0]
[   45.566711]      scan-1141 get_device_data       : No context for object [ffff88040d81d3e8]
[   45.566711]      scan-1141 get_device_data       : No context for object [ffff88040d81d410]
[   45.566850]      scan-1141 get_device_data       : No context for object [ffff88040d81d438]
[   45.567046]      scan-1141 get_device_data       : No context for object [ffff88040d81d460]
[   45.567241]      scan-1141 get_device_data       : No context for object [ffff88040d81d488]
[   45.567435]      scan-1141 get_device_data       : No context for object [ffff88040d81d4b0]
[   45.567630]      scan-1141 get_device_data       : No context for object [ffff88040d81d5a0]
[   45.567779]     utils-0051 util_eval_error       : Evaluate [\_SB_.PWRB._STA]: AE_NOT_FOUND
[   45.567990] device: 'PNP0C0C:00': device_add
[   45.568053] bus: 'acpi': add device PNP0C0C:00
[   45.568127]     utils-0051 util_eval_error       : Evaluate [\_SB_.PWRB._SUN]: AE_NOT_FOUND
[   45.568331]      scan-1933 add_single_object     : Added PNP0C0C:00 [\_SB_.PWRB] parent LNXSYBUS:00
[   45.568535]      scan-1141 get_device_data       : No context for object [ffff88040d81d5c8]
[   45.568719]      scan-1141 get_device_data       : No context for object [ffff88040d81d5f0]
[   45.568917]     utils-0051 util_eval_error       : Evaluate [\_SB_.PCI0._STA]: AE_NOT_FOUND
[   45.569166] device: 'PNP0A08:00': device_add
[   45.569273] bus: 'acpi': add device PNP0A08:00
[   45.569350]     utils-0051 util_eval_error       : Evaluate [\_SB_.PCI0._SUN]: AE_NOT_FOUND
[   45.570015]      scan-1933 add_single_object     : Added PNP0A08:00 [\_SB_.PCI0] parent LNXSYBUS:00
[   45.570015]      scan-1141 get_device_data       : No context for object [ffff88040d81d618]
[   45.570210]      scan-1141 get_device_data       : No context for object [ffff88040d81d640]
[   45.570407]      scan-1141 get_device_data       : No context for object [ffff88040d81d668]
[   45.570605]      scan-1141 get_device_data       : No context for object [ffff88040d81d690]
[   45.570802]      scan-1141 get_device_data       : No context for object [ffff88040d81d6b8]
[   45.570999]      scan-1141 get_device_data       : No context for object [ffff88040d81d6e0]
[   45.571197]      scan-1141 get_device_data       : No context for object [ffff88040d81d708]
[   45.571395]      scan-1141 get_device_data       : No context for object [ffff88040d81d730]
[   45.571592]      scan-1141 get_device_data       : No context for object [ffff88040d81d758]
[   45.571789]      scan-1141 get_device_data       : No context for object [ffff88040d81d780]
[   45.571986]      scan-1141 get_device_data       : No context for object [ffff88040d81d7a8]
[   45.572183]      scan-1141 get_device_data       : No context for object [ffff88040d81d7d0]
[   45.572380]      scan-1141 get_device_data       : No context for object [ffff88040d81d7f8]
[   45.573336]      scan-1141 get_device_data       : No context for object [ffff88040d81d820]
[   45.573533]      scan-1141 get_device_data       : No context for object [ffff88040d81d848]
[   45.573731]      scan-1141 get_device_data       : No context for object [ffff88040d81d870]
[   45.573928]      scan-1141 get_device_data       : No context for object [ffff88040d81d898]
[   45.574126]      scan-1141 get_device_data       : No context for object [ffff88040d81d8c0]
[   45.574324]      scan-1141 get_device_data       : No context for object [ffff88040d81d8e8]
[   45.574521]      scan-1141 get_device_data       : No context for object [ffff88040d81d910]
[   45.574718]      scan-1141 get_device_data       : No context for object [ffff88040d81d938]
[   45.574895]      scan-1141 get_device_data       : No context for object [ffff88040d81d960]
[   45.575092]      scan-1141 get_device_data       : No context for object [ffff88040d81d988]
[   45.575290]      scan-1141 get_device_data       : No context for object [ffff88040d81d9b0]
[   45.575487]      scan-1141 get_device_data       : No context for object [ffff88040d81d9d8]
[   45.575684]      scan-1141 get_device_data       : No context for object [ffff88040d81da00]
[   45.575836]      scan-1141 get_device_data       : No context for object [ffff88040d81da28]
[   45.576012]      scan-1141 get_device_data       : No context for object [ffff88040d81da50]
[   45.576210]      scan-1141 get_device_data       : No context for object [ffff88040d81da78]
[   45.576408]      scan-1141 get_device_data       : No context for object [ffff88040d81daa0]
[   45.576669]      scan-1141 get_device_data       : No context for object [ffff88040d81dac8]
[   45.576845]      scan-1141 get_device_data       : No context for object [ffff88040d81daf0]
[   45.577042]      scan-1141 get_device_data       : No context for object [ffff88040d81db18]
[   45.577239]      scan-1141 get_device_data       : No context for object [ffff88040d81db40]
[   45.577436]      scan-1141 get_device_data       : No context for object [ffff88040d81db68]
[   45.577633]      scan-1141 get_device_data       : No context for object [ffff88040d81db90]
[   45.577818]      scan-1141 get_device_data       : No context for object [ffff88040d81dbb8]
[   45.578016]      scan-1141 get_device_data       : No context for object [ffff88040d81dbe0]
[   45.578213]      scan-1141 get_device_data       : No context for object [ffff88040d81dc08]
[   45.578410]      scan-1141 get_device_data       : No context for object [ffff88040d81dc30]
[   45.578607]      scan-1141 get_device_data       : No context for object [ffff88040d81dc58]
[   45.578804]      scan-1141 get_device_data       : No context for object [ffff88040d81dc80]
[   45.579001]      scan-1141 get_device_data       : No context for object [ffff88040d81dca8]
[   45.579199]      scan-1141 get_device_data       : No context for object [ffff88040d81dcd0]
[   45.579397]      scan-1141 get_device_data       : No context for object [ffff88040d81dcf8]
[   45.579594]      scan-1141 get_device_data       : No context for object [ffff88040d81dd20]
[   45.579791]      scan-1141 get_device_data       : No context for object [ffff88040d81dd48]
[   45.580002]      scan-1141 get_device_data       : No context for object [ffff88040d81dd70]
[   45.580199]      scan-1141 get_device_data       : No context for object [ffff88040d81dd98]
[   45.580397]      scan-1141 get_device_data       : No context for object [ffff88040d81ddc0]
[   45.580594]      scan-1141 get_device_data       : No context for object [ffff88040d81dde8]
[   45.580791]      scan-1141 get_device_data       : No context for object [ffff88040d81de10]
[   45.580968]      scan-1141 get_device_data       : No context for object [ffff88040d81de38]
[   45.581166]      scan-1141 get_device_data       : No context for object [ffff88040d81de60]
[   45.581363]      scan-1141 get_device_data       : No context for object [ffff88040d81de88]
[   45.581561]      scan-1141 get_device_data       : No context for object [ffff88040d81deb0]
[   45.581758]      scan-1141 get_device_data       : No context for object [ffff88040d81ded8]
[   45.581909]      scan-1141 get_device_data       : No context for object [ffff88040d81df00]
[   45.582085]      scan-1141 get_device_data       : No context for object [ffff88040d81df28]
[   45.582283]      scan-1141 get_device_data       : No context for object [ffff88040d81df50]
[   45.582480]      scan-1141 get_device_data       : No context for object [ffff88040d81df78]
[   45.582674]      scan-1141 get_device_data       : No context for object [ffff88040d81dfa0]
[   45.582851]      scan-1141 get_device_data       : No context for object [ffff88040d81dfc8]
[   45.583046]      scan-1141 get_device_data       : No context for object [ffff88040d822000]
[   45.583241]      scan-1141 get_device_data       : No context for object [ffff88040d822028]
[   45.583337]     utils-0051 util_eval_error       : Evaluate [\_SB_.PCI0.MEMR._STA]: AE_NOT_FOUND
[   45.583570] device: 'PNP0C02:00': device_add
[   45.583681] bus: 'acpi': add device PNP0C02:00
[   45.583754]     utils-0051 util_eval_error       : Evaluate [\_SB_.PCI0.MEMR._SUN]: AE_NOT_FOUND
[   45.583940]      scan-1933 add_single_object     : Added PNP0C02:00 [\_SB_.PCI0.MEMR] parent PNP0A08:00
[   45.584143]      scan-1141 get_device_data       : No context for object [ffff88040d822050]
[   45.584339]      scan-1141 get_device_data       : No context for object [ffff88040d822078]
[   45.584537]      scan-1141 get_device_data       : No context for object [ffff88040d8220a0]
[   45.584730]      scan-1141 get_device_data       : No context for object [ffff88040d8220c8]
[   45.584926]      scan-1141 get_device_data       : No context for object [ffff88040d8220f0]
[   45.585121]      scan-1141 get_device_data       : No context for object [ffff88040d822118]
[   45.585316]      scan-1141 get_device_data       : No context for object [ffff88040d822140]
[   45.585511]      scan-1141 get_device_data       : No context for object [ffff88040d822168]
[   45.585705]      scan-1141 get_device_data       : No context for object [ffff88040d822190]
[   45.585900]      scan-1141 get_device_data       : No context for object [ffff88040d8221b8]
[   45.586096]      scan-1141 get_device_data       : No context for object [ffff88040d8221e0]
[   45.586291]      scan-1141 get_device_data       : No context for object [ffff88040d822208]
[   45.586484]      scan-1141 get_device_data       : No context for object [ffff88040d822230]
[   45.586669]      scan-1141 get_device_data       : No context for object [ffff88040d822258]
[   45.586849]      scan-1141 get_device_data       : No context for object [ffff88040d822280]
[   45.587046]      scan-1141 get_device_data       : No context for object [ffff88040d8222a8]
[   45.587245]     utils-0051 util_eval_error       : Evaluate [\_SB_.PCI0.PB2_._STA]: AE_NOT_FOUND
[   45.587546] device: 'device:00': device_add
[   45.587609] bus: 'acpi': add device device:00
[   45.587683]     utils-0051 util_eval_error       : Evaluate [\_SB_.PCI0.PB2_._SUN]: AE_NOT_FOUND
[   45.587870]      scan-1933 add_single_object     : Added device:00 [\_SB_.PCI0.PB2_] parent PNP0A08:00
[   45.588069]      scan-1141 get_device_data       : No context for object [ffff88040d8222d0]
[   45.589286]      scan-1141 get_device_data       : No context for object [ffff88040d8222f8]
[   45.589484]      scan-1141 get_device_data       : No context for object [ffff88040d822320]
[   45.589682]      scan-1141 get_device_data       : No context for object [ffff88040d822348]
[   45.589860]      scan-1141 get_device_data       : No context for object [ffff88040d822370]
[   45.590165]      scan-1141 get_device_data       : No context for object [ffff88040d822398]
[   45.590363]      scan-1141 get_device_data       : No context for object [ffff88040d8223c0]
[   45.590560]      scan-1141 get_device_data       : No context for object [ffff88040d8223e8]
[   45.590757]      scan-1141 get_device_data       : No context for object [ffff88040d822410]
[   45.590908]      scan-1141 get_device_data       : No context for object [ffff88040d822438]
[   45.591085]      scan-1141 get_device_data       : No context for object [ffff88040d822460]
[   45.591282]      scan-1141 get_device_data       : No context for object [ffff88040d822488]
[   45.591479]      scan-1141 get_device_data       : No context for object [ffff88040d8224b0]
[   45.591677]      scan-1141 get_device_data       : No context for object [ffff88040d8224d8]
[   45.591853]      scan-1141 get_device_data       : No context for object [ffff88040d822500]
[   45.592051]      scan-1141 get_device_data       : No context for object [ffff88040d822528]
[   45.592249]      scan-1141 get_device_data       : No context for object [ffff88040d822550]
[   45.592446]      scan-1141 get_device_data       : No context for object [ffff88040d822578]
[   45.592644]      scan-1141 get_device_data       : No context for object [ffff88040d8225a0]
[   45.592823]      scan-1141 get_device_data       : No context for object [ffff88040d8225c8]
[   45.593020]      scan-1141 get_device_data       : No context for object [ffff88040d8225f0]
[   45.593217]      scan-1141 get_device_data       : No context for object [ffff88040d822618]
[   45.593335]      scan-1141 get_device_data       : No context for object [ffff88040d822640]
[   45.593533]      scan-1141 get_device_data       : No context for object [ffff88040d822668]
[   45.593730]      scan-1141 get_device_data       : No context for object [ffff88040d822690]
[   45.593927]      scan-1141 get_device_data       : No context for object [ffff88040d8226b8]
[   45.594125]      scan-1141 get_device_data       : No context for object [ffff88040d8226e0]
[   45.594323]      scan-1141 get_device_data       : No context for object [ffff88040d822708]
[   45.594520]      scan-1141 get_device_data       : No context for object [ffff88040d822730]
[   45.594718]      scan-1141 get_device_data       : No context for object [ffff88040d822758]
[   45.594915]      scan-1141 get_device_data       : No context for object [ffff88040d822780]
[   45.595114]     utils-0051 util_eval_error       : Evaluate [\_SB_.PCI0.PB2_.VGA_._STA]: AE_NOT_FOUND
[   45.595354] device: 'device:01': device_add
[   45.595463] bus: 'acpi': add device device:01
[   45.595539]     utils-0051 util_eval_error       : Evaluate [\_SB_.PCI0.PB2_.VGA_._SUN]: AE_NOT_FOUND
[   45.595747]      scan-1933 add_single_object     : Added device:01 [\_SB_.PCI0.PB2_.VGA_] parent device:00
[   45.595950]      scan-1141 get_device_data       : No context for object [ffff88040d8227a8]
[   45.596148]      scan-1141 get_device_data       : No context for object [ffff88040d8227d0]
[   45.596345]      scan-1141 get_device_data       : No context for object [ffff88040d8227f8]
[   45.596542]      scan-1141 get_device_data       : No context for object [ffff88040d822820]
[   45.596831]      scan-1141 get_device_data       : No context for object [ffff88040d822848]
[   45.597029]      scan-1141 get_device_data       : No context for object [ffff88040d822870]
[   45.597227]      scan-1141 get_device_data       : No context for object [ffff88040d822898]
[   45.597424]      scan-1141 get_device_data       : No context for object [ffff88040d8228c0]
[   45.597622]      scan-1141 get_device_data       : No context for object [ffff88040d8228e8]
[   45.597820]      scan-1141 get_device_data       : No context for object [ffff88040d822910]
[   45.598017]      scan-1141 get_device_data       : No context for object [ffff88040d822938]
[   45.598215]      scan-1141 get_device_data       : No context for object [ffff88040d822960]
[   45.598412]      scan-1141 get_device_data       : No context for object [ffff88040d822988]
[   45.598610]      scan-1141 get_device_data       : No context for object [ffff88040d8229b0]
[   45.598807]      scan-1141 get_device_data       : No context for object [ffff88040d8229d8]
[   45.599005]      scan-1141 get_device_data       : No context for object [ffff88040d822a00]
[   45.599203]      scan-1141 get_device_data       : No context for object [ffff88040d822a28]
[   45.599397]      scan-1141 get_device_data       : No context for object [ffff88040d822a50]
[   45.599592]      scan-1141 get_device_data       : No context for object [ffff88040d822a78]
[   45.599787]      scan-1141 get_device_data       : No context for object [ffff88040d822aa0]
[   45.599936]      scan-1141 get_device_data       : No context for object [ffff88040d822ac8]
[   45.600109]      scan-1141 get_device_data       : No context for object [ffff88040d822af0]
[   45.600303]      scan-1141 get_device_data       : No context for object [ffff88040d822b18]
[   45.600499]      scan-1141 get_device_data       : No context for object [ffff88040d822b40]
[   45.600693]      scan-1141 get_device_data       : No context for object [ffff88040d822b68]
[   45.600870]      scan-1141 get_device_data       : No context for object [ffff88040d822b90]
[   45.601063]      scan-1141 get_device_data       : No context for object [ffff88040d822bb8]
[   45.601257]      scan-1141 get_device_data       : No context for object [ffff88040d822be0]
[   45.601452]      scan-1141 get_device_data       : No context for object [ffff88040d822c08]
[   45.601647]      scan-1141 get_device_data       : No context for object [ffff88040d822c30]
[   45.601827]      scan-1141 get_device_data       : No context for object [ffff88040d822c58]
[   45.602022]      scan-1141 get_device_data       : No context for object [ffff88040d822c80]
[   45.602219]      scan-1141 get_device_data       : No context for object [ffff88040d822ca8]
[   45.602414]      scan-1141 get_device_data       : No context for object [ffff88040d822cd0]
[   45.602608]      scan-1141 get_device_data       : No context for object [ffff88040d822cf8]
[   45.602803]      scan-1141 get_device_data       : No context for object [ffff88040d822d20]
[   45.602999]      scan-1141 get_device_data       : No context for object [ffff88040d822d48]
[   45.603194]      scan-1141 get_device_data       : No context for object [ffff88040d822d70]
[   45.603336]      scan-1141 get_device_data       : No context for object [ffff88040d822d98]
[   45.603533]      scan-1141 get_device_data       : No context for object [ffff88040d837438]
[   45.603730]      scan-1141 get_device_data       : No context for object [ffff88040d822dc0]
[   45.603915]     utils-0051 util_eval_error       : Evaluate [\_SB_.PCI0.PB2_.HDAU._STA]: AE_NOT_FOUND
[   45.604148] device: 'device:02': device_add
[   45.604215] bus: 'acpi': add device device:02
[   45.604289]     utils-0051 util_eval_error       : Evaluate [\_SB_.PCI0.PB2_.HDAU._SUN]: AE_NOT_FOUND
[   45.604496]      scan-1933 add_single_object     : Added device:02 [\_SB_.PCI0.PB2_.HDAU] parent device:00
[   45.604699]      scan-1141 get_device_data       : No context for object [ffff88040d822de8]
[   45.604851]      scan-1141 get_device_data       : No context for object [ffff88040d822e10]
[   45.605029]      scan-1141 get_device_data       : No context for object [ffff88040d822e38]
[   45.605226]      scan-1141 get_device_data       : No context for object [ffff88040d822e60]
[   45.605423]      scan-1141 get_device_data       : No context for object [ffff88040d822e88]
[   45.605621]      scan-1141 get_device_data       : No context for object [ffff88040d822eb0]
[   45.605797]      scan-1141 get_device_data       : No context for object [ffff88040d822ed8]
[   45.605997]     utils-0051 util_eval_error       : Evaluate [\_SB_.PCI0.PB3_._STA]: AE_NOT_FOUND
[   45.606293] device: 'device:03': device_add
[   45.606356] bus: 'acpi': add device device:03
[   45.606432]     utils-0051 util_eval_error       : Evaluate [\_SB_.PCI0.PB3_._SUN]: AE_NOT_FOUND
[   45.606702]      scan-1933 add_single_object     : Added device:03 [\_SB_.PCI0.PB3_] parent PNP0A08:00
[   45.607854]      scan-1141 get_device_data       : No context for object [ffff88040d822f00]
[   45.608052]      scan-1141 get_device_data       : No context for object [ffff88040d822f28]
[   45.608250]      scan-1141 get_device_data       : No context for object [ffff88040d822f50]
[   45.608448]      scan-1141 get_device_data       : No context for object [ffff88040d822f78]
[   45.608645]      scan-1141 get_device_data       : No context for object [ffff88040d822fa0]
[   45.608822]      scan-1141 get_device_data       : No context for object [ffff88040d822fc8]
[   45.609019]      scan-1141 get_device_data       : No context for object [ffff88040d823000]
[   45.609217]      scan-1141 get_device_data       : No context for object [ffff88040d823028]
[   45.609415]      scan-1141 get_device_data       : No context for object [ffff88040d823050]
[   45.609612]      scan-1141 get_device_data       : No context for object [ffff88040d823078]
[   45.609809]      scan-1141 get_device_data       : No context for object [ffff88040d8230a0]
[   45.610002]      scan-1141 get_device_data       : No context for object [ffff88040d8230c8]
[   45.610200]      scan-1141 get_device_data       : No context for object [ffff88040d8230f0]
[   45.610397]      scan-1141 get_device_data       : No context for object [ffff88040d823118]
[   45.610595]      scan-1141 get_device_data       : No context for object [ffff88040d823140]
[   45.610793]      scan-1141 get_device_data       : No context for object [ffff88040d823168]
[   45.610990]      scan-1141 get_device_data       : No context for object [ffff88040d823190]
[   45.611188]      scan-1141 get_device_data       : No context for object [ffff88040d8231b8]
[   45.611385]      scan-1141 get_device_data       : No context for object [ffff88040d8231e0]
[   45.611582]      scan-1141 get_device_data       : No context for object [ffff88040d823208]
[   45.611779]      scan-1141 get_device_data       : No context for object [ffff88040d823230]
[   45.611976]      scan-1141 get_device_data       : No context for object [ffff88040d823258]
[   45.612174]      scan-1141 get_device_data       : No context for object [ffff88040d823280]
[   45.612371]      scan-1141 get_device_data       : No context for object [ffff88040d8232a8]
[   45.612569]      scan-1141 get_device_data       : No context for object [ffff88040d8232d0]
[   45.612766]      scan-1141 get_device_data       : No context for object [ffff88040d8232f8]
[   45.612944]      scan-1141 get_device_data       : No context for object [ffff88040d823320]
[   45.613141]      scan-1141 get_device_data       : No context for object [ffff88040d823348]
[   45.613335]      scan-1141 get_device_data       : No context for object [ffff88040d823370]
[   45.613533]      scan-1141 get_device_data       : No context for object [ffff88040d823398]
[   45.613730]      scan-1141 get_device_data       : No context for object [ffff88040d8233c0]
[   45.613883]     utils-0051 util_eval_error       : Evaluate [\_SB_.PCI0.PB3_.VGA_._STA]: AE_NOT_FOUND
[   45.614092]     video-0058 backlight_cap_match   : Found generic backlight support
[   45.614301] device: 'LNXVIDEO:00': device_add
[   45.614364] bus: 'acpi': add device LNXVIDEO:00
[   45.614444]     utils-0051 util_eval_error       : Evaluate [\_SB_.PCI0.PB3_.VGA_._SUN]: AE_NOT_FOUND
[   45.614653]      scan-1933 add_single_object     : Added LNXVIDEO:00 [\_SB_.PCI0.PB3_.VGA_] parent device:03
[   45.614838]      scan-1141 get_device_data       : No context for object [ffff88040d8233e8]
[   45.615036]      scan-1141 get_device_data       : No context for object [ffff88040d823410]
[   45.615233]      scan-1141 get_device_data       : No context for object [ffff88040d823438]
[   45.615431]      scan-1141 get_device_data       : No context for object [ffff88040d823460]
[   45.615629]      scan-1141 get_device_data       : No context for object [ffff88040d823488]
[   45.615805]      scan-1141 get_device_data       : No context for object [ffff88040d8234b0]
[   45.616000]      scan-1141 get_device_data       : No context for object [ffff88040d8234d8]
[   45.616195]      scan-1141 get_device_data       : No context for object [ffff88040d823500]
[   45.616390]      scan-1141 get_device_data       : No context for object [ffff88040d823528]
[   45.616584]      scan-1141 get_device_data       : No context for object [ffff88040d823550]
[   45.616796]      scan-1141 get_device_data       : No context for object [ffff88040d823578]
[   45.616992]      scan-1141 get_device_data       : No context for object [ffff88040d8235a0]
[   45.617186]      scan-1141 get_device_data       : No context for object [ffff88040d8235c8]
[   45.617382]      scan-1141 get_device_data       : No context for object [ffff88040d8235f0]
[   45.617576]      scan-1141 get_device_data       : No context for object [ffff88040d823618]
[   45.617771]      scan-1141 get_device_data       : No context for object [ffff88040d823640]
[   45.617955]      scan-1141 get_device_data       : No context for object [ffff88040d823668]
[   45.618149]      scan-1141 get_device_data       : No context for object [ffff88040d823690]
[   45.618344]      scan-1141 get_device_data       : No context for object [ffff88040d8236b8]
[   45.618539]      scan-1141 get_device_data       : No context for object [ffff88040d8236e0]
[   45.618733]      scan-1141 get_device_data       : No context for object [ffff88040d823708]
[   45.618881]      scan-1141 get_device_data       : No context for object [ffff88040d823730]
[   45.619057]      scan-1141 get_device_data       : No context for object [ffff88040d823758]
[   45.619252]      scan-1141 get_device_data       : No context for object [ffff88040d823780]
[   45.619448]      scan-1141 get_device_data       : No context for object [ffff88040d8237a8]
[   45.619639]      scan-1141 get_device_data       : No context for object [ffff88040d8237d0]
[   45.619816]      scan-1141 get_device_data       : No context for object [ffff88040d8237f8]
[   45.620002]      scan-1141 get_device_data       : No context for object [ffff88040d823820]
[   45.620198]      scan-1141 get_device_data       : No context for object [ffff88040d823848]
[   45.620395]      scan-1141 get_device_data       : No context for object [ffff88040d823870]
[   45.620593]      scan-1141 get_device_data       : No context for object [ffff88040d823898]
[   45.620790]      scan-1141 get_device_data       : No context for object [ffff88040d8238c0]
[   45.620987]      scan-1141 get_device_data       : No context for object [ffff88040d8238e8]
[   45.621184]      scan-1141 get_device_data       : No context for object [ffff88040d823910]
[   45.621381]      scan-1141 get_device_data       : No context for object [ffff88040d823938]
[   45.621579]      scan-1141 get_device_data       : No context for object [ffff88040d823960]
[   45.621776]      scan-1141 get_device_data       : No context for object [ffff88040d823988]
[   45.621973]      scan-1141 get_device_data       : No context for object [ffff88040d8239b0]
[   45.622171]      scan-1141 get_device_data       : No context for object [ffff88040d8239d8]
[   45.622368]      scan-1141 get_device_data       : No context for object [ffff88040d837460]
[   45.622566]      scan-1141 get_device_data       : No context for object [ffff88040d83ac08]
[   45.622764]      scan-1141 get_device_data       : No context for object [ffff88040d83ac30]
[   45.622940]      scan-1141 get_device_data       : No context for object [ffff88040d83ac58]
[   45.623139]     utils-0051 util_eval_error       : Evaluate [\_SB_.PCI0.PB3_.VGA_.CRT_._STA]: AE_NOT_FOUND
[   45.623380] device: 'device:04': device_add
[   45.623490] bus: 'acpi': add device device:04
[   45.623566]     utils-0051 util_eval_error       : Evaluate [\_SB_.PCI0.PB3_.VGA_.CRT_._SUN]: AE_NOT_FOUND
[   45.623773]      scan-1933 add_single_object     : Added device:04 [\_SB_.PCI0.PB3_.VGA_.CRT_] parent LNXVIDEO:00
[   45.623954]      scan-1141 get_device_data       : No context for object [ffff88040d83ac80]
[   45.624151]      scan-1141 get_device_data       : No context for object [ffff88040d83aca8]
[   45.624349]      scan-1141 get_device_data       : No context for object [ffff88040d83acd0]
[   45.624546]      scan-1141 get_device_data       : No context for object [ffff88040d83acf8]
[   45.624744]      scan-1141 get_device_data       : No context for object [ffff88040d83ad20]
[   45.624945]     utils-0051 util_eval_error       : Evaluate [\_SB_.PCI0.PB3_.VGA_.LCD_._STA]: AE_NOT_FOUND
[   45.625188] device: 'device:05': device_add
[   45.626362] bus: 'acpi': add device device:05
[   45.626437]     utils-0051 util_eval_error       : Evaluate [\_SB_.PCI0.PB3_.VGA_.LCD_._SUN]: AE_NOT_FOUND
[   45.626701]      scan-1933 add_single_object     : Added device:05 [\_SB_.PCI0.PB3_.VGA_.LCD_] parent LNXVIDEO:00
[   45.626859]      scan-1141 get_device_data       : No context for object [ffff88040d83ad48]
[   45.627057]      scan-1141 get_device_data       : No context for object [ffff88040d83ad70]
[   45.627255]      scan-1141 get_device_data       : No context for object [ffff88040d83ad98]
[   45.627452]      scan-1141 get_device_data       : No context for object [ffff88040d83adc0]
[   45.627650]      scan-1141 get_device_data       : No context for object [ffff88040d83ade8]
[   45.627831]      scan-1141 get_device_data       : No context for object [ffff88040d83ae10]
[   45.628028]      scan-1141 get_device_data       : No context for object [ffff88040d83ae38]
[   45.628226]      scan-1141 get_device_data       : No context for object [ffff88040d83ae60]
[   45.628425]     utils-0051 util_eval_error       : Evaluate [\_SB_.PCI0.PB3_.VGA_.TV0_._STA]: AE_NOT_FOUND
[   45.628658] device: 'device:06': device_add
[   45.628721] bus: 'acpi': add device device:06
[   45.628798]     utils-0051 util_eval_error       : Evaluate [\_SB_.PCI0.PB3_.VGA_.TV0_._SUN]: AE_NOT_FOUND
[   45.628984]      scan-1933 add_single_object     : Added device:06 [\_SB_.PCI0.PB3_.VGA_.TV0_] parent LNXVIDEO:00
[   45.629187]      scan-1141 get_device_data       : No context for object [ffff88040d83ae88]
[   45.629384]      scan-1141 get_device_data       : No context for object [ffff88040d83aeb0]
[   45.629581]      scan-1141 get_device_data       : No context for object [ffff88040d83aed8]
[   45.629779]      scan-1141 get_device_data       : No context for object [ffff88040d83af00]
[   45.629930]      scan-1141 get_device_data       : No context for object [ffff88040d83af28]
[   45.630112]     utils-0051 util_eval_error       : Evaluate [\_SB_.PCI0.PB3_.VGA_.HDMI._STA]: AE_NOT_FOUND
[   45.630355] device: 'device:07': device_add
[   45.630465] bus: 'acpi': add device device:07
[   45.630539]     utils-0051 util_eval_error       : Evaluate [\_SB_.PCI0.PB3_.VGA_.HDMI._SUN]: AE_NOT_FOUND
[   45.630747]      scan-1933 add_single_object     : Added device:07 [\_SB_.PCI0.PB3_.VGA_.HDMI] parent LNXVIDEO:00
[   45.630903]      scan-1141 get_device_data       : No context for object [ffff88040d83af50]
[   45.631081]      scan-1141 get_device_data       : No context for object [ffff88040d83af78]
[   45.631278]      scan-1141 get_device_data       : No context for object [ffff88040d83afa0]
[   45.631475]      scan-1141 get_device_data       : No context for object [ffff88040d83afc8]
[   45.631673]      scan-1141 get_device_data       : No context for object [ffff88040d823a00]
[   45.631852]     utils-0051 util_eval_error       : Evaluate [\_SB_.PCI0.PB3_.HDAU._STA]: AE_NOT_FOUND
[   45.632084] device: 'device:08': device_add
[   45.632147] bus: 'acpi': add device device:08
[   45.632222]     utils-0051 util_eval_error       : Evaluate [\_SB_.PCI0.PB3_.HDAU._SUN]: AE_NOT_FOUND
[   45.632430]      scan-1933 add_single_object     : Added device:08 [\_SB_.PCI0.PB3_.HDAU] parent device:03
[   45.632632]      scan-1141 get_device_data       : No context for object [ffff88040d823a28]
[   45.632827]      scan-1141 get_device_data       : No context for object [ffff88040d823a50]
[   45.633022]      scan-1141 get_device_data       : No context for object [ffff88040d823a78]
[   45.633216]      scan-1141 get_device_data       : No context for object [ffff88040d823aa0]
[   45.633336]      scan-1141 get_device_data       : No context for object [ffff88040d823ac8]
[   45.633531]      scan-1141 get_device_data       : No context for object [ffff88040d823af0]
[   45.633726]      scan-1141 get_device_data       : No context for object [ffff88040d823b18]
[   45.633924]     utils-0051 util_eval_error       : Evaluate [\_SB_.PCI0.PB4_._STA]: AE_NOT_FOUND
[   45.634216] device: 'device:09': device_add
[   45.634280] bus: 'acpi': add device device:09
[   45.634354]     utils-0051 util_eval_error       : Evaluate [\_SB_.PCI0.PB4_._SUN]: AE_NOT_FOUND
[   45.634559]      scan-1933 add_single_object     : Added device:09 [\_SB_.PCI0.PB4_] parent PNP0A08:00
[   45.634757]      scan-1141 get_device_data       : No context for object [ffff88040d823b40]
[   45.634953]      scan-1141 get_device_data       : No context for object [ffff88040d823b68]
[   45.635145]      scan-1141 get_device_data       : No context for object [ffff88040d823b90]
[   45.635344]      scan-1141 get_device_data       : No context for object [ffff88040d823bb8]
[   45.635539]      scan-1141 get_device_data       : No context for object [ffff88040d823be0]
[   45.635734]      scan-1141 get_device_data       : No context for object [ffff88040d823c08]
[   45.635928]      scan-1141 get_device_data       : No context for object [ffff88040d823c30]
[   45.636122]      scan-1141 get_device_data       : No context for object [ffff88040d823c58]
[   45.636316]      scan-1141 get_device_data       : No context for object [ffff88040d823c80]
[   45.636510]      scan-1141 get_device_data       : No context for object [ffff88040d823ca8]
[   45.636669]      scan-1141 get_device_data       : No context for object [ffff88040d823cd0]
[   45.636848]      scan-1141 get_device_data       : No context for object [ffff88040d823cf8]
[   45.637045]      scan-1141 get_device_data       : No context for object [ffff88040d823d20]
[   45.637243]      scan-1141 get_device_data       : No context for object [ffff88040d823d48]
[   45.637441]      scan-1141 get_device_data       : No context for object [ffff88040d823d70]
[   45.637638]      scan-1141 get_device_data       : No context for object [ffff88040d823d98]
[   45.637789]      scan-1141 get_device_data       : No context for object [ffff88040d823dc0]
[   45.637966]      scan-1141 get_device_data       : No context for object [ffff88040d823de8]
[   45.638163]      scan-1141 get_device_data       : No context for object [ffff88040d823e10]
[   45.638360]      scan-1141 get_device_data       : No context for object [ffff88040d823e38]
[   45.638558]      scan-1141 get_device_data       : No context for object [ffff88040d823e60]
[   45.638734]      scan-1141 get_device_data       : No context for object [ffff88040d823e88]
[   45.638932]      scan-1141 get_device_data       : No context for object [ffff88040d823eb0]
[   45.639129]      scan-1141 get_device_data       : No context for object [ffff88040d823ed8]
[   45.639327]      scan-1141 get_device_data       : No context for object [ffff88040d823f00]
[   45.639525]      scan-1141 get_device_data       : No context for object [ffff88040d823f28]
[   45.639716]      scan-1141 get_device_data       : No context for object [ffff88040d823f50]
[   45.640002]      scan-1141 get_device_data       : No context for object [ffff88040d823f78]
[   45.640200]      scan-1141 get_device_data       : No context for object [ffff88040d823fa0]
[   45.640397]      scan-1141 get_device_data       : No context for object [ffff88040d823fc8]
[   45.640594]      scan-1141 get_device_data       : No context for object [ffff88040d825000]
[   45.640793]     utils-0051 util_eval_error       : Evaluate [\_SB_.PCI0.PB4_.XPDV._STA]: AE_NOT_FOUND
[   45.641025] device: 'device:0a': device_add
[   45.641088] bus: 'acpi': add device device:0a
[   45.641163]     utils-0051 util_eval_error       : Evaluate [\_SB_.PCI0.PB4_.XPDV._SUN]: AE_NOT_FOUND
[   45.641371]      scan-1933 add_single_object     : Added device:0a [\_SB_.PCI0.PB4_.XPDV] parent device:09
[   45.641573]      scan-1141 get_device_data       : No context for object [ffff88040d825028]
[   45.641770]      scan-1141 get_device_data       : No context for object [ffff88040d825050]
[   45.641947]      scan-1141 get_device_data       : No context for object [ffff88040d825078]
[   45.642145]      scan-1141 get_device_data       : No context for object [ffff88040d8250a0]
[   45.642342]      scan-1141 get_device_data       : No context for object [ffff88040d8250c8]
[   45.642540]      scan-1141 get_device_data       : No context for object [ffff88040d837500]
[   45.642738]      scan-1141 get_device_data       : No context for object [ffff88040d8250f0]
[   45.642889]      scan-1141 get_device_data       : No context for object [ffff88040d825118]
[   45.643068]     utils-0051 util_eval_error       : Evaluate [\_SB_.PCI0.PB5_._STA]: AE_NOT_FOUND
[   45.643401] device: 'device:0b': device_add
[   45.643464] bus: 'acpi': add device device:0b
[   45.643543]     utils-0051 util_eval_error       : Evaluate [\_SB_.PCI0.PB5_._SUN]: AE_NOT_FOUND
[   45.643751]      scan-1933 add_single_object     : Added device:0b [\_SB_.PCI0.PB5_] parent PNP0A08:00
[   45.644927]      scan-1141 get_device_data       : No context for object [ffff88040d825140]
[   45.645125]      scan-1141 get_device_data       : No context for object [ffff88040d825168]
[   45.645323]      scan-1141 get_device_data       : No context for object [ffff88040d825190]
[   45.645520]      scan-1141 get_device_data       : No context for object [ffff88040d8251b8]
[   45.645718]      scan-1141 get_device_data       : No context for object [ffff88040d8251e0]
[   45.645895]      scan-1141 get_device_data       : No context for object [ffff88040d825208]
[   45.646093]      scan-1141 get_device_data       : No context for object [ffff88040d825230]
[   45.646291]      scan-1141 get_device_data       : No context for object [ffff88040d825258]
[   45.646489]      scan-1141 get_device_data       : No context for object [ffff88040d825280]
[   45.646669]      scan-1141 get_device_data       : No context for object [ffff88040d8252a8]
[   45.646847]      scan-1141 get_device_data       : No context for object [ffff88040d8252d0]
[   45.647044]      scan-1141 get_device_data       : No context for object [ffff88040d8252f8]
[   45.647242]      scan-1141 get_device_data       : No context for object [ffff88040d825320]
[   45.647439]      scan-1141 get_device_data       : No context for object [ffff88040d825348]
[   45.647637]      scan-1141 get_device_data       : No context for object [ffff88040d825370]
[   45.647818]      scan-1141 get_device_data       : No context for object [ffff88040d825398]
[   45.648015]      scan-1141 get_device_data       : No context for object [ffff88040d8253c0]
[   45.648211]      scan-1141 get_device_data       : No context for object [ffff88040d8253e8]
[   45.648408]      scan-1141 get_device_data       : No context for object [ffff88040d825410]
[   45.648605]      scan-1141 get_device_data       : No context for object [ffff88040d825438]
[   45.648803]      scan-1141 get_device_data       : No context for object [ffff88040d825460]
[   45.649000]      scan-1141 get_device_data       : No context for object [ffff88040d825488]
[   45.649197]      scan-1141 get_device_data       : No context for object [ffff88040d8254b0]
[   45.649393]      scan-1141 get_device_data       : No context for object [ffff88040d8254d8]
[   45.649586]      scan-1141 get_device_data       : No context for object [ffff88040d825500]
[   45.649779]      scan-1141 get_device_data       : No context for object [ffff88040d825528]
[   45.649961]      scan-1141 get_device_data       : No context for object [ffff88040d825550]
[   45.650161]      scan-1141 get_device_data       : No context for object [ffff88040d825578]
[   45.650356]      scan-1141 get_device_data       : No context for object [ffff88040d8255a0]
[   45.650551]      scan-1141 get_device_data       : No context for object [ffff88040d8255c8]
[   45.650746]      scan-1141 get_device_data       : No context for object [ffff88040d8255f0]
[   45.650893]     utils-0051 util_eval_error       : Evaluate [\_SB_.PCI0.PB5_.XPDV._STA]: AE_NOT_FOUND
[   45.651104] device: 'device:0c': device_add
[   45.651166] bus: 'acpi': add device device:0c
[   45.651241]     utils-0051 util_eval_error       : Evaluate [\_SB_.PCI0.PB5_.XPDV._SUN]: AE_NOT_FOUND
[   45.651445]      scan-1933 add_single_object     : Added device:0c [\_SB_.PCI0.PB5_.XPDV] parent device:0b
[   45.651646]      scan-1141 get_device_data       : No context for object [ffff88040d825618]
[   45.651823]      scan-1141 get_device_data       : No context for object [ffff88040d825640]
[   45.652019]      scan-1141 get_device_data       : No context for object [ffff88040d825668]
[   45.652211]      scan-1141 get_device_data       : No context for object [ffff88040d825690]
[   45.652406]      scan-1141 get_device_data       : No context for object [ffff88040d8256b8]
[   45.652600]      scan-1141 get_device_data       : No context for object [ffff88040d837528]
[   45.652795]      scan-1141 get_device_data       : No context for object [ffff88040d8256e0]
[   45.652990]      scan-1141 get_device_data       : No context for object [ffff88040d825708]
[   45.653187]     utils-0051 util_eval_error       : Evaluate [\_SB_.PCI0.PB6_._STA]: AE_NOT_FOUND
[   45.653432] device: 'device:0d': device_add
[   45.653494] bus: 'acpi': add device device:0d
[   45.653570]     utils-0051 util_eval_error       : Evaluate [\_SB_.PCI0.PB6_._SUN]: AE_NOT_FOUND
[   45.653777]      scan-1933 add_single_object     : Added device:0d [\_SB_.PCI0.PB6_] parent PNP0A08:00
[   45.653979]      scan-1141 get_device_data       : No context for object [ffff88040d825730]
[   45.654176]      scan-1141 get_device_data       : No context for object [ffff88040d825758]
[   45.654373]      scan-1141 get_device_data       : No context for object [ffff88040d825780]
[   45.654571]      scan-1141 get_device_data       : No context for object [ffff88040d8257a8]
[   45.654768]      scan-1141 get_device_data       : No context for object [ffff88040d8257d0]
[   45.654966]      scan-1141 get_device_data       : No context for object [ffff88040d8257f8]
[   45.655164]      scan-1141 get_device_data       : No context for object [ffff88040d825820]
[   45.655361]      scan-1141 get_device_data       : No context for object [ffff88040d825848]
[   45.655559]      scan-1141 get_device_data       : No context for object [ffff88040d825870]
[   45.655756]      scan-1141 get_device_data       : No context for object [ffff88040d825898]
[   45.655954]      scan-1141 get_device_data       : No context for object [ffff88040d8258c0]
[   45.656151]      scan-1141 get_device_data       : No context for object [ffff88040d8258e8]
[   45.656349]      scan-1141 get_device_data       : No context for object [ffff88040d825910]
[   45.656547]      scan-1141 get_device_data       : No context for object [ffff88040d825938]
[   45.656797]      scan-1141 get_device_data       : No context for object [ffff88040d825960]
[   45.656995]      scan-1141 get_device_data       : No context for object [ffff88040d825988]
[   45.657193]      scan-1141 get_device_data       : No context for object [ffff88040d8259b0]
[   45.657390]      scan-1141 get_device_data       : No context for object [ffff88040d8259d8]
[   45.657587]      scan-1141 get_device_data       : No context for object [ffff88040d825a00]
[   45.657784]      scan-1141 get_device_data       : No context for object [ffff88040d825a28]
[   45.657969]      scan-1141 get_device_data       : No context for object [ffff88040d825a50]
[   45.658167]      scan-1141 get_device_data       : No context for object [ffff88040d825a78]
[   45.658364]      scan-1141 get_device_data       : No context for object [ffff88040d825aa0]
[   45.658561]      scan-1141 get_device_data       : No context for object [ffff88040d825ac8]
[   45.658759]      scan-1141 get_device_data       : No context for object [ffff88040d825af0]
[   45.658910]      scan-1141 get_device_data       : No context for object [ffff88040d825b18]
[   45.659087]      scan-1141 get_device_data       : No context for object [ffff88040d825b40]
[   45.659284]      scan-1141 get_device_data       : No context for object [ffff88040d825b68]
[   45.659482]      scan-1141 get_device_data       : No context for object [ffff88040d825b90]
[   45.659680]      scan-1141 get_device_data       : No context for object [ffff88040d825bb8]
[   45.659857]      scan-1141 get_device_data       : No context for object [ffff88040d825be0]
[   45.660003]     utils-0051 util_eval_error       : Evaluate [\_SB_.PCI0.PB6_.XPDV._STA]: AE_NOT_FOUND
[   45.660239] device: 'device:0e': device_add
[   45.660350] bus: 'acpi': add device device:0e
[   45.660427]     utils-0051 util_eval_error       : Evaluate [\_SB_.PCI0.PB6_.XPDV._SUN]: AE_NOT_FOUND
[   45.660634]      scan-1933 add_single_object     : Added device:0e [\_SB_.PCI0.PB6_.XPDV] parent device:0d
[   45.660815]      scan-1141 get_device_data       : No context for object [ffff88040d825c08]
[   45.661012]      scan-1141 get_device_data       : No context for object [ffff88040d825c30]
[   45.661210]      scan-1141 get_device_data       : No context for object [ffff88040d825c58]
[   45.661408]      scan-1141 get_device_data       : No context for object [ffff88040d825c80]
[   45.661605]      scan-1141 get_device_data       : No context for object [ffff88040d825ca8]
[   45.661783]      scan-1141 get_device_data       : No context for object [ffff88040d837550]
[   45.661981]      scan-1141 get_device_data       : No context for object [ffff88040d825cd0]
[   45.662179]      scan-1141 get_device_data       : No context for object [ffff88040d825cf8]
[   45.663338]     utils-0051 util_eval_error       : Evaluate [\_SB_.PCI0.PB7_._STA]: AE_NOT_FOUND
[   45.663633] device: 'device:0f': device_add
[   45.663697] bus: 'acpi': add device device:0f
[   45.663772]     utils-0051 util_eval_error       : Evaluate [\_SB_.PCI0.PB7_._SUN]: AE_NOT_FOUND
[   45.663957]      scan-1933 add_single_object     : Added device:0f [\_SB_.PCI0.PB7_] parent PNP0A08:00
[   45.664160]      scan-1141 get_device_data       : No context for object [ffff88040d825d20]
[   45.664357]      scan-1141 get_device_data       : No context for object [ffff88040d825d48]
[   45.664556]      scan-1141 get_device_data       : No context for object [ffff88040d825d70]
[   45.664733]      scan-1141 get_device_data       : No context for object [ffff88040d825d98]
[   45.664930]      scan-1141 get_device_data       : No context for object [ffff88040d825dc0]
[   45.665127]      scan-1141 get_device_data       : No context for object [ffff88040d825de8]
[   45.665324]      scan-1141 get_device_data       : No context for object [ffff88040d825e10]
[   45.665522]      scan-1141 get_device_data       : No context for object [ffff88040d825e38]
[   45.665711]      scan-1141 get_device_data       : No context for object [ffff88040d825e60]
[   45.665909]      scan-1141 get_device_data       : No context for object [ffff88040d825e88]
[   45.666104]      scan-1141 get_device_data       : No context for object [ffff88040d825eb0]
[   45.666298]      scan-1141 get_device_data       : No context for object [ffff88040d825ed8]
[   45.666490]      scan-1141 get_device_data       : No context for object [ffff88040d825f00]
[   45.666795]      scan-1141 get_device_data       : No context for object [ffff88040d825f28]
[   45.666990]      scan-1141 get_device_data       : No context for object [ffff88040d825f50]
[   45.667186]      scan-1141 get_device_data       : No context for object [ffff88040d825f78]
[   45.667382]      scan-1141 get_device_data       : No context for object [ffff88040d825fa0]
[   45.667578]      scan-1141 get_device_data       : No context for object [ffff88040d825fc8]
[   45.667772]      scan-1141 get_device_data       : No context for object [ffff88040d827000]
[   45.667922]      scan-1141 get_device_data       : No context for object [ffff88040d827028]
[   45.668098]      scan-1141 get_device_data       : No context for object [ffff88040d827050]
[   45.668293]      scan-1141 get_device_data       : No context for object [ffff88040d827078]
[   45.668487]      scan-1141 get_device_data       : No context for object [ffff88040d8270a0]
[   45.668681]      scan-1141 get_device_data       : No context for object [ffff88040d8270c8]
[   45.668857]      scan-1141 get_device_data       : No context for object [ffff88040d8270f0]
[   45.669052]      scan-1141 get_device_data       : No context for object [ffff88040d827118]
[   45.669246]      scan-1141 get_device_data       : No context for object [ffff88040d827140]
[   45.669441]      scan-1141 get_device_data       : No context for object [ffff88040d827168]
[   45.669636]      scan-1141 get_device_data       : No context for object [ffff88040d827190]
[   45.669818]      scan-1141 get_device_data       : No context for object [ffff88040d8271b8]
[   45.670002]      scan-1141 get_device_data       : No context for object [ffff88040d8271e0]
[   45.670198]     utils-0051 util_eval_error       : Evaluate [\_SB_.PCI0.PB7_.XPDV._STA]: AE_NOT_FOUND
[   45.670432] device: 'device:10': device_add
[   45.670495] bus: 'acpi': add device device:10
[   45.670569]     utils-0051 util_eval_error       : Evaluate [\_SB_.PCI0.PB7_.XPDV._SUN]: AE_NOT_FOUND
[   45.670777]      scan-1933 add_single_object     : Added device:10 [\_SB_.PCI0.PB7_.XPDV] parent device:0f
[   45.670958]      scan-1141 get_device_data       : No context for object [ffff88040d827208]
[   45.671156]      scan-1141 get_device_data       : No context for object [ffff88040d827230]
[   45.671353]      scan-1141 get_device_data       : No context for object [ffff88040d827258]
[   45.671551]      scan-1141 get_device_data       : No context for object [ffff88040d827280]
[   45.671748]      scan-1141 get_device_data       : No context for object [ffff88040d8272a8]
[   45.671899]      scan-1141 get_device_data       : No context for object [ffff88040d837488]
[   45.672076]      scan-1141 get_device_data       : No context for object [ffff88040d8272d0]
[   45.672273]      scan-1141 get_device_data       : No context for object [ffff88040d8272f8]
[   45.672472]     utils-0051 util_eval_error       : Evaluate [\_SB_.PCI0.OHC1._STA]: AE_NOT_FOUND
[   45.672716] device: 'device:11': device_add
[   45.672778] bus: 'acpi': add device device:11
[   45.672855]     utils-0051 util_eval_error       : Evaluate [\_SB_.PCI0.OHC1._SUN]: AE_NOT_FOUND
[   45.673363]      scan-1933 add_single_object     : Added device:11 [\_SB_.PCI0.OHC1] parent PNP0A08:00
[   45.673363]      scan-1141 get_device_data       : No context for object [ffff88040d827320]
[   45.673464]      scan-1141 get_device_data       : No context for object [ffff88040d827348]
[   45.673662]      scan-1141 get_device_data       : No context for object [ffff88040d83b2f8]
[   45.673840]     utils-0051 util_eval_error       : Evaluate [\_SB_.PCI0.OHC1.RHUB._STA]: AE_NOT_FOUND
[   45.674074] device: 'device:12': device_add
[   45.674137] bus: 'acpi': add device device:12
[   45.674211]     utils-0051 util_eval_error       : Evaluate [\_SB_.PCI0.OHC1.RHUB._SUN]: AE_NOT_FOUND
[   45.674417]      scan-1933 add_single_object     : Added device:12 [\_SB_.PCI0.OHC1.RHUB] parent device:11
[   45.674620]      scan-1141 get_device_data       : No context for object [ffff88040d83b320]
[   45.674818]      scan-1141 get_device_data       : No context for object [ffff88040d83b348]
[   45.675017]     utils-0051 util_eval_error       : Evaluate [\_SB_.PCI0.OHC1.RHUB.PRT3._STA]: AE_NOT_FOUND
[   45.675250] device: 'device:13': device_add
[   45.675313] bus: 'acpi': add device device:13
[   45.675387]     utils-0051 util_eval_error       : Evaluate [\_SB_.PCI0.OHC1.RHUB.PRT3._SUN]: AE_NOT_FOUND
[   45.675594]      scan-1933 add_single_object     : Added device:13 [\_SB_.PCI0.OHC1.RHUB.PRT3] parent device:12
[   45.675796]      scan-1141 get_device_data       : No context for object [ffff88040d83b370]
[   45.675973]      scan-1141 get_device_data       : No context for object [ffff88040d83b398]
[   45.676171]      scan-1141 get_device_data       : No context for object [ffff88040d83b3c0]
[   45.676369]      scan-1141 get_device_data       : No context for object [ffff88040d83b3e8]
[   45.676567]     utils-0051 util_eval_error       : Evaluate [\_SB_.PCI0.OHC1.RHUB.PRT4._STA]: AE_NOT_FOUND
[   45.676708] device: 'device:14': device_add
[   45.676803] bus: 'acpi': add device device:14
[   45.676880]     utils-0051 util_eval_error       : Evaluate [\_SB_.PCI0.OHC1.RHUB.PRT4._SUN]: AE_NOT_FOUND
[   45.677088]      scan-1933 add_single_object     : Added device:14 [\_SB_.PCI0.OHC1.RHUB.PRT4] parent device:12
[   45.677291]      scan-1141 get_device_data       : No context for object [ffff88040d83b410]
[   45.677488]      scan-1141 get_device_data       : No context for object [ffff88040d83b438]
[   45.677685]      scan-1141 get_device_data       : No context for object [ffff88040d83b460]
[   45.677871]      scan-1141 get_device_data       : No context for object [ffff88040d827370]
[   45.678070]     utils-0051 util_eval_error       : Evaluate [\_SB_.PCI0.EHC1._STA]: AE_NOT_FOUND
[   45.678313] device: 'device:15': device_add
[   45.678376] bus: 'acpi': add device device:15
[   45.678451]     utils-0051 util_eval_error       : Evaluate [\_SB_.PCI0.EHC1._SUN]: AE_NOT_FOUND
[   45.678656]      scan-1933 add_single_object     : Added device:15 [\_SB_.PCI0.EHC1] parent PNP0A08:00
[   45.678812]      scan-1141 get_device_data       : No context for object [ffff88040d827398]
[   45.678990]      scan-1141 get_device_data       : No context for object [ffff88040d8273c0]
[   45.679187]      scan-1141 get_device_data       : No context for object [ffff88040d83b028]
[   45.679385]     utils-0051 util_eval_error       : Evaluate [\_SB_.PCI0.EHC1.RHUB._STA]: AE_NOT_FOUND
[   45.679617] device: 'device:16': device_add
[   45.679680] bus: 'acpi': add device device:16
[   45.679754]     utils-0051 util_eval_error       : Evaluate [\_SB_.PCI0.EHC1.RHUB._SUN]: AE_NOT_FOUND
[   45.680029]      scan-1933 add_single_object     : Added device:16 [\_SB_.PCI0.EHC1.RHUB] parent device:15
[   45.680213]      scan-1141 get_device_data       : No context for object [ffff88040d83b050]
[   45.680411]      scan-1141 get_device_data       : No context for object [ffff88040d83b078]
[   45.680610]     utils-0051 util_eval_error       : Evaluate [\_SB_.PCI0.EHC1.RHUB.PRT3._STA]: AE_NOT_FOUND
[   45.681834] device: 'device:17': device_add
[   45.681896] bus: 'acpi': add device device:17
[   45.681973]     utils-0051 util_eval_error       : Evaluate [\_SB_.PCI0.EHC1.RHUB.PRT3._SUN]: AE_NOT_FOUND
[   45.682177]      scan-1933 add_single_object     : Added device:17 [\_SB_.PCI0.EHC1.RHUB.PRT3] parent device:16
[   45.682376]      scan-1141 get_device_data       : No context for object [ffff88040d83b0a0]
[   45.682574]      scan-1141 get_device_data       : No context for object [ffff88040d83b0c8]
[   45.682769]      scan-1141 get_device_data       : No context for object [ffff88040d83b0f0]
[   45.682964]      scan-1141 get_device_data       : No context for object [ffff88040d83b118]
[   45.683159]     utils-0051 util_eval_error       : Evaluate [\_SB_.PCI0.EHC1.RHUB.PRT4._STA]: AE_NOT_FOUND
[   45.683371] device: 'device:18': device_add
[   45.683480] bus: 'acpi': add device device:18
[   45.683554]     utils-0051 util_eval_error       : Evaluate [\_SB_.PCI0.EHC1.RHUB.PRT4._SUN]: AE_NOT_FOUND
[   45.683758]      scan-1933 add_single_object     : Added device:18 [\_SB_.PCI0.EHC1.RHUB.PRT4] parent device:16
[   45.683959]      scan-1141 get_device_data       : No context for object [ffff88040d83b140]
[   45.684153]      scan-1141 get_device_data       : No context for object [ffff88040d83b168]
[   45.684348]      scan-1141 get_device_data       : No context for object [ffff88040d83b190]
[   45.684544]      scan-1141 get_device_data       : No context for object [ffff88040d8273e8]
[   45.684738]     utils-0051 util_eval_error       : Evaluate [\_SB_.PCI0.OHC2._STA]: AE_NOT_FOUND
[   45.684961] device: 'device:19': device_add
[   45.685024] bus: 'acpi': add device device:19
[   45.685097]     utils-0051 util_eval_error       : Evaluate [\_SB_.PCI0.OHC2._SUN]: AE_NOT_FOUND
[   45.685300]      scan-1933 add_single_object     : Added device:19 [\_SB_.PCI0.OHC2] parent PNP0A08:00
[   45.685499]      scan-1141 get_device_data       : No context for object [ffff88040d827410]
[   45.685694]      scan-1141 get_device_data       : No context for object [ffff88040d827438]
[   45.685843]      scan-1141 get_device_data       : No context for object [ffff88040d83b488]
[   45.686021]     utils-0051 util_eval_error       : Evaluate [\_SB_.PCI0.OHC2.RHUB._STA]: AE_NOT_FOUND
[   45.686251] device: 'device:1a': device_add
[   45.686315] bus: 'acpi': add device device:1a
[   45.686388]     utils-0051 util_eval_error       : Evaluate [\_SB_.PCI0.OHC2.RHUB._SUN]: AE_NOT_FOUND
[   45.686697]      scan-1933 add_single_object     : Added device:1a [\_SB_.PCI0.OHC2.RHUB] parent device:19
[   45.686817]      scan-1141 get_device_data       : No context for object [ffff88040d83b4b0]
[   45.687013]      scan-1141 get_device_data       : No context for object [ffff88040d83b4d8]
[   45.687212]     utils-0051 util_eval_error       : Evaluate [\_SB_.PCI0.OHC2.RHUB.PRT4._STA]: AE_NOT_FOUND
[   45.687446] device: 'device:1b': device_add
[   45.687509] bus: 'acpi': add device device:1b
[   45.687584]     utils-0051 util_eval_error       : Evaluate [\_SB_.PCI0.OHC2.RHUB.PRT4._SUN]: AE_NOT_FOUND
[   45.687792]      scan-1933 add_single_object     : Added device:1b [\_SB_.PCI0.OHC2.RHUB.PRT4] parent device:1a
[   45.687994]      scan-1141 get_device_data       : No context for object [ffff88040d83b500]
[   45.688192]      scan-1141 get_device_data       : No context for object [ffff88040d83b528]
[   45.688390]      scan-1141 get_device_data       : No context for object [ffff88040d83b550]
[   45.688588]      scan-1141 get_device_data       : No context for object [ffff88040d827460]
[   45.688786]     utils-0051 util_eval_error       : Evaluate [\_SB_.PCI0.EHC2._STA]: AE_NOT_FOUND
[   45.689029] device: 'device:1c': device_add
[   45.689092] bus: 'acpi': add device device:1c
[   45.689168]     utils-0051 util_eval_error       : Evaluate [\_SB_.PCI0.EHC2._SUN]: AE_NOT_FOUND
[   45.690012]      scan-1933 add_single_object     : Added device:1c [\_SB_.PCI0.EHC2] parent PNP0A08:00
[   45.690012]      scan-1141 get_device_data       : No context for object [ffff88040d827488]
[   45.690012]      scan-1141 get_device_data       : No context for object [ffff88040d8274b0]
[   45.690012]      scan-1141 get_device_data       : No context for object [ffff88040d83b1b8]
[   45.690166]     utils-0051 util_eval_error       : Evaluate [\_SB_.PCI0.EHC2.RHUB._STA]: AE_NOT_FOUND
[   45.690399] device: 'device:1d': device_add
[   45.690462] bus: 'acpi': add device device:1d
[   45.690537]     utils-0051 util_eval_error       : Evaluate [\_SB_.PCI0.EHC2.RHUB._SUN]: AE_NOT_FOUND
[   45.690744]      scan-1933 add_single_object     : Added device:1d [\_SB_.PCI0.EHC2.RHUB] parent device:1c
[   45.690900]      scan-1141 get_device_data       : No context for object [ffff88040d83b1e0]
[   45.691077]      scan-1141 get_device_data       : No context for object [ffff88040d83b208]
[   45.691276]     utils-0051 util_eval_error       : Evaluate [\_SB_.PCI0.EHC2.RHUB.PRT2._STA]: AE_NOT_FOUND
[   45.691511] device: 'device:1e': device_add
[   45.691623] bus: 'acpi': add device device:1e
[   45.691697]     utils-0051 util_eval_error       : Evaluate [\_SB_.PCI0.EHC2.RHUB.PRT2._SUN]: AE_NOT_FOUND
[   45.691884]      scan-1933 add_single_object     : Added device:1e [\_SB_.PCI0.EHC2.RHUB.PRT2] parent device:1d
[   45.692086]      scan-1141 get_device_data       : No context for object [ffff88040d83b230]
[   45.692283]      scan-1141 get_device_data       : No context for object [ffff88040d83b258]
[   45.692480]      scan-1141 get_device_data       : No context for object [ffff88040d83b280]
[   45.692678]      scan-1141 get_device_data       : No context for object [ffff88040d8274d8]
[   45.692856]     utils-0051 util_eval_error       : Evaluate [\_SB_.PCI0.OHC3._STA]: AE_NOT_FOUND
[   45.693150] device: 'device:1f': device_add
[   45.693213] bus: 'acpi': add device device:1f
[   45.693290]     utils-0051 util_eval_error       : Evaluate [\_SB_.PCI0.OHC3._SUN]: AE_NOT_FOUND
[   45.693507]      scan-1933 add_single_object     : Added device:1f [\_SB_.PCI0.OHC3] parent PNP0A08:00
[   45.693710]      scan-1141 get_device_data       : No context for object [ffff88040d827500]
[   45.693887]      scan-1141 get_device_data       : No context for object [ffff88040d827528]
[   45.694084]      scan-1141 get_device_data       : No context for object [ffff88040d83b578]
[   45.694283]     utils-0051 util_eval_error       : Evaluate [\_SB_.PCI0.OHC3.RHUB._STA]: AE_NOT_FOUND
[   45.694516] device: 'device:20': device_add
[   45.694578] bus: 'acpi': add device device:20
[   45.694653]     utils-0051 util_eval_error       : Evaluate [\_SB_.PCI0.OHC3.RHUB._SUN]: AE_NOT_FOUND
[   45.694839]      scan-1933 add_single_object     : Added device:20 [\_SB_.PCI0.OHC3.RHUB] parent device:1f
[   45.695041]      scan-1141 get_device_data       : No context for object [ffff88040d83b5a0]
[   45.695239]      scan-1141 get_device_data       : No context for object [ffff88040d827550]
[   45.695438]     utils-0051 util_eval_error       : Evaluate [\_SB_.PCI0.EHC3._STA]: AE_NOT_FOUND
[   45.695681] device: 'device:21': device_add
[   45.695745] bus: 'acpi': add device device:21
[   45.695819]     utils-0051 util_eval_error       : Evaluate [\_SB_.PCI0.EHC3._SUN]: AE_NOT_FOUND
[   45.696679]      scan-1933 add_single_object     : Added device:21 [\_SB_.PCI0.EHC3] parent PNP0A08:00
[   45.696679]      scan-1141 get_device_data       : No context for object [ffff88040d827578]
[   45.696679]      scan-1141 get_device_data       : No context for object [ffff88040d8275a0]
[   45.696679]      scan-1141 get_device_data       : No context for object [ffff88040d83b2a8]
[   45.696799]     utils-0051 util_eval_error       : Evaluate [\_SB_.PCI0.EHC3.RHUB._STA]: AE_NOT_FOUND
[   45.697032] device: 'device:22': device_add
[   45.697095] bus: 'acpi': add device device:22
[   45.697172]     utils-0051 util_eval_error       : Evaluate [\_SB_.PCI0.EHC3.RHUB._SUN]: AE_NOT_FOUND
[   45.697380]      scan-1933 add_single_object     : Added device:22 [\_SB_.PCI0.EHC3.RHUB] parent device:21
[   45.697583]      scan-1141 get_device_data       : No context for object [ffff88040d83b2d0]
[   45.697781]      scan-1141 get_device_data       : No context for object [ffff88040d8275c8]
[   45.697968]     utils-0051 util_eval_error       : Evaluate [\_SB_.PCI0.OHC4._STA]: AE_NOT_FOUND
[   45.698261] device: 'device:23': device_add
[   45.698324] bus: 'acpi': add device device:23
[   45.698399]     utils-0051 util_eval_error       : Evaluate [\_SB_.PCI0.OHC4._SUN]: AE_NOT_FOUND
[   45.698605]      scan-1933 add_single_object     : Added device:23 [\_SB_.PCI0.OHC4] parent PNP0A08:00
[   45.698806]      scan-1141 get_device_data       : No context for object [ffff88040d8275f0]
[   45.699004]      scan-1141 get_device_data       : No context for object [ffff88040d827618]
[   45.699202]      scan-1141 get_device_data       : No context for object [ffff88040d827640]
[   45.700004]     utils-0051 util_eval_error       : Evaluate [\_SB_.PCI0.SBAZ._STA]: AE_NOT_FOUND
[   45.700246] device: 'device:24': device_add
[   45.700307] bus: 'acpi': add device device:24
[   45.700381]     utils-0051 util_eval_error       : Evaluate [\_SB_.PCI0.SBAZ._SUN]: AE_NOT_FOUND
[   45.700567]      scan-1933 add_single_object     : Added device:24 [\_SB_.PCI0.SBAZ] parent PNP0A08:00
[   45.700768]      scan-1141 get_device_data       : No context for object [ffff88040d827668]
