[    0.000000] Initializing cgroup subsys cpuset
[    0.000000] Initializing cgroup subsys cpu
[    0.000000] Initializing cgroup subsys cpuacct
[    0.000000] Linux version 3.17.0-rc2-gfd5984d (emacs@manji) (gcc version 4.9.1 (GCC) ) #48 SMP Sun Aug 31 15:53:30 CEST 2014
[    0.000000] Command line: BOOT_IMAGE=/vmlinuz-linux-git root=UUID=bfa4ab6e-19a3-4601-ba2b-267c55841c73 rw cryptdevice=/dev/disk/by-uuid/70c08890-417a-497d-b6ab-c0d0357a63e2:cryptManjaro:allow-discards ipv6.disable=1 pnp.debug=1 loglevel=9 log_buf_len=10M printk.always_kmsg_dump=y printk.time=y mminit_loglevel=0 memory_corruption_check=1 acpi.debug_layer=0xfbff0000 acpi.debug_level=0xFFFFFFFD pnp.debug=1 nohz=on rcu_nocbs=1-3 pcie_aspm=force fbcon=scrollback:4096k fbcon=font:ProFont6x11 radeon.audio=0 radeon.lockup_timeout=0 radeon.test=0 radeon.agpmode=-1 radeon.benchmark=0 radeon.tv=0 radeon.hard_reset=1 radeon.aspm=1 radeon.dpm=1 radeon.msi=1 radeon.pcie_gen2=-1 radeon.no_wb=1 radeon.modeset=1 radeon.dynclks=1 radeon.r4xx_atom=0 radeon.runpm=0 radeonfb radeon.fastfb=1 nomodeset
[    0.000000] KERNEL supported cpus:
[    0.000000]   AMD AuthenticAMD
[    0.000000] tseg: 00bfe00000
[    0.000000] e820: BIOS-provided physical RAM map:
[    0.000000] BIOS-e820: [mem 0x0000000000000000-0x000000000009d7ff] usable
[    0.000000] BIOS-e820: [mem 0x000000000009d800-0x000000000009ffff] reserved
[    0.000000] BIOS-e820: [mem 0x00000000000e0000-0x00000000000fffff] reserved
[    0.000000] BIOS-e820: [mem 0x0000000000100000-0x00000000bed9afff] usable
[    0.000000] BIOS-e820: [mem 0x00000000bed9b000-0x00000000bf39afff] reserved
[    0.000000] BIOS-e820: [mem 0x00000000bf39b000-0x00000000bf49afff] ACPI NVS
[    0.000000] BIOS-e820: [mem 0x00000000bf49b000-0x00000000bf51afff] ACPI data
[    0.000000] BIOS-e820: [mem 0x00000000bf51b000-0x00000000bfdfffff] usable
[    0.000000] BIOS-e820: [mem 0x00000000bfe00000-0x00000000bfffffff] reserved
[    0.000000] BIOS-e820: [mem 0x00000000fec00000-0x00000000fecfffff] reserved
[    0.000000] BIOS-e820: [mem 0x00000000fed80000-0x00000000fed80fff] reserved
[    0.000000] BIOS-e820: [mem 0x00000000ffe00000-0x00000000ffffffff] reserved
[    0.000000] BIOS-e820: [mem 0x0000000100000000-0x000000041effffff] usable
[    0.000000] NX (Execute Disable) protection: active
[    0.000000] SMBIOS 2.6 present.
[    0.000000] DMI: LENOVO Sabine/Torpedo, BIOS 54CN18WW 07/20/2011
[    0.000000] e820: update [mem 0x00000000-0x00000fff] usable ==> reserved
[    0.000000] e820: remove [mem 0x000a0000-0x000fffff] usable
[    0.000000] e820: last_pfn = 0x41f000 max_arch_pfn = 0x400000000
[    0.000000] MTRR default type: uncachable
[    0.000000] MTRR fixed ranges enabled:
[    0.000000]   00000-9FFFF write-back
[    0.000000]   A0000-BFFFF uncachable
[    0.000000]   C0000-FFFFF write-protect
[    0.000000] MTRR variable ranges enabled:
[    0.000000]   0 base 0000000000 mask FF80000000 write-back
[    0.000000]   1 base 0080000000 mask FFC0000000 write-back
[    0.000000]   2 base 00FFF90000 mask FFFFFF0000 uncachable
[    0.000000]   3 base 00FED80000 mask 0FFFFFF000 uncachable
[    0.000000]   4 disabled
[    0.000000]   5 disabled
[    0.000000]   6 disabled
[    0.000000]   7 base 00FFE00000 mask FFFFE00000 write-protect
[    0.000000] TOM2: 000000041f000000 aka 16880M
[    0.000000] mtrr: your BIOS has configured an incorrect mask, fixing it.
[    0.000000] e820: last_pfn = 0xbfe00 max_arch_pfn = 0x400000000
[    0.000000] found SMP MP-table at [mem 0x000fa8b0-0x000fa8bf] mapped at [ffff8800000fa8b0]
[    0.000000] Base memory trampoline at [ffff880000097000] 97000 size 24576
[    0.000000] Using GB pages for direct mapping
[    0.000000] init_memory_mapping: [mem 0x00000000-0x000fffff]
[    0.000000]  [mem 0x00000000-0x000fffff] page 4k
[    0.000000] BRK [0x01e17000, 0x01e17fff] PGTABLE
[    0.000000] BRK [0x01e18000, 0x01e18fff] PGTABLE
[    0.000000] BRK [0x01e19000, 0x01e19fff] PGTABLE
[    0.000000] init_memory_mapping: [mem 0x41ee00000-0x41effffff]
[    0.000000]  [mem 0x41ee00000-0x41effffff] page 2M
[    0.000000] BRK [0x01e1a000, 0x01e1afff] PGTABLE
[    0.000000] init_memory_mapping: [mem 0x41c000000-0x41edfffff]
[    0.000000]  [mem 0x41c000000-0x41edfffff] page 2M
[    0.000000] init_memory_mapping: [mem 0x400000000-0x41bffffff]
[    0.000000]  [mem 0x400000000-0x41bffffff] page 2M
[    0.000000] init_memory_mapping: [mem 0x00100000-0xbed9afff]
[    0.000000]  [mem 0x00100000-0x001fffff] page 4k
[    0.000000]  [mem 0x00200000-0x3fffffff] page 2M
[    0.000000]  [mem 0x40000000-0x7fffffff] page 1G
[    0.000000]  [mem 0x80000000-0xbebfffff] page 2M
[    0.000000]  [mem 0xbec00000-0xbed9afff] page 4k
[    0.000000] init_memory_mapping: [mem 0xbf51b000-0xbfdfffff]
[    0.000000]  [mem 0xbf51b000-0xbf5fffff] page 4k
[    0.000000]  [mem 0xbf600000-0xbfdfffff] page 2M
[    0.000000] BRK [0x01e1b000, 0x01e1bfff] PGTABLE
[    0.000000] init_memory_mapping: [mem 0x100000000-0x3ffffffff]
[    0.000000]  [mem 0x100000000-0x3ffffffff] page 1G
[    0.000000] log_buf_len: 16777216 bytes
[    0.000000] early log buf free: 2092044(99%)
[    0.000000] RAMDISK: [mem 0x3782c000-0x37c0dfff]
[    0.000000] ACPI: Early table checksum verification disabled
[    0.000000] ACPI: RSDP 0x00000000000F0110 000024 (v02 LENOVO)
[    0.000000] ACPI: XSDT 0x00000000BF51A120 000074 (v01 LENOVO CB-01    00000001 LENO 00000001)
[    0.000000] ACPI: FACP 0x00000000BF508000 0000F4 (v04 LENOVO CB-01    00000001 PTL  00000001)
[    0.000000] ACPI: DSDT 0x00000000BF50A000 00FD10 (v01 LENOVO CB-01    00001000 LENO 00000001)
[    0.000000] ACPI: FACS 0x00000000BF478000 000040
[    0.000000] ACPI: HPET 0x00000000BF507000 000038 (v01 LENOVO CB-01    00000001 PTL  00000001)
[    0.000000] ACPI: APIC 0x00000000BF506000 00007A (v02 LENOVO CB-01    00000001 PTL  00000001)
[    0.000000] ACPI: MCFG 0x00000000BF505000 00003C (v01 LENOVO CB-01    00000001 PTL  00000001)
[    0.000000] ACPI: SLIC 0x00000000BF504000 000176 (v01 LENOVO CB-01    00000001 LENO 00000001)
[    0.000000] ACPI: UEFI 0x00000000BF503000 00003E (v01 LENOVO CB-01    00000001 PTL  00000001)
[    0.000000] ACPI: UEFI 0x00000000BF502000 000042 (v01 PTL    COMBUF   00000001 PTL  00000001)
[    0.000000] ACPI: SSDT 0x00000000BF501000 000E34 (v01 AMD    POWERNOW 00000001 AMD  00000001)
[    0.000000] ACPI: SSDT 0x00000000BF4FF000 00193D (v02 AMD    ALIB     00000001 MSFT 04000000)
[    0.000000] ACPI: UEFI 0x00000000BF4FE000 00021A (v01 LENOVO CB-01    00000001 PTL  00000001)
[    0.000000] ACPI: Local APIC address 0xfee00000
[    0.000000] No NUMA configuration found
[    0.000000] Faking a node at [mem 0x0000000000000000-0x000000041effffff]
[    0.000000] Initmem setup node 0 [mem 0x00000000-0x41effffff]
[    0.000000]   NODE_DATA [mem 0x41dffa000-0x41dffdfff]
[    0.000000]  [ffffea0000000000-ffffea00107fffff] PMD -> [ffff88040de00000-ffff88041d5fffff] on node 0
[    0.000000] Zone ranges:
[    0.000000]   DMA      [mem 0x00001000-0x00ffffff]
[    0.000000]   DMA32    [mem 0x01000000-0xffffffff]
[    0.000000]   Normal   [mem 0x100000000-0x41effffff]
[    0.000000] Movable zone start for each node
[    0.000000] Early memory node ranges
[    0.000000]   node   0: [mem 0x00001000-0x0009cfff]
[    0.000000]   node   0: [mem 0x00100000-0xbed9afff]
[    0.000000]   node   0: [mem 0xbf51b000-0xbfdfffff]
[    0.000000]   node   0: [mem 0x100000000-0x41effffff]
[    0.000000] On node 0 totalpages: 4056604
[    0.000000]   DMA zone: 64 pages used for memmap
[    0.000000]   DMA zone: 21 pages reserved
[    0.000000]   DMA zone: 3996 pages, LIFO batch:0
[    0.000000]   DMA32 zone: 12186 pages used for memmap
[    0.000000]   DMA32 zone: 779904 pages, LIFO batch:31
[    0.000000]   Normal zone: 51136 pages used for memmap
[    0.000000]   Normal zone: 3272704 pages, LIFO batch:31
[    0.000000] ACPI: PM-Timer IO Port: 0x808
[    0.000000] ACPI: Local APIC address 0xfee00000
[    0.000000] ACPI: LAPIC (acpi_id[0x00] lapic_id[0x00] enabled)
[    0.000000] ACPI: LAPIC (acpi_id[0x01] lapic_id[0x01] enabled)
[    0.000000] ACPI: LAPIC (acpi_id[0x02] lapic_id[0x02] enabled)
[    0.000000] ACPI: LAPIC (acpi_id[0x03] lapic_id[0x03] enabled)
[    0.000000] ACPI: LAPIC_NMI (acpi_id[0x00] high edge lint[0x1])
[    0.000000] ACPI: LAPIC_NMI (acpi_id[0x01] high edge lint[0x1])
[    0.000000] ACPI: LAPIC_NMI (acpi_id[0x02] high edge lint[0x1])
[    0.000000] ACPI: LAPIC_NMI (acpi_id[0x03] high edge lint[0x1])
[    0.000000] ACPI: IOAPIC (id[0x02] address[0xfec00000] gsi_base[0])
[    0.000000] IOAPIC[0]: apic_id 2, version 33, address 0xfec00000, GSI 0-23
[    0.000000] ACPI: INT_SRC_OVR (bus 0 bus_irq 0 global_irq 2 dfl dfl)
[    0.000000] ACPI: IRQ0 used by override.
[    0.000000] ACPI: IRQ9 used by override.
[    0.000000] Using ACPI (MADT) for SMP configuration information
[    0.000000] ACPI: HPET id: 0x43538210 base: 0xfed00000
[    0.000000] smpboot: Allowing 4 CPUs, 0 hotplug CPUs
[    0.000000] e820: [mem 0xc0000000-0xfebfffff] available for PCI devices
[    0.000000] setup_percpu: NR_CPUS:64 nr_cpumask_bits:64 nr_cpu_ids:4 nr_node_ids:1
[    0.000000] PERCPU: Embedded 27 pages/cpu @ffff88041dc00000 s80256 r8192 d22144 u524288
[    0.000000] pcpu-alloc: s80256 r8192 d22144 u524288 alloc=1*2097152
[    0.000000] pcpu-alloc: [0] 0 1 2 3 
[    0.000000] Built 1 zonelists in Zone order, mobility grouping on.  Total pages: 3993197
[    0.000000] Policy zone: Normal
[    0.000000] Kernel command line: BOOT_IMAGE=/vmlinuz-linux-git root=UUID=bfa4ab6e-19a3-4601-ba2b-267c55841c73 rw cryptdevice=/dev/disk/by-uuid/70c08890-417a-497d-b6ab-c0d0357a63e2:cryptManjaro:allow-discards ipv6.disable=1 pnp.debug=1 loglevel=9 log_buf_len=10M printk.always_kmsg_dump=y printk.time=y mminit_loglevel=0 memory_corruption_check=1 acpi.debug_layer=0xfbff0000 acpi.debug_level=0xFFFFFFFD pnp.debug=1 nohz=on rcu_nocbs=1-3 pcie_aspm=force fbcon=scrollback:4096k fbcon=font:ProFont6x11 radeon.audio=0 radeon.lockup_timeout=0 radeon.test=0 radeon.agpmode=-1 radeon.benchmark=0 radeon.tv=0 radeon.hard_reset=1 radeon.aspm=1 radeon.dpm=1 radeon.msi=1 radeon.pcie_gen2=-1 radeon.no_wb=1 radeon.modeset=1 radeon.dynclks=1 radeon.r4xx_atom=0 radeon.runpm=0 radeonfb radeon.fastfb=1 nomodeset
[    0.000000] PCIe ASPM is forcibly enabled
[    0.000000] PID hash table entries: 4096 (order: 3, 32768 bytes)
[    0.000000] Memory: 15870900K/16226416K available (5251K kernel code, 721K rwdata, 2208K rodata, 848K init, 2588K bss, 355516K reserved)
[    0.000000] SLUB: HWalign=64, Order=0-3, MinObjects=0, CPUs=4, Nodes=1
[    0.000000] Hierarchical RCU implementation.
[    0.000000] 	RCU dyntick-idle grace-period acceleration is enabled.
[    0.000000] 	Additional per-CPU info printed with stalls.
[    0.000000] 	RCU restricting CPUs from NR_CPUS=64 to nr_cpu_ids=4.
[    0.000000] 	Offload RCU callbacks from all CPUs
[    0.000000] 	Offload RCU callbacks from CPUs: 0-3.
[    0.000000] RCU: Adjusting geometry for rcu_fanout_leaf=16, nr_cpu_ids=4
[    0.000000] NR_IRQS:4352 nr_irqs:456 0
[    0.000000] spurious 8259A interrupt: IRQ7.
[    0.000000] vgacon: allocated 4194304 bytes of memory for scrollback. CONFIG_VGACON_SOFT_SCROLLBACK_SIZE=4096
[    0.000000] Console: colour VGA+ 80x25
[    0.000000] console [tty0] enabled
[    0.000000] allocated 65011712 bytes of page_cgroup
[    0.000000] please try 'cgroup_disable=memory' option if you don't want memory cgroups
[    0.000000] hpet clockevent registered
[    0.000000] tsc: Fast TSC calibration using PIT
[    0.000000] tsc: Detected 1397.424 MHz processor
[    0.000040] Calibrating delay loop (skipped), value calculated using timer frequency.. 2795.30 BogoMIPS (lpj=4658080)
[    0.000200] pid_max: default: 32768 minimum: 301
[    0.000268] ACPI: Core revision 20140724
[    0.016076] ACPI: All ACPI Tables successfully acquired
[    0.017954] Security Framework initialized
[    0.019075] Dentry cache hash table entries: 2097152 (order: 12, 16777216 bytes)
[    0.024573] Inode-cache hash table entries: 1048576 (order: 11, 8388608 bytes)
[    0.027372] Mount-cache hash table entries: 32768 (order: 6, 262144 bytes)
[    0.027501] Mountpoint-cache hash table entries: 32768 (order: 6, 262144 bytes)
[    0.028070] Initializing cgroup subsys memory
[    0.028189] Initializing cgroup subsys devices
[    0.028252] Initializing cgroup subsys freezer
[    0.028315] Initializing cgroup subsys net_cls
[    0.028378] Initializing cgroup subsys blkio
[    0.028460] CPU: Physical Processor ID: 0
[    0.028520] CPU: Processor Core ID: 0
[    0.028581] mce: CPU supports 6 MCE banks
[    0.028650] Last level iTLB entries: 4KB 512, 2MB 16, 4MB 8
Last level dTLB entries: 4KB 1024, 2MB 128, 4MB 64, 1GB 0
[    0.028926] Freeing SMP alternatives memory: 20K (ffffffff81b8a000 - ffffffff81b8f000)
[    0.029597] ..TIMER: vector=0x30 apic1=0 pin1=2 apic2=-1 pin2=-1
[    0.062675] smpboot: CPU0: AMD A6-3400M APU with Radeon(tm) HD Graphics (fam: 12, model: 01, stepping: 00)
[    0.166528] Performance Events: AMD PMU driver.
[    0.166632] ... version:                0
[    0.166696] ... bit width:              48
[    0.166760] ... generic registers:      4
[    0.166824] ... value mask:             0000ffffffffffff
[    0.166888] ... max period:             00007fffffffffff
[    0.166950] ... fixed-purpose events:   0
[    0.167011] ... event mask:             000000000000000f
[    0.167535] MCE: In-kernel MCE decoding enabled.
[    0.167705] trying cpu_up:
[    0.167817] NMI watchdog: enabled on all CPUs, permanently consumes one hw-PMU counter.
[    0.168088] smpboot: ++++++++++++++++++++=_---CPU UP  1
[    0.168157] x86: Booting SMP configuration:
[    0.168221] .... node  #0, CPUs:      #1
[    0.168331] smpboot: Setting warm reset code and vector.
[    0.168456] smpboot: 1.
[    0.168518] smpboot: 2.
[    0.168581] smpboot: 3.
[    0.168645] smpboot: Asserting INIT
[    0.168708] smpboot: waiting 5 sec
[    8.474800] smpboot: done waiting
[    8.474943] smpboot: Waiting for INIT send to finish...
[    8.485085] smpboot: status for above ^ is: 0
[    8.485195] smpboot: Deasserting INIT
[    8.485258] smpboot: Waiting for above send to finish...
[    8.485324] smpboot: #startup loops: 2
[    8.485387] smpboot: Sending STARTUP #1
[    8.485450] smpboot: After apic_write
[    8.485813] smpboot: Startup point 1
[    8.485924] smpboot: Waiting for send to finish...
[    8.486189] smpboot: Sending STARTUP #2
[    8.486298] smpboot: After apic_write
[    8.486661] smpboot: Startup point 1
[    8.486724] smpboot: Waiting for send to finish...
[    8.486989] smpboot: After Startup
[    8.487099] smpboot: Before Callout 1
[    8.487162] smpboot: After Callout 1
[    8.487329] [sched_delayed] sched: RT throttling activated
[   13.506677] smpboot: CPU1: Not responding
[   13.506790] smpboot: do_boot_cpu failed(1) to wakeup CPU#1
[   13.506865] doing it one more time: cpu_up !!!!!!!!!!!!
[   13.506910] smpboot: ++++++++++++++++++++=_---CPU UP  1
[   13.507034] x86: Booting SMP configuration:
[   13.507097]     #1
[   13.507169] smpboot: Setting warm reset code and vector.
[   13.507293] smpboot: 1.
[   13.507356] smpboot: 2.
[   13.507417] smpboot: 3.
[   13.507477] smpboot: Asserting INIT
[   13.507540] smpboot: waiting 5 sec
[   18.519368] smpboot: done waiting
[   18.519509] smpboot: Waiting for INIT send to finish...
[   18.529648] smpboot: status for above ^ is: 0
[   18.529757] smpboot: Deasserting INIT
[   18.529821] smpboot: Waiting for above send to finish...
[   18.529885] smpboot: #startup loops: 2
[   18.529948] smpboot: Sending STARTUP #1
[   18.530012] smpboot: After apic_write
[   18.530375] smpboot: Startup point 1
[   18.530485] smpboot: Waiting for send to finish...
[   18.530749] smpboot: Sending STARTUP #2
[   18.530859] smpboot: After apic_write
[   18.531223] smpboot: Startup point 1
[   18.531334] smpboot: Waiting for send to finish...
[   18.531599] smpboot: After Startup
[   18.531708] smpboot: Before Callout 1
[   18.531772] smpboot: After Callout 1
[   23.553512] smpboot: CPU1: Not responding
[   23.553622] smpboot: do_boot_cpu failed(1) to wakeup CPU#1
[   23.553688] after cpu_up !!!!!!!!!!!!
[   23.553728] trying cpu_up:
[   23.553942] smpboot: ++++++++++++++++++++=_---CPU UP  2
[   23.554126]  #2
[   23.554163] smpboot: Setting warm reset code and vector.
[   23.554288] smpboot: 1.
[   23.554351] smpboot: 2.
[   23.554413] smpboot: 3.
[   23.554476] smpboot: Asserting INIT
[   23.554539] smpboot: waiting 5 sec
[   28.565151] smpboot: done waiting
[   28.565294] smpboot: Waiting for INIT send to finish...
[   28.575435] smpboot: status for above ^ is: 0
[   28.575544] smpboot: Deasserting INIT
[   28.575606] smpboot: Waiting for above send to finish...
[   28.575667] smpboot: #startup loops: 2
[   28.575727] smpboot: Sending STARTUP #1
[   28.575788] smpboot: After apic_write
[   28.450088] smpboot: CPU#2 (phys ID: 2) waiting for CALLOUT
[   28.576150] smpboot: Startup point 1
[   28.576322] smpboot: Waiting for send to finish...
[   28.576586] smpboot: Sending STARTUP #2
[   28.576694] smpboot: After apic_write
[   28.577056] smpboot: Startup point 1
[   28.577165] smpboot: Waiting for send to finish...
[   28.577429] smpboot: After Startup
[   28.577537] smpboot: Before Callout 2
[   28.577601] smpboot: After Callout 2
[   28.451731] smpboot: Stack at about ffff88040780bf44
[   28.577726] smpboot: CPU2: has booted.
[   28.579795] TSC synchronization [CPU#0 -> CPU#2]:
[   28.579906] Measured 175890330 cycles TSC warp between CPUs, turning off TSC clock.
[   28.580047] tsc: Marking TSC unstable due to check_tsc_sync_source failed
[   28.580171] after cpu_up !!!!!!!!!!!!
[   28.580256] trying cpu_up:
[   28.580465] smpboot: ++++++++++++++++++++=_---CPU UP  3
[   28.580651]  #3
[   28.580687] smpboot: Setting warm reset code and vector.
[   28.580811] smpboot: 1.
[   28.580874] smpboot: 2.
[   28.580936] smpboot: 3.
[   28.580998] smpboot: Asserting INIT
[   28.581061] smpboot: waiting 5 sec
[   33.591664] smpboot: done waiting
[   33.591809] smpboot: Waiting for INIT send to finish...
[   33.601925] smpboot: status for above ^ is: 0
[   33.601987] smpboot: Deasserting INIT
[   33.602049] smpboot: Waiting for above send to finish...
[   33.602111] smpboot: #startup loops: 2
[   33.602174] smpboot: Sending STARTUP #1
[   33.602236] smpboot: After apic_write
[   33.443630] smpboot: CPU#3 (phys ID: 3) waiting for CALLOUT
[   33.602599] smpboot: Startup point 1
[   33.602766] smpboot: Waiting for send to finish...
[   33.603030] smpboot: Sending STARTUP #2
[   33.603138] smpboot: After apic_write
[   33.603500] smpboot: Startup point 1
[   33.603608] smpboot: Waiting for send to finish...
[   33.603871] smpboot: After Startup
[   33.603945] smpboot: Before Callout 3
[   33.604007] smpboot: After Callout 3
[   33.445230] smpboot: Stack at about ffff88040780ff44
[   33.604134] smpboot: CPU3: has booted.
[   33.604229] after cpu_up !!!!!!!!!!!!
[   33.604268] x86: Booted up 1 node, 3 CPUs
[   33.604389] smpboot: Boot done
[   33.604450] smpboot: Before bogomips
[   33.604514] smpboot: Total of 3 processors activated (8387.90 BogoMIPS)
[   33.604578] smpboot: Before bogocount - setting activated=1
[   30.273433] devtmpfs: initialized
[   30.273484] device: 'platform': device_add
[   30.273573] bus: 'platform': registered
[   30.273641] bus: 'cpu': registered
[   30.273704] device: 'cpu': device_add
[   30.273793] bus: 'container': registered
[   30.273858] device: 'container': device_add
[   30.274358] bus: 'workqueue': registered
[   30.274358] device: 'workqueue': device_add
[   30.274358] atomic64_test: passed for x86-64 platform with CX8 and with SSE
[   30.275026] device class 'regulator': registering
[   30.275139] Registering platform device 'reg-dummy'. Parent at platform
[   30.275252] device: 'reg-dummy': device_add
[   30.275319] bus: 'platform': add device reg-dummy
[   30.275407] bus: 'platform': add driver reg-dummy
[   30.275476] bus: 'platform': driver_probe_device: matched device reg-dummy with driver reg-dummy
[   30.275617] bus: 'platform': really_probe: probing driver reg-dummy with device reg-dummy
[   30.275762] device: 'regulator.0': device_add
[   30.275850] regulator-dummy: no parameters
[   30.275920] driver: 'reg-dummy': driver_bound: bound to device 'reg-dummy'
[   30.275984] bus: 'platform': really_probe: bound device reg-dummy to driver reg-dummy
[   30.276228] NET: Registered protocol family 16
[   30.276648] device class 'bdi': registering
[   30.276688] bus: 'platform': add driver ramoops
[   30.276767] device class 'pci_bus': registering
[   30.276854] bus: 'pci': registered
[   30.276920] device class 'backlight': registering
[   30.276991] device class 'tty': registering
[   30.277058] device class 'vtconsole': registering
[   30.277124] device: 'vtcon0': device_add
[   30.277220] bus: 'node': registered
[   30.277286] device: 'node': device_add
[   30.277379] bus: 'i2c': registered
[   30.277446] bus: 'i2c': add driver dummy
[   30.277517] i2c-core: driver [dummy] registered
[   30.277585] cpuidle: using governor ladder
[   30.277651] cpuidle: using governor menu
[   30.278167] ACPI FADT declares the system doesn't support PCIe ASPM, so disable it
[   30.278351] ACPI: bus type PCI registered
[   30.278415] acpiphp: ACPI Hot Plug PCI Controller Driver version: 0.5
[   30.278484] device class 'dmi': registering
[   30.278556] device: 'id': device_add
[   30.278732] PCI: MMCONFIG for domain 0000 [bus 00-3f] at [mem 0xf8000000-0xfbffffff] (base 0xf8000000)
[   30.278874] PCI: not using MMCONFIG
[   30.278938] PCI: Using configuration type 1 for base access
[   30.279003] PCI: Using configuration type 1 for extended access
[   30.279369] device: 'node0': device_add
[   30.279482] bus: 'node': add device node0
[   30.279560] device: 'cpu0': device_add
[   30.279623] bus: 'cpu': add device cpu0
[   30.279725] device: 'cpu1': device_add
[   30.279829] bus: 'cpu': add device cpu1
[   30.280028] device: 'cpu2': device_add
[   30.280145] bus: 'cpu': add device cpu2
[   30.280242] device: 'cpu3': device_add
[   30.280309] bus: 'cpu': add device cpu3
[   30.283421] khelper (39) used greatest stack depth: 15104 bytes left
[   30.283543] kworker/u8:0 (47) used greatest stack depth: 15024 bytes left
[   30.283543] kworker/u8:0 (54) used greatest stack depth: 14848 bytes left
[   30.283543] kworker/u8:0 (67) used greatest stack depth: 14176 bytes left
[   30.300082] device: 'writeback': device_add
[   30.300164] bus: 'workqueue': add device writeback
[   30.300283] device: 'default': device_add
[   30.300497] device class 'block': registering
[   30.300497] ACPI: Added _OSI(Module Device)
[   30.300497] ACPI: Added _OSI(Processor Device)
[   30.300497] ACPI: Added _OSI(3.0 _SCP Extensions)
[   30.300497] ACPI: Added _OSI(Processor Aggregator Device)
[   30.301992] 
**** Context Switch from TID 4294967295 to TID 133431296 ****

[   30.302202]     utils-0051 util_eval_error       : Evaluate [\_SB_.PCI0.LPC0.EC0_._GLK]: AE_NOT_FOUND
[   30.302769] Executing  Method       \_SB_.PCI0.LPC0.EC0_._REG
[   30.303458] Executing  Method       \_SB_.PCI0.LPC0.EC0_._REG
[   30.303657] Executing  Method       \_SB_.PCI0.LPC0.EC0_._REG
[   30.303856] Executing  Method       \_SB_.PCI0.LPC0.EC0_._REG
[   30.306656] Initializing Region       \_SB_.OSTY
[   30.306791] Initializing Region       \_SB_.PCI0.NBMS
[   30.306939] Initializing Region       \_SB_.PCI0.NBXP
[   30.307089] Initializing Region       \_SB_.PCI0.K8ST
[   30.307275] Initializing Region       \_SB_.PCI0.BAR1
[   30.307458] Initializing Region       \_SB_.PCI0.PB2_.XPEX
[   30.307606] Initializing Region       \_SB_.PCI0.PB2_.PCFG
[   30.307748] Initializing Region       \_SB_.PCI0.PB2_.XPCB
[   30.307886] Initializing Region       \_SB_.PCI0.PB2_.XPRI
[   30.308039] Initializing Region       \_SB_.PCI0.PB2_.VGA_.PCFG
[   30.308245] Initializing Region       \_SB_.PCI0.PB2_.HDAU.PCFG
[   30.308422] Initializing Region       \_SB_.PCI0.PB3_.XPEX
[   30.308569] Initializing Region       \_SB_.PCI0.PB3_.PCFG
[   30.308717] Initializing Region       \_SB_.PCI0.PB3_.XPCB
[   30.308866] Initializing Region       \_SB_.PCI0.PB3_.XPRI
[   30.309009] Initializing Region       \_SB_.PCI0.PB3_.VGA_.PCFG
[   30.309223] Initializing Region       \_SB_.PCI0.PB3_.HDAU.PCFG
[   30.309389] Initializing Region       \_SB_.PCI0.PB4_.XPEX
[   30.309536] Initializing Region       \_SB_.PCI0.PB4_.PCFG
[   30.309684] Initializing Region       \_SB_.PCI0.PB4_.XPCB
[   30.309833] Initializing Region       \_SB_.PCI0.PB4_.XPRI
[   30.310021] Initializing Region       \_SB_.PCI0.PB4_.XPDV.PCFG
[   30.310180] Initializing Region       \_SB_.PCI0.PB5_.XPEX
[   30.310318] Initializing Region       \_SB_.PCI0.PB5_.PCFG
[   30.310463] Initializing Region       \_SB_.PCI0.PB5_.XPCB
[   30.310612] Initializing Region       \_SB_.PCI0.PB5_.XPRI
[   30.310765] Initializing Region       \_SB_.PCI0.PB5_.XPDV.PCFG
[   30.310927] Initializing Region       \_SB_.PCI0.PB6_.XPEX
[   30.311073] Initializing Region       \_SB_.PCI0.PB6_.PCFG
[   30.311221] Initializing Region       \_SB_.PCI0.PB6_.XPCB
[   30.311370] Initializing Region       \_SB_.PCI0.PB6_.XPRI
[   30.311512] Initializing Region       \_SB_.PCI0.PB6_.XPDV.PCFG
[   30.311671] Initializing Region       \_SB_.PCI0.PB7_.XPEX
[   30.311819] Initializing Region       \_SB_.PCI0.PB7_.PCFG
[   30.311966] Initializing Region       \_SB_.PCI0.PB7_.XPCB
[   30.312116] Initializing Region       \_SB_.PCI0.PB7_.XPRI
[   30.312268] Initializing Region       \_SB_.PCI0.PB7_.XPDV.PCFG
[   30.312663] Initializing Region       \_SB_.PCI0.SATC
[   30.312854] Initializing Region       \_SB_.PCI0.RMEM
[   30.313032] Initializing Region       \_SB_.PCI0.SATA.SATX
[   30.313186] Initializing Region       \_SB_.PCI0.SATA.BAR5
[   30.333570] Initializing Region       \_SB_.PCI0.SMB_.SBRV
[   30.333780] Initializing Region       \_SB_.PCI0.SMB_.PMIO
[   30.333930] Initializing Region       \_SB_.PCI0.SMB_.ERMM
[   30.334208] Initializing Region       \_SB_.PCI0.SMB_.P1E0
[   30.334369] Initializing Region       \_SB_.PCI0.SMB_.ABIO
[   30.334513] Initializing Region       \_SB_.PCI0.SMB_.SMB0
[   30.334653] Initializing Region       \_SB_.PCI0.LPC0.PIRQ
[   30.334856] Initializing Region       \_SB_.PCI0.LPC0.LPCR
[   30.335128] Initializing Region       \_SB_.PCI0.LPC0.LPCS
[   30.335287] Initializing Region       \_SB_.PCI0.LPC0.SMI0
[   30.335434] Initializing Region       \_SB_.PCI0.LPC0.SMI1
[   30.335589] Initializing Region       \_SB_.PCI0.LPC0.EC0_.ECO1
[   30.335731] Initializing Region       \_SB_.PCI0.LPC0.EC0_.ECO2
[   30.335868] Initializing Region       \_SB_.PCI0.LPC0.EC0_.ECMB
[   30.336015] Initializing Region       \_SB_.PCI0.LPC0.EC0_.RAM_
[   30.336272] Initializing Region       \_SB_.PCI0.LPC0.EC0_.CMOS
[   30.336444] Initializing Region       \_SB_.PCI0.LPC0.EC0_.VPC0.ERAM
[   30.336804] Initializing Region       \_SB_.PCI0.SPB0.PCFG
[   30.336998] Initializing Region       \_SB_.PCI0.SPB0.XPCB
[   30.337140] Initializing Region       \_SB_.PCI0.SPB0.XPDV.PCFG
[   30.337297] Initializing Region       \_SB_.PCI0.SPB1.PCFG
[   30.337444] Initializing Region       \_SB_.PCI0.SPB1.XPCB
[   30.337595] Initializing Region       \_SB_.PCI0.SPB1.XPDV.PCFG
[   30.337756] Initializing Region       \_SB_.PCI0.SPB2.PCFG
[   30.337903] Initializing Region       \_SB_.PCI0.SPB2.XPCB
[   30.338053] Initializing Region       \_SB_.PCI0.SPB2.XPDV.PCFG
[   30.338213] Initializing Region       \_SB_.PCI0.SPB3.PCFG
[   30.338352] Initializing Region       \_SB_.PCI0.SPB3.XPCB
[   30.338498] Initializing Region       \_SB_.PCI0.SPB3.XPDV.PCFG
[   30.338813] Initializing Region       \_SB_.PCI0.VGA_.REVD
[   30.339214] Initializing BufferField  \_SB_.AMW0.WLID
[   30.339739] Initializing Region       \DEB2
[   30.339932] Initializing Region       \PMIO
[   30.340077] Initializing Region       \P01_
[   30.340250] Initializing Region       \CNVS
[   30.340443] Initializing Region       \SPRT
[   30.340605] Initializing Region       \CMIO
[   30.340842] Executing  Method       \_SB_._STA
[   30.341059] Executing  Method       \_SB_._INI
[   30.341229] Executing  Method       \_SB_.PCI0._STA
[   30.341399] Executing  Method       \_SB_.PCI0._INI
[   30.341832] [Firmware Bug]: ACPI: BIOS _OSI(Linux) query ignored
[   30.342282] Executing  Method       \_SB_.PCI0.SATA._STA
[   30.342483] Executing  Method       \_SB_.PCI0.SATA._INI
[   30.343521] Executing  Method       \_SB_.PCI0.LPC0.EC0_._REG
[   30.370118] ACPI: Interpreter enabled
[   30.370249] ACPI: (supports S0 S5)
[   30.370314] ACPI: Using IOAPIC for interrupt routing
[   30.370654] PCI: MMCONFIG for domain 0000 [bus 00-3f] at [mem 0xf8000000-0xfbffffff] (base 0xf8000000)
[   30.371568] PCI: MMCONFIG at [mem 0xf8000000-0xfbffffff] reserved in ACPI motherboard resources
[   30.371568] bus: 'acpi': registered
[   30.371568] PCI: Using host bridge windows from ACPI; if necessary, use "pci=nocrs" and report a bug
[   30.371568]      scan-1141 get_device_data       : No context for object [ffffffffffffffff]
[   30.371568]     utils-0051 util_eval_error       : Evaluate [\._STA]: AE_NOT_FOUND
[   30.371568] device: 'LNXSYSTM:00': device_add
[   30.371568] bus: 'acpi': add device LNXSYSTM:00
[   30.371568]     utils-0051 util_eval_error       : Evaluate [\._SUN]: AE_NOT_FOUND
[   30.373348]      scan-1933 add_single_object     : Added LNXSYSTM:00 [\] parent (null)
[   30.373348]      scan-1141 get_device_data       : No context for object [ffff88040d81d000]
[   30.373348]      scan-1141 get_device_data       : No context for object [ffff88040d8377d0]
[   30.373348]      scan-1141 get_device_data       : No context for object [ffff88040d8377f8]
[   30.373348]      scan-1141 get_device_data       : No context for object [ffff88040d837820]
[   30.373348]      scan-1141 get_device_data       : No context for object [ffff88040d837848]
[   30.373547]      scan-1141 get_device_data       : No context for object [ffff88040d837870]
[   30.373757]      scan-1141 get_device_data       : No context for object [ffff88040d837898]
[   30.373962]      scan-1141 get_device_data       : No context for object [ffff88040d8378c0]
[   30.374172]      scan-1141 get_device_data       : No context for object [ffff88040d8378e8]
[   30.374381]      scan-1141 get_device_data       : No context for object [ffff88040d839398]
[   30.374590]      scan-1141 get_device_data       : No context for object [ffff88040d81d028]
[   30.374780]      scan-1141 get_device_data       : No context for object [ffff88040d81d168]
[   30.374991]     utils-0051 util_eval_error       : Evaluate [\_PR_.C000._STA]: AE_NOT_FOUND
[   30.375196]      scan-1141 get_device_data       : No context for object [ffff88040d81d028]
[   30.375415] device: 'LNXCPU:00': device_add
[   30.375482] bus: 'acpi': add device LNXCPU:00
[   30.375562]     utils-0051 util_eval_error       : Evaluate [\_PR_.C000._SUN]: AE_NOT_FOUND
[   30.376679]      scan-1933 add_single_object     : Added LNXCPU:00 [\_PR_.C000] parent LNXSYSTM:00
[   30.376679]      scan-1141 get_device_data       : No context for object [ffff88040d83c398]
[   30.376679]      scan-1141 get_device_data       : No context for object [ffff88040d83c3c0]
[   30.376679]      scan-1141 get_device_data       : No context for object [ffff88040d83c3e8]
[   30.376679]      scan-1141 get_device_data       : No context for object [ffff88040d83c410]
[   30.376855]      scan-1141 get_device_data       : No context for object [ffff88040d83c438]
[   30.377064]      scan-1141 get_device_data       : No context for object [ffff88040d83c460]
[   30.377274]      scan-1141 get_device_data       : No context for object [ffff88040d81d190]
[   30.377486]     utils-0051 util_eval_error       : Evaluate [\_PR_.C001._STA]: AE_NOT_FOUND
[   30.377692]      scan-1141 get_device_data       : No context for object [ffff88040d81d028]
[   30.377887] device: 'LNXCPU:01': device_add
[   30.377955] bus: 'acpi': add device LNXCPU:01
[   30.378036]     utils-0051 util_eval_error       : Evaluate [\_PR_.C001._SUN]: AE_NOT_FOUND
[   30.380013]      scan-1933 add_single_object     : Added LNXCPU:01 [\_PR_.C001] parent LNXSYSTM:00
[   30.380013]      scan-1141 get_device_data       : No context for object [ffff88040d83c488]
[   30.380013]      scan-1141 get_device_data       : No context for object [ffff88040d83c4b0]
[   30.380013]      scan-1141 get_device_data       : No context for object [ffff88040d83c4d8]
[   30.380013]      scan-1141 get_device_data       : No context for object [ffff88040d83c500]
[   30.380013]      scan-1141 get_device_data       : No context for object [ffff88040d83c528]
[   30.380013]      scan-1141 get_device_data       : No context for object [ffff88040d83c550]
[   30.380013]      scan-1141 get_device_data       : No context for object [ffff88040d81d1b8]
[   30.380013]     utils-0051 util_eval_error       : Evaluate [\_PR_.C002._STA]: AE_NOT_FOUND
[   30.380013]      scan-1141 get_device_data       : No context for object [ffff88040d81d028]
[   30.380204] device: 'LNXCPU:02': device_add
[   30.380266] bus: 'acpi': add device LNXCPU:02
[   30.380341]     utils-0051 util_eval_error       : Evaluate [\_PR_.C002._SUN]: AE_NOT_FOUND
[   30.380548]      scan-1933 add_single_object     : Added LNXCPU:02 [\_PR_.C002] parent LNXSYSTM:00
[   30.380750]      scan-1141 get_device_data       : No context for object [ffff88040d83c578]
[   30.380901]      scan-1141 get_device_data       : No context for object [ffff88040d83c5a0]
[   30.381078]      scan-1141 get_device_data       : No context for object [ffff88040d83c5c8]
[   30.381274]      scan-1141 get_device_data       : No context for object [ffff88040d83c5f0]
[   30.381469]      scan-1141 get_device_data       : No context for object [ffff88040d83c618]
[   30.381666]      scan-1141 get_device_data       : No context for object [ffff88040d83c640]
[   30.381844]      scan-1141 get_device_data       : No context for object [ffff88040d81d1e0]
[   30.382043]     utils-0051 util_eval_error       : Evaluate [\_PR_.C003._STA]: AE_NOT_FOUND
[   30.382242]      scan-1141 get_device_data       : No context for object [ffff88040d81d028]
[   30.382444] device: 'LNXCPU:03': device_add
[   30.382503] bus: 'acpi': add device LNXCPU:03
[   30.382571]     utils-0051 util_eval_error       : Evaluate [\_PR_.C003._SUN]: AE_NOT_FOUND
[   30.383349]      scan-1933 add_single_object     : Added LNXCPU:03 [\_PR_.C003] parent LNXSYSTM:00
[   30.383349]      scan-1141 get_device_data       : No context for object [ffff88040d83c668]
[   30.383349]      scan-1141 get_device_data       : No context for object [ffff88040d83c690]
[   30.383349]      scan-1141 get_device_data       : No context for object [ffff88040d83c6b8]
[   30.383533]      scan-1141 get_device_data       : No context for object [ffff88040d83c6e0]
[   30.383728]      scan-1141 get_device_data       : No context for object [ffff88040d83c708]
[   30.383879]      scan-1141 get_device_data       : No context for object [ffff88040d83c730]
[   30.384057]      scan-1141 get_device_data       : No context for object [ffff88040d81d050]
[   30.384257]     utils-0051 util_eval_error       : Evaluate [\_SB_._STA]: AE_NOT_FOUND
[   30.384504] device: 'LNXSYBUS:00': device_add
[   30.384612] bus: 'acpi': add device LNXSYBUS:00
[   30.384687]     utils-0051 util_eval_error       : Evaluate [\_SB_._SUN]: AE_NOT_FOUND
[   30.386672]      scan-1933 add_single_object     : Added LNXSYBUS:00 [\_SB_] parent LNXSYSTM:00
[   30.386672]      scan-1141 get_device_data       : No context for object [ffff88040d81d3c0]
[   30.386672]      scan-1141 get_device_data       : No context for object [ffff88040d81d3e8]
[   30.386672]      scan-1141 get_device_data       : No context for object [ffff88040d81d410]
[   30.386672]      scan-1141 get_device_data       : No context for object [ffff88040d81d438]
[   30.386672]      scan-1141 get_device_data       : No context for object [ffff88040d81d460]
[   30.386672]      scan-1141 get_device_data       : No context for object [ffff88040d81d488]
[   30.386672]      scan-1141 get_device_data       : No context for object [ffff88040d81d4b0]
[   30.386672]      scan-1141 get_device_data       : No context for object [ffff88040d81d5a0]
[   30.386672]     utils-0051 util_eval_error       : Evaluate [\_SB_.PWRB._STA]: AE_NOT_FOUND
[   30.386846] device: 'PNP0C0C:00': device_add
[   30.386906] bus: 'acpi': add device PNP0C0C:00
[   30.386980]     utils-0051 util_eval_error       : Evaluate [\_SB_.PWRB._SUN]: AE_NOT_FOUND
[   30.387185]      scan-1933 add_single_object     : Added PNP0C0C:00 [\_SB_.PWRB] parent LNXSYBUS:00
[   30.387386]      scan-1141 get_device_data       : No context for object [ffff88040d81d5c8]
[   30.387579]      scan-1141 get_device_data       : No context for object [ffff88040d81d5f0]
[   30.387775]     utils-0051 util_eval_error       : Evaluate [\_SB_.PCI0._STA]: AE_NOT_FOUND
[   30.388009] device: 'PNP0A08:00': device_add
[   30.388118] bus: 'acpi': add device PNP0A08:00
[   30.388198]     utils-0051 util_eval_error       : Evaluate [\_SB_.PCI0._SUN]: AE_NOT_FOUND
[   30.390030]      scan-1933 add_single_object     : Added PNP0A08:00 [\_SB_.PCI0] parent LNXSYBUS:00
[   30.390030]      scan-1141 get_device_data       : No context for object [ffff88040d81d618]
[   30.390030]      scan-1141 get_device_data       : No context for object [ffff88040d81d640]
[   30.390030]      scan-1141 get_device_data       : No context for object [ffff88040d81d668]
[   30.390030]      scan-1141 get_device_data       : No context for object [ffff88040d81d690]
[   30.390030]      scan-1141 get_device_data       : No context for object [ffff88040d81d6b8]
[   30.390030]      scan-1141 get_device_data       : No context for object [ffff88040d81d6e0]
[   30.390030]      scan-1141 get_device_data       : No context for object [ffff88040d81d708]
[   30.390030]      scan-1141 get_device_data       : No context for object [ffff88040d81d730]
[   30.390164]      scan-1141 get_device_data       : No context for object [ffff88040d81d758]
[   30.391379]      scan-1141 get_device_data       : No context for object [ffff88040d81d780]
[   30.391577]      scan-1141 get_device_data       : No context for object [ffff88040d81d7a8]
[   30.391774]      scan-1141 get_device_data       : No context for object [ffff88040d81d7d0]
[   30.391971]      scan-1141 get_device_data       : No context for object [ffff88040d81d7f8]
[   30.392168]      scan-1141 get_device_data       : No context for object [ffff88040d81d820]
[   30.392362]      scan-1141 get_device_data       : No context for object [ffff88040d81d848]
[   30.392561]      scan-1141 get_device_data       : No context for object [ffff88040d81d870]
[   30.392758]      scan-1141 get_device_data       : No context for object [ffff88040d81d898]
[   30.392935]      scan-1141 get_device_data       : No context for object [ffff88040d81d8c0]
[   30.393132]      scan-1141 get_device_data       : No context for object [ffff88040d81d8e8]
[   30.393335]      scan-1141 get_device_data       : No context for object [ffff88040d81d910]
[   30.393532]      scan-1141 get_device_data       : No context for object [ffff88040d81d938]
[   30.393727]      scan-1141 get_device_data       : No context for object [ffff88040d81d960]
[   30.393877]      scan-1141 get_device_data       : No context for object [ffff88040d81d988]
[   30.394054]      scan-1141 get_device_data       : No context for object [ffff88040d81d9b0]
[   30.394251]      scan-1141 get_device_data       : No context for object [ffff88040d81d9d8]
[   30.394449]      scan-1141 get_device_data       : No context for object [ffff88040d81da00]
[   30.394647]      scan-1141 get_device_data       : No context for object [ffff88040d81da28]
[   30.394819]      scan-1141 get_device_data       : No context for object [ffff88040d81da50]
[   30.395018]      scan-1141 get_device_data       : No context for object [ffff88040d81da78]
[   30.395215]      scan-1141 get_device_data       : No context for object [ffff88040d81daa0]
[   30.395413]      scan-1141 get_device_data       : No context for object [ffff88040d81dac8]
[   30.395610]      scan-1141 get_device_data       : No context for object [ffff88040d81daf0]
[   30.395805]      scan-1141 get_device_data       : No context for object [ffff88040d81db18]
[   30.396001]      scan-1141 get_device_data       : No context for object [ffff88040d81db40]
[   30.396197]      scan-1141 get_device_data       : No context for object [ffff88040d81db68]
[   30.396394]      scan-1141 get_device_data       : No context for object [ffff88040d81db90]
[   30.396591]      scan-1141 get_device_data       : No context for object [ffff88040d81dbb8]
[   30.396797]      scan-1141 get_device_data       : No context for object [ffff88040d81dbe0]
[   30.396994]      scan-1141 get_device_data       : No context for object [ffff88040d81dc08]
[   30.397191]      scan-1141 get_device_data       : No context for object [ffff88040d81dc30]
[   30.397385]      scan-1141 get_device_data       : No context for object [ffff88040d81dc58]
[   30.397583]      scan-1141 get_device_data       : No context for object [ffff88040d81dc80]
[   30.397780]      scan-1141 get_device_data       : No context for object [ffff88040d81dca8]
[   30.397978]      scan-1141 get_device_data       : No context for object [ffff88040d81dcd0]
[   30.398176]      scan-1141 get_device_data       : No context for object [ffff88040d81dcf8]
[   30.398372]      scan-1141 get_device_data       : No context for object [ffff88040d81dd20]
[   30.398565]      scan-1141 get_device_data       : No context for object [ffff88040d81dd48]
[   30.398762]      scan-1141 get_device_data       : No context for object [ffff88040d81dd70]
[   30.398944]      scan-1141 get_device_data       : No context for object [ffff88040d81dd98]
[   30.399141]      scan-1141 get_device_data       : No context for object [ffff88040d81ddc0]
[   30.399339]      scan-1141 get_device_data       : No context for object [ffff88040d81dde8]
[   30.399537]      scan-1141 get_device_data       : No context for object [ffff88040d81de10]
[   30.399731]      scan-1141 get_device_data       : No context for object [ffff88040d81de38]
[   30.399882]      scan-1141 get_device_data       : No context for object [ffff88040d81de60]
[   30.400002]      scan-1141 get_device_data       : No context for object [ffff88040d81de88]
[   30.400199]      scan-1141 get_device_data       : No context for object [ffff88040d81deb0]
[   30.400396]      scan-1141 get_device_data       : No context for object [ffff88040d81ded8]
[   30.400594]      scan-1141 get_device_data       : No context for object [ffff88040d81df00]
[   30.400770]      scan-1141 get_device_data       : No context for object [ffff88040d81df28]
[   30.400963]      scan-1141 get_device_data       : No context for object [ffff88040d81df50]
[   30.401160]      scan-1141 get_device_data       : No context for object [ffff88040d81df78]
[   30.401355]      scan-1141 get_device_data       : No context for object [ffff88040d81dfa0]
[   30.401550]      scan-1141 get_device_data       : No context for object [ffff88040d81dfc8]
[   30.401745]      scan-1141 get_device_data       : No context for object [ffff88040d822000]
[   30.401938]      scan-1141 get_device_data       : No context for object [ffff88040d822028]
[   30.402130]     utils-0051 util_eval_error       : Evaluate [\_SB_.PCI0.MEMR._STA]: AE_NOT_FOUND
[   30.402363] device: 'PNP0C02:00': device_add
[   30.402474] bus: 'acpi': add device PNP0C02:00
[   30.402550]     utils-0051 util_eval_error       : Evaluate [\_SB_.PCI0.MEMR._SUN]: AE_NOT_FOUND
[   30.403362]      scan-1933 add_single_object     : Added PNP0C02:00 [\_SB_.PCI0.MEMR] parent PNP0A08:00
[   30.403362]      scan-1141 get_device_data       : No context for object [ffff88040d822050]
[   30.403362]      scan-1141 get_device_data       : No context for object [ffff88040d822078]
[   30.403362]      scan-1141 get_device_data       : No context for object [ffff88040d8220a0]
[   30.403530]      scan-1141 get_device_data       : No context for object [ffff88040d8220c8]
[   30.403725]      scan-1141 get_device_data       : No context for object [ffff88040d8220f0]
[   30.403919]      scan-1141 get_device_data       : No context for object [ffff88040d822118]
[   30.404113]      scan-1141 get_device_data       : No context for object [ffff88040d822140]
[   30.404307]      scan-1141 get_device_data       : No context for object [ffff88040d822168]
[   30.404502]      scan-1141 get_device_data       : No context for object [ffff88040d822190]
[   30.404694]      scan-1141 get_device_data       : No context for object [ffff88040d8221b8]
[   30.404875]      scan-1141 get_device_data       : No context for object [ffff88040d8221e0]
[   30.405071]      scan-1141 get_device_data       : No context for object [ffff88040d822208]
[   30.405265]      scan-1141 get_device_data       : No context for object [ffff88040d822230]
[   30.405459]      scan-1141 get_device_data       : No context for object [ffff88040d822258]
[   30.405656]      scan-1141 get_device_data       : No context for object [ffff88040d822280]
[   30.405801]      scan-1141 get_device_data       : No context for object [ffff88040d8222a8]
[   30.405982]     utils-0051 util_eval_error       : Evaluate [\_SB_.PCI0.PB2_._STA]: AE_NOT_FOUND
[   30.406280] device: 'device:00': device_add
[   30.406343] bus: 'acpi': add device device:00
[   30.406420]     utils-0051 util_eval_error       : Evaluate [\_SB_.PCI0.PB2_._SUN]: AE_NOT_FOUND
[   30.406680]      scan-1933 add_single_object     : Added device:00 [\_SB_.PCI0.PB2_] parent PNP0A08:00
[   30.406860]      scan-1141 get_device_data       : No context for object [ffff88040d8222d0]
[   30.407055]      scan-1141 get_device_data       : No context for object [ffff88040d8222f8]
[   30.407252]      scan-1141 get_device_data       : No context for object [ffff88040d822320]
[   30.407449]      scan-1141 get_device_data       : No context for object [ffff88040d822348]
[   30.407646]      scan-1141 get_device_data       : No context for object [ffff88040d822370]
[   30.407823]      scan-1141 get_device_data       : No context for object [ffff88040d822398]
[   30.408021]      scan-1141 get_device_data       : No context for object [ffff88040d8223c0]
[   30.408217]      scan-1141 get_device_data       : No context for object [ffff88040d8223e8]
[   30.408413]      scan-1141 get_device_data       : No context for object [ffff88040d822410]
[   30.408610]      scan-1141 get_device_data       : No context for object [ffff88040d822438]
[   30.409794]      scan-1141 get_device_data       : No context for object [ffff88040d822460]
[   30.410002]      scan-1141 get_device_data       : No context for object [ffff88040d822488]
[   30.410199]      scan-1141 get_device_data       : No context for object [ffff88040d8224b0]
[   30.410397]      scan-1141 get_device_data       : No context for object [ffff88040d8224d8]
[   30.410594]      scan-1141 get_device_data       : No context for object [ffff88040d822500]
[   30.410788]      scan-1141 get_device_data       : No context for object [ffff88040d822528]
[   30.410986]      scan-1141 get_device_data       : No context for object [ffff88040d822550]
[   30.411183]      scan-1141 get_device_data       : No context for object [ffff88040d822578]
[   30.411381]      scan-1141 get_device_data       : No context for object [ffff88040d8225a0]
[   30.411578]      scan-1141 get_device_data       : No context for object [ffff88040d8225c8]
[   30.411776]      scan-1141 get_device_data       : No context for object [ffff88040d8225f0]
[   30.411971]      scan-1141 get_device_data       : No context for object [ffff88040d822618]
[   30.412169]      scan-1141 get_device_data       : No context for object [ffff88040d822640]
[   30.412367]      scan-1141 get_device_data       : No context for object [ffff88040d822668]
[   30.412564]      scan-1141 get_device_data       : No context for object [ffff88040d822690]
[   30.412761]      scan-1141 get_device_data       : No context for object [ffff88040d8226b8]
[   30.412938]      scan-1141 get_device_data       : No context for object [ffff88040d8226e0]
[   30.413135]      scan-1141 get_device_data       : No context for object [ffff88040d822708]
[   30.413335]      scan-1141 get_device_data       : No context for object [ffff88040d822730]
[   30.413533]      scan-1141 get_device_data       : No context for object [ffff88040d822758]
[   30.413730]      scan-1141 get_device_data       : No context for object [ffff88040d822780]
[   30.413883]     utils-0051 util_eval_error       : Evaluate [\_SB_.PCI0.PB2_.VGA_._STA]: AE_NOT_FOUND
[   30.414099] device: 'device:01': device_add
[   30.414210] bus: 'acpi': add device device:01
[   30.414279]     utils-0051 util_eval_error       : Evaluate [\_SB_.PCI0.PB2_.VGA_._SUN]: AE_NOT_FOUND
[   30.416690]      scan-1933 add_single_object     : Added device:01 [\_SB_.PCI0.PB2_.VGA_] parent device:00
[   30.416690]      scan-1141 get_device_data       : No context for object [ffff88040d8227a8]
[   30.416690]      scan-1141 get_device_data       : No context for object [ffff88040d8227d0]
[   30.416690]      scan-1141 get_device_data       : No context for object [ffff88040d8227f8]
[   30.416690]      scan-1141 get_device_data       : No context for object [ffff88040d822820]
[   30.416690]      scan-1141 get_device_data       : No context for object [ffff88040d822848]
[   30.416690]      scan-1141 get_device_data       : No context for object [ffff88040d822870]
[   30.416690]      scan-1141 get_device_data       : No context for object [ffff88040d822898]
[   30.416690]      scan-1141 get_device_data       : No context for object [ffff88040d8228c0]
[   30.416690]      scan-1141 get_device_data       : No context for object [ffff88040d8228e8]
[   30.416690]      scan-1141 get_device_data       : No context for object [ffff88040d822910]
[   30.416690]      scan-1141 get_device_data       : No context for object [ffff88040d822938]
[   30.416818]      scan-1141 get_device_data       : No context for object [ffff88040d822960]
[   30.417012]      scan-1141 get_device_data       : No context for object [ffff88040d822988]
[   30.417210]      scan-1141 get_device_data       : No context for object [ffff88040d8229b0]
[   30.417407]      scan-1141 get_device_data       : No context for object [ffff88040d8229d8]
[   30.417605]      scan-1141 get_device_data       : No context for object [ffff88040d822a00]
[   30.417802]      scan-1141 get_device_data       : No context for object [ffff88040d822a28]
[   30.417999]      scan-1141 get_device_data       : No context for object [ffff88040d822a50]
[   30.418189]      scan-1141 get_device_data       : No context for object [ffff88040d822a78]
[   30.418385]      scan-1141 get_device_data       : No context for object [ffff88040d822aa0]
[   30.418579]      scan-1141 get_device_data       : No context for object [ffff88040d822ac8]
[   30.418773]      scan-1141 get_device_data       : No context for object [ffff88040d822af0]
[   30.418952]      scan-1141 get_device_data       : No context for object [ffff88040d822b18]
[   30.419148]      scan-1141 get_device_data       : No context for object [ffff88040d822b40]
[   30.419340]      scan-1141 get_device_data       : No context for object [ffff88040d822b68]
[   30.419533]      scan-1141 get_device_data       : No context for object [ffff88040d822b90]
[   30.419727]      scan-1141 get_device_data       : No context for object [ffff88040d822bb8]
[   30.419875]      scan-1141 get_device_data       : No context for object [ffff88040d822be0]
[   30.420002]      scan-1141 get_device_data       : No context for object [ffff88040d822c08]
[   30.420197]      scan-1141 get_device_data       : No context for object [ffff88040d822c30]
[   30.420392]      scan-1141 get_device_data       : No context for object [ffff88040d822c58]
[   30.420581]      scan-1141 get_device_data       : No context for object [ffff88040d822c80]
[   30.420769]      scan-1141 get_device_data       : No context for object [ffff88040d822ca8]
[   30.420963]      scan-1141 get_device_data       : No context for object [ffff88040d822cd0]
[   30.421161]      scan-1141 get_device_data       : No context for object [ffff88040d822cf8]
[   30.421355]      scan-1141 get_device_data       : No context for object [ffff88040d822d20]
[   30.421550]      scan-1141 get_device_data       : No context for object [ffff88040d822d48]
[   30.421743]      scan-1141 get_device_data       : No context for object [ffff88040d822d70]
[   30.421937]      scan-1141 get_device_data       : No context for object [ffff88040d822d98]
[   30.422132]      scan-1141 get_device_data       : No context for object [ffff88040d837438]
[   30.422329]      scan-1141 get_device_data       : No context for object [ffff88040d822dc0]
[   30.422528]     utils-0051 util_eval_error       : Evaluate [\_SB_.PCI0.PB2_.HDAU._STA]: AE_NOT_FOUND
[   30.422760] device: 'device:02': device_add
[   30.422822] bus: 'acpi': add device device:02
[   30.422890]     utils-0051 util_eval_error       : Evaluate [\_SB_.PCI0.PB2_.HDAU._SUN]: AE_NOT_FOUND
[   30.423365]      scan-1933 add_single_object     : Added device:02 [\_SB_.PCI0.PB2_.HDAU] parent device:00
[   30.423365]      scan-1141 get_device_data       : No context for object [ffff88040d822de8]
[   30.423536]      scan-1141 get_device_data       : No context for object [ffff88040d822e10]
[   30.423733]      scan-1141 get_device_data       : No context for object [ffff88040d822e38]
[   30.423885]      scan-1141 get_device_data       : No context for object [ffff88040d822e60]
[   30.424063]      scan-1141 get_device_data       : No context for object [ffff88040d822e88]
[   30.424259]      scan-1141 get_device_data       : No context for object [ffff88040d822eb0]
[   30.424456]      scan-1141 get_device_data       : No context for object [ffff88040d822ed8]
[   30.424655]     utils-0051 util_eval_error       : Evaluate [\_SB_.PCI0.PB3_._STA]: AE_NOT_FOUND
[   30.424882] device: 'device:03': device_add
[   30.424945] bus: 'acpi': add device device:03
[   30.425025]     utils-0051 util_eval_error       : Evaluate [\_SB_.PCI0.PB3_._SUN]: AE_NOT_FOUND
[   30.426679]      scan-1933 add_single_object     : Added device:03 [\_SB_.PCI0.PB3_] parent PNP0A08:00
[   30.426679]      scan-1141 get_device_data       : No context for object [ffff88040d822f00]
[   30.426679]      scan-1141 get_device_data       : No context for object [ffff88040d822f28]
[   30.426679]      scan-1141 get_device_data       : No context for object [ffff88040d822f50]
[   30.426679]      scan-1141 get_device_data       : No context for object [ffff88040d822f78]
[   30.426679]      scan-1141 get_device_data       : No context for object [ffff88040d822fa0]
[   30.426679]      scan-1141 get_device_data       : No context for object [ffff88040d822fc8]
[   30.426679]      scan-1141 get_device_data       : No context for object [ffff88040d823000]
[   30.426795]      scan-1141 get_device_data       : No context for object [ffff88040d823028]
[   30.426993]      scan-1141 get_device_data       : No context for object [ffff88040d823050]
[   30.428208]      scan-1141 get_device_data       : No context for object [ffff88040d823078]
[   30.428406]      scan-1141 get_device_data       : No context for object [ffff88040d8230a0]
[   30.428603]      scan-1141 get_device_data       : No context for object [ffff88040d8230c8]
[   30.428800]      scan-1141 get_device_data       : No context for object [ffff88040d8230f0]
[   30.428998]      scan-1141 get_device_data       : No context for object [ffff88040d823118]
[   30.429192]      scan-1141 get_device_data       : No context for object [ffff88040d823140]
[   30.429390]      scan-1141 get_device_data       : No context for object [ffff88040d823168]
[   30.429587]      scan-1141 get_device_data       : No context for object [ffff88040d823190]
[   30.429784]      scan-1141 get_device_data       : No context for object [ffff88040d8231b8]
[   30.429961]      scan-1141 get_device_data       : No context for object [ffff88040d8231e0]
[   30.430164]      scan-1141 get_device_data       : No context for object [ffff88040d823208]
[   30.430361]      scan-1141 get_device_data       : No context for object [ffff88040d823230]
[   30.430556]      scan-1141 get_device_data       : No context for object [ffff88040d823258]
[   30.430753]      scan-1141 get_device_data       : No context for object [ffff88040d823280]
[   30.430904]      scan-1141 get_device_data       : No context for object [ffff88040d8232a8]
[   30.431081]      scan-1141 get_device_data       : No context for object [ffff88040d8232d0]
[   30.431279]      scan-1141 get_device_data       : No context for object [ffff88040d8232f8]
[   30.431477]      scan-1141 get_device_data       : No context for object [ffff88040d823320]
[   30.431670]      scan-1141 get_device_data       : No context for object [ffff88040d823348]
[   30.431848]      scan-1141 get_device_data       : No context for object [ffff88040d823370]
[   30.432046]      scan-1141 get_device_data       : No context for object [ffff88040d823398]
[   30.432243]      scan-1141 get_device_data       : No context for object [ffff88040d8233c0]
[   30.432442]     utils-0051 util_eval_error       : Evaluate [\_SB_.PCI0.PB3_.VGA_._STA]: AE_NOT_FOUND
[   30.432669]     video-0058 backlight_cap_match   : Found generic backlight support
[   30.432851] device: 'LNXVIDEO:00': device_add
[   30.432914] bus: 'acpi': add device LNXVIDEO:00
[   30.432994]     utils-0051 util_eval_error       : Evaluate [\_SB_.PCI0.PB3_.VGA_._SUN]: AE_NOT_FOUND
[   30.433346]      scan-1933 add_single_object     : Added LNXVIDEO:00 [\_SB_.PCI0.PB3_.VGA_] parent device:03
[   30.433346]      scan-1141 get_device_data       : No context for object [ffff88040d8233e8]
[   30.433541]      scan-1141 get_device_data       : No context for object [ffff88040d823410]
[   30.433738]      scan-1141 get_device_data       : No context for object [ffff88040d823438]
[   30.433935]      scan-1141 get_device_data       : No context for object [ffff88040d823460]
[   30.434129]      scan-1141 get_device_data       : No context for object [ffff88040d823488]
[   30.434327]      scan-1141 get_device_data       : No context for object [ffff88040d8234b0]
[   30.434524]      scan-1141 get_device_data       : No context for object [ffff88040d8234d8]
[   30.434720]      scan-1141 get_device_data       : No context for object [ffff88040d823500]
[   30.434897]      scan-1141 get_device_data       : No context for object [ffff88040d823528]
[   30.435092]      scan-1141 get_device_data       : No context for object [ffff88040d823550]
[   30.435281]      scan-1141 get_device_data       : No context for object [ffff88040d823578]
[   30.435477]      scan-1141 get_device_data       : No context for object [ffff88040d8235a0]
[   30.435671]      scan-1141 get_device_data       : No context for object [ffff88040d8235c8]
[   30.435820]      scan-1141 get_device_data       : No context for object [ffff88040d8235f0]
[   30.435997]      scan-1141 get_device_data       : No context for object [ffff88040d823618]
[   30.436192]      scan-1141 get_device_data       : No context for object [ffff88040d823640]
[   30.436386]      scan-1141 get_device_data       : No context for object [ffff88040d823668]
[   30.436578]      scan-1141 get_device_data       : No context for object [ffff88040d823690]
[   30.436810]      scan-1141 get_device_data       : No context for object [ffff88040d8236b8]
[   30.437004]      scan-1141 get_device_data       : No context for object [ffff88040d8236e0]
[   30.437198]      scan-1141 get_device_data       : No context for object [ffff88040d823708]
[   30.437393]      scan-1141 get_device_data       : No context for object [ffff88040d823730]
[   30.437588]      scan-1141 get_device_data       : No context for object [ffff88040d823758]
[   30.437778]      scan-1141 get_device_data       : No context for object [ffff88040d823780]
[   30.437973]      scan-1141 get_device_data       : No context for object [ffff88040d8237a8]
[   30.438168]      scan-1141 get_device_data       : No context for object [ffff88040d8237d0]
[   30.438361]      scan-1141 get_device_data       : No context for object [ffff88040d8237f8]
[   30.438556]      scan-1141 get_device_data       : No context for object [ffff88040d823820]
[   30.438750]      scan-1141 get_device_data       : No context for object [ffff88040d823848]
[   30.438897]      scan-1141 get_device_data       : No context for object [ffff88040d823870]
[   30.439070]      scan-1141 get_device_data       : No context for object [ffff88040d823898]
[   30.439267]      scan-1141 get_device_data       : No context for object [ffff88040d8238c0]
[   30.439465]      scan-1141 get_device_data       : No context for object [ffff88040d8238e8]
[   30.439662]      scan-1141 get_device_data       : No context for object [ffff88040d823910]
[   30.439839]      scan-1141 get_device_data       : No context for object [ffff88040d823938]
[   30.440002]      scan-1141 get_device_data       : No context for object [ffff88040d823960]
[   30.440197]      scan-1141 get_device_data       : No context for object [ffff88040d823988]
[   30.440395]      scan-1141 get_device_data       : No context for object [ffff88040d8239b0]
[   30.440592]      scan-1141 get_device_data       : No context for object [ffff88040d8239d8]
[   30.440772]      scan-1141 get_device_data       : No context for object [ffff88040d837460]
[   30.440970]      scan-1141 get_device_data       : No context for object [ffff88040d83ac08]
[   30.441167]      scan-1141 get_device_data       : No context for object [ffff88040d83ac30]
[   30.441364]      scan-1141 get_device_data       : No context for object [ffff88040d83ac58]
[   30.441561]     utils-0051 util_eval_error       : Evaluate [\_SB_.PCI0.PB3_.VGA_.CRT_._STA]: AE_NOT_FOUND
[   30.441804] device: 'device:04': device_add
[   30.441867] bus: 'acpi': add device device:04
[   30.441942]     utils-0051 util_eval_error       : Evaluate [\_SB_.PCI0.PB3_.VGA_.CRT_._SUN]: AE_NOT_FOUND
[   30.443363]      scan-1933 add_single_object     : Added device:04 [\_SB_.PCI0.PB3_.VGA_.CRT_] parent LNXVIDEO:00
[   30.443363]      scan-1141 get_device_data       : No context for object [ffff88040d83ac80]
[   30.443363]      scan-1141 get_device_data       : No context for object [ffff88040d83aca8]
[   30.443363]      scan-1141 get_device_data       : No context for object [ffff88040d83acd0]
[   30.443363]      scan-1141 get_device_data       : No context for object [ffff88040d83acf8]
[   30.443363]      scan-1141 get_device_data       : No context for object [ffff88040d83ad20]
[   30.443363]     utils-0051 util_eval_error       : Evaluate [\_SB_.PCI0.PB3_.VGA_.LCD_._STA]: AE_NOT_FOUND
[   30.443580] device: 'device:05': device_add
[   30.443689] bus: 'acpi': add device device:05
[   30.443758]     utils-0051 util_eval_error       : Evaluate [\_SB_.PCI0.PB3_.VGA_.LCD_._SUN]: AE_NOT_FOUND
[   30.443941]      scan-1933 add_single_object     : Added device:05 [\_SB_.PCI0.PB3_.VGA_.LCD_] parent LNXVIDEO:00
[   30.444143]      scan-1141 get_device_data       : No context for object [ffff88040d83ad48]
[   30.444341]      scan-1141 get_device_data       : No context for object [ffff88040d83ad70]
[   30.444539]      scan-1141 get_device_data       : No context for object [ffff88040d83ad98]
[   30.444736]      scan-1141 get_device_data       : No context for object [ffff88040d83adc0]
[   30.444933]      scan-1141 get_device_data       : No context for object [ffff88040d83ade8]
[   30.445127]      scan-1141 get_device_data       : No context for object [ffff88040d83ae10]
[   30.445326]      scan-1141 get_device_data       : No context for object [ffff88040d83ae38]
[   30.446539]      scan-1141 get_device_data       : No context for object [ffff88040d83ae60]
[   30.446799]     utils-0051 util_eval_error       : Evaluate [\_SB_.PCI0.PB3_.VGA_.TV0_._STA]: AE_NOT_FOUND
[   30.447032] device: 'device:06': device_add
[   30.447095] bus: 'acpi': add device device:06
[   30.447169]     utils-0051 util_eval_error       : Evaluate [\_SB_.PCI0.PB3_.VGA_.TV0_._SUN]: AE_NOT_FOUND
[   30.447377]      scan-1933 add_single_object     : Added device:06 [\_SB_.PCI0.PB3_.VGA_.TV0_] parent LNXVIDEO:00
[   30.447576]      scan-1141 get_device_data       : No context for object [ffff88040d83ae88]
[   30.447773]      scan-1141 get_device_data       : No context for object [ffff88040d83aeb0]
[   30.447925]      scan-1141 get_device_data       : No context for object [ffff88040d83aed8]
[   30.448102]      scan-1141 get_device_data       : No context for object [ffff88040d83af00]
[   30.448301]      scan-1141 get_device_data       : No context for object [ffff88040d83af28]
[   30.448499]     utils-0051 util_eval_error       : Evaluate [\_SB_.PCI0.PB3_.VGA_.HDMI._STA]: AE_NOT_FOUND
[   30.448722] device: 'device:07': device_add
[   30.448782] bus: 'acpi': add device device:07
[   30.448848]     utils-0051 util_eval_error       : Evaluate [\_SB_.PCI0.PB3_.VGA_.HDMI._SUN]: AE_NOT_FOUND
[   30.450029]      scan-1933 add_single_object     : Added device:07 [\_SB_.PCI0.PB3_.VGA_.HDMI] parent LNXVIDEO:00
[   30.450029]      scan-1141 get_device_data       : No context for object [ffff88040d83af50]
[   30.450029]      scan-1141 get_device_data       : No context for object [ffff88040d83af78]
[   30.450029]      scan-1141 get_device_data       : No context for object [ffff88040d83afa0]
[   30.450029]      scan-1141 get_device_data       : No context for object [ffff88040d83afc8]
[   30.450029]      scan-1141 get_device_data       : No context for object [ffff88040d823a00]
[   30.450200]     utils-0051 util_eval_error       : Evaluate [\_SB_.PCI0.PB3_.HDAU._STA]: AE_NOT_FOUND
[   30.450431] device: 'device:08': device_add
[   30.450496] bus: 'acpi': add device device:08
[   30.450571]     utils-0051 util_eval_error       : Evaluate [\_SB_.PCI0.PB3_.HDAU._SUN]: AE_NOT_FOUND
[   30.450778]      scan-1933 add_single_object     : Added device:08 [\_SB_.PCI0.PB3_.HDAU] parent device:03
[   30.450958]      scan-1141 get_device_data       : No context for object [ffff88040d823a28]
[   30.451156]      scan-1141 get_device_data       : No context for object [ffff88040d823a50]
[   30.451351]      scan-1141 get_device_data       : No context for object [ffff88040d823a78]
[   30.451547]      scan-1141 get_device_data       : No context for object [ffff88040d823aa0]
[   30.451740]      scan-1141 get_device_data       : No context for object [ffff88040d823ac8]
[   30.451888]      scan-1141 get_device_data       : No context for object [ffff88040d823af0]
[   30.452065]      scan-1141 get_device_data       : No context for object [ffff88040d823b18]
[   30.452262]     utils-0051 util_eval_error       : Evaluate [\_SB_.PCI0.PB4_._STA]: AE_NOT_FOUND
[   30.452486] device: 'device:09': device_add
[   30.452546] bus: 'acpi': add device device:09
[   30.452620]     utils-0051 util_eval_error       : Evaluate [\_SB_.PCI0.PB4_._SUN]: AE_NOT_FOUND
[   30.453344]      scan-1933 add_single_object     : Added device:09 [\_SB_.PCI0.PB4_] parent PNP0A08:00
[   30.453344]      scan-1141 get_device_data       : No context for object [ffff88040d823b40]
[   30.453344]      scan-1141 get_device_data       : No context for object [ffff88040d823b68]
[   30.453344]      scan-1141 get_device_data       : No context for object [ffff88040d823b90]
[   30.453532]      scan-1141 get_device_data       : No context for object [ffff88040d823bb8]
[   30.453722]      scan-1141 get_device_data       : No context for object [ffff88040d823be0]
[   30.453917]      scan-1141 get_device_data       : No context for object [ffff88040d823c08]
[   30.454111]      scan-1141 get_device_data       : No context for object [ffff88040d823c30]
[   30.454307]      scan-1141 get_device_data       : No context for object [ffff88040d823c58]
[   30.454503]      scan-1141 get_device_data       : No context for object [ffff88040d823c80]
[   30.454699]      scan-1141 get_device_data       : No context for object [ffff88040d823ca8]
[   30.454871]      scan-1141 get_device_data       : No context for object [ffff88040d823cd0]
[   30.455066]      scan-1141 get_device_data       : No context for object [ffff88040d823cf8]
[   30.455260]      scan-1141 get_device_data       : No context for object [ffff88040d823d20]
[   30.455455]      scan-1141 get_device_data       : No context for object [ffff88040d823d48]
[   30.455651]      scan-1141 get_device_data       : No context for object [ffff88040d823d70]
[   30.455802]      scan-1141 get_device_data       : No context for object [ffff88040d823d98]
[   30.455979]      scan-1141 get_device_data       : No context for object [ffff88040d823dc0]
[   30.456172]      scan-1141 get_device_data       : No context for object [ffff88040d823de8]
[   30.456369]      scan-1141 get_device_data       : No context for object [ffff88040d823e10]
[   30.456566]      scan-1141 get_device_data       : No context for object [ffff88040d823e38]
[   30.456810]      scan-1141 get_device_data       : No context for object [ffff88040d823e60]
[   30.457009]      scan-1141 get_device_data       : No context for object [ffff88040d823e88]
[   30.457206]      scan-1141 get_device_data       : No context for object [ffff88040d823eb0]
[   30.457400]      scan-1141 get_device_data       : No context for object [ffff88040d823ed8]
[   30.457598]      scan-1141 get_device_data       : No context for object [ffff88040d823f00]
[   30.457795]      scan-1141 get_device_data       : No context for object [ffff88040d823f28]
[   30.457993]      scan-1141 get_device_data       : No context for object [ffff88040d823f50]
[   30.458191]      scan-1141 get_device_data       : No context for object [ffff88040d823f78]
[   30.458387]      scan-1141 get_device_data       : No context for object [ffff88040d823fa0]
[   30.458582]      scan-1141 get_device_data       : No context for object [ffff88040d823fc8]
[   30.458779]      scan-1141 get_device_data       : No context for object [ffff88040d825000]
[   30.458978]     utils-0051 util_eval_error       : Evaluate [\_SB_.PCI0.PB4_.XPDV._STA]: AE_NOT_FOUND
[   30.459211] device: 'device:0a': device_add
[   30.459274] bus: 'acpi': add device device:0a
[   30.459351]     utils-0051 util_eval_error       : Evaluate [\_SB_.PCI0.PB4_.XPDV._SUN]: AE_NOT_FOUND
[   30.460007]      scan-1933 add_single_object     : Added device:0a [\_SB_.PCI0.PB4_.XPDV] parent device:09
[   30.460007]      scan-1141 get_device_data       : No context for object [ffff88040d825028]
[   30.460007]      scan-1141 get_device_data       : No context for object [ffff88040d825050]
[   30.460164]      scan-1141 get_device_data       : No context for object [ffff88040d825078]
[   30.460362]      scan-1141 get_device_data       : No context for object [ffff88040d8250a0]
[   30.460559]      scan-1141 get_device_data       : No context for object [ffff88040d8250c8]
[   30.460756]      scan-1141 get_device_data       : No context for object [ffff88040d837500]
[   30.460908]      scan-1141 get_device_data       : No context for object [ffff88040d8250f0]
[   30.461083]      scan-1141 get_device_data       : No context for object [ffff88040d825118]
[   30.461282]     utils-0051 util_eval_error       : Evaluate [\_SB_.PCI0.PB5_._STA]: AE_NOT_FOUND
[   30.461577] device: 'device:0b': device_add
[   30.461640] bus: 'acpi': add device device:0b
[   30.461715]     utils-0051 util_eval_error       : Evaluate [\_SB_.PCI0.PB5_._SUN]: AE_NOT_FOUND
[   30.463357]      scan-1933 add_single_object     : Added device:0b [\_SB_.PCI0.PB5_] parent PNP0A08:00
[   30.463357]      scan-1141 get_device_data       : No context for object [ffff88040d825140]
[   30.463357]      scan-1141 get_device_data       : No context for object [ffff88040d825168]
[   30.463357]      scan-1141 get_device_data       : No context for object [ffff88040d825190]
[   30.463357]      scan-1141 get_device_data       : No context for object [ffff88040d8251b8]
[   30.463357]      scan-1141 get_device_data       : No context for object [ffff88040d8251e0]
[   30.463357]      scan-1141 get_device_data       : No context for object [ffff88040d825208]
[   30.463357]      scan-1141 get_device_data       : No context for object [ffff88040d825230]
[   30.463465]      scan-1141 get_device_data       : No context for object [ffff88040d825258]
[   30.463659]      scan-1141 get_device_data       : No context for object [ffff88040d825280]
[   30.464835]      scan-1141 get_device_data       : No context for object [ffff88040d8252a8]
[   30.465032]      scan-1141 get_device_data       : No context for object [ffff88040d8252d0]
[   30.465230]      scan-1141 get_device_data       : No context for object [ffff88040d8252f8]
[   30.465427]      scan-1141 get_device_data       : No context for object [ffff88040d825320]
[   30.465625]      scan-1141 get_device_data       : No context for object [ffff88040d825348]
[   30.465823]      scan-1141 get_device_data       : No context for object [ffff88040d825370]
[   30.466017]      scan-1141 get_device_data       : No context for object [ffff88040d825398]
[   30.466214]      scan-1141 get_device_data       : No context for object [ffff88040d8253c0]
[   30.466412]      scan-1141 get_device_data       : No context for object [ffff88040d8253e8]
[   30.466609]      scan-1141 get_device_data       : No context for object [ffff88040d825410]
[   30.466797]      scan-1141 get_device_data       : No context for object [ffff88040d825438]
[   30.466994]      scan-1141 get_device_data       : No context for object [ffff88040d825460]
[   30.467190]      scan-1141 get_device_data       : No context for object [ffff88040d825488]
[   30.467387]      scan-1141 get_device_data       : No context for object [ffff88040d8254b0]
[   30.467584]      scan-1141 get_device_data       : No context for object [ffff88040d8254d8]
[   30.467781]      scan-1141 get_device_data       : No context for object [ffff88040d825500]
[   30.467978]      scan-1141 get_device_data       : No context for object [ffff88040d825528]
[   30.468174]      scan-1141 get_device_data       : No context for object [ffff88040d825550]
[   30.468369]      scan-1141 get_device_data       : No context for object [ffff88040d825578]
[   30.468561]      scan-1141 get_device_data       : No context for object [ffff88040d8255a0]
[   30.468756]      scan-1141 get_device_data       : No context for object [ffff88040d8255c8]
[   30.468904]      scan-1141 get_device_data       : No context for object [ffff88040d8255f0]
[   30.469082]     utils-0051 util_eval_error       : Evaluate [\_SB_.PCI0.PB5_.XPDV._STA]: AE_NOT_FOUND
[   30.469310] device: 'device:0c': device_add
[   30.469372] bus: 'acpi': add device device:0c
[   30.469444]     utils-0051 util_eval_error       : Evaluate [\_SB_.PCI0.PB5_.XPDV._SUN]: AE_NOT_FOUND
[   30.470029]      scan-1933 add_single_object     : Added device:0c [\_SB_.PCI0.PB5_.XPDV] parent device:0b
[   30.470029]      scan-1141 get_device_data       : No context for object [ffff88040d825618]
[   30.470029]      scan-1141 get_device_data       : No context for object [ffff88040d825640]
[   30.470197]      scan-1141 get_device_data       : No context for object [ffff88040d825668]
[   30.470393]      scan-1141 get_device_data       : No context for object [ffff88040d825690]
[   30.470589]      scan-1141 get_device_data       : No context for object [ffff88040d8256b8]
[   30.470785]      scan-1141 get_device_data       : No context for object [ffff88040d837528]
[   30.470974]      scan-1141 get_device_data       : No context for object [ffff88040d8256e0]
[   30.471169]      scan-1141 get_device_data       : No context for object [ffff88040d825708]
[   30.471365]     utils-0051 util_eval_error       : Evaluate [\_SB_.PCI0.PB6_._STA]: AE_NOT_FOUND
[   30.471658] device: 'device:0d': device_add
[   30.471719] bus: 'acpi': add device device:0d
[   30.471795]     utils-0051 util_eval_error       : Evaluate [\_SB_.PCI0.PB6_._SUN]: AE_NOT_FOUND
[   30.473347]      scan-1933 add_single_object     : Added device:0d [\_SB_.PCI0.PB6_] parent PNP0A08:00
[   30.473347]      scan-1141 get_device_data       : No context for object [ffff88040d825730]
[   30.473347]      scan-1141 get_device_data       : No context for object [ffff88040d825758]
[   30.473347]      scan-1141 get_device_data       : No context for object [ffff88040d825780]
[   30.473347]      scan-1141 get_device_data       : No context for object [ffff88040d8257a8]
[   30.473347]      scan-1141 get_device_data       : No context for object [ffff88040d8257d0]
[   30.473347]      scan-1141 get_device_data       : No context for object [ffff88040d8257f8]
[   30.473347]      scan-1141 get_device_data       : No context for object [ffff88040d825820]
[   30.473533]      scan-1141 get_device_data       : No context for object [ffff88040d825848]
[   30.473730]      scan-1141 get_device_data       : No context for object [ffff88040d825870]
[   30.473882]      scan-1141 get_device_data       : No context for object [ffff88040d825898]
[   30.474059]      scan-1141 get_device_data       : No context for object [ffff88040d8258c0]
[   30.474256]      scan-1141 get_device_data       : No context for object [ffff88040d8258e8]
[   30.474454]      scan-1141 get_device_data       : No context for object [ffff88040d825910]
[   30.474647]      scan-1141 get_device_data       : No context for object [ffff88040d825938]
[   30.474824]      scan-1141 get_device_data       : No context for object [ffff88040d825960]
[   30.475022]      scan-1141 get_device_data       : No context for object [ffff88040d825988]
[   30.475219]      scan-1141 get_device_data       : No context for object [ffff88040d8259b0]
[   30.475417]      scan-1141 get_device_data       : No context for object [ffff88040d8259d8]
[   30.475614]      scan-1141 get_device_data       : No context for object [ffff88040d825a00]
[   30.475797]      scan-1141 get_device_data       : No context for object [ffff88040d825a28]
[   30.475995]      scan-1141 get_device_data       : No context for object [ffff88040d825a50]
[   30.476192]      scan-1141 get_device_data       : No context for object [ffff88040d825a78]
[   30.476390]      scan-1141 get_device_data       : No context for object [ffff88040d825aa0]
[   30.476588]      scan-1141 get_device_data       : No context for object [ffff88040d825ac8]
[   30.476797]      scan-1141 get_device_data       : No context for object [ffff88040d825af0]
[   30.476993]      scan-1141 get_device_data       : No context for object [ffff88040d825b18]
[   30.477189]      scan-1141 get_device_data       : No context for object [ffff88040d825b40]
[   30.477386]      scan-1141 get_device_data       : No context for object [ffff88040d825b68]
[   30.477584]      scan-1141 get_device_data       : No context for object [ffff88040d825b90]
[   30.477781]      scan-1141 get_device_data       : No context for object [ffff88040d825bb8]
[   30.477979]      scan-1141 get_device_data       : No context for object [ffff88040d825be0]
[   30.478178]     utils-0051 util_eval_error       : Evaluate [\_SB_.PCI0.PB6_.XPDV._STA]: AE_NOT_FOUND
[   30.478409] device: 'device:0e': device_add
[   30.478521] bus: 'acpi': add device device:0e
[   30.478595]     utils-0051 util_eval_error       : Evaluate [\_SB_.PCI0.PB6_.XPDV._SUN]: AE_NOT_FOUND
[   30.480013]      scan-1933 add_single_object     : Added device:0e [\_SB_.PCI0.PB6_.XPDV] parent device:0d
[   30.480013]      scan-1141 get_device_data       : No context for object [ffff88040d825c08]
[   30.480013]      scan-1141 get_device_data       : No context for object [ffff88040d825c30]
[   30.480013]      scan-1141 get_device_data       : No context for object [ffff88040d825c58]
[   30.480013]      scan-1141 get_device_data       : No context for object [ffff88040d825c80]
[   30.480013]      scan-1141 get_device_data       : No context for object [ffff88040d825ca8]
[   30.480013]      scan-1141 get_device_data       : No context for object [ffff88040d837550]
[   30.480200]      scan-1141 get_device_data       : No context for object [ffff88040d825cd0]
[   30.480398]      scan-1141 get_device_data       : No context for object [ffff88040d825cf8]
[   30.480596]     utils-0051 util_eval_error       : Evaluate [\_SB_.PCI0.PB7_._STA]: AE_NOT_FOUND
[   30.480873] device: 'device:0f': device_add
[   30.480936] bus: 'acpi': add device device:0f
[   30.481011]     utils-0051 util_eval_error       : Evaluate [\_SB_.PCI0.PB7_._SUN]: AE_NOT_FOUND
[   30.483363]      scan-1933 add_single_object     : Added device:0f [\_SB_.PCI0.PB7_] parent PNP0A08:00
[   30.483363]      scan-1141 get_device_data       : No context for object [ffff88040d825d20]
[   30.483363]      scan-1141 get_device_data       : No context for object [ffff88040d825d48]
[   30.483363]      scan-1141 get_device_data       : No context for object [ffff88040d825d70]
[   30.483363]      scan-1141 get_device_data       : No context for object [ffff88040d825d98]
[   30.483363]      scan-1141 get_device_data       : No context for object [ffff88040d825dc0]
[   30.483363]      scan-1141 get_device_data       : No context for object [ffff88040d825de8]
[   30.483534]      scan-1141 get_device_data       : No context for object [ffff88040d825e10]
[   30.483731]      scan-1141 get_device_data       : No context for object [ffff88040d825e38]
[   30.483929]      scan-1141 get_device_data       : No context for object [ffff88040d825e60]
[   30.484127]      scan-1141 get_device_data       : No context for object [ffff88040d825e88]
[   30.484321]      scan-1141 get_device_data       : No context for object [ffff88040d825eb0]
[   30.484519]      scan-1141 get_device_data       : No context for object [ffff88040d825ed8]
[   30.484716]      scan-1141 get_device_data       : No context for object [ffff88040d825f00]
[   30.484911]      scan-1141 get_device_data       : No context for object [ffff88040d825f28]
[   30.485105]      scan-1141 get_device_data       : No context for object [ffff88040d825f50]
[   30.485301]      scan-1141 get_device_data       : No context for object [ffff88040d825f78]
[   30.485496]      scan-1141 get_device_data       : No context for object [ffff88040d825fa0]
[   30.485689]      scan-1141 get_device_data       : No context for object [ffff88040d825fc8]
[   30.485839]      scan-1141 get_device_data       : No context for object [ffff88040d827000]
[   30.486015]      scan-1141 get_device_data       : No context for object [ffff88040d827028]
[   30.486210]      scan-1141 get_device_data       : No context for object [ffff88040d827050]
[   30.486403]      scan-1141 get_device_data       : No context for object [ffff88040d827078]
[   30.486669]      scan-1141 get_device_data       : No context for object [ffff88040d8270a0]
[   30.486843]      scan-1141 get_device_data       : No context for object [ffff88040d8270c8]
[   30.487039]      scan-1141 get_device_data       : No context for object [ffff88040d8270f0]
[   30.487234]      scan-1141 get_device_data       : No context for object [ffff88040d827118]
[   30.487428]      scan-1141 get_device_data       : No context for object [ffff88040d827140]
[   30.487623]      scan-1141 get_device_data       : No context for object [ffff88040d827168]
[   30.487805]      scan-1141 get_device_data       : No context for object [ffff88040d827190]
[   30.488000]      scan-1141 get_device_data       : No context for object [ffff88040d8271b8]
[   30.488193]      scan-1141 get_device_data       : No context for object [ffff88040d8271e0]
[   30.488390]     utils-0051 util_eval_error       : Evaluate [\_SB_.PCI0.PB7_.XPDV._STA]: AE_NOT_FOUND
[   30.488618] device: 'device:10': device_add
[   30.488679] bus: 'acpi': add device device:10
[   30.488755]     utils-0051 util_eval_error       : Evaluate [\_SB_.PCI0.PB7_.XPDV._SUN]: AE_NOT_FOUND
[   30.490030]      scan-1933 add_single_object     : Added device:10 [\_SB_.PCI0.PB7_.XPDV] parent device:0f
[   30.490030]      scan-1141 get_device_data       : No context for object [ffff88040d827208]
[   30.490030]      scan-1141 get_device_data       : No context for object [ffff88040d827230]
[   30.490030]      scan-1141 get_device_data       : No context for object [ffff88040d827258]
[   30.490030]      scan-1141 get_device_data       : No context for object [ffff88040d827280]
[   30.490030]      scan-1141 get_device_data       : No context for object [ffff88040d8272a8]
[   30.490030]      scan-1141 get_device_data       : No context for object [ffff88040d837488]
[   30.490200]      scan-1141 get_device_data       : No context for object [ffff88040d8272d0]
[   30.490397]      scan-1141 get_device_data       : No context for object [ffff88040d8272f8]
[   30.490593]     utils-0051 util_eval_error       : Evaluate [\_SB_.PCI0.OHC1._STA]: AE_NOT_FOUND
[   30.490816] device: 'device:11': device_add
[   30.490879] bus: 'acpi': add device device:11
[   30.490953]     utils-0051 util_eval_error       : Evaluate [\_SB_.PCI0.OHC1._SUN]: AE_NOT_FOUND
[   30.493346]      scan-1933 add_single_object     : Added device:11 [\_SB_.PCI0.OHC1] parent PNP0A08:00
[   30.493346]      scan-1141 get_device_data       : No context for object [ffff88040d827320]
[   30.493346]      scan-1141 get_device_data       : No context for object [ffff88040d827348]
[   30.493346]      scan-1141 get_device_data       : No context for object [ffff88040d83b2f8]
[   30.493346]     utils-0051 util_eval_error       : Evaluate [\_SB_.PCI0.OHC1.RHUB._STA]: AE_NOT_FOUND
[   30.493346] device: 'device:12': device_add
[   30.493346] bus: 'acpi': add device device:12
[   30.493346]     utils-0051 util_eval_error       : Evaluate [\_SB_.PCI0.OHC1.RHUB._SUN]: AE_NOT_FOUND
[   30.493388]      scan-1933 add_single_object     : Added device:12 [\_SB_.PCI0.OHC1.RHUB] parent device:11
[   30.493388]      scan-1141 get_device_data       : No context for object [ffff88040d83b320]
[   30.493388]      scan-1141 get_device_data       : No context for object [ffff88040d83b348]
[   30.493388]     utils-0051 util_eval_error       : Evaluate [\_SB_.PCI0.OHC1.RHUB.PRT3._STA]: AE_NOT_FOUND
[   30.493388] device: 'device:13': device_add
[   30.493481] bus: 'acpi': add device device:13
[   30.493557]     utils-0051 util_eval_error       : Evaluate [\_SB_.PCI0.OHC1.RHUB.PRT3._SUN]: AE_NOT_FOUND
[   30.493765]      scan-1933 add_single_object     : Added device:13 [\_SB_.PCI0.OHC1.RHUB.PRT3] parent device:12
[   30.493967]      scan-1141 get_device_data       : No context for object [ffff88040d83b370]
[   30.494162]      scan-1141 get_device_data       : No context for object [ffff88040d83b398]
[   30.494361]      scan-1141 get_device_data       : No context for object [ffff88040d83b3c0]
[   30.494558]      scan-1141 get_device_data       : No context for object [ffff88040d83b3e8]
[   30.494757]     utils-0051 util_eval_error       : Evaluate [\_SB_.PCI0.OHC1.RHUB.PRT4._STA]: AE_NOT_FOUND
[   30.494991] device: 'device:14': device_add
[   30.495054] bus: 'acpi': add device device:14
[   30.495129]     utils-0051 util_eval_error       : Evaluate [\_SB_.PCI0.OHC1.RHUB.PRT4._SUN]: AE_NOT_FOUND
[   30.496683]      scan-1933 add_single_object     : Added device:14 [\_SB_.PCI0.OHC1.RHUB.PRT4] parent device:12
[   30.496683]      scan-1141 get_device_data       : No context for object [ffff88040d83b410]
[   30.496683]      scan-1141 get_device_data       : No context for object [ffff88040d83b438]
[   30.496683]      scan-1141 get_device_data       : No context for object [ffff88040d83b460]
[   30.496683]      scan-1141 get_device_data       : No context for object [ffff88040d827370]
[   30.496683]     utils-0051 util_eval_error       : Evaluate [\_SB_.PCI0.EHC1._STA]: AE_NOT_FOUND
[   30.496683] device: 'device:15': device_add
[   30.496683] bus: 'acpi': add device device:15
[   30.496683]     utils-0051 util_eval_error       : Evaluate [\_SB_.PCI0.EHC1._SUN]: AE_NOT_FOUND
[   30.496843]      scan-1933 add_single_object     : Added device:15 [\_SB_.PCI0.EHC1] parent PNP0A08:00
[   30.497024]      scan-1141 get_device_data       : No context for object [ffff88040d827398]
[   30.497221]      scan-1141 get_device_data       : No context for object [ffff88040d8273c0]
[   30.497419]      scan-1141 get_device_data       : No context for object [ffff88040d83b028]
[   30.497617]     utils-0051 util_eval_error       : Evaluate [\_SB_.PCI0.EHC1.RHUB._STA]: AE_NOT_FOUND
[   30.497816] device: 'device:16': device_add
[   30.497876] bus: 'acpi': add device device:16
[   30.497952]     utils-0051 util_eval_error       : Evaluate [\_SB_.PCI0.EHC1.RHUB._SUN]: AE_NOT_FOUND
[   30.500006]      scan-1933 add_single_object     : Added device:16 [\_SB_.PCI0.EHC1.RHUB] parent device:15
[   30.500006]      scan-1141 get_device_data       : No context for object [ffff88040d83b050]
[   30.500006]      scan-1141 get_device_data       : No context for object [ffff88040d83b078]
[   30.500006]     utils-0051 util_eval_error       : Evaluate [\_SB_.PCI0.EHC1.RHUB.PRT3._STA]: AE_NOT_FOUND
[   30.500006] device: 'device:17': device_add
[   30.500006] bus: 'acpi': add device device:17
[   30.500006]     utils-0051 util_eval_error       : Evaluate [\_SB_.PCI0.EHC1.RHUB.PRT3._SUN]: AE_NOT_FOUND
[   30.500043]      scan-1933 add_single_object     : Added device:17 [\_SB_.PCI0.EHC1.RHUB.PRT3] parent device:16
[   30.500043]      scan-1141 get_device_data       : No context for object [ffff88040d83b0a0]
[   30.500043]      scan-1141 get_device_data       : No context for object [ffff88040d83b0c8]
[   30.500043]      scan-1141 get_device_data       : No context for object [ffff88040d83b0f0]
[   30.500043]      scan-1141 get_device_data       : No context for object [ffff88040d83b118]
[   30.500201]     utils-0051 util_eval_error       : Evaluate [\_SB_.PCI0.EHC1.RHUB.PRT4._STA]: AE_NOT_FOUND
[   30.500428] device: 'device:18': device_add
[   30.500492] bus: 'acpi': add device device:18
[   30.501617]     utils-0051 util_eval_error       : Evaluate [\_SB_.PCI0.EHC1.RHUB.PRT4._SUN]: AE_NOT_FOUND
[   30.503347]      scan-1933 add_single_object     : Added device:18 [\_SB_.PCI0.EHC1.RHUB.PRT4] parent device:16
[   30.503347]      scan-1141 get_device_data       : No context for object [ffff88040d83b140]
[   30.503347]      scan-1141 get_device_data       : No context for object [ffff88040d83b168]
[   30.503347]      scan-1141 get_device_data       : No context for object [ffff88040d83b190]
[   30.503347]      scan-1141 get_device_data       : No context for object [ffff88040d8273e8]
[   30.503347]     utils-0051 util_eval_error       : Evaluate [\_SB_.PCI0.OHC2._STA]: AE_NOT_FOUND
[   30.503347] device: 'device:19': device_add
[   30.503347] bus: 'acpi': add device device:19
[   30.503347]     utils-0051 util_eval_error       : Evaluate [\_SB_.PCI0.OHC2._SUN]: AE_NOT_FOUND
[   30.503377]      scan-1933 add_single_object     : Added device:19 [\_SB_.PCI0.OHC2] parent PNP0A08:00
[   30.503544]      scan-1141 get_device_data       : No context for object [ffff88040d827410]
[   30.503741]      scan-1141 get_device_data       : No context for object [ffff88040d827438]
[   30.503935]      scan-1141 get_device_data       : No context for object [ffff88040d83b488]
[   30.504130]     utils-0051 util_eval_error       : Evaluate [\_SB_.PCI0.OHC2.RHUB._STA]: AE_NOT_FOUND
[   30.504358] device: 'device:1a': device_add
[   30.504419] bus: 'acpi': add device device:1a
[   30.504493]     utils-0051 util_eval_error       : Evaluate [\_SB_.PCI0.OHC2.RHUB._SUN]: AE_NOT_FOUND
[   30.506673]      scan-1933 add_single_object     : Added device:1a [\_SB_.PCI0.OHC2.RHUB] parent device:19
[   30.506673]      scan-1141 get_device_data       : No context for object [ffff88040d83b4b0]
[   30.506673]      scan-1141 get_device_data       : No context for object [ffff88040d83b4d8]
[   30.506673]     utils-0051 util_eval_error       : Evaluate [\_SB_.PCI0.OHC2.RHUB.PRT4._STA]: AE_NOT_FOUND
[   30.506673] device: 'device:1b': device_add
[   30.506673] bus: 'acpi': add device device:1b
[   30.506673]     utils-0051 util_eval_error       : Evaluate [\_SB_.PCI0.OHC2.RHUB.PRT4._SUN]: AE_NOT_FOUND
[   30.506710]      scan-1933 add_single_object     : Added device:1b [\_SB_.PCI0.OHC2.RHUB.PRT4] parent device:1a
[   30.506710]      scan-1141 get_device_data       : No context for object [ffff88040d83b500]
[   30.506710]      scan-1141 get_device_data       : No context for object [ffff88040d83b528]
[   30.506710]      scan-1141 get_device_data       : No context for object [ffff88040d83b550]
[   30.506710]      scan-1141 get_device_data       : No context for object [ffff88040d827460]
[   30.506849]     utils-0051 util_eval_error       : Evaluate [\_SB_.PCI0.EHC2._STA]: AE_NOT_FOUND
[   30.507092] device: 'device:1c': device_add
[   30.507155] bus: 'acpi': add device device:1c
[   30.507229]     utils-0051 util_eval_error       : Evaluate [\_SB_.PCI0.EHC2._SUN]: AE_NOT_FOUND
[   30.507436]      scan-1933 add_single_object     : Added device:1c [\_SB_.PCI0.EHC2] parent PNP0A08:00
[   30.507636]      scan-1141 get_device_data       : No context for object [ffff88040d827488]
[   30.507809]      scan-1141 get_device_data       : No context for object [ffff88040d8274b0]
[   30.508007]      scan-1141 get_device_data       : No context for object [ffff88040d83b1b8]
[   30.508205]     utils-0051 util_eval_error       : Evaluate [\_SB_.PCI0.EHC2.RHUB._STA]: AE_NOT_FOUND
[   30.508438] device: 'device:1d': device_add
[   30.508500] bus: 'acpi': add device device:1d
[   30.508575]     utils-0051 util_eval_error       : Evaluate [\_SB_.PCI0.EHC2.RHUB._SUN]: AE_NOT_FOUND
[   30.510006]      scan-1933 add_single_object     : Added device:1d [\_SB_.PCI0.EHC2.RHUB] parent device:1c
[   30.510006]      scan-1141 get_device_data       : No context for object [ffff88040d83b1e0]
[   30.510006]      scan-1141 get_device_data       : No context for object [ffff88040d83b208]
[   30.510006]     utils-0051 util_eval_error       : Evaluate [\_SB_.PCI0.EHC2.RHUB.PRT2._STA]: AE_NOT_FOUND
[   30.510006] device: 'device:1e': device_add
[   30.510006] bus: 'acpi': add device device:1e
[   30.510006]     utils-0051 util_eval_error       : Evaluate [\_SB_.PCI0.EHC2.RHUB.PRT2._SUN]: AE_NOT_FOUND
[   30.510037]      scan-1933 add_single_object     : Added device:1e [\_SB_.PCI0.EHC2.RHUB.PRT2] parent device:1d
[   30.510209]      scan-1141 get_device_data       : No context for object [ffff88040d83b230]
[   30.510407]      scan-1141 get_device_data       : No context for object [ffff88040d83b258]
[   30.510605]      scan-1141 get_device_data       : No context for object [ffff88040d83b280]
[   30.510803]      scan-1141 get_device_data       : No context for object [ffff88040d8274d8]
[   30.511002]     utils-0051 util_eval_error       : Evaluate [\_SB_.PCI0.OHC3._STA]: AE_NOT_FOUND
[   30.511245] device: 'device:1f': device_add
[   30.511305] bus: 'acpi': add device device:1f
[   30.511371]     utils-0051 util_eval_error       : Evaluate [\_SB_.PCI0.OHC3._SUN]: AE_NOT_FOUND
[   30.513336]      scan-1933 add_single_object     : Added device:1f [\_SB_.PCI0.OHC3] parent PNP0A08:00
[   30.513336]      scan-1141 get_device_data       : No context for object [ffff88040d827500]
[   30.513336]      scan-1141 get_device_data       : No context for object [ffff88040d827528]
[   30.513336]      scan-1141 get_device_data       : No context for object [ffff88040d83b578]
[   30.513336]     utils-0051 util_eval_error       : Evaluate [\_SB_.PCI0.OHC3.RHUB._STA]: AE_NOT_FOUND
[   30.513336] device: 'device:20': device_add
[   30.513336] bus: 'acpi': add device device:20
[   30.513336]     utils-0051 util_eval_error       : Evaluate [\_SB_.PCI0.OHC3.RHUB._SUN]: AE_NOT_FOUND
[   30.513376]      scan-1933 add_single_object     : Added device:20 [\_SB_.PCI0.OHC3.RHUB] parent device:1f
[   30.513376]      scan-1141 get_device_data       : No context for object [ffff88040d83b5a0]
[   30.513376]      scan-1141 get_device_data       : No context for object [ffff88040d827550]
[   30.513376]     utils-0051 util_eval_error       : Evaluate [\_SB_.PCI0.EHC3._STA]: AE_NOT_FOUND
[   30.513580] device: 'device:21': device_add
[   30.513641] bus: 'acpi': add device device:21
[   30.513709]     utils-0051 util_eval_error       : Evaluate [\_SB_.PCI0.EHC3._SUN]: AE_NOT_FOUND
[   30.513891]      scan-1933 add_single_object     : Added device:21 [\_SB_.PCI0.EHC3] parent PNP0A08:00
[   30.514093]      scan-1141 get_device_data       : No context for object [ffff88040d827578]
[   30.514291]      scan-1141 get_device_data       : No context for object [ffff88040d8275a0]
[   30.514488]      scan-1141 get_device_data       : No context for object [ffff88040d83b2a8]
[   30.514687]     utils-0051 util_eval_error       : Evaluate [\_SB_.PCI0.EHC3.RHUB._STA]: AE_NOT_FOUND
[   30.514884] device: 'device:22': device_add
[   30.514943] bus: 'acpi': add device device:22
[   30.515009]     utils-0051 util_eval_error       : Evaluate [\_SB_.PCI0.EHC3.RHUB._SUN]: AE_NOT_FOUND
[   30.516670]      scan-1933 add_single_object     : Added device:22 [\_SB_.PCI0.EHC3.RHUB] parent device:21
[   30.516670]      scan-1141 get_device_data       : No context for object [ffff88040d83b2d0]
[   30.516670]      scan-1141 get_device_data       : No context for object [ffff88040d8275c8]
[   30.516670]     utils-0051 util_eval_error       : Evaluate [\_SB_.PCI0.OHC4._STA]: AE_NOT_FOUND
[   30.516670] device: 'device:23': device_add
[   30.516670] bus: 'acpi': add device device:23
[   30.516670]     utils-0051 util_eval_error       : Evaluate [\_SB_.PCI0.OHC4._SUN]: AE_NOT_FOUND
[   30.516711]      scan-1933 add_single_object     : Added device:23 [\_SB_.PCI0.OHC4] parent PNP0A08:00
[   30.516711]      scan-1141 get_device_data       : No context for object [ffff88040d8275f0]
[   30.516849]      scan-1141 get_device_data       : No context for object [ffff88040d827618]
[   30.517047]      scan-1141 get_device_data       : No context for object [ffff88040d827640]
[   30.517246]     utils-0051 util_eval_error       : Evaluate [\_SB_.PCI0.SBAZ._STA]: AE_NOT_FOUND
[   30.517471] device: 'device:24': device_add
[   30.517531] bus: 'acpi': add device device:24
[   30.517607]     utils-0051 util_eval_error       : Evaluate [\_SB_.PCI0.SBAZ._SUN]: AE_NOT_FOUND
[   30.520002]      scan-1933 add_single_object     : Added device:24 [\_SB_.PCI0.SBAZ] parent PNP0A08:00
[   30.520002]      scan-1141 get_device_data       : No context for object [ffff88040d827668]
[   30.520002]      scan-1141 get_device_data       : No context for object [ffff88040d827690]
[   30.520002]      scan-1141 get_device_data       : No context for object [ffff88040d8276b8]
[   30.520002]     utils-0051 util_eval_error       : Evaluate [\_SB_.PCI0.GEC_._STA]: AE_NOT_FOUND
[   30.520002] device: 'device:25': device_add
[   30.520002] bus: 'acpi': add device device:25
[   30.520011]     utils-0051 util_eval_error       : Evaluate [\_SB_.PCI0.GEC_._SUN]: AE_NOT_FOUND
[   30.520216]      scan-1933 add_single_object     : Added device:25 [\_SB_.PCI0.GEC_] parent PNP0A08:00
[   30.520415]      scan-1141 get_device_data       : No context for object [ffff88040d8276e0]
[   30.520609]      scan-1141 get_device_data       : No context for object [ffff88040d827708]
[   30.520804]      scan-1141 get_device_data       : No context for object [ffff88040d827730]
