[    0.000000] Initializing cgroup subsys cpuset
[    0.000000] Initializing cgroup subsys cpu
[    0.000000] Initializing cgroup subsys cpuacct
[    0.000000] Linux version 3.17.0-rc2-g81bbadc (emacs@manji) (gcc version 4.9.1 (GCC) ) #57 SMP Sun Aug 31 20:35:29 CEST 2014
[    0.000000] Command line: BOOT_IMAGE=/vmlinuz-linux-git root=UUID=bfa4ab6e-19a3-4601-ba2b-267c55841c73 rw cryptdevice=/dev/disk/by-uuid/70c08890-417a-497d-b6ab-c0d0357a63e2:cryptManjaro:allow-discards ipv6.disable=1 pnp.debug=1 loglevel=9 log_buf_len=10M printk.always_kmsg_dump=y printk.time=y mminit_loglevel=0 memory_corruption_check=1 acpi.debug_layer=0xfbff0000 acpi.debug_level=0xFFFFFFFD pnp.debug=1 nohz=on rcu_nocbs=1-3 pcie_aspm=force fbcon=scrollback:4096k fbcon=font:ProFont6x11 radeon.audio=0 radeon.lockup_timeout=0 radeon.test=0 radeon.agpmode=-1 radeon.benchmark=0 radeon.tv=0 radeon.hard_reset=1 radeon.aspm=1 radeon.dpm=1 radeon.msi=1 radeon.pcie_gen2=-1 radeon.no_wb=1 radeon.modeset=1 radeon.dynclks=1 radeon.r4xx_atom=0 radeon.runpm=0 radeonfb radeon.fastfb=1 nomodeset
[    0.000000] KERNEL supported cpus:
[    0.000000]   AMD AuthenticAMD
[    0.000000] tseg: 00bfe00000
[    0.000000] e820: BIOS-provided physical RAM map:
[    0.000000] BIOS-e820: [mem 0x0000000000000000-0x000000000009d7ff] usable
[    0.000000] BIOS-e820: [mem 0x000000000009d800-0x000000000009ffff] reserved
[    0.000000] BIOS-e820: [mem 0x00000000000e0000-0x00000000000fffff] reserved
[    0.000000] BIOS-e820: [mem 0x0000000000100000-0x00000000bed9afff] usable
[    0.000000] BIOS-e820: [mem 0x00000000bed9b000-0x00000000bf39afff] reserved
[    0.000000] BIOS-e820: [mem 0x00000000bf39b000-0x00000000bf49afff] ACPI NVS
[    0.000000] BIOS-e820: [mem 0x00000000bf49b000-0x00000000bf51afff] ACPI data
[    0.000000] BIOS-e820: [mem 0x00000000bf51b000-0x00000000bfdfffff] usable
[    0.000000] BIOS-e820: [mem 0x00000000bfe00000-0x00000000bfffffff] reserved
[    0.000000] BIOS-e820: [mem 0x00000000fec00000-0x00000000fecfffff] reserved
[    0.000000] BIOS-e820: [mem 0x00000000fed80000-0x00000000fed80fff] reserved
[    0.000000] BIOS-e820: [mem 0x00000000ffe00000-0x00000000ffffffff] reserved
[    0.000000] BIOS-e820: [mem 0x0000000100000000-0x000000041effffff] usable
[    0.000000] NX (Execute Disable) protection: active
[    0.000000] SMBIOS 2.6 present.
[    0.000000] DMI: LENOVO Sabine/Torpedo, BIOS 54CN18WW 07/20/2011
[    0.000000] e820: update [mem 0x00000000-0x00000fff] usable ==> reserved
[    0.000000] e820: remove [mem 0x000a0000-0x000fffff] usable
[    0.000000] e820: last_pfn = 0x41f000 max_arch_pfn = 0x400000000
[    0.000000] MTRR default type: uncachable
[    0.000000] MTRR fixed ranges enabled:
[    0.000000]   00000-9FFFF write-back
[    0.000000]   A0000-BFFFF uncachable
[    0.000000]   C0000-FFFFF write-protect
[    0.000000] MTRR variable ranges enabled:
[    0.000000]   0 base 0000000000 mask FF80000000 write-back
[    0.000000]   1 base 0080000000 mask FFC0000000 write-back
[    0.000000]   2 base 00FFF90000 mask FFFFFF0000 uncachable
[    0.000000]   3 base 00FED80000 mask 0FFFFFF000 uncachable
[    0.000000]   4 disabled
[    0.000000]   5 disabled
[    0.000000]   6 disabled
[    0.000000]   7 base 00FFE00000 mask FFFFE00000 write-protect
[    0.000000] TOM2: 000000041f000000 aka 16880M
[    0.000000] mtrr: your BIOS has configured an incorrect mask, fixing it.
[    0.000000] e820: last_pfn = 0xbfe00 max_arch_pfn = 0x400000000
[    0.000000] found SMP MP-table at [mem 0x000fa8b0-0x000fa8bf] mapped at [ffff8800000fa8b0]
[    0.000000] Base memory trampoline at [ffff880000097000] 97000 size 24576
[    0.000000] Using GB pages for direct mapping
[    0.000000] init_memory_mapping: [mem 0x00000000-0x000fffff]
[    0.000000]  [mem 0x00000000-0x000fffff] page 4k
[    0.000000] BRK [0x01e17000, 0x01e17fff] PGTABLE
[    0.000000] BRK [0x01e18000, 0x01e18fff] PGTABLE
[    0.000000] BRK [0x01e19000, 0x01e19fff] PGTABLE
[    0.000000] init_memory_mapping: [mem 0x41ee00000-0x41effffff]
[    0.000000]  [mem 0x41ee00000-0x41effffff] page 2M
[    0.000000] BRK [0x01e1a000, 0x01e1afff] PGTABLE
[    0.000000] init_memory_mapping: [mem 0x41c000000-0x41edfffff]
[    0.000000]  [mem 0x41c000000-0x41edfffff] page 2M
[    0.000000] init_memory_mapping: [mem 0x400000000-0x41bffffff]
[    0.000000]  [mem 0x400000000-0x41bffffff] page 2M
[    0.000000] init_memory_mapping: [mem 0x00100000-0xbed9afff]
[    0.000000]  [mem 0x00100000-0x001fffff] page 4k
[    0.000000]  [mem 0x00200000-0x3fffffff] page 2M
[    0.000000]  [mem 0x40000000-0x7fffffff] page 1G
[    0.000000]  [mem 0x80000000-0xbebfffff] page 2M
[    0.000000]  [mem 0xbec00000-0xbed9afff] page 4k
[    0.000000] init_memory_mapping: [mem 0xbf51b000-0xbfdfffff]
[    0.000000]  [mem 0xbf51b000-0xbf5fffff] page 4k
[    0.000000]  [mem 0xbf600000-0xbfdfffff] page 2M
[    0.000000] BRK [0x01e1b000, 0x01e1bfff] PGTABLE
[    0.000000] init_memory_mapping: [mem 0x100000000-0x3ffffffff]
[    0.000000]  [mem 0x100000000-0x3ffffffff] page 1G
[    0.000000] log_buf_len: 16777216 bytes
[    0.000000] early log buf free: 2092044(99%)
[    0.000000] RAMDISK: [mem 0x3782c000-0x37c0dfff]
[    0.000000] ACPI: Early table checksum verification disabled
[    0.000000] ACPI: RSDP 0x00000000000F0110 000024 (v02 LENOVO)
[    0.000000] ACPI: XSDT 0x00000000BF51A120 000074 (v01 LENOVO CB-01    00000001 LENO 00000001)
[    0.000000] ACPI: FACP 0x00000000BF508000 0000F4 (v04 LENOVO CB-01    00000001 PTL  00000001)
[    0.000000] ACPI: DSDT 0x00000000BF50A000 00FD10 (v01 LENOVO CB-01    00001000 LENO 00000001)
[    0.000000] ACPI: FACS 0x00000000BF478000 000040
[    0.000000] ACPI: HPET 0x00000000BF507000 000038 (v01 LENOVO CB-01    00000001 PTL  00000001)
[    0.000000] ACPI: APIC 0x00000000BF506000 00007A (v02 LENOVO CB-01    00000001 PTL  00000001)
[    0.000000] ACPI: MCFG 0x00000000BF505000 00003C (v01 LENOVO CB-01    00000001 PTL  00000001)
[    0.000000] ACPI: SLIC 0x00000000BF504000 000176 (v01 LENOVO CB-01    00000001 LENO 00000001)
[    0.000000] ACPI: UEFI 0x00000000BF503000 00003E (v01 LENOVO CB-01    00000001 PTL  00000001)
[    0.000000] ACPI: UEFI 0x00000000BF502000 000042 (v01 PTL    COMBUF   00000001 PTL  00000001)
[    0.000000] ACPI: SSDT 0x00000000BF501000 000E34 (v01 AMD    POWERNOW 00000001 AMD  00000001)
[    0.000000] ACPI: SSDT 0x00000000BF4FF000 00193D (v02 AMD    ALIB     00000001 MSFT 04000000)
[    0.000000] ACPI: UEFI 0x00000000BF4FE000 00021A (v01 LENOVO CB-01    00000001 PTL  00000001)
[    0.000000] ACPI: Local APIC address 0xfee00000
[    0.000000] No NUMA configuration found
[    0.000000] Faking a node at [mem 0x0000000000000000-0x000000041effffff]
[    0.000000] Initmem setup node 0 [mem 0x00000000-0x41effffff]
[    0.000000]   NODE_DATA [mem 0x41dffa000-0x41dffdfff]
[    0.000000]  [ffffea0000000000-ffffea00107fffff] PMD -> [ffff88040de00000-ffff88041d5fffff] on node 0
[    0.000000] Zone ranges:
[    0.000000]   DMA      [mem 0x00001000-0x00ffffff]
[    0.000000]   DMA32    [mem 0x01000000-0xffffffff]
[    0.000000]   Normal   [mem 0x100000000-0x41effffff]
[    0.000000] Movable zone start for each node
[    0.000000] Early memory node ranges
[    0.000000]   node   0: [mem 0x00001000-0x0009cfff]
[    0.000000]   node   0: [mem 0x00100000-0xbed9afff]
[    0.000000]   node   0: [mem 0xbf51b000-0xbfdfffff]
[    0.000000]   node   0: [mem 0x100000000-0x41effffff]
[    0.000000] On node 0 totalpages: 4056604
[    0.000000]   DMA zone: 64 pages used for memmap
[    0.000000]   DMA zone: 21 pages reserved
[    0.000000]   DMA zone: 3996 pages, LIFO batch:0
[    0.000000]   DMA32 zone: 12186 pages used for memmap
[    0.000000]   DMA32 zone: 779904 pages, LIFO batch:31
[    0.000000]   Normal zone: 51136 pages used for memmap
[    0.000000]   Normal zone: 3272704 pages, LIFO batch:31
[    0.000000] ACPI: PM-Timer IO Port: 0x808
[    0.000000] ACPI: Local APIC address 0xfee00000
[    0.000000] ACPI: LAPIC (acpi_id[0x00] lapic_id[0x00] enabled)
[    0.000000] ACPI: LAPIC (acpi_id[0x01] lapic_id[0x01] enabled)
[    0.000000] ACPI: LAPIC (acpi_id[0x02] lapic_id[0x02] enabled)
[    0.000000] ACPI: LAPIC (acpi_id[0x03] lapic_id[0x03] enabled)
[    0.000000] ACPI: LAPIC_NMI (acpi_id[0x00] high edge lint[0x1])
[    0.000000] ACPI: LAPIC_NMI (acpi_id[0x01] high edge lint[0x1])
[    0.000000] ACPI: LAPIC_NMI (acpi_id[0x02] high edge lint[0x1])
[    0.000000] ACPI: LAPIC_NMI (acpi_id[0x03] high edge lint[0x1])
[    0.000000] ACPI: IOAPIC (id[0x02] address[0xfec00000] gsi_base[0])
[    0.000000] IOAPIC[0]: apic_id 2, version 33, address 0xfec00000, GSI 0-23
[    0.000000] ACPI: INT_SRC_OVR (bus 0 bus_irq 0 global_irq 2 dfl dfl)
[    0.000000] ACPI: IRQ0 used by override.
[    0.000000] ACPI: IRQ9 used by override.
[    0.000000] Using ACPI (MADT) for SMP configuration information
[    0.000000] ACPI: HPET id: 0x43538210 base: 0xfed00000
[    0.000000] smpboot: Allowing 4 CPUs, 0 hotplug CPUs
[    0.000000] e820: [mem 0xc0000000-0xfebfffff] available for PCI devices
[    0.000000] setup_percpu: NR_CPUS:64 nr_cpumask_bits:64 nr_cpu_ids:4 nr_node_ids:1
[    0.000000] PERCPU: Embedded 27 pages/cpu @ffff88041dc00000 s80256 r8192 d22144 u524288
[    0.000000] pcpu-alloc: s80256 r8192 d22144 u524288 alloc=1*2097152
[    0.000000] pcpu-alloc: [0] 0 1 2 3 
[    0.000000] Built 1 zonelists in Zone order, mobility grouping on.  Total pages: 3993197
[    0.000000] Policy zone: Normal
[    0.000000] Kernel command line: BOOT_IMAGE=/vmlinuz-linux-git root=UUID=bfa4ab6e-19a3-4601-ba2b-267c55841c73 rw cryptdevice=/dev/disk/by-uuid/70c08890-417a-497d-b6ab-c0d0357a63e2:cryptManjaro:allow-discards ipv6.disable=1 pnp.debug=1 loglevel=9 log_buf_len=10M printk.always_kmsg_dump=y printk.time=y mminit_loglevel=0 memory_corruption_check=1 acpi.debug_layer=0xfbff0000 acpi.debug_level=0xFFFFFFFD pnp.debug=1 nohz=on rcu_nocbs=1-3 pcie_aspm=force fbcon=scrollback:4096k fbcon=font:ProFont6x11 radeon.audio=0 radeon.lockup_timeout=0 radeon.test=0 radeon.agpmode=-1 radeon.benchmark=0 radeon.tv=0 radeon.hard_reset=1 radeon.aspm=1 radeon.dpm=1 radeon.msi=1 radeon.pcie_gen2=-1 radeon.no_wb=1 radeon.modeset=1 radeon.dynclks=1 radeon.r4xx_atom=0 radeon.runpm=0 radeonfb radeon.fastfb=1 nomodeset
[    0.000000] PCIe ASPM is forcibly enabled
[    0.000000] PID hash table entries: 4096 (order: 3, 32768 bytes)
[    0.000000] Memory: 15870900K/16226416K available (5251K kernel code, 721K rwdata, 2208K rodata, 848K init, 2588K bss, 355516K reserved)
[    0.000000] SLUB: HWalign=64, Order=0-3, MinObjects=0, CPUs=4, Nodes=1
[    0.000000] Hierarchical RCU implementation.
[    0.000000] 	RCU dyntick-idle grace-period acceleration is enabled.
[    0.000000] 	Additional per-CPU info printed with stalls.
[    0.000000] 	RCU restricting CPUs from NR_CPUS=64 to nr_cpu_ids=4.
[    0.000000] 	Offload RCU callbacks from all CPUs
[    0.000000] 	Offload RCU callbacks from CPUs: 0-3.
[    0.000000] RCU: Adjusting geometry for rcu_fanout_leaf=16, nr_cpu_ids=4
[    0.000000] NR_IRQS:4352 nr_irqs:456 0
[    0.000000] spurious 8259A interrupt: IRQ7.
[    0.000000] vgacon: allocated 4194304 bytes of memory for scrollback. CONFIG_VGACON_SOFT_SCROLLBACK_SIZE=4096
[    0.000000] Console: colour VGA+ 80x25
[    0.000000] console [tty0] enabled
[    0.000000] allocated 65011712 bytes of page_cgroup
[    0.000000] please try 'cgroup_disable=memory' option if you don't want memory cgroups
[    0.000000] hpet clockevent registered
[    0.000000] tsc: Fast TSC calibration using PIT
[    0.000000] tsc: Detected 1397.602 MHz processor
[    0.000042] Calibrating delay loop (skipped), value calculated using timer frequency.. 2796.67 BogoMIPS (lpj=4658673)
[    0.000199] pid_max: default: 32768 minimum: 301
[    0.000266] ACPI: Core revision 20140724
[    0.016127] ACPI: All ACPI Tables successfully acquired
[    0.017823] Security Framework initialized
[    0.018953] Dentry cache hash table entries: 2097152 (order: 12, 16777216 bytes)
[    0.024417] Inode-cache hash table entries: 1048576 (order: 11, 8388608 bytes)
[    0.027258] Mount-cache hash table entries: 32768 (order: 6, 262144 bytes)
[    0.027389] Mountpoint-cache hash table entries: 32768 (order: 6, 262144 bytes)
[    0.027890] Initializing cgroup subsys memory
[    0.028009] Initializing cgroup subsys devices
[    0.028077] Initializing cgroup subsys freezer
[    0.028143] Initializing cgroup subsys net_cls
[    0.028209] Initializing cgroup subsys blkio
[    0.028293] CPU: Physical Processor ID: 0
[    0.028354] CPU: Processor Core ID: 0
[    0.028416] mce: CPU supports 6 MCE banks
[    0.028486] Last level iTLB entries: 4KB 512, 2MB 16, 4MB 8
Last level dTLB entries: 4KB 1024, 2MB 128, 4MB 64, 1GB 0
[    0.028764] Freeing SMP alternatives memory: 20K (ffffffff81b8a000 - ffffffff81b8f000)
[    0.029438] ..TIMER: vector=0x30 apic1=0 pin1=2 apic2=-1 pin2=-1
[    0.062521] smpboot: CPU0: AMD A6-3400M APU with Radeon(tm) HD Graphics (fam: 12, model: 01, stepping: 00)
[    0.166719] Performance Events: AMD PMU driver.
[    0.166823] ... version:                0
[    0.166884] ... bit width:              48
[    0.166945] ... generic registers:      4
[    0.167007] ... value mask:             0000ffffffffffff
[    0.167069] ... max period:             00007fffffffffff
[    0.167135] ... fixed-purpose events:   0
[    0.167199] ... event mask:             000000000000000f
[    0.167739] MCE: In-kernel MCE decoding enabled.
[    0.167862] trying cpu_up:
[    0.167976] NMI watchdog: enabled on all CPUs, permanently consumes one hw-PMU counter.
[    0.168288] smpboot: ++++++++++++++++++++=_---CPU UP  1
[    0.168404] x86: Booting SMP configuration:
[    0.168469] .... node  #0, CPUs:      #1
[    0.168578] smpboot: Setting warm reset code and vector.
[    0.168703] smpboot: 1.
[    0.168766] smpboot: 2.
[    0.168828] smpboot: 3.
[    0.168891] smpboot: Asserting INIT
[    0.168954] smpboot: Waiting for INIT send to finish...
[    0.179026] smpboot: status for above ^ is: 0
[    0.179136] smpboot: Deasserting INIT
[    0.179199] smpboot: Waiting for above send to finish...
[    0.179263] smpboot: waiting 3 sec
[    3.615157] smpboot: done waiting
[    3.615299] smpboot: waiting 3 sec
[    6.621274] smpboot: done waiting
[    6.621415] smpboot: waiting 3 sec
[    9.627225] smpboot: done waiting
[    9.627368] smpboot: #startup loops: 2
[    9.627432] smpboot: Sending STARTUP #1
[    9.627495] smpboot: After apic_write
[    9.627859] smpboot: Startup point 1
[    9.627922] smpboot: Waiting for send to finish...
[    9.628187] smpboot: Sending STARTUP #2
[    9.628297] smpboot: After apic_write
[    9.628660] smpboot: Startup point 1
[    9.628769] smpboot: Waiting for send to finish...
[    9.629033] smpboot: After Startup
[    9.629143] smpboot: Before Callout 1
[    9.629206] smpboot: After Callout 1
[    9.629270] smpboot: start waiting 5sec for response
[    9.629412] [sched_delayed] sched: RT throttling activated
[   14.648993] smpboot: done waiting 5sec for response
[   14.649079] smpboot: cpumask_test_cpu result: 0
[   14.649178] smpboot: cpu_callin_mask: 0000000000000001
[   14.649241] smpboot: cpu_callout_mask: 0000000000000003
[   14.649339] smpboot: CPU1: Not responding
[   14.649477] smpboot: do_boot_cpu failed(1) to wakeup CPU#1
[   14.649552] doing it one more time: cpu_up !!!!!!!!!!!!
[   14.649597] smpboot: ++++++++++++++++++++=_---CPU UP  1
[   14.649721] x86: Booting SMP configuration:
[   14.649785]     #1
[   14.649857] smpboot: Setting warm reset code and vector.
[   14.649980] smpboot: 1.
[   14.650042] smpboot: 2.
[   14.650104] smpboot: 3.
[   14.650167] smpboot: Asserting INIT
[   14.650231] smpboot: Waiting for INIT send to finish...
[   14.660301] smpboot: status for above ^ is: 0
[   14.660411] smpboot: Deasserting INIT
[   14.660474] smpboot: Waiting for above send to finish...
[   14.660538] smpboot: waiting 3 sec
[   17.666121] smpboot: done waiting
[   17.666263] smpboot: waiting 3 sec
[   20.671959] smpboot: done waiting
[   20.672102] smpboot: waiting 3 sec
[   23.678019] smpboot: done waiting
[   23.678161] smpboot: #startup loops: 2
[   23.678224] smpboot: Sending STARTUP #1
[   23.678288] smpboot: After apic_write
[   23.678651] smpboot: Startup point 1
[   23.678761] smpboot: Waiting for send to finish...
[   23.679025] smpboot: Sending STARTUP #2
[   23.679135] smpboot: After apic_write
[   23.679498] smpboot: Startup point 1
[   23.679561] smpboot: Waiting for send to finish...
[   23.679826] smpboot: After Startup
[   23.679935] smpboot: Before Callout 1
[   23.680000] smpboot: After Callout 1
[   23.680063] smpboot: start waiting 5sec for response
[   28.700009] smpboot: done waiting 5sec for response
[   28.700153] smpboot: cpumask_test_cpu result: 0
[   28.700216] smpboot: cpu_callin_mask: 0000000000000001
[   28.700314] smpboot: cpu_callout_mask: 0000000000000003
[   28.700377] smpboot: CPU1: Not responding
[   28.700500] smpboot: do_boot_cpu failed(1) to wakeup CPU#1
[   28.700570] after cpu_up !!!!!!!!!!!!
[   28.700608] trying cpu_up:
[   28.700822] smpboot: ++++++++++++++++++++=_---CPU UP  2
[   28.700960]  #2
[   28.700997] smpboot: Setting warm reset code and vector.
[   28.701121] smpboot: 1.
[   28.701183] smpboot: 2.
[   28.701244] smpboot: 3.
[   28.701307] smpboot: Asserting INIT
[   28.701370] smpboot: Waiting for INIT send to finish...
[   28.711444] smpboot: status for above ^ is: 0
[   28.711553] smpboot: Deasserting INIT
[   28.711615] smpboot: Waiting for above send to finish...
[   28.711677] smpboot: waiting 3 sec
[   31.717595] smpboot: done waiting
[   31.717737] smpboot: waiting 3 sec
[   35.440274] smpboot: done waiting
[   35.440413] smpboot: waiting 3 sec
[   38.446322] smpboot: done waiting
[   38.446418] smpboot: #startup loops: 2
[   38.446481] smpboot: Sending STARTUP #1
[   38.446545] smpboot: After apic_write
[   38.446908] smpboot: Startup point 1
[   38.447018] smpboot: Waiting for send to finish...
[   38.447283] smpboot: Sending STARTUP #2
[   38.447370] smpboot: After apic_write
[   38.447734] smpboot: Startup point 1
[   38.447843] smpboot: Waiting for send to finish...
[   38.448108] smpboot: After Startup
[   38.448217] smpboot: Before Callout 2
[   38.448280] smpboot: After Callout 2
[   38.448343] smpboot: start waiting 5sec for response
[   43.468291] smpboot: done waiting 5sec for response
[   43.468435] smpboot: cpumask_test_cpu result: 0
[   43.468498] smpboot: cpu_callin_mask: 0000000000000001
[   43.468596] smpboot: cpu_callout_mask: 0000000000000005
[   43.468659] smpboot: CPU2: Not responding
[   43.468783] smpboot: do_boot_cpu failed(1) to wakeup CPU#2
[   43.468853] doing it one more time: cpu_up !!!!!!!!!!!!
[   43.468901] smpboot: ++++++++++++++++++++=_---CPU UP  2
[   43.469024]  #2
[   43.469061] smpboot: Setting warm reset code and vector.
[   43.469185] smpboot: 1.
[   43.469247] smpboot: 2.
[   43.469309] smpboot: 3.
[   43.469372] smpboot: Asserting INIT
[   43.469435] smpboot: Waiting for INIT send to finish...
[   43.479505] smpboot: status for above ^ is: 0
[   43.479614] smpboot: Deasserting INIT
[   43.479676] smpboot: Waiting for above send to finish...
[   43.479739] smpboot: waiting 3 sec
[   46.485644] smpboot: done waiting
[   46.485786] smpboot: waiting 3 sec
[   49.491705] smpboot: done waiting
[   49.491846] smpboot: waiting 3 sec
[   52.497763] smpboot: done waiting
[   52.497906] smpboot: #startup loops: 2
[   52.497969] smpboot: Sending STARTUP #1
[   52.498033] smpboot: After apic_write
[   52.498396] smpboot: Startup point 1
[   52.498505] smpboot: Waiting for send to finish...
[   52.498770] smpboot: Sending STARTUP #2
[   52.498880] smpboot: After apic_write
[   52.499244] smpboot: Startup point 1
[   52.499353] smpboot: Waiting for send to finish...
[   52.499618] smpboot: After Startup
[   52.499727] smpboot: Before Callout 2
[   52.499790] smpboot: After Callout 2
[   52.499853] smpboot: start waiting 5sec for response
[   57.519796] smpboot: done waiting 5sec for response
[   57.519939] smpboot: cpumask_test_cpu result: 0
[   57.520002] smpboot: cpu_callin_mask: 0000000000000001
[   57.520099] smpboot: cpu_callout_mask: 0000000000000005
[   57.520162] smpboot: CPU2: Not responding
[   57.521383] smpboot: do_boot_cpu failed(1) to wakeup CPU#2
[   57.521452] after cpu_up !!!!!!!!!!!!
[   57.521490] trying cpu_up:
[   57.521698] smpboot: ++++++++++++++++++++=_---CPU UP  3
[   57.521836]  #3
[   57.521873] smpboot: Setting warm reset code and vector.
[   57.521997] smpboot: 1.
[   57.522059] smpboot: 2.
[   57.522122] smpboot: 3.
[   57.522185] smpboot: Asserting INIT
[   57.522248] smpboot: Waiting for INIT send to finish...
[   57.532318] smpboot: status for above ^ is: 0
[   57.532428] smpboot: Deasserting INIT
[   57.532491] smpboot: Waiting for above send to finish...
[   57.532555] smpboot: waiting 3 sec
[   60.538453] smpboot: done waiting
[   60.538595] smpboot: waiting 3 sec
[   63.544491] smpboot: done waiting
[   63.544635] smpboot: waiting 3 sec
[   67.410489] smpboot: done waiting
[   67.410632] smpboot: #startup loops: 2
[   67.410695] smpboot: Sending STARTUP #1
[   67.410758] smpboot: After apic_write
[   67.411121] smpboot: Startup point 1
[   67.411230] smpboot: Waiting for send to finish...
[   67.411495] smpboot: Sending STARTUP #2
[   67.411604] smpboot: After apic_write
[   67.411968] smpboot: Startup point 1
[   67.412077] smpboot: Waiting for send to finish...
[   67.412341] smpboot: After Startup
[   67.412451] smpboot: Before Callout 3
[   67.412515] smpboot: After Callout 3
[   67.412578] smpboot: start waiting 5sec for response
[   72.432556] smpboot: done waiting 5sec for response
[   72.432653] smpboot: cpumask_test_cpu result: 0
[   72.432716] smpboot: cpu_callin_mask: 0000000000000001
[   72.432813] smpboot: cpu_callout_mask: 0000000000000009
[   72.432877] smpboot: CPU3: Not responding
[   72.433001] smpboot: do_boot_cpu failed(1) to wakeup CPU#3
[   72.433071] doing it one more time: cpu_up !!!!!!!!!!!!
[   72.433116] smpboot: ++++++++++++++++++++=_---CPU UP  3
[   72.433240]  #3
[   72.433277] smpboot: Setting warm reset code and vector.
[   72.433401] smpboot: 1.
[   72.433463] smpboot: 2.
[   72.433525] smpboot: 3.
[   72.433588] smpboot: Asserting INIT
[   72.433651] smpboot: Waiting for INIT send to finish...
[   72.443721] smpboot: status for above ^ is: 0
[   72.443831] smpboot: Deasserting INIT
[   72.443893] smpboot: Waiting for above send to finish...
[   72.443956] smpboot: waiting 3 sec
[   75.449893] smpboot: done waiting
[   75.450035] smpboot: waiting 3 sec
[   78.455981] smpboot: done waiting
[   78.456123] smpboot: waiting 3 sec
[   81.462068] smpboot: done waiting
[   81.462210] smpboot: #startup loops: 2
[   81.462274] smpboot: Sending STARTUP #1
[   81.462338] smpboot: After apic_write
[   81.462701] smpboot: Startup point 1
[   81.462810] smpboot: Waiting for send to finish...
[   81.463075] smpboot: Sending STARTUP #2
[   81.463185] smpboot: After apic_write
[   81.463549] smpboot: Startup point 1
[   81.463612] smpboot: Waiting for send to finish...
[   81.463876] smpboot: After Startup
[   81.463985] smpboot: Before Callout 3
[   81.464048] smpboot: After Callout 3
[   81.464111] smpboot: start waiting 5sec for response
[   86.484061] smpboot: done waiting 5sec for response
[   86.484205] smpboot: cpumask_test_cpu result: 0
[   86.484268] smpboot: cpu_callin_mask: 0000000000000001
[   86.484367] smpboot: cpu_callout_mask: 0000000000000009
[   86.484430] smpboot: CPU3: Not responding
[   86.484554] smpboot: do_boot_cpu failed(1) to wakeup CPU#3
[   86.484623] after cpu_up !!!!!!!!!!!!
[   86.484662] x86: Booted up 1 node, 1 CPUs
[   86.484783] smpboot: Boot done
[   86.484846] smpboot: Before bogomips
[   86.484910] smpboot: Total of 1 processors activated (2796.67 BogoMIPS)
[   86.484975] smpboot: Before bogocount - setting activated=1
[   86.485645] devtmpfs: initialized
[   86.485787] device: 'platform': device_add
[   86.485881] bus: 'platform': registered
[   86.485958] bus: 'cpu': registered
[   86.486022] device: 'cpu': device_add
[   86.486110] bus: 'container': registered
[   86.486176] device: 'container': device_add
[   86.487019] bus: 'workqueue': registered
[   86.487132] device: 'workqueue': device_add
[   86.487398] atomic64_test: passed for x86-64 platform with CX8 and with SSE
[   86.487515] device class 'regulator': registering
[   86.487603] Registering platform device 'reg-dummy'. Parent at platform
[   86.487669] device: 'reg-dummy': device_add
[   86.487754] bus: 'platform': add device reg-dummy
[   86.487841] bus: 'platform': add driver reg-dummy
[   86.487909] bus: 'platform': driver_probe_device: matched device reg-dummy with driver reg-dummy
[   86.488049] bus: 'platform': really_probe: probing driver reg-dummy with device reg-dummy
[   86.488166] device: 'regulator.0': device_add
[   86.488255] regulator-dummy: no parameters
[   86.488330] driver: 'reg-dummy': driver_bound: bound to device 'reg-dummy'
[   86.488397] bus: 'platform': really_probe: bound device reg-dummy to driver reg-dummy
[   86.488661] NET: Registered protocol family 16
[   86.489081] device class 'bdi': registering
[   86.489207] bus: 'platform': add driver ramoops
[   86.489287] device class 'pci_bus': registering
[   86.489372] bus: 'pci': registered
[   86.489437] device class 'backlight': registering
[   86.489508] device class 'tty': registering
[   86.489579] device class 'vtconsole': registering
[   86.489649] device: 'vtcon0': device_add
[   86.489747] bus: 'node': registered
[   86.489810] device: 'node': device_add
[   86.489904] bus: 'i2c': registered
[   86.489969] bus: 'i2c': add driver dummy
[   86.490040] i2c-core: driver [dummy] registered
[   86.490106] cpuidle: using governor ladder
[   86.490170] cpuidle: using governor menu
[   86.490657] ACPI FADT declares the system doesn't support PCIe ASPM, so disable it
[   86.490840] ACPI: bus type PCI registered
[   86.490904] acpiphp: ACPI Hot Plug PCI Controller Driver version: 0.5
[   86.490971] device class 'dmi': registering
[   86.491046] device: 'id': device_add
[   86.491204] PCI: MMCONFIG for domain 0000 [bus 00-3f] at [mem 0xf8000000-0xfbffffff] (base 0xf8000000)
[   86.491339] PCI: not using MMCONFIG
[   86.491402] PCI: Using configuration type 1 for base access
[   86.491465] PCI: Using configuration type 1 for extended access
[   86.491829] device: 'node0': device_add
[   86.491941] bus: 'node': add device node0
[   86.492029] device: 'cpu0': device_add
[   86.492095] bus: 'cpu': add device cpu0
[   86.492196] device: 'cpu1': device_add
[   86.492262] bus: 'cpu': add device cpu1
[   86.492359] device: 'cpu2': device_add
[   86.492425] bus: 'cpu': add device cpu2
[   86.492525] device: 'cpu3': device_add
[   86.492627] bus: 'cpu': add device cpu3
[   86.495100] device: 'writeback': device_add
[   86.495206] bus: 'workqueue': add device writeback
[   86.495304] device: 'default': device_add
[   86.495563] kworker/u8:0 (41) used greatest stack depth: 15104 bytes left
[   86.495715] device class 'block': registering
[   86.495908] ACPI: Added _OSI(Module Device)
[   86.496019] ACPI: Added _OSI(Processor Device)
[   86.496084] ACPI: Added _OSI(3.0 _SCP Extensions)
[   86.496149] ACPI: Added _OSI(Processor Aggregator Device)
[   86.498994] 
**** Context Switch from TID 4294967295 to TID 133431296 ****

[   86.499170]     utils-0051 util_eval_error       : Evaluate [\_SB_.PCI0.LPC0.EC0_._GLK]: AE_NOT_FOUND
[   86.499739] Executing  Method       \_SB_.PCI0.LPC0.EC0_._REG
[   86.500511] Executing  Method       \_SB_.PCI0.LPC0.EC0_._REG
[   86.500711] Executing  Method       \_SB_.PCI0.LPC0.EC0_._REG
[   86.500910] Executing  Method       \_SB_.PCI0.LPC0.EC0_._REG
[   86.504097] Initializing Region       \_SB_.OSTY
[   86.504300] Initializing Region       \_SB_.PCI0.NBMS
[   86.504454] Initializing Region       \_SB_.PCI0.NBXP
[   86.504604] Initializing Region       \_SB_.PCI0.K8ST
[   86.504790] Initializing Region       \_SB_.PCI0.BAR1
[   86.504998] Initializing Region       \_SB_.PCI0.PB2_.XPEX
[   86.505145] Initializing Region       \_SB_.PCI0.PB2_.PCFG
[   86.505292] Initializing Region       \_SB_.PCI0.PB2_.XPCB
[   86.505441] Initializing Region       \_SB_.PCI0.PB2_.XPRI
[   86.505592] Initializing Region       \_SB_.PCI0.PB2_.VGA_.PCFG
[   86.505798] Initializing Region       \_SB_.PCI0.PB2_.HDAU.PCFG
[   86.505973] Initializing Region       \_SB_.PCI0.PB3_.XPEX
[   86.506120] Initializing Region       \_SB_.PCI0.PB3_.PCFG
[   86.506267] Initializing Region       \_SB_.PCI0.PB3_.XPCB
[   86.506415] Initializing Region       \_SB_.PCI0.PB3_.XPRI
[   86.506566] Initializing Region       \_SB_.PCI0.PB3_.VGA_.PCFG
[   86.506780] Initializing Region       \_SB_.PCI0.PB3_.HDAU.PCFG
[   86.506936] Initializing Region       \_SB_.PCI0.PB4_.XPEX
[   86.507080] Initializing Region       \_SB_.PCI0.PB4_.PCFG
[   86.507227] Initializing Region       \_SB_.PCI0.PB4_.XPCB
[   86.507374] Initializing Region       \_SB_.PCI0.PB4_.XPRI
[   86.507525] Initializing Region       \_SB_.PCI0.PB4_.XPDV.PCFG
[   86.507685] Initializing Region       \_SB_.PCI0.PB5_.XPEX
[   86.507835] Initializing Region       \_SB_.PCI0.PB5_.PCFG
[   86.507981] Initializing Region       \_SB_.PCI0.PB5_.XPCB
[   86.509151] Initializing Region       \_SB_.PCI0.PB5_.XPRI
[   86.509301] Initializing Region       \_SB_.PCI0.PB5_.XPDV.PCFG
[   86.509462] Initializing Region       \_SB_.PCI0.PB6_.XPEX
[   86.509609] Initializing Region       \_SB_.PCI0.PB6_.PCFG
[   86.509755] Initializing Region       \_SB_.PCI0.PB6_.XPCB
[   86.509903] Initializing Region       \_SB_.PCI0.PB6_.XPRI
[   86.510055] Initializing Region       \_SB_.PCI0.PB6_.XPDV.PCFG
[   86.510216] Initializing Region       \_SB_.PCI0.PB7_.XPEX
[   86.510363] Initializing Region       \_SB_.PCI0.PB7_.PCFG
[   86.510511] Initializing Region       \_SB_.PCI0.PB7_.XPCB
[   86.510660] Initializing Region       \_SB_.PCI0.PB7_.XPRI
[   86.510812] Initializing Region       \_SB_.PCI0.PB7_.XPDV.PCFG
[   86.511232] Initializing Region       \_SB_.PCI0.SATC
[   86.511379] Initializing Region       \_SB_.PCI0.RMEM
[   86.511559] Initializing Region       \_SB_.PCI0.SATA.SATX
[   86.511714] Initializing Region       \_SB_.PCI0.SATA.BAR5
[   86.513103] Initializing Region       \_SB_.PCI0.SMB_.SBRV
[   86.513295] Initializing Region       \_SB_.PCI0.SMB_.PMIO
[   86.513444] Initializing Region       \_SB_.PCI0.SMB_.ERMM
[   86.513722] Initializing Region       \_SB_.PCI0.SMB_.P1E0
[   86.513931] Initializing Region       \_SB_.PCI0.SMB_.ABIO
[   86.514081] Initializing Region       \_SB_.PCI0.SMB_.SMB0
[   86.514234] Initializing Region       \_SB_.PCI0.LPC0.PIRQ
[   86.514442] Initializing Region       \_SB_.PCI0.LPC0.LPCR
[   86.514686] Initializing Region       \_SB_.PCI0.LPC0.LPCS
[   86.514892] Initializing Region       \_SB_.PCI0.LPC0.SMI0
[   86.515040] Initializing Region       \_SB_.PCI0.LPC0.SMI1
[   86.515194] Initializing Region       \_SB_.PCI0.LPC0.EC0_.ECO1
[   86.515342] Initializing Region       \_SB_.PCI0.LPC0.EC0_.ECO2
[   86.515490] Initializing Region       \_SB_.PCI0.LPC0.EC0_.ECMB
[   86.515638] Initializing Region       \_SB_.PCI0.LPC0.EC0_.RAM_
[   86.515897] Initializing Region       \_SB_.PCI0.LPC0.EC0_.CMOS
[   86.516070] Initializing Region       \_SB_.PCI0.LPC0.EC0_.VPC0.ERAM
[   86.516322] Initializing Region       \_SB_.PCI0.SPB0.PCFG
[   86.516517] Initializing Region       \_SB_.PCI0.SPB0.XPCB
[   86.516669] Initializing Region       \_SB_.PCI0.SPB0.XPDV.PCFG
[   86.516832] Initializing Region       \_SB_.PCI0.SPB1.PCFG
[   86.516980] Initializing Region       \_SB_.PCI0.SPB1.XPCB
[   86.517132] Initializing Region       \_SB_.PCI0.SPB1.XPDV.PCFG
[   86.517294] Initializing Region       \_SB_.PCI0.SPB2.PCFG
[   86.517442] Initializing Region       \_SB_.PCI0.SPB2.XPCB
[   86.517595] Initializing Region       \_SB_.PCI0.SPB2.XPDV.PCFG
[   86.517760] Initializing Region       \_SB_.PCI0.SPB3.PCFG
[   86.517909] Initializing Region       \_SB_.PCI0.SPB3.XPCB
[   86.518060] Initializing Region       \_SB_.PCI0.SPB3.XPDV.PCFG
[   86.518385] Initializing Region       \_SB_.PCI0.VGA_.REVD
[   86.518794] Initializing BufferField  \_SB_.AMW0.WLID
[   86.519439] Initializing Region       \DEB2
[   86.519634] Initializing Region       \PMIO
[   86.519780] Initializing Region       \P01_
[   86.519954] Initializing Region       \CNVS
[   86.520160] Initializing Region       \SPRT
[   86.520323] Initializing Region       \CMIO
[   86.520622] Executing  Method       \_SB_._STA
[   86.520839] Executing  Method       \_SB_._INI
[   86.521009] Executing  Method       \_SB_.PCI0._STA
[   86.521183] Executing  Method       \_SB_.PCI0._INI
[   86.521610] [Firmware Bug]: ACPI: BIOS _OSI(Linux) query ignored
[   86.522113] Executing  Method       \_SB_.PCI0.SATA._STA
[   86.522312] Executing  Method       \_SB_.PCI0.SATA._INI
[   86.523256] Executing  Method       \_SB_.PCI0.LPC0.EC0_._REG
[   86.524035] kworker/u8:0 (61) used greatest stack depth: 14464 bytes left
[   86.524177] kworker/u8:0 (62) used greatest stack depth: 14176 bytes left
[   86.568479] ACPI: Interpreter enabled
[   86.568610] ACPI: (supports S0 S5)
[   86.568675] ACPI: Using IOAPIC for interrupt routing
[   86.569102] PCI: MMCONFIG for domain 0000 [bus 00-3f] at [mem 0xf8000000-0xfbffffff] (base 0xf8000000)
[   86.569987] PCI: MMCONFIG at [mem 0xf8000000-0xfbffffff] reserved in ACPI motherboard resources
[   86.570334] bus: 'acpi': registered
[   86.570449] PCI: Using host bridge windows from ACPI; if necessary, use "pci=nocrs" and report a bug
[   86.570601]      scan-1141 get_device_data       : No context for object [ffffffffffffffff]
[   86.570817]     utils-0051 util_eval_error       : Evaluate [\._STA]: AE_NOT_FOUND
[   86.571044] device: 'LNXSYSTM:00': device_add
[   86.571119] bus: 'acpi': add device LNXSYSTM:00
[   86.571208]     utils-0051 util_eval_error       : Evaluate [\._SUN]: AE_NOT_FOUND
[   86.571403]      scan-1933 add_single_object     : Added LNXSYSTM:00 [\] parent (null)
[   86.571623]      scan-1141 get_device_data       : No context for object [ffff88040d81d000]
[   86.571833]      scan-1141 get_device_data       : No context for object [ffff88040d8377d0]
[   86.572042]      scan-1141 get_device_data       : No context for object [ffff88040d8377f8]
[   86.572227]      scan-1141 get_device_data       : No context for object [ffff88040d837820]
[   86.572434]      scan-1141 get_device_data       : No context for object [ffff88040d837848]
[   86.572640]      scan-1141 get_device_data       : No context for object [ffff88040d837870]
[   86.572847]      scan-1141 get_device_data       : No context for object [ffff88040d837898]
[   86.573053]      scan-1141 get_device_data       : No context for object [ffff88040d8378c0]
[   86.573239]      scan-1141 get_device_data       : No context for object [ffff88040d8378e8]
[   86.573446]      scan-1141 get_device_data       : No context for object [ffff88040d839398]
[   86.573643]      scan-1141 get_device_data       : No context for object [ffff88040d81d028]
[   86.573840]      scan-1141 get_device_data       : No context for object [ffff88040d81d168]
[   86.574037]     utils-0051 util_eval_error       : Evaluate [\_PR_.C000._STA]: AE_NOT_FOUND
[   86.574214]      scan-1141 get_device_data       : No context for object [ffff88040d81d028]
[   86.574421] device: 'LNXCPU:00': device_add
[   86.574483] bus: 'acpi': add device LNXCPU:00
[   86.574561]     utils-0051 util_eval_error       : Evaluate [\_PR_.C000._SUN]: AE_NOT_FOUND
[   86.574762]      scan-1933 add_single_object     : Added LNXCPU:00 [\_PR_.C000] parent LNXSYSTM:00
[   86.574961]      scan-1141 get_device_data       : No context for object [ffff88040d83c398]
[   86.575156]      scan-1141 get_device_data       : No context for object [ffff88040d83c3c0]
[   86.575352]      scan-1141 get_device_data       : No context for object [ffff88040d83c3e8]
[   86.575545]      scan-1141 get_device_data       : No context for object [ffff88040d83c410]
[   86.575740]      scan-1141 get_device_data       : No context for object [ffff88040d83c438]
[   86.575936]      scan-1141 get_device_data       : No context for object [ffff88040d83c460]
[   86.576130]      scan-1141 get_device_data       : No context for object [ffff88040d81d190]
[   86.576279]     utils-0051 util_eval_error       : Evaluate [\_PR_.C001._STA]: AE_NOT_FOUND
[   86.576456]      scan-1141 get_device_data       : No context for object [ffff88040d81d028]
[   86.576660] device: 'LNXCPU:01': device_add
[   86.576722] bus: 'acpi': add device LNXCPU:01
[   86.576798]     utils-0051 util_eval_error       : Evaluate [\_PR_.C001._SUN]: AE_NOT_FOUND
[   86.577001]      scan-1933 add_single_object     : Added LNXCPU:01 [\_PR_.C001] parent LNXSYSTM:00
[   86.577185]      scan-1141 get_device_data       : No context for object [ffff88040d83c488]
[   86.577382]      scan-1141 get_device_data       : No context for object [ffff88040d83c4b0]
[   86.577580]      scan-1141 get_device_data       : No context for object [ffff88040d83c4d8]
[   86.577781]      scan-1141 get_device_data       : No context for object [ffff88040d83c500]
[   86.577978]      scan-1141 get_device_data       : No context for object [ffff88040d83c528]
[   86.578176]      scan-1141 get_device_data       : No context for object [ffff88040d83c550]
[   86.578374]      scan-1141 get_device_data       : No context for object [ffff88040d81d1b8]
[   86.578572]     utils-0051 util_eval_error       : Evaluate [\_PR_.C002._STA]: AE_NOT_FOUND
[   86.578771]      scan-1141 get_device_data       : No context for object [ffff88040d81d028]
[   86.578977] device: 'LNXCPU:02': device_add
[   86.579040] bus: 'acpi': add device LNXCPU:02
[   86.579117]     utils-0051 util_eval_error       : Evaluate [\_PR_.C002._SUN]: AE_NOT_FOUND
[   86.579275]      scan-1933 add_single_object     : Added LNXCPU:02 [\_PR_.C002] parent LNXSYSTM:00
[   86.579456]      scan-1141 get_device_data       : No context for object [ffff88040d83c578]
[   86.579653]      scan-1141 get_device_data       : No context for object [ffff88040d83c5a0]
[   86.579851]      scan-1141 get_device_data       : No context for object [ffff88040d83c5c8]
[   86.580048]      scan-1141 get_device_data       : No context for object [ffff88040d83c5f0]
[   86.580225]      scan-1141 get_device_data       : No context for object [ffff88040d83c618]
[   86.580423]      scan-1141 get_device_data       : No context for object [ffff88040d83c640]
[   86.580621]      scan-1141 get_device_data       : No context for object [ffff88040d81d1e0]
[   86.580820]     utils-0051 util_eval_error       : Evaluate [\_PR_.C003._STA]: AE_NOT_FOUND
[   86.582042]      scan-1141 get_device_data       : No context for object [ffff88040d81d028]
[   86.582228] device: 'LNXCPU:03': device_add
[   86.582291] bus: 'acpi': add device LNXCPU:03
[   86.582365]     utils-0051 util_eval_error       : Evaluate [\_PR_.C003._SUN]: AE_NOT_FOUND
[   86.582569]      scan-1933 add_single_object     : Added LNXCPU:03 [\_PR_.C003] parent LNXSYSTM:00
[   86.582770]      scan-1141 get_device_data       : No context for object [ffff88040d83c668]
[   86.582968]      scan-1141 get_device_data       : No context for object [ffff88040d83c690]
[   86.583165]      scan-1141 get_device_data       : No context for object [ffff88040d83c6b8]
[   86.583362]      scan-1141 get_device_data       : No context for object [ffff88040d83c6e0]
[   86.583559]      scan-1141 get_device_data       : No context for object [ffff88040d83c708]
[   86.583756]      scan-1141 get_device_data       : No context for object [ffff88040d83c730]
[   86.583954]      scan-1141 get_device_data       : No context for object [ffff88040d81d050]
[   86.584153]     utils-0051 util_eval_error       : Evaluate [\_SB_._STA]: AE_NOT_FOUND
[   86.584379] device: 'LNXSYBUS:00': device_add
[   86.584490] bus: 'acpi': add device LNXSYBUS:00
[   86.584567]     utils-0051 util_eval_error       : Evaluate [\_SB_._SUN]: AE_NOT_FOUND
[   86.584771]      scan-1933 add_single_object     : Added LNXSYBUS:00 [\_SB_] parent LNXSYSTM:00
[   86.584977]      scan-1141 get_device_data       : No context for object [ffff88040d81d3c0]
[   86.585175]      scan-1141 get_device_data       : No context for object [ffff88040d81d3e8]
[   86.585372]      scan-1141 get_device_data       : No context for object [ffff88040d81d410]
[   86.585570]      scan-1141 get_device_data       : No context for object [ffff88040d81d438]
[   86.585768]      scan-1141 get_device_data       : No context for object [ffff88040d81d460]
[   86.585965]      scan-1141 get_device_data       : No context for object [ffff88040d81d488]
[   86.586161]      scan-1141 get_device_data       : No context for object [ffff88040d81d4b0]
[   86.586359]      scan-1141 get_device_data       : No context for object [ffff88040d81d5a0]
[   86.586558]     utils-0051 util_eval_error       : Evaluate [\_SB_.PWRB._STA]: AE_NOT_FOUND
[   86.586789] device: 'PNP0C0C:00': device_add
[   86.586852] bus: 'acpi': add device PNP0C0C:00
[   86.586929]     utils-0051 util_eval_error       : Evaluate [\_SB_.PWRB._SUN]: AE_NOT_FOUND
[   86.587133]      scan-1933 add_single_object     : Added PNP0C0C:00 [\_SB_.PWRB] parent LNXSYBUS:00
[   86.587326]      scan-1141 get_device_data       : No context for object [ffff88040d81d5c8]
[   86.587524]      scan-1141 get_device_data       : No context for object [ffff88040d81d5f0]
[   86.587727]     utils-0051 util_eval_error       : Evaluate [\_SB_.PCI0._STA]: AE_NOT_FOUND
[   86.587979] device: 'PNP0A08:00': device_add
[   86.588089] bus: 'acpi': add device PNP0A08:00
[   86.588167]     utils-0051 util_eval_error       : Evaluate [\_SB_.PCI0._SUN]: AE_NOT_FOUND
[   86.588353]      scan-1933 add_single_object     : Added PNP0A08:00 [\_SB_.PCI0] parent LNXSYBUS:00
[   86.588562]      scan-1141 get_device_data       : No context for object [ffff88040d81d618]
[   86.588760]      scan-1141 get_device_data       : No context for object [ffff88040d81d640]
[   86.588957]      scan-1141 get_device_data       : No context for object [ffff88040d81d668]
[   86.589152]      scan-1141 get_device_data       : No context for object [ffff88040d81d690]
[   86.589329]      scan-1141 get_device_data       : No context for object [ffff88040d81d6b8]
[   86.589523]      scan-1141 get_device_data       : No context for object [ffff88040d81d6e0]
[   86.589717]      scan-1141 get_device_data       : No context for object [ffff88040d81d708]
[   86.589912]      scan-1141 get_device_data       : No context for object [ffff88040d81d730]
[   86.590107]      scan-1141 get_device_data       : No context for object [ffff88040d81d758]
[   86.590253]      scan-1141 get_device_data       : No context for object [ffff88040d81d780]
[   86.590431]      scan-1141 get_device_data       : No context for object [ffff88040d81d7a8]
[   86.590626]      scan-1141 get_device_data       : No context for object [ffff88040d81d7d0]
[   86.590820]      scan-1141 get_device_data       : No context for object [ffff88040d81d7f8]
[   86.591014]      scan-1141 get_device_data       : No context for object [ffff88040d81d820]
[   86.591194]      scan-1141 get_device_data       : No context for object [ffff88040d81d848]
[   86.591387]      scan-1141 get_device_data       : No context for object [ffff88040d81d870]
[   86.591582]      scan-1141 get_device_data       : No context for object [ffff88040d81d898]
[   86.591776]      scan-1141 get_device_data       : No context for object [ffff88040d81d8c0]
[   86.591971]      scan-1141 get_device_data       : No context for object [ffff88040d81d8e8]
[   86.592165]      scan-1141 get_device_data       : No context for object [ffff88040d81d910]
[   86.592360]      scan-1141 get_device_data       : No context for object [ffff88040d81d938]
[   86.592554]      scan-1141 get_device_data       : No context for object [ffff88040d81d960]
[   86.592748]      scan-1141 get_device_data       : No context for object [ffff88040d81d988]
[   86.592943]      scan-1141 get_device_data       : No context for object [ffff88040d81d9b0]
[   86.593139]      scan-1141 get_device_data       : No context for object [ffff88040d81d9d8]
[   86.593319]      scan-1141 get_device_data       : No context for object [ffff88040d81da00]
[   86.593517]      scan-1141 get_device_data       : No context for object [ffff88040d81da28]
[   86.593715]      scan-1141 get_device_data       : No context for object [ffff88040d81da50]
[   86.593912]      scan-1141 get_device_data       : No context for object [ffff88040d81da78]
[   86.594109]      scan-1141 get_device_data       : No context for object [ffff88040d81daa0]
[   86.594260]      scan-1141 get_device_data       : No context for object [ffff88040d81dac8]
[   86.594438]      scan-1141 get_device_data       : No context for object [ffff88040d81daf0]
[   86.594635]      scan-1141 get_device_data       : No context for object [ffff88040d81db18]
[   86.594832]      scan-1141 get_device_data       : No context for object [ffff88040d81db40]
[   86.595030]      scan-1141 get_device_data       : No context for object [ffff88040d81db68]
[   86.595207]      scan-1141 get_device_data       : No context for object [ffff88040d81db90]
[   86.595404]      scan-1141 get_device_data       : No context for object [ffff88040d81dbb8]
[   86.595601]      scan-1141 get_device_data       : No context for object [ffff88040d81dbe0]
[   86.595798]      scan-1141 get_device_data       : No context for object [ffff88040d81dc08]
[   86.595995]      scan-1141 get_device_data       : No context for object [ffff88040d81dc30]
[   86.596188]      scan-1141 get_device_data       : No context for object [ffff88040d81dc58]
[   86.596385]      scan-1141 get_device_data       : No context for object [ffff88040d81dc80]
[   86.596582]      scan-1141 get_device_data       : No context for object [ffff88040d81dca8]
[   86.596779]      scan-1141 get_device_data       : No context for object [ffff88040d81dcd0]
[   86.596977]      scan-1141 get_device_data       : No context for object [ffff88040d81dcf8]
[   86.597174]      scan-1141 get_device_data       : No context for object [ffff88040d81dd20]
[   86.597371]      scan-1141 get_device_data       : No context for object [ffff88040d81dd48]
[   86.597568]      scan-1141 get_device_data       : No context for object [ffff88040d81dd70]
[   86.597767]      scan-1141 get_device_data       : No context for object [ffff88040d81dd98]
[   86.597964]      scan-1141 get_device_data       : No context for object [ffff88040d81ddc0]
[   86.598162]      scan-1141 get_device_data       : No context for object [ffff88040d81dde8]
[   86.598359]      scan-1141 get_device_data       : No context for object [ffff88040d81de10]
[   86.598556]      scan-1141 get_device_data       : No context for object [ffff88040d81de38]
[   86.598754]      scan-1141 get_device_data       : No context for object [ffff88040d81de60]
[   86.598951]      scan-1141 get_device_data       : No context for object [ffff88040d81de88]
[   86.599149]      scan-1141 get_device_data       : No context for object [ffff88040d81deb0]
[   86.599326]      scan-1141 get_device_data       : No context for object [ffff88040d81ded8]
[   86.600542]      scan-1141 get_device_data       : No context for object [ffff88040d81df00]
[   86.600739]      scan-1141 get_device_data       : No context for object [ffff88040d81df28]
[   86.600937]      scan-1141 get_device_data       : No context for object [ffff88040d81df50]
[   86.601136]      scan-1141 get_device_data       : No context for object [ffff88040d81df78]
[   86.601322]      scan-1141 get_device_data       : No context for object [ffff88040d81dfa0]
[   86.601519]      scan-1141 get_device_data       : No context for object [ffff88040d81dfc8]
[   86.601716]      scan-1141 get_device_data       : No context for object [ffff88040d822000]
[   86.601914]      scan-1141 get_device_data       : No context for object [ffff88040d822028]
[   86.602114]     utils-0051 util_eval_error       : Evaluate [\_SB_.PCI0.MEMR._STA]: AE_NOT_FOUND
[   86.602299] device: 'PNP0C02:00': device_add
[   86.602362] bus: 'acpi': add device PNP0C02:00
[   86.602438]     utils-0051 util_eval_error       : Evaluate [\_SB_.PCI0.MEMR._SUN]: AE_NOT_FOUND
[   86.602622]      scan-1933 add_single_object     : Added PNP0C02:00 [\_SB_.PCI0.MEMR] parent PNP0A08:00
[   86.602826]      scan-1141 get_device_data       : No context for object [ffff88040d822050]
[   86.603024]      scan-1141 get_device_data       : No context for object [ffff88040d822078]
[   86.603201]      scan-1141 get_device_data       : No context for object [ffff88040d8220a0]
[   86.603399]      scan-1141 get_device_data       : No context for object [ffff88040d8220c8]
[   86.603596]      scan-1141 get_device_data       : No context for object [ffff88040d8220f0]
[   86.603793]      scan-1141 get_device_data       : No context for object [ffff88040d822118]
[   86.603991]      scan-1141 get_device_data       : No context for object [ffff88040d822140]
[   86.604188]      scan-1141 get_device_data       : No context for object [ffff88040d822168]
[   86.604386]      scan-1141 get_device_data       : No context for object [ffff88040d822190]
[   86.604587]      scan-1141 get_device_data       : No context for object [ffff88040d8221b8]
[   86.604785]      scan-1141 get_device_data       : No context for object [ffff88040d8221e0]
[   86.604982]      scan-1141 get_device_data       : No context for object [ffff88040d822208]
[   86.605178]      scan-1141 get_device_data       : No context for object [ffff88040d822230]
[   86.605375]      scan-1141 get_device_data       : No context for object [ffff88040d822258]
[   86.605573]      scan-1141 get_device_data       : No context for object [ffff88040d822280]
[   86.605771]      scan-1141 get_device_data       : No context for object [ffff88040d8222a8]
[   86.605966]     utils-0051 util_eval_error       : Evaluate [\_SB_.PCI0.PB2_._STA]: AE_NOT_FOUND
[   86.606258] device: 'device:00': device_add
[   86.606322] bus: 'acpi': add device device:00
[   86.606395]     utils-0051 util_eval_error       : Evaluate [\_SB_.PCI0.PB2_._SUN]: AE_NOT_FOUND
[   86.606598]      scan-1933 add_single_object     : Added device:00 [\_SB_.PCI0.PB2_] parent PNP0A08:00
[   86.606796]      scan-1141 get_device_data       : No context for object [ffff88040d8222d0]
[   86.606990]      scan-1141 get_device_data       : No context for object [ffff88040d8222f8]
[   86.607183]      scan-1141 get_device_data       : No context for object [ffff88040d822320]
[   86.607378]      scan-1141 get_device_data       : No context for object [ffff88040d822348]
[   86.607574]      scan-1141 get_device_data       : No context for object [ffff88040d822370]
[   86.607772]      scan-1141 get_device_data       : No context for object [ffff88040d822398]
[   86.607968]      scan-1141 get_device_data       : No context for object [ffff88040d8223c0]
[   86.608163]      scan-1141 get_device_data       : No context for object [ffff88040d8223e8]
[   86.608357]      scan-1141 get_device_data       : No context for object [ffff88040d822410]
[   86.608551]      scan-1141 get_device_data       : No context for object [ffff88040d822438]
[   86.608745]      scan-1141 get_device_data       : No context for object [ffff88040d822460]
[   86.608942]      scan-1141 get_device_data       : No context for object [ffff88040d822488]
[   86.609137]      scan-1141 get_device_data       : No context for object [ffff88040d8224b0]
[   86.609285]      scan-1141 get_device_data       : No context for object [ffff88040d8224d8]
[   86.609462]      scan-1141 get_device_data       : No context for object [ffff88040d822500]
[   86.609658]      scan-1141 get_device_data       : No context for object [ffff88040d822528]
[   86.609853]      scan-1141 get_device_data       : No context for object [ffff88040d822550]
[   86.610047]      scan-1141 get_device_data       : No context for object [ffff88040d822578]
[   86.610224]      scan-1141 get_device_data       : No context for object [ffff88040d8225a0]
[   86.610422]      scan-1141 get_device_data       : No context for object [ffff88040d8225c8]
[   86.610619]      scan-1141 get_device_data       : No context for object [ffff88040d8225f0]
[   86.610817]      scan-1141 get_device_data       : No context for object [ffff88040d822618]
[   86.611014]      scan-1141 get_device_data       : No context for object [ffff88040d822640]
[   86.611193]      scan-1141 get_device_data       : No context for object [ffff88040d822668]
[   86.611390]      scan-1141 get_device_data       : No context for object [ffff88040d822690]
[   86.611588]      scan-1141 get_device_data       : No context for object [ffff88040d8226b8]
[   86.611785]      scan-1141 get_device_data       : No context for object [ffff88040d8226e0]
[   86.611982]      scan-1141 get_device_data       : No context for object [ffff88040d822708]
[   86.612179]      scan-1141 get_device_data       : No context for object [ffff88040d822730]
[   86.612377]      scan-1141 get_device_data       : No context for object [ffff88040d822758]
[   86.612574]      scan-1141 get_device_data       : No context for object [ffff88040d822780]
[   86.612773]     utils-0051 util_eval_error       : Evaluate [\_SB_.PCI0.PB2_.VGA_._STA]: AE_NOT_FOUND
[   86.613012] device: 'device:01': device_add
[   86.613121] bus: 'acpi': add device device:01
[   86.613195]     utils-0051 util_eval_error       : Evaluate [\_SB_.PCI0.PB2_.VGA_._SUN]: AE_NOT_FOUND
[   86.613380]      scan-1933 add_single_object     : Added device:01 [\_SB_.PCI0.PB2_.VGA_] parent device:00
[   86.613582]      scan-1141 get_device_data       : No context for object [ffff88040d8227a8]
[   86.613780]      scan-1141 get_device_data       : No context for object [ffff88040d8227d0]
[   86.613978]      scan-1141 get_device_data       : No context for object [ffff88040d8227f8]
[   86.614175]      scan-1141 get_device_data       : No context for object [ffff88040d822820]
[   86.614372]      scan-1141 get_device_data       : No context for object [ffff88040d822848]
[   86.614573]      scan-1141 get_device_data       : No context for object [ffff88040d822870]
[   86.614770]      scan-1141 get_device_data       : No context for object [ffff88040d822898]
[   86.614967]      scan-1141 get_device_data       : No context for object [ffff88040d8228c0]
[   86.615165]      scan-1141 get_device_data       : No context for object [ffff88040d8228e8]
[   86.615363]      scan-1141 get_device_data       : No context for object [ffff88040d822910]
[   86.615560]      scan-1141 get_device_data       : No context for object [ffff88040d822938]
[   86.615758]      scan-1141 get_device_data       : No context for object [ffff88040d822960]
[   86.615955]      scan-1141 get_device_data       : No context for object [ffff88040d822988]
[   86.616153]      scan-1141 get_device_data       : No context for object [ffff88040d8229b0]
[   86.616337]      scan-1141 get_device_data       : No context for object [ffff88040d8229d8]
[   86.616534]      scan-1141 get_device_data       : No context for object [ffff88040d822a00]
[   86.616731]      scan-1141 get_device_data       : No context for object [ffff88040d822a28]
[   86.616928]      scan-1141 get_device_data       : No context for object [ffff88040d822a50]
[   86.617126]      scan-1141 get_device_data       : No context for object [ffff88040d822a78]
[   86.617277]      scan-1141 get_device_data       : No context for object [ffff88040d822aa0]
[   86.617454]      scan-1141 get_device_data       : No context for object [ffff88040d822ac8]
[   86.617652]      scan-1141 get_device_data       : No context for object [ffff88040d822af0]
[   86.617851]      scan-1141 get_device_data       : No context for object [ffff88040d822b18]
[   86.619068]      scan-1141 get_device_data       : No context for object [ffff88040d822b40]
[   86.619244]      scan-1141 get_device_data       : No context for object [ffff88040d822b68]
[   86.619442]      scan-1141 get_device_data       : No context for object [ffff88040d822b90]
[   86.619639]      scan-1141 get_device_data       : No context for object [ffff88040d822bb8]
[   86.619836]      scan-1141 get_device_data       : No context for object [ffff88040d822be0]
[   86.620034]      scan-1141 get_device_data       : No context for object [ffff88040d822c08]
[   86.620211]      scan-1141 get_device_data       : No context for object [ffff88040d822c30]
[   86.620408]      scan-1141 get_device_data       : No context for object [ffff88040d822c58]
[   86.620605]      scan-1141 get_device_data       : No context for object [ffff88040d822c80]
[   86.620801]      scan-1141 get_device_data       : No context for object [ffff88040d822ca8]
[   86.620996]      scan-1141 get_device_data       : No context for object [ffff88040d822cd0]
[   86.621196]      scan-1141 get_device_data       : No context for object [ffff88040d822cf8]
[   86.621393]      scan-1141 get_device_data       : No context for object [ffff88040d822d20]
[   86.621591]      scan-1141 get_device_data       : No context for object [ffff88040d822d48]
[   86.621788]      scan-1141 get_device_data       : No context for object [ffff88040d822d70]
[   86.621986]      scan-1141 get_device_data       : No context for object [ffff88040d822d98]
[   86.622183]      scan-1141 get_device_data       : No context for object [ffff88040d837438]
[   86.622381]      scan-1141 get_device_data       : No context for object [ffff88040d822dc0]
[   86.622576]     utils-0051 util_eval_error       : Evaluate [\_SB_.PCI0.PB2_.HDAU._STA]: AE_NOT_FOUND
[   86.622805] device: 'device:02': device_add
[   86.622868] bus: 'acpi': add device device:02
[   86.622942]     utils-0051 util_eval_error       : Evaluate [\_SB_.PCI0.PB2_.HDAU._SUN]: AE_NOT_FOUND
[   86.623145]      scan-1933 add_single_object     : Added device:02 [\_SB_.PCI0.PB2_.HDAU] parent device:00
[   86.623332]      scan-1141 get_device_data       : No context for object [ffff88040d822de8]
[   86.623526]      scan-1141 get_device_data       : No context for object [ffff88040d822e10]
[   86.623721]      scan-1141 get_device_data       : No context for object [ffff88040d822e38]
[   86.623918]      scan-1141 get_device_data       : No context for object [ffff88040d822e60]
[   86.624114]      scan-1141 get_device_data       : No context for object [ffff88040d822e88]
[   86.624263]      scan-1141 get_device_data       : No context for object [ffff88040d822eb0]
[   86.624443]      scan-1141 get_device_data       : No context for object [ffff88040d822ed8]
[   86.624638]     utils-0051 util_eval_error       : Evaluate [\_SB_.PCI0.PB3_._STA]: AE_NOT_FOUND
[   86.624932] device: 'device:03': device_add
[   86.624993] bus: 'acpi': add device device:03
[   86.625066]     utils-0051 util_eval_error       : Evaluate [\_SB_.PCI0.PB3_._SUN]: AE_NOT_FOUND
[   86.625250]      scan-1933 add_single_object     : Added device:03 [\_SB_.PCI0.PB3_] parent PNP0A08:00
[   86.625450]      scan-1141 get_device_data       : No context for object [ffff88040d822f00]
[   86.625645]      scan-1141 get_device_data       : No context for object [ffff88040d822f28]
[   86.625840]      scan-1141 get_device_data       : No context for object [ffff88040d822f50]
[   86.626036]      scan-1141 get_device_data       : No context for object [ffff88040d822f78]
[   86.626212]      scan-1141 get_device_data       : No context for object [ffff88040d822fa0]
[   86.626408]      scan-1141 get_device_data       : No context for object [ffff88040d822fc8]
[   86.626602]      scan-1141 get_device_data       : No context for object [ffff88040d823000]
[   86.626798]      scan-1141 get_device_data       : No context for object [ffff88040d823028]
[   86.626995]      scan-1141 get_device_data       : No context for object [ffff88040d823050]
[   86.627193]      scan-1141 get_device_data       : No context for object [ffff88040d823078]
[   86.627390]      scan-1141 get_device_data       : No context for object [ffff88040d8230a0]
[   86.627588]      scan-1141 get_device_data       : No context for object [ffff88040d8230c8]
[   86.627788]      scan-1141 get_device_data       : No context for object [ffff88040d8230f0]
[   86.627986]      scan-1141 get_device_data       : No context for object [ffff88040d823118]
[   86.628183]      scan-1141 get_device_data       : No context for object [ffff88040d823140]
[   86.628381]      scan-1141 get_device_data       : No context for object [ffff88040d823168]
[   86.628578]      scan-1141 get_device_data       : No context for object [ffff88040d823190]
[   86.628776]      scan-1141 get_device_data       : No context for object [ffff88040d8231b8]
[   86.628974]      scan-1141 get_device_data       : No context for object [ffff88040d8231e0]
[   86.629171]      scan-1141 get_device_data       : No context for object [ffff88040d823208]
[   86.629369]      scan-1141 get_device_data       : No context for object [ffff88040d823230]
[   86.629566]      scan-1141 get_device_data       : No context for object [ffff88040d823258]
[   86.629764]      scan-1141 get_device_data       : No context for object [ffff88040d823280]
[   86.629961]      scan-1141 get_device_data       : No context for object [ffff88040d8232a8]
[   86.630159]      scan-1141 get_device_data       : No context for object [ffff88040d8232d0]
[   86.630341]      scan-1141 get_device_data       : No context for object [ffff88040d8232f8]
[   86.630539]      scan-1141 get_device_data       : No context for object [ffff88040d823320]
[   86.630736]      scan-1141 get_device_data       : No context for object [ffff88040d823348]
[   86.630933]      scan-1141 get_device_data       : No context for object [ffff88040d823370]
[   86.631132]      scan-1141 get_device_data       : No context for object [ffff88040d823398]
[   86.631284]      scan-1141 get_device_data       : No context for object [ffff88040d8233c0]
[   86.631463]     utils-0051 util_eval_error       : Evaluate [\_SB_.PCI0.PB3_.VGA_._STA]: AE_NOT_FOUND
[   86.631692]     video-0058 backlight_cap_match   : Found generic backlight support
[   86.631901] device: 'LNXVIDEO:00': device_add
[   86.631964] bus: 'acpi': add device LNXVIDEO:00
[   86.632040]     utils-0051 util_eval_error       : Evaluate [\_SB_.PCI0.PB3_.VGA_._SUN]: AE_NOT_FOUND
[   86.632225]      scan-1933 add_single_object     : Added LNXVIDEO:00 [\_SB_.PCI0.PB3_.VGA_] parent device:03
[   86.632431]      scan-1141 get_device_data       : No context for object [ffff88040d8233e8]
[   86.632629]      scan-1141 get_device_data       : No context for object [ffff88040d823410]
[   86.632826]      scan-1141 get_device_data       : No context for object [ffff88040d823438]
[   86.633023]      scan-1141 get_device_data       : No context for object [ffff88040d823460]
[   86.633200]      scan-1141 get_device_data       : No context for object [ffff88040d823488]
[   86.633398]      scan-1141 get_device_data       : No context for object [ffff88040d8234b0]
[   86.633595]      scan-1141 get_device_data       : No context for object [ffff88040d8234d8]
[   86.633792]      scan-1141 get_device_data       : No context for object [ffff88040d823500]
[   86.633989]      scan-1141 get_device_data       : No context for object [ffff88040d823528]
[   86.634186]      scan-1141 get_device_data       : No context for object [ffff88040d823550]
[   86.634383]      scan-1141 get_device_data       : No context for object [ffff88040d823578]
[   86.634584]      scan-1141 get_device_data       : No context for object [ffff88040d8235a0]
[   86.634782]      scan-1141 get_device_data       : No context for object [ffff88040d8235c8]
[   86.634979]      scan-1141 get_device_data       : No context for object [ffff88040d8235f0]
[   86.635177]      scan-1141 get_device_data       : No context for object [ffff88040d823618]
[   86.635375]      scan-1141 get_device_data       : No context for object [ffff88040d823640]
[   86.635572]      scan-1141 get_device_data       : No context for object [ffff88040d823668]
[   86.635770]      scan-1141 get_device_data       : No context for object [ffff88040d823690]
[   86.635967]      scan-1141 get_device_data       : No context for object [ffff88040d8236b8]
[   86.636165]      scan-1141 get_device_data       : No context for object [ffff88040d8236e0]
[   86.636343]      scan-1141 get_device_data       : No context for object [ffff88040d823708]
[   86.637560]      scan-1141 get_device_data       : No context for object [ffff88040d823730]
[   86.637759]      scan-1141 get_device_data       : No context for object [ffff88040d823758]
[   86.637957]      scan-1141 get_device_data       : No context for object [ffff88040d823780]
[   86.638155]      scan-1141 get_device_data       : No context for object [ffff88040d8237a8]
[   86.638306]      scan-1141 get_device_data       : No context for object [ffff88040d8237d0]
[   86.638483]      scan-1141 get_device_data       : No context for object [ffff88040d8237f8]
[   86.638680]      scan-1141 get_device_data       : No context for object [ffff88040d823820]
[   86.638878]      scan-1141 get_device_data       : No context for object [ffff88040d823848]
[   86.639075]      scan-1141 get_device_data       : No context for object [ffff88040d823870]
[   86.639253]      scan-1141 get_device_data       : No context for object [ffff88040d823898]
[   86.639447]      scan-1141 get_device_data       : No context for object [ffff88040d8238c0]
[   86.639642]      scan-1141 get_device_data       : No context for object [ffff88040d8238e8]
[   86.639838]      scan-1141 get_device_data       : No context for object [ffff88040d823910]
[   86.640033]      scan-1141 get_device_data       : No context for object [ffff88040d823938]
[   86.640210]      scan-1141 get_device_data       : No context for object [ffff88040d823960]
[   86.640405]      scan-1141 get_device_data       : No context for object [ffff88040d823988]
[   86.640598]      scan-1141 get_device_data       : No context for object [ffff88040d8239b0]
[   86.640794]      scan-1141 get_device_data       : No context for object [ffff88040d8239d8]
[   86.640989]      scan-1141 get_device_data       : No context for object [ffff88040d837460]
[   86.641184]      scan-1141 get_device_data       : No context for object [ffff88040d83ac08]
[   86.641377]      scan-1141 get_device_data       : No context for object [ffff88040d83ac30]
[   86.641570]      scan-1141 get_device_data       : No context for object [ffff88040d83ac58]
[   86.641766]     utils-0051 util_eval_error       : Evaluate [\_SB_.PCI0.PB3_.VGA_.CRT_._STA]: AE_NOT_FOUND
[   86.642009] device: 'device:04': device_add
[   86.642117] bus: 'acpi': add device device:04
[   86.642192]     utils-0051 util_eval_error       : Evaluate [\_SB_.PCI0.PB3_.VGA_.CRT_._SUN]: AE_NOT_FOUND
[   86.642377]      scan-1933 add_single_object     : Added device:04 [\_SB_.PCI0.PB3_.VGA_.CRT_] parent LNXVIDEO:00
[   86.642578]      scan-1141 get_device_data       : No context for object [ffff88040d83ac80]
[   86.642773]      scan-1141 get_device_data       : No context for object [ffff88040d83aca8]
[   86.642968]      scan-1141 get_device_data       : No context for object [ffff88040d83acd0]
[   86.643163]      scan-1141 get_device_data       : No context for object [ffff88040d83acf8]
[   86.643339]      scan-1141 get_device_data       : No context for object [ffff88040d83ad20]
[   86.643538]     utils-0051 util_eval_error       : Evaluate [\_SB_.PCI0.PB3_.VGA_.LCD_._STA]: AE_NOT_FOUND
[   86.643780] device: 'device:05': device_add
[   86.643889] bus: 'acpi': add device device:05
[   86.643964]     utils-0051 util_eval_error       : Evaluate [\_SB_.PCI0.PB3_.VGA_.LCD_._SUN]: AE_NOT_FOUND
[   86.644169]      scan-1933 add_single_object     : Added device:05 [\_SB_.PCI0.PB3_.VGA_.LCD_] parent LNXVIDEO:00
[   86.644350]      scan-1141 get_device_data       : No context for object [ffff88040d83ad48]
[   86.644551]      scan-1141 get_device_data       : No context for object [ffff88040d83ad70]
[   86.644749]      scan-1141 get_device_data       : No context for object [ffff88040d83ad98]
[   86.644946]      scan-1141 get_device_data       : No context for object [ffff88040d83adc0]
[   86.645144]      scan-1141 get_device_data       : No context for object [ffff88040d83ade8]
[   86.645295]      scan-1141 get_device_data       : No context for object [ffff88040d83ae10]
[   86.645472]      scan-1141 get_device_data       : No context for object [ffff88040d83ae38]
[   86.645669]      scan-1141 get_device_data       : No context for object [ffff88040d83ae60]
[   86.645869]     utils-0051 util_eval_error       : Evaluate [\_SB_.PCI0.PB3_.VGA_.TV0_._STA]: AE_NOT_FOUND
[   86.646102] device: 'device:06': device_add
[   86.646164] bus: 'acpi': add device device:06
[   86.646238]     utils-0051 util_eval_error       : Evaluate [\_SB_.PCI0.PB3_.VGA_.TV0_._SUN]: AE_NOT_FOUND
[   86.646422]      scan-1933 add_single_object     : Added device:06 [\_SB_.PCI0.PB3_.VGA_.TV0_] parent LNXVIDEO:00
[   86.646623]      scan-1141 get_device_data       : No context for object [ffff88040d83ae88]
[   86.646821]      scan-1141 get_device_data       : No context for object [ffff88040d83aeb0]
[   86.647018]      scan-1141 get_device_data       : No context for object [ffff88040d83aed8]
[   86.647205]      scan-1141 get_device_data       : No context for object [ffff88040d83af00]
[   86.647402]      scan-1141 get_device_data       : No context for object [ffff88040d83af28]
[   86.647600]     utils-0051 util_eval_error       : Evaluate [\_SB_.PCI0.PB3_.VGA_.HDMI._STA]: AE_NOT_FOUND
[   86.647845] device: 'device:07': device_add
[   86.647954] bus: 'acpi': add device device:07
[   86.648030]     utils-0051 util_eval_error       : Evaluate [\_SB_.PCI0.PB3_.VGA_.HDMI._SUN]: AE_NOT_FOUND
[   86.648215]      scan-1933 add_single_object     : Added device:07 [\_SB_.PCI0.PB3_.VGA_.HDMI] parent LNXVIDEO:00
[   86.648417]      scan-1141 get_device_data       : No context for object [ffff88040d83af50]
[   86.648614]      scan-1141 get_device_data       : No context for object [ffff88040d83af78]
[   86.648812]      scan-1141 get_device_data       : No context for object [ffff88040d83afa0]
[   86.649009]      scan-1141 get_device_data       : No context for object [ffff88040d83afc8]
[   86.649206]      scan-1141 get_device_data       : No context for object [ffff88040d823a00]
[   86.649404]     utils-0051 util_eval_error       : Evaluate [\_SB_.PCI0.PB3_.HDAU._STA]: AE_NOT_FOUND
[   86.649636] device: 'device:08': device_add
[   86.649699] bus: 'acpi': add device device:08
[   86.649773]     utils-0051 util_eval_error       : Evaluate [\_SB_.PCI0.PB3_.HDAU._SUN]: AE_NOT_FOUND
[   86.649977]      scan-1933 add_single_object     : Added device:08 [\_SB_.PCI0.PB3_.HDAU] parent device:03
[   86.650180]      scan-1141 get_device_data       : No context for object [ffff88040d823a28]
[   86.650378]      scan-1141 get_device_data       : No context for object [ffff88040d823a50]
[   86.650575]      scan-1141 get_device_data       : No context for object [ffff88040d823a78]
[   86.650772]      scan-1141 get_device_data       : No context for object [ffff88040d823aa0]
[   86.650969]      scan-1141 get_device_data       : No context for object [ffff88040d823ac8]
[   86.651170]      scan-1141 get_device_data       : No context for object [ffff88040d823af0]
[   86.651348]      scan-1141 get_device_data       : No context for object [ffff88040d823b18]
[   86.651547]     utils-0051 util_eval_error       : Evaluate [\_SB_.PCI0.PB4_._STA]: AE_NOT_FOUND
[   86.651844] device: 'device:09': device_add
[   86.651908] bus: 'acpi': add device device:09
[   86.651983]     utils-0051 util_eval_error       : Evaluate [\_SB_.PCI0.PB4_._SUN]: AE_NOT_FOUND
[   86.652185]      scan-1933 add_single_object     : Added device:09 [\_SB_.PCI0.PB4_] parent PNP0A08:00
[   86.652383]      scan-1141 get_device_data       : No context for object [ffff88040d823b40]
[   86.652581]      scan-1141 get_device_data       : No context for object [ffff88040d823b68]
[   86.652778]      scan-1141 get_device_data       : No context for object [ffff88040d823b90]
[   86.652976]      scan-1141 get_device_data       : No context for object [ffff88040d823bb8]
[   86.653173]      scan-1141 get_device_data       : No context for object [ffff88040d823be0]
[   86.653350]      scan-1141 get_device_data       : No context for object [ffff88040d823c08]
[   86.653548]      scan-1141 get_device_data       : No context for object [ffff88040d823c30]
[   86.653745]      scan-1141 get_device_data       : No context for object [ffff88040d823c58]
[   86.653943]      scan-1141 get_device_data       : No context for object [ffff88040d823c80]
[   86.654141]      scan-1141 get_device_data       : No context for object [ffff88040d823ca8]
[   86.654292]      scan-1141 get_device_data       : No context for object [ffff88040d823cd0]
[   86.654472]      scan-1141 get_device_data       : No context for object [ffff88040d823cf8]
[   86.654670]      scan-1141 get_device_data       : No context for object [ffff88040d823d20]
[   86.654867]      scan-1141 get_device_data       : No context for object [ffff88040d823d48]
[   86.656069]      scan-1141 get_device_data       : No context for object [ffff88040d823d70]
[   86.656245]      scan-1141 get_device_data       : No context for object [ffff88040d823d98]
[   86.656440]      scan-1141 get_device_data       : No context for object [ffff88040d823dc0]
[   86.656633]      scan-1141 get_device_data       : No context for object [ffff88040d823de8]
[   86.656827]      scan-1141 get_device_data       : No context for object [ffff88040d823e10]
[   86.657022]      scan-1141 get_device_data       : No context for object [ffff88040d823e38]
[   86.657208]      scan-1141 get_device_data       : No context for object [ffff88040d823e60]
[   86.657404]      scan-1141 get_device_data       : No context for object [ffff88040d823e88]
[   86.657599]      scan-1141 get_device_data       : No context for object [ffff88040d823eb0]
[   86.657795]      scan-1141 get_device_data       : No context for object [ffff88040d823ed8]
[   86.657990]      scan-1141 get_device_data       : No context for object [ffff88040d823f00]
[   86.658184]      scan-1141 get_device_data       : No context for object [ffff88040d823f28]
[   86.658378]      scan-1141 get_device_data       : No context for object [ffff88040d823f50]
[   86.658571]      scan-1141 get_device_data       : No context for object [ffff88040d823f78]
[   86.658766]      scan-1141 get_device_data       : No context for object [ffff88040d823fa0]
[   86.658960]      scan-1141 get_device_data       : No context for object [ffff88040d823fc8]
[   86.659154]      scan-1141 get_device_data       : No context for object [ffff88040d825000]
[   86.659305]     utils-0051 util_eval_error       : Evaluate [\_SB_.PCI0.PB4_.XPDV._STA]: AE_NOT_FOUND
[   86.659518] device: 'device:0a': device_add
[   86.659580] bus: 'acpi': add device device:0a
[   86.659657]     utils-0051 util_eval_error       : Evaluate [\_SB_.PCI0.PB4_.XPDV._SUN]: AE_NOT_FOUND
[   86.659859]      scan-1933 add_single_object     : Added device:0a [\_SB_.PCI0.PB4_.XPDV] parent device:09
[   86.660059]      scan-1141 get_device_data       : No context for object [ffff88040d825028]
[   86.660236]      scan-1141 get_device_data       : No context for object [ffff88040d825050]
[   86.660433]      scan-1141 get_device_data       : No context for object [ffff88040d825078]
[   86.660631]      scan-1141 get_device_data       : No context for object [ffff88040d8250a0]
[   86.660828]      scan-1141 get_device_data       : No context for object [ffff88040d8250c8]
[   86.661026]      scan-1141 get_device_data       : No context for object [ffff88040d837500]
[   86.661210]      scan-1141 get_device_data       : No context for object [ffff88040d8250f0]
[   86.661407]      scan-1141 get_device_data       : No context for object [ffff88040d825118]
[   86.661607]     utils-0051 util_eval_error       : Evaluate [\_SB_.PCI0.PB5_._STA]: AE_NOT_FOUND
[   86.661901] device: 'device:0b': device_add
[   86.661964] bus: 'acpi': add device device:0b
[   86.662039]     utils-0051 util_eval_error       : Evaluate [\_SB_.PCI0.PB5_._SUN]: AE_NOT_FOUND
[   86.662223]      scan-1933 add_single_object     : Added device:0b [\_SB_.PCI0.PB5_] parent PNP0A08:00
[   86.662425]      scan-1141 get_device_data       : No context for object [ffff88040d825140]
[   86.662622]      scan-1141 get_device_data       : No context for object [ffff88040d825168]
[   86.662819]      scan-1141 get_device_data       : No context for object [ffff88040d825190]
[   86.663017]      scan-1141 get_device_data       : No context for object [ffff88040d8251b8]
[   86.663210]      scan-1141 get_device_data       : No context for object [ffff88040d8251e0]
[   86.663407]      scan-1141 get_device_data       : No context for object [ffff88040d825208]
[   86.663605]      scan-1141 get_device_data       : No context for object [ffff88040d825230]
[   86.663803]      scan-1141 get_device_data       : No context for object [ffff88040d825258]
[   86.664000]      scan-1141 get_device_data       : No context for object [ffff88040d825280]
[   86.664198]      scan-1141 get_device_data       : No context for object [ffff88040d8252a8]
[   86.664396]      scan-1141 get_device_data       : No context for object [ffff88040d8252d0]
[   86.664596]      scan-1141 get_device_data       : No context for object [ffff88040d8252f8]
[   86.664794]      scan-1141 get_device_data       : No context for object [ffff88040d825320]
[   86.664991]      scan-1141 get_device_data       : No context for object [ffff88040d825348]
[   86.665189]      scan-1141 get_device_data       : No context for object [ffff88040d825370]
[   86.665386]      scan-1141 get_device_data       : No context for object [ffff88040d825398]
[   86.665583]      scan-1141 get_device_data       : No context for object [ffff88040d8253c0]
[   86.665780]      scan-1141 get_device_data       : No context for object [ffff88040d8253e8]
[   86.665978]      scan-1141 get_device_data       : No context for object [ffff88040d825410]
[   86.666175]      scan-1141 get_device_data       : No context for object [ffff88040d825438]
[   86.666353]      scan-1141 get_device_data       : No context for object [ffff88040d825460]
[   86.666551]      scan-1141 get_device_data       : No context for object [ffff88040d825488]
[   86.666749]      scan-1141 get_device_data       : No context for object [ffff88040d8254b0]
[   86.666946]      scan-1141 get_device_data       : No context for object [ffff88040d8254d8]
[   86.667143]      scan-1141 get_device_data       : No context for object [ffff88040d825500]
[   86.667295]      scan-1141 get_device_data       : No context for object [ffff88040d825528]
[   86.667471]      scan-1141 get_device_data       : No context for object [ffff88040d825550]
[   86.667669]      scan-1141 get_device_data       : No context for object [ffff88040d825578]
[   86.667867]      scan-1141 get_device_data       : No context for object [ffff88040d8255a0]
[   86.668062]      scan-1141 get_device_data       : No context for object [ffff88040d8255c8]
[   86.668239]      scan-1141 get_device_data       : No context for object [ffff88040d8255f0]
[   86.668439]     utils-0051 util_eval_error       : Evaluate [\_SB_.PCI0.PB5_.XPDV._STA]: AE_NOT_FOUND
[   86.668673] device: 'device:0c': device_add
[   86.668736] bus: 'acpi': add device device:0c
[   86.668810]     utils-0051 util_eval_error       : Evaluate [\_SB_.PCI0.PB5_.XPDV._SUN]: AE_NOT_FOUND
[   86.669015]      scan-1933 add_single_object     : Added device:0c [\_SB_.PCI0.PB5_.XPDV] parent device:0b
[   86.669215]      scan-1141 get_device_data       : No context for object [ffff88040d825618]
[   86.669412]      scan-1141 get_device_data       : No context for object [ffff88040d825640]
[   86.669609]      scan-1141 get_device_data       : No context for object [ffff88040d825668]
[   86.669807]      scan-1141 get_device_data       : No context for object [ffff88040d825690]
[   86.670004]      scan-1141 get_device_data       : No context for object [ffff88040d8256b8]
[   86.670202]      scan-1141 get_device_data       : No context for object [ffff88040d837528]
[   86.670399]      scan-1141 get_device_data       : No context for object [ffff88040d8256e0]
[   86.670597]      scan-1141 get_device_data       : No context for object [ffff88040d825708]
[   86.670796]     utils-0051 util_eval_error       : Evaluate [\_SB_.PCI0.PB6_._STA]: AE_NOT_FOUND
[   86.671094] device: 'device:0d': device_add
[   86.671159] bus: 'acpi': add device device:0d
[   86.671234]     utils-0051 util_eval_error       : Evaluate [\_SB_.PCI0.PB6_._SUN]: AE_NOT_FOUND
[   86.671418]      scan-1933 add_single_object     : Added device:0d [\_SB_.PCI0.PB6_] parent PNP0A08:00
[   86.671620]      scan-1141 get_device_data       : No context for object [ffff88040d825730]
[   86.671817]      scan-1141 get_device_data       : No context for object [ffff88040d825758]
[   86.672014]      scan-1141 get_device_data       : No context for object [ffff88040d825780]
[   86.672211]      scan-1141 get_device_data       : No context for object [ffff88040d8257a8]
[   86.672408]      scan-1141 get_device_data       : No context for object [ffff88040d8257d0]
[   86.672606]      scan-1141 get_device_data       : No context for object [ffff88040d8257f8]
[   86.672801]      scan-1141 get_device_data       : No context for object [ffff88040d825820]
[   86.672994]      scan-1141 get_device_data       : No context for object [ffff88040d825848]
[   86.673190]      scan-1141 get_device_data       : No context for object [ffff88040d825870]
[   86.673385]      scan-1141 get_device_data       : No context for object [ffff88040d825898]
[   86.674504]      scan-1141 get_device_data       : No context for object [ffff88040d8258c0]
[   86.674698]      scan-1141 get_device_data       : No context for object [ffff88040d8258e8]
[   86.674892]      scan-1141 get_device_data       : No context for object [ffff88040d825910]
[   86.675088]      scan-1141 get_device_data       : No context for object [ffff88040d825938]
[   86.675265]      scan-1141 get_device_data       : No context for object [ffff88040d825960]
[   86.675461]      scan-1141 get_device_data       : No context for object [ffff88040d825988]
[   86.675656]      scan-1141 get_device_data       : No context for object [ffff88040d8259b0]
[   86.675851]      scan-1141 get_device_data       : No context for object [ffff88040d8259d8]
[   86.676045]      scan-1141 get_device_data       : No context for object [ffff88040d825a00]
[   86.676222]      scan-1141 get_device_data       : No context for object [ffff88040d825a28]
[   86.676417]      scan-1141 get_device_data       : No context for object [ffff88040d825a50]
[   86.676613]      scan-1141 get_device_data       : No context for object [ffff88040d825a78]
[   86.676808]      scan-1141 get_device_data       : No context for object [ffff88040d825aa0]
[   86.677005]      scan-1141 get_device_data       : No context for object [ffff88040d825ac8]
[   86.677203]      scan-1141 get_device_data       : No context for object [ffff88040d825af0]
[   86.677400]      scan-1141 get_device_data       : No context for object [ffff88040d825b18]
[   86.677598]      scan-1141 get_device_data       : No context for object [ffff88040d825b40]
[   86.677797]      scan-1141 get_device_data       : No context for object [ffff88040d825b68]
[   86.677996]      scan-1141 get_device_data       : No context for object [ffff88040d825b90]
[   86.678193]      scan-1141 get_device_data       : No context for object [ffff88040d825bb8]
[   86.678391]      scan-1141 get_device_data       : No context for object [ffff88040d825be0]
[   86.678589]     utils-0051 util_eval_error       : Evaluate [\_SB_.PCI0.PB6_.XPDV._STA]: AE_NOT_FOUND
[   86.678822] device: 'device:0e': device_add
[   86.678885] bus: 'acpi': add device device:0e
[   86.678959]     utils-0051 util_eval_error       : Evaluate [\_SB_.PCI0.PB6_.XPDV._SUN]: AE_NOT_FOUND
[   86.679164]      scan-1933 add_single_object     : Added device:0e [\_SB_.PCI0.PB6_.XPDV] parent device:0d
[   86.679351]      scan-1141 get_device_data       : No context for object [ffff88040d825c08]
[   86.679548]      scan-1141 get_device_data       : No context for object [ffff88040d825c30]
[   86.679745]      scan-1141 get_device_data       : No context for object [ffff88040d825c58]
[   86.679942]      scan-1141 get_device_data       : No context for object [ffff88040d825c80]
[   86.680140]      scan-1141 get_device_data       : No context for object [ffff88040d825ca8]
[   86.680291]      scan-1141 get_device_data       : No context for object [ffff88040d837550]
[   86.680468]      scan-1141 get_device_data       : No context for object [ffff88040d825cd0]
[   86.680665]      scan-1141 get_device_data       : No context for object [ffff88040d825cf8]
[   86.680864]     utils-0051 util_eval_error       : Evaluate [\_SB_.PCI0.PB7_._STA]: AE_NOT_FOUND
[   86.681161] device: 'device:0f': device_add
[   86.681224] bus: 'acpi': add device device:0f
[   86.681301]     utils-0051 util_eval_error       : Evaluate [\_SB_.PCI0.PB7_._SUN]: AE_NOT_FOUND
[   86.681486]      scan-1933 add_single_object     : Added device:0f [\_SB_.PCI0.PB7_] parent PNP0A08:00
[   86.681687]      scan-1141 get_device_data       : No context for object [ffff88040d825d20]
[   86.681885]      scan-1141 get_device_data       : No context for object [ffff88040d825d48]
[   86.682083]      scan-1141 get_device_data       : No context for object [ffff88040d825d70]
[   86.682260]      scan-1141 get_device_data       : No context for object [ffff88040d825d98]
[   86.682457]      scan-1141 get_device_data       : No context for object [ffff88040d825dc0]
[   86.682656]      scan-1141 get_device_data       : No context for object [ffff88040d825de8]
[   86.682853]      scan-1141 get_device_data       : No context for object [ffff88040d825e10]
[   86.683051]      scan-1141 get_device_data       : No context for object [ffff88040d825e38]
[   86.683228]      scan-1141 get_device_data       : No context for object [ffff88040d825e60]
[   86.683425]      scan-1141 get_device_data       : No context for object [ffff88040d825e88]
[   86.683622]      scan-1141 get_device_data       : No context for object [ffff88040d825eb0]
[   86.683819]      scan-1141 get_device_data       : No context for object [ffff88040d825ed8]
[   86.684017]      scan-1141 get_device_data       : No context for object [ffff88040d825f00]
[   86.684214]      scan-1141 get_device_data       : No context for object [ffff88040d825f28]
[   86.684415]      scan-1141 get_device_data       : No context for object [ffff88040d825f50]
[   86.684613]      scan-1141 get_device_data       : No context for object [ffff88040d825f78]
[   86.684810]      scan-1141 get_device_data       : No context for object [ffff88040d825fa0]
[   86.685007]      scan-1141 get_device_data       : No context for object [ffff88040d825fc8]
[   86.685204]      scan-1141 get_device_data       : No context for object [ffff88040d827000]
[   86.685401]      scan-1141 get_device_data       : No context for object [ffff88040d827028]
[   86.685598]      scan-1141 get_device_data       : No context for object [ffff88040d827050]
[   86.685796]      scan-1141 get_device_data       : No context for object [ffff88040d827078]
[   86.685993]      scan-1141 get_device_data       : No context for object [ffff88040d8270a0]
[   86.686191]      scan-1141 get_device_data       : No context for object [ffff88040d8270c8]
[   86.686389]      scan-1141 get_device_data       : No context for object [ffff88040d8270f0]
[   86.686586]      scan-1141 get_device_data       : No context for object [ffff88040d827118]
[   86.686784]      scan-1141 get_device_data       : No context for object [ffff88040d827140]
[   86.686981]      scan-1141 get_device_data       : No context for object [ffff88040d827168]
[   86.687178]      scan-1141 get_device_data       : No context for object [ffff88040d827190]
[   86.687355]      scan-1141 get_device_data       : No context for object [ffff88040d8271b8]
[   86.687553]      scan-1141 get_device_data       : No context for object [ffff88040d8271e0]
[   86.687753]     utils-0051 util_eval_error       : Evaluate [\_SB_.PCI0.PB7_.XPDV._STA]: AE_NOT_FOUND
[   86.687987] device: 'device:10': device_add
[   86.688050] bus: 'acpi': add device device:10
[   86.688124]     utils-0051 util_eval_error       : Evaluate [\_SB_.PCI0.PB7_.XPDV._SUN]: AE_NOT_FOUND
[   86.688282]      scan-1933 add_single_object     : Added device:10 [\_SB_.PCI0.PB7_.XPDV] parent device:0f
[   86.688463]      scan-1141 get_device_data       : No context for object [ffff88040d827208]
[   86.688660]      scan-1141 get_device_data       : No context for object [ffff88040d827230]
[   86.688857]      scan-1141 get_device_data       : No context for object [ffff88040d827258]
[   86.689054]      scan-1141 get_device_data       : No context for object [ffff88040d827280]
[   86.689231]      scan-1141 get_device_data       : No context for object [ffff88040d8272a8]
[   86.689426]      scan-1141 get_device_data       : No context for object [ffff88040d837488]
[   86.689620]      scan-1141 get_device_data       : No context for object [ffff88040d8272d0]
[   86.689816]      scan-1141 get_device_data       : No context for object [ffff88040d8272f8]
[   86.690012]     utils-0051 util_eval_error       : Evaluate [\_SB_.PCI0.OHC1._STA]: AE_NOT_FOUND
[   86.690254] device: 'device:11': device_add
[   86.690314] bus: 'acpi': add device device:11
[   86.690387]     utils-0051 util_eval_error       : Evaluate [\_SB_.PCI0.OHC1._SUN]: AE_NOT_FOUND
[   86.690588]      scan-1933 add_single_object     : Added device:11 [\_SB_.PCI0.OHC1] parent PNP0A08:00
[   86.690786]      scan-1141 get_device_data       : No context for object [ffff88040d827320]
[   86.690981]      scan-1141 get_device_data       : No context for object [ffff88040d827348]
[   86.691180]      scan-1141 get_device_data       : No context for object [ffff88040d83b2f8]
[   86.691359]     utils-0051 util_eval_error       : Evaluate [\_SB_.PCI0.OHC1.RHUB._STA]: AE_NOT_FOUND
[   86.691591] device: 'device:12': device_add
[   86.691701] bus: 'acpi': add device device:12
[   86.691775]     utils-0051 util_eval_error       : Evaluate [\_SB_.PCI0.OHC1.RHUB._SUN]: AE_NOT_FOUND
[   86.692900]      scan-1933 add_single_object     : Added device:12 [\_SB_.PCI0.OHC1.RHUB] parent device:11
[   86.693098]      scan-1141 get_device_data       : No context for object [ffff88040d83b320]
[   86.693275]      scan-1141 get_device_data       : No context for object [ffff88040d83b348]
[   86.693470]     utils-0051 util_eval_error       : Evaluate [\_SB_.PCI0.OHC1.RHUB.PRT3._STA]: AE_NOT_FOUND
[   86.693700] device: 'device:13': device_add
[   86.693763] bus: 'acpi': add device device:13
[   86.693837]     utils-0051 util_eval_error       : Evaluate [\_SB_.PCI0.OHC1.RHUB.PRT3._SUN]: AE_NOT_FOUND
[   86.694043]      scan-1933 add_single_object     : Added device:13 [\_SB_.PCI0.OHC1.RHUB.PRT3] parent device:12
[   86.694223]      scan-1141 get_device_data       : No context for object [ffff88040d83b370]
[   86.694425]      scan-1141 get_device_data       : No context for object [ffff88040d83b398]
[   86.694622]      scan-1141 get_device_data       : No context for object [ffff88040d83b3c0]
[   86.694819]      scan-1141 get_device_data       : No context for object [ffff88040d83b3e8]
[   86.695017]     utils-0051 util_eval_error       : Evaluate [\_SB_.PCI0.OHC1.RHUB.PRT4._STA]: AE_NOT_FOUND
[   86.695251] device: 'device:14': device_add
[   86.695313] bus: 'acpi': add device device:14
[   86.695388]     utils-0051 util_eval_error       : Evaluate [\_SB_.PCI0.OHC1.RHUB.PRT4._SUN]: AE_NOT_FOUND
[   86.695593]      scan-1933 add_single_object     : Added device:14 [\_SB_.PCI0.OHC1.RHUB.PRT4] parent device:12
[   86.695796]      scan-1141 get_device_data       : No context for object [ffff88040d83b410]
[   86.695993]      scan-1141 get_device_data       : No context for object [ffff88040d83b438]
[   86.696191]      scan-1141 get_device_data       : No context for object [ffff88040d83b460]
[   86.696389]      scan-1141 get_device_data       : No context for object [ffff88040d827370]
[   86.696587]     utils-0051 util_eval_error       : Evaluate [\_SB_.PCI0.EHC1._STA]: AE_NOT_FOUND
[   86.696830] device: 'device:15': device_add
[   86.696893] bus: 'acpi': add device device:15
[   86.696969]     utils-0051 util_eval_error       : Evaluate [\_SB_.PCI0.EHC1._SUN]: AE_NOT_FOUND
[   86.697174]      scan-1933 add_single_object     : Added device:15 [\_SB_.PCI0.EHC1] parent PNP0A08:00
[   86.697357]      scan-1141 get_device_data       : No context for object [ffff88040d827398]
[   86.697554]      scan-1141 get_device_data       : No context for object [ffff88040d8273c0]
[   86.697755]      scan-1141 get_device_data       : No context for object [ffff88040d83b028]
[   86.697954]     utils-0051 util_eval_error       : Evaluate [\_SB_.PCI0.EHC1.RHUB._STA]: AE_NOT_FOUND
[   86.698187] device: 'device:16': device_add
[   86.698250] bus: 'acpi': add device device:16
[   86.698324]     utils-0051 util_eval_error       : Evaluate [\_SB_.PCI0.EHC1.RHUB._SUN]: AE_NOT_FOUND
[   86.698508]      scan-1933 add_single_object     : Added device:16 [\_SB_.PCI0.EHC1.RHUB] parent device:15
[   86.698710]      scan-1141 get_device_data       : No context for object [ffff88040d83b050]
[   86.698907]      scan-1141 get_device_data       : No context for object [ffff88040d83b078]
[   86.699105]     utils-0051 util_eval_error       : Evaluate [\_SB_.PCI0.EHC1.RHUB.PRT3._STA]: AE_NOT_FOUND
[   86.699302] device: 'device:17': device_add
[   86.699361] bus: 'acpi': add device device:17
[   86.699434]     utils-0051 util_eval_error       : Evaluate [\_SB_.PCI0.EHC1.RHUB.PRT3._SUN]: AE_NOT_FOUND
[   86.699640]      scan-1933 add_single_object     : Added device:17 [\_SB_.PCI0.EHC1.RHUB.PRT3] parent device:16
[   86.699842]      scan-1141 get_device_data       : No context for object [ffff88040d83b0a0]
[   86.700039]      scan-1141 get_device_data       : No context for object [ffff88040d83b0c8]
[   86.700222]      scan-1141 get_device_data       : No context for object [ffff88040d83b0f0]
[   86.700420]      scan-1141 get_device_data       : No context for object [ffff88040d83b118]
[   86.700618]     utils-0051 util_eval_error       : Evaluate [\_SB_.PCI0.EHC1.RHUB.PRT4._STA]: AE_NOT_FOUND
[   86.700852] device: 'device:18': device_add
[   86.700914] bus: 'acpi': add device device:18
[   86.700990]     utils-0051 util_eval_error       : Evaluate [\_SB_.PCI0.EHC1.RHUB.PRT4._SUN]: AE_NOT_FOUND
[   86.701200]      scan-1933 add_single_object     : Added device:18 [\_SB_.PCI0.EHC1.RHUB.PRT4] parent device:16
[   86.701380]      scan-1141 get_device_data       : No context for object [ffff88040d83b140]
[   86.701578]      scan-1141 get_device_data       : No context for object [ffff88040d83b168]
[   86.701775]      scan-1141 get_device_data       : No context for object [ffff88040d83b190]
[   86.701973]      scan-1141 get_device_data       : No context for object [ffff88040d8273e8]
[   86.702172]     utils-0051 util_eval_error       : Evaluate [\_SB_.PCI0.OHC2._STA]: AE_NOT_FOUND
[   86.702369] device: 'device:19': device_add
[   86.702432] bus: 'acpi': add device device:19
[   86.702506]     utils-0051 util_eval_error       : Evaluate [\_SB_.PCI0.OHC2._SUN]: AE_NOT_FOUND
[   86.702689]      scan-1933 add_single_object     : Added device:19 [\_SB_.PCI0.OHC2] parent PNP0A08:00
[   86.702890]      scan-1141 get_device_data       : No context for object [ffff88040d827410]
[   86.703087]      scan-1141 get_device_data       : No context for object [ffff88040d827438]
[   86.703264]      scan-1141 get_device_data       : No context for object [ffff88040d83b488]
[   86.703463]     utils-0051 util_eval_error       : Evaluate [\_SB_.PCI0.OHC2.RHUB._STA]: AE_NOT_FOUND
[   86.703695] device: 'device:1a': device_add
[   86.703758] bus: 'acpi': add device device:1a
[   86.703832]     utils-0051 util_eval_error       : Evaluate [\_SB_.PCI0.OHC2.RHUB._SUN]: AE_NOT_FOUND
[   86.704037]      scan-1933 add_single_object     : Added device:1a [\_SB_.PCI0.OHC2.RHUB] parent device:19
[   86.704226]      scan-1141 get_device_data       : No context for object [ffff88040d83b4b0]
[   86.704427]      scan-1141 get_device_data       : No context for object [ffff88040d83b4d8]
[   86.704625]     utils-0051 util_eval_error       : Evaluate [\_SB_.PCI0.OHC2.RHUB.PRT4._STA]: AE_NOT_FOUND
[   86.704858] device: 'device:1b': device_add
[   86.704920] bus: 'acpi': add device device:1b
[   86.704996]     utils-0051 util_eval_error       : Evaluate [\_SB_.PCI0.OHC2.RHUB.PRT4._SUN]: AE_NOT_FOUND
[   86.705202]      scan-1933 add_single_object     : Added device:1b [\_SB_.PCI0.OHC2.RHUB.PRT4] parent device:1a
[   86.705404]      scan-1141 get_device_data       : No context for object [ffff88040d83b500]
[   86.705602]      scan-1141 get_device_data       : No context for object [ffff88040d83b528]
[   86.705800]      scan-1141 get_device_data       : No context for object [ffff88040d83b550]
[   86.705998]      scan-1141 get_device_data       : No context for object [ffff88040d827460]
[   86.706194]     utils-0051 util_eval_error       : Evaluate [\_SB_.PCI0.EHC2._STA]: AE_NOT_FOUND
[   86.706436] device: 'device:1c': device_add
[   86.706498] bus: 'acpi': add device device:1c
[   86.706570]     utils-0051 util_eval_error       : Evaluate [\_SB_.PCI0.EHC2._SUN]: AE_NOT_FOUND
[   86.706771]      scan-1933 add_single_object     : Added device:1c [\_SB_.PCI0.EHC2] parent PNP0A08:00
[   86.706969]      scan-1141 get_device_data       : No context for object [ffff88040d827488]
[   86.707164]      scan-1141 get_device_data       : No context for object [ffff88040d8274b0]
[   86.707312]      scan-1141 get_device_data       : No context for object [ffff88040d83b1b8]
[   86.707490]     utils-0051 util_eval_error       : Evaluate [\_SB_.PCI0.EHC2.RHUB._STA]: AE_NOT_FOUND
[   86.707719] device: 'device:1d': device_add
[   86.707784] bus: 'acpi': add device device:1d
[   86.707858]     utils-0051 util_eval_error       : Evaluate [\_SB_.PCI0.EHC2.RHUB._SUN]: AE_NOT_FOUND
[   86.708060]      scan-1933 add_single_object     : Added device:1d [\_SB_.PCI0.EHC2.RHUB] parent device:1c
[   86.708240]      scan-1141 get_device_data       : No context for object [ffff88040d83b1e0]
[   86.708436]      scan-1141 get_device_data       : No context for object [ffff88040d83b208]
[   86.708631]     utils-0051 util_eval_error       : Evaluate [\_SB_.PCI0.EHC2.RHUB.PRT2._STA]: AE_NOT_FOUND
[   86.708861] device: 'device:1e': device_add
[   86.708925] bus: 'acpi': add device device:1e
[   86.708998]     utils-0051 util_eval_error       : Evaluate [\_SB_.PCI0.EHC2.RHUB.PRT2._SUN]: AE_NOT_FOUND
[   86.709201]      scan-1933 add_single_object     : Added device:1e [\_SB_.PCI0.EHC2.RHUB.PRT2] parent device:1d
[   86.709401]      scan-1141 get_device_data       : No context for object [ffff88040d83b230]
[   86.709597]      scan-1141 get_device_data       : No context for object [ffff88040d83b258]
[   86.709792]      scan-1141 get_device_data       : No context for object [ffff88040d83b280]
[   86.709988]      scan-1141 get_device_data       : No context for object [ffff88040d8274d8]
