[    0.000000] Initializing cgroup subsys cpuset
[    0.000000] Initializing cgroup subsys cpu
[    0.000000] Initializing cgroup subsys cpuacct
[    0.000000] Linux version 3.17.0-rc2-gfd5984d (emacs@manji) (gcc version 4.9.1 (GCC) ) #44 SMP Sun Aug 31 14:36:06 CEST 2014
[    0.000000] Command line: BOOT_IMAGE=/vmlinuz-linux-git root=UUID=bfa4ab6e-19a3-4601-ba2b-267c55841c73 rw cryptdevice=/dev/disk/by-uuid/70c08890-417a-497d-b6ab-c0d0357a63e2:cryptManjaro:allow-discards ipv6.disable=1 pnp.debug=1 loglevel=9 log_buf_len=10M printk.always_kmsg_dump=y printk.time=y mminit_loglevel=0 memory_corruption_check=1 acpi.debug_layer=0xfbff0000 acpi.debug_level=0xFFFFFFFD pnp.debug=1 nohz=on rcu_nocbs=1-3 pcie_aspm=force fbcon=scrollback:4096k fbcon=font:ProFont6x11 radeon.audio=0 radeon.lockup_timeout=0 radeon.test=0 radeon.agpmode=-1 radeon.benchmark=0 radeon.tv=0 radeon.hard_reset=1 radeon.aspm=1 radeon.dpm=1 radeon.msi=1 radeon.pcie_gen2=-1 radeon.no_wb=1 radeon.modeset=1 radeon.dynclks=1 radeon.r4xx_atom=0 radeon.runpm=0 radeonfb radeon.fastfb=1 nomodeset
[    0.000000] KERNEL supported cpus:
[    0.000000]   AMD AuthenticAMD
[    0.000000] tseg: 00bfe00000
[    0.000000] e820: BIOS-provided physical RAM map:
[    0.000000] BIOS-e820: [mem 0x0000000000000000-0x000000000009d7ff] usable
[    0.000000] BIOS-e820: [mem 0x000000000009d800-0x000000000009ffff] reserved
[    0.000000] BIOS-e820: [mem 0x00000000000e0000-0x00000000000fffff] reserved
[    0.000000] BIOS-e820: [mem 0x0000000000100000-0x00000000bed9afff] usable
[    0.000000] BIOS-e820: [mem 0x00000000bed9b000-0x00000000bf39afff] reserved
[    0.000000] BIOS-e820: [mem 0x00000000bf39b000-0x00000000bf49afff] ACPI NVS
[    0.000000] BIOS-e820: [mem 0x00000000bf49b000-0x00000000bf51afff] ACPI data
[    0.000000] BIOS-e820: [mem 0x00000000bf51b000-0x00000000bfdfffff] usable
[    0.000000] BIOS-e820: [mem 0x00000000bfe00000-0x00000000bfffffff] reserved
[    0.000000] BIOS-e820: [mem 0x00000000fec00000-0x00000000fecfffff] reserved
[    0.000000] BIOS-e820: [mem 0x00000000fed80000-0x00000000fed80fff] reserved
[    0.000000] BIOS-e820: [mem 0x00000000ffe00000-0x00000000ffffffff] reserved
[    0.000000] BIOS-e820: [mem 0x0000000100000000-0x000000041effffff] usable
[    0.000000] NX (Execute Disable) protection: active
[    0.000000] SMBIOS 2.6 present.
[    0.000000] DMI: LENOVO Sabine/Torpedo, BIOS 54CN18WW 07/20/2011
[    0.000000] e820: update [mem 0x00000000-0x00000fff] usable ==> reserved
[    0.000000] e820: remove [mem 0x000a0000-0x000fffff] usable
[    0.000000] e820: last_pfn = 0x41f000 max_arch_pfn = 0x400000000
[    0.000000] MTRR default type: uncachable
[    0.000000] MTRR fixed ranges enabled:
[    0.000000]   00000-9FFFF write-back
[    0.000000]   A0000-BFFFF uncachable
[    0.000000]   C0000-FFFFF write-protect
[    0.000000] MTRR variable ranges enabled:
[    0.000000]   0 base 0000000000 mask FF80000000 write-back
[    0.000000]   1 base 0080000000 mask FFC0000000 write-back
[    0.000000]   2 base 00FFF90000 mask FFFFFF0000 uncachable
[    0.000000]   3 base 00FED80000 mask 0FFFFFF000 uncachable
[    0.000000]   4 disabled
[    0.000000]   5 disabled
[    0.000000]   6 disabled
[    0.000000]   7 base 00FFE00000 mask FFFFE00000 write-protect
[    0.000000] TOM2: 000000041f000000 aka 16880M
[    0.000000] mtrr: your BIOS has configured an incorrect mask, fixing it.
[    0.000000] e820: last_pfn = 0xbfe00 max_arch_pfn = 0x400000000
[    0.000000] found SMP MP-table at [mem 0x000fa8b0-0x000fa8bf] mapped at [ffff8800000fa8b0]
[    0.000000] Base memory trampoline at [ffff880000097000] 97000 size 24576
[    0.000000] Using GB pages for direct mapping
[    0.000000] init_memory_mapping: [mem 0x00000000-0x000fffff]
[    0.000000]  [mem 0x00000000-0x000fffff] page 4k
[    0.000000] BRK [0x01e17000, 0x01e17fff] PGTABLE
[    0.000000] BRK [0x01e18000, 0x01e18fff] PGTABLE
[    0.000000] BRK [0x01e19000, 0x01e19fff] PGTABLE
[    0.000000] init_memory_mapping: [mem 0x41ee00000-0x41effffff]
[    0.000000]  [mem 0x41ee00000-0x41effffff] page 2M
[    0.000000] BRK [0x01e1a000, 0x01e1afff] PGTABLE
[    0.000000] init_memory_mapping: [mem 0x41c000000-0x41edfffff]
[    0.000000]  [mem 0x41c000000-0x41edfffff] page 2M
[    0.000000] init_memory_mapping: [mem 0x400000000-0x41bffffff]
[    0.000000]  [mem 0x400000000-0x41bffffff] page 2M
[    0.000000] init_memory_mapping: [mem 0x00100000-0xbed9afff]
[    0.000000]  [mem 0x00100000-0x001fffff] page 4k
[    0.000000]  [mem 0x00200000-0x3fffffff] page 2M
[    0.000000]  [mem 0x40000000-0x7fffffff] page 1G
[    0.000000]  [mem 0x80000000-0xbebfffff] page 2M
[    0.000000]  [mem 0xbec00000-0xbed9afff] page 4k
[    0.000000] init_memory_mapping: [mem 0xbf51b000-0xbfdfffff]
[    0.000000]  [mem 0xbf51b000-0xbf5fffff] page 4k
[    0.000000]  [mem 0xbf600000-0xbfdfffff] page 2M
[    0.000000] BRK [0x01e1b000, 0x01e1bfff] PGTABLE
[    0.000000] init_memory_mapping: [mem 0x100000000-0x3ffffffff]
[    0.000000]  [mem 0x100000000-0x3ffffffff] page 1G
[    0.000000] log_buf_len: 16777216 bytes
[    0.000000] early log buf free: 2092044(99%)
[    0.000000] RAMDISK: [mem 0x3782c000-0x37c0dfff]
[    0.000000] ACPI: Early table checksum verification disabled
[    0.000000] ACPI: RSDP 0x00000000000F0110 000024 (v02 LENOVO)
[    0.000000] ACPI: XSDT 0x00000000BF51A120 000074 (v01 LENOVO CB-01    00000001 LENO 00000001)
[    0.000000] ACPI: FACP 0x00000000BF508000 0000F4 (v04 LENOVO CB-01    00000001 PTL  00000001)
[    0.000000] ACPI: DSDT 0x00000000BF50A000 00FD10 (v01 LENOVO CB-01    00001000 LENO 00000001)
[    0.000000] ACPI: FACS 0x00000000BF478000 000040
[    0.000000] ACPI: HPET 0x00000000BF507000 000038 (v01 LENOVO CB-01    00000001 PTL  00000001)
[    0.000000] ACPI: APIC 0x00000000BF506000 00007A (v02 LENOVO CB-01    00000001 PTL  00000001)
[    0.000000] ACPI: MCFG 0x00000000BF505000 00003C (v01 LENOVO CB-01    00000001 PTL  00000001)
[    0.000000] ACPI: SLIC 0x00000000BF504000 000176 (v01 LENOVO CB-01    00000001 LENO 00000001)
[    0.000000] ACPI: UEFI 0x00000000BF503000 00003E (v01 LENOVO CB-01    00000001 PTL  00000001)
[    0.000000] ACPI: UEFI 0x00000000BF502000 000042 (v01 PTL    COMBUF   00000001 PTL  00000001)
[    0.000000] ACPI: SSDT 0x00000000BF501000 000E34 (v01 AMD    POWERNOW 00000001 AMD  00000001)
[    0.000000] ACPI: SSDT 0x00000000BF4FF000 00193D (v02 AMD    ALIB     00000001 MSFT 04000000)
[    0.000000] ACPI: UEFI 0x00000000BF4FE000 00021A (v01 LENOVO CB-01    00000001 PTL  00000001)
[    0.000000] ACPI: Local APIC address 0xfee00000
[    0.000000] No NUMA configuration found
[    0.000000] Faking a node at [mem 0x0000000000000000-0x000000041effffff]
[    0.000000] Initmem setup node 0 [mem 0x00000000-0x41effffff]
[    0.000000]   NODE_DATA [mem 0x41dffa000-0x41dffdfff]
[    0.000000]  [ffffea0000000000-ffffea00107fffff] PMD -> [ffff88040de00000-ffff88041d5fffff] on node 0
[    0.000000] Zone ranges:
[    0.000000]   DMA      [mem 0x00001000-0x00ffffff]
[    0.000000]   DMA32    [mem 0x01000000-0xffffffff]
[    0.000000]   Normal   [mem 0x100000000-0x41effffff]
[    0.000000] Movable zone start for each node
[    0.000000] Early memory node ranges
[    0.000000]   node   0: [mem 0x00001000-0x0009cfff]
[    0.000000]   node   0: [mem 0x00100000-0xbed9afff]
[    0.000000]   node   0: [mem 0xbf51b000-0xbfdfffff]
[    0.000000]   node   0: [mem 0x100000000-0x41effffff]
[    0.000000] On node 0 totalpages: 4056604
[    0.000000]   DMA zone: 64 pages used for memmap
[    0.000000]   DMA zone: 21 pages reserved
[    0.000000]   DMA zone: 3996 pages, LIFO batch:0
[    0.000000]   DMA32 zone: 12186 pages used for memmap
[    0.000000]   DMA32 zone: 779904 pages, LIFO batch:31
[    0.000000]   Normal zone: 51136 pages used for memmap
[    0.000000]   Normal zone: 3272704 pages, LIFO batch:31
[    0.000000] ACPI: PM-Timer IO Port: 0x808
[    0.000000] ACPI: Local APIC address 0xfee00000
[    0.000000] ACPI: LAPIC (acpi_id[0x00] lapic_id[0x00] enabled)
[    0.000000] ACPI: LAPIC (acpi_id[0x01] lapic_id[0x01] enabled)
[    0.000000] ACPI: LAPIC (acpi_id[0x02] lapic_id[0x02] enabled)
[    0.000000] ACPI: LAPIC (acpi_id[0x03] lapic_id[0x03] enabled)
[    0.000000] ACPI: LAPIC_NMI (acpi_id[0x00] high edge lint[0x1])
[    0.000000] ACPI: LAPIC_NMI (acpi_id[0x01] high edge lint[0x1])
[    0.000000] ACPI: LAPIC_NMI (acpi_id[0x02] high edge lint[0x1])
[    0.000000] ACPI: LAPIC_NMI (acpi_id[0x03] high edge lint[0x1])
[    0.000000] ACPI: IOAPIC (id[0x02] address[0xfec00000] gsi_base[0])
[    0.000000] IOAPIC[0]: apic_id 2, version 33, address 0xfec00000, GSI 0-23
[    0.000000] ACPI: INT_SRC_OVR (bus 0 bus_irq 0 global_irq 2 dfl dfl)
[    0.000000] ACPI: IRQ0 used by override.
[    0.000000] ACPI: IRQ9 used by override.
[    0.000000] Using ACPI (MADT) for SMP configuration information
[    0.000000] ACPI: HPET id: 0x43538210 base: 0xfed00000
[    0.000000] smpboot: Allowing 4 CPUs, 0 hotplug CPUs
[    0.000000] e820: [mem 0xc0000000-0xfebfffff] available for PCI devices
[    0.000000] setup_percpu: NR_CPUS:64 nr_cpumask_bits:64 nr_cpu_ids:4 nr_node_ids:1
[    0.000000] PERCPU: Embedded 27 pages/cpu @ffff88041dc00000 s80256 r8192 d22144 u524288
[    0.000000] pcpu-alloc: s80256 r8192 d22144 u524288 alloc=1*2097152
[    0.000000] pcpu-alloc: [0] 0 1 2 3 
[    0.000000] Built 1 zonelists in Zone order, mobility grouping on.  Total pages: 3993197
[    0.000000] Policy zone: Normal
[    0.000000] Kernel command line: BOOT_IMAGE=/vmlinuz-linux-git root=UUID=bfa4ab6e-19a3-4601-ba2b-267c55841c73 rw cryptdevice=/dev/disk/by-uuid/70c08890-417a-497d-b6ab-c0d0357a63e2:cryptManjaro:allow-discards ipv6.disable=1 pnp.debug=1 loglevel=9 log_buf_len=10M printk.always_kmsg_dump=y printk.time=y mminit_loglevel=0 memory_corruption_check=1 acpi.debug_layer=0xfbff0000 acpi.debug_level=0xFFFFFFFD pnp.debug=1 nohz=on rcu_nocbs=1-3 pcie_aspm=force fbcon=scrollback:4096k fbcon=font:ProFont6x11 radeon.audio=0 radeon.lockup_timeout=0 radeon.test=0 radeon.agpmode=-1 radeon.benchmark=0 radeon.tv=0 radeon.hard_reset=1 radeon.aspm=1 radeon.dpm=1 radeon.msi=1 radeon.pcie_gen2=-1 radeon.no_wb=1 radeon.modeset=1 radeon.dynclks=1 radeon.r4xx_atom=0 radeon.runpm=0 radeonfb radeon.fastfb=1 nomodeset
[    0.000000] PCIe ASPM is forcibly enabled
[    0.000000] PID hash table entries: 4096 (order: 3, 32768 bytes)
[    0.000000] Memory: 15870900K/16226416K available (5251K kernel code, 721K rwdata, 2208K rodata, 848K init, 2588K bss, 355516K reserved)
[    0.000000] SLUB: HWalign=64, Order=0-3, MinObjects=0, CPUs=4, Nodes=1
[    0.000000] Hierarchical RCU implementation.
[    0.000000] 	RCU dyntick-idle grace-period acceleration is enabled.
[    0.000000] 	Additional per-CPU info printed with stalls.
[    0.000000] 	RCU restricting CPUs from NR_CPUS=64 to nr_cpu_ids=4.
[    0.000000] 	Offload RCU callbacks from all CPUs
[    0.000000] 	Offload RCU callbacks from CPUs: 0-3.
[    0.000000] RCU: Adjusting geometry for rcu_fanout_leaf=16, nr_cpu_ids=4
[    0.000000] NR_IRQS:4352 nr_irqs:456 0
[    0.000000] spurious 8259A interrupt: IRQ7.
[    0.000000] vgacon: allocated 4194304 bytes of memory for scrollback. CONFIG_VGACON_SOFT_SCROLLBACK_SIZE=4096
[    0.000000] Console: colour VGA+ 80x25
[    0.000000] console [tty0] enabled
[    0.000000] allocated 65011712 bytes of page_cgroup
[    0.000000] please try 'cgroup_disable=memory' option if you don't want memory cgroups
[    0.000000] hpet clockevent registered
[    0.000000] tsc: Fast TSC calibration using PIT
[    0.000000] tsc: Detected 1397.460 MHz processor
[    0.000064] Calibrating delay loop (skipped), value calculated using timer frequency.. 2796.37 BogoMIPS (lpj=4658200)
[    0.000195] pid_max: default: 32768 minimum: 301
[    0.000270] ACPI: Core revision 20140724
[    0.025932] ACPI: All ACPI Tables successfully acquired
[    0.028035] Security Framework initialized
[    0.029711] Dentry cache hash table entries: 2097152 (order: 12, 16777216 bytes)
[    0.036458] Inode-cache hash table entries: 1048576 (order: 11, 8388608 bytes)
[    0.039500] Mount-cache hash table entries: 32768 (order: 6, 262144 bytes)
[    0.039595] Mountpoint-cache hash table entries: 32768 (order: 6, 262144 bytes)
[    0.040198] Initializing cgroup subsys memory
[    0.040318] Initializing cgroup subsys devices
[    0.040385] Initializing cgroup subsys freezer
[    0.040452] Initializing cgroup subsys net_cls
[    0.040519] Initializing cgroup subsys blkio
[    0.040612] CPU: Physical Processor ID: 0
[    0.040675] CPU: Processor Core ID: 0
[    0.040740] mce: CPU supports 6 MCE banks
[    0.040815] Last level iTLB entries: 4KB 512, 2MB 16, 4MB 8
Last level dTLB entries: 4KB 1024, 2MB 128, 4MB 64, 1GB 0
[    0.041101] Freeing SMP alternatives memory: 20K (ffffffff81b8a000 - ffffffff81b8f000)
[    0.041833] ..TIMER: vector=0x30 apic1=0 pin1=2 apic2=-1 pin2=-1
[    0.074917] smpboot: CPU0: AMD A6-3400M APU with Radeon(tm) HD Graphics (fam: 12, model: 01, stepping: 00)
[    0.180176] Performance Events: AMD PMU driver.
[    0.180280] ... version:                0
[    0.180344] ... bit width:              48
[    0.180408] ... generic registers:      4
[    0.180472] ... value mask:             0000ffffffffffff
[    0.180537] ... max period:             00007fffffffffff
[    0.180602] ... fixed-purpose events:   0
[    0.180665] ... event mask:             000000000000000f
[    0.181202] MCE: In-kernel MCE decoding enabled.
[    0.181370] waiting 5 seconds before trying cpu_up
[    0.184384] NMI watchdog: enabled on all CPUs, permanently consumes one hw-PMU counter.
[    5.201164] done waiting, trying cpu_up:
[    5.201320] smpboot: ++++++++++++++++++++=_---CPU UP  1
[    5.201494] x86: Booting SMP configuration:
[    5.201559] .... node  #0, CPUs:      #1
[    5.201672] smpboot: Setting warm reset code and vector.
[    5.201797] smpboot: 1.
[    5.201860] smpboot: 2.
[    5.201923] smpboot: 3.
[    5.201986] smpboot: Asserting INIT
[    5.202050] smpboot: Waiting for send to finish...
[    5.212119] smpboot: Deasserting INIT
[    5.212207] smpboot: Waiting for send to finish...
[    5.212272] smpboot: #startup loops: 2
[    5.212336] smpboot: Sending STARTUP #1
[    5.212399] smpboot: After apic_write
[    5.115352] smpboot: CPU#1 (phys ID: 1) waiting for CALLOUT
[    5.212763] smpboot: Startup point 1
[    5.212937] smpboot: Waiting for send to finish...
[    5.213202] smpboot: Sending STARTUP #2
[    5.213265] smpboot: After apic_write
[    5.213629] smpboot: Startup point 1
[    5.213738] smpboot: Waiting for send to finish...
[    5.214003] smpboot: After Startup
[    5.214112] smpboot: Before Callout 1
[    5.214176] smpboot: After Callout 1
[    5.116957] smpboot: Stack at about ffff880407807f44
[    5.214304] smpboot: CPU1: has booted.
[    5.216374] TSC synchronization [CPU#0 -> CPU#1]:
[    5.216486] Measured 135863732 cycles TSC warp between CPUs, turning off TSC clock.
[    5.216628] tsc: Marking TSC unstable due to check_tsc_sync_source failed
[    5.216753] after cpu_up !!!!!!!!!!!!
[    5.216839] waiting 5 seconds before trying cpu_up
[   10.211193] done waiting, trying cpu_up:
[   10.211409] smpboot: ++++++++++++++++++++=_---CPU UP  2
[   10.211580]  #2
[   10.211617] smpboot: Setting warm reset code and vector.
[   10.211742] smpboot: 1.
[   10.211804] smpboot: 2.
[   10.211866] smpboot: 3.
[   10.211929] smpboot: Asserting INIT
[   10.211992] smpboot: Waiting for send to finish...
[   10.222055] smpboot: Deasserting INIT
[   10.222163] smpboot: Waiting for send to finish...
[   10.222225] smpboot: #startup loops: 2
[   10.222289] smpboot: Sending STARTUP #1
[   10.222352] smpboot: After apic_write
[   10.211301] smpboot: CPU#2 (phys ID: 2) waiting for CALLOUT
[   10.222716] smpboot: Startup point 1
[   10.222889] smpboot: Waiting for send to finish...
[   10.223151] smpboot: Sending STARTUP #2
[   10.223261] smpboot: After apic_write
[   10.223623] smpboot: Startup point 1
[   10.223733] smpboot: Waiting for send to finish...
[   10.223997] smpboot: After Startup
[   10.224106] smpboot: Before Callout 2
[   10.224170] smpboot: After Callout 2
[   10.211301] smpboot: Stack at about ffff88040780bf44
[   10.224300] smpboot: CPU2: has booted.
[   10.224382] after cpu_up !!!!!!!!!!!!
[   10.224418] waiting 5 seconds before trying cpu_up
[   15.248293] done waiting, trying cpu_up:
[   15.248481] smpboot: ++++++++++++++++++++=_---CPU UP  3
[   15.248652]  #3
[   15.248689] smpboot: Setting warm reset code and vector.
[   15.248809] smpboot: 1.
[   15.248872] smpboot: 2.
[   15.248934] smpboot: 3.
[   15.248996] smpboot: Asserting INIT
[   15.249060] smpboot: Waiting for send to finish...
[   15.267668] smpboot: Deasserting INIT
[   15.267779] smpboot: Waiting for send to finish...
[   15.267843] smpboot: #startup loops: 2
[   15.267907] smpboot: Sending STARTUP #1
[   15.267970] smpboot: After apic_write
[   15.268334] smpboot: Startup point 1
[   15.268396] smpboot: Waiting for send to finish...
[   15.268661] smpboot: Sending STARTUP #2
[   15.268770] smpboot: After apic_write
[   15.269134] smpboot: Startup point 1
[   15.270001] smpboot: Waiting for send to finish...
[   15.270267] smpboot: After Startup
[   15.270332] smpboot: Before Callout 3
[   15.270395] smpboot: After Callout 3
[   20.361210] smpboot: CPU3: Not responding
[   20.361322] smpboot: do_boot_cpu failed(1) to wakeup CPU#3
[   20.361392] doing it one more time: cpu_up !!!!!!!!!!!!
[   20.361433] smpboot: ++++++++++++++++++++=_---CPU UP  3
[   20.361554]  #3
[   20.361591] smpboot: Setting warm reset code and vector.
[   20.361715] smpboot: 1.
[   20.361777] smpboot: 2.
[   20.361839] smpboot: 3.
[   20.361902] smpboot: Asserting INIT
[   20.361965] smpboot: Waiting for send to finish...
[   20.372033] smpboot: Deasserting INIT
[   20.372142] smpboot: Waiting for send to finish...
[   20.372204] smpboot: #startup loops: 2
[   20.372266] smpboot: Sending STARTUP #1
[   20.372328] smpboot: After apic_write
[   20.372689] smpboot: Startup point 1
[   20.372798] smpboot: Waiting for send to finish...
[   20.373062] smpboot: Sending STARTUP #2
[   20.373171] smpboot: After apic_write
[   20.373534] smpboot: Startup point 1
[   20.373643] smpboot: Waiting for send to finish...
[   20.373907] smpboot: After Startup
[   20.374017] smpboot: Before Callout 3
[   20.374080] smpboot: After Callout 3
[   25.392423] smpboot: CPU3: Not responding
[   25.392535] smpboot: do_boot_cpu failed(1) to wakeup CPU#3
[   25.392606] after cpu_up !!!!!!!!!!!!
[   25.392645] x86: Booted up 1 node, 3 CPUs
[   25.392767] smpboot: Boot done
[   25.392830] smpboot: Before bogomips
[   25.392894] smpboot: Total of 3 processors activated (8388.12 BogoMIPS)
[   25.392959] smpboot: Before bogocount - setting activated=1
[   25.393439] devtmpfs: initialized
[   25.393505] device: 'platform': device_add
[   25.393639] bus: 'platform': registered
[   25.393707] bus: 'cpu': registered
[   25.393769] device: 'cpu': device_add
[   25.393847] bus: 'container': registered
[   25.393911] device: 'container': device_add
[   25.393911] bus: 'workqueue': registered
[   25.393911] device: 'workqueue': device_add
[   25.393911] kworker/u8:0 (39) used greatest stack depth: 15024 bytes left
[   25.394140] atomic64_test: passed for x86-64 platform with CX8 and with SSE
[   25.394253] device class 'regulator': registering
[   25.394368] Registering platform device 'reg-dummy'. Parent at platform
[   25.394482] device: 'reg-dummy': device_add
[   25.394549] bus: 'platform': add device reg-dummy
[   25.394639] bus: 'platform': add driver reg-dummy
[   25.394707] bus: 'platform': driver_probe_device: matched device reg-dummy with driver reg-dummy
[   25.394819] bus: 'platform': really_probe: probing driver reg-dummy with device reg-dummy
[   25.396684] device: 'regulator.0': device_add
[   25.396776] regulator-dummy: no parameters
[   25.396852] driver: 'reg-dummy': driver_bound: bound to device 'reg-dummy'
[   25.396920] bus: 'platform': really_probe: bound device reg-dummy to driver reg-dummy
[   25.397196] NET: Registered protocol family 16
[   25.397556] device class 'bdi': registering
[   25.397679] bus: 'platform': add driver ramoops
[   25.397761] device class 'pci_bus': registering
[   25.397849] bus: 'pci': registered
[   25.397915] device class 'backlight': registering
[   25.397992] device class 'tty': registering
[   25.398067] device class 'vtconsole': registering
[   25.398061] kworker/u8:0 (49) used greatest stack depth: 14848 bytes left
[   25.398206] device: 'vtcon0': device_add
[   25.398310] bus: 'node': registered
[   25.398409] device: 'node': device_add
[   25.398507] bus: 'i2c': registered
[   25.398574] bus: 'i2c': add driver dummy
[   25.400013] i2c-core: driver [dummy] registered
[   25.400013] cpuidle: using governor ladder
[   25.400013] cpuidle: using governor menu
[   25.400013] ACPI FADT declares the system doesn't support PCIe ASPM, so disable it
[   25.400013] ACPI: bus type PCI registered
[   25.400013] acpiphp: ACPI Hot Plug PCI Controller Driver version: 0.5
[   25.400073] device class 'dmi': registering
[   25.400146] device: 'id': device_add
[   25.400331] PCI: MMCONFIG for domain 0000 [bus 00-3f] at [mem 0xf8000000-0xfbffffff] (base 0xf8000000)
[   25.400475] PCI: not using MMCONFIG
[   25.400536] PCI: Using configuration type 1 for base access
[   25.400599] PCI: Using configuration type 1 for extended access
[   25.400963] device: 'node0': device_add
[   25.401076] bus: 'node': add device node0
[   25.401170] device: 'cpu0': device_add
[   25.401236] bus: 'cpu': add device cpu0
[   25.401339] device: 'cpu1': device_add
[   25.401454] bus: 'cpu': add device cpu1
[   25.401555] device: 'cpu2': device_add
[   25.401672] bus: 'cpu': add device cpu2
[   25.401759] device: 'cpu3': device_add
[   25.401823] bus: 'cpu': add device cpu3
[   25.402242] kworker/u8:0 (71) used greatest stack depth: 14176 bytes left
[   25.413401] device: 'writeback': device_add
[   25.413480] bus: 'workqueue': add device writeback
[   25.413592] device: 'default': device_add
[   25.413819] device class 'block': registering
[   25.413819] ACPI: Added _OSI(Module Device)
[   25.413819] ACPI: Added _OSI(Processor Device)
[   25.413819] ACPI: Added _OSI(3.0 _SCP Extensions)
[   25.413819] ACPI: Added _OSI(Processor Aggregator Device)
[   25.415702] 
**** Context Switch from TID 4294967295 to TID 133431296 ****

[   25.415870]     utils-0051 util_eval_error       : Evaluate [\_SB_.PCI0.LPC0.EC0_._GLK]: AE_NOT_FOUND
[   25.416439] Executing  Method       \_SB_.PCI0.LPC0.EC0_._REG
[   25.417097] Executing  Method       \_SB_.PCI0.LPC0.EC0_._REG
[   25.417295] Executing  Method       \_SB_.PCI0.LPC0.EC0_._REG
[   25.417495] Executing  Method       \_SB_.PCI0.LPC0.EC0_._REG
[   25.420397] Initializing Region       \_SB_.OSTY
[   25.420591] Initializing Region       \_SB_.PCI0.NBMS
[   25.420736] Initializing Region       \_SB_.PCI0.NBXP
[   25.420886] Initializing Region       \_SB_.PCI0.K8ST
[   25.421071] Initializing Region       \_SB_.PCI0.BAR1
[   25.421254] Initializing Region       \_SB_.PCI0.PB2_.XPEX
[   25.421401] Initializing Region       \_SB_.PCI0.PB2_.PCFG
[   25.421548] Initializing Region       \_SB_.PCI0.PB2_.XPCB
[   25.421697] Initializing Region       \_SB_.PCI0.PB2_.XPRI
[   25.421837] Initializing Region       \_SB_.PCI0.PB2_.VGA_.PCFG
[   25.422039] Initializing Region       \_SB_.PCI0.PB2_.HDAU.PCFG
[   25.422215] Initializing Region       \_SB_.PCI0.PB3_.XPEX
[   25.422361] Initializing Region       \_SB_.PCI0.PB3_.PCFG
[   25.422509] Initializing Region       \_SB_.PCI0.PB3_.XPCB
[   25.422656] Initializing Region       \_SB_.PCI0.PB3_.XPRI
[   25.422808] Initializing Region       \_SB_.PCI0.PB3_.VGA_.PCFG
[   25.422990] Initializing Region       \_SB_.PCI0.PB3_.HDAU.PCFG
[   25.423173] Initializing Region       \_SB_.PCI0.PB4_.XPEX
[   25.423319] Initializing Region       \_SB_.PCI0.PB4_.PCFG
[   25.423445] Initializing Region       \_SB_.PCI0.PB4_.XPCB
[   25.423592] Initializing Region       \_SB_.PCI0.PB4_.XPRI
[   25.423742] Initializing Region       \_SB_.PCI0.PB4_.XPDV.PCFG
[   25.423902] Initializing Region       \_SB_.PCI0.PB5_.XPEX
[   25.424047] Initializing Region       \_SB_.PCI0.PB5_.PCFG
[   25.424190] Initializing Region       \_SB_.PCI0.PB5_.XPCB
[   25.424326] Initializing Region       \_SB_.PCI0.PB5_.XPRI
[   25.424478] Initializing Region       \_SB_.PCI0.PB5_.XPDV.PCFG
[   25.424637] Initializing Region       \_SB_.PCI0.PB6_.XPEX
[   25.424782] Initializing Region       \_SB_.PCI0.PB6_.PCFG
[   25.426689] Initializing Region       \_SB_.PCI0.PB6_.XPCB
[   25.426689] Initializing Region       \_SB_.PCI0.PB6_.XPRI
[   25.426689] Initializing Region       \_SB_.PCI0.PB6_.XPDV.PCFG
[   25.426689] Initializing Region       \_SB_.PCI0.PB7_.XPEX
[   25.426689] Initializing Region       \_SB_.PCI0.PB7_.PCFG
[   25.426689] Initializing Region       \_SB_.PCI0.PB7_.XPCB
[   25.426689] Initializing Region       \_SB_.PCI0.PB7_.XPRI
[   25.426689] Initializing Region       \_SB_.PCI0.PB7_.XPDV.PCFG
[   25.426689] Initializing Region       \_SB_.PCI0.SATC
[   25.426689] Initializing Region       \_SB_.PCI0.RMEM
[   25.426701] Initializing Region       \_SB_.PCI0.SATA.SATX
[   25.426853] Initializing Region       \_SB_.PCI0.SATA.BAR5
[   25.443558] Initializing Region       \_SB_.PCI0.SMB_.SBRV
[   25.443768] Initializing Region       \_SB_.PCI0.SMB_.PMIO
[   25.443917] Initializing Region       \_SB_.PCI0.SMB_.ERMM
[   25.444145] Initializing Region       \_SB_.PCI0.SMB_.P1E0
[   25.444352] Initializing Region       \_SB_.PCI0.SMB_.ABIO
[   25.444502] Initializing Region       \_SB_.PCI0.SMB_.SMB0
[   25.444654] Initializing Region       \_SB_.PCI0.LPC0.PIRQ
[   25.444654] Initializing Region       \_SB_.PCI0.LPC0.LPCR
[   25.444654] Initializing Region       \_SB_.PCI0.LPC0.LPCS
[   25.444654] Initializing Region       \_SB_.PCI0.LPC0.SMI0
[   25.444654] Initializing Region       \_SB_.PCI0.LPC0.SMI1
[   25.444654] Initializing Region       \_SB_.PCI0.LPC0.EC0_.ECO1
[   25.444654] Initializing Region       \_SB_.PCI0.LPC0.EC0_.ECO2
[   25.444654] Initializing Region       \_SB_.PCI0.LPC0.EC0_.ECMB
[   25.444654] Initializing Region       \_SB_.PCI0.LPC0.EC0_.RAM_
[   25.444814] Initializing Region       \_SB_.PCI0.LPC0.EC0_.CMOS
[   25.444988] Initializing Region       \_SB_.PCI0.LPC0.EC0_.VPC0.ERAM
[   25.445207] Initializing Region       \_SB_.PCI0.SPB0.PCFG
[   25.445402] Initializing Region       \_SB_.PCI0.SPB0.XPCB
[   25.445554] Initializing Region       \_SB_.PCI0.SPB0.XPDV.PCFG
[   25.445716] Initializing Region       \_SB_.PCI0.SPB1.PCFG
[   25.445865] Initializing Region       \_SB_.PCI0.SPB1.XPCB
[   25.446018] Initializing Region       \_SB_.PCI0.SPB1.XPDV.PCFG
[   25.446179] Initializing Region       \_SB_.PCI0.SPB2.PCFG
[   25.446321] Initializing Region       \_SB_.PCI0.SPB2.XPCB
[   25.446469] Initializing Region       \_SB_.PCI0.SPB2.XPDV.PCFG
[   25.446631] Initializing Region       \_SB_.PCI0.SPB3.PCFG
[   25.446780] Initializing Region       \_SB_.PCI0.SPB3.XPCB
[   25.446932] Initializing Region       \_SB_.PCI0.SPB3.XPDV.PCFG
[   25.447249] Initializing Region       \_SB_.PCI0.VGA_.REVD
[   25.447581] Initializing BufferField  \_SB_.AMW0.WLID
[   25.448227] Initializing Region       \DEB2
[   25.448423] Initializing Region       \PMIO
[   25.448569] Initializing Region       \P01_
[   25.448727] Initializing Region       \CNVS
[   25.448871] Initializing Region       \SPRT
[   25.449033] Initializing Region       \CMIO
[   25.449339] Executing  Method       \_SB_._STA
[   25.449557] Executing  Method       \_SB_._INI
[   25.449727] Executing  Method       \_SB_.PCI0._STA
[   25.449897] Executing  Method       \_SB_.PCI0._INI
[   25.450293] [Firmware Bug]: ACPI: BIOS _OSI(Linux) query ignored
[   25.450819] Executing  Method       \_SB_.PCI0.SATA._STA
[   25.450991] Executing  Method       \_SB_.PCI0.SATA._INI
[   25.452020] Executing  Method       \_SB_.PCI0.LPC0.EC0_._REG
[   25.480138] ACPI: Interpreter enabled
[   25.480224] ACPI: (supports S0 S5)
[   25.480289] ACPI: Using IOAPIC for interrupt routing
[   25.480674] PCI: MMCONFIG for domain 0000 [bus 00-3f] at [mem 0xf8000000-0xfbffffff] (base 0xf8000000)
[   25.481595] PCI: MMCONFIG at [mem 0xf8000000-0xfbffffff] reserved in ACPI motherboard resources
[   25.483637] bus: 'acpi': registered
[   25.483732] PCI: Using host bridge windows from ACPI; if necessary, use "pci=nocrs" and report a bug
[   25.483884]      scan-1141 get_device_data       : No context for object [ffffffffffffffff]
[   25.484101]     utils-0051 util_eval_error       : Evaluate [\._STA]: AE_NOT_FOUND
[   25.484328] device: 'LNXSYSTM:00': device_add
[   25.484400] bus: 'acpi': add device LNXSYSTM:00
[   25.484492]     utils-0051 util_eval_error       : Evaluate [\._SUN]: AE_NOT_FOUND
[   25.484696]      scan-1933 add_single_object     : Added LNXSYSTM:00 [\] parent (null)
[   25.484910]      scan-1141 get_device_data       : No context for object [ffff88040d81d000]
[   25.485120]      scan-1141 get_device_data       : No context for object [ffff88040d8377d0]
[   25.485330]      scan-1141 get_device_data       : No context for object [ffff88040d8377f8]
[   25.485541]      scan-1141 get_device_data       : No context for object [ffff88040d837820]
[   25.485726]      scan-1141 get_device_data       : No context for object [ffff88040d837848]
[   25.485935]      scan-1141 get_device_data       : No context for object [ffff88040d837870]
[   25.486671]      scan-1141 get_device_data       : No context for object [ffff88040d837898]
[   25.486877]      scan-1141 get_device_data       : No context for object [ffff88040d8378c0]
[   25.487087]      scan-1141 get_device_data       : No context for object [ffff88040d8378e8]
[   25.487298]      scan-1141 get_device_data       : No context for object [ffff88040d839398]
[   25.487509]      scan-1141 get_device_data       : No context for object [ffff88040d81d028]
[   25.487718]      scan-1141 get_device_data       : No context for object [ffff88040d81d168]
[   25.487929]     utils-0051 util_eval_error       : Evaluate [\_PR_.C000._STA]: AE_NOT_FOUND
[   25.488135]      scan-1141 get_device_data       : No context for object [ffff88040d81d028]
[   25.488355] device: 'LNXCPU:00': device_add
[   25.488422] bus: 'acpi': add device LNXCPU:00
[   25.488503]     utils-0051 util_eval_error       : Evaluate [\_PR_.C000._SUN]: AE_NOT_FOUND
[   25.490014]      scan-1933 add_single_object     : Added LNXCPU:00 [\_PR_.C000] parent LNXSYSTM:00
[   25.490014]      scan-1141 get_device_data       : No context for object [ffff88040d83c398]
[   25.490014]      scan-1141 get_device_data       : No context for object [ffff88040d83c3c0]
[   25.490014]      scan-1141 get_device_data       : No context for object [ffff88040d83c3e8]
[   25.490014]      scan-1141 get_device_data       : No context for object [ffff88040d83c410]
[   25.490209]      scan-1141 get_device_data       : No context for object [ffff88040d83c438]
[   25.490416]      scan-1141 get_device_data       : No context for object [ffff88040d83c460]
[   25.490601]      scan-1141 get_device_data       : No context for object [ffff88040d81d190]
[   25.490813]     utils-0051 util_eval_error       : Evaluate [\_PR_.C001._STA]: AE_NOT_FOUND
[   25.491017]      scan-1141 get_device_data       : No context for object [ffff88040d81d028]
[   25.491231] device: 'LNXCPU:01': device_add
[   25.491291] bus: 'acpi': add device LNXCPU:01
[   25.491367]     utils-0051 util_eval_error       : Evaluate [\_PR_.C001._SUN]: AE_NOT_FOUND
[   25.491569]      scan-1933 add_single_object     : Added LNXCPU:01 [\_PR_.C001] parent LNXSYSTM:00
[   25.491750]      scan-1141 get_device_data       : No context for object [ffff88040d83c488]
[   25.491945]      scan-1141 get_device_data       : No context for object [ffff88040d83c4b0]
[   25.492138]      scan-1141 get_device_data       : No context for object [ffff88040d83c4d8]
[   25.492330]      scan-1141 get_device_data       : No context for object [ffff88040d83c500]
[   25.492527]      scan-1141 get_device_data       : No context for object [ffff88040d83c528]
[   25.492675]      scan-1141 get_device_data       : No context for object [ffff88040d83c550]
[   25.492851]      scan-1141 get_device_data       : No context for object [ffff88040d81d1b8]
[   25.493049]     utils-0051 util_eval_error       : Evaluate [\_PR_.C002._STA]: AE_NOT_FOUND
[   25.493244]      scan-1141 get_device_data       : No context for object [ffff88040d81d028]
[   25.493496] device: 'LNXCPU:02': device_add
[   25.493557] bus: 'acpi': add device LNXCPU:02
[   25.493630]     utils-0051 util_eval_error       : Evaluate [\_PR_.C002._SUN]: AE_NOT_FOUND
[   25.493817]      scan-1933 add_single_object     : Added LNXCPU:02 [\_PR_.C002] parent LNXSYSTM:00
[   25.494019]      scan-1141 get_device_data       : No context for object [ffff88040d83c578]
[   25.494217]      scan-1141 get_device_data       : No context for object [ffff88040d83c5a0]
[   25.494414]      scan-1141 get_device_data       : No context for object [ffff88040d83c5c8]
[   25.494612]      scan-1141 get_device_data       : No context for object [ffff88040d83c5f0]
[   25.494794]      scan-1141 get_device_data       : No context for object [ffff88040d83c618]
[   25.494991]      scan-1141 get_device_data       : No context for object [ffff88040d83c640]
[   25.495188]      scan-1141 get_device_data       : No context for object [ffff88040d81d1e0]
[   25.495388]     utils-0051 util_eval_error       : Evaluate [\_PR_.C003._STA]: AE_NOT_FOUND
[   25.495586]      scan-1141 get_device_data       : No context for object [ffff88040d81d028]
[   25.495745] device: 'LNXCPU:03': device_add
[   25.495807] bus: 'acpi': add device LNXCPU:03
[   25.495873]     utils-0051 util_eval_error       : Evaluate [\_PR_.C003._SUN]: AE_NOT_FOUND
[   25.496682]      scan-1933 add_single_object     : Added LNXCPU:03 [\_PR_.C003] parent LNXSYSTM:00
[   25.496682]      scan-1141 get_device_data       : No context for object [ffff88040d83c668]
[   25.496682]      scan-1141 get_device_data       : No context for object [ffff88040d83c690]
[   25.496682]      scan-1141 get_device_data       : No context for object [ffff88040d83c6b8]
[   25.496867]      scan-1141 get_device_data       : No context for object [ffff88040d83c6e0]
[   25.497063]      scan-1141 get_device_data       : No context for object [ffff88040d83c708]
[   25.497256]      scan-1141 get_device_data       : No context for object [ffff88040d83c730]
[   25.497454]      scan-1141 get_device_data       : No context for object [ffff88040d81d050]
[   25.497654]     utils-0051 util_eval_error       : Evaluate [\_SB_._STA]: AE_NOT_FOUND
[   25.497901] device: 'LNXSYBUS:00': device_add
[   25.498010] bus: 'acpi': add device LNXSYBUS:00
[   25.498089]     utils-0051 util_eval_error       : Evaluate [\_SB_._SUN]: AE_NOT_FOUND
[   25.498292]      scan-1933 add_single_object     : Added LNXSYBUS:00 [\_SB_] parent LNXSYSTM:00
[   25.498494]      scan-1141 get_device_data       : No context for object [ffff88040d81d3c0]
[   25.498671]      scan-1141 get_device_data       : No context for object [ffff88040d81d3e8]
[   25.498869]      scan-1141 get_device_data       : No context for object [ffff88040d81d410]
[   25.499067]      scan-1141 get_device_data       : No context for object [ffff88040d81d438]
[   25.499264]      scan-1141 get_device_data       : No context for object [ffff88040d81d460]
[   25.499461]      scan-1141 get_device_data       : No context for object [ffff88040d81d488]
[   25.499655]      scan-1141 get_device_data       : No context for object [ffff88040d81d4b0]
[   25.499853]      scan-1141 get_device_data       : No context for object [ffff88040d81d5a0]
[   25.500004]     utils-0051 util_eval_error       : Evaluate [\_SB_.PWRB._STA]: AE_NOT_FOUND
[   25.500236] device: 'PNP0C0C:00': device_add
[   25.500299] bus: 'acpi': add device PNP0C0C:00
[   25.500374]     utils-0051 util_eval_error       : Evaluate [\_SB_.PWRB._SUN]: AE_NOT_FOUND
[   25.500581]      scan-1933 add_single_object     : Added PNP0C0C:00 [\_SB_.PWRB] parent LNXSYBUS:00
[   25.500764]      scan-1141 get_device_data       : No context for object [ffff88040d81d5c8]
[   25.500958]      scan-1141 get_device_data       : No context for object [ffff88040d81d5f0]
[   25.501158]     utils-0051 util_eval_error       : Evaluate [\_SB_.PCI0._STA]: AE_NOT_FOUND
[   25.501410] device: 'PNP0A08:00': device_add
[   25.501519] bus: 'acpi': add device PNP0A08:00
[   25.501597]     utils-0051 util_eval_error       : Evaluate [\_SB_.PCI0._SUN]: AE_NOT_FOUND
[   25.501784]      scan-1933 add_single_object     : Added PNP0A08:00 [\_SB_.PCI0] parent LNXSYBUS:00
[   25.501987]      scan-1141 get_device_data       : No context for object [ffff88040d81d618]
[   25.502182]      scan-1141 get_device_data       : No context for object [ffff88040d81d640]
[   25.502379]      scan-1141 get_device_data       : No context for object [ffff88040d81d668]
[   25.502577]      scan-1141 get_device_data       : No context for object [ffff88040d81d690]
[   25.502759]      scan-1141 get_device_data       : No context for object [ffff88040d81d6b8]
[   25.502956]      scan-1141 get_device_data       : No context for object [ffff88040d81d6e0]
[   25.503152]      scan-1141 get_device_data       : No context for object [ffff88040d81d708]
[   25.503336]      scan-1141 get_device_data       : No context for object [ffff88040d81d730]
[   25.503534]      scan-1141 get_device_data       : No context for object [ffff88040d81d758]
[   25.503685]      scan-1141 get_device_data       : No context for object [ffff88040d81d780]
[   25.503862]      scan-1141 get_device_data       : No context for object [ffff88040d81d7a8]
[   25.504059]      scan-1141 get_device_data       : No context for object [ffff88040d81d7d0]
[   25.504256]      scan-1141 get_device_data       : No context for object [ffff88040d81d7f8]
[   25.504452]      scan-1141 get_device_data       : No context for object [ffff88040d81d820]
[   25.505621]      scan-1141 get_device_data       : No context for object [ffff88040d81d848]
[   25.505815]      scan-1141 get_device_data       : No context for object [ffff88040d81d870]
[   25.506012]      scan-1141 get_device_data       : No context for object [ffff88040d81d898]
[   25.506209]      scan-1141 get_device_data       : No context for object [ffff88040d81d8c0]
[   25.506403]      scan-1141 get_device_data       : No context for object [ffff88040d81d8e8]
[   25.506669]      scan-1141 get_device_data       : No context for object [ffff88040d81d910]
[   25.506863]      scan-1141 get_device_data       : No context for object [ffff88040d81d938]
[   25.507055]      scan-1141 get_device_data       : No context for object [ffff88040d81d960]
[   25.507252]      scan-1141 get_device_data       : No context for object [ffff88040d81d988]
[   25.507446]      scan-1141 get_device_data       : No context for object [ffff88040d81d9b0]
[   25.507641]      scan-1141 get_device_data       : No context for object [ffff88040d81d9d8]
[   25.507818]      scan-1141 get_device_data       : No context for object [ffff88040d81da00]
[   25.508013]      scan-1141 get_device_data       : No context for object [ffff88040d81da28]
[   25.508208]      scan-1141 get_device_data       : No context for object [ffff88040d81da50]
[   25.508401]      scan-1141 get_device_data       : No context for object [ffff88040d81da78]
[   25.508596]      scan-1141 get_device_data       : No context for object [ffff88040d81daa0]
[   25.508744]      scan-1141 get_device_data       : No context for object [ffff88040d81dac8]
[   25.508921]      scan-1141 get_device_data       : No context for object [ffff88040d81daf0]
[   25.509116]      scan-1141 get_device_data       : No context for object [ffff88040d81db18]
[   25.509310]      scan-1141 get_device_data       : No context for object [ffff88040d81db40]
[   25.509502]      scan-1141 get_device_data       : No context for object [ffff88040d81db68]
[   25.509678]      scan-1141 get_device_data       : No context for object [ffff88040d81db90]
[   25.509872]      scan-1141 get_device_data       : No context for object [ffff88040d81dbb8]
[   25.510002]      scan-1141 get_device_data       : No context for object [ffff88040d81dbe0]
[   25.510197]      scan-1141 get_device_data       : No context for object [ffff88040d81dc08]
[   25.510393]      scan-1141 get_device_data       : No context for object [ffff88040d81dc30]
[   25.510588]      scan-1141 get_device_data       : No context for object [ffff88040d81dc58]
[   25.510784]      scan-1141 get_device_data       : No context for object [ffff88040d81dc80]
[   25.510982]      scan-1141 get_device_data       : No context for object [ffff88040d81dca8]
[   25.511179]      scan-1141 get_device_data       : No context for object [ffff88040d81dcd0]
[   25.511378]      scan-1141 get_device_data       : No context for object [ffff88040d81dcf8]
[   25.511575]      scan-1141 get_device_data       : No context for object [ffff88040d81dd20]
[   25.511751]      scan-1141 get_device_data       : No context for object [ffff88040d81dd48]
[   25.511945]      scan-1141 get_device_data       : No context for object [ffff88040d81dd70]
[   25.512143]      scan-1141 get_device_data       : No context for object [ffff88040d81dd98]
[   25.512341]      scan-1141 get_device_data       : No context for object [ffff88040d81ddc0]
[   25.512538]      scan-1141 get_device_data       : No context for object [ffff88040d81dde8]
[   25.512690]      scan-1141 get_device_data       : No context for object [ffff88040d81de10]
[   25.512867]      scan-1141 get_device_data       : No context for object [ffff88040d81de38]
[   25.513063]      scan-1141 get_device_data       : No context for object [ffff88040d81de60]
[   25.513335]      scan-1141 get_device_data       : No context for object [ffff88040d81de88]
[   25.513532]      scan-1141 get_device_data       : No context for object [ffff88040d81deb0]
[   25.513709]      scan-1141 get_device_data       : No context for object [ffff88040d81ded8]
[   25.513906]      scan-1141 get_device_data       : No context for object [ffff88040d81df00]
[   25.514103]      scan-1141 get_device_data       : No context for object [ffff88040d81df28]
[   25.514300]      scan-1141 get_device_data       : No context for object [ffff88040d81df50]
[   25.514494]      scan-1141 get_device_data       : No context for object [ffff88040d81df78]
[   25.514681]      scan-1141 get_device_data       : No context for object [ffff88040d81dfa0]
[   25.514878]      scan-1141 get_device_data       : No context for object [ffff88040d81dfc8]
[   25.515076]      scan-1141 get_device_data       : No context for object [ffff88040d822000]
[   25.515273]      scan-1141 get_device_data       : No context for object [ffff88040d822028]
[   25.515471]     utils-0051 util_eval_error       : Evaluate [\_SB_.PCI0.MEMR._STA]: AE_NOT_FOUND
[   25.515698] device: 'PNP0C02:00': device_add
[   25.515764] bus: 'acpi': add device PNP0C02:00
[   25.515839]     utils-0051 util_eval_error       : Evaluate [\_SB_.PCI0.MEMR._SUN]: AE_NOT_FOUND
[   25.516703]      scan-1933 add_single_object     : Added PNP0C02:00 [\_SB_.PCI0.MEMR] parent PNP0A08:00
[   25.516703]      scan-1141 get_device_data       : No context for object [ffff88040d822050]
[   25.516703]      scan-1141 get_device_data       : No context for object [ffff88040d822078]
[   25.516703]      scan-1141 get_device_data       : No context for object [ffff88040d8220a0]
[   25.516807]      scan-1141 get_device_data       : No context for object [ffff88040d8220c8]
[   25.517004]      scan-1141 get_device_data       : No context for object [ffff88040d8220f0]
[   25.517202]      scan-1141 get_device_data       : No context for object [ffff88040d822118]
[   25.517400]      scan-1141 get_device_data       : No context for object [ffff88040d822140]
[   25.517597]      scan-1141 get_device_data       : No context for object [ffff88040d822168]
[   25.517748]      scan-1141 get_device_data       : No context for object [ffff88040d822190]
[   25.517925]      scan-1141 get_device_data       : No context for object [ffff88040d8221b8]
[   25.518117]      scan-1141 get_device_data       : No context for object [ffff88040d8221e0]
[   25.518315]      scan-1141 get_device_data       : No context for object [ffff88040d822208]
[   25.518512]      scan-1141 get_device_data       : No context for object [ffff88040d822230]
[   25.518689]      scan-1141 get_device_data       : No context for object [ffff88040d822258]
[   25.518886]      scan-1141 get_device_data       : No context for object [ffff88040d822280]
[   25.519084]      scan-1141 get_device_data       : No context for object [ffff88040d8222a8]
[   25.519280]     utils-0051 util_eval_error       : Evaluate [\_SB_.PCI0.PB2_._STA]: AE_NOT_FOUND
[   25.519580] device: 'device:00': device_add
[   25.519644] bus: 'acpi': add device device:00
[   25.519718]     utils-0051 util_eval_error       : Evaluate [\_SB_.PCI0.PB2_._SUN]: AE_NOT_FOUND
[   25.520004]      scan-1933 add_single_object     : Added device:00 [\_SB_.PCI0.PB2_] parent PNP0A08:00
[   25.520006]      scan-1141 get_device_data       : No context for object [ffff88040d8222d0]
[   25.520204]      scan-1141 get_device_data       : No context for object [ffff88040d8222f8]
[   25.520398]      scan-1141 get_device_data       : No context for object [ffff88040d822320]
[   25.520576]      scan-1141 get_device_data       : No context for object [ffff88040d822348]
[   25.520773]      scan-1141 get_device_data       : No context for object [ffff88040d822370]
[   25.520970]      scan-1141 get_device_data       : No context for object [ffff88040d822398]
[   25.521167]      scan-1141 get_device_data       : No context for object [ffff88040d8223c0]
[   25.521365]      scan-1141 get_device_data       : No context for object [ffff88040d8223e8]
[   25.521563]      scan-1141 get_device_data       : No context for object [ffff88040d822410]
[   25.521758]      scan-1141 get_device_data       : No context for object [ffff88040d822438]
[   25.521956]      scan-1141 get_device_data       : No context for object [ffff88040d822460]
[   25.522154]      scan-1141 get_device_data       : No context for object [ffff88040d822488]
[   25.522351]      scan-1141 get_device_data       : No context for object [ffff88040d8224b0]
[   25.522549]      scan-1141 get_device_data       : No context for object [ffff88040d8224d8]
[   25.522746]      scan-1141 get_device_data       : No context for object [ffff88040d822500]
[   25.523336]      scan-1141 get_device_data       : No context for object [ffff88040d822528]
[   25.523527]      scan-1141 get_device_data       : No context for object [ffff88040d822550]
[   25.523721]      scan-1141 get_device_data       : No context for object [ffff88040d822578]
[   25.523917]      scan-1141 get_device_data       : No context for object [ffff88040d8225a0]
[   25.524093]      scan-1141 get_device_data       : No context for object [ffff88040d8225c8]
[   25.524288]      scan-1141 get_device_data       : No context for object [ffff88040d8225f0]
[   25.524483]      scan-1141 get_device_data       : No context for object [ffff88040d822618]
[   25.524676]      scan-1141 get_device_data       : No context for object [ffff88040d822640]
[   25.524868]      scan-1141 get_device_data       : No context for object [ffff88040d822668]
[   25.525045]      scan-1141 get_device_data       : No context for object [ffff88040d822690]
[   25.525238]      scan-1141 get_device_data       : No context for object [ffff88040d8226b8]
[   25.525434]      scan-1141 get_device_data       : No context for object [ffff88040d8226e0]
[   25.525629]      scan-1141 get_device_data       : No context for object [ffff88040d822708]
[   25.525824]      scan-1141 get_device_data       : No context for object [ffff88040d822730]
[   25.526014]      scan-1141 get_device_data       : No context for object [ffff88040d822758]
[   25.526828]      scan-1141 get_device_data       : No context for object [ffff88040d822780]
[   25.527024]     utils-0051 util_eval_error       : Evaluate [\_SB_.PCI0.PB2_.VGA_._STA]: AE_NOT_FOUND
[   25.527262] device: 'device:01': device_add
[   25.527372] bus: 'acpi': add device device:01
[   25.527448]     utils-0051 util_eval_error       : Evaluate [\_SB_.PCI0.PB2_.VGA_._SUN]: AE_NOT_FOUND
[   25.527656]      scan-1933 add_single_object     : Added device:01 [\_SB_.PCI0.PB2_.VGA_] parent device:00
[   25.527855]      scan-1141 get_device_data       : No context for object [ffff88040d8227a8]
[   25.528052]      scan-1141 get_device_data       : No context for object [ffff88040d8227d0]
[   25.528249]      scan-1141 get_device_data       : No context for object [ffff88040d8227f8]
[   25.528447]      scan-1141 get_device_data       : No context for object [ffff88040d822820]
[   25.528645]      scan-1141 get_device_data       : No context for object [ffff88040d822848]
[   25.528843]      scan-1141 get_device_data       : No context for object [ffff88040d822870]
[   25.529039]      scan-1141 get_device_data       : No context for object [ffff88040d822898]
[   25.529235]      scan-1141 get_device_data       : No context for object [ffff88040d8228c0]
[   25.529433]      scan-1141 get_device_data       : No context for object [ffff88040d8228e8]
[   25.529630]      scan-1141 get_device_data       : No context for object [ffff88040d822910]
[   25.529828]      scan-1141 get_device_data       : No context for object [ffff88040d822938]
[   25.530003]      scan-1141 get_device_data       : No context for object [ffff88040d822960]
[   25.530199]      scan-1141 get_device_data       : No context for object [ffff88040d822988]
[   25.530394]      scan-1141 get_device_data       : No context for object [ffff88040d8229b0]
[   25.530591]      scan-1141 get_device_data       : No context for object [ffff88040d8229d8]
[   25.530773]      scan-1141 get_device_data       : No context for object [ffff88040d822a00]
[   25.530970]      scan-1141 get_device_data       : No context for object [ffff88040d822a28]
[   25.531167]      scan-1141 get_device_data       : No context for object [ffff88040d822a50]
[   25.531363]      scan-1141 get_device_data       : No context for object [ffff88040d822a78]
[   25.531556]      scan-1141 get_device_data       : No context for object [ffff88040d822aa0]
[   25.531707]      scan-1141 get_device_data       : No context for object [ffff88040d822ac8]
[   25.531884]      scan-1141 get_device_data       : No context for object [ffff88040d822af0]
[   25.532082]      scan-1141 get_device_data       : No context for object [ffff88040d822b18]
[   25.532279]      scan-1141 get_device_data       : No context for object [ffff88040d822b40]
[   25.532477]      scan-1141 get_device_data       : No context for object [ffff88040d822b68]
[   25.532654]      scan-1141 get_device_data       : No context for object [ffff88040d822b90]
[   25.532848]      scan-1141 get_device_data       : No context for object [ffff88040d822bb8]
[   25.533045]      scan-1141 get_device_data       : No context for object [ffff88040d822be0]
[   25.533243]      scan-1141 get_device_data       : No context for object [ffff88040d822c08]
[   25.533463]      scan-1141 get_device_data       : No context for object [ffff88040d822c30]
[   25.533652]      scan-1141 get_device_data       : No context for object [ffff88040d822c58]
[   25.533849]      scan-1141 get_device_data       : No context for object [ffff88040d822c80]
[   25.534042]      scan-1141 get_device_data       : No context for object [ffff88040d822ca8]
[   25.534240]      scan-1141 get_device_data       : No context for object [ffff88040d822cd0]
[   25.534437]      scan-1141 get_device_data       : No context for object [ffff88040d822cf8]
[   25.534635]      scan-1141 get_device_data       : No context for object [ffff88040d822d20]
[   25.534833]      scan-1141 get_device_data       : No context for object [ffff88040d822d48]
[   25.535031]      scan-1141 get_device_data       : No context for object [ffff88040d822d70]
[   25.535223]      scan-1141 get_device_data       : No context for object [ffff88040d822d98]
[   25.535423]      scan-1141 get_device_data       : No context for object [ffff88040d837438]
[   25.535620]      scan-1141 get_device_data       : No context for object [ffff88040d822dc0]
[   25.535801]     utils-0051 util_eval_error       : Evaluate [\_SB_.PCI0.PB2_.HDAU._STA]: AE_NOT_FOUND
[   25.536034] device: 'device:02': device_add
[   25.536097] bus: 'acpi': add device device:02
[   25.536170]     utils-0051 util_eval_error       : Evaluate [\_SB_.PCI0.PB2_.HDAU._SUN]: AE_NOT_FOUND
[   25.536704]      scan-1933 add_single_object     : Added device:02 [\_SB_.PCI0.PB2_.HDAU] parent device:00
[   25.536704]      scan-1141 get_device_data       : No context for object [ffff88040d822de8]
[   25.536752]      scan-1141 get_device_data       : No context for object [ffff88040d822e10]
[   25.536929]      scan-1141 get_device_data       : No context for object [ffff88040d822e38]
[   25.537127]      scan-1141 get_device_data       : No context for object [ffff88040d822e60]
[   25.537325]      scan-1141 get_device_data       : No context for object [ffff88040d822e88]
[   25.537522]      scan-1141 get_device_data       : No context for object [ffff88040d822eb0]
[   25.537695]      scan-1141 get_device_data       : No context for object [ffff88040d822ed8]
[   25.537895]     utils-0051 util_eval_error       : Evaluate [\_SB_.PCI0.PB3_._STA]: AE_NOT_FOUND
[   25.538190] device: 'device:03': device_add
[   25.538253] bus: 'acpi': add device device:03
[   25.538329]     utils-0051 util_eval_error       : Evaluate [\_SB_.PCI0.PB3_._SUN]: AE_NOT_FOUND
[   25.538536]      scan-1933 add_single_object     : Added device:03 [\_SB_.PCI0.PB3_] parent PNP0A08:00
[   25.538717]      scan-1141 get_device_data       : No context for object [ffff88040d822f00]
[   25.538912]      scan-1141 get_device_data       : No context for object [ffff88040d822f28]
[   25.539110]      scan-1141 get_device_data       : No context for object [ffff88040d822f50]
[   25.539307]      scan-1141 get_device_data       : No context for object [ffff88040d822f78]
[   25.539504]      scan-1141 get_device_data       : No context for object [ffff88040d822fa0]
[   25.539681]      scan-1141 get_device_data       : No context for object [ffff88040d822fc8]
[   25.539875]      scan-1141 get_device_data       : No context for object [ffff88040d823000]
[   25.540001]      scan-1141 get_device_data       : No context for object [ffff88040d823028]
[   25.540192]      scan-1141 get_device_data       : No context for object [ffff88040d823050]
[   25.540385]      scan-1141 get_device_data       : No context for object [ffff88040d823078]
[   25.540579]      scan-1141 get_device_data       : No context for object [ffff88040d8230a0]
[   25.540775]      scan-1141 get_device_data       : No context for object [ffff88040d8230c8]
[   25.540970]      scan-1141 get_device_data       : No context for object [ffff88040d8230f0]
[   25.541164]      scan-1141 get_device_data       : No context for object [ffff88040d823118]
[   25.542280]      scan-1141 get_device_data       : No context for object [ffff88040d823140]
[   25.542474]      scan-1141 get_device_data       : No context for object [ffff88040d823168]
[   25.542647]      scan-1141 get_device_data       : No context for object [ffff88040d823190]
[   25.542843]      scan-1141 get_device_data       : No context for object [ffff88040d8231b8]
[   25.543037]      scan-1141 get_device_data       : No context for object [ffff88040d8231e0]
[   25.543233]      scan-1141 get_device_data       : No context for object [ffff88040d823208]
[   25.543495]      scan-1141 get_device_data       : No context for object [ffff88040d823230]
[   25.543674]      scan-1141 get_device_data       : No context for object [ffff88040d823258]
[   25.543865]      scan-1141 get_device_data       : No context for object [ffff88040d823280]
[   25.544062]      scan-1141 get_device_data       : No context for object [ffff88040d8232a8]
[   25.544260]      scan-1141 get_device_data       : No context for object [ffff88040d8232d0]
[   25.544457]      scan-1141 get_device_data       : No context for object [ffff88040d8232f8]
[   25.544655]      scan-1141 get_device_data       : No context for object [ffff88040d823320]
[   25.544853]      scan-1141 get_device_data       : No context for object [ffff88040d823348]
[   25.545047]      scan-1141 get_device_data       : No context for object [ffff88040d823370]
[   25.545245]      scan-1141 get_device_data       : No context for object [ffff88040d823398]
[   25.545443]      scan-1141 get_device_data       : No context for object [ffff88040d8233c0]
[   25.545642]     utils-0051 util_eval_error       : Evaluate [\_SB_.PCI0.PB3_.VGA_._STA]: AE_NOT_FOUND
[   25.545849]     video-0058 backlight_cap_match   : Found generic backlight support
[   25.546058] device: 'LNXVIDEO:00': device_add
[   25.546120] bus: 'acpi': add device LNXVIDEO:00
[   25.546189]     utils-0051 util_eval_error       : Evaluate [\_SB_.PCI0.PB3_.VGA_._SUN]: AE_NOT_FOUND
[   25.546672]      scan-1933 add_single_object     : Added LNXVIDEO:00 [\_SB_.PCI0.PB3_.VGA_] parent device:03
[   25.546672]      scan-1141 get_device_data       : No context for object [ffff88040d8233e8]
[   25.546752]      scan-1141 get_device_data       : No context for object [ffff88040d823410]
[   25.546929]      scan-1141 get_device_data       : No context for object [ffff88040d823438]
[   25.547126]      scan-1141 get_device_data       : No context for object [ffff88040d823460]
[   25.547325]      scan-1141 get_device_data       : No context for object [ffff88040d823488]
[   25.547518]      scan-1141 get_device_data       : No context for object [ffff88040d8234b0]
[   25.547695]      scan-1141 get_device_data       : No context for object [ffff88040d8234d8]
[   25.547892]      scan-1141 get_device_data       : No context for object [ffff88040d823500]
[   25.548090]      scan-1141 get_device_data       : No context for object [ffff88040d823528]
[   25.548287]      scan-1141 get_device_data       : No context for object [ffff88040d823550]
[   25.548485]      scan-1141 get_device_data       : No context for object [ffff88040d823578]
[   25.548673]      scan-1141 get_device_data       : No context for object [ffff88040d8235a0]
[   25.548869]      scan-1141 get_device_data       : No context for object [ffff88040d8235c8]
[   25.549067]      scan-1141 get_device_data       : No context for object [ffff88040d8235f0]
[   25.549264]      scan-1141 get_device_data       : No context for object [ffff88040d823618]
[   25.549461]      scan-1141 get_device_data       : No context for object [ffff88040d823640]
[   25.549658]      scan-1141 get_device_data       : No context for object [ffff88040d823668]
[   25.549856]      scan-1141 get_device_data       : No context for object [ffff88040d823690]
[   25.550002]      scan-1141 get_device_data       : No context for object [ffff88040d8236b8]
[   25.550200]      scan-1141 get_device_data       : No context for object [ffff88040d8236e0]
[   25.550397]      scan-1141 get_device_data       : No context for object [ffff88040d823708]
[   25.550595]      scan-1141 get_device_data       : No context for object [ffff88040d823730]
[   25.550792]      scan-1141 get_device_data       : No context for object [ffff88040d823758]
[   25.550989]      scan-1141 get_device_data       : No context for object [ffff88040d823780]
[   25.551182]      scan-1141 get_device_data       : No context for object [ffff88040d8237a8]
[   25.551379]      scan-1141 get_device_data       : No context for object [ffff88040d8237d0]
[   25.551577]      scan-1141 get_device_data       : No context for object [ffff88040d8237f8]
[   25.551757]      scan-1141 get_device_data       : No context for object [ffff88040d823820]
[   25.551955]      scan-1141 get_device_data       : No context for object [ffff88040d823848]
[   25.552153]      scan-1141 get_device_data       : No context for object [ffff88040d823870]
[   25.552348]      scan-1141 get_device_data       : No context for object [ffff88040d823898]
[   25.552545]      scan-1141 get_device_data       : No context for object [ffff88040d8238c0]
[   25.552697]      scan-1141 get_device_data       : No context for object [ffff88040d8238e8]
[   25.552873]      scan-1141 get_device_data       : No context for object [ffff88040d823910]
[   25.553071]      scan-1141 get_device_data       : No context for object [ffff88040d823938]
[   25.553268]      scan-1141 get_device_data       : No context for object [ffff88040d823960]
[   25.553497]      scan-1141 get_device_data       : No context for object [ffff88040d823988]
[   25.553670]      scan-1141 get_device_data       : No context for object [ffff88040d8239b0]
[   25.553868]      scan-1141 get_device_data       : No context for object [ffff88040d8239d8]
[   25.554066]      scan-1141 get_device_data       : No context for object [ffff88040d837460]
[   25.554263]      scan-1141 get_device_data       : No context for object [ffff88040d83ac08]
[   25.554461]      scan-1141 get_device_data       : No context for object [ffff88040d83ac30]
[   25.554655]      scan-1141 get_device_data       : No context for object [ffff88040d83ac58]
[   25.554850]     utils-0051 util_eval_error       : Evaluate [\_SB_.PCI0.PB3_.VGA_.CRT_._STA]: AE_NOT_FOUND
[   25.555093] device: 'device:04': device_add
[   25.555203] bus: 'acpi': add device device:04
[   25.555277]     utils-0051 util_eval_error       : Evaluate [\_SB_.PCI0.PB3_.VGA_.CRT_._SUN]: AE_NOT_FOUND
[   25.555485]      scan-1933 add_single_object     : Added device:04 [\_SB_.PCI0.PB3_.VGA_.CRT_] parent LNXVIDEO:00
[   25.555666]      scan-1141 get_device_data       : No context for object [ffff88040d83ac80]
[   25.555864]      scan-1141 get_device_data       : No context for object [ffff88040d83aca8]
[   25.556058]      scan-1141 get_device_data       : No context for object [ffff88040d83acd0]
[   25.556255]      scan-1141 get_device_data       : No context for object [ffff88040d83acf8]
[   25.556449]      scan-1141 get_device_data       : No context for object [ffff88040d83ad20]
[   25.556671]     utils-0051 util_eval_error       : Evaluate [\_SB_.PCI0.PB3_.VGA_.LCD_._STA]: AE_NOT_FOUND
[   25.556912] device: 'device:05': device_add
[   25.557019] bus: 'acpi': add device device:05
[   25.557093]     utils-0051 util_eval_error       : Evaluate [\_SB_.PCI0.PB3_.VGA_.LCD_._SUN]: AE_NOT_FOUND
[   25.557291]      scan-1933 add_single_object     : Added device:05 [\_SB_.PCI0.PB3_.VGA_.LCD_] parent LNXVIDEO:00
[   25.557491]      scan-1141 get_device_data       : No context for object [ffff88040d83ad48]
[   25.557678]      scan-1141 get_device_data       : No context for object [ffff88040d83ad70]
[   25.557875]      scan-1141 get_device_data       : No context for object [ffff88040d83ad98]
[   25.558071]      scan-1141 get_device_data       : No context for object [ffff88040d83adc0]
[   25.558266]      scan-1141 get_device_data       : No context for object [ffff88040d83ade8]
[   25.558459]      scan-1141 get_device_data       : No context for object [ffff88040d83ae10]
[   25.558651]      scan-1141 get_device_data       : No context for object [ffff88040d83ae38]
[   25.558845]      scan-1141 get_device_data       : No context for object [ffff88040d83ae60]
[   25.559041]     utils-0051 util_eval_error       : Evaluate [\_SB_.PCI0.PB3_.VGA_.TV0_._STA]: AE_NOT_FOUND
[   25.559271] device: 'device:06': device_add
[   25.559332] bus: 'acpi': add device device:06
[   25.559407]     utils-0051 util_eval_error       : Evaluate [\_SB_.PCI0.PB3_.VGA_.TV0_._SUN]: AE_NOT_FOUND
[   25.560005]      scan-1933 add_single_object     : Added device:06 [\_SB_.PCI0.PB3_.VGA_.TV0_] parent LNXVIDEO:00
[   25.560006]      scan-1141 get_device_data       : No context for object [ffff88040d83ae88]
[   25.560203]      scan-1141 get_device_data       : No context for object [ffff88040d83aeb0]
[   25.560398]      scan-1141 get_device_data       : No context for object [ffff88040d83aed8]
[   25.560596]      scan-1141 get_device_data       : No context for object [ffff88040d83af00]
[   25.560793]      scan-1141 get_device_data       : No context for object [ffff88040d83af28]
[   25.560988]     utils-0051 util_eval_error       : Evaluate [\_SB_.PCI0.PB3_.VGA_.HDMI._STA]: AE_NOT_FOUND
[   25.561230] device: 'device:07': device_add
[   25.561339] bus: 'acpi': add device device:07
[   25.561410]     utils-0051 util_eval_error       : Evaluate [\_SB_.PCI0.PB3_.VGA_.HDMI._SUN]: AE_NOT_FOUND
[   25.561613]      scan-1933 add_single_object     : Added device:07 [\_SB_.PCI0.PB3_.VGA_.HDMI] parent LNXVIDEO:00
[   25.561815]      scan-1141 get_device_data       : No context for object [ffff88040d83af50]
[   25.561993]      scan-1141 get_device_data       : No context for object [ffff88040d83af78]
[   25.562190]      scan-1141 get_device_data       : No context for object [ffff88040d83afa0]
[   25.562387]      scan-1141 get_device_data       : No context for object [ffff88040d83afc8]
[   25.562587]      scan-1141 get_device_data       : No context for object [ffff88040d823a00]
[   25.563462]     utils-0051 util_eval_error       : Evaluate [\_SB_.PCI0.PB3_.HDAU._STA]: AE_NOT_FOUND
[   25.563696] device: 'device:08': device_add
[   25.563763] bus: 'acpi': add device device:08
[   25.563837]     utils-0051 util_eval_error       : Evaluate [\_SB_.PCI0.PB3_.HDAU._SUN]: AE_NOT_FOUND
[   25.564044]      scan-1933 add_single_object     : Added device:08 [\_SB_.PCI0.PB3_.HDAU] parent device:03
[   25.564246]      scan-1141 get_device_data       : No context for object [ffff88040d823a28]
[   25.564444]      scan-1141 get_device_data       : No context for object [ffff88040d823a50]
[   25.564639]      scan-1141 get_device_data       : No context for object [ffff88040d823a78]
[   25.564836]      scan-1141 get_device_data       : No context for object [ffff88040d823aa0]
[   25.565033]      scan-1141 get_device_data       : No context for object [ffff88040d823ac8]
[   25.565231]      scan-1141 get_device_data       : No context for object [ffff88040d823af0]
[   25.565429]      scan-1141 get_device_data       : No context for object [ffff88040d823b18]
[   25.565628]     utils-0051 util_eval_error       : Evaluate [\_SB_.PCI0.PB4_._STA]: AE_NOT_FOUND
[   25.565836] device: 'device:09': device_add
[   25.565897] bus: 'acpi': add device device:09
[   25.565971]     utils-0051 util_eval_error       : Evaluate [\_SB_.PCI0.PB4_._SUN]: AE_NOT_FOUND
[   25.566671]      scan-1933 add_single_object     : Added device:09 [\_SB_.PCI0.PB4_] parent PNP0A08:00
[   25.566671]      scan-1141 get_device_data       : No context for object [ffff88040d823b40]
[   25.566671]      scan-1141 get_device_data       : No context for object [ffff88040d823b68]
[   25.566671]      scan-1141 get_device_data       : No context for object [ffff88040d823b90]
[   25.566846]      scan-1141 get_device_data       : No context for object [ffff88040d823bb8]
[   25.567042]      scan-1141 get_device_data       : No context for object [ffff88040d823be0]
[   25.567239]      scan-1141 get_device_data       : No context for object [ffff88040d823c08]
[   25.567436]      scan-1141 get_device_data       : No context for object [ffff88040d823c30]
[   25.567613]      scan-1141 get_device_data       : No context for object [ffff88040d823c58]
[   25.567812]      scan-1141 get_device_data       : No context for object [ffff88040d823c80]
[   25.568009]      scan-1141 get_device_data       : No context for object [ffff88040d823ca8]
[   25.568205]      scan-1141 get_device_data       : No context for object [ffff88040d823cd0]
[   25.568400]      scan-1141 get_device_data       : No context for object [ffff88040d823cf8]
[   25.568597]      scan-1141 get_device_data       : No context for object [ffff88040d823d20]
[   25.568794]      scan-1141 get_device_data       : No context for object [ffff88040d823d48]
[   25.568991]      scan-1141 get_device_data       : No context for object [ffff88040d823d70]
[   25.569188]      scan-1141 get_device_data       : No context for object [ffff88040d823d98]
[   25.569385]      scan-1141 get_device_data       : No context for object [ffff88040d823dc0]
[   25.569577]      scan-1141 get_device_data       : No context for object [ffff88040d823de8]
[   25.569775]      scan-1141 get_device_data       : No context for object [ffff88040d823e10]
[   25.570002]      scan-1141 get_device_data       : No context for object [ffff88040d823e38]
[   25.570200]      scan-1141 get_device_data       : No context for object [ffff88040d823e60]
[   25.570397]      scan-1141 get_device_data       : No context for object [ffff88040d823e88]
[   25.570595]      scan-1141 get_device_data       : No context for object [ffff88040d823eb0]
[   25.570775]      scan-1141 get_device_data       : No context for object [ffff88040d823ed8]
[   25.570972]      scan-1141 get_device_data       : No context for object [ffff88040d823f00]
[   25.571170]      scan-1141 get_device_data       : No context for object [ffff88040d823f28]
[   25.571368]      scan-1141 get_device_data       : No context for object [ffff88040d823f50]
[   25.571565]      scan-1141 get_device_data       : No context for object [ffff88040d823f78]
[   25.571716]      scan-1141 get_device_data       : No context for object [ffff88040d823fa0]
[   25.571893]      scan-1141 get_device_data       : No context for object [ffff88040d823fc8]
[   25.572088]      scan-1141 get_device_data       : No context for object [ffff88040d825000]
[   25.572287]     utils-0051 util_eval_error       : Evaluate [\_SB_.PCI0.PB4_.XPDV._STA]: AE_NOT_FOUND
[   25.572520] device: 'device:0a': device_add
[   25.572583] bus: 'acpi': add device device:0a
[   25.572658]     utils-0051 util_eval_error       : Evaluate [\_SB_.PCI0.PB4_.XPDV._SUN]: AE_NOT_FOUND
[   25.573338]      scan-1933 add_single_object     : Added device:0a [\_SB_.PCI0.PB4_.XPDV] parent device:09
[   25.573338]      scan-1141 get_device_data       : No context for object [ffff88040d825028]
[   25.573338]      scan-1141 get_device_data       : No context for object [ffff88040d825050]
[   25.573460]      scan-1141 get_device_data       : No context for object [ffff88040d825078]
[   25.573655]      scan-1141 get_device_data       : No context for object [ffff88040d8250a0]
[   25.573850]      scan-1141 get_device_data       : No context for object [ffff88040d8250c8]
[   25.574045]      scan-1141 get_device_data       : No context for object [ffff88040d837500]
[   25.574239]      scan-1141 get_device_data       : No context for object [ffff88040d8250f0]
[   25.574433]      scan-1141 get_device_data       : No context for object [ffff88040d825118]
[   25.574626]     utils-0051 util_eval_error       : Evaluate [\_SB_.PCI0.PB5_._STA]: AE_NOT_FOUND
[   25.574900] device: 'device:0b': device_add
[   25.574962] bus: 'acpi': add device device:0b
[   25.575038]     utils-0051 util_eval_error       : Evaluate [\_SB_.PCI0.PB5_._SUN]: AE_NOT_FOUND
[   25.575241]      scan-1933 add_single_object     : Added device:0b [\_SB_.PCI0.PB5_] parent PNP0A08:00
[   25.575441]      scan-1141 get_device_data       : No context for object [ffff88040d825140]
[   25.575634]      scan-1141 get_device_data       : No context for object [ffff88040d825168]
[   25.575826]      scan-1141 get_device_data       : No context for object [ffff88040d825190]
[   25.576023]      scan-1141 get_device_data       : No context for object [ffff88040d8251b8]
[   25.576218]      scan-1141 get_device_data       : No context for object [ffff88040d8251e0]
[   25.576412]      scan-1141 get_device_data       : No context for object [ffff88040d825208]
[   25.576606]      scan-1141 get_device_data       : No context for object [ffff88040d825230]
[   25.576785]      scan-1141 get_device_data       : No context for object [ffff88040d825258]
[   25.576957]      scan-1141 get_device_data       : No context for object [ffff88040d825280]
[   25.577151]      scan-1141 get_device_data       : No context for object [ffff88040d8252a8]
[   25.577348]      scan-1141 get_device_data       : No context for object [ffff88040d8252d0]
[   25.577546]      scan-1141 get_device_data       : No context for object [ffff88040d8252f8]
[   25.577723]      scan-1141 get_device_data       : No context for object [ffff88040d825320]
[   25.577921]      scan-1141 get_device_data       : No context for object [ffff88040d825348]
[   25.579139]      scan-1141 get_device_data       : No context for object [ffff88040d825370]
[   25.579335]      scan-1141 get_device_data       : No context for object [ffff88040d825398]
[   25.579531]      scan-1141 get_device_data       : No context for object [ffff88040d8253c0]
[   25.579708]      scan-1141 get_device_data       : No context for object [ffff88040d8253e8]
[   25.579905]      scan-1141 get_device_data       : No context for object [ffff88040d825410]
[   25.580002]      scan-1141 get_device_data       : No context for object [ffff88040d825438]
[   25.580200]      scan-1141 get_device_data       : No context for object [ffff88040d825460]
[   25.580398]      scan-1141 get_device_data       : No context for object [ffff88040d825488]
[   25.580584]      scan-1141 get_device_data       : No context for object [ffff88040d8254b0]
[   25.580782]      scan-1141 get_device_data       : No context for object [ffff88040d8254d8]
[   25.580979]      scan-1141 get_device_data       : No context for object [ffff88040d825500]
[   25.581176]      scan-1141 get_device_data       : No context for object [ffff88040d825528]
[   25.581373]      scan-1141 get_device_data       : No context for object [ffff88040d825550]
[   25.581570]      scan-1141 get_device_data       : No context for object [ffff88040d825578]
[   25.581765]      scan-1141 get_device_data       : No context for object [ffff88040d8255a0]
[   25.581963]      scan-1141 get_device_data       : No context for object [ffff88040d8255c8]
[   25.582161]      scan-1141 get_device_data       : No context for object [ffff88040d8255f0]
[   25.582360]     utils-0051 util_eval_error       : Evaluate [\_SB_.PCI0.PB5_.XPDV._STA]: AE_NOT_FOUND
[   25.582592] device: 'device:0c': device_add
[   25.582655] bus: 'acpi': add device device:0c
[   25.582729]     utils-0051 util_eval_error       : Evaluate [\_SB_.PCI0.PB5_.XPDV._SUN]: AE_NOT_FOUND
[   25.583369]      scan-1933 add_single_object     : Added device:0c [\_SB_.PCI0.PB5_.XPDV] parent device:0b
[   25.583369]      scan-1141 get_device_data       : No context for object [ffff88040d825618]
[   25.583369]      scan-1141 get_device_data       : No context for object [ffff88040d825640]
[   25.583534]      scan-1141 get_device_data       : No context for object [ffff88040d825668]
[   25.583719]      scan-1141 get_device_data       : No context for object [ffff88040d825690]
[   25.583917]      scan-1141 get_device_data       : No context for object [ffff88040d8256b8]
[   25.584113]      scan-1141 get_device_data       : No context for object [ffff88040d837528]
[   25.584309]      scan-1141 get_device_data       : No context for object [ffff88040d8256e0]
[   25.584506]      scan-1141 get_device_data       : No context for object [ffff88040d825708]
[   25.584660]     utils-0051 util_eval_error       : Evaluate [\_SB_.PCI0.PB6_._STA]: AE_NOT_FOUND
[   25.584933] device: 'device:0d': device_add
[   25.584996] bus: 'acpi': add device device:0d
[   25.585071]     utils-0051 util_eval_error       : Evaluate [\_SB_.PCI0.PB6_._SUN]: AE_NOT_FOUND
[   25.585278]      scan-1933 add_single_object     : Added device:0d [\_SB_.PCI0.PB6_] parent PNP0A08:00
[   25.585473]      scan-1141 get_device_data       : No context for object [ffff88040d825730]
[   25.585652]      scan-1141 get_device_data       : No context for object [ffff88040d825758]
[   25.585850]      scan-1141 get_device_data       : No context for object [ffff88040d825780]
[   25.586048]      scan-1141 get_device_data       : No context for object [ffff88040d8257a8]
[   25.586246]      scan-1141 get_device_data       : No context for object [ffff88040d8257d0]
[   25.586443]      scan-1141 get_device_data       : No context for object [ffff88040d8257f8]
[   25.586668]      scan-1141 get_device_data       : No context for object [ffff88040d825820]
[   25.586864]      scan-1141 get_device_data       : No context for object [ffff88040d825848]
[   25.587061]      scan-1141 get_device_data       : No context for object [ffff88040d825870]
[   25.587259]      scan-1141 get_device_data       : No context for object [ffff88040d825898]
[   25.587457]      scan-1141 get_device_data       : No context for object [ffff88040d8258c0]
[   25.587635]      scan-1141 get_device_data       : No context for object [ffff88040d8258e8]
[   25.587833]      scan-1141 get_device_data       : No context for object [ffff88040d825910]
[   25.588026]      scan-1141 get_device_data       : No context for object [ffff88040d825938]
[   25.588224]      scan-1141 get_device_data       : No context for object [ffff88040d825960]
[   25.588421]      scan-1141 get_device_data       : No context for object [ffff88040d825988]
[   25.588619]      scan-1141 get_device_data       : No context for object [ffff88040d8259b0]
[   25.588816]      scan-1141 get_device_data       : No context for object [ffff88040d8259d8]
[   25.589013]      scan-1141 get_device_data       : No context for object [ffff88040d825a00]
[   25.589207]      scan-1141 get_device_data       : No context for object [ffff88040d825a28]
[   25.589405]      scan-1141 get_device_data       : No context for object [ffff88040d825a50]
[   25.589602]      scan-1141 get_device_data       : No context for object [ffff88040d825a78]
[   25.589779]      scan-1141 get_device_data       : No context for object [ffff88040d825aa0]
[   25.590003]      scan-1141 get_device_data       : No context for object [ffff88040d825ac8]
[   25.590197]      scan-1141 get_device_data       : No context for object [ffff88040d825af0]
[   25.590390]      scan-1141 get_device_data       : No context for object [ffff88040d825b18]
[   25.590586]      scan-1141 get_device_data       : No context for object [ffff88040d825b40]
[   25.590732]      scan-1141 get_device_data       : No context for object [ffff88040d825b68]
[   25.590908]      scan-1141 get_device_data       : No context for object [ffff88040d825b90]
[   25.591105]      scan-1141 get_device_data       : No context for object [ffff88040d825bb8]
[   25.591300]      scan-1141 get_device_data       : No context for object [ffff88040d825be0]
[   25.591495]     utils-0051 util_eval_error       : Evaluate [\_SB_.PCI0.PB6_.XPDV._STA]: AE_NOT_FOUND
[   25.591695] device: 'device:0e': device_add
[   25.591758] bus: 'acpi': add device device:0e
[   25.591833]     utils-0051 util_eval_error       : Evaluate [\_SB_.PCI0.PB6_.XPDV._SUN]: AE_NOT_FOUND
[   25.592038]      scan-1933 add_single_object     : Added device:0e [\_SB_.PCI0.PB6_.XPDV] parent device:0d
[   25.592236]      scan-1141 get_device_data       : No context for object [ffff88040d825c08]
[   25.592431]      scan-1141 get_device_data       : No context for object [ffff88040d825c30]
[   25.592627]      scan-1141 get_device_data       : No context for object [ffff88040d825c58]
[   25.592804]      scan-1141 get_device_data       : No context for object [ffff88040d825c80]
[   25.592997]      scan-1141 get_device_data       : No context for object [ffff88040d825ca8]
[   25.593192]      scan-1141 get_device_data       : No context for object [ffff88040d837550]
[   25.593336]      scan-1141 get_device_data       : No context for object [ffff88040d825cd0]
[   25.593531]      scan-1141 get_device_data       : No context for object [ffff88040d825cf8]
[   25.593680]     utils-0051 util_eval_error       : Evaluate [\_SB_.PCI0.PB7_._STA]: AE_NOT_FOUND
[   25.593900] device: 'device:0f': device_add
[   25.593960] bus: 'acpi': add device device:0f
[   25.594026]     utils-0051 util_eval_error       : Evaluate [\_SB_.PCI0.PB7_._SUN]: AE_NOT_FOUND
[   25.594231]      scan-1933 add_single_object     : Added device:0f [\_SB_.PCI0.PB7_] parent PNP0A08:00
[   25.594433]      scan-1141 get_device_data       : No context for object [ffff88040d825d20]
[   25.594610]      scan-1141 get_device_data       : No context for object [ffff88040d825d48]
[   25.594808]      scan-1141 get_device_data       : No context for object [ffff88040d825d70]
[   25.595005]      scan-1141 get_device_data       : No context for object [ffff88040d825d98]
[   25.595202]      scan-1141 get_device_data       : No context for object [ffff88040d825dc0]
[   25.595398]      scan-1141 get_device_data       : No context for object [ffff88040d825de8]
[   25.595595]      scan-1141 get_device_data       : No context for object [ffff88040d825e10]
[   25.595792]      scan-1141 get_device_data       : No context for object [ffff88040d825e38]
[   25.595990]      scan-1141 get_device_data       : No context for object [ffff88040d825e60]
[   25.596187]      scan-1141 get_device_data       : No context for object [ffff88040d825e88]
[   25.596669]      scan-1141 get_device_data       : No context for object [ffff88040d825eb0]
[   25.596866]      scan-1141 get_device_data       : No context for object [ffff88040d825ed8]
[   25.597060]      scan-1141 get_device_data       : No context for object [ffff88040d825f00]
[   25.597258]      scan-1141 get_device_data       : No context for object [ffff88040d825f28]
[   25.597455]      scan-1141 get_device_data       : No context for object [ffff88040d825f50]
[   25.597653]      scan-1141 get_device_data       : No context for object [ffff88040d825f78]
[   25.597850]      scan-1141 get_device_data       : No context for object [ffff88040d825fa0]
[   25.598048]      scan-1141 get_device_data       : No context for object [ffff88040d825fc8]
[   25.598242]      scan-1141 get_device_data       : No context for object [ffff88040d827000]
[   25.598441]      scan-1141 get_device_data       : No context for object [ffff88040d827028]
[   25.598638]      scan-1141 get_device_data       : No context for object [ffff88040d827050]
[   25.598835]      scan-1141 get_device_data       : No context for object [ffff88040d827078]
[   25.599012]      scan-1141 get_device_data       : No context for object [ffff88040d8270a0]
[   25.600002]      scan-1141 get_device_data       : No context for object [ffff88040d8270c8]
[   25.600199]      scan-1141 get_device_data       : No context for object [ffff88040d8270f0]
[   25.600395]      scan-1141 get_device_data       : No context for object [ffff88040d827118]
[   25.600593]      scan-1141 get_device_data       : No context for object [ffff88040d827140]
[   25.600744]      scan-1141 get_device_data       : No context for object [ffff88040d827168]
[   25.600920]      scan-1141 get_device_data       : No context for object [ffff88040d827190]
[   25.601117]      scan-1141 get_device_data       : No context for object [ffff88040d8271b8]
[   25.601314]      scan-1141 get_device_data       : No context for object [ffff88040d8271e0]
[   25.601509]     utils-0051 util_eval_error       : Evaluate [\_SB_.PCI0.PB7_.XPDV._STA]: AE_NOT_FOUND
[   25.601723] device: 'device:10': device_add
[   25.601786] bus: 'acpi': add device device:10
[   25.601861]     utils-0051 util_eval_error       : Evaluate [\_SB_.PCI0.PB7_.XPDV._SUN]: AE_NOT_FOUND
[   25.602067]      scan-1933 add_single_object     : Added device:10 [\_SB_.PCI0.PB7_.XPDV] parent device:0f
[   25.602269]      scan-1141 get_device_data       : No context for object [ffff88040d827208]
[   25.602467]      scan-1141 get_device_data       : No context for object [ffff88040d827230]
[   25.602663]      scan-1141 get_device_data       : No context for object [ffff88040d827258]
[   25.602858]      scan-1141 get_device_data       : No context for object [ffff88040d827280]
[   25.603056]      scan-1141 get_device_data       : No context for object [ffff88040d8272a8]
[   25.603253]      scan-1141 get_device_data       : No context for object [ffff88040d837488]
[   25.603464]      scan-1141 get_device_data       : No context for object [ffff88040d8272d0]
[   25.603662]      scan-1141 get_device_data       : No context for object [ffff88040d8272f8]
[   25.603860]     utils-0051 util_eval_error       : Evaluate [\_SB_.PCI0.OHC1._STA]: AE_NOT_FOUND
[   25.604102] device: 'device:11': device_add
[   25.604165] bus: 'acpi': add device device:11
[   25.604242]     utils-0051 util_eval_error       : Evaluate [\_SB_.PCI0.OHC1._SUN]: AE_NOT_FOUND
[   25.604449]      scan-1933 add_single_object     : Added device:11 [\_SB_.PCI0.OHC1] parent PNP0A08:00
[   25.604651]      scan-1141 get_device_data       : No context for object [ffff88040d827320]
[   25.604848]      scan-1141 get_device_data       : No context for object [ffff88040d827348]
[   25.605045]      scan-1141 get_device_data       : No context for object [ffff88040d83b2f8]
[   25.605239]     utils-0051 util_eval_error       : Evaluate [\_SB_.PCI0.OHC1.RHUB._STA]: AE_NOT_FOUND
[   25.605471] device: 'device:12': device_add
[   25.605534] bus: 'acpi': add device device:12
[   25.605609]     utils-0051 util_eval_error       : Evaluate [\_SB_.PCI0.OHC1.RHUB._SUN]: AE_NOT_FOUND
[   25.605770]      scan-1933 add_single_object     : Added device:12 [\_SB_.PCI0.OHC1.RHUB] parent device:11
[   25.605951]      scan-1141 get_device_data       : No context for object [ffff88040d83b320]
[   25.606148]      scan-1141 get_device_data       : No context for object [ffff88040d83b348]
[   25.606347]     utils-0051 util_eval_error       : Evaluate [\_SB_.PCI0.OHC1.RHUB.PRT3._STA]: AE_NOT_FOUND
[   25.606574] device: 'device:13': device_add
[   25.606636] bus: 'acpi': add device device:13
[   25.606684]     utils-0051 util_eval_error       : Evaluate [\_SB_.PCI0.OHC1.RHUB.PRT3._SUN]: AE_NOT_FOUND
[   25.606870]      scan-1933 add_single_object     : Added device:13 [\_SB_.PCI0.OHC1.RHUB.PRT3] parent device:12
[   25.607069]      scan-1141 get_device_data       : No context for object [ffff88040d83b370]
[   25.607263]      scan-1141 get_device_data       : No context for object [ffff88040d83b398]
[   25.607458]      scan-1141 get_device_data       : No context for object [ffff88040d83b3c0]
[   25.607649]      scan-1141 get_device_data       : No context for object [ffff88040d83b3e8]
[   25.607844]     utils-0051 util_eval_error       : Evaluate [\_SB_.PCI0.OHC1.RHUB.PRT4._STA]: AE_NOT_FOUND
[   25.608074] device: 'device:14': device_add
[   25.608135] bus: 'acpi': add device device:14
[   25.608213]     utils-0051 util_eval_error       : Evaluate [\_SB_.PCI0.OHC1.RHUB.PRT4._SUN]: AE_NOT_FOUND
[   25.608418]      scan-1933 add_single_object     : Added device:14 [\_SB_.PCI0.OHC1.RHUB.PRT4] parent device:12
[   25.608618]      scan-1141 get_device_data       : No context for object [ffff88040d83b410]
[   25.608794]      scan-1141 get_device_data       : No context for object [ffff88040d83b438]
[   25.608987]      scan-1141 get_device_data       : No context for object [ffff88040d83b460]
[   25.609182]      scan-1141 get_device_data       : No context for object [ffff88040d827370]
[   25.609378]     utils-0051 util_eval_error       : Evaluate [\_SB_.PCI0.EHC1._STA]: AE_NOT_FOUND
[   25.609621] device: 'device:15': device_add
[   25.609683] bus: 'acpi': add device device:15
[   25.609755]     utils-0051 util_eval_error       : Evaluate [\_SB_.PCI0.EHC1._SUN]: AE_NOT_FOUND
[   25.610020]      scan-1933 add_single_object     : Added device:15 [\_SB_.PCI0.EHC1] parent PNP0A08:00
[   25.610164]      scan-1141 get_device_data       : No context for object [ffff88040d827398]
[   25.610359]      scan-1141 get_device_data       : No context for object [ffff88040d8273c0]
[   25.610553]      scan-1141 get_device_data       : No context for object [ffff88040d83b028]
[   25.610731]     utils-0051 util_eval_error       : Evaluate [\_SB_.PCI0.EHC1.RHUB._STA]: AE_NOT_FOUND
[   25.610963] device: 'device:16': device_add
[   25.611026] bus: 'acpi': add device device:16
[   25.611100]     utils-0051 util_eval_error       : Evaluate [\_SB_.PCI0.EHC1.RHUB._SUN]: AE_NOT_FOUND
[   25.611301]      scan-1933 add_single_object     : Added device:16 [\_SB_.PCI0.EHC1.RHUB] parent device:15
[   25.611503]      scan-1141 get_device_data       : No context for object [ffff88040d83b050]
[   25.611681]      scan-1141 get_device_data       : No context for object [ffff88040d83b078]
[   25.611881]     utils-0051 util_eval_error       : Evaluate [\_SB_.PCI0.EHC1.RHUB.PRT3._STA]: AE_NOT_FOUND
[   25.612113] device: 'device:17': device_add
[   25.612176] bus: 'acpi': add device device:17
[   25.612253]     utils-0051 util_eval_error       : Evaluate [\_SB_.PCI0.EHC1.RHUB.PRT3._SUN]: AE_NOT_FOUND
[   25.613334]      scan-1933 add_single_object     : Added device:17 [\_SB_.PCI0.EHC1.RHUB.PRT3] parent device:16
[   25.613334]      scan-1141 get_device_data       : No context for object [ffff88040d83b0a0]
[   25.613334]      scan-1141 get_device_data       : No context for object [ffff88040d83b0c8]
[   25.613334]      scan-1141 get_device_data       : No context for object [ffff88040d83b0f0]
[   25.613334]      scan-1141 get_device_data       : No context for object [ffff88040d83b118]
[   25.613337]     utils-0051 util_eval_error       : Evaluate [\_SB_.PCI0.EHC1.RHUB.PRT4._STA]: AE_NOT_FOUND
[   25.613558] device: 'device:18': device_add
[   25.613617] bus: 'acpi': add device device:18
[   25.613691]     utils-0051 util_eval_error       : Evaluate [\_SB_.PCI0.EHC1.RHUB.PRT4._SUN]: AE_NOT_FOUND
[   25.613900]      scan-1933 add_single_object     : Added device:18 [\_SB_.PCI0.EHC1.RHUB.PRT4] parent device:16
[   25.614102]      scan-1141 get_device_data       : No context for object [ffff88040d83b140]
[   25.614299]      scan-1141 get_device_data       : No context for object [ffff88040d83b168]
[   25.614497]      scan-1141 get_device_data       : No context for object [ffff88040d83b190]
[   25.615713]      scan-1141 get_device_data       : No context for object [ffff88040d8273e8]
[   25.615913]     utils-0051 util_eval_error       : Evaluate [\_SB_.PCI0.OHC2._STA]: AE_NOT_FOUND
[   25.616148] device: 'device:19': device_add
[   25.616212] bus: 'acpi': add device device:19
[   25.616286]     utils-0051 util_eval_error       : Evaluate [\_SB_.PCI0.OHC2._SUN]: AE_NOT_FOUND
[   25.616672]      scan-1933 add_single_object     : Added device:19 [\_SB_.PCI0.OHC2] parent PNP0A08:00
[   25.616756]      scan-1141 get_device_data       : No context for object [ffff88040d827410]
[   25.616933]      scan-1141 get_device_data       : No context for object [ffff88040d827438]
[   25.617131]      scan-1141 get_device_data       : No context for object [ffff88040d83b488]
[   25.617329]     utils-0051 util_eval_error       : Evaluate [\_SB_.PCI0.OHC2.RHUB._STA]: AE_NOT_FOUND
[   25.617557] device: 'device:1a': device_add
[   25.617622] bus: 'acpi': add device device:1a
[   25.617697]     utils-0051 util_eval_error       : Evaluate [\_SB_.PCI0.OHC2.RHUB._SUN]: AE_NOT_FOUND
[   25.617884]      scan-1933 add_single_object     : Added device:1a [\_SB_.PCI0.OHC2.RHUB] parent device:19
[   25.618087]      scan-1141 get_device_data       : No context for object [ffff88040d83b4b0]
[   25.618284]      scan-1141 get_device_data       : No context for object [ffff88040d83b4d8]
[   25.618483]     utils-0051 util_eval_error       : Evaluate [\_SB_.PCI0.OHC2.RHUB.PRT4._STA]: AE_NOT_FOUND
[   25.618698] device: 'device:1b': device_add
[   25.618761] bus: 'acpi': add device device:1b
[   25.618835]     utils-0051 util_eval_error       : Evaluate [\_SB_.PCI0.OHC2.RHUB.PRT4._SUN]: AE_NOT_FOUND
[   25.619043]      scan-1933 add_single_object     : Added device:1b [\_SB_.PCI0.OHC2.RHUB.PRT4] parent device:1a
[   25.619245]      scan-1141 get_device_data       : No context for object [ffff88040d83b500]
[   25.619444]      scan-1141 get_device_data       : No context for object [ffff88040d83b528]
[   25.619641]      scan-1141 get_device_data       : No context for object [ffff88040d83b550]
[   25.619836]      scan-1141 get_device_data       : No context for object [ffff88040d827460]
[   25.620004]     utils-0051 util_eval_error       : Evaluate [\_SB_.PCI0.EHC2._STA]: AE_NOT_FOUND
[   25.620248] device: 'device:1c': device_add
[   25.620312] bus: 'acpi': add device device:1c
[   25.620388]     utils-0051 util_eval_error       : Evaluate [\_SB_.PCI0.EHC2._SUN]: AE_NOT_FOUND
[   25.620595]      scan-1933 add_single_object     : Added device:1c [\_SB_.PCI0.EHC2] parent PNP0A08:00
[   25.620781]      scan-1141 get_device_data       : No context for object [ffff88040d827488]
[   25.620979]      scan-1141 get_device_data       : No context for object [ffff88040d8274b0]
[   25.621173]      scan-1141 get_device_data       : No context for object [ffff88040d83b1b8]
[   25.621372]     utils-0051 util_eval_error       : Evaluate [\_SB_.PCI0.EHC2.RHUB._STA]: AE_NOT_FOUND
[   25.621604] device: 'device:1d': device_add
[   25.621667] bus: 'acpi': add device device:1d
[   25.621742]     utils-0051 util_eval_error       : Evaluate [\_SB_.PCI0.EHC2.RHUB._SUN]: AE_NOT_FOUND
[   25.621928]      scan-1933 add_single_object     : Added device:1d [\_SB_.PCI0.EHC2.RHUB] parent device:1c
[   25.622130]      scan-1141 get_device_data       : No context for object [ffff88040d83b1e0]
[   25.622322]      scan-1141 get_device_data       : No context for object [ffff88040d83b208]
[   25.622522]     utils-0051 util_eval_error       : Evaluate [\_SB_.PCI0.EHC2.RHUB.PRT2._STA]: AE_NOT_FOUND
[   25.622733] device: 'device:1e': device_add
[   25.622796] bus: 'acpi': add device device:1e
[   25.622870]     utils-0051 util_eval_error       : Evaluate [\_SB_.PCI0.EHC2.RHUB.PRT2._SUN]: AE_NOT_FOUND
[   25.623355]      scan-1933 add_single_object     : Added device:1e [\_SB_.PCI0.EHC2.RHUB.PRT2] parent device:1d
[   25.623355]      scan-1141 get_device_data       : No context for object [ffff88040d83b230]
[   25.623494]      scan-1141 get_device_data       : No context for object [ffff88040d83b258]
[   25.623668]      scan-1141 get_device_data       : No context for object [ffff88040d83b280]
[   25.623862]      scan-1141 get_device_data       : No context for object [ffff88040d8274d8]
[   25.624060]     utils-0051 util_eval_error       : Evaluate [\_SB_.PCI0.OHC3._STA]: AE_NOT_FOUND
[   25.624302] device: 'device:1f': device_add
[   25.624363] bus: 'acpi': add device device:1f
[   25.624440]     utils-0051 util_eval_error       : Evaluate [\_SB_.PCI0.OHC3._SUN]: AE_NOT_FOUND
[   25.624641]      scan-1933 add_single_object     : Added device:1f [\_SB_.PCI0.OHC3] parent PNP0A08:00
[   25.624833]      scan-1141 get_device_data       : No context for object [ffff88040d827500]
[   25.625028]      scan-1141 get_device_data       : No context for object [ffff88040d827528]
[   25.625223]      scan-1141 get_device_data       : No context for object [ffff88040d83b578]
[   25.625420]     utils-0051 util_eval_error       : Evaluate [\_SB_.PCI0.OHC3.RHUB._STA]: AE_NOT_FOUND
[   25.625653] device: 'device:20': device_add
[   25.625752] bus: 'acpi': add device device:20
[   25.625825]     utils-0051 util_eval_error       : Evaluate [\_SB_.PCI0.OHC3.RHUB._SUN]: AE_NOT_FOUND
[   25.626671]      scan-1933 add_single_object     : Added device:20 [\_SB_.PCI0.OHC3.RHUB] parent device:1f
[   25.626671]      scan-1141 get_device_data       : No context for object [ffff88040d83b5a0]
[   25.626671]      scan-1141 get_device_data       : No context for object [ffff88040d827550]
[   25.626671]     utils-0051 util_eval_error       : Evaluate [\_SB_.PCI0.EHC3._STA]: AE_NOT_FOUND
[   25.626859] device: 'device:21': device_add
[   25.626920] bus: 'acpi': add device device:21
[   25.626994]     utils-0051 util_eval_error       : Evaluate [\_SB_.PCI0.EHC3._SUN]: AE_NOT_FOUND
[   25.627194]      scan-1933 add_single_object     : Added device:21 [\_SB_.PCI0.EHC3] parent PNP0A08:00
[   25.627392]      scan-1141 get_device_data       : No context for object [ffff88040d827578]
[   25.627590]      scan-1141 get_device_data       : No context for object [ffff88040d8275a0]
[   25.627742]      scan-1141 get_device_data       : No context for object [ffff88040d83b2a8]
[   25.627921]     utils-0051 util_eval_error       : Evaluate [\_SB_.PCI0.EHC3.RHUB._STA]: AE_NOT_FOUND
[   25.628153] device: 'device:22': device_add
[   25.628216] bus: 'acpi': add device device:22
[   25.628292]     utils-0051 util_eval_error       : Evaluate [\_SB_.PCI0.EHC3.RHUB._SUN]: AE_NOT_FOUND
[   25.628493]      scan-1933 add_single_object     : Added device:22 [\_SB_.PCI0.EHC3.RHUB] parent device:21
[   25.628676]      scan-1141 get_device_data       : No context for object [ffff88040d83b2d0]
[   25.628875]      scan-1141 get_device_data       : No context for object [ffff88040d8275c8]
[   25.629074]     utils-0051 util_eval_error       : Evaluate [\_SB_.PCI0.OHC4._STA]: AE_NOT_FOUND
[   25.629319] device: 'device:23': device_add
[   25.629382] bus: 'acpi': add device device:23
[   25.629456]     utils-0051 util_eval_error       : Evaluate [\_SB_.PCI0.OHC4._SUN]: AE_NOT_FOUND
[   25.630014]      scan-1933 add_single_object     : Added device:23 [\_SB_.PCI0.OHC4] parent PNP0A08:00
[   25.630014]      scan-1141 get_device_data       : No context for object [ffff88040d8275f0]
[   25.630014]      scan-1141 get_device_data       : No context for object [ffff88040d827618]
[   25.630200]      scan-1141 get_device_data       : No context for object [ffff88040d827640]
[   25.630400]     utils-0051 util_eval_error       : Evaluate [\_SB_.PCI0.SBAZ._STA]: AE_NOT_FOUND
[   25.630644] device: 'device:24': device_add
[   25.630706] bus: 'acpi': add device device:24
[   25.630773]     utils-0051 util_eval_error       : Evaluate [\_SB_.PCI0.SBAZ._SUN]: AE_NOT_FOUND
[   25.630976]      scan-1933 add_single_object     : Added device:24 [\_SB_.PCI0.SBAZ] parent PNP0A08:00
[   25.631178]      scan-1141 get_device_data       : No context for object [ffff88040d827668]
[   25.631375]      scan-1141 get_device_data       : No context for object [ffff88040d827690]
[   25.631572]      scan-1141 get_device_data       : No context for object [ffff88040d8276b8]
[   25.631751]     utils-0051 util_eval_error       : Evaluate [\_SB_.PCI0.GEC_._STA]: AE_NOT_FOUND
[   25.631987] device: 'device:25': device_add
[   25.632046] bus: 'acpi': add device device:25
[   25.632114]     utils-0051 util_eval_error       : Evaluate [\_SB_.PCI0.GEC_._SUN]: AE_NOT_FOUND
[   25.632323]      scan-1933 add_single_object     : Added device:25 [\_SB_.PCI0.GEC_] parent PNP0A08:00
[   25.632526]      scan-1141 get_device_data       : No context for object [ffff88040d8276e0]
[   25.632676]      scan-1141 get_device_data       : No context for object [ffff88040d827708]
[   25.632854]      scan-1141 get_device_data       : No context for object [ffff88040d827730]
[   25.633336]      scan-1141 get_device_data       : No context for object [ffff88040d827758]
[   25.633533]      scan-1141 get_device_data       : No context for object [ffff88040d827780]
[   25.633730]      scan-1141 get_device_data       : No context for object [ffff88040d8277a8]
[   25.633903]      scan-1141 get_device_data       : No context for object [ffff88040d8277d0]
[   25.634101]      scan-1141 get_device_data       : No context for object [ffff88040d8277f8]
[   25.634299]      scan-1141 get_device_data       : No context for object [ffff88040d827820]
