[    0.000000] Initializing cgroup subsys cpuset
[    0.000000] Initializing cgroup subsys cpu
[    0.000000] Initializing cgroup subsys cpuacct
[    0.000000] Linux version 3.17.0-rc2-g81bbadc (emacs@manji) (gcc version 4.9.1 (GCC) ) #62 SMP Sun Aug 31 21:48:36 CEST 2014
[    0.000000] Command line: BOOT_IMAGE=/vmlinuz-linux-git root=UUID=bfa4ab6e-19a3-4601-ba2b-267c55841c73 rw cryptdevice=/dev/disk/by-uuid/70c08890-417a-497d-b6ab-c0d0357a63e2:cryptManjaro:allow-discards ipv6.disable=1 pnp.debug=1 loglevel=9 log_buf_len=10M printk.always_kmsg_dump=y printk.time=y mminit_loglevel=0 memory_corruption_check=1 acpi.debug_layer=0xfbff0000 acpi.debug_level=0xFFFFFFFD pnp.debug=1 nohz=on rcu_nocbs=1-3 pcie_aspm=force fbcon=scrollback:4096k fbcon=font:ProFont6x11 radeon.audio=0 radeon.lockup_timeout=0 radeon.test=0 radeon.agpmode=-1 radeon.benchmark=0 radeon.tv=0 radeon.hard_reset=1 radeon.aspm=1 radeon.dpm=1 radeon.msi=1 radeon.pcie_gen2=-1 radeon.no_wb=1 radeon.modeset=1 radeon.dynclks=1 radeon.r4xx_atom=0 radeon.runpm=0 radeonfb radeon.fastfb=1 nomodeset
[    0.000000] KERNEL supported cpus:
[    0.000000]   AMD AuthenticAMD
[    0.000000] tseg: 00bfe00000
[    0.000000] e820: BIOS-provided physical RAM map:
[    0.000000] BIOS-e820: [mem 0x0000000000000000-0x000000000009d7ff] usable
[    0.000000] BIOS-e820: [mem 0x000000000009d800-0x000000000009ffff] reserved
[    0.000000] BIOS-e820: [mem 0x00000000000e0000-0x00000000000fffff] reserved
[    0.000000] BIOS-e820: [mem 0x0000000000100000-0x00000000bed9afff] usable
[    0.000000] BIOS-e820: [mem 0x00000000bed9b000-0x00000000bf39afff] reserved
[    0.000000] BIOS-e820: [mem 0x00000000bf39b000-0x00000000bf49afff] ACPI NVS
[    0.000000] BIOS-e820: [mem 0x00000000bf49b000-0x00000000bf51afff] ACPI data
[    0.000000] BIOS-e820: [mem 0x00000000bf51b000-0x00000000bfdfffff] usable
[    0.000000] BIOS-e820: [mem 0x00000000bfe00000-0x00000000bfffffff] reserved
[    0.000000] BIOS-e820: [mem 0x00000000fec00000-0x00000000fecfffff] reserved
[    0.000000] BIOS-e820: [mem 0x00000000fed80000-0x00000000fed80fff] reserved
[    0.000000] BIOS-e820: [mem 0x00000000ffe00000-0x00000000ffffffff] reserved
[    0.000000] BIOS-e820: [mem 0x0000000100000000-0x000000041effffff] usable
[    0.000000] NX (Execute Disable) protection: active
[    0.000000] SMBIOS 2.6 present.
[    0.000000] DMI: LENOVO Sabine/Torpedo, BIOS 54CN18WW 07/20/2011
[    0.000000] e820: update [mem 0x00000000-0x00000fff] usable ==> reserved
[    0.000000] e820: remove [mem 0x000a0000-0x000fffff] usable
[    0.000000] e820: last_pfn = 0x41f000 max_arch_pfn = 0x400000000
[    0.000000] MTRR default type: uncachable
[    0.000000] MTRR fixed ranges enabled:
[    0.000000]   00000-9FFFF write-back
[    0.000000]   A0000-BFFFF uncachable
[    0.000000]   C0000-FFFFF write-protect
[    0.000000] MTRR variable ranges enabled:
[    0.000000]   0 base 0000000000 mask FF80000000 write-back
[    0.000000]   1 base 0080000000 mask FFC0000000 write-back
[    0.000000]   2 base 00FFF90000 mask FFFFFF0000 uncachable
[    0.000000]   3 base 00FED80000 mask 0FFFFFF000 uncachable
[    0.000000]   4 disabled
[    0.000000]   5 disabled
[    0.000000]   6 disabled
[    0.000000]   7 base 00FFE00000 mask FFFFE00000 write-protect
[    0.000000] TOM2: 000000041f000000 aka 16880M
[    0.000000] mtrr: your BIOS has configured an incorrect mask, fixing it.
[    0.000000] e820: last_pfn = 0xbfe00 max_arch_pfn = 0x400000000
[    0.000000] found SMP MP-table at [mem 0x000fa8b0-0x000fa8bf] mapped at [ffff8800000fa8b0]
[    0.000000] Base memory trampoline at [ffff880000097000] 97000 size 24576
[    0.000000] Using GB pages for direct mapping
[    0.000000] init_memory_mapping: [mem 0x00000000-0x000fffff]
[    0.000000]  [mem 0x00000000-0x000fffff] page 4k
[    0.000000] BRK [0x01e17000, 0x01e17fff] PGTABLE
[    0.000000] BRK [0x01e18000, 0x01e18fff] PGTABLE
[    0.000000] BRK [0x01e19000, 0x01e19fff] PGTABLE
[    0.000000] init_memory_mapping: [mem 0x41ee00000-0x41effffff]
[    0.000000]  [mem 0x41ee00000-0x41effffff] page 2M
[    0.000000] BRK [0x01e1a000, 0x01e1afff] PGTABLE
[    0.000000] init_memory_mapping: [mem 0x41c000000-0x41edfffff]
[    0.000000]  [mem 0x41c000000-0x41edfffff] page 2M
[    0.000000] init_memory_mapping: [mem 0x400000000-0x41bffffff]
[    0.000000]  [mem 0x400000000-0x41bffffff] page 2M
[    0.000000] init_memory_mapping: [mem 0x00100000-0xbed9afff]
[    0.000000]  [mem 0x00100000-0x001fffff] page 4k
[    0.000000]  [mem 0x00200000-0x3fffffff] page 2M
[    0.000000]  [mem 0x40000000-0x7fffffff] page 1G
[    0.000000]  [mem 0x80000000-0xbebfffff] page 2M
[    0.000000]  [mem 0xbec00000-0xbed9afff] page 4k
[    0.000000] init_memory_mapping: [mem 0xbf51b000-0xbfdfffff]
[    0.000000]  [mem 0xbf51b000-0xbf5fffff] page 4k
[    0.000000]  [mem 0xbf600000-0xbfdfffff] page 2M
[    0.000000] BRK [0x01e1b000, 0x01e1bfff] PGTABLE
[    0.000000] init_memory_mapping: [mem 0x100000000-0x3ffffffff]
[    0.000000]  [mem 0x100000000-0x3ffffffff] page 1G
[    0.000000] log_buf_len: 16777216 bytes
[    0.000000] early log buf free: 2092044(99%)
[    0.000000] RAMDISK: [mem 0x3782c000-0x37c0dfff]
[    0.000000] ACPI: Early table checksum verification disabled
[    0.000000] ACPI: RSDP 0x00000000000F0110 000024 (v02 LENOVO)
[    0.000000] ACPI: XSDT 0x00000000BF51A120 000074 (v01 LENOVO CB-01    00000001 LENO 00000001)
[    0.000000] ACPI: FACP 0x00000000BF508000 0000F4 (v04 LENOVO CB-01    00000001 PTL  00000001)
[    0.000000] ACPI: DSDT 0x00000000BF50A000 00FD10 (v01 LENOVO CB-01    00001000 LENO 00000001)
[    0.000000] ACPI: FACS 0x00000000BF478000 000040
[    0.000000] ACPI: HPET 0x00000000BF507000 000038 (v01 LENOVO CB-01    00000001 PTL  00000001)
[    0.000000] ACPI: APIC 0x00000000BF506000 00007A (v02 LENOVO CB-01    00000001 PTL  00000001)
[    0.000000] ACPI: MCFG 0x00000000BF505000 00003C (v01 LENOVO CB-01    00000001 PTL  00000001)
[    0.000000] ACPI: SLIC 0x00000000BF504000 000176 (v01 LENOVO CB-01    00000001 LENO 00000001)
[    0.000000] ACPI: UEFI 0x00000000BF503000 00003E (v01 LENOVO CB-01    00000001 PTL  00000001)
[    0.000000] ACPI: UEFI 0x00000000BF502000 000042 (v01 PTL    COMBUF   00000001 PTL  00000001)
[    0.000000] ACPI: SSDT 0x00000000BF501000 000E34 (v01 AMD    POWERNOW 00000001 AMD  00000001)
[    0.000000] ACPI: SSDT 0x00000000BF4FF000 00193D (v02 AMD    ALIB     00000001 MSFT 04000000)
[    0.000000] ACPI: UEFI 0x00000000BF4FE000 00021A (v01 LENOVO CB-01    00000001 PTL  00000001)
[    0.000000] ACPI: Local APIC address 0xfee00000
[    0.000000] No NUMA configuration found
[    0.000000] Faking a node at [mem 0x0000000000000000-0x000000041effffff]
[    0.000000] Initmem setup node 0 [mem 0x00000000-0x41effffff]
[    0.000000]   NODE_DATA [mem 0x41dffa000-0x41dffdfff]
[    0.000000]  [ffffea0000000000-ffffea00107fffff] PMD -> [ffff88040de00000-ffff88041d5fffff] on node 0
[    0.000000] Zone ranges:
[    0.000000]   DMA      [mem 0x00001000-0x00ffffff]
[    0.000000]   DMA32    [mem 0x01000000-0xffffffff]
[    0.000000]   Normal   [mem 0x100000000-0x41effffff]
[    0.000000] Movable zone start for each node
[    0.000000] Early memory node ranges
[    0.000000]   node   0: [mem 0x00001000-0x0009cfff]
[    0.000000]   node   0: [mem 0x00100000-0xbed9afff]
[    0.000000]   node   0: [mem 0xbf51b000-0xbfdfffff]
[    0.000000]   node   0: [mem 0x100000000-0x41effffff]
[    0.000000] On node 0 totalpages: 4056604
[    0.000000]   DMA zone: 64 pages used for memmap
[    0.000000]   DMA zone: 21 pages reserved
[    0.000000]   DMA zone: 3996 pages, LIFO batch:0
[    0.000000]   DMA32 zone: 12186 pages used for memmap
[    0.000000]   DMA32 zone: 779904 pages, LIFO batch:31
[    0.000000]   Normal zone: 51136 pages used for memmap
[    0.000000]   Normal zone: 3272704 pages, LIFO batch:31
[    0.000000] ACPI: PM-Timer IO Port: 0x808
[    0.000000] ACPI: Local APIC address 0xfee00000
[    0.000000] ACPI: LAPIC (acpi_id[0x00] lapic_id[0x00] enabled)
[    0.000000] ACPI: LAPIC (acpi_id[0x01] lapic_id[0x01] enabled)
[    0.000000] ACPI: LAPIC (acpi_id[0x02] lapic_id[0x02] enabled)
[    0.000000] ACPI: LAPIC (acpi_id[0x03] lapic_id[0x03] enabled)
[    0.000000] ACPI: LAPIC_NMI (acpi_id[0x00] high edge lint[0x1])
[    0.000000] ACPI: LAPIC_NMI (acpi_id[0x01] high edge lint[0x1])
[    0.000000] ACPI: LAPIC_NMI (acpi_id[0x02] high edge lint[0x1])
[    0.000000] ACPI: LAPIC_NMI (acpi_id[0x03] high edge lint[0x1])
[    0.000000] ACPI: IOAPIC (id[0x02] address[0xfec00000] gsi_base[0])
[    0.000000] IOAPIC[0]: apic_id 2, version 33, address 0xfec00000, GSI 0-23
[    0.000000] ACPI: INT_SRC_OVR (bus 0 bus_irq 0 global_irq 2 dfl dfl)
[    0.000000] ACPI: IRQ0 used by override.
[    0.000000] ACPI: IRQ9 used by override.
[    0.000000] Using ACPI (MADT) for SMP configuration information
[    0.000000] ACPI: HPET id: 0x43538210 base: 0xfed00000
[    0.000000] smpboot: Allowing 4 CPUs, 0 hotplug CPUs
[    0.000000] e820: [mem 0xc0000000-0xfebfffff] available for PCI devices
[    0.000000] setup_percpu: NR_CPUS:64 nr_cpumask_bits:64 nr_cpu_ids:4 nr_node_ids:1
[    0.000000] PERCPU: Embedded 27 pages/cpu @ffff88041dc00000 s80256 r8192 d22144 u524288
[    0.000000] pcpu-alloc: s80256 r8192 d22144 u524288 alloc=1*2097152
[    0.000000] pcpu-alloc: [0] 0 1 2 3 
[    0.000000] Built 1 zonelists in Zone order, mobility grouping on.  Total pages: 3993197
[    0.000000] Policy zone: Normal
[    0.000000] Kernel command line: BOOT_IMAGE=/vmlinuz-linux-git root=UUID=bfa4ab6e-19a3-4601-ba2b-267c55841c73 rw cryptdevice=/dev/disk/by-uuid/70c08890-417a-497d-b6ab-c0d0357a63e2:cryptManjaro:allow-discards ipv6.disable=1 pnp.debug=1 loglevel=9 log_buf_len=10M printk.always_kmsg_dump=y printk.time=y mminit_loglevel=0 memory_corruption_check=1 acpi.debug_layer=0xfbff0000 acpi.debug_level=0xFFFFFFFD pnp.debug=1 nohz=on rcu_nocbs=1-3 pcie_aspm=force fbcon=scrollback:4096k fbcon=font:ProFont6x11 radeon.audio=0 radeon.lockup_timeout=0 radeon.test=0 radeon.agpmode=-1 radeon.benchmark=0 radeon.tv=0 radeon.hard_reset=1 radeon.aspm=1 radeon.dpm=1 radeon.msi=1 radeon.pcie_gen2=-1 radeon.no_wb=1 radeon.modeset=1 radeon.dynclks=1 radeon.r4xx_atom=0 radeon.runpm=0 radeonfb radeon.fastfb=1 nomodeset
[    0.000000] PCIe ASPM is forcibly enabled
[    0.000000] PID hash table entries: 4096 (order: 3, 32768 bytes)
[    0.000000] Memory: 15870900K/16226416K available (5251K kernel code, 721K rwdata, 2208K rodata, 848K init, 2588K bss, 355516K reserved)
[    0.000000] SLUB: HWalign=64, Order=0-3, MinObjects=0, CPUs=4, Nodes=1
[    0.000000] Hierarchical RCU implementation.
[    0.000000] 	RCU dyntick-idle grace-period acceleration is enabled.
[    0.000000] 	Additional per-CPU info printed with stalls.
[    0.000000] 	RCU restricting CPUs from NR_CPUS=64 to nr_cpu_ids=4.
[    0.000000] 	Offload RCU callbacks from all CPUs
[    0.000000] 	Offload RCU callbacks from CPUs: 0-3.
[    0.000000] RCU: Adjusting geometry for rcu_fanout_leaf=16, nr_cpu_ids=4
[    0.000000] NR_IRQS:4352 nr_irqs:456 0
[    0.000000] spurious 8259A interrupt: IRQ7.
[    0.000000] vgacon: allocated 4194304 bytes of memory for scrollback. CONFIG_VGACON_SOFT_SCROLLBACK_SIZE=4096
[    0.000000] Console: colour VGA+ 80x25
[    0.000000] console [tty0] enabled
[    0.000000] allocated 65011712 bytes of page_cgroup
[    0.000000] please try 'cgroup_disable=memory' option if you don't want memory cgroups
[    0.000000] hpet clockevent registered
[    0.000000] tsc: Fast TSC calibration using PIT
[    0.000000] tsc: Detected 1397.391 MHz processor
[    0.000056] Calibrating delay loop (skipped), value calculated using timer frequency.. 2795.23 BogoMIPS (lpj=4657970)
[    0.000205] pid_max: default: 32768 minimum: 301
[    0.000280] ACPI: Core revision 20140724
[    0.025891] ACPI: All ACPI Tables successfully acquired
[    0.028328] Security Framework initialized
[    0.030049] Dentry cache hash table entries: 2097152 (order: 12, 16777216 bytes)
[    0.036901] Inode-cache hash table entries: 1048576 (order: 11, 8388608 bytes)
[    0.039984] Mount-cache hash table entries: 32768 (order: 6, 262144 bytes)
[    0.040127] Mountpoint-cache hash table entries: 32768 (order: 6, 262144 bytes)
[    0.040677] Initializing cgroup subsys memory
[    0.040796] Initializing cgroup subsys devices
[    0.040863] Initializing cgroup subsys freezer
[    0.040930] Initializing cgroup subsys net_cls
[    0.040996] Initializing cgroup subsys blkio
[    0.041088] CPU: Physical Processor ID: 0
[    0.041151] CPU: Processor Core ID: 0
[    0.041215] mce: CPU supports 6 MCE banks
[    0.041289] Last level iTLB entries: 4KB 512, 2MB 16, 4MB 8
Last level dTLB entries: 4KB 1024, 2MB 128, 4MB 64, 1GB 0
[    0.041575] Freeing SMP alternatives memory: 20K (ffffffff81b8a000 - ffffffff81b8f000)
[    0.042262] ..TIMER: vector=0x30 apic1=0 pin1=2 apic2=-1 pin2=-1
[    0.075343] smpboot: CPU0: AMD A6-3400M APU with Radeon(tm) HD Graphics (fam: 12, model: 01, stepping: 00)
[    0.179335] Performance Events: AMD PMU driver.
[    0.179440] ... version:                0
[    0.179505] ... bit width:              48
[    0.179568] ... generic registers:      4
[    0.179632] ... value mask:             0000ffffffffffff
[    0.179697] ... max period:             00007fffffffffff
[    0.179761] ... fixed-purpose events:   0
[    0.179825] ... event mask:             000000000000000f
[    0.180358] MCE: In-kernel MCE decoding enabled.
[    0.180526] trying cpu_up:
[    0.180638] NMI watchdog: enabled on all CPUs, permanently consumes one hw-PMU counter.
[    0.180954] smpboot: ++++++++++++++++++++=_---CPU UP  1
[    0.181069] x86: Booting SMP configuration:
[    0.181134] .... node  #0, CPUs:      #1
[    0.181243] smpboot: Setting warm reset code and vector.
[    0.181367] smpboot: 1.
[    0.181429] smpboot: 2.
[    0.181491] smpboot: 3.
[    0.181554] smpboot: Asserting INIT
[    0.181618] smpboot: Waiting for INIT send to finish...
[    0.191687] smpboot: status for above ^ is: 0
[    0.191796] smpboot: Deasserting INIT
[    0.191858] smpboot: Waiting for above send to finish...
[    0.191921] smpboot: #startup loops: 2
[    0.191983] smpboot: Sending STARTUP #1
[    0.192045] smpboot: After apic_write
[    0.192106] smpboot: waiting 3 sec
[    3.627520] smpboot: done waiting
[    3.627630] smpboot: after icr_write, waiting 3 sec
[    6.633099] smpboot: done waiting
[    6.633509] smpboot: Startup point 1
[    6.633618] smpboot: Waiting for send to finish...
[    6.633883] smpboot: Sending STARTUP #2
[    6.633992] smpboot: After apic_write
[    6.634055] smpboot: waiting 3 sec
[    9.639491] smpboot: done waiting
[    9.639601] smpboot: after icr_write, waiting 3 sec
[   12.645042] smpboot: done waiting
[   12.645451] smpboot: Startup point 1
[   12.645514] smpboot: Waiting for send to finish...
[   12.645779] smpboot: After Startup
[   12.645889] smpboot: Before Callout 1
[   12.645952] smpboot: After Callout 1
[   12.646015] smpboot: start waiting 5sec for response
[   12.646159] [sched_delayed] sched: RT throttling activated
[   17.665353] smpboot: done waiting 5sec for response
[   17.665439] smpboot: cpumask_test_cpu result: 0
[   17.665536] smpboot: cpu_callin_mask: 0000000000000001
[   17.665599] smpboot: cpu_callout_mask: 0000000000000003
[   17.665698] smpboot: CPU1: Not responding
[   17.665836] smpboot: do_boot_cpu failed(1) to wakeup CPU#1
[   17.665910] doing it one more time: cpu_up !!!!!!!!!!!!
[   17.665956] smpboot: ++++++++++++++++++++=_---CPU UP  1
[   17.666080] x86: Booting SMP configuration:
[   17.666143]     #1
[   17.666216] smpboot: Setting warm reset code and vector.
[   17.666340] smpboot: 1.
[   17.666402] smpboot: 2.
[   17.666465] smpboot: 3.
[   17.666527] smpboot: Asserting INIT
[   17.666590] smpboot: Waiting for INIT send to finish...
[   17.676659] smpboot: status for above ^ is: 0
[   17.676769] smpboot: Deasserting INIT
[   17.676832] smpboot: Waiting for above send to finish...
[   17.676896] smpboot: #startup loops: 2
[   17.676960] smpboot: Sending STARTUP #1
[   17.677024] smpboot: After apic_write
[   17.677086] smpboot: waiting 3 sec
[   20.683020] smpboot: done waiting
[   20.683087] smpboot: after icr_write, waiting 3 sec
[   23.689021] smpboot: done waiting
[   23.689383] smpboot: Startup point 1
[   23.689493] smpboot: Waiting for send to finish...
[   23.689758] smpboot: Sending STARTUP #2
[   23.689868] smpboot: After apic_write
[   23.689931] smpboot: waiting 3 sec
[   26.695864] smpboot: done waiting
[   26.695973] smpboot: after icr_write, waiting 3 sec
[   29.701906] smpboot: done waiting
[   29.702315] smpboot: Startup point 1
[   29.702424] smpboot: Waiting for send to finish...
[   29.702689] smpboot: After Startup
[   29.702798] smpboot: Before Callout 1
[   29.702861] smpboot: After Callout 1
[   29.702924] smpboot: start waiting 5sec for response
[   34.721896] smpboot: done waiting 5sec for response
[   34.722040] smpboot: cpumask_test_cpu result: 0
[   34.722103] smpboot: cpu_callin_mask: 0000000000000001
[   34.722201] smpboot: cpu_callout_mask: 0000000000000003
[   34.722264] smpboot: CPU1: Not responding
[   34.722389] smpboot: do_boot_cpu failed(1) to wakeup CPU#1
[   34.722460] after cpu_up !!!!!!!!!!!!
[   34.722498] trying cpu_up:
[   34.722711] smpboot: ++++++++++++++++++++=_---CPU UP  2
[   34.722850]  #2
[   34.722887] smpboot: Setting warm reset code and vector.
[   34.723010] smpboot: 1.
[   34.723072] smpboot: 2.
[   34.723135] smpboot: 3.
[   34.723198] smpboot: Asserting INIT
[   34.723261] smpboot: Waiting for INIT send to finish...
[   34.733331] smpboot: status for above ^ is: 0
[   34.733440] smpboot: Deasserting INIT
[   34.733503] smpboot: Waiting for above send to finish...
[   34.733568] smpboot: #startup loops: 2
[   34.733631] smpboot: Sending STARTUP #1
[   34.733694] smpboot: After apic_write
[   34.733757] smpboot: waiting 3 sec
[   37.739672] smpboot: done waiting
[   37.739736] smpboot: after icr_write, waiting 3 sec
[   37.610374] smpboot: CPU#2 (phys ID: 2) waiting for CALLOUT
[   37.610376] smpboot: Waiting max 15 sec for callout
[   40.747370] smpboot: done waiting
[   40.747909] smpboot: Startup point 1
[   40.748018] smpboot: Waiting for send to finish...
[   40.748281] smpboot: Sending STARTUP #2
[   40.748390] smpboot: After apic_write
[   40.748452] smpboot: waiting 3 sec
[   43.753870] smpboot: done waiting
[   43.753979] smpboot: after icr_write, waiting 3 sec
[   46.759417] smpboot: done waiting
[   46.759827] smpboot: Startup point 1
[   46.759937] smpboot: Waiting for send to finish...
[   46.760201] smpboot: After Startup
[   46.760310] smpboot: Before Callout 2
[   46.760373] smpboot: After Callout 2
[   46.630869] smpboot: done waiting max 15 sec for callout
[   46.630905] smpboot: Stack at about ffff88040780bf3c
[   46.760566] smpboot: start waiting 5sec for response
[   46.760605] smpboot: done waiting 5sec for response
[   46.760703] smpboot: cpumask_test_cpu result: -1
[   46.760766] smpboot: cpu_callin_mask: 0000000000000005
[   46.760863] smpboot: cpu_callout_mask: 0000000000000005
[   46.760925] smpboot: CPU2: has booted.
[   46.763051] TSC synchronization [CPU#0 -> CPU#2]:
[   46.763161] Measured 180918864 cycles TSC warp between CPUs, turning off TSC clock.
[   46.763300] tsc: Marking TSC unstable due to check_tsc_sync_source failed
[   46.763426] after cpu_up !!!!!!!!!!!!
[   46.763512] trying cpu_up:
[   46.763723] smpboot: ++++++++++++++++++++=_---CPU UP  3
[   46.763875]  #3
[   46.763911] smpboot: Setting warm reset code and vector.
[   46.764033] smpboot: 1.
[   46.764095] smpboot: 2.
[   46.764155] smpboot: 3.
[   46.764216] smpboot: Asserting INIT
[   46.764277] smpboot: Waiting for INIT send to finish...
[   46.774345] smpboot: status for above ^ is: 0
[   46.775555] smpboot: Deasserting INIT
[   46.775618] smpboot: Waiting for above send to finish...
[   46.775682] smpboot: #startup loops: 2
[   46.775746] smpboot: Sending STARTUP #1
[   46.775811] smpboot: After apic_write
[   46.775874] smpboot: waiting 3 sec
[   49.781321] smpboot: done waiting
[   49.781430] smpboot: after icr_write, waiting 3 sec
[   49.617945] smpboot: CPU#3 (phys ID: 3) waiting for CALLOUT
[   49.617947] smpboot: Waiting max 15 sec for callout
[   52.790048] smpboot: done waiting
[   52.790585] smpboot: Startup point 1
[   52.790664] smpboot: Waiting for send to finish...
[   52.790928] smpboot: Sending STARTUP #2
[   52.791038] smpboot: After apic_write
[   52.791100] smpboot: waiting 3 sec
[   55.799383] smpboot: done waiting
[   55.799493] smpboot: after icr_write, waiting 3 sec
[   58.806788] smpboot: done waiting
[   58.807198] smpboot: Startup point 1
[   58.807307] smpboot: Waiting for send to finish...
[   58.807572] smpboot: After Startup
[   58.807648] smpboot: Before Callout 3
[   58.807712] smpboot: After Callout 3
[   58.644083] smpboot: done waiting max 15 sec for callout
[   58.644119] smpboot: Stack at about ffff88040780ff3c
[   58.807907] smpboot: start waiting 5sec for response
[   58.807946] smpboot: done waiting 5sec for response
[   58.808043] smpboot: cpumask_test_cpu result: -1
[   58.808106] smpboot: cpu_callin_mask: 000000000000000d
[   58.808203] smpboot: cpu_callout_mask: 000000000000000d
[   58.808267] smpboot: CPU3: has booted.
[   58.808421] after cpu_up !!!!!!!!!!!!
[   58.808461] x86: Booted up 1 node, 3 CPUs
[   58.808582] smpboot: Boot done
[   58.808645] smpboot: Before bogomips
[   58.808709] smpboot: Total of 3 processors activated (8387.69 BogoMIPS)
[   58.808774] smpboot: Before bogocount - setting activated=1
[   58.270108] devtmpfs: initialized
[   58.270167] device: 'platform': device_add
[   58.270290] bus: 'platform': registered
[   58.270360] bus: 'cpu': registered
[   58.270421] device: 'cpu': device_add
[   58.270507] bus: 'container': registered
[   58.270568] device: 'container': device_add
[   58.271080] bus: 'workqueue': registered
[   58.271080] device: 'workqueue': device_add
[   58.271080] kworker/u8:0 (39) used greatest stack depth: 15024 bytes left
[   58.271080] atomic64_test: passed for x86-64 platform with CX8 and with SSE
[   58.271080] device class 'regulator': registering
[   58.271080] Registering platform device 'reg-dummy'. Parent at platform
[   58.271080] device: 'reg-dummy': device_add
[   58.271080] bus: 'platform': add device reg-dummy
[   58.271080] bus: 'platform': add driver reg-dummy
[   58.271080] bus: 'platform': driver_probe_device: matched device reg-dummy with driver reg-dummy
[   58.271080] bus: 'platform': really_probe: probing driver reg-dummy with device reg-dummy
[   58.271080] device: 'regulator.0': device_add
[   58.271080] regulator-dummy: no parameters
[   58.271080] driver: 'reg-dummy': driver_bound: bound to device 'reg-dummy'
[   58.271080] bus: 'platform': really_probe: bound device reg-dummy to driver reg-dummy
[   58.271107] NET: Registered protocol family 16
[   58.271416] device class 'bdi': registering
[   58.271439] bus: 'platform': add driver ramoops
[   58.273335] device class 'pci_bus': registering
[   58.273335] bus: 'pci': registered
[   58.273335] device class 'backlight': registering
[   58.273345] device class 'tty': registering
[   58.273345] device class 'vtconsole': registering
[   58.273346] device: 'vtcon0': device_add
[   58.273346] bus: 'node': registered
[   58.273346] device: 'node': device_add
[   58.273346] bus: 'i2c': registered
[   58.273346] bus: 'i2c': add driver dummy
[   58.273346] i2c-core: driver [dummy] registered
[   58.273346] cpuidle: using governor ladder
[   58.273346] cpuidle: using governor menu
[   58.273346] ACPI FADT declares the system doesn't support PCIe ASPM, so disable it
[   58.273346] ACPI: bus type PCI registered
[   58.273346] acpiphp: ACPI Hot Plug PCI Controller Driver version: 0.5
[   58.273346] device class 'dmi': registering
[   58.273348] device: 'id': device_add
[   58.273348] PCI: MMCONFIG for domain 0000 [bus 00-3f] at [mem 0xf8000000-0xfbffffff] (base 0xf8000000)
[   58.273348] PCI: not using MMCONFIG
[   58.273348] PCI: Using configuration type 1 for base access
[   58.273348] PCI: Using configuration type 1 for extended access
[   58.273348] device: 'node0': device_add
[   58.273348] bus: 'node': add device node0
[   58.273348] device: 'cpu0': device_add
[   58.273348] bus: 'cpu': add device cpu0
[   58.273348] device: 'cpu1': device_add
[   58.273348] bus: 'cpu': add device cpu1
[   58.273348] device: 'cpu2': device_add
[   58.273348] bus: 'cpu': add device cpu2
[   58.273348] device: 'cpu3': device_add
[   58.273348] bus: 'cpu': add device cpu3
[   58.276685] kworker/u8:0 (40) used greatest stack depth: 15008 bytes left
[   58.276735] kworker/u8:0 (47) used greatest stack depth: 14848 bytes left
[   58.276819] kworker/u8:0 (67) used greatest stack depth: 14176 bytes left
[   58.283411] device: 'writeback': device_add
[   58.283427] bus: 'workqueue': add device writeback
[   58.283539] device: 'default': device_add
[   58.283754] device class 'block': registering
[   58.283754] ACPI: Added _OSI(Module Device)
[   58.283754] ACPI: Added _OSI(Processor Device)
[   58.283754] ACPI: Added _OSI(3.0 _SCP Extensions)
[   58.283754] ACPI: Added _OSI(Processor Aggregator Device)
[   58.288298] 
**** Context Switch from TID 4294967295 to TID 133431296 ****

[   58.288471]     utils-0051 util_eval_error       : Evaluate [\_SB_.PCI0.LPC0.EC0_._GLK]: AE_NOT_FOUND
[   58.289040] Executing  Method       \_SB_.PCI0.LPC0.EC0_._REG
[   58.289813] Executing  Method       \_SB_.PCI0.LPC0.EC0_._REG
[   58.290017] Executing  Method       \_SB_.PCI0.LPC0.EC0_._REG
[   58.290217] Executing  Method       \_SB_.PCI0.LPC0.EC0_._REG
[   58.293394] Initializing Region       \_SB_.OSTY
[   58.293569] Initializing Region       \_SB_.PCI0.NBMS
[   58.293717] Initializing Region       \_SB_.PCI0.NBXP
[   58.293867] Initializing Region       \_SB_.PCI0.K8ST
[   58.294052] Initializing Region       \_SB_.PCI0.BAR1
[   58.294259] Initializing Region       \_SB_.PCI0.PB2_.XPEX
[   58.294408] Initializing Region       \_SB_.PCI0.PB2_.PCFG
[   58.294555] Initializing Region       \_SB_.PCI0.PB2_.XPCB
[   58.294705] Initializing Region       \_SB_.PCI0.PB2_.XPRI
[   58.294856] Initializing Region       \_SB_.PCI0.PB2_.VGA_.PCFG
[   58.295064] Initializing Region       \_SB_.PCI0.PB2_.HDAU.PCFG
[   58.295237] Initializing Region       \_SB_.PCI0.PB3_.XPEX
[   58.295373] Initializing Region       \_SB_.PCI0.PB3_.PCFG
[   58.295521] Initializing Region       \_SB_.PCI0.PB3_.XPCB
[   58.295670] Initializing Region       \_SB_.PCI0.PB3_.XPRI
[   58.295822] Initializing Region       \_SB_.PCI0.PB3_.VGA_.PCFG
[   58.296038] Initializing Region       \_SB_.PCI0.PB3_.HDAU.PCFG
[   58.296205] Initializing Region       \_SB_.PCI0.PB4_.XPEX
[   58.296352] Initializing Region       \_SB_.PCI0.PB4_.PCFG
[   58.296500] Initializing Region       \_SB_.PCI0.PB4_.XPCB
[   58.296649] Initializing Region       \_SB_.PCI0.PB4_.XPRI
[   58.296783] Initializing Region       \_SB_.PCI0.PB4_.XPDV.PCFG
[   58.296945] Initializing Region       \_SB_.PCI0.PB5_.XPEX
[   58.297092] Initializing Region       \_SB_.PCI0.PB5_.PCFG
[   58.297240] Initializing Region       \_SB_.PCI0.PB5_.XPCB
[   58.297388] Initializing Region       \_SB_.PCI0.PB5_.XPRI
[   58.297541] Initializing Region       \_SB_.PCI0.PB5_.XPDV.PCFG
[   58.297703] Initializing Region       \_SB_.PCI0.PB6_.XPEX
[   58.297850] Initializing Region       \_SB_.PCI0.PB6_.PCFG
[   58.297998] Initializing Region       \_SB_.PCI0.PB6_.XPCB
[   58.298147] Initializing Region       \_SB_.PCI0.PB6_.XPRI
[   58.298298] Initializing Region       \_SB_.PCI0.PB6_.XPDV.PCFG
[   58.298460] Initializing Region       \_SB_.PCI0.PB7_.XPEX
[   58.298606] Initializing Region       \_SB_.PCI0.PB7_.PCFG
[   58.298753] Initializing Region       \_SB_.PCI0.PB7_.XPCB
[   58.298901] Initializing Region       \_SB_.PCI0.PB7_.XPRI
[   58.299052] Initializing Region       \_SB_.PCI0.PB7_.XPDV.PCFG
[   58.299471] Initializing Region       \_SB_.PCI0.SATC
[   58.299617] Initializing Region       \_SB_.PCI0.RMEM
[   58.299795] Initializing Region       \_SB_.PCI0.SATA.SATX
[   58.299949] Initializing Region       \_SB_.PCI0.SATA.BAR5
[   58.313509] Initializing Region       \_SB_.PCI0.SMB_.SBRV
[   58.313719] Initializing Region       \_SB_.PCI0.SMB_.PMIO
[   58.313868] Initializing Region       \_SB_.PCI0.SMB_.ERMM
[   58.314156] Initializing Region       \_SB_.PCI0.SMB_.P1E0
[   58.314364] Initializing Region       \_SB_.PCI0.SMB_.ABIO
[   58.314513] Initializing Region       \_SB_.PCI0.SMB_.SMB0
[   58.314664] Initializing Region       \_SB_.PCI0.LPC0.PIRQ
[   58.314866] Initializing Region       \_SB_.PCI0.LPC0.LPCR
[   58.315106] Initializing Region       \_SB_.PCI0.LPC0.LPCS
[   58.315311] Initializing Region       \_SB_.PCI0.LPC0.SMI0
[   58.315457] Initializing Region       \_SB_.PCI0.LPC0.SMI1
[   58.316701] Initializing Region       \_SB_.PCI0.LPC0.EC0_.ECO1
[   58.316880] Initializing Region       \_SB_.PCI0.LPC0.EC0_.ECO2
[   58.317027] Initializing Region       \_SB_.PCI0.LPC0.EC0_.ECMB
[   58.317173] Initializing Region       \_SB_.PCI0.LPC0.EC0_.RAM_
[   58.317432] Initializing Region       \_SB_.PCI0.LPC0.EC0_.CMOS
[   58.317604] Initializing Region       \_SB_.PCI0.LPC0.EC0_.VPC0.ERAM
[   58.317855] Initializing Region       \_SB_.PCI0.SPB0.PCFG
[   58.318048] Initializing Region       \_SB_.PCI0.SPB0.XPCB
[   58.319218] Initializing Region       \_SB_.PCI0.SPB0.XPDV.PCFG
[   58.319378] Initializing Region       \_SB_.PCI0.SPB1.PCFG
[   58.319526] Initializing Region       \_SB_.PCI0.SPB1.XPCB
[   58.319678] Initializing Region       \_SB_.PCI0.SPB1.XPDV.PCFG
[   58.319840] Initializing Region       \_SB_.PCI0.SPB2.PCFG
[   58.320017] Initializing Region       \_SB_.PCI0.SPB2.XPCB
[   58.320169] Initializing Region       \_SB_.PCI0.SPB2.XPDV.PCFG
[   58.320330] Initializing Region       \_SB_.PCI0.SPB3.PCFG
[   58.320478] Initializing Region       \_SB_.PCI0.SPB3.XPCB
[   58.320630] Initializing Region       \_SB_.PCI0.SPB3.XPDV.PCFG
[   58.320951] Initializing Region       \_SB_.PCI0.VGA_.REVD
[   58.321357] Initializing BufferField  \_SB_.AMW0.WLID
[   58.321992] Initializing Region       \DEB2
[   58.322187] Initializing Region       \PMIO
[   58.322334] Initializing Region       \P01_
[   58.322509] Initializing Region       \CNVS
[   58.322700] Initializing Region       \SPRT
[   58.322863] Initializing Region       \CMIO
[   58.323172] Executing  Method       \_SB_._STA
[   58.323397] Executing  Method       \_SB_._INI
[   58.323567] Executing  Method       \_SB_.PCI0._STA
[   58.323737] Executing  Method       \_SB_.PCI0._INI
[   58.324171] [Firmware Bug]: ACPI: BIOS _OSI(Linux) query ignored
[   58.324679] Executing  Method       \_SB_.PCI0.SATA._STA
[   58.324898] Executing  Method       \_SB_.PCI0.SATA._INI
[   58.325930] Executing  Method       \_SB_.PCI0.LPC0.EC0_._REG
[   58.363609] ACPI: Interpreter enabled
[   58.363609] ACPI: (supports S0 S5)
[   58.363609] ACPI: Using IOAPIC for interrupt routing
[   58.364014] PCI: MMCONFIG for domain 0000 [bus 00-3f] at [mem 0xf8000000-0xfbffffff] (base 0xf8000000)
[   58.364893] PCI: MMCONFIG at [mem 0xf8000000-0xfbffffff] reserved in ACPI motherboard resources
[   58.366673] bus: 'acpi': registered
[   58.366713] PCI: Using host bridge windows from ACPI; if necessary, use "pci=nocrs" and report a bug
[   58.366713]      scan-1141 get_device_data       : No context for object [ffffffffffffffff]
[   58.366713]     utils-0051 util_eval_error       : Evaluate [\._STA]: AE_NOT_FOUND
[   58.366906] device: 'LNXSYSTM:00': device_add
[   58.366976] bus: 'acpi': add device LNXSYSTM:00
[   58.367069]     utils-0051 util_eval_error       : Evaluate [\._SUN]: AE_NOT_FOUND
[   58.367291]      scan-1933 add_single_object     : Added LNXSYSTM:00 [\] parent (null)
[   58.367465]      scan-1141 get_device_data       : No context for object [ffff88040d81d000]
[   58.367651]      scan-1141 get_device_data       : No context for object [ffff88040d8377d0]
[   58.367861]      scan-1141 get_device_data       : No context for object [ffff88040d8377f8]
[   58.368071]      scan-1141 get_device_data       : No context for object [ffff88040d837820]
[   58.368280]      scan-1141 get_device_data       : No context for object [ffff88040d837848]
[   58.368466]      scan-1141 get_device_data       : No context for object [ffff88040d837870]
[   58.368674]      scan-1141 get_device_data       : No context for object [ffff88040d837898]
[   58.368872]      scan-1141 get_device_data       : No context for object [ffff88040d8378c0]
[   58.370086]      scan-1141 get_device_data       : No context for object [ffff88040d8378e8]
[   58.370086]      scan-1141 get_device_data       : No context for object [ffff88040d839398]
[   58.370086]      scan-1141 get_device_data       : No context for object [ffff88040d81d028]
[   58.370086]      scan-1141 get_device_data       : No context for object [ffff88040d81d168]
[   58.370086]     utils-0051 util_eval_error       : Evaluate [\_PR_.C000._STA]: AE_NOT_FOUND
[   58.370133]      scan-1141 get_device_data       : No context for object [ffff88040d81d028]
[   58.370340] device: 'LNXCPU:00': device_add
[   58.370403] bus: 'acpi': add device LNXCPU:00
[   58.370479]     utils-0051 util_eval_error       : Evaluate [\_PR_.C000._SUN]: AE_NOT_FOUND
[   58.370666]      scan-1933 add_single_object     : Added LNXCPU:00 [\_PR_.C000] parent LNXSYSTM:00
[   58.370867]      scan-1141 get_device_data       : No context for object [ffff88040d83c398]
[   58.371065]      scan-1141 get_device_data       : No context for object [ffff88040d83c3c0]
[   58.371262]      scan-1141 get_device_data       : No context for object [ffff88040d83c3e8]
[   58.373347]      scan-1141 get_device_data       : No context for object [ffff88040d83c410]
[   58.373408]      scan-1141 get_device_data       : No context for object [ffff88040d83c438]
[   58.373408]      scan-1141 get_device_data       : No context for object [ffff88040d83c460]
[   58.373408]      scan-1141 get_device_data       : No context for object [ffff88040d81d190]
[   58.373408]     utils-0051 util_eval_error       : Evaluate [\_PR_.C001._STA]: AE_NOT_FOUND
[   58.373408]      scan-1141 get_device_data       : No context for object [ffff88040d81d028]
[   58.373408] device: 'LNXCPU:01': device_add
[   58.373408] bus: 'acpi': add device LNXCPU:01
[   58.373408]     utils-0051 util_eval_error       : Evaluate [\_PR_.C001._SUN]: AE_NOT_FOUND
[   58.373440]      scan-1933 add_single_object     : Added LNXCPU:01 [\_PR_.C001] parent LNXSYSTM:00
[   58.373440]      scan-1141 get_device_data       : No context for object [ffff88040d83c488]
[   58.373440]      scan-1141 get_device_data       : No context for object [ffff88040d83c4b0]
[   58.373488]      scan-1141 get_device_data       : No context for object [ffff88040d83c4d8]
[   58.373665]      scan-1141 get_device_data       : No context for object [ffff88040d83c500]
[   58.373862]      scan-1141 get_device_data       : No context for object [ffff88040d83c528]
[   58.374059]      scan-1141 get_device_data       : No context for object [ffff88040d83c550]
[   58.374257]      scan-1141 get_device_data       : No context for object [ffff88040d81d1b8]
[   58.374436]     utils-0051 util_eval_error       : Evaluate [\_PR_.C002._STA]: AE_NOT_FOUND
[   58.374634]      scan-1141 get_device_data       : No context for object [ffff88040d81d028]
[   58.374841] device: 'LNXCPU:02': device_add
[   58.374904] bus: 'acpi': add device LNXCPU:02
[   58.374978]     utils-0051 util_eval_error       : Evaluate [\_PR_.C002._SUN]: AE_NOT_FOUND
[   58.376703]      scan-1933 add_single_object     : Added LNXCPU:02 [\_PR_.C002] parent LNXSYSTM:00
[   58.376703]      scan-1141 get_device_data       : No context for object [ffff88040d83c578]
[   58.376703]      scan-1141 get_device_data       : No context for object [ffff88040d83c5a0]
[   58.376703]      scan-1141 get_device_data       : No context for object [ffff88040d83c5c8]
[   58.376703]      scan-1141 get_device_data       : No context for object [ffff88040d83c5f0]
[   58.376703]      scan-1141 get_device_data       : No context for object [ffff88040d83c618]
[   58.376703]      scan-1141 get_device_data       : No context for object [ffff88040d83c640]
[   58.376703]      scan-1141 get_device_data       : No context for object [ffff88040d81d1e0]
[   58.376703]     utils-0051 util_eval_error       : Evaluate [\_PR_.C003._STA]: AE_NOT_FOUND
[   58.376869]      scan-1141 get_device_data       : No context for object [ffff88040d81d028]
[   58.377075] device: 'LNXCPU:03': device_add
[   58.377138] bus: 'acpi': add device LNXCPU:03
[   58.377213]     utils-0051 util_eval_error       : Evaluate [\_PR_.C003._SUN]: AE_NOT_FOUND
[   58.377415]      scan-1933 add_single_object     : Added LNXCPU:03 [\_PR_.C003] parent LNXSYSTM:00
[   58.377617]      scan-1141 get_device_data       : No context for object [ffff88040d83c668]
[   58.377815]      scan-1141 get_device_data       : No context for object [ffff88040d83c690]
[   58.378012]      scan-1141 get_device_data       : No context for object [ffff88040d83c6b8]
[   58.378209]      scan-1141 get_device_data       : No context for object [ffff88040d83c6e0]
[   58.378407]      scan-1141 get_device_data       : No context for object [ffff88040d83c708]
[   58.378604]      scan-1141 get_device_data       : No context for object [ffff88040d83c730]
[   58.378801]      scan-1141 get_device_data       : No context for object [ffff88040d81d050]
[   58.379001]     utils-0051 util_eval_error       : Evaluate [\_SB_._STA]: AE_NOT_FOUND
[   58.379249] device: 'LNXSYBUS:00': device_add
[   58.379358] bus: 'acpi': add device LNXSYBUS:00
[   58.379436]     utils-0051 util_eval_error       : Evaluate [\_SB_._SUN]: AE_NOT_FOUND
[   58.380005]      scan-1933 add_single_object     : Added LNXSYBUS:00 [\_SB_] parent LNXSYSTM:00
[   58.380005]      scan-1141 get_device_data       : No context for object [ffff88040d81d3c0]
[   58.380005]      scan-1141 get_device_data       : No context for object [ffff88040d81d3e8]
[   58.380197]      scan-1141 get_device_data       : No context for object [ffff88040d81d410]
[   58.381315]      scan-1141 get_device_data       : No context for object [ffff88040d81d438]
[   58.381463]      scan-1141 get_device_data       : No context for object [ffff88040d81d460]
[   58.381640]      scan-1141 get_device_data       : No context for object [ffff88040d81d488]
[   58.381835]      scan-1141 get_device_data       : No context for object [ffff88040d81d4b0]
[   58.382031]      scan-1141 get_device_data       : No context for object [ffff88040d81d5a0]
[   58.382228]     utils-0051 util_eval_error       : Evaluate [\_SB_.PWRB._STA]: AE_NOT_FOUND
[   58.382440] device: 'PNP0C0C:00': device_add
[   58.382502] bus: 'acpi': add device PNP0C0C:00
[   58.382575]     utils-0051 util_eval_error       : Evaluate [\_SB_.PWRB._SUN]: AE_NOT_FOUND
[   58.383348]      scan-1933 add_single_object     : Added PNP0C0C:00 [\_SB_.PWRB] parent LNXSYBUS:00
[   58.383348]      scan-1141 get_device_data       : No context for object [ffff88040d81d5c8]
[   58.383348]      scan-1141 get_device_data       : No context for object [ffff88040d81d5f0]
[   58.383464]     utils-0051 util_eval_error       : Evaluate [\_SB_.PCI0._STA]: AE_NOT_FOUND
[   58.383715] device: 'PNP0A08:00': device_add
[   58.383824] bus: 'acpi': add device PNP0A08:00
[   58.383901]     utils-0051 util_eval_error       : Evaluate [\_SB_.PCI0._SUN]: AE_NOT_FOUND
[   58.384106]      scan-1933 add_single_object     : Added PNP0A08:00 [\_SB_.PCI0] parent LNXSYBUS:00
[   58.384312]      scan-1141 get_device_data       : No context for object [ffff88040d81d618]
[   58.384489]      scan-1141 get_device_data       : No context for object [ffff88040d81d640]
[   58.384686]      scan-1141 get_device_data       : No context for object [ffff88040d81d668]
[   58.384883]      scan-1141 get_device_data       : No context for object [ffff88040d81d690]
[   58.385080]      scan-1141 get_device_data       : No context for object [ffff88040d81d6b8]
[   58.385277]      scan-1141 get_device_data       : No context for object [ffff88040d81d6e0]
[   58.385467]      scan-1141 get_device_data       : No context for object [ffff88040d81d708]
[   58.385664]      scan-1141 get_device_data       : No context for object [ffff88040d81d730]
[   58.385862]      scan-1141 get_device_data       : No context for object [ffff88040d81d758]
[   58.386059]      scan-1141 get_device_data       : No context for object [ffff88040d81d780]
[   58.386256]      scan-1141 get_device_data       : No context for object [ffff88040d81d7a8]
[   58.386453]      scan-1141 get_device_data       : No context for object [ffff88040d81d7d0]
[   58.386669]      scan-1141 get_device_data       : No context for object [ffff88040d81d7f8]
[   58.386867]      scan-1141 get_device_data       : No context for object [ffff88040d81d820]
[   58.387064]      scan-1141 get_device_data       : No context for object [ffff88040d81d848]
[   58.387262]      scan-1141 get_device_data       : No context for object [ffff88040d81d870]
[   58.387460]      scan-1141 get_device_data       : No context for object [ffff88040d81d898]
[   58.387657]      scan-1141 get_device_data       : No context for object [ffff88040d81d8c0]
[   58.387855]      scan-1141 get_device_data       : No context for object [ffff88040d81d8e8]
[   58.388053]      scan-1141 get_device_data       : No context for object [ffff88040d81d910]
[   58.388250]      scan-1141 get_device_data       : No context for object [ffff88040d81d938]
[   58.388447]      scan-1141 get_device_data       : No context for object [ffff88040d81d960]
[   58.388625]      scan-1141 get_device_data       : No context for object [ffff88040d81d988]
[   58.388820]      scan-1141 get_device_data       : No context for object [ffff88040d81d9b0]
[   58.389017]      scan-1141 get_device_data       : No context for object [ffff88040d81d9d8]
[   58.389215]      scan-1141 get_device_data       : No context for object [ffff88040d81da00]
[   58.389413]      scan-1141 get_device_data       : No context for object [ffff88040d81da28]
[   58.389564]      scan-1141 get_device_data       : No context for object [ffff88040d81da50]
[   58.389741]      scan-1141 get_device_data       : No context for object [ffff88040d81da78]
[   58.389938]      scan-1141 get_device_data       : No context for object [ffff88040d81daa0]
[   58.390131]      scan-1141 get_device_data       : No context for object [ffff88040d81dac8]
[   58.390328]      scan-1141 get_device_data       : No context for object [ffff88040d81daf0]
[   58.390505]      scan-1141 get_device_data       : No context for object [ffff88040d81db18]
[   58.390702]      scan-1141 get_device_data       : No context for object [ffff88040d81db40]
[   58.390900]      scan-1141 get_device_data       : No context for object [ffff88040d81db68]
[   58.391097]      scan-1141 get_device_data       : No context for object [ffff88040d81db90]
[   58.391295]      scan-1141 get_device_data       : No context for object [ffff88040d81dbb8]
[   58.391475]      scan-1141 get_device_data       : No context for object [ffff88040d81dbe0]
[   58.391673]      scan-1141 get_device_data       : No context for object [ffff88040d81dc08]
[   58.391870]      scan-1141 get_device_data       : No context for object [ffff88040d81dc30]
[   58.392067]      scan-1141 get_device_data       : No context for object [ffff88040d81dc58]
[   58.392265]      scan-1141 get_device_data       : No context for object [ffff88040d81dc80]
[   58.392462]      scan-1141 get_device_data       : No context for object [ffff88040d81dca8]
[   58.392659]      scan-1141 get_device_data       : No context for object [ffff88040d81dcd0]
[   58.392857]      scan-1141 get_device_data       : No context for object [ffff88040d81dcf8]
[   58.393055]      scan-1141 get_device_data       : No context for object [ffff88040d81dd20]
[   58.393253]      scan-1141 get_device_data       : No context for object [ffff88040d81dd48]
[   58.393335]      scan-1141 get_device_data       : No context for object [ffff88040d81dd70]
[   58.393533]      scan-1141 get_device_data       : No context for object [ffff88040d81dd98]
[   58.393731]      scan-1141 get_device_data       : No context for object [ffff88040d81ddc0]
[   58.393928]      scan-1141 get_device_data       : No context for object [ffff88040d81dde8]
[   58.394126]      scan-1141 get_device_data       : No context for object [ffff88040d81de10]
[   58.394324]      scan-1141 get_device_data       : No context for object [ffff88040d81de38]
[   58.394501]      scan-1141 get_device_data       : No context for object [ffff88040d81de60]
[   58.394698]      scan-1141 get_device_data       : No context for object [ffff88040d81de88]
[   58.394895]      scan-1141 get_device_data       : No context for object [ffff88040d81deb0]
[   58.395093]      scan-1141 get_device_data       : No context for object [ffff88040d81ded8]
[   58.395290]      scan-1141 get_device_data       : No context for object [ffff88040d81df00]
[   58.395442]      scan-1141 get_device_data       : No context for object [ffff88040d81df28]
[   58.395619]      scan-1141 get_device_data       : No context for object [ffff88040d81df50]
[   58.395816]      scan-1141 get_device_data       : No context for object [ffff88040d81df78]
[   58.396014]      scan-1141 get_device_data       : No context for object [ffff88040d81dfa0]
[   58.396212]      scan-1141 get_device_data       : No context for object [ffff88040d81dfc8]
[   58.396388]      scan-1141 get_device_data       : No context for object [ffff88040d822000]
[   58.396669]      scan-1141 get_device_data       : No context for object [ffff88040d822028]
[   58.396866]     utils-0051 util_eval_error       : Evaluate [\_SB_.PCI0.MEMR._STA]: AE_NOT_FOUND
[   58.397093] device: 'PNP0C02:00': device_add
[   58.397156] bus: 'acpi': add device PNP0C02:00
[   58.397231]     utils-0051 util_eval_error       : Evaluate [\_SB_.PCI0.MEMR._SUN]: AE_NOT_FOUND
[   58.397436]      scan-1933 add_single_object     : Added PNP0C02:00 [\_SB_.PCI0.MEMR] parent PNP0A08:00
[   58.397638]      scan-1141 get_device_data       : No context for object [ffff88040d822050]
[   58.397833]      scan-1141 get_device_data       : No context for object [ffff88040d822078]
[   58.398026]      scan-1141 get_device_data       : No context for object [ffff88040d8220a0]
[   58.398221]      scan-1141 get_device_data       : No context for object [ffff88040d8220c8]
[   58.398417]      scan-1141 get_device_data       : No context for object [ffff88040d8220f0]
[   58.398612]      scan-1141 get_device_data       : No context for object [ffff88040d822118]
[   58.399728]      scan-1141 get_device_data       : No context for object [ffff88040d822140]
[   58.399923]      scan-1141 get_device_data       : No context for object [ffff88040d822168]
[   58.400162]      scan-1141 get_device_data       : No context for object [ffff88040d822190]
[   58.400357]      scan-1141 get_device_data       : No context for object [ffff88040d8221b8]
[   58.400533]      scan-1141 get_device_data       : No context for object [ffff88040d8221e0]
[   58.400728]      scan-1141 get_device_data       : No context for object [ffff88040d822208]
[   58.400922]      scan-1141 get_device_data       : No context for object [ffff88040d822230]
[   58.401120]      scan-1141 get_device_data       : No context for object [ffff88040d822258]
[   58.401317]      scan-1141 get_device_data       : No context for object [ffff88040d822280]
[   58.401494]      scan-1141 get_device_data       : No context for object [ffff88040d8222a8]
[   58.401692]     utils-0051 util_eval_error       : Evaluate [\_SB_.PCI0.PB2_._STA]: AE_NOT_FOUND
[   58.401992] device: 'device:00': device_add
[   58.402055] bus: 'acpi': add device device:00
[   58.402129]     utils-0051 util_eval_error       : Evaluate [\_SB_.PCI0.PB2_._SUN]: AE_NOT_FOUND
[   58.403369]      scan-1933 add_single_object     : Added device:00 [\_SB_.PCI0.PB2_] parent PNP0A08:00
[   58.403369]      scan-1141 get_device_data       : No context for object [ffff88040d8222d0]
[   58.403369]      scan-1141 get_device_data       : No context for object [ffff88040d8222f8]
[   58.403369]      scan-1141 get_device_data       : No context for object [ffff88040d822320]
[   58.403369]      scan-1141 get_device_data       : No context for object [ffff88040d822348]
[   58.403369]      scan-1141 get_device_data       : No context for object [ffff88040d822370]
[   58.403478]      scan-1141 get_device_data       : No context for object [ffff88040d822398]
[   58.403675]      scan-1141 get_device_data       : No context for object [ffff88040d8223c0]
[   58.403873]      scan-1141 get_device_data       : No context for object [ffff88040d8223e8]
[   58.404070]      scan-1141 get_device_data       : No context for object [ffff88040d822410]
[   58.404267]      scan-1141 get_device_data       : No context for object [ffff88040d822438]
[   58.404464]      scan-1141 get_device_data       : No context for object [ffff88040d822460]
[   58.404661]      scan-1141 get_device_data       : No context for object [ffff88040d822488]
[   58.404855]      scan-1141 get_device_data       : No context for object [ffff88040d8224b0]
[   58.405053]      scan-1141 get_device_data       : No context for object [ffff88040d8224d8]
[   58.405251]      scan-1141 get_device_data       : No context for object [ffff88040d822500]
[   58.405448]      scan-1141 get_device_data       : No context for object [ffff88040d822528]
[   58.405646]      scan-1141 get_device_data       : No context for object [ffff88040d822550]
[   58.405843]      scan-1141 get_device_data       : No context for object [ffff88040d822578]
[   58.406041]      scan-1141 get_device_data       : No context for object [ffff88040d8225a0]
[   58.406238]      scan-1141 get_device_data       : No context for object [ffff88040d8225c8]
[   58.406436]      scan-1141 get_device_data       : No context for object [ffff88040d8225f0]
[   58.406614]      scan-1141 get_device_data       : No context for object [ffff88040d822618]
[   58.406797]      scan-1141 get_device_data       : No context for object [ffff88040d822640]
[   58.406994]      scan-1141 get_device_data       : No context for object [ffff88040d822668]
[   58.407192]      scan-1141 get_device_data       : No context for object [ffff88040d822690]
[   58.407389]      scan-1141 get_device_data       : No context for object [ffff88040d8226b8]
[   58.407540]      scan-1141 get_device_data       : No context for object [ffff88040d8226e0]
[   58.407717]      scan-1141 get_device_data       : No context for object [ffff88040d822708]
[   58.407914]      scan-1141 get_device_data       : No context for object [ffff88040d822730]
[   58.408112]      scan-1141 get_device_data       : No context for object [ffff88040d822758]
[   58.408309]      scan-1141 get_device_data       : No context for object [ffff88040d822780]
[   58.408488]     utils-0051 util_eval_error       : Evaluate [\_SB_.PCI0.PB2_.VGA_._STA]: AE_NOT_FOUND
[   58.408729] device: 'device:01': device_add
[   58.408838] bus: 'acpi': add device device:01
[   58.408915]     utils-0051 util_eval_error       : Evaluate [\_SB_.PCI0.PB2_.VGA_._SUN]: AE_NOT_FOUND
[   58.410035]      scan-1933 add_single_object     : Added device:01 [\_SB_.PCI0.PB2_.VGA_] parent device:00
[   58.410035]      scan-1141 get_device_data       : No context for object [ffff88040d8227a8]
[   58.410035]      scan-1141 get_device_data       : No context for object [ffff88040d8227d0]
[   58.410035]      scan-1141 get_device_data       : No context for object [ffff88040d8227f8]
[   58.410035]      scan-1141 get_device_data       : No context for object [ffff88040d822820]
[   58.410035]      scan-1141 get_device_data       : No context for object [ffff88040d822848]
[   58.410200]      scan-1141 get_device_data       : No context for object [ffff88040d822870]
[   58.410377]      scan-1141 get_device_data       : No context for object [ffff88040d822898]
[   58.410575]      scan-1141 get_device_data       : No context for object [ffff88040d8228c0]
[   58.410773]      scan-1141 get_device_data       : No context for object [ffff88040d8228e8]
[   58.410970]      scan-1141 get_device_data       : No context for object [ffff88040d822910]
[   58.411168]      scan-1141 get_device_data       : No context for object [ffff88040d822938]
[   58.411365]      scan-1141 get_device_data       : No context for object [ffff88040d822960]
[   58.411563]      scan-1141 get_device_data       : No context for object [ffff88040d822988]
[   58.411760]      scan-1141 get_device_data       : No context for object [ffff88040d8229b0]
[   58.411958]      scan-1141 get_device_data       : No context for object [ffff88040d8229d8]
[   58.412156]      scan-1141 get_device_data       : No context for object [ffff88040d822a00]
[   58.412353]      scan-1141 get_device_data       : No context for object [ffff88040d822a28]
[   58.412551]      scan-1141 get_device_data       : No context for object [ffff88040d822a50]
[   58.412749]      scan-1141 get_device_data       : No context for object [ffff88040d822a78]
[   58.412946]      scan-1141 get_device_data       : No context for object [ffff88040d822aa0]
[   58.413144]      scan-1141 get_device_data       : No context for object [ffff88040d822ac8]
[   58.413462]      scan-1141 get_device_data       : No context for object [ffff88040d822af0]
[   58.413656]      scan-1141 get_device_data       : No context for object [ffff88040d822b18]
[   58.413850]      scan-1141 get_device_data       : No context for object [ffff88040d822b40]
[   58.414045]      scan-1141 get_device_data       : No context for object [ffff88040d822b68]
[   58.414241]      scan-1141 get_device_data       : No context for object [ffff88040d822b90]
[   58.414435]      scan-1141 get_device_data       : No context for object [ffff88040d822bb8]
[   58.414619]      scan-1141 get_device_data       : No context for object [ffff88040d822be0]
[   58.414814]      scan-1141 get_device_data       : No context for object [ffff88040d822c08]
[   58.415008]      scan-1141 get_device_data       : No context for object [ffff88040d822c30]
[   58.415202]      scan-1141 get_device_data       : No context for object [ffff88040d822c58]
[   58.415397]      scan-1141 get_device_data       : No context for object [ffff88040d822c80]
[   58.415543]      scan-1141 get_device_data       : No context for object [ffff88040d822ca8]
[   58.415720]      scan-1141 get_device_data       : No context for object [ffff88040d822cd0]
[   58.415914]      scan-1141 get_device_data       : No context for object [ffff88040d822cf8]
[   58.416109]      scan-1141 get_device_data       : No context for object [ffff88040d822d20]
[   58.416303]      scan-1141 get_device_data       : No context for object [ffff88040d822d48]
[   58.416487]      scan-1141 get_device_data       : No context for object [ffff88040d822d70]
[   58.416669]      scan-1141 get_device_data       : No context for object [ffff88040d822d98]
[   58.416867]      scan-1141 get_device_data       : No context for object [ffff88040d837438]
[   58.417062]      scan-1141 get_device_data       : No context for object [ffff88040d822dc0]
[   58.418236]     utils-0051 util_eval_error       : Evaluate [\_SB_.PCI0.PB2_.HDAU._STA]: AE_NOT_FOUND
[   58.418469] device: 'device:02': device_add
[   58.418532] bus: 'acpi': add device device:02
[   58.418606]     utils-0051 util_eval_error       : Evaluate [\_SB_.PCI0.PB2_.HDAU._SUN]: AE_NOT_FOUND
[   58.420006]      scan-1933 add_single_object     : Added device:02 [\_SB_.PCI0.PB2_.HDAU] parent device:00
[   58.420006]      scan-1141 get_device_data       : No context for object [ffff88040d822de8]
[   58.420006]      scan-1141 get_device_data       : No context for object [ffff88040d822e10]
[   58.420006]      scan-1141 get_device_data       : No context for object [ffff88040d822e38]
[   58.420006]      scan-1141 get_device_data       : No context for object [ffff88040d822e60]
[   58.420006]      scan-1141 get_device_data       : No context for object [ffff88040d822e88]
[   58.420006]      scan-1141 get_device_data       : No context for object [ffff88040d822eb0]
[   58.420006]      scan-1141 get_device_data       : No context for object [ffff88040d822ed8]
[   58.420201]     utils-0051 util_eval_error       : Evaluate [\_SB_.PCI0.PB3_._STA]: AE_NOT_FOUND
[   58.420426] device: 'device:03': device_add
[   58.420489] bus: 'acpi': add device device:03
[   58.420565]     utils-0051 util_eval_error       : Evaluate [\_SB_.PCI0.PB3_._SUN]: AE_NOT_FOUND
[   58.420772]      scan-1933 add_single_object     : Added device:03 [\_SB_.PCI0.PB3_] parent PNP0A08:00
[   58.420975]      scan-1141 get_device_data       : No context for object [ffff88040d822f00]
[   58.421172]      scan-1141 get_device_data       : No context for object [ffff88040d822f28]
[   58.421362]      scan-1141 get_device_data       : No context for object [ffff88040d822f50]
[   58.421560]      scan-1141 get_device_data       : No context for object [ffff88040d822f78]
[   58.421758]      scan-1141 get_device_data       : No context for object [ffff88040d822fa0]
[   58.421955]      scan-1141 get_device_data       : No context for object [ffff88040d822fc8]
[   58.422153]      scan-1141 get_device_data       : No context for object [ffff88040d823000]
[   58.422350]      scan-1141 get_device_data       : No context for object [ffff88040d823028]
[   58.422548]      scan-1141 get_device_data       : No context for object [ffff88040d823050]
[   58.422746]      scan-1141 get_device_data       : No context for object [ffff88040d823078]
[   58.422943]      scan-1141 get_device_data       : No context for object [ffff88040d8230a0]
[   58.423140]      scan-1141 get_device_data       : No context for object [ffff88040d8230c8]
[   58.423464]      scan-1141 get_device_data       : No context for object [ffff88040d8230f0]
[   58.423662]      scan-1141 get_device_data       : No context for object [ffff88040d823118]
[   58.423859]      scan-1141 get_device_data       : No context for object [ffff88040d823140]
[   58.424057]      scan-1141 get_device_data       : No context for object [ffff88040d823168]
[   58.424255]      scan-1141 get_device_data       : No context for object [ffff88040d823190]
[   58.424453]      scan-1141 get_device_data       : No context for object [ffff88040d8231b8]
[   58.424629]      scan-1141 get_device_data       : No context for object [ffff88040d8231e0]
[   58.424826]      scan-1141 get_device_data       : No context for object [ffff88040d823208]
[   58.425023]      scan-1141 get_device_data       : No context for object [ffff88040d823230]
[   58.425221]      scan-1141 get_device_data       : No context for object [ffff88040d823258]
[   58.425419]      scan-1141 get_device_data       : No context for object [ffff88040d823280]
[   58.425570]      scan-1141 get_device_data       : No context for object [ffff88040d8232a8]
[   58.425747]      scan-1141 get_device_data       : No context for object [ffff88040d8232d0]
[   58.425945]      scan-1141 get_device_data       : No context for object [ffff88040d8232f8]
[   58.426142]      scan-1141 get_device_data       : No context for object [ffff88040d823320]
[   58.426340]      scan-1141 get_device_data       : No context for object [ffff88040d823348]
[   58.426516]      scan-1141 get_device_data       : No context for object [ffff88040d823370]
[   58.426669]      scan-1141 get_device_data       : No context for object [ffff88040d823398]
[   58.426866]      scan-1141 get_device_data       : No context for object [ffff88040d8233c0]
[   58.427065]     utils-0051 util_eval_error       : Evaluate [\_SB_.PCI0.PB3_.VGA_._STA]: AE_NOT_FOUND
[   58.427295]     video-0058 backlight_cap_match   : Found generic backlight support
[   58.427484] device: 'LNXVIDEO:00': device_add
[   58.427547] bus: 'acpi': add device LNXVIDEO:00
[   58.427627]     utils-0051 util_eval_error       : Evaluate [\_SB_.PCI0.PB3_.VGA_._SUN]: AE_NOT_FOUND
[   58.427835]      scan-1933 add_single_object     : Added LNXVIDEO:00 [\_SB_.PCI0.PB3_.VGA_] parent device:03
[   58.428042]      scan-1141 get_device_data       : No context for object [ffff88040d8233e8]
[   58.428239]      scan-1141 get_device_data       : No context for object [ffff88040d823410]
[   58.428438]      scan-1141 get_device_data       : No context for object [ffff88040d823438]
[   58.428635]      scan-1141 get_device_data       : No context for object [ffff88040d823460]
[   58.428833]      scan-1141 get_device_data       : No context for object [ffff88040d823488]
[   58.429030]      scan-1141 get_device_data       : No context for object [ffff88040d8234b0]
[   58.429228]      scan-1141 get_device_data       : No context for object [ffff88040d8234d8]
[   58.429425]      scan-1141 get_device_data       : No context for object [ffff88040d823500]
[   58.429623]      scan-1141 get_device_data       : No context for object [ffff88040d823528]
[   58.429820]      scan-1141 get_device_data       : No context for object [ffff88040d823550]
[   58.430003]      scan-1141 get_device_data       : No context for object [ffff88040d823578]
[   58.430197]      scan-1141 get_device_data       : No context for object [ffff88040d8235a0]
[   58.430391]      scan-1141 get_device_data       : No context for object [ffff88040d8235c8]
[   58.430586]      scan-1141 get_device_data       : No context for object [ffff88040d8235f0]
[   58.430781]      scan-1141 get_device_data       : No context for object [ffff88040d823618]
[   58.430977]      scan-1141 get_device_data       : No context for object [ffff88040d823640]
[   58.431172]      scan-1141 get_device_data       : No context for object [ffff88040d823668]
[   58.431367]      scan-1141 get_device_data       : No context for object [ffff88040d823690]
[   58.431516]      scan-1141 get_device_data       : No context for object [ffff88040d8236b8]
[   58.431693]      scan-1141 get_device_data       : No context for object [ffff88040d8236e0]
[   58.431888]      scan-1141 get_device_data       : No context for object [ffff88040d823708]
[   58.432082]      scan-1141 get_device_data       : No context for object [ffff88040d823730]
[   58.432278]      scan-1141 get_device_data       : No context for object [ffff88040d823758]
[   58.432455]      scan-1141 get_device_data       : No context for object [ffff88040d823780]
[   58.432650]      scan-1141 get_device_data       : No context for object [ffff88040d8237a8]
[   58.432847]      scan-1141 get_device_data       : No context for object [ffff88040d8237d0]
[   58.433042]      scan-1141 get_device_data       : No context for object [ffff88040d8237f8]
[   58.433237]      scan-1141 get_device_data       : No context for object [ffff88040d823820]
[   58.433483]      scan-1141 get_device_data       : No context for object [ffff88040d823848]
[   58.433679]      scan-1141 get_device_data       : No context for object [ffff88040d823870]
[   58.433874]      scan-1141 get_device_data       : No context for object [ffff88040d823898]
[   58.434069]      scan-1141 get_device_data       : No context for object [ffff88040d8238c0]
[   58.434264]      scan-1141 get_device_data       : No context for object [ffff88040d8238e8]
[   58.434462]      scan-1141 get_device_data       : No context for object [ffff88040d823910]
[   58.434659]      scan-1141 get_device_data       : No context for object [ffff88040d823938]
[   58.434857]      scan-1141 get_device_data       : No context for object [ffff88040d823960]
[   58.435054]      scan-1141 get_device_data       : No context for object [ffff88040d823988]
[   58.435252]      scan-1141 get_device_data       : No context for object [ffff88040d8239b0]
[   58.435449]      scan-1141 get_device_data       : No context for object [ffff88040d8239d8]
[   58.436669]      scan-1141 get_device_data       : No context for object [ffff88040d837460]
[   58.436867]      scan-1141 get_device_data       : No context for object [ffff88040d83ac08]
[   58.437065]      scan-1141 get_device_data       : No context for object [ffff88040d83ac30]
[   58.437263]      scan-1141 get_device_data       : No context for object [ffff88040d83ac58]
[   58.437463]     utils-0051 util_eval_error       : Evaluate [\_SB_.PCI0.PB3_.VGA_.CRT_._STA]: AE_NOT_FOUND
[   58.437706] device: 'device:04': device_add
[   58.437816] bus: 'acpi': add device device:04
[   58.437890]     utils-0051 util_eval_error       : Evaluate [\_SB_.PCI0.PB3_.VGA_.CRT_._SUN]: AE_NOT_FOUND
[   58.440006]      scan-1933 add_single_object     : Added device:04 [\_SB_.PCI0.PB3_.VGA_.CRT_] parent LNXVIDEO:00
[   58.440006]      scan-1141 get_device_data       : No context for object [ffff88040d83ac80]
[   58.440006]      scan-1141 get_device_data       : No context for object [ffff88040d83aca8]
[   58.440006]      scan-1141 get_device_data       : No context for object [ffff88040d83acd0]
[   58.440006]      scan-1141 get_device_data       : No context for object [ffff88040d83acf8]
[   58.440006]      scan-1141 get_device_data       : No context for object [ffff88040d83ad20]
[   58.440006]     utils-0051 util_eval_error       : Evaluate [\_SB_.PCI0.PB3_.VGA_.LCD_._STA]: AE_NOT_FOUND
[   58.440006] device: 'device:05': device_add
[   58.440006] bus: 'acpi': add device device:05
[   58.440006]     utils-0051 util_eval_error       : Evaluate [\_SB_.PCI0.PB3_.VGA_.LCD_._SUN]: AE_NOT_FOUND
[   58.440068]      scan-1933 add_single_object     : Added device:05 [\_SB_.PCI0.PB3_.VGA_.LCD_] parent LNXVIDEO:00
[   58.440068]      scan-1141 get_device_data       : No context for object [ffff88040d83ad48]
[   58.440204]      scan-1141 get_device_data       : No context for object [ffff88040d83ad70]
[   58.440402]      scan-1141 get_device_data       : No context for object [ffff88040d83ad98]
[   58.440599]      scan-1141 get_device_data       : No context for object [ffff88040d83adc0]
[   58.440797]      scan-1141 get_device_data       : No context for object [ffff88040d83ade8]
[   58.440994]      scan-1141 get_device_data       : No context for object [ffff88040d83ae10]
[   58.441192]      scan-1141 get_device_data       : No context for object [ffff88040d83ae38]
[   58.441390]      scan-1141 get_device_data       : No context for object [ffff88040d83ae60]
[   58.441589]     utils-0051 util_eval_error       : Evaluate [\_SB_.PCI0.PB3_.VGA_.TV0_._STA]: AE_NOT_FOUND
[   58.441822] device: 'device:06': device_add
[   58.441885] bus: 'acpi': add device device:06
[   58.441962]     utils-0051 util_eval_error       : Evaluate [\_SB_.PCI0.PB3_.VGA_.TV0_._SUN]: AE_NOT_FOUND
[   58.443339]      scan-1933 add_single_object     : Added device:06 [\_SB_.PCI0.PB3_.VGA_.TV0_] parent LNXVIDEO:00
[   58.443339]      scan-1141 get_device_data       : No context for object [ffff88040d83ae88]
[   58.443339]      scan-1141 get_device_data       : No context for object [ffff88040d83aeb0]
[   58.443339]      scan-1141 get_device_data       : No context for object [ffff88040d83aed8]
[   58.443339]      scan-1141 get_device_data       : No context for object [ffff88040d83af00]
[   58.443339]      scan-1141 get_device_data       : No context for object [ffff88040d83af28]
[   58.443339]     utils-0051 util_eval_error       : Evaluate [\_SB_.PCI0.PB3_.VGA_.HDMI._STA]: AE_NOT_FOUND
[   58.443533] device: 'device:07': device_add
[   58.443627] bus: 'acpi': add device device:07
[   58.443701]     utils-0051 util_eval_error       : Evaluate [\_SB_.PCI0.PB3_.VGA_.HDMI._SUN]: AE_NOT_FOUND
[   58.443909]      scan-1933 add_single_object     : Added device:07 [\_SB_.PCI0.PB3_.VGA_.HDMI] parent LNXVIDEO:00
[   58.444112]      scan-1141 get_device_data       : No context for object [ffff88040d83af50]
[   58.444310]      scan-1141 get_device_data       : No context for object [ffff88040d83af78]
[   58.444487]      scan-1141 get_device_data       : No context for object [ffff88040d83afa0]
[   58.444684]      scan-1141 get_device_data       : No context for object [ffff88040d83afc8]
[   58.444881]      scan-1141 get_device_data       : No context for object [ffff88040d823a00]
[   58.445080]     utils-0051 util_eval_error       : Evaluate [\_SB_.PCI0.PB3_.HDAU._STA]: AE_NOT_FOUND
[   58.445313] device: 'device:08': device_add
[   58.445376] bus: 'acpi': add device device:08
[   58.445455]     utils-0051 util_eval_error       : Evaluate [\_SB_.PCI0.PB3_.HDAU._SUN]: AE_NOT_FOUND
[   58.446680]      scan-1933 add_single_object     : Added device:08 [\_SB_.PCI0.PB3_.HDAU] parent device:03
[   58.446680]      scan-1141 get_device_data       : No context for object [ffff88040d823a28]
[   58.446680]      scan-1141 get_device_data       : No context for object [ffff88040d823a50]
[   58.446680]      scan-1141 get_device_data       : No context for object [ffff88040d823a78]
[   58.446680]      scan-1141 get_device_data       : No context for object [ffff88040d823aa0]
[   58.446680]      scan-1141 get_device_data       : No context for object [ffff88040d823ac8]
[   58.446865]      scan-1141 get_device_data       : No context for object [ffff88040d823af0]
[   58.447062]      scan-1141 get_device_data       : No context for object [ffff88040d823b18]
[   58.447257]     utils-0051 util_eval_error       : Evaluate [\_SB_.PCI0.PB4_._STA]: AE_NOT_FOUND
[   58.447503] device: 'device:09': device_add
[   58.447568] bus: 'acpi': add device device:09
[   58.447643]     utils-0051 util_eval_error       : Evaluate [\_SB_.PCI0.PB4_._SUN]: AE_NOT_FOUND
[   58.447848]      scan-1933 add_single_object     : Added device:09 [\_SB_.PCI0.PB4_] parent PNP0A08:00
[   58.448048]      scan-1141 get_device_data       : No context for object [ffff88040d823b40]
[   58.448242]      scan-1141 get_device_data       : No context for object [ffff88040d823b68]
[   58.448436]      scan-1141 get_device_data       : No context for object [ffff88040d823b90]
[   58.448632]      scan-1141 get_device_data       : No context for object [ffff88040d823bb8]
[   58.448826]      scan-1141 get_device_data       : No context for object [ffff88040d823be0]
[   58.449021]      scan-1141 get_device_data       : No context for object [ffff88040d823c08]
[   58.449216]      scan-1141 get_device_data       : No context for object [ffff88040d823c30]
[   58.449411]      scan-1141 get_device_data       : No context for object [ffff88040d823c58]
[   58.449560]      scan-1141 get_device_data       : No context for object [ffff88040d823c80]
[   58.449737]      scan-1141 get_device_data       : No context for object [ffff88040d823ca8]
[   58.449932]      scan-1141 get_device_data       : No context for object [ffff88040d823cd0]
[   58.450128]      scan-1141 get_device_data       : No context for object [ffff88040d823cf8]
[   58.450323]      scan-1141 get_device_data       : No context for object [ffff88040d823d20]
[   58.450499]      scan-1141 get_device_data       : No context for object [ffff88040d823d48]
[   58.450694]      scan-1141 get_device_data       : No context for object [ffff88040d823d70]
[   58.450889]      scan-1141 get_device_data       : No context for object [ffff88040d823d98]
[   58.451087]      scan-1141 get_device_data       : No context for object [ffff88040d823dc0]
[   58.451284]      scan-1141 get_device_data       : No context for object [ffff88040d823de8]
[   58.451463]      scan-1141 get_device_data       : No context for object [ffff88040d823e10]
[   58.451660]      scan-1141 get_device_data       : No context for object [ffff88040d823e38]
[   58.451857]      scan-1141 get_device_data       : No context for object [ffff88040d823e60]
[   58.452054]      scan-1141 get_device_data       : No context for object [ffff88040d823e88]
[   58.452252]      scan-1141 get_device_data       : No context for object [ffff88040d823eb0]
[   58.452449]      scan-1141 get_device_data       : No context for object [ffff88040d823ed8]
[   58.452647]      scan-1141 get_device_data       : No context for object [ffff88040d823f00]
[   58.452845]      scan-1141 get_device_data       : No context for object [ffff88040d823f28]
[   58.453042]      scan-1141 get_device_data       : No context for object [ffff88040d823f50]
[   58.453239]      scan-1141 get_device_data       : No context for object [ffff88040d823f78]
[   58.453335]      scan-1141 get_device_data       : No context for object [ffff88040d823fa0]
[   58.453533]      scan-1141 get_device_data       : No context for object [ffff88040d823fc8]
[   58.453730]      scan-1141 get_device_data       : No context for object [ffff88040d825000]
[   58.453929]     utils-0051 util_eval_error       : Evaluate [\_SB_.PCI0.PB4_.XPDV._STA]: AE_NOT_FOUND
[   58.455183] device: 'device:0a': device_add
[   58.455246] bus: 'acpi': add device device:0a
[   58.455320]     utils-0051 util_eval_error       : Evaluate [\_SB_.PCI0.PB4_.XPDV._SUN]: AE_NOT_FOUND
[   58.456696]      scan-1933 add_single_object     : Added device:0a [\_SB_.PCI0.PB4_.XPDV] parent device:09
[   58.456696]      scan-1141 get_device_data       : No context for object [ffff88040d825028]
[   58.456696]      scan-1141 get_device_data       : No context for object [ffff88040d825050]
[   58.456696]      scan-1141 get_device_data       : No context for object [ffff88040d825078]
[   58.456696]      scan-1141 get_device_data       : No context for object [ffff88040d8250a0]
[   58.456696]      scan-1141 get_device_data       : No context for object [ffff88040d8250c8]
[   58.456798]      scan-1141 get_device_data       : No context for object [ffff88040d837500]
[   58.456996]      scan-1141 get_device_data       : No context for object [ffff88040d8250f0]
[   58.457194]      scan-1141 get_device_data       : No context for object [ffff88040d825118]
[   58.457393]     utils-0051 util_eval_error       : Evaluate [\_SB_.PCI0.PB5_._STA]: AE_NOT_FOUND
[   58.457630] device: 'device:0b': device_add
[   58.457694] bus: 'acpi': add device device:0b
[   58.457771]     utils-0051 util_eval_error       : Evaluate [\_SB_.PCI0.PB5_._SUN]: AE_NOT_FOUND
[   58.457977]      scan-1933 add_single_object     : Added device:0b [\_SB_.PCI0.PB5_] parent PNP0A08:00
[   58.458180]      scan-1141 get_device_data       : No context for object [ffff88040d825140]
[   58.458377]      scan-1141 get_device_data       : No context for object [ffff88040d825168]
[   58.458529]      scan-1141 get_device_data       : No context for object [ffff88040d825190]
[   58.458706]      scan-1141 get_device_data       : No context for object [ffff88040d8251b8]
[   58.458903]      scan-1141 get_device_data       : No context for object [ffff88040d8251e0]
[   58.459101]      scan-1141 get_device_data       : No context for object [ffff88040d825208]
[   58.459298]      scan-1141 get_device_data       : No context for object [ffff88040d825230]
[   58.459475]      scan-1141 get_device_data       : No context for object [ffff88040d825258]
[   58.459673]      scan-1141 get_device_data       : No context for object [ffff88040d825280]
[   58.459870]      scan-1141 get_device_data       : No context for object [ffff88040d8252a8]
[   58.460003]      scan-1141 get_device_data       : No context for object [ffff88040d8252d0]
[   58.460201]      scan-1141 get_device_data       : No context for object [ffff88040d8252f8]
[   58.460396]      scan-1141 get_device_data       : No context for object [ffff88040d825320]
[   58.460594]      scan-1141 get_device_data       : No context for object [ffff88040d825348]
[   58.460792]      scan-1141 get_device_data       : No context for object [ffff88040d825370]
[   58.460989]      scan-1141 get_device_data       : No context for object [ffff88040d825398]
[   58.461186]      scan-1141 get_device_data       : No context for object [ffff88040d8253c0]
[   58.461383]      scan-1141 get_device_data       : No context for object [ffff88040d8253e8]
[   58.461580]      scan-1141 get_device_data       : No context for object [ffff88040d825410]
[   58.461778]      scan-1141 get_device_data       : No context for object [ffff88040d825438]
[   58.461975]      scan-1141 get_device_data       : No context for object [ffff88040d825460]
[   58.462173]      scan-1141 get_device_data       : No context for object [ffff88040d825488]
[   58.462370]      scan-1141 get_device_data       : No context for object [ffff88040d8254b0]
[   58.462568]      scan-1141 get_device_data       : No context for object [ffff88040d8254d8]
[   58.462765]      scan-1141 get_device_data       : No context for object [ffff88040d825500]
[   58.462963]      scan-1141 get_device_data       : No context for object [ffff88040d825528]
[   58.463161]      scan-1141 get_device_data       : No context for object [ffff88040d825550]
[   58.463336]      scan-1141 get_device_data       : No context for object [ffff88040d825578]
[   58.463514]      scan-1141 get_device_data       : No context for object [ffff88040d8255a0]
[   58.463709]      scan-1141 get_device_data       : No context for object [ffff88040d8255c8]
[   58.463904]      scan-1141 get_device_data       : No context for object [ffff88040d8255f0]
[   58.464101]     utils-0051 util_eval_error       : Evaluate [\_SB_.PCI0.PB5_.XPDV._STA]: AE_NOT_FOUND
[   58.464330] device: 'device:0c': device_add
[   58.464392] bus: 'acpi': add device device:0c
[   58.464466]     utils-0051 util_eval_error       : Evaluate [\_SB_.PCI0.PB5_.XPDV._SUN]: AE_NOT_FOUND
[   58.466672]      scan-1933 add_single_object     : Added device:0c [\_SB_.PCI0.PB5_.XPDV] parent device:0b
[   58.466672]      scan-1141 get_device_data       : No context for object [ffff88040d825618]
[   58.466672]      scan-1141 get_device_data       : No context for object [ffff88040d825640]
[   58.466672]      scan-1141 get_device_data       : No context for object [ffff88040d825668]
[   58.466672]      scan-1141 get_device_data       : No context for object [ffff88040d825690]
[   58.466672]      scan-1141 get_device_data       : No context for object [ffff88040d8256b8]
[   58.466672]      scan-1141 get_device_data       : No context for object [ffff88040d837528]
[   58.466672]      scan-1141 get_device_data       : No context for object [ffff88040d8256e0]
[   58.466672]      scan-1141 get_device_data       : No context for object [ffff88040d825708]
[   58.466672]     utils-0051 util_eval_error       : Evaluate [\_SB_.PCI0.PB6_._STA]: AE_NOT_FOUND
[   58.466766] device: 'device:0d': device_add
[   58.466828] bus: 'acpi': add device device:0d
[   58.466902]     utils-0051 util_eval_error       : Evaluate [\_SB_.PCI0.PB6_._SUN]: AE_NOT_FOUND
[   58.467106]      scan-1933 add_single_object     : Added device:0d [\_SB_.PCI0.PB6_] parent PNP0A08:00
[   58.467306]      scan-1141 get_device_data       : No context for object [ffff88040d825730]
[   58.467483]      scan-1141 get_device_data       : No context for object [ffff88040d825758]
[   58.467679]      scan-1141 get_device_data       : No context for object [ffff88040d825780]
[   58.467875]      scan-1141 get_device_data       : No context for object [ffff88040d8257a8]
[   58.468070]      scan-1141 get_device_data       : No context for object [ffff88040d8257d0]
[   58.468268]      scan-1141 get_device_data       : No context for object [ffff88040d8257f8]
[   58.468466]      scan-1141 get_device_data       : No context for object [ffff88040d825820]
[   58.468663]      scan-1141 get_device_data       : No context for object [ffff88040d825848]
[   58.468860]      scan-1141 get_device_data       : No context for object [ffff88040d825870]
[   58.469057]      scan-1141 get_device_data       : No context for object [ffff88040d825898]
[   58.469254]      scan-1141 get_device_data       : No context for object [ffff88040d8258c0]
[   58.469451]      scan-1141 get_device_data       : No context for object [ffff88040d8258e8]
[   58.469648]      scan-1141 get_device_data       : No context for object [ffff88040d825910]
[   58.469845]      scan-1141 get_device_data       : No context for object [ffff88040d825938]
[   58.470003]      scan-1141 get_device_data       : No context for object [ffff88040d825960]
[   58.470200]      scan-1141 get_device_data       : No context for object [ffff88040d825988]
[   58.470397]      scan-1141 get_device_data       : No context for object [ffff88040d8259b0]
[   58.470595]      scan-1141 get_device_data       : No context for object [ffff88040d8259d8]
[   58.470792]      scan-1141 get_device_data       : No context for object [ffff88040d825a00]
[   58.470990]      scan-1141 get_device_data       : No context for object [ffff88040d825a28]
[   58.471187]      scan-1141 get_device_data       : No context for object [ffff88040d825a50]
[   58.471385]      scan-1141 get_device_data       : No context for object [ffff88040d825a78]
[   58.471571]      scan-1141 get_device_data       : No context for object [ffff88040d825aa0]
[   58.471769]      scan-1141 get_device_data       : No context for object [ffff88040d825ac8]
[   58.471967]      scan-1141 get_device_data       : No context for object [ffff88040d825af0]
[   58.472165]      scan-1141 get_device_data       : No context for object [ffff88040d825b18]
[   58.472362]      scan-1141 get_device_data       : No context for object [ffff88040d825b40]
[   58.472513]      scan-1141 get_device_data       : No context for object [ffff88040d825b68]
[   58.473335]      scan-1141 get_device_data       : No context for object [ffff88040d825b90]
[   58.473533]      scan-1141 get_device_data       : No context for object [ffff88040d825bb8]
[   58.473730]      scan-1141 get_device_data       : No context for object [ffff88040d825be0]
[   58.473929]     utils-0051 util_eval_error       : Evaluate [\_SB_.PCI0.PB6_.XPDV._STA]: AE_NOT_FOUND
[   58.474141] device: 'device:0e': device_add
[   58.474204] bus: 'acpi': add device device:0e
[   58.474281]     utils-0051 util_eval_error       : Evaluate [\_SB_.PCI0.PB6_.XPDV._SUN]: AE_NOT_FOUND
[   58.476702]      scan-1933 add_single_object     : Added device:0e [\_SB_.PCI0.PB6_.XPDV] parent device:0d
[   58.476702]      scan-1141 get_device_data       : No context for object [ffff88040d825c08]
[   58.476702]      scan-1141 get_device_data       : No context for object [ffff88040d825c30]
[   58.476702]      scan-1141 get_device_data       : No context for object [ffff88040d825c58]
[   58.476702]      scan-1141 get_device_data       : No context for object [ffff88040d825c80]
[   58.476702]      scan-1141 get_device_data       : No context for object [ffff88040d825ca8]
[   58.476702]      scan-1141 get_device_data       : No context for object [ffff88040d837550]
[   58.476702]      scan-1141 get_device_data       : No context for object [ffff88040d825cd0]
[   58.476702]      scan-1141 get_device_data       : No context for object [ffff88040d825cf8]
[   58.476702]     utils-0051 util_eval_error       : Evaluate [\_SB_.PCI0.PB7_._STA]: AE_NOT_FOUND
[   58.476965] device: 'device:0f': device_add
[   58.477028] bus: 'acpi': add device device:0f
[   58.477104]     utils-0051 util_eval_error       : Evaluate [\_SB_.PCI0.PB7_._SUN]: AE_NOT_FOUND
[   58.477311]      scan-1933 add_single_object     : Added device:0f [\_SB_.PCI0.PB7_] parent PNP0A08:00
[   58.477492]      scan-1141 get_device_data       : No context for object [ffff88040d825d20]
[   58.477689]      scan-1141 get_device_data       : No context for object [ffff88040d825d48]
[   58.477887]      scan-1141 get_device_data       : No context for object [ffff88040d825d70]
[   58.478085]      scan-1141 get_device_data       : No context for object [ffff88040d825d98]
[   58.478282]      scan-1141 get_device_data       : No context for object [ffff88040d825dc0]
[   58.478466]      scan-1141 get_device_data       : No context for object [ffff88040d825de8]
[   58.478664]      scan-1141 get_device_data       : No context for object [ffff88040d825e10]
[   58.478861]      scan-1141 get_device_data       : No context for object [ffff88040d825e38]
[   58.479059]      scan-1141 get_device_data       : No context for object [ffff88040d825e60]
[   58.479257]      scan-1141 get_device_data       : No context for object [ffff88040d825e88]
[   58.479454]      scan-1141 get_device_data       : No context for object [ffff88040d825eb0]
[   58.479652]      scan-1141 get_device_data       : No context for object [ffff88040d825ed8]
[   58.479850]      scan-1141 get_device_data       : No context for object [ffff88040d825f00]
[   58.480002]      scan-1141 get_device_data       : No context for object [ffff88040d825f28]
[   58.480198]      scan-1141 get_device_data       : No context for object [ffff88040d825f50]
[   58.480393]      scan-1141 get_device_data       : No context for object [ffff88040d825f78]
[   58.480587]      scan-1141 get_device_data       : No context for object [ffff88040d825fa0]
[   58.480781]      scan-1141 get_device_data       : No context for object [ffff88040d825fc8]
[   58.480977]      scan-1141 get_device_data       : No context for object [ffff88040d827000]
[   58.481172]      scan-1141 get_device_data       : No context for object [ffff88040d827028]
[   58.481368]      scan-1141 get_device_data       : No context for object [ffff88040d827050]
[   58.481516]      scan-1141 get_device_data       : No context for object [ffff88040d827078]
[   58.481693]      scan-1141 get_device_data       : No context for object [ffff88040d8270a0]
[   58.481887]      scan-1141 get_device_data       : No context for object [ffff88040d8270c8]
[   58.482082]      scan-1141 get_device_data       : No context for object [ffff88040d8270f0]
[   58.482277]      scan-1141 get_device_data       : No context for object [ffff88040d827118]
[   58.482454]      scan-1141 get_device_data       : No context for object [ffff88040d827140]
[   58.482649]      scan-1141 get_device_data       : No context for object [ffff88040d827168]
[   58.482844]      scan-1141 get_device_data       : No context for object [ffff88040d827190]
[   58.483040]      scan-1141 get_device_data       : No context for object [ffff88040d8271b8]
[   58.483235]      scan-1141 get_device_data       : No context for object [ffff88040d8271e0]
[   58.483485]     utils-0051 util_eval_error       : Evaluate [\_SB_.PCI0.PB7_.XPDV._STA]: AE_NOT_FOUND
[   58.483717] device: 'device:10': device_add
[   58.483827] bus: 'acpi': add device device:10
[   58.483901]     utils-0051 util_eval_error       : Evaluate [\_SB_.PCI0.PB7_.XPDV._SUN]: AE_NOT_FOUND
[   58.484104]      scan-1933 add_single_object     : Added device:10 [\_SB_.PCI0.PB7_.XPDV] parent device:0f
[   58.484305]      scan-1141 get_device_data       : No context for object [ffff88040d827208]
[   58.484484]      scan-1141 get_device_data       : No context for object [ffff88040d827230]
[   58.484682]      scan-1141 get_device_data       : No context for object [ffff88040d827258]
[   58.484880]      scan-1141 get_device_data       : No context for object [ffff88040d827280]
[   58.485077]      scan-1141 get_device_data       : No context for object [ffff88040d8272a8]
[   58.485275]      scan-1141 get_device_data       : No context for object [ffff88040d837488]
[   58.485472]      scan-1141 get_device_data       : No context for object [ffff88040d8272d0]
[   58.485670]      scan-1141 get_device_data       : No context for object [ffff88040d8272f8]
[   58.485869]     utils-0051 util_eval_error       : Evaluate [\_SB_.PCI0.OHC1._STA]: AE_NOT_FOUND
[   58.486113] device: 'device:11': device_add
[   58.486176] bus: 'acpi': add device device:11
[   58.486252]     utils-0051 util_eval_error       : Evaluate [\_SB_.PCI0.OHC1._SUN]: AE_NOT_FOUND
[   58.486673]      scan-1933 add_single_object     : Added device:11 [\_SB_.PCI0.OHC1] parent PNP0A08:00
[   58.486673]      scan-1141 get_device_data       : No context for object [ffff88040d827320]
[   58.486832]      scan-1141 get_device_data       : No context for object [ffff88040d827348]
[   58.487029]      scan-1141 get_device_data       : No context for object [ffff88040d83b2f8]
[   58.487228]     utils-0051 util_eval_error       : Evaluate [\_SB_.PCI0.OHC1.RHUB._STA]: AE_NOT_FOUND
[   58.487461] device: 'device:12': device_add
[   58.487524] bus: 'acpi': add device device:12
[   58.487598]     utils-0051 util_eval_error       : Evaluate [\_SB_.PCI0.OHC1.RHUB._SUN]: AE_NOT_FOUND
[   58.487784]      scan-1933 add_single_object     : Added device:12 [\_SB_.PCI0.OHC1.RHUB] parent device:11
[   58.487986]      scan-1141 get_device_data       : No context for object [ffff88040d83b320]
[   58.488184]      scan-1141 get_device_data       : No context for object [ffff88040d83b348]
[   58.488382]     utils-0051 util_eval_error       : Evaluate [\_SB_.PCI0.OHC1.RHUB.PRT3._STA]: AE_NOT_FOUND
[   58.488569] device: 'device:13': device_add
[   58.488632] bus: 'acpi': add device device:13
[   58.488706]     utils-0051 util_eval_error       : Evaluate [\_SB_.PCI0.OHC1.RHUB.PRT3._SUN]: AE_NOT_FOUND
[   58.490035]      scan-1933 add_single_object     : Added device:13 [\_SB_.PCI0.OHC1.RHUB.PRT3] parent device:12
[   58.490035]      scan-1141 get_device_data       : No context for object [ffff88040d83b370]
[   58.490035]      scan-1141 get_device_data       : No context for object [ffff88040d83b398]
[   58.490035]      scan-1141 get_device_data       : No context for object [ffff88040d83b3c0]
[   58.490035]      scan-1141 get_device_data       : No context for object [ffff88040d83b3e8]
[   58.490035]     utils-0051 util_eval_error       : Evaluate [\_SB_.PCI0.OHC1.RHUB.PRT4._STA]: AE_NOT_FOUND
[   58.490037] device: 'device:14': device_add
[   58.490147] bus: 'acpi': add device device:14
[   58.490224]     utils-0051 util_eval_error       : Evaluate [\_SB_.PCI0.OHC1.RHUB.PRT4._SUN]: AE_NOT_FOUND
[   58.490412]      scan-1933 add_single_object     : Added device:14 [\_SB_.PCI0.OHC1.RHUB.PRT4] parent device:12
[   58.490615]      scan-1141 get_device_data       : No context for object [ffff88040d83b410]
[   58.490813]      scan-1141 get_device_data       : No context for object [ffff88040d83b438]
[   58.491010]      scan-1141 get_device_data       : No context for object [ffff88040d83b460]
[   58.492229]      scan-1141 get_device_data       : No context for object [ffff88040d827370]
[   58.492407]     utils-0051 util_eval_error       : Evaluate [\_SB_.PCI0.EHC1._STA]: AE_NOT_FOUND
[   58.492701] device: 'device:15': device_add
[   58.492764] bus: 'acpi': add device device:15
[   58.492838]     utils-0051 util_eval_error       : Evaluate [\_SB_.PCI0.EHC1._SUN]: AE_NOT_FOUND
[   58.493334]      scan-1933 add_single_object     : Added device:15 [\_SB_.PCI0.EHC1] parent PNP0A08:00
[   58.493335]      scan-1141 get_device_data       : No context for object [ffff88040d827398]
[   58.493512]      scan-1141 get_device_data       : No context for object [ffff88040d8273c0]
[   58.493710]      scan-1141 get_device_data       : No context for object [ffff88040d83b028]
[   58.493908]     utils-0051 util_eval_error       : Evaluate [\_SB_.PCI0.EHC1.RHUB._STA]: AE_NOT_FOUND
[   58.494141] device: 'device:16': device_add
[   58.494204] bus: 'acpi': add device device:16
[   58.494278]     utils-0051 util_eval_error       : Evaluate [\_SB_.PCI0.EHC1.RHUB._SUN]: AE_NOT_FOUND
[   58.494485]      scan-1933 add_single_object     : Added device:16 [\_SB_.PCI0.EHC1.RHUB] parent device:15
[   58.494687]      scan-1141 get_device_data       : No context for object [ffff88040d83b050]
[   58.494885]      scan-1141 get_device_data       : No context for object [ffff88040d83b078]
[   58.495084]     utils-0051 util_eval_error       : Evaluate [\_SB_.PCI0.EHC1.RHUB.PRT3._STA]: AE_NOT_FOUND
[   58.495316] device: 'device:17': device_add
[   58.495379] bus: 'acpi': add device device:17
[   58.495456]     utils-0051 util_eval_error       : Evaluate [\_SB_.PCI0.EHC1.RHUB.PRT3._SUN]: AE_NOT_FOUND
[   58.496688]      scan-1933 add_single_object     : Added device:17 [\_SB_.PCI0.EHC1.RHUB.PRT3] parent device:16
[   58.496688]      scan-1141 get_device_data       : No context for object [ffff88040d83b0a0]
[   58.496688]      scan-1141 get_device_data       : No context for object [ffff88040d83b0c8]
[   58.496688]      scan-1141 get_device_data       : No context for object [ffff88040d83b0f0]
[   58.496688]      scan-1141 get_device_data       : No context for object [ffff88040d83b118]
[   58.496688]     utils-0051 util_eval_error       : Evaluate [\_SB_.PCI0.EHC1.RHUB.PRT4._STA]: AE_NOT_FOUND
[   58.496833] device: 'device:18': device_add
[   58.496894] bus: 'acpi': add device device:18
[   58.496968]     utils-0051 util_eval_error       : Evaluate [\_SB_.PCI0.EHC1.RHUB.PRT4._SUN]: AE_NOT_FOUND
[   58.497176]      scan-1933 add_single_object     : Added device:18 [\_SB_.PCI0.EHC1.RHUB.PRT4] parent device:16
[   58.497376]      scan-1141 get_device_data       : No context for object [ffff88040d83b140]
[   58.497524]      scan-1141 get_device_data       : No context for object [ffff88040d83b168]
[   58.497702]      scan-1141 get_device_data       : No context for object [ffff88040d83b190]
[   58.497897]      scan-1141 get_device_data       : No context for object [ffff88040d8273e8]
[   58.498093]     utils-0051 util_eval_error       : Evaluate [\_SB_.PCI0.OHC2._STA]: AE_NOT_FOUND
[   58.498337] device: 'device:19': device_add
[   58.498398] bus: 'acpi': add device device:19
[   58.498471]     utils-0051 util_eval_error       : Evaluate [\_SB_.PCI0.OHC2._SUN]: AE_NOT_FOUND
[   58.500001]      scan-1933 add_single_object     : Added device:19 [\_SB_.PCI0.OHC2] parent PNP0A08:00
[   58.500001]      scan-1141 get_device_data       : No context for object [ffff88040d827410]
[   58.500001]      scan-1141 get_device_data       : No context for object [ffff88040d827438]
[   58.500001]      scan-1141 get_device_data       : No context for object [ffff88040d83b488]
[   58.500001]     utils-0051 util_eval_error       : Evaluate [\_SB_.PCI0.OHC2.RHUB._STA]: AE_NOT_FOUND
[   58.500001] device: 'device:1a': device_add
[   58.500001] bus: 'acpi': add device device:1a
[   58.500001]     utils-0051 util_eval_error       : Evaluate [\_SB_.PCI0.OHC2.RHUB._SUN]: AE_NOT_FOUND
[   58.500044]      scan-1933 add_single_object     : Added device:1a [\_SB_.PCI0.OHC2.RHUB] parent device:19
[   58.500211]      scan-1141 get_device_data       : No context for object [ffff88040d83b4b0]
[   58.500406]      scan-1141 get_device_data       : No context for object [ffff88040d83b4d8]
[   58.500592]     utils-0051 util_eval_error       : Evaluate [\_SB_.PCI0.OHC2.RHUB.PRT4._STA]: AE_NOT_FOUND
[   58.500823] device: 'device:1b': device_add
[   58.500885] bus: 'acpi': add device device:1b
[   58.500958]     utils-0051 util_eval_error       : Evaluate [\_SB_.PCI0.OHC2.RHUB.PRT4._SUN]: AE_NOT_FOUND
[   58.501165]      scan-1933 add_single_object     : Added device:1b [\_SB_.PCI0.OHC2.RHUB.PRT4] parent device:1a
[   58.501368]      scan-1141 get_device_data       : No context for object [ffff88040d83b500]
[   58.501520]      scan-1141 get_device_data       : No context for object [ffff88040d83b528]
[   58.501697]      scan-1141 get_device_data       : No context for object [ffff88040d83b550]
[   58.501894]      scan-1141 get_device_data       : No context for object [ffff88040d827460]
[   58.502094]     utils-0051 util_eval_error       : Evaluate [\_SB_.PCI0.EHC2._STA]: AE_NOT_FOUND
[   58.502388] device: 'device:1c': device_add
[   58.502451] bus: 'acpi': add device device:1c
[   58.502527]     utils-0051 util_eval_error       : Evaluate [\_SB_.PCI0.EHC2._SUN]: AE_NOT_FOUND
[   58.503339]      scan-1933 add_single_object     : Added device:1c [\_SB_.PCI0.EHC2] parent PNP0A08:00
[   58.503339]      scan-1141 get_device_data       : No context for object [ffff88040d827488]
[   58.503339]      scan-1141 get_device_data       : No context for object [ffff88040d8274b0]
[   58.503339]      scan-1141 get_device_data       : No context for object [ffff88040d83b1b8]
[   58.503515]     utils-0051 util_eval_error       : Evaluate [\_SB_.PCI0.EHC2.RHUB._STA]: AE_NOT_FOUND
[   58.503747] device: 'device:1d': device_add
[   58.503810] bus: 'acpi': add device device:1d
[   58.503884]     utils-0051 util_eval_error       : Evaluate [\_SB_.PCI0.EHC2.RHUB._SUN]: AE_NOT_FOUND
[   58.504092]      scan-1933 add_single_object     : Added device:1d [\_SB_.PCI0.EHC2.RHUB] parent device:1c
[   58.504294]      scan-1141 get_device_data       : No context for object [ffff88040d83b1e0]
[   58.504482]      scan-1141 get_device_data       : No context for object [ffff88040d83b208]
[   58.504682]     utils-0051 util_eval_error       : Evaluate [\_SB_.PCI0.EHC2.RHUB.PRT2._STA]: AE_NOT_FOUND
[   58.504915] device: 'device:1e': device_add
[   58.504977] bus: 'acpi': add device device:1e
[   58.505052]     utils-0051 util_eval_error       : Evaluate [\_SB_.PCI0.EHC2.RHUB.PRT2._SUN]: AE_NOT_FOUND
[   58.506671]      scan-1933 add_single_object     : Added device:1e [\_SB_.PCI0.EHC2.RHUB.PRT2] parent device:1d
[   58.506671]      scan-1141 get_device_data       : No context for object [ffff88040d83b230]
[   58.506671]      scan-1141 get_device_data       : No context for object [ffff88040d83b258]
[   58.506671]      scan-1141 get_device_data       : No context for object [ffff88040d83b280]
[   58.506671]      scan-1141 get_device_data       : No context for object [ffff88040d8274d8]
[   58.506671]     utils-0051 util_eval_error       : Evaluate [\_SB_.PCI0.OHC3._STA]: AE_NOT_FOUND
[   58.506671] device: 'device:1f': device_add
[   58.506671] bus: 'acpi': add device device:1f
[   58.506671]     utils-0051 util_eval_error       : Evaluate [\_SB_.PCI0.OHC3._SUN]: AE_NOT_FOUND
[   58.506841]      scan-1933 add_single_object     : Added device:1f [\_SB_.PCI0.OHC3] parent PNP0A08:00
[   58.507043]      scan-1141 get_device_data       : No context for object [ffff88040d827500]
[   58.507241]      scan-1141 get_device_data       : No context for object [ffff88040d827528]
[   58.507438]      scan-1141 get_device_data       : No context for object [ffff88040d83b578]
[   58.507619]     utils-0051 util_eval_error       : Evaluate [\_SB_.PCI0.OHC3.RHUB._STA]: AE_NOT_FOUND
[   58.507854] device: 'device:20': device_add
[   58.507965] bus: 'acpi': add device device:20
[   58.508039]     utils-0051 util_eval_error       : Evaluate [\_SB_.PCI0.OHC3.RHUB._SUN]: AE_NOT_FOUND
[   58.510014]      scan-1933 add_single_object     : Added device:20 [\_SB_.PCI0.OHC3.RHUB] parent device:1f
[   58.510014]      scan-1141 get_device_data       : No context for object [ffff88040d83b5a0]
[   58.510014]      scan-1141 get_device_data       : No context for object [ffff88040d827550]
[   58.510014]     utils-0051 util_eval_error       : Evaluate [\_SB_.PCI0.EHC3._STA]: AE_NOT_FOUND
[   58.510014] device: 'device:21': device_add
[   58.510014] bus: 'acpi': add device device:21
[   58.510014]     utils-0051 util_eval_error       : Evaluate [\_SB_.PCI0.EHC3._SUN]: AE_NOT_FOUND
[   58.510050]      scan-1933 add_single_object     : Added device:21 [\_SB_.PCI0.EHC3] parent PNP0A08:00
[   58.510050]      scan-1141 get_device_data       : No context for object [ffff88040d827578]
[   58.510050]      scan-1141 get_device_data       : No context for object [ffff88040d8275a0]
[   58.510200]      scan-1141 get_device_data       : No context for object [ffff88040d83b2a8]
[   58.510399]     utils-0051 util_eval_error       : Evaluate [\_SB_.PCI0.EHC3.RHUB._STA]: AE_NOT_FOUND
[   58.510632] device: 'device:22': device_add
[   58.510695] bus: 'acpi': add device device:22
[   58.510772]     utils-0051 util_eval_error       : Evaluate [\_SB_.PCI0.EHC3.RHUB._SUN]: AE_NOT_FOUND
