[    0.000000] Initializing cgroup subsys cpuset
[    0.000000] Initializing cgroup subsys cpu
[    0.000000] Initializing cgroup subsys cpuacct
[    0.000000] Linux version 3.17.0-rc2-gfd5984d (emacs@manji) (gcc version 4.9.1 (GCC) ) #44 SMP Sun Aug 31 14:36:06 CEST 2014
[    0.000000] Command line: BOOT_IMAGE=/vmlinuz-linux-git root=UUID=bfa4ab6e-19a3-4601-ba2b-267c55841c73 rw cryptdevice=/dev/disk/by-uuid/70c08890-417a-497d-b6ab-c0d0357a63e2:cryptManjaro:allow-discards ipv6.disable=1 pnp.debug=1 loglevel=9 log_buf_len=10M printk.always_kmsg_dump=y printk.time=y mminit_loglevel=0 memory_corruption_check=1 acpi.debug_layer=0xfbff0000 acpi.debug_level=0xFFFFFFFD pnp.debug=1 nohz=on rcu_nocbs=1-3 pcie_aspm=force fbcon=scrollback:4096k fbcon=font:ProFont6x11 radeon.audio=0 radeon.lockup_timeout=0 radeon.test=0 radeon.agpmode=-1 radeon.benchmark=0 radeon.tv=0 radeon.hard_reset=1 radeon.aspm=1 radeon.dpm=1 radeon.msi=1 radeon.pcie_gen2=-1 radeon.no_wb=1 radeon.modeset=1 radeon.dynclks=1 radeon.r4xx_atom=0 radeon.runpm=0 radeonfb radeon.fastfb=1 nomodeset
[    0.000000] KERNEL supported cpus:
[    0.000000]   AMD AuthenticAMD
[    0.000000] tseg: 00bfe00000
[    0.000000] e820: BIOS-provided physical RAM map:
[    0.000000] BIOS-e820: [mem 0x0000000000000000-0x000000000009d7ff] usable
[    0.000000] BIOS-e820: [mem 0x000000000009d800-0x000000000009ffff] reserved
[    0.000000] BIOS-e820: [mem 0x00000000000e0000-0x00000000000fffff] reserved
[    0.000000] BIOS-e820: [mem 0x0000000000100000-0x00000000bed9afff] usable
[    0.000000] BIOS-e820: [mem 0x00000000bed9b000-0x00000000bf39afff] reserved
[    0.000000] BIOS-e820: [mem 0x00000000bf39b000-0x00000000bf49afff] ACPI NVS
[    0.000000] BIOS-e820: [mem 0x00000000bf49b000-0x00000000bf51afff] ACPI data
[    0.000000] BIOS-e820: [mem 0x00000000bf51b000-0x00000000bfdfffff] usable
[    0.000000] BIOS-e820: [mem 0x00000000bfe00000-0x00000000bfffffff] reserved
[    0.000000] BIOS-e820: [mem 0x00000000fec00000-0x00000000fecfffff] reserved
[    0.000000] BIOS-e820: [mem 0x00000000fed80000-0x00000000fed80fff] reserved
[    0.000000] BIOS-e820: [mem 0x00000000ffe00000-0x00000000ffffffff] reserved
[    0.000000] BIOS-e820: [mem 0x0000000100000000-0x000000041effffff] usable
[    0.000000] NX (Execute Disable) protection: active
[    0.000000] SMBIOS 2.6 present.
[    0.000000] DMI: LENOVO Sabine/Torpedo, BIOS 54CN18WW 07/20/2011
[    0.000000] e820: update [mem 0x00000000-0x00000fff] usable ==> reserved
[    0.000000] e820: remove [mem 0x000a0000-0x000fffff] usable
[    0.000000] e820: last_pfn = 0x41f000 max_arch_pfn = 0x400000000
[    0.000000] MTRR default type: uncachable
[    0.000000] MTRR fixed ranges enabled:
[    0.000000]   00000-9FFFF write-back
[    0.000000]   A0000-BFFFF uncachable
[    0.000000]   C0000-FFFFF write-protect
[    0.000000] MTRR variable ranges enabled:
[    0.000000]   0 base 0000000000 mask FF80000000 write-back
[    0.000000]   1 base 0080000000 mask FFC0000000 write-back
[    0.000000]   2 base 00FFF90000 mask FFFFFF0000 uncachable
[    0.000000]   3 base 00FED80000 mask 0FFFFFF000 uncachable
[    0.000000]   4 disabled
[    0.000000]   5 disabled
[    0.000000]   6 disabled
[    0.000000]   7 base 00FFE00000 mask FFFFE00000 write-protect
[    0.000000] TOM2: 000000041f000000 aka 16880M
[    0.000000] mtrr: your BIOS has configured an incorrect mask, fixing it.
[    0.000000] e820: last_pfn = 0xbfe00 max_arch_pfn = 0x400000000
[    0.000000] found SMP MP-table at [mem 0x000fa8b0-0x000fa8bf] mapped at [ffff8800000fa8b0]
[    0.000000] Base memory trampoline at [ffff880000097000] 97000 size 24576
[    0.000000] Using GB pages for direct mapping
[    0.000000] init_memory_mapping: [mem 0x00000000-0x000fffff]
[    0.000000]  [mem 0x00000000-0x000fffff] page 4k
[    0.000000] BRK [0x01e17000, 0x01e17fff] PGTABLE
[    0.000000] BRK [0x01e18000, 0x01e18fff] PGTABLE
[    0.000000] BRK [0x01e19000, 0x01e19fff] PGTABLE
[    0.000000] init_memory_mapping: [mem 0x41ee00000-0x41effffff]
[    0.000000]  [mem 0x41ee00000-0x41effffff] page 2M
[    0.000000] BRK [0x01e1a000, 0x01e1afff] PGTABLE
[    0.000000] init_memory_mapping: [mem 0x41c000000-0x41edfffff]
[    0.000000]  [mem 0x41c000000-0x41edfffff] page 2M
[    0.000000] init_memory_mapping: [mem 0x400000000-0x41bffffff]
[    0.000000]  [mem 0x400000000-0x41bffffff] page 2M
[    0.000000] init_memory_mapping: [mem 0x00100000-0xbed9afff]
[    0.000000]  [mem 0x00100000-0x001fffff] page 4k
[    0.000000]  [mem 0x00200000-0x3fffffff] page 2M
[    0.000000]  [mem 0x40000000-0x7fffffff] page 1G
[    0.000000]  [mem 0x80000000-0xbebfffff] page 2M
[    0.000000]  [mem 0xbec00000-0xbed9afff] page 4k
[    0.000000] init_memory_mapping: [mem 0xbf51b000-0xbfdfffff]
[    0.000000]  [mem 0xbf51b000-0xbf5fffff] page 4k
[    0.000000]  [mem 0xbf600000-0xbfdfffff] page 2M
[    0.000000] BRK [0x01e1b000, 0x01e1bfff] PGTABLE
[    0.000000] init_memory_mapping: [mem 0x100000000-0x3ffffffff]
[    0.000000]  [mem 0x100000000-0x3ffffffff] page 1G
[    0.000000] log_buf_len: 16777216 bytes
[    0.000000] early log buf free: 2092044(99%)
[    0.000000] RAMDISK: [mem 0x3782c000-0x37c0dfff]
[    0.000000] ACPI: Early table checksum verification disabled
[    0.000000] ACPI: RSDP 0x00000000000F0110 000024 (v02 LENOVO)
[    0.000000] ACPI: XSDT 0x00000000BF51A120 000074 (v01 LENOVO CB-01    00000001 LENO 00000001)
[    0.000000] ACPI: FACP 0x00000000BF508000 0000F4 (v04 LENOVO CB-01    00000001 PTL  00000001)
[    0.000000] ACPI: DSDT 0x00000000BF50A000 00FD10 (v01 LENOVO CB-01    00001000 LENO 00000001)
[    0.000000] ACPI: FACS 0x00000000BF478000 000040
[    0.000000] ACPI: HPET 0x00000000BF507000 000038 (v01 LENOVO CB-01    00000001 PTL  00000001)
[    0.000000] ACPI: APIC 0x00000000BF506000 00007A (v02 LENOVO CB-01    00000001 PTL  00000001)
[    0.000000] ACPI: MCFG 0x00000000BF505000 00003C (v01 LENOVO CB-01    00000001 PTL  00000001)
[    0.000000] ACPI: SLIC 0x00000000BF504000 000176 (v01 LENOVO CB-01    00000001 LENO 00000001)
[    0.000000] ACPI: UEFI 0x00000000BF503000 00003E (v01 LENOVO CB-01    00000001 PTL  00000001)
[    0.000000] ACPI: UEFI 0x00000000BF502000 000042 (v01 PTL    COMBUF   00000001 PTL  00000001)
[    0.000000] ACPI: SSDT 0x00000000BF501000 000E34 (v01 AMD    POWERNOW 00000001 AMD  00000001)
[    0.000000] ACPI: SSDT 0x00000000BF4FF000 00193D (v02 AMD    ALIB     00000001 MSFT 04000000)
[    0.000000] ACPI: UEFI 0x00000000BF4FE000 00021A (v01 LENOVO CB-01    00000001 PTL  00000001)
[    0.000000] ACPI: Local APIC address 0xfee00000
[    0.000000] No NUMA configuration found
[    0.000000] Faking a node at [mem 0x0000000000000000-0x000000041effffff]
[    0.000000] Initmem setup node 0 [mem 0x00000000-0x41effffff]
[    0.000000]   NODE_DATA [mem 0x41dffa000-0x41dffdfff]
[    0.000000]  [ffffea0000000000-ffffea00107fffff] PMD -> [ffff88040de00000-ffff88041d5fffff] on node 0
[    0.000000] Zone ranges:
[    0.000000]   DMA      [mem 0x00001000-0x00ffffff]
[    0.000000]   DMA32    [mem 0x01000000-0xffffffff]
[    0.000000]   Normal   [mem 0x100000000-0x41effffff]
[    0.000000] Movable zone start for each node
[    0.000000] Early memory node ranges
[    0.000000]   node   0: [mem 0x00001000-0x0009cfff]
[    0.000000]   node   0: [mem 0x00100000-0xbed9afff]
[    0.000000]   node   0: [mem 0xbf51b000-0xbfdfffff]
[    0.000000]   node   0: [mem 0x100000000-0x41effffff]
[    0.000000] On node 0 totalpages: 4056604
[    0.000000]   DMA zone: 64 pages used for memmap
[    0.000000]   DMA zone: 21 pages reserved
[    0.000000]   DMA zone: 3996 pages, LIFO batch:0
[    0.000000]   DMA32 zone: 12186 pages used for memmap
[    0.000000]   DMA32 zone: 779904 pages, LIFO batch:31
[    0.000000]   Normal zone: 51136 pages used for memmap
[    0.000000]   Normal zone: 3272704 pages, LIFO batch:31
[    0.000000] ACPI: PM-Timer IO Port: 0x808
[    0.000000] ACPI: Local APIC address 0xfee00000
[    0.000000] ACPI: LAPIC (acpi_id[0x00] lapic_id[0x00] enabled)
[    0.000000] ACPI: LAPIC (acpi_id[0x01] lapic_id[0x01] enabled)
[    0.000000] ACPI: LAPIC (acpi_id[0x02] lapic_id[0x02] enabled)
[    0.000000] ACPI: LAPIC (acpi_id[0x03] lapic_id[0x03] enabled)
[    0.000000] ACPI: LAPIC_NMI (acpi_id[0x00] high edge lint[0x1])
[    0.000000] ACPI: LAPIC_NMI (acpi_id[0x01] high edge lint[0x1])
[    0.000000] ACPI: LAPIC_NMI (acpi_id[0x02] high edge lint[0x1])
[    0.000000] ACPI: LAPIC_NMI (acpi_id[0x03] high edge lint[0x1])
[    0.000000] ACPI: IOAPIC (id[0x02] address[0xfec00000] gsi_base[0])
[    0.000000] IOAPIC[0]: apic_id 2, version 33, address 0xfec00000, GSI 0-23
[    0.000000] ACPI: INT_SRC_OVR (bus 0 bus_irq 0 global_irq 2 dfl dfl)
[    0.000000] ACPI: IRQ0 used by override.
[    0.000000] ACPI: IRQ9 used by override.
[    0.000000] Using ACPI (MADT) for SMP configuration information
[    0.000000] ACPI: HPET id: 0x43538210 base: 0xfed00000
[    0.000000] smpboot: Allowing 4 CPUs, 0 hotplug CPUs
[    0.000000] e820: [mem 0xc0000000-0xfebfffff] available for PCI devices
[    0.000000] setup_percpu: NR_CPUS:64 nr_cpumask_bits:64 nr_cpu_ids:4 nr_node_ids:1
[    0.000000] PERCPU: Embedded 27 pages/cpu @ffff88041dc00000 s80256 r8192 d22144 u524288
[    0.000000] pcpu-alloc: s80256 r8192 d22144 u524288 alloc=1*2097152
[    0.000000] pcpu-alloc: [0] 0 1 2 3 
[    0.000000] Built 1 zonelists in Zone order, mobility grouping on.  Total pages: 3993197
[    0.000000] Policy zone: Normal
[    0.000000] Kernel command line: BOOT_IMAGE=/vmlinuz-linux-git root=UUID=bfa4ab6e-19a3-4601-ba2b-267c55841c73 rw cryptdevice=/dev/disk/by-uuid/70c08890-417a-497d-b6ab-c0d0357a63e2:cryptManjaro:allow-discards ipv6.disable=1 pnp.debug=1 loglevel=9 log_buf_len=10M printk.always_kmsg_dump=y printk.time=y mminit_loglevel=0 memory_corruption_check=1 acpi.debug_layer=0xfbff0000 acpi.debug_level=0xFFFFFFFD pnp.debug=1 nohz=on rcu_nocbs=1-3 pcie_aspm=force fbcon=scrollback:4096k fbcon=font:ProFont6x11 radeon.audio=0 radeon.lockup_timeout=0 radeon.test=0 radeon.agpmode=-1 radeon.benchmark=0 radeon.tv=0 radeon.hard_reset=1 radeon.aspm=1 radeon.dpm=1 radeon.msi=1 radeon.pcie_gen2=-1 radeon.no_wb=1 radeon.modeset=1 radeon.dynclks=1 radeon.r4xx_atom=0 radeon.runpm=0 radeonfb radeon.fastfb=1 nomodeset
[    0.000000] PCIe ASPM is forcibly enabled
[    0.000000] PID hash table entries: 4096 (order: 3, 32768 bytes)
[    0.000000] Memory: 15870900K/16226416K available (5251K kernel code, 721K rwdata, 2208K rodata, 848K init, 2588K bss, 355516K reserved)
[    0.000000] SLUB: HWalign=64, Order=0-3, MinObjects=0, CPUs=4, Nodes=1
[    0.000000] Hierarchical RCU implementation.
[    0.000000] 	RCU dyntick-idle grace-period acceleration is enabled.
[    0.000000] 	Additional per-CPU info printed with stalls.
[    0.000000] 	RCU restricting CPUs from NR_CPUS=64 to nr_cpu_ids=4.
[    0.000000] 	Offload RCU callbacks from all CPUs
[    0.000000] 	Offload RCU callbacks from CPUs: 0-3.
[    0.000000] RCU: Adjusting geometry for rcu_fanout_leaf=16, nr_cpu_ids=4
[    0.000000] NR_IRQS:4352 nr_irqs:456 0
[    0.000000] spurious 8259A interrupt: IRQ7.
[    0.000000] vgacon: allocated 4194304 bytes of memory for scrollback. CONFIG_VGACON_SOFT_SCROLLBACK_SIZE=4096
[    0.000000] Console: colour VGA+ 80x25
[    0.000000] console [tty0] enabled
[    0.000000] allocated 65011712 bytes of page_cgroup
[    0.000000] please try 'cgroup_disable=memory' option if you don't want memory cgroups
[    0.000000] hpet clockevent registered
[    0.000000] tsc: Fast TSC calibration using PIT
[    0.000000] tsc: Detected 1397.551 MHz processor
[    0.000041] Calibrating delay loop (skipped), value calculated using timer frequency.. 2796.56 BogoMIPS (lpj=4658503)
[    0.000199] pid_max: default: 32768 minimum: 301
[    0.000266] ACPI: Core revision 20140724
[    0.016242] ACPI: All ACPI Tables successfully acquired
[    0.017804] Security Framework initialized
[    0.018932] Dentry cache hash table entries: 2097152 (order: 12, 16777216 bytes)
[    0.024254] Inode-cache hash table entries: 1048576 (order: 11, 8388608 bytes)
[    0.027138] Mount-cache hash table entries: 32768 (order: 6, 262144 bytes)
[    0.027277] Mountpoint-cache hash table entries: 32768 (order: 6, 262144 bytes)
[    0.027763] Initializing cgroup subsys memory
[    0.027882] Initializing cgroup subsys devices
[    0.027949] Initializing cgroup subsys freezer
[    0.028016] Initializing cgroup subsys net_cls
[    0.028083] Initializing cgroup subsys blkio
[    0.028167] CPU: Physical Processor ID: 0
[    0.028229] CPU: Processor Core ID: 0
[    0.028292] mce: CPU supports 6 MCE banks
[    0.028361] Last level iTLB entries: 4KB 512, 2MB 16, 4MB 8
Last level dTLB entries: 4KB 1024, 2MB 128, 4MB 64, 1GB 0
[    0.028638] Freeing SMP alternatives memory: 20K (ffffffff81b8a000 - ffffffff81b8f000)
[    0.029308] ..TIMER: vector=0x30 apic1=0 pin1=2 apic2=-1 pin2=-1
[    0.062390] smpboot: CPU0: AMD A6-3400M APU with Radeon(tm) HD Graphics (fam: 12, model: 01, stepping: 00)
[    0.166533] Performance Events: AMD PMU driver.
[    0.166637] ... version:                0
[    0.166701] ... bit width:              48
[    0.166765] ... generic registers:      4
[    0.166829] ... value mask:             0000ffffffffffff
[    0.166895] ... max period:             00007fffffffffff
[    0.166957] ... fixed-purpose events:   0
[    0.167019] ... event mask:             000000000000000f
[    0.167535] MCE: In-kernel MCE decoding enabled.
[    0.167703] waiting 5 seconds before trying cpu_up
[    0.170716] NMI watchdog: enabled on all CPUs, permanently consumes one hw-PMU counter.
[    5.231771] done waiting, trying cpu_up:
[    5.231938] smpboot: ++++++++++++++++++++=_---CPU UP  1
[    5.232106] x86: Booting SMP configuration:
[    5.232168] .... node  #0, CPUs:      #1
[    5.232272] smpboot: Setting warm reset code and vector.
[    5.232393] smpboot: 1.
[    5.232454] smpboot: 2.
[    5.232515] smpboot: 3.
[    5.232575] smpboot: Asserting INIT
[    5.232636] smpboot: Waiting for send to finish...
[    5.242703] smpboot: Deasserting INIT
[    5.242809] smpboot: Waiting for send to finish...
[    5.242870] smpboot: #startup loops: 2
[    5.242929] smpboot: Sending STARTUP #1
[    5.242989] smpboot: After apic_write
[    5.146536] smpboot: CPU#1 (phys ID: 1) waiting for CALLOUT
[    5.243349] smpboot: Startup point 1
[    5.243515] smpboot: Waiting for send to finish...
[    5.243777] smpboot: Sending STARTUP #2
[    5.243885] smpboot: After apic_write
[    5.244244] smpboot: Startup point 1
[    5.244350] smpboot: Waiting for send to finish...
[    5.244612] smpboot: After Startup
[    5.244674] smpboot: Before Callout 1
[    5.244735] smpboot: After Callout 1
[    5.148160] smpboot: Stack at about ffff880407807f44
[    5.244856] smpboot: CPU1: has booted.
[    5.246924] TSC synchronization [CPU#0 -> CPU#1]:
[    5.247032] Measured 134957170 cycles TSC warp between CPUs, turning off TSC clock.
[    5.247170] tsc: Marking TSC unstable due to check_tsc_sync_source failed
[    5.247274] after cpu_up !!!!!!!!!!!!
[    5.247310] waiting 5 seconds before trying cpu_up
[   10.155358] done waiting, trying cpu_up:
[   10.155545] smpboot: ++++++++++++++++++++=_---CPU UP  2
[   10.155712]  #2
[   10.155747] smpboot: Setting warm reset code and vector.
[   10.155868] smpboot: 1.
[   10.155928] smpboot: 2.
[   10.155988] smpboot: 3.
[   10.156048] smpboot: Asserting INIT
[   10.156109] smpboot: Waiting for send to finish...
[   10.166173] smpboot: Deasserting INIT
[   10.166280] smpboot: Waiting for send to finish...
[   10.166341] smpboot: #startup loops: 2
[   10.166401] smpboot: Sending STARTUP #1
[   10.166460] smpboot: After apic_write
[   10.155466] smpboot: CPU#2 (phys ID: 2) waiting for CALLOUT
[   10.166820] smpboot: Startup point 1
[   10.166989] smpboot: Waiting for send to finish...
[   10.167251] smpboot: Sending STARTUP #2
[   10.167359] smpboot: After apic_write
[   10.167721] smpboot: Startup point 1
[   10.167828] smpboot: Waiting for send to finish...
[   10.168090] smpboot: After Startup
[   10.168198] smpboot: Before Callout 2
[   10.168259] smpboot: After Callout 2
[   10.155466] smpboot: Stack at about ffff88040780bf44
[   10.168384] smpboot: CPU2: has booted.
[   10.168465] after cpu_up !!!!!!!!!!!!
[   10.168502] waiting 5 seconds before trying cpu_up
[   15.181130] done waiting, trying cpu_up:
[   15.181268] smpboot: ++++++++++++++++++++=_---CPU UP  3
[   15.181435]  #3
[   15.181470] smpboot: Setting warm reset code and vector.
[   15.181590] smpboot: 1.
[   15.181650] smpboot: 2.
[   15.181711] smpboot: 3.
[   15.181771] smpboot: Asserting INIT
[   15.181832] smpboot: Waiting for send to finish...
[   15.191896] smpboot: Deasserting INIT
[   15.192003] smpboot: Waiting for send to finish...
[   15.192063] smpboot: #startup loops: 2
[   15.192123] smpboot: Sending STARTUP #1
[   15.192183] smpboot: After apic_write
[   15.181191] smpboot: CPU#3 (phys ID: 3) waiting for CALLOUT
[   15.192544] smpboot: Startup point 1
[   15.192712] smpboot: Waiting for send to finish...
[   15.192973] smpboot: Sending STARTUP #2
[   15.193080] smpboot: After apic_write
[   15.193443] smpboot: Startup point 1
[   15.193552] smpboot: Waiting for send to finish...
[   15.193816] smpboot: After Startup
[   15.193926] smpboot: Before Callout 3
[   15.193989] smpboot: After Callout 3
[   15.181191] smpboot: Stack at about ffff88040780ff44
[   15.194119] smpboot: CPU3: has booted.
[   15.194212] after cpu_up !!!!!!!!!!!!
[   15.194251] x86: Booted up 1 node, 4 CPUs
[   15.194373] smpboot: Boot done
[   15.194435] smpboot: Before bogomips
[   15.194497] smpboot: Total of 4 processors activated (11184.25 BogoMIPS)
[   15.194560] smpboot: Before bogocount - setting activated=1
[   15.195535] devtmpfs: initialized
[   15.195535] device: 'platform': device_add
[   15.195535] bus: 'platform': registered
[   15.195535] bus: 'cpu': registered
[   15.195535] device: 'cpu': device_add
[   15.195535] bus: 'container': registered
[   15.195535] device: 'container': device_add
[   15.196910] bus: 'workqueue': registered
[   15.197024] device: 'workqueue': device_add
[   15.197111] kworker/u8:0 (39) used greatest stack depth: 14160 bytes left
[   15.197311] atomic64_test: passed for x86-64 platform with CX8 and with SSE
[   15.197382] device class 'regulator': registering
[   15.197481] Registering platform device 'reg-dummy'. Parent at platform
[   15.197548] device: 'reg-dummy': device_add
[   15.197611] bus: 'platform': add device reg-dummy
[   15.197690] bus: 'platform': add driver reg-dummy
[   15.197755] bus: 'platform': driver_probe_device: matched device reg-dummy with driver reg-dummy
[   15.197865] bus: 'platform': really_probe: probing driver reg-dummy with device reg-dummy
[   15.198005] device: 'regulator.0': device_add
[   15.198087] regulator-dummy: no parameters
[   15.198156] driver: 'reg-dummy': driver_bound: bound to device 'reg-dummy'
[   15.198221] bus: 'platform': really_probe: bound device reg-dummy to driver reg-dummy
[   15.198482] NET: Registered protocol family 16
[   15.198875] device class 'bdi': registering
[   15.198948] bus: 'platform': add driver ramoops
[   15.199023] device class 'pci_bus': registering
[   15.199108] bus: 'pci': registered
[   15.199176] device class 'backlight': registering
[   15.199245] device class 'tty': registering
[   15.199315] device class 'vtconsole': registering
[   15.199386] device: 'vtcon0': device_add
[   15.199478] bus: 'node': registered
[   15.199545] device: 'node': device_add
[   15.199644] bus: 'i2c': registered
[   15.199711] bus: 'i2c': add driver dummy
[   15.200019] i2c-core: driver [dummy] registered
[   15.200086] cpuidle: using governor ladder
[   15.200149] cpuidle: using governor menu
[   15.200521] ACPI FADT declares the system doesn't support PCIe ASPM, so disable it
[   15.200708] ACPI: bus type PCI registered
[   15.200773] acpiphp: ACPI Hot Plug PCI Controller Driver version: 0.5
[   15.201929] device class 'dmi': registering
[   15.202001] device: 'id': device_add
[   15.202142] PCI: MMCONFIG for domain 0000 [bus 00-3f] at [mem 0xf8000000-0xfbffffff] (base 0xf8000000)
[   15.202256] PCI: not using MMCONFIG
[   15.202321] PCI: Using configuration type 1 for base access
[   15.202385] PCI: Using configuration type 1 for extended access
[   15.202633] device: 'node0': device_add
[   15.202742] bus: 'node': add device node0
[   15.202825] device: 'cpu0': device_add
[   15.202892] bus: 'cpu': add device cpu0
[   15.202995] device: 'cpu1': device_add
[   15.203104] bus: 'cpu': add device cpu1
[   15.203207] device: 'cpu2': device_add
[   15.203318] bus: 'cpu': add device cpu2
[   15.203361] device: 'cpu3': device_add
[   15.203424] bus: 'cpu': add device cpu3
[   15.223691] device: 'writeback': device_add
[   15.223691] bus: 'workqueue': add device writeback
[   15.223691] device: 'default': device_add
[   15.223691] device class 'block': registering
[   15.223691] ACPI: Added _OSI(Module Device)
[   15.223691] ACPI: Added _OSI(Processor Device)
[   15.223691] ACPI: Added _OSI(3.0 _SCP Extensions)
[   15.223691] ACPI: Added _OSI(Processor Aggregator Device)
[   15.227963] 
**** Context Switch from TID 4294967295 to TID 133431296 ****

[   15.228173]     utils-0051 util_eval_error       : Evaluate [\_SB_.PCI0.LPC0.EC0_._GLK]: AE_NOT_FOUND
[   15.228572] Executing  Method       \_SB_.PCI0.LPC0.EC0_._REG
[   15.229282] Executing  Method       \_SB_.PCI0.LPC0.EC0_._REG
[   15.229463] Executing  Method       \_SB_.PCI0.LPC0.EC0_._REG
[   15.229631] Executing  Method       \_SB_.PCI0.LPC0.EC0_._REG
[   15.232342] Initializing Region       \_SB_.OSTY
[   15.232501] Initializing Region       \_SB_.PCI0.NBMS
[   15.232642] Initializing Region       \_SB_.PCI0.NBXP
[   15.232780] Initializing Region       \_SB_.PCI0.K8ST
[   15.232940] Initializing Region       \_SB_.PCI0.BAR1
[   15.233084] Initializing Region       \_SB_.PCI0.PB2_.XPEX
[   15.233221] Initializing Region       \_SB_.PCI0.PB2_.PCFG
[   15.233344] Initializing Region       \_SB_.PCI0.PB2_.XPCB
[   15.233493] Initializing Region       \_SB_.PCI0.PB2_.XPRI
[   15.233645] Initializing Region       \_SB_.PCI0.PB2_.VGA_.PCFG
[   15.233824] Initializing Region       \_SB_.PCI0.PB2_.HDAU.PCFG
[   15.234000] Initializing Region       \_SB_.PCI0.PB3_.XPEX
[   15.234137] Initializing Region       \_SB_.PCI0.PB3_.PCFG
[   15.234274] Initializing Region       \_SB_.PCI0.PB3_.XPCB
[   15.234412] Initializing Region       \_SB_.PCI0.PB3_.XPRI
[   15.234555] Initializing Region       \_SB_.PCI0.PB3_.VGA_.PCFG
[   15.234772] Initializing Region       \_SB_.PCI0.PB3_.HDAU.PCFG
[   15.234937] Initializing Region       \_SB_.PCI0.PB4_.XPEX
[   15.235076] Initializing Region       \_SB_.PCI0.PB4_.PCFG
[   15.235213] Initializing Region       \_SB_.PCI0.PB4_.XPCB
[   15.235351] Initializing Region       \_SB_.PCI0.PB4_.XPRI
[   15.235491] Initializing Region       \_SB_.PCI0.PB4_.XPDV.PCFG
[   15.235637] Initializing Region       \_SB_.PCI0.PB5_.XPEX
[   15.235773] Initializing Region       \_SB_.PCI0.PB5_.PCFG
[   15.235921] Initializing Region       \_SB_.PCI0.PB5_.XPCB
[   15.236069] Initializing Region       \_SB_.PCI0.PB5_.XPRI
[   15.236214] Initializing Region       \_SB_.PCI0.PB5_.XPDV.PCFG
[   15.236360] Initializing Region       \_SB_.PCI0.PB6_.XPEX
[   15.236496] Initializing Region       \_SB_.PCI0.PB6_.PCFG
[   15.236633] Initializing Region       \_SB_.PCI0.PB6_.XPCB
[   15.236770] Initializing Region       \_SB_.PCI0.PB6_.XPRI
[   15.236902] Initializing Region       \_SB_.PCI0.PB6_.XPDV.PCFG
[   15.237044] Initializing Region       \_SB_.PCI0.PB7_.XPEX
[   15.237181] Initializing Region       \_SB_.PCI0.PB7_.PCFG
[   15.237318] Initializing Region       \_SB_.PCI0.PB7_.XPCB
[   15.237450] Initializing Region       \_SB_.PCI0.PB7_.XPRI
[   15.237580] Initializing Region       \_SB_.PCI0.PB7_.XPDV.PCFG
[   15.237873] Initializing Region       \_SB_.PCI0.SATC
[   15.238057] Initializing Region       \_SB_.PCI0.RMEM
[   15.238225] Initializing Region       \_SB_.PCI0.SATA.SATX
[   15.238356] Initializing Region       \_SB_.PCI0.SATA.BAR5
[   15.250218] Initializing Region       \_SB_.PCI0.SMB_.SBRV
[   15.250368] Initializing Region       \_SB_.PCI0.SMB_.PMIO
[   15.250506] Initializing Region       \_SB_.PCI0.SMB_.ERMM
[   15.250729] Initializing Region       \_SB_.PCI0.SMB_.P1E0
[   15.250923] Initializing Region       \_SB_.PCI0.SMB_.ABIO
[   15.251062] Initializing Region       \_SB_.PCI0.SMB_.SMB0
[   15.251202] Initializing Region       \_SB_.PCI0.LPC0.PIRQ
[   15.253479] Initializing Region       \_SB_.PCI0.LPC0.LPCR
[   15.253696] Initializing Region       \_SB_.PCI0.LPC0.LPCS
[   15.253887] Initializing Region       \_SB_.PCI0.LPC0.SMI0
[   15.254023] Initializing Region       \_SB_.PCI0.LPC0.SMI1
[   15.254166] Initializing Region       \_SB_.PCI0.LPC0.EC0_.ECO1
[   15.254303] Initializing Region       \_SB_.PCI0.LPC0.EC0_.ECO2
[   15.254441] Initializing Region       \_SB_.PCI0.LPC0.EC0_.ECMB
[   15.254577] Initializing Region       \_SB_.PCI0.LPC0.EC0_.RAM_
[   15.254788] Initializing Region       \_SB_.PCI0.LPC0.EC0_.CMOS
[   15.254946] Initializing Region       \_SB_.PCI0.LPC0.EC0_.VPC0.ERAM
[   15.255117] Initializing Region       \_SB_.PCI0.SPB0.PCFG
[   15.255300] Initializing Region       \_SB_.PCI0.SPB0.XPCB
[   15.255438] Initializing Region       \_SB_.PCI0.SPB0.XPDV.PCFG
[   15.255583] Initializing Region       \_SB_.PCI0.SPB1.PCFG
[   15.255719] Initializing Region       \_SB_.PCI0.SPB1.XPCB
[   15.255858] Initializing Region       \_SB_.PCI0.SPB1.XPDV.PCFG
[   15.256002] Initializing Region       \_SB_.PCI0.SPB2.PCFG
[   15.256139] Initializing Region       \_SB_.PCI0.SPB2.XPCB
[   15.256277] Initializing Region       \_SB_.PCI0.SPB2.XPDV.PCFG
[   15.256421] Initializing Region       \_SB_.PCI0.SPB3.PCFG
[   15.256557] Initializing Region       \_SB_.PCI0.SPB3.XPCB
[   15.256679] Initializing Region       \_SB_.PCI0.SPB3.XPDV.PCFG
[   15.256916] Initializing Region       \_SB_.PCI0.VGA_.REVD
[   15.257203] Initializing BufferField  \_SB_.AMW0.WLID
[   15.257727] Initializing Region       \DEB2
[   15.257899] Initializing Region       \PMIO
[   15.258033] Initializing Region       \P01_
[   15.258195] Initializing Region       \CNVS
[   15.258383] Initializing Region       \SPRT
[   15.258518] Initializing Region       \CMIO
[   15.258744] Executing  Method       \_SB_._STA
[   15.258894] Executing  Method       \_SB_._INI
[   15.259043] Executing  Method       \_SB_.PCI0._STA
[   15.259199] Executing  Method       \_SB_.PCI0._INI
[   15.259551] [Firmware Bug]: ACPI: BIOS _OSI(Linux) query ignored
[   15.260129] Executing  Method       \_SB_.PCI0.SATA._STA
[   15.260333] Executing  Method       \_SB_.PCI0.SATA._INI
[   15.261266] Executing  Method       \_SB_.PCI0.LPC0.EC0_._REG
[   15.306854] ACPI: Interpreter enabled
[   15.307148] ACPI: (supports S0 S5)
[   15.307211] ACPI: Using IOAPIC for interrupt routing
[   15.307474] PCI: MMCONFIG for domain 0000 [bus 00-3f] at [mem 0xf8000000-0xfbffffff] (base 0xf8000000)
[   15.308110] PCI: MMCONFIG at [mem 0xf8000000-0xfbffffff] reserved in ACPI motherboard resources
[   15.308402] bus: 'acpi': registered
[   15.308468] PCI: Using host bridge windows from ACPI; if necessary, use "pci=nocrs" and report a bug
[   15.308613]      scan-1141 get_device_data       : No context for object [ffffffffffffffff]
[   15.308829]     utils-0051 util_eval_error       : Evaluate [\._STA]: AE_NOT_FOUND
[   15.309050] device: 'LNXSYSTM:00': device_add
[   15.309117] bus: 'acpi': add device LNXSYSTM:00
[   15.309195]     utils-0051 util_eval_error       : Evaluate [\._SUN]: AE_NOT_FOUND
[   15.310002]      scan-1933 add_single_object     : Added LNXSYSTM:00 [\] parent (null)
[   15.310002]      scan-1141 get_device_data       : No context for object [ffff88040d81d000]
[   15.310002]      scan-1141 get_device_data       : No context for object [ffff88040d8377d0]
[   15.310004]      scan-1141 get_device_data       : No context for object [ffff88040d8377f8]
[   15.310213]      scan-1141 get_device_data       : No context for object [ffff88040d837820]
[   15.310396]      scan-1141 get_device_data       : No context for object [ffff88040d837848]
[   15.310606]      scan-1141 get_device_data       : No context for object [ffff88040d837870]
[   15.310811]      scan-1141 get_device_data       : No context for object [ffff88040d837898]
[   15.311004]      scan-1141 get_device_data       : No context for object [ffff88040d8378c0]
[   15.311196]      scan-1141 get_device_data       : No context for object [ffff88040d8378e8]
[   15.311369]      scan-1141 get_device_data       : No context for object [ffff88040d839398]
[   15.311561]      scan-1141 get_device_data       : No context for object [ffff88040d81d028]
[   15.311753]      scan-1141 get_device_data       : No context for object [ffff88040d81d168]
[   15.311953]     utils-0051 util_eval_error       : Evaluate [\_PR_.C000._STA]: AE_NOT_FOUND
[   15.312150]      scan-1141 get_device_data       : No context for object [ffff88040d81d028]
[   15.312346] device: 'LNXCPU:00': device_add
[   15.312405] bus: 'acpi': add device LNXCPU:00
[   15.312472]     utils-0051 util_eval_error       : Evaluate [\_PR_.C000._SUN]: AE_NOT_FOUND
[   15.313335]      scan-1933 add_single_object     : Added LNXCPU:00 [\_PR_.C000] parent LNXSYSTM:00
[   15.313335]      scan-1141 get_device_data       : No context for object [ffff88040d83c398]
[   15.313335]      scan-1141 get_device_data       : No context for object [ffff88040d83c3c0]
[   15.313335]      scan-1141 get_device_data       : No context for object [ffff88040d83c3e8]
[   15.313335]      scan-1141 get_device_data       : No context for object [ffff88040d83c410]
[   15.313528]      scan-1141 get_device_data       : No context for object [ffff88040d83c438]
[   15.313724]      scan-1141 get_device_data       : No context for object [ffff88040d83c460]
[   15.313920]      scan-1141 get_device_data       : No context for object [ffff88040d81d190]
[   15.314116]     utils-0051 util_eval_error       : Evaluate [\_PR_.C001._STA]: AE_NOT_FOUND
[   15.314291]      scan-1141 get_device_data       : No context for object [ffff88040d81d028]
[   15.314493] device: 'LNXCPU:01': device_add
[   15.314552] bus: 'acpi': add device LNXCPU:01
[   15.314632]     utils-0051 util_eval_error       : Evaluate [\_PR_.C001._SUN]: AE_NOT_FOUND
[   15.314835]      scan-1933 add_single_object     : Added LNXCPU:01 [\_PR_.C001] parent LNXSYSTM:00
[   15.315034]      scan-1141 get_device_data       : No context for object [ffff88040d83c488]
[   15.315230]      scan-1141 get_device_data       : No context for object [ffff88040d83c4b0]
[   15.315407]      scan-1141 get_device_data       : No context for object [ffff88040d83c4d8]
[   15.316668]      scan-1141 get_device_data       : No context for object [ffff88040d83c500]
[   15.316860]      scan-1141 get_device_data       : No context for object [ffff88040d83c528]
[   15.317053]      scan-1141 get_device_data       : No context for object [ffff88040d83c550]
[   15.317245]      scan-1141 get_device_data       : No context for object [ffff88040d81d1b8]
[   15.317391]     utils-0051 util_eval_error       : Evaluate [\_PR_.C002._STA]: AE_NOT_FOUND
[   15.317564]      scan-1141 get_device_data       : No context for object [ffff88040d81d028]
[   15.317771] device: 'LNXCPU:02': device_add
[   15.317834] bus: 'acpi': add device LNXCPU:02
[   15.317909]     utils-0051 util_eval_error       : Evaluate [\_PR_.C002._SUN]: AE_NOT_FOUND
[   15.318109]      scan-1933 add_single_object     : Added LNXCPU:02 [\_PR_.C002] parent LNXSYSTM:00
[   15.318304]      scan-1141 get_device_data       : No context for object [ffff88040d83c578]
[   15.318496]      scan-1141 get_device_data       : No context for object [ffff88040d83c5a0]
[   15.318689]      scan-1141 get_device_data       : No context for object [ffff88040d83c5c8]
[   15.318881]      scan-1141 get_device_data       : No context for object [ffff88040d83c5f0]
[   15.319078]      scan-1141 get_device_data       : No context for object [ffff88040d83c618]
[   15.319270]      scan-1141 get_device_data       : No context for object [ffff88040d83c640]
[   15.319421]      scan-1141 get_device_data       : No context for object [ffff88040d81d1e0]
[   15.319596]     utils-0051 util_eval_error       : Evaluate [\_PR_.C003._STA]: AE_NOT_FOUND
[   15.319794]      scan-1141 get_device_data       : No context for object [ffff88040d81d028]
[   15.320007] device: 'LNXCPU:03': device_add
[   15.320066] bus: 'acpi': add device LNXCPU:03
[   15.320134]     utils-0051 util_eval_error       : Evaluate [\_PR_.C003._SUN]: AE_NOT_FOUND
[   15.320332]      scan-1933 add_single_object     : Added LNXCPU:03 [\_PR_.C003] parent LNXSYSTM:00
[   15.320527]      scan-1141 get_device_data       : No context for object [ffff88040d83c668]
[   15.320719]      scan-1141 get_device_data       : No context for object [ffff88040d83c690]
[   15.320911]      scan-1141 get_device_data       : No context for object [ffff88040d83c6b8]
[   15.321109]      scan-1141 get_device_data       : No context for object [ffff88040d83c6e0]
[   15.321303]      scan-1141 get_device_data       : No context for object [ffff88040d83c708]
[   15.321481]      scan-1141 get_device_data       : No context for object [ffff88040d83c730]
[   15.321679]      scan-1141 get_device_data       : No context for object [ffff88040d81d050]
[   15.321869]     utils-0051 util_eval_error       : Evaluate [\_SB_._STA]: AE_NOT_FOUND
[   15.322090] device: 'LNXSYBUS:00': device_add
[   15.322148] bus: 'acpi': add device LNXSYBUS:00
[   15.322214]     utils-0051 util_eval_error       : Evaluate [\_SB_._SUN]: AE_NOT_FOUND
[   15.322393]      scan-1933 add_single_object     : Added LNXSYBUS:00 [\_SB_] parent LNXSYSTM:00
[   15.322592]      scan-1141 get_device_data       : No context for object [ffff88040d81d3c0]
[   15.322787]      scan-1141 get_device_data       : No context for object [ffff88040d81d3e8]
[   15.322981]      scan-1141 get_device_data       : No context for object [ffff88040d81d410]
[   15.323170]      scan-1141 get_device_data       : No context for object [ffff88040d81d438]
[   15.323335]      scan-1141 get_device_data       : No context for object [ffff88040d81d460]
[   15.323524]      scan-1141 get_device_data       : No context for object [ffff88040d81d488]
[   15.323713]      scan-1141 get_device_data       : No context for object [ffff88040d81d4b0]
[   15.323902]      scan-1141 get_device_data       : No context for object [ffff88040d81d5a0]
[   15.324095]     utils-0051 util_eval_error       : Evaluate [\_SB_.PWRB._STA]: AE_NOT_FOUND
[   15.324321] device: 'PNP0C0C:00': device_add
[   15.324383] bus: 'acpi': add device PNP0C0C:00
[   15.324456]     utils-0051 util_eval_error       : Evaluate [\_SB_.PWRB._SUN]: AE_NOT_FOUND
[   15.324638]      scan-1933 add_single_object     : Added PNP0C0C:00 [\_SB_.PWRB] parent LNXSYBUS:00
[   15.324834]      scan-1141 get_device_data       : No context for object [ffff88040d81d5c8]
[   15.325024]      scan-1141 get_device_data       : No context for object [ffff88040d81d5f0]
[   15.325217]     utils-0051 util_eval_error       : Evaluate [\_SB_.PCI0._STA]: AE_NOT_FOUND
[   15.325423] device: 'PNP0A08:00': device_add
[   15.325481] bus: 'acpi': add device PNP0A08:00
[   15.325555]     utils-0051 util_eval_error       : Evaluate [\_SB_.PCI0._SUN]: AE_NOT_FOUND
[   15.325760]      scan-1933 add_single_object     : Added PNP0A08:00 [\_SB_.PCI0] parent LNXSYBUS:00
[   15.325962]      scan-1141 get_device_data       : No context for object [ffff88040d81d618]
[   15.326155]      scan-1141 get_device_data       : No context for object [ffff88040d81d640]
[   15.326330]      scan-1141 get_device_data       : No context for object [ffff88040d81d668]
[   15.326523]      scan-1141 get_device_data       : No context for object [ffff88040d81d690]
[   15.326668]      scan-1141 get_device_data       : No context for object [ffff88040d81d6b8]
[   15.326860]      scan-1141 get_device_data       : No context for object [ffff88040d81d6e0]
[   15.327055]      scan-1141 get_device_data       : No context for object [ffff88040d81d708]
[   15.327252]      scan-1141 get_device_data       : No context for object [ffff88040d81d730]
[   15.327448]      scan-1141 get_device_data       : No context for object [ffff88040d81d758]
[   15.327640]      scan-1141 get_device_data       : No context for object [ffff88040d81d780]
[   15.327832]      scan-1141 get_device_data       : No context for object [ffff88040d81d7a8]
[   15.328024]      scan-1141 get_device_data       : No context for object [ffff88040d81d7d0]
[   15.328216]      scan-1141 get_device_data       : No context for object [ffff88040d81d7f8]
[   15.328363]      scan-1141 get_device_data       : No context for object [ffff88040d81d820]
[   15.328539]      scan-1141 get_device_data       : No context for object [ffff88040d81d848]
[   15.328736]      scan-1141 get_device_data       : No context for object [ffff88040d81d870]
[   15.328931]      scan-1141 get_device_data       : No context for object [ffff88040d81d898]
[   15.329124]      scan-1141 get_device_data       : No context for object [ffff88040d81d8c0]
[   15.329296]      scan-1141 get_device_data       : No context for object [ffff88040d81d8e8]
[   15.329488]      scan-1141 get_device_data       : No context for object [ffff88040d81d910]
[   15.329680]      scan-1141 get_device_data       : No context for object [ffff88040d81d938]
[   15.329871]      scan-1141 get_device_data       : No context for object [ffff88040d81d960]
[   15.330131]      scan-1141 get_device_data       : No context for object [ffff88040d81d988]
[   15.330329]      scan-1141 get_device_data       : No context for object [ffff88040d81d9b0]
[   15.330521]      scan-1141 get_device_data       : No context for object [ffff88040d81d9d8]
[   15.330712]      scan-1141 get_device_data       : No context for object [ffff88040d81da00]
[   15.330905]      scan-1141 get_device_data       : No context for object [ffff88040d81da28]
[   15.331097]      scan-1141 get_device_data       : No context for object [ffff88040d81da50]
[   15.332299]      scan-1141 get_device_data       : No context for object [ffff88040d81da78]
[   15.332473]      scan-1141 get_device_data       : No context for object [ffff88040d81daa0]
[   15.332665]      scan-1141 get_device_data       : No context for object [ffff88040d81dac8]
[   15.332858]      scan-1141 get_device_data       : No context for object [ffff88040d81daf0]
[   15.333056]      scan-1141 get_device_data       : No context for object [ffff88040d81db18]
[   15.333250]      scan-1141 get_device_data       : No context for object [ffff88040d81db40]
[   15.333335]      scan-1141 get_device_data       : No context for object [ffff88040d81db68]
[   15.333511]      scan-1141 get_device_data       : No context for object [ffff88040d81db90]
[   15.333703]      scan-1141 get_device_data       : No context for object [ffff88040d81dbb8]
[   15.333895]      scan-1141 get_device_data       : No context for object [ffff88040d81dbe0]
[   15.334088]      scan-1141 get_device_data       : No context for object [ffff88040d81dc08]
[   15.334273]      scan-1141 get_device_data       : No context for object [ffff88040d81dc30]
[   15.334465]      scan-1141 get_device_data       : No context for object [ffff88040d81dc58]
[   15.334659]      scan-1141 get_device_data       : No context for object [ffff88040d81dc80]
[   15.334852]      scan-1141 get_device_data       : No context for object [ffff88040d81dca8]
[   15.335046]      scan-1141 get_device_data       : No context for object [ffff88040d81dcd0]
[   15.335244]      scan-1141 get_device_data       : No context for object [ffff88040d81dcf8]
[   15.335441]      scan-1141 get_device_data       : No context for object [ffff88040d81dd20]
[   15.335635]      scan-1141 get_device_data       : No context for object [ffff88040d81dd48]
[   15.335826]      scan-1141 get_device_data       : No context for object [ffff88040d81dd70]
[   15.336019]      scan-1141 get_device_data       : No context for object [ffff88040d81dd98]
[   15.336211]      scan-1141 get_device_data       : No context for object [ffff88040d81ddc0]
[   15.336358]      scan-1141 get_device_data       : No context for object [ffff88040d81dde8]
[   15.336530]      scan-1141 get_device_data       : No context for object [ffff88040d81de10]
[   15.336797]      scan-1141 get_device_data       : No context for object [ffff88040d81de38]
[   15.336994]      scan-1141 get_device_data       : No context for object [ffff88040d81de60]
[   15.337186]      scan-1141 get_device_data       : No context for object [ffff88040d81de88]
[   15.337358]      scan-1141 get_device_data       : No context for object [ffff88040d81deb0]
[   15.337551]      scan-1141 get_device_data       : No context for object [ffff88040d81ded8]
[   15.337743]      scan-1141 get_device_data       : No context for object [ffff88040d81df00]
[   15.337935]      scan-1141 get_device_data       : No context for object [ffff88040d81df28]
[   15.338131]      scan-1141 get_device_data       : No context for object [ffff88040d81df50]
[   15.338324]      scan-1141 get_device_data       : No context for object [ffff88040d81df78]
[   15.338519]      scan-1141 get_device_data       : No context for object [ffff88040d81dfa0]
[   15.338711]      scan-1141 get_device_data       : No context for object [ffff88040d81dfc8]
[   15.338906]      scan-1141 get_device_data       : No context for object [ffff88040d822000]
[   15.339099]      scan-1141 get_device_data       : No context for object [ffff88040d822028]
[   15.339289]     utils-0051 util_eval_error       : Evaluate [\_SB_.PCI0.MEMR._STA]: AE_NOT_FOUND
[   15.339454] device: 'PNP0C02:00': device_add
[   15.339512] bus: 'acpi': add device PNP0C02:00
[   15.339577]     utils-0051 util_eval_error       : Evaluate [\_SB_.PCI0.MEMR._SUN]: AE_NOT_FOUND
[   15.340010]      scan-1933 add_single_object     : Added PNP0C02:00 [\_SB_.PCI0.MEMR] parent PNP0A08:00
[   15.340010]      scan-1141 get_device_data       : No context for object [ffff88040d822050]
[   15.340126]      scan-1141 get_device_data       : No context for object [ffff88040d822078]
[   15.340316]      scan-1141 get_device_data       : No context for object [ffff88040d8220a0]
[   15.340508]      scan-1141 get_device_data       : No context for object [ffff88040d8220c8]
[   15.340700]      scan-1141 get_device_data       : No context for object [ffff88040d8220f0]
[   15.340893]      scan-1141 get_device_data       : No context for object [ffff88040d822118]
[   15.341086]      scan-1141 get_device_data       : No context for object [ffff88040d822140]
[   15.341280]      scan-1141 get_device_data       : No context for object [ffff88040d822168]
[   15.341459]      scan-1141 get_device_data       : No context for object [ffff88040d822190]
[   15.341649]      scan-1141 get_device_data       : No context for object [ffff88040d8221b8]
[   15.341837]      scan-1141 get_device_data       : No context for object [ffff88040d8221e0]
[   15.342026]      scan-1141 get_device_data       : No context for object [ffff88040d822208]
[   15.342214]      scan-1141 get_device_data       : No context for object [ffff88040d822230]
[   15.342386]      scan-1141 get_device_data       : No context for object [ffff88040d822258]
[   15.342578]      scan-1141 get_device_data       : No context for object [ffff88040d822280]
[   15.342776]      scan-1141 get_device_data       : No context for object [ffff88040d8222a8]
[   15.342973]     utils-0051 util_eval_error       : Evaluate [\_SB_.PCI0.PB2_._STA]: AE_NOT_FOUND
[   15.343200] device: 'device:00': device_add
[   15.343260] bus: 'acpi': add device device:00
[   15.343344]     utils-0051 util_eval_error       : Evaluate [\_SB_.PCI0.PB2_._SUN]: AE_NOT_FOUND
[   15.343522]      scan-1933 add_single_object     : Added device:00 [\_SB_.PCI0.PB2_] parent PNP0A08:00
[   15.343717]      scan-1141 get_device_data       : No context for object [ffff88040d8222d0]
[   15.343914]      scan-1141 get_device_data       : No context for object [ffff88040d8222f8]
[   15.344112]      scan-1141 get_device_data       : No context for object [ffff88040d822320]
[   15.344307]      scan-1141 get_device_data       : No context for object [ffff88040d822348]
[   15.344499]      scan-1141 get_device_data       : No context for object [ffff88040d822370]
[   15.344691]      scan-1141 get_device_data       : No context for object [ffff88040d822398]
[   15.344883]      scan-1141 get_device_data       : No context for object [ffff88040d8223c0]
[   15.345074]      scan-1141 get_device_data       : No context for object [ffff88040d8223e8]
[   15.345268]      scan-1141 get_device_data       : No context for object [ffff88040d822410]
[   15.345419]      scan-1141 get_device_data       : No context for object [ffff88040d822438]
[   15.345596]      scan-1141 get_device_data       : No context for object [ffff88040d822460]
[   15.345790]      scan-1141 get_device_data       : No context for object [ffff88040d822488]
[   15.345982]      scan-1141 get_device_data       : No context for object [ffff88040d8224b0]
[   15.346173]      scan-1141 get_device_data       : No context for object [ffff88040d8224d8]
[   15.346346]      scan-1141 get_device_data       : No context for object [ffff88040d822500]
[   15.346538]      scan-1141 get_device_data       : No context for object [ffff88040d822528]
[   15.346668]      scan-1141 get_device_data       : No context for object [ffff88040d822550]
[   15.346866]      scan-1141 get_device_data       : No context for object [ffff88040d822578]
[   15.347059]      scan-1141 get_device_data       : No context for object [ffff88040d8225a0]
[   15.347257]      scan-1141 get_device_data       : No context for object [ffff88040d8225c8]
[   15.347452]      scan-1141 get_device_data       : No context for object [ffff88040d8225f0]
[   15.347645]      scan-1141 get_device_data       : No context for object [ffff88040d822618]
[   15.347838]      scan-1141 get_device_data       : No context for object [ffff88040d822640]
[   15.348030]      scan-1141 get_device_data       : No context for object [ffff88040d822668]
[   15.348221]      scan-1141 get_device_data       : No context for object [ffff88040d822690]
[   15.348402]      scan-1141 get_device_data       : No context for object [ffff88040d8226b8]
[   15.348600]      scan-1141 get_device_data       : No context for object [ffff88040d8226e0]
[   15.348797]      scan-1141 get_device_data       : No context for object [ffff88040d822708]
[   15.348988]      scan-1141 get_device_data       : No context for object [ffff88040d822730]
[   15.350002]      scan-1141 get_device_data       : No context for object [ffff88040d822758]
[   15.350150]      scan-1141 get_device_data       : No context for object [ffff88040d822780]
[   15.350324]     utils-0051 util_eval_error       : Evaluate [\_SB_.PCI0.PB2_.VGA_._STA]: AE_NOT_FOUND
[   15.350557] device: 'device:01': device_add
[   15.350665] bus: 'acpi': add device device:01
[   15.350740]     utils-0051 util_eval_error       : Evaluate [\_SB_.PCI0.PB2_.VGA_._SUN]: AE_NOT_FOUND
[   15.350947]      scan-1933 add_single_object     : Added device:01 [\_SB_.PCI0.PB2_.VGA_] parent device:00
[   15.351126]      scan-1141 get_device_data       : No context for object [ffff88040d8227a8]
[   15.351318]      scan-1141 get_device_data       : No context for object [ffff88040d8227d0]
[   15.351511]      scan-1141 get_device_data       : No context for object [ffff88040d8227f8]
[   15.351702]      scan-1141 get_device_data       : No context for object [ffff88040d822820]
[   15.351895]      scan-1141 get_device_data       : No context for object [ffff88040d822848]
[   15.352086]      scan-1141 get_device_data       : No context for object [ffff88040d822870]
[   15.352280]      scan-1141 get_device_data       : No context for object [ffff88040d822898]
[   15.352477]      scan-1141 get_device_data       : No context for object [ffff88040d8228c0]
[   15.352673]      scan-1141 get_device_data       : No context for object [ffff88040d8228e8]
[   15.352864]      scan-1141 get_device_data       : No context for object [ffff88040d822910]
[   15.353056]      scan-1141 get_device_data       : No context for object [ffff88040d822938]
[   15.353474]      scan-1141 get_device_data       : No context for object [ffff88040d822960]
[   15.353666]      scan-1141 get_device_data       : No context for object [ffff88040d822988]
[   15.353858]      scan-1141 get_device_data       : No context for object [ffff88040d8229b0]
[   15.354056]      scan-1141 get_device_data       : No context for object [ffff88040d8229d8]
[   15.354250]      scan-1141 get_device_data       : No context for object [ffff88040d822a00]
[   15.354401]      scan-1141 get_device_data       : No context for object [ffff88040d822a28]
[   15.354577]      scan-1141 get_device_data       : No context for object [ffff88040d822a50]
[   15.354770]      scan-1141 get_device_data       : No context for object [ffff88040d822a78]
[   15.354962]      scan-1141 get_device_data       : No context for object [ffff88040d822aa0]
[   15.355152]      scan-1141 get_device_data       : No context for object [ffff88040d822ac8]
[   15.355332]      scan-1141 get_device_data       : No context for object [ffff88040d822af0]
[   15.355521]      scan-1141 get_device_data       : No context for object [ffff88040d822b18]
[   15.355713]      scan-1141 get_device_data       : No context for object [ffff88040d822b40]
[   15.355908]      scan-1141 get_device_data       : No context for object [ffff88040d822b68]
[   15.356101]      scan-1141 get_device_data       : No context for object [ffff88040d822b90]
[   15.356290]      scan-1141 get_device_data       : No context for object [ffff88040d822bb8]
[   15.356465]      scan-1141 get_device_data       : No context for object [ffff88040d822be0]
[   15.356668]      scan-1141 get_device_data       : No context for object [ffff88040d822c08]
[   15.356857]      scan-1141 get_device_data       : No context for object [ffff88040d822c30]
[   15.357046]      scan-1141 get_device_data       : No context for object [ffff88040d822c58]
[   15.357240]      scan-1141 get_device_data       : No context for object [ffff88040d822c80]
[   15.357417]      scan-1141 get_device_data       : No context for object [ffff88040d822ca8]
[   15.357610]      scan-1141 get_device_data       : No context for object [ffff88040d822cd0]
[   15.357798]      scan-1141 get_device_data       : No context for object [ffff88040d822cf8]
[   15.357987]      scan-1141 get_device_data       : No context for object [ffff88040d822d20]
[   15.358177]      scan-1141 get_device_data       : No context for object [ffff88040d822d48]
[   15.358349]      scan-1141 get_device_data       : No context for object [ffff88040d822d70]
[   15.358540]      scan-1141 get_device_data       : No context for object [ffff88040d822d98]
[   15.358734]      scan-1141 get_device_data       : No context for object [ffff88040d837438]
[   15.358930]      scan-1141 get_device_data       : No context for object [ffff88040d822dc0]
[   15.359122]     utils-0051 util_eval_error       : Evaluate [\_SB_.PCI0.PB2_.HDAU._STA]: AE_NOT_FOUND
[   15.359333] device: 'device:02': device_add
[   15.359392] bus: 'acpi': add device device:02
[   15.359459]     utils-0051 util_eval_error       : Evaluate [\_SB_.PCI0.PB2_.HDAU._SUN]: AE_NOT_FOUND
[   15.360011]      scan-1933 add_single_object     : Added device:02 [\_SB_.PCI0.PB2_.HDAU] parent device:00
[   15.360011]      scan-1141 get_device_data       : No context for object [ffff88040d822de8]
[   15.360011]      scan-1141 get_device_data       : No context for object [ffff88040d822e10]
[   15.360201]      scan-1141 get_device_data       : No context for object [ffff88040d822e38]
[   15.360377]      scan-1141 get_device_data       : No context for object [ffff88040d822e60]
[   15.360569]      scan-1141 get_device_data       : No context for object [ffff88040d822e88]
[   15.360761]      scan-1141 get_device_data       : No context for object [ffff88040d822eb0]
[   15.360955]      scan-1141 get_device_data       : No context for object [ffff88040d822ed8]
[   15.361148]     utils-0051 util_eval_error       : Evaluate [\_SB_.PCI0.PB3_._STA]: AE_NOT_FOUND
[   15.361371] device: 'device:03': device_add
[   15.361434] bus: 'acpi': add device device:03
[   15.361511]     utils-0051 util_eval_error       : Evaluate [\_SB_.PCI0.PB3_._SUN]: AE_NOT_FOUND
[   15.361720]      scan-1933 add_single_object     : Added device:03 [\_SB_.PCI0.PB3_] parent PNP0A08:00
[   15.361915]      scan-1141 get_device_data       : No context for object [ffff88040d822f00]
[   15.362107]      scan-1141 get_device_data       : No context for object [ffff88040d822f28]
[   15.362299]      scan-1141 get_device_data       : No context for object [ffff88040d822f50]
[   15.362492]      scan-1141 get_device_data       : No context for object [ffff88040d822f78]
[   15.362684]      scan-1141 get_device_data       : No context for object [ffff88040d822fa0]
[   15.362878]      scan-1141 get_device_data       : No context for object [ffff88040d822fc8]
[   15.363075]      scan-1141 get_device_data       : No context for object [ffff88040d823000]
[   15.363272]      scan-1141 get_device_data       : No context for object [ffff88040d823028]
[   15.363415]      scan-1141 get_device_data       : No context for object [ffff88040d823050]
[   15.363587]      scan-1141 get_device_data       : No context for object [ffff88040d823078]
[   15.363780]      scan-1141 get_device_data       : No context for object [ffff88040d8230a0]
[   15.363972]      scan-1141 get_device_data       : No context for object [ffff88040d8230c8]
[   15.364164]      scan-1141 get_device_data       : No context for object [ffff88040d8230f0]
[   15.364338]      scan-1141 get_device_data       : No context for object [ffff88040d823118]
[   15.364536]      scan-1141 get_device_data       : No context for object [ffff88040d823140]
[   15.364732]      scan-1141 get_device_data       : No context for object [ffff88040d823168]
[   15.364925]      scan-1141 get_device_data       : No context for object [ffff88040d823190]
[   15.365117]      scan-1141 get_device_data       : No context for object [ffff88040d8231b8]
[   15.365309]      scan-1141 get_device_data       : No context for object [ffff88040d8231e0]
[   15.365501]      scan-1141 get_device_data       : No context for object [ffff88040d823208]
[   15.365694]      scan-1141 get_device_data       : No context for object [ffff88040d823230]
[   15.365891]      scan-1141 get_device_data       : No context for object [ffff88040d823258]
[   15.366089]      scan-1141 get_device_data       : No context for object [ffff88040d823280]
[   15.366280]      scan-1141 get_device_data       : No context for object [ffff88040d8232a8]
[   15.366454]      scan-1141 get_device_data       : No context for object [ffff88040d8232d0]
[   15.366668]      scan-1141 get_device_data       : No context for object [ffff88040d8232f8]
[   15.366860]      scan-1141 get_device_data       : No context for object [ffff88040d823320]
[   15.367052]      scan-1141 get_device_data       : No context for object [ffff88040d823348]
[   15.368254]      scan-1141 get_device_data       : No context for object [ffff88040d823370]
[   15.368400]      scan-1141 get_device_data       : No context for object [ffff88040d823398]
[   15.368573]      scan-1141 get_device_data       : No context for object [ffff88040d8233c0]
[   15.368771]     utils-0051 util_eval_error       : Evaluate [\_SB_.PCI0.PB3_.VGA_._STA]: AE_NOT_FOUND
[   15.368999]     video-0058 backlight_cap_match   : Found generic backlight support
[   15.369200] device: 'LNXVIDEO:00': device_add
[   15.369260] bus: 'acpi': add device LNXVIDEO:00
[   15.369328]     utils-0051 util_eval_error       : Evaluate [\_SB_.PCI0.PB3_.VGA_._SUN]: AE_NOT_FOUND
[   15.370010]      scan-1933 add_single_object     : Added LNXVIDEO:00 [\_SB_.PCI0.PB3_.VGA_] parent device:03
[   15.370010]      scan-1141 get_device_data       : No context for object [ffff88040d8233e8]
[   15.370010]      scan-1141 get_device_data       : No context for object [ffff88040d823410]
[   15.370010]      scan-1141 get_device_data       : No context for object [ffff88040d823438]
[   15.370201]      scan-1141 get_device_data       : No context for object [ffff88040d823460]
[   15.370378]      scan-1141 get_device_data       : No context for object [ffff88040d823488]
[   15.370570]      scan-1141 get_device_data       : No context for object [ffff88040d8234b0]
[   15.370762]      scan-1141 get_device_data       : No context for object [ffff88040d8234d8]
[   15.370955]      scan-1141 get_device_data       : No context for object [ffff88040d823500]
[   15.371147]      scan-1141 get_device_data       : No context for object [ffff88040d823528]
[   15.371319]      scan-1141 get_device_data       : No context for object [ffff88040d823550]
[   15.371515]      scan-1141 get_device_data       : No context for object [ffff88040d823578]
[   15.371709]      scan-1141 get_device_data       : No context for object [ffff88040d8235a0]
[   15.371904]      scan-1141 get_device_data       : No context for object [ffff88040d8235c8]
[   15.372099]      scan-1141 get_device_data       : No context for object [ffff88040d8235f0]
[   15.372272]      scan-1141 get_device_data       : No context for object [ffff88040d823618]
[   15.372461]      scan-1141 get_device_data       : No context for object [ffff88040d823640]
[   15.372650]      scan-1141 get_device_data       : No context for object [ffff88040d823668]
[   15.372839]      scan-1141 get_device_data       : No context for object [ffff88040d823690]
[   15.373029]      scan-1141 get_device_data       : No context for object [ffff88040d8236b8]
[   15.373222]      scan-1141 get_device_data       : No context for object [ffff88040d8236e0]
[   15.373495]      scan-1141 get_device_data       : No context for object [ffff88040d823708]
[   15.373688]      scan-1141 get_device_data       : No context for object [ffff88040d823730]
[   15.373878]      scan-1141 get_device_data       : No context for object [ffff88040d823758]
[   15.374067]      scan-1141 get_device_data       : No context for object [ffff88040d823780]
[   15.374256]      scan-1141 get_device_data       : No context for object [ffff88040d8237a8]
[   15.374398]      scan-1141 get_device_data       : No context for object [ffff88040d8237d0]
[   15.374570]      scan-1141 get_device_data       : No context for object [ffff88040d8237f8]
[   15.374762]      scan-1141 get_device_data       : No context for object [ffff88040d823820]
[   15.374957]      scan-1141 get_device_data       : No context for object [ffff88040d823848]
[   15.375150]      scan-1141 get_device_data       : No context for object [ffff88040d823870]
[   15.375323]      scan-1141 get_device_data       : No context for object [ffff88040d823898]
[   15.375512]      scan-1141 get_device_data       : No context for object [ffff88040d8238c0]
[   15.375701]      scan-1141 get_device_data       : No context for object [ffff88040d8238e8]
[   15.375889]      scan-1141 get_device_data       : No context for object [ffff88040d823910]
[   15.376081]      scan-1141 get_device_data       : No context for object [ffff88040d823938]
[   15.376277]      scan-1141 get_device_data       : No context for object [ffff88040d823960]
[   15.376456]      scan-1141 get_device_data       : No context for object [ffff88040d823988]
[   15.376668]      scan-1141 get_device_data       : No context for object [ffff88040d8239b0]
[   15.376859]      scan-1141 get_device_data       : No context for object [ffff88040d8239d8]
[   15.377051]      scan-1141 get_device_data       : No context for object [ffff88040d837460]
[   15.377244]      scan-1141 get_device_data       : No context for object [ffff88040d83ac08]
[   15.377390]      scan-1141 get_device_data       : No context for object [ffff88040d83ac30]
[   15.377563]      scan-1141 get_device_data       : No context for object [ffff88040d83ac58]
[   15.377761]     utils-0051 util_eval_error       : Evaluate [\_SB_.PCI0.PB3_.VGA_.CRT_._STA]: AE_NOT_FOUND
[   15.378000] device: 'device:04': device_add
[   15.378110] bus: 'acpi': add device device:04
[   15.378184]     utils-0051 util_eval_error       : Evaluate [\_SB_.PCI0.PB3_.VGA_.CRT_._SUN]: AE_NOT_FOUND
[   15.378367]      scan-1933 add_single_object     : Added device:04 [\_SB_.PCI0.PB3_.VGA_.CRT_] parent LNXVIDEO:00
[   15.378562]      scan-1141 get_device_data       : No context for object [ffff88040d83ac80]
[   15.378753]      scan-1141 get_device_data       : No context for object [ffff88040d83aca8]
[   15.378945]      scan-1141 get_device_data       : No context for object [ffff88040d83acd0]
[   15.379137]      scan-1141 get_device_data       : No context for object [ffff88040d83acf8]
[   15.379331]      scan-1141 get_device_data       : No context for object [ffff88040d83ad20]
[   15.379527]     utils-0051 util_eval_error       : Evaluate [\_SB_.PCI0.PB3_.VGA_.LCD_._STA]: AE_NOT_FOUND
[   15.379750] device: 'device:05': device_add
[   15.379816] bus: 'acpi': add device device:05
[   15.379893]     utils-0051 util_eval_error       : Evaluate [\_SB_.PCI0.PB3_.VGA_.LCD_._SUN]: AE_NOT_FOUND
[   15.380013]      scan-1933 add_single_object     : Added device:05 [\_SB_.PCI0.PB3_.VGA_.LCD_] parent LNXVIDEO:00
[   15.380209]      scan-1141 get_device_data       : No context for object [ffff88040d83ad48]
[   15.380382]      scan-1141 get_device_data       : No context for object [ffff88040d83ad70]
[   15.380574]      scan-1141 get_device_data       : No context for object [ffff88040d83ad98]
[   15.380766]      scan-1141 get_device_data       : No context for object [ffff88040d83adc0]
[   15.380958]      scan-1141 get_device_data       : No context for object [ffff88040d83ade8]
[   15.381152]      scan-1141 get_device_data       : No context for object [ffff88040d83ae10]
[   15.381300]      scan-1141 get_device_data       : No context for object [ffff88040d83ae38]
[   15.381474]      scan-1141 get_device_data       : No context for object [ffff88040d83ae60]
[   15.381673]     utils-0051 util_eval_error       : Evaluate [\_SB_.PCI0.PB3_.VGA_.TV0_._STA]: AE_NOT_FOUND
[   15.381892] device: 'device:06': device_add
[   15.381951] bus: 'acpi': add device device:06
[   15.382017]     utils-0051 util_eval_error       : Evaluate [\_SB_.PCI0.PB3_.VGA_.TV0_._SUN]: AE_NOT_FOUND
[   15.382215]      scan-1933 add_single_object     : Added device:06 [\_SB_.PCI0.PB3_.VGA_.TV0_] parent LNXVIDEO:00
[   15.382390]      scan-1141 get_device_data       : No context for object [ffff88040d83ae88]
[   15.382582]      scan-1141 get_device_data       : No context for object [ffff88040d83aeb0]
[   15.382776]      scan-1141 get_device_data       : No context for object [ffff88040d83aed8]
[   15.382973]      scan-1141 get_device_data       : No context for object [ffff88040d83af00]
[   15.383169]      scan-1141 get_device_data       : No context for object [ffff88040d83af28]
[   15.383415]     utils-0051 util_eval_error       : Evaluate [\_SB_.PCI0.PB3_.VGA_.HDMI._STA]: AE_NOT_FOUND
[   15.383613] device: 'device:07': device_add
[   15.383673] bus: 'acpi': add device device:07
[   15.383740]     utils-0051 util_eval_error       : Evaluate [\_SB_.PCI0.PB3_.VGA_.HDMI._SUN]: AE_NOT_FOUND
[   15.383939]      scan-1933 add_single_object     : Added device:07 [\_SB_.PCI0.PB3_.VGA_.HDMI] parent LNXVIDEO:00
[   15.384137]      scan-1141 get_device_data       : No context for object [ffff88040d83af50]
[   15.384335]      scan-1141 get_device_data       : No context for object [ffff88040d83af78]
[   15.384531]      scan-1141 get_device_data       : No context for object [ffff88040d83afa0]
[   15.384724]      scan-1141 get_device_data       : No context for object [ffff88040d83afc8]
[   15.384916]      scan-1141 get_device_data       : No context for object [ffff88040d823a00]
[   15.386121]     utils-0051 util_eval_error       : Evaluate [\_SB_.PCI0.PB3_.HDAU._STA]: AE_NOT_FOUND
[   15.386338] device: 'device:08': device_add
[   15.386397] bus: 'acpi': add device device:08
[   15.386465]     utils-0051 util_eval_error       : Evaluate [\_SB_.PCI0.PB3_.HDAU._SUN]: AE_NOT_FOUND
[   15.386667]      scan-1933 add_single_object     : Added device:08 [\_SB_.PCI0.PB3_.HDAU] parent device:03
[   15.386829]      scan-1141 get_device_data       : No context for object [ffff88040d823a28]
[   15.387021]      scan-1141 get_device_data       : No context for object [ffff88040d823a50]
[   15.387217]      scan-1141 get_device_data       : No context for object [ffff88040d823a78]
[   15.387391]      scan-1141 get_device_data       : No context for object [ffff88040d823aa0]
[   15.387588]      scan-1141 get_device_data       : No context for object [ffff88040d823ac8]
[   15.387787]      scan-1141 get_device_data       : No context for object [ffff88040d823af0]
[   15.387979]      scan-1141 get_device_data       : No context for object [ffff88040d823b18]
[   15.388172]     utils-0051 util_eval_error       : Evaluate [\_SB_.PCI0.PB4_._STA]: AE_NOT_FOUND
[   15.388376] device: 'device:09': device_add
[   15.388434] bus: 'acpi': add device device:09
[   15.388498]     utils-0051 util_eval_error       : Evaluate [\_SB_.PCI0.PB4_._SUN]: AE_NOT_FOUND
[   15.388697]      scan-1933 add_single_object     : Added device:09 [\_SB_.PCI0.PB4_] parent PNP0A08:00
[   15.388893]      scan-1141 get_device_data       : No context for object [ffff88040d823b40]
[   15.389088]      scan-1141 get_device_data       : No context for object [ffff88040d823b68]
[   15.389284]      scan-1141 get_device_data       : No context for object [ffff88040d823b90]
[   15.389459]      scan-1141 get_device_data       : No context for object [ffff88040d823bb8]
[   15.389648]      scan-1141 get_device_data       : No context for object [ffff88040d823be0]
[   15.389837]      scan-1141 get_device_data       : No context for object [ffff88040d823c08]
[   15.390002]      scan-1141 get_device_data       : No context for object [ffff88040d823c30]
[   15.390190]      scan-1141 get_device_data       : No context for object [ffff88040d823c58]
[   15.390362]      scan-1141 get_device_data       : No context for object [ffff88040d823c80]
[   15.390555]      scan-1141 get_device_data       : No context for object [ffff88040d823ca8]
[   15.390746]      scan-1141 get_device_data       : No context for object [ffff88040d823cd0]
[   15.390940]      scan-1141 get_device_data       : No context for object [ffff88040d823cf8]
[   15.391133]      scan-1141 get_device_data       : No context for object [ffff88040d823d20]
[   15.391305]      scan-1141 get_device_data       : No context for object [ffff88040d823d48]
[   15.391495]      scan-1141 get_device_data       : No context for object [ffff88040d823d70]
[   15.391684]      scan-1141 get_device_data       : No context for object [ffff88040d823d98]
[   15.391874]      scan-1141 get_device_data       : No context for object [ffff88040d823dc0]
[   15.392064]      scan-1141 get_device_data       : No context for object [ffff88040d823de8]
[   15.392257]      scan-1141 get_device_data       : No context for object [ffff88040d823e10]
[   15.392433]      scan-1141 get_device_data       : No context for object [ffff88040d823e38]
[   15.392626]      scan-1141 get_device_data       : No context for object [ffff88040d823e60]
[   15.392818]      scan-1141 get_device_data       : No context for object [ffff88040d823e88]
[   15.393009]      scan-1141 get_device_data       : No context for object [ffff88040d823eb0]
[   15.393202]      scan-1141 get_device_data       : No context for object [ffff88040d823ed8]
[   15.393334]      scan-1141 get_device_data       : No context for object [ffff88040d823f00]
[   15.393507]      scan-1141 get_device_data       : No context for object [ffff88040d823f28]
[   15.393703]      scan-1141 get_device_data       : No context for object [ffff88040d823f50]
[   15.393900]      scan-1141 get_device_data       : No context for object [ffff88040d823f78]
[   15.394095]      scan-1141 get_device_data       : No context for object [ffff88040d823fa0]
[   15.394275]      scan-1141 get_device_data       : No context for object [ffff88040d823fc8]
[   15.394467]      scan-1141 get_device_data       : No context for object [ffff88040d825000]
[   15.394660]     utils-0051 util_eval_error       : Evaluate [\_SB_.PCI0.PB4_.XPDV._STA]: AE_NOT_FOUND
[   15.394874] device: 'device:0a': device_add
[   15.394933] bus: 'acpi': add device device:0a
[   15.395007]     utils-0051 util_eval_error       : Evaluate [\_SB_.PCI0.PB4_.XPDV._SUN]: AE_NOT_FOUND
[   15.395214]      scan-1933 add_single_object     : Added device:0a [\_SB_.PCI0.PB4_.XPDV] parent device:09
[   15.395368]      scan-1141 get_device_data       : No context for object [ffff88040d825028]
[   15.395541]      scan-1141 get_device_data       : No context for object [ffff88040d825050]
[   15.395732]      scan-1141 get_device_data       : No context for object [ffff88040d825078]
[   15.395925]      scan-1141 get_device_data       : No context for object [ffff88040d8250a0]
[   15.396116]      scan-1141 get_device_data       : No context for object [ffff88040d8250c8]
[   15.396289]      scan-1141 get_device_data       : No context for object [ffff88040d837500]
[   15.396483]      scan-1141 get_device_data       : No context for object [ffff88040d8250f0]
[   15.396669]      scan-1141 get_device_data       : No context for object [ffff88040d825118]
[   15.396868]     utils-0051 util_eval_error       : Evaluate [\_SB_.PCI0.PB5_._STA]: AE_NOT_FOUND
[   15.397091] device: 'device:0b': device_add
[   15.397151] bus: 'acpi': add device device:0b
[   15.397219]     utils-0051 util_eval_error       : Evaluate [\_SB_.PCI0.PB5_._SUN]: AE_NOT_FOUND
[   15.397371]      scan-1933 add_single_object     : Added device:0b [\_SB_.PCI0.PB5_] parent PNP0A08:00
[   15.397547]      scan-1141 get_device_data       : No context for object [ffff88040d825140]
[   15.397742]      scan-1141 get_device_data       : No context for object [ffff88040d825168]
[   15.397940]      scan-1141 get_device_data       : No context for object [ffff88040d825190]
[   15.398137]      scan-1141 get_device_data       : No context for object [ffff88040d8251b8]
[   15.398310]      scan-1141 get_device_data       : No context for object [ffff88040d8251e0]
[   15.398501]      scan-1141 get_device_data       : No context for object [ffff88040d825208]
[   15.398693]      scan-1141 get_device_data       : No context for object [ffff88040d825230]
[   15.398886]      scan-1141 get_device_data       : No context for object [ffff88040d825258]
[   15.399078]      scan-1141 get_device_data       : No context for object [ffff88040d825280]
[   15.399262]      scan-1141 get_device_data       : No context for object [ffff88040d8252a8]
[   15.399456]      scan-1141 get_device_data       : No context for object [ffff88040d8252d0]
[   15.399653]      scan-1141 get_device_data       : No context for object [ffff88040d8252f8]
[   15.399849]      scan-1141 get_device_data       : No context for object [ffff88040d825320]
[   15.400128]      scan-1141 get_device_data       : No context for object [ffff88040d825348]
[   15.400320]      scan-1141 get_device_data       : No context for object [ffff88040d825370]
[   15.400512]      scan-1141 get_device_data       : No context for object [ffff88040d825398]
[   15.400705]      scan-1141 get_device_data       : No context for object [ffff88040d8253c0]
[   15.400897]      scan-1141 get_device_data       : No context for object [ffff88040d8253e8]
[   15.401093]      scan-1141 get_device_data       : No context for object [ffff88040d825410]
[   15.401290]      scan-1141 get_device_data       : No context for object [ffff88040d825438]
[   15.401439]      scan-1141 get_device_data       : No context for object [ffff88040d825460]
[   15.401612]      scan-1141 get_device_data       : No context for object [ffff88040d825488]
[   15.401804]      scan-1141 get_device_data       : No context for object [ffff88040d8254b0]
[   15.401996]      scan-1141 get_device_data       : No context for object [ffff88040d8254d8]
[   15.402189]      scan-1141 get_device_data       : No context for object [ffff88040d825500]
[   15.402361]      scan-1141 get_device_data       : No context for object [ffff88040d825528]
[   15.402559]      scan-1141 get_device_data       : No context for object [ffff88040d825550]
[   15.402756]      scan-1141 get_device_data       : No context for object [ffff88040d825578]
[   15.403335]      scan-1141 get_device_data       : No context for object [ffff88040d8255a0]
[   15.403533]      scan-1141 get_device_data       : No context for object [ffff88040d8255c8]
[   15.403726]      scan-1141 get_device_data       : No context for object [ffff88040d8255f0]
[   15.403919]     utils-0051 util_eval_error       : Evaluate [\_SB_.PCI0.PB5_.XPDV._STA]: AE_NOT_FOUND
[   15.404132] device: 'device:0c': device_add
[   15.404192] bus: 'acpi': add device device:0c
[   15.404258]     utils-0051 util_eval_error       : Evaluate [\_SB_.PCI0.PB5_.XPDV._SUN]: AE_NOT_FOUND
[   15.404457]      scan-1933 add_single_object     : Added device:0c [\_SB_.PCI0.PB5_.XPDV] parent device:0b
[   15.404653]      scan-1141 get_device_data       : No context for object [ffff88040d825618]
[   15.404801]      scan-1141 get_device_data       : No context for object [ffff88040d825640]
[   15.404976]      scan-1141 get_device_data       : No context for object [ffff88040d825668]
[   15.405165]      scan-1141 get_device_data       : No context for object [ffff88040d825690]
[   15.405353]      scan-1141 get_device_data       : No context for object [ffff88040d8256b8]
[   15.405543]      scan-1141 get_device_data       : No context for object [ffff88040d837528]
[   15.405726]      scan-1141 get_device_data       : No context for object [ffff88040d8256e0]
[   15.405917]      scan-1141 get_device_data       : No context for object [ffff88040d825708]
[   15.406671]     utils-0051 util_eval_error       : Evaluate [\_SB_.PCI0.PB6_._STA]: AE_NOT_FOUND
[   15.406959] device: 'device:0d': device_add
[   15.407020] bus: 'acpi': add device device:0d
[   15.407094]     utils-0051 util_eval_error       : Evaluate [\_SB_.PCI0.PB6_._SUN]: AE_NOT_FOUND
[   15.407291]      scan-1933 add_single_object     : Added device:0d [\_SB_.PCI0.PB6_] parent PNP0A08:00
[   15.407483]      scan-1141 get_device_data       : No context for object [ffff88040d825730]
[   15.407672]      scan-1141 get_device_data       : No context for object [ffff88040d825758]
[   15.407862]      scan-1141 get_device_data       : No context for object [ffff88040d825780]
[   15.408050]      scan-1141 get_device_data       : No context for object [ffff88040d8257a8]
[   15.408240]      scan-1141 get_device_data       : No context for object [ffff88040d8257d0]
[   15.408419]      scan-1141 get_device_data       : No context for object [ffff88040d8257f8]
[   15.408614]      scan-1141 get_device_data       : No context for object [ffff88040d825820]
[   15.408808]      scan-1141 get_device_data       : No context for object [ffff88040d825848]
[   15.408997]      scan-1141 get_device_data       : No context for object [ffff88040d825870]
[   15.409186]      scan-1141 get_device_data       : No context for object [ffff88040d825898]
[   15.409359]      scan-1141 get_device_data       : No context for object [ffff88040d8258c0]
[   15.409551]      scan-1141 get_device_data       : No context for object [ffff88040d8258e8]
[   15.409742]      scan-1141 get_device_data       : No context for object [ffff88040d825910]
[   15.410002]      scan-1141 get_device_data       : No context for object [ffff88040d825938]
[   15.410200]      scan-1141 get_device_data       : No context for object [ffff88040d825960]
[   15.410377]      scan-1141 get_device_data       : No context for object [ffff88040d825988]
[   15.410569]      scan-1141 get_device_data       : No context for object [ffff88040d8259b0]
[   15.410761]      scan-1141 get_device_data       : No context for object [ffff88040d8259d8]
[   15.410952]      scan-1141 get_device_data       : No context for object [ffff88040d825a00]
[   15.411145]      scan-1141 get_device_data       : No context for object [ffff88040d825a28]
[   15.411336]      scan-1141 get_device_data       : No context for object [ffff88040d825a50]
[   15.411535]      scan-1141 get_device_data       : No context for object [ffff88040d825a78]
[   15.411731]      scan-1141 get_device_data       : No context for object [ffff88040d825aa0]
[   15.411922]      scan-1141 get_device_data       : No context for object [ffff88040d825ac8]
[   15.412114]      scan-1141 get_device_data       : No context for object [ffff88040d825af0]
[   15.412306]      scan-1141 get_device_data       : No context for object [ffff88040d825b18]
[   15.412480]      scan-1141 get_device_data       : No context for object [ffff88040d825b40]
[   15.412672]      scan-1141 get_device_data       : No context for object [ffff88040d825b68]
[   15.412866]      scan-1141 get_device_data       : No context for object [ffff88040d825b90]
[   15.413060]      scan-1141 get_device_data       : No context for object [ffff88040d825bb8]
[   15.413257]      scan-1141 get_device_data       : No context for object [ffff88040d825be0]
[   15.413337]     utils-0051 util_eval_error       : Evaluate [\_SB_.PCI0.PB6_.XPDV._STA]: AE_NOT_FOUND
[   15.413549] device: 'device:0e': device_add
[   15.413614] bus: 'acpi': add device device:0e
[   15.413684]     utils-0051 util_eval_error       : Evaluate [\_SB_.PCI0.PB6_.XPDV._SUN]: AE_NOT_FOUND
[   15.413882]      scan-1933 add_single_object     : Added device:0e [\_SB_.PCI0.PB6_.XPDV] parent device:0d
[   15.414077]      scan-1141 get_device_data       : No context for object [ffff88040d825c08]
[   15.414269]      scan-1141 get_device_data       : No context for object [ffff88040d825c30]
[   15.414461]      scan-1141 get_device_data       : No context for object [ffff88040d825c58]
[   15.414652]      scan-1141 get_device_data       : No context for object [ffff88040d825c80]
[   15.414848]      scan-1141 get_device_data       : No context for object [ffff88040d825ca8]
[   15.415045]      scan-1141 get_device_data       : No context for object [ffff88040d837550]
[   15.415240]      scan-1141 get_device_data       : No context for object [ffff88040d825cd0]
[   15.415417]      scan-1141 get_device_data       : No context for object [ffff88040d825cf8]
[   15.415610]     utils-0051 util_eval_error       : Evaluate [\_SB_.PCI0.PB7_._STA]: AE_NOT_FOUND
[   15.415833] device: 'device:0f': device_add
[   15.415892] bus: 'acpi': add device device:0f
[   15.415959]     utils-0051 util_eval_error       : Evaluate [\_SB_.PCI0.PB7_._SUN]: AE_NOT_FOUND
[   15.416671]      scan-1933 add_single_object     : Added device:0f [\_SB_.PCI0.PB7_] parent PNP0A08:00
[   15.416671]      scan-1141 get_device_data       : No context for object [ffff88040d825d20]
[   15.416671]      scan-1141 get_device_data       : No context for object [ffff88040d825d48]
[   15.416794]      scan-1141 get_device_data       : No context for object [ffff88040d825d70]
[   15.416987]      scan-1141 get_device_data       : No context for object [ffff88040d825d98]
[   15.417178]      scan-1141 get_device_data       : No context for object [ffff88040d825dc0]
[   15.417351]      scan-1141 get_device_data       : No context for object [ffff88040d825de8]
[   15.417543]      scan-1141 get_device_data       : No context for object [ffff88040d825e10]
[   15.417740]      scan-1141 get_device_data       : No context for object [ffff88040d825e38]
[   15.417935]      scan-1141 get_device_data       : No context for object [ffff88040d825e60]
[   15.418132]      scan-1141 get_device_data       : No context for object [ffff88040d825e88]
[   15.418329]      scan-1141 get_device_data       : No context for object [ffff88040d825eb0]
[   15.418521]      scan-1141 get_device_data       : No context for object [ffff88040d825ed8]
[   15.418713]      scan-1141 get_device_data       : No context for object [ffff88040d825f00]
[   15.418906]      scan-1141 get_device_data       : No context for object [ffff88040d825f28]
[   15.419098]      scan-1141 get_device_data       : No context for object [ffff88040d825f50]
[   15.419290]      scan-1141 get_device_data       : No context for object [ffff88040d825f78]
[   15.419440]      scan-1141 get_device_data       : No context for object [ffff88040d825fa0]
[   15.419613]      scan-1141 get_device_data       : No context for object [ffff88040d825fc8]
[   15.419811]      scan-1141 get_device_data       : No context for object [ffff88040d827000]
[   15.420001]      scan-1141 get_device_data       : No context for object [ffff88040d827028]
[   15.420194]      scan-1141 get_device_data       : No context for object [ffff88040d827050]
[   15.420366]      scan-1141 get_device_data       : No context for object [ffff88040d827078]
[   15.420558]      scan-1141 get_device_data       : No context for object [ffff88040d8270a0]
[   15.420749]      scan-1141 get_device_data       : No context for object [ffff88040d8270c8]
[   15.421945]      scan-1141 get_device_data       : No context for object [ffff88040d8270f0]
[   15.422134]      scan-1141 get_device_data       : No context for object [ffff88040d827118]
[   15.422321]      scan-1141 get_device_data       : No context for object [ffff88040d827140]
[   15.422511]      scan-1141 get_device_data       : No context for object [ffff88040d827168]
[   15.422701]      scan-1141 get_device_data       : No context for object [ffff88040d827190]
[   15.422892]      scan-1141 get_device_data       : No context for object [ffff88040d8271b8]
[   15.423082]      scan-1141 get_device_data       : No context for object [ffff88040d8271e0]
[   15.423275]     utils-0051 util_eval_error       : Evaluate [\_SB_.PCI0.PB7_.XPDV._STA]: AE_NOT_FOUND
[   15.423438] device: 'device:10': device_add
[   15.423498] bus: 'acpi': add device device:10
[   15.423574]     utils-0051 util_eval_error       : Evaluate [\_SB_.PCI0.PB7_.XPDV._SUN]: AE_NOT_FOUND
[   15.423760]      scan-1933 add_single_object     : Added device:10 [\_SB_.PCI0.PB7_.XPDV] parent device:0f
[   15.423958]      scan-1141 get_device_data       : No context for object [ffff88040d827208]
[   15.424147]      scan-1141 get_device_data       : No context for object [ffff88040d827230]
[   15.424320]      scan-1141 get_device_data       : No context for object [ffff88040d827258]
[   15.424509]      scan-1141 get_device_data       : No context for object [ffff88040d827280]
[   15.424697]      scan-1141 get_device_data       : No context for object [ffff88040d8272a8]
[   15.424886]      scan-1141 get_device_data       : No context for object [ffff88040d837488]
[   15.425078]      scan-1141 get_device_data       : No context for object [ffff88040d8272d0]
[   15.425268]      scan-1141 get_device_data       : No context for object [ffff88040d8272f8]
[   15.425415]     utils-0051 util_eval_error       : Evaluate [\_SB_.PCI0.OHC1._STA]: AE_NOT_FOUND
[   15.425634] device: 'device:11': device_add
[   15.425697] bus: 'acpi': add device device:11
[   15.425771]     utils-0051 util_eval_error       : Evaluate [\_SB_.PCI0.OHC1._SUN]: AE_NOT_FOUND
[   15.426671]      scan-1933 add_single_object     : Added device:11 [\_SB_.PCI0.OHC1] parent PNP0A08:00
[   15.426671]      scan-1141 get_device_data       : No context for object [ffff88040d827320]
[   15.426671]      scan-1141 get_device_data       : No context for object [ffff88040d827348]
[   15.426671]      scan-1141 get_device_data       : No context for object [ffff88040d83b2f8]
[   15.426671]     utils-0051 util_eval_error       : Evaluate [\_SB_.PCI0.OHC1.RHUB._STA]: AE_NOT_FOUND
[   15.426897] device: 'device:12': device_add
[   15.426960] bus: 'acpi': add device device:12
[   15.427035]     utils-0051 util_eval_error       : Evaluate [\_SB_.PCI0.OHC1.RHUB._SUN]: AE_NOT_FOUND
[   15.427242]      scan-1933 add_single_object     : Added device:12 [\_SB_.PCI0.OHC1.RHUB] parent device:11
[   15.427439]      scan-1141 get_device_data       : No context for object [ffff88040d83b320]
[   15.427631]      scan-1141 get_device_data       : No context for object [ffff88040d83b348]
[   15.427824]     utils-0051 util_eval_error       : Evaluate [\_SB_.PCI0.OHC1.RHUB.PRT3._STA]: AE_NOT_FOUND
[   15.428037] device: 'device:13': device_add
[   15.428096] bus: 'acpi': add device device:13
[   15.428164]     utils-0051 util_eval_error       : Evaluate [\_SB_.PCI0.OHC1.RHUB.PRT3._SUN]: AE_NOT_FOUND
[   15.428345]      scan-1933 add_single_object     : Added device:13 [\_SB_.PCI0.OHC1.RHUB.PRT3] parent device:12
[   15.428544]      scan-1141 get_device_data       : No context for object [ffff88040d83b370]
[   15.428737]      scan-1141 get_device_data       : No context for object [ffff88040d83b398]
[   15.428935]      scan-1141 get_device_data       : No context for object [ffff88040d83b3c0]
[   15.429132]      scan-1141 get_device_data       : No context for object [ffff88040d83b3e8]
[   15.429305]     utils-0051 util_eval_error       : Evaluate [\_SB_.PCI0.OHC1.RHUB.PRT4._STA]: AE_NOT_FOUND
[   15.429519] device: 'device:14': device_add
[   15.429579] bus: 'acpi': add device device:14
[   15.429645]     utils-0051 util_eval_error       : Evaluate [\_SB_.PCI0.OHC1.RHUB.PRT4._SUN]: AE_NOT_FOUND
[   15.430010]      scan-1933 add_single_object     : Added device:14 [\_SB_.PCI0.OHC1.RHUB.PRT4] parent device:12
[   15.430010]      scan-1141 get_device_data       : No context for object [ffff88040d83b410]
[   15.430200]      scan-1141 get_device_data       : No context for object [ffff88040d83b438]
[   15.430396]      scan-1141 get_device_data       : No context for object [ffff88040d83b460]
[   15.430594]      scan-1141 get_device_data       : No context for object [ffff88040d827370]
[   15.430792]     utils-0051 util_eval_error       : Evaluate [\_SB_.PCI0.EHC1._STA]: AE_NOT_FOUND
[   15.431013] device: 'device:15': device_add
[   15.431073] bus: 'acpi': add device device:15
[   15.431139]     utils-0051 util_eval_error       : Evaluate [\_SB_.PCI0.EHC1._SUN]: AE_NOT_FOUND
[   15.431291]      scan-1933 add_single_object     : Added device:15 [\_SB_.PCI0.EHC1] parent PNP0A08:00
[   15.431467]      scan-1141 get_device_data       : No context for object [ffff88040d827398]
[   15.431660]      scan-1141 get_device_data       : No context for object [ffff88040d8273c0]
[   15.431858]      scan-1141 get_device_data       : No context for object [ffff88040d83b028]
[   15.432055]     utils-0051 util_eval_error       : Evaluate [\_SB_.PCI0.EHC1.RHUB._STA]: AE_NOT_FOUND
[   15.432249] device: 'device:16': device_add
[   15.432308] bus: 'acpi': add device device:16
[   15.432376]     utils-0051 util_eval_error       : Evaluate [\_SB_.PCI0.EHC1.RHUB._SUN]: AE_NOT_FOUND
[   15.433337]      scan-1933 add_single_object     : Added device:16 [\_SB_.PCI0.EHC1.RHUB] parent device:15
[   15.433337]      scan-1141 get_device_data       : No context for object [ffff88040d83b050]
[   15.433337]      scan-1141 get_device_data       : No context for object [ffff88040d83b078]
[   15.433337]     utils-0051 util_eval_error       : Evaluate [\_SB_.PCI0.EHC1.RHUB.PRT3._STA]: AE_NOT_FOUND
[   15.433439] device: 'device:17': device_add
[   15.433499] bus: 'acpi': add device device:17
[   15.433566]     utils-0051 util_eval_error       : Evaluate [\_SB_.PCI0.EHC1.RHUB.PRT3._SUN]: AE_NOT_FOUND
[   15.433745]      scan-1933 add_single_object     : Added device:17 [\_SB_.PCI0.EHC1.RHUB.PRT3] parent device:16
[   15.433940]      scan-1141 get_device_data       : No context for object [ffff88040d83b0a0]
[   15.434132]      scan-1141 get_device_data       : No context for object [ffff88040d83b0c8]
[   15.434326]      scan-1141 get_device_data       : No context for object [ffff88040d83b0f0]
[   15.434522]      scan-1141 get_device_data       : No context for object [ffff88040d83b118]
[   15.434720]     utils-0051 util_eval_error       : Evaluate [\_SB_.PCI0.EHC1.RHUB.PRT4._STA]: AE_NOT_FOUND
[   15.434949] device: 'device:18': device_add
[   15.435012] bus: 'acpi': add device device:18
[   15.435086]     utils-0051 util_eval_error       : Evaluate [\_SB_.PCI0.EHC1.RHUB.PRT4._SUN]: AE_NOT_FOUND
[   15.435291]      scan-1933 add_single_object     : Added device:18 [\_SB_.PCI0.EHC1.RHUB.PRT4] parent device:16
[   15.435471]      scan-1141 get_device_data       : No context for object [ffff88040d83b140]
[   15.435664]      scan-1141 get_device_data       : No context for object [ffff88040d83b168]
[   15.435855]      scan-1141 get_device_data       : No context for object [ffff88040d83b190]
[   15.436048]      scan-1141 get_device_data       : No context for object [ffff88040d8273e8]
[   15.436241]     utils-0051 util_eval_error       : Evaluate [\_SB_.PCI0.OHC2._STA]: AE_NOT_FOUND
[   15.436436] device: 'device:19': device_add
[   15.436499] bus: 'acpi': add device device:19
[   15.436576]     utils-0051 util_eval_error       : Evaluate [\_SB_.PCI0.OHC2._SUN]: AE_NOT_FOUND
[   15.436781]      scan-1933 add_single_object     : Added device:19 [\_SB_.PCI0.OHC2] parent PNP0A08:00
[   15.436977]      scan-1141 get_device_data       : No context for object [ffff88040d827410]
[   15.437169]      scan-1141 get_device_data       : No context for object [ffff88040d827438]
[   15.437347]      scan-1141 get_device_data       : No context for object [ffff88040d83b488]
[   15.437541]     utils-0051 util_eval_error       : Evaluate [\_SB_.PCI0.OHC2.RHUB._STA]: AE_NOT_FOUND
[   15.437759] device: 'device:1a': device_add
[   15.437822] bus: 'acpi': add device device:1a
[   15.437897]     utils-0051 util_eval_error       : Evaluate [\_SB_.PCI0.OHC2.RHUB._SUN]: AE_NOT_FOUND
[   15.438104]      scan-1933 add_single_object     : Added device:1a [\_SB_.PCI0.OHC2.RHUB] parent device:19
[   15.438301]      scan-1141 get_device_data       : No context for object [ffff88040d83b4b0]
[   15.438480]      scan-1141 get_device_data       : No context for object [ffff88040d83b4d8]
[   15.439593]     utils-0051 util_eval_error       : Evaluate [\_SB_.PCI0.OHC2.RHUB.PRT4._STA]: AE_NOT_FOUND
[   15.439804] device: 'device:1b': device_add
[   15.439861] bus: 'acpi': add device device:1b
[   15.439926]     utils-0051 util_eval_error       : Evaluate [\_SB_.PCI0.OHC2.RHUB.PRT4._SUN]: AE_NOT_FOUND
[   15.440007]      scan-1933 add_single_object     : Added device:1b [\_SB_.PCI0.OHC2.RHUB.PRT4] parent device:1a
[   15.440200]      scan-1141 get_device_data       : No context for object [ffff88040d83b500]
[   15.440373]      scan-1141 get_device_data       : No context for object [ffff88040d83b528]
[   15.440565]      scan-1141 get_device_data       : No context for object [ffff88040d83b550]
[   15.440758]      scan-1141 get_device_data       : No context for object [ffff88040d827460]
[   15.440955]     utils-0051 util_eval_error       : Evaluate [\_SB_.PCI0.EHC2._STA]: AE_NOT_FOUND
[   15.441180] device: 'device:1c': device_add
[   15.441238] bus: 'acpi': add device device:1c
[   15.441305]     utils-0051 util_eval_error       : Evaluate [\_SB_.PCI0.EHC2._SUN]: AE_NOT_FOUND
[   15.441483]      scan-1933 add_single_object     : Added device:1c [\_SB_.PCI0.EHC2] parent PNP0A08:00
[   15.441674]      scan-1141 get_device_data       : No context for object [ffff88040d827488]
[   15.441864]      scan-1141 get_device_data       : No context for object [ffff88040d8274b0]
[   15.442056]      scan-1141 get_device_data       : No context for object [ffff88040d83b1b8]
[   15.442235]     utils-0051 util_eval_error       : Evaluate [\_SB_.PCI0.EHC2.RHUB._STA]: AE_NOT_FOUND
[   15.442451] device: 'device:1d': device_add
[   15.442509] bus: 'acpi': add device device:1d
[   15.442574]     utils-0051 util_eval_error       : Evaluate [\_SB_.PCI0.EHC2.RHUB._SUN]: AE_NOT_FOUND
[   15.443333]      scan-1933 add_single_object     : Added device:1d [\_SB_.PCI0.EHC2.RHUB] parent device:1c
[   15.443333]      scan-1141 get_device_data       : No context for object [ffff88040d83b1e0]
[   15.443333]      scan-1141 get_device_data       : No context for object [ffff88040d83b208]
[   15.443418]     utils-0051 util_eval_error       : Evaluate [\_SB_.PCI0.EHC2.RHUB.PRT2._STA]: AE_NOT_FOUND
[   15.443629] device: 'device:1e': device_add
[   15.443693] bus: 'acpi': add device device:1e
[   15.443767]     utils-0051 util_eval_error       : Evaluate [\_SB_.PCI0.EHC2.RHUB.PRT2._SUN]: AE_NOT_FOUND
[   15.443966]      scan-1933 add_single_object     : Added device:1e [\_SB_.PCI0.EHC2.RHUB.PRT2] parent device:1d
[   15.444161]      scan-1141 get_device_data       : No context for object [ffff88040d83b230]
[   15.444342]      scan-1141 get_device_data       : No context for object [ffff88040d83b258]
[   15.444534]      scan-1141 get_device_data       : No context for object [ffff88040d83b280]
[   15.444726]      scan-1141 get_device_data       : No context for object [ffff88040d8274d8]
[   15.444922]     utils-0051 util_eval_error       : Evaluate [\_SB_.PCI0.OHC3._STA]: AE_NOT_FOUND
[   15.445166] device: 'device:1f': device_add
[   15.445229] bus: 'acpi': add device device:1f
[   15.445297]     utils-0051 util_eval_error       : Evaluate [\_SB_.PCI0.OHC3._SUN]: AE_NOT_FOUND
[   15.445449]      scan-1933 add_single_object     : Added device:1f [\_SB_.PCI0.OHC3] parent PNP0A08:00
[   15.445623]      scan-1141 get_device_data       : No context for object [ffff88040d827500]
[   15.445815]      scan-1141 get_device_data       : No context for object [ffff88040d827528]
[   15.446008]      scan-1141 get_device_data       : No context for object [ffff88040d83b578]
[   15.446204]     utils-0051 util_eval_error       : Evaluate [\_SB_.PCI0.OHC3.RHUB._STA]: AE_NOT_FOUND
[   15.446415] device: 'device:20': device_add
[   15.446478] bus: 'acpi': add device device:20
[   15.446546]     utils-0051 util_eval_error       : Evaluate [\_SB_.PCI0.OHC3.RHUB._SUN]: AE_NOT_FOUND
[   15.446674]      scan-1933 add_single_object     : Added device:20 [\_SB_.PCI0.OHC3.RHUB] parent device:1f
[   15.446869]      scan-1141 get_device_data       : No context for object [ffff88040d83b5a0]
[   15.447061]      scan-1141 get_device_data       : No context for object [ffff88040d827550]
[   15.447255]     utils-0051 util_eval_error       : Evaluate [\_SB_.PCI0.EHC3._STA]: AE_NOT_FOUND
[   15.447491] device: 'device:21': device_add
[   15.447555] bus: 'acpi': add device device:21
[   15.447633]     utils-0051 util_eval_error       : Evaluate [\_SB_.PCI0.EHC3._SUN]: AE_NOT_FOUND
[   15.447840]      scan-1933 add_single_object     : Added device:21 [\_SB_.PCI0.EHC3] parent PNP0A08:00
[   15.448036]      scan-1141 get_device_data       : No context for object [ffff88040d827578]
[   15.448228]      scan-1141 get_device_data       : No context for object [ffff88040d8275a0]
[   15.448403]      scan-1141 get_device_data       : No context for object [ffff88040d83b2a8]
[   15.448595]     utils-0051 util_eval_error       : Evaluate [\_SB_.PCI0.EHC3.RHUB._STA]: AE_NOT_FOUND
[   15.448810] device: 'device:22': device_add
[   15.448873] bus: 'acpi': add device device:22
[   15.448949]     utils-0051 util_eval_error       : Evaluate [\_SB_.PCI0.EHC3.RHUB._SUN]: AE_NOT_FOUND
[   15.449156]      scan-1933 add_single_object     : Added device:22 [\_SB_.PCI0.EHC3.RHUB] parent device:21
[   15.449335]      scan-1141 get_device_data       : No context for object [ffff88040d83b2d0]
[   15.449528]      scan-1141 get_device_data       : No context for object [ffff88040d8275c8]
[   15.449721]     utils-0051 util_eval_error       : Evaluate [\_SB_.PCI0.OHC4._STA]: AE_NOT_FOUND
[   15.450022] device: 'device:23': device_add
[   15.450082] bus: 'acpi': add device device:23
[   15.450148]     utils-0051 util_eval_error       : Evaluate [\_SB_.PCI0.OHC4._SUN]: AE_NOT_FOUND
[   15.450352]      scan-1933 add_single_object     : Added device:23 [\_SB_.PCI0.OHC4] parent PNP0A08:00
[   15.450554]      scan-1141 get_device_data       : No context for object [ffff88040d8275f0]
[   15.450750]      scan-1141 get_device_data       : No context for object [ffff88040d827618]
[   15.450942]      scan-1141 get_device_data       : No context for object [ffff88040d827640]
[   15.451135]     utils-0051 util_eval_error       : Evaluate [\_SB_.PCI0.SBAZ._STA]: AE_NOT_FOUND
[   15.451357] device: 'device:24': device_add
[   15.451416] bus: 'acpi': add device device:24
[   15.451485]     utils-0051 util_eval_error       : Evaluate [\_SB_.PCI0.SBAZ._SUN]: AE_NOT_FOUND
[   15.451687]      scan-1933 add_single_object     : Added device:24 [\_SB_.PCI0.SBAZ] parent PNP0A08:00
[   15.451889]      scan-1141 get_device_data       : No context for object [ffff88040d827668]
[   15.452084]      scan-1141 get_device_data       : No context for object [ffff88040d827690]
[   15.452277]      scan-1141 get_device_data       : No context for object [ffff88040d8276b8]
[   15.452423]     utils-0051 util_eval_error       : Evaluate [\_SB_.PCI0.GEC_._STA]: AE_NOT_FOUND
[   15.452638] device: 'device:25': device_add
[   15.452698] bus: 'acpi': add device device:25
[   15.452764]     utils-0051 util_eval_error       : Evaluate [\_SB_.PCI0.GEC_._SUN]: AE_NOT_FOUND
[   15.453342]      scan-1933 add_single_object     : Added device:25 [\_SB_.PCI0.GEC_] parent PNP0A08:00
[   15.453342]      scan-1141 get_device_data       : No context for object [ffff88040d8276e0]
[   15.453342]      scan-1141 get_device_data       : No context for object [ffff88040d827708]
[   15.453533]      scan-1141 get_device_data       : No context for object [ffff88040d827730]
[   15.453728]      scan-1141 get_device_data       : No context for object [ffff88040d827758]
[   15.453925]      scan-1141 get_device_data       : No context for object [ffff88040d827780]
[   15.454122]      scan-1141 get_device_data       : No context for object [ffff88040d8277a8]
[   15.454314]      scan-1141 get_device_data       : No context for object [ffff88040d8277d0]
[   15.454506]      scan-1141 get_device_data       : No context for object [ffff88040d8277f8]
[   15.454698]      scan-1141 get_device_data       : No context for object [ffff88040d827820]
[   15.454891]     utils-0051 util_eval_error       : Evaluate [\_SB_.PCI0.SATA._STA]: AE_NOT_FOUND
[   15.455124] device: 'device:26': device_add
[   15.455233] bus: 'acpi': add device device:26
[   15.455307]     utils-0051 util_eval_error       : Evaluate [\_SB_.PCI0.SATA._SUN]: AE_NOT_FOUND
[   15.455491]      scan-1933 add_single_object     : Added device:26 [\_SB_.PCI0.SATA] parent PNP0A08:00
[   15.455683]      scan-1141 get_device_data       : No context for object [ffff88040d827848]
[   15.455873]      scan-1141 get_device_data       : No context for object [ffff88040d827870]
[   15.456063]      scan-1141 get_device_data       : No context for object [ffff88040d827898]
[   15.456252]      scan-1141 get_device_data       : No context for object [ffff88040d8278c0]
[   15.456669]      scan-1141 get_device_data       : No context for object [ffff88040d8278e8]
[   15.456863]      scan-1141 get_device_data       : No context for object [ffff88040d827910]
[   15.457051]      scan-1141 get_device_data       : No context for object [ffff88040d827938]
[   15.457240]      scan-1141 get_device_data       : No context for object [ffff88040d827960]
