[    0.000000] Initializing cgroup subsys cpuset
[    0.000000] Initializing cgroup subsys cpu
[    0.000000] Initializing cgroup subsys cpuacct
[    0.000000] Linux version 3.17.0-rc2-gfd5984d (emacs@manji) (gcc version 4.9.1 (GCC) ) #52 SMP Sun Aug 31 16:53:44 CEST 2014
[    0.000000] Command line: BOOT_IMAGE=/vmlinuz-linux-git root=UUID=bfa4ab6e-19a3-4601-ba2b-267c55841c73 rw cryptdevice=/dev/disk/by-uuid/70c08890-417a-497d-b6ab-c0d0357a63e2:cryptManjaro:allow-discards ipv6.disable=1 pnp.debug=1 loglevel=9 log_buf_len=10M printk.always_kmsg_dump=y printk.time=y mminit_loglevel=0 memory_corruption_check=1 acpi.debug_layer=0xfbff0000 acpi.debug_level=0xFFFFFFFD pnp.debug=1 nohz=on rcu_nocbs=1-3 pcie_aspm=force fbcon=scrollback:4096k fbcon=font:ProFont6x11 radeon.audio=0 radeon.lockup_timeout=0 radeon.test=0 radeon.agpmode=-1 radeon.benchmark=0 radeon.tv=0 radeon.hard_reset=1 radeon.aspm=1 radeon.dpm=1 radeon.msi=1 radeon.pcie_gen2=-1 radeon.no_wb=1 radeon.modeset=1 radeon.dynclks=1 radeon.r4xx_atom=0 radeon.runpm=0 radeonfb radeon.fastfb=1 nomodeset
[    0.000000] KERNEL supported cpus:
[    0.000000]   AMD AuthenticAMD
[    0.000000] tseg: 00bfe00000
[    0.000000] e820: BIOS-provided physical RAM map:
[    0.000000] BIOS-e820: [mem 0x0000000000000000-0x000000000009d7ff] usable
[    0.000000] BIOS-e820: [mem 0x000000000009d800-0x000000000009ffff] reserved
[    0.000000] BIOS-e820: [mem 0x00000000000e0000-0x00000000000fffff] reserved
[    0.000000] BIOS-e820: [mem 0x0000000000100000-0x00000000bed9afff] usable
[    0.000000] BIOS-e820: [mem 0x00000000bed9b000-0x00000000bf39afff] reserved
[    0.000000] BIOS-e820: [mem 0x00000000bf39b000-0x00000000bf49afff] ACPI NVS
[    0.000000] BIOS-e820: [mem 0x00000000bf49b000-0x00000000bf51afff] ACPI data
[    0.000000] BIOS-e820: [mem 0x00000000bf51b000-0x00000000bfdfffff] usable
[    0.000000] BIOS-e820: [mem 0x00000000bfe00000-0x00000000bfffffff] reserved
[    0.000000] BIOS-e820: [mem 0x00000000fec00000-0x00000000fecfffff] reserved
[    0.000000] BIOS-e820: [mem 0x00000000fed80000-0x00000000fed80fff] reserved
[    0.000000] BIOS-e820: [mem 0x00000000ffe00000-0x00000000ffffffff] reserved
[    0.000000] BIOS-e820: [mem 0x0000000100000000-0x000000041effffff] usable
[    0.000000] NX (Execute Disable) protection: active
[    0.000000] SMBIOS 2.6 present.
[    0.000000] DMI: LENOVO Sabine/Torpedo, BIOS 54CN18WW 07/20/2011
[    0.000000] e820: update [mem 0x00000000-0x00000fff] usable ==> reserved
[    0.000000] e820: remove [mem 0x000a0000-0x000fffff] usable
[    0.000000] e820: last_pfn = 0x41f000 max_arch_pfn = 0x400000000
[    0.000000] MTRR default type: uncachable
[    0.000000] MTRR fixed ranges enabled:
[    0.000000]   00000-9FFFF write-back
[    0.000000]   A0000-BFFFF uncachable
[    0.000000]   C0000-FFFFF write-protect
[    0.000000] MTRR variable ranges enabled:
[    0.000000]   0 base 0000000000 mask FF80000000 write-back
[    0.000000]   1 base 0080000000 mask FFC0000000 write-back
[    0.000000]   2 base 00FFF90000 mask FFFFFF0000 uncachable
[    0.000000]   3 base 00FED80000 mask 0FFFFFF000 uncachable
[    0.000000]   4 disabled
[    0.000000]   5 disabled
[    0.000000]   6 disabled
[    0.000000]   7 base 00FFE00000 mask FFFFE00000 write-protect
[    0.000000] TOM2: 000000041f000000 aka 16880M
[    0.000000] mtrr: your BIOS has configured an incorrect mask, fixing it.
[    0.000000] e820: last_pfn = 0xbfe00 max_arch_pfn = 0x400000000
[    0.000000] found SMP MP-table at [mem 0x000fa8b0-0x000fa8bf] mapped at [ffff8800000fa8b0]
[    0.000000] Base memory trampoline at [ffff880000097000] 97000 size 24576
[    0.000000] Using GB pages for direct mapping
[    0.000000] init_memory_mapping: [mem 0x00000000-0x000fffff]
[    0.000000]  [mem 0x00000000-0x000fffff] page 4k
[    0.000000] BRK [0x01e17000, 0x01e17fff] PGTABLE
[    0.000000] BRK [0x01e18000, 0x01e18fff] PGTABLE
[    0.000000] BRK [0x01e19000, 0x01e19fff] PGTABLE
[    0.000000] init_memory_mapping: [mem 0x41ee00000-0x41effffff]
[    0.000000]  [mem 0x41ee00000-0x41effffff] page 2M
[    0.000000] BRK [0x01e1a000, 0x01e1afff] PGTABLE
[    0.000000] init_memory_mapping: [mem 0x41c000000-0x41edfffff]
[    0.000000]  [mem 0x41c000000-0x41edfffff] page 2M
[    0.000000] init_memory_mapping: [mem 0x400000000-0x41bffffff]
[    0.000000]  [mem 0x400000000-0x41bffffff] page 2M
[    0.000000] init_memory_mapping: [mem 0x00100000-0xbed9afff]
[    0.000000]  [mem 0x00100000-0x001fffff] page 4k
[    0.000000]  [mem 0x00200000-0x3fffffff] page 2M
[    0.000000]  [mem 0x40000000-0x7fffffff] page 1G
[    0.000000]  [mem 0x80000000-0xbebfffff] page 2M
[    0.000000]  [mem 0xbec00000-0xbed9afff] page 4k
[    0.000000] init_memory_mapping: [mem 0xbf51b000-0xbfdfffff]
[    0.000000]  [mem 0xbf51b000-0xbf5fffff] page 4k
[    0.000000]  [mem 0xbf600000-0xbfdfffff] page 2M
[    0.000000] BRK [0x01e1b000, 0x01e1bfff] PGTABLE
[    0.000000] init_memory_mapping: [mem 0x100000000-0x3ffffffff]
[    0.000000]  [mem 0x100000000-0x3ffffffff] page 1G
[    0.000000] log_buf_len: 16777216 bytes
[    0.000000] early log buf free: 2092044(99%)
[    0.000000] RAMDISK: [mem 0x3782c000-0x37c0dfff]
[    0.000000] ACPI: Early table checksum verification disabled
[    0.000000] ACPI: RSDP 0x00000000000F0110 000024 (v02 LENOVO)
[    0.000000] ACPI: XSDT 0x00000000BF51A120 000074 (v01 LENOVO CB-01    00000001 LENO 00000001)
[    0.000000] ACPI: FACP 0x00000000BF508000 0000F4 (v04 LENOVO CB-01    00000001 PTL  00000001)
[    0.000000] ACPI: DSDT 0x00000000BF50A000 00FD10 (v01 LENOVO CB-01    00001000 LENO 00000001)
[    0.000000] ACPI: FACS 0x00000000BF478000 000040
[    0.000000] ACPI: HPET 0x00000000BF507000 000038 (v01 LENOVO CB-01    00000001 PTL  00000001)
[    0.000000] ACPI: APIC 0x00000000BF506000 00007A (v02 LENOVO CB-01    00000001 PTL  00000001)
[    0.000000] ACPI: MCFG 0x00000000BF505000 00003C (v01 LENOVO CB-01    00000001 PTL  00000001)
[    0.000000] ACPI: SLIC 0x00000000BF504000 000176 (v01 LENOVO CB-01    00000001 LENO 00000001)
[    0.000000] ACPI: UEFI 0x00000000BF503000 00003E (v01 LENOVO CB-01    00000001 PTL  00000001)
[    0.000000] ACPI: UEFI 0x00000000BF502000 000042 (v01 PTL    COMBUF   00000001 PTL  00000001)
[    0.000000] ACPI: SSDT 0x00000000BF501000 000E34 (v01 AMD    POWERNOW 00000001 AMD  00000001)
[    0.000000] ACPI: SSDT 0x00000000BF4FF000 00193D (v02 AMD    ALIB     00000001 MSFT 04000000)
[    0.000000] ACPI: UEFI 0x00000000BF4FE000 00021A (v01 LENOVO CB-01    00000001 PTL  00000001)
[    0.000000] ACPI: Local APIC address 0xfee00000
[    0.000000] No NUMA configuration found
[    0.000000] Faking a node at [mem 0x0000000000000000-0x000000041effffff]
[    0.000000] Initmem setup node 0 [mem 0x00000000-0x41effffff]
[    0.000000]   NODE_DATA [mem 0x41dffa000-0x41dffdfff]
[    0.000000]  [ffffea0000000000-ffffea00107fffff] PMD -> [ffff88040de00000-ffff88041d5fffff] on node 0
[    0.000000] Zone ranges:
[    0.000000]   DMA      [mem 0x00001000-0x00ffffff]
[    0.000000]   DMA32    [mem 0x01000000-0xffffffff]
[    0.000000]   Normal   [mem 0x100000000-0x41effffff]
[    0.000000] Movable zone start for each node
[    0.000000] Early memory node ranges
[    0.000000]   node   0: [mem 0x00001000-0x0009cfff]
[    0.000000]   node   0: [mem 0x00100000-0xbed9afff]
[    0.000000]   node   0: [mem 0xbf51b000-0xbfdfffff]
[    0.000000]   node   0: [mem 0x100000000-0x41effffff]
[    0.000000] On node 0 totalpages: 4056604
[    0.000000]   DMA zone: 64 pages used for memmap
[    0.000000]   DMA zone: 21 pages reserved
[    0.000000]   DMA zone: 3996 pages, LIFO batch:0
[    0.000000]   DMA32 zone: 12186 pages used for memmap
[    0.000000]   DMA32 zone: 779904 pages, LIFO batch:31
[    0.000000]   Normal zone: 51136 pages used for memmap
[    0.000000]   Normal zone: 3272704 pages, LIFO batch:31
[    0.000000] ACPI: PM-Timer IO Port: 0x808
[    0.000000] ACPI: Local APIC address 0xfee00000
[    0.000000] ACPI: LAPIC (acpi_id[0x00] lapic_id[0x00] enabled)
[    0.000000] ACPI: LAPIC (acpi_id[0x01] lapic_id[0x01] enabled)
[    0.000000] ACPI: LAPIC (acpi_id[0x02] lapic_id[0x02] enabled)
[    0.000000] ACPI: LAPIC (acpi_id[0x03] lapic_id[0x03] enabled)
[    0.000000] ACPI: LAPIC_NMI (acpi_id[0x00] high edge lint[0x1])
[    0.000000] ACPI: LAPIC_NMI (acpi_id[0x01] high edge lint[0x1])
[    0.000000] ACPI: LAPIC_NMI (acpi_id[0x02] high edge lint[0x1])
[    0.000000] ACPI: LAPIC_NMI (acpi_id[0x03] high edge lint[0x1])
[    0.000000] ACPI: IOAPIC (id[0x02] address[0xfec00000] gsi_base[0])
[    0.000000] IOAPIC[0]: apic_id 2, version 33, address 0xfec00000, GSI 0-23
[    0.000000] ACPI: INT_SRC_OVR (bus 0 bus_irq 0 global_irq 2 dfl dfl)
[    0.000000] ACPI: IRQ0 used by override.
[    0.000000] ACPI: IRQ9 used by override.
[    0.000000] Using ACPI (MADT) for SMP configuration information
[    0.000000] ACPI: HPET id: 0x43538210 base: 0xfed00000
[    0.000000] smpboot: Allowing 4 CPUs, 0 hotplug CPUs
[    0.000000] e820: [mem 0xc0000000-0xfebfffff] available for PCI devices
[    0.000000] setup_percpu: NR_CPUS:64 nr_cpumask_bits:64 nr_cpu_ids:4 nr_node_ids:1
[    0.000000] PERCPU: Embedded 27 pages/cpu @ffff88041dc00000 s80256 r8192 d22144 u524288
[    0.000000] pcpu-alloc: s80256 r8192 d22144 u524288 alloc=1*2097152
[    0.000000] pcpu-alloc: [0] 0 1 2 3 
[    0.000000] Built 1 zonelists in Zone order, mobility grouping on.  Total pages: 3993197
[    0.000000] Policy zone: Normal
[    0.000000] Kernel command line: BOOT_IMAGE=/vmlinuz-linux-git root=UUID=bfa4ab6e-19a3-4601-ba2b-267c55841c73 rw cryptdevice=/dev/disk/by-uuid/70c08890-417a-497d-b6ab-c0d0357a63e2:cryptManjaro:allow-discards ipv6.disable=1 pnp.debug=1 loglevel=9 log_buf_len=10M printk.always_kmsg_dump=y printk.time=y mminit_loglevel=0 memory_corruption_check=1 acpi.debug_layer=0xfbff0000 acpi.debug_level=0xFFFFFFFD pnp.debug=1 nohz=on rcu_nocbs=1-3 pcie_aspm=force fbcon=scrollback:4096k fbcon=font:ProFont6x11 radeon.audio=0 radeon.lockup_timeout=0 radeon.test=0 radeon.agpmode=-1 radeon.benchmark=0 radeon.tv=0 radeon.hard_reset=1 radeon.aspm=1 radeon.dpm=1 radeon.msi=1 radeon.pcie_gen2=-1 radeon.no_wb=1 radeon.modeset=1 radeon.dynclks=1 radeon.r4xx_atom=0 radeon.runpm=0 radeonfb radeon.fastfb=1 nomodeset
[    0.000000] PCIe ASPM is forcibly enabled
[    0.000000] PID hash table entries: 4096 (order: 3, 32768 bytes)
[    0.000000] Memory: 15870900K/16226416K available (5251K kernel code, 721K rwdata, 2208K rodata, 848K init, 2588K bss, 355516K reserved)
[    0.000000] SLUB: HWalign=64, Order=0-3, MinObjects=0, CPUs=4, Nodes=1
[    0.000000] Hierarchical RCU implementation.
[    0.000000] 	RCU dyntick-idle grace-period acceleration is enabled.
[    0.000000] 	Additional per-CPU info printed with stalls.
[    0.000000] 	RCU restricting CPUs from NR_CPUS=64 to nr_cpu_ids=4.
[    0.000000] 	Offload RCU callbacks from all CPUs
[    0.000000] 	Offload RCU callbacks from CPUs: 0-3.
[    0.000000] RCU: Adjusting geometry for rcu_fanout_leaf=16, nr_cpu_ids=4
[    0.000000] NR_IRQS:4352 nr_irqs:456 0
[    0.000000] spurious 8259A interrupt: IRQ7.
[    0.000000] vgacon: allocated 4194304 bytes of memory for scrollback. CONFIG_VGACON_SOFT_SCROLLBACK_SIZE=4096
[    0.000000] Console: colour VGA+ 80x25
[    0.000000] console [tty0] enabled
[    0.000000] allocated 65011712 bytes of page_cgroup
[    0.000000] please try 'cgroup_disable=memory' option if you don't want memory cgroups
[    0.000000] hpet clockevent registered
[    0.000000] tsc: Fast TSC calibration using PIT
[    0.000000] tsc: Detected 1397.443 MHz processor
[    0.000041] Calibrating delay loop (skipped), value calculated using timer frequency.. 2796.33 BogoMIPS (lpj=4658143)
[    0.000166] pid_max: default: 32768 minimum: 301
[    0.000234] ACPI: Core revision 20140724
[    0.021749] ACPI: All ACPI Tables successfully acquired
[    0.023251] Security Framework initialized
[    0.024556] Dentry cache hash table entries: 2097152 (order: 12, 16777216 bytes)
[    0.030626] Inode-cache hash table entries: 1048576 (order: 11, 8388608 bytes)
[    0.033358] Mount-cache hash table entries: 32768 (order: 6, 262144 bytes)
[    0.033485] Mountpoint-cache hash table entries: 32768 (order: 6, 262144 bytes)
[    0.034039] Initializing cgroup subsys memory
[    0.034153] Initializing cgroup subsys devices
[    0.034217] Initializing cgroup subsys freezer
[    0.034280] Initializing cgroup subsys net_cls
[    0.034343] Initializing cgroup subsys blkio
[    0.034425] CPU: Physical Processor ID: 0
[    0.034487] CPU: Processor Core ID: 0
[    0.034548] mce: CPU supports 6 MCE banks
[    0.034617] Last level iTLB entries: 4KB 512, 2MB 16, 4MB 8
Last level dTLB entries: 4KB 1024, 2MB 128, 4MB 64, 1GB 0
[    0.034899] Freeing SMP alternatives memory: 20K (ffffffff81b8a000 - ffffffff81b8f000)
[    0.035584] ..TIMER: vector=0x30 apic1=0 pin1=2 apic2=-1 pin2=-1
[    0.068663] smpboot: CPU0: AMD A6-3400M APU with Radeon(tm) HD Graphics (fam: 12, model: 01, stepping: 00)
[    0.173683] Performance Events: AMD PMU driver.
[    0.173785] ... version:                0
[    0.173846] ... bit width:              48
[    0.173908] ... generic registers:      4
[    0.173969] ... value mask:             0000ffffffffffff
[    0.174032] ... max period:             00007fffffffffff
[    0.174095] ... fixed-purpose events:   0
[    0.174155] ... event mask:             000000000000000f
[    0.174621] MCE: In-kernel MCE decoding enabled.
[    0.174755] trying cpu_up:
[    0.174861] NMI watchdog: enabled on all CPUs, permanently consumes one hw-PMU counter.
[    0.175136] smpboot: ++++++++++++++++++++=_---CPU UP  1
[    0.175247] x86: Booting SMP configuration:
[    0.175309] .... node  #0, CPUs:      #1
[    0.175413] smpboot: Setting warm reset code and vector.
[    0.175534] smpboot: 1.
[    0.175594] smpboot: 2.
[    0.175655] smpboot: 3.
[    0.175717] smpboot: Asserting INIT
[    0.175780] smpboot: waiting 5 sec
[    8.767331] smpboot: done waiting
[    8.767474] smpboot: Waiting for INIT send to finish...
[    8.777569] smpboot: status for above ^ is: 0
[    8.777678] smpboot: Deasserting INIT
[    8.777739] smpboot: Waiting for above send to finish...
[    8.777802] smpboot: #startup loops: 2
[    8.777864] smpboot: Sending STARTUP #1
[    8.777926] smpboot: After apic_write
[    8.778290] smpboot: Startup point 1
[    8.778399] smpboot: Waiting for send to finish...
[    8.778664] smpboot: Sending STARTUP #2
[    8.778773] smpboot: After apic_write
[    8.779136] smpboot: Startup point 1
[    8.779246] smpboot: Waiting for send to finish...
[    8.779510] smpboot: After Startup
[    8.779573] smpboot: Before Callout 1
[    8.779637] smpboot: After Callout 1
[    8.779700] smpboot: start waiting 5sec for response
[    8.779842] [sched_delayed] sched: RT throttling activated
[   13.799372] smpboot: done waiting 5sec for response
[   13.799457] smpboot: cpumask_test_cpu result: 0
[   13.799555] smpboot: cpu_callin_mask: 0000000000000001
[   13.799619] smpboot: cpu_callout_mask: 0000000000000003
[   13.799717] smpboot: CPU1: Not responding
[   13.799856] smpboot: do_boot_cpu failed(1) to wakeup CPU#1
[   13.799930] doing it one more time: cpu_up !!!!!!!!!!!!
[   13.799975] smpboot: ++++++++++++++++++++=_---CPU UP  1
[   13.800099] x86: Booting SMP configuration:
[   13.800162]     #1
[   13.800235] smpboot: Setting warm reset code and vector.
[   13.800358] smpboot: 1.
[   13.800420] smpboot: 2.
[   13.800483] smpboot: 3.
[   13.800545] smpboot: Asserting INIT
[   13.800608] smpboot: waiting 5 sec
[   18.809616] smpboot: done waiting
[   18.809759] smpboot: Waiting for INIT send to finish...
[   18.819853] smpboot: status for above ^ is: 0
[   18.819917] smpboot: Deasserting INIT
[   18.819980] smpboot: Waiting for above send to finish...
[   18.820044] smpboot: #startup loops: 2
[   18.820108] smpboot: Sending STARTUP #1
[   18.820171] smpboot: After apic_write
[   18.820534] smpboot: Startup point 1
[   18.820644] smpboot: Waiting for send to finish...
[   18.820908] smpboot: Sending STARTUP #2
[   18.821018] smpboot: After apic_write
[   18.821381] smpboot: Startup point 1
[   18.821491] smpboot: Waiting for send to finish...
[   18.821755] smpboot: After Startup
[   18.821833] smpboot: Before Callout 1
[   18.821896] smpboot: After Callout 1
[   18.821959] smpboot: start waiting 5sec for response
[   23.841765] smpboot: done waiting 5sec for response
[   23.841908] smpboot: cpumask_test_cpu result: 0
[   23.841971] smpboot: cpu_callin_mask: 0000000000000001
[   23.842068] smpboot: cpu_callout_mask: 0000000000000003
[   23.842131] smpboot: CPU1: Not responding
[   23.842255] smpboot: do_boot_cpu failed(1) to wakeup CPU#1
[   23.842325] after cpu_up !!!!!!!!!!!!
[   23.842364] trying cpu_up:
[   23.842578] smpboot: ++++++++++++++++++++=_---CPU UP  2
[   23.842717]  #2
[   23.842753] smpboot: Setting warm reset code and vector.
[   23.842877] smpboot: 1.
[   23.842940] smpboot: 2.
[   23.843002] smpboot: 3.
[   23.843065] smpboot: Asserting INIT
[   23.843128] smpboot: waiting 5 sec
[   28.852939] smpboot: done waiting
[   28.853082] smpboot: Waiting for INIT send to finish...
[   28.863177] smpboot: status for above ^ is: 0
[   28.863287] smpboot: Deasserting INIT
[   28.863350] smpboot: Waiting for above send to finish...
[   28.863414] smpboot: #startup loops: 2
[   28.863478] smpboot: Sending STARTUP #1
[   28.863542] smpboot: After apic_write
[   28.734504] smpboot: CPU#2 (phys ID: 2) waiting for CALLOUT
[   28.863905] smpboot: Startup point 1
[   28.864080] smpboot: Waiting for send to finish...
[   28.864344] smpboot: Sending STARTUP #2
[   28.864454] smpboot: After apic_write
[   28.864817] smpboot: Startup point 1
[   28.864927] smpboot: Waiting for send to finish...
[   28.865191] smpboot: After Startup
[   28.865300] smpboot: Before Callout 2
[   28.865363] smpboot: After Callout 2
[   28.736154] smpboot: Stack at about ffff88040780bf44
[   28.865490] smpboot: start waiting 5sec for response
[   28.865530] smpboot: done waiting 5sec for response
[   28.865627] smpboot: cpumask_test_cpu result: -1
[   28.865690] smpboot: cpu_callin_mask: 0000000000000005
[   28.865787] smpboot: cpu_callout_mask: 0000000000000005
[   28.865850] smpboot: CPU2: has booted.
[   28.867978] TSC synchronization [CPU#0 -> CPU#2]:
[   28.868089] Measured 180555228 cycles TSC warp between CPUs, turning off TSC clock.
[   28.868185] tsc: Marking TSC unstable due to check_tsc_sync_source failed
[   28.868310] after cpu_up !!!!!!!!!!!!
[   28.868373] trying cpu_up:
[   28.868588] smpboot: ++++++++++++++++++++=_---CPU UP  3
[   28.868770]  #3
[   28.868807] smpboot: Setting warm reset code and vector.
[   28.868928] smpboot: 1.
[   28.868989] smpboot: 2.
[   28.869050] smpboot: 3.
[   28.869112] smpboot: Asserting INIT
[   28.869174] smpboot: waiting 5 sec
[   34.308528] smpboot: done waiting
[   34.308670] smpboot: Waiting for INIT send to finish...
[   34.318811] smpboot: status for above ^ is: 0
[   34.318922] smpboot: Deasserting INIT
[   34.318984] smpboot: Waiting for above send to finish...
[   34.319049] smpboot: #startup loops: 2
[   34.319112] smpboot: Sending STARTUP #1
[   34.319175] smpboot: After apic_write
[   34.319539] smpboot: Startup point 1
[   34.319649] smpboot: Waiting for send to finish...
[   34.319913] smpboot: Sending STARTUP #2
[   34.319979] smpboot: After apic_write
[   34.320342] smpboot: Startup point 1
[   34.320452] smpboot: Waiting for send to finish...
[   34.320716] smpboot: After Startup
[   34.320827] smpboot: Before Callout 3
[   34.320890] smpboot: After Callout 3
[   34.320953] smpboot: start waiting 5sec for response
[   39.340370] smpboot: done waiting 5sec for response
[   39.340514] smpboot: cpumask_test_cpu result: 0
[   39.341614] smpboot: cpu_callin_mask: 0000000000000005
[   39.341710] smpboot: cpu_callout_mask: 000000000000000d
[   39.341772] smpboot: CPU3: Not responding
[   39.341893] smpboot: do_boot_cpu failed(1) to wakeup CPU#3
[   39.341965] doing it one more time: cpu_up !!!!!!!!!!!!
[   39.342012] smpboot: ++++++++++++++++++++=_---CPU UP  3
[   39.342134]  #3
[   39.342170] smpboot: Setting warm reset code and vector.
[   39.342293] smpboot: 1.
[   39.342354] smpboot: 2.
[   39.342414] smpboot: 3.
[   39.342476] smpboot: Asserting INIT
[   39.342537] smpboot: waiting 5 sec
[   44.351526] smpboot: done waiting
[   44.351669] smpboot: Waiting for INIT send to finish...
[   44.361810] smpboot: status for above ^ is: 0
[   44.361919] smpboot: Deasserting INIT
[   44.361982] smpboot: Waiting for above send to finish...
[   44.362047] smpboot: #startup loops: 2
[   44.362110] smpboot: Sending STARTUP #1
[   44.362174] smpboot: After apic_write
[   44.362537] smpboot: Startup point 1
[   44.362647] smpboot: Waiting for send to finish...
[   44.362911] smpboot: Sending STARTUP #2
[   44.363021] smpboot: After apic_write
[   44.363384] smpboot: Startup point 1
[   44.363494] smpboot: Waiting for send to finish...
[   44.363758] smpboot: After Startup
[   44.363867] smpboot: Before Callout 3
[   44.363930] smpboot: After Callout 3
[   44.363993] smpboot: start waiting 5sec for response
[   49.383478] smpboot: done waiting 5sec for response
[   49.383622] smpboot: cpumask_test_cpu result: 0
[   49.383685] smpboot: cpu_callin_mask: 0000000000000005
[   49.383782] smpboot: cpu_callout_mask: 000000000000000d
[   49.383845] smpboot: CPU3: Not responding
[   49.383969] smpboot: do_boot_cpu failed(1) to wakeup CPU#3
[   49.384039] after cpu_up !!!!!!!!!!!!
[   49.384079] x86: Booted up 1 node, 2 CPUs
[   49.384202] smpboot: Boot done
[   49.384265] smpboot: Before bogomips
[   49.384329] smpboot: Total of 2 processors activated (5592.67 BogoMIPS)
[   49.384394] smpboot: Before bogocount - setting activated=1
[   45.350080] devtmpfs: initialized
[   45.350163] device: 'platform': device_add
[   45.350291] bus: 'platform': registered
[   45.350365] bus: 'cpu': registered
[   45.350430] device: 'cpu': device_add
[   45.350519] bus: 'container': registered
[   45.350584] device: 'container': device_add
[   45.351451] bus: 'workqueue': registered
[   45.351563] device: 'workqueue': device_add
[   45.351442] kworker/u8:0 (39) used greatest stack depth: 15104 bytes left
[   45.351563] atomic64_test: passed for x86-64 platform with CX8 and with SSE
[   45.351563] device class 'regulator': registering
[   45.353349] Registering platform device 'reg-dummy'. Parent at platform
[   45.353349] device: 'reg-dummy': device_add
[   45.353349] bus: 'platform': add device reg-dummy
[   45.353443] bus: 'platform': add driver reg-dummy
[   45.353443] bus: 'platform': driver_probe_device: matched device reg-dummy with driver reg-dummy
[   45.353443] bus: 'platform': really_probe: probing driver reg-dummy with device reg-dummy
[   45.353443] device: 'regulator.0': device_add
[   45.353445] regulator-dummy: no parameters
[   45.353445] driver: 'reg-dummy': driver_bound: bound to device 'reg-dummy'
[   45.353445] bus: 'platform': really_probe: bound device reg-dummy to driver reg-dummy
[   45.353445] NET: Registered protocol family 16
[   45.353445] device class 'bdi': registering
[   45.353445] bus: 'platform': add driver ramoops
[   45.353445] device class 'pci_bus': registering
[   45.353445] bus: 'pci': registered
[   45.353445] device class 'backlight': registering
[   45.353445] device class 'tty': registering
[   45.353445] device class 'vtconsole': registering
[   45.353445] device: 'vtcon0': device_add
[   45.353445] bus: 'node': registered
[   45.353445] device: 'node': device_add
[   45.353489] bus: 'i2c': registered
[   45.353489] kworker/u8:1 (53) used greatest stack depth: 14176 bytes left
[   45.353489] bus: 'i2c': add driver dummy
[   45.353489] i2c-core: driver [dummy] registered
[   45.353489] cpuidle: using governor ladder
[   45.353489] cpuidle: using governor menu
[   45.353708] ACPI FADT declares the system doesn't support PCIe ASPM, so disable it
[   45.353894] ACPI: bus type PCI registered
[   45.353959] acpiphp: ACPI Hot Plug PCI Controller Driver version: 0.5
[   45.354028] device class 'dmi': registering
[   45.356686] device: 'id': device_add
[   45.356696] PCI: MMCONFIG for domain 0000 [bus 00-3f] at [mem 0xf8000000-0xfbffffff] (base 0xf8000000)
[   45.356696] PCI: not using MMCONFIG
[   45.356696] PCI: Using configuration type 1 for base access
[   45.356696] PCI: Using configuration type 1 for extended access
[   45.356696] device: 'node0': device_add
[   45.356696] bus: 'node': add device node0
[   45.356696] device: 'cpu0': device_add
[   45.356696] bus: 'cpu': add device cpu0
[   45.356696] device: 'cpu1': device_add
[   45.356696] bus: 'cpu': add device cpu1
[   45.356696] device: 'cpu2': device_add
[   45.356696] bus: 'cpu': add device cpu2
[   45.356696] device: 'cpu3': device_add
[   45.356696] bus: 'cpu': add device cpu3
[   45.366706] device: 'writeback': device_add
[   45.366805] bus: 'workqueue': add device writeback
[   45.366915] device: 'default': device_add
[   45.367121] device class 'block': registering
[   45.367121] ACPI: Added _OSI(Module Device)
[   45.367121] ACPI: Added _OSI(Processor Device)
[   45.367121] ACPI: Added _OSI(3.0 _SCP Extensions)
[   45.367165] ACPI: Added _OSI(Processor Aggregator Device)
[   45.367456] 
**** Context Switch from TID 4294967295 to TID 133431296 ****

[   45.367630]     utils-0051 util_eval_error       : Evaluate [\_SB_.PCI0.LPC0.EC0_._GLK]: AE_NOT_FOUND
[   45.368199] Executing  Method       \_SB_.PCI0.LPC0.EC0_._REG
[   45.368858] Executing  Method       \_SB_.PCI0.LPC0.EC0_._REG
[   45.369057] Executing  Method       \_SB_.PCI0.LPC0.EC0_._REG
[   45.369256] Executing  Method       \_SB_.PCI0.LPC0.EC0_._REG
[   45.372441] Initializing Region       \_SB_.OSTY
[   45.372617] Initializing Region       \_SB_.PCI0.NBMS
[   45.372765] Initializing Region       \_SB_.PCI0.NBXP
[   45.372915] Initializing Region       \_SB_.PCI0.K8ST
[   45.373100] Initializing Region       \_SB_.PCI0.BAR1
[   45.373307] Initializing Region       \_SB_.PCI0.PB2_.XPEX
[   45.373446] Initializing Region       \_SB_.PCI0.PB2_.PCFG
[   45.373594] Initializing Region       \_SB_.PCI0.PB2_.XPCB
[   45.373743] Initializing Region       \_SB_.PCI0.PB2_.XPRI
[   45.373895] Initializing Region       \_SB_.PCI0.PB2_.VGA_.PCFG
[   45.374103] Initializing Region       \_SB_.PCI0.PB2_.HDAU.PCFG
[   45.374278] Initializing Region       \_SB_.PCI0.PB3_.XPEX
[   45.374426] Initializing Region       \_SB_.PCI0.PB3_.PCFG
[   45.374574] Initializing Region       \_SB_.PCI0.PB3_.XPCB
[   45.374723] Initializing Region       \_SB_.PCI0.PB3_.XPRI
[   45.374875] Initializing Region       \_SB_.PCI0.PB3_.VGA_.PCFG
[   45.375090] Initializing Region       \_SB_.PCI0.PB3_.HDAU.PCFG
[   45.375257] Initializing Region       \_SB_.PCI0.PB4_.XPEX
[   45.375404] Initializing Region       \_SB_.PCI0.PB4_.PCFG
[   45.375552] Initializing Region       \_SB_.PCI0.PB4_.XPCB
[   45.375701] Initializing Region       \_SB_.PCI0.PB4_.XPRI
[   45.375853] Initializing Region       \_SB_.PCI0.PB4_.XPDV.PCFG
[   45.376015] Initializing Region       \_SB_.PCI0.PB5_.XPEX
[   45.376162] Initializing Region       \_SB_.PCI0.PB5_.PCFG
[   45.376308] Initializing Region       \_SB_.PCI0.PB5_.XPCB
[   45.376456] Initializing Region       \_SB_.PCI0.PB5_.XPRI
[   45.376606] Initializing Region       \_SB_.PCI0.PB5_.XPDV.PCFG
[   45.376755] Initializing Region       \_SB_.PCI0.PB6_.XPEX
[   45.376901] Initializing Region       \_SB_.PCI0.PB6_.PCFG
[   45.377048] Initializing Region       \_SB_.PCI0.PB6_.XPCB
[   45.377195] Initializing Region       \_SB_.PCI0.PB6_.XPRI
[   45.377347] Initializing Region       \_SB_.PCI0.PB6_.XPDV.PCFG
[   45.377508] Initializing Region       \_SB_.PCI0.PB7_.XPEX
[   45.377654] Initializing Region       \_SB_.PCI0.PB7_.PCFG
[   45.377801] Initializing Region       \_SB_.PCI0.PB7_.XPCB
[   45.377949] Initializing Region       \_SB_.PCI0.PB7_.XPRI
[   45.378101] Initializing Region       \_SB_.PCI0.PB7_.XPDV.PCFG
[   45.378515] Initializing Region       \_SB_.PCI0.SATC
[   45.378661] Initializing Region       \_SB_.PCI0.RMEM
[   45.378838] Initializing Region       \_SB_.PCI0.SATA.SATX
[   45.378992] Initializing Region       \_SB_.PCI0.SATA.BAR5
[   45.400226] Initializing Region       \_SB_.PCI0.SMB_.SBRV
[   45.400437] Initializing Region       \_SB_.PCI0.SMB_.PMIO
[   45.400587] Initializing Region       \_SB_.PCI0.SMB_.ERMM
[   45.400865] Initializing Region       \_SB_.PCI0.SMB_.P1E0
[   45.401026] Initializing Region       \_SB_.PCI0.SMB_.ABIO
[   45.401177] Initializing Region       \_SB_.PCI0.SMB_.SMB0
[   45.401330] Initializing Region       \_SB_.PCI0.LPC0.PIRQ
[   45.401533] Initializing Region       \_SB_.PCI0.LPC0.LPCR
[   45.401773] Initializing Region       \_SB_.PCI0.LPC0.LPCS
[   45.401979] Initializing Region       \_SB_.PCI0.LPC0.SMI0
[   45.402127] Initializing Region       \_SB_.PCI0.LPC0.SMI1
[   45.402282] Initializing Region       \_SB_.PCI0.LPC0.EC0_.ECO1
[   45.402430] Initializing Region       \_SB_.PCI0.LPC0.EC0_.ECO2
[   45.402577] Initializing Region       \_SB_.PCI0.LPC0.EC0_.ECMB
[   45.402724] Initializing Region       \_SB_.PCI0.LPC0.EC0_.RAM_
[   45.403467] Initializing Region       \_SB_.PCI0.LPC0.EC0_.CMOS
[   45.403685] Initializing Region       \_SB_.PCI0.LPC0.EC0_.VPC0.ERAM
[   45.403935] Initializing Region       \_SB_.PCI0.SPB0.PCFG
[   45.404099] Initializing Region       \_SB_.PCI0.SPB0.XPCB
[   45.404250] Initializing Region       \_SB_.PCI0.SPB0.XPDV.PCFG
[   45.404411] Initializing Region       \_SB_.PCI0.SPB1.PCFG
[   45.404560] Initializing Region       \_SB_.PCI0.SPB1.XPCB
[   45.404711] Initializing Region       \_SB_.PCI0.SPB1.XPDV.PCFG
[   45.404872] Initializing Region       \_SB_.PCI0.SPB2.PCFG
[   45.405020] Initializing Region       \_SB_.PCI0.SPB2.XPCB
[   45.405172] Initializing Region       \_SB_.PCI0.SPB2.XPDV.PCFG
[   45.405332] Initializing Region       \_SB_.PCI0.SPB3.PCFG
[   45.405480] Initializing Region       \_SB_.PCI0.SPB3.XPCB
[   45.405631] Initializing Region       \_SB_.PCI0.SPB3.XPDV.PCFG
[   45.406722] Initializing Region       \_SB_.PCI0.VGA_.REVD
[   45.407076] Initializing BufferField  \_SB_.AMW0.WLID
[   45.407715] Initializing Region       \DEB2
[   45.407863] Initializing Region       \PMIO
[   45.408010] Initializing Region       \P01_
[   45.408183] Initializing Region       \CNVS
[   45.408388] Initializing Region       \SPRT
[   45.408551] Initializing Region       \CMIO
[   45.408854] Executing  Method       \_SB_._STA
[   45.409072] Executing  Method       \_SB_._INI
[   45.409242] Executing  Method       \_SB_.PCI0._STA
[   45.409412] Executing  Method       \_SB_.PCI0._INI
[   45.409845] [Firmware Bug]: ACPI: BIOS _OSI(Linux) query ignored
[   45.410227] Executing  Method       \_SB_.PCI0.SATA._STA
[   45.410445] Executing  Method       \_SB_.PCI0.SATA._INI
[   45.411526] Executing  Method       \_SB_.PCI0.LPC0.EC0_._REG
[   45.446806] ACPI: Interpreter enabled
[   45.446937] ACPI: (supports S0 S5)
[   45.447002] ACPI: Using IOAPIC for interrupt routing
[   45.447431] PCI: MMCONFIG for domain 0000 [bus 00-3f] at [mem 0xf8000000-0xfbffffff] (base 0xf8000000)
[   45.448307] PCI: MMCONFIG at [mem 0xf8000000-0xfbffffff] reserved in ACPI motherboard resources
[   45.448624] bus: 'acpi': registered
[   45.448624] PCI: Using host bridge windows from ACPI; if necessary, use "pci=nocrs" and report a bug
[   45.448624]      scan-1141 get_device_data       : No context for object [ffffffffffffffff]
[   45.448624]     utils-0051 util_eval_error       : Evaluate [\._STA]: AE_NOT_FOUND
[   45.448624] device: 'LNXSYSTM:00': device_add
[   45.448624] bus: 'acpi': add device LNXSYSTM:00
[   45.448624]     utils-0051 util_eval_error       : Evaluate [\._SUN]: AE_NOT_FOUND
[   45.450006]      scan-1933 add_single_object     : Added LNXSYSTM:00 [\] parent (null)
[   45.450006]      scan-1141 get_device_data       : No context for object [ffff88040d81d000]
[   45.450006]      scan-1141 get_device_data       : No context for object [ffff88040d8377d0]
[   45.450006]      scan-1141 get_device_data       : No context for object [ffff88040d8377f8]
[   45.450006]      scan-1141 get_device_data       : No context for object [ffff88040d837820]
[   45.450006]      scan-1141 get_device_data       : No context for object [ffff88040d837848]
[   45.450006]      scan-1141 get_device_data       : No context for object [ffff88040d837870]
[   45.450006]      scan-1141 get_device_data       : No context for object [ffff88040d837898]
[   45.450006]      scan-1141 get_device_data       : No context for object [ffff88040d8378c0]
[   45.450006]      scan-1141 get_device_data       : No context for object [ffff88040d8378e8]
[   45.450006]      scan-1141 get_device_data       : No context for object [ffff88040d839398]
[   45.450006]      scan-1141 get_device_data       : No context for object [ffff88040d81d028]
[   45.450132]      scan-1141 get_device_data       : No context for object [ffff88040d81d168]
[   45.450331]     utils-0051 util_eval_error       : Evaluate [\_PR_.C000._STA]: AE_NOT_FOUND
[   45.450509]      scan-1141 get_device_data       : No context for object [ffff88040d81d028]
[   45.450716] device: 'LNXCPU:00': device_add
[   45.450779] bus: 'acpi': add device LNXCPU:00
[   45.450855]     utils-0051 util_eval_error       : Evaluate [\_PR_.C000._SUN]: AE_NOT_FOUND
[   45.453347]      scan-1933 add_single_object     : Added LNXCPU:00 [\_PR_.C000] parent LNXSYSTM:00
[   45.453347]      scan-1141 get_device_data       : No context for object [ffff88040d83c398]
[   45.453347]      scan-1141 get_device_data       : No context for object [ffff88040d83c3c0]
[   45.453347]      scan-1141 get_device_data       : No context for object [ffff88040d83c3e8]
[   45.453347]      scan-1141 get_device_data       : No context for object [ffff88040d83c410]
[   45.453347]      scan-1141 get_device_data       : No context for object [ffff88040d83c438]
[   45.453347]      scan-1141 get_device_data       : No context for object [ffff88040d83c460]
[   45.453347]      scan-1141 get_device_data       : No context for object [ffff88040d81d190]
[   45.453347]     utils-0051 util_eval_error       : Evaluate [\_PR_.C001._STA]: AE_NOT_FOUND
[   45.453347]      scan-1141 get_device_data       : No context for object [ffff88040d81d028]
[   45.453347] device: 'LNXCPU:01': device_add
[   45.453347] bus: 'acpi': add device LNXCPU:01
[   45.453347]     utils-0051 util_eval_error       : Evaluate [\_PR_.C001._SUN]: AE_NOT_FOUND
[   45.453440]      scan-1933 add_single_object     : Added LNXCPU:01 [\_PR_.C001] parent LNXSYSTM:00
[   45.453500]      scan-1141 get_device_data       : No context for object [ffff88040d83c488]
[   45.453677]      scan-1141 get_device_data       : No context for object [ffff88040d83c4b0]
[   45.453875]      scan-1141 get_device_data       : No context for object [ffff88040d83c4d8]
[   45.454072]      scan-1141 get_device_data       : No context for object [ffff88040d83c500]
[   45.454270]      scan-1141 get_device_data       : No context for object [ffff88040d83c528]
[   45.454447]      scan-1141 get_device_data       : No context for object [ffff88040d83c550]
[   45.454644]      scan-1141 get_device_data       : No context for object [ffff88040d81d1b8]
[   45.454844]     utils-0051 util_eval_error       : Evaluate [\_PR_.C002._STA]: AE_NOT_FOUND
[   45.455042]      scan-1141 get_device_data       : No context for object [ffff88040d81d028]
[   45.455248] device: 'LNXCPU:02': device_add
[   45.455311] bus: 'acpi': add device LNXCPU:02
[   45.455388]     utils-0051 util_eval_error       : Evaluate [\_PR_.C002._SUN]: AE_NOT_FOUND
[   45.456728]      scan-1933 add_single_object     : Added LNXCPU:02 [\_PR_.C002] parent LNXSYSTM:00
[   45.456728]      scan-1141 get_device_data       : No context for object [ffff88040d83c578]
[   45.456728]      scan-1141 get_device_data       : No context for object [ffff88040d83c5a0]
[   45.456728]      scan-1141 get_device_data       : No context for object [ffff88040d83c5c8]
[   45.456728]      scan-1141 get_device_data       : No context for object [ffff88040d83c5f0]
[   45.456728]      scan-1141 get_device_data       : No context for object [ffff88040d83c618]
[   45.456728]      scan-1141 get_device_data       : No context for object [ffff88040d83c640]
[   45.456867]      scan-1141 get_device_data       : No context for object [ffff88040d81d1e0]
[   45.457067]     utils-0051 util_eval_error       : Evaluate [\_PR_.C003._STA]: AE_NOT_FOUND
[   45.457265]      scan-1141 get_device_data       : No context for object [ffff88040d81d028]
[   45.457451] device: 'LNXCPU:03': device_add
[   45.457513] bus: 'acpi': add device LNXCPU:03
[   45.457589]     utils-0051 util_eval_error       : Evaluate [\_PR_.C003._SUN]: AE_NOT_FOUND
[   45.460014]      scan-1933 add_single_object     : Added LNXCPU:03 [\_PR_.C003] parent LNXSYSTM:00
[   45.460014]      scan-1141 get_device_data       : No context for object [ffff88040d83c668]
[   45.460014]      scan-1141 get_device_data       : No context for object [ffff88040d83c690]
[   45.460014]      scan-1141 get_device_data       : No context for object [ffff88040d83c6b8]
[   45.460014]      scan-1141 get_device_data       : No context for object [ffff88040d83c6e0]
[   45.460014]      scan-1141 get_device_data       : No context for object [ffff88040d83c708]
[   45.460014]      scan-1141 get_device_data       : No context for object [ffff88040d83c730]
[   45.460014]      scan-1141 get_device_data       : No context for object [ffff88040d81d050]
[   45.460014]     utils-0051 util_eval_error       : Evaluate [\_SB_._STA]: AE_NOT_FOUND
[   45.460014] device: 'LNXSYBUS:00': device_add
[   45.460014] bus: 'acpi': add device LNXSYBUS:00
[   45.460014]     utils-0051 util_eval_error       : Evaluate [\_SB_._SUN]: AE_NOT_FOUND
[   45.460107]      scan-1933 add_single_object     : Added LNXSYBUS:00 [\_SB_] parent LNXSYSTM:00
[   45.460215]      scan-1141 get_device_data       : No context for object [ffff88040d81d3c0]
[   45.461337]      scan-1141 get_device_data       : No context for object [ffff88040d81d3e8]
[   45.461485]      scan-1141 get_device_data       : No context for object [ffff88040d81d410]
[   45.461662]      scan-1141 get_device_data       : No context for object [ffff88040d81d438]
[   45.461857]      scan-1141 get_device_data       : No context for object [ffff88040d81d460]
[   45.462053]      scan-1141 get_device_data       : No context for object [ffff88040d81d488]
[   45.462248]      scan-1141 get_device_data       : No context for object [ffff88040d81d4b0]
[   45.462425]      scan-1141 get_device_data       : No context for object [ffff88040d81d5a0]
[   45.462621]     utils-0051 util_eval_error       : Evaluate [\_SB_.PWRB._STA]: AE_NOT_FOUND
[   45.462850] device: 'PNP0C0C:00': device_add
[   45.462912] bus: 'acpi': add device PNP0C0C:00
[   45.462986]     utils-0051 util_eval_error       : Evaluate [\_SB_.PWRB._SUN]: AE_NOT_FOUND
[   45.463436]      scan-1933 add_single_object     : Added PNP0C0C:00 [\_SB_.PWRB] parent LNXSYBUS:00
[   45.463472]      scan-1141 get_device_data       : No context for object [ffff88040d81d5c8]
[   45.466679]      scan-1141 get_device_data       : No context for object [ffff88040d81d5f0]
[   45.466679]     utils-0051 util_eval_error       : Evaluate [\_SB_.PCI0._STA]: AE_NOT_FOUND
[   45.466679] device: 'PNP0A08:00': device_add
[   45.466679] bus: 'acpi': add device PNP0A08:00
[   45.466679]     utils-0051 util_eval_error       : Evaluate [\_SB_.PCI0._SUN]: AE_NOT_FOUND
[   45.466711]      scan-1933 add_single_object     : Added PNP0A08:00 [\_SB_.PCI0] parent LNXSYBUS:00
[   45.466711]      scan-1141 get_device_data       : No context for object [ffff88040d81d618]
[   45.466711]      scan-1141 get_device_data       : No context for object [ffff88040d81d640]
[   45.466711]      scan-1141 get_device_data       : No context for object [ffff88040d81d668]
[   45.466711]      scan-1141 get_device_data       : No context for object [ffff88040d81d690]
[   45.466711]      scan-1141 get_device_data       : No context for object [ffff88040d81d6b8]
[   45.466711]      scan-1141 get_device_data       : No context for object [ffff88040d81d6e0]
[   45.466711]      scan-1141 get_device_data       : No context for object [ffff88040d81d708]
[   45.466711]      scan-1141 get_device_data       : No context for object [ffff88040d81d730]
[   45.466711]      scan-1141 get_device_data       : No context for object [ffff88040d81d758]
[   45.466711]      scan-1141 get_device_data       : No context for object [ffff88040d81d780]
[   45.466711]      scan-1141 get_device_data       : No context for object [ffff88040d81d7a8]
[   45.466833]      scan-1141 get_device_data       : No context for object [ffff88040d81d7d0]
[   45.467030]      scan-1141 get_device_data       : No context for object [ffff88040d81d7f8]
[   45.467227]      scan-1141 get_device_data       : No context for object [ffff88040d81d820]
[   45.467425]      scan-1141 get_device_data       : No context for object [ffff88040d81d848]
[   45.467622]      scan-1141 get_device_data       : No context for object [ffff88040d81d870]
[   45.467820]      scan-1141 get_device_data       : No context for object [ffff88040d81d898]
[   45.468017]      scan-1141 get_device_data       : No context for object [ffff88040d81d8c0]
[   45.468215]      scan-1141 get_device_data       : No context for object [ffff88040d81d8e8]
[   45.468410]      scan-1141 get_device_data       : No context for object [ffff88040d81d910]
[   45.468588]      scan-1141 get_device_data       : No context for object [ffff88040d81d938]
[   45.468785]      scan-1141 get_device_data       : No context for object [ffff88040d81d960]
[   45.468983]      scan-1141 get_device_data       : No context for object [ffff88040d81d988]
[   45.469180]      scan-1141 get_device_data       : No context for object [ffff88040d81d9b0]
[   45.469378]      scan-1141 get_device_data       : No context for object [ffff88040d81d9d8]
[   45.469528]      scan-1141 get_device_data       : No context for object [ffff88040d81da00]
[   45.469705]      scan-1141 get_device_data       : No context for object [ffff88040d81da28]
[   45.469902]      scan-1141 get_device_data       : No context for object [ffff88040d81da50]
[   45.470130]      scan-1141 get_device_data       : No context for object [ffff88040d81da78]
[   45.470327]      scan-1141 get_device_data       : No context for object [ffff88040d81daa0]
[   45.470503]      scan-1141 get_device_data       : No context for object [ffff88040d81dac8]
[   45.470700]      scan-1141 get_device_data       : No context for object [ffff88040d81daf0]
[   45.470897]      scan-1141 get_device_data       : No context for object [ffff88040d81db18]
[   45.471095]      scan-1141 get_device_data       : No context for object [ffff88040d81db40]
[   45.471293]      scan-1141 get_device_data       : No context for object [ffff88040d81db68]
[   45.471476]      scan-1141 get_device_data       : No context for object [ffff88040d81db90]
[   45.471673]      scan-1141 get_device_data       : No context for object [ffff88040d81dbb8]
[   45.471870]      scan-1141 get_device_data       : No context for object [ffff88040d81dbe0]
[   45.472068]      scan-1141 get_device_data       : No context for object [ffff88040d81dc08]
[   45.472265]      scan-1141 get_device_data       : No context for object [ffff88040d81dc30]
[   45.472463]      scan-1141 get_device_data       : No context for object [ffff88040d81dc58]
[   45.472660]      scan-1141 get_device_data       : No context for object [ffff88040d81dc80]
[   45.472858]      scan-1141 get_device_data       : No context for object [ffff88040d81dca8]
[   45.473056]      scan-1141 get_device_data       : No context for object [ffff88040d81dcd0]
[   45.473254]      scan-1141 get_device_data       : No context for object [ffff88040d81dcf8]
[   45.473335]      scan-1141 get_device_data       : No context for object [ffff88040d81dd20]
[   45.473533]      scan-1141 get_device_data       : No context for object [ffff88040d81dd48]
[   45.473730]      scan-1141 get_device_data       : No context for object [ffff88040d81dd70]
[   45.473927]      scan-1141 get_device_data       : No context for object [ffff88040d81dd98]
[   45.474124]      scan-1141 get_device_data       : No context for object [ffff88040d81ddc0]
[   45.474321]      scan-1141 get_device_data       : No context for object [ffff88040d81dde8]
[   45.474498]      scan-1141 get_device_data       : No context for object [ffff88040d81de10]
[   45.474696]      scan-1141 get_device_data       : No context for object [ffff88040d81de38]
[   45.474893]      scan-1141 get_device_data       : No context for object [ffff88040d81de60]
[   45.475090]      scan-1141 get_device_data       : No context for object [ffff88040d81de88]
[   45.475287]      scan-1141 get_device_data       : No context for object [ffff88040d81deb0]
[   45.475438]      scan-1141 get_device_data       : No context for object [ffff88040d81ded8]
[   45.475616]      scan-1141 get_device_data       : No context for object [ffff88040d81df00]
[   45.475813]      scan-1141 get_device_data       : No context for object [ffff88040d81df28]
[   45.476010]      scan-1141 get_device_data       : No context for object [ffff88040d81df50]
[   45.476208]      scan-1141 get_device_data       : No context for object [ffff88040d81df78]
[   45.476385]      scan-1141 get_device_data       : No context for object [ffff88040d81dfa0]
[   45.476669]      scan-1141 get_device_data       : No context for object [ffff88040d81dfc8]
[   45.476863]      scan-1141 get_device_data       : No context for object [ffff88040d822000]
[   45.477058]      scan-1141 get_device_data       : No context for object [ffff88040d822028]
[   45.477254]     utils-0051 util_eval_error       : Evaluate [\_SB_.PCI0.MEMR._STA]: AE_NOT_FOUND
[   45.477484] device: 'PNP0C02:00': device_add
[   45.477545] bus: 'acpi': add device PNP0C02:00
[   45.477622]     utils-0051 util_eval_error       : Evaluate [\_SB_.PCI0.MEMR._SUN]: AE_NOT_FOUND
[   45.480030]      scan-1933 add_single_object     : Added PNP0C02:00 [\_SB_.PCI0.MEMR] parent PNP0A08:00
[   45.480030]      scan-1141 get_device_data       : No context for object [ffff88040d822050]
[   45.480030]      scan-1141 get_device_data       : No context for object [ffff88040d822078]
[   45.480030]      scan-1141 get_device_data       : No context for object [ffff88040d8220a0]
[   45.480030]      scan-1141 get_device_data       : No context for object [ffff88040d8220c8]
[   45.480030]      scan-1141 get_device_data       : No context for object [ffff88040d8220f0]
[   45.480030]      scan-1141 get_device_data       : No context for object [ffff88040d822118]
[   45.480128]      scan-1141 get_device_data       : No context for object [ffff88040d822140]
[   45.480323]      scan-1141 get_device_data       : No context for object [ffff88040d822168]
[   45.480499]      scan-1141 get_device_data       : No context for object [ffff88040d822190]
[   45.480694]      scan-1141 get_device_data       : No context for object [ffff88040d8221b8]
[   45.480892]      scan-1141 get_device_data       : No context for object [ffff88040d8221e0]
[   45.481089]      scan-1141 get_device_data       : No context for object [ffff88040d822208]
[   45.481287]      scan-1141 get_device_data       : No context for object [ffff88040d822230]
[   45.481464]      scan-1141 get_device_data       : No context for object [ffff88040d822258]
[   45.481661]      scan-1141 get_device_data       : No context for object [ffff88040d822280]
[   45.481859]      scan-1141 get_device_data       : No context for object [ffff88040d8222a8]
[   45.482058]     utils-0051 util_eval_error       : Evaluate [\_SB_.PCI0.PB2_._STA]: AE_NOT_FOUND
[   45.482356] device: 'device:00': device_add
[   45.482419] bus: 'acpi': add device device:00
[   45.482498]     utils-0051 util_eval_error       : Evaluate [\_SB_.PCI0.PB2_._SUN]: AE_NOT_FOUND
[   45.483346]      scan-1933 add_single_object     : Added device:00 [\_SB_.PCI0.PB2_] parent PNP0A08:00
[   45.483346]      scan-1141 get_device_data       : No context for object [ffff88040d8222d0]
[   45.483346]      scan-1141 get_device_data       : No context for object [ffff88040d8222f8]
[   45.483346]      scan-1141 get_device_data       : No context for object [ffff88040d822320]
[   45.483478]      scan-1141 get_device_data       : No context for object [ffff88040d822348]
[   45.483676]      scan-1141 get_device_data       : No context for object [ffff88040d822370]
[   45.483873]      scan-1141 get_device_data       : No context for object [ffff88040d822398]
[   45.484070]      scan-1141 get_device_data       : No context for object [ffff88040d8223c0]
[   45.484267]      scan-1141 get_device_data       : No context for object [ffff88040d8223e8]
[   45.484464]      scan-1141 get_device_data       : No context for object [ffff88040d822410]
[   45.484661]      scan-1141 get_device_data       : No context for object [ffff88040d822438]
[   45.484858]      scan-1141 get_device_data       : No context for object [ffff88040d822460]
[   45.485055]      scan-1141 get_device_data       : No context for object [ffff88040d822488]
[   45.485253]      scan-1141 get_device_data       : No context for object [ffff88040d8224b0]
[   45.485449]      scan-1141 get_device_data       : No context for object [ffff88040d8224d8]
[   45.485646]      scan-1141 get_device_data       : No context for object [ffff88040d822500]
[   45.485844]      scan-1141 get_device_data       : No context for object [ffff88040d822528]
[   45.486041]      scan-1141 get_device_data       : No context for object [ffff88040d822550]
[   45.486239]      scan-1141 get_device_data       : No context for object [ffff88040d822578]
[   45.486436]      scan-1141 get_device_data       : No context for object [ffff88040d8225a0]
[   45.486613]      scan-1141 get_device_data       : No context for object [ffff88040d8225c8]
[   45.486797]      scan-1141 get_device_data       : No context for object [ffff88040d8225f0]
[   45.486995]      scan-1141 get_device_data       : No context for object [ffff88040d822618]
[   45.487192]      scan-1141 get_device_data       : No context for object [ffff88040d822640]
[   45.487390]      scan-1141 get_device_data       : No context for object [ffff88040d822668]
[   45.487541]      scan-1141 get_device_data       : No context for object [ffff88040d822690]
[   45.487718]      scan-1141 get_device_data       : No context for object [ffff88040d8226b8]
[   45.487915]      scan-1141 get_device_data       : No context for object [ffff88040d8226e0]
[   45.488113]      scan-1141 get_device_data       : No context for object [ffff88040d822708]
[   45.488310]      scan-1141 get_device_data       : No context for object [ffff88040d822730]
[   45.488487]      scan-1141 get_device_data       : No context for object [ffff88040d822758]
[   45.488684]      scan-1141 get_device_data       : No context for object [ffff88040d822780]
[   45.488883]     utils-0051 util_eval_error       : Evaluate [\_SB_.PCI0.PB2_.VGA_._STA]: AE_NOT_FOUND
[   45.489121] device: 'device:01': device_add
[   45.489231] bus: 'acpi': add device device:01
[   45.489305]     utils-0051 util_eval_error       : Evaluate [\_SB_.PCI0.PB2_.VGA_._SUN]: AE_NOT_FOUND
[   45.490012]      scan-1933 add_single_object     : Added device:01 [\_SB_.PCI0.PB2_.VGA_] parent device:00
[   45.490012]      scan-1141 get_device_data       : No context for object [ffff88040d8227a8]
[   45.490012]      scan-1141 get_device_data       : No context for object [ffff88040d8227d0]
[   45.490012]      scan-1141 get_device_data       : No context for object [ffff88040d8227f8]
[   45.490200]      scan-1141 get_device_data       : No context for object [ffff88040d822820]
[   45.490377]      scan-1141 get_device_data       : No context for object [ffff88040d822848]
[   45.490574]      scan-1141 get_device_data       : No context for object [ffff88040d822870]
[   45.490771]      scan-1141 get_device_data       : No context for object [ffff88040d822898]
[   45.490969]      scan-1141 get_device_data       : No context for object [ffff88040d8228c0]
[   45.491166]      scan-1141 get_device_data       : No context for object [ffff88040d8228e8]
[   45.491363]      scan-1141 get_device_data       : No context for object [ffff88040d822910]
[   45.491561]      scan-1141 get_device_data       : No context for object [ffff88040d822938]
[   45.491758]      scan-1141 get_device_data       : No context for object [ffff88040d822960]
[   45.491956]      scan-1141 get_device_data       : No context for object [ffff88040d822988]
[   45.492154]      scan-1141 get_device_data       : No context for object [ffff88040d8229b0]
[   45.492352]      scan-1141 get_device_data       : No context for object [ffff88040d8229d8]
[   45.492549]      scan-1141 get_device_data       : No context for object [ffff88040d822a00]
[   45.492747]      scan-1141 get_device_data       : No context for object [ffff88040d822a28]
[   45.492944]      scan-1141 get_device_data       : No context for object [ffff88040d822a50]
[   45.493140]      scan-1141 get_device_data       : No context for object [ffff88040d822a78]
[   45.493336]      scan-1141 get_device_data       : No context for object [ffff88040d822aa0]
[   45.493512]      scan-1141 get_device_data       : No context for object [ffff88040d822ac8]
[   45.493708]      scan-1141 get_device_data       : No context for object [ffff88040d822af0]
[   45.493903]      scan-1141 get_device_data       : No context for object [ffff88040d822b18]
[   45.494099]      scan-1141 get_device_data       : No context for object [ffff88040d822b40]
[   45.494293]      scan-1141 get_device_data       : No context for object [ffff88040d822b68]
[   45.494442]      scan-1141 get_device_data       : No context for object [ffff88040d822b90]
[   45.494618]      scan-1141 get_device_data       : No context for object [ffff88040d822bb8]
[   45.494812]      scan-1141 get_device_data       : No context for object [ffff88040d822be0]
[   45.495007]      scan-1141 get_device_data       : No context for object [ffff88040d822c08]
[   45.495202]      scan-1141 get_device_data       : No context for object [ffff88040d822c30]
[   45.495379]      scan-1141 get_device_data       : No context for object [ffff88040d822c58]
[   45.495573]      scan-1141 get_device_data       : No context for object [ffff88040d822c80]
[   45.495768]      scan-1141 get_device_data       : No context for object [ffff88040d822ca8]
[   45.495962]      scan-1141 get_device_data       : No context for object [ffff88040d822cd0]
[   45.496156]      scan-1141 get_device_data       : No context for object [ffff88040d822cf8]
[   45.496351]      scan-1141 get_device_data       : No context for object [ffff88040d822d20]
[   45.496547]      scan-1141 get_device_data       : No context for object [ffff88040d822d48]
[   45.496828]      scan-1141 get_device_data       : No context for object [ffff88040d822d70]
[   45.497022]      scan-1141 get_device_data       : No context for object [ffff88040d822d98]
[   45.498208]      scan-1141 get_device_data       : No context for object [ffff88040d837438]
[   45.498406]      scan-1141 get_device_data       : No context for object [ffff88040d822dc0]
[   45.498586]     utils-0051 util_eval_error       : Evaluate [\_SB_.PCI0.PB2_.HDAU._STA]: AE_NOT_FOUND
[   45.498820] device: 'device:02': device_add
[   45.498886] bus: 'acpi': add device device:02
[   45.498960]     utils-0051 util_eval_error       : Evaluate [\_SB_.PCI0.PB2_.HDAU._SUN]: AE_NOT_FOUND
[   45.500031]      scan-1933 add_single_object     : Added device:02 [\_SB_.PCI0.PB2_.HDAU] parent device:00
[   45.500031]      scan-1141 get_device_data       : No context for object [ffff88040d822de8]
[   45.500031]      scan-1141 get_device_data       : No context for object [ffff88040d822e10]
[   45.500031]      scan-1141 get_device_data       : No context for object [ffff88040d822e38]
[   45.500031]      scan-1141 get_device_data       : No context for object [ffff88040d822e60]
[   45.500031]      scan-1141 get_device_data       : No context for object [ffff88040d822e88]
[   45.500201]      scan-1141 get_device_data       : No context for object [ffff88040d822eb0]
[   45.500377]      scan-1141 get_device_data       : No context for object [ffff88040d822ed8]
[   45.500577]     utils-0051 util_eval_error       : Evaluate [\_SB_.PCI0.PB3_._STA]: AE_NOT_FOUND
[   45.500872] device: 'device:03': device_add
[   45.500935] bus: 'acpi': add device device:03
[   45.501011]     utils-0051 util_eval_error       : Evaluate [\_SB_.PCI0.PB3_._SUN]: AE_NOT_FOUND
[   45.503345]      scan-1933 add_single_object     : Added device:03 [\_SB_.PCI0.PB3_] parent PNP0A08:00
[   45.503345]      scan-1141 get_device_data       : No context for object [ffff88040d822f00]
[   45.503345]      scan-1141 get_device_data       : No context for object [ffff88040d822f28]
[   45.503345]      scan-1141 get_device_data       : No context for object [ffff88040d822f50]
[   45.503345]      scan-1141 get_device_data       : No context for object [ffff88040d822f78]
[   45.503345]      scan-1141 get_device_data       : No context for object [ffff88040d822fa0]
[   45.503345]      scan-1141 get_device_data       : No context for object [ffff88040d822fc8]
[   45.503345]      scan-1141 get_device_data       : No context for object [ffff88040d823000]
[   45.503345]      scan-1141 get_device_data       : No context for object [ffff88040d823028]
[   45.503345]      scan-1141 get_device_data       : No context for object [ffff88040d823050]
[   45.503345]      scan-1141 get_device_data       : No context for object [ffff88040d823078]
[   45.503465]      scan-1141 get_device_data       : No context for object [ffff88040d8230a0]
[   45.503662]      scan-1141 get_device_data       : No context for object [ffff88040d8230c8]
[   45.503859]      scan-1141 get_device_data       : No context for object [ffff88040d8230f0]
[   45.504056]      scan-1141 get_device_data       : No context for object [ffff88040d823118]
[   45.504253]      scan-1141 get_device_data       : No context for object [ffff88040d823140]
[   45.504451]      scan-1141 get_device_data       : No context for object [ffff88040d823168]
[   45.504648]      scan-1141 get_device_data       : No context for object [ffff88040d823190]
[   45.504845]      scan-1141 get_device_data       : No context for object [ffff88040d8231b8]
[   45.505042]      scan-1141 get_device_data       : No context for object [ffff88040d8231e0]
[   45.505239]      scan-1141 get_device_data       : No context for object [ffff88040d823208]
[   45.505437]      scan-1141 get_device_data       : No context for object [ffff88040d823230]
[   45.505618]      scan-1141 get_device_data       : No context for object [ffff88040d823258]
[   45.505815]      scan-1141 get_device_data       : No context for object [ffff88040d823280]
[   45.506012]      scan-1141 get_device_data       : No context for object [ffff88040d8232a8]
[   45.506209]      scan-1141 get_device_data       : No context for object [ffff88040d8232d0]
[   45.506406]      scan-1141 get_device_data       : No context for object [ffff88040d8232f8]
[   45.506557]      scan-1141 get_device_data       : No context for object [ffff88040d823320]
[   45.506669]      scan-1141 get_device_data       : No context for object [ffff88040d823348]
[   45.506866]      scan-1141 get_device_data       : No context for object [ffff88040d823370]
[   45.507064]      scan-1141 get_device_data       : No context for object [ffff88040d823398]
[   45.507261]      scan-1141 get_device_data       : No context for object [ffff88040d8233c0]
[   45.507440]     utils-0051 util_eval_error       : Evaluate [\_SB_.PCI0.PB3_.VGA_._STA]: AE_NOT_FOUND
[   45.507669]     video-0058 backlight_cap_match   : Found generic backlight support
[   45.507877] device: 'LNXVIDEO:00': device_add
[   45.507941] bus: 'acpi': add device LNXVIDEO:00
[   45.508022]     utils-0051 util_eval_error       : Evaluate [\_SB_.PCI0.PB3_.VGA_._SUN]: AE_NOT_FOUND
[   45.510012]      scan-1933 add_single_object     : Added LNXVIDEO:00 [\_SB_.PCI0.PB3_.VGA_] parent device:03
[   45.510012]      scan-1141 get_device_data       : No context for object [ffff88040d8233e8]
[   45.510012]      scan-1141 get_device_data       : No context for object [ffff88040d823410]
[   45.510012]      scan-1141 get_device_data       : No context for object [ffff88040d823438]
[   45.510012]      scan-1141 get_device_data       : No context for object [ffff88040d823460]
[   45.510012]      scan-1141 get_device_data       : No context for object [ffff88040d823488]
[   45.510012]      scan-1141 get_device_data       : No context for object [ffff88040d8234b0]
[   45.510012]      scan-1141 get_device_data       : No context for object [ffff88040d8234d8]
[   45.510012]      scan-1141 get_device_data       : No context for object [ffff88040d823500]
[   45.510012]      scan-1141 get_device_data       : No context for object [ffff88040d823528]
[   45.510198]      scan-1141 get_device_data       : No context for object [ffff88040d823550]
[   45.510393]      scan-1141 get_device_data       : No context for object [ffff88040d823578]
[   45.510587]      scan-1141 get_device_data       : No context for object [ffff88040d8235a0]
[   45.510781]      scan-1141 get_device_data       : No context for object [ffff88040d8235c8]
[   45.510976]      scan-1141 get_device_data       : No context for object [ffff88040d8235f0]
[   45.511171]      scan-1141 get_device_data       : No context for object [ffff88040d823618]
[   45.511364]      scan-1141 get_device_data       : No context for object [ffff88040d823640]
[   45.511512]      scan-1141 get_device_data       : No context for object [ffff88040d823668]
[   45.511689]      scan-1141 get_device_data       : No context for object [ffff88040d823690]
[   45.511884]      scan-1141 get_device_data       : No context for object [ffff88040d8236b8]
[   45.512078]      scan-1141 get_device_data       : No context for object [ffff88040d8236e0]
[   45.512274]      scan-1141 get_device_data       : No context for object [ffff88040d823708]
[   45.512451]      scan-1141 get_device_data       : No context for object [ffff88040d823730]
[   45.512646]      scan-1141 get_device_data       : No context for object [ffff88040d823758]
[   45.512840]      scan-1141 get_device_data       : No context for object [ffff88040d823780]
[   45.513035]      scan-1141 get_device_data       : No context for object [ffff88040d8237a8]
[   45.513229]      scan-1141 get_device_data       : No context for object [ffff88040d8237d0]
[   45.513453]      scan-1141 get_device_data       : No context for object [ffff88040d8237f8]
[   45.513648]      scan-1141 get_device_data       : No context for object [ffff88040d823820]
[   45.513841]      scan-1141 get_device_data       : No context for object [ffff88040d823848]
[   45.514036]      scan-1141 get_device_data       : No context for object [ffff88040d823870]
[   45.514234]      scan-1141 get_device_data       : No context for object [ffff88040d823898]
[   45.514431]      scan-1141 get_device_data       : No context for object [ffff88040d8238c0]
[   45.514628]      scan-1141 get_device_data       : No context for object [ffff88040d8238e8]
[   45.514826]      scan-1141 get_device_data       : No context for object [ffff88040d823910]
[   45.515023]      scan-1141 get_device_data       : No context for object [ffff88040d823938]
[   45.515220]      scan-1141 get_device_data       : No context for object [ffff88040d823960]
[   45.515416]      scan-1141 get_device_data       : No context for object [ffff88040d823988]
[   45.516632]      scan-1141 get_device_data       : No context for object [ffff88040d8239b0]
[   45.516831]      scan-1141 get_device_data       : No context for object [ffff88040d8239d8]
[   45.517030]      scan-1141 get_device_data       : No context for object [ffff88040d837460]
[   45.517227]      scan-1141 get_device_data       : No context for object [ffff88040d83ac08]
[   45.517425]      scan-1141 get_device_data       : No context for object [ffff88040d83ac30]
[   45.517622]      scan-1141 get_device_data       : No context for object [ffff88040d83ac58]
[   45.517821]     utils-0051 util_eval_error       : Evaluate [\_SB_.PCI0.PB3_.VGA_.CRT_._STA]: AE_NOT_FOUND
[   45.518064] device: 'device:04': device_add
[   45.518174] bus: 'acpi': add device device:04
[   45.518248]     utils-0051 util_eval_error       : Evaluate [\_SB_.PCI0.PB3_.VGA_.CRT_._SUN]: AE_NOT_FOUND
[   45.520031]      scan-1933 add_single_object     : Added device:04 [\_SB_.PCI0.PB3_.VGA_.CRT_] parent LNXVIDEO:00
[   45.520031]      scan-1141 get_device_data       : No context for object [ffff88040d83ac80]
[   45.520031]      scan-1141 get_device_data       : No context for object [ffff88040d83aca8]
[   45.520031]      scan-1141 get_device_data       : No context for object [ffff88040d83acd0]
[   45.520031]      scan-1141 get_device_data       : No context for object [ffff88040d83acf8]
[   45.520031]      scan-1141 get_device_data       : No context for object [ffff88040d83ad20]
[   45.520031]     utils-0051 util_eval_error       : Evaluate [\_SB_.PCI0.PB3_.VGA_.LCD_._STA]: AE_NOT_FOUND
[   45.520031] device: 'device:05': device_add
[   45.520031] bus: 'acpi': add device device:05
[   45.520080]     utils-0051 util_eval_error       : Evaluate [\_SB_.PCI0.PB3_.VGA_.LCD_._SUN]: AE_NOT_FOUND
[   45.523346]      scan-1933 add_single_object     : Added device:05 [\_SB_.PCI0.PB3_.VGA_.LCD_] parent LNXVIDEO:00
[   45.523346]      scan-1141 get_device_data       : No context for object [ffff88040d83ad48]
[   45.523346]      scan-1141 get_device_data       : No context for object [ffff88040d83ad70]
[   45.523346]      scan-1141 get_device_data       : No context for object [ffff88040d83ad98]
[   45.523346]      scan-1141 get_device_data       : No context for object [ffff88040d83adc0]
[   45.523346]      scan-1141 get_device_data       : No context for object [ffff88040d83ade8]
[   45.523346]      scan-1141 get_device_data       : No context for object [ffff88040d83ae10]
[   45.523346]      scan-1141 get_device_data       : No context for object [ffff88040d83ae38]
[   45.523346]      scan-1141 get_device_data       : No context for object [ffff88040d83ae60]
[   45.523346]     utils-0051 util_eval_error       : Evaluate [\_SB_.PCI0.PB3_.VGA_.TV0_._STA]: AE_NOT_FOUND
[   45.523346] device: 'device:06': device_add
[   45.523346] bus: 'acpi': add device device:06
[   45.523346]     utils-0051 util_eval_error       : Evaluate [\_SB_.PCI0.PB3_.VGA_.TV0_._SUN]: AE_NOT_FOUND
[   45.523441]      scan-1933 add_single_object     : Added device:06 [\_SB_.PCI0.PB3_.VGA_.TV0_] parent LNXVIDEO:00
[   45.523441]      scan-1141 get_device_data       : No context for object [ffff88040d83ae88]
[   45.523441]      scan-1141 get_device_data       : No context for object [ffff88040d83aeb0]
[   45.523441]      scan-1141 get_device_data       : No context for object [ffff88040d83aed8]
[   45.523441]      scan-1141 get_device_data       : No context for object [ffff88040d83af00]
[   45.523487]      scan-1141 get_device_data       : No context for object [ffff88040d83af28]
[   45.523666]     utils-0051 util_eval_error       : Evaluate [\_SB_.PCI0.PB3_.VGA_.HDMI._STA]: AE_NOT_FOUND
[   45.523908] device: 'device:07': device_add
[   45.524018] bus: 'acpi': add device device:07
[   45.524092]     utils-0051 util_eval_error       : Evaluate [\_SB_.PCI0.PB3_.VGA_.HDMI._SUN]: AE_NOT_FOUND
[   45.526695]      scan-1933 add_single_object     : Added device:07 [\_SB_.PCI0.PB3_.VGA_.HDMI] parent LNXVIDEO:00
[   45.526695]      scan-1141 get_device_data       : No context for object [ffff88040d83af50]
[   45.526695]      scan-1141 get_device_data       : No context for object [ffff88040d83af78]
[   45.526695]      scan-1141 get_device_data       : No context for object [ffff88040d83afa0]
[   45.526695]      scan-1141 get_device_data       : No context for object [ffff88040d83afc8]
[   45.526695]      scan-1141 get_device_data       : No context for object [ffff88040d823a00]
[   45.526695]     utils-0051 util_eval_error       : Evaluate [\_SB_.PCI0.PB3_.HDAU._STA]: AE_NOT_FOUND
[   45.526695] device: 'device:08': device_add
[   45.526695] bus: 'acpi': add device device:08
[   45.526695]     utils-0051 util_eval_error       : Evaluate [\_SB_.PCI0.PB3_.HDAU._SUN]: AE_NOT_FOUND
[   45.526774]      scan-1933 add_single_object     : Added device:08 [\_SB_.PCI0.PB3_.HDAU] parent device:03
[   45.526774]      scan-1141 get_device_data       : No context for object [ffff88040d823a28]
[   45.526774]      scan-1141 get_device_data       : No context for object [ffff88040d823a50]
[   45.526774]      scan-1141 get_device_data       : No context for object [ffff88040d823a78]
[   45.526831]      scan-1141 get_device_data       : No context for object [ffff88040d823aa0]
[   45.527025]      scan-1141 get_device_data       : No context for object [ffff88040d823ac8]
[   45.527220]      scan-1141 get_device_data       : No context for object [ffff88040d823af0]
[   45.527415]      scan-1141 get_device_data       : No context for object [ffff88040d823b18]
[   45.527612]     utils-0051 util_eval_error       : Evaluate [\_SB_.PCI0.PB4_._STA]: AE_NOT_FOUND
[   45.527905] device: 'device:09': device_add
[   45.527966] bus: 'acpi': add device device:09
[   45.528042]     utils-0051 util_eval_error       : Evaluate [\_SB_.PCI0.PB4_._SUN]: AE_NOT_FOUND
[   45.530013]      scan-1933 add_single_object     : Added device:09 [\_SB_.PCI0.PB4_] parent PNP0A08:00
[   45.530013]      scan-1141 get_device_data       : No context for object [ffff88040d823b40]
[   45.530013]      scan-1141 get_device_data       : No context for object [ffff88040d823b68]
[   45.530013]      scan-1141 get_device_data       : No context for object [ffff88040d823b90]
[   45.530013]      scan-1141 get_device_data       : No context for object [ffff88040d823bb8]
[   45.530013]      scan-1141 get_device_data       : No context for object [ffff88040d823be0]
[   45.530013]      scan-1141 get_device_data       : No context for object [ffff88040d823c08]
[   45.530013]      scan-1141 get_device_data       : No context for object [ffff88040d823c30]
[   45.530013]      scan-1141 get_device_data       : No context for object [ffff88040d823c58]
[   45.530013]      scan-1141 get_device_data       : No context for object [ffff88040d823c80]
[   45.530198]      scan-1141 get_device_data       : No context for object [ffff88040d823ca8]
[   45.530393]      scan-1141 get_device_data       : No context for object [ffff88040d823cd0]
[   45.530541]      scan-1141 get_device_data       : No context for object [ffff88040d823cf8]
[   45.530717]      scan-1141 get_device_data       : No context for object [ffff88040d823d20]
[   45.530915]      scan-1141 get_device_data       : No context for object [ffff88040d823d48]
[   45.531112]      scan-1141 get_device_data       : No context for object [ffff88040d823d70]
[   45.531308]      scan-1141 get_device_data       : No context for object [ffff88040d823d98]
[   45.531485]      scan-1141 get_device_data       : No context for object [ffff88040d823dc0]
[   45.531682]      scan-1141 get_device_data       : No context for object [ffff88040d823de8]
[   45.531879]      scan-1141 get_device_data       : No context for object [ffff88040d823e10]
[   45.532077]      scan-1141 get_device_data       : No context for object [ffff88040d823e38]
[   45.532274]      scan-1141 get_device_data       : No context for object [ffff88040d823e60]
[   45.532467]      scan-1141 get_device_data       : No context for object [ffff88040d823e88]
[   45.532664]      scan-1141 get_device_data       : No context for object [ffff88040d823eb0]
[   45.532861]      scan-1141 get_device_data       : No context for object [ffff88040d823ed8]
[   45.533059]      scan-1141 get_device_data       : No context for object [ffff88040d823f00]
[   45.533256]      scan-1141 get_device_data       : No context for object [ffff88040d823f28]
[   45.533464]      scan-1141 get_device_data       : No context for object [ffff88040d823f50]
[   45.533663]      scan-1141 get_device_data       : No context for object [ffff88040d823f78]
[   45.533860]      scan-1141 get_device_data       : No context for object [ffff88040d823fa0]
[   45.534058]      scan-1141 get_device_data       : No context for object [ffff88040d823fc8]
[   45.535276]      scan-1141 get_device_data       : No context for object [ffff88040d825000]
[   45.535474]     utils-0051 util_eval_error       : Evaluate [\_SB_.PCI0.PB4_.XPDV._STA]: AE_NOT_FOUND
[   45.535707] device: 'device:0a': device_add
[   45.535770] bus: 'acpi': add device device:0a
[   45.535844]     utils-0051 util_eval_error       : Evaluate [\_SB_.PCI0.PB4_.XPDV._SUN]: AE_NOT_FOUND
[   45.536678]      scan-1933 add_single_object     : Added device:0a [\_SB_.PCI0.PB4_.XPDV] parent device:09
[   45.536678]      scan-1141 get_device_data       : No context for object [ffff88040d825028]
[   45.536678]      scan-1141 get_device_data       : No context for object [ffff88040d825050]
[   45.536678]      scan-1141 get_device_data       : No context for object [ffff88040d825078]
[   45.536831]      scan-1141 get_device_data       : No context for object [ffff88040d8250a0]
[   45.537029]      scan-1141 get_device_data       : No context for object [ffff88040d8250c8]
[   45.537226]      scan-1141 get_device_data       : No context for object [ffff88040d837500]
[   45.537424]      scan-1141 get_device_data       : No context for object [ffff88040d8250f0]
[   45.537601]      scan-1141 get_device_data       : No context for object [ffff88040d825118]
[   45.537800]     utils-0051 util_eval_error       : Evaluate [\_SB_.PCI0.PB5_._STA]: AE_NOT_FOUND
[   45.538094] device: 'device:0b': device_add
[   45.538157] bus: 'acpi': add device device:0b
[   45.538232]     utils-0051 util_eval_error       : Evaluate [\_SB_.PCI0.PB5_._SUN]: AE_NOT_FOUND
[   45.540029]      scan-1933 add_single_object     : Added device:0b [\_SB_.PCI0.PB5_] parent PNP0A08:00
[   45.540029]      scan-1141 get_device_data       : No context for object [ffff88040d825140]
[   45.540029]      scan-1141 get_device_data       : No context for object [ffff88040d825168]
[   45.540029]      scan-1141 get_device_data       : No context for object [ffff88040d825190]
[   45.540029]      scan-1141 get_device_data       : No context for object [ffff88040d8251b8]
[   45.540029]      scan-1141 get_device_data       : No context for object [ffff88040d8251e0]
[   45.540029]      scan-1141 get_device_data       : No context for object [ffff88040d825208]
[   45.540029]      scan-1141 get_device_data       : No context for object [ffff88040d825230]
[   45.540029]      scan-1141 get_device_data       : No context for object [ffff88040d825258]
[   45.540200]      scan-1141 get_device_data       : No context for object [ffff88040d825280]
[   45.540397]      scan-1141 get_device_data       : No context for object [ffff88040d8252a8]
[   45.540575]      scan-1141 get_device_data       : No context for object [ffff88040d8252d0]
[   45.540772]      scan-1141 get_device_data       : No context for object [ffff88040d8252f8]
[   45.540969]      scan-1141 get_device_data       : No context for object [ffff88040d825320]
[   45.541166]      scan-1141 get_device_data       : No context for object [ffff88040d825348]
[   45.541363]      scan-1141 get_device_data       : No context for object [ffff88040d825370]
[   45.541514]      scan-1141 get_device_data       : No context for object [ffff88040d825398]
[   45.541691]      scan-1141 get_device_data       : No context for object [ffff88040d8253c0]
[   45.541888]      scan-1141 get_device_data       : No context for object [ffff88040d8253e8]
[   45.542086]      scan-1141 get_device_data       : No context for object [ffff88040d825410]
[   45.542283]      scan-1141 get_device_data       : No context for object [ffff88040d825438]
[   45.542460]      scan-1141 get_device_data       : No context for object [ffff88040d825460]
[   45.542657]      scan-1141 get_device_data       : No context for object [ffff88040d825488]
[   45.542855]      scan-1141 get_device_data       : No context for object [ffff88040d8254b0]
[   45.543052]      scan-1141 get_device_data       : No context for object [ffff88040d8254d8]
[   45.543250]      scan-1141 get_device_data       : No context for object [ffff88040d825500]
[   45.543450]      scan-1141 get_device_data       : No context for object [ffff88040d825528]
[   45.543644]      scan-1141 get_device_data       : No context for object [ffff88040d825550]
[   45.543839]      scan-1141 get_device_data       : No context for object [ffff88040d825578]
[   45.544035]      scan-1141 get_device_data       : No context for object [ffff88040d8255a0]
[   45.544229]      scan-1141 get_device_data       : No context for object [ffff88040d8255c8]
[   45.544424]      scan-1141 get_device_data       : No context for object [ffff88040d8255f0]
[   45.544620]     utils-0051 util_eval_error       : Evaluate [\_SB_.PCI0.PB5_.XPDV._STA]: AE_NOT_FOUND
[   45.544850] device: 'device:0c': device_add
[   45.544912] bus: 'acpi': add device device:0c
[   45.544988]     utils-0051 util_eval_error       : Evaluate [\_SB_.PCI0.PB5_.XPDV._SUN]: AE_NOT_FOUND
[   45.546696]      scan-1933 add_single_object     : Added device:0c [\_SB_.PCI0.PB5_.XPDV] parent device:0b
[   45.546696]      scan-1141 get_device_data       : No context for object [ffff88040d825618]
[   45.546696]      scan-1141 get_device_data       : No context for object [ffff88040d825640]
[   45.546696]      scan-1141 get_device_data       : No context for object [ffff88040d825668]
[   45.546696]      scan-1141 get_device_data       : No context for object [ffff88040d825690]
[   45.546696]      scan-1141 get_device_data       : No context for object [ffff88040d8256b8]
[   45.546696]      scan-1141 get_device_data       : No context for object [ffff88040d837528]
[   45.546696]      scan-1141 get_device_data       : No context for object [ffff88040d8256e0]
[   45.546696]      scan-1141 get_device_data       : No context for object [ffff88040d825708]
[   45.546861]     utils-0051 util_eval_error       : Evaluate [\_SB_.PCI0.PB6_._STA]: AE_NOT_FOUND
[   45.547153] device: 'device:0d': device_add
[   45.547213] bus: 'acpi': add device device:0d
[   45.547286]     utils-0051 util_eval_error       : Evaluate [\_SB_.PCI0.PB6_._SUN]: AE_NOT_FOUND
[   45.550010]      scan-1933 add_single_object     : Added device:0d [\_SB_.PCI0.PB6_] parent PNP0A08:00
[   45.550010]      scan-1141 get_device_data       : No context for object [ffff88040d825730]
[   45.550010]      scan-1141 get_device_data       : No context for object [ffff88040d825758]
[   45.550010]      scan-1141 get_device_data       : No context for object [ffff88040d825780]
[   45.550010]      scan-1141 get_device_data       : No context for object [ffff88040d8257a8]
[   45.550010]      scan-1141 get_device_data       : No context for object [ffff88040d8257d0]
[   45.550010]      scan-1141 get_device_data       : No context for object [ffff88040d8257f8]
[   45.550010]      scan-1141 get_device_data       : No context for object [ffff88040d825820]
[   45.550010]      scan-1141 get_device_data       : No context for object [ffff88040d825848]
[   45.550010]      scan-1141 get_device_data       : No context for object [ffff88040d825870]
[   45.550010]      scan-1141 get_device_data       : No context for object [ffff88040d825898]
[   45.550010]      scan-1141 get_device_data       : No context for object [ffff88040d8258c0]
[   45.550010]      scan-1141 get_device_data       : No context for object [ffff88040d8258e8]
[   45.550010]      scan-1141 get_device_data       : No context for object [ffff88040d825910]
[   45.550200]      scan-1141 get_device_data       : No context for object [ffff88040d825938]
[   45.550397]      scan-1141 get_device_data       : No context for object [ffff88040d825960]
[   45.550594]      scan-1141 get_device_data       : No context for object [ffff88040d825988]
[   45.550792]      scan-1141 get_device_data       : No context for object [ffff88040d8259b0]
[   45.550989]      scan-1141 get_device_data       : No context for object [ffff88040d8259d8]
[   45.551186]      scan-1141 get_device_data       : No context for object [ffff88040d825a00]
[   45.551383]      scan-1141 get_device_data       : No context for object [ffff88040d825a28]
[   45.551561]      scan-1141 get_device_data       : No context for object [ffff88040d825a50]
[   45.551758]      scan-1141 get_device_data       : No context for object [ffff88040d825a78]
[   45.551955]      scan-1141 get_device_data       : No context for object [ffff88040d825aa0]
[   45.552152]      scan-1141 get_device_data       : No context for object [ffff88040d825ac8]
[   45.552349]      scan-1141 get_device_data       : No context for object [ffff88040d825af0]
[   45.552500]      scan-1141 get_device_data       : No context for object [ffff88040d825b18]
[   45.556669]      scan-1141 get_device_data       : No context for object [ffff88040d825b40]
[   45.556867]      scan-1141 get_device_data       : No context for object [ffff88040d825b68]
[   45.557064]      scan-1141 get_device_data       : No context for object [ffff88040d825b90]
[   45.557262]      scan-1141 get_device_data       : No context for object [ffff88040d825bb8]
[   45.557438]      scan-1141 get_device_data       : No context for object [ffff88040d825be0]
[   45.557637]     utils-0051 util_eval_error       : Evaluate [\_SB_.PCI0.PB6_.XPDV._STA]: AE_NOT_FOUND
[   45.557872] device: 'device:0e': device_add
[   45.557984] bus: 'acpi': add device device:0e
[   45.558059]     utils-0051 util_eval_error       : Evaluate [\_SB_.PCI0.PB6_.XPDV._SUN]: AE_NOT_FOUND
[   45.558266]      scan-1933 add_single_object     : Added device:0e [\_SB_.PCI0.PB6_.XPDV] parent device:0d
[   45.558446]      scan-1141 get_device_data       : No context for object [ffff88040d825c08]
[   45.558644]      scan-1141 get_device_data       : No context for object [ffff88040d825c30]
[   45.558841]      scan-1141 get_device_data       : No context for object [ffff88040d825c58]
[   45.559039]      scan-1141 get_device_data       : No context for object [ffff88040d825c80]
[   45.559236]      scan-1141 get_device_data       : No context for object [ffff88040d825ca8]
[   45.559413]      scan-1141 get_device_data       : No context for object [ffff88040d837550]
[   45.559413]      scan-1141 get_device_data       : No context for object [ffff88040d825cd0]
[   45.559413]      scan-1141 get_device_data       : No context for object [ffff88040d825cf8]
[   45.559413]     utils-0051 util_eval_error       : Evaluate [\_SB_.PCI0.PB7_._STA]: AE_NOT_FOUND
[   45.559413] device: 'device:0f': device_add
[   45.559413] bus: 'acpi': add device device:0f
[   45.559413]     utils-0051 util_eval_error       : Evaluate [\_SB_.PCI0.PB7_._SUN]: AE_NOT_FOUND
[   45.560029]      scan-1933 add_single_object     : Added device:0f [\_SB_.PCI0.PB7_] parent PNP0A08:00
[   45.560029]      scan-1141 get_device_data       : No context for object [ffff88040d825d20]
[   45.560029]      scan-1141 get_device_data       : No context for object [ffff88040d825d48]
[   45.560029]      scan-1141 get_device_data       : No context for object [ffff88040d825d70]
[   45.560029]      scan-1141 get_device_data       : No context for object [ffff88040d825d98]
[   45.560029]      scan-1141 get_device_data       : No context for object [ffff88040d825dc0]
[   45.560029]      scan-1141 get_device_data       : No context for object [ffff88040d825de8]
[   45.560029]      scan-1141 get_device_data       : No context for object [ffff88040d825e10]
[   45.560029]      scan-1141 get_device_data       : No context for object [ffff88040d825e38]
[   45.560029]      scan-1141 get_device_data       : No context for object [ffff88040d825e60]
[   45.560029]      scan-1141 get_device_data       : No context for object [ffff88040d825e88]
[   45.560029]      scan-1141 get_device_data       : No context for object [ffff88040d825eb0]
[   45.560029]      scan-1141 get_device_data       : No context for object [ffff88040d825ed8]
[   45.560199]      scan-1141 get_device_data       : No context for object [ffff88040d825f00]
[   45.560393]      scan-1141 get_device_data       : No context for object [ffff88040d825f28]
[   45.560588]      scan-1141 get_device_data       : No context for object [ffff88040d825f50]
[   45.560782]      scan-1141 get_device_data       : No context for object [ffff88040d825f78]
[   45.560977]      scan-1141 get_device_data       : No context for object [ffff88040d825fa0]
[   45.561172]      scan-1141 get_device_data       : No context for object [ffff88040d825fc8]
[   45.561368]      scan-1141 get_device_data       : No context for object [ffff88040d827000]
[   45.561553]      scan-1141 get_device_data       : No context for object [ffff88040d827028]
[   45.561747]      scan-1141 get_device_data       : No context for object [ffff88040d827050]
[   45.561942]      scan-1141 get_device_data       : No context for object [ffff88040d827078]
[   45.562138]      scan-1141 get_device_data       : No context for object [ffff88040d8270a0]
[   45.562332]      scan-1141 get_device_data       : No context for object [ffff88040d8270c8]
[   45.562477]      scan-1141 get_device_data       : No context for object [ffff88040d8270f0]
[   45.562654]      scan-1141 get_device_data       : No context for object [ffff88040d827118]
[   45.562849]      scan-1141 get_device_data       : No context for object [ffff88040d827140]
[   45.563043]      scan-1141 get_device_data       : No context for object [ffff88040d827168]
[   45.563237]      scan-1141 get_device_data       : No context for object [ffff88040d827190]
[   45.563477]      scan-1141 get_device_data       : No context for object [ffff88040d8271b8]
[   45.563672]      scan-1141 get_device_data       : No context for object [ffff88040d8271e0]
[   45.563868]     utils-0051 util_eval_error       : Evaluate [\_SB_.PCI0.PB7_.XPDV._STA]: AE_NOT_FOUND
[   45.564102] device: 'device:10': device_add
[   45.564213] bus: 'acpi': add device device:10
[   45.564287]     utils-0051 util_eval_error       : Evaluate [\_SB_.PCI0.PB7_.XPDV._SUN]: AE_NOT_FOUND
[   45.566697]      scan-1933 add_single_object     : Added device:10 [\_SB_.PCI0.PB7_.XPDV] parent device:0f
[   45.566697]      scan-1141 get_device_data       : No context for object [ffff88040d827208]
[   45.566697]      scan-1141 get_device_data       : No context for object [ffff88040d827230]
[   45.566697]      scan-1141 get_device_data       : No context for object [ffff88040d827258]
[   45.566697]      scan-1141 get_device_data       : No context for object [ffff88040d827280]
[   45.566697]      scan-1141 get_device_data       : No context for object [ffff88040d8272a8]
[   45.566697]      scan-1141 get_device_data       : No context for object [ffff88040d837488]
[   45.566697]      scan-1141 get_device_data       : No context for object [ffff88040d8272d0]
[   45.566697]      scan-1141 get_device_data       : No context for object [ffff88040d8272f8]
[   45.566697]     utils-0051 util_eval_error       : Evaluate [\_SB_.PCI0.OHC1._STA]: AE_NOT_FOUND
[   45.566697] device: 'device:11': device_add
[   45.566697] bus: 'acpi': add device device:11
[   45.566697]     utils-0051 util_eval_error       : Evaluate [\_SB_.PCI0.OHC1._SUN]: AE_NOT_FOUND
[   45.570012]      scan-1933 add_single_object     : Added device:11 [\_SB_.PCI0.OHC1] parent PNP0A08:00
[   45.570012]      scan-1141 get_device_data       : No context for object [ffff88040d827320]
[   45.570012]      scan-1141 get_device_data       : No context for object [ffff88040d827348]
[   45.570012]      scan-1141 get_device_data       : No context for object [ffff88040d83b2f8]
[   45.570012]     utils-0051 util_eval_error       : Evaluate [\_SB_.PCI0.OHC1.RHUB._STA]: AE_NOT_FOUND
[   45.570012] device: 'device:12': device_add
[   45.570012] bus: 'acpi': add device device:12
[   45.570012]     utils-0051 util_eval_error       : Evaluate [\_SB_.PCI0.OHC1.RHUB._SUN]: AE_NOT_FOUND
[   45.570102]      scan-1933 add_single_object     : Added device:12 [\_SB_.PCI0.OHC1.RHUB] parent device:11
[   45.570102]      scan-1141 get_device_data       : No context for object [ffff88040d83b320]
[   45.570102]      scan-1141 get_device_data       : No context for object [ffff88040d83b348]
[   45.570102]     utils-0051 util_eval_error       : Evaluate [\_SB_.PCI0.OHC1.RHUB.PRT3._STA]: AE_NOT_FOUND
[   45.570102] device: 'device:13': device_add
[   45.570102] bus: 'acpi': add device device:13
[   45.570102]     utils-0051 util_eval_error       : Evaluate [\_SB_.PCI0.OHC1.RHUB.PRT3._SUN]: AE_NOT_FOUND
[   45.570108]      scan-1933 add_single_object     : Added device:13 [\_SB_.PCI0.OHC1.RHUB.PRT3] parent device:12
[   45.570108]      scan-1141 get_device_data       : No context for object [ffff88040d83b370]
[   45.570108]      scan-1141 get_device_data       : No context for object [ffff88040d83b398]
[   45.570108]      scan-1141 get_device_data       : No context for object [ffff88040d83b3c0]
[   45.570108]      scan-1141 get_device_data       : No context for object [ffff88040d83b3e8]
[   45.570202]     utils-0051 util_eval_error       : Evaluate [\_SB_.PCI0.OHC1.RHUB.PRT4._STA]: AE_NOT_FOUND
[   45.570415] device: 'device:14': device_add
[   45.570478] bus: 'acpi': add device device:14
[   45.570554]     utils-0051 util_eval_error       : Evaluate [\_SB_.PCI0.OHC1.RHUB.PRT4._SUN]: AE_NOT_FOUND
[   45.573362]      scan-1933 add_single_object     : Added device:14 [\_SB_.PCI0.OHC1.RHUB.PRT4] parent device:12
[   45.573362]      scan-1141 get_device_data       : No context for object [ffff88040d83b410]
[   45.573362]      scan-1141 get_device_data       : No context for object [ffff88040d83b438]
[   45.573362]      scan-1141 get_device_data       : No context for object [ffff88040d83b460]
[   45.573362]      scan-1141 get_device_data       : No context for object [ffff88040d827370]
[   45.573362]     utils-0051 util_eval_error       : Evaluate [\_SB_.PCI0.EHC1._STA]: AE_NOT_FOUND
[   45.573362] device: 'device:15': device_add
[   45.573362] bus: 'acpi': add device device:15
[   45.573362]     utils-0051 util_eval_error       : Evaluate [\_SB_.PCI0.EHC1._SUN]: AE_NOT_FOUND
[   45.573440]      scan-1933 add_single_object     : Added device:15 [\_SB_.PCI0.EHC1] parent PNP0A08:00
[   45.573551]      scan-1141 get_device_data       : No context for object [ffff88040d827398]
[   45.573749]      scan-1141 get_device_data       : No context for object [ffff88040d8273c0]
[   45.573946]      scan-1141 get_device_data       : No context for object [ffff88040d83b028]
[   45.574144]     utils-0051 util_eval_error       : Evaluate [\_SB_.PCI0.EHC1.RHUB._STA]: AE_NOT_FOUND
[   45.574377] device: 'device:16': device_add
[   45.574440] bus: 'acpi': add device device:16
[   45.574514]     utils-0051 util_eval_error       : Evaluate [\_SB_.PCI0.EHC1.RHUB._SUN]: AE_NOT_FOUND
[   45.576780]      scan-1933 add_single_object     : Added device:16 [\_SB_.PCI0.EHC1.RHUB] parent device:15
[   45.576780]      scan-1141 get_device_data       : No context for object [ffff88040d83b050]
[   45.576780]      scan-1141 get_device_data       : No context for object [ffff88040d83b078]
[   45.576780]     utils-0051 util_eval_error       : Evaluate [\_SB_.PCI0.EHC1.RHUB.PRT3._STA]: AE_NOT_FOUND
[   45.576780] device: 'device:17': device_add
[   45.576780] bus: 'acpi': add device device:17
[   45.576780]     utils-0051 util_eval_error       : Evaluate [\_SB_.PCI0.EHC1.RHUB.PRT3._SUN]: AE_NOT_FOUND
[   45.576780]      scan-1933 add_single_object     : Added device:17 [\_SB_.PCI0.EHC1.RHUB.PRT3] parent device:16
[   45.576780]      scan-1141 get_device_data       : No context for object [ffff88040d83b0a0]
[   45.576780]      scan-1141 get_device_data       : No context for object [ffff88040d83b0c8]
[   45.576780]      scan-1141 get_device_data       : No context for object [ffff88040d83b0f0]
[   45.576780]      scan-1141 get_device_data       : No context for object [ffff88040d83b118]
[   45.576866]     utils-0051 util_eval_error       : Evaluate [\_SB_.PCI0.EHC1.RHUB.PRT4._STA]: AE_NOT_FOUND
[   45.577097] device: 'device:18': device_add
[   45.577158] bus: 'acpi': add device device:18
[   45.577231]     utils-0051 util_eval_error       : Evaluate [\_SB_.PCI0.EHC1.RHUB.PRT4._SUN]: AE_NOT_FOUND
[   45.580035]      scan-1933 add_single_object     : Added device:18 [\_SB_.PCI0.EHC1.RHUB.PRT4] parent device:16
[   45.580035]      scan-1141 get_device_data       : No context for object [ffff88040d83b140]
[   45.580035]      scan-1141 get_device_data       : No context for object [ffff88040d83b168]
[   45.580035]      scan-1141 get_device_data       : No context for object [ffff88040d83b190]
[   45.580035]      scan-1141 get_device_data       : No context for object [ffff88040d8273e8]
[   45.580035]     utils-0051 util_eval_error       : Evaluate [\_SB_.PCI0.OHC2._STA]: AE_NOT_FOUND
[   45.580035] device: 'device:19': device_add
[   45.580035] bus: 'acpi': add device device:19
[   45.580035]     utils-0051 util_eval_error       : Evaluate [\_SB_.PCI0.OHC2._SUN]: AE_NOT_FOUND
[   45.580109]      scan-1933 add_single_object     : Added device:19 [\_SB_.PCI0.OHC2] parent PNP0A08:00
[   45.580109]      scan-1141 get_device_data       : No context for object [ffff88040d827410]
[   45.580109]      scan-1141 get_device_data       : No context for object [ffff88040d827438]
[   45.580109]      scan-1141 get_device_data       : No context for object [ffff88040d83b488]
[   45.580109]     utils-0051 util_eval_error       : Evaluate [\_SB_.PCI0.OHC2.RHUB._STA]: AE_NOT_FOUND
[   45.580109] device: 'device:1a': device_add
[   45.580146] bus: 'acpi': add device device:1a
[   45.580222]     utils-0051 util_eval_error       : Evaluate [\_SB_.PCI0.OHC2.RHUB._SUN]: AE_NOT_FOUND
[   45.583339]      scan-1933 add_single_object     : Added device:1a [\_SB_.PCI0.OHC2.RHUB] parent device:19
[   45.583339]      scan-1141 get_device_data       : No context for object [ffff88040d83b4b0]
[   45.583339]      scan-1141 get_device_data       : No context for object [ffff88040d83b4d8]
[   45.583339]     utils-0051 util_eval_error       : Evaluate [\_SB_.PCI0.OHC2.RHUB.PRT4._STA]: AE_NOT_FOUND
[   45.583339] device: 'device:1b': device_add
[   45.583339] bus: 'acpi': add device device:1b
[   45.583339]     utils-0051 util_eval_error       : Evaluate [\_SB_.PCI0.OHC2.RHUB.PRT4._SUN]: AE_NOT_FOUND
[   45.583444]      scan-1933 add_single_object     : Added device:1b [\_SB_.PCI0.OHC2.RHUB.PRT4] parent device:1a
[   45.583444]      scan-1141 get_device_data       : No context for object [ffff88040d83b500]
[   45.583444]      scan-1141 get_device_data       : No context for object [ffff88040d83b528]
[   45.583444]      scan-1141 get_device_data       : No context for object [ffff88040d83b550]
[   45.583444]      scan-1141 get_device_data       : No context for object [ffff88040d827460]
[   45.583444]     utils-0051 util_eval_error       : Evaluate [\_SB_.PCI0.EHC2._STA]: AE_NOT_FOUND
[   45.583444] device: 'device:1c': device_add
[   45.583444] bus: 'acpi': add device device:1c
[   45.583444]     utils-0051 util_eval_error       : Evaluate [\_SB_.PCI0.EHC2._SUN]: AE_NOT_FOUND
[   45.583444]      scan-1933 add_single_object     : Added device:1c [\_SB_.PCI0.EHC2] parent PNP0A08:00
[   45.583444]      scan-1141 get_device_data       : No context for object [ffff88040d827488]
[   45.583459]      scan-1141 get_device_data       : No context for object [ffff88040d8274b0]
[   45.583657]      scan-1141 get_device_data       : No context for object [ffff88040d83b1b8]
[   45.583855]     utils-0051 util_eval_error       : Evaluate [\_SB_.PCI0.EHC2.RHUB._STA]: AE_NOT_FOUND
[   45.584087] device: 'device:1d': device_add
[   45.584150] bus: 'acpi': add device device:1d
[   45.584227]     utils-0051 util_eval_error       : Evaluate [\_SB_.PCI0.EHC2.RHUB._SUN]: AE_NOT_FOUND
[   45.586701]      scan-1933 add_single_object     : Added device:1d [\_SB_.PCI0.EHC2.RHUB] parent device:1c
[   45.586701]      scan-1141 get_device_data       : No context for object [ffff88040d83b1e0]
[   45.586701]      scan-1141 get_device_data       : No context for object [ffff88040d83b208]
[   45.586701]     utils-0051 util_eval_error       : Evaluate [\_SB_.PCI0.EHC2.RHUB.PRT2._STA]: AE_NOT_FOUND
[   45.586701] device: 'device:1e': device_add
[   45.586701] bus: 'acpi': add device device:1e
[   45.586701]     utils-0051 util_eval_error       : Evaluate [\_SB_.PCI0.EHC2.RHUB.PRT2._SUN]: AE_NOT_FOUND
[   45.586773]      scan-1933 add_single_object     : Added device:1e [\_SB_.PCI0.EHC2.RHUB.PRT2] parent device:1d
[   45.586773]      scan-1141 get_device_data       : No context for object [ffff88040d83b230]
[   45.586773]      scan-1141 get_device_data       : No context for object [ffff88040d83b258]
[   45.586773]      scan-1141 get_device_data       : No context for object [ffff88040d83b280]
[   45.586773]      scan-1141 get_device_data       : No context for object [ffff88040d8274d8]
[   45.586773]     utils-0051 util_eval_error       : Evaluate [\_SB_.PCI0.OHC3._STA]: AE_NOT_FOUND
[   45.586843] device: 'device:1f': device_add
[   45.586906] bus: 'acpi': add device device:1f
[   45.586981]     utils-0051 util_eval_error       : Evaluate [\_SB_.PCI0.OHC3._SUN]: AE_NOT_FOUND
[   45.590006]      scan-1933 add_single_object     : Added device:1f [\_SB_.PCI0.OHC3] parent PNP0A08:00
[   45.590006]      scan-1141 get_device_data       : No context for object [ffff88040d827500]
[   45.590006]      scan-1141 get_device_data       : No context for object [ffff88040d827528]
[   45.590006]      scan-1141 get_device_data       : No context for object [ffff88040d83b578]
[   45.590006]     utils-0051 util_eval_error       : Evaluate [\_SB_.PCI0.OHC3.RHUB._STA]: AE_NOT_FOUND
[   45.590006] device: 'device:20': device_add
[   45.590006] bus: 'acpi': add device device:20
[   45.590006]     utils-0051 util_eval_error       : Evaluate [\_SB_.PCI0.OHC3.RHUB._SUN]: AE_NOT_FOUND
[   45.590108]      scan-1933 add_single_object     : Added device:20 [\_SB_.PCI0.OHC3.RHUB] parent device:1f
[   45.590108]      scan-1141 get_device_data       : No context for object [ffff88040d83b5a0]
[   45.590108]      scan-1141 get_device_data       : No context for object [ffff88040d827550]
[   45.590108]     utils-0051 util_eval_error       : Evaluate [\_SB_.PCI0.EHC3._STA]: AE_NOT_FOUND
[   45.590108] device: 'device:21': device_add
[   45.590108] bus: 'acpi': add device device:21
[   45.590108]     utils-0051 util_eval_error       : Evaluate [\_SB_.PCI0.EHC3._SUN]: AE_NOT_FOUND
[   45.593369]      scan-1933 add_single_object     : Added device:21 [\_SB_.PCI0.EHC3] parent PNP0A08:00
[   45.593546]      scan-1141 get_device_data       : No context for object [ffff88040d827578]
[   45.593743]      scan-1141 get_device_data       : No context for object [ffff88040d8275a0]
[   45.593942]      scan-1141 get_device_data       : No context for object [ffff88040d83b2a8]
[   45.594120]     utils-0051 util_eval_error       : Evaluate [\_SB_.PCI0.EHC3.RHUB._STA]: AE_NOT_FOUND
[   45.594352] device: 'device:22': device_add
[   45.594415] bus: 'acpi': add device device:22
[   45.594491]     utils-0051 util_eval_error       : Evaluate [\_SB_.PCI0.EHC3.RHUB._SUN]: AE_NOT_FOUND
