[    0.000000] Initializing cgroup subsys cpuset
[    0.000000] Initializing cgroup subsys cpu
[    0.000000] Initializing cgroup subsys cpuacct
[    0.000000] Linux version 3.17.0-rc2-gfd5984d (emacs@manji) (gcc version 4.9.1 (GCC) ) #52 SMP Sun Aug 31 16:53:44 CEST 2014
[    0.000000] Command line: BOOT_IMAGE=/vmlinuz-linux-git root=UUID=bfa4ab6e-19a3-4601-ba2b-267c55841c73 rw cryptdevice=/dev/disk/by-uuid/70c08890-417a-497d-b6ab-c0d0357a63e2:cryptManjaro:allow-discards ipv6.disable=1 pnp.debug=1 loglevel=9 log_buf_len=10M printk.always_kmsg_dump=y printk.time=y mminit_loglevel=0 memory_corruption_check=1 acpi.debug_layer=0xfbff0000 acpi.debug_level=0xFFFFFFFD pnp.debug=1 nohz=on rcu_nocbs=1-3 pcie_aspm=force fbcon=scrollback:4096k fbcon=font:ProFont6x11 radeon.audio=0 radeon.lockup_timeout=0 radeon.test=0 radeon.agpmode=-1 radeon.benchmark=0 radeon.tv=0 radeon.hard_reset=1 radeon.aspm=1 radeon.dpm=1 radeon.msi=1 radeon.pcie_gen2=-1 radeon.no_wb=1 radeon.modeset=1 radeon.dynclks=1 radeon.r4xx_atom=0 radeon.runpm=0 radeonfb radeon.fastfb=1 nomodeset
[    0.000000] KERNEL supported cpus:
[    0.000000]   AMD AuthenticAMD
[    0.000000] tseg: 00bfe00000
[    0.000000] e820: BIOS-provided physical RAM map:
[    0.000000] BIOS-e820: [mem 0x0000000000000000-0x000000000009d7ff] usable
[    0.000000] BIOS-e820: [mem 0x000000000009d800-0x000000000009ffff] reserved
[    0.000000] BIOS-e820: [mem 0x00000000000e0000-0x00000000000fffff] reserved
[    0.000000] BIOS-e820: [mem 0x0000000000100000-0x00000000bed9afff] usable
[    0.000000] BIOS-e820: [mem 0x00000000bed9b000-0x00000000bf39afff] reserved
[    0.000000] BIOS-e820: [mem 0x00000000bf39b000-0x00000000bf49afff] ACPI NVS
[    0.000000] BIOS-e820: [mem 0x00000000bf49b000-0x00000000bf51afff] ACPI data
[    0.000000] BIOS-e820: [mem 0x00000000bf51b000-0x00000000bfdfffff] usable
[    0.000000] BIOS-e820: [mem 0x00000000bfe00000-0x00000000bfffffff] reserved
[    0.000000] BIOS-e820: [mem 0x00000000fec00000-0x00000000fecfffff] reserved
[    0.000000] BIOS-e820: [mem 0x00000000fed80000-0x00000000fed80fff] reserved
[    0.000000] BIOS-e820: [mem 0x00000000ffe00000-0x00000000ffffffff] reserved
[    0.000000] BIOS-e820: [mem 0x0000000100000000-0x000000041effffff] usable
[    0.000000] NX (Execute Disable) protection: active
[    0.000000] SMBIOS 2.6 present.
[    0.000000] DMI: LENOVO Sabine/Torpedo, BIOS 54CN18WW 07/20/2011
[    0.000000] e820: update [mem 0x00000000-0x00000fff] usable ==> reserved
[    0.000000] e820: remove [mem 0x000a0000-0x000fffff] usable
[    0.000000] e820: last_pfn = 0x41f000 max_arch_pfn = 0x400000000
[    0.000000] MTRR default type: uncachable
[    0.000000] MTRR fixed ranges enabled:
[    0.000000]   00000-9FFFF write-back
[    0.000000]   A0000-BFFFF uncachable
[    0.000000]   C0000-FFFFF write-protect
[    0.000000] MTRR variable ranges enabled:
[    0.000000]   0 base 0000000000 mask FF80000000 write-back
[    0.000000]   1 base 0080000000 mask FFC0000000 write-back
[    0.000000]   2 base 00FFF90000 mask FFFFFF0000 uncachable
[    0.000000]   3 base 00FED80000 mask 0FFFFFF000 uncachable
[    0.000000]   4 disabled
[    0.000000]   5 disabled
[    0.000000]   6 disabled
[    0.000000]   7 base 00FFE00000 mask FFFFE00000 write-protect
[    0.000000] TOM2: 000000041f000000 aka 16880M
[    0.000000] mtrr: your BIOS has configured an incorrect mask, fixing it.
[    0.000000] e820: last_pfn = 0xbfe00 max_arch_pfn = 0x400000000
[    0.000000] found SMP MP-table at [mem 0x000fa8b0-0x000fa8bf] mapped at [ffff8800000fa8b0]
[    0.000000] Base memory trampoline at [ffff880000097000] 97000 size 24576
[    0.000000] Using GB pages for direct mapping
[    0.000000] init_memory_mapping: [mem 0x00000000-0x000fffff]
[    0.000000]  [mem 0x00000000-0x000fffff] page 4k
[    0.000000] BRK [0x01e17000, 0x01e17fff] PGTABLE
[    0.000000] BRK [0x01e18000, 0x01e18fff] PGTABLE
[    0.000000] BRK [0x01e19000, 0x01e19fff] PGTABLE
[    0.000000] init_memory_mapping: [mem 0x41ee00000-0x41effffff]
[    0.000000]  [mem 0x41ee00000-0x41effffff] page 2M
[    0.000000] BRK [0x01e1a000, 0x01e1afff] PGTABLE
[    0.000000] init_memory_mapping: [mem 0x41c000000-0x41edfffff]
[    0.000000]  [mem 0x41c000000-0x41edfffff] page 2M
[    0.000000] init_memory_mapping: [mem 0x400000000-0x41bffffff]
[    0.000000]  [mem 0x400000000-0x41bffffff] page 2M
[    0.000000] init_memory_mapping: [mem 0x00100000-0xbed9afff]
[    0.000000]  [mem 0x00100000-0x001fffff] page 4k
[    0.000000]  [mem 0x00200000-0x3fffffff] page 2M
[    0.000000]  [mem 0x40000000-0x7fffffff] page 1G
[    0.000000]  [mem 0x80000000-0xbebfffff] page 2M
[    0.000000]  [mem 0xbec00000-0xbed9afff] page 4k
[    0.000000] init_memory_mapping: [mem 0xbf51b000-0xbfdfffff]
[    0.000000]  [mem 0xbf51b000-0xbf5fffff] page 4k
[    0.000000]  [mem 0xbf600000-0xbfdfffff] page 2M
[    0.000000] BRK [0x01e1b000, 0x01e1bfff] PGTABLE
[    0.000000] init_memory_mapping: [mem 0x100000000-0x3ffffffff]
[    0.000000]  [mem 0x100000000-0x3ffffffff] page 1G
[    0.000000] log_buf_len: 16777216 bytes
[    0.000000] early log buf free: 2092044(99%)
[    0.000000] RAMDISK: [mem 0x3782c000-0x37c0dfff]
[    0.000000] ACPI: Early table checksum verification disabled
[    0.000000] ACPI: RSDP 0x00000000000F0110 000024 (v02 LENOVO)
[    0.000000] ACPI: XSDT 0x00000000BF51A120 000074 (v01 LENOVO CB-01    00000001 LENO 00000001)
[    0.000000] ACPI: FACP 0x00000000BF508000 0000F4 (v04 LENOVO CB-01    00000001 PTL  00000001)
[    0.000000] ACPI: DSDT 0x00000000BF50A000 00FD10 (v01 LENOVO CB-01    00001000 LENO 00000001)
[    0.000000] ACPI: FACS 0x00000000BF478000 000040
[    0.000000] ACPI: HPET 0x00000000BF507000 000038 (v01 LENOVO CB-01    00000001 PTL  00000001)
[    0.000000] ACPI: APIC 0x00000000BF506000 00007A (v02 LENOVO CB-01    00000001 PTL  00000001)
[    0.000000] ACPI: MCFG 0x00000000BF505000 00003C (v01 LENOVO CB-01    00000001 PTL  00000001)
[    0.000000] ACPI: SLIC 0x00000000BF504000 000176 (v01 LENOVO CB-01    00000001 LENO 00000001)
[    0.000000] ACPI: UEFI 0x00000000BF503000 00003E (v01 LENOVO CB-01    00000001 PTL  00000001)
[    0.000000] ACPI: UEFI 0x00000000BF502000 000042 (v01 PTL    COMBUF   00000001 PTL  00000001)
[    0.000000] ACPI: SSDT 0x00000000BF501000 000E34 (v01 AMD    POWERNOW 00000001 AMD  00000001)
[    0.000000] ACPI: SSDT 0x00000000BF4FF000 00193D (v02 AMD    ALIB     00000001 MSFT 04000000)
[    0.000000] ACPI: UEFI 0x00000000BF4FE000 00021A (v01 LENOVO CB-01    00000001 PTL  00000001)
[    0.000000] ACPI: Local APIC address 0xfee00000
[    0.000000] No NUMA configuration found
[    0.000000] Faking a node at [mem 0x0000000000000000-0x000000041effffff]
[    0.000000] Initmem setup node 0 [mem 0x00000000-0x41effffff]
[    0.000000]   NODE_DATA [mem 0x41dffa000-0x41dffdfff]
[    0.000000]  [ffffea0000000000-ffffea00107fffff] PMD -> [ffff88040de00000-ffff88041d5fffff] on node 0
[    0.000000] Zone ranges:
[    0.000000]   DMA      [mem 0x00001000-0x00ffffff]
[    0.000000]   DMA32    [mem 0x01000000-0xffffffff]
[    0.000000]   Normal   [mem 0x100000000-0x41effffff]
[    0.000000] Movable zone start for each node
[    0.000000] Early memory node ranges
[    0.000000]   node   0: [mem 0x00001000-0x0009cfff]
[    0.000000]   node   0: [mem 0x00100000-0xbed9afff]
[    0.000000]   node   0: [mem 0xbf51b000-0xbfdfffff]
[    0.000000]   node   0: [mem 0x100000000-0x41effffff]
[    0.000000] On node 0 totalpages: 4056604
[    0.000000]   DMA zone: 64 pages used for memmap
[    0.000000]   DMA zone: 21 pages reserved
[    0.000000]   DMA zone: 3996 pages, LIFO batch:0
[    0.000000]   DMA32 zone: 12186 pages used for memmap
[    0.000000]   DMA32 zone: 779904 pages, LIFO batch:31
[    0.000000]   Normal zone: 51136 pages used for memmap
[    0.000000]   Normal zone: 3272704 pages, LIFO batch:31
[    0.000000] ACPI: PM-Timer IO Port: 0x808
[    0.000000] ACPI: Local APIC address 0xfee00000
[    0.000000] ACPI: LAPIC (acpi_id[0x00] lapic_id[0x00] enabled)
[    0.000000] ACPI: LAPIC (acpi_id[0x01] lapic_id[0x01] enabled)
[    0.000000] ACPI: LAPIC (acpi_id[0x02] lapic_id[0x02] enabled)
[    0.000000] ACPI: LAPIC (acpi_id[0x03] lapic_id[0x03] enabled)
[    0.000000] ACPI: LAPIC_NMI (acpi_id[0x00] high edge lint[0x1])
[    0.000000] ACPI: LAPIC_NMI (acpi_id[0x01] high edge lint[0x1])
[    0.000000] ACPI: LAPIC_NMI (acpi_id[0x02] high edge lint[0x1])
[    0.000000] ACPI: LAPIC_NMI (acpi_id[0x03] high edge lint[0x1])
[    0.000000] ACPI: IOAPIC (id[0x02] address[0xfec00000] gsi_base[0])
[    0.000000] IOAPIC[0]: apic_id 2, version 33, address 0xfec00000, GSI 0-23
[    0.000000] ACPI: INT_SRC_OVR (bus 0 bus_irq 0 global_irq 2 dfl dfl)
[    0.000000] ACPI: IRQ0 used by override.
[    0.000000] ACPI: IRQ9 used by override.
[    0.000000] Using ACPI (MADT) for SMP configuration information
[    0.000000] ACPI: HPET id: 0x43538210 base: 0xfed00000
[    0.000000] smpboot: Allowing 4 CPUs, 0 hotplug CPUs
[    0.000000] e820: [mem 0xc0000000-0xfebfffff] available for PCI devices
[    0.000000] setup_percpu: NR_CPUS:64 nr_cpumask_bits:64 nr_cpu_ids:4 nr_node_ids:1
[    0.000000] PERCPU: Embedded 27 pages/cpu @ffff88041dc00000 s80256 r8192 d22144 u524288
[    0.000000] pcpu-alloc: s80256 r8192 d22144 u524288 alloc=1*2097152
[    0.000000] pcpu-alloc: [0] 0 1 2 3 
[    0.000000] Built 1 zonelists in Zone order, mobility grouping on.  Total pages: 3993197
[    0.000000] Policy zone: Normal
[    0.000000] Kernel command line: BOOT_IMAGE=/vmlinuz-linux-git root=UUID=bfa4ab6e-19a3-4601-ba2b-267c55841c73 rw cryptdevice=/dev/disk/by-uuid/70c08890-417a-497d-b6ab-c0d0357a63e2:cryptManjaro:allow-discards ipv6.disable=1 pnp.debug=1 loglevel=9 log_buf_len=10M printk.always_kmsg_dump=y printk.time=y mminit_loglevel=0 memory_corruption_check=1 acpi.debug_layer=0xfbff0000 acpi.debug_level=0xFFFFFFFD pnp.debug=1 nohz=on rcu_nocbs=1-3 pcie_aspm=force fbcon=scrollback:4096k fbcon=font:ProFont6x11 radeon.audio=0 radeon.lockup_timeout=0 radeon.test=0 radeon.agpmode=-1 radeon.benchmark=0 radeon.tv=0 radeon.hard_reset=1 radeon.aspm=1 radeon.dpm=1 radeon.msi=1 radeon.pcie_gen2=-1 radeon.no_wb=1 radeon.modeset=1 radeon.dynclks=1 radeon.r4xx_atom=0 radeon.runpm=0 radeonfb radeon.fastfb=1 nomodeset
[    0.000000] PCIe ASPM is forcibly enabled
[    0.000000] PID hash table entries: 4096 (order: 3, 32768 bytes)
[    0.000000] Memory: 15870900K/16226416K available (5251K kernel code, 721K rwdata, 2208K rodata, 848K init, 2588K bss, 355516K reserved)
[    0.000000] SLUB: HWalign=64, Order=0-3, MinObjects=0, CPUs=4, Nodes=1
[    0.000000] Hierarchical RCU implementation.
[    0.000000] 	RCU dyntick-idle grace-period acceleration is enabled.
[    0.000000] 	Additional per-CPU info printed with stalls.
[    0.000000] 	RCU restricting CPUs from NR_CPUS=64 to nr_cpu_ids=4.
[    0.000000] 	Offload RCU callbacks from all CPUs
[    0.000000] 	Offload RCU callbacks from CPUs: 0-3.
[    0.000000] RCU: Adjusting geometry for rcu_fanout_leaf=16, nr_cpu_ids=4
[    0.000000] NR_IRQS:4352 nr_irqs:456 0
[    0.000000] spurious 8259A interrupt: IRQ7.
[    0.000000] vgacon: allocated 4194304 bytes of memory for scrollback. CONFIG_VGACON_SOFT_SCROLLBACK_SIZE=4096
[    0.000000] Console: colour VGA+ 80x25
[    0.000000] console [tty0] enabled
[    0.000000] allocated 65011712 bytes of page_cgroup
[    0.000000] please try 'cgroup_disable=memory' option if you don't want memory cgroups
[    0.000000] hpet clockevent registered
[    0.000000] tsc: Fast TSC calibration using PIT
[    0.000000] tsc: Detected 1397.452 MHz processor
[    0.000042] Calibrating delay loop (skipped), value calculated using timer frequency.. 2796.35 BogoMIPS (lpj=4658173)
[    0.000201] pid_max: default: 32768 minimum: 301
[    0.000270] ACPI: Core revision 20140724
[    0.016505] ACPI: All ACPI Tables successfully acquired
[    0.018372] Security Framework initialized
[    0.019490] Dentry cache hash table entries: 2097152 (order: 12, 16777216 bytes)
[    0.025530] Inode-cache hash table entries: 1048576 (order: 11, 8388608 bytes)
[    0.028652] Mount-cache hash table entries: 32768 (order: 6, 262144 bytes)
[    0.028790] Mountpoint-cache hash table entries: 32768 (order: 6, 262144 bytes)
[    0.029284] Initializing cgroup subsys memory
[    0.029354] Initializing cgroup subsys devices
[    0.029421] Initializing cgroup subsys freezer
[    0.029485] Initializing cgroup subsys net_cls
[    0.029550] Initializing cgroup subsys blkio
[    0.029635] CPU: Physical Processor ID: 0
[    0.029695] CPU: Processor Core ID: 0
[    0.029755] mce: CPU supports 6 MCE banks
[    0.029825] Last level iTLB entries: 4KB 512, 2MB 16, 4MB 8
Last level dTLB entries: 4KB 1024, 2MB 128, 4MB 64, 1GB 0
[    0.030088] Freeing SMP alternatives memory: 20K (ffffffff81b8a000 - ffffffff81b8f000)
[    0.030770] ..TIMER: vector=0x30 apic1=0 pin1=2 apic2=-1 pin2=-1
[    0.063849] smpboot: CPU0: AMD A6-3400M APU with Radeon(tm) HD Graphics (fam: 12, model: 01, stepping: 00)
[    0.170008] Performance Events: AMD PMU driver.
[    0.170106] ... version:                0
[    0.170168] ... bit width:              48
[    0.170229] ... generic registers:      4
[    0.170292] ... value mask:             0000ffffffffffff
[    0.170357] ... max period:             00007fffffffffff
[    0.170422] ... fixed-purpose events:   0
[    0.170485] ... event mask:             000000000000000f
[    0.170903] MCE: In-kernel MCE decoding enabled.
[    0.171071] trying cpu_up:
[    0.171183] NMI watchdog: enabled on all CPUs, permanently consumes one hw-PMU counter.
[    0.171427] smpboot: ++++++++++++++++++++=_---CPU UP  1
[    0.171492] x86: Booting SMP configuration:
[    0.171554] .... node  #0, CPUs:      #1
[    0.171658] smpboot: Setting warm reset code and vector.
[    0.171778] smpboot: 1.
[    0.171838] smpboot: 2.
[    0.171899] smpboot: 3.
[    0.171960] smpboot: Asserting INIT
[    0.172021] smpboot: waiting 5 sec
[   13.638453] smpboot: done waiting
[   13.638596] smpboot: Waiting for INIT send to finish...
[   14.220243] smpboot: status for above ^ is: 0
[   14.220307] smpboot: Deasserting INIT
[   14.220371] smpboot: Waiting for above send to finish...
[   14.220436] smpboot: #startup loops: 2
[   14.220499] smpboot: Sending STARTUP #1
[   14.220562] smpboot: After apic_write
[   14.220927] smpboot: Startup point 1
[   14.220991] smpboot: Waiting for send to finish...
[   14.221255] smpboot: Sending STARTUP #2
[   14.221364] smpboot: After apic_write
[   14.221727] smpboot: Startup point 1
[   14.221837] smpboot: Waiting for send to finish...
[   14.222101] smpboot: After Startup
[   14.222211] smpboot: Before Callout 1
[   14.222274] smpboot: After Callout 1
[   14.222337] smpboot: start waiting 5sec for response
[   14.222480] [sched_delayed] sched: RT throttling activated
[   19.267773] smpboot: done waiting 5sec for response
[   19.267859] smpboot: cpumask_test_cpu result: 0
[   19.267956] smpboot: cpu_callin_mask: 0000000000000001
[   19.268019] smpboot: cpu_callout_mask: 0000000000000003
[   19.268117] smpboot: CPU1: Not responding
[   19.268254] smpboot: do_boot_cpu failed(1) to wakeup CPU#1
[   19.268326] doing it one more time: cpu_up !!!!!!!!!!!!
[   19.268372] smpboot: ++++++++++++++++++++=_---CPU UP  1
[   19.268494] x86: Booting SMP configuration:
[   19.268556]     #1
[   19.268626] smpboot: Setting warm reset code and vector.
[   19.268747] smpboot: 1.
[   19.268807] smpboot: 2.
[   19.268868] smpboot: 3.
[   19.268929] smpboot: Asserting INIT
[   19.268991] smpboot: waiting 5 sec
[   24.287927] smpboot: done waiting
[   24.288070] smpboot: Waiting for INIT send to finish...
[   24.298211] smpboot: status for above ^ is: 0
[   24.298273] smpboot: Deasserting INIT
[   24.298336] smpboot: Waiting for above send to finish...
[   24.298399] smpboot: #startup loops: 2
[   24.298461] smpboot: Sending STARTUP #1
[   24.298523] smpboot: After apic_write
[   24.298885] smpboot: Startup point 1
[   24.298993] smpboot: Waiting for send to finish...
[   24.299256] smpboot: Sending STARTUP #2
[   24.299318] smpboot: After apic_write
[   24.299681] smpboot: Startup point 1
[   24.299790] smpboot: Waiting for send to finish...
[   24.300052] smpboot: After Startup
[   24.300161] smpboot: Before Callout 1
[   24.300223] smpboot: After Callout 1
[   24.300286] smpboot: start waiting 5sec for response
[   29.337997] smpboot: done waiting 5sec for response
[   29.338141] smpboot: cpumask_test_cpu result: 0
[   29.338203] smpboot: cpu_callin_mask: 0000000000000001
[   29.338298] smpboot: cpu_callout_mask: 0000000000000003
[   29.338362] smpboot: CPU1: Not responding
[   29.338486] smpboot: do_boot_cpu failed(1) to wakeup CPU#1
[   29.338556] after cpu_up !!!!!!!!!!!!
[   29.338594] trying cpu_up:
[   29.338809] smpboot: ++++++++++++++++++++=_---CPU UP  2
[   29.338947]  #2
[   29.338984] smpboot: Setting warm reset code and vector.
[   29.339108] smpboot: 1.
[   29.339170] smpboot: 2.
[   29.339232] smpboot: 3.
[   29.339295] smpboot: Asserting INIT
[   29.339358] smpboot: waiting 5 sec
[   34.778755] smpboot: done waiting
[   34.778899] smpboot: Waiting for INIT send to finish...
[   34.789040] smpboot: status for above ^ is: 0
[   34.789149] smpboot: Deasserting INIT
[   34.789212] smpboot: Waiting for above send to finish...
[   34.789276] smpboot: #startup loops: 2
[   34.789338] smpboot: Sending STARTUP #1
[   34.789400] smpboot: After apic_write
[   34.789762] smpboot: Startup point 1
[   34.789870] smpboot: Waiting for send to finish...
[   34.790134] smpboot: Sending STARTUP #2
[   34.790243] smpboot: After apic_write
[   34.790607] smpboot: Startup point 1
[   34.790716] smpboot: Waiting for send to finish...
[   34.790980] smpboot: After Startup
[   34.791089] smpboot: Before Callout 2
[   34.791152] smpboot: After Callout 2
[   34.791216] smpboot: start waiting 5sec for response
[   39.811164] smpboot: done waiting 5sec for response
[   39.811308] smpboot: cpumask_test_cpu result: 0
[   39.811370] smpboot: cpu_callin_mask: 0000000000000001
[   39.811468] smpboot: cpu_callout_mask: 0000000000000005
[   39.811530] smpboot: CPU2: Not responding
[   39.811654] smpboot: do_boot_cpu failed(1) to wakeup CPU#2
[   39.811724] doing it one more time: cpu_up !!!!!!!!!!!!
[   39.811770] smpboot: ++++++++++++++++++++=_---CPU UP  2
[   39.811893]  #2
[   39.811930] smpboot: Setting warm reset code and vector.
[   39.812053] smpboot: 1.
[   39.812116] smpboot: 2.
[   39.812178] smpboot: 3.
[   39.812240] smpboot: Asserting INIT
[   39.812303] smpboot: waiting 5 sec
[   44.822103] smpboot: done waiting
[   44.822245] smpboot: Waiting for INIT send to finish...
[   44.832387] smpboot: status for above ^ is: 0
[   44.832497] smpboot: Deasserting INIT
[   44.832560] smpboot: Waiting for above send to finish...
[   44.832626] smpboot: #startup loops: 2
[   44.832690] smpboot: Sending STARTUP #1
[   44.832753] smpboot: After apic_write
[   44.833117] smpboot: Startup point 1
[   44.833226] smpboot: Waiting for send to finish...
[   44.833491] smpboot: Sending STARTUP #2
[   44.833600] smpboot: After apic_write
[   44.833964] smpboot: Startup point 1
[   44.834037] smpboot: Waiting for send to finish...
[   44.834301] smpboot: After Startup
[   44.834411] smpboot: Before Callout 2
[   44.834474] smpboot: After Callout 2
[   44.834537] smpboot: start waiting 5sec for response
[   49.854481] smpboot: done waiting 5sec for response
[   49.854624] smpboot: cpumask_test_cpu result: 0
[   49.854687] smpboot: cpu_callin_mask: 0000000000000001
[   49.854785] smpboot: cpu_callout_mask: 0000000000000005
[   49.854849] smpboot: CPU2: Not responding
[   49.854972] smpboot: do_boot_cpu failed(1) to wakeup CPU#2
[   49.855041] after cpu_up !!!!!!!!!!!!
[   49.855079] trying cpu_up:
[   49.855287] smpboot: ++++++++++++++++++++=_---CPU UP  3
[   49.856478]  #3
[   49.856515] smpboot: Setting warm reset code and vector.
[   49.856639] smpboot: 1.
[   49.856701] smpboot: 2.
[   49.856763] smpboot: 3.
[   49.856826] smpboot: Asserting INIT
[   49.856889] smpboot: waiting 5 sec
[   54.866678] smpboot: done waiting
[   54.866820] smpboot: Waiting for INIT send to finish...
[   54.876961] smpboot: status for above ^ is: 0
[   54.877071] smpboot: Deasserting INIT
[   54.877134] smpboot: Waiting for above send to finish...
[   54.877198] smpboot: #startup loops: 2
[   54.877262] smpboot: Sending STARTUP #1
[   54.877325] smpboot: After apic_write
[   54.715371] smpboot: CPU#3 (phys ID: 3) waiting for CALLOUT
[   54.877688] smpboot: Startup point 1
[   54.877863] smpboot: Waiting for send to finish...
[   54.878127] smpboot: Sending STARTUP #2
[   54.878236] smpboot: After apic_write
[   54.878600] smpboot: Startup point 1
[   54.878709] smpboot: Waiting for send to finish...
[   54.878975] smpboot: After Startup
[   54.879085] smpboot: Before Callout 3
[   54.879147] smpboot: After Callout 3
[   54.717022] smpboot: Stack at about ffff88040780ff44
[   54.879274] smpboot: start waiting 5sec for response
[   54.879313] smpboot: done waiting 5sec for response
[   54.879410] smpboot: cpumask_test_cpu result: -1
[   54.879473] smpboot: cpu_callin_mask: 0000000000000009
[   54.879570] smpboot: cpu_callout_mask: 0000000000000009
[   54.879633] smpboot: CPU3: has booted.
[   54.881762] TSC synchronization [CPU#0 -> CPU#3]:
[   54.881872] Measured 226538678 cycles TSC warp between CPUs, turning off TSC clock.
[   54.882011] tsc: Marking TSC unstable due to check_tsc_sync_source failed
[   54.882136] after cpu_up !!!!!!!!!!!!
[   54.882222] x86: Booted up 1 node, 2 CPUs
[   54.882342] smpboot: Boot done
[   54.882404] smpboot: Before bogomips
[   54.882467] smpboot: Total of 2 processors activated (5592.71 BogoMIPS)
[   54.882531] smpboot: Before bogocount - setting activated=1
[   45.523414] devtmpfs: initialized
[   45.523497] device: 'platform': device_add
[   45.523638] bus: 'platform': registered
[   45.523711] bus: 'cpu': registered
[   45.523775] device: 'cpu': device_add
[   45.523864] bus: 'container': registered
[   45.523928] device: 'container': device_add
[   45.524446] bus: 'workqueue': registered
[   45.524446] device: 'workqueue': device_add
[   45.526712] kworker/u8:0 (39) used greatest stack depth: 15104 bytes left
[   45.526890] atomic64_test: passed for x86-64 platform with CX8 and with SSE
[   45.527007] device class 'regulator': registering
[   45.527120] Registering platform device 'reg-dummy'. Parent at platform
[   45.527233] device: 'reg-dummy': device_add
[   45.527299] bus: 'platform': add device reg-dummy
[   45.527388] bus: 'platform': add driver reg-dummy
[   45.527456] bus: 'platform': driver_probe_device: matched device reg-dummy with driver reg-dummy
[   45.527568] bus: 'platform': really_probe: probing driver reg-dummy with device reg-dummy
[   45.527709] device: 'regulator.0': device_add
[   45.527801] regulator-dummy: no parameters
[   45.527877] driver: 'reg-dummy': driver_bound: bound to device 'reg-dummy'
[   45.527945] bus: 'platform': really_probe: bound device reg-dummy to driver reg-dummy
[   45.528214] NET: Registered protocol family 16
[   45.528634] device class 'bdi': registering
[   45.528764] bus: 'platform': add driver ramoops
[   45.528846] device class 'pci_bus': registering
[   45.528937] bus: 'pci': registered
[   45.529005] device class 'backlight': registering
[   45.529081] device class 'tty': registering
[   45.529156] device class 'vtconsole': registering
[   45.529228] device: 'vtcon0': device_add
[   45.529331] bus: 'node': registered
[   45.529443] device: 'node': device_add
[   45.529540] bus: 'i2c': registered
[   45.529607] bus: 'i2c': add driver dummy
[   45.529680] i2c-core: driver [dummy] registered
[   45.529749] cpuidle: using governor ladder
[   45.529815] cpuidle: using governor menu
[   45.530312] ACPI FADT declares the system doesn't support PCIe ASPM, so disable it
[   45.530498] ACPI: bus type PCI registered
[   45.530563] acpiphp: ACPI Hot Plug PCI Controller Driver version: 0.5
[   45.530632] device class 'dmi': registering
[   45.530705] device: 'id': device_add
[   45.530869] PCI: MMCONFIG for domain 0000 [bus 00-3f] at [mem 0xf8000000-0xfbffffff] (base 0xf8000000)
[   45.531011] PCI: not using MMCONFIG
[   45.531076] PCI: Using configuration type 1 for base access
[   45.531140] PCI: Using configuration type 1 for extended access
[   45.531507] device: 'node0': device_add
[   45.531588] bus: 'node': add device node0
[   45.531679] device: 'cpu0': device_add
[   45.531746] bus: 'cpu': add device cpu0
[   45.531851] device: 'cpu1': device_add
[   45.531964] bus: 'cpu': add device cpu1
[   45.532069] device: 'cpu2': device_add
[   45.532183] bus: 'cpu': add device cpu2
[   45.532285] device: 'cpu3': device_add
[   45.532401] bus: 'cpu': add device cpu3
[   45.535321] kworker/u8:0 (40) used greatest stack depth: 15008 bytes left
[   45.535440] kworker/u8:0 (54) used greatest stack depth: 14176 bytes left
[   45.543371] device: 'writeback': device_add
[   45.543469] bus: 'workqueue': add device writeback
[   45.543577] device: 'default': device_add
[   45.543873] device class 'block': registering
[   45.543873] ACPI: Added _OSI(Module Device)
[   45.543873] ACPI: Added _OSI(Processor Device)
[   45.543873] ACPI: Added _OSI(3.0 _SCP Extensions)
[   45.543873] ACPI: Added _OSI(Processor Aggregator Device)
[   45.547405] 
**** Context Switch from TID 4294967295 to TID 133431296 ****

[   45.547578]     utils-0051 util_eval_error       : Evaluate [\_SB_.PCI0.LPC0.EC0_._GLK]: AE_NOT_FOUND
[   45.548146] Executing  Method       \_SB_.PCI0.LPC0.EC0_._REG
[   45.548919] Executing  Method       \_SB_.PCI0.LPC0.EC0_._REG
[   45.549110] Executing  Method       \_SB_.PCI0.LPC0.EC0_._REG
[   45.549301] Executing  Method       \_SB_.PCI0.LPC0.EC0_._REG
[   45.549301] Initializing Region       \_SB_.OSTY
[   45.549355] Initializing Region       \_SB_.PCI0.NBMS
[   45.549503] Initializing Region       \_SB_.PCI0.NBXP
[   45.549653] Initializing Region       \_SB_.PCI0.K8ST
[   45.549838] Initializing Region       \_SB_.PCI0.BAR1
[   45.553365] Initializing Region       \_SB_.PCI0.PB2_.XPEX
[   45.553513] Initializing Region       \_SB_.PCI0.PB2_.PCFG
[   45.553661] Initializing Region       \_SB_.PCI0.PB2_.XPCB
[   45.553809] Initializing Region       \_SB_.PCI0.PB2_.XPRI
[   45.553961] Initializing Region       \_SB_.PCI0.PB2_.VGA_.PCFG
[   45.554169] Initializing Region       \_SB_.PCI0.PB2_.HDAU.PCFG
[   45.554344] Initializing Region       \_SB_.PCI0.PB3_.XPEX
[   45.554491] Initializing Region       \_SB_.PCI0.PB3_.PCFG
[   45.554639] Initializing Region       \_SB_.PCI0.PB3_.XPCB
[   45.554788] Initializing Region       \_SB_.PCI0.PB3_.XPRI
[   45.554941] Initializing Region       \_SB_.PCI0.PB3_.VGA_.PCFG
[   45.555155] Initializing Region       \_SB_.PCI0.PB3_.HDAU.PCFG
[   45.555320] Initializing Region       \_SB_.PCI0.PB4_.XPEX
[   45.555466] Initializing Region       \_SB_.PCI0.PB4_.PCFG
[   45.555613] Initializing Region       \_SB_.PCI0.PB4_.XPCB
[   45.555762] Initializing Region       \_SB_.PCI0.PB4_.XPRI
[   45.555912] Initializing Region       \_SB_.PCI0.PB4_.XPDV.PCFG
[   45.556073] Initializing Region       \_SB_.PCI0.PB5_.XPEX
[   45.556218] Initializing Region       \_SB_.PCI0.PB5_.PCFG
[   45.556365] Initializing Region       \_SB_.PCI0.PB5_.XPCB
[   45.556512] Initializing Region       \_SB_.PCI0.PB5_.XPRI
[   45.556512] Initializing Region       \_SB_.PCI0.PB5_.XPDV.PCFG
[   45.556512] Initializing Region       \_SB_.PCI0.PB6_.XPEX
[   45.556512] Initializing Region       \_SB_.PCI0.PB6_.PCFG
[   45.556512] Initializing Region       \_SB_.PCI0.PB6_.XPCB
[   45.556512] Initializing Region       \_SB_.PCI0.PB6_.XPRI
[   45.556512] Initializing Region       \_SB_.PCI0.PB6_.XPDV.PCFG
[   45.556512] Initializing Region       \_SB_.PCI0.PB7_.XPEX
[   45.556512] Initializing Region       \_SB_.PCI0.PB7_.PCFG
[   45.556512] Initializing Region       \_SB_.PCI0.PB7_.XPCB
[   45.556512] Initializing Region       \_SB_.PCI0.PB7_.XPRI
[   45.556512] Initializing Region       \_SB_.PCI0.PB7_.XPDV.PCFG
[   45.556512] Initializing Region       \_SB_.PCI0.SATC
[   45.556512] Initializing Region       \_SB_.PCI0.RMEM
[   45.556512] Initializing Region       \_SB_.PCI0.SATA.SATX
[   45.556512] Initializing Region       \_SB_.PCI0.SATA.BAR5
[   45.576890] Initializing Region       \_SB_.PCI0.SMB_.SBRV
[   45.577100] Initializing Region       \_SB_.PCI0.SMB_.PMIO
[   45.577250] Initializing Region       \_SB_.PCI0.SMB_.ERMM
[   45.577527] Initializing Region       \_SB_.PCI0.SMB_.P1E0
[   45.577702] Initializing Region       \_SB_.PCI0.SMB_.ABIO
[   45.577852] Initializing Region       \_SB_.PCI0.SMB_.SMB0
[   45.578005] Initializing Region       \_SB_.PCI0.LPC0.PIRQ
[   45.578208] Initializing Region       \_SB_.PCI0.LPC0.LPCR
[   45.578479] Initializing Region       \_SB_.PCI0.LPC0.LPCS
[   45.578638] Initializing Region       \_SB_.PCI0.LPC0.SMI0
[   45.578785] Initializing Region       \_SB_.PCI0.LPC0.SMI1
[   45.578940] Initializing Region       \_SB_.PCI0.LPC0.EC0_.ECO1
[   45.579088] Initializing Region       \_SB_.PCI0.LPC0.EC0_.ECO2
[   45.579236] Initializing Region       \_SB_.PCI0.LPC0.EC0_.ECMB
[   45.579383] Initializing Region       \_SB_.PCI0.LPC0.EC0_.RAM_
[   45.579640] Initializing Region       \_SB_.PCI0.LPC0.EC0_.CMOS
[   45.580049] Initializing Region       \_SB_.PCI0.LPC0.EC0_.VPC0.ERAM
[   45.580299] Initializing Region       \_SB_.PCI0.SPB0.PCFG
[   45.580494] Initializing Region       \_SB_.PCI0.SPB0.XPCB
[   45.580645] Initializing Region       \_SB_.PCI0.SPB0.XPDV.PCFG
[   45.580807] Initializing Region       \_SB_.PCI0.SPB1.PCFG
[   45.580954] Initializing Region       \_SB_.PCI0.SPB1.XPCB
[   45.581106] Initializing Region       \_SB_.PCI0.SPB1.XPDV.PCFG
[   45.581267] Initializing Region       \_SB_.PCI0.SPB2.PCFG
[   45.581415] Initializing Region       \_SB_.PCI0.SPB2.XPCB
[   45.581567] Initializing Region       \_SB_.PCI0.SPB2.XPDV.PCFG
[   45.581728] Initializing Region       \_SB_.PCI0.SPB3.PCFG
[   45.581877] Initializing Region       \_SB_.PCI0.SPB3.XPCB
[   45.582028] Initializing Region       \_SB_.PCI0.SPB3.XPDV.PCFG
[   45.582028] Initializing Region       \_SB_.PCI0.VGA_.REVD
[   45.582028] Initializing BufferField  \_SB_.AMW0.WLID
[   45.582028] Initializing Region       \DEB2
[   45.582028] Initializing Region       \PMIO
[   45.582028] Initializing Region       \P01_
[   45.582028] Initializing Region       \CNVS
[   45.582028] Initializing Region       \SPRT
[   45.582028] Initializing Region       \CMIO
[   45.582229] Executing  Method       \_SB_._STA
[   45.582401] Executing  Method       \_SB_._INI
[   45.582571] Executing  Method       \_SB_.PCI0._STA
[   45.582740] Executing  Method       \_SB_.PCI0._INI
[   45.583172] [Firmware Bug]: ACPI: BIOS _OSI(Linux) query ignored
[   45.583559] Executing  Method       \_SB_.PCI0.SATA._STA
[   45.583778] Executing  Method       \_SB_.PCI0.SATA._INI
[   45.584853] Executing  Method       \_SB_.PCI0.LPC0.EC0_._REG
[   45.613443] ACPI: Interpreter enabled
[   45.613573] ACPI: (supports S0 S5)
[   45.613638] ACPI: Using IOAPIC for interrupt routing
[   45.614048] PCI: MMCONFIG for domain 0000 [bus 00-3f] at [mem 0xf8000000-0xfbffffff] (base 0xf8000000)
[   45.614937] PCI: MMCONFIG at [mem 0xf8000000-0xfbffffff] reserved in ACPI motherboard resources
[   45.616699] bus: 'acpi': registered
[   45.616814] PCI: Using host bridge windows from ACPI; if necessary, use "pci=nocrs" and report a bug
[   45.616965]      scan-1141 get_device_data       : No context for object [ffffffffffffffff]
[   45.617181]     utils-0051 util_eval_error       : Evaluate [\._STA]: AE_NOT_FOUND
[   45.617408] device: 'LNXSYSTM:00': device_add
[   45.617478] bus: 'acpi': add device LNXSYSTM:00
[   45.617566]     utils-0051 util_eval_error       : Evaluate [\._SUN]: AE_NOT_FOUND
[   45.617763]      scan-1933 add_single_object     : Added LNXSYSTM:00 [\] parent (null)
[   45.617983]      scan-1141 get_device_data       : No context for object [ffff88040d81d000]
[   45.618193]      scan-1141 get_device_data       : No context for object [ffff88040d8377d0]
[   45.618402]      scan-1141 get_device_data       : No context for object [ffff88040d8377f8]
[   45.618588]      scan-1141 get_device_data       : No context for object [ffff88040d837820]
[   45.618797]      scan-1141 get_device_data       : No context for object [ffff88040d837848]
[   45.619006]      scan-1141 get_device_data       : No context for object [ffff88040d837870]
[   45.619216]      scan-1141 get_device_data       : No context for object [ffff88040d837898]
[   45.619425]      scan-1141 get_device_data       : No context for object [ffff88040d8378c0]
[   45.619610]      scan-1141 get_device_data       : No context for object [ffff88040d8378e8]
[   45.619819]      scan-1141 get_device_data       : No context for object [ffff88040d839398]
[   45.620004]      scan-1141 get_device_data       : No context for object [ffff88040d81d028]
[   45.620213]      scan-1141 get_device_data       : No context for object [ffff88040d81d168]
[   45.620423]     utils-0051 util_eval_error       : Evaluate [\_PR_.C000._STA]: AE_NOT_FOUND
[   45.620588]      scan-1141 get_device_data       : No context for object [ffff88040d81d028]
[   45.620778] device: 'LNXCPU:00': device_add
[   45.620841] bus: 'acpi': add device LNXCPU:00
[   45.620919]     utils-0051 util_eval_error       : Evaluate [\_PR_.C000._SUN]: AE_NOT_FOUND
[   45.621128]      scan-1933 add_single_object     : Added LNXCPU:00 [\_PR_.C000] parent LNXSYSTM:00
[   45.621330]      scan-1141 get_device_data       : No context for object [ffff88040d83c398]
[   45.621508]      scan-1141 get_device_data       : No context for object [ffff88040d83c3c0]
[   45.621705]      scan-1141 get_device_data       : No context for object [ffff88040d83c3e8]
[   45.621900]      scan-1141 get_device_data       : No context for object [ffff88040d83c410]
[   45.622095]      scan-1141 get_device_data       : No context for object [ffff88040d83c438]
[   45.622289]      scan-1141 get_device_data       : No context for object [ffff88040d83c460]
[   45.622484]      scan-1141 get_device_data       : No context for object [ffff88040d81d190]
[   45.622679]     utils-0051 util_eval_error       : Evaluate [\_PR_.C001._STA]: AE_NOT_FOUND
[   45.622874]      scan-1141 get_device_data       : No context for object [ffff88040d81d028]
[   45.623079] device: 'LNXCPU:01': device_add
[   45.623140] bus: 'acpi': add device LNXCPU:01
[   45.623214]     utils-0051 util_eval_error       : Evaluate [\_PR_.C001._SUN]: AE_NOT_FOUND
[   45.623370]      scan-1933 add_single_object     : Added LNXCPU:01 [\_PR_.C001] parent LNXSYSTM:00
[   45.623501]      scan-1141 get_device_data       : No context for object [ffff88040d83c488]
[   45.623678]      scan-1141 get_device_data       : No context for object [ffff88040d83c4b0]
[   45.623875]      scan-1141 get_device_data       : No context for object [ffff88040d83c4d8]
[   45.624071]      scan-1141 get_device_data       : No context for object [ffff88040d83c500]
[   45.624265]      scan-1141 get_device_data       : No context for object [ffff88040d83c528]
[   45.624442]      scan-1141 get_device_data       : No context for object [ffff88040d83c550]
[   45.624638]      scan-1141 get_device_data       : No context for object [ffff88040d81d1b8]
[   45.624835]     utils-0051 util_eval_error       : Evaluate [\_PR_.C002._STA]: AE_NOT_FOUND
[   45.625031]      scan-1141 get_device_data       : No context for object [ffff88040d81d028]
[   45.625234] device: 'LNXCPU:02': device_add
[   45.625296] bus: 'acpi': add device LNXCPU:02
[   45.625370]     utils-0051 util_eval_error       : Evaluate [\_PR_.C002._SUN]: AE_NOT_FOUND
[   45.625530]      scan-1933 add_single_object     : Added LNXCPU:02 [\_PR_.C002] parent LNXSYSTM:00
[   45.625711]      scan-1141 get_device_data       : No context for object [ffff88040d83c578]
[   45.625906]      scan-1141 get_device_data       : No context for object [ffff88040d83c5a0]
[   45.626103]      scan-1141 get_device_data       : No context for object [ffff88040d83c5c8]
[   45.626300]      scan-1141 get_device_data       : No context for object [ffff88040d83c5f0]
[   45.626477]      scan-1141 get_device_data       : No context for object [ffff88040d83c618]
[   45.626670]      scan-1141 get_device_data       : No context for object [ffff88040d83c640]
[   45.626867]      scan-1141 get_device_data       : No context for object [ffff88040d81d1e0]
[   45.627067]     utils-0051 util_eval_error       : Evaluate [\_PR_.C003._STA]: AE_NOT_FOUND
[   45.627264]      scan-1141 get_device_data       : No context for object [ffff88040d81d028]
[   45.627451] device: 'LNXCPU:03': device_add
[   45.627517] bus: 'acpi': add device LNXCPU:03
[   45.627593]     utils-0051 util_eval_error       : Evaluate [\_PR_.C003._SUN]: AE_NOT_FOUND
[   45.627799]      scan-1933 add_single_object     : Added LNXCPU:03 [\_PR_.C003] parent LNXSYSTM:00
[   45.628001]      scan-1141 get_device_data       : No context for object [ffff88040d83c668]
[   45.628198]      scan-1141 get_device_data       : No context for object [ffff88040d83c690]
[   45.628396]      scan-1141 get_device_data       : No context for object [ffff88040d83c6b8]
[   45.628593]      scan-1141 get_device_data       : No context for object [ffff88040d83c6e0]
[   45.628792]      scan-1141 get_device_data       : No context for object [ffff88040d83c708]
[   45.628987]      scan-1141 get_device_data       : No context for object [ffff88040d83c730]
[   45.629185]      scan-1141 get_device_data       : No context for object [ffff88040d81d050]
[   45.629384]     utils-0051 util_eval_error       : Evaluate [\_SB_._STA]: AE_NOT_FOUND
[   45.629611] device: 'LNXSYBUS:00': device_add
[   45.629720] bus: 'acpi': add device LNXSYBUS:00
[   45.629796]     utils-0051 util_eval_error       : Evaluate [\_SB_._SUN]: AE_NOT_FOUND
[   45.630014]      scan-1933 add_single_object     : Added LNXSYBUS:00 [\_SB_] parent LNXSYSTM:00
[   45.630218]      scan-1141 get_device_data       : No context for object [ffff88040d81d3c0]
[   45.630415]      scan-1141 get_device_data       : No context for object [ffff88040d81d3e8]
[   45.631633]      scan-1141 get_device_data       : No context for object [ffff88040d81d410]
[   45.631830]      scan-1141 get_device_data       : No context for object [ffff88040d81d438]
[   45.632027]      scan-1141 get_device_data       : No context for object [ffff88040d81d460]
[   45.632225]      scan-1141 get_device_data       : No context for object [ffff88040d81d488]
[   45.632422]      scan-1141 get_device_data       : No context for object [ffff88040d81d4b0]
[   45.632620]      scan-1141 get_device_data       : No context for object [ffff88040d81d5a0]
[   45.632819]     utils-0051 util_eval_error       : Evaluate [\_SB_.PWRB._STA]: AE_NOT_FOUND
[   45.633051] device: 'PNP0C0C:00': device_add
[   45.633114] bus: 'acpi': add device PNP0C0C:00
[   45.633189]     utils-0051 util_eval_error       : Evaluate [\_SB_.PWRB._SUN]: AE_NOT_FOUND
[   45.633473]      scan-1933 add_single_object     : Added PNP0C0C:00 [\_SB_.PWRB] parent LNXSYBUS:00
[   45.633660]      scan-1141 get_device_data       : No context for object [ffff88040d81d5c8]
[   45.633857]      scan-1141 get_device_data       : No context for object [ffff88040d81d5f0]
[   45.634057]     utils-0051 util_eval_error       : Evaluate [\_SB_.PCI0._STA]: AE_NOT_FOUND
[   45.634311] device: 'PNP0A08:00': device_add
[   45.634422] bus: 'acpi': add device PNP0A08:00
[   45.634501]     utils-0051 util_eval_error       : Evaluate [\_SB_.PCI0._SUN]: AE_NOT_FOUND
[   45.634688]      scan-1933 add_single_object     : Added PNP0A08:00 [\_SB_.PCI0] parent LNXSYBUS:00
[   45.634896]      scan-1141 get_device_data       : No context for object [ffff88040d81d618]
[   45.635093]      scan-1141 get_device_data       : No context for object [ffff88040d81d640]
[   45.635291]      scan-1141 get_device_data       : No context for object [ffff88040d81d668]
[   45.635488]      scan-1141 get_device_data       : No context for object [ffff88040d81d690]
[   45.635685]      scan-1141 get_device_data       : No context for object [ffff88040d81d6b8]
[   45.635882]      scan-1141 get_device_data       : No context for object [ffff88040d81d6e0]
[   45.636080]      scan-1141 get_device_data       : No context for object [ffff88040d81d708]
[   45.636277]      scan-1141 get_device_data       : No context for object [ffff88040d81d730]
[   45.636474]      scan-1141 get_device_data       : No context for object [ffff88040d81d758]
[   45.636671]      scan-1141 get_device_data       : No context for object [ffff88040d81d780]
[   45.636868]      scan-1141 get_device_data       : No context for object [ffff88040d81d7a8]
[   45.637066]      scan-1141 get_device_data       : No context for object [ffff88040d81d7d0]
[   45.637263]      scan-1141 get_device_data       : No context for object [ffff88040d81d7f8]
[   45.637460]      scan-1141 get_device_data       : No context for object [ffff88040d81d820]
[   45.637612]      scan-1141 get_device_data       : No context for object [ffff88040d81d848]
[   45.637789]      scan-1141 get_device_data       : No context for object [ffff88040d81d870]
[   45.637986]      scan-1141 get_device_data       : No context for object [ffff88040d81d898]
[   45.638184]      scan-1141 get_device_data       : No context for object [ffff88040d81d8c0]
[   45.638381]      scan-1141 get_device_data       : No context for object [ffff88040d81d8e8]
[   45.638558]      scan-1141 get_device_data       : No context for object [ffff88040d81d910]
[   45.638753]      scan-1141 get_device_data       : No context for object [ffff88040d81d938]
[   45.638948]      scan-1141 get_device_data       : No context for object [ffff88040d81d960]
[   45.639143]      scan-1141 get_device_data       : No context for object [ffff88040d81d988]
[   45.639337]      scan-1141 get_device_data       : No context for object [ffff88040d81d9b0]
[   45.639521]      scan-1141 get_device_data       : No context for object [ffff88040d81d9d8]
[   45.639715]      scan-1141 get_device_data       : No context for object [ffff88040d81da00]
[   45.639909]      scan-1141 get_device_data       : No context for object [ffff88040d81da28]
[   45.640002]      scan-1141 get_device_data       : No context for object [ffff88040d81da50]
[   45.640195]      scan-1141 get_device_data       : No context for object [ffff88040d81da78]
[   45.640391]      scan-1141 get_device_data       : No context for object [ffff88040d81daa0]
[   45.640585]      scan-1141 get_device_data       : No context for object [ffff88040d81dac8]
[   45.640779]      scan-1141 get_device_data       : No context for object [ffff88040d81daf0]
[   45.640974]      scan-1141 get_device_data       : No context for object [ffff88040d81db18]
[   45.641168]      scan-1141 get_device_data       : No context for object [ffff88040d81db40]
[   45.641363]      scan-1141 get_device_data       : No context for object [ffff88040d81db68]
[   45.641511]      scan-1141 get_device_data       : No context for object [ffff88040d81db90]
[   45.641688]      scan-1141 get_device_data       : No context for object [ffff88040d81dbb8]
[   45.641880]      scan-1141 get_device_data       : No context for object [ffff88040d81dbe0]
[   45.642075]      scan-1141 get_device_data       : No context for object [ffff88040d81dc08]
[   45.642271]      scan-1141 get_device_data       : No context for object [ffff88040d81dc30]
[   45.642448]      scan-1141 get_device_data       : No context for object [ffff88040d81dc58]
[   45.642644]      scan-1141 get_device_data       : No context for object [ffff88040d81dc80]
[   45.642841]      scan-1141 get_device_data       : No context for object [ffff88040d81dca8]
[   45.643038]      scan-1141 get_device_data       : No context for object [ffff88040d81dcd0]
[   45.643335]      scan-1141 get_device_data       : No context for object [ffff88040d81dcf8]
[   45.643516]      scan-1141 get_device_data       : No context for object [ffff88040d81dd20]
[   45.643713]      scan-1141 get_device_data       : No context for object [ffff88040d81dd48]
[   45.643910]      scan-1141 get_device_data       : No context for object [ffff88040d81dd70]
[   45.644109]      scan-1141 get_device_data       : No context for object [ffff88040d81dd98]
[   45.644305]      scan-1141 get_device_data       : No context for object [ffff88040d81ddc0]
[   45.644502]      scan-1141 get_device_data       : No context for object [ffff88040d81dde8]
[   45.644700]      scan-1141 get_device_data       : No context for object [ffff88040d81de10]
[   45.644896]      scan-1141 get_device_data       : No context for object [ffff88040d81de38]
[   45.645090]      scan-1141 get_device_data       : No context for object [ffff88040d81de60]
[   45.645287]      scan-1141 get_device_data       : No context for object [ffff88040d81de88]
[   45.645485]      scan-1141 get_device_data       : No context for object [ffff88040d81deb0]
[   45.645683]      scan-1141 get_device_data       : No context for object [ffff88040d81ded8]
[   45.645881]      scan-1141 get_device_data       : No context for object [ffff88040d81df00]
[   45.646078]      scan-1141 get_device_data       : No context for object [ffff88040d81df28]
[   45.646275]      scan-1141 get_device_data       : No context for object [ffff88040d81df50]
[   45.646472]      scan-1141 get_device_data       : No context for object [ffff88040d81df78]
[   45.646472]      scan-1141 get_device_data       : No context for object [ffff88040d81dfa0]
[   45.646472]      scan-1141 get_device_data       : No context for object [ffff88040d81dfc8]
[   45.646472]      scan-1141 get_device_data       : No context for object [ffff88040d822000]
[   45.646472]      scan-1141 get_device_data       : No context for object [ffff88040d822028]
[   45.646472]     utils-0051 util_eval_error       : Evaluate [\_SB_.PCI0.MEMR._STA]: AE_NOT_FOUND
[   45.646472] device: 'PNP0C02:00': device_add
[   45.646472] bus: 'acpi': add device PNP0C02:00
[   45.646472]     utils-0051 util_eval_error       : Evaluate [\_SB_.PCI0.MEMR._SUN]: AE_NOT_FOUND
[   45.646702]      scan-1933 add_single_object     : Added PNP0C02:00 [\_SB_.PCI0.MEMR] parent PNP0A08:00
[   45.646710]      scan-1141 get_device_data       : No context for object [ffff88040d822050]
[   45.646710]      scan-1141 get_device_data       : No context for object [ffff88040d822078]
[   45.646710]      scan-1141 get_device_data       : No context for object [ffff88040d8220a0]
[   45.646710]      scan-1141 get_device_data       : No context for object [ffff88040d8220c8]
[   45.646710]      scan-1141 get_device_data       : No context for object [ffff88040d8220f0]
[   45.650003]      scan-1141 get_device_data       : No context for object [ffff88040d822118]
[   45.650201]      scan-1141 get_device_data       : No context for object [ffff88040d822140]
[   45.650378]      scan-1141 get_device_data       : No context for object [ffff88040d822168]
[   45.650576]      scan-1141 get_device_data       : No context for object [ffff88040d822190]
[   45.650773]      scan-1141 get_device_data       : No context for object [ffff88040d8221b8]
[   45.650971]      scan-1141 get_device_data       : No context for object [ffff88040d8221e0]
[   45.651168]      scan-1141 get_device_data       : No context for object [ffff88040d822208]
[   45.651365]      scan-1141 get_device_data       : No context for object [ffff88040d822230]
[   45.651562]      scan-1141 get_device_data       : No context for object [ffff88040d822258]
[   45.651759]      scan-1141 get_device_data       : No context for object [ffff88040d822280]
[   45.651956]      scan-1141 get_device_data       : No context for object [ffff88040d8222a8]
[   45.652155]     utils-0051 util_eval_error       : Evaluate [\_SB_.PCI0.PB2_._STA]: AE_NOT_FOUND
[   45.652407] device: 'device:00': device_add
[   45.652470] bus: 'acpi': add device device:00
[   45.652547]     utils-0051 util_eval_error       : Evaluate [\_SB_.PCI0.PB2_._SUN]: AE_NOT_FOUND
[   45.652753]      scan-1933 add_single_object     : Added device:00 [\_SB_.PCI0.PB2_] parent PNP0A08:00
[   45.652956]      scan-1141 get_device_data       : No context for object [ffff88040d8222d0]
[   45.653153]      scan-1141 get_device_data       : No context for object [ffff88040d8222f8]
[   45.653499]      scan-1141 get_device_data       : No context for object [ffff88040d822320]
[   45.653696]      scan-1141 get_device_data       : No context for object [ffff88040d822348]
[   45.653894]      scan-1141 get_device_data       : No context for object [ffff88040d822370]
[   45.654091]      scan-1141 get_device_data       : No context for object [ffff88040d822398]
[   45.654288]      scan-1141 get_device_data       : No context for object [ffff88040d8223c0]
[   45.654485]      scan-1141 get_device_data       : No context for object [ffff88040d8223e8]
[   45.654682]      scan-1141 get_device_data       : No context for object [ffff88040d822410]
[   45.654880]      scan-1141 get_device_data       : No context for object [ffff88040d822438]
[   45.655077]      scan-1141 get_device_data       : No context for object [ffff88040d822460]
[   45.655272]      scan-1141 get_device_data       : No context for object [ffff88040d822488]
[   45.655467]      scan-1141 get_device_data       : No context for object [ffff88040d8224b0]
[   45.655644]      scan-1141 get_device_data       : No context for object [ffff88040d8224d8]
[   45.655838]      scan-1141 get_device_data       : No context for object [ffff88040d822500]
[   45.656032]      scan-1141 get_device_data       : No context for object [ffff88040d822528]
[   45.656226]      scan-1141 get_device_data       : No context for object [ffff88040d822550]
[   45.656421]      scan-1141 get_device_data       : No context for object [ffff88040d822578]
[   45.656570]      scan-1141 get_device_data       : No context for object [ffff88040d8225a0]
[   45.656680]      scan-1141 get_device_data       : No context for object [ffff88040d8225c8]
[   45.656864]      scan-1141 get_device_data       : No context for object [ffff88040d8225f0]
[   45.657059]      scan-1141 get_device_data       : No context for object [ffff88040d822618]
[   45.657255]      scan-1141 get_device_data       : No context for object [ffff88040d822640]
[   45.657432]      scan-1141 get_device_data       : No context for object [ffff88040d822668]
[   45.657627]      scan-1141 get_device_data       : No context for object [ffff88040d822690]
[   45.657820]      scan-1141 get_device_data       : No context for object [ffff88040d8226b8]
[   45.658016]      scan-1141 get_device_data       : No context for object [ffff88040d8226e0]
[   45.658211]      scan-1141 get_device_data       : No context for object [ffff88040d822708]
[   45.658406]      scan-1141 get_device_data       : No context for object [ffff88040d822730]
[   45.658601]      scan-1141 get_device_data       : No context for object [ffff88040d822758]
[   45.658794]      scan-1141 get_device_data       : No context for object [ffff88040d822780]
[   45.658991]     utils-0051 util_eval_error       : Evaluate [\_SB_.PCI0.PB2_.VGA_._STA]: AE_NOT_FOUND
[   45.659229] device: 'device:01': device_add
[   45.659338] bus: 'acpi': add device device:01
[   45.659412]     utils-0051 util_eval_error       : Evaluate [\_SB_.PCI0.PB2_.VGA_._SUN]: AE_NOT_FOUND
[   45.659599]      scan-1933 add_single_object     : Added device:01 [\_SB_.PCI0.PB2_.VGA_] parent device:00
[   45.659802]      scan-1141 get_device_data       : No context for object [ffff88040d8227a8]
[   45.660020]      scan-1141 get_device_data       : No context for object [ffff88040d8227d0]
[   45.660200]      scan-1141 get_device_data       : No context for object [ffff88040d8227f8]
[   45.660397]      scan-1141 get_device_data       : No context for object [ffff88040d822820]
[   45.660574]      scan-1141 get_device_data       : No context for object [ffff88040d822848]
[   45.660771]      scan-1141 get_device_data       : No context for object [ffff88040d822870]
[   45.660968]      scan-1141 get_device_data       : No context for object [ffff88040d822898]
[   45.661165]      scan-1141 get_device_data       : No context for object [ffff88040d8228c0]
[   45.661362]      scan-1141 get_device_data       : No context for object [ffff88040d8228e8]
[   45.661513]      scan-1141 get_device_data       : No context for object [ffff88040d822910]
[   45.661690]      scan-1141 get_device_data       : No context for object [ffff88040d822938]
[   45.661888]      scan-1141 get_device_data       : No context for object [ffff88040d822960]
[   45.662085]      scan-1141 get_device_data       : No context for object [ffff88040d822988]
[   45.662282]      scan-1141 get_device_data       : No context for object [ffff88040d8229b0]
[   45.662458]      scan-1141 get_device_data       : No context for object [ffff88040d8229d8]
[   45.662656]      scan-1141 get_device_data       : No context for object [ffff88040d822a00]
[   45.662853]      scan-1141 get_device_data       : No context for object [ffff88040d822a28]
[   45.663050]      scan-1141 get_device_data       : No context for object [ffff88040d822a50]
[   45.663335]      scan-1141 get_device_data       : No context for object [ffff88040d822a78]
[   45.663519]      scan-1141 get_device_data       : No context for object [ffff88040d822aa0]
[   45.663716]      scan-1141 get_device_data       : No context for object [ffff88040d822ac8]
[   45.663914]      scan-1141 get_device_data       : No context for object [ffff88040d822af0]
[   45.664111]      scan-1141 get_device_data       : No context for object [ffff88040d822b18]
[   45.664308]      scan-1141 get_device_data       : No context for object [ffff88040d822b40]
[   45.664505]      scan-1141 get_device_data       : No context for object [ffff88040d822b68]
[   45.664703]      scan-1141 get_device_data       : No context for object [ffff88040d822b90]
[   45.664900]      scan-1141 get_device_data       : No context for object [ffff88040d822bb8]
[   45.665097]      scan-1141 get_device_data       : No context for object [ffff88040d822be0]
[   45.665295]      scan-1141 get_device_data       : No context for object [ffff88040d822c08]
[   45.665493]      scan-1141 get_device_data       : No context for object [ffff88040d822c30]
[   45.665690]      scan-1141 get_device_data       : No context for object [ffff88040d822c58]
[   45.665888]      scan-1141 get_device_data       : No context for object [ffff88040d822c80]
[   45.666085]      scan-1141 get_device_data       : No context for object [ffff88040d822ca8]
[   45.666282]      scan-1141 get_device_data       : No context for object [ffff88040d822cd0]
[   45.666480]      scan-1141 get_device_data       : No context for object [ffff88040d822cf8]
[   45.666480]      scan-1141 get_device_data       : No context for object [ffff88040d822d20]
[   45.666480]      scan-1141 get_device_data       : No context for object [ffff88040d822d48]
[   45.666480]      scan-1141 get_device_data       : No context for object [ffff88040d822d70]
[   45.666480]      scan-1141 get_device_data       : No context for object [ffff88040d822d98]
[   45.666480]      scan-1141 get_device_data       : No context for object [ffff88040d837438]
[   45.666480]      scan-1141 get_device_data       : No context for object [ffff88040d822dc0]
[   45.666480]     utils-0051 util_eval_error       : Evaluate [\_SB_.PCI0.PB2_.HDAU._STA]: AE_NOT_FOUND
[   45.666480] device: 'device:02': device_add
[   45.666480] bus: 'acpi': add device device:02
[   45.666480]     utils-0051 util_eval_error       : Evaluate [\_SB_.PCI0.PB2_.HDAU._SUN]: AE_NOT_FOUND
[   45.666696]      scan-1933 add_single_object     : Added device:02 [\_SB_.PCI0.PB2_.HDAU] parent device:00
[   45.666711]      scan-1141 get_device_data       : No context for object [ffff88040d822de8]
[   45.666711]      scan-1141 get_device_data       : No context for object [ffff88040d822e10]
[   45.666711]      scan-1141 get_device_data       : No context for object [ffff88040d822e38]
[   45.670165]      scan-1141 get_device_data       : No context for object [ffff88040d822e60]
[   45.670362]      scan-1141 get_device_data       : No context for object [ffff88040d822e88]
[   45.670539]      scan-1141 get_device_data       : No context for object [ffff88040d822eb0]
[   45.670736]      scan-1141 get_device_data       : No context for object [ffff88040d822ed8]
[   45.670935]     utils-0051 util_eval_error       : Evaluate [\_SB_.PCI0.PB3_._STA]: AE_NOT_FOUND
[   45.671229] device: 'device:03': device_add
[   45.671292] bus: 'acpi': add device device:03
[   45.671370]     utils-0051 util_eval_error       : Evaluate [\_SB_.PCI0.PB3_._SUN]: AE_NOT_FOUND
[   45.671556]      scan-1933 add_single_object     : Added device:03 [\_SB_.PCI0.PB3_] parent PNP0A08:00
[   45.671758]      scan-1141 get_device_data       : No context for object [ffff88040d822f00]
[   45.671952]      scan-1141 get_device_data       : No context for object [ffff88040d822f28]
[   45.672146]      scan-1141 get_device_data       : No context for object [ffff88040d822f50]
[   45.672340]      scan-1141 get_device_data       : No context for object [ffff88040d822f78]
[   45.672517]      scan-1141 get_device_data       : No context for object [ffff88040d822fa0]
[   45.672710]      scan-1141 get_device_data       : No context for object [ffff88040d822fc8]
[   45.672905]      scan-1141 get_device_data       : No context for object [ffff88040d823000]
[   45.673100]      scan-1141 get_device_data       : No context for object [ffff88040d823028]
[   45.673296]      scan-1141 get_device_data       : No context for object [ffff88040d823050]
[   45.673496]      scan-1141 get_device_data       : No context for object [ffff88040d823078]
[   45.673691]      scan-1141 get_device_data       : No context for object [ffff88040d8230a0]
[   45.673885]      scan-1141 get_device_data       : No context for object [ffff88040d8230c8]
[   45.674080]      scan-1141 get_device_data       : No context for object [ffff88040d8230f0]
[   45.674274]      scan-1141 get_device_data       : No context for object [ffff88040d823118]
[   45.674470]      scan-1141 get_device_data       : No context for object [ffff88040d823140]
[   45.674667]      scan-1141 get_device_data       : No context for object [ffff88040d823168]
[   45.674860]      scan-1141 get_device_data       : No context for object [ffff88040d823190]
[   45.675055]      scan-1141 get_device_data       : No context for object [ffff88040d8231b8]
[   45.675249]      scan-1141 get_device_data       : No context for object [ffff88040d8231e0]
[   45.675444]      scan-1141 get_device_data       : No context for object [ffff88040d823208]
[   45.675591]      scan-1141 get_device_data       : No context for object [ffff88040d823230]
[   45.675768]      scan-1141 get_device_data       : No context for object [ffff88040d823258]
[   45.675962]      scan-1141 get_device_data       : No context for object [ffff88040d823280]
[   45.676159]      scan-1141 get_device_data       : No context for object [ffff88040d8232a8]
[   45.676355]      scan-1141 get_device_data       : No context for object [ffff88040d8232d0]
[   45.676532]      scan-1141 get_device_data       : No context for object [ffff88040d8232f8]
[   45.676669]      scan-1141 get_device_data       : No context for object [ffff88040d823320]
[   45.676866]      scan-1141 get_device_data       : No context for object [ffff88040d823348]
[   45.677063]      scan-1141 get_device_data       : No context for object [ffff88040d823370]
[   45.677260]      scan-1141 get_device_data       : No context for object [ffff88040d823398]
[   45.677450]      scan-1141 get_device_data       : No context for object [ffff88040d8233c0]
[   45.677650]     utils-0051 util_eval_error       : Evaluate [\_SB_.PCI0.PB3_.VGA_._STA]: AE_NOT_FOUND
[   45.677877]     video-0058 backlight_cap_match   : Found generic backlight support
[   45.678086] device: 'LNXVIDEO:00': device_add
[   45.678150] bus: 'acpi': add device LNXVIDEO:00
[   45.678226]     utils-0051 util_eval_error       : Evaluate [\_SB_.PCI0.PB3_.VGA_._SUN]: AE_NOT_FOUND
[   45.678435]      scan-1933 add_single_object     : Added LNXVIDEO:00 [\_SB_.PCI0.PB3_.VGA_] parent device:03
[   45.678640]      scan-1141 get_device_data       : No context for object [ffff88040d8233e8]
[   45.678838]      scan-1141 get_device_data       : No context for object [ffff88040d823410]
[   45.679036]      scan-1141 get_device_data       : No context for object [ffff88040d823438]
[   45.679234]      scan-1141 get_device_data       : No context for object [ffff88040d823460]
[   45.679431]      scan-1141 get_device_data       : No context for object [ffff88040d823488]
[   45.679629]      scan-1141 get_device_data       : No context for object [ffff88040d8234b0]
[   45.679826]      scan-1141 get_device_data       : No context for object [ffff88040d8234d8]
[   45.680003]      scan-1141 get_device_data       : No context for object [ffff88040d823500]
[   45.680200]      scan-1141 get_device_data       : No context for object [ffff88040d823528]
[   45.680397]      scan-1141 get_device_data       : No context for object [ffff88040d823550]
[   45.680594]      scan-1141 get_device_data       : No context for object [ffff88040d823578]
[   45.680792]      scan-1141 get_device_data       : No context for object [ffff88040d8235a0]
[   45.680989]      scan-1141 get_device_data       : No context for object [ffff88040d8235c8]
[   45.681187]      scan-1141 get_device_data       : No context for object [ffff88040d8235f0]
[   45.681384]      scan-1141 get_device_data       : No context for object [ffff88040d823618]
[   45.681562]      scan-1141 get_device_data       : No context for object [ffff88040d823640]
[   45.681759]      scan-1141 get_device_data       : No context for object [ffff88040d823668]
[   45.681956]      scan-1141 get_device_data       : No context for object [ffff88040d823690]
[   45.682153]      scan-1141 get_device_data       : No context for object [ffff88040d8236b8]
[   45.682351]      scan-1141 get_device_data       : No context for object [ffff88040d8236e0]
[   45.682501]      scan-1141 get_device_data       : No context for object [ffff88040d823708]
[   45.682678]      scan-1141 get_device_data       : No context for object [ffff88040d823730]
[   45.682876]      scan-1141 get_device_data       : No context for object [ffff88040d823758]
[   45.683074]      scan-1141 get_device_data       : No context for object [ffff88040d823780]
[   45.683346]      scan-1141 get_device_data       : No context for object [ffff88040d8237a8]
[   45.683513]      scan-1141 get_device_data       : No context for object [ffff88040d8237d0]
[   45.683711]      scan-1141 get_device_data       : No context for object [ffff88040d8237f8]
[   45.683908]      scan-1141 get_device_data       : No context for object [ffff88040d823820]
[   45.684105]      scan-1141 get_device_data       : No context for object [ffff88040d823848]
[   45.684303]      scan-1141 get_device_data       : No context for object [ffff88040d823870]
[   45.684490]      scan-1141 get_device_data       : No context for object [ffff88040d823898]
[   45.684688]      scan-1141 get_device_data       : No context for object [ffff88040d8238c0]
[   45.684885]      scan-1141 get_device_data       : No context for object [ffff88040d8238e8]
[   45.685082]      scan-1141 get_device_data       : No context for object [ffff88040d823910]
[   45.685279]      scan-1141 get_device_data       : No context for object [ffff88040d823938]
[   45.685476]      scan-1141 get_device_data       : No context for object [ffff88040d823960]
[   45.685673]      scan-1141 get_device_data       : No context for object [ffff88040d823988]
[   45.685870]      scan-1141 get_device_data       : No context for object [ffff88040d8239b0]
[   45.686669]      scan-1141 get_device_data       : No context for object [ffff88040d8239d8]
[   45.686866]      scan-1141 get_device_data       : No context for object [ffff88040d837460]
[   45.687063]      scan-1141 get_device_data       : No context for object [ffff88040d83ac08]
[   45.687260]      scan-1141 get_device_data       : No context for object [ffff88040d83ac30]
[   45.687458]      scan-1141 get_device_data       : No context for object [ffff88040d83ac58]
[   45.687656]     utils-0051 util_eval_error       : Evaluate [\_SB_.PCI0.PB3_.VGA_.CRT_._STA]: AE_NOT_FOUND
[   45.687901] device: 'device:04': device_add
[   45.688011] bus: 'acpi': add device device:04
[   45.688084]     utils-0051 util_eval_error       : Evaluate [\_SB_.PCI0.PB3_.VGA_.CRT_._SUN]: AE_NOT_FOUND
[   45.688271]      scan-1933 add_single_object     : Added device:04 [\_SB_.PCI0.PB3_.VGA_.CRT_] parent LNXVIDEO:00
[   45.688470]      scan-1141 get_device_data       : No context for object [ffff88040d83ac80]
[   45.688666]      scan-1141 get_device_data       : No context for object [ffff88040d83aca8]
[   45.688860]      scan-1141 get_device_data       : No context for object [ffff88040d83acd0]
[   45.689055]      scan-1141 get_device_data       : No context for object [ffff88040d83acf8]
[   45.689249]      scan-1141 get_device_data       : No context for object [ffff88040d83ad20]
[   45.689446]     utils-0051 util_eval_error       : Evaluate [\_SB_.PCI0.PB3_.VGA_.LCD_._STA]: AE_NOT_FOUND
[   45.690046] device: 'device:05': device_add
[   45.690157] bus: 'acpi': add device device:05
[   45.690230]     utils-0051 util_eval_error       : Evaluate [\_SB_.PCI0.PB3_.VGA_.LCD_._SUN]: AE_NOT_FOUND
[   45.690433]      scan-1933 add_single_object     : Added device:05 [\_SB_.PCI0.PB3_.VGA_.LCD_] parent LNXVIDEO:00
[   45.690634]      scan-1141 get_device_data       : No context for object [ffff88040d83ad48]
[   45.690829]      scan-1141 get_device_data       : No context for object [ffff88040d83ad70]
[   45.691024]      scan-1141 get_device_data       : No context for object [ffff88040d83ad98]
[   45.691219]      scan-1141 get_device_data       : No context for object [ffff88040d83adc0]
[   45.691414]      scan-1141 get_device_data       : No context for object [ffff88040d83ade8]
[   45.691608]      scan-1141 get_device_data       : No context for object [ffff88040d83ae10]
[   45.691804]      scan-1141 get_device_data       : No context for object [ffff88040d83ae38]
[   45.691997]      scan-1141 get_device_data       : No context for object [ffff88040d83ae60]
[   45.692193]     utils-0051 util_eval_error       : Evaluate [\_SB_.PCI0.PB3_.VGA_.TV0_._STA]: AE_NOT_FOUND
[   45.692421] device: 'device:06': device_add
[   45.692482] bus: 'acpi': add device device:06
[   45.692557]     utils-0051 util_eval_error       : Evaluate [\_SB_.PCI0.PB3_.VGA_.TV0_._SUN]: AE_NOT_FOUND
[   45.692743]      scan-1933 add_single_object     : Added device:06 [\_SB_.PCI0.PB3_.VGA_.TV0_] parent LNXVIDEO:00
[   45.692945]      scan-1141 get_device_data       : No context for object [ffff88040d83ae88]
[   45.693143]      scan-1141 get_device_data       : No context for object [ffff88040d83aeb0]
[   45.693336]      scan-1141 get_device_data       : No context for object [ffff88040d83aed8]
[   45.693488]      scan-1141 get_device_data       : No context for object [ffff88040d83af00]
[   45.693665]      scan-1141 get_device_data       : No context for object [ffff88040d83af28]
[   45.693864]     utils-0051 util_eval_error       : Evaluate [\_SB_.PCI0.PB3_.VGA_.HDMI._STA]: AE_NOT_FOUND
[   45.694106] device: 'device:07': device_add
[   45.694216] bus: 'acpi': add device device:07
[   45.694292]     utils-0051 util_eval_error       : Evaluate [\_SB_.PCI0.PB3_.VGA_.HDMI._SUN]: AE_NOT_FOUND
[   45.694479]      scan-1933 add_single_object     : Added device:07 [\_SB_.PCI0.PB3_.VGA_.HDMI] parent LNXVIDEO:00
[   45.694681]      scan-1141 get_device_data       : No context for object [ffff88040d83af50]
[   45.694879]      scan-1141 get_device_data       : No context for object [ffff88040d83af78]
[   45.695076]      scan-1141 get_device_data       : No context for object [ffff88040d83afa0]
[   45.695274]      scan-1141 get_device_data       : No context for object [ffff88040d83afc8]
[   45.695452]      scan-1141 get_device_data       : No context for object [ffff88040d823a00]
[   45.695650]     utils-0051 util_eval_error       : Evaluate [\_SB_.PCI0.PB3_.HDAU._STA]: AE_NOT_FOUND
[   45.695884] device: 'device:08': device_add
[   45.695947] bus: 'acpi': add device device:08
[   45.696021]     utils-0051 util_eval_error       : Evaluate [\_SB_.PCI0.PB3_.HDAU._SUN]: AE_NOT_FOUND
[   45.696227]      scan-1933 add_single_object     : Added device:08 [\_SB_.PCI0.PB3_.HDAU] parent device:03
[   45.696425]      scan-1141 get_device_data       : No context for object [ffff88040d823a28]
[   45.696670]      scan-1141 get_device_data       : No context for object [ffff88040d823a50]
[   45.696867]      scan-1141 get_device_data       : No context for object [ffff88040d823a78]
[   45.697064]      scan-1141 get_device_data       : No context for object [ffff88040d823aa0]
[   45.697261]      scan-1141 get_device_data       : No context for object [ffff88040d823ac8]
[   45.697459]      scan-1141 get_device_data       : No context for object [ffff88040d823af0]
[   45.697657]      scan-1141 get_device_data       : No context for object [ffff88040d823b18]
[   45.697856]     utils-0051 util_eval_error       : Evaluate [\_SB_.PCI0.PB4_._STA]: AE_NOT_FOUND
[   45.698153] device: 'device:09': device_add
[   45.698217] bus: 'acpi': add device device:09
[   45.698292]     utils-0051 util_eval_error       : Evaluate [\_SB_.PCI0.PB4_._SUN]: AE_NOT_FOUND
[   45.698477]      scan-1933 add_single_object     : Added device:09 [\_SB_.PCI0.PB4_] parent PNP0A08:00
[   45.698680]      scan-1141 get_device_data       : No context for object [ffff88040d823b40]
[   45.698877]      scan-1141 get_device_data       : No context for object [ffff88040d823b68]
[   45.699074]      scan-1141 get_device_data       : No context for object [ffff88040d823b90]
[   45.699272]      scan-1141 get_device_data       : No context for object [ffff88040d823bb8]
[   45.699467]      scan-1141 get_device_data       : No context for object [ffff88040d823be0]
[   45.699664]      scan-1141 get_device_data       : No context for object [ffff88040d823c08]
[   45.699861]      scan-1141 get_device_data       : No context for object [ffff88040d823c30]
[   45.699861]      scan-1141 get_device_data       : No context for object [ffff88040d823c58]
[   45.699861]      scan-1141 get_device_data       : No context for object [ffff88040d823c80]
[   45.699861]      scan-1141 get_device_data       : No context for object [ffff88040d823ca8]
[   45.699861]      scan-1141 get_device_data       : No context for object [ffff88040d823cd0]
[   45.699861]      scan-1141 get_device_data       : No context for object [ffff88040d823cf8]
[   45.699861]      scan-1141 get_device_data       : No context for object [ffff88040d823d20]
[   45.699861]      scan-1141 get_device_data       : No context for object [ffff88040d823d48]
[   45.699861]      scan-1141 get_device_data       : No context for object [ffff88040d823d70]
[   45.699861]      scan-1141 get_device_data       : No context for object [ffff88040d823d98]
[   45.699861]      scan-1141 get_device_data       : No context for object [ffff88040d823dc0]
[   45.699861]      scan-1141 get_device_data       : No context for object [ffff88040d823de8]
[   45.699861]      scan-1141 get_device_data       : No context for object [ffff88040d823e10]
[   45.699861]      scan-1141 get_device_data       : No context for object [ffff88040d823e38]
[   45.699861]      scan-1141 get_device_data       : No context for object [ffff88040d823e60]
[   45.699861]      scan-1141 get_device_data       : No context for object [ffff88040d823e88]
[   45.699861]      scan-1141 get_device_data       : No context for object [ffff88040d823eb0]
[   45.699937]      scan-1141 get_device_data       : No context for object [ffff88040d823ed8]
[   45.700130]      scan-1141 get_device_data       : No context for object [ffff88040d823f00]
[   45.700282]      scan-1141 get_device_data       : No context for object [ffff88040d823f28]
[   45.700459]      scan-1141 get_device_data       : No context for object [ffff88040d823f50]
[   45.700657]      scan-1141 get_device_data       : No context for object [ffff88040d823f78]
[   45.700854]      scan-1141 get_device_data       : No context for object [ffff88040d823fa0]
[   45.701051]      scan-1141 get_device_data       : No context for object [ffff88040d823fc8]
[   45.701229]      scan-1141 get_device_data       : No context for object [ffff88040d825000]
[   45.702398]     utils-0051 util_eval_error       : Evaluate [\_SB_.PCI0.PB4_.XPDV._STA]: AE_NOT_FOUND
[   45.702629] device: 'device:0a': device_add
[   45.702690] bus: 'acpi': add device device:0a
[   45.702766]     utils-0051 util_eval_error       : Evaluate [\_SB_.PCI0.PB4_.XPDV._SUN]: AE_NOT_FOUND
[   45.703457]      scan-1933 add_single_object     : Added device:0a [\_SB_.PCI0.PB4_.XPDV] parent device:09
[   45.703457]      scan-1141 get_device_data       : No context for object [ffff88040d825028]
[   45.706670]      scan-1141 get_device_data       : No context for object [ffff88040d825050]
[   45.706863]      scan-1141 get_device_data       : No context for object [ffff88040d825078]
[   45.707058]      scan-1141 get_device_data       : No context for object [ffff88040d8250a0]
[   45.707251]      scan-1141 get_device_data       : No context for object [ffff88040d8250c8]
[   45.707446]      scan-1141 get_device_data       : No context for object [ffff88040d837500]
[   45.707594]      scan-1141 get_device_data       : No context for object [ffff88040d8250f0]
[   45.707770]      scan-1141 get_device_data       : No context for object [ffff88040d825118]
[   45.707965]     utils-0051 util_eval_error       : Evaluate [\_SB_.PCI0.PB5_._STA]: AE_NOT_FOUND
[   45.708257] device: 'device:0b': device_add
[   45.708319] bus: 'acpi': add device device:0b
[   45.708393]     utils-0051 util_eval_error       : Evaluate [\_SB_.PCI0.PB5_._SUN]: AE_NOT_FOUND
[   45.708579]      scan-1933 add_single_object     : Added device:0b [\_SB_.PCI0.PB5_] parent PNP0A08:00
[   45.708777]      scan-1141 get_device_data       : No context for object [ffff88040d825140]
[   45.708971]      scan-1141 get_device_data       : No context for object [ffff88040d825168]
[   45.709167]      scan-1141 get_device_data       : No context for object [ffff88040d825190]
[   45.709364]      scan-1141 get_device_data       : No context for object [ffff88040d8251b8]
[   45.709541]      scan-1141 get_device_data       : No context for object [ffff88040d8251e0]
[   45.709738]      scan-1141 get_device_data       : No context for object [ffff88040d825208]
[   45.709935]      scan-1141 get_device_data       : No context for object [ffff88040d825230]
[   45.710131]      scan-1141 get_device_data       : No context for object [ffff88040d825258]
[   45.710328]      scan-1141 get_device_data       : No context for object [ffff88040d825280]
[   45.710514]      scan-1141 get_device_data       : No context for object [ffff88040d8252a8]
[   45.710711]      scan-1141 get_device_data       : No context for object [ffff88040d8252d0]
[   45.710909]      scan-1141 get_device_data       : No context for object [ffff88040d8252f8]
[   45.711106]      scan-1141 get_device_data       : No context for object [ffff88040d825320]
[   45.711303]      scan-1141 get_device_data       : No context for object [ffff88040d825348]
[   45.711502]      scan-1141 get_device_data       : No context for object [ffff88040d825370]
[   45.711699]      scan-1141 get_device_data       : No context for object [ffff88040d825398]
[   45.711897]      scan-1141 get_device_data       : No context for object [ffff88040d8253c0]
[   45.712095]      scan-1141 get_device_data       : No context for object [ffff88040d8253e8]
[   45.712292]      scan-1141 get_device_data       : No context for object [ffff88040d825410]
[   45.712490]      scan-1141 get_device_data       : No context for object [ffff88040d825438]
[   45.712687]      scan-1141 get_device_data       : No context for object [ffff88040d825460]
[   45.712884]      scan-1141 get_device_data       : No context for object [ffff88040d825488]
[   45.713082]      scan-1141 get_device_data       : No context for object [ffff88040d8254b0]
[   45.713279]      scan-1141 get_device_data       : No context for object [ffff88040d8254d8]
[   45.713279]      scan-1141 get_device_data       : No context for object [ffff88040d825500]
[   45.713279]      scan-1141 get_device_data       : No context for object [ffff88040d825528]
[   45.713279]      scan-1141 get_device_data       : No context for object [ffff88040d825550]
[   45.713279]      scan-1141 get_device_data       : No context for object [ffff88040d825578]
[   45.713279]      scan-1141 get_device_data       : No context for object [ffff88040d8255a0]
[   45.713279]      scan-1141 get_device_data       : No context for object [ffff88040d8255c8]
[   45.713279]      scan-1141 get_device_data       : No context for object [ffff88040d8255f0]
[   45.713279]     utils-0051 util_eval_error       : Evaluate [\_SB_.PCI0.PB5_.XPDV._STA]: AE_NOT_FOUND
[   45.713279] device: 'device:0c': device_add
[   45.713279] bus: 'acpi': add device device:0c
[   45.713279]     utils-0051 util_eval_error       : Evaluate [\_SB_.PCI0.PB5_.XPDV._SUN]: AE_NOT_FOUND
[   45.713464]      scan-1933 add_single_object     : Added device:0c [\_SB_.PCI0.PB5_.XPDV] parent device:0b
[   45.713464]      scan-1141 get_device_data       : No context for object [ffff88040d825618]
[   45.713464]      scan-1141 get_device_data       : No context for object [ffff88040d825640]
[   45.713464]      scan-1141 get_device_data       : No context for object [ffff88040d825668]
[   45.713464]      scan-1141 get_device_data       : No context for object [ffff88040d825690]
[   45.713464]      scan-1141 get_device_data       : No context for object [ffff88040d8256b8]
[   45.713464]      scan-1141 get_device_data       : No context for object [ffff88040d837528]
[   45.716670]      scan-1141 get_device_data       : No context for object [ffff88040d8256e0]
[   45.716868]      scan-1141 get_device_data       : No context for object [ffff88040d825708]
[   45.717067]     utils-0051 util_eval_error       : Evaluate [\_SB_.PCI0.PB6_._STA]: AE_NOT_FOUND
[   45.717363] device: 'device:0d': device_add
[   45.717427] bus: 'acpi': add device device:0d
[   45.717504]     utils-0051 util_eval_error       : Evaluate [\_SB_.PCI0.PB6_._SUN]: AE_NOT_FOUND
[   45.717690]      scan-1933 add_single_object     : Added device:0d [\_SB_.PCI0.PB6_] parent PNP0A08:00
[   45.717892]      scan-1141 get_device_data       : No context for object [ffff88040d825730]
[   45.718090]      scan-1141 get_device_data       : No context for object [ffff88040d825758]
[   45.718288]      scan-1141 get_device_data       : No context for object [ffff88040d825780]
[   45.718469]      scan-1141 get_device_data       : No context for object [ffff88040d8257a8]
[   45.718666]      scan-1141 get_device_data       : No context for object [ffff88040d8257d0]
[   45.718863]      scan-1141 get_device_data       : No context for object [ffff88040d8257f8]
[   45.719060]      scan-1141 get_device_data       : No context for object [ffff88040d825820]
[   45.719258]      scan-1141 get_device_data       : No context for object [ffff88040d825848]
[   45.719455]      scan-1141 get_device_data       : No context for object [ffff88040d825870]
[   45.719653]      scan-1141 get_device_data       : No context for object [ffff88040d825898]
[   45.719851]      scan-1141 get_device_data       : No context for object [ffff88040d8258c0]
[   45.720003]      scan-1141 get_device_data       : No context for object [ffff88040d8258e8]
[   45.720201]      scan-1141 get_device_data       : No context for object [ffff88040d825910]
[   45.720398]      scan-1141 get_device_data       : No context for object [ffff88040d825938]
[   45.720596]      scan-1141 get_device_data       : No context for object [ffff88040d825960]
[   45.720793]      scan-1141 get_device_data       : No context for object [ffff88040d825988]
[   45.720991]      scan-1141 get_device_data       : No context for object [ffff88040d8259b0]
[   45.721188]      scan-1141 get_device_data       : No context for object [ffff88040d8259d8]
[   45.721385]      scan-1141 get_device_data       : No context for object [ffff88040d825a00]
[   45.721562]      scan-1141 get_device_data       : No context for object [ffff88040d825a28]
[   45.721760]      scan-1141 get_device_data       : No context for object [ffff88040d825a50]
[   45.721954]      scan-1141 get_device_data       : No context for object [ffff88040d825a78]
[   45.722149]      scan-1141 get_device_data       : No context for object [ffff88040d825aa0]
[   45.722343]      scan-1141 get_device_data       : No context for object [ffff88040d825ac8]
[   45.722492]      scan-1141 get_device_data       : No context for object [ffff88040d825af0]
[   45.722668]      scan-1141 get_device_data       : No context for object [ffff88040d825b18]
[   45.722863]      scan-1141 get_device_data       : No context for object [ffff88040d825b40]
[   45.723336]      scan-1141 get_device_data       : No context for object [ffff88040d825b68]
[   45.723530]      scan-1141 get_device_data       : No context for object [ffff88040d825b90]
[   45.723725]      scan-1141 get_device_data       : No context for object [ffff88040d825bb8]
[   45.723875]      scan-1141 get_device_data       : No context for object [ffff88040d825be0]
[   45.724053]     utils-0051 util_eval_error       : Evaluate [\_SB_.PCI0.PB6_.XPDV._STA]: AE_NOT_FOUND
[   45.724284] device: 'device:0e': device_add
[   45.724344] bus: 'acpi': add device device:0e
[   45.724418]     utils-0051 util_eval_error       : Evaluate [\_SB_.PCI0.PB6_.XPDV._SUN]: AE_NOT_FOUND
[   45.724621]      scan-1933 add_single_object     : Added device:0e [\_SB_.PCI0.PB6_.XPDV] parent device:0d
[   45.724802]      scan-1141 get_device_data       : No context for object [ffff88040d825c08]
[   45.724996]      scan-1141 get_device_data       : No context for object [ffff88040d825c30]
[   45.725191]      scan-1141 get_device_data       : No context for object [ffff88040d825c58]
[   45.725386]      scan-1141 get_device_data       : No context for object [ffff88040d825c80]
[   45.725581]      scan-1141 get_device_data       : No context for object [ffff88040d825ca8]
[   45.725777]      scan-1141 get_device_data       : No context for object [ffff88040d837550]
[   45.726670]      scan-1141 get_device_data       : No context for object [ffff88040d825cd0]
[   45.726867]      scan-1141 get_device_data       : No context for object [ffff88040d825cf8]
[   45.727066]     utils-0051 util_eval_error       : Evaluate [\_SB_.PCI0.PB7_._STA]: AE_NOT_FOUND
[   45.727359] device: 'device:0f': device_add
[   45.727423] bus: 'acpi': add device device:0f
[   45.727497]     utils-0051 util_eval_error       : Evaluate [\_SB_.PCI0.PB7_._SUN]: AE_NOT_FOUND
[   45.727683]      scan-1933 add_single_object     : Added device:0f [\_SB_.PCI0.PB7_] parent PNP0A08:00
[   45.727885]      scan-1141 get_device_data       : No context for object [ffff88040d825d20]
[   45.728082]      scan-1141 get_device_data       : No context for object [ffff88040d825d48]
[   45.728279]      scan-1141 get_device_data       : No context for object [ffff88040d825d70]
[   45.728469]      scan-1141 get_device_data       : No context for object [ffff88040d825d98]
[   45.728666]      scan-1141 get_device_data       : No context for object [ffff88040d825dc0]
[   45.728863]      scan-1141 get_device_data       : No context for object [ffff88040d825de8]
[   45.729062]      scan-1141 get_device_data       : No context for object [ffff88040d825e10]
[   45.729259]      scan-1141 get_device_data       : No context for object [ffff88040d825e38]
[   45.729457]      scan-1141 get_device_data       : No context for object [ffff88040d825e60]
[   45.729655]      scan-1141 get_device_data       : No context for object [ffff88040d825e88]
[   45.729852]      scan-1141 get_device_data       : No context for object [ffff88040d825eb0]
[   45.730003]      scan-1141 get_device_data       : No context for object [ffff88040d825ed8]
[   45.730200]      scan-1141 get_device_data       : No context for object [ffff88040d825f00]
[   45.730397]      scan-1141 get_device_data       : No context for object [ffff88040d825f28]
[   45.730595]      scan-1141 get_device_data       : No context for object [ffff88040d825f50]
[   45.730793]      scan-1141 get_device_data       : No context for object [ffff88040d825f78]
[   45.730990]      scan-1141 get_device_data       : No context for object [ffff88040d825fa0]
[   45.731188]      scan-1141 get_device_data       : No context for object [ffff88040d825fc8]
[   45.731385]      scan-1141 get_device_data       : No context for object [ffff88040d827000]
[   45.731562]      scan-1141 get_device_data       : No context for object [ffff88040d827028]
[   45.731760]      scan-1141 get_device_data       : No context for object [ffff88040d827050]
[   45.731957]      scan-1141 get_device_data       : No context for object [ffff88040d827078]
[   45.732155]      scan-1141 get_device_data       : No context for object [ffff88040d8270a0]
[   45.732352]      scan-1141 get_device_data       : No context for object [ffff88040d8270c8]
[   45.732504]      scan-1141 get_device_data       : No context for object [ffff88040d8270f0]
[   45.732680]      scan-1141 get_device_data       : No context for object [ffff88040d827118]
[   45.732878]      scan-1141 get_device_data       : No context for object [ffff88040d827140]
[   45.733076]      scan-1141 get_device_data       : No context for object [ffff88040d827168]
[   45.733335]      scan-1141 get_device_data       : No context for object [ffff88040d827190]
[   45.733512]      scan-1141 get_device_data       : No context for object [ffff88040d8271b8]
[   45.733710]      scan-1141 get_device_data       : No context for object [ffff88040d8271e0]
[   45.733909]     utils-0051 util_eval_error       : Evaluate [\_SB_.PCI0.PB7_.XPDV._STA]: AE_NOT_FOUND
[   45.734141] device: 'device:10': device_add
[   45.734204] bus: 'acpi': add device device:10
[   45.734281]     utils-0051 util_eval_error       : Evaluate [\_SB_.PCI0.PB7_.XPDV._SUN]: AE_NOT_FOUND
[   45.734488]      scan-1933 add_single_object     : Added device:10 [\_SB_.PCI0.PB7_.XPDV] parent device:0f
[   45.734691]      scan-1141 get_device_data       : No context for object [ffff88040d827208]
[   45.734888]      scan-1141 get_device_data       : No context for object [ffff88040d827230]
[   45.735085]      scan-1141 get_device_data       : No context for object [ffff88040d827258]
[   45.735282]      scan-1141 get_device_data       : No context for object [ffff88040d827280]
[   45.735479]      scan-1141 get_device_data       : No context for object [ffff88040d8272a8]
[   45.735677]      scan-1141 get_device_data       : No context for object [ffff88040d837488]
[   45.735874]      scan-1141 get_device_data       : No context for object [ffff88040d8272d0]
[   45.736072]      scan-1141 get_device_data       : No context for object [ffff88040d8272f8]
[   45.736271]     utils-0051 util_eval_error       : Evaluate [\_SB_.PCI0.OHC1._STA]: AE_NOT_FOUND
[   45.736514] device: 'device:11': device_add
[   45.736577] bus: 'acpi': add device device:11
[   45.736684]     utils-0051 util_eval_error       : Evaluate [\_SB_.PCI0.OHC1._SUN]: AE_NOT_FOUND
[   45.736890]      scan-1933 add_single_object     : Added device:11 [\_SB_.PCI0.OHC1] parent PNP0A08:00
[   45.737092]      scan-1141 get_device_data       : No context for object [ffff88040d827320]
[   45.737289]      scan-1141 get_device_data       : No context for object [ffff88040d827348]
[   45.737487]      scan-1141 get_device_data       : No context for object [ffff88040d83b2f8]
[   45.737685]     utils-0051 util_eval_error       : Evaluate [\_SB_.PCI0.OHC1.RHUB._STA]: AE_NOT_FOUND
[   45.737919] device: 'device:12': device_add
[   45.737981] bus: 'acpi': add device device:12
[   45.738055]     utils-0051 util_eval_error       : Evaluate [\_SB_.PCI0.OHC1.RHUB._SUN]: AE_NOT_FOUND
[   45.738262]      scan-1933 add_single_object     : Added device:12 [\_SB_.PCI0.OHC1.RHUB] parent device:11
[   45.738464]      scan-1141 get_device_data       : No context for object [ffff88040d83b320]
[   45.738613]      scan-1141 get_device_data       : No context for object [ffff88040d83b348]
[   45.738791]     utils-0051 util_eval_error       : Evaluate [\_SB_.PCI0.OHC1.RHUB.PRT3._STA]: AE_NOT_FOUND
[   45.739007] device: 'device:13': device_add
[   45.739064] bus: 'acpi': add device device:13
[   45.739131]     utils-0051 util_eval_error       : Evaluate [\_SB_.PCI0.OHC1.RHUB.PRT3._SUN]: AE_NOT_FOUND
[   45.739336]      scan-1933 add_single_object     : Added device:13 [\_SB_.PCI0.OHC1.RHUB.PRT3] parent device:12
[   45.739517]      scan-1141 get_device_data       : No context for object [ffff88040d83b370]
[   45.739712]      scan-1141 get_device_data       : No context for object [ffff88040d83b398]
[   45.739904]      scan-1141 get_device_data       : No context for object [ffff88040d83b3c0]
[   45.739904]      scan-1141 get_device_data       : No context for object [ffff88040d83b3e8]
[   45.739904]     utils-0051 util_eval_error       : Evaluate [\_SB_.PCI0.OHC1.RHUB.PRT4._STA]: AE_NOT_FOUND
[   45.739904] device: 'device:14': device_add
[   45.739904] bus: 'acpi': add device device:14
[   45.739904]     utils-0051 util_eval_error       : Evaluate [\_SB_.PCI0.OHC1.RHUB.PRT4._SUN]: AE_NOT_FOUND
[   45.740135]      scan-1933 add_single_object     : Added device:14 [\_SB_.PCI0.OHC1.RHUB.PRT4] parent device:12
[   45.740135]      scan-1141 get_device_data       : No context for object [ffff88040d83b410]
[   45.740135]      scan-1141 get_device_data       : No context for object [ffff88040d83b438]
[   45.740135]      scan-1141 get_device_data       : No context for object [ffff88040d83b460]
[   45.740135]      scan-1141 get_device_data       : No context for object [ffff88040d827370]
[   45.740135]     utils-0051 util_eval_error       : Evaluate [\_SB_.PCI0.EHC1._STA]: AE_NOT_FOUND
[   45.740135] device: 'device:15': device_add
[   45.740135] bus: 'acpi': add device device:15
[   45.740135]     utils-0051 util_eval_error       : Evaluate [\_SB_.PCI0.EHC1._SUN]: AE_NOT_FOUND
[   45.743352]      scan-1933 add_single_object     : Added device:15 [\_SB_.PCI0.EHC1] parent PNP0A08:00
[   45.743533]      scan-1141 get_device_data       : No context for object [ffff88040d827398]
[   45.743731]      scan-1141 get_device_data       : No context for object [ffff88040d8273c0]
[   45.743927]      scan-1141 get_device_data       : No context for object [ffff88040d83b028]
[   45.744126]     utils-0051 util_eval_error       : Evaluate [\_SB_.PCI0.EHC1.RHUB._STA]: AE_NOT_FOUND
[   45.744358] device: 'device:16': device_add
[   45.744423] bus: 'acpi': add device device:16
[   45.744499]     utils-0051 util_eval_error       : Evaluate [\_SB_.PCI0.EHC1.RHUB._SUN]: AE_NOT_FOUND
[   45.744684]      scan-1933 add_single_object     : Added device:16 [\_SB_.PCI0.EHC1.RHUB] parent device:15
[   45.744887]      scan-1141 get_device_data       : No context for object [ffff88040d83b050]
[   45.745084]      scan-1141 get_device_data       : No context for object [ffff88040d83b078]
[   45.745282]     utils-0051 util_eval_error       : Evaluate [\_SB_.PCI0.EHC1.RHUB.PRT3._STA]: AE_NOT_FOUND
[   45.745515] device: 'device:17': device_add
[   45.745578] bus: 'acpi': add device device:17
[   45.745653]     utils-0051 util_eval_error       : Evaluate [\_SB_.PCI0.EHC1.RHUB.PRT3._SUN]: AE_NOT_FOUND
[   45.745839]      scan-1933 add_single_object     : Added device:17 [\_SB_.PCI0.EHC1.RHUB.PRT3] parent device:16
[   45.746041]      scan-1141 get_device_data       : No context for object [ffff88040d83b0a0]
[   45.746238]      scan-1141 get_device_data       : No context for object [ffff88040d83b0c8]
[   45.746436]      scan-1141 get_device_data       : No context for object [ffff88040d83b0f0]
[   45.746587]      scan-1141 get_device_data       : No context for object [ffff88040d83b118]
[   45.746779]     utils-0051 util_eval_error       : Evaluate [\_SB_.PCI0.EHC1.RHUB.PRT4._STA]: AE_NOT_FOUND
[   45.747012] device: 'device:18': device_add
[   45.747075] bus: 'acpi': add device device:18
[   45.747151]     utils-0051 util_eval_error       : Evaluate [\_SB_.PCI0.EHC1.RHUB.PRT4._SUN]: AE_NOT_FOUND
[   45.747358]      scan-1933 add_single_object     : Added device:18 [\_SB_.PCI0.EHC1.RHUB.PRT4] parent device:16
[   45.747539]      scan-1141 get_device_data       : No context for object [ffff88040d83b140]
[   45.747737]      scan-1141 get_device_data       : No context for object [ffff88040d83b168]
[   45.747934]      scan-1141 get_device_data       : No context for object [ffff88040d83b190]
[   45.748132]      scan-1141 get_device_data       : No context for object [ffff88040d8273e8]
[   45.748330]     utils-0051 util_eval_error       : Evaluate [\_SB_.PCI0.OHC2._STA]: AE_NOT_FOUND
[   45.748573] device: 'device:19': device_add
[   45.748636] bus: 'acpi': add device device:19
[   45.748710]     utils-0051 util_eval_error       : Evaluate [\_SB_.PCI0.OHC2._SUN]: AE_NOT_FOUND
[   45.748916]      scan-1933 add_single_object     : Added device:19 [\_SB_.PCI0.OHC2] parent PNP0A08:00
[   45.749118]      scan-1141 get_device_data       : No context for object [ffff88040d827410]
[   45.749315]      scan-1141 get_device_data       : No context for object [ffff88040d827438]
[   45.749513]      scan-1141 get_device_data       : No context for object [ffff88040d83b488]
[   45.749711]     utils-0051 util_eval_error       : Evaluate [\_SB_.PCI0.OHC2.RHUB._STA]: AE_NOT_FOUND
[   45.749943] device: 'device:1a': device_add
[   45.750005] bus: 'acpi': add device device:1a
[   45.750080]     utils-0051 util_eval_error       : Evaluate [\_SB_.PCI0.OHC2.RHUB._SUN]: AE_NOT_FOUND
[   45.750288]      scan-1933 add_single_object     : Added device:1a [\_SB_.PCI0.OHC2.RHUB] parent device:19
[   45.750489]      scan-1141 get_device_data       : No context for object [ffff88040d83b4b0]
[   45.750666]      scan-1141 get_device_data       : No context for object [ffff88040d83b4d8]
[   45.750865]     utils-0051 util_eval_error       : Evaluate [\_SB_.PCI0.OHC2.RHUB.PRT4._STA]: AE_NOT_FOUND
[   45.751097] device: 'device:1b': device_add
[   45.751159] bus: 'acpi': add device device:1b
[   45.751236]     utils-0051 util_eval_error       : Evaluate [\_SB_.PCI0.OHC2.RHUB.PRT4._SUN]: AE_NOT_FOUND
[   45.751444]      scan-1933 add_single_object     : Added device:1b [\_SB_.PCI0.OHC2.RHUB.PRT4] parent device:1a
[   45.751600]      scan-1141 get_device_data       : No context for object [ffff88040d83b500]
[   45.751777]      scan-1141 get_device_data       : No context for object [ffff88040d83b528]
[   45.751974]      scan-1141 get_device_data       : No context for object [ffff88040d83b550]
[   45.752173]      scan-1141 get_device_data       : No context for object [ffff88040d827460]
[   45.752371]     utils-0051 util_eval_error       : Evaluate [\_SB_.PCI0.EHC2._STA]: AE_NOT_FOUND
[   45.752594] device: 'device:1c': device_add
[   45.752657] bus: 'acpi': add device device:1c
[   45.752731]     utils-0051 util_eval_error       : Evaluate [\_SB_.PCI0.EHC2._SUN]: AE_NOT_FOUND
[   45.752938]      scan-1933 add_single_object     : Added device:1c [\_SB_.PCI0.EHC2] parent PNP0A08:00
[   45.753140]      scan-1141 get_device_data       : No context for object [ffff88040d827488]
[   45.753336]      scan-1141 get_device_data       : No context for object [ffff88040d8274b0]
[   45.753520]      scan-1141 get_device_data       : No context for object [ffff88040d83b1b8]
[   45.753720]     utils-0051 util_eval_error       : Evaluate [\_SB_.PCI0.EHC2.RHUB._STA]: AE_NOT_FOUND
[   45.753953] device: 'device:1d': device_add
[   45.754016] bus: 'acpi': add device device:1d
[   45.754091]     utils-0051 util_eval_error       : Evaluate [\_SB_.PCI0.EHC2.RHUB._SUN]: AE_NOT_FOUND
[   45.754298]      scan-1933 add_single_object     : Added device:1d [\_SB_.PCI0.EHC2.RHUB] parent device:1c
[   45.754499]      scan-1141 get_device_data       : No context for object [ffff88040d83b1e0]
[   45.754696]      scan-1141 get_device_data       : No context for object [ffff88040d83b208]
[   45.754889]     utils-0051 util_eval_error       : Evaluate [\_SB_.PCI0.EHC2.RHUB.PRT2._STA]: AE_NOT_FOUND
[   45.755121] device: 'device:1e': device_add
[   45.755184] bus: 'acpi': add device device:1e
[   45.755260]     utils-0051 util_eval_error       : Evaluate [\_SB_.PCI0.EHC2.RHUB.PRT2._SUN]: AE_NOT_FOUND
[   45.755466]      scan-1933 add_single_object     : Added device:1e [\_SB_.PCI0.EHC2.RHUB.PRT2] parent device:1d
[   45.755668]      scan-1141 get_device_data       : No context for object [ffff88040d83b230]
[   45.755862]      scan-1141 get_device_data       : No context for object [ffff88040d83b258]
[   45.756058]      scan-1141 get_device_data       : No context for object [ffff88040d83b280]
[   45.756253]      scan-1141 get_device_data       : No context for object [ffff88040d8274d8]
[   45.756447]     utils-0051 util_eval_error       : Evaluate [\_SB_.PCI0.OHC3._STA]: AE_NOT_FOUND
[   45.756643] device: 'device:1f': device_add
[   45.756672] bus: 'acpi': add device device:1f
[   45.756745]     utils-0051 util_eval_error       : Evaluate [\_SB_.PCI0.OHC3._SUN]: AE_NOT_FOUND
[   45.756931]      scan-1933 add_single_object     : Added device:1f [\_SB_.PCI0.OHC3] parent PNP0A08:00
[   45.757129]      scan-1141 get_device_data       : No context for object [ffff88040d827500]
[   45.757324]      scan-1141 get_device_data       : No context for object [ffff88040d827528]
[   45.757501]      scan-1141 get_device_data       : No context for object [ffff88040d83b578]
[   45.757697]     utils-0051 util_eval_error       : Evaluate [\_SB_.PCI0.OHC3.RHUB._STA]: AE_NOT_FOUND
[   45.757924] device: 'device:20': device_add
[   45.757984] bus: 'acpi': add device device:20
[   45.758058]     utils-0051 util_eval_error       : Evaluate [\_SB_.PCI0.OHC3.RHUB._SUN]: AE_NOT_FOUND
[   45.758263]      scan-1933 add_single_object     : Added device:20 [\_SB_.PCI0.OHC3.RHUB] parent device:1f
[   45.758462]      scan-1141 get_device_data       : No context for object [ffff88040d83b5a0]
[   45.758658]      scan-1141 get_device_data       : No context for object [ffff88040d827550]
[   45.758855]     utils-0051 util_eval_error       : Evaluate [\_SB_.PCI0.EHC3._STA]: AE_NOT_FOUND
[   45.759094] device: 'device:21': device_add
[   45.759154] bus: 'acpi': add device device:21
[   45.759229]     utils-0051 util_eval_error       : Evaluate [\_SB_.PCI0.EHC3._SUN]: AE_NOT_FOUND
[   45.759433]      scan-1933 add_single_object     : Added device:21 [\_SB_.PCI0.EHC3] parent PNP0A08:00
[   45.760006]      scan-1141 get_device_data       : No context for object [ffff88040d827578]
[   45.760203]      scan-1141 get_device_data       : No context for object [ffff88040d8275a0]
[   45.760400]      scan-1141 get_device_data       : No context for object [ffff88040d83b2a8]
[   45.760599]     utils-0051 util_eval_error       : Evaluate [\_SB_.PCI0.EHC3.RHUB._STA]: AE_NOT_FOUND
[   45.760831] device: 'device:22': device_add
[   45.760894] bus: 'acpi': add device device:22
