[    0.000000] Initializing cgroup subsys cpuset
[    0.000000] Initializing cgroup subsys cpu
[    0.000000] Initializing cgroup subsys cpuacct
[    0.000000] Linux version 3.17.0-rc2-gfd5984d (emacs@manji) (gcc version 4.9.1 (GCC) ) #52 SMP Sun Aug 31 16:53:44 CEST 2014
[    0.000000] Command line: BOOT_IMAGE=/vmlinuz-linux-git root=UUID=bfa4ab6e-19a3-4601-ba2b-267c55841c73 rw cryptdevice=/dev/disk/by-uuid/70c08890-417a-497d-b6ab-c0d0357a63e2:cryptManjaro:allow-discards ipv6.disable=1 pnp.debug=1 loglevel=9 log_buf_len=10M printk.always_kmsg_dump=y printk.time=y mminit_loglevel=0 memory_corruption_check=1 acpi.debug_layer=0xfbff0000 acpi.debug_level=0xFFFFFFFD pnp.debug=1 nohz=on rcu_nocbs=1-3 pcie_aspm=force fbcon=scrollback:4096k fbcon=font:ProFont6x11 radeon.audio=0 radeon.lockup_timeout=0 radeon.test=0 radeon.agpmode=-1 radeon.benchmark=0 radeon.tv=0 radeon.hard_reset=1 radeon.aspm=1 radeon.dpm=1 radeon.msi=1 radeon.pcie_gen2=-1 radeon.no_wb=1 radeon.modeset=1 radeon.dynclks=1 radeon.r4xx_atom=0 radeon.runpm=0 radeonfb radeon.fastfb=1 nomodeset
[    0.000000] KERNEL supported cpus:
[    0.000000]   AMD AuthenticAMD
[    0.000000] tseg: 00bfe00000
[    0.000000] e820: BIOS-provided physical RAM map:
[    0.000000] BIOS-e820: [mem 0x0000000000000000-0x000000000009d7ff] usable
[    0.000000] BIOS-e820: [mem 0x000000000009d800-0x000000000009ffff] reserved
[    0.000000] BIOS-e820: [mem 0x00000000000e0000-0x00000000000fffff] reserved
[    0.000000] BIOS-e820: [mem 0x0000000000100000-0x00000000bed9afff] usable
[    0.000000] BIOS-e820: [mem 0x00000000bed9b000-0x00000000bf39afff] reserved
[    0.000000] BIOS-e820: [mem 0x00000000bf39b000-0x00000000bf49afff] ACPI NVS
[    0.000000] BIOS-e820: [mem 0x00000000bf49b000-0x00000000bf51afff] ACPI data
[    0.000000] BIOS-e820: [mem 0x00000000bf51b000-0x00000000bfdfffff] usable
[    0.000000] BIOS-e820: [mem 0x00000000bfe00000-0x00000000bfffffff] reserved
[    0.000000] BIOS-e820: [mem 0x00000000fec00000-0x00000000fecfffff] reserved
[    0.000000] BIOS-e820: [mem 0x00000000fed80000-0x00000000fed80fff] reserved
[    0.000000] BIOS-e820: [mem 0x00000000ffe00000-0x00000000ffffffff] reserved
[    0.000000] BIOS-e820: [mem 0x0000000100000000-0x000000041effffff] usable
[    0.000000] NX (Execute Disable) protection: active
[    0.000000] SMBIOS 2.6 present.
[    0.000000] DMI: LENOVO Sabine/Torpedo, BIOS 54CN18WW 07/20/2011
[    0.000000] e820: update [mem 0x00000000-0x00000fff] usable ==> reserved
[    0.000000] e820: remove [mem 0x000a0000-0x000fffff] usable
[    0.000000] e820: last_pfn = 0x41f000 max_arch_pfn = 0x400000000
[    0.000000] MTRR default type: uncachable
[    0.000000] MTRR fixed ranges enabled:
[    0.000000]   00000-9FFFF write-back
[    0.000000]   A0000-BFFFF uncachable
[    0.000000]   C0000-FFFFF write-protect
[    0.000000] MTRR variable ranges enabled:
[    0.000000]   0 base 0000000000 mask FF80000000 write-back
[    0.000000]   1 base 0080000000 mask FFC0000000 write-back
[    0.000000]   2 base 00FFF90000 mask FFFFFF0000 uncachable
[    0.000000]   3 base 00FED80000 mask 0FFFFFF000 uncachable
[    0.000000]   4 disabled
[    0.000000]   5 disabled
[    0.000000]   6 disabled
[    0.000000]   7 base 00FFE00000 mask FFFFE00000 write-protect
[    0.000000] TOM2: 000000041f000000 aka 16880M
[    0.000000] mtrr: your BIOS has configured an incorrect mask, fixing it.
[    0.000000] e820: last_pfn = 0xbfe00 max_arch_pfn = 0x400000000
[    0.000000] found SMP MP-table at [mem 0x000fa8b0-0x000fa8bf] mapped at [ffff8800000fa8b0]
[    0.000000] Base memory trampoline at [ffff880000097000] 97000 size 24576
[    0.000000] Using GB pages for direct mapping
[    0.000000] init_memory_mapping: [mem 0x00000000-0x000fffff]
[    0.000000]  [mem 0x00000000-0x000fffff] page 4k
[    0.000000] BRK [0x01e17000, 0x01e17fff] PGTABLE
[    0.000000] BRK [0x01e18000, 0x01e18fff] PGTABLE
[    0.000000] BRK [0x01e19000, 0x01e19fff] PGTABLE
[    0.000000] init_memory_mapping: [mem 0x41ee00000-0x41effffff]
[    0.000000]  [mem 0x41ee00000-0x41effffff] page 2M
[    0.000000] BRK [0x01e1a000, 0x01e1afff] PGTABLE
[    0.000000] init_memory_mapping: [mem 0x41c000000-0x41edfffff]
[    0.000000]  [mem 0x41c000000-0x41edfffff] page 2M
[    0.000000] init_memory_mapping: [mem 0x400000000-0x41bffffff]
[    0.000000]  [mem 0x400000000-0x41bffffff] page 2M
[    0.000000] init_memory_mapping: [mem 0x00100000-0xbed9afff]
[    0.000000]  [mem 0x00100000-0x001fffff] page 4k
[    0.000000]  [mem 0x00200000-0x3fffffff] page 2M
[    0.000000]  [mem 0x40000000-0x7fffffff] page 1G
[    0.000000]  [mem 0x80000000-0xbebfffff] page 2M
[    0.000000]  [mem 0xbec00000-0xbed9afff] page 4k
[    0.000000] init_memory_mapping: [mem 0xbf51b000-0xbfdfffff]
[    0.000000]  [mem 0xbf51b000-0xbf5fffff] page 4k
[    0.000000]  [mem 0xbf600000-0xbfdfffff] page 2M
[    0.000000] BRK [0x01e1b000, 0x01e1bfff] PGTABLE
[    0.000000] init_memory_mapping: [mem 0x100000000-0x3ffffffff]
[    0.000000]  [mem 0x100000000-0x3ffffffff] page 1G
[    0.000000] log_buf_len: 16777216 bytes
[    0.000000] early log buf free: 2092044(99%)
[    0.000000] RAMDISK: [mem 0x3782c000-0x37c0dfff]
[    0.000000] ACPI: Early table checksum verification disabled
[    0.000000] ACPI: RSDP 0x00000000000F0110 000024 (v02 LENOVO)
[    0.000000] ACPI: XSDT 0x00000000BF51A120 000074 (v01 LENOVO CB-01    00000001 LENO 00000001)
[    0.000000] ACPI: FACP 0x00000000BF508000 0000F4 (v04 LENOVO CB-01    00000001 PTL  00000001)
[    0.000000] ACPI: DSDT 0x00000000BF50A000 00FD10 (v01 LENOVO CB-01    00001000 LENO 00000001)
[    0.000000] ACPI: FACS 0x00000000BF478000 000040
[    0.000000] ACPI: HPET 0x00000000BF507000 000038 (v01 LENOVO CB-01    00000001 PTL  00000001)
[    0.000000] ACPI: APIC 0x00000000BF506000 00007A (v02 LENOVO CB-01    00000001 PTL  00000001)
[    0.000000] ACPI: MCFG 0x00000000BF505000 00003C (v01 LENOVO CB-01    00000001 PTL  00000001)
[    0.000000] ACPI: SLIC 0x00000000BF504000 000176 (v01 LENOVO CB-01    00000001 LENO 00000001)
[    0.000000] ACPI: UEFI 0x00000000BF503000 00003E (v01 LENOVO CB-01    00000001 PTL  00000001)
[    0.000000] ACPI: UEFI 0x00000000BF502000 000042 (v01 PTL    COMBUF   00000001 PTL  00000001)
[    0.000000] ACPI: SSDT 0x00000000BF501000 000E34 (v01 AMD    POWERNOW 00000001 AMD  00000001)
[    0.000000] ACPI: SSDT 0x00000000BF4FF000 00193D (v02 AMD    ALIB     00000001 MSFT 04000000)
[    0.000000] ACPI: UEFI 0x00000000BF4FE000 00021A (v01 LENOVO CB-01    00000001 PTL  00000001)
[    0.000000] ACPI: Local APIC address 0xfee00000
[    0.000000] No NUMA configuration found
[    0.000000] Faking a node at [mem 0x0000000000000000-0x000000041effffff]
[    0.000000] Initmem setup node 0 [mem 0x00000000-0x41effffff]
[    0.000000]   NODE_DATA [mem 0x41dffa000-0x41dffdfff]
[    0.000000]  [ffffea0000000000-ffffea00107fffff] PMD -> [ffff88040de00000-ffff88041d5fffff] on node 0
[    0.000000] Zone ranges:
[    0.000000]   DMA      [mem 0x00001000-0x00ffffff]
[    0.000000]   DMA32    [mem 0x01000000-0xffffffff]
[    0.000000]   Normal   [mem 0x100000000-0x41effffff]
[    0.000000] Movable zone start for each node
[    0.000000] Early memory node ranges
[    0.000000]   node   0: [mem 0x00001000-0x0009cfff]
[    0.000000]   node   0: [mem 0x00100000-0xbed9afff]
[    0.000000]   node   0: [mem 0xbf51b000-0xbfdfffff]
[    0.000000]   node   0: [mem 0x100000000-0x41effffff]
[    0.000000] On node 0 totalpages: 4056604
[    0.000000]   DMA zone: 64 pages used for memmap
[    0.000000]   DMA zone: 21 pages reserved
[    0.000000]   DMA zone: 3996 pages, LIFO batch:0
[    0.000000]   DMA32 zone: 12186 pages used for memmap
[    0.000000]   DMA32 zone: 779904 pages, LIFO batch:31
[    0.000000]   Normal zone: 51136 pages used for memmap
[    0.000000]   Normal zone: 3272704 pages, LIFO batch:31
[    0.000000] ACPI: PM-Timer IO Port: 0x808
[    0.000000] ACPI: Local APIC address 0xfee00000
[    0.000000] ACPI: LAPIC (acpi_id[0x00] lapic_id[0x00] enabled)
[    0.000000] ACPI: LAPIC (acpi_id[0x01] lapic_id[0x01] enabled)
[    0.000000] ACPI: LAPIC (acpi_id[0x02] lapic_id[0x02] enabled)
[    0.000000] ACPI: LAPIC (acpi_id[0x03] lapic_id[0x03] enabled)
[    0.000000] ACPI: LAPIC_NMI (acpi_id[0x00] high edge lint[0x1])
[    0.000000] ACPI: LAPIC_NMI (acpi_id[0x01] high edge lint[0x1])
[    0.000000] ACPI: LAPIC_NMI (acpi_id[0x02] high edge lint[0x1])
[    0.000000] ACPI: LAPIC_NMI (acpi_id[0x03] high edge lint[0x1])
[    0.000000] ACPI: IOAPIC (id[0x02] address[0xfec00000] gsi_base[0])
[    0.000000] IOAPIC[0]: apic_id 2, version 33, address 0xfec00000, GSI 0-23
[    0.000000] ACPI: INT_SRC_OVR (bus 0 bus_irq 0 global_irq 2 dfl dfl)
[    0.000000] ACPI: IRQ0 used by override.
[    0.000000] ACPI: IRQ9 used by override.
[    0.000000] Using ACPI (MADT) for SMP configuration information
[    0.000000] ACPI: HPET id: 0x43538210 base: 0xfed00000
[    0.000000] smpboot: Allowing 4 CPUs, 0 hotplug CPUs
[    0.000000] e820: [mem 0xc0000000-0xfebfffff] available for PCI devices
[    0.000000] setup_percpu: NR_CPUS:64 nr_cpumask_bits:64 nr_cpu_ids:4 nr_node_ids:1
[    0.000000] PERCPU: Embedded 27 pages/cpu @ffff88041dc00000 s80256 r8192 d22144 u524288
[    0.000000] pcpu-alloc: s80256 r8192 d22144 u524288 alloc=1*2097152
[    0.000000] pcpu-alloc: [0] 0 1 2 3 
[    0.000000] Built 1 zonelists in Zone order, mobility grouping on.  Total pages: 3993197
[    0.000000] Policy zone: Normal
[    0.000000] Kernel command line: BOOT_IMAGE=/vmlinuz-linux-git root=UUID=bfa4ab6e-19a3-4601-ba2b-267c55841c73 rw cryptdevice=/dev/disk/by-uuid/70c08890-417a-497d-b6ab-c0d0357a63e2:cryptManjaro:allow-discards ipv6.disable=1 pnp.debug=1 loglevel=9 log_buf_len=10M printk.always_kmsg_dump=y printk.time=y mminit_loglevel=0 memory_corruption_check=1 acpi.debug_layer=0xfbff0000 acpi.debug_level=0xFFFFFFFD pnp.debug=1 nohz=on rcu_nocbs=1-3 pcie_aspm=force fbcon=scrollback:4096k fbcon=font:ProFont6x11 radeon.audio=0 radeon.lockup_timeout=0 radeon.test=0 radeon.agpmode=-1 radeon.benchmark=0 radeon.tv=0 radeon.hard_reset=1 radeon.aspm=1 radeon.dpm=1 radeon.msi=1 radeon.pcie_gen2=-1 radeon.no_wb=1 radeon.modeset=1 radeon.dynclks=1 radeon.r4xx_atom=0 radeon.runpm=0 radeonfb radeon.fastfb=1 nomodeset
[    0.000000] PCIe ASPM is forcibly enabled
[    0.000000] PID hash table entries: 4096 (order: 3, 32768 bytes)
[    0.000000] Memory: 15870900K/16226416K available (5251K kernel code, 721K rwdata, 2208K rodata, 848K init, 2588K bss, 355516K reserved)
[    0.000000] SLUB: HWalign=64, Order=0-3, MinObjects=0, CPUs=4, Nodes=1
[    0.000000] Hierarchical RCU implementation.
[    0.000000] 	RCU dyntick-idle grace-period acceleration is enabled.
[    0.000000] 	Additional per-CPU info printed with stalls.
[    0.000000] 	RCU restricting CPUs from NR_CPUS=64 to nr_cpu_ids=4.
[    0.000000] 	Offload RCU callbacks from all CPUs
[    0.000000] 	Offload RCU callbacks from CPUs: 0-3.
[    0.000000] RCU: Adjusting geometry for rcu_fanout_leaf=16, nr_cpu_ids=4
[    0.000000] NR_IRQS:4352 nr_irqs:456 0
[    0.000000] spurious 8259A interrupt: IRQ7.
[    0.000000] vgacon: allocated 4194304 bytes of memory for scrollback. CONFIG_VGACON_SOFT_SCROLLBACK_SIZE=4096
[    0.000000] Console: colour VGA+ 80x25
[    0.000000] console [tty0] enabled
[    0.000000] allocated 65011712 bytes of page_cgroup
[    0.000000] please try 'cgroup_disable=memory' option if you don't want memory cgroups
[    0.000000] hpet clockevent registered
[    0.000000] tsc: Fast TSC calibration using PIT
[    0.000000] tsc: Detected 1397.394 MHz processor
[    0.000063] Calibrating delay loop (skipped), value calculated using timer frequency.. 2795.23 BogoMIPS (lpj=4657980)
[    0.000194] pid_max: default: 32768 minimum: 301
[    0.000269] ACPI: Core revision 20140724
[    0.025858] ACPI: All ACPI Tables successfully acquired
[    0.028332] Security Framework initialized
[    0.029985] Dentry cache hash table entries: 2097152 (order: 12, 16777216 bytes)
[    0.036789] Inode-cache hash table entries: 1048576 (order: 11, 8388608 bytes)
[    0.039850] Mount-cache hash table entries: 32768 (order: 6, 262144 bytes)
[    0.039991] Mountpoint-cache hash table entries: 32768 (order: 6, 262144 bytes)
[    0.040535] Initializing cgroup subsys memory
[    0.040654] Initializing cgroup subsys devices
[    0.040722] Initializing cgroup subsys freezer
[    0.040788] Initializing cgroup subsys net_cls
[    0.040855] Initializing cgroup subsys blkio
[    0.040947] CPU: Physical Processor ID: 0
[    0.041011] CPU: Processor Core ID: 0
[    0.041075] mce: CPU supports 6 MCE banks
[    0.041150] Last level iTLB entries: 4KB 512, 2MB 16, 4MB 8
Last level dTLB entries: 4KB 1024, 2MB 128, 4MB 64, 1GB 0
[    0.041435] Freeing SMP alternatives memory: 20K (ffffffff81b8a000 - ffffffff81b8f000)
[    0.042123] ..TIMER: vector=0x30 apic1=0 pin1=2 apic2=-1 pin2=-1
[    0.075206] smpboot: CPU0: AMD A6-3400M APU with Radeon(tm) HD Graphics (fam: 12, model: 01, stepping: 00)
[    0.180172] Performance Events: AMD PMU driver.
[    0.180276] ... version:                0
[    0.180340] ... bit width:              48
[    0.180404] ... generic registers:      4
[    0.180467] ... value mask:             0000ffffffffffff
[    0.180532] ... max period:             00007fffffffffff
[    0.180597] ... fixed-purpose events:   0
[    0.180660] ... event mask:             000000000000000f
[    0.181201] MCE: In-kernel MCE decoding enabled.
[    0.181370] trying cpu_up:
[    0.181482] NMI watchdog: enabled on all CPUs, permanently consumes one hw-PMU counter.
[    0.181797] smpboot: ++++++++++++++++++++=_---CPU UP  1
[    0.181865] x86: Booting SMP configuration:
[    0.181930] .... node  #0, CPUs:      #1
[    0.182039] smpboot: Setting warm reset code and vector.
[    0.182163] smpboot: 1.
[    0.182226] smpboot: 2.
[    0.182289] smpboot: 3.
[    0.182352] smpboot: Asserting INIT
[    0.182415] smpboot: waiting 5 sec
[    8.488209] smpboot: done waiting
[    8.488352] smpboot: Waiting for INIT send to finish...
[    8.498468] smpboot: status for above ^ is: 0
[    8.498531] smpboot: Deasserting INIT
[    8.498593] smpboot: Waiting for above send to finish...
[    8.498656] smpboot: #startup loops: 2
[    8.498719] smpboot: Sending STARTUP #1
[    8.498782] smpboot: After apic_write
[    8.499146] smpboot: Startup point 1
[    8.499256] smpboot: Waiting for send to finish...
[    8.499521] smpboot: Sending STARTUP #2
[    8.499584] smpboot: After apic_write
[    8.499947] smpboot: Startup point 1
[    8.500057] smpboot: Waiting for send to finish...
[    8.500321] smpboot: After Startup
[    8.500431] smpboot: Before Callout 1
[    8.500494] smpboot: After Callout 1
[    8.500558] smpboot: start waiting 5sec for response
[    8.500700] [sched_delayed] sched: RT throttling activated
[   13.520258] smpboot: done waiting 5sec for response
[   13.520344] smpboot: cpumask_test_cpu result: 0
[   13.520442] smpboot: cpu_callin_mask: 0000000000000001
[   13.520505] smpboot: cpu_callout_mask: 0000000000000003
[   13.520603] smpboot: CPU1: Not responding
[   13.520741] smpboot: do_boot_cpu failed(1) to wakeup CPU#1
[   13.520814] doing it one more time: cpu_up !!!!!!!!!!!!
[   13.520860] smpboot: ++++++++++++++++++++=_---CPU UP  1
[   13.520984] x86: Booting SMP configuration:
[   13.521048]     #1
[   13.521120] smpboot: Setting warm reset code and vector.
[   13.521244] smpboot: 1.
[   13.521307] smpboot: 2.
[   13.521369] smpboot: 3.
[   13.521432] smpboot: Asserting INIT
[   13.521494] smpboot: waiting 5 sec
[   18.531318] smpboot: done waiting
[   18.531460] smpboot: Waiting for INIT send to finish...
[   18.541602] smpboot: status for above ^ is: 0
[   18.541712] smpboot: Deasserting INIT
[   18.541775] smpboot: Waiting for above send to finish...
[   18.541840] smpboot: #startup loops: 2
[   18.541904] smpboot: Sending STARTUP #1
[   18.541967] smpboot: After apic_write
[   18.542330] smpboot: Startup point 1
[   18.542439] smpboot: Waiting for send to finish...
[   18.542704] smpboot: Sending STARTUP #2
[   18.542807] smpboot: After apic_write
[   18.543170] smpboot: Startup point 1
[   18.543280] smpboot: Waiting for send to finish...
[   18.543544] smpboot: After Startup
[   18.543653] smpboot: Before Callout 1
[   18.543716] smpboot: After Callout 1
[   18.543779] smpboot: start waiting 5sec for response
[   23.593651] smpboot: done waiting 5sec for response
[   23.593795] smpboot: cpumask_test_cpu result: 0
[   23.593858] smpboot: cpu_callin_mask: 0000000000000001
[   23.593955] smpboot: cpu_callout_mask: 0000000000000003
[   23.594018] smpboot: CPU1: Not responding
[   23.594141] smpboot: do_boot_cpu failed(1) to wakeup CPU#1
[   23.594212] after cpu_up !!!!!!!!!!!!
[   23.594250] trying cpu_up:
[   23.594465] smpboot: ++++++++++++++++++++=_---CPU UP  2
[   23.594602]  #2
[   23.594639] smpboot: Setting warm reset code and vector.
[   23.594760] smpboot: 1.
[   23.594821] smpboot: 2.
[   23.594882] smpboot: 3.
[   23.594943] smpboot: Asserting INIT
[   23.595004] smpboot: waiting 5 sec
[   30.611485] smpboot: done waiting
[   30.611628] smpboot: Waiting for INIT send to finish...
[   30.621744] smpboot: status for above ^ is: 0
[   30.621808] smpboot: Deasserting INIT
[   30.621871] smpboot: Waiting for above send to finish...
[   30.621936] smpboot: #startup loops: 2
[   30.621999] smpboot: Sending STARTUP #1
[   30.622062] smpboot: After apic_write
[   30.622425] smpboot: Startup point 1
[   30.622535] smpboot: Waiting for send to finish...
[   30.622799] smpboot: Sending STARTUP #2
[   30.622863] smpboot: After apic_write
[   30.623226] smpboot: Startup point 1
[   30.623335] smpboot: Waiting for send to finish...
[   30.623599] smpboot: After Startup
[   30.623709] smpboot: Before Callout 2
[   30.623772] smpboot: After Callout 2
[   30.623834] smpboot: start waiting 5sec for response
[   35.654524] smpboot: done waiting 5sec for response
[   35.654668] smpboot: cpumask_test_cpu result: 0
[   35.654731] smpboot: cpu_callin_mask: 0000000000000001
[   35.654829] smpboot: cpu_callout_mask: 0000000000000005
[   35.654893] smpboot: CPU2: Not responding
[   35.655016] smpboot: do_boot_cpu failed(1) to wakeup CPU#2
[   35.655087] doing it one more time: cpu_up !!!!!!!!!!!!
[   35.655133] smpboot: ++++++++++++++++++++=_---CPU UP  2
[   35.655257]  #2
[   35.655294] smpboot: Setting warm reset code and vector.
[   35.655418] smpboot: 1.
[   35.655480] smpboot: 2.
[   35.655542] smpboot: 3.
[   35.655605] smpboot: Asserting INIT
[   35.655667] smpboot: waiting 5 sec
[   40.709470] smpboot: done waiting
[   40.709613] smpboot: Waiting for INIT send to finish...
[   40.719753] smpboot: status for above ^ is: 0
[   40.719862] smpboot: Deasserting INIT
[   40.719925] smpboot: Waiting for above send to finish...
[   40.719989] smpboot: #startup loops: 2
[   40.720052] smpboot: Sending STARTUP #1
[   40.720116] smpboot: After apic_write
[   40.720479] smpboot: Startup point 1
[   40.720589] smpboot: Waiting for send to finish...
[   40.720855] smpboot: Sending STARTUP #2
[   40.720965] smpboot: After apic_write
[   40.721328] smpboot: Startup point 1
[   40.721438] smpboot: Waiting for send to finish...
[   40.721702] smpboot: After Startup
[   40.721811] smpboot: Before Callout 2
[   40.721875] smpboot: After Callout 2
[   40.721937] smpboot: start waiting 5sec for response
[   45.741550] smpboot: done waiting 5sec for response
[   45.741693] smpboot: cpumask_test_cpu result: 0
[   45.741756] smpboot: cpu_callin_mask: 0000000000000001
[   45.741853] smpboot: cpu_callout_mask: 0000000000000005
[   45.741918] smpboot: CPU2: Not responding
[   45.742041] smpboot: do_boot_cpu failed(1) to wakeup CPU#2
[   45.742106] after cpu_up !!!!!!!!!!!!
[   45.742142] trying cpu_up:
[   45.743452] smpboot: ++++++++++++++++++++=_---CPU UP  3
[   45.743634]  #3
[   45.743671] smpboot: Setting warm reset code and vector.
[   45.743794] smpboot: 1.
[   45.743855] smpboot: 2.
[   45.743916] smpboot: 3.
[   45.743977] smpboot: Asserting INIT
[   45.744039] smpboot: waiting 5 sec
[   50.753876] smpboot: done waiting
[   50.754018] smpboot: Waiting for INIT send to finish...
[   50.764158] smpboot: status for above ^ is: 0
[   50.764268] smpboot: Deasserting INIT
[   50.764331] smpboot: Waiting for above send to finish...
[   50.764396] smpboot: #startup loops: 2
[   50.764459] smpboot: Sending STARTUP #1
[   50.764522] smpboot: After apic_write
[   50.602038] smpboot: CPU#3 (phys ID: 3) waiting for CALLOUT
[   50.764886] smpboot: Startup point 1
[   50.765060] smpboot: Waiting for send to finish...
[   50.765324] smpboot: Sending STARTUP #2
[   50.765423] smpboot: After apic_write
[   50.765786] smpboot: Startup point 1
[   50.765895] smpboot: Waiting for send to finish...
[   50.766159] smpboot: After Startup
[   50.766270] smpboot: Before Callout 3
[   50.766331] smpboot: After Callout 3
[   50.603668] smpboot: Stack at about ffff88040780ff44
[   50.766455] smpboot: start waiting 5sec for response
[   50.766494] smpboot: done waiting 5sec for response
[   50.766593] smpboot: cpumask_test_cpu result: -1
[   50.766656] smpboot: cpu_callin_mask: 0000000000000009
[   50.766753] smpboot: cpu_callout_mask: 0000000000000009
[   50.766816] smpboot: CPU3: has booted.
[   50.768946] TSC synchronization [CPU#0 -> CPU#3]:
[   50.769057] Measured 227281327 cycles TSC warp between CPUs, turning off TSC clock.
[   50.769199] tsc: Marking TSC unstable due to check_tsc_sync_source failed
[   50.769322] after cpu_up !!!!!!!!!!!!
[   50.769400] x86: Booted up 1 node, 2 CPUs
[   50.769523] smpboot: Boot done
[   50.769586] smpboot: Before bogomips
[   50.769650] smpboot: Total of 2 processors activated (5591.47 BogoMIPS)
[   50.769715] smpboot: Before bogocount - setting activated=1
[   45.476716] devtmpfs: initialized
[   45.476830] device: 'platform': device_add
[   45.476972] bus: 'platform': registered
[   45.477046] bus: 'cpu': registered
[   45.477110] device: 'cpu': device_add
[   45.477201] bus: 'container': registered
[   45.477265] device: 'container': device_add
[   45.477788] bus: 'workqueue': registered
[   45.477788] device: 'workqueue': device_add
[   45.477788] kworker/u8:0 (39) used greatest stack depth: 15104 bytes left
[   45.477788] atomic64_test: passed for x86-64 platform with CX8 and with SSE
[   45.477788] device class 'regulator': registering
[   45.477788] Registering platform device 'reg-dummy'. Parent at platform
[   45.477788] device: 'reg-dummy': device_add
[   45.477788] bus: 'platform': add device reg-dummy
[   45.480004] bus: 'platform': add driver reg-dummy
[   45.480004] bus: 'platform': driver_probe_device: matched device reg-dummy with driver reg-dummy
[   45.480004] bus: 'platform': really_probe: probing driver reg-dummy with device reg-dummy
[   45.480004] device: 'regulator.0': device_add
[   45.480004] regulator-dummy: no parameters
[   45.480004] driver: 'reg-dummy': driver_bound: bound to device 'reg-dummy'
[   45.480004] bus: 'platform': really_probe: bound device reg-dummy to driver reg-dummy
[   45.480004] NET: Registered protocol family 16
[   45.480004] device class 'bdi': registering
[   45.480004] bus: 'platform': add driver ramoops
[   45.480004] device class 'pci_bus': registering
[   45.480004] bus: 'pci': registered
[   45.480004] device class 'backlight': registering
[   45.480004] device class 'tty': registering
[   45.480004] device class 'vtconsole': registering
[   45.480004] device: 'vtcon0': device_add
[   45.480004] bus: 'node': registered
[   45.480004] device: 'node': device_add
[   45.480012] bus: 'i2c': registered
[   45.480012] bus: 'i2c': add driver dummy
[   45.480012] i2c-core: driver [dummy] registered
[   45.480012] cpuidle: using governor ladder
[   45.480012] cpuidle: using governor menu
[   45.480112] ACPI FADT declares the system doesn't support PCIe ASPM, so disable it
[   45.480293] ACPI: bus type PCI registered
[   45.480353] acpiphp: ACPI Hot Plug PCI Controller Driver version: 0.5
[   45.480418] device class 'dmi': registering
[   45.480487] device: 'id': device_add
[   45.480647] PCI: MMCONFIG for domain 0000 [bus 00-3f] at [mem 0xf8000000-0xfbffffff] (base 0xf8000000)
[   45.480782] PCI: not using MMCONFIG
[   45.480842] PCI: Using configuration type 1 for base access
[   45.480902] PCI: Using configuration type 1 for extended access
[   45.483725] kworker/u8:0 (53) used greatest stack depth: 14176 bytes left
[   45.481263] device: 'node0': device_add
[   45.481373] bus: 'node': add device node0
[   45.483869] device: 'cpu0': device_add
[   45.483869] bus: 'cpu': add device cpu0
[   45.483869] device: 'cpu1': device_add
[   45.483869] bus: 'cpu': add device cpu1
[   45.483869] device: 'cpu2': device_add
[   45.483869] bus: 'cpu': add device cpu2
[   45.483869] device: 'cpu3': device_add
[   45.483869] bus: 'cpu': add device cpu3
[   45.493378] device: 'writeback': device_add
[   45.493473] bus: 'workqueue': add device writeback
[   45.493583] device: 'default': device_add
[   45.493905] device class 'block': registering
[   45.493905] ACPI: Added _OSI(Module Device)
[   45.493905] ACPI: Added _OSI(Processor Device)
[   45.493905] ACPI: Added _OSI(3.0 _SCP Extensions)
[   45.493905] ACPI: Added _OSI(Processor Aggregator Device)
[   45.497466] 
**** Context Switch from TID 4294967295 to TID 133431296 ****

[   45.497679]     utils-0051 util_eval_error       : Evaluate [\_SB_.PCI0.LPC0.EC0_._GLK]: AE_NOT_FOUND
[   45.498252] Executing  Method       \_SB_.PCI0.LPC0.EC0_._REG
[   45.498984] Executing  Method       \_SB_.PCI0.LPC0.EC0_._REG
[   45.499182] Executing  Method       \_SB_.PCI0.LPC0.EC0_._REG
[   45.499382] Executing  Method       \_SB_.PCI0.LPC0.EC0_._REG
[   45.502568] Initializing Region       \_SB_.OSTY
[   45.502775] Initializing Region       \_SB_.PCI0.NBMS
[   45.502923] Initializing Region       \_SB_.PCI0.NBXP
[   45.503073] Initializing Region       \_SB_.PCI0.K8ST
[   45.503257] Initializing Region       \_SB_.PCI0.BAR1
[   45.503421] Initializing Region       \_SB_.PCI0.PB2_.XPEX
[   45.503569] Initializing Region       \_SB_.PCI0.PB2_.PCFG
[   45.503716] Initializing Region       \_SB_.PCI0.PB2_.XPCB
[   45.503865] Initializing Region       \_SB_.PCI0.PB2_.XPRI
[   45.504017] Initializing Region       \_SB_.PCI0.PB2_.VGA_.PCFG
[   45.504223] Initializing Region       \_SB_.PCI0.PB2_.HDAU.PCFG
[   45.504399] Initializing Region       \_SB_.PCI0.PB3_.XPEX
[   45.504547] Initializing Region       \_SB_.PCI0.PB3_.PCFG
[   45.504694] Initializing Region       \_SB_.PCI0.PB3_.XPCB
[   45.504842] Initializing Region       \_SB_.PCI0.PB3_.XPRI
[   45.504994] Initializing Region       \_SB_.PCI0.PB3_.VGA_.PCFG
[   45.505208] Initializing Region       \_SB_.PCI0.PB3_.HDAU.PCFG
[   45.505376] Initializing Region       \_SB_.PCI0.PB4_.XPEX
[   45.505524] Initializing Region       \_SB_.PCI0.PB4_.PCFG
[   45.505672] Initializing Region       \_SB_.PCI0.PB4_.XPCB
[   45.505821] Initializing Region       \_SB_.PCI0.PB4_.XPRI
[   45.505973] Initializing Region       \_SB_.PCI0.PB4_.XPDV.PCFG
[   45.506135] Initializing Region       \_SB_.PCI0.PB5_.XPEX
[   45.506283] Initializing Region       \_SB_.PCI0.PB5_.PCFG
[   45.506430] Initializing Region       \_SB_.PCI0.PB5_.XPCB
[   45.506579] Initializing Region       \_SB_.PCI0.PB5_.XPRI
[   45.506688] Initializing Region       \_SB_.PCI0.PB5_.XPDV.PCFG
[   45.506849] Initializing Region       \_SB_.PCI0.PB6_.XPEX
[   45.506996] Initializing Region       \_SB_.PCI0.PB6_.PCFG
[   45.507144] Initializing Region       \_SB_.PCI0.PB6_.XPCB
[   45.507293] Initializing Region       \_SB_.PCI0.PB6_.XPRI
[   45.507444] Initializing Region       \_SB_.PCI0.PB6_.XPDV.PCFG
[   45.507606] Initializing Region       \_SB_.PCI0.PB7_.XPEX
[   45.507754] Initializing Region       \_SB_.PCI0.PB7_.PCFG
[   45.507901] Initializing Region       \_SB_.PCI0.PB7_.XPCB
[   45.508050] Initializing Region       \_SB_.PCI0.PB7_.XPRI
[   45.508202] Initializing Region       \_SB_.PCI0.PB7_.XPDV.PCFG
[   45.508612] Initializing Region       \_SB_.PCI0.SATC
[   45.508806] Initializing Region       \_SB_.PCI0.RMEM
[   45.508981] Initializing Region       \_SB_.PCI0.SATA.SATX
[   45.509122] Initializing Region       \_SB_.PCI0.SATA.BAR5
[   45.526888] Initializing Region       \_SB_.PCI0.SMB_.SBRV
[   45.527099] Initializing Region       \_SB_.PCI0.SMB_.PMIO
[   45.527248] Initializing Region       \_SB_.PCI0.SMB_.ERMM
[   45.527535] Initializing Region       \_SB_.PCI0.SMB_.P1E0
[   45.527697] Initializing Region       \_SB_.PCI0.SMB_.ABIO
[   45.527847] Initializing Region       \_SB_.PCI0.SMB_.SMB0
[   45.528000] Initializing Region       \_SB_.PCI0.LPC0.PIRQ
[   45.528201] Initializing Region       \_SB_.PCI0.LPC0.LPCR
[   45.528441] Initializing Region       \_SB_.PCI0.LPC0.LPCS
[   45.528645] Initializing Region       \_SB_.PCI0.LPC0.SMI0
[   45.528793] Initializing Region       \_SB_.PCI0.LPC0.SMI1
[   45.528947] Initializing Region       \_SB_.PCI0.LPC0.EC0_.ECO1
[   45.529094] Initializing Region       \_SB_.PCI0.LPC0.EC0_.ECO2
[   45.529241] Initializing Region       \_SB_.PCI0.LPC0.EC0_.ECMB
[   45.529387] Initializing Region       \_SB_.PCI0.LPC0.EC0_.RAM_
[   45.530137] Initializing Region       \_SB_.PCI0.LPC0.EC0_.CMOS
[   45.530356] Initializing Region       \_SB_.PCI0.LPC0.EC0_.VPC0.ERAM
[   45.530605] Initializing Region       \_SB_.PCI0.SPB0.PCFG
[   45.530753] Initializing Region       \_SB_.PCI0.SPB0.XPCB
[   45.530903] Initializing Region       \_SB_.PCI0.SPB0.XPDV.PCFG
[   45.531064] Initializing Region       \_SB_.PCI0.SPB1.PCFG
[   45.531212] Initializing Region       \_SB_.PCI0.SPB1.XPCB
[   45.531362] Initializing Region       \_SB_.PCI0.SPB1.XPDV.PCFG
[   45.531523] Initializing Region       \_SB_.PCI0.SPB2.PCFG
[   45.531671] Initializing Region       \_SB_.PCI0.SPB2.XPCB
[   45.531823] Initializing Region       \_SB_.PCI0.SPB2.XPDV.PCFG
[   45.531984] Initializing Region       \_SB_.PCI0.SPB3.PCFG
[   45.532132] Initializing Region       \_SB_.PCI0.SPB3.XPCB
[   45.532283] Initializing Region       \_SB_.PCI0.SPB3.XPDV.PCFG
[   45.532601] Initializing Region       \_SB_.PCI0.VGA_.REVD
[   45.533614] Initializing BufferField  \_SB_.AMW0.WLID
[   45.534247] Initializing Region       \DEB2
[   45.534395] Initializing Region       \PMIO
[   45.534542] Initializing Region       \P01_
[   45.534715] Initializing Region       \CNVS
[   45.534921] Initializing Region       \SPRT
[   45.535083] Initializing Region       \CMIO
[   45.535389] Executing  Method       \_SB_._STA
[   45.535607] Executing  Method       \_SB_._INI
[   45.535777] Executing  Method       \_SB_.PCI0._STA
[   45.535947] Executing  Method       \_SB_.PCI0._INI
[   45.536379] [Firmware Bug]: ACPI: BIOS _OSI(Linux) query ignored
[   45.536892] Executing  Method       \_SB_.PCI0.SATA._STA
[   45.537111] Executing  Method       \_SB_.PCI0.SATA._INI
[   45.538122] Executing  Method       \_SB_.PCI0.LPC0.EC0_._REG
[   45.563444] ACPI: Interpreter enabled
[   45.563575] ACPI: (supports S0 S5)
[   45.563640] ACPI: Using IOAPIC for interrupt routing
[   45.564054] PCI: MMCONFIG for domain 0000 [bus 00-3f] at [mem 0xf8000000-0xfbffffff] (base 0xf8000000)
[   45.564945] PCI: MMCONFIG at [mem 0xf8000000-0xfbffffff] reserved in ACPI motherboard resources
[   45.564945] bus: 'acpi': registered
[   45.564945] PCI: Using host bridge windows from ACPI; if necessary, use "pci=nocrs" and report a bug
[   45.564945]      scan-1141 get_device_data       : No context for object [ffffffffffffffff]
[   45.566679]     utils-0051 util_eval_error       : Evaluate [\._STA]: AE_NOT_FOUND
[   45.566679] device: 'LNXSYSTM:00': device_add
[   45.566679] bus: 'acpi': add device LNXSYSTM:00
[   45.566679]     utils-0051 util_eval_error       : Evaluate [\._SUN]: AE_NOT_FOUND
[   45.566775]      scan-1933 add_single_object     : Added LNXSYSTM:00 [\] parent (null)
[   45.566775]      scan-1141 get_device_data       : No context for object [ffff88040d81d000]
[   45.566775]      scan-1141 get_device_data       : No context for object [ffff88040d8377d0]
[   45.566775]      scan-1141 get_device_data       : No context for object [ffff88040d8377f8]
[   45.566775]      scan-1141 get_device_data       : No context for object [ffff88040d837820]
[   45.566775]      scan-1141 get_device_data       : No context for object [ffff88040d837848]
[   45.566775]      scan-1141 get_device_data       : No context for object [ffff88040d837870]
[   45.566775]      scan-1141 get_device_data       : No context for object [ffff88040d837898]
[   45.566775]      scan-1141 get_device_data       : No context for object [ffff88040d8378c0]
[   45.566775]      scan-1141 get_device_data       : No context for object [ffff88040d8378e8]
[   45.566775]      scan-1141 get_device_data       : No context for object [ffff88040d839398]
[   45.566870]      scan-1141 get_device_data       : No context for object [ffff88040d81d028]
[   45.567068]      scan-1141 get_device_data       : No context for object [ffff88040d81d168]
[   45.570002]     utils-0051 util_eval_error       : Evaluate [\_PR_.C000._STA]: AE_NOT_FOUND
[   45.570002]      scan-1141 get_device_data       : No context for object [ffff88040d81d028]
[   45.570002] device: 'LNXCPU:00': device_add
[   45.570002] bus: 'acpi': add device LNXCPU:00
[   45.570002]     utils-0051 util_eval_error       : Evaluate [\_PR_.C000._SUN]: AE_NOT_FOUND
[   45.570022]      scan-1933 add_single_object     : Added LNXCPU:00 [\_PR_.C000] parent LNXSYSTM:00
[   45.570044]      scan-1141 get_device_data       : No context for object [ffff88040d83c398]
[   45.570044]      scan-1141 get_device_data       : No context for object [ffff88040d83c3c0]
[   45.570044]      scan-1141 get_device_data       : No context for object [ffff88040d83c3e8]
[   45.570044]      scan-1141 get_device_data       : No context for object [ffff88040d83c410]
[   45.570044]      scan-1141 get_device_data       : No context for object [ffff88040d83c438]
[   45.570044]      scan-1141 get_device_data       : No context for object [ffff88040d83c460]
[   45.570044]      scan-1141 get_device_data       : No context for object [ffff88040d81d190]
[   45.570044]     utils-0051 util_eval_error       : Evaluate [\_PR_.C001._STA]: AE_NOT_FOUND
[   45.570044]      scan-1141 get_device_data       : No context for object [ffff88040d81d028]
[   45.570044] device: 'LNXCPU:01': device_add
[   45.570075] bus: 'acpi': add device LNXCPU:01
[   45.570150]     utils-0051 util_eval_error       : Evaluate [\_PR_.C001._SUN]: AE_NOT_FOUND
[   45.570357]      scan-1933 add_single_object     : Added LNXCPU:01 [\_PR_.C001] parent LNXSYSTM:00
[   45.570513]      scan-1141 get_device_data       : No context for object [ffff88040d83c488]
[   45.573353]      scan-1141 get_device_data       : No context for object [ffff88040d83c4b0]
[   45.573460]      scan-1141 get_device_data       : No context for object [ffff88040d83c4d8]
[   45.573460]      scan-1141 get_device_data       : No context for object [ffff88040d83c500]
[   45.573460]      scan-1141 get_device_data       : No context for object [ffff88040d83c528]
[   45.573460]      scan-1141 get_device_data       : No context for object [ffff88040d83c550]
[   45.573460]      scan-1141 get_device_data       : No context for object [ffff88040d81d1b8]
[   45.573460]     utils-0051 util_eval_error       : Evaluate [\_PR_.C002._STA]: AE_NOT_FOUND
[   45.573460]      scan-1141 get_device_data       : No context for object [ffff88040d81d028]
[   45.573460] device: 'LNXCPU:02': device_add
[   45.573460] bus: 'acpi': add device LNXCPU:02
[   45.573460]     utils-0051 util_eval_error       : Evaluate [\_PR_.C002._SUN]: AE_NOT_FOUND
[   45.573464]      scan-1933 add_single_object     : Added LNXCPU:02 [\_PR_.C002] parent LNXSYSTM:00
[   45.573464]      scan-1141 get_device_data       : No context for object [ffff88040d83c578]
[   45.573464]      scan-1141 get_device_data       : No context for object [ffff88040d83c5a0]
[   45.573464]      scan-1141 get_device_data       : No context for object [ffff88040d83c5c8]
[   45.573464]      scan-1141 get_device_data       : No context for object [ffff88040d83c5f0]
[   45.573514]      scan-1141 get_device_data       : No context for object [ffff88040d83c618]
[   45.573711]      scan-1141 get_device_data       : No context for object [ffff88040d83c640]
[   45.576679]      scan-1141 get_device_data       : No context for object [ffff88040d81d1e0]
[   45.576786]     utils-0051 util_eval_error       : Evaluate [\_PR_.C003._STA]: AE_NOT_FOUND
[   45.576786]      scan-1141 get_device_data       : No context for object [ffff88040d81d028]
[   45.576786] device: 'LNXCPU:03': device_add
[   45.576786] bus: 'acpi': add device LNXCPU:03
[   45.576786]     utils-0051 util_eval_error       : Evaluate [\_PR_.C003._SUN]: AE_NOT_FOUND
[   45.576790]      scan-1933 add_single_object     : Added LNXCPU:03 [\_PR_.C003] parent LNXSYSTM:00
[   45.576790]      scan-1141 get_device_data       : No context for object [ffff88040d83c668]
[   45.576790]      scan-1141 get_device_data       : No context for object [ffff88040d83c690]
[   45.576790]      scan-1141 get_device_data       : No context for object [ffff88040d83c6b8]
[   45.576790]      scan-1141 get_device_data       : No context for object [ffff88040d83c6e0]
[   45.576790]      scan-1141 get_device_data       : No context for object [ffff88040d83c708]
[   45.576790]      scan-1141 get_device_data       : No context for object [ffff88040d83c730]
[   45.576790]      scan-1141 get_device_data       : No context for object [ffff88040d81d050]
[   45.576790]     utils-0051 util_eval_error       : Evaluate [\_SB_._STA]: AE_NOT_FOUND
[   45.576790] device: 'LNXSYBUS:00': device_add
[   45.576790] bus: 'acpi': add device LNXSYBUS:00
[   45.576790]     utils-0051 util_eval_error       : Evaluate [\_SB_._SUN]: AE_NOT_FOUND
[   45.576950]      scan-1933 add_single_object     : Added LNXSYBUS:00 [\_SB_] parent LNXSYSTM:00
[   45.577152]      scan-1141 get_device_data       : No context for object [ffff88040d81d3c0]
[   45.580130]      scan-1141 get_device_data       : No context for object [ffff88040d81d3e8]
[   45.580130]      scan-1141 get_device_data       : No context for object [ffff88040d81d410]
[   45.580130]      scan-1141 get_device_data       : No context for object [ffff88040d81d438]
[   45.580130]      scan-1141 get_device_data       : No context for object [ffff88040d81d460]
[   45.580130]      scan-1141 get_device_data       : No context for object [ffff88040d81d488]
[   45.580130]      scan-1141 get_device_data       : No context for object [ffff88040d81d4b0]
[   45.580130]      scan-1141 get_device_data       : No context for object [ffff88040d81d5a0]
[   45.580130]     utils-0051 util_eval_error       : Evaluate [\_SB_.PWRB._STA]: AE_NOT_FOUND
[   45.580130] device: 'PNP0C0C:00': device_add
[   45.580130] bus: 'acpi': add device PNP0C0C:00
[   45.580130]     utils-0051 util_eval_error       : Evaluate [\_SB_.PWRB._SUN]: AE_NOT_FOUND
[   45.580226]      scan-1933 add_single_object     : Added PNP0C0C:00 [\_SB_.PWRB] parent LNXSYBUS:00
[   45.580434]      scan-1141 get_device_data       : No context for object [ffff88040d81d5c8]
[   45.583346]      scan-1141 get_device_data       : No context for object [ffff88040d81d5f0]
[   45.583454]     utils-0051 util_eval_error       : Evaluate [\_SB_.PCI0._STA]: AE_NOT_FOUND
[   45.583454] device: 'PNP0A08:00': device_add
[   45.583454] bus: 'acpi': add device PNP0A08:00
[   45.583454]     utils-0051 util_eval_error       : Evaluate [\_SB_.PCI0._SUN]: AE_NOT_FOUND
[   45.583457]      scan-1933 add_single_object     : Added PNP0A08:00 [\_SB_.PCI0] parent LNXSYBUS:00
[   45.583457]      scan-1141 get_device_data       : No context for object [ffff88040d81d618]
[   45.583457]      scan-1141 get_device_data       : No context for object [ffff88040d81d640]
[   45.583457]      scan-1141 get_device_data       : No context for object [ffff88040d81d668]
[   45.583457]      scan-1141 get_device_data       : No context for object [ffff88040d81d690]
[   45.583457]      scan-1141 get_device_data       : No context for object [ffff88040d81d6b8]
[   45.583457]      scan-1141 get_device_data       : No context for object [ffff88040d81d6e0]
[   45.583457]      scan-1141 get_device_data       : No context for object [ffff88040d81d708]
[   45.583457]      scan-1141 get_device_data       : No context for object [ffff88040d81d730]
[   45.583457]      scan-1141 get_device_data       : No context for object [ffff88040d81d758]
[   45.583457]      scan-1141 get_device_data       : No context for object [ffff88040d81d780]
[   45.583534]      scan-1141 get_device_data       : No context for object [ffff88040d81d7a8]
[   45.583733]      scan-1141 get_device_data       : No context for object [ffff88040d81d7d0]
[   45.586686]      scan-1141 get_device_data       : No context for object [ffff88040d81d7f8]
[   45.586799]      scan-1141 get_device_data       : No context for object [ffff88040d81d820]
[   45.586799]      scan-1141 get_device_data       : No context for object [ffff88040d81d848]
[   45.586799]      scan-1141 get_device_data       : No context for object [ffff88040d81d870]
[   45.586799]      scan-1141 get_device_data       : No context for object [ffff88040d81d898]
[   45.586799]      scan-1141 get_device_data       : No context for object [ffff88040d81d8c0]
[   45.586799]      scan-1141 get_device_data       : No context for object [ffff88040d81d8e8]
[   45.586799]      scan-1141 get_device_data       : No context for object [ffff88040d81d910]
[   45.586799]      scan-1141 get_device_data       : No context for object [ffff88040d81d938]
[   45.586799]      scan-1141 get_device_data       : No context for object [ffff88040d81d960]
[   45.586799]      scan-1141 get_device_data       : No context for object [ffff88040d81d988]
[   45.586799]      scan-1141 get_device_data       : No context for object [ffff88040d81d9b0]
[   45.586799]      scan-1141 get_device_data       : No context for object [ffff88040d81d9d8]
[   45.586799]      scan-1141 get_device_data       : No context for object [ffff88040d81da00]
[   45.586799]      scan-1141 get_device_data       : No context for object [ffff88040d81da28]
[   45.586867]      scan-1141 get_device_data       : No context for object [ffff88040d81da50]
[   45.587064]      scan-1141 get_device_data       : No context for object [ffff88040d81da78]
[   45.590012]      scan-1141 get_device_data       : No context for object [ffff88040d81daa0]
[   45.590120]      scan-1141 get_device_data       : No context for object [ffff88040d81dac8]
[   45.590120]      scan-1141 get_device_data       : No context for object [ffff88040d81daf0]
[   45.590120]      scan-1141 get_device_data       : No context for object [ffff88040d81db18]
[   45.590120]      scan-1141 get_device_data       : No context for object [ffff88040d81db40]
[   45.590120]      scan-1141 get_device_data       : No context for object [ffff88040d81db68]
[   45.590120]      scan-1141 get_device_data       : No context for object [ffff88040d81db90]
[   45.590120]      scan-1141 get_device_data       : No context for object [ffff88040d81dbb8]
[   45.590120]      scan-1141 get_device_data       : No context for object [ffff88040d81dbe0]
[   45.590120]      scan-1141 get_device_data       : No context for object [ffff88040d81dc08]
[   45.590120]      scan-1141 get_device_data       : No context for object [ffff88040d81dc30]
[   45.590120]      scan-1141 get_device_data       : No context for object [ffff88040d81dc58]
[   45.590120]      scan-1141 get_device_data       : No context for object [ffff88040d81dc80]
[   45.590120]      scan-1141 get_device_data       : No context for object [ffff88040d81dca8]
[   45.590120]      scan-1141 get_device_data       : No context for object [ffff88040d81dcd0]
[   45.590199]      scan-1141 get_device_data       : No context for object [ffff88040d81dcf8]
[   45.590396]      scan-1141 get_device_data       : No context for object [ffff88040d81dd20]
[   45.590594]      scan-1141 get_device_data       : No context for object [ffff88040d81dd48]
[   45.593352]      scan-1141 get_device_data       : No context for object [ffff88040d81dd70]
[   45.593352]      scan-1141 get_device_data       : No context for object [ffff88040d81dd98]
[   45.593352]      scan-1141 get_device_data       : No context for object [ffff88040d81ddc0]
[   45.593352]      scan-1141 get_device_data       : No context for object [ffff88040d81dde8]
[   45.593352]      scan-1141 get_device_data       : No context for object [ffff88040d81de10]
[   45.593352]      scan-1141 get_device_data       : No context for object [ffff88040d81de38]
[   45.593352]      scan-1141 get_device_data       : No context for object [ffff88040d81de60]
[   45.593352]      scan-1141 get_device_data       : No context for object [ffff88040d81de88]
[   45.593352]      scan-1141 get_device_data       : No context for object [ffff88040d81deb0]
[   45.593352]      scan-1141 get_device_data       : No context for object [ffff88040d81ded8]
[   45.593352]      scan-1141 get_device_data       : No context for object [ffff88040d81df00]
[   45.593352]      scan-1141 get_device_data       : No context for object [ffff88040d81df28]
[   45.593352]      scan-1141 get_device_data       : No context for object [ffff88040d81df50]
[   45.593352]      scan-1141 get_device_data       : No context for object [ffff88040d81df78]
[   45.593444]      scan-1141 get_device_data       : No context for object [ffff88040d81dfa0]
[   45.593638]      scan-1141 get_device_data       : No context for object [ffff88040d81dfc8]
[   45.593833]      scan-1141 get_device_data       : No context for object [ffff88040d822000]
[   45.594027]      scan-1141 get_device_data       : No context for object [ffff88040d822028]
[   45.594224]     utils-0051 util_eval_error       : Evaluate [\_SB_.PCI0.MEMR._STA]: AE_NOT_FOUND
[   45.594452] device: 'PNP0C02:00': device_add
[   45.594513] bus: 'acpi': add device PNP0C02:00
[   45.594589]     utils-0051 util_eval_error       : Evaluate [\_SB_.PCI0.MEMR._SUN]: AE_NOT_FOUND
[   45.596679]      scan-1933 add_single_object     : Added PNP0C02:00 [\_SB_.PCI0.MEMR] parent PNP0A08:00
[   45.596712]      scan-1141 get_device_data       : No context for object [ffff88040d822050]
[   45.596712]      scan-1141 get_device_data       : No context for object [ffff88040d822078]
[   45.596712]      scan-1141 get_device_data       : No context for object [ffff88040d8220a0]
[   45.596712]      scan-1141 get_device_data       : No context for object [ffff88040d8220c8]
[   45.596712]      scan-1141 get_device_data       : No context for object [ffff88040d8220f0]
[   45.596867]      scan-1141 get_device_data       : No context for object [ffff88040d822118]
[   45.597065]      scan-1141 get_device_data       : No context for object [ffff88040d822140]
[   45.597262]      scan-1141 get_device_data       : No context for object [ffff88040d822168]
[   45.597440]      scan-1141 get_device_data       : No context for object [ffff88040d822190]
[   45.597638]      scan-1141 get_device_data       : No context for object [ffff88040d8221b8]
[   45.597835]      scan-1141 get_device_data       : No context for object [ffff88040d8221e0]
[   45.598033]      scan-1141 get_device_data       : No context for object [ffff88040d822208]
[   45.598231]      scan-1141 get_device_data       : No context for object [ffff88040d822230]
[   45.598408]      scan-1141 get_device_data       : No context for object [ffff88040d822258]
[   45.598606]      scan-1141 get_device_data       : No context for object [ffff88040d822280]
[   45.598803]      scan-1141 get_device_data       : No context for object [ffff88040d8222a8]
[   45.599001]     utils-0051 util_eval_error       : Evaluate [\_SB_.PCI0.PB2_._STA]: AE_NOT_FOUND
[   45.599301] device: 'device:00': device_add
[   45.599365] bus: 'acpi': add device device:00
[   45.599439]     utils-0051 util_eval_error       : Evaluate [\_SB_.PCI0.PB2_._SUN]: AE_NOT_FOUND
[   45.600028]      scan-1933 add_single_object     : Added device:00 [\_SB_.PCI0.PB2_] parent PNP0A08:00
[   45.600028]      scan-1141 get_device_data       : No context for object [ffff88040d8222d0]
[   45.600028]      scan-1141 get_device_data       : No context for object [ffff88040d8222f8]
[   45.600201]      scan-1141 get_device_data       : No context for object [ffff88040d822320]
[   45.600378]      scan-1141 get_device_data       : No context for object [ffff88040d822348]
[   45.603345]      scan-1141 get_device_data       : No context for object [ffff88040d822370]
[   45.603453]      scan-1141 get_device_data       : No context for object [ffff88040d822398]
[   45.603453]      scan-1141 get_device_data       : No context for object [ffff88040d8223c0]
[   45.603453]      scan-1141 get_device_data       : No context for object [ffff88040d8223e8]
[   45.603453]      scan-1141 get_device_data       : No context for object [ffff88040d822410]
[   45.603453]      scan-1141 get_device_data       : No context for object [ffff88040d822438]
[   45.603453]      scan-1141 get_device_data       : No context for object [ffff88040d822460]
[   45.603453]      scan-1141 get_device_data       : No context for object [ffff88040d822488]
[   45.603453]      scan-1141 get_device_data       : No context for object [ffff88040d8224b0]
[   45.603453]      scan-1141 get_device_data       : No context for object [ffff88040d8224d8]
[   45.603453]      scan-1141 get_device_data       : No context for object [ffff88040d822500]
[   45.603453]      scan-1141 get_device_data       : No context for object [ffff88040d822528]
[   45.603453]      scan-1141 get_device_data       : No context for object [ffff88040d822550]
[   45.603453]      scan-1141 get_device_data       : No context for object [ffff88040d822578]
[   45.603453]      scan-1141 get_device_data       : No context for object [ffff88040d8225a0]
[   45.603513]      scan-1141 get_device_data       : No context for object [ffff88040d8225c8]
[   45.603710]      scan-1141 get_device_data       : No context for object [ffff88040d8225f0]
[   45.606686]      scan-1141 get_device_data       : No context for object [ffff88040d822618]
[   45.606686]      scan-1141 get_device_data       : No context for object [ffff88040d822640]
[   45.606686]      scan-1141 get_device_data       : No context for object [ffff88040d822668]
[   45.606686]      scan-1141 get_device_data       : No context for object [ffff88040d822690]
[   45.606686]      scan-1141 get_device_data       : No context for object [ffff88040d8226b8]
[   45.606686]      scan-1141 get_device_data       : No context for object [ffff88040d8226e0]
[   45.606686]      scan-1141 get_device_data       : No context for object [ffff88040d822708]
[   45.606686]      scan-1141 get_device_data       : No context for object [ffff88040d822730]
[   45.606686]      scan-1141 get_device_data       : No context for object [ffff88040d822758]
[   45.606686]      scan-1141 get_device_data       : No context for object [ffff88040d822780]
[   45.606686]     utils-0051 util_eval_error       : Evaluate [\_SB_.PCI0.PB2_.VGA_._STA]: AE_NOT_FOUND
[   45.606686] device: 'device:01': device_add
[   45.606686] bus: 'acpi': add device device:01
[   45.606686]     utils-0051 util_eval_error       : Evaluate [\_SB_.PCI0.PB2_.VGA_._SUN]: AE_NOT_FOUND
[   45.606769]      scan-1933 add_single_object     : Added device:01 [\_SB_.PCI0.PB2_.VGA_] parent device:00
[   45.606769]      scan-1141 get_device_data       : No context for object [ffff88040d8227a8]
[   45.606870]      scan-1141 get_device_data       : No context for object [ffff88040d8227d0]
[   45.607068]      scan-1141 get_device_data       : No context for object [ffff88040d8227f8]
[   45.607266]      scan-1141 get_device_data       : No context for object [ffff88040d822820]
[   45.610012]      scan-1141 get_device_data       : No context for object [ffff88040d822848]
[   45.610012]      scan-1141 get_device_data       : No context for object [ffff88040d822870]
[   45.610012]      scan-1141 get_device_data       : No context for object [ffff88040d822898]
[   45.610012]      scan-1141 get_device_data       : No context for object [ffff88040d8228c0]
[   45.610012]      scan-1141 get_device_data       : No context for object [ffff88040d8228e8]
[   45.610012]      scan-1141 get_device_data       : No context for object [ffff88040d822910]
[   45.610012]      scan-1141 get_device_data       : No context for object [ffff88040d822938]
[   45.610012]      scan-1141 get_device_data       : No context for object [ffff88040d822960]
[   45.610012]      scan-1141 get_device_data       : No context for object [ffff88040d822988]
[   45.610012]      scan-1141 get_device_data       : No context for object [ffff88040d8229b0]
[   45.610012]      scan-1141 get_device_data       : No context for object [ffff88040d8229d8]
[   45.610012]      scan-1141 get_device_data       : No context for object [ffff88040d822a00]
[   45.610012]      scan-1141 get_device_data       : No context for object [ffff88040d822a28]
[   45.610012]      scan-1141 get_device_data       : No context for object [ffff88040d822a50]
[   45.610197]      scan-1141 get_device_data       : No context for object [ffff88040d822a78]
[   45.610391]      scan-1141 get_device_data       : No context for object [ffff88040d822aa0]
[   45.610541]      scan-1141 get_device_data       : No context for object [ffff88040d822ac8]
[   45.610717]      scan-1141 get_device_data       : No context for object [ffff88040d822af0]
[   45.610911]      scan-1141 get_device_data       : No context for object [ffff88040d822b18]
[   45.611106]      scan-1141 get_device_data       : No context for object [ffff88040d822b40]
[   45.611301]      scan-1141 get_device_data       : No context for object [ffff88040d822b68]
[   45.611478]      scan-1141 get_device_data       : No context for object [ffff88040d822b90]
[   45.611673]      scan-1141 get_device_data       : No context for object [ffff88040d822bb8]
[   45.611866]      scan-1141 get_device_data       : No context for object [ffff88040d822be0]
[   45.612062]      scan-1141 get_device_data       : No context for object [ffff88040d822c08]
[   45.612257]      scan-1141 get_device_data       : No context for object [ffff88040d822c30]
[   45.612439]      scan-1141 get_device_data       : No context for object [ffff88040d822c58]
[   45.612634]      scan-1141 get_device_data       : No context for object [ffff88040d822c80]
[   45.612829]      scan-1141 get_device_data       : No context for object [ffff88040d822ca8]
[   45.613024]      scan-1141 get_device_data       : No context for object [ffff88040d822cd0]
[   45.613221]      scan-1141 get_device_data       : No context for object [ffff88040d822cf8]
[   45.613336]      scan-1141 get_device_data       : No context for object [ffff88040d822d20]
[   45.613534]      scan-1141 get_device_data       : No context for object [ffff88040d822d48]
[   45.613731]      scan-1141 get_device_data       : No context for object [ffff88040d822d70]
[   45.613929]      scan-1141 get_device_data       : No context for object [ffff88040d822d98]
[   45.615146]      scan-1141 get_device_data       : No context for object [ffff88040d837438]
[   45.615344]      scan-1141 get_device_data       : No context for object [ffff88040d822dc0]
[   45.615543]     utils-0051 util_eval_error       : Evaluate [\_SB_.PCI0.PB2_.HDAU._STA]: AE_NOT_FOUND
[   45.615775] device: 'device:02': device_add
[   45.615838] bus: 'acpi': add device device:02
[   45.615917]     utils-0051 util_eval_error       : Evaluate [\_SB_.PCI0.PB2_.HDAU._SUN]: AE_NOT_FOUND
[   45.616672]      scan-1933 add_single_object     : Added device:02 [\_SB_.PCI0.PB2_.HDAU] parent device:00
[   45.616712]      scan-1141 get_device_data       : No context for object [ffff88040d822de8]
[   45.616712]      scan-1141 get_device_data       : No context for object [ffff88040d822e10]
[   45.616712]      scan-1141 get_device_data       : No context for object [ffff88040d822e38]
[   45.616868]      scan-1141 get_device_data       : No context for object [ffff88040d822e60]
[   45.617065]      scan-1141 get_device_data       : No context for object [ffff88040d822e88]
[   45.620019]      scan-1141 get_device_data       : No context for object [ffff88040d822eb0]
[   45.620019]      scan-1141 get_device_data       : No context for object [ffff88040d822ed8]
[   45.620019]     utils-0051 util_eval_error       : Evaluate [\_SB_.PCI0.PB3_._STA]: AE_NOT_FOUND
[   45.620019] device: 'device:03': device_add
[   45.620019] bus: 'acpi': add device device:03
[   45.620019]     utils-0051 util_eval_error       : Evaluate [\_SB_.PCI0.PB3_._SUN]: AE_NOT_FOUND
[   45.620105]      scan-1933 add_single_object     : Added device:03 [\_SB_.PCI0.PB3_] parent PNP0A08:00
[   45.620105]      scan-1141 get_device_data       : No context for object [ffff88040d822f00]
[   45.620105]      scan-1141 get_device_data       : No context for object [ffff88040d822f28]
[   45.620105]      scan-1141 get_device_data       : No context for object [ffff88040d822f50]
[   45.620105]      scan-1141 get_device_data       : No context for object [ffff88040d822f78]
[   45.620105]      scan-1141 get_device_data       : No context for object [ffff88040d822fa0]
[   45.620105]      scan-1141 get_device_data       : No context for object [ffff88040d822fc8]
[   45.620105]      scan-1141 get_device_data       : No context for object [ffff88040d823000]
[   45.620105]      scan-1141 get_device_data       : No context for object [ffff88040d823028]
[   45.620105]      scan-1141 get_device_data       : No context for object [ffff88040d823050]
[   45.620200]      scan-1141 get_device_data       : No context for object [ffff88040d823078]
[   45.620390]      scan-1141 get_device_data       : No context for object [ffff88040d8230a0]
[   45.620588]      scan-1141 get_device_data       : No context for object [ffff88040d8230c8]
[   45.620785]      scan-1141 get_device_data       : No context for object [ffff88040d8230f0]
[   45.620983]      scan-1141 get_device_data       : No context for object [ffff88040d823118]
[   45.621180]      scan-1141 get_device_data       : No context for object [ffff88040d823140]
[   45.621377]      scan-1141 get_device_data       : No context for object [ffff88040d823168]
[   45.621575]      scan-1141 get_device_data       : No context for object [ffff88040d823190]
[   45.621773]      scan-1141 get_device_data       : No context for object [ffff88040d8231b8]
[   45.621970]      scan-1141 get_device_data       : No context for object [ffff88040d8231e0]
[   45.622168]      scan-1141 get_device_data       : No context for object [ffff88040d823208]
[   45.622366]      scan-1141 get_device_data       : No context for object [ffff88040d823230]
[   45.622563]      scan-1141 get_device_data       : No context for object [ffff88040d823258]
[   45.622761]      scan-1141 get_device_data       : No context for object [ffff88040d823280]
[   45.622958]      scan-1141 get_device_data       : No context for object [ffff88040d8232a8]
[   45.623156]      scan-1141 get_device_data       : No context for object [ffff88040d8232d0]
[   45.623336]      scan-1141 get_device_data       : No context for object [ffff88040d8232f8]
[   45.623513]      scan-1141 get_device_data       : No context for object [ffff88040d823320]
[   45.623711]      scan-1141 get_device_data       : No context for object [ffff88040d823348]
[   45.623908]      scan-1141 get_device_data       : No context for object [ffff88040d823370]
[   45.624106]      scan-1141 get_device_data       : No context for object [ffff88040d823398]
[   45.624303]      scan-1141 get_device_data       : No context for object [ffff88040d8233c0]
[   45.624456]     utils-0051 util_eval_error       : Evaluate [\_SB_.PCI0.PB3_.VGA_._STA]: AE_NOT_FOUND
[   45.624664]     video-0058 backlight_cap_match   : Found generic backlight support
[   45.624873] device: 'LNXVIDEO:00': device_add
[   45.624936] bus: 'acpi': add device LNXVIDEO:00
[   45.625013]     utils-0051 util_eval_error       : Evaluate [\_SB_.PCI0.PB3_.VGA_._SUN]: AE_NOT_FOUND
[   45.626701]      scan-1933 add_single_object     : Added LNXVIDEO:00 [\_SB_.PCI0.PB3_.VGA_] parent device:03
[   45.626701]      scan-1141 get_device_data       : No context for object [ffff88040d8233e8]
[   45.626701]      scan-1141 get_device_data       : No context for object [ffff88040d823410]
[   45.626701]      scan-1141 get_device_data       : No context for object [ffff88040d823438]
[   45.626701]      scan-1141 get_device_data       : No context for object [ffff88040d823460]
[   45.626701]      scan-1141 get_device_data       : No context for object [ffff88040d823488]
[   45.626701]      scan-1141 get_device_data       : No context for object [ffff88040d8234b0]
[   45.626701]      scan-1141 get_device_data       : No context for object [ffff88040d8234d8]
[   45.626829]      scan-1141 get_device_data       : No context for object [ffff88040d823500]
[   45.627025]      scan-1141 get_device_data       : No context for object [ffff88040d823528]
[   45.627220]      scan-1141 get_device_data       : No context for object [ffff88040d823550]
[   45.627416]      scan-1141 get_device_data       : No context for object [ffff88040d823578]
[   45.627611]      scan-1141 get_device_data       : No context for object [ffff88040d8235a0]
[   45.627805]      scan-1141 get_device_data       : No context for object [ffff88040d8235c8]
[   45.627999]      scan-1141 get_device_data       : No context for object [ffff88040d8235f0]
[   45.628194]      scan-1141 get_device_data       : No context for object [ffff88040d823618]
[   45.628390]      scan-1141 get_device_data       : No context for object [ffff88040d823640]
[   45.628539]      scan-1141 get_device_data       : No context for object [ffff88040d823668]
[   45.628715]      scan-1141 get_device_data       : No context for object [ffff88040d823690]
[   45.628909]      scan-1141 get_device_data       : No context for object [ffff88040d8236b8]
[   45.629105]      scan-1141 get_device_data       : No context for object [ffff88040d8236e0]
[   45.629299]      scan-1141 get_device_data       : No context for object [ffff88040d823708]
[   45.629476]      scan-1141 get_device_data       : No context for object [ffff88040d823730]
[   45.629671]      scan-1141 get_device_data       : No context for object [ffff88040d823758]
[   45.629866]      scan-1141 get_device_data       : No context for object [ffff88040d823780]
[   45.630002]      scan-1141 get_device_data       : No context for object [ffff88040d8237a8]
[   45.630200]      scan-1141 get_device_data       : No context for object [ffff88040d8237d0]
[   45.630377]      scan-1141 get_device_data       : No context for object [ffff88040d8237f8]
[   45.630574]      scan-1141 get_device_data       : No context for object [ffff88040d823820]
[   45.630772]      scan-1141 get_device_data       : No context for object [ffff88040d823848]
[   45.630969]      scan-1141 get_device_data       : No context for object [ffff88040d823870]
[   45.631166]      scan-1141 get_device_data       : No context for object [ffff88040d823898]
[   45.631363]      scan-1141 get_device_data       : No context for object [ffff88040d8238c0]
[   45.631561]      scan-1141 get_device_data       : No context for object [ffff88040d8238e8]
[   45.631758]      scan-1141 get_device_data       : No context for object [ffff88040d823910]
[   45.631956]      scan-1141 get_device_data       : No context for object [ffff88040d823938]
[   45.632153]      scan-1141 get_device_data       : No context for object [ffff88040d823960]
[   45.632351]      scan-1141 get_device_data       : No context for object [ffff88040d823988]
[   45.633335]      scan-1141 get_device_data       : No context for object [ffff88040d8239b0]
[   45.633533]      scan-1141 get_device_data       : No context for object [ffff88040d8239d8]
[   45.633730]      scan-1141 get_device_data       : No context for object [ffff88040d837460]
[   45.633928]      scan-1141 get_device_data       : No context for object [ffff88040d83ac08]
[   45.634125]      scan-1141 get_device_data       : No context for object [ffff88040d83ac30]
[   45.634323]      scan-1141 get_device_data       : No context for object [ffff88040d83ac58]
[   45.634522]     utils-0051 util_eval_error       : Evaluate [\_SB_.PCI0.PB3_.VGA_.CRT_._STA]: AE_NOT_FOUND
[   45.634765] device: 'device:04': device_add
[   45.634875] bus: 'acpi': add device device:04
[   45.634952]     utils-0051 util_eval_error       : Evaluate [\_SB_.PCI0.PB3_.VGA_.CRT_._SUN]: AE_NOT_FOUND
[   45.636679]      scan-1933 add_single_object     : Added device:04 [\_SB_.PCI0.PB3_.VGA_.CRT_] parent LNXVIDEO:00
[   45.636679]      scan-1141 get_device_data       : No context for object [ffff88040d83ac80]
[   45.636679]      scan-1141 get_device_data       : No context for object [ffff88040d83aca8]
[   45.636679]      scan-1141 get_device_data       : No context for object [ffff88040d83acd0]
[   45.636679]      scan-1141 get_device_data       : No context for object [ffff88040d83acf8]
[   45.636679]      scan-1141 get_device_data       : No context for object [ffff88040d83ad20]
[   45.636679]     utils-0051 util_eval_error       : Evaluate [\_SB_.PCI0.PB3_.VGA_.LCD_._STA]: AE_NOT_FOUND
[   45.636877] device: 'device:05': device_add
[   45.636986] bus: 'acpi': add device device:05
[   45.637061]     utils-0051 util_eval_error       : Evaluate [\_SB_.PCI0.PB3_.VGA_.LCD_._SUN]: AE_NOT_FOUND
[   45.640000]      scan-1933 add_single_object     : Added device:05 [\_SB_.PCI0.PB3_.VGA_.LCD_] parent LNXVIDEO:00
[   45.640000]      scan-1141 get_device_data       : No context for object [ffff88040d83ad48]
[   45.640000]      scan-1141 get_device_data       : No context for object [ffff88040d83ad70]
[   45.640000]      scan-1141 get_device_data       : No context for object [ffff88040d83ad98]
[   45.640000]      scan-1141 get_device_data       : No context for object [ffff88040d83adc0]
[   45.640000]      scan-1141 get_device_data       : No context for object [ffff88040d83ade8]
[   45.640000]      scan-1141 get_device_data       : No context for object [ffff88040d83ae10]
[   45.640000]      scan-1141 get_device_data       : No context for object [ffff88040d83ae38]
[   45.640000]      scan-1141 get_device_data       : No context for object [ffff88040d83ae60]
[   45.640000]     utils-0051 util_eval_error       : Evaluate [\_SB_.PCI0.PB3_.VGA_.TV0_._STA]: AE_NOT_FOUND
[   45.640000] device: 'device:06': device_add
[   45.640000] bus: 'acpi': add device device:06
[   45.640000]     utils-0051 util_eval_error       : Evaluate [\_SB_.PCI0.PB3_.VGA_.TV0_._SUN]: AE_NOT_FOUND
[   45.640034]      scan-1933 add_single_object     : Added device:06 [\_SB_.PCI0.PB3_.VGA_.TV0_] parent LNXVIDEO:00
[   45.640034]      scan-1141 get_device_data       : No context for object [ffff88040d83ae88]
[   45.640034]      scan-1141 get_device_data       : No context for object [ffff88040d83aeb0]
[   45.640202]      scan-1141 get_device_data       : No context for object [ffff88040d83aed8]
[   45.640398]      scan-1141 get_device_data       : No context for object [ffff88040d83af00]
[   45.640597]      scan-1141 get_device_data       : No context for object [ffff88040d83af28]
[   45.640795]     utils-0051 util_eval_error       : Evaluate [\_SB_.PCI0.PB3_.VGA_.HDMI._STA]: AE_NOT_FOUND
[   45.641037] device: 'device:07': device_add
[   45.641146] bus: 'acpi': add device device:07
[   45.641223]     utils-0051 util_eval_error       : Evaluate [\_SB_.PCI0.PB3_.VGA_.HDMI._SUN]: AE_NOT_FOUND
[   45.643457]      scan-1933 add_single_object     : Added device:07 [\_SB_.PCI0.PB3_.VGA_.HDMI] parent LNXVIDEO:00
[   45.643457]      scan-1141 get_device_data       : No context for object [ffff88040d83af50]
[   45.643457]      scan-1141 get_device_data       : No context for object [ffff88040d83af78]
[   45.643457]      scan-1141 get_device_data       : No context for object [ffff88040d83afa0]
[   45.643457]      scan-1141 get_device_data       : No context for object [ffff88040d83afc8]
[   45.643457]      scan-1141 get_device_data       : No context for object [ffff88040d823a00]
[   45.643457]     utils-0051 util_eval_error       : Evaluate [\_SB_.PCI0.PB3_.HDAU._STA]: AE_NOT_FOUND
[   45.643457] device: 'device:08': device_add
[   45.643457] bus: 'acpi': add device device:08
[   45.643457]     utils-0051 util_eval_error       : Evaluate [\_SB_.PCI0.PB3_.HDAU._SUN]: AE_NOT_FOUND
[   45.643457]      scan-1933 add_single_object     : Added device:08 [\_SB_.PCI0.PB3_.HDAU] parent device:03
[   45.643457]      scan-1141 get_device_data       : No context for object [ffff88040d823a28]
[   45.643516]      scan-1141 get_device_data       : No context for object [ffff88040d823a50]
[   45.643710]      scan-1141 get_device_data       : No context for object [ffff88040d823a78]
[   45.643904]      scan-1141 get_device_data       : No context for object [ffff88040d823aa0]
[   45.644098]      scan-1141 get_device_data       : No context for object [ffff88040d823ac8]
[   45.644293]      scan-1141 get_device_data       : No context for object [ffff88040d823af0]
[   45.644442]      scan-1141 get_device_data       : No context for object [ffff88040d823b18]
[   45.644620]     utils-0051 util_eval_error       : Evaluate [\_SB_.PCI0.PB4_._STA]: AE_NOT_FOUND
[   45.644912] device: 'device:09': device_add
[   45.644974] bus: 'acpi': add device device:09
[   45.645048]     utils-0051 util_eval_error       : Evaluate [\_SB_.PCI0.PB4_._SUN]: AE_NOT_FOUND
[   45.646799]      scan-1933 add_single_object     : Added device:09 [\_SB_.PCI0.PB4_] parent PNP0A08:00
[   45.646799]      scan-1141 get_device_data       : No context for object [ffff88040d823b40]
[   45.646799]      scan-1141 get_device_data       : No context for object [ffff88040d823b68]
[   45.646799]      scan-1141 get_device_data       : No context for object [ffff88040d823b90]
[   45.646799]      scan-1141 get_device_data       : No context for object [ffff88040d823bb8]
[   45.646799]      scan-1141 get_device_data       : No context for object [ffff88040d823be0]
[   45.646799]      scan-1141 get_device_data       : No context for object [ffff88040d823c08]
[   45.646799]      scan-1141 get_device_data       : No context for object [ffff88040d823c30]
[   45.646831]      scan-1141 get_device_data       : No context for object [ffff88040d823c58]
[   45.647028]      scan-1141 get_device_data       : No context for object [ffff88040d823c80]
[   45.647225]      scan-1141 get_device_data       : No context for object [ffff88040d823ca8]
[   45.647415]      scan-1141 get_device_data       : No context for object [ffff88040d823cd0]
[   45.647613]      scan-1141 get_device_data       : No context for object [ffff88040d823cf8]
[   45.647810]      scan-1141 get_device_data       : No context for object [ffff88040d823d20]
[   45.648008]      scan-1141 get_device_data       : No context for object [ffff88040d823d48]
[   45.648205]      scan-1141 get_device_data       : No context for object [ffff88040d823d70]
[   45.648403]      scan-1141 get_device_data       : No context for object [ffff88040d823d98]
[   45.648601]      scan-1141 get_device_data       : No context for object [ffff88040d823dc0]
[   45.648799]      scan-1141 get_device_data       : No context for object [ffff88040d823de8]
[   45.648996]      scan-1141 get_device_data       : No context for object [ffff88040d823e10]
[   45.649193]      scan-1141 get_device_data       : No context for object [ffff88040d823e38]
[   45.649391]      scan-1141 get_device_data       : No context for object [ffff88040d823e60]
[   45.649588]      scan-1141 get_device_data       : No context for object [ffff88040d823e88]
[   45.649785]      scan-1141 get_device_data       : No context for object [ffff88040d823eb0]
[   45.650002]      scan-1141 get_device_data       : No context for object [ffff88040d823ed8]
[   45.650200]      scan-1141 get_device_data       : No context for object [ffff88040d823f00]
[   45.650397]      scan-1141 get_device_data       : No context for object [ffff88040d823f28]
[   45.650574]      scan-1141 get_device_data       : No context for object [ffff88040d823f50]
[   45.650772]      scan-1141 get_device_data       : No context for object [ffff88040d823f78]
[   45.650969]      scan-1141 get_device_data       : No context for object [ffff88040d823fa0]
[   45.651167]      scan-1141 get_device_data       : No context for object [ffff88040d823fc8]
[   45.652383]      scan-1141 get_device_data       : No context for object [ffff88040d825000]
[   45.652535]     utils-0051 util_eval_error       : Evaluate [\_SB_.PCI0.PB4_.XPDV._STA]: AE_NOT_FOUND
[   45.652746] device: 'device:0a': device_add
[   45.652812] bus: 'acpi': add device device:0a
[   45.652886]     utils-0051 util_eval_error       : Evaluate [\_SB_.PCI0.PB4_.XPDV._SUN]: AE_NOT_FOUND
[   45.653462]      scan-1933 add_single_object     : Added device:0a [\_SB_.PCI0.PB4_.XPDV] parent device:09
[   45.653462]      scan-1141 get_device_data       : No context for object [ffff88040d825028]
[   45.653478]      scan-1141 get_device_data       : No context for object [ffff88040d825050]
[   45.653675]      scan-1141 get_device_data       : No context for object [ffff88040d825078]
[   45.653872]      scan-1141 get_device_data       : No context for object [ffff88040d8250a0]
[   45.654071]      scan-1141 get_device_data       : No context for object [ffff88040d8250c8]
[   45.654269]      scan-1141 get_device_data       : No context for object [ffff88040d837500]
[   45.654447]      scan-1141 get_device_data       : No context for object [ffff88040d8250f0]
[   45.654644]      scan-1141 get_device_data       : No context for object [ffff88040d825118]
[   45.654844]     utils-0051 util_eval_error       : Evaluate [\_SB_.PCI0.PB5_._STA]: AE_NOT_FOUND
[   45.655139] device: 'device:0b': device_add
[   45.655202] bus: 'acpi': add device device:0b
[   45.655277]     utils-0051 util_eval_error       : Evaluate [\_SB_.PCI0.PB5_._SUN]: AE_NOT_FOUND
[   45.656793]      scan-1933 add_single_object     : Added device:0b [\_SB_.PCI0.PB5_] parent PNP0A08:00
[   45.656793]      scan-1141 get_device_data       : No context for object [ffff88040d825140]
[   45.656793]      scan-1141 get_device_data       : No context for object [ffff88040d825168]
[   45.656793]      scan-1141 get_device_data       : No context for object [ffff88040d825190]
[   45.656793]      scan-1141 get_device_data       : No context for object [ffff88040d8251b8]
[   45.656793]      scan-1141 get_device_data       : No context for object [ffff88040d8251e0]
[   45.656793]      scan-1141 get_device_data       : No context for object [ffff88040d825208]
[   45.656832]      scan-1141 get_device_data       : No context for object [ffff88040d825230]
[   45.657029]      scan-1141 get_device_data       : No context for object [ffff88040d825258]
[   45.657226]      scan-1141 get_device_data       : No context for object [ffff88040d825280]
[   45.657423]      scan-1141 get_device_data       : No context for object [ffff88040d8252a8]
[   45.657620]      scan-1141 get_device_data       : No context for object [ffff88040d8252d0]
[   45.657817]      scan-1141 get_device_data       : No context for object [ffff88040d8252f8]
[   45.658015]      scan-1141 get_device_data       : No context for object [ffff88040d825320]
[   45.658212]      scan-1141 get_device_data       : No context for object [ffff88040d825348]
[   45.658409]      scan-1141 get_device_data       : No context for object [ffff88040d825370]
[   45.658607]      scan-1141 get_device_data       : No context for object [ffff88040d825398]
[   45.658804]      scan-1141 get_device_data       : No context for object [ffff88040d8253c0]
[   45.659001]      scan-1141 get_device_data       : No context for object [ffff88040d8253e8]
[   45.659195]      scan-1141 get_device_data       : No context for object [ffff88040d825410]
[   45.659391]      scan-1141 get_device_data       : No context for object [ffff88040d825438]
[   45.659567]      scan-1141 get_device_data       : No context for object [ffff88040d825460]
[   45.659762]      scan-1141 get_device_data       : No context for object [ffff88040d825488]
[   45.659957]      scan-1141 get_device_data       : No context for object [ffff88040d8254b0]
[   45.660162]      scan-1141 get_device_data       : No context for object [ffff88040d8254d8]
[   45.660358]      scan-1141 get_device_data       : No context for object [ffff88040d825500]
[   45.660507]      scan-1141 get_device_data       : No context for object [ffff88040d825528]
[   45.660684]      scan-1141 get_device_data       : No context for object [ffff88040d825550]
[   45.660878]      scan-1141 get_device_data       : No context for object [ffff88040d825578]
[   45.661073]      scan-1141 get_device_data       : No context for object [ffff88040d8255a0]
[   45.661269]      scan-1141 get_device_data       : No context for object [ffff88040d8255c8]
[   45.661446]      scan-1141 get_device_data       : No context for object [ffff88040d8255f0]
[   45.661642]     utils-0051 util_eval_error       : Evaluate [\_SB_.PCI0.PB5_.XPDV._STA]: AE_NOT_FOUND
[   45.661873] device: 'device:0c': device_add
[   45.661935] bus: 'acpi': add device device:0c
[   45.662010]     utils-0051 util_eval_error       : Evaluate [\_SB_.PCI0.PB5_.XPDV._SUN]: AE_NOT_FOUND
[   45.663462]      scan-1933 add_single_object     : Added device:0c [\_SB_.PCI0.PB5_.XPDV] parent device:0b
[   45.663462]      scan-1141 get_device_data       : No context for object [ffff88040d825618]
[   45.663462]      scan-1141 get_device_data       : No context for object [ffff88040d825640]
[   45.663462]      scan-1141 get_device_data       : No context for object [ffff88040d825668]
[   45.663462]      scan-1141 get_device_data       : No context for object [ffff88040d825690]
[   45.663462]      scan-1141 get_device_data       : No context for object [ffff88040d8256b8]
[   45.663462]      scan-1141 get_device_data       : No context for object [ffff88040d837528]
[   45.663488]      scan-1141 get_device_data       : No context for object [ffff88040d8256e0]
[   45.663665]      scan-1141 get_device_data       : No context for object [ffff88040d825708]
[   45.663864]     utils-0051 util_eval_error       : Evaluate [\_SB_.PCI0.PB6_._STA]: AE_NOT_FOUND
[   45.664159] device: 'device:0d': device_add
[   45.664222] bus: 'acpi': add device device:0d
[   45.664296]     utils-0051 util_eval_error       : Evaluate [\_SB_.PCI0.PB6_._SUN]: AE_NOT_FOUND
[   45.666795]      scan-1933 add_single_object     : Added device:0d [\_SB_.PCI0.PB6_] parent PNP0A08:00
[   45.666795]      scan-1141 get_device_data       : No context for object [ffff88040d825730]
[   45.666795]      scan-1141 get_device_data       : No context for object [ffff88040d825758]
[   45.666795]      scan-1141 get_device_data       : No context for object [ffff88040d825780]
[   45.666795]      scan-1141 get_device_data       : No context for object [ffff88040d8257a8]
[   45.666795]      scan-1141 get_device_data       : No context for object [ffff88040d8257d0]
[   45.666795]      scan-1141 get_device_data       : No context for object [ffff88040d8257f8]
[   45.666795]      scan-1141 get_device_data       : No context for object [ffff88040d825820]
[   45.666795]      scan-1141 get_device_data       : No context for object [ffff88040d825848]
[   45.666795]      scan-1141 get_device_data       : No context for object [ffff88040d825870]
[   45.666795]      scan-1141 get_device_data       : No context for object [ffff88040d825898]
[   45.666795]      scan-1141 get_device_data       : No context for object [ffff88040d8258c0]
[   45.666831]      scan-1141 get_device_data       : No context for object [ffff88040d8258e8]
[   45.667028]      scan-1141 get_device_data       : No context for object [ffff88040d825910]
[   45.667226]      scan-1141 get_device_data       : No context for object [ffff88040d825938]
[   45.667418]      scan-1141 get_device_data       : No context for object [ffff88040d825960]
[   45.667615]      scan-1141 get_device_data       : No context for object [ffff88040d825988]
[   45.667812]      scan-1141 get_device_data       : No context for object [ffff88040d8259b0]
[   45.668010]      scan-1141 get_device_data       : No context for object [ffff88040d8259d8]
[   45.668207]      scan-1141 get_device_data       : No context for object [ffff88040d825a00]
[   45.668405]      scan-1141 get_device_data       : No context for object [ffff88040d825a28]
[   45.668602]      scan-1141 get_device_data       : No context for object [ffff88040d825a50]
[   45.668799]      scan-1141 get_device_data       : No context for object [ffff88040d825a78]
[   45.668996]      scan-1141 get_device_data       : No context for object [ffff88040d825aa0]
[   45.669194]      scan-1141 get_device_data       : No context for object [ffff88040d825ac8]
[   45.669391]      scan-1141 get_device_data       : No context for object [ffff88040d825af0]
[   45.669589]      scan-1141 get_device_data       : No context for object [ffff88040d825b18]
[   45.673336]      scan-1141 get_device_data       : No context for object [ffff88040d825b40]
[   45.673533]      scan-1141 get_device_data       : No context for object [ffff88040d825b68]
[   45.673731]      scan-1141 get_device_data       : No context for object [ffff88040d825b90]
[   45.673929]      scan-1141 get_device_data       : No context for object [ffff88040d825bb8]
[   45.674126]      scan-1141 get_device_data       : No context for object [ffff88040d825be0]
[   45.674325]     utils-0051 util_eval_error       : Evaluate [\_SB_.PCI0.PB6_.XPDV._STA]: AE_NOT_FOUND
[   45.674557] device: 'device:0e': device_add
[   45.674620] bus: 'acpi': add device device:0e
[   45.674694]     utils-0051 util_eval_error       : Evaluate [\_SB_.PCI0.PB6_.XPDV._SUN]: AE_NOT_FOUND
[   45.674902]      scan-1933 add_single_object     : Added device:0e [\_SB_.PCI0.PB6_.XPDV] parent device:0d
[   45.675092]      scan-1141 get_device_data       : No context for object [ffff88040d825c08]
[   45.675290]      scan-1141 get_device_data       : No context for object [ffff88040d825c30]
[   45.675488]      scan-1141 get_device_data       : No context for object [ffff88040d825c58]
[   45.675685]      scan-1141 get_device_data       : No context for object [ffff88040d825c80]
[   45.675685]      scan-1141 get_device_data       : No context for object [ffff88040d825ca8]
[   45.675685]      scan-1141 get_device_data       : No context for object [ffff88040d837550]
[   45.675685]      scan-1141 get_device_data       : No context for object [ffff88040d825cd0]
[   45.675685]      scan-1141 get_device_data       : No context for object [ffff88040d825cf8]
[   45.675685]     utils-0051 util_eval_error       : Evaluate [\_SB_.PCI0.PB7_._STA]: AE_NOT_FOUND
[   45.675685] device: 'device:0f': device_add
[   45.675685] bus: 'acpi': add device device:0f
[   45.675685]     utils-0051 util_eval_error       : Evaluate [\_SB_.PCI0.PB7_._SUN]: AE_NOT_FOUND
[   45.676770]      scan-1933 add_single_object     : Added device:0f [\_SB_.PCI0.PB7_] parent PNP0A08:00
[   45.676770]      scan-1141 get_device_data       : No context for object [ffff88040d825d20]
[   45.676770]      scan-1141 get_device_data       : No context for object [ffff88040d825d48]
[   45.676770]      scan-1141 get_device_data       : No context for object [ffff88040d825d70]
[   45.676770]      scan-1141 get_device_data       : No context for object [ffff88040d825d98]
[   45.676770]      scan-1141 get_device_data       : No context for object [ffff88040d825dc0]
[   45.676770]      scan-1141 get_device_data       : No context for object [ffff88040d825de8]
[   45.676770]      scan-1141 get_device_data       : No context for object [ffff88040d825e10]
[   45.676770]      scan-1141 get_device_data       : No context for object [ffff88040d825e38]
[   45.676770]      scan-1141 get_device_data       : No context for object [ffff88040d825e60]
[   45.676770]      scan-1141 get_device_data       : No context for object [ffff88040d825e88]
[   45.676829]      scan-1141 get_device_data       : No context for object [ffff88040d825eb0]
[   45.677023]      scan-1141 get_device_data       : No context for object [ffff88040d825ed8]
[   45.677218]      scan-1141 get_device_data       : No context for object [ffff88040d825f00]
[   45.677414]      scan-1141 get_device_data       : No context for object [ffff88040d825f28]
[   45.677610]      scan-1141 get_device_data       : No context for object [ffff88040d825f50]
[   45.677806]      scan-1141 get_device_data       : No context for object [ffff88040d825f78]
[   45.678000]      scan-1141 get_device_data       : No context for object [ffff88040d825fa0]
[   45.678196]      scan-1141 get_device_data       : No context for object [ffff88040d825fc8]
[   45.678392]      scan-1141 get_device_data       : No context for object [ffff88040d827000]
[   45.678585]      scan-1141 get_device_data       : No context for object [ffff88040d827028]
[   45.678780]      scan-1141 get_device_data       : No context for object [ffff88040d827050]
[   45.678973]      scan-1141 get_device_data       : No context for object [ffff88040d827078]
[   45.679169]      scan-1141 get_device_data       : No context for object [ffff88040d8270a0]
[   45.679363]      scan-1141 get_device_data       : No context for object [ffff88040d8270c8]
[   45.679511]      scan-1141 get_device_data       : No context for object [ffff88040d8270f0]
[   45.679689]      scan-1141 get_device_data       : No context for object [ffff88040d827118]
[   45.679884]      scan-1141 get_device_data       : No context for object [ffff88040d827140]
[   45.680002]      scan-1141 get_device_data       : No context for object [ffff88040d827168]
[   45.680200]      scan-1141 get_device_data       : No context for object [ffff88040d827190]
[   45.680377]      scan-1141 get_device_data       : No context for object [ffff88040d8271b8]
[   45.680574]      scan-1141 get_device_data       : No context for object [ffff88040d8271e0]
[   45.680773]     utils-0051 util_eval_error       : Evaluate [\_SB_.PCI0.PB7_.XPDV._STA]: AE_NOT_FOUND
[   45.681008] device: 'device:10': device_add
[   45.681119] bus: 'acpi': add device device:10
[   45.681194]     utils-0051 util_eval_error       : Evaluate [\_SB_.PCI0.PB7_.XPDV._SUN]: AE_NOT_FOUND
[   45.683345]      scan-1933 add_single_object     : Added device:10 [\_SB_.PCI0.PB7_.XPDV] parent device:0f
[   45.683345]      scan-1141 get_device_data       : No context for object [ffff88040d827208]
[   45.683345]      scan-1141 get_device_data       : No context for object [ffff88040d827230]
[   45.683345]      scan-1141 get_device_data       : No context for object [ffff88040d827258]
[   45.683345]      scan-1141 get_device_data       : No context for object [ffff88040d827280]
[   45.683345]      scan-1141 get_device_data       : No context for object [ffff88040d8272a8]
[   45.683345]      scan-1141 get_device_data       : No context for object [ffff88040d837488]
[   45.683345]      scan-1141 get_device_data       : No context for object [ffff88040d8272d0]
[   45.683345]      scan-1141 get_device_data       : No context for object [ffff88040d8272f8]
[   45.683345]     utils-0051 util_eval_error       : Evaluate [\_SB_.PCI0.OHC1._STA]: AE_NOT_FOUND
[   45.683382] device: 'device:11': device_add
[   45.683445] bus: 'acpi': add device device:11
[   45.683519]     utils-0051 util_eval_error       : Evaluate [\_SB_.PCI0.OHC1._SUN]: AE_NOT_FOUND
[   45.683725]      scan-1933 add_single_object     : Added device:11 [\_SB_.PCI0.OHC1] parent PNP0A08:00
[   45.683927]      scan-1141 get_device_data       : No context for object [ffff88040d827320]
[   45.684124]      scan-1141 get_device_data       : No context for object [ffff88040d827348]
[   45.684322]      scan-1141 get_device_data       : No context for object [ffff88040d83b2f8]
[   45.684520]     utils-0051 util_eval_error       : Evaluate [\_SB_.PCI0.OHC1.RHUB._STA]: AE_NOT_FOUND
[   45.684753] device: 'device:12': device_add
[   45.684815] bus: 'acpi': add device device:12
[   45.684892]     utils-0051 util_eval_error       : Evaluate [\_SB_.PCI0.OHC1.RHUB._SUN]: AE_NOT_FOUND
[   45.686696]      scan-1933 add_single_object     : Added device:12 [\_SB_.PCI0.OHC1.RHUB] parent device:11
[   45.686696]      scan-1141 get_device_data       : No context for object [ffff88040d83b320]
[   45.686696]      scan-1141 get_device_data       : No context for object [ffff88040d83b348]
[   45.686696]     utils-0051 util_eval_error       : Evaluate [\_SB_.PCI0.OHC1.RHUB.PRT3._STA]: AE_NOT_FOUND
[   45.686696] device: 'device:13': device_add
[   45.686696] bus: 'acpi': add device device:13
[   45.686696]     utils-0051 util_eval_error       : Evaluate [\_SB_.PCI0.OHC1.RHUB.PRT3._SUN]: AE_NOT_FOUND
[   45.686696]      scan-1933 add_single_object     : Added device:13 [\_SB_.PCI0.OHC1.RHUB.PRT3] parent device:12
[   45.686696]      scan-1141 get_device_data       : No context for object [ffff88040d83b370]
[   45.686696]      scan-1141 get_device_data       : No context for object [ffff88040d83b398]
[   45.686867]      scan-1141 get_device_data       : No context for object [ffff88040d83b3c0]
[   45.687064]      scan-1141 get_device_data       : No context for object [ffff88040d83b3e8]
[   45.687263]     utils-0051 util_eval_error       : Evaluate [\_SB_.PCI0.OHC1.RHUB.PRT4._STA]: AE_NOT_FOUND
[   45.687475] device: 'device:14': device_add
[   45.687538] bus: 'acpi': add device device:14
[   45.687612]     utils-0051 util_eval_error       : Evaluate [\_SB_.PCI0.OHC1.RHUB.PRT4._SUN]: AE_NOT_FOUND
[   45.690125]      scan-1933 add_single_object     : Added device:14 [\_SB_.PCI0.OHC1.RHUB.PRT4] parent device:12
[   45.690125]      scan-1141 get_device_data       : No context for object [ffff88040d83b410]
[   45.690125]      scan-1141 get_device_data       : No context for object [ffff88040d83b438]
[   45.690125]      scan-1141 get_device_data       : No context for object [ffff88040d83b460]
[   45.690125]      scan-1141 get_device_data       : No context for object [ffff88040d827370]
[   45.690125]     utils-0051 util_eval_error       : Evaluate [\_SB_.PCI0.EHC1._STA]: AE_NOT_FOUND
[   45.690125] device: 'device:15': device_add
[   45.690161] bus: 'acpi': add device device:15
[   45.690238]     utils-0051 util_eval_error       : Evaluate [\_SB_.PCI0.EHC1._SUN]: AE_NOT_FOUND
[   45.690423]      scan-1933 add_single_object     : Added device:15 [\_SB_.PCI0.EHC1] parent PNP0A08:00
[   45.690626]      scan-1141 get_device_data       : No context for object [ffff88040d827398]
[   45.690823]      scan-1141 get_device_data       : No context for object [ffff88040d8273c0]
[   45.691021]      scan-1141 get_device_data       : No context for object [ffff88040d83b028]
[   45.691219]     utils-0051 util_eval_error       : Evaluate [\_SB_.PCI0.EHC1.RHUB._STA]: AE_NOT_FOUND
[   45.691439] device: 'device:16': device_add
[   45.691502] bus: 'acpi': add device device:16
[   45.691576]     utils-0051 util_eval_error       : Evaluate [\_SB_.PCI0.EHC1.RHUB._SUN]: AE_NOT_FOUND
[   45.693468]      scan-1933 add_single_object     : Added device:16 [\_SB_.PCI0.EHC1.RHUB] parent device:15
[   45.693468]      scan-1141 get_device_data       : No context for object [ffff88040d83b050]
[   45.693468]      scan-1141 get_device_data       : No context for object [ffff88040d83b078]
[   45.693468]     utils-0051 util_eval_error       : Evaluate [\_SB_.PCI0.EHC1.RHUB.PRT3._STA]: AE_NOT_FOUND
[   45.693468] device: 'device:17': device_add
[   45.693468] bus: 'acpi': add device device:17
[   45.693468]     utils-0051 util_eval_error       : Evaluate [\_SB_.PCI0.EHC1.RHUB.PRT3._SUN]: AE_NOT_FOUND
[   45.693468]      scan-1933 add_single_object     : Added device:17 [\_SB_.PCI0.EHC1.RHUB.PRT3] parent device:16
[   45.693468]      scan-1141 get_device_data       : No context for object [ffff88040d83b0a0]
[   45.693468]      scan-1141 get_device_data       : No context for object [ffff88040d83b0c8]
[   45.693486]      scan-1141 get_device_data       : No context for object [ffff88040d83b0f0]
[   45.693663]      scan-1141 get_device_data       : No context for object [ffff88040d83b118]
[   45.693859]     utils-0051 util_eval_error       : Evaluate [\_SB_.PCI0.EHC1.RHUB.PRT4._STA]: AE_NOT_FOUND
[   45.694091] device: 'device:18': device_add
[   45.694152] bus: 'acpi': add device device:18
[   45.694229]     utils-0051 util_eval_error       : Evaluate [\_SB_.PCI0.EHC1.RHUB.PRT4._SUN]: AE_NOT_FOUND
[   45.696792]      scan-1933 add_single_object     : Added device:18 [\_SB_.PCI0.EHC1.RHUB.PRT4] parent device:16
[   45.696792]      scan-1141 get_device_data       : No context for object [ffff88040d83b140]
[   45.696792]      scan-1141 get_device_data       : No context for object [ffff88040d83b168]
[   45.696792]      scan-1141 get_device_data       : No context for object [ffff88040d83b190]
[   45.696792]      scan-1141 get_device_data       : No context for object [ffff88040d8273e8]
[   45.696792]     utils-0051 util_eval_error       : Evaluate [\_SB_.PCI0.OHC2._STA]: AE_NOT_FOUND
[   45.696792] device: 'device:19': device_add
[   45.696792] bus: 'acpi': add device device:19
[   45.696792]     utils-0051 util_eval_error       : Evaluate [\_SB_.PCI0.OHC2._SUN]: AE_NOT_FOUND
[   45.696792]      scan-1933 add_single_object     : Added device:19 [\_SB_.PCI0.OHC2] parent PNP0A08:00
[   45.696792]      scan-1141 get_device_data       : No context for object [ffff88040d827410]
[   45.696792]      scan-1141 get_device_data       : No context for object [ffff88040d827438]
[   45.696792]      scan-1141 get_device_data       : No context for object [ffff88040d83b488]
[   45.696799]     utils-0051 util_eval_error       : Evaluate [\_SB_.PCI0.OHC2.RHUB._STA]: AE_NOT_FOUND
[   45.697032] device: 'device:1a': device_add
[   45.697095] bus: 'acpi': add device device:1a
[   45.697169]     utils-0051 util_eval_error       : Evaluate [\_SB_.PCI0.OHC2.RHUB._SUN]: AE_NOT_FOUND
[   45.697377]      scan-1933 add_single_object     : Added device:1a [\_SB_.PCI0.OHC2.RHUB] parent device:19
[   45.697564]      scan-1141 get_device_data       : No context for object [ffff88040d83b4b0]
[   45.697762]      scan-1141 get_device_data       : No context for object [ffff88040d83b4d8]
[   45.697961]     utils-0051 util_eval_error       : Evaluate [\_SB_.PCI0.OHC2.RHUB.PRT4._STA]: AE_NOT_FOUND
[   45.698194] device: 'device:1b': device_add
[   45.698259] bus: 'acpi': add device device:1b
[   45.698333]     utils-0051 util_eval_error       : Evaluate [\_SB_.PCI0.OHC2.RHUB.PRT4._SUN]: AE_NOT_FOUND
[   45.700298]      scan-1933 add_single_object     : Added device:1b [\_SB_.PCI0.OHC2.RHUB.PRT4] parent device:1a
[   45.700298]      scan-1141 get_device_data       : No context for object [ffff88040d83b500]
[   45.700298]      scan-1141 get_device_data       : No context for object [ffff88040d83b528]
[   45.700298]      scan-1141 get_device_data       : No context for object [ffff88040d83b550]
[   45.700298]      scan-1141 get_device_data       : No context for object [ffff88040d827460]
[   45.700298]     utils-0051 util_eval_error       : Evaluate [\_SB_.PCI0.EHC2._STA]: AE_NOT_FOUND
[   45.700298] device: 'device:1c': device_add
[   45.700298] bus: 'acpi': add device device:1c
[   45.700298]     utils-0051 util_eval_error       : Evaluate [\_SB_.PCI0.EHC2._SUN]: AE_NOT_FOUND
[   45.700298]      scan-1933 add_single_object     : Added device:1c [\_SB_.PCI0.EHC2] parent PNP0A08:00
[   45.700298]      scan-1141 get_device_data       : No context for object [ffff88040d827488]
[   45.700404]      scan-1141 get_device_data       : No context for object [ffff88040d8274b0]
[   45.700601]      scan-1141 get_device_data       : No context for object [ffff88040d83b1b8]
[   45.700800]     utils-0051 util_eval_error       : Evaluate [\_SB_.PCI0.EHC2.RHUB._STA]: AE_NOT_FOUND
[   45.701033] device: 'device:1d': device_add
[   45.701096] bus: 'acpi': add device device:1d
[   45.701173]     utils-0051 util_eval_error       : Evaluate [\_SB_.PCI0.EHC2.RHUB._SUN]: AE_NOT_FOUND
[   45.703364]      scan-1933 add_single_object     : Added device:1d [\_SB_.PCI0.EHC2.RHUB] parent device:1c
[   45.703364]      scan-1141 get_device_data       : No context for object [ffff88040d83b1e0]
[   45.703364]      scan-1141 get_device_data       : No context for object [ffff88040d83b208]
[   45.703364]     utils-0051 util_eval_error       : Evaluate [\_SB_.PCI0.EHC2.RHUB.PRT2._STA]: AE_NOT_FOUND
[   45.703364] device: 'device:1e': device_add
[   45.703364] bus: 'acpi': add device device:1e
[   45.703364]     utils-0051 util_eval_error       : Evaluate [\_SB_.PCI0.EHC2.RHUB.PRT2._SUN]: AE_NOT_FOUND
[   45.703385]      scan-1933 add_single_object     : Added device:1e [\_SB_.PCI0.EHC2.RHUB.PRT2] parent device:1d
[   45.703385]      scan-1141 get_device_data       : No context for object [ffff88040d83b230]
[   45.703385]      scan-1141 get_device_data       : No context for object [ffff88040d83b258]
[   45.703385]      scan-1141 get_device_data       : No context for object [ffff88040d83b280]
[   45.703385]      scan-1141 get_device_data       : No context for object [ffff88040d8274d8]
[   45.703478]     utils-0051 util_eval_error       : Evaluate [\_SB_.PCI0.OHC3._STA]: AE_NOT_FOUND
[   45.703721] device: 'device:1f': device_add
[   45.703784] bus: 'acpi': add device device:1f
[   45.703858]     utils-0051 util_eval_error       : Evaluate [\_SB_.PCI0.OHC3._SUN]: AE_NOT_FOUND
[   45.704065]      scan-1933 add_single_object     : Added device:1f [\_SB_.PCI0.OHC3] parent PNP0A08:00
[   45.704267]      scan-1141 get_device_data       : No context for object [ffff88040d827500]
[   45.704444]      scan-1141 get_device_data       : No context for object [ffff88040d827528]
[   45.704642]      scan-1141 get_device_data       : No context for object [ffff88040d83b578]
[   45.704841]     utils-0051 util_eval_error       : Evaluate [\_SB_.PCI0.OHC3.RHUB._STA]: AE_NOT_FOUND
[   45.705074] device: 'device:20': device_add
[   45.705137] bus: 'acpi': add device device:20
[   45.705214]     utils-0051 util_eval_error       : Evaluate [\_SB_.PCI0.OHC3.RHUB._SUN]: AE_NOT_FOUND
[   45.705418]      scan-1933 add_single_object     : Added device:20 [\_SB_.PCI0.OHC3.RHUB] parent device:1f
[   45.705620]      scan-1141 get_device_data       : No context for object [ffff88040d83b5a0]
[   45.705818]      scan-1141 get_device_data       : No context for object [ffff88040d827550]
[   45.706017]     utils-0051 util_eval_error       : Evaluate [\_SB_.PCI0.EHC3._STA]: AE_NOT_FOUND
[   45.706260] device: 'device:21': device_add
[   45.706323] bus: 'acpi': add device device:21
[   45.706398]     utils-0051 util_eval_error       : Evaluate [\_SB_.PCI0.EHC3._SUN]: AE_NOT_FOUND
[   45.710009]      scan-1933 add_single_object     : Added device:21 [\_SB_.PCI0.EHC3] parent PNP0A08:00
[   45.710211]      scan-1141 get_device_data       : No context for object [ffff88040d827578]
[   45.710409]      scan-1141 get_device_data       : No context for object [ffff88040d8275a0]
[   45.710606]      scan-1141 get_device_data       : No context for object [ffff88040d83b2a8]
[   45.710805]     utils-0051 util_eval_error       : Evaluate [\_SB_.PCI0.EHC3.RHUB._STA]: AE_NOT_FOUND
[   45.711037] device: 'device:22': device_add
[   45.711100] bus: 'acpi': add device device:22
[   45.711174]     utils-0051 util_eval_error       : Evaluate [\_SB_.PCI0.EHC3.RHUB._SUN]: AE_NOT_FOUND
