[    0.000000] Initializing cgroup subsys cpuset
[    0.000000] Initializing cgroup subsys cpu
[    0.000000] Initializing cgroup subsys cpuacct
[    0.000000] Linux version 3.17.0-rc2-g81bbadc (emacs@manji) (gcc version 4.9.1 (GCC) ) #58 SMP Sun Aug 31 20:50:53 CEST 2014
[    0.000000] Command line: BOOT_IMAGE=/vmlinuz-linux-git root=UUID=bfa4ab6e-19a3-4601-ba2b-267c55841c73 rw cryptdevice=/dev/disk/by-uuid/70c08890-417a-497d-b6ab-c0d0357a63e2:cryptManjaro:allow-discards ipv6.disable=1 pnp.debug=1 loglevel=9 log_buf_len=10M printk.always_kmsg_dump=y printk.time=y mminit_loglevel=0 memory_corruption_check=1 acpi.debug_layer=0xfbff0000 acpi.debug_level=0xFFFFFFFD pnp.debug=1 nohz=on rcu_nocbs=1-3 pcie_aspm=force fbcon=scrollback:4096k fbcon=font:ProFont6x11 radeon.audio=0 radeon.lockup_timeout=0 radeon.test=0 radeon.agpmode=-1 radeon.benchmark=0 radeon.tv=0 radeon.hard_reset=1 radeon.aspm=1 radeon.dpm=1 radeon.msi=1 radeon.pcie_gen2=-1 radeon.no_wb=1 radeon.modeset=1 radeon.dynclks=1 radeon.r4xx_atom=0 radeon.runpm=0 radeonfb radeon.fastfb=1 nomodeset
[    0.000000] KERNEL supported cpus:
[    0.000000]   AMD AuthenticAMD
[    0.000000] tseg: 00bfe00000
[    0.000000] e820: BIOS-provided physical RAM map:
[    0.000000] BIOS-e820: [mem 0x0000000000000000-0x000000000009d7ff] usable
[    0.000000] BIOS-e820: [mem 0x000000000009d800-0x000000000009ffff] reserved
[    0.000000] BIOS-e820: [mem 0x00000000000e0000-0x00000000000fffff] reserved
[    0.000000] BIOS-e820: [mem 0x0000000000100000-0x00000000bed9afff] usable
[    0.000000] BIOS-e820: [mem 0x00000000bed9b000-0x00000000bf39afff] reserved
[    0.000000] BIOS-e820: [mem 0x00000000bf39b000-0x00000000bf49afff] ACPI NVS
[    0.000000] BIOS-e820: [mem 0x00000000bf49b000-0x00000000bf51afff] ACPI data
[    0.000000] BIOS-e820: [mem 0x00000000bf51b000-0x00000000bfdfffff] usable
[    0.000000] BIOS-e820: [mem 0x00000000bfe00000-0x00000000bfffffff] reserved
[    0.000000] BIOS-e820: [mem 0x00000000fec00000-0x00000000fecfffff] reserved
[    0.000000] BIOS-e820: [mem 0x00000000fed80000-0x00000000fed80fff] reserved
[    0.000000] BIOS-e820: [mem 0x00000000ffe00000-0x00000000ffffffff] reserved
[    0.000000] BIOS-e820: [mem 0x0000000100000000-0x000000041effffff] usable
[    0.000000] NX (Execute Disable) protection: active
[    0.000000] SMBIOS 2.6 present.
[    0.000000] DMI: LENOVO Sabine/Torpedo, BIOS 54CN18WW 07/20/2011
[    0.000000] e820: update [mem 0x00000000-0x00000fff] usable ==> reserved
[    0.000000] e820: remove [mem 0x000a0000-0x000fffff] usable
[    0.000000] e820: last_pfn = 0x41f000 max_arch_pfn = 0x400000000
[    0.000000] MTRR default type: uncachable
[    0.000000] MTRR fixed ranges enabled:
[    0.000000]   00000-9FFFF write-back
[    0.000000]   A0000-BFFFF uncachable
[    0.000000]   C0000-FFFFF write-protect
[    0.000000] MTRR variable ranges enabled:
[    0.000000]   0 base 0000000000 mask FF80000000 write-back
[    0.000000]   1 base 0080000000 mask FFC0000000 write-back
[    0.000000]   2 base 00FFF90000 mask FFFFFF0000 uncachable
[    0.000000]   3 base 00FED80000 mask 0FFFFFF000 uncachable
[    0.000000]   4 disabled
[    0.000000]   5 disabled
[    0.000000]   6 disabled
[    0.000000]   7 base 00FFE00000 mask FFFFE00000 write-protect
[    0.000000] TOM2: 000000041f000000 aka 16880M
[    0.000000] mtrr: your BIOS has configured an incorrect mask, fixing it.
[    0.000000] e820: last_pfn = 0xbfe00 max_arch_pfn = 0x400000000
[    0.000000] found SMP MP-table at [mem 0x000fa8b0-0x000fa8bf] mapped at [ffff8800000fa8b0]
[    0.000000] Base memory trampoline at [ffff880000097000] 97000 size 24576
[    0.000000] Using GB pages for direct mapping
[    0.000000] init_memory_mapping: [mem 0x00000000-0x000fffff]
[    0.000000]  [mem 0x00000000-0x000fffff] page 4k
[    0.000000] BRK [0x01e17000, 0x01e17fff] PGTABLE
[    0.000000] BRK [0x01e18000, 0x01e18fff] PGTABLE
[    0.000000] BRK [0x01e19000, 0x01e19fff] PGTABLE
[    0.000000] init_memory_mapping: [mem 0x41ee00000-0x41effffff]
[    0.000000]  [mem 0x41ee00000-0x41effffff] page 2M
[    0.000000] BRK [0x01e1a000, 0x01e1afff] PGTABLE
[    0.000000] init_memory_mapping: [mem 0x41c000000-0x41edfffff]
[    0.000000]  [mem 0x41c000000-0x41edfffff] page 2M
[    0.000000] init_memory_mapping: [mem 0x400000000-0x41bffffff]
[    0.000000]  [mem 0x400000000-0x41bffffff] page 2M
[    0.000000] init_memory_mapping: [mem 0x00100000-0xbed9afff]
[    0.000000]  [mem 0x00100000-0x001fffff] page 4k
[    0.000000]  [mem 0x00200000-0x3fffffff] page 2M
[    0.000000]  [mem 0x40000000-0x7fffffff] page 1G
[    0.000000]  [mem 0x80000000-0xbebfffff] page 2M
[    0.000000]  [mem 0xbec00000-0xbed9afff] page 4k
[    0.000000] init_memory_mapping: [mem 0xbf51b000-0xbfdfffff]
[    0.000000]  [mem 0xbf51b000-0xbf5fffff] page 4k
[    0.000000]  [mem 0xbf600000-0xbfdfffff] page 2M
[    0.000000] BRK [0x01e1b000, 0x01e1bfff] PGTABLE
[    0.000000] init_memory_mapping: [mem 0x100000000-0x3ffffffff]
[    0.000000]  [mem 0x100000000-0x3ffffffff] page 1G
[    0.000000] log_buf_len: 16777216 bytes
[    0.000000] early log buf free: 2092044(99%)
[    0.000000] RAMDISK: [mem 0x3782c000-0x37c0dfff]
[    0.000000] ACPI: Early table checksum verification disabled
[    0.000000] ACPI: RSDP 0x00000000000F0110 000024 (v02 LENOVO)
[    0.000000] ACPI: XSDT 0x00000000BF51A120 000074 (v01 LENOVO CB-01    00000001 LENO 00000001)
[    0.000000] ACPI: FACP 0x00000000BF508000 0000F4 (v04 LENOVO CB-01    00000001 PTL  00000001)
[    0.000000] ACPI: DSDT 0x00000000BF50A000 00FD10 (v01 LENOVO CB-01    00001000 LENO 00000001)
[    0.000000] ACPI: FACS 0x00000000BF478000 000040
[    0.000000] ACPI: HPET 0x00000000BF507000 000038 (v01 LENOVO CB-01    00000001 PTL  00000001)
[    0.000000] ACPI: APIC 0x00000000BF506000 00007A (v02 LENOVO CB-01    00000001 PTL  00000001)
[    0.000000] ACPI: MCFG 0x00000000BF505000 00003C (v01 LENOVO CB-01    00000001 PTL  00000001)
[    0.000000] ACPI: SLIC 0x00000000BF504000 000176 (v01 LENOVO CB-01    00000001 LENO 00000001)
[    0.000000] ACPI: UEFI 0x00000000BF503000 00003E (v01 LENOVO CB-01    00000001 PTL  00000001)
[    0.000000] ACPI: UEFI 0x00000000BF502000 000042 (v01 PTL    COMBUF   00000001 PTL  00000001)
[    0.000000] ACPI: SSDT 0x00000000BF501000 000E34 (v01 AMD    POWERNOW 00000001 AMD  00000001)
[    0.000000] ACPI: SSDT 0x00000000BF4FF000 00193D (v02 AMD    ALIB     00000001 MSFT 04000000)
[    0.000000] ACPI: UEFI 0x00000000BF4FE000 00021A (v01 LENOVO CB-01    00000001 PTL  00000001)
[    0.000000] ACPI: Local APIC address 0xfee00000
[    0.000000] No NUMA configuration found
[    0.000000] Faking a node at [mem 0x0000000000000000-0x000000041effffff]
[    0.000000] Initmem setup node 0 [mem 0x00000000-0x41effffff]
[    0.000000]   NODE_DATA [mem 0x41dffa000-0x41dffdfff]
[    0.000000]  [ffffea0000000000-ffffea00107fffff] PMD -> [ffff88040de00000-ffff88041d5fffff] on node 0
[    0.000000] Zone ranges:
[    0.000000]   DMA      [mem 0x00001000-0x00ffffff]
[    0.000000]   DMA32    [mem 0x01000000-0xffffffff]
[    0.000000]   Normal   [mem 0x100000000-0x41effffff]
[    0.000000] Movable zone start for each node
[    0.000000] Early memory node ranges
[    0.000000]   node   0: [mem 0x00001000-0x0009cfff]
[    0.000000]   node   0: [mem 0x00100000-0xbed9afff]
[    0.000000]   node   0: [mem 0xbf51b000-0xbfdfffff]
[    0.000000]   node   0: [mem 0x100000000-0x41effffff]
[    0.000000] On node 0 totalpages: 4056604
[    0.000000]   DMA zone: 64 pages used for memmap
[    0.000000]   DMA zone: 21 pages reserved
[    0.000000]   DMA zone: 3996 pages, LIFO batch:0
[    0.000000]   DMA32 zone: 12186 pages used for memmap
[    0.000000]   DMA32 zone: 779904 pages, LIFO batch:31
[    0.000000]   Normal zone: 51136 pages used for memmap
[    0.000000]   Normal zone: 3272704 pages, LIFO batch:31
[    0.000000] ACPI: PM-Timer IO Port: 0x808
[    0.000000] ACPI: Local APIC address 0xfee00000
[    0.000000] ACPI: LAPIC (acpi_id[0x00] lapic_id[0x00] enabled)
[    0.000000] ACPI: LAPIC (acpi_id[0x01] lapic_id[0x01] enabled)
[    0.000000] ACPI: LAPIC (acpi_id[0x02] lapic_id[0x02] enabled)
[    0.000000] ACPI: LAPIC (acpi_id[0x03] lapic_id[0x03] enabled)
[    0.000000] ACPI: LAPIC_NMI (acpi_id[0x00] high edge lint[0x1])
[    0.000000] ACPI: LAPIC_NMI (acpi_id[0x01] high edge lint[0x1])
[    0.000000] ACPI: LAPIC_NMI (acpi_id[0x02] high edge lint[0x1])
[    0.000000] ACPI: LAPIC_NMI (acpi_id[0x03] high edge lint[0x1])
[    0.000000] ACPI: IOAPIC (id[0x02] address[0xfec00000] gsi_base[0])
[    0.000000] IOAPIC[0]: apic_id 2, version 33, address 0xfec00000, GSI 0-23
[    0.000000] ACPI: INT_SRC_OVR (bus 0 bus_irq 0 global_irq 2 dfl dfl)
[    0.000000] ACPI: IRQ0 used by override.
[    0.000000] ACPI: IRQ9 used by override.
[    0.000000] Using ACPI (MADT) for SMP configuration information
[    0.000000] ACPI: HPET id: 0x43538210 base: 0xfed00000
[    0.000000] smpboot: Allowing 4 CPUs, 0 hotplug CPUs
[    0.000000] e820: [mem 0xc0000000-0xfebfffff] available for PCI devices
[    0.000000] setup_percpu: NR_CPUS:64 nr_cpumask_bits:64 nr_cpu_ids:4 nr_node_ids:1
[    0.000000] PERCPU: Embedded 27 pages/cpu @ffff88041dc00000 s80256 r8192 d22144 u524288
[    0.000000] pcpu-alloc: s80256 r8192 d22144 u524288 alloc=1*2097152
[    0.000000] pcpu-alloc: [0] 0 1 2 3 
[    0.000000] Built 1 zonelists in Zone order, mobility grouping on.  Total pages: 3993197
[    0.000000] Policy zone: Normal
[    0.000000] Kernel command line: BOOT_IMAGE=/vmlinuz-linux-git root=UUID=bfa4ab6e-19a3-4601-ba2b-267c55841c73 rw cryptdevice=/dev/disk/by-uuid/70c08890-417a-497d-b6ab-c0d0357a63e2:cryptManjaro:allow-discards ipv6.disable=1 pnp.debug=1 loglevel=9 log_buf_len=10M printk.always_kmsg_dump=y printk.time=y mminit_loglevel=0 memory_corruption_check=1 acpi.debug_layer=0xfbff0000 acpi.debug_level=0xFFFFFFFD pnp.debug=1 nohz=on rcu_nocbs=1-3 pcie_aspm=force fbcon=scrollback:4096k fbcon=font:ProFont6x11 radeon.audio=0 radeon.lockup_timeout=0 radeon.test=0 radeon.agpmode=-1 radeon.benchmark=0 radeon.tv=0 radeon.hard_reset=1 radeon.aspm=1 radeon.dpm=1 radeon.msi=1 radeon.pcie_gen2=-1 radeon.no_wb=1 radeon.modeset=1 radeon.dynclks=1 radeon.r4xx_atom=0 radeon.runpm=0 radeonfb radeon.fastfb=1 nomodeset
[    0.000000] PCIe ASPM is forcibly enabled
[    0.000000] PID hash table entries: 4096 (order: 3, 32768 bytes)
[    0.000000] Memory: 15870900K/16226416K available (5251K kernel code, 721K rwdata, 2208K rodata, 848K init, 2588K bss, 355516K reserved)
[    0.000000] SLUB: HWalign=64, Order=0-3, MinObjects=0, CPUs=4, Nodes=1
[    0.000000] Hierarchical RCU implementation.
[    0.000000] 	RCU dyntick-idle grace-period acceleration is enabled.
[    0.000000] 	Additional per-CPU info printed with stalls.
[    0.000000] 	RCU restricting CPUs from NR_CPUS=64 to nr_cpu_ids=4.
[    0.000000] 	Offload RCU callbacks from all CPUs
[    0.000000] 	Offload RCU callbacks from CPUs: 0-3.
[    0.000000] RCU: Adjusting geometry for rcu_fanout_leaf=16, nr_cpu_ids=4
[    0.000000] NR_IRQS:4352 nr_irqs:456 0
[    0.000000] spurious 8259A interrupt: IRQ7.
[    0.000000] vgacon: allocated 4194304 bytes of memory for scrollback. CONFIG_VGACON_SOFT_SCROLLBACK_SIZE=4096
[    0.000000] Console: colour VGA+ 80x25
[    0.000000] console [tty0] enabled
[    0.000000] allocated 65011712 bytes of page_cgroup
[    0.000000] please try 'cgroup_disable=memory' option if you don't want memory cgroups
[    0.000000] hpet clockevent registered
[    0.000000] tsc: Fast TSC calibration using PIT
[    0.000000] tsc: Detected 1397.465 MHz processor
[    0.000055] Calibrating delay loop (skipped), value calculated using timer frequency.. 2796.38 BogoMIPS (lpj=4658216)
[    0.000204] pid_max: default: 32768 minimum: 301
[    0.000278] ACPI: Core revision 20140724
[    0.025751] ACPI: All ACPI Tables successfully acquired
[    0.028196] Security Framework initialized
[    0.029882] Dentry cache hash table entries: 2097152 (order: 12, 16777216 bytes)
[    0.036846] Inode-cache hash table entries: 1048576 (order: 11, 8388608 bytes)
[    0.039925] Mount-cache hash table entries: 32768 (order: 6, 262144 bytes)
[    0.040068] Mountpoint-cache hash table entries: 32768 (order: 6, 262144 bytes)
[    0.040644] Initializing cgroup subsys memory
[    0.040763] Initializing cgroup subsys devices
[    0.040831] Initializing cgroup subsys freezer
[    0.040898] Initializing cgroup subsys net_cls
[    0.040964] Initializing cgroup subsys blkio
[    0.041057] CPU: Physical Processor ID: 0
[    0.041121] CPU: Processor Core ID: 0
[    0.041186] mce: CPU supports 6 MCE banks
[    0.041260] Last level iTLB entries: 4KB 512, 2MB 16, 4MB 8
Last level dTLB entries: 4KB 1024, 2MB 128, 4MB 64, 1GB 0
[    0.041556] Freeing SMP alternatives memory: 20K (ffffffff81b8a000 - ffffffff81b8f000)
[    0.042247] ..TIMER: vector=0x30 apic1=0 pin1=2 apic2=-1 pin2=-1
[    0.075330] smpboot: CPU0: AMD A6-3400M APU with Radeon(tm) HD Graphics (fam: 12, model: 01, stepping: 00)
[    0.179328] Performance Events: AMD PMU driver.
[    0.179432] ... version:                0
[    0.179497] ... bit width:              48
[    0.179560] ... generic registers:      4
[    0.179624] ... value mask:             0000ffffffffffff
[    0.179689] ... max period:             00007fffffffffff
[    0.179754] ... fixed-purpose events:   0
[    0.179817] ... event mask:             000000000000000f
[    0.180356] MCE: In-kernel MCE decoding enabled.
[    0.180479] trying cpu_up:
[    0.180591] NMI watchdog: enabled on all CPUs, permanently consumes one hw-PMU counter.
[    0.180905] smpboot: ++++++++++++++++++++=_---CPU UP  1
[    0.181020] x86: Booting SMP configuration:
[    0.181084] .... node  #0, CPUs:      #1
[    0.181193] smpboot: Setting warm reset code and vector.
[    0.181318] smpboot: 1.
[    0.181381] smpboot: 2.
[    0.181443] smpboot: 3.
[    0.181506] smpboot: Asserting INIT
[    0.181569] smpboot: Waiting for INIT send to finish...
[    0.191650] smpboot: status for above ^ is: 0
[    0.191760] smpboot: Deasserting INIT
[    0.191823] smpboot: Waiting for above send to finish...
[    0.191887] smpboot: waiting 3 sec
[    3.770711] smpboot: done waiting
[    3.770821] smpboot: waiting 3 sec
[    6.776266] smpboot: done waiting
[    6.776376] smpboot: #startup loops: 2
[    6.776437] smpboot: Sending STARTUP #1
[    6.776499] smpboot: After apic_write
[    6.776861] smpboot: Startup point 1
[    6.776971] smpboot: Waiting for send to finish...
[    6.777234] smpboot: Sending STARTUP #2
[    6.777342] smpboot: After apic_write
[    6.777704] smpboot: Startup point 1
[    6.777812] smpboot: Waiting for send to finish...
[    6.778074] smpboot: After Startup
[    6.778182] smpboot: waiting 3 sec
[    9.783626] smpboot: done waiting
[    9.783736] smpboot: Before Callout 1
[    9.783799] smpboot: After Callout 1
[    9.783863] smpboot: start waiting 5sec for response
[    9.784006] [sched_delayed] sched: RT throttling activated
[   14.803567] smpboot: done waiting 5sec for response
[   14.803653] smpboot: cpumask_test_cpu result: 0
[   14.803750] smpboot: cpu_callin_mask: 0000000000000001
[   14.803815] smpboot: cpu_callout_mask: 0000000000000003
[   14.803913] smpboot: CPU1: Not responding
[   14.804051] smpboot: do_boot_cpu failed(1) to wakeup CPU#1
[   14.804125] doing it one more time: cpu_up !!!!!!!!!!!!
[   14.804171] smpboot: ++++++++++++++++++++=_---CPU UP  1
[   14.804295] x86: Booting SMP configuration:
[   14.804358]     #1
[   14.804431] smpboot: Setting warm reset code and vector.
[   14.804554] smpboot: 1.
[   14.804616] smpboot: 2.
[   14.804678] smpboot: 3.
[   14.804741] smpboot: Asserting INIT
[   14.804805] smpboot: Waiting for INIT send to finish...
[   14.814874] smpboot: status for above ^ is: 0
[   14.814984] smpboot: Deasserting INIT
[   14.815047] smpboot: Waiting for above send to finish...
[   14.815112] smpboot: waiting 3 sec
[   17.821038] smpboot: done waiting
[   17.821147] smpboot: waiting 3 sec
[   20.827074] smpboot: done waiting
[   20.827150] smpboot: #startup loops: 2
[   20.827214] smpboot: Sending STARTUP #1
[   20.827277] smpboot: After apic_write
[   20.827640] smpboot: Startup point 1
[   20.827750] smpboot: Waiting for send to finish...
[   20.828014] smpboot: Sending STARTUP #2
[   20.828124] smpboot: After apic_write
[   20.828487] smpboot: Startup point 1
[   20.828596] smpboot: Waiting for send to finish...
[   20.828861] smpboot: After Startup
[   20.828972] smpboot: waiting 3 sec
[   23.834891] smpboot: done waiting
[   23.835000] smpboot: Before Callout 1
[   23.835063] smpboot: After Callout 1
[   23.835126] smpboot: start waiting 5sec for response
[   28.854960] smpboot: done waiting 5sec for response
[   28.855104] smpboot: cpumask_test_cpu result: 0
[   28.855167] smpboot: cpu_callin_mask: 0000000000000001
[   28.855265] smpboot: cpu_callout_mask: 0000000000000003
[   28.855328] smpboot: CPU1: Not responding
[   28.855452] smpboot: do_boot_cpu failed(1) to wakeup CPU#1
[   28.855522] after cpu_up !!!!!!!!!!!!
[   28.855560] trying cpu_up:
[   28.855772] smpboot: ++++++++++++++++++++=_---CPU UP  2
[   28.855910]  #2
[   28.855947] smpboot: Setting warm reset code and vector.
[   28.856071] smpboot: 1.
[   28.856134] smpboot: 2.
[   28.856196] smpboot: 3.
[   28.856259] smpboot: Asserting INIT
[   28.856322] smpboot: Waiting for INIT send to finish...
[   28.866392] smpboot: status for above ^ is: 0
[   28.866502] smpboot: Deasserting INIT
[   28.866565] smpboot: Waiting for above send to finish...
[   28.866630] smpboot: waiting 3 sec
[   31.872619] smpboot: done waiting
[   31.872729] smpboot: waiting 3 sec
[   35.451959] smpboot: done waiting
[   35.452022] smpboot: #startup loops: 2
[   35.452086] smpboot: Sending STARTUP #1
[   35.452150] smpboot: After apic_write
[   35.452513] smpboot: Startup point 1
[   35.452622] smpboot: Waiting for send to finish...
[   35.452887] smpboot: Sending STARTUP #2
[   35.452965] smpboot: After apic_write
[   35.453329] smpboot: Startup point 1
[   35.453440] smpboot: Waiting for send to finish...
[   35.453704] smpboot: After Startup
[   35.453813] smpboot: waiting 3 sec
[   38.459733] smpboot: done waiting
[   38.459842] smpboot: Before Callout 2
[   38.459905] smpboot: After Callout 2
[   38.459968] smpboot: start waiting 5sec for response
[   43.479915] smpboot: done waiting 5sec for response
[   43.480058] smpboot: cpumask_test_cpu result: 0
[   43.480121] smpboot: cpu_callin_mask: 0000000000000001
[   43.480219] smpboot: cpu_callout_mask: 0000000000000005
[   43.480283] smpboot: CPU2: Not responding
[   43.480406] smpboot: do_boot_cpu failed(1) to wakeup CPU#2
[   43.480477] doing it one more time: cpu_up !!!!!!!!!!!!
[   43.480522] smpboot: ++++++++++++++++++++=_---CPU UP  2
[   43.480646]  #2
[   43.480683] smpboot: Setting warm reset code and vector.
[   43.480807] smpboot: 1.
[   43.480869] smpboot: 2.
[   43.480931] smpboot: 3.
[   43.480994] smpboot: Asserting INIT
[   43.481057] smpboot: Waiting for INIT send to finish...
[   43.491126] smpboot: status for above ^ is: 0
[   43.491235] smpboot: Deasserting INIT
[   43.491297] smpboot: Waiting for above send to finish...
[   43.491361] smpboot: waiting 3 sec
[   46.497314] smpboot: done waiting
[   46.497424] smpboot: waiting 3 sec
[   49.503332] smpboot: done waiting
[   49.503441] smpboot: #startup loops: 2
[   49.503505] smpboot: Sending STARTUP #1
[   49.503569] smpboot: After apic_write
[   49.503932] smpboot: Startup point 1
[   49.504042] smpboot: Waiting for send to finish...
[   49.504304] smpboot: Sending STARTUP #2
[   49.504414] smpboot: After apic_write
[   49.504776] smpboot: Startup point 1
[   49.505901] smpboot: Waiting for send to finish...
[   49.506164] smpboot: After Startup
[   49.506272] smpboot: waiting 3 sec
[   52.512187] smpboot: done waiting
[   52.512296] smpboot: Before Callout 2
[   52.512359] smpboot: After Callout 2
[   52.512422] smpboot: start waiting 5sec for response
[   57.532269] smpboot: done waiting 5sec for response
[   57.532366] smpboot: cpumask_test_cpu result: 0
[   57.532429] smpboot: cpu_callin_mask: 0000000000000001
[   57.532526] smpboot: cpu_callout_mask: 0000000000000005
[   57.532589] smpboot: CPU2: Not responding
[   57.532713] smpboot: do_boot_cpu failed(1) to wakeup CPU#2
[   57.532782] after cpu_up !!!!!!!!!!!!
[   57.532820] trying cpu_up:
[   57.533027] smpboot: ++++++++++++++++++++=_---CPU UP  3
[   57.533188]  #3
[   57.533225] smpboot: Setting warm reset code and vector.
[   57.533349] smpboot: 1.
[   57.533411] smpboot: 2.
[   57.533473] smpboot: 3.
[   57.533539] smpboot: Asserting INIT
[   57.533602] smpboot: Waiting for INIT send to finish...
[   57.543672] smpboot: status for above ^ is: 0
[   57.543783] smpboot: Deasserting INIT
[   57.543846] smpboot: Waiting for above send to finish...
[   57.543911] smpboot: waiting 3 sec
[   60.549838] smpboot: done waiting
[   60.549947] smpboot: waiting 3 sec
[   63.555865] smpboot: done waiting
[   63.555974] smpboot: #startup loops: 2
[   63.556037] smpboot: Sending STARTUP #1
[   63.556100] smpboot: After apic_write
[   63.392241] smpboot: CPU#3 (phys ID: 3) waiting for CALLOUT
[   63.556464] smpboot: Startup point 1
[   63.556637] smpboot: Waiting for send to finish...
[   63.556902] smpboot: Sending STARTUP #2
[   63.557012] smpboot: After apic_write
[   63.557375] smpboot: Startup point 1
[   63.557485] smpboot: Waiting for send to finish...
[   63.557749] smpboot: After Startup
[   63.557859] smpboot: waiting 3 sec
[   65.391903] Kernel panic - not syncing: smp_callin: CPU3 started up but did not get a callout!

[   65.391907] CPU: 3 PID: 0 Comm: swapper/3 Tainted: G          I    3.17.0-rc2-g81bbadc #58
[   65.391908] Hardware name: LENOVO Sabine/Torpedo, BIOS 54CN18WW 07/20/2011
[   65.391914]  ffff88040780ff40 ffff88040780feb0 ffffffff81516031 ffffffff8176c010
[   65.391916]  ffff88040780ff30 ffffffff81514a47 0000000000000018 ffff88040780ff40
[   65.391918]  ffff88040780fed8 ffffffff81514c95 ffffffff8160378a 0000000000000003
[   65.391919] Call Trace:
[   65.391929]  [<ffffffff81516031>] dump_stack+0x45/0x56
[   65.391933]  [<ffffffff81514a47>] panic+0xbb/0x1d2
[   65.391936]  [<ffffffff81514c95>] ? printk+0x4a/0x52
[   65.391940]  [<ffffffff81023ae3>] start_secondary+0x1e3/0x200
[   65.391961] ---[ end Kernel panic - not syncing: smp_callin: CPU3 started up but did not get a callout!

[   65.392014] do_IRQ: 3.55 No irq handler for vector (irq -1)
[   66.567723] smpboot: done waiting
[   66.568063] smpboot: Before Callout 3
[   66.568126] smpboot: After Callout 3
[   66.568189] smpboot: start waiting 5sec for response
[   71.587728] smpboot: done waiting 5sec for response
[   71.587873] smpboot: cpumask_test_cpu result: 0
[   71.587936] smpboot: cpu_callin_mask: 0000000000000001
[   71.588034] smpboot: cpu_callout_mask: 0000000000000009
[   71.588098] smpboot: CPU3: Stuck ??
[   71.588221] smpboot: do_boot_cpu failed(1) to wakeup CPU#3
[   71.588291] doing it one more time: cpu_up !!!!!!!!!!!!
[   71.588336] smpboot: ++++++++++++++++++++=_---CPU UP  3
[   71.588460]  #3
[   71.588496] smpboot: Setting warm reset code and vector.
[   71.588621] smpboot: 1.
[   71.588684] smpboot: 2.
[   71.588745] smpboot: 3.
[   71.588808] smpboot: Asserting INIT
[   71.588871] smpboot: Waiting for INIT send to finish...
[   71.598941] smpboot: status for above ^ is: 0
[   71.599051] smpboot: Deasserting INIT
[   71.599114] smpboot: Waiting for above send to finish...
[   71.599178] smpboot: waiting 3 sec
[   74.605094] smpboot: done waiting
[   74.605203] smpboot: waiting 3 sec
[   77.611121] smpboot: done waiting
[   77.611230] smpboot: #startup loops: 2
[   77.611293] smpboot: Sending STARTUP #1
[   77.611357] smpboot: After apic_write
[   77.447493] smpboot: CPU#3 (phys ID: 3) waiting for CALLOUT
[   77.611720] smpboot: Startup point 1
[   77.611894] smpboot: Waiting for send to finish...
[   77.612158] smpboot: Sending STARTUP #2
[   77.612268] smpboot: After apic_write
[   77.612631] smpboot: Startup point 1
[   77.612741] smpboot: Waiting for send to finish...
[   77.613005] smpboot: After Startup
[   77.613115] smpboot: waiting 3 sec
[   80.619029] smpboot: done waiting
[   80.619138] smpboot: Before Callout 3
[   80.619201] smpboot: After Callout 3
[   80.619264] smpboot: start waiting 5sec for response
[   85.639191] smpboot: done waiting 5sec for response
[   85.639335] smpboot: cpumask_test_cpu result: 0
[   85.639397] smpboot: cpu_callin_mask: 0000000000000001
[   85.639494] smpboot: cpu_callout_mask: 0000000000000009
[   85.639558] smpboot: CPU3: Stuck ??
[   85.639681] smpboot: do_boot_cpu failed(1) to wakeup CPU#3
[   85.639751] after cpu_up !!!!!!!!!!!!
[   85.639790] x86: Booted up 1 node, 1 CPUs
[   85.639910] smpboot: Boot done
[   85.639973] smpboot: Before bogomips
[   85.640037] smpboot: Total of 1 processors activated (2796.38 BogoMIPS)
[   85.640102] smpboot: Before bogocount - setting activated=1
[   85.640769] devtmpfs: initialized
[   85.640910] device: 'platform': device_add
[   85.641004] bus: 'platform': registered
[   85.641081] bus: 'cpu': registered
[   85.641147] device: 'cpu': device_add
[   85.641235] bus: 'container': registered
[   85.641299] device: 'container': device_add
[   85.642161] bus: 'workqueue': registered
[   85.642273] device: 'workqueue': device_add
[   85.642540] atomic64_test: passed for x86-64 platform with CX8 and with SSE
[   85.642657] device class 'regulator': registering
[   85.642745] Registering platform device 'reg-dummy'. Parent at platform
[   85.642811] device: 'reg-dummy': device_add
[   85.642878] bus: 'platform': add device reg-dummy
[   85.642964] bus: 'platform': add driver reg-dummy
[   85.643031] bus: 'platform': driver_probe_device: matched device reg-dummy with driver reg-dummy
[   85.643171] bus: 'platform': really_probe: probing driver reg-dummy with device reg-dummy
[   85.643315] device: 'regulator.0': device_add
[   85.643404] regulator-dummy: no parameters
[   85.643479] driver: 'reg-dummy': driver_bound: bound to device 'reg-dummy'
[   85.643545] bus: 'platform': really_probe: bound device reg-dummy to driver reg-dummy
[   85.643782] NET: Registered protocol family 16
[   85.644201] device class 'bdi': registering
[   85.644329] bus: 'platform': add driver ramoops
[   85.644411] device class 'pci_bus': registering
[   85.644497] bus: 'pci': registered
[   85.644563] device class 'backlight': registering
[   85.644636] device class 'tty': registering
[   85.644709] device class 'vtconsole': registering
[   85.644779] device: 'vtcon0': device_add
[   85.644879] bus: 'node': registered
[   85.644944] device: 'node': device_add
[   85.645039] bus: 'i2c': registered
[   85.645106] bus: 'i2c': add driver dummy
[   85.645177] i2c-core: driver [dummy] registered
[   85.645245] cpuidle: using governor ladder
[   85.645312] cpuidle: using governor menu
[   85.645806] ACPI FADT declares the system doesn't support PCIe ASPM, so disable it
[   85.645990] ACPI: bus type PCI registered
[   85.646055] acpiphp: ACPI Hot Plug PCI Controller Driver version: 0.5
[   85.646123] device class 'dmi': registering
[   85.646194] device: 'id': device_add
[   85.646375] PCI: MMCONFIG for domain 0000 [bus 00-3f] at [mem 0xf8000000-0xfbffffff] (base 0xf8000000)
[   85.646488] PCI: not using MMCONFIG
[   85.646552] PCI: Using configuration type 1 for base access
[   85.646616] PCI: Using configuration type 1 for extended access
[   85.646982] device: 'node0': device_add
[   85.647095] bus: 'node': add device node0
[   85.647185] device: 'cpu0': device_add
[   85.647251] bus: 'cpu': add device cpu0
[   85.647355] device: 'cpu1': device_add
[   85.647469] bus: 'cpu': add device cpu1
[   85.647568] device: 'cpu2': device_add
[   85.647635] bus: 'cpu': add device cpu2
[   85.647738] device: 'cpu3': device_add
[   85.647852] bus: 'cpu': add device cpu3
[   85.650355] kworker/u8:0 (39) used greatest stack depth: 15104 bytes left
[   85.650583] device: 'writeback': device_add
[   85.650699] bus: 'workqueue': add device writeback
[   85.650797] device: 'default': device_add
[   85.651065] device class 'block': registering
[   85.651260] ACPI: Added _OSI(Module Device)
[   85.651370] ACPI: Added _OSI(Processor Device)
[   85.651433] ACPI: Added _OSI(3.0 _SCP Extensions)
[   85.651496] ACPI: Added _OSI(Processor Aggregator Device)
[   85.654262] 
**** Context Switch from TID 4294967295 to TID 133431296 ****

[   85.654452]     utils-0051 util_eval_error       : Evaluate [\_SB_.PCI0.LPC0.EC0_._GLK]: AE_NOT_FOUND
[   85.655018] Executing  Method       \_SB_.PCI0.LPC0.EC0_._REG
[   85.655796] Executing  Method       \_SB_.PCI0.LPC0.EC0_._REG
[   85.655997] Executing  Method       \_SB_.PCI0.LPC0.EC0_._REG
[   85.656197] Executing  Method       \_SB_.PCI0.LPC0.EC0_._REG
[   85.659382] Initializing Region       \_SB_.OSTY
[   85.660692] Initializing Region       \_SB_.PCI0.NBMS
[   85.660840] Initializing Region       \_SB_.PCI0.NBXP
[   85.660990] Initializing Region       \_SB_.PCI0.K8ST
[   85.661176] Initializing Region       \_SB_.PCI0.BAR1
[   85.661383] Initializing Region       \_SB_.PCI0.PB2_.XPEX
[   85.661530] Initializing Region       \_SB_.PCI0.PB2_.PCFG
[   85.661677] Initializing Region       \_SB_.PCI0.PB2_.XPCB
[   85.661825] Initializing Region       \_SB_.PCI0.PB2_.XPRI
[   85.661976] Initializing Region       \_SB_.PCI0.PB2_.VGA_.PCFG
[   85.662187] Initializing Region       \_SB_.PCI0.PB2_.HDAU.PCFG
[   85.662359] Initializing Region       \_SB_.PCI0.PB3_.XPEX
[   85.662507] Initializing Region       \_SB_.PCI0.PB3_.PCFG
[   85.662654] Initializing Region       \_SB_.PCI0.PB3_.XPCB
[   85.662803] Initializing Region       \_SB_.PCI0.PB3_.XPRI
[   85.662954] Initializing Region       \_SB_.PCI0.PB3_.VGA_.PCFG
[   85.663168] Initializing Region       \_SB_.PCI0.PB3_.HDAU.PCFG
[   85.663336] Initializing Region       \_SB_.PCI0.PB4_.XPEX
[   85.663484] Initializing Region       \_SB_.PCI0.PB4_.PCFG
[   85.663632] Initializing Region       \_SB_.PCI0.PB4_.XPCB
[   85.663781] Initializing Region       \_SB_.PCI0.PB4_.XPRI
[   85.663932] Initializing Region       \_SB_.PCI0.PB4_.XPDV.PCFG
[   85.664093] Initializing Region       \_SB_.PCI0.PB5_.XPEX
[   85.664240] Initializing Region       \_SB_.PCI0.PB5_.PCFG
[   85.664388] Initializing Region       \_SB_.PCI0.PB5_.XPCB
[   85.664536] Initializing Region       \_SB_.PCI0.PB5_.XPRI
[   85.664687] Initializing Region       \_SB_.PCI0.PB5_.XPDV.PCFG
[   85.664849] Initializing Region       \_SB_.PCI0.PB6_.XPEX
[   85.664996] Initializing Region       \_SB_.PCI0.PB6_.PCFG
[   85.665143] Initializing Region       \_SB_.PCI0.PB6_.XPCB
[   85.665291] Initializing Region       \_SB_.PCI0.PB6_.XPRI
[   85.665442] Initializing Region       \_SB_.PCI0.PB6_.XPDV.PCFG
[   85.665608] Initializing Region       \_SB_.PCI0.PB7_.XPEX
[   85.665755] Initializing Region       \_SB_.PCI0.PB7_.PCFG
[   85.665903] Initializing Region       \_SB_.PCI0.PB7_.XPCB
[   85.666052] Initializing Region       \_SB_.PCI0.PB7_.XPRI
[   85.666203] Initializing Region       \_SB_.PCI0.PB7_.XPDV.PCFG
[   85.666622] Initializing Region       \_SB_.PCI0.SATC
[   85.666816] Initializing Region       \_SB_.PCI0.RMEM
[   85.666993] Initializing Region       \_SB_.PCI0.SATA.SATX
[   85.667147] Initializing Region       \_SB_.PCI0.SATA.BAR5
[   85.668537] Initializing Region       \_SB_.PCI0.SMB_.SBRV
[   85.668721] Initializing Region       \_SB_.PCI0.SMB_.PMIO
[   85.668874] Initializing Region       \_SB_.PCI0.SMB_.ERMM
[   85.669150] Initializing Region       \_SB_.PCI0.SMB_.P1E0
[   85.669347] Initializing Region       \_SB_.PCI0.SMB_.ABIO
[   85.669496] Initializing Region       \_SB_.PCI0.SMB_.SMB0
[   85.669647] Initializing Region       \_SB_.PCI0.LPC0.PIRQ
[   85.669849] Initializing Region       \_SB_.PCI0.LPC0.LPCR
[   85.670093] Initializing Region       \_SB_.PCI0.LPC0.LPCS
[   85.670297] Initializing Region       \_SB_.PCI0.LPC0.SMI0
[   85.670443] Initializing Region       \_SB_.PCI0.LPC0.SMI1
[   85.670597] Initializing Region       \_SB_.PCI0.LPC0.EC0_.ECO1
[   85.670744] Initializing Region       \_SB_.PCI0.LPC0.EC0_.ECO2
[   85.670890] Initializing Region       \_SB_.PCI0.LPC0.EC0_.ECMB
[   85.671037] Initializing Region       \_SB_.PCI0.LPC0.EC0_.RAM_
[   85.671294] Initializing Region       \_SB_.PCI0.LPC0.EC0_.CMOS
[   85.671465] Initializing Region       \_SB_.PCI0.LPC0.EC0_.VPC0.ERAM
[   85.671706] Initializing Region       \_SB_.PCI0.SPB0.PCFG
[   85.671902] Initializing Region       \_SB_.PCI0.SPB0.XPCB
[   85.672053] Initializing Region       \_SB_.PCI0.SPB0.XPDV.PCFG
[   85.672219] Initializing Region       \_SB_.PCI0.SPB1.PCFG
[   85.672368] Initializing Region       \_SB_.PCI0.SPB1.XPCB
[   85.672519] Initializing Region       \_SB_.PCI0.SPB1.XPDV.PCFG
[   85.672681] Initializing Region       \_SB_.PCI0.SPB2.PCFG
[   85.672829] Initializing Region       \_SB_.PCI0.SPB2.XPCB
[   85.672980] Initializing Region       \_SB_.PCI0.SPB2.XPDV.PCFG
[   85.673141] Initializing Region       \_SB_.PCI0.SPB3.PCFG
[   85.673289] Initializing Region       \_SB_.PCI0.SPB3.XPCB
[   85.673441] Initializing Region       \_SB_.PCI0.SPB3.XPDV.PCFG
[   85.673763] Initializing Region       \_SB_.PCI0.VGA_.REVD
[   85.674171] Initializing BufferField  \_SB_.AMW0.WLID
[   85.674814] Initializing Region       \DEB2
[   85.675008] Initializing Region       \PMIO
[   85.675155] Initializing Region       \P01_
[   85.675328] Initializing Region       \CNVS
[   85.675538] Initializing Region       \SPRT
[   85.675700] Initializing Region       \CMIO
[   85.675999] Executing  Method       \_SB_._STA
[   85.676215] Executing  Method       \_SB_._INI
[   85.676385] Executing  Method       \_SB_.PCI0._STA
[   85.676555] Executing  Method       \_SB_.PCI0._INI
[   85.676980] [Firmware Bug]: ACPI: BIOS _OSI(Linux) query ignored
[   85.677484] Executing  Method       \_SB_.PCI0.SATA._STA
[   85.677687] Executing  Method       \_SB_.PCI0.SATA._INI
[   85.678631] Executing  Method       \_SB_.PCI0.LPC0.EC0_._REG
[   85.679270] kworker/u8:0 (61) used greatest stack depth: 14464 bytes left
[   85.679574] kworker/u8:0 (62) used greatest stack depth: 14176 bytes left
[   85.713948] ACPI: Interpreter enabled
[   85.714077] ACPI: (supports S0 S5)
[   85.714142] ACPI: Using IOAPIC for interrupt routing
[   85.714553] PCI: MMCONFIG for domain 0000 [bus 00-3f] at [mem 0xf8000000-0xfbffffff] (base 0xf8000000)
[   85.715434] PCI: MMCONFIG at [mem 0xf8000000-0xfbffffff] reserved in ACPI motherboard resources
[   85.715709] bus: 'acpi': registered
[   85.715824] PCI: Using host bridge windows from ACPI; if necessary, use "pci=nocrs" and report a bug
[   85.715976]      scan-1141 get_device_data       : No context for object [ffffffffffffffff]
[   85.716192]     utils-0051 util_eval_error       : Evaluate [\._STA]: AE_NOT_FOUND
[   85.716420] device: 'LNXSYSTM:00': device_add
[   85.716489] bus: 'acpi': add device LNXSYSTM:00
[   85.716578]     utils-0051 util_eval_error       : Evaluate [\._SUN]: AE_NOT_FOUND
[   85.716773]      scan-1933 add_single_object     : Added LNXSYSTM:00 [\] parent (null)
[   85.716993]      scan-1141 get_device_data       : No context for object [ffff88040d81d000]
[   85.717203]      scan-1141 get_device_data       : No context for object [ffff88040d8377d0]
[   85.717413]      scan-1141 get_device_data       : No context for object [ffff88040d8377f8]
[   85.717573]      scan-1141 get_device_data       : No context for object [ffff88040d837820]
[   85.717758]      scan-1141 get_device_data       : No context for object [ffff88040d837848]
[   85.717960]      scan-1141 get_device_data       : No context for object [ffff88040d837870]
[   85.718155]      scan-1141 get_device_data       : No context for object [ffff88040d837898]
[   85.718350]      scan-1141 get_device_data       : No context for object [ffff88040d8378c0]
[   85.718525]      scan-1141 get_device_data       : No context for object [ffff88040d8378e8]
[   85.718719]      scan-1141 get_device_data       : No context for object [ffff88040d839398]
[   85.718916]      scan-1141 get_device_data       : No context for object [ffff88040d81d028]
[   85.719111]      scan-1141 get_device_data       : No context for object [ffff88040d81d168]
[   85.719306]     utils-0051 util_eval_error       : Evaluate [\_PR_.C000._STA]: AE_NOT_FOUND
[   85.719484]      scan-1141 get_device_data       : No context for object [ffff88040d81d028]
[   85.719687] device: 'LNXCPU:00': device_add
[   85.719749] bus: 'acpi': add device LNXCPU:00
[   85.719828]     utils-0051 util_eval_error       : Evaluate [\_PR_.C000._SUN]: AE_NOT_FOUND
[   85.720030]      scan-1933 add_single_object     : Added LNXCPU:00 [\_PR_.C000] parent LNXSYSTM:00
[   85.720229]      scan-1141 get_device_data       : No context for object [ffff88040d83c398]
[   85.720424]      scan-1141 get_device_data       : No context for object [ffff88040d83c3c0]
[   85.720606]      scan-1141 get_device_data       : No context for object [ffff88040d83c3e8]
[   85.720799]      scan-1141 get_device_data       : No context for object [ffff88040d83c410]
[   85.720995]      scan-1141 get_device_data       : No context for object [ffff88040d83c438]
[   85.721190]      scan-1141 get_device_data       : No context for object [ffff88040d83c460]
[   85.721384]      scan-1141 get_device_data       : No context for object [ffff88040d81d190]
[   85.721533]     utils-0051 util_eval_error       : Evaluate [\_PR_.C001._STA]: AE_NOT_FOUND
[   85.721711]      scan-1141 get_device_data       : No context for object [ffff88040d81d028]
[   85.721916] device: 'LNXCPU:01': device_add
[   85.721979] bus: 'acpi': add device LNXCPU:01
[   85.722055]     utils-0051 util_eval_error       : Evaluate [\_PR_.C001._SUN]: AE_NOT_FOUND
[   85.722262]      scan-1933 add_single_object     : Added LNXCPU:01 [\_PR_.C001] parent LNXSYSTM:00
[   85.722464]      scan-1141 get_device_data       : No context for object [ffff88040d83c488]
[   85.722662]      scan-1141 get_device_data       : No context for object [ffff88040d83c4b0]
[   85.722859]      scan-1141 get_device_data       : No context for object [ffff88040d83c4d8]
[   85.723057]      scan-1141 get_device_data       : No context for object [ffff88040d83c500]
[   85.723254]      scan-1141 get_device_data       : No context for object [ffff88040d83c528]
[   85.723452]      scan-1141 get_device_data       : No context for object [ffff88040d83c550]
[   85.723650]      scan-1141 get_device_data       : No context for object [ffff88040d81d1b8]
[   85.723848]     utils-0051 util_eval_error       : Evaluate [\_PR_.C002._STA]: AE_NOT_FOUND
[   85.725067]      scan-1141 get_device_data       : No context for object [ffff88040d81d028]
[   85.725274] device: 'LNXCPU:02': device_add
[   85.725336] bus: 'acpi': add device LNXCPU:02
[   85.725413]     utils-0051 util_eval_error       : Evaluate [\_PR_.C002._SUN]: AE_NOT_FOUND
[   85.725574]      scan-1933 add_single_object     : Added LNXCPU:02 [\_PR_.C002] parent LNXSYSTM:00
[   85.725754]      scan-1141 get_device_data       : No context for object [ffff88040d83c578]
[   85.725952]      scan-1141 get_device_data       : No context for object [ffff88040d83c5a0]
[   85.726149]      scan-1141 get_device_data       : No context for object [ffff88040d83c5c8]
[   85.726346]      scan-1141 get_device_data       : No context for object [ffff88040d83c5f0]
[   85.726523]      scan-1141 get_device_data       : No context for object [ffff88040d83c618]
[   85.726721]      scan-1141 get_device_data       : No context for object [ffff88040d83c640]
[   85.726918]      scan-1141 get_device_data       : No context for object [ffff88040d81d1e0]
[   85.727116]     utils-0051 util_eval_error       : Evaluate [\_PR_.C003._STA]: AE_NOT_FOUND
[   85.727313]      scan-1141 get_device_data       : No context for object [ffff88040d81d028]
[   85.727499] device: 'LNXCPU:03': device_add
[   85.727562] bus: 'acpi': add device LNXCPU:03
[   85.727636]     utils-0051 util_eval_error       : Evaluate [\_PR_.C003._SUN]: AE_NOT_FOUND
[   85.727841]      scan-1933 add_single_object     : Added LNXCPU:03 [\_PR_.C003] parent LNXSYSTM:00
[   85.728043]      scan-1141 get_device_data       : No context for object [ffff88040d83c668]
[   85.728240]      scan-1141 get_device_data       : No context for object [ffff88040d83c690]
[   85.728437]      scan-1141 get_device_data       : No context for object [ffff88040d83c6b8]
[   85.728614]      scan-1141 get_device_data       : No context for object [ffff88040d83c6e0]
[   85.728815]      scan-1141 get_device_data       : No context for object [ffff88040d83c708]
[   85.729012]      scan-1141 get_device_data       : No context for object [ffff88040d83c730]
[   85.729209]      scan-1141 get_device_data       : No context for object [ffff88040d81d050]
[   85.729408]     utils-0051 util_eval_error       : Evaluate [\_SB_._STA]: AE_NOT_FOUND
[   85.729610] device: 'LNXSYBUS:00': device_add
[   85.729697] bus: 'acpi': add device LNXSYBUS:00
[   85.729773]     utils-0051 util_eval_error       : Evaluate [\_SB_._SUN]: AE_NOT_FOUND
[   85.729978]      scan-1933 add_single_object     : Added LNXSYBUS:00 [\_SB_] parent LNXSYSTM:00
[   85.730185]      scan-1141 get_device_data       : No context for object [ffff88040d81d3c0]
[   85.730382]      scan-1141 get_device_data       : No context for object [ffff88040d81d3e8]
[   85.730534]      scan-1141 get_device_data       : No context for object [ffff88040d81d410]
[   85.730711]      scan-1141 get_device_data       : No context for object [ffff88040d81d438]
[   85.730908]      scan-1141 get_device_data       : No context for object [ffff88040d81d460]
[   85.731105]      scan-1141 get_device_data       : No context for object [ffff88040d81d488]
[   85.731302]      scan-1141 get_device_data       : No context for object [ffff88040d81d4b0]
[   85.731480]      scan-1141 get_device_data       : No context for object [ffff88040d81d5a0]
[   85.731678]     utils-0051 util_eval_error       : Evaluate [\_SB_.PWRB._STA]: AE_NOT_FOUND
[   85.731909] device: 'PNP0C0C:00': device_add
[   85.731972] bus: 'acpi': add device PNP0C0C:00
[   85.732052]     utils-0051 util_eval_error       : Evaluate [\_SB_.PWRB._SUN]: AE_NOT_FOUND
[   85.732259]      scan-1933 add_single_object     : Added PNP0C0C:00 [\_SB_.PWRB] parent LNXSYBUS:00
[   85.732467]      scan-1141 get_device_data       : No context for object [ffff88040d81d5c8]
[   85.732665]      scan-1141 get_device_data       : No context for object [ffff88040d81d5f0]
[   85.732864]     utils-0051 util_eval_error       : Evaluate [\_SB_.PCI0._STA]: AE_NOT_FOUND
[   85.733116] device: 'PNP0A08:00': device_add
[   85.733225] bus: 'acpi': add device PNP0A08:00
[   85.733304]     utils-0051 util_eval_error       : Evaluate [\_SB_.PCI0._SUN]: AE_NOT_FOUND
[   85.733489]      scan-1933 add_single_object     : Added PNP0A08:00 [\_SB_.PCI0] parent LNXSYBUS:00
[   85.733697]      scan-1141 get_device_data       : No context for object [ffff88040d81d618]
[   85.733894]      scan-1141 get_device_data       : No context for object [ffff88040d81d640]
[   85.734091]      scan-1141 get_device_data       : No context for object [ffff88040d81d668]
[   85.734280]      scan-1141 get_device_data       : No context for object [ffff88040d81d690]
[   85.734474]      scan-1141 get_device_data       : No context for object [ffff88040d81d6b8]
[   85.734668]      scan-1141 get_device_data       : No context for object [ffff88040d81d6e0]
[   85.734862]      scan-1141 get_device_data       : No context for object [ffff88040d81d708]
[   85.735056]      scan-1141 get_device_data       : No context for object [ffff88040d81d730]
[   85.735251]      scan-1141 get_device_data       : No context for object [ffff88040d81d758]
[   85.735446]      scan-1141 get_device_data       : No context for object [ffff88040d81d780]
[   85.735626]      scan-1141 get_device_data       : No context for object [ffff88040d81d7a8]
[   85.735821]      scan-1141 get_device_data       : No context for object [ffff88040d81d7d0]
[   85.736017]      scan-1141 get_device_data       : No context for object [ffff88040d81d7f8]
[   85.736211]      scan-1141 get_device_data       : No context for object [ffff88040d81d820]
[   85.736406]      scan-1141 get_device_data       : No context for object [ffff88040d81d848]
[   85.736554]      scan-1141 get_device_data       : No context for object [ffff88040d81d870]
[   85.736731]      scan-1141 get_device_data       : No context for object [ffff88040d81d898]
[   85.736926]      scan-1141 get_device_data       : No context for object [ffff88040d81d8c0]
[   85.737121]      scan-1141 get_device_data       : No context for object [ffff88040d81d8e8]
[   85.737316]      scan-1141 get_device_data       : No context for object [ffff88040d81d910]
[   85.737493]      scan-1141 get_device_data       : No context for object [ffff88040d81d938]
[   85.737688]      scan-1141 get_device_data       : No context for object [ffff88040d81d960]
[   85.737883]      scan-1141 get_device_data       : No context for object [ffff88040d81d988]
[   85.738076]      scan-1141 get_device_data       : No context for object [ffff88040d81d9b0]
[   85.738270]      scan-1141 get_device_data       : No context for object [ffff88040d81d9d8]
[   85.738467]      scan-1141 get_device_data       : No context for object [ffff88040d81da00]
[   85.738665]      scan-1141 get_device_data       : No context for object [ffff88040d81da28]
[   85.738864]      scan-1141 get_device_data       : No context for object [ffff88040d81da50]
[   85.739062]      scan-1141 get_device_data       : No context for object [ffff88040d81da78]
[   85.739259]      scan-1141 get_device_data       : No context for object [ffff88040d81daa0]
[   85.739457]      scan-1141 get_device_data       : No context for object [ffff88040d81dac8]
[   85.739655]      scan-1141 get_device_data       : No context for object [ffff88040d81daf0]
[   85.739852]      scan-1141 get_device_data       : No context for object [ffff88040d81db18]
[   85.740050]      scan-1141 get_device_data       : No context for object [ffff88040d81db40]
[   85.740247]      scan-1141 get_device_data       : No context for object [ffff88040d81db68]
[   85.740445]      scan-1141 get_device_data       : No context for object [ffff88040d81db90]
[   85.740623]      scan-1141 get_device_data       : No context for object [ffff88040d81dbb8]
[   85.740820]      scan-1141 get_device_data       : No context for object [ffff88040d81dbe0]
[   85.741017]      scan-1141 get_device_data       : No context for object [ffff88040d81dc08]
[   85.741214]      scan-1141 get_device_data       : No context for object [ffff88040d81dc30]
[   85.741411]      scan-1141 get_device_data       : No context for object [ffff88040d81dc58]
[   85.741562]      scan-1141 get_device_data       : No context for object [ffff88040d81dc80]
[   85.741740]      scan-1141 get_device_data       : No context for object [ffff88040d81dca8]
[   85.741937]      scan-1141 get_device_data       : No context for object [ffff88040d81dcd0]
[   85.742134]      scan-1141 get_device_data       : No context for object [ffff88040d81dcf8]
[   85.743354]      scan-1141 get_device_data       : No context for object [ffff88040d81dd20]
[   85.743530]      scan-1141 get_device_data       : No context for object [ffff88040d81dd48]
[   85.743728]      scan-1141 get_device_data       : No context for object [ffff88040d81dd70]
[   85.743926]      scan-1141 get_device_data       : No context for object [ffff88040d81dd98]
[   85.744124]      scan-1141 get_device_data       : No context for object [ffff88040d81ddc0]
[   85.744321]      scan-1141 get_device_data       : No context for object [ffff88040d81dde8]
[   85.744498]      scan-1141 get_device_data       : No context for object [ffff88040d81de10]
[   85.744695]      scan-1141 get_device_data       : No context for object [ffff88040d81de38]
[   85.744892]      scan-1141 get_device_data       : No context for object [ffff88040d81de60]
[   85.745089]      scan-1141 get_device_data       : No context for object [ffff88040d81de88]
[   85.745287]      scan-1141 get_device_data       : No context for object [ffff88040d81deb0]
[   85.745483]      scan-1141 get_device_data       : No context for object [ffff88040d81ded8]
[   85.745681]      scan-1141 get_device_data       : No context for object [ffff88040d81df00]
[   85.745878]      scan-1141 get_device_data       : No context for object [ffff88040d81df28]
[   85.746076]      scan-1141 get_device_data       : No context for object [ffff88040d81df50]
[   85.746273]      scan-1141 get_device_data       : No context for object [ffff88040d81df78]
[   85.746470]      scan-1141 get_device_data       : No context for object [ffff88040d81dfa0]
[   85.746667]      scan-1141 get_device_data       : No context for object [ffff88040d81dfc8]
[   85.746864]      scan-1141 get_device_data       : No context for object [ffff88040d822000]
[   85.747062]      scan-1141 get_device_data       : No context for object [ffff88040d822028]
[   85.747261]     utils-0051 util_eval_error       : Evaluate [\_SB_.PCI0.MEMR._STA]: AE_NOT_FOUND
[   85.747493] device: 'PNP0C02:00': device_add
[   85.747556] bus: 'acpi': add device PNP0C02:00
[   85.747631]     utils-0051 util_eval_error       : Evaluate [\_SB_.PCI0.MEMR._SUN]: AE_NOT_FOUND
[   85.747835]      scan-1933 add_single_object     : Added PNP0C02:00 [\_SB_.PCI0.MEMR] parent PNP0A08:00
[   85.748040]      scan-1141 get_device_data       : No context for object [ffff88040d822050]
[   85.748237]      scan-1141 get_device_data       : No context for object [ffff88040d822078]
[   85.748434]      scan-1141 get_device_data       : No context for object [ffff88040d8220a0]
[   85.748615]      scan-1141 get_device_data       : No context for object [ffff88040d8220c8]
[   85.748815]      scan-1141 get_device_data       : No context for object [ffff88040d8220f0]
[   85.749012]      scan-1141 get_device_data       : No context for object [ffff88040d822118]
[   85.749210]      scan-1141 get_device_data       : No context for object [ffff88040d822140]
[   85.749407]      scan-1141 get_device_data       : No context for object [ffff88040d822168]
[   85.749558]      scan-1141 get_device_data       : No context for object [ffff88040d822190]
[   85.749735]      scan-1141 get_device_data       : No context for object [ffff88040d8221b8]
[   85.749933]      scan-1141 get_device_data       : No context for object [ffff88040d8221e0]
[   85.750130]      scan-1141 get_device_data       : No context for object [ffff88040d822208]
[   85.750327]      scan-1141 get_device_data       : No context for object [ffff88040d822230]
[   85.750504]      scan-1141 get_device_data       : No context for object [ffff88040d822258]
[   85.750702]      scan-1141 get_device_data       : No context for object [ffff88040d822280]
[   85.750898]      scan-1141 get_device_data       : No context for object [ffff88040d8222a8]
[   85.751094]     utils-0051 util_eval_error       : Evaluate [\_SB_.PCI0.PB2_._STA]: AE_NOT_FOUND
[   85.751390] device: 'device:00': device_add
[   85.751453] bus: 'acpi': add device device:00
[   85.751527]     utils-0051 util_eval_error       : Evaluate [\_SB_.PCI0.PB2_._SUN]: AE_NOT_FOUND
[   85.751710]      scan-1933 add_single_object     : Added device:00 [\_SB_.PCI0.PB2_] parent PNP0A08:00
[   85.751910]      scan-1141 get_device_data       : No context for object [ffff88040d8222d0]
[   85.752104]      scan-1141 get_device_data       : No context for object [ffff88040d8222f8]
[   85.752300]      scan-1141 get_device_data       : No context for object [ffff88040d822320]
[   85.752483]      scan-1141 get_device_data       : No context for object [ffff88040d822348]
[   85.752678]      scan-1141 get_device_data       : No context for object [ffff88040d822370]
[   85.752872]      scan-1141 get_device_data       : No context for object [ffff88040d822398]
[   85.753066]      scan-1141 get_device_data       : No context for object [ffff88040d8223c0]
[   85.753260]      scan-1141 get_device_data       : No context for object [ffff88040d8223e8]
[   85.753453]      scan-1141 get_device_data       : No context for object [ffff88040d822410]
[   85.753647]      scan-1141 get_device_data       : No context for object [ffff88040d822438]
[   85.753842]      scan-1141 get_device_data       : No context for object [ffff88040d822460]
[   85.754037]      scan-1141 get_device_data       : No context for object [ffff88040d822488]
[   85.754231]      scan-1141 get_device_data       : No context for object [ffff88040d8224b0]
[   85.754424]      scan-1141 get_device_data       : No context for object [ffff88040d8224d8]
[   85.754574]      scan-1141 get_device_data       : No context for object [ffff88040d822500]
[   85.754751]      scan-1141 get_device_data       : No context for object [ffff88040d822528]
[   85.754944]      scan-1141 get_device_data       : No context for object [ffff88040d822550]
[   85.755139]      scan-1141 get_device_data       : No context for object [ffff88040d822578]
[   85.755337]      scan-1141 get_device_data       : No context for object [ffff88040d8225a0]
[   85.755516]      scan-1141 get_device_data       : No context for object [ffff88040d8225c8]
[   85.755714]      scan-1141 get_device_data       : No context for object [ffff88040d8225f0]
[   85.755911]      scan-1141 get_device_data       : No context for object [ffff88040d822618]
[   85.756108]      scan-1141 get_device_data       : No context for object [ffff88040d822640]
[   85.756305]      scan-1141 get_device_data       : No context for object [ffff88040d822668]
[   85.756485]      scan-1141 get_device_data       : No context for object [ffff88040d822690]
[   85.756682]      scan-1141 get_device_data       : No context for object [ffff88040d8226b8]
[   85.756879]      scan-1141 get_device_data       : No context for object [ffff88040d8226e0]
[   85.757077]      scan-1141 get_device_data       : No context for object [ffff88040d822708]
[   85.757274]      scan-1141 get_device_data       : No context for object [ffff88040d822730]
[   85.757471]      scan-1141 get_device_data       : No context for object [ffff88040d822758]
[   85.757668]      scan-1141 get_device_data       : No context for object [ffff88040d822780]
[   85.757868]     utils-0051 util_eval_error       : Evaluate [\_SB_.PCI0.PB2_.VGA_._STA]: AE_NOT_FOUND
[   85.758106] device: 'device:01': device_add
[   85.758215] bus: 'acpi': add device device:01
[   85.758290]     utils-0051 util_eval_error       : Evaluate [\_SB_.PCI0.PB2_.VGA_._SUN]: AE_NOT_FOUND
[   85.758492]      scan-1933 add_single_object     : Added device:01 [\_SB_.PCI0.PB2_.VGA_] parent device:00
[   85.758694]      scan-1141 get_device_data       : No context for object [ffff88040d8227a8]
[   85.758895]      scan-1141 get_device_data       : No context for object [ffff88040d8227d0]
[   85.759093]      scan-1141 get_device_data       : No context for object [ffff88040d8227f8]
[   85.759290]      scan-1141 get_device_data       : No context for object [ffff88040d822820]
[   85.759486]      scan-1141 get_device_data       : No context for object [ffff88040d822848]
[   85.759683]      scan-1141 get_device_data       : No context for object [ffff88040d822870]
[   85.759880]      scan-1141 get_device_data       : No context for object [ffff88040d822898]
[   85.760077]      scan-1141 get_device_data       : No context for object [ffff88040d8228c0]
[   85.760274]      scan-1141 get_device_data       : No context for object [ffff88040d8228e8]
[   85.760472]      scan-1141 get_device_data       : No context for object [ffff88040d822910]
[   85.760669]      scan-1141 get_device_data       : No context for object [ffff88040d822938]
[   85.761888]      scan-1141 get_device_data       : No context for object [ffff88040d822960]
[   85.762086]      scan-1141 get_device_data       : No context for object [ffff88040d822988]
[   85.762285]      scan-1141 get_device_data       : No context for object [ffff88040d8229b0]
[   85.762482]      scan-1141 get_device_data       : No context for object [ffff88040d8229d8]
[   85.762679]      scan-1141 get_device_data       : No context for object [ffff88040d822a00]
[   85.762876]      scan-1141 get_device_data       : No context for object [ffff88040d822a28]
[   85.763074]      scan-1141 get_device_data       : No context for object [ffff88040d822a50]
[   85.763271]      scan-1141 get_device_data       : No context for object [ffff88040d822a78]
[   85.763468]      scan-1141 get_device_data       : No context for object [ffff88040d822aa0]
[   85.763665]      scan-1141 get_device_data       : No context for object [ffff88040d822ac8]
[   85.763863]      scan-1141 get_device_data       : No context for object [ffff88040d822af0]
[   85.764060]      scan-1141 get_device_data       : No context for object [ffff88040d822b18]
[   85.764258]      scan-1141 get_device_data       : No context for object [ffff88040d822b40]
[   85.764454]      scan-1141 get_device_data       : No context for object [ffff88040d822b68]
[   85.764631]      scan-1141 get_device_data       : No context for object [ffff88040d822b90]
[   85.764828]      scan-1141 get_device_data       : No context for object [ffff88040d822bb8]
[   85.765025]      scan-1141 get_device_data       : No context for object [ffff88040d822be0]
[   85.765222]      scan-1141 get_device_data       : No context for object [ffff88040d822c08]
[   85.765419]      scan-1141 get_device_data       : No context for object [ffff88040d822c30]
[   85.765570]      scan-1141 get_device_data       : No context for object [ffff88040d822c58]
[   85.765745]      scan-1141 get_device_data       : No context for object [ffff88040d822c80]
[   85.765943]      scan-1141 get_device_data       : No context for object [ffff88040d822ca8]
[   85.766141]      scan-1141 get_device_data       : No context for object [ffff88040d822cd0]
[   85.766338]      scan-1141 get_device_data       : No context for object [ffff88040d822cf8]
[   85.766514]      scan-1141 get_device_data       : No context for object [ffff88040d822d20]
[   85.766713]      scan-1141 get_device_data       : No context for object [ffff88040d822d48]
[   85.766910]      scan-1141 get_device_data       : No context for object [ffff88040d822d70]
[   85.767107]      scan-1141 get_device_data       : No context for object [ffff88040d822d98]
[   85.767304]      scan-1141 get_device_data       : No context for object [ffff88040d837438]
[   85.767488]      scan-1141 get_device_data       : No context for object [ffff88040d822dc0]
[   85.767685]     utils-0051 util_eval_error       : Evaluate [\_SB_.PCI0.PB2_.HDAU._STA]: AE_NOT_FOUND
[   85.767913] device: 'device:02': device_add
[   85.767975] bus: 'acpi': add device device:02
[   85.768049]     utils-0051 util_eval_error       : Evaluate [\_SB_.PCI0.PB2_.HDAU._SUN]: AE_NOT_FOUND
[   85.768251]      scan-1933 add_single_object     : Added device:02 [\_SB_.PCI0.PB2_.HDAU] parent device:00
[   85.768450]      scan-1141 get_device_data       : No context for object [ffff88040d822de8]
[   85.768627]      scan-1141 get_device_data       : No context for object [ffff88040d822e10]
[   85.768826]      scan-1141 get_device_data       : No context for object [ffff88040d822e38]
[   85.769021]      scan-1141 get_device_data       : No context for object [ffff88040d822e60]
[   85.769216]      scan-1141 get_device_data       : No context for object [ffff88040d822e88]
[   85.769410]      scan-1141 get_device_data       : No context for object [ffff88040d822eb0]
[   85.769559]      scan-1141 get_device_data       : No context for object [ffff88040d822ed8]
[   85.769737]     utils-0051 util_eval_error       : Evaluate [\_SB_.PCI0.PB3_._STA]: AE_NOT_FOUND
[   85.770030] device: 'device:03': device_add
[   85.770092] bus: 'acpi': add device device:03
[   85.770166]     utils-0051 util_eval_error       : Evaluate [\_SB_.PCI0.PB3_._SUN]: AE_NOT_FOUND
[   85.770370]      scan-1933 add_single_object     : Added device:03 [\_SB_.PCI0.PB3_] parent PNP0A08:00
[   85.770551]      scan-1141 get_device_data       : No context for object [ffff88040d822f00]
[   85.770745]      scan-1141 get_device_data       : No context for object [ffff88040d822f28]
[   85.770940]      scan-1141 get_device_data       : No context for object [ffff88040d822f50]
[   85.771135]      scan-1141 get_device_data       : No context for object [ffff88040d822f78]
[   85.771330]      scan-1141 get_device_data       : No context for object [ffff88040d822fa0]
[   85.771507]      scan-1141 get_device_data       : No context for object [ffff88040d822fc8]
[   85.771702]      scan-1141 get_device_data       : No context for object [ffff88040d823000]
[   85.771900]      scan-1141 get_device_data       : No context for object [ffff88040d823028]
[   85.772097]      scan-1141 get_device_data       : No context for object [ffff88040d823050]
[   85.772298]      scan-1141 get_device_data       : No context for object [ffff88040d823078]
[   85.772490]      scan-1141 get_device_data       : No context for object [ffff88040d8230a0]
[   85.772687]      scan-1141 get_device_data       : No context for object [ffff88040d8230c8]
[   85.772885]      scan-1141 get_device_data       : No context for object [ffff88040d8230f0]
[   85.773083]      scan-1141 get_device_data       : No context for object [ffff88040d823118]
[   85.773279]      scan-1141 get_device_data       : No context for object [ffff88040d823140]
[   85.773476]      scan-1141 get_device_data       : No context for object [ffff88040d823168]
[   85.773674]      scan-1141 get_device_data       : No context for object [ffff88040d823190]
[   85.773871]      scan-1141 get_device_data       : No context for object [ffff88040d8231b8]
[   85.774068]      scan-1141 get_device_data       : No context for object [ffff88040d8231e0]
[   85.774265]      scan-1141 get_device_data       : No context for object [ffff88040d823208]
[   85.774463]      scan-1141 get_device_data       : No context for object [ffff88040d823230]
[   85.774661]      scan-1141 get_device_data       : No context for object [ffff88040d823258]
[   85.774858]      scan-1141 get_device_data       : No context for object [ffff88040d823280]
[   85.775056]      scan-1141 get_device_data       : No context for object [ffff88040d8232a8]
[   85.775253]      scan-1141 get_device_data       : No context for object [ffff88040d8232d0]
[   85.775451]      scan-1141 get_device_data       : No context for object [ffff88040d8232f8]
[   85.775633]      scan-1141 get_device_data       : No context for object [ffff88040d823320]
[   85.775831]      scan-1141 get_device_data       : No context for object [ffff88040d823348]
[   85.776029]      scan-1141 get_device_data       : No context for object [ffff88040d823370]
[   85.776226]      scan-1141 get_device_data       : No context for object [ffff88040d823398]
[   85.776424]      scan-1141 get_device_data       : No context for object [ffff88040d8233c0]
[   85.776577]     utils-0051 util_eval_error       : Evaluate [\_SB_.PCI0.PB3_.VGA_._STA]: AE_NOT_FOUND
[   85.776784]     video-0058 backlight_cap_match   : Found generic backlight support
[   85.776994] device: 'LNXVIDEO:00': device_add
[   85.777057] bus: 'acpi': add device LNXVIDEO:00
[   85.777134]     utils-0051 util_eval_error       : Evaluate [\_SB_.PCI0.PB3_.VGA_._SUN]: AE_NOT_FOUND
[   85.777339]      scan-1933 add_single_object     : Added LNXVIDEO:00 [\_SB_.PCI0.PB3_.VGA_] parent device:03
[   85.777524]      scan-1141 get_device_data       : No context for object [ffff88040d8233e8]
[   85.777722]      scan-1141 get_device_data       : No context for object [ffff88040d823410]
[   85.777919]      scan-1141 get_device_data       : No context for object [ffff88040d823438]
[   85.778116]      scan-1141 get_device_data       : No context for object [ffff88040d823460]
[   85.778313]      scan-1141 get_device_data       : No context for object [ffff88040d823488]
[   85.778492]      scan-1141 get_device_data       : No context for object [ffff88040d8234b0]
[   85.778689]      scan-1141 get_device_data       : No context for object [ffff88040d8234d8]
[   85.778889]      scan-1141 get_device_data       : No context for object [ffff88040d823500]
[   85.779087]      scan-1141 get_device_data       : No context for object [ffff88040d823528]
[   85.780305]      scan-1141 get_device_data       : No context for object [ffff88040d823550]
[   85.780492]      scan-1141 get_device_data       : No context for object [ffff88040d823578]
[   85.780690]      scan-1141 get_device_data       : No context for object [ffff88040d8235a0]
[   85.780887]      scan-1141 get_device_data       : No context for object [ffff88040d8235c8]
[   85.781084]      scan-1141 get_device_data       : No context for object [ffff88040d8235f0]
[   85.781281]      scan-1141 get_device_data       : No context for object [ffff88040d823618]
[   85.781478]      scan-1141 get_device_data       : No context for object [ffff88040d823640]
[   85.781675]      scan-1141 get_device_data       : No context for object [ffff88040d823668]
[   85.781873]      scan-1141 get_device_data       : No context for object [ffff88040d823690]
[   85.782071]      scan-1141 get_device_data       : No context for object [ffff88040d8236b8]
[   85.782270]      scan-1141 get_device_data       : No context for object [ffff88040d8236e0]
[   85.782468]      scan-1141 get_device_data       : No context for object [ffff88040d823708]
[   85.782665]      scan-1141 get_device_data       : No context for object [ffff88040d823730]
[   85.782862]      scan-1141 get_device_data       : No context for object [ffff88040d823758]
[   85.783059]      scan-1141 get_device_data       : No context for object [ffff88040d823780]
[   85.783256]      scan-1141 get_device_data       : No context for object [ffff88040d8237a8]
[   85.783454]      scan-1141 get_device_data       : No context for object [ffff88040d8237d0]
[   85.783636]      scan-1141 get_device_data       : No context for object [ffff88040d8237f8]
[   85.783834]      scan-1141 get_device_data       : No context for object [ffff88040d823820]
[   85.784031]      scan-1141 get_device_data       : No context for object [ffff88040d823848]
[   85.784228]      scan-1141 get_device_data       : No context for object [ffff88040d823870]
[   85.784423]      scan-1141 get_device_data       : No context for object [ffff88040d823898]
[   85.784571]      scan-1141 get_device_data       : No context for object [ffff88040d8238c0]
[   85.784748]      scan-1141 get_device_data       : No context for object [ffff88040d8238e8]
[   85.784943]      scan-1141 get_device_data       : No context for object [ffff88040d823910]
[   85.785140]      scan-1141 get_device_data       : No context for object [ffff88040d823938]
[   85.785333]      scan-1141 get_device_data       : No context for object [ffff88040d823960]
[   85.785512]      scan-1141 get_device_data       : No context for object [ffff88040d823988]
[   85.785707]      scan-1141 get_device_data       : No context for object [ffff88040d8239b0]
[   85.785900]      scan-1141 get_device_data       : No context for object [ffff88040d8239d8]
[   85.786094]      scan-1141 get_device_data       : No context for object [ffff88040d837460]
[   85.786288]      scan-1141 get_device_data       : No context for object [ffff88040d83ac08]
[   85.786483]      scan-1141 get_device_data       : No context for object [ffff88040d83ac30]
[   85.786677]      scan-1141 get_device_data       : No context for object [ffff88040d83ac58]
[   85.786873]     utils-0051 util_eval_error       : Evaluate [\_SB_.PCI0.PB3_.VGA_.CRT_._STA]: AE_NOT_FOUND
[   85.787114] device: 'device:04': device_add
[   85.787222] bus: 'acpi': add device device:04
[   85.787297]     utils-0051 util_eval_error       : Evaluate [\_SB_.PCI0.PB3_.VGA_.CRT_._SUN]: AE_NOT_FOUND
[   85.787500]      scan-1933 add_single_object     : Added device:04 [\_SB_.PCI0.PB3_.VGA_.CRT_] parent LNXVIDEO:00
[   85.787700]      scan-1141 get_device_data       : No context for object [ffff88040d83ac80]
[   85.787895]      scan-1141 get_device_data       : No context for object [ffff88040d83aca8]
[   85.788091]      scan-1141 get_device_data       : No context for object [ffff88040d83acd0]
[   85.788286]      scan-1141 get_device_data       : No context for object [ffff88040d83acf8]
[   85.788481]      scan-1141 get_device_data       : No context for object [ffff88040d83ad20]
[   85.788680]     utils-0051 util_eval_error       : Evaluate [\_SB_.PCI0.PB3_.VGA_.LCD_._STA]: AE_NOT_FOUND
[   85.788926] device: 'device:05': device_add
[   85.789036] bus: 'acpi': add device device:05
[   85.789110]     utils-0051 util_eval_error       : Evaluate [\_SB_.PCI0.PB3_.VGA_.LCD_._SUN]: AE_NOT_FOUND
[   85.789316]      scan-1933 add_single_object     : Added device:05 [\_SB_.PCI0.PB3_.VGA_.LCD_] parent LNXVIDEO:00
[   85.789498]      scan-1141 get_device_data       : No context for object [ffff88040d83ad48]
[   85.789696]      scan-1141 get_device_data       : No context for object [ffff88040d83ad70]
[   85.789893]      scan-1141 get_device_data       : No context for object [ffff88040d83ad98]
[   85.790090]      scan-1141 get_device_data       : No context for object [ffff88040d83adc0]
[   85.790287]      scan-1141 get_device_data       : No context for object [ffff88040d83ade8]
[   85.790485]      scan-1141 get_device_data       : No context for object [ffff88040d83ae10]
[   85.790682]      scan-1141 get_device_data       : No context for object [ffff88040d83ae38]
[   85.790879]      scan-1141 get_device_data       : No context for object [ffff88040d83ae60]
[   85.791077]     utils-0051 util_eval_error       : Evaluate [\_SB_.PCI0.PB3_.VGA_.TV0_._STA]: AE_NOT_FOUND
[   85.791310] device: 'device:06': device_add
[   85.791373] bus: 'acpi': add device device:06
[   85.791447]     utils-0051 util_eval_error       : Evaluate [\_SB_.PCI0.PB3_.VGA_.TV0_._SUN]: AE_NOT_FOUND
[   85.791606]      scan-1933 add_single_object     : Added device:06 [\_SB_.PCI0.PB3_.VGA_.TV0_] parent LNXVIDEO:00
[   85.791786]      scan-1141 get_device_data       : No context for object [ffff88040d83ae88]
[   85.791983]      scan-1141 get_device_data       : No context for object [ffff88040d83aeb0]
[   85.792184]      scan-1141 get_device_data       : No context for object [ffff88040d83aed8]
[   85.792381]      scan-1141 get_device_data       : No context for object [ffff88040d83af00]
[   85.792558]      scan-1141 get_device_data       : No context for object [ffff88040d83af28]
[   85.792757]     utils-0051 util_eval_error       : Evaluate [\_SB_.PCI0.PB3_.VGA_.HDMI._STA]: AE_NOT_FOUND
[   85.792999] device: 'device:07': device_add
[   85.793109] bus: 'acpi': add device device:07
[   85.793185]     utils-0051 util_eval_error       : Evaluate [\_SB_.PCI0.PB3_.VGA_.HDMI._SUN]: AE_NOT_FOUND
[   85.793392]      scan-1933 add_single_object     : Added device:07 [\_SB_.PCI0.PB3_.VGA_.HDMI] parent LNXVIDEO:00
[   85.793572]      scan-1141 get_device_data       : No context for object [ffff88040d83af50]
[   85.793769]      scan-1141 get_device_data       : No context for object [ffff88040d83af78]
[   85.793967]      scan-1141 get_device_data       : No context for object [ffff88040d83afa0]
[   85.794164]      scan-1141 get_device_data       : No context for object [ffff88040d83afc8]
[   85.794361]      scan-1141 get_device_data       : No context for object [ffff88040d823a00]
[   85.794539]     utils-0051 util_eval_error       : Evaluate [\_SB_.PCI0.PB3_.HDAU._STA]: AE_NOT_FOUND
[   85.794773] device: 'device:08': device_add
[   85.794836] bus: 'acpi': add device device:08
[   85.794911]     utils-0051 util_eval_error       : Evaluate [\_SB_.PCI0.PB3_.HDAU._SUN]: AE_NOT_FOUND
[   85.795116]      scan-1933 add_single_object     : Added device:08 [\_SB_.PCI0.PB3_.HDAU] parent device:03
[   85.795319]      scan-1141 get_device_data       : No context for object [ffff88040d823a28]
[   85.795501]      scan-1141 get_device_data       : No context for object [ffff88040d823a50]
[   85.795699]      scan-1141 get_device_data       : No context for object [ffff88040d823a78]
[   85.795896]      scan-1141 get_device_data       : No context for object [ffff88040d823aa0]
[   85.796093]      scan-1141 get_device_data       : No context for object [ffff88040d823ac8]
[   85.796290]      scan-1141 get_device_data       : No context for object [ffff88040d823af0]
[   85.796488]      scan-1141 get_device_data       : No context for object [ffff88040d823b18]
[   85.796687]     utils-0051 util_eval_error       : Evaluate [\_SB_.PCI0.PB4_._STA]: AE_NOT_FOUND
[   85.796915] device: 'device:09': device_add
[   85.796975] bus: 'acpi': add device device:09
[   85.797050]     utils-0051 util_eval_error       : Evaluate [\_SB_.PCI0.PB4_._SUN]: AE_NOT_FOUND
[   85.797254]      scan-1933 add_single_object     : Added device:09 [\_SB_.PCI0.PB4_] parent PNP0A08:00
[   85.797456]      scan-1141 get_device_data       : No context for object [ffff88040d823b40]
[   85.797641]      scan-1141 get_device_data       : No context for object [ffff88040d823b68]
[   85.798862]      scan-1141 get_device_data       : No context for object [ffff88040d823b90]
[   85.799059]      scan-1141 get_device_data       : No context for object [ffff88040d823bb8]
[   85.799256]      scan-1141 get_device_data       : No context for object [ffff88040d823be0]
[   85.799454]      scan-1141 get_device_data       : No context for object [ffff88040d823c08]
[   85.799641]      scan-1141 get_device_data       : No context for object [ffff88040d823c30]
[   85.799839]      scan-1141 get_device_data       : No context for object [ffff88040d823c58]
[   85.800036]      scan-1141 get_device_data       : No context for object [ffff88040d823c80]
[   85.800233]      scan-1141 get_device_data       : No context for object [ffff88040d823ca8]
[   85.800431]      scan-1141 get_device_data       : No context for object [ffff88040d823cd0]
[   85.800583]      scan-1141 get_device_data       : No context for object [ffff88040d823cf8]
[   85.800759]      scan-1141 get_device_data       : No context for object [ffff88040d823d20]
[   85.800956]      scan-1141 get_device_data       : No context for object [ffff88040d823d48]
[   85.801149]      scan-1141 get_device_data       : No context for object [ffff88040d823d70]
[   85.801344]      scan-1141 get_device_data       : No context for object [ffff88040d823d98]
[   85.801521]      scan-1141 get_device_data       : No context for object [ffff88040d823dc0]
[   85.801716]      scan-1141 get_device_data       : No context for object [ffff88040d823de8]
[   85.801910]      scan-1141 get_device_data       : No context for object [ffff88040d823e10]
[   85.802105]      scan-1141 get_device_data       : No context for object [ffff88040d823e38]
[   85.802301]      scan-1141 get_device_data       : No context for object [ffff88040d823e60]
[   85.802496]      scan-1141 get_device_data       : No context for object [ffff88040d823e88]
[   85.802691]      scan-1141 get_device_data       : No context for object [ffff88040d823eb0]
[   85.802886]      scan-1141 get_device_data       : No context for object [ffff88040d823ed8]
[   85.803080]      scan-1141 get_device_data       : No context for object [ffff88040d823f00]
[   85.803275]      scan-1141 get_device_data       : No context for object [ffff88040d823f28]
[   85.803471]      scan-1141 get_device_data       : No context for object [ffff88040d823f50]
[   85.803667]      scan-1141 get_device_data       : No context for object [ffff88040d823f78]
[   85.803862]      scan-1141 get_device_data       : No context for object [ffff88040d823fa0]
[   85.804056]      scan-1141 get_device_data       : No context for object [ffff88040d823fc8]
[   85.804250]      scan-1141 get_device_data       : No context for object [ffff88040d825000]
[   85.804447]     utils-0051 util_eval_error       : Evaluate [\_SB_.PCI0.PB4_.XPDV._STA]: AE_NOT_FOUND
[   85.804668] device: 'device:0a': device_add
[   85.804730] bus: 'acpi': add device device:0a
[   85.804806]     utils-0051 util_eval_error       : Evaluate [\_SB_.PCI0.PB4_.XPDV._SUN]: AE_NOT_FOUND
[   85.805008]      scan-1933 add_single_object     : Added device:0a [\_SB_.PCI0.PB4_.XPDV] parent device:09
[   85.805208]      scan-1141 get_device_data       : No context for object [ffff88040d825028]
[   85.805405]      scan-1141 get_device_data       : No context for object [ffff88040d825050]
[   85.805560]      scan-1141 get_device_data       : No context for object [ffff88040d825078]
[   85.805737]      scan-1141 get_device_data       : No context for object [ffff88040d8250a0]
[   85.805934]      scan-1141 get_device_data       : No context for object [ffff88040d8250c8]
[   85.806131]      scan-1141 get_device_data       : No context for object [ffff88040d837500]
[   85.806328]      scan-1141 get_device_data       : No context for object [ffff88040d8250f0]
[   85.806505]      scan-1141 get_device_data       : No context for object [ffff88040d825118]
[   85.806704]     utils-0051 util_eval_error       : Evaluate [\_SB_.PCI0.PB5_._STA]: AE_NOT_FOUND
[   85.806999] device: 'device:0b': device_add
[   85.807062] bus: 'acpi': add device device:0b
[   85.807136]     utils-0051 util_eval_error       : Evaluate [\_SB_.PCI0.PB5_._SUN]: AE_NOT_FOUND
[   85.807340]      scan-1933 add_single_object     : Added device:0b [\_SB_.PCI0.PB5_] parent PNP0A08:00
[   85.807521]      scan-1141 get_device_data       : No context for object [ffff88040d825140]
[   85.807718]      scan-1141 get_device_data       : No context for object [ffff88040d825168]
[   85.807915]      scan-1141 get_device_data       : No context for object [ffff88040d825190]
[   85.808112]      scan-1141 get_device_data       : No context for object [ffff88040d8251b8]
[   85.808309]      scan-1141 get_device_data       : No context for object [ffff88040d8251e0]
[   85.808502]      scan-1141 get_device_data       : No context for object [ffff88040d825208]
[   85.808699]      scan-1141 get_device_data       : No context for object [ffff88040d825230]
[   85.808900]      scan-1141 get_device_data       : No context for object [ffff88040d825258]
[   85.809097]      scan-1141 get_device_data       : No context for object [ffff88040d825280]
[   85.809294]      scan-1141 get_device_data       : No context for object [ffff88040d8252a8]
[   85.809491]      scan-1141 get_device_data       : No context for object [ffff88040d8252d0]
[   85.809689]      scan-1141 get_device_data       : No context for object [ffff88040d8252f8]
[   85.809886]      scan-1141 get_device_data       : No context for object [ffff88040d825320]
[   85.810084]      scan-1141 get_device_data       : No context for object [ffff88040d825348]
[   85.810281]      scan-1141 get_device_data       : No context for object [ffff88040d825370]
[   85.810479]      scan-1141 get_device_data       : No context for object [ffff88040d825398]
[   85.810677]      scan-1141 get_device_data       : No context for object [ffff88040d8253c0]
[   85.810874]      scan-1141 get_device_data       : No context for object [ffff88040d8253e8]
[   85.811072]      scan-1141 get_device_data       : No context for object [ffff88040d825410]
[   85.811269]      scan-1141 get_device_data       : No context for object [ffff88040d825438]
[   85.811467]      scan-1141 get_device_data       : No context for object [ffff88040d825460]
[   85.811645]      scan-1141 get_device_data       : No context for object [ffff88040d825488]
[   85.811843]      scan-1141 get_device_data       : No context for object [ffff88040d8254b0]
[   85.812040]      scan-1141 get_device_data       : No context for object [ffff88040d8254d8]
[   85.812239]      scan-1141 get_device_data       : No context for object [ffff88040d825500]
[   85.812436]      scan-1141 get_device_data       : No context for object [ffff88040d825528]
[   85.812587]      scan-1141 get_device_data       : No context for object [ffff88040d825550]
[   85.812759]      scan-1141 get_device_data       : No context for object [ffff88040d825578]
[   85.812957]      scan-1141 get_device_data       : No context for object [ffff88040d8255a0]
[   85.813155]      scan-1141 get_device_data       : No context for object [ffff88040d8255c8]
[   85.813352]      scan-1141 get_device_data       : No context for object [ffff88040d8255f0]
[   85.813530]     utils-0051 util_eval_error       : Evaluate [\_SB_.PCI0.PB5_.XPDV._STA]: AE_NOT_FOUND
[   85.813764] device: 'device:0c': device_add
[   85.813826] bus: 'acpi': add device device:0c
[   85.813901]     utils-0051 util_eval_error       : Evaluate [\_SB_.PCI0.PB5_.XPDV._SUN]: AE_NOT_FOUND
[   85.814106]      scan-1933 add_single_object     : Added device:0c [\_SB_.PCI0.PB5_.XPDV] parent device:0b
[   85.814308]      scan-1141 get_device_data       : No context for object [ffff88040d825618]
[   85.814504]      scan-1141 get_device_data       : No context for object [ffff88040d825640]
[   85.814702]      scan-1141 get_device_data       : No context for object [ffff88040d825668]
[   85.814899]      scan-1141 get_device_data       : No context for object [ffff88040d825690]
[   85.815097]      scan-1141 get_device_data       : No context for object [ffff88040d8256b8]
[   85.815294]      scan-1141 get_device_data       : No context for object [ffff88040d837528]
[   85.815491]      scan-1141 get_device_data       : No context for object [ffff88040d8256e0]
[   85.815692]      scan-1141 get_device_data       : No context for object [ffff88040d825708]
[   85.815891]     utils-0051 util_eval_error       : Evaluate [\_SB_.PCI0.PB6_._STA]: AE_NOT_FOUND
[   85.816186] device: 'device:0d': device_add
[   85.817317] bus: 'acpi': add device device:0d
[   85.817392]     utils-0051 util_eval_error       : Evaluate [\_SB_.PCI0.PB6_._SUN]: AE_NOT_FOUND
[   85.817576]      scan-1933 add_single_object     : Added device:0d [\_SB_.PCI0.PB6_] parent PNP0A08:00
[   85.817776]      scan-1141 get_device_data       : No context for object [ffff88040d825730]
[   85.817971]      scan-1141 get_device_data       : No context for object [ffff88040d825758]
[   85.818166]      scan-1141 get_device_data       : No context for object [ffff88040d825780]
[   85.818360]      scan-1141 get_device_data       : No context for object [ffff88040d8257a8]
[   85.818537]      scan-1141 get_device_data       : No context for object [ffff88040d8257d0]
[   85.818731]      scan-1141 get_device_data       : No context for object [ffff88040d8257f8]
[   85.818929]      scan-1141 get_device_data       : No context for object [ffff88040d825820]
[   85.819124]      scan-1141 get_device_data       : No context for object [ffff88040d825848]
[   85.819318]      scan-1141 get_device_data       : No context for object [ffff88040d825870]
[   85.819506]      scan-1141 get_device_data       : No context for object [ffff88040d825898]
[   85.819700]      scan-1141 get_device_data       : No context for object [ffff88040d8258c0]
[   85.819894]      scan-1141 get_device_data       : No context for object [ffff88040d8258e8]
[   85.820090]      scan-1141 get_device_data       : No context for object [ffff88040d825910]
[   85.820284]      scan-1141 get_device_data       : No context for object [ffff88040d825938]
[   85.820478]      scan-1141 get_device_data       : No context for object [ffff88040d825960]
[   85.820672]      scan-1141 get_device_data       : No context for object [ffff88040d825988]
[   85.820866]      scan-1141 get_device_data       : No context for object [ffff88040d8259b0]
[   85.821061]      scan-1141 get_device_data       : No context for object [ffff88040d8259d8]
[   85.821257]      scan-1141 get_device_data       : No context for object [ffff88040d825a00]
[   85.821452]      scan-1141 get_device_data       : No context for object [ffff88040d825a28]
[   85.821601]      scan-1141 get_device_data       : No context for object [ffff88040d825a50]
[   85.821778]      scan-1141 get_device_data       : No context for object [ffff88040d825a78]
[   85.821972]      scan-1141 get_device_data       : No context for object [ffff88040d825aa0]
[   85.822171]      scan-1141 get_device_data       : No context for object [ffff88040d825ac8]
[   85.822368]      scan-1141 get_device_data       : No context for object [ffff88040d825af0]
[   85.822545]      scan-1141 get_device_data       : No context for object [ffff88040d825b18]
[   85.822742]      scan-1141 get_device_data       : No context for object [ffff88040d825b40]
[   85.822939]      scan-1141 get_device_data       : No context for object [ffff88040d825b68]
[   85.823136]      scan-1141 get_device_data       : No context for object [ffff88040d825b90]
[   85.823333]      scan-1141 get_device_data       : No context for object [ffff88040d825bb8]
[   85.823511]      scan-1141 get_device_data       : No context for object [ffff88040d825be0]
[   85.823710]     utils-0051 util_eval_error       : Evaluate [\_SB_.PCI0.PB6_.XPDV._STA]: AE_NOT_FOUND
[   85.823943] device: 'device:0e': device_add
[   85.824006] bus: 'acpi': add device device:0e
[   85.824080]     utils-0051 util_eval_error       : Evaluate [\_SB_.PCI0.PB6_.XPDV._SUN]: AE_NOT_FOUND
[   85.824285]      scan-1933 add_single_object     : Added device:0e [\_SB_.PCI0.PB6_.XPDV] parent device:0d
[   85.824487]      scan-1141 get_device_data       : No context for object [ffff88040d825c08]
[   85.824686]      scan-1141 get_device_data       : No context for object [ffff88040d825c30]
[   85.824883]      scan-1141 get_device_data       : No context for object [ffff88040d825c58]
[   85.825081]      scan-1141 get_device_data       : No context for object [ffff88040d825c80]
[   85.825278]      scan-1141 get_device_data       : No context for object [ffff88040d825ca8]
[   85.825476]      scan-1141 get_device_data       : No context for object [ffff88040d837550]
[   85.825656]      scan-1141 get_device_data       : No context for object [ffff88040d825cd0]
[   85.825853]      scan-1141 get_device_data       : No context for object [ffff88040d825cf8]
[   85.826052]     utils-0051 util_eval_error       : Evaluate [\_SB_.PCI0.PB7_._STA]: AE_NOT_FOUND
[   85.826346] device: 'device:0f': device_add
[   85.826409] bus: 'acpi': add device device:0f
[   85.826485]     utils-0051 util_eval_error       : Evaluate [\_SB_.PCI0.PB7_._SUN]: AE_NOT_FOUND
[   85.826670]      scan-1933 add_single_object     : Added device:0f [\_SB_.PCI0.PB7_] parent PNP0A08:00
[   85.826872]      scan-1141 get_device_data       : No context for object [ffff88040d825d20]
[   85.827069]      scan-1141 get_device_data       : No context for object [ffff88040d825d48]
[   85.827266]      scan-1141 get_device_data       : No context for object [ffff88040d825d70]
[   85.827464]      scan-1141 get_device_data       : No context for object [ffff88040d825d98]
[   85.827650]      scan-1141 get_device_data       : No context for object [ffff88040d825dc0]
[   85.827847]      scan-1141 get_device_data       : No context for object [ffff88040d825de8]
[   85.828045]      scan-1141 get_device_data       : No context for object [ffff88040d825e10]
[   85.828242]      scan-1141 get_device_data       : No context for object [ffff88040d825e38]
[   85.828436]      scan-1141 get_device_data       : No context for object [ffff88040d825e60]
[   85.828588]      scan-1141 get_device_data       : No context for object [ffff88040d825e88]
[   85.828765]      scan-1141 get_device_data       : No context for object [ffff88040d825eb0]
[   85.828966]      scan-1141 get_device_data       : No context for object [ffff88040d825ed8]
[   85.829164]      scan-1141 get_device_data       : No context for object [ffff88040d825f00]
[   85.829361]      scan-1141 get_device_data       : No context for object [ffff88040d825f28]
[   85.829538]      scan-1141 get_device_data       : No context for object [ffff88040d825f50]
[   85.829736]      scan-1141 get_device_data       : No context for object [ffff88040d825f78]
[   85.829933]      scan-1141 get_device_data       : No context for object [ffff88040d825fa0]
[   85.830130]      scan-1141 get_device_data       : No context for object [ffff88040d825fc8]
[   85.830327]      scan-1141 get_device_data       : No context for object [ffff88040d827000]
[   85.830509]      scan-1141 get_device_data       : No context for object [ffff88040d827028]
[   85.830706]      scan-1141 get_device_data       : No context for object [ffff88040d827050]
[   85.830904]      scan-1141 get_device_data       : No context for object [ffff88040d827078]
[   85.831101]      scan-1141 get_device_data       : No context for object [ffff88040d8270a0]
[   85.831299]      scan-1141 get_device_data       : No context for object [ffff88040d8270c8]
[   85.831496]      scan-1141 get_device_data       : No context for object [ffff88040d8270f0]
[   85.831694]      scan-1141 get_device_data       : No context for object [ffff88040d827118]
[   85.831891]      scan-1141 get_device_data       : No context for object [ffff88040d827140]
[   85.832089]      scan-1141 get_device_data       : No context for object [ffff88040d827168]
[   85.832288]      scan-1141 get_device_data       : No context for object [ffff88040d827190]
[   85.832485]      scan-1141 get_device_data       : No context for object [ffff88040d8271b8]
[   85.832682]      scan-1141 get_device_data       : No context for object [ffff88040d8271e0]
[   85.832881]     utils-0051 util_eval_error       : Evaluate [\_SB_.PCI0.PB7_.XPDV._STA]: AE_NOT_FOUND
[   85.833115] device: 'device:10': device_add
[   85.833178] bus: 'acpi': add device device:10
[   85.833253]     utils-0051 util_eval_error       : Evaluate [\_SB_.PCI0.PB7_.XPDV._SUN]: AE_NOT_FOUND
[   85.833457]      scan-1933 add_single_object     : Added device:10 [\_SB_.PCI0.PB7_.XPDV] parent device:0f
[   85.833612]      scan-1141 get_device_data       : No context for object [ffff88040d827208]
[   85.833790]      scan-1141 get_device_data       : No context for object [ffff88040d827230]
[   85.833987]      scan-1141 get_device_data       : No context for object [ffff88040d827258]
[   85.834184]      scan-1141 get_device_data       : No context for object [ffff88040d827280]
[   85.834381]      scan-1141 get_device_data       : No context for object [ffff88040d8272a8]
[   85.834558]      scan-1141 get_device_data       : No context for object [ffff88040d837488]
[   85.835683]      scan-1141 get_device_data       : No context for object [ffff88040d8272d0]
[   85.835877]      scan-1141 get_device_data       : No context for object [ffff88040d8272f8]
[   85.836073]     utils-0051 util_eval_error       : Evaluate [\_SB_.PCI0.OHC1._STA]: AE_NOT_FOUND
[   85.836314] device: 'device:11': device_add
[   85.836375] bus: 'acpi': add device device:11
[   85.836448]     utils-0051 util_eval_error       : Evaluate [\_SB_.PCI0.OHC1._SUN]: AE_NOT_FOUND
[   85.836604]      scan-1933 add_single_object     : Added device:11 [\_SB_.PCI0.OHC1] parent PNP0A08:00
[   85.836784]      scan-1141 get_device_data       : No context for object [ffff88040d827320]
[   85.836980]      scan-1141 get_device_data       : No context for object [ffff88040d827348]
[   85.837175]      scan-1141 get_device_data       : No context for object [ffff88040d83b2f8]
[   85.837370]     utils-0051 util_eval_error       : Evaluate [\_SB_.PCI0.OHC1.RHUB._STA]: AE_NOT_FOUND
[   85.837584] device: 'device:12': device_add
[   85.837646] bus: 'acpi': add device device:12
[   85.837721]     utils-0051 util_eval_error       : Evaluate [\_SB_.PCI0.OHC1.RHUB._SUN]: AE_NOT_FOUND
[   85.837922]      scan-1933 add_single_object     : Added device:12 [\_SB_.PCI0.OHC1.RHUB] parent device:11
[   85.838120]      scan-1141 get_device_data       : No context for object [ffff88040d83b320]
[   85.838315]      scan-1141 get_device_data       : No context for object [ffff88040d83b348]
[   85.838511]     utils-0051 util_eval_error       : Evaluate [\_SB_.PCI0.OHC1.RHUB.PRT3._STA]: AE_NOT_FOUND
[   85.838741] device: 'device:13': device_add
[   85.838803] bus: 'acpi': add device device:13
[   85.838881]     utils-0051 util_eval_error       : Evaluate [\_SB_.PCI0.OHC1.RHUB.PRT3._SUN]: AE_NOT_FOUND
[   85.839086]      scan-1933 add_single_object     : Added device:13 [\_SB_.PCI0.OHC1.RHUB.PRT3] parent device:12
[   85.839288]      scan-1141 get_device_data       : No context for object [ffff88040d83b370]
[   85.839486]      scan-1141 get_device_data       : No context for object [ffff88040d83b398]
[   85.839684]      scan-1141 get_device_data       : No context for object [ffff88040d83b3c0]
[   85.839882]      scan-1141 get_device_data       : No context for object [ffff88040d83b3e8]
[   85.840080]     utils-0051 util_eval_error       : Evaluate [\_SB_.PCI0.OHC1.RHUB.PRT4._STA]: AE_NOT_FOUND
[   85.840313] device: 'device:14': device_add
[   85.840376] bus: 'acpi': add device device:14
[   85.840451]     utils-0051 util_eval_error       : Evaluate [\_SB_.PCI0.OHC1.RHUB.PRT4._SUN]: AE_NOT_FOUND
[   85.840609]      scan-1933 add_single_object     : Added device:14 [\_SB_.PCI0.OHC1.RHUB.PRT4] parent device:12
[   85.840790]      scan-1141 get_device_data       : No context for object [ffff88040d83b410]
[   85.840988]      scan-1141 get_device_data       : No context for object [ffff88040d83b438]
[   85.841185]      scan-1141 get_device_data       : No context for object [ffff88040d83b460]
[   85.841383]      scan-1141 get_device_data       : No context for object [ffff88040d827370]
[   85.841562]     utils-0051 util_eval_error       : Evaluate [\_SB_.PCI0.EHC1._STA]: AE_NOT_FOUND
[   85.841805] device: 'device:15': device_add
[   85.841868] bus: 'acpi': add device device:15
[   85.841944]     utils-0051 util_eval_error       : Evaluate [\_SB_.PCI0.EHC1._SUN]: AE_NOT_FOUND
[   85.842149]      scan-1933 add_single_object     : Added device:15 [\_SB_.PCI0.EHC1] parent PNP0A08:00
[   85.842354]      scan-1141 get_device_data       : No context for object [ffff88040d827398]
[   85.842531]      scan-1141 get_device_data       : No context for object [ffff88040d8273c0]
[   85.842728]      scan-1141 get_device_data       : No context for object [ffff88040d83b028]
[   85.842927]     utils-0051 util_eval_error       : Evaluate [\_SB_.PCI0.EHC1.RHUB._STA]: AE_NOT_FOUND
[   85.843159] device: 'device:16': device_add
[   85.843221] bus: 'acpi': add device device:16
[   85.843296]     utils-0051 util_eval_error       : Evaluate [\_SB_.PCI0.EHC1.RHUB._SUN]: AE_NOT_FOUND
[   85.843500]      scan-1933 add_single_object     : Added device:16 [\_SB_.PCI0.EHC1.RHUB] parent device:15
[   85.843703]      scan-1141 get_device_data       : No context for object [ffff88040d83b050]
[   85.843900]      scan-1141 get_device_data       : No context for object [ffff88040d83b078]
[   85.844096]     utils-0051 util_eval_error       : Evaluate [\_SB_.PCI0.EHC1.RHUB.PRT3._STA]: AE_NOT_FOUND
[   85.844329] device: 'device:17': device_add
[   85.844392] bus: 'acpi': add device device:17
[   85.844465]     utils-0051 util_eval_error       : Evaluate [\_SB_.PCI0.EHC1.RHUB.PRT3._SUN]: AE_NOT_FOUND
[   85.844652]      scan-1933 add_single_object     : Added device:17 [\_SB_.PCI0.EHC1.RHUB.PRT3] parent device:16
[   85.844855]      scan-1141 get_device_data       : No context for object [ffff88040d83b0a0]
[   85.845052]      scan-1141 get_device_data       : No context for object [ffff88040d83b0c8]
[   85.845249]      scan-1141 get_device_data       : No context for object [ffff88040d83b0f0]
[   85.845446]      scan-1141 get_device_data       : No context for object [ffff88040d83b118]
[   85.845602]     utils-0051 util_eval_error       : Evaluate [\_SB_.PCI0.EHC1.RHUB.PRT4._STA]: AE_NOT_FOUND
[   85.845814] device: 'device:18': device_add
[   85.845877] bus: 'acpi': add device device:18
[   85.845953]     utils-0051 util_eval_error       : Evaluate [\_SB_.PCI0.EHC1.RHUB.PRT4._SUN]: AE_NOT_FOUND
[   85.846158]      scan-1933 add_single_object     : Added device:18 [\_SB_.PCI0.EHC1.RHUB.PRT4] parent device:16
[   85.846362]      scan-1141 get_device_data       : No context for object [ffff88040d83b140]
[   85.846538]      scan-1141 get_device_data       : No context for object [ffff88040d83b168]
[   85.846736]      scan-1141 get_device_data       : No context for object [ffff88040d83b190]
[   85.846934]      scan-1141 get_device_data       : No context for object [ffff88040d8273e8]
[   85.847132]     utils-0051 util_eval_error       : Evaluate [\_SB_.PCI0.OHC2._STA]: AE_NOT_FOUND
[   85.847376] device: 'device:19': device_add
[   85.847438] bus: 'acpi': add device device:19
[   85.847513]     utils-0051 util_eval_error       : Evaluate [\_SB_.PCI0.OHC2._SUN]: AE_NOT_FOUND
[   85.847696]      scan-1933 add_single_object     : Added device:19 [\_SB_.PCI0.OHC2] parent PNP0A08:00
[   85.847898]      scan-1141 get_device_data       : No context for object [ffff88040d827410]
[   85.848095]      scan-1141 get_device_data       : No context for object [ffff88040d827438]
[   85.848292]      scan-1141 get_device_data       : No context for object [ffff88040d83b488]
[   85.848490]     utils-0051 util_eval_error       : Evaluate [\_SB_.PCI0.OHC2.RHUB._STA]: AE_NOT_FOUND
[   85.848722] device: 'device:1a': device_add
[   85.848785] bus: 'acpi': add device device:1a
[   85.848863]     utils-0051 util_eval_error       : Evaluate [\_SB_.PCI0.OHC2.RHUB._SUN]: AE_NOT_FOUND
[   85.849068]      scan-1933 add_single_object     : Added device:1a [\_SB_.PCI0.OHC2.RHUB] parent device:19
[   85.849270]      scan-1141 get_device_data       : No context for object [ffff88040d83b4b0]
[   85.849468]      scan-1141 get_device_data       : No context for object [ffff88040d83b4d8]
[   85.849620]     utils-0051 util_eval_error       : Evaluate [\_SB_.PCI0.OHC2.RHUB.PRT4._STA]: AE_NOT_FOUND
[   85.849831] device: 'device:1b': device_add
[   85.849894] bus: 'acpi': add device device:1b
[   85.849971]     utils-0051 util_eval_error       : Evaluate [\_SB_.PCI0.OHC2.RHUB.PRT4._SUN]: AE_NOT_FOUND
[   85.850177]      scan-1933 add_single_object     : Added device:1b [\_SB_.PCI0.OHC2.RHUB.PRT4] parent device:1a
[   85.850378]      scan-1141 get_device_data       : No context for object [ffff88040d83b500]
[   85.850556]      scan-1141 get_device_data       : No context for object [ffff88040d83b528]
[   85.850754]      scan-1141 get_device_data       : No context for object [ffff88040d83b550]
[   85.850951]      scan-1141 get_device_data       : No context for object [ffff88040d827460]
[   85.851148]     utils-0051 util_eval_error       : Evaluate [\_SB_.PCI0.EHC2._STA]: AE_NOT_FOUND
[   85.851387] device: 'device:1c': device_add
[   85.851448] bus: 'acpi': add device device:1c
[   85.851522]     utils-0051 util_eval_error       : Evaluate [\_SB_.PCI0.EHC2._SUN]: AE_NOT_FOUND
[   85.851705]      scan-1933 add_single_object     : Added device:1c [\_SB_.PCI0.EHC2] parent PNP0A08:00
[   85.851903]      scan-1141 get_device_data       : No context for object [ffff88040d827488]
[   85.852096]      scan-1141 get_device_data       : No context for object [ffff88040d8274b0]
[   85.852296]      scan-1141 get_device_data       : No context for object [ffff88040d83b1b8]
[   85.852491]     utils-0051 util_eval_error       : Evaluate [\_SB_.PCI0.EHC2.RHUB._STA]: AE_NOT_FOUND
[   85.852721] device: 'device:1d': device_add
[   85.853754] bus: 'acpi': add device device:1d
[   85.853828]     utils-0051 util_eval_error       : Evaluate [\_SB_.PCI0.EHC2.RHUB._SUN]: AE_NOT_FOUND
[   85.854031]      scan-1933 add_single_object     : Added device:1d [\_SB_.PCI0.EHC2.RHUB] parent device:1c
