[    0.000000] Initializing cgroup subsys cpuset
[    0.000000] Initializing cgroup subsys cpu
[    0.000000] Initializing cgroup subsys cpuacct
[    0.000000] Linux version 3.17.0-rc2-gfd5984d (emacs@manji) (gcc version 4.9.1 (GCC) ) #44 SMP Sun Aug 31 14:36:06 CEST 2014
[    0.000000] Command line: BOOT_IMAGE=/vmlinuz-linux-git root=UUID=bfa4ab6e-19a3-4601-ba2b-267c55841c73 rw cryptdevice=/dev/disk/by-uuid/70c08890-417a-497d-b6ab-c0d0357a63e2:cryptManjaro:allow-discards ipv6.disable=1 pnp.debug=1 loglevel=9 log_buf_len=10M printk.always_kmsg_dump=y printk.time=y mminit_loglevel=0 memory_corruption_check=1 acpi.debug_layer=0xfbff0000 acpi.debug_level=0xFFFFFFFD pnp.debug=1 nohz=on rcu_nocbs=1-3 pcie_aspm=force fbcon=scrollback:4096k fbcon=font:ProFont6x11 radeon.audio=0 radeon.lockup_timeout=0 radeon.test=0 radeon.agpmode=-1 radeon.benchmark=0 radeon.tv=0 radeon.hard_reset=1 radeon.aspm=1 radeon.dpm=1 radeon.msi=1 radeon.pcie_gen2=-1 radeon.no_wb=1 radeon.modeset=1 radeon.dynclks=1 radeon.r4xx_atom=0 radeon.runpm=0 radeonfb radeon.fastfb=1 nomodeset
[    0.000000] KERNEL supported cpus:
[    0.000000]   AMD AuthenticAMD
[    0.000000] tseg: 00bfe00000
[    0.000000] e820: BIOS-provided physical RAM map:
[    0.000000] BIOS-e820: [mem 0x0000000000000000-0x000000000009d7ff] usable
[    0.000000] BIOS-e820: [mem 0x000000000009d800-0x000000000009ffff] reserved
[    0.000000] BIOS-e820: [mem 0x00000000000e0000-0x00000000000fffff] reserved
[    0.000000] BIOS-e820: [mem 0x0000000000100000-0x00000000bed9afff] usable
[    0.000000] BIOS-e820: [mem 0x00000000bed9b000-0x00000000bf39afff] reserved
[    0.000000] BIOS-e820: [mem 0x00000000bf39b000-0x00000000bf49afff] ACPI NVS
[    0.000000] BIOS-e820: [mem 0x00000000bf49b000-0x00000000bf51afff] ACPI data
[    0.000000] BIOS-e820: [mem 0x00000000bf51b000-0x00000000bfdfffff] usable
[    0.000000] BIOS-e820: [mem 0x00000000bfe00000-0x00000000bfffffff] reserved
[    0.000000] BIOS-e820: [mem 0x00000000fec00000-0x00000000fecfffff] reserved
[    0.000000] BIOS-e820: [mem 0x00000000fed80000-0x00000000fed80fff] reserved
[    0.000000] BIOS-e820: [mem 0x00000000ffe00000-0x00000000ffffffff] reserved
[    0.000000] BIOS-e820: [mem 0x0000000100000000-0x000000041effffff] usable
[    0.000000] NX (Execute Disable) protection: active
[    0.000000] SMBIOS 2.6 present.
[    0.000000] DMI: LENOVO Sabine/Torpedo, BIOS 54CN18WW 07/20/2011
[    0.000000] e820: update [mem 0x00000000-0x00000fff] usable ==> reserved
[    0.000000] e820: remove [mem 0x000a0000-0x000fffff] usable
[    0.000000] e820: last_pfn = 0x41f000 max_arch_pfn = 0x400000000
[    0.000000] MTRR default type: uncachable
[    0.000000] MTRR fixed ranges enabled:
[    0.000000]   00000-9FFFF write-back
[    0.000000]   A0000-BFFFF uncachable
[    0.000000]   C0000-FFFFF write-protect
[    0.000000] MTRR variable ranges enabled:
[    0.000000]   0 base 0000000000 mask FF80000000 write-back
[    0.000000]   1 base 0080000000 mask FFC0000000 write-back
[    0.000000]   2 base 00FFF90000 mask FFFFFF0000 uncachable
[    0.000000]   3 base 00FED80000 mask 0FFFFFF000 uncachable
[    0.000000]   4 disabled
[    0.000000]   5 disabled
[    0.000000]   6 disabled
[    0.000000]   7 base 00FFE00000 mask FFFFE00000 write-protect
[    0.000000] TOM2: 000000041f000000 aka 16880M
[    0.000000] mtrr: your BIOS has configured an incorrect mask, fixing it.
[    0.000000] e820: last_pfn = 0xbfe00 max_arch_pfn = 0x400000000
[    0.000000] found SMP MP-table at [mem 0x000fa8b0-0x000fa8bf] mapped at [ffff8800000fa8b0]
[    0.000000] Base memory trampoline at [ffff880000097000] 97000 size 24576
[    0.000000] Using GB pages for direct mapping
[    0.000000] init_memory_mapping: [mem 0x00000000-0x000fffff]
[    0.000000]  [mem 0x00000000-0x000fffff] page 4k
[    0.000000] BRK [0x01e17000, 0x01e17fff] PGTABLE
[    0.000000] BRK [0x01e18000, 0x01e18fff] PGTABLE
[    0.000000] BRK [0x01e19000, 0x01e19fff] PGTABLE
[    0.000000] init_memory_mapping: [mem 0x41ee00000-0x41effffff]
[    0.000000]  [mem 0x41ee00000-0x41effffff] page 2M
[    0.000000] BRK [0x01e1a000, 0x01e1afff] PGTABLE
[    0.000000] init_memory_mapping: [mem 0x41c000000-0x41edfffff]
[    0.000000]  [mem 0x41c000000-0x41edfffff] page 2M
[    0.000000] init_memory_mapping: [mem 0x400000000-0x41bffffff]
[    0.000000]  [mem 0x400000000-0x41bffffff] page 2M
[    0.000000] init_memory_mapping: [mem 0x00100000-0xbed9afff]
[    0.000000]  [mem 0x00100000-0x001fffff] page 4k
[    0.000000]  [mem 0x00200000-0x3fffffff] page 2M
[    0.000000]  [mem 0x40000000-0x7fffffff] page 1G
[    0.000000]  [mem 0x80000000-0xbebfffff] page 2M
[    0.000000]  [mem 0xbec00000-0xbed9afff] page 4k
[    0.000000] init_memory_mapping: [mem 0xbf51b000-0xbfdfffff]
[    0.000000]  [mem 0xbf51b000-0xbf5fffff] page 4k
[    0.000000]  [mem 0xbf600000-0xbfdfffff] page 2M
[    0.000000] BRK [0x01e1b000, 0x01e1bfff] PGTABLE
[    0.000000] init_memory_mapping: [mem 0x100000000-0x3ffffffff]
[    0.000000]  [mem 0x100000000-0x3ffffffff] page 1G
[    0.000000] log_buf_len: 16777216 bytes
[    0.000000] early log buf free: 2092044(99%)
[    0.000000] RAMDISK: [mem 0x3782c000-0x37c0dfff]
[    0.000000] ACPI: Early table checksum verification disabled
[    0.000000] ACPI: RSDP 0x00000000000F0110 000024 (v02 LENOVO)
[    0.000000] ACPI: XSDT 0x00000000BF51A120 000074 (v01 LENOVO CB-01    00000001 LENO 00000001)
[    0.000000] ACPI: FACP 0x00000000BF508000 0000F4 (v04 LENOVO CB-01    00000001 PTL  00000001)
[    0.000000] ACPI: DSDT 0x00000000BF50A000 00FD10 (v01 LENOVO CB-01    00001000 LENO 00000001)
[    0.000000] ACPI: FACS 0x00000000BF478000 000040
[    0.000000] ACPI: HPET 0x00000000BF507000 000038 (v01 LENOVO CB-01    00000001 PTL  00000001)
[    0.000000] ACPI: APIC 0x00000000BF506000 00007A (v02 LENOVO CB-01    00000001 PTL  00000001)
[    0.000000] ACPI: MCFG 0x00000000BF505000 00003C (v01 LENOVO CB-01    00000001 PTL  00000001)
[    0.000000] ACPI: SLIC 0x00000000BF504000 000176 (v01 LENOVO CB-01    00000001 LENO 00000001)
[    0.000000] ACPI: UEFI 0x00000000BF503000 00003E (v01 LENOVO CB-01    00000001 PTL  00000001)
[    0.000000] ACPI: UEFI 0x00000000BF502000 000042 (v01 PTL    COMBUF   00000001 PTL  00000001)
[    0.000000] ACPI: SSDT 0x00000000BF501000 000E34 (v01 AMD    POWERNOW 00000001 AMD  00000001)
[    0.000000] ACPI: SSDT 0x00000000BF4FF000 00193D (v02 AMD    ALIB     00000001 MSFT 04000000)
[    0.000000] ACPI: UEFI 0x00000000BF4FE000 00021A (v01 LENOVO CB-01    00000001 PTL  00000001)
[    0.000000] ACPI: Local APIC address 0xfee00000
[    0.000000] No NUMA configuration found
[    0.000000] Faking a node at [mem 0x0000000000000000-0x000000041effffff]
[    0.000000] Initmem setup node 0 [mem 0x00000000-0x41effffff]
[    0.000000]   NODE_DATA [mem 0x41dffa000-0x41dffdfff]
[    0.000000]  [ffffea0000000000-ffffea00107fffff] PMD -> [ffff88040de00000-ffff88041d5fffff] on node 0
[    0.000000] Zone ranges:
[    0.000000]   DMA      [mem 0x00001000-0x00ffffff]
[    0.000000]   DMA32    [mem 0x01000000-0xffffffff]
[    0.000000]   Normal   [mem 0x100000000-0x41effffff]
[    0.000000] Movable zone start for each node
[    0.000000] Early memory node ranges
[    0.000000]   node   0: [mem 0x00001000-0x0009cfff]
[    0.000000]   node   0: [mem 0x00100000-0xbed9afff]
[    0.000000]   node   0: [mem 0xbf51b000-0xbfdfffff]
[    0.000000]   node   0: [mem 0x100000000-0x41effffff]
[    0.000000] On node 0 totalpages: 4056604
[    0.000000]   DMA zone: 64 pages used for memmap
[    0.000000]   DMA zone: 21 pages reserved
[    0.000000]   DMA zone: 3996 pages, LIFO batch:0
[    0.000000]   DMA32 zone: 12186 pages used for memmap
[    0.000000]   DMA32 zone: 779904 pages, LIFO batch:31
[    0.000000]   Normal zone: 51136 pages used for memmap
[    0.000000]   Normal zone: 3272704 pages, LIFO batch:31
[    0.000000] ACPI: PM-Timer IO Port: 0x808
[    0.000000] ACPI: Local APIC address 0xfee00000
[    0.000000] ACPI: LAPIC (acpi_id[0x00] lapic_id[0x00] enabled)
[    0.000000] ACPI: LAPIC (acpi_id[0x01] lapic_id[0x01] enabled)
[    0.000000] ACPI: LAPIC (acpi_id[0x02] lapic_id[0x02] enabled)
[    0.000000] ACPI: LAPIC (acpi_id[0x03] lapic_id[0x03] enabled)
[    0.000000] ACPI: LAPIC_NMI (acpi_id[0x00] high edge lint[0x1])
[    0.000000] ACPI: LAPIC_NMI (acpi_id[0x01] high edge lint[0x1])
[    0.000000] ACPI: LAPIC_NMI (acpi_id[0x02] high edge lint[0x1])
[    0.000000] ACPI: LAPIC_NMI (acpi_id[0x03] high edge lint[0x1])
[    0.000000] ACPI: IOAPIC (id[0x02] address[0xfec00000] gsi_base[0])
[    0.000000] IOAPIC[0]: apic_id 2, version 33, address 0xfec00000, GSI 0-23
[    0.000000] ACPI: INT_SRC_OVR (bus 0 bus_irq 0 global_irq 2 dfl dfl)
[    0.000000] ACPI: IRQ0 used by override.
[    0.000000] ACPI: IRQ9 used by override.
[    0.000000] Using ACPI (MADT) for SMP configuration information
[    0.000000] ACPI: HPET id: 0x43538210 base: 0xfed00000
[    0.000000] smpboot: Allowing 4 CPUs, 0 hotplug CPUs
[    0.000000] e820: [mem 0xc0000000-0xfebfffff] available for PCI devices
[    0.000000] setup_percpu: NR_CPUS:64 nr_cpumask_bits:64 nr_cpu_ids:4 nr_node_ids:1
[    0.000000] PERCPU: Embedded 27 pages/cpu @ffff88041dc00000 s80256 r8192 d22144 u524288
[    0.000000] pcpu-alloc: s80256 r8192 d22144 u524288 alloc=1*2097152
[    0.000000] pcpu-alloc: [0] 0 1 2 3 
[    0.000000] Built 1 zonelists in Zone order, mobility grouping on.  Total pages: 3993197
[    0.000000] Policy zone: Normal
[    0.000000] Kernel command line: BOOT_IMAGE=/vmlinuz-linux-git root=UUID=bfa4ab6e-19a3-4601-ba2b-267c55841c73 rw cryptdevice=/dev/disk/by-uuid/70c08890-417a-497d-b6ab-c0d0357a63e2:cryptManjaro:allow-discards ipv6.disable=1 pnp.debug=1 loglevel=9 log_buf_len=10M printk.always_kmsg_dump=y printk.time=y mminit_loglevel=0 memory_corruption_check=1 acpi.debug_layer=0xfbff0000 acpi.debug_level=0xFFFFFFFD pnp.debug=1 nohz=on rcu_nocbs=1-3 pcie_aspm=force fbcon=scrollback:4096k fbcon=font:ProFont6x11 radeon.audio=0 radeon.lockup_timeout=0 radeon.test=0 radeon.agpmode=-1 radeon.benchmark=0 radeon.tv=0 radeon.hard_reset=1 radeon.aspm=1 radeon.dpm=1 radeon.msi=1 radeon.pcie_gen2=-1 radeon.no_wb=1 radeon.modeset=1 radeon.dynclks=1 radeon.r4xx_atom=0 radeon.runpm=0 radeonfb radeon.fastfb=1 nomodeset
[    0.000000] PCIe ASPM is forcibly enabled
[    0.000000] PID hash table entries: 4096 (order: 3, 32768 bytes)
[    0.000000] Memory: 15870900K/16226416K available (5251K kernel code, 721K rwdata, 2208K rodata, 848K init, 2588K bss, 355516K reserved)
[    0.000000] SLUB: HWalign=64, Order=0-3, MinObjects=0, CPUs=4, Nodes=1
[    0.000000] Hierarchical RCU implementation.
[    0.000000] 	RCU dyntick-idle grace-period acceleration is enabled.
[    0.000000] 	Additional per-CPU info printed with stalls.
[    0.000000] 	RCU restricting CPUs from NR_CPUS=64 to nr_cpu_ids=4.
[    0.000000] 	Offload RCU callbacks from all CPUs
[    0.000000] 	Offload RCU callbacks from CPUs: 0-3.
[    0.000000] RCU: Adjusting geometry for rcu_fanout_leaf=16, nr_cpu_ids=4
[    0.000000] NR_IRQS:4352 nr_irqs:456 0
[    0.000000] spurious 8259A interrupt: IRQ7.
[    0.000000] vgacon: allocated 4194304 bytes of memory for scrollback. CONFIG_VGACON_SOFT_SCROLLBACK_SIZE=4096
[    0.000000] Console: colour VGA+ 80x25
[    0.000000] console [tty0] enabled
[    0.000000] allocated 65011712 bytes of page_cgroup
[    0.000000] please try 'cgroup_disable=memory' option if you don't want memory cgroups
[    0.000000] hpet clockevent registered
[    0.000000] tsc: Fast TSC calibration using PIT
[    0.000000] tsc: Detected 1397.532 MHz processor
[    0.000042] Calibrating delay loop (skipped), value calculated using timer frequency.. 2796.52 BogoMIPS (lpj=4658440)
[    0.000201] pid_max: default: 32768 minimum: 301
[    0.000269] ACPI: Core revision 20140724
[    0.022453] ACPI: All ACPI Tables successfully acquired
[    0.024112] Security Framework initialized
[    0.025507] Dentry cache hash table entries: 2097152 (order: 12, 16777216 bytes)
[    0.031722] Inode-cache hash table entries: 1048576 (order: 11, 8388608 bytes)
[    0.034589] Mount-cache hash table entries: 32768 (order: 6, 262144 bytes)
[    0.034670] Mountpoint-cache hash table entries: 32768 (order: 6, 262144 bytes)
[    0.035253] Initializing cgroup subsys memory
[    0.035369] Initializing cgroup subsys devices
[    0.035433] Initializing cgroup subsys freezer
[    0.035496] Initializing cgroup subsys net_cls
[    0.035559] Initializing cgroup subsys blkio
[    0.035843] CPU: Physical Processor ID: 0
[    0.035905] CPU: Processor Core ID: 0
[    0.035966] mce: CPU supports 6 MCE banks
[    0.036035] Last level iTLB entries: 4KB 512, 2MB 16, 4MB 8
Last level dTLB entries: 4KB 1024, 2MB 128, 4MB 64, 1GB 0
[    0.036310] Freeing SMP alternatives memory: 20K (ffffffff81b8a000 - ffffffff81b8f000)
[    0.036984] ..TIMER: vector=0x30 apic1=0 pin1=2 apic2=-1 pin2=-1
[    0.070066] smpboot: CPU0: AMD A6-3400M APU with Radeon(tm) HD Graphics (fam: 12, model: 01, stepping: 00)
[    0.173944] Performance Events: AMD PMU driver.
[    0.174047] ... version:                0
[    0.174110] ... bit width:              48
[    0.174174] ... generic registers:      4
[    0.174238] ... value mask:             0000ffffffffffff
[    0.174300] ... max period:             00007fffffffffff
[    0.174363] ... fixed-purpose events:   0
[    0.174424] ... event mask:             000000000000000f
[    0.174857] MCE: In-kernel MCE decoding enabled.
[    0.175025] waiting 5 seconds before trying cpu_up
[    0.178032] NMI watchdog: enabled on all CPUs, permanently consumes one hw-PMU counter.
[    5.238247] done waiting, trying cpu_up:
[    5.238372] smpboot: ++++++++++++++++++++=_---CPU UP  1
[    5.238546] x86: Booting SMP configuration:
[    5.238611] .... node  #0, CPUs:      #1
[    5.238720] smpboot: Setting warm reset code and vector.
[    5.238845] smpboot: 1.
[    5.238906] smpboot: 2.
[    5.238966] smpboot: 3.
[    5.239027] smpboot: Asserting INIT
[    5.239088] smpboot: Waiting for send to finish...
[    5.249156] smpboot: Deasserting INIT
[    5.249263] smpboot: Waiting for send to finish...
[    5.249324] smpboot: #startup loops: 2
[    5.249385] smpboot: Sending STARTUP #1
[    5.249446] smpboot: After apic_write
[    5.152409] smpboot: CPU#1 (phys ID: 1) waiting for CALLOUT
[    5.249809] smpboot: Startup point 1
[    5.249979] smpboot: Waiting for send to finish...
[    5.250242] smpboot: Sending STARTUP #2
[    5.250314] smpboot: After apic_write
[    5.250676] smpboot: Startup point 1
[    5.250785] smpboot: Waiting for send to finish...
[    5.251049] smpboot: After Startup
[    5.251157] smpboot: Before Callout 1
[    5.251218] smpboot: After Callout 1
[    5.154002] smpboot: Stack at about ffff880407807f44
[    5.251342] smpboot: CPU1: has booted.
[    5.253413] TSC synchronization [CPU#0 -> CPU#1]:
[    5.253523] Measured 135850531 cycles TSC warp between CPUs, turning off TSC clock.
[    5.253661] tsc: Marking TSC unstable due to check_tsc_sync_source failed
[    5.253765] after cpu_up !!!!!!!!!!!!
[    5.253801] waiting 5 seconds before trying cpu_up
[   10.166664] done waiting, trying cpu_up:
[   10.166748] smpboot: ++++++++++++++++++++=_---CPU UP  2
[   10.166914]  #2
[   10.166949] smpboot: Setting warm reset code and vector.
[   10.167069] smpboot: 1.
[   10.167130] smpboot: 2.
[   10.167192] smpboot: 3.
[   10.167255] smpboot: Asserting INIT
[   10.167318] smpboot: Waiting for send to finish...
[   10.177489] smpboot: Deasserting INIT
[   10.177596] smpboot: Waiting for send to finish...
[   10.177658] smpboot: #startup loops: 2
[   10.177719] smpboot: Sending STARTUP #1
[   10.177780] smpboot: After apic_write
[   10.166667] smpboot: CPU#2 (phys ID: 2) waiting for CALLOUT
[   10.178142] smpboot: Startup point 1
[   10.178310] smpboot: Waiting for send to finish...
[   10.178573] smpboot: Sending STARTUP #2
[   10.178683] smpboot: After apic_write
[   10.179047] smpboot: Startup point 1
[   10.179156] smpboot: Waiting for send to finish...
[   10.179420] smpboot: After Startup
[   10.179527] smpboot: Before Callout 2
[   10.179589] smpboot: After Callout 2
[   10.166667] smpboot: Stack at about ffff88040780bf44
[   10.179719] smpboot: CPU2: has booted.
[   10.179813] after cpu_up !!!!!!!!!!!!
[   10.179852] waiting 5 seconds before trying cpu_up
[   15.194759] done waiting, trying cpu_up:
[   15.194945] smpboot: ++++++++++++++++++++=_---CPU UP  3
[   15.195112]  #3
[   15.195147] smpboot: Setting warm reset code and vector.
[   15.195268] smpboot: 1.
[   15.195328] smpboot: 2.
[   15.195388] smpboot: 3.
[   15.195448] smpboot: Asserting INIT
[   15.195511] smpboot: Waiting for send to finish...
[   15.205577] smpboot: Deasserting INIT
[   15.205685] smpboot: Waiting for send to finish...
[   15.205746] smpboot: #startup loops: 2
[   15.205807] smpboot: Sending STARTUP #1
[   15.205869] smpboot: After apic_write
[   15.194867] smpboot: CPU#3 (phys ID: 3) waiting for CALLOUT
[   15.206230] smpboot: Startup point 1
[   15.206404] smpboot: Waiting for send to finish...
[   15.206668] smpboot: Sending STARTUP #2
[   15.206776] smpboot: After apic_write
[   15.207137] smpboot: Startup point 1
[   15.207245] smpboot: Waiting for send to finish...
[   15.207507] smpboot: After Startup
[   15.207615] smpboot: Before Callout 3
[   15.207675] smpboot: After Callout 3
[   15.194867] smpboot: Stack at about ffff88040780ff44
[   15.207798] smpboot: CPU3: has booted.
[   15.207877] after cpu_up !!!!!!!!!!!!
[   15.207914] x86: Booted up 1 node, 4 CPUs
[   15.208030] smpboot: Boot done
[   15.208090] smpboot: Before bogomips
[   15.208150] smpboot: Total of 4 processors activated (11184.10 BogoMIPS)
[   15.208212] smpboot: Before bogocount - setting activated=1
[   15.209329] devtmpfs: initialized
[   15.209329] device: 'platform': device_add
[   15.209329] bus: 'platform': registered
[   15.210021] bus: 'cpu': registered
[   15.210082] device: 'cpu': device_add
[   15.210158] bus: 'container': registered
[   15.210220] device: 'container': device_add
[   15.210683] bus: 'workqueue': registered
[   15.210683] device: 'workqueue': device_add
[   15.210683] kworker/u8:0 (39) used greatest stack depth: 14160 bytes left
[   15.210714] atomic64_test: passed for x86-64 platform with CX8 and with SSE
[   15.210832] device class 'regulator': registering
[   15.210932] Registering platform device 'reg-dummy'. Parent at platform
[   15.210999] device: 'reg-dummy': device_add
[   15.211062] bus: 'platform': add device reg-dummy
[   15.211142] bus: 'platform': add driver reg-dummy
[   15.211207] bus: 'platform': driver_probe_device: matched device reg-dummy with driver reg-dummy
[   15.211343] bus: 'platform': really_probe: probing driver reg-dummy with device reg-dummy
[   15.211483] device: 'regulator.0': device_add
[   15.211565] regulator-dummy: no parameters
[   15.211635] driver: 'reg-dummy': driver_bound: bound to device 'reg-dummy'
[   15.211699] bus: 'platform': really_probe: bound device reg-dummy to driver reg-dummy
[   15.211938] NET: Registered protocol family 16
[   15.212325] device class 'bdi': registering
[   15.212443] bus: 'platform': add driver ramoops
[   15.213354] device class 'pci_bus': registering
[   15.213436] bus: 'pci': registered
[   15.213496] device class 'backlight': registering
[   15.213563] device class 'tty': registering
[   15.213628] device class 'vtconsole': registering
[   15.213695] device: 'vtcon0': device_add
[   15.213788] bus: 'node': registered
[   15.213850] device: 'node': device_add
[   15.213944] bus: 'i2c': registered
[   15.214006] bus: 'i2c': add driver dummy
[   15.214076] i2c-core: driver [dummy] registered
[   15.214140] cpuidle: using governor ladder
[   15.214201] cpuidle: using governor menu
[   15.214557] ACPI FADT declares the system doesn't support PCIe ASPM, so disable it
[   15.215741] ACPI: bus type PCI registered
[   15.215800] acpiphp: ACPI Hot Plug PCI Controller Driver version: 0.5
[   15.215860] device class 'dmi': registering
[   15.215924] device: 'id': device_add
[   15.216103] PCI: MMCONFIG for domain 0000 [bus 00-3f] at [mem 0xf8000000-0xfbffffff] (base 0xf8000000)
[   15.216238] PCI: not using MMCONFIG
[   15.216298] PCI: Using configuration type 1 for base access
[   15.216358] PCI: Using configuration type 1 for extended access
[   15.216604] device: 'node0': device_add
[   15.216670] bus: 'node': add device node0
[   15.216746] device: 'cpu0': device_add
[   15.216809] bus: 'cpu': add device cpu0
[   15.216908] device: 'cpu1': device_add
[   15.217017] bus: 'cpu': add device cpu1
[   15.217114] device: 'cpu2': device_add
[   15.217224] bus: 'cpu': add device cpu2
[   15.217306] device: 'cpu3': device_add
[   15.217365] bus: 'cpu': add device cpu3
[   15.236908] device: 'writeback': device_add
[   15.236908] bus: 'workqueue': add device writeback
[   15.236923] device: 'default': device_add
[   15.237080] device class 'block': registering
[   15.237080] ACPI: Added _OSI(Module Device)
[   15.237080] ACPI: Added _OSI(Processor Device)
[   15.237080] ACPI: Added _OSI(3.0 _SCP Extensions)
[   15.237080] ACPI: Added _OSI(Processor Aggregator Device)
[   15.237080] 
**** Context Switch from TID 4294967295 to TID 133431296 ****

[   15.237215]     utils-0051 util_eval_error       : Evaluate [\_SB_.PCI0.LPC0.EC0_._GLK]: AE_NOT_FOUND
[   15.237620] Executing  Method       \_SB_.PCI0.LPC0.EC0_._REG
[   15.238258] Executing  Method       \_SB_.PCI0.LPC0.EC0_._REG
[   15.238452] Executing  Method       \_SB_.PCI0.LPC0.EC0_._REG
[   15.238651] Executing  Method       \_SB_.PCI0.LPC0.EC0_._REG
[   15.241341] Initializing Region       \_SB_.OSTY
[   15.243345] Initializing Region       \_SB_.PCI0.NBMS
[   15.243345] Initializing Region       \_SB_.PCI0.NBXP
[   15.243345] Initializing Region       \_SB_.PCI0.K8ST
[   15.243345] Initializing Region       \_SB_.PCI0.BAR1
[   15.243345] Initializing Region       \_SB_.PCI0.PB2_.XPEX
[   15.243345] Initializing Region       \_SB_.PCI0.PB2_.PCFG
[   15.243345] Initializing Region       \_SB_.PCI0.PB2_.XPCB
[   15.243345] Initializing Region       \_SB_.PCI0.PB2_.XPRI
[   15.243345] Initializing Region       \_SB_.PCI0.PB2_.VGA_.PCFG
[   15.243345] Initializing Region       \_SB_.PCI0.PB2_.HDAU.PCFG
[   15.243345] Initializing Region       \_SB_.PCI0.PB3_.XPEX
[   15.243345] Initializing Region       \_SB_.PCI0.PB3_.PCFG
[   15.243345] Initializing Region       \_SB_.PCI0.PB3_.XPCB
[   15.243482] Initializing Region       \_SB_.PCI0.PB3_.XPRI
[   15.243622] Initializing Region       \_SB_.PCI0.PB3_.VGA_.PCFG
[   15.243801] Initializing Region       \_SB_.PCI0.PB3_.HDAU.PCFG
[   15.243972] Initializing Region       \_SB_.PCI0.PB4_.XPEX
[   15.244119] Initializing Region       \_SB_.PCI0.PB4_.PCFG
[   15.244267] Initializing Region       \_SB_.PCI0.PB4_.XPCB
[   15.244410] Initializing Region       \_SB_.PCI0.PB4_.XPRI
[   15.244549] Initializing Region       \_SB_.PCI0.PB4_.XPDV.PCFG
[   15.244695] Initializing Region       \_SB_.PCI0.PB5_.XPEX
[   15.244832] Initializing Region       \_SB_.PCI0.PB5_.PCFG
[   15.244969] Initializing Region       \_SB_.PCI0.PB5_.XPCB
[   15.245107] Initializing Region       \_SB_.PCI0.PB5_.XPRI
[   15.245250] Initializing Region       \_SB_.PCI0.PB5_.XPDV.PCFG
[   15.245411] Initializing Region       \_SB_.PCI0.PB6_.XPEX
[   15.245559] Initializing Region       \_SB_.PCI0.PB6_.PCFG
[   15.245701] Initializing Region       \_SB_.PCI0.PB6_.XPCB
[   15.245838] Initializing Region       \_SB_.PCI0.PB6_.XPRI
[   15.245978] Initializing Region       \_SB_.PCI0.PB6_.XPDV.PCFG
[   15.246124] Initializing Region       \_SB_.PCI0.PB7_.XPEX
[   15.246260] Initializing Region       \_SB_.PCI0.PB7_.PCFG
[   15.246397] Initializing Region       \_SB_.PCI0.PB7_.XPCB
[   15.246544] Initializing Region       \_SB_.PCI0.PB7_.XPRI
[   15.246680] Initializing Region       \_SB_.PCI0.PB7_.XPDV.PCFG
[   15.247093] Initializing Region       \_SB_.PCI0.SATC
[   15.247280] Initializing Region       \_SB_.PCI0.RMEM
[   15.247442] Initializing Region       \_SB_.PCI0.SATA.SATX
[   15.247582] Initializing Region       \_SB_.PCI0.SATA.BAR5
[   15.270219] Initializing Region       \_SB_.PCI0.SMB_.SBRV
[   15.270369] Initializing Region       \_SB_.PCI0.SMB_.PMIO
[   15.270508] Initializing Region       \_SB_.PCI0.SMB_.ERMM
[   15.270731] Initializing Region       \_SB_.PCI0.SMB_.P1E0
[   15.270925] Initializing Region       \_SB_.PCI0.SMB_.ABIO
[   15.271065] Initializing Region       \_SB_.PCI0.SMB_.SMB0
[   15.271204] Initializing Region       \_SB_.PCI0.LPC0.PIRQ
[   15.271376] Initializing Region       \_SB_.PCI0.LPC0.LPCR
[   15.271594] Initializing Region       \_SB_.PCI0.LPC0.LPCS
[   15.271785] Initializing Region       \_SB_.PCI0.LPC0.SMI0
[   15.271921] Initializing Region       \_SB_.PCI0.LPC0.SMI1
[   15.272063] Initializing Region       \_SB_.PCI0.LPC0.EC0_.ECO1
[   15.272200] Initializing Region       \_SB_.PCI0.LPC0.EC0_.ECO2
[   15.272336] Initializing Region       \_SB_.PCI0.LPC0.EC0_.ECMB
[   15.272473] Initializing Region       \_SB_.PCI0.LPC0.EC0_.RAM_
[   15.272680] Initializing Region       \_SB_.PCI0.LPC0.EC0_.CMOS
[   15.272680] Initializing Region       \_SB_.PCI0.LPC0.EC0_.VPC0.ERAM
[   15.272680] Initializing Region       \_SB_.PCI0.SPB0.PCFG
[   15.272680] Initializing Region       \_SB_.PCI0.SPB0.XPCB
[   15.272680] Initializing Region       \_SB_.PCI0.SPB0.XPDV.PCFG
[   15.272680] Initializing Region       \_SB_.PCI0.SPB1.PCFG
[   15.272680] Initializing Region       \_SB_.PCI0.SPB1.XPCB
[   15.272680] Initializing Region       \_SB_.PCI0.SPB1.XPDV.PCFG
[   15.272680] Initializing Region       \_SB_.PCI0.SPB2.PCFG
[   15.272680] Initializing Region       \_SB_.PCI0.SPB2.XPCB
[   15.272680] Initializing Region       \_SB_.PCI0.SPB2.XPDV.PCFG
[   15.272680] Initializing Region       \_SB_.PCI0.SPB3.PCFG
[   15.272680] Initializing Region       \_SB_.PCI0.SPB3.XPCB
[   15.272680] Initializing Region       \_SB_.PCI0.SPB3.XPDV.PCFG
[   15.272680] Initializing Region       \_SB_.PCI0.VGA_.REVD
[   15.272680] Initializing BufferField  \_SB_.AMW0.WLID
[   15.272875] Initializing Region       \DEB2
[   15.273049] Initializing Region       \PMIO
[   15.273175] Initializing Region       \P01_
[   15.273366] Initializing Region       \CNVS
[   15.273543] Initializing Region       \SPRT
[   15.273680] Initializing Region       \CMIO
[   15.273905] Executing  Method       \_SB_._STA
[   15.274100] Executing  Method       \_SB_._INI
[   15.274249] Executing  Method       \_SB_.PCI0._STA
[   15.274403] Executing  Method       \_SB_.PCI0._INI
[   15.274808] [Firmware Bug]: ACPI: BIOS _OSI(Linux) query ignored
[   15.275239] Executing  Method       \_SB_.PCI0.SATA._STA
[   15.275390] Executing  Method       \_SB_.PCI0.SATA._INI
[   15.276344] Executing  Method       \_SB_.PCI0.LPC0.EC0_._REG
[   15.310310] ACPI: Interpreter enabled
[   15.310404] ACPI: (supports S0 S5)
[   15.310468] ACPI: Using IOAPIC for interrupt routing
[   15.310731] PCI: MMCONFIG for domain 0000 [bus 00-3f] at [mem 0xf8000000-0xfbffffff] (base 0xf8000000)
[   15.311399] PCI: MMCONFIG at [mem 0xf8000000-0xfbffffff] reserved in ACPI motherboard resources
[   15.311647] bus: 'acpi': registered
[   15.311759] PCI: Using host bridge windows from ACPI; if necessary, use "pci=nocrs" and report a bug
[   15.311904]      scan-1141 get_device_data       : No context for object [ffffffffffffffff]
[   15.312113]     utils-0051 util_eval_error       : Evaluate [\._STA]: AE_NOT_FOUND
[   15.312307] device: 'LNXSYSTM:00': device_add
[   15.312373] bus: 'acpi': add device LNXSYSTM:00
[   15.312453]     utils-0051 util_eval_error       : Evaluate [\._SUN]: AE_NOT_FOUND
[   15.313342]      scan-1933 add_single_object     : Added LNXSYSTM:00 [\] parent (null)
[   15.313342]      scan-1141 get_device_data       : No context for object [ffff88040d81d000]
[   15.313342]      scan-1141 get_device_data       : No context for object [ffff88040d8377d0]
[   15.313342]      scan-1141 get_device_data       : No context for object [ffff88040d8377f8]
[   15.313504]      scan-1141 get_device_data       : No context for object [ffff88040d837820]
[   15.313707]      scan-1141 get_device_data       : No context for object [ffff88040d837848]
[   15.313911]      scan-1141 get_device_data       : No context for object [ffff88040d837870]
[   15.314114]      scan-1141 get_device_data       : No context for object [ffff88040d837898]
[   15.314296]      scan-1141 get_device_data       : No context for object [ffff88040d8378c0]
[   15.314502]      scan-1141 get_device_data       : No context for object [ffff88040d8378e8]
[   15.314699]      scan-1141 get_device_data       : No context for object [ffff88040d839398]
[   15.314895]      scan-1141 get_device_data       : No context for object [ffff88040d81d028]
[   15.315091]      scan-1141 get_device_data       : No context for object [ffff88040d81d168]
[   15.315293]     utils-0051 util_eval_error       : Evaluate [\_PR_.C000._STA]: AE_NOT_FOUND
[   15.315485]      scan-1141 get_device_data       : No context for object [ffff88040d81d028]
[   15.315683] device: 'LNXCPU:00': device_add
[   15.315743] bus: 'acpi': add device LNXCPU:00
[   15.315811]     utils-0051 util_eval_error       : Evaluate [\_PR_.C000._SUN]: AE_NOT_FOUND
[   15.316668]      scan-1933 add_single_object     : Added LNXCPU:00 [\_PR_.C000] parent LNXSYSTM:00
[   15.316668]      scan-1141 get_device_data       : No context for object [ffff88040d83c398]
[   15.316668]      scan-1141 get_device_data       : No context for object [ffff88040d83c3c0]
[   15.316669]      scan-1141 get_device_data       : No context for object [ffff88040d83c3e8]
[   15.316860]      scan-1141 get_device_data       : No context for object [ffff88040d83c410]
[   15.317056]      scan-1141 get_device_data       : No context for object [ffff88040d83c438]
[   15.317251]      scan-1141 get_device_data       : No context for object [ffff88040d83c460]
[   15.317427]      scan-1141 get_device_data       : No context for object [ffff88040d81d190]
[   15.317627]     utils-0051 util_eval_error       : Evaluate [\_PR_.C001._STA]: AE_NOT_FOUND
[   15.317820]      scan-1141 get_device_data       : No context for object [ffff88040d81d028]
[   15.318017] device: 'LNXCPU:01': device_add
[   15.318076] bus: 'acpi': add device LNXCPU:01
[   15.318143]     utils-0051 util_eval_error       : Evaluate [\_PR_.C001._SUN]: AE_NOT_FOUND
[   15.320004]      scan-1933 add_single_object     : Added LNXCPU:01 [\_PR_.C001] parent LNXSYSTM:00
[   15.320004]      scan-1141 get_device_data       : No context for object [ffff88040d83c488]
[   15.320004]      scan-1141 get_device_data       : No context for object [ffff88040d83c4b0]
[   15.320004]      scan-1141 get_device_data       : No context for object [ffff88040d83c4d8]
[   15.320004]      scan-1141 get_device_data       : No context for object [ffff88040d83c500]
[   15.320130]      scan-1141 get_device_data       : No context for object [ffff88040d83c528]
[   15.320303]      scan-1141 get_device_data       : No context for object [ffff88040d83c550]
[   15.320495]      scan-1141 get_device_data       : No context for object [ffff88040d81d1b8]
[   15.320688]     utils-0051 util_eval_error       : Evaluate [\_PR_.C002._STA]: AE_NOT_FOUND
[   15.320881]      scan-1141 get_device_data       : No context for object [ffff88040d81d028]
[   15.321078] device: 'LNXCPU:02': device_add
[   15.321140] bus: 'acpi': add device LNXCPU:02
[   15.321215]     utils-0051 util_eval_error       : Evaluate [\_PR_.C002._SUN]: AE_NOT_FOUND
[   15.321375]      scan-1933 add_single_object     : Added LNXCPU:02 [\_PR_.C002] parent LNXSYSTM:00
[   15.321554]      scan-1141 get_device_data       : No context for object [ffff88040d83c578]
[   15.321747]      scan-1141 get_device_data       : No context for object [ffff88040d83c5a0]
[   15.321939]      scan-1141 get_device_data       : No context for object [ffff88040d83c5c8]
[   15.322130]      scan-1141 get_device_data       : No context for object [ffff88040d83c5f0]
[   15.322303]      scan-1141 get_device_data       : No context for object [ffff88040d83c618]
[   15.322495]      scan-1141 get_device_data       : No context for object [ffff88040d83c640]
[   15.322691]      scan-1141 get_device_data       : No context for object [ffff88040d81d1e0]
[   15.322886]     utils-0051 util_eval_error       : Evaluate [\_PR_.C003._STA]: AE_NOT_FOUND
[   15.323080]      scan-1141 get_device_data       : No context for object [ffff88040d81d028]
[   15.323274] device: 'LNXCPU:03': device_add
[   15.323336] bus: 'acpi': add device LNXCPU:03
[   15.323403]     utils-0051 util_eval_error       : Evaluate [\_PR_.C003._SUN]: AE_NOT_FOUND
[   15.323600]      scan-1933 add_single_object     : Added LNXCPU:03 [\_PR_.C003] parent LNXSYSTM:00
[   15.323792]      scan-1141 get_device_data       : No context for object [ffff88040d83c668]
[   15.323982]      scan-1141 get_device_data       : No context for object [ffff88040d83c690]
[   15.324174]      scan-1141 get_device_data       : No context for object [ffff88040d83c6b8]
[   15.324350]      scan-1141 get_device_data       : No context for object [ffff88040d83c6e0]
[   15.324545]      scan-1141 get_device_data       : No context for object [ffff88040d83c708]
[   15.324736]      scan-1141 get_device_data       : No context for object [ffff88040d83c730]
[   15.324926]      scan-1141 get_device_data       : No context for object [ffff88040d81d050]
[   15.325116]     utils-0051 util_eval_error       : Evaluate [\_SB_._STA]: AE_NOT_FOUND
[   15.325319] device: 'LNXSYBUS:00': device_add
[   15.325378] bus: 'acpi': add device LNXSYBUS:00
[   15.325443]     utils-0051 util_eval_error       : Evaluate [\_SB_._SUN]: AE_NOT_FOUND
[   15.326667]      scan-1933 add_single_object     : Added LNXSYBUS:00 [\_SB_] parent LNXSYSTM:00
[   15.326667]      scan-1141 get_device_data       : No context for object [ffff88040d81d3c0]
[   15.326667]      scan-1141 get_device_data       : No context for object [ffff88040d81d3e8]
[   15.326667]      scan-1141 get_device_data       : No context for object [ffff88040d81d410]
[   15.326667]      scan-1141 get_device_data       : No context for object [ffff88040d81d438]
[   15.326667]      scan-1141 get_device_data       : No context for object [ffff88040d81d460]
[   15.326668]      scan-1141 get_device_data       : No context for object [ffff88040d81d488]
[   15.326857]      scan-1141 get_device_data       : No context for object [ffff88040d81d4b0]
[   15.327053]      scan-1141 get_device_data       : No context for object [ffff88040d81d5a0]
[   15.327229]     utils-0051 util_eval_error       : Evaluate [\_SB_.PWRB._STA]: AE_NOT_FOUND
[   15.327461] device: 'PNP0C0C:00': device_add
[   15.327523] bus: 'acpi': add device PNP0C0C:00
[   15.327592]     utils-0051 util_eval_error       : Evaluate [\_SB_.PWRB._SUN]: AE_NOT_FOUND
[   15.327791]      scan-1933 add_single_object     : Added PNP0C0C:00 [\_SB_.PWRB] parent LNXSYBUS:00
[   15.327988]      scan-1141 get_device_data       : No context for object [ffff88040d81d5c8]
[   15.328180]      scan-1141 get_device_data       : No context for object [ffff88040d81d5f0]
[   15.328355]     utils-0051 util_eval_error       : Evaluate [\_SB_.PCI0._STA]: AE_NOT_FOUND
[   15.328597] device: 'PNP0A08:00': device_add
[   15.328710] bus: 'acpi': add device PNP0A08:00
[   15.328790]     utils-0051 util_eval_error       : Evaluate [\_SB_.PCI0._SUN]: AE_NOT_FOUND
[   15.330004]      scan-1933 add_single_object     : Added PNP0A08:00 [\_SB_.PCI0] parent LNXSYBUS:00
[   15.330004]      scan-1141 get_device_data       : No context for object [ffff88040d81d618]
[   15.330004]      scan-1141 get_device_data       : No context for object [ffff88040d81d640]
[   15.330004]      scan-1141 get_device_data       : No context for object [ffff88040d81d668]
[   15.330004]      scan-1141 get_device_data       : No context for object [ffff88040d81d690]
[   15.330004]      scan-1141 get_device_data       : No context for object [ffff88040d81d6b8]
[   15.330196]      scan-1141 get_device_data       : No context for object [ffff88040d81d6e0]
[   15.330347]      scan-1141 get_device_data       : No context for object [ffff88040d81d708]
[   15.330525]      scan-1141 get_device_data       : No context for object [ffff88040d81d730]
[   15.330717]      scan-1141 get_device_data       : No context for object [ffff88040d81d758]
[   15.330909]      scan-1141 get_device_data       : No context for object [ffff88040d81d780]
[   15.331102]      scan-1141 get_device_data       : No context for object [ffff88040d81d7a8]
[   15.331274]      scan-1141 get_device_data       : No context for object [ffff88040d81d7d0]
[   15.331467]      scan-1141 get_device_data       : No context for object [ffff88040d81d7f8]
[   15.331662]      scan-1141 get_device_data       : No context for object [ffff88040d81d820]
[   15.331857]      scan-1141 get_device_data       : No context for object [ffff88040d81d848]
[   15.332052]      scan-1141 get_device_data       : No context for object [ffff88040d81d870]
[   15.332248]      scan-1141 get_device_data       : No context for object [ffff88040d81d898]
[   15.332446]      scan-1141 get_device_data       : No context for object [ffff88040d81d8c0]
[   15.332637]      scan-1141 get_device_data       : No context for object [ffff88040d81d8e8]
[   15.332830]      scan-1141 get_device_data       : No context for object [ffff88040d81d910]
[   15.333022]      scan-1141 get_device_data       : No context for object [ffff88040d81d938]
[   15.333213]      scan-1141 get_device_data       : No context for object [ffff88040d81d960]
[   15.333335]      scan-1141 get_device_data       : No context for object [ffff88040d81d988]
[   15.333509]      scan-1141 get_device_data       : No context for object [ffff88040d81d9b0]
[   15.333706]      scan-1141 get_device_data       : No context for object [ffff88040d81d9d8]
[   15.333903]      scan-1141 get_device_data       : No context for object [ffff88040d81da00]
[   15.334095]      scan-1141 get_device_data       : No context for object [ffff88040d81da28]
[   15.335246]      scan-1141 get_device_data       : No context for object [ffff88040d81da50]
[   15.335444]      scan-1141 get_device_data       : No context for object [ffff88040d81da78]
[   15.335636]      scan-1141 get_device_data       : No context for object [ffff88040d81daa0]
[   15.335828]      scan-1141 get_device_data       : No context for object [ffff88040d81dac8]
[   15.336020]      scan-1141 get_device_data       : No context for object [ffff88040d81daf0]
[   15.336212]      scan-1141 get_device_data       : No context for object [ffff88040d81db18]
[   15.336404]      scan-1141 get_device_data       : No context for object [ffff88040d81db40]
[   15.336668]      scan-1141 get_device_data       : No context for object [ffff88040d81db68]
[   15.336861]      scan-1141 get_device_data       : No context for object [ffff88040d81db90]
[   15.337059]      scan-1141 get_device_data       : No context for object [ffff88040d81dbb8]
[   15.337256]      scan-1141 get_device_data       : No context for object [ffff88040d81dbe0]
[   15.337438]      scan-1141 get_device_data       : No context for object [ffff88040d81dc08]
[   15.337630]      scan-1141 get_device_data       : No context for object [ffff88040d81dc30]
[   15.337822]      scan-1141 get_device_data       : No context for object [ffff88040d81dc58]
[   15.338014]      scan-1141 get_device_data       : No context for object [ffff88040d81dc80]
[   15.338206]      scan-1141 get_device_data       : No context for object [ffff88040d81dca8]
[   15.338358]      scan-1141 get_device_data       : No context for object [ffff88040d81dcd0]
[   15.338534]      scan-1141 get_device_data       : No context for object [ffff88040d81dcf8]
[   15.338726]      scan-1141 get_device_data       : No context for object [ffff88040d81dd20]
[   15.338924]      scan-1141 get_device_data       : No context for object [ffff88040d81dd48]
[   15.339118]      scan-1141 get_device_data       : No context for object [ffff88040d81dd70]
[   15.339297]      scan-1141 get_device_data       : No context for object [ffff88040d81dd98]
[   15.339492]      scan-1141 get_device_data       : No context for object [ffff88040d81ddc0]
[   15.339682]      scan-1141 get_device_data       : No context for object [ffff88040d81dde8]
[   15.339877]      scan-1141 get_device_data       : No context for object [ffff88040d81de10]
[   15.340001]      scan-1141 get_device_data       : No context for object [ffff88040d81de38]
[   15.340189]      scan-1141 get_device_data       : No context for object [ffff88040d81de60]
[   15.340361]      scan-1141 get_device_data       : No context for object [ffff88040d81de88]
[   15.340549]      scan-1141 get_device_data       : No context for object [ffff88040d81deb0]
[   15.340740]      scan-1141 get_device_data       : No context for object [ffff88040d81ded8]
[   15.340930]      scan-1141 get_device_data       : No context for object [ffff88040d81df00]
[   15.341121]      scan-1141 get_device_data       : No context for object [ffff88040d81df28]
[   15.341296]      scan-1141 get_device_data       : No context for object [ffff88040d81df50]
[   15.341485]      scan-1141 get_device_data       : No context for object [ffff88040d81df78]
[   15.341677]      scan-1141 get_device_data       : No context for object [ffff88040d81dfa0]
[   15.341872]      scan-1141 get_device_data       : No context for object [ffff88040d81dfc8]
[   15.342066]      scan-1141 get_device_data       : No context for object [ffff88040d822000]
[   15.342238]      scan-1141 get_device_data       : No context for object [ffff88040d822028]
[   15.342429]     utils-0051 util_eval_error       : Evaluate [\_SB_.PCI0.MEMR._STA]: AE_NOT_FOUND
[   15.342639] device: 'PNP0C02:00': device_add
[   15.342697] bus: 'acpi': add device PNP0C02:00
[   15.342763]     utils-0051 util_eval_error       : Evaluate [\_SB_.PCI0.MEMR._SUN]: AE_NOT_FOUND
[   15.343343]      scan-1933 add_single_object     : Added PNP0C02:00 [\_SB_.PCI0.MEMR] parent PNP0A08:00
[   15.343343]      scan-1141 get_device_data       : No context for object [ffff88040d822050]
[   15.343343]      scan-1141 get_device_data       : No context for object [ffff88040d822078]
[   15.343513]      scan-1141 get_device_data       : No context for object [ffff88040d8220a0]
[   15.343709]      scan-1141 get_device_data       : No context for object [ffff88040d8220c8]
[   15.343901]      scan-1141 get_device_data       : No context for object [ffff88040d8220f0]
[   15.344093]      scan-1141 get_device_data       : No context for object [ffff88040d822118]
[   15.344265]      scan-1141 get_device_data       : No context for object [ffff88040d822140]
[   15.344457]      scan-1141 get_device_data       : No context for object [ffff88040d822168]
[   15.344650]      scan-1141 get_device_data       : No context for object [ffff88040d822190]
[   15.344847]      scan-1141 get_device_data       : No context for object [ffff88040d8221b8]
[   15.345044]      scan-1141 get_device_data       : No context for object [ffff88040d8221e0]
[   15.345236]      scan-1141 get_device_data       : No context for object [ffff88040d822208]
[   15.345428]      scan-1141 get_device_data       : No context for object [ffff88040d822230]
[   15.345620]      scan-1141 get_device_data       : No context for object [ffff88040d822258]
[   15.345813]      scan-1141 get_device_data       : No context for object [ffff88040d822280]
[   15.346005]      scan-1141 get_device_data       : No context for object [ffff88040d8222a8]
[   15.346202]     utils-0051 util_eval_error       : Evaluate [\_SB_.PCI0.PB2_._STA]: AE_NOT_FOUND
[   15.346486] device: 'device:00': device_add
[   15.346549] bus: 'acpi': add device device:00
[   15.346674]     utils-0051 util_eval_error       : Evaluate [\_SB_.PCI0.PB2_._SUN]: AE_NOT_FOUND
[   15.346877]      scan-1933 add_single_object     : Added device:00 [\_SB_.PCI0.PB2_] parent PNP0A08:00
[   15.347072]      scan-1141 get_device_data       : No context for object [ffff88040d8222d0]
[   15.347264]      scan-1141 get_device_data       : No context for object [ffff88040d8222f8]
[   15.347440]      scan-1141 get_device_data       : No context for object [ffff88040d822320]
[   15.347632]      scan-1141 get_device_data       : No context for object [ffff88040d822348]
[   15.347824]      scan-1141 get_device_data       : No context for object [ffff88040d822370]
[   15.348019]      scan-1141 get_device_data       : No context for object [ffff88040d822398]
[   15.348216]      scan-1141 get_device_data       : No context for object [ffff88040d8223c0]
[   15.348365]      scan-1141 get_device_data       : No context for object [ffff88040d8223e8]
[   15.348538]      scan-1141 get_device_data       : No context for object [ffff88040d822410]
[   15.348730]      scan-1141 get_device_data       : No context for object [ffff88040d822438]
[   15.348922]      scan-1141 get_device_data       : No context for object [ffff88040d822460]
[   15.349114]      scan-1141 get_device_data       : No context for object [ffff88040d822488]
[   15.349298]      scan-1141 get_device_data       : No context for object [ffff88040d8224b0]
[   15.349493]      scan-1141 get_device_data       : No context for object [ffff88040d8224d8]
[   15.349690]      scan-1141 get_device_data       : No context for object [ffff88040d822500]
[   15.349886]      scan-1141 get_device_data       : No context for object [ffff88040d822528]
[   15.350001]      scan-1141 get_device_data       : No context for object [ffff88040d822550]
[   15.350194]      scan-1141 get_device_data       : No context for object [ffff88040d822578]
[   15.350386]      scan-1141 get_device_data       : No context for object [ffff88040d8225a0]
[   15.350579]      scan-1141 get_device_data       : No context for object [ffff88040d8225c8]
[   15.350771]      scan-1141 get_device_data       : No context for object [ffff88040d8225f0]
[   15.350969]      scan-1141 get_device_data       : No context for object [ffff88040d822618]
[   15.351166]      scan-1141 get_device_data       : No context for object [ffff88040d822640]
[   15.351311]      scan-1141 get_device_data       : No context for object [ffff88040d822668]
[   15.351483]      scan-1141 get_device_data       : No context for object [ffff88040d822690]
[   15.351677]      scan-1141 get_device_data       : No context for object [ffff88040d8226b8]
[   15.351869]      scan-1141 get_device_data       : No context for object [ffff88040d8226e0]
[   15.352061]      scan-1141 get_device_data       : No context for object [ffff88040d822708]
[   15.353230]      scan-1141 get_device_data       : No context for object [ffff88040d822730]
[   15.353493]      scan-1141 get_device_data       : No context for object [ffff88040d822758]
[   15.353685]      scan-1141 get_device_data       : No context for object [ffff88040d822780]
[   15.353882]     utils-0051 util_eval_error       : Evaluate [\_SB_.PCI0.PB2_.VGA_._STA]: AE_NOT_FOUND
[   15.354106] device: 'device:01': device_add
[   15.354165] bus: 'acpi': add device device:01
[   15.354239]     utils-0051 util_eval_error       : Evaluate [\_SB_.PCI0.PB2_.VGA_._SUN]: AE_NOT_FOUND
[   15.354433]      scan-1933 add_single_object     : Added device:01 [\_SB_.PCI0.PB2_.VGA_] parent device:00
[   15.354635]      scan-1141 get_device_data       : No context for object [ffff88040d8227a8]
[   15.354826]      scan-1141 get_device_data       : No context for object [ffff88040d8227d0]
[   15.355019]      scan-1141 get_device_data       : No context for object [ffff88040d8227f8]
[   15.355211]      scan-1141 get_device_data       : No context for object [ffff88040d822820]
[   15.355357]      scan-1141 get_device_data       : No context for object [ffff88040d822848]
[   15.355530]      scan-1141 get_device_data       : No context for object [ffff88040d822870]
[   15.355724]      scan-1141 get_device_data       : No context for object [ffff88040d822898]
[   15.355922]      scan-1141 get_device_data       : No context for object [ffff88040d8228c0]
[   15.356119]      scan-1141 get_device_data       : No context for object [ffff88040d8228e8]
[   15.356291]      scan-1141 get_device_data       : No context for object [ffff88040d822910]
[   15.356481]      scan-1141 get_device_data       : No context for object [ffff88040d822938]
[   15.356668]      scan-1141 get_device_data       : No context for object [ffff88040d822960]
[   15.356857]      scan-1141 get_device_data       : No context for object [ffff88040d822988]
[   15.357046]      scan-1141 get_device_data       : No context for object [ffff88040d8229b0]
[   15.357239]      scan-1141 get_device_data       : No context for object [ffff88040d8229d8]
[   15.357384]      scan-1141 get_device_data       : No context for object [ffff88040d822a00]
[   15.357557]      scan-1141 get_device_data       : No context for object [ffff88040d822a28]
[   15.357749]      scan-1141 get_device_data       : No context for object [ffff88040d822a50]
[   15.357944]      scan-1141 get_device_data       : No context for object [ffff88040d822a78]
[   15.358137]      scan-1141 get_device_data       : No context for object [ffff88040d822aa0]
[   15.358309]      scan-1141 get_device_data       : No context for object [ffff88040d822ac8]
[   15.358499]      scan-1141 get_device_data       : No context for object [ffff88040d822af0]
[   15.358689]      scan-1141 get_device_data       : No context for object [ffff88040d822b18]
[   15.358878]      scan-1141 get_device_data       : No context for object [ffff88040d822b40]
[   15.359067]      scan-1141 get_device_data       : No context for object [ffff88040d822b68]
[   15.359259]      scan-1141 get_device_data       : No context for object [ffff88040d822b90]
[   15.359448]      scan-1141 get_device_data       : No context for object [ffff88040d822bb8]
[   15.359643]      scan-1141 get_device_data       : No context for object [ffff88040d822be0]
[   15.359837]      scan-1141 get_device_data       : No context for object [ffff88040d822c08]
[   15.360001]      scan-1141 get_device_data       : No context for object [ffff88040d822c30]
[   15.360189]      scan-1141 get_device_data       : No context for object [ffff88040d822c58]
[   15.360333]      scan-1141 get_device_data       : No context for object [ffff88040d822c80]
[   15.360505]      scan-1141 get_device_data       : No context for object [ffff88040d822ca8]
[   15.360697]      scan-1141 get_device_data       : No context for object [ffff88040d822cd0]
[   15.360890]      scan-1141 get_device_data       : No context for object [ffff88040d822cf8]
[   15.361087]      scan-1141 get_device_data       : No context for object [ffff88040d822d20]
[   15.361264]      scan-1141 get_device_data       : No context for object [ffff88040d822d48]
[   15.361456]      scan-1141 get_device_data       : No context for object [ffff88040d822d70]
[   15.361649]      scan-1141 get_device_data       : No context for object [ffff88040d822d98]
[   15.361841]      scan-1141 get_device_data       : No context for object [ffff88040d837438]
[   15.362034]      scan-1141 get_device_data       : No context for object [ffff88040d822dc0]
[   15.362227]     utils-0051 util_eval_error       : Evaluate [\_SB_.PCI0.PB2_.HDAU._STA]: AE_NOT_FOUND
[   15.362438] device: 'device:02': device_add
[   15.362499] bus: 'acpi': add device device:02
[   15.362565]     utils-0051 util_eval_error       : Evaluate [\_SB_.PCI0.PB2_.HDAU._SUN]: AE_NOT_FOUND
[   15.363344]      scan-1933 add_single_object     : Added device:02 [\_SB_.PCI0.PB2_.HDAU] parent device:00
[   15.363344]      scan-1141 get_device_data       : No context for object [ffff88040d822de8]
[   15.363344]      scan-1141 get_device_data       : No context for object [ffff88040d822e10]
[   15.363344]      scan-1141 get_device_data       : No context for object [ffff88040d822e38]
[   15.363527]      scan-1141 get_device_data       : No context for object [ffff88040d822e60]
[   15.363719]      scan-1141 get_device_data       : No context for object [ffff88040d822e88]
[   15.363911]      scan-1141 get_device_data       : No context for object [ffff88040d822eb0]
[   15.364103]      scan-1141 get_device_data       : No context for object [ffff88040d822ed8]
[   15.364279]     utils-0051 util_eval_error       : Evaluate [\_SB_.PCI0.PB3_._STA]: AE_NOT_FOUND
[   15.364573] device: 'device:03': device_add
[   15.364636] bus: 'acpi': add device device:03
[   15.364705]     utils-0051 util_eval_error       : Evaluate [\_SB_.PCI0.PB3_._SUN]: AE_NOT_FOUND
[   15.364903]      scan-1933 add_single_object     : Added device:03 [\_SB_.PCI0.PB3_] parent PNP0A08:00
[   15.365098]      scan-1141 get_device_data       : No context for object [ffff88040d822f00]
[   15.365273]      scan-1141 get_device_data       : No context for object [ffff88040d822f28]
[   15.365465]      scan-1141 get_device_data       : No context for object [ffff88040d822f50]
[   15.365660]      scan-1141 get_device_data       : No context for object [ffff88040d822f78]
[   15.365854]      scan-1141 get_device_data       : No context for object [ffff88040d822fa0]
[   15.366050]      scan-1141 get_device_data       : No context for object [ffff88040d822fc8]
[   15.366245]      scan-1141 get_device_data       : No context for object [ffff88040d823000]
[   15.366442]      scan-1141 get_device_data       : No context for object [ffff88040d823028]
[   15.366668]      scan-1141 get_device_data       : No context for object [ffff88040d823050]
[   15.366860]      scan-1141 get_device_data       : No context for object [ffff88040d823078]
[   15.367053]      scan-1141 get_device_data       : No context for object [ffff88040d8230a0]
[   15.367245]      scan-1141 get_device_data       : No context for object [ffff88040d8230c8]
[   15.367391]      scan-1141 get_device_data       : No context for object [ffff88040d8230f0]
[   15.367564]      scan-1141 get_device_data       : No context for object [ffff88040d823118]
[   15.367759]      scan-1141 get_device_data       : No context for object [ffff88040d823140]
[   15.367956]      scan-1141 get_device_data       : No context for object [ffff88040d823168]
[   15.368151]      scan-1141 get_device_data       : No context for object [ffff88040d823190]
[   15.368323]      scan-1141 get_device_data       : No context for object [ffff88040d8231b8]
[   15.368515]      scan-1141 get_device_data       : No context for object [ffff88040d8231e0]
[   15.368706]      scan-1141 get_device_data       : No context for object [ffff88040d823208]
[   15.368898]      scan-1141 get_device_data       : No context for object [ffff88040d823230]
[   15.369090]      scan-1141 get_device_data       : No context for object [ffff88040d823258]
[   15.369288]      scan-1141 get_device_data       : No context for object [ffff88040d823280]
[   15.369485]      scan-1141 get_device_data       : No context for object [ffff88040d8232a8]
[   15.369677]      scan-1141 get_device_data       : No context for object [ffff88040d8232d0]
[   15.369869]      scan-1141 get_device_data       : No context for object [ffff88040d8232f8]
[   15.370001]      scan-1141 get_device_data       : No context for object [ffff88040d823320]
[   15.371202]      scan-1141 get_device_data       : No context for object [ffff88040d823348]
[   15.371394]      scan-1141 get_device_data       : No context for object [ffff88040d823370]
[   15.371585]      scan-1141 get_device_data       : No context for object [ffff88040d823398]
[   15.371777]      scan-1141 get_device_data       : No context for object [ffff88040d8233c0]
[   15.371970]     utils-0051 util_eval_error       : Evaluate [\_SB_.PCI0.PB3_.VGA_._STA]: AE_NOT_FOUND
[   15.372200]     video-0058 backlight_cap_match   : Found generic backlight support
[   15.372383] device: 'LNXVIDEO:00': device_add
[   15.372442] bus: 'acpi': add device LNXVIDEO:00
[   15.372511]     utils-0051 util_eval_error       : Evaluate [\_SB_.PCI0.PB3_.VGA_._SUN]: AE_NOT_FOUND
[   15.373347]      scan-1933 add_single_object     : Added LNXVIDEO:00 [\_SB_.PCI0.PB3_.VGA_] parent device:03
[   15.373347]      scan-1141 get_device_data       : No context for object [ffff88040d8233e8]
[   15.373347]      scan-1141 get_device_data       : No context for object [ffff88040d823410]
[   15.373347]      scan-1141 get_device_data       : No context for object [ffff88040d823438]
[   15.373530]      scan-1141 get_device_data       : No context for object [ffff88040d823460]
[   15.373721]      scan-1141 get_device_data       : No context for object [ffff88040d823488]
[   15.373910]      scan-1141 get_device_data       : No context for object [ffff88040d8234b0]
[   15.374105]      scan-1141 get_device_data       : No context for object [ffff88040d8234d8]
[   15.374296]      scan-1141 get_device_data       : No context for object [ffff88040d823500]
[   15.374490]      scan-1141 get_device_data       : No context for object [ffff88040d823528]
[   15.374679]      scan-1141 get_device_data       : No context for object [ffff88040d823550]
[   15.374871]      scan-1141 get_device_data       : No context for object [ffff88040d823578]
[   15.375067]      scan-1141 get_device_data       : No context for object [ffff88040d8235a0]
[   15.375260]      scan-1141 get_device_data       : No context for object [ffff88040d8235c8]
[   15.375436]      scan-1141 get_device_data       : No context for object [ffff88040d8235f0]
[   15.375626]      scan-1141 get_device_data       : No context for object [ffff88040d823618]
[   15.375815]      scan-1141 get_device_data       : No context for object [ffff88040d823640]
[   15.376003]      scan-1141 get_device_data       : No context for object [ffff88040d823668]
[   15.376193]      scan-1141 get_device_data       : No context for object [ffff88040d823690]
[   15.376368]      scan-1141 get_device_data       : No context for object [ffff88040d8236b8]
[   15.376564]      scan-1141 get_device_data       : No context for object [ffff88040d8236e0]
[   15.376668]      scan-1141 get_device_data       : No context for object [ffff88040d823708]
[   15.376856]      scan-1141 get_device_data       : No context for object [ffff88040d823730]
[   15.377046]      scan-1141 get_device_data       : No context for object [ffff88040d823758]
[   15.377219]      scan-1141 get_device_data       : No context for object [ffff88040d823780]
[   15.377411]      scan-1141 get_device_data       : No context for object [ffff88040d8237a8]
[   15.377603]      scan-1141 get_device_data       : No context for object [ffff88040d8237d0]
[   15.377801]      scan-1141 get_device_data       : No context for object [ffff88040d8237f8]
[   15.378000]      scan-1141 get_device_data       : No context for object [ffff88040d823820]
[   15.378192]      scan-1141 get_device_data       : No context for object [ffff88040d823848]
[   15.378384]      scan-1141 get_device_data       : No context for object [ffff88040d823870]
[   15.378576]      scan-1141 get_device_data       : No context for object [ffff88040d823898]
[   15.378769]      scan-1141 get_device_data       : No context for object [ffff88040d8238c0]
[   15.378960]      scan-1141 get_device_data       : No context for object [ffff88040d8238e8]
[   15.379153]      scan-1141 get_device_data       : No context for object [ffff88040d823910]
[   15.379302]      scan-1141 get_device_data       : No context for object [ffff88040d823938]
[   15.379478]      scan-1141 get_device_data       : No context for object [ffff88040d823960]
[   15.379672]      scan-1141 get_device_data       : No context for object [ffff88040d823988]
[   15.379865]      scan-1141 get_device_data       : No context for object [ffff88040d8239b0]
[   15.380131]      scan-1141 get_device_data       : No context for object [ffff88040d8239d8]
[   15.380308]      scan-1141 get_device_data       : No context for object [ffff88040d837460]
[   15.380503]      scan-1141 get_device_data       : No context for object [ffff88040d83ac08]
[   15.380695]      scan-1141 get_device_data       : No context for object [ffff88040d83ac30]
[   15.380887]      scan-1141 get_device_data       : No context for object [ffff88040d83ac58]
[   15.381081]     utils-0051 util_eval_error       : Evaluate [\_SB_.PCI0.PB3_.VGA_.CRT_._STA]: AE_NOT_FOUND
[   15.381299] device: 'device:04': device_add
[   15.381361] bus: 'acpi': add device device:04
[   15.381431]     utils-0051 util_eval_error       : Evaluate [\_SB_.PCI0.PB3_.VGA_.CRT_._SUN]: AE_NOT_FOUND
[   15.381634]      scan-1933 add_single_object     : Added device:04 [\_SB_.PCI0.PB3_.VGA_.CRT_] parent LNXVIDEO:00
[   15.381832]      scan-1141 get_device_data       : No context for object [ffff88040d83ac80]
[   15.382030]      scan-1141 get_device_data       : No context for object [ffff88040d83aca8]
[   15.382227]      scan-1141 get_device_data       : No context for object [ffff88040d83acd0]
[   15.382404]      scan-1141 get_device_data       : No context for object [ffff88040d83acf8]
[   15.382597]      scan-1141 get_device_data       : No context for object [ffff88040d83ad20]
[   15.382789]     utils-0051 util_eval_error       : Evaluate [\_SB_.PCI0.PB3_.VGA_.LCD_._STA]: AE_NOT_FOUND
[   15.383011] device: 'device:05': device_add
[   15.383072] bus: 'acpi': add device device:05
[   15.383138]     utils-0051 util_eval_error       : Evaluate [\_SB_.PCI0.PB3_.VGA_.LCD_._SUN]: AE_NOT_FOUND
[   15.383344]      scan-1933 add_single_object     : Added device:05 [\_SB_.PCI0.PB3_.VGA_.LCD_] parent LNXVIDEO:00
[   15.383538]      scan-1141 get_device_data       : No context for object [ffff88040d83ad48]
[   15.383730]      scan-1141 get_device_data       : No context for object [ffff88040d83ad70]
[   15.383924]      scan-1141 get_device_data       : No context for object [ffff88040d83ad98]
[   15.384120]      scan-1141 get_device_data       : No context for object [ffff88040d83adc0]
[   15.384298]      scan-1141 get_device_data       : No context for object [ffff88040d83ade8]
[   15.384494]      scan-1141 get_device_data       : No context for object [ffff88040d83ae10]
[   15.384687]      scan-1141 get_device_data       : No context for object [ffff88040d83ae38]
[   15.384881]      scan-1141 get_device_data       : No context for object [ffff88040d83ae60]
[   15.385080]     utils-0051 util_eval_error       : Evaluate [\_SB_.PCI0.PB3_.VGA_.TV0_._STA]: AE_NOT_FOUND
[   15.385297] device: 'device:06': device_add
[   15.385357] bus: 'acpi': add device device:06
[   15.385423]     utils-0051 util_eval_error       : Evaluate [\_SB_.PCI0.PB3_.VGA_.TV0_._SUN]: AE_NOT_FOUND
[   15.385621]      scan-1933 add_single_object     : Added device:06 [\_SB_.PCI0.PB3_.VGA_.TV0_] parent LNXVIDEO:00
[   15.385817]      scan-1141 get_device_data       : No context for object [ffff88040d83ae88]
[   15.386009]      scan-1141 get_device_data       : No context for object [ffff88040d83aeb0]
[   15.386203]      scan-1141 get_device_data       : No context for object [ffff88040d83aed8]
[   15.386353]      scan-1141 get_device_data       : No context for object [ffff88040d83af00]
[   15.386525]      scan-1141 get_device_data       : No context for object [ffff88040d83af28]
[   15.386671]     utils-0051 util_eval_error       : Evaluate [\_SB_.PCI0.PB3_.VGA_.HDMI._STA]: AE_NOT_FOUND
[   15.386913] device: 'device:07': device_add
[   15.387019] bus: 'acpi': add device device:07
[   15.387088]     utils-0051 util_eval_error       : Evaluate [\_SB_.PCI0.PB3_.VGA_.HDMI._SUN]: AE_NOT_FOUND
[   15.387267]      scan-1933 add_single_object     : Added device:07 [\_SB_.PCI0.PB3_.VGA_.HDMI] parent LNXVIDEO:00
[   15.387462]      scan-1141 get_device_data       : No context for object [ffff88040d83af50]
[   15.387655]      scan-1141 get_device_data       : No context for object [ffff88040d83af78]
[   15.387847]      scan-1141 get_device_data       : No context for object [ffff88040d83afa0]
[   15.388042]      scan-1141 get_device_data       : No context for object [ffff88040d83afc8]
[   15.389236]      scan-1141 get_device_data       : No context for object [ffff88040d823a00]
[   15.389432]     utils-0051 util_eval_error       : Evaluate [\_SB_.PCI0.PB3_.HDAU._STA]: AE_NOT_FOUND
[   15.389662] device: 'device:08': device_add
[   15.389724] bus: 'acpi': add device device:08
[   15.389791]     utils-0051 util_eval_error       : Evaluate [\_SB_.PCI0.PB3_.HDAU._SUN]: AE_NOT_FOUND
[   15.390007]      scan-1933 add_single_object     : Added device:08 [\_SB_.PCI0.PB3_.HDAU] parent device:03
[   15.390199]      scan-1141 get_device_data       : No context for object [ffff88040d823a28]
[   15.390342]      scan-1141 get_device_data       : No context for object [ffff88040d823a50]
[   15.390514]      scan-1141 get_device_data       : No context for object [ffff88040d823a78]
[   15.390702]      scan-1141 get_device_data       : No context for object [ffff88040d823aa0]
[   15.390896]      scan-1141 get_device_data       : No context for object [ffff88040d823ac8]
[   15.391092]      scan-1141 get_device_data       : No context for object [ffff88040d823af0]
[   15.391268]      scan-1141 get_device_data       : No context for object [ffff88040d823b18]
[   15.391458]     utils-0051 util_eval_error       : Evaluate [\_SB_.PCI0.PB4_._STA]: AE_NOT_FOUND
[   15.391676] device: 'device:09': device_add
[   15.391734] bus: 'acpi': add device device:09
[   15.391801]     utils-0051 util_eval_error       : Evaluate [\_SB_.PCI0.PB4_._SUN]: AE_NOT_FOUND
[   15.391996]      scan-1933 add_single_object     : Added device:09 [\_SB_.PCI0.PB4_] parent PNP0A08:00
[   15.392193]      scan-1141 get_device_data       : No context for object [ffff88040d823b40]
[   15.392342]      scan-1141 get_device_data       : No context for object [ffff88040d823b68]
[   15.392518]      scan-1141 get_device_data       : No context for object [ffff88040d823b90]
[   15.392708]      scan-1141 get_device_data       : No context for object [ffff88040d823bb8]
[   15.392897]      scan-1141 get_device_data       : No context for object [ffff88040d823be0]
[   15.393087]      scan-1141 get_device_data       : No context for object [ffff88040d823c08]
[   15.393259]      scan-1141 get_device_data       : No context for object [ffff88040d823c30]
[   15.393491]      scan-1141 get_device_data       : No context for object [ffff88040d823c58]
[   15.393684]      scan-1141 get_device_data       : No context for object [ffff88040d823c80]
[   15.393876]      scan-1141 get_device_data       : No context for object [ffff88040d823ca8]
[   15.394073]      scan-1141 get_device_data       : No context for object [ffff88040d823cd0]
[   15.394270]      scan-1141 get_device_data       : No context for object [ffff88040d823cf8]
[   15.394462]      scan-1141 get_device_data       : No context for object [ffff88040d823d20]
[   15.394654]      scan-1141 get_device_data       : No context for object [ffff88040d823d48]
[   15.394846]      scan-1141 get_device_data       : No context for object [ffff88040d823d70]
[   15.395039]      scan-1141 get_device_data       : No context for object [ffff88040d823d98]
[   15.395231]      scan-1141 get_device_data       : No context for object [ffff88040d823dc0]
[   15.395379]      scan-1141 get_device_data       : No context for object [ffff88040d823de8]
[   15.395558]      scan-1141 get_device_data       : No context for object [ffff88040d823e10]
[   15.395750]      scan-1141 get_device_data       : No context for object [ffff88040d823e38]
[   15.395943]      scan-1141 get_device_data       : No context for object [ffff88040d823e60]
[   15.396137]      scan-1141 get_device_data       : No context for object [ffff88040d823e88]
[   15.396314]      scan-1141 get_device_data       : No context for object [ffff88040d823eb0]
[   15.396511]      scan-1141 get_device_data       : No context for object [ffff88040d823ed8]
[   15.396668]      scan-1141 get_device_data       : No context for object [ffff88040d823f00]
[   15.396860]      scan-1141 get_device_data       : No context for object [ffff88040d823f28]
[   15.397052]      scan-1141 get_device_data       : No context for object [ffff88040d823f50]
[   15.397244]      scan-1141 get_device_data       : No context for object [ffff88040d823f78]
[   15.397437]      scan-1141 get_device_data       : No context for object [ffff88040d823fa0]
[   15.397629]      scan-1141 get_device_data       : No context for object [ffff88040d823fc8]
[   15.397824]      scan-1141 get_device_data       : No context for object [ffff88040d825000]
[   15.398021]     utils-0051 util_eval_error       : Evaluate [\_SB_.PCI0.PB4_.XPDV._STA]: AE_NOT_FOUND
[   15.398237] device: 'device:0a': device_add
[   15.398296] bus: 'acpi': add device device:0a
[   15.398372]     utils-0051 util_eval_error       : Evaluate [\_SB_.PCI0.PB4_.XPDV._SUN]: AE_NOT_FOUND
[   15.398557]      scan-1933 add_single_object     : Added device:0a [\_SB_.PCI0.PB4_.XPDV] parent device:09
[   15.398753]      scan-1141 get_device_data       : No context for object [ffff88040d825028]
[   15.398948]      scan-1141 get_device_data       : No context for object [ffff88040d825050]
[   15.399145]      scan-1141 get_device_data       : No context for object [ffff88040d825078]
[   15.399320]      scan-1141 get_device_data       : No context for object [ffff88040d8250a0]
[   15.399513]      scan-1141 get_device_data       : No context for object [ffff88040d8250c8]
[   15.399705]      scan-1141 get_device_data       : No context for object [ffff88040d837500]
[   15.399897]      scan-1141 get_device_data       : No context for object [ffff88040d8250f0]
[   15.400128]      scan-1141 get_device_data       : No context for object [ffff88040d825118]
[   15.400302]     utils-0051 util_eval_error       : Evaluate [\_SB_.PCI0.PB5_._STA]: AE_NOT_FOUND
[   15.400596] device: 'device:0b': device_add
[   15.400659] bus: 'acpi': add device device:0b
[   15.400728]     utils-0051 util_eval_error       : Evaluate [\_SB_.PCI0.PB5_._SUN]: AE_NOT_FOUND
[   15.400926]      scan-1933 add_single_object     : Added device:0b [\_SB_.PCI0.PB5_] parent PNP0A08:00
[   15.401121]      scan-1141 get_device_data       : No context for object [ffff88040d825140]
[   15.401294]      scan-1141 get_device_data       : No context for object [ffff88040d825168]
[   15.401487]      scan-1141 get_device_data       : No context for object [ffff88040d825190]
[   15.401679]      scan-1141 get_device_data       : No context for object [ffff88040d8251b8]
[   15.401874]      scan-1141 get_device_data       : No context for object [ffff88040d8251e0]
[   15.402069]      scan-1141 get_device_data       : No context for object [ffff88040d825208]
[   15.402261]      scan-1141 get_device_data       : No context for object [ffff88040d825230]
[   15.402437]      scan-1141 get_device_data       : No context for object [ffff88040d825258]
[   15.402632]      scan-1141 get_device_data       : No context for object [ffff88040d825280]
[   15.402825]      scan-1141 get_device_data       : No context for object [ffff88040d8252a8]
[   15.403023]      scan-1141 get_device_data       : No context for object [ffff88040d8252d0]
[   15.403220]      scan-1141 get_device_data       : No context for object [ffff88040d8252f8]
[   15.403335]      scan-1141 get_device_data       : No context for object [ffff88040d825320]
[   15.403507]      scan-1141 get_device_data       : No context for object [ffff88040d825348]
[   15.403699]      scan-1141 get_device_data       : No context for object [ffff88040d825370]
[   15.403892]      scan-1141 get_device_data       : No context for object [ffff88040d825398]
[   15.404084]      scan-1141 get_device_data       : No context for object [ffff88040d8253c0]
[   15.404263]      scan-1141 get_device_data       : No context for object [ffff88040d8253e8]
[   15.404461]      scan-1141 get_device_data       : No context for object [ffff88040d825410]
[   15.404657]      scan-1141 get_device_data       : No context for object [ffff88040d825438]
[   15.404849]      scan-1141 get_device_data       : No context for object [ffff88040d825460]
[   15.405041]      scan-1141 get_device_data       : No context for object [ffff88040d825488]
[   15.405233]      scan-1141 get_device_data       : No context for object [ffff88040d8254b0]
[   15.405426]      scan-1141 get_device_data       : No context for object [ffff88040d8254d8]
[   15.405617]      scan-1141 get_device_data       : No context for object [ffff88040d825500]
[   15.405810]      scan-1141 get_device_data       : No context for object [ffff88040d825528]
[   15.406008]      scan-1141 get_device_data       : No context for object [ffff88040d825550]
[   15.406668]      scan-1141 get_device_data       : No context for object [ffff88040d825578]
[   15.406843]      scan-1141 get_device_data       : No context for object [ffff88040d8255a0]
[   15.407035]      scan-1141 get_device_data       : No context for object [ffff88040d8255c8]
[   15.407229]      scan-1141 get_device_data       : No context for object [ffff88040d8255f0]
[   15.407424]     utils-0051 util_eval_error       : Evaluate [\_SB_.PCI0.PB5_.XPDV._STA]: AE_NOT_FOUND
[   15.407650] device: 'device:0c': device_add
[   15.407712] bus: 'acpi': add device device:0c
[   15.407785]     utils-0051 util_eval_error       : Evaluate [\_SB_.PCI0.PB5_.XPDV._SUN]: AE_NOT_FOUND
[   15.407967]      scan-1933 add_single_object     : Added device:0c [\_SB_.PCI0.PB5_.XPDV] parent device:0b
[   15.408160]      scan-1141 get_device_data       : No context for object [ffff88040d825618]
[   15.408350]      scan-1141 get_device_data       : No context for object [ffff88040d825640]
[   15.408539]      scan-1141 get_device_data       : No context for object [ffff88040d825668]
[   15.408728]      scan-1141 get_device_data       : No context for object [ffff88040d825690]
[   15.408871]      scan-1141 get_device_data       : No context for object [ffff88040d8256b8]
[   15.409045]      scan-1141 get_device_data       : No context for object [ffff88040d837528]
[   15.409238]      scan-1141 get_device_data       : No context for object [ffff88040d8256e0]
[   15.409432]      scan-1141 get_device_data       : No context for object [ffff88040d825708]
[   15.410004]     utils-0051 util_eval_error       : Evaluate [\_SB_.PCI0.PB6_._STA]: AE_NOT_FOUND
[   15.410211] device: 'device:0d': device_add
[   15.410270] bus: 'acpi': add device device:0d
[   15.410337]     utils-0051 util_eval_error       : Evaluate [\_SB_.PCI0.PB6_._SUN]: AE_NOT_FOUND
[   15.410535]      scan-1933 add_single_object     : Added device:0d [\_SB_.PCI0.PB6_] parent PNP0A08:00
[   15.410729]      scan-1141 get_device_data       : No context for object [ffff88040d825730]
[   15.410921]      scan-1141 get_device_data       : No context for object [ffff88040d825758]
[   15.411119]      scan-1141 get_device_data       : No context for object [ffff88040d825780]
[   15.411270]      scan-1141 get_device_data       : No context for object [ffff88040d8257a8]
[   15.411446]      scan-1141 get_device_data       : No context for object [ffff88040d8257d0]
[   15.411638]      scan-1141 get_device_data       : No context for object [ffff88040d8257f8]
[   15.411830]      scan-1141 get_device_data       : No context for object [ffff88040d825820]
[   15.412022]      scan-1141 get_device_data       : No context for object [ffff88040d825848]
[   15.412195]      scan-1141 get_device_data       : No context for object [ffff88040d825870]
[   15.412387]      scan-1141 get_device_data       : No context for object [ffff88040d825898]
[   15.412584]      scan-1141 get_device_data       : No context for object [ffff88040d8258c0]
[   15.412778]      scan-1141 get_device_data       : No context for object [ffff88040d8258e8]
[   15.412976]      scan-1141 get_device_data       : No context for object [ffff88040d825910]
[   15.413173]      scan-1141 get_device_data       : No context for object [ffff88040d825938]
[   15.413461]      scan-1141 get_device_data       : No context for object [ffff88040d825960]
[   15.413652]      scan-1141 get_device_data       : No context for object [ffff88040d825988]
[   15.413844]      scan-1141 get_device_data       : No context for object [ffff88040d8259b0]
[   15.414037]      scan-1141 get_device_data       : No context for object [ffff88040d8259d8]
[   15.414228]      scan-1141 get_device_data       : No context for object [ffff88040d825a00]
[   15.414406]      scan-1141 get_device_data       : No context for object [ffff88040d825a28]
[   15.414603]      scan-1141 get_device_data       : No context for object [ffff88040d825a50]
[   15.414797]      scan-1141 get_device_data       : No context for object [ffff88040d825a78]
[   15.414989]      scan-1141 get_device_data       : No context for object [ffff88040d825aa0]
[   15.415180]      scan-1141 get_device_data       : No context for object [ffff88040d825ac8]
[   15.415326]      scan-1141 get_device_data       : No context for object [ffff88040d825af0]
[   15.415499]      scan-1141 get_device_data       : No context for object [ffff88040d825b18]
[   15.415692]      scan-1141 get_device_data       : No context for object [ffff88040d825b40]
[   15.415890]      scan-1141 get_device_data       : No context for object [ffff88040d825b68]
[   15.416084]      scan-1141 get_device_data       : No context for object [ffff88040d825b90]
[   15.416274]      scan-1141 get_device_data       : No context for object [ffff88040d825bb8]
[   15.416470]      scan-1141 get_device_data       : No context for object [ffff88040d825be0]
[   15.416669]     utils-0051 util_eval_error       : Evaluate [\_SB_.PCI0.PB6_.XPDV._STA]: AE_NOT_FOUND
[   15.416881] device: 'device:0e': device_add
[   15.416941] bus: 'acpi': add device device:0e
[   15.417007]     utils-0051 util_eval_error       : Evaluate [\_SB_.PCI0.PB6_.XPDV._SUN]: AE_NOT_FOUND
[   15.417206]      scan-1933 add_single_object     : Added device:0e [\_SB_.PCI0.PB6_.XPDV] parent device:0d
[   15.417359]      scan-1141 get_device_data       : No context for object [ffff88040d825c08]
[   15.417537]      scan-1141 get_device_data       : No context for object [ffff88040d825c30]
[   15.417735]      scan-1141 get_device_data       : No context for object [ffff88040d825c58]
[   15.417927]      scan-1141 get_device_data       : No context for object [ffff88040d825c80]
[   15.418118]      scan-1141 get_device_data       : No context for object [ffff88040d825ca8]
[   15.418291]      scan-1141 get_device_data       : No context for object [ffff88040d837550]
[   15.418483]      scan-1141 get_device_data       : No context for object [ffff88040d825cd0]
[   15.418675]      scan-1141 get_device_data       : No context for object [ffff88040d825cf8]
[   15.418871]     utils-0051 util_eval_error       : Evaluate [\_SB_.PCI0.PB7_._STA]: AE_NOT_FOUND
[   15.419163] device: 'device:0f': device_add
[   15.419222] bus: 'acpi': add device device:0f
[   15.419288]     utils-0051 util_eval_error       : Evaluate [\_SB_.PCI0.PB7_._SUN]: AE_NOT_FOUND
[   15.420005]      scan-1933 add_single_object     : Added device:0f [\_SB_.PCI0.PB7_] parent PNP0A08:00
[   15.420005]      scan-1141 get_device_data       : No context for object [ffff88040d825d20]
[   15.420005]      scan-1141 get_device_data       : No context for object [ffff88040d825d48]
[   15.420005]      scan-1141 get_device_data       : No context for object [ffff88040d825d70]
[   15.420195]      scan-1141 get_device_data       : No context for object [ffff88040d825d98]
[   15.420372]      scan-1141 get_device_data       : No context for object [ffff88040d825dc0]
[   15.420568]      scan-1141 get_device_data       : No context for object [ffff88040d825de8]
[   15.420761]      scan-1141 get_device_data       : No context for object [ffff88040d825e10]
[   15.420953]      scan-1141 get_device_data       : No context for object [ffff88040d825e38]
[   15.421145]      scan-1141 get_device_data       : No context for object [ffff88040d825e60]
[   15.421290]      scan-1141 get_device_data       : No context for object [ffff88040d825e88]
[   15.421463]      scan-1141 get_device_data       : No context for object [ffff88040d825eb0]
[   15.421658]      scan-1141 get_device_data       : No context for object [ffff88040d825ed8]
[   15.421855]      scan-1141 get_device_data       : No context for object [ffff88040d825f00]
[   15.422051]      scan-1141 get_device_data       : No context for object [ffff88040d825f28]
[   15.422233]      scan-1141 get_device_data       : No context for object [ffff88040d825f50]
[   15.422425]      scan-1141 get_device_data       : No context for object [ffff88040d825f78]
[   15.422617]      scan-1141 get_device_data       : No context for object [ffff88040d825fa0]
[   15.422809]      scan-1141 get_device_data       : No context for object [ffff88040d825fc8]
[   15.422998]      scan-1141 get_device_data       : No context for object [ffff88040d827000]
[   15.423191]      scan-1141 get_device_data       : No context for object [ffff88040d827028]
[   15.423336]      scan-1141 get_device_data       : No context for object [ffff88040d827050]
[   15.423512]      scan-1141 get_device_data       : No context for object [ffff88040d827078]
[   15.423706]      scan-1141 get_device_data       : No context for object [ffff88040d8270a0]
[   15.424822]      scan-1141 get_device_data       : No context for object [ffff88040d8270c8]
[   15.425014]      scan-1141 get_device_data       : No context for object [ffff88040d8270f0]
[   15.425203]      scan-1141 get_device_data       : No context for object [ffff88040d827118]
[   15.425395]      scan-1141 get_device_data       : No context for object [ffff88040d827140]
[   15.425591]      scan-1141 get_device_data       : No context for object [ffff88040d827168]
[   15.425784]      scan-1141 get_device_data       : No context for object [ffff88040d827190]
[   15.425973]      scan-1141 get_device_data       : No context for object [ffff88040d8271b8]
[   15.426162]      scan-1141 get_device_data       : No context for object [ffff88040d8271e0]
[   15.426305]     utils-0051 util_eval_error       : Evaluate [\_SB_.PCI0.PB7_.XPDV._STA]: AE_NOT_FOUND
[   15.426498] device: 'device:10': device_add
[   15.426557] bus: 'acpi': add device device:10
[   15.426681]     utils-0051 util_eval_error       : Evaluate [\_SB_.PCI0.PB7_.XPDV._SUN]: AE_NOT_FOUND
[   15.426885]      scan-1933 add_single_object     : Added device:10 [\_SB_.PCI0.PB7_.XPDV] parent device:0f
[   15.427085]      scan-1141 get_device_data       : No context for object [ffff88040d827208]
[   15.427274]      scan-1141 get_device_data       : No context for object [ffff88040d827230]
[   15.427466]      scan-1141 get_device_data       : No context for object [ffff88040d827258]
[   15.427657]      scan-1141 get_device_data       : No context for object [ffff88040d827280]
[   15.427849]      scan-1141 get_device_data       : No context for object [ffff88040d8272a8]
[   15.428042]      scan-1141 get_device_data       : No context for object [ffff88040d837488]
[   15.428236]      scan-1141 get_device_data       : No context for object [ffff88040d8272d0]
[   15.428418]      scan-1141 get_device_data       : No context for object [ffff88040d8272f8]
[   15.428616]     utils-0051 util_eval_error       : Evaluate [\_SB_.PCI0.OHC1._STA]: AE_NOT_FOUND
[   15.428836] device: 'device:11': device_add
[   15.428896] bus: 'acpi': add device device:11
[   15.428962]     utils-0051 util_eval_error       : Evaluate [\_SB_.PCI0.OHC1._SUN]: AE_NOT_FOUND
[   15.430004]      scan-1933 add_single_object     : Added device:11 [\_SB_.PCI0.OHC1] parent PNP0A08:00
[   15.430004]      scan-1141 get_device_data       : No context for object [ffff88040d827320]
[   15.430004]      scan-1141 get_device_data       : No context for object [ffff88040d827348]
[   15.430004]      scan-1141 get_device_data       : No context for object [ffff88040d83b2f8]
[   15.430004]     utils-0051 util_eval_error       : Evaluate [\_SB_.PCI0.OHC1.RHUB._STA]: AE_NOT_FOUND
[   15.430165] device: 'device:12': device_add
[   15.430228] bus: 'acpi': add device device:12
[   15.430302]     utils-0051 util_eval_error       : Evaluate [\_SB_.PCI0.OHC1.RHUB._SUN]: AE_NOT_FOUND
[   15.430485]      scan-1933 add_single_object     : Added device:12 [\_SB_.PCI0.OHC1.RHUB] parent device:11
[   15.430679]      scan-1141 get_device_data       : No context for object [ffff88040d83b320]
[   15.430872]      scan-1141 get_device_data       : No context for object [ffff88040d83b348]
[   15.431064]     utils-0051 util_eval_error       : Evaluate [\_SB_.PCI0.OHC1.RHUB.PRT3._STA]: AE_NOT_FOUND
[   15.431278] device: 'device:13': device_add
[   15.431337] bus: 'acpi': add device device:13
[   15.431414]     utils-0051 util_eval_error       : Evaluate [\_SB_.PCI0.OHC1.RHUB.PRT3._SUN]: AE_NOT_FOUND
[   15.431595]      scan-1933 add_single_object     : Added device:13 [\_SB_.PCI0.OHC1.RHUB.PRT3] parent device:12
[   15.431797]      scan-1141 get_device_data       : No context for object [ffff88040d83b370]
[   15.431994]      scan-1141 get_device_data       : No context for object [ffff88040d83b398]
[   15.432186]      scan-1141 get_device_data       : No context for object [ffff88040d83b3c0]
[   15.432358]      scan-1141 get_device_data       : No context for object [ffff88040d83b3e8]
[   15.432552]     utils-0051 util_eval_error       : Evaluate [\_SB_.PCI0.OHC1.RHUB.PRT4._STA]: AE_NOT_FOUND
[   15.432766] device: 'device:14': device_add
[   15.432826] bus: 'acpi': add device device:14
[   15.432892]     utils-0051 util_eval_error       : Evaluate [\_SB_.PCI0.OHC1.RHUB.PRT4._SUN]: AE_NOT_FOUND
[   15.433342]      scan-1933 add_single_object     : Added device:14 [\_SB_.PCI0.OHC1.RHUB.PRT4] parent device:12
[   15.433342]      scan-1141 get_device_data       : No context for object [ffff88040d83b410]
[   15.433493]      scan-1141 get_device_data       : No context for object [ffff88040d83b438]
[   15.433686]      scan-1141 get_device_data       : No context for object [ffff88040d83b460]
[   15.433878]      scan-1141 get_device_data       : No context for object [ffff88040d827370]
[   15.434072]     utils-0051 util_eval_error       : Evaluate [\_SB_.PCI0.EHC1._STA]: AE_NOT_FOUND
[   15.434295] device: 'device:15': device_add
[   15.434357] bus: 'acpi': add device device:15
[   15.434432]     utils-0051 util_eval_error       : Evaluate [\_SB_.PCI0.EHC1._SUN]: AE_NOT_FOUND
[   15.434618]      scan-1933 add_single_object     : Added device:15 [\_SB_.PCI0.EHC1] parent PNP0A08:00
[   15.434817]      scan-1141 get_device_data       : No context for object [ffff88040d827398]
[   15.435010]      scan-1141 get_device_data       : No context for object [ffff88040d8273c0]
[   15.435202]      scan-1141 get_device_data       : No context for object [ffff88040d83b028]
[   15.435349]     utils-0051 util_eval_error       : Evaluate [\_SB_.PCI0.EHC1.RHUB._STA]: AE_NOT_FOUND
[   15.435543] device: 'device:16': device_add
[   15.435604] bus: 'acpi': add device device:16
[   15.435675]     utils-0051 util_eval_error       : Evaluate [\_SB_.PCI0.EHC1.RHUB._SUN]: AE_NOT_FOUND
[   15.436670]      scan-1933 add_single_object     : Added device:16 [\_SB_.PCI0.EHC1.RHUB] parent device:15
[   15.436670]      scan-1141 get_device_data       : No context for object [ffff88040d83b050]
[   15.436670]      scan-1141 get_device_data       : No context for object [ffff88040d83b078]
[   15.436670]     utils-0051 util_eval_error       : Evaluate [\_SB_.PCI0.EHC1.RHUB.PRT3._STA]: AE_NOT_FOUND
[   15.436689] device: 'device:17': device_add
[   15.436748] bus: 'acpi': add device device:17
[   15.436814]     utils-0051 util_eval_error       : Evaluate [\_SB_.PCI0.EHC1.RHUB.PRT3._SUN]: AE_NOT_FOUND
[   15.437017]      scan-1933 add_single_object     : Added device:17 [\_SB_.PCI0.EHC1.RHUB.PRT3] parent device:16
[   15.437219]      scan-1141 get_device_data       : No context for object [ffff88040d83b0a0]
[   15.437371]      scan-1141 get_device_data       : No context for object [ffff88040d83b0c8]
[   15.437546]      scan-1141 get_device_data       : No context for object [ffff88040d83b0f0]
[   15.437738]      scan-1141 get_device_data       : No context for object [ffff88040d83b118]
[   15.437932]     utils-0051 util_eval_error       : Evaluate [\_SB_.PCI0.EHC1.RHUB.PRT4._STA]: AE_NOT_FOUND
[   15.438147] device: 'device:18': device_add
[   15.438206] bus: 'acpi': add device device:18
[   15.438274]     utils-0051 util_eval_error       : Evaluate [\_SB_.PCI0.EHC1.RHUB.PRT4._SUN]: AE_NOT_FOUND
[   15.438457]      scan-1933 add_single_object     : Added device:18 [\_SB_.PCI0.EHC1.RHUB.PRT4] parent device:16
[   15.438659]      scan-1141 get_device_data       : No context for object [ffff88040d83b140]
[   15.438856]      scan-1141 get_device_data       : No context for object [ffff88040d83b168]
[   15.439048]      scan-1141 get_device_data       : No context for object [ffff88040d83b190]
[   15.439241]      scan-1141 get_device_data       : No context for object [ffff88040d8273e8]
[   15.439388]     utils-0051 util_eval_error       : Evaluate [\_SB_.PCI0.OHC2._STA]: AE_NOT_FOUND
[   15.439589] device: 'device:19': device_add
[   15.439647] bus: 'acpi': add device device:19
[   15.439720]     utils-0051 util_eval_error       : Evaluate [\_SB_.PCI0.OHC2._SUN]: AE_NOT_FOUND
[   15.440000]      scan-1933 add_single_object     : Added device:19 [\_SB_.PCI0.OHC2] parent PNP0A08:00
[   15.440003]      scan-1141 get_device_data       : No context for object [ffff88040d827410]
[   15.440187]      scan-1141 get_device_data       : No context for object [ffff88040d827438]
[   15.440382]      scan-1141 get_device_data       : No context for object [ffff88040d83b488]
[   15.440576]     utils-0051 util_eval_error       : Evaluate [\_SB_.PCI0.OHC2.RHUB._STA]: AE_NOT_FOUND
[   15.440788] device: 'device:1a': device_add
[   15.440845] bus: 'acpi': add device device:1a
[   15.440910]     utils-0051 util_eval_error       : Evaluate [\_SB_.PCI0.OHC2.RHUB._SUN]: AE_NOT_FOUND
[   15.441104]      scan-1933 add_single_object     : Added device:1a [\_SB_.PCI0.OHC2.RHUB] parent device:19
[   15.441252]      scan-1141 get_device_data       : No context for object [ffff88040d83b4b0]
[   15.442362]      scan-1141 get_device_data       : No context for object [ffff88040d83b4d8]
[   15.442554]     utils-0051 util_eval_error       : Evaluate [\_SB_.PCI0.OHC2.RHUB.PRT4._STA]: AE_NOT_FOUND
[   15.442765] device: 'device:1b': device_add
[   15.442825] bus: 'acpi': add device device:1b
[   15.442902]     utils-0051 util_eval_error       : Evaluate [\_SB_.PCI0.OHC2.RHUB.PRT4._SUN]: AE_NOT_FOUND
[   15.443341]      scan-1933 add_single_object     : Added device:1b [\_SB_.PCI0.OHC2.RHUB.PRT4] parent device:1a
[   15.443341]      scan-1141 get_device_data       : No context for object [ffff88040d83b500]
[   15.443514]      scan-1141 get_device_data       : No context for object [ffff88040d83b528]
[   15.443704]      scan-1141 get_device_data       : No context for object [ffff88040d83b550]
[   15.443898]      scan-1141 get_device_data       : No context for object [ffff88040d827460]
[   15.444097]     utils-0051 util_eval_error       : Evaluate [\_SB_.PCI0.EHC2._STA]: AE_NOT_FOUND
[   15.444305] device: 'device:1c': device_add
[   15.444364] bus: 'acpi': add device device:1c
[   15.444430]     utils-0051 util_eval_error       : Evaluate [\_SB_.PCI0.EHC2._SUN]: AE_NOT_FOUND
[   15.444629]      scan-1933 add_single_object     : Added device:1c [\_SB_.PCI0.EHC2] parent PNP0A08:00
[   15.444824]      scan-1141 get_device_data       : No context for object [ffff88040d827488]
[   15.445018]      scan-1141 get_device_data       : No context for object [ffff88040d8274b0]
[   15.445214]      scan-1141 get_device_data       : No context for object [ffff88040d83b1b8]
[   15.445361]     utils-0051 util_eval_error       : Evaluate [\_SB_.PCI0.EHC2.RHUB._STA]: AE_NOT_FOUND
[   15.445572] device: 'device:1d': device_add
[   15.445633] bus: 'acpi': add device device:1d
[   15.445700]     utils-0051 util_eval_error       : Evaluate [\_SB_.PCI0.EHC2.RHUB._SUN]: AE_NOT_FOUND
[   15.446667]      scan-1933 add_single_object     : Added device:1d [\_SB_.PCI0.EHC2.RHUB] parent device:1c
[   15.446667]      scan-1141 get_device_data       : No context for object [ffff88040d83b1e0]
[   15.446667]      scan-1141 get_device_data       : No context for object [ffff88040d83b208]
[   15.446667]     utils-0051 util_eval_error       : Evaluate [\_SB_.PCI0.EHC2.RHUB.PRT2._STA]: AE_NOT_FOUND
[   15.446689] device: 'device:1e': device_add
[   15.446749] bus: 'acpi': add device device:1e
[   15.446816]     utils-0051 util_eval_error       : Evaluate [\_SB_.PCI0.EHC2.RHUB.PRT2._SUN]: AE_NOT_FOUND
[   15.447016]      scan-1933 add_single_object     : Added device:1e [\_SB_.PCI0.EHC2.RHUB.PRT2] parent device:1d
[   15.447211]      scan-1141 get_device_data       : No context for object [ffff88040d83b230]
[   15.447363]      scan-1141 get_device_data       : No context for object [ffff88040d83b258]
[   15.447540]      scan-1141 get_device_data       : No context for object [ffff88040d83b280]
[   15.447736]      scan-1141 get_device_data       : No context for object [ffff88040d8274d8]
[   15.447928]     utils-0051 util_eval_error       : Evaluate [\_SB_.PCI0.OHC3._STA]: AE_NOT_FOUND
[   15.448150] device: 'device:1f': device_add
[   15.448209] bus: 'acpi': add device device:1f
[   15.448275]     utils-0051 util_eval_error       : Evaluate [\_SB_.PCI0.OHC3._SUN]: AE_NOT_FOUND
[   15.448454]      scan-1933 add_single_object     : Added device:1f [\_SB_.PCI0.OHC3] parent PNP0A08:00
[   15.448652]      scan-1141 get_device_data       : No context for object [ffff88040d827500]
[   15.448849]      scan-1141 get_device_data       : No context for object [ffff88040d827528]
[   15.449045]      scan-1141 get_device_data       : No context for object [ffff88040d83b578]
[   15.449237]     utils-0051 util_eval_error       : Evaluate [\_SB_.PCI0.OHC3.RHUB._STA]: AE_NOT_FOUND
[   15.449404] device: 'device:20': device_add
[   15.449463] bus: 'acpi': add device device:20
[   15.449530]     utils-0051 util_eval_error       : Evaluate [\_SB_.PCI0.OHC3.RHUB._SUN]: AE_NOT_FOUND
[   15.450000]      scan-1933 add_single_object     : Added device:20 [\_SB_.PCI0.OHC3.RHUB] parent device:1f
[   15.450000]      scan-1141 get_device_data       : No context for object [ffff88040d83b5a0]
[   15.450003]      scan-1141 get_device_data       : No context for object [ffff88040d827550]
[   15.450180]     utils-0051 util_eval_error       : Evaluate [\_SB_.PCI0.EHC3._STA]: AE_NOT_FOUND
[   15.450401] device: 'device:21': device_add
[   15.450460] bus: 'acpi': add device device:21
[   15.450529]     utils-0051 util_eval_error       : Evaluate [\_SB_.PCI0.EHC3._SUN]: AE_NOT_FOUND
[   15.450727]      scan-1933 add_single_object     : Added device:21 [\_SB_.PCI0.EHC3] parent PNP0A08:00
[   15.450922]      scan-1141 get_device_data       : No context for object [ffff88040d827578]
[   15.451116]      scan-1141 get_device_data       : No context for object [ffff88040d8275a0]
[   15.451266]      scan-1141 get_device_data       : No context for object [ffff88040d83b2a8]
[   15.451439]     utils-0051 util_eval_error       : Evaluate [\_SB_.PCI0.EHC3.RHUB._STA]: AE_NOT_FOUND
[   15.451667] device: 'device:22': device_add
[   15.451730] bus: 'acpi': add device device:22
[   15.451804]     utils-0051 util_eval_error       : Evaluate [\_SB_.PCI0.EHC3.RHUB._SUN]: AE_NOT_FOUND
[   15.452009]      scan-1933 add_single_object     : Added device:22 [\_SB_.PCI0.EHC3.RHUB] parent device:21
[   15.452184]      scan-1141 get_device_data       : No context for object [ffff88040d83b2d0]
[   15.452376]      scan-1141 get_device_data       : No context for object [ffff88040d8275c8]
[   15.452569]     utils-0051 util_eval_error       : Evaluate [\_SB_.PCI0.OHC4._STA]: AE_NOT_FOUND
[   15.452790] device: 'device:23': device_add
[   15.452849] bus: 'acpi': add device device:23
[   15.452924]     utils-0051 util_eval_error       : Evaluate [\_SB_.PCI0.OHC4._SUN]: AE_NOT_FOUND
[   15.453335]      scan-1933 add_single_object     : Added device:23 [\_SB_.PCI0.OHC4] parent PNP0A08:00
[   15.453337]      scan-1141 get_device_data       : No context for object [ffff88040d8275f0]
[   15.453510]      scan-1141 get_device_data       : No context for object [ffff88040d827618]
[   15.453704]      scan-1141 get_device_data       : No context for object [ffff88040d827640]
[   15.453903]     utils-0051 util_eval_error       : Evaluate [\_SB_.PCI0.SBAZ._STA]: AE_NOT_FOUND
[   15.454128] device: 'device:24': device_add
[   15.454187] bus: 'acpi': add device device:24
[   15.454255]     utils-0051 util_eval_error       : Evaluate [\_SB_.PCI0.SBAZ._SUN]: AE_NOT_FOUND
[   15.454435]      scan-1933 add_single_object     : Added device:24 [\_SB_.PCI0.SBAZ] parent PNP0A08:00
[   15.454630]      scan-1141 get_device_data       : No context for object [ffff88040d827668]
[   15.454822]      scan-1141 get_device_data       : No context for object [ffff88040d827690]
[   15.455014]      scan-1141 get_device_data       : No context for object [ffff88040d8276b8]
[   15.455214]     utils-0051 util_eval_error       : Evaluate [\_SB_.PCI0.GEC_._STA]: AE_NOT_FOUND
[   15.455452] device: 'device:25': device_add
[   15.455512] bus: 'acpi': add device device:25
[   15.455579]     utils-0051 util_eval_error       : Evaluate [\_SB_.PCI0.GEC_._SUN]: AE_NOT_FOUND
[   15.456667]      scan-1933 add_single_object     : Added device:25 [\_SB_.PCI0.GEC_] parent PNP0A08:00
[   15.456667]      scan-1141 get_device_data       : No context for object [ffff88040d8276e0]
[   15.456667]      scan-1141 get_device_data       : No context for object [ffff88040d827708]
[   15.456667]      scan-1141 get_device_data       : No context for object [ffff88040d827730]
[   15.456667]      scan-1141 get_device_data       : No context for object [ffff88040d827758]
[   15.456668]      scan-1141 get_device_data       : No context for object [ffff88040d827780]
[   15.456858]      scan-1141 get_device_data       : No context for object [ffff88040d8277a8]
[   15.457052]      scan-1141 get_device_data       : No context for object [ffff88040d8277d0]
[   15.457228]      scan-1141 get_device_data       : No context for object [ffff88040d8277f8]
[   15.457423]      scan-1141 get_device_data       : No context for object [ffff88040d827820]
[   15.457616]     utils-0051 util_eval_error       : Evaluate [\_SB_.PCI0.SATA._STA]: AE_NOT_FOUND
[   15.457830] device: 'device:26': device_add
[   15.457888] bus: 'acpi': add device device:26
[   15.457954]     utils-0051 util_eval_error       : Evaluate [\_SB_.PCI0.SATA._SUN]: AE_NOT_FOUND
[   15.458149]      scan-1933 add_single_object     : Added device:26 [\_SB_.PCI0.SATA] parent PNP0A08:00
[   15.458295]      scan-1141 get_device_data       : No context for object [ffff88040d827848]
[   15.458468]      scan-1141 get_device_data       : No context for object [ffff88040d827870]
[   15.458665]      scan-1141 get_device_data       : No context for object [ffff88040d827898]
[   15.459782]      scan-1141 get_device_data       : No context for object [ffff88040d8278c0]
[   15.460003]      scan-1141 get_device_data       : No context for object [ffff88040d8278e8]
[   15.460197]      scan-1141 get_device_data       : No context for object [ffff88040d827910]
[   15.460374]      scan-1141 get_device_data       : No context for object [ffff88040d827938]
[   15.460564]      scan-1141 get_device_data       : No context for object [ffff88040d827960]
