[    0.000000] Initializing cgroup subsys cpuset
[    0.000000] Initializing cgroup subsys cpu
[    0.000000] Initializing cgroup subsys cpuacct
[    0.000000] Linux version 3.17.0-rc2-gfd5984d (emacs@manji) (gcc version 4.9.1 (GCC) ) #52 SMP Sun Aug 31 16:53:44 CEST 2014
[    0.000000] Command line: BOOT_IMAGE=/vmlinuz-linux-git root=UUID=bfa4ab6e-19a3-4601-ba2b-267c55841c73 rw cryptdevice=/dev/disk/by-uuid/70c08890-417a-497d-b6ab-c0d0357a63e2:cryptManjaro:allow-discards ipv6.disable=1 pnp.debug=1 loglevel=9 log_buf_len=10M printk.always_kmsg_dump=y printk.time=y mminit_loglevel=0 memory_corruption_check=1 acpi.debug_layer=0xfbff0000 acpi.debug_level=0xFFFFFFFD pnp.debug=1 nohz=on rcu_nocbs=1-3 pcie_aspm=force fbcon=scrollback:4096k fbcon=font:ProFont6x11 radeon.audio=0 radeon.lockup_timeout=0 radeon.test=0 radeon.agpmode=-1 radeon.benchmark=0 radeon.tv=0 radeon.hard_reset=1 radeon.aspm=1 radeon.dpm=1 radeon.msi=1 radeon.pcie_gen2=-1 radeon.no_wb=1 radeon.modeset=1 radeon.dynclks=1 radeon.r4xx_atom=0 radeon.runpm=0 radeonfb radeon.fastfb=1 nomodeset
[    0.000000] KERNEL supported cpus:
[    0.000000]   AMD AuthenticAMD
[    0.000000] tseg: 00bfe00000
[    0.000000] e820: BIOS-provided physical RAM map:
[    0.000000] BIOS-e820: [mem 0x0000000000000000-0x000000000009d7ff] usable
[    0.000000] BIOS-e820: [mem 0x000000000009d800-0x000000000009ffff] reserved
[    0.000000] BIOS-e820: [mem 0x00000000000e0000-0x00000000000fffff] reserved
[    0.000000] BIOS-e820: [mem 0x0000000000100000-0x00000000bed9afff] usable
[    0.000000] BIOS-e820: [mem 0x00000000bed9b000-0x00000000bf39afff] reserved
[    0.000000] BIOS-e820: [mem 0x00000000bf39b000-0x00000000bf49afff] ACPI NVS
[    0.000000] BIOS-e820: [mem 0x00000000bf49b000-0x00000000bf51afff] ACPI data
[    0.000000] BIOS-e820: [mem 0x00000000bf51b000-0x00000000bfdfffff] usable
[    0.000000] BIOS-e820: [mem 0x00000000bfe00000-0x00000000bfffffff] reserved
[    0.000000] BIOS-e820: [mem 0x00000000fec00000-0x00000000fecfffff] reserved
[    0.000000] BIOS-e820: [mem 0x00000000fed80000-0x00000000fed80fff] reserved
[    0.000000] BIOS-e820: [mem 0x00000000ffe00000-0x00000000ffffffff] reserved
[    0.000000] BIOS-e820: [mem 0x0000000100000000-0x000000041effffff] usable
[    0.000000] NX (Execute Disable) protection: active
[    0.000000] SMBIOS 2.6 present.
[    0.000000] DMI: LENOVO Sabine/Torpedo, BIOS 54CN18WW 07/20/2011
[    0.000000] e820: update [mem 0x00000000-0x00000fff] usable ==> reserved
[    0.000000] e820: remove [mem 0x000a0000-0x000fffff] usable
[    0.000000] e820: last_pfn = 0x41f000 max_arch_pfn = 0x400000000
[    0.000000] MTRR default type: uncachable
[    0.000000] MTRR fixed ranges enabled:
[    0.000000]   00000-9FFFF write-back
[    0.000000]   A0000-BFFFF uncachable
[    0.000000]   C0000-FFFFF write-protect
[    0.000000] MTRR variable ranges enabled:
[    0.000000]   0 base 0000000000 mask FF80000000 write-back
[    0.000000]   1 base 0080000000 mask FFC0000000 write-back
[    0.000000]   2 base 00FFF90000 mask FFFFFF0000 uncachable
[    0.000000]   3 base 00FED80000 mask 0FFFFFF000 uncachable
[    0.000000]   4 disabled
[    0.000000]   5 disabled
[    0.000000]   6 disabled
[    0.000000]   7 base 00FFE00000 mask FFFFE00000 write-protect
[    0.000000] TOM2: 000000041f000000 aka 16880M
[    0.000000] mtrr: your BIOS has configured an incorrect mask, fixing it.
[    0.000000] e820: last_pfn = 0xbfe00 max_arch_pfn = 0x400000000
[    0.000000] found SMP MP-table at [mem 0x000fa8b0-0x000fa8bf] mapped at [ffff8800000fa8b0]
[    0.000000] Base memory trampoline at [ffff880000097000] 97000 size 24576
[    0.000000] Using GB pages for direct mapping
[    0.000000] init_memory_mapping: [mem 0x00000000-0x000fffff]
[    0.000000]  [mem 0x00000000-0x000fffff] page 4k
[    0.000000] BRK [0x01e17000, 0x01e17fff] PGTABLE
[    0.000000] BRK [0x01e18000, 0x01e18fff] PGTABLE
[    0.000000] BRK [0x01e19000, 0x01e19fff] PGTABLE
[    0.000000] init_memory_mapping: [mem 0x41ee00000-0x41effffff]
[    0.000000]  [mem 0x41ee00000-0x41effffff] page 2M
[    0.000000] BRK [0x01e1a000, 0x01e1afff] PGTABLE
[    0.000000] init_memory_mapping: [mem 0x41c000000-0x41edfffff]
[    0.000000]  [mem 0x41c000000-0x41edfffff] page 2M
[    0.000000] init_memory_mapping: [mem 0x400000000-0x41bffffff]
[    0.000000]  [mem 0x400000000-0x41bffffff] page 2M
[    0.000000] init_memory_mapping: [mem 0x00100000-0xbed9afff]
[    0.000000]  [mem 0x00100000-0x001fffff] page 4k
[    0.000000]  [mem 0x00200000-0x3fffffff] page 2M
[    0.000000]  [mem 0x40000000-0x7fffffff] page 1G
[    0.000000]  [mem 0x80000000-0xbebfffff] page 2M
[    0.000000]  [mem 0xbec00000-0xbed9afff] page 4k
[    0.000000] init_memory_mapping: [mem 0xbf51b000-0xbfdfffff]
[    0.000000]  [mem 0xbf51b000-0xbf5fffff] page 4k
[    0.000000]  [mem 0xbf600000-0xbfdfffff] page 2M
[    0.000000] BRK [0x01e1b000, 0x01e1bfff] PGTABLE
[    0.000000] init_memory_mapping: [mem 0x100000000-0x3ffffffff]
[    0.000000]  [mem 0x100000000-0x3ffffffff] page 1G
[    0.000000] log_buf_len: 16777216 bytes
[    0.000000] early log buf free: 2092044(99%)
[    0.000000] RAMDISK: [mem 0x3782c000-0x37c0dfff]
[    0.000000] ACPI: Early table checksum verification disabled
[    0.000000] ACPI: RSDP 0x00000000000F0110 000024 (v02 LENOVO)
[    0.000000] ACPI: XSDT 0x00000000BF51A120 000074 (v01 LENOVO CB-01    00000001 LENO 00000001)
[    0.000000] ACPI: FACP 0x00000000BF508000 0000F4 (v04 LENOVO CB-01    00000001 PTL  00000001)
[    0.000000] ACPI: DSDT 0x00000000BF50A000 00FD10 (v01 LENOVO CB-01    00001000 LENO 00000001)
[    0.000000] ACPI: FACS 0x00000000BF478000 000040
[    0.000000] ACPI: HPET 0x00000000BF507000 000038 (v01 LENOVO CB-01    00000001 PTL  00000001)
[    0.000000] ACPI: APIC 0x00000000BF506000 00007A (v02 LENOVO CB-01    00000001 PTL  00000001)
[    0.000000] ACPI: MCFG 0x00000000BF505000 00003C (v01 LENOVO CB-01    00000001 PTL  00000001)
[    0.000000] ACPI: SLIC 0x00000000BF504000 000176 (v01 LENOVO CB-01    00000001 LENO 00000001)
[    0.000000] ACPI: UEFI 0x00000000BF503000 00003E (v01 LENOVO CB-01    00000001 PTL  00000001)
[    0.000000] ACPI: UEFI 0x00000000BF502000 000042 (v01 PTL    COMBUF   00000001 PTL  00000001)
[    0.000000] ACPI: SSDT 0x00000000BF501000 000E34 (v01 AMD    POWERNOW 00000001 AMD  00000001)
[    0.000000] ACPI: SSDT 0x00000000BF4FF000 00193D (v02 AMD    ALIB     00000001 MSFT 04000000)
[    0.000000] ACPI: UEFI 0x00000000BF4FE000 00021A (v01 LENOVO CB-01    00000001 PTL  00000001)
[    0.000000] ACPI: Local APIC address 0xfee00000
[    0.000000] No NUMA configuration found
[    0.000000] Faking a node at [mem 0x0000000000000000-0x000000041effffff]
[    0.000000] Initmem setup node 0 [mem 0x00000000-0x41effffff]
[    0.000000]   NODE_DATA [mem 0x41dffa000-0x41dffdfff]
[    0.000000]  [ffffea0000000000-ffffea00107fffff] PMD -> [ffff88040de00000-ffff88041d5fffff] on node 0
[    0.000000] Zone ranges:
[    0.000000]   DMA      [mem 0x00001000-0x00ffffff]
[    0.000000]   DMA32    [mem 0x01000000-0xffffffff]
[    0.000000]   Normal   [mem 0x100000000-0x41effffff]
[    0.000000] Movable zone start for each node
[    0.000000] Early memory node ranges
[    0.000000]   node   0: [mem 0x00001000-0x0009cfff]
[    0.000000]   node   0: [mem 0x00100000-0xbed9afff]
[    0.000000]   node   0: [mem 0xbf51b000-0xbfdfffff]
[    0.000000]   node   0: [mem 0x100000000-0x41effffff]
[    0.000000] On node 0 totalpages: 4056604
[    0.000000]   DMA zone: 64 pages used for memmap
[    0.000000]   DMA zone: 21 pages reserved
[    0.000000]   DMA zone: 3996 pages, LIFO batch:0
[    0.000000]   DMA32 zone: 12186 pages used for memmap
[    0.000000]   DMA32 zone: 779904 pages, LIFO batch:31
[    0.000000]   Normal zone: 51136 pages used for memmap
[    0.000000]   Normal zone: 3272704 pages, LIFO batch:31
[    0.000000] ACPI: PM-Timer IO Port: 0x808
[    0.000000] ACPI: Local APIC address 0xfee00000
[    0.000000] ACPI: LAPIC (acpi_id[0x00] lapic_id[0x00] enabled)
[    0.000000] ACPI: LAPIC (acpi_id[0x01] lapic_id[0x01] enabled)
[    0.000000] ACPI: LAPIC (acpi_id[0x02] lapic_id[0x02] enabled)
[    0.000000] ACPI: LAPIC (acpi_id[0x03] lapic_id[0x03] enabled)
[    0.000000] ACPI: LAPIC_NMI (acpi_id[0x00] high edge lint[0x1])
[    0.000000] ACPI: LAPIC_NMI (acpi_id[0x01] high edge lint[0x1])
[    0.000000] ACPI: LAPIC_NMI (acpi_id[0x02] high edge lint[0x1])
[    0.000000] ACPI: LAPIC_NMI (acpi_id[0x03] high edge lint[0x1])
[    0.000000] ACPI: IOAPIC (id[0x02] address[0xfec00000] gsi_base[0])
[    0.000000] IOAPIC[0]: apic_id 2, version 33, address 0xfec00000, GSI 0-23
[    0.000000] ACPI: INT_SRC_OVR (bus 0 bus_irq 0 global_irq 2 dfl dfl)
[    0.000000] ACPI: IRQ0 used by override.
[    0.000000] ACPI: IRQ9 used by override.
[    0.000000] Using ACPI (MADT) for SMP configuration information
[    0.000000] ACPI: HPET id: 0x43538210 base: 0xfed00000
[    0.000000] smpboot: Allowing 4 CPUs, 0 hotplug CPUs
[    0.000000] e820: [mem 0xc0000000-0xfebfffff] available for PCI devices
[    0.000000] setup_percpu: NR_CPUS:64 nr_cpumask_bits:64 nr_cpu_ids:4 nr_node_ids:1
[    0.000000] PERCPU: Embedded 27 pages/cpu @ffff88041dc00000 s80256 r8192 d22144 u524288
[    0.000000] pcpu-alloc: s80256 r8192 d22144 u524288 alloc=1*2097152
[    0.000000] pcpu-alloc: [0] 0 1 2 3 
[    0.000000] Built 1 zonelists in Zone order, mobility grouping on.  Total pages: 3993197
[    0.000000] Policy zone: Normal
[    0.000000] Kernel command line: BOOT_IMAGE=/vmlinuz-linux-git root=UUID=bfa4ab6e-19a3-4601-ba2b-267c55841c73 rw cryptdevice=/dev/disk/by-uuid/70c08890-417a-497d-b6ab-c0d0357a63e2:cryptManjaro:allow-discards ipv6.disable=1 pnp.debug=1 loglevel=9 log_buf_len=10M printk.always_kmsg_dump=y printk.time=y mminit_loglevel=0 memory_corruption_check=1 acpi.debug_layer=0xfbff0000 acpi.debug_level=0xFFFFFFFD pnp.debug=1 nohz=on rcu_nocbs=1-3 pcie_aspm=force fbcon=scrollback:4096k fbcon=font:ProFont6x11 radeon.audio=0 radeon.lockup_timeout=0 radeon.test=0 radeon.agpmode=-1 radeon.benchmark=0 radeon.tv=0 radeon.hard_reset=1 radeon.aspm=1 radeon.dpm=1 radeon.msi=1 radeon.pcie_gen2=-1 radeon.no_wb=1 radeon.modeset=1 radeon.dynclks=1 radeon.r4xx_atom=0 radeon.runpm=0 radeonfb radeon.fastfb=1 nomodeset
[    0.000000] PCIe ASPM is forcibly enabled
[    0.000000] PID hash table entries: 4096 (order: 3, 32768 bytes)
[    0.000000] Memory: 15870900K/16226416K available (5251K kernel code, 721K rwdata, 2208K rodata, 848K init, 2588K bss, 355516K reserved)
[    0.000000] SLUB: HWalign=64, Order=0-3, MinObjects=0, CPUs=4, Nodes=1
[    0.000000] Hierarchical RCU implementation.
[    0.000000] 	RCU dyntick-idle grace-period acceleration is enabled.
[    0.000000] 	Additional per-CPU info printed with stalls.
[    0.000000] 	RCU restricting CPUs from NR_CPUS=64 to nr_cpu_ids=4.
[    0.000000] 	Offload RCU callbacks from all CPUs
[    0.000000] 	Offload RCU callbacks from CPUs: 0-3.
[    0.000000] RCU: Adjusting geometry for rcu_fanout_leaf=16, nr_cpu_ids=4
[    0.000000] NR_IRQS:4352 nr_irqs:456 0
[    0.000000] spurious 8259A interrupt: IRQ7.
[    0.000000] vgacon: allocated 4194304 bytes of memory for scrollback. CONFIG_VGACON_SOFT_SCROLLBACK_SIZE=4096
[    0.000000] Console: colour VGA+ 80x25
[    0.000000] console [tty0] enabled
[    0.000000] allocated 65011712 bytes of page_cgroup
[    0.000000] please try 'cgroup_disable=memory' option if you don't want memory cgroups
[    0.000000] hpet clockevent registered
[    0.000000] tsc: Fast TSC calibration using PIT
[    0.000000] tsc: Detected 1397.568 MHz processor
[    0.000041] Calibrating delay loop (skipped), value calculated using timer frequency.. 2796.60 BogoMIPS (lpj=4658560)
[    0.000201] pid_max: default: 32768 minimum: 301
[    0.000270] ACPI: Core revision 20140724
[    0.016159] ACPI: All ACPI Tables successfully acquired
[    0.017740] Security Framework initialized
[    0.018865] Dentry cache hash table entries: 2097152 (order: 12, 16777216 bytes)
[    0.024281] Inode-cache hash table entries: 1048576 (order: 11, 8388608 bytes)
[    0.027108] Mount-cache hash table entries: 32768 (order: 6, 262144 bytes)
[    0.027215] Mountpoint-cache hash table entries: 32768 (order: 6, 262144 bytes)
[    0.027707] Initializing cgroup subsys memory
[    0.027821] Initializing cgroup subsys devices
[    0.027888] Initializing cgroup subsys freezer
[    0.027954] Initializing cgroup subsys net_cls
[    0.028022] Initializing cgroup subsys blkio
[    0.028113] CPU: Physical Processor ID: 0
[    0.028175] CPU: Processor Core ID: 0
[    0.028240] mce: CPU supports 6 MCE banks
[    0.028308] Last level iTLB entries: 4KB 512, 2MB 16, 4MB 8
Last level dTLB entries: 4KB 1024, 2MB 128, 4MB 64, 1GB 0
[    0.028559] Freeing SMP alternatives memory: 20K (ffffffff81b8a000 - ffffffff81b8f000)
[    0.029223] ..TIMER: vector=0x30 apic1=0 pin1=2 apic2=-1 pin2=-1
[    0.062307] smpboot: CPU0: AMD A6-3400M APU with Radeon(tm) HD Graphics (fam: 12, model: 01, stepping: 00)
[    0.167277] Performance Events: AMD PMU driver.
[    0.167381] ... version:                0
[    0.167445] ... bit width:              48
[    0.167509] ... generic registers:      4
[    0.167572] ... value mask:             0000ffffffffffff
[    0.167637] ... max period:             00007fffffffffff
[    0.167701] ... fixed-purpose events:   0
[    0.167765] ... event mask:             000000000000000f
[    0.168306] MCE: In-kernel MCE decoding enabled.
[    0.168475] trying cpu_up:
[    0.168588] NMI watchdog: enabled on all CPUs, permanently consumes one hw-PMU counter.
[    0.168902] smpboot: ++++++++++++++++++++=_---CPU UP  1
[    0.169017] x86: Booting SMP configuration:
[    0.169082] .... node  #0, CPUs:      #1
[    0.169191] smpboot: Setting warm reset code and vector.
[    0.169316] smpboot: 1.
[    0.169379] smpboot: 2.
[    0.169441] smpboot: 3.
[    0.169504] smpboot: Asserting INIT
[    0.169567] smpboot: waiting 5 sec
[    5.179500] smpboot: done waiting
[    5.179643] smpboot: Waiting for INIT send to finish...
[    5.189760] smpboot: status for above ^ is: 0
[    5.189823] smpboot: Deasserting INIT
[    5.189885] smpboot: Waiting for above send to finish...
[    5.189948] smpboot: #startup loops: 2
[    5.190010] smpboot: Sending STARTUP #1
[    5.190072] smpboot: After apic_write
[    5.096463] smpboot: CPU#1 (phys ID: 1) waiting for CALLOUT
[    5.190434] smpboot: Startup point 1
[    5.190606] smpboot: Waiting for send to finish...
[    5.190869] smpboot: Sending STARTUP #2
[    5.190977] smpboot: After apic_write
[    5.191340] smpboot: Startup point 1
[    5.191449] smpboot: Waiting for send to finish...
[    5.191711] smpboot: After Startup
[    5.191798] smpboot: Before Callout 1
[    5.191860] smpboot: After Callout 1
[    5.098082] smpboot: Stack at about ffff880407807f44
[    5.191985] smpboot: start waiting 5sec for response
[    5.192024] smpboot: done waiting 5sec for response
[    5.192122] smpboot: cpumask_test_cpu result: -1
[    5.192185] smpboot: cpu_callin_mask: 0000000000000003
[    5.192282] smpboot: cpu_callout_mask: 0000000000000003
[    5.192346] smpboot: CPU1: has booted.
[    5.194472] TSC synchronization [CPU#0 -> CPU#1]:
[    5.194583] Measured 131059656 cycles TSC warp between CPUs, turning off TSC clock.
[    5.194724] tsc: Marking TSC unstable due to check_tsc_sync_source failed
[    5.194849] after cpu_up !!!!!!!!!!!!
[    5.194911] trying cpu_up:
[    5.195124] smpboot: ++++++++++++++++++++=_---CPU UP  2
[    5.195308]  #2
[    5.195345] smpboot: Setting warm reset code and vector.
[    5.195473] smpboot: 1.
[    5.195535] smpboot: 2.
[    5.195598] smpboot: 3.
[    5.195660] smpboot: Asserting INIT
[    5.195724] smpboot: waiting 5 sec
[   10.204644] smpboot: done waiting
[   10.204784] smpboot: Waiting for INIT send to finish...
[   10.214922] smpboot: status for above ^ is: 0
[   10.215032] smpboot: Deasserting INIT
[   10.215095] smpboot: Waiting for above send to finish...
[   10.215160] smpboot: #startup loops: 2
[   10.215223] smpboot: Sending STARTUP #1
[   10.215286] smpboot: After apic_write
[   10.087579] smpboot: CPU#2 (phys ID: 2) waiting for CALLOUT
[   10.215651] smpboot: Startup point 1
[   10.215819] smpboot: Waiting for send to finish...
[   10.216079] smpboot: Sending STARTUP #2
[   10.216187] smpboot: After apic_write
[   10.216549] smpboot: Startup point 1
[   10.216656] smpboot: Waiting for send to finish...
[   10.216919] smpboot: After Startup
[   10.217026] smpboot: Before Callout 2
[   10.217085] smpboot: After Callout 2
[   10.089199] smpboot: Stack at about ffff88040780bf44
[   10.217210] smpboot: start waiting 5sec for response
[   10.217248] smpboot: done waiting 5sec for response
[   10.217340] smpboot: cpumask_test_cpu result: -1
[   10.217400] smpboot: cpu_callin_mask: 0000000000000007
[   10.217492] smpboot: cpu_callout_mask: 0000000000000007
[   10.217552] smpboot: CPU2: has booted.
[   10.217702] after cpu_up !!!!!!!!!!!!
[   10.217741] trying cpu_up:
[   10.217951] smpboot: ++++++++++++++++++++=_---CPU UP  3
[   10.218087]  #3
[   10.218124] smpboot: Setting warm reset code and vector.
[   10.218246] smpboot: 1.
[   10.218306] smpboot: 2.
[   10.218365] smpboot: 3.
[   10.218423] smpboot: Asserting INIT
[   10.218483] smpboot: waiting 5 sec
[   18.524150] smpboot: done waiting
[   18.524243] smpboot: Waiting for INIT send to finish...
[   18.534382] smpboot: status for above ^ is: 0
[   18.534491] smpboot: Deasserting INIT
[   18.534553] smpboot: Waiting for above send to finish...
[   18.534618] smpboot: #startup loops: 2
[   18.534679] smpboot: Sending STARTUP #1
[   18.534741] smpboot: After apic_write
[   18.535103] smpboot: Startup point 1
[   18.535193] smpboot: Waiting for send to finish...
[   18.535455] smpboot: Sending STARTUP #2
[   18.535564] smpboot: After apic_write
[   18.535926] smpboot: Startup point 1
[   18.536034] smpboot: Waiting for send to finish...
[   18.536297] smpboot: After Startup
[   18.536404] smpboot: Before Callout 3
[   18.536464] smpboot: After Callout 3
[   18.536523] smpboot: start waiting 5sec for response
[   18.536666] [sched_delayed] sched: RT throttling activated
[   23.555968] smpboot: done waiting 5sec for response
[   23.556052] smpboot: cpumask_test_cpu result: 0
[   23.556149] smpboot: cpu_callin_mask: 0000000000000007
[   23.556212] smpboot: cpu_callout_mask: 000000000000000f
[   23.556309] smpboot: CPU3: Not responding
[   23.556447] smpboot: do_boot_cpu failed(1) to wakeup CPU#3
[   23.556523] doing it one more time: cpu_up !!!!!!!!!!!!
[   23.556571] smpboot: ++++++++++++++++++++=_---CPU UP  3
[   23.556694]  #3
[   23.556731] smpboot: Setting warm reset code and vector.
[   23.556854] smpboot: 1.
[   23.556916] smpboot: 2.
[   23.556979] smpboot: 3.
[   23.557041] smpboot: Asserting INIT
[   23.557106] smpboot: waiting 5 sec
[   28.570749] smpboot: done waiting
[   28.570891] smpboot: Waiting for INIT send to finish...
[   28.581033] smpboot: status for above ^ is: 0
[   28.581143] smpboot: Deasserting INIT
[   28.581206] smpboot: Waiting for above send to finish...
[   28.581270] smpboot: #startup loops: 2
[   28.581331] smpboot: Sending STARTUP #1
[   28.581392] smpboot: After apic_write
[   28.581755] smpboot: Startup point 1
[   28.581865] smpboot: Waiting for send to finish...
[   28.582129] smpboot: Sending STARTUP #2
[   28.582239] smpboot: After apic_write
[   28.582603] smpboot: Startup point 1
[   28.582716] smpboot: Waiting for send to finish...
[   28.582980] smpboot: After Startup
[   28.583090] smpboot: Before Callout 3
[   28.583153] smpboot: After Callout 3
[   28.583216] smpboot: start waiting 5sec for response
[   33.602575] smpboot: done waiting 5sec for response
[   33.602718] smpboot: cpumask_test_cpu result: 0
[   33.603879] smpboot: cpu_callin_mask: 0000000000000007
[   33.603976] smpboot: cpu_callout_mask: 000000000000000f
[   33.604039] smpboot: CPU3: Not responding
[   33.604164] smpboot: do_boot_cpu failed(1) to wakeup CPU#3
[   33.604236] after cpu_up !!!!!!!!!!!!
[   33.604275] x86: Booted up 1 node, 3 CPUs
[   33.604396] smpboot: Boot done
[   33.604460] smpboot: Before bogomips
[   33.604522] smpboot: Total of 3 processors activated (8388.80 BogoMIPS)
[   33.604585] smpboot: Before bogocount - setting activated=1
[   30.273442] devtmpfs: initialized
[   30.273484] device: 'platform': device_add
[   30.273580] bus: 'platform': registered
[   30.273654] bus: 'cpu': registered
[   30.273719] device: 'cpu': device_add
[   30.273719] bus: 'container': registered
[   30.273719] device: 'container': device_add
[   30.277002] bus: 'workqueue': registered
[   30.277122] device: 'workqueue': device_add
[   30.276989] kworker/u8:0 (39) used greatest stack depth: 15104 bytes left
[   30.277371] atomic64_test: passed for x86-64 platform with CX8 and with SSE
[   30.277444] device class 'regulator': registering
[   30.277558] Registering platform device 'reg-dummy'. Parent at platform
[   30.277671] device: 'reg-dummy': device_add
[   30.277738] bus: 'platform': add device reg-dummy
[   30.277828] bus: 'platform': add driver reg-dummy
[   30.277896] bus: 'platform': driver_probe_device: matched device reg-dummy with driver reg-dummy
[   30.278036] bus: 'platform': really_probe: probing driver reg-dummy with device reg-dummy
[   30.278159] device: 'regulator.0': device_add
[   30.278251] regulator-dummy: no parameters
[   30.278326] driver: 'reg-dummy': driver_bound: bound to device 'reg-dummy'
[   30.278393] bus: 'platform': really_probe: bound device reg-dummy to driver reg-dummy
[   30.278651] NET: Registered protocol family 16
[   30.279071] device class 'bdi': registering
[   30.279203] bus: 'platform': add driver ramoops
[   30.279286] device class 'pci_bus': registering
[   30.279277] kworker/u8:0 (45) used greatest stack depth: 14848 bytes left
[   30.279443] bus: 'pci': registered
[   30.279510] device class 'backlight': registering
[   30.279585] device class 'tty': registering
[   30.279657] device class 'vtconsole': registering
[   30.279726] device: 'vtcon0': device_add
[   30.279815] bus: 'node': registered
[   30.279881] device: 'node': device_add
[   30.280038] bus: 'i2c': registered
[   30.280038] bus: 'i2c': add driver dummy
[   30.280080] i2c-core: driver [dummy] registered
[   30.280148] cpuidle: using governor ladder
[   30.280214] cpuidle: using governor menu
[   30.280705] ACPI FADT declares the system doesn't support PCIe ASPM, so disable it
[   30.280891] ACPI: bus type PCI registered
[   30.280954] acpiphp: ACPI Hot Plug PCI Controller Driver version: 0.5
[   30.281022] device class 'dmi': registering
[   30.281095] device: 'id': device_add
[   30.281260] PCI: MMCONFIG for domain 0000 [bus 00-3f] at [mem 0xf8000000-0xfbffffff] (base 0xf8000000)
[   30.281402] PCI: not using MMCONFIG
[   30.281467] PCI: Using configuration type 1 for base access
[   30.281531] PCI: Using configuration type 1 for extended access
[   30.281898] device: 'node0': device_add
[   30.282011] bus: 'node': add device node0
[   30.282096] device: 'cpu0': device_add
[   30.282160] bus: 'cpu': add device cpu0
[   30.282252] device: 'cpu1': device_add
[   30.282319] bus: 'cpu': add device cpu1
[   30.282420] device: 'cpu2': device_add
[   30.282538] bus: 'cpu': add device cpu2
[   30.282638] device: 'cpu3': device_add
[   30.282705] bus: 'cpu': add device cpu3
[   30.282914] kworker/u8:0 (64) used greatest stack depth: 14176 bytes left
[   30.293385] device: 'writeback': device_add
[   30.293495] bus: 'workqueue': add device writeback
[   30.293608] device: 'default': device_add
[   30.293826] device class 'block': registering
[   30.293826] ACPI: Added _OSI(Module Device)
[   30.293826] ACPI: Added _OSI(Processor Device)
[   30.293826] ACPI: Added _OSI(3.0 _SCP Extensions)
[   30.293826] ACPI: Added _OSI(Processor Aggregator Device)
[   30.294825] 
**** Context Switch from TID 4294967295 to TID 133431296 ****

[   30.295040]     utils-0051 util_eval_error       : Evaluate [\_SB_.PCI0.LPC0.EC0_._GLK]: AE_NOT_FOUND
[   30.295567] Executing  Method       \_SB_.PCI0.LPC0.EC0_._REG
[   30.296321] Executing  Method       \_SB_.PCI0.LPC0.EC0_._REG
[   30.296519] Executing  Method       \_SB_.PCI0.LPC0.EC0_._REG
[   30.296727] Executing  Method       \_SB_.PCI0.LPC0.EC0_._REG
[   30.299569] Initializing Region       \_SB_.OSTY
[   30.299763] Initializing Region       \_SB_.PCI0.NBMS
[   30.299911] Initializing Region       \_SB_.PCI0.NBXP
[   30.300020] Initializing Region       \_SB_.PCI0.K8ST
[   30.300205] Initializing Region       \_SB_.PCI0.BAR1
[   30.300402] Initializing Region       \_SB_.PCI0.PB2_.XPEX
[   30.300539] Initializing Region       \_SB_.PCI0.PB2_.PCFG
[   30.300684] Initializing Region       \_SB_.PCI0.PB2_.XPCB
[   30.300832] Initializing Region       \_SB_.PCI0.PB2_.XPRI
[   30.300982] Initializing Region       \_SB_.PCI0.PB2_.VGA_.PCFG
[   30.301188] Initializing Region       \_SB_.PCI0.PB2_.HDAU.PCFG
[   30.301363] Initializing Region       \_SB_.PCI0.PB3_.XPEX
[   30.301510] Initializing Region       \_SB_.PCI0.PB3_.PCFG
[   30.301651] Initializing Region       \_SB_.PCI0.PB3_.XPCB
[   30.301787] Initializing Region       \_SB_.PCI0.PB3_.XPRI
[   30.301940] Initializing Region       \_SB_.PCI0.PB3_.VGA_.PCFG
[   30.302155] Initializing Region       \_SB_.PCI0.PB3_.HDAU.PCFG
[   30.302320] Initializing Region       \_SB_.PCI0.PB4_.XPEX
[   30.302466] Initializing Region       \_SB_.PCI0.PB4_.PCFG
[   30.302612] Initializing Region       \_SB_.PCI0.PB4_.XPCB
[   30.302760] Initializing Region       \_SB_.PCI0.PB4_.XPRI
[   30.302903] Initializing Region       \_SB_.PCI0.PB4_.XPDV.PCFG
[   30.303060] Initializing Region       \_SB_.PCI0.PB5_.XPEX
[   30.303207] Initializing Region       \_SB_.PCI0.PB5_.PCFG
[   30.303350] Initializing Region       \_SB_.PCI0.PB5_.XPCB
[   30.303497] Initializing Region       \_SB_.PCI0.PB5_.XPRI
[   30.303648] Initializing Region       \_SB_.PCI0.PB5_.XPDV.PCFG
[   30.303808] Initializing Region       \_SB_.PCI0.PB6_.XPEX
[   30.303954] Initializing Region       \_SB_.PCI0.PB6_.PCFG
[   30.304095] Initializing Region       \_SB_.PCI0.PB6_.XPCB
[   30.306681] Initializing Region       \_SB_.PCI0.PB6_.XPRI
[   30.306681] Initializing Region       \_SB_.PCI0.PB6_.XPDV.PCFG
[   30.306681] Initializing Region       \_SB_.PCI0.PB7_.XPEX
[   30.306681] Initializing Region       \_SB_.PCI0.PB7_.PCFG
[   30.306681] Initializing Region       \_SB_.PCI0.PB7_.XPCB
[   30.306681] Initializing Region       \_SB_.PCI0.PB7_.XPRI
[   30.306681] Initializing Region       \_SB_.PCI0.PB7_.XPDV.PCFG
[   30.306681] Initializing Region       \_SB_.PCI0.SATC
[   30.306681] Initializing Region       \_SB_.PCI0.RMEM
[   30.306681] Initializing Region       \_SB_.PCI0.SATA.SATX
[   30.306681] Initializing Region       \_SB_.PCI0.SATA.BAR5
[   30.323560] Initializing Region       \_SB_.PCI0.SMB_.SBRV
[   30.323770] Initializing Region       \_SB_.PCI0.SMB_.PMIO
[   30.323909] Initializing Region       \_SB_.PCI0.SMB_.ERMM
[   30.324185] Initializing Region       \_SB_.PCI0.SMB_.P1E0
[   30.324346] Initializing Region       \_SB_.PCI0.SMB_.ABIO
[   30.324496] Initializing Region       \_SB_.PCI0.SMB_.SMB0
[   30.324648] Initializing Region       \_SB_.PCI0.LPC0.PIRQ
[   30.324851] Initializing Region       \_SB_.PCI0.LPC0.LPCR
[   30.325087] Initializing Region       \_SB_.PCI0.LPC0.LPCS
[   30.325266] Initializing Region       \_SB_.PCI0.LPC0.SMI0
[   30.325413] Initializing Region       \_SB_.PCI0.LPC0.SMI1
[   30.325568] Initializing Region       \_SB_.PCI0.LPC0.EC0_.ECO1
[   30.325716] Initializing Region       \_SB_.PCI0.LPC0.EC0_.ECO2
[   30.325716] Initializing Region       \_SB_.PCI0.LPC0.EC0_.ECMB
[   30.325716] Initializing Region       \_SB_.PCI0.LPC0.EC0_.RAM_
[   30.325716] Initializing Region       \_SB_.PCI0.LPC0.EC0_.CMOS
[   30.325716] Initializing Region       \_SB_.PCI0.LPC0.EC0_.VPC0.ERAM
[   30.325716] Initializing Region       \_SB_.PCI0.SPB0.PCFG
[   30.325716] Initializing Region       \_SB_.PCI0.SPB0.XPCB
[   30.325716] Initializing Region       \_SB_.PCI0.SPB0.XPDV.PCFG
[   30.325716] Initializing Region       \_SB_.PCI0.SPB1.PCFG
[   30.325716] Initializing Region       \_SB_.PCI0.SPB1.XPCB
[   30.325716] Initializing Region       \_SB_.PCI0.SPB1.XPDV.PCFG
[   30.325716] Initializing Region       \_SB_.PCI0.SPB2.PCFG
[   30.325716] Initializing Region       \_SB_.PCI0.SPB2.XPCB
[   30.325716] Initializing Region       \_SB_.PCI0.SPB2.XPDV.PCFG
[   30.325716] Initializing Region       \_SB_.PCI0.SPB3.PCFG
[   30.325716] Initializing Region       \_SB_.PCI0.SPB3.XPCB
[   30.325811] Initializing Region       \_SB_.PCI0.SPB3.XPDV.PCFG
[   30.326124] Initializing Region       \_SB_.PCI0.VGA_.REVD
[   30.326484] Initializing BufferField  \_SB_.AMW0.WLID
[   30.327133] Initializing Region       \DEB2
[   30.327328] Initializing Region       \PMIO
[   30.327470] Initializing Region       \P01_
[   30.327640] Initializing Region       \CNVS
[   30.327800] Initializing Region       \SPRT
[   30.327963] Initializing Region       \CMIO
[   30.328268] Executing  Method       \_SB_._STA
[   30.328486] Executing  Method       \_SB_._INI
[   30.328654] Executing  Method       \_SB_.PCI0._STA
[   30.328820] Executing  Method       \_SB_.PCI0._INI
[   30.329252] [Firmware Bug]: ACPI: BIOS _OSI(Linux) query ignored
[   30.329762] Executing  Method       \_SB_.PCI0.SATA._STA
[   30.329974] Executing  Method       \_SB_.PCI0.SATA._INI
[   30.331050] Executing  Method       \_SB_.PCI0.LPC0.EC0_._REG
[   30.373447] ACPI: Interpreter enabled
[   30.373578] ACPI: (supports S0 S5)
[   30.374738] ACPI: Using IOAPIC for interrupt routing
[   30.375090] PCI: MMCONFIG for domain 0000 [bus 00-3f] at [mem 0xf8000000-0xfbffffff] (base 0xf8000000)
[   30.375972] PCI: MMCONFIG at [mem 0xf8000000-0xfbffffff] reserved in ACPI motherboard resources
[   30.376258] bus: 'acpi': registered
[   30.376370] PCI: Using host bridge windows from ACPI; if necessary, use "pci=nocrs" and report a bug
[   30.376523]      scan-1141 get_device_data       : No context for object [ffffffffffffffff]
[   30.376676]     utils-0051 util_eval_error       : Evaluate [\._STA]: AE_NOT_FOUND
[   30.376903] device: 'LNXSYSTM:00': device_add
[   30.376973] bus: 'acpi': add device LNXSYSTM:00
[   30.377067]     utils-0051 util_eval_error       : Evaluate [\._SUN]: AE_NOT_FOUND
[   30.377265]      scan-1933 add_single_object     : Added LNXSYSTM:00 [\] parent (null)
[   30.377483]      scan-1141 get_device_data       : No context for object [ffff88040d81d000]
[   30.377692]      scan-1141 get_device_data       : No context for object [ffff88040d8377d0]
[   30.377903]      scan-1141 get_device_data       : No context for object [ffff88040d8377f8]
[   30.378088]      scan-1141 get_device_data       : No context for object [ffff88040d837820]
[   30.378297]      scan-1141 get_device_data       : No context for object [ffff88040d837848]
[   30.378507]      scan-1141 get_device_data       : No context for object [ffff88040d837870]
[   30.378715]      scan-1141 get_device_data       : No context for object [ffff88040d837898]
[   30.378923]      scan-1141 get_device_data       : No context for object [ffff88040d8378c0]
[   30.379108]      scan-1141 get_device_data       : No context for object [ffff88040d8378e8]
[   30.379317]      scan-1141 get_device_data       : No context for object [ffff88040d839398]
[   30.379527]      scan-1141 get_device_data       : No context for object [ffff88040d81d028]
[   30.379736]      scan-1141 get_device_data       : No context for object [ffff88040d81d168]
[   30.380003]     utils-0051 util_eval_error       : Evaluate [\_PR_.C000._STA]: AE_NOT_FOUND
[   30.380168]      scan-1141 get_device_data       : No context for object [ffff88040d81d028]
[   30.380362] device: 'LNXCPU:00': device_add
[   30.380429] bus: 'acpi': add device LNXCPU:00
[   30.380505]     utils-0051 util_eval_error       : Evaluate [\_PR_.C000._SUN]: AE_NOT_FOUND
[   30.380710]      scan-1933 add_single_object     : Added LNXCPU:00 [\_PR_.C000] parent LNXSYSTM:00
[   30.380913]      scan-1141 get_device_data       : No context for object [ffff88040d83c398]
[   30.381109]      scan-1141 get_device_data       : No context for object [ffff88040d83c3c0]
[   30.381302]      scan-1141 get_device_data       : No context for object [ffff88040d83c3e8]
[   30.381500]      scan-1141 get_device_data       : No context for object [ffff88040d83c410]
[   30.381698]      scan-1141 get_device_data       : No context for object [ffff88040d83c438]
[   30.381895]      scan-1141 get_device_data       : No context for object [ffff88040d83c460]
[   30.382093]      scan-1141 get_device_data       : No context for object [ffff88040d81d190]
[   30.382291]     utils-0051 util_eval_error       : Evaluate [\_PR_.C001._STA]: AE_NOT_FOUND
[   30.382486]      scan-1141 get_device_data       : No context for object [ffff88040d81d028]
[   30.382692] device: 'LNXCPU:01': device_add
[   30.382755] bus: 'acpi': add device LNXCPU:01
[   30.382833]     utils-0051 util_eval_error       : Evaluate [\_PR_.C001._SUN]: AE_NOT_FOUND
[   30.383040]      scan-1933 add_single_object     : Added LNXCPU:01 [\_PR_.C001] parent LNXSYSTM:00
[   30.383196]      scan-1141 get_device_data       : No context for object [ffff88040d83c488]
[   30.383336]      scan-1141 get_device_data       : No context for object [ffff88040d83c4b0]
[   30.383533]      scan-1141 get_device_data       : No context for object [ffff88040d83c4d8]
[   30.383726]      scan-1141 get_device_data       : No context for object [ffff88040d83c500]
[   30.383923]      scan-1141 get_device_data       : No context for object [ffff88040d83c528]
[   30.384100]      scan-1141 get_device_data       : No context for object [ffff88040d83c550]
[   30.384298]      scan-1141 get_device_data       : No context for object [ffff88040d81d1b8]
[   30.384497]     utils-0051 util_eval_error       : Evaluate [\_PR_.C002._STA]: AE_NOT_FOUND
[   30.384695]      scan-1141 get_device_data       : No context for object [ffff88040d81d028]
[   30.384894] device: 'LNXCPU:02': device_add
[   30.384956] bus: 'acpi': add device LNXCPU:02
[   30.385031]     utils-0051 util_eval_error       : Evaluate [\_PR_.C002._SUN]: AE_NOT_FOUND
[   30.385217]      scan-1933 add_single_object     : Added LNXCPU:02 [\_PR_.C002] parent LNXSYSTM:00
[   30.385419]      scan-1141 get_device_data       : No context for object [ffff88040d83c578]
[   30.385617]      scan-1141 get_device_data       : No context for object [ffff88040d83c5a0]
[   30.385815]      scan-1141 get_device_data       : No context for object [ffff88040d83c5c8]
[   30.386012]      scan-1141 get_device_data       : No context for object [ffff88040d83c5f0]
[   30.386161]      scan-1141 get_device_data       : No context for object [ffff88040d83c618]
[   30.386338]      scan-1141 get_device_data       : No context for object [ffff88040d83c640]
[   30.386535]      scan-1141 get_device_data       : No context for object [ffff88040d81d1e0]
[   30.386798]     utils-0051 util_eval_error       : Evaluate [\_PR_.C003._STA]: AE_NOT_FOUND
[   30.386993]      scan-1141 get_device_data       : No context for object [ffff88040d81d028]
[   30.387177] device: 'LNXCPU:03': device_add
[   30.387240] bus: 'acpi': add device LNXCPU:03
[   30.387305]     utils-0051 util_eval_error       : Evaluate [\_PR_.C003._SUN]: AE_NOT_FOUND
[   30.387504]      scan-1933 add_single_object     : Added LNXCPU:03 [\_PR_.C003] parent LNXSYSTM:00
[   30.387702]      scan-1141 get_device_data       : No context for object [ffff88040d83c668]
[   30.387898]      scan-1141 get_device_data       : No context for object [ffff88040d83c690]
[   30.388092]      scan-1141 get_device_data       : No context for object [ffff88040d83c6b8]
[   30.388275]      scan-1141 get_device_data       : No context for object [ffff88040d83c6e0]
[   30.388472]      scan-1141 get_device_data       : No context for object [ffff88040d83c708]
[   30.388662]      scan-1141 get_device_data       : No context for object [ffff88040d83c730]
[   30.388858]      scan-1141 get_device_data       : No context for object [ffff88040d81d050]
[   30.389056]     utils-0051 util_eval_error       : Evaluate [\_SB_._STA]: AE_NOT_FOUND
[   30.389253] device: 'LNXSYBUS:00': device_add
[   30.389340] bus: 'acpi': add device LNXSYBUS:00
[   30.389419]     utils-0051 util_eval_error       : Evaluate [\_SB_._SUN]: AE_NOT_FOUND
[   30.389624]      scan-1933 add_single_object     : Added LNXSYBUS:00 [\_SB_] parent LNXSYSTM:00
[   30.389823]      scan-1141 get_device_data       : No context for object [ffff88040d81d3c0]
[   30.390003]      scan-1141 get_device_data       : No context for object [ffff88040d81d3e8]
[   30.390179]      scan-1141 get_device_data       : No context for object [ffff88040d81d410]
[   30.390375]      scan-1141 get_device_data       : No context for object [ffff88040d81d438]
[   30.390569]      scan-1141 get_device_data       : No context for object [ffff88040d81d460]
[   30.390763]      scan-1141 get_device_data       : No context for object [ffff88040d81d488]
[   30.390961]      scan-1141 get_device_data       : No context for object [ffff88040d81d4b0]
[   30.391135]      scan-1141 get_device_data       : No context for object [ffff88040d81d5a0]
[   30.391334]     utils-0051 util_eval_error       : Evaluate [\_SB_.PWRB._STA]: AE_NOT_FOUND
[   30.391566] device: 'PNP0C0C:00': device_add
[   30.391629] bus: 'acpi': add device PNP0C0C:00
[   30.391704]     utils-0051 util_eval_error       : Evaluate [\_SB_.PWRB._SUN]: AE_NOT_FOUND
[   30.391912]      scan-1933 add_single_object     : Added PNP0C0C:00 [\_SB_.PWRB] parent LNXSYBUS:00
[   30.392119]      scan-1141 get_device_data       : No context for object [ffff88040d81d5c8]
[   30.392313]      scan-1141 get_device_data       : No context for object [ffff88040d81d5f0]
[   30.392514]     utils-0051 util_eval_error       : Evaluate [\_SB_.PCI0._STA]: AE_NOT_FOUND
[   30.392765] device: 'PNP0A08:00': device_add
[   30.392874] bus: 'acpi': add device PNP0A08:00
[   30.392953]     utils-0051 util_eval_error       : Evaluate [\_SB_.PCI0._SUN]: AE_NOT_FOUND
[   30.393355]      scan-1933 add_single_object     : Added PNP0A08:00 [\_SB_.PCI0] parent LNXSYBUS:00
[   30.393554]      scan-1141 get_device_data       : No context for object [ffff88040d81d618]
[   30.393752]      scan-1141 get_device_data       : No context for object [ffff88040d81d640]
[   30.393946]      scan-1141 get_device_data       : No context for object [ffff88040d81d668]
[   30.394143]      scan-1141 get_device_data       : No context for object [ffff88040d81d690]
[   30.394320]      scan-1141 get_device_data       : No context for object [ffff88040d81d6b8]
[   30.394517]      scan-1141 get_device_data       : No context for object [ffff88040d81d6e0]
[   30.394715]      scan-1141 get_device_data       : No context for object [ffff88040d81d708]
[   30.394912]      scan-1141 get_device_data       : No context for object [ffff88040d81d730]
[   30.395109]      scan-1141 get_device_data       : No context for object [ffff88040d81d758]
[   30.395304]      scan-1141 get_device_data       : No context for object [ffff88040d81d780]
[   30.395502]      scan-1141 get_device_data       : No context for object [ffff88040d81d7a8]
[   30.395699]      scan-1141 get_device_data       : No context for object [ffff88040d81d7d0]
[   30.396669]      scan-1141 get_device_data       : No context for object [ffff88040d81d7f8]
[   30.396866]      scan-1141 get_device_data       : No context for object [ffff88040d81d820]
[   30.397062]      scan-1141 get_device_data       : No context for object [ffff88040d81d848]
[   30.397255]      scan-1141 get_device_data       : No context for object [ffff88040d81d870]
[   30.397453]      scan-1141 get_device_data       : No context for object [ffff88040d81d898]
[   30.397650]      scan-1141 get_device_data       : No context for object [ffff88040d81d8c0]
[   30.397848]      scan-1141 get_device_data       : No context for object [ffff88040d81d8e8]
[   30.398045]      scan-1141 get_device_data       : No context for object [ffff88040d81d910]
[   30.398233]      scan-1141 get_device_data       : No context for object [ffff88040d81d938]
[   30.398426]      scan-1141 get_device_data       : No context for object [ffff88040d81d960]
[   30.398624]      scan-1141 get_device_data       : No context for object [ffff88040d81d988]
[   30.398822]      scan-1141 get_device_data       : No context for object [ffff88040d81d9b0]
[   30.399019]      scan-1141 get_device_data       : No context for object [ffff88040d81d9d8]
[   30.399169]      scan-1141 get_device_data       : No context for object [ffff88040d81da00]
[   30.399346]      scan-1141 get_device_data       : No context for object [ffff88040d81da28]
[   30.399543]      scan-1141 get_device_data       : No context for object [ffff88040d81da50]
[   30.399737]      scan-1141 get_device_data       : No context for object [ffff88040d81da78]
[   30.400002]      scan-1141 get_device_data       : No context for object [ffff88040d81daa0]
[   30.400179]      scan-1141 get_device_data       : No context for object [ffff88040d81dac8]
[   30.400377]      scan-1141 get_device_data       : No context for object [ffff88040d81daf0]
[   30.400575]      scan-1141 get_device_data       : No context for object [ffff88040d81db18]
[   30.400771]      scan-1141 get_device_data       : No context for object [ffff88040d81db40]
[   30.400966]      scan-1141 get_device_data       : No context for object [ffff88040d81db68]
[   30.401155]      scan-1141 get_device_data       : No context for object [ffff88040d81db90]
[   30.401352]      scan-1141 get_device_data       : No context for object [ffff88040d81dbb8]
[   30.401549]      scan-1141 get_device_data       : No context for object [ffff88040d81dbe0]
[   30.401746]      scan-1141 get_device_data       : No context for object [ffff88040d81dc08]
[   30.401943]      scan-1141 get_device_data       : No context for object [ffff88040d81dc30]
[   30.402138]      scan-1141 get_device_data       : No context for object [ffff88040d81dc58]
[   30.402335]      scan-1141 get_device_data       : No context for object [ffff88040d81dc80]
[   30.402533]      scan-1141 get_device_data       : No context for object [ffff88040d81dca8]
[   30.402730]      scan-1141 get_device_data       : No context for object [ffff88040d81dcd0]
[   30.402927]      scan-1141 get_device_data       : No context for object [ffff88040d81dcf8]
[   30.403124]      scan-1141 get_device_data       : No context for object [ffff88040d81dd20]
[   30.403321]      scan-1141 get_device_data       : No context for object [ffff88040d81dd48]
[   30.403493]      scan-1141 get_device_data       : No context for object [ffff88040d81dd70]
[   30.403687]      scan-1141 get_device_data       : No context for object [ffff88040d81dd98]
[   30.403883]      scan-1141 get_device_data       : No context for object [ffff88040d81ddc0]
[   30.404078]      scan-1141 get_device_data       : No context for object [ffff88040d81dde8]
[   30.404227]      scan-1141 get_device_data       : No context for object [ffff88040d81de10]
[   30.404404]      scan-1141 get_device_data       : No context for object [ffff88040d81de38]
[   30.404594]      scan-1141 get_device_data       : No context for object [ffff88040d81de60]
[   30.404790]      scan-1141 get_device_data       : No context for object [ffff88040d81de88]
[   30.404984]      scan-1141 get_device_data       : No context for object [ffff88040d81deb0]
[   30.405161]      scan-1141 get_device_data       : No context for object [ffff88040d81ded8]
[   30.405354]      scan-1141 get_device_data       : No context for object [ffff88040d81df00]
[   30.405549]      scan-1141 get_device_data       : No context for object [ffff88040d81df28]
[   30.405743]      scan-1141 get_device_data       : No context for object [ffff88040d81df50]
[   30.405935]      scan-1141 get_device_data       : No context for object [ffff88040d81df78]
[   30.406130]      scan-1141 get_device_data       : No context for object [ffff88040d81dfa0]
[   30.406324]      scan-1141 get_device_data       : No context for object [ffff88040d81dfc8]
[   30.406519]      scan-1141 get_device_data       : No context for object [ffff88040d822000]
[   30.406669]      scan-1141 get_device_data       : No context for object [ffff88040d822028]
[   30.406863]     utils-0051 util_eval_error       : Evaluate [\_SB_.PCI0.MEMR._STA]: AE_NOT_FOUND
[   30.407086] device: 'PNP0C02:00': device_add
[   30.407149] bus: 'acpi': add device PNP0C02:00
[   30.407223]     utils-0051 util_eval_error       : Evaluate [\_SB_.PCI0.MEMR._SUN]: AE_NOT_FOUND
[   30.407409]      scan-1933 add_single_object     : Added PNP0C02:00 [\_SB_.PCI0.MEMR] parent PNP0A08:00
[   30.407613]      scan-1141 get_device_data       : No context for object [ffff88040d822050]
[   30.407811]      scan-1141 get_device_data       : No context for object [ffff88040d822078]
[   30.408008]      scan-1141 get_device_data       : No context for object [ffff88040d8220a0]
[   30.408157]      scan-1141 get_device_data       : No context for object [ffff88040d8220c8]
[   30.408331]      scan-1141 get_device_data       : No context for object [ffff88040d8220f0]
[   30.408528]      scan-1141 get_device_data       : No context for object [ffff88040d822118]
[   30.408725]      scan-1141 get_device_data       : No context for object [ffff88040d822140]
[   30.408922]      scan-1141 get_device_data       : No context for object [ffff88040d822168]
[   30.409099]      scan-1141 get_device_data       : No context for object [ffff88040d822190]
[   30.409296]      scan-1141 get_device_data       : No context for object [ffff88040d8221b8]
[   30.409490]      scan-1141 get_device_data       : No context for object [ffff88040d8221e0]
[   30.409687]      scan-1141 get_device_data       : No context for object [ffff88040d822208]
[   30.409884]      scan-1141 get_device_data       : No context for object [ffff88040d822230]
[   30.410131]      scan-1141 get_device_data       : No context for object [ffff88040d822258]
[   30.410328]      scan-1141 get_device_data       : No context for object [ffff88040d822280]
[   30.410526]      scan-1141 get_device_data       : No context for object [ffff88040d8222a8]
[   30.410722]     utils-0051 util_eval_error       : Evaluate [\_SB_.PCI0.PB2_._STA]: AE_NOT_FOUND
[   30.411023] device: 'device:00': device_add
[   30.411086] bus: 'acpi': add device device:00
[   30.411161]     utils-0051 util_eval_error       : Evaluate [\_SB_.PCI0.PB2_._SUN]: AE_NOT_FOUND
[   30.411348]      scan-1933 add_single_object     : Added device:00 [\_SB_.PCI0.PB2_] parent PNP0A08:00
[   30.412566]      scan-1141 get_device_data       : No context for object [ffff88040d8222d0]
[   30.412764]      scan-1141 get_device_data       : No context for object [ffff88040d8222f8]
[   30.412961]      scan-1141 get_device_data       : No context for object [ffff88040d822320]
[   30.413137]      scan-1141 get_device_data       : No context for object [ffff88040d822348]
[   30.413336]      scan-1141 get_device_data       : No context for object [ffff88040d822370]
[   30.413534]      scan-1141 get_device_data       : No context for object [ffff88040d822398]
[   30.413732]      scan-1141 get_device_data       : No context for object [ffff88040d8223c0]
[   30.413930]      scan-1141 get_device_data       : No context for object [ffff88040d8223e8]
[   30.414128]      scan-1141 get_device_data       : No context for object [ffff88040d822410]
[   30.414325]      scan-1141 get_device_data       : No context for object [ffff88040d822438]
[   30.414520]      scan-1141 get_device_data       : No context for object [ffff88040d822460]
[   30.414717]      scan-1141 get_device_data       : No context for object [ffff88040d822488]
[   30.414915]      scan-1141 get_device_data       : No context for object [ffff88040d8224b0]
[   30.415112]      scan-1141 get_device_data       : No context for object [ffff88040d8224d8]
[   30.415309]      scan-1141 get_device_data       : No context for object [ffff88040d822500]
[   30.415506]      scan-1141 get_device_data       : No context for object [ffff88040d822528]
[   30.415699]      scan-1141 get_device_data       : No context for object [ffff88040d822550]
[   30.415896]      scan-1141 get_device_data       : No context for object [ffff88040d822578]
[   30.416094]      scan-1141 get_device_data       : No context for object [ffff88040d8225a0]
[   30.416278]      scan-1141 get_device_data       : No context for object [ffff88040d8225c8]
[   30.416475]      scan-1141 get_device_data       : No context for object [ffff88040d8225f0]
[   30.416669]      scan-1141 get_device_data       : No context for object [ffff88040d822618]
[   30.416862]      scan-1141 get_device_data       : No context for object [ffff88040d822640]
[   30.417061]      scan-1141 get_device_data       : No context for object [ffff88040d822668]
[   30.417212]      scan-1141 get_device_data       : No context for object [ffff88040d822690]
[   30.417389]      scan-1141 get_device_data       : No context for object [ffff88040d8226b8]
[   30.417586]      scan-1141 get_device_data       : No context for object [ffff88040d8226e0]
[   30.417783]      scan-1141 get_device_data       : No context for object [ffff88040d822708]
[   30.417980]      scan-1141 get_device_data       : No context for object [ffff88040d822730]
[   30.418153]      scan-1141 get_device_data       : No context for object [ffff88040d822758]
[   30.418351]      scan-1141 get_device_data       : No context for object [ffff88040d822780]
[   30.418550]     utils-0051 util_eval_error       : Evaluate [\_SB_.PCI0.PB2_.VGA_._STA]: AE_NOT_FOUND
[   30.418790] device: 'device:01': device_add
[   30.418899] bus: 'acpi': add device device:01
[   30.418976]     utils-0051 util_eval_error       : Evaluate [\_SB_.PCI0.PB2_.VGA_._SUN]: AE_NOT_FOUND
[   30.419158]      scan-1933 add_single_object     : Added device:01 [\_SB_.PCI0.PB2_.VGA_] parent device:00
[   30.419355]      scan-1141 get_device_data       : No context for object [ffff88040d8227a8]
[   30.419553]      scan-1141 get_device_data       : No context for object [ffff88040d8227d0]
[   30.419751]      scan-1141 get_device_data       : No context for object [ffff88040d8227f8]
[   30.419948]      scan-1141 get_device_data       : No context for object [ffff88040d822820]
[   30.420146]      scan-1141 get_device_data       : No context for object [ffff88040d822848]
[   30.420340]      scan-1141 get_device_data       : No context for object [ffff88040d822870]
[   30.420532]      scan-1141 get_device_data       : No context for object [ffff88040d822898]
[   30.420728]      scan-1141 get_device_data       : No context for object [ffff88040d8228c0]
[   30.420922]      scan-1141 get_device_data       : No context for object [ffff88040d8228e8]
[   30.421116]      scan-1141 get_device_data       : No context for object [ffff88040d822910]
[   30.421313]      scan-1141 get_device_data       : No context for object [ffff88040d822938]
[   30.421508]      scan-1141 get_device_data       : No context for object [ffff88040d822960]
[   30.421702]      scan-1141 get_device_data       : No context for object [ffff88040d822988]
[   30.421894]      scan-1141 get_device_data       : No context for object [ffff88040d8229b0]
[   30.422089]      scan-1141 get_device_data       : No context for object [ffff88040d8229d8]
[   30.422237]      scan-1141 get_device_data       : No context for object [ffff88040d822a00]
[   30.422414]      scan-1141 get_device_data       : No context for object [ffff88040d822a28]
[   30.422609]      scan-1141 get_device_data       : No context for object [ffff88040d822a50]
[   30.422804]      scan-1141 get_device_data       : No context for object [ffff88040d822a78]
[   30.422995]      scan-1141 get_device_data       : No context for object [ffff88040d822aa0]
[   30.423171]      scan-1141 get_device_data       : No context for object [ffff88040d822ac8]
[   30.423335]      scan-1141 get_device_data       : No context for object [ffff88040d822af0]
[   30.423530]      scan-1141 get_device_data       : No context for object [ffff88040d822b18]
[   30.423724]      scan-1141 get_device_data       : No context for object [ffff88040d822b40]
[   30.423920]      scan-1141 get_device_data       : No context for object [ffff88040d822b68]
[   30.424114]      scan-1141 get_device_data       : No context for object [ffff88040d822b90]
[   30.424307]      scan-1141 get_device_data       : No context for object [ffff88040d822bb8]
[   30.424504]      scan-1141 get_device_data       : No context for object [ffff88040d822be0]
[   30.424702]      scan-1141 get_device_data       : No context for object [ffff88040d822c08]
[   30.424899]      scan-1141 get_device_data       : No context for object [ffff88040d822c30]
[   30.425096]      scan-1141 get_device_data       : No context for object [ffff88040d822c58]
[   30.425293]      scan-1141 get_device_data       : No context for object [ffff88040d822c80]
[   30.425487]      scan-1141 get_device_data       : No context for object [ffff88040d822ca8]
[   30.425684]      scan-1141 get_device_data       : No context for object [ffff88040d822cd0]
[   30.425882]      scan-1141 get_device_data       : No context for object [ffff88040d822cf8]
[   30.426080]      scan-1141 get_device_data       : No context for object [ffff88040d822d20]
[   30.426258]      scan-1141 get_device_data       : No context for object [ffff88040d822d48]
[   30.426455]      scan-1141 get_device_data       : No context for object [ffff88040d822d70]
[   30.426668]      scan-1141 get_device_data       : No context for object [ffff88040d822d98]
[   30.426865]      scan-1141 get_device_data       : No context for object [ffff88040d837438]
[   30.427064]      scan-1141 get_device_data       : No context for object [ffff88040d822dc0]
[   30.427216]     utils-0051 util_eval_error       : Evaluate [\_SB_.PCI0.PB2_.HDAU._STA]: AE_NOT_FOUND
[   30.427427] device: 'device:02': device_add
[   30.427490] bus: 'acpi': add device device:02
[   30.427564]     utils-0051 util_eval_error       : Evaluate [\_SB_.PCI0.PB2_.HDAU._SUN]: AE_NOT_FOUND
[   30.427768]      scan-1933 add_single_object     : Added device:02 [\_SB_.PCI0.PB2_.HDAU] parent device:00
[   30.427965]      scan-1141 get_device_data       : No context for object [ffff88040d822de8]
[   30.428142]      scan-1141 get_device_data       : No context for object [ffff88040d822e10]
[   30.428339]      scan-1141 get_device_data       : No context for object [ffff88040d822e38]
[   30.428537]      scan-1141 get_device_data       : No context for object [ffff88040d822e60]
[   30.428734]      scan-1141 get_device_data       : No context for object [ffff88040d822e88]
[   30.428931]      scan-1141 get_device_data       : No context for object [ffff88040d822eb0]
[   30.429127]      scan-1141 get_device_data       : No context for object [ffff88040d822ed8]
[   30.429326]     utils-0051 util_eval_error       : Evaluate [\_SB_.PCI0.PB3_._STA]: AE_NOT_FOUND
[   30.429621] device: 'device:03': device_add
[   30.429684] bus: 'acpi': add device device:03
[   30.429760]     utils-0051 util_eval_error       : Evaluate [\_SB_.PCI0.PB3_._SUN]: AE_NOT_FOUND
[   30.430011]      scan-1933 add_single_object     : Added device:03 [\_SB_.PCI0.PB3_] parent PNP0A08:00
[   30.430193]      scan-1141 get_device_data       : No context for object [ffff88040d822f00]
[   30.430390]      scan-1141 get_device_data       : No context for object [ffff88040d822f28]
[   30.430586]      scan-1141 get_device_data       : No context for object [ffff88040d822f50]
[   30.430783]      scan-1141 get_device_data       : No context for object [ffff88040d822f78]
[   30.430981]      scan-1141 get_device_data       : No context for object [ffff88040d822fa0]
[   30.431158]      scan-1141 get_device_data       : No context for object [ffff88040d822fc8]
[   30.431355]      scan-1141 get_device_data       : No context for object [ffff88040d823000]
[   30.431552]      scan-1141 get_device_data       : No context for object [ffff88040d823028]
[   30.431749]      scan-1141 get_device_data       : No context for object [ffff88040d823050]
[   30.431944]      scan-1141 get_device_data       : No context for object [ffff88040d823078]
[   30.432141]      scan-1141 get_device_data       : No context for object [ffff88040d8230a0]
[   30.433336]      scan-1141 get_device_data       : No context for object [ffff88040d8230c8]
[   30.433533]      scan-1141 get_device_data       : No context for object [ffff88040d8230f0]
[   30.433730]      scan-1141 get_device_data       : No context for object [ffff88040d823118]
[   30.433927]      scan-1141 get_device_data       : No context for object [ffff88040d823140]
[   30.434120]      scan-1141 get_device_data       : No context for object [ffff88040d823168]
[   30.434297]      scan-1141 get_device_data       : No context for object [ffff88040d823190]
[   30.434495]      scan-1141 get_device_data       : No context for object [ffff88040d8231b8]
[   30.434692]      scan-1141 get_device_data       : No context for object [ffff88040d8231e0]
[   30.434889]      scan-1141 get_device_data       : No context for object [ffff88040d823208]
[   30.435087]      scan-1141 get_device_data       : No context for object [ffff88040d823230]
[   30.435236]      scan-1141 get_device_data       : No context for object [ffff88040d823258]
[   30.435411]      scan-1141 get_device_data       : No context for object [ffff88040d823280]
[   30.435608]      scan-1141 get_device_data       : No context for object [ffff88040d8232a8]
[   30.435805]      scan-1141 get_device_data       : No context for object [ffff88040d8232d0]
[   30.436003]      scan-1141 get_device_data       : No context for object [ffff88040d8232f8]
[   30.436180]      scan-1141 get_device_data       : No context for object [ffff88040d823320]
[   30.436377]      scan-1141 get_device_data       : No context for object [ffff88040d823348]
[   30.436570]      scan-1141 get_device_data       : No context for object [ffff88040d823370]
[   30.436669]      scan-1141 get_device_data       : No context for object [ffff88040d823398]
[   30.436866]      scan-1141 get_device_data       : No context for object [ffff88040d8233c0]
[   30.437055]     utils-0051 util_eval_error       : Evaluate [\_SB_.PCI0.PB3_.VGA_._STA]: AE_NOT_FOUND
[   30.437281]     video-0058 backlight_cap_match   : Found generic backlight support
[   30.437482] device: 'LNXVIDEO:00': device_add
[   30.437541] bus: 'acpi': add device LNXVIDEO:00
[   30.437608]     utils-0051 util_eval_error       : Evaluate [\_SB_.PCI0.PB3_.VGA_._SUN]: AE_NOT_FOUND
[   30.437813]      scan-1933 add_single_object     : Added LNXVIDEO:00 [\_SB_.PCI0.PB3_.VGA_] parent device:03
[   30.438019]      scan-1141 get_device_data       : No context for object [ffff88040d8233e8]
[   30.438196]      scan-1141 get_device_data       : No context for object [ffff88040d823410]
[   30.438391]      scan-1141 get_device_data       : No context for object [ffff88040d823438]
[   30.438588]      scan-1141 get_device_data       : No context for object [ffff88040d823460]
[   30.438782]      scan-1141 get_device_data       : No context for object [ffff88040d823488]
[   30.438975]      scan-1141 get_device_data       : No context for object [ffff88040d8234b0]
[   30.439125]      scan-1141 get_device_data       : No context for object [ffff88040d8234d8]
[   30.439302]      scan-1141 get_device_data       : No context for object [ffff88040d823500]
[   30.439497]      scan-1141 get_device_data       : No context for object [ffff88040d823528]
[   30.439693]      scan-1141 get_device_data       : No context for object [ffff88040d823550]
[   30.439887]      scan-1141 get_device_data       : No context for object [ffff88040d823578]
[   30.440141]      scan-1141 get_device_data       : No context for object [ffff88040d8235a0]
[   30.440337]      scan-1141 get_device_data       : No context for object [ffff88040d8235c8]
[   30.440533]      scan-1141 get_device_data       : No context for object [ffff88040d8235f0]
[   30.440727]      scan-1141 get_device_data       : No context for object [ffff88040d823618]
[   30.440921]      scan-1141 get_device_data       : No context for object [ffff88040d823640]
[   30.441118]      scan-1141 get_device_data       : No context for object [ffff88040d823668]
[   30.441314]      scan-1141 get_device_data       : No context for object [ffff88040d823690]
[   30.441510]      scan-1141 get_device_data       : No context for object [ffff88040d8236b8]
[   30.441707]      scan-1141 get_device_data       : No context for object [ffff88040d8236e0]
[   30.441904]      scan-1141 get_device_data       : No context for object [ffff88040d823708]
[   30.442101]      scan-1141 get_device_data       : No context for object [ffff88040d823730]
[   30.442299]      scan-1141 get_device_data       : No context for object [ffff88040d823758]
[   30.442495]      scan-1141 get_device_data       : No context for object [ffff88040d823780]
[   30.442688]      scan-1141 get_device_data       : No context for object [ffff88040d8237a8]
[   30.442886]      scan-1141 get_device_data       : No context for object [ffff88040d8237d0]
[   30.443083]      scan-1141 get_device_data       : No context for object [ffff88040d8237f8]
[   30.443264]      scan-1141 get_device_data       : No context for object [ffff88040d823820]
[   30.443464]      scan-1141 get_device_data       : No context for object [ffff88040d823848]
[   30.443661]      scan-1141 get_device_data       : No context for object [ffff88040d823870]
[   30.443854]      scan-1141 get_device_data       : No context for object [ffff88040d823898]
[   30.444053]      scan-1141 get_device_data       : No context for object [ffff88040d8238c0]
[   30.444204]      scan-1141 get_device_data       : No context for object [ffff88040d8238e8]
[   30.444381]      scan-1141 get_device_data       : No context for object [ffff88040d823910]
[   30.444578]      scan-1141 get_device_data       : No context for object [ffff88040d823938]
[   30.444776]      scan-1141 get_device_data       : No context for object [ffff88040d823960]
[   30.444973]      scan-1141 get_device_data       : No context for object [ffff88040d823988]
[   30.445147]      scan-1141 get_device_data       : No context for object [ffff88040d8239b0]
[   30.445345]      scan-1141 get_device_data       : No context for object [ffff88040d8239d8]
[   30.445542]      scan-1141 get_device_data       : No context for object [ffff88040d837460]
[   30.445739]      scan-1141 get_device_data       : No context for object [ffff88040d83ac08]
[   30.445936]      scan-1141 get_device_data       : No context for object [ffff88040d83ac30]
[   30.446133]      scan-1141 get_device_data       : No context for object [ffff88040d83ac58]
[   30.446326]     utils-0051 util_eval_error       : Evaluate [\_SB_.PCI0.PB3_.VGA_.CRT_._STA]: AE_NOT_FOUND
[   30.446570] device: 'device:04': device_add
[   30.446672] bus: 'acpi': add device device:04
[   30.446747]     utils-0051 util_eval_error       : Evaluate [\_SB_.PCI0.PB3_.VGA_.CRT_._SUN]: AE_NOT_FOUND
[   30.446955]      scan-1933 add_single_object     : Added device:04 [\_SB_.PCI0.PB3_.VGA_.CRT_] parent LNXVIDEO:00
[   30.447136]      scan-1141 get_device_data       : No context for object [ffff88040d83ac80]
[   30.447334]      scan-1141 get_device_data       : No context for object [ffff88040d83aca8]
[   30.447527]      scan-1141 get_device_data       : No context for object [ffff88040d83acd0]
[   30.447727]      scan-1141 get_device_data       : No context for object [ffff88040d83acf8]
[   30.447924]      scan-1141 get_device_data       : No context for object [ffff88040d83ad20]
[   30.448123]     utils-0051 util_eval_error       : Evaluate [\_SB_.PCI0.PB3_.VGA_.LCD_._STA]: AE_NOT_FOUND
[   30.449383] device: 'device:05': device_add
[   30.449492] bus: 'acpi': add device device:05
[   30.449567]     utils-0051 util_eval_error       : Evaluate [\_SB_.PCI0.PB3_.VGA_.LCD_._SUN]: AE_NOT_FOUND
[   30.449774]      scan-1933 add_single_object     : Added device:05 [\_SB_.PCI0.PB3_.VGA_.LCD_] parent LNXVIDEO:00
[   30.450003]      scan-1141 get_device_data       : No context for object [ffff88040d83ad48]
[   30.450181]      scan-1141 get_device_data       : No context for object [ffff88040d83ad70]
[   30.450378]      scan-1141 get_device_data       : No context for object [ffff88040d83ad98]
[   30.450575]      scan-1141 get_device_data       : No context for object [ffff88040d83adc0]
[   30.450772]      scan-1141 get_device_data       : No context for object [ffff88040d83ade8]
[   30.450969]      scan-1141 get_device_data       : No context for object [ffff88040d83ae10]
[   30.451150]      scan-1141 get_device_data       : No context for object [ffff88040d83ae38]
[   30.451345]      scan-1141 get_device_data       : No context for object [ffff88040d83ae60]
[   30.451544]     utils-0051 util_eval_error       : Evaluate [\_SB_.PCI0.PB3_.VGA_.TV0_._STA]: AE_NOT_FOUND
[   30.451776] device: 'device:06': device_add
[   30.451839] bus: 'acpi': add device device:06
[   30.451916]     utils-0051 util_eval_error       : Evaluate [\_SB_.PCI0.PB3_.VGA_.TV0_._SUN]: AE_NOT_FOUND
[   30.452124]      scan-1933 add_single_object     : Added device:06 [\_SB_.PCI0.PB3_.VGA_.TV0_] parent LNXVIDEO:00
[   30.452303]      scan-1141 get_device_data       : No context for object [ffff88040d83ae88]
[   30.452495]      scan-1141 get_device_data       : No context for object [ffff88040d83aeb0]
[   30.452693]      scan-1141 get_device_data       : No context for object [ffff88040d83aed8]
[   30.452891]      scan-1141 get_device_data       : No context for object [ffff88040d83af00]
[   30.453088]      scan-1141 get_device_data       : No context for object [ffff88040d83af28]
[   30.453241]     utils-0051 util_eval_error       : Evaluate [\_SB_.PCI0.PB3_.VGA_.HDMI._STA]: AE_NOT_FOUND
[   30.453379] device: 'device:07': device_add
[   30.453484] bus: 'acpi': add device device:07
[   30.453549]     utils-0051 util_eval_error       : Evaluate [\_SB_.PCI0.PB3_.VGA_.HDMI._SUN]: AE_NOT_FOUND
[   30.453752]      scan-1933 add_single_object     : Added device:07 [\_SB_.PCI0.PB3_.VGA_.HDMI] parent LNXVIDEO:00
[   30.453953]      scan-1141 get_device_data       : No context for object [ffff88040d83af50]
[   30.454129]      scan-1141 get_device_data       : No context for object [ffff88040d83af78]
[   30.454324]      scan-1141 get_device_data       : No context for object [ffff88040d83afa0]
[   30.454520]      scan-1141 get_device_data       : No context for object [ffff88040d83afc8]
[   30.454715]      scan-1141 get_device_data       : No context for object [ffff88040d823a00]
[   30.454906]     utils-0051 util_eval_error       : Evaluate [\_SB_.PCI0.PB3_.HDAU._STA]: AE_NOT_FOUND
[   30.455117] device: 'device:08': device_add
[   30.455178] bus: 'acpi': add device device:08
[   30.455256]     utils-0051 util_eval_error       : Evaluate [\_SB_.PCI0.PB3_.HDAU._SUN]: AE_NOT_FOUND
[   30.455459]      scan-1933 add_single_object     : Added device:08 [\_SB_.PCI0.PB3_.HDAU] parent device:03
[   30.455658]      scan-1141 get_device_data       : No context for object [ffff88040d823a28]
[   30.455852]      scan-1141 get_device_data       : No context for object [ffff88040d823a50]
[   30.456043]      scan-1141 get_device_data       : No context for object [ffff88040d823a78]
[   30.456238]      scan-1141 get_device_data       : No context for object [ffff88040d823aa0]
[   30.456432]      scan-1141 get_device_data       : No context for object [ffff88040d823ac8]
[   30.456669]      scan-1141 get_device_data       : No context for object [ffff88040d823af0]
[   30.456864]      scan-1141 get_device_data       : No context for object [ffff88040d823b18]
[   30.457061]     utils-0051 util_eval_error       : Evaluate [\_SB_.PCI0.PB4_._STA]: AE_NOT_FOUND
[   30.457269] device: 'device:09': device_add
[   30.457329] bus: 'acpi': add device device:09
[   30.457402]     utils-0051 util_eval_error       : Evaluate [\_SB_.PCI0.PB4_._SUN]: AE_NOT_FOUND
[   30.457607]      scan-1933 add_single_object     : Added device:09 [\_SB_.PCI0.PB4_] parent PNP0A08:00
[   30.457809]      scan-1141 get_device_data       : No context for object [ffff88040d823b40]
[   30.458006]      scan-1141 get_device_data       : No context for object [ffff88040d823b68]
[   30.458183]      scan-1141 get_device_data       : No context for object [ffff88040d823b90]
[   30.458381]      scan-1141 get_device_data       : No context for object [ffff88040d823bb8]
[   30.458575]      scan-1141 get_device_data       : No context for object [ffff88040d823be0]
[   30.458773]      scan-1141 get_device_data       : No context for object [ffff88040d823c08]
[   30.458970]      scan-1141 get_device_data       : No context for object [ffff88040d823c30]
[   30.459147]      scan-1141 get_device_data       : No context for object [ffff88040d823c58]
[   30.459344]      scan-1141 get_device_data       : No context for object [ffff88040d823c80]
[   30.459542]      scan-1141 get_device_data       : No context for object [ffff88040d823ca8]
[   30.459737]      scan-1141 get_device_data       : No context for object [ffff88040d823cd0]
[   30.459934]      scan-1141 get_device_data       : No context for object [ffff88040d823cf8]
[   30.460144]      scan-1141 get_device_data       : No context for object [ffff88040d823d20]
[   30.460342]      scan-1141 get_device_data       : No context for object [ffff88040d823d48]
[   30.460539]      scan-1141 get_device_data       : No context for object [ffff88040d823d70]
[   30.460737]      scan-1141 get_device_data       : No context for object [ffff88040d823d98]
[   30.460934]      scan-1141 get_device_data       : No context for object [ffff88040d823dc0]
[   30.461128]      scan-1141 get_device_data       : No context for object [ffff88040d823de8]
[   30.461325]      scan-1141 get_device_data       : No context for object [ffff88040d823e10]
[   30.461523]      scan-1141 get_device_data       : No context for object [ffff88040d823e38]
[   30.461720]      scan-1141 get_device_data       : No context for object [ffff88040d823e60]
[   30.461917]      scan-1141 get_device_data       : No context for object [ffff88040d823e88]
[   30.462113]      scan-1141 get_device_data       : No context for object [ffff88040d823eb0]
[   30.462306]      scan-1141 get_device_data       : No context for object [ffff88040d823ed8]
[   30.462503]      scan-1141 get_device_data       : No context for object [ffff88040d823f00]
[   30.462701]      scan-1141 get_device_data       : No context for object [ffff88040d823f28]
[   30.462898]      scan-1141 get_device_data       : No context for object [ffff88040d823f50]
[   30.463095]      scan-1141 get_device_data       : No context for object [ffff88040d823f78]
[   30.463272]      scan-1141 get_device_data       : No context for object [ffff88040d823fa0]
[   30.463461]      scan-1141 get_device_data       : No context for object [ffff88040d823fc8]
[   30.463657]      scan-1141 get_device_data       : No context for object [ffff88040d825000]
[   30.463856]     utils-0051 util_eval_error       : Evaluate [\_SB_.PCI0.PB4_.XPDV._STA]: AE_NOT_FOUND
[   30.464089] device: 'device:0a': device_add
[   30.464152] bus: 'acpi': add device device:0a
[   30.464226]     utils-0051 util_eval_error       : Evaluate [\_SB_.PCI0.PB4_.XPDV._SUN]: AE_NOT_FOUND
[   30.464412]      scan-1933 add_single_object     : Added device:0a [\_SB_.PCI0.PB4_.XPDV] parent device:09
[   30.464614]      scan-1141 get_device_data       : No context for object [ffff88040d825028]
[   30.464808]      scan-1141 get_device_data       : No context for object [ffff88040d825050]
[   30.465006]      scan-1141 get_device_data       : No context for object [ffff88040d825078]
[   30.465183]      scan-1141 get_device_data       : No context for object [ffff88040d8250a0]
[   30.465381]      scan-1141 get_device_data       : No context for object [ffff88040d8250c8]
[   30.465578]      scan-1141 get_device_data       : No context for object [ffff88040d837500]
[   30.465775]      scan-1141 get_device_data       : No context for object [ffff88040d8250f0]
[   30.465969]      scan-1141 get_device_data       : No context for object [ffff88040d825118]
[   30.466148]     utils-0051 util_eval_error       : Evaluate [\_SB_.PCI0.PB5_._STA]: AE_NOT_FOUND
[   30.466442] device: 'device:0b': device_add
[   30.466505] bus: 'acpi': add device device:0b
[   30.466582]     utils-0051 util_eval_error       : Evaluate [\_SB_.PCI0.PB5_._SUN]: AE_NOT_FOUND
[   30.467823]      scan-1933 add_single_object     : Added device:0b [\_SB_.PCI0.PB5_] parent PNP0A08:00
[   30.468025]      scan-1141 get_device_data       : No context for object [ffff88040d825140]
[   30.468203]      scan-1141 get_device_data       : No context for object [ffff88040d825168]
[   30.468397]      scan-1141 get_device_data       : No context for object [ffff88040d825190]
[   30.468595]      scan-1141 get_device_data       : No context for object [ffff88040d8251b8]
[   30.468792]      scan-1141 get_device_data       : No context for object [ffff88040d8251e0]
[   30.468989]      scan-1141 get_device_data       : No context for object [ffff88040d825208]
[   30.469166]      scan-1141 get_device_data       : No context for object [ffff88040d825230]
[   30.469364]      scan-1141 get_device_data       : No context for object [ffff88040d825258]
[   30.469561]      scan-1141 get_device_data       : No context for object [ffff88040d825280]
[   30.469755]      scan-1141 get_device_data       : No context for object [ffff88040d8252a8]
[   30.469953]      scan-1141 get_device_data       : No context for object [ffff88040d8252d0]
[   30.470157]      scan-1141 get_device_data       : No context for object [ffff88040d8252f8]
[   30.470354]      scan-1141 get_device_data       : No context for object [ffff88040d825320]
[   30.470549]      scan-1141 get_device_data       : No context for object [ffff88040d825348]
[   30.470742]      scan-1141 get_device_data       : No context for object [ffff88040d825370]
[   30.470931]      scan-1141 get_device_data       : No context for object [ffff88040d825398]
[   30.471126]      scan-1141 get_device_data       : No context for object [ffff88040d8253c0]
[   30.471302]      scan-1141 get_device_data       : No context for object [ffff88040d8253e8]
[   30.471496]      scan-1141 get_device_data       : No context for object [ffff88040d825410]
[   30.471690]      scan-1141 get_device_data       : No context for object [ffff88040d825438]
[   30.471883]      scan-1141 get_device_data       : No context for object [ffff88040d825460]
[   30.472075]      scan-1141 get_device_data       : No context for object [ffff88040d825488]
[   30.472222]      scan-1141 get_device_data       : No context for object [ffff88040d8254b0]
[   30.472399]      scan-1141 get_device_data       : No context for object [ffff88040d8254d8]
[   30.472595]      scan-1141 get_device_data       : No context for object [ffff88040d825500]
[   30.472789]      scan-1141 get_device_data       : No context for object [ffff88040d825528]
[   30.472983]      scan-1141 get_device_data       : No context for object [ffff88040d825550]
[   30.473159]      scan-1141 get_device_data       : No context for object [ffff88040d825578]
[   30.473335]      scan-1141 get_device_data       : No context for object [ffff88040d8255a0]
[   30.473531]      scan-1141 get_device_data       : No context for object [ffff88040d8255c8]
[   30.473726]      scan-1141 get_device_data       : No context for object [ffff88040d8255f0]
[   30.473921]     utils-0051 util_eval_error       : Evaluate [\_SB_.PCI0.PB5_.XPDV._STA]: AE_NOT_FOUND
[   30.474151] device: 'device:0c': device_add
[   30.474213] bus: 'acpi': add device device:0c
[   30.474286]     utils-0051 util_eval_error       : Evaluate [\_SB_.PCI0.PB5_.XPDV._SUN]: AE_NOT_FOUND
[   30.474488]      scan-1933 add_single_object     : Added device:0c [\_SB_.PCI0.PB5_.XPDV] parent device:0b
[   30.474689]      scan-1141 get_device_data       : No context for object [ffff88040d825618]
[   30.474888]      scan-1141 get_device_data       : No context for object [ffff88040d825640]
[   30.475085]      scan-1141 get_device_data       : No context for object [ffff88040d825668]
[   30.475274]      scan-1141 get_device_data       : No context for object [ffff88040d825690]
[   30.475471]      scan-1141 get_device_data       : No context for object [ffff88040d8256b8]
[   30.475669]      scan-1141 get_device_data       : No context for object [ffff88040d837528]
[   30.475863]      scan-1141 get_device_data       : No context for object [ffff88040d8256e0]
[   30.476060]      scan-1141 get_device_data       : No context for object [ffff88040d825708]
[   30.476213]     utils-0051 util_eval_error       : Evaluate [\_SB_.PCI0.PB6_._STA]: AE_NOT_FOUND
[   30.476486] device: 'device:0d': device_add
[   30.476549] bus: 'acpi': add device device:0d
[   30.476624]     utils-0051 util_eval_error       : Evaluate [\_SB_.PCI0.PB6_._SUN]: AE_NOT_FOUND
[   30.476836]      scan-1933 add_single_object     : Added device:0d [\_SB_.PCI0.PB6_] parent PNP0A08:00
[   30.477033]      scan-1141 get_device_data       : No context for object [ffff88040d825730]
[   30.477211]      scan-1141 get_device_data       : No context for object [ffff88040d825758]
[   30.477409]      scan-1141 get_device_data       : No context for object [ffff88040d825780]
[   30.477607]      scan-1141 get_device_data       : No context for object [ffff88040d8257a8]
[   30.477804]      scan-1141 get_device_data       : No context for object [ffff88040d8257d0]
[   30.478002]      scan-1141 get_device_data       : No context for object [ffff88040d8257f8]
[   30.478178]      scan-1141 get_device_data       : No context for object [ffff88040d825820]
[   30.478375]      scan-1141 get_device_data       : No context for object [ffff88040d825848]
[   30.478572]      scan-1141 get_device_data       : No context for object [ffff88040d825870]
[   30.478770]      scan-1141 get_device_data       : No context for object [ffff88040d825898]
[   30.478967]      scan-1141 get_device_data       : No context for object [ffff88040d8258c0]
[   30.479149]      scan-1141 get_device_data       : No context for object [ffff88040d8258e8]
[   30.479346]      scan-1141 get_device_data       : No context for object [ffff88040d825910]
[   30.479540]      scan-1141 get_device_data       : No context for object [ffff88040d825938]
[   30.479738]      scan-1141 get_device_data       : No context for object [ffff88040d825960]
[   30.479935]      scan-1141 get_device_data       : No context for object [ffff88040d825988]
[   30.480130]      scan-1141 get_device_data       : No context for object [ffff88040d8259b0]
[   30.480327]      scan-1141 get_device_data       : No context for object [ffff88040d8259d8]
[   30.480524]      scan-1141 get_device_data       : No context for object [ffff88040d825a00]
[   30.480717]      scan-1141 get_device_data       : No context for object [ffff88040d825a28]
[   30.480914]      scan-1141 get_device_data       : No context for object [ffff88040d825a50]
[   30.481111]      scan-1141 get_device_data       : No context for object [ffff88040d825a78]
[   30.481288]      scan-1141 get_device_data       : No context for object [ffff88040d825aa0]
[   30.481486]      scan-1141 get_device_data       : No context for object [ffff88040d825ac8]
[   30.481683]      scan-1141 get_device_data       : No context for object [ffff88040d825af0]
[   30.481877]      scan-1141 get_device_data       : No context for object [ffff88040d825b18]
[   30.482074]      scan-1141 get_device_data       : No context for object [ffff88040d825b40]
[   30.482225]      scan-1141 get_device_data       : No context for object [ffff88040d825b68]
[   30.482402]      scan-1141 get_device_data       : No context for object [ffff88040d825b90]
[   30.482599]      scan-1141 get_device_data       : No context for object [ffff88040d825bb8]
[   30.482797]      scan-1141 get_device_data       : No context for object [ffff88040d825be0]
[   30.482995]     utils-0051 util_eval_error       : Evaluate [\_SB_.PCI0.PB6_.XPDV._STA]: AE_NOT_FOUND
[   30.483202] device: 'device:0e': device_add
[   30.483265] bus: 'acpi': add device device:0e
[   30.483353]     utils-0051 util_eval_error       : Evaluate [\_SB_.PCI0.PB6_.XPDV._SUN]: AE_NOT_FOUND
[   30.483559]      scan-1933 add_single_object     : Added device:0e [\_SB_.PCI0.PB6_.XPDV] parent device:0d
[   30.483761]      scan-1141 get_device_data       : No context for object [ffff88040d825c08]
[   30.483959]      scan-1141 get_device_data       : No context for object [ffff88040d825c30]
[   30.484154]      scan-1141 get_device_data       : No context for object [ffff88040d825c58]
[   30.484348]      scan-1141 get_device_data       : No context for object [ffff88040d825c80]
[   30.484546]      scan-1141 get_device_data       : No context for object [ffff88040d825ca8]
[   30.484743]      scan-1141 get_device_data       : No context for object [ffff88040d837550]
[   30.484942]      scan-1141 get_device_data       : No context for object [ffff88040d825cd0]
[   30.486155]      scan-1141 get_device_data       : No context for object [ffff88040d825cf8]
[   30.486354]     utils-0051 util_eval_error       : Evaluate [\_SB_.PCI0.PB7_._STA]: AE_NOT_FOUND
[   30.486645] device: 'device:0f': device_add
[   30.486670] bus: 'acpi': add device device:0f
[   30.486737]     utils-0051 util_eval_error       : Evaluate [\_SB_.PCI0.PB7_._SUN]: AE_NOT_FOUND
[   30.486939]      scan-1933 add_single_object     : Added device:0f [\_SB_.PCI0.PB7_] parent PNP0A08:00
[   30.487122]      scan-1141 get_device_data       : No context for object [ffff88040d825d20]
[   30.487317]      scan-1141 get_device_data       : No context for object [ffff88040d825d48]
[   30.487511]      scan-1141 get_device_data       : No context for object [ffff88040d825d70]
[   30.487706]      scan-1141 get_device_data       : No context for object [ffff88040d825d98]
[   30.487901]      scan-1141 get_device_data       : No context for object [ffff88040d825dc0]
[   30.488092]      scan-1141 get_device_data       : No context for object [ffff88040d825de8]
[   30.488286]      scan-1141 get_device_data       : No context for object [ffff88040d825e10]
[   30.488483]      scan-1141 get_device_data       : No context for object [ffff88040d825e38]
[   30.488677]      scan-1141 get_device_data       : No context for object [ffff88040d825e60]
[   30.488872]      scan-1141 get_device_data       : No context for object [ffff88040d825e88]
[   30.489066]      scan-1141 get_device_data       : No context for object [ffff88040d825eb0]
[   30.489208]      scan-1141 get_device_data       : No context for object [ffff88040d825ed8]
[   30.489384]      scan-1141 get_device_data       : No context for object [ffff88040d825f00]
[   30.489579]      scan-1141 get_device_data       : No context for object [ffff88040d825f28]
[   30.489774]      scan-1141 get_device_data       : No context for object [ffff88040d825f50]
[   30.490002]      scan-1141 get_device_data       : No context for object [ffff88040d825f78]
[   30.490179]      scan-1141 get_device_data       : No context for object [ffff88040d825fa0]
[   30.490373]      scan-1141 get_device_data       : No context for object [ffff88040d825fc8]
[   30.490564]      scan-1141 get_device_data       : No context for object [ffff88040d827000]
[   30.490759]      scan-1141 get_device_data       : No context for object [ffff88040d827028]
[   30.490954]      scan-1141 get_device_data       : No context for object [ffff88040d827050]
[   30.491149]      scan-1141 get_device_data       : No context for object [ffff88040d827078]
[   30.491347]      scan-1141 get_device_data       : No context for object [ffff88040d8270a0]
[   30.491544]      scan-1141 get_device_data       : No context for object [ffff88040d8270c8]
[   30.491739]      scan-1141 get_device_data       : No context for object [ffff88040d8270f0]
[   30.491937]      scan-1141 get_device_data       : No context for object [ffff88040d827118]
[   30.492134]      scan-1141 get_device_data       : No context for object [ffff88040d827140]
[   30.492331]      scan-1141 get_device_data       : No context for object [ffff88040d827168]
[   30.492528]      scan-1141 get_device_data       : No context for object [ffff88040d827190]
[   30.492725]      scan-1141 get_device_data       : No context for object [ffff88040d8271b8]
[   30.492920]      scan-1141 get_device_data       : No context for object [ffff88040d8271e0]
[   30.493119]     utils-0051 util_eval_error       : Evaluate [\_SB_.PCI0.PB7_.XPDV._STA]: AE_NOT_FOUND
[   30.493346] device: 'device:10': device_add
[   30.493456] bus: 'acpi': add device device:10
[   30.493530]     utils-0051 util_eval_error       : Evaluate [\_SB_.PCI0.PB7_.XPDV._SUN]: AE_NOT_FOUND
[   30.493737]      scan-1933 add_single_object     : Added device:10 [\_SB_.PCI0.PB7_.XPDV] parent device:0f
[   30.493939]      scan-1141 get_device_data       : No context for object [ffff88040d827208]
[   30.494135]      scan-1141 get_device_data       : No context for object [ffff88040d827230]
[   30.494330]      scan-1141 get_device_data       : No context for object [ffff88040d827258]
[   30.494527]      scan-1141 get_device_data       : No context for object [ffff88040d827280]
[   30.494724]      scan-1141 get_device_data       : No context for object [ffff88040d8272a8]
[   30.494922]      scan-1141 get_device_data       : No context for object [ffff88040d837488]
[   30.495119]      scan-1141 get_device_data       : No context for object [ffff88040d8272d0]
[   30.495295]      scan-1141 get_device_data       : No context for object [ffff88040d8272f8]
[   30.495489]     utils-0051 util_eval_error       : Evaluate [\_SB_.PCI0.OHC1._STA]: AE_NOT_FOUND
[   30.495784] device: 'device:11': device_add
[   30.495846] bus: 'acpi': add device device:11
[   30.495923]     utils-0051 util_eval_error       : Evaluate [\_SB_.PCI0.OHC1._SUN]: AE_NOT_FOUND
[   30.496130]      scan-1933 add_single_object     : Added device:11 [\_SB_.PCI0.OHC1] parent PNP0A08:00
[   30.496311]      scan-1141 get_device_data       : No context for object [ffff88040d827320]
[   30.496509]      scan-1141 get_device_data       : No context for object [ffff88040d827348]
[   30.496669]      scan-1141 get_device_data       : No context for object [ffff88040d83b2f8]
[   30.496868]     utils-0051 util_eval_error       : Evaluate [\_SB_.PCI0.OHC1.RHUB._STA]: AE_NOT_FOUND
[   30.497101] device: 'device:12': device_add
[   30.497164] bus: 'acpi': add device device:12
[   30.497239]     utils-0051 util_eval_error       : Evaluate [\_SB_.PCI0.OHC1.RHUB._SUN]: AE_NOT_FOUND
[   30.497425]      scan-1933 add_single_object     : Added device:12 [\_SB_.PCI0.OHC1.RHUB] parent device:11
[   30.497627]      scan-1141 get_device_data       : No context for object [ffff88040d83b320]
[   30.497821]      scan-1141 get_device_data       : No context for object [ffff88040d83b348]
[   30.498020]     utils-0051 util_eval_error       : Evaluate [\_SB_.PCI0.OHC1.RHUB.PRT3._STA]: AE_NOT_FOUND
[   30.498231] device: 'device:13': device_add
[   30.498294] bus: 'acpi': add device device:13
[   30.498368]     utils-0051 util_eval_error       : Evaluate [\_SB_.PCI0.OHC1.RHUB.PRT3._SUN]: AE_NOT_FOUND
[   30.498575]      scan-1933 add_single_object     : Added device:13 [\_SB_.PCI0.OHC1.RHUB.PRT3] parent device:12
[   30.498777]      scan-1141 get_device_data       : No context for object [ffff88040d83b370]
[   30.498974]      scan-1141 get_device_data       : No context for object [ffff88040d83b398]
[   30.499148]      scan-1141 get_device_data       : No context for object [ffff88040d83b3c0]
[   30.499345]      scan-1141 get_device_data       : No context for object [ffff88040d83b3e8]
[   30.499543]     utils-0051 util_eval_error       : Evaluate [\_SB_.PCI0.OHC1.RHUB.PRT4._STA]: AE_NOT_FOUND
[   30.499776] device: 'device:14': device_add
[   30.499838] bus: 'acpi': add device device:14
[   30.499915]     utils-0051 util_eval_error       : Evaluate [\_SB_.PCI0.OHC1.RHUB.PRT4._SUN]: AE_NOT_FOUND
[   30.500139]      scan-1933 add_single_object     : Added device:14 [\_SB_.PCI0.OHC1.RHUB.PRT4] parent device:12
[   30.500338]      scan-1141 get_device_data       : No context for object [ffff88040d83b410]
[   30.500535]      scan-1141 get_device_data       : No context for object [ffff88040d83b438]
[   30.500733]      scan-1141 get_device_data       : No context for object [ffff88040d83b460]
[   30.500931]      scan-1141 get_device_data       : No context for object [ffff88040d827370]
[   30.501130]     utils-0051 util_eval_error       : Evaluate [\_SB_.PCI0.EHC1._STA]: AE_NOT_FOUND
[   30.501365] device: 'device:15': device_add
[   30.501424] bus: 'acpi': add device device:15
[   30.501490]     utils-0051 util_eval_error       : Evaluate [\_SB_.PCI0.EHC1._SUN]: AE_NOT_FOUND
[   30.501696]      scan-1933 add_single_object     : Added device:15 [\_SB_.PCI0.EHC1] parent PNP0A08:00
[   30.501897]      scan-1141 get_device_data       : No context for object [ffff88040d827398]
[   30.502095]      scan-1141 get_device_data       : No context for object [ffff88040d8273c0]
[   30.502247]      scan-1141 get_device_data       : No context for object [ffff88040d83b028]
[   30.502425]     utils-0051 util_eval_error       : Evaluate [\_SB_.PCI0.EHC1.RHUB._STA]: AE_NOT_FOUND
[   30.502644] device: 'device:16': device_add
[   30.502703] bus: 'acpi': add device device:16
[   30.502769]     utils-0051 util_eval_error       : Evaluate [\_SB_.PCI0.EHC1.RHUB._SUN]: AE_NOT_FOUND
[   30.502976]      scan-1933 add_single_object     : Added device:16 [\_SB_.PCI0.EHC1.RHUB] parent device:15
[   30.503157]      scan-1141 get_device_data       : No context for object [ffff88040d83b050]
[   30.503336]      scan-1141 get_device_data       : No context for object [ffff88040d83b078]
[   30.504459]     utils-0051 util_eval_error       : Evaluate [\_SB_.PCI0.EHC1.RHUB.PRT3._STA]: AE_NOT_FOUND
[   30.504688] device: 'device:17': device_add
[   30.504748] bus: 'acpi': add device device:17
[   30.504824]     utils-0051 util_eval_error       : Evaluate [\_SB_.PCI0.EHC1.RHUB.PRT3._SUN]: AE_NOT_FOUND
[   30.505027]      scan-1933 add_single_object     : Added device:17 [\_SB_.PCI0.EHC1.RHUB.PRT3] parent device:16
[   30.505172]      scan-1141 get_device_data       : No context for object [ffff88040d83b0a0]
[   30.505348]      scan-1141 get_device_data       : No context for object [ffff88040d83b0c8]
[   30.505542]      scan-1141 get_device_data       : No context for object [ffff88040d83b0f0]
[   30.505738]      scan-1141 get_device_data       : No context for object [ffff88040d83b118]
[   30.505935]     utils-0051 util_eval_error       : Evaluate [\_SB_.PCI0.EHC1.RHUB.PRT4._STA]: AE_NOT_FOUND
[   30.506155] device: 'device:18': device_add
[   30.506215] bus: 'acpi': add device device:18
[   30.506283]     utils-0051 util_eval_error       : Evaluate [\_SB_.PCI0.EHC1.RHUB.PRT4._SUN]: AE_NOT_FOUND
[   30.506482]      scan-1933 add_single_object     : Added device:18 [\_SB_.PCI0.EHC1.RHUB.PRT4] parent device:16
[   30.506672]      scan-1141 get_device_data       : No context for object [ffff88040d83b140]
[   30.506867]      scan-1141 get_device_data       : No context for object [ffff88040d83b168]
[   30.507061]      scan-1141 get_device_data       : No context for object [ffff88040d83b190]
[   30.507241]      scan-1141 get_device_data       : No context for object [ffff88040d8273e8]
[   30.507438]     utils-0051 util_eval_error       : Evaluate [\_SB_.PCI0.OHC2._STA]: AE_NOT_FOUND
[   30.507669] device: 'device:19': device_add
[   30.507732] bus: 'acpi': add device device:19
[   30.507805]     utils-0051 util_eval_error       : Evaluate [\_SB_.PCI0.OHC2._SUN]: AE_NOT_FOUND
[   30.508011]      scan-1933 add_single_object     : Added device:19 [\_SB_.PCI0.OHC2] parent PNP0A08:00
[   30.508166]      scan-1141 get_device_data       : No context for object [ffff88040d827410]
[   30.508343]      scan-1141 get_device_data       : No context for object [ffff88040d827438]
[   30.508540]      scan-1141 get_device_data       : No context for object [ffff88040d83b488]
[   30.508740]     utils-0051 util_eval_error       : Evaluate [\_SB_.PCI0.OHC2.RHUB._STA]: AE_NOT_FOUND
[   30.508969] device: 'device:1a': device_add
[   30.509034] bus: 'acpi': add device device:1a
[   30.509109]     utils-0051 util_eval_error       : Evaluate [\_SB_.PCI0.OHC2.RHUB._SUN]: AE_NOT_FOUND
[   30.509295]      scan-1933 add_single_object     : Added device:1a [\_SB_.PCI0.OHC2.RHUB] parent device:19
[   30.509496]      scan-1141 get_device_data       : No context for object [ffff88040d83b4b0]
[   30.509694]      scan-1141 get_device_data       : No context for object [ffff88040d83b4d8]
[   30.509893]     utils-0051 util_eval_error       : Evaluate [\_SB_.PCI0.OHC2.RHUB.PRT4._STA]: AE_NOT_FOUND
[   30.510162] device: 'device:1b': device_add
[   30.510224] bus: 'acpi': add device device:1b
[   30.510299]     utils-0051 util_eval_error       : Evaluate [\_SB_.PCI0.OHC2.RHUB.PRT4._SUN]: AE_NOT_FOUND
[   30.510506]      scan-1933 add_single_object     : Added device:1b [\_SB_.PCI0.OHC2.RHUB.PRT4] parent device:1a
[   30.510708]      scan-1141 get_device_data       : No context for object [ffff88040d83b500]
[   30.510906]      scan-1141 get_device_data       : No context for object [ffff88040d83b528]
[   30.511104]      scan-1141 get_device_data       : No context for object [ffff88040d83b550]
[   30.511280]      scan-1141 get_device_data       : No context for object [ffff88040d827460]
[   30.511476]     utils-0051 util_eval_error       : Evaluate [\_SB_.PCI0.EHC2._STA]: AE_NOT_FOUND
[   30.511719] device: 'device:1c': device_add
[   30.511782] bus: 'acpi': add device device:1c
[   30.511859]     utils-0051 util_eval_error       : Evaluate [\_SB_.PCI0.EHC2._SUN]: AE_NOT_FOUND
[   30.512066]      scan-1933 add_single_object     : Added device:1c [\_SB_.PCI0.EHC2] parent PNP0A08:00
[   30.512222]      scan-1141 get_device_data       : No context for object [ffff88040d827488]
[   30.512399]      scan-1141 get_device_data       : No context for object [ffff88040d8274b0]
[   30.512591]      scan-1141 get_device_data       : No context for object [ffff88040d83b1b8]
[   30.512791]     utils-0051 util_eval_error       : Evaluate [\_SB_.PCI0.EHC2.RHUB._STA]: AE_NOT_FOUND
[   30.513024] device: 'device:1d': device_add
[   30.513087] bus: 'acpi': add device device:1d
[   30.513161]     utils-0051 util_eval_error       : Evaluate [\_SB_.PCI0.EHC2.RHUB._SUN]: AE_NOT_FOUND
[   30.513344]      scan-1933 add_single_object     : Added device:1d [\_SB_.PCI0.EHC2.RHUB] parent device:1c
[   30.513547]      scan-1141 get_device_data       : No context for object [ffff88040d83b1e0]
[   30.513743]      scan-1141 get_device_data       : No context for object [ffff88040d83b208]
[   30.513941]     utils-0051 util_eval_error       : Evaluate [\_SB_.PCI0.EHC2.RHUB.PRT2._STA]: AE_NOT_FOUND
[   30.514174] device: 'device:1e': device_add
[   30.514237] bus: 'acpi': add device device:1e
[   30.514312]     utils-0051 util_eval_error       : Evaluate [\_SB_.PCI0.EHC2.RHUB.PRT2._SUN]: AE_NOT_FOUND
[   30.514521]      scan-1933 add_single_object     : Added device:1e [\_SB_.PCI0.EHC2.RHUB.PRT2] parent device:1d
[   30.514723]      scan-1141 get_device_data       : No context for object [ffff88040d83b230]
[   30.514921]      scan-1141 get_device_data       : No context for object [ffff88040d83b258]
[   30.515114]      scan-1141 get_device_data       : No context for object [ffff88040d83b280]
[   30.515312]      scan-1141 get_device_data       : No context for object [ffff88040d8274d8]
[   30.515511]     utils-0051 util_eval_error       : Evaluate [\_SB_.PCI0.OHC3._STA]: AE_NOT_FOUND
[   30.515754] device: 'device:1f': device_add
[   30.515817] bus: 'acpi': add device device:1f
[   30.515894]     utils-0051 util_eval_error       : Evaluate [\_SB_.PCI0.OHC3._SUN]: AE_NOT_FOUND
[   30.516098]      scan-1933 add_single_object     : Added device:1f [\_SB_.PCI0.OHC3] parent PNP0A08:00
[   30.516246]      scan-1141 get_device_data       : No context for object [ffff88040d827500]
[   30.516423]      scan-1141 get_device_data       : No context for object [ffff88040d827528]
[   30.516620]      scan-1141 get_device_data       : No context for object [ffff88040d83b578]
[   30.516834]     utils-0051 util_eval_error       : Evaluate [\_SB_.PCI0.OHC3.RHUB._STA]: AE_NOT_FOUND
[   30.517068] device: 'device:20': device_add
[   30.517131] bus: 'acpi': add device device:20
[   30.517206]     utils-0051 util_eval_error       : Evaluate [\_SB_.PCI0.OHC3.RHUB._SUN]: AE_NOT_FOUND
[   30.517388]      scan-1933 add_single_object     : Added device:20 [\_SB_.PCI0.OHC3.RHUB] parent device:1f
[   30.517587]      scan-1141 get_device_data       : No context for object [ffff88040d83b5a0]
[   30.517786]      scan-1141 get_device_data       : No context for object [ffff88040d827550]
[   30.517984]     utils-0051 util_eval_error       : Evaluate [\_SB_.PCI0.EHC3._STA]: AE_NOT_FOUND
[   30.518207] device: 'device:21': device_add
[   30.518270] bus: 'acpi': add device device:21
[   30.518345]     utils-0051 util_eval_error       : Evaluate [\_SB_.PCI0.EHC3._SUN]: AE_NOT_FOUND
[   30.518550]      scan-1933 add_single_object     : Added device:21 [\_SB_.PCI0.EHC3] parent PNP0A08:00
[   30.518748]      scan-1141 get_device_data       : No context for object [ffff88040d827578]
[   30.518945]      scan-1141 get_device_data       : No context for object [ffff88040d8275a0]
[   30.519142]      scan-1141 get_device_data       : No context for object [ffff88040d83b2a8]
[   30.519341]     utils-0051 util_eval_error       : Evaluate [\_SB_.PCI0.EHC3.RHUB._STA]: AE_NOT_FOUND
[   30.519573] device: 'device:22': device_add
[   30.519636] bus: 'acpi': add device device:22
[   30.519714]     utils-0051 util_eval_error       : Evaluate [\_SB_.PCI0.EHC3.RHUB._SUN]: AE_NOT_FOUND
[   30.520003]      scan-1933 add_single_object     : Added device:22 [\_SB_.PCI0.EHC3.RHUB] parent device:21
[   30.520006]      scan-1141 get_device_data       : No context for object [ffff88040d83b2d0]
[   30.520184]      scan-1141 get_device_data       : No context for object [ffff88040d8275c8]
[   30.520379]     utils-0051 util_eval_error       : Evaluate [\_SB_.PCI0.OHC4._STA]: AE_NOT_FOUND
[   30.520622] device: 'device:23': device_add
[   30.520682] bus: 'acpi': add device device:23
[   30.520756]     utils-0051 util_eval_error       : Evaluate [\_SB_.PCI0.OHC4._SUN]: AE_NOT_FOUND
[   30.520955]      scan-1933 add_single_object     : Added device:23 [\_SB_.PCI0.OHC4] parent PNP0A08:00
[   30.521103]      scan-1141 get_device_data       : No context for object [ffff88040d8275f0]
[   30.521279]      scan-1141 get_device_data       : No context for object [ffff88040d827618]
[   30.522394]      scan-1141 get_device_data       : No context for object [ffff88040d827640]
[   30.522589]     utils-0051 util_eval_error       : Evaluate [\_SB_.PCI0.SBAZ._STA]: AE_NOT_FOUND
[   30.522830] device: 'device:24': device_add
[   30.522891] bus: 'acpi': add device device:24
[   30.522965]     utils-0051 util_eval_error       : Evaluate [\_SB_.PCI0.SBAZ._SUN]: AE_NOT_FOUND
[   30.523340]      scan-1933 add_single_object     : Added device:24 [\_SB_.PCI0.SBAZ] parent PNP0A08:00
