[    0.000000] Initializing cgroup subsys cpuset
[    0.000000] Initializing cgroup subsys cpu
[    0.000000] Initializing cgroup subsys cpuacct
[    0.000000] Linux version 3.17.0-rc2-gfd5984d (emacs@manji) (gcc version 4.9.1 (GCC) ) #54 SMP Sun Aug 31 19:13:27 CEST 2014
[    0.000000] Command line: BOOT_IMAGE=/vmlinuz-linux-git root=UUID=bfa4ab6e-19a3-4601-ba2b-267c55841c73 rw cryptdevice=/dev/disk/by-uuid/70c08890-417a-497d-b6ab-c0d0357a63e2:cryptManjaro:allow-discards ipv6.disable=1 pnp.debug=1 loglevel=9 log_buf_len=10M printk.always_kmsg_dump=y printk.time=y mminit_loglevel=0 memory_corruption_check=1 acpi.debug_layer=0xfbff0000 acpi.debug_level=0xFFFFFFFD pnp.debug=1 nohz=on rcu_nocbs=1-3 pcie_aspm=force fbcon=scrollback:4096k fbcon=font:ProFont6x11 radeon.audio=0 radeon.lockup_timeout=0 radeon.test=0 radeon.agpmode=-1 radeon.benchmark=0 radeon.tv=0 radeon.hard_reset=1 radeon.aspm=1 radeon.dpm=1 radeon.msi=1 radeon.pcie_gen2=-1 radeon.no_wb=1 radeon.modeset=1 radeon.dynclks=1 radeon.r4xx_atom=0 radeon.runpm=0 radeonfb radeon.fastfb=1 nomodeset
[    0.000000] KERNEL supported cpus:
[    0.000000]   AMD AuthenticAMD
[    0.000000] tseg: 00bfe00000
[    0.000000] e820: BIOS-provided physical RAM map:
[    0.000000] BIOS-e820: [mem 0x0000000000000000-0x000000000009d7ff] usable
[    0.000000] BIOS-e820: [mem 0x000000000009d800-0x000000000009ffff] reserved
[    0.000000] BIOS-e820: [mem 0x00000000000e0000-0x00000000000fffff] reserved
[    0.000000] BIOS-e820: [mem 0x0000000000100000-0x00000000bed9afff] usable
[    0.000000] BIOS-e820: [mem 0x00000000bed9b000-0x00000000bf39afff] reserved
[    0.000000] BIOS-e820: [mem 0x00000000bf39b000-0x00000000bf49afff] ACPI NVS
[    0.000000] BIOS-e820: [mem 0x00000000bf49b000-0x00000000bf51afff] ACPI data
[    0.000000] BIOS-e820: [mem 0x00000000bf51b000-0x00000000bfdfffff] usable
[    0.000000] BIOS-e820: [mem 0x00000000bfe00000-0x00000000bfffffff] reserved
[    0.000000] BIOS-e820: [mem 0x00000000fec00000-0x00000000fecfffff] reserved
[    0.000000] BIOS-e820: [mem 0x00000000fed80000-0x00000000fed80fff] reserved
[    0.000000] BIOS-e820: [mem 0x00000000ffe00000-0x00000000ffffffff] reserved
[    0.000000] BIOS-e820: [mem 0x0000000100000000-0x000000041effffff] usable
[    0.000000] NX (Execute Disable) protection: active
[    0.000000] SMBIOS 2.6 present.
[    0.000000] DMI: LENOVO Sabine/Torpedo, BIOS 54CN18WW 07/20/2011
[    0.000000] e820: update [mem 0x00000000-0x00000fff] usable ==> reserved
[    0.000000] e820: remove [mem 0x000a0000-0x000fffff] usable
[    0.000000] e820: last_pfn = 0x41f000 max_arch_pfn = 0x400000000
[    0.000000] MTRR default type: uncachable
[    0.000000] MTRR fixed ranges enabled:
[    0.000000]   00000-9FFFF write-back
[    0.000000]   A0000-BFFFF uncachable
[    0.000000]   C0000-FFFFF write-protect
[    0.000000] MTRR variable ranges enabled:
[    0.000000]   0 base 0000000000 mask FF80000000 write-back
[    0.000000]   1 base 0080000000 mask FFC0000000 write-back
[    0.000000]   2 base 00FFF90000 mask FFFFFF0000 uncachable
[    0.000000]   3 base 00FED80000 mask 0FFFFFF000 uncachable
[    0.000000]   4 disabled
[    0.000000]   5 disabled
[    0.000000]   6 disabled
[    0.000000]   7 base 00FFE00000 mask FFFFE00000 write-protect
[    0.000000] TOM2: 000000041f000000 aka 16880M
[    0.000000] mtrr: your BIOS has configured an incorrect mask, fixing it.
[    0.000000] e820: last_pfn = 0xbfe00 max_arch_pfn = 0x400000000
[    0.000000] found SMP MP-table at [mem 0x000fa8b0-0x000fa8bf] mapped at [ffff8800000fa8b0]
[    0.000000] Base memory trampoline at [ffff880000097000] 97000 size 24576
[    0.000000] Using GB pages for direct mapping
[    0.000000] init_memory_mapping: [mem 0x00000000-0x000fffff]
[    0.000000]  [mem 0x00000000-0x000fffff] page 4k
[    0.000000] BRK [0x01e17000, 0x01e17fff] PGTABLE
[    0.000000] BRK [0x01e18000, 0x01e18fff] PGTABLE
[    0.000000] BRK [0x01e19000, 0x01e19fff] PGTABLE
[    0.000000] init_memory_mapping: [mem 0x41ee00000-0x41effffff]
[    0.000000]  [mem 0x41ee00000-0x41effffff] page 2M
[    0.000000] BRK [0x01e1a000, 0x01e1afff] PGTABLE
[    0.000000] init_memory_mapping: [mem 0x41c000000-0x41edfffff]
[    0.000000]  [mem 0x41c000000-0x41edfffff] page 2M
[    0.000000] init_memory_mapping: [mem 0x400000000-0x41bffffff]
[    0.000000]  [mem 0x400000000-0x41bffffff] page 2M
[    0.000000] init_memory_mapping: [mem 0x00100000-0xbed9afff]
[    0.000000]  [mem 0x00100000-0x001fffff] page 4k
[    0.000000]  [mem 0x00200000-0x3fffffff] page 2M
[    0.000000]  [mem 0x40000000-0x7fffffff] page 1G
[    0.000000]  [mem 0x80000000-0xbebfffff] page 2M
[    0.000000]  [mem 0xbec00000-0xbed9afff] page 4k
[    0.000000] init_memory_mapping: [mem 0xbf51b000-0xbfdfffff]
[    0.000000]  [mem 0xbf51b000-0xbf5fffff] page 4k
[    0.000000]  [mem 0xbf600000-0xbfdfffff] page 2M
[    0.000000] BRK [0x01e1b000, 0x01e1bfff] PGTABLE
[    0.000000] init_memory_mapping: [mem 0x100000000-0x3ffffffff]
[    0.000000]  [mem 0x100000000-0x3ffffffff] page 1G
[    0.000000] log_buf_len: 16777216 bytes
[    0.000000] early log buf free: 2092044(99%)
[    0.000000] RAMDISK: [mem 0x3782c000-0x37c0dfff]
[    0.000000] ACPI: Early table checksum verification disabled
[    0.000000] ACPI: RSDP 0x00000000000F0110 000024 (v02 LENOVO)
[    0.000000] ACPI: XSDT 0x00000000BF51A120 000074 (v01 LENOVO CB-01    00000001 LENO 00000001)
[    0.000000] ACPI: FACP 0x00000000BF508000 0000F4 (v04 LENOVO CB-01    00000001 PTL  00000001)
[    0.000000] ACPI: DSDT 0x00000000BF50A000 00FD10 (v01 LENOVO CB-01    00001000 LENO 00000001)
[    0.000000] ACPI: FACS 0x00000000BF478000 000040
[    0.000000] ACPI: HPET 0x00000000BF507000 000038 (v01 LENOVO CB-01    00000001 PTL  00000001)
[    0.000000] ACPI: APIC 0x00000000BF506000 00007A (v02 LENOVO CB-01    00000001 PTL  00000001)
[    0.000000] ACPI: MCFG 0x00000000BF505000 00003C (v01 LENOVO CB-01    00000001 PTL  00000001)
[    0.000000] ACPI: SLIC 0x00000000BF504000 000176 (v01 LENOVO CB-01    00000001 LENO 00000001)
[    0.000000] ACPI: UEFI 0x00000000BF503000 00003E (v01 LENOVO CB-01    00000001 PTL  00000001)
[    0.000000] ACPI: UEFI 0x00000000BF502000 000042 (v01 PTL    COMBUF   00000001 PTL  00000001)
[    0.000000] ACPI: SSDT 0x00000000BF501000 000E34 (v01 AMD    POWERNOW 00000001 AMD  00000001)
[    0.000000] ACPI: SSDT 0x00000000BF4FF000 00193D (v02 AMD    ALIB     00000001 MSFT 04000000)
[    0.000000] ACPI: UEFI 0x00000000BF4FE000 00021A (v01 LENOVO CB-01    00000001 PTL  00000001)
[    0.000000] ACPI: Local APIC address 0xfee00000
[    0.000000] No NUMA configuration found
[    0.000000] Faking a node at [mem 0x0000000000000000-0x000000041effffff]
[    0.000000] Initmem setup node 0 [mem 0x00000000-0x41effffff]
[    0.000000]   NODE_DATA [mem 0x41dffa000-0x41dffdfff]
[    0.000000]  [ffffea0000000000-ffffea00107fffff] PMD -> [ffff88040de00000-ffff88041d5fffff] on node 0
[    0.000000] Zone ranges:
[    0.000000]   DMA      [mem 0x00001000-0x00ffffff]
[    0.000000]   DMA32    [mem 0x01000000-0xffffffff]
[    0.000000]   Normal   [mem 0x100000000-0x41effffff]
[    0.000000] Movable zone start for each node
[    0.000000] Early memory node ranges
[    0.000000]   node   0: [mem 0x00001000-0x0009cfff]
[    0.000000]   node   0: [mem 0x00100000-0xbed9afff]
[    0.000000]   node   0: [mem 0xbf51b000-0xbfdfffff]
[    0.000000]   node   0: [mem 0x100000000-0x41effffff]
[    0.000000] On node 0 totalpages: 4056604
[    0.000000]   DMA zone: 64 pages used for memmap
[    0.000000]   DMA zone: 21 pages reserved
[    0.000000]   DMA zone: 3996 pages, LIFO batch:0
[    0.000000]   DMA32 zone: 12186 pages used for memmap
[    0.000000]   DMA32 zone: 779904 pages, LIFO batch:31
[    0.000000]   Normal zone: 51136 pages used for memmap
[    0.000000]   Normal zone: 3272704 pages, LIFO batch:31
[    0.000000] ACPI: PM-Timer IO Port: 0x808
[    0.000000] ACPI: Local APIC address 0xfee00000
[    0.000000] ACPI: LAPIC (acpi_id[0x00] lapic_id[0x00] enabled)
[    0.000000] ACPI: LAPIC (acpi_id[0x01] lapic_id[0x01] enabled)
[    0.000000] ACPI: LAPIC (acpi_id[0x02] lapic_id[0x02] enabled)
[    0.000000] ACPI: LAPIC (acpi_id[0x03] lapic_id[0x03] enabled)
[    0.000000] ACPI: LAPIC_NMI (acpi_id[0x00] high edge lint[0x1])
[    0.000000] ACPI: LAPIC_NMI (acpi_id[0x01] high edge lint[0x1])
[    0.000000] ACPI: LAPIC_NMI (acpi_id[0x02] high edge lint[0x1])
[    0.000000] ACPI: LAPIC_NMI (acpi_id[0x03] high edge lint[0x1])
[    0.000000] ACPI: IOAPIC (id[0x02] address[0xfec00000] gsi_base[0])
[    0.000000] IOAPIC[0]: apic_id 2, version 33, address 0xfec00000, GSI 0-23
[    0.000000] ACPI: INT_SRC_OVR (bus 0 bus_irq 0 global_irq 2 dfl dfl)
[    0.000000] ACPI: IRQ0 used by override.
[    0.000000] ACPI: IRQ9 used by override.
[    0.000000] Using ACPI (MADT) for SMP configuration information
[    0.000000] ACPI: HPET id: 0x43538210 base: 0xfed00000
[    0.000000] smpboot: Allowing 4 CPUs, 0 hotplug CPUs
[    0.000000] e820: [mem 0xc0000000-0xfebfffff] available for PCI devices
[    0.000000] setup_percpu: NR_CPUS:64 nr_cpumask_bits:64 nr_cpu_ids:4 nr_node_ids:1
[    0.000000] PERCPU: Embedded 27 pages/cpu @ffff88041dc00000 s80256 r8192 d22144 u524288
[    0.000000] pcpu-alloc: s80256 r8192 d22144 u524288 alloc=1*2097152
[    0.000000] pcpu-alloc: [0] 0 1 2 3 
[    0.000000] Built 1 zonelists in Zone order, mobility grouping on.  Total pages: 3993197
[    0.000000] Policy zone: Normal
[    0.000000] Kernel command line: BOOT_IMAGE=/vmlinuz-linux-git root=UUID=bfa4ab6e-19a3-4601-ba2b-267c55841c73 rw cryptdevice=/dev/disk/by-uuid/70c08890-417a-497d-b6ab-c0d0357a63e2:cryptManjaro:allow-discards ipv6.disable=1 pnp.debug=1 loglevel=9 log_buf_len=10M printk.always_kmsg_dump=y printk.time=y mminit_loglevel=0 memory_corruption_check=1 acpi.debug_layer=0xfbff0000 acpi.debug_level=0xFFFFFFFD pnp.debug=1 nohz=on rcu_nocbs=1-3 pcie_aspm=force fbcon=scrollback:4096k fbcon=font:ProFont6x11 radeon.audio=0 radeon.lockup_timeout=0 radeon.test=0 radeon.agpmode=-1 radeon.benchmark=0 radeon.tv=0 radeon.hard_reset=1 radeon.aspm=1 radeon.dpm=1 radeon.msi=1 radeon.pcie_gen2=-1 radeon.no_wb=1 radeon.modeset=1 radeon.dynclks=1 radeon.r4xx_atom=0 radeon.runpm=0 radeonfb radeon.fastfb=1 nomodeset
[    0.000000] PCIe ASPM is forcibly enabled
[    0.000000] PID hash table entries: 4096 (order: 3, 32768 bytes)
[    0.000000] Memory: 15870900K/16226416K available (5251K kernel code, 721K rwdata, 2208K rodata, 848K init, 2588K bss, 355516K reserved)
[    0.000000] SLUB: HWalign=64, Order=0-3, MinObjects=0, CPUs=4, Nodes=1
[    0.000000] Hierarchical RCU implementation.
[    0.000000] 	RCU dyntick-idle grace-period acceleration is enabled.
[    0.000000] 	Additional per-CPU info printed with stalls.
[    0.000000] 	RCU restricting CPUs from NR_CPUS=64 to nr_cpu_ids=4.
[    0.000000] 	Offload RCU callbacks from all CPUs
[    0.000000] 	Offload RCU callbacks from CPUs: 0-3.
[    0.000000] RCU: Adjusting geometry for rcu_fanout_leaf=16, nr_cpu_ids=4
[    0.000000] NR_IRQS:4352 nr_irqs:456 0
[    0.000000] spurious 8259A interrupt: IRQ7.
[    0.000000] vgacon: allocated 4194304 bytes of memory for scrollback. CONFIG_VGACON_SOFT_SCROLLBACK_SIZE=4096
[    0.000000] Console: colour VGA+ 80x25
[    0.000000] console [tty0] enabled
[    0.000000] allocated 65011712 bytes of page_cgroup
[    0.000000] please try 'cgroup_disable=memory' option if you don't want memory cgroups
[    0.000000] hpet clockevent registered
[    0.000000] tsc: Fast TSC calibration using PIT
[    0.000000] tsc: Detected 1397.388 MHz processor
[    0.000055] Calibrating delay loop (skipped), value calculated using timer frequency.. 2795.22 BogoMIPS (lpj=4657960)
[    0.000205] pid_max: default: 32768 minimum: 301
[    0.000276] ACPI: Core revision 20140724
[    0.022328] ACPI: All ACPI Tables successfully acquired
[    0.024703] Security Framework initialized
[    0.026162] Dentry cache hash table entries: 2097152 (order: 12, 16777216 bytes)
[    0.032696] Inode-cache hash table entries: 1048576 (order: 11, 8388608 bytes)
[    0.035486] Mount-cache hash table entries: 32768 (order: 6, 262144 bytes)
[    0.035614] Mountpoint-cache hash table entries: 32768 (order: 6, 262144 bytes)
[    0.036187] Initializing cgroup subsys memory
[    0.036296] Initializing cgroup subsys devices
[    0.036360] Initializing cgroup subsys freezer
[    0.036423] Initializing cgroup subsys net_cls
[    0.036486] Initializing cgroup subsys blkio
[    0.036569] CPU: Physical Processor ID: 0
[    0.036631] CPU: Processor Core ID: 0
[    0.036692] mce: CPU supports 6 MCE banks
[    0.036761] Last level iTLB entries: 4KB 512, 2MB 16, 4MB 8
Last level dTLB entries: 4KB 1024, 2MB 128, 4MB 64, 1GB 0
[    0.037008] Freeing SMP alternatives memory: 20K (ffffffff81b8a000 - ffffffff81b8f000)
[    0.037679] ..TIMER: vector=0x30 apic1=0 pin1=2 apic2=-1 pin2=-1
[    0.070757] smpboot: CPU0: AMD A6-3400M APU with Radeon(tm) HD Graphics (fam: 12, model: 01, stepping: 00)
[    0.176309] Performance Events: AMD PMU driver.
[    0.176408] ... version:                0
[    0.176470] ... bit width:              48
[    0.176532] ... generic registers:      4
[    0.176593] ... value mask:             0000ffffffffffff
[    0.176655] ... max period:             00007fffffffffff
[    0.176717] ... fixed-purpose events:   0
[    0.176778] ... event mask:             000000000000000f
[    0.177253] MCE: In-kernel MCE decoding enabled.
[    0.177424] trying cpu_up:
[    0.177496] NMI watchdog: enabled on all CPUs, permanently consumes one hw-PMU counter.
[    0.177772] smpboot: ++++++++++++++++++++=_---CPU UP  1
[    0.177882] x86: Booting SMP configuration:
[    0.177943] .... node  #0, CPUs:      #1
[    0.178046] smpboot: Setting warm reset code and vector.
[    0.178165] smpboot: 1.
[    0.178225] smpboot: 2.
[    0.178285] smpboot: 3.
[    0.178346] smpboot: waiting 5 sec before INIT
[    5.203986] smpboot: done waiting
[    5.204125] smpboot: Asserting INIT
[    5.204186] smpboot: waiting 5 sec
[   10.211709] smpboot: done waiting
[   10.211828] smpboot: Waiting for INIT send to finish...
[   10.221969] smpboot: status for above ^ is: 0
[   10.222077] smpboot: Deasserting INIT
[   10.222138] smpboot: Waiting for above send to finish...
[   10.222200] smpboot: #startup loops: 2
[   10.222261] smpboot: Sending STARTUP #1
[   10.222322] smpboot: After apic_write
[   10.127797] smpboot: CPU#1 (phys ID: 1) waiting for CALLOUT
[   10.222684] smpboot: Startup point 1
[   10.222853] smpboot: Waiting for send to finish...
[   10.223118] smpboot: Sending STARTUP #2
[   10.223228] smpboot: After apic_write
[   10.223590] smpboot: Startup point 1
[   10.223698] smpboot: Waiting for send to finish...
[   10.223962] smpboot: After Startup
[   10.224072] smpboot: Before Callout 1
[   10.224138] smpboot: After Callout 1
[   10.129488] smpboot: Stack at about ffff880407807f44
[   10.224260] smpboot: start waiting 5sec for response
[   10.224297] smpboot: done waiting 5sec for response
[   10.224391] smpboot: cpumask_test_cpu result: -1
[   10.224452] smpboot: cpu_callin_mask: 0000000000000003
[   10.224550] smpboot: cpu_callout_mask: 0000000000000003
[   10.224613] smpboot: CPU1: has booted.
[   10.226744] TSC synchronization [CPU#0 -> CPU#1]:
[   10.226812] Measured 132266348 cycles TSC warp between CPUs, turning off TSC clock.
[   10.226950] tsc: Marking TSC unstable due to check_tsc_sync_source failed
[   10.227081] after cpu_up !!!!!!!!!!!!
[   10.227166] trying cpu_up:
[   10.227376] smpboot: ++++++++++++++++++++=_---CPU UP  2
[   10.227560]  #2
[   10.227595] smpboot: Setting warm reset code and vector.
[   10.227715] smpboot: 1.
[   10.227775] smpboot: 2.
[   10.227836] smpboot: 3.
[   10.227896] smpboot: waiting 5 sec before INIT
[   15.237774] smpboot: done waiting
[   15.237913] smpboot: Asserting INIT
[   15.237974] smpboot: waiting 5 sec
[   20.819773] smpboot: done waiting
[   20.819913] smpboot: Waiting for INIT send to finish...
[   20.830050] smpboot: status for above ^ is: 0
[   20.830160] smpboot: Deasserting INIT
[   20.830223] smpboot: Waiting for above send to finish...
[   20.830287] smpboot: #startup loops: 2
[   20.830350] smpboot: Sending STARTUP #1
[   20.830413] smpboot: After apic_write
[   20.830776] smpboot: Startup point 1
[   20.830883] smpboot: Waiting for send to finish...
[   20.831145] smpboot: Sending STARTUP #2
[   20.831255] smpboot: After apic_write
[   20.831619] smpboot: Startup point 1
[   20.831728] smpboot: Waiting for send to finish...
[   20.831993] smpboot: After Startup
[   20.832102] smpboot: Before Callout 2
[   20.832164] smpboot: After Callout 2
[   20.832225] smpboot: start waiting 5sec for response
[   20.832366] [sched_delayed] sched: RT throttling activated
[   25.850817] smpboot: done waiting 5sec for response
[   25.850902] smpboot: cpumask_test_cpu result: 0
[   25.850999] smpboot: cpu_callin_mask: 0000000000000003
[   25.851063] smpboot: cpu_callout_mask: 0000000000000007
[   25.851161] smpboot: CPU2: Not responding
[   25.851300] smpboot: do_boot_cpu failed(1) to wakeup CPU#2
[   25.851375] doing it one more time: cpu_up !!!!!!!!!!!!
[   25.851422] smpboot: ++++++++++++++++++++=_---CPU UP  2
[   25.851545]  #2
[   25.851582] smpboot: Setting warm reset code and vector.
[   25.851704] smpboot: 1.
[   25.851764] smpboot: 2.
[   25.851826] smpboot: 3.
[   25.851888] smpboot: waiting 5 sec before INIT
[   30.861199] smpboot: done waiting
[   30.861341] smpboot: Asserting INIT
[   30.861402] smpboot: waiting 5 sec
[   35.870693] smpboot: done waiting
[   35.870835] smpboot: Waiting for INIT send to finish...
[   35.880976] smpboot: status for above ^ is: 0
[   35.881085] smpboot: Deasserting INIT
[   35.881148] smpboot: Waiting for above send to finish...
[   35.881213] smpboot: #startup loops: 2
[   35.881276] smpboot: Sending STARTUP #1
[   35.881339] smpboot: After apic_write
[   35.881702] smpboot: Startup point 1
[   35.881812] smpboot: Waiting for send to finish...
[   35.882077] smpboot: Sending STARTUP #2
[   35.882185] smpboot: After apic_write
[   35.882546] smpboot: Startup point 1
[   35.882656] smpboot: Waiting for send to finish...
[   35.882920] smpboot: After Startup
[   35.883032] smpboot: Before Callout 2
[   35.883094] smpboot: After Callout 2
[   35.883157] smpboot: start waiting 5sec for response
[   40.901615] smpboot: done waiting 5sec for response
[   40.901755] smpboot: cpumask_test_cpu result: 0
[   40.901816] smpboot: cpu_callin_mask: 0000000000000003
[   40.901914] smpboot: cpu_callout_mask: 0000000000000007
[   40.901977] smpboot: CPU2: Not responding
[   40.902101] smpboot: do_boot_cpu failed(1) to wakeup CPU#2
[   40.902173] after cpu_up !!!!!!!!!!!!
[   40.902212] trying cpu_up:
[   40.902419] smpboot: ++++++++++++++++++++=_---CPU UP  3
[   40.902558]  #3
[   40.902595] smpboot: Setting warm reset code and vector.
[   40.902719] smpboot: 1.
[   40.902781] smpboot: 2.
[   40.902843] smpboot: 3.
[   40.902905] smpboot: waiting 5 sec before INIT
[   45.912200] smpboot: done waiting
[   45.912342] smpboot: Asserting INIT
[   45.912406] smpboot: waiting 5 sec
[   50.921694] smpboot: done waiting
[   50.921836] smpboot: Waiting for INIT send to finish...
[   50.931977] smpboot: status for above ^ is: 0
[   50.932087] smpboot: Deasserting INIT
[   50.932149] smpboot: Waiting for above send to finish...
[   50.932211] smpboot: #startup loops: 2
[   50.932272] smpboot: Sending STARTUP #1
[   50.932335] smpboot: After apic_write
[   50.770274] smpboot: CPU#3 (phys ID: 3) waiting for CALLOUT
[   50.932699] smpboot: Startup point 1
[   50.932872] smpboot: Waiting for send to finish...
[   50.933137] smpboot: Sending STARTUP #2
[   50.933215] smpboot: After apic_write
[   50.933578] smpboot: Startup point 1
[   50.933688] smpboot: Waiting for send to finish...
[   50.933952] smpboot: After Startup
[   50.934062] smpboot: Before Callout 3
[   50.934125] smpboot: After Callout 3
[   50.771891] smpboot: Stack at about ffff88040780ff44
[   50.935303] smpboot: start waiting 5sec for response
[   50.935343] smpboot: done waiting 5sec for response
[   50.935440] smpboot: cpumask_test_cpu result: -1
[   50.935502] smpboot: cpu_callin_mask: 000000000000000b
[   50.935600] smpboot: cpu_callout_mask: 000000000000000b
[   50.935663] smpboot: CPU3: has booted.
[   50.935805] after cpu_up !!!!!!!!!!!!
[   50.935842] x86: Booted up 1 node, 3 CPUs
[   50.935960] smpboot: Boot done
[   50.936022] smpboot: Before bogomips
[   50.936086] smpboot: Total of 3 processors activated (8387.67 BogoMIPS)
[   50.936151] smpboot: Before bogocount - setting activated=1
[   50.260158] devtmpfs: initialized
[   50.260158] device: 'platform': device_add
[   50.260247] bus: 'platform': registered
[   50.260321] bus: 'cpu': registered
[   50.260386] device: 'cpu': device_add
[   50.260476] bus: 'container': registered
[   50.260540] device: 'container': device_add
[   50.260540] bus: 'workqueue': registered
[   50.260540] device: 'workqueue': device_add
[   50.260776] atomic64_test: passed for x86-64 platform with CX8 and with SSE
[   50.260890] device class 'regulator': registering
[   50.261003] Registering platform device 'reg-dummy'. Parent at platform
[   50.261115] device: 'reg-dummy': device_add
[   50.261181] bus: 'platform': add device reg-dummy
[   50.261267] bus: 'platform': add driver reg-dummy
[   50.261333] bus: 'platform': driver_probe_device: matched device reg-dummy with driver reg-dummy
[   50.261446] bus: 'platform': really_probe: probing driver reg-dummy with device reg-dummy
[   50.261587] device: 'regulator.0': device_add
[   50.261676] regulator-dummy: no parameters
[   50.261749] driver: 'reg-dummy': driver_bound: bound to device 'reg-dummy'
[   50.261815] bus: 'platform': really_probe: bound device reg-dummy to driver reg-dummy
[   50.263381] NET: Registered protocol family 16
[   50.263800] device class 'bdi': registering
[   50.263928] bus: 'platform': add driver ramoops
[   50.264007] device class 'pci_bus': registering
[   50.264094] bus: 'pci': registered
[   50.264159] device class 'backlight': registering
[   50.264230] device class 'tty': registering
[   50.264302] device class 'vtconsole': registering
[   50.264371] device: 'vtcon0': device_add
[   50.264454] bus: 'node': registered
[   50.264515] device: 'node': device_add
[   50.264593] bus: 'i2c': registered
[   50.264660] bus: 'i2c': add driver dummy
[   50.264731] i2c-core: driver [dummy] registered
[   50.264798] cpuidle: using governor ladder
[   50.264863] cpuidle: using governor menu
[   50.265378] ACPI FADT declares the system doesn't support PCIe ASPM, so disable it
[   50.265561] ACPI: bus type PCI registered
[   50.265629] acpiphp: ACPI Hot Plug PCI Controller Driver version: 0.5
[   50.265693] device class 'dmi': registering
[   50.265758] device: 'id': device_add
[   50.265920] PCI: MMCONFIG for domain 0000 [bus 00-3f] at [mem 0xf8000000-0xfbffffff] (base 0xf8000000)
[   50.266060] PCI: not using MMCONFIG
[   50.266124] PCI: Using configuration type 1 for base access
[   50.266188] PCI: Using configuration type 1 for extended access
[   50.266554] device: 'node0': device_add
[   50.266671] bus: 'node': add device node0
[   50.266761] device: 'cpu0': device_add
[   50.266827] bus: 'cpu': add device cpu0
[   50.266913] device: 'cpu1': device_add
[   50.266977] bus: 'cpu': add device cpu1
[   50.267065] device: 'cpu2': device_add
[   50.267133] bus: 'cpu': add device cpu2
[   50.267232] device: 'cpu3': device_add
[   50.267299] bus: 'cpu': add device cpu3
[   50.269478] kworker/u8:0 (39) used greatest stack depth: 15104 bytes left
[   50.270106] kworker/u8:0 (40) used greatest stack depth: 14848 bytes left
[   50.270231] kworker/u8:0 (50) used greatest stack depth: 14176 bytes left
[   50.273469] device: 'writeback': device_add
[   50.273469] bus: 'workqueue': add device writeback
[   50.273556] device: 'default': device_add
[   50.273775] device class 'block': registering
[   50.273775] ACPI: Added _OSI(Module Device)
[   50.273775] ACPI: Added _OSI(Processor Device)
[   50.273775] ACPI: Added _OSI(3.0 _SCP Extensions)
[   50.273775] ACPI: Added _OSI(Processor Aggregator Device)
[   50.277373] 
**** Context Switch from TID 4294967295 to TID 133431296 ****

[   50.277587]     utils-0051 util_eval_error       : Evaluate [\_SB_.PCI0.LPC0.EC0_._GLK]: AE_NOT_FOUND
[   50.278040] Executing  Method       \_SB_.PCI0.LPC0.EC0_._REG
[   50.278813] Executing  Method       \_SB_.PCI0.LPC0.EC0_._REG
[   50.279013] Executing  Method       \_SB_.PCI0.LPC0.EC0_._REG
[   50.279185] Executing  Method       \_SB_.PCI0.LPC0.EC0_._REG
[   50.282132] Initializing Region       \_SB_.OSTY
[   50.282338] Initializing Region       \_SB_.PCI0.NBMS
[   50.282485] Initializing Region       \_SB_.PCI0.NBXP
[   50.282634] Initializing Region       \_SB_.PCI0.K8ST
[   50.282814] Initializing Region       \_SB_.PCI0.BAR1
[   50.282986] Initializing Region       \_SB_.PCI0.PB2_.XPEX
[   50.283134] Initializing Region       \_SB_.PCI0.PB2_.PCFG
[   50.283282] Initializing Region       \_SB_.PCI0.PB2_.XPCB
[   50.283410] Initializing Region       \_SB_.PCI0.PB2_.XPRI
[   50.283562] Initializing Region       \_SB_.PCI0.PB2_.VGA_.PCFG
[   50.283770] Initializing Region       \_SB_.PCI0.PB2_.HDAU.PCFG
[   50.283945] Initializing Region       \_SB_.PCI0.PB3_.XPEX
[   50.284086] Initializing Region       \_SB_.PCI0.PB3_.PCFG
[   50.284230] Initializing Region       \_SB_.PCI0.PB3_.XPCB
[   50.284379] Initializing Region       \_SB_.PCI0.PB3_.XPRI
[   50.284531] Initializing Region       \_SB_.PCI0.PB3_.VGA_.PCFG
[   50.284749] Initializing Region       \_SB_.PCI0.PB3_.HDAU.PCFG
[   50.284913] Initializing Region       \_SB_.PCI0.PB4_.XPEX
[   50.285060] Initializing Region       \_SB_.PCI0.PB4_.PCFG
[   50.285208] Initializing Region       \_SB_.PCI0.PB4_.XPCB
[   50.285349] Initializing Region       \_SB_.PCI0.PB4_.XPRI
[   50.285497] Initializing Region       \_SB_.PCI0.PB4_.XPDV.PCFG
[   50.285659] Initializing Region       \_SB_.PCI0.PB5_.XPEX
[   50.285807] Initializing Region       \_SB_.PCI0.PB5_.PCFG
[   50.285954] Initializing Region       \_SB_.PCI0.PB5_.XPCB
[   50.286102] Initializing Region       \_SB_.PCI0.PB5_.XPRI
[   50.286255] Initializing Region       \_SB_.PCI0.PB5_.XPDV.PCFG
[   50.286417] Initializing Region       \_SB_.PCI0.PB6_.XPEX
[   50.286557] Initializing Region       \_SB_.PCI0.PB6_.PCFG
[   50.286683] Initializing Region       \_SB_.PCI0.PB6_.XPCB
[   50.286832] Initializing Region       \_SB_.PCI0.PB6_.XPRI
[   50.286984] Initializing Region       \_SB_.PCI0.PB6_.XPDV.PCFG
[   50.287146] Initializing Region       \_SB_.PCI0.PB7_.XPEX
[   50.287293] Initializing Region       \_SB_.PCI0.PB7_.PCFG
[   50.287440] Initializing Region       \_SB_.PCI0.PB7_.XPCB
[   50.287589] Initializing Region       \_SB_.PCI0.PB7_.XPRI
[   50.287734] Initializing Region       \_SB_.PCI0.PB7_.XPDV.PCFG
[   50.288149] Initializing Region       \_SB_.PCI0.SATC
[   50.288343] Initializing Region       \_SB_.PCI0.RMEM
[   50.288520] Initializing Region       \_SB_.PCI0.SATA.SATX
[   50.288674] Initializing Region       \_SB_.PCI0.SATA.BAR5
[   50.306888] Initializing Region       \_SB_.PCI0.SMB_.SBRV
[   50.307099] Initializing Region       \_SB_.PCI0.SMB_.PMIO
[   50.307241] Initializing Region       \_SB_.PCI0.SMB_.ERMM
[   50.307515] Initializing Region       \_SB_.PCI0.SMB_.P1E0
[   50.307677] Initializing Region       \_SB_.PCI0.SMB_.ABIO
[   50.307827] Initializing Region       \_SB_.PCI0.SMB_.SMB0
[   50.307980] Initializing Region       \_SB_.PCI0.LPC0.PIRQ
[   50.308182] Initializing Region       \_SB_.PCI0.LPC0.LPCR
[   50.308424] Initializing Region       \_SB_.PCI0.LPC0.LPCS
[   50.308593] Initializing Region       \_SB_.PCI0.LPC0.SMI0
[   50.308740] Initializing Region       \_SB_.PCI0.LPC0.SMI1
[   50.308895] Initializing Region       \_SB_.PCI0.LPC0.EC0_.ECO1
[   50.309043] Initializing Region       \_SB_.PCI0.LPC0.EC0_.ECO2
[   50.309191] Initializing Region       \_SB_.PCI0.LPC0.EC0_.ECMB
[   50.309338] Initializing Region       \_SB_.PCI0.LPC0.EC0_.RAM_
[   50.309601] Initializing Region       \_SB_.PCI0.LPC0.EC0_.CMOS
[   50.309755] Initializing Region       \_SB_.PCI0.LPC0.EC0_.VPC0.ERAM
[   50.310138] Initializing Region       \_SB_.PCI0.SPB0.PCFG
[   50.310333] Initializing Region       \_SB_.PCI0.SPB0.XPCB
[   50.310485] Initializing Region       \_SB_.PCI0.SPB0.XPDV.PCFG
[   50.310646] Initializing Region       \_SB_.PCI0.SPB1.PCFG
[   50.310794] Initializing Region       \_SB_.PCI0.SPB1.XPCB
[   50.310947] Initializing Region       \_SB_.PCI0.SPB1.XPDV.PCFG
[   50.311096] Initializing Region       \_SB_.PCI0.SPB2.PCFG
[   50.311240] Initializing Region       \_SB_.PCI0.SPB2.XPCB
[   50.311392] Initializing Region       \_SB_.PCI0.SPB2.XPDV.PCFG
[   50.311553] Initializing Region       \_SB_.PCI0.SPB3.PCFG
[   50.311701] Initializing Region       \_SB_.PCI0.SPB3.XPCB
[   50.311853] Initializing Region       \_SB_.PCI0.SPB3.XPDV.PCFG
[   50.312171] Initializing Region       \_SB_.PCI0.VGA_.REVD
[   50.312529] Initializing BufferField  \_SB_.AMW0.WLID
[   50.313194] Initializing Region       \DEB2
[   50.313410] Initializing Region       \PMIO
[   50.313549] Initializing Region       \P01_
[   50.313721] Initializing Region       \CNVS
[   50.313913] Initializing Region       \SPRT
[   50.314075] Initializing Region       \CMIO
[   50.314378] Executing  Method       \_SB_._STA
[   50.314595] Executing  Method       \_SB_._INI
[   50.314761] Executing  Method       \_SB_.PCI0._STA
[   50.314925] Executing  Method       \_SB_.PCI0._INI
[   50.315355] [Firmware Bug]: ACPI: BIOS _OSI(Linux) query ignored
[   50.315869] Executing  Method       \_SB_.PCI0.SATA._STA
[   50.316080] Executing  Method       \_SB_.PCI0.SATA._INI
[   50.317148] Executing  Method       \_SB_.PCI0.LPC0.EC0_._REG
[   50.343502] ACPI: Interpreter enabled
[   50.343581] ACPI: (supports S0 S5)
[   50.343645] ACPI: Using IOAPIC for interrupt routing
[   50.343987] PCI: MMCONFIG for domain 0000 [bus 00-3f] at [mem 0xf8000000-0xfbffffff] (base 0xf8000000)
[   50.347349] PCI: MMCONFIG at [mem 0xf8000000-0xfbffffff] reserved in ACPI motherboard resources
[   50.347645] bus: 'acpi': registered
[   50.347712] PCI: Using host bridge windows from ACPI; if necessary, use "pci=nocrs" and report a bug
[   50.347861]      scan-1141 get_device_data       : No context for object [ffffffffffffffff]
[   50.348077]     utils-0051 util_eval_error       : Evaluate [\._STA]: AE_NOT_FOUND
[   50.348302] device: 'LNXSYSTM:00': device_add
[   50.348371] bus: 'acpi': add device LNXSYSTM:00
[   50.348460]     utils-0051 util_eval_error       : Evaluate [\._SUN]: AE_NOT_FOUND
[   50.348658]      scan-1933 add_single_object     : Added LNXSYSTM:00 [\] parent (null)
[   50.348871]      scan-1141 get_device_data       : No context for object [ffff88040d81d000]
[   50.349077]      scan-1141 get_device_data       : No context for object [ffff88040d8377d0]
[   50.349287]      scan-1141 get_device_data       : No context for object [ffff88040d8377f8]
[   50.349496]      scan-1141 get_device_data       : No context for object [ffff88040d837820]
[   50.349682]      scan-1141 get_device_data       : No context for object [ffff88040d837848]
[   50.350066]      scan-1141 get_device_data       : No context for object [ffff88040d837870]
[   50.350066]      scan-1141 get_device_data       : No context for object [ffff88040d837898]
[   50.350212]      scan-1141 get_device_data       : No context for object [ffff88040d8378c0]
[   50.350421]      scan-1141 get_device_data       : No context for object [ffff88040d8378e8]
[   50.350606]      scan-1141 get_device_data       : No context for object [ffff88040d839398]
[   50.350816]      scan-1141 get_device_data       : No context for object [ffff88040d81d028]
[   50.351024]      scan-1141 get_device_data       : No context for object [ffff88040d81d168]
[   50.351220]     utils-0051 util_eval_error       : Evaluate [\_PR_.C000._STA]: AE_NOT_FOUND
[   50.351418]      scan-1141 get_device_data       : No context for object [ffff88040d81d028]
[   50.351605] device: 'LNXCPU:00': device_add
[   50.351669] bus: 'acpi': add device LNXCPU:00
[   50.351744]     utils-0051 util_eval_error       : Evaluate [\_PR_.C000._SUN]: AE_NOT_FOUND
[   50.351951]      scan-1933 add_single_object     : Added LNXCPU:00 [\_PR_.C000] parent LNXSYSTM:00
[   50.352154]      scan-1141 get_device_data       : No context for object [ffff88040d83c398]
[   50.352350]      scan-1141 get_device_data       : No context for object [ffff88040d83c3c0]
[   50.352543]      scan-1141 get_device_data       : No context for object [ffff88040d83c3e8]
[   50.352741]      scan-1141 get_device_data       : No context for object [ffff88040d83c410]
[   50.352938]      scan-1141 get_device_data       : No context for object [ffff88040d83c438]
[   50.353135]      scan-1141 get_device_data       : No context for object [ffff88040d83c460]
[   50.353336]      scan-1141 get_device_data       : No context for object [ffff88040d81d190]
[   50.353535]     utils-0051 util_eval_error       : Evaluate [\_PR_.C001._STA]: AE_NOT_FOUND
[   50.353730]      scan-1141 get_device_data       : No context for object [ffff88040d81d028]
[   50.353937] device: 'LNXCPU:01': device_add
[   50.353999] bus: 'acpi': add device LNXCPU:01
[   50.354074]     utils-0051 util_eval_error       : Evaluate [\_PR_.C001._SUN]: AE_NOT_FOUND
[   50.354282]      scan-1933 add_single_object     : Added LNXCPU:01 [\_PR_.C001] parent LNXSYSTM:00
[   50.354484]      scan-1141 get_device_data       : No context for object [ffff88040d83c488]
[   50.354635]      scan-1141 get_device_data       : No context for object [ffff88040d83c4b0]
[   50.354812]      scan-1141 get_device_data       : No context for object [ffff88040d83c4d8]
[   50.355004]      scan-1141 get_device_data       : No context for object [ffff88040d83c500]
[   50.355202]      scan-1141 get_device_data       : No context for object [ffff88040d83c528]
[   50.355400]      scan-1141 get_device_data       : No context for object [ffff88040d83c550]
[   50.355577]      scan-1141 get_device_data       : No context for object [ffff88040d81d1b8]
[   50.355776]     utils-0051 util_eval_error       : Evaluate [\_PR_.C002._STA]: AE_NOT_FOUND
[   50.355973]      scan-1141 get_device_data       : No context for object [ffff88040d81d028]
[   50.356172] device: 'LNXCPU:02': device_add
[   50.356235] bus: 'acpi': add device LNXCPU:02
[   50.356313]     utils-0051 util_eval_error       : Evaluate [\_PR_.C002._SUN]: AE_NOT_FOUND
[   50.356668]      scan-1933 add_single_object     : Added LNXCPU:02 [\_PR_.C002] parent LNXSYSTM:00
[   50.356781]      scan-1141 get_device_data       : No context for object [ffff88040d83c578]
[   50.356978]      scan-1141 get_device_data       : No context for object [ffff88040d83c5a0]
[   50.357175]      scan-1141 get_device_data       : No context for object [ffff88040d83c5c8]
[   50.357373]      scan-1141 get_device_data       : No context for object [ffff88040d83c5f0]
[   50.357567]      scan-1141 get_device_data       : No context for object [ffff88040d83c618]
[   50.357754]      scan-1141 get_device_data       : No context for object [ffff88040d83c640]
[   50.357952]      scan-1141 get_device_data       : No context for object [ffff88040d81d1e0]
[   50.358150]     utils-0051 util_eval_error       : Evaluate [\_PR_.C003._STA]: AE_NOT_FOUND
[   50.358348]      scan-1141 get_device_data       : No context for object [ffff88040d81d028]
[   50.358550] device: 'LNXCPU:03': device_add
[   50.358610] bus: 'acpi': add device LNXCPU:03
[   50.358676]     utils-0051 util_eval_error       : Evaluate [\_PR_.C003._SUN]: AE_NOT_FOUND
[   50.358863]      scan-1933 add_single_object     : Added LNXCPU:03 [\_PR_.C003] parent LNXSYSTM:00
[   50.359064]      scan-1141 get_device_data       : No context for object [ffff88040d83c668]
[   50.359262]      scan-1141 get_device_data       : No context for object [ffff88040d83c690]
[   50.359459]      scan-1141 get_device_data       : No context for object [ffff88040d83c6b8]
[   50.359635]      scan-1141 get_device_data       : No context for object [ffff88040d83c6e0]
[   50.359832]      scan-1141 get_device_data       : No context for object [ffff88040d83c708]
[   50.360002]      scan-1141 get_device_data       : No context for object [ffff88040d83c730]
[   50.360200]      scan-1141 get_device_data       : No context for object [ffff88040d81d050]
[   50.360400]     utils-0051 util_eval_error       : Evaluate [\_SB_._STA]: AE_NOT_FOUND
[   50.360647] device: 'LNXSYBUS:00': device_add
[   50.360710] bus: 'acpi': add device LNXSYBUS:00
[   50.360786]     utils-0051 util_eval_error       : Evaluate [\_SB_._SUN]: AE_NOT_FOUND
[   50.360990]      scan-1933 add_single_object     : Added LNXSYBUS:00 [\_SB_] parent LNXSYSTM:00
[   50.361192]      scan-1141 get_device_data       : No context for object [ffff88040d81d3c0]
[   50.361390]      scan-1141 get_device_data       : No context for object [ffff88040d81d3e8]
[   50.361588]      scan-1141 get_device_data       : No context for object [ffff88040d81d410]
[   50.361785]      scan-1141 get_device_data       : No context for object [ffff88040d81d438]
[   50.361983]      scan-1141 get_device_data       : No context for object [ffff88040d81d460]
[   50.362179]      scan-1141 get_device_data       : No context for object [ffff88040d81d488]
[   50.362368]      scan-1141 get_device_data       : No context for object [ffff88040d81d4b0]
[   50.362565]      scan-1141 get_device_data       : No context for object [ffff88040d81d5a0]
[   50.362717]     utils-0051 util_eval_error       : Evaluate [\_SB_.PWRB._STA]: AE_NOT_FOUND
[   50.362929] device: 'PNP0C0C:00': device_add
[   50.362992] bus: 'acpi': add device PNP0C0C:00
[   50.363066]     utils-0051 util_eval_error       : Evaluate [\_SB_.PWRB._SUN]: AE_NOT_FOUND
[   50.363334]      scan-1933 add_single_object     : Added PNP0C0C:00 [\_SB_.PWRB] parent LNXSYBUS:00
[   50.363502]      scan-1141 get_device_data       : No context for object [ffff88040d81d5c8]
[   50.363676]      scan-1141 get_device_data       : No context for object [ffff88040d81d5f0]
[   50.363874]     utils-0051 util_eval_error       : Evaluate [\_SB_.PCI0._STA]: AE_NOT_FOUND
[   50.364123] device: 'PNP0A08:00': device_add
[   50.364230] bus: 'acpi': add device PNP0A08:00
[   50.365279]     utils-0051 util_eval_error       : Evaluate [\_SB_.PCI0._SUN]: AE_NOT_FOUND
[   50.365484]      scan-1933 add_single_object     : Added PNP0A08:00 [\_SB_.PCI0] parent LNXSYBUS:00
[   50.365670]      scan-1141 get_device_data       : No context for object [ffff88040d81d618]
[   50.365865]      scan-1141 get_device_data       : No context for object [ffff88040d81d640]
[   50.366055]      scan-1141 get_device_data       : No context for object [ffff88040d81d668]
[   50.366252]      scan-1141 get_device_data       : No context for object [ffff88040d81d690]
[   50.366449]      scan-1141 get_device_data       : No context for object [ffff88040d81d6b8]
[   50.366627]      scan-1141 get_device_data       : No context for object [ffff88040d81d6e0]
[   50.366831]      scan-1141 get_device_data       : No context for object [ffff88040d81d708]
[   50.367028]      scan-1141 get_device_data       : No context for object [ffff88040d81d730]
[   50.367225]      scan-1141 get_device_data       : No context for object [ffff88040d81d758]
[   50.367419]      scan-1141 get_device_data       : No context for object [ffff88040d81d780]
[   50.367616]      scan-1141 get_device_data       : No context for object [ffff88040d81d7a8]
[   50.367813]      scan-1141 get_device_data       : No context for object [ffff88040d81d7d0]
[   50.368010]      scan-1141 get_device_data       : No context for object [ffff88040d81d7f8]
[   50.368208]      scan-1141 get_device_data       : No context for object [ffff88040d81d820]
[   50.368405]      scan-1141 get_device_data       : No context for object [ffff88040d81d848]
[   50.368599]      scan-1141 get_device_data       : No context for object [ffff88040d81d870]
[   50.368776]      scan-1141 get_device_data       : No context for object [ffff88040d81d898]
[   50.368974]      scan-1141 get_device_data       : No context for object [ffff88040d81d8c0]
[   50.369172]      scan-1141 get_device_data       : No context for object [ffff88040d81d8e8]
[   50.369369]      scan-1141 get_device_data       : No context for object [ffff88040d81d910]
[   50.369568]      scan-1141 get_device_data       : No context for object [ffff88040d81d938]
[   50.369714]      scan-1141 get_device_data       : No context for object [ffff88040d81d960]
[   50.369890]      scan-1141 get_device_data       : No context for object [ffff88040d81d988]
[   50.370002]      scan-1141 get_device_data       : No context for object [ffff88040d81d9b0]
[   50.370199]      scan-1141 get_device_data       : No context for object [ffff88040d81d9d8]
[   50.370396]      scan-1141 get_device_data       : No context for object [ffff88040d81da00]
[   50.370573]      scan-1141 get_device_data       : No context for object [ffff88040d81da28]
[   50.370771]      scan-1141 get_device_data       : No context for object [ffff88040d81da50]
[   50.370964]      scan-1141 get_device_data       : No context for object [ffff88040d81da78]
[   50.371161]      scan-1141 get_device_data       : No context for object [ffff88040d81daa0]
[   50.371359]      scan-1141 get_device_data       : No context for object [ffff88040d81dac8]
[   50.371545]      scan-1141 get_device_data       : No context for object [ffff88040d81daf0]
[   50.371743]      scan-1141 get_device_data       : No context for object [ffff88040d81db18]
[   50.371940]      scan-1141 get_device_data       : No context for object [ffff88040d81db40]
[   50.372135]      scan-1141 get_device_data       : No context for object [ffff88040d81db68]
[   50.372334]      scan-1141 get_device_data       : No context for object [ffff88040d81db90]
[   50.372531]      scan-1141 get_device_data       : No context for object [ffff88040d81dbb8]
[   50.372729]      scan-1141 get_device_data       : No context for object [ffff88040d81dbe0]
[   50.372926]      scan-1141 get_device_data       : No context for object [ffff88040d81dc08]
[   50.373124]      scan-1141 get_device_data       : No context for object [ffff88040d81dc30]
[   50.373334]      scan-1141 get_device_data       : No context for object [ffff88040d81dc58]
[   50.373532]      scan-1141 get_device_data       : No context for object [ffff88040d81dc80]
[   50.373729]      scan-1141 get_device_data       : No context for object [ffff88040d81dca8]
[   50.373926]      scan-1141 get_device_data       : No context for object [ffff88040d81dcd0]
[   50.374124]      scan-1141 get_device_data       : No context for object [ffff88040d81dcf8]
[   50.374321]      scan-1141 get_device_data       : No context for object [ffff88040d81dd20]
[   50.374518]      scan-1141 get_device_data       : No context for object [ffff88040d81dd48]
[   50.374692]      scan-1141 get_device_data       : No context for object [ffff88040d81dd70]
[   50.374889]      scan-1141 get_device_data       : No context for object [ffff88040d81dd98]
[   50.375087]      scan-1141 get_device_data       : No context for object [ffff88040d81ddc0]
[   50.375284]      scan-1141 get_device_data       : No context for object [ffff88040d81dde8]
[   50.375481]      scan-1141 get_device_data       : No context for object [ffff88040d81de10]
[   50.375632]      scan-1141 get_device_data       : No context for object [ffff88040d81de38]
[   50.375805]      scan-1141 get_device_data       : No context for object [ffff88040d81de60]
[   50.376003]      scan-1141 get_device_data       : No context for object [ffff88040d81de88]
[   50.376200]      scan-1141 get_device_data       : No context for object [ffff88040d81deb0]
[   50.376398]      scan-1141 get_device_data       : No context for object [ffff88040d81ded8]
[   50.376575]      scan-1141 get_device_data       : No context for object [ffff88040d81df00]
[   50.376831]      scan-1141 get_device_data       : No context for object [ffff88040d81df28]
[   50.377027]      scan-1141 get_device_data       : No context for object [ffff88040d81df50]
[   50.377222]      scan-1141 get_device_data       : No context for object [ffff88040d81df78]
[   50.377419]      scan-1141 get_device_data       : No context for object [ffff88040d81dfa0]
[   50.377616]      scan-1141 get_device_data       : No context for object [ffff88040d81dfc8]
[   50.377813]      scan-1141 get_device_data       : No context for object [ffff88040d822000]
[   50.378010]      scan-1141 get_device_data       : No context for object [ffff88040d822028]
[   50.378208]     utils-0051 util_eval_error       : Evaluate [\_SB_.PCI0.MEMR._STA]: AE_NOT_FOUND
[   50.378442] device: 'PNP0C02:00': device_add
[   50.378552] bus: 'acpi': add device PNP0C02:00
[   50.378634]     utils-0051 util_eval_error       : Evaluate [\_SB_.PCI0.MEMR._SUN]: AE_NOT_FOUND
[   50.378820]      scan-1933 add_single_object     : Added PNP0C02:00 [\_SB_.PCI0.MEMR] parent PNP0A08:00
[   50.379022]      scan-1141 get_device_data       : No context for object [ffff88040d822050]
[   50.379217]      scan-1141 get_device_data       : No context for object [ffff88040d822078]
[   50.379412]      scan-1141 get_device_data       : No context for object [ffff88040d8220a0]
[   50.379601]      scan-1141 get_device_data       : No context for object [ffff88040d8220c8]
[   50.379796]      scan-1141 get_device_data       : No context for object [ffff88040d8220f0]
[   50.380003]      scan-1141 get_device_data       : No context for object [ffff88040d822118]
[   50.380197]      scan-1141 get_device_data       : No context for object [ffff88040d822140]
[   50.380393]      scan-1141 get_device_data       : No context for object [ffff88040d822168]
[   50.380588]      scan-1141 get_device_data       : No context for object [ffff88040d822190]
[   50.380763]      scan-1141 get_device_data       : No context for object [ffff88040d8221b8]
[   50.380955]      scan-1141 get_device_data       : No context for object [ffff88040d8221e0]
[   50.381150]      scan-1141 get_device_data       : No context for object [ffff88040d822208]
[   50.381345]      scan-1141 get_device_data       : No context for object [ffff88040d822230]
[   50.381538]      scan-1141 get_device_data       : No context for object [ffff88040d822258]
[   50.381686]      scan-1141 get_device_data       : No context for object [ffff88040d822280]
[   50.381862]      scan-1141 get_device_data       : No context for object [ffff88040d8222a8]
[   50.382054]     utils-0051 util_eval_error       : Evaluate [\_SB_.PCI0.PB2_._STA]: AE_NOT_FOUND
[   50.382354] device: 'device:00': device_add
[   50.382415] bus: 'acpi': add device device:00
[   50.382488]     utils-0051 util_eval_error       : Evaluate [\_SB_.PCI0.PB2_._SUN]: AE_NOT_FOUND
[   50.383345]      scan-1933 add_single_object     : Added device:00 [\_SB_.PCI0.PB2_] parent PNP0A08:00
[   50.383548]      scan-1141 get_device_data       : No context for object [ffff88040d8222d0]
[   50.383745]      scan-1141 get_device_data       : No context for object [ffff88040d8222f8]
[   50.383943]      scan-1141 get_device_data       : No context for object [ffff88040d822320]
[   50.384138]      scan-1141 get_device_data       : No context for object [ffff88040d822348]
[   50.384330]      scan-1141 get_device_data       : No context for object [ffff88040d822370]
[   50.384527]      scan-1141 get_device_data       : No context for object [ffff88040d822398]
[   50.384724]      scan-1141 get_device_data       : No context for object [ffff88040d8223c0]
[   50.384922]      scan-1141 get_device_data       : No context for object [ffff88040d8223e8]
[   50.385119]      scan-1141 get_device_data       : No context for object [ffff88040d822410]
[   50.385315]      scan-1141 get_device_data       : No context for object [ffff88040d822438]
[   50.385510]      scan-1141 get_device_data       : No context for object [ffff88040d822460]
[   50.385708]      scan-1141 get_device_data       : No context for object [ffff88040d822488]
[   50.385905]      scan-1141 get_device_data       : No context for object [ffff88040d8224b0]
[   50.386103]      scan-1141 get_device_data       : No context for object [ffff88040d8224d8]
[   50.386300]      scan-1141 get_device_data       : No context for object [ffff88040d822500]
[   50.386751]      scan-1141 get_device_data       : No context for object [ffff88040d822528]
[   50.386945]      scan-1141 get_device_data       : No context for object [ffff88040d822550]
[   50.387143]      scan-1141 get_device_data       : No context for object [ffff88040d822578]
[   50.387340]      scan-1141 get_device_data       : No context for object [ffff88040d8225a0]
[   50.387537]      scan-1141 get_device_data       : No context for object [ffff88040d8225c8]
[   50.387688]      scan-1141 get_device_data       : No context for object [ffff88040d8225f0]
[   50.387864]      scan-1141 get_device_data       : No context for object [ffff88040d822618]
[   50.388060]      scan-1141 get_device_data       : No context for object [ffff88040d822640]
[   50.388255]      scan-1141 get_device_data       : No context for object [ffff88040d822668]
[   50.388452]      scan-1141 get_device_data       : No context for object [ffff88040d822690]
[   50.388629]      scan-1141 get_device_data       : No context for object [ffff88040d8226b8]
[   50.388826]      scan-1141 get_device_data       : No context for object [ffff88040d8226e0]
[   50.389024]      scan-1141 get_device_data       : No context for object [ffff88040d822708]
[   50.389220]      scan-1141 get_device_data       : No context for object [ffff88040d822730]
[   50.389413]      scan-1141 get_device_data       : No context for object [ffff88040d822758]
[   50.389610]      scan-1141 get_device_data       : No context for object [ffff88040d822780]
[   50.389810]     utils-0051 util_eval_error       : Evaluate [\_SB_.PCI0.PB2_.VGA_._STA]: AE_NOT_FOUND
[   50.390042] device: 'device:01': device_add
[   50.390152] bus: 'acpi': add device device:01
[   50.390226]     utils-0051 util_eval_error       : Evaluate [\_SB_.PCI0.PB2_.VGA_._SUN]: AE_NOT_FOUND
[   50.390430]      scan-1933 add_single_object     : Added device:01 [\_SB_.PCI0.PB2_.VGA_] parent device:00
[   50.390625]      scan-1141 get_device_data       : No context for object [ffff88040d8227a8]
[   50.390823]      scan-1141 get_device_data       : No context for object [ffff88040d8227d0]
[   50.391020]      scan-1141 get_device_data       : No context for object [ffff88040d8227f8]
[   50.391217]      scan-1141 get_device_data       : No context for object [ffff88040d822820]
[   50.391414]      scan-1141 get_device_data       : No context for object [ffff88040d822848]
[   50.391611]      scan-1141 get_device_data       : No context for object [ffff88040d822870]
[   50.391806]      scan-1141 get_device_data       : No context for object [ffff88040d822898]
[   50.392004]      scan-1141 get_device_data       : No context for object [ffff88040d8228c0]
[   50.392202]      scan-1141 get_device_data       : No context for object [ffff88040d8228e8]
[   50.392400]      scan-1141 get_device_data       : No context for object [ffff88040d822910]
[   50.392597]      scan-1141 get_device_data       : No context for object [ffff88040d822938]
[   50.392795]      scan-1141 get_device_data       : No context for object [ffff88040d822960]
[   50.392991]      scan-1141 get_device_data       : No context for object [ffff88040d822988]
[   50.393186]      scan-1141 get_device_data       : No context for object [ffff88040d8229b0]
[   50.393336]      scan-1141 get_device_data       : No context for object [ffff88040d8229d8]
[   50.393534]      scan-1141 get_device_data       : No context for object [ffff88040d822a00]
[   50.393712]      scan-1141 get_device_data       : No context for object [ffff88040d822a28]
[   50.393909]      scan-1141 get_device_data       : No context for object [ffff88040d822a50]
[   50.394106]      scan-1141 get_device_data       : No context for object [ffff88040d822a78]
[   50.394299]      scan-1141 get_device_data       : No context for object [ffff88040d822aa0]
[   50.394497]      scan-1141 get_device_data       : No context for object [ffff88040d822ac8]
[   50.394648]      scan-1141 get_device_data       : No context for object [ffff88040d822af0]
[   50.394824]      scan-1141 get_device_data       : No context for object [ffff88040d822b18]
[   50.395022]      scan-1141 get_device_data       : No context for object [ffff88040d822b40]
[   50.395219]      scan-1141 get_device_data       : No context for object [ffff88040d822b68]
[   50.395415]      scan-1141 get_device_data       : No context for object [ffff88040d822b90]
[   50.395590]      scan-1141 get_device_data       : No context for object [ffff88040d822bb8]
[   50.395785]      scan-1141 get_device_data       : No context for object [ffff88040d822be0]
[   50.395980]      scan-1141 get_device_data       : No context for object [ffff88040d822c08]
[   50.396176]      scan-1141 get_device_data       : No context for object [ffff88040d822c30]
[   50.396370]      scan-1141 get_device_data       : No context for object [ffff88040d822c58]
[   50.396563]      scan-1141 get_device_data       : No context for object [ffff88040d822c80]
[   50.396825]      scan-1141 get_device_data       : No context for object [ffff88040d822ca8]
[   50.397022]      scan-1141 get_device_data       : No context for object [ffff88040d822cd0]
[   50.397217]      scan-1141 get_device_data       : No context for object [ffff88040d822cf8]
[   50.397413]      scan-1141 get_device_data       : No context for object [ffff88040d822d20]
[   50.397608]      scan-1141 get_device_data       : No context for object [ffff88040d822d48]
[   50.397785]      scan-1141 get_device_data       : No context for object [ffff88040d822d70]
[   50.397977]      scan-1141 get_device_data       : No context for object [ffff88040d822d98]
[   50.398174]      scan-1141 get_device_data       : No context for object [ffff88040d837438]
[   50.398368]      scan-1141 get_device_data       : No context for object [ffff88040d822dc0]
[   50.398564]     utils-0051 util_eval_error       : Evaluate [\_SB_.PCI0.PB2_.HDAU._STA]: AE_NOT_FOUND
[   50.398749] device: 'device:02': device_add
[   50.398811] bus: 'acpi': add device device:02
[   50.398885]     utils-0051 util_eval_error       : Evaluate [\_SB_.PCI0.PB2_.HDAU._SUN]: AE_NOT_FOUND
[   50.399067]      scan-1933 add_single_object     : Added device:02 [\_SB_.PCI0.PB2_.HDAU] parent device:00
[   50.399261]      scan-1141 get_device_data       : No context for object [ffff88040d822de8]
[   50.399455]      scan-1141 get_device_data       : No context for object [ffff88040d822e10]
[   50.399642]      scan-1141 get_device_data       : No context for object [ffff88040d822e38]
[   50.399840]      scan-1141 get_device_data       : No context for object [ffff88040d822e60]
[   50.400003]      scan-1141 get_device_data       : No context for object [ffff88040d822e88]
[   50.400200]      scan-1141 get_device_data       : No context for object [ffff88040d822eb0]
[   50.400394]      scan-1141 get_device_data       : No context for object [ffff88040d822ed8]
[   50.400594]     utils-0051 util_eval_error       : Evaluate [\_SB_.PCI0.PB3_._STA]: AE_NOT_FOUND
[   50.400890] device: 'device:03': device_add
[   50.400953] bus: 'acpi': add device device:03
[   50.402092]     utils-0051 util_eval_error       : Evaluate [\_SB_.PCI0.PB3_._SUN]: AE_NOT_FOUND
[   50.402299]      scan-1933 add_single_object     : Added device:03 [\_SB_.PCI0.PB3_] parent PNP0A08:00
[   50.402501]      scan-1141 get_device_data       : No context for object [ffff88040d822f00]
[   50.402677]      scan-1141 get_device_data       : No context for object [ffff88040d822f28]
[   50.402871]      scan-1141 get_device_data       : No context for object [ffff88040d822f50]
[   50.403069]      scan-1141 get_device_data       : No context for object [ffff88040d822f78]
[   50.403266]      scan-1141 get_device_data       : No context for object [ffff88040d822fa0]
[   50.403497]      scan-1141 get_device_data       : No context for object [ffff88040d822fc8]
[   50.403674]      scan-1141 get_device_data       : No context for object [ffff88040d823000]
[   50.403871]      scan-1141 get_device_data       : No context for object [ffff88040d823028]
[   50.404067]      scan-1141 get_device_data       : No context for object [ffff88040d823050]
[   50.404262]      scan-1141 get_device_data       : No context for object [ffff88040d823078]
[   50.404461]      scan-1141 get_device_data       : No context for object [ffff88040d8230a0]
[   50.404638]      scan-1141 get_device_data       : No context for object [ffff88040d8230c8]
[   50.404835]      scan-1141 get_device_data       : No context for object [ffff88040d8230f0]
[   50.405033]      scan-1141 get_device_data       : No context for object [ffff88040d823118]
[   50.405229]      scan-1141 get_device_data       : No context for object [ffff88040d823140]
[   50.405423]      scan-1141 get_device_data       : No context for object [ffff88040d823168]
[   50.405620]      scan-1141 get_device_data       : No context for object [ffff88040d823190]
[   50.405817]      scan-1141 get_device_data       : No context for object [ffff88040d8231b8]
[   50.406014]      scan-1141 get_device_data       : No context for object [ffff88040d8231e0]
[   50.406211]      scan-1141 get_device_data       : No context for object [ffff88040d823208]
[   50.406408]      scan-1141 get_device_data       : No context for object [ffff88040d823230]
[   50.406600]      scan-1141 get_device_data       : No context for object [ffff88040d823258]
[   50.406777]      scan-1141 get_device_data       : No context for object [ffff88040d823280]
[   50.406974]      scan-1141 get_device_data       : No context for object [ffff88040d8232a8]
[   50.407172]      scan-1141 get_device_data       : No context for object [ffff88040d8232d0]
[   50.407369]      scan-1141 get_device_data       : No context for object [ffff88040d8232f8]
[   50.407567]      scan-1141 get_device_data       : No context for object [ffff88040d823320]
[   50.407716]      scan-1141 get_device_data       : No context for object [ffff88040d823348]
[   50.407889]      scan-1141 get_device_data       : No context for object [ffff88040d823370]
[   50.408087]      scan-1141 get_device_data       : No context for object [ffff88040d823398]
[   50.408284]      scan-1141 get_device_data       : No context for object [ffff88040d8233c0]
[   50.408484]     utils-0051 util_eval_error       : Evaluate [\_SB_.PCI0.PB3_.VGA_._STA]: AE_NOT_FOUND
[   50.408692]     video-0058 backlight_cap_match   : Found generic backlight support
[   50.408897] device: 'LNXVIDEO:00': device_add
[   50.408956] bus: 'acpi': add device LNXVIDEO:00
[   50.409025]     utils-0051 util_eval_error       : Evaluate [\_SB_.PCI0.PB3_.VGA_._SUN]: AE_NOT_FOUND
[   50.409234]      scan-1933 add_single_object     : Added LNXVIDEO:00 [\_SB_.PCI0.PB3_.VGA_] parent device:03
[   50.409440]      scan-1141 get_device_data       : No context for object [ffff88040d8233e8]
[   50.409634]      scan-1141 get_device_data       : No context for object [ffff88040d823410]
[   50.409831]      scan-1141 get_device_data       : No context for object [ffff88040d823438]
[   50.410003]      scan-1141 get_device_data       : No context for object [ffff88040d823460]
[   50.410199]      scan-1141 get_device_data       : No context for object [ffff88040d823488]
[   50.410397]      scan-1141 get_device_data       : No context for object [ffff88040d8234b0]
[   50.410595]      scan-1141 get_device_data       : No context for object [ffff88040d8234d8]
[   50.410746]      scan-1141 get_device_data       : No context for object [ffff88040d823500]
[   50.410943]      scan-1141 get_device_data       : No context for object [ffff88040d823528]
[   50.411141]      scan-1141 get_device_data       : No context for object [ffff88040d823550]
[   50.411338]      scan-1141 get_device_data       : No context for object [ffff88040d823578]
[   50.411533]      scan-1141 get_device_data       : No context for object [ffff88040d8235a0]
[   50.411684]      scan-1141 get_device_data       : No context for object [ffff88040d8235c8]
[   50.411861]      scan-1141 get_device_data       : No context for object [ffff88040d8235f0]
[   50.412058]      scan-1141 get_device_data       : No context for object [ffff88040d823618]
[   50.412253]      scan-1141 get_device_data       : No context for object [ffff88040d823640]
[   50.412446]      scan-1141 get_device_data       : No context for object [ffff88040d823668]
[   50.412621]      scan-1141 get_device_data       : No context for object [ffff88040d823690]
[   50.412816]      scan-1141 get_device_data       : No context for object [ffff88040d8236b8]
[   50.413011]      scan-1141 get_device_data       : No context for object [ffff88040d8236e0]
[   50.413206]      scan-1141 get_device_data       : No context for object [ffff88040d823708]
[   50.413335]      scan-1141 get_device_data       : No context for object [ffff88040d823730]
[   50.413530]      scan-1141 get_device_data       : No context for object [ffff88040d823758]
[   50.413725]      scan-1141 get_device_data       : No context for object [ffff88040d823780]
[   50.413917]      scan-1141 get_device_data       : No context for object [ffff88040d8237a8]
[   50.414112]      scan-1141 get_device_data       : No context for object [ffff88040d8237d0]
[   50.414306]      scan-1141 get_device_data       : No context for object [ffff88040d8237f8]
[   50.414500]      scan-1141 get_device_data       : No context for object [ffff88040d823820]
[   50.414677]      scan-1141 get_device_data       : No context for object [ffff88040d823848]
[   50.414873]      scan-1141 get_device_data       : No context for object [ffff88040d823870]
[   50.415062]      scan-1141 get_device_data       : No context for object [ffff88040d823898]
[   50.415258]      scan-1141 get_device_data       : No context for object [ffff88040d8238c0]
[   50.415453]      scan-1141 get_device_data       : No context for object [ffff88040d8238e8]
[   50.415601]      scan-1141 get_device_data       : No context for object [ffff88040d823910]
[   50.415779]      scan-1141 get_device_data       : No context for object [ffff88040d823938]
[   50.415972]      scan-1141 get_device_data       : No context for object [ffff88040d823960]
[   50.416167]      scan-1141 get_device_data       : No context for object [ffff88040d823988]
[   50.416360]      scan-1141 get_device_data       : No context for object [ffff88040d8239b0]
[   50.416541]      scan-1141 get_device_data       : No context for object [ffff88040d8239d8]
[   50.416831]      scan-1141 get_device_data       : No context for object [ffff88040d837460]
[   50.417029]      scan-1141 get_device_data       : No context for object [ffff88040d83ac08]
[   50.417227]      scan-1141 get_device_data       : No context for object [ffff88040d83ac30]
[   50.417425]      scan-1141 get_device_data       : No context for object [ffff88040d83ac58]
[   50.417620]     utils-0051 util_eval_error       : Evaluate [\_SB_.PCI0.PB3_.VGA_.CRT_._STA]: AE_NOT_FOUND
[   50.417864] device: 'device:04': device_add
[   50.417974] bus: 'acpi': add device device:04
[   50.418049]     utils-0051 util_eval_error       : Evaluate [\_SB_.PCI0.PB3_.VGA_.CRT_._SUN]: AE_NOT_FOUND
[   50.418257]      scan-1933 add_single_object     : Added device:04 [\_SB_.PCI0.PB3_.VGA_.CRT_] parent LNXVIDEO:00
[   50.418460]      scan-1141 get_device_data       : No context for object [ffff88040d83ac80]
[   50.418639]      scan-1141 get_device_data       : No context for object [ffff88040d83aca8]
[   50.418831]      scan-1141 get_device_data       : No context for object [ffff88040d83acd0]
[   50.419029]      scan-1141 get_device_data       : No context for object [ffff88040d83acf8]
[   50.419226]      scan-1141 get_device_data       : No context for object [ffff88040d83ad20]
[   50.420004]     utils-0051 util_eval_error       : Evaluate [\_SB_.PCI0.PB3_.VGA_.LCD_._STA]: AE_NOT_FOUND
[   50.420235] device: 'device:05': device_add
[   50.420298] bus: 'acpi': add device device:05
[   50.420373]     utils-0051 util_eval_error       : Evaluate [\_SB_.PCI0.PB3_.VGA_.LCD_._SUN]: AE_NOT_FOUND
[   50.420581]      scan-1933 add_single_object     : Added device:05 [\_SB_.PCI0.PB3_.VGA_.LCD_] parent LNXVIDEO:00
[   50.420782]      scan-1141 get_device_data       : No context for object [ffff88040d83ad48]
[   50.420977]      scan-1141 get_device_data       : No context for object [ffff88040d83ad70]
[   50.421175]      scan-1141 get_device_data       : No context for object [ffff88040d83ad98]
[   50.421372]      scan-1141 get_device_data       : No context for object [ffff88040d83adc0]
[   50.421570]      scan-1141 get_device_data       : No context for object [ffff88040d83ade8]
[   50.421768]      scan-1141 get_device_data       : No context for object [ffff88040d83ae10]
[   50.421965]      scan-1141 get_device_data       : No context for object [ffff88040d83ae38]
[   50.422158]      scan-1141 get_device_data       : No context for object [ffff88040d83ae60]
[   50.422336]     utils-0051 util_eval_error       : Evaluate [\_SB_.PCI0.PB3_.VGA_.TV0_._STA]: AE_NOT_FOUND
[   50.422570] device: 'device:06': device_add
[   50.422633] bus: 'acpi': add device device:06
[   50.422710]     utils-0051 util_eval_error       : Evaluate [\_SB_.PCI0.PB3_.VGA_.TV0_._SUN]: AE_NOT_FOUND
[   50.423344]      scan-1933 add_single_object     : Added device:06 [\_SB_.PCI0.PB3_.VGA_.TV0_] parent LNXVIDEO:00
[   50.423545]      scan-1141 get_device_data       : No context for object [ffff88040d83ae88]
[   50.423691]      scan-1141 get_device_data       : No context for object [ffff88040d83aeb0]
[   50.423867]      scan-1141 get_device_data       : No context for object [ffff88040d83aed8]
[   50.424064]      scan-1141 get_device_data       : No context for object [ffff88040d83af00]
[   50.424262]      scan-1141 get_device_data       : No context for object [ffff88040d83af28]
[   50.424461]     utils-0051 util_eval_error       : Evaluate [\_SB_.PCI0.PB3_.VGA_.HDMI._STA]: AE_NOT_FOUND
[   50.424682] device: 'device:07': device_add
[   50.424746] bus: 'acpi': add device device:07
[   50.424814]     utils-0051 util_eval_error       : Evaluate [\_SB_.PCI0.PB3_.VGA_.HDMI._SUN]: AE_NOT_FOUND
[   50.425016]      scan-1933 add_single_object     : Added device:07 [\_SB_.PCI0.PB3_.VGA_.HDMI] parent LNXVIDEO:00
[   50.425218]      scan-1141 get_device_data       : No context for object [ffff88040d83af50]
[   50.425416]      scan-1141 get_device_data       : No context for object [ffff88040d83af78]
[   50.425613]      scan-1141 get_device_data       : No context for object [ffff88040d83afa0]
[   50.425810]      scan-1141 get_device_data       : No context for object [ffff88040d83afc8]
[   50.426008]      scan-1141 get_device_data       : No context for object [ffff88040d823a00]
[   50.426202]     utils-0051 util_eval_error       : Evaluate [\_SB_.PCI0.PB3_.HDAU._STA]: AE_NOT_FOUND
[   50.426437] device: 'device:08': device_add
[   50.426499] bus: 'acpi': add device device:08
[   50.426574]     utils-0051 util_eval_error       : Evaluate [\_SB_.PCI0.PB3_.HDAU._SUN]: AE_NOT_FOUND
[   50.426761]      scan-1933 add_single_object     : Added device:08 [\_SB_.PCI0.PB3_.HDAU] parent device:03
[   50.426942]      scan-1141 get_device_data       : No context for object [ffff88040d823a28]
[   50.427139]      scan-1141 get_device_data       : No context for object [ffff88040d823a50]
[   50.427336]      scan-1141 get_device_data       : No context for object [ffff88040d823a78]
[   50.427530]      scan-1141 get_device_data       : No context for object [ffff88040d823aa0]
[   50.427707]      scan-1141 get_device_data       : No context for object [ffff88040d823ac8]
[   50.427904]      scan-1141 get_device_data       : No context for object [ffff88040d823af0]
[   50.428102]      scan-1141 get_device_data       : No context for object [ffff88040d823b18]
[   50.428302]     utils-0051 util_eval_error       : Evaluate [\_SB_.PCI0.PB4_._STA]: AE_NOT_FOUND
[   50.428530] device: 'device:09': device_add
[   50.428590] bus: 'acpi': add device device:09
[   50.428658]     utils-0051 util_eval_error       : Evaluate [\_SB_.PCI0.PB4_._SUN]: AE_NOT_FOUND
[   50.428845]      scan-1933 add_single_object     : Added device:09 [\_SB_.PCI0.PB4_] parent PNP0A08:00
[   50.429044]      scan-1141 get_device_data       : No context for object [ffff88040d823b40]
[   50.429239]      scan-1141 get_device_data       : No context for object [ffff88040d823b68]
[   50.429435]      scan-1141 get_device_data       : No context for object [ffff88040d823b90]
[   50.429629]      scan-1141 get_device_data       : No context for object [ffff88040d823bb8]
[   50.429823]      scan-1141 get_device_data       : No context for object [ffff88040d823be0]
[   50.430002]      scan-1141 get_device_data       : No context for object [ffff88040d823c08]
[   50.430198]      scan-1141 get_device_data       : No context for object [ffff88040d823c30]
[   50.430393]      scan-1141 get_device_data       : No context for object [ffff88040d823c58]
[   50.430588]      scan-1141 get_device_data       : No context for object [ffff88040d823c80]
[   50.430765]      scan-1141 get_device_data       : No context for object [ffff88040d823ca8]
[   50.430961]      scan-1141 get_device_data       : No context for object [ffff88040d823cd0]
[   50.431153]      scan-1141 get_device_data       : No context for object [ffff88040d823cf8]
[   50.431347]      scan-1141 get_device_data       : No context for object [ffff88040d823d20]
[   50.431542]      scan-1141 get_device_data       : No context for object [ffff88040d823d48]
[   50.431691]      scan-1141 get_device_data       : No context for object [ffff88040d823d70]
[   50.431868]      scan-1141 get_device_data       : No context for object [ffff88040d823d98]
[   50.432065]      scan-1141 get_device_data       : No context for object [ffff88040d823dc0]
[   50.432259]      scan-1141 get_device_data       : No context for object [ffff88040d823de8]
[   50.432452]      scan-1141 get_device_data       : No context for object [ffff88040d823e10]
[   50.432629]      scan-1141 get_device_data       : No context for object [ffff88040d823e38]
[   50.432823]      scan-1141 get_device_data       : No context for object [ffff88040d823e60]
[   50.433018]      scan-1141 get_device_data       : No context for object [ffff88040d823e88]
[   50.433216]      scan-1141 get_device_data       : No context for object [ffff88040d823eb0]
[   50.433334]      scan-1141 get_device_data       : No context for object [ffff88040d823ed8]
[   50.433528]      scan-1141 get_device_data       : No context for object [ffff88040d823f00]
[   50.433725]      scan-1141 get_device_data       : No context for object [ffff88040d823f28]
[   50.433923]      scan-1141 get_device_data       : No context for object [ffff88040d823f50]
[   50.434120]      scan-1141 get_device_data       : No context for object [ffff88040d823f78]
[   50.434317]      scan-1141 get_device_data       : No context for object [ffff88040d823fa0]
[   50.434514]      scan-1141 get_device_data       : No context for object [ffff88040d823fc8]
[   50.434660]      scan-1141 get_device_data       : No context for object [ffff88040d825000]
[   50.434858]     utils-0051 util_eval_error       : Evaluate [\_SB_.PCI0.PB4_.XPDV._STA]: AE_NOT_FOUND
[   50.435091] device: 'device:0a': device_add
[   50.435155] bus: 'acpi': add device device:0a
[   50.435229]     utils-0051 util_eval_error       : Evaluate [\_SB_.PCI0.PB4_.XPDV._SUN]: AE_NOT_FOUND
[   50.435435]      scan-1933 add_single_object     : Added device:0a [\_SB_.PCI0.PB4_.XPDV] parent device:09
[   50.435617]      scan-1141 get_device_data       : No context for object [ffff88040d825028]
[   50.435815]      scan-1141 get_device_data       : No context for object [ffff88040d825050]
[   50.436009]      scan-1141 get_device_data       : No context for object [ffff88040d825078]
[   50.436206]      scan-1141 get_device_data       : No context for object [ffff88040d8250a0]
[   50.436403]      scan-1141 get_device_data       : No context for object [ffff88040d8250c8]
[   50.436669]      scan-1141 get_device_data       : No context for object [ffff88040d837500]
[   50.436866]      scan-1141 get_device_data       : No context for object [ffff88040d8250f0]
[   50.437062]      scan-1141 get_device_data       : No context for object [ffff88040d825118]
[   50.437258]     utils-0051 util_eval_error       : Evaluate [\_SB_.PCI0.PB5_._STA]: AE_NOT_FOUND
[   50.437552] device: 'device:0b': device_add
[   50.437615] bus: 'acpi': add device device:0b
[   50.438708]     utils-0051 util_eval_error       : Evaluate [\_SB_.PCI0.PB5_._SUN]: AE_NOT_FOUND
[   50.438914]      scan-1933 add_single_object     : Added device:0b [\_SB_.PCI0.PB5_] parent PNP0A08:00
[   50.439116]      scan-1141 get_device_data       : No context for object [ffff88040d825140]
[   50.439315]      scan-1141 get_device_data       : No context for object [ffff88040d825168]
[   50.439512]      scan-1141 get_device_data       : No context for object [ffff88040d825190]
[   50.439685]      scan-1141 get_device_data       : No context for object [ffff88040d8251b8]
[   50.439883]      scan-1141 get_device_data       : No context for object [ffff88040d8251e0]
[   50.440002]      scan-1141 get_device_data       : No context for object [ffff88040d825208]
[   50.440200]      scan-1141 get_device_data       : No context for object [ffff88040d825230]
[   50.440397]      scan-1141 get_device_data       : No context for object [ffff88040d825258]
[   50.440574]      scan-1141 get_device_data       : No context for object [ffff88040d825280]
[   50.440771]      scan-1141 get_device_data       : No context for object [ffff88040d8252a8]
[   50.440965]      scan-1141 get_device_data       : No context for object [ffff88040d8252d0]
[   50.441162]      scan-1141 get_device_data       : No context for object [ffff88040d8252f8]
[   50.441360]      scan-1141 get_device_data       : No context for object [ffff88040d825320]
[   50.441550]      scan-1141 get_device_data       : No context for object [ffff88040d825348]
[   50.441748]      scan-1141 get_device_data       : No context for object [ffff88040d825370]
[   50.441945]      scan-1141 get_device_data       : No context for object [ffff88040d825398]
[   50.442139]      scan-1141 get_device_data       : No context for object [ffff88040d8253c0]
[   50.442336]      scan-1141 get_device_data       : No context for object [ffff88040d8253e8]
[   50.442533]      scan-1141 get_device_data       : No context for object [ffff88040d825410]
[   50.442685]      scan-1141 get_device_data       : No context for object [ffff88040d825438]
[   50.442882]      scan-1141 get_device_data       : No context for object [ffff88040d825460]
[   50.443079]      scan-1141 get_device_data       : No context for object [ffff88040d825488]
[   50.443334]      scan-1141 get_device_data       : No context for object [ffff88040d8254b0]
[   50.443532]      scan-1141 get_device_data       : No context for object [ffff88040d8254d8]
[   50.443682]      scan-1141 get_device_data       : No context for object [ffff88040d825500]
[   50.443859]      scan-1141 get_device_data       : No context for object [ffff88040d825528]
[   50.444057]      scan-1141 get_device_data       : No context for object [ffff88040d825550]
[   50.444255]      scan-1141 get_device_data       : No context for object [ffff88040d825578]
[   50.444452]      scan-1141 get_device_data       : No context for object [ffff88040d8255a0]
[   50.444625]      scan-1141 get_device_data       : No context for object [ffff88040d8255c8]
[   50.444822]      scan-1141 get_device_data       : No context for object [ffff88040d8255f0]
[   50.445020]     utils-0051 util_eval_error       : Evaluate [\_SB_.PCI0.PB5_.XPDV._STA]: AE_NOT_FOUND
[   50.445253] device: 'device:0c': device_add
[   50.445316] bus: 'acpi': add device device:0c
[   50.445393]     utils-0051 util_eval_error       : Evaluate [\_SB_.PCI0.PB5_.XPDV._SUN]: AE_NOT_FOUND
[   50.445599]      scan-1933 add_single_object     : Added device:0c [\_SB_.PCI0.PB5_.XPDV] parent device:0b
[   50.445793]      scan-1141 get_device_data       : No context for object [ffff88040d825618]
[   50.445989]      scan-1141 get_device_data       : No context for object [ffff88040d825640]
[   50.446182]      scan-1141 get_device_data       : No context for object [ffff88040d825668]
[   50.446377]      scan-1141 get_device_data       : No context for object [ffff88040d825690]
[   50.446572]      scan-1141 get_device_data       : No context for object [ffff88040d8256b8]
[   50.446777]      scan-1141 get_device_data       : No context for object [ffff88040d837528]
[   50.446972]      scan-1141 get_device_data       : No context for object [ffff88040d8256e0]
[   50.447163]      scan-1141 get_device_data       : No context for object [ffff88040d825708]
[   50.447359]     utils-0051 util_eval_error       : Evaluate [\_SB_.PCI0.PB6_._STA]: AE_NOT_FOUND
[   50.447640] device: 'device:0d': device_add
[   50.447702] bus: 'acpi': add device device:0d
[   50.447775]     utils-0051 util_eval_error       : Evaluate [\_SB_.PCI0.PB6_._SUN]: AE_NOT_FOUND
[   50.447978]      scan-1933 add_single_object     : Added device:0d [\_SB_.PCI0.PB6_] parent PNP0A08:00
[   50.448175]      scan-1141 get_device_data       : No context for object [ffff88040d825730]
[   50.448367]      scan-1141 get_device_data       : No context for object [ffff88040d825758]
[   50.448561]      scan-1141 get_device_data       : No context for object [ffff88040d825780]
[   50.448710]      scan-1141 get_device_data       : No context for object [ffff88040d8257a8]
[   50.448887]      scan-1141 get_device_data       : No context for object [ffff88040d8257d0]
[   50.449081]      scan-1141 get_device_data       : No context for object [ffff88040d8257f8]
[   50.449276]      scan-1141 get_device_data       : No context for object [ffff88040d825820]
[   50.449469]      scan-1141 get_device_data       : No context for object [ffff88040d825848]
[   50.449647]      scan-1141 get_device_data       : No context for object [ffff88040d825870]
[   50.449841]      scan-1141 get_device_data       : No context for object [ffff88040d825898]
[   50.450003]      scan-1141 get_device_data       : No context for object [ffff88040d8258c0]
[   50.450199]      scan-1141 get_device_data       : No context for object [ffff88040d8258e8]
[   50.450397]      scan-1141 get_device_data       : No context for object [ffff88040d825910]
[   50.450593]      scan-1141 get_device_data       : No context for object [ffff88040d825938]
[   50.450741]      scan-1141 get_device_data       : No context for object [ffff88040d825960]
[   50.450939]      scan-1141 get_device_data       : No context for object [ffff88040d825988]
[   50.451137]      scan-1141 get_device_data       : No context for object [ffff88040d8259b0]
[   50.451334]      scan-1141 get_device_data       : No context for object [ffff88040d8259d8]
[   50.451532]      scan-1141 get_device_data       : No context for object [ffff88040d825a00]
[   50.451683]      scan-1141 get_device_data       : No context for object [ffff88040d825a28]
[   50.451859]      scan-1141 get_device_data       : No context for object [ffff88040d825a50]
[   50.452054]      scan-1141 get_device_data       : No context for object [ffff88040d825a78]
[   50.452251]      scan-1141 get_device_data       : No context for object [ffff88040d825aa0]
[   50.452448]      scan-1141 get_device_data       : No context for object [ffff88040d825ac8]
[   50.452625]      scan-1141 get_device_data       : No context for object [ffff88040d825af0]
[   50.452822]      scan-1141 get_device_data       : No context for object [ffff88040d825b18]
[   50.453020]      scan-1141 get_device_data       : No context for object [ffff88040d825b40]
[   50.453213]      scan-1141 get_device_data       : No context for object [ffff88040d825b68]
[   50.453462]      scan-1141 get_device_data       : No context for object [ffff88040d825b90]
[   50.453649]      scan-1141 get_device_data       : No context for object [ffff88040d825bb8]
[   50.453846]      scan-1141 get_device_data       : No context for object [ffff88040d825be0]
[   50.454045]     utils-0051 util_eval_error       : Evaluate [\_SB_.PCI0.PB6_.XPDV._STA]: AE_NOT_FOUND
[   50.454268] device: 'device:0e': device_add
[   50.454327] bus: 'acpi': add device device:0e
[   50.454393]     utils-0051 util_eval_error       : Evaluate [\_SB_.PCI0.PB6_.XPDV._SUN]: AE_NOT_FOUND
[   50.454600]      scan-1933 add_single_object     : Added device:0e [\_SB_.PCI0.PB6_.XPDV] parent device:0d
[   50.454785]      scan-1141 get_device_data       : No context for object [ffff88040d825c08]
[   50.454982]      scan-1141 get_device_data       : No context for object [ffff88040d825c30]
[   50.455180]      scan-1141 get_device_data       : No context for object [ffff88040d825c58]
[   50.455377]      scan-1141 get_device_data       : No context for object [ffff88040d825c80]
[   50.455575]      scan-1141 get_device_data       : No context for object [ffff88040d825ca8]
[   50.455723]      scan-1141 get_device_data       : No context for object [ffff88040d837550]
[   50.456669]      scan-1141 get_device_data       : No context for object [ffff88040d825cd0]
[   50.456867]      scan-1141 get_device_data       : No context for object [ffff88040d825cf8]
[   50.457066]     utils-0051 util_eval_error       : Evaluate [\_SB_.PCI0.PB7_._STA]: AE_NOT_FOUND
[   50.457360] device: 'device:0f': device_add
[   50.457424] bus: 'acpi': add device device:0f
[   50.457501]     utils-0051 util_eval_error       : Evaluate [\_SB_.PCI0.PB7_._SUN]: AE_NOT_FOUND
[   50.457705]      scan-1933 add_single_object     : Added device:0f [\_SB_.PCI0.PB7_] parent PNP0A08:00
[   50.457902]      scan-1141 get_device_data       : No context for object [ffff88040d825d20]
[   50.458099]      scan-1141 get_device_data       : No context for object [ffff88040d825d48]
[   50.458297]      scan-1141 get_device_data       : No context for object [ffff88040d825d70]
[   50.458447]      scan-1141 get_device_data       : No context for object [ffff88040d825d98]
[   50.458624]      scan-1141 get_device_data       : No context for object [ffff88040d825dc0]
[   50.458822]      scan-1141 get_device_data       : No context for object [ffff88040d825de8]
[   50.459017]      scan-1141 get_device_data       : No context for object [ffff88040d825e10]
[   50.459212]      scan-1141 get_device_data       : No context for object [ffff88040d825e38]
[   50.459389]      scan-1141 get_device_data       : No context for object [ffff88040d825e60]
[   50.459587]      scan-1141 get_device_data       : No context for object [ffff88040d825e88]
[   50.460003]      scan-1141 get_device_data       : No context for object [ffff88040d825eb0]
[   50.460200]      scan-1141 get_device_data       : No context for object [ffff88040d825ed8]
[   50.460397]      scan-1141 get_device_data       : No context for object [ffff88040d825f00]
[   50.460591]      scan-1141 get_device_data       : No context for object [ffff88040d825f28]
[   50.460788]      scan-1141 get_device_data       : No context for object [ffff88040d825f50]
[   50.460986]      scan-1141 get_device_data       : No context for object [ffff88040d825f78]
[   50.461183]      scan-1141 get_device_data       : No context for object [ffff88040d825fa0]
[   50.461380]      scan-1141 get_device_data       : No context for object [ffff88040d825fc8]
[   50.461577]      scan-1141 get_device_data       : No context for object [ffff88040d827000]
[   50.461769]      scan-1141 get_device_data       : No context for object [ffff88040d827028]
[   50.461966]      scan-1141 get_device_data       : No context for object [ffff88040d827050]
[   50.462163]      scan-1141 get_device_data       : No context for object [ffff88040d827078]
[   50.462357]      scan-1141 get_device_data       : No context for object [ffff88040d8270a0]
[   50.462551]      scan-1141 get_device_data       : No context for object [ffff88040d8270c8]
[   50.462728]      scan-1141 get_device_data       : No context for object [ffff88040d8270f0]
[   50.462919]      scan-1141 get_device_data       : No context for object [ffff88040d827118]
[   50.463114]      scan-1141 get_device_data       : No context for object [ffff88040d827140]
[   50.463335]      scan-1141 get_device_data       : No context for object [ffff88040d827168]
[   50.463531]      scan-1141 get_device_data       : No context for object [ffff88040d827190]
[   50.463679]      scan-1141 get_device_data       : No context for object [ffff88040d8271b8]
[   50.463857]      scan-1141 get_device_data       : No context for object [ffff88040d8271e0]
[   50.464050]     utils-0051 util_eval_error       : Evaluate [\_SB_.PCI0.PB7_.XPDV._STA]: AE_NOT_FOUND
[   50.464274] device: 'device:10': device_add
[   50.464336] bus: 'acpi': add device device:10
[   50.464409]     utils-0051 util_eval_error       : Evaluate [\_SB_.PCI0.PB7_.XPDV._SUN]: AE_NOT_FOUND
[   50.464614]      scan-1933 add_single_object     : Added device:10 [\_SB_.PCI0.PB7_.XPDV] parent device:0f
[   50.464814]      scan-1141 get_device_data       : No context for object [ffff88040d827208]
[   50.465007]      scan-1141 get_device_data       : No context for object [ffff88040d827230]
[   50.465202]      scan-1141 get_device_data       : No context for object [ffff88040d827258]
[   50.465394]      scan-1141 get_device_data       : No context for object [ffff88040d827280]
[   50.465588]      scan-1141 get_device_data       : No context for object [ffff88040d8272a8]
[   50.465765]      scan-1141 get_device_data       : No context for object [ffff88040d837488]
[   50.465959]      scan-1141 get_device_data       : No context for object [ffff88040d8272d0]
[   50.466153]      scan-1141 get_device_data       : No context for object [ffff88040d8272f8]
[   50.466348]     utils-0051 util_eval_error       : Evaluate [\_SB_.PCI0.OHC1._STA]: AE_NOT_FOUND
[   50.466574] device: 'device:11': device_add
[   50.466633] bus: 'acpi': add device device:11
[   50.466684]     utils-0051 util_eval_error       : Evaluate [\_SB_.PCI0.OHC1._SUN]: AE_NOT_FOUND
[   50.466869]      scan-1933 add_single_object     : Added device:11 [\_SB_.PCI0.OHC1] parent PNP0A08:00
[   50.467071]      scan-1141 get_device_data       : No context for object [ffff88040d827320]
[   50.467268]      scan-1141 get_device_data       : No context for object [ffff88040d827348]
[   50.467466]      scan-1141 get_device_data       : No context for object [ffff88040d83b2f8]
[   50.467644]     utils-0051 util_eval_error       : Evaluate [\_SB_.PCI0.OHC1.RHUB._STA]: AE_NOT_FOUND
[   50.467860] device: 'device:12': device_add
[   50.467927] bus: 'acpi': add device device:12
[   50.468001]     utils-0051 util_eval_error       : Evaluate [\_SB_.PCI0.OHC1.RHUB._SUN]: AE_NOT_FOUND
[   50.468208]      scan-1933 add_single_object     : Added device:12 [\_SB_.PCI0.OHC1.RHUB] parent device:11
[   50.468410]      scan-1141 get_device_data       : No context for object [ffff88040d83b320]
[   50.468593]      scan-1141 get_device_data       : No context for object [ffff88040d83b348]
[   50.468792]     utils-0051 util_eval_error       : Evaluate [\_SB_.PCI0.OHC1.RHUB.PRT3._STA]: AE_NOT_FOUND
[   50.469012] device: 'device:13': device_add
[   50.469072] bus: 'acpi': add device device:13
[   50.469145]     utils-0051 util_eval_error       : Evaluate [\_SB_.PCI0.OHC1.RHUB.PRT3._SUN]: AE_NOT_FOUND
[   50.469353]      scan-1933 add_single_object     : Added device:13 [\_SB_.PCI0.OHC1.RHUB.PRT3] parent device:12
[   50.469555]      scan-1141 get_device_data       : No context for object [ffff88040d83b370]
[   50.469732]      scan-1141 get_device_data       : No context for object [ffff88040d83b398]
[   50.469930]      scan-1141 get_device_data       : No context for object [ffff88040d83b3c0]
[   50.470166]      scan-1141 get_device_data       : No context for object [ffff88040d83b3e8]
[   50.470359]     utils-0051 util_eval_error       : Evaluate [\_SB_.PCI0.OHC1.RHUB.PRT4._STA]: AE_NOT_FOUND
[   50.470593] device: 'device:14': device_add
[   50.470656] bus: 'acpi': add device device:14
[   50.470732]     utils-0051 util_eval_error       : Evaluate [\_SB_.PCI0.OHC1.RHUB.PRT4._SUN]: AE_NOT_FOUND
[   50.470919]      scan-1933 add_single_object     : Added device:14 [\_SB_.PCI0.OHC1.RHUB.PRT4] parent device:12
[   50.471121]      scan-1141 get_device_data       : No context for object [ffff88040d83b410]
[   50.471319]      scan-1141 get_device_data       : No context for object [ffff88040d83b438]
[   50.471516]      scan-1141 get_device_data       : No context for object [ffff88040d83b460]
[   50.471692]      scan-1141 get_device_data       : No context for object [ffff88040d827370]
[   50.471890]     utils-0051 util_eval_error       : Evaluate [\_SB_.PCI0.EHC1._STA]: AE_NOT_FOUND
[   50.472134] device: 'device:15': device_add
[   50.472198] bus: 'acpi': add device device:15
[   50.472272]     utils-0051 util_eval_error       : Evaluate [\_SB_.PCI0.EHC1._SUN]: AE_NOT_FOUND
[   50.472478]      scan-1933 add_single_object     : Added device:15 [\_SB_.PCI0.EHC1] parent PNP0A08:00
[   50.472656]      scan-1141 get_device_data       : No context for object [ffff88040d827398]
[   50.472849]      scan-1141 get_device_data       : No context for object [ffff88040d8273c0]
[   50.473047]      scan-1141 get_device_data       : No context for object [ffff88040d83b028]
[   50.473246]     utils-0051 util_eval_error       : Evaluate [\_SB_.PCI0.EHC1.RHUB._STA]: AE_NOT_FOUND
[   50.473500] device: 'device:16': device_add
[   50.473563] bus: 'acpi': add device device:16
[   50.473637]     utils-0051 util_eval_error       : Evaluate [\_SB_.PCI0.EHC1.RHUB._SUN]: AE_NOT_FOUND
[   50.473823]      scan-1933 add_single_object     : Added device:16 [\_SB_.PCI0.EHC1.RHUB] parent device:15
[   50.474022]      scan-1141 get_device_data       : No context for object [ffff88040d83b050]
[   50.475239]      scan-1141 get_device_data       : No context for object [ffff88040d83b078]
[   50.475437]     utils-0051 util_eval_error       : Evaluate [\_SB_.PCI0.EHC1.RHUB.PRT3._STA]: AE_NOT_FOUND
[   50.475670] device: 'device:17': device_add
[   50.475732] bus: 'acpi': add device device:17
[   50.475810]     utils-0051 util_eval_error       : Evaluate [\_SB_.PCI0.EHC1.RHUB.PRT3._SUN]: AE_NOT_FOUND
[   50.476018]      scan-1933 add_single_object     : Added device:17 [\_SB_.PCI0.EHC1.RHUB.PRT3] parent device:16
[   50.476220]      scan-1141 get_device_data       : No context for object [ffff88040d83b0a0]
[   50.476417]      scan-1141 get_device_data       : No context for object [ffff88040d83b0c8]
[   50.476612]      scan-1141 get_device_data       : No context for object [ffff88040d83b0f0]
[   50.476777]      scan-1141 get_device_data       : No context for object [ffff88040d83b118]
[   50.476976]     utils-0051 util_eval_error       : Evaluate [\_SB_.PCI0.EHC1.RHUB.PRT4._STA]: AE_NOT_FOUND
[   50.477210] device: 'device:18': device_add
[   50.477273] bus: 'acpi': add device device:18
[   50.477347]     utils-0051 util_eval_error       : Evaluate [\_SB_.PCI0.EHC1.RHUB.PRT4._SUN]: AE_NOT_FOUND
[   50.477551]      scan-1933 add_single_object     : Added device:18 [\_SB_.PCI0.EHC1.RHUB.PRT4] parent device:16
[   50.477700]      scan-1141 get_device_data       : No context for object [ffff88040d83b140]
[   50.477878]      scan-1141 get_device_data       : No context for object [ffff88040d83b168]
[   50.478075]      scan-1141 get_device_data       : No context for object [ffff88040d83b190]
[   50.478273]      scan-1141 get_device_data       : No context for object [ffff88040d8273e8]
[   50.478472]     utils-0051 util_eval_error       : Evaluate [\_SB_.PCI0.OHC2._STA]: AE_NOT_FOUND
[   50.478695] device: 'device:19': device_add
[   50.478758] bus: 'acpi': add device device:19
[   50.478824]     utils-0051 util_eval_error       : Evaluate [\_SB_.PCI0.OHC2._SUN]: AE_NOT_FOUND
[   50.479024]      scan-1933 add_single_object     : Added device:19 [\_SB_.PCI0.OHC2] parent PNP0A08:00
[   50.479222]      scan-1141 get_device_data       : No context for object [ffff88040d827410]
[   50.479418]      scan-1141 get_device_data       : No context for object [ffff88040d827438]
[   50.479613]      scan-1141 get_device_data       : No context for object [ffff88040d83b488]
[   50.479809]     utils-0051 util_eval_error       : Evaluate [\_SB_.PCI0.OHC2.RHUB._STA]: AE_NOT_FOUND
[   50.480023] device: 'device:1a': device_add
[   50.480081] bus: 'acpi': add device device:1a
[   50.480148]     utils-0051 util_eval_error       : Evaluate [\_SB_.PCI0.OHC2.RHUB._SUN]: AE_NOT_FOUND
[   50.480355]      scan-1933 add_single_object     : Added device:1a [\_SB_.PCI0.OHC2.RHUB] parent device:19
[   50.480556]      scan-1141 get_device_data       : No context for object [ffff88040d83b4b0]
[   50.480705]      scan-1141 get_device_data       : No context for object [ffff88040d83b4d8]
[   50.480884]     utils-0051 util_eval_error       : Evaluate [\_SB_.PCI0.OHC2.RHUB.PRT4._STA]: AE_NOT_FOUND
[   50.481116] device: 'device:1b': device_add
[   50.481177] bus: 'acpi': add device device:1b
[   50.481244]     utils-0051 util_eval_error       : Evaluate [\_SB_.PCI0.OHC2.RHUB.PRT4._SUN]: AE_NOT_FOUND
[   50.481444]      scan-1933 add_single_object     : Added device:1b [\_SB_.PCI0.OHC2.RHUB.PRT4] parent device:1a
[   50.481631]      scan-1141 get_device_data       : No context for object [ffff88040d83b500]
[   50.481826]      scan-1141 get_device_data       : No context for object [ffff88040d83b528]
[   50.482020]      scan-1141 get_device_data       : No context for object [ffff88040d83b550]
[   50.482215]      scan-1141 get_device_data       : No context for object [ffff88040d827460]
[   50.482411]     utils-0051 util_eval_error       : Evaluate [\_SB_.PCI0.EHC2._STA]: AE_NOT_FOUND
[   50.482633] device: 'device:1c': device_add
[   50.482696] bus: 'acpi': add device device:1c
[   50.482769]     utils-0051 util_eval_error       : Evaluate [\_SB_.PCI0.EHC2._SUN]: AE_NOT_FOUND
[   50.482972]      scan-1933 add_single_object     : Added device:1c [\_SB_.PCI0.EHC2] parent PNP0A08:00
[   50.483171]      scan-1141 get_device_data       : No context for object [ffff88040d827488]
[   50.483336]      scan-1141 get_device_data       : No context for object [ffff88040d8274b0]
[   50.483534]      scan-1141 get_device_data       : No context for object [ffff88040d83b1b8]
[   50.483685]     utils-0051 util_eval_error       : Evaluate [\_SB_.PCI0.EHC2.RHUB._STA]: AE_NOT_FOUND
[   50.483893] device: 'device:1d': device_add
[   50.483956] bus: 'acpi': add device device:1d
[   50.484033]     utils-0051 util_eval_error       : Evaluate [\_SB_.PCI0.EHC2.RHUB._SUN]: AE_NOT_FOUND
[   50.484240]      scan-1933 add_single_object     : Added device:1d [\_SB_.PCI0.EHC2.RHUB] parent device:1c
[   50.484442]      scan-1141 get_device_data       : No context for object [ffff88040d83b1e0]
[   50.484620]      scan-1141 get_device_data       : No context for object [ffff88040d83b208]
[   50.484819]     utils-0051 util_eval_error       : Evaluate [\_SB_.PCI0.EHC2.RHUB.PRT2._STA]: AE_NOT_FOUND
[   50.485039] device: 'device:1e': device_add
[   50.485103] bus: 'acpi': add device device:1e
[   50.485177]     utils-0051 util_eval_error       : Evaluate [\_SB_.PCI0.EHC2.RHUB.PRT2._SUN]: AE_NOT_FOUND
[   50.485385]      scan-1933 add_single_object     : Added device:1e [\_SB_.PCI0.EHC2.RHUB.PRT2] parent device:1d
[   50.485588]      scan-1141 get_device_data       : No context for object [ffff88040d83b230]
[   50.485785]      scan-1141 get_device_data       : No context for object [ffff88040d83b258]
[   50.485982]      scan-1141 get_device_data       : No context for object [ffff88040d83b280]
[   50.486179]      scan-1141 get_device_data       : No context for object [ffff88040d8274d8]
[   50.486375]     utils-0051 util_eval_error       : Evaluate [\_SB_.PCI0.OHC3._STA]: AE_NOT_FOUND
[   50.486716] device: 'device:1f': device_add
[   50.486779] bus: 'acpi': add device device:1f
[   50.486854]     utils-0051 util_eval_error       : Evaluate [\_SB_.PCI0.OHC3._SUN]: AE_NOT_FOUND
[   50.487060]      scan-1933 add_single_object     : Added device:1f [\_SB_.PCI0.OHC3] parent PNP0A08:00
[   50.487263]      scan-1141 get_device_data       : No context for object [ffff88040d827500]
[   50.487459]      scan-1141 get_device_data       : No context for object [ffff88040d827528]
[   50.487650]      scan-1141 get_device_data       : No context for object [ffff88040d83b578]
[   50.487849]     utils-0051 util_eval_error       : Evaluate [\_SB_.PCI0.OHC3.RHUB._STA]: AE_NOT_FOUND
[   50.488082] device: 'device:20': device_add
[   50.488144] bus: 'acpi': add device device:20
[   50.488224]     utils-0051 util_eval_error       : Evaluate [\_SB_.PCI0.OHC3.RHUB._SUN]: AE_NOT_FOUND
[   50.488431]      scan-1933 add_single_object     : Added device:20 [\_SB_.PCI0.OHC3.RHUB] parent device:1f
[   50.488631]      scan-1141 get_device_data       : No context for object [ffff88040d83b5a0]
[   50.488824]      scan-1141 get_device_data       : No context for object [ffff88040d827550]
[   50.489023]     utils-0051 util_eval_error       : Evaluate [\_SB_.PCI0.EHC3._STA]: AE_NOT_FOUND
[   50.489267] device: 'device:21': device_add
[   50.489331] bus: 'acpi': add device device:21
[   50.489405]     utils-0051 util_eval_error       : Evaluate [\_SB_.PCI0.EHC3._SUN]: AE_NOT_FOUND
[   50.489612]      scan-1933 add_single_object     : Added device:21 [\_SB_.PCI0.EHC3] parent PNP0A08:00
[   50.489793]      scan-1141 get_device_data       : No context for object [ffff88040d827578]
[   50.489987]      scan-1141 get_device_data       : No context for object [ffff88040d8275a0]
[   50.490165]      scan-1141 get_device_data       : No context for object [ffff88040d83b2a8]
[   50.490363]     utils-0051 util_eval_error       : Evaluate [\_SB_.PCI0.EHC3.RHUB._STA]: AE_NOT_FOUND
[   50.490596] device: 'device:22': device_add
[   50.490659] bus: 'acpi': add device device:22
[   50.490733]     utils-0051 util_eval_error       : Evaluate [\_SB_.PCI0.EHC3.RHUB._SUN]: AE_NOT_FOUND
[   50.490919]      scan-1933 add_single_object     : Added device:22 [\_SB_.PCI0.EHC3.RHUB] parent device:21
[   50.491119]      scan-1141 get_device_data       : No context for object [ffff88040d83b2d0]
[   50.491313]      scan-1141 get_device_data       : No context for object [ffff88040d8275c8]
[   50.491512]     utils-0051 util_eval_error       : Evaluate [\_SB_.PCI0.OHC4._STA]: AE_NOT_FOUND
[   50.491735] device: 'device:23': device_add
[   50.491800] bus: 'acpi': add device device:23
[   50.491875]     utils-0051 util_eval_error       : Evaluate [\_SB_.PCI0.OHC4._SUN]: AE_NOT_FOUND
[   50.492080]      scan-1933 add_single_object     : Added device:23 [\_SB_.PCI0.OHC4] parent PNP0A08:00
[   50.492280]      scan-1141 get_device_data       : No context for object [ffff88040d8275f0]
[   50.493335]      scan-1141 get_device_data       : No context for object [ffff88040d827618]
[   50.493507]      scan-1141 get_device_data       : No context for object [ffff88040d827640]
[   50.493708]     utils-0051 util_eval_error       : Evaluate [\_SB_.PCI0.SBAZ._STA]: AE_NOT_FOUND
