[    0.000000] Initializing cgroup subsys cpuset
[    0.000000] Initializing cgroup subsys cpu
[    0.000000] Initializing cgroup subsys cpuacct
[    0.000000] Linux version 3.17.0-rc2-g81bbadc (emacs@manji) (gcc version 4.9.1 (GCC) ) #61 SMP Sun Aug 31 21:32:18 CEST 2014
[    0.000000] Command line: BOOT_IMAGE=/vmlinuz-linux-git root=UUID=bfa4ab6e-19a3-4601-ba2b-267c55841c73 rw cryptdevice=/dev/disk/by-uuid/70c08890-417a-497d-b6ab-c0d0357a63e2:cryptManjaro:allow-discards ipv6.disable=1 pnp.debug=1 loglevel=9 log_buf_len=10M printk.always_kmsg_dump=y printk.time=y mminit_loglevel=0 memory_corruption_check=1 acpi.debug_layer=0xfbff0000 acpi.debug_level=0xFFFFFFFD pnp.debug=1 nohz=on rcu_nocbs=1-3 pcie_aspm=force fbcon=scrollback:4096k fbcon=font:ProFont6x11 radeon.audio=0 radeon.lockup_timeout=0 radeon.test=0 radeon.agpmode=-1 radeon.benchmark=0 radeon.tv=0 radeon.hard_reset=1 radeon.aspm=1 radeon.dpm=1 radeon.msi=1 radeon.pcie_gen2=-1 radeon.no_wb=1 radeon.modeset=1 radeon.dynclks=1 radeon.r4xx_atom=0 radeon.runpm=0 radeonfb radeon.fastfb=1 nomodeset
[    0.000000] KERNEL supported cpus:
[    0.000000]   AMD AuthenticAMD
[    0.000000] tseg: 00bfe00000
[    0.000000] e820: BIOS-provided physical RAM map:
[    0.000000] BIOS-e820: [mem 0x0000000000000000-0x000000000009d7ff] usable
[    0.000000] BIOS-e820: [mem 0x000000000009d800-0x000000000009ffff] reserved
[    0.000000] BIOS-e820: [mem 0x00000000000e0000-0x00000000000fffff] reserved
[    0.000000] BIOS-e820: [mem 0x0000000000100000-0x00000000bed9afff] usable
[    0.000000] BIOS-e820: [mem 0x00000000bed9b000-0x00000000bf39afff] reserved
[    0.000000] BIOS-e820: [mem 0x00000000bf39b000-0x00000000bf49afff] ACPI NVS
[    0.000000] BIOS-e820: [mem 0x00000000bf49b000-0x00000000bf51afff] ACPI data
[    0.000000] BIOS-e820: [mem 0x00000000bf51b000-0x00000000bfdfffff] usable
[    0.000000] BIOS-e820: [mem 0x00000000bfe00000-0x00000000bfffffff] reserved
[    0.000000] BIOS-e820: [mem 0x00000000fec00000-0x00000000fecfffff] reserved
[    0.000000] BIOS-e820: [mem 0x00000000fed80000-0x00000000fed80fff] reserved
[    0.000000] BIOS-e820: [mem 0x00000000ffe00000-0x00000000ffffffff] reserved
[    0.000000] BIOS-e820: [mem 0x0000000100000000-0x000000041effffff] usable
[    0.000000] NX (Execute Disable) protection: active
[    0.000000] SMBIOS 2.6 present.
[    0.000000] DMI: LENOVO Sabine/Torpedo, BIOS 54CN18WW 07/20/2011
[    0.000000] e820: update [mem 0x00000000-0x00000fff] usable ==> reserved
[    0.000000] e820: remove [mem 0x000a0000-0x000fffff] usable
[    0.000000] e820: last_pfn = 0x41f000 max_arch_pfn = 0x400000000
[    0.000000] MTRR default type: uncachable
[    0.000000] MTRR fixed ranges enabled:
[    0.000000]   00000-9FFFF write-back
[    0.000000]   A0000-BFFFF uncachable
[    0.000000]   C0000-FFFFF write-protect
[    0.000000] MTRR variable ranges enabled:
[    0.000000]   0 base 0000000000 mask FF80000000 write-back
[    0.000000]   1 base 0080000000 mask FFC0000000 write-back
[    0.000000]   2 base 00FFF90000 mask FFFFFF0000 uncachable
[    0.000000]   3 base 00FED80000 mask 0FFFFFF000 uncachable
[    0.000000]   4 disabled
[    0.000000]   5 disabled
[    0.000000]   6 disabled
[    0.000000]   7 base 00FFE00000 mask FFFFE00000 write-protect
[    0.000000] TOM2: 000000041f000000 aka 16880M
[    0.000000] mtrr: your BIOS has configured an incorrect mask, fixing it.
[    0.000000] e820: last_pfn = 0xbfe00 max_arch_pfn = 0x400000000
[    0.000000] found SMP MP-table at [mem 0x000fa8b0-0x000fa8bf] mapped at [ffff8800000fa8b0]
[    0.000000] Base memory trampoline at [ffff880000097000] 97000 size 24576
[    0.000000] Using GB pages for direct mapping
[    0.000000] init_memory_mapping: [mem 0x00000000-0x000fffff]
[    0.000000]  [mem 0x00000000-0x000fffff] page 4k
[    0.000000] BRK [0x01e17000, 0x01e17fff] PGTABLE
[    0.000000] BRK [0x01e18000, 0x01e18fff] PGTABLE
[    0.000000] BRK [0x01e19000, 0x01e19fff] PGTABLE
[    0.000000] init_memory_mapping: [mem 0x41ee00000-0x41effffff]
[    0.000000]  [mem 0x41ee00000-0x41effffff] page 2M
[    0.000000] BRK [0x01e1a000, 0x01e1afff] PGTABLE
[    0.000000] init_memory_mapping: [mem 0x41c000000-0x41edfffff]
[    0.000000]  [mem 0x41c000000-0x41edfffff] page 2M
[    0.000000] init_memory_mapping: [mem 0x400000000-0x41bffffff]
[    0.000000]  [mem 0x400000000-0x41bffffff] page 2M
[    0.000000] init_memory_mapping: [mem 0x00100000-0xbed9afff]
[    0.000000]  [mem 0x00100000-0x001fffff] page 4k
[    0.000000]  [mem 0x00200000-0x3fffffff] page 2M
[    0.000000]  [mem 0x40000000-0x7fffffff] page 1G
[    0.000000]  [mem 0x80000000-0xbebfffff] page 2M
[    0.000000]  [mem 0xbec00000-0xbed9afff] page 4k
[    0.000000] init_memory_mapping: [mem 0xbf51b000-0xbfdfffff]
[    0.000000]  [mem 0xbf51b000-0xbf5fffff] page 4k
[    0.000000]  [mem 0xbf600000-0xbfdfffff] page 2M
[    0.000000] BRK [0x01e1b000, 0x01e1bfff] PGTABLE
[    0.000000] init_memory_mapping: [mem 0x100000000-0x3ffffffff]
[    0.000000]  [mem 0x100000000-0x3ffffffff] page 1G
[    0.000000] log_buf_len: 16777216 bytes
[    0.000000] early log buf free: 2092044(99%)
[    0.000000] RAMDISK: [mem 0x3782c000-0x37c0dfff]
[    0.000000] ACPI: Early table checksum verification disabled
[    0.000000] ACPI: RSDP 0x00000000000F0110 000024 (v02 LENOVO)
[    0.000000] ACPI: XSDT 0x00000000BF51A120 000074 (v01 LENOVO CB-01    00000001 LENO 00000001)
[    0.000000] ACPI: FACP 0x00000000BF508000 0000F4 (v04 LENOVO CB-01    00000001 PTL  00000001)
[    0.000000] ACPI: DSDT 0x00000000BF50A000 00FD10 (v01 LENOVO CB-01    00001000 LENO 00000001)
[    0.000000] ACPI: FACS 0x00000000BF478000 000040
[    0.000000] ACPI: HPET 0x00000000BF507000 000038 (v01 LENOVO CB-01    00000001 PTL  00000001)
[    0.000000] ACPI: APIC 0x00000000BF506000 00007A (v02 LENOVO CB-01    00000001 PTL  00000001)
[    0.000000] ACPI: MCFG 0x00000000BF505000 00003C (v01 LENOVO CB-01    00000001 PTL  00000001)
[    0.000000] ACPI: SLIC 0x00000000BF504000 000176 (v01 LENOVO CB-01    00000001 LENO 00000001)
[    0.000000] ACPI: UEFI 0x00000000BF503000 00003E (v01 LENOVO CB-01    00000001 PTL  00000001)
[    0.000000] ACPI: UEFI 0x00000000BF502000 000042 (v01 PTL    COMBUF   00000001 PTL  00000001)
[    0.000000] ACPI: SSDT 0x00000000BF501000 000E34 (v01 AMD    POWERNOW 00000001 AMD  00000001)
[    0.000000] ACPI: SSDT 0x00000000BF4FF000 00193D (v02 AMD    ALIB     00000001 MSFT 04000000)
[    0.000000] ACPI: UEFI 0x00000000BF4FE000 00021A (v01 LENOVO CB-01    00000001 PTL  00000001)
[    0.000000] ACPI: Local APIC address 0xfee00000
[    0.000000] No NUMA configuration found
[    0.000000] Faking a node at [mem 0x0000000000000000-0x000000041effffff]
[    0.000000] Initmem setup node 0 [mem 0x00000000-0x41effffff]
[    0.000000]   NODE_DATA [mem 0x41dffa000-0x41dffdfff]
[    0.000000]  [ffffea0000000000-ffffea00107fffff] PMD -> [ffff88040de00000-ffff88041d5fffff] on node 0
[    0.000000] Zone ranges:
[    0.000000]   DMA      [mem 0x00001000-0x00ffffff]
[    0.000000]   DMA32    [mem 0x01000000-0xffffffff]
[    0.000000]   Normal   [mem 0x100000000-0x41effffff]
[    0.000000] Movable zone start for each node
[    0.000000] Early memory node ranges
[    0.000000]   node   0: [mem 0x00001000-0x0009cfff]
[    0.000000]   node   0: [mem 0x00100000-0xbed9afff]
[    0.000000]   node   0: [mem 0xbf51b000-0xbfdfffff]
[    0.000000]   node   0: [mem 0x100000000-0x41effffff]
[    0.000000] On node 0 totalpages: 4056604
[    0.000000]   DMA zone: 64 pages used for memmap
[    0.000000]   DMA zone: 21 pages reserved
[    0.000000]   DMA zone: 3996 pages, LIFO batch:0
[    0.000000]   DMA32 zone: 12186 pages used for memmap
[    0.000000]   DMA32 zone: 779904 pages, LIFO batch:31
[    0.000000]   Normal zone: 51136 pages used for memmap
[    0.000000]   Normal zone: 3272704 pages, LIFO batch:31
[    0.000000] ACPI: PM-Timer IO Port: 0x808
[    0.000000] ACPI: Local APIC address 0xfee00000
[    0.000000] ACPI: LAPIC (acpi_id[0x00] lapic_id[0x00] enabled)
[    0.000000] ACPI: LAPIC (acpi_id[0x01] lapic_id[0x01] enabled)
[    0.000000] ACPI: LAPIC (acpi_id[0x02] lapic_id[0x02] enabled)
[    0.000000] ACPI: LAPIC (acpi_id[0x03] lapic_id[0x03] enabled)
[    0.000000] ACPI: LAPIC_NMI (acpi_id[0x00] high edge lint[0x1])
[    0.000000] ACPI: LAPIC_NMI (acpi_id[0x01] high edge lint[0x1])
[    0.000000] ACPI: LAPIC_NMI (acpi_id[0x02] high edge lint[0x1])
[    0.000000] ACPI: LAPIC_NMI (acpi_id[0x03] high edge lint[0x1])
[    0.000000] ACPI: IOAPIC (id[0x02] address[0xfec00000] gsi_base[0])
[    0.000000] IOAPIC[0]: apic_id 2, version 33, address 0xfec00000, GSI 0-23
[    0.000000] ACPI: INT_SRC_OVR (bus 0 bus_irq 0 global_irq 2 dfl dfl)
[    0.000000] ACPI: IRQ0 used by override.
[    0.000000] ACPI: IRQ9 used by override.
[    0.000000] Using ACPI (MADT) for SMP configuration information
[    0.000000] ACPI: HPET id: 0x43538210 base: 0xfed00000
[    0.000000] smpboot: Allowing 4 CPUs, 0 hotplug CPUs
[    0.000000] e820: [mem 0xc0000000-0xfebfffff] available for PCI devices
[    0.000000] setup_percpu: NR_CPUS:64 nr_cpumask_bits:64 nr_cpu_ids:4 nr_node_ids:1
[    0.000000] PERCPU: Embedded 27 pages/cpu @ffff88041dc00000 s80256 r8192 d22144 u524288
[    0.000000] pcpu-alloc: s80256 r8192 d22144 u524288 alloc=1*2097152
[    0.000000] pcpu-alloc: [0] 0 1 2 3 
[    0.000000] Built 1 zonelists in Zone order, mobility grouping on.  Total pages: 3993197
[    0.000000] Policy zone: Normal
[    0.000000] Kernel command line: BOOT_IMAGE=/vmlinuz-linux-git root=UUID=bfa4ab6e-19a3-4601-ba2b-267c55841c73 rw cryptdevice=/dev/disk/by-uuid/70c08890-417a-497d-b6ab-c0d0357a63e2:cryptManjaro:allow-discards ipv6.disable=1 pnp.debug=1 loglevel=9 log_buf_len=10M printk.always_kmsg_dump=y printk.time=y mminit_loglevel=0 memory_corruption_check=1 acpi.debug_layer=0xfbff0000 acpi.debug_level=0xFFFFFFFD pnp.debug=1 nohz=on rcu_nocbs=1-3 pcie_aspm=force fbcon=scrollback:4096k fbcon=font:ProFont6x11 radeon.audio=0 radeon.lockup_timeout=0 radeon.test=0 radeon.agpmode=-1 radeon.benchmark=0 radeon.tv=0 radeon.hard_reset=1 radeon.aspm=1 radeon.dpm=1 radeon.msi=1 radeon.pcie_gen2=-1 radeon.no_wb=1 radeon.modeset=1 radeon.dynclks=1 radeon.r4xx_atom=0 radeon.runpm=0 radeonfb radeon.fastfb=1 nomodeset
[    0.000000] PCIe ASPM is forcibly enabled
[    0.000000] PID hash table entries: 4096 (order: 3, 32768 bytes)
[    0.000000] Memory: 15870900K/16226416K available (5251K kernel code, 721K rwdata, 2208K rodata, 848K init, 2588K bss, 355516K reserved)
[    0.000000] SLUB: HWalign=64, Order=0-3, MinObjects=0, CPUs=4, Nodes=1
[    0.000000] Hierarchical RCU implementation.
[    0.000000] 	RCU dyntick-idle grace-period acceleration is enabled.
[    0.000000] 	Additional per-CPU info printed with stalls.
[    0.000000] 	RCU restricting CPUs from NR_CPUS=64 to nr_cpu_ids=4.
[    0.000000] 	Offload RCU callbacks from all CPUs
[    0.000000] 	Offload RCU callbacks from CPUs: 0-3.
[    0.000000] RCU: Adjusting geometry for rcu_fanout_leaf=16, nr_cpu_ids=4
[    0.000000] NR_IRQS:4352 nr_irqs:456 0
[    0.000000] spurious 8259A interrupt: IRQ7.
[    0.000000] vgacon: allocated 4194304 bytes of memory for scrollback. CONFIG_VGACON_SOFT_SCROLLBACK_SIZE=4096
[    0.000000] Console: colour VGA+ 80x25
[    0.000000] console [tty0] enabled
[    0.000000] allocated 65011712 bytes of page_cgroup
[    0.000000] please try 'cgroup_disable=memory' option if you don't want memory cgroups
[    0.000000] hpet clockevent registered
[    0.000000] tsc: Fast TSC calibration using PIT
[    0.000000] tsc: Detected 1397.565 MHz processor
[    0.000057] Calibrating delay loop (skipped), value calculated using timer frequency.. 2796.59 BogoMIPS (lpj=4658550)
[    0.000206] pid_max: default: 32768 minimum: 301
[    0.000281] ACPI: Core revision 20140724
[    0.025893] ACPI: All ACPI Tables successfully acquired
[    0.027666] Security Framework initialized
[    0.029338] Dentry cache hash table entries: 2097152 (order: 12, 16777216 bytes)
[    0.036286] Inode-cache hash table entries: 1048576 (order: 11, 8388608 bytes)
[    0.039371] Mount-cache hash table entries: 32768 (order: 6, 262144 bytes)
[    0.039511] Mountpoint-cache hash table entries: 32768 (order: 6, 262144 bytes)
[    0.040065] Initializing cgroup subsys memory
[    0.040185] Initializing cgroup subsys devices
[    0.040252] Initializing cgroup subsys freezer
[    0.040319] Initializing cgroup subsys net_cls
[    0.040386] Initializing cgroup subsys blkio
[    0.040479] CPU: Physical Processor ID: 0
[    0.040543] CPU: Processor Core ID: 0
[    0.040607] mce: CPU supports 6 MCE banks
[    0.040682] Last level iTLB entries: 4KB 512, 2MB 16, 4MB 8
Last level dTLB entries: 4KB 1024, 2MB 128, 4MB 64, 1GB 0
[    0.040962] Freeing SMP alternatives memory: 20K (ffffffff81b8a000 - ffffffff81b8f000)
[    0.041648] ..TIMER: vector=0x30 apic1=0 pin1=2 apic2=-1 pin2=-1
[    0.074735] smpboot: CPU0: AMD A6-3400M APU with Radeon(tm) HD Graphics (fam: 12, model: 01, stepping: 00)
[    0.179367] Performance Events: AMD PMU driver.
[    0.179472] ... version:                0
[    0.179536] ... bit width:              48
[    0.179599] ... generic registers:      4
[    0.179663] ... value mask:             0000ffffffffffff
[    0.179727] ... max period:             00007fffffffffff
[    0.179793] ... fixed-purpose events:   0
[    0.179856] ... event mask:             000000000000000f
[    0.180397] MCE: In-kernel MCE decoding enabled.
[    0.180566] trying cpu_up:
[    0.180679] NMI watchdog: enabled on all CPUs, permanently consumes one hw-PMU counter.
[    0.180992] smpboot: ++++++++++++++++++++=_---CPU UP  1
[    0.181107] x86: Booting SMP configuration:
[    0.181172] .... node  #0, CPUs:      #1
[    0.181281] smpboot: Setting warm reset code and vector.
[    0.181405] smpboot: 1.
[    0.181468] smpboot: 2.
[    0.181530] smpboot: 3.
[    0.181594] smpboot: Asserting INIT
[    0.181658] smpboot: Waiting for INIT send to finish...
[    0.191729] smpboot: status for above ^ is: 0
[    0.191792] smpboot: Deasserting INIT
[    0.191856] smpboot: Waiting for above send to finish...
[    0.191920] smpboot: #startup loops: 2
[    0.191984] smpboot: Sending STARTUP #1
[    0.192048] smpboot: After apic_write
[    0.097923] smpboot: CPU#1 (phys ID: 1) waiting for CALLOUT
[    0.097925] smpboot: Waiting 5 sec for callout
[    0.192412] smpboot: Startup point 1
[    0.192649] smpboot: Waiting for send to finish...
[    0.192916] smpboot: Sending STARTUP #2
[    0.193026] smpboot: After apic_write
[    0.193390] smpboot: Startup point 1
[    0.193499] smpboot: Waiting for send to finish...
[    0.193764] smpboot: After Startup
[    0.193873] smpboot: waiting 3 sec
[    3.199401] smpboot: done waiting
[    3.199510] smpboot: Before Callout 1
[    3.199574] smpboot: After Callout 1
[    3.105241] smpboot: done waiting 5 sec for callout
[    3.105278] smpboot: Stack at about ffff880407807f3c
[    3.199766] smpboot: start waiting 5sec for response
[    3.199805] smpboot: done waiting 5sec for response
[    3.199902] smpboot: cpumask_test_cpu result: -1
[    3.199966] smpboot: cpu_callin_mask: 0000000000000003
[    3.200063] smpboot: cpu_callout_mask: 0000000000000003
[    3.200128] smpboot: CPU1: has booted.
[    3.202262] TSC synchronization [CPU#0 -> CPU#1]:
[    3.202373] Measured 131783100 cycles TSC warp between CPUs, turning off TSC clock.
[    3.202515] tsc: Marking TSC unstable due to check_tsc_sync_source failed
[    3.202640] after cpu_up !!!!!!!!!!!!
[    3.202703] trying cpu_up:
[    3.202914] smpboot: ++++++++++++++++++++=_---CPU UP  2
[    3.203098]  #2
[    3.203135] smpboot: Setting warm reset code and vector.
[    3.203260] smpboot: 1.
[    3.203322] smpboot: 2.
[    3.203384] smpboot: 3.
[    3.203447] smpboot: Asserting INIT
[    3.203510] smpboot: Waiting for INIT send to finish...
[    3.213585] smpboot: status for above ^ is: 0
[    3.213695] smpboot: Deasserting INIT
[    3.213758] smpboot: Waiting for above send to finish...
[    3.213822] smpboot: #startup loops: 2
[    3.213886] smpboot: Sending STARTUP #1
[    3.213950] smpboot: After apic_write
[    3.085678] smpboot: CPU#2 (phys ID: 2) waiting for CALLOUT
[    3.085680] smpboot: Waiting 5 sec for callout
[    3.214313] smpboot: Startup point 1
[    3.214550] smpboot: Waiting for send to finish...
[    3.214815] smpboot: Sending STARTUP #2
[    3.214924] smpboot: After apic_write
[    3.215288] smpboot: Startup point 1
[    3.215397] smpboot: Waiting for send to finish...
[    3.215661] smpboot: After Startup
[    3.215724] smpboot: waiting 3 sec
[    6.221249] smpboot: done waiting
[    6.221356] smpboot: Before Callout 2
[    6.221419] smpboot: After Callout 2
[    6.092940] smpboot: done waiting 5 sec for callout
[    6.092977] smpboot: Stack at about ffff88040780bf3c
[    6.221613] smpboot: start waiting 5sec for response
[    6.221652] smpboot: done waiting 5sec for response
[    6.221750] smpboot: cpumask_test_cpu result: -1
[    6.221812] smpboot: cpu_callin_mask: 0000000000000007
[    6.221910] smpboot: cpu_callout_mask: 0000000000000007
[    6.221973] smpboot: CPU2: has booted.
[    6.222126] after cpu_up !!!!!!!!!!!!
[    6.222165] trying cpu_up:
[    6.222374] smpboot: ++++++++++++++++++++=_---CPU UP  3
[    6.222513]  #3
[    6.222550] smpboot: Setting warm reset code and vector.
[    6.222675] smpboot: 1.
[    6.222737] smpboot: 2.
[    6.222800] smpboot: 3.
[    6.222862] smpboot: Asserting INIT
[    6.222926] smpboot: Waiting for INIT send to finish...
[    6.232993] smpboot: status for above ^ is: 0
[    6.233101] smpboot: Deasserting INIT
[    6.233162] smpboot: Waiting for above send to finish...
[    6.233224] smpboot: #startup loops: 2
[    6.233286] smpboot: Sending STARTUP #1
[    6.233347] smpboot: After apic_write
[    6.071157] smpboot: CPU#3 (phys ID: 3) waiting for CALLOUT
[    6.071159] smpboot: Waiting 5 sec for callout
[    6.233708] smpboot: Startup point 1
[    6.233899] smpboot: Waiting for send to finish...
[    6.234163] smpboot: Sending STARTUP #2
[    6.234271] smpboot: After apic_write
[    6.234632] smpboot: Startup point 1
[    6.234709] smpboot: Waiting for send to finish...
[    6.234974] smpboot: After Startup
[    6.235083] smpboot: waiting 3 sec
[    9.243736] smpboot: done waiting
[    9.243843] smpboot: Before Callout 3
[    9.243904] smpboot: After Callout 3
[    9.081544] smpboot: done waiting 5 sec for callout
[    9.081573] smpboot: Stack at about ffff88040780ff3c
[    9.244091] smpboot: start waiting 5sec for response
[    9.244128] smpboot: done waiting 5sec for response
[    9.244222] smpboot: cpumask_test_cpu result: -1
[    9.244283] smpboot: cpu_callin_mask: 000000000000000f
[    9.244376] smpboot: cpu_callout_mask: 000000000000000f
[    9.244438] smpboot: CPU3: has booted.
[    9.244577] after cpu_up !!!!!!!!!!!!
[    9.244614] x86: Booted up 1 node, 4 CPUs
[    9.244732] smpboot: Boot done
[    9.244792] smpboot: Before bogomips
[    9.244854] smpboot: Total of 4 processors activated (11184.37 BogoMIPS)
[    9.244917] smpboot: Before bogocount - setting activated=1
[    9.140087] devtmpfs: initialized
[    9.140131] device: 'platform': device_add
[    9.140209] bus: 'platform': registered
[    9.140274] bus: 'cpu': registered
[    9.140333] device: 'cpu': device_add
[    9.140405] bus: 'container': registered
[    9.140463] device: 'container': device_add
[    9.140880] bus: 'workqueue': registered
[    9.140880] device: 'workqueue': device_add
[    9.140880] kworker/u8:0 (39) used greatest stack depth: 14160 bytes left
[    9.140880] atomic64_test: passed for x86-64 platform with CX8 and with SSE
[    9.140880] device class 'regulator': registering
[    9.140880] Registering platform device 'reg-dummy'. Parent at platform
[    9.140937] device: 'reg-dummy': device_add
[    9.141000] bus: 'platform': add device reg-dummy
[    9.141085] bus: 'platform': add driver reg-dummy
[    9.141148] bus: 'platform': driver_probe_device: matched device reg-dummy with driver reg-dummy
[    9.143344] bus: 'platform': really_probe: probing driver reg-dummy with device reg-dummy
[    9.143483] device: 'regulator.0': device_add
[    9.143571] regulator-dummy: no parameters
[    9.143642] driver: 'reg-dummy': driver_bound: bound to device 'reg-dummy'
[    9.143705] bus: 'platform': really_probe: bound device reg-dummy to driver reg-dummy
[    9.143948] NET: Registered protocol family 16
[    9.144305] device class 'bdi': registering
[    9.144394] bus: 'platform': add driver ramoops
[    9.144472] device class 'pci_bus': registering
[    9.144559] bus: 'pci': registered
[    9.144623] device class 'backlight': registering
[    9.144694] device class 'tty': registering
[    9.144764] device class 'vtconsole': registering
[    9.144836] device: 'vtcon0': device_add
[    9.144920] bus: 'node': registered
[    9.144983] device: 'node': device_add
[    9.145062] bus: 'i2c': registered
[    9.145121] bus: 'i2c': add driver dummy
[    9.145185] i2c-core: driver [dummy] registered
[    9.145249] cpuidle: using governor ladder
[    9.145311] cpuidle: using governor menu
[    9.146892] ACPI FADT declares the system doesn't support PCIe ASPM, so disable it
[    9.147073] ACPI: bus type PCI registered
[    9.147131] acpiphp: ACPI Hot Plug PCI Controller Driver version: 0.5
[    9.147191] device class 'dmi': registering
[    9.147253] device: 'id': device_add
[    9.147370] PCI: MMCONFIG for domain 0000 [bus 00-3f] at [mem 0xf8000000-0xfbffffff] (base 0xf8000000)
[    9.147482] PCI: not using MMCONFIG
[    9.147540] PCI: Using configuration type 1 for base access
[    9.147598] PCI: Using configuration type 1 for extended access
[    9.147960] device: 'node0': device_add
[    9.148066] bus: 'node': add device node0
[    9.148155] device: 'cpu0': device_add
[    9.148215] bus: 'cpu': add device cpu0
[    9.148296] device: 'cpu1': device_add
[    9.148354] bus: 'cpu': add device cpu1
[    9.148434] device: 'cpu2': device_add
[    9.148492] bus: 'cpu': add device cpu2
[    9.148572] device: 'cpu3': device_add
[    9.148634] bus: 'cpu': add device cpu3
[    9.156738] device: 'writeback': device_add
[    9.156844] bus: 'workqueue': add device writeback
[    9.156942] device: 'default': device_add
[    9.160103] device class 'block': registering
[    9.160208] ACPI: Added _OSI(Module Device)
[    9.160208] ACPI: Added _OSI(Processor Device)
[    9.160237] ACPI: Added _OSI(3.0 _SCP Extensions)
[    9.160299] ACPI: Added _OSI(Processor Aggregator Device)
[    9.161371] 
**** Context Switch from TID 4294967295 to TID 133431296 ****

[    9.161535]     utils-0051 util_eval_error       : Evaluate [\_SB_.PCI0.LPC0.EC0_._GLK]: AE_NOT_FOUND
[    9.162097] Executing  Method       \_SB_.PCI0.LPC0.EC0_._REG
[    9.162757] Executing  Method       \_SB_.PCI0.LPC0.EC0_._REG
[    9.162953] Executing  Method       \_SB_.PCI0.LPC0.EC0_._REG
[    9.163151] Executing  Method       \_SB_.PCI0.LPC0.EC0_._REG
[    9.166250] Initializing Region       \_SB_.OSTY
[    9.166449] Initializing Region       \_SB_.PCI0.NBMS
[    9.166586] Initializing Region       \_SB_.PCI0.NBXP
[    9.166681] Initializing Region       \_SB_.PCI0.K8ST
[    9.166864] Initializing Region       \_SB_.PCI0.BAR1
[    9.167048] Initializing Region       \_SB_.PCI0.PB2_.XPEX
[    9.167195] Initializing Region       \_SB_.PCI0.PB2_.PCFG
[    9.167343] Initializing Region       \_SB_.PCI0.PB2_.XPCB
[    9.167484] Initializing Region       \_SB_.PCI0.PB2_.XPRI
[    9.167624] Initializing Region       \_SB_.PCI0.PB2_.VGA_.PCFG
[    9.167816] Initializing Region       \_SB_.PCI0.PB2_.HDAU.PCFG
[    9.167992] Initializing Region       \_SB_.PCI0.PB3_.XPEX
[    9.168140] Initializing Region       \_SB_.PCI0.PB3_.PCFG
[    9.168287] Initializing Region       \_SB_.PCI0.PB3_.XPCB
[    9.168435] Initializing Region       \_SB_.PCI0.PB3_.XPRI
[    9.168574] Initializing Region       \_SB_.PCI0.PB3_.VGA_.PCFG
[    9.168752] Initializing Region       \_SB_.PCI0.PB3_.HDAU.PCFG
[    9.168940] Initializing Region       \_SB_.PCI0.PB4_.XPEX
[    9.169088] Initializing Region       \_SB_.PCI0.PB4_.PCFG
[    9.169236] Initializing Region       \_SB_.PCI0.PB4_.XPCB
[    9.169386] Initializing Region       \_SB_.PCI0.PB4_.XPRI
[    9.169526] Initializing Region       \_SB_.PCI0.PB4_.XPDV.PCFG
[    9.169671] Initializing Region       \_SB_.PCI0.PB5_.XPEX
[    9.169815] Initializing Region       \_SB_.PCI0.PB5_.PCFG
[    9.170015] Initializing Region       \_SB_.PCI0.PB5_.XPCB
[    9.170164] Initializing Region       \_SB_.PCI0.PB5_.XPRI
[    9.170317] Initializing Region       \_SB_.PCI0.PB5_.XPDV.PCFG
[    9.170468] Initializing Region       \_SB_.PCI0.PB6_.XPEX
[    9.170605] Initializing Region       \_SB_.PCI0.PB6_.PCFG
[    9.170742] Initializing Region       \_SB_.PCI0.PB6_.XPCB
[    9.170887] Initializing Region       \_SB_.PCI0.PB6_.XPRI
[    9.171039] Initializing Region       \_SB_.PCI0.PB6_.XPDV.PCFG
[    9.171200] Initializing Region       \_SB_.PCI0.PB7_.XPEX
[    9.171348] Initializing Region       \_SB_.PCI0.PB7_.PCFG
[    9.171491] Initializing Region       \_SB_.PCI0.PB7_.XPCB
[    9.171628] Initializing Region       \_SB_.PCI0.PB7_.XPRI
[    9.171768] Initializing Region       \_SB_.PCI0.PB7_.XPDV.PCFG
[    9.172178] Initializing Region       \_SB_.PCI0.SATC
[    9.172372] Initializing Region       \_SB_.PCI0.RMEM
[    9.172549] Initializing Region       \_SB_.PCI0.SATA.SATX
[    9.172695] Initializing Region       \_SB_.PCI0.SATA.BAR5
[    9.190224] Initializing Region       \_SB_.PCI0.SMB_.SBRV
[    9.190399] Initializing Region       \_SB_.PCI0.SMB_.PMIO
[    9.190538] Initializing Region       \_SB_.PCI0.SMB_.ERMM
[    9.190762] Initializing Region       \_SB_.PCI0.SMB_.P1E0
[    9.190957] Initializing Region       \_SB_.PCI0.SMB_.ABIO
[    9.191096] Initializing Region       \_SB_.PCI0.SMB_.SMB0
[    9.191236] Initializing Region       \_SB_.PCI0.LPC0.PIRQ
[    9.191407] Initializing Region       \_SB_.PCI0.LPC0.LPCR
[    9.191407] Initializing Region       \_SB_.PCI0.LPC0.LPCS
[    9.191407] Initializing Region       \_SB_.PCI0.LPC0.SMI0
[    9.191407] Initializing Region       \_SB_.PCI0.LPC0.SMI1
[    9.191407] Initializing Region       \_SB_.PCI0.LPC0.EC0_.ECO1
[    9.191407] Initializing Region       \_SB_.PCI0.LPC0.EC0_.ECO2
[    9.191407] Initializing Region       \_SB_.PCI0.LPC0.EC0_.ECMB
[    9.191407] Initializing Region       \_SB_.PCI0.LPC0.EC0_.RAM_
[    9.191407] Initializing Region       \_SB_.PCI0.LPC0.EC0_.CMOS
[    9.191407] Initializing Region       \_SB_.PCI0.LPC0.EC0_.VPC0.ERAM
[    9.191490] Initializing Region       \_SB_.PCI0.SPB0.PCFG
[    9.191660] Initializing Region       \_SB_.PCI0.SPB0.XPCB
[    9.191800] Initializing Region       \_SB_.PCI0.SPB0.XPDV.PCFG
[    9.191946] Initializing Region       \_SB_.PCI0.SPB1.PCFG
[    9.192084] Initializing Region       \_SB_.PCI0.SPB1.XPCB
[    9.192224] Initializing Region       \_SB_.PCI0.SPB1.XPDV.PCFG
[    9.192369] Initializing Region       \_SB_.PCI0.SPB2.PCFG
[    9.192507] Initializing Region       \_SB_.PCI0.SPB2.XPCB
[    9.192646] Initializing Region       \_SB_.PCI0.SPB2.XPDV.PCFG
[    9.192792] Initializing Region       \_SB_.PCI0.SPB3.PCFG
[    9.192929] Initializing Region       \_SB_.PCI0.SPB3.XPCB
[    9.193068] Initializing Region       \_SB_.PCI0.SPB3.XPDV.PCFG
[    9.193347] Initializing Region       \_SB_.PCI0.VGA_.REVD
[    9.193673] Initializing BufferField  \_SB_.AMW0.WLID
[    9.194174] Initializing Region       \DEB2
[    9.194364] Initializing Region       \PMIO
[    9.194506] Initializing Region       \P01_
[    9.194680] Initializing Region       \CNVS
[    9.194873] Initializing Region       \SPRT
[    9.195021] Initializing Region       \CMIO
[    9.195256] Executing  Method       \_SB_._STA
[    9.195466] Executing  Method       \_SB_._INI
[    9.195631] Executing  Method       \_SB_.PCI0._STA
[    9.195799] Executing  Method       \_SB_.PCI0._INI
[    9.196132] [Firmware Bug]: ACPI: BIOS _OSI(Linux) query ignored
[    9.196645] Executing  Method       \_SB_.PCI0.SATA._STA
[    9.196803] Executing  Method       \_SB_.PCI0.SATA._INI
[    9.197750] Executing  Method       \_SB_.PCI0.LPC0.EC0_._REG
[    9.230100] ACPI: Interpreter enabled
[    9.230178] ACPI: (supports S0 S5)
[    9.230240] ACPI: Using IOAPIC for interrupt routing
[    9.230565] PCI: MMCONFIG for domain 0000 [bus 00-3f] at [mem 0xf8000000-0xfbffffff] (base 0xf8000000)
[    9.231320] PCI: MMCONFIG at [mem 0xf8000000-0xfbffffff] reserved in ACPI motherboard resources
[    9.231668] bus: 'acpi': registered
[    9.231668] PCI: Using host bridge windows from ACPI; if necessary, use "pci=nocrs" and report a bug
[    9.231668]      scan-1141 get_device_data       : No context for object [ffffffffffffffff]
[    9.231668]     utils-0051 util_eval_error       : Evaluate [\._STA]: AE_NOT_FOUND
[    9.231668] device: 'LNXSYSTM:00': device_add
[    9.231668] bus: 'acpi': add device LNXSYSTM:00
[    9.231668]     utils-0051 util_eval_error       : Evaluate [\._SUN]: AE_NOT_FOUND
[    9.231668]      scan-1933 add_single_object     : Added LNXSYSTM:00 [\] parent (null)
[    9.231668]      scan-1141 get_device_data       : No context for object [ffff88040d81d000]
[    9.233345]      scan-1141 get_device_data       : No context for object [ffff88040d8377d0]
[    9.233345]      scan-1141 get_device_data       : No context for object [ffff88040d8377f8]
[    9.233345]      scan-1141 get_device_data       : No context for object [ffff88040d837820]
[    9.233345]      scan-1141 get_device_data       : No context for object [ffff88040d837848]
[    9.233345]      scan-1141 get_device_data       : No context for object [ffff88040d837870]
[    9.233345]      scan-1141 get_device_data       : No context for object [ffff88040d837898]
[    9.233345]      scan-1141 get_device_data       : No context for object [ffff88040d8378c0]
[    9.233531]      scan-1141 get_device_data       : No context for object [ffff88040d8378e8]
[    9.233729]      scan-1141 get_device_data       : No context for object [ffff88040d839398]
[    9.233927]      scan-1141 get_device_data       : No context for object [ffff88040d81d028]
[    9.234123]      scan-1141 get_device_data       : No context for object [ffff88040d81d168]
[    9.234316]     utils-0051 util_eval_error       : Evaluate [\_PR_.C000._STA]: AE_NOT_FOUND
[    9.234511]      scan-1141 get_device_data       : No context for object [ffff88040d81d028]
[    9.234718] device: 'LNXCPU:00': device_add
[    9.234780] bus: 'acpi': add device LNXCPU:00
[    9.234856]     utils-0051 util_eval_error       : Evaluate [\_PR_.C000._SUN]: AE_NOT_FOUND
[    9.236673]      scan-1933 add_single_object     : Added LNXCPU:00 [\_PR_.C000] parent LNXSYSTM:00
[    9.236704]      scan-1141 get_device_data       : No context for object [ffff88040d83c398]
[    9.236704]      scan-1141 get_device_data       : No context for object [ffff88040d83c3c0]
[    9.236704]      scan-1141 get_device_data       : No context for object [ffff88040d83c3e8]
[    9.236704]      scan-1141 get_device_data       : No context for object [ffff88040d83c410]
[    9.236704]      scan-1141 get_device_data       : No context for object [ffff88040d83c438]
[    9.236704]      scan-1141 get_device_data       : No context for object [ffff88040d83c460]
[    9.236704]      scan-1141 get_device_data       : No context for object [ffff88040d81d190]
[    9.236704]     utils-0051 util_eval_error       : Evaluate [\_PR_.C001._STA]: AE_NOT_FOUND
[    9.236869]      scan-1141 get_device_data       : No context for object [ffff88040d81d028]
[    9.237075] device: 'LNXCPU:01': device_add
[    9.237138] bus: 'acpi': add device LNXCPU:01
[    9.237210]     utils-0051 util_eval_error       : Evaluate [\_PR_.C001._SUN]: AE_NOT_FOUND
[    9.237362]      scan-1933 add_single_object     : Added LNXCPU:01 [\_PR_.C001] parent LNXSYSTM:00
[    9.237537]      scan-1141 get_device_data       : No context for object [ffff88040d83c488]
[    9.237734]      scan-1141 get_device_data       : No context for object [ffff88040d83c4b0]
[    9.240013]      scan-1141 get_device_data       : No context for object [ffff88040d83c4d8]
[    9.240062]      scan-1141 get_device_data       : No context for object [ffff88040d83c500]
[    9.240062]      scan-1141 get_device_data       : No context for object [ffff88040d83c528]
[    9.240062]      scan-1141 get_device_data       : No context for object [ffff88040d83c550]
[    9.240062]      scan-1141 get_device_data       : No context for object [ffff88040d81d1b8]
[    9.240062]     utils-0051 util_eval_error       : Evaluate [\_PR_.C002._STA]: AE_NOT_FOUND
[    9.240062]      scan-1141 get_device_data       : No context for object [ffff88040d81d028]
[    9.240062] device: 'LNXCPU:02': device_add
[    9.240062] bus: 'acpi': add device LNXCPU:02
[    9.240062]     utils-0051 util_eval_error       : Evaluate [\_PR_.C002._SUN]: AE_NOT_FOUND
[    9.240062]      scan-1933 add_single_object     : Added LNXCPU:02 [\_PR_.C002] parent LNXSYSTM:00
[    9.240062]      scan-1141 get_device_data       : No context for object [ffff88040d83c578]
[    9.240062]      scan-1141 get_device_data       : No context for object [ffff88040d83c5a0]
[    9.240199]      scan-1141 get_device_data       : No context for object [ffff88040d83c5c8]
[    9.240346]      scan-1141 get_device_data       : No context for object [ffff88040d83c5f0]
[    9.240518]      scan-1141 get_device_data       : No context for object [ffff88040d83c618]
[    9.240714]      scan-1141 get_device_data       : No context for object [ffff88040d83c640]
[    9.240912]      scan-1141 get_device_data       : No context for object [ffff88040d81d1e0]
[    9.241110]     utils-0051 util_eval_error       : Evaluate [\_PR_.C003._STA]: AE_NOT_FOUND
[    9.241286]      scan-1141 get_device_data       : No context for object [ffff88040d81d028]
[    9.241484] device: 'LNXCPU:03': device_add
[    9.241543] bus: 'acpi': add device LNXCPU:03
[    9.241620]     utils-0051 util_eval_error       : Evaluate [\_PR_.C003._SUN]: AE_NOT_FOUND
[    9.241827]      scan-1933 add_single_object     : Added LNXCPU:03 [\_PR_.C003] parent LNXSYSTM:00
[    9.242029]      scan-1141 get_device_data       : No context for object [ffff88040d83c668]
[    9.242225]      scan-1141 get_device_data       : No context for object [ffff88040d83c690]
[    9.242400]      scan-1141 get_device_data       : No context for object [ffff88040d83c6b8]
[    9.242593]      scan-1141 get_device_data       : No context for object [ffff88040d83c6e0]
[    9.242790]      scan-1141 get_device_data       : No context for object [ffff88040d83c708]
[    9.242988]      scan-1141 get_device_data       : No context for object [ffff88040d83c730]
[    9.243185]      scan-1141 get_device_data       : No context for object [ffff88040d81d050]
[    9.243417]     utils-0051 util_eval_error       : Evaluate [\_SB_._STA]: AE_NOT_FOUND
[    9.243620] device: 'LNXSYBUS:00': device_add
[    9.243682] bus: 'acpi': add device LNXSYBUS:00
[    9.243759]     utils-0051 util_eval_error       : Evaluate [\_SB_._SUN]: AE_NOT_FOUND
[    9.243966]      scan-1933 add_single_object     : Added LNXSYBUS:00 [\_SB_] parent LNXSYSTM:00
[    9.244172]      scan-1141 get_device_data       : No context for object [ffff88040d81d3c0]
[    9.244349]      scan-1141 get_device_data       : No context for object [ffff88040d81d3e8]
[    9.244541]      scan-1141 get_device_data       : No context for object [ffff88040d81d410]
[    9.246678]      scan-1141 get_device_data       : No context for object [ffff88040d81d438]
[    9.246720]      scan-1141 get_device_data       : No context for object [ffff88040d81d460]
[    9.246720]      scan-1141 get_device_data       : No context for object [ffff88040d81d488]
[    9.246720]      scan-1141 get_device_data       : No context for object [ffff88040d81d4b0]
[    9.246720]      scan-1141 get_device_data       : No context for object [ffff88040d81d5a0]
[    9.246720]     utils-0051 util_eval_error       : Evaluate [\_SB_.PWRB._STA]: AE_NOT_FOUND
[    9.246720] device: 'PNP0C0C:00': device_add
[    9.246720] bus: 'acpi': add device PNP0C0C:00
[    9.246720]     utils-0051 util_eval_error       : Evaluate [\_SB_.PWRB._SUN]: AE_NOT_FOUND
[    9.246747]      scan-1933 add_single_object     : Added PNP0C0C:00 [\_SB_.PWRB] parent LNXSYBUS:00
[    9.246747]      scan-1141 get_device_data       : No context for object [ffff88040d81d5c8]
[    9.246747]      scan-1141 get_device_data       : No context for object [ffff88040d81d5f0]
[    9.246747]     utils-0051 util_eval_error       : Evaluate [\_SB_.PCI0._STA]: AE_NOT_FOUND
[    9.246892] device: 'PNP0A08:00': device_add
[    9.246951] bus: 'acpi': add device PNP0A08:00
[    9.247019]     utils-0051 util_eval_error       : Evaluate [\_SB_.PCI0._SUN]: AE_NOT_FOUND
[    9.247221]      scan-1933 add_single_object     : Added PNP0A08:00 [\_SB_.PCI0] parent LNXSYBUS:00
[    9.247378]      scan-1141 get_device_data       : No context for object [ffff88040d81d618]
[    9.247556]      scan-1141 get_device_data       : No context for object [ffff88040d81d640]
[    9.247752]      scan-1141 get_device_data       : No context for object [ffff88040d81d668]
[    9.247941]      scan-1141 get_device_data       : No context for object [ffff88040d81d690]
[    9.248130]      scan-1141 get_device_data       : No context for object [ffff88040d81d6b8]
[    9.248302]      scan-1141 get_device_data       : No context for object [ffff88040d81d6e0]
[    9.248491]      scan-1141 get_device_data       : No context for object [ffff88040d81d708]
[    9.248680]      scan-1141 get_device_data       : No context for object [ffff88040d81d730]
[    9.248872]      scan-1141 get_device_data       : No context for object [ffff88040d81d758]
[    9.249068]      scan-1141 get_device_data       : No context for object [ffff88040d81d780]
[    9.249262]      scan-1141 get_device_data       : No context for object [ffff88040d81d7a8]
[    9.249454]      scan-1141 get_device_data       : No context for object [ffff88040d81d7d0]
[    9.249646]      scan-1141 get_device_data       : No context for object [ffff88040d81d7f8]
[    9.249838]      scan-1141 get_device_data       : No context for object [ffff88040d81d820]
[    9.250002]      scan-1141 get_device_data       : No context for object [ffff88040d81d848]
[    9.251206]      scan-1141 get_device_data       : No context for object [ffff88040d81d870]
[    9.251399]      scan-1141 get_device_data       : No context for object [ffff88040d81d898]
[    9.251592]      scan-1141 get_device_data       : No context for object [ffff88040d81d8c0]
[    9.251784]      scan-1141 get_device_data       : No context for object [ffff88040d81d8e8]
[    9.251976]      scan-1141 get_device_data       : No context for object [ffff88040d81d910]
[    9.252169]      scan-1141 get_device_data       : No context for object [ffff88040d81d938]
[    9.252316]      scan-1141 get_device_data       : No context for object [ffff88040d81d960]
[    9.252497]      scan-1141 get_device_data       : No context for object [ffff88040d81d988]
[    9.252689]      scan-1141 get_device_data       : No context for object [ffff88040d81d9b0]
[    9.252883]      scan-1141 get_device_data       : No context for object [ffff88040d81d9d8]
[    9.253080]      scan-1141 get_device_data       : No context for object [ffff88040d81da00]
[    9.253335]      scan-1141 get_device_data       : No context for object [ffff88040d81da28]
[    9.253527]      scan-1141 get_device_data       : No context for object [ffff88040d81da50]
[    9.253720]      scan-1141 get_device_data       : No context for object [ffff88040d81da78]
[    9.253913]      scan-1141 get_device_data       : No context for object [ffff88040d81daa0]
[    9.254105]      scan-1141 get_device_data       : No context for object [ffff88040d81dac8]
[    9.254297]      scan-1141 get_device_data       : No context for object [ffff88040d81daf0]
[    9.254494]      scan-1141 get_device_data       : No context for object [ffff88040d81db18]
[    9.254687]      scan-1141 get_device_data       : No context for object [ffff88040d81db40]
[    9.254884]      scan-1141 get_device_data       : No context for object [ffff88040d81db68]
[    9.255081]      scan-1141 get_device_data       : No context for object [ffff88040d81db90]
[    9.255273]      scan-1141 get_device_data       : No context for object [ffff88040d81dbb8]
[    9.255456]      scan-1141 get_device_data       : No context for object [ffff88040d81dbe0]
[    9.255648]      scan-1141 get_device_data       : No context for object [ffff88040d81dc08]
[    9.255840]      scan-1141 get_device_data       : No context for object [ffff88040d81dc30]
[    9.256033]      scan-1141 get_device_data       : No context for object [ffff88040d81dc58]
[    9.256229]      scan-1141 get_device_data       : No context for object [ffff88040d81dc80]
[    9.256380]      scan-1141 get_device_data       : No context for object [ffff88040d81dca8]
[    9.256556]      scan-1141 get_device_data       : No context for object [ffff88040d81dcd0]
[    9.256668]      scan-1141 get_device_data       : No context for object [ffff88040d81dcf8]
[    9.256860]      scan-1141 get_device_data       : No context for object [ffff88040d81dd20]
[    9.257053]      scan-1141 get_device_data       : No context for object [ffff88040d81dd48]
[    9.257232]      scan-1141 get_device_data       : No context for object [ffff88040d81dd70]
[    9.257424]      scan-1141 get_device_data       : No context for object [ffff88040d81dd98]
[    9.257621]      scan-1141 get_device_data       : No context for object [ffff88040d81ddc0]
[    9.257821]      scan-1141 get_device_data       : No context for object [ffff88040d81dde8]
[    9.258013]      scan-1141 get_device_data       : No context for object [ffff88040d81de10]
[    9.258205]      scan-1141 get_device_data       : No context for object [ffff88040d81de38]
[    9.258397]      scan-1141 get_device_data       : No context for object [ffff88040d81de60]
[    9.258590]      scan-1141 get_device_data       : No context for object [ffff88040d81de88]
[    9.258782]      scan-1141 get_device_data       : No context for object [ffff88040d81deb0]
[    9.258975]      scan-1141 get_device_data       : No context for object [ffff88040d81ded8]
[    9.259169]      scan-1141 get_device_data       : No context for object [ffff88040d81df00]
[    9.259320]      scan-1141 get_device_data       : No context for object [ffff88040d81df28]
[    9.259494]      scan-1141 get_device_data       : No context for object [ffff88040d81df50]
[    9.259689]      scan-1141 get_device_data       : No context for object [ffff88040d81df78]
[    9.260002]      scan-1141 get_device_data       : No context for object [ffff88040d81dfa0]
[    9.260200]      scan-1141 get_device_data       : No context for object [ffff88040d81dfc8]
[    9.260375]      scan-1141 get_device_data       : No context for object [ffff88040d822000]
[    9.260568]      scan-1141 get_device_data       : No context for object [ffff88040d822028]
[    9.260761]     utils-0051 util_eval_error       : Evaluate [\_SB_.PCI0.MEMR._STA]: AE_NOT_FOUND
[    9.260974] device: 'PNP0C02:00': device_add
[    9.261033] bus: 'acpi': add device PNP0C02:00
[    9.261100]     utils-0051 util_eval_error       : Evaluate [\_SB_.PCI0.MEMR._SUN]: AE_NOT_FOUND
[    9.263333]      scan-1933 add_single_object     : Added PNP0C02:00 [\_SB_.PCI0.MEMR] parent PNP0A08:00
[    9.263333]      scan-1141 get_device_data       : No context for object [ffff88040d822050]
[    9.263333]      scan-1141 get_device_data       : No context for object [ffff88040d822078]
[    9.263333]      scan-1141 get_device_data       : No context for object [ffff88040d8220a0]
[    9.263333]      scan-1141 get_device_data       : No context for object [ffff88040d8220c8]
[    9.263333]      scan-1141 get_device_data       : No context for object [ffff88040d8220f0]
[    9.263333]      scan-1141 get_device_data       : No context for object [ffff88040d822118]
[    9.263333]      scan-1141 get_device_data       : No context for object [ffff88040d822140]
[    9.263333]      scan-1141 get_device_data       : No context for object [ffff88040d822168]
[    9.263333]      scan-1141 get_device_data       : No context for object [ffff88040d822190]
[    9.263333]      scan-1141 get_device_data       : No context for object [ffff88040d8221b8]
[    9.263335]      scan-1141 get_device_data       : No context for object [ffff88040d8221e0]
[    9.263524]      scan-1141 get_device_data       : No context for object [ffff88040d822208]
[    9.263713]      scan-1141 get_device_data       : No context for object [ffff88040d822230]
[    9.263902]      scan-1141 get_device_data       : No context for object [ffff88040d822258]
[    9.264092]      scan-1141 get_device_data       : No context for object [ffff88040d822280]
[    9.264286]      scan-1141 get_device_data       : No context for object [ffff88040d8222a8]
[    9.264484]     utils-0051 util_eval_error       : Evaluate [\_SB_.PCI0.PB2_._STA]: AE_NOT_FOUND
[    9.264713] device: 'device:00': device_add
[    9.264771] bus: 'acpi': add device device:00
[    9.264844]     utils-0051 util_eval_error       : Evaluate [\_SB_.PCI0.PB2_._SUN]: AE_NOT_FOUND
[    9.266672]      scan-1933 add_single_object     : Added device:00 [\_SB_.PCI0.PB2_] parent PNP0A08:00
[    9.266672]      scan-1141 get_device_data       : No context for object [ffff88040d8222d0]
[    9.266672]      scan-1141 get_device_data       : No context for object [ffff88040d8222f8]
[    9.266672]      scan-1141 get_device_data       : No context for object [ffff88040d822320]
[    9.266672]      scan-1141 get_device_data       : No context for object [ffff88040d822348]
[    9.266672]      scan-1141 get_device_data       : No context for object [ffff88040d822370]
[    9.266672]      scan-1141 get_device_data       : No context for object [ffff88040d822398]
[    9.266672]      scan-1141 get_device_data       : No context for object [ffff88040d8223c0]
[    9.266672]      scan-1141 get_device_data       : No context for object [ffff88040d8223e8]
[    9.266672]      scan-1141 get_device_data       : No context for object [ffff88040d822410]
[    9.266862]      scan-1141 get_device_data       : No context for object [ffff88040d822438]
[    9.267059]      scan-1141 get_device_data       : No context for object [ffff88040d822460]
[    9.267257]      scan-1141 get_device_data       : No context for object [ffff88040d822488]
[    9.267449]      scan-1141 get_device_data       : No context for object [ffff88040d8224b0]
[    9.267641]      scan-1141 get_device_data       : No context for object [ffff88040d8224d8]
[    9.267834]      scan-1141 get_device_data       : No context for object [ffff88040d822500]
[    9.268026]      scan-1141 get_device_data       : No context for object [ffff88040d822528]
[    9.269230]      scan-1141 get_device_data       : No context for object [ffff88040d822550]
[    9.269375]      scan-1141 get_device_data       : No context for object [ffff88040d822578]
[    9.269548]      scan-1141 get_device_data       : No context for object [ffff88040d8225a0]
[    9.269740]      scan-1141 get_device_data       : No context for object [ffff88040d8225c8]
[    9.270001]      scan-1141 get_device_data       : No context for object [ffff88040d8225f0]
[    9.270199]      scan-1141 get_device_data       : No context for object [ffff88040d822618]
[    9.270372]      scan-1141 get_device_data       : No context for object [ffff88040d822640]
[    9.270570]      scan-1141 get_device_data       : No context for object [ffff88040d822668]
[    9.270767]      scan-1141 get_device_data       : No context for object [ffff88040d822690]
[    9.270963]      scan-1141 get_device_data       : No context for object [ffff88040d8226b8]
[    9.271160]      scan-1141 get_device_data       : No context for object [ffff88040d8226e0]
[    9.271352]      scan-1141 get_device_data       : No context for object [ffff88040d822708]
[    9.271545]      scan-1141 get_device_data       : No context for object [ffff88040d822730]
[    9.271737]      scan-1141 get_device_data       : No context for object [ffff88040d822758]
[    9.271930]      scan-1141 get_device_data       : No context for object [ffff88040d822780]
[    9.272124]     utils-0051 util_eval_error       : Evaluate [\_SB_.PCI0.PB2_.VGA_._STA]: AE_NOT_FOUND
[    9.272353] device: 'device:01': device_add
[    9.272418] bus: 'acpi': add device device:01
[    9.272493]     utils-0051 util_eval_error       : Evaluate [\_SB_.PCI0.PB2_.VGA_._SUN]: AE_NOT_FOUND
[    9.273343]      scan-1933 add_single_object     : Added device:01 [\_SB_.PCI0.PB2_.VGA_] parent device:00
[    9.273343]      scan-1141 get_device_data       : No context for object [ffff88040d8227a8]
[    9.273343]      scan-1141 get_device_data       : No context for object [ffff88040d8227d0]
[    9.273343]      scan-1141 get_device_data       : No context for object [ffff88040d8227f8]
[    9.273414]      scan-1141 get_device_data       : No context for object [ffff88040d822820]
[    9.273587]      scan-1141 get_device_data       : No context for object [ffff88040d822848]
[    9.273781]      scan-1141 get_device_data       : No context for object [ffff88040d822870]
[    9.273979]      scan-1141 get_device_data       : No context for object [ffff88040d822898]
[    9.274175]      scan-1141 get_device_data       : No context for object [ffff88040d8228c0]
[    9.274355]      scan-1141 get_device_data       : No context for object [ffff88040d8228e8]
[    9.274548]      scan-1141 get_device_data       : No context for object [ffff88040d822910]
[    9.274740]      scan-1141 get_device_data       : No context for object [ffff88040d822938]
[    9.274932]      scan-1141 get_device_data       : No context for object [ffff88040d822960]
[    9.275125]      scan-1141 get_device_data       : No context for object [ffff88040d822988]
[    9.275322]      scan-1141 get_device_data       : No context for object [ffff88040d8229b0]
[    9.275499]      scan-1141 get_device_data       : No context for object [ffff88040d8229d8]
[    9.275691]      scan-1141 get_device_data       : No context for object [ffff88040d822a00]
[    9.275885]      scan-1141 get_device_data       : No context for object [ffff88040d822a28]
[    9.276082]      scan-1141 get_device_data       : No context for object [ffff88040d822a50]
[    9.276279]      scan-1141 get_device_data       : No context for object [ffff88040d822a78]
[    9.276424]      scan-1141 get_device_data       : No context for object [ffff88040d822aa0]
[    9.276596]      scan-1141 get_device_data       : No context for object [ffff88040d822ac8]
[    9.276668]      scan-1141 get_device_data       : No context for object [ffff88040d822af0]
[    9.276860]      scan-1141 get_device_data       : No context for object [ffff88040d822b18]
[    9.277052]      scan-1141 get_device_data       : No context for object [ffff88040d822b40]
[    9.277235]      scan-1141 get_device_data       : No context for object [ffff88040d822b68]
[    9.277432]      scan-1141 get_device_data       : No context for object [ffff88040d822b90]
[    9.277629]      scan-1141 get_device_data       : No context for object [ffff88040d822bb8]
[    9.277822]      scan-1141 get_device_data       : No context for object [ffff88040d822be0]
[    9.278014]      scan-1141 get_device_data       : No context for object [ffff88040d822c08]
[    9.278206]      scan-1141 get_device_data       : No context for object [ffff88040d822c30]
[    9.278397]      scan-1141 get_device_data       : No context for object [ffff88040d822c58]
[    9.278586]      scan-1141 get_device_data       : No context for object [ffff88040d822c80]
[    9.278781]      scan-1141 get_device_data       : No context for object [ffff88040d822ca8]
[    9.278975]      scan-1141 get_device_data       : No context for object [ffff88040d822cd0]
[    9.279165]      scan-1141 get_device_data       : No context for object [ffff88040d822cf8]
[    9.279308]      scan-1141 get_device_data       : No context for object [ffff88040d822d20]
[    9.279480]      scan-1141 get_device_data       : No context for object [ffff88040d822d48]
[    9.279669]      scan-1141 get_device_data       : No context for object [ffff88040d822d70]
[    9.279858]      scan-1141 get_device_data       : No context for object [ffff88040d822d98]
[    9.280156]      scan-1141 get_device_data       : No context for object [ffff88040d837438]
[    9.280344]      scan-1141 get_device_data       : No context for object [ffff88040d822dc0]
[    9.280541]     utils-0051 util_eval_error       : Evaluate [\_SB_.PCI0.PB2_.HDAU._STA]: AE_NOT_FOUND
[    9.280751] device: 'device:02': device_add
[    9.280810] bus: 'acpi': add device device:02
[    9.280875]     utils-0051 util_eval_error       : Evaluate [\_SB_.PCI0.PB2_.HDAU._SUN]: AE_NOT_FOUND
[    9.281073]      scan-1933 add_single_object     : Added device:02 [\_SB_.PCI0.PB2_.HDAU] parent device:00
[    9.281266]      scan-1141 get_device_data       : No context for object [ffff88040d822de8]
[    9.281408]      scan-1141 get_device_data       : No context for object [ffff88040d822e10]
[    9.281581]      scan-1141 get_device_data       : No context for object [ffff88040d822e38]
[    9.281775]      scan-1141 get_device_data       : No context for object [ffff88040d822e60]
[    9.281969]      scan-1141 get_device_data       : No context for object [ffff88040d822e88]
[    9.282159]      scan-1141 get_device_data       : No context for object [ffff88040d822eb0]
[    9.282343]      scan-1141 get_device_data       : No context for object [ffff88040d822ed8]
[    9.282533]     utils-0051 util_eval_error       : Evaluate [\_SB_.PCI0.PB3_._STA]: AE_NOT_FOUND
[    9.282755] device: 'device:03': device_add
[    9.282815] bus: 'acpi': add device device:03
[    9.282891]     utils-0051 util_eval_error       : Evaluate [\_SB_.PCI0.PB3_._SUN]: AE_NOT_FOUND
[    9.283344]      scan-1933 add_single_object     : Added device:03 [\_SB_.PCI0.PB3_] parent PNP0A08:00
[    9.283344]      scan-1141 get_device_data       : No context for object [ffff88040d822f00]
[    9.283447]      scan-1141 get_device_data       : No context for object [ffff88040d822f28]
[    9.283620]      scan-1141 get_device_data       : No context for object [ffff88040d822f50]
[    9.283814]      scan-1141 get_device_data       : No context for object [ffff88040d822f78]
[    9.284006]      scan-1141 get_device_data       : No context for object [ffff88040d822fa0]
[    9.284198]      scan-1141 get_device_data       : No context for object [ffff88040d822fc8]
[    9.284372]      scan-1141 get_device_data       : No context for object [ffff88040d823000]
[    9.284571]      scan-1141 get_device_data       : No context for object [ffff88040d823028]
[    9.284763]      scan-1141 get_device_data       : No context for object [ffff88040d823050]
[    9.284957]      scan-1141 get_device_data       : No context for object [ffff88040d823078]
[    9.285154]      scan-1141 get_device_data       : No context for object [ffff88040d8230a0]
[    9.285345]      scan-1141 get_device_data       : No context for object [ffff88040d8230c8]
[    9.285538]      scan-1141 get_device_data       : No context for object [ffff88040d8230f0]
[    9.285731]      scan-1141 get_device_data       : No context for object [ffff88040d823118]
[    9.285922]      scan-1141 get_device_data       : No context for object [ffff88040d823140]
[    9.286668]      scan-1141 get_device_data       : No context for object [ffff88040d823168]
[    9.286861]      scan-1141 get_device_data       : No context for object [ffff88040d823190]
[    9.287053]      scan-1141 get_device_data       : No context for object [ffff88040d8231b8]
[    9.287245]      scan-1141 get_device_data       : No context for object [ffff88040d8231e0]
[    9.287439]      scan-1141 get_device_data       : No context for object [ffff88040d823208]
[    9.287637]      scan-1141 get_device_data       : No context for object [ffff88040d823230]
[    9.287834]      scan-1141 get_device_data       : No context for object [ffff88040d823258]
[    9.287979]      scan-1141 get_device_data       : No context for object [ffff88040d823280]
[    9.288152]      scan-1141 get_device_data       : No context for object [ffff88040d8232a8]
[    9.288343]      scan-1141 get_device_data       : No context for object [ffff88040d8232d0]
[    9.288535]      scan-1141 get_device_data       : No context for object [ffff88040d8232f8]
[    9.288726]      scan-1141 get_device_data       : No context for object [ffff88040d823320]
[    9.288900]      scan-1141 get_device_data       : No context for object [ffff88040d823348]
[    9.289093]      scan-1141 get_device_data       : No context for object [ffff88040d823370]
[    9.289287]      scan-1141 get_device_data       : No context for object [ffff88040d823398]
[    9.289486]      scan-1141 get_device_data       : No context for object [ffff88040d8233c0]
[    9.290128]     utils-0051 util_eval_error       : Evaluate [\_SB_.PCI0.PB3_.VGA_._STA]: AE_NOT_FOUND
[    9.290351]     video-0058 backlight_cap_match   : Found generic backlight support
[    9.290560] device: 'LNXVIDEO:00': device_add
[    9.290623] bus: 'acpi': add device LNXVIDEO:00
[    9.290703]     utils-0051 util_eval_error       : Evaluate [\_SB_.PCI0.PB3_.VGA_._SUN]: AE_NOT_FOUND
[    9.290901]      scan-1933 add_single_object     : Added LNXVIDEO:00 [\_SB_.PCI0.PB3_.VGA_] parent device:03
[    9.291099]      scan-1141 get_device_data       : No context for object [ffff88040d8233e8]
[    9.291291]      scan-1141 get_device_data       : No context for object [ffff88040d823410]
[    9.291437]      scan-1141 get_device_data       : No context for object [ffff88040d823438]
[    9.291610]      scan-1141 get_device_data       : No context for object [ffff88040d823460]
[    9.291803]      scan-1141 get_device_data       : No context for object [ffff88040d823488]
[    9.292000]      scan-1141 get_device_data       : No context for object [ffff88040d8234b0]
[    9.292197]      scan-1141 get_device_data       : No context for object [ffff88040d8234d8]
[    9.292369]      scan-1141 get_device_data       : No context for object [ffff88040d823500]
[    9.292561]      scan-1141 get_device_data       : No context for object [ffff88040d823528]
[    9.292753]      scan-1141 get_device_data       : No context for object [ffff88040d823550]
[    9.292946]      scan-1141 get_device_data       : No context for object [ffff88040d823578]
[    9.293138]      scan-1141 get_device_data       : No context for object [ffff88040d8235a0]
[    9.293335]      scan-1141 get_device_data       : No context for object [ffff88040d8235c8]
[    9.293528]      scan-1141 get_device_data       : No context for object [ffff88040d8235f0]
[    9.293724]      scan-1141 get_device_data       : No context for object [ffff88040d823618]
[    9.293922]      scan-1141 get_device_data       : No context for object [ffff88040d823640]
[    9.294120]      scan-1141 get_device_data       : No context for object [ffff88040d823668]
[    9.294313]      scan-1141 get_device_data       : No context for object [ffff88040d823690]
[    9.294505]      scan-1141 get_device_data       : No context for object [ffff88040d8236b8]
[    9.294696]      scan-1141 get_device_data       : No context for object [ffff88040d8236e0]
[    9.294888]      scan-1141 get_device_data       : No context for object [ffff88040d823708]
[    9.295081]      scan-1141 get_device_data       : No context for object [ffff88040d823730]
[    9.295272]      scan-1141 get_device_data       : No context for object [ffff88040d823758]
[    9.295417]      scan-1141 get_device_data       : No context for object [ffff88040d823780]
[    9.295591]      scan-1141 get_device_data       : No context for object [ffff88040d8237a8]
[    9.295782]      scan-1141 get_device_data       : No context for object [ffff88040d8237d0]
[    9.295975]      scan-1141 get_device_data       : No context for object [ffff88040d8237f8]
[    9.296170]      scan-1141 get_device_data       : No context for object [ffff88040d823820]
[    9.296346]      scan-1141 get_device_data       : No context for object [ffff88040d823848]
[    9.296540]      scan-1141 get_device_data       : No context for object [ffff88040d823870]
[    9.296668]      scan-1141 get_device_data       : No context for object [ffff88040d823898]
[    9.296857]      scan-1141 get_device_data       : No context for object [ffff88040d8238c0]
[    9.297046]      scan-1141 get_device_data       : No context for object [ffff88040d8238e8]
[    9.297235]      scan-1141 get_device_data       : No context for object [ffff88040d823910]
[    9.297378]      scan-1141 get_device_data       : No context for object [ffff88040d823938]
[    9.297552]      scan-1141 get_device_data       : No context for object [ffff88040d823960]
[    9.297743]      scan-1141 get_device_data       : No context for object [ffff88040d823988]
[    9.297936]      scan-1141 get_device_data       : No context for object [ffff88040d8239b0]
[    9.298132]      scan-1141 get_device_data       : No context for object [ffff88040d8239d8]
[    9.298308]      scan-1141 get_device_data       : No context for object [ffff88040d837460]
[    9.298502]      scan-1141 get_device_data       : No context for object [ffff88040d83ac08]
[    9.298693]      scan-1141 get_device_data       : No context for object [ffff88040d83ac30]
[    9.298880]      scan-1141 get_device_data       : No context for object [ffff88040d83ac58]
[    9.299071]     utils-0051 util_eval_error       : Evaluate [\_SB_.PCI0.PB3_.VGA_.CRT_._STA]: AE_NOT_FOUND
[    9.299290] device: 'device:04': device_add
[    9.299348] bus: 'acpi': add device device:04
[    9.299423]     utils-0051 util_eval_error       : Evaluate [\_SB_.PCI0.PB3_.VGA_.CRT_._SUN]: AE_NOT_FOUND
[    9.300005]      scan-1933 add_single_object     : Added device:04 [\_SB_.PCI0.PB3_.VGA_.CRT_] parent LNXVIDEO:00
[    9.300005]      scan-1141 get_device_data       : No context for object [ffff88040d83ac80]
[    9.300005]      scan-1141 get_device_data       : No context for object [ffff88040d83aca8]
[    9.300193]      scan-1141 get_device_data       : No context for object [ffff88040d83acd0]
[    9.300339]      scan-1141 get_device_data       : No context for object [ffff88040d83acf8]
[    9.300513]      scan-1141 get_device_data       : No context for object [ffff88040d83ad20]
[    9.300706]     utils-0051 util_eval_error       : Evaluate [\_SB_.PCI0.PB3_.VGA_.LCD_._STA]: AE_NOT_FOUND
[    9.300945] device: 'device:05': device_add
[    9.301054] bus: 'acpi': add device device:05
[    9.301131]     utils-0051 util_eval_error       : Evaluate [\_SB_.PCI0.PB3_.VGA_.LCD_._SUN]: AE_NOT_FOUND
[    9.303344]      scan-1933 add_single_object     : Added device:05 [\_SB_.PCI0.PB3_.VGA_.LCD_] parent LNXVIDEO:00
[    9.303344]      scan-1141 get_device_data       : No context for object [ffff88040d83ad48]
[    9.303344]      scan-1141 get_device_data       : No context for object [ffff88040d83ad70]
[    9.303344]      scan-1141 get_device_data       : No context for object [ffff88040d83ad98]
[    9.303344]      scan-1141 get_device_data       : No context for object [ffff88040d83adc0]
[    9.303344]      scan-1141 get_device_data       : No context for object [ffff88040d83ade8]
[    9.303344]      scan-1141 get_device_data       : No context for object [ffff88040d83ae10]
[    9.303344]      scan-1141 get_device_data       : No context for object [ffff88040d83ae38]
[    9.303344]      scan-1141 get_device_data       : No context for object [ffff88040d83ae60]
[    9.303344]     utils-0051 util_eval_error       : Evaluate [\_SB_.PCI0.PB3_.VGA_.TV0_._STA]: AE_NOT_FOUND
[    9.303356] device: 'device:06': device_add
[    9.303415] bus: 'acpi': add device device:06
[    9.303481]     utils-0051 util_eval_error       : Evaluate [\_SB_.PCI0.PB3_.VGA_.TV0_._SUN]: AE_NOT_FOUND
[    9.303680]      scan-1933 add_single_object     : Added device:06 [\_SB_.PCI0.PB3_.VGA_.TV0_] parent LNXVIDEO:00
[    9.303875]      scan-1141 get_device_data       : No context for object [ffff88040d83ae88]
[    9.305077]      scan-1141 get_device_data       : No context for object [ffff88040d83aeb0]
[    9.305269]      scan-1141 get_device_data       : No context for object [ffff88040d83aed8]
[    9.305418]      scan-1141 get_device_data       : No context for object [ffff88040d83af00]
[    9.305596]      scan-1141 get_device_data       : No context for object [ffff88040d83af28]
[    9.305789]     utils-0051 util_eval_error       : Evaluate [\_SB_.PCI0.PB3_.VGA_.HDMI._STA]: AE_NOT_FOUND
[    9.306028] device: 'device:07': device_add
[    9.306137] bus: 'acpi': add device device:07
[    9.306212]     utils-0051 util_eval_error       : Evaluate [\_SB_.PCI0.PB3_.VGA_.HDMI._SUN]: AE_NOT_FOUND
[    9.306671]      scan-1933 add_single_object     : Added device:07 [\_SB_.PCI0.PB3_.VGA_.HDMI] parent LNXVIDEO:00
[    9.306671]      scan-1141 get_device_data       : No context for object [ffff88040d83af50]
[    9.306794]      scan-1141 get_device_data       : No context for object [ffff88040d83af78]
[    9.306986]      scan-1141 get_device_data       : No context for object [ffff88040d83afa0]
[    9.307178]      scan-1141 get_device_data       : No context for object [ffff88040d83afc8]
[    9.307357]      scan-1141 get_device_data       : No context for object [ffff88040d823a00]
[    9.307557]     utils-0051 util_eval_error       : Evaluate [\_SB_.PCI0.PB3_.HDAU._STA]: AE_NOT_FOUND
[    9.307785] device: 'device:08': device_add
[    9.307844] bus: 'acpi': add device device:08
[    9.307912]     utils-0051 util_eval_error       : Evaluate [\_SB_.PCI0.PB3_.HDAU._SUN]: AE_NOT_FOUND
[    9.310004]      scan-1933 add_single_object     : Added device:08 [\_SB_.PCI0.PB3_.HDAU] parent device:03
[    9.310004]      scan-1141 get_device_data       : No context for object [ffff88040d823a28]
[    9.310004]      scan-1141 get_device_data       : No context for object [ffff88040d823a50]
[    9.310004]      scan-1141 get_device_data       : No context for object [ffff88040d823a78]
[    9.310004]      scan-1141 get_device_data       : No context for object [ffff88040d823aa0]
[    9.310004]      scan-1141 get_device_data       : No context for object [ffff88040d823ac8]
[    9.310004]      scan-1141 get_device_data       : No context for object [ffff88040d823af0]
[    9.310004]      scan-1141 get_device_data       : No context for object [ffff88040d823b18]
[    9.310004]     utils-0051 util_eval_error       : Evaluate [\_SB_.PCI0.PB4_._STA]: AE_NOT_FOUND
[    9.310004] device: 'device:09': device_add
[    9.310004] bus: 'acpi': add device device:09
[    9.310004]     utils-0051 util_eval_error       : Evaluate [\_SB_.PCI0.PB4_._SUN]: AE_NOT_FOUND
[    9.310140]      scan-1933 add_single_object     : Added device:09 [\_SB_.PCI0.PB4_] parent PNP0A08:00
[    9.310340]      scan-1141 get_device_data       : No context for object [ffff88040d823b40]
[    9.310532]      scan-1141 get_device_data       : No context for object [ffff88040d823b68]
[    9.310725]      scan-1141 get_device_data       : No context for object [ffff88040d823b90]
[    9.310917]      scan-1141 get_device_data       : No context for object [ffff88040d823bb8]
[    9.311110]      scan-1141 get_device_data       : No context for object [ffff88040d823be0]
[    9.311302]      scan-1141 get_device_data       : No context for object [ffff88040d823c08]
[    9.311484]      scan-1141 get_device_data       : No context for object [ffff88040d823c30]
[    9.311680]      scan-1141 get_device_data       : No context for object [ffff88040d823c58]
[    9.311872]      scan-1141 get_device_data       : No context for object [ffff88040d823c80]
[    9.312064]      scan-1141 get_device_data       : No context for object [ffff88040d823ca8]
[    9.312254]      scan-1141 get_device_data       : No context for object [ffff88040d823cd0]
[    9.312400]      scan-1141 get_device_data       : No context for object [ffff88040d823cf8]
[    9.312574]      scan-1141 get_device_data       : No context for object [ffff88040d823d20]
[    9.312769]      scan-1141 get_device_data       : No context for object [ffff88040d823d48]
[    9.312963]      scan-1141 get_device_data       : No context for object [ffff88040d823d70]
[    9.313152]      scan-1141 get_device_data       : No context for object [ffff88040d823d98]
[    9.313335]      scan-1141 get_device_data       : No context for object [ffff88040d823dc0]
[    9.313525]      scan-1141 get_device_data       : No context for object [ffff88040d823de8]
[    9.313715]      scan-1141 get_device_data       : No context for object [ffff88040d823e10]
[    9.313904]      scan-1141 get_device_data       : No context for object [ffff88040d823e38]
[    9.314097]      scan-1141 get_device_data       : No context for object [ffff88040d823e60]
[    9.314293]      scan-1141 get_device_data       : No context for object [ffff88040d823e88]
[    9.314467]      scan-1141 get_device_data       : No context for object [ffff88040d823eb0]
[    9.314656]      scan-1141 get_device_data       : No context for object [ffff88040d823ed8]
[    9.314845]      scan-1141 get_device_data       : No context for object [ffff88040d823f00]
[    9.315034]      scan-1141 get_device_data       : No context for object [ffff88040d823f28]
[    9.315223]      scan-1141 get_device_data       : No context for object [ffff88040d823f50]
[    9.315395]      scan-1141 get_device_data       : No context for object [ffff88040d823f78]
[    9.315588]      scan-1141 get_device_data       : No context for object [ffff88040d823fa0]
[    9.315783]      scan-1141 get_device_data       : No context for object [ffff88040d823fc8]
[    9.315976]      scan-1141 get_device_data       : No context for object [ffff88040d825000]
[    9.316164]     utils-0051 util_eval_error       : Evaluate [\_SB_.PCI0.PB4_.XPDV._STA]: AE_NOT_FOUND
[    9.316374] device: 'device:0a': device_add
[    9.316436] bus: 'acpi': add device device:0a
[    9.316503]     utils-0051 util_eval_error       : Evaluate [\_SB_.PCI0.PB4_.XPDV._SUN]: AE_NOT_FOUND
[    9.316676]      scan-1933 add_single_object     : Added device:0a [\_SB_.PCI0.PB4_.XPDV] parent device:09
[    9.316878]      scan-1141 get_device_data       : No context for object [ffff88040d825028]
[    9.317074]      scan-1141 get_device_data       : No context for object [ffff88040d825050]
[    9.317266]      scan-1141 get_device_data       : No context for object [ffff88040d825078]
[    9.317446]      scan-1141 get_device_data       : No context for object [ffff88040d8250a0]
[    9.317639]      scan-1141 get_device_data       : No context for object [ffff88040d8250c8]
[    9.317831]      scan-1141 get_device_data       : No context for object [ffff88040d837500]
[    9.318023]      scan-1141 get_device_data       : No context for object [ffff88040d8250f0]
[    9.318218]      scan-1141 get_device_data       : No context for object [ffff88040d825118]
[    9.318371]     utils-0051 util_eval_error       : Evaluate [\_SB_.PCI0.PB5_._STA]: AE_NOT_FOUND
[    9.318577] device: 'device:0b': device_add
[    9.318636] bus: 'acpi': add device device:0b
[    9.318704]     utils-0051 util_eval_error       : Evaluate [\_SB_.PCI0.PB5_._SUN]: AE_NOT_FOUND
[    9.320005]      scan-1933 add_single_object     : Added device:0b [\_SB_.PCI0.PB5_] parent PNP0A08:00
[    9.320005]      scan-1141 get_device_data       : No context for object [ffff88040d825140]
[    9.320005]      scan-1141 get_device_data       : No context for object [ffff88040d825168]
[    9.320005]      scan-1141 get_device_data       : No context for object [ffff88040d825190]
[    9.320005]      scan-1141 get_device_data       : No context for object [ffff88040d8251b8]
[    9.320005]      scan-1141 get_device_data       : No context for object [ffff88040d8251e0]
[    9.320127]      scan-1141 get_device_data       : No context for object [ffff88040d825208]
[    9.320319]      scan-1141 get_device_data       : No context for object [ffff88040d825230]
[    9.320492]      scan-1141 get_device_data       : No context for object [ffff88040d825258]
[    9.320684]      scan-1141 get_device_data       : No context for object [ffff88040d825280]
[    9.320877]      scan-1141 get_device_data       : No context for object [ffff88040d8252a8]
[    9.321072]      scan-1141 get_device_data       : No context for object [ffff88040d8252d0]
[    9.321269]      scan-1141 get_device_data       : No context for object [ffff88040d8252f8]
[    9.321417]      scan-1141 get_device_data       : No context for object [ffff88040d825320]
[    9.321590]      scan-1141 get_device_data       : No context for object [ffff88040d825348]
[    9.321782]      scan-1141 get_device_data       : No context for object [ffff88040d825370]
[    9.322981]      scan-1141 get_device_data       : No context for object [ffff88040d825398]
[    9.323174]      scan-1141 get_device_data       : No context for object [ffff88040d8253c0]
[    9.323336]      scan-1141 get_device_data       : No context for object [ffff88040d8253e8]
[    9.323533]      scan-1141 get_device_data       : No context for object [ffff88040d825410]
[    9.323726]      scan-1141 get_device_data       : No context for object [ffff88040d825438]
[    9.323918]      scan-1141 get_device_data       : No context for object [ffff88040d825460]
[    9.324111]      scan-1141 get_device_data       : No context for object [ffff88040d825488]
[    9.324302]      scan-1141 get_device_data       : No context for object [ffff88040d8254b0]
[    9.324494]      scan-1141 get_device_data       : No context for object [ffff88040d8254d8]
[    9.324689]      scan-1141 get_device_data       : No context for object [ffff88040d825500]
[    9.324882]      scan-1141 get_device_data       : No context for object [ffff88040d825528]
[    9.325080]      scan-1141 get_device_data       : No context for object [ffff88040d825550]
[    9.325277]      scan-1141 get_device_data       : No context for object [ffff88040d825578]
[    9.325424]      scan-1141 get_device_data       : No context for object [ffff88040d8255a0]
[    9.325597]      scan-1141 get_device_data       : No context for object [ffff88040d8255c8]
[    9.325789]      scan-1141 get_device_data       : No context for object [ffff88040d8255f0]
[    9.325982]     utils-0051 util_eval_error       : Evaluate [\_SB_.PCI0.PB5_.XPDV._STA]: AE_NOT_FOUND
[    9.326195] device: 'device:0c': device_add
[    9.326255] bus: 'acpi': add device device:0c
[    9.326329]     utils-0051 util_eval_error       : Evaluate [\_SB_.PCI0.PB5_.XPDV._SUN]: AE_NOT_FOUND
[    9.326671]      scan-1933 add_single_object     : Added device:0c [\_SB_.PCI0.PB5_.XPDV] parent device:0b
[    9.326672]      scan-1141 get_device_data       : No context for object [ffff88040d825618]
[    9.326870]      scan-1141 get_device_data       : No context for object [ffff88040d825640]
[    9.327061]      scan-1141 get_device_data       : No context for object [ffff88040d825668]
[    9.327253]      scan-1141 get_device_data       : No context for object [ffff88040d825690]
[    9.327431]      scan-1141 get_device_data       : No context for object [ffff88040d8256b8]
[    9.327623]      scan-1141 get_device_data       : No context for object [ffff88040d837528]
[    9.327815]      scan-1141 get_device_data       : No context for object [ffff88040d8256e0]
[    9.328009]      scan-1141 get_device_data       : No context for object [ffff88040d825708]
[    9.328208]     utils-0051 util_eval_error       : Evaluate [\_SB_.PCI0.PB6_._STA]: AE_NOT_FOUND
[    9.328389] device: 'device:0d': device_add
[    9.328449] bus: 'acpi': add device device:0d
[    9.328515]     utils-0051 util_eval_error       : Evaluate [\_SB_.PCI0.PB6_._SUN]: AE_NOT_FOUND
[    9.330004]      scan-1933 add_single_object     : Added device:0d [\_SB_.PCI0.PB6_] parent PNP0A08:00
[    9.330004]      scan-1141 get_device_data       : No context for object [ffff88040d825730]
[    9.330004]      scan-1141 get_device_data       : No context for object [ffff88040d825758]
[    9.330004]      scan-1141 get_device_data       : No context for object [ffff88040d825780]
[    9.330004]      scan-1141 get_device_data       : No context for object [ffff88040d8257a8]
[    9.330004]      scan-1141 get_device_data       : No context for object [ffff88040d8257d0]
[    9.330004]      scan-1141 get_device_data       : No context for object [ffff88040d8257f8]
[    9.330004]      scan-1141 get_device_data       : No context for object [ffff88040d825820]
[    9.330198]      scan-1141 get_device_data       : No context for object [ffff88040d825848]
[    9.330347]      scan-1141 get_device_data       : No context for object [ffff88040d825870]
[    9.330521]      scan-1141 get_device_data       : No context for object [ffff88040d825898]
[    9.330710]      scan-1141 get_device_data       : No context for object [ffff88040d8258c0]
[    9.330899]      scan-1141 get_device_data       : No context for object [ffff88040d8258e8]
[    9.331087]      scan-1141 get_device_data       : No context for object [ffff88040d825910]
[    9.331260]      scan-1141 get_device_data       : No context for object [ffff88040d825938]
[    9.331450]      scan-1141 get_device_data       : No context for object [ffff88040d825960]
[    9.331645]      scan-1141 get_device_data       : No context for object [ffff88040d825988]
[    9.331840]      scan-1141 get_device_data       : No context for object [ffff88040d8259b0]
[    9.332029]      scan-1141 get_device_data       : No context for object [ffff88040d8259d8]
[    9.332218]      scan-1141 get_device_data       : No context for object [ffff88040d825a00]
[    9.332390]      scan-1141 get_device_data       : No context for object [ffff88040d825a28]
[    9.332579]      scan-1141 get_device_data       : No context for object [ffff88040d825a50]
[    9.332770]      scan-1141 get_device_data       : No context for object [ffff88040d825a78]
[    9.332964]      scan-1141 get_device_data       : No context for object [ffff88040d825aa0]
[    9.333162]      scan-1141 get_device_data       : No context for object [ffff88040d825ac8]
[    9.333335]      scan-1141 get_device_data       : No context for object [ffff88040d825af0]
[    9.333507]      scan-1141 get_device_data       : No context for object [ffff88040d825b18]
[    9.333699]      scan-1141 get_device_data       : No context for object [ffff88040d825b40]
[    9.333892]      scan-1141 get_device_data       : No context for object [ffff88040d825b68]
[    9.334084]      scan-1141 get_device_data       : No context for object [ffff88040d825b90]
[    9.334277]      scan-1141 get_device_data       : No context for object [ffff88040d825bb8]
[    9.334469]      scan-1141 get_device_data       : No context for object [ffff88040d825be0]
[    9.334664]     utils-0051 util_eval_error       : Evaluate [\_SB_.PCI0.PB6_.XPDV._STA]: AE_NOT_FOUND
[    9.334894] device: 'device:0e': device_add
[    9.334959] bus: 'acpi': add device device:0e
[    9.335033]     utils-0051 util_eval_error       : Evaluate [\_SB_.PCI0.PB6_.XPDV._SUN]: AE_NOT_FOUND
[    9.336671]      scan-1933 add_single_object     : Added device:0e [\_SB_.PCI0.PB6_.XPDV] parent device:0d
[    9.336671]      scan-1141 get_device_data       : No context for object [ffff88040d825c08]
[    9.336671]      scan-1141 get_device_data       : No context for object [ffff88040d825c30]
[    9.336671]      scan-1141 get_device_data       : No context for object [ffff88040d825c58]
[    9.336671]      scan-1141 get_device_data       : No context for object [ffff88040d825c80]
[    9.336671]      scan-1141 get_device_data       : No context for object [ffff88040d825ca8]
[    9.336671]      scan-1141 get_device_data       : No context for object [ffff88040d837550]
[    9.336671]      scan-1141 get_device_data       : No context for object [ffff88040d825cd0]
[    9.336795]      scan-1141 get_device_data       : No context for object [ffff88040d825cf8]
[    9.336988]     utils-0051 util_eval_error       : Evaluate [\_SB_.PCI0.PB7_._STA]: AE_NOT_FOUND
[    9.337211] device: 'device:0f': device_add
[    9.337270] bus: 'acpi': add device device:0f
[    9.337336]     utils-0051 util_eval_error       : Evaluate [\_SB_.PCI0.PB7_._SUN]: AE_NOT_FOUND
[    9.337515]      scan-1933 add_single_object     : Added device:0f [\_SB_.PCI0.PB7_] parent PNP0A08:00
[    9.337717]      scan-1141 get_device_data       : No context for object [ffff88040d825d20]
[    9.337914]      scan-1141 get_device_data       : No context for object [ffff88040d825d48]
[    9.338106]      scan-1141 get_device_data       : No context for object [ffff88040d825d70]
[    9.338298]      scan-1141 get_device_data       : No context for object [ffff88040d825d98]
[    9.338445]      scan-1141 get_device_data       : No context for object [ffff88040d825dc0]
[    9.338618]      scan-1141 get_device_data       : No context for object [ffff88040d825de8]
[    9.338810]      scan-1141 get_device_data       : No context for object [ffff88040d825e10]
[    9.339003]      scan-1141 get_device_data       : No context for object [ffff88040d825e38]
[    9.339199]      scan-1141 get_device_data       : No context for object [ffff88040d825e60]
[    9.339374]      scan-1141 get_device_data       : No context for object [ffff88040d825e88]
[    9.339571]      scan-1141 get_device_data       : No context for object [ffff88040d825eb0]
[    9.340003]      scan-1141 get_device_data       : No context for object [ffff88040d825ed8]
[    9.340198]      scan-1141 get_device_data       : No context for object [ffff88040d825f00]
[    9.340390]      scan-1141 get_device_data       : No context for object [ffff88040d825f28]
[    9.340588]      scan-1141 get_device_data       : No context for object [ffff88040d825f50]
[    9.340785]      scan-1141 get_device_data       : No context for object [ffff88040d825f78]
[    9.340981]      scan-1141 get_device_data       : No context for object [ffff88040d825fa0]
[    9.341173]      scan-1141 get_device_data       : No context for object [ffff88040d825fc8]
[    9.341365]      scan-1141 get_device_data       : No context for object [ffff88040d827000]
[    9.341558]      scan-1141 get_device_data       : No context for object [ffff88040d827028]
[    9.341730]      scan-1141 get_device_data       : No context for object [ffff88040d827050]
[    9.341922]      scan-1141 get_device_data       : No context for object [ffff88040d827078]
[    9.342119]      scan-1141 get_device_data       : No context for object [ffff88040d8270a0]
[    9.342314]      scan-1141 get_device_data       : No context for object [ffff88040d8270c8]
[    9.342511]      scan-1141 get_device_data       : No context for object [ffff88040d8270f0]
[    9.343415]      scan-1141 get_device_data       : No context for object [ffff88040d827118]
[    9.343587]      scan-1141 get_device_data       : No context for object [ffff88040d827140]
[    9.343780]      scan-1141 get_device_data       : No context for object [ffff88040d827168]
[    9.343971]      scan-1141 get_device_data       : No context for object [ffff88040d827190]
[    9.344164]      scan-1141 get_device_data       : No context for object [ffff88040d8271b8]
[    9.344342]      scan-1141 get_device_data       : No context for object [ffff88040d8271e0]
[    9.344539]     utils-0051 util_eval_error       : Evaluate [\_SB_.PCI0.PB7_.XPDV._STA]: AE_NOT_FOUND
[    9.344759] device: 'device:10': device_add
[    9.344819] bus: 'acpi': add device device:10
[    9.344895]     utils-0051 util_eval_error       : Evaluate [\_SB_.PCI0.PB7_.XPDV._SUN]: AE_NOT_FOUND
[    9.346671]      scan-1933 add_single_object     : Added device:10 [\_SB_.PCI0.PB7_.XPDV] parent device:0f
[    9.346671]      scan-1141 get_device_data       : No context for object [ffff88040d827208]
[    9.346671]      scan-1141 get_device_data       : No context for object [ffff88040d827230]
[    9.346671]      scan-1141 get_device_data       : No context for object [ffff88040d827258]
[    9.346671]      scan-1141 get_device_data       : No context for object [ffff88040d827280]
[    9.346671]      scan-1141 get_device_data       : No context for object [ffff88040d8272a8]
[    9.346671]      scan-1141 get_device_data       : No context for object [ffff88040d837488]
[    9.346671]      scan-1141 get_device_data       : No context for object [ffff88040d8272d0]
[    9.346671]      scan-1141 get_device_data       : No context for object [ffff88040d8272f8]
[    9.346671]     utils-0051 util_eval_error       : Evaluate [\_SB_.PCI0.OHC1._STA]: AE_NOT_FOUND
[    9.346887] device: 'device:11': device_add
[    9.346948] bus: 'acpi': add device device:11
[    9.347021]     utils-0051 util_eval_error       : Evaluate [\_SB_.PCI0.OHC1._SUN]: AE_NOT_FOUND
[    9.347227]      scan-1933 add_single_object     : Added device:11 [\_SB_.PCI0.OHC1] parent PNP0A08:00
[    9.347406]      scan-1141 get_device_data       : No context for object [ffff88040d827320]
[    9.347596]      scan-1141 get_device_data       : No context for object [ffff88040d827348]
[    9.347785]      scan-1141 get_device_data       : No context for object [ffff88040d83b2f8]
[    9.347975]     utils-0051 util_eval_error       : Evaluate [\_SB_.PCI0.OHC1.RHUB._STA]: AE_NOT_FOUND
[    9.348188] device: 'device:12': device_add
[    9.348245] bus: 'acpi': add device device:12
[    9.348319]     utils-0051 util_eval_error       : Evaluate [\_SB_.PCI0.OHC1.RHUB._SUN]: AE_NOT_FOUND
[    9.350005]      scan-1933 add_single_object     : Added device:12 [\_SB_.PCI0.OHC1.RHUB] parent device:11
[    9.350005]      scan-1141 get_device_data       : No context for object [ffff88040d83b320]
[    9.350005]      scan-1141 get_device_data       : No context for object [ffff88040d83b348]
[    9.350005]     utils-0051 util_eval_error       : Evaluate [\_SB_.PCI0.OHC1.RHUB.PRT3._STA]: AE_NOT_FOUND
[    9.350005] device: 'device:13': device_add
[    9.350005] bus: 'acpi': add device device:13
[    9.350005]     utils-0051 util_eval_error       : Evaluate [\_SB_.PCI0.OHC1.RHUB.PRT3._SUN]: AE_NOT_FOUND
[    9.350059]      scan-1933 add_single_object     : Added device:13 [\_SB_.PCI0.OHC1.RHUB.PRT3] parent device:12
[    9.350059]      scan-1141 get_device_data       : No context for object [ffff88040d83b370]
[    9.350059]      scan-1141 get_device_data       : No context for object [ffff88040d83b398]
[    9.350193]      scan-1141 get_device_data       : No context for object [ffff88040d83b3c0]
[    9.350370]      scan-1141 get_device_data       : No context for object [ffff88040d83b3e8]
[    9.350564]     utils-0051 util_eval_error       : Evaluate [\_SB_.PCI0.OHC1.RHUB.PRT4._STA]: AE_NOT_FOUND
[    9.350788] device: 'device:14': device_add
[    9.350847] bus: 'acpi': add device device:14
[    9.350920]     utils-0051 util_eval_error       : Evaluate [\_SB_.PCI0.OHC1.RHUB.PRT4._SUN]: AE_NOT_FOUND
[    9.351128]      scan-1933 add_single_object     : Added device:14 [\_SB_.PCI0.OHC1.RHUB.PRT4] parent device:12
[    9.351307]      scan-1141 get_device_data       : No context for object [ffff88040d83b410]
[    9.351499]      scan-1141 get_device_data       : No context for object [ffff88040d83b438]
[    9.351691]      scan-1141 get_device_data       : No context for object [ffff88040d83b460]
[    9.351883]      scan-1141 get_device_data       : No context for object [ffff88040d827370]
[    9.352077]     utils-0051 util_eval_error       : Evaluate [\_SB_.PCI0.EHC1._STA]: AE_NOT_FOUND
[    9.352277] device: 'device:15': device_add
[    9.352341] bus: 'acpi': add device device:15
[    9.352420]     utils-0051 util_eval_error       : Evaluate [\_SB_.PCI0.EHC1._SUN]: AE_NOT_FOUND
[    9.353375]      scan-1933 add_single_object     : Added device:15 [\_SB_.PCI0.EHC1] parent PNP0A08:00
[    9.353375]      scan-1141 get_device_data       : No context for object [ffff88040d827398]
[    9.353375]      scan-1141 get_device_data       : No context for object [ffff88040d8273c0]
[    9.353375]      scan-1141 get_device_data       : No context for object [ffff88040d83b028]
[    9.353499]     utils-0051 util_eval_error       : Evaluate [\_SB_.PCI0.EHC1.RHUB._STA]: AE_NOT_FOUND
[    9.353715] device: 'device:16': device_add
[    9.353775] bus: 'acpi': add device device:16
[    9.353842]     utils-0051 util_eval_error       : Evaluate [\_SB_.PCI0.EHC1.RHUB._SUN]: AE_NOT_FOUND
[    9.354042]      scan-1933 add_single_object     : Added device:16 [\_SB_.PCI0.EHC1.RHUB] parent device:15
[    9.354237]      scan-1141 get_device_data       : No context for object [ffff88040d83b050]
[    9.354383]      scan-1141 get_device_data       : No context for object [ffff88040d83b078]
[    9.354558]     utils-0051 util_eval_error       : Evaluate [\_SB_.PCI0.EHC1.RHUB.PRT3._STA]: AE_NOT_FOUND
[    9.354790] device: 'device:17': device_add
[    9.354852] bus: 'acpi': add device device:17
[    9.354919]     utils-0051 util_eval_error       : Evaluate [\_SB_.PCI0.EHC1.RHUB.PRT3._SUN]: AE_NOT_FOUND
[    9.356671]      scan-1933 add_single_object     : Added device:17 [\_SB_.PCI0.EHC1.RHUB.PRT3] parent device:16
[    9.356671]      scan-1141 get_device_data       : No context for object [ffff88040d83b0a0]
[    9.356671]      scan-1141 get_device_data       : No context for object [ffff88040d83b0c8]
[    9.356671]      scan-1141 get_device_data       : No context for object [ffff88040d83b0f0]
[    9.356671]      scan-1141 get_device_data       : No context for object [ffff88040d83b118]
[    9.356671]     utils-0051 util_eval_error       : Evaluate [\_SB_.PCI0.EHC1.RHUB.PRT4._STA]: AE_NOT_FOUND
[    9.356671] device: 'device:18': device_add
[    9.356671] bus: 'acpi': add device device:18
[    9.356671]     utils-0051 util_eval_error       : Evaluate [\_SB_.PCI0.EHC1.RHUB.PRT4._SUN]: AE_NOT_FOUND
[    9.356704]      scan-1933 add_single_object     : Added device:18 [\_SB_.PCI0.EHC1.RHUB.PRT4] parent device:16
[    9.356870]      scan-1141 get_device_data       : No context for object [ffff88040d83b140]
[    9.357062]      scan-1141 get_device_data       : No context for object [ffff88040d83b168]
[    9.357255]      scan-1141 get_device_data       : No context for object [ffff88040d83b190]
[    9.357427]      scan-1141 get_device_data       : No context for object [ffff88040d8273e8]
[    9.358630]     utils-0051 util_eval_error       : Evaluate [\_SB_.PCI0.OHC2._STA]: AE_NOT_FOUND
[    9.358851] device: 'device:19': device_add
[    9.358910] bus: 'acpi': add device device:19
[    9.358988]     utils-0051 util_eval_error       : Evaluate [\_SB_.PCI0.OHC2._SUN]: AE_NOT_FOUND
[    9.360001]      scan-1933 add_single_object     : Added device:19 [\_SB_.PCI0.OHC2] parent PNP0A08:00
[    9.360001]      scan-1141 get_device_data       : No context for object [ffff88040d827410]
[    9.360001]      scan-1141 get_device_data       : No context for object [ffff88040d827438]
[    9.360001]      scan-1141 get_device_data       : No context for object [ffff88040d83b488]
[    9.360001]     utils-0051 util_eval_error       : Evaluate [\_SB_.PCI0.OHC2.RHUB._STA]: AE_NOT_FOUND
[    9.360149] device: 'device:1a': device_add
[    9.360208] bus: 'acpi': add device device:1a
[    9.360282]     utils-0051 util_eval_error       : Evaluate [\_SB_.PCI0.OHC2.RHUB._SUN]: AE_NOT_FOUND
[    9.360443]      scan-1933 add_single_object     : Added device:1a [\_SB_.PCI0.OHC2.RHUB] parent device:19
[    9.360624]      scan-1141 get_device_data       : No context for object [ffff88040d83b4b0]
[    9.360818]      scan-1141 get_device_data       : No context for object [ffff88040d83b4d8]
[    9.361011]     utils-0051 util_eval_error       : Evaluate [\_SB_.PCI0.OHC2.RHUB.PRT4._STA]: AE_NOT_FOUND
[    9.361225] device: 'device:1b': device_add
[    9.361284] bus: 'acpi': add device device:1b
[    9.361350]     utils-0051 util_eval_error       : Evaluate [\_SB_.PCI0.OHC2.RHUB.PRT4._SUN]: AE_NOT_FOUND
[    9.363340]      scan-1933 add_single_object     : Added device:1b [\_SB_.PCI0.OHC2.RHUB.PRT4] parent device:1a
[    9.363340]      scan-1141 get_device_data       : No context for object [ffff88040d83b500]
[    9.363340]      scan-1141 get_device_data       : No context for object [ffff88040d83b528]
[    9.363340]      scan-1141 get_device_data       : No context for object [ffff88040d83b550]
[    9.363340]      scan-1141 get_device_data       : No context for object [ffff88040d827460]
[    9.363340]     utils-0051 util_eval_error       : Evaluate [\_SB_.PCI0.EHC2._STA]: AE_NOT_FOUND
[    9.363340] device: 'device:1c': device_add
[    9.363340] bus: 'acpi': add device device:1c
[    9.363340]     utils-0051 util_eval_error       : Evaluate [\_SB_.PCI0.EHC2._SUN]: AE_NOT_FOUND
[    9.363375]      scan-1933 add_single_object     : Added device:1c [\_SB_.PCI0.EHC2] parent PNP0A08:00
[    9.363375]      scan-1141 get_device_data       : No context for object [ffff88040d827488]
[    9.363375]      scan-1141 get_device_data       : No context for object [ffff88040d8274b0]
[    9.363525]      scan-1141 get_device_data       : No context for object [ffff88040d83b1b8]
[    9.363714]     utils-0051 util_eval_error       : Evaluate [\_SB_.PCI0.EHC2.RHUB._STA]: AE_NOT_FOUND
[    9.363925] device: 'device:1d': device_add
[    9.363983] bus: 'acpi': add device device:1d
[    9.364049]     utils-0051 util_eval_error       : Evaluate [\_SB_.PCI0.EHC2.RHUB._SUN]: AE_NOT_FOUND
[    9.364253]      scan-1933 add_single_object     : Added device:1d [\_SB_.PCI0.EHC2.RHUB] parent device:1c
[    9.364448]      scan-1141 get_device_data       : No context for object [ffff88040d83b1e0]
[    9.364643]      scan-1141 get_device_data       : No context for object [ffff88040d83b208]
[    9.364838]     utils-0051 util_eval_error       : Evaluate [\_SB_.PCI0.EHC2.RHUB.PRT2._STA]: AE_NOT_FOUND
[    9.365049] device: 'device:1e': device_add
[    9.365107] bus: 'acpi': add device device:1e
[    9.365173]     utils-0051 util_eval_error       : Evaluate [\_SB_.PCI0.EHC2.RHUB.PRT2._SUN]: AE_NOT_FOUND
[    9.366667]      scan-1933 add_single_object     : Added device:1e [\_SB_.PCI0.EHC2.RHUB.PRT2] parent device:1d
[    9.366667]      scan-1141 get_device_data       : No context for object [ffff88040d83b230]
[    9.366667]      scan-1141 get_device_data       : No context for object [ffff88040d83b258]
[    9.366667]      scan-1141 get_device_data       : No context for object [ffff88040d83b280]
[    9.366667]      scan-1141 get_device_data       : No context for object [ffff88040d8274d8]
[    9.366667]     utils-0051 util_eval_error       : Evaluate [\_SB_.PCI0.OHC3._STA]: AE_NOT_FOUND
[    9.366667] device: 'device:1f': device_add
[    9.366676] bus: 'acpi': add device device:1f
[    9.366752]     utils-0051 util_eval_error       : Evaluate [\_SB_.PCI0.OHC3._SUN]: AE_NOT_FOUND
[    9.366959]      scan-1933 add_single_object     : Added device:1f [\_SB_.PCI0.OHC3] parent PNP0A08:00
[    9.367157]      scan-1141 get_device_data       : No context for object [ffff88040d827500]
[    9.367349]      scan-1141 get_device_data       : No context for object [ffff88040d827528]
[    9.367541]      scan-1141 get_device_data       : No context for object [ffff88040d83b578]
[    9.367734]     utils-0051 util_eval_error       : Evaluate [\_SB_.PCI0.OHC3.RHUB._STA]: AE_NOT_FOUND
[    9.367948] device: 'device:20': device_add
[    9.368010] bus: 'acpi': add device device:20
[    9.368085]     utils-0051 util_eval_error       : Evaluate [\_SB_.PCI0.OHC3.RHUB._SUN]: AE_NOT_FOUND
[    9.370005]      scan-1933 add_single_object     : Added device:20 [\_SB_.PCI0.OHC3.RHUB] parent device:1f
[    9.370005]      scan-1141 get_device_data       : No context for object [ffff88040d83b5a0]
[    9.370005]      scan-1141 get_device_data       : No context for object [ffff88040d827550]
[    9.370005]     utils-0051 util_eval_error       : Evaluate [\_SB_.PCI0.EHC3._STA]: AE_NOT_FOUND
[    9.370005] device: 'device:21': device_add
[    9.370005] bus: 'acpi': add device device:21
[    9.370005]     utils-0051 util_eval_error       : Evaluate [\_SB_.PCI0.EHC3._SUN]: AE_NOT_FOUND
[    9.370055]      scan-1933 add_single_object     : Added device:21 [\_SB_.PCI0.EHC3] parent PNP0A08:00
[    9.370055]      scan-1141 get_device_data       : No context for object [ffff88040d827578]
[    9.370055]      scan-1141 get_device_data       : No context for object [ffff88040d8275a0]
[    9.370055]      scan-1141 get_device_data       : No context for object [ffff88040d83b2a8]
[    9.370128]     utils-0051 util_eval_error       : Evaluate [\_SB_.PCI0.EHC3.RHUB._STA]: AE_NOT_FOUND
[    9.370344] device: 'device:22': device_add
[    9.370403] bus: 'acpi': add device device:22
[    9.370470]     utils-0051 util_eval_error       : Evaluate [\_SB_.PCI0.EHC3.RHUB._SUN]: AE_NOT_FOUND
[    9.370675]      scan-1933 add_single_object     : Added device:22 [\_SB_.PCI0.EHC3.RHUB] parent device:21
[    9.370877]      scan-1141 get_device_data       : No context for object [ffff88040d83b2d0]
[    9.371074]      scan-1141 get_device_data       : No context for object [ffff88040d8275c8]
[    9.371268]     utils-0051 util_eval_error       : Evaluate [\_SB_.PCI0.OHC4._STA]: AE_NOT_FOUND
[    9.371442] device: 'device:23': device_add
[    9.371501] bus: 'acpi': add device device:23
[    9.371567]     utils-0051 util_eval_error       : Evaluate [\_SB_.PCI0.OHC4._SUN]: AE_NOT_FOUND
[    9.373341]      scan-1933 add_single_object     : Added device:23 [\_SB_.PCI0.OHC4] parent PNP0A08:00
[    9.373341]      scan-1141 get_device_data       : No context for object [ffff88040d8275f0]
[    9.373341]      scan-1141 get_device_data       : No context for object [ffff88040d827618]
[    9.373341]      scan-1141 get_device_data       : No context for object [ffff88040d827640]
[    9.373341]     utils-0051 util_eval_error       : Evaluate [\_SB_.PCI0.SBAZ._STA]: AE_NOT_FOUND
[    9.373341] device: 'device:24': device_add
[    9.373341] bus: 'acpi': add device device:24
[    9.373341]     utils-0051 util_eval_error       : Evaluate [\_SB_.PCI0.SBAZ._SUN]: AE_NOT_FOUND
[    9.373349]      scan-1933 add_single_object     : Added device:24 [\_SB_.PCI0.SBAZ] parent PNP0A08:00
[    9.373349]      scan-1141 get_device_data       : No context for object [ffff88040d827668]
[    9.373452]      scan-1141 get_device_data       : No context for object [ffff88040d827690]
[    9.373629]      scan-1141 get_device_data       : No context for object [ffff88040d8276b8]
[    9.373823]     utils-0051 util_eval_error       : Evaluate [\_SB_.PCI0.GEC_._STA]: AE_NOT_FOUND
[    9.374057] device: 'device:25': device_add
[    9.374117] bus: 'acpi': add device device:25
[    9.374184]     utils-0051 util_eval_error       : Evaluate [\_SB_.PCI0.GEC_._SUN]: AE_NOT_FOUND
[    9.374364]      scan-1933 add_single_object     : Added device:25 [\_SB_.PCI0.GEC_] parent PNP0A08:00
[    9.374563]      scan-1141 get_device_data       : No context for object [ffff88040d8276e0]
[    9.374760]      scan-1141 get_device_data       : No context for object [ffff88040d827708]
[    9.374957]      scan-1141 get_device_data       : No context for object [ffff88040d827730]
[    9.375149]      scan-1141 get_device_data       : No context for object [ffff88040d827758]
[    9.376351]      scan-1141 get_device_data       : No context for object [ffff88040d827780]
[    9.376545]      scan-1141 get_device_data       : No context for object [ffff88040d8277a8]
[    9.376668]      scan-1141 get_device_data       : No context for object [ffff88040d8277d0]
