[    0.000000] Initializing cgroup subsys cpuset
[    0.000000] Initializing cgroup subsys cpu
[    0.000000] Initializing cgroup subsys cpuacct
[    0.000000] Linux version 3.17.0-rc2-gfd5984d (emacs@manji) (gcc version 4.9.1 (GCC) ) #54 SMP Sun Aug 31 19:13:27 CEST 2014
[    0.000000] Command line: BOOT_IMAGE=/vmlinuz-linux-git root=UUID=bfa4ab6e-19a3-4601-ba2b-267c55841c73 rw cryptdevice=/dev/disk/by-uuid/70c08890-417a-497d-b6ab-c0d0357a63e2:cryptManjaro:allow-discards ipv6.disable=1 pnp.debug=1 loglevel=9 log_buf_len=10M printk.always_kmsg_dump=y printk.time=y mminit_loglevel=0 memory_corruption_check=1 acpi.debug_layer=0xfbff0000 acpi.debug_level=0xFFFFFFFD pnp.debug=1 nohz=on rcu_nocbs=1-3 pcie_aspm=force fbcon=scrollback:4096k fbcon=font:ProFont6x11 radeon.audio=0 radeon.lockup_timeout=0 radeon.test=0 radeon.agpmode=-1 radeon.benchmark=0 radeon.tv=0 radeon.hard_reset=1 radeon.aspm=1 radeon.dpm=1 radeon.msi=1 radeon.pcie_gen2=-1 radeon.no_wb=1 radeon.modeset=1 radeon.dynclks=1 radeon.r4xx_atom=0 radeon.runpm=0 radeonfb radeon.fastfb=1 nomodeset
[    0.000000] KERNEL supported cpus:
[    0.000000]   AMD AuthenticAMD
[    0.000000] tseg: 00bfe00000
[    0.000000] e820: BIOS-provided physical RAM map:
[    0.000000] BIOS-e820: [mem 0x0000000000000000-0x000000000009d7ff] usable
[    0.000000] BIOS-e820: [mem 0x000000000009d800-0x000000000009ffff] reserved
[    0.000000] BIOS-e820: [mem 0x00000000000e0000-0x00000000000fffff] reserved
[    0.000000] BIOS-e820: [mem 0x0000000000100000-0x00000000bed9afff] usable
[    0.000000] BIOS-e820: [mem 0x00000000bed9b000-0x00000000bf39afff] reserved
[    0.000000] BIOS-e820: [mem 0x00000000bf39b000-0x00000000bf49afff] ACPI NVS
[    0.000000] BIOS-e820: [mem 0x00000000bf49b000-0x00000000bf51afff] ACPI data
[    0.000000] BIOS-e820: [mem 0x00000000bf51b000-0x00000000bfdfffff] usable
[    0.000000] BIOS-e820: [mem 0x00000000bfe00000-0x00000000bfffffff] reserved
[    0.000000] BIOS-e820: [mem 0x00000000fec00000-0x00000000fecfffff] reserved
[    0.000000] BIOS-e820: [mem 0x00000000fed80000-0x00000000fed80fff] reserved
[    0.000000] BIOS-e820: [mem 0x00000000ffe00000-0x00000000ffffffff] reserved
[    0.000000] BIOS-e820: [mem 0x0000000100000000-0x000000041effffff] usable
[    0.000000] NX (Execute Disable) protection: active
[    0.000000] SMBIOS 2.6 present.
[    0.000000] DMI: LENOVO Sabine/Torpedo, BIOS 54CN18WW 07/20/2011
[    0.000000] e820: update [mem 0x00000000-0x00000fff] usable ==> reserved
[    0.000000] e820: remove [mem 0x000a0000-0x000fffff] usable
[    0.000000] e820: last_pfn = 0x41f000 max_arch_pfn = 0x400000000
[    0.000000] MTRR default type: uncachable
[    0.000000] MTRR fixed ranges enabled:
[    0.000000]   00000-9FFFF write-back
[    0.000000]   A0000-BFFFF uncachable
[    0.000000]   C0000-FFFFF write-protect
[    0.000000] MTRR variable ranges enabled:
[    0.000000]   0 base 0000000000 mask FF80000000 write-back
[    0.000000]   1 base 0080000000 mask FFC0000000 write-back
[    0.000000]   2 base 00FFF90000 mask FFFFFF0000 uncachable
[    0.000000]   3 base 00FED80000 mask 0FFFFFF000 uncachable
[    0.000000]   4 disabled
[    0.000000]   5 disabled
[    0.000000]   6 disabled
[    0.000000]   7 base 00FFE00000 mask FFFFE00000 write-protect
[    0.000000] TOM2: 000000041f000000 aka 16880M
[    0.000000] mtrr: your BIOS has configured an incorrect mask, fixing it.
[    0.000000] e820: last_pfn = 0xbfe00 max_arch_pfn = 0x400000000
[    0.000000] found SMP MP-table at [mem 0x000fa8b0-0x000fa8bf] mapped at [ffff8800000fa8b0]
[    0.000000] Base memory trampoline at [ffff880000097000] 97000 size 24576
[    0.000000] Using GB pages for direct mapping
[    0.000000] init_memory_mapping: [mem 0x00000000-0x000fffff]
[    0.000000]  [mem 0x00000000-0x000fffff] page 4k
[    0.000000] BRK [0x01e17000, 0x01e17fff] PGTABLE
[    0.000000] BRK [0x01e18000, 0x01e18fff] PGTABLE
[    0.000000] BRK [0x01e19000, 0x01e19fff] PGTABLE
[    0.000000] init_memory_mapping: [mem 0x41ee00000-0x41effffff]
[    0.000000]  [mem 0x41ee00000-0x41effffff] page 2M
[    0.000000] BRK [0x01e1a000, 0x01e1afff] PGTABLE
[    0.000000] init_memory_mapping: [mem 0x41c000000-0x41edfffff]
[    0.000000]  [mem 0x41c000000-0x41edfffff] page 2M
[    0.000000] init_memory_mapping: [mem 0x400000000-0x41bffffff]
[    0.000000]  [mem 0x400000000-0x41bffffff] page 2M
[    0.000000] init_memory_mapping: [mem 0x00100000-0xbed9afff]
[    0.000000]  [mem 0x00100000-0x001fffff] page 4k
[    0.000000]  [mem 0x00200000-0x3fffffff] page 2M
[    0.000000]  [mem 0x40000000-0x7fffffff] page 1G
[    0.000000]  [mem 0x80000000-0xbebfffff] page 2M
[    0.000000]  [mem 0xbec00000-0xbed9afff] page 4k
[    0.000000] init_memory_mapping: [mem 0xbf51b000-0xbfdfffff]
[    0.000000]  [mem 0xbf51b000-0xbf5fffff] page 4k
[    0.000000]  [mem 0xbf600000-0xbfdfffff] page 2M
[    0.000000] BRK [0x01e1b000, 0x01e1bfff] PGTABLE
[    0.000000] init_memory_mapping: [mem 0x100000000-0x3ffffffff]
[    0.000000]  [mem 0x100000000-0x3ffffffff] page 1G
[    0.000000] log_buf_len: 16777216 bytes
[    0.000000] early log buf free: 2092044(99%)
[    0.000000] RAMDISK: [mem 0x3782c000-0x37c0dfff]
[    0.000000] ACPI: Early table checksum verification disabled
[    0.000000] ACPI: RSDP 0x00000000000F0110 000024 (v02 LENOVO)
[    0.000000] ACPI: XSDT 0x00000000BF51A120 000074 (v01 LENOVO CB-01    00000001 LENO 00000001)
[    0.000000] ACPI: FACP 0x00000000BF508000 0000F4 (v04 LENOVO CB-01    00000001 PTL  00000001)
[    0.000000] ACPI: DSDT 0x00000000BF50A000 00FD10 (v01 LENOVO CB-01    00001000 LENO 00000001)
[    0.000000] ACPI: FACS 0x00000000BF478000 000040
[    0.000000] ACPI: HPET 0x00000000BF507000 000038 (v01 LENOVO CB-01    00000001 PTL  00000001)
[    0.000000] ACPI: APIC 0x00000000BF506000 00007A (v02 LENOVO CB-01    00000001 PTL  00000001)
[    0.000000] ACPI: MCFG 0x00000000BF505000 00003C (v01 LENOVO CB-01    00000001 PTL  00000001)
[    0.000000] ACPI: SLIC 0x00000000BF504000 000176 (v01 LENOVO CB-01    00000001 LENO 00000001)
[    0.000000] ACPI: UEFI 0x00000000BF503000 00003E (v01 LENOVO CB-01    00000001 PTL  00000001)
[    0.000000] ACPI: UEFI 0x00000000BF502000 000042 (v01 PTL    COMBUF   00000001 PTL  00000001)
[    0.000000] ACPI: SSDT 0x00000000BF501000 000E34 (v01 AMD    POWERNOW 00000001 AMD  00000001)
[    0.000000] ACPI: SSDT 0x00000000BF4FF000 00193D (v02 AMD    ALIB     00000001 MSFT 04000000)
[    0.000000] ACPI: UEFI 0x00000000BF4FE000 00021A (v01 LENOVO CB-01    00000001 PTL  00000001)
[    0.000000] ACPI: Local APIC address 0xfee00000
[    0.000000] No NUMA configuration found
[    0.000000] Faking a node at [mem 0x0000000000000000-0x000000041effffff]
[    0.000000] Initmem setup node 0 [mem 0x00000000-0x41effffff]
[    0.000000]   NODE_DATA [mem 0x41dffa000-0x41dffdfff]
[    0.000000]  [ffffea0000000000-ffffea00107fffff] PMD -> [ffff88040de00000-ffff88041d5fffff] on node 0
[    0.000000] Zone ranges:
[    0.000000]   DMA      [mem 0x00001000-0x00ffffff]
[    0.000000]   DMA32    [mem 0x01000000-0xffffffff]
[    0.000000]   Normal   [mem 0x100000000-0x41effffff]
[    0.000000] Movable zone start for each node
[    0.000000] Early memory node ranges
[    0.000000]   node   0: [mem 0x00001000-0x0009cfff]
[    0.000000]   node   0: [mem 0x00100000-0xbed9afff]
[    0.000000]   node   0: [mem 0xbf51b000-0xbfdfffff]
[    0.000000]   node   0: [mem 0x100000000-0x41effffff]
[    0.000000] On node 0 totalpages: 4056604
[    0.000000]   DMA zone: 64 pages used for memmap
[    0.000000]   DMA zone: 21 pages reserved
[    0.000000]   DMA zone: 3996 pages, LIFO batch:0
[    0.000000]   DMA32 zone: 12186 pages used for memmap
[    0.000000]   DMA32 zone: 779904 pages, LIFO batch:31
[    0.000000]   Normal zone: 51136 pages used for memmap
[    0.000000]   Normal zone: 3272704 pages, LIFO batch:31
[    0.000000] ACPI: PM-Timer IO Port: 0x808
[    0.000000] ACPI: Local APIC address 0xfee00000
[    0.000000] ACPI: LAPIC (acpi_id[0x00] lapic_id[0x00] enabled)
[    0.000000] ACPI: LAPIC (acpi_id[0x01] lapic_id[0x01] enabled)
[    0.000000] ACPI: LAPIC (acpi_id[0x02] lapic_id[0x02] enabled)
[    0.000000] ACPI: LAPIC (acpi_id[0x03] lapic_id[0x03] enabled)
[    0.000000] ACPI: LAPIC_NMI (acpi_id[0x00] high edge lint[0x1])
[    0.000000] ACPI: LAPIC_NMI (acpi_id[0x01] high edge lint[0x1])
[    0.000000] ACPI: LAPIC_NMI (acpi_id[0x02] high edge lint[0x1])
[    0.000000] ACPI: LAPIC_NMI (acpi_id[0x03] high edge lint[0x1])
[    0.000000] ACPI: IOAPIC (id[0x02] address[0xfec00000] gsi_base[0])
[    0.000000] IOAPIC[0]: apic_id 2, version 33, address 0xfec00000, GSI 0-23
[    0.000000] ACPI: INT_SRC_OVR (bus 0 bus_irq 0 global_irq 2 dfl dfl)
[    0.000000] ACPI: IRQ0 used by override.
[    0.000000] ACPI: IRQ9 used by override.
[    0.000000] Using ACPI (MADT) for SMP configuration information
[    0.000000] ACPI: HPET id: 0x43538210 base: 0xfed00000
[    0.000000] smpboot: Allowing 4 CPUs, 0 hotplug CPUs
[    0.000000] e820: [mem 0xc0000000-0xfebfffff] available for PCI devices
[    0.000000] setup_percpu: NR_CPUS:64 nr_cpumask_bits:64 nr_cpu_ids:4 nr_node_ids:1
[    0.000000] PERCPU: Embedded 27 pages/cpu @ffff88041dc00000 s80256 r8192 d22144 u524288
[    0.000000] pcpu-alloc: s80256 r8192 d22144 u524288 alloc=1*2097152
[    0.000000] pcpu-alloc: [0] 0 1 2 3 
[    0.000000] Built 1 zonelists in Zone order, mobility grouping on.  Total pages: 3993197
[    0.000000] Policy zone: Normal
[    0.000000] Kernel command line: BOOT_IMAGE=/vmlinuz-linux-git root=UUID=bfa4ab6e-19a3-4601-ba2b-267c55841c73 rw cryptdevice=/dev/disk/by-uuid/70c08890-417a-497d-b6ab-c0d0357a63e2:cryptManjaro:allow-discards ipv6.disable=1 pnp.debug=1 loglevel=9 log_buf_len=10M printk.always_kmsg_dump=y printk.time=y mminit_loglevel=0 memory_corruption_check=1 acpi.debug_layer=0xfbff0000 acpi.debug_level=0xFFFFFFFD pnp.debug=1 nohz=on rcu_nocbs=1-3 pcie_aspm=force fbcon=scrollback:4096k fbcon=font:ProFont6x11 radeon.audio=0 radeon.lockup_timeout=0 radeon.test=0 radeon.agpmode=-1 radeon.benchmark=0 radeon.tv=0 radeon.hard_reset=1 radeon.aspm=1 radeon.dpm=1 radeon.msi=1 radeon.pcie_gen2=-1 radeon.no_wb=1 radeon.modeset=1 radeon.dynclks=1 radeon.r4xx_atom=0 radeon.runpm=0 radeonfb radeon.fastfb=1 nomodeset
[    0.000000] PCIe ASPM is forcibly enabled
[    0.000000] PID hash table entries: 4096 (order: 3, 32768 bytes)
[    0.000000] Memory: 15870900K/16226416K available (5251K kernel code, 721K rwdata, 2208K rodata, 848K init, 2588K bss, 355516K reserved)
[    0.000000] SLUB: HWalign=64, Order=0-3, MinObjects=0, CPUs=4, Nodes=1
[    0.000000] Hierarchical RCU implementation.
[    0.000000] 	RCU dyntick-idle grace-period acceleration is enabled.
[    0.000000] 	Additional per-CPU info printed with stalls.
[    0.000000] 	RCU restricting CPUs from NR_CPUS=64 to nr_cpu_ids=4.
[    0.000000] 	Offload RCU callbacks from all CPUs
[    0.000000] 	Offload RCU callbacks from CPUs: 0-3.
[    0.000000] RCU: Adjusting geometry for rcu_fanout_leaf=16, nr_cpu_ids=4
[    0.000000] NR_IRQS:4352 nr_irqs:456 0
[    0.000000] spurious 8259A interrupt: IRQ7.
[    0.000000] vgacon: allocated 4194304 bytes of memory for scrollback. CONFIG_VGACON_SOFT_SCROLLBACK_SIZE=4096
[    0.000000] Console: colour VGA+ 80x25
[    0.000000] console [tty0] enabled
[    0.000000] allocated 65011712 bytes of page_cgroup
[    0.000000] please try 'cgroup_disable=memory' option if you don't want memory cgroups
[    0.000000] hpet clockevent registered
[    0.000000] tsc: Fast TSC calibration using PIT
[    0.000000] tsc: Detected 1397.507 MHz processor
[    0.000039] Calibrating delay loop (skipped), value calculated using timer frequency.. 2796.47 BogoMIPS (lpj=4658356)
[    0.000200] pid_max: default: 32768 minimum: 301
[    0.000268] ACPI: Core revision 20140724
[    0.016263] ACPI: All ACPI Tables successfully acquired
[    0.017711] Security Framework initialized
[    0.018839] Dentry cache hash table entries: 2097152 (order: 12, 16777216 bytes)
[    0.024509] Inode-cache hash table entries: 1048576 (order: 11, 8388608 bytes)
[    0.027341] Mount-cache hash table entries: 32768 (order: 6, 262144 bytes)
[    0.027473] Mountpoint-cache hash table entries: 32768 (order: 6, 262144 bytes)
[    0.027972] Initializing cgroup subsys memory
[    0.028091] Initializing cgroup subsys devices
[    0.028159] Initializing cgroup subsys freezer
[    0.028226] Initializing cgroup subsys net_cls
[    0.028292] Initializing cgroup subsys blkio
[    0.028375] CPU: Physical Processor ID: 0
[    0.028437] CPU: Processor Core ID: 0
[    0.028498] mce: CPU supports 6 MCE banks
[    0.028569] Last level iTLB entries: 4KB 512, 2MB 16, 4MB 8
Last level dTLB entries: 4KB 1024, 2MB 128, 4MB 64, 1GB 0
[    0.028819] Freeing SMP alternatives memory: 20K (ffffffff81b8a000 - ffffffff81b8f000)
[    0.029542] ..TIMER: vector=0x30 apic1=0 pin1=2 apic2=-1 pin2=-1
[    0.062623] smpboot: CPU0: AMD A6-3400M APU with Radeon(tm) HD Graphics (fam: 12, model: 01, stepping: 00)
[    0.166515] Performance Events: AMD PMU driver.
[    0.166620] ... version:                0
[    0.166685] ... bit width:              48
[    0.166749] ... generic registers:      4
[    0.166810] ... value mask:             0000ffffffffffff
[    0.166872] ... max period:             00007fffffffffff
[    0.166934] ... fixed-purpose events:   0
[    0.166995] ... event mask:             000000000000000f
[    0.167532] MCE: In-kernel MCE decoding enabled.
[    0.167701] trying cpu_up:
[    0.167784] NMI watchdog: enabled on all CPUs, permanently consumes one hw-PMU counter.
[    0.168097] smpboot: ++++++++++++++++++++=_---CPU UP  1
[    0.168213] x86: Booting SMP configuration:
[    0.168278] .... node  #0, CPUs:      #1
[    0.168387] smpboot: Setting warm reset code and vector.
[    0.168511] smpboot: 1.
[    0.168574] smpboot: 2.
[    0.168636] smpboot: 3.
[    0.168699] smpboot: waiting 5 sec before INIT
[    5.187362] smpboot: done waiting
[    5.187470] smpboot: Asserting INIT
[    5.187532] smpboot: waiting 5 sec
[   11.055504] smpboot: done waiting
[   11.055644] smpboot: Waiting for INIT send to finish...
[   11.065782] smpboot: status for above ^ is: 0
[   11.065890] smpboot: Deasserting INIT
[   11.065951] smpboot: Waiting for above send to finish...
[   11.066013] smpboot: #startup loops: 2
[   11.066074] smpboot: Sending STARTUP #1
[   11.066135] smpboot: After apic_write
[   11.066497] smpboot: Startup point 1
[   11.066607] smpboot: Waiting for send to finish...
[   11.066871] smpboot: Sending STARTUP #2
[   11.066979] smpboot: After apic_write
[   11.067340] smpboot: Startup point 1
[   11.067403] smpboot: Waiting for send to finish...
[   11.067668] smpboot: After Startup
[   11.067777] smpboot: Before Callout 1
[   11.067838] smpboot: After Callout 1
[   11.067898] smpboot: start waiting 5sec for response
[   11.068038] [sched_delayed] sched: RT throttling activated
[   16.085310] smpboot: done waiting 5sec for response
[   16.085394] smpboot: cpumask_test_cpu result: 0
[   16.085488] smpboot: cpu_callin_mask: 0000000000000001
[   16.085550] smpboot: cpu_callout_mask: 0000000000000003
[   16.085648] smpboot: CPU1: Not responding
[   16.085786] smpboot: do_boot_cpu failed(1) to wakeup CPU#1
[   16.085859] doing it one more time: cpu_up !!!!!!!!!!!!
[   16.085906] smpboot: ++++++++++++++++++++=_---CPU UP  1
[   16.086029] x86: Booting SMP configuration:
[   16.086092]     #1
[   16.086162] smpboot: Setting warm reset code and vector.
[   16.086282] smpboot: 1.
[   16.086342] smpboot: 2.
[   16.086404] smpboot: 3.
[   16.086466] smpboot: waiting 5 sec before INIT
[   21.104897] smpboot: done waiting
[   21.105039] smpboot: Asserting INIT
[   21.105103] smpboot: waiting 5 sec
[   26.115621] smpboot: done waiting
[   26.115763] smpboot: Waiting for INIT send to finish...
[   26.125905] smpboot: status for above ^ is: 0
[   26.126014] smpboot: Deasserting INIT
[   26.126074] smpboot: Waiting for above send to finish...
[   26.126136] smpboot: #startup loops: 2
[   26.126197] smpboot: Sending STARTUP #1
[   26.126260] smpboot: After apic_write
[   26.126624] smpboot: Startup point 1
[   26.126733] smpboot: Waiting for send to finish...
[   26.126996] smpboot: Sending STARTUP #2
[   26.127105] smpboot: After apic_write
[   26.127471] smpboot: Startup point 1
[   26.127576] smpboot: Waiting for send to finish...
[   26.127837] smpboot: After Startup
[   26.127945] smpboot: Before Callout 1
[   26.128007] smpboot: After Callout 1
[   26.128069] smpboot: start waiting 5sec for response
[   31.145462] smpboot: done waiting 5sec for response
[   31.145605] smpboot: cpumask_test_cpu result: 0
[   31.145668] smpboot: cpu_callin_mask: 0000000000000001
[   31.145766] smpboot: cpu_callout_mask: 0000000000000003
[   31.145830] smpboot: CPU1: Not responding
[   31.145949] smpboot: do_boot_cpu failed(1) to wakeup CPU#1
[   31.146015] after cpu_up !!!!!!!!!!!!
[   31.146052] trying cpu_up:
[   31.146266] smpboot: ++++++++++++++++++++=_---CPU UP  2
[   31.146404]  #2
[   31.146441] smpboot: Setting warm reset code and vector.
[   31.146566] smpboot: 1.
[   31.146627] smpboot: 2.
[   31.146687] smpboot: 3.
[   31.146748] smpboot: waiting 5 sec before INIT
[   36.159990] smpboot: done waiting
[   36.160133] smpboot: Asserting INIT
[   36.160196] smpboot: waiting 5 sec
[   41.169467] smpboot: done waiting
[   41.169609] smpboot: Waiting for INIT send to finish...
[   41.179750] smpboot: status for above ^ is: 0
[   41.179859] smpboot: Deasserting INIT
[   41.179921] smpboot: Waiting for above send to finish...
[   41.179983] smpboot: #startup loops: 2
[   41.180045] smpboot: Sending STARTUP #1
[   41.180107] smpboot: After apic_write
[   41.051193] smpboot: CPU#2 (phys ID: 2) waiting for CALLOUT
[   41.180469] smpboot: Startup point 1
[   41.180640] smpboot: Waiting for send to finish...
[   41.180903] smpboot: Sending STARTUP #2
[   41.181011] smpboot: After apic_write
[   41.181373] smpboot: Startup point 1
[   41.181485] smpboot: Waiting for send to finish...
[   41.181749] smpboot: After Startup
[   41.181858] smpboot: Before Callout 2
[   41.181921] smpboot: After Callout 2
[   41.052839] smpboot: Stack at about ffff88040780bf44
[   41.182048] smpboot: start waiting 5sec for response
[   41.182087] smpboot: done waiting 5sec for response
[   41.182184] smpboot: cpumask_test_cpu result: -1
[   41.182246] smpboot: cpu_callin_mask: 0000000000000005
[   41.182344] smpboot: cpu_callout_mask: 0000000000000005
[   41.182407] smpboot: CPU2: has booted.
[   41.184534] TSC synchronization [CPU#0 -> CPU#2]:
[   41.184645] Measured 180377175 cycles TSC warp between CPUs, turning off TSC clock.
[   41.184787] tsc: Marking TSC unstable due to check_tsc_sync_source failed
[   41.184913] after cpu_up !!!!!!!!!!!!
[   41.184998] trying cpu_up:
[   41.185207] smpboot: ++++++++++++++++++++=_---CPU UP  3
[   41.185313]  #3
[   41.185348] smpboot: Setting warm reset code and vector.
[   41.185472] smpboot: 1.
[   41.185534] smpboot: 2.
[   41.185596] smpboot: 3.
[   41.185658] smpboot: waiting 5 sec before INIT
[   46.194945] smpboot: done waiting
[   46.195041] smpboot: Asserting INIT
[   46.195104] smpboot: waiting 5 sec
[   51.204508] smpboot: done waiting
[   51.204622] smpboot: Waiting for INIT send to finish...
[   51.214763] smpboot: status for above ^ is: 0
[   51.214872] smpboot: Deasserting INIT
[   51.214934] smpboot: Waiting for above send to finish...
[   51.214999] smpboot: #startup loops: 2
[   51.215062] smpboot: Sending STARTUP #1
[   51.215126] smpboot: After apic_write
[   51.052316] smpboot: CPU#3 (phys ID: 3) waiting for CALLOUT
[   51.215489] smpboot: Startup point 1
[   51.215656] smpboot: Waiting for send to finish...
[   51.215921] smpboot: Sending STARTUP #2
[   51.216027] smpboot: After apic_write
[   51.216388] smpboot: Startup point 1
[   51.216496] smpboot: Waiting for send to finish...
[   51.216759] smpboot: After Startup
[   51.216868] smpboot: Before Callout 3
[   51.217950] smpboot: After Callout 3
[   51.054968] smpboot: Stack at about ffff88040780ff44
[   51.218078] smpboot: start waiting 5sec for response
[   51.218117] smpboot: done waiting 5sec for response
[   51.218213] smpboot: cpumask_test_cpu result: -1
[   51.218274] smpboot: cpu_callin_mask: 000000000000000d
[   51.218371] smpboot: cpu_callout_mask: 000000000000000d
[   51.218433] smpboot: CPU3: has booted.
[   51.218571] after cpu_up !!!!!!!!!!!!
[   51.218610] x86: Booted up 1 node, 3 CPUs
[   51.218729] smpboot: Boot done
[   51.218790] smpboot: Before bogomips
[   51.218855] smpboot: Total of 3 processors activated (8388.41 BogoMIPS)
[   51.218919] smpboot: Before bogocount - setting activated=1
[   50.260109] devtmpfs: initialized
[   50.260148] device: 'platform': device_add
[   50.260286] bus: 'platform': registered
[   50.260356] bus: 'cpu': registered
[   50.260414] device: 'cpu': device_add
[   50.260487] bus: 'container': registered
[   50.263346] device: 'container': device_add
[   50.263857] bus: 'workqueue': registered
[   50.263857] device: 'workqueue': device_add
[   50.264136] atomic64_test: passed for x86-64 platform with CX8 and with SSE
[   50.264249] device class 'regulator': registering
[   50.264361] Registering platform device 'reg-dummy'. Parent at platform
[   50.264445] device: 'reg-dummy': device_add
[   50.264508] bus: 'platform': add device reg-dummy
[   50.264594] bus: 'platform': add driver reg-dummy
[   50.264658] bus: 'platform': driver_probe_device: matched device reg-dummy with driver reg-dummy
[   50.264792] bus: 'platform': really_probe: probing driver reg-dummy with device reg-dummy
[   50.264931] device: 'regulator.0': device_add
[   50.265014] regulator-dummy: no parameters
[   50.265078] driver: 'reg-dummy': driver_bound: bound to device 'reg-dummy'
[   50.265138] bus: 'platform': really_probe: bound device reg-dummy to driver reg-dummy
[   50.265395] NET: Registered protocol family 16
[   50.265811] device class 'bdi': registering
[   50.265938] bus: 'platform': add driver ramoops
[   50.266668] device class 'pci_bus': registering
[   50.266679] bus: 'pci': registered
[   50.266679] device class 'backlight': registering
[   50.266679] device class 'tty': registering
[   50.266679] device class 'vtconsole': registering
[   50.266679] device: 'vtcon0': device_add
[   50.266709] bus: 'node': registered
[   50.266800] device: 'node': device_add
[   50.266892] bus: 'i2c': registered
[   50.266954] bus: 'i2c': add driver dummy
[   50.267023] i2c-core: driver [dummy] registered
[   50.267087] cpuidle: using governor ladder
[   50.267148] cpuidle: using governor menu
[   50.267654] ACPI FADT declares the system doesn't support PCIe ASPM, so disable it
[   50.267831] ACPI: bus type PCI registered
[   50.267889] acpiphp: ACPI Hot Plug PCI Controller Driver version: 0.5
[   50.267955] device class 'dmi': registering
[   50.268025] device: 'id': device_add
[   50.268206] PCI: MMCONFIG for domain 0000 [bus 00-3f] at [mem 0xf8000000-0xfbffffff] (base 0xf8000000)
[   50.268342] PCI: not using MMCONFIG
[   50.268402] PCI: Using configuration type 1 for base access
[   50.268462] PCI: Using configuration type 1 for extended access
[   50.268824] device: 'node0': device_add
[   50.268932] bus: 'node': add device node0
[   50.269009] device: 'cpu0': device_add
[   50.269068] bus: 'cpu': add device cpu0
[   50.269166] device: 'cpu1': device_add
[   50.269275] bus: 'cpu': add device cpu1
[   50.269371] device: 'cpu2': device_add
[   50.269435] bus: 'cpu': add device cpu2
[   50.269530] device: 'cpu3': device_add
[   50.269593] bus: 'cpu': add device cpu3
[   50.272430] kworker/u8:0 (39) used greatest stack depth: 15104 bytes left
[   50.272401] kworker/u8:0 (40) used greatest stack depth: 14848 bytes left
[   50.273410] kworker/u8:0 (57) used greatest stack depth: 14176 bytes left
[   50.276728] device: 'writeback': device_add
[   50.276816] bus: 'workqueue': add device writeback
[   50.276931] device: 'default': device_add
[   50.277135] device class 'block': registering
[   50.277135] ACPI: Added _OSI(Module Device)
[   50.277135] ACPI: Added _OSI(Processor Device)
[   50.277135] ACPI: Added _OSI(3.0 _SCP Extensions)
[   50.277135] ACPI: Added _OSI(Processor Aggregator Device)
[   50.280947] 
**** Context Switch from TID 4294967295 to TID 133431296 ****

[   50.281163]     utils-0051 util_eval_error       : Evaluate [\_SB_.PCI0.LPC0.EC0_._GLK]: AE_NOT_FOUND
[   50.281660] Executing  Method       \_SB_.PCI0.LPC0.EC0_._REG
[   50.282432] Executing  Method       \_SB_.PCI0.LPC0.EC0_._REG
[   50.282631] Executing  Method       \_SB_.PCI0.LPC0.EC0_._REG
[   50.282808] Executing  Method       \_SB_.PCI0.LPC0.EC0_._REG
[   50.285731] Initializing Region       \_SB_.OSTY
[   50.285938] Initializing Region       \_SB_.PCI0.NBMS
[   50.286086] Initializing Region       \_SB_.PCI0.NBXP
[   50.286237] Initializing Region       \_SB_.PCI0.K8ST
[   50.286422] Initializing Region       \_SB_.PCI0.BAR1
[   50.286591] Initializing Region       \_SB_.PCI0.PB2_.XPEX
[   50.286683] Initializing Region       \_SB_.PCI0.PB2_.PCFG
[   50.286831] Initializing Region       \_SB_.PCI0.PB2_.XPCB
[   50.286980] Initializing Region       \_SB_.PCI0.PB2_.XPRI
[   50.287131] Initializing Region       \_SB_.PCI0.PB2_.VGA_.PCFG
[   50.287338] Initializing Region       \_SB_.PCI0.PB2_.HDAU.PCFG
[   50.287514] Initializing Region       \_SB_.PCI0.PB3_.XPEX
[   50.287656] Initializing Region       \_SB_.PCI0.PB3_.PCFG
[   50.287793] Initializing Region       \_SB_.PCI0.PB3_.XPCB
[   50.287942] Initializing Region       \_SB_.PCI0.PB3_.XPRI
[   50.288094] Initializing Region       \_SB_.PCI0.PB3_.VGA_.PCFG
[   50.288310] Initializing Region       \_SB_.PCI0.PB3_.HDAU.PCFG
[   50.288476] Initializing Region       \_SB_.PCI0.PB4_.XPEX
[   50.288624] Initializing Region       \_SB_.PCI0.PB4_.PCFG
[   50.288771] Initializing Region       \_SB_.PCI0.PB4_.XPCB
[   50.288915] Initializing Region       \_SB_.PCI0.PB4_.XPRI
[   50.289060] Initializing Region       \_SB_.PCI0.PB4_.XPDV.PCFG
[   50.289222] Initializing Region       \_SB_.PCI0.PB5_.XPEX
[   50.289368] Initializing Region       \_SB_.PCI0.PB5_.PCFG
[   50.289516] Initializing Region       \_SB_.PCI0.PB5_.XPCB
[   50.289665] Initializing Region       \_SB_.PCI0.PB5_.XPRI
[   50.289817] Initializing Region       \_SB_.PCI0.PB5_.XPDV.PCFG
[   50.290031] Initializing Region       \_SB_.PCI0.PB6_.XPEX
[   50.290172] Initializing Region       \_SB_.PCI0.PB6_.PCFG
[   50.290309] Initializing Region       \_SB_.PCI0.PB6_.XPCB
[   50.290458] Initializing Region       \_SB_.PCI0.PB6_.XPRI
[   50.290610] Initializing Region       \_SB_.PCI0.PB6_.XPDV.PCFG
[   50.290771] Initializing Region       \_SB_.PCI0.PB7_.XPEX
[   50.290919] Initializing Region       \_SB_.PCI0.PB7_.PCFG
[   50.291067] Initializing Region       \_SB_.PCI0.PB7_.XPCB
[   50.291215] Initializing Region       \_SB_.PCI0.PB7_.XPRI
[   50.291361] Initializing Region       \_SB_.PCI0.PB7_.XPDV.PCFG
[   50.291744] Initializing Region       \_SB_.PCI0.SATC
[   50.291937] Initializing Region       \_SB_.PCI0.RMEM
[   50.292114] Initializing Region       \_SB_.PCI0.SATA.SATX
[   50.292268] Initializing Region       \_SB_.PCI0.SATA.BAR5
[   50.313522] Initializing Region       \_SB_.PCI0.SMB_.SBRV
[   50.313731] Initializing Region       \_SB_.PCI0.SMB_.PMIO
[   50.313881] Initializing Region       \_SB_.PCI0.SMB_.ERMM
[   50.314160] Initializing Region       \_SB_.PCI0.SMB_.P1E0
[   50.314322] Initializing Region       \_SB_.PCI0.SMB_.ABIO
[   50.314472] Initializing Region       \_SB_.PCI0.SMB_.SMB0
[   50.314618] Initializing Region       \_SB_.PCI0.LPC0.PIRQ
[   50.314801] Initializing Region       \_SB_.PCI0.LPC0.LPCR
[   50.315027] Initializing Region       \_SB_.PCI0.LPC0.LPCS
[   50.315187] Initializing Region       \_SB_.PCI0.LPC0.SMI0
[   50.315333] Initializing Region       \_SB_.PCI0.LPC0.SMI1
[   50.315488] Initializing Region       \_SB_.PCI0.LPC0.EC0_.ECO1
[   50.315636] Initializing Region       \_SB_.PCI0.LPC0.EC0_.ECO2
[   50.315784] Initializing Region       \_SB_.PCI0.LPC0.EC0_.ECMB
[   50.315924] Initializing Region       \_SB_.PCI0.LPC0.EC0_.RAM_
[   50.316182] Initializing Region       \_SB_.PCI0.LPC0.EC0_.CMOS
[   50.316355] Initializing Region       \_SB_.PCI0.LPC0.EC0_.VPC0.ERAM
[   50.316844] Initializing Region       \_SB_.PCI0.SPB0.PCFG
[   50.317038] Initializing Region       \_SB_.PCI0.SPB0.XPCB
[   50.317190] Initializing Region       \_SB_.PCI0.SPB0.XPDV.PCFG
[   50.317341] Initializing Region       \_SB_.PCI0.SPB1.PCFG
[   50.317486] Initializing Region       \_SB_.PCI0.SPB1.XPCB
[   50.317638] Initializing Region       \_SB_.PCI0.SPB1.XPDV.PCFG
[   50.317800] Initializing Region       \_SB_.PCI0.SPB2.PCFG
[   50.317949] Initializing Region       \_SB_.PCI0.SPB2.XPCB
[   50.318101] Initializing Region       \_SB_.PCI0.SPB2.XPDV.PCFG
[   50.318262] Initializing Region       \_SB_.PCI0.SPB3.PCFG
[   50.318410] Initializing Region       \_SB_.PCI0.SPB3.XPCB
[   50.318554] Initializing Region       \_SB_.PCI0.SPB3.XPDV.PCFG
[   50.318872] Initializing Region       \_SB_.PCI0.VGA_.REVD
[   50.319279] Initializing BufferField  \_SB_.AMW0.WLID
[   50.319846] Initializing Region       \DEB2
[   50.320020] Initializing Region       \PMIO
[   50.320167] Initializing Region       \P01_
[   50.320341] Initializing Region       \CNVS
[   50.320534] Initializing Region       \SPRT
[   50.320696] Initializing Region       \CMIO
[   50.320961] Executing  Method       \_SB_._STA
[   50.321128] Executing  Method       \_SB_._INI
[   50.321298] Executing  Method       \_SB_.PCI0._STA
[   50.321467] Executing  Method       \_SB_.PCI0._INI
[   50.321900] [Firmware Bug]: ACPI: BIOS _OSI(Linux) query ignored
[   50.322298] Executing  Method       \_SB_.PCI0.SATA._STA
[   50.322468] Executing  Method       \_SB_.PCI0.SATA._INI
[   50.324251] Executing  Method       \_SB_.PCI0.LPC0.EC0_._REG
[   50.350150] ACPI: Interpreter enabled
[   50.350235] ACPI: (supports S0 S5)
[   50.350301] ACPI: Using IOAPIC for interrupt routing
[   50.350727] PCI: MMCONFIG for domain 0000 [bus 00-3f] at [mem 0xf8000000-0xfbffffff] (base 0xf8000000)
[   50.354048] PCI: MMCONFIG at [mem 0xf8000000-0xfbffffff] reserved in ACPI motherboard resources
[   50.354391] bus: 'acpi': registered
[   50.354510] PCI: Using host bridge windows from ACPI; if necessary, use "pci=nocrs" and report a bug
[   50.354655]      scan-1141 get_device_data       : No context for object [ffffffffffffffff]
[   50.354871]     utils-0051 util_eval_error       : Evaluate [\._STA]: AE_NOT_FOUND
[   50.355100] device: 'LNXSYSTM:00': device_add
[   50.355170] bus: 'acpi': add device LNXSYSTM:00
[   50.355261]     utils-0051 util_eval_error       : Evaluate [\._SUN]: AE_NOT_FOUND
[   50.355468]      scan-1933 add_single_object     : Added LNXSYSTM:00 [\] parent (null)
[   50.355689]      scan-1141 get_device_data       : No context for object [ffff88040d81d000]
[   50.355897]      scan-1141 get_device_data       : No context for object [ffff88040d8377d0]
[   50.356107]      scan-1141 get_device_data       : No context for object [ffff88040d8377f8]
[   50.356317]      scan-1141 get_device_data       : No context for object [ffff88040d837820]
[   50.356502]      scan-1141 get_device_data       : No context for object [ffff88040d837848]
[   50.356672]      scan-1141 get_device_data       : No context for object [ffff88040d837870]
[   50.356882]      scan-1141 get_device_data       : No context for object [ffff88040d837898]
[   50.357088]      scan-1141 get_device_data       : No context for object [ffff88040d8378c0]
[   50.357298]      scan-1141 get_device_data       : No context for object [ffff88040d8378e8]
[   50.357484]      scan-1141 get_device_data       : No context for object [ffff88040d839398]
[   50.357693]      scan-1141 get_device_data       : No context for object [ffff88040d81d028]
[   50.357903]      scan-1141 get_device_data       : No context for object [ffff88040d81d168]
[   50.358106]     utils-0051 util_eval_error       : Evaluate [\_PR_.C000._STA]: AE_NOT_FOUND
[   50.358299]      scan-1141 get_device_data       : No context for object [ffff88040d81d028]
[   50.358484] device: 'LNXCPU:00': device_add
[   50.358544] bus: 'acpi': add device LNXCPU:00
[   50.358618]     utils-0051 util_eval_error       : Evaluate [\_PR_.C000._SUN]: AE_NOT_FOUND
[   50.358821]      scan-1933 add_single_object     : Added LNXCPU:00 [\_PR_.C000] parent LNXSYSTM:00
[   50.359021]      scan-1141 get_device_data       : No context for object [ffff88040d83c398]
[   50.359215]      scan-1141 get_device_data       : No context for object [ffff88040d83c3c0]
[   50.359408]      scan-1141 get_device_data       : No context for object [ffff88040d83c3e8]
[   50.359598]      scan-1141 get_device_data       : No context for object [ffff88040d83c410]
[   50.359793]      scan-1141 get_device_data       : No context for object [ffff88040d83c438]
[   50.360003]      scan-1141 get_device_data       : No context for object [ffff88040d83c460]
[   50.360198]      scan-1141 get_device_data       : No context for object [ffff88040d81d190]
[   50.360395]     utils-0051 util_eval_error       : Evaluate [\_PR_.C001._STA]: AE_NOT_FOUND
[   50.360591]      scan-1141 get_device_data       : No context for object [ffff88040d81d028]
[   50.360787] device: 'LNXCPU:01': device_add
[   50.360851] bus: 'acpi': add device LNXCPU:01
[   50.360925]     utils-0051 util_eval_error       : Evaluate [\_PR_.C001._SUN]: AE_NOT_FOUND
[   50.361129]      scan-1933 add_single_object     : Added LNXCPU:01 [\_PR_.C001] parent LNXSYSTM:00
[   50.361328]      scan-1141 get_device_data       : No context for object [ffff88040d83c488]
[   50.361476]      scan-1141 get_device_data       : No context for object [ffff88040d83c4b0]
[   50.361653]      scan-1141 get_device_data       : No context for object [ffff88040d83c4d8]
[   50.361846]      scan-1141 get_device_data       : No context for object [ffff88040d83c500]
[   50.362037]      scan-1141 get_device_data       : No context for object [ffff88040d83c528]
[   50.362233]      scan-1141 get_device_data       : No context for object [ffff88040d83c550]
[   50.362422]      scan-1141 get_device_data       : No context for object [ffff88040d81d1b8]
[   50.362621]     utils-0051 util_eval_error       : Evaluate [\_PR_.C002._STA]: AE_NOT_FOUND
[   50.362819]      scan-1141 get_device_data       : No context for object [ffff88040d81d028]
[   50.363025] device: 'LNXCPU:02': device_add
[   50.363087] bus: 'acpi': add device LNXCPU:02
[   50.363155]     utils-0051 util_eval_error       : Evaluate [\_PR_.C002._SUN]: AE_NOT_FOUND
[   50.363474]      scan-1933 add_single_object     : Added LNXCPU:02 [\_PR_.C002] parent LNXSYSTM:00
[   50.363629]      scan-1141 get_device_data       : No context for object [ffff88040d83c578]
[   50.363807]      scan-1141 get_device_data       : No context for object [ffff88040d83c5a0]
[   50.364005]      scan-1141 get_device_data       : No context for object [ffff88040d83c5c8]
[   50.364202]      scan-1141 get_device_data       : No context for object [ffff88040d83c5f0]
[   50.364401]      scan-1141 get_device_data       : No context for object [ffff88040d83c618]
[   50.364574]      scan-1141 get_device_data       : No context for object [ffff88040d83c640]
[   50.364772]      scan-1141 get_device_data       : No context for object [ffff88040d81d1e0]
[   50.364971]     utils-0051 util_eval_error       : Evaluate [\_PR_.C003._STA]: AE_NOT_FOUND
[   50.365168]      scan-1141 get_device_data       : No context for object [ffff88040d81d028]
[   50.365374] device: 'LNXCPU:03': device_add
[   50.365438] bus: 'acpi': add device LNXCPU:03
[   50.365512]     utils-0051 util_eval_error       : Evaluate [\_PR_.C003._SUN]: AE_NOT_FOUND
[   50.365671]      scan-1933 add_single_object     : Added LNXCPU:03 [\_PR_.C003] parent LNXSYSTM:00
[   50.365848]      scan-1141 get_device_data       : No context for object [ffff88040d83c668]
[   50.366045]      scan-1141 get_device_data       : No context for object [ffff88040d83c690]
[   50.366242]      scan-1141 get_device_data       : No context for object [ffff88040d83c6b8]
[   50.366439]      scan-1141 get_device_data       : No context for object [ffff88040d83c6e0]
[   50.366590]      scan-1141 get_device_data       : No context for object [ffff88040d83c708]
[   50.366669]      scan-1141 get_device_data       : No context for object [ffff88040d83c730]
[   50.366866]      scan-1141 get_device_data       : No context for object [ffff88040d81d050]
[   50.367062]     utils-0051 util_eval_error       : Evaluate [\_SB_._STA]: AE_NOT_FOUND
[   50.367310] device: 'LNXSYBUS:00': device_add
[   50.367418] bus: 'acpi': add device LNXSYBUS:00
[   50.367496]     utils-0051 util_eval_error       : Evaluate [\_SB_._SUN]: AE_NOT_FOUND
[   50.367684]      scan-1933 add_single_object     : Added LNXSYBUS:00 [\_SB_] parent LNXSYSTM:00
[   50.367891]      scan-1141 get_device_data       : No context for object [ffff88040d81d3c0]
[   50.368088]      scan-1141 get_device_data       : No context for object [ffff88040d81d3e8]
[   50.368282]      scan-1141 get_device_data       : No context for object [ffff88040d81d410]
[   50.368460]      scan-1141 get_device_data       : No context for object [ffff88040d81d438]
[   50.368657]      scan-1141 get_device_data       : No context for object [ffff88040d81d460]
[   50.368854]      scan-1141 get_device_data       : No context for object [ffff88040d81d488]
[   50.369051]      scan-1141 get_device_data       : No context for object [ffff88040d81d4b0]
[   50.369248]      scan-1141 get_device_data       : No context for object [ffff88040d81d5a0]
[   50.369434]     utils-0051 util_eval_error       : Evaluate [\_SB_.PWRB._STA]: AE_NOT_FOUND
[   50.369667] device: 'PNP0C0C:00': device_add
[   50.369729] bus: 'acpi': add device PNP0C0C:00
[   50.369805]     utils-0051 util_eval_error       : Evaluate [\_SB_.PWRB._SUN]: AE_NOT_FOUND
[   50.370011]      scan-1933 add_single_object     : Added PNP0C0C:00 [\_SB_.PWRB] parent LNXSYBUS:00
[   50.370220]      scan-1141 get_device_data       : No context for object [ffff88040d81d5c8]
[   50.370418]      scan-1141 get_device_data       : No context for object [ffff88040d81d5f0]
[   50.370614]     utils-0051 util_eval_error       : Evaluate [\_SB_.PCI0._STA]: AE_NOT_FOUND
[   50.370868] device: 'PNP0A08:00': device_add
[   50.372040] bus: 'acpi': add device PNP0A08:00
[   50.372119]     utils-0051 util_eval_error       : Evaluate [\_SB_.PCI0._SUN]: AE_NOT_FOUND
[   50.372328]      scan-1933 add_single_object     : Added PNP0A08:00 [\_SB_.PCI0] parent LNXSYBUS:00
[   50.372515]      scan-1141 get_device_data       : No context for object [ffff88040d81d618]
[   50.372713]      scan-1141 get_device_data       : No context for object [ffff88040d81d640]
[   50.372909]      scan-1141 get_device_data       : No context for object [ffff88040d81d668]
[   50.373103]      scan-1141 get_device_data       : No context for object [ffff88040d81d690]
[   50.373336]      scan-1141 get_device_data       : No context for object [ffff88040d81d6b8]
[   50.373513]      scan-1141 get_device_data       : No context for object [ffff88040d81d6e0]
[   50.373711]      scan-1141 get_device_data       : No context for object [ffff88040d81d708]
[   50.373908]      scan-1141 get_device_data       : No context for object [ffff88040d81d730]
[   50.374106]      scan-1141 get_device_data       : No context for object [ffff88040d81d758]
[   50.374301]      scan-1141 get_device_data       : No context for object [ffff88040d81d780]
[   50.374477]      scan-1141 get_device_data       : No context for object [ffff88040d81d7a8]
[   50.374675]      scan-1141 get_device_data       : No context for object [ffff88040d81d7d0]
[   50.374871]      scan-1141 get_device_data       : No context for object [ffff88040d81d7f8]
[   50.375064]      scan-1141 get_device_data       : No context for object [ffff88040d81d820]
[   50.375259]      scan-1141 get_device_data       : No context for object [ffff88040d81d848]
[   50.375454]      scan-1141 get_device_data       : No context for object [ffff88040d81d870]
[   50.375645]      scan-1141 get_device_data       : No context for object [ffff88040d81d898]
[   50.375839]      scan-1141 get_device_data       : No context for object [ffff88040d81d8c0]
[   50.376032]      scan-1141 get_device_data       : No context for object [ffff88040d81d8e8]
[   50.376228]      scan-1141 get_device_data       : No context for object [ffff88040d81d910]
[   50.376422]      scan-1141 get_device_data       : No context for object [ffff88040d81d938]
[   50.376668]      scan-1141 get_device_data       : No context for object [ffff88040d81d960]
[   50.376857]      scan-1141 get_device_data       : No context for object [ffff88040d81d988]
[   50.377051]      scan-1141 get_device_data       : No context for object [ffff88040d81d9b0]
[   50.377245]      scan-1141 get_device_data       : No context for object [ffff88040d81d9d8]
[   50.377439]      scan-1141 get_device_data       : No context for object [ffff88040d81da00]
[   50.377588]      scan-1141 get_device_data       : No context for object [ffff88040d81da28]
[   50.377764]      scan-1141 get_device_data       : No context for object [ffff88040d81da50]
[   50.377960]      scan-1141 get_device_data       : No context for object [ffff88040d81da78]
[   50.378151]      scan-1141 get_device_data       : No context for object [ffff88040d81daa0]
[   50.378345]      scan-1141 get_device_data       : No context for object [ffff88040d81dac8]
[   50.378531]      scan-1141 get_device_data       : No context for object [ffff88040d81daf0]
[   50.378725]      scan-1141 get_device_data       : No context for object [ffff88040d81db18]
[   50.378920]      scan-1141 get_device_data       : No context for object [ffff88040d81db40]
[   50.379117]      scan-1141 get_device_data       : No context for object [ffff88040d81db68]
[   50.379311]      scan-1141 get_device_data       : No context for object [ffff88040d81db90]
[   50.379510]      scan-1141 get_device_data       : No context for object [ffff88040d81dbb8]
[   50.379707]      scan-1141 get_device_data       : No context for object [ffff88040d81dbe0]
[   50.379904]      scan-1141 get_device_data       : No context for object [ffff88040d81dc08]
[   50.380002]      scan-1141 get_device_data       : No context for object [ffff88040d81dc30]
[   50.380200]      scan-1141 get_device_data       : No context for object [ffff88040d81dc58]
[   50.380395]      scan-1141 get_device_data       : No context for object [ffff88040d81dc80]
[   50.380571]      scan-1141 get_device_data       : No context for object [ffff88040d81dca8]
[   50.380769]      scan-1141 get_device_data       : No context for object [ffff88040d81dcd0]
[   50.380966]      scan-1141 get_device_data       : No context for object [ffff88040d81dcf8]
[   50.381163]      scan-1141 get_device_data       : No context for object [ffff88040d81dd20]
[   50.381361]      scan-1141 get_device_data       : No context for object [ffff88040d81dd48]
[   50.381512]      scan-1141 get_device_data       : No context for object [ffff88040d81dd70]
[   50.381687]      scan-1141 get_device_data       : No context for object [ffff88040d81dd98]
[   50.381885]      scan-1141 get_device_data       : No context for object [ffff88040d81ddc0]
[   50.382082]      scan-1141 get_device_data       : No context for object [ffff88040d81dde8]
[   50.382279]      scan-1141 get_device_data       : No context for object [ffff88040d81de10]
[   50.382456]      scan-1141 get_device_data       : No context for object [ffff88040d81de38]
[   50.382653]      scan-1141 get_device_data       : No context for object [ffff88040d81de60]
[   50.382850]      scan-1141 get_device_data       : No context for object [ffff88040d81de88]
[   50.383047]      scan-1141 get_device_data       : No context for object [ffff88040d81deb0]
[   50.383335]      scan-1141 get_device_data       : No context for object [ffff88040d81ded8]
[   50.383520]      scan-1141 get_device_data       : No context for object [ffff88040d81df00]
[   50.383718]      scan-1141 get_device_data       : No context for object [ffff88040d81df28]
[   50.383915]      scan-1141 get_device_data       : No context for object [ffff88040d81df50]
[   50.384112]      scan-1141 get_device_data       : No context for object [ffff88040d81df78]
[   50.384306]      scan-1141 get_device_data       : No context for object [ffff88040d81dfa0]
[   50.384504]      scan-1141 get_device_data       : No context for object [ffff88040d81dfc8]
[   50.384701]      scan-1141 get_device_data       : No context for object [ffff88040d822000]
[   50.384899]      scan-1141 get_device_data       : No context for object [ffff88040d822028]
[   50.385098]     utils-0051 util_eval_error       : Evaluate [\_SB_.PCI0.MEMR._STA]: AE_NOT_FOUND
[   50.385316] device: 'PNP0C02:00': device_add
[   50.385375] bus: 'acpi': add device PNP0C02:00
[   50.385443]     utils-0051 util_eval_error       : Evaluate [\_SB_.PCI0.MEMR._SUN]: AE_NOT_FOUND
[   50.385604]      scan-1933 add_single_object     : Added PNP0C02:00 [\_SB_.PCI0.MEMR] parent PNP0A08:00
[   50.385788]      scan-1141 get_device_data       : No context for object [ffff88040d822050]
[   50.385985]      scan-1141 get_device_data       : No context for object [ffff88040d822078]
[   50.386182]      scan-1141 get_device_data       : No context for object [ffff88040d8220a0]
[   50.386380]      scan-1141 get_device_data       : No context for object [ffff88040d8220c8]
[   50.386557]      scan-1141 get_device_data       : No context for object [ffff88040d8220f0]
[   50.386670]      scan-1141 get_device_data       : No context for object [ffff88040d822118]
[   50.386867]      scan-1141 get_device_data       : No context for object [ffff88040d822140]
[   50.387064]      scan-1141 get_device_data       : No context for object [ffff88040d822168]
[   50.387262]      scan-1141 get_device_data       : No context for object [ffff88040d822190]
[   50.387439]      scan-1141 get_device_data       : No context for object [ffff88040d8221b8]
[   50.387636]      scan-1141 get_device_data       : No context for object [ffff88040d8221e0]
[   50.387831]      scan-1141 get_device_data       : No context for object [ffff88040d822208]
[   50.388029]      scan-1141 get_device_data       : No context for object [ffff88040d822230]
[   50.388226]      scan-1141 get_device_data       : No context for object [ffff88040d822258]
[   50.388423]      scan-1141 get_device_data       : No context for object [ffff88040d822280]
[   50.388620]      scan-1141 get_device_data       : No context for object [ffff88040d8222a8]
[   50.388820]     utils-0051 util_eval_error       : Evaluate [\_SB_.PCI0.PB2_._STA]: AE_NOT_FOUND
[   50.389054] device: 'device:00': device_add
[   50.389117] bus: 'acpi': add device device:00
[   50.389192]     utils-0051 util_eval_error       : Evaluate [\_SB_.PCI0.PB2_._SUN]: AE_NOT_FOUND
[   50.390011]      scan-1933 add_single_object     : Added device:00 [\_SB_.PCI0.PB2_] parent PNP0A08:00
[   50.390214]      scan-1141 get_device_data       : No context for object [ffff88040d8222d0]
[   50.390412]      scan-1141 get_device_data       : No context for object [ffff88040d8222f8]
[   50.390610]      scan-1141 get_device_data       : No context for object [ffff88040d822320]
[   50.390807]      scan-1141 get_device_data       : No context for object [ffff88040d822348]
[   50.391005]      scan-1141 get_device_data       : No context for object [ffff88040d822370]
[   50.391197]      scan-1141 get_device_data       : No context for object [ffff88040d822398]
[   50.391392]      scan-1141 get_device_data       : No context for object [ffff88040d8223c0]
[   50.391587]      scan-1141 get_device_data       : No context for object [ffff88040d8223e8]
[   50.391782]      scan-1141 get_device_data       : No context for object [ffff88040d822410]
[   50.391976]      scan-1141 get_device_data       : No context for object [ffff88040d822438]
[   50.392126]      scan-1141 get_device_data       : No context for object [ffff88040d822460]
[   50.392298]      scan-1141 get_device_data       : No context for object [ffff88040d822488]
[   50.392492]      scan-1141 get_device_data       : No context for object [ffff88040d8224b0]
[   50.392686]      scan-1141 get_device_data       : No context for object [ffff88040d8224d8]
[   50.393336]      scan-1141 get_device_data       : No context for object [ffff88040d822500]
[   50.393513]      scan-1141 get_device_data       : No context for object [ffff88040d822528]
[   50.393708]      scan-1141 get_device_data       : No context for object [ffff88040d822550]
[   50.393902]      scan-1141 get_device_data       : No context for object [ffff88040d822578]
[   50.394092]      scan-1141 get_device_data       : No context for object [ffff88040d8225a0]
[   50.394286]      scan-1141 get_device_data       : No context for object [ffff88040d8225c8]
[   50.394480]      scan-1141 get_device_data       : No context for object [ffff88040d8225f0]
[   50.394674]      scan-1141 get_device_data       : No context for object [ffff88040d822618]
[   50.394869]      scan-1141 get_device_data       : No context for object [ffff88040d822640]
[   50.395062]      scan-1141 get_device_data       : No context for object [ffff88040d822668]
[   50.395252]      scan-1141 get_device_data       : No context for object [ffff88040d822690]
[   50.395447]      scan-1141 get_device_data       : No context for object [ffff88040d8226b8]
[   50.395624]      scan-1141 get_device_data       : No context for object [ffff88040d8226e0]
[   50.395822]      scan-1141 get_device_data       : No context for object [ffff88040d822708]
[   50.396019]      scan-1141 get_device_data       : No context for object [ffff88040d822730]
[   50.396217]      scan-1141 get_device_data       : No context for object [ffff88040d822758]
[   50.396413]      scan-1141 get_device_data       : No context for object [ffff88040d822780]
[   50.396565]     utils-0051 util_eval_error       : Evaluate [\_SB_.PCI0.PB2_.VGA_._STA]: AE_NOT_FOUND
[   50.396819] device: 'device:01': device_add
[   50.396928] bus: 'acpi': add device device:01
[   50.397003]     utils-0051 util_eval_error       : Evaluate [\_SB_.PCI0.PB2_.VGA_._SUN]: AE_NOT_FOUND
[   50.397211]      scan-1933 add_single_object     : Added device:01 [\_SB_.PCI0.PB2_.VGA_] parent device:00
[   50.397414]      scan-1141 get_device_data       : No context for object [ffff88040d8227a8]
[   50.397590]      scan-1141 get_device_data       : No context for object [ffff88040d8227d0]
[   50.397785]      scan-1141 get_device_data       : No context for object [ffff88040d8227f8]
[   50.397982]      scan-1141 get_device_data       : No context for object [ffff88040d822820]
[   50.398180]      scan-1141 get_device_data       : No context for object [ffff88040d822848]
[   50.398377]      scan-1141 get_device_data       : No context for object [ffff88040d822870]
[   50.398554]      scan-1141 get_device_data       : No context for object [ffff88040d822898]
[   50.398753]      scan-1141 get_device_data       : No context for object [ffff88040d8228c0]
[   50.398948]      scan-1141 get_device_data       : No context for object [ffff88040d8228e8]
[   50.399145]      scan-1141 get_device_data       : No context for object [ffff88040d822910]
[   50.399343]      scan-1141 get_device_data       : No context for object [ffff88040d822938]
[   50.399520]      scan-1141 get_device_data       : No context for object [ffff88040d822960]
[   50.399717]      scan-1141 get_device_data       : No context for object [ffff88040d822988]
[   50.399914]      scan-1141 get_device_data       : No context for object [ffff88040d8229b0]
[   50.400128]      scan-1141 get_device_data       : No context for object [ffff88040d8229d8]
[   50.400324]      scan-1141 get_device_data       : No context for object [ffff88040d822a00]
[   50.400521]      scan-1141 get_device_data       : No context for object [ffff88040d822a28]
[   50.400719]      scan-1141 get_device_data       : No context for object [ffff88040d822a50]
[   50.400916]      scan-1141 get_device_data       : No context for object [ffff88040d822a78]
[   50.401114]      scan-1141 get_device_data       : No context for object [ffff88040d822aa0]
[   50.401311]      scan-1141 get_device_data       : No context for object [ffff88040d822ac8]
[   50.401505]      scan-1141 get_device_data       : No context for object [ffff88040d822af0]
[   50.401703]      scan-1141 get_device_data       : No context for object [ffff88040d822b18]
[   50.401900]      scan-1141 get_device_data       : No context for object [ffff88040d822b40]
[   50.402097]      scan-1141 get_device_data       : No context for object [ffff88040d822b68]
[   50.402294]      scan-1141 get_device_data       : No context for object [ffff88040d822b90]
[   50.402490]      scan-1141 get_device_data       : No context for object [ffff88040d822bb8]
[   50.402665]      scan-1141 get_device_data       : No context for object [ffff88040d822be0]
[   50.402863]      scan-1141 get_device_data       : No context for object [ffff88040d822c08]
[   50.403060]      scan-1141 get_device_data       : No context for object [ffff88040d822c30]
[   50.403258]      scan-1141 get_device_data       : No context for object [ffff88040d822c58]
[   50.403335]      scan-1141 get_device_data       : No context for object [ffff88040d822c80]
[   50.403486]      scan-1141 get_device_data       : No context for object [ffff88040d822ca8]
[   50.403662]      scan-1141 get_device_data       : No context for object [ffff88040d822cd0]
[   50.403858]      scan-1141 get_device_data       : No context for object [ffff88040d822cf8]
[   50.404055]      scan-1141 get_device_data       : No context for object [ffff88040d822d20]
[   50.404252]      scan-1141 get_device_data       : No context for object [ffff88040d822d48]
[   50.404429]      scan-1141 get_device_data       : No context for object [ffff88040d822d70]
[   50.404627]      scan-1141 get_device_data       : No context for object [ffff88040d822d98]
[   50.404824]      scan-1141 get_device_data       : No context for object [ffff88040d837438]
[   50.405017]      scan-1141 get_device_data       : No context for object [ffff88040d822dc0]
[   50.405216]     utils-0051 util_eval_error       : Evaluate [\_SB_.PCI0.PB2_.HDAU._STA]: AE_NOT_FOUND
[   50.405446] device: 'device:02': device_add
[   50.405512] bus: 'acpi': add device device:02
[   50.405586]     utils-0051 util_eval_error       : Evaluate [\_SB_.PCI0.PB2_.HDAU._SUN]: AE_NOT_FOUND
[   50.405792]      scan-1933 add_single_object     : Added device:02 [\_SB_.PCI0.PB2_.HDAU] parent device:00
[   50.405995]      scan-1141 get_device_data       : No context for object [ffff88040d822de8]
[   50.406190]      scan-1141 get_device_data       : No context for object [ffff88040d822e10]
[   50.406389]      scan-1141 get_device_data       : No context for object [ffff88040d822e38]
[   50.406669]      scan-1141 get_device_data       : No context for object [ffff88040d822e60]
[   50.406867]      scan-1141 get_device_data       : No context for object [ffff88040d822e88]
[   50.407064]      scan-1141 get_device_data       : No context for object [ffff88040d822eb0]
[   50.407262]      scan-1141 get_device_data       : No context for object [ffff88040d822ed8]
[   50.407459]     utils-0051 util_eval_error       : Evaluate [\_SB_.PCI0.PB3_._STA]: AE_NOT_FOUND
[   50.407732] device: 'device:03': device_add
[   50.408801] bus: 'acpi': add device device:03
[   50.408875]     utils-0051 util_eval_error       : Evaluate [\_SB_.PCI0.PB3_._SUN]: AE_NOT_FOUND
[   50.409080]      scan-1933 add_single_object     : Added device:03 [\_SB_.PCI0.PB3_] parent PNP0A08:00
[   50.409281]      scan-1141 get_device_data       : No context for object [ffff88040d822f00]
[   50.409476]      scan-1141 get_device_data       : No context for object [ffff88040d822f28]
[   50.409670]      scan-1141 get_device_data       : No context for object [ffff88040d822f50]
[   50.409863]      scan-1141 get_device_data       : No context for object [ffff88040d822f78]
[   50.410002]      scan-1141 get_device_data       : No context for object [ffff88040d822fa0]
[   50.410197]      scan-1141 get_device_data       : No context for object [ffff88040d822fc8]
[   50.410392]      scan-1141 get_device_data       : No context for object [ffff88040d823000]
[   50.410571]      scan-1141 get_device_data       : No context for object [ffff88040d823028]
[   50.410767]      scan-1141 get_device_data       : No context for object [ffff88040d823050]
[   50.410963]      scan-1141 get_device_data       : No context for object [ffff88040d823078]
[   50.411151]      scan-1141 get_device_data       : No context for object [ffff88040d8230a0]
[   50.411346]      scan-1141 get_device_data       : No context for object [ffff88040d8230c8]
[   50.411495]      scan-1141 get_device_data       : No context for object [ffff88040d8230f0]
[   50.411671]      scan-1141 get_device_data       : No context for object [ffff88040d823118]
[   50.411866]      scan-1141 get_device_data       : No context for object [ffff88040d823140]
[   50.412060]      scan-1141 get_device_data       : No context for object [ffff88040d823168]
[   50.412254]      scan-1141 get_device_data       : No context for object [ffff88040d823190]
[   50.412439]      scan-1141 get_device_data       : No context for object [ffff88040d8231b8]
[   50.412637]      scan-1141 get_device_data       : No context for object [ffff88040d8231e0]
[   50.412834]      scan-1141 get_device_data       : No context for object [ffff88040d823208]
[   50.413032]      scan-1141 get_device_data       : No context for object [ffff88040d823230]
[   50.413230]      scan-1141 get_device_data       : No context for object [ffff88040d823258]
[   50.413497]      scan-1141 get_device_data       : No context for object [ffff88040d823280]
[   50.413642]      scan-1141 get_device_data       : No context for object [ffff88040d8232a8]
[   50.413841]      scan-1141 get_device_data       : No context for object [ffff88040d8232d0]
[   50.414038]      scan-1141 get_device_data       : No context for object [ffff88040d8232f8]
[   50.414235]      scan-1141 get_device_data       : No context for object [ffff88040d823320]
[   50.414432]      scan-1141 get_device_data       : No context for object [ffff88040d823348]
[   50.414582]      scan-1141 get_device_data       : No context for object [ffff88040d823370]
[   50.414758]      scan-1141 get_device_data       : No context for object [ffff88040d823398]
[   50.414953]      scan-1141 get_device_data       : No context for object [ffff88040d8233c0]
[   50.415152]     utils-0051 util_eval_error       : Evaluate [\_SB_.PCI0.PB3_.VGA_._STA]: AE_NOT_FOUND
[   50.415381]     video-0058 backlight_cap_match   : Found generic backlight support
[   50.415570] device: 'LNXVIDEO:00': device_add
[   50.415632] bus: 'acpi': add device LNXVIDEO:00
[   50.415712]     utils-0051 util_eval_error       : Evaluate [\_SB_.PCI0.PB3_.VGA_._SUN]: AE_NOT_FOUND
[   50.415919]      scan-1933 add_single_object     : Added LNXVIDEO:00 [\_SB_.PCI0.PB3_.VGA_] parent device:03
[   50.416121]      scan-1141 get_device_data       : No context for object [ffff88040d8233e8]
[   50.416319]      scan-1141 get_device_data       : No context for object [ffff88040d823410]
[   50.416508]      scan-1141 get_device_data       : No context for object [ffff88040d823438]
[   50.416669]      scan-1141 get_device_data       : No context for object [ffff88040d823460]
[   50.416867]      scan-1141 get_device_data       : No context for object [ffff88040d823488]
[   50.417064]      scan-1141 get_device_data       : No context for object [ffff88040d8234b0]
[   50.417259]      scan-1141 get_device_data       : No context for object [ffff88040d8234d8]
[   50.417456]      scan-1141 get_device_data       : No context for object [ffff88040d823500]
[   50.417654]      scan-1141 get_device_data       : No context for object [ffff88040d823528]
[   50.417852]      scan-1141 get_device_data       : No context for object [ffff88040d823550]
[   50.418049]      scan-1141 get_device_data       : No context for object [ffff88040d823578]
[   50.418246]      scan-1141 get_device_data       : No context for object [ffff88040d8235a0]
[   50.418442]      scan-1141 get_device_data       : No context for object [ffff88040d8235c8]
[   50.418637]      scan-1141 get_device_data       : No context for object [ffff88040d8235f0]
[   50.418834]      scan-1141 get_device_data       : No context for object [ffff88040d823618]
[   50.419032]      scan-1141 get_device_data       : No context for object [ffff88040d823640]
[   50.419229]      scan-1141 get_device_data       : No context for object [ffff88040d823668]
[   50.419427]      scan-1141 get_device_data       : No context for object [ffff88040d823690]
[   50.419603]      scan-1141 get_device_data       : No context for object [ffff88040d8236b8]
[   50.419796]      scan-1141 get_device_data       : No context for object [ffff88040d8236e0]
[   50.420002]      scan-1141 get_device_data       : No context for object [ffff88040d823708]
[   50.420200]      scan-1141 get_device_data       : No context for object [ffff88040d823730]
[   50.420397]      scan-1141 get_device_data       : No context for object [ffff88040d823758]
[   50.420549]      scan-1141 get_device_data       : No context for object [ffff88040d823780]
[   50.420726]      scan-1141 get_device_data       : No context for object [ffff88040d8237a8]
[   50.420922]      scan-1141 get_device_data       : No context for object [ffff88040d8237d0]
[   50.421117]      scan-1141 get_device_data       : No context for object [ffff88040d8237f8]
[   50.421314]      scan-1141 get_device_data       : No context for object [ffff88040d823820]
[   50.421491]      scan-1141 get_device_data       : No context for object [ffff88040d823848]
[   50.421689]      scan-1141 get_device_data       : No context for object [ffff88040d823870]
[   50.421886]      scan-1141 get_device_data       : No context for object [ffff88040d823898]
[   50.422083]      scan-1141 get_device_data       : No context for object [ffff88040d8238c0]
[   50.422276]      scan-1141 get_device_data       : No context for object [ffff88040d8238e8]
[   50.422475]      scan-1141 get_device_data       : No context for object [ffff88040d823910]
[   50.422673]      scan-1141 get_device_data       : No context for object [ffff88040d823938]
[   50.422870]      scan-1141 get_device_data       : No context for object [ffff88040d823960]
[   50.423067]      scan-1141 get_device_data       : No context for object [ffff88040d823988]
[   50.423263]      scan-1141 get_device_data       : No context for object [ffff88040d8239b0]
[   50.423494]      scan-1141 get_device_data       : No context for object [ffff88040d8239d8]
[   50.423692]      scan-1141 get_device_data       : No context for object [ffff88040d837460]
[   50.423889]      scan-1141 get_device_data       : No context for object [ffff88040d83ac08]
[   50.424087]      scan-1141 get_device_data       : No context for object [ffff88040d83ac30]
[   50.424284]      scan-1141 get_device_data       : No context for object [ffff88040d83ac58]
[   50.424483]     utils-0051 util_eval_error       : Evaluate [\_SB_.PCI0.PB3_.VGA_.CRT_._STA]: AE_NOT_FOUND
[   50.424686] device: 'device:04': device_add
[   50.424749] bus: 'acpi': add device device:04
[   50.424823]     utils-0051 util_eval_error       : Evaluate [\_SB_.PCI0.PB3_.VGA_.CRT_._SUN]: AE_NOT_FOUND
[   50.425029]      scan-1933 add_single_object     : Added device:04 [\_SB_.PCI0.PB3_.VGA_.CRT_] parent LNXVIDEO:00
[   50.425228]      scan-1141 get_device_data       : No context for object [ffff88040d83ac80]
[   50.425422]      scan-1141 get_device_data       : No context for object [ffff88040d83aca8]
[   50.425571]      scan-1141 get_device_data       : No context for object [ffff88040d83acd0]
[   50.425748]      scan-1141 get_device_data       : No context for object [ffff88040d83acf8]
[   50.425939]      scan-1141 get_device_data       : No context for object [ffff88040d83ad20]
[   50.426669]     utils-0051 util_eval_error       : Evaluate [\_SB_.PCI0.PB3_.VGA_.LCD_._STA]: AE_NOT_FOUND
[   50.426907] device: 'device:05': device_add
[   50.427015] bus: 'acpi': add device device:05
[   50.427088]     utils-0051 util_eval_error       : Evaluate [\_SB_.PCI0.PB3_.VGA_.LCD_._SUN]: AE_NOT_FOUND
[   50.427275]      scan-1933 add_single_object     : Added device:05 [\_SB_.PCI0.PB3_.VGA_.LCD_] parent LNXVIDEO:00
[   50.427476]      scan-1141 get_device_data       : No context for object [ffff88040d83ad48]
[   50.427671]      scan-1141 get_device_data       : No context for object [ffff88040d83ad70]
[   50.427866]      scan-1141 get_device_data       : No context for object [ffff88040d83ad98]
[   50.428056]      scan-1141 get_device_data       : No context for object [ffff88040d83adc0]
[   50.428204]      scan-1141 get_device_data       : No context for object [ffff88040d83ade8]
[   50.428380]      scan-1141 get_device_data       : No context for object [ffff88040d83ae10]
[   50.428575]      scan-1141 get_device_data       : No context for object [ffff88040d83ae38]
[   50.428771]      scan-1141 get_device_data       : No context for object [ffff88040d83ae60]
[   50.428969]     utils-0051 util_eval_error       : Evaluate [\_SB_.PCI0.PB3_.VGA_.TV0_._STA]: AE_NOT_FOUND
[   50.429166] device: 'device:06': device_add
[   50.429225] bus: 'acpi': add device device:06
[   50.429303]     utils-0051 util_eval_error       : Evaluate [\_SB_.PCI0.PB3_.VGA_.TV0_._SUN]: AE_NOT_FOUND
[   50.430004]      scan-1933 add_single_object     : Added device:06 [\_SB_.PCI0.PB3_.VGA_.TV0_] parent LNXVIDEO:00
[   50.430006]      scan-1141 get_device_data       : No context for object [ffff88040d83ae88]
[   50.430203]      scan-1141 get_device_data       : No context for object [ffff88040d83aeb0]
[   50.430401]      scan-1141 get_device_data       : No context for object [ffff88040d83aed8]
[   50.430598]      scan-1141 get_device_data       : No context for object [ffff88040d83af00]
[   50.430791]      scan-1141 get_device_data       : No context for object [ffff88040d83af28]
[   50.430989]     utils-0051 util_eval_error       : Evaluate [\_SB_.PCI0.PB3_.VGA_.HDMI._STA]: AE_NOT_FOUND
[   50.431231] device: 'device:07': device_add
[   50.431341] bus: 'acpi': add device device:07
[   50.431419]     utils-0051 util_eval_error       : Evaluate [\_SB_.PCI0.PB3_.VGA_.HDMI._SUN]: AE_NOT_FOUND
[   50.431606]      scan-1933 add_single_object     : Added device:07 [\_SB_.PCI0.PB3_.VGA_.HDMI] parent LNXVIDEO:00
[   50.431808]      scan-1141 get_device_data       : No context for object [ffff88040d83af50]
[   50.432001]      scan-1141 get_device_data       : No context for object [ffff88040d83af78]
[   50.432198]      scan-1141 get_device_data       : No context for object [ffff88040d83afa0]
[   50.432395]      scan-1141 get_device_data       : No context for object [ffff88040d83afc8]
[   50.432593]      scan-1141 get_device_data       : No context for object [ffff88040d823a00]
[   50.432791]     utils-0051 util_eval_error       : Evaluate [\_SB_.PCI0.PB3_.HDAU._STA]: AE_NOT_FOUND
[   50.433016] device: 'device:08': device_add
[   50.433075] bus: 'acpi': add device device:08
[   50.433141]     utils-0051 util_eval_error       : Evaluate [\_SB_.PCI0.PB3_.HDAU._SUN]: AE_NOT_FOUND
[   50.433473]      scan-1933 add_single_object     : Added device:08 [\_SB_.PCI0.PB3_.HDAU] parent device:03
[   50.433628]      scan-1141 get_device_data       : No context for object [ffff88040d823a28]
[   50.433806]      scan-1141 get_device_data       : No context for object [ffff88040d823a50]
[   50.434004]      scan-1141 get_device_data       : No context for object [ffff88040d823a78]
[   50.434201]      scan-1141 get_device_data       : No context for object [ffff88040d823aa0]
[   50.434398]      scan-1141 get_device_data       : No context for object [ffff88040d823ac8]
[   50.434572]      scan-1141 get_device_data       : No context for object [ffff88040d823af0]
[   50.434770]      scan-1141 get_device_data       : No context for object [ffff88040d823b18]
[   50.434969]     utils-0051 util_eval_error       : Evaluate [\_SB_.PCI0.PB4_._STA]: AE_NOT_FOUND
[   50.435264] device: 'device:09': device_add
[   50.435327] bus: 'acpi': add device device:09
[   50.435405]     utils-0051 util_eval_error       : Evaluate [\_SB_.PCI0.PB4_._SUN]: AE_NOT_FOUND
[   50.435589]      scan-1933 add_single_object     : Added device:09 [\_SB_.PCI0.PB4_] parent PNP0A08:00
[   50.435788]      scan-1141 get_device_data       : No context for object [ffff88040d823b40]
[   50.435985]      scan-1141 get_device_data       : No context for object [ffff88040d823b68]
[   50.436183]      scan-1141 get_device_data       : No context for object [ffff88040d823b90]
[   50.436380]      scan-1141 get_device_data       : No context for object [ffff88040d823bb8]
[   50.436557]      scan-1141 get_device_data       : No context for object [ffff88040d823be0]
[   50.436669]      scan-1141 get_device_data       : No context for object [ffff88040d823c08]
[   50.436865]      scan-1141 get_device_data       : No context for object [ffff88040d823c30]
[   50.437061]      scan-1141 get_device_data       : No context for object [ffff88040d823c58]
[   50.437259]      scan-1141 get_device_data       : No context for object [ffff88040d823c80]
[   50.437451]      scan-1141 get_device_data       : No context for object [ffff88040d823ca8]
[   50.437649]      scan-1141 get_device_data       : No context for object [ffff88040d823cd0]
[   50.437846]      scan-1141 get_device_data       : No context for object [ffff88040d823cf8]
[   50.438042]      scan-1141 get_device_data       : No context for object [ffff88040d823d20]
[   50.438237]      scan-1141 get_device_data       : No context for object [ffff88040d823d48]
[   50.438434]      scan-1141 get_device_data       : No context for object [ffff88040d823d70]
[   50.438632]      scan-1141 get_device_data       : No context for object [ffff88040d823d98]
[   50.438830]      scan-1141 get_device_data       : No context for object [ffff88040d823dc0]
[   50.439027]      scan-1141 get_device_data       : No context for object [ffff88040d823de8]
[   50.439224]      scan-1141 get_device_data       : No context for object [ffff88040d823e10]
[   50.439417]      scan-1141 get_device_data       : No context for object [ffff88040d823e38]
[   50.439594]      scan-1141 get_device_data       : No context for object [ffff88040d823e60]
[   50.439792]      scan-1141 get_device_data       : No context for object [ffff88040d823e88]
[   50.440002]      scan-1141 get_device_data       : No context for object [ffff88040d823eb0]
[   50.440200]      scan-1141 get_device_data       : No context for object [ffff88040d823ed8]
[   50.440398]      scan-1141 get_device_data       : No context for object [ffff88040d823f00]
[   50.440545]      scan-1141 get_device_data       : No context for object [ffff88040d823f28]
[   50.440722]      scan-1141 get_device_data       : No context for object [ffff88040d823f50]
[   50.440918]      scan-1141 get_device_data       : No context for object [ffff88040d823f78]
[   50.441116]      scan-1141 get_device_data       : No context for object [ffff88040d823fa0]
[   50.441313]      scan-1141 get_device_data       : No context for object [ffff88040d823fc8]
[   50.441491]      scan-1141 get_device_data       : No context for object [ffff88040d825000]
[   50.441685]     utils-0051 util_eval_error       : Evaluate [\_SB_.PCI0.PB4_.XPDV._STA]: AE_NOT_FOUND
[   50.441911] device: 'device:0a': device_add
[   50.441973] bus: 'acpi': add device device:0a
[   50.442047]     utils-0051 util_eval_error       : Evaluate [\_SB_.PCI0.PB4_.XPDV._SUN]: AE_NOT_FOUND
[   50.442254]      scan-1933 add_single_object     : Added device:0a [\_SB_.PCI0.PB4_.XPDV] parent device:09
[   50.442454]      scan-1141 get_device_data       : No context for object [ffff88040d825028]
[   50.442647]      scan-1141 get_device_data       : No context for object [ffff88040d825050]
[   50.442843]      scan-1141 get_device_data       : No context for object [ffff88040d825078]
[   50.443034]      scan-1141 get_device_data       : No context for object [ffff88040d8250a0]
[   50.443229]      scan-1141 get_device_data       : No context for object [ffff88040d8250c8]
[   50.443495]      scan-1141 get_device_data       : No context for object [ffff88040d837500]
[   50.443672]      scan-1141 get_device_data       : No context for object [ffff88040d8250f0]
[   50.443866]      scan-1141 get_device_data       : No context for object [ffff88040d825118]
[   50.444062]     utils-0051 util_eval_error       : Evaluate [\_SB_.PCI0.PB5_._STA]: AE_NOT_FOUND
[   50.444288] device: 'device:0b': device_add
[   50.445319] bus: 'acpi': add device device:0b
[   50.445390]     utils-0051 util_eval_error       : Evaluate [\_SB_.PCI0.PB5_._SUN]: AE_NOT_FOUND
[   50.445569]      scan-1933 add_single_object     : Added device:0b [\_SB_.PCI0.PB5_] parent PNP0A08:00
[   50.445768]      scan-1141 get_device_data       : No context for object [ffff88040d825140]
[   50.445962]      scan-1141 get_device_data       : No context for object [ffff88040d825168]
[   50.446160]      scan-1141 get_device_data       : No context for object [ffff88040d825190]
[   50.446358]      scan-1141 get_device_data       : No context for object [ffff88040d8251b8]
[   50.446535]      scan-1141 get_device_data       : No context for object [ffff88040d8251e0]
[   50.446668]      scan-1141 get_device_data       : No context for object [ffff88040d825208]
[   50.446865]      scan-1141 get_device_data       : No context for object [ffff88040d825230]
[   50.447062]      scan-1141 get_device_data       : No context for object [ffff88040d825258]
[   50.447260]      scan-1141 get_device_data       : No context for object [ffff88040d825280]
[   50.447457]      scan-1141 get_device_data       : No context for object [ffff88040d8252a8]
[   50.447654]      scan-1141 get_device_data       : No context for object [ffff88040d8252d0]
[   50.447852]      scan-1141 get_device_data       : No context for object [ffff88040d8252f8]
[   50.448046]      scan-1141 get_device_data       : No context for object [ffff88040d825320]
[   50.448244]      scan-1141 get_device_data       : No context for object [ffff88040d825348]
[   50.448442]      scan-1141 get_device_data       : No context for object [ffff88040d825370]
[   50.448641]      scan-1141 get_device_data       : No context for object [ffff88040d825398]
[   50.448838]      scan-1141 get_device_data       : No context for object [ffff88040d8253c0]
[   50.449035]      scan-1141 get_device_data       : No context for object [ffff88040d8253e8]
[   50.449228]      scan-1141 get_device_data       : No context for object [ffff88040d825410]
[   50.449426]      scan-1141 get_device_data       : No context for object [ffff88040d825438]
[   50.449603]      scan-1141 get_device_data       : No context for object [ffff88040d825460]
[   50.449800]      scan-1141 get_device_data       : No context for object [ffff88040d825488]
[   50.450002]      scan-1141 get_device_data       : No context for object [ffff88040d8254b0]
[   50.450200]      scan-1141 get_device_data       : No context for object [ffff88040d8254d8]
[   50.450394]      scan-1141 get_device_data       : No context for object [ffff88040d825500]
[   50.450546]      scan-1141 get_device_data       : No context for object [ffff88040d825528]
[   50.450722]      scan-1141 get_device_data       : No context for object [ffff88040d825550]
[   50.450919]      scan-1141 get_device_data       : No context for object [ffff88040d825578]
[   50.451117]      scan-1141 get_device_data       : No context for object [ffff88040d8255a0]
[   50.451314]      scan-1141 get_device_data       : No context for object [ffff88040d8255c8]
[   50.451491]      scan-1141 get_device_data       : No context for object [ffff88040d8255f0]
[   50.451684]     utils-0051 util_eval_error       : Evaluate [\_SB_.PCI0.PB5_.XPDV._STA]: AE_NOT_FOUND
[   50.451918] device: 'device:0c': device_add
[   50.451981] bus: 'acpi': add device device:0c
[   50.452059]     utils-0051 util_eval_error       : Evaluate [\_SB_.PCI0.PB5_.XPDV._SUN]: AE_NOT_FOUND
[   50.452265]      scan-1933 add_single_object     : Added device:0c [\_SB_.PCI0.PB5_.XPDV] parent device:0b
[   50.452467]      scan-1141 get_device_data       : No context for object [ffff88040d825618]
[   50.452665]      scan-1141 get_device_data       : No context for object [ffff88040d825640]
[   50.452859]      scan-1141 get_device_data       : No context for object [ffff88040d825668]
[   50.453057]      scan-1141 get_device_data       : No context for object [ffff88040d825690]
[   50.453255]      scan-1141 get_device_data       : No context for object [ffff88040d8256b8]
[   50.453498]      scan-1141 get_device_data       : No context for object [ffff88040d837528]
[   50.453649]      scan-1141 get_device_data       : No context for object [ffff88040d8256e0]
[   50.453847]      scan-1141 get_device_data       : No context for object [ffff88040d825708]
[   50.454046]     utils-0051 util_eval_error       : Evaluate [\_SB_.PCI0.PB6_._STA]: AE_NOT_FOUND
[   50.454337] device: 'device:0d': device_add
[   50.454400] bus: 'acpi': add device device:0d
[   50.454475]     utils-0051 util_eval_error       : Evaluate [\_SB_.PCI0.PB6_._SUN]: AE_NOT_FOUND
[   50.454661]      scan-1933 add_single_object     : Added device:0d [\_SB_.PCI0.PB6_] parent PNP0A08:00
[   50.454864]      scan-1141 get_device_data       : No context for object [ffff88040d825730]
[   50.455062]      scan-1141 get_device_data       : No context for object [ffff88040d825758]
[   50.455259]      scan-1141 get_device_data       : No context for object [ffff88040d825780]
[   50.455452]      scan-1141 get_device_data       : No context for object [ffff88040d8257a8]
[   50.455604]      scan-1141 get_device_data       : No context for object [ffff88040d8257d0]
[   50.455781]      scan-1141 get_device_data       : No context for object [ffff88040d8257f8]
[   50.455979]      scan-1141 get_device_data       : No context for object [ffff88040d825820]
[   50.456176]      scan-1141 get_device_data       : No context for object [ffff88040d825848]
[   50.456373]      scan-1141 get_device_data       : No context for object [ffff88040d825870]
[   50.456548]      scan-1141 get_device_data       : No context for object [ffff88040d825898]
[   50.456669]      scan-1141 get_device_data       : No context for object [ffff88040d8258c0]
[   50.456867]      scan-1141 get_device_data       : No context for object [ffff88040d8258e8]
[   50.457064]      scan-1141 get_device_data       : No context for object [ffff88040d825910]
[   50.457261]      scan-1141 get_device_data       : No context for object [ffff88040d825938]
[   50.457438]      scan-1141 get_device_data       : No context for object [ffff88040d825960]
[   50.457635]      scan-1141 get_device_data       : No context for object [ffff88040d825988]
[   50.457830]      scan-1141 get_device_data       : No context for object [ffff88040d8259b0]
[   50.458027]      scan-1141 get_device_data       : No context for object [ffff88040d8259d8]
[   50.458224]      scan-1141 get_device_data       : No context for object [ffff88040d825a00]
[   50.458419]      scan-1141 get_device_data       : No context for object [ffff88040d825a28]
[   50.458614]      scan-1141 get_device_data       : No context for object [ffff88040d825a50]
[   50.458808]      scan-1141 get_device_data       : No context for object [ffff88040d825a78]
[   50.459000]      scan-1141 get_device_data       : No context for object [ffff88040d825aa0]
[   50.459195]      scan-1141 get_device_data       : No context for object [ffff88040d825ac8]
[   50.459391]      scan-1141 get_device_data       : No context for object [ffff88040d825af0]
[   50.459570]      scan-1141 get_device_data       : No context for object [ffff88040d825b18]
[   50.459764]      scan-1141 get_device_data       : No context for object [ffff88040d825b40]
[   50.460002]      scan-1141 get_device_data       : No context for object [ffff88040d825b68]
[   50.460195]      scan-1141 get_device_data       : No context for object [ffff88040d825b90]
[   50.460388]      scan-1141 get_device_data       : No context for object [ffff88040d825bb8]
[   50.460536]      scan-1141 get_device_data       : No context for object [ffff88040d825be0]
[   50.460714]     utils-0051 util_eval_error       : Evaluate [\_SB_.PCI0.PB6_.XPDV._STA]: AE_NOT_FOUND
[   50.460944] device: 'device:0e': device_add
[   50.461004] bus: 'acpi': add device device:0e
[   50.461077]     utils-0051 util_eval_error       : Evaluate [\_SB_.PCI0.PB6_.XPDV._SUN]: AE_NOT_FOUND
[   50.461282]      scan-1933 add_single_object     : Added device:0e [\_SB_.PCI0.PB6_.XPDV] parent device:0d
[   50.461476]      scan-1141 get_device_data       : No context for object [ffff88040d825c08]
[   50.461674]      scan-1141 get_device_data       : No context for object [ffff88040d825c30]
[   50.461868]      scan-1141 get_device_data       : No context for object [ffff88040d825c58]
[   50.462063]      scan-1141 get_device_data       : No context for object [ffff88040d825c80]
[   50.462257]      scan-1141 get_device_data       : No context for object [ffff88040d825ca8]
[   50.462453]      scan-1141 get_device_data       : No context for object [ffff88040d837550]
[   50.463336]      scan-1141 get_device_data       : No context for object [ffff88040d825cd0]
[   50.463532]      scan-1141 get_device_data       : No context for object [ffff88040d825cf8]
[   50.463730]     utils-0051 util_eval_error       : Evaluate [\_SB_.PCI0.PB7_._STA]: AE_NOT_FOUND
[   50.464023] device: 'device:0f': device_add
[   50.464088] bus: 'acpi': add device device:0f
[   50.464163]     utils-0051 util_eval_error       : Evaluate [\_SB_.PCI0.PB7_._SUN]: AE_NOT_FOUND
[   50.464350]      scan-1933 add_single_object     : Added device:0f [\_SB_.PCI0.PB7_] parent PNP0A08:00
[   50.464553]      scan-1141 get_device_data       : No context for object [ffff88040d825d20]
[   50.464750]      scan-1141 get_device_data       : No context for object [ffff88040d825d48]
[   50.464945]      scan-1141 get_device_data       : No context for object [ffff88040d825d70]
[   50.465143]      scan-1141 get_device_data       : No context for object [ffff88040d825d98]
[   50.465340]      scan-1141 get_device_data       : No context for object [ffff88040d825dc0]
[   50.465538]      scan-1141 get_device_data       : No context for object [ffff88040d825de8]
[   50.465735]      scan-1141 get_device_data       : No context for object [ffff88040d825e10]
[   50.465933]      scan-1141 get_device_data       : No context for object [ffff88040d825e38]
[   50.466129]      scan-1141 get_device_data       : No context for object [ffff88040d825e60]
[   50.466669]      scan-1141 get_device_data       : No context for object [ffff88040d825e88]
[   50.466867]      scan-1141 get_device_data       : No context for object [ffff88040d825eb0]
[   50.467064]      scan-1141 get_device_data       : No context for object [ffff88040d825ed8]
[   50.467262]      scan-1141 get_device_data       : No context for object [ffff88040d825f00]
[   50.467458]      scan-1141 get_device_data       : No context for object [ffff88040d825f28]
[   50.467652]      scan-1141 get_device_data       : No context for object [ffff88040d825f50]
[   50.467849]      scan-1141 get_device_data       : No context for object [ffff88040d825f78]
[   50.468047]      scan-1141 get_device_data       : No context for object [ffff88040d825fa0]
[   50.468245]      scan-1141 get_device_data       : No context for object [ffff88040d825fc8]
[   50.468442]      scan-1141 get_device_data       : No context for object [ffff88040d827000]
[   50.468619]      scan-1141 get_device_data       : No context for object [ffff88040d827028]
[   50.468814]      scan-1141 get_device_data       : No context for object [ffff88040d827050]
[   50.469011]      scan-1141 get_device_data       : No context for object [ffff88040d827078]
[   50.469209]      scan-1141 get_device_data       : No context for object [ffff88040d8270a0]
[   50.469406]      scan-1141 get_device_data       : No context for object [ffff88040d8270c8]
[   50.469557]      scan-1141 get_device_data       : No context for object [ffff88040d8270f0]
[   50.469735]      scan-1141 get_device_data       : No context for object [ffff88040d827118]
[   50.469931]      scan-1141 get_device_data       : No context for object [ffff88040d827140]
[   50.470161]      scan-1141 get_device_data       : No context for object [ffff88040d827168]
[   50.470358]      scan-1141 get_device_data       : No context for object [ffff88040d827190]
[   50.470536]      scan-1141 get_device_data       : No context for object [ffff88040d8271b8]
[   50.470733]      scan-1141 get_device_data       : No context for object [ffff88040d8271e0]
[   50.470932]     utils-0051 util_eval_error       : Evaluate [\_SB_.PCI0.PB7_.XPDV._STA]: AE_NOT_FOUND
[   50.471160] device: 'device:10': device_add
[   50.471220] bus: 'acpi': add device device:10
[   50.471286]     utils-0051 util_eval_error       : Evaluate [\_SB_.PCI0.PB7_.XPDV._SUN]: AE_NOT_FOUND
[   50.471492]      scan-1933 add_single_object     : Added device:10 [\_SB_.PCI0.PB7_.XPDV] parent device:0f
[   50.471672]      scan-1141 get_device_data       : No context for object [ffff88040d827208]
[   50.471870]      scan-1141 get_device_data       : No context for object [ffff88040d827230]
[   50.472067]      scan-1141 get_device_data       : No context for object [ffff88040d827258]
[   50.472265]      scan-1141 get_device_data       : No context for object [ffff88040d827280]
[   50.472464]      scan-1141 get_device_data       : No context for object [ffff88040d8272a8]
[   50.472612]      scan-1141 get_device_data       : No context for object [ffff88040d837488]
[   50.472789]      scan-1141 get_device_data       : No context for object [ffff88040d8272d0]
[   50.472987]      scan-1141 get_device_data       : No context for object [ffff88040d8272f8]
[   50.473186]     utils-0051 util_eval_error       : Evaluate [\_SB_.PCI0.OHC1._STA]: AE_NOT_FOUND
[   50.473428] device: 'device:11': device_add
[   50.473492] bus: 'acpi': add device device:11
[   50.473563]     utils-0051 util_eval_error       : Evaluate [\_SB_.PCI0.OHC1._SUN]: AE_NOT_FOUND
[   50.473741]      scan-1933 add_single_object     : Added device:11 [\_SB_.PCI0.OHC1] parent PNP0A08:00
[   50.473944]      scan-1141 get_device_data       : No context for object [ffff88040d827320]
[   50.474142]      scan-1141 get_device_data       : No context for object [ffff88040d827348]
[   50.474339]      scan-1141 get_device_data       : No context for object [ffff88040d83b2f8]
[   50.474517]     utils-0051 util_eval_error       : Evaluate [\_SB_.PCI0.OHC1.RHUB._STA]: AE_NOT_FOUND
[   50.474749] device: 'device:12': device_add
[   50.474811] bus: 'acpi': add device device:12
[   50.474878]     utils-0051 util_eval_error       : Evaluate [\_SB_.PCI0.OHC1.RHUB._SUN]: AE_NOT_FOUND
[   50.475078]      scan-1933 add_single_object     : Added device:12 [\_SB_.PCI0.OHC1.RHUB] parent device:11
[   50.475278]      scan-1141 get_device_data       : No context for object [ffff88040d83b320]
[   50.475473]      scan-1141 get_device_data       : No context for object [ffff88040d83b348]
[   50.475669]     utils-0051 util_eval_error       : Evaluate [\_SB_.PCI0.OHC1.RHUB.PRT3._STA]: AE_NOT_FOUND
[   50.475901] device: 'device:13': device_add
[   50.475963] bus: 'acpi': add device device:13
[   50.476031]     utils-0051 util_eval_error       : Evaluate [\_SB_.PCI0.OHC1.RHUB.PRT3._SUN]: AE_NOT_FOUND
[   50.476671]      scan-1933 add_single_object     : Added device:13 [\_SB_.PCI0.OHC1.RHUB.PRT3] parent device:12
[   50.476671]      scan-1141 get_device_data       : No context for object [ffff88040d83b370]
[   50.476671]      scan-1141 get_device_data       : No context for object [ffff88040d83b398]
[   50.476864]      scan-1141 get_device_data       : No context for object [ffff88040d83b3c0]
[   50.477058]      scan-1141 get_device_data       : No context for object [ffff88040d83b3e8]
[   50.477254]     utils-0051 util_eval_error       : Evaluate [\_SB_.PCI0.OHC1.RHUB.PRT4._STA]: AE_NOT_FOUND
[   50.477467] device: 'device:14': device_add
[   50.477527] bus: 'acpi': add device device:14
[   50.477603]     utils-0051 util_eval_error       : Evaluate [\_SB_.PCI0.OHC1.RHUB.PRT4._SUN]: AE_NOT_FOUND
[   50.477789]      scan-1933 add_single_object     : Added device:14 [\_SB_.PCI0.OHC1.RHUB.PRT4] parent device:12
[   50.477989]      scan-1141 get_device_data       : No context for object [ffff88040d83b410]
[   50.478185]      scan-1141 get_device_data       : No context for object [ffff88040d83b438]
[   50.478381]      scan-1141 get_device_data       : No context for object [ffff88040d83b460]
[   50.478557]      scan-1141 get_device_data       : No context for object [ffff88040d827370]
[   50.478749]     utils-0051 util_eval_error       : Evaluate [\_SB_.PCI0.EHC1._STA]: AE_NOT_FOUND
[   50.478991] device: 'device:15': device_add
[   50.479052] bus: 'acpi': add device device:15
[   50.479125]     utils-0051 util_eval_error       : Evaluate [\_SB_.PCI0.EHC1._SUN]: AE_NOT_FOUND
[   50.479332]      scan-1933 add_single_object     : Added device:15 [\_SB_.PCI0.EHC1] parent PNP0A08:00
[   50.479534]      scan-1141 get_device_data       : No context for object [ffff88040d827398]
[   50.479731]      scan-1141 get_device_data       : No context for object [ffff88040d8273c0]
[   50.479925]      scan-1141 get_device_data       : No context for object [ffff88040d83b028]
[   50.480132]     utils-0051 util_eval_error       : Evaluate [\_SB_.PCI0.EHC1.RHUB._STA]: AE_NOT_FOUND
[   50.480365] device: 'device:16': device_add
[   50.480428] bus: 'acpi': add device device:16
[   50.480502]     utils-0051 util_eval_error       : Evaluate [\_SB_.PCI0.EHC1.RHUB._SUN]: AE_NOT_FOUND
[   50.480689]      scan-1933 add_single_object     : Added device:16 [\_SB_.PCI0.EHC1.RHUB] parent device:15
[   50.480891]      scan-1141 get_device_data       : No context for object [ffff88040d83b050]
[   50.482108]      scan-1141 get_device_data       : No context for object [ffff88040d83b078]
[   50.482306]     utils-0051 util_eval_error       : Evaluate [\_SB_.PCI0.EHC1.RHUB.PRT3._STA]: AE_NOT_FOUND
[   50.482535] device: 'device:17': device_add
[   50.482598] bus: 'acpi': add device device:17
[   50.482675]     utils-0051 util_eval_error       : Evaluate [\_SB_.PCI0.EHC1.RHUB.PRT3._SUN]: AE_NOT_FOUND
[   50.483333]      scan-1933 add_single_object     : Added device:17 [\_SB_.PCI0.EHC1.RHUB.PRT3] parent device:16
[   50.483333]      scan-1141 get_device_data       : No context for object [ffff88040d83b0a0]
[   50.483333]      scan-1141 get_device_data       : No context for object [ffff88040d83b0c8]
[   50.483463]      scan-1141 get_device_data       : No context for object [ffff88040d83b0f0]
[   50.483609]      scan-1141 get_device_data       : No context for object [ffff88040d83b118]
[   50.483788]     utils-0051 util_eval_error       : Evaluate [\_SB_.PCI0.EHC1.RHUB.PRT4._STA]: AE_NOT_FOUND
[   50.484022] device: 'device:18': device_add
[   50.484085] bus: 'acpi': add device device:18
[   50.484159]     utils-0051 util_eval_error       : Evaluate [\_SB_.PCI0.EHC1.RHUB.PRT4._SUN]: AE_NOT_FOUND
[   50.484367]      scan-1933 add_single_object     : Added device:18 [\_SB_.PCI0.EHC1.RHUB.PRT4] parent device:16
[   50.484549]      scan-1141 get_device_data       : No context for object [ffff88040d83b140]
[   50.484745]      scan-1141 get_device_data       : No context for object [ffff88040d83b168]
[   50.484939]      scan-1141 get_device_data       : No context for object [ffff88040d83b190]
[   50.485138]      scan-1141 get_device_data       : No context for object [ffff88040d8273e8]
[   50.485336]     utils-0051 util_eval_error       : Evaluate [\_SB_.PCI0.OHC2._STA]: AE_NOT_FOUND
[   50.485580] device: 'device:19': device_add
[   50.485643] bus: 'acpi': add device device:19
[   50.485717]     utils-0051 util_eval_error       : Evaluate [\_SB_.PCI0.OHC2._SUN]: AE_NOT_FOUND
[   50.485920]      scan-1933 add_single_object     : Added device:19 [\_SB_.PCI0.OHC2] parent PNP0A08:00
[   50.486117]      scan-1141 get_device_data       : No context for object [ffff88040d827410]
[   50.486314]      scan-1141 get_device_data       : No context for object [ffff88040d827438]
[   50.486511]      scan-1141 get_device_data       : No context for object [ffff88040d83b488]
[   50.486671]     utils-0051 util_eval_error       : Evaluate [\_SB_.PCI0.OHC2.RHUB._STA]: AE_NOT_FOUND
[   50.486904] device: 'device:1a': device_add
[   50.486966] bus: 'acpi': add device device:1a
[   50.487044]     utils-0051 util_eval_error       : Evaluate [\_SB_.PCI0.OHC2.RHUB._SUN]: AE_NOT_FOUND
[   50.487246]      scan-1933 add_single_object     : Added device:1a [\_SB_.PCI0.OHC2.RHUB] parent device:19
[   50.487449]      scan-1141 get_device_data       : No context for object [ffff88040d83b4b0]
[   50.487630]      scan-1141 get_device_data       : No context for object [ffff88040d83b4d8]
[   50.487829]     utils-0051 util_eval_error       : Evaluate [\_SB_.PCI0.OHC2.RHUB.PRT4._STA]: AE_NOT_FOUND
[   50.488062] device: 'device:1b': device_add
[   50.488125] bus: 'acpi': add device device:1b
[   50.488199]     utils-0051 util_eval_error       : Evaluate [\_SB_.PCI0.OHC2.RHUB.PRT4._SUN]: AE_NOT_FOUND
[   50.488403]      scan-1933 add_single_object     : Added device:1b [\_SB_.PCI0.OHC2.RHUB.PRT4] parent device:1a
[   50.488556]      scan-1141 get_device_data       : No context for object [ffff88040d83b500]
[   50.488734]      scan-1141 get_device_data       : No context for object [ffff88040d83b528]
[   50.488931]      scan-1141 get_device_data       : No context for object [ffff88040d83b550]
[   50.489130]      scan-1141 get_device_data       : No context for object [ffff88040d827460]
[   50.489329]     utils-0051 util_eval_error       : Evaluate [\_SB_.PCI0.EHC2._STA]: AE_NOT_FOUND
[   50.489545] device: 'device:1c': device_add
[   50.489604] bus: 'acpi': add device device:1c
[   50.489671]     utils-0051 util_eval_error       : Evaluate [\_SB_.PCI0.EHC2._SUN]: AE_NOT_FOUND
[   50.490001]      scan-1933 add_single_object     : Added device:1c [\_SB_.PCI0.EHC2] parent PNP0A08:00
[   50.490006]      scan-1141 get_device_data       : No context for object [ffff88040d827488]
[   50.490204]      scan-1141 get_device_data       : No context for object [ffff88040d8274b0]
[   50.490401]      scan-1141 get_device_data       : No context for object [ffff88040d83b1b8]
[   50.490601]     utils-0051 util_eval_error       : Evaluate [\_SB_.PCI0.EHC2.RHUB._STA]: AE_NOT_FOUND
[   50.490819] device: 'device:1d': device_add
[   50.490881] bus: 'acpi': add device device:1d
[   50.490959]     utils-0051 util_eval_error       : Evaluate [\_SB_.PCI0.EHC2.RHUB._SUN]: AE_NOT_FOUND
[   50.491166]      scan-1933 add_single_object     : Added device:1d [\_SB_.PCI0.EHC2.RHUB] parent device:1c
[   50.491369]      scan-1141 get_device_data       : No context for object [ffff88040d83b1e0]
[   50.491556]      scan-1141 get_device_data       : No context for object [ffff88040d83b208]
[   50.491752]     utils-0051 util_eval_error       : Evaluate [\_SB_.PCI0.EHC2.RHUB.PRT2._STA]: AE_NOT_FOUND
[   50.491972] device: 'device:1e': device_add
[   50.492031] bus: 'acpi': add device device:1e
[   50.492096]     utils-0051 util_eval_error       : Evaluate [\_SB_.PCI0.EHC2.RHUB.PRT2._SUN]: AE_NOT_FOUND
[   50.492302]      scan-1933 add_single_object     : Added device:1e [\_SB_.PCI0.EHC2.RHUB.PRT2] parent device:1d
[   50.492483]      scan-1141 get_device_data       : No context for object [ffff88040d83b230]
[   50.492677]      scan-1141 get_device_data       : No context for object [ffff88040d83b258]
[   50.492872]      scan-1141 get_device_data       : No context for object [ffff88040d83b280]
[   50.493068]      scan-1141 get_device_data       : No context for object [ffff88040d8274d8]
[   50.493336]     utils-0051 util_eval_error       : Evaluate [\_SB_.PCI0.OHC3._STA]: AE_NOT_FOUND
[   50.493556] device: 'device:1f': device_add
[   50.493618] bus: 'acpi': add device device:1f
[   50.493692]     utils-0051 util_eval_error       : Evaluate [\_SB_.PCI0.OHC3._SUN]: AE_NOT_FOUND
[   50.493897]      scan-1933 add_single_object     : Added device:1f [\_SB_.PCI0.OHC3] parent PNP0A08:00
[   50.494096]      scan-1141 get_device_data       : No context for object [ffff88040d827500]
[   50.494292]      scan-1141 get_device_data       : No context for object [ffff88040d827528]
[   50.494486]      scan-1141 get_device_data       : No context for object [ffff88040d83b578]
[   50.494678]     utils-0051 util_eval_error       : Evaluate [\_SB_.PCI0.OHC3.RHUB._STA]: AE_NOT_FOUND
[   50.494914] device: 'device:20': device_add
[   50.495026] bus: 'acpi': add device device:20
[   50.495099]     utils-0051 util_eval_error       : Evaluate [\_SB_.PCI0.OHC3.RHUB._SUN]: AE_NOT_FOUND
[   50.495302]      scan-1933 add_single_object     : Added device:20 [\_SB_.PCI0.OHC3.RHUB] parent device:1f
[   50.495497]      scan-1141 get_device_data       : No context for object [ffff88040d83b5a0]
[   50.495692]      scan-1141 get_device_data       : No context for object [ffff88040d827550]
[   50.495884]     utils-0051 util_eval_error       : Evaluate [\_SB_.PCI0.EHC3._STA]: AE_NOT_FOUND
[   50.496128] device: 'device:21': device_add
[   50.496191] bus: 'acpi': add device device:21
[   50.496265]     utils-0051 util_eval_error       : Evaluate [\_SB_.PCI0.EHC3._SUN]: AE_NOT_FOUND
[   50.496667]      scan-1933 add_single_object     : Added device:21 [\_SB_.PCI0.EHC3] parent PNP0A08:00
[   50.496673]      scan-1141 get_device_data       : No context for object [ffff88040d827578]
[   50.496871]      scan-1141 get_device_data       : No context for object [ffff88040d8275a0]
[   50.497065]      scan-1141 get_device_data       : No context for object [ffff88040d83b2a8]
[   50.497266]     utils-0051 util_eval_error       : Evaluate [\_SB_.PCI0.EHC3.RHUB._STA]: AE_NOT_FOUND
[   50.497499] device: 'device:22': device_add
[   50.497562] bus: 'acpi': add device device:22
[   50.497639]     utils-0051 util_eval_error       : Evaluate [\_SB_.PCI0.EHC3.RHUB._SUN]: AE_NOT_FOUND
[   50.497847]      scan-1933 add_single_object     : Added device:22 [\_SB_.PCI0.EHC3.RHUB] parent device:21
[   50.498049]      scan-1141 get_device_data       : No context for object [ffff88040d83b2d0]
[   50.498246]      scan-1141 get_device_data       : No context for object [ffff88040d8275c8]
[   50.498444]     utils-0051 util_eval_error       : Evaluate [\_SB_.PCI0.OHC4._STA]: AE_NOT_FOUND
[   50.498668] device: 'device:23': device_add
[   50.498731] bus: 'acpi': add device device:23
[   50.498806]     utils-0051 util_eval_error       : Evaluate [\_SB_.PCI0.OHC4._SUN]: AE_NOT_FOUND
[   50.499012]      scan-1933 add_single_object     : Added device:23 [\_SB_.PCI0.OHC4] parent PNP0A08:00
[   50.499214]      scan-1141 get_device_data       : No context for object [ffff88040d8275f0]
[   50.500003]      scan-1141 get_device_data       : No context for object [ffff88040d827618]
[   50.500190]      scan-1141 get_device_data       : No context for object [ffff88040d827640]
