[    0.000000] Initializing cgroup subsys cpuset
[    0.000000] Initializing cgroup subsys cpu
[    0.000000] Initializing cgroup subsys cpuacct
[    0.000000] Linux version 3.17.0-rc2-gfd5984d (emacs@manji) (gcc version 4.9.1 (GCC) ) #52 SMP Sun Aug 31 16:53:44 CEST 2014
[    0.000000] Command line: BOOT_IMAGE=/vmlinuz-linux-git root=UUID=bfa4ab6e-19a3-4601-ba2b-267c55841c73 rw cryptdevice=/dev/disk/by-uuid/70c08890-417a-497d-b6ab-c0d0357a63e2:cryptManjaro:allow-discards ipv6.disable=1 pnp.debug=1 loglevel=9 log_buf_len=10M printk.always_kmsg_dump=y printk.time=y mminit_loglevel=0 memory_corruption_check=1 acpi.debug_layer=0xfbff0000 acpi.debug_level=0xFFFFFFFD pnp.debug=1 nohz=on rcu_nocbs=1-3 pcie_aspm=force fbcon=scrollback:4096k fbcon=font:ProFont6x11 radeon.audio=0 radeon.lockup_timeout=0 radeon.test=0 radeon.agpmode=-1 radeon.benchmark=0 radeon.tv=0 radeon.hard_reset=1 radeon.aspm=1 radeon.dpm=1 radeon.msi=1 radeon.pcie_gen2=-1 radeon.no_wb=1 radeon.modeset=1 radeon.dynclks=1 radeon.r4xx_atom=0 radeon.runpm=0 radeonfb radeon.fastfb=1 nomodeset
[    0.000000] KERNEL supported cpus:
[    0.000000]   AMD AuthenticAMD
[    0.000000] tseg: 00bfe00000
[    0.000000] e820: BIOS-provided physical RAM map:
[    0.000000] BIOS-e820: [mem 0x0000000000000000-0x000000000009d7ff] usable
[    0.000000] BIOS-e820: [mem 0x000000000009d800-0x000000000009ffff] reserved
[    0.000000] BIOS-e820: [mem 0x00000000000e0000-0x00000000000fffff] reserved
[    0.000000] BIOS-e820: [mem 0x0000000000100000-0x00000000bed9afff] usable
[    0.000000] BIOS-e820: [mem 0x00000000bed9b000-0x00000000bf39afff] reserved
[    0.000000] BIOS-e820: [mem 0x00000000bf39b000-0x00000000bf49afff] ACPI NVS
[    0.000000] BIOS-e820: [mem 0x00000000bf49b000-0x00000000bf51afff] ACPI data
[    0.000000] BIOS-e820: [mem 0x00000000bf51b000-0x00000000bfdfffff] usable
[    0.000000] BIOS-e820: [mem 0x00000000bfe00000-0x00000000bfffffff] reserved
[    0.000000] BIOS-e820: [mem 0x00000000fec00000-0x00000000fecfffff] reserved
[    0.000000] BIOS-e820: [mem 0x00000000fed80000-0x00000000fed80fff] reserved
[    0.000000] BIOS-e820: [mem 0x00000000ffe00000-0x00000000ffffffff] reserved
[    0.000000] BIOS-e820: [mem 0x0000000100000000-0x000000041effffff] usable
[    0.000000] NX (Execute Disable) protection: active
[    0.000000] SMBIOS 2.6 present.
[    0.000000] DMI: LENOVO Sabine/Torpedo, BIOS 54CN18WW 07/20/2011
[    0.000000] e820: update [mem 0x00000000-0x00000fff] usable ==> reserved
[    0.000000] e820: remove [mem 0x000a0000-0x000fffff] usable
[    0.000000] e820: last_pfn = 0x41f000 max_arch_pfn = 0x400000000
[    0.000000] MTRR default type: uncachable
[    0.000000] MTRR fixed ranges enabled:
[    0.000000]   00000-9FFFF write-back
[    0.000000]   A0000-BFFFF uncachable
[    0.000000]   C0000-FFFFF write-protect
[    0.000000] MTRR variable ranges enabled:
[    0.000000]   0 base 0000000000 mask FF80000000 write-back
[    0.000000]   1 base 0080000000 mask FFC0000000 write-back
[    0.000000]   2 base 00FFF90000 mask FFFFFF0000 uncachable
[    0.000000]   3 base 00FED80000 mask 0FFFFFF000 uncachable
[    0.000000]   4 disabled
[    0.000000]   5 disabled
[    0.000000]   6 disabled
[    0.000000]   7 base 00FFE00000 mask FFFFE00000 write-protect
[    0.000000] TOM2: 000000041f000000 aka 16880M
[    0.000000] mtrr: your BIOS has configured an incorrect mask, fixing it.
[    0.000000] e820: last_pfn = 0xbfe00 max_arch_pfn = 0x400000000
[    0.000000] found SMP MP-table at [mem 0x000fa8b0-0x000fa8bf] mapped at [ffff8800000fa8b0]
[    0.000000] Base memory trampoline at [ffff880000097000] 97000 size 24576
[    0.000000] Using GB pages for direct mapping
[    0.000000] init_memory_mapping: [mem 0x00000000-0x000fffff]
[    0.000000]  [mem 0x00000000-0x000fffff] page 4k
[    0.000000] BRK [0x01e17000, 0x01e17fff] PGTABLE
[    0.000000] BRK [0x01e18000, 0x01e18fff] PGTABLE
[    0.000000] BRK [0x01e19000, 0x01e19fff] PGTABLE
[    0.000000] init_memory_mapping: [mem 0x41ee00000-0x41effffff]
[    0.000000]  [mem 0x41ee00000-0x41effffff] page 2M
[    0.000000] BRK [0x01e1a000, 0x01e1afff] PGTABLE
[    0.000000] init_memory_mapping: [mem 0x41c000000-0x41edfffff]
[    0.000000]  [mem 0x41c000000-0x41edfffff] page 2M
[    0.000000] init_memory_mapping: [mem 0x400000000-0x41bffffff]
[    0.000000]  [mem 0x400000000-0x41bffffff] page 2M
[    0.000000] init_memory_mapping: [mem 0x00100000-0xbed9afff]
[    0.000000]  [mem 0x00100000-0x001fffff] page 4k
[    0.000000]  [mem 0x00200000-0x3fffffff] page 2M
[    0.000000]  [mem 0x40000000-0x7fffffff] page 1G
[    0.000000]  [mem 0x80000000-0xbebfffff] page 2M
[    0.000000]  [mem 0xbec00000-0xbed9afff] page 4k
[    0.000000] init_memory_mapping: [mem 0xbf51b000-0xbfdfffff]
[    0.000000]  [mem 0xbf51b000-0xbf5fffff] page 4k
[    0.000000]  [mem 0xbf600000-0xbfdfffff] page 2M
[    0.000000] BRK [0x01e1b000, 0x01e1bfff] PGTABLE
[    0.000000] init_memory_mapping: [mem 0x100000000-0x3ffffffff]
[    0.000000]  [mem 0x100000000-0x3ffffffff] page 1G
[    0.000000] log_buf_len: 16777216 bytes
[    0.000000] early log buf free: 2092044(99%)
[    0.000000] RAMDISK: [mem 0x3782c000-0x37c0dfff]
[    0.000000] ACPI: Early table checksum verification disabled
[    0.000000] ACPI: RSDP 0x00000000000F0110 000024 (v02 LENOVO)
[    0.000000] ACPI: XSDT 0x00000000BF51A120 000074 (v01 LENOVO CB-01    00000001 LENO 00000001)
[    0.000000] ACPI: FACP 0x00000000BF508000 0000F4 (v04 LENOVO CB-01    00000001 PTL  00000001)
[    0.000000] ACPI: DSDT 0x00000000BF50A000 00FD10 (v01 LENOVO CB-01    00001000 LENO 00000001)
[    0.000000] ACPI: FACS 0x00000000BF478000 000040
[    0.000000] ACPI: HPET 0x00000000BF507000 000038 (v01 LENOVO CB-01    00000001 PTL  00000001)
[    0.000000] ACPI: APIC 0x00000000BF506000 00007A (v02 LENOVO CB-01    00000001 PTL  00000001)
[    0.000000] ACPI: MCFG 0x00000000BF505000 00003C (v01 LENOVO CB-01    00000001 PTL  00000001)
[    0.000000] ACPI: SLIC 0x00000000BF504000 000176 (v01 LENOVO CB-01    00000001 LENO 00000001)
[    0.000000] ACPI: UEFI 0x00000000BF503000 00003E (v01 LENOVO CB-01    00000001 PTL  00000001)
[    0.000000] ACPI: UEFI 0x00000000BF502000 000042 (v01 PTL    COMBUF   00000001 PTL  00000001)
[    0.000000] ACPI: SSDT 0x00000000BF501000 000E34 (v01 AMD    POWERNOW 00000001 AMD  00000001)
[    0.000000] ACPI: SSDT 0x00000000BF4FF000 00193D (v02 AMD    ALIB     00000001 MSFT 04000000)
[    0.000000] ACPI: UEFI 0x00000000BF4FE000 00021A (v01 LENOVO CB-01    00000001 PTL  00000001)
[    0.000000] ACPI: Local APIC address 0xfee00000
[    0.000000] No NUMA configuration found
[    0.000000] Faking a node at [mem 0x0000000000000000-0x000000041effffff]
[    0.000000] Initmem setup node 0 [mem 0x00000000-0x41effffff]
[    0.000000]   NODE_DATA [mem 0x41dffa000-0x41dffdfff]
[    0.000000]  [ffffea0000000000-ffffea00107fffff] PMD -> [ffff88040de00000-ffff88041d5fffff] on node 0
[    0.000000] Zone ranges:
[    0.000000]   DMA      [mem 0x00001000-0x00ffffff]
[    0.000000]   DMA32    [mem 0x01000000-0xffffffff]
[    0.000000]   Normal   [mem 0x100000000-0x41effffff]
[    0.000000] Movable zone start for each node
[    0.000000] Early memory node ranges
[    0.000000]   node   0: [mem 0x00001000-0x0009cfff]
[    0.000000]   node   0: [mem 0x00100000-0xbed9afff]
[    0.000000]   node   0: [mem 0xbf51b000-0xbfdfffff]
[    0.000000]   node   0: [mem 0x100000000-0x41effffff]
[    0.000000] On node 0 totalpages: 4056604
[    0.000000]   DMA zone: 64 pages used for memmap
[    0.000000]   DMA zone: 21 pages reserved
[    0.000000]   DMA zone: 3996 pages, LIFO batch:0
[    0.000000]   DMA32 zone: 12186 pages used for memmap
[    0.000000]   DMA32 zone: 779904 pages, LIFO batch:31
[    0.000000]   Normal zone: 51136 pages used for memmap
[    0.000000]   Normal zone: 3272704 pages, LIFO batch:31
[    0.000000] ACPI: PM-Timer IO Port: 0x808
[    0.000000] ACPI: Local APIC address 0xfee00000
[    0.000000] ACPI: LAPIC (acpi_id[0x00] lapic_id[0x00] enabled)
[    0.000000] ACPI: LAPIC (acpi_id[0x01] lapic_id[0x01] enabled)
[    0.000000] ACPI: LAPIC (acpi_id[0x02] lapic_id[0x02] enabled)
[    0.000000] ACPI: LAPIC (acpi_id[0x03] lapic_id[0x03] enabled)
[    0.000000] ACPI: LAPIC_NMI (acpi_id[0x00] high edge lint[0x1])
[    0.000000] ACPI: LAPIC_NMI (acpi_id[0x01] high edge lint[0x1])
[    0.000000] ACPI: LAPIC_NMI (acpi_id[0x02] high edge lint[0x1])
[    0.000000] ACPI: LAPIC_NMI (acpi_id[0x03] high edge lint[0x1])
[    0.000000] ACPI: IOAPIC (id[0x02] address[0xfec00000] gsi_base[0])
[    0.000000] IOAPIC[0]: apic_id 2, version 33, address 0xfec00000, GSI 0-23
[    0.000000] ACPI: INT_SRC_OVR (bus 0 bus_irq 0 global_irq 2 dfl dfl)
[    0.000000] ACPI: IRQ0 used by override.
[    0.000000] ACPI: IRQ9 used by override.
[    0.000000] Using ACPI (MADT) for SMP configuration information
[    0.000000] ACPI: HPET id: 0x43538210 base: 0xfed00000
[    0.000000] smpboot: Allowing 4 CPUs, 0 hotplug CPUs
[    0.000000] e820: [mem 0xc0000000-0xfebfffff] available for PCI devices
[    0.000000] setup_percpu: NR_CPUS:64 nr_cpumask_bits:64 nr_cpu_ids:4 nr_node_ids:1
[    0.000000] PERCPU: Embedded 27 pages/cpu @ffff88041dc00000 s80256 r8192 d22144 u524288
[    0.000000] pcpu-alloc: s80256 r8192 d22144 u524288 alloc=1*2097152
[    0.000000] pcpu-alloc: [0] 0 1 2 3 
[    0.000000] Built 1 zonelists in Zone order, mobility grouping on.  Total pages: 3993197
[    0.000000] Policy zone: Normal
[    0.000000] Kernel command line: BOOT_IMAGE=/vmlinuz-linux-git root=UUID=bfa4ab6e-19a3-4601-ba2b-267c55841c73 rw cryptdevice=/dev/disk/by-uuid/70c08890-417a-497d-b6ab-c0d0357a63e2:cryptManjaro:allow-discards ipv6.disable=1 pnp.debug=1 loglevel=9 log_buf_len=10M printk.always_kmsg_dump=y printk.time=y mminit_loglevel=0 memory_corruption_check=1 acpi.debug_layer=0xfbff0000 acpi.debug_level=0xFFFFFFFD pnp.debug=1 nohz=on rcu_nocbs=1-3 pcie_aspm=force fbcon=scrollback:4096k fbcon=font:ProFont6x11 radeon.audio=0 radeon.lockup_timeout=0 radeon.test=0 radeon.agpmode=-1 radeon.benchmark=0 radeon.tv=0 radeon.hard_reset=1 radeon.aspm=1 radeon.dpm=1 radeon.msi=1 radeon.pcie_gen2=-1 radeon.no_wb=1 radeon.modeset=1 radeon.dynclks=1 radeon.r4xx_atom=0 radeon.runpm=0 radeonfb radeon.fastfb=1 nomodeset
[    0.000000] PCIe ASPM is forcibly enabled
[    0.000000] PID hash table entries: 4096 (order: 3, 32768 bytes)
[    0.000000] Memory: 15870900K/16226416K available (5251K kernel code, 721K rwdata, 2208K rodata, 848K init, 2588K bss, 355516K reserved)
[    0.000000] SLUB: HWalign=64, Order=0-3, MinObjects=0, CPUs=4, Nodes=1
[    0.000000] Hierarchical RCU implementation.
[    0.000000] 	RCU dyntick-idle grace-period acceleration is enabled.
[    0.000000] 	Additional per-CPU info printed with stalls.
[    0.000000] 	RCU restricting CPUs from NR_CPUS=64 to nr_cpu_ids=4.
[    0.000000] 	Offload RCU callbacks from all CPUs
[    0.000000] 	Offload RCU callbacks from CPUs: 0-3.
[    0.000000] RCU: Adjusting geometry for rcu_fanout_leaf=16, nr_cpu_ids=4
[    0.000000] NR_IRQS:4352 nr_irqs:456 0
[    0.000000] spurious 8259A interrupt: IRQ7.
[    0.000000] vgacon: allocated 4194304 bytes of memory for scrollback. CONFIG_VGACON_SOFT_SCROLLBACK_SIZE=4096
[    0.000000] Console: colour VGA+ 80x25
[    0.000000] console [tty0] enabled
[    0.000000] allocated 65011712 bytes of page_cgroup
[    0.000000] please try 'cgroup_disable=memory' option if you don't want memory cgroups
[    0.000000] hpet clockevent registered
[    0.000000] tsc: Fast TSC calibration using PIT
[    0.000000] tsc: Detected 1397.401 MHz processor
[    0.000057] Calibrating delay loop (skipped), value calculated using timer frequency.. 2795.25 BogoMIPS (lpj=4658003)
[    0.000205] pid_max: default: 32768 minimum: 301
[    0.000279] ACPI: Core revision 20140724
[    0.025837] ACPI: All ACPI Tables successfully acquired
[    0.027781] Security Framework initialized
[    0.029457] Dentry cache hash table entries: 2097152 (order: 12, 16777216 bytes)
[    0.036454] Inode-cache hash table entries: 1048576 (order: 11, 8388608 bytes)
[    0.039539] Mount-cache hash table entries: 32768 (order: 6, 262144 bytes)
[    0.039680] Mountpoint-cache hash table entries: 32768 (order: 6, 262144 bytes)
[    0.040212] Initializing cgroup subsys memory
[    0.040330] Initializing cgroup subsys devices
[    0.040398] Initializing cgroup subsys freezer
[    0.040465] Initializing cgroup subsys net_cls
[    0.040531] Initializing cgroup subsys blkio
[    0.040624] CPU: Physical Processor ID: 0
[    0.040688] CPU: Processor Core ID: 0
[    0.040752] mce: CPU supports 6 MCE banks
[    0.040826] Last level iTLB entries: 4KB 512, 2MB 16, 4MB 8
Last level dTLB entries: 4KB 1024, 2MB 128, 4MB 64, 1GB 0
[    0.041111] Freeing SMP alternatives memory: 20K (ffffffff81b8a000 - ffffffff81b8f000)
[    0.041814] ..TIMER: vector=0x30 apic1=0 pin1=2 apic2=-1 pin2=-1
[    0.074897] smpboot: CPU0: AMD A6-3400M APU with Radeon(tm) HD Graphics (fam: 12, model: 01, stepping: 00)
[    0.179410] Performance Events: AMD PMU driver.
[    0.179514] ... version:                0
[    0.179578] ... bit width:              48
[    0.179642] ... generic registers:      4
[    0.179706] ... value mask:             0000ffffffffffff
[    0.179770] ... max period:             00007fffffffffff
[    0.179835] ... fixed-purpose events:   0
[    0.179898] ... event mask:             000000000000000f
[    0.180439] MCE: In-kernel MCE decoding enabled.
[    0.180607] trying cpu_up:
[    0.180719] NMI watchdog: enabled on all CPUs, permanently consumes one hw-PMU counter.
[    0.181007] smpboot: ++++++++++++++++++++=_---CPU UP  1
[    0.181122] x86: Booting SMP configuration:
[    0.181185] .... node  #0, CPUs:      #1
[    0.181294] smpboot: Setting warm reset code and vector.
[    0.181417] smpboot: 1.
[    0.181479] smpboot: 2.
[    0.181540] smpboot: 3.
[    0.181602] smpboot: Asserting INIT
[    0.181664] smpboot: waiting 5 sec
[    5.191579] smpboot: done waiting
[    5.191721] smpboot: Waiting for INIT send to finish...
[    5.201863] smpboot: status for above ^ is: 0
[    5.201973] smpboot: Deasserting INIT
[    5.202037] smpboot: Waiting for above send to finish...
[    5.202102] smpboot: #startup loops: 2
[    5.202165] smpboot: Sending STARTUP #1
[    5.202228] smpboot: After apic_write
[    5.108042] smpboot: CPU#1 (phys ID: 1) waiting for CALLOUT
[    5.202592] smpboot: Startup point 1
[    5.202766] smpboot: Waiting for send to finish...
[    5.203030] smpboot: Sending STARTUP #2
[    5.203140] smpboot: After apic_write
[    5.203503] smpboot: Startup point 1
[    5.203613] smpboot: Waiting for send to finish...
[    5.203877] smpboot: After Startup
[    5.203987] smpboot: Before Callout 1
[    5.204050] smpboot: After Callout 1
[    5.109692] smpboot: Stack at about ffff880407807f44
[    5.204178] smpboot: start waiting 5sec for response
[    5.204217] smpboot: done waiting 5sec for response
[    5.204317] smpboot: cpumask_test_cpu result: -1
[    5.204381] smpboot: cpu_callin_mask: 0000000000000003
[    5.204478] smpboot: cpu_callout_mask: 0000000000000003
[    5.204541] smpboot: CPU1: has booted.
[    5.206674] TSC synchronization [CPU#0 -> CPU#1]:
[    5.206784] Measured 131869307 cycles TSC warp between CPUs, turning off TSC clock.
[    5.206926] tsc: Marking TSC unstable due to check_tsc_sync_source failed
[    5.207053] after cpu_up !!!!!!!!!!!!
[    5.207138] trying cpu_up:
[    5.207350] smpboot: ++++++++++++++++++++=_---CPU UP  2
[    5.207468]  #2
[    5.207505] smpboot: Setting warm reset code and vector.
[    5.207633] smpboot: 1.
[    5.207695] smpboot: 2.
[    5.207757] smpboot: 3.
[    5.207820] smpboot: Asserting INIT
[    5.207883] smpboot: waiting 5 sec
[   10.790173] smpboot: done waiting
[   10.790313] smpboot: Waiting for INIT send to finish...
[   10.800453] smpboot: status for above ^ is: 0
[   10.800564] smpboot: Deasserting INIT
[   10.800627] smpboot: Waiting for above send to finish...
[   10.800691] smpboot: #startup loops: 2
[   10.800754] smpboot: Sending STARTUP #1
[   10.800818] smpboot: After apic_write
[   10.801181] smpboot: Startup point 1
[   10.801283] smpboot: Waiting for send to finish...
[   10.801547] smpboot: Sending STARTUP #2
[   10.801657] smpboot: After apic_write
[   10.802021] smpboot: Startup point 1
[   10.802130] smpboot: Waiting for send to finish...
[   10.802395] smpboot: After Startup
[   10.802504] smpboot: Before Callout 2
[   10.802567] smpboot: After Callout 2
[   10.802630] smpboot: start waiting 5sec for response
[   10.802775] [sched_delayed] sched: RT throttling activated
[   15.821406] smpboot: done waiting 5sec for response
[   15.821492] smpboot: cpumask_test_cpu result: 0
[   15.821589] smpboot: cpu_callin_mask: 0000000000000003
[   15.821652] smpboot: cpu_callout_mask: 0000000000000007
[   15.821750] smpboot: CPU2: Not responding
[   15.821888] smpboot: do_boot_cpu failed(1) to wakeup CPU#2
[   15.821965] doing it one more time: cpu_up !!!!!!!!!!!!
[   15.822012] smpboot: ++++++++++++++++++++=_---CPU UP  2
[   15.822134]  #2
[   15.822170] smpboot: Setting warm reset code and vector.
[   15.822291] smpboot: 1.
[   15.822353] smpboot: 2.
[   15.822415] smpboot: 3.
[   15.822478] smpboot: Asserting INIT
[   15.822541] smpboot: waiting 5 sec
[   20.831839] smpboot: done waiting
[   20.831978] smpboot: Waiting for INIT send to finish...
[   20.842120] smpboot: status for above ^ is: 0
[   20.842230] smpboot: Deasserting INIT
[   20.842293] smpboot: Waiting for above send to finish...
[   20.842358] smpboot: #startup loops: 2
[   20.842424] smpboot: Sending STARTUP #1
[   20.842487] smpboot: After apic_write
[   20.842851] smpboot: Startup point 1
[   20.842959] smpboot: Waiting for send to finish...
[   20.843221] smpboot: Sending STARTUP #2
[   20.843332] smpboot: After apic_write
[   20.843695] smpboot: Startup point 1
[   20.843802] smpboot: Waiting for send to finish...
[   20.844065] smpboot: After Startup
[   20.844171] smpboot: Before Callout 2
[   20.844231] smpboot: After Callout 2
[   20.844293] smpboot: start waiting 5sec for response
[   25.862903] smpboot: done waiting 5sec for response
[   25.863046] smpboot: cpumask_test_cpu result: 0
[   25.863109] smpboot: cpu_callin_mask: 0000000000000003
[   25.863206] smpboot: cpu_callout_mask: 0000000000000007
[   25.863270] smpboot: CPU2: Not responding
[   25.863393] smpboot: do_boot_cpu failed(1) to wakeup CPU#2
[   25.863464] after cpu_up !!!!!!!!!!!!
[   25.863503] trying cpu_up:
[   25.863679] smpboot: ++++++++++++++++++++=_---CPU UP  3
[   25.863823]  #3
[   25.863860] smpboot: Setting warm reset code and vector.
[   25.863988] smpboot: 1.
[   25.864050] smpboot: 2.
[   25.864113] smpboot: 3.
[   25.864175] smpboot: Asserting INIT
[   25.864238] smpboot: waiting 5 sec
[   30.873546] smpboot: done waiting
[   30.873688] smpboot: Waiting for INIT send to finish...
[   30.883828] smpboot: status for above ^ is: 0
[   30.883906] smpboot: Deasserting INIT
[   30.883968] smpboot: Waiting for above send to finish...
[   30.884031] smpboot: #startup loops: 2
[   30.884093] smpboot: Sending STARTUP #1
[   30.884155] smpboot: After apic_write
[   30.722059] smpboot: CPU#3 (phys ID: 3) waiting for CALLOUT
[   30.884517] smpboot: Startup point 1
[   30.884689] smpboot: Waiting for send to finish...
[   30.884952] smpboot: Sending STARTUP #2
[   30.885061] smpboot: After apic_write
[   30.885424] smpboot: Startup point 1
[   30.885534] smpboot: Waiting for send to finish...
[   30.885798] smpboot: After Startup
[   30.885898] smpboot: Before Callout 3
[   30.885960] smpboot: After Callout 3
[   30.723691] smpboot: Stack at about ffff88040780ff44
[   30.886088] smpboot: start waiting 5sec for response
[   30.886128] smpboot: done waiting 5sec for response
[   30.886224] smpboot: cpumask_test_cpu result: -1
[   30.886286] smpboot: cpu_callin_mask: 000000000000000b
[   30.887470] smpboot: cpu_callout_mask: 000000000000000b
[   30.887534] smpboot: CPU3: has booted.
[   30.887688] after cpu_up !!!!!!!!!!!!
[   30.887727] x86: Booted up 1 node, 3 CPUs
[   30.887848] smpboot: Boot done
[   30.887911] smpboot: Before bogomips
[   30.887975] smpboot: Total of 3 processors activated (8387.75 BogoMIPS)
[   30.888040] smpboot: Before bogocount - setting activated=1
[   30.216757] devtmpfs: initialized
[   30.216818] device: 'platform': device_add
[   30.216914] bus: 'platform': registered
[   30.216988] bus: 'cpu': registered
[   30.217054] device: 'cpu': device_add
[   30.217145] bus: 'container': registered
[   30.217210] device: 'container': device_add
[   30.217678] bus: 'workqueue': registered
[   30.217678] device: 'workqueue': device_add
[   30.217678] atomic64_test: passed for x86-64 platform with CX8 and with SSE
[   30.217678] device class 'regulator': registering
[   30.217719] Registering platform device 'reg-dummy'. Parent at platform
[   30.217830] device: 'reg-dummy': device_add
[   30.217893] bus: 'platform': add device reg-dummy
[   30.217980] bus: 'platform': add driver reg-dummy
[   30.218048] bus: 'platform': driver_probe_device: matched device reg-dummy with driver reg-dummy
[   30.218160] bus: 'platform': really_probe: probing driver reg-dummy with device reg-dummy
[   30.218306] device: 'regulator.0': device_add
[   30.218394] regulator-dummy: no parameters
[   30.218470] driver: 'reg-dummy': driver_bound: bound to device 'reg-dummy'
[   30.218537] bus: 'platform': really_probe: bound device reg-dummy to driver reg-dummy
[   30.220125] NET: Registered protocol family 16
[   30.220416] device class 'bdi': registering
[   30.220544] bus: 'platform': add driver ramoops
[   30.220624] device class 'pci_bus': registering
[   30.220711] bus: 'pci': registered
[   30.220777] device class 'backlight': registering
[   30.220850] device class 'tty': registering
[   30.220922] device class 'vtconsole': registering
[   30.220992] device: 'vtcon0': device_add
[   30.221089] bus: 'node': registered
[   30.221154] device: 'node': device_add
[   30.221248] bus: 'i2c': registered
[   30.221315] bus: 'i2c': add driver dummy
[   30.221386] i2c-core: driver [dummy] registered
[   30.221454] cpuidle: using governor ladder
[   30.221520] cpuidle: using governor menu
[   30.222008] ACPI FADT declares the system doesn't support PCIe ASPM, so disable it
[   30.222167] ACPI: bus type PCI registered
[   30.222231] acpiphp: ACPI Hot Plug PCI Controller Driver version: 0.5
[   30.222301] device class 'dmi': registering
[   30.222373] device: 'id': device_add
[   30.222557] PCI: MMCONFIG for domain 0000 [bus 00-3f] at [mem 0xf8000000-0xfbffffff] (base 0xf8000000)
[   30.222698] PCI: not using MMCONFIG
[   30.222761] PCI: Using configuration type 1 for base access
[   30.222823] PCI: Using configuration type 1 for extended access
[   30.223175] device: 'node0': device_add
[   30.223241] bus: 'node': add device node0
[   30.223331] device: 'cpu0': device_add
[   30.223402] bus: 'cpu': add device cpu0
[   30.223502] device: 'cpu1': device_add
[   30.223618] bus: 'cpu': add device cpu1
[   30.223717] device: 'cpu2': device_add
[   30.223786] bus: 'cpu': add device cpu2
[   30.223884] device: 'cpu3': device_add
[   30.223950] bus: 'cpu': add device cpu3
[   30.226782] khelper (39) used greatest stack depth: 15104 bytes left
[   30.226763] kworker/u8:1 (40) used greatest stack depth: 15024 bytes left
[   30.226903] kworker/u8:1 (51) used greatest stack depth: 14848 bytes left
[   30.226903] kworker/u8:1 (57) used greatest stack depth: 14176 bytes left
[   30.230105] device: 'writeback': device_add
[   30.230132] bus: 'workqueue': add device writeback
[   30.230239] device: 'default': device_add
[   30.233451] device class 'block': registering
[   30.233622] ACPI: Added _OSI(Module Device)
[   30.233622] ACPI: Added _OSI(Processor Device)
[   30.233622] ACPI: Added _OSI(3.0 _SCP Extensions)
[   30.233638] ACPI: Added _OSI(Processor Aggregator Device)
[   30.233784] 
**** Context Switch from TID 4294967295 to TID 133431296 ****

[   30.233990]     utils-0051 util_eval_error       : Evaluate [\_SB_.PCI0.LPC0.EC0_._GLK]: AE_NOT_FOUND
[   30.234537] Executing  Method       \_SB_.PCI0.LPC0.EC0_._REG
[   30.235292] Executing  Method       \_SB_.PCI0.LPC0.EC0_._REG
[   30.235487] Executing  Method       \_SB_.PCI0.LPC0.EC0_._REG
[   30.235686] Executing  Method       \_SB_.PCI0.LPC0.EC0_._REG
[   30.238627] Initializing Region       \_SB_.OSTY
[   30.238833] Initializing Region       \_SB_.PCI0.NBMS
[   30.238975] Initializing Region       \_SB_.PCI0.NBXP
[   30.239114] Initializing Region       \_SB_.PCI0.K8ST
[   30.239300] Initializing Region       \_SB_.PCI0.BAR1
[   30.239483] Initializing Region       \_SB_.PCI0.PB2_.XPEX
[   30.239630] Initializing Region       \_SB_.PCI0.PB2_.PCFG
[   30.239778] Initializing Region       \_SB_.PCI0.PB2_.XPCB
[   30.239927] Initializing Region       \_SB_.PCI0.PB2_.XPRI
[   30.240080] Initializing Region       \_SB_.PCI0.PB2_.VGA_.PCFG
[   30.240259] Initializing Region       \_SB_.PCI0.PB2_.HDAU.PCFG
[   30.240449] Initializing Region       \_SB_.PCI0.PB3_.XPEX
[   30.240596] Initializing Region       \_SB_.PCI0.PB3_.PCFG
[   30.243354] Initializing Region       \_SB_.PCI0.PB3_.XPCB
[   30.243354] Initializing Region       \_SB_.PCI0.PB3_.XPRI
[   30.243354] Initializing Region       \_SB_.PCI0.PB3_.VGA_.PCFG
[   30.243354] Initializing Region       \_SB_.PCI0.PB3_.HDAU.PCFG
[   30.243354] Initializing Region       \_SB_.PCI0.PB4_.XPEX
[   30.243354] Initializing Region       \_SB_.PCI0.PB4_.PCFG
[   30.243354] Initializing Region       \_SB_.PCI0.PB4_.XPCB
[   30.243354] Initializing Region       \_SB_.PCI0.PB4_.XPRI
[   30.243354] Initializing Region       \_SB_.PCI0.PB4_.XPDV.PCFG
[   30.243354] Initializing Region       \_SB_.PCI0.PB5_.XPEX
[   30.243354] Initializing Region       \_SB_.PCI0.PB5_.PCFG
[   30.243354] Initializing Region       \_SB_.PCI0.PB5_.XPCB
[   30.243354] Initializing Region       \_SB_.PCI0.PB5_.XPRI
[   30.243354] Initializing Region       \_SB_.PCI0.PB5_.XPDV.PCFG
[   30.243354] Initializing Region       \_SB_.PCI0.PB6_.XPEX
[   30.243354] Initializing Region       \_SB_.PCI0.PB6_.PCFG
[   30.243354] Initializing Region       \_SB_.PCI0.PB6_.XPCB
[   30.243354] Initializing Region       \_SB_.PCI0.PB6_.XPRI
[   30.243500] Initializing Region       \_SB_.PCI0.PB6_.XPDV.PCFG
[   30.243661] Initializing Region       \_SB_.PCI0.PB7_.XPEX
[   30.243807] Initializing Region       \_SB_.PCI0.PB7_.PCFG
[   30.243947] Initializing Region       \_SB_.PCI0.PB7_.XPCB
[   30.244091] Initializing Region       \_SB_.PCI0.PB7_.XPRI
[   30.244242] Initializing Region       \_SB_.PCI0.PB7_.XPDV.PCFG
[   30.246684] Initializing Region       \_SB_.PCI0.SATC
[   30.246684] Initializing Region       \_SB_.PCI0.RMEM
[   30.246684] Initializing Region       \_SB_.PCI0.SATA.SATX
[   30.246684] Initializing Region       \_SB_.PCI0.SATA.BAR5
[   30.260219] Initializing Region       \_SB_.PCI0.SMB_.SBRV
[   30.260429] Initializing Region       \_SB_.PCI0.SMB_.PMIO
[   30.260577] Initializing Region       \_SB_.PCI0.SMB_.ERMM
[   30.260855] Initializing Region       \_SB_.PCI0.SMB_.P1E0
[   30.261014] Initializing Region       \_SB_.PCI0.SMB_.ABIO
[   30.261157] Initializing Region       \_SB_.PCI0.SMB_.SMB0
[   30.261296] Initializing Region       \_SB_.PCI0.LPC0.PIRQ
[   30.261496] Initializing Region       \_SB_.PCI0.LPC0.LPCR
[   30.261749] Initializing Region       \_SB_.PCI0.LPC0.LPCS
[   30.261954] Initializing Region       \_SB_.PCI0.LPC0.SMI0
[   30.262100] Initializing Region       \_SB_.PCI0.LPC0.SMI1
[   30.262255] Initializing Region       \_SB_.PCI0.LPC0.EC0_.ECO1
[   30.262396] Initializing Region       \_SB_.PCI0.LPC0.EC0_.ECO2
[   30.262534] Initializing Region       \_SB_.PCI0.LPC0.EC0_.ECMB
[   30.262534] Initializing Region       \_SB_.PCI0.LPC0.EC0_.RAM_
[   30.262534] Initializing Region       \_SB_.PCI0.LPC0.EC0_.CMOS
[   30.262534] Initializing Region       \_SB_.PCI0.LPC0.EC0_.VPC0.ERAM
[   30.262534] Initializing Region       \_SB_.PCI0.SPB0.PCFG
[   30.262534] Initializing Region       \_SB_.PCI0.SPB0.XPCB
[   30.262534] Initializing Region       \_SB_.PCI0.SPB0.XPDV.PCFG
[   30.262534] Initializing Region       \_SB_.PCI0.SPB1.PCFG
[   30.262534] Initializing Region       \_SB_.PCI0.SPB1.XPCB
[   30.262534] Initializing Region       \_SB_.PCI0.SPB1.XPDV.PCFG
[   30.262534] Initializing Region       \_SB_.PCI0.SPB2.PCFG
[   30.262534] Initializing Region       \_SB_.PCI0.SPB2.XPCB
[   30.262534] Initializing Region       \_SB_.PCI0.SPB2.XPDV.PCFG
[   30.262534] Initializing Region       \_SB_.PCI0.SPB3.PCFG
[   30.262534] Initializing Region       \_SB_.PCI0.SPB3.XPCB
[   30.262547] Initializing Region       \_SB_.PCI0.SPB3.XPDV.PCFG
[   30.262867] Initializing Region       \_SB_.PCI0.VGA_.REVD
[   30.263272] Initializing BufferField  \_SB_.AMW0.WLID
[   30.263781] Initializing Region       \DEB2
[   30.263977] Initializing Region       \PMIO
[   30.264124] Initializing Region       \P01_
[   30.264298] Initializing Region       \CNVS
[   30.264493] Initializing Region       \SPRT
[   30.264657] Initializing Region       \CMIO
[   30.264918] Executing  Method       \_SB_._STA
[   30.265104] Executing  Method       \_SB_._INI
[   30.265274] Executing  Method       \_SB_.PCI0._STA
[   30.265444] Executing  Method       \_SB_.PCI0._INI
[   30.265876] [Firmware Bug]: ACPI: BIOS _OSI(Linux) query ignored
[   30.266386] Executing  Method       \_SB_.PCI0.SATA._STA
[   30.266604] Executing  Method       \_SB_.PCI0.SATA._INI
[   30.267616] Executing  Method       \_SB_.PCI0.LPC0.EC0_._REG
[   30.296779] ACPI: Interpreter enabled
[   30.296910] ACPI: (supports S0 S5)
[   30.296975] ACPI: Using IOAPIC for interrupt routing
[   30.297015] PCI: MMCONFIG for domain 0000 [bus 00-3f] at [mem 0xf8000000-0xfbffffff] (base 0xf8000000)
[   30.297805] PCI: MMCONFIG at [mem 0xf8000000-0xfbffffff] reserved in ACPI motherboard resources
[   30.298148] bus: 'acpi': registered
[   30.298264] PCI: Using host bridge windows from ACPI; if necessary, use "pci=nocrs" and report a bug
[   30.298416]      scan-1141 get_device_data       : No context for object [ffffffffffffffff]
[   30.298627]     utils-0051 util_eval_error       : Evaluate [\._STA]: AE_NOT_FOUND
[   30.298855] device: 'LNXSYSTM:00': device_add
[   30.300072] bus: 'acpi': add device LNXSYSTM:00
[   30.300163]     utils-0051 util_eval_error       : Evaluate [\._SUN]: AE_NOT_FOUND
[   30.300361]      scan-1933 add_single_object     : Added LNXSYSTM:00 [\] parent (null)
[   30.300582]      scan-1141 get_device_data       : No context for object [ffff88040d81d000]
[   30.300792]      scan-1141 get_device_data       : No context for object [ffff88040d8377d0]
[   30.301000]      scan-1141 get_device_data       : No context for object [ffff88040d8377f8]
[   30.301185]      scan-1141 get_device_data       : No context for object [ffff88040d837820]
[   30.301395]      scan-1141 get_device_data       : No context for object [ffff88040d837848]
[   30.301604]      scan-1141 get_device_data       : No context for object [ffff88040d837870]
[   30.301814]      scan-1141 get_device_data       : No context for object [ffff88040d837898]
[   30.302023]      scan-1141 get_device_data       : No context for object [ffff88040d8378c0]
[   30.302207]      scan-1141 get_device_data       : No context for object [ffff88040d8378e8]
[   30.302416]      scan-1141 get_device_data       : No context for object [ffff88040d839398]
[   30.302624]      scan-1141 get_device_data       : No context for object [ffff88040d81d028]
[   30.302822]      scan-1141 get_device_data       : No context for object [ffff88040d81d168]
[   30.303021]     utils-0051 util_eval_error       : Evaluate [\_PR_.C000._STA]: AE_NOT_FOUND
[   30.303198]      scan-1141 get_device_data       : No context for object [ffff88040d81d028]
[   30.303341] device: 'LNXCPU:00': device_add
[   30.303400] bus: 'acpi': add device LNXCPU:00
[   30.303475]     utils-0051 util_eval_error       : Evaluate [\_PR_.C000._SUN]: AE_NOT_FOUND
[   30.303681]      scan-1933 add_single_object     : Added LNXCPU:00 [\_PR_.C000] parent LNXSYSTM:00
[   30.303883]      scan-1141 get_device_data       : No context for object [ffff88040d83c398]
[   30.304081]      scan-1141 get_device_data       : No context for object [ffff88040d83c3c0]
[   30.304279]      scan-1141 get_device_data       : No context for object [ffff88040d83c3e8]
[   30.304476]      scan-1141 get_device_data       : No context for object [ffff88040d83c410]
[   30.304670]      scan-1141 get_device_data       : No context for object [ffff88040d83c438]
[   30.304868]      scan-1141 get_device_data       : No context for object [ffff88040d83c460]
[   30.305065]      scan-1141 get_device_data       : No context for object [ffff88040d81d190]
[   30.305244]     utils-0051 util_eval_error       : Evaluate [\_PR_.C001._STA]: AE_NOT_FOUND
[   30.305442]      scan-1141 get_device_data       : No context for object [ffff88040d81d028]
[   30.305648] device: 'LNXCPU:01': device_add
[   30.305710] bus: 'acpi': add device LNXCPU:01
[   30.305778]     utils-0051 util_eval_error       : Evaluate [\_PR_.C001._SUN]: AE_NOT_FOUND
[   30.305981]      scan-1933 add_single_object     : Added LNXCPU:01 [\_PR_.C001] parent LNXSYSTM:00
[   30.306162]      scan-1141 get_device_data       : No context for object [ffff88040d83c488]
[   30.306360]      scan-1141 get_device_data       : No context for object [ffff88040d83c4b0]
[   30.306558]      scan-1141 get_device_data       : No context for object [ffff88040d83c4d8]
[   30.306798]      scan-1141 get_device_data       : No context for object [ffff88040d83c500]
[   30.306995]      scan-1141 get_device_data       : No context for object [ffff88040d83c528]
[   30.307169]      scan-1141 get_device_data       : No context for object [ffff88040d83c550]
[   30.307366]      scan-1141 get_device_data       : No context for object [ffff88040d81d1b8]
[   30.307565]     utils-0051 util_eval_error       : Evaluate [\_PR_.C002._STA]: AE_NOT_FOUND
[   30.307764]      scan-1141 get_device_data       : No context for object [ffff88040d81d028]
[   30.307970] device: 'LNXCPU:02': device_add
[   30.308033] bus: 'acpi': add device LNXCPU:02
[   30.308107]     utils-0051 util_eval_error       : Evaluate [\_PR_.C002._SUN]: AE_NOT_FOUND
[   30.308290]      scan-1933 add_single_object     : Added LNXCPU:02 [\_PR_.C002] parent LNXSYSTM:00
[   30.308489]      scan-1141 get_device_data       : No context for object [ffff88040d83c578]
[   30.308687]      scan-1141 get_device_data       : No context for object [ffff88040d83c5a0]
[   30.308884]      scan-1141 get_device_data       : No context for object [ffff88040d83c5c8]
[   30.309082]      scan-1141 get_device_data       : No context for object [ffff88040d83c5f0]
[   30.309234]      scan-1141 get_device_data       : No context for object [ffff88040d83c618]
[   30.309410]      scan-1141 get_device_data       : No context for object [ffff88040d83c640]
[   30.309604]      scan-1141 get_device_data       : No context for object [ffff88040d81d1e0]
[   30.309802]     utils-0051 util_eval_error       : Evaluate [\_PR_.C003._STA]: AE_NOT_FOUND
[   30.310003]      scan-1141 get_device_data       : No context for object [ffff88040d81d028]
[   30.310189] device: 'LNXCPU:03': device_add
[   30.310250] bus: 'acpi': add device LNXCPU:03
[   30.310323]     utils-0051 util_eval_error       : Evaluate [\_PR_.C003._SUN]: AE_NOT_FOUND
[   30.310528]      scan-1933 add_single_object     : Added LNXCPU:03 [\_PR_.C003] parent LNXSYSTM:00
[   30.310725]      scan-1141 get_device_data       : No context for object [ffff88040d83c668]
[   30.310918]      scan-1141 get_device_data       : No context for object [ffff88040d83c690]
[   30.311111]      scan-1141 get_device_data       : No context for object [ffff88040d83c6b8]
[   30.311306]      scan-1141 get_device_data       : No context for object [ffff88040d83c6e0]
[   30.311501]      scan-1141 get_device_data       : No context for object [ffff88040d83c708]
[   30.311697]      scan-1141 get_device_data       : No context for object [ffff88040d83c730]
[   30.311891]      scan-1141 get_device_data       : No context for object [ffff88040d81d050]
[   30.312082]     utils-0051 util_eval_error       : Evaluate [\_SB_._STA]: AE_NOT_FOUND
[   30.312281] device: 'LNXSYBUS:00': device_add
[   30.312366] bus: 'acpi': add device LNXSYBUS:00
[   30.312443]     utils-0051 util_eval_error       : Evaluate [\_SB_._SUN]: AE_NOT_FOUND
[   30.312648]      scan-1933 add_single_object     : Added LNXSYBUS:00 [\_SB_] parent LNXSYSTM:00
[   30.312851]      scan-1141 get_device_data       : No context for object [ffff88040d81d3c0]
[   30.313047]      scan-1141 get_device_data       : No context for object [ffff88040d81d3e8]
[   30.313193]      scan-1141 get_device_data       : No context for object [ffff88040d81d410]
[   30.313336]      scan-1141 get_device_data       : No context for object [ffff88040d81d438]
[   30.313530]      scan-1141 get_device_data       : No context for object [ffff88040d81d460]
[   30.313725]      scan-1141 get_device_data       : No context for object [ffff88040d81d488]
[   30.313921]      scan-1141 get_device_data       : No context for object [ffff88040d81d4b0]
[   30.314110]      scan-1141 get_device_data       : No context for object [ffff88040d81d5a0]
[   30.314307]     utils-0051 util_eval_error       : Evaluate [\_SB_.PWRB._STA]: AE_NOT_FOUND
[   30.314534] device: 'PNP0C0C:00': device_add
[   30.314597] bus: 'acpi': add device PNP0C0C:00
[   30.314672]     utils-0051 util_eval_error       : Evaluate [\_SB_.PWRB._SUN]: AE_NOT_FOUND
[   30.314879]      scan-1933 add_single_object     : Added PNP0C0C:00 [\_SB_.PWRB] parent LNXSYBUS:00
[   30.315087]      scan-1141 get_device_data       : No context for object [ffff88040d81d5c8]
[   30.315265]      scan-1141 get_device_data       : No context for object [ffff88040d81d5f0]
[   30.315465]     utils-0051 util_eval_error       : Evaluate [\_SB_.PCI0._STA]: AE_NOT_FOUND
[   30.315694] device: 'PNP0A08:00': device_add
[   30.315757] bus: 'acpi': add device PNP0A08:00
[   30.315835]     utils-0051 util_eval_error       : Evaluate [\_SB_.PCI0._SUN]: AE_NOT_FOUND
[   30.316666]      scan-1933 add_single_object     : Added PNP0A08:00 [\_SB_.PCI0] parent LNXSYBUS:00
[   30.316679]      scan-1141 get_device_data       : No context for object [ffff88040d81d618]
[   30.316877]      scan-1141 get_device_data       : No context for object [ffff88040d81d640]
[   30.317074]      scan-1141 get_device_data       : No context for object [ffff88040d81d668]
[   30.317271]      scan-1141 get_device_data       : No context for object [ffff88040d81d690]
[   30.317468]      scan-1141 get_device_data       : No context for object [ffff88040d81d6b8]
[   30.317616]      scan-1141 get_device_data       : No context for object [ffff88040d81d6e0]
[   30.317793]      scan-1141 get_device_data       : No context for object [ffff88040d81d708]
[   30.317991]      scan-1141 get_device_data       : No context for object [ffff88040d81d730]
[   30.318188]      scan-1141 get_device_data       : No context for object [ffff88040d81d758]
[   30.318385]      scan-1141 get_device_data       : No context for object [ffff88040d81d780]
[   30.318562]      scan-1141 get_device_data       : No context for object [ffff88040d81d7a8]
[   30.318757]      scan-1141 get_device_data       : No context for object [ffff88040d81d7d0]
[   30.318954]      scan-1141 get_device_data       : No context for object [ffff88040d81d7f8]
[   30.319151]      scan-1141 get_device_data       : No context for object [ffff88040d81d820]
[   30.319348]      scan-1141 get_device_data       : No context for object [ffff88040d81d848]
[   30.320144]      scan-1141 get_device_data       : No context for object [ffff88040d81d870]
[   30.320342]      scan-1141 get_device_data       : No context for object [ffff88040d81d898]
[   30.320538]      scan-1141 get_device_data       : No context for object [ffff88040d81d8c0]
[   30.320733]      scan-1141 get_device_data       : No context for object [ffff88040d81d8e8]
[   30.320930]      scan-1141 get_device_data       : No context for object [ffff88040d81d910]
[   30.321127]      scan-1141 get_device_data       : No context for object [ffff88040d81d938]
[   30.321326]      scan-1141 get_device_data       : No context for object [ffff88040d81d960]
[   30.321522]      scan-1141 get_device_data       : No context for object [ffff88040d81d988]
[   30.321722]      scan-1141 get_device_data       : No context for object [ffff88040d81d9b0]
[   30.321915]      scan-1141 get_device_data       : No context for object [ffff88040d81d9d8]
[   30.322113]      scan-1141 get_device_data       : No context for object [ffff88040d81da00]
[   30.322311]      scan-1141 get_device_data       : No context for object [ffff88040d81da28]
[   30.322508]      scan-1141 get_device_data       : No context for object [ffff88040d81da50]
[   30.322705]      scan-1141 get_device_data       : No context for object [ffff88040d81da78]
[   30.322902]      scan-1141 get_device_data       : No context for object [ffff88040d81daa0]
[   30.323096]      scan-1141 get_device_data       : No context for object [ffff88040d81dac8]
[   30.323273]      scan-1141 get_device_data       : No context for object [ffff88040d81daf0]
[   30.323497]      scan-1141 get_device_data       : No context for object [ffff88040d81db18]
[   30.323695]      scan-1141 get_device_data       : No context for object [ffff88040d81db40]
[   30.323892]      scan-1141 get_device_data       : No context for object [ffff88040d81db68]
[   30.324090]      scan-1141 get_device_data       : No context for object [ffff88040d81db90]
[   30.324239]      scan-1141 get_device_data       : No context for object [ffff88040d81dbb8]
[   30.324413]      scan-1141 get_device_data       : No context for object [ffff88040d81dbe0]
[   30.324611]      scan-1141 get_device_data       : No context for object [ffff88040d81dc08]
[   30.324809]      scan-1141 get_device_data       : No context for object [ffff88040d81dc30]
[   30.325006]      scan-1141 get_device_data       : No context for object [ffff88040d81dc58]
[   30.325184]      scan-1141 get_device_data       : No context for object [ffff88040d81dc80]
[   30.325382]      scan-1141 get_device_data       : No context for object [ffff88040d81dca8]
[   30.325576]      scan-1141 get_device_data       : No context for object [ffff88040d81dcd0]
[   30.325774]      scan-1141 get_device_data       : No context for object [ffff88040d81dcf8]
[   30.325972]      scan-1141 get_device_data       : No context for object [ffff88040d81dd20]
[   30.326161]      scan-1141 get_device_data       : No context for object [ffff88040d81dd48]
[   30.326359]      scan-1141 get_device_data       : No context for object [ffff88040d81dd70]
[   30.326554]      scan-1141 get_device_data       : No context for object [ffff88040d81dd98]
[   30.326668]      scan-1141 get_device_data       : No context for object [ffff88040d81ddc0]
[   30.326862]      scan-1141 get_device_data       : No context for object [ffff88040d81dde8]
[   30.327057]      scan-1141 get_device_data       : No context for object [ffff88040d81de10]
[   30.327253]      scan-1141 get_device_data       : No context for object [ffff88040d81de38]
[   30.327450]      scan-1141 get_device_data       : No context for object [ffff88040d81de60]
[   30.327644]      scan-1141 get_device_data       : No context for object [ffff88040d81de88]
[   30.327837]      scan-1141 get_device_data       : No context for object [ffff88040d81deb0]
[   30.328031]      scan-1141 get_device_data       : No context for object [ffff88040d81ded8]
[   30.328180]      scan-1141 get_device_data       : No context for object [ffff88040d81df00]
[   30.328357]      scan-1141 get_device_data       : No context for object [ffff88040d81df28]
[   30.328551]      scan-1141 get_device_data       : No context for object [ffff88040d81df50]
[   30.328746]      scan-1141 get_device_data       : No context for object [ffff88040d81df78]
[   30.328941]      scan-1141 get_device_data       : No context for object [ffff88040d81dfa0]
[   30.329115]      scan-1141 get_device_data       : No context for object [ffff88040d81dfc8]
[   30.329310]      scan-1141 get_device_data       : No context for object [ffff88040d822000]
[   30.329504]      scan-1141 get_device_data       : No context for object [ffff88040d822028]
[   30.329700]     utils-0051 util_eval_error       : Evaluate [\_SB_.PCI0.MEMR._STA]: AE_NOT_FOUND
[   30.330013] device: 'PNP0C02:00': device_add
[   30.330078] bus: 'acpi': add device PNP0C02:00
[   30.330152]     utils-0051 util_eval_error       : Evaluate [\_SB_.PCI0.MEMR._SUN]: AE_NOT_FOUND
[   30.330334]      scan-1933 add_single_object     : Added PNP0C02:00 [\_SB_.PCI0.MEMR] parent PNP0A08:00
[   30.330530]      scan-1141 get_device_data       : No context for object [ffff88040d822050]
[   30.330726]      scan-1141 get_device_data       : No context for object [ffff88040d822078]
[   30.330923]      scan-1141 get_device_data       : No context for object [ffff88040d8220a0]
[   30.331121]      scan-1141 get_device_data       : No context for object [ffff88040d8220c8]
[   30.331299]      scan-1141 get_device_data       : No context for object [ffff88040d8220f0]
[   30.331496]      scan-1141 get_device_data       : No context for object [ffff88040d822118]
[   30.331690]      scan-1141 get_device_data       : No context for object [ffff88040d822140]
[   30.331889]      scan-1141 get_device_data       : No context for object [ffff88040d822168]
[   30.332087]      scan-1141 get_device_data       : No context for object [ffff88040d822190]
[   30.332238]      scan-1141 get_device_data       : No context for object [ffff88040d8221b8]
[   30.332416]      scan-1141 get_device_data       : No context for object [ffff88040d8221e0]
[   30.332613]      scan-1141 get_device_data       : No context for object [ffff88040d822208]
[   30.332810]      scan-1141 get_device_data       : No context for object [ffff88040d822230]
[   30.333004]      scan-1141 get_device_data       : No context for object [ffff88040d822258]
[   30.333181]      scan-1141 get_device_data       : No context for object [ffff88040d822280]
[   30.333336]      scan-1141 get_device_data       : No context for object [ffff88040d8222a8]
[   30.333535]     utils-0051 util_eval_error       : Evaluate [\_SB_.PCI0.PB2_._STA]: AE_NOT_FOUND
[   30.333835] device: 'device:00': device_add
[   30.333899] bus: 'acpi': add device device:00
[   30.333967]     utils-0051 util_eval_error       : Evaluate [\_SB_.PCI0.PB2_._SUN]: AE_NOT_FOUND
[   30.334150]      scan-1933 add_single_object     : Added device:00 [\_SB_.PCI0.PB2_] parent PNP0A08:00
[   30.334352]      scan-1141 get_device_data       : No context for object [ffff88040d8222d0]
[   30.335568]      scan-1141 get_device_data       : No context for object [ffff88040d8222f8]
[   30.335766]      scan-1141 get_device_data       : No context for object [ffff88040d822320]
[   30.335963]      scan-1141 get_device_data       : No context for object [ffff88040d822348]
[   30.336141]      scan-1141 get_device_data       : No context for object [ffff88040d822370]
[   30.336339]      scan-1141 get_device_data       : No context for object [ffff88040d822398]
[   30.336534]      scan-1141 get_device_data       : No context for object [ffff88040d8223c0]
[   30.336669]      scan-1141 get_device_data       : No context for object [ffff88040d8223e8]
[   30.336867]      scan-1141 get_device_data       : No context for object [ffff88040d822410]
[   30.337054]      scan-1141 get_device_data       : No context for object [ffff88040d822438]
[   30.337252]      scan-1141 get_device_data       : No context for object [ffff88040d822460]
[   30.337450]      scan-1141 get_device_data       : No context for object [ffff88040d822488]
[   30.337647]      scan-1141 get_device_data       : No context for object [ffff88040d8224b0]
[   30.337841]      scan-1141 get_device_data       : No context for object [ffff88040d8224d8]
[   30.338038]      scan-1141 get_device_data       : No context for object [ffff88040d822500]
[   30.338236]      scan-1141 get_device_data       : No context for object [ffff88040d822528]
[   30.338433]      scan-1141 get_device_data       : No context for object [ffff88040d822550]
[   30.338631]      scan-1141 get_device_data       : No context for object [ffff88040d822578]
[   30.338830]      scan-1141 get_device_data       : No context for object [ffff88040d8225a0]
[   30.339024]      scan-1141 get_device_data       : No context for object [ffff88040d8225c8]
[   30.339221]      scan-1141 get_device_data       : No context for object [ffff88040d8225f0]
[   30.339418]      scan-1141 get_device_data       : No context for object [ffff88040d822618]
[   30.339615]      scan-1141 get_device_data       : No context for object [ffff88040d822640]
[   30.339812]      scan-1141 get_device_data       : No context for object [ffff88040d822668]
[   30.340001]      scan-1141 get_device_data       : No context for object [ffff88040d822690]
[   30.340148]      scan-1141 get_device_data       : No context for object [ffff88040d8226b8]
[   30.340325]      scan-1141 get_device_data       : No context for object [ffff88040d8226e0]
[   30.340522]      scan-1141 get_device_data       : No context for object [ffff88040d822708]
[   30.340720]      scan-1141 get_device_data       : No context for object [ffff88040d822730]
[   30.340917]      scan-1141 get_device_data       : No context for object [ffff88040d822758]
[   30.341094]      scan-1141 get_device_data       : No context for object [ffff88040d822780]
[   30.341292]     utils-0051 util_eval_error       : Evaluate [\_SB_.PCI0.PB2_.VGA_._STA]: AE_NOT_FOUND
[   30.341529] device: 'device:01': device_add
[   30.341638] bus: 'acpi': add device device:01
[   30.341715]     utils-0051 util_eval_error       : Evaluate [\_SB_.PCI0.PB2_.VGA_._SUN]: AE_NOT_FOUND
[   30.341923]      scan-1933 add_single_object     : Added device:01 [\_SB_.PCI0.PB2_.VGA_] parent device:00
[   30.342105]      scan-1141 get_device_data       : No context for object [ffff88040d8227a8]
[   30.342302]      scan-1141 get_device_data       : No context for object [ffff88040d8227d0]
[   30.342500]      scan-1141 get_device_data       : No context for object [ffff88040d8227f8]
[   30.342694]      scan-1141 get_device_data       : No context for object [ffff88040d822820]
[   30.342892]      scan-1141 get_device_data       : No context for object [ffff88040d822848]
[   30.343069]      scan-1141 get_device_data       : No context for object [ffff88040d822870]
[   30.343336]      scan-1141 get_device_data       : No context for object [ffff88040d822898]
[   30.343531]      scan-1141 get_device_data       : No context for object [ffff88040d8228c0]
[   30.343727]      scan-1141 get_device_data       : No context for object [ffff88040d8228e8]
[   30.343916]      scan-1141 get_device_data       : No context for object [ffff88040d822910]
[   30.344111]      scan-1141 get_device_data       : No context for object [ffff88040d822938]
[   30.344307]      scan-1141 get_device_data       : No context for object [ffff88040d822960]
[   30.344501]      scan-1141 get_device_data       : No context for object [ffff88040d822988]
[   30.344695]      scan-1141 get_device_data       : No context for object [ffff88040d8229b0]
[   30.344890]      scan-1141 get_device_data       : No context for object [ffff88040d8229d8]
[   30.345083]      scan-1141 get_device_data       : No context for object [ffff88040d822a00]
[   30.345257]      scan-1141 get_device_data       : No context for object [ffff88040d822a28]
[   30.345452]      scan-1141 get_device_data       : No context for object [ffff88040d822a50]
[   30.345647]      scan-1141 get_device_data       : No context for object [ffff88040d822a78]
[   30.345841]      scan-1141 get_device_data       : No context for object [ffff88040d822aa0]
[   30.346036]      scan-1141 get_device_data       : No context for object [ffff88040d822ac8]
[   30.346187]      scan-1141 get_device_data       : No context for object [ffff88040d822af0]
[   30.346360]      scan-1141 get_device_data       : No context for object [ffff88040d822b18]
[   30.346553]      scan-1141 get_device_data       : No context for object [ffff88040d822b40]
[   30.346796]      scan-1141 get_device_data       : No context for object [ffff88040d822b68]
[   30.346990]      scan-1141 get_device_data       : No context for object [ffff88040d822b90]
[   30.347167]      scan-1141 get_device_data       : No context for object [ffff88040d822bb8]
[   30.347363]      scan-1141 get_device_data       : No context for object [ffff88040d822be0]
[   30.347559]      scan-1141 get_device_data       : No context for object [ffff88040d822c08]
[   30.347754]      scan-1141 get_device_data       : No context for object [ffff88040d822c30]
[   30.347951]      scan-1141 get_device_data       : No context for object [ffff88040d822c58]
[   30.348148]      scan-1141 get_device_data       : No context for object [ffff88040d822c80]
[   30.348345]      scan-1141 get_device_data       : No context for object [ffff88040d822ca8]
[   30.348543]      scan-1141 get_device_data       : No context for object [ffff88040d822cd0]
[   30.348740]      scan-1141 get_device_data       : No context for object [ffff88040d822cf8]
[   30.348933]      scan-1141 get_device_data       : No context for object [ffff88040d822d20]
[   30.349131]      scan-1141 get_device_data       : No context for object [ffff88040d822d48]
[   30.349308]      scan-1141 get_device_data       : No context for object [ffff88040d822d70]
[   30.349506]      scan-1141 get_device_data       : No context for object [ffff88040d822d98]
[   30.349703]      scan-1141 get_device_data       : No context for object [ffff88040d837438]
[   30.349900]      scan-1141 get_device_data       : No context for object [ffff88040d822dc0]
[   30.350002]     utils-0051 util_eval_error       : Evaluate [\_SB_.PCI0.PB2_.HDAU._STA]: AE_NOT_FOUND
[   30.350192] device: 'device:02': device_add
[   30.350255] bus: 'acpi': add device device:02
[   30.350329]     utils-0051 util_eval_error       : Evaluate [\_SB_.PCI0.PB2_.HDAU._SUN]: AE_NOT_FOUND
[   30.350515]      scan-1933 add_single_object     : Added device:02 [\_SB_.PCI0.PB2_.HDAU] parent device:00
[   30.350717]      scan-1141 get_device_data       : No context for object [ffff88040d822de8]
[   30.350914]      scan-1141 get_device_data       : No context for object [ffff88040d822e10]
[   30.351090]      scan-1141 get_device_data       : No context for object [ffff88040d822e38]
[   30.351284]      scan-1141 get_device_data       : No context for object [ffff88040d822e60]
[   30.351482]      scan-1141 get_device_data       : No context for object [ffff88040d822e88]
[   30.351680]      scan-1141 get_device_data       : No context for object [ffff88040d822eb0]
[   30.351878]      scan-1141 get_device_data       : No context for object [ffff88040d822ed8]
[   30.352071]     utils-0051 util_eval_error       : Evaluate [\_SB_.PCI0.PB3_._STA]: AE_NOT_FOUND
[   30.352301] device: 'device:03': device_add
[   30.352360] bus: 'acpi': add device device:03
[   30.352428]     utils-0051 util_eval_error       : Evaluate [\_SB_.PCI0.PB3_._SUN]: AE_NOT_FOUND
[   30.352634]      scan-1933 add_single_object     : Added device:03 [\_SB_.PCI0.PB3_] parent PNP0A08:00
[   30.353339]      scan-1141 get_device_data       : No context for object [ffff88040d822f00]
[   30.353537]      scan-1141 get_device_data       : No context for object [ffff88040d822f28]
[   30.353735]      scan-1141 get_device_data       : No context for object [ffff88040d822f50]
[   30.353933]      scan-1141 get_device_data       : No context for object [ffff88040d822f78]
[   30.354130]      scan-1141 get_device_data       : No context for object [ffff88040d822fa0]
[   30.354327]      scan-1141 get_device_data       : No context for object [ffff88040d822fc8]
[   30.354523]      scan-1141 get_device_data       : No context for object [ffff88040d823000]
[   30.354721]      scan-1141 get_device_data       : No context for object [ffff88040d823028]
[   30.354918]      scan-1141 get_device_data       : No context for object [ffff88040d823050]
[   30.355117]      scan-1141 get_device_data       : No context for object [ffff88040d823078]
[   30.355315]      scan-1141 get_device_data       : No context for object [ffff88040d8230a0]
[   30.355511]      scan-1141 get_device_data       : No context for object [ffff88040d8230c8]
[   30.355707]      scan-1141 get_device_data       : No context for object [ffff88040d8230f0]
[   30.355905]      scan-1141 get_device_data       : No context for object [ffff88040d823118]
[   30.356669]      scan-1141 get_device_data       : No context for object [ffff88040d823140]
[   30.356867]      scan-1141 get_device_data       : No context for object [ffff88040d823168]
[   30.357064]      scan-1141 get_device_data       : No context for object [ffff88040d823190]
[   30.357249]      scan-1141 get_device_data       : No context for object [ffff88040d8231b8]
[   30.357443]      scan-1141 get_device_data       : No context for object [ffff88040d8231e0]
[   30.357641]      scan-1141 get_device_data       : No context for object [ffff88040d823208]
[   30.357838]      scan-1141 get_device_data       : No context for object [ffff88040d823230]
[   30.358036]      scan-1141 get_device_data       : No context for object [ffff88040d823258]
[   30.358187]      scan-1141 get_device_data       : No context for object [ffff88040d823280]
[   30.358364]      scan-1141 get_device_data       : No context for object [ffff88040d8232a8]
[   30.358559]      scan-1141 get_device_data       : No context for object [ffff88040d8232d0]
[   30.358754]      scan-1141 get_device_data       : No context for object [ffff88040d8232f8]
[   30.358952]      scan-1141 get_device_data       : No context for object [ffff88040d823320]
[   30.359129]      scan-1141 get_device_data       : No context for object [ffff88040d823348]
[   30.359326]      scan-1141 get_device_data       : No context for object [ffff88040d823370]
[   30.359523]      scan-1141 get_device_data       : No context for object [ffff88040d823398]
[   30.359720]      scan-1141 get_device_data       : No context for object [ffff88040d8233c0]
[   30.359911]     utils-0051 util_eval_error       : Evaluate [\_SB_.PCI0.PB3_.VGA_._STA]: AE_NOT_FOUND
[   30.360160]     video-0058 backlight_cap_match   : Found generic backlight support
[   30.360366] device: 'LNXVIDEO:00': device_add
[   30.360427] bus: 'acpi': add device LNXVIDEO:00
[   30.360506]     utils-0051 util_eval_error       : Evaluate [\_SB_.PCI0.PB3_.VGA_._SUN]: AE_NOT_FOUND
[   30.360713]      scan-1933 add_single_object     : Added LNXVIDEO:00 [\_SB_.PCI0.PB3_.VGA_] parent device:03
[   30.360917]      scan-1141 get_device_data       : No context for object [ffff88040d8233e8]
[   30.361108]      scan-1141 get_device_data       : No context for object [ffff88040d823410]
[   30.361305]      scan-1141 get_device_data       : No context for object [ffff88040d823438]
[   30.361500]      scan-1141 get_device_data       : No context for object [ffff88040d823460]
[   30.361695]      scan-1141 get_device_data       : No context for object [ffff88040d823488]
[   30.361889]      scan-1141 get_device_data       : No context for object [ffff88040d8234b0]
[   30.362084]      scan-1141 get_device_data       : No context for object [ffff88040d8234d8]
[   30.362231]      scan-1141 get_device_data       : No context for object [ffff88040d823500]
[   30.362404]      scan-1141 get_device_data       : No context for object [ffff88040d823528]
[   30.362599]      scan-1141 get_device_data       : No context for object [ffff88040d823550]
[   30.362794]      scan-1141 get_device_data       : No context for object [ffff88040d823578]
[   30.362988]      scan-1141 get_device_data       : No context for object [ffff88040d8235a0]
[   30.363164]      scan-1141 get_device_data       : No context for object [ffff88040d8235c8]
[   30.363336]      scan-1141 get_device_data       : No context for object [ffff88040d8235f0]
[   30.363527]      scan-1141 get_device_data       : No context for object [ffff88040d823618]
[   30.363724]      scan-1141 get_device_data       : No context for object [ffff88040d823640]
[   30.363919]      scan-1141 get_device_data       : No context for object [ffff88040d823668]
[   30.364113]      scan-1141 get_device_data       : No context for object [ffff88040d823690]
[   30.364311]      scan-1141 get_device_data       : No context for object [ffff88040d8236b8]
[   30.364508]      scan-1141 get_device_data       : No context for object [ffff88040d8236e0]
[   30.364705]      scan-1141 get_device_data       : No context for object [ffff88040d823708]
[   30.364900]      scan-1141 get_device_data       : No context for object [ffff88040d823730]
[   30.365099]      scan-1141 get_device_data       : No context for object [ffff88040d823758]
[   30.365297]      scan-1141 get_device_data       : No context for object [ffff88040d823780]
[   30.365494]      scan-1141 get_device_data       : No context for object [ffff88040d8237a8]
[   30.365692]      scan-1141 get_device_data       : No context for object [ffff88040d8237d0]
[   30.365889]      scan-1141 get_device_data       : No context for object [ffff88040d8237f8]
[   30.366083]      scan-1141 get_device_data       : No context for object [ffff88040d823820]
[   30.366280]      scan-1141 get_device_data       : No context for object [ffff88040d823848]
[   30.366477]      scan-1141 get_device_data       : No context for object [ffff88040d823870]
[   30.366669]      scan-1141 get_device_data       : No context for object [ffff88040d823898]
[   30.366866]      scan-1141 get_device_data       : No context for object [ffff88040d8238c0]
[   30.367063]      scan-1141 get_device_data       : No context for object [ffff88040d8238e8]
[   30.367240]      scan-1141 get_device_data       : No context for object [ffff88040d823910]
[   30.367437]      scan-1141 get_device_data       : No context for object [ffff88040d823938]
[   30.367635]      scan-1141 get_device_data       : No context for object [ffff88040d823960]
[   30.367832]      scan-1141 get_device_data       : No context for object [ffff88040d823988]
[   30.368030]      scan-1141 get_device_data       : No context for object [ffff88040d8239b0]
[   30.368181]      scan-1141 get_device_data       : No context for object [ffff88040d8239d8]
[   30.368358]      scan-1141 get_device_data       : No context for object [ffff88040d837460]
[   30.368552]      scan-1141 get_device_data       : No context for object [ffff88040d83ac08]
[   30.368750]      scan-1141 get_device_data       : No context for object [ffff88040d83ac30]
[   30.368947]      scan-1141 get_device_data       : No context for object [ffff88040d83ac58]
[   30.369126]     utils-0051 util_eval_error       : Evaluate [\_SB_.PCI0.PB3_.VGA_.CRT_._STA]: AE_NOT_FOUND
[   30.369370] device: 'device:04': device_add
[   30.369481] bus: 'acpi': add device device:04
[   30.369547]     utils-0051 util_eval_error       : Evaluate [\_SB_.PCI0.PB3_.VGA_.CRT_._SUN]: AE_NOT_FOUND
[   30.370012]      scan-1933 add_single_object     : Added device:04 [\_SB_.PCI0.PB3_.VGA_.CRT_] parent LNXVIDEO:00
[   30.370012]      scan-1141 get_device_data       : No context for object [ffff88040d83ac80]
[   30.370183]      scan-1141 get_device_data       : No context for object [ffff88040d83aca8]
[   30.370381]      scan-1141 get_device_data       : No context for object [ffff88040d83acd0]
[   30.370579]      scan-1141 get_device_data       : No context for object [ffff88040d83acf8]
[   30.370776]      scan-1141 get_device_data       : No context for object [ffff88040d83ad20]
[   30.370971]     utils-0051 util_eval_error       : Evaluate [\_SB_.PCI0.PB3_.VGA_.LCD_._STA]: AE_NOT_FOUND
[   30.371198] device: 'device:05': device_add
[   30.372326] bus: 'acpi': add device device:05
[   30.372400]     utils-0051 util_eval_error       : Evaluate [\_SB_.PCI0.PB3_.VGA_.LCD_._SUN]: AE_NOT_FOUND
[   30.372608]      scan-1933 add_single_object     : Added device:05 [\_SB_.PCI0.PB3_.VGA_.LCD_] parent LNXVIDEO:00
[   30.372810]      scan-1141 get_device_data       : No context for object [ffff88040d83ad48]
[   30.373008]      scan-1141 get_device_data       : No context for object [ffff88040d83ad70]
[   30.373185]      scan-1141 get_device_data       : No context for object [ffff88040d83ad98]
[   30.373335]      scan-1141 get_device_data       : No context for object [ffff88040d83adc0]
[   30.373533]      scan-1141 get_device_data       : No context for object [ffff88040d83ade8]
[   30.373730]      scan-1141 get_device_data       : No context for object [ffff88040d83ae10]
[   30.373928]      scan-1141 get_device_data       : No context for object [ffff88040d83ae38]
[   30.374109]      scan-1141 get_device_data       : No context for object [ffff88040d83ae60]
[   30.374307]     utils-0051 util_eval_error       : Evaluate [\_SB_.PCI0.PB3_.VGA_.TV0_._STA]: AE_NOT_FOUND
[   30.374526] device: 'device:06': device_add
[   30.374586] bus: 'acpi': add device device:06
[   30.374663]     utils-0051 util_eval_error       : Evaluate [\_SB_.PCI0.PB3_.VGA_.TV0_._SUN]: AE_NOT_FOUND
[   30.374871]      scan-1933 add_single_object     : Added device:06 [\_SB_.PCI0.PB3_.VGA_.TV0_] parent LNXVIDEO:00
[   30.375074]      scan-1141 get_device_data       : No context for object [ffff88040d83ae88]
[   30.375250]      scan-1141 get_device_data       : No context for object [ffff88040d83aeb0]
[   30.375448]      scan-1141 get_device_data       : No context for object [ffff88040d83aed8]
[   30.375644]      scan-1141 get_device_data       : No context for object [ffff88040d83af00]
[   30.375838]      scan-1141 get_device_data       : No context for object [ffff88040d83af28]
[   30.376037]     utils-0051 util_eval_error       : Evaluate [\_SB_.PCI0.PB3_.VGA_.HDMI._STA]: AE_NOT_FOUND
[   30.376231] device: 'device:07': device_add
[   30.376326] bus: 'acpi': add device device:07
[   30.376400]     utils-0051 util_eval_error       : Evaluate [\_SB_.PCI0.PB3_.VGA_.HDMI._SUN]: AE_NOT_FOUND
[   30.376679]      scan-1933 add_single_object     : Added device:07 [\_SB_.PCI0.PB3_.VGA_.HDMI] parent LNXVIDEO:00
[   30.376834]      scan-1141 get_device_data       : No context for object [ffff88040d83af50]
[   30.377024]      scan-1141 get_device_data       : No context for object [ffff88040d83af78]
[   30.377199]      scan-1141 get_device_data       : No context for object [ffff88040d83afa0]
[   30.377394]      scan-1141 get_device_data       : No context for object [ffff88040d83afc8]
[   30.377589]      scan-1141 get_device_data       : No context for object [ffff88040d823a00]
[   30.377785]     utils-0051 util_eval_error       : Evaluate [\_SB_.PCI0.PB3_.HDAU._STA]: AE_NOT_FOUND
[   30.378014] device: 'device:08': device_add
[   30.378075] bus: 'acpi': add device device:08
[   30.378144]     utils-0051 util_eval_error       : Evaluate [\_SB_.PCI0.PB3_.HDAU._SUN]: AE_NOT_FOUND
[   30.378327]      scan-1933 add_single_object     : Added device:08 [\_SB_.PCI0.PB3_.HDAU] parent device:03
[   30.378527]      scan-1141 get_device_data       : No context for object [ffff88040d823a28]
[   30.378722]      scan-1141 get_device_data       : No context for object [ffff88040d823a50]
[   30.378919]      scan-1141 get_device_data       : No context for object [ffff88040d823a78]
[   30.379113]      scan-1141 get_device_data       : No context for object [ffff88040d823aa0]
[   30.379309]      scan-1141 get_device_data       : No context for object [ffff88040d823ac8]
[   30.379500]      scan-1141 get_device_data       : No context for object [ffff88040d823af0]
[   30.379695]      scan-1141 get_device_data       : No context for object [ffff88040d823b18]
[   30.379890]     utils-0051 util_eval_error       : Evaluate [\_SB_.PCI0.PB4_._STA]: AE_NOT_FOUND
[   30.380083] device: 'device:09': device_add
[   30.380148] bus: 'acpi': add device device:09
[   30.380222]     utils-0051 util_eval_error       : Evaluate [\_SB_.PCI0.PB4_._SUN]: AE_NOT_FOUND
[   30.380428]      scan-1933 add_single_object     : Added device:09 [\_SB_.PCI0.PB4_] parent PNP0A08:00
[   30.380622]      scan-1141 get_device_data       : No context for object [ffff88040d823b40]
[   30.380820]      scan-1141 get_device_data       : No context for object [ffff88040d823b68]
[   30.381018]      scan-1141 get_device_data       : No context for object [ffff88040d823b90]
[   30.381215]      scan-1141 get_device_data       : No context for object [ffff88040d823bb8]
[   30.381413]      scan-1141 get_device_data       : No context for object [ffff88040d823be0]
[   30.381610]      scan-1141 get_device_data       : No context for object [ffff88040d823c08]
[   30.381807]      scan-1141 get_device_data       : No context for object [ffff88040d823c30]
[   30.382004]      scan-1141 get_device_data       : No context for object [ffff88040d823c58]
[   30.382189]      scan-1141 get_device_data       : No context for object [ffff88040d823c80]
[   30.382387]      scan-1141 get_device_data       : No context for object [ffff88040d823ca8]
[   30.382584]      scan-1141 get_device_data       : No context for object [ffff88040d823cd0]
[   30.382781]      scan-1141 get_device_data       : No context for object [ffff88040d823cf8]
[   30.382979]      scan-1141 get_device_data       : No context for object [ffff88040d823d20]
[   30.383126]      scan-1141 get_device_data       : No context for object [ffff88040d823d48]
[   30.383336]      scan-1141 get_device_data       : No context for object [ffff88040d823d70]
[   30.383534]      scan-1141 get_device_data       : No context for object [ffff88040d823d98]
[   30.383731]      scan-1141 get_device_data       : No context for object [ffff88040d823dc0]
[   30.383929]      scan-1141 get_device_data       : No context for object [ffff88040d823de8]
[   30.384106]      scan-1141 get_device_data       : No context for object [ffff88040d823e10]
[   30.384302]      scan-1141 get_device_data       : No context for object [ffff88040d823e38]
[   30.384498]      scan-1141 get_device_data       : No context for object [ffff88040d823e60]
[   30.384695]      scan-1141 get_device_data       : No context for object [ffff88040d823e88]
[   30.384893]      scan-1141 get_device_data       : No context for object [ffff88040d823eb0]
[   30.385077]      scan-1141 get_device_data       : No context for object [ffff88040d823ed8]
[   30.385275]      scan-1141 get_device_data       : No context for object [ffff88040d823f00]
[   30.385471]      scan-1141 get_device_data       : No context for object [ffff88040d823f28]
[   30.385666]      scan-1141 get_device_data       : No context for object [ffff88040d823f50]
[   30.385864]      scan-1141 get_device_data       : No context for object [ffff88040d823f78]
[   30.386061]      scan-1141 get_device_data       : No context for object [ffff88040d823fa0]
[   30.386259]      scan-1141 get_device_data       : No context for object [ffff88040d823fc8]
[   30.386457]      scan-1141 get_device_data       : No context for object [ffff88040d825000]
[   30.386669]     utils-0051 util_eval_error       : Evaluate [\_SB_.PCI0.PB4_.XPDV._STA]: AE_NOT_FOUND
[   30.386896] device: 'device:0a': device_add
[   30.386959] bus: 'acpi': add device device:0a
[   30.387033]     utils-0051 util_eval_error       : Evaluate [\_SB_.PCI0.PB4_.XPDV._SUN]: AE_NOT_FOUND
[   30.387243]      scan-1933 add_single_object     : Added device:0a [\_SB_.PCI0.PB4_.XPDV] parent device:09
[   30.387445]      scan-1141 get_device_data       : No context for object [ffff88040d825028]
[   30.387643]      scan-1141 get_device_data       : No context for object [ffff88040d825050]
[   30.387840]      scan-1141 get_device_data       : No context for object [ffff88040d825078]
[   30.388035]      scan-1141 get_device_data       : No context for object [ffff88040d8250a0]
[   30.388187]      scan-1141 get_device_data       : No context for object [ffff88040d8250c8]
[   30.388364]      scan-1141 get_device_data       : No context for object [ffff88040d837500]
[   30.388562]      scan-1141 get_device_data       : No context for object [ffff88040d8250f0]
[   30.388760]      scan-1141 get_device_data       : No context for object [ffff88040d825118]
[   30.388960]     utils-0051 util_eval_error       : Evaluate [\_SB_.PCI0.PB5_._STA]: AE_NOT_FOUND
[   30.389167] device: 'device:0b': device_add
[   30.389226] bus: 'acpi': add device device:0b
[   30.389297]     utils-0051 util_eval_error       : Evaluate [\_SB_.PCI0.PB5_._SUN]: AE_NOT_FOUND
[   30.390013]      scan-1933 add_single_object     : Added device:0b [\_SB_.PCI0.PB5_] parent PNP0A08:00
[   30.390013]      scan-1141 get_device_data       : No context for object [ffff88040d825140]
[   30.390204]      scan-1141 get_device_data       : No context for object [ffff88040d825168]
[   30.390381]      scan-1141 get_device_data       : No context for object [ffff88040d825190]
[   30.390578]      scan-1141 get_device_data       : No context for object [ffff88040d8251b8]
[   30.390776]      scan-1141 get_device_data       : No context for object [ffff88040d8251e0]
[   30.390971]      scan-1141 get_device_data       : No context for object [ffff88040d825208]
[   30.391167]      scan-1141 get_device_data       : No context for object [ffff88040d825230]
[   30.391365]      scan-1141 get_device_data       : No context for object [ffff88040d825258]
[   30.391563]      scan-1141 get_device_data       : No context for object [ffff88040d825280]
[   30.391760]      scan-1141 get_device_data       : No context for object [ffff88040d8252a8]
[   30.391957]      scan-1141 get_device_data       : No context for object [ffff88040d8252d0]
[   30.392155]      scan-1141 get_device_data       : No context for object [ffff88040d8252f8]
[   30.392350]      scan-1141 get_device_data       : No context for object [ffff88040d825320]
[   30.393336]      scan-1141 get_device_data       : No context for object [ffff88040d825348]
[   30.393531]      scan-1141 get_device_data       : No context for object [ffff88040d825370]
[   30.393725]      scan-1141 get_device_data       : No context for object [ffff88040d825398]
[   30.393920]      scan-1141 get_device_data       : No context for object [ffff88040d8253c0]
[   30.394114]      scan-1141 get_device_data       : No context for object [ffff88040d8253e8]
[   30.394257]      scan-1141 get_device_data       : No context for object [ffff88040d825410]
[   30.394435]      scan-1141 get_device_data       : No context for object [ffff88040d825438]
[   30.394629]      scan-1141 get_device_data       : No context for object [ffff88040d825460]
[   30.394823]      scan-1141 get_device_data       : No context for object [ffff88040d825488]
[   30.395017]      scan-1141 get_device_data       : No context for object [ffff88040d8254b0]
[   30.395194]      scan-1141 get_device_data       : No context for object [ffff88040d8254d8]
[   30.395388]      scan-1141 get_device_data       : No context for object [ffff88040d825500]
[   30.395580]      scan-1141 get_device_data       : No context for object [ffff88040d825528]
[   30.395775]      scan-1141 get_device_data       : No context for object [ffff88040d825550]
[   30.395968]      scan-1141 get_device_data       : No context for object [ffff88040d825578]
[   30.396161]      scan-1141 get_device_data       : No context for object [ffff88040d8255a0]
[   30.396357]      scan-1141 get_device_data       : No context for object [ffff88040d8255c8]
[   30.396551]      scan-1141 get_device_data       : No context for object [ffff88040d8255f0]
[   30.396670]     utils-0051 util_eval_error       : Evaluate [\_SB_.PCI0.PB5_.XPDV._STA]: AE_NOT_FOUND
[   30.396901] device: 'device:0c': device_add
[   30.396962] bus: 'acpi': add device device:0c
[   30.397035]     utils-0051 util_eval_error       : Evaluate [\_SB_.PCI0.PB5_.XPDV._SUN]: AE_NOT_FOUND
[   30.397228]      scan-1933 add_single_object     : Added device:0c [\_SB_.PCI0.PB5_.XPDV] parent device:0b
[   30.397430]      scan-1141 get_device_data       : No context for object [ffff88040d825618]
[   30.397627]      scan-1141 get_device_data       : No context for object [ffff88040d825640]
[   30.397823]      scan-1141 get_device_data       : No context for object [ffff88040d825668]
[   30.398020]      scan-1141 get_device_data       : No context for object [ffff88040d825690]
[   30.398171]      scan-1141 get_device_data       : No context for object [ffff88040d8256b8]
[   30.398348]      scan-1141 get_device_data       : No context for object [ffff88040d837528]
[   30.398545]      scan-1141 get_device_data       : No context for object [ffff88040d8256e0]
[   30.398743]      scan-1141 get_device_data       : No context for object [ffff88040d825708]
[   30.398941]     utils-0051 util_eval_error       : Evaluate [\_SB_.PCI0.PB6_._STA]: AE_NOT_FOUND
[   30.399165] device: 'device:0d': device_add
[   30.399228] bus: 'acpi': add device device:0d
[   30.399303]     utils-0051 util_eval_error       : Evaluate [\_SB_.PCI0.PB6_._SUN]: AE_NOT_FOUND
[   30.400005]      scan-1933 add_single_object     : Added device:0d [\_SB_.PCI0.PB6_] parent PNP0A08:00
[   30.400005]      scan-1141 get_device_data       : No context for object [ffff88040d825730]
[   30.400005]      scan-1141 get_device_data       : No context for object [ffff88040d825758]
[   30.400144]      scan-1141 get_device_data       : No context for object [ffff88040d825780]
[   30.400339]      scan-1141 get_device_data       : No context for object [ffff88040d8257a8]
[   30.400537]      scan-1141 get_device_data       : No context for object [ffff88040d8257d0]
[   30.400734]      scan-1141 get_device_data       : No context for object [ffff88040d8257f8]
[   30.400932]      scan-1141 get_device_data       : No context for object [ffff88040d825820]
[   30.401129]      scan-1141 get_device_data       : No context for object [ffff88040d825848]
[   30.401327]      scan-1141 get_device_data       : No context for object [ffff88040d825870]
[   30.401525]      scan-1141 get_device_data       : No context for object [ffff88040d825898]
[   30.401719]      scan-1141 get_device_data       : No context for object [ffff88040d8258c0]
[   30.401916]      scan-1141 get_device_data       : No context for object [ffff88040d8258e8]
[   30.402114]      scan-1141 get_device_data       : No context for object [ffff88040d825910]
[   30.402311]      scan-1141 get_device_data       : No context for object [ffff88040d825938]
[   30.402508]      scan-1141 get_device_data       : No context for object [ffff88040d825960]
[   30.402705]      scan-1141 get_device_data       : No context for object [ffff88040d825988]
[   30.402898]      scan-1141 get_device_data       : No context for object [ffff88040d8259b0]
[   30.403095]      scan-1141 get_device_data       : No context for object [ffff88040d8259d8]
[   30.403275]      scan-1141 get_device_data       : No context for object [ffff88040d825a00]
[   30.403497]      scan-1141 get_device_data       : No context for object [ffff88040d825a28]
[   30.403694]      scan-1141 get_device_data       : No context for object [ffff88040d825a50]
[   30.403893]      scan-1141 get_device_data       : No context for object [ffff88040d825a78]
[   30.404085]      scan-1141 get_device_data       : No context for object [ffff88040d825aa0]
[   30.404237]      scan-1141 get_device_data       : No context for object [ffff88040d825ac8]
[   30.404414]      scan-1141 get_device_data       : No context for object [ffff88040d825af0]
[   30.404612]      scan-1141 get_device_data       : No context for object [ffff88040d825b18]
[   30.404809]      scan-1141 get_device_data       : No context for object [ffff88040d825b40]
[   30.405006]      scan-1141 get_device_data       : No context for object [ffff88040d825b68]
[   30.405182]      scan-1141 get_device_data       : No context for object [ffff88040d825b90]
[   30.405378]      scan-1141 get_device_data       : No context for object [ffff88040d825bb8]
[   30.405575]      scan-1141 get_device_data       : No context for object [ffff88040d825be0]
[   30.405774]     utils-0051 util_eval_error       : Evaluate [\_SB_.PCI0.PB6_.XPDV._STA]: AE_NOT_FOUND
[   30.406007] device: 'device:0e': device_add
[   30.406069] bus: 'acpi': add device device:0e
[   30.406146]     utils-0051 util_eval_error       : Evaluate [\_SB_.PCI0.PB6_.XPDV._SUN]: AE_NOT_FOUND
[   30.406672]      scan-1933 add_single_object     : Added device:0e [\_SB_.PCI0.PB6_.XPDV] parent device:0d
[   30.406672]      scan-1141 get_device_data       : No context for object [ffff88040d825c08]
[   30.406672]      scan-1141 get_device_data       : No context for object [ffff88040d825c30]
[   30.406867]      scan-1141 get_device_data       : No context for object [ffff88040d825c58]
[   30.407064]      scan-1141 get_device_data       : No context for object [ffff88040d825c80]
[   30.407242]      scan-1141 get_device_data       : No context for object [ffff88040d825ca8]
[   30.407439]      scan-1141 get_device_data       : No context for object [ffff88040d837550]
[   30.407635]      scan-1141 get_device_data       : No context for object [ffff88040d825cd0]
[   30.407830]      scan-1141 get_device_data       : No context for object [ffff88040d825cf8]
[   30.409048]     utils-0051 util_eval_error       : Evaluate [\_SB_.PCI0.PB7_._STA]: AE_NOT_FOUND
[   30.409331] device: 'device:0f': device_add
[   30.409394] bus: 'acpi': add device device:0f
[   30.409469]     utils-0051 util_eval_error       : Evaluate [\_SB_.PCI0.PB7_._SUN]: AE_NOT_FOUND
[   30.410012]      scan-1933 add_single_object     : Added device:0f [\_SB_.PCI0.PB7_] parent PNP0A08:00
[   30.410012]      scan-1141 get_device_data       : No context for object [ffff88040d825d20]
[   30.410127]      scan-1141 get_device_data       : No context for object [ffff88040d825d48]
[   30.410320]      scan-1141 get_device_data       : No context for object [ffff88040d825d70]
[   30.410516]      scan-1141 get_device_data       : No context for object [ffff88040d825d98]
[   30.410711]      scan-1141 get_device_data       : No context for object [ffff88040d825dc0]
[   30.410905]      scan-1141 get_device_data       : No context for object [ffff88040d825de8]
[   30.411100]      scan-1141 get_device_data       : No context for object [ffff88040d825e10]
[   30.411249]      scan-1141 get_device_data       : No context for object [ffff88040d825e38]
[   30.411421]      scan-1141 get_device_data       : No context for object [ffff88040d825e60]
[   30.411618]      scan-1141 get_device_data       : No context for object [ffff88040d825e88]
[   30.411812]      scan-1141 get_device_data       : No context for object [ffff88040d825eb0]
[   30.412007]      scan-1141 get_device_data       : No context for object [ffff88040d825ed8]
[   30.412183]      scan-1141 get_device_data       : No context for object [ffff88040d825f00]
[   30.412377]      scan-1141 get_device_data       : No context for object [ffff88040d825f28]
[   30.412570]      scan-1141 get_device_data       : No context for object [ffff88040d825f50]
[   30.412763]      scan-1141 get_device_data       : No context for object [ffff88040d825f78]
[   30.412958]      scan-1141 get_device_data       : No context for object [ffff88040d825fa0]
[   30.413154]      scan-1141 get_device_data       : No context for object [ffff88040d825fc8]
[   30.413336]      scan-1141 get_device_data       : No context for object [ffff88040d827000]
[   30.413530]      scan-1141 get_device_data       : No context for object [ffff88040d827028]
[   30.413724]      scan-1141 get_device_data       : No context for object [ffff88040d827050]
[   30.413914]      scan-1141 get_device_data       : No context for object [ffff88040d827078]
[   30.414110]      scan-1141 get_device_data       : No context for object [ffff88040d8270a0]
[   30.414287]      scan-1141 get_device_data       : No context for object [ffff88040d8270c8]
[   30.414485]      scan-1141 get_device_data       : No context for object [ffff88040d8270f0]
[   30.414683]      scan-1141 get_device_data       : No context for object [ffff88040d827118]
[   30.414881]      scan-1141 get_device_data       : No context for object [ffff88040d827140]
[   30.415075]      scan-1141 get_device_data       : No context for object [ffff88040d827168]
[   30.415227]      scan-1141 get_device_data       : No context for object [ffff88040d827190]
[   30.415404]      scan-1141 get_device_data       : No context for object [ffff88040d8271b8]
[   30.415601]      scan-1141 get_device_data       : No context for object [ffff88040d8271e0]
[   30.415800]     utils-0051 util_eval_error       : Evaluate [\_SB_.PCI0.PB7_.XPDV._STA]: AE_NOT_FOUND
[   30.416035] device: 'device:10': device_add
[   30.416146] bus: 'acpi': add device device:10
[   30.416212]     utils-0051 util_eval_error       : Evaluate [\_SB_.PCI0.PB7_.XPDV._SUN]: AE_NOT_FOUND
[   30.416679]      scan-1933 add_single_object     : Added device:10 [\_SB_.PCI0.PB7_.XPDV] parent device:0f
[   30.416679]      scan-1141 get_device_data       : No context for object [ffff88040d827208]
[   30.416798]      scan-1141 get_device_data       : No context for object [ffff88040d827230]
[   30.416995]      scan-1141 get_device_data       : No context for object [ffff88040d827258]
[   30.417172]      scan-1141 get_device_data       : No context for object [ffff88040d827280]
[   30.417370]      scan-1141 get_device_data       : No context for object [ffff88040d8272a8]
[   30.417565]      scan-1141 get_device_data       : No context for object [ffff88040d837488]
[   30.417763]      scan-1141 get_device_data       : No context for object [ffff88040d8272d0]
[   30.417960]      scan-1141 get_device_data       : No context for object [ffff88040d8272f8]
[   30.418145]     utils-0051 util_eval_error       : Evaluate [\_SB_.PCI0.OHC1._STA]: AE_NOT_FOUND
[   30.418389] device: 'device:11': device_add
[   30.418452] bus: 'acpi': add device device:11
[   30.418529]     utils-0051 util_eval_error       : Evaluate [\_SB_.PCI0.OHC1._SUN]: AE_NOT_FOUND
[   30.418731]      scan-1933 add_single_object     : Added device:11 [\_SB_.PCI0.OHC1] parent PNP0A08:00
[   30.418931]      scan-1141 get_device_data       : No context for object [ffff88040d827320]
[   30.419129]      scan-1141 get_device_data       : No context for object [ffff88040d827348]
[   30.419326]      scan-1141 get_device_data       : No context for object [ffff88040d83b2f8]
[   30.419525]     utils-0051 util_eval_error       : Evaluate [\_SB_.PCI0.OHC1.RHUB._STA]: AE_NOT_FOUND
[   30.419758] device: 'device:12': device_add
[   30.419821] bus: 'acpi': add device device:12
[   30.419887]     utils-0051 util_eval_error       : Evaluate [\_SB_.PCI0.OHC1.RHUB._SUN]: AE_NOT_FOUND
[   30.420011]      scan-1933 add_single_object     : Added device:12 [\_SB_.PCI0.OHC1.RHUB] parent device:11
[   30.420167]      scan-1141 get_device_data       : No context for object [ffff88040d83b320]
[   30.420344]      scan-1141 get_device_data       : No context for object [ffff88040d83b348]
[   30.420544]     utils-0051 util_eval_error       : Evaluate [\_SB_.PCI0.OHC1.RHUB.PRT3._STA]: AE_NOT_FOUND
[   30.420777] device: 'device:13': device_add
[   30.420839] bus: 'acpi': add device device:13
[   30.420914]     utils-0051 util_eval_error       : Evaluate [\_SB_.PCI0.OHC1.RHUB.PRT3._SUN]: AE_NOT_FOUND
[   30.421096]      scan-1933 add_single_object     : Added device:13 [\_SB_.PCI0.OHC1.RHUB.PRT3] parent device:12
[   30.421298]      scan-1141 get_device_data       : No context for object [ffff88040d83b370]
[   30.421496]      scan-1141 get_device_data       : No context for object [ffff88040d83b398]
[   30.421693]      scan-1141 get_device_data       : No context for object [ffff88040d83b3c0]
[   30.421891]      scan-1141 get_device_data       : No context for object [ffff88040d83b3e8]
[   30.422070]     utils-0051 util_eval_error       : Evaluate [\_SB_.PCI0.OHC1.RHUB.PRT4._STA]: AE_NOT_FOUND
[   30.422289] device: 'device:14': device_add
[   30.422348] bus: 'acpi': add device device:14
[   30.422426]     utils-0051 util_eval_error       : Evaluate [\_SB_.PCI0.OHC1.RHUB.PRT4._SUN]: AE_NOT_FOUND
[   30.422634]      scan-1933 add_single_object     : Added device:14 [\_SB_.PCI0.OHC1.RHUB.PRT4] parent device:12
[   30.422837]      scan-1141 get_device_data       : No context for object [ffff88040d83b410]
[   30.423035]      scan-1141 get_device_data       : No context for object [ffff88040d83b438]
[   30.423336]      scan-1141 get_device_data       : No context for object [ffff88040d83b460]
[   30.423533]      scan-1141 get_device_data       : No context for object [ffff88040d827370]
[   30.423729]     utils-0051 util_eval_error       : Evaluate [\_SB_.PCI0.EHC1._STA]: AE_NOT_FOUND
[   30.423974] device: 'device:15': device_add
[   30.424037] bus: 'acpi': add device device:15
[   30.424111]     utils-0051 util_eval_error       : Evaluate [\_SB_.PCI0.EHC1._SUN]: AE_NOT_FOUND
[   30.424271]      scan-1933 add_single_object     : Added device:15 [\_SB_.PCI0.EHC1] parent PNP0A08:00
[   30.424452]      scan-1141 get_device_data       : No context for object [ffff88040d827398]
[   30.424651]      scan-1141 get_device_data       : No context for object [ffff88040d8273c0]
[   30.424847]      scan-1141 get_device_data       : No context for object [ffff88040d83b028]
[   30.425043]     utils-0051 util_eval_error       : Evaluate [\_SB_.PCI0.EHC1.RHUB._STA]: AE_NOT_FOUND
[   30.425255] device: 'device:16': device_add
[   30.425317] bus: 'acpi': add device device:16
[   30.425392]     utils-0051 util_eval_error       : Evaluate [\_SB_.PCI0.EHC1.RHUB._SUN]: AE_NOT_FOUND
[   30.425599]      scan-1933 add_single_object     : Added device:16 [\_SB_.PCI0.EHC1.RHUB] parent device:15
[   30.425801]      scan-1141 get_device_data       : No context for object [ffff88040d83b050]
[   30.425997]      scan-1141 get_device_data       : No context for object [ffff88040d83b078]
[   30.426172]     utils-0051 util_eval_error       : Evaluate [\_SB_.PCI0.EHC1.RHUB.PRT3._STA]: AE_NOT_FOUND
[   30.426688] device: 'device:17': device_add
[   30.426748] bus: 'acpi': add device device:17
[   30.426824]     utils-0051 util_eval_error       : Evaluate [\_SB_.PCI0.EHC1.RHUB.PRT3._SUN]: AE_NOT_FOUND
[   30.427029]      scan-1933 add_single_object     : Added device:17 [\_SB_.PCI0.EHC1.RHUB.PRT3] parent device:16
[   30.427228]      scan-1141 get_device_data       : No context for object [ffff88040d83b0a0]
[   30.427424]      scan-1141 get_device_data       : No context for object [ffff88040d83b0c8]
[   30.427572]      scan-1141 get_device_data       : No context for object [ffff88040d83b0f0]
[   30.427749]      scan-1141 get_device_data       : No context for object [ffff88040d83b118]
[   30.427941]     utils-0051 util_eval_error       : Evaluate [\_SB_.PCI0.EHC1.RHUB.PRT4._STA]: AE_NOT_FOUND
[   30.428173] device: 'device:18': device_add
[   30.428234] bus: 'acpi': add device device:18
[   30.428307]     utils-0051 util_eval_error       : Evaluate [\_SB_.PCI0.EHC1.RHUB.PRT4._SUN]: AE_NOT_FOUND
[   30.428511]      scan-1933 add_single_object     : Added device:18 [\_SB_.PCI0.EHC1.RHUB.PRT4] parent device:16
[   30.428709]      scan-1141 get_device_data       : No context for object [ffff88040d83b140]
[   30.428904]      scan-1141 get_device_data       : No context for object [ffff88040d83b168]
[   30.429097]      scan-1141 get_device_data       : No context for object [ffff88040d83b190]
[   30.429288]      scan-1141 get_device_data       : No context for object [ffff88040d8273e8]
[   30.430130]     utils-0051 util_eval_error       : Evaluate [\_SB_.PCI0.OHC2._STA]: AE_NOT_FOUND
[   30.430372] device: 'device:19': device_add
[   30.430434] bus: 'acpi': add device device:19
[   30.430506]     utils-0051 util_eval_error       : Evaluate [\_SB_.PCI0.OHC2._SUN]: AE_NOT_FOUND
[   30.430710]      scan-1933 add_single_object     : Added device:19 [\_SB_.PCI0.OHC2] parent PNP0A08:00
[   30.430908]      scan-1141 get_device_data       : No context for object [ffff88040d827410]
[   30.431102]      scan-1141 get_device_data       : No context for object [ffff88040d827438]
[   30.431279]      scan-1141 get_device_data       : No context for object [ffff88040d83b488]
[   30.431478]     utils-0051 util_eval_error       : Evaluate [\_SB_.PCI0.OHC2.RHUB._STA]: AE_NOT_FOUND
[   30.431709] device: 'device:1a': device_add
[   30.431774] bus: 'acpi': add device device:1a
[   30.431849]     utils-0051 util_eval_error       : Evaluate [\_SB_.PCI0.OHC2.RHUB._SUN]: AE_NOT_FOUND
[   30.432056]      scan-1933 add_single_object     : Added device:1a [\_SB_.PCI0.OHC2.RHUB] parent device:19
[   30.432208]      scan-1141 get_device_data       : No context for object [ffff88040d83b4b0]
[   30.432383]      scan-1141 get_device_data       : No context for object [ffff88040d83b4d8]
[   30.432582]     utils-0051 util_eval_error       : Evaluate [\_SB_.PCI0.OHC2.RHUB.PRT4._STA]: AE_NOT_FOUND
[   30.432816] device: 'device:1b': device_add
[   30.432879] bus: 'acpi': add device device:1b
[   30.432954]     utils-0051 util_eval_error       : Evaluate [\_SB_.PCI0.OHC2.RHUB.PRT4._SUN]: AE_NOT_FOUND
[   30.433336]      scan-1933 add_single_object     : Added device:1b [\_SB_.PCI0.OHC2.RHUB.PRT4] parent device:1a
[   30.433337]      scan-1141 get_device_data       : No context for object [ffff88040d83b500]
[   30.433530]      scan-1141 get_device_data       : No context for object [ffff88040d83b528]
[   30.433727]      scan-1141 get_device_data       : No context for object [ffff88040d83b550]
[   30.433926]      scan-1141 get_device_data       : No context for object [ffff88040d827460]
[   30.434125]     utils-0051 util_eval_error       : Evaluate [\_SB_.PCI0.EHC2._STA]: AE_NOT_FOUND
[   30.434367] device: 'device:1c': device_add
[   30.434430] bus: 'acpi': add device device:1c
[   30.434508]     utils-0051 util_eval_error       : Evaluate [\_SB_.PCI0.EHC2._SUN]: AE_NOT_FOUND
[   30.434708]      scan-1933 add_single_object     : Added device:1c [\_SB_.PCI0.EHC2] parent PNP0A08:00
[   30.434911]      scan-1141 get_device_data       : No context for object [ffff88040d827488]
[   30.435109]      scan-1141 get_device_data       : No context for object [ffff88040d8274b0]
[   30.435306]      scan-1141 get_device_data       : No context for object [ffff88040d83b1b8]
[   30.435505]     utils-0051 util_eval_error       : Evaluate [\_SB_.PCI0.EHC2.RHUB._STA]: AE_NOT_FOUND
[   30.435737] device: 'device:1d': device_add
[   30.435799] bus: 'acpi': add device device:1d
[   30.435865]     utils-0051 util_eval_error       : Evaluate [\_SB_.PCI0.EHC2.RHUB._SUN]: AE_NOT_FOUND
[   30.436667]      scan-1933 add_single_object     : Added device:1d [\_SB_.PCI0.EHC2.RHUB] parent device:1c
[   30.436667]      scan-1141 get_device_data       : No context for object [ffff88040d83b1e0]
[   30.436667]      scan-1141 get_device_data       : No context for object [ffff88040d83b208]
[   30.436667]     utils-0051 util_eval_error       : Evaluate [\_SB_.PCI0.EHC2.RHUB.PRT2._STA]: AE_NOT_FOUND
[   30.436866] device: 'device:1e': device_add
[   30.436929] bus: 'acpi': add device device:1e
[   30.437005]     utils-0051 util_eval_error       : Evaluate [\_SB_.PCI0.EHC2.RHUB.PRT2._SUN]: AE_NOT_FOUND
[   30.437184]      scan-1933 add_single_object     : Added device:1e [\_SB_.PCI0.EHC2.RHUB.PRT2] parent device:1d
[   30.437386]      scan-1141 get_device_data       : No context for object [ffff88040d83b230]
[   30.437584]      scan-1141 get_device_data       : No context for object [ffff88040d83b258]
[   30.437782]      scan-1141 get_device_data       : No context for object [ffff88040d83b280]
[   30.437980]      scan-1141 get_device_data       : No context for object [ffff88040d8274d8]
[   30.438158]     utils-0051 util_eval_error       : Evaluate [\_SB_.PCI0.OHC3._STA]: AE_NOT_FOUND
[   30.438385] device: 'device:1f': device_add
[   30.438447] bus: 'acpi': add device device:1f
[   30.438525]     utils-0051 util_eval_error       : Evaluate [\_SB_.PCI0.OHC3._SUN]: AE_NOT_FOUND
[   30.438732]      scan-1933 add_single_object     : Added device:1f [\_SB_.PCI0.OHC3] parent PNP0A08:00
[   30.438934]      scan-1141 get_device_data       : No context for object [ffff88040d827500]
[   30.439132]      scan-1141 get_device_data       : No context for object [ffff88040d827528]
[   30.439329]      scan-1141 get_device_data       : No context for object [ffff88040d83b578]
[   30.439527]     utils-0051 util_eval_error       : Evaluate [\_SB_.PCI0.OHC3.RHUB._STA]: AE_NOT_FOUND
[   30.439758] device: 'device:20': device_add
[   30.439870] bus: 'acpi': add device device:20
[   30.439945]     utils-0051 util_eval_error       : Evaluate [\_SB_.PCI0.OHC3.RHUB._SUN]: AE_NOT_FOUND
[   30.440141]      scan-1933 add_single_object     : Added device:20 [\_SB_.PCI0.OHC3.RHUB] parent device:1f
[   30.440343]      scan-1141 get_device_data       : No context for object [ffff88040d83b5a0]
[   30.440541]      scan-1141 get_device_data       : No context for object [ffff88040d827550]
[   30.440740]     utils-0051 util_eval_error       : Evaluate [\_SB_.PCI0.EHC3._STA]: AE_NOT_FOUND
[   30.440979] device: 'device:21': device_add
[   30.441042] bus: 'acpi': add device device:21
[   30.441117]     utils-0051 util_eval_error       : Evaluate [\_SB_.PCI0.EHC3._SUN]: AE_NOT_FOUND
[   30.441303]      scan-1933 add_single_object     : Added device:21 [\_SB_.PCI0.EHC3] parent PNP0A08:00
[   30.441504]      scan-1141 get_device_data       : No context for object [ffff88040d827578]
[   30.441702]      scan-1141 get_device_data       : No context for object [ffff88040d8275a0]
[   30.441900]      scan-1141 get_device_data       : No context for object [ffff88040d83b2a8]
[   30.442093]     utils-0051 util_eval_error       : Evaluate [\_SB_.PCI0.EHC3.RHUB._STA]: AE_NOT_FOUND
[   30.442282] device: 'device:22': device_add
[   30.442344] bus: 'acpi': add device device:22
[   30.442421]     utils-0051 util_eval_error       : Evaluate [\_SB_.PCI0.EHC3.RHUB._SUN]: AE_NOT_FOUND
[   30.442607]      scan-1933 add_single_object     : Added device:22 [\_SB_.PCI0.EHC3.RHUB] parent device:21
[   30.442809]      scan-1141 get_device_data       : No context for object [ffff88040d83b2d0]
[   30.443008]      scan-1141 get_device_data       : No context for object [ffff88040d8275c8]
[   30.443185]     utils-0051 util_eval_error       : Evaluate [\_SB_.PCI0.OHC4._STA]: AE_NOT_FOUND
[   30.443428] device: 'device:23': device_add
[   30.443491] bus: 'acpi': add device device:23
[   30.443565]     utils-0051 util_eval_error       : Evaluate [\_SB_.PCI0.OHC4._SUN]: AE_NOT_FOUND
[   30.443768]      scan-1933 add_single_object     : Added device:23 [\_SB_.PCI0.OHC4] parent PNP0A08:00
[   30.443966]      scan-1141 get_device_data       : No context for object [ffff88040d8275f0]
[   30.444143]      scan-1141 get_device_data       : No context for object [ffff88040d827618]
[   30.444337]      scan-1141 get_device_data       : No context for object [ffff88040d827640]
[   30.445453]     utils-0051 util_eval_error       : Evaluate [\_SB_.PCI0.SBAZ._STA]: AE_NOT_FOUND
[   30.445677] device: 'device:24': device_add
[   30.445738] bus: 'acpi': add device device:24
[   30.445812]     utils-0051 util_eval_error       : Evaluate [\_SB_.PCI0.SBAZ._SUN]: AE_NOT_FOUND
