[    0.000000] Initializing cgroup subsys cpuset
[    0.000000] Initializing cgroup subsys cpu
[    0.000000] Initializing cgroup subsys cpuacct
[    0.000000] Linux version 3.17.0-rc2-gfd5984d (emacs@manji) (gcc version 4.9.1 (GCC) ) #52 SMP Sun Aug 31 16:53:44 CEST 2014
[    0.000000] Command line: BOOT_IMAGE=/vmlinuz-linux-git root=UUID=bfa4ab6e-19a3-4601-ba2b-267c55841c73 rw cryptdevice=/dev/disk/by-uuid/70c08890-417a-497d-b6ab-c0d0357a63e2:cryptManjaro:allow-discards ipv6.disable=1 pnp.debug=1 loglevel=9 log_buf_len=10M printk.always_kmsg_dump=y printk.time=y mminit_loglevel=0 memory_corruption_check=1 acpi.debug_layer=0xfbff0000 acpi.debug_level=0xFFFFFFFD pnp.debug=1 nohz=on rcu_nocbs=1-3 pcie_aspm=force fbcon=scrollback:4096k fbcon=font:ProFont6x11 radeon.audio=0 radeon.lockup_timeout=0 radeon.test=0 radeon.agpmode=-1 radeon.benchmark=0 radeon.tv=0 radeon.hard_reset=1 radeon.aspm=1 radeon.dpm=1 radeon.msi=1 radeon.pcie_gen2=-1 radeon.no_wb=1 radeon.modeset=1 radeon.dynclks=1 radeon.r4xx_atom=0 radeon.runpm=0 radeonfb radeon.fastfb=1 nomodeset
[    0.000000] KERNEL supported cpus:
[    0.000000]   AMD AuthenticAMD
[    0.000000] tseg: 00bfe00000
[    0.000000] e820: BIOS-provided physical RAM map:
[    0.000000] BIOS-e820: [mem 0x0000000000000000-0x000000000009d7ff] usable
[    0.000000] BIOS-e820: [mem 0x000000000009d800-0x000000000009ffff] reserved
[    0.000000] BIOS-e820: [mem 0x00000000000e0000-0x00000000000fffff] reserved
[    0.000000] BIOS-e820: [mem 0x0000000000100000-0x00000000bed9afff] usable
[    0.000000] BIOS-e820: [mem 0x00000000bed9b000-0x00000000bf39afff] reserved
[    0.000000] BIOS-e820: [mem 0x00000000bf39b000-0x00000000bf49afff] ACPI NVS
[    0.000000] BIOS-e820: [mem 0x00000000bf49b000-0x00000000bf51afff] ACPI data
[    0.000000] BIOS-e820: [mem 0x00000000bf51b000-0x00000000bfdfffff] usable
[    0.000000] BIOS-e820: [mem 0x00000000bfe00000-0x00000000bfffffff] reserved
[    0.000000] BIOS-e820: [mem 0x00000000fec00000-0x00000000fecfffff] reserved
[    0.000000] BIOS-e820: [mem 0x00000000fed80000-0x00000000fed80fff] reserved
[    0.000000] BIOS-e820: [mem 0x00000000ffe00000-0x00000000ffffffff] reserved
[    0.000000] BIOS-e820: [mem 0x0000000100000000-0x000000041effffff] usable
[    0.000000] NX (Execute Disable) protection: active
[    0.000000] SMBIOS 2.6 present.
[    0.000000] DMI: LENOVO Sabine/Torpedo, BIOS 54CN18WW 07/20/2011
[    0.000000] e820: update [mem 0x00000000-0x00000fff] usable ==> reserved
[    0.000000] e820: remove [mem 0x000a0000-0x000fffff] usable
[    0.000000] e820: last_pfn = 0x41f000 max_arch_pfn = 0x400000000
[    0.000000] MTRR default type: uncachable
[    0.000000] MTRR fixed ranges enabled:
[    0.000000]   00000-9FFFF write-back
[    0.000000]   A0000-BFFFF uncachable
[    0.000000]   C0000-FFFFF write-protect
[    0.000000] MTRR variable ranges enabled:
[    0.000000]   0 base 0000000000 mask FF80000000 write-back
[    0.000000]   1 base 0080000000 mask FFC0000000 write-back
[    0.000000]   2 base 00FFF90000 mask FFFFFF0000 uncachable
[    0.000000]   3 base 00FED80000 mask 0FFFFFF000 uncachable
[    0.000000]   4 disabled
[    0.000000]   5 disabled
[    0.000000]   6 disabled
[    0.000000]   7 base 00FFE00000 mask FFFFE00000 write-protect
[    0.000000] TOM2: 000000041f000000 aka 16880M
[    0.000000] mtrr: your BIOS has configured an incorrect mask, fixing it.
[    0.000000] e820: last_pfn = 0xbfe00 max_arch_pfn = 0x400000000
[    0.000000] found SMP MP-table at [mem 0x000fa8b0-0x000fa8bf] mapped at [ffff8800000fa8b0]
[    0.000000] Base memory trampoline at [ffff880000097000] 97000 size 24576
[    0.000000] Using GB pages for direct mapping
[    0.000000] init_memory_mapping: [mem 0x00000000-0x000fffff]
[    0.000000]  [mem 0x00000000-0x000fffff] page 4k
[    0.000000] BRK [0x01e17000, 0x01e17fff] PGTABLE
[    0.000000] BRK [0x01e18000, 0x01e18fff] PGTABLE
[    0.000000] BRK [0x01e19000, 0x01e19fff] PGTABLE
[    0.000000] init_memory_mapping: [mem 0x41ee00000-0x41effffff]
[    0.000000]  [mem 0x41ee00000-0x41effffff] page 2M
[    0.000000] BRK [0x01e1a000, 0x01e1afff] PGTABLE
[    0.000000] init_memory_mapping: [mem 0x41c000000-0x41edfffff]
[    0.000000]  [mem 0x41c000000-0x41edfffff] page 2M
[    0.000000] init_memory_mapping: [mem 0x400000000-0x41bffffff]
[    0.000000]  [mem 0x400000000-0x41bffffff] page 2M
[    0.000000] init_memory_mapping: [mem 0x00100000-0xbed9afff]
[    0.000000]  [mem 0x00100000-0x001fffff] page 4k
[    0.000000]  [mem 0x00200000-0x3fffffff] page 2M
[    0.000000]  [mem 0x40000000-0x7fffffff] page 1G
[    0.000000]  [mem 0x80000000-0xbebfffff] page 2M
[    0.000000]  [mem 0xbec00000-0xbed9afff] page 4k
[    0.000000] init_memory_mapping: [mem 0xbf51b000-0xbfdfffff]
[    0.000000]  [mem 0xbf51b000-0xbf5fffff] page 4k
[    0.000000]  [mem 0xbf600000-0xbfdfffff] page 2M
[    0.000000] BRK [0x01e1b000, 0x01e1bfff] PGTABLE
[    0.000000] init_memory_mapping: [mem 0x100000000-0x3ffffffff]
[    0.000000]  [mem 0x100000000-0x3ffffffff] page 1G
[    0.000000] log_buf_len: 16777216 bytes
[    0.000000] early log buf free: 2092044(99%)
[    0.000000] RAMDISK: [mem 0x3782c000-0x37c0dfff]
[    0.000000] ACPI: Early table checksum verification disabled
[    0.000000] ACPI: RSDP 0x00000000000F0110 000024 (v02 LENOVO)
[    0.000000] ACPI: XSDT 0x00000000BF51A120 000074 (v01 LENOVO CB-01    00000001 LENO 00000001)
[    0.000000] ACPI: FACP 0x00000000BF508000 0000F4 (v04 LENOVO CB-01    00000001 PTL  00000001)
[    0.000000] ACPI: DSDT 0x00000000BF50A000 00FD10 (v01 LENOVO CB-01    00001000 LENO 00000001)
[    0.000000] ACPI: FACS 0x00000000BF478000 000040
[    0.000000] ACPI: HPET 0x00000000BF507000 000038 (v01 LENOVO CB-01    00000001 PTL  00000001)
[    0.000000] ACPI: APIC 0x00000000BF506000 00007A (v02 LENOVO CB-01    00000001 PTL  00000001)
[    0.000000] ACPI: MCFG 0x00000000BF505000 00003C (v01 LENOVO CB-01    00000001 PTL  00000001)
[    0.000000] ACPI: SLIC 0x00000000BF504000 000176 (v01 LENOVO CB-01    00000001 LENO 00000001)
[    0.000000] ACPI: UEFI 0x00000000BF503000 00003E (v01 LENOVO CB-01    00000001 PTL  00000001)
[    0.000000] ACPI: UEFI 0x00000000BF502000 000042 (v01 PTL    COMBUF   00000001 PTL  00000001)
[    0.000000] ACPI: SSDT 0x00000000BF501000 000E34 (v01 AMD    POWERNOW 00000001 AMD  00000001)
[    0.000000] ACPI: SSDT 0x00000000BF4FF000 00193D (v02 AMD    ALIB     00000001 MSFT 04000000)
[    0.000000] ACPI: UEFI 0x00000000BF4FE000 00021A (v01 LENOVO CB-01    00000001 PTL  00000001)
[    0.000000] ACPI: Local APIC address 0xfee00000
[    0.000000] No NUMA configuration found
[    0.000000] Faking a node at [mem 0x0000000000000000-0x000000041effffff]
[    0.000000] Initmem setup node 0 [mem 0x00000000-0x41effffff]
[    0.000000]   NODE_DATA [mem 0x41dffa000-0x41dffdfff]
[    0.000000]  [ffffea0000000000-ffffea00107fffff] PMD -> [ffff88040de00000-ffff88041d5fffff] on node 0
[    0.000000] Zone ranges:
[    0.000000]   DMA      [mem 0x00001000-0x00ffffff]
[    0.000000]   DMA32    [mem 0x01000000-0xffffffff]
[    0.000000]   Normal   [mem 0x100000000-0x41effffff]
[    0.000000] Movable zone start for each node
[    0.000000] Early memory node ranges
[    0.000000]   node   0: [mem 0x00001000-0x0009cfff]
[    0.000000]   node   0: [mem 0x00100000-0xbed9afff]
[    0.000000]   node   0: [mem 0xbf51b000-0xbfdfffff]
[    0.000000]   node   0: [mem 0x100000000-0x41effffff]
[    0.000000] On node 0 totalpages: 4056604
[    0.000000]   DMA zone: 64 pages used for memmap
[    0.000000]   DMA zone: 21 pages reserved
[    0.000000]   DMA zone: 3996 pages, LIFO batch:0
[    0.000000]   DMA32 zone: 12186 pages used for memmap
[    0.000000]   DMA32 zone: 779904 pages, LIFO batch:31
[    0.000000]   Normal zone: 51136 pages used for memmap
[    0.000000]   Normal zone: 3272704 pages, LIFO batch:31
[    0.000000] ACPI: PM-Timer IO Port: 0x808
[    0.000000] ACPI: Local APIC address 0xfee00000
[    0.000000] ACPI: LAPIC (acpi_id[0x00] lapic_id[0x00] enabled)
[    0.000000] ACPI: LAPIC (acpi_id[0x01] lapic_id[0x01] enabled)
[    0.000000] ACPI: LAPIC (acpi_id[0x02] lapic_id[0x02] enabled)
[    0.000000] ACPI: LAPIC (acpi_id[0x03] lapic_id[0x03] enabled)
[    0.000000] ACPI: LAPIC_NMI (acpi_id[0x00] high edge lint[0x1])
[    0.000000] ACPI: LAPIC_NMI (acpi_id[0x01] high edge lint[0x1])
[    0.000000] ACPI: LAPIC_NMI (acpi_id[0x02] high edge lint[0x1])
[    0.000000] ACPI: LAPIC_NMI (acpi_id[0x03] high edge lint[0x1])
[    0.000000] ACPI: IOAPIC (id[0x02] address[0xfec00000] gsi_base[0])
[    0.000000] IOAPIC[0]: apic_id 2, version 33, address 0xfec00000, GSI 0-23
[    0.000000] ACPI: INT_SRC_OVR (bus 0 bus_irq 0 global_irq 2 dfl dfl)
[    0.000000] ACPI: IRQ0 used by override.
[    0.000000] ACPI: IRQ9 used by override.
[    0.000000] Using ACPI (MADT) for SMP configuration information
[    0.000000] ACPI: HPET id: 0x43538210 base: 0xfed00000
[    0.000000] smpboot: Allowing 4 CPUs, 0 hotplug CPUs
[    0.000000] e820: [mem 0xc0000000-0xfebfffff] available for PCI devices
[    0.000000] setup_percpu: NR_CPUS:64 nr_cpumask_bits:64 nr_cpu_ids:4 nr_node_ids:1
[    0.000000] PERCPU: Embedded 27 pages/cpu @ffff88041dc00000 s80256 r8192 d22144 u524288
[    0.000000] pcpu-alloc: s80256 r8192 d22144 u524288 alloc=1*2097152
[    0.000000] pcpu-alloc: [0] 0 1 2 3 
[    0.000000] Built 1 zonelists in Zone order, mobility grouping on.  Total pages: 3993197
[    0.000000] Policy zone: Normal
[    0.000000] Kernel command line: BOOT_IMAGE=/vmlinuz-linux-git root=UUID=bfa4ab6e-19a3-4601-ba2b-267c55841c73 rw cryptdevice=/dev/disk/by-uuid/70c08890-417a-497d-b6ab-c0d0357a63e2:cryptManjaro:allow-discards ipv6.disable=1 pnp.debug=1 loglevel=9 log_buf_len=10M printk.always_kmsg_dump=y printk.time=y mminit_loglevel=0 memory_corruption_check=1 acpi.debug_layer=0xfbff0000 acpi.debug_level=0xFFFFFFFD pnp.debug=1 nohz=on rcu_nocbs=1-3 pcie_aspm=force fbcon=scrollback:4096k fbcon=font:ProFont6x11 radeon.audio=0 radeon.lockup_timeout=0 radeon.test=0 radeon.agpmode=-1 radeon.benchmark=0 radeon.tv=0 radeon.hard_reset=1 radeon.aspm=1 radeon.dpm=1 radeon.msi=1 radeon.pcie_gen2=-1 radeon.no_wb=1 radeon.modeset=1 radeon.dynclks=1 radeon.r4xx_atom=0 radeon.runpm=0 radeonfb radeon.fastfb=1 nomodeset
[    0.000000] PCIe ASPM is forcibly enabled
[    0.000000] PID hash table entries: 4096 (order: 3, 32768 bytes)
[    0.000000] Memory: 15870900K/16226416K available (5251K kernel code, 721K rwdata, 2208K rodata, 848K init, 2588K bss, 355516K reserved)
[    0.000000] SLUB: HWalign=64, Order=0-3, MinObjects=0, CPUs=4, Nodes=1
[    0.000000] Hierarchical RCU implementation.
[    0.000000] 	RCU dyntick-idle grace-period acceleration is enabled.
[    0.000000] 	Additional per-CPU info printed with stalls.
[    0.000000] 	RCU restricting CPUs from NR_CPUS=64 to nr_cpu_ids=4.
[    0.000000] 	Offload RCU callbacks from all CPUs
[    0.000000] 	Offload RCU callbacks from CPUs: 0-3.
[    0.000000] RCU: Adjusting geometry for rcu_fanout_leaf=16, nr_cpu_ids=4
[    0.000000] NR_IRQS:4352 nr_irqs:456 0
[    0.000000] spurious 8259A interrupt: IRQ7.
[    0.000000] vgacon: allocated 4194304 bytes of memory for scrollback. CONFIG_VGACON_SOFT_SCROLLBACK_SIZE=4096
[    0.000000] Console: colour VGA+ 80x25
[    0.000000] console [tty0] enabled
[    0.000000] allocated 65011712 bytes of page_cgroup
[    0.000000] please try 'cgroup_disable=memory' option if you don't want memory cgroups
[    0.000000] hpet clockevent registered
[    0.000000] tsc: Fast TSC calibration using PIT
[    0.000000] tsc: Detected 1397.421 MHz processor
[    0.000055] Calibrating delay loop (skipped), value calculated using timer frequency.. 2795.29 BogoMIPS (lpj=4658070)
[    0.000206] pid_max: default: 32768 minimum: 301
[    0.000280] ACPI: Core revision 20140724
[    0.025868] ACPI: All ACPI Tables successfully acquired
[    0.027866] Security Framework initialized
[    0.029540] Dentry cache hash table entries: 2097152 (order: 12, 16777216 bytes)
[    0.036450] Inode-cache hash table entries: 1048576 (order: 11, 8388608 bytes)
[    0.039569] Mount-cache hash table entries: 32768 (order: 6, 262144 bytes)
[    0.039709] Mountpoint-cache hash table entries: 32768 (order: 6, 262144 bytes)
[    0.040238] Initializing cgroup subsys memory
[    0.040357] Initializing cgroup subsys devices
[    0.040424] Initializing cgroup subsys freezer
[    0.040490] Initializing cgroup subsys net_cls
[    0.040557] Initializing cgroup subsys blkio
[    0.040650] CPU: Physical Processor ID: 0
[    0.040714] CPU: Processor Core ID: 0
[    0.040779] mce: CPU supports 6 MCE banks
[    0.040853] Last level iTLB entries: 4KB 512, 2MB 16, 4MB 8
Last level dTLB entries: 4KB 1024, 2MB 128, 4MB 64, 1GB 0
[    0.041139] Freeing SMP alternatives memory: 20K (ffffffff81b8a000 - ffffffff81b8f000)
[    0.041848] ..TIMER: vector=0x30 apic1=0 pin1=2 apic2=-1 pin2=-1
[    0.074932] smpboot: CPU0: AMD A6-3400M APU with Radeon(tm) HD Graphics (fam: 12, model: 01, stepping: 00)
[    0.179364] Performance Events: AMD PMU driver.
[    0.179468] ... version:                0
[    0.179532] ... bit width:              48
[    0.179596] ... generic registers:      4
[    0.179659] ... value mask:             0000ffffffffffff
[    0.179724] ... max period:             00007fffffffffff
[    0.179788] ... fixed-purpose events:   0
[    0.179852] ... event mask:             000000000000000f
[    0.180395] MCE: In-kernel MCE decoding enabled.
[    0.180564] trying cpu_up:
[    0.180675] NMI watchdog: enabled on all CPUs, permanently consumes one hw-PMU counter.
[    0.180944] smpboot: ++++++++++++++++++++=_---CPU UP  1
[    0.181013] x86: Booting SMP configuration:
[    0.181078] .... node  #0, CPUs:      #1
[    0.181187] smpboot: Setting warm reset code and vector.
[    0.181312] smpboot: 1.
[    0.181374] smpboot: 2.
[    0.181436] smpboot: 3.
[    0.181499] smpboot: Asserting INIT
[    0.181562] smpboot: waiting 5 sec
[    5.190639] smpboot: done waiting
[    5.190784] smpboot: Waiting for INIT send to finish...
[    5.200925] smpboot: status for above ^ is: 0
[    5.201035] smpboot: Deasserting INIT
[    5.201098] smpboot: Waiting for above send to finish...
[    5.201163] smpboot: #startup loops: 2
[    5.201226] smpboot: Sending STARTUP #1
[    5.201290] smpboot: After apic_write
[    5.103914] smpboot: CPU#1 (phys ID: 1) waiting for CALLOUT
[    5.201653] smpboot: Startup point 1
[    5.201828] smpboot: Waiting for send to finish...
[    5.202092] smpboot: Sending STARTUP #2
[    5.202202] smpboot: After apic_write
[    5.202565] smpboot: Startup point 1
[    5.202674] smpboot: Waiting for send to finish...
[    5.202939] smpboot: After Startup
[    5.203049] smpboot: Before Callout 1
[    5.203112] smpboot: After Callout 1
[    5.105565] smpboot: Stack at about ffff880407807f44
[    5.203239] smpboot: start waiting 5sec for response
[    5.203279] smpboot: done waiting 5sec for response
[    5.203376] smpboot: cpumask_test_cpu result: -1
[    5.203440] smpboot: cpu_callin_mask: 0000000000000003
[    5.203537] smpboot: cpu_callout_mask: 0000000000000003
[    5.203600] smpboot: CPU1: has booted.
[    5.205729] TSC synchronization [CPU#0 -> CPU#1]:
[    5.205841] Measured 136324272 cycles TSC warp between CPUs, turning off TSC clock.
[    5.205982] tsc: Marking TSC unstable due to check_tsc_sync_source failed
[    5.206109] after cpu_up !!!!!!!!!!!!
[    5.206195] trying cpu_up:
[    5.206406] smpboot: ++++++++++++++++++++=_---CPU UP  2
[    5.206506]  #2
[    5.206542] smpboot: Setting warm reset code and vector.
[    5.206666] smpboot: 1.
[    5.206729] smpboot: 2.
[    5.206790] smpboot: 3.
[    5.206853] smpboot: Asserting INIT
[    5.206916] smpboot: waiting 5 sec
[   13.512917] smpboot: done waiting
[   13.513056] smpboot: Waiting for INIT send to finish...
[   13.523172] smpboot: status for above ^ is: 0
[   13.523235] smpboot: Deasserting INIT
[   13.523299] smpboot: Waiting for above send to finish...
[   13.523363] smpboot: #startup loops: 2
[   13.523427] smpboot: Sending STARTUP #1
[   13.523490] smpboot: After apic_write
[   13.523853] smpboot: Startup point 1
[   13.523960] smpboot: Waiting for send to finish...
[   13.524223] smpboot: Sending STARTUP #2
[   13.524287] smpboot: After apic_write
[   13.524650] smpboot: Startup point 1
[   13.524758] smpboot: Waiting for send to finish...
[   13.525021] smpboot: After Startup
[   13.525131] smpboot: Before Callout 2
[   13.525194] smpboot: After Callout 2
[   13.525256] smpboot: start waiting 5sec for response
[   13.525399] [sched_delayed] sched: RT throttling activated
[   18.545192] smpboot: done waiting 5sec for response
[   18.545277] smpboot: cpumask_test_cpu result: 0
[   18.545374] smpboot: cpu_callin_mask: 0000000000000003
[   18.545437] smpboot: cpu_callout_mask: 0000000000000007
[   18.545535] smpboot: CPU2: Not responding
[   18.545673] smpboot: do_boot_cpu failed(1) to wakeup CPU#2
[   18.545750] doing it one more time: cpu_up !!!!!!!!!!!!
[   18.545796] smpboot: ++++++++++++++++++++=_---CPU UP  2
[   18.545920]  #2
[   18.545956] smpboot: Setting warm reset code and vector.
[   18.546081] smpboot: 1.
[   18.546143] smpboot: 2.
[   18.546205] smpboot: 3.
[   18.546269] smpboot: Asserting INIT
[   18.546330] smpboot: waiting 5 sec
[   23.555480] smpboot: done waiting
[   23.555578] smpboot: Waiting for INIT send to finish...
[   23.565716] smpboot: status for above ^ is: 0
[   23.565826] smpboot: Deasserting INIT
[   23.565889] smpboot: Waiting for above send to finish...
[   23.565956] smpboot: #startup loops: 2
[   23.566019] smpboot: Sending STARTUP #1
[   23.566083] smpboot: After apic_write
[   23.566446] smpboot: Startup point 1
[   23.566524] smpboot: Waiting for send to finish...
[   23.566789] smpboot: Sending STARTUP #2
[   23.566898] smpboot: After apic_write
[   23.567261] smpboot: Startup point 1
[   23.567371] smpboot: Waiting for send to finish...
[   23.567635] smpboot: After Startup
[   23.567744] smpboot: Before Callout 2
[   23.567807] smpboot: After Callout 2
[   23.567870] smpboot: start waiting 5sec for response
[   28.587712] smpboot: done waiting 5sec for response
[   28.587856] smpboot: cpumask_test_cpu result: 0
[   28.587919] smpboot: cpu_callin_mask: 0000000000000003
[   28.588017] smpboot: cpu_callout_mask: 0000000000000007
[   28.588081] smpboot: CPU2: Not responding
[   28.588204] smpboot: do_boot_cpu failed(1) to wakeup CPU#2
[   28.588270] after cpu_up !!!!!!!!!!!!
[   28.588306] trying cpu_up:
[   28.588518] smpboot: ++++++++++++++++++++=_---CPU UP  3
[   28.588656]  #3
[   28.588693] smpboot: Setting warm reset code and vector.
[   28.588818] smpboot: 1.
[   28.588880] smpboot: 2.
[   28.588942] smpboot: 3.
[   28.589004] smpboot: Asserting INIT
[   28.589067] smpboot: waiting 5 sec
[   33.598228] smpboot: done waiting
[   33.598371] smpboot: Waiting for INIT send to finish...
[   33.608512] smpboot: status for above ^ is: 0
[   33.608618] smpboot: Deasserting INIT
[   33.608677] smpboot: Waiting for above send to finish...
[   33.608741] smpboot: #startup loops: 2
[   33.608805] smpboot: Sending STARTUP #1
[   33.608868] smpboot: After apic_write
[   33.443574] smpboot: CPU#3 (phys ID: 3) waiting for CALLOUT
[   33.609230] smpboot: Startup point 1
[   33.609401] smpboot: Waiting for send to finish...
[   33.609665] smpboot: Sending STARTUP #2
[   33.609773] smpboot: After apic_write
[   33.610133] smpboot: Startup point 1
[   33.610241] smpboot: Waiting for send to finish...
[   33.610505] smpboot: After Startup
[   33.610612] smpboot: Before Callout 3
[   33.610674] smpboot: After Callout 3
[   33.445209] smpboot: Stack at about ffff88040780ff44
[   33.610802] smpboot: start waiting 5sec for response
[   33.610841] smpboot: done waiting 5sec for response
[   33.610939] smpboot: cpumask_test_cpu result: -1
[   33.610999] smpboot: cpu_callin_mask: 000000000000000b
[   33.612148] smpboot: cpu_callout_mask: 000000000000000b
[   33.612211] smpboot: CPU3: has booted.
[   33.612349] after cpu_up !!!!!!!!!!!!
[   33.612389] x86: Booted up 1 node, 3 CPUs
[   33.612511] smpboot: Boot done
[   33.612573] smpboot: Before bogomips
[   33.612637] smpboot: Total of 3 processors activated (8387.88 BogoMIPS)
[   33.612703] smpboot: Before bogocount - setting activated=1
[   30.280093] devtmpfs: initialized
[   30.280172] device: 'platform': device_add
[   30.280318] bus: 'platform': registered
[   30.280386] bus: 'cpu': registered
[   30.280448] device: 'cpu': device_add
[   30.280534] bus: 'container': registered
[   30.280599] device: 'container': device_add
[   30.283708] bus: 'workqueue': registered
[   30.283824] device: 'workqueue': device_add
[   30.284117] atomic64_test: passed for x86-64 platform with CX8 and with SSE
[   30.284234] device class 'regulator': registering
[   30.284345] Registering platform device 'reg-dummy'. Parent at platform
[   30.284458] device: 'reg-dummy': device_add
[   30.284525] bus: 'platform': add device reg-dummy
[   30.284612] bus: 'platform': add driver reg-dummy
[   30.284680] bus: 'platform': driver_probe_device: matched device reg-dummy with driver reg-dummy
[   30.284793] bus: 'platform': really_probe: probing driver reg-dummy with device reg-dummy
[   30.284936] device: 'regulator.0': device_add
[   30.285014] regulator-dummy: no parameters
[   30.285088] driver: 'reg-dummy': driver_bound: bound to device 'reg-dummy'
[   30.285155] bus: 'platform': really_probe: bound device reg-dummy to driver reg-dummy
[   30.285155] NET: Registered protocol family 16
[   30.285155] device class 'bdi': registering
[   30.285155] bus: 'platform': add driver ramoops
[   30.285155] device class 'pci_bus': registering
[   30.285155] bus: 'pci': registered
[   30.285155] device class 'backlight': registering
[   30.285155] device class 'tty': registering
[   30.285155] device class 'vtconsole': registering
[   30.285155] device: 'vtcon0': device_add
[   30.285155] bus: 'node': registered
[   30.285155] device: 'node': device_add
[   30.285155] bus: 'i2c': registered
[   30.285155] bus: 'i2c': add driver dummy
[   30.285155] i2c-core: driver [dummy] registered
[   30.285155] cpuidle: using governor ladder
[   30.285155] cpuidle: using governor menu
[   30.285446] ACPI FADT declares the system doesn't support PCIe ASPM, so disable it
[   30.285618] ACPI: bus type PCI registered
[   30.285683] acpiphp: ACPI Hot Plug PCI Controller Driver version: 0.5
[   30.285751] device class 'dmi': registering
[   30.285823] device: 'id': device_add
[   30.286006] PCI: MMCONFIG for domain 0000 [bus 00-3f] at [mem 0xf8000000-0xfbffffff] (base 0xf8000000)
[   30.286147] PCI: not using MMCONFIG
[   30.286212] PCI: Using configuration type 1 for base access
[   30.286276] PCI: Using configuration type 1 for extended access
[   30.286708] device: 'node0': device_add
[   30.286772] bus: 'node': add device node0
[   30.286850] device: 'cpu0': device_add
[   30.286915] bus: 'cpu': add device cpu0
[   30.287016] device: 'cpu1': device_add
[   30.287132] bus: 'cpu': add device cpu1
[   30.287231] device: 'cpu2': device_add
[   30.287299] bus: 'cpu': add device cpu2
[   30.287396] device: 'cpu3': device_add
[   30.287463] bus: 'cpu': add device cpu3
[   30.290079] kworker/u8:0 (39) used greatest stack depth: 15104 bytes left
[   30.290096] kworker/u8:0 (40) used greatest stack depth: 14848 bytes left
[   30.290220] kworker/u8:0 (58) used greatest stack depth: 14176 bytes left
[   30.296779] device: 'writeback': device_add
[   30.296814] bus: 'workqueue': add device writeback
[   30.296928] device: 'default': device_add
[   30.297128] device class 'block': registering
[   30.297128] ACPI: Added _OSI(Module Device)
[   30.297128] ACPI: Added _OSI(Processor Device)
[   30.297128] ACPI: Added _OSI(3.0 _SCP Extensions)
[   30.297128] ACPI: Added _OSI(Processor Aggregator Device)
[   30.298557] 
**** Context Switch from TID 4294967295 to TID 133431296 ****

[   30.298731]     utils-0051 util_eval_error       : Evaluate [\_SB_.PCI0.LPC0.EC0_._GLK]: AE_NOT_FOUND
[   30.299188] Executing  Method       \_SB_.PCI0.LPC0.EC0_._REG
[   30.299967] Executing  Method       \_SB_.PCI0.LPC0.EC0_._REG
[   30.300113] Executing  Method       \_SB_.PCI0.LPC0.EC0_._REG
[   30.300284] Executing  Method       \_SB_.PCI0.LPC0.EC0_._REG
[   30.303403] Initializing Region       \_SB_.OSTY
[   30.303610] Initializing Region       \_SB_.PCI0.NBMS
[   30.303759] Initializing Region       \_SB_.PCI0.NBXP
[   30.303902] Initializing Region       \_SB_.PCI0.K8ST
[   30.304086] Initializing Region       \_SB_.PCI0.BAR1
[   30.304266] Initializing Region       \_SB_.PCI0.PB2_.XPEX
[   30.304414] Initializing Region       \_SB_.PCI0.PB2_.PCFG
[   30.304562] Initializing Region       \_SB_.PCI0.PB2_.XPCB
[   30.304712] Initializing Region       \_SB_.PCI0.PB2_.XPRI
[   30.304864] Initializing Region       \_SB_.PCI0.PB2_.VGA_.PCFG
[   30.305069] Initializing Region       \_SB_.PCI0.PB2_.HDAU.PCFG
[   30.305230] Initializing Region       \_SB_.PCI0.PB3_.XPEX
[   30.305377] Initializing Region       \_SB_.PCI0.PB3_.PCFG
[   30.305525] Initializing Region       \_SB_.PCI0.PB3_.XPCB
[   30.305674] Initializing Region       \_SB_.PCI0.PB3_.XPRI
[   30.305827] Initializing Region       \_SB_.PCI0.PB3_.VGA_.PCFG
[   30.306046] Initializing Region       \_SB_.PCI0.PB3_.HDAU.PCFG
[   30.306210] Initializing Region       \_SB_.PCI0.PB4_.XPEX
[   30.306351] Initializing Region       \_SB_.PCI0.PB4_.PCFG
[   30.306493] Initializing Region       \_SB_.PCI0.PB4_.XPCB
[   30.306642] Initializing Region       \_SB_.PCI0.PB4_.XPRI
[   30.306783] Initializing Region       \_SB_.PCI0.PB4_.XPDV.PCFG
[   30.306945] Initializing Region       \_SB_.PCI0.PB5_.XPEX
[   30.307091] Initializing Region       \_SB_.PCI0.PB5_.PCFG
[   30.307238] Initializing Region       \_SB_.PCI0.PB5_.XPCB
[   30.307386] Initializing Region       \_SB_.PCI0.PB5_.XPRI
[   30.307529] Initializing Region       \_SB_.PCI0.PB5_.XPDV.PCFG
[   30.307674] Initializing Region       \_SB_.PCI0.PB6_.XPEX
[   30.307820] Initializing Region       \_SB_.PCI0.PB6_.PCFG
[   30.307966] Initializing Region       \_SB_.PCI0.PB6_.XPCB
[   30.308115] Initializing Region       \_SB_.PCI0.PB6_.XPRI
[   30.308266] Initializing Region       \_SB_.PCI0.PB6_.XPDV.PCFG
[   30.308426] Initializing Region       \_SB_.PCI0.PB7_.XPEX
[   30.308573] Initializing Region       \_SB_.PCI0.PB7_.PCFG
[   30.308720] Initializing Region       \_SB_.PCI0.PB7_.XPCB
[   30.308860] Initializing Region       \_SB_.PCI0.PB7_.XPRI
[   30.309010] Initializing Region       \_SB_.PCI0.PB7_.XPDV.PCFG
[   30.309421] Initializing Region       \_SB_.PCI0.SATC
[   30.309613] Initializing Region       \_SB_.PCI0.RMEM
[   30.309790] Initializing Region       \_SB_.PCI0.SATA.SATX
[   30.309944] Initializing Region       \_SB_.PCI0.SATA.BAR5
[   30.326892] Initializing Region       \_SB_.PCI0.SMB_.SBRV
[   30.327091] Initializing Region       \_SB_.PCI0.SMB_.PMIO
[   30.327237] Initializing Region       \_SB_.PCI0.SMB_.ERMM
[   30.327516] Initializing Region       \_SB_.PCI0.SMB_.P1E0
[   30.327692] Initializing Region       \_SB_.PCI0.SMB_.ABIO
[   30.327842] Initializing Region       \_SB_.PCI0.SMB_.SMB0
[   30.327994] Initializing Region       \_SB_.PCI0.LPC0.PIRQ
[   30.328198] Initializing Region       \_SB_.PCI0.LPC0.LPCR
[   30.328454] Initializing Region       \_SB_.PCI0.LPC0.LPCS
[   30.328660] Initializing Region       \_SB_.PCI0.LPC0.SMI0
[   30.328807] Initializing Region       \_SB_.PCI0.LPC0.SMI1
[   30.328963] Initializing Region       \_SB_.PCI0.LPC0.EC0_.ECO1
[   30.329111] Initializing Region       \_SB_.PCI0.LPC0.EC0_.ECO2
[   30.329259] Initializing Region       \_SB_.PCI0.LPC0.EC0_.ECMB
[   30.329407] Initializing Region       \_SB_.PCI0.LPC0.EC0_.RAM_
[   30.329616] Initializing Region       \_SB_.PCI0.LPC0.EC0_.CMOS
[   30.329825] Initializing Region       \_SB_.PCI0.LPC0.EC0_.VPC0.ERAM
[   30.330177] Initializing Region       \_SB_.PCI0.SPB0.PCFG
[   30.330372] Initializing Region       \_SB_.PCI0.SPB0.XPCB
[   30.330525] Initializing Region       \_SB_.PCI0.SPB0.XPDV.PCFG
[   30.330687] Initializing Region       \_SB_.PCI0.SPB1.PCFG
[   30.330828] Initializing Region       \_SB_.PCI0.SPB1.XPCB
[   30.330977] Initializing Region       \_SB_.PCI0.SPB1.XPDV.PCFG
[   30.331139] Initializing Region       \_SB_.PCI0.SPB2.PCFG
[   30.331287] Initializing Region       \_SB_.PCI0.SPB2.XPCB
[   30.331439] Initializing Region       \_SB_.PCI0.SPB2.XPDV.PCFG
[   30.331601] Initializing Region       \_SB_.PCI0.SPB3.PCFG
[   30.331749] Initializing Region       \_SB_.PCI0.SPB3.XPCB
[   30.331901] Initializing Region       \_SB_.PCI0.SPB3.XPDV.PCFG
[   30.332149] Initializing Region       \_SB_.PCI0.VGA_.REVD
[   30.332509] Initializing BufferField  \_SB_.AMW0.WLID
[   30.333154] Initializing Region       \DEB2
[   30.333404] Initializing Region       \PMIO
[   30.333550] Initializing Region       \P01_
[   30.333724] Initializing Region       \CNVS
[   30.333884] Initializing Region       \SPRT
[   30.334048] Initializing Region       \CMIO
[   30.334356] Executing  Method       \_SB_._STA
[   30.334571] Executing  Method       \_SB_._INI
[   30.334738] Executing  Method       \_SB_.PCI0._STA
[   30.334908] Executing  Method       \_SB_.PCI0._INI
[   30.335340] [Firmware Bug]: ACPI: BIOS _OSI(Linux) query ignored
[   30.335804] Executing  Method       \_SB_.PCI0.SATA._STA
[   30.335973] Executing  Method       \_SB_.PCI0.SATA._INI
[   30.337003] Executing  Method       \_SB_.PCI0.LPC0.EC0_._REG
[   30.373443] ACPI: Interpreter enabled
[   30.373559] ACPI: (supports S0 S5)
[   30.373625] ACPI: Using IOAPIC for interrupt routing
[   30.373625] PCI: MMCONFIG for domain 0000 [bus 00-3f] at [mem 0xf8000000-0xfbffffff] (base 0xf8000000)
[   30.375154] PCI: MMCONFIG at [mem 0xf8000000-0xfbffffff] reserved in ACPI motherboard resources
[   30.375499] bus: 'acpi': registered
[   30.376710] PCI: Using host bridge windows from ACPI; if necessary, use "pci=nocrs" and report a bug
[   30.376710]      scan-1141 get_device_data       : No context for object [ffffffffffffffff]
[   30.376710]     utils-0051 util_eval_error       : Evaluate [\._STA]: AE_NOT_FOUND
[   30.376710] device: 'LNXSYSTM:00': device_add
[   30.376710] bus: 'acpi': add device LNXSYSTM:00
[   30.376710]     utils-0051 util_eval_error       : Evaluate [\._SUN]: AE_NOT_FOUND
[   30.376718]      scan-1933 add_single_object     : Added LNXSYSTM:00 [\] parent (null)
[   30.376718]      scan-1141 get_device_data       : No context for object [ffff88040d81d000]
[   30.376893]      scan-1141 get_device_data       : No context for object [ffff88040d8377d0]
[   30.377100]      scan-1141 get_device_data       : No context for object [ffff88040d8377f8]
[   30.377303]      scan-1141 get_device_data       : No context for object [ffff88040d837820]
[   30.377509]      scan-1141 get_device_data       : No context for object [ffff88040d837848]
[   30.377693]      scan-1141 get_device_data       : No context for object [ffff88040d837870]
[   30.377902]      scan-1141 get_device_data       : No context for object [ffff88040d837898]
[   30.380013]      scan-1141 get_device_data       : No context for object [ffff88040d8378c0]
[   30.380013]      scan-1141 get_device_data       : No context for object [ffff88040d8378e8]
[   30.380013]      scan-1141 get_device_data       : No context for object [ffff88040d839398]
[   30.380013]      scan-1141 get_device_data       : No context for object [ffff88040d81d028]
[   30.380013]      scan-1141 get_device_data       : No context for object [ffff88040d81d168]
[   30.380013]     utils-0051 util_eval_error       : Evaluate [\_PR_.C000._STA]: AE_NOT_FOUND
[   30.380013]      scan-1141 get_device_data       : No context for object [ffff88040d81d028]
[   30.380013] device: 'LNXCPU:00': device_add
[   30.380013] bus: 'acpi': add device LNXCPU:00
[   30.380013]     utils-0051 util_eval_error       : Evaluate [\_PR_.C000._SUN]: AE_NOT_FOUND
[   30.380064]      scan-1933 add_single_object     : Added LNXCPU:00 [\_PR_.C000] parent LNXSYSTM:00
[   30.380064]      scan-1141 get_device_data       : No context for object [ffff88040d83c398]
[   30.380205]      scan-1141 get_device_data       : No context for object [ffff88040d83c3c0]
[   30.380403]      scan-1141 get_device_data       : No context for object [ffff88040d83c3e8]
[   30.380601]      scan-1141 get_device_data       : No context for object [ffff88040d83c410]
[   30.380784]      scan-1141 get_device_data       : No context for object [ffff88040d83c438]
[   30.380978]      scan-1141 get_device_data       : No context for object [ffff88040d83c460]
[   30.381176]      scan-1141 get_device_data       : No context for object [ffff88040d81d190]
[   30.381374]     utils-0051 util_eval_error       : Evaluate [\_PR_.C001._STA]: AE_NOT_FOUND
[   30.381573]      scan-1141 get_device_data       : No context for object [ffff88040d81d028]
[   30.381733] device: 'LNXCPU:01': device_add
[   30.381796] bus: 'acpi': add device LNXCPU:01
[   30.381871]     utils-0051 util_eval_error       : Evaluate [\_PR_.C001._SUN]: AE_NOT_FOUND
[   30.383370]      scan-1933 add_single_object     : Added LNXCPU:01 [\_PR_.C001] parent LNXSYSTM:00
[   30.383370]      scan-1141 get_device_data       : No context for object [ffff88040d83c488]
[   30.383370]      scan-1141 get_device_data       : No context for object [ffff88040d83c4b0]
[   30.383370]      scan-1141 get_device_data       : No context for object [ffff88040d83c4d8]
[   30.383370]      scan-1141 get_device_data       : No context for object [ffff88040d83c500]
[   30.383370]      scan-1141 get_device_data       : No context for object [ffff88040d83c528]
[   30.383370]      scan-1141 get_device_data       : No context for object [ffff88040d83c550]
[   30.383496]      scan-1141 get_device_data       : No context for object [ffff88040d81d1b8]
[   30.383694]     utils-0051 util_eval_error       : Evaluate [\_PR_.C002._STA]: AE_NOT_FOUND
[   30.383892]      scan-1141 get_device_data       : No context for object [ffff88040d81d028]
[   30.384098] device: 'LNXCPU:02': device_add
[   30.384161] bus: 'acpi': add device LNXCPU:02
[   30.384238]     utils-0051 util_eval_error       : Evaluate [\_PR_.C002._SUN]: AE_NOT_FOUND
[   30.384447]      scan-1933 add_single_object     : Added LNXCPU:02 [\_PR_.C002] parent LNXSYSTM:00
[   30.384646]      scan-1141 get_device_data       : No context for object [ffff88040d83c578]
[   30.384795]      scan-1141 get_device_data       : No context for object [ffff88040d83c5a0]
[   30.384972]      scan-1141 get_device_data       : No context for object [ffff88040d83c5c8]
[   30.385169]      scan-1141 get_device_data       : No context for object [ffff88040d83c5f0]
[   30.385367]      scan-1141 get_device_data       : No context for object [ffff88040d83c618]
[   30.385564]      scan-1141 get_device_data       : No context for object [ffff88040d83c640]
[   30.385743]      scan-1141 get_device_data       : No context for object [ffff88040d81d1e0]
[   30.385936]     utils-0051 util_eval_error       : Evaluate [\_PR_.C003._STA]: AE_NOT_FOUND
[   30.386135]      scan-1141 get_device_data       : No context for object [ffff88040d81d028]
[   30.386341] device: 'LNXCPU:03': device_add
[   30.386403] bus: 'acpi': add device LNXCPU:03
[   30.386478]     utils-0051 util_eval_error       : Evaluate [\_PR_.C003._SUN]: AE_NOT_FOUND
[   30.386678]      scan-1933 add_single_object     : Added LNXCPU:03 [\_PR_.C003] parent LNXSYSTM:00
[   30.386859]      scan-1141 get_device_data       : No context for object [ffff88040d83c668]
[   30.387056]      scan-1141 get_device_data       : No context for object [ffff88040d83c690]
[   30.387252]      scan-1141 get_device_data       : No context for object [ffff88040d83c6b8]
[   30.387449]      scan-1141 get_device_data       : No context for object [ffff88040d83c6e0]
[   30.387646]      scan-1141 get_device_data       : No context for object [ffff88040d83c708]
[   30.387831]      scan-1141 get_device_data       : No context for object [ffff88040d83c730]
[   30.388029]      scan-1141 get_device_data       : No context for object [ffff88040d81d050]
[   30.388227]     utils-0051 util_eval_error       : Evaluate [\_SB_._STA]: AE_NOT_FOUND
[   30.388469] device: 'LNXSYBUS:00': device_add
[   30.388578] bus: 'acpi': add device LNXSYBUS:00
[   30.388654]     utils-0051 util_eval_error       : Evaluate [\_SB_._SUN]: AE_NOT_FOUND
[   30.390036]      scan-1933 add_single_object     : Added LNXSYBUS:00 [\_SB_] parent LNXSYSTM:00
[   30.390036]      scan-1141 get_device_data       : No context for object [ffff88040d81d3c0]
[   30.390036]      scan-1141 get_device_data       : No context for object [ffff88040d81d3e8]
[   30.390036]      scan-1141 get_device_data       : No context for object [ffff88040d81d410]
[   30.390036]      scan-1141 get_device_data       : No context for object [ffff88040d81d438]
[   30.390036]      scan-1141 get_device_data       : No context for object [ffff88040d81d460]
[   30.390036]      scan-1141 get_device_data       : No context for object [ffff88040d81d488]
[   30.390200]      scan-1141 get_device_data       : No context for object [ffff88040d81d4b0]
[   30.390394]      scan-1141 get_device_data       : No context for object [ffff88040d81d5a0]
[   30.390591]     utils-0051 util_eval_error       : Evaluate [\_SB_.PWRB._STA]: AE_NOT_FOUND
[   30.390757] device: 'PNP0C0C:00': device_add
[   30.390818] bus: 'acpi': add device PNP0C0C:00
[   30.390898]     utils-0051 util_eval_error       : Evaluate [\_SB_.PWRB._SUN]: AE_NOT_FOUND
[   30.391085]      scan-1933 add_single_object     : Added PNP0C0C:00 [\_SB_.PWRB] parent LNXSYBUS:00
[   30.391289]      scan-1141 get_device_data       : No context for object [ffff88040d81d5c8]
[   30.391485]      scan-1141 get_device_data       : No context for object [ffff88040d81d5f0]
[   30.391672]     utils-0051 util_eval_error       : Evaluate [\_SB_.PCI0._STA]: AE_NOT_FOUND
[   30.391901] device: 'PNP0A08:00': device_add
[   30.391959] bus: 'acpi': add device PNP0A08:00
[   30.392027]     utils-0051 util_eval_error       : Evaluate [\_SB_.PCI0._SUN]: AE_NOT_FOUND
[   30.393338]      scan-1933 add_single_object     : Added PNP0A08:00 [\_SB_.PCI0] parent LNXSYBUS:00
[   30.393345]      scan-1141 get_device_data       : No context for object [ffff88040d81d618]
[   30.393541]      scan-1141 get_device_data       : No context for object [ffff88040d81d640]
[   30.393717]      scan-1141 get_device_data       : No context for object [ffff88040d81d668]
[   30.393913]      scan-1141 get_device_data       : No context for object [ffff88040d81d690]
[   30.394107]      scan-1141 get_device_data       : No context for object [ffff88040d81d6b8]
[   30.394302]      scan-1141 get_device_data       : No context for object [ffff88040d81d6e0]
[   30.394491]      scan-1141 get_device_data       : No context for object [ffff88040d81d708]
[   30.394668]      scan-1141 get_device_data       : No context for object [ffff88040d81d730]
[   30.394865]      scan-1141 get_device_data       : No context for object [ffff88040d81d758]
[   30.395063]      scan-1141 get_device_data       : No context for object [ffff88040d81d780]
[   30.395260]      scan-1141 get_device_data       : No context for object [ffff88040d81d7a8]
[   30.395458]      scan-1141 get_device_data       : No context for object [ffff88040d81d7d0]
[   30.395648]      scan-1141 get_device_data       : No context for object [ffff88040d81d7f8]
[   30.395845]      scan-1141 get_device_data       : No context for object [ffff88040d81d820]
[   30.396043]      scan-1141 get_device_data       : No context for object [ffff88040d81d848]
[   30.396240]      scan-1141 get_device_data       : No context for object [ffff88040d81d870]
[   30.396437]      scan-1141 get_device_data       : No context for object [ffff88040d81d898]
[   30.396669]      scan-1141 get_device_data       : No context for object [ffff88040d81d8c0]
[   30.396867]      scan-1141 get_device_data       : No context for object [ffff88040d81d8e8]
[   30.397061]      scan-1141 get_device_data       : No context for object [ffff88040d81d910]
[   30.397259]      scan-1141 get_device_data       : No context for object [ffff88040d81d938]
[   30.397456]      scan-1141 get_device_data       : No context for object [ffff88040d81d960]
[   30.397653]      scan-1141 get_device_data       : No context for object [ffff88040d81d988]
[   30.397851]      scan-1141 get_device_data       : No context for object [ffff88040d81d9b0]
[   30.398048]      scan-1141 get_device_data       : No context for object [ffff88040d81d9d8]
[   30.398240]      scan-1141 get_device_data       : No context for object [ffff88040d81da00]
[   30.398437]      scan-1141 get_device_data       : No context for object [ffff88040d81da28]
[   30.398634]      scan-1141 get_device_data       : No context for object [ffff88040d81da50]
[   30.398786]      scan-1141 get_device_data       : No context for object [ffff88040d81da78]
[   30.398963]      scan-1141 get_device_data       : No context for object [ffff88040d81daa0]
[   30.399160]      scan-1141 get_device_data       : No context for object [ffff88040d81dac8]
[   30.399355]      scan-1141 get_device_data       : No context for object [ffff88040d81daf0]
[   30.399551]      scan-1141 get_device_data       : No context for object [ffff88040d81db18]
[   30.399728]      scan-1141 get_device_data       : No context for object [ffff88040d81db40]
[   30.399925]      scan-1141 get_device_data       : No context for object [ffff88040d81db68]
[   30.400130]      scan-1141 get_device_data       : No context for object [ffff88040d81db90]
[   30.400327]      scan-1141 get_device_data       : No context for object [ffff88040d81dbb8]
[   30.400526]      scan-1141 get_device_data       : No context for object [ffff88040d81dbe0]
[   30.400700]      scan-1141 get_device_data       : No context for object [ffff88040d81dc08]
[   30.400897]      scan-1141 get_device_data       : No context for object [ffff88040d81dc30]
[   30.401095]      scan-1141 get_device_data       : No context for object [ffff88040d81dc58]
[   30.401293]      scan-1141 get_device_data       : No context for object [ffff88040d81dc80]
[   30.401490]      scan-1141 get_device_data       : No context for object [ffff88040d81dca8]
[   30.401687]      scan-1141 get_device_data       : No context for object [ffff88040d81dcd0]
[   30.401881]      scan-1141 get_device_data       : No context for object [ffff88040d81dcf8]
[   30.402078]      scan-1141 get_device_data       : No context for object [ffff88040d81dd20]
[   30.402276]      scan-1141 get_device_data       : No context for object [ffff88040d81dd48]
[   30.402473]      scan-1141 get_device_data       : No context for object [ffff88040d81dd70]
[   30.402670]      scan-1141 get_device_data       : No context for object [ffff88040d81dd98]
[   30.402867]      scan-1141 get_device_data       : No context for object [ffff88040d81ddc0]
[   30.403062]      scan-1141 get_device_data       : No context for object [ffff88040d81dde8]
[   30.403259]      scan-1141 get_device_data       : No context for object [ffff88040d81de10]
[   30.403464]      scan-1141 get_device_data       : No context for object [ffff88040d81de38]
[   30.403661]      scan-1141 get_device_data       : No context for object [ffff88040d81de60]
[   30.403838]      scan-1141 get_device_data       : No context for object [ffff88040d81de88]
[   30.404035]      scan-1141 get_device_data       : No context for object [ffff88040d81deb0]
[   30.404230]      scan-1141 get_device_data       : No context for object [ffff88040d81ded8]
[   30.404425]      scan-1141 get_device_data       : No context for object [ffff88040d81df00]
[   30.404622]      scan-1141 get_device_data       : No context for object [ffff88040d81df28]
[   30.404773]      scan-1141 get_device_data       : No context for object [ffff88040d81df50]
[   30.404949]      scan-1141 get_device_data       : No context for object [ffff88040d81df78]
[   30.405147]      scan-1141 get_device_data       : No context for object [ffff88040d81dfa0]
[   30.405344]      scan-1141 get_device_data       : No context for object [ffff88040d81dfc8]
[   30.405538]      scan-1141 get_device_data       : No context for object [ffff88040d822000]
[   30.405716]      scan-1141 get_device_data       : No context for object [ffff88040d822028]
[   30.405914]     utils-0051 util_eval_error       : Evaluate [\_SB_.PCI0.MEMR._STA]: AE_NOT_FOUND
[   30.406145] device: 'PNP0C02:00': device_add
[   30.406208] bus: 'acpi': add device PNP0C02:00
[   30.406286]     utils-0051 util_eval_error       : Evaluate [\_SB_.PCI0.MEMR._SUN]: AE_NOT_FOUND
[   30.406672]      scan-1933 add_single_object     : Added PNP0C02:00 [\_SB_.PCI0.MEMR] parent PNP0A08:00
[   30.406672]      scan-1141 get_device_data       : No context for object [ffff88040d822050]
[   30.406867]      scan-1141 get_device_data       : No context for object [ffff88040d822078]
[   30.407062]      scan-1141 get_device_data       : No context for object [ffff88040d8220a0]
[   30.407256]      scan-1141 get_device_data       : No context for object [ffff88040d8220c8]
[   30.407451]      scan-1141 get_device_data       : No context for object [ffff88040d8220f0]
[   30.407644]      scan-1141 get_device_data       : No context for object [ffff88040d822118]
[   30.407839]      scan-1141 get_device_data       : No context for object [ffff88040d822140]
[   30.408029]      scan-1141 get_device_data       : No context for object [ffff88040d822168]
[   30.408223]      scan-1141 get_device_data       : No context for object [ffff88040d822190]
[   30.408419]      scan-1141 get_device_data       : No context for object [ffff88040d8221b8]
[   30.408613]      scan-1141 get_device_data       : No context for object [ffff88040d8221e0]
[   30.408761]      scan-1141 get_device_data       : No context for object [ffff88040d822208]
[   30.408938]      scan-1141 get_device_data       : No context for object [ffff88040d822230]
[   30.409130]      scan-1141 get_device_data       : No context for object [ffff88040d822258]
[   30.409324]      scan-1141 get_device_data       : No context for object [ffff88040d822280]
[   30.409518]      scan-1141 get_device_data       : No context for object [ffff88040d8222a8]
[   30.409697]     utils-0051 util_eval_error       : Evaluate [\_SB_.PCI0.PB2_._STA]: AE_NOT_FOUND
[   30.410010] device: 'device:00': device_add
[   30.410071] bus: 'acpi': add device device:00
[   30.410145]     utils-0051 util_eval_error       : Evaluate [\_SB_.PCI0.PB2_._SUN]: AE_NOT_FOUND
[   30.410346]      scan-1933 add_single_object     : Added device:00 [\_SB_.PCI0.PB2_] parent PNP0A08:00
[   30.410541]      scan-1141 get_device_data       : No context for object [ffff88040d8222d0]
[   30.411686]      scan-1141 get_device_data       : No context for object [ffff88040d8222f8]
[   30.411883]      scan-1141 get_device_data       : No context for object [ffff88040d822320]
[   30.412080]      scan-1141 get_device_data       : No context for object [ffff88040d822348]
[   30.412277]      scan-1141 get_device_data       : No context for object [ffff88040d822370]
[   30.412474]      scan-1141 get_device_data       : No context for object [ffff88040d822398]
[   30.412671]      scan-1141 get_device_data       : No context for object [ffff88040d8223c0]
[   30.412865]      scan-1141 get_device_data       : No context for object [ffff88040d8223e8]
[   30.413063]      scan-1141 get_device_data       : No context for object [ffff88040d822410]
[   30.413261]      scan-1141 get_device_data       : No context for object [ffff88040d822438]
[   30.413465]      scan-1141 get_device_data       : No context for object [ffff88040d822460]
[   30.413663]      scan-1141 get_device_data       : No context for object [ffff88040d822488]
[   30.413860]      scan-1141 get_device_data       : No context for object [ffff88040d8224b0]
[   30.414056]      scan-1141 get_device_data       : No context for object [ffff88040d8224d8]
[   30.414252]      scan-1141 get_device_data       : No context for object [ffff88040d822500]
[   30.414449]      scan-1141 get_device_data       : No context for object [ffff88040d822528]
[   30.414647]      scan-1141 get_device_data       : No context for object [ffff88040d822550]
[   30.414831]      scan-1141 get_device_data       : No context for object [ffff88040d822578]
[   30.415030]      scan-1141 get_device_data       : No context for object [ffff88040d8225a0]
[   30.415227]      scan-1141 get_device_data       : No context for object [ffff88040d8225c8]
[   30.415421]      scan-1141 get_device_data       : No context for object [ffff88040d8225f0]
[   30.415619]      scan-1141 get_device_data       : No context for object [ffff88040d822618]
[   30.415770]      scan-1141 get_device_data       : No context for object [ffff88040d822640]
[   30.415947]      scan-1141 get_device_data       : No context for object [ffff88040d822668]
[   30.416145]      scan-1141 get_device_data       : No context for object [ffff88040d822690]
[   30.416342]      scan-1141 get_device_data       : No context for object [ffff88040d8226b8]
[   30.416537]      scan-1141 get_device_data       : No context for object [ffff88040d8226e0]
[   30.416669]      scan-1141 get_device_data       : No context for object [ffff88040d822708]
[   30.416866]      scan-1141 get_device_data       : No context for object [ffff88040d822730]
[   30.417064]      scan-1141 get_device_data       : No context for object [ffff88040d822758]
[   30.417261]      scan-1141 get_device_data       : No context for object [ffff88040d822780]
[   30.417460]     utils-0051 util_eval_error       : Evaluate [\_SB_.PCI0.PB2_.VGA_._STA]: AE_NOT_FOUND
[   30.417667] device: 'device:01': device_add
[   30.417726] bus: 'acpi': add device device:01
[   30.417799]     utils-0051 util_eval_error       : Evaluate [\_SB_.PCI0.PB2_.VGA_._SUN]: AE_NOT_FOUND
[   30.420005]      scan-1933 add_single_object     : Added device:01 [\_SB_.PCI0.PB2_.VGA_] parent device:00
[   30.420005]      scan-1141 get_device_data       : No context for object [ffff88040d8227a8]
[   30.420005]      scan-1141 get_device_data       : No context for object [ffff88040d8227d0]
[   30.420005]      scan-1141 get_device_data       : No context for object [ffff88040d8227f8]
[   30.420005]      scan-1141 get_device_data       : No context for object [ffff88040d822820]
[   30.420005]      scan-1141 get_device_data       : No context for object [ffff88040d822848]
[   30.420005]      scan-1141 get_device_data       : No context for object [ffff88040d822870]
[   30.420005]      scan-1141 get_device_data       : No context for object [ffff88040d822898]
[   30.420005]      scan-1141 get_device_data       : No context for object [ffff88040d8228c0]
[   30.420005]      scan-1141 get_device_data       : No context for object [ffff88040d8228e8]
[   30.420005]      scan-1141 get_device_data       : No context for object [ffff88040d822910]
[   30.420165]      scan-1141 get_device_data       : No context for object [ffff88040d822938]
[   30.420359]      scan-1141 get_device_data       : No context for object [ffff88040d822960]
[   30.420556]      scan-1141 get_device_data       : No context for object [ffff88040d822988]
[   30.420733]      scan-1141 get_device_data       : No context for object [ffff88040d8229b0]
[   30.420930]      scan-1141 get_device_data       : No context for object [ffff88040d8229d8]
[   30.421128]      scan-1141 get_device_data       : No context for object [ffff88040d822a00]
[   30.421324]      scan-1141 get_device_data       : No context for object [ffff88040d822a28]
[   30.421518]      scan-1141 get_device_data       : No context for object [ffff88040d822a50]
[   30.421705]      scan-1141 get_device_data       : No context for object [ffff88040d822a78]
[   30.421904]      scan-1141 get_device_data       : No context for object [ffff88040d822aa0]
[   30.422101]      scan-1141 get_device_data       : No context for object [ffff88040d822ac8]
[   30.422299]      scan-1141 get_device_data       : No context for object [ffff88040d822af0]
[   30.422496]      scan-1141 get_device_data       : No context for object [ffff88040d822b18]
[   30.422691]      scan-1141 get_device_data       : No context for object [ffff88040d822b40]
[   30.422888]      scan-1141 get_device_data       : No context for object [ffff88040d822b68]
[   30.423085]      scan-1141 get_device_data       : No context for object [ffff88040d822b90]
[   30.423283]      scan-1141 get_device_data       : No context for object [ffff88040d822bb8]
[   30.423464]      scan-1141 get_device_data       : No context for object [ffff88040d822be0]
[   30.423661]      scan-1141 get_device_data       : No context for object [ffff88040d822c08]
[   30.423856]      scan-1141 get_device_data       : No context for object [ffff88040d822c30]
[   30.424050]      scan-1141 get_device_data       : No context for object [ffff88040d822c58]
[   30.424245]      scan-1141 get_device_data       : No context for object [ffff88040d822c80]
[   30.424438]      scan-1141 get_device_data       : No context for object [ffff88040d822ca8]
[   30.424633]      scan-1141 get_device_data       : No context for object [ffff88040d822cd0]
[   30.424782]      scan-1141 get_device_data       : No context for object [ffff88040d822cf8]
[   30.424959]      scan-1141 get_device_data       : No context for object [ffff88040d822d20]
[   30.425149]      scan-1141 get_device_data       : No context for object [ffff88040d822d48]
[   30.425344]      scan-1141 get_device_data       : No context for object [ffff88040d822d70]
[   30.425539]      scan-1141 get_device_data       : No context for object [ffff88040d822d98]
[   30.425715]      scan-1141 get_device_data       : No context for object [ffff88040d837438]
[   30.425909]      scan-1141 get_device_data       : No context for object [ffff88040d822dc0]
[   30.426104]     utils-0051 util_eval_error       : Evaluate [\_SB_.PCI0.PB2_.HDAU._STA]: AE_NOT_FOUND
[   30.426320] device: 'device:02': device_add
[   30.426378] bus: 'acpi': add device device:02
[   30.426454]     utils-0051 util_eval_error       : Evaluate [\_SB_.PCI0.PB2_.HDAU._SUN]: AE_NOT_FOUND
[   30.426678]      scan-1933 add_single_object     : Added device:02 [\_SB_.PCI0.PB2_.HDAU] parent device:00
[   30.426858]      scan-1141 get_device_data       : No context for object [ffff88040d822de8]
[   30.427055]      scan-1141 get_device_data       : No context for object [ffff88040d822e10]
[   30.427249]      scan-1141 get_device_data       : No context for object [ffff88040d822e38]
[   30.427443]      scan-1141 get_device_data       : No context for object [ffff88040d822e60]
[   30.427635]      scan-1141 get_device_data       : No context for object [ffff88040d822e88]
[   30.427783]      scan-1141 get_device_data       : No context for object [ffff88040d822eb0]
[   30.427960]      scan-1141 get_device_data       : No context for object [ffff88040d822ed8]
[   30.428161]     utils-0051 util_eval_error       : Evaluate [\_SB_.PCI0.PB3_._STA]: AE_NOT_FOUND
[   30.428457] device: 'device:03': device_add
[   30.428520] bus: 'acpi': add device device:03
[   30.428595]     utils-0051 util_eval_error       : Evaluate [\_SB_.PCI0.PB3_._SUN]: AE_NOT_FOUND
[   30.430037]      scan-1933 add_single_object     : Added device:03 [\_SB_.PCI0.PB3_] parent PNP0A08:00
[   30.430037]      scan-1141 get_device_data       : No context for object [ffff88040d822f00]
[   30.430163]      scan-1141 get_device_data       : No context for object [ffff88040d822f28]
[   30.430360]      scan-1141 get_device_data       : No context for object [ffff88040d822f50]
[   30.430558]      scan-1141 get_device_data       : No context for object [ffff88040d822f78]
[   30.430735]      scan-1141 get_device_data       : No context for object [ffff88040d822fa0]
[   30.430932]      scan-1141 get_device_data       : No context for object [ffff88040d822fc8]
[   30.431128]      scan-1141 get_device_data       : No context for object [ffff88040d823000]
[   30.431321]      scan-1141 get_device_data       : No context for object [ffff88040d823028]
[   30.431519]      scan-1141 get_device_data       : No context for object [ffff88040d823050]
[   30.431696]      scan-1141 get_device_data       : No context for object [ffff88040d823078]
[   30.431894]      scan-1141 get_device_data       : No context for object [ffff88040d8230a0]
[   30.432091]      scan-1141 get_device_data       : No context for object [ffff88040d8230c8]
[   30.432288]      scan-1141 get_device_data       : No context for object [ffff88040d8230f0]
[   30.432484]      scan-1141 get_device_data       : No context for object [ffff88040d823118]
[   30.432677]      scan-1141 get_device_data       : No context for object [ffff88040d823140]
[   30.432874]      scan-1141 get_device_data       : No context for object [ffff88040d823168]
[   30.433072]      scan-1141 get_device_data       : No context for object [ffff88040d823190]
[   30.433271]      scan-1141 get_device_data       : No context for object [ffff88040d8231b8]
[   30.433497]      scan-1141 get_device_data       : No context for object [ffff88040d8231e0]
[   30.433694]      scan-1141 get_device_data       : No context for object [ffff88040d823208]
[   30.433889]      scan-1141 get_device_data       : No context for object [ffff88040d823230]
[   30.434086]      scan-1141 get_device_data       : No context for object [ffff88040d823258]
[   30.434283]      scan-1141 get_device_data       : No context for object [ffff88040d823280]
[   30.434481]      scan-1141 get_device_data       : No context for object [ffff88040d8232a8]
[   30.434678]      scan-1141 get_device_data       : No context for object [ffff88040d8232d0]
[   30.434876]      scan-1141 get_device_data       : No context for object [ffff88040d8232f8]
[   30.435069]      scan-1141 get_device_data       : No context for object [ffff88040d823320]
[   30.435268]      scan-1141 get_device_data       : No context for object [ffff88040d823348]
[   30.435465]      scan-1141 get_device_data       : No context for object [ffff88040d823370]
[   30.435663]      scan-1141 get_device_data       : No context for object [ffff88040d823398]
[   30.435840]      scan-1141 get_device_data       : No context for object [ffff88040d8233c0]
[   30.436037]     utils-0051 util_eval_error       : Evaluate [\_SB_.PCI0.PB3_.VGA_._STA]: AE_NOT_FOUND
[   30.436260]     video-0058 backlight_cap_match   : Found generic backlight support
[   30.436469] device: 'LNXVIDEO:00': device_add
[   30.436532] bus: 'acpi': add device LNXVIDEO:00
[   30.436610]     utils-0051 util_eval_error       : Evaluate [\_SB_.PCI0.PB3_.VGA_._SUN]: AE_NOT_FOUND
[   30.436762]      scan-1933 add_single_object     : Added LNXVIDEO:00 [\_SB_.PCI0.PB3_.VGA_] parent device:03
[   30.436947]      scan-1141 get_device_data       : No context for object [ffff88040d8233e8]
[   30.437144]      scan-1141 get_device_data       : No context for object [ffff88040d823410]
[   30.437341]      scan-1141 get_device_data       : No context for object [ffff88040d823438]
[   30.437536]      scan-1141 get_device_data       : No context for object [ffff88040d823460]
[   30.437713]      scan-1141 get_device_data       : No context for object [ffff88040d823488]
[   30.437910]      scan-1141 get_device_data       : No context for object [ffff88040d8234b0]
[   30.438107]      scan-1141 get_device_data       : No context for object [ffff88040d8234d8]
[   30.438304]      scan-1141 get_device_data       : No context for object [ffff88040d823500]
[   30.438501]      scan-1141 get_device_data       : No context for object [ffff88040d823528]
[   30.438694]      scan-1141 get_device_data       : No context for object [ffff88040d823550]
[   30.438891]      scan-1141 get_device_data       : No context for object [ffff88040d823578]
[   30.439088]      scan-1141 get_device_data       : No context for object [ffff88040d8235a0]
[   30.439285]      scan-1141 get_device_data       : No context for object [ffff88040d8235c8]
[   30.439482]      scan-1141 get_device_data       : No context for object [ffff88040d8235f0]
[   30.439680]      scan-1141 get_device_data       : No context for object [ffff88040d823618]
[   30.439872]      scan-1141 get_device_data       : No context for object [ffff88040d823640]
[   30.440002]      scan-1141 get_device_data       : No context for object [ffff88040d823668]
[   30.440200]      scan-1141 get_device_data       : No context for object [ffff88040d823690]
[   30.440394]      scan-1141 get_device_data       : No context for object [ffff88040d8236b8]
[   30.440589]      scan-1141 get_device_data       : No context for object [ffff88040d8236e0]
[   30.440767]      scan-1141 get_device_data       : No context for object [ffff88040d823708]
[   30.440960]      scan-1141 get_device_data       : No context for object [ffff88040d823730]
[   30.441153]      scan-1141 get_device_data       : No context for object [ffff88040d823758]
[   30.441348]      scan-1141 get_device_data       : No context for object [ffff88040d823780]
[   30.441544]      scan-1141 get_device_data       : No context for object [ffff88040d8237a8]
[   30.441693]      scan-1141 get_device_data       : No context for object [ffff88040d8237d0]
[   30.441870]      scan-1141 get_device_data       : No context for object [ffff88040d8237f8]
[   30.442065]      scan-1141 get_device_data       : No context for object [ffff88040d823820]
[   30.442255]      scan-1141 get_device_data       : No context for object [ffff88040d823848]
[   30.442450]      scan-1141 get_device_data       : No context for object [ffff88040d823870]
[   30.442626]      scan-1141 get_device_data       : No context for object [ffff88040d823898]
[   30.442823]      scan-1141 get_device_data       : No context for object [ffff88040d8238c0]
[   30.443017]      scan-1141 get_device_data       : No context for object [ffff88040d8238e8]
[   30.443212]      scan-1141 get_device_data       : No context for object [ffff88040d823910]
[   30.443461]      scan-1141 get_device_data       : No context for object [ffff88040d823938]
[   30.443653]      scan-1141 get_device_data       : No context for object [ffff88040d823960]
[   30.443848]      scan-1141 get_device_data       : No context for object [ffff88040d823988]
[   30.444041]      scan-1141 get_device_data       : No context for object [ffff88040d8239b0]
[   30.444236]      scan-1141 get_device_data       : No context for object [ffff88040d8239d8]
[   30.444431]      scan-1141 get_device_data       : No context for object [ffff88040d837460]
[   30.444628]      scan-1141 get_device_data       : No context for object [ffff88040d83ac08]
[   30.444776]      scan-1141 get_device_data       : No context for object [ffff88040d83ac30]
[   30.444953]      scan-1141 get_device_data       : No context for object [ffff88040d83ac58]
[   30.445152]     utils-0051 util_eval_error       : Evaluate [\_SB_.PCI0.PB3_.VGA_.CRT_._STA]: AE_NOT_FOUND
[   30.445394] device: 'device:04': device_add
[   30.445506] bus: 'acpi': add device device:04
[   30.445581]     utils-0051 util_eval_error       : Evaluate [\_SB_.PCI0.PB3_.VGA_.CRT_._SUN]: AE_NOT_FOUND
[   30.446671]      scan-1933 add_single_object     : Added device:04 [\_SB_.PCI0.PB3_.VGA_.CRT_] parent LNXVIDEO:00
[   30.446671]      scan-1141 get_device_data       : No context for object [ffff88040d83ac80]
[   30.446671]      scan-1141 get_device_data       : No context for object [ffff88040d83aca8]
[   30.446671]      scan-1141 get_device_data       : No context for object [ffff88040d83acd0]
[   30.446671]      scan-1141 get_device_data       : No context for object [ffff88040d83acf8]
[   30.446671]      scan-1141 get_device_data       : No context for object [ffff88040d83ad20]
[   30.446869]     utils-0051 util_eval_error       : Evaluate [\_SB_.PCI0.PB3_.VGA_.LCD_._STA]: AE_NOT_FOUND
[   30.447094] device: 'device:05': device_add
[   30.447154] bus: 'acpi': add device device:05
[   30.448291]     utils-0051 util_eval_error       : Evaluate [\_SB_.PCI0.PB3_.VGA_.LCD_._SUN]: AE_NOT_FOUND
[   30.450035]      scan-1933 add_single_object     : Added device:05 [\_SB_.PCI0.PB3_.VGA_.LCD_] parent LNXVIDEO:00
[   30.450035]      scan-1141 get_device_data       : No context for object [ffff88040d83ad48]
[   30.450035]      scan-1141 get_device_data       : No context for object [ffff88040d83ad70]
[   30.450035]      scan-1141 get_device_data       : No context for object [ffff88040d83ad98]
[   30.450035]      scan-1141 get_device_data       : No context for object [ffff88040d83adc0]
[   30.450035]      scan-1141 get_device_data       : No context for object [ffff88040d83ade8]
[   30.450035]      scan-1141 get_device_data       : No context for object [ffff88040d83ae10]
[   30.450035]      scan-1141 get_device_data       : No context for object [ffff88040d83ae38]
[   30.450035]      scan-1141 get_device_data       : No context for object [ffff88040d83ae60]
[   30.450202]     utils-0051 util_eval_error       : Evaluate [\_SB_.PCI0.PB3_.VGA_.TV0_._STA]: AE_NOT_FOUND
[   30.450436] device: 'device:06': device_add
[   30.450499] bus: 'acpi': add device device:06
[   30.450576]     utils-0051 util_eval_error       : Evaluate [\_SB_.PCI0.PB3_.VGA_.TV0_._SUN]: AE_NOT_FOUND
[   30.450758]      scan-1933 add_single_object     : Added device:06 [\_SB_.PCI0.PB3_.VGA_.TV0_] parent LNXVIDEO:00
[   30.450960]      scan-1141 get_device_data       : No context for object [ffff88040d83ae88]
[   30.451157]      scan-1141 get_device_data       : No context for object [ffff88040d83aeb0]
[   30.451354]      scan-1141 get_device_data       : No context for object [ffff88040d83aed8]
[   30.451551]      scan-1141 get_device_data       : No context for object [ffff88040d83af00]
[   30.451738]      scan-1141 get_device_data       : No context for object [ffff88040d83af28]
[   30.451936]     utils-0051 util_eval_error       : Evaluate [\_SB_.PCI0.PB3_.VGA_.HDMI._STA]: AE_NOT_FOUND
[   30.452172] device: 'device:07': device_add
[   30.452282] bus: 'acpi': add device device:07
[   30.452356]     utils-0051 util_eval_error       : Evaluate [\_SB_.PCI0.PB3_.VGA_.HDMI._SUN]: AE_NOT_FOUND
[   30.453338]      scan-1933 add_single_object     : Added device:07 [\_SB_.PCI0.PB3_.VGA_.HDMI] parent LNXVIDEO:00
[   30.453338]      scan-1141 get_device_data       : No context for object [ffff88040d83af50]
[   30.453338]      scan-1141 get_device_data       : No context for object [ffff88040d83af78]
[   30.453338]      scan-1141 get_device_data       : No context for object [ffff88040d83afa0]
[   30.453338]      scan-1141 get_device_data       : No context for object [ffff88040d83afc8]
[   30.453534]      scan-1141 get_device_data       : No context for object [ffff88040d823a00]
[   30.453687]     utils-0051 util_eval_error       : Evaluate [\_SB_.PCI0.PB3_.HDAU._STA]: AE_NOT_FOUND
[   30.453897] device: 'device:08': device_add
[   30.453961] bus: 'acpi': add device device:08
[   30.454035]     utils-0051 util_eval_error       : Evaluate [\_SB_.PCI0.PB3_.HDAU._SUN]: AE_NOT_FOUND
[   30.454242]      scan-1933 add_single_object     : Added device:08 [\_SB_.PCI0.PB3_.HDAU] parent device:03
[   30.454441]      scan-1141 get_device_data       : No context for object [ffff88040d823a28]
[   30.454617]      scan-1141 get_device_data       : No context for object [ffff88040d823a50]
[   30.454815]      scan-1141 get_device_data       : No context for object [ffff88040d823a78]
[   30.455013]      scan-1141 get_device_data       : No context for object [ffff88040d823aa0]
[   30.455210]      scan-1141 get_device_data       : No context for object [ffff88040d823ac8]
[   30.455407]      scan-1141 get_device_data       : No context for object [ffff88040d823af0]
[   30.455600]      scan-1141 get_device_data       : No context for object [ffff88040d823b18]
[   30.455796]     utils-0051 util_eval_error       : Evaluate [\_SB_.PCI0.PB4_._STA]: AE_NOT_FOUND
[   30.456089] device: 'device:09': device_add
[   30.456152] bus: 'acpi': add device device:09
[   30.456229]     utils-0051 util_eval_error       : Evaluate [\_SB_.PCI0.PB4_._SUN]: AE_NOT_FOUND
[   30.456689]      scan-1933 add_single_object     : Added device:09 [\_SB_.PCI0.PB4_] parent PNP0A08:00
[   30.456689]      scan-1141 get_device_data       : No context for object [ffff88040d823b40]
[   30.456870]      scan-1141 get_device_data       : No context for object [ffff88040d823b68]
[   30.457061]      scan-1141 get_device_data       : No context for object [ffff88040d823b90]
[   30.457258]      scan-1141 get_device_data       : No context for object [ffff88040d823bb8]
[   30.457452]      scan-1141 get_device_data       : No context for object [ffff88040d823be0]
[   30.457647]      scan-1141 get_device_data       : No context for object [ffff88040d823c08]
[   30.457841]      scan-1141 get_device_data       : No context for object [ffff88040d823c30]
[   30.458037]      scan-1141 get_device_data       : No context for object [ffff88040d823c58]
[   30.458226]      scan-1141 get_device_data       : No context for object [ffff88040d823c80]
[   30.458420]      scan-1141 get_device_data       : No context for object [ffff88040d823ca8]
[   30.458616]      scan-1141 get_device_data       : No context for object [ffff88040d823cd0]
[   30.458795]      scan-1141 get_device_data       : No context for object [ffff88040d823cf8]
[   30.458990]      scan-1141 get_device_data       : No context for object [ffff88040d823d20]
[   30.459184]      scan-1141 get_device_data       : No context for object [ffff88040d823d48]
[   30.459380]      scan-1141 get_device_data       : No context for object [ffff88040d823d70]
[   30.459573]      scan-1141 get_device_data       : No context for object [ffff88040d823d98]
[   30.459722]      scan-1141 get_device_data       : No context for object [ffff88040d823dc0]
[   30.459899]      scan-1141 get_device_data       : No context for object [ffff88040d823de8]
[   30.460128]      scan-1141 get_device_data       : No context for object [ffff88040d823e10]
[   30.460325]      scan-1141 get_device_data       : No context for object [ffff88040d823e38]
[   30.460520]      scan-1141 get_device_data       : No context for object [ffff88040d823e60]
[   30.460692]      scan-1141 get_device_data       : No context for object [ffff88040d823e88]
[   30.460888]      scan-1141 get_device_data       : No context for object [ffff88040d823eb0]
[   30.461082]      scan-1141 get_device_data       : No context for object [ffff88040d823ed8]
[   30.461276]      scan-1141 get_device_data       : No context for object [ffff88040d823f00]
[   30.461474]      scan-1141 get_device_data       : No context for object [ffff88040d823f28]
[   30.461671]      scan-1141 get_device_data       : No context for object [ffff88040d823f50]
[   30.461869]      scan-1141 get_device_data       : No context for object [ffff88040d823f78]
[   30.462064]      scan-1141 get_device_data       : No context for object [ffff88040d823fa0]
[   30.462262]      scan-1141 get_device_data       : No context for object [ffff88040d823fc8]
[   30.462460]      scan-1141 get_device_data       : No context for object [ffff88040d825000]
[   30.462659]     utils-0051 util_eval_error       : Evaluate [\_SB_.PCI0.PB4_.XPDV._STA]: AE_NOT_FOUND
[   30.462891] device: 'device:0a': device_add
[   30.462954] bus: 'acpi': add device device:0a
[   30.463023]     utils-0051 util_eval_error       : Evaluate [\_SB_.PCI0.PB4_.XPDV._SUN]: AE_NOT_FOUND
[   30.463339]      scan-1933 add_single_object     : Added device:0a [\_SB_.PCI0.PB4_.XPDV] parent device:09
[   30.463339]      scan-1141 get_device_data       : No context for object [ffff88040d825028]
[   30.463536]      scan-1141 get_device_data       : No context for object [ffff88040d825050]
[   30.463687]      scan-1141 get_device_data       : No context for object [ffff88040d825078]
[   30.463864]      scan-1141 get_device_data       : No context for object [ffff88040d8250a0]
[   30.464061]      scan-1141 get_device_data       : No context for object [ffff88040d8250c8]
[   30.464256]      scan-1141 get_device_data       : No context for object [ffff88040d837500]
[   30.464454]      scan-1141 get_device_data       : No context for object [ffff88040d8250f0]
[   30.464631]      scan-1141 get_device_data       : No context for object [ffff88040d825118]
[   30.464829]     utils-0051 util_eval_error       : Evaluate [\_SB_.PCI0.PB5_._STA]: AE_NOT_FOUND
[   30.465124] device: 'device:0b': device_add
[   30.465187] bus: 'acpi': add device device:0b
[   30.465262]     utils-0051 util_eval_error       : Evaluate [\_SB_.PCI0.PB5_._SUN]: AE_NOT_FOUND
[   30.466672]      scan-1933 add_single_object     : Added device:0b [\_SB_.PCI0.PB5_] parent PNP0A08:00
[   30.466672]      scan-1141 get_device_data       : No context for object [ffff88040d825140]
[   30.466864]      scan-1141 get_device_data       : No context for object [ffff88040d825168]
[   30.467062]      scan-1141 get_device_data       : No context for object [ffff88040d825190]
[   30.467259]      scan-1141 get_device_data       : No context for object [ffff88040d8251b8]
[   30.467457]      scan-1141 get_device_data       : No context for object [ffff88040d8251e0]
[   30.467633]      scan-1141 get_device_data       : No context for object [ffff88040d825208]
[   30.467830]      scan-1141 get_device_data       : No context for object [ffff88040d825230]
[   30.468024]      scan-1141 get_device_data       : No context for object [ffff88040d825258]
[   30.468221]      scan-1141 get_device_data       : No context for object [ffff88040d825280]
[   30.468418]      scan-1141 get_device_data       : No context for object [ffff88040d8252a8]
[   30.468615]      scan-1141 get_device_data       : No context for object [ffff88040d8252d0]
[   30.468812]      scan-1141 get_device_data       : No context for object [ffff88040d8252f8]
[   30.469010]      scan-1141 get_device_data       : No context for object [ffff88040d825320]
[   30.469205]      scan-1141 get_device_data       : No context for object [ffff88040d825348]
[   30.469401]      scan-1141 get_device_data       : No context for object [ffff88040d825370]
[   30.469599]      scan-1141 get_device_data       : No context for object [ffff88040d825398]
[   30.469796]      scan-1141 get_device_data       : No context for object [ffff88040d8253c0]
[   30.470002]      scan-1141 get_device_data       : No context for object [ffff88040d8253e8]
[   30.470200]      scan-1141 get_device_data       : No context for object [ffff88040d825410]
[   30.470397]      scan-1141 get_device_data       : No context for object [ffff88040d825438]
[   30.470593]      scan-1141 get_device_data       : No context for object [ffff88040d825460]
[   30.470776]      scan-1141 get_device_data       : No context for object [ffff88040d825488]
[   30.470974]      scan-1141 get_device_data       : No context for object [ffff88040d8254b0]
[   30.471171]      scan-1141 get_device_data       : No context for object [ffff88040d8254d8]
[   30.471368]      scan-1141 get_device_data       : No context for object [ffff88040d825500]
[   30.471566]      scan-1141 get_device_data       : No context for object [ffff88040d825528]
[   30.471714]      scan-1141 get_device_data       : No context for object [ffff88040d825550]
[   30.471891]      scan-1141 get_device_data       : No context for object [ffff88040d825578]
[   30.472088]      scan-1141 get_device_data       : No context for object [ffff88040d8255a0]
[   30.472286]      scan-1141 get_device_data       : No context for object [ffff88040d8255c8]
[   30.472483]      scan-1141 get_device_data       : No context for object [ffff88040d8255f0]
[   30.472661]     utils-0051 util_eval_error       : Evaluate [\_SB_.PCI0.PB5_.XPDV._STA]: AE_NOT_FOUND
[   30.472878] device: 'device:0c': device_add
[   30.472941] bus: 'acpi': add device device:0c
[   30.473017]     utils-0051 util_eval_error       : Evaluate [\_SB_.PCI0.PB5_.XPDV._SUN]: AE_NOT_FOUND
[   30.473339]      scan-1933 add_single_object     : Added device:0c [\_SB_.PCI0.PB5_.XPDV] parent device:0b
[   30.473502]      scan-1141 get_device_data       : No context for object [ffff88040d825618]
[   30.473700]      scan-1141 get_device_data       : No context for object [ffff88040d825640]
[   30.473894]      scan-1141 get_device_data       : No context for object [ffff88040d825668]
[   30.474089]      scan-1141 get_device_data       : No context for object [ffff88040d825690]
[   30.474280]      scan-1141 get_device_data       : No context for object [ffff88040d8256b8]
[   30.474475]      scan-1141 get_device_data       : No context for object [ffff88040d837528]
[   30.474670]      scan-1141 get_device_data       : No context for object [ffff88040d8256e0]
[   30.474851]      scan-1141 get_device_data       : No context for object [ffff88040d825708]
[   30.475047]     utils-0051 util_eval_error       : Evaluate [\_SB_.PCI0.PB6_._STA]: AE_NOT_FOUND
[   30.475281] device: 'device:0d': device_add
[   30.475338] bus: 'acpi': add device device:0d
[   30.475403]     utils-0051 util_eval_error       : Evaluate [\_SB_.PCI0.PB6_._SUN]: AE_NOT_FOUND
[   30.476704]      scan-1933 add_single_object     : Added device:0d [\_SB_.PCI0.PB6_] parent PNP0A08:00
[   30.476704]      scan-1141 get_device_data       : No context for object [ffff88040d825730]
[   30.476704]      scan-1141 get_device_data       : No context for object [ffff88040d825758]
[   30.476704]      scan-1141 get_device_data       : No context for object [ffff88040d825780]
[   30.476704]      scan-1141 get_device_data       : No context for object [ffff88040d8257a8]
[   30.476704]      scan-1141 get_device_data       : No context for object [ffff88040d8257d0]
[   30.476704]      scan-1141 get_device_data       : No context for object [ffff88040d8257f8]
[   30.476864]      scan-1141 get_device_data       : No context for object [ffff88040d825820]
[   30.477060]      scan-1141 get_device_data       : No context for object [ffff88040d825848]
[   30.477254]      scan-1141 get_device_data       : No context for object [ffff88040d825870]
[   30.477449]      scan-1141 get_device_data       : No context for object [ffff88040d825898]
[   30.477640]      scan-1141 get_device_data       : No context for object [ffff88040d8258c0]
[   30.477829]      scan-1141 get_device_data       : No context for object [ffff88040d8258e8]
[   30.478027]      scan-1141 get_device_data       : No context for object [ffff88040d825910]
[   30.478225]      scan-1141 get_device_data       : No context for object [ffff88040d825938]
[   30.478423]      scan-1141 get_device_data       : No context for object [ffff88040d825960]
[   30.478620]      scan-1141 get_device_data       : No context for object [ffff88040d825988]
[   30.478818]      scan-1141 get_device_data       : No context for object [ffff88040d8259b0]
[   30.479014]      scan-1141 get_device_data       : No context for object [ffff88040d8259d8]
[   30.479211]      scan-1141 get_device_data       : No context for object [ffff88040d825a00]
[   30.479409]      scan-1141 get_device_data       : No context for object [ffff88040d825a28]
[   30.479607]      scan-1141 get_device_data       : No context for object [ffff88040d825a50]
[   30.479784]      scan-1141 get_device_data       : No context for object [ffff88040d825a78]
[   30.480002]      scan-1141 get_device_data       : No context for object [ffff88040d825aa0]
[   30.480198]      scan-1141 get_device_data       : No context for object [ffff88040d825ac8]
[   30.480393]      scan-1141 get_device_data       : No context for object [ffff88040d825af0]
[   30.480590]      scan-1141 get_device_data       : No context for object [ffff88040d825b18]
[   30.480741]      scan-1141 get_device_data       : No context for object [ffff88040d825b40]
[   30.480918]      scan-1141 get_device_data       : No context for object [ffff88040d825b68]
[   30.481116]      scan-1141 get_device_data       : No context for object [ffff88040d825b90]
[   30.481314]      scan-1141 get_device_data       : No context for object [ffff88040d825bb8]
[   30.481508]      scan-1141 get_device_data       : No context for object [ffff88040d825be0]
[   30.481687]     utils-0051 util_eval_error       : Evaluate [\_SB_.PCI0.PB6_.XPDV._STA]: AE_NOT_FOUND
[   30.481919] device: 'device:0e': device_add
[   30.481981] bus: 'acpi': add device device:0e
[   30.482056]     utils-0051 util_eval_error       : Evaluate [\_SB_.PCI0.PB6_.XPDV._SUN]: AE_NOT_FOUND
[   30.483362]      scan-1933 add_single_object     : Added device:0e [\_SB_.PCI0.PB6_.XPDV] parent device:0d
[   30.483362]      scan-1141 get_device_data       : No context for object [ffff88040d825c08]
[   30.483362]      scan-1141 get_device_data       : No context for object [ffff88040d825c30]
[   30.483362]      scan-1141 get_device_data       : No context for object [ffff88040d825c58]
[   30.483362]      scan-1141 get_device_data       : No context for object [ffff88040d825c80]
[   30.483362]      scan-1141 get_device_data       : No context for object [ffff88040d825ca8]
[   30.483498]      scan-1141 get_device_data       : No context for object [ffff88040d837550]
[   30.483695]      scan-1141 get_device_data       : No context for object [ffff88040d825cd0]
[   30.483892]      scan-1141 get_device_data       : No context for object [ffff88040d825cf8]
[   30.485105]     utils-0051 util_eval_error       : Evaluate [\_SB_.PCI0.PB7_._STA]: AE_NOT_FOUND
[   30.485394] device: 'device:0f': device_add
[   30.485457] bus: 'acpi': add device device:0f
[   30.485536]     utils-0051 util_eval_error       : Evaluate [\_SB_.PCI0.PB7_._SUN]: AE_NOT_FOUND
[   30.486672]      scan-1933 add_single_object     : Added device:0f [\_SB_.PCI0.PB7_] parent PNP0A08:00
[   30.486672]      scan-1141 get_device_data       : No context for object [ffff88040d825d20]
[   30.486672]      scan-1141 get_device_data       : No context for object [ffff88040d825d48]
[   30.486672]      scan-1141 get_device_data       : No context for object [ffff88040d825d70]
[   30.486672]      scan-1141 get_device_data       : No context for object [ffff88040d825d98]
[   30.486672]      scan-1141 get_device_data       : No context for object [ffff88040d825dc0]
[   30.486868]      scan-1141 get_device_data       : No context for object [ffff88040d825de8]
[   30.487065]      scan-1141 get_device_data       : No context for object [ffff88040d825e10]
[   30.487263]      scan-1141 get_device_data       : No context for object [ffff88040d825e38]
[   30.487460]      scan-1141 get_device_data       : No context for object [ffff88040d825e60]
[   30.487654]      scan-1141 get_device_data       : No context for object [ffff88040d825e88]
[   30.487853]      scan-1141 get_device_data       : No context for object [ffff88040d825eb0]
[   30.488050]      scan-1141 get_device_data       : No context for object [ffff88040d825ed8]
[   30.488248]      scan-1141 get_device_data       : No context for object [ffff88040d825f00]
[   30.488445]      scan-1141 get_device_data       : No context for object [ffff88040d825f28]
[   30.488643]      scan-1141 get_device_data       : No context for object [ffff88040d825f50]
[   30.488839]      scan-1141 get_device_data       : No context for object [ffff88040d825f78]
[   30.489035]      scan-1141 get_device_data       : No context for object [ffff88040d825fa0]
[   30.489232]      scan-1141 get_device_data       : No context for object [ffff88040d825fc8]
[   30.489429]      scan-1141 get_device_data       : No context for object [ffff88040d827000]
[   30.489626]      scan-1141 get_device_data       : No context for object [ffff88040d827028]
[   30.489803]      scan-1141 get_device_data       : No context for object [ffff88040d827050]
[   30.490001]      scan-1141 get_device_data       : No context for object [ffff88040d827078]
[   30.490195]      scan-1141 get_device_data       : No context for object [ffff88040d8270a0]
[   30.490394]      scan-1141 get_device_data       : No context for object [ffff88040d8270c8]
[   30.490587]      scan-1141 get_device_data       : No context for object [ffff88040d8270f0]
[   30.490735]      scan-1141 get_device_data       : No context for object [ffff88040d827118]
[   30.490912]      scan-1141 get_device_data       : No context for object [ffff88040d827140]
[   30.491105]      scan-1141 get_device_data       : No context for object [ffff88040d827168]
[   30.491297]      scan-1141 get_device_data       : No context for object [ffff88040d827190]
[   30.491489]      scan-1141 get_device_data       : No context for object [ffff88040d8271b8]
[   30.491668]      scan-1141 get_device_data       : No context for object [ffff88040d8271e0]
[   30.491864]     utils-0051 util_eval_error       : Evaluate [\_SB_.PCI0.PB7_.XPDV._STA]: AE_NOT_FOUND
[   30.492094] device: 'device:10': device_add
[   30.492156] bus: 'acpi': add device device:10
[   30.492229]     utils-0051 util_eval_error       : Evaluate [\_SB_.PCI0.PB7_.XPDV._SUN]: AE_NOT_FOUND
[   30.493338]      scan-1933 add_single_object     : Added device:10 [\_SB_.PCI0.PB7_.XPDV] parent device:0f
[   30.493338]      scan-1141 get_device_data       : No context for object [ffff88040d827208]
[   30.493338]      scan-1141 get_device_data       : No context for object [ffff88040d827230]
[   30.493338]      scan-1141 get_device_data       : No context for object [ffff88040d827258]
[   30.493338]      scan-1141 get_device_data       : No context for object [ffff88040d827280]
[   30.493338]      scan-1141 get_device_data       : No context for object [ffff88040d8272a8]
[   30.493530]      scan-1141 get_device_data       : No context for object [ffff88040d837488]
[   30.493675]      scan-1141 get_device_data       : No context for object [ffff88040d8272d0]
[   30.493850]      scan-1141 get_device_data       : No context for object [ffff88040d8272f8]
[   30.494046]     utils-0051 util_eval_error       : Evaluate [\_SB_.PCI0.OHC1._STA]: AE_NOT_FOUND
[   30.494288] device: 'device:11': device_add
[   30.494350] bus: 'acpi': add device device:11
[   30.494424]     utils-0051 util_eval_error       : Evaluate [\_SB_.PCI0.OHC1._SUN]: AE_NOT_FOUND
[   30.494615]      scan-1933 add_single_object     : Added device:11 [\_SB_.PCI0.OHC1] parent PNP0A08:00
[   30.494815]      scan-1141 get_device_data       : No context for object [ffff88040d827320]
[   30.495008]      scan-1141 get_device_data       : No context for object [ffff88040d827348]
[   30.495206]      scan-1141 get_device_data       : No context for object [ffff88040d83b2f8]
[   30.495405]     utils-0051 util_eval_error       : Evaluate [\_SB_.PCI0.OHC1.RHUB._STA]: AE_NOT_FOUND
[   30.495636] device: 'device:12': device_add
[   30.495699] bus: 'acpi': add device device:12
[   30.495776]     utils-0051 util_eval_error       : Evaluate [\_SB_.PCI0.OHC1.RHUB._SUN]: AE_NOT_FOUND
[   30.496737]      scan-1933 add_single_object     : Added device:12 [\_SB_.PCI0.OHC1.RHUB] parent device:11
[   30.496737]      scan-1141 get_device_data       : No context for object [ffff88040d83b320]
[   30.496737]      scan-1141 get_device_data       : No context for object [ffff88040d83b348]
[   30.496737]     utils-0051 util_eval_error       : Evaluate [\_SB_.PCI0.OHC1.RHUB.PRT3._STA]: AE_NOT_FOUND
[   30.496882] device: 'device:13': device_add
[   30.496945] bus: 'acpi': add device device:13
[   30.497020]     utils-0051 util_eval_error       : Evaluate [\_SB_.PCI0.OHC1.RHUB.PRT3._SUN]: AE_NOT_FOUND
[   30.497226]      scan-1933 add_single_object     : Added device:13 [\_SB_.PCI0.OHC1.RHUB.PRT3] parent device:12
[   30.497427]      scan-1141 get_device_data       : No context for object [ffff88040d83b370]
[   30.497622]      scan-1141 get_device_data       : No context for object [ffff88040d83b398]
[   30.497773]      scan-1141 get_device_data       : No context for object [ffff88040d83b3c0]
[   30.497951]      scan-1141 get_device_data       : No context for object [ffff88040d83b3e8]
[   30.498150]     utils-0051 util_eval_error       : Evaluate [\_SB_.PCI0.OHC1.RHUB.PRT4._STA]: AE_NOT_FOUND
[   30.498381] device: 'device:14': device_add
[   30.498444] bus: 'acpi': add device device:14
[   30.498518]     utils-0051 util_eval_error       : Evaluate [\_SB_.PCI0.OHC1.RHUB.PRT4._SUN]: AE_NOT_FOUND
[   30.500012]      scan-1933 add_single_object     : Added device:14 [\_SB_.PCI0.OHC1.RHUB.PRT4] parent device:12
[   30.500012]      scan-1141 get_device_data       : No context for object [ffff88040d83b410]
[   30.500012]      scan-1141 get_device_data       : No context for object [ffff88040d83b438]
[   30.500012]      scan-1141 get_device_data       : No context for object [ffff88040d83b460]
[   30.500012]      scan-1141 get_device_data       : No context for object [ffff88040d827370]
[   30.500012]     utils-0051 util_eval_error       : Evaluate [\_SB_.PCI0.EHC1._STA]: AE_NOT_FOUND
[   30.500012] device: 'device:15': device_add
[   30.500012] bus: 'acpi': add device device:15
[   30.500081]     utils-0051 util_eval_error       : Evaluate [\_SB_.PCI0.EHC1._SUN]: AE_NOT_FOUND
[   30.500288]      scan-1933 add_single_object     : Added device:15 [\_SB_.PCI0.EHC1] parent PNP0A08:00
[   30.500489]      scan-1141 get_device_data       : No context for object [ffff88040d827398]
[   30.500687]      scan-1141 get_device_data       : No context for object [ffff88040d8273c0]
[   30.500884]      scan-1141 get_device_data       : No context for object [ffff88040d83b028]
[   30.501083]     utils-0051 util_eval_error       : Evaluate [\_SB_.PCI0.EHC1.RHUB._STA]: AE_NOT_FOUND
[   30.501313] device: 'device:16': device_add
[   30.501375] bus: 'acpi': add device device:16
[   30.501450]     utils-0051 util_eval_error       : Evaluate [\_SB_.PCI0.EHC1.RHUB._SUN]: AE_NOT_FOUND
[   30.503338]      scan-1933 add_single_object     : Added device:16 [\_SB_.PCI0.EHC1.RHUB] parent device:15
[   30.503338]      scan-1141 get_device_data       : No context for object [ffff88040d83b050]
[   30.503338]      scan-1141 get_device_data       : No context for object [ffff88040d83b078]
[   30.503338]     utils-0051 util_eval_error       : Evaluate [\_SB_.PCI0.EHC1.RHUB.PRT3._STA]: AE_NOT_FOUND
[   30.503357] device: 'device:17': device_add
[   30.503416] bus: 'acpi': add device device:17
[   30.503483]     utils-0051 util_eval_error       : Evaluate [\_SB_.PCI0.EHC1.RHUB.PRT3._SUN]: AE_NOT_FOUND
[   30.503669]      scan-1933 add_single_object     : Added device:17 [\_SB_.PCI0.EHC1.RHUB.PRT3] parent device:16
[   30.503872]      scan-1141 get_device_data       : No context for object [ffff88040d83b0a0]
[   30.504069]      scan-1141 get_device_data       : No context for object [ffff88040d83b0c8]
[   30.504267]      scan-1141 get_device_data       : No context for object [ffff88040d83b0f0]
[   30.504464]      scan-1141 get_device_data       : No context for object [ffff88040d83b118]
[   30.504640]     utils-0051 util_eval_error       : Evaluate [\_SB_.PCI0.EHC1.RHUB.PRT4._STA]: AE_NOT_FOUND
[   30.504869] device: 'device:18': device_add
[   30.504931] bus: 'acpi': add device device:18
[   30.505006]     utils-0051 util_eval_error       : Evaluate [\_SB_.PCI0.EHC1.RHUB.PRT4._SUN]: AE_NOT_FOUND
[   30.506677]      scan-1933 add_single_object     : Added device:18 [\_SB_.PCI0.EHC1.RHUB.PRT4] parent device:16
[   30.506677]      scan-1141 get_device_data       : No context for object [ffff88040d83b140]
[   30.506677]      scan-1141 get_device_data       : No context for object [ffff88040d83b168]
[   30.506677]      scan-1141 get_device_data       : No context for object [ffff88040d83b190]
[   30.506677]      scan-1141 get_device_data       : No context for object [ffff88040d8273e8]
[   30.506677]     utils-0051 util_eval_error       : Evaluate [\_SB_.PCI0.OHC2._STA]: AE_NOT_FOUND
[   30.506677] device: 'device:19': device_add
[   30.506677] bus: 'acpi': add device device:19
[   30.506684]     utils-0051 util_eval_error       : Evaluate [\_SB_.PCI0.OHC2._SUN]: AE_NOT_FOUND
[   30.506869]      scan-1933 add_single_object     : Added device:19 [\_SB_.PCI0.OHC2] parent PNP0A08:00
[   30.507071]      scan-1141 get_device_data       : No context for object [ffff88040d827410]
[   30.507264]      scan-1141 get_device_data       : No context for object [ffff88040d827438]
[   30.507457]      scan-1141 get_device_data       : No context for object [ffff88040d83b488]
[   30.507654]     utils-0051 util_eval_error       : Evaluate [\_SB_.PCI0.OHC2.RHUB._STA]: AE_NOT_FOUND
[   30.507865] device: 'device:1a': device_add
[   30.507926] bus: 'acpi': add device device:1a
[   30.508001]     utils-0051 util_eval_error       : Evaluate [\_SB_.PCI0.OHC2.RHUB._SUN]: AE_NOT_FOUND
[   30.510000]      scan-1933 add_single_object     : Added device:1a [\_SB_.PCI0.OHC2.RHUB] parent device:19
[   30.510000]      scan-1141 get_device_data       : No context for object [ffff88040d83b4b0]
[   30.510000]      scan-1141 get_device_data       : No context for object [ffff88040d83b4d8]
[   30.510000]     utils-0051 util_eval_error       : Evaluate [\_SB_.PCI0.OHC2.RHUB.PRT4._STA]: AE_NOT_FOUND
[   30.510000] device: 'device:1b': device_add
[   30.510000] bus: 'acpi': add device device:1b
[   30.510000]     utils-0051 util_eval_error       : Evaluate [\_SB_.PCI0.OHC2.RHUB.PRT4._SUN]: AE_NOT_FOUND
[   30.510044]      scan-1933 add_single_object     : Added device:1b [\_SB_.PCI0.OHC2.RHUB.PRT4] parent device:1a
[   30.510044]      scan-1141 get_device_data       : No context for object [ffff88040d83b500]
[   30.510044]      scan-1141 get_device_data       : No context for object [ffff88040d83b528]
[   30.510044]      scan-1141 get_device_data       : No context for object [ffff88040d83b550]
[   30.510044]      scan-1141 get_device_data       : No context for object [ffff88040d827460]
[   30.510198]     utils-0051 util_eval_error       : Evaluate [\_SB_.PCI0.EHC2._STA]: AE_NOT_FOUND
[   30.510488] device: 'device:1c': device_add
[   30.510549] bus: 'acpi': add device device:1c
[   30.510623]     utils-0051 util_eval_error       : Evaluate [\_SB_.PCI0.EHC2._SUN]: AE_NOT_FOUND
[   30.510807]      scan-1933 add_single_object     : Added device:1c [\_SB_.PCI0.EHC2] parent PNP0A08:00
[   30.511003]      scan-1141 get_device_data       : No context for object [ffff88040d827488]
[   30.511198]      scan-1141 get_device_data       : No context for object [ffff88040d8274b0]
[   30.511396]      scan-1141 get_device_data       : No context for object [ffff88040d83b1b8]
[   30.511595]     utils-0051 util_eval_error       : Evaluate [\_SB_.PCI0.EHC2.RHUB._STA]: AE_NOT_FOUND
[   30.511829] device: 'device:1d': device_add
[   30.511892] bus: 'acpi': add device device:1d
[   30.511962]     utils-0051 util_eval_error       : Evaluate [\_SB_.PCI0.EHC2.RHUB._SUN]: AE_NOT_FOUND
[   30.513344]      scan-1933 add_single_object     : Added device:1d [\_SB_.PCI0.EHC2.RHUB] parent device:1c
[   30.513344]      scan-1141 get_device_data       : No context for object [ffff88040d83b1e0]
[   30.513344]      scan-1141 get_device_data       : No context for object [ffff88040d83b208]
[   30.513344]     utils-0051 util_eval_error       : Evaluate [\_SB_.PCI0.EHC2.RHUB.PRT2._STA]: AE_NOT_FOUND
[   30.513344] device: 'device:1e': device_add
[   30.513344] bus: 'acpi': add device device:1e
[   30.513344]     utils-0051 util_eval_error       : Evaluate [\_SB_.PCI0.EHC2.RHUB.PRT2._SUN]: AE_NOT_FOUND
[   30.513376]      scan-1933 add_single_object     : Added device:1e [\_SB_.PCI0.EHC2.RHUB.PRT2] parent device:1d
[   30.513543]      scan-1141 get_device_data       : No context for object [ffff88040d83b230]
[   30.513694]      scan-1141 get_device_data       : No context for object [ffff88040d83b258]
[   30.513871]      scan-1141 get_device_data       : No context for object [ffff88040d83b280]
[   30.514069]      scan-1141 get_device_data       : No context for object [ffff88040d8274d8]
[   30.514269]     utils-0051 util_eval_error       : Evaluate [\_SB_.PCI0.OHC3._STA]: AE_NOT_FOUND
[   30.514494] device: 'device:1f': device_add
[   30.514553] bus: 'acpi': add device device:1f
[   30.514627]     utils-0051 util_eval_error       : Evaluate [\_SB_.PCI0.OHC3._SUN]: AE_NOT_FOUND
[   30.516667]      scan-1933 add_single_object     : Added device:1f [\_SB_.PCI0.OHC3] parent PNP0A08:00
[   30.516667]      scan-1141 get_device_data       : No context for object [ffff88040d827500]
[   30.516667]      scan-1141 get_device_data       : No context for object [ffff88040d827528]
[   30.516667]      scan-1141 get_device_data       : No context for object [ffff88040d83b578]
[   30.516667]     utils-0051 util_eval_error       : Evaluate [\_SB_.PCI0.OHC3.RHUB._STA]: AE_NOT_FOUND
[   30.516667] device: 'device:20': device_add
[   30.516667] bus: 'acpi': add device device:20
[   30.516667]     utils-0051 util_eval_error       : Evaluate [\_SB_.PCI0.OHC3.RHUB._SUN]: AE_NOT_FOUND
[   30.516710]      scan-1933 add_single_object     : Added device:20 [\_SB_.PCI0.OHC3.RHUB] parent device:1f
[   30.516710]      scan-1141 get_device_data       : No context for object [ffff88040d83b5a0]
[   30.516710]      scan-1141 get_device_data       : No context for object [ffff88040d827550]
[   30.516787]     utils-0051 util_eval_error       : Evaluate [\_SB_.PCI0.EHC3._STA]: AE_NOT_FOUND
[   30.516993] device: 'device:21': device_add
[   30.517053] bus: 'acpi': add device device:21
[   30.517127]     utils-0051 util_eval_error       : Evaluate [\_SB_.PCI0.EHC3._SUN]: AE_NOT_FOUND
[   30.517334]      scan-1933 add_single_object     : Added device:21 [\_SB_.PCI0.EHC3] parent PNP0A08:00
[   30.517536]      scan-1141 get_device_data       : No context for object [ffff88040d827578]
[   30.517713]      scan-1141 get_device_data       : No context for object [ffff88040d8275a0]
[   30.517911]      scan-1141 get_device_data       : No context for object [ffff88040d83b2a8]
[   30.518110]     utils-0051 util_eval_error       : Evaluate [\_SB_.PCI0.EHC3.RHUB._STA]: AE_NOT_FOUND
[   30.518325] device: 'device:22': device_add
[   30.518388] bus: 'acpi': add device device:22
[   30.518463]     utils-0051 util_eval_error       : Evaluate [\_SB_.PCI0.EHC3.RHUB._SUN]: AE_NOT_FOUND
[   30.520002]      scan-1933 add_single_object     : Added device:22 [\_SB_.PCI0.EHC3.RHUB] parent device:21
[   30.520002]      scan-1141 get_device_data       : No context for object [ffff88040d83b2d0]
[   30.520002]      scan-1141 get_device_data       : No context for object [ffff88040d8275c8]
[   30.520002]     utils-0051 util_eval_error       : Evaluate [\_SB_.PCI0.OHC4._STA]: AE_NOT_FOUND
[   30.520002] device: 'device:23': device_add
[   30.520002] bus: 'acpi': add device device:23
[   30.520002]     utils-0051 util_eval_error       : Evaluate [\_SB_.PCI0.OHC4._SUN]: AE_NOT_FOUND
[   30.520014]      scan-1933 add_single_object     : Added device:23 [\_SB_.PCI0.OHC4] parent PNP0A08:00
[   30.520014]      scan-1141 get_device_data       : No context for object [ffff88040d8275f0]
[   30.520203]      scan-1141 get_device_data       : No context for object [ffff88040d827618]
[   30.520400]      scan-1141 get_device_data       : No context for object [ffff88040d827640]
[   30.521616]     utils-0051 util_eval_error       : Evaluate [\_SB_.PCI0.SBAZ._STA]: AE_NOT_FOUND
[   30.521824] device: 'device:24': device_add
[   30.521883] bus: 'acpi': add device device:24
[   30.521949]     utils-0051 util_eval_error       : Evaluate [\_SB_.PCI0.SBAZ._SUN]: AE_NOT_FOUND
[   30.523334]      scan-1933 add_single_object     : Added device:24 [\_SB_.PCI0.SBAZ] parent PNP0A08:00
