[    0.000000] Initializing cgroup subsys cpuset
[    0.000000] Initializing cgroup subsys cpu
[    0.000000] Initializing cgroup subsys cpuacct
[    0.000000] Linux version 3.17.0-rc2-gf6afecc (emacs@manji) (gcc version 4.9.1 (GCC) ) #1 SMP Sat Aug 30 02:00:29 CEST 2014
[    0.000000] Command line: BOOT_IMAGE=/vmlinuz-linux-tip root=UUID=bfa4ab6e-19a3-4601-ba2b-267c55841c73 rw cryptdevice=/dev/disk/by-uuid/70c08890-417a-497d-b6ab-c0d0357a63e2:cryptManjaro:allow-discards ipv6.disable=1 pnp.debug=1 loglevel=9 log_buf_len=10M printk.always_kmsg_dump=y printk.time=y mminit_loglevel=0 memory_corruption_check=1 acpi.debug_layer=0xfbff0000 acpi.debug_level=0xFFFFFFFD pnp.debug=1 nohz=on rcu_nocbs=1-3 pcie_aspm=force fbcon=scrollback:4096k fbcon=font:ProFont6x11 radeon.audio=0 radeon.lockup_timeout=0 radeon.test=0 radeon.agpmode=-1 radeon.benchmark=0 radeon.tv=0 radeon.hard_reset=1 radeon.aspm=1 radeon.dpm=1 radeon.msi=1 radeon.pcie_gen2=-1 radeon.no_wb=1 radeon.modeset=1 radeon.dynclks=1 radeon.r4xx_atom=0 radeon.runpm=0 radeonfb radeon.fastfb=1 nomodeset
[    0.000000] KERNEL supported cpus:
[    0.000000]   AMD AuthenticAMD
[    0.000000] tseg: 00bfe00000
[    0.000000] e820: BIOS-provided physical RAM map:
[    0.000000] BIOS-e820: [mem 0x0000000000000000-0x000000000009d7ff] usable
[    0.000000] BIOS-e820: [mem 0x000000000009d800-0x000000000009ffff] reserved
[    0.000000] BIOS-e820: [mem 0x00000000000e0000-0x00000000000fffff] reserved
[    0.000000] BIOS-e820: [mem 0x0000000000100000-0x00000000bed9afff] usable
[    0.000000] BIOS-e820: [mem 0x00000000bed9b000-0x00000000bf39afff] reserved
[    0.000000] BIOS-e820: [mem 0x00000000bf39b000-0x00000000bf49afff] ACPI NVS
[    0.000000] BIOS-e820: [mem 0x00000000bf49b000-0x00000000bf51afff] ACPI data
[    0.000000] BIOS-e820: [mem 0x00000000bf51b000-0x00000000bfdfffff] usable
[    0.000000] BIOS-e820: [mem 0x00000000bfe00000-0x00000000bfffffff] reserved
[    0.000000] BIOS-e820: [mem 0x00000000fec00000-0x00000000fecfffff] reserved
[    0.000000] BIOS-e820: [mem 0x00000000fed80000-0x00000000fed80fff] reserved
[    0.000000] BIOS-e820: [mem 0x00000000ffe00000-0x00000000ffffffff] reserved
[    0.000000] BIOS-e820: [mem 0x0000000100000000-0x000000041effffff] usable
[    0.000000] NX (Execute Disable) protection: active
[    0.000000] SMBIOS 2.6 present.
[    0.000000] DMI: LENOVO Sabine/Torpedo, BIOS 54CN18WW 07/20/2011
[    0.000000] e820: update [mem 0x00000000-0x00000fff] usable ==> reserved
[    0.000000] e820: remove [mem 0x000a0000-0x000fffff] usable
[    0.000000] e820: last_pfn = 0x41f000 max_arch_pfn = 0x400000000
[    0.000000] MTRR default type: uncachable
[    0.000000] MTRR fixed ranges enabled:
[    0.000000]   00000-9FFFF write-back
[    0.000000]   A0000-BFFFF uncachable
[    0.000000]   C0000-FFFFF write-protect
[    0.000000] MTRR variable ranges enabled:
[    0.000000]   0 base 0000000000 mask FF80000000 write-back
[    0.000000]   1 base 0080000000 mask FFC0000000 write-back
[    0.000000]   2 base 00FFF90000 mask FFFFFF0000 uncachable
[    0.000000]   3 base 00FED80000 mask 0FFFFFF000 uncachable
[    0.000000]   4 disabled
[    0.000000]   5 disabled
[    0.000000]   6 disabled
[    0.000000]   7 base 00FFE00000 mask FFFFE00000 write-protect
[    0.000000] TOM2: 000000041f000000 aka 16880M
[    0.000000] mtrr: your BIOS has configured an incorrect mask, fixing it.
[    0.000000] e820: last_pfn = 0xbfe00 max_arch_pfn = 0x400000000
[    0.000000] found SMP MP-table at [mem 0x000fa8b0-0x000fa8bf] mapped at [ffff8800000fa8b0]
[    0.000000] Base memory trampoline at [ffff880000097000] 97000 size 24576
[    0.000000] Using GB pages for direct mapping
[    0.000000] init_memory_mapping: [mem 0x00000000-0x000fffff]
[    0.000000]  [mem 0x00000000-0x000fffff] page 4k
[    0.000000] BRK [0x01e17000, 0x01e17fff] PGTABLE
[    0.000000] BRK [0x01e18000, 0x01e18fff] PGTABLE
[    0.000000] BRK [0x01e19000, 0x01e19fff] PGTABLE
[    0.000000] init_memory_mapping: [mem 0x41ee00000-0x41effffff]
[    0.000000]  [mem 0x41ee00000-0x41effffff] page 2M
[    0.000000] BRK [0x01e1a000, 0x01e1afff] PGTABLE
[    0.000000] init_memory_mapping: [mem 0x41c000000-0x41edfffff]
[    0.000000]  [mem 0x41c000000-0x41edfffff] page 2M
[    0.000000] init_memory_mapping: [mem 0x400000000-0x41bffffff]
[    0.000000]  [mem 0x400000000-0x41bffffff] page 2M
[    0.000000] init_memory_mapping: [mem 0x00100000-0xbed9afff]
[    0.000000]  [mem 0x00100000-0x001fffff] page 4k
[    0.000000]  [mem 0x00200000-0x3fffffff] page 2M
[    0.000000]  [mem 0x40000000-0x7fffffff] page 1G
[    0.000000]  [mem 0x80000000-0xbebfffff] page 2M
[    0.000000]  [mem 0xbec00000-0xbed9afff] page 4k
[    0.000000] init_memory_mapping: [mem 0xbf51b000-0xbfdfffff]
[    0.000000]  [mem 0xbf51b000-0xbf5fffff] page 4k
[    0.000000]  [mem 0xbf600000-0xbfdfffff] page 2M
[    0.000000] BRK [0x01e1b000, 0x01e1bfff] PGTABLE
[    0.000000] init_memory_mapping: [mem 0x100000000-0x3ffffffff]
[    0.000000]  [mem 0x100000000-0x3ffffffff] page 1G
[    0.000000] log_buf_len: 16777216 bytes
[    0.000000] early log buf free: 2092044(99%)
[    0.000000] RAMDISK: [mem 0x3782c000-0x37c0dfff]
[    0.000000] ACPI: Early table checksum verification disabled
[    0.000000] ACPI: RSDP 0x00000000000F0110 000024 (v02 LENOVO)
[    0.000000] ACPI: XSDT 0x00000000BF51A120 000074 (v01 LENOVO CB-01    00000001 LENO 00000001)
[    0.000000] ACPI: FACP 0x00000000BF508000 0000F4 (v04 LENOVO CB-01    00000001 PTL  00000001)
[    0.000000] ACPI: DSDT 0x00000000BF50A000 00FD10 (v01 LENOVO CB-01    00001000 LENO 00000001)
[    0.000000] ACPI: FACS 0x00000000BF478000 000040
[    0.000000] ACPI: HPET 0x00000000BF507000 000038 (v01 LENOVO CB-01    00000001 PTL  00000001)
[    0.000000] ACPI: APIC 0x00000000BF506000 00007A (v02 LENOVO CB-01    00000001 PTL  00000001)
[    0.000000] ACPI: MCFG 0x00000000BF505000 00003C (v01 LENOVO CB-01    00000001 PTL  00000001)
[    0.000000] ACPI: SLIC 0x00000000BF504000 000176 (v01 LENOVO CB-01    00000001 LENO 00000001)
[    0.000000] ACPI: UEFI 0x00000000BF503000 00003E (v01 LENOVO CB-01    00000001 PTL  00000001)
[    0.000000] ACPI: UEFI 0x00000000BF502000 000042 (v01 PTL    COMBUF   00000001 PTL  00000001)
[    0.000000] ACPI: SSDT 0x00000000BF501000 000E34 (v01 AMD    POWERNOW 00000001 AMD  00000001)
[    0.000000] ACPI: SSDT 0x00000000BF4FF000 00193D (v02 AMD    ALIB     00000001 MSFT 04000000)
[    0.000000] ACPI: UEFI 0x00000000BF4FE000 00021A (v01 LENOVO CB-01    00000001 PTL  00000001)
[    0.000000] ACPI: Local APIC address 0xfee00000
[    0.000000] No NUMA configuration found
[    0.000000] Faking a node at [mem 0x0000000000000000-0x000000041effffff]
[    0.000000] Initmem setup node 0 [mem 0x00000000-0x41effffff]
[    0.000000]   NODE_DATA [mem 0x41dffa000-0x41dffdfff]
[    0.000000]  [ffffea0000000000-ffffea00107fffff] PMD -> [ffff88040de00000-ffff88041d5fffff] on node 0
[    0.000000] Zone ranges:
[    0.000000]   DMA      [mem 0x00001000-0x00ffffff]
[    0.000000]   DMA32    [mem 0x01000000-0xffffffff]
[    0.000000]   Normal   [mem 0x100000000-0x41effffff]
[    0.000000] Movable zone start for each node
[    0.000000] Early memory node ranges
[    0.000000]   node   0: [mem 0x00001000-0x0009cfff]
[    0.000000]   node   0: [mem 0x00100000-0xbed9afff]
[    0.000000]   node   0: [mem 0xbf51b000-0xbfdfffff]
[    0.000000]   node   0: [mem 0x100000000-0x41effffff]
[    0.000000] On node 0 totalpages: 4056604
[    0.000000]   DMA zone: 64 pages used for memmap
[    0.000000]   DMA zone: 21 pages reserved
[    0.000000]   DMA zone: 3996 pages, LIFO batch:0
[    0.000000]   DMA32 zone: 12186 pages used for memmap
[    0.000000]   DMA32 zone: 779904 pages, LIFO batch:31
[    0.000000]   Normal zone: 51136 pages used for memmap
[    0.000000]   Normal zone: 3272704 pages, LIFO batch:31
[    0.000000] ACPI: PM-Timer IO Port: 0x808
[    0.000000] ACPI: Local APIC address 0xfee00000
[    0.000000] ACPI: LAPIC (acpi_id[0x00] lapic_id[0x00] enabled)
[    0.000000] ACPI: LAPIC (acpi_id[0x01] lapic_id[0x01] enabled)
[    0.000000] ACPI: LAPIC (acpi_id[0x02] lapic_id[0x02] enabled)
[    0.000000] ACPI: LAPIC (acpi_id[0x03] lapic_id[0x03] enabled)
[    0.000000] ACPI: LAPIC_NMI (acpi_id[0x00] high edge lint[0x1])
[    0.000000] ACPI: LAPIC_NMI (acpi_id[0x01] high edge lint[0x1])
[    0.000000] ACPI: LAPIC_NMI (acpi_id[0x02] high edge lint[0x1])
[    0.000000] ACPI: LAPIC_NMI (acpi_id[0x03] high edge lint[0x1])
[    0.000000] ACPI: IOAPIC (id[0x02] address[0xfec00000] gsi_base[0])
[    0.000000] IOAPIC[0]: apic_id 2, version 33, address 0xfec00000, GSI 0-23
[    0.000000] ACPI: INT_SRC_OVR (bus 0 bus_irq 0 global_irq 2 dfl dfl)
[    0.000000] ACPI: IRQ0 used by override.
[    0.000000] ACPI: IRQ9 used by override.
[    0.000000] Using ACPI (MADT) for SMP configuration information
[    0.000000] ACPI: HPET id: 0x43538210 base: 0xfed00000
[    0.000000] smpboot: Allowing 4 CPUs, 0 hotplug CPUs
[    0.000000] e820: [mem 0xc0000000-0xfebfffff] available for PCI devices
[    0.000000] setup_percpu: NR_CPUS:64 nr_cpumask_bits:64 nr_cpu_ids:4 nr_node_ids:1
[    0.000000] PERCPU: Embedded 27 pages/cpu @ffff88041dc00000 s80256 r8192 d22144 u524288
[    0.000000] pcpu-alloc: s80256 r8192 d22144 u524288 alloc=1*2097152
[    0.000000] pcpu-alloc: [0] 0 1 2 3 
[    0.000000] Built 1 zonelists in Zone order, mobility grouping on.  Total pages: 3993197
[    0.000000] Policy zone: Normal
[    0.000000] Kernel command line: BOOT_IMAGE=/vmlinuz-linux-tip root=UUID=bfa4ab6e-19a3-4601-ba2b-267c55841c73 rw cryptdevice=/dev/disk/by-uuid/70c08890-417a-497d-b6ab-c0d0357a63e2:cryptManjaro:allow-discards ipv6.disable=1 pnp.debug=1 loglevel=9 log_buf_len=10M printk.always_kmsg_dump=y printk.time=y mminit_loglevel=0 memory_corruption_check=1 acpi.debug_layer=0xfbff0000 acpi.debug_level=0xFFFFFFFD pnp.debug=1 nohz=on rcu_nocbs=1-3 pcie_aspm=force fbcon=scrollback:4096k fbcon=font:ProFont6x11 radeon.audio=0 radeon.lockup_timeout=0 radeon.test=0 radeon.agpmode=-1 radeon.benchmark=0 radeon.tv=0 radeon.hard_reset=1 radeon.aspm=1 radeon.dpm=1 radeon.msi=1 radeon.pcie_gen2=-1 radeon.no_wb=1 radeon.modeset=1 radeon.dynclks=1 radeon.r4xx_atom=0 radeon.runpm=0 radeonfb radeon.fastfb=1 nomodeset
[    0.000000] PCIe ASPM is forcibly enabled
[    0.000000] PID hash table entries: 4096 (order: 3, 32768 bytes)
[    0.000000] Memory: 15870900K/16226416K available (5251K kernel code, 721K rwdata, 2208K rodata, 848K init, 2588K bss, 355516K reserved)
[    0.000000] SLUB: HWalign=64, Order=0-3, MinObjects=0, CPUs=4, Nodes=1
[    0.000000] Hierarchical RCU implementation.
[    0.000000] 	RCU dyntick-idle grace-period acceleration is enabled.
[    0.000000] 	Additional per-CPU info printed with stalls.
[    0.000000] 	RCU restricting CPUs from NR_CPUS=64 to nr_cpu_ids=4.
[    0.000000] 	Offload RCU callbacks from all CPUs
[    0.000000] 	Offload RCU callbacks from CPUs: 0-3.
[    0.000000] RCU: Adjusting geometry for rcu_fanout_leaf=16, nr_cpu_ids=4
[    0.000000] NR_IRQS:4352 nr_irqs:456 0
[    0.000000] spurious 8259A interrupt: IRQ7.
[    0.000000] vgacon: allocated 4194304 bytes of memory for scrollback. CONFIG_VGACON_SOFT_SCROLLBACK_SIZE=4096
[    0.000000] Console: colour VGA+ 80x25
[    0.000000] console [tty0] enabled
[    0.000000] allocated 65011712 bytes of page_cgroup
[    0.000000] please try 'cgroup_disable=memory' option if you don't want memory cgroups
[    0.000000] hpet clockevent registered
[    0.000000] tsc: Fast TSC calibration using PIT
[    0.000000] tsc: Detected 1397.565 MHz processor
[    0.000041] Calibrating delay loop (skipped), value calculated using timer frequency.. 2796.59 BogoMIPS (lpj=4658550)
[    0.000172] pid_max: default: 32768 minimum: 301
[    0.000241] ACPI: Core revision 20140724
[    0.021282] ACPI: All ACPI Tables successfully acquired
[    0.023280] Security Framework initialized
[    0.024657] Dentry cache hash table entries: 2097152 (order: 12, 16777216 bytes)
[    0.031616] Inode-cache hash table entries: 1048576 (order: 11, 8388608 bytes)
[    0.034474] Mount-cache hash table entries: 32768 (order: 6, 262144 bytes)
[    0.034602] Mountpoint-cache hash table entries: 32768 (order: 6, 262144 bytes)
[    0.035104] Initializing cgroup subsys memory
[    0.035222] Initializing cgroup subsys devices
[    0.035289] Initializing cgroup subsys freezer
[    0.035355] Initializing cgroup subsys net_cls
[    0.035421] Initializing cgroup subsys blkio
[    0.035504] CPU: Physical Processor ID: 0
[    0.035566] CPU: Processor Core ID: 0
[    0.035628] mce: CPU supports 6 MCE banks
[    0.035697] Last level iTLB entries: 4KB 512, 2MB 16, 4MB 8
Last level dTLB entries: 4KB 1024, 2MB 128, 4MB 64, 1GB 0
[    0.035945] Freeing SMP alternatives memory: 20K (ffffffff81b8a000 - ffffffff81b8f000)
[    0.036666] ..TIMER: vector=0x30 apic1=0 pin1=2 apic2=-1 pin2=-1
[    0.069748] smpboot: CPU0: AMD A6-3400M APU with Radeon(tm) HD Graphics (fam: 12, model: 01, stepping: 00)
[    0.176541] Performance Events: AMD PMU driver.
[    0.176640] ... version:                0
[    0.176702] ... bit width:              48
[    0.176763] ... generic registers:      4
[    0.176824] ... value mask:             0000ffffffffffff
[    0.176886] ... max period:             00007fffffffffff
[    0.176949] ... fixed-purpose events:   0
[    0.177013] ... event mask:             000000000000000f
[    0.177482] MCE: In-kernel MCE decoding enabled.
[    0.177654] NMI watchdog: enabled on all CPUs, permanently consumes one hw-PMU counter.
[    0.177951] x86: Booting SMP configuration:
[    0.178060] .... node  #0, CPUs:      #1
[    5.507727] smpboot: CPU1: Not responding
[    5.507899] smpboot: do_boot_cpu failed(1) to wakeup CPU#1
[    5.508049]  #2
[    5.521263] TSC synchronization [CPU#0 -> CPU#2]:
[    5.521433] Measured 180005776 cycles TSC warp between CPUs, turning off TSC clock.
[    5.521575] tsc: Marking TSC unstable due to check_tsc_sync_source failed
[    5.521803]  #3
[    5.533020] x86: Booted up 1 node, 3 CPUs
[    5.533148] smpboot: Total of 3 processors activated (8388.78 BogoMIPS)
[    5.146778] devtmpfs: initialized
[    5.146843] device: 'platform': device_add
[    5.146843] bus: 'platform': registered
[    5.146843] bus: 'cpu': registered
[    5.146861] device: 'cpu': device_add
[    5.146952] bus: 'container': registered
[    5.147018] device: 'container': device_add
[    5.147485] bus: 'workqueue': registered
[    5.150013] device: 'workqueue': device_add
[    5.150073] kworker/u8:0 (39) used greatest stack depth: 15104 bytes left
[    5.150296] atomic64_test: passed for x86-64 platform with CX8 and with SSE
[    5.150296] device class 'regulator': registering
[    5.150296] Registering platform device 'reg-dummy'. Parent at platform
[    5.150296] kworker/u8:0 (41) used greatest stack depth: 15024 bytes left
[    5.150443] device: 'reg-dummy': device_add
[    5.150510] bus: 'platform': add device reg-dummy
[    5.150601] bus: 'platform': add driver reg-dummy
[    5.150669] bus: 'platform': driver_probe_device: matched device reg-dummy with driver reg-dummy
[    5.150810] bus: 'platform': really_probe: probing driver reg-dummy with device reg-dummy
[    5.150956] device: 'regulator.0': device_add
[    5.151048] regulator-dummy: no parameters
[    5.151123] driver: 'reg-dummy': driver_bound: bound to device 'reg-dummy'
[    5.151190] bus: 'platform': really_probe: bound device reg-dummy to driver reg-dummy
[    5.151445] NET: Registered protocol family 16
[    5.151817] device class 'bdi': registering
[    5.151949] bus: 'platform': add driver ramoops
[    5.152031] device class 'pci_bus': registering
[    5.152121] bus: 'pci': registered
[    5.152187] device class 'backlight': registering
[    5.152262] device class 'tty': registering
[    5.152337] device class 'vtconsole': registering
[    5.152410] device: 'vtcon0': device_add
[    5.152514] bus: 'node': registered
[    5.152612] device: 'node': device_add
[    5.152697] bus: 'i2c': registered
[    5.152760] bus: 'i2c': add driver dummy
[    5.152828] i2c-core: driver [dummy] registered
[    5.152896] cpuidle: using governor ladder
[    5.153340] cpuidle: using governor menu
[    5.153839] ACPI FADT declares the system doesn't support PCIe ASPM, so disable it
[    5.154023] ACPI: bus type PCI registered
[    5.154087] acpiphp: ACPI Hot Plug PCI Controller Driver version: 0.5
[    5.154155] device class 'dmi': registering
[    5.154226] device: 'id': device_add
[    5.154349] PCI: MMCONFIG for domain 0000 [bus 00-3f] at [mem 0xf8000000-0xfbffffff] (base 0xf8000000)
[    5.154486] PCI: not using MMCONFIG
[    5.154549] PCI: Using configuration type 1 for base access
[    5.154613] PCI: Using configuration type 1 for extended access
[    5.154986] device: 'node0': device_add
[    5.155098] bus: 'node': add device node0
[    5.155189] device: 'cpu0': device_add
[    5.155255] bus: 'cpu': add device cpu0
[    5.155358] device: 'cpu1': device_add
[    5.155470] bus: 'cpu': add device cpu1
[    5.155556] device: 'cpu2': device_add
[    5.155621] bus: 'cpu': add device cpu2
[    5.155720] device: 'cpu3': device_add
[    5.155714] kworker/u8:0 (61) used greatest stack depth: 14176 bytes left
[    5.155850] bus: 'cpu': add device cpu3
[    5.173522] device: 'writeback': device_add
[    5.173522] bus: 'workqueue': add device writeback
[    5.173599] device: 'default': device_add
[    5.173752] device class 'block': registering
[    5.173752] ACPI: Added _OSI(Module Device)
[    5.173752] ACPI: Added _OSI(Processor Device)
[    5.173752] ACPI: Added _OSI(3.0 _SCP Extensions)
[    5.173752] ACPI: Added _OSI(Processor Aggregator Device)
[    5.177519] 
**** Context Switch from TID 4294967295 to TID 133431296 ****

[    5.177699]     utils-0051 util_eval_error       : Evaluate [\_SB_.PCI0.LPC0.EC0_._GLK]: AE_NOT_FOUND
[    5.178270] Executing  Method       \_SB_.PCI0.LPC0.EC0_._REG
[    5.178945] Executing  Method       \_SB_.PCI0.LPC0.EC0_._REG
[    5.179143] Executing  Method       \_SB_.PCI0.LPC0.EC0_._REG
[    5.179342] Executing  Method       \_SB_.PCI0.LPC0.EC0_._REG
[    5.182331] Initializing Region       \_SB_.OSTY
[    5.182528] Initializing Region       \_SB_.PCI0.NBMS
[    5.182665] Initializing Region       \_SB_.PCI0.NBXP
[    5.182818] Initializing Region       \_SB_.PCI0.K8ST
[    5.183004] Initializing Region       \_SB_.PCI0.BAR1
[    5.183188] Initializing Region       \_SB_.PCI0.PB2_.XPEX
[    5.183338] Initializing Region       \_SB_.PCI0.PB2_.PCFG
[    5.183486] Initializing Region       \_SB_.PCI0.PB2_.XPCB
[    5.183635] Initializing Region       \_SB_.PCI0.PB2_.XPRI
[    5.183780] Initializing Region       \_SB_.PCI0.PB2_.VGA_.PCFG
[    5.183986] Initializing Region       \_SB_.PCI0.PB2_.HDAU.PCFG
[    5.184160] Initializing Region       \_SB_.PCI0.PB3_.XPEX
[    5.184308] Initializing Region       \_SB_.PCI0.PB3_.PCFG
[    5.184456] Initializing Region       \_SB_.PCI0.PB3_.XPCB
[    5.184606] Initializing Region       \_SB_.PCI0.PB3_.XPRI
[    5.184758] Initializing Region       \_SB_.PCI0.PB3_.VGA_.PCFG
[    5.184957] Initializing Region       \_SB_.PCI0.PB3_.HDAU.PCFG
[    5.185118] Initializing Region       \_SB_.PCI0.PB4_.XPEX
[    5.185266] Initializing Region       \_SB_.PCI0.PB4_.PCFG
[    5.185413] Initializing Region       \_SB_.PCI0.PB4_.XPCB
[    5.185562] Initializing Region       \_SB_.PCI0.PB4_.XPRI
[    5.185713] Initializing Region       \_SB_.PCI0.PB4_.XPDV.PCFG
[    5.185875] Initializing Region       \_SB_.PCI0.PB5_.XPEX
[    5.186023] Initializing Region       \_SB_.PCI0.PB5_.PCFG
[    5.186165] Initializing Region       \_SB_.PCI0.PB5_.XPCB
[    5.186303] Initializing Region       \_SB_.PCI0.PB5_.XPRI
[    5.186453] Initializing Region       \_SB_.PCI0.PB5_.XPDV.PCFG
[    5.186614] Initializing Region       \_SB_.PCI0.PB6_.XPEX
[    5.186741] Initializing Region       \_SB_.PCI0.PB6_.PCFG
[    5.186888] Initializing Region       \_SB_.PCI0.PB6_.XPCB
[    5.187035] Initializing Region       \_SB_.PCI0.PB6_.XPRI
[    5.187187] Initializing Region       \_SB_.PCI0.PB6_.XPDV.PCFG
[    5.187347] Initializing Region       \_SB_.PCI0.PB7_.XPEX
[    5.187486] Initializing Region       \_SB_.PCI0.PB7_.PCFG
[    5.187630] Initializing Region       \_SB_.PCI0.PB7_.XPCB
[    5.187778] Initializing Region       \_SB_.PCI0.PB7_.XPRI
[    5.187929] Initializing Region       \_SB_.PCI0.PB7_.XPDV.PCFG
[    5.188353] Initializing Region       \_SB_.PCI0.SATC
[    5.188546] Initializing Region       \_SB_.PCI0.RMEM
[    5.188709] Initializing Region       \_SB_.PCI0.SATA.SATX
[    5.188859] Initializing Region       \_SB_.PCI0.SATA.BAR5
[    5.196889] Initializing Region       \_SB_.PCI0.SMB_.SBRV
[    5.197096] Initializing Region       \_SB_.PCI0.SMB_.PMIO
[    5.197234] Initializing Region       \_SB_.PCI0.SMB_.ERMM
[    5.197513] Initializing Region       \_SB_.PCI0.SMB_.P1E0
[    5.197730] Initializing Region       \_SB_.PCI0.SMB_.ABIO
[    5.198978] Initializing Region       \_SB_.PCI0.SMB_.SMB0
[    5.199130] Initializing Region       \_SB_.PCI0.LPC0.PIRQ
[    5.199334] Initializing Region       \_SB_.PCI0.LPC0.LPCR
[    5.199583] Initializing Region       \_SB_.PCI0.LPC0.LPCS
[    5.199748] Initializing Region       \_SB_.PCI0.LPC0.SMI0
[    5.199896] Initializing Region       \_SB_.PCI0.LPC0.SMI1
[    5.200133] Initializing Region       \_SB_.PCI0.LPC0.EC0_.ECO1
[    5.200281] Initializing Region       \_SB_.PCI0.LPC0.EC0_.ECO2
[    5.200428] Initializing Region       \_SB_.PCI0.LPC0.EC0_.ECMB
[    5.200574] Initializing Region       \_SB_.PCI0.LPC0.EC0_.RAM_
[    5.200836] Initializing Region       \_SB_.PCI0.LPC0.EC0_.CMOS
[    5.201049] Initializing Region       \_SB_.PCI0.LPC0.EC0_.VPC0.ERAM
[    5.201254] Initializing Region       \_SB_.PCI0.SPB0.PCFG
[    5.201449] Initializing Region       \_SB_.PCI0.SPB0.XPCB
[    5.201601] Initializing Region       \_SB_.PCI0.SPB0.XPDV.PCFG
[    5.201762] Initializing Region       \_SB_.PCI0.SPB1.PCFG
[    5.201909] Initializing Region       \_SB_.PCI0.SPB1.XPCB
[    5.202059] Initializing Region       \_SB_.PCI0.SPB1.XPDV.PCFG
[    5.202205] Initializing Region       \_SB_.PCI0.SPB2.PCFG
[    5.202352] Initializing Region       \_SB_.PCI0.SPB2.XPCB
[    5.202504] Initializing Region       \_SB_.PCI0.SPB2.XPDV.PCFG
[    5.202665] Initializing Region       \_SB_.PCI0.SPB3.PCFG
[    5.202813] Initializing Region       \_SB_.PCI0.SPB3.XPCB
[    5.202965] Initializing Region       \_SB_.PCI0.SPB3.XPDV.PCFG
[    5.203286] Initializing Region       \_SB_.PCI0.VGA_.REVD
[    5.203649] Initializing BufferField  \_SB_.AMW0.WLID
[    5.204247] Initializing Region       \DEB2
[    5.204441] Initializing Region       \PMIO
[    5.204579] Initializing Region       \P01_
[    5.204748] Initializing Region       \CNVS
[    5.204942] Initializing Region       \SPRT
[    5.205104] Initializing Region       \CMIO
[    5.205397] Executing  Method       \_SB_._STA
[    5.205614] Executing  Method       \_SB_._INI
[    5.205780] Executing  Method       \_SB_.PCI0._STA
[    5.205943] Executing  Method       \_SB_.PCI0._INI
[    5.206371] [Firmware Bug]: ACPI: BIOS _OSI(Linux) query ignored
[    5.206868] Executing  Method       \_SB_.PCI0.SATA._STA
[    5.207078] Executing  Method       \_SB_.PCI0.SATA._INI
[    5.208116] Executing  Method       \_SB_.PCI0.LPC0.EC0_._REG
[    5.236787] ACPI: Interpreter enabled
[    5.237078] ACPI: (supports S0 S5)
[    5.237144] ACPI: Using IOAPIC for interrupt routing
[    5.237555] PCI: MMCONFIG for domain 0000 [bus 00-3f] at [mem 0xf8000000-0xfbffffff] (base 0xf8000000)
[    5.238376] PCI: MMCONFIG at [mem 0xf8000000-0xfbffffff] reserved in ACPI motherboard resources
[    5.240005] bus: 'acpi': registered
[    5.240005] PCI: Using host bridge windows from ACPI; if necessary, use "pci=nocrs" and report a bug
[    5.240005]      scan-1136 get_device_data       : No context for object [ffffffffffffffff]
[    5.240005]     utils-0051 util_eval_error       : Evaluate [\._STA]: AE_NOT_FOUND
[    5.240005] device: 'LNXSYSTM:00': device_add
[    5.240005] bus: 'acpi': add device LNXSYSTM:00
[    5.240005]     utils-0051 util_eval_error       : Evaluate [\._SUN]: AE_NOT_FOUND
[    5.240062]      scan-1928 add_single_object     : Added LNXSYSTM:00 [\] parent (null)
[    5.240062]      scan-1136 get_device_data       : No context for object [ffff88040d81d000]
[    5.243340]      scan-1136 get_device_data       : No context for object [ffff88040d8377d0]
[    5.243549]      scan-1136 get_device_data       : No context for object [ffff88040d8377f8]
[    5.243731]      scan-1136 get_device_data       : No context for object [ffff88040d837820]
[    5.243940]      scan-1136 get_device_data       : No context for object [ffff88040d837848]
[    5.244149]      scan-1136 get_device_data       : No context for object [ffff88040d837870]
[    5.244359]      scan-1136 get_device_data       : No context for object [ffff88040d837898]
[    5.244568]      scan-1136 get_device_data       : No context for object [ffff88040d8378c0]
[    5.244777]      scan-1136 get_device_data       : No context for object [ffff88040d8378e8]
[    5.244982]      scan-1136 get_device_data       : No context for object [ffff88040d839398]
[    5.245192]      scan-1136 get_device_data       : No context for object [ffff88040d81d028]
[    5.245402]      scan-1136 get_device_data       : No context for object [ffff88040d81d168]
[    5.245598]     utils-0051 util_eval_error       : Evaluate [\_PR_.C000._STA]: AE_NOT_FOUND
[    5.245809]      scan-1136 get_device_data       : No context for object [ffff88040d81d028]
[    5.246025] device: 'LNXCPU:00': device_add
[    5.246088] bus: 'acpi': add device LNXCPU:00
[    5.246166]     utils-0051 util_eval_error       : Evaluate [\_PR_.C000._SUN]: AE_NOT_FOUND
[    5.246385]      scan-1928 add_single_object     : Added LNXCPU:00 [\_PR_.C000] parent LNXSYSTM:00
[    5.246673]      scan-1136 get_device_data       : No context for object [ffff88040d83c398]
[    5.246883]      scan-1136 get_device_data       : No context for object [ffff88040d83c3c0]
[    5.247092]      scan-1136 get_device_data       : No context for object [ffff88040d83c3e8]
[    5.247300]      scan-1136 get_device_data       : No context for object [ffff88040d83c410]
[    5.247505]      scan-1136 get_device_data       : No context for object [ffff88040d83c438]
[    5.247690]      scan-1136 get_device_data       : No context for object [ffff88040d83c460]
[    5.247900]      scan-1136 get_device_data       : No context for object [ffff88040d81d190]
[    5.248110]     utils-0051 util_eval_error       : Evaluate [\_PR_.C001._STA]: AE_NOT_FOUND
[    5.248320]      scan-1136 get_device_data       : No context for object [ffff88040d81d028]
[    5.248533] device: 'LNXCPU:01': device_add
[    5.248596] bus: 'acpi': add device LNXCPU:01
[    5.248668]     utils-0051 util_eval_error       : Evaluate [\_PR_.C001._SUN]: AE_NOT_FOUND
[    5.248861]      scan-1928 add_single_object     : Added LNXCPU:01 [\_PR_.C001] parent LNXSYSTM:00
[    5.249064]      scan-1136 get_device_data       : No context for object [ffff88040d83c488]
[    5.249262]      scan-1136 get_device_data       : No context for object [ffff88040d83c4b0]
[    5.249459]      scan-1136 get_device_data       : No context for object [ffff88040d83c4d8]
[    5.249656]      scan-1136 get_device_data       : No context for object [ffff88040d83c500]
[    5.249852]      scan-1136 get_device_data       : No context for object [ffff88040d83c528]
[    5.250003]      scan-1136 get_device_data       : No context for object [ffff88040d83c550]
[    5.250200]      scan-1136 get_device_data       : No context for object [ffff88040d81d1b8]
[    5.250399]     utils-0051 util_eval_error       : Evaluate [\_PR_.C002._STA]: AE_NOT_FOUND
[    5.250597]      scan-1136 get_device_data       : No context for object [ffff88040d81d028]
[    5.250803] device: 'LNXCPU:02': device_add
[    5.250866] bus: 'acpi': add device LNXCPU:02
[    5.250937]     utils-0051 util_eval_error       : Evaluate [\_PR_.C002._SUN]: AE_NOT_FOUND
[    5.251139]      scan-1928 add_single_object     : Added LNXCPU:02 [\_PR_.C002] parent LNXSYSTM:00
[    5.251340]      scan-1136 get_device_data       : No context for object [ffff88040d83c578]
[    5.251538]      scan-1136 get_device_data       : No context for object [ffff88040d83c5a0]
[    5.251689]      scan-1136 get_device_data       : No context for object [ffff88040d83c5c8]
[    5.251866]      scan-1136 get_device_data       : No context for object [ffff88040d83c5f0]
[    5.252064]      scan-1136 get_device_data       : No context for object [ffff88040d83c618]
[    5.252259]      scan-1136 get_device_data       : No context for object [ffff88040d83c640]
[    5.252456]      scan-1136 get_device_data       : No context for object [ffff88040d81d1e0]
[    5.252635]     utils-0051 util_eval_error       : Evaluate [\_PR_.C003._STA]: AE_NOT_FOUND
[    5.252833]      scan-1136 get_device_data       : No context for object [ffff88040d81d028]
[    5.253039] device: 'LNXCPU:03': device_add
[    5.253100] bus: 'acpi': add device LNXCPU:03
[    5.253172]     utils-0051 util_eval_error       : Evaluate [\_PR_.C003._SUN]: AE_NOT_FOUND
[    5.253347]      scan-1928 add_single_object     : Added LNXCPU:03 [\_PR_.C003] parent LNXSYSTM:00
[    5.253347]      scan-1136 get_device_data       : No context for object [ffff88040d83c668]
[    5.253347]      scan-1136 get_device_data       : No context for object [ffff88040d83c690]
[    5.253347]      scan-1136 get_device_data       : No context for object [ffff88040d83c6b8]
[    5.253347]      scan-1136 get_device_data       : No context for object [ffff88040d83c6e0]
[    5.253347]      scan-1136 get_device_data       : No context for object [ffff88040d83c708]
[    5.253347]      scan-1136 get_device_data       : No context for object [ffff88040d83c730]
[    5.253347]      scan-1136 get_device_data       : No context for object [ffff88040d81d050]
[    5.253347]     utils-0051 util_eval_error       : Evaluate [\_SB_._STA]: AE_NOT_FOUND
[    5.253347] device: 'LNXSYBUS:00': device_add
[    5.253347] bus: 'acpi': add device LNXSYBUS:00
[    5.253347]     utils-0051 util_eval_error       : Evaluate [\_SB_._SUN]: AE_NOT_FOUND
[    5.253378]      scan-1928 add_single_object     : Added LNXSYBUS:00 [\_SB_] parent LNXSYSTM:00
[    5.253378]      scan-1136 get_device_data       : No context for object [ffff88040d81d3c0]
[    5.253538]      scan-1136 get_device_data       : No context for object [ffff88040d81d3e8]
[    5.253732]      scan-1136 get_device_data       : No context for object [ffff88040d81d410]
[    5.253924]      scan-1136 get_device_data       : No context for object [ffff88040d81d438]
[    5.254117]      scan-1136 get_device_data       : No context for object [ffff88040d81d460]
[    5.254315]      scan-1136 get_device_data       : No context for object [ffff88040d81d488]
[    5.254512]      scan-1136 get_device_data       : No context for object [ffff88040d81d4b0]
[    5.254710]      scan-1136 get_device_data       : No context for object [ffff88040d81d5a0]
[    5.254908]     utils-0051 util_eval_error       : Evaluate [\_SB_.PWRB._STA]: AE_NOT_FOUND
[    5.255125] device: 'PNP0C0C:00': device_add
[    5.255187] bus: 'acpi': add device PNP0C0C:00
[    5.255262]     utils-0051 util_eval_error       : Evaluate [\_SB_.PWRB._SUN]: AE_NOT_FOUND
[    5.256673]      scan-1928 add_single_object     : Added PNP0C0C:00 [\_SB_.PWRB] parent LNXSYBUS:00
[    5.256673]      scan-1136 get_device_data       : No context for object [ffff88040d81d5c8]
[    5.256673]      scan-1136 get_device_data       : No context for object [ffff88040d81d5f0]
[    5.256673]     utils-0051 util_eval_error       : Evaluate [\_SB_.PCI0._STA]: AE_NOT_FOUND
[    5.256673] device: 'PNP0A08:00': device_add
[    5.256673] bus: 'acpi': add device PNP0A08:00
[    5.256673]     utils-0051 util_eval_error       : Evaluate [\_SB_.PCI0._SUN]: AE_NOT_FOUND
[    5.256716]      scan-1928 add_single_object     : Added PNP0A08:00 [\_SB_.PCI0] parent LNXSYBUS:00
[    5.260012]      scan-1136 get_device_data       : No context for object [ffff88040d81d618]
[    5.260209]      scan-1136 get_device_data       : No context for object [ffff88040d81d640]
[    5.260406]      scan-1136 get_device_data       : No context for object [ffff88040d81d668]
[    5.260594]      scan-1136 get_device_data       : No context for object [ffff88040d81d690]
[    5.260790]      scan-1136 get_device_data       : No context for object [ffff88040d81d6b8]
[    5.260984]      scan-1136 get_device_data       : No context for object [ffff88040d81d6e0]
[    5.261182]      scan-1136 get_device_data       : No context for object [ffff88040d81d708]
[    5.261379]      scan-1136 get_device_data       : No context for object [ffff88040d81d730]
[    5.261576]      scan-1136 get_device_data       : No context for object [ffff88040d81d758]
[    5.261773]      scan-1136 get_device_data       : No context for object [ffff88040d81d780]
[    5.261970]      scan-1136 get_device_data       : No context for object [ffff88040d81d7a8]
[    5.262163]      scan-1136 get_device_data       : No context for object [ffff88040d81d7d0]
[    5.262361]      scan-1136 get_device_data       : No context for object [ffff88040d81d7f8]
[    5.262559]      scan-1136 get_device_data       : No context for object [ffff88040d81d820]
[    5.262737]      scan-1136 get_device_data       : No context for object [ffff88040d81d848]
[    5.262934]      scan-1136 get_device_data       : No context for object [ffff88040d81d870]
[    5.263132]      scan-1136 get_device_data       : No context for object [ffff88040d81d898]
[    5.263335]      scan-1136 get_device_data       : No context for object [ffff88040d81d8c0]
[    5.263534]      scan-1136 get_device_data       : No context for object [ffff88040d81d8e8]
[    5.263685]      scan-1136 get_device_data       : No context for object [ffff88040d81d910]
[    5.263862]      scan-1136 get_device_data       : No context for object [ffff88040d81d938]
[    5.264059]      scan-1136 get_device_data       : No context for object [ffff88040d81d960]
[    5.264257]      scan-1136 get_device_data       : No context for object [ffff88040d81d988]
[    5.264454]      scan-1136 get_device_data       : No context for object [ffff88040d81d9b0]
[    5.264628]      scan-1136 get_device_data       : No context for object [ffff88040d81d9d8]
[    5.264826]      scan-1136 get_device_data       : No context for object [ffff88040d81da00]
[    5.265024]      scan-1136 get_device_data       : No context for object [ffff88040d81da28]
[    5.265221]      scan-1136 get_device_data       : No context for object [ffff88040d81da50]
[    5.265419]      scan-1136 get_device_data       : No context for object [ffff88040d81da78]
[    5.265604]      scan-1136 get_device_data       : No context for object [ffff88040d81daa0]
[    5.265798]      scan-1136 get_device_data       : No context for object [ffff88040d81dac8]
[    5.265996]      scan-1136 get_device_data       : No context for object [ffff88040d81daf0]
[    5.266193]      scan-1136 get_device_data       : No context for object [ffff88040d81db18]
[    5.266390]      scan-1136 get_device_data       : No context for object [ffff88040d81db40]
[    5.266390]      scan-1136 get_device_data       : No context for object [ffff88040d81db68]
[    5.266390]      scan-1136 get_device_data       : No context for object [ffff88040d81db90]
[    5.266390]      scan-1136 get_device_data       : No context for object [ffff88040d81dbb8]
[    5.266390]      scan-1136 get_device_data       : No context for object [ffff88040d81dbe0]
[    5.266390]      scan-1136 get_device_data       : No context for object [ffff88040d81dc08]
[    5.266390]      scan-1136 get_device_data       : No context for object [ffff88040d81dc30]
[    5.266390]      scan-1136 get_device_data       : No context for object [ffff88040d81dc58]
[    5.266390]      scan-1136 get_device_data       : No context for object [ffff88040d81dc80]
[    5.266390]      scan-1136 get_device_data       : No context for object [ffff88040d81dca8]
[    5.266390]      scan-1136 get_device_data       : No context for object [ffff88040d81dcd0]
[    5.266390]      scan-1136 get_device_data       : No context for object [ffff88040d81dcf8]
[    5.266390]      scan-1136 get_device_data       : No context for object [ffff88040d81dd20]
[    5.266390]      scan-1136 get_device_data       : No context for object [ffff88040d81dd48]
[    5.266390]      scan-1136 get_device_data       : No context for object [ffff88040d81dd70]
[    5.266390]      scan-1136 get_device_data       : No context for object [ffff88040d81dd98]
[    5.266390]      scan-1136 get_device_data       : No context for object [ffff88040d81ddc0]
[    5.266390]      scan-1136 get_device_data       : No context for object [ffff88040d81dde8]
[    5.266574]      scan-1136 get_device_data       : No context for object [ffff88040d81de10]
[    5.266794]      scan-1136 get_device_data       : No context for object [ffff88040d81de38]
[    5.266989]      scan-1136 get_device_data       : No context for object [ffff88040d81de60]
[    5.267181]      scan-1136 get_device_data       : No context for object [ffff88040d81de88]
[    5.267375]      scan-1136 get_device_data       : No context for object [ffff88040d81deb0]
[    5.267566]      scan-1136 get_device_data       : No context for object [ffff88040d81ded8]
[    5.267761]      scan-1136 get_device_data       : No context for object [ffff88040d81df00]
[    5.267956]      scan-1136 get_device_data       : No context for object [ffff88040d81df28]
[    5.268151]      scan-1136 get_device_data       : No context for object [ffff88040d81df50]
[    5.268346]      scan-1136 get_device_data       : No context for object [ffff88040d81df78]
[    5.268540]      scan-1136 get_device_data       : No context for object [ffff88040d81dfa0]
[    5.268731]      scan-1136 get_device_data       : No context for object [ffff88040d81dfc8]
[    5.268926]      scan-1136 get_device_data       : No context for object [ffff88040d822000]
[    5.269122]      scan-1136 get_device_data       : No context for object [ffff88040d822028]
[    5.269319]     utils-0051 util_eval_error       : Evaluate [\_SB_.PCI0.MEMR._STA]: AE_NOT_FOUND
[    5.269501] device: 'PNP0C02:00': device_add
[    5.269562] bus: 'acpi': add device PNP0C02:00
[    5.269639]     utils-0051 util_eval_error       : Evaluate [\_SB_.PCI0.MEMR._SUN]: AE_NOT_FOUND
[    5.273371]      scan-1928 add_single_object     : Added PNP0C02:00 [\_SB_.PCI0.MEMR] parent PNP0A08:00
[    5.273547]      scan-1136 get_device_data       : No context for object [ffff88040d822050]
[    5.273741]      scan-1136 get_device_data       : No context for object [ffff88040d822078]
[    5.273940]      scan-1136 get_device_data       : No context for object [ffff88040d8220a0]
[    5.274137]      scan-1136 get_device_data       : No context for object [ffff88040d8220c8]
[    5.274335]      scan-1136 get_device_data       : No context for object [ffff88040d8220f0]
[    5.274532]      scan-1136 get_device_data       : No context for object [ffff88040d822118]
[    5.274730]      scan-1136 get_device_data       : No context for object [ffff88040d822140]
[    5.274925]      scan-1136 get_device_data       : No context for object [ffff88040d822168]
[    5.275123]      scan-1136 get_device_data       : No context for object [ffff88040d822190]
[    5.275320]      scan-1136 get_device_data       : No context for object [ffff88040d8221b8]
[    5.275517]      scan-1136 get_device_data       : No context for object [ffff88040d8221e0]
[    5.275714]      scan-1136 get_device_data       : No context for object [ffff88040d822208]
[    5.275714]      scan-1136 get_device_data       : No context for object [ffff88040d822230]
[    5.275714]      scan-1136 get_device_data       : No context for object [ffff88040d822258]
[    5.275714]      scan-1136 get_device_data       : No context for object [ffff88040d822280]
[    5.275714]      scan-1136 get_device_data       : No context for object [ffff88040d8222a8]
[    5.275714]     utils-0051 util_eval_error       : Evaluate [\_SB_.PCI0.PB2_._STA]: AE_NOT_FOUND
[    5.275714] device: 'device:00': device_add
[    5.275714] bus: 'acpi': add device device:00
[    5.275714]     utils-0051 util_eval_error       : Evaluate [\_SB_.PCI0.PB2_._SUN]: AE_NOT_FOUND
[    5.276678]      scan-1928 add_single_object     : Added device:00 [\_SB_.PCI0.PB2_] parent PNP0A08:00
[    5.276678]      scan-1136 get_device_data       : No context for object [ffff88040d8222d0]
[    5.276678]      scan-1136 get_device_data       : No context for object [ffff88040d8222f8]
[    5.276678]      scan-1136 get_device_data       : No context for object [ffff88040d822320]
[    5.276678]      scan-1136 get_device_data       : No context for object [ffff88040d822348]
[    5.276678]      scan-1136 get_device_data       : No context for object [ffff88040d822370]
[    5.276678]      scan-1136 get_device_data       : No context for object [ffff88040d822398]
[    5.276678]      scan-1136 get_device_data       : No context for object [ffff88040d8223c0]
[    5.276678]      scan-1136 get_device_data       : No context for object [ffff88040d8223e8]
[    5.276678]      scan-1136 get_device_data       : No context for object [ffff88040d822410]
[    5.276678]      scan-1136 get_device_data       : No context for object [ffff88040d822438]
[    5.276798]      scan-1136 get_device_data       : No context for object [ffff88040d822460]
[    5.276995]      scan-1136 get_device_data       : No context for object [ffff88040d822488]
[    5.277193]      scan-1136 get_device_data       : No context for object [ffff88040d8224b0]
[    5.277368]      scan-1136 get_device_data       : No context for object [ffff88040d8224d8]
[    5.277565]      scan-1136 get_device_data       : No context for object [ffff88040d822500]
[    5.277762]      scan-1136 get_device_data       : No context for object [ffff88040d822528]
[    5.277959]      scan-1136 get_device_data       : No context for object [ffff88040d822550]
[    5.278156]      scan-1136 get_device_data       : No context for object [ffff88040d822578]
[    5.278352]      scan-1136 get_device_data       : No context for object [ffff88040d8225a0]
[    5.278545]      scan-1136 get_device_data       : No context for object [ffff88040d8225c8]
[    5.278742]      scan-1136 get_device_data       : No context for object [ffff88040d8225f0]
[    5.278940]      scan-1136 get_device_data       : No context for object [ffff88040d822618]
[    5.279137]      scan-1136 get_device_data       : No context for object [ffff88040d822640]
[    5.279334]      scan-1136 get_device_data       : No context for object [ffff88040d822668]
[    5.279532]      scan-1136 get_device_data       : No context for object [ffff88040d822690]
[    5.279726]      scan-1136 get_device_data       : No context for object [ffff88040d8226b8]
[    5.279924]      scan-1136 get_device_data       : No context for object [ffff88040d8226e0]
[    5.280131]      scan-1136 get_device_data       : No context for object [ffff88040d822708]
[    5.280328]      scan-1136 get_device_data       : No context for object [ffff88040d822730]
[    5.280505]      scan-1136 get_device_data       : No context for object [ffff88040d822758]
[    5.280702]      scan-1136 get_device_data       : No context for object [ffff88040d822780]
[    5.280899]     utils-0051 util_eval_error       : Evaluate [\_SB_.PCI0.PB2_.VGA_._STA]: AE_NOT_FOUND
[    5.281139] device: 'device:01': device_add
[    5.281248] bus: 'acpi': add device device:01
[    5.281323]     utils-0051 util_eval_error       : Evaluate [\_SB_.PCI0.PB2_.VGA_._SUN]: AE_NOT_FOUND
[    5.283347]      scan-1928 add_single_object     : Added device:01 [\_SB_.PCI0.PB2_.VGA_] parent device:00
[    5.283347]      scan-1136 get_device_data       : No context for object [ffff88040d8227a8]
[    5.283347]      scan-1136 get_device_data       : No context for object [ffff88040d8227d0]
[    5.283347]      scan-1136 get_device_data       : No context for object [ffff88040d8227f8]
[    5.283347]      scan-1136 get_device_data       : No context for object [ffff88040d822820]
[    5.283347]      scan-1136 get_device_data       : No context for object [ffff88040d822848]
[    5.283347]      scan-1136 get_device_data       : No context for object [ffff88040d822870]
[    5.283347]      scan-1136 get_device_data       : No context for object [ffff88040d822898]
[    5.283347]      scan-1136 get_device_data       : No context for object [ffff88040d8228c0]
[    5.283347]      scan-1136 get_device_data       : No context for object [ffff88040d8228e8]
[    5.283347]      scan-1136 get_device_data       : No context for object [ffff88040d822910]
[    5.283529]      scan-1136 get_device_data       : No context for object [ffff88040d822938]
[    5.283726]      scan-1136 get_device_data       : No context for object [ffff88040d822960]
[    5.283921]      scan-1136 get_device_data       : No context for object [ffff88040d822988]
[    5.284115]      scan-1136 get_device_data       : No context for object [ffff88040d8229b0]
[    5.284301]      scan-1136 get_device_data       : No context for object [ffff88040d8229d8]
[    5.284494]      scan-1136 get_device_data       : No context for object [ffff88040d822a00]
[    5.284684]      scan-1136 get_device_data       : No context for object [ffff88040d822a28]
[    5.284880]      scan-1136 get_device_data       : No context for object [ffff88040d822a50]
[    5.285075]      scan-1136 get_device_data       : No context for object [ffff88040d822a78]
[    5.285269]      scan-1136 get_device_data       : No context for object [ffff88040d822aa0]
[    5.285445]      scan-1136 get_device_data       : No context for object [ffff88040d822ac8]
[    5.285639]      scan-1136 get_device_data       : No context for object [ffff88040d822af0]
[    5.285829]      scan-1136 get_device_data       : No context for object [ffff88040d822b18]
[    5.286024]      scan-1136 get_device_data       : No context for object [ffff88040d822b40]
[    5.286219]      scan-1136 get_device_data       : No context for object [ffff88040d822b68]
[    5.286366]      scan-1136 get_device_data       : No context for object [ffff88040d822b90]
[    5.286543]      scan-1136 get_device_data       : No context for object [ffff88040d822bb8]
[    5.286793]      scan-1136 get_device_data       : No context for object [ffff88040d822be0]
[    5.286986]      scan-1136 get_device_data       : No context for object [ffff88040d822c08]
[    5.287178]      scan-1136 get_device_data       : No context for object [ffff88040d822c30]
[    5.287357]      scan-1136 get_device_data       : No context for object [ffff88040d822c58]
[    5.287554]      scan-1136 get_device_data       : No context for object [ffff88040d822c80]
[    5.287751]      scan-1136 get_device_data       : No context for object [ffff88040d822ca8]
[    5.287948]      scan-1136 get_device_data       : No context for object [ffff88040d822cd0]
[    5.289164]      scan-1136 get_device_data       : No context for object [ffff88040d822cf8]
[    5.289356]      scan-1136 get_device_data       : No context for object [ffff88040d822d20]
[    5.289550]      scan-1136 get_device_data       : No context for object [ffff88040d822d48]
[    5.289749]      scan-1136 get_device_data       : No context for object [ffff88040d822d70]
[    5.289946]      scan-1136 get_device_data       : No context for object [ffff88040d822d98]
[    5.290130]      scan-1136 get_device_data       : No context for object [ffff88040d837438]
[    5.290327]      scan-1136 get_device_data       : No context for object [ffff88040d822dc0]
[    5.290526]     utils-0051 util_eval_error       : Evaluate [\_SB_.PCI0.PB2_.HDAU._STA]: AE_NOT_FOUND
[    5.290742] device: 'device:02': device_add
[    5.290807] bus: 'acpi': add device device:02
[    5.290881]     utils-0051 util_eval_error       : Evaluate [\_SB_.PCI0.PB2_.HDAU._SUN]: AE_NOT_FOUND
[    5.293371]      scan-1928 add_single_object     : Added device:02 [\_SB_.PCI0.PB2_.HDAU] parent device:00
[    5.293371]      scan-1136 get_device_data       : No context for object [ffff88040d822de8]
[    5.293371]      scan-1136 get_device_data       : No context for object [ffff88040d822e10]
[    5.293371]      scan-1136 get_device_data       : No context for object [ffff88040d822e38]
[    5.293371]      scan-1136 get_device_data       : No context for object [ffff88040d822e60]
[    5.293371]      scan-1136 get_device_data       : No context for object [ffff88040d822e88]
[    5.293371]      scan-1136 get_device_data       : No context for object [ffff88040d822eb0]
[    5.293371]      scan-1136 get_device_data       : No context for object [ffff88040d822ed8]
[    5.293371]     utils-0051 util_eval_error       : Evaluate [\_SB_.PCI0.PB3_._STA]: AE_NOT_FOUND
[    5.293371] device: 'device:03': device_add
[    5.293371] bus: 'acpi': add device device:03
[    5.293371]     utils-0051 util_eval_error       : Evaluate [\_SB_.PCI0.PB3_._SUN]: AE_NOT_FOUND
[    5.293387]      scan-1928 add_single_object     : Added device:03 [\_SB_.PCI0.PB3_] parent PNP0A08:00
[    5.296673]      scan-1136 get_device_data       : No context for object [ffff88040d822f00]
[    5.296871]      scan-1136 get_device_data       : No context for object [ffff88040d822f28]
[    5.297068]      scan-1136 get_device_data       : No context for object [ffff88040d822f50]
[    5.297265]      scan-1136 get_device_data       : No context for object [ffff88040d822f78]
[    5.297462]      scan-1136 get_device_data       : No context for object [ffff88040d822fa0]
[    5.297637]      scan-1136 get_device_data       : No context for object [ffff88040d822fc8]
[    5.297832]      scan-1136 get_device_data       : No context for object [ffff88040d823000]
[    5.298029]      scan-1136 get_device_data       : No context for object [ffff88040d823028]
[    5.298226]      scan-1136 get_device_data       : No context for object [ffff88040d823050]
[    5.298424]      scan-1136 get_device_data       : No context for object [ffff88040d823078]
[    5.298618]      scan-1136 get_device_data       : No context for object [ffff88040d8230a0]
[    5.298816]      scan-1136 get_device_data       : No context for object [ffff88040d8230c8]
[    5.299010]      scan-1136 get_device_data       : No context for object [ffff88040d8230f0]
[    5.299207]      scan-1136 get_device_data       : No context for object [ffff88040d823118]
[    5.299404]      scan-1136 get_device_data       : No context for object [ffff88040d823140]
[    5.299602]      scan-1136 get_device_data       : No context for object [ffff88040d823168]
[    5.299798]      scan-1136 get_device_data       : No context for object [ffff88040d823190]
[    5.300001]      scan-1136 get_device_data       : No context for object [ffff88040d8231b8]
[    5.300194]      scan-1136 get_device_data       : No context for object [ffff88040d8231e0]
[    5.300392]      scan-1136 get_device_data       : No context for object [ffff88040d823208]
[    5.300590]      scan-1136 get_device_data       : No context for object [ffff88040d823230]
[    5.300766]      scan-1136 get_device_data       : No context for object [ffff88040d823258]
[    5.300964]      scan-1136 get_device_data       : No context for object [ffff88040d823280]
[    5.301162]      scan-1136 get_device_data       : No context for object [ffff88040d8232a8]
[    5.301356]      scan-1136 get_device_data       : No context for object [ffff88040d8232d0]
[    5.301554]      scan-1136 get_device_data       : No context for object [ffff88040d8232f8]
[    5.301705]      scan-1136 get_device_data       : No context for object [ffff88040d823320]
[    5.301882]      scan-1136 get_device_data       : No context for object [ffff88040d823348]
[    5.302079]      scan-1136 get_device_data       : No context for object [ffff88040d823370]
[    5.302276]      scan-1136 get_device_data       : No context for object [ffff88040d823398]
[    5.302472]      scan-1136 get_device_data       : No context for object [ffff88040d8233c0]
[    5.302647]     utils-0051 util_eval_error       : Evaluate [\_SB_.PCI0.PB3_.VGA_._STA]: AE_NOT_FOUND
[    5.302876]     video-0058 backlight_cap_match   : Found generic backlight support
[    5.303084] device: 'LNXVIDEO:00': device_add
[    5.303146] bus: 'acpi': add device LNXVIDEO:00
[    5.303224]     utils-0051 util_eval_error       : Evaluate [\_SB_.PCI0.PB3_.VGA_._SUN]: AE_NOT_FOUND
[    5.303348]      scan-1928 add_single_object     : Added LNXVIDEO:00 [\_SB_.PCI0.PB3_.VGA_] parent device:03
[    5.303348]      scan-1136 get_device_data       : No context for object [ffff88040d8233e8]
[    5.303348]      scan-1136 get_device_data       : No context for object [ffff88040d823410]
[    5.303348]      scan-1136 get_device_data       : No context for object [ffff88040d823438]
[    5.303348]      scan-1136 get_device_data       : No context for object [ffff88040d823460]
[    5.303348]      scan-1136 get_device_data       : No context for object [ffff88040d823488]
[    5.303348]      scan-1136 get_device_data       : No context for object [ffff88040d8234b0]
[    5.303348]      scan-1136 get_device_data       : No context for object [ffff88040d8234d8]
[    5.303348]      scan-1136 get_device_data       : No context for object [ffff88040d823500]
[    5.303348]      scan-1136 get_device_data       : No context for object [ffff88040d823528]
[    5.303348]      scan-1136 get_device_data       : No context for object [ffff88040d823550]
[    5.303348]      scan-1136 get_device_data       : No context for object [ffff88040d823578]
[    5.303348]      scan-1136 get_device_data       : No context for object [ffff88040d8235a0]
[    5.303348]      scan-1136 get_device_data       : No context for object [ffff88040d8235c8]
[    5.303348]      scan-1136 get_device_data       : No context for object [ffff88040d8235f0]
[    5.303348]      scan-1136 get_device_data       : No context for object [ffff88040d823618]
[    5.303348]      scan-1136 get_device_data       : No context for object [ffff88040d823640]
[    5.303415]      scan-1136 get_device_data       : No context for object [ffff88040d823668]
[    5.303592]      scan-1136 get_device_data       : No context for object [ffff88040d823690]
[    5.303787]      scan-1136 get_device_data       : No context for object [ffff88040d8236b8]
[    5.303982]      scan-1136 get_device_data       : No context for object [ffff88040d8236e0]
[    5.304177]      scan-1136 get_device_data       : No context for object [ffff88040d823708]
[    5.304358]      scan-1136 get_device_data       : No context for object [ffff88040d823730]
[    5.304555]      scan-1136 get_device_data       : No context for object [ffff88040d823758]
[    5.304754]      scan-1136 get_device_data       : No context for object [ffff88040d823780]
[    5.304952]      scan-1136 get_device_data       : No context for object [ffff88040d8237a8]
[    5.305149]      scan-1136 get_device_data       : No context for object [ffff88040d8237d0]
[    5.305346]      scan-1136 get_device_data       : No context for object [ffff88040d8237f8]
[    5.305538]      scan-1136 get_device_data       : No context for object [ffff88040d823820]
[    5.305736]      scan-1136 get_device_data       : No context for object [ffff88040d823848]
[    5.305933]      scan-1136 get_device_data       : No context for object [ffff88040d823870]
[    5.306130]      scan-1136 get_device_data       : No context for object [ffff88040d823898]
[    5.306327]      scan-1136 get_device_data       : No context for object [ffff88040d8238c0]
[    5.310002]      scan-1136 get_device_data       : No context for object [ffff88040d8238e8]
[    5.310202]      scan-1136 get_device_data       : No context for object [ffff88040d823910]
[    5.310394]      scan-1136 get_device_data       : No context for object [ffff88040d823938]
[    5.310592]      scan-1136 get_device_data       : No context for object [ffff88040d823960]
[    5.310789]      scan-1136 get_device_data       : No context for object [ffff88040d823988]
[    5.310986]      scan-1136 get_device_data       : No context for object [ffff88040d8239b0]
[    5.311183]      scan-1136 get_device_data       : No context for object [ffff88040d8239d8]
[    5.311380]      scan-1136 get_device_data       : No context for object [ffff88040d837460]
[    5.311575]      scan-1136 get_device_data       : No context for object [ffff88040d83ac08]
[    5.311773]      scan-1136 get_device_data       : No context for object [ffff88040d83ac30]
[    5.311959]      scan-1136 get_device_data       : No context for object [ffff88040d83ac58]
[    5.312158]     utils-0051 util_eval_error       : Evaluate [\_SB_.PCI0.PB3_.VGA_.CRT_._STA]: AE_NOT_FOUND
[    5.312401] device: 'device:04': device_add
[    5.312401] bus: 'acpi': add device device:04
[    5.312401]     utils-0051 util_eval_error       : Evaluate [\_SB_.PCI0.PB3_.VGA_.CRT_._SUN]: AE_NOT_FOUND
[    5.313371]      scan-1928 add_single_object     : Added device:04 [\_SB_.PCI0.PB3_.VGA_.CRT_] parent LNXVIDEO:00
[    5.313371]      scan-1136 get_device_data       : No context for object [ffff88040d83ac80]
[    5.313371]      scan-1136 get_device_data       : No context for object [ffff88040d83aca8]
[    5.313371]      scan-1136 get_device_data       : No context for object [ffff88040d83acd0]
[    5.313371]      scan-1136 get_device_data       : No context for object [ffff88040d83acf8]
[    5.313371]      scan-1136 get_device_data       : No context for object [ffff88040d83ad20]
[    5.313371]     utils-0051 util_eval_error       : Evaluate [\_SB_.PCI0.PB3_.VGA_.LCD_._STA]: AE_NOT_FOUND
[    5.313371] device: 'device:05': device_add
[    5.313371] bus: 'acpi': add device device:05
[    5.313371]     utils-0051 util_eval_error       : Evaluate [\_SB_.PCI0.PB3_.VGA_.LCD_._SUN]: AE_NOT_FOUND
[    5.313384]      scan-1928 add_single_object     : Added device:05 [\_SB_.PCI0.PB3_.VGA_.LCD_] parent LNXVIDEO:00
[    5.313384]      scan-1136 get_device_data       : No context for object [ffff88040d83ad48]
[    5.313384]      scan-1136 get_device_data       : No context for object [ffff88040d83ad70]
[    5.313384]      scan-1136 get_device_data       : No context for object [ffff88040d83ad98]
[    5.313384]      scan-1136 get_device_data       : No context for object [ffff88040d83adc0]
[    5.313384]      scan-1136 get_device_data       : No context for object [ffff88040d83ade8]
[    5.313384]      scan-1136 get_device_data       : No context for object [ffff88040d83ae10]
[    5.313482]      scan-1136 get_device_data       : No context for object [ffff88040d83ae38]
[    5.313680]      scan-1136 get_device_data       : No context for object [ffff88040d83ae60]
[    5.313877]     utils-0051 util_eval_error       : Evaluate [\_SB_.PCI0.PB3_.VGA_.TV0_._STA]: AE_NOT_FOUND
[    5.314105] device: 'device:06': device_add
[    5.314168] bus: 'acpi': add device device:06
[    5.314245]     utils-0051 util_eval_error       : Evaluate [\_SB_.PCI0.PB3_.VGA_.TV0_._SUN]: AE_NOT_FOUND
[    5.316681]      scan-1928 add_single_object     : Added device:06 [\_SB_.PCI0.PB3_.VGA_.TV0_] parent LNXVIDEO:00
[    5.316681]      scan-1136 get_device_data       : No context for object [ffff88040d83ae88]
[    5.316681]      scan-1136 get_device_data       : No context for object [ffff88040d83aeb0]
[    5.316681]      scan-1136 get_device_data       : No context for object [ffff88040d83aed8]
[    5.316681]      scan-1136 get_device_data       : No context for object [ffff88040d83af00]
[    5.316681]      scan-1136 get_device_data       : No context for object [ffff88040d83af28]
[    5.316681]     utils-0051 util_eval_error       : Evaluate [\_SB_.PCI0.PB3_.VGA_.HDMI._STA]: AE_NOT_FOUND
[    5.316681] device: 'device:07': device_add
[    5.316681] bus: 'acpi': add device device:07
[    5.316681]     utils-0051 util_eval_error       : Evaluate [\_SB_.PCI0.PB3_.VGA_.HDMI._SUN]: AE_NOT_FOUND
[    5.316721]      scan-1928 add_single_object     : Added device:07 [\_SB_.PCI0.PB3_.VGA_.HDMI] parent LNXVIDEO:00
[    5.316721]      scan-1136 get_device_data       : No context for object [ffff88040d83af50]
[    5.316721]      scan-1136 get_device_data       : No context for object [ffff88040d83af78]
[    5.320003]      scan-1136 get_device_data       : No context for object [ffff88040d83afa0]
[    5.320198]      scan-1136 get_device_data       : No context for object [ffff88040d83afc8]
[    5.320392]      scan-1136 get_device_data       : No context for object [ffff88040d823a00]
[    5.320587]     utils-0051 util_eval_error       : Evaluate [\_SB_.PCI0.PB3_.HDAU._STA]: AE_NOT_FOUND
[    5.320805] device: 'device:08': device_add
[    5.320862] bus: 'acpi': add device device:08
[    5.320927]     utils-0051 util_eval_error       : Evaluate [\_SB_.PCI0.PB3_.HDAU._SUN]: AE_NOT_FOUND
[    5.321130]      scan-1928 add_single_object     : Added device:08 [\_SB_.PCI0.PB3_.HDAU] parent device:03
[    5.321331]      scan-1136 get_device_data       : No context for object [ffff88040d823a28]
[    5.321525]      scan-1136 get_device_data       : No context for object [ffff88040d823a50]
[    5.321675]      scan-1136 get_device_data       : No context for object [ffff88040d823a78]
[    5.321853]      scan-1136 get_device_data       : No context for object [ffff88040d823aa0]
[    5.322045]      scan-1136 get_device_data       : No context for object [ffff88040d823ac8]
[    5.322236]      scan-1136 get_device_data       : No context for object [ffff88040d823af0]
[    5.322431]      scan-1136 get_device_data       : No context for object [ffff88040d823b18]
[    5.322610]     utils-0051 util_eval_error       : Evaluate [\_SB_.PCI0.PB4_._STA]: AE_NOT_FOUND
[    5.322903] device: 'device:09': device_add
[    5.322964] bus: 'acpi': add device device:09
[    5.323041]     utils-0051 util_eval_error       : Evaluate [\_SB_.PCI0.PB4_._SUN]: AE_NOT_FOUND
[    5.323041]      scan-1928 add_single_object     : Added device:09 [\_SB_.PCI0.PB4_] parent PNP0A08:00
[    5.323041]      scan-1136 get_device_data       : No context for object [ffff88040d823b40]
[    5.323041]      scan-1136 get_device_data       : No context for object [ffff88040d823b68]
[    5.323041]      scan-1136 get_device_data       : No context for object [ffff88040d823b90]
[    5.323041]      scan-1136 get_device_data       : No context for object [ffff88040d823bb8]
[    5.323041]      scan-1136 get_device_data       : No context for object [ffff88040d823be0]
[    5.323041]      scan-1136 get_device_data       : No context for object [ffff88040d823c08]
[    5.323041]      scan-1136 get_device_data       : No context for object [ffff88040d823c30]
[    5.323041]      scan-1136 get_device_data       : No context for object [ffff88040d823c58]
[    5.323041]      scan-1136 get_device_data       : No context for object [ffff88040d823c80]
[    5.323041]      scan-1136 get_device_data       : No context for object [ffff88040d823ca8]
[    5.323041]      scan-1136 get_device_data       : No context for object [ffff88040d823cd0]
[    5.323041]      scan-1136 get_device_data       : No context for object [ffff88040d823cf8]
[    5.323041]      scan-1136 get_device_data       : No context for object [ffff88040d823d20]
[    5.323041]      scan-1136 get_device_data       : No context for object [ffff88040d823d48]
[    5.323041]      scan-1136 get_device_data       : No context for object [ffff88040d823d70]
[    5.323118]      scan-1136 get_device_data       : No context for object [ffff88040d823d98]
[    5.323315]      scan-1136 get_device_data       : No context for object [ffff88040d823dc0]
[    5.323477]      scan-1136 get_device_data       : No context for object [ffff88040d823de8]
[    5.323674]      scan-1136 get_device_data       : No context for object [ffff88040d823e10]
[    5.323868]      scan-1136 get_device_data       : No context for object [ffff88040d823e38]
[    5.324065]      scan-1136 get_device_data       : No context for object [ffff88040d823e60]
[    5.324264]      scan-1136 get_device_data       : No context for object [ffff88040d823e88]
[    5.324414]      scan-1136 get_device_data       : No context for object [ffff88040d823eb0]
[    5.324591]      scan-1136 get_device_data       : No context for object [ffff88040d823ed8]
[    5.324789]      scan-1136 get_device_data       : No context for object [ffff88040d823f00]
[    5.326004]      scan-1136 get_device_data       : No context for object [ffff88040d823f28]
[    5.326200]      scan-1136 get_device_data       : No context for object [ffff88040d823f50]
[    5.326374]      scan-1136 get_device_data       : No context for object [ffff88040d823f78]
[    5.326572]      scan-1136 get_device_data       : No context for object [ffff88040d823fa0]
[    5.326797]      scan-1136 get_device_data       : No context for object [ffff88040d823fc8]
[    5.326995]      scan-1136 get_device_data       : No context for object [ffff88040d825000]
[    5.327194]     utils-0051 util_eval_error       : Evaluate [\_SB_.PCI0.PB4_.XPDV._STA]: AE_NOT_FOUND
[    5.327393] device: 'device:0a': device_add
[    5.327452] bus: 'acpi': add device device:0a
[    5.327518]     utils-0051 util_eval_error       : Evaluate [\_SB_.PCI0.PB4_.XPDV._SUN]: AE_NOT_FOUND
[    5.330014]      scan-1928 add_single_object     : Added device:0a [\_SB_.PCI0.PB4_.XPDV] parent device:09
[    5.330014]      scan-1136 get_device_data       : No context for object [ffff88040d825028]
[    5.330014]      scan-1136 get_device_data       : No context for object [ffff88040d825050]
[    5.330014]      scan-1136 get_device_data       : No context for object [ffff88040d825078]
[    5.330014]      scan-1136 get_device_data       : No context for object [ffff88040d8250a0]
[    5.330014]      scan-1136 get_device_data       : No context for object [ffff88040d8250c8]
[    5.330014]      scan-1136 get_device_data       : No context for object [ffff88040d837500]
[    5.330014]      scan-1136 get_device_data       : No context for object [ffff88040d8250f0]
[    5.330014]      scan-1136 get_device_data       : No context for object [ffff88040d825118]
[    5.330014]     utils-0051 util_eval_error       : Evaluate [\_SB_.PCI0.PB5_._STA]: AE_NOT_FOUND
[    5.330014] device: 'device:0b': device_add
[    5.330014] bus: 'acpi': add device device:0b
[    5.330014]     utils-0051 util_eval_error       : Evaluate [\_SB_.PCI0.PB5_._SUN]: AE_NOT_FOUND
[    5.330054]      scan-1928 add_single_object     : Added device:0b [\_SB_.PCI0.PB5_] parent PNP0A08:00
[    5.330213]      scan-1136 get_device_data       : No context for object [ffff88040d825140]
[    5.330391]      scan-1136 get_device_data       : No context for object [ffff88040d825168]
[    5.330588]      scan-1136 get_device_data       : No context for object [ffff88040d825190]
[    5.330785]      scan-1136 get_device_data       : No context for object [ffff88040d8251b8]
[    5.330982]      scan-1136 get_device_data       : No context for object [ffff88040d8251e0]
[    5.331176]      scan-1136 get_device_data       : No context for object [ffff88040d825208]
[    5.331353]      scan-1136 get_device_data       : No context for object [ffff88040d825230]
[    5.331551]      scan-1136 get_device_data       : No context for object [ffff88040d825258]
[    5.331748]      scan-1136 get_device_data       : No context for object [ffff88040d825280]
[    5.331945]      scan-1136 get_device_data       : No context for object [ffff88040d8252a8]
[    5.332142]      scan-1136 get_device_data       : No context for object [ffff88040d8252d0]
[    5.332324]      scan-1136 get_device_data       : No context for object [ffff88040d8252f8]
[    5.332518]      scan-1136 get_device_data       : No context for object [ffff88040d825320]
[    5.332716]      scan-1136 get_device_data       : No context for object [ffff88040d825348]
[    5.332914]      scan-1136 get_device_data       : No context for object [ffff88040d825370]
[    5.333112]      scan-1136 get_device_data       : No context for object [ffff88040d825398]
[    5.333336]      scan-1136 get_device_data       : No context for object [ffff88040d8253c0]
[    5.333530]      scan-1136 get_device_data       : No context for object [ffff88040d8253e8]
[    5.333720]      scan-1136 get_device_data       : No context for object [ffff88040d825410]
[    5.333914]      scan-1136 get_device_data       : No context for object [ffff88040d825438]
[    5.334109]      scan-1136 get_device_data       : No context for object [ffff88040d825460]
[    5.334304]      scan-1136 get_device_data       : No context for object [ffff88040d825488]
[    5.334485]      scan-1136 get_device_data       : No context for object [ffff88040d8254b0]
[    5.334680]      scan-1136 get_device_data       : No context for object [ffff88040d8254d8]
[    5.334872]      scan-1136 get_device_data       : No context for object [ffff88040d825500]
[    5.335066]      scan-1136 get_device_data       : No context for object [ffff88040d825528]
[    5.335261]      scan-1136 get_device_data       : No context for object [ffff88040d825550]
[    5.335408]      scan-1136 get_device_data       : No context for object [ffff88040d825578]
[    5.335585]      scan-1136 get_device_data       : No context for object [ffff88040d8255a0]
[    5.335780]      scan-1136 get_device_data       : No context for object [ffff88040d8255c8]
[    5.335973]      scan-1136 get_device_data       : No context for object [ffff88040d8255f0]
[    5.336166]     utils-0051 util_eval_error       : Evaluate [\_SB_.PCI0.PB5_.XPDV._STA]: AE_NOT_FOUND
[    5.336387] device: 'device:0c': device_add
[    5.336448] bus: 'acpi': add device device:0c
[    5.336524]     utils-0051 util_eval_error       : Evaluate [\_SB_.PCI0.PB5_.XPDV._SUN]: AE_NOT_FOUND
[    5.336681]      scan-1928 add_single_object     : Added device:0c [\_SB_.PCI0.PB5_.XPDV] parent device:0b
[    5.336877]      scan-1136 get_device_data       : No context for object [ffff88040d825618]
[    5.337072]      scan-1136 get_device_data       : No context for object [ffff88040d825640]
[    5.337265]      scan-1136 get_device_data       : No context for object [ffff88040d825668]
[    5.337441]      scan-1136 get_device_data       : No context for object [ffff88040d825690]
[    5.337639]      scan-1136 get_device_data       : No context for object [ffff88040d8256b8]
[    5.337837]      scan-1136 get_device_data       : No context for object [ffff88040d837528]
[    5.338035]      scan-1136 get_device_data       : No context for object [ffff88040d8256e0]
[    5.338232]      scan-1136 get_device_data       : No context for object [ffff88040d825708]
[    5.338384]     utils-0051 util_eval_error       : Evaluate [\_SB_.PCI0.PB6_._STA]: AE_NOT_FOUND
[    5.338655] device: 'device:0d': device_add
[    5.338718] bus: 'acpi': add device device:0d
[    5.338793]     utils-0051 util_eval_error       : Evaluate [\_SB_.PCI0.PB6_._SUN]: AE_NOT_FOUND
[    5.340065]      scan-1928 add_single_object     : Added device:0d [\_SB_.PCI0.PB6_] parent PNP0A08:00
[    5.340065]      scan-1136 get_device_data       : No context for object [ffff88040d825730]
[    5.340065]      scan-1136 get_device_data       : No context for object [ffff88040d825758]
[    5.340065]      scan-1136 get_device_data       : No context for object [ffff88040d825780]
[    5.340065]      scan-1136 get_device_data       : No context for object [ffff88040d8257a8]
[    5.340065]      scan-1136 get_device_data       : No context for object [ffff88040d8257d0]
[    5.340165]      scan-1136 get_device_data       : No context for object [ffff88040d8257f8]
[    5.340342]      scan-1136 get_device_data       : No context for object [ffff88040d825820]
[    5.340539]      scan-1136 get_device_data       : No context for object [ffff88040d825848]
[    5.340738]      scan-1136 get_device_data       : No context for object [ffff88040d825870]
[    5.340936]      scan-1136 get_device_data       : No context for object [ffff88040d825898]
[    5.341130]      scan-1136 get_device_data       : No context for object [ffff88040d8258c0]
[    5.341328]      scan-1136 get_device_data       : No context for object [ffff88040d8258e8]
[    5.341525]      scan-1136 get_device_data       : No context for object [ffff88040d825910]
[    5.341723]      scan-1136 get_device_data       : No context for object [ffff88040d825938]
[    5.341920]      scan-1136 get_device_data       : No context for object [ffff88040d825960]
[    5.342116]      scan-1136 get_device_data       : No context for object [ffff88040d825988]
[    5.342309]      scan-1136 get_device_data       : No context for object [ffff88040d8259b0]
[    5.342486]      scan-1136 get_device_data       : No context for object [ffff88040d8259d8]
[    5.342684]      scan-1136 get_device_data       : No context for object [ffff88040d825a00]
[    5.342881]      scan-1136 get_device_data       : No context for object [ffff88040d825a28]
[    5.343079]      scan-1136 get_device_data       : No context for object [ffff88040d825a50]
[    5.346669]      scan-1136 get_device_data       : No context for object [ffff88040d825a78]
[    5.346850]      scan-1136 get_device_data       : No context for object [ffff88040d825aa0]
[    5.347046]      scan-1136 get_device_data       : No context for object [ffff88040d825ac8]
[    5.347241]      scan-1136 get_device_data       : No context for object [ffff88040d825af0]
[    5.347438]      scan-1136 get_device_data       : No context for object [ffff88040d825b18]
[    5.347636]      scan-1136 get_device_data       : No context for object [ffff88040d825b40]
[    5.347786]      scan-1136 get_device_data       : No context for object [ffff88040d825b68]
[    5.347964]      scan-1136 get_device_data       : No context for object [ffff88040d825b90]
[    5.348160]      scan-1136 get_device_data       : No context for object [ffff88040d825bb8]
[    5.348352]      scan-1136 get_device_data       : No context for object [ffff88040d825be0]
[    5.348552]     utils-0051 util_eval_error       : Evaluate [\_SB_.PCI0.PB6_.XPDV._STA]: AE_NOT_FOUND
[    5.348763] device: 'device:0e': device_add
[    5.348825] bus: 'acpi': add device device:0e
[    5.348899]     utils-0051 util_eval_error       : Evaluate [\_SB_.PCI0.PB6_.XPDV._SUN]: AE_NOT_FOUND
[    5.350000]      scan-1928 add_single_object     : Added device:0e [\_SB_.PCI0.PB6_.XPDV] parent device:0d
[    5.350000]      scan-1136 get_device_data       : No context for object [ffff88040d825c08]
[    5.350000]      scan-1136 get_device_data       : No context for object [ffff88040d825c30]
[    5.350000]      scan-1136 get_device_data       : No context for object [ffff88040d825c58]
[    5.350000]      scan-1136 get_device_data       : No context for object [ffff88040d825c80]
[    5.350000]      scan-1136 get_device_data       : No context for object [ffff88040d825ca8]
[    5.350000]      scan-1136 get_device_data       : No context for object [ffff88040d837550]
[    5.350000]      scan-1136 get_device_data       : No context for object [ffff88040d825cd0]
[    5.350000]      scan-1136 get_device_data       : No context for object [ffff88040d825cf8]
[    5.350000]     utils-0051 util_eval_error       : Evaluate [\_SB_.PCI0.PB7_._STA]: AE_NOT_FOUND
[    5.350000] device: 'device:0f': device_add
[    5.350000] bus: 'acpi': add device device:0f
[    5.350000]     utils-0051 util_eval_error       : Evaluate [\_SB_.PCI0.PB7_._SUN]: AE_NOT_FOUND
[    5.350069]      scan-1928 add_single_object     : Added device:0f [\_SB_.PCI0.PB7_] parent PNP0A08:00
[    5.350069]      scan-1136 get_device_data       : No context for object [ffff88040d825d20]
[    5.350069]      scan-1136 get_device_data       : No context for object [ffff88040d825d48]
[    5.350069]      scan-1136 get_device_data       : No context for object [ffff88040d825d70]
[    5.350069]      scan-1136 get_device_data       : No context for object [ffff88040d825d98]
[    5.350128]      scan-1136 get_device_data       : No context for object [ffff88040d825dc0]
[    5.350323]      scan-1136 get_device_data       : No context for object [ffff88040d825de8]
[    5.350516]      scan-1136 get_device_data       : No context for object [ffff88040d825e10]
[    5.350712]      scan-1136 get_device_data       : No context for object [ffff88040d825e38]
[    5.350901]      scan-1136 get_device_data       : No context for object [ffff88040d825e60]
[    5.351093]      scan-1136 get_device_data       : No context for object [ffff88040d825e88]
[    5.351288]      scan-1136 get_device_data       : No context for object [ffff88040d825eb0]
[    5.351437]      scan-1136 get_device_data       : No context for object [ffff88040d825ed8]
[    5.351613]      scan-1136 get_device_data       : No context for object [ffff88040d825f00]
[    5.351808]      scan-1136 get_device_data       : No context for object [ffff88040d825f28]
[    5.352001]      scan-1136 get_device_data       : No context for object [ffff88040d825f50]
[    5.352193]      scan-1136 get_device_data       : No context for object [ffff88040d825f78]
[    5.352370]      scan-1136 get_device_data       : No context for object [ffff88040d825fa0]
[    5.352565]      scan-1136 get_device_data       : No context for object [ffff88040d825fc8]
[    5.352761]      scan-1136 get_device_data       : No context for object [ffff88040d827000]
[    5.352956]      scan-1136 get_device_data       : No context for object [ffff88040d827028]
[    5.353149]      scan-1136 get_device_data       : No context for object [ffff88040d827050]
[    5.353335]      scan-1136 get_device_data       : No context for object [ffff88040d827078]
[    5.353532]      scan-1136 get_device_data       : No context for object [ffff88040d8270a0]
[    5.353728]      scan-1136 get_device_data       : No context for object [ffff88040d8270c8]
[    5.353922]      scan-1136 get_device_data       : No context for object [ffff88040d8270f0]
[    5.354115]      scan-1136 get_device_data       : No context for object [ffff88040d827118]
[    5.354312]      scan-1136 get_device_data       : No context for object [ffff88040d827140]
[    5.354506]      scan-1136 get_device_data       : No context for object [ffff88040d827168]
[    5.354704]      scan-1136 get_device_data       : No context for object [ffff88040d827190]
[    5.354901]      scan-1136 get_device_data       : No context for object [ffff88040d8271b8]
[    5.355098]      scan-1136 get_device_data       : No context for object [ffff88040d8271e0]
[    5.355296]     utils-0051 util_eval_error       : Evaluate [\_SB_.PCI0.PB7_.XPDV._STA]: AE_NOT_FOUND
[    5.355513] device: 'device:10': device_add
[    5.355621] bus: 'acpi': add device device:10
[    5.355687]     utils-0051 util_eval_error       : Evaluate [\_SB_.PCI0.PB7_.XPDV._SUN]: AE_NOT_FOUND
[    5.356682]      scan-1928 add_single_object     : Added device:10 [\_SB_.PCI0.PB7_.XPDV] parent device:0f
[    5.356682]      scan-1136 get_device_data       : No context for object [ffff88040d827208]
[    5.356682]      scan-1136 get_device_data       : No context for object [ffff88040d827230]
[    5.356682]      scan-1136 get_device_data       : No context for object [ffff88040d827258]
[    5.356682]      scan-1136 get_device_data       : No context for object [ffff88040d827280]
[    5.356867]      scan-1136 get_device_data       : No context for object [ffff88040d8272a8]
[    5.357060]      scan-1136 get_device_data       : No context for object [ffff88040d837488]
[    5.357257]      scan-1136 get_device_data       : No context for object [ffff88040d8272d0]
[    5.357408]      scan-1136 get_device_data       : No context for object [ffff88040d8272f8]
[    5.357587]     utils-0051 util_eval_error       : Evaluate [\_SB_.PCI0.OHC1._STA]: AE_NOT_FOUND
[    5.357830] device: 'device:11': device_add
[    5.357894] bus: 'acpi': add device device:11
[    5.357971]     utils-0051 util_eval_error       : Evaluate [\_SB_.PCI0.OHC1._SUN]: AE_NOT_FOUND
[    5.360014]      scan-1928 add_single_object     : Added device:11 [\_SB_.PCI0.OHC1] parent PNP0A08:00
[    5.360014]      scan-1136 get_device_data       : No context for object [ffff88040d827320]
[    5.360014]      scan-1136 get_device_data       : No context for object [ffff88040d827348]
[    5.360014]      scan-1136 get_device_data       : No context for object [ffff88040d83b2f8]
[    5.360014]     utils-0051 util_eval_error       : Evaluate [\_SB_.PCI0.OHC1.RHUB._STA]: AE_NOT_FOUND
[    5.360014] device: 'device:12': device_add
[    5.360014] bus: 'acpi': add device device:12
[    5.360014]     utils-0051 util_eval_error       : Evaluate [\_SB_.PCI0.OHC1.RHUB._SUN]: AE_NOT_FOUND
[    5.360055]      scan-1928 add_single_object     : Added device:12 [\_SB_.PCI0.OHC1.RHUB] parent device:11
[    5.360055]      scan-1136 get_device_data       : No context for object [ffff88040d83b320]
[    5.360055]      scan-1136 get_device_data       : No context for object [ffff88040d83b348]
[    5.363337]     utils-0051 util_eval_error       : Evaluate [\_SB_.PCI0.OHC1.RHUB.PRT3._STA]: AE_NOT_FOUND
[    5.363570] device: 'device:13': device_add
[    5.363633] bus: 'acpi': add device device:13
[    5.363708]     utils-0051 util_eval_error       : Evaluate [\_SB_.PCI0.OHC1.RHUB.PRT3._SUN]: AE_NOT_FOUND
[    5.363888]      scan-1928 add_single_object     : Added device:13 [\_SB_.PCI0.OHC1.RHUB.PRT3] parent device:12
[    5.364091]      scan-1136 get_device_data       : No context for object [ffff88040d83b370]
[    5.364288]      scan-1136 get_device_data       : No context for object [ffff88040d83b398]
[    5.364486]      scan-1136 get_device_data       : No context for object [ffff88040d83b3c0]
[    5.364637]      scan-1136 get_device_data       : No context for object [ffff88040d83b3e8]
[    5.365853]     utils-0051 util_eval_error       : Evaluate [\_SB_.PCI0.OHC1.RHUB.PRT4._STA]: AE_NOT_FOUND
[    5.366085] device: 'device:14': device_add
[    5.366147] bus: 'acpi': add device device:14
[    5.366217]     utils-0051 util_eval_error       : Evaluate [\_SB_.PCI0.OHC1.RHUB.PRT4._SUN]: AE_NOT_FOUND
[    5.366419]      scan-1928 add_single_object     : Added device:14 [\_SB_.PCI0.OHC1.RHUB.PRT4] parent device:12
[    5.366419]      scan-1136 get_device_data       : No context for object [ffff88040d83b410]
[    5.366419]      scan-1136 get_device_data       : No context for object [ffff88040d83b438]
[    5.366419]      scan-1136 get_device_data       : No context for object [ffff88040d83b460]
[    5.366419]      scan-1136 get_device_data       : No context for object [ffff88040d827370]
[    5.366419]     utils-0051 util_eval_error       : Evaluate [\_SB_.PCI0.EHC1._STA]: AE_NOT_FOUND
[    5.366419] device: 'device:15': device_add
[    5.366419] bus: 'acpi': add device device:15
[    5.366419]     utils-0051 util_eval_error       : Evaluate [\_SB_.PCI0.EHC1._SUN]: AE_NOT_FOUND
[    5.366679]      scan-1928 add_single_object     : Added device:15 [\_SB_.PCI0.EHC1] parent PNP0A08:00
[    5.366679]      scan-1136 get_device_data       : No context for object [ffff88040d827398]
[    5.366679]      scan-1136 get_device_data       : No context for object [ffff88040d8273c0]
[    5.366679]      scan-1136 get_device_data       : No context for object [ffff88040d83b028]
[    5.366679]     utils-0051 util_eval_error       : Evaluate [\_SB_.PCI0.EHC1.RHUB._STA]: AE_NOT_FOUND
[    5.366679] device: 'device:16': device_add
[    5.366679] bus: 'acpi': add device device:16
[    5.366679]     utils-0051 util_eval_error       : Evaluate [\_SB_.PCI0.EHC1.RHUB._SUN]: AE_NOT_FOUND
[    5.366716]      scan-1928 add_single_object     : Added device:16 [\_SB_.PCI0.EHC1.RHUB] parent device:15
[    5.366716]      scan-1136 get_device_data       : No context for object [ffff88040d83b050]
[    5.366716]      scan-1136 get_device_data       : No context for object [ffff88040d83b078]
[    5.366716]     utils-0051 util_eval_error       : Evaluate [\_SB_.PCI0.EHC1.RHUB.PRT3._STA]: AE_NOT_FOUND
[    5.366894] device: 'device:17': device_add
[    5.366955] bus: 'acpi': add device device:17
[    5.367031]     utils-0051 util_eval_error       : Evaluate [\_SB_.PCI0.EHC1.RHUB.PRT3._SUN]: AE_NOT_FOUND
[    5.370011]      scan-1928 add_single_object     : Added device:17 [\_SB_.PCI0.EHC1.RHUB.PRT3] parent device:16
[    5.370011]      scan-1136 get_device_data       : No context for object [ffff88040d83b0a0]
[    5.370011]      scan-1136 get_device_data       : No context for object [ffff88040d83b0c8]
[    5.370011]      scan-1136 get_device_data       : No context for object [ffff88040d83b0f0]
[    5.370011]      scan-1136 get_device_data       : No context for object [ffff88040d83b118]
[    5.370011]     utils-0051 util_eval_error       : Evaluate [\_SB_.PCI0.EHC1.RHUB.PRT4._STA]: AE_NOT_FOUND
[    5.370011] device: 'device:18': device_add
[    5.370011] bus: 'acpi': add device device:18
[    5.370011]     utils-0051 util_eval_error       : Evaluate [\_SB_.PCI0.EHC1.RHUB.PRT4._SUN]: AE_NOT_FOUND
[    5.370053]      scan-1928 add_single_object     : Added device:18 [\_SB_.PCI0.EHC1.RHUB.PRT4] parent device:16
[    5.370053]      scan-1136 get_device_data       : No context for object [ffff88040d83b140]
[    5.370053]      scan-1136 get_device_data       : No context for object [ffff88040d83b168]
[    5.370053]      scan-1136 get_device_data       : No context for object [ffff88040d83b190]
[    5.370053]      scan-1136 get_device_data       : No context for object [ffff88040d8273e8]
[    5.370053]     utils-0051 util_eval_error       : Evaluate [\_SB_.PCI0.OHC2._STA]: AE_NOT_FOUND
[    5.370053] device: 'device:19': device_add
[    5.370053] bus: 'acpi': add device device:19
[    5.370079]     utils-0051 util_eval_error       : Evaluate [\_SB_.PCI0.OHC2._SUN]: AE_NOT_FOUND
[    5.373336]      scan-1928 add_single_object     : Added device:19 [\_SB_.PCI0.OHC2] parent PNP0A08:00
[    5.373336]      scan-1136 get_device_data       : No context for object [ffff88040d827410]
[    5.373336]      scan-1136 get_device_data       : No context for object [ffff88040d827438]
[    5.373336]      scan-1136 get_device_data       : No context for object [ffff88040d83b488]
[    5.373336]     utils-0051 util_eval_error       : Evaluate [\_SB_.PCI0.OHC2.RHUB._STA]: AE_NOT_FOUND
[    5.373336] device: 'device:1a': device_add
[    5.373336] bus: 'acpi': add device device:1a
[    5.373336]     utils-0051 util_eval_error       : Evaluate [\_SB_.PCI0.OHC2.RHUB._SUN]: AE_NOT_FOUND
[    5.373371]      scan-1928 add_single_object     : Added device:1a [\_SB_.PCI0.OHC2.RHUB] parent device:19
[    5.373371]      scan-1136 get_device_data       : No context for object [ffff88040d83b4b0]
[    5.373371]      scan-1136 get_device_data       : No context for object [ffff88040d83b4d8]
[    5.373371]     utils-0051 util_eval_error       : Evaluate [\_SB_.PCI0.OHC2.RHUB.PRT4._STA]: AE_NOT_FOUND
[    5.373371] device: 'device:1b': device_add
[    5.373371] bus: 'acpi': add device device:1b
[    5.373371]     utils-0051 util_eval_error       : Evaluate [\_SB_.PCI0.OHC2.RHUB.PRT4._SUN]: AE_NOT_FOUND
[    5.373404]      scan-1928 add_single_object     : Added device:1b [\_SB_.PCI0.OHC2.RHUB.PRT4] parent device:1a
[    5.373404]      scan-1136 get_device_data       : No context for object [ffff88040d83b500]
[    5.373404]      scan-1136 get_device_data       : No context for object [ffff88040d83b528]
[    5.373404]      scan-1136 get_device_data       : No context for object [ffff88040d83b550]
[    5.373534]      scan-1136 get_device_data       : No context for object [ffff88040d827460]
[    5.373734]     utils-0051 util_eval_error       : Evaluate [\_SB_.PCI0.EHC2._STA]: AE_NOT_FOUND
[    5.373972] device: 'device:1c': device_add
[    5.374032] bus: 'acpi': add device device:1c
[    5.374098]     utils-0051 util_eval_error       : Evaluate [\_SB_.PCI0.EHC2._SUN]: AE_NOT_FOUND
[    5.376669]      scan-1928 add_single_object     : Added device:1c [\_SB_.PCI0.EHC2] parent PNP0A08:00
[    5.376669]      scan-1136 get_device_data       : No context for object [ffff88040d827488]
[    5.376669]      scan-1136 get_device_data       : No context for object [ffff88040d8274b0]
[    5.376669]      scan-1136 get_device_data       : No context for object [ffff88040d83b1b8]
[    5.376669]     utils-0051 util_eval_error       : Evaluate [\_SB_.PCI0.EHC2.RHUB._STA]: AE_NOT_FOUND
[    5.376669] device: 'device:1d': device_add
[    5.376669] bus: 'acpi': add device device:1d
[    5.376669]     utils-0051 util_eval_error       : Evaluate [\_SB_.PCI0.EHC2.RHUB._SUN]: AE_NOT_FOUND
[    5.376710]      scan-1928 add_single_object     : Added device:1d [\_SB_.PCI0.EHC2.RHUB] parent device:1c
[    5.376710]      scan-1136 get_device_data       : No context for object [ffff88040d83b1e0]
[    5.376710]      scan-1136 get_device_data       : No context for object [ffff88040d83b208]
[    5.376710]     utils-0051 util_eval_error       : Evaluate [\_SB_.PCI0.EHC2.RHUB.PRT2._STA]: AE_NOT_FOUND
[    5.376710] device: 'device:1e': device_add
[    5.376710] bus: 'acpi': add device device:1e
[    5.376710]     utils-0051 util_eval_error       : Evaluate [\_SB_.PCI0.EHC2.RHUB.PRT2._SUN]: AE_NOT_FOUND
[    5.380012]      scan-1928 add_single_object     : Added device:1e [\_SB_.PCI0.EHC2.RHUB.PRT2] parent device:1d
[    5.380214]      scan-1136 get_device_data       : No context for object [ffff88040d83b230]
[    5.380412]      scan-1136 get_device_data       : No context for object [ffff88040d83b258]
[    5.380588]      scan-1136 get_device_data       : No context for object [ffff88040d83b280]
[    5.380786]      scan-1136 get_device_data       : No context for object [ffff88040d8274d8]
[    5.380984]     utils-0051 util_eval_error       : Evaluate [\_SB_.PCI0.OHC3._STA]: AE_NOT_FOUND
[    5.381273] device: 'device:1f': device_add
[    5.381336] bus: 'acpi': add device device:1f
[    5.381410]     utils-0051 util_eval_error       : Evaluate [\_SB_.PCI0.OHC3._SUN]: AE_NOT_FOUND
[    5.381596]      scan-1928 add_single_object     : Added device:1f [\_SB_.PCI0.OHC3] parent PNP0A08:00
[    5.381799]      scan-1136 get_device_data       : No context for object [ffff88040d827500]
[    5.381996]      scan-1136 get_device_data       : No context for object [ffff88040d827528]
[    5.382193]      scan-1136 get_device_data       : No context for object [ffff88040d83b578]
[    5.382388]     utils-0051 util_eval_error       : Evaluate [\_SB_.PCI0.OHC3.RHUB._STA]: AE_NOT_FOUND
[    5.382618] device: 'device:20': device_add
[    5.382683] bus: 'acpi': add device device:20
[    5.382758]     utils-0051 util_eval_error       : Evaluate [\_SB_.PCI0.OHC3.RHUB._SUN]: AE_NOT_FOUND
[    5.382965]      scan-1928 add_single_object     : Added device:20 [\_SB_.PCI0.OHC3.RHUB] parent device:1f
[    5.383339]      scan-1136 get_device_data       : No context for object [ffff88040d83b5a0]
[    5.383537]      scan-1136 get_device_data       : No context for object [ffff88040d827550]
[    5.383735]     utils-0051 util_eval_error       : Evaluate [\_SB_.PCI0.EHC3._STA]: AE_NOT_FOUND
[    5.384023] device: 'device:21': device_add
[    5.384087] bus: 'acpi': add device device:21
[    5.384161]     utils-0051 util_eval_error       : Evaluate [\_SB_.PCI0.EHC3._SUN]: AE_NOT_FOUND
[    5.384369]      scan-1928 add_single_object     : Added device:21 [\_SB_.PCI0.EHC3] parent PNP0A08:00
[    5.384570]      scan-1136 get_device_data       : No context for object [ffff88040d827578]
[    5.384747]      scan-1136 get_device_data       : No context for object [ffff88040d8275a0]
[    5.384945]      scan-1136 get_device_data       : No context for object [ffff88040d83b2a8]
[    5.385139]     utils-0051 util_eval_error       : Evaluate [\_SB_.PCI0.EHC3.RHUB._STA]: AE_NOT_FOUND
[    5.385372] device: 'device:22': device_add
[    5.385435] bus: 'acpi': add device device:22
[    5.385511]     utils-0051 util_eval_error       : Evaluate [\_SB_.PCI0.EHC3.RHUB._SUN]: AE_NOT_FOUND
[    5.385718]      scan-1928 add_single_object     : Added device:22 [\_SB_.PCI0.EHC3.RHUB] parent device:21
[    5.385718]      scan-1136 get_device_data       : No context for object [ffff88040d83b2d0]
[    5.385718]      scan-1136 get_device_data       : No context for object [ffff88040d8275c8]
[    5.385718]     utils-0051 util_eval_error       : Evaluate [\_SB_.PCI0.OHC4._STA]: AE_NOT_FOUND
[    5.385718] device: 'device:23': device_add
[    5.385718] bus: 'acpi': add device device:23
[    5.385718]     utils-0051 util_eval_error       : Evaluate [\_SB_.PCI0.OHC4._SUN]: AE_NOT_FOUND
[    5.386715]      scan-1928 add_single_object     : Added device:23 [\_SB_.PCI0.OHC4] parent PNP0A08:00
[    5.386715]      scan-1136 get_device_data       : No context for object [ffff88040d8275f0]
[    5.386715]      scan-1136 get_device_data       : No context for object [ffff88040d827618]
[    5.386715]      scan-1136 get_device_data       : No context for object [ffff88040d827640]
[    5.386715]     utils-0051 util_eval_error       : Evaluate [\_SB_.PCI0.SBAZ._STA]: AE_NOT_FOUND
[    5.386715] device: 'device:24': device_add
[    5.386715] bus: 'acpi': add device device:24
[    5.386715]     utils-0051 util_eval_error       : Evaluate [\_SB_.PCI0.SBAZ._SUN]: AE_NOT_FOUND
[    5.386750]      scan-1928 add_single_object     : Added device:24 [\_SB_.PCI0.SBAZ] parent PNP0A08:00
[    5.386750]      scan-1136 get_device_data       : No context for object [ffff88040d827668]
[    5.386750]      scan-1136 get_device_data       : No context for object [ffff88040d827690]
[    5.386750]      scan-1136 get_device_data       : No context for object [ffff88040d8276b8]
[    5.386750]     utils-0051 util_eval_error       : Evaluate [\_SB_.PCI0.GEC_._STA]: AE_NOT_FOUND
[    5.390111] device: 'device:25': device_add
[    5.390175] bus: 'acpi': add device device:25
[    5.390252]     utils-0051 util_eval_error       : Evaluate [\_SB_.PCI0.GEC_._SUN]: AE_NOT_FOUND
[    5.390458]      scan-1928 add_single_object     : Added device:25 [\_SB_.PCI0.GEC_] parent PNP0A08:00
[    5.390639]      scan-1136 get_device_data       : No context for object [ffff88040d8276e0]
[    5.390832]      scan-1136 get_device_data       : No context for object [ffff88040d827708]
[    5.391026]      scan-1136 get_device_data       : No context for object [ffff88040d827730]
[    5.391224]      scan-1136 get_device_data       : No context for object [ffff88040d827758]
[    5.391421]      scan-1136 get_device_data       : No context for object [ffff88040d827780]
[    5.391601]      scan-1136 get_device_data       : No context for object [ffff88040d8277a8]
[    5.391798]      scan-1136 get_device_data       : No context for object [ffff88040d8277d0]
[    5.391994]      scan-1136 get_device_data       : No context for object [ffff88040d8277f8]
[    5.392187]      scan-1136 get_device_data       : No context for object [ffff88040d827820]
[    5.392387]     utils-0051 util_eval_error       : Evaluate [\_SB_.PCI0.SATA._STA]: AE_NOT_FOUND
[    5.392625] device: 'device:26': device_add
[    5.392722] bus: 'acpi': add device device:26
[    5.392797]     utils-0051 util_eval_error       : Evaluate [\_SB_.PCI0.SATA._SUN]: AE_NOT_FOUND
[    5.393003]      scan-1928 add_single_object     : Added device:26 [\_SB_.PCI0.SATA] parent PNP0A08:00
[    5.393203]      scan-1136 get_device_data       : No context for object [ffff88040d827848]
[    5.393203]      scan-1136 get_device_data       : No context for object [ffff88040d827870]
[    5.393203]      scan-1136 get_device_data       : No context for object [ffff88040d827898]
[    5.393203]      scan-1136 get_device_data       : No context for object [ffff88040d8278c0]
[    5.393203]      scan-1136 get_device_data       : No context for object [ffff88040d8278e8]
[    5.393203]      scan-1136 get_device_data       : No context for object [ffff88040d827910]
[    5.393203]      scan-1136 get_device_data       : No context for object [ffff88040d827938]
[    5.393203]      scan-1136 get_device_data       : No context for object [ffff88040d827960]
[    5.393203]      scan-1136 get_device_data       : No context for object [ffff88040d827988]
[    5.393203]      scan-1136 get_device_data       : No context for object [ffff88040d8279b0]
[    5.393203]      scan-1136 get_device_data       : No context for object [ffff88040d8279d8]
[    5.393203]      scan-1136 get_device_data       : No context for object [ffff88040d827a00]
[    5.393203]      scan-1136 get_device_data       : No context for object [ffff88040d827a28]
[    5.393203]      scan-1136 get_device_data       : No context for object [ffff88040d827a50]
[    5.393203]      scan-1136 get_device_data       : No context for object [ffff88040d827a78]
[    5.393203]      scan-1136 get_device_data       : No context for object [ffff88040d827aa0]
[    5.393203]      scan-1136 get_device_data       : No context for object [ffff88040d827ac8]
[    5.393262]      scan-1136 get_device_data       : No context for object [ffff88040d827af0]
[    5.393417]      scan-1136 get_device_data       : No context for object [ffff88040d827b18]
[    5.393596]      scan-1136 get_device_data       : No context for object [ffff88040d827b40]
[    5.393788]      scan-1136 get_device_data       : No context for object [ffff88040d827b68]
[    5.393987]      scan-1136 get_device_data       : No context for object [ffff88040d827b90]
[    5.394184]      scan-1136 get_device_data       : No context for object [ffff88040d827bb8]
[    5.394361]      scan-1136 get_device_data       : No context for object [ffff88040d827be0]
[    5.394558]      scan-1136 get_device_data       : No context for object [ffff88040d827c08]
[    5.394755]      scan-1136 get_device_data       : No context for object [ffff88040d827c30]
[    5.394951]      scan-1136 get_device_data       : No context for object [ffff88040d827c58]
[    5.395146]      scan-1136 get_device_data       : No context for object [ffff88040d827c80]
[    5.395335]      scan-1136 get_device_data       : No context for object [ffff88040d827ca8]
[    5.395533]      scan-1136 get_device_data       : No context for object [ffff88040d827cd0]
[    5.395730]      scan-1136 get_device_data       : No context for object [ffff88040d827cf8]
[    5.395927]      scan-1136 get_device_data       : No context for object [ffff88040d827d20]
[    5.396124]      scan-1136 get_device_data       : No context for object [ffff88040d827d48]
[    5.396317]      scan-1136 get_device_data       : No context for object [ffff88040d827d70]
[    5.396515]      scan-1136 get_device_data       : No context for object [ffff88040d827d98]
[    5.396669]      scan-1136 get_device_data       : No context for object [ffff88040d827dc0]
[    5.396867]      scan-1136 get_device_data       : No context for object [ffff88040d827de8]
[    5.397065]      scan-1136 get_device_data       : No context for object [ffff88040d827e10]
[    5.397261]      scan-1136 get_device_data       : No context for object [ffff88040d827e38]
[    5.397454]      scan-1136 get_device_data       : No context for object [ffff88040d827e60]
[    5.397651]      scan-1136 get_device_data       : No context for object [ffff88040d827e88]
[    5.397848]      scan-1136 get_device_data       : No context for object [ffff88040d827eb0]
[    5.398045]      scan-1136 get_device_data       : No context for object [ffff88040d827ed8]
[    5.398243]      scan-1136 get_device_data       : No context for object [ffff88040d827f00]
[    5.399456]      scan-1136 get_device_data       : No context for object [ffff88040d827f28]
