[    0.000000] Initializing cgroup subsys cpuset
[    0.000000] Initializing cgroup subsys cpu
[    0.000000] Initializing cgroup subsys cpuacct
[    0.000000] Linux version 3.16.0-1rc6-MANJARO (emacs@manji) (gcc version 4.9.0 20140604 (prerelease) (GCC) ) #2 SMP Fri Jul 25 07:54:24 CEST 2014
[    0.000000] Command line: BOOT_IMAGE=/vmlinuz-316-x86_64 root=UUID=bfa4ab6e-19a3-4601-ba2b-267c55841c73 rw cryptdevice=/dev/disk/by-uuid/70c08890-417a-497d-b6ab-c0d0357a63e2:cryptManjaro:allow-discards ipv6.disable=1 pnp.debug=1 loglevel=9 log_buf_len=10M printk.always_kmsg_dump=y printk.time=y mminit_loglevel=0 memory_corruption_check=1 fbcon=scrollback:4096k fbcon=font:ProFont6x11 acpi.debug_layer=0xfbff0000 acpi.debug_level=0xFFFFFFFD pnp.debug=1 radeonfb radeon.audio=0 radeon.lockup_timeout=0 radeon.test=0 radeon.agpmode=0 radeon.benchmark=0 radeon.tv=0 radeon.fastfb=1 radeon.hard_reset=1 radeon.aspm=1 radeon.dpm=1 radeon.msi=1 radeon.pcie_gen2=-1 radeon.no_wb=1 radeon.modeset=1 radeon.dynclks=1 radeon.r4xx_atom=0 radeon.runpm=0 nohz=on
[    0.000000] KERNEL supported cpus:
[    0.000000]   AMD AuthenticAMD
[    0.000000] e820: BIOS-provided physical RAM map:
[    0.000000] BIOS-e820: [mem 0x0000000000000000-0x000000000009d7ff] usable
[    0.000000] BIOS-e820: [mem 0x000000000009d800-0x000000000009ffff] reserved
[    0.000000] BIOS-e820: [mem 0x00000000000e0000-0x00000000000fffff] reserved
[    0.000000] BIOS-e820: [mem 0x0000000000100000-0x00000000bed9afff] usable
[    0.000000] BIOS-e820: [mem 0x00000000bed9b000-0x00000000bf39afff] reserved
[    0.000000] BIOS-e820: [mem 0x00000000bf39b000-0x00000000bf49afff] ACPI NVS
[    0.000000] BIOS-e820: [mem 0x00000000bf49b000-0x00000000bf51afff] ACPI data
[    0.000000] BIOS-e820: [mem 0x00000000bf51b000-0x00000000bfdfffff] usable
[    0.000000] BIOS-e820: [mem 0x00000000bfe00000-0x00000000bfffffff] reserved
[    0.000000] BIOS-e820: [mem 0x00000000fec00000-0x00000000fecfffff] reserved
[    0.000000] BIOS-e820: [mem 0x00000000fed80000-0x00000000fed80fff] reserved
[    0.000000] BIOS-e820: [mem 0x00000000ffe00000-0x00000000ffffffff] reserved
[    0.000000] BIOS-e820: [mem 0x0000000100000000-0x000000041effffff] usable
[    0.000000] NX (Execute Disable) protection: active
[    0.000000] SMBIOS 2.6 present.
[    0.000000] DMI: LENOVO Sabine/Torpedo, BIOS 54CN18WW 07/20/2011
[    0.000000] e820: update [mem 0x00000000-0x00000fff] usable ==> reserved
[    0.000000] e820: remove [mem 0x000a0000-0x000fffff] usable
[    0.000000] e820: last_pfn = 0x41f000 max_arch_pfn = 0x400000000
[    0.000000] MTRR default type: uncachable
[    0.000000] MTRR fixed ranges enabled:
[    0.000000]   00000-9FFFF write-back
[    0.000000]   A0000-BFFFF uncachable
[    0.000000]   C0000-FFFFF write-protect
[    0.000000] MTRR variable ranges enabled:
[    0.000000]   0 base 0000000000 mask FF80000000 write-back
[    0.000000]   1 base 0080000000 mask FFC0000000 write-back
[    0.000000]   2 base 00FFF90000 mask FFFFFF0000 uncachable
[    0.000000]   3 base 00FED80000 mask 0FFFFFF000 uncachable
[    0.000000]   4 disabled
[    0.000000]   5 disabled
[    0.000000]   6 disabled
[    0.000000]   7 base 00FFE00000 mask FFFFE00000 write-protect
[    0.000000] TOM2: 000000041f000000 aka 16880M
[    0.000000] mtrr: your BIOS has configured an incorrect mask, fixing it.
[    0.000000] e820: last_pfn = 0xbfe00 max_arch_pfn = 0x400000000
[    0.000000] found SMP MP-table at [mem 0x000fa8b0-0x000fa8bf] mapped at [ffff8800000fa8b0]
[    0.000000] Base memory trampoline at [ffff880000097000] 97000 size 24576
[    0.000000] Using GB pages for direct mapping
[    0.000000] init_memory_mapping: [mem 0x00000000-0x000fffff]
[    0.000000]  [mem 0x00000000-0x000fffff] page 4k
[    0.000000] BRK [0x02024000, 0x02024fff] PGTABLE
[    0.000000] BRK [0x02025000, 0x02025fff] PGTABLE
[    0.000000] BRK [0x02026000, 0x02026fff] PGTABLE
[    0.000000] init_memory_mapping: [mem 0x41ee00000-0x41effffff]
[    0.000000]  [mem 0x41ee00000-0x41effffff] page 2M
[    0.000000] BRK [0x02027000, 0x02027fff] PGTABLE
[    0.000000] init_memory_mapping: [mem 0x41c000000-0x41edfffff]
[    0.000000]  [mem 0x41c000000-0x41edfffff] page 2M
[    0.000000] init_memory_mapping: [mem 0x400000000-0x41bffffff]
[    0.000000]  [mem 0x400000000-0x41bffffff] page 2M
[    0.000000] init_memory_mapping: [mem 0x00100000-0xbed9afff]
[    0.000000]  [mem 0x00100000-0x001fffff] page 4k
[    0.000000]  [mem 0x00200000-0x3fffffff] page 2M
[    0.000000]  [mem 0x40000000-0x7fffffff] page 1G
[    0.000000]  [mem 0x80000000-0xbebfffff] page 2M
[    0.000000]  [mem 0xbec00000-0xbed9afff] page 4k
[    0.000000] init_memory_mapping: [mem 0xbf51b000-0xbfdfffff]
[    0.000000]  [mem 0xbf51b000-0xbf5fffff] page 4k
[    0.000000]  [mem 0xbf600000-0xbfdfffff] page 2M
[    0.000000] BRK [0x02028000, 0x02028fff] PGTABLE
[    0.000000] init_memory_mapping: [mem 0x100000000-0x3ffffffff]
[    0.000000]  [mem 0x100000000-0x3ffffffff] page 1G
[    0.000000] log_buf_len: 16777216
[    0.000000] early log buf free: 2092092(99%)
[    0.000000] RAMDISK: [mem 0x37856000-0x37c22fff]
[    0.000000] ACPI: Early table checksum verification disabled
[    0.000000] ACPI: RSDP 0x00000000000F0110 000024 (v02 LENOVO)
[    0.000000] ACPI: XSDT 0x00000000BF51A120 000074 (v01 LENOVO CB-01    00000001 LENO 00000001)
[    0.000000] ACPI: FACP 0x00000000BF508000 0000F4 (v04 LENOVO CB-01    00000001 PTL  00000001)
[    0.000000] ACPI: DSDT 0x00000000BF50A000 00FD10 (v01 LENOVO CB-01    00001000 LENO 00000001)
[    0.000000] ACPI: FACS 0x00000000BF478000 000040
[    0.000000] ACPI: HPET 0x00000000BF507000 000038 (v01 LENOVO CB-01    00000001 PTL  00000001)
[    0.000000] ACPI: APIC 0x00000000BF506000 00007A (v02 LENOVO CB-01    00000001 PTL  00000001)
[    0.000000] ACPI: MCFG 0x00000000BF505000 00003C (v01 LENOVO CB-01    00000001 PTL  00000001)
[    0.000000] ACPI: SLIC 0x00000000BF504000 000176 (v01 LENOVO CB-01    00000001 LENO 00000001)
[    0.000000] ACPI: UEFI 0x00000000BF503000 00003E (v01 LENOVO CB-01    00000001 PTL  00000001)
[    0.000000] ACPI: UEFI 0x00000000BF502000 000042 (v01 PTL    COMBUF   00000001 PTL  00000001)
[    0.000000] ACPI: SSDT 0x00000000BF501000 000E34 (v01 AMD    POWERNOW 00000001 AMD  00000001)
[    0.000000] ACPI: SSDT 0x00000000BF4FF000 00193D (v02 AMD    ALIB     00000001 MSFT 04000000)
[    0.000000] ACPI: UEFI 0x00000000BF4FE000 00021A (v01 LENOVO CB-01    00000001 PTL  00000001)
[    0.000000] ACPI: Local APIC address 0xfee00000
[    0.000000] No NUMA configuration found
[    0.000000] Faking a node at [mem 0x0000000000000000-0x000000041effffff]
[    0.000000] Initmem setup node 0 [mem 0x00000000-0x41effffff]
[    0.000000]   NODE_DATA [mem 0x41dffa000-0x41dffdfff]
[    0.000000]  [ffffea0000000000-ffffea00107fffff] PMD -> [ffff88040de00000-ffff88041d5fffff] on node 0
[    0.000000] Zone ranges:
[    0.000000]   DMA      [mem 0x00001000-0x00ffffff]
[    0.000000]   DMA32    [mem 0x01000000-0xffffffff]
[    0.000000]   Normal   [mem 0x100000000-0x41effffff]
[    0.000000] Movable zone start for each node
[    0.000000] Early memory node ranges
[    0.000000]   node   0: [mem 0x00001000-0x0009cfff]
[    0.000000]   node   0: [mem 0x00100000-0xbed9afff]
[    0.000000]   node   0: [mem 0xbf51b000-0xbfdfffff]
[    0.000000]   node   0: [mem 0x100000000-0x41effffff]
[    0.000000] On node 0 totalpages: 4056604
[    0.000000]   DMA zone: 64 pages used for memmap
[    0.000000]   DMA zone: 21 pages reserved
[    0.000000]   DMA zone: 3996 pages, LIFO batch:0
[    0.000000]   DMA32 zone: 12186 pages used for memmap
[    0.000000]   DMA32 zone: 779904 pages, LIFO batch:31
[    0.000000]   Normal zone: 51136 pages used for memmap
[    0.000000]   Normal zone: 3272704 pages, LIFO batch:31
[    0.000000] ACPI: PM-Timer IO Port: 0x808
[    0.000000] ACPI: Local APIC address 0xfee00000
[    0.000000] ACPI: LAPIC (acpi_id[0x00] lapic_id[0x00] enabled)
[    0.000000] ACPI: LAPIC (acpi_id[0x01] lapic_id[0x01] enabled)
[    0.000000] ACPI: LAPIC (acpi_id[0x02] lapic_id[0x02] enabled)
[    0.000000] ACPI: LAPIC (acpi_id[0x03] lapic_id[0x03] enabled)
[    0.000000] ACPI: LAPIC_NMI (acpi_id[0x00] high edge lint[0x1])
[    0.000000] ACPI: LAPIC_NMI (acpi_id[0x01] high edge lint[0x1])
[    0.000000] ACPI: LAPIC_NMI (acpi_id[0x02] high edge lint[0x1])
[    0.000000] ACPI: LAPIC_NMI (acpi_id[0x03] high edge lint[0x1])
[    0.000000] ACPI: IOAPIC (id[0x02] address[0xfec00000] gsi_base[0])
[    0.000000] IOAPIC[0]: apic_id 2, version 33, address 0xfec00000, GSI 0-23
[    0.000000] ACPI: INT_SRC_OVR (bus 0 bus_irq 0 global_irq 2 dfl dfl)
[    0.000000] ACPI: IRQ0 used by override.
[    0.000000] ACPI: IRQ2 used by override.
[    0.000000] ACPI: IRQ9 used by override.
[    0.000000] Using ACPI (MADT) for SMP configuration information
[    0.000000] ACPI: HPET id: 0x43538210 base: 0xfed00000
[    0.000000] smpboot: Allowing 4 CPUs, 0 hotplug CPUs
[    0.000000] nr_irqs_gsi: 40
[    0.000000] e820: [mem 0xc0000000-0xfebfffff] available for PCI devices
[    0.000000] setup_percpu: NR_CPUS:64 nr_cpumask_bits:64 nr_cpu_ids:4 nr_node_ids:1
[    0.000000] PERCPU: Embedded 27 pages/cpu @ffff88041dc00000 s80128 r8192 d22272 u524288
[    0.000000] pcpu-alloc: s80128 r8192 d22272 u524288 alloc=1*2097152
[    0.000000] pcpu-alloc: [0] 0 1 2 3 
[    0.000000] Built 1 zonelists in Zone order, mobility grouping on.  Total pages: 3993197
[    0.000000] Policy zone: Normal
[    0.000000] Kernel command line: BOOT_IMAGE=/vmlinuz-316-x86_64 root=UUID=bfa4ab6e-19a3-4601-ba2b-267c55841c73 rw cryptdevice=/dev/disk/by-uuid/70c08890-417a-497d-b6ab-c0d0357a63e2:cryptManjaro:allow-discards ipv6.disable=1 pnp.debug=1 loglevel=9 log_buf_len=10M printk.always_kmsg_dump=y printk.time=y mminit_loglevel=0 memory_corruption_check=1 fbcon=scrollback:4096k fbcon=font:ProFont6x11 acpi.debug_layer=0xfbff0000 acpi.debug_level=0xFFFFFFFD pnp.debug=1 radeonfb radeon.audio=0 radeon.lockup_timeout=0 radeon.test=0 radeon.agpmode=0 radeon.benchmark=0 radeon.tv=0 radeon.fastfb=1 radeon.hard_reset=1 radeon.aspm=1 radeon.dpm=1 radeon.msi=1 radeon.pcie_gen2=-1 radeon.no_wb=1 radeon.modeset=1 radeon.dynclks=1 radeon.r4xx_atom=0 radeon.runpm=0 nohz=on
[    0.000000] PID hash table entries: 4096 (order: 3, 32768 bytes)
[    0.000000] Memory: 15868884K/16226416K available (6414K kernel code, 771K rwdata, 2840K rodata, 848K init, 2592K bss, 357532K reserved)
[    0.000000] SLUB: HWalign=64, Order=0-3, MinObjects=0, CPUs=4, Nodes=1
[    0.000000] Hierarchical RCU implementation.
[    0.000000] 	RCU dyntick-idle grace-period acceleration is enabled.
[    0.000000] 	Additional per-CPU info printed with stalls.
[    0.000000] 	RCU restricting CPUs from NR_CPUS=64 to nr_cpu_ids=4.
[    0.000000] 	Offload RCU callbacks from all CPUs
[    0.000000] 	Offload RCU callbacks from CPUs: 0-3.
[    0.000000] RCU: Adjusting geometry for rcu_fanout_leaf=16, nr_cpu_ids=4
[    0.000000] NO_HZ: Full dynticks CPUs: 1-63.
[    0.000000] NR_IRQS:4352 nr_irqs:712 16
[    0.000000] spurious 8259A interrupt: IRQ7.
[    0.000000] Console: colour dummy device 80x25
[    0.000000] console [tty0] enabled
[    0.000000] allocated 65011712 bytes of page_cgroup
[    0.000000] please try 'cgroup_disable=memory' option if you don't want memory cgroups
[    0.000000] hpet clockevent registered
[    0.000000] tsc: Fast TSC calibration using PIT
[    0.000000] tsc: Detected 1397.437 MHz processor
[    0.000040] Calibrating delay loop (skipped), value calculated using timer frequency.. 2795.32 BogoMIPS (lpj=4658123)
[    0.000046] pid_max: default: 32768 minimum: 301
[    0.000055] ACPI: Core revision 20140424
[    0.016317] ACPI: All ACPI Tables successfully acquired
[    0.018181] Security Framework initialized
[    0.019614] Dentry cache hash table entries: 2097152 (order: 12, 16777216 bytes)
[    0.025695] Inode-cache hash table entries: 1048576 (order: 11, 8388608 bytes)
[    0.028387] Mount-cache hash table entries: 32768 (order: 6, 262144 bytes)
[    0.028421] Mountpoint-cache hash table entries: 32768 (order: 6, 262144 bytes)
[    0.028847] Initializing cgroup subsys memory
[    0.028874] Initializing cgroup subsys devices
[    0.028882] Initializing cgroup subsys freezer
[    0.028886] Initializing cgroup subsys blkio
[    0.028912] tseg: 00bfe00000
[    0.028916] CPU: Physical Processor ID: 0
[    0.028918] CPU: Processor Core ID: 0
[    0.028920] mce: CPU supports 6 MCE banks
[    0.028931] Last level iTLB entries: 4KB 512, 2MB 16, 4MB 8
Last level dTLB entries: 4KB 1024, 2MB 128, 4MB 64, 1GB 0
tlb_flushall_shift: 6
[    0.029089] Freeing SMP alternatives memory: 20K (ffffffff81d96000 - ffffffff81d9b000)
[    0.029585] ..TIMER: vector=0x30 apic1=0 pin1=2 apic2=-1 pin2=-1
[    0.062651] smpboot: CPU0: AMD A6-3400M APU with Radeon(tm) HD Graphics (fam: 12, model: 01, stepping: 00)
[    0.167659] Performance Events: AMD PMU driver.
[    0.167664] ... version:                0
[    0.167667] ... bit width:              48
[    0.167669] ... generic registers:      4
[    0.167671] ... value mask:             0000ffffffffffff
[    0.167673] ... max period:             00007fffffffffff
[    0.167675] ... fixed-purpose events:   0
[    0.167677] ... event mask:             000000000000000f
[    0.168112] MCE: In-kernel MCE decoding enabled.
[    0.168198] NMI watchdog: enabled on all CPUs, permanently consumes one hw-PMU counter.
[    0.168309] x86: Booting SMP configuration:
[    0.168313] .... node  #0, CPUs:      #1
[    5.652224] smpboot: CPU1: Not responding
[    5.652247] smpboot: do_boot_cpu failed(1) to wakeup CPU#1
[    5.652349]  #2
[    5.665565] TSC synchronization [CPU#0 -> CPU#2]:
[    5.665569] Measured 181816700 cycles TSC warp between CPUs, turning off TSC clock.
[    5.665574] tsc: Marking TSC unstable due to check_tsc_sync_source failed
[    5.665694]  #3
[    5.676878] x86: Booted up 1 node, 3 CPUs
[    5.676885] smpboot: Total of 3 processors activated (8387.98 BogoMIPS)
[    5.156758] devtmpfs: initialized
[    5.156758] device: 'platform': device_add
[    5.156759] bus: 'platform': registered
[    5.156772] bus: 'cpu': registered
[    5.156777] device: 'cpu': device_add
[    5.156808] bus: 'container': registered
[    5.156812] device: 'container': device_add
[    5.157174] bus: 'workqueue': registered
[    5.157174] device: 'workqueue': device_add
[    5.157174] kworker/u8:0 (39) used greatest stack depth: 15088 bytes left
[    5.157238] atomic64_test: passed for x86-64 platform with CX8 and with SSE
[    5.157249] device class 'regulator': registering
[    5.157306] Registering platform device 'reg-dummy'. Parent at platform
[    5.157311] device: 'reg-dummy': device_add
[    5.157317] bus: 'platform': add device reg-dummy
[    5.157349] bus: 'platform': add driver reg-dummy
[    5.157357] bus: 'platform': driver_probe_device: matched device reg-dummy with driver reg-dummy
[    5.157363] bus: 'platform': really_probe: probing driver reg-dummy with device reg-dummy
[    5.157375] device: 'regulator.0': device_add
[    5.157409] regulator-dummy: no parameters
[    5.157424] driver: 'reg-dummy': driver_bound: bound to device 'reg-dummy'
[    5.157429] bus: 'platform': really_probe: bound device reg-dummy to driver reg-dummy
[    5.157520] NET: Registered protocol family 16
[    5.157404] kworker/u8:0 (43) used greatest stack depth: 14968 bytes left
[    5.157733] device class 'bdi': registering
[    5.157733] bus: 'platform': add driver ramoops
[    5.157733] device class 'pci_bus': registering
[    5.157733] bus: 'pci': registered
[    5.157733] device class 'backlight': registering
[    5.157733] device class 'tty': registering
[    5.157733] device class 'vtconsole': registering
[    5.157733] device: 'vtcon0': device_add
[    5.157733] bus: 'node': registered
[    5.157733] device: 'node': device_add
[    5.157733] bus: 'i2c': registered
[    5.157733] bus: 'i2c': add driver dummy
[    5.157733] i2c-core: driver [dummy] registered
[    5.157733] cpuidle: using governor ladder
[    5.157733] cpuidle: using governor menu
[    5.157733] ACPI FADT declares the system doesn't support PCIe ASPM, so disable it
[    5.157733] ACPI: bus type PCI registered
[    5.157733] acpiphp: ACPI Hot Plug PCI Controller Driver version: 0.5
[    5.157733] device class 'dmi': registering
[    5.157733] device: 'id': device_add
[    5.157733] PCI: MMCONFIG for domain 0000 [bus 00-3f] at [mem 0xf8000000-0xfbffffff] (base 0xf8000000)
[    5.157733] PCI: not using MMCONFIG
[    5.157733] PCI: Using configuration type 1 for base access
[    5.157733] PCI: Using configuration type 1 for extended access
[    5.157866] device: 'node0': device_add
[    5.157873] bus: 'node': add device node0
[    5.157905] device: 'cpu0': device_add
[    5.157911] bus: 'cpu': add device cpu0
[    5.157954] device: 'cpu1': device_add
[    5.157961] bus: 'cpu': add device cpu1
[    5.158001] device: 'cpu2': device_add
[    5.158010] bus: 'cpu': add device cpu2
[    5.158050] device: 'cpu3': device_add
[    5.158057] bus: 'cpu': add device cpu3
[    5.160000] mtrr: your CPUs had inconsistent variable MTRR settings
[    5.160000] mtrr: probably your BIOS does not setup all CPUs.
[    5.160000] mtrr: corrected configuration.
[    5.160038] kworker/u8:0 (73) used greatest stack depth: 14160 bytes left
[    5.176728] device: 'writeback': device_add
[    5.176728] bus: 'workqueue': add device writeback
[    5.176781] device: 'default': device_add
[    5.176901] device class 'block': registering
[    5.176901] device class 'graphics': registering
[    5.176901] ACPI: Added _OSI(Module Device)
[    5.176901] ACPI: Added _OSI(Processor Device)
[    5.176901] ACPI: Added _OSI(3.0 _SCP Extensions)
[    5.176901] ACPI: Added _OSI(Processor Aggregator Device)
[    5.180011] 
**** Context Switch from TID 4294967295 to TID 137625600 ****

[    5.180011]     utils-0051 util_eval_error       : Evaluate [\_SB_.PCI0.LPC0.EC0_._GLK]: AE_NOT_FOUND
[    5.180011] Executing  Method       \_SB_.PCI0.LPC0.EC0_._REG
[    5.180011] Executing  Method       \_SB_.PCI0.LPC0.EC0_._REG
[    5.180011] Executing  Method       \_SB_.PCI0.LPC0.EC0_._REG
[    5.180011] Executing  Method       \_SB_.PCI0.LPC0.EC0_._REG
[    5.182366] Initializing Region       \_SB_.OSTY
[    5.182399] Initializing Region       \_SB_.PCI0.NBMS
[    5.182419] Initializing Region       \_SB_.PCI0.NBXP
[    5.182441] Initializing Region       \_SB_.PCI0.K8ST
[    5.182501] Initializing Region       \_SB_.PCI0.BAR1
[    5.182534] Initializing Region       \_SB_.PCI0.PB2_.XPEX
[    5.182553] Initializing Region       \_SB_.PCI0.PB2_.PCFG
[    5.182573] Initializing Region       \_SB_.PCI0.PB2_.XPCB
[    5.182593] Initializing Region       \_SB_.PCI0.PB2_.XPRI
[    5.182617] Initializing Region       \_SB_.PCI0.PB2_.VGA_.PCFG
[    5.182701] Initializing Region       \_SB_.PCI0.PB2_.HDAU.PCFG
[    5.182735] Initializing Region       \_SB_.PCI0.PB3_.XPEX
[    5.182754] Initializing Region       \_SB_.PCI0.PB3_.PCFG
[    5.182773] Initializing Region       \_SB_.PCI0.PB3_.XPCB
[    5.182794] Initializing Region       \_SB_.PCI0.PB3_.XPRI
[    5.182815] Initializing Region       \_SB_.PCI0.PB3_.VGA_.PCFG
[    5.182870] Initializing Region       \_SB_.PCI0.PB3_.HDAU.PCFG
[    5.182890] Initializing Region       \_SB_.PCI0.PB4_.XPEX
[    5.182902] Initializing Region       \_SB_.PCI0.PB4_.PCFG
[    5.182914] Initializing Region       \_SB_.PCI0.PB4_.XPCB
[    5.182926] Initializing Region       \_SB_.PCI0.PB4_.XPRI
[    5.182941] Initializing Region       \_SB_.PCI0.PB4_.XPDV.PCFG
[    5.182961] Initializing Region       \_SB_.PCI0.PB5_.XPEX
[    5.182973] Initializing Region       \_SB_.PCI0.PB5_.PCFG
[    5.182985] Initializing Region       \_SB_.PCI0.PB5_.XPCB
[    5.182997] Initializing Region       \_SB_.PCI0.PB5_.XPRI
[    5.183017] Initializing Region       \_SB_.PCI0.PB5_.XPDV.PCFG
[    5.183051] Initializing Region       \_SB_.PCI0.PB6_.XPEX
[    5.183070] Initializing Region       \_SB_.PCI0.PB6_.PCFG
[    5.183089] Initializing Region       \_SB_.PCI0.PB6_.XPCB
[    5.183110] Initializing Region       \_SB_.PCI0.PB6_.XPRI
[    5.183133] Initializing Region       \_SB_.PCI0.PB6_.XPDV.PCFG
[    5.183166] Initializing Region       \_SB_.PCI0.PB7_.XPEX
[    5.183185] Initializing Region       \_SB_.PCI0.PB7_.PCFG
[    5.183205] Initializing Region       \_SB_.PCI0.PB7_.XPCB
[    5.183225] Initializing Region       \_SB_.PCI0.PB7_.XPRI
[    5.183248] Initializing Region       \_SB_.PCI0.PB7_.XPDV.PCFG
[    5.183553] Initializing Region       \_SB_.PCI0.SATC
[    5.183573] Initializing Region       \_SB_.PCI0.RMEM
[    5.183669] Initializing Region       \_SB_.PCI0.SATA.SATX
[    5.183695] Initializing Region       \_SB_.PCI0.SATA.BAR5
[    5.210229] Initializing Region       \_SB_.PCI0.SMB_.SBRV
[    5.210253] Initializing Region       \_SB_.PCI0.SMB_.PMIO
[    5.210266] Initializing Region       \_SB_.PCI0.SMB_.ERMM
[    5.210410] Initializing Region       \_SB_.PCI0.SMB_.P1E0
[    5.210484] Initializing Region       \_SB_.PCI0.SMB_.ABIO
[    5.210505] Initializing Region       \_SB_.PCI0.SMB_.SMB0
[    5.210530] Initializing Region       \_SB_.PCI0.LPC0.PIRQ
[    5.210605] Initializing Region       \_SB_.PCI0.LPC0.LPCR
[    5.210716] Initializing Region       \_SB_.PCI0.LPC0.LPCS
[    5.210748] Initializing Region       \_SB_.PCI0.LPC0.SMI0
[    5.210767] Initializing Region       \_SB_.PCI0.LPC0.SMI1
[    5.210794] Initializing Region       \_SB_.PCI0.LPC0.EC0_.ECO1
[    5.210813] Initializing Region       \_SB_.PCI0.LPC0.EC0_.ECO2
[    5.210832] Initializing Region       \_SB_.PCI0.LPC0.EC0_.ECMB
[    5.210851] Initializing Region       \_SB_.PCI0.LPC0.EC0_.RAM_
[    5.210983] Initializing Region       \_SB_.PCI0.LPC0.EC0_.CMOS
[    5.211027] Initializing Region       \_SB_.PCI0.LPC0.EC0_.VPC0.ERAM
[    5.211104] Initializing Region       \_SB_.PCI0.SPB0.PCFG
[    5.211124] Initializing Region       \_SB_.PCI0.SPB0.XPCB
[    5.211147] Initializing Region       \_SB_.PCI0.SPB0.XPDV.PCFG
[    5.211181] Initializing Region       \_SB_.PCI0.SPB1.PCFG
[    5.211201] Initializing Region       \_SB_.PCI0.SPB1.XPCB
[    5.211224] Initializing Region       \_SB_.PCI0.SPB1.XPDV.PCFG
[    5.211257] Initializing Region       \_SB_.PCI0.SPB2.PCFG
[    5.211276] Initializing Region       \_SB_.PCI0.SPB2.XPCB
[    5.211300] Initializing Region       \_SB_.PCI0.SPB2.XPDV.PCFG
[    5.211333] Initializing Region       \_SB_.PCI0.SPB3.PCFG
[    5.211353] Initializing Region       \_SB_.PCI0.SPB3.XPCB
[    5.211376] Initializing Region       \_SB_.PCI0.SPB3.XPDV.PCFG
[    5.211527] Initializing Region       \_SB_.PCI0.VGA_.REVD
[    5.211691] Initializing BufferField  \_SB_.AMW0.WLID
[    5.212170] Initializing Region       \DEB2
[    5.212191] Initializing Region       \PMIO
[    5.212210] Initializing Region       \P01_
[    5.212256] Initializing Region       \CNVS
[    5.212288] Initializing Region       \SPRT
[    5.212327] Initializing Region       \CMIO
[    5.212492] Executing  Method       \_SB_._STA
[    5.212501] Executing  Method       \_SB_._INI
[    5.212509] Executing  Method       \_SB_.PCI0._STA
[    5.212516] Executing  Method       \_SB_.PCI0._INI
[    5.212745] [Firmware Bug]: ACPI: BIOS _OSI(Linux) query ignored
[    5.213362] Executing  Method       \_SB_.PCI0.SATA._STA
[    5.213372] Executing  Method       \_SB_.PCI0.SATA._INI
[    5.214257] Executing  Method       \_SB_.PCI0.LPC0.EC0_._REG
[    5.240123] ACPI: Interpreter enabled
[    5.240147] ACPI: (supports S0 S5)
[    5.240152] ACPI: Using IOAPIC for interrupt routing
[    5.240474] PCI: MMCONFIG for domain 0000 [bus 00-3f] at [mem 0xf8000000-0xfbffffff] (base 0xf8000000)
[    5.241196] PCI: MMCONFIG at [mem 0xf8000000-0xfbffffff] reserved in ACPI motherboard resources
[    5.241357] bus: 'acpi': registered
[    5.241366] PCI: Using host bridge windows from ACPI; if necessary, use "pci=nocrs" and report a bug
[    5.241383]      scan-1133 get_device_data       : No context for object [ffffffffffffffff]
[    5.241399]     utils-0051 util_eval_error       : Evaluate [\._STA]: AE_NOT_FOUND
[    5.241424] device: 'LNXSYSTM:00': device_add
[    5.241433] bus: 'acpi': add device LNXSYSTM:00
[    5.241459]     utils-0051 util_eval_error       : Evaluate [\._SUN]: AE_NOT_FOUND
[    5.241479]      scan-1922 add_single_object     : Added LNXSYSTM:00 [\] parent (null)
[    5.241497]      scan-1133 get_device_data       : No context for object [ffff88040d81d000]
[    5.241505]      scan-1133 get_device_data       : No context for object [ffff88040d8377d0]
[    5.241512]      scan-1133 get_device_data       : No context for object [ffff88040d8377f8]
[    5.241519]      scan-1133 get_device_data       : No context for object [ffff88040d837820]
[    5.241526]      scan-1133 get_device_data       : No context for object [ffff88040d837848]
[    5.241532]      scan-1133 get_device_data       : No context for object [ffff88040d837870]
[    5.241539]      scan-1133 get_device_data       : No context for object [ffff88040d837898]
[    5.241545]      scan-1133 get_device_data       : No context for object [ffff88040d8378c0]
[    5.241552]      scan-1133 get_device_data       : No context for object [ffff88040d8378e8]
[    5.241558]      scan-1133 get_device_data       : No context for object [ffff88040d839398]
[    5.241565]      scan-1133 get_device_data       : No context for object [ffff88040d81d028]
[    5.241571]      scan-1133 get_device_data       : No context for object [ffff88040d81d168]
[    5.241579]     utils-0051 util_eval_error       : Evaluate [\_PR_.C000._STA]: AE_NOT_FOUND
[    5.241587]      scan-1133 get_device_data       : No context for object [ffff88040d81d028]
[    5.241602] device: 'LNXCPU:00': device_add
[    5.241609] bus: 'acpi': add device LNXCPU:00
[    5.241630]     utils-0051 util_eval_error       : Evaluate [\_PR_.C000._SUN]: AE_NOT_FOUND
[    5.241641]      scan-1922 add_single_object     : Added LNXCPU:00 [\_PR_.C000] parent LNXSYSTM:00
[    5.241648]      scan-1133 get_device_data       : No context for object [ffff88040d83c398]
[    5.241652]      scan-1133 get_device_data       : No context for object [ffff88040d83c3c0]
[    5.241656]      scan-1133 get_device_data       : No context for object [ffff88040d83c3e8]
[    5.241660]      scan-1133 get_device_data       : No context for object [ffff88040d83c410]
[    5.241665]      scan-1133 get_device_data       : No context for object [ffff88040d83c438]
[    5.241669]      scan-1133 get_device_data       : No context for object [ffff88040d83c460]
[    5.241673]      scan-1133 get_device_data       : No context for object [ffff88040d81d190]
[    5.241679]     utils-0051 util_eval_error       : Evaluate [\_PR_.C001._STA]: AE_NOT_FOUND
[    5.241684]      scan-1133 get_device_data       : No context for object [ffff88040d81d028]
[    5.241693] device: 'LNXCPU:01': device_add
[    5.241697] bus: 'acpi': add device LNXCPU:01
[    5.241708]     utils-0051 util_eval_error       : Evaluate [\_PR_.C001._SUN]: AE_NOT_FOUND
[    5.241710]      scan-1922 add_single_object     : Added LNXCPU:01 [\_PR_.C001] parent LNXSYSTM:00
[    5.241710]      scan-1133 get_device_data       : No context for object [ffff88040d83c488]
[    5.241710]      scan-1133 get_device_data       : No context for object [ffff88040d83c4b0]
[    5.241710]      scan-1133 get_device_data       : No context for object [ffff88040d83c4d8]
[    5.241710]      scan-1133 get_device_data       : No context for object [ffff88040d83c500]
[    5.241710]      scan-1133 get_device_data       : No context for object [ffff88040d83c528]
[    5.241710]      scan-1133 get_device_data       : No context for object [ffff88040d83c550]
[    5.241710]      scan-1133 get_device_data       : No context for object [ffff88040d81d1b8]
[    5.241710]     utils-0051 util_eval_error       : Evaluate [\_PR_.C002._STA]: AE_NOT_FOUND
[    5.241710]      scan-1133 get_device_data       : No context for object [ffff88040d81d028]
[    5.241710] device: 'LNXCPU:02': device_add
[    5.241710] bus: 'acpi': add device LNXCPU:02
[    5.241710]     utils-0051 util_eval_error       : Evaluate [\_PR_.C002._SUN]: AE_NOT_FOUND
[    5.241710]      scan-1922 add_single_object     : Added LNXCPU:02 [\_PR_.C002] parent LNXSYSTM:00
[    5.241710]      scan-1133 get_device_data       : No context for object [ffff88040d83c578]
[    5.241710]      scan-1133 get_device_data       : No context for object [ffff88040d83c5a0]
[    5.241710]      scan-1133 get_device_data       : No context for object [ffff88040d83c5c8]
[    5.241710]      scan-1133 get_device_data       : No context for object [ffff88040d83c5f0]
[    5.241710]      scan-1133 get_device_data       : No context for object [ffff88040d83c618]
[    5.241710]      scan-1133 get_device_data       : No context for object [ffff88040d83c640]
[    5.241710]      scan-1133 get_device_data       : No context for object [ffff88040d81d1e0]
[    5.241710]     utils-0051 util_eval_error       : Evaluate [\_PR_.C003._STA]: AE_NOT_FOUND
[    5.241710]      scan-1133 get_device_data       : No context for object [ffff88040d81d028]
[    5.241710] device: 'LNXCPU:03': device_add
[    5.241710] bus: 'acpi': add device LNXCPU:03
[    5.241710]     utils-0051 util_eval_error       : Evaluate [\_PR_.C003._SUN]: AE_NOT_FOUND
[    5.241710]      scan-1922 add_single_object     : Added LNXCPU:03 [\_PR_.C003] parent LNXSYSTM:00
[    5.241710]      scan-1133 get_device_data       : No context for object [ffff88040d83c668]
[    5.241710]      scan-1133 get_device_data       : No context for object [ffff88040d83c690]
[    5.241710]      scan-1133 get_device_data       : No context for object [ffff88040d83c6b8]
[    5.241710]      scan-1133 get_device_data       : No context for object [ffff88040d83c6e0]
[    5.241710]      scan-1133 get_device_data       : No context for object [ffff88040d83c708]
[    5.241710]      scan-1133 get_device_data       : No context for object [ffff88040d83c730]
[    5.241710]      scan-1133 get_device_data       : No context for object [ffff88040d81d050]
[    5.241710]     utils-0051 util_eval_error       : Evaluate [\_SB_._STA]: AE_NOT_FOUND
[    5.241710] device: 'LNXSYBUS:00': device_add
[    5.241710] bus: 'acpi': add device LNXSYBUS:00
[    5.241710]     utils-0051 util_eval_error       : Evaluate [\_SB_._SUN]: AE_NOT_FOUND
[    5.241710]      scan-1922 add_single_object     : Added LNXSYBUS:00 [\_SB_] parent LNXSYSTM:00
[    5.241710]      scan-1133 get_device_data       : No context for object [ffff88040d81d3c0]
[    5.241710]      scan-1133 get_device_data       : No context for object [ffff88040d81d3e8]
[    5.241710]      scan-1133 get_device_data       : No context for object [ffff88040d81d410]
[    5.241710]      scan-1133 get_device_data       : No context for object [ffff88040d81d438]
[    5.241710]      scan-1133 get_device_data       : No context for object [ffff88040d81d460]
[    5.241710]      scan-1133 get_device_data       : No context for object [ffff88040d81d488]
[    5.241710]      scan-1133 get_device_data       : No context for object [ffff88040d81d4b0]
[    5.241710]      scan-1133 get_device_data       : No context for object [ffff88040d81d5a0]
[    5.241710]     utils-0051 util_eval_error       : Evaluate [\_SB_.PWRB._STA]: AE_NOT_FOUND
[    5.241710] device: 'PNP0C0C:00': device_add
[    5.241710] bus: 'acpi': add device PNP0C0C:00
[    5.241710]     utils-0051 util_eval_error       : Evaluate [\_SB_.PWRB._SUN]: AE_NOT_FOUND
[    5.241710]      scan-1922 add_single_object     : Added PNP0C0C:00 [\_SB_.PWRB] parent LNXSYBUS:00
[    5.241710]      scan-1133 get_device_data       : No context for object [ffff88040d81d5c8]
[    5.241710]      scan-1133 get_device_data       : No context for object [ffff88040d81d5f0]
[    5.241710]     utils-0051 util_eval_error       : Evaluate [\_SB_.PCI0._STA]: AE_NOT_FOUND
[    5.241710] device: 'PNP0A08:00': device_add
[    5.241710] bus: 'acpi': add device PNP0A08:00
[    5.241710]     utils-0051 util_eval_error       : Evaluate [\_SB_.PCI0._SUN]: AE_NOT_FOUND
[    5.241710]      scan-1922 add_single_object     : Added PNP0A08:00 [\_SB_.PCI0] parent LNXSYBUS:00
[    5.241710]      scan-1133 get_device_data       : No context for object [ffff88040d81d618]
[    5.241710]      scan-1133 get_device_data       : No context for object [ffff88040d81d640]
[    5.241710]      scan-1133 get_device_data       : No context for object [ffff88040d81d668]
[    5.241710]      scan-1133 get_device_data       : No context for object [ffff88040d81d690]
[    5.241710]      scan-1133 get_device_data       : No context for object [ffff88040d81d6b8]
[    5.241710]      scan-1133 get_device_data       : No context for object [ffff88040d81d6e0]
[    5.241710]      scan-1133 get_device_data       : No context for object [ffff88040d81d708]
[    5.241710]      scan-1133 get_device_data       : No context for object [ffff88040d81d730]
[    5.241710]      scan-1133 get_device_data       : No context for object [ffff88040d81d758]
[    5.241710]      scan-1133 get_device_data       : No context for object [ffff88040d81d780]
[    5.241710]      scan-1133 get_device_data       : No context for object [ffff88040d81d7a8]
[    5.241710]      scan-1133 get_device_data       : No context for object [ffff88040d81d7d0]
[    5.241710]      scan-1133 get_device_data       : No context for object [ffff88040d81d7f8]
[    5.241710]      scan-1133 get_device_data       : No context for object [ffff88040d81d820]
[    5.241710]      scan-1133 get_device_data       : No context for object [ffff88040d81d848]
[    5.241710]      scan-1133 get_device_data       : No context for object [ffff88040d81d870]
[    5.241710]      scan-1133 get_device_data       : No context for object [ffff88040d81d898]
[    5.241710]      scan-1133 get_device_data       : No context for object [ffff88040d81d8c0]
[    5.241710]      scan-1133 get_device_data       : No context for object [ffff88040d81d8e8]
[    5.241710]      scan-1133 get_device_data       : No context for object [ffff88040d81d910]
[    5.241710]      scan-1133 get_device_data       : No context for object [ffff88040d81d938]
[    5.241710]      scan-1133 get_device_data       : No context for object [ffff88040d81d960]
[    5.241710]      scan-1133 get_device_data       : No context for object [ffff88040d81d988]
[    5.241710]      scan-1133 get_device_data       : No context for object [ffff88040d81d9b0]
[    5.241710]      scan-1133 get_device_data       : No context for object [ffff88040d81d9d8]
[    5.241710]      scan-1133 get_device_data       : No context for object [ffff88040d81da00]
[    5.241710]      scan-1133 get_device_data       : No context for object [ffff88040d81da28]
[    5.241710]      scan-1133 get_device_data       : No context for object [ffff88040d81da50]
[    5.241710]      scan-1133 get_device_data       : No context for object [ffff88040d81da78]
[    5.241710]      scan-1133 get_device_data       : No context for object [ffff88040d81daa0]
[    5.241710]      scan-1133 get_device_data       : No context for object [ffff88040d81dac8]
[    5.241710]      scan-1133 get_device_data       : No context for object [ffff88040d81daf0]
[    5.241710]      scan-1133 get_device_data       : No context for object [ffff88040d81db18]
[    5.241710]      scan-1133 get_device_data       : No context for object [ffff88040d81db40]
[    5.241710]      scan-1133 get_device_data       : No context for object [ffff88040d81db68]
[    5.241710]      scan-1133 get_device_data       : No context for object [ffff88040d81db90]
[    5.241710]      scan-1133 get_device_data       : No context for object [ffff88040d81dbb8]
[    5.241710]      scan-1133 get_device_data       : No context for object [ffff88040d81dbe0]
[    5.241710]      scan-1133 get_device_data       : No context for object [ffff88040d81dc08]
[    5.241710]      scan-1133 get_device_data       : No context for object [ffff88040d81dc30]
[    5.241710]      scan-1133 get_device_data       : No context for object [ffff88040d81dc58]
[    5.241710]      scan-1133 get_device_data       : No context for object [ffff88040d81dc80]
[    5.241710]      scan-1133 get_device_data       : No context for object [ffff88040d81dca8]
[    5.241710]      scan-1133 get_device_data       : No context for object [ffff88040d81dcd0]
[    5.241710]      scan-1133 get_device_data       : No context for object [ffff88040d81dcf8]
[    5.241710]      scan-1133 get_device_data       : No context for object [ffff88040d81dd20]
[    5.241710]      scan-1133 get_device_data       : No context for object [ffff88040d81dd48]
[    5.241710]      scan-1133 get_device_data       : No context for object [ffff88040d81dd70]
[    5.241710]      scan-1133 get_device_data       : No context for object [ffff88040d81dd98]
[    5.241710]      scan-1133 get_device_data       : No context for object [ffff88040d81ddc0]
[    5.241710]      scan-1133 get_device_data       : No context for object [ffff88040d81dde8]
[    5.241710]      scan-1133 get_device_data       : No context for object [ffff88040d81de10]
[    5.241710]      scan-1133 get_device_data       : No context for object [ffff88040d81de38]
[    5.241710]      scan-1133 get_device_data       : No context for object [ffff88040d81de60]
[    5.241710]      scan-1133 get_device_data       : No context for object [ffff88040d81de88]
[    5.241710]      scan-1133 get_device_data       : No context for object [ffff88040d81deb0]
[    5.241710]      scan-1133 get_device_data       : No context for object [ffff88040d81ded8]
[    5.241710]      scan-1133 get_device_data       : No context for object [ffff88040d81df00]
[    5.241710]      scan-1133 get_device_data       : No context for object [ffff88040d81df28]
[    5.241710]      scan-1133 get_device_data       : No context for object [ffff88040d81df50]
[    5.241710]      scan-1133 get_device_data       : No context for object [ffff88040d81df78]
[    5.241710]      scan-1133 get_device_data       : No context for object [ffff88040d81dfa0]
[    5.241710]      scan-1133 get_device_data       : No context for object [ffff88040d81dfc8]
[    5.241710]      scan-1133 get_device_data       : No context for object [ffff88040d822000]
[    5.241710]      scan-1133 get_device_data       : No context for object [ffff88040d822028]
[    5.241710]     utils-0051 util_eval_error       : Evaluate [\_SB_.PCI0.MEMR._STA]: AE_NOT_FOUND
[    5.241710] device: 'PNP0C02:00': device_add
[    5.241710] bus: 'acpi': add device PNP0C02:00
[    5.241710]     utils-0051 util_eval_error       : Evaluate [\_SB_.PCI0.MEMR._SUN]: AE_NOT_FOUND
[    5.241710]      scan-1922 add_single_object     : Added PNP0C02:00 [\_SB_.PCI0.MEMR] parent PNP0A08:00
[    5.241710]      scan-1133 get_device_data       : No context for object [ffff88040d822050]
[    5.241710]      scan-1133 get_device_data       : No context for object [ffff88040d822078]
[    5.241710]      scan-1133 get_device_data       : No context for object [ffff88040d8220a0]
[    5.241710]      scan-1133 get_device_data       : No context for object [ffff88040d8220c8]
[    5.241710]      scan-1133 get_device_data       : No context for object [ffff88040d8220f0]
[    5.241710]      scan-1133 get_device_data       : No context for object [ffff88040d822118]
[    5.241710]      scan-1133 get_device_data       : No context for object [ffff88040d822140]
[    5.241710]      scan-1133 get_device_data       : No context for object [ffff88040d822168]
[    5.241710]      scan-1133 get_device_data       : No context for object [ffff88040d822190]
[    5.241710]      scan-1133 get_device_data       : No context for object [ffff88040d8221b8]
[    5.241710]      scan-1133 get_device_data       : No context for object [ffff88040d8221e0]
[    5.241710]      scan-1133 get_device_data       : No context for object [ffff88040d822208]
[    5.241710]      scan-1133 get_device_data       : No context for object [ffff88040d822230]
[    5.241710]      scan-1133 get_device_data       : No context for object [ffff88040d822258]
[    5.241710]      scan-1133 get_device_data       : No context for object [ffff88040d822280]
[    5.241710]      scan-1133 get_device_data       : No context for object [ffff88040d8222a8]
[    5.241710]     utils-0051 util_eval_error       : Evaluate [\_SB_.PCI0.PB2_._STA]: AE_NOT_FOUND
[    5.241710] device: 'device:00': device_add
[    5.241710] bus: 'acpi': add device device:00
[    5.241710]     utils-0051 util_eval_error       : Evaluate [\_SB_.PCI0.PB2_._SUN]: AE_NOT_FOUND
[    5.241710]      scan-1922 add_single_object     : Added device:00 [\_SB_.PCI0.PB2_] parent PNP0A08:00
[    5.241710]      scan-1133 get_device_data       : No context for object [ffff88040d8222d0]
[    5.241710]      scan-1133 get_device_data       : No context for object [ffff88040d8222f8]
[    5.241710]      scan-1133 get_device_data       : No context for object [ffff88040d822320]
[    5.241710]      scan-1133 get_device_data       : No context for object [ffff88040d822348]
[    5.241710]      scan-1133 get_device_data       : No context for object [ffff88040d822370]
[    5.241710]      scan-1133 get_device_data       : No context for object [ffff88040d822398]
[    5.241710]      scan-1133 get_device_data       : No context for object [ffff88040d8223c0]
[    5.241710]      scan-1133 get_device_data       : No context for object [ffff88040d8223e8]
[    5.241710]      scan-1133 get_device_data       : No context for object [ffff88040d822410]
[    5.241710]      scan-1133 get_device_data       : No context for object [ffff88040d822438]
[    5.241710]      scan-1133 get_device_data       : No context for object [ffff88040d822460]
[    5.241710]      scan-1133 get_device_data       : No context for object [ffff88040d822488]
[    5.241710]      scan-1133 get_device_data       : No context for object [ffff88040d8224b0]
[    5.241710]      scan-1133 get_device_data       : No context for object [ffff88040d8224d8]
[    5.241710]      scan-1133 get_device_data       : No context for object [ffff88040d822500]
[    5.241710]      scan-1133 get_device_data       : No context for object [ffff88040d822528]
[    5.241710]      scan-1133 get_device_data       : No context for object [ffff88040d822550]
[    5.241710]      scan-1133 get_device_data       : No context for object [ffff88040d822578]
[    5.241710]      scan-1133 get_device_data       : No context for object [ffff88040d8225a0]
[    5.241710]      scan-1133 get_device_data       : No context for object [ffff88040d8225c8]
[    5.241710]      scan-1133 get_device_data       : No context for object [ffff88040d8225f0]
[    5.241710]      scan-1133 get_device_data       : No context for object [ffff88040d822618]
[    5.241710]      scan-1133 get_device_data       : No context for object [ffff88040d822640]
[    5.241710]      scan-1133 get_device_data       : No context for object [ffff88040d822668]
[    5.241710]      scan-1133 get_device_data       : No context for object [ffff88040d822690]
[    5.241710]      scan-1133 get_device_data       : No context for object [ffff88040d8226b8]
[    5.241710]      scan-1133 get_device_data       : No context for object [ffff88040d8226e0]
[    5.241710]      scan-1133 get_device_data       : No context for object [ffff88040d822708]
[    5.241710]      scan-1133 get_device_data       : No context for object [ffff88040d822730]
[    5.241710]      scan-1133 get_device_data       : No context for object [ffff88040d822758]
[    5.241710]      scan-1133 get_device_data       : No context for object [ffff88040d822780]
[    5.241710]     utils-0051 util_eval_error       : Evaluate [\_SB_.PCI0.PB2_.VGA_._STA]: AE_NOT_FOUND
[    5.241710] device: 'device:01': device_add
[    5.241710] bus: 'acpi': add device device:01
[    5.241710]     utils-0051 util_eval_error       : Evaluate [\_SB_.PCI0.PB2_.VGA_._SUN]: AE_NOT_FOUND
[    5.243337]      scan-1922 add_single_object     : Added device:01 [\_SB_.PCI0.PB2_.VGA_] parent device:00
[    5.243337]      scan-1133 get_device_data       : No context for object [ffff88040d8227a8]
[    5.243337]      scan-1133 get_device_data       : No context for object [ffff88040d8227d0]
[    5.243337]      scan-1133 get_device_data       : No context for object [ffff88040d8227f8]
[    5.243337]      scan-1133 get_device_data       : No context for object [ffff88040d822820]
[    5.243337]      scan-1133 get_device_data       : No context for object [ffff88040d822848]
[    5.243337]      scan-1133 get_device_data       : No context for object [ffff88040d822870]
[    5.243337]      scan-1133 get_device_data       : No context for object [ffff88040d822898]
[    5.243337]      scan-1133 get_device_data       : No context for object [ffff88040d8228c0]
[    5.243337]      scan-1133 get_device_data       : No context for object [ffff88040d8228e8]
[    5.243337]      scan-1133 get_device_data       : No context for object [ffff88040d822910]
[    5.243337]      scan-1133 get_device_data       : No context for object [ffff88040d822938]
[    5.243337]      scan-1133 get_device_data       : No context for object [ffff88040d822960]
[    5.243337]      scan-1133 get_device_data       : No context for object [ffff88040d822988]
[    5.243337]      scan-1133 get_device_data       : No context for object [ffff88040d8229b0]
[    5.243337]      scan-1133 get_device_data       : No context for object [ffff88040d8229d8]
[    5.243337]      scan-1133 get_device_data       : No context for object [ffff88040d822a00]
[    5.243337]      scan-1133 get_device_data       : No context for object [ffff88040d822a28]
[    5.243337]      scan-1133 get_device_data       : No context for object [ffff88040d822a50]
[    5.243337]      scan-1133 get_device_data       : No context for object [ffff88040d822a78]
[    5.243337]      scan-1133 get_device_data       : No context for object [ffff88040d822aa0]
[    5.243337]      scan-1133 get_device_data       : No context for object [ffff88040d822ac8]
[    5.243337]      scan-1133 get_device_data       : No context for object [ffff88040d822af0]
[    5.243337]      scan-1133 get_device_data       : No context for object [ffff88040d822b18]
[    5.243337]      scan-1133 get_device_data       : No context for object [ffff88040d822b40]
[    5.243337]      scan-1133 get_device_data       : No context for object [ffff88040d822b68]
[    5.243337]      scan-1133 get_device_data       : No context for object [ffff88040d822b90]
[    5.243337]      scan-1133 get_device_data       : No context for object [ffff88040d822bb8]
[    5.243337]      scan-1133 get_device_data       : No context for object [ffff88040d822be0]
[    5.243337]      scan-1133 get_device_data       : No context for object [ffff88040d822c08]
[    5.243337]      scan-1133 get_device_data       : No context for object [ffff88040d822c30]
[    5.243337]      scan-1133 get_device_data       : No context for object [ffff88040d822c58]
[    5.243337]      scan-1133 get_device_data       : No context for object [ffff88040d822c80]
[    5.243337]      scan-1133 get_device_data       : No context for object [ffff88040d822ca8]
[    5.243337]      scan-1133 get_device_data       : No context for object [ffff88040d822cd0]
[    5.243337]      scan-1133 get_device_data       : No context for object [ffff88040d822cf8]
[    5.243337]      scan-1133 get_device_data       : No context for object [ffff88040d822d20]
[    5.243337]      scan-1133 get_device_data       : No context for object [ffff88040d822d48]
[    5.243337]      scan-1133 get_device_data       : No context for object [ffff88040d822d70]
[    5.243337]      scan-1133 get_device_data       : No context for object [ffff88040d822d98]
[    5.243337]      scan-1133 get_device_data       : No context for object [ffff88040d837438]
[    5.243337]      scan-1133 get_device_data       : No context for object [ffff88040d822dc0]
[    5.243337]     utils-0051 util_eval_error       : Evaluate [\_SB_.PCI0.PB2_.HDAU._STA]: AE_NOT_FOUND
[    5.243337] device: 'device:02': device_add
[    5.243337] bus: 'acpi': add device device:02
[    5.243337]     utils-0051 util_eval_error       : Evaluate [\_SB_.PCI0.PB2_.HDAU._SUN]: AE_NOT_FOUND
[    5.243350]      scan-1922 add_single_object     : Added device:02 [\_SB_.PCI0.PB2_.HDAU] parent device:00
[    5.243350]      scan-1133 get_device_data       : No context for object [ffff88040d822de8]
[    5.243350]      scan-1133 get_device_data       : No context for object [ffff88040d822e10]
[    5.243350]      scan-1133 get_device_data       : No context for object [ffff88040d822e38]
[    5.243350]      scan-1133 get_device_data       : No context for object [ffff88040d822e60]
[    5.243350]      scan-1133 get_device_data       : No context for object [ffff88040d822e88]
[    5.243350]      scan-1133 get_device_data       : No context for object [ffff88040d822eb0]
[    5.243350]      scan-1133 get_device_data       : No context for object [ffff88040d822ed8]
[    5.243350]     utils-0051 util_eval_error       : Evaluate [\_SB_.PCI0.PB3_._STA]: AE_NOT_FOUND
[    5.243350] device: 'device:03': device_add
[    5.243350] bus: 'acpi': add device device:03
[    5.243350]     utils-0051 util_eval_error       : Evaluate [\_SB_.PCI0.PB3_._SUN]: AE_NOT_FOUND
[    5.243391]      scan-1922 add_single_object     : Added device:03 [\_SB_.PCI0.PB3_] parent PNP0A08:00
[    5.243391]      scan-1133 get_device_data       : No context for object [ffff88040d822f00]
[    5.243391]      scan-1133 get_device_data       : No context for object [ffff88040d822f28]
[    5.243391]      scan-1133 get_device_data       : No context for object [ffff88040d822f50]
[    5.243391]      scan-1133 get_device_data       : No context for object [ffff88040d822f78]
[    5.243391]      scan-1133 get_device_data       : No context for object [ffff88040d822fa0]
[    5.243391]      scan-1133 get_device_data       : No context for object [ffff88040d822fc8]
[    5.243391]      scan-1133 get_device_data       : No context for object [ffff88040d823000]
[    5.243391]      scan-1133 get_device_data       : No context for object [ffff88040d823028]
[    5.243391]      scan-1133 get_device_data       : No context for object [ffff88040d823050]
[    5.243391]      scan-1133 get_device_data       : No context for object [ffff88040d823078]
[    5.243391]      scan-1133 get_device_data       : No context for object [ffff88040d8230a0]
[    5.243391]      scan-1133 get_device_data       : No context for object [ffff88040d8230c8]
[    5.243391]      scan-1133 get_device_data       : No context for object [ffff88040d8230f0]
[    5.243391]      scan-1133 get_device_data       : No context for object [ffff88040d823118]
[    5.243391]      scan-1133 get_device_data       : No context for object [ffff88040d823140]
[    5.243391]      scan-1133 get_device_data       : No context for object [ffff88040d823168]
[    5.243391]      scan-1133 get_device_data       : No context for object [ffff88040d823190]
[    5.243391]      scan-1133 get_device_data       : No context for object [ffff88040d8231b8]
[    5.243391]      scan-1133 get_device_data       : No context for object [ffff88040d8231e0]
[    5.243391]      scan-1133 get_device_data       : No context for object [ffff88040d823208]
[    5.243391]      scan-1133 get_device_data       : No context for object [ffff88040d823230]
[    5.243391]      scan-1133 get_device_data       : No context for object [ffff88040d823258]
[    5.243391]      scan-1133 get_device_data       : No context for object [ffff88040d823280]
[    5.243391]      scan-1133 get_device_data       : No context for object [ffff88040d8232a8]
[    5.243391]      scan-1133 get_device_data       : No context for object [ffff88040d8232d0]
[    5.243391]      scan-1133 get_device_data       : No context for object [ffff88040d8232f8]
[    5.243391]      scan-1133 get_device_data       : No context for object [ffff88040d823320]
[    5.243391]      scan-1133 get_device_data       : No context for object [ffff88040d823348]
[    5.243391]      scan-1133 get_device_data       : No context for object [ffff88040d823370]
[    5.243391]      scan-1133 get_device_data       : No context for object [ffff88040d823398]
[    5.243391]      scan-1133 get_device_data       : No context for object [ffff88040d8233c0]
[    5.243391]     utils-0051 util_eval_error       : Evaluate [\_SB_.PCI0.PB3_.VGA_._STA]: AE_NOT_FOUND
[    5.243391]     video-0058 backlight_cap_match   : Found generic backlight support
[    5.243391] device: 'LNXVIDEO:00': device_add
[    5.243391] bus: 'acpi': add device LNXVIDEO:00
[    5.243391]     utils-0051 util_eval_error       : Evaluate [\_SB_.PCI0.PB3_.VGA_._SUN]: AE_NOT_FOUND
[    5.243391]      scan-1922 add_single_object     : Added LNXVIDEO:00 [\_SB_.PCI0.PB3_.VGA_] parent device:03
[    5.243391]      scan-1133 get_device_data       : No context for object [ffff88040d8233e8]
[    5.243391]      scan-1133 get_device_data       : No context for object [ffff88040d823410]
[    5.243391]      scan-1133 get_device_data       : No context for object [ffff88040d823438]
[    5.243391]      scan-1133 get_device_data       : No context for object [ffff88040d823460]
[    5.243391]      scan-1133 get_device_data       : No context for object [ffff88040d823488]
[    5.243391]      scan-1133 get_device_data       : No context for object [ffff88040d8234b0]
[    5.243391]      scan-1133 get_device_data       : No context for object [ffff88040d8234d8]
[    5.243391]      scan-1133 get_device_data       : No context for object [ffff88040d823500]
[    5.243391]      scan-1133 get_device_data       : No context for object [ffff88040d823528]
[    5.243391]      scan-1133 get_device_data       : No context for object [ffff88040d823550]
[    5.243391]      scan-1133 get_device_data       : No context for object [ffff88040d823578]
[    5.243391]      scan-1133 get_device_data       : No context for object [ffff88040d8235a0]
[    5.243391]      scan-1133 get_device_data       : No context for object [ffff88040d8235c8]
[    5.243391]      scan-1133 get_device_data       : No context for object [ffff88040d8235f0]
[    5.243391]      scan-1133 get_device_data       : No context for object [ffff88040d823618]
[    5.243391]      scan-1133 get_device_data       : No context for object [ffff88040d823640]
[    5.243391]      scan-1133 get_device_data       : No context for object [ffff88040d823668]
[    5.243391]      scan-1133 get_device_data       : No context for object [ffff88040d823690]
[    5.243391]      scan-1133 get_device_data       : No context for object [ffff88040d8236b8]
[    5.243391]      scan-1133 get_device_data       : No context for object [ffff88040d8236e0]
[    5.243391]      scan-1133 get_device_data       : No context for object [ffff88040d823708]
[    5.243391]      scan-1133 get_device_data       : No context for object [ffff88040d823730]
[    5.243391]      scan-1133 get_device_data       : No context for object [ffff88040d823758]
[    5.243391]      scan-1133 get_device_data       : No context for object [ffff88040d823780]
[    5.243391]      scan-1133 get_device_data       : No context for object [ffff88040d8237a8]
[    5.243391]      scan-1133 get_device_data       : No context for object [ffff88040d8237d0]
[    5.243391]      scan-1133 get_device_data       : No context for object [ffff88040d8237f8]
[    5.243391]      scan-1133 get_device_data       : No context for object [ffff88040d823820]
[    5.243391]      scan-1133 get_device_data       : No context for object [ffff88040d823848]
[    5.243391]      scan-1133 get_device_data       : No context for object [ffff88040d823870]
[    5.243391]      scan-1133 get_device_data       : No context for object [ffff88040d823898]
[    5.243391]      scan-1133 get_device_data       : No context for object [ffff88040d8238c0]
[    5.243391]      scan-1133 get_device_data       : No context for object [ffff88040d8238e8]
[    5.243391]      scan-1133 get_device_data       : No context for object [ffff88040d823910]
[    5.243391]      scan-1133 get_device_data       : No context for object [ffff88040d823938]
[    5.243391]      scan-1133 get_device_data       : No context for object [ffff88040d823960]
[    5.243391]      scan-1133 get_device_data       : No context for object [ffff88040d823988]
[    5.243391]      scan-1133 get_device_data       : No context for object [ffff88040d8239b0]
[    5.243391]      scan-1133 get_device_data       : No context for object [ffff88040d8239d8]
[    5.243391]      scan-1133 get_device_data       : No context for object [ffff88040d837460]
[    5.243391]      scan-1133 get_device_data       : No context for object [ffff88040d83ac08]
[    5.243391]      scan-1133 get_device_data       : No context for object [ffff88040d83ac30]
[    5.243391]      scan-1133 get_device_data       : No context for object [ffff88040d83ac58]
[    5.243391]     utils-0051 util_eval_error       : Evaluate [\_SB_.PCI0.PB3_.VGA_.CRT_._STA]: AE_NOT_FOUND
[    5.243391] device: 'device:04': device_add
[    5.243391] bus: 'acpi': add device device:04
[    5.243391]     utils-0051 util_eval_error       : Evaluate [\_SB_.PCI0.PB3_.VGA_.CRT_._SUN]: AE_NOT_FOUND
[    5.243391]      scan-1922 add_single_object     : Added device:04 [\_SB_.PCI0.PB3_.VGA_.CRT_] parent LNXVIDEO:00
[    5.243391]      scan-1133 get_device_data       : No context for object [ffff88040d83ac80]
[    5.243391]      scan-1133 get_device_data       : No context for object [ffff88040d83aca8]
[    5.243391]      scan-1133 get_device_data       : No context for object [ffff88040d83acd0]
[    5.243391]      scan-1133 get_device_data       : No context for object [ffff88040d83acf8]
[    5.243391]      scan-1133 get_device_data       : No context for object [ffff88040d83ad20]
[    5.243391]     utils-0051 util_eval_error       : Evaluate [\_SB_.PCI0.PB3_.VGA_.LCD_._STA]: AE_NOT_FOUND
[    5.243391] device: 'device:05': device_add
[    5.243391] bus: 'acpi': add device device:05
[    5.243391]     utils-0051 util_eval_error       : Evaluate [\_SB_.PCI0.PB3_.VGA_.LCD_._SUN]: AE_NOT_FOUND
[    5.243391]      scan-1922 add_single_object     : Added device:05 [\_SB_.PCI0.PB3_.VGA_.LCD_] parent LNXVIDEO:00
[    5.243391]      scan-1133 get_device_data       : No context for object [ffff88040d83ad48]
[    5.243391]      scan-1133 get_device_data       : No context for object [ffff88040d83ad70]
[    5.243391]      scan-1133 get_device_data       : No context for object [ffff88040d83ad98]
[    5.243391]      scan-1133 get_device_data       : No context for object [ffff88040d83adc0]
[    5.243391]      scan-1133 get_device_data       : No context for object [ffff88040d83ade8]
[    5.243391]      scan-1133 get_device_data       : No context for object [ffff88040d83ae10]
[    5.243391]      scan-1133 get_device_data       : No context for object [ffff88040d83ae38]
[    5.243391]      scan-1133 get_device_data       : No context for object [ffff88040d83ae60]
[    5.243391]     utils-0051 util_eval_error       : Evaluate [\_SB_.PCI0.PB3_.VGA_.TV0_._STA]: AE_NOT_FOUND
[    5.243391] device: 'device:06': device_add
[    5.243391] bus: 'acpi': add device device:06
[    5.243391]     utils-0051 util_eval_error       : Evaluate [\_SB_.PCI0.PB3_.VGA_.TV0_._SUN]: AE_NOT_FOUND
[    5.243391]      scan-1922 add_single_object     : Added device:06 [\_SB_.PCI0.PB3_.VGA_.TV0_] parent LNXVIDEO:00
[    5.243391]      scan-1133 get_device_data       : No context for object [ffff88040d83ae88]
[    5.243391]      scan-1133 get_device_data       : No context for object [ffff88040d83aeb0]
[    5.243391]      scan-1133 get_device_data       : No context for object [ffff88040d83aed8]
[    5.243391]      scan-1133 get_device_data       : No context for object [ffff88040d83af00]
[    5.243391]      scan-1133 get_device_data       : No context for object [ffff88040d83af28]
[    5.243391]     utils-0051 util_eval_error       : Evaluate [\_SB_.PCI0.PB3_.VGA_.HDMI._STA]: AE_NOT_FOUND
[    5.243391] device: 'device:07': device_add
[    5.243391] bus: 'acpi': add device device:07
[    5.243391]     utils-0051 util_eval_error       : Evaluate [\_SB_.PCI0.PB3_.VGA_.HDMI._SUN]: AE_NOT_FOUND
[    5.243391]      scan-1922 add_single_object     : Added device:07 [\_SB_.PCI0.PB3_.VGA_.HDMI] parent LNXVIDEO:00
[    5.243391]      scan-1133 get_device_data       : No context for object [ffff88040d83af50]
[    5.243391]      scan-1133 get_device_data       : No context for object [ffff88040d83af78]
[    5.243391]      scan-1133 get_device_data       : No context for object [ffff88040d83afa0]
[    5.243391]      scan-1133 get_device_data       : No context for object [ffff88040d83afc8]
[    5.243391]      scan-1133 get_device_data       : No context for object [ffff88040d823a00]
[    5.243391]     utils-0051 util_eval_error       : Evaluate [\_SB_.PCI0.PB3_.HDAU._STA]: AE_NOT_FOUND
[    5.243391] device: 'device:08': device_add
[    5.243391] bus: 'acpi': add device device:08
[    5.243391]     utils-0051 util_eval_error       : Evaluate [\_SB_.PCI0.PB3_.HDAU._SUN]: AE_NOT_FOUND
[    5.243391]      scan-1922 add_single_object     : Added device:08 [\_SB_.PCI0.PB3_.HDAU] parent device:03
[    5.243394]      scan-1133 get_device_data       : No context for object [ffff88040d823a28]
[    5.243401]      scan-1133 get_device_data       : No context for object [ffff88040d823a50]
[    5.243407]      scan-1133 get_device_data       : No context for object [ffff88040d823a78]
[    5.243414]      scan-1133 get_device_data       : No context for object [ffff88040d823aa0]
[    5.243421]      scan-1133 get_device_data       : No context for object [ffff88040d823ac8]
[    5.243428]      scan-1133 get_device_data       : No context for object [ffff88040d823af0]
[    5.243435]      scan-1133 get_device_data       : No context for object [ffff88040d823b18]
[    5.243443]     utils-0051 util_eval_error       : Evaluate [\_SB_.PCI0.PB4_._STA]: AE_NOT_FOUND
[    5.243547] device: 'device:09': device_add
[    5.243554] bus: 'acpi': add device device:09
[    5.243572]     utils-0051 util_eval_error       : Evaluate [\_SB_.PCI0.PB4_._SUN]: AE_NOT_FOUND
[    5.243588]      scan-1922 add_single_object     : Added device:09 [\_SB_.PCI0.PB4_] parent PNP0A08:00
[    5.243597]      scan-1133 get_device_data       : No context for object [ffff88040d823b40]
[    5.243601]      scan-1133 get_device_data       : No context for object [ffff88040d823b68]
[    5.243606]      scan-1133 get_device_data       : No context for object [ffff88040d823b90]
[    5.243610]      scan-1133 get_device_data       : No context for object [ffff88040d823bb8]
[    5.243614]      scan-1133 get_device_data       : No context for object [ffff88040d823be0]
[    5.243618]      scan-1133 get_device_data       : No context for object [ffff88040d823c08]
[    5.243624]      scan-1133 get_device_data       : No context for object [ffff88040d823c30]
[    5.243628]      scan-1133 get_device_data       : No context for object [ffff88040d823c58]
[    5.243632]      scan-1133 get_device_data       : No context for object [ffff88040d823c80]
[    5.243637]      scan-1133 get_device_data       : No context for object [ffff88040d823ca8]
[    5.243641]      scan-1133 get_device_data       : No context for object [ffff88040d823cd0]
[    5.243645]      scan-1133 get_device_data       : No context for object [ffff88040d823cf8]
[    5.243649]      scan-1133 get_device_data       : No context for object [ffff88040d823d20]
[    5.243653]      scan-1133 get_device_data       : No context for object [ffff88040d823d48]
[    5.243657]      scan-1133 get_device_data       : No context for object [ffff88040d823d70]
[    5.243661]      scan-1133 get_device_data       : No context for object [ffff88040d823d98]
[    5.243665]      scan-1133 get_device_data       : No context for object [ffff88040d823dc0]
[    5.243669]      scan-1133 get_device_data       : No context for object [ffff88040d823de8]
[    5.243673]      scan-1133 get_device_data       : No context for object [ffff88040d823e10]
[    5.243677]      scan-1133 get_device_data       : No context for object [ffff88040d823e38]
[    5.243681]      scan-1133 get_device_data       : No context for object [ffff88040d823e60]
[    5.243685]      scan-1133 get_device_data       : No context for object [ffff88040d823e88]
[    5.243689]      scan-1133 get_device_data       : No context for object [ffff88040d823eb0]
[    5.243693]      scan-1133 get_device_data       : No context for object [ffff88040d823ed8]
[    5.243697]      scan-1133 get_device_data       : No context for object [ffff88040d823f00]
[    5.243701]      scan-1133 get_device_data       : No context for object [ffff88040d823f28]
[    5.243705]      scan-1133 get_device_data       : No context for object [ffff88040d823f50]
[    5.243709]      scan-1133 get_device_data       : No context for object [ffff88040d823f78]
[    5.243713]      scan-1133 get_device_data       : No context for object [ffff88040d823fa0]
[    5.243717]      scan-1133 get_device_data       : No context for object [ffff88040d823fc8]
[    5.243720]      scan-1133 get_device_data       : No context for object [ffff88040d825000]
[    5.243725]     utils-0051 util_eval_error       : Evaluate [\_SB_.PCI0.PB4_.XPDV._STA]: AE_NOT_FOUND
[    5.243750] device: 'device:0a': device_add
[    5.243754] bus: 'acpi': add device device:0a
[    5.243767]     utils-0051 util_eval_error       : Evaluate [\_SB_.PCI0.PB4_.XPDV._SUN]: AE_NOT_FOUND
[    5.243784]      scan-1922 add_single_object     : Added device:0a [\_SB_.PCI0.PB4_.XPDV] parent device:09
[    5.243795]      scan-1133 get_device_data       : No context for object [ffff88040d825028]
[    5.243802]      scan-1133 get_device_data       : No context for object [ffff88040d825050]
[    5.243808]      scan-1133 get_device_data       : No context for object [ffff88040d825078]
[    5.243815]      scan-1133 get_device_data       : No context for object [ffff88040d8250a0]
[    5.243821]      scan-1133 get_device_data       : No context for object [ffff88040d8250c8]
[    5.243828]      scan-1133 get_device_data       : No context for object [ffff88040d837500]
[    5.243834]      scan-1133 get_device_data       : No context for object [ffff88040d8250f0]
[    5.243841]      scan-1133 get_device_data       : No context for object [ffff88040d825118]
[    5.243849]     utils-0051 util_eval_error       : Evaluate [\_SB_.PCI0.PB5_._STA]: AE_NOT_FOUND
[    5.243952] device: 'device:0b': device_add
[    5.243959] bus: 'acpi': add device device:0b
[    5.243977]     utils-0051 util_eval_error       : Evaluate [\_SB_.PCI0.PB5_._SUN]: AE_NOT_FOUND
[    5.243992]      scan-1922 add_single_object     : Added device:0b [\_SB_.PCI0.PB5_] parent PNP0A08:00
[    5.244004]      scan-1133 get_device_data       : No context for object [ffff88040d825140]
[    5.244011]      scan-1133 get_device_data       : No context for object [ffff88040d825168]
[    5.244017]      scan-1133 get_device_data       : No context for object [ffff88040d825190]
[    5.244024]      scan-1133 get_device_data       : No context for object [ffff88040d8251b8]
[    5.244030]      scan-1133 get_device_data       : No context for object [ffff88040d8251e0]
[    5.244037]      scan-1133 get_device_data       : No context for object [ffff88040d825208]
[    5.244044]      scan-1133 get_device_data       : No context for object [ffff88040d825230]
[    5.244050]      scan-1133 get_device_data       : No context for object [ffff88040d825258]
[    5.244057]      scan-1133 get_device_data       : No context for object [ffff88040d825280]
[    5.244063]      scan-1133 get_device_data       : No context for object [ffff88040d8252a8]
[    5.244070]      scan-1133 get_device_data       : No context for object [ffff88040d8252d0]
[    5.244076]      scan-1133 get_device_data       : No context for object [ffff88040d8252f8]
[    5.244083]      scan-1133 get_device_data       : No context for object [ffff88040d825320]
[    5.244089]      scan-1133 get_device_data       : No context for object [ffff88040d825348]
[    5.244096]      scan-1133 get_device_data       : No context for object [ffff88040d825370]
[    5.244102]      scan-1133 get_device_data       : No context for object [ffff88040d825398]
[    5.244109]      scan-1133 get_device_data       : No context for object [ffff88040d8253c0]
[    5.244116]      scan-1133 get_device_data       : No context for object [ffff88040d8253e8]
[    5.244122]      scan-1133 get_device_data       : No context for object [ffff88040d825410]
[    5.244129]      scan-1133 get_device_data       : No context for object [ffff88040d825438]
[    5.244135]      scan-1133 get_device_data       : No context for object [ffff88040d825460]
[    5.244142]      scan-1133 get_device_data       : No context for object [ffff88040d825488]
[    5.244148]      scan-1133 get_device_data       : No context for object [ffff88040d8254b0]
[    5.244155]      scan-1133 get_device_data       : No context for object [ffff88040d8254d8]
[    5.244161]      scan-1133 get_device_data       : No context for object [ffff88040d825500]
[    5.244168]      scan-1133 get_device_data       : No context for object [ffff88040d825528]
[    5.244174]      scan-1133 get_device_data       : No context for object [ffff88040d825550]
[    5.244181]      scan-1133 get_device_data       : No context for object [ffff88040d825578]
[    5.244187]      scan-1133 get_device_data       : No context for object [ffff88040d8255a0]
[    5.244194]      scan-1133 get_device_data       : No context for object [ffff88040d8255c8]
[    5.244200]      scan-1133 get_device_data       : No context for object [ffff88040d8255f0]
[    5.244208]     utils-0051 util_eval_error       : Evaluate [\_SB_.PCI0.PB5_.XPDV._STA]: AE_NOT_FOUND
[    5.244249] device: 'device:0c': device_add
[    5.244255] bus: 'acpi': add device device:0c
[    5.244273]     utils-0051 util_eval_error       : Evaluate [\_SB_.PCI0.PB5_.XPDV._SUN]: AE_NOT_FOUND
[    5.244289]      scan-1922 add_single_object     : Added device:0c [\_SB_.PCI0.PB5_.XPDV] parent device:0b
[    5.244300]      scan-1133 get_device_data       : No context for object [ffff88040d825618]
[    5.244307]      scan-1133 get_device_data       : No context for object [ffff88040d825640]
[    5.244313]      scan-1133 get_device_data       : No context for object [ffff88040d825668]
[    5.244320]      scan-1133 get_device_data       : No context for object [ffff88040d825690]
[    5.244326]      scan-1133 get_device_data       : No context for object [ffff88040d8256b8]
[    5.244333]      scan-1133 get_device_data       : No context for object [ffff88040d837528]
[    5.244340]      scan-1133 get_device_data       : No context for object [ffff88040d8256e0]
[    5.244346]      scan-1133 get_device_data       : No context for object [ffff88040d825708]
[    5.244355]     utils-0051 util_eval_error       : Evaluate [\_SB_.PCI0.PB6_._STA]: AE_NOT_FOUND
[    5.244460] device: 'device:0d': device_add
[    5.244467] bus: 'acpi': add device device:0d
[    5.244488]     utils-0051 util_eval_error       : Evaluate [\_SB_.PCI0.PB6_._SUN]: AE_NOT_FOUND
[    5.244503]      scan-1922 add_single_object     : Added device:0d [\_SB_.PCI0.PB6_] parent PNP0A08:00
[    5.244514]      scan-1133 get_device_data       : No context for object [ffff88040d825730]
[    5.244521]      scan-1133 get_device_data       : No context for object [ffff88040d825758]
[    5.244528]      scan-1133 get_device_data       : No context for object [ffff88040d825780]
[    5.244535]      scan-1133 get_device_data       : No context for object [ffff88040d8257a8]
[    5.244541]      scan-1133 get_device_data       : No context for object [ffff88040d8257d0]
[    5.244548]      scan-1133 get_device_data       : No context for object [ffff88040d8257f8]
[    5.244555]      scan-1133 get_device_data       : No context for object [ffff88040d825820]
[    5.244562]      scan-1133 get_device_data       : No context for object [ffff88040d825848]
[    5.244568]      scan-1133 get_device_data       : No context for object [ffff88040d825870]
[    5.244575]      scan-1133 get_device_data       : No context for object [ffff88040d825898]
[    5.244581]      scan-1133 get_device_data       : No context for object [ffff88040d8258c0]
[    5.244588]      scan-1133 get_device_data       : No context for object [ffff88040d8258e8]
[    5.244594]      scan-1133 get_device_data       : No context for object [ffff88040d825910]
[    5.244601]      scan-1133 get_device_data       : No context for object [ffff88040d825938]
[    5.244608]      scan-1133 get_device_data       : No context for object [ffff88040d825960]
[    5.244614]      scan-1133 get_device_data       : No context for object [ffff88040d825988]
[    5.244621]      scan-1133 get_device_data       : No context for object [ffff88040d8259b0]
[    5.244628]      scan-1133 get_device_data       : No context for object [ffff88040d8259d8]
[    5.244634]      scan-1133 get_device_data       : No context for object [ffff88040d825a00]
[    5.244641]      scan-1133 get_device_data       : No context for object [ffff88040d825a28]
[    5.244648]      scan-1133 get_device_data       : No context for object [ffff88040d825a50]
[    5.244654]      scan-1133 get_device_data       : No context for object [ffff88040d825a78]
[    5.244661]      scan-1133 get_device_data       : No context for object [ffff88040d825aa0]
[    5.244667]      scan-1133 get_device_data       : No context for object [ffff88040d825ac8]
[    5.244674]      scan-1133 get_device_data       : No context for object [ffff88040d825af0]
[    5.244680]      scan-1133 get_device_data       : No context for object [ffff88040d825b18]
[    5.244687]      scan-1133 get_device_data       : No context for object [ffff88040d825b40]
[    5.244693]      scan-1133 get_device_data       : No context for object [ffff88040d825b68]
[    5.244700]      scan-1133 get_device_data       : No context for object [ffff88040d825b90]
[    5.244706]      scan-1133 get_device_data       : No context for object [ffff88040d825bb8]
[    5.244713]      scan-1133 get_device_data       : No context for object [ffff88040d825be0]
[    5.244721]     utils-0051 util_eval_error       : Evaluate [\_SB_.PCI0.PB6_.XPDV._STA]: AE_NOT_FOUND
[    5.244762] device: 'device:0e': device_add
[    5.244768] bus: 'acpi': add device device:0e
[    5.244786]     utils-0051 util_eval_error       : Evaluate [\_SB_.PCI0.PB6_.XPDV._SUN]: AE_NOT_FOUND
[    5.246681]      scan-1922 add_single_object     : Added device:0e [\_SB_.PCI0.PB6_.XPDV] parent device:0d
[    5.246681]      scan-1133 get_device_data       : No context for object [ffff88040d825c08]
[    5.246681]      scan-1133 get_device_data       : No context for object [ffff88040d825c30]
[    5.246681]      scan-1133 get_device_data       : No context for object [ffff88040d825c58]
[    5.246681]      scan-1133 get_device_data       : No context for object [ffff88040d825c80]
[    5.246681]      scan-1133 get_device_data       : No context for object [ffff88040d825ca8]
[    5.246681]      scan-1133 get_device_data       : No context for object [ffff88040d837550]
[    5.246681]      scan-1133 get_device_data       : No context for object [ffff88040d825cd0]
[    5.246681]      scan-1133 get_device_data       : No context for object [ffff88040d825cf8]
[    5.246681]     utils-0051 util_eval_error       : Evaluate [\_SB_.PCI0.PB7_._STA]: AE_NOT_FOUND
[    5.246681] device: 'device:0f': device_add
[    5.246681] bus: 'acpi': add device device:0f
[    5.246681]     utils-0051 util_eval_error       : Evaluate [\_SB_.PCI0.PB7_._SUN]: AE_NOT_FOUND
[    5.246682]      scan-1922 add_single_object     : Added device:0f [\_SB_.PCI0.PB7_] parent PNP0A08:00
[    5.246682]      scan-1133 get_device_data       : No context for object [ffff88040d825d20]
[    5.246682]      scan-1133 get_device_data       : No context for object [ffff88040d825d48]
[    5.246682]      scan-1133 get_device_data       : No context for object [ffff88040d825d70]
[    5.246682]      scan-1133 get_device_data       : No context for object [ffff88040d825d98]
[    5.246682]      scan-1133 get_device_data       : No context for object [ffff88040d825dc0]
[    5.246682]      scan-1133 get_device_data       : No context for object [ffff88040d825de8]
[    5.246682]      scan-1133 get_device_data       : No context for object [ffff88040d825e10]
[    5.246682]      scan-1133 get_device_data       : No context for object [ffff88040d825e38]
[    5.246682]      scan-1133 get_device_data       : No context for object [ffff88040d825e60]
[    5.246682]      scan-1133 get_device_data       : No context for object [ffff88040d825e88]
[    5.246682]      scan-1133 get_device_data       : No context for object [ffff88040d825eb0]
[    5.246682]      scan-1133 get_device_data       : No context for object [ffff88040d825ed8]
[    5.246682]      scan-1133 get_device_data       : No context for object [ffff88040d825f00]
[    5.246682]      scan-1133 get_device_data       : No context for object [ffff88040d825f28]
[    5.246682]      scan-1133 get_device_data       : No context for object [ffff88040d825f50]
[    5.246682]      scan-1133 get_device_data       : No context for object [ffff88040d825f78]
[    5.246682]      scan-1133 get_device_data       : No context for object [ffff88040d825fa0]
[    5.246682]      scan-1133 get_device_data       : No context for object [ffff88040d825fc8]
[    5.246682]      scan-1133 get_device_data       : No context for object [ffff88040d827000]
[    5.246682]      scan-1133 get_device_data       : No context for object [ffff88040d827028]
[    5.246682]      scan-1133 get_device_data       : No context for object [ffff88040d827050]
[    5.246682]      scan-1133 get_device_data       : No context for object [ffff88040d827078]
[    5.246682]      scan-1133 get_device_data       : No context for object [ffff88040d8270a0]
[    5.246682]      scan-1133 get_device_data       : No context for object [ffff88040d8270c8]
[    5.246682]      scan-1133 get_device_data       : No context for object [ffff88040d8270f0]
[    5.246682]      scan-1133 get_device_data       : No context for object [ffff88040d827118]
[    5.246682]      scan-1133 get_device_data       : No context for object [ffff88040d827140]
[    5.246682]      scan-1133 get_device_data       : No context for object [ffff88040d827168]
[    5.246682]      scan-1133 get_device_data       : No context for object [ffff88040d827190]
[    5.246682]      scan-1133 get_device_data       : No context for object [ffff88040d8271b8]
[    5.246682]      scan-1133 get_device_data       : No context for object [ffff88040d8271e0]
[    5.246682]     utils-0051 util_eval_error       : Evaluate [\_SB_.PCI0.PB7_.XPDV._STA]: AE_NOT_FOUND
[    5.246682] device: 'device:10': device_add
[    5.246682] bus: 'acpi': add device device:10
[    5.246682]     utils-0051 util_eval_error       : Evaluate [\_SB_.PCI0.PB7_.XPDV._SUN]: AE_NOT_FOUND
[    5.246691]      scan-1922 add_single_object     : Added device:10 [\_SB_.PCI0.PB7_.XPDV] parent device:0f
[    5.246691]      scan-1133 get_device_data       : No context for object [ffff88040d827208]
[    5.246691]      scan-1133 get_device_data       : No context for object [ffff88040d827230]
[    5.246691]      scan-1133 get_device_data       : No context for object [ffff88040d827258]
[    5.246691]      scan-1133 get_device_data       : No context for object [ffff88040d827280]
[    5.246691]      scan-1133 get_device_data       : No context for object [ffff88040d8272a8]
[    5.246691]      scan-1133 get_device_data       : No context for object [ffff88040d837488]
[    5.246691]      scan-1133 get_device_data       : No context for object [ffff88040d8272d0]
[    5.246691]      scan-1133 get_device_data       : No context for object [ffff88040d8272f8]
[    5.246691]     utils-0051 util_eval_error       : Evaluate [\_SB_.PCI0.OHC1._STA]: AE_NOT_FOUND
[    5.246691] device: 'device:11': device_add
[    5.246691] bus: 'acpi': add device device:11
[    5.246691]     utils-0051 util_eval_error       : Evaluate [\_SB_.PCI0.OHC1._SUN]: AE_NOT_FOUND
[    5.246693]      scan-1922 add_single_object     : Added device:11 [\_SB_.PCI0.OHC1] parent PNP0A08:00
[    5.246693]      scan-1133 get_device_data       : No context for object [ffff88040d827320]
[    5.246693]      scan-1133 get_device_data       : No context for object [ffff88040d827348]
[    5.246693]      scan-1133 get_device_data       : No context for object [ffff88040d83b2f8]
[    5.246693]     utils-0051 util_eval_error       : Evaluate [\_SB_.PCI0.OHC1.RHUB._STA]: AE_NOT_FOUND
[    5.246693] device: 'device:12': device_add
[    5.246693] bus: 'acpi': add device device:12
[    5.246693]     utils-0051 util_eval_error       : Evaluate [\_SB_.PCI0.OHC1.RHUB._SUN]: AE_NOT_FOUND
[    5.246693]      scan-1922 add_single_object     : Added device:12 [\_SB_.PCI0.OHC1.RHUB] parent device:11
[    5.246693]      scan-1133 get_device_data       : No context for object [ffff88040d83b320]
[    5.246693]      scan-1133 get_device_data       : No context for object [ffff88040d83b348]
[    5.246693]     utils-0051 util_eval_error       : Evaluate [\_SB_.PCI0.OHC1.RHUB.PRT3._STA]: AE_NOT_FOUND
[    5.246693] device: 'device:13': device_add
[    5.246693] bus: 'acpi': add device device:13
[    5.246693]     utils-0051 util_eval_error       : Evaluate [\_SB_.PCI0.OHC1.RHUB.PRT3._SUN]: AE_NOT_FOUND
[    5.246693]      scan-1922 add_single_object     : Added device:13 [\_SB_.PCI0.OHC1.RHUB.PRT3] parent device:12
[    5.246693]      scan-1133 get_device_data       : No context for object [ffff88040d83b370]
[    5.246693]      scan-1133 get_device_data       : No context for object [ffff88040d83b398]
[    5.246693]      scan-1133 get_device_data       : No context for object [ffff88040d83b3c0]
[    5.246693]      scan-1133 get_device_data       : No context for object [ffff88040d83b3e8]
[    5.246693]     utils-0051 util_eval_error       : Evaluate [\_SB_.PCI0.OHC1.RHUB.PRT4._STA]: AE_NOT_FOUND
[    5.246693] device: 'device:14': device_add
[    5.246693] bus: 'acpi': add device device:14
[    5.246693]     utils-0051 util_eval_error       : Evaluate [\_SB_.PCI0.OHC1.RHUB.PRT4._SUN]: AE_NOT_FOUND
[    5.246693]      scan-1922 add_single_object     : Added device:14 [\_SB_.PCI0.OHC1.RHUB.PRT4] parent device:12
[    5.246693]      scan-1133 get_device_data       : No context for object [ffff88040d83b410]
[    5.246693]      scan-1133 get_device_data       : No context for object [ffff88040d83b438]
[    5.246693]      scan-1133 get_device_data       : No context for object [ffff88040d83b460]
[    5.246693]      scan-1133 get_device_data       : No context for object [ffff88040d827370]
[    5.246693]     utils-0051 util_eval_error       : Evaluate [\_SB_.PCI0.EHC1._STA]: AE_NOT_FOUND
[    5.246693] device: 'device:15': device_add
[    5.246693] bus: 'acpi': add device device:15
[    5.246693]     utils-0051 util_eval_error       : Evaluate [\_SB_.PCI0.EHC1._SUN]: AE_NOT_FOUND
[    5.246693]      scan-1922 add_single_object     : Added device:15 [\_SB_.PCI0.EHC1] parent PNP0A08:00
[    5.246693]      scan-1133 get_device_data       : No context for object [ffff88040d827398]
[    5.246693]      scan-1133 get_device_data       : No context for object [ffff88040d8273c0]
[    5.246693]      scan-1133 get_device_data       : No context for object [ffff88040d83b028]
[    5.246693]     utils-0051 util_eval_error       : Evaluate [\_SB_.PCI0.EHC1.RHUB._STA]: AE_NOT_FOUND
[    5.246693] device: 'device:16': device_add
[    5.246693] bus: 'acpi': add device device:16
[    5.246693]     utils-0051 util_eval_error       : Evaluate [\_SB_.PCI0.EHC1.RHUB._SUN]: AE_NOT_FOUND
[    5.246693]      scan-1922 add_single_object     : Added device:16 [\_SB_.PCI0.EHC1.RHUB] parent device:15
[    5.246693]      scan-1133 get_device_data       : No context for object [ffff88040d83b050]
[    5.246693]      scan-1133 get_device_data       : No context for object [ffff88040d83b078]
[    5.246693]     utils-0051 util_eval_error       : Evaluate [\_SB_.PCI0.EHC1.RHUB.PRT3._STA]: AE_NOT_FOUND
[    5.246693] device: 'device:17': device_add
[    5.246693] bus: 'acpi': add device device:17
[    5.246693]     utils-0051 util_eval_error       : Evaluate [\_SB_.PCI0.EHC1.RHUB.PRT3._SUN]: AE_NOT_FOUND
[    5.246693]      scan-1922 add_single_object     : Added device:17 [\_SB_.PCI0.EHC1.RHUB.PRT3] parent device:16
[    5.246693]      scan-1133 get_device_data       : No context for object [ffff88040d83b0a0]
[    5.246693]      scan-1133 get_device_data       : No context for object [ffff88040d83b0c8]
[    5.246693]      scan-1133 get_device_data       : No context for object [ffff88040d83b0f0]
[    5.246693]      scan-1133 get_device_data       : No context for object [ffff88040d83b118]
[    5.246693]     utils-0051 util_eval_error       : Evaluate [\_SB_.PCI0.EHC1.RHUB.PRT4._STA]: AE_NOT_FOUND
[    5.246693] device: 'device:18': device_add
[    5.246693] bus: 'acpi': add device device:18
[    5.246693]     utils-0051 util_eval_error       : Evaluate [\_SB_.PCI0.EHC1.RHUB.PRT4._SUN]: AE_NOT_FOUND
[    5.246693]      scan-1922 add_single_object     : Added device:18 [\_SB_.PCI0.EHC1.RHUB.PRT4] parent device:16
[    5.246693]      scan-1133 get_device_data       : No context for object [ffff88040d83b140]
[    5.246693]      scan-1133 get_device_data       : No context for object [ffff88040d83b168]
[    5.246693]      scan-1133 get_device_data       : No context for object [ffff88040d83b190]
[    5.246693]      scan-1133 get_device_data       : No context for object [ffff88040d8273e8]
[    5.246693]     utils-0051 util_eval_error       : Evaluate [\_SB_.PCI0.OHC2._STA]: AE_NOT_FOUND
[    5.246693] device: 'device:19': device_add
[    5.246693] bus: 'acpi': add device device:19
[    5.246693]     utils-0051 util_eval_error       : Evaluate [\_SB_.PCI0.OHC2._SUN]: AE_NOT_FOUND
[    5.246693]      scan-1922 add_single_object     : Added device:19 [\_SB_.PCI0.OHC2] parent PNP0A08:00
[    5.246693]      scan-1133 get_device_data       : No context for object [ffff88040d827410]
[    5.246693]      scan-1133 get_device_data       : No context for object [ffff88040d827438]
[    5.246693]      scan-1133 get_device_data       : No context for object [ffff88040d83b488]
[    5.246693]     utils-0051 util_eval_error       : Evaluate [\_SB_.PCI0.OHC2.RHUB._STA]: AE_NOT_FOUND
[    5.246693] device: 'device:1a': device_add
[    5.246693] bus: 'acpi': add device device:1a
[    5.246693]     utils-0051 util_eval_error       : Evaluate [\_SB_.PCI0.OHC2.RHUB._SUN]: AE_NOT_FOUND
[    5.246693]      scan-1922 add_single_object     : Added device:1a [\_SB_.PCI0.OHC2.RHUB] parent device:19
[    5.246693]      scan-1133 get_device_data       : No context for object [ffff88040d83b4b0]
[    5.246693]      scan-1133 get_device_data       : No context for object [ffff88040d83b4d8]
[    5.246693]     utils-0051 util_eval_error       : Evaluate [\_SB_.PCI0.OHC2.RHUB.PRT4._STA]: AE_NOT_FOUND
[    5.246693] device: 'device:1b': device_add
[    5.246693] bus: 'acpi': add device device:1b
[    5.246693]     utils-0051 util_eval_error       : Evaluate [\_SB_.PCI0.OHC2.RHUB.PRT4._SUN]: AE_NOT_FOUND
[    5.246710]      scan-1922 add_single_object     : Added device:1b [\_SB_.PCI0.OHC2.RHUB.PRT4] parent device:1a
[    5.246710]      scan-1133 get_device_data       : No context for object [ffff88040d83b500]
[    5.246710]      scan-1133 get_device_data       : No context for object [ffff88040d83b528]
[    5.246710]      scan-1133 get_device_data       : No context for object [ffff88040d83b550]
[    5.246710]      scan-1133 get_device_data       : No context for object [ffff88040d827460]
[    5.246710]     utils-0051 util_eval_error       : Evaluate [\_SB_.PCI0.EHC2._STA]: AE_NOT_FOUND
[    5.246737] device: 'device:1c': device_add
[    5.246744] bus: 'acpi': add device device:1c
[    5.246762]     utils-0051 util_eval_error       : Evaluate [\_SB_.PCI0.EHC2._SUN]: AE_NOT_FOUND
[    5.246778]      scan-1922 add_single_object     : Added device:1c [\_SB_.PCI0.EHC2] parent PNP0A08:00
[    5.246788]      scan-1133 get_device_data       : No context for object [ffff88040d827488]
[    5.246795]      scan-1133 get_device_data       : No context for object [ffff88040d8274b0]
[    5.246802]      scan-1133 get_device_data       : No context for object [ffff88040d83b1b8]
[    5.246810]     utils-0051 util_eval_error       : Evaluate [\_SB_.PCI0.EHC2.RHUB._STA]: AE_NOT_FOUND
[    5.246854] device: 'device:1d': device_add
[    5.246861] bus: 'acpi': add device device:1d
[    5.246878]     utils-0051 util_eval_error       : Evaluate [\_SB_.PCI0.EHC2.RHUB._SUN]: AE_NOT_FOUND
[    5.246894]      scan-1922 add_single_object     : Added device:1d [\_SB_.PCI0.EHC2.RHUB] parent device:1c
[    5.246905]      scan-1133 get_device_data       : No context for object [ffff88040d83b1e0]
[    5.246912]      scan-1133 get_device_data       : No context for object [ffff88040d83b208]
[    5.246920]     utils-0051 util_eval_error       : Evaluate [\_SB_.PCI0.EHC2.RHUB.PRT2._STA]: AE_NOT_FOUND
[    5.246961] device: 'device:1e': device_add
[    5.246968] bus: 'acpi': add device device:1e
[    5.246989]     utils-0051 util_eval_error       : Evaluate [\_SB_.PCI0.EHC2.RHUB.PRT2._SUN]: AE_NOT_FOUND
[    5.247005]      scan-1922 add_single_object     : Added device:1e [\_SB_.PCI0.EHC2.RHUB.PRT2] parent device:1d
[    5.247016]      scan-1133 get_device_data       : No context for object [ffff88040d83b230]
[    5.247023]      scan-1133 get_device_data       : No context for object [ffff88040d83b258]
[    5.247030]      scan-1133 get_device_data       : No context for object [ffff88040d83b280]
[    5.247037]      scan-1133 get_device_data       : No context for object [ffff88040d8274d8]
[    5.247045]     utils-0051 util_eval_error       : Evaluate [\_SB_.PCI0.OHC3._STA]: AE_NOT_FOUND
[    5.247145] device: 'device:1f': device_add
[    5.247152] bus: 'acpi': add device device:1f
[    5.247170]     utils-0051 util_eval_error       : Evaluate [\_SB_.PCI0.OHC3._SUN]: AE_NOT_FOUND
[    5.247185]      scan-1922 add_single_object     : Added device:1f [\_SB_.PCI0.OHC3] parent PNP0A08:00
[    5.247196]      scan-1133 get_device_data       : No context for object [ffff88040d827500]
[    5.247203]      scan-1133 get_device_data       : No context for object [ffff88040d827528]
[    5.247209]      scan-1133 get_device_data       : No context for object [ffff88040d83b578]
[    5.247217]     utils-0051 util_eval_error       : Evaluate [\_SB_.PCI0.OHC3.RHUB._STA]: AE_NOT_FOUND
[    5.247257] device: 'device:20': device_add
[    5.247264] bus: 'acpi': add device device:20
[    5.247282]     utils-0051 util_eval_error       : Evaluate [\_SB_.PCI0.OHC3.RHUB._SUN]: AE_NOT_FOUND
[    5.247298]      scan-1922 add_single_object     : Added device:20 [\_SB_.PCI0.OHC3.RHUB] parent device:1f
[    5.247308]      scan-1133 get_device_data       : No context for object [ffff88040d83b5a0]
[    5.247316]      scan-1133 get_device_data       : No context for object [ffff88040d827550]
[    5.247323]     utils-0051 util_eval_error       : Evaluate [\_SB_.PCI0.EHC3._STA]: AE_NOT_FOUND
[    5.247422] device: 'device:21': device_add
[    5.247428] bus: 'acpi': add device device:21
[    5.247452]     utils-0051 util_eval_error       : Evaluate [\_SB_.PCI0.EHC3._SUN]: AE_NOT_FOUND
[    5.247467]      scan-1922 add_single_object     : Added device:21 [\_SB_.PCI0.EHC3] parent PNP0A08:00
[    5.247478]      scan-1133 get_device_data       : No context for object [ffff88040d827578]
[    5.247485]      scan-1133 get_device_data       : No context for object [ffff88040d8275a0]
[    5.247492]      scan-1133 get_device_data       : No context for object [ffff88040d83b2a8]
[    5.247500]     utils-0051 util_eval_error       : Evaluate [\_SB_.PCI0.EHC3.RHUB._STA]: AE_NOT_FOUND
[    5.247540] device: 'device:22': device_add
[    5.247546] bus: 'acpi': add device device:22
[    5.247564]     utils-0051 util_eval_error       : Evaluate [\_SB_.PCI0.EHC3.RHUB._SUN]: AE_NOT_FOUND
[    5.247581]      scan-1922 add_single_object     : Added device:22 [\_SB_.PCI0.EHC3.RHUB] parent device:21
[    5.247591]      scan-1133 get_device_data       : No context for object [ffff88040d83b2d0]
[    5.247598]      scan-1133 get_device_data       : No context for object [ffff88040d8275c8]
[    5.247606]     utils-0051 util_eval_error       : Evaluate [\_SB_.PCI0.OHC4._STA]: AE_NOT_FOUND
[    5.247704] device: 'device:23': device_add
[    5.247712] bus: 'acpi': add device device:23
[    5.247729]     utils-0051 util_eval_error       : Evaluate [\_SB_.PCI0.OHC4._SUN]: AE_NOT_FOUND
[    5.247745]      scan-1922 add_single_object     : Added device:23 [\_SB_.PCI0.OHC4] parent PNP0A08:00
[    5.247756]      scan-1133 get_device_data       : No context for object [ffff88040d8275f0]
[    5.247764]      scan-1133 get_device_data       : No context for object [ffff88040d827618]
[    5.247768]      scan-1133 get_device_data       : No context for object [ffff88040d827640]
[    5.247773]     utils-0051 util_eval_error       : Evaluate [\_SB_.PCI0.SBAZ._STA]: AE_NOT_FOUND
[    5.247808] device: 'device:24': device_add
[    5.247812] bus: 'acpi': add device device:24
[    5.247825]     utils-0051 util_eval_error       : Evaluate [\_SB_.PCI0.SBAZ._SUN]: AE_NOT_FOUND
[    5.247836]      scan-1922 add_single_object     : Added device:24 [\_SB_.PCI0.SBAZ] parent PNP0A08:00
[    5.247842]      scan-1133 get_device_data       : No context for object [ffff88040d827668]
[    5.247847]      scan-1133 get_device_data       : No context for object [ffff88040d827690]
[    5.247851]      scan-1133 get_device_data       : No context for object [ffff88040d8276b8]
[    5.247856]     utils-0051 util_eval_error       : Evaluate [\_SB_.PCI0.GEC_._STA]: AE_NOT_FOUND
[    5.247944] device: 'device:25': device_add
[    5.247949] bus: 'acpi': add device device:25
[    5.247960]     utils-0051 util_eval_error       : Evaluate [\_SB_.PCI0.GEC_._SUN]: AE_NOT_FOUND
[    5.247976]      scan-1922 add_single_object     : Added device:25 [\_SB_.PCI0.GEC_] parent PNP0A08:00
[    5.247987]      scan-1133 get_device_data       : No context for object [ffff88040d8276e0]
[    5.247993]      scan-1133 get_device_data       : No context for object [ffff88040d827708]
[    5.248000]      scan-1133 get_device_data       : No context for object [ffff88040d827730]
[    5.248007]      scan-1133 get_device_data       : No context for object [ffff88040d827758]
[    5.248014]      scan-1133 get_device_data       : No context for object [ffff88040d827780]
[    5.248020]      scan-1133 get_device_data       : No context for object [ffff88040d8277a8]
[    5.248027]      scan-1133 get_device_data       : No context for object [ffff88040d8277d0]
[    5.248034]      scan-1133 get_device_data       : No context for object [ffff88040d8277f8]
[    5.248040]      scan-1133 get_device_data       : No context for object [ffff88040d827820]
[    5.248049]     utils-0051 util_eval_error       : Evaluate [\_SB_.PCI0.SATA._STA]: AE_NOT_FOUND
[    5.248096] device: 'device:26': device_add
[    5.248103] bus: 'acpi': add device device:26
[    5.248121]     utils-0051 util_eval_error       : Evaluate [\_SB_.PCI0.SATA._SUN]: AE_NOT_FOUND
[    5.250008]      scan-1922 add_single_object     : Added device:26 [\_SB_.PCI0.SATA] parent PNP0A08:00
[    5.250008]      scan-1133 get_device_data       : No context for object [ffff88040d827848]
[    5.250008]      scan-1133 get_device_data       : No context for object [ffff88040d827870]
[    5.250008]      scan-1133 get_device_data       : No context for object [ffff88040d827898]
[    5.250008]      scan-1133 get_device_data       : No context for object [ffff88040d8278c0]
[    5.250008]      scan-1133 get_device_data       : No context for object [ffff88040d8278e8]
[    5.250008]      scan-1133 get_device_data       : No context for object [ffff88040d827910]
[    5.250008]      scan-1133 get_device_data       : No context for object [ffff88040d827938]
[    5.250008]      scan-1133 get_device_data       : No context for object [ffff88040d827960]
[    5.250008]      scan-1133 get_device_data       : No context for object [ffff88040d827988]
[    5.250008]      scan-1133 get_device_data       : No context for object [ffff88040d8279b0]
[    5.250008]      scan-1133 get_device_data       : No context for object [ffff88040d8279d8]
[    5.250008]      scan-1133 get_device_data       : No context for object [ffff88040d827a00]
[    5.250008]      scan-1133 get_device_data       : No context for object [ffff88040d827a28]
[    5.250008]      scan-1133 get_device_data       : No context for object [ffff88040d827a50]
[    5.250008]      scan-1133 get_device_data       : No context for object [ffff88040d827a78]
[    5.250008]      scan-1133 get_device_data       : No context for object [ffff88040d827aa0]
[    5.250008]      scan-1133 get_device_data       : No context for object [ffff88040d827ac8]
[    5.250008]      scan-1133 get_device_data       : No context for object [ffff88040d827af0]
[    5.250008]      scan-1133 get_device_data       : No context for object [ffff88040d827b18]
[    5.250008]      scan-1133 get_device_data       : No context for object [ffff88040d827b40]
[    5.250008]      scan-1133 get_device_data       : No context for object [ffff88040d827b68]
[    5.250008]      scan-1133 get_device_data       : No context for object [ffff88040d827b90]
[    5.250008]      scan-1133 get_device_data       : No context for object [ffff88040d827bb8]
[    5.250008]      scan-1133 get_device_data       : No context for object [ffff88040d827be0]
[    5.250008]      scan-1133 get_device_data       : No context for object [ffff88040d827c08]
[    5.250008]      scan-1133 get_device_data       : No context for object [ffff88040d827c30]
[    5.250008]      scan-1133 get_device_data       : No context for object [ffff88040d827c58]
[    5.250008]      scan-1133 get_device_data       : No context for object [ffff88040d827c80]
[    5.250008]      scan-1133 get_device_data       : No context for object [ffff88040d827ca8]
[    5.250008]      scan-1133 get_device_data       : No context for object [ffff88040d827cd0]
[    5.250008]      scan-1133 get_device_data       : No context for object [ffff88040d827cf8]
[    5.250008]      scan-1133 get_device_data       : No context for object [ffff88040d827d20]
[    5.250008]      scan-1133 get_device_data       : No context for object [ffff88040d827d48]
[    5.250008]      scan-1133 get_device_data       : No context for object [ffff88040d827d70]
[    5.250008]      scan-1133 get_device_data       : No context for object [ffff88040d827d98]
[    5.250008]      scan-1133 get_device_data       : No context for object [ffff88040d827dc0]
[    5.250008]      scan-1133 get_device_data       : No context for object [ffff88040d827de8]
[    5.250008]      scan-1133 get_device_data       : No context for object [ffff88040d827e10]
[    5.250008]      scan-1133 get_device_data       : No context for object [ffff88040d827e38]
[    5.250008]      scan-1133 get_device_data       : No context for object [ffff88040d827e60]
[    5.250008]      scan-1133 get_device_data       : No context for object [ffff88040d827e88]
[    5.250008]      scan-1133 get_device_data       : No context for object [ffff88040d827eb0]
[    5.250008]      scan-1133 get_device_data       : No context for object [ffff88040d827ed8]
[    5.250008]      scan-1133 get_device_data       : No context for object [ffff88040d827f00]
