[    0.000000] Initializing cgroup subsys cpuset
[    0.000000] Initializing cgroup subsys cpu
[    0.000000] Initializing cgroup subsys cpuacct
[    0.000000] Linux version 3.16.0-1rc6-MANJARO (emacs@manji) (gcc version 4.9.0 20140604 (prerelease) (GCC) ) #2 SMP Fri Jul 25 07:54:24 CEST 2014
[    0.000000] Command line: BOOT_IMAGE=/vmlinuz-316-x86_64 root=UUID=bfa4ab6e-19a3-4601-ba2b-267c55841c73 rw cryptdevice=/dev/disk/by-uuid/70c08890-417a-497d-b6ab-c0d0357a63e2:cryptManjaro:allow-discards ipv6.disable=1 pnp.debug=1 loglevel=9 log_buf_len=10M printk.always_kmsg_dump=y printk.time=y mminit_loglevel=0 memory_corruption_check=1 fbcon=scrollback:4096k fbcon=font:ProFont6x11 acpi.debug_layer=0xfbff0000 acpi.debug_level=0xFFFFFFFD pnp.debug=1 radeonfb radeon.audio=0 radeon.lockup_timeout=0 radeon.test=0 radeon.agpmode=0 radeon.benchmark=0 radeon.tv=0 radeon.fastfb=1 radeon.hard_reset=1 radeon.aspm=1 radeon.dpm=1 radeon.msi=1 radeon.pcie_gen2=-1 radeon.no_wb=1 radeon.modeset=1 radeon.dynclks=1 radeon.r4xx_atom=0 radeon.runpm=0 nohz=on
[    0.000000] KERNEL supported cpus:
[    0.000000]   AMD AuthenticAMD
[    0.000000] e820: BIOS-provided physical RAM map:
[    0.000000] BIOS-e820: [mem 0x0000000000000000-0x000000000009d7ff] usable
[    0.000000] BIOS-e820: [mem 0x000000000009d800-0x000000000009ffff] reserved
[    0.000000] BIOS-e820: [mem 0x00000000000e0000-0x00000000000fffff] reserved
[    0.000000] BIOS-e820: [mem 0x0000000000100000-0x00000000bed9afff] usable
[    0.000000] BIOS-e820: [mem 0x00000000bed9b000-0x00000000bf39afff] reserved
[    0.000000] BIOS-e820: [mem 0x00000000bf39b000-0x00000000bf49afff] ACPI NVS
[    0.000000] BIOS-e820: [mem 0x00000000bf49b000-0x00000000bf51afff] ACPI data
[    0.000000] BIOS-e820: [mem 0x00000000bf51b000-0x00000000bfdfffff] usable
[    0.000000] BIOS-e820: [mem 0x00000000bfe00000-0x00000000bfffffff] reserved
[    0.000000] BIOS-e820: [mem 0x00000000fec00000-0x00000000fecfffff] reserved
[    0.000000] BIOS-e820: [mem 0x00000000fed80000-0x00000000fed80fff] reserved
[    0.000000] BIOS-e820: [mem 0x00000000ffe00000-0x00000000ffffffff] reserved
[    0.000000] BIOS-e820: [mem 0x0000000100000000-0x000000041effffff] usable
[    0.000000] NX (Execute Disable) protection: active
[    0.000000] SMBIOS 2.6 present.
[    0.000000] DMI: LENOVO Sabine/Torpedo, BIOS 54CN18WW 07/20/2011
[    0.000000] e820: update [mem 0x00000000-0x00000fff] usable ==> reserved
[    0.000000] e820: remove [mem 0x000a0000-0x000fffff] usable
[    0.000000] e820: last_pfn = 0x41f000 max_arch_pfn = 0x400000000
[    0.000000] MTRR default type: uncachable
[    0.000000] MTRR fixed ranges enabled:
[    0.000000]   00000-9FFFF write-back
[    0.000000]   A0000-BFFFF uncachable
[    0.000000]   C0000-FFFFF write-protect
[    0.000000] MTRR variable ranges enabled:
[    0.000000]   0 base 0000000000 mask FF80000000 write-back
[    0.000000]   1 base 0080000000 mask FFC0000000 write-back
[    0.000000]   2 base 00FFF90000 mask FFFFFF0000 uncachable
[    0.000000]   3 base 00FED80000 mask 0FFFFFF000 uncachable
[    0.000000]   4 disabled
[    0.000000]   5 disabled
[    0.000000]   6 disabled
[    0.000000]   7 base 00FFE00000 mask FFFFE00000 write-protect
[    0.000000] TOM2: 000000041f000000 aka 16880M
[    0.000000] mtrr: your BIOS has configured an incorrect mask, fixing it.
[    0.000000] e820: last_pfn = 0xbfe00 max_arch_pfn = 0x400000000
[    0.000000] found SMP MP-table at [mem 0x000fa8b0-0x000fa8bf] mapped at [ffff8800000fa8b0]
[    0.000000] Base memory trampoline at [ffff880000097000] 97000 size 24576
[    0.000000] Using GB pages for direct mapping
[    0.000000] init_memory_mapping: [mem 0x00000000-0x000fffff]
[    0.000000]  [mem 0x00000000-0x000fffff] page 4k
[    0.000000] BRK [0x02024000, 0x02024fff] PGTABLE
[    0.000000] BRK [0x02025000, 0x02025fff] PGTABLE
[    0.000000] BRK [0x02026000, 0x02026fff] PGTABLE
[    0.000000] init_memory_mapping: [mem 0x41ee00000-0x41effffff]
[    0.000000]  [mem 0x41ee00000-0x41effffff] page 2M
[    0.000000] BRK [0x02027000, 0x02027fff] PGTABLE
[    0.000000] init_memory_mapping: [mem 0x41c000000-0x41edfffff]
[    0.000000]  [mem 0x41c000000-0x41edfffff] page 2M
[    0.000000] init_memory_mapping: [mem 0x400000000-0x41bffffff]
[    0.000000]  [mem 0x400000000-0x41bffffff] page 2M
[    0.000000] init_memory_mapping: [mem 0x00100000-0xbed9afff]
[    0.000000]  [mem 0x00100000-0x001fffff] page 4k
[    0.000000]  [mem 0x00200000-0x3fffffff] page 2M
[    0.000000]  [mem 0x40000000-0x7fffffff] page 1G
[    0.000000]  [mem 0x80000000-0xbebfffff] page 2M
[    0.000000]  [mem 0xbec00000-0xbed9afff] page 4k
[    0.000000] init_memory_mapping: [mem 0xbf51b000-0xbfdfffff]
[    0.000000]  [mem 0xbf51b000-0xbf5fffff] page 4k
[    0.000000]  [mem 0xbf600000-0xbfdfffff] page 2M
[    0.000000] BRK [0x02028000, 0x02028fff] PGTABLE
[    0.000000] init_memory_mapping: [mem 0x100000000-0x3ffffffff]
[    0.000000]  [mem 0x100000000-0x3ffffffff] page 1G
[    0.000000] log_buf_len: 16777216
[    0.000000] early log buf free: 2092092(99%)
[    0.000000] RAMDISK: [mem 0x37856000-0x37c22fff]
[    0.000000] ACPI: Early table checksum verification disabled
[    0.000000] ACPI: RSDP 0x00000000000F0110 000024 (v02 LENOVO)
[    0.000000] ACPI: XSDT 0x00000000BF51A120 000074 (v01 LENOVO CB-01    00000001 LENO 00000001)
[    0.000000] ACPI: FACP 0x00000000BF508000 0000F4 (v04 LENOVO CB-01    00000001 PTL  00000001)
[    0.000000] ACPI: DSDT 0x00000000BF50A000 00FD10 (v01 LENOVO CB-01    00001000 LENO 00000001)
[    0.000000] ACPI: FACS 0x00000000BF478000 000040
[    0.000000] ACPI: HPET 0x00000000BF507000 000038 (v01 LENOVO CB-01    00000001 PTL  00000001)
[    0.000000] ACPI: APIC 0x00000000BF506000 00007A (v02 LENOVO CB-01    00000001 PTL  00000001)
[    0.000000] ACPI: MCFG 0x00000000BF505000 00003C (v01 LENOVO CB-01    00000001 PTL  00000001)
[    0.000000] ACPI: SLIC 0x00000000BF504000 000176 (v01 LENOVO CB-01    00000001 LENO 00000001)
[    0.000000] ACPI: UEFI 0x00000000BF503000 00003E (v01 LENOVO CB-01    00000001 PTL  00000001)
[    0.000000] ACPI: UEFI 0x00000000BF502000 000042 (v01 PTL    COMBUF   00000001 PTL  00000001)
[    0.000000] ACPI: SSDT 0x00000000BF501000 000E34 (v01 AMD    POWERNOW 00000001 AMD  00000001)
[    0.000000] ACPI: SSDT 0x00000000BF4FF000 00193D (v02 AMD    ALIB     00000001 MSFT 04000000)
[    0.000000] ACPI: UEFI 0x00000000BF4FE000 00021A (v01 LENOVO CB-01    00000001 PTL  00000001)
[    0.000000] ACPI: Local APIC address 0xfee00000
[    0.000000] No NUMA configuration found
[    0.000000] Faking a node at [mem 0x0000000000000000-0x000000041effffff]
[    0.000000] Initmem setup node 0 [mem 0x00000000-0x41effffff]
[    0.000000]   NODE_DATA [mem 0x41dffa000-0x41dffdfff]
[    0.000000]  [ffffea0000000000-ffffea00107fffff] PMD -> [ffff88040de00000-ffff88041d5fffff] on node 0
[    0.000000] Zone ranges:
[    0.000000]   DMA      [mem 0x00001000-0x00ffffff]
[    0.000000]   DMA32    [mem 0x01000000-0xffffffff]
[    0.000000]   Normal   [mem 0x100000000-0x41effffff]
[    0.000000] Movable zone start for each node
[    0.000000] Early memory node ranges
[    0.000000]   node   0: [mem 0x00001000-0x0009cfff]
[    0.000000]   node   0: [mem 0x00100000-0xbed9afff]
[    0.000000]   node   0: [mem 0xbf51b000-0xbfdfffff]
[    0.000000]   node   0: [mem 0x100000000-0x41effffff]
[    0.000000] On node 0 totalpages: 4056604
[    0.000000]   DMA zone: 64 pages used for memmap
[    0.000000]   DMA zone: 21 pages reserved
[    0.000000]   DMA zone: 3996 pages, LIFO batch:0
[    0.000000]   DMA32 zone: 12186 pages used for memmap
[    0.000000]   DMA32 zone: 779904 pages, LIFO batch:31
[    0.000000]   Normal zone: 51136 pages used for memmap
[    0.000000]   Normal zone: 3272704 pages, LIFO batch:31
[    0.000000] ACPI: PM-Timer IO Port: 0x808
[    0.000000] ACPI: Local APIC address 0xfee00000
[    0.000000] ACPI: LAPIC (acpi_id[0x00] lapic_id[0x00] enabled)
[    0.000000] ACPI: LAPIC (acpi_id[0x01] lapic_id[0x01] enabled)
[    0.000000] ACPI: LAPIC (acpi_id[0x02] lapic_id[0x02] enabled)
[    0.000000] ACPI: LAPIC (acpi_id[0x03] lapic_id[0x03] enabled)
[    0.000000] ACPI: LAPIC_NMI (acpi_id[0x00] high edge lint[0x1])
[    0.000000] ACPI: LAPIC_NMI (acpi_id[0x01] high edge lint[0x1])
[    0.000000] ACPI: LAPIC_NMI (acpi_id[0x02] high edge lint[0x1])
[    0.000000] ACPI: LAPIC_NMI (acpi_id[0x03] high edge lint[0x1])
[    0.000000] ACPI: IOAPIC (id[0x02] address[0xfec00000] gsi_base[0])
[    0.000000] IOAPIC[0]: apic_id 2, version 33, address 0xfec00000, GSI 0-23
[    0.000000] ACPI: INT_SRC_OVR (bus 0 bus_irq 0 global_irq 2 dfl dfl)
[    0.000000] ACPI: IRQ0 used by override.
[    0.000000] ACPI: IRQ2 used by override.
[    0.000000] ACPI: IRQ9 used by override.
[    0.000000] Using ACPI (MADT) for SMP configuration information
[    0.000000] ACPI: HPET id: 0x43538210 base: 0xfed00000
[    0.000000] smpboot: Allowing 4 CPUs, 0 hotplug CPUs
[    0.000000] nr_irqs_gsi: 40
[    0.000000] e820: [mem 0xc0000000-0xfebfffff] available for PCI devices
[    0.000000] setup_percpu: NR_CPUS:64 nr_cpumask_bits:64 nr_cpu_ids:4 nr_node_ids:1
[    0.000000] PERCPU: Embedded 27 pages/cpu @ffff88041dc00000 s80128 r8192 d22272 u524288
[    0.000000] pcpu-alloc: s80128 r8192 d22272 u524288 alloc=1*2097152
[    0.000000] pcpu-alloc: [0] 0 1 2 3 
[    0.000000] Built 1 zonelists in Zone order, mobility grouping on.  Total pages: 3993197
[    0.000000] Policy zone: Normal
[    0.000000] Kernel command line: BOOT_IMAGE=/vmlinuz-316-x86_64 root=UUID=bfa4ab6e-19a3-4601-ba2b-267c55841c73 rw cryptdevice=/dev/disk/by-uuid/70c08890-417a-497d-b6ab-c0d0357a63e2:cryptManjaro:allow-discards ipv6.disable=1 pnp.debug=1 loglevel=9 log_buf_len=10M printk.always_kmsg_dump=y printk.time=y mminit_loglevel=0 memory_corruption_check=1 fbcon=scrollback:4096k fbcon=font:ProFont6x11 acpi.debug_layer=0xfbff0000 acpi.debug_level=0xFFFFFFFD pnp.debug=1 radeonfb radeon.audio=0 radeon.lockup_timeout=0 radeon.test=0 radeon.agpmode=0 radeon.benchmark=0 radeon.tv=0 radeon.fastfb=1 radeon.hard_reset=1 radeon.aspm=1 radeon.dpm=1 radeon.msi=1 radeon.pcie_gen2=-1 radeon.no_wb=1 radeon.modeset=1 radeon.dynclks=1 radeon.r4xx_atom=0 radeon.runpm=0 nohz=on
[    0.000000] PID hash table entries: 4096 (order: 3, 32768 bytes)
[    0.000000] Memory: 15868884K/16226416K available (6414K kernel code, 771K rwdata, 2840K rodata, 848K init, 2592K bss, 357532K reserved)
[    0.000000] SLUB: HWalign=64, Order=0-3, MinObjects=0, CPUs=4, Nodes=1
[    0.000000] Hierarchical RCU implementation.
[    0.000000] 	RCU dyntick-idle grace-period acceleration is enabled.
[    0.000000] 	Additional per-CPU info printed with stalls.
[    0.000000] 	RCU restricting CPUs from NR_CPUS=64 to nr_cpu_ids=4.
[    0.000000] 	Offload RCU callbacks from all CPUs
[    0.000000] 	Offload RCU callbacks from CPUs: 0-3.
[    0.000000] RCU: Adjusting geometry for rcu_fanout_leaf=16, nr_cpu_ids=4
[    0.000000] NO_HZ: Full dynticks CPUs: 1-63.
[    0.000000] NR_IRQS:4352 nr_irqs:712 16
[    0.000000] spurious 8259A interrupt: IRQ7.
[    0.000000] Console: colour dummy device 80x25
[    0.000000] console [tty0] enabled
[    0.000000] allocated 65011712 bytes of page_cgroup
[    0.000000] please try 'cgroup_disable=memory' option if you don't want memory cgroups
[    0.000000] hpet clockevent registered
[    0.000000] tsc: Fast TSC calibration using PIT
[    0.000000] tsc: Detected 1397.433 MHz processor
[    0.000041] Calibrating delay loop (skipped), value calculated using timer frequency.. 2795.31 BogoMIPS (lpj=4658110)
[    0.000046] pid_max: default: 32768 minimum: 301
[    0.000056] ACPI: Core revision 20140424
[    0.015969] ACPI: All ACPI Tables successfully acquired
[    0.017337] Security Framework initialized
[    0.018445] Dentry cache hash table entries: 2097152 (order: 12, 16777216 bytes)
[    0.023604] Inode-cache hash table entries: 1048576 (order: 11, 8388608 bytes)
[    0.026239] Mount-cache hash table entries: 32768 (order: 6, 262144 bytes)
[    0.026262] Mountpoint-cache hash table entries: 32768 (order: 6, 262144 bytes)
[    0.026742] Initializing cgroup subsys memory
[    0.026782] Initializing cgroup subsys devices
[    0.026795] Initializing cgroup subsys freezer
[    0.026799] Initializing cgroup subsys blkio
[    0.026825] tseg: 00bfe00000
[    0.026829] CPU: Physical Processor ID: 0
[    0.026831] CPU: Processor Core ID: 0
[    0.026833] mce: CPU supports 6 MCE banks
[    0.026844] Last level iTLB entries: 4KB 512, 2MB 16, 4MB 8
Last level dTLB entries: 4KB 1024, 2MB 128, 4MB 64, 1GB 0
tlb_flushall_shift: 6
[    0.026994] Freeing SMP alternatives memory: 20K (ffffffff81d96000 - ffffffff81d9b000)
[    0.027461] ..TIMER: vector=0x30 apic1=0 pin1=2 apic2=-1 pin2=-1
[    0.060482] smpboot: CPU0: AMD A6-3400M APU with Radeon(tm) HD Graphics (fam: 12, model: 01, stepping: 00)
[    0.164280] Performance Events: AMD PMU driver.
[    0.164285] ... version:                0
[    0.164287] ... bit width:              48
[    0.164289] ... generic registers:      4
[    0.164291] ... value mask:             0000ffffffffffff
[    0.164294] ... max period:             00007fffffffffff
[    0.164296] ... fixed-purpose events:   0
[    0.164298] ... event mask:             000000000000000f
[    0.164761] MCE: In-kernel MCE decoding enabled.
[    0.164848] NMI watchdog: enabled on all CPUs, permanently consumes one hw-PMU counter.
[    0.164975] x86: Booting SMP configuration:
[    0.164980] .... node  #0, CPUs:      #1
[    0.178202] TSC synchronization [CPU#0 -> CPU#1]:
[    0.178207] Measured 133793697 cycles TSC warp between CPUs, turning off TSC clock.
[    0.178215] tsc: Marking TSC unstable due to check_tsc_sync_source failed
[    0.178393]  #2 #3
[    0.200879] x86: Booted up 1 node, 4 CPUs
[    0.200887] smpboot: Total of 4 processors activated (11183.27 BogoMIPS)
[    0.100112] devtmpfs: initialized
[    0.100112] device: 'platform': device_add
[    0.100112] bus: 'platform': registered
[    0.100113] bus: 'cpu': registered
[    0.100118] device: 'cpu': device_add
[    0.100146] bus: 'container': registered
[    0.100151] device: 'container': device_add
[    0.100579] bus: 'workqueue': registered
[    0.100579] device: 'workqueue': device_add
[    0.100579] kworker/u8:0 (39) used greatest stack depth: 14144 bytes left
[    0.100635] atomic64_test: passed for x86-64 platform with CX8 and with SSE
[    0.100646] device class 'regulator': registering
[    0.100685] Registering platform device 'reg-dummy'. Parent at platform
[    0.100689] device: 'reg-dummy': device_add
[    0.100698] bus: 'platform': add device reg-dummy
[    0.100724] bus: 'platform': add driver reg-dummy
[    0.100732] bus: 'platform': driver_probe_device: matched device reg-dummy with driver reg-dummy
[    0.100738] bus: 'platform': really_probe: probing driver reg-dummy with device reg-dummy
[    0.103346] device: 'regulator.0': device_add
[    0.103378] regulator-dummy: no parameters
[    0.103393] driver: 'reg-dummy': driver_bound: bound to device 'reg-dummy'
[    0.103398] bus: 'platform': really_probe: bound device reg-dummy to driver reg-dummy
[    0.103486] NET: Registered protocol family 16
[    0.103790] device class 'bdi': registering
[    0.103811] bus: 'platform': add driver ramoops
[    0.103840] device class 'pci_bus': registering
[    0.103873] bus: 'pci': registered
[    0.103882] device class 'backlight': registering
[    0.103895] device class 'tty': registering
[    0.103910] device class 'vtconsole': registering
[    0.103922] device: 'vtcon0': device_add
[    0.103970] bus: 'node': registered
[    0.103977] device: 'node': device_add
[    0.104013] bus: 'i2c': registered
[    0.104019] bus: 'i2c': add driver dummy
[    0.104033] i2c-core: driver [dummy] registered
[    0.104040] cpuidle: using governor ladder
[    0.104046] cpuidle: using governor menu
[    0.104519] ACPI FADT declares the system doesn't support PCIe ASPM, so disable it
[    0.104525] ACPI: bus type PCI registered
[    0.104529] acpiphp: ACPI Hot Plug PCI Controller Driver version: 0.5
[    0.104535] device class 'dmi': registering
[    0.104549] device: 'id': device_add
[    0.104676] PCI: MMCONFIG for domain 0000 [bus 00-3f] at [mem 0xf8000000-0xfbffffff] (base 0xf8000000)
[    0.104683] PCI: not using MMCONFIG
[    0.104687] PCI: Using configuration type 1 for base access
[    0.104690] PCI: Using configuration type 1 for extended access
[    0.104989] device: 'node0': device_add
[    0.104996] bus: 'node': add device node0
[    0.105032] device: 'cpu0': device_add
[    0.105039] bus: 'cpu': add device cpu0
[    0.105081] device: 'cpu1': device_add
[    0.105088] bus: 'cpu': add device cpu1
[    0.105131] device: 'cpu2': device_add
[    0.105137] bus: 'cpu': add device cpu2
[    0.105176] device: 'cpu3': device_add
[    0.105183] bus: 'cpu': add device cpu3
[    0.105224] mtrr: your CPUs had inconsistent variable MTRR settings
[    0.105227] mtrr: probably your BIOS does not setup all CPUs.
[    0.105230] mtrr: corrected configuration.
[    0.120077] device: 'writeback': device_add
[    0.120077] bus: 'workqueue': add device writeback
[    0.120122] device: 'default': device_add
[    0.120240] device class 'block': registering
[    0.120240] device class 'graphics': registering
[    0.120240] ACPI: Added _OSI(Module Device)
[    0.120240] ACPI: Added _OSI(Processor Device)
[    0.120240] ACPI: Added _OSI(3.0 _SCP Extensions)
[    0.120240] ACPI: Added _OSI(Processor Aggregator Device)
[    0.121461] 
**** Context Switch from TID 4294967295 to TID 137625600 ****

[    0.121471]     utils-0051 util_eval_error       : Evaluate [\_SB_.PCI0.LPC0.EC0_._GLK]: AE_NOT_FOUND
[    0.121846] Executing  Method       \_SB_.PCI0.LPC0.EC0_._REG
[    0.122528] Executing  Method       \_SB_.PCI0.LPC0.EC0_._REG
[    0.122552] Executing  Method       \_SB_.PCI0.LPC0.EC0_._REG
[    0.122620] Executing  Method       \_SB_.PCI0.LPC0.EC0_._REG
[    0.125633] Initializing Region       \_SB_.OSTY
[    0.125665] Initializing Region       \_SB_.PCI0.NBMS
[    0.125685] Initializing Region       \_SB_.PCI0.NBXP
[    0.125708] Initializing Region       \_SB_.PCI0.K8ST
[    0.125758] Initializing Region       \_SB_.PCI0.BAR1
[    0.125778] Initializing Region       \_SB_.PCI0.PB2_.XPEX
[    0.125790] Initializing Region       \_SB_.PCI0.PB2_.PCFG
[    0.125802] Initializing Region       \_SB_.PCI0.PB2_.XPCB
[    0.125814] Initializing Region       \_SB_.PCI0.PB2_.XPRI
[    0.125829] Initializing Region       \_SB_.PCI0.PB2_.VGA_.PCFG
[    0.125878] Initializing Region       \_SB_.PCI0.PB2_.HDAU.PCFG
[    0.125899] Initializing Region       \_SB_.PCI0.PB3_.XPEX
[    0.125913] Initializing Region       \_SB_.PCI0.PB3_.PCFG
[    0.125933] Initializing Region       \_SB_.PCI0.PB3_.XPCB
[    0.125953] Initializing Region       \_SB_.PCI0.PB3_.XPRI
[    0.125977] Initializing Region       \_SB_.PCI0.PB3_.VGA_.PCFG
[    0.126067] Initializing Region       \_SB_.PCI0.PB3_.HDAU.PCFG
[    0.126100] Initializing Region       \_SB_.PCI0.PB4_.XPEX
[    0.126119] Initializing Region       \_SB_.PCI0.PB4_.PCFG
[    0.126138] Initializing Region       \_SB_.PCI0.PB4_.XPCB
[    0.126158] Initializing Region       \_SB_.PCI0.PB4_.XPRI
[    0.126182] Initializing Region       \_SB_.PCI0.PB4_.XPDV.PCFG
[    0.126215] Initializing Region       \_SB_.PCI0.PB5_.XPEX
[    0.126234] Initializing Region       \_SB_.PCI0.PB5_.PCFG
[    0.126253] Initializing Region       \_SB_.PCI0.PB5_.XPCB
[    0.126273] Initializing Region       \_SB_.PCI0.PB5_.XPRI
[    0.126297] Initializing Region       \_SB_.PCI0.PB5_.XPDV.PCFG
[    0.126330] Initializing Region       \_SB_.PCI0.PB6_.XPEX
[    0.126349] Initializing Region       \_SB_.PCI0.PB6_.PCFG
[    0.126368] Initializing Region       \_SB_.PCI0.PB6_.XPCB
[    0.126388] Initializing Region       \_SB_.PCI0.PB6_.XPRI
[    0.126412] Initializing Region       \_SB_.PCI0.PB6_.XPDV.PCFG
[    0.126445] Initializing Region       \_SB_.PCI0.PB7_.XPEX
[    0.126464] Initializing Region       \_SB_.PCI0.PB7_.PCFG
[    0.126483] Initializing Region       \_SB_.PCI0.PB7_.XPCB
[    0.126503] Initializing Region       \_SB_.PCI0.PB7_.XPRI
[    0.126527] Initializing Region       \_SB_.PCI0.PB7_.XPDV.PCFG
[    0.126832] Initializing Region       \_SB_.PCI0.SATC
[    0.126852] Initializing Region       \_SB_.PCI0.RMEM
[    0.126947] Initializing Region       \_SB_.PCI0.SATA.SATX
[    0.126973] Initializing Region       \_SB_.PCI0.SATA.BAR5
[    0.146868] Initializing Region       \_SB_.PCI0.SMB_.SBRV
[    0.146891] Initializing Region       \_SB_.PCI0.SMB_.PMIO
[    0.146905] Initializing Region       \_SB_.PCI0.SMB_.ERMM
[    0.147048] Initializing Region       \_SB_.PCI0.SMB_.P1E0
[    0.147079] Initializing Region       \_SB_.PCI0.SMB_.ABIO
[    0.147092] Initializing Region       \_SB_.PCI0.SMB_.SMB0
[    0.147108] Initializing Region       \_SB_.PCI0.LPC0.PIRQ
[    0.147154] Initializing Region       \_SB_.PCI0.LPC0.LPCR
[    0.147216] Initializing Region       \_SB_.PCI0.LPC0.LPCS
[    0.147235] Initializing Region       \_SB_.PCI0.LPC0.SMI0
[    0.147247] Initializing Region       \_SB_.PCI0.LPC0.SMI1
[    0.147263] Initializing Region       \_SB_.PCI0.LPC0.EC0_.ECO1
[    0.147275] Initializing Region       \_SB_.PCI0.LPC0.EC0_.ECO2
[    0.147287] Initializing Region       \_SB_.PCI0.LPC0.EC0_.ECMB
[    0.147298] Initializing Region       \_SB_.PCI0.LPC0.EC0_.RAM_
[    0.147382] Initializing Region       \_SB_.PCI0.LPC0.EC0_.CMOS
[    0.147409] Initializing Region       \_SB_.PCI0.LPC0.EC0_.VPC0.ERAM
[    0.147456] Initializing Region       \_SB_.PCI0.SPB0.PCFG
[    0.147469] Initializing Region       \_SB_.PCI0.SPB0.XPCB
[    0.147483] Initializing Region       \_SB_.PCI0.SPB0.XPDV.PCFG
[    0.147503] Initializing Region       \_SB_.PCI0.SPB1.PCFG
[    0.147515] Initializing Region       \_SB_.PCI0.SPB1.XPCB
[    0.147529] Initializing Region       \_SB_.PCI0.SPB1.XPDV.PCFG
[    0.147550] Initializing Region       \_SB_.PCI0.SPB2.PCFG
[    0.147562] Initializing Region       \_SB_.PCI0.SPB2.XPCB
[    0.147576] Initializing Region       \_SB_.PCI0.SPB2.XPDV.PCFG
[    0.147596] Initializing Region       \_SB_.PCI0.SPB3.PCFG
[    0.147608] Initializing Region       \_SB_.PCI0.SPB3.XPCB
[    0.147623] Initializing Region       \_SB_.PCI0.SPB3.XPDV.PCFG
[    0.147743] Initializing Region       \_SB_.PCI0.VGA_.REVD
[    0.147889] Initializing BufferField  \_SB_.AMW0.WLID
[    0.148192] Initializing Region       \DEB2
[    0.148205] Initializing Region       \PMIO
[    0.148216] Initializing Region       \P01_
[    0.148244] Initializing Region       \CNVS
[    0.148264] Initializing Region       \SPRT
[    0.148286] Initializing Region       \CMIO
[    0.148372] Executing  Method       \_SB_._STA
[    0.148372] Executing  Method       \_SB_._INI
[    0.148372] Executing  Method       \_SB_.PCI0._STA
[    0.148372] Executing  Method       \_SB_.PCI0._INI
[    0.148372] [Firmware Bug]: ACPI: BIOS _OSI(Linux) query ignored
[    0.148372] Executing  Method       \_SB_.PCI0.SATA._STA
[    0.148372] Executing  Method       \_SB_.PCI0.SATA._INI
[    0.148372] Executing  Method       \_SB_.PCI0.LPC0.EC0_._REG
[    0.176768] ACPI: Interpreter enabled
[    0.176786] ACPI: (supports S0 S5)
[    0.176789] ACPI: Using IOAPIC for interrupt routing
[    0.177049] PCI: MMCONFIG for domain 0000 [bus 00-3f] at [mem 0xf8000000-0xfbffffff] (base 0xf8000000)
[    0.177535] PCI: MMCONFIG at [mem 0xf8000000-0xfbffffff] reserved in ACPI motherboard resources
[    0.177692] bus: 'acpi': registered
[    0.177702] PCI: Using host bridge windows from ACPI; if necessary, use "pci=nocrs" and report a bug
[    0.177719]      scan-1133 get_device_data       : No context for object [ffffffffffffffff]
[    0.177733]     utils-0051 util_eval_error       : Evaluate [\._STA]: AE_NOT_FOUND
[    0.177758] device: 'LNXSYSTM:00': device_add
[    0.177767] bus: 'acpi': add device LNXSYSTM:00
[    0.177794]     utils-0051 util_eval_error       : Evaluate [\._SUN]: AE_NOT_FOUND
[    0.177814]      scan-1922 add_single_object     : Added LNXSYSTM:00 [\] parent (null)
[    0.177832]      scan-1133 get_device_data       : No context for object [ffff88040d81d000]
[    0.177839]      scan-1133 get_device_data       : No context for object [ffff88040d8377d0]
[    0.177847]      scan-1133 get_device_data       : No context for object [ffff88040d8377f8]
[    0.177854]      scan-1133 get_device_data       : No context for object [ffff88040d837820]
[    0.177860]      scan-1133 get_device_data       : No context for object [ffff88040d837848]
[    0.177867]      scan-1133 get_device_data       : No context for object [ffff88040d837870]
[    0.177873]      scan-1133 get_device_data       : No context for object [ffff88040d837898]
[    0.177880]      scan-1133 get_device_data       : No context for object [ffff88040d8378c0]
[    0.177886]      scan-1133 get_device_data       : No context for object [ffff88040d8378e8]
[    0.177893]      scan-1133 get_device_data       : No context for object [ffff88040d839398]
[    0.177899]      scan-1133 get_device_data       : No context for object [ffff88040d81d028]
[    0.177906]      scan-1133 get_device_data       : No context for object [ffff88040d81d168]
[    0.177914]     utils-0051 util_eval_error       : Evaluate [\_PR_.C000._STA]: AE_NOT_FOUND
[    0.177923]      scan-1133 get_device_data       : No context for object [ffff88040d81d028]
[    0.177938] device: 'LNXCPU:00': device_add
[    0.177945] bus: 'acpi': add device LNXCPU:00
[    0.177967]     utils-0051 util_eval_error       : Evaluate [\_PR_.C000._SUN]: AE_NOT_FOUND
[    0.177983]      scan-1922 add_single_object     : Added LNXCPU:00 [\_PR_.C000] parent LNXSYSTM:00
[    0.177994]      scan-1133 get_device_data       : No context for object [ffff88040d83c398]
[    0.178001]      scan-1133 get_device_data       : No context for object [ffff88040d83c3c0]
[    0.178008]      scan-1133 get_device_data       : No context for object [ffff88040d83c3e8]
[    0.178014]      scan-1133 get_device_data       : No context for object [ffff88040d83c410]
[    0.178021]      scan-1133 get_device_data       : No context for object [ffff88040d83c438]
[    0.178028]      scan-1133 get_device_data       : No context for object [ffff88040d83c460]
[    0.178034]      scan-1133 get_device_data       : No context for object [ffff88040d81d190]
[    0.178042]     utils-0051 util_eval_error       : Evaluate [\_PR_.C001._STA]: AE_NOT_FOUND
[    0.178049]      scan-1133 get_device_data       : No context for object [ffff88040d81d028]
[    0.178065] device: 'LNXCPU:01': device_add
[    0.178071] bus: 'acpi': add device LNXCPU:01
[    0.178090]     utils-0051 util_eval_error       : Evaluate [\_PR_.C001._SUN]: AE_NOT_FOUND
[    0.178106]      scan-1922 add_single_object     : Added LNXCPU:01 [\_PR_.C001] parent LNXSYSTM:00
[    0.178116]      scan-1133 get_device_data       : No context for object [ffff88040d83c488]
[    0.178123]      scan-1133 get_device_data       : No context for object [ffff88040d83c4b0]
[    0.178130]      scan-1133 get_device_data       : No context for object [ffff88040d83c4d8]
[    0.178136]      scan-1133 get_device_data       : No context for object [ffff88040d83c500]
[    0.178143]      scan-1133 get_device_data       : No context for object [ffff88040d83c528]
[    0.178150]      scan-1133 get_device_data       : No context for object [ffff88040d83c550]
[    0.178156]      scan-1133 get_device_data       : No context for object [ffff88040d81d1b8]
[    0.178164]     utils-0051 util_eval_error       : Evaluate [\_PR_.C002._STA]: AE_NOT_FOUND
[    0.178172]      scan-1133 get_device_data       : No context for object [ffff88040d81d028]
[    0.178186] device: 'LNXCPU:02': device_add
[    0.178193] bus: 'acpi': add device LNXCPU:02
[    0.178211]     utils-0051 util_eval_error       : Evaluate [\_PR_.C002._SUN]: AE_NOT_FOUND
[    0.178226]      scan-1922 add_single_object     : Added LNXCPU:02 [\_PR_.C002] parent LNXSYSTM:00
[    0.178237]      scan-1133 get_device_data       : No context for object [ffff88040d83c578]
[    0.178244]      scan-1133 get_device_data       : No context for object [ffff88040d83c5a0]
[    0.178251]      scan-1133 get_device_data       : No context for object [ffff88040d83c5c8]
[    0.178258]      scan-1133 get_device_data       : No context for object [ffff88040d83c5f0]
[    0.178264]      scan-1133 get_device_data       : No context for object [ffff88040d83c618]
[    0.178271]      scan-1133 get_device_data       : No context for object [ffff88040d83c640]
[    0.178278]      scan-1133 get_device_data       : No context for object [ffff88040d81d1e0]
[    0.178285]     utils-0051 util_eval_error       : Evaluate [\_PR_.C003._STA]: AE_NOT_FOUND
[    0.178293]      scan-1133 get_device_data       : No context for object [ffff88040d81d028]
[    0.178307] device: 'LNXCPU:03': device_add
[    0.178313] bus: 'acpi': add device LNXCPU:03
[    0.178337]     utils-0051 util_eval_error       : Evaluate [\_PR_.C003._SUN]: AE_NOT_FOUND
[    0.178353]      scan-1922 add_single_object     : Added LNXCPU:03 [\_PR_.C003] parent LNXSYSTM:00
[    0.178364]      scan-1133 get_device_data       : No context for object [ffff88040d83c668]
[    0.178370]      scan-1133 get_device_data       : No context for object [ffff88040d83c690]
[    0.178377]      scan-1133 get_device_data       : No context for object [ffff88040d83c6b8]
[    0.178384]      scan-1133 get_device_data       : No context for object [ffff88040d83c6e0]
[    0.178391]      scan-1133 get_device_data       : No context for object [ffff88040d83c708]
[    0.178397]      scan-1133 get_device_data       : No context for object [ffff88040d83c730]
[    0.178404]      scan-1133 get_device_data       : No context for object [ffff88040d81d050]
[    0.178412]     utils-0051 util_eval_error       : Evaluate [\_SB_._STA]: AE_NOT_FOUND
[    0.178470] device: 'LNXSYBUS:00': device_add
[    0.178476] bus: 'acpi': add device LNXSYBUS:00
[    0.178496]     utils-0051 util_eval_error       : Evaluate [\_SB_._SUN]: AE_NOT_FOUND
[    0.178514]      scan-1922 add_single_object     : Added LNXSYBUS:00 [\_SB_] parent LNXSYSTM:00
[    0.178529]      scan-1133 get_device_data       : No context for object [ffff88040d81d3c0]
[    0.178536]      scan-1133 get_device_data       : No context for object [ffff88040d81d3e8]
[    0.178543]      scan-1133 get_device_data       : No context for object [ffff88040d81d410]
[    0.178550]      scan-1133 get_device_data       : No context for object [ffff88040d81d438]
[    0.178556]      scan-1133 get_device_data       : No context for object [ffff88040d81d460]
[    0.178563]      scan-1133 get_device_data       : No context for object [ffff88040d81d488]
[    0.178569]      scan-1133 get_device_data       : No context for object [ffff88040d81d4b0]
[    0.178576]      scan-1133 get_device_data       : No context for object [ffff88040d81d5a0]
[    0.178583]     utils-0051 util_eval_error       : Evaluate [\_SB_.PWRB._STA]: AE_NOT_FOUND
[    0.178624] device: 'PNP0C0C:00': device_add
[    0.178631] bus: 'acpi': add device PNP0C0C:00
[    0.178649]     utils-0051 util_eval_error       : Evaluate [\_SB_.PWRB._SUN]: AE_NOT_FOUND
[    0.178665]      scan-1922 add_single_object     : Added PNP0C0C:00 [\_SB_.PWRB] parent LNXSYBUS:00
[    0.178681]      scan-1133 get_device_data       : No context for object [ffff88040d81d5c8]
[    0.178689]      scan-1133 get_device_data       : No context for object [ffff88040d81d5f0]
[    0.178698]     utils-0051 util_eval_error       : Evaluate [\_SB_.PCI0._STA]: AE_NOT_FOUND
[    0.178759] device: 'PNP0A08:00': device_add
[    0.178768] bus: 'acpi': add device PNP0A08:00
[    0.178790]     utils-0051 util_eval_error       : Evaluate [\_SB_.PCI0._SUN]: AE_NOT_FOUND
[    0.178808]      scan-1922 add_single_object     : Added PNP0A08:00 [\_SB_.PCI0] parent LNXSYBUS:00
[    0.178825]      scan-1133 get_device_data       : No context for object [ffff88040d81d618]
[    0.178832]      scan-1133 get_device_data       : No context for object [ffff88040d81d640]
[    0.178839]      scan-1133 get_device_data       : No context for object [ffff88040d81d668]
[    0.178845]      scan-1133 get_device_data       : No context for object [ffff88040d81d690]
[    0.178852]      scan-1133 get_device_data       : No context for object [ffff88040d81d6b8]
[    0.178856]      scan-1133 get_device_data       : No context for object [ffff88040d81d6e0]
[    0.178860]      scan-1133 get_device_data       : No context for object [ffff88040d81d708]
[    0.178864]      scan-1133 get_device_data       : No context for object [ffff88040d81d730]
[    0.178868]      scan-1133 get_device_data       : No context for object [ffff88040d81d758]
[    0.178872]      scan-1133 get_device_data       : No context for object [ffff88040d81d780]
[    0.178876]      scan-1133 get_device_data       : No context for object [ffff88040d81d7a8]
[    0.178880]      scan-1133 get_device_data       : No context for object [ffff88040d81d7d0]
[    0.178884]      scan-1133 get_device_data       : No context for object [ffff88040d81d7f8]
[    0.178888]      scan-1133 get_device_data       : No context for object [ffff88040d81d820]
[    0.178892]      scan-1133 get_device_data       : No context for object [ffff88040d81d848]
[    0.178896]      scan-1133 get_device_data       : No context for object [ffff88040d81d870]
[    0.178900]      scan-1133 get_device_data       : No context for object [ffff88040d81d898]
[    0.178904]      scan-1133 get_device_data       : No context for object [ffff88040d81d8c0]
[    0.178908]      scan-1133 get_device_data       : No context for object [ffff88040d81d8e8]
[    0.178912]      scan-1133 get_device_data       : No context for object [ffff88040d81d910]
[    0.178915]      scan-1133 get_device_data       : No context for object [ffff88040d81d938]
[    0.178920]      scan-1133 get_device_data       : No context for object [ffff88040d81d960]
[    0.178924]      scan-1133 get_device_data       : No context for object [ffff88040d81d988]
[    0.178927]      scan-1133 get_device_data       : No context for object [ffff88040d81d9b0]
[    0.178931]      scan-1133 get_device_data       : No context for object [ffff88040d81d9d8]
[    0.178935]      scan-1133 get_device_data       : No context for object [ffff88040d81da00]
[    0.178939]      scan-1133 get_device_data       : No context for object [ffff88040d81da28]
[    0.178943]      scan-1133 get_device_data       : No context for object [ffff88040d81da50]
[    0.178947]      scan-1133 get_device_data       : No context for object [ffff88040d81da78]
[    0.178951]      scan-1133 get_device_data       : No context for object [ffff88040d81daa0]
[    0.178955]      scan-1133 get_device_data       : No context for object [ffff88040d81dac8]
[    0.178959]      scan-1133 get_device_data       : No context for object [ffff88040d81daf0]
[    0.178963]      scan-1133 get_device_data       : No context for object [ffff88040d81db18]
[    0.178967]      scan-1133 get_device_data       : No context for object [ffff88040d81db40]
[    0.178971]      scan-1133 get_device_data       : No context for object [ffff88040d81db68]
[    0.178975]      scan-1133 get_device_data       : No context for object [ffff88040d81db90]
[    0.178979]      scan-1133 get_device_data       : No context for object [ffff88040d81dbb8]
[    0.178983]      scan-1133 get_device_data       : No context for object [ffff88040d81dbe0]
[    0.178987]      scan-1133 get_device_data       : No context for object [ffff88040d81dc08]
[    0.178991]      scan-1133 get_device_data       : No context for object [ffff88040d81dc30]
[    0.178994]      scan-1133 get_device_data       : No context for object [ffff88040d81dc58]
[    0.178998]      scan-1133 get_device_data       : No context for object [ffff88040d81dc80]
[    0.179002]      scan-1133 get_device_data       : No context for object [ffff88040d81dca8]
[    0.179006]      scan-1133 get_device_data       : No context for object [ffff88040d81dcd0]
[    0.179010]      scan-1133 get_device_data       : No context for object [ffff88040d81dcf8]
[    0.179014]      scan-1133 get_device_data       : No context for object [ffff88040d81dd20]
[    0.179021]      scan-1133 get_device_data       : No context for object [ffff88040d81dd48]
[    0.179027]      scan-1133 get_device_data       : No context for object [ffff88040d81dd70]
[    0.179034]      scan-1133 get_device_data       : No context for object [ffff88040d81dd98]
[    0.179040]      scan-1133 get_device_data       : No context for object [ffff88040d81ddc0]
[    0.179047]      scan-1133 get_device_data       : No context for object [ffff88040d81dde8]
[    0.179053]      scan-1133 get_device_data       : No context for object [ffff88040d81de10]
[    0.179060]      scan-1133 get_device_data       : No context for object [ffff88040d81de38]
[    0.179066]      scan-1133 get_device_data       : No context for object [ffff88040d81de60]
[    0.179073]      scan-1133 get_device_data       : No context for object [ffff88040d81de88]
[    0.179079]      scan-1133 get_device_data       : No context for object [ffff88040d81deb0]
[    0.179086]      scan-1133 get_device_data       : No context for object [ffff88040d81ded8]
[    0.179092]      scan-1133 get_device_data       : No context for object [ffff88040d81df00]
[    0.179098]      scan-1133 get_device_data       : No context for object [ffff88040d81df28]
[    0.179105]      scan-1133 get_device_data       : No context for object [ffff88040d81df50]
[    0.179111]      scan-1133 get_device_data       : No context for object [ffff88040d81df78]
[    0.179118]      scan-1133 get_device_data       : No context for object [ffff88040d81dfa0]
[    0.179124]      scan-1133 get_device_data       : No context for object [ffff88040d81dfc8]
[    0.179131]      scan-1133 get_device_data       : No context for object [ffff88040d822000]
[    0.179137]      scan-1133 get_device_data       : No context for object [ffff88040d822028]
[    0.179145]     utils-0051 util_eval_error       : Evaluate [\_SB_.PCI0.MEMR._STA]: AE_NOT_FOUND
[    0.179186] device: 'PNP0C02:00': device_add
[    0.179192] bus: 'acpi': add device PNP0C02:00
[    0.179210]     utils-0051 util_eval_error       : Evaluate [\_SB_.PCI0.MEMR._SUN]: AE_NOT_FOUND
[    0.179226]      scan-1922 add_single_object     : Added PNP0C02:00 [\_SB_.PCI0.MEMR] parent PNP0A08:00
[    0.179240]      scan-1133 get_device_data       : No context for object [ffff88040d822050]
[    0.179247]      scan-1133 get_device_data       : No context for object [ffff88040d822078]
[    0.179254]      scan-1133 get_device_data       : No context for object [ffff88040d8220a0]
[    0.179261]      scan-1133 get_device_data       : No context for object [ffff88040d8220c8]
[    0.179267]      scan-1133 get_device_data       : No context for object [ffff88040d8220f0]
[    0.179274]      scan-1133 get_device_data       : No context for object [ffff88040d822118]
[    0.179280]      scan-1133 get_device_data       : No context for object [ffff88040d822140]
[    0.179287]      scan-1133 get_device_data       : No context for object [ffff88040d822168]
[    0.179293]      scan-1133 get_device_data       : No context for object [ffff88040d822190]
[    0.179300]      scan-1133 get_device_data       : No context for object [ffff88040d8221b8]
[    0.179306]      scan-1133 get_device_data       : No context for object [ffff88040d8221e0]
[    0.179313]      scan-1133 get_device_data       : No context for object [ffff88040d822208]
[    0.179319]      scan-1133 get_device_data       : No context for object [ffff88040d822230]
[    0.179326]      scan-1133 get_device_data       : No context for object [ffff88040d822258]
[    0.179332]      scan-1133 get_device_data       : No context for object [ffff88040d822280]
[    0.179338]      scan-1133 get_device_data       : No context for object [ffff88040d8222a8]
[    0.179347]     utils-0051 util_eval_error       : Evaluate [\_SB_.PCI0.PB2_._STA]: AE_NOT_FOUND
[    0.179455] device: 'device:00': device_add
[    0.179462] bus: 'acpi': add device device:00
[    0.179483]     utils-0051 util_eval_error       : Evaluate [\_SB_.PCI0.PB2_._SUN]: AE_NOT_FOUND
[    0.179499]      scan-1922 add_single_object     : Added device:00 [\_SB_.PCI0.PB2_] parent PNP0A08:00
[    0.179510]      scan-1133 get_device_data       : No context for object [ffff88040d8222d0]
[    0.179517]      scan-1133 get_device_data       : No context for object [ffff88040d8222f8]
[    0.179524]      scan-1133 get_device_data       : No context for object [ffff88040d822320]
[    0.179531]      scan-1133 get_device_data       : No context for object [ffff88040d822348]
[    0.179538]      scan-1133 get_device_data       : No context for object [ffff88040d822370]
[    0.179544]      scan-1133 get_device_data       : No context for object [ffff88040d822398]
[    0.179551]      scan-1133 get_device_data       : No context for object [ffff88040d8223c0]
[    0.179558]      scan-1133 get_device_data       : No context for object [ffff88040d8223e8]
[    0.179564]      scan-1133 get_device_data       : No context for object [ffff88040d822410]
[    0.179570]      scan-1133 get_device_data       : No context for object [ffff88040d822438]
[    0.179577]      scan-1133 get_device_data       : No context for object [ffff88040d822460]
[    0.179583]      scan-1133 get_device_data       : No context for object [ffff88040d822488]
[    0.179590]      scan-1133 get_device_data       : No context for object [ffff88040d8224b0]
[    0.179596]      scan-1133 get_device_data       : No context for object [ffff88040d8224d8]
[    0.179603]      scan-1133 get_device_data       : No context for object [ffff88040d822500]
[    0.179609]      scan-1133 get_device_data       : No context for object [ffff88040d822528]
[    0.179616]      scan-1133 get_device_data       : No context for object [ffff88040d822550]
[    0.179622]      scan-1133 get_device_data       : No context for object [ffff88040d822578]
[    0.179629]      scan-1133 get_device_data       : No context for object [ffff88040d8225a0]
[    0.179635]      scan-1133 get_device_data       : No context for object [ffff88040d8225c8]
[    0.179642]      scan-1133 get_device_data       : No context for object [ffff88040d8225f0]
[    0.179648]      scan-1133 get_device_data       : No context for object [ffff88040d822618]
[    0.179655]      scan-1133 get_device_data       : No context for object [ffff88040d822640]
[    0.179661]      scan-1133 get_device_data       : No context for object [ffff88040d822668]
[    0.179668]      scan-1133 get_device_data       : No context for object [ffff88040d822690]
[    0.179674]      scan-1133 get_device_data       : No context for object [ffff88040d8226b8]
[    0.179681]      scan-1133 get_device_data       : No context for object [ffff88040d8226e0]
[    0.179687]      scan-1133 get_device_data       : No context for object [ffff88040d822708]
[    0.179694]      scan-1133 get_device_data       : No context for object [ffff88040d822730]
[    0.179700]      scan-1133 get_device_data       : No context for object [ffff88040d822758]
[    0.179706]      scan-1133 get_device_data       : No context for object [ffff88040d822780]
[    0.179715]     utils-0051 util_eval_error       : Evaluate [\_SB_.PCI0.PB2_.VGA_._STA]: AE_NOT_FOUND
[    0.179762] device: 'device:01': device_add
[    0.179769] bus: 'acpi': add device device:01
[    0.179787]     utils-0051 util_eval_error       : Evaluate [\_SB_.PCI0.PB2_.VGA_._SUN]: AE_NOT_FOUND
[    0.179803]      scan-1922 add_single_object     : Added device:01 [\_SB_.PCI0.PB2_.VGA_] parent device:00
[    0.179814]      scan-1133 get_device_data       : No context for object [ffff88040d8227a8]
[    0.179821]      scan-1133 get_device_data       : No context for object [ffff88040d8227d0]
[    0.179828]      scan-1133 get_device_data       : No context for object [ffff88040d8227f8]
[    0.179834]      scan-1133 get_device_data       : No context for object [ffff88040d822820]
[    0.179841]      scan-1133 get_device_data       : No context for object [ffff88040d822848]
[    0.179848]      scan-1133 get_device_data       : No context for object [ffff88040d822870]
[    0.179855]      scan-1133 get_device_data       : No context for object [ffff88040d822898]
[    0.179861]      scan-1133 get_device_data       : No context for object [ffff88040d8228c0]
[    0.179861]      scan-1133 get_device_data       : No context for object [ffff88040d8228e8]
[    0.179861]      scan-1133 get_device_data       : No context for object [ffff88040d822910]
[    0.179861]      scan-1133 get_device_data       : No context for object [ffff88040d822938]
[    0.179861]      scan-1133 get_device_data       : No context for object [ffff88040d822960]
[    0.179861]      scan-1133 get_device_data       : No context for object [ffff88040d822988]
[    0.179861]      scan-1133 get_device_data       : No context for object [ffff88040d8229b0]
[    0.179861]      scan-1133 get_device_data       : No context for object [ffff88040d8229d8]
[    0.179861]      scan-1133 get_device_data       : No context for object [ffff88040d822a00]
[    0.179861]      scan-1133 get_device_data       : No context for object [ffff88040d822a28]
[    0.179861]      scan-1133 get_device_data       : No context for object [ffff88040d822a50]
[    0.179861]      scan-1133 get_device_data       : No context for object [ffff88040d822a78]
[    0.179861]      scan-1133 get_device_data       : No context for object [ffff88040d822aa0]
[    0.179861]      scan-1133 get_device_data       : No context for object [ffff88040d822ac8]
[    0.179861]      scan-1133 get_device_data       : No context for object [ffff88040d822af0]
[    0.179861]      scan-1133 get_device_data       : No context for object [ffff88040d822b18]
[    0.179861]      scan-1133 get_device_data       : No context for object [ffff88040d822b40]
[    0.179861]      scan-1133 get_device_data       : No context for object [ffff88040d822b68]
[    0.179861]      scan-1133 get_device_data       : No context for object [ffff88040d822b90]
[    0.179861]      scan-1133 get_device_data       : No context for object [ffff88040d822bb8]
[    0.179861]      scan-1133 get_device_data       : No context for object [ffff88040d822be0]
[    0.179861]      scan-1133 get_device_data       : No context for object [ffff88040d822c08]
[    0.179861]      scan-1133 get_device_data       : No context for object [ffff88040d822c30]
[    0.179861]      scan-1133 get_device_data       : No context for object [ffff88040d822c58]
[    0.179861]      scan-1133 get_device_data       : No context for object [ffff88040d822c80]
[    0.179861]      scan-1133 get_device_data       : No context for object [ffff88040d822ca8]
[    0.179861]      scan-1133 get_device_data       : No context for object [ffff88040d822cd0]
[    0.179861]      scan-1133 get_device_data       : No context for object [ffff88040d822cf8]
[    0.179861]      scan-1133 get_device_data       : No context for object [ffff88040d822d20]
[    0.179861]      scan-1133 get_device_data       : No context for object [ffff88040d822d48]
[    0.179861]      scan-1133 get_device_data       : No context for object [ffff88040d822d70]
[    0.179861]      scan-1133 get_device_data       : No context for object [ffff88040d822d98]
[    0.179861]      scan-1133 get_device_data       : No context for object [ffff88040d837438]
[    0.179861]      scan-1133 get_device_data       : No context for object [ffff88040d822dc0]
[    0.179861]     utils-0051 util_eval_error       : Evaluate [\_SB_.PCI0.PB2_.HDAU._STA]: AE_NOT_FOUND
[    0.179861] device: 'device:02': device_add
[    0.179861] bus: 'acpi': add device device:02
[    0.179861]     utils-0051 util_eval_error       : Evaluate [\_SB_.PCI0.PB2_.HDAU._SUN]: AE_NOT_FOUND
[    0.180015]      scan-1922 add_single_object     : Added device:02 [\_SB_.PCI0.PB2_.HDAU] parent device:00
[    0.180015]      scan-1133 get_device_data       : No context for object [ffff88040d822de8]
[    0.180015]      scan-1133 get_device_data       : No context for object [ffff88040d822e10]
[    0.180015]      scan-1133 get_device_data       : No context for object [ffff88040d822e38]
[    0.180015]      scan-1133 get_device_data       : No context for object [ffff88040d822e60]
[    0.180015]      scan-1133 get_device_data       : No context for object [ffff88040d822e88]
[    0.180015]      scan-1133 get_device_data       : No context for object [ffff88040d822eb0]
[    0.180015]      scan-1133 get_device_data       : No context for object [ffff88040d822ed8]
[    0.180015]     utils-0051 util_eval_error       : Evaluate [\_SB_.PCI0.PB3_._STA]: AE_NOT_FOUND
[    0.180015] device: 'device:03': device_add
[    0.180015] bus: 'acpi': add device device:03
[    0.180015]     utils-0051 util_eval_error       : Evaluate [\_SB_.PCI0.PB3_._SUN]: AE_NOT_FOUND
[    0.180015]      scan-1922 add_single_object     : Added device:03 [\_SB_.PCI0.PB3_] parent PNP0A08:00
[    0.180015]      scan-1133 get_device_data       : No context for object [ffff88040d822f00]
[    0.180015]      scan-1133 get_device_data       : No context for object [ffff88040d822f28]
[    0.180015]      scan-1133 get_device_data       : No context for object [ffff88040d822f50]
[    0.180015]      scan-1133 get_device_data       : No context for object [ffff88040d822f78]
[    0.180015]      scan-1133 get_device_data       : No context for object [ffff88040d822fa0]
[    0.180015]      scan-1133 get_device_data       : No context for object [ffff88040d822fc8]
[    0.180015]      scan-1133 get_device_data       : No context for object [ffff88040d823000]
[    0.180015]      scan-1133 get_device_data       : No context for object [ffff88040d823028]
[    0.180015]      scan-1133 get_device_data       : No context for object [ffff88040d823050]
[    0.180015]      scan-1133 get_device_data       : No context for object [ffff88040d823078]
[    0.180015]      scan-1133 get_device_data       : No context for object [ffff88040d8230a0]
[    0.180015]      scan-1133 get_device_data       : No context for object [ffff88040d8230c8]
[    0.180015]      scan-1133 get_device_data       : No context for object [ffff88040d8230f0]
[    0.180015]      scan-1133 get_device_data       : No context for object [ffff88040d823118]
[    0.180015]      scan-1133 get_device_data       : No context for object [ffff88040d823140]
[    0.180015]      scan-1133 get_device_data       : No context for object [ffff88040d823168]
[    0.180015]      scan-1133 get_device_data       : No context for object [ffff88040d823190]
[    0.180015]      scan-1133 get_device_data       : No context for object [ffff88040d8231b8]
[    0.180015]      scan-1133 get_device_data       : No context for object [ffff88040d8231e0]
[    0.180015]      scan-1133 get_device_data       : No context for object [ffff88040d823208]
[    0.180015]      scan-1133 get_device_data       : No context for object [ffff88040d823230]
[    0.180015]      scan-1133 get_device_data       : No context for object [ffff88040d823258]
[    0.180015]      scan-1133 get_device_data       : No context for object [ffff88040d823280]
[    0.180015]      scan-1133 get_device_data       : No context for object [ffff88040d8232a8]
[    0.180015]      scan-1133 get_device_data       : No context for object [ffff88040d8232d0]
[    0.180015]      scan-1133 get_device_data       : No context for object [ffff88040d8232f8]
[    0.180015]      scan-1133 get_device_data       : No context for object [ffff88040d823320]
[    0.180015]      scan-1133 get_device_data       : No context for object [ffff88040d823348]
[    0.180015]      scan-1133 get_device_data       : No context for object [ffff88040d823370]
[    0.180015]      scan-1133 get_device_data       : No context for object [ffff88040d823398]
[    0.180015]      scan-1133 get_device_data       : No context for object [ffff88040d8233c0]
[    0.180015]     utils-0051 util_eval_error       : Evaluate [\_SB_.PCI0.PB3_.VGA_._STA]: AE_NOT_FOUND
[    0.180015]     video-0058 backlight_cap_match   : Found generic backlight support
[    0.180015] device: 'LNXVIDEO:00': device_add
[    0.180015] bus: 'acpi': add device LNXVIDEO:00
[    0.180015]     utils-0051 util_eval_error       : Evaluate [\_SB_.PCI0.PB3_.VGA_._SUN]: AE_NOT_FOUND
[    0.180024]      scan-1922 add_single_object     : Added LNXVIDEO:00 [\_SB_.PCI0.PB3_.VGA_] parent device:03
[    0.180024]      scan-1133 get_device_data       : No context for object [ffff88040d8233e8]
[    0.180024]      scan-1133 get_device_data       : No context for object [ffff88040d823410]
[    0.180024]      scan-1133 get_device_data       : No context for object [ffff88040d823438]
[    0.180024]      scan-1133 get_device_data       : No context for object [ffff88040d823460]
[    0.180024]      scan-1133 get_device_data       : No context for object [ffff88040d823488]
[    0.180024]      scan-1133 get_device_data       : No context for object [ffff88040d8234b0]
[    0.180024]      scan-1133 get_device_data       : No context for object [ffff88040d8234d8]
[    0.180024]      scan-1133 get_device_data       : No context for object [ffff88040d823500]
[    0.180024]      scan-1133 get_device_data       : No context for object [ffff88040d823528]
[    0.180024]      scan-1133 get_device_data       : No context for object [ffff88040d823550]
[    0.180024]      scan-1133 get_device_data       : No context for object [ffff88040d823578]
[    0.180024]      scan-1133 get_device_data       : No context for object [ffff88040d8235a0]
[    0.180024]      scan-1133 get_device_data       : No context for object [ffff88040d8235c8]
[    0.180024]      scan-1133 get_device_data       : No context for object [ffff88040d8235f0]
[    0.180024]      scan-1133 get_device_data       : No context for object [ffff88040d823618]
[    0.180024]      scan-1133 get_device_data       : No context for object [ffff88040d823640]
[    0.180024]      scan-1133 get_device_data       : No context for object [ffff88040d823668]
[    0.180024]      scan-1133 get_device_data       : No context for object [ffff88040d823690]
[    0.180024]      scan-1133 get_device_data       : No context for object [ffff88040d8236b8]
[    0.180024]      scan-1133 get_device_data       : No context for object [ffff88040d8236e0]
[    0.180024]      scan-1133 get_device_data       : No context for object [ffff88040d823708]
[    0.180024]      scan-1133 get_device_data       : No context for object [ffff88040d823730]
[    0.180024]      scan-1133 get_device_data       : No context for object [ffff88040d823758]
[    0.180024]      scan-1133 get_device_data       : No context for object [ffff88040d823780]
[    0.180024]      scan-1133 get_device_data       : No context for object [ffff88040d8237a8]
[    0.180024]      scan-1133 get_device_data       : No context for object [ffff88040d8237d0]
[    0.180024]      scan-1133 get_device_data       : No context for object [ffff88040d8237f8]
[    0.180024]      scan-1133 get_device_data       : No context for object [ffff88040d823820]
[    0.180024]      scan-1133 get_device_data       : No context for object [ffff88040d823848]
[    0.180024]      scan-1133 get_device_data       : No context for object [ffff88040d823870]
[    0.180024]      scan-1133 get_device_data       : No context for object [ffff88040d823898]
[    0.180024]      scan-1133 get_device_data       : No context for object [ffff88040d8238c0]
[    0.180024]      scan-1133 get_device_data       : No context for object [ffff88040d8238e8]
[    0.180024]      scan-1133 get_device_data       : No context for object [ffff88040d823910]
[    0.180024]      scan-1133 get_device_data       : No context for object [ffff88040d823938]
[    0.180024]      scan-1133 get_device_data       : No context for object [ffff88040d823960]
[    0.180024]      scan-1133 get_device_data       : No context for object [ffff88040d823988]
[    0.180024]      scan-1133 get_device_data       : No context for object [ffff88040d8239b0]
[    0.180024]      scan-1133 get_device_data       : No context for object [ffff88040d8239d8]
[    0.180024]      scan-1133 get_device_data       : No context for object [ffff88040d837460]
[    0.180024]      scan-1133 get_device_data       : No context for object [ffff88040d83ac08]
[    0.180024]      scan-1133 get_device_data       : No context for object [ffff88040d83ac30]
[    0.180024]      scan-1133 get_device_data       : No context for object [ffff88040d83ac58]
[    0.180024]     utils-0051 util_eval_error       : Evaluate [\_SB_.PCI0.PB3_.VGA_.CRT_._STA]: AE_NOT_FOUND
[    0.180024] device: 'device:04': device_add
[    0.180024] bus: 'acpi': add device device:04
[    0.180024]     utils-0051 util_eval_error       : Evaluate [\_SB_.PCI0.PB3_.VGA_.CRT_._SUN]: AE_NOT_FOUND
[    0.180029]      scan-1922 add_single_object     : Added device:04 [\_SB_.PCI0.PB3_.VGA_.CRT_] parent LNXVIDEO:00
[    0.180029]      scan-1133 get_device_data       : No context for object [ffff88040d83ac80]
[    0.180029]      scan-1133 get_device_data       : No context for object [ffff88040d83aca8]
[    0.180029]      scan-1133 get_device_data       : No context for object [ffff88040d83acd0]
[    0.180029]      scan-1133 get_device_data       : No context for object [ffff88040d83acf8]
[    0.180029]      scan-1133 get_device_data       : No context for object [ffff88040d83ad20]
[    0.180029]     utils-0051 util_eval_error       : Evaluate [\_SB_.PCI0.PB3_.VGA_.LCD_._STA]: AE_NOT_FOUND
[    0.180029] device: 'device:05': device_add
[    0.180029] bus: 'acpi': add device device:05
[    0.180029]     utils-0051 util_eval_error       : Evaluate [\_SB_.PCI0.PB3_.VGA_.LCD_._SUN]: AE_NOT_FOUND
[    0.180029]      scan-1922 add_single_object     : Added device:05 [\_SB_.PCI0.PB3_.VGA_.LCD_] parent LNXVIDEO:00
[    0.180029]      scan-1133 get_device_data       : No context for object [ffff88040d83ad48]
[    0.180029]      scan-1133 get_device_data       : No context for object [ffff88040d83ad70]
[    0.180029]      scan-1133 get_device_data       : No context for object [ffff88040d83ad98]
[    0.180029]      scan-1133 get_device_data       : No context for object [ffff88040d83adc0]
[    0.180029]      scan-1133 get_device_data       : No context for object [ffff88040d83ade8]
[    0.180029]      scan-1133 get_device_data       : No context for object [ffff88040d83ae10]
[    0.180029]      scan-1133 get_device_data       : No context for object [ffff88040d83ae38]
[    0.180029]      scan-1133 get_device_data       : No context for object [ffff88040d83ae60]
[    0.180029]     utils-0051 util_eval_error       : Evaluate [\_SB_.PCI0.PB3_.VGA_.TV0_._STA]: AE_NOT_FOUND
[    0.180029] device: 'device:06': device_add
[    0.180029] bus: 'acpi': add device device:06
[    0.180029]     utils-0051 util_eval_error       : Evaluate [\_SB_.PCI0.PB3_.VGA_.TV0_._SUN]: AE_NOT_FOUND
[    0.180029]      scan-1922 add_single_object     : Added device:06 [\_SB_.PCI0.PB3_.VGA_.TV0_] parent LNXVIDEO:00
[    0.180029]      scan-1133 get_device_data       : No context for object [ffff88040d83ae88]
[    0.180029]      scan-1133 get_device_data       : No context for object [ffff88040d83aeb0]
[    0.180029]      scan-1133 get_device_data       : No context for object [ffff88040d83aed8]
[    0.180029]      scan-1133 get_device_data       : No context for object [ffff88040d83af00]
[    0.180029]      scan-1133 get_device_data       : No context for object [ffff88040d83af28]
[    0.180029]     utils-0051 util_eval_error       : Evaluate [\_SB_.PCI0.PB3_.VGA_.HDMI._STA]: AE_NOT_FOUND
[    0.180029] device: 'device:07': device_add
[    0.180029] bus: 'acpi': add device device:07
[    0.180029]     utils-0051 util_eval_error       : Evaluate [\_SB_.PCI0.PB3_.VGA_.HDMI._SUN]: AE_NOT_FOUND
[    0.180029]      scan-1922 add_single_object     : Added device:07 [\_SB_.PCI0.PB3_.VGA_.HDMI] parent LNXVIDEO:00
[    0.180029]      scan-1133 get_device_data       : No context for object [ffff88040d83af50]
[    0.180029]      scan-1133 get_device_data       : No context for object [ffff88040d83af78]
[    0.180029]      scan-1133 get_device_data       : No context for object [ffff88040d83afa0]
[    0.180029]      scan-1133 get_device_data       : No context for object [ffff88040d83afc8]
[    0.180029]      scan-1133 get_device_data       : No context for object [ffff88040d823a00]
[    0.180029]     utils-0051 util_eval_error       : Evaluate [\_SB_.PCI0.PB3_.HDAU._STA]: AE_NOT_FOUND
[    0.180029] device: 'device:08': device_add
[    0.180029] bus: 'acpi': add device device:08
[    0.180029]     utils-0051 util_eval_error       : Evaluate [\_SB_.PCI0.PB3_.HDAU._SUN]: AE_NOT_FOUND
[    0.180029]      scan-1922 add_single_object     : Added device:08 [\_SB_.PCI0.PB3_.HDAU] parent device:03
[    0.180029]      scan-1133 get_device_data       : No context for object [ffff88040d823a28]
[    0.180029]      scan-1133 get_device_data       : No context for object [ffff88040d823a50]
[    0.180029]      scan-1133 get_device_data       : No context for object [ffff88040d823a78]
[    0.180029]      scan-1133 get_device_data       : No context for object [ffff88040d823aa0]
[    0.180029]      scan-1133 get_device_data       : No context for object [ffff88040d823ac8]
[    0.180029]      scan-1133 get_device_data       : No context for object [ffff88040d823af0]
[    0.180029]      scan-1133 get_device_data       : No context for object [ffff88040d823b18]
[    0.180029]     utils-0051 util_eval_error       : Evaluate [\_SB_.PCI0.PB4_._STA]: AE_NOT_FOUND
[    0.180029] device: 'device:09': device_add
[    0.180029] bus: 'acpi': add device device:09
[    0.180029]     utils-0051 util_eval_error       : Evaluate [\_SB_.PCI0.PB4_._SUN]: AE_NOT_FOUND
[    0.180029]      scan-1922 add_single_object     : Added device:09 [\_SB_.PCI0.PB4_] parent PNP0A08:00
[    0.180029]      scan-1133 get_device_data       : No context for object [ffff88040d823b40]
[    0.180029]      scan-1133 get_device_data       : No context for object [ffff88040d823b68]
[    0.180029]      scan-1133 get_device_data       : No context for object [ffff88040d823b90]
[    0.180029]      scan-1133 get_device_data       : No context for object [ffff88040d823bb8]
[    0.180029]      scan-1133 get_device_data       : No context for object [ffff88040d823be0]
[    0.180029]      scan-1133 get_device_data       : No context for object [ffff88040d823c08]
[    0.180029]      scan-1133 get_device_data       : No context for object [ffff88040d823c30]
[    0.180029]      scan-1133 get_device_data       : No context for object [ffff88040d823c58]
[    0.180029]      scan-1133 get_device_data       : No context for object [ffff88040d823c80]
[    0.180029]      scan-1133 get_device_data       : No context for object [ffff88040d823ca8]
[    0.180029]      scan-1133 get_device_data       : No context for object [ffff88040d823cd0]
[    0.180029]      scan-1133 get_device_data       : No context for object [ffff88040d823cf8]
[    0.180029]      scan-1133 get_device_data       : No context for object [ffff88040d823d20]
[    0.180029]      scan-1133 get_device_data       : No context for object [ffff88040d823d48]
[    0.180029]      scan-1133 get_device_data       : No context for object [ffff88040d823d70]
[    0.180029]      scan-1133 get_device_data       : No context for object [ffff88040d823d98]
[    0.180029]      scan-1133 get_device_data       : No context for object [ffff88040d823dc0]
[    0.180029]      scan-1133 get_device_data       : No context for object [ffff88040d823de8]
[    0.180029]      scan-1133 get_device_data       : No context for object [ffff88040d823e10]
[    0.180029]      scan-1133 get_device_data       : No context for object [ffff88040d823e38]
[    0.180029]      scan-1133 get_device_data       : No context for object [ffff88040d823e60]
[    0.180029]      scan-1133 get_device_data       : No context for object [ffff88040d823e88]
[    0.180029]      scan-1133 get_device_data       : No context for object [ffff88040d823eb0]
[    0.180029]      scan-1133 get_device_data       : No context for object [ffff88040d823ed8]
[    0.180029]      scan-1133 get_device_data       : No context for object [ffff88040d823f00]
[    0.180029]      scan-1133 get_device_data       : No context for object [ffff88040d823f28]
[    0.180029]      scan-1133 get_device_data       : No context for object [ffff88040d823f50]
[    0.180029]      scan-1133 get_device_data       : No context for object [ffff88040d823f78]
[    0.180029]      scan-1133 get_device_data       : No context for object [ffff88040d823fa0]
[    0.180029]      scan-1133 get_device_data       : No context for object [ffff88040d823fc8]
[    0.180029]      scan-1133 get_device_data       : No context for object [ffff88040d825000]
[    0.180029]     utils-0051 util_eval_error       : Evaluate [\_SB_.PCI0.PB4_.XPDV._STA]: AE_NOT_FOUND
[    0.180029] device: 'device:0a': device_add
[    0.180029] bus: 'acpi': add device device:0a
[    0.180029]     utils-0051 util_eval_error       : Evaluate [\_SB_.PCI0.PB4_.XPDV._SUN]: AE_NOT_FOUND
[    0.180029]      scan-1922 add_single_object     : Added device:0a [\_SB_.PCI0.PB4_.XPDV] parent device:09
[    0.180029]      scan-1133 get_device_data       : No context for object [ffff88040d825028]
[    0.180029]      scan-1133 get_device_data       : No context for object [ffff88040d825050]
[    0.180029]      scan-1133 get_device_data       : No context for object [ffff88040d825078]
[    0.180029]      scan-1133 get_device_data       : No context for object [ffff88040d8250a0]
[    0.180029]      scan-1133 get_device_data       : No context for object [ffff88040d8250c8]
[    0.180029]      scan-1133 get_device_data       : No context for object [ffff88040d837500]
[    0.180029]      scan-1133 get_device_data       : No context for object [ffff88040d8250f0]
[    0.180029]      scan-1133 get_device_data       : No context for object [ffff88040d825118]
[    0.180029]     utils-0051 util_eval_error       : Evaluate [\_SB_.PCI0.PB5_._STA]: AE_NOT_FOUND
[    0.180029] device: 'device:0b': device_add
[    0.180029] bus: 'acpi': add device device:0b
[    0.180029]     utils-0051 util_eval_error       : Evaluate [\_SB_.PCI0.PB5_._SUN]: AE_NOT_FOUND
[    0.180029]      scan-1922 add_single_object     : Added device:0b [\_SB_.PCI0.PB5_] parent PNP0A08:00
[    0.180029]      scan-1133 get_device_data       : No context for object [ffff88040d825140]
[    0.180029]      scan-1133 get_device_data       : No context for object [ffff88040d825168]
[    0.180029]      scan-1133 get_device_data       : No context for object [ffff88040d825190]
[    0.180029]      scan-1133 get_device_data       : No context for object [ffff88040d8251b8]
[    0.180029]      scan-1133 get_device_data       : No context for object [ffff88040d8251e0]
[    0.180029]      scan-1133 get_device_data       : No context for object [ffff88040d825208]
[    0.180029]      scan-1133 get_device_data       : No context for object [ffff88040d825230]
[    0.180029]      scan-1133 get_device_data       : No context for object [ffff88040d825258]
[    0.180029]      scan-1133 get_device_data       : No context for object [ffff88040d825280]
[    0.180029]      scan-1133 get_device_data       : No context for object [ffff88040d8252a8]
[    0.180029]      scan-1133 get_device_data       : No context for object [ffff88040d8252d0]
[    0.180029]      scan-1133 get_device_data       : No context for object [ffff88040d8252f8]
[    0.180029]      scan-1133 get_device_data       : No context for object [ffff88040d825320]
[    0.180029]      scan-1133 get_device_data       : No context for object [ffff88040d825348]
[    0.180029]      scan-1133 get_device_data       : No context for object [ffff88040d825370]
[    0.180029]      scan-1133 get_device_data       : No context for object [ffff88040d825398]
[    0.180029]      scan-1133 get_device_data       : No context for object [ffff88040d8253c0]
[    0.180029]      scan-1133 get_device_data       : No context for object [ffff88040d8253e8]
[    0.180029]      scan-1133 get_device_data       : No context for object [ffff88040d825410]
[    0.180029]      scan-1133 get_device_data       : No context for object [ffff88040d825438]
[    0.180029]      scan-1133 get_device_data       : No context for object [ffff88040d825460]
[    0.180029]      scan-1133 get_device_data       : No context for object [ffff88040d825488]
[    0.180029]      scan-1133 get_device_data       : No context for object [ffff88040d8254b0]
[    0.180029]      scan-1133 get_device_data       : No context for object [ffff88040d8254d8]
[    0.180029]      scan-1133 get_device_data       : No context for object [ffff88040d825500]
[    0.180029]      scan-1133 get_device_data       : No context for object [ffff88040d825528]
[    0.180029]      scan-1133 get_device_data       : No context for object [ffff88040d825550]
[    0.180029]      scan-1133 get_device_data       : No context for object [ffff88040d825578]
[    0.180029]      scan-1133 get_device_data       : No context for object [ffff88040d8255a0]
[    0.180029]      scan-1133 get_device_data       : No context for object [ffff88040d8255c8]
[    0.180029]      scan-1133 get_device_data       : No context for object [ffff88040d8255f0]
[    0.180029]     utils-0051 util_eval_error       : Evaluate [\_SB_.PCI0.PB5_.XPDV._STA]: AE_NOT_FOUND
[    0.180029] device: 'device:0c': device_add
[    0.180029] bus: 'acpi': add device device:0c
[    0.180029]     utils-0051 util_eval_error       : Evaluate [\_SB_.PCI0.PB5_.XPDV._SUN]: AE_NOT_FOUND
[    0.180029]      scan-1922 add_single_object     : Added device:0c [\_SB_.PCI0.PB5_.XPDV] parent device:0b
[    0.180029]      scan-1133 get_device_data       : No context for object [ffff88040d825618]
[    0.180029]      scan-1133 get_device_data       : No context for object [ffff88040d825640]
[    0.180029]      scan-1133 get_device_data       : No context for object [ffff88040d825668]
[    0.180029]      scan-1133 get_device_data       : No context for object [ffff88040d825690]
[    0.180029]      scan-1133 get_device_data       : No context for object [ffff88040d8256b8]
[    0.180029]      scan-1133 get_device_data       : No context for object [ffff88040d837528]
[    0.180029]      scan-1133 get_device_data       : No context for object [ffff88040d8256e0]
[    0.180029]      scan-1133 get_device_data       : No context for object [ffff88040d825708]
[    0.180029]     utils-0051 util_eval_error       : Evaluate [\_SB_.PCI0.PB6_._STA]: AE_NOT_FOUND
[    0.180029] device: 'device:0d': device_add
[    0.180029] bus: 'acpi': add device device:0d
[    0.180029]     utils-0051 util_eval_error       : Evaluate [\_SB_.PCI0.PB6_._SUN]: AE_NOT_FOUND
[    0.180029]      scan-1922 add_single_object     : Added device:0d [\_SB_.PCI0.PB6_] parent PNP0A08:00
[    0.180029]      scan-1133 get_device_data       : No context for object [ffff88040d825730]
[    0.180029]      scan-1133 get_device_data       : No context for object [ffff88040d825758]
[    0.180029]      scan-1133 get_device_data       : No context for object [ffff88040d825780]
[    0.180029]      scan-1133 get_device_data       : No context for object [ffff88040d8257a8]
[    0.180029]      scan-1133 get_device_data       : No context for object [ffff88040d8257d0]
[    0.180029]      scan-1133 get_device_data       : No context for object [ffff88040d8257f8]
[    0.180029]      scan-1133 get_device_data       : No context for object [ffff88040d825820]
[    0.180029]      scan-1133 get_device_data       : No context for object [ffff88040d825848]
[    0.180029]      scan-1133 get_device_data       : No context for object [ffff88040d825870]
[    0.180029]      scan-1133 get_device_data       : No context for object [ffff88040d825898]
[    0.180029]      scan-1133 get_device_data       : No context for object [ffff88040d8258c0]
[    0.180029]      scan-1133 get_device_data       : No context for object [ffff88040d8258e8]
[    0.180029]      scan-1133 get_device_data       : No context for object [ffff88040d825910]
[    0.180029]      scan-1133 get_device_data       : No context for object [ffff88040d825938]
[    0.180029]      scan-1133 get_device_data       : No context for object [ffff88040d825960]
[    0.180029]      scan-1133 get_device_data       : No context for object [ffff88040d825988]
[    0.180029]      scan-1133 get_device_data       : No context for object [ffff88040d8259b0]
[    0.180029]      scan-1133 get_device_data       : No context for object [ffff88040d8259d8]
[    0.180029]      scan-1133 get_device_data       : No context for object [ffff88040d825a00]
[    0.180029]      scan-1133 get_device_data       : No context for object [ffff88040d825a28]
[    0.180029]      scan-1133 get_device_data       : No context for object [ffff88040d825a50]
[    0.180029]      scan-1133 get_device_data       : No context for object [ffff88040d825a78]
[    0.180029]      scan-1133 get_device_data       : No context for object [ffff88040d825aa0]
[    0.180029]      scan-1133 get_device_data       : No context for object [ffff88040d825ac8]
[    0.180029]      scan-1133 get_device_data       : No context for object [ffff88040d825af0]
[    0.180029]      scan-1133 get_device_data       : No context for object [ffff88040d825b18]
[    0.180029]      scan-1133 get_device_data       : No context for object [ffff88040d825b40]
[    0.180029]      scan-1133 get_device_data       : No context for object [ffff88040d825b68]
[    0.180029]      scan-1133 get_device_data       : No context for object [ffff88040d825b90]
[    0.180029]      scan-1133 get_device_data       : No context for object [ffff88040d825bb8]
[    0.180029]      scan-1133 get_device_data       : No context for object [ffff88040d825be0]
[    0.180029]     utils-0051 util_eval_error       : Evaluate [\_SB_.PCI0.PB6_.XPDV._STA]: AE_NOT_FOUND
[    0.180029] device: 'device:0e': device_add
[    0.180029] bus: 'acpi': add device device:0e
[    0.180029]     utils-0051 util_eval_error       : Evaluate [\_SB_.PCI0.PB6_.XPDV._SUN]: AE_NOT_FOUND
[    0.180029]      scan-1922 add_single_object     : Added device:0e [\_SB_.PCI0.PB6_.XPDV] parent device:0d
[    0.180029]      scan-1133 get_device_data       : No context for object [ffff88040d825c08]
[    0.180029]      scan-1133 get_device_data       : No context for object [ffff88040d825c30]
[    0.180029]      scan-1133 get_device_data       : No context for object [ffff88040d825c58]
[    0.180029]      scan-1133 get_device_data       : No context for object [ffff88040d825c80]
[    0.180029]      scan-1133 get_device_data       : No context for object [ffff88040d825ca8]
[    0.180029]      scan-1133 get_device_data       : No context for object [ffff88040d837550]
[    0.180029]      scan-1133 get_device_data       : No context for object [ffff88040d825cd0]
[    0.180029]      scan-1133 get_device_data       : No context for object [ffff88040d825cf8]
[    0.180029]     utils-0051 util_eval_error       : Evaluate [\_SB_.PCI0.PB7_._STA]: AE_NOT_FOUND
[    0.180029] device: 'device:0f': device_add
[    0.180029] bus: 'acpi': add device device:0f
[    0.180029]     utils-0051 util_eval_error       : Evaluate [\_SB_.PCI0.PB7_._SUN]: AE_NOT_FOUND
[    0.180029]      scan-1922 add_single_object     : Added device:0f [\_SB_.PCI0.PB7_] parent PNP0A08:00
[    0.180029]      scan-1133 get_device_data       : No context for object [ffff88040d825d20]
[    0.180029]      scan-1133 get_device_data       : No context for object [ffff88040d825d48]
[    0.180029]      scan-1133 get_device_data       : No context for object [ffff88040d825d70]
[    0.180029]      scan-1133 get_device_data       : No context for object [ffff88040d825d98]
[    0.180029]      scan-1133 get_device_data       : No context for object [ffff88040d825dc0]
[    0.180029]      scan-1133 get_device_data       : No context for object [ffff88040d825de8]
[    0.180029]      scan-1133 get_device_data       : No context for object [ffff88040d825e10]
[    0.180029]      scan-1133 get_device_data       : No context for object [ffff88040d825e38]
[    0.180029]      scan-1133 get_device_data       : No context for object [ffff88040d825e60]
[    0.180029]      scan-1133 get_device_data       : No context for object [ffff88040d825e88]
[    0.180035]      scan-1133 get_device_data       : No context for object [ffff88040d825eb0]
[    0.180041]      scan-1133 get_device_data       : No context for object [ffff88040d825ed8]
[    0.180048]      scan-1133 get_device_data       : No context for object [ffff88040d825f00]
[    0.180054]      scan-1133 get_device_data       : No context for object [ffff88040d825f28]
[    0.180061]      scan-1133 get_device_data       : No context for object [ffff88040d825f50]
[    0.180067]      scan-1133 get_device_data       : No context for object [ffff88040d825f78]
[    0.180074]      scan-1133 get_device_data       : No context for object [ffff88040d825fa0]
[    0.180080]      scan-1133 get_device_data       : No context for object [ffff88040d825fc8]
[    0.180087]      scan-1133 get_device_data       : No context for object [ffff88040d827000]
[    0.180093]      scan-1133 get_device_data       : No context for object [ffff88040d827028]
[    0.180100]      scan-1133 get_device_data       : No context for object [ffff88040d827050]
[    0.180106]      scan-1133 get_device_data       : No context for object [ffff88040d827078]
[    0.180113]      scan-1133 get_device_data       : No context for object [ffff88040d8270a0]
[    0.180119]      scan-1133 get_device_data       : No context for object [ffff88040d8270c8]
[    0.180126]      scan-1133 get_device_data       : No context for object [ffff88040d8270f0]
[    0.180133]      scan-1133 get_device_data       : No context for object [ffff88040d827118]
[    0.180139]      scan-1133 get_device_data       : No context for object [ffff88040d827140]
[    0.180146]      scan-1133 get_device_data       : No context for object [ffff88040d827168]
[    0.180152]      scan-1133 get_device_data       : No context for object [ffff88040d827190]
[    0.180159]      scan-1133 get_device_data       : No context for object [ffff88040d8271b8]
[    0.180165]      scan-1133 get_device_data       : No context for object [ffff88040d8271e0]
[    0.180173]     utils-0051 util_eval_error       : Evaluate [\_SB_.PCI0.PB7_.XPDV._STA]: AE_NOT_FOUND
[    0.180208] device: 'device:10': device_add
[    0.180212] bus: 'acpi': add device device:10
[    0.180226]     utils-0051 util_eval_error       : Evaluate [\_SB_.PCI0.PB7_.XPDV._SUN]: AE_NOT_FOUND
[    0.183340]      scan-1922 add_single_object     : Added device:10 [\_SB_.PCI0.PB7_.XPDV] parent device:0f
[    0.183340]      scan-1133 get_device_data       : No context for object [ffff88040d827208]
[    0.183340]      scan-1133 get_device_data       : No context for object [ffff88040d827230]
[    0.183340]      scan-1133 get_device_data       : No context for object [ffff88040d827258]
[    0.183340]      scan-1133 get_device_data       : No context for object [ffff88040d827280]
[    0.183340]      scan-1133 get_device_data       : No context for object [ffff88040d8272a8]
[    0.183340]      scan-1133 get_device_data       : No context for object [ffff88040d837488]
[    0.183340]      scan-1133 get_device_data       : No context for object [ffff88040d8272d0]
[    0.183340]      scan-1133 get_device_data       : No context for object [ffff88040d8272f8]
[    0.183340]     utils-0051 util_eval_error       : Evaluate [\_SB_.PCI0.OHC1._STA]: AE_NOT_FOUND
[    0.183340] device: 'device:11': device_add
[    0.183340] bus: 'acpi': add device device:11
[    0.183340]     utils-0051 util_eval_error       : Evaluate [\_SB_.PCI0.OHC1._SUN]: AE_NOT_FOUND
[    0.183348]      scan-1922 add_single_object     : Added device:11 [\_SB_.PCI0.OHC1] parent PNP0A08:00
[    0.183348]      scan-1133 get_device_data       : No context for object [ffff88040d827320]
[    0.183348]      scan-1133 get_device_data       : No context for object [ffff88040d827348]
[    0.183348]      scan-1133 get_device_data       : No context for object [ffff88040d83b2f8]
[    0.183348]     utils-0051 util_eval_error       : Evaluate [\_SB_.PCI0.OHC1.RHUB._STA]: AE_NOT_FOUND
[    0.183348] device: 'device:12': device_add
[    0.183348] bus: 'acpi': add device device:12
[    0.183348]     utils-0051 util_eval_error       : Evaluate [\_SB_.PCI0.OHC1.RHUB._SUN]: AE_NOT_FOUND
[    0.183357]      scan-1922 add_single_object     : Added device:12 [\_SB_.PCI0.OHC1.RHUB] parent device:11
[    0.183357]      scan-1133 get_device_data       : No context for object [ffff88040d83b320]
[    0.183357]      scan-1133 get_device_data       : No context for object [ffff88040d83b348]
[    0.183357]     utils-0051 util_eval_error       : Evaluate [\_SB_.PCI0.OHC1.RHUB.PRT3._STA]: AE_NOT_FOUND
[    0.183357] device: 'device:13': device_add
[    0.183357] bus: 'acpi': add device device:13
[    0.183357]     utils-0051 util_eval_error       : Evaluate [\_SB_.PCI0.OHC1.RHUB.PRT3._SUN]: AE_NOT_FOUND
[    0.183357]      scan-1922 add_single_object     : Added device:13 [\_SB_.PCI0.OHC1.RHUB.PRT3] parent device:12
[    0.183357]      scan-1133 get_device_data       : No context for object [ffff88040d83b370]
[    0.183357]      scan-1133 get_device_data       : No context for object [ffff88040d83b398]
[    0.183357]      scan-1133 get_device_data       : No context for object [ffff88040d83b3c0]
[    0.183357]      scan-1133 get_device_data       : No context for object [ffff88040d83b3e8]
[    0.183357]     utils-0051 util_eval_error       : Evaluate [\_SB_.PCI0.OHC1.RHUB.PRT4._STA]: AE_NOT_FOUND
[    0.183357] device: 'device:14': device_add
[    0.183357] bus: 'acpi': add device device:14
[    0.183357]     utils-0051 util_eval_error       : Evaluate [\_SB_.PCI0.OHC1.RHUB.PRT4._SUN]: AE_NOT_FOUND
[    0.183357]      scan-1922 add_single_object     : Added device:14 [\_SB_.PCI0.OHC1.RHUB.PRT4] parent device:12
[    0.183357]      scan-1133 get_device_data       : No context for object [ffff88040d83b410]
[    0.183357]      scan-1133 get_device_data       : No context for object [ffff88040d83b438]
[    0.183357]      scan-1133 get_device_data       : No context for object [ffff88040d83b460]
[    0.183357]      scan-1133 get_device_data       : No context for object [ffff88040d827370]
[    0.183357]     utils-0051 util_eval_error       : Evaluate [\_SB_.PCI0.EHC1._STA]: AE_NOT_FOUND
[    0.183357] device: 'device:15': device_add
[    0.183357] bus: 'acpi': add device device:15
[    0.183357]     utils-0051 util_eval_error       : Evaluate [\_SB_.PCI0.EHC1._SUN]: AE_NOT_FOUND
[    0.183357]      scan-1922 add_single_object     : Added device:15 [\_SB_.PCI0.EHC1] parent PNP0A08:00
[    0.183357]      scan-1133 get_device_data       : No context for object [ffff88040d827398]
[    0.183357]      scan-1133 get_device_data       : No context for object [ffff88040d8273c0]
[    0.183357]      scan-1133 get_device_data       : No context for object [ffff88040d83b028]
[    0.183357]     utils-0051 util_eval_error       : Evaluate [\_SB_.PCI0.EHC1.RHUB._STA]: AE_NOT_FOUND
[    0.183357] device: 'device:16': device_add
[    0.183357] bus: 'acpi': add device device:16
[    0.183357]     utils-0051 util_eval_error       : Evaluate [\_SB_.PCI0.EHC1.RHUB._SUN]: AE_NOT_FOUND
[    0.183358]      scan-1922 add_single_object     : Added device:16 [\_SB_.PCI0.EHC1.RHUB] parent device:15
[    0.183358]      scan-1133 get_device_data       : No context for object [ffff88040d83b050]
[    0.183358]      scan-1133 get_device_data       : No context for object [ffff88040d83b078]
[    0.183358]     utils-0051 util_eval_error       : Evaluate [\_SB_.PCI0.EHC1.RHUB.PRT3._STA]: AE_NOT_FOUND
[    0.183358] device: 'device:17': device_add
[    0.183358] bus: 'acpi': add device device:17
[    0.183358]     utils-0051 util_eval_error       : Evaluate [\_SB_.PCI0.EHC1.RHUB.PRT3._SUN]: AE_NOT_FOUND
[    0.183358]      scan-1922 add_single_object     : Added device:17 [\_SB_.PCI0.EHC1.RHUB.PRT3] parent device:16
[    0.183358]      scan-1133 get_device_data       : No context for object [ffff88040d83b0a0]
[    0.183358]      scan-1133 get_device_data       : No context for object [ffff88040d83b0c8]
[    0.183358]      scan-1133 get_device_data       : No context for object [ffff88040d83b0f0]
[    0.183358]      scan-1133 get_device_data       : No context for object [ffff88040d83b118]
[    0.183358]     utils-0051 util_eval_error       : Evaluate [\_SB_.PCI0.EHC1.RHUB.PRT4._STA]: AE_NOT_FOUND
[    0.183358] device: 'device:18': device_add
[    0.183358] bus: 'acpi': add device device:18
[    0.183358]     utils-0051 util_eval_error       : Evaluate [\_SB_.PCI0.EHC1.RHUB.PRT4._SUN]: AE_NOT_FOUND
[    0.183358]      scan-1922 add_single_object     : Added device:18 [\_SB_.PCI0.EHC1.RHUB.PRT4] parent device:16
[    0.183358]      scan-1133 get_device_data       : No context for object [ffff88040d83b140]
[    0.183358]      scan-1133 get_device_data       : No context for object [ffff88040d83b168]
[    0.183358]      scan-1133 get_device_data       : No context for object [ffff88040d83b190]
[    0.183358]      scan-1133 get_device_data       : No context for object [ffff88040d8273e8]
[    0.183358]     utils-0051 util_eval_error       : Evaluate [\_SB_.PCI0.OHC2._STA]: AE_NOT_FOUND
[    0.183358] device: 'device:19': device_add
[    0.183358] bus: 'acpi': add device device:19
[    0.183358]     utils-0051 util_eval_error       : Evaluate [\_SB_.PCI0.OHC2._SUN]: AE_NOT_FOUND
[    0.183358]      scan-1922 add_single_object     : Added device:19 [\_SB_.PCI0.OHC2] parent PNP0A08:00
[    0.183358]      scan-1133 get_device_data       : No context for object [ffff88040d827410]
[    0.183358]      scan-1133 get_device_data       : No context for object [ffff88040d827438]
[    0.183358]      scan-1133 get_device_data       : No context for object [ffff88040d83b488]
[    0.183358]     utils-0051 util_eval_error       : Evaluate [\_SB_.PCI0.OHC2.RHUB._STA]: AE_NOT_FOUND
[    0.183358] device: 'device:1a': device_add
[    0.183358] bus: 'acpi': add device device:1a
[    0.183358]     utils-0051 util_eval_error       : Evaluate [\_SB_.PCI0.OHC2.RHUB._SUN]: AE_NOT_FOUND
[    0.183358]      scan-1922 add_single_object     : Added device:1a [\_SB_.PCI0.OHC2.RHUB] parent device:19
[    0.183358]      scan-1133 get_device_data       : No context for object [ffff88040d83b4b0]
[    0.183358]      scan-1133 get_device_data       : No context for object [ffff88040d83b4d8]
[    0.183358]     utils-0051 util_eval_error       : Evaluate [\_SB_.PCI0.OHC2.RHUB.PRT4._STA]: AE_NOT_FOUND
[    0.183358] device: 'device:1b': device_add
[    0.183358] bus: 'acpi': add device device:1b
[    0.183358]     utils-0051 util_eval_error       : Evaluate [\_SB_.PCI0.OHC2.RHUB.PRT4._SUN]: AE_NOT_FOUND
[    0.183358]      scan-1922 add_single_object     : Added device:1b [\_SB_.PCI0.OHC2.RHUB.PRT4] parent device:1a
[    0.183358]      scan-1133 get_device_data       : No context for object [ffff88040d83b500]
[    0.183358]      scan-1133 get_device_data       : No context for object [ffff88040d83b528]
[    0.183358]      scan-1133 get_device_data       : No context for object [ffff88040d83b550]
[    0.183358]      scan-1133 get_device_data       : No context for object [ffff88040d827460]
[    0.183358]     utils-0051 util_eval_error       : Evaluate [\_SB_.PCI0.EHC2._STA]: AE_NOT_FOUND
[    0.183358] device: 'device:1c': device_add
[    0.183358] bus: 'acpi': add device device:1c
[    0.183358]     utils-0051 util_eval_error       : Evaluate [\_SB_.PCI0.EHC2._SUN]: AE_NOT_FOUND
[    0.183358]      scan-1922 add_single_object     : Added device:1c [\_SB_.PCI0.EHC2] parent PNP0A08:00
[    0.183358]      scan-1133 get_device_data       : No context for object [ffff88040d827488]
[    0.183358]      scan-1133 get_device_data       : No context for object [ffff88040d8274b0]
[    0.183358]      scan-1133 get_device_data       : No context for object [ffff88040d83b1b8]
[    0.183358]     utils-0051 util_eval_error       : Evaluate [\_SB_.PCI0.EHC2.RHUB._STA]: AE_NOT_FOUND
[    0.183358] device: 'device:1d': device_add
[    0.183358] bus: 'acpi': add device device:1d
[    0.183358]     utils-0051 util_eval_error       : Evaluate [\_SB_.PCI0.EHC2.RHUB._SUN]: AE_NOT_FOUND
[    0.183358]      scan-1922 add_single_object     : Added device:1d [\_SB_.PCI0.EHC2.RHUB] parent device:1c
[    0.183358]      scan-1133 get_device_data       : No context for object [ffff88040d83b1e0]
[    0.183358]      scan-1133 get_device_data       : No context for object [ffff88040d83b208]
[    0.183358]     utils-0051 util_eval_error       : Evaluate [\_SB_.PCI0.EHC2.RHUB.PRT2._STA]: AE_NOT_FOUND
[    0.183358] device: 'device:1e': device_add
[    0.183358] bus: 'acpi': add device device:1e
[    0.183358]     utils-0051 util_eval_error       : Evaluate [\_SB_.PCI0.EHC2.RHUB.PRT2._SUN]: AE_NOT_FOUND
[    0.183359]      scan-1922 add_single_object     : Added device:1e [\_SB_.PCI0.EHC2.RHUB.PRT2] parent device:1d
[    0.183359]      scan-1133 get_device_data       : No context for object [ffff88040d83b230]
[    0.183359]      scan-1133 get_device_data       : No context for object [ffff88040d83b258]
[    0.183359]      scan-1133 get_device_data       : No context for object [ffff88040d83b280]
[    0.183359]      scan-1133 get_device_data       : No context for object [ffff88040d8274d8]
[    0.183359]     utils-0051 util_eval_error       : Evaluate [\_SB_.PCI0.OHC3._STA]: AE_NOT_FOUND
[    0.183359] device: 'device:1f': device_add
[    0.183359] bus: 'acpi': add device device:1f
[    0.183359]     utils-0051 util_eval_error       : Evaluate [\_SB_.PCI0.OHC3._SUN]: AE_NOT_FOUND
[    0.183359]      scan-1922 add_single_object     : Added device:1f [\_SB_.PCI0.OHC3] parent PNP0A08:00
[    0.183359]      scan-1133 get_device_data       : No context for object [ffff88040d827500]
[    0.183359]      scan-1133 get_device_data       : No context for object [ffff88040d827528]
[    0.183359]      scan-1133 get_device_data       : No context for object [ffff88040d83b578]
[    0.183359]     utils-0051 util_eval_error       : Evaluate [\_SB_.PCI0.OHC3.RHUB._STA]: AE_NOT_FOUND
[    0.183359] device: 'device:20': device_add
[    0.183359] bus: 'acpi': add device device:20
[    0.183359]     utils-0051 util_eval_error       : Evaluate [\_SB_.PCI0.OHC3.RHUB._SUN]: AE_NOT_FOUND
[    0.183359]      scan-1922 add_single_object     : Added device:20 [\_SB_.PCI0.OHC3.RHUB] parent device:1f
[    0.183359]      scan-1133 get_device_data       : No context for object [ffff88040d83b5a0]
[    0.183359]      scan-1133 get_device_data       : No context for object [ffff88040d827550]
[    0.183359]     utils-0051 util_eval_error       : Evaluate [\_SB_.PCI0.EHC3._STA]: AE_NOT_FOUND
[    0.183359] device: 'device:21': device_add
[    0.183359] bus: 'acpi': add device device:21
[    0.183359]     utils-0051 util_eval_error       : Evaluate [\_SB_.PCI0.EHC3._SUN]: AE_NOT_FOUND
[    0.183359]      scan-1922 add_single_object     : Added device:21 [\_SB_.PCI0.EHC3] parent PNP0A08:00
[    0.183359]      scan-1133 get_device_data       : No context for object [ffff88040d827578]
[    0.183359]      scan-1133 get_device_data       : No context for object [ffff88040d8275a0]
[    0.183359]      scan-1133 get_device_data       : No context for object [ffff88040d83b2a8]
[    0.183359]     utils-0051 util_eval_error       : Evaluate [\_SB_.PCI0.EHC3.RHUB._STA]: AE_NOT_FOUND
[    0.183359] device: 'device:22': device_add
[    0.183359] bus: 'acpi': add device device:22
[    0.183359]     utils-0051 util_eval_error       : Evaluate [\_SB_.PCI0.EHC3.RHUB._SUN]: AE_NOT_FOUND
[    0.183359]      scan-1922 add_single_object     : Added device:22 [\_SB_.PCI0.EHC3.RHUB] parent device:21
[    0.183359]      scan-1133 get_device_data       : No context for object [ffff88040d83b2d0]
[    0.183359]      scan-1133 get_device_data       : No context for object [ffff88040d8275c8]
[    0.183359]     utils-0051 util_eval_error       : Evaluate [\_SB_.PCI0.OHC4._STA]: AE_NOT_FOUND
[    0.183359] device: 'device:23': device_add
[    0.183359] bus: 'acpi': add device device:23
[    0.183359]     utils-0051 util_eval_error       : Evaluate [\_SB_.PCI0.OHC4._SUN]: AE_NOT_FOUND
[    0.183359]      scan-1922 add_single_object     : Added device:23 [\_SB_.PCI0.OHC4] parent PNP0A08:00
[    0.183359]      scan-1133 get_device_data       : No context for object [ffff88040d8275f0]
[    0.183359]      scan-1133 get_device_data       : No context for object [ffff88040d827618]
[    0.183359]      scan-1133 get_device_data       : No context for object [ffff88040d827640]
[    0.183359]     utils-0051 util_eval_error       : Evaluate [\_SB_.PCI0.SBAZ._STA]: AE_NOT_FOUND
[    0.183359] device: 'device:24': device_add
[    0.183359] bus: 'acpi': add device device:24
[    0.183359]     utils-0051 util_eval_error       : Evaluate [\_SB_.PCI0.SBAZ._SUN]: AE_NOT_FOUND
[    0.183359]      scan-1922 add_single_object     : Added device:24 [\_SB_.PCI0.SBAZ] parent PNP0A08:00
[    0.183359]      scan-1133 get_device_data       : No context for object [ffff88040d827668]
[    0.183359]      scan-1133 get_device_data       : No context for object [ffff88040d827690]
[    0.183359]      scan-1133 get_device_data       : No context for object [ffff88040d8276b8]
[    0.183359]     utils-0051 util_eval_error       : Evaluate [\_SB_.PCI0.GEC_._STA]: AE_NOT_FOUND
[    0.183359] device: 'device:25': device_add
[    0.183359] bus: 'acpi': add device device:25
[    0.183359]     utils-0051 util_eval_error       : Evaluate [\_SB_.PCI0.GEC_._SUN]: AE_NOT_FOUND
[    0.183359]      scan-1922 add_single_object     : Added device:25 [\_SB_.PCI0.GEC_] parent PNP0A08:00
[    0.183359]      scan-1133 get_device_data       : No context for object [ffff88040d8276e0]
[    0.183359]      scan-1133 get_device_data       : No context for object [ffff88040d827708]
[    0.183359]      scan-1133 get_device_data       : No context for object [ffff88040d827730]
[    0.183359]      scan-1133 get_device_data       : No context for object [ffff88040d827758]
[    0.183359]      scan-1133 get_device_data       : No context for object [ffff88040d827780]
[    0.183359]      scan-1133 get_device_data       : No context for object [ffff88040d8277a8]
[    0.183359]      scan-1133 get_device_data       : No context for object [ffff88040d8277d0]
[    0.183359]      scan-1133 get_device_data       : No context for object [ffff88040d8277f8]
[    0.183359]      scan-1133 get_device_data       : No context for object [ffff88040d827820]
[    0.183359]     utils-0051 util_eval_error       : Evaluate [\_SB_.PCI0.SATA._STA]: AE_NOT_FOUND
[    0.183359] device: 'device:26': device_add
[    0.183359] bus: 'acpi': add device device:26
[    0.183359]     utils-0051 util_eval_error       : Evaluate [\_SB_.PCI0.SATA._SUN]: AE_NOT_FOUND
[    0.183359]      scan-1922 add_single_object     : Added device:26 [\_SB_.PCI0.SATA] parent PNP0A08:00
[    0.183359]      scan-1133 get_device_data       : No context for object [ffff88040d827848]
[    0.183359]      scan-1133 get_device_data       : No context for object [ffff88040d827870]
[    0.183359]      scan-1133 get_device_data       : No context for object [ffff88040d827898]
[    0.183359]      scan-1133 get_device_data       : No context for object [ffff88040d8278c0]
[    0.183359]      scan-1133 get_device_data       : No context for object [ffff88040d8278e8]
[    0.183359]      scan-1133 get_device_data       : No context for object [ffff88040d827910]
[    0.183359]      scan-1133 get_device_data       : No context for object [ffff88040d827938]
[    0.183359]      scan-1133 get_device_data       : No context for object [ffff88040d827960]
[    0.183359]      scan-1133 get_device_data       : No context for object [ffff88040d827988]
[    0.183359]      scan-1133 get_device_data       : No context for object [ffff88040d8279b0]
[    0.183359]      scan-1133 get_device_data       : No context for object [ffff88040d8279d8]
[    0.183359]      scan-1133 get_device_data       : No context for object [ffff88040d827a00]
[    0.183359]      scan-1133 get_device_data       : No context for object [ffff88040d827a28]
[    0.183359]      scan-1133 get_device_data       : No context for object [ffff88040d827a50]
[    0.183359]      scan-1133 get_device_data       : No context for object [ffff88040d827a78]
[    0.183359]      scan-1133 get_device_data       : No context for object [ffff88040d827aa0]
[    0.183359]      scan-1133 get_device_data       : No context for object [ffff88040d827ac8]
[    0.183359]      scan-1133 get_device_data       : No context for object [ffff88040d827af0]
[    0.183359]      scan-1133 get_device_data       : No context for object [ffff88040d827b18]
[    0.183359]      scan-1133 get_device_data       : No context for object [ffff88040d827b40]
[    0.183359]      scan-1133 get_device_data       : No context for object [ffff88040d827b68]
[    0.183359]      scan-1133 get_device_data       : No context for object [ffff88040d827b90]
[    0.183359]      scan-1133 get_device_data       : No context for object [ffff88040d827bb8]
[    0.183359]      scan-1133 get_device_data       : No context for object [ffff88040d827be0]
[    0.183359]      scan-1133 get_device_data       : No context for object [ffff88040d827c08]
[    0.183359]      scan-1133 get_device_data       : No context for object [ffff88040d827c30]
[    0.183359]      scan-1133 get_device_data       : No context for object [ffff88040d827c58]
[    0.183359]      scan-1133 get_device_data       : No context for object [ffff88040d827c80]
[    0.183359]      scan-1133 get_device_data       : No context for object [ffff88040d827ca8]
[    0.183359]      scan-1133 get_device_data       : No context for object [ffff88040d827cd0]
[    0.183359]      scan-1133 get_device_data       : No context for object [ffff88040d827cf8]
[    0.183359]      scan-1133 get_device_data       : No context for object [ffff88040d827d20]
[    0.183359]      scan-1133 get_device_data       : No context for object [ffff88040d827d48]
[    0.183359]      scan-1133 get_device_data       : No context for object [ffff88040d827d70]
[    0.183359]      scan-1133 get_device_data       : No context for object [ffff88040d827d98]
[    0.183359]      scan-1133 get_device_data       : No context for object [ffff88040d827dc0]
[    0.183359]      scan-1133 get_device_data       : No context for object [ffff88040d827de8]
[    0.183359]      scan-1133 get_device_data       : No context for object [ffff88040d827e10]
[    0.183364]      scan-1133 get_device_data       : No context for object [ffff88040d827e38]
[    0.183370]      scan-1133 get_device_data       : No context for object [ffff88040d827e60]
[    0.183376]      scan-1133 get_device_data       : No context for object [ffff88040d827e88]
[    0.183383]      scan-1133 get_device_data       : No context for object [ffff88040d827eb0]
[    0.183389]      scan-1133 get_device_data       : No context for object [ffff88040d827ed8]
[    0.183396]      scan-1133 get_device_data       : No context for object [ffff88040d827f00]
[    0.183402]      scan-1133 get_device_data       : No context for object [ffff88040d827f28]
[    0.183410]     utils-0051 util_eval_error       : Evaluate [\_SB_.PCI0.SATA.PRID._STA]: AE_NOT_FOUND
