[    0.000000] Initializing cgroup subsys cpuset
[    0.000000] Initializing cgroup subsys cpu
[    0.000000] Initializing cgroup subsys cpuacct
[    0.000000] Linux version 3.16.0-1-MANJARO (emacs@manji) (gcc version 4.9.0 20140604 (prerelease) (GCC) ) #16 SMP Mon Jul 14 18:04:26 CEST 2014
[    0.000000] Command line: BOOT_IMAGE=/vmlinuz-316-x86_64 root=UUID=bfa4ab6e-19a3-4601-ba2b-267c55841c73 rw cryptdevice=/dev/disk/by-uuid/70c08890-417a-497d-b6ab-c0d0357a63e2:cryptManjaro:allow-discards ipv6.disable=1 pnp.debug=1 loglevel=9 log_buf_len=10M printk.always_kmsg_dump=y printk.time=y mminit_loglevel=0 memory_corruption_check=1 fbcon=scrollback:4096k fbcon=font:ProFont6x11 acpi.debug_layer=0xfbff0000 acpi.debug_level=0xFFFFFFFD pnp.debug=1 radeonfb radeon.audio=0 radeon.lockup_timeout=0 radeon.test=0 radeon.agpmode=0 radeon.benchmark=0 radeon.tv=0 radeon.fastfb=1 radeon.hard_reset=1 radeon.aspm=1 radeon.dpm=1 radeon.msi=1 radeon.pcie_gen2=-1 radeon.no_wb=1 radeon.modeset=1 radeon.dynclks=1 radeon.r4xx_atom=1 radeon.runpm=0
[    0.000000] KERNEL supported cpus:
[    0.000000]   AMD AuthenticAMD
[    0.000000] e820: BIOS-provided physical RAM map:
[    0.000000] BIOS-e820: [mem 0x0000000000000000-0x000000000009d7ff] usable
[    0.000000] BIOS-e820: [mem 0x000000000009d800-0x000000000009ffff] reserved
[    0.000000] BIOS-e820: [mem 0x00000000000e0000-0x00000000000fffff] reserved
[    0.000000] BIOS-e820: [mem 0x0000000000100000-0x00000000bed9afff] usable
[    0.000000] BIOS-e820: [mem 0x00000000bed9b000-0x00000000bf39afff] reserved
[    0.000000] BIOS-e820: [mem 0x00000000bf39b000-0x00000000bf49afff] ACPI NVS
[    0.000000] BIOS-e820: [mem 0x00000000bf49b000-0x00000000bf51afff] ACPI data
[    0.000000] BIOS-e820: [mem 0x00000000bf51b000-0x00000000bfdfffff] usable
[    0.000000] BIOS-e820: [mem 0x00000000bfe00000-0x00000000bfffffff] reserved
[    0.000000] BIOS-e820: [mem 0x00000000fec00000-0x00000000fecfffff] reserved
[    0.000000] BIOS-e820: [mem 0x00000000fed80000-0x00000000fed80fff] reserved
[    0.000000] BIOS-e820: [mem 0x00000000ffe00000-0x00000000ffffffff] reserved
[    0.000000] BIOS-e820: [mem 0x0000000100000000-0x000000041effffff] usable
[    0.000000] NX (Execute Disable) protection: active
[    0.000000] SMBIOS 2.6 present.
[    0.000000] DMI: LENOVO Sabine/Torpedo, BIOS 54CN18WW 07/20/2011
[    0.000000] e820: update [mem 0x00000000-0x00000fff] usable ==> reserved
[    0.000000] e820: remove [mem 0x000a0000-0x000fffff] usable
[    0.000000] e820: last_pfn = 0x41f000 max_arch_pfn = 0x400000000
[    0.000000] MTRR default type: uncachable
[    0.000000] MTRR fixed ranges enabled:
[    0.000000]   00000-9FFFF write-back
[    0.000000]   A0000-BFFFF uncachable
[    0.000000]   C0000-FFFFF write-protect
[    0.000000] MTRR variable ranges enabled:
[    0.000000]   0 base 0000000000 mask FF80000000 write-back
[    0.000000]   1 base 0080000000 mask FFC0000000 write-back
[    0.000000]   2 base 00FFF90000 mask FFFFFF0000 uncachable
[    0.000000]   3 base 00FED80000 mask 0FFFFFF000 uncachable
[    0.000000]   4 disabled
[    0.000000]   5 disabled
[    0.000000]   6 disabled
[    0.000000]   7 base 00FFE00000 mask FFFFE00000 write-protect
[    0.000000] TOM2: 000000041f000000 aka 16880M
[    0.000000] mtrr: your BIOS has configured an incorrect mask, fixing it.
[    0.000000] e820: last_pfn = 0xbfe00 max_arch_pfn = 0x400000000
[    0.000000] found SMP MP-table at [mem 0x000fa8b0-0x000fa8bf] mapped at [ffff8800000fa8b0]
[    0.000000] Base memory trampoline at [ffff880000097000] 97000 size 24576
[    0.000000] Using GB pages for direct mapping
[    0.000000] init_memory_mapping: [mem 0x00000000-0x000fffff]
[    0.000000]  [mem 0x00000000-0x000fffff] page 4k
[    0.000000] BRK [0x02024000, 0x02024fff] PGTABLE
[    0.000000] BRK [0x02025000, 0x02025fff] PGTABLE
[    0.000000] BRK [0x02026000, 0x02026fff] PGTABLE
[    0.000000] init_memory_mapping: [mem 0x41ee00000-0x41effffff]
[    0.000000]  [mem 0x41ee00000-0x41effffff] page 2M
[    0.000000] BRK [0x02027000, 0x02027fff] PGTABLE
[    0.000000] init_memory_mapping: [mem 0x41c000000-0x41edfffff]
[    0.000000]  [mem 0x41c000000-0x41edfffff] page 2M
[    0.000000] init_memory_mapping: [mem 0x400000000-0x41bffffff]
[    0.000000]  [mem 0x400000000-0x41bffffff] page 2M
[    0.000000] init_memory_mapping: [mem 0x00100000-0xbed9afff]
[    0.000000]  [mem 0x00100000-0x001fffff] page 4k
[    0.000000]  [mem 0x00200000-0x3fffffff] page 2M
[    0.000000]  [mem 0x40000000-0x7fffffff] page 1G
[    0.000000]  [mem 0x80000000-0xbebfffff] page 2M
[    0.000000]  [mem 0xbec00000-0xbed9afff] page 4k
[    0.000000] init_memory_mapping: [mem 0xbf51b000-0xbfdfffff]
[    0.000000]  [mem 0xbf51b000-0xbf5fffff] page 4k
[    0.000000]  [mem 0xbf600000-0xbfdfffff] page 2M
[    0.000000] BRK [0x02028000, 0x02028fff] PGTABLE
[    0.000000] init_memory_mapping: [mem 0x100000000-0x3ffffffff]
[    0.000000]  [mem 0x100000000-0x3ffffffff] page 1G
[    0.000000] log_buf_len: 16777216
[    0.000000] early log buf free: 2092104(99%)
[    0.000000] RAMDISK: [mem 0x37858000-0x37c23fff]
[    0.000000] ACPI: Early table checksum verification disabled
[    0.000000] ACPI: RSDP 0x00000000000F0110 000024 (v02 LENOVO)
[    0.000000] ACPI: XSDT 0x00000000BF51A120 000074 (v01 LENOVO CB-01    00000001 LENO 00000001)
[    0.000000] ACPI: FACP 0x00000000BF508000 0000F4 (v04 LENOVO CB-01    00000001 PTL  00000001)
[    0.000000] ACPI: DSDT 0x00000000BF50A000 00FD10 (v01 LENOVO CB-01    00001000 LENO 00000001)
[    0.000000] ACPI: FACS 0x00000000BF478000 000040
[    0.000000] ACPI: HPET 0x00000000BF507000 000038 (v01 LENOVO CB-01    00000001 PTL  00000001)
[    0.000000] ACPI: APIC 0x00000000BF506000 00007A (v02 LENOVO CB-01    00000001 PTL  00000001)
[    0.000000] ACPI: MCFG 0x00000000BF505000 00003C (v01 LENOVO CB-01    00000001 PTL  00000001)
[    0.000000] ACPI: SLIC 0x00000000BF504000 000176 (v01 LENOVO CB-01    00000001 LENO 00000001)
[    0.000000] ACPI: UEFI 0x00000000BF503000 00003E (v01 LENOVO CB-01    00000001 PTL  00000001)
[    0.000000] ACPI: UEFI 0x00000000BF502000 000042 (v01 PTL    COMBUF   00000001 PTL  00000001)
[    0.000000] ACPI: SSDT 0x00000000BF501000 000E34 (v01 AMD    POWERNOW 00000001 AMD  00000001)
[    0.000000] ACPI: SSDT 0x00000000BF4FF000 00193D (v02 AMD    ALIB     00000001 MSFT 04000000)
[    0.000000] ACPI: UEFI 0x00000000BF4FE000 00021A (v01 LENOVO CB-01    00000001 PTL  00000001)
[    0.000000] ACPI: Local APIC address 0xfee00000
[    0.000000] No NUMA configuration found
[    0.000000] Faking a node at [mem 0x0000000000000000-0x000000041effffff]
[    0.000000] Initmem setup node 0 [mem 0x00000000-0x41effffff]
[    0.000000]   NODE_DATA [mem 0x41dffa000-0x41dffdfff]
[    0.000000]  [ffffea0000000000-ffffea00107fffff] PMD -> [ffff88040de00000-ffff88041d5fffff] on node 0
[    0.000000] Zone ranges:
[    0.000000]   DMA      [mem 0x00001000-0x00ffffff]
[    0.000000]   DMA32    [mem 0x01000000-0xffffffff]
[    0.000000]   Normal   [mem 0x100000000-0x41effffff]
[    0.000000] Movable zone start for each node
[    0.000000] Early memory node ranges
[    0.000000]   node   0: [mem 0x00001000-0x0009cfff]
[    0.000000]   node   0: [mem 0x00100000-0xbed9afff]
[    0.000000]   node   0: [mem 0xbf51b000-0xbfdfffff]
[    0.000000]   node   0: [mem 0x100000000-0x41effffff]
[    0.000000] On node 0 totalpages: 4056604
[    0.000000]   DMA zone: 64 pages used for memmap
[    0.000000]   DMA zone: 21 pages reserved
[    0.000000]   DMA zone: 3996 pages, LIFO batch:0
[    0.000000]   DMA32 zone: 12186 pages used for memmap
[    0.000000]   DMA32 zone: 779904 pages, LIFO batch:31
[    0.000000]   Normal zone: 51136 pages used for memmap
[    0.000000]   Normal zone: 3272704 pages, LIFO batch:31
[    0.000000] ACPI: PM-Timer IO Port: 0x808
[    0.000000] ACPI: Local APIC address 0xfee00000
[    0.000000] ACPI: LAPIC (acpi_id[0x00] lapic_id[0x00] enabled)
[    0.000000] ACPI: LAPIC (acpi_id[0x01] lapic_id[0x01] enabled)
[    0.000000] ACPI: LAPIC (acpi_id[0x02] lapic_id[0x02] enabled)
[    0.000000] ACPI: LAPIC (acpi_id[0x03] lapic_id[0x03] enabled)
[    0.000000] ACPI: LAPIC_NMI (acpi_id[0x00] high edge lint[0x1])
[    0.000000] ACPI: LAPIC_NMI (acpi_id[0x01] high edge lint[0x1])
[    0.000000] ACPI: LAPIC_NMI (acpi_id[0x02] high edge lint[0x1])
[    0.000000] ACPI: LAPIC_NMI (acpi_id[0x03] high edge lint[0x1])
[    0.000000] ACPI: IOAPIC (id[0x02] address[0xfec00000] gsi_base[0])
[    0.000000] IOAPIC[0]: apic_id 2, version 33, address 0xfec00000, GSI 0-23
[    0.000000] ACPI: INT_SRC_OVR (bus 0 bus_irq 0 global_irq 2 dfl dfl)
[    0.000000] ACPI: IRQ0 used by override.
[    0.000000] ACPI: IRQ2 used by override.
[    0.000000] ACPI: IRQ9 used by override.
[    0.000000] Using ACPI (MADT) for SMP configuration information
[    0.000000] ACPI: HPET id: 0x43538210 base: 0xfed00000
[    0.000000] smpboot: Allowing 4 CPUs, 0 hotplug CPUs
[    0.000000] nr_irqs_gsi: 40
[    0.000000] e820: [mem 0xc0000000-0xfebfffff] available for PCI devices
[    0.000000] setup_percpu: NR_CPUS:64 nr_cpumask_bits:64 nr_cpu_ids:4 nr_node_ids:1
[    0.000000] PERCPU: Embedded 27 pages/cpu @ffff88041dc00000 s79872 r8192 d22528 u524288
[    0.000000] pcpu-alloc: s79872 r8192 d22528 u524288 alloc=1*2097152
[    0.000000] pcpu-alloc: [0] 0 1 2 3 
[    0.000000] Built 1 zonelists in Zone order, mobility grouping on.  Total pages: 3993197
[    0.000000] Policy zone: Normal
[    0.000000] Kernel command line: BOOT_IMAGE=/vmlinuz-316-x86_64 root=UUID=bfa4ab6e-19a3-4601-ba2b-267c55841c73 rw cryptdevice=/dev/disk/by-uuid/70c08890-417a-497d-b6ab-c0d0357a63e2:cryptManjaro:allow-discards ipv6.disable=1 pnp.debug=1 loglevel=9 log_buf_len=10M printk.always_kmsg_dump=y printk.time=y mminit_loglevel=0 memory_corruption_check=1 fbcon=scrollback:4096k fbcon=font:ProFont6x11 acpi.debug_layer=0xfbff0000 acpi.debug_level=0xFFFFFFFD pnp.debug=1 radeonfb radeon.audio=0 radeon.lockup_timeout=0 radeon.test=0 radeon.agpmode=0 radeon.benchmark=0 radeon.tv=0 radeon.fastfb=1 radeon.hard_reset=1 radeon.aspm=1 radeon.dpm=1 radeon.msi=1 radeon.pcie_gen2=-1 radeon.no_wb=1 radeon.modeset=1 radeon.dynclks=1 radeon.r4xx_atom=1 radeon.runpm=0
[    0.000000] PID hash table entries: 4096 (order: 3, 32768 bytes)
[    0.000000] Memory: 15868888K/16226416K available (6405K kernel code, 768K rwdata, 2836K rodata, 848K init, 2592K bss, 357528K reserved)
[    0.000000] SLUB: HWalign=64, Order=0-3, MinObjects=0, CPUs=4, Nodes=1
[    0.000000] Hierarchical RCU implementation.
[    0.000000] 	RCU dyntick-idle grace-period acceleration is enabled.
[    0.000000] 	Additional per-CPU info printed with stalls.
[    0.000000] 	RCU restricting CPUs from NR_CPUS=64 to nr_cpu_ids=4.
[    0.000000] RCU: Adjusting geometry for rcu_fanout_leaf=16, nr_cpu_ids=4
[    0.000000] NR_IRQS:4352 nr_irqs:712 16
[    0.000000] spurious 8259A interrupt: IRQ7.
[    0.000000] Console: colour dummy device 80x25
[    0.000000] console [tty0] enabled
[    0.000000] allocated 65011712 bytes of page_cgroup
[    0.000000] please try 'cgroup_disable=memory' option if you don't want memory cgroups
[    0.000000] hpet clockevent registered
[    0.000000] tsc: Fast TSC calibration using PIT
[    0.000000] tsc: Detected 1397.569 MHz processor
[    0.000042] Calibrating delay loop (skipped), value calculated using timer frequency.. 2795.13 BogoMIPS (lpj=1397569)
[    0.000047] pid_max: default: 32768 minimum: 301
[    0.000056] ACPI: Core revision 20140424
[    0.015860] ACPI: All ACPI Tables successfully acquired
[    0.018097] Security Framework initialized
[    0.019548] Dentry cache hash table entries: 2097152 (order: 12, 16777216 bytes)
[    0.025640] Inode-cache hash table entries: 1048576 (order: 11, 8388608 bytes)
[    0.028481] Mount-cache hash table entries: 32768 (order: 6, 262144 bytes)
[    0.028514] Mountpoint-cache hash table entries: 32768 (order: 6, 262144 bytes)
[    0.028888] Initializing cgroup subsys memory
[    0.028944] Initializing cgroup subsys devices
[    0.028956] Initializing cgroup subsys freezer
[    0.028962] Initializing cgroup subsys blkio
[    0.028999] tseg: 00bfe00000
[    0.029004] CPU: Physical Processor ID: 0
[    0.029007] CPU: Processor Core ID: 0
[    0.029011] mce: CPU supports 6 MCE banks
[    0.029025] Last level iTLB entries: 4KB 512, 2MB 16, 4MB 8
Last level dTLB entries: 4KB 1024, 2MB 128, 4MB 64, 1GB 0
tlb_flushall_shift: 6
[    0.029212] Freeing SMP alternatives memory: 20K (ffffffff81d96000 - ffffffff81d9b000)
[    0.029686] ..TIMER: vector=0x30 apic1=0 pin1=2 apic2=-1 pin2=-1
[    0.039695] smpboot: CPU0: AMD A6-3400M APU with Radeon(tm) HD Graphics (fam: 12, model: 01, stepping: 00)
[    0.140992] Performance Events: AMD PMU driver.
[    0.141000] ... version:                0
[    0.141004] ... bit width:              48
[    0.141007] ... generic registers:      4
[    0.141010] ... value mask:             0000ffffffffffff
[    0.141014] ... max period:             00007fffffffffff
[    0.141017] ... fixed-purpose events:   0
[    0.141019] ... event mask:             000000000000000f
[    0.141342] MCE: In-kernel MCE decoding enabled.
[    0.141408] NMI watchdog: enabled on all CPUs, permanently consumes one hw-PMU counter.
[    0.141498] x86: Booting SMP configuration:
[    0.141501] .... node  #0, CPUs:      #1
[    5.744789] smpboot: CPU1: Not responding
[    5.744842] smpboot: do_boot_cpu failed(1) to wakeup CPU#1
[    5.744930]  #2
[    5.758115] TSC synchronization [CPU#0 -> CPU#2]:
[    5.758123] Measured 181501906 cycles TSC warp between CPUs, turning off TSC clock.
[    5.758131] tsc: Marking TSC unstable due to check_tsc_sync_source failed
[    5.758305]  #3
[    5.769490] x86: Booted up 1 node, 3 CPUs
[    5.769496] smpboot: Total of 3 processors activated (8385.41 BogoMIPS)
[    5.098146] devtmpfs: initialized
[    5.098146] device: 'platform': device_add
[    5.098146] bus: 'platform': registered
[    5.098146] bus: 'cpu': registered
[    5.098146] device: 'cpu': device_add
[    5.098146] bus: 'container': registered
[    5.098146] device: 'container': device_add
[    5.099325] bus: 'workqueue': registered
[    5.099341] device: 'workqueue': device_add
[    5.099433] kworker/u8:0 (31) used greatest stack depth: 15088 bytes left
[    5.099603] atomic64_test: passed for x86-64 platform with CX8 and with SSE
[    5.099613] device class 'regulator': registering
[    5.099671] Registering platform device 'reg-dummy'. Parent at platform
[    5.099676] device: 'reg-dummy': device_add
[    5.099683] bus: 'platform': add device reg-dummy
[    5.100006] bus: 'platform': add driver reg-dummy
[    5.100006] bus: 'platform': driver_probe_device: matched device reg-dummy with driver reg-dummy
[    5.100006] bus: 'platform': really_probe: probing driver reg-dummy with device reg-dummy
[    5.100006] device: 'regulator.0': device_add
[    5.100016] regulator-dummy: no parameters
[    5.100016] driver: 'reg-dummy': driver_bound: bound to device 'reg-dummy'
[    5.100016] bus: 'platform': really_probe: bound device reg-dummy to driver reg-dummy
[    5.100022] NET: Registered protocol family 16
[    5.100250] device class 'bdi': registering
[    5.100264] bus: 'platform': add driver ramoops
[    5.100286] device class 'pci_bus': registering
[    5.100256] kworker/u8:0 (36) used greatest stack depth: 14832 bytes left
[    5.100309] bus: 'pci': registered
[    5.100313] device class 'backlight': registering
[    5.100323] device class 'tty': registering
[    5.100340] device class 'vtconsole': registering
[    5.100352] device: 'vtcon0': device_add
[    5.100380] bus: 'node': registered
[    5.100382] device: 'node': device_add
[    5.100410] bus: 'i2c': registered
[    5.100416] bus: 'i2c': add driver dummy
[    5.100435] i2c-core: driver [dummy] registered
[    5.100442] cpuidle: using governor ladder
[    5.100447] cpuidle: using governor menu
[    5.100865] ACPI FADT declares the system doesn't support PCIe ASPM, so disable it
[    5.100871] ACPI: bus type PCI registered
[    5.100875] acpiphp: ACPI Hot Plug PCI Controller Driver version: 0.5
[    5.100881] device class 'dmi': registering
[    5.101015] device: 'id': device_add
[    5.101048] PCI: MMCONFIG for domain 0000 [bus 00-3f] at [mem 0xf8000000-0xfbffffff] (base 0xf8000000)
[    5.101048] PCI: not using MMCONFIG
[    5.101048] PCI: Using configuration type 1 for base access
[    5.101048] PCI: Using configuration type 1 for extended access
[    5.101284] device: 'node0': device_add
[    5.101291] bus: 'node': add device node0
[    5.101325] device: 'cpu0': device_add
[    5.101332] bus: 'cpu': add device cpu0
[    5.101376] device: 'cpu1': device_add
[    5.101383] bus: 'cpu': add device cpu1
[    5.101425] device: 'cpu2': device_add
[    5.101434] bus: 'cpu': add device cpu2
[    5.101471] device: 'cpu3': device_add
[    5.101475] bus: 'cpu': add device cpu3
[    5.101502] mtrr: your CPUs had inconsistent variable MTRR settings
[    5.101505] mtrr: probably your BIOS does not setup all CPUs.
[    5.101507] mtrr: corrected configuration.
[    5.101680] kworker/u8:0 (57) used greatest stack depth: 14160 bytes left
[    5.107097] device: 'writeback': device_add
[    5.107097] bus: 'workqueue': add device writeback
[    5.107097] device: 'default': device_add
[    5.107190] device class 'block': registering
[    5.107190] device class 'graphics': registering
[    5.107190] ACPI: Added _OSI(Module Device)
[    5.107190] ACPI: Added _OSI(Processor Device)
[    5.107190] ACPI: Added _OSI(3.0 _SCP Extensions)
[    5.107190] ACPI: Added _OSI(Processor Aggregator Device)
[    5.110419] 
**** Context Switch from TID 4294967295 to TID 137625600 ****

[    5.110429]     utils-0051 util_eval_error       : Evaluate [\_SB_.PCI0.LPC0.EC0_._GLK]: AE_NOT_FOUND
[    5.110804] Executing  Method       \_SB_.PCI0.LPC0.EC0_._REG
[    5.111377] Executing  Method       \_SB_.PCI0.LPC0.EC0_._REG
[    5.111393] Executing  Method       \_SB_.PCI0.LPC0.EC0_._REG
[    5.111437] Executing  Method       \_SB_.PCI0.LPC0.EC0_._REG
[    5.114332] Initializing Region       \_SB_.OSTY
[    5.114353] Initializing Region       \_SB_.PCI0.NBMS
[    5.114366] Initializing Region       \_SB_.PCI0.NBXP
[    5.114380] Initializing Region       \_SB_.PCI0.K8ST
[    5.114423] Initializing Region       \_SB_.PCI0.BAR1
[    5.114455] Initializing Region       \_SB_.PCI0.PB2_.XPEX
[    5.114474] Initializing Region       \_SB_.PCI0.PB2_.PCFG
[    5.114494] Initializing Region       \_SB_.PCI0.PB2_.XPCB
[    5.114514] Initializing Region       \_SB_.PCI0.PB2_.XPRI
[    5.114538] Initializing Region       \_SB_.PCI0.PB2_.VGA_.PCFG
[    5.114622] Initializing Region       \_SB_.PCI0.PB2_.HDAU.PCFG
[    5.114656] Initializing Region       \_SB_.PCI0.PB3_.XPEX
[    5.114674] Initializing Region       \_SB_.PCI0.PB3_.PCFG
[    5.114693] Initializing Region       \_SB_.PCI0.PB3_.XPCB
[    5.114714] Initializing Region       \_SB_.PCI0.PB3_.XPRI
[    5.114738] Initializing Region       \_SB_.PCI0.PB3_.VGA_.PCFG
[    5.114828] Initializing Region       \_SB_.PCI0.PB3_.HDAU.PCFG
[    5.114862] Initializing Region       \_SB_.PCI0.PB4_.XPEX
[    5.114881] Initializing Region       \_SB_.PCI0.PB4_.PCFG
[    5.114900] Initializing Region       \_SB_.PCI0.PB4_.XPCB
[    5.114920] Initializing Region       \_SB_.PCI0.PB4_.XPRI
[    5.114944] Initializing Region       \_SB_.PCI0.PB4_.XPDV.PCFG
[    5.114978] Initializing Region       \_SB_.PCI0.PB5_.XPEX
[    5.114996] Initializing Region       \_SB_.PCI0.PB5_.PCFG
[    5.115019] Initializing Region       \_SB_.PCI0.PB5_.XPCB
[    5.115039] Initializing Region       \_SB_.PCI0.PB5_.XPRI
[    5.115063] Initializing Region       \_SB_.PCI0.PB5_.XPDV.PCFG
[    5.115097] Initializing Region       \_SB_.PCI0.PB6_.XPEX
[    5.115115] Initializing Region       \_SB_.PCI0.PB6_.PCFG
[    5.115134] Initializing Region       \_SB_.PCI0.PB6_.XPCB
[    5.115155] Initializing Region       \_SB_.PCI0.PB6_.XPRI
[    5.115178] Initializing Region       \_SB_.PCI0.PB6_.XPDV.PCFG
[    5.115212] Initializing Region       \_SB_.PCI0.PB7_.XPEX
[    5.115231] Initializing Region       \_SB_.PCI0.PB7_.PCFG
[    5.115250] Initializing Region       \_SB_.PCI0.PB7_.XPCB
[    5.115270] Initializing Region       \_SB_.PCI0.PB7_.XPRI
[    5.115294] Initializing Region       \_SB_.PCI0.PB7_.XPDV.PCFG
[    5.115591] Initializing Region       \_SB_.PCI0.SATC
[    5.115611] Initializing Region       \_SB_.PCI0.RMEM
[    5.115669] Initializing Region       \_SB_.PCI0.SATA.SATX
[    5.115696] Initializing Region       \_SB_.PCI0.SATA.BAR5
[    5.119215] Initializing Region       \_SB_.PCI0.SMB_.SBRV
[    5.119249] Initializing Region       \_SB_.PCI0.SMB_.PMIO
[    5.119271] Initializing Region       \_SB_.PCI0.SMB_.ERMM
[    5.119469] Initializing Region       \_SB_.PCI0.SMB_.P1E0
[    5.119548] Initializing Region       \_SB_.PCI0.SMB_.ABIO
[    5.119569] Initializing Region       \_SB_.PCI0.SMB_.SMB0
[    5.119584] Initializing Region       \_SB_.PCI0.LPC0.PIRQ
[    5.119630] Initializing Region       \_SB_.PCI0.LPC0.LPCR
[    5.119693] Initializing Region       \_SB_.PCI0.LPC0.LPCS
[    5.119712] Initializing Region       \_SB_.PCI0.LPC0.SMI0
[    5.119724] Initializing Region       \_SB_.PCI0.LPC0.SMI1
[    5.119741] Initializing Region       \_SB_.PCI0.LPC0.EC0_.ECO1
[    5.119752] Initializing Region       \_SB_.PCI0.LPC0.EC0_.ECO2
[    5.119764] Initializing Region       \_SB_.PCI0.LPC0.EC0_.ECMB
[    5.120055] Initializing Region       \_SB_.PCI0.LPC0.EC0_.RAM_
[    5.120187] Initializing Region       \_SB_.PCI0.LPC0.EC0_.CMOS
[    5.120230] Initializing Region       \_SB_.PCI0.LPC0.EC0_.VPC0.ERAM
[    5.120304] Initializing Region       \_SB_.PCI0.SPB0.PCFG
[    5.120324] Initializing Region       \_SB_.PCI0.SPB0.XPCB
[    5.120347] Initializing Region       \_SB_.PCI0.SPB0.XPDV.PCFG
[    5.120379] Initializing Region       \_SB_.PCI0.SPB1.PCFG
[    5.120399] Initializing Region       \_SB_.PCI0.SPB1.XPCB
[    5.120421] Initializing Region       \_SB_.PCI0.SPB1.XPDV.PCFG
[    5.120453] Initializing Region       \_SB_.PCI0.SPB2.PCFG
[    5.120472] Initializing Region       \_SB_.PCI0.SPB2.XPCB
[    5.120495] Initializing Region       \_SB_.PCI0.SPB2.XPDV.PCFG
[    5.120527] Initializing Region       \_SB_.PCI0.SPB3.PCFG
[    5.120546] Initializing Region       \_SB_.PCI0.SPB3.XPCB
[    5.120569] Initializing Region       \_SB_.PCI0.SPB3.XPDV.PCFG
[    5.120758] Initializing Region       \_SB_.PCI0.VGA_.REVD
[    5.120988] Initializing BufferField  \_SB_.AMW0.WLID
[    5.121335] Initializing Region       \DEB2
[    5.121355] Initializing Region       \PMIO
[    5.121374] Initializing Region       \P01_
[    5.121419] Initializing Region       \CNVS
[    5.121453] Initializing Region       \SPRT
[    5.121489] Initializing Region       \CMIO
[    5.121652] Executing  Method       \_SB_._STA
[    5.121661] Executing  Method       \_SB_._INI
[    5.121668] Executing  Method       \_SB_.PCI0._STA
[    5.121675] Executing  Method       \_SB_.PCI0._INI
[    5.121937] [Firmware Bug]: ACPI: BIOS _OSI(Linux) query ignored
[    5.122189] Executing  Method       \_SB_.PCI0.SATA._STA
[    5.122195] Executing  Method       \_SB_.PCI0.SATA._INI
[    5.123350] Executing  Method       \_SB_.PCI0.LPC0.EC0_._REG
[    5.159298] ACPI: Interpreter enabled
[    5.159324] ACPI: (supports S0 S5)
[    5.159328] ACPI: Using IOAPIC for interrupt routing
[    5.159672] PCI: MMCONFIG for domain 0000 [bus 00-3f] at [mem 0xf8000000-0xfbffffff] (base 0xf8000000)
[    5.160352] PCI: MMCONFIG at [mem 0xf8000000-0xfbffffff] reserved in ACPI motherboard resources
[    5.160518] bus: 'acpi': registered
[    5.160527] PCI: Using host bridge windows from ACPI; if necessary, use "pci=nocrs" and report a bug
[    5.160544]      scan-1133 get_device_data       : No context for object [ffffffffffffffff]
[    5.160557]     utils-0051 util_eval_error       : Evaluate [\._STA]: AE_NOT_FOUND
[    5.160583] device: 'LNXSYSTM:00': device_add
[    5.160592] bus: 'acpi': add device LNXSYSTM:00
[    5.160619]     utils-0051 util_eval_error       : Evaluate [\._SUN]: AE_NOT_FOUND
[    5.160639]      scan-1922 add_single_object     : Added LNXSYSTM:00 [\] parent (null)
[    5.160657]      scan-1133 get_device_data       : No context for object [ffff88040d81d000]
[    5.160665]      scan-1133 get_device_data       : No context for object [ffff88040d8377d0]
[    5.160672]      scan-1133 get_device_data       : No context for object [ffff88040d8377f8]
[    5.160679]      scan-1133 get_device_data       : No context for object [ffff88040d837820]
[    5.160686]      scan-1133 get_device_data       : No context for object [ffff88040d837848]
[    5.160693]      scan-1133 get_device_data       : No context for object [ffff88040d837870]
[    5.160700]      scan-1133 get_device_data       : No context for object [ffff88040d837898]
[    5.160706]      scan-1133 get_device_data       : No context for object [ffff88040d8378c0]
[    5.160713]      scan-1133 get_device_data       : No context for object [ffff88040d8378e8]
[    5.160720]      scan-1133 get_device_data       : No context for object [ffff88040d839398]
[    5.160727]      scan-1133 get_device_data       : No context for object [ffff88040d81d028]
[    5.160734]      scan-1133 get_device_data       : No context for object [ffff88040d81d168]
[    5.160742]     utils-0051 util_eval_error       : Evaluate [\_PR_.C000._STA]: AE_NOT_FOUND
[    5.160750]      scan-1133 get_device_data       : No context for object [ffff88040d81d028]
[    5.160766] device: 'LNXCPU:00': device_add
[    5.160772] bus: 'acpi': add device LNXCPU:00
[    5.160792]     utils-0051 util_eval_error       : Evaluate [\_PR_.C000._SUN]: AE_NOT_FOUND
[    5.161001]      scan-1922 add_single_object     : Added LNXCPU:00 [\_PR_.C000] parent LNXSYSTM:00
[    5.161001]      scan-1133 get_device_data       : No context for object [ffff88040d83c398]
[    5.161001]      scan-1133 get_device_data       : No context for object [ffff88040d83c3c0]
[    5.161001]      scan-1133 get_device_data       : No context for object [ffff88040d83c3e8]
[    5.161001]      scan-1133 get_device_data       : No context for object [ffff88040d83c410]
[    5.161001]      scan-1133 get_device_data       : No context for object [ffff88040d83c438]
[    5.161001]      scan-1133 get_device_data       : No context for object [ffff88040d83c460]
[    5.161001]      scan-1133 get_device_data       : No context for object [ffff88040d81d190]
[    5.161001]     utils-0051 util_eval_error       : Evaluate [\_PR_.C001._STA]: AE_NOT_FOUND
[    5.161001]      scan-1133 get_device_data       : No context for object [ffff88040d81d028]
[    5.161001] device: 'LNXCPU:01': device_add
[    5.161001] bus: 'acpi': add device LNXCPU:01
[    5.161001]     utils-0051 util_eval_error       : Evaluate [\_PR_.C001._SUN]: AE_NOT_FOUND
[    5.161018]      scan-1922 add_single_object     : Added LNXCPU:01 [\_PR_.C001] parent LNXSYSTM:00
[    5.161018]      scan-1133 get_device_data       : No context for object [ffff88040d83c488]
[    5.161018]      scan-1133 get_device_data       : No context for object [ffff88040d83c4b0]
[    5.161018]      scan-1133 get_device_data       : No context for object [ffff88040d83c4d8]
[    5.161018]      scan-1133 get_device_data       : No context for object [ffff88040d83c500]
[    5.161018]      scan-1133 get_device_data       : No context for object [ffff88040d83c528]
[    5.161018]      scan-1133 get_device_data       : No context for object [ffff88040d83c550]
[    5.161018]      scan-1133 get_device_data       : No context for object [ffff88040d81d1b8]
[    5.161018]     utils-0051 util_eval_error       : Evaluate [\_PR_.C002._STA]: AE_NOT_FOUND
[    5.161018]      scan-1133 get_device_data       : No context for object [ffff88040d81d028]
[    5.161018] device: 'LNXCPU:02': device_add
[    5.161018] bus: 'acpi': add device LNXCPU:02
[    5.161018]     utils-0051 util_eval_error       : Evaluate [\_PR_.C002._SUN]: AE_NOT_FOUND
[    5.161023]      scan-1922 add_single_object     : Added LNXCPU:02 [\_PR_.C002] parent LNXSYSTM:00
[    5.161023]      scan-1133 get_device_data       : No context for object [ffff88040d83c578]
[    5.161023]      scan-1133 get_device_data       : No context for object [ffff88040d83c5a0]
[    5.161024]      scan-1133 get_device_data       : No context for object [ffff88040d83c5c8]
[    5.161029]      scan-1133 get_device_data       : No context for object [ffff88040d83c5f0]
[    5.161033]      scan-1133 get_device_data       : No context for object [ffff88040d83c618]
[    5.161037]      scan-1133 get_device_data       : No context for object [ffff88040d83c640]
[    5.161042]      scan-1133 get_device_data       : No context for object [ffff88040d81d1e0]
[    5.161047]     utils-0051 util_eval_error       : Evaluate [\_PR_.C003._STA]: AE_NOT_FOUND
[    5.161052]      scan-1133 get_device_data       : No context for object [ffff88040d81d028]
[    5.161061] device: 'LNXCPU:03': device_add
[    5.161065] bus: 'acpi': add device LNXCPU:03
[    5.161078]     utils-0051 util_eval_error       : Evaluate [\_PR_.C003._SUN]: AE_NOT_FOUND
[    5.161088]      scan-1922 add_single_object     : Added LNXCPU:03 [\_PR_.C003] parent LNXSYSTM:00
[    5.161095]      scan-1133 get_device_data       : No context for object [ffff88040d83c668]
[    5.161099]      scan-1133 get_device_data       : No context for object [ffff88040d83c690]
[    5.161106]      scan-1133 get_device_data       : No context for object [ffff88040d83c6b8]
[    5.161113]      scan-1133 get_device_data       : No context for object [ffff88040d83c6e0]
[    5.161120]      scan-1133 get_device_data       : No context for object [ffff88040d83c708]
[    5.161127]      scan-1133 get_device_data       : No context for object [ffff88040d83c730]
[    5.161134]      scan-1133 get_device_data       : No context for object [ffff88040d81d050]
[    5.161143]     utils-0051 util_eval_error       : Evaluate [\_SB_._STA]: AE_NOT_FOUND
[    5.161201] device: 'LNXSYBUS:00': device_add
[    5.161207] bus: 'acpi': add device LNXSYBUS:00
[    5.161226]     utils-0051 util_eval_error       : Evaluate [\_SB_._SUN]: AE_NOT_FOUND
[    5.161244]      scan-1922 add_single_object     : Added LNXSYBUS:00 [\_SB_] parent LNXSYSTM:00
[    5.161260]      scan-1133 get_device_data       : No context for object [ffff88040d81d3c0]
[    5.161267]      scan-1133 get_device_data       : No context for object [ffff88040d81d3e8]
[    5.161274]      scan-1133 get_device_data       : No context for object [ffff88040d81d410]
[    5.161281]      scan-1133 get_device_data       : No context for object [ffff88040d81d438]
[    5.161288]      scan-1133 get_device_data       : No context for object [ffff88040d81d460]
[    5.161294]      scan-1133 get_device_data       : No context for object [ffff88040d81d488]
[    5.161301]      scan-1133 get_device_data       : No context for object [ffff88040d81d4b0]
[    5.161308]      scan-1133 get_device_data       : No context for object [ffff88040d81d5a0]
[    5.161316]     utils-0051 util_eval_error       : Evaluate [\_SB_.PWRB._STA]: AE_NOT_FOUND
[    5.161358] device: 'PNP0C0C:00': device_add
[    5.161364] bus: 'acpi': add device PNP0C0C:00
[    5.161383]     utils-0051 util_eval_error       : Evaluate [\_SB_.PWRB._SUN]: AE_NOT_FOUND
[    5.161399]      scan-1922 add_single_object     : Added PNP0C0C:00 [\_SB_.PWRB] parent LNXSYBUS:00
[    5.161415]      scan-1133 get_device_data       : No context for object [ffff88040d81d5c8]
[    5.161422]      scan-1133 get_device_data       : No context for object [ffff88040d81d5f0]
[    5.161432]     utils-0051 util_eval_error       : Evaluate [\_SB_.PCI0._STA]: AE_NOT_FOUND
[    5.161494] device: 'PNP0A08:00': device_add
[    5.161501] bus: 'acpi': add device PNP0A08:00
[    5.161525]     utils-0051 util_eval_error       : Evaluate [\_SB_.PCI0._SUN]: AE_NOT_FOUND
[    5.161542]      scan-1922 add_single_object     : Added PNP0A08:00 [\_SB_.PCI0] parent LNXSYBUS:00
[    5.161560]      scan-1133 get_device_data       : No context for object [ffff88040d81d618]
[    5.161567]      scan-1133 get_device_data       : No context for object [ffff88040d81d640]
[    5.161574]      scan-1133 get_device_data       : No context for object [ffff88040d81d668]
[    5.161581]      scan-1133 get_device_data       : No context for object [ffff88040d81d690]
[    5.161588]      scan-1133 get_device_data       : No context for object [ffff88040d81d6b8]
[    5.161595]      scan-1133 get_device_data       : No context for object [ffff88040d81d6e0]
[    5.161602]      scan-1133 get_device_data       : No context for object [ffff88040d81d708]
[    5.161609]      scan-1133 get_device_data       : No context for object [ffff88040d81d730]
[    5.161616]      scan-1133 get_device_data       : No context for object [ffff88040d81d758]
[    5.161623]      scan-1133 get_device_data       : No context for object [ffff88040d81d780]
[    5.161630]      scan-1133 get_device_data       : No context for object [ffff88040d81d7a8]
[    5.161637]      scan-1133 get_device_data       : No context for object [ffff88040d81d7d0]
[    5.161644]      scan-1133 get_device_data       : No context for object [ffff88040d81d7f8]
[    5.161651]      scan-1133 get_device_data       : No context for object [ffff88040d81d820]
[    5.161658]      scan-1133 get_device_data       : No context for object [ffff88040d81d848]
[    5.161665]      scan-1133 get_device_data       : No context for object [ffff88040d81d870]
[    5.161672]      scan-1133 get_device_data       : No context for object [ffff88040d81d898]
[    5.161679]      scan-1133 get_device_data       : No context for object [ffff88040d81d8c0]
[    5.161686]      scan-1133 get_device_data       : No context for object [ffff88040d81d8e8]
[    5.161693]      scan-1133 get_device_data       : No context for object [ffff88040d81d910]
[    5.161700]      scan-1133 get_device_data       : No context for object [ffff88040d81d938]
[    5.161708]      scan-1133 get_device_data       : No context for object [ffff88040d81d960]
[    5.161715]      scan-1133 get_device_data       : No context for object [ffff88040d81d988]
[    5.161722]      scan-1133 get_device_data       : No context for object [ffff88040d81d9b0]
[    5.161729]      scan-1133 get_device_data       : No context for object [ffff88040d81d9d8]
[    5.161735]      scan-1133 get_device_data       : No context for object [ffff88040d81da00]
[    5.161742]      scan-1133 get_device_data       : No context for object [ffff88040d81da28]
[    5.161749]      scan-1133 get_device_data       : No context for object [ffff88040d81da50]
[    5.161756]      scan-1133 get_device_data       : No context for object [ffff88040d81da78]
[    5.161763]      scan-1133 get_device_data       : No context for object [ffff88040d81daa0]
[    5.161770]      scan-1133 get_device_data       : No context for object [ffff88040d81dac8]
[    5.161777]      scan-1133 get_device_data       : No context for object [ffff88040d81daf0]
[    5.161784]      scan-1133 get_device_data       : No context for object [ffff88040d81db18]
[    5.161791]      scan-1133 get_device_data       : No context for object [ffff88040d81db40]
[    5.161797]      scan-1133 get_device_data       : No context for object [ffff88040d81db68]
[    5.161804]      scan-1133 get_device_data       : No context for object [ffff88040d81db90]
[    5.161811]      scan-1133 get_device_data       : No context for object [ffff88040d81dbb8]
[    5.161818]      scan-1133 get_device_data       : No context for object [ffff88040d81dbe0]
[    5.161825]      scan-1133 get_device_data       : No context for object [ffff88040d81dc08]
[    5.161832]      scan-1133 get_device_data       : No context for object [ffff88040d81dc30]
[    5.161839]      scan-1133 get_device_data       : No context for object [ffff88040d81dc58]
[    5.161846]      scan-1133 get_device_data       : No context for object [ffff88040d81dc80]
[    5.161852]      scan-1133 get_device_data       : No context for object [ffff88040d81dca8]
[    5.161860]      scan-1133 get_device_data       : No context for object [ffff88040d81dcd0]
[    5.161867]      scan-1133 get_device_data       : No context for object [ffff88040d81dcf8]
[    5.161874]      scan-1133 get_device_data       : No context for object [ffff88040d81dd20]
[    5.161881]      scan-1133 get_device_data       : No context for object [ffff88040d81dd48]
[    5.161888]      scan-1133 get_device_data       : No context for object [ffff88040d81dd70]
[    5.161894]      scan-1133 get_device_data       : No context for object [ffff88040d81dd98]
[    5.161901]      scan-1133 get_device_data       : No context for object [ffff88040d81ddc0]
[    5.161908]      scan-1133 get_device_data       : No context for object [ffff88040d81dde8]
[    5.161915]      scan-1133 get_device_data       : No context for object [ffff88040d81de10]
[    5.161921]      scan-1133 get_device_data       : No context for object [ffff88040d81de38]
[    5.161928]      scan-1133 get_device_data       : No context for object [ffff88040d81de60]
[    5.161935]      scan-1133 get_device_data       : No context for object [ffff88040d81de88]
[    5.161942]      scan-1133 get_device_data       : No context for object [ffff88040d81deb0]
[    5.161949]      scan-1133 get_device_data       : No context for object [ffff88040d81ded8]
[    5.161955]      scan-1133 get_device_data       : No context for object [ffff88040d81df00]
[    5.161962]      scan-1133 get_device_data       : No context for object [ffff88040d81df28]
[    5.161969]      scan-1133 get_device_data       : No context for object [ffff88040d81df50]
[    5.161976]      scan-1133 get_device_data       : No context for object [ffff88040d81df78]
[    5.161983]      scan-1133 get_device_data       : No context for object [ffff88040d81dfa0]
[    5.161989]      scan-1133 get_device_data       : No context for object [ffff88040d81dfc8]
[    5.161996]      scan-1133 get_device_data       : No context for object [ffff88040d822000]
[    5.162007]      scan-1133 get_device_data       : No context for object [ffff88040d822028]
[    5.162016]     utils-0051 util_eval_error       : Evaluate [\_SB_.PCI0.MEMR._STA]: AE_NOT_FOUND
[    5.162060] device: 'PNP0C02:00': device_add
[    5.162067] bus: 'acpi': add device PNP0C02:00
[    5.162086]     utils-0051 util_eval_error       : Evaluate [\_SB_.PCI0.MEMR._SUN]: AE_NOT_FOUND
[    5.162102]      scan-1922 add_single_object     : Added PNP0C02:00 [\_SB_.PCI0.MEMR] parent PNP0A08:00
[    5.162116]      scan-1133 get_device_data       : No context for object [ffff88040d822050]
[    5.162123]      scan-1133 get_device_data       : No context for object [ffff88040d822078]
[    5.162132]      scan-1133 get_device_data       : No context for object [ffff88040d8220a0]
[    5.162136]      scan-1133 get_device_data       : No context for object [ffff88040d8220c8]
[    5.162141]      scan-1133 get_device_data       : No context for object [ffff88040d8220f0]
[    5.162145]      scan-1133 get_device_data       : No context for object [ffff88040d822118]
[    5.162149]      scan-1133 get_device_data       : No context for object [ffff88040d822140]
[    5.162153]      scan-1133 get_device_data       : No context for object [ffff88040d822168]
[    5.162158]      scan-1133 get_device_data       : No context for object [ffff88040d822190]
[    5.162162]      scan-1133 get_device_data       : No context for object [ffff88040d8221b8]
[    5.162166]      scan-1133 get_device_data       : No context for object [ffff88040d8221e0]
[    5.162170]      scan-1133 get_device_data       : No context for object [ffff88040d822208]
[    5.162174]      scan-1133 get_device_data       : No context for object [ffff88040d822230]
[    5.162178]      scan-1133 get_device_data       : No context for object [ffff88040d822258]
[    5.162182]      scan-1133 get_device_data       : No context for object [ffff88040d822280]
[    5.162186]      scan-1133 get_device_data       : No context for object [ffff88040d8222a8]
[    5.162192]     utils-0051 util_eval_error       : Evaluate [\_SB_.PCI0.PB2_._STA]: AE_NOT_FOUND
[    5.162278] device: 'device:00': device_add
[    5.162282] bus: 'acpi': add device device:00
[    5.162296]     utils-0051 util_eval_error       : Evaluate [\_SB_.PCI0.PB2_._SUN]: AE_NOT_FOUND
[    5.162306]      scan-1922 add_single_object     : Added device:00 [\_SB_.PCI0.PB2_] parent PNP0A08:00
[    5.162313]      scan-1133 get_device_data       : No context for object [ffff88040d8222d0]
[    5.162318]      scan-1133 get_device_data       : No context for object [ffff88040d8222f8]
[    5.162322]      scan-1133 get_device_data       : No context for object [ffff88040d822320]
[    5.162327]      scan-1133 get_device_data       : No context for object [ffff88040d822348]
[    5.162335]      scan-1133 get_device_data       : No context for object [ffff88040d822370]
[    5.162342]      scan-1133 get_device_data       : No context for object [ffff88040d822398]
[    5.162349]      scan-1133 get_device_data       : No context for object [ffff88040d8223c0]
[    5.162356]      scan-1133 get_device_data       : No context for object [ffff88040d8223e8]
[    5.162363]      scan-1133 get_device_data       : No context for object [ffff88040d822410]
[    5.162370]      scan-1133 get_device_data       : No context for object [ffff88040d822438]
[    5.162376]      scan-1133 get_device_data       : No context for object [ffff88040d822460]
[    5.162383]      scan-1133 get_device_data       : No context for object [ffff88040d822488]
[    5.162390]      scan-1133 get_device_data       : No context for object [ffff88040d8224b0]
[    5.162397]      scan-1133 get_device_data       : No context for object [ffff88040d8224d8]
[    5.162404]      scan-1133 get_device_data       : No context for object [ffff88040d822500]
[    5.162411]      scan-1133 get_device_data       : No context for object [ffff88040d822528]
[    5.162418]      scan-1133 get_device_data       : No context for object [ffff88040d822550]
[    5.162425]      scan-1133 get_device_data       : No context for object [ffff88040d822578]
[    5.162432]      scan-1133 get_device_data       : No context for object [ffff88040d8225a0]
[    5.162438]      scan-1133 get_device_data       : No context for object [ffff88040d8225c8]
[    5.162445]      scan-1133 get_device_data       : No context for object [ffff88040d8225f0]
[    5.162452]      scan-1133 get_device_data       : No context for object [ffff88040d822618]
[    5.162459]      scan-1133 get_device_data       : No context for object [ffff88040d822640]
[    5.162466]      scan-1133 get_device_data       : No context for object [ffff88040d822668]
[    5.162473]      scan-1133 get_device_data       : No context for object [ffff88040d822690]
[    5.162479]      scan-1133 get_device_data       : No context for object [ffff88040d8226b8]
[    5.162486]      scan-1133 get_device_data       : No context for object [ffff88040d8226e0]
[    5.162493]      scan-1133 get_device_data       : No context for object [ffff88040d822708]
[    5.162500]      scan-1133 get_device_data       : No context for object [ffff88040d822730]
[    5.162507]      scan-1133 get_device_data       : No context for object [ffff88040d822758]
[    5.162513]      scan-1133 get_device_data       : No context for object [ffff88040d822780]
[    5.162522]     utils-0051 util_eval_error       : Evaluate [\_SB_.PCI0.PB2_.VGA_._STA]: AE_NOT_FOUND
[    5.162569] device: 'device:01': device_add
[    5.162577] bus: 'acpi': add device device:01
[    5.162596]     utils-0051 util_eval_error       : Evaluate [\_SB_.PCI0.PB2_.VGA_._SUN]: AE_NOT_FOUND
[    5.162613]      scan-1922 add_single_object     : Added device:01 [\_SB_.PCI0.PB2_.VGA_] parent device:00
[    5.162624]      scan-1133 get_device_data       : No context for object [ffff88040d8227a8]
[    5.162631]      scan-1133 get_device_data       : No context for object [ffff88040d8227d0]
[    5.162638]      scan-1133 get_device_data       : No context for object [ffff88040d8227f8]
[    5.162645]      scan-1133 get_device_data       : No context for object [ffff88040d822820]
[    5.162652]      scan-1133 get_device_data       : No context for object [ffff88040d822848]
[    5.162659]      scan-1133 get_device_data       : No context for object [ffff88040d822870]
[    5.162666]      scan-1133 get_device_data       : No context for object [ffff88040d822898]
[    5.162673]      scan-1133 get_device_data       : No context for object [ffff88040d8228c0]
[    5.162680]      scan-1133 get_device_data       : No context for object [ffff88040d8228e8]
[    5.162687]      scan-1133 get_device_data       : No context for object [ffff88040d822910]
[    5.162694]      scan-1133 get_device_data       : No context for object [ffff88040d822938]
[    5.162700]      scan-1133 get_device_data       : No context for object [ffff88040d822960]
[    5.162707]      scan-1133 get_device_data       : No context for object [ffff88040d822988]
[    5.162714]      scan-1133 get_device_data       : No context for object [ffff88040d8229b0]
[    5.162721]      scan-1133 get_device_data       : No context for object [ffff88040d8229d8]
[    5.162728]      scan-1133 get_device_data       : No context for object [ffff88040d822a00]
[    5.162734]      scan-1133 get_device_data       : No context for object [ffff88040d822a28]
[    5.162741]      scan-1133 get_device_data       : No context for object [ffff88040d822a50]
[    5.162748]      scan-1133 get_device_data       : No context for object [ffff88040d822a78]
[    5.162755]      scan-1133 get_device_data       : No context for object [ffff88040d822aa0]
[    5.162761]      scan-1133 get_device_data       : No context for object [ffff88040d822ac8]
[    5.162768]      scan-1133 get_device_data       : No context for object [ffff88040d822af0]
[    5.162775]      scan-1133 get_device_data       : No context for object [ffff88040d822b18]
[    5.162782]      scan-1133 get_device_data       : No context for object [ffff88040d822b40]
[    5.162789]      scan-1133 get_device_data       : No context for object [ffff88040d822b68]
[    5.162796]      scan-1133 get_device_data       : No context for object [ffff88040d822b90]
[    5.162802]      scan-1133 get_device_data       : No context for object [ffff88040d822bb8]
[    5.162809]      scan-1133 get_device_data       : No context for object [ffff88040d822be0]
[    5.162816]      scan-1133 get_device_data       : No context for object [ffff88040d822c08]
[    5.162823]      scan-1133 get_device_data       : No context for object [ffff88040d822c30]
[    5.162830]      scan-1133 get_device_data       : No context for object [ffff88040d822c58]
[    5.162836]      scan-1133 get_device_data       : No context for object [ffff88040d822c80]
[    5.162843]      scan-1133 get_device_data       : No context for object [ffff88040d822ca8]
[    5.162850]      scan-1133 get_device_data       : No context for object [ffff88040d822cd0]
[    5.162857]      scan-1133 get_device_data       : No context for object [ffff88040d822cf8]
[    5.162864]      scan-1133 get_device_data       : No context for object [ffff88040d822d20]
[    5.162871]      scan-1133 get_device_data       : No context for object [ffff88040d822d48]
[    5.162877]      scan-1133 get_device_data       : No context for object [ffff88040d822d70]
[    5.162884]      scan-1133 get_device_data       : No context for object [ffff88040d822d98]
[    5.162891]      scan-1133 get_device_data       : No context for object [ffff88040d837438]
[    5.162898]      scan-1133 get_device_data       : No context for object [ffff88040d822dc0]
[    5.162906]     utils-0051 util_eval_error       : Evaluate [\_SB_.PCI0.PB2_.HDAU._STA]: AE_NOT_FOUND
[    5.162949] device: 'device:02': device_add
[    5.162956] bus: 'acpi': add device device:02
[    5.162974]     utils-0051 util_eval_error       : Evaluate [\_SB_.PCI0.PB2_.HDAU._SUN]: AE_NOT_FOUND
[    5.163000]      scan-1922 add_single_object     : Added device:02 [\_SB_.PCI0.PB2_.HDAU] parent device:00
[    5.163006]      scan-1133 get_device_data       : No context for object [ffff88040d822de8]
[    5.163013]      scan-1133 get_device_data       : No context for object [ffff88040d822e10]
[    5.163020]      scan-1133 get_device_data       : No context for object [ffff88040d822e38]
[    5.163027]      scan-1133 get_device_data       : No context for object [ffff88040d822e60]
[    5.163034]      scan-1133 get_device_data       : No context for object [ffff88040d822e88]
[    5.163040]      scan-1133 get_device_data       : No context for object [ffff88040d822eb0]
[    5.163047]      scan-1133 get_device_data       : No context for object [ffff88040d822ed8]
[    5.163056]     utils-0051 util_eval_error       : Evaluate [\_SB_.PCI0.PB3_._STA]: AE_NOT_FOUND
[    5.163161] device: 'device:03': device_add
[    5.163168] bus: 'acpi': add device device:03
[    5.163193]     utils-0051 util_eval_error       : Evaluate [\_SB_.PCI0.PB3_._SUN]: AE_NOT_FOUND
[    5.163210]      scan-1922 add_single_object     : Added device:03 [\_SB_.PCI0.PB3_] parent PNP0A08:00
[    5.163221]      scan-1133 get_device_data       : No context for object [ffff88040d822f00]
[    5.163228]      scan-1133 get_device_data       : No context for object [ffff88040d822f28]
[    5.163235]      scan-1133 get_device_data       : No context for object [ffff88040d822f50]
[    5.163243]      scan-1133 get_device_data       : No context for object [ffff88040d822f78]
[    5.163250]      scan-1133 get_device_data       : No context for object [ffff88040d822fa0]
[    5.163256]      scan-1133 get_device_data       : No context for object [ffff88040d822fc8]
[    5.163263]      scan-1133 get_device_data       : No context for object [ffff88040d823000]
[    5.163270]      scan-1133 get_device_data       : No context for object [ffff88040d823028]
[    5.163277]      scan-1133 get_device_data       : No context for object [ffff88040d823050]
[    5.163284]      scan-1133 get_device_data       : No context for object [ffff88040d823078]
[    5.163291]      scan-1133 get_device_data       : No context for object [ffff88040d8230a0]
[    5.163298]      scan-1133 get_device_data       : No context for object [ffff88040d8230c8]
[    5.163305]      scan-1133 get_device_data       : No context for object [ffff88040d8230f0]
[    5.163312]      scan-1133 get_device_data       : No context for object [ffff88040d823118]
[    5.163319]      scan-1133 get_device_data       : No context for object [ffff88040d823140]
[    5.163325]      scan-1133 get_device_data       : No context for object [ffff88040d823168]
[    5.163332]      scan-1133 get_device_data       : No context for object [ffff88040d823190]
[    5.163339]      scan-1133 get_device_data       : No context for object [ffff88040d8231b8]
[    5.163346]      scan-1133 get_device_data       : No context for object [ffff88040d8231e0]
[    5.163353]      scan-1133 get_device_data       : No context for object [ffff88040d823208]
[    5.163360]      scan-1133 get_device_data       : No context for object [ffff88040d823230]
[    5.163367]      scan-1133 get_device_data       : No context for object [ffff88040d823258]
[    5.163374]      scan-1133 get_device_data       : No context for object [ffff88040d823280]
[    5.163380]      scan-1133 get_device_data       : No context for object [ffff88040d8232a8]
[    5.163387]      scan-1133 get_device_data       : No context for object [ffff88040d8232d0]
[    5.163394]      scan-1133 get_device_data       : No context for object [ffff88040d8232f8]
[    5.163401]      scan-1133 get_device_data       : No context for object [ffff88040d823320]
[    5.163408]      scan-1133 get_device_data       : No context for object [ffff88040d823348]
[    5.163414]      scan-1133 get_device_data       : No context for object [ffff88040d823370]
[    5.163421]      scan-1133 get_device_data       : No context for object [ffff88040d823398]
[    5.163428]      scan-1133 get_device_data       : No context for object [ffff88040d8233c0]
[    5.163436]     utils-0051 util_eval_error       : Evaluate [\_SB_.PCI0.PB3_.VGA_._STA]: AE_NOT_FOUND
[    5.163474]     video-0058 backlight_cap_match   : Found generic backlight support
[    5.163493] device: 'LNXVIDEO:00': device_add
[    5.163499] bus: 'acpi': add device LNXVIDEO:00
[    5.163520]     utils-0051 util_eval_error       : Evaluate [\_SB_.PCI0.PB3_.VGA_._SUN]: AE_NOT_FOUND
[    5.163537]      scan-1922 add_single_object     : Added LNXVIDEO:00 [\_SB_.PCI0.PB3_.VGA_] parent device:03
[    5.163552]      scan-1133 get_device_data       : No context for object [ffff88040d8233e8]
[    5.163559]      scan-1133 get_device_data       : No context for object [ffff88040d823410]
[    5.163566]      scan-1133 get_device_data       : No context for object [ffff88040d823438]
[    5.163573]      scan-1133 get_device_data       : No context for object [ffff88040d823460]
[    5.163580]      scan-1133 get_device_data       : No context for object [ffff88040d823488]
[    5.163587]      scan-1133 get_device_data       : No context for object [ffff88040d8234b0]
[    5.163594]      scan-1133 get_device_data       : No context for object [ffff88040d8234d8]
[    5.163601]      scan-1133 get_device_data       : No context for object [ffff88040d823500]
[    5.163607]      scan-1133 get_device_data       : No context for object [ffff88040d823528]
[    5.163614]      scan-1133 get_device_data       : No context for object [ffff88040d823550]
[    5.163621]      scan-1133 get_device_data       : No context for object [ffff88040d823578]
[    5.163629]      scan-1133 get_device_data       : No context for object [ffff88040d8235a0]
[    5.163633]      scan-1133 get_device_data       : No context for object [ffff88040d8235c8]
[    5.163638]      scan-1133 get_device_data       : No context for object [ffff88040d8235f0]
[    5.163642]      scan-1133 get_device_data       : No context for object [ffff88040d823618]
[    5.163646]      scan-1133 get_device_data       : No context for object [ffff88040d823640]
[    5.163650]      scan-1133 get_device_data       : No context for object [ffff88040d823668]
[    5.163654]      scan-1133 get_device_data       : No context for object [ffff88040d823690]
[    5.163658]      scan-1133 get_device_data       : No context for object [ffff88040d8236b8]
[    5.163662]      scan-1133 get_device_data       : No context for object [ffff88040d8236e0]
[    5.163666]      scan-1133 get_device_data       : No context for object [ffff88040d823708]
[    5.163670]      scan-1133 get_device_data       : No context for object [ffff88040d823730]
[    5.163674]      scan-1133 get_device_data       : No context for object [ffff88040d823758]
[    5.163679]      scan-1133 get_device_data       : No context for object [ffff88040d823780]
[    5.163683]      scan-1133 get_device_data       : No context for object [ffff88040d8237a8]
[    5.163687]      scan-1133 get_device_data       : No context for object [ffff88040d8237d0]
[    5.163691]      scan-1133 get_device_data       : No context for object [ffff88040d8237f8]
[    5.163695]      scan-1133 get_device_data       : No context for object [ffff88040d823820]
[    5.163699]      scan-1133 get_device_data       : No context for object [ffff88040d823848]
[    5.163704]      scan-1133 get_device_data       : No context for object [ffff88040d823870]
[    5.163708]      scan-1133 get_device_data       : No context for object [ffff88040d823898]
[    5.163712]      scan-1133 get_device_data       : No context for object [ffff88040d8238c0]
[    5.163716]      scan-1133 get_device_data       : No context for object [ffff88040d8238e8]
[    5.163720]      scan-1133 get_device_data       : No context for object [ffff88040d823910]
[    5.163724]      scan-1133 get_device_data       : No context for object [ffff88040d823938]
[    5.163728]      scan-1133 get_device_data       : No context for object [ffff88040d823960]
[    5.163733]      scan-1133 get_device_data       : No context for object [ffff88040d823988]
[    5.163737]      scan-1133 get_device_data       : No context for object [ffff88040d8239b0]
[    5.163741]      scan-1133 get_device_data       : No context for object [ffff88040d8239d8]
[    5.163745]      scan-1133 get_device_data       : No context for object [ffff88040d837460]
[    5.163749]      scan-1133 get_device_data       : No context for object [ffff88040d83ac08]
[    5.163754]      scan-1133 get_device_data       : No context for object [ffff88040d83ac30]
[    5.163758]      scan-1133 get_device_data       : No context for object [ffff88040d83ac58]
[    5.163763]     utils-0051 util_eval_error       : Evaluate [\_SB_.PCI0.PB3_.VGA_.CRT_._STA]: AE_NOT_FOUND
[    5.163795] device: 'device:04': device_add
[    5.163803] bus: 'acpi': add device device:04
[    5.163822]     utils-0051 util_eval_error       : Evaluate [\_SB_.PCI0.PB3_.VGA_.CRT_._SUN]: AE_NOT_FOUND
[    5.164000]      scan-1922 add_single_object     : Added device:04 [\_SB_.PCI0.PB3_.VGA_.CRT_] parent LNXVIDEO:00
[    5.164000]      scan-1133 get_device_data       : No context for object [ffff88040d83ac80]
[    5.164000]      scan-1133 get_device_data       : No context for object [ffff88040d83aca8]
[    5.164000]      scan-1133 get_device_data       : No context for object [ffff88040d83acd0]
[    5.164000]      scan-1133 get_device_data       : No context for object [ffff88040d83acf8]
[    5.164000]      scan-1133 get_device_data       : No context for object [ffff88040d83ad20]
[    5.164000]     utils-0051 util_eval_error       : Evaluate [\_SB_.PCI0.PB3_.VGA_.LCD_._STA]: AE_NOT_FOUND
[    5.164000] device: 'device:05': device_add
[    5.164000] bus: 'acpi': add device device:05
[    5.164000]     utils-0051 util_eval_error       : Evaluate [\_SB_.PCI0.PB3_.VGA_.LCD_._SUN]: AE_NOT_FOUND
[    5.164016]      scan-1922 add_single_object     : Added device:05 [\_SB_.PCI0.PB3_.VGA_.LCD_] parent LNXVIDEO:00
[    5.164016]      scan-1133 get_device_data       : No context for object [ffff88040d83ad48]
[    5.164016]      scan-1133 get_device_data       : No context for object [ffff88040d83ad70]
[    5.164016]      scan-1133 get_device_data       : No context for object [ffff88040d83ad98]
[    5.164020]      scan-1133 get_device_data       : No context for object [ffff88040d83adc0]
[    5.164027]      scan-1133 get_device_data       : No context for object [ffff88040d83ade8]
[    5.164034]      scan-1133 get_device_data       : No context for object [ffff88040d83ae10]
[    5.164041]      scan-1133 get_device_data       : No context for object [ffff88040d83ae38]
[    5.164048]      scan-1133 get_device_data       : No context for object [ffff88040d83ae60]
[    5.164056]     utils-0051 util_eval_error       : Evaluate [\_SB_.PCI0.PB3_.VGA_.TV0_._STA]: AE_NOT_FOUND
[    5.164099] device: 'device:06': device_add
[    5.164106] bus: 'acpi': add device device:06
[    5.164124]     utils-0051 util_eval_error       : Evaluate [\_SB_.PCI0.PB3_.VGA_.TV0_._SUN]: AE_NOT_FOUND
[    5.164141]      scan-1922 add_single_object     : Added device:06 [\_SB_.PCI0.PB3_.VGA_.TV0_] parent LNXVIDEO:00
[    5.164152]      scan-1133 get_device_data       : No context for object [ffff88040d83ae88]
[    5.164159]      scan-1133 get_device_data       : No context for object [ffff88040d83aeb0]
[    5.164166]      scan-1133 get_device_data       : No context for object [ffff88040d83aed8]
[    5.164173]      scan-1133 get_device_data       : No context for object [ffff88040d83af00]
[    5.164180]      scan-1133 get_device_data       : No context for object [ffff88040d83af28]
[    5.164188]     utils-0051 util_eval_error       : Evaluate [\_SB_.PCI0.PB3_.VGA_.HDMI._STA]: AE_NOT_FOUND
[    5.164238] device: 'device:07': device_add
[    5.164245] bus: 'acpi': add device device:07
[    5.164264]     utils-0051 util_eval_error       : Evaluate [\_SB_.PCI0.PB3_.VGA_.HDMI._SUN]: AE_NOT_FOUND
[    5.164280]      scan-1922 add_single_object     : Added device:07 [\_SB_.PCI0.PB3_.VGA_.HDMI] parent LNXVIDEO:00
[    5.164291]      scan-1133 get_device_data       : No context for object [ffff88040d83af50]
[    5.164298]      scan-1133 get_device_data       : No context for object [ffff88040d83af78]
[    5.164305]      scan-1133 get_device_data       : No context for object [ffff88040d83afa0]
[    5.164312]      scan-1133 get_device_data       : No context for object [ffff88040d83afc8]
[    5.164319]      scan-1133 get_device_data       : No context for object [ffff88040d823a00]
[    5.164328]     utils-0051 util_eval_error       : Evaluate [\_SB_.PCI0.PB3_.HDAU._STA]: AE_NOT_FOUND
[    5.164369] device: 'device:08': device_add
[    5.164376] bus: 'acpi': add device device:08
[    5.164397]     utils-0051 util_eval_error       : Evaluate [\_SB_.PCI0.PB3_.HDAU._SUN]: AE_NOT_FOUND
[    5.164413]      scan-1922 add_single_object     : Added device:08 [\_SB_.PCI0.PB3_.HDAU] parent device:03
[    5.164424]      scan-1133 get_device_data       : No context for object [ffff88040d823a28]
[    5.164431]      scan-1133 get_device_data       : No context for object [ffff88040d823a50]
[    5.164438]      scan-1133 get_device_data       : No context for object [ffff88040d823a78]
[    5.164445]      scan-1133 get_device_data       : No context for object [ffff88040d823aa0]
[    5.164452]      scan-1133 get_device_data       : No context for object [ffff88040d823ac8]
[    5.164459]      scan-1133 get_device_data       : No context for object [ffff88040d823af0]
[    5.164466]      scan-1133 get_device_data       : No context for object [ffff88040d823b18]
[    5.164475]     utils-0051 util_eval_error       : Evaluate [\_SB_.PCI0.PB4_._STA]: AE_NOT_FOUND
[    5.164580] device: 'device:09': device_add
[    5.164587] bus: 'acpi': add device device:09
[    5.164605]     utils-0051 util_eval_error       : Evaluate [\_SB_.PCI0.PB4_._SUN]: AE_NOT_FOUND
[    5.164622]      scan-1922 add_single_object     : Added device:09 [\_SB_.PCI0.PB4_] parent PNP0A08:00
[    5.164633]      scan-1133 get_device_data       : No context for object [ffff88040d823b40]
[    5.164641]      scan-1133 get_device_data       : No context for object [ffff88040d823b68]
[    5.164648]      scan-1133 get_device_data       : No context for object [ffff88040d823b90]
[    5.164655]      scan-1133 get_device_data       : No context for object [ffff88040d823bb8]
[    5.164662]      scan-1133 get_device_data       : No context for object [ffff88040d823be0]
[    5.164668]      scan-1133 get_device_data       : No context for object [ffff88040d823c08]
[    5.164675]      scan-1133 get_device_data       : No context for object [ffff88040d823c30]
[    5.164682]      scan-1133 get_device_data       : No context for object [ffff88040d823c58]
[    5.164689]      scan-1133 get_device_data       : No context for object [ffff88040d823c80]
[    5.164696]      scan-1133 get_device_data       : No context for object [ffff88040d823ca8]
[    5.164703]      scan-1133 get_device_data       : No context for object [ffff88040d823cd0]
[    5.164710]      scan-1133 get_device_data       : No context for object [ffff88040d823cf8]
[    5.164717]      scan-1133 get_device_data       : No context for object [ffff88040d823d20]
[    5.164723]      scan-1133 get_device_data       : No context for object [ffff88040d823d48]
[    5.164730]      scan-1133 get_device_data       : No context for object [ffff88040d823d70]
[    5.164737]      scan-1133 get_device_data       : No context for object [ffff88040d823d98]
[    5.164744]      scan-1133 get_device_data       : No context for object [ffff88040d823dc0]
[    5.164751]      scan-1133 get_device_data       : No context for object [ffff88040d823de8]
[    5.164758]      scan-1133 get_device_data       : No context for object [ffff88040d823e10]
[    5.164765]      scan-1133 get_device_data       : No context for object [ffff88040d823e38]
[    5.164772]      scan-1133 get_device_data       : No context for object [ffff88040d823e60]
[    5.164778]      scan-1133 get_device_data       : No context for object [ffff88040d823e88]
[    5.164785]      scan-1133 get_device_data       : No context for object [ffff88040d823eb0]
[    5.164792]      scan-1133 get_device_data       : No context for object [ffff88040d823ed8]
[    5.164799]      scan-1133 get_device_data       : No context for object [ffff88040d823f00]
[    5.164806]      scan-1133 get_device_data       : No context for object [ffff88040d823f28]
[    5.164813]      scan-1133 get_device_data       : No context for object [ffff88040d823f50]
[    5.164819]      scan-1133 get_device_data       : No context for object [ffff88040d823f78]
[    5.164826]      scan-1133 get_device_data       : No context for object [ffff88040d823fa0]
[    5.164833]      scan-1133 get_device_data       : No context for object [ffff88040d823fc8]
[    5.164840]      scan-1133 get_device_data       : No context for object [ffff88040d825000]
[    5.164848]     utils-0051 util_eval_error       : Evaluate [\_SB_.PCI0.PB4_.XPDV._STA]: AE_NOT_FOUND
[    5.164891] device: 'device:0a': device_add
[    5.164898] bus: 'acpi': add device device:0a
[    5.164916]     utils-0051 util_eval_error       : Evaluate [\_SB_.PCI0.PB4_.XPDV._SUN]: AE_NOT_FOUND
[    5.165000]      scan-1922 add_single_object     : Added device:0a [\_SB_.PCI0.PB4_.XPDV] parent device:09
[    5.165000]      scan-1133 get_device_data       : No context for object [ffff88040d825028]
[    5.165000]      scan-1133 get_device_data       : No context for object [ffff88040d825050]
[    5.165000]      scan-1133 get_device_data       : No context for object [ffff88040d825078]
[    5.165000]      scan-1133 get_device_data       : No context for object [ffff88040d8250a0]
[    5.165000]      scan-1133 get_device_data       : No context for object [ffff88040d8250c8]
[    5.165000]      scan-1133 get_device_data       : No context for object [ffff88040d837500]
[    5.165000]      scan-1133 get_device_data       : No context for object [ffff88040d8250f0]
[    5.165000]      scan-1133 get_device_data       : No context for object [ffff88040d825118]
[    5.165005]     utils-0051 util_eval_error       : Evaluate [\_SB_.PCI0.PB5_._STA]: AE_NOT_FOUND
[    5.165112] device: 'device:0b': device_add
[    5.165119] bus: 'acpi': add device device:0b
[    5.165130]     utils-0051 util_eval_error       : Evaluate [\_SB_.PCI0.PB5_._SUN]: AE_NOT_FOUND
[    5.165141]      scan-1922 add_single_object     : Added device:0b [\_SB_.PCI0.PB5_] parent PNP0A08:00
[    5.165148]      scan-1133 get_device_data       : No context for object [ffff88040d825140]
[    5.165152]      scan-1133 get_device_data       : No context for object [ffff88040d825168]
[    5.165157]      scan-1133 get_device_data       : No context for object [ffff88040d825190]
[    5.165161]      scan-1133 get_device_data       : No context for object [ffff88040d8251b8]
[    5.165165]      scan-1133 get_device_data       : No context for object [ffff88040d8251e0]
[    5.165169]      scan-1133 get_device_data       : No context for object [ffff88040d825208]
[    5.165175]      scan-1133 get_device_data       : No context for object [ffff88040d825230]
[    5.165180]      scan-1133 get_device_data       : No context for object [ffff88040d825258]
[    5.165184]      scan-1133 get_device_data       : No context for object [ffff88040d825280]
[    5.165189]      scan-1133 get_device_data       : No context for object [ffff88040d8252a8]
[    5.165193]      scan-1133 get_device_data       : No context for object [ffff88040d8252d0]
[    5.165197]      scan-1133 get_device_data       : No context for object [ffff88040d8252f8]
[    5.165201]      scan-1133 get_device_data       : No context for object [ffff88040d825320]
[    5.165206]      scan-1133 get_device_data       : No context for object [ffff88040d825348]
[    5.165210]      scan-1133 get_device_data       : No context for object [ffff88040d825370]
[    5.165214]      scan-1133 get_device_data       : No context for object [ffff88040d825398]
[    5.165218]      scan-1133 get_device_data       : No context for object [ffff88040d8253c0]
[    5.165222]      scan-1133 get_device_data       : No context for object [ffff88040d8253e8]
[    5.165227]      scan-1133 get_device_data       : No context for object [ffff88040d825410]
[    5.165231]      scan-1133 get_device_data       : No context for object [ffff88040d825438]
[    5.165235]      scan-1133 get_device_data       : No context for object [ffff88040d825460]
[    5.165239]      scan-1133 get_device_data       : No context for object [ffff88040d825488]
[    5.165243]      scan-1133 get_device_data       : No context for object [ffff88040d8254b0]
[    5.165248]      scan-1133 get_device_data       : No context for object [ffff88040d8254d8]
[    5.165252]      scan-1133 get_device_data       : No context for object [ffff88040d825500]
[    5.165256]      scan-1133 get_device_data       : No context for object [ffff88040d825528]
[    5.165260]      scan-1133 get_device_data       : No context for object [ffff88040d825550]
[    5.165264]      scan-1133 get_device_data       : No context for object [ffff88040d825578]
[    5.165268]      scan-1133 get_device_data       : No context for object [ffff88040d8255a0]
[    5.165272]      scan-1133 get_device_data       : No context for object [ffff88040d8255c8]
[    5.165277]      scan-1133 get_device_data       : No context for object [ffff88040d8255f0]
[    5.165282]     utils-0051 util_eval_error       : Evaluate [\_SB_.PCI0.PB5_.XPDV._STA]: AE_NOT_FOUND
[    5.165322] device: 'device:0c': device_add
[    5.165328] bus: 'acpi': add device device:0c
[    5.165347]     utils-0051 util_eval_error       : Evaluate [\_SB_.PCI0.PB5_.XPDV._SUN]: AE_NOT_FOUND
[    5.165363]      scan-1922 add_single_object     : Added device:0c [\_SB_.PCI0.PB5_.XPDV] parent device:0b
[    5.165374]      scan-1133 get_device_data       : No context for object [ffff88040d825618]
[    5.165381]      scan-1133 get_device_data       : No context for object [ffff88040d825640]
[    5.165388]      scan-1133 get_device_data       : No context for object [ffff88040d825668]
[    5.165395]      scan-1133 get_device_data       : No context for object [ffff88040d825690]
[    5.165402]      scan-1133 get_device_data       : No context for object [ffff88040d8256b8]
[    5.165409]      scan-1133 get_device_data       : No context for object [ffff88040d837528]
[    5.165416]      scan-1133 get_device_data       : No context for object [ffff88040d8256e0]
[    5.165423]      scan-1133 get_device_data       : No context for object [ffff88040d825708]
[    5.165431]     utils-0051 util_eval_error       : Evaluate [\_SB_.PCI0.PB6_._STA]: AE_NOT_FOUND
[    5.165536] device: 'device:0d': device_add
[    5.165543] bus: 'acpi': add device device:0d
[    5.165564]     utils-0051 util_eval_error       : Evaluate [\_SB_.PCI0.PB6_._SUN]: AE_NOT_FOUND
[    5.165581]      scan-1922 add_single_object     : Added device:0d [\_SB_.PCI0.PB6_] parent PNP0A08:00
[    5.165593]      scan-1133 get_device_data       : No context for object [ffff88040d825730]
[    5.165600]      scan-1133 get_device_data       : No context for object [ffff88040d825758]
[    5.165607]      scan-1133 get_device_data       : No context for object [ffff88040d825780]
[    5.165614]      scan-1133 get_device_data       : No context for object [ffff88040d8257a8]
[    5.165621]      scan-1133 get_device_data       : No context for object [ffff88040d8257d0]
[    5.165628]      scan-1133 get_device_data       : No context for object [ffff88040d8257f8]
[    5.165635]      scan-1133 get_device_data       : No context for object [ffff88040d825820]
[    5.165642]      scan-1133 get_device_data       : No context for object [ffff88040d825848]
[    5.165648]      scan-1133 get_device_data       : No context for object [ffff88040d825870]
[    5.165655]      scan-1133 get_device_data       : No context for object [ffff88040d825898]
[    5.165662]      scan-1133 get_device_data       : No context for object [ffff88040d8258c0]
[    5.165669]      scan-1133 get_device_data       : No context for object [ffff88040d8258e8]
[    5.165676]      scan-1133 get_device_data       : No context for object [ffff88040d825910]
[    5.165683]      scan-1133 get_device_data       : No context for object [ffff88040d825938]
[    5.165690]      scan-1133 get_device_data       : No context for object [ffff88040d825960]
[    5.165697]      scan-1133 get_device_data       : No context for object [ffff88040d825988]
[    5.165704]      scan-1133 get_device_data       : No context for object [ffff88040d8259b0]
[    5.165711]      scan-1133 get_device_data       : No context for object [ffff88040d8259d8]
[    5.165718]      scan-1133 get_device_data       : No context for object [ffff88040d825a00]
[    5.165724]      scan-1133 get_device_data       : No context for object [ffff88040d825a28]
[    5.165731]      scan-1133 get_device_data       : No context for object [ffff88040d825a50]
[    5.165738]      scan-1133 get_device_data       : No context for object [ffff88040d825a78]
[    5.165745]      scan-1133 get_device_data       : No context for object [ffff88040d825aa0]
[    5.165752]      scan-1133 get_device_data       : No context for object [ffff88040d825ac8]
[    5.165758]      scan-1133 get_device_data       : No context for object [ffff88040d825af0]
[    5.165765]      scan-1133 get_device_data       : No context for object [ffff88040d825b18]
[    5.165772]      scan-1133 get_device_data       : No context for object [ffff88040d825b40]
[    5.165779]      scan-1133 get_device_data       : No context for object [ffff88040d825b68]
[    5.165786]      scan-1133 get_device_data       : No context for object [ffff88040d825b90]
[    5.165793]      scan-1133 get_device_data       : No context for object [ffff88040d825bb8]
[    5.165799]      scan-1133 get_device_data       : No context for object [ffff88040d825be0]
[    5.165808]     utils-0051 util_eval_error       : Evaluate [\_SB_.PCI0.PB6_.XPDV._STA]: AE_NOT_FOUND
[    5.165853] device: 'device:0e': device_add
[    5.165860] bus: 'acpi': add device device:0e
[    5.165879]     utils-0051 util_eval_error       : Evaluate [\_SB_.PCI0.PB6_.XPDV._SUN]: AE_NOT_FOUND
[    5.166002]      scan-1922 add_single_object     : Added device:0e [\_SB_.PCI0.PB6_.XPDV] parent device:0d
[    5.166002]      scan-1133 get_device_data       : No context for object [ffff88040d825c08]
[    5.166002]      scan-1133 get_device_data       : No context for object [ffff88040d825c30]
[    5.166002]      scan-1133 get_device_data       : No context for object [ffff88040d825c58]
[    5.166002]      scan-1133 get_device_data       : No context for object [ffff88040d825c80]
[    5.166002]      scan-1133 get_device_data       : No context for object [ffff88040d825ca8]
[    5.166002]      scan-1133 get_device_data       : No context for object [ffff88040d837550]
[    5.166002]      scan-1133 get_device_data       : No context for object [ffff88040d825cd0]
[    5.166002]      scan-1133 get_device_data       : No context for object [ffff88040d825cf8]
[    5.166002]     utils-0051 util_eval_error       : Evaluate [\_SB_.PCI0.PB7_._STA]: AE_NOT_FOUND
[    5.166071] device: 'device:0f': device_add
[    5.166078] bus: 'acpi': add device device:0f
[    5.166097]     utils-0051 util_eval_error       : Evaluate [\_SB_.PCI0.PB7_._SUN]: AE_NOT_FOUND
[    5.166114]      scan-1922 add_single_object     : Added device:0f [\_SB_.PCI0.PB7_] parent PNP0A08:00
[    5.166125]      scan-1133 get_device_data       : No context for object [ffff88040d825d20]
[    5.166132]      scan-1133 get_device_data       : No context for object [ffff88040d825d48]
[    5.166139]      scan-1133 get_device_data       : No context for object [ffff88040d825d70]
[    5.166146]      scan-1133 get_device_data       : No context for object [ffff88040d825d98]
[    5.166153]      scan-1133 get_device_data       : No context for object [ffff88040d825dc0]
[    5.166160]      scan-1133 get_device_data       : No context for object [ffff88040d825de8]
[    5.166167]      scan-1133 get_device_data       : No context for object [ffff88040d825e10]
[    5.166174]      scan-1133 get_device_data       : No context for object [ffff88040d825e38]
[    5.166181]      scan-1133 get_device_data       : No context for object [ffff88040d825e60]
[    5.166188]      scan-1133 get_device_data       : No context for object [ffff88040d825e88]
[    5.166195]      scan-1133 get_device_data       : No context for object [ffff88040d825eb0]
[    5.166202]      scan-1133 get_device_data       : No context for object [ffff88040d825ed8]
[    5.166208]      scan-1133 get_device_data       : No context for object [ffff88040d825f00]
[    5.166215]      scan-1133 get_device_data       : No context for object [ffff88040d825f28]
[    5.166222]      scan-1133 get_device_data       : No context for object [ffff88040d825f50]
[    5.166228]      scan-1133 get_device_data       : No context for object [ffff88040d825f78]
[    5.166235]      scan-1133 get_device_data       : No context for object [ffff88040d825fa0]
[    5.166242]      scan-1133 get_device_data       : No context for object [ffff88040d825fc8]
[    5.166249]      scan-1133 get_device_data       : No context for object [ffff88040d827000]
[    5.166256]      scan-1133 get_device_data       : No context for object [ffff88040d827028]
[    5.166262]      scan-1133 get_device_data       : No context for object [ffff88040d827050]
[    5.166269]      scan-1133 get_device_data       : No context for object [ffff88040d827078]
[    5.166276]      scan-1133 get_device_data       : No context for object [ffff88040d8270a0]
[    5.166283]      scan-1133 get_device_data       : No context for object [ffff88040d8270c8]
[    5.166290]      scan-1133 get_device_data       : No context for object [ffff88040d8270f0]
[    5.166297]      scan-1133 get_device_data       : No context for object [ffff88040d827118]
[    5.166303]      scan-1133 get_device_data       : No context for object [ffff88040d827140]
[    5.166310]      scan-1133 get_device_data       : No context for object [ffff88040d827168]
[    5.166317]      scan-1133 get_device_data       : No context for object [ffff88040d827190]
[    5.166324]      scan-1133 get_device_data       : No context for object [ffff88040d8271b8]
[    5.166330]      scan-1133 get_device_data       : No context for object [ffff88040d8271e0]
[    5.166339]     utils-0051 util_eval_error       : Evaluate [\_SB_.PCI0.PB7_.XPDV._STA]: AE_NOT_FOUND
[    5.166381] device: 'device:10': device_add
[    5.166387] bus: 'acpi': add device device:10
[    5.166409]     utils-0051 util_eval_error       : Evaluate [\_SB_.PCI0.PB7_.XPDV._SUN]: AE_NOT_FOUND
[    5.166426]      scan-1922 add_single_object     : Added device:10 [\_SB_.PCI0.PB7_.XPDV] parent device:0f
[    5.166437]      scan-1133 get_device_data       : No context for object [ffff88040d827208]
[    5.166444]      scan-1133 get_device_data       : No context for object [ffff88040d827230]
[    5.166451]      scan-1133 get_device_data       : No context for object [ffff88040d827258]
[    5.166458]      scan-1133 get_device_data       : No context for object [ffff88040d827280]
[    5.166465]      scan-1133 get_device_data       : No context for object [ffff88040d8272a8]
[    5.166471]      scan-1133 get_device_data       : No context for object [ffff88040d837488]
[    5.166478]      scan-1133 get_device_data       : No context for object [ffff88040d8272d0]
[    5.166486]      scan-1133 get_device_data       : No context for object [ffff88040d8272f8]
[    5.166494]     utils-0051 util_eval_error       : Evaluate [\_SB_.PCI0.OHC1._STA]: AE_NOT_FOUND
[    5.166592] device: 'device:11': device_add
[    5.166596] bus: 'acpi': add device device:11
[    5.166607]     utils-0051 util_eval_error       : Evaluate [\_SB_.PCI0.OHC1._SUN]: AE_NOT_FOUND
[    5.166617]      scan-1922 add_single_object     : Added device:11 [\_SB_.PCI0.OHC1] parent PNP0A08:00
[    5.166624]      scan-1133 get_device_data       : No context for object [ffff88040d827320]
[    5.166628]      scan-1133 get_device_data       : No context for object [ffff88040d827348]
[    5.166633]      scan-1133 get_device_data       : No context for object [ffff88040d83b2f8]
[    5.166638]     utils-0051 util_eval_error       : Evaluate [\_SB_.PCI0.OHC1.RHUB._STA]: AE_NOT_FOUND
[    5.166666] device: 'device:12': device_add
[    5.166670] bus: 'acpi': add device device:12
[    5.166681]     utils-0051 util_eval_error       : Evaluate [\_SB_.PCI0.OHC1.RHUB._SUN]: AE_NOT_FOUND
[    5.166692]      scan-1922 add_single_object     : Added device:12 [\_SB_.PCI0.OHC1.RHUB] parent device:11
[    5.166699]      scan-1133 get_device_data       : No context for object [ffff88040d83b320]
[    5.166703]      scan-1133 get_device_data       : No context for object [ffff88040d83b348]
[    5.166708]     utils-0051 util_eval_error       : Evaluate [\_SB_.PCI0.OHC1.RHUB.PRT3._STA]: AE_NOT_FOUND
[    5.166735] device: 'device:13': device_add
[    5.166739] bus: 'acpi': add device device:13
[    5.166760]     utils-0051 util_eval_error       : Evaluate [\_SB_.PCI0.OHC1.RHUB.PRT3._SUN]: AE_NOT_FOUND
[    5.166777]      scan-1922 add_single_object     : Added device:13 [\_SB_.PCI0.OHC1.RHUB.PRT3] parent device:12
[    5.166788]      scan-1133 get_device_data       : No context for object [ffff88040d83b370]
[    5.166795]      scan-1133 get_device_data       : No context for object [ffff88040d83b398]
[    5.166802]      scan-1133 get_device_data       : No context for object [ffff88040d83b3c0]
[    5.166809]      scan-1133 get_device_data       : No context for object [ffff88040d83b3e8]
[    5.166817]     utils-0051 util_eval_error       : Evaluate [\_SB_.PCI0.OHC1.RHUB.PRT4._STA]: AE_NOT_FOUND
[    5.166860] device: 'device:14': device_add
[    5.166866] bus: 'acpi': add device device:14
[    5.166885]     utils-0051 util_eval_error       : Evaluate [\_SB_.PCI0.OHC1.RHUB.PRT4._SUN]: AE_NOT_FOUND
[    5.167015]      scan-1922 add_single_object     : Added device:14 [\_SB_.PCI0.OHC1.RHUB.PRT4] parent device:12
[    5.167015]      scan-1133 get_device_data       : No context for object [ffff88040d83b410]
[    5.167015]      scan-1133 get_device_data       : No context for object [ffff88040d83b438]
[    5.167015]      scan-1133 get_device_data       : No context for object [ffff88040d83b460]
[    5.167015]      scan-1133 get_device_data       : No context for object [ffff88040d827370]
[    5.167015]     utils-0051 util_eval_error       : Evaluate [\_SB_.PCI0.EHC1._STA]: AE_NOT_FOUND
[    5.167015] device: 'device:15': device_add
[    5.167017] bus: 'acpi': add device device:15
[    5.167035]     utils-0051 util_eval_error       : Evaluate [\_SB_.PCI0.EHC1._SUN]: AE_NOT_FOUND
[    5.167051]      scan-1922 add_single_object     : Added device:15 [\_SB_.PCI0.EHC1] parent PNP0A08:00
[    5.167062]      scan-1133 get_device_data       : No context for object [ffff88040d827398]
[    5.167069]      scan-1133 get_device_data       : No context for object [ffff88040d8273c0]
[    5.167076]      scan-1133 get_device_data       : No context for object [ffff88040d83b028]
[    5.167085]     utils-0051 util_eval_error       : Evaluate [\_SB_.PCI0.EHC1.RHUB._STA]: AE_NOT_FOUND
[    5.167126] device: 'device:16': device_add
[    5.167133] bus: 'acpi': add device device:16
[    5.167154]     utils-0051 util_eval_error       : Evaluate [\_SB_.PCI0.EHC1.RHUB._SUN]: AE_NOT_FOUND
[    5.167171]      scan-1922 add_single_object     : Added device:16 [\_SB_.PCI0.EHC1.RHUB] parent device:15
[    5.167181]      scan-1133 get_device_data       : No context for object [ffff88040d83b050]
[    5.167189]      scan-1133 get_device_data       : No context for object [ffff88040d83b078]
[    5.167197]     utils-0051 util_eval_error       : Evaluate [\_SB_.PCI0.EHC1.RHUB.PRT3._STA]: AE_NOT_FOUND
[    5.167239] device: 'device:17': device_add
[    5.167245] bus: 'acpi': add device device:17
[    5.167264]     utils-0051 util_eval_error       : Evaluate [\_SB_.PCI0.EHC1.RHUB.PRT3._SUN]: AE_NOT_FOUND
[    5.167280]      scan-1922 add_single_object     : Added device:17 [\_SB_.PCI0.EHC1.RHUB.PRT3] parent device:16
[    5.167291]      scan-1133 get_device_data       : No context for object [ffff88040d83b0a0]
[    5.167298]      scan-1133 get_device_data       : No context for object [ffff88040d83b0c8]
[    5.167306]      scan-1133 get_device_data       : No context for object [ffff88040d83b0f0]
[    5.167313]      scan-1133 get_device_data       : No context for object [ffff88040d83b118]
[    5.167321]     utils-0051 util_eval_error       : Evaluate [\_SB_.PCI0.EHC1.RHUB.PRT4._STA]: AE_NOT_FOUND
[    5.167363] device: 'device:18': device_add
[    5.167369] bus: 'acpi': add device device:18
[    5.167388]     utils-0051 util_eval_error       : Evaluate [\_SB_.PCI0.EHC1.RHUB.PRT4._SUN]: AE_NOT_FOUND
[    5.167405]      scan-1922 add_single_object     : Added device:18 [\_SB_.PCI0.EHC1.RHUB.PRT4] parent device:16
[    5.167416]      scan-1133 get_device_data       : No context for object [ffff88040d83b140]
[    5.167423]      scan-1133 get_device_data       : No context for object [ffff88040d83b168]
[    5.167430]      scan-1133 get_device_data       : No context for object [ffff88040d83b190]
[    5.167438]      scan-1133 get_device_data       : No context for object [ffff88040d8273e8]
[    5.167446]     utils-0051 util_eval_error       : Evaluate [\_SB_.PCI0.OHC2._STA]: AE_NOT_FOUND
[    5.167546] device: 'device:19': device_add
[    5.167553] bus: 'acpi': add device device:19
[    5.167575]     utils-0051 util_eval_error       : Evaluate [\_SB_.PCI0.OHC2._SUN]: AE_NOT_FOUND
[    5.167592]      scan-1922 add_single_object     : Added device:19 [\_SB_.PCI0.OHC2] parent PNP0A08:00
[    5.167603]      scan-1133 get_device_data       : No context for object [ffff88040d827410]
[    5.167610]      scan-1133 get_device_data       : No context for object [ffff88040d827438]
[    5.167617]      scan-1133 get_device_data       : No context for object [ffff88040d83b488]
[    5.167625]     utils-0051 util_eval_error       : Evaluate [\_SB_.PCI0.OHC2.RHUB._STA]: AE_NOT_FOUND
[    5.167667] device: 'device:1a': device_add
[    5.167673] bus: 'acpi': add device device:1a
[    5.167692]     utils-0051 util_eval_error       : Evaluate [\_SB_.PCI0.OHC2.RHUB._SUN]: AE_NOT_FOUND
[    5.167708]      scan-1922 add_single_object     : Added device:1a [\_SB_.PCI0.OHC2.RHUB] parent device:19
[    5.167719]      scan-1133 get_device_data       : No context for object [ffff88040d83b4b0]
[    5.167726]      scan-1133 get_device_data       : No context for object [ffff88040d83b4d8]
[    5.167734]     utils-0051 util_eval_error       : Evaluate [\_SB_.PCI0.OHC2.RHUB.PRT4._STA]: AE_NOT_FOUND
[    5.167776] device: 'device:1b': device_add
[    5.167782] bus: 'acpi': add device device:1b
[    5.167801]     utils-0051 util_eval_error       : Evaluate [\_SB_.PCI0.OHC2.RHUB.PRT4._SUN]: AE_NOT_FOUND
[    5.168003]      scan-1922 add_single_object     : Added device:1b [\_SB_.PCI0.OHC2.RHUB.PRT4] parent device:1a
[    5.168003]      scan-1133 get_device_data       : No context for object [ffff88040d83b500]
[    5.168003]      scan-1133 get_device_data       : No context for object [ffff88040d83b528]
[    5.168003]      scan-1133 get_device_data       : No context for object [ffff88040d83b550]
[    5.168003]      scan-1133 get_device_data       : No context for object [ffff88040d827460]
[    5.168003]     utils-0051 util_eval_error       : Evaluate [\_SB_.PCI0.EHC2._STA]: AE_NOT_FOUND
[    5.168005] device: 'device:1c': device_add
[    5.168011] bus: 'acpi': add device device:1c
[    5.168022]     utils-0051 util_eval_error       : Evaluate [\_SB_.PCI0.EHC2._SUN]: AE_NOT_FOUND
[    5.168033]      scan-1922 add_single_object     : Added device:1c [\_SB_.PCI0.EHC2] parent PNP0A08:00
[    5.168040]      scan-1133 get_device_data       : No context for object [ffff88040d827488]
[    5.168044]      scan-1133 get_device_data       : No context for object [ffff88040d8274b0]
[    5.168048]      scan-1133 get_device_data       : No context for object [ffff88040d83b1b8]
[    5.168054]     utils-0051 util_eval_error       : Evaluate [\_SB_.PCI0.EHC2.RHUB._STA]: AE_NOT_FOUND
[    5.168080] device: 'device:1d': device_add
[    5.168085] bus: 'acpi': add device device:1d
[    5.168096]     utils-0051 util_eval_error       : Evaluate [\_SB_.PCI0.EHC2.RHUB._SUN]: AE_NOT_FOUND
[    5.168106]      scan-1922 add_single_object     : Added device:1d [\_SB_.PCI0.EHC2.RHUB] parent device:1c
[    5.168113]      scan-1133 get_device_data       : No context for object [ffff88040d83b1e0]
[    5.168117]      scan-1133 get_device_data       : No context for object [ffff88040d83b208]
[    5.168123]     utils-0051 util_eval_error       : Evaluate [\_SB_.PCI0.EHC2.RHUB.PRT2._STA]: AE_NOT_FOUND
[    5.168152] device: 'device:1e': device_add
[    5.168157] bus: 'acpi': add device device:1e
[    5.168170]     utils-0051 util_eval_error       : Evaluate [\_SB_.PCI0.EHC2.RHUB.PRT2._SUN]: AE_NOT_FOUND
[    5.168180]      scan-1922 add_single_object     : Added device:1e [\_SB_.PCI0.EHC2.RHUB.PRT2] parent device:1d
[    5.168187]      scan-1133 get_device_data       : No context for object [ffff88040d83b230]
[    5.168196]      scan-1133 get_device_data       : No context for object [ffff88040d83b258]
[    5.168203]      scan-1133 get_device_data       : No context for object [ffff88040d83b280]
[    5.168211]      scan-1133 get_device_data       : No context for object [ffff88040d8274d8]
[    5.168219]     utils-0051 util_eval_error       : Evaluate [\_SB_.PCI0.OHC3._STA]: AE_NOT_FOUND
[    5.168319] device: 'device:1f': device_add
[    5.168326] bus: 'acpi': add device device:1f
[    5.168344]     utils-0051 util_eval_error       : Evaluate [\_SB_.PCI0.OHC3._SUN]: AE_NOT_FOUND
[    5.168360]      scan-1922 add_single_object     : Added device:1f [\_SB_.PCI0.OHC3] parent PNP0A08:00
[    5.168371]      scan-1133 get_device_data       : No context for object [ffff88040d827500]
[    5.168378]      scan-1133 get_device_data       : No context for object [ffff88040d827528]
[    5.168385]      scan-1133 get_device_data       : No context for object [ffff88040d83b578]
[    5.168394]     utils-0051 util_eval_error       : Evaluate [\_SB_.PCI0.OHC3.RHUB._STA]: AE_NOT_FOUND
[    5.168435] device: 'device:20': device_add
[    5.168441] bus: 'acpi': add device device:20
[    5.168460]     utils-0051 util_eval_error       : Evaluate [\_SB_.PCI0.OHC3.RHUB._SUN]: AE_NOT_FOUND
[    5.168477]      scan-1922 add_single_object     : Added device:20 [\_SB_.PCI0.OHC3.RHUB] parent device:1f
[    5.168487]      scan-1133 get_device_data       : No context for object [ffff88040d83b5a0]
[    5.168495]      scan-1133 get_device_data       : No context for object [ffff88040d827550]
[    5.168503]     utils-0051 util_eval_error       : Evaluate [\_SB_.PCI0.EHC3._STA]: AE_NOT_FOUND
[    5.168603] device: 'device:21': device_add
[    5.168610] bus: 'acpi': add device device:21
[    5.168632]     utils-0051 util_eval_error       : Evaluate [\_SB_.PCI0.EHC3._SUN]: AE_NOT_FOUND
[    5.168648]      scan-1922 add_single_object     : Added device:21 [\_SB_.PCI0.EHC3] parent PNP0A08:00
[    5.168659]      scan-1133 get_device_data       : No context for object [ffff88040d827578]
[    5.168666]      scan-1133 get_device_data       : No context for object [ffff88040d8275a0]
[    5.168674]      scan-1133 get_device_data       : No context for object [ffff88040d83b2a8]
[    5.168682]     utils-0051 util_eval_error       : Evaluate [\_SB_.PCI0.EHC3.RHUB._STA]: AE_NOT_FOUND
[    5.168723] device: 'device:22': device_add
[    5.168729] bus: 'acpi': add device device:22
[    5.168748]     utils-0051 util_eval_error       : Evaluate [\_SB_.PCI0.EHC3.RHUB._SUN]: AE_NOT_FOUND
[    5.168764]      scan-1922 add_single_object     : Added device:22 [\_SB_.PCI0.EHC3.RHUB] parent device:21
[    5.168775]      scan-1133 get_device_data       : No context for object [ffff88040d83b2d0]
[    5.168783]      scan-1133 get_device_data       : No context for object [ffff88040d8275c8]
[    5.168791]     utils-0051 util_eval_error       : Evaluate [\_SB_.PCI0.OHC4._STA]: AE_NOT_FOUND
[    5.168891] device: 'device:23': device_add
[    5.168898] bus: 'acpi': add device device:23
[    5.168917]     utils-0051 util_eval_error       : Evaluate [\_SB_.PCI0.OHC4._SUN]: AE_NOT_FOUND
[    5.169005]      scan-1922 add_single_object     : Added device:23 [\_SB_.PCI0.OHC4] parent PNP0A08:00
[    5.169005]      scan-1133 get_device_data       : No context for object [ffff88040d8275f0]
[    5.169005]      scan-1133 get_device_data       : No context for object [ffff88040d827618]
[    5.169005]      scan-1133 get_device_data       : No context for object [ffff88040d827640]
[    5.169005]     utils-0051 util_eval_error       : Evaluate [\_SB_.PCI0.SBAZ._STA]: AE_NOT_FOUND
[    5.169071] device: 'device:24': device_add
[    5.169078] bus: 'acpi': add device device:24
[    5.169099]     utils-0051 util_eval_error       : Evaluate [\_SB_.PCI0.SBAZ._SUN]: AE_NOT_FOUND
[    5.169115]      scan-1922 add_single_object     : Added device:24 [\_SB_.PCI0.SBAZ] parent PNP0A08:00
[    5.169126]      scan-1133 get_device_data       : No context for object [ffff88040d827668]
[    5.169133]      scan-1133 get_device_data       : No context for object [ffff88040d827690]
[    5.169141]      scan-1133 get_device_data       : No context for object [ffff88040d8276b8]
[    5.169149]     utils-0051 util_eval_error       : Evaluate [\_SB_.PCI0.GEC_._STA]: AE_NOT_FOUND
[    5.169264] device: 'device:25': device_add
[    5.169272] bus: 'acpi': add device device:25
[    5.169287]     utils-0051 util_eval_error       : Evaluate [\_SB_.PCI0.GEC_._SUN]: AE_NOT_FOUND
[    5.169297]      scan-1922 add_single_object     : Added device:25 [\_SB_.PCI0.GEC_] parent PNP0A08:00
[    5.169304]      scan-1133 get_device_data       : No context for object [ffff88040d8276e0]
[    5.169308]      scan-1133 get_device_data       : No context for object [ffff88040d827708]
[    5.169312]      scan-1133 get_device_data       : No context for object [ffff88040d827730]
[    5.169319]      scan-1133 get_device_data       : No context for object [ffff88040d827758]
[    5.169323]      scan-1133 get_device_data       : No context for object [ffff88040d827780]
[    5.169327]      scan-1133 get_device_data       : No context for object [ffff88040d8277a8]
[    5.169332]      scan-1133 get_device_data       : No context for object [ffff88040d8277d0]
[    5.169337]      scan-1133 get_device_data       : No context for object [ffff88040d8277f8]
[    5.169341]      scan-1133 get_device_data       : No context for object [ffff88040d827820]
[    5.169346]     utils-0051 util_eval_error       : Evaluate [\_SB_.PCI0.SATA._STA]: AE_NOT_FOUND
[    5.169375] device: 'device:26': device_add
[    5.169379] bus: 'acpi': add device device:26
[    5.169390]     utils-0051 util_eval_error       : Evaluate [\_SB_.PCI0.SATA._SUN]: AE_NOT_FOUND
[    5.169401]      scan-1922 add_single_object     : Added device:26 [\_SB_.PCI0.SATA] parent PNP0A08:00
[    5.169408]      scan-1133 get_device_data       : No context for object [ffff88040d827848]
[    5.169412]      scan-1133 get_device_data       : No context for object [ffff88040d827870]
[    5.169416]      scan-1133 get_device_data       : No context for object [ffff88040d827898]
[    5.169421]      scan-1133 get_device_data       : No context for object [ffff88040d8278c0]
[    5.169425]      scan-1133 get_device_data       : No context for object [ffff88040d8278e8]
[    5.169429]      scan-1133 get_device_data       : No context for object [ffff88040d827910]
[    5.169434]      scan-1133 get_device_data       : No context for object [ffff88040d827938]
[    5.169438]      scan-1133 get_device_data       : No context for object [ffff88040d827960]
[    5.169442]      scan-1133 get_device_data       : No context for object [ffff88040d827988]
[    5.169447]      scan-1133 get_device_data       : No context for object [ffff88040d8279b0]
[    5.169451]      scan-1133 get_device_data       : No context for object [ffff88040d8279d8]
[    5.169455]      scan-1133 get_device_data       : No context for object [ffff88040d827a00]
[    5.169464]      scan-1133 get_device_data       : No context for object [ffff88040d827a28]
[    5.169471]      scan-1133 get_device_data       : No context for object [ffff88040d827a50]
[    5.169477]      scan-1133 get_device_data       : No context for object [ffff88040d827a78]
[    5.169484]      scan-1133 get_device_data       : No context for object [ffff88040d827aa0]
[    5.169491]      scan-1133 get_device_data       : No context for object [ffff88040d827ac8]
[    5.169498]      scan-1133 get_device_data       : No context for object [ffff88040d827af0]
[    5.169505]      scan-1133 get_device_data       : No context for object [ffff88040d827b18]
[    5.169512]      scan-1133 get_device_data       : No context for object [ffff88040d827b40]
[    5.169518]      scan-1133 get_device_data       : No context for object [ffff88040d827b68]
[    5.169525]      scan-1133 get_device_data       : No context for object [ffff88040d827b90]
[    5.169532]      scan-1133 get_device_data       : No context for object [ffff88040d827bb8]
[    5.169539]      scan-1133 get_device_data       : No context for object [ffff88040d827be0]
[    5.169546]      scan-1133 get_device_data       : No context for object [ffff88040d827c08]
[    5.169552]      scan-1133 get_device_data       : No context for object [ffff88040d827c30]
[    5.169559]      scan-1133 get_device_data       : No context for object [ffff88040d827c58]
[    5.169566]      scan-1133 get_device_data       : No context for object [ffff88040d827c80]
[    5.169573]      scan-1133 get_device_data       : No context for object [ffff88040d827ca8]
[    5.169580]      scan-1133 get_device_data       : No context for object [ffff88040d827cd0]
[    5.169587]      scan-1133 get_device_data       : No context for object [ffff88040d827cf8]
[    5.169593]      scan-1133 get_device_data       : No context for object [ffff88040d827d20]
[    5.169600]      scan-1133 get_device_data       : No context for object [ffff88040d827d48]
[    5.169607]      scan-1133 get_device_data       : No context for object [ffff88040d827d70]
[    5.169614]      scan-1133 get_device_data       : No context for object [ffff88040d827d98]
[    5.169621]      scan-1133 get_device_data       : No context for object [ffff88040d827dc0]
[    5.169627]      scan-1133 get_device_data       : No context for object [ffff88040d827de8]
[    5.169634]      scan-1133 get_device_data       : No context for object [ffff88040d827e10]
[    5.169641]      scan-1133 get_device_data       : No context for object [ffff88040d827e38]
[    5.169648]      scan-1133 get_device_data       : No context for object [ffff88040d827e60]
[    5.169655]      scan-1133 get_device_data       : No context for object [ffff88040d827e88]
[    5.169661]      scan-1133 get_device_data       : No context for object [ffff88040d827eb0]
[    5.169668]      scan-1133 get_device_data       : No context for object [ffff88040d827ed8]
[    5.169675]      scan-1133 get_device_data       : No context for object [ffff88040d827f00]
[    5.169682]      scan-1133 get_device_data       : No context for object [ffff88040d827f28]
